c[?7l[2J[0mSeaBIOS (version rel-1.14.0-0-g155821a1990b-prebuilt.qemu.org)


iPXE (http://ipxe.org) 00:03.0 CA00 PCI2.10 PnP PMM+7FF8F030+7FEEF030 CA00
Press Ctrl-B to configure iPXE (PCI 00:03.0)...                                                                               


Booting from ROM...
c[?7l[2J[    0.000000] Linux version 6.2.0-rc1-1b929c02afd3 (root@p-mtlp02) (gcc (GCC) 8.5.0 20210514 (Red Hat 8.5.0-17), GNU ld version 2.36.1-2.el8) #1 SMP PREEMPT_DYNAMIC Tue Dec 27 11:02:46 CST 2022
[    0.000000] Command line: console=ttyS0 root=/dev/sda earlyprintk=serial net.ifnames=0
[    0.000000] KERNEL supported cpus:
[    0.000000]   Intel GenuineIntel
[    0.000000]   AMD AuthenticAMD
[    0.000000]   Hygon HygonGenuine
[    0.000000]   Centaur CentaurHauls
[    0.000000]   zhaoxin   Shanghai  
[    0.000000] x86/split lock detection: #DB: warning on user-space bus_locks
[    0.000000] x86/fpu: Supporting XSAVE feature 0x001: 'x87 floating point registers'
[    0.000000] x86/fpu: Supporting XSAVE feature 0x002: 'SSE registers'
[    0.000000] x86/fpu: Supporting XSAVE feature 0x004: 'AVX registers'
[    0.000000] x86/fpu: Supporting XSAVE feature 0x200: 'Protection Keys User registers'
[    0.000000] x86/fpu: xstate_offset[2]:  576, xstate_sizes[2]:  256
[    0.000000] x86/fpu: xstate_offset[9]:  832, xstate_sizes[9]:    8
[    0.000000] x86/fpu: Enabled xstate features 0x207, context size is 840 bytes, using 'compacted' format.
[    0.000000] signal: max sigframe size: 3632
[    0.000000] BIOS-provided physical RAM map:
[    0.000000] BIOS-e820: [mem 0x0000000000000000-0x000000000009fbff] usable
[    0.000000] BIOS-e820: [mem 0x000000000009fc00-0x000000000009ffff] reserved
[    0.000000] BIOS-e820: [mem 0x00000000000f0000-0x00000000000fffff] reserved
[    0.000000] BIOS-e820: [mem 0x0000000000100000-0x000000007ffdffff] usable
[    0.000000] BIOS-e820: [mem 0x000000007ffe0000-0x000000007fffffff] reserved
[    0.000000] BIOS-e820: [mem 0x00000000feffc000-0x00000000feffffff] reserved
[    0.000000] BIOS-e820: [mem 0x00000000fffc0000-0x00000000ffffffff] reserved
[    0.000000] printk: bootconsole [earlyser0] enabled
[    0.000000] NX (Execute Disable) protection: active
[    0.000000] SMBIOS 2.8 present.
[    0.000000] DMI: QEMU Standard PC (i440FX + PIIX, 1996), BIOS rel-1.14.0-0-g155821a1990b-prebuilt.qemu.org 04/01/2014
[    0.000000] Hypervisor detected: KVM
[    0.000000] kvm-clock: Using msrs 4b564d01 and 4b564d00
[    0.000007] kvm-clock: using sched offset of 1340380950 cycles
[    0.001168] clocksource: kvm-clock: mask: 0xffffffffffffffff max_cycles: 0x1cd42e4dffb, max_idle_ns: 881590591483 ns
[    0.005794] tsc: Detected 1190.400 MHz processor
[    0.016879] last_pfn = 0x7ffe0 max_arch_pfn = 0x400000000
[    0.017844] x86/PAT: Configuration [0-7]: WB  WC  UC- UC  WB  WP  UC- WT  
[    0.029090] found SMP MP-table at [mem 0x000f5a90-0x000f5a9f]
[    0.030064] Using GB pages for direct mapping
[    0.032500] ACPI: Early table checksum verification disabled
[    0.033281] ACPI: RSDP 0x00000000000F5870 000014 (v00 BOCHS )
[    0.034055] ACPI: RSDT 0x000000007FFE1959 000034 (v01 BOCHS  BXPC     00000001 BXPC 00000001)
[    0.035263] ACPI: FACP 0x000000007FFE1805 000074 (v01 BOCHS  BXPC     00000001 BXPC 00000001)
[    0.036518] ACPI: DSDT 0x000000007FFE0040 0017C5 (v01 BOCHS  BXPC     00000001 BXPC 00000001)
[    0.037659] ACPI: FACS 0x000000007FFE0000 000040
[    0.038304] ACPI: APIC 0x000000007FFE1879 000080 (v01 BOCHS  BXPC     00000001 BXPC 00000001)
[    0.039479] ACPI: HPET 0x000000007FFE18F9 000038 (v01 BOCHS  BXPC     00000001 BXPC 00000001)
[    0.040673] ACPI: WAET 0x000000007FFE1931 000028 (v01 BOCHS  BXPC     00000001 BXPC 00000001)
[    0.041857] ACPI: Reserving FACP table memory at [mem 0x7ffe1805-0x7ffe1878]
[    0.042793] ACPI: Reserving DSDT table memory at [mem 0x7ffe0040-0x7ffe1804]
[    0.043744] ACPI: Reserving FACS table memory at [mem 0x7ffe0000-0x7ffe003f]
[    0.044663] ACPI: Reserving APIC table memory at [mem 0x7ffe1879-0x7ffe18f8]
[    0.045611] ACPI: Reserving HPET table memory at [mem 0x7ffe18f9-0x7ffe1930]
[    0.046642] ACPI: Reserving WAET table memory at [mem 0x7ffe1931-0x7ffe1958]
[    0.048724] No NUMA configuration found
[    0.049219] Faking a node at [mem 0x0000000000000000-0x000000007ffdffff]
[    0.050160] NODE_DATA(0) allocated [mem 0x7ffb5000-0x7ffdffff]
[    0.055036] Zone ranges:
[    0.055382]   DMA      [mem 0x0000000000001000-0x0000000000ffffff]
[    0.056305]   DMA32    [mem 0x0000000001000000-0x000000007ffdffff]
[    0.057125]   Normal   empty
[    0.057508]   Device   empty
[    0.057934] Movable zone start for each node
[    0.058489] Early memory node ranges
[    0.058981]   node   0: [mem 0x0000000000001000-0x000000000009efff]
[    0.059811]   node   0: [mem 0x0000000000100000-0x000000007ffdffff]
[    0.060664] Initmem setup node 0 [mem 0x0000000000001000-0x000000007ffdffff]
[    0.062436] On node 0, zone DMA: 1 pages in unavailable ranges
[    0.062655] On node 0, zone DMA: 97 pages in unavailable ranges
[    0.126372] On node 0, zone DMA32: 32 pages in unavailable ranges
[    0.127831] ACPI: PM-Timer IO Port: 0x608
[    0.129574] ACPI: LAPIC_NMI (acpi_id[0xff] dfl dfl lint[0x1])
[    0.130903] IOAPIC[0]: apic_id 0, version 17, address 0xfec00000, GSI 0-23
[    0.132295] ACPI: INT_SRC_OVR (bus 0 bus_irq 0 global_irq 2 dfl dfl)
[    0.133239] ACPI: INT_SRC_OVR (bus 0 bus_irq 5 global_irq 5 high level)
[    0.134282] ACPI: INT_SRC_OVR (bus 0 bus_irq 9 global_irq 9 high level)
[    0.135287] ACPI: INT_SRC_OVR (bus 0 bus_irq 10 global_irq 10 high level)
[    0.136263] ACPI: INT_SRC_OVR (bus 0 bus_irq 11 global_irq 11 high level)
[    0.137296] ACPI: Using ACPI (MADT) for SMP configuration information
[    0.138221] ACPI: HPET id: 0x8086a201 base: 0xfed00000
[    0.139020] TSC deadline timer available
[    0.139666] smpboot: Allowing 2 CPUs, 0 hotplug CPUs
[    0.140531] kvm-guest: KVM setup pv remote TLB flush
[    0.141241] kvm-guest: setup PV sched yield
[    0.141949] PM: hibernation: Registered nosave memory: [mem 0x00000000-0x00000fff]
[    0.143030] PM: hibernation: Registered nosave memory: [mem 0x0009f000-0x0009ffff]
[    0.144113] PM: hibernation: Registered nosave memory: [mem 0x000a0000-0x000effff]
[    0.145159] PM: hibernation: Registered nosave memory: [mem 0x000f0000-0x000fffff]
[    0.146210] [mem 0x80000000-0xfeffbfff] available for PCI devices
[    0.147062] Booting paravirtualized kernel on KVM
[    0.147787] clocksource: refined-jiffies: mask: 0xffffffff max_cycles: 0xffffffff, max_idle_ns: 7645519600211568 ns
[    0.149248] setup_percpu: NR_CPUS:8192 nr_cpumask_bits:2 nr_cpu_ids:2 nr_node_ids:1
[    0.152800] percpu: Embedded 64 pages/cpu s225280 r8192 d28672 u1048576
[    0.154131] kvm-guest: PV spinlocks enabled
[    0.154749] PV qspinlock hash table entries: 256 (order: 0, 4096 bytes, linear)
[    0.155979] Fallback order for Node 0: 0 
[    0.156594] Built 1 zonelists, mobility grouping on.  Total pages: 515808
[    0.157637] Policy zone: DMA32
[    0.158088] Kernel command line: net.ifnames=0 console=ttyS0 root=/dev/sda earlyprintk=serial net.ifnames=0
[    0.160285] random: crng init done
[    0.162923] Dentry cache hash table entries: 262144 (order: 9, 2097152 bytes, linear)
[    0.164959] Inode-cache hash table entries: 131072 (order: 8, 1048576 bytes, linear)
[    0.166252] mem auto-init: stack:off, heap alloc:off, heap free:off
[    0.171462] Memory: 1979232K/2096632K available (34816K kernel code, 4628K rwdata, 9996K rodata, 10168K init, 19784K bss, 117144K reserved, 0K cma-reserved)
[    0.174029] SLUB: HWalign=64, Order=0-3, MinObjects=0, CPUs=2, Nodes=1
[    0.174936] kmemleak: Kernel memory leak detector disabled
[    0.175848] ftrace: allocating 68222 entries in 267 pages
[    0.217691] ftrace: allocated 267 pages with 4 groups
[    0.222940] Dynamic Preempt: voluntary
[    0.223630] Running RCU self tests
[    0.224098] rcu: Preemptible hierarchical RCU implementation.
[    0.224804] rcu: 	RCU lockdep checking is enabled.
[    0.225412] rcu: 	RCU restricting CPUs from NR_CPUS=8192 to nr_cpu_ids=2.
[    0.226260] 	Trampoline variant of Tasks RCU enabled.
[    0.226890] 	Rude variant of Tasks RCU enabled.
[    0.227519] 	Tracing variant of Tasks RCU enabled.
[    0.228189] rcu: RCU calculated value of scheduler-enlistment delay is 25 jiffies.
[    0.229161] rcu: Adjusting geometry for rcu_fanout_leaf=16, nr_cpu_ids=2
[    0.265310] NR_IRQS: 524544, nr_irqs: 440, preallocated irqs: 16
[    0.266480] rcu: srcu_init: Setting srcu_struct sizes based on contention.
[    0.277161] Console: colour VGA+ 80x25
[    0.277700] printk: console [ttyS0] enabled
[    0.277700] printk: console [ttyS0] enabled
[    0.278764] printk: bootconsole [earlyser0] disabled
[    0.278764] printk: bootconsole [earlyser0] disabled
[    0.280138] Lock dependency validator: Copyright (c) 2006 Red Hat, Inc., Ingo Molnar
[    0.281128] ... MAX_LOCKDEP_SUBCLASSES:  8
[    0.281718] ... MAX_LOCK_DEPTH:          48
[    0.282281] ... MAX_LOCKDEP_KEYS:        8192
[    0.282853] ... CLASSHASH_SIZE:          4096
[    0.283649] ... MAX_LOCKDEP_ENTRIES:     32768
[    0.284369] ... MAX_LOCKDEP_CHAINS:      65536
[    0.284989] ... CHAINHASH_SIZE:          32768
[    0.285542]  memory used by lock dependency info: 6365 kB
[    0.286332]  memory used for stack traces: 4224 kB
[    0.287038]  per task-struct memory footprint: 1920 bytes
[    0.287831] ACPI: Core revision 20221020
[    0.288662] clocksource: hpet: mask: 0xffffffff max_cycles: 0xffffffff, max_idle_ns: 19112604467 ns
[    0.290110] APIC: Switch to symmetric I/O mode setup
[    0.290986] x2apic enabled
[    0.291609] Switched APIC routing to physical x2apic.
[    0.292262] kvm-guest: setup PV IPIs
[    0.294032] ..TIMER: vector=0x30 apic1=0 pin1=2 apic2=-1 pin2=-1
[    0.294832] clocksource: tsc-early: mask: 0xffffffffffffffff max_cycles: 0x1128af0325d, max_idle_ns: 440795261011 ns
[    0.296464] Calibrating delay loop (skipped) preset value.. 2380.80 BogoMIPS (lpj=4761600)
[    0.297624] pid_max: default: 32768 minimum: 301
[    0.300574] LSM: initializing lsm=capability,yama,integrity
[    0.301468] Yama: becoming mindful.
[    0.302275] Mount-cache hash table entries: 4096 (order: 3, 32768 bytes, linear)
[    0.303349] Mountpoint-cache hash table entries: 4096 (order: 3, 32768 bytes, linear)
[    0.305978] CPU0: Thermal monitoring enabled (TM1)
[    0.308545] x86/cpu: User Mode Instruction Prevention (UMIP) activated
[    0.310484] Last level iTLB entries: 4KB 0, 2MB 0, 4MB 0
[    0.311549] Last level dTLB entries: 4KB 0, 2MB 0, 4MB 0, 1GB 0
[    0.312540] Spectre V1 : Mitigation: usercopy/swapgs barriers and __user pointer sanitization
[    0.313864] Spectre V2 : WARNING: Unprivileged eBPF is enabled with eIBRS on, data leaks possible via Spectre v2 BHB attacks!
[    0.315659] Spectre V2 : Mitigation: Enhanced IBRS
[    0.316443] Spectre V2 : Spectre v2 / SpectreRSB mitigation: Filling RSB on context switch
[    0.317786] Spectre V2 : Spectre v2 / PBRSB-eIBRS: Retire a single CALL on VMEXIT
[    0.318884] Spectre V2 : mitigation: Enabling conditional Indirect Branch Prediction Barrier
[    0.320444] Speculative Store Bypass: Mitigation: Speculative Store Bypass disabled via prctl
[    0.321763] MMIO Stale Data: Unknown: No mitigations
[    0.469447] Freeing SMP alternatives memory: 56K
[    0.470727] smpboot: CPU0: Genuine Intel(R) 0000 (family: 0x6, model: 0xaa, stepping: 0x1)
[    0.472439] cblist_init_generic: Setting adjustable number of callback queues.
[    0.472439] cblist_init_generic: Setting shift to 1 and lim to 1.
[    0.472439] cblist_init_generic: Setting shift to 1 and lim to 1.
[    0.472521] cblist_init_generic: Setting shift to 1 and lim to 1.
[    0.473340] Running RCU-tasks wait API self tests
[    0.576702] Performance Events: generic architected perfmon, full-width counters, Intel PMU driver.
[    0.578152] ... version:                2
[    0.578764] ... bit width:              48
[    0.579476] ... generic registers:      8
[    0.580067] ... value mask:             0000ffffffffffff
[    0.580449] ... max period:             00007fffffffffff
[    0.581103] ... fixed-purpose events:   3
[    0.581647] ... event mask:             00000007000000ff
[    0.583009] rcu: Hierarchical SRCU implementation.
[    0.584220] rcu: 	Max phase no-delay instances is 1000.
[    0.586946] smp: Bringing up secondary CPUs ...
[    0.588236] x86: Booting SMP configuration:
[    0.588469] .... node  #0, CPUs:      #1
[    0.029060] smpboot: CPU 1 Converting physical 0 to logical die 1
[    0.592727] smp: Brought up 1 node, 2 CPUs
[    0.593346] smpboot: Max logical packages: 2
[    0.593918] smpboot: Total of 2 processors activated (4761.60 BogoMIPS)
[    0.600462] Callback from call_rcu_tasks_trace() invoked.
[    0.601254] devtmpfs: initialized
[    0.602075] x86/mm: Memory block size: 128MB
[    0.605540] clocksource: jiffies: mask: 0xffffffff max_cycles: 0xffffffff, max_idle_ns: 7645041785100000 ns
[    0.606377] futex hash table entries: 512 (order: 4, 65536 bytes, linear)
[    0.608825] pinctrl core: initialized pinctrl subsystem
[    0.610222] 
[    0.610433] *************************************************************
[    0.611297] **     NOTICE NOTICE NOTICE NOTICE NOTICE NOTICE NOTICE    **
[    0.612145] **                                                         **
[    0.612448] **  IOMMU DebugFS SUPPORT HAS BEEN ENABLED IN THIS KERNEL  **
[    0.613300] **                                                         **
[    0.614293] ** This means that this kernel is built to expose internal **
[    0.615147] ** IOMMU data structures, which may compromise security on **
[    0.615990] ** your system.                                            **
[    0.616448] **                                                         **
[    0.617337] ** If you see this message and you are not debugging the   **
[    0.618278] ** kernel, report this immediately to your vendor!         **
[    0.619135] **                                                         **
[    0.619985] **     NOTICE NOTICE NOTICE NOTICE NOTICE NOTICE NOTICE    **
[    0.620446] *************************************************************
[    0.621489] PM: RTC time: 03:44:19, date: 2022-12-29
[    0.626968] NET: Registered PF_NETLINK/PF_ROUTE protocol family
[    0.628678] DMA: preallocated 256 KiB GFP_KERNEL pool for atomic allocations
[    0.629597] DMA: preallocated 256 KiB GFP_KERNEL|GFP_DMA pool for atomic allocations
[    0.630592] DMA: preallocated 256 KiB GFP_KERNEL|GFP_DMA32 pool for atomic allocations
[    0.631665] audit: initializing netlink subsys (disabled)
[    0.632490] audit: type=2000 audit(1672285460.099:1): state=initialized audit_enabled=0 res=1
[    0.633604] thermal_sys: Registered thermal governor 'fair_share'
[    0.634593] thermal_sys: Registered thermal governor 'bang_bang'
[    0.635649] thermal_sys: Registered thermal governor 'step_wise'
[    0.636456] thermal_sys: Registered thermal governor 'user_space'
[    0.637524] cpuidle: using governor ladder
[    0.639312] cpuidle: using governor menu
[    0.640453] acpiphp: ACPI Hot Plug PCI Controller Driver version: 0.5
[    0.641749] PCI: Using configuration type 1 for base access
[    0.643611] kprobes: kprobe jump-optimization is enabled. All kprobes are optimized if possible.
[    0.989427] HugeTLB: registered 1.00 GiB page size, pre-allocated 0 pages
[    0.990913] HugeTLB: 16380 KiB vmemmap can be freed for a 1.00 GiB page
[    0.991996] HugeTLB: registered 2.00 MiB page size, pre-allocated 0 pages
[    0.992453] HugeTLB: 28 KiB vmemmap can be freed for a 2.00 MiB page
[    0.998713] ACPI: Added _OSI(Module Device)
[    0.999303] ACPI: Added _OSI(Processor Device)
[    0.999863] ACPI: Added _OSI(3.0 _SCP Extensions)
[    1.000450] ACPI: Added _OSI(Processor Aggregator Device)
[    1.007835] ACPI: 1 ACPI AML tables successfully acquired and loaded
[    1.014553] ACPI: Interpreter enabled
[    1.015268] ACPI: PM: (supports S0 S3 S4 S5)
[    1.015939] ACPI: Using IOAPIC for interrupt routing
[    1.016557] PCI: Using host bridge windows from ACPI; if necessary, use "pci=nocrs" and report a bug
[    1.018212] PCI: Using E820 reservations for host bridge windows
[    1.020351] ACPI: Enabled 2 GPEs in block 00 to 0F
[    1.040840] ACPI: PCI Root Bridge [PCI0] (domain 0000 [bus 00-ff])
[    1.041751] acpi PNP0A03:00: _OSC: OS supports [ASPM ClockPM Segments MSI EDR HPX-Type3]
[    1.042885] acpi PNP0A03:00: _OSC: not requesting OS control; OS requires [ExtendedConfig ASPM ClockPM MSI]
[    1.044536] acpi PNP0A03:00: fail to add MMCONFIG information, can't access extended configuration space under this bridge
[    1.048881] acpiphp: Slot [3] registered
[    1.049520] acpiphp: Slot [4] registered
[    1.050177] acpiphp: Slot [5] registered
[    1.050816] acpiphp: Slot [6] registered
[    1.051455] acpiphp: Slot [7] registered
[    1.052132] acpiphp: Slot [8] registered
[    1.052523] acpiphp: Slot [9] registered
[    1.053135] acpiphp: Slot [10] registered
[    1.053770] acpiphp: Slot [11] registered
[    1.054465] acpiphp: Slot [12] registered
[    1.055284] acpiphp: Slot [13] registered
[    1.055981] acpiphp: Slot [14] registered
[    1.056521] acpiphp: Slot [15] registered
[    1.057164] acpiphp: Slot [16] registered
[    1.057809] acpiphp: Slot [17] registered
[    1.058451] acpiphp: Slot [18] registered
[    1.059081] acpiphp: Slot [19] registered
[    1.059807] acpiphp: Slot [20] registered
[    1.060461] acpiphp: Slot [21] registered
[    1.061372] acpiphp: Slot [22] registered
[    1.061993] acpiphp: Slot [23] registered
[    1.062614] acpiphp: Slot [24] registered
[    1.063238] acpiphp: Slot [25] registered
[    1.063885] acpiphp: Slot [26] registered
[    1.064527] acpiphp: Slot [27] registered
[    1.065166] acpiphp: Slot [28] registered
[    1.065847] acpiphp: Slot [29] registered
[    1.066522] acpiphp: Slot [30] registered
[    1.067153] acpiphp: Slot [31] registered
[    1.067840] PCI host bridge to bus 0000:00
[    1.068451] pci_bus 0000:00: root bus resource [io  0x0000-0x0cf7 window]
[    1.069392] pci_bus 0000:00: root bus resource [io  0x0d00-0xffff window]
[    1.070319] pci_bus 0000:00: root bus resource [mem 0x000a0000-0x000bffff window]
[    1.071512] pci_bus 0000:00: root bus resource [mem 0x80000000-0xfebfffff window]
[    1.072446] pci_bus 0000:00: root bus resource [mem 0x100000000-0x17fffffff window]
[    1.073542] pci_bus 0000:00: root bus resource [bus 00-ff]
[    1.074476] pci 0000:00:00.0: [8086:1237] type 00 class 0x060000
[    1.078981] pci 0000:00:01.0: [8086:7000] type 00 class 0x060100
[    1.080768] pci 0000:00:01.1: [8086:7010] type 00 class 0x010180
[    1.083351] pci 0000:00:01.1: reg 0x20: [io  0xc040-0xc04f]
[    1.084839] pci 0000:00:01.1: legacy IDE quirk: reg 0x10: [io  0x01f0-0x01f7]
[    1.085824] pci 0000:00:01.1: legacy IDE quirk: reg 0x14: [io  0x03f6]
[    1.086716] pci 0000:00:01.1: legacy IDE quirk: reg 0x18: [io  0x0170-0x0177]
[    1.087790] pci 0000:00:01.1: legacy IDE quirk: reg 0x1c: [io  0x0376]
[    1.088876] pci 0000:00:01.3: [8086:7113] type 00 class 0x068000
[    1.090176] pci 0000:00:01.3: quirk: [io  0x0600-0x063f] claimed by PIIX4 ACPI
[    1.091177] pci 0000:00:01.3: quirk: [io  0x0700-0x070f] claimed by PIIX4 SMB
[    1.092850] pci 0000:00:02.0: [1234:1111] type 00 class 0x030000
[    1.096976] pci 0000:00:02.0: reg 0x10: [mem 0xfd000000-0xfdffffff pref]
[    1.101100] pci 0000:00:02.0: reg 0x18: [mem 0xfebf0000-0xfebf0fff]
[    1.110428] pci 0000:00:02.0: reg 0x30: [mem 0xfebe0000-0xfebeffff pref]
[    1.112914] pci 0000:00:02.0: Video device with shadowed ROM at [mem 0x000c0000-0x000dffff]
[    1.120912] pci 0000:00:03.0: [8086:100e] type 00 class 0x020000
[    1.124112] pci 0000:00:03.0: reg 0x10: [mem 0xfebc0000-0xfebdffff]
[    1.125425] pci 0000:00:03.0: reg 0x14: [io  0xc000-0xc03f]
[    1.131982] pci 0000:00:03.0: reg 0x30: [mem 0xfeb80000-0xfebbffff pref]
[    1.159859] ACPI: PCI: Interrupt link LNKA configured for IRQ 10
[    1.161229] ACPI: PCI: Interrupt link LNKB configured for IRQ 10
[    1.163332] ACPI: PCI: Interrupt link LNKC configured for IRQ 11
[    1.165065] ACPI: PCI: Interrupt link LNKD configured for IRQ 11
[    1.166951] ACPI: PCI: Interrupt link LNKS configured for IRQ 9
[    1.171675] iommu: Default domain type: Translated 
[    1.172465] iommu: DMA domain TLB invalidation policy: lazy mode 
[    1.176421] SCSI subsystem initialized
[    1.177183] ACPI: bus type USB registered
[    1.178362] usbcore: registered new interface driver usbfs
[    1.179815] usbcore: registered new interface driver hub
[    1.180547] usbcore: registered new device driver usb
[    1.182056] pps_core: LinuxPPS API ver. 1 registered
[    1.183275] pps_core: Software ver. 5.3.6 - Copyright 2005-2007 Rodolfo Giometti <giometti@linux.it>
[    1.184492] PTP clock support registered
[    1.185935] EDAC MC: Ver: 3.0.0
[    1.190746] NetLabel: Initializing
[    1.192035] NetLabel:  domain hash size = 128
[    1.192491] NetLabel:  protocols = UNLABELED CIPSOv4 CALIPSO
[    1.193921] NetLabel:  unlabeled traffic allowed by default
[    1.229104] PCI: Using ACPI for IRQ routing
[    1.230390] pci 0000:00:02.0: vgaarb: setting as boot VGA device
[    1.231617] pci 0000:00:02.0: vgaarb: bridge control possible
[    1.232439] pci 0000:00:02.0: vgaarb: VGA device added: decodes=io+mem,owns=io+mem,locks=none
[    1.232453] vgaarb: loaded
[    1.233872] hpet0: at MMIO 0xfed00000, IRQs 2, 8, 0
[    1.234950] hpet0: 3 comparators, 64-bit 100.000000 MHz counter
[    3.963586] clocksource: Switched to clocksource kvm-clock
[    3.964439] Callback from call_rcu_tasks_rude() invoked.
[    3.964439] VFS: Disk quotas dquot_6.6.0
[    3.965192] VFS: Dquot-cache hash table entries: 512 (order 0, 4096 bytes)
[    3.966473] pnp: PnP ACPI init
[    3.969210] pnp: PnP ACPI: found 6 devices
[    3.984786] clocksource: acpi_pm: mask: 0xffffff max_cycles: 0xffffff, max_idle_ns: 2085701024 ns
[    3.986513] NET: Registered PF_INET protocol family
[    3.987901] IP idents hash table entries: 32768 (order: 6, 262144 bytes, linear)
[    3.990360] tcp_listen_portaddr_hash hash table entries: 1024 (order: 4, 73728 bytes, linear)
[    3.992128] Table-perturb hash table entries: 65536 (order: 6, 262144 bytes, linear)
[    3.994114] TCP established hash table entries: 16384 (order: 5, 131072 bytes, linear)
[    3.995761] TCP bind hash table entries: 16384 (order: 9, 2359296 bytes, linear)
[    4.001516] TCP: Hash tables configured (established 16384 bind 16384)
[    4.003344] UDP hash table entries: 1024 (order: 5, 163840 bytes, linear)
[    4.004804] UDP-Lite hash table entries: 1024 (order: 5, 163840 bytes, linear)
[    4.006292] NET: Registered PF_UNIX/PF_LOCAL protocol family
[    4.008143] RPC: Registered named UNIX socket transport module.
[    4.008959] RPC: Registered udp transport module.
[    4.009559] RPC: Registered tcp transport module.
[    4.010143] RPC: Registered tcp NFSv4.1 backchannel transport module.
[    4.010992] pci_bus 0000:00: resource 4 [io  0x0000-0x0cf7 window]
[    4.011797] pci_bus 0000:00: resource 5 [io  0x0d00-0xffff window]
[    4.012601] pci_bus 0000:00: resource 6 [mem 0x000a0000-0x000bffff window]
[    4.013483] pci_bus 0000:00: resource 7 [mem 0x80000000-0xfebfffff window]
[    4.014440] pci_bus 0000:00: resource 8 [mem 0x100000000-0x17fffffff window]
[    4.015713] pci 0000:00:01.0: PIIX3: Enabling Passive Release
[    4.016521] pci 0000:00:00.0: Limiting direct PCI/PCI transfers
[    4.017476] PCI: CLS 0 bytes, default 64
[    4.018497] ACPI: bus type thunderbolt registered
[    4.019639] clocksource: tsc: mask: 0xffffffffffffffff max_cycles: 0x1128af0325d, max_idle_ns: 440795261011 ns
[    4.076686] Callback from call_rcu_tasks() invoked.
[    4.176714] Initialise system trusted keyrings
[    4.177768] Key type blacklist registered
[    4.179057] workingset: timestamp_bits=36 max_order=19 bucket_order=0
[    4.180676] zbud: loaded
[    4.182598] squashfs: version 4.0 (2009/01/31) Phillip Lougher
[    4.186187] NFS: Registering the id_resolver key type
[    4.187748] Key type id_resolver registered
[    4.189193] Key type id_legacy registered
[    4.190451] nfs4filelayout_init: NFSv4 File Layout Driver Registering...
[    4.192580] nfs4flexfilelayout_init: NFSv4 Flexfile Layout Driver Registering...
[    4.195225] fuse: init (API version 7.38)
[    4.197200] SGI XFS with ACLs, security attributes, realtime, quota, no debug enabled
[    4.201410] 9p: Installing v9fs 9p2000 file system support
[    4.217726] Key type asymmetric registered
[    4.218844] Asymmetric key parser 'x509' registered
[    4.220264] Block layer SCSI generic (bsg) driver version 0.4 loaded (major 243)
[    4.222697] io scheduler mq-deadline registered
[    4.223917] io scheduler bfq registered
[    4.225652] shpchp: Standard Hot Plug PCI Controller Driver version: 0.4
[    4.227798] IPMI message handler: version 39.2
[    4.228925] ipmi device interface
[    4.232522] input: Power Button as /devices/LNXSYSTM:00/LNXPWRBN:00/input/input0
[    4.234772] ACPI: button: Power Button [PWRF]
[    4.237779] ERST DBG: ERST support is disabled.
[    4.240150] Serial: 8250/16550 driver, 32 ports, IRQ sharing enabled
[    4.243144] 00:04: ttyS0 at I/O 0x3f8 (irq = 4, base_baud = 115200) is a 16550A
[    4.261415] Linux agpgart interface v0.103
[    4.264525] ACPI: bus type drm_connector registered
[    4.289894] brd: module loaded
[    4.302092] loop: module loaded
[    4.309371] scsi host0: ata_piix
[    4.310760] scsi host1: ata_piix
[    4.311628] ata1: PATA max MWDMA2 cmd 0x1f0 ctl 0x3f6 bmdma 0xc040 irq 14
[    4.313142] ata2: PATA max MWDMA2 cmd 0x170 ctl 0x376 bmdma 0xc048 irq 15
[    4.316384] tun: Universal TUN/TAP device driver, 1.6
[    4.317329] e100: Intel(R) PRO/100 Network Driver
[    4.317919] e100: Copyright(c) 1999-2006 Intel Corporation
[    4.318712] e1000: Intel(R) PRO/1000 Network Driver
[    4.319350] e1000: Copyright (c) 1999-2006 Intel Corporation.
[    4.472631] ata2: found unknown device (class 0)
[    4.473849] ata1: found unknown device (class 0)
[    4.475571] ata2.00: ATAPI: QEMU DVD-ROM, 2.5+, max UDMA/100
[    4.476727] ata1.00: ATA-7: QEMU HARDDISK, 2.5+, max UDMA/100
[    4.477812] ata1.00: 16777216 sectors, multi 16: LBA48 
[    4.480263] scsi 0:0:0:0: Direct-Access     ATA      QEMU HARDDISK    2.5+ PQ: 0 ANSI: 5
[    4.482836] sd 0:0:0:0: [sda] 16777216 512-byte logical blocks: (8.59 GB/8.00 GiB)
[    4.484033] sd 0:0:0:0: [sda] Write Protect is off
[    4.484719] sd 0:0:0:0: [sda] Write cache: enabled, read cache: enabled, doesn't support DPO or FUA
[    4.485917] sd 0:0:0:0: [sda] Preferred minimum I/O size 512 bytes
[    4.490910] sd 0:0:0:0: Attached scsi generic sg0 type 0
[    4.493057] scsi 1:0:0:0: CD-ROM            QEMU     QEMU DVD-ROM     2.5+ PQ: 0 ANSI: 5
[    4.508177] sd 0:0:0:0: [sda] Attached SCSI disk
[    4.521574] sd 1:0:0:0: Attached scsi generic sg1 type 5
[    4.526169] ACPI: \_SB_.LNKC: Enabled at IRQ 11
[    4.874173] e1000 0000:00:03.0 eth0: (PCI:33MHz:32-bit) 52:54:00:12:34:56
[    4.875513] e1000 0000:00:03.0 eth0: Intel(R) PRO/1000 Network Connection
[    4.876911] e1000e: Intel(R) PRO/1000 Network Driver
[    4.877798] e1000e: Copyright(c) 1999 - 2015 Intel Corporation.
[    4.879114] igb: Intel(R) Gigabit Ethernet Network Driver
[    4.880219] igb: Copyright (c) 2007-2014 Intel Corporation.
[    4.881540] PPP generic driver version 2.4.2
[    4.883640] VFIO - User Level meta-driver version: 0.3
[    4.885268] usbcore: registered new interface driver uas
[    4.886208] usbcore: registered new interface driver usb-storage
[    4.887527] i8042: PNP: PS/2 Controller [PNP0303:KBD,PNP0f13:MOU] at 0x60,0x64 irq 1,12
[    4.889973] serio: i8042 KBD port at 0x60,0x64 irq 1
[    4.890975] serio: i8042 AUX port at 0x60,0x64 irq 12
[    4.892756] mousedev: PS/2 mouse device common for all mice
[    4.894849] input: AT Translated Set 2 keyboard as /devices/platform/i8042/serio0/input/input1
[    4.897000] rtc_cmos 00:05: RTC can wake from S4
[    4.899749] input: VirtualPS/2 VMware VMMouse as /devices/platform/i8042/serio1/input/input4
[    4.900264] rtc_cmos 00:05: registered as rtc0
[    4.903341] rtc_cmos 00:05: setting system clock to 2022-12-29T03:44:24 UTC (1672285464)
[    4.906276] rtc_cmos 00:05: alarms up to one day, y3k, 242 bytes nvram, hpet irqs
[    4.906563] input: VirtualPS/2 VMware VMMouse as /devices/platform/i8042/serio1/input/input3
[    4.909745] i2c_dev: i2c /dev entries driver
[    4.914429] device-mapper: core: CONFIG_IMA_DISABLE_HTABLE is disabled. Duplicate IMA measurements will not be recorded in the IMA log.
[    4.921643] device-mapper: uevent: version 1.0.3
[    4.924888] device-mapper: ioctl: 4.47.0-ioctl (2022-07-28) initialised: dm-devel@redhat.com
[    4.929162] intel_pstate: CPU model not supported
[    4.931562] sdhci: Secure Digital Host Controller Interface driver
[    4.934505] sdhci: Copyright(c) Pierre Ossman
[    4.937081] sdhci-pltfm: SDHCI platform and OF driver helper
[    4.939901] ledtrig-cpu: registered to indicate activity on CPUs
[    4.943701] drop_monitor: Initializing network drop monitor service
[    4.947376] NET: Registered PF_INET6 protocol family
[    4.958130] Segment Routing with IPv6
[    4.958909] In-situ OAM (IOAM) with IPv6
[    4.959984] NET: Registered PF_PACKET protocol family
[    4.961393] 9pnet: Installing 9P2000 support
[    4.962481] Key type dns_resolver registered
[    4.965712] IPI shorthand broadcast: enabled
[    4.999892] sched_clock: Marking stable (4971397813, 25060811)->(5056228294, -59769670)
[    5.004086] registered taskstats version 1
[    5.005942] Loading compiled-in X.509 certificates
[    5.007760] zswap: loaded using pool lzo/zbud
[    5.036036] Key type .fscrypt registered
[    5.037133] Key type fscrypt-provisioning registered
[    5.041053] Key type encrypted registered
[    5.042128] ima: No TPM chip found, activating TPM-bypass!
[    5.043495] ima: Allocated hash algorithm: sha1
[    5.044756] ima: No architecture policies found
[    5.046057] evm: Initialising EVM extended attributes:
[    5.047229] evm: security.selinux
[    5.048011] evm: security.SMACK64
[    5.048803] evm: security.SMACK64EXEC
[    5.049640] evm: security.SMACK64TRANSMUTE
[    5.050619] evm: security.SMACK64MMAP
[    5.051494] evm: security.apparmor
[    5.052266] evm: security.ima
[    5.052988] evm: security.capability
[    5.053807] evm: HMAC attrs: 0x1
[    5.056780] PM:   Magic number: 2:218:716
[    5.059597] RAS: Correctable Errors collector initialized.
[    5.062342] md: Waiting for all devices to be available before autodetect
[    5.063453] md: If you don't use raid, use raid=noautodetect
[    5.064380] md: Autodetecting RAID arrays.
[    5.065105] md: autorun ...
[    5.065560] md: ... autorun DONE.
[    5.076928] EXT4-fs (sda): mounted filesystem 23a53bb9-f815-47a5-b74c-5e08f7731193 with ordered data mode. Quota mode: none.
[    5.078851] VFS: Mounted root (ext4 filesystem) readonly on device 8:0.
[    5.083392] devtmpfs: mounted
[    5.091984] Freeing unused decrypted memory: 2036K
[    5.104077] Freeing unused kernel image (initmem) memory: 10168K
[    5.105206] Write protecting the kernel read-only data: 45056k
[    5.108215] Freeing unused kernel image (rodata/data gap) memory: 244K
[    5.227241] x86/mm: Checked W+X mappings: passed, no W+X pages found.
[    5.228017] Run /sbin/init as init process
[    5.425103] systemd[1]: RTC configured in localtime, applying delta of 0 minutes to system time.
[    5.482039] systemd[1]: systemd 239 (239-49.el8) running in system mode. (+PAM +AUDIT +SELINUX +IMA -APPARMOR +SMACK +SYSVINIT +UTMP +LIBCRYPTSETUP +GCRYPT +GNUTLS +ACL +XZ +LZ4 +SECCOMP +BLKID +ELFUTILS +KMOD +IDN2 -IDN +PCRE2 default-hierarchy=legacy)
[    5.484811] systemd[1]: Detected virtualization kvm.
[    5.485489] systemd[1]: Detected architecture x86-64.

Welcome to [0;31mCentOS Stream 8[0m!

[    5.559643] systemd[1]: Set hostname to <test>.
[    6.062426] systemd[1]: Listening on LVM2 poll daemon socket.
[[0;32m  OK  [0m] Listening on LVM2 poll daemon socket.
[    6.064983] systemd[1]: Set up automount Arbitrary Executable File Formats File System Automount Point.
[[0;32m  OK  [0m] Set up automount Arbitrary Executabâ€¦rmats File System Automount Point.
[    6.068011] systemd[1]: Listening on RPCbind Server Activation Socket.
[[0;32m  OK  [0m] Listening on RPCbind Server Activation Socket.
[    6.072879] systemd[1]: Created slice system-getty.slice.
[[0;32m  OK  [0m] Created slice system-getty.slice.
[    6.074268] systemd[1]: Reached target RPC Port Mapper.
[[0;32m  OK  [0m] Reached target RPC Port Mapper.
[    6.075766] systemd[1]: Started Forward Password Requests to Wall Directory Watch.
[[0;32m  OK  [0m] Started Forward Password Requests to Wall Directory Watch.
[[0;32m  OK  [0m] Created slice User and Session Slice.
[[0;32m  OK  [0m] Listening on Device-mapper event daemon FIFOs.
[[0;32m  OK  [0m] Listening on Journal Socket (/dev/log).
[[0;32m  OK  [0m] Listening on multipathd control socket.
[[0;32m  OK  [0m] Reached target Swap.
[[0;32m  OK  [0m] Listening on initctl Compatibility Named Pipe.
[[0;32m  OK  [0m] Listening on Journal Socket.
         Starting Journal Service...
         Starting Load Kernel Modules...
         Mounting POSIX Message Queue File System...
         Mounting Kernel Debug File System...
         Starting Monitoring of LVM2 mirrorsâ€¦ng dmeventd or progress polling...
         Mounting Huge Pages File System...
[[0;32m  OK  [0m] Created slice system-serial\x2dgetty.slice.
[[0;32m  OK  [0m] Listening on udev Kernel Socket.
[[0;32m  OK  [0m] Listening on udev Control Socket.
         Starting Setup Virtual Console...
[[0;32m  OK  [0m] Created slice system-sshd\x2dkeygen.slice.
         Starting udev Coldplug all Devices...
[[0;32m  OK  [0m] Listening on Process Core Dump Socket.
[[0;32m  OK  [0m] Reached target Slices.
         Starting Remount Root and Kernel File Systems...
[[0;1;31mFAILED[0m] Failed to start Load Kernel Modules.
See 'systemctl status systemd-modules-load.service' for details.
[[0;32m  OK  [0m] Started Journal Service.
[[0;32m  OK  [0m] Mounted POSIX Message Queue File System.
[[0;32m  OK  [0m] Mounted Kernel Debug File System.
[[0;32m  OK  [0m] Started Monitoring of LVM2 mirrors,â€¦sing dmeventd or progress polling.
[[0;32m  OK  [0m] Mounted Huge Pages File System.
         Mounting FUSE Control File System...
         Mounting Kernel Configuration File System...
[    6.684559] EXT4-fs (sda): re-mounted 23a53bb9-f815-47a5-b74c-5e08f7731193. Quota mode: none.
         Starting Apply Kernel Variables...
[[0;32m  OK  [0m] Started Setup Virtual Console.
[[0;32m  OK  [0m] Started Remount Root and Kernel File Systems.
[[0;32m  OK  [0m] Mounted FUSE Control File System.
[[0;32m  OK  [0m] Mounted Kernel Configuration File System.
[[0;32m  OK  [0m] Started Apply Kernel Variables.
         Starting Load/Save Random Seed...
         Starting Flush Journal to Persistent Storage...
         Starting Create Static Device Nodes in /dev...
[[0;32m  OK  [0m] Started Flush Journal to Persistent Storage.
[[0;32m  OK  [0m] Started Load/Save Random Seed.
[[0;32m  OK  [0m] Started Create Static Device Nodes in /dev.
         Starting udev Kernel Device Manager...
[[0;32m  OK  [0m] Started udev Kernel Device Manager.
[[0;32m  OK  [0m] Started udev Coldplug all Devices.
         Starting Show Plymouth Boot Screen...
         Starting udev Wait for Complete Device Initialization...
[[0;32m  OK  [0m] Started Show Plymouth Boot Screen.
[[0;32m  OK  [0m] Reached target Local Encrypted Volumes.
[[0;32m  OK  [0m] Reached target Paths.
[[0;32m  OK  [0m] Started Forward Password Requests to Plymouth Directory Watch.
[[0;32m  OK  [0m] Found device /dev/ttyS0.
[[0;32m  OK  [0m] Started udev Wait for Complete Device Initialization.
[[0;32m  OK  [0m] Listening on Load/Save RF Kill Switch Status /dev/rfkill Watch.
[[0;32m  OK  [0m] Reached target Local File Systems (Pre).
[[0;32m  OK  [0m] Reached target Local File Systems.
         Starting Tell Plymouth To Write Out Runtime Data...
         Starting Restore /run/initramfs on shutdown...
         Starting Create Volatile Files and Directories...
[[0;32m  OK  [0m] Started Tell Plymouth To Write Out Runtime Data.
[[0;32m  OK  [0m] Started Restore /run/initramfs on shutdown.
[[0;32m  OK  [0m] Started Create Volatile Files and Directories.
         Starting Security Auditing Service...
         Mounting RPC Pipe File System...
         Starting RPC Bind...
[[0;32m  OK  [0m] Mounted RPC Pipe File System.
[[0;32m  OK  [0m] Reached target rpc_pipefs.target.
[[0;32m  OK  [0m] Started RPC Bind.
[[0;32m  OK  [0m] Started Security Auditing Service.
         Starting Update UTMP about System Boot/Shutdown...
[[0;32m  OK  [0m] Started Update UTMP about System Boot/Shutdown.
[[0;32m  OK  [0m] Reached target System Initialization.
[[0;32m  OK  [0m] Started Daily Cleanup of Temporary Directories.
[[0;32m  OK  [0m] Started daily update of the root trust anchor for DNSSEC.
[[0;32m  OK  [0m] Listening on D-Bus System Message Bus Socket.
[[0;32m  OK  [0m] Started dnf makecache --timer.
[[0;32m  OK  [0m] Reached target Timers.
[[0;32m  OK  [0m] Listening on SSSD Kerberos Cache Manager responder socket.
[[0;32m  OK  [0m] Reached target Sockets.
[[0;32m  OK  [0m] Reached target Basic System.
[[0;32m  OK  [0m] Started Machine Check Exception Logging Daemon.
         Starting Login Service...
         Starting Authorization Manager...
         Starting Auto-connect to subsystemsâ€¦-NVME devices found during boot...
         Starting NTP client/server...
[[0;32m  OK  [0m] Started D-Bus System Message Bus.
         Starting Network Manager...
[[0;32m  OK  [0m] Started irqbalance daemon.
[[0;32m  OK  [0m] Reached target sshd-keygen.target.
         Starting Self Monitoring and Reporting Technology (SMART) Daemon...
[[0;32m  OK  [0m] Started Auto-connect to subsystems â€¦FC-NVME devices found during boot.
         Starting update of the root trust aâ€¦or DNSSEC validation in unbound...
[[0;32m  OK  [0m] Started Login Service.
[[0;32m  OK  [0m] Started Self Monitoring and Reporting Technology (SMART) Daemon.
[[0;32m  OK  [0m] Started Network Manager.
         Starting Network Manager Wait Online...
[[0;32m  OK  [0m] Reached target Network.
         Starting OpenSSH server daemon...
         Starting Dynamic System Tuning Daemon...
         Starting GSSAPI Proxy Daemon...
[[0;32m  OK  [0m] Started NTP client/server.
[[0;32m  OK  [0m] Started OpenSSH server daemon.
         Starting Hostname Service...
[[0;32m  OK  [0m] Started update of the root trust anâ€¦ for DNSSEC validation in unbound.
[[0;32m  OK  [0m] Started GSSAPI Proxy Daemon.
[[0;32m  OK  [0m] Started Authorization Manager.
[[0;32m  OK  [0m] Reached target NFS client services.
[[0;32m  OK  [0m] Reached target Remote File Systems (Pre).
[[0;32m  OK  [0m] Reached target Remote File Systems.
         Starting Permit User Sessions...
[[0;32m  OK  [0m] Started Permit User Sessions.
[[0;32m  OK  [0m] Started Command Scheduler.
         Starting Terminate Plymouth Boot Screen...
         Starting Hold until boot process finishes up...
[[0;32m  OK  [0m] Started Terminate Plymouth Boot Screen.
[[0;32m  OK  [0m] Started Hold until boot process finishes up.
[   10.268011] e1000: eth0 NIC Link is Up 1000 Mbps Full Duplex, Flow Control: RX
[   10.270443] IPv6: ADDRCONF(NETDEV_CHANGE): eth0: link becomes ready
[   10.801147] Spectre V2 : WARNING: Unprivileged eBPF is enabled with eIBRS on, data leaks possible via Spectre v2 BHB attacks!
[   10.805216] Spectre V2 : WARNING: Unprivileged eBPF is enabled with eIBRS on, data leaks possible via Spectre v2 BHB attacks!

CentOS Stream 8
Kernel 6.2.0-rc1-1b929c02afd3 on an x86_64

test login: [   29.014139] perf: interrupt took too long (3358 > 3197), lowering kernel.perf_event_max_sample_rate to 59500
[   29.015676] perf: interrupt took too long (3358 > 3197), lowering kernel.perf_event_max_sample_rate to 59500
[   29.019011] perf: interrupt took too long (4222 > 4197), lowering kernel.perf_event_max_sample_rate to 47250
[   29.021003] perf: interrupt took too long (5356 > 5277), lowering kernel.perf_event_max_sample_rate to 37250
[   29.023624] perf: interrupt took too long (6743 > 6695), lowering kernel.perf_event_max_sample_rate to 29500
[   29.027163] perf: interrupt took too long (8480 > 8428), lowering kernel.perf_event_max_sample_rate to 23500
[   29.035216] perf: interrupt took too long (10730 > 10600), lowering kernel.perf_event_max_sample_rate to 18500
[   29.045481] perf: interrupt took too long (13501 > 13412), lowering kernel.perf_event_max_sample_rate to 14750
[   29.065436] perf: interrupt took too long (16965 > 16876), lowering kernel.perf_event_max_sample_rate to 11750
[   29.115331] perf: interrupt took too long (21242 > 21206), lowering kernel.perf_event_max_sample_rate to 9250
[   41.406655] ------------[ cut here ]------------
[   41.407205] WARNING: CPU: 1 PID: 13365 at kernel/events/core.c:4920 put_pmu_ctx+0x107/0x120
[   41.408077] Modules linked in:
[   41.408411] CPU: 1 PID: 13365 Comm: repro Not tainted 6.2.0-rc1-1b929c02afd3 #1
[   41.409187] Hardware name: QEMU Standard PC (i440FX + PIIX, 1996), BIOS rel-1.14.0-0-g155821a1990b-prebuilt.qemu.org 04/01/2014
[   41.410332] RIP: 0010:put_pmu_ctx+0x107/0x120
[   41.410891] Code: e8 fe 5b e9 ff 48 8d 7b 50 48 c7 c6 00 84 42 81 e8 3e 78 dd ff e8 e9 5b e9 ff 5b 41 5c 41 5d 5d c3 cc cc cc cc e8 d9 5b e9 ff <0f> 0b eb a5 e8 d0 5b e9 ff 0f 0b eb 8a e8 c7 5b e9 ff 0f 0b e9 35
[   41.412900] RSP: 0018:ffffc90004073cd0 EFLAGS: 00010246
[   41.413431] RAX: 0000000000000000 RBX: ffff88807dc3cd00 RCX: 0000000000000001
[   41.414373] RDX: 0000000000000000 RSI: ffff8880170fc680 RDI: 0000000000000002
[   41.415548] RBP: ffffc90004073ce8 R08: 0000000000000001 R09: 0000000000000001
[   41.417042] R10: 0000000000000000 R11: 0000000000000001 R12: ffff88807dc2ed40
[   41.417801] R13: ffff88807dc3cd10 R14: 0000000000000000 R15: 0000000000000001
[   41.418526] FS:  0000000000000000(0000) GS:ffff88807dd00000(0000) knlGS:0000000000000000
[   41.419349] CS:  0010 DS: 0000 ES: 0000 CR0: 0000000080050033
[   41.419935] CR2: 00007fff5123a918 CR3: 000000000d890001 CR4: 0000000000770ee0
[   41.420666] DR0: 0000000000000000 DR1: 0000000000000000 DR2: 0000000000000000
[   41.422020] DR3: 0000000000000000 DR6: 00000000ffff07f0 DR7: 0000000000000400
[   41.423292] PKRU: 55555554
[   41.423633] Call Trace:
[   41.423883]  <TASK>
[   41.424116]  _free_event+0x18f/0x800
[   41.424561]  put_event+0x3c/0x50
[   41.425021]  perf_event_release_kernel+0x2de/0x360
[   41.425954]  ? __pfx_perf_release+0x10/0x10
[   41.426776]  perf_release+0x22/0x30
[   41.427378]  __fput+0x11f/0x450
[   41.427728]  ____fput+0x1e/0x30
[   41.428077]  task_work_run+0xb6/0x120
[   41.428560]  do_exit+0x521/0x1340
[   41.428924]  ? lockdep_hardirqs_on+0x8a/0x110
[   41.429397]  ? trace_hardirqs_on+0x3f/0x100
[   41.429856]  do_group_exit+0x5e/0xf0
[   41.430231]  __x64_sys_exit_group+0x25/0x30
[   41.430661]  do_syscall_64+0x3b/0x90
[   41.431024]  entry_SYSCALL_64_after_hwframe+0x72/0xdc
[   41.431559] RIP: 0033:0x7f64e31ffcf6
[   41.431949] Code: Unable to access opcode bytes at 0x7f64e31ffccc.
[   41.432591] RSP: 002b:00007fff5123a8d8 EFLAGS: 00000246 ORIG_RAX: 00000000000000e7
[   41.433368] RAX: ffffffffffffffda RBX: 00007f64e330a490 RCX: 00007f64e31ffcf6
[   41.434240] RDX: 0000000000000000 RSI: 000000000000003c RDI: 0000000000000000
[   41.435001] RBP: 0000000000000000 R08: 00000000000000e7 R09: ffffffffffffff80
[   41.435748] R10: 0000000000000004 R11: 0000000000000246 R12: 00007f64e330a490
[   41.436460] R13: 0000000000000001 R14: 00007f64e330de88 R15: 0000000000000000
[   41.437174]  </TASK>
[   41.437432] irq event stamp: 2811
[   41.437824] hardirqs last  enabled at (2819): [<ffffffff811d48f1>] __up_console_sem+0x91/0xb0
[   41.438692] hardirqs last disabled at (2826): [<ffffffff811d48d6>] __up_console_sem+0x76/0xb0
[   41.439644] softirqs last  enabled at (2480): [<ffffffff82f9b213>] __do_softirq+0x323/0x48a
[   41.440499] softirqs last disabled at (2353): [<ffffffff811231a2>] irq_exit_rcu+0xd2/0x100
[   41.441352] ---[ end trace 0000000000000000 ]---
