c[?7l[2J[0mSeaBIOS (version rel-1.14.0-0-g155821a1990b-prebuilt.qemu.org)


iPXE (http://ipxe.org) 00:03.0 CA00 PCI2.10 PnP PMM+7FF8F030+7FEEF030 CA00
Press Ctrl-B to configure iPXE (PCI 00:03.0)...                                                                               


Booting from ROM...
c[?7l[2J[    0.000000] Linux version 6.1.0-456ed864fd90+ (root@p-mtlp02) (gcc (GCC) 8.5.0 20210514 (Red Hat 8.5.0-17), GNU ld version 2.36.1-2.el8) #1 SMP PREEMPT_DYNAMIC Wed Dec 28 20:48:45 CST 2022
[    0.000000] Command line: console=ttyS0 root=/dev/sda earlyprintk=serial net.ifnames=0
[    0.000000] KERNEL supported cpus:
[    0.000000]   Intel GenuineIntel
[    0.000000]   AMD AuthenticAMD
[    0.000000]   Hygon HygonGenuine
[    0.000000]   Centaur CentaurHauls
[    0.000000]   zhaoxin   Shanghai  
[    0.000000] x86/split lock detection: #DB: warning on user-space bus_locks
[    0.000000] x86/fpu: Supporting XSAVE feature 0x001: 'x87 floating point registers'
[    0.000000] x86/fpu: Supporting XSAVE feature 0x002: 'SSE registers'
[    0.000000] x86/fpu: Supporting XSAVE feature 0x004: 'AVX registers'
[    0.000000] x86/fpu: Supporting XSAVE feature 0x200: 'Protection Keys User registers'
[    0.000000] x86/fpu: xstate_offset[2]:  576, xstate_sizes[2]:  256
[    0.000000] x86/fpu: xstate_offset[9]:  832, xstate_sizes[9]:    8
[    0.000000] x86/fpu: Enabled xstate features 0x207, context size is 840 bytes, using 'compacted' format.
[    0.000000] signal: max sigframe size: 3632
[    0.000000] BIOS-provided physical RAM map:
[    0.000000] BIOS-e820: [mem 0x0000000000000000-0x000000000009fbff] usable
[    0.000000] BIOS-e820: [mem 0x000000000009fc00-0x000000000009ffff] reserved
[    0.000000] BIOS-e820: [mem 0x00000000000f0000-0x00000000000fffff] reserved
[    0.000000] BIOS-e820: [mem 0x0000000000100000-0x000000007ffdffff] usable
[    0.000000] BIOS-e820: [mem 0x000000007ffe0000-0x000000007fffffff] reserved
[    0.000000] BIOS-e820: [mem 0x00000000feffc000-0x00000000feffffff] reserved
[    0.000000] BIOS-e820: [mem 0x00000000fffc0000-0x00000000ffffffff] reserved
[    0.000000] printk: bootconsole [earlyser0] enabled
[    0.000000] NX (Execute Disable) protection: active
[    0.000000] SMBIOS 2.8 present.
[    0.000000] DMI: QEMU Standard PC (i440FX + PIIX, 1996), BIOS rel-1.14.0-0-g155821a1990b-prebuilt.qemu.org 04/01/2014
[    0.000000] Hypervisor detected: KVM
[    0.000000] kvm-clock: Using msrs 4b564d01 and 4b564d00
[    0.000006] kvm-clock: using sched offset of 623234331 cycles
[    0.000771] clocksource: kvm-clock: mask: 0xffffffffffffffff max_cycles: 0x1cd42e4dffb, max_idle_ns: 881590591483 ns
[    0.003030] tsc: Detected 1190.400 MHz processor
[    0.011106] last_pfn = 0x7ffe0 max_arch_pfn = 0x400000000
[    0.011981] x86/PAT: Configuration [0-7]: WB  WC  UC- UC  WB  WP  UC- WT  
[    0.023160] found SMP MP-table at [mem 0x000f5a90-0x000f5a9f]
[    0.024169] Using GB pages for direct mapping
[    0.026631] ACPI: Early table checksum verification disabled
[    0.027427] ACPI: RSDP 0x00000000000F5870 000014 (v00 BOCHS )
[    0.028169] ACPI: RSDT 0x000000007FFE1959 000034 (v01 BOCHS  BXPC     00000001 BXPC 00000001)
[    0.029310] ACPI: FACP 0x000000007FFE1805 000074 (v01 BOCHS  BXPC     00000001 BXPC 00000001)
[    0.030438] ACPI: DSDT 0x000000007FFE0040 0017C5 (v01 BOCHS  BXPC     00000001 BXPC 00000001)
[    0.031526] ACPI: FACS 0x000000007FFE0000 000040
[    0.032245] ACPI: APIC 0x000000007FFE1879 000080 (v01 BOCHS  BXPC     00000001 BXPC 00000001)
[    0.033513] ACPI: HPET 0x000000007FFE18F9 000038 (v01 BOCHS  BXPC     00000001 BXPC 00000001)
[    0.034610] ACPI: WAET 0x000000007FFE1931 000028 (v01 BOCHS  BXPC     00000001 BXPC 00000001)
[    0.035811] ACPI: Reserving FACP table memory at [mem 0x7ffe1805-0x7ffe1878]
[    0.036849] ACPI: Reserving DSDT table memory at [mem 0x7ffe0040-0x7ffe1804]
[    0.037985] ACPI: Reserving FACS table memory at [mem 0x7ffe0000-0x7ffe003f]
[    0.039124] ACPI: Reserving APIC table memory at [mem 0x7ffe1879-0x7ffe18f8]
[    0.040286] ACPI: Reserving HPET table memory at [mem 0x7ffe18f9-0x7ffe1930]
[    0.041477] ACPI: Reserving WAET table memory at [mem 0x7ffe1931-0x7ffe1958]
[    0.043805] No NUMA configuration found
[    0.044360] Faking a node at [mem 0x0000000000000000-0x000000007ffdffff]
[    0.045541] NODE_DATA(0) allocated [mem 0x7ffb5000-0x7ffdffff]
[    0.050207] Zone ranges:
[    0.050618]   DMA      [mem 0x0000000000001000-0x0000000000ffffff]
[    0.051529]   DMA32    [mem 0x0000000001000000-0x000000007ffdffff]
[    0.052436]   Normal   empty
[    0.052909]   Device   empty
[    0.053345] Movable zone start for each node
[    0.053956] Early memory node ranges
[    0.054524]   node   0: [mem 0x0000000000001000-0x000000000009efff]
[    0.055460]   node   0: [mem 0x0000000000100000-0x000000007ffdffff]
[    0.056430] Initmem setup node 0 [mem 0x0000000000001000-0x000000007ffdffff]
[    0.058324] On node 0, zone DMA: 1 pages in unavailable ranges
[    0.058573] On node 0, zone DMA: 97 pages in unavailable ranges
[    0.702362] On node 0, zone DMA32: 32 pages in unavailable ranges
[    0.703816] ACPI: PM-Timer IO Port: 0x608
[    0.705441] ACPI: LAPIC_NMI (acpi_id[0xff] dfl dfl lint[0x1])
[    0.706489] IOAPIC[0]: apic_id 0, version 17, address 0xfec00000, GSI 0-23
[    0.707421] ACPI: INT_SRC_OVR (bus 0 bus_irq 0 global_irq 2 dfl dfl)
[    0.708499] ACPI: INT_SRC_OVR (bus 0 bus_irq 5 global_irq 5 high level)
[    0.709870] ACPI: INT_SRC_OVR (bus 0 bus_irq 9 global_irq 9 high level)
[    0.711466] ACPI: INT_SRC_OVR (bus 0 bus_irq 10 global_irq 10 high level)
[    0.713315] ACPI: INT_SRC_OVR (bus 0 bus_irq 11 global_irq 11 high level)
[    0.714962] ACPI: Using ACPI (MADT) for SMP configuration information
[    0.716466] ACPI: HPET id: 0x8086a201 base: 0xfed00000
[    0.717781] TSC deadline timer available
[    0.718777] smpboot: Allowing 2 CPUs, 0 hotplug CPUs
[    0.720219] kvm-guest: KVM setup pv remote TLB flush
[    0.721531] kvm-guest: setup PV sched yield
[    0.722696] PM: hibernation: Registered nosave memory: [mem 0x00000000-0x00000fff]
[    0.724528] PM: hibernation: Registered nosave memory: [mem 0x0009f000-0x0009ffff]
[    0.726327] PM: hibernation: Registered nosave memory: [mem 0x000a0000-0x000effff]
[    0.728068] PM: hibernation: Registered nosave memory: [mem 0x000f0000-0x000fffff]
[    0.729854] [mem 0x80000000-0xfeffbfff] available for PCI devices
[    0.731284] Booting paravirtualized kernel on KVM
[    0.732581] clocksource: refined-jiffies: mask: 0xffffffff max_cycles: 0xffffffff, max_idle_ns: 7645519600211568 ns
[    0.735957] setup_percpu: NR_CPUS:8192 nr_cpumask_bits:2 nr_cpu_ids:2 nr_node_ids:1
[    0.741377] percpu: Embedded 64 pages/cpu s225280 r8192 d28672 u1048576
[    0.742579] kvm-guest: PV spinlocks enabled
[    0.743179] PV qspinlock hash table entries: 256 (order: 0, 4096 bytes, linear)
[    0.744239] Fallback order for Node 0: 0 
[    0.744859] Built 1 zonelists, mobility grouping on.  Total pages: 515808
[    0.745788] Policy zone: DMA32
[    0.746267] Kernel command line: net.ifnames=0 console=ttyS0 root=/dev/sda earlyprintk=serial net.ifnames=0
[    0.750813] Dentry cache hash table entries: 262144 (order: 9, 2097152 bytes, linear)
[    0.752755] Inode-cache hash table entries: 131072 (order: 8, 1048576 bytes, linear)
[    0.754139] mem auto-init: stack:off, heap alloc:off, heap free:off
[    0.759844] Memory: 1985384K/2096632K available (32784K kernel code, 4694K rwdata, 7824K rodata, 3668K init, 22124K bss, 110992K reserved, 0K cma-reserved)
[    0.763240] SLUB: HWalign=64, Order=0-3, MinObjects=0, CPUs=2, Nodes=1
[    0.764115] kmemleak: Kernel memory leak detector disabled
[    0.764889] ftrace: allocating 67346 entries in 264 pages
[    0.806091] ftrace: allocated 264 pages with 2 groups
[    0.811543] Dynamic Preempt: voluntary
[    0.812356] Running RCU self tests
[    0.812812] rcu: Preemptible hierarchical RCU implementation.
[    0.813649] rcu: 	RCU lockdep checking is enabled.
[    0.814239] rcu: 	RCU restricting CPUs from NR_CPUS=8192 to nr_cpu_ids=2.
[    0.815357] 	Trampoline variant of Tasks RCU enabled.
[    0.816168] 	Rude variant of Tasks RCU enabled.
[    0.816877] 	Tracing variant of Tasks RCU enabled.
[    0.817526] rcu: RCU calculated value of scheduler-enlistment delay is 25 jiffies.
[    0.818488] rcu: Adjusting geometry for rcu_fanout_leaf=16, nr_cpu_ids=2
[    0.851868] NR_IRQS: 524544, nr_irqs: 440, preallocated irqs: 16
[    0.853102] rcu: srcu_init: Setting srcu_struct sizes based on contention.
[    0.864156] Console: colour VGA+ 80x25
[    0.864784] printk: console [ttyS0] enabled
[    0.864784] printk: console [ttyS0] enabled
[    0.865993] printk: bootconsole [earlyser0] disabled
[    0.865993] printk: bootconsole [earlyser0] disabled
[    0.867365] Lock dependency validator: Copyright (c) 2006 Red Hat, Inc., Ingo Molnar
[    0.868376] ... MAX_LOCKDEP_SUBCLASSES:  8
[    0.868919] ... MAX_LOCK_DEPTH:          48
[    0.869604] ... MAX_LOCKDEP_KEYS:        8192
[    0.870227] ... CLASSHASH_SIZE:          4096
[    0.870893] ... MAX_LOCKDEP_ENTRIES:     32768
[    0.871553] ... MAX_LOCKDEP_CHAINS:      65536
[    0.872227] ... CHAINHASH_SIZE:          32768
[    0.872884]  memory used by lock dependency info: 6365 kB
[    0.873706]  memory used for stack traces: 4224 kB
[    0.874480]  per task-struct memory footprint: 1920 bytes
[    0.875307] ACPI: Core revision 20221020
[    0.876171] clocksource: hpet: mask: 0xffffffff max_cycles: 0xffffffff, max_idle_ns: 19112604467 ns
[    0.877646] APIC: Switch to symmetric I/O mode setup
[    0.878563] x2apic enabled
[    0.879224] Switched APIC routing to physical x2apic.
[    0.879926] kvm-guest: setup PV IPIs
[    0.881741] ..TIMER: vector=0x30 apic1=0 pin1=2 apic2=-1 pin2=-1
[    0.882592] clocksource: tsc-early: mask: 0xffffffffffffffff max_cycles: 0x1128af0325d, max_idle_ns: 440795261011 ns
[    0.884184] Calibrating delay loop (skipped) preset value.. 2380.80 BogoMIPS (lpj=4761600)
[    0.885423] pid_max: default: 32768 minimum: 301
[    0.888374] LSM: Security Framework initializing
[    0.889081] Yama: becoming mindful.
[    0.889911] Mount-cache hash table entries: 4096 (order: 3, 32768 bytes, linear)
[    0.891160] Mountpoint-cache hash table entries: 4096 (order: 3, 32768 bytes, linear)
[    0.893794] CPU0: Thermal monitoring enabled (TM1)
[    0.896257] x86/cpu: User Mode Instruction Prevention (UMIP) activated
[    0.900827] Last level iTLB entries: 4KB 0, 2MB 0, 4MB 0
[    0.901615] Last level dTLB entries: 4KB 0, 2MB 0, 4MB 0, 1GB 0
[    0.902469] Spectre V1 : Mitigation: usercopy/swapgs barriers and __user pointer sanitization
[    0.903641] Spectre V2 : WARNING: Unprivileged eBPF is enabled with eIBRS on, data leaks possible via Spectre v2 BHB attacks!
[    0.904200] Spectre V2 : Mitigation: Enhanced IBRS
[    0.904814] Spectre V2 : Spectre v2 / SpectreRSB mitigation: Filling RSB on context switch
[    0.905953] Spectre V2 : Spectre v2 / PBRSB-eIBRS: Retire a single CALL on VMEXIT
[    0.908177] Spectre V2 : mitigation: Enabling conditional Indirect Branch Prediction Barrier
[    0.909324] Speculative Store Bypass: Mitigation: Speculative Store Bypass disabled via prctl
[    0.910390] MMIO Stale Data: Unknown: No mitigations
[    1.050342] Freeing SMP alternatives memory: 56K
[    1.051655] smpboot: CPU0: Genuine Intel(R) 0000 (family: 0x6, model: 0xaa, stepping: 0x1)
[    1.052161] cblist_init_generic: Setting adjustable number of callback queues.
[    1.052177] cblist_init_generic: Setting shift to 1 and lim to 1.
[    1.054313] cblist_init_generic: Setting shift to 1 and lim to 1.
[    1.056306] cblist_init_generic: Setting shift to 1 and lim to 1.
[    1.058360] Running RCU-tasks wait API self tests
[    1.164523] Performance Events: generic architected perfmon, full-width counters, Intel PMU driver.
[    1.167967] ... version:                2
[    1.168188] ... bit width:              48
[    1.169804] ... generic registers:      8
[    1.171349] ... value mask:             0000ffffffffffff
[    1.172203] ... max period:             00007fffffffffff
[    1.174302] ... fixed-purpose events:   3
[    1.175823] ... event mask:             00000007000000ff
[    1.176226] Callback from call_rcu_tasks_trace() invoked.
[    1.179759] rcu: Hierarchical SRCU implementation.
[    1.180181] rcu: 	Max phase no-delay instances is 1000.
[    1.188760] smp: Bringing up secondary CPUs ...
[    1.191677] x86: Booting SMP configuration:
[    1.192188] .... node  #0, CPUs:      #1
[    0.030075] smpboot: CPU 1 Converting physical 0 to logical die 1
[    1.200630] smp: Brought up 1 node, 2 CPUs
[    1.200935] smpboot: Max logical packages: 2
[    1.201642] smpboot: Total of 2 processors activated (4761.60 BogoMIPS)
[    1.209402] devtmpfs: initialized
[    1.209402] x86/mm: Memory block size: 128MB
[    1.214468] clocksource: jiffies: mask: 0xffffffff max_cycles: 0xffffffff, max_idle_ns: 7645041785100000 ns
[    1.216184] futex hash table entries: 512 (order: 4, 65536 bytes, linear)
[    1.217835] pinctrl core: initialized pinctrl subsystem
[    1.219543] 
[    1.219889] *************************************************************
[    1.220169] **     NOTICE NOTICE NOTICE NOTICE NOTICE NOTICE NOTICE    **
[    1.221433] **                                                         **
[    1.222666] **  IOMMU DebugFS SUPPORT HAS BEEN ENABLED IN THIS KERNEL  **
[    1.223778] **                                                         **
[    1.224167] ** This means that this kernel is built to expose internal **
[    1.225213] ** IOMMU data structures, which may compromise security on **
[    1.226328] ** your system.                                            **
[    1.227318] **                                                         **
[    1.228170] ** If you see this message and you are not debugging the   **
[    1.229090] ** kernel, report this immediately to your vendor!         **
[    1.230136] **                                                         **
[    1.231179] **     NOTICE NOTICE NOTICE NOTICE NOTICE NOTICE NOTICE    **
[    1.232102] *************************************************************
[    1.232245] PM: RTC time: 04:14:31, date: 2022-12-29
[    1.238000] NET: Registered PF_NETLINK/PF_ROUTE protocol family
[    1.239576] DMA: preallocated 256 KiB GFP_KERNEL pool for atomic allocations
[    1.240188] DMA: preallocated 256 KiB GFP_KERNEL|GFP_DMA pool for atomic allocations
[    1.241330] DMA: preallocated 256 KiB GFP_KERNEL|GFP_DMA32 pool for atomic allocations
[    1.242637] audit: initializing netlink subsys (disabled)
[    1.243531] audit: type=2000 audit(1672287272.644:1): state=initialized audit_enabled=0 res=1
[    1.244557] thermal_sys: Registered thermal governor 'fair_share'
[    1.245068] thermal_sys: Registered thermal governor 'bang_bang'
[    1.245893] thermal_sys: Registered thermal governor 'step_wise'
[    1.246736] thermal_sys: Registered thermal governor 'user_space'
[    1.247585] cpuidle: using governor ladder
[    1.248784] cpuidle: using governor menu
[    1.249652] acpiphp: ACPI Hot Plug PCI Controller Driver version: 0.5
[    1.250951] PCI: Using configuration type 1 for base access
[    1.269374] Callback from call_rcu_tasks_rude() invoked.
[    1.271085] kprobes: kprobe jump-optimization is enabled. All kprobes are optimized if possible.
[    1.528689] Callback from call_rcu_tasks() invoked.
[    1.617104] HugeTLB: registered 1.00 GiB page size, pre-allocated 0 pages
[    1.618916] HugeTLB: 16380 KiB vmemmap can be freed for a 1.00 GiB page
[    1.620185] HugeTLB: registered 2.00 MiB page size, pre-allocated 0 pages
[    1.621840] HugeTLB: 28 KiB vmemmap can be freed for a 2.00 MiB page
[    1.626842] ACPI: Added _OSI(Module Device)
[    1.627889] ACPI: Added _OSI(Processor Device)
[    1.628183] ACPI: Added _OSI(3.0 _SCP Extensions)
[    1.629384] ACPI: Added _OSI(Processor Aggregator Device)
[    1.642825] ACPI: 1 ACPI AML tables successfully acquired and loaded
[    1.649046] ACPI: Interpreter enabled
[    1.650228] ACPI: PM: (supports S0 S3 S4 S5)
[    1.651274] ACPI: Using IOAPIC for interrupt routing
[    1.652282] PCI: Using host bridge windows from ACPI; if necessary, use "pci=nocrs" and report a bug
[    1.654343] PCI: Using E820 reservations for host bridge windows
[    1.657048] ACPI: Enabled 2 GPEs in block 00 to 0F
[    1.682270] ACPI: PCI Root Bridge [PCI0] (domain 0000 [bus 00-ff])
[    1.683178] acpi PNP0A03:00: _OSC: OS supports [ASPM ClockPM Segments MSI EDR HPX-Type3]
[    1.684177] acpi PNP0A03:00: _OSC: not requesting OS control; OS requires [ExtendedConfig ASPM ClockPM MSI]
[    1.685472] acpi PNP0A03:00: fail to add MMCONFIG information, can't access extended PCI configuration space under this bridge.
[    1.689851] acpiphp: Slot [3] registered
[    1.690436] acpiphp: Slot [4] registered
[    1.691031] acpiphp: Slot [5] registered
[    1.691672] acpiphp: Slot [6] registered
[    1.692243] acpiphp: Slot [7] registered
[    1.692813] acpiphp: Slot [8] registered
[    1.693389] acpiphp: Slot [9] registered
[    1.694038] acpiphp: Slot [10] registered
[    1.694667] acpiphp: Slot [11] registered
[    1.695248] acpiphp: Slot [12] registered
[    1.695826] acpiphp: Slot [13] registered
[    1.696247] acpiphp: Slot [14] registered
[    1.697124] acpiphp: Slot [15] registered
[    1.697712] acpiphp: Slot [16] registered
[    1.698432] acpiphp: Slot [17] registered
[    1.699233] acpiphp: Slot [18] registered
[    1.700047] acpiphp: Slot [19] registered
[    1.700277] acpiphp: Slot [20] registered
[    1.701038] acpiphp: Slot [21] registered
[    1.701785] acpiphp: Slot [22] registered
[    1.702498] acpiphp: Slot [23] registered
[    1.703276] acpiphp: Slot [24] registered
[    1.704030] acpiphp: Slot [25] registered
[    1.704288] acpiphp: Slot [26] registered
[    1.705099] acpiphp: Slot [27] registered
[    1.706249] acpiphp: Slot [28] registered
[    1.707280] acpiphp: Slot [29] registered
[    1.708327] acpiphp: Slot [30] registered
[    1.709447] acpiphp: Slot [31] registered
[    1.710420] PCI host bridge to bus 0000:00
[    1.711404] pci_bus 0000:00: root bus resource [io  0x0000-0x0cf7 window]
[    1.712177] pci_bus 0000:00: root bus resource [io  0x0d00-0xffff window]
[    1.713817] pci_bus 0000:00: root bus resource [mem 0x000a0000-0x000bffff window]
[    1.715558] pci_bus 0000:00: root bus resource [mem 0x80000000-0xfebfffff window]
[    1.716181] pci_bus 0000:00: root bus resource [mem 0x100000000-0x17fffffff window]
[    1.717956] pci_bus 0000:00: root bus resource [bus 00-ff]
[    1.719573] pci 0000:00:00.0: [8086:1237] type 00 class 0x060000
[    1.725396] pci 0000:00:01.0: [8086:7000] type 00 class 0x060100
[    1.728566] pci 0000:00:01.1: [8086:7010] type 00 class 0x010180
[    1.732471] pci 0000:00:01.1: reg 0x20: [io  0xc040-0xc04f]
[    1.735176] pci 0000:00:01.1: legacy IDE quirk: reg 0x10: [io  0x01f0-0x01f7]
[    1.736177] pci 0000:00:01.1: legacy IDE quirk: reg 0x14: [io  0x03f6]
[    1.737800] pci 0000:00:01.1: legacy IDE quirk: reg 0x18: [io  0x0170-0x0177]
[    1.739446] pci 0000:00:01.1: legacy IDE quirk: reg 0x1c: [io  0x0376]
[    1.740848] pci 0000:00:01.3: [8086:7113] type 00 class 0x068000
[    1.742971] pci 0000:00:01.3: quirk: [io  0x0600-0x063f] claimed by PIIX4 ACPI
[    1.744203] pci 0000:00:01.3: quirk: [io  0x0700-0x070f] claimed by PIIX4 SMB
[    1.746564] pci 0000:00:02.0: [1234:1111] type 00 class 0x030000
[    1.749123] pci 0000:00:02.0: reg 0x10: [mem 0xfd000000-0xfdffffff pref]
[    1.754651] pci 0000:00:02.0: reg 0x18: [mem 0xfebf0000-0xfebf0fff]
[    1.764348] pci 0000:00:02.0: reg 0x30: [mem 0xfebe0000-0xfebeffff pref]
[    1.766943] pci 0000:00:02.0: Video device with shadowed ROM at [mem 0x000c0000-0x000dffff]
[    1.773616] pci 0000:00:03.0: [8086:100e] type 00 class 0x020000
[    1.775495] pci 0000:00:03.0: reg 0x10: [mem 0xfebc0000-0xfebdffff]
[    1.776703] pci 0000:00:03.0: reg 0x14: [io  0xc000-0xc03f]
[    1.781881] pci 0000:00:03.0: reg 0x30: [mem 0xfeb80000-0xfebbffff pref]
[    1.800238] ACPI: PCI: Interrupt link LNKA configured for IRQ 10
[    1.801543] ACPI: PCI: Interrupt link LNKB configured for IRQ 10
[    1.802765] ACPI: PCI: Interrupt link LNKC configured for IRQ 11
[    1.804131] ACPI: PCI: Interrupt link LNKD configured for IRQ 11
[    1.804367] ACPI: PCI: Interrupt link LNKS configured for IRQ 9
[    1.807453] iommu: Default domain type: Translated 
[    1.808178] iommu: DMA domain TLB invalidation policy: lazy mode 
[    1.810777] SCSI subsystem initialized
[    1.811761] ACPI: bus type USB registered
[    1.812306] usbcore: registered new interface driver usbfs
[    1.813076] usbcore: registered new interface driver hub
[    1.813828] usbcore: registered new device driver usb
[    1.814696] pps_core: LinuxPPS API ver. 1 registered
[    1.815349] pps_core: Software ver. 5.3.6 - Copyright 2005-2007 Rodolfo Giometti <giometti@linux.it>
[    1.816178] PTP clock support registered
[    1.816997] EDAC MC: Ver: 3.0.0
[    1.820646] NetLabel: Initializing
[    1.821132] NetLabel:  domain hash size = 128
[    1.821724] NetLabel:  protocols = UNLABELED CIPSOv4 CALIPSO
[    1.822594] NetLabel:  unlabeled traffic allowed by default
[    1.856857] PCI: Using ACPI for IRQ routing
[    1.858101] pci 0000:00:02.0: vgaarb: setting as boot VGA device
[    1.859165] pci 0000:00:02.0: vgaarb: bridge control possible
[    1.860101] pci 0000:00:02.0: vgaarb: VGA device added: decodes=io+mem,owns=io+mem,locks=none
[    1.860174] vgaarb: loaded
[    1.861673] hpet0: at MMIO 0xfed00000, IRQs 2, 8, 0
[    1.862518] hpet0: 3 comparators, 64-bit 100.000000 MHz counter
[    4.375264] clocksource: Switched to clocksource kvm-clock
[    4.375264] VFS: Disk quotas dquot_6.6.0
[    4.375606] VFS: Dquot-cache hash table entries: 512 (order 0, 4096 bytes)
[    4.377060] pnp: PnP ACPI init
[    4.379774] pnp: PnP ACPI: found 6 devices
[    4.396231] clocksource: acpi_pm: mask: 0xffffff max_cycles: 0xffffff, max_idle_ns: 2085701024 ns
[    4.398129] NET: Registered PF_INET protocol family
[    4.399142] IP idents hash table entries: 32768 (order: 6, 262144 bytes, linear)
[    4.401672] tcp_listen_portaddr_hash hash table entries: 1024 (order: 4, 73728 bytes, linear)
[    4.403268] Table-perturb hash table entries: 65536 (order: 6, 262144 bytes, linear)
[    4.404713] TCP established hash table entries: 16384 (order: 5, 131072 bytes, linear)
[    4.407232] TCP bind hash table entries: 16384 (order: 9, 2359296 bytes, linear)
[    4.411585] TCP: Hash tables configured (established 16384 bind 16384)
[    4.413163] UDP hash table entries: 1024 (order: 5, 163840 bytes, linear)
[    4.414351] UDP-Lite hash table entries: 1024 (order: 5, 163840 bytes, linear)
[    4.415886] NET: Registered PF_UNIX/PF_LOCAL protocol family
[    4.417488] RPC: Registered named UNIX socket transport module.
[    4.418528] RPC: Registered udp transport module.
[    4.419230] RPC: Registered tcp transport module.
[    4.420036] RPC: Registered tcp NFSv4.1 backchannel transport module.
[    4.421189] pci_bus 0000:00: resource 4 [io  0x0000-0x0cf7 window]
[    4.422225] pci_bus 0000:00: resource 5 [io  0x0d00-0xffff window]
[    4.423182] pci_bus 0000:00: resource 6 [mem 0x000a0000-0x000bffff window]
[    4.424247] pci_bus 0000:00: resource 7 [mem 0x80000000-0xfebfffff window]
[    4.425459] pci_bus 0000:00: resource 8 [mem 0x100000000-0x17fffffff window]
[    4.436502] pci 0000:00:01.0: PIIX3: Enabling Passive Release
[    4.437403] pci 0000:00:00.0: Limiting direct PCI/PCI transfers
[    4.438465] PCI: CLS 0 bytes, default 64
[    4.439159] ACPI: bus type thunderbolt registered
[    4.440366] clocksource: tsc: mask: 0xffffffffffffffff max_cycles: 0x1128af0325d, max_idle_ns: 440795261011 ns
[    4.648580] Initialise system trusted keyrings
[    4.649984] Key type blacklist registered
[    4.651691] workingset: timestamp_bits=36 max_order=19 bucket_order=0
[    4.653550] zbud: loaded
[    4.656084] squashfs: version 4.0 (2009/01/31) Phillip Lougher
[    4.660014] NFS: Registering the id_resolver key type
[    4.661600] Key type id_resolver registered
[    4.662715] Key type id_legacy registered
[    4.663890] nfs4filelayout_init: NFSv4 File Layout Driver Registering...
[    4.665575] nfs4flexfilelayout_init: NFSv4 Flexfile Layout Driver Registering...
[    4.667932] fuse: init (API version 7.37)
[    4.669453] SGI XFS with ACLs, security attributes, realtime, quota, no debug enabled
[    4.673602] 9p: Installing v9fs 9p2000 file system support
[    4.690297] Key type asymmetric registered
[    4.691393] Asymmetric key parser 'x509' registered
[    4.697322] alg: self-tests for CTR-KDF (hmac(sha256)) passed
[    4.699125] Block layer SCSI generic (bsg) driver version 0.4 loaded (major 243)
[    4.701805] io scheduler mq-deadline registered
[    4.703225] io scheduler bfq registered
[    4.707167] shpchp: Standard Hot Plug PCI Controller Driver version: 0.4
[    4.710097] IPMI message handler: version 39.2
[    4.711136] ipmi device interface
[    4.715623] input: Power Button as /devices/LNXSYSTM:00/LNXPWRBN:00/input/input0
[    4.718351] ACPI: button: Power Button [PWRF]
[    4.721824] ERST DBG: ERST support is disabled.
[    4.724396] Serial: 8250/16550 driver, 32 ports, IRQ sharing enabled
[    4.728522] 00:04: ttyS0 at I/O 0x3f8 (irq = 4, base_baud = 115200) is a 16550A
[    4.744134] Linux agpgart interface v0.103
[    4.746109] ACPI: bus type drm_connector registered
[    4.764396] brd: module loaded
[    4.774775] loop: module loaded
[    4.784121] scsi host0: ata_piix
[    4.785572] scsi host1: ata_piix
[    4.786723] ata1: PATA max MWDMA2 cmd 0x1f0 ctl 0x3f6 bmdma 0xc040 irq 14
[    4.787659] ata2: PATA max MWDMA2 cmd 0x170 ctl 0x376 bmdma 0xc048 irq 15
[    4.791036] tun: Universal TUN/TAP device driver, 1.6
[    4.791963] e100: Intel(R) PRO/100 Network Driver
[    4.792617] e100: Copyright(c) 1999-2006 Intel Corporation
[    4.793445] e1000: Intel(R) PRO/1000 Network Driver
[    4.794133] e1000: Copyright (c) 1999-2006 Intel Corporation.
[    4.948381] ata1: found unknown device (class 0)
[    4.949559] ata2: found unknown device (class 0)
[    4.951165] ata1.00: ATA-7: QEMU HARDDISK, 2.5+, max UDMA/100
[    4.952058] ata1.00: 16777216 sectors, multi 16: LBA48 
[    4.953104] ata2.00: ATAPI: QEMU DVD-ROM, 2.5+, max UDMA/100
[    4.956793] scsi 0:0:0:0: Direct-Access     ATA      QEMU HARDDISK    2.5+ PQ: 0 ANSI: 5
[    4.961088] sd 0:0:0:0: [sda] 16777216 512-byte logical blocks: (8.59 GB/8.00 GiB)
[    4.963095] sd 0:0:0:0: [sda] Write Protect is off
[    4.964809] sd 0:0:0:0: [sda] Write cache: enabled, read cache: enabled, doesn't support DPO or FUA
[    4.967134] sd 0:0:0:0: Attached scsi generic sg0 type 0
[    4.969539] sd 0:0:0:0: [sda] Preferred minimum I/O size 512 bytes
[    4.971424] scsi 1:0:0:0: CD-ROM            QEMU     QEMU DVD-ROM     2.5+ PQ: 0 ANSI: 5
[    4.983702] ACPI: \_SB_.LNKC: Enabled at IRQ 11
[    4.995631] sd 0:0:0:0: [sda] Attached SCSI disk
[    5.001608] scsi 1:0:0:0: Attached scsi generic sg1 type 5
[    5.337045] e1000 0000:00:03.0 eth0: (PCI:33MHz:32-bit) 52:54:00:12:34:56
[    5.338071] e1000 0000:00:03.0 eth0: Intel(R) PRO/1000 Network Connection
[    5.339118] e1000e: Intel(R) PRO/1000 Network Driver
[    5.339790] e1000e: Copyright(c) 1999 - 2015 Intel Corporation.
[    5.340669] igb: Intel(R) Gigabit Ethernet Network Driver
[    5.341400] igb: Copyright (c) 2007-2014 Intel Corporation.
[    5.342415] PPP generic driver version 2.4.2
[    5.344515] VFIO - User Level meta-driver version: 0.3
[    5.346489] usbcore: registered new interface driver uas
[    5.347383] usbcore: registered new interface driver usb-storage
[    5.348453] i8042: PNP: PS/2 Controller [PNP0303:KBD,PNP0f13:MOU] at 0x60,0x64 irq 1,12
[    5.350766] serio: i8042 KBD port at 0x60,0x64 irq 1
[    5.351498] serio: i8042 AUX port at 0x60,0x64 irq 12
[    5.353181] mousedev: PS/2 mouse device common for all mice
[    5.356068] input: AT Translated Set 2 keyboard as /devices/platform/i8042/serio0/input/input1
[    5.357540] rtc_cmos 00:05: RTC can wake from S4
[    5.359854] input: VirtualPS/2 VMware VMMouse as /devices/platform/i8042/serio1/input/input4
[    5.360729] rtc_cmos 00:05: registered as rtc0
[    5.362842] rtc_cmos 00:05: setting system clock to 2022-12-29T04:14:36 UTC (1672287276)
[    5.364323] rtc_cmos 00:05: alarms up to one day, y3k, 242 bytes nvram, hpet irqs
[    5.365574] input: VirtualPS/2 VMware VMMouse as /devices/platform/i8042/serio1/input/input3
[    5.366260] i2c_dev: i2c /dev entries driver
[    5.369463] device-mapper: core: CONFIG_IMA_DISABLE_HTABLE is disabled. Duplicate IMA measurements will not be recorded in the IMA log.
[    5.371249] device-mapper: uevent: version 1.0.3
[    5.372142] device-mapper: ioctl: 4.47.0-ioctl (2022-07-28) initialised: dm-devel@redhat.com
[    5.373250] intel_pstate: CPU model not supported
[    5.373944] sdhci: Secure Digital Host Controller Interface driver
[    5.374738] sdhci: Copyright(c) Pierre Ossman
[    5.375539] sdhci-pltfm: SDHCI platform and OF driver helper
[    5.376531] ledtrig-cpu: registered to indicate activity on CPUs
[    5.377986] drop_monitor: Initializing network drop monitor service
[    5.379330] NET: Registered PF_INET6 protocol family
[    5.383630] Segment Routing with IPv6
[    5.384270] In-situ OAM (IOAM) with IPv6
[    5.385035] NET: Registered PF_PACKET protocol family
[    5.386209] 9pnet: Installing 9P2000 support
[    5.386932] Key type dns_resolver registered
[    5.389131] IPI shorthand broadcast: enabled
[    5.389833] sched_clock: Marking stable (5362400898, 26075050)->(5455811495, -67335547)
[    5.391933] registered taskstats version 1
[    5.393122] Loading compiled-in X.509 certificates
[    5.394386] zswap: loaded using pool lzo/zbud
[    5.414594] Key type .fscrypt registered
[    5.415170] Key type fscrypt-provisioning registered
[    5.419510] Key type encrypted registered
[    5.420191] ima: No TPM chip found, activating TPM-bypass!
[    5.420982] ima: Allocated hash algorithm: sha1
[    5.421661] ima: No architecture policies found
[    5.422520] evm: Initialising EVM extended attributes:
[    5.423305] evm: security.selinux
[    5.423732] evm: security.SMACK64
[    5.424219] evm: security.SMACK64EXEC
[    5.424839] evm: security.SMACK64TRANSMUTE
[    5.425398] evm: security.SMACK64MMAP
[    5.425957] evm: security.apparmor
[    5.426443] evm: security.ima
[    5.426980] evm: security.capability
[    5.427521] evm: HMAC attrs: 0x1
[    5.438680] PM:   Magic number: 2:806:212
[    5.440102] RAS: Correctable Errors collector initialized.
[    5.442155] md: Waiting for all devices to be available before autodetect
[    5.442925] md: If you don't use raid, use raid=noautodetect
[    5.443639] md: Autodetecting RAID arrays.
[    5.444198] md: autorun ...
[    5.444615] md: ... autorun DONE.
[    5.464939] EXT4-fs (sda): mounted filesystem with ordered data mode. Quota mode: none.
[    5.466121] VFS: Mounted root (ext4 filesystem) readonly on device 8:0.
[    5.470452] devtmpfs: mounted
[    5.482461] Freeing unused decrypted memory: 2036K
[    5.485848] Freeing unused kernel image (initmem) memory: 3668K
[    5.486587] Write protecting the kernel read-only data: 43008k
[    5.491470] Freeing unused kernel image (text/rodata gap) memory: 2028K
[    5.492899] Freeing unused kernel image (rodata/data gap) memory: 368K
[    5.599849] x86/mm: Checked W+X mappings: passed, no W+X pages found.
[    5.600688] Run /sbin/init as init process
[    5.740879] systemd[1]: RTC configured in localtime, applying delta of 0 minutes to system time.
[    5.793924] systemd[1]: systemd 239 (239-49.el8) running in system mode. (+PAM +AUDIT +SELINUX +IMA -APPARMOR +SMACK +SYSVINIT +UTMP +LIBCRYPTSETUP +GCRYPT +GNUTLS +ACL +XZ +LZ4 +SECCOMP +BLKID +ELFUTILS +KMOD +IDN2 -IDN +PCRE2 default-hierarchy=legacy)
[    5.796719] systemd[1]: Detected virtualization kvm.
[    5.797480] systemd[1]: Detected architecture x86-64.

Welcome to [0;31mCentOS Stream 8[0m!

[    5.846827] systemd[1]: Set hostname to <test>.
[    6.924359] random: crng init done
[    7.179377] systemd[1]: Listening on udev Control Socket.
[[0;32m  OK  [0m] Listening on udev Control Socket.
[    7.183898] systemd[1]: Listening on Journal Socket.
[[0;32m  OK  [0m] Listening on Journal Socket.
[    7.212566] systemd[1]: Mounting Kernel Debug File System...
         Mounting Kernel Debug File System...
[    7.215315] systemd[1]: Started Forward Password Requests to Wall Directory Watch.
[[0;32m  OK  [0m] Started Forward Password Requests to Wall Directory Watch.
[    7.220326] systemd[1]: Listening on Journal Socket (/dev/log).
[[0;32m  OK  [0m] Listening on Journal Socket (/dev/log).
[    7.228598] systemd[1]: Starting Journal Service...
         Starting Journal Service...
         Starting Setup Virtual Console...
[[0;32m  OK  [0m] Created slice system-sshd\x2dkeygen.slice.
[[0;32m  OK  [0m] Listening on RPCbind Server Activation Socket.
[[0;32m  OK  [0m] Listening on initctl Compatibility Named Pipe.
         Starting Load Kernel Modules...
[[0;32m  OK  [0m] Listening on multipathd control socket.
[[0;32m  OK  [0m] Set up automount Arbitrary Executabâ€¦rmats File System Automount Point.
[[0;32m  OK  [0m] Listening on Device-mapper event daemon FIFOs.
[[0;32m  OK  [0m] Reached target RPC Port Mapper.
[[0;32m  OK  [0m] Listening on Process Core Dump Socket.
[[0;32m  OK  [0m] Created slice User and Session Slice.
[[0;32m  OK  [0m] Reached target Slices.
         Starting Remount Root and Kernel File Systems...
[[0;32m  OK  [0m] Created slice system-serial\x2dgetty.slice.
[[0;32m  OK  [0m] Listening on LVM2 poll daemon socket.
         Mounting POSIX Message Queue File System...
         Starting Monitoring of LVM2 mirrorsâ€¦ng dmeventd or progress polling...
         Mounting Huge Pages File System...
[[0;32m  OK  [0m] Created slice system-getty.slice.
[    7.641100] EXT4-fs (sda): re-mounted. Quota mode: none.
[[0;32m  OK  [0m] Reached target Swap.
[[0;32m  OK  [0m] Listening on udev Kernel Socket.
         Starting udev Coldplug all Devices...
[[0;32m  OK  [0m] Started Journal Service.
[[0;32m  OK  [0m] Mounted Kernel Debug File System.
[[0;32m  OK  [0m] Started Setup Virtual Console.
[[0;1;31mFAILED[0m] Failed to start Load Kernel Modules.
See 'systemctl status systemd-modules-load.service' for details.
[[0;32m  OK  [0m] Started Remount Root and Kernel File Systems.
[[0;32m  OK  [0m] Mounted POSIX Message Queue File System.
[[0;32m  OK  [0m] Mounted Huge Pages File System.
         Starting Load/Save Random Seed...
         Starting Create Static Device Nodes in /dev...
         Mounting FUSE Control File System...
         Mounting Kernel Configuration File System...
         Starting Apply Kernel Variables...
         Starting Flush Journal to Persistent Storage...
[[0;32m  OK  [0m] Started Load/Save Random Seed.
[[0;32m  OK  [0m] Started Create Static Device Nodes in /dev.
[[0;32m  OK  [0m] Mounted FUSE Control File System.
[[0;32m  OK  [0m] Mounted Kernel Configuration File System.
[[0;32m  OK  [0m] Started Apply Kernel Variables.
         Starting udev Kernel Device Manager...
[[0;32m  OK  [0m] Started Flush Journal to Persistent Storage.
[[0;32m  OK  [0m] Started udev Kernel Device Manager.
[[0;32m  OK  [0m] Started udev Coldplug all Devices.
         Starting Show Plymouth Boot Screen...
         Starting udev Wait for Complete Device Initialization...
[[0;32m  OK  [0m] Started Show Plymouth Boot Screen.
[[0;32m  OK  [0m] Reached target Local Encrypted Volumes.
[[0;32m  OK  [0m] Reached target Paths.
[[0;32m  OK  [0m] Started Forward Password Requests to Plymouth Directory Watch.
[[0;32m  OK  [0m] Found device /dev/ttyS0.
[[0;32m  OK  [0m] Started Monitoring of LVM2 mirrors,â€¦sing dmeventd or progress polling.
[[0;32m  OK  [0m] Started udev Wait for Complete Device Initialization.
[[0;32m  OK  [0m] Listening on Load/Save RF Kill Switch Status /dev/rfkill Watch.
[[0;32m  OK  [0m] Reached target Local File Systems (Pre).
[[0;32m  OK  [0m] Reached target Local File Systems.
         Starting Create Volatile Files and Directories...
         Starting Tell Plymouth To Write Out Runtime Data...
         Starting Restore /run/initramfs on shutdown...
[[0;32m  OK  [0m] Started Create Volatile Files and Directories.
[[0;32m  OK  [0m] Started Tell Plymouth To Write Out Runtime Data.
[[0;32m  OK  [0m] Started Restore /run/initramfs on shutdown.
         Mounting RPC Pipe File System...
         Starting RPC Bind...
         Starting Security Auditing Service...
[[0;32m  OK  [0m] Mounted RPC Pipe File System.
[[0;32m  OK  [0m] Reached target rpc_pipefs.target.
[[0;32m  OK  [0m] Started RPC Bind.
[[0;32m  OK  [0m] Started Security Auditing Service.
         Starting Update UTMP about System Boot/Shutdown...
[[0;32m  OK  [0m] Started Update UTMP about System Boot/Shutdown.
[[0;32m  OK  [0m] Reached target System Initialization.
[[0;32m  OK  [0m] Started Daily Cleanup of Temporary Directories.
[[0;32m  OK  [0m] Started dnf makecache --timer.
[[0;32m  OK  [0m] Listening on SSSD Kerberos Cache Manager responder socket.
[[0;32m  OK  [0m] Listening on D-Bus System Message Bus Socket.
[[0;32m  OK  [0m] Reached target Sockets.
[[0;32m  OK  [0m] Reached target Basic System.
[[0;32m  OK  [0m] Started D-Bus System Message Bus.
         Starting Self Monitoring and Reporting Technology (SMART) Daemon...
[[0;32m  OK  [0m] Started irqbalance daemon.
         Starting Login Service...
         Starting NTP client/server...
         Starting Authorization Manager...
         Starting Auto-connect to subsystemsâ€¦-NVME devices found during boot...
[[0;32m  OK  [0m] Reached target sshd-keygen.target.
[[0;32m  OK  [0m] Started Machine Check Exception Logging Daemon.
[[0;32m  OK  [0m] Started daily update of the root trust anchor for DNSSEC.
[[0;32m  OK  [0m] Reached target Timers.
         Starting Network Manager...
[[0;32m  OK  [0m] Started Self Monitoring and Reporting Technology (SMART) Daemon.
[[0;32m  OK  [0m] Started Auto-connect to subsystems â€¦FC-NVME devices found during boot.
[[0;32m  OK  [0m] Started Login Service.
         Starting update of the root trust aâ€¦or DNSSEC validation in unbound...
[[0;32m  OK  [0m] Started NTP client/server.
[[0;32m  OK  [0m] Started Network Manager.
         Starting Network Manager Wait Online...
[[0;32m  OK  [0m] Reached target Network.
         Starting OpenSSH server daemon...
         Starting Dynamic System Tuning Daemon...
         Starting GSSAPI Proxy Daemon...
[[0;32m  OK  [0m] Started update of the root trust anâ€¦ for DNSSEC validation in unbound.
[[0;32m  OK  [0m] Started Authorization Manager.
         Starting Hostname Service...
[[0;32m  OK  [0m] Started OpenSSH server daemon.
[[0;32m  OK  [0m] Started GSSAPI Proxy Daemon.
[[0;32m  OK  [0m] Reached target NFS client services.
[[0;32m  OK  [0m] Reached target Remote File Systems (Pre).
[[0;32m  OK  [0m] Reached target Remote File Systems.
         Starting Permit User Sessions...
[[0;32m  OK  [0m] Started Permit User Sessions.
         Starting Terminate Plymouth Boot Screen...
         Starting Hold until boot process finishes up...
[[0;32m  OK  [0m] Started Command Scheduler.
[   10.610386] e1000: eth0 NIC Link is Up 1000 Mbps Full Duplex, Flow Control: RX
[   10.612245] IPv6: ADDRCONF(NETDEV_CHANGE): eth0: link becomes ready
[   10.998881] Spectre V2 : WARNING: Unprivileged eBPF is enabled with eIBRS on, data leaks possible via Spectre v2 BHB attacks!
[   11.001063] Spectre V2 : WARNING: Unprivileged eBPF is enabled with eIBRS on, data leaks possible via Spectre v2 BHB attacks!

CentOS Stream 8
Kernel 6.1.0-456ed864fd90+ on an x86_64

test login: perf: interrupt took too long (3638 > 3605), lowering kernel.perf_event_max_sample_rate to 54750
[   29.553194] INFO: NMI handler (perf_event_nmi_handler) took too long to run: 2.012 msecs
[   29.553411] perf: interrupt took too long (3638 > 3605), lowering kernel.perf_event_max_sample_rate to 54750
[   29.556009] perf: interrupt took too long (4594 > 4547), lowering kernel.perf_event_max_sample_rate to 43500
[   29.558511] perf: interrupt took too long (5858 > 5742), lowering kernel.perf_event_max_sample_rate to 34000
[   29.561000] perf: interrupt took too long (7425 > 7322), lowering kernel.perf_event_max_sample_rate to 26750
[   29.565802] perf: interrupt took too long (9360 > 9281), lowering kernel.perf_event_max_sample_rate to 21250
[   29.572884] perf: interrupt took too long (11798 > 11700), lowering kernel.perf_event_max_sample_rate to 16750
[   29.582150] perf: interrupt took too long (14774 > 14747), lowering kernel.perf_event_max_sample_rate to 13500
[   29.606533] perf: interrupt took too long (18502 > 18467), lowering kernel.perf_event_max_sample_rate to 10750
[   29.657341] perf: interrupt took too long (23222 > 23127), lowering kernel.perf_event_max_sample_rate to 8500
[   32.306101] perf: interrupt took too long (29164 > 29027), lowering kernel.perf_event_max_sample_rate to 6750
