c[?7l[2J[0mSeaBIOS (version rel-1.14.0-0-g155821a1990b-prebuilt.qemu.org)


iPXE (http://ipxe.org) 00:03.0 CA00 PCI2.10 PnP PMM+7FF8F030+7FEEF030 CA00
Press Ctrl-B to configure iPXE (PCI 00:03.0)...                                                                               


Booting from ROM...
c[?7l[2J[    0.000000] Linux version 6.1.0-rc2-571f97f7d51f+ (root@p-mtlp02) (gcc (GCC) 8.5.0 20210514 (Red Hat 8.5.0-17), GNU ld version 2.36.1-2.el8) #1 SMP PREEMPT_DYNAMIC Thu Dec 29 10:54:37 CST 2022
[    0.000000] Command line: console=ttyS0 root=/dev/sda earlyprintk=serial net.ifnames=0
[    0.000000] KERNEL supported cpus:
[    0.000000]   Intel GenuineIntel
[    0.000000]   AMD AuthenticAMD
[    0.000000]   Hygon HygonGenuine
[    0.000000]   Centaur CentaurHauls
[    0.000000]   zhaoxin   Shanghai  
[    0.000000] x86/split lock detection: #DB: warning on user-space bus_locks
[    0.000000] x86/fpu: Supporting XSAVE feature 0x001: 'x87 floating point registers'
[    0.000000] x86/fpu: Supporting XSAVE feature 0x002: 'SSE registers'
[    0.000000] x86/fpu: Supporting XSAVE feature 0x004: 'AVX registers'
[    0.000000] x86/fpu: Supporting XSAVE feature 0x200: 'Protection Keys User registers'
[    0.000000] x86/fpu: xstate_offset[2]:  576, xstate_sizes[2]:  256
[    0.000000] x86/fpu: xstate_offset[9]:  832, xstate_sizes[9]:    8
[    0.000000] x86/fpu: Enabled xstate features 0x207, context size is 840 bytes, using 'compacted' format.
[    0.000000] signal: max sigframe size: 3632
[    0.000000] BIOS-provided physical RAM map:
[    0.000000] BIOS-e820: [mem 0x0000000000000000-0x000000000009fbff] usable
[    0.000000] BIOS-e820: [mem 0x000000000009fc00-0x000000000009ffff] reserved
[    0.000000] BIOS-e820: [mem 0x00000000000f0000-0x00000000000fffff] reserved
[    0.000000] BIOS-e820: [mem 0x0000000000100000-0x000000007ffdffff] usable
[    0.000000] BIOS-e820: [mem 0x000000007ffe0000-0x000000007fffffff] reserved
[    0.000000] BIOS-e820: [mem 0x00000000feffc000-0x00000000feffffff] reserved
[    0.000000] BIOS-e820: [mem 0x00000000fffc0000-0x00000000ffffffff] reserved
[    0.000000] printk: bootconsole [earlyser0] enabled
[    0.000000] NX (Execute Disable) protection: active
[    0.000000] SMBIOS 2.8 present.
[    0.000000] DMI: QEMU Standard PC (i440FX + PIIX, 1996), BIOS rel-1.14.0-0-g155821a1990b-prebuilt.qemu.org 04/01/2014
[    0.000000] Hypervisor detected: KVM
[    0.000000] kvm-clock: Using msrs 4b564d01 and 4b564d00
[    0.000006] kvm-clock: using sched offset of 667086130 cycles
[    0.000850] clocksource: kvm-clock: mask: 0xffffffffffffffff max_cycles: 0x1cd42e4dffb, max_idle_ns: 881590591483 ns
[    0.003416] tsc: Detected 1190.400 MHz processor
[    0.011822] last_pfn = 0x7ffe0 max_arch_pfn = 0x400000000
[    0.012768] x86/PAT: Configuration [0-7]: WB  WC  UC- UC  WB  WP  UC- WT  
[    0.024579] found SMP MP-table at [mem 0x000f5a90-0x000f5a9f]
[    0.025755] Using GB pages for direct mapping
[    0.028273] ACPI: Early table checksum verification disabled
[    0.029375] ACPI: RSDP 0x00000000000F5870 000014 (v00 BOCHS )
[    0.030304] ACPI: RSDT 0x000000007FFE1959 000034 (v01 BOCHS  BXPC     00000001 BXPC 00000001)
[    0.031560] ACPI: FACP 0x000000007FFE1805 000074 (v01 BOCHS  BXPC     00000001 BXPC 00000001)
[    0.032861] ACPI: DSDT 0x000000007FFE0040 0017C5 (v01 BOCHS  BXPC     00000001 BXPC 00000001)
[    0.034113] ACPI: FACS 0x000000007FFE0000 000040
[    0.034836] ACPI: APIC 0x000000007FFE1879 000080 (v01 BOCHS  BXPC     00000001 BXPC 00000001)
[    0.036087] ACPI: HPET 0x000000007FFE18F9 000038 (v01 BOCHS  BXPC     00000001 BXPC 00000001)
[    0.037471] ACPI: WAET 0x000000007FFE1931 000028 (v01 BOCHS  BXPC     00000001 BXPC 00000001)
[    0.038917] ACPI: Reserving FACP table memory at [mem 0x7ffe1805-0x7ffe1878]
[    0.039940] ACPI: Reserving DSDT table memory at [mem 0x7ffe0040-0x7ffe1804]
[    0.041189] ACPI: Reserving FACS table memory at [mem 0x7ffe0000-0x7ffe003f]
[    0.042467] ACPI: Reserving APIC table memory at [mem 0x7ffe1879-0x7ffe18f8]
[    0.043585] ACPI: Reserving HPET table memory at [mem 0x7ffe18f9-0x7ffe1930]
[    0.044650] ACPI: Reserving WAET table memory at [mem 0x7ffe1931-0x7ffe1958]
[    0.046986] No NUMA configuration found
[    0.047631] Faking a node at [mem 0x0000000000000000-0x000000007ffdffff]
[    0.048783] NODE_DATA(0) allocated [mem 0x7ffb5000-0x7ffdffff]
[    0.053954] Zone ranges:
[    0.054373]   DMA      [mem 0x0000000000001000-0x0000000000ffffff]
[    0.055443]   DMA32    [mem 0x0000000001000000-0x000000007ffdffff]
[    0.056403]   Normal   empty
[    0.056951]   Device   empty
[    0.057399] Movable zone start for each node
[    0.058107] Early memory node ranges
[    0.058645]   node   0: [mem 0x0000000000001000-0x000000000009efff]
[    0.059655]   node   0: [mem 0x0000000000100000-0x000000007ffdffff]
[    0.060738] Initmem setup node 0 [mem 0x0000000000001000-0x000000007ffdffff]
[    0.062607] On node 0, zone DMA: 1 pages in unavailable ranges
[    0.062848] On node 0, zone DMA: 97 pages in unavailable ranges
[    0.100739] On node 0, zone DMA32: 32 pages in unavailable ranges
[    0.102696] ACPI: PM-Timer IO Port: 0x608
[    0.104094] ACPI: LAPIC_NMI (acpi_id[0xff] dfl dfl lint[0x1])
[    0.105056] IOAPIC[0]: apic_id 0, version 17, address 0xfec00000, GSI 0-23
[    0.106162] ACPI: INT_SRC_OVR (bus 0 bus_irq 0 global_irq 2 dfl dfl)
[    0.107059] ACPI: INT_SRC_OVR (bus 0 bus_irq 5 global_irq 5 high level)
[    0.107972] ACPI: INT_SRC_OVR (bus 0 bus_irq 9 global_irq 9 high level)
[    0.109020] ACPI: INT_SRC_OVR (bus 0 bus_irq 10 global_irq 10 high level)
[    0.109949] ACPI: INT_SRC_OVR (bus 0 bus_irq 11 global_irq 11 high level)
[    0.110889] ACPI: Using ACPI (MADT) for SMP configuration information
[    0.111906] ACPI: HPET id: 0x8086a201 base: 0xfed00000
[    0.112743] TSC deadline timer available
[    0.113413] smpboot: Allowing 2 CPUs, 0 hotplug CPUs
[    0.114376] kvm-guest: KVM setup pv remote TLB flush
[    0.115263] kvm-guest: setup PV sched yield
[    0.116111] PM: hibernation: Registered nosave memory: [mem 0x00000000-0x00000fff]
[    0.117209] PM: hibernation: Registered nosave memory: [mem 0x0009f000-0x0009ffff]
[    0.118223] PM: hibernation: Registered nosave memory: [mem 0x000a0000-0x000effff]
[    0.119247] PM: hibernation: Registered nosave memory: [mem 0x000f0000-0x000fffff]
[    0.120395] [mem 0x80000000-0xfeffbfff] available for PCI devices
[    0.121454] Booting paravirtualized kernel on KVM
[    0.122500] clocksource: refined-jiffies: mask: 0xffffffff max_cycles: 0xffffffff, max_idle_ns: 7645519600211568 ns
[    0.124845] setup_percpu: NR_CPUS:8192 nr_cpumask_bits:2 nr_cpu_ids:2 nr_node_ids:1
[    0.130338] percpu: Embedded 64 pages/cpu s225280 r8192 d28672 u1048576
[    0.131534] kvm-guest: PV spinlocks enabled
[    0.132086] PV qspinlock hash table entries: 256 (order: 0, 4096 bytes, linear)
[    0.133246] Fallback order for Node 0: 0 
[    0.133851] Built 1 zonelists, mobility grouping on.  Total pages: 515808
[    0.134786] Policy zone: DMA32
[    0.135181] Kernel command line: net.ifnames=0 console=ttyS0 root=/dev/sda earlyprintk=serial net.ifnames=0
[    0.139515] Dentry cache hash table entries: 262144 (order: 9, 2097152 bytes, linear)
[    0.141534] Inode-cache hash table entries: 131072 (order: 8, 1048576 bytes, linear)
[    0.142738] mem auto-init: stack:off, heap alloc:off, heap free:off
[    0.148244] Memory: 1985384K/2096632K available (32784K kernel code, 4691K rwdata, 7816K rodata, 3668K init, 22128K bss, 110992K reserved, 0K cma-reserved)
[    0.151564] SLUB: HWalign=64, Order=0-3, MinObjects=0, CPUs=2, Nodes=1
[    0.152809] kmemleak: Kernel memory leak detector disabled
[    0.153704] ftrace: allocating 67272 entries in 263 pages
[    0.194116] ftrace: allocated 263 pages with 4 groups
[    0.199507] Dynamic Preempt: voluntary
[    0.200327] Running RCU self tests
[    0.200815] rcu: Preemptible hierarchical RCU implementation.
[    0.201572] rcu: 	RCU lockdep checking is enabled.
[    0.202299] rcu: 	RCU restricting CPUs from NR_CPUS=8192 to nr_cpu_ids=2.
[    0.203187] 	Trampoline variant of Tasks RCU enabled.
[    0.203852] 	Rude variant of Tasks RCU enabled.
[    0.204439] 	Tracing variant of Tasks RCU enabled.
[    0.205078] rcu: RCU calculated value of scheduler-enlistment delay is 25 jiffies.
[    0.206073] rcu: Adjusting geometry for rcu_fanout_leaf=16, nr_cpu_ids=2
[    0.238569] NR_IRQS: 524544, nr_irqs: 440, preallocated irqs: 16
[    0.239957] rcu: srcu_init: Setting srcu_struct sizes based on contention.
[    0.251864] Console: colour VGA+ 80x25
[    0.252462] printk: console [ttyS0] enabled
[    0.252462] printk: console [ttyS0] enabled
[    0.253743] printk: bootconsole [earlyser0] disabled
[    0.253743] printk: bootconsole [earlyser0] disabled
[    0.255405] Lock dependency validator: Copyright (c) 2006 Red Hat, Inc., Ingo Molnar
[    0.256468] ... MAX_LOCKDEP_SUBCLASSES:  8
[    0.257066] ... MAX_LOCK_DEPTH:          48
[    0.257628] ... MAX_LOCKDEP_KEYS:        8192
[    0.258257] ... CLASSHASH_SIZE:          4096
[    0.258914] ... MAX_LOCKDEP_ENTRIES:     32768
[    0.259518] ... MAX_LOCKDEP_CHAINS:      65536
[    0.260183] ... CHAINHASH_SIZE:          32768
[    0.260897]  memory used by lock dependency info: 6365 kB
[    0.261691]  memory used for stack traces: 4224 kB
[    0.262402]  per task-struct memory footprint: 1920 bytes
[    0.263299] ACPI: Core revision 20220331
[    0.264194] clocksource: hpet: mask: 0xffffffff max_cycles: 0xffffffff, max_idle_ns: 19112604467 ns
[    0.265910] APIC: Switch to symmetric I/O mode setup
[    0.266957] x2apic enabled
[    0.267776] Switched APIC routing to physical x2apic.
[    0.268495] kvm-guest: setup PV IPIs
[    0.270381] ..TIMER: vector=0x30 apic1=0 pin1=2 apic2=-1 pin2=-1
[    0.271566] clocksource: tsc-early: mask: 0xffffffffffffffff max_cycles: 0x1128af0325d, max_idle_ns: 440795261011 ns
[    0.273315] Calibrating delay loop (skipped) preset value.. 2380.80 BogoMIPS (lpj=4761600)
[    0.277323] pid_max: default: 32768 minimum: 301
[    0.278292] LSM: Security Framework initializing
[    0.279081] Yama: becoming mindful.
[    0.280034] Mount-cache hash table entries: 4096 (order: 3, 32768 bytes, linear)
[    0.281328] Mountpoint-cache hash table entries: 4096 (order: 3, 32768 bytes, linear)
[    0.284262] CPU0: Thermal monitoring enabled (TM1)
[    0.289355] x86/cpu: User Mode Instruction Prevention (UMIP) activated
[    0.291268] Last level iTLB entries: 4KB 0, 2MB 0, 4MB 0
[    0.292214] Last level dTLB entries: 4KB 0, 2MB 0, 4MB 0, 1GB 0
[    0.293406] Spectre V1 : Mitigation: usercopy/swapgs barriers and __user pointer sanitization
[    0.295006] Spectre V2 : WARNING: Unprivileged eBPF is enabled with eIBRS on, data leaks possible via Spectre v2 BHB attacks!
[    0.297302] Spectre V2 : Mitigation: Enhanced IBRS
[    0.298184] Spectre V2 : Spectre v2 / SpectreRSB mitigation: Filling RSB on context switch
[    0.299627] Spectre V2 : Spectre v2 / PBRSB-eIBRS: Retire a single CALL on VMEXIT
[    0.300838] Spectre V2 : mitigation: Enabling conditional Indirect Branch Prediction Barrier
[    0.301294] Speculative Store Bypass: Mitigation: Speculative Store Bypass disabled via prctl
[    0.302661] MMIO Stale Data: Unknown: No mitigations
[    0.444065] Freeing SMP alternatives memory: 56K
[    0.445565] smpboot: CPU0: Genuine Intel(R) 0000 (family: 0x6, model: 0xaa, stepping: 0x1)
[    0.447474] cblist_init_generic: Setting adjustable number of callback queues.
[    0.448656] cblist_init_generic: Setting shift to 1 and lim to 1.
[    0.449342] cblist_init_generic: Setting shift to 1 and lim to 1.
[    0.450329] cblist_init_generic: Setting shift to 1 and lim to 1.
[    0.451314] Running RCU-tasks wait API self tests
[    0.553566] Performance Events: generic architected perfmon, full-width counters, Intel PMU driver.
[    0.555054] ... version:                2
[    0.555658] ... bit width:              48
[    0.556314] ... generic registers:      8
[    0.556922] ... value mask:             0000ffffffffffff
[    0.557298] ... max period:             00007fffffffffff
[    0.557970] ... fixed-purpose events:   3
[    0.558472] ... event mask:             00000007000000ff
[    0.559725] rcu: Hierarchical SRCU implementation.
[    0.560314] rcu: 	Max phase no-delay instances is 1000.
[    0.564345] smp: Bringing up secondary CPUs ...
[    0.569385] x86: Booting SMP configuration:
[    0.570079] .... node  #0, CPUs:      #1
[    0.032191] smpboot: CPU 1 Converting physical 0 to logical die 1
[    0.573831] smp: Brought up 1 node, 2 CPUs
[    0.574195] smpboot: Max logical packages: 2
[    0.574975] smpboot: Total of 2 processors activated (4761.60 BogoMIPS)
[    0.581321] Callback from call_rcu_tasks_trace() invoked.
[    0.583248] devtmpfs: initialized
[    0.585707] x86/mm: Memory block size: 128MB
[    0.589558] clocksource: jiffies: mask: 0xffffffff max_cycles: 0xffffffff, max_idle_ns: 7645041785100000 ns
[    0.591120] futex hash table entries: 512 (order: 4, 65536 bytes, linear)
[    0.592538] pinctrl core: initialized pinctrl subsystem
[    0.594052] 
[    0.594295] *************************************************************
[    0.595457] **     NOTICE NOTICE NOTICE NOTICE NOTICE NOTICE NOTICE    **
[    0.596523] **                                                         **
[    0.597296] **  IOMMU DebugFS SUPPORT HAS BEEN ENABLED IN THIS KERNEL  **
[    0.598359] **                                                         **
[    0.599458] ** This means that this kernel is built to expose internal **
[    0.600509] ** IOMMU data structures, which may compromise security on **
[    0.601296] ** your system.                                            **
[    0.602341] **                                                         **
[    0.603445] ** If you see this message and you are not debugging the   **
[    0.604487] ** kernel, report this immediately to your vendor!         **
[    0.605301] **                                                         **
[    0.606355] **     NOTICE NOTICE NOTICE NOTICE NOTICE NOTICE NOTICE    **
[    0.607361] *************************************************************
[    0.608417] PM: RTC time: 04:49:55, date: 2022-12-29
[    0.614297] NET: Registered PF_NETLINK/PF_ROUTE protocol family
[    0.616224] DMA: preallocated 256 KiB GFP_KERNEL pool for atomic allocations
[    0.617317] DMA: preallocated 256 KiB GFP_KERNEL|GFP_DMA pool for atomic allocations
[    0.618590] DMA: preallocated 256 KiB GFP_KERNEL|GFP_DMA32 pool for atomic allocations
[    0.619876] audit: initializing netlink subsys (disabled)
[    0.620843] audit: type=2000 audit(1672289396.140:1): state=initialized audit_enabled=0 res=1
[    0.621888] thermal_sys: Registered thermal governor 'fair_share'
[    0.624772] thermal_sys: Registered thermal governor 'bang_bang'
[    0.625297] thermal_sys: Registered thermal governor 'step_wise'
[    0.626234] thermal_sys: Registered thermal governor 'user_space'
[    0.627178] cpuidle: using governor ladder
[    0.628726] cpuidle: using governor menu
[    0.629725] acpiphp: ACPI Hot Plug PCI Controller Driver version: 0.5
[    0.631263] PCI: Using configuration type 1 for base access
[    0.648933] kprobes: kprobe jump-optimization is enabled. All kprobes are optimized if possible.
[    0.884972] HugeTLB: registered 1.00 GiB page size, pre-allocated 0 pages
[    0.885306] HugeTLB: 16380 KiB vmemmap can be freed for a 1.00 GiB page
[    0.886563] HugeTLB: registered 2.00 MiB page size, pre-allocated 0 pages
[    0.887747] HugeTLB: 28 KiB vmemmap can be freed for a 2.00 MiB page
[    0.894218] ACPI: Added _OSI(Module Device)
[    0.894862] ACPI: Added _OSI(Processor Device)
[    0.895566] ACPI: Added _OSI(3.0 _SCP Extensions)
[    0.896343] ACPI: Added _OSI(Processor Aggregator Device)
[    0.903619] ACPI: 1 ACPI AML tables successfully acquired and loaded
[    0.908206] ACPI: Interpreter enabled
[    0.908852] ACPI: PM: (supports S0 S3 S4 S5)
[    0.909312] ACPI: Using IOAPIC for interrupt routing
[    0.910064] PCI: Using host bridge windows from ACPI; if necessary, use "pci=nocrs" and report a bug
[    0.911355] PCI: Using E820 reservations for host bridge windows
[    0.912947] ACPI: Enabled 2 GPEs in block 00 to 0F
[    0.931519] ACPI: PCI Root Bridge [PCI0] (domain 0000 [bus 00-ff])
[    0.932516] acpi PNP0A03:00: _OSC: OS supports [ASPM ClockPM Segments MSI EDR HPX-Type3]
[    0.933308] acpi PNP0A03:00: _OSC: not requesting OS control; OS requires [ExtendedConfig ASPM ClockPM MSI]
[    0.934691] acpi PNP0A03:00: fail to add MMCONFIG information, can't access extended PCI configuration space under this bridge.
[    0.939063] acpiphp: Slot [3] registered
[    0.939664] acpiphp: Slot [4] registered
[    0.940231] acpiphp: Slot [5] registered
[    0.940811] acpiphp: Slot [6] registered
[    0.941391] acpiphp: Slot [7] registered
[    0.942015] acpiphp: Slot [8] registered
[    0.942576] acpiphp: Slot [9] registered
[    0.943181] acpiphp: Slot [10] registered
[    0.943776] acpiphp: Slot [11] registered
[    0.944377] acpiphp: Slot [12] registered
[    0.944962] acpiphp: Slot [13] registered
[    0.945377] acpiphp: Slot [14] registered
[    0.946103] acpiphp: Slot [15] registered
[    0.946828] acpiphp: Slot [16] registered
[    0.947421] acpiphp: Slot [17] registered
[    0.948181] acpiphp: Slot [18] registered
[    0.948903] acpiphp: Slot [19] registered
[    0.949378] acpiphp: Slot [20] registered
[    0.950111] acpiphp: Slot [21] registered
[    0.950750] acpiphp: Slot [22] registered
[    0.951386] acpiphp: Slot [23] registered
[    0.952060] acpiphp: Slot [24] registered
[    0.952731] acpiphp: Slot [25] registered
[    0.953393] acpiphp: Slot [26] registered
[    0.954133] acpiphp: Slot [27] registered
[    0.954780] acpiphp: Slot [28] registered
[    0.955749] acpiphp: Slot [29] registered
[    0.956522] acpiphp: Slot [30] registered
[    0.957281] acpiphp: Slot [31] registered
[    0.957344] PCI host bridge to bus 0000:00
[    0.958095] pci_bus 0000:00: root bus resource [io  0x0000-0x0cf7 window]
[    0.959296] pci_bus 0000:00: root bus resource [io  0x0d00-0xffff window]
[    0.960275] pci_bus 0000:00: root bus resource [mem 0x000a0000-0x000bffff window]
[    0.961298] pci_bus 0000:00: root bus resource [mem 0x80000000-0xfebfffff window]
[    0.962276] pci_bus 0000:00: root bus resource [mem 0x100000000-0x17fffffff window]
[    0.963286] pci_bus 0000:00: root bus resource [bus 00-ff]
[    0.964258] pci 0000:00:00.0: [8086:1237] type 00 class 0x060000
[    0.968892] pci 0000:00:01.0: [8086:7000] type 00 class 0x060100
[    0.970401] pci 0000:00:01.1: [8086:7010] type 00 class 0x010180
[    0.973097] pci 0000:00:01.1: reg 0x20: [io  0xc040-0xc04f]
[    0.974116] pci 0000:00:01.1: legacy IDE quirk: reg 0x10: [io  0x01f0-0x01f7]
[    0.975103] pci 0000:00:01.1: legacy IDE quirk: reg 0x14: [io  0x03f6]
[    0.976028] pci 0000:00:01.1: legacy IDE quirk: reg 0x18: [io  0x0170-0x0177]
[    0.977095] pci 0000:00:01.1: legacy IDE quirk: reg 0x1c: [io  0x0376]
[    0.977769] pci 0000:00:01.3: [8086:7113] type 00 class 0x068000
[    0.979028] pci 0000:00:01.3: quirk: [io  0x0600-0x063f] claimed by PIIX4 ACPI
[    0.980001] pci 0000:00:01.3: quirk: [io  0x0700-0x070f] claimed by PIIX4 SMB
[    0.981710] pci 0000:00:02.0: [1234:1111] type 00 class 0x030000
[    0.985940] pci 0000:00:02.0: reg 0x10: [mem 0xfd000000-0xfdffffff pref]
[    0.989700] pci 0000:00:02.0: reg 0x18: [mem 0xfebf0000-0xfebf0fff]
[    0.996902] pci 0000:00:02.0: reg 0x30: [mem 0xfebe0000-0xfebeffff pref]
[    0.997830] pci 0000:00:02.0: Video device with shadowed ROM at [mem 0x000c0000-0x000dffff]
[    1.002930] pci 0000:00:03.0: [8086:100e] type 00 class 0x020000
[    1.004403] pci 0000:00:03.0: reg 0x10: [mem 0xfebc0000-0xfebdffff]
[    1.005559] pci 0000:00:03.0: reg 0x14: [io  0xc000-0xc03f]
[    1.009248] pci 0000:00:03.0: reg 0x30: [mem 0xfeb80000-0xfebbffff pref]
[    1.025367] ACPI: PCI: Interrupt link LNKA configured for IRQ 10
[    1.026804] ACPI: PCI: Interrupt link LNKB configured for IRQ 10
[    1.028255] ACPI: PCI: Interrupt link LNKC configured for IRQ 11
[    1.029832] ACPI: PCI: Interrupt link LNKD configured for IRQ 11
[    1.030987] ACPI: PCI: Interrupt link LNKS configured for IRQ 9
[    1.034217] iommu: Default domain type: Translated 
[    1.034910] iommu: DMA domain TLB invalidation policy: lazy mode 
[    1.037423] SCSI subsystem initialized
[    1.038358] ACPI: bus type USB registered
[    1.039028] usbcore: registered new interface driver usbfs
[    1.039803] usbcore: registered new interface driver hub
[    1.040569] usbcore: registered new device driver usb
[    1.041418] pps_core: LinuxPPS API ver. 1 registered
[    1.042098] pps_core: Software ver. 5.3.6 - Copyright 2005-2007 Rodolfo Giometti <giometti@linux.it>
[    1.043323] PTP clock support registered
[    1.044138] EDAC MC: Ver: 3.0.0
[    1.047110] NetLabel: Initializing
[    1.047603] NetLabel:  domain hash size = 128
[    1.048178] NetLabel:  protocols = UNLABELED CIPSOv4 CALIPSO
[    1.049010] NetLabel:  unlabeled traffic allowed by default
[    1.082034] PCI: Using ACPI for IRQ routing
[    1.083333] pci 0000:00:02.0: vgaarb: setting as boot VGA device
[    1.084356] pci 0000:00:02.0: vgaarb: bridge control possible
[    1.085288] pci 0000:00:02.0: vgaarb: VGA device added: decodes=io+mem,owns=io+mem,locks=none
[    1.085304] vgaarb: loaded
[    1.086556] hpet0: at MMIO 0xfed00000, IRQs 2, 8, 0
[    1.087297] hpet0: 3 comparators, 64-bit 100.000000 MHz counter
[    3.628615] clocksource: Switched to clocksource kvm-clock
[    3.628859] Callback from call_rcu_tasks_rude() invoked.
[    3.733651] Callback from call_rcu_tasks() invoked.
[    3.836842] VFS: Disk quotas dquot_6.6.0
[    3.837633] VFS: Dquot-cache hash table entries: 512 (order 0, 4096 bytes)
[    3.838969] pnp: PnP ACPI init
[    3.841701] pnp: PnP ACPI: found 6 devices
[    3.855604] clocksource: acpi_pm: mask: 0xffffff max_cycles: 0xffffff, max_idle_ns: 2085701024 ns
[    3.857379] NET: Registered PF_INET protocol family
[    3.858464] IP idents hash table entries: 32768 (order: 6, 262144 bytes, linear)
[    3.860798] tcp_listen_portaddr_hash hash table entries: 1024 (order: 4, 73728 bytes, linear)
[    3.862053] Table-perturb hash table entries: 65536 (order: 6, 262144 bytes, linear)
[    3.863177] TCP established hash table entries: 16384 (order: 5, 131072 bytes, linear)
[    3.864513] TCP bind hash table entries: 16384 (order: 9, 2359296 bytes, linear)
[    3.873363] TCP: Hash tables configured (established 16384 bind 16384)
[    3.875994] UDP hash table entries: 1024 (order: 5, 163840 bytes, linear)
[    3.878001] UDP-Lite hash table entries: 1024 (order: 5, 163840 bytes, linear)
[    3.880511] NET: Registered PF_UNIX/PF_LOCAL protocol family
[    3.883298] RPC: Registered named UNIX socket transport module.
[    3.884709] RPC: Registered udp transport module.
[    3.885907] RPC: Registered tcp transport module.
[    3.887067] RPC: Registered tcp NFSv4.1 backchannel transport module.
[    3.888575] pci_bus 0000:00: resource 4 [io  0x0000-0x0cf7 window]
[    3.890009] pci_bus 0000:00: resource 5 [io  0x0d00-0xffff window]
[    3.891576] pci_bus 0000:00: resource 6 [mem 0x000a0000-0x000bffff window]
[    3.893257] pci_bus 0000:00: resource 7 [mem 0x80000000-0xfebfffff window]
[    3.894914] pci_bus 0000:00: resource 8 [mem 0x100000000-0x17fffffff window]
[    3.896882] pci 0000:00:01.0: PIIX3: Enabling Passive Release
[    3.898258] pci 0000:00:00.0: Limiting direct PCI/PCI transfers
[    3.899957] PCI: CLS 0 bytes, default 64
[    3.901100] ACPI: bus type thunderbolt registered
[    3.902829] clocksource: tsc: mask: 0xffffffffffffffff max_cycles: 0x1128af0325d, max_idle_ns: 440795261011 ns
[    3.913821] Initialise system trusted keyrings
[    3.915073] Key type blacklist registered
[    3.916496] workingset: timestamp_bits=36 max_order=19 bucket_order=0
[    3.933939] zbud: loaded
[    3.938176] squashfs: version 4.0 (2009/01/31) Phillip Lougher
[    3.942451] NFS: Registering the id_resolver key type
[    3.944051] Key type id_resolver registered
[    3.945071] Key type id_legacy registered
[    3.946315] nfs4filelayout_init: NFSv4 File Layout Driver Registering...
[    3.948005] nfs4flexfilelayout_init: NFSv4 Flexfile Layout Driver Registering...
[    3.950001] fuse: init (API version 7.37)
[    3.951592] SGI XFS with ACLs, security attributes, realtime, quota, no debug enabled
[    3.956712] 9p: Installing v9fs 9p2000 file system support
[    3.968427] Key type asymmetric registered
[    3.969520] Asymmetric key parser 'x509' registered
[    4.015644] alg: self-tests for CTR-KDF (hmac(sha256)) passed
[    4.017708] Block layer SCSI generic (bsg) driver version 0.4 loaded (major 243)
[    4.020124] io scheduler mq-deadline registered
[    4.021597] io scheduler bfq registered
[    4.024828] shpchp: Standard Hot Plug PCI Controller Driver version: 0.4
[    4.026771] IPMI message handler: version 39.2
[    4.027620] ipmi device interface
[    4.030851] input: Power Button as /devices/LNXSYSTM:00/LNXPWRBN:00/input/input0
[    4.032394] ACPI: button: Power Button [PWRF]
[    4.034876] ERST DBG: ERST support is disabled.
[    4.036610] Serial: 8250/16550 driver, 32 ports, IRQ sharing enabled
[    4.038677] 00:04: ttyS0 at I/O 0x3f8 (irq = 4, base_baud = 115200) is a 16550A
[    4.052169] Linux agpgart interface v0.103
[    4.053684] ACPI: bus type drm_connector registered
[    4.069520] brd: module loaded
[    4.079466] loop: module loaded
[    4.085452] scsi host0: ata_piix
[    4.086705] scsi host1: ata_piix
[    4.087414] ata1: PATA max MWDMA2 cmd 0x1f0 ctl 0x3f6 bmdma 0xc040 irq 14
[    4.088260] ata2: PATA max MWDMA2 cmd 0x170 ctl 0x376 bmdma 0xc048 irq 15
[    4.090770] tun: Universal TUN/TAP device driver, 1.6
[    4.091798] e100: Intel(R) PRO/100 Network Driver
[    4.092518] e100: Copyright(c) 1999-2006 Intel Corporation
[    4.093397] e1000: Intel(R) PRO/1000 Network Driver
[    4.094171] e1000: Copyright (c) 1999-2006 Intel Corporation.
[    4.249531] ata1: found unknown device (class 0)
[    4.250962] ata2: found unknown device (class 0)
[    4.252971] ata1.00: ATA-7: QEMU HARDDISK, 2.5+, max UDMA/100
[    4.254014] ata1.00: 16777216 sectors, multi 16: LBA48 
[    4.255114] ata2.00: ATAPI: QEMU DVD-ROM, 2.5+, max UDMA/100
[    4.258950] scsi 0:0:0:0: Direct-Access     ATA      QEMU HARDDISK    2.5+ PQ: 0 ANSI: 5
[    4.262734] sd 0:0:0:0: Attached scsi generic sg0 type 0
[    4.263528] sd 0:0:0:0: [sda] 16777216 512-byte logical blocks: (8.59 GB/8.00 GiB)
[    4.265617] sd 0:0:0:0: [sda] Write Protect is off
[    4.266979] sd 0:0:0:0: [sda] Write cache: enabled, read cache: enabled, doesn't support DPO or FUA
[    4.266978] scsi 1:0:0:0: CD-ROM            QEMU     QEMU DVD-ROM     2.5+ PQ: 0 ANSI: 5
[    4.268510] sd 0:0:0:0: [sda] Preferred minimum I/O size 512 bytes
[    4.299561] sd 0:0:0:0: [sda] Attached SCSI disk
[    4.307087] scsi 1:0:0:0: Attached scsi generic sg1 type 5
[    4.313036] ACPI: \_SB_.LNKC: Enabled at IRQ 11
[    4.677744] e1000 0000:00:03.0 eth0: (PCI:33MHz:32-bit) 52:54:00:12:34:56
[    4.678773] e1000 0000:00:03.0 eth0: Intel(R) PRO/1000 Network Connection
[    4.680100] e1000e: Intel(R) PRO/1000 Network Driver
[    4.680845] e1000e: Copyright(c) 1999 - 2015 Intel Corporation.
[    4.681842] igb: Intel(R) Gigabit Ethernet Network Driver
[    4.682826] igb: Copyright (c) 2007-2014 Intel Corporation.
[    4.683917] PPP generic driver version 2.4.2
[    4.685578] VFIO - User Level meta-driver version: 0.3
[    4.687055] usbcore: registered new interface driver uas
[    4.687944] usbcore: registered new interface driver usb-storage
[    4.689047] i8042: PNP: PS/2 Controller [PNP0303:KBD,PNP0f13:MOU] at 0x60,0x64 irq 1,12
[    4.691339] serio: i8042 KBD port at 0x60,0x64 irq 1
[    4.692097] serio: i8042 AUX port at 0x60,0x64 irq 12
[    4.694209] mousedev: PS/2 mouse device common for all mice
[    4.696572] input: AT Translated Set 2 keyboard as /devices/platform/i8042/serio0/input/input1
[    4.698639] rtc_cmos 00:05: registered as rtc0
[    4.700002] input: VirtualPS/2 VMware VMMouse as /devices/platform/i8042/serio1/input/input4
[    4.700538] rtc_cmos 00:05: setting system clock to 2022-12-29T04:49:59 UTC (1672289399)
[    4.704158] rtc_cmos 00:05: alarms up to one day, 242 bytes nvram, hpet irqs
[    4.706299] rtc_cmos 00:05: RTC can wake from S4
[    4.708229] i2c_dev: i2c /dev entries driver
[    4.708309] input: VirtualPS/2 VMware VMMouse as /devices/platform/i8042/serio1/input/input3
[    4.711067] device-mapper: core: CONFIG_IMA_DISABLE_HTABLE is disabled. Duplicate IMA measurements will not be recorded in the IMA log.
[    4.715158] device-mapper: uevent: version 1.0.3
[    4.717102] device-mapper: ioctl: 4.47.0-ioctl (2022-07-28) initialised: dm-devel@redhat.com
[    4.719369] intel_pstate: CPU model not supported
[    4.720886] sdhci: Secure Digital Host Controller Interface driver
[    4.722527] sdhci: Copyright(c) Pierre Ossman
[    4.723887] sdhci-pltfm: SDHCI platform and OF driver helper
[    4.725478] ledtrig-cpu: registered to indicate activity on CPUs
[    4.727977] drop_monitor: Initializing network drop monitor service
[    4.732635] NET: Registered PF_INET6 protocol family
[    4.739876] Segment Routing with IPv6
[    4.740983] In-situ OAM (IOAM) with IPv6
[    4.742229] NET: Registered PF_PACKET protocol family
[    4.744176] 9pnet: Installing 9P2000 support
[    4.745377] Key type dns_resolver registered
[    4.747976] IPI shorthand broadcast: enabled
[    4.749111] sched_clock: Marking stable (4718819551, 28191390)->(4820898876, -73887935)
[    4.752833] registered taskstats version 1
[    4.754459] Loading compiled-in X.509 certificates
[    4.756435] zswap: loaded using pool lzo/zbud
[    4.759164] Key type .fscrypt registered
[    4.760053] Key type fscrypt-provisioning registered
[    4.763690] Key type encrypted registered
[    4.764678] ima: No TPM chip found, activating TPM-bypass!
[    4.765912] ima: Allocated hash algorithm: sha1
[    4.766965] ima: No architecture policies found
[    4.768090] evm: Initialising EVM extended attributes:
[    4.769183] evm: security.selinux
[    4.769885] evm: security.SMACK64
[    4.770633] evm: security.SMACK64EXEC
[    4.771357] evm: security.SMACK64TRANSMUTE
[    4.772115] evm: security.SMACK64MMAP
[    4.772828] evm: security.apparmor
[    4.773454] evm: security.ima
[    4.774021] evm: security.capability
[    4.774799] evm: HMAC attrs: 0x1
[    4.787484] PM:   Magic number: 2:427:819
[    4.789177] RAS: Correctable Errors collector initialized.
[    4.791461] md: Waiting for all devices to be available before autodetect
[    4.792385] md: If you don't use raid, use raid=noautodetect
[    4.793149] md: Autodetecting RAID arrays.
[    4.793744] md: autorun ...
[    4.794133] md: ... autorun DONE.
[    4.813367] EXT4-fs (sda): mounted filesystem with ordered data mode. Quota mode: none.
[    4.814615] VFS: Mounted root (ext4 filesystem) readonly on device 8:0.
[    4.819268] devtmpfs: mounted
[    4.831025] Freeing unused decrypted memory: 2036K
[    4.835237] Freeing unused kernel image (initmem) memory: 3668K
[    4.836041] Write protecting the kernel read-only data: 43008k
[    4.841064] Freeing unused kernel image (text/rodata gap) memory: 2028K
[    4.842367] Freeing unused kernel image (rodata/data gap) memory: 376K
[    4.949835] x86/mm: Checked W+X mappings: passed, no W+X pages found.
[    4.950544] Run /sbin/init as init process
[    5.154661] systemd[1]: RTC configured in localtime, applying delta of 0 minutes to system time.
[    5.223868] systemd[1]: systemd 239 (239-49.el8) running in system mode. (+PAM +AUDIT +SELINUX +IMA -APPARMOR +SMACK +SYSVINIT +UTMP +LIBCRYPTSETUP +GCRYPT +GNUTLS +ACL +XZ +LZ4 +SECCOMP +BLKID +ELFUTILS +KMOD +IDN2 -IDN +PCRE2 default-hierarchy=legacy)
[    5.227587] systemd[1]: Detected virtualization kvm.
[    5.228340] systemd[1]: Detected architecture x86-64.

Welcome to [0;31mCentOS Stream 8[0m!

[    5.301794] systemd[1]: Set hostname to <test>.
[    6.401433] random: crng init done
[    6.694453] systemd[1]: Created slice system-serial\x2dgetty.slice.
[[0;32m  OK  [0m] Created slice system-serial\x2dgetty.slice.
[    6.697086] systemd[1]: Listening on udev Kernel Socket.
[[0;32m  OK  [0m] Listening on udev Kernel Socket.
[    6.699100] systemd[1]: Started Forward Password Requests to Wall Directory Watch.
[[0;32m  OK  [0m] Started Forward Password Requests to Wall Directory Watch.
[    6.701828] systemd[1]: Listening on Journal Socket (/dev/log).
[[0;32m  OK  [0m] Listening on Journal Socket (/dev/log).
[    6.703884] systemd[1]: Listening on multipathd control socket.
[[0;32m  OK  [0m] Listening on multipathd control socket.
[    6.706929] systemd[1]: Created slice User and Session Slice.
[[0;32m  OK  [0m] Created slice User and Session Slice.
[[0;32m  OK  [0m] Listening on Journal Socket.
         Mounting Huge Pages File System...
         Mounting Kernel Debug File System...
[[0;32m  OK  [0m] Listening on RPCbind Server Activation Socket.
[[0;32m  OK  [0m] Created slice system-sshd\x2dkeygen.slice.
[[0;32m  OK  [0m] Listening on Process Core Dump Socket.
[[0;32m  OK  [0m] Set up automount Arbitrary Executabâ€¦rmats File System Automount Point.
[[0;32m  OK  [0m] Listening on initctl Compatibility Named Pipe.
[[0;32m  OK  [0m] Created slice system-getty.slice.
         Mounting POSIX Message Queue File System...
[[0;32m  OK  [0m] Reached target Slices.
[[0;32m  OK  [0m] Reached target Swap.
[[0;32m  OK  [0m] Listening on Device-mapper event daemon FIFOs.
         Starting Monitoring of LVM2 mirrorsâ€¦ng dmeventd or progress polling...
[[0;32m  OK  [0m] Listening on udev Control Socket.
[[0;32m  OK  [0m] Reached target RPC Port Mapper.
         Starting Journal Service...
         Starting Load Kernel Modules...
[[0;32m  OK  [0m] Listening on LVM2 poll daemon socket.
         Starting Setup Virtual Console...
         Starting udev Coldplug all Devices...
         Starting Remount Root and Kernel File Systems...
[[0;32m  OK  [0m] Mounted Huge Pages File System.
[[0;32m  OK  [0m] Started Journal Service.
[[0;32m  OK  [0m] Mounted Kernel Debug File System.
[[0;32m  OK  [0m] Mounted POSIX Message Queue File System.
[[0;1;31mFAILED[0m] Failed to start Load Kernel Modules.
See 'systemctl status systemd-modules-load.service' for details.
         Mounting Kernel Configuration File System...
         Starting Apply Kernel Variables...
         Mounting FUSE Control File System...
[[0;32m  OK  [0m] Mounted Kernel Configuration File System.
[[0;32m  OK  [0m] Mounted FUSE Control File System.
[[0;32m  OK  [0m] Started Apply Kernel Variables.
[    7.310297] EXT4-fs (sda): re-mounted. Quota mode: none.
[[0;32m  OK  [0m] Started Remount Root and Kernel File Systems.
         Starting Create Static Device Nodes in /dev...
         Starting Flush Journal to Persistent Storage...
         Starting Load/Save Random Seed...
[[0;32m  OK  [0m] Started Setup Virtual Console.
[[0;32m  OK  [0m] Started Flush Journal to Persistent Storage.
[[0;32m  OK  [0m] Started Load/Save Random Seed.
[[0;32m  OK  [0m] Started udev Coldplug all Devices.
[[0;32m  OK  [0m] Started Create Static Device Nodes in /dev.
         Starting udev Kernel Device Manager...
         Starting udev Wait for Complete Device Initialization...
[[0;32m  OK  [0m] Started udev Kernel Device Manager.
         Starting Show Plymouth Boot Screen...
[[0;32m  OK  [0m] Started Show Plymouth Boot Screen.
[[0;32m  OK  [0m] Reached target Paths.
[[0;32m  OK  [0m] Reached target Local Encrypted Volumes.
[[0;32m  OK  [0m] Started Forward Password Requests to Plymouth Directory Watch.
[[0;32m  OK  [0m] Found device /dev/ttyS0.
[[0;32m  OK  [0m] Started Monitoring of LVM2 mirrors,â€¦sing dmeventd or progress polling.
[[0;32m  OK  [0m] Listening on Load/Save RF Kill Switch Status /dev/rfkill Watch.
[[0;32m  OK  [0m] Started udev Wait for Complete Device Initialization.
[[0;32m  OK  [0m] Reached target Local File Systems (Pre).
[[0;32m  OK  [0m] Reached target Local File Systems.
         Starting Tell Plymouth To Write Out Runtime Data...
         Starting Restore /run/initramfs on shutdown...
         Starting Create Volatile Files and Directories...
[[0;32m  OK  [0m] Started Tell Plymouth To Write Out Runtime Data.
[[0;32m  OK  [0m] Started Restore /run/initramfs on shutdown.
[[0;32m  OK  [0m] Started Create Volatile Files and Directories.
         Mounting RPC Pipe File System...
         Starting Security Auditing Service...
         Starting RPC Bind...
[[0;32m  OK  [0m] Mounted RPC Pipe File System.
[[0;32m  OK  [0m] Reached target rpc_pipefs.target.
[[0;32m  OK  [0m] Started RPC Bind.
[[0;32m  OK  [0m] Started Security Auditing Service.
         Starting Update UTMP about System Boot/Shutdown...
[[0;32m  OK  [0m] Started Update UTMP about System Boot/Shutdown.
[[0;32m  OK  [0m] Reached target System Initialization.
[[0;32m  OK  [0m] Listening on SSSD Kerberos Cache Manager responder socket.
[[0;32m  OK  [0m] Started dnf makecache --timer.
[[0;32m  OK  [0m] Started Daily Cleanup of Temporary Directories.
[[0;32m  OK  [0m] Listening on D-Bus System Message Bus Socket.
[[0;32m  OK  [0m] Reached target Sockets.
[[0;32m  OK  [0m] Reached target Basic System.
[[0;32m  OK  [0m] Started Machine Check Exception Logging Daemon.
[[0;32m  OK  [0m] Started D-Bus System Message Bus.
         Starting Authorization Manager...
         Starting Network Manager...
         Starting NTP client/server...
[[0;32m  OK  [0m] Reached target sshd-keygen.target.
         Starting Auto-connect to subsystemsâ€¦-NVME devices found during boot...
         Starting Login Service...
[[0;32m  OK  [0m] Started irqbalance daemon.
[[0;32m  OK  [0m] Started daily update of the root trust anchor for DNSSEC.
[[0;32m  OK  [0m] Reached target Timers.
         Starting Self Monitoring and Reporting Technology (SMART) Daemon...
[[0;32m  OK  [0m] Started Auto-connect to subsystems â€¦FC-NVME devices found during boot.
         Starting update of the root trust aâ€¦or DNSSEC validation in unbound...
[[0;32m  OK  [0m] Started Login Service.
[[0;32m  OK  [0m] Started Self Monitoring and Reporting Technology (SMART) Daemon.
[[0;32m  OK  [0m] Started Network Manager.
         Starting Network Manager Wait Online...
[[0;32m  OK  [0m] Reached target Network.
         Starting GSSAPI Proxy Daemon...
         Starting OpenSSH server daemon...
         Starting Dynamic System Tuning Daemon...
[[0;32m  OK  [0m] Started NTP client/server.
[[0;32m  OK  [0m] Started update of the root trust anâ€¦ for DNSSEC validation in unbound.
[[0;32m  OK  [0m] Started GSSAPI Proxy Daemon.
[[0;32m  OK  [0m] Reached target NFS client services.
[[0;32m  OK  [0m] Reached target Remote File Systems (Pre).
[[0;32m  OK  [0m] Reached target Remote File Systems.
         Starting Permit User Sessions...
         Starting Hostname Service...
[[0;32m  OK  [0m] Started OpenSSH server daemon.
[[0;32m  OK  [0m] Started Authorization Manager.
[[0;32m  OK  [0m] Started Permit User Sessions.
         Starting Hold until boot process finishes up...
[[0;32m  OK  [0m] Started Command Scheduler.
         Starting Terminate Plymouth Boot Screen...
[    9.877630] e1000: eth0 NIC Link is Up 1000 Mbps Full Duplex, Flow Control: RX
[    9.879126] IPv6: ADDRCONF(NETDEV_CHANGE): eth0: link becomes ready
[   10.271206] Spectre V2 : WARNING: Unprivileged eBPF is enabled with eIBRS on, data leaks possible via Spectre v2 BHB attacks!
[   10.274166] Spectre V2 : WARNING: Unprivileged eBPF is enabled with eIBRS on, data leaks possible via Spectre v2 BHB attacks!

CentOS Stream 8
Kernel 6.1.0-rc2-571f97f7d51f+ on an x86_64

test login: perf: interrupt took too long (3303 > 3255), lowering kernel.perf_event_max_sample_rate to 60500
[   29.650257] INFO: NMI handler (perf_event_nmi_handler) took too long to run: 1.983 msecs
[   29.650416] perf: interrupt took too long (3303 > 3255), lowering kernel.perf_event_max_sample_rate to 60500
[   29.653515] perf: interrupt took too long (4160 > 4128), lowering kernel.perf_event_max_sample_rate to 48000
[   29.655539] perf: interrupt took too long (5289 > 5200), lowering kernel.perf_event_max_sample_rate to 37750
[   29.658708] perf: interrupt took too long (6739 > 6611), lowering kernel.perf_event_max_sample_rate to 29500
[   29.662300] perf: interrupt took too long (8553 > 8423), lowering kernel.perf_event_max_sample_rate to 23250
[   29.669621] perf: interrupt took too long (10716 > 10691), lowering kernel.perf_event_max_sample_rate to 18500
[   29.679237] perf: interrupt took too long (13445 > 13395), lowering kernel.perf_event_max_sample_rate to 14750
[   29.800586] perf: interrupt took too long (17209 > 16806), lowering kernel.perf_event_max_sample_rate to 11500
[   29.881758] perf: interrupt took too long (21580 > 21511), lowering kernel.perf_event_max_sample_rate to 9250
[   30.533012] perf: interrupt took too long (27031 > 26975), lowering kernel.perf_event_max_sample_rate to 7250
[   54.661145] ------------[ cut here ]------------
[   54.661884] WARNING: CPU: 0 PID: 28446 at kernel/events/core.c:4907 put_pmu_ctx+0x107/0x120
[   54.662821] Modules linked in:
[   54.663054] CPU: 0 PID: 28446 Comm: repro Not tainted 6.1.0-rc2-571f97f7d51f+ #1
[   54.663842] Hardware name: QEMU Standard PC (i440FX + PIIX, 1996), BIOS rel-1.14.0-0-g155821a1990b-prebuilt.qemu.org 04/01/2014
[   54.665373] RIP: 0010:put_pmu_ctx+0x107/0x120
[   54.665903] Code: e8 de bf ea ff 48 8d 7b 50 48 c7 c6 90 9d 3e 81 e8 2e 52 df ff e8 c9 bf ea ff 5b 41 5c 41 5d 5d c3 cc cc cc cc e8 b9 bf ea ff <0f> 0b eb a5 e8 b0 bf ea ff 0f 0b eb 8a e8 a7 bf ea ff 0f 0b e9 35
[   54.668131] RSP: 0018:ffffc9000257fcd0 EFLAGS: 00010246
[   54.668983] RAX: 0000000000000000 RBX: ffff88807dc3cd00 RCX: 0000000000000001
[   54.669855] RDX: 0000000000000000 RSI: ffff88800ed32340 RDI: 0000000000000002
[   54.670679] RBP: ffffc9000257fce8 R08: 0000000000000001 R09: 0000000000000001
[   54.671642] R10: 0000000000000000 R11: 0000000000000001 R12: ffff88807dc2eb40
[   54.672526] R13: ffff88807dc3cd10 R14: 0000000000000000 R15: 0000000000000001
[   54.673539] FS:  0000000000000000(0000) GS:ffff88807dc00000(0000) knlGS:0000000000000000
[   54.674722] CS:  0010 DS: 0000 ES: 0000 CR0: 0000000080050033
[   54.675420] CR2: 00007f4e05288500 CR3: 000000000d0e6006 CR4: 0000000000770ef0
[   54.676344] DR0: 0000000000000000 DR1: 0000000000000000 DR2: 0000000000000000
[   54.677223] DR3: 0000000000000000 DR6: 00000000ffff07f0 DR7: 0000000000000400
[   54.678085] PKRU: 55555554
[   54.678438] Call Trace:
[   54.678737]  <TASK>
[   54.679229]  _free_event+0x18f/0x800
[   54.679689]  put_event+0x3c/0x50
[   54.680116]  perf_event_release_kernel+0x2f9/0x370
[   54.680821]  ? perf_event_release_kernel+0x370/0x370
[   54.681469]  perf_release+0x22/0x30
[   54.681915]  __fput+0x11f/0x450
[   54.682337]  ____fput+0x1e/0x30
[   54.683041]  task_work_run+0xb6/0x120
[   54.683525]  do_exit+0x547/0x1360
[   54.683954]  ? lockdep_hardirqs_on+0x8a/0x110
[   54.684529]  ? trace_hardirqs_on+0x3f/0xe0
[   54.685038]  do_group_exit+0x5e/0xf0
[   54.685648]  __x64_sys_exit_group+0x25/0x30
[   54.686229]  do_syscall_64+0x3b/0x90
[   54.686807]  entry_SYSCALL_64_after_hwframe+0x63/0xcd
[   54.687429] RIP: 0033:0x7f4e0517ecf6
[   54.687896] Code: Unable to access opcode bytes at 0x7f4e0517eccc.
[   54.688752] RSP: 002b:00007fff4a1f6468 EFLAGS: 00000246 ORIG_RAX: 00000000000000e7
[   54.689709] RAX: ffffffffffffffda RBX: 00007f4e05289490 RCX: 00007f4e0517ecf6
[   54.690694] RDX: 0000000000000000 RSI: 000000000000003c RDI: 0000000000000000
[   54.691654] RBP: 0000000000000000 R08: 00000000000000e7 R09: ffffffffffffff80
[   54.692521] R10: 0000000000000004 R11: 0000000000000246 R12: 00007f4e05289490
[   54.693594] R13: 0000000000000001 R14: 00007f4e0528ce88 R15: 0000000000000000
[   54.694435]  </TASK>
[   54.694724] irq event stamp: 2525
[   54.695175] hardirqs last  enabled at (2533): [<ffffffff811b8c01>] __up_console_sem+0x91/0xb0
[   54.696271] hardirqs last disabled at (2542): [<ffffffff811b8be6>] __up_console_sem+0x76/0xb0
[   54.697244] softirqs last  enabled at (2078): [<ffffffff83000329>] __do_softirq+0x329/0x490
[   54.698423] softirqs last disabled at (1959): [<ffffffff811124a2>] irq_exit_rcu+0xd2/0x100
[   54.699531] ---[ end trace 0000000000000000 ]---
