c[?7l[2J[0mSeaBIOS (version rel-1.14.0-0-g155821a1990b-prebuilt.qemu.org)


iPXE (http://ipxe.org) 00:03.0 CA00 PCI2.10 PnP PMM+7FF8F030+7FEEF030 CA00
Press Ctrl-B to configure iPXE (PCI 00:03.0)...                                                                               


Booting from ROM...
c[?7l[2J[    0.000000] Linux version 6.1.0-617fe4fa82b2+ (root@p-mtlp02) (gcc (GCC) 8.5.0 20210514 (Red Hat 8.5.0-17), GNU ld version 2.36.1-2.el8) #1 SMP PREEMPT_DYNAMIC Thu Dec 29 07:19:49 CST 2022
[    0.000000] Command line: console=ttyS0 root=/dev/sda earlyprintk=serial net.ifnames=0
[    0.000000] KERNEL supported cpus:
[    0.000000]   Intel GenuineIntel
[    0.000000]   AMD AuthenticAMD
[    0.000000]   Hygon HygonGenuine
[    0.000000]   Centaur CentaurHauls
[    0.000000]   zhaoxin   Shanghai  
[    0.000000] x86/split lock detection: #DB: warning on user-space bus_locks
[    0.000000] x86/fpu: Supporting XSAVE feature 0x001: 'x87 floating point registers'
[    0.000000] x86/fpu: Supporting XSAVE feature 0x002: 'SSE registers'
[    0.000000] x86/fpu: Supporting XSAVE feature 0x004: 'AVX registers'
[    0.000000] x86/fpu: Supporting XSAVE feature 0x200: 'Protection Keys User registers'
[    0.000000] x86/fpu: xstate_offset[2]:  576, xstate_sizes[2]:  256
[    0.000000] x86/fpu: xstate_offset[9]:  832, xstate_sizes[9]:    8
[    0.000000] x86/fpu: Enabled xstate features 0x207, context size is 840 bytes, using 'compacted' format.
[    0.000000] signal: max sigframe size: 3632
[    0.000000] BIOS-provided physical RAM map:
[    0.000000] BIOS-e820: [mem 0x0000000000000000-0x000000000009fbff] usable
[    0.000000] BIOS-e820: [mem 0x000000000009fc00-0x000000000009ffff] reserved
[    0.000000] BIOS-e820: [mem 0x00000000000f0000-0x00000000000fffff] reserved
[    0.000000] BIOS-e820: [mem 0x0000000000100000-0x000000007ffdffff] usable
[    0.000000] BIOS-e820: [mem 0x000000007ffe0000-0x000000007fffffff] reserved
[    0.000000] BIOS-e820: [mem 0x00000000feffc000-0x00000000feffffff] reserved
[    0.000000] BIOS-e820: [mem 0x00000000fffc0000-0x00000000ffffffff] reserved
[    0.000000] printk: bootconsole [earlyser0] enabled
[    0.000000] NX (Execute Disable) protection: active
[    0.000000] SMBIOS 2.8 present.
[    0.000000] DMI: QEMU Standard PC (i440FX + PIIX, 1996), BIOS rel-1.14.0-0-g155821a1990b-prebuilt.qemu.org 04/01/2014
[    0.000000] Hypervisor detected: KVM
[    0.000000] kvm-clock: Using msrs 4b564d01 and 4b564d00
[    0.000006] kvm-clock: using sched offset of 2325391861 cycles
[    0.000829] clocksource: kvm-clock: mask: 0xffffffffffffffff max_cycles: 0x1cd42e4dffb, max_idle_ns: 881590591483 ns
[    0.002997] tsc: Detected 1190.400 MHz processor
[    0.011373] last_pfn = 0x7ffe0 max_arch_pfn = 0x400000000
[    0.012330] x86/PAT: Configuration [0-7]: WB  WC  UC- UC  WB  WP  UC- WT  
[    0.023528] found SMP MP-table at [mem 0x000f5a90-0x000f5a9f]
[    0.024632] Using GB pages for direct mapping
[    0.027092] ACPI: Early table checksum verification disabled
[    0.027930] ACPI: RSDP 0x00000000000F5870 000014 (v00 BOCHS )
[    0.028734] ACPI: RSDT 0x000000007FFE1959 000034 (v01 BOCHS  BXPC     00000001 BXPC 00000001)
[    0.030020] ACPI: FACP 0x000000007FFE1805 000074 (v01 BOCHS  BXPC     00000001 BXPC 00000001)
[    0.031223] ACPI: DSDT 0x000000007FFE0040 0017C5 (v01 BOCHS  BXPC     00000001 BXPC 00000001)
[    0.032361] ACPI: FACS 0x000000007FFE0000 000040
[    0.032984] ACPI: APIC 0x000000007FFE1879 000080 (v01 BOCHS  BXPC     00000001 BXPC 00000001)
[    0.034155] ACPI: HPET 0x000000007FFE18F9 000038 (v01 BOCHS  BXPC     00000001 BXPC 00000001)
[    0.035457] ACPI: WAET 0x000000007FFE1931 000028 (v01 BOCHS  BXPC     00000001 BXPC 00000001)
[    0.036624] ACPI: Reserving FACP table memory at [mem 0x7ffe1805-0x7ffe1878]
[    0.037685] ACPI: Reserving DSDT table memory at [mem 0x7ffe0040-0x7ffe1804]
[    0.038613] ACPI: Reserving FACS table memory at [mem 0x7ffe0000-0x7ffe003f]
[    0.039612] ACPI: Reserving APIC table memory at [mem 0x7ffe1879-0x7ffe18f8]
[    0.040627] ACPI: Reserving HPET table memory at [mem 0x7ffe18f9-0x7ffe1930]
[    0.041545] ACPI: Reserving WAET table memory at [mem 0x7ffe1931-0x7ffe1958]
[    0.043706] No NUMA configuration found
[    0.044212] Faking a node at [mem 0x0000000000000000-0x000000007ffdffff]
[    0.045304] NODE_DATA(0) allocated [mem 0x7ffb5000-0x7ffdffff]
[    0.049660] Zone ranges:
[    0.050042]   DMA      [mem 0x0000000000001000-0x0000000000ffffff]
[    0.050882]   DMA32    [mem 0x0000000001000000-0x000000007ffdffff]
[    0.051758]   Normal   empty
[    0.052145]   Device   empty
[    0.052538] Movable zone start for each node
[    0.053120] Early memory node ranges
[    0.053610]   node   0: [mem 0x0000000000001000-0x000000000009efff]
[    0.054393]   node   0: [mem 0x0000000000100000-0x000000007ffdffff]
[    0.055254] Initmem setup node 0 [mem 0x0000000000001000-0x000000007ffdffff]
[    0.057109] On node 0, zone DMA: 1 pages in unavailable ranges
[    0.057329] On node 0, zone DMA: 97 pages in unavailable ranges
[    0.096268] On node 0, zone DMA32: 32 pages in unavailable ranges
[    0.097451] ACPI: PM-Timer IO Port: 0x608
[    0.099137] ACPI: LAPIC_NMI (acpi_id[0xff] dfl dfl lint[0x1])
[    0.099995] IOAPIC[0]: apic_id 0, version 17, address 0xfec00000, GSI 0-23
[    0.100925] ACPI: INT_SRC_OVR (bus 0 bus_irq 0 global_irq 2 dfl dfl)
[    0.101846] ACPI: INT_SRC_OVR (bus 0 bus_irq 5 global_irq 5 high level)
[    0.103440] ACPI: INT_SRC_OVR (bus 0 bus_irq 9 global_irq 9 high level)
[    0.105063] ACPI: INT_SRC_OVR (bus 0 bus_irq 10 global_irq 10 high level)
[    0.106657] ACPI: INT_SRC_OVR (bus 0 bus_irq 11 global_irq 11 high level)
[    0.108157] ACPI: Using ACPI (MADT) for SMP configuration information
[    0.109461] ACPI: HPET id: 0x8086a201 base: 0xfed00000
[    0.110595] TSC deadline timer available
[    0.111444] smpboot: Allowing 2 CPUs, 0 hotplug CPUs
[    0.112701] kvm-guest: KVM setup pv remote TLB flush
[    0.113863] kvm-guest: setup PV sched yield
[    0.114918] PM: hibernation: Registered nosave memory: [mem 0x00000000-0x00000fff]
[    0.116516] PM: hibernation: Registered nosave memory: [mem 0x0009f000-0x0009ffff]
[    0.118260] PM: hibernation: Registered nosave memory: [mem 0x000a0000-0x000effff]
[    0.120364] PM: hibernation: Registered nosave memory: [mem 0x000f0000-0x000fffff]
[    0.122273] [mem 0x80000000-0xfeffbfff] available for PCI devices
[    0.123819] Booting paravirtualized kernel on KVM
[    0.124999] clocksource: refined-jiffies: mask: 0xffffffff max_cycles: 0xffffffff, max_idle_ns: 7645519600211568 ns
[    0.127593] setup_percpu: NR_CPUS:8192 nr_cpumask_bits:2 nr_cpu_ids:2 nr_node_ids:1
[    0.134134] percpu: Embedded 64 pages/cpu s225280 r8192 d28672 u1048576
[    0.136186] kvm-guest: PV spinlocks enabled
[    0.137188] PV qspinlock hash table entries: 256 (order: 0, 4096 bytes, linear)
[    0.139032] Fallback order for Node 0: 0 
[    0.140072] Built 1 zonelists, mobility grouping on.  Total pages: 515808
[    0.141692] Policy zone: DMA32
[    0.142495] Kernel command line: net.ifnames=0 console=ttyS0 root=/dev/sda earlyprintk=serial net.ifnames=0
[    0.150462] Dentry cache hash table entries: 262144 (order: 9, 2097152 bytes, linear)
[    0.152535] Inode-cache hash table entries: 131072 (order: 8, 1048576 bytes, linear)
[    0.154604] mem auto-init: stack:off, heap alloc:off, heap free:off
[    0.162346] Memory: 1985384K/2096632K available (32784K kernel code, 4694K rwdata, 7824K rodata, 3668K init, 22124K bss, 110992K reserved, 0K cma-reserved)
[    0.168257] SLUB: HWalign=64, Order=0-3, MinObjects=0, CPUs=2, Nodes=1
[    0.170249] kmemleak: Kernel memory leak detector disabled
[    0.171903] ftrace: allocating 67356 entries in 264 pages
[    0.217252] ftrace: allocated 264 pages with 2 groups
[    0.224204] Dynamic Preempt: voluntary
[    0.225860] Running RCU self tests
[    0.226841] rcu: Preemptible hierarchical RCU implementation.
[    0.228399] rcu: 	RCU lockdep checking is enabled.
[    0.229698] rcu: 	RCU restricting CPUs from NR_CPUS=8192 to nr_cpu_ids=2.
[    0.231547] 	Trampoline variant of Tasks RCU enabled.
[    0.233049] 	Rude variant of Tasks RCU enabled.
[    0.234293] 	Tracing variant of Tasks RCU enabled.
[    0.235666] rcu: RCU calculated value of scheduler-enlistment delay is 25 jiffies.
[    0.237883] rcu: Adjusting geometry for rcu_fanout_leaf=16, nr_cpu_ids=2
[    0.277892] NR_IRQS: 524544, nr_irqs: 440, preallocated irqs: 16
[    0.280145] rcu: srcu_init: Setting srcu_struct sizes based on contention.
[    0.305427] Console: colour VGA+ 80x25
[    0.306707] printk: console [ttyS0] enabled
[    0.306707] printk: console [ttyS0] enabled
[    0.309052] printk: bootconsole [earlyser0] disabled
[    0.309052] printk: bootconsole [earlyser0] disabled
[    0.311778] Lock dependency validator: Copyright (c) 2006 Red Hat, Inc., Ingo Molnar
[    0.313904] ... MAX_LOCKDEP_SUBCLASSES:  8
[    0.314998] ... MAX_LOCK_DEPTH:          48
[    0.316028] ... MAX_LOCKDEP_KEYS:        8192
[    0.317074] ... CLASSHASH_SIZE:          4096
[    0.318220] ... MAX_LOCKDEP_ENTRIES:     32768
[    0.319314] ... MAX_LOCKDEP_CHAINS:      65536
[    0.320372] ... CHAINHASH_SIZE:          32768
[    0.321491]  memory used by lock dependency info: 6365 kB
[    0.322820]  memory used for stack traces: 4224 kB
[    0.324163]  per task-struct memory footprint: 1920 bytes
[    0.325830] ACPI: Core revision 20221020
[    0.327565] clocksource: hpet: mask: 0xffffffff max_cycles: 0xffffffff, max_idle_ns: 19112604467 ns
[    0.330359] APIC: Switch to symmetric I/O mode setup
[    0.332294] x2apic enabled
[    0.333574] Switched APIC routing to physical x2apic.
[    0.334869] kvm-guest: setup PV IPIs
[    0.337019] ..TIMER: vector=0x30 apic1=0 pin1=2 apic2=-1 pin2=-1
[    0.338096] clocksource: tsc-early: mask: 0xffffffffffffffff max_cycles: 0x1128af0325d, max_idle_ns: 440795261011 ns
[    0.340019] Calibrating delay loop (skipped) preset value.. 2380.80 BogoMIPS (lpj=4761600)
[    0.341422] pid_max: default: 32768 minimum: 301
[    0.344215] LSM: Security Framework initializing
[    0.345117] Yama: becoming mindful.
[    0.346117] Mount-cache hash table entries: 4096 (order: 3, 32768 bytes, linear)
[    0.347401] Mountpoint-cache hash table entries: 4096 (order: 3, 32768 bytes, linear)
[    0.350394] CPU0: Thermal monitoring enabled (TM1)
[    0.355788] x86/cpu: User Mode Instruction Prevention (UMIP) activated
[    0.358019] Last level iTLB entries: 4KB 0, 2MB 0, 4MB 0
[    0.358963] Last level dTLB entries: 4KB 0, 2MB 0, 4MB 0, 1GB 0
[    0.360110] Spectre V1 : Mitigation: usercopy/swapgs barriers and __user pointer sanitization
[    0.361483] Spectre V2 : WARNING: Unprivileged eBPF is enabled with eIBRS on, data leaks possible via Spectre v2 BHB attacks!
[    0.363310] Spectre V2 : Mitigation: Enhanced IBRS
[    0.363989] Spectre V2 : Spectre v2 / SpectreRSB mitigation: Filling RSB on context switch
[    0.365348] Spectre V2 : Spectre v2 / PBRSB-eIBRS: Retire a single CALL on VMEXIT
[    0.366684] Spectre V2 : mitigation: Enabling conditional Indirect Branch Prediction Barrier
[    0.367993] Speculative Store Bypass: Mitigation: Speculative Store Bypass disabled via prctl
[    0.369345] MMIO Stale Data: Unknown: No mitigations
[    0.524707] Freeing SMP alternatives memory: 56K
[    0.526068] smpboot: CPU0: Genuine Intel(R) 0000 (family: 0x6, model: 0xaa, stepping: 0x1)
[    0.527978] cblist_init_generic: Setting adjustable number of callback queues.
[    0.527978] cblist_init_generic: Setting shift to 1 and lim to 1.
[    0.527978] cblist_init_generic: Setting shift to 1 and lim to 1.
[    0.528065] cblist_init_generic: Setting shift to 1 and lim to 1.
[    0.528933] Running RCU-tasks wait API self tests
[    0.632246] Performance Events: generic architected perfmon, full-width counters, Intel PMU driver.
[    0.633987] ... version:                2
[    0.634654] ... bit width:              48
[    0.635338] ... generic registers:      8
[    0.635994] ... value mask:             0000ffffffffffff
[    0.636851] ... max period:             00007fffffffffff
[    0.637743] ... fixed-purpose events:   3
[    0.638491] ... event mask:             00000007000000ff
[    0.640295] rcu: Hierarchical SRCU implementation.
[    0.641167] rcu: 	Max phase no-delay instances is 1000.
[    0.645291] Callback from call_rcu_tasks_trace() invoked.
[    0.648136] smp: Bringing up secondary CPUs ...
[    0.652195] x86: Booting SMP configuration:
[    0.653001] .... node  #0, CPUs:      #1
[    0.049822] smpboot: CPU 1 Converting physical 0 to logical die 1
[    0.656295] smp: Brought up 1 node, 2 CPUs
[    0.656972] smpboot: Max logical packages: 2
[    0.657669] smpboot: Total of 2 processors activated (4761.60 BogoMIPS)
[    0.664374] devtmpfs: initialized
[    0.664831] x86/mm: Memory block size: 128MB
[    0.668717] clocksource: jiffies: mask: 0xffffffff max_cycles: 0xffffffff, max_idle_ns: 7645041785100000 ns
[    0.669912] futex hash table entries: 512 (order: 4, 65536 bytes, linear)
[    0.671218] pinctrl core: initialized pinctrl subsystem
[    0.672741] 
[    0.672961] *************************************************************
[    0.673827] **     NOTICE NOTICE NOTICE NOTICE NOTICE NOTICE NOTICE    **
[    0.674659] **                                                         **
[    0.675505] **  IOMMU DebugFS SUPPORT HAS BEEN ENABLED IN THIS KERNEL  **
[    0.675985] **                                                         **
[    0.676814] ** This means that this kernel is built to expose internal **
[    0.677687] ** IOMMU data structures, which may compromise security on **
[    0.678575] ** your system.                                            **
[    0.679441] **                                                         **
[    0.679983] ** If you see this message and you are not debugging the   **
[    0.680875] ** kernel, report this immediately to your vendor!         **
[    0.681729] **                                                         **
[    0.682606] **     NOTICE NOTICE NOTICE NOTICE NOTICE NOTICE NOTICE    **
[    0.683524] *************************************************************
[    0.684058] PM: RTC time: 04:32:14, date: 2022-12-29
[    0.689713] NET: Registered PF_NETLINK/PF_ROUTE protocol family
[    0.691355] DMA: preallocated 256 KiB GFP_KERNEL pool for atomic allocations
[    0.692008] DMA: preallocated 256 KiB GFP_KERNEL|GFP_DMA pool for atomic allocations
[    0.693111] DMA: preallocated 256 KiB GFP_KERNEL|GFP_DMA32 pool for atomic allocations
[    0.694234] audit: initializing netlink subsys (disabled)
[    0.695092] audit: type=2000 audit(1672288334.360:1): state=initialized audit_enabled=0 res=1
[    0.696210] thermal_sys: Registered thermal governor 'fair_share'
[    0.696590] thermal_sys: Registered thermal governor 'bang_bang'
[    0.697409] thermal_sys: Registered thermal governor 'step_wise'
[    0.698182] thermal_sys: Registered thermal governor 'user_space'
[    0.699021] cpuidle: using governor ladder
[    0.699998] cpuidle: using governor menu
[    0.700905] acpiphp: ACPI Hot Plug PCI Controller Driver version: 0.5
[    0.702178] PCI: Using configuration type 1 for base access
[    0.720050] kprobes: kprobe jump-optimization is enabled. All kprobes are optimized if possible.
[    0.977603] Callback from call_rcu_tasks_rude() invoked.
[    1.032649] HugeTLB: registered 1.00 GiB page size, pre-allocated 0 pages
[    1.033773] HugeTLB: 16380 KiB vmemmap can be freed for a 1.00 GiB page
[    1.034960] HugeTLB: registered 2.00 MiB page size, pre-allocated 0 pages
[    1.036003] HugeTLB: 28 KiB vmemmap can be freed for a 2.00 MiB page
[    1.040244] ACPI: Added _OSI(Module Device)
[    1.040981] ACPI: Added _OSI(Processor Device)
[    1.041853] ACPI: Added _OSI(3.0 _SCP Extensions)
[    1.042598] ACPI: Added _OSI(Processor Aggregator Device)
[    1.055868] ACPI: 1 ACPI AML tables successfully acquired and loaded
[    1.061466] ACPI: Interpreter enabled
[    1.062238] ACPI: PM: (supports S0 S3 S4 S5)
[    1.063030] ACPI: Using IOAPIC for interrupt routing
[    1.063938] PCI: Using host bridge windows from ACPI; if necessary, use "pci=nocrs" and report a bug
[    1.063992] PCI: Using E820 reservations for host bridge windows
[    1.066149] ACPI: Enabled 2 GPEs in block 00 to 0F
[    1.080108] Callback from call_rcu_tasks() invoked.
[    1.087736] ACPI: PCI Root Bridge [PCI0] (domain 0000 [bus 00-ff])
[    1.088009] acpi PNP0A03:00: _OSC: OS supports [ASPM ClockPM Segments MSI EDR HPX-Type3]
[    1.089091] acpi PNP0A03:00: _OSC: not requesting OS control; OS requires [ExtendedConfig ASPM ClockPM MSI]
[    1.090416] acpi PNP0A03:00: fail to add MMCONFIG information, can't access extended PCI configuration space under this bridge.
[    1.094841] acpiphp: Slot [3] registered
[    1.095443] acpiphp: Slot [4] registered
[    1.096053] acpiphp: Slot [5] registered
[    1.096674] acpiphp: Slot [6] registered
[    1.097271] acpiphp: Slot [7] registered
[    1.097848] acpiphp: Slot [8] registered
[    1.098458] acpiphp: Slot [9] registered
[    1.099035] acpiphp: Slot [10] registered
[    1.099783] acpiphp: Slot [11] registered
[    1.100071] acpiphp: Slot [12] registered
[    1.100671] acpiphp: Slot [13] registered
[    1.101397] acpiphp: Slot [14] registered
[    1.102120] acpiphp: Slot [15] registered
[    1.102813] acpiphp: Slot [16] registered
[    1.103417] acpiphp: Slot [17] registered
[    1.104077] acpiphp: Slot [18] registered
[    1.104745] acpiphp: Slot [19] registered
[    1.105363] acpiphp: Slot [20] registered
[    1.106002] acpiphp: Slot [21] registered
[    1.106815] acpiphp: Slot [22] registered
[    1.107488] acpiphp: Slot [23] registered
[    1.108064] acpiphp: Slot [24] registered
[    1.108682] acpiphp: Slot [25] registered
[    1.109379] acpiphp: Slot [26] registered
[    1.110031] acpiphp: Slot [27] registered
[    1.110641] acpiphp: Slot [28] registered
[    1.111308] acpiphp: Slot [29] registered
[    1.111929] acpiphp: Slot [30] registered
[    1.112068] acpiphp: Slot [31] registered
[    1.112629] PCI host bridge to bus 0000:00
[    1.113175] pci_bus 0000:00: root bus resource [io  0x0000-0x0cf7 window]
[    1.114111] pci_bus 0000:00: root bus resource [io  0x0d00-0xffff window]
[    1.114902] pci_bus 0000:00: root bus resource [mem 0x000a0000-0x000bffff window]
[    1.115862] pci_bus 0000:00: root bus resource [mem 0x80000000-0xfebfffff window]
[    1.115987] pci_bus 0000:00: root bus resource [mem 0x100000000-0x17fffffff window]
[    1.116898] pci_bus 0000:00: root bus resource [bus 00-ff]
[    1.117796] pci 0000:00:00.0: [8086:1237] type 00 class 0x060000
[    1.122120] pci 0000:00:01.0: [8086:7000] type 00 class 0x060100
[    1.123838] pci 0000:00:01.1: [8086:7010] type 00 class 0x010180
[    1.125658] pci 0000:00:01.1: reg 0x20: [io  0xc040-0xc04f]
[    1.127159] pci 0000:00:01.1: legacy IDE quirk: reg 0x10: [io  0x01f0-0x01f7]
[    1.127988] pci 0000:00:01.1: legacy IDE quirk: reg 0x14: [io  0x03f6]
[    1.128831] pci 0000:00:01.1: legacy IDE quirk: reg 0x18: [io  0x0170-0x0177]
[    1.129744] pci 0000:00:01.1: legacy IDE quirk: reg 0x1c: [io  0x0376]
[    1.131011] pci 0000:00:01.3: [8086:7113] type 00 class 0x068000
[    1.132251] pci 0000:00:01.3: quirk: [io  0x0600-0x063f] claimed by PIIX4 ACPI
[    1.133216] pci 0000:00:01.3: quirk: [io  0x0700-0x070f] claimed by PIIX4 SMB
[    1.134810] pci 0000:00:02.0: [1234:1111] type 00 class 0x030000
[    1.136525] pci 0000:00:02.0: reg 0x10: [mem 0xfd000000-0xfdffffff pref]
[    1.140659] pci 0000:00:02.0: reg 0x18: [mem 0xfebf0000-0xfebf0fff]
[    1.147939] pci 0000:00:02.0: reg 0x30: [mem 0xfebe0000-0xfebeffff pref]
[    1.148395] pci 0000:00:02.0: Video device with shadowed ROM at [mem 0x000c0000-0x000dffff]
[    1.155844] pci 0000:00:03.0: [8086:100e] type 00 class 0x020000
[    1.157111] pci 0000:00:03.0: reg 0x10: [mem 0xfebc0000-0xfebdffff]
[    1.159100] pci 0000:00:03.0: reg 0x14: [io  0xc000-0xc03f]
[    1.164636] pci 0000:00:03.0: reg 0x30: [mem 0xfeb80000-0xfebbffff pref]
[    1.186817] ACPI: PCI: Interrupt link LNKA configured for IRQ 10
[    1.188594] ACPI: PCI: Interrupt link LNKB configured for IRQ 10
[    1.190277] ACPI: PCI: Interrupt link LNKC configured for IRQ 11
[    1.191949] ACPI: PCI: Interrupt link LNKD configured for IRQ 11
[    1.192284] ACPI: PCI: Interrupt link LNKS configured for IRQ 9
[    1.196020] iommu: Default domain type: Translated 
[    1.197023] iommu: DMA domain TLB invalidation policy: lazy mode 
[    1.200506] SCSI subsystem initialized
[    1.201925] ACPI: bus type USB registered
[    1.202905] usbcore: registered new interface driver usbfs
[    1.204100] usbcore: registered new interface driver hub
[    1.205249] usbcore: registered new device driver usb
[    1.206473] pps_core: LinuxPPS API ver. 1 registered
[    1.207358] pps_core: Software ver. 5.3.6 - Copyright 2005-2007 Rodolfo Giometti <giometti@linux.it>
[    1.208051] PTP clock support registered
[    1.209377] EDAC MC: Ver: 3.0.0
[    1.216582] NetLabel: Initializing
[    1.217111] NetLabel:  domain hash size = 128
[    1.217687] NetLabel:  protocols = UNLABELED CIPSOv4 CALIPSO
[    1.218533] NetLabel:  unlabeled traffic allowed by default
[    1.248708] PCI: Using ACPI for IRQ routing
[    1.249968] pci 0000:00:02.0: vgaarb: setting as boot VGA device
[    1.251027] pci 0000:00:02.0: vgaarb: bridge control possible
[    1.251978] pci 0000:00:02.0: vgaarb: VGA device added: decodes=io+mem,owns=io+mem,locks=none
[    1.251995] vgaarb: loaded
[    1.253642] hpet0: at MMIO 0xfed00000, IRQs 2, 8, 0
[    1.254497] hpet0: 3 comparators, 64-bit 100.000000 MHz counter
[    3.985935] clocksource: Switched to clocksource kvm-clock
[    6.798422] VFS: Disk quotas dquot_6.6.0
[    6.799435] VFS: Dquot-cache hash table entries: 512 (order 0, 4096 bytes)
[    6.801607] pnp: PnP ACPI init
[    6.805032] pnp: PnP ACPI: found 6 devices
[    6.817593] clocksource: acpi_pm: mask: 0xffffff max_cycles: 0xffffff, max_idle_ns: 2085701024 ns
[    6.819610] NET: Registered PF_INET protocol family
[    6.820737] IP idents hash table entries: 32768 (order: 6, 262144 bytes, linear)
[    6.822995] tcp_listen_portaddr_hash hash table entries: 1024 (order: 4, 73728 bytes, linear)
[    6.824320] Table-perturb hash table entries: 65536 (order: 6, 262144 bytes, linear)
[    6.825327] TCP established hash table entries: 16384 (order: 5, 131072 bytes, linear)
[    6.826666] TCP bind hash table entries: 16384 (order: 9, 2359296 bytes, linear)
[    6.831307] TCP: Hash tables configured (established 16384 bind 16384)
[    6.832647] UDP hash table entries: 1024 (order: 5, 163840 bytes, linear)
[    6.833694] UDP-Lite hash table entries: 1024 (order: 5, 163840 bytes, linear)
[    6.834975] NET: Registered PF_UNIX/PF_LOCAL protocol family
[    6.836620] RPC: Registered named UNIX socket transport module.
[    6.837431] RPC: Registered udp transport module.
[    6.838065] RPC: Registered tcp transport module.
[    6.838662] RPC: Registered tcp NFSv4.1 backchannel transport module.
[    6.840173] pci_bus 0000:00: resource 4 [io  0x0000-0x0cf7 window]
[    6.841564] pci_bus 0000:00: resource 5 [io  0x0d00-0xffff window]
[    6.842367] pci_bus 0000:00: resource 6 [mem 0x000a0000-0x000bffff window]
[    6.843265] pci_bus 0000:00: resource 7 [mem 0x80000000-0xfebfffff window]
[    6.844306] pci_bus 0000:00: resource 8 [mem 0x100000000-0x17fffffff window]
[    6.845546] pci 0000:00:01.0: PIIX3: Enabling Passive Release
[    6.846288] pci 0000:00:00.0: Limiting direct PCI/PCI transfers
[    6.847303] PCI: CLS 0 bytes, default 64
[    6.848236] ACPI: bus type thunderbolt registered
[    6.849323] clocksource: tsc: mask: 0xffffffffffffffff max_cycles: 0x1128af0325d, max_idle_ns: 440795261011 ns
[    6.857146] Initialise system trusted keyrings
[    6.858431] Key type blacklist registered
[    6.859970] workingset: timestamp_bits=36 max_order=19 bucket_order=0
[    6.862270] zbud: loaded
[    6.865246] squashfs: version 4.0 (2009/01/31) Phillip Lougher
[    6.868521] NFS: Registering the id_resolver key type
[    6.869391] Key type id_resolver registered
[    6.870100] Key type id_legacy registered
[    6.870907] nfs4filelayout_init: NFSv4 File Layout Driver Registering...
[    6.872089] nfs4flexfilelayout_init: NFSv4 Flexfile Layout Driver Registering...
[    6.873680] fuse: init (API version 7.37)
[    6.874639] SGI XFS with ACLs, security attributes, realtime, quota, no debug enabled
[    6.877437] 9p: Installing v9fs 9p2000 file system support
[    6.890902] Key type asymmetric registered
[    6.891687] Asymmetric key parser 'x509' registered
[    6.894934] alg: self-tests for CTR-KDF (hmac(sha256)) passed
[    6.896148] Block layer SCSI generic (bsg) driver version 0.4 loaded (major 243)
[    6.897737] io scheduler mq-deadline registered
[    6.898536] io scheduler bfq registered
[    6.900769] shpchp: Standard Hot Plug PCI Controller Driver version: 0.4
[    6.902707] IPMI message handler: version 39.2
[    6.903497] ipmi device interface
[    6.906867] input: Power Button as /devices/LNXSYSTM:00/LNXPWRBN:00/input/input0
[    6.908677] ACPI: button: Power Button [PWRF]
[    6.910986] ERST DBG: ERST support is disabled.
[    6.912763] Serial: 8250/16550 driver, 32 ports, IRQ sharing enabled
[    6.914710] 00:04: ttyS0 at I/O 0x3f8 (irq = 4, base_baud = 115200) is a 16550A
[    6.930643] Linux agpgart interface v0.103
[    6.932556] ACPI: bus type drm_connector registered
[    6.954524] brd: module loaded
[    6.968995] loop: module loaded
[    6.977312] scsi host0: ata_piix
[    6.978811] scsi host1: ata_piix
[    6.979640] ata1: PATA max MWDMA2 cmd 0x1f0 ctl 0x3f6 bmdma 0xc040 irq 14
[    6.980844] ata2: PATA max MWDMA2 cmd 0x170 ctl 0x376 bmdma 0xc048 irq 15
[    6.984485] tun: Universal TUN/TAP device driver, 1.6
[    6.985637] e100: Intel(R) PRO/100 Network Driver
[    6.986481] e100: Copyright(c) 1999-2006 Intel Corporation
[    6.987456] e1000: Intel(R) PRO/1000 Network Driver
[    6.988345] e1000: Copyright (c) 1999-2006 Intel Corporation.
[    7.140237] ata1: found unknown device (class 0)
[    7.141563] ata2: found unknown device (class 0)
[    7.143117] ata1.00: ATA-7: QEMU HARDDISK, 2.5+, max UDMA/100
[    7.144259] ata1.00: 16777216 sectors, multi 16: LBA48 
[    7.145463] ata2.00: ATAPI: QEMU DVD-ROM, 2.5+, max UDMA/100
[    7.148581] scsi 0:0:0:0: Direct-Access     ATA      QEMU HARDDISK    2.5+ PQ: 0 ANSI: 5
[    7.151536] sd 0:0:0:0: Attached scsi generic sg0 type 0
[    7.152343] sd 0:0:0:0: [sda] 16777216 512-byte logical blocks: (8.59 GB/8.00 GiB)
[    7.154006] sd 0:0:0:0: [sda] Write Protect is off
[    7.154858] scsi 1:0:0:0: CD-ROM            QEMU     QEMU DVD-ROM     2.5+ PQ: 0 ANSI: 5
[    7.156633] sd 0:0:0:0: [sda] Write cache: enabled, read cache: enabled, doesn't support DPO or FUA
[    7.160150] sd 0:0:0:0: [sda] Preferred minimum I/O size 512 bytes
[    7.178310] sd 0:0:0:0: [sda] Attached SCSI disk
[    7.197449] scsi 1:0:0:0: Attached scsi generic sg1 type 5
[    7.275213] ACPI: \_SB_.LNKC: Enabled at IRQ 11
[    7.662792] e1000 0000:00:03.0 eth0: (PCI:33MHz:32-bit) 52:54:00:12:34:56
[    7.664154] e1000 0000:00:03.0 eth0: Intel(R) PRO/1000 Network Connection
[    7.665495] e1000e: Intel(R) PRO/1000 Network Driver
[    7.666284] e1000e: Copyright(c) 1999 - 2015 Intel Corporation.
[    7.667411] igb: Intel(R) Gigabit Ethernet Network Driver
[    7.668353] igb: Copyright (c) 2007-2014 Intel Corporation.
[    7.669540] PPP generic driver version 2.4.2
[    7.670944] VFIO - User Level meta-driver version: 0.3
[    7.672925] usbcore: registered new interface driver uas
[    7.674066] usbcore: registered new interface driver usb-storage
[    7.675344] i8042: PNP: PS/2 Controller [PNP0303:KBD,PNP0f13:MOU] at 0x60,0x64 irq 1,12
[    7.677764] serio: i8042 KBD port at 0x60,0x64 irq 1
[    7.678460] serio: i8042 AUX port at 0x60,0x64 irq 12
[    7.680192] mousedev: PS/2 mouse device common for all mice
[    7.681993] input: AT Translated Set 2 keyboard as /devices/platform/i8042/serio0/input/input1
[    7.684508] input: VirtualPS/2 VMware VMMouse as /devices/platform/i8042/serio1/input/input4
[    7.686638] input: VirtualPS/2 VMware VMMouse as /devices/platform/i8042/serio1/input/input3
[    7.688029] rtc_cmos 00:05: RTC can wake from S4
[    7.690040] rtc_cmos 00:05: registered as rtc0
[    7.690712] rtc_cmos 00:05: setting system clock to 2022-12-29T04:32:21 UTC (1672288341)
[    7.691971] rtc_cmos 00:05: alarms up to one day, y3k, 242 bytes nvram, hpet irqs
[    7.693061] i2c_dev: i2c /dev entries driver
[    7.694065] device-mapper: core: CONFIG_IMA_DISABLE_HTABLE is disabled. Duplicate IMA measurements will not be recorded in the IMA log.
[    7.695723] device-mapper: uevent: version 1.0.3
[    7.696611] device-mapper: ioctl: 4.47.0-ioctl (2022-07-28) initialised: dm-devel@redhat.com
[    7.697788] intel_pstate: CPU model not supported
[    7.698524] sdhci: Secure Digital Host Controller Interface driver
[    7.699342] sdhci: Copyright(c) Pierre Ossman
[    7.700119] sdhci-pltfm: SDHCI platform and OF driver helper
[    7.700960] ledtrig-cpu: registered to indicate activity on CPUs
[    7.702340] drop_monitor: Initializing network drop monitor service
[    7.703497] NET: Registered PF_INET6 protocol family
[    7.706583] Segment Routing with IPv6
[    7.707231] In-situ OAM (IOAM) with IPv6
[    7.707835] NET: Registered PF_PACKET protocol family
[    7.708783] 9pnet: Installing 9P2000 support
[    7.709443] Key type dns_resolver registered
[    7.711280] IPI shorthand broadcast: enabled
[    7.712164] sched_clock: Marking stable (7666219150, 45822289)->(7770179950, -58138511)
[    7.714569] registered taskstats version 1
[    7.715430] Loading compiled-in X.509 certificates
[    7.716892] zswap: loaded using pool lzo/zbud
[    7.745130] Key type .fscrypt registered
[    7.745812] Key type fscrypt-provisioning registered
[    7.748455] Key type encrypted registered
[    7.749215] ima: No TPM chip found, activating TPM-bypass!
[    7.750153] ima: Allocated hash algorithm: sha1
[    7.750945] ima: No architecture policies found
[    7.751880] evm: Initialising EVM extended attributes:
[    7.752853] evm: security.selinux
[    7.753423] evm: security.SMACK64
[    7.754047] evm: security.SMACK64EXEC
[    7.754650] evm: security.SMACK64TRANSMUTE
[    7.755328] evm: security.SMACK64MMAP
[    7.756059] evm: security.apparmor
[    7.756631] evm: security.ima
[    7.757136] evm: security.capability
[    7.757710] evm: HMAC attrs: 0x1
[    7.768260] PM:   Magic number: 2:118:516
[    7.769750] RAS: Correctable Errors collector initialized.
[    7.772840] md: Waiting for all devices to be available before autodetect
[    7.773638] md: If you don't use raid, use raid=noautodetect
[    7.774383] md: Autodetecting RAID arrays.
[    7.774958] md: autorun ...
[    7.775289] md: ... autorun DONE.
[    7.784603] EXT4-fs (sda): mounted filesystem with ordered data mode. Quota mode: none.
[    7.785853] VFS: Mounted root (ext4 filesystem) readonly on device 8:0.
[    7.789324] devtmpfs: mounted
[    7.800260] Freeing unused decrypted memory: 2036K
[    7.805690] Freeing unused kernel image (initmem) memory: 3668K
[    7.806958] Write protecting the kernel read-only data: 43008k
[    7.813409] Freeing unused kernel image (text/rodata gap) memory: 2028K
[    7.815533] Freeing unused kernel image (rodata/data gap) memory: 368K
[    7.939659] x86/mm: Checked W+X mappings: passed, no W+X pages found.
[    7.940860] Run /sbin/init as init process
[    8.077822] systemd[1]: RTC configured in localtime, applying delta of 0 minutes to system time.
[    8.124707] systemd[1]: systemd 239 (239-49.el8) running in system mode. (+PAM +AUDIT +SELINUX +IMA -APPARMOR +SMACK +SYSVINIT +UTMP +LIBCRYPTSETUP +GCRYPT +GNUTLS +ACL +XZ +LZ4 +SECCOMP +BLKID +ELFUTILS +KMOD +IDN2 -IDN +PCRE2 default-hierarchy=legacy)
[    8.127806] systemd[1]: Detected virtualization kvm.
[    8.128474] systemd[1]: Detected architecture x86-64.

Welcome to [0;31mCentOS Stream 8[0m!

[    8.195964] systemd[1]: Set hostname to <test>.
[    9.368209] random: crng init done
[    9.538371] systemd[1]: Set up automount Arbitrary Executable File Formats File System Automount Point.
[[0;32m  OK  [0m] Set up automount Arbitrary Executabâ€¦rmats File System Automount Point.
[    9.545856] systemd[1]: Created slice User and Session Slice.
[[0;32m  OK  [0m] Created slice User and Session Slice.
[    9.548695] systemd[1]: Listening on Device-mapper event daemon FIFOs.
[[0;32m  OK  [0m] Listening on Device-mapper event daemon FIFOs.
[    9.551848] systemd[1]: Listening on LVM2 poll daemon socket.
[[0;32m  OK  [0m] Listening on LVM2 poll daemon socket.
[    9.554752] systemd[1]: Listening on udev Control Socket.
[[0;32m  OK  [0m] Listening on udev Control Socket.
[    9.557382] systemd[1]: Started Forward Password Requests to Wall Directory Watch.
[[0;32m  OK  [0m] Started Forward Password Requests to Wall Directory Watch.
[[0;32m  OK  [0m] Created slice system-getty.slice.
[[0;32m  OK  [0m] Reached target Swap.
[[0;32m  OK  [0m] Listening on Process Core Dump Socket.
[[0;32m  OK  [0m] Listening on Journal Socket.
         Mounting POSIX Message Queue File System...
         Starting Load Kernel Modules...
         Starting Remount Root and Kernel File Systems...
         Starting Monitoring of LVM2 mirrorsâ€¦ng dmeventd or progress polling...
         Mounting Huge Pages File System...
         Mounting Kernel Debug File System...
[[0;32m  OK  [0m] Created slice system-serial\x2dgetty.slice.
[[0;32m  OK  [0m] Listening on RPCbind Server Activation Socket.
[[0;32m  OK  [0m] Reached target RPC Port Mapper.
[[0;32m  OK  [0m] Reached target Slices.
[[0;32m  OK  [0m] Listening on initctl Compatibility Named Pipe.
[[0;32m  OK  [0m] Listening on udev Kernel Socket.
         Starting udev Coldplug all Devices...
[[0;32m  OK  [0m] Listening on Journal Socket (/dev/log).
         Starting Journal Service...
         Starting Setup Virtual Console...
[[0;32m  OK  [0m] Created slice system-sshd\x2dkeygen.slice.
[[0;32m  OK  [0m] Listening on multipathd control socket.
[[0;32m  OK  [0m] Mounted POSIX Message Queue File System.
[   10.144986] EXT4-fs (sda): re-mounted. Quota mode: none.
[[0;1;31mFAILED[0m] Failed to start Load Kernel Modules.
See 'systemctl status systemd-modules-load.service' for details.
[[0;32m  OK  [0m] Started Journal Service.
[[0;32m  OK  [0m] Started Remount Root and Kernel File Systems.
[[0;32m  OK  [0m] Mounted Huge Pages File System.
[[0;32m  OK  [0m] Mounted Kernel Debug File System.
         Starting Load/Save Random Seed...
         Starting Create Static Device Nodes in /dev...
         Starting Flush Journal to Persistent Storage...
         Mounting FUSE Control File System...
         Starting Apply Kernel Variables...
         Mounting Kernel Configuration File System...
[[0;32m  OK  [0m] Started Setup Virtual Console.
[[0;32m  OK  [0m] Started Load/Save Random Seed.
[[0;32m  OK  [0m] Started Create Static Device Nodes in /dev.
[[0;32m  OK  [0m] Started udev Coldplug all Devices.
[[0;32m  OK  [0m] Mounted FUSE Control File System.
[[0;32m  OK  [0m] Started Apply Kernel Variables.
[[0;32m  OK  [0m] Mounted Kernel Configuration File System.
         Starting udev Wait for Complete Device Initialization...
         Starting udev Kernel Device Manager...
[[0;32m  OK  [0m] Started Flush Journal to Persistent Storage.
[[0;32m  OK  [0m] Started udev Kernel Device Manager.
         Starting Show Plymouth Boot Screen...
[[0;32m  OK  [0m] Started Show Plymouth Boot Screen.
[[0;32m  OK  [0m] Started Forward Password Requests to Plymouth Directory Watch.
[[0;32m  OK  [0m] Reached target Local Encrypted Volumes.
[[0;32m  OK  [0m] Reached target Paths.
[[0;32m  OK  [0m] Found device /dev/ttyS0.
[[0;32m  OK  [0m] Listening on Load/Save RF Kill Switch Status /dev/rfkill Watch.
[[0;32m  OK  [0m] Started Monitoring of LVM2 mirrors,â€¦sing dmeventd or progress polling.
[[0;32m  OK  [0m] Started udev Wait for Complete Device Initialization.
[[0;32m  OK  [0m] Reached target Local File Systems (Pre).
[[0;32m  OK  [0m] Reached target Local File Systems.
         Starting Restore /run/initramfs on shutdown...
         Starting Create Volatile Files and Directories...
         Starting Tell Plymouth To Write Out Runtime Data...
[[0;32m  OK  [0m] Started Restore /run/initramfs on shutdown.
[[0;32m  OK  [0m] Started Create Volatile Files and Directories.
[[0;32m  OK  [0m] Started Tell Plymouth To Write Out Runtime Data.
         Mounting RPC Pipe File System...
         Starting Security Auditing Service...
         Starting RPC Bind...
[[0;32m  OK  [0m] Mounted RPC Pipe File System.
[[0;32m  OK  [0m] Reached target rpc_pipefs.target.
[[0;32m  OK  [0m] Started RPC Bind.
[[0;32m  OK  [0m] Started Security Auditing Service.
         Starting Update UTMP about System Boot/Shutdown...
[[0;32m  OK  [0m] Started Update UTMP about System Boot/Shutdown.
[[0;32m  OK  [0m] Reached target System Initialization.
[[0;32m  OK  [0m] Started daily update of the root trust anchor for DNSSEC.
[[0;32m  OK  [0m] Listening on D-Bus System Message Bus Socket.
[[0;32m  OK  [0m] Started dnf makecache --timer.
[[0;32m  OK  [0m] Listening on SSSD Kerberos Cache Manager responder socket.
[[0;32m  OK  [0m] Reached target Sockets.
[[0;32m  OK  [0m] Reached target Basic System.
         Starting NTP client/server...
         Starting Authorization Manager...
[[0;32m  OK  [0m] Started D-Bus System Message Bus.
[[0;32m  OK  [0m] Started Machine Check Exception Logging Daemon.
[[0;32m  OK  [0m] Started irqbalance daemon.
         Starting Network Manager...
         Starting Auto-connect to subsystemsâ€¦-NVME devices found during boot...
[[0;32m  OK  [0m] Reached target sshd-keygen.target.
         Starting Login Service...
         Starting Self Monitoring and Reporting Technology (SMART) Daemon...
[[0;32m  OK  [0m] Started Daily Cleanup of Temporary Directories.
[[0;32m  OK  [0m] Reached target Timers.
[[0;32m  OK  [0m] Started Auto-connect to subsystems â€¦FC-NVME devices found during boot.
         Starting update of the root trust aâ€¦or DNSSEC validation in unbound...
[[0;32m  OK  [0m] Started Network Manager.
[[0;32m  OK  [0m] Reached target Network.
         Starting GSSAPI Proxy Daemon...
         Starting Dynamic System Tuning Daemon...
         Starting OpenSSH server daemon...
         Starting Network Manager Wait Online...
[[0;32m  OK  [0m] Started NTP client/server.
[[0;32m  OK  [0m] Started Self Monitoring and Reporting Technology (SMART) Daemon.
[[0;32m  OK  [0m] Started Login Service.
[[0;32m  OK  [0m] Started GSSAPI Proxy Daemon.
[[0;32m  OK  [0m] Reached target NFS client services.
[[0;32m  OK  [0m] Reached target Remote File Systems (Pre).
[[0;32m  OK  [0m] Reached target Remote File Systems.
         Starting Permit User Sessions...
         Starting Hostname Service...
[[0;32m  OK  [0m] Started OpenSSH server daemon.
[[0;32m  OK  [0m] Started update of the root trust anâ€¦ for DNSSEC validation in unbound.
[[0;32m  OK  [0m] Started Permit User Sessions.
[[0;32m  OK  [0m] Started Authorization Manager.
         Starting Terminate Plymouth Boot Screen...
[[0;32m  OK  [0m] Started Command Scheduler.
         Starting Hold until boot process finishes up...
[[0;32m  OK  [0m] Started Terminate Plymouth Boot Screen.
[[0;32m  OK  [0m] Started Hold until boot process finishes up.
[   14.036432] e1000: eth0 NIC Link is Up 1000 Mbps Full Duplex, Flow Control: RX
[   14.037647] IPv6: ADDRCONF(NETDEV_CHANGE): eth0: link becomes ready
[   14.401125] Spectre V2 : WARNING: Unprivileged eBPF is enabled with eIBRS on, data leaks possible via Spectre v2 BHB attacks!
[   14.403105] Spectre V2 : WARNING: Unprivileged eBPF is enabled with eIBRS on, data leaks possible via Spectre v2 BHB attacks!

CentOS Stream 8
Kernel 6.1.0-617fe4fa82b2+ on an x86_64

test login: [   27.872383] perf: interrupt took too long (2523 > 2500), lowering kernel.perf_event_max_sample_rate to 79250
[   27.874444] perf: interrupt took too long (3194 > 3153), lowering kernel.perf_event_max_sample_rate to 62500
[   27.875906] perf: interrupt took too long (4347 > 3992), lowering kernel.perf_event_max_sample_rate to 46000
[   27.877102] perf: interrupt took too long (5522 > 5433), lowering kernel.perf_event_max_sample_rate to 36000
[   27.880418] perf: interrupt took too long (6984 > 6902), lowering kernel.perf_event_max_sample_rate to 28500
[   27.885597] perf: interrupt took too long (8784 > 8730), lowering kernel.perf_event_max_sample_rate to 22750
[   27.890350] perf: interrupt took too long (11179 > 10980), lowering kernel.perf_event_max_sample_rate to 17750
[   27.899915] perf: interrupt took too long (13996 > 13973), lowering kernel.perf_event_max_sample_rate to 14250
[   27.915759] perf: interrupt took too long (17496 > 17495), lowering kernel.perf_event_max_sample_rate to 11250
[   27.999681] perf: interrupt took too long (21980 > 21870), lowering kernel.perf_event_max_sample_rate to 9000
[   86.417345] perf_duration_warn: 1 callbacks suppressed
[   86.417362] perf: interrupt took too long (35176 > 34398), lowering kernel.perf_event_max_sample_rate to 5500
