c[?7l[2J[0mSeaBIOS (version rel-1.14.0-0-g155821a1990b-prebuilt.qemu.org)


iPXE (http://ipxe.org) 00:03.0 CA00 PCI2.10 PnP PMM+7FF8F030+7FEEF030 CA00
Press Ctrl-B to configure iPXE (PCI 00:03.0)...                                                                               


Booting from ROM...
c[?7l[2J[    0.000000] Linux version 6.1.0-8715c6d3100f+ (root@p-mtlp02) (gcc (GCC) 8.5.0 20210514 (Red Hat 8.5.0-17), GNU ld version 2.36.1-2.el8) #1 SMP PREEMPT_DYNAMIC Wed Dec 28 18:42:39 CST 2022
[    0.000000] Command line: console=ttyS0 root=/dev/sda earlyprintk=serial net.ifnames=0
[    0.000000] KERNEL supported cpus:
[    0.000000]   Intel GenuineIntel
[    0.000000]   AMD AuthenticAMD
[    0.000000]   Hygon HygonGenuine
[    0.000000]   Centaur CentaurHauls
[    0.000000]   zhaoxin   Shanghai  
[    0.000000] x86/split lock detection: #DB: warning on user-space bus_locks
[    0.000000] x86/fpu: Supporting XSAVE feature 0x001: 'x87 floating point registers'
[    0.000000] x86/fpu: Supporting XSAVE feature 0x002: 'SSE registers'
[    0.000000] x86/fpu: Supporting XSAVE feature 0x004: 'AVX registers'
[    0.000000] x86/fpu: Supporting XSAVE feature 0x200: 'Protection Keys User registers'
[    0.000000] x86/fpu: xstate_offset[2]:  576, xstate_sizes[2]:  256
[    0.000000] x86/fpu: xstate_offset[9]:  832, xstate_sizes[9]:    8
[    0.000000] x86/fpu: Enabled xstate features 0x207, context size is 840 bytes, using 'compacted' format.
[    0.000000] signal: max sigframe size: 3632
[    0.000000] BIOS-provided physical RAM map:
[    0.000000] BIOS-e820: [mem 0x0000000000000000-0x000000000009fbff] usable
[    0.000000] BIOS-e820: [mem 0x000000000009fc00-0x000000000009ffff] reserved
[    0.000000] BIOS-e820: [mem 0x00000000000f0000-0x00000000000fffff] reserved
[    0.000000] BIOS-e820: [mem 0x0000000000100000-0x000000007ffdffff] usable
[    0.000000] BIOS-e820: [mem 0x000000007ffe0000-0x000000007fffffff] reserved
[    0.000000] BIOS-e820: [mem 0x00000000feffc000-0x00000000feffffff] reserved
[    0.000000] BIOS-e820: [mem 0x00000000fffc0000-0x00000000ffffffff] reserved
[    0.000000] printk: bootconsole [earlyser0] enabled
[    0.000000] NX (Execute Disable) protection: active
[    0.000000] SMBIOS 2.8 present.
[    0.000000] DMI: QEMU Standard PC (i440FX + PIIX, 1996), BIOS rel-1.14.0-0-g155821a1990b-prebuilt.qemu.org 04/01/2014
[    0.000000] Hypervisor detected: KVM
[    0.000000] kvm-clock: Using msrs 4b564d01 and 4b564d00
[    0.000007] kvm-clock: using sched offset of 618354115 cycles
[    0.000727] clocksource: kvm-clock: mask: 0xffffffffffffffff max_cycles: 0x1cd42e4dffb, max_idle_ns: 881590591483 ns
[    0.002880] tsc: Detected 1190.400 MHz processor
[    0.010903] last_pfn = 0x7ffe0 max_arch_pfn = 0x400000000
[    0.011779] x86/PAT: Configuration [0-7]: WB  WC  UC- UC  WB  WP  UC- WT  
[    0.022901] found SMP MP-table at [mem 0x000f5a90-0x000f5a9f]
[    0.023892] Using GB pages for direct mapping
[    0.026425] ACPI: Early table checksum verification disabled
[    0.027285] ACPI: RSDP 0x00000000000F5870 000014 (v00 BOCHS )
[    0.028080] ACPI: RSDT 0x000000007FFE1959 000034 (v01 BOCHS  BXPC     00000001 BXPC 00000001)
[    0.029256] ACPI: FACP 0x000000007FFE1805 000074 (v01 BOCHS  BXPC     00000001 BXPC 00000001)
[    0.030459] ACPI: DSDT 0x000000007FFE0040 0017C5 (v01 BOCHS  BXPC     00000001 BXPC 00000001)
[    0.031628] ACPI: FACS 0x000000007FFE0000 000040
[    0.032285] ACPI: APIC 0x000000007FFE1879 000080 (v01 BOCHS  BXPC     00000001 BXPC 00000001)
[    0.033542] ACPI: HPET 0x000000007FFE18F9 000038 (v01 BOCHS  BXPC     00000001 BXPC 00000001)
[    0.034762] ACPI: WAET 0x000000007FFE1931 000028 (v01 BOCHS  BXPC     00000001 BXPC 00000001)
[    0.036030] ACPI: Reserving FACP table memory at [mem 0x7ffe1805-0x7ffe1878]
[    0.037011] ACPI: Reserving DSDT table memory at [mem 0x7ffe0040-0x7ffe1804]
[    0.038003] ACPI: Reserving FACS table memory at [mem 0x7ffe0000-0x7ffe003f]
[    0.038946] ACPI: Reserving APIC table memory at [mem 0x7ffe1879-0x7ffe18f8]
[    0.039879] ACPI: Reserving HPET table memory at [mem 0x7ffe18f9-0x7ffe1930]
[    0.040942] ACPI: Reserving WAET table memory at [mem 0x7ffe1931-0x7ffe1958]
[    0.043184] No NUMA configuration found
[    0.043707] Faking a node at [mem 0x0000000000000000-0x000000007ffdffff]
[    0.044478] NODE_DATA(0) allocated [mem 0x7ffb5000-0x7ffdffff]
[    0.049013] Zone ranges:
[    0.049379]   DMA      [mem 0x0000000000001000-0x0000000000ffffff]
[    0.050178]   DMA32    [mem 0x0000000001000000-0x000000007ffdffff]
[    0.051044]   Normal   empty
[    0.051422]   Device   empty
[    0.051856] Movable zone start for each node
[    0.052447] Early memory node ranges
[    0.052933]   node   0: [mem 0x0000000000001000-0x000000000009efff]
[    0.053804]   node   0: [mem 0x0000000000100000-0x000000007ffdffff]
[    0.054694] Initmem setup node 0 [mem 0x0000000000001000-0x000000007ffdffff]
[    0.057336] On node 0, zone DMA: 1 pages in unavailable ranges
[    0.057640] On node 0, zone DMA: 97 pages in unavailable ranges
[    0.100058] On node 0, zone DMA32: 32 pages in unavailable ranges
[    0.101438] ACPI: PM-Timer IO Port: 0x608
[    0.103162] ACPI: LAPIC_NMI (acpi_id[0xff] dfl dfl lint[0x1])
[    0.104075] IOAPIC[0]: apic_id 0, version 17, address 0xfec00000, GSI 0-23
[    0.105127] ACPI: INT_SRC_OVR (bus 0 bus_irq 0 global_irq 2 dfl dfl)
[    0.105996] ACPI: INT_SRC_OVR (bus 0 bus_irq 5 global_irq 5 high level)
[    0.106937] ACPI: INT_SRC_OVR (bus 0 bus_irq 9 global_irq 9 high level)
[    0.107891] ACPI: INT_SRC_OVR (bus 0 bus_irq 10 global_irq 10 high level)
[    0.108907] ACPI: INT_SRC_OVR (bus 0 bus_irq 11 global_irq 11 high level)
[    0.109831] ACPI: Using ACPI (MADT) for SMP configuration information
[    0.110739] ACPI: HPET id: 0x8086a201 base: 0xfed00000
[    0.111671] TSC deadline timer available
[    0.112341] smpboot: Allowing 2 CPUs, 0 hotplug CPUs
[    0.113170] kvm-guest: KVM setup pv remote TLB flush
[    0.113829] kvm-guest: setup PV sched yield
[    0.114540] PM: hibernation: Registered nosave memory: [mem 0x00000000-0x00000fff]
[    0.115690] PM: hibernation: Registered nosave memory: [mem 0x0009f000-0x0009ffff]
[    0.117156] PM: hibernation: Registered nosave memory: [mem 0x000a0000-0x000effff]
[    0.118338] PM: hibernation: Registered nosave memory: [mem 0x000f0000-0x000fffff]
[    0.119576] [mem 0x80000000-0xfeffbfff] available for PCI devices
[    0.120632] Booting paravirtualized kernel on KVM
[    0.121501] clocksource: refined-jiffies: mask: 0xffffffff max_cycles: 0xffffffff, max_idle_ns: 7645519600211568 ns
[    0.123949] setup_percpu: NR_CPUS:8192 nr_cpumask_bits:2 nr_cpu_ids:2 nr_node_ids:1
[    0.129784] percpu: Embedded 64 pages/cpu s225280 r8192 d28672 u1048576
[    0.131296] kvm-guest: PV spinlocks enabled
[    0.131938] PV qspinlock hash table entries: 256 (order: 0, 4096 bytes, linear)
[    0.133230] Fallback order for Node 0: 0 
[    0.133963] Built 1 zonelists, mobility grouping on.  Total pages: 515808
[    0.135259] Policy zone: DMA32
[    0.135849] Kernel command line: net.ifnames=0 console=ttyS0 root=/dev/sda earlyprintk=serial net.ifnames=0
[    0.138363] random: crng init done
[    0.142540] Dentry cache hash table entries: 262144 (order: 9, 2097152 bytes, linear)
[    0.145082] Inode-cache hash table entries: 131072 (order: 8, 1048576 bytes, linear)
[    0.146409] mem auto-init: stack:off, heap alloc:off, heap free:off
[    0.151953] Memory: 1985384K/2096632K available (32784K kernel code, 4697K rwdata, 7832K rodata, 3672K init, 22116K bss, 110992K reserved, 0K cma-reserved)
[    0.155538] SLUB: HWalign=64, Order=0-3, MinObjects=0, CPUs=2, Nodes=1
[    0.156589] kmemleak: Kernel memory leak detector disabled
[    0.157482] ftrace: allocating 67443 entries in 264 pages
[    0.197391] ftrace: allocated 264 pages with 2 groups
[    0.202862] Dynamic Preempt: voluntary
[    0.203636] Running RCU self tests
[    0.204108] rcu: Preemptible hierarchical RCU implementation.
[    0.204951] rcu: 	RCU lockdep checking is enabled.
[    0.205583] rcu: 	RCU restricting CPUs from NR_CPUS=8192 to nr_cpu_ids=2.
[    0.206471] 	Trampoline variant of Tasks RCU enabled.
[    0.207198] 	Rude variant of Tasks RCU enabled.
[    0.207872] 	Tracing variant of Tasks RCU enabled.
[    0.208529] rcu: RCU calculated value of scheduler-enlistment delay is 25 jiffies.
[    0.209541] rcu: Adjusting geometry for rcu_fanout_leaf=16, nr_cpu_ids=2
[    0.243285] NR_IRQS: 524544, nr_irqs: 440, preallocated irqs: 16
[    0.244562] rcu: srcu_init: Setting srcu_struct sizes based on contention.
[    0.256807] Console: colour VGA+ 80x25
[    0.257441] printk: console [ttyS0] enabled
[    0.257441] printk: console [ttyS0] enabled
[    0.258552] printk: bootconsole [earlyser0] disabled
[    0.258552] printk: bootconsole [earlyser0] disabled
[    0.259941] Lock dependency validator: Copyright (c) 2006 Red Hat, Inc., Ingo Molnar
[    0.261077] ... MAX_LOCKDEP_SUBCLASSES:  8
[    0.261611] ... MAX_LOCK_DEPTH:          48
[    0.262183] ... MAX_LOCKDEP_KEYS:        8192
[    0.262832] ... CLASSHASH_SIZE:          4096
[    0.263410] ... MAX_LOCKDEP_ENTRIES:     32768
[    0.264007] ... MAX_LOCKDEP_CHAINS:      65536
[    0.264633] ... CHAINHASH_SIZE:          32768
[    0.265504]  memory used by lock dependency info: 6365 kB
[    0.266204]  memory used for stack traces: 4224 kB
[    0.266865]  per task-struct memory footprint: 1920 bytes
[    0.267759] ACPI: Core revision 20221020
[    0.268611] clocksource: hpet: mask: 0xffffffff max_cycles: 0xffffffff, max_idle_ns: 19112604467 ns
[    0.270041] APIC: Switch to symmetric I/O mode setup
[    0.270968] x2apic enabled
[    0.271604] Switched APIC routing to physical x2apic.
[    0.272333] kvm-guest: setup PV IPIs
[    0.274563] ..TIMER: vector=0x30 apic1=0 pin1=2 apic2=-1 pin2=-1
[    0.275472] clocksource: tsc-early: mask: 0xffffffffffffffff max_cycles: 0x1128af0325d, max_idle_ns: 440795261011 ns
[    0.277174] Calibrating delay loop (skipped) preset value.. 2380.80 BogoMIPS (lpj=4761600)
[    0.281219] pid_max: default: 32768 minimum: 301
[    0.282559] LSM: initializing lsm=capability,yama,integrity
[    0.283977] Yama: becoming mindful.
[    0.285500] Mount-cache hash table entries: 4096 (order: 3, 32768 bytes, linear)
[    0.287348] Mountpoint-cache hash table entries: 4096 (order: 3, 32768 bytes, linear)
[    0.291247] CPU0: Thermal monitoring enabled (TM1)
[    0.293373] x86/cpu: User Mode Instruction Prevention (UMIP) activated
[    0.296022] Last level iTLB entries: 4KB 0, 2MB 0, 4MB 0
[    0.297210] Last level dTLB entries: 4KB 0, 2MB 0, 4MB 0, 1GB 0
[    0.298788] Spectre V1 : Mitigation: usercopy/swapgs barriers and __user pointer sanitization
[    0.301159] Spectre V2 : WARNING: Unprivileged eBPF is enabled with eIBRS on, data leaks possible via Spectre v2 BHB attacks!
[    0.303742] Spectre V2 : Mitigation: Enhanced IBRS
[    0.305146] Spectre V2 : Spectre v2 / SpectreRSB mitigation: Filling RSB on context switch
[    0.307093] Spectre V2 : Spectre v2 / PBRSB-eIBRS: Retire a single CALL on VMEXIT
[    0.309172] Spectre V2 : mitigation: Enabling conditional Indirect Branch Prediction Barrier
[    0.310351] Speculative Store Bypass: Mitigation: Speculative Store Bypass disabled via prctl
[    0.311421] MMIO Stale Data: Unknown: No mitigations
[    0.454654] Freeing SMP alternatives memory: 56K
[    0.455919] smpboot: CPU0: Genuine Intel(R) 0000 (family: 0x6, model: 0xaa, stepping: 0x1)
[    0.457137] cblist_init_generic: Setting adjustable number of callback queues.
[    0.457137] cblist_init_generic: Setting shift to 1 and lim to 1.
[    0.457137] cblist_init_generic: Setting shift to 1 and lim to 1.
[    0.457223] cblist_init_generic: Setting shift to 1 and lim to 1.
[    0.458098] Running RCU-tasks wait API self tests
[    0.561407] Performance Events: generic architected perfmon, full-width counters, Intel PMU driver.
[    0.563509] ... version:                2
[    0.564496] ... bit width:              48
[    0.565153] ... generic registers:      8
[    0.566229] ... value mask:             0000ffffffffffff
[    0.567667] ... max period:             00007fffffffffff
[    0.568918] ... fixed-purpose events:   3
[    0.569147] ... event mask:             00000007000000ff
[    0.571328] rcu: Hierarchical SRCU implementation.
[    0.572377] rcu: 	Max phase no-delay instances is 1000.
[    0.577194] Callback from call_rcu_tasks_trace() invoked.
[    0.580271] smp: Bringing up secondary CPUs ...
[    0.583230] x86: Booting SMP configuration:
[    0.584081] .... node  #0, CPUs:      #1
[    0.031401] smpboot: CPU 1 Converting physical 0 to logical die 1
[    0.589427] smp: Brought up 1 node, 2 CPUs
[    0.590191] smpboot: Max logical packages: 2
[    0.590867] smpboot: Total of 2 processors activated (4761.60 BogoMIPS)
[    0.598252] devtmpfs: initialized
[    0.598252] x86/mm: Memory block size: 128MB
[    0.604018] clocksource: jiffies: mask: 0xffffffff max_cycles: 0xffffffff, max_idle_ns: 7645041785100000 ns
[    0.605163] futex hash table entries: 512 (order: 4, 65536 bytes, linear)
[    0.606724] pinctrl core: initialized pinctrl subsystem
[    0.608425] 
[    0.608694] *************************************************************
[    0.609152] **     NOTICE NOTICE NOTICE NOTICE NOTICE NOTICE NOTICE    **
[    0.610398] **                                                         **
[    0.611598] **  IOMMU DebugFS SUPPORT HAS BEEN ENABLED IN THIS KERNEL  **
[    0.612839] **                                                         **
[    0.613146] ** This means that this kernel is built to expose internal **
[    0.614432] ** IOMMU data structures, which may compromise security on **
[    0.615721] ** your system.                                            **
[    0.616915] **                                                         **
[    0.617152] ** If you see this message and you are not debugging the   **
[    0.618233] ** kernel, report this immediately to your vendor!         **
[    0.619328] **                                                         **
[    0.620443] **     NOTICE NOTICE NOTICE NOTICE NOTICE NOTICE NOTICE    **
[    0.621145] *************************************************************
[    0.622300] PM: RTC time: 04:03:50, date: 2022-12-29
[    0.628676] NET: Registered PF_NETLINK/PF_ROUTE protocol family
[    0.629973] DMA: preallocated 256 KiB GFP_KERNEL pool for atomic allocations
[    0.631106] DMA: preallocated 256 KiB GFP_KERNEL|GFP_DMA pool for atomic allocations
[    0.632144] DMA: preallocated 256 KiB GFP_KERNEL|GFP_DMA32 pool for atomic allocations
[    0.633220] audit: initializing netlink subsys (disabled)
[    0.634166] audit: type=2000 audit(1672286631.046:1): state=initialized audit_enabled=0 res=1
[    0.634166] thermal_sys: Registered thermal governor 'fair_share'
[    0.635383] thermal_sys: Registered thermal governor 'bang_bang'
[    0.637148] thermal_sys: Registered thermal governor 'step_wise'
[    0.638006] thermal_sys: Registered thermal governor 'user_space'
[    0.638932] cpuidle: using governor ladder
[    0.640335] cpuidle: using governor menu
[    0.641448] acpiphp: ACPI Hot Plug PCI Controller Driver version: 0.5
[    0.642893] PCI: Using configuration type 1 for base access
[    0.660618] kprobes: kprobe jump-optimization is enabled. All kprobes are optimized if possible.
[    0.917772] HugeTLB: registered 1.00 GiB page size, pre-allocated 0 pages
[    0.918696] HugeTLB: 16380 KiB vmemmap can be freed for a 1.00 GiB page
[    0.919589] HugeTLB: registered 2.00 MiB page size, pre-allocated 0 pages
[    0.920530] HugeTLB: 28 KiB vmemmap can be freed for a 2.00 MiB page
[    3.752034] ACPI: Added _OSI(Module Device)
[    3.753088] ACPI: Added _OSI(Processor Device)
[    3.753157] ACPI: Added _OSI(3.0 _SCP Extensions)
[    3.754306] ACPI: Added _OSI(Processor Aggregator Device)
[    3.763328] ACPI: 1 ACPI AML tables successfully acquired and loaded
[    3.770230] ACPI: Interpreter enabled
[    3.771345] ACPI: PM: (supports S0 S3 S4 S5)
[    3.772439] ACPI: Using IOAPIC for interrupt routing
[    3.773252] PCI: Using host bridge windows from ACPI; if necessary, use "pci=nocrs" and report a bug
[    3.775584] PCI: Using E820 reservations for host bridge windows
[    3.778197] ACPI: Enabled 2 GPEs in block 00 to 0F
[    3.792942] Callback from call_rcu_tasks_rude() invoked.
[    3.804423] ACPI: PCI Root Bridge [PCI0] (domain 0000 [bus 00-ff])
[    3.805184] acpi PNP0A03:00: _OSC: OS supports [ASPM ClockPM Segments MSI EDR HPX-Type3]
[    3.807242] acpi PNP0A03:00: _OSC: not requesting OS control; OS requires [ExtendedConfig ASPM ClockPM MSI]
[    3.809299] acpi PNP0A03:00: fail to add MMCONFIG information, can't access extended PCI configuration space under this bridge.
[    3.815937] acpiphp: Slot [3] registered
[    3.816992] acpiphp: Slot [4] registered
[    3.817270] acpiphp: Slot [5] registered
[    3.818404] acpiphp: Slot [6] registered
[    3.819435] acpiphp: Slot [7] registered
[    3.820457] acpiphp: Slot [8] registered
[    3.821267] acpiphp: Slot [9] registered
[    3.822341] acpiphp: Slot [10] registered
[    3.823505] acpiphp: Slot [11] registered
[    3.824728] acpiphp: Slot [12] registered
[    3.825264] acpiphp: Slot [13] registered
[    3.826299] acpiphp: Slot [14] registered
[    3.827346] acpiphp: Slot [15] registered
[    3.828464] acpiphp: Slot [16] registered
[    3.829321] acpiphp: Slot [17] registered
[    3.830457] acpiphp: Slot [18] registered
[    3.831553] acpiphp: Slot [19] registered
[    3.832617] acpiphp: Slot [20] registered
[    3.833304] acpiphp: Slot [21] registered
[    3.834347] acpiphp: Slot [22] registered
[    3.835425] acpiphp: Slot [23] registered
[    3.836494] acpiphp: Slot [24] registered
[    3.837307] acpiphp: Slot [25] registered
[    3.838425] acpiphp: Slot [26] registered
[    3.839493] acpiphp: Slot [27] registered
[    3.840527] acpiphp: Slot [28] registered
[    3.841262] acpiphp: Slot [29] registered
[    3.842362] acpiphp: Slot [30] registered
[    3.843470] acpiphp: Slot [31] registered
[    3.844481] PCI host bridge to bus 0000:00
[    3.845156] pci_bus 0000:00: root bus resource [io  0x0000-0x0cf7 window]
[    3.846737] pci_bus 0000:00: root bus resource [io  0x0d00-0xffff window]
[    3.848386] pci_bus 0000:00: root bus resource [mem 0x000a0000-0x000bffff window]
[    3.849151] pci_bus 0000:00: root bus resource [mem 0x80000000-0xfebfffff window]
[    3.851603] pci_bus 0000:00: root bus resource [mem 0x100000000-0x17fffffff window]
[    3.853153] pci_bus 0000:00: root bus resource [bus 00-ff]
[    3.854946] pci 0000:00:00.0: [8086:1237] type 00 class 0x060000
[    3.861778] pci 0000:00:01.0: [8086:7000] type 00 class 0x060100
[    3.865214] pci 0000:00:01.1: [8086:7010] type 00 class 0x010180
[    3.870171] pci 0000:00:01.1: reg 0x20: [io  0xc040-0xc04f]
[    3.873202] pci 0000:00:01.1: legacy IDE quirk: reg 0x10: [io  0x01f0-0x01f7]
[    3.875240] pci 0000:00:01.1: legacy IDE quirk: reg 0x14: [io  0x03f6]
[    3.877072] pci 0000:00:01.1: legacy IDE quirk: reg 0x18: [io  0x0170-0x0177]
[    3.877160] pci 0000:00:01.1: legacy IDE quirk: reg 0x1c: [io  0x0376]
[    3.879349] pci 0000:00:01.3: [8086:7113] type 00 class 0x068000
[    3.881623] pci 0000:00:01.3: quirk: [io  0x0600-0x063f] claimed by PIIX4 ACPI
[    3.883344] pci 0000:00:01.3: quirk: [io  0x0700-0x070f] claimed by PIIX4 SMB
[    3.885630] pci 0000:00:02.0: [1234:1111] type 00 class 0x030000
[    3.890001] pci 0000:00:02.0: reg 0x10: [mem 0xfd000000-0xfdffffff pref]
[    3.895048] pci 0000:00:02.0: reg 0x18: [mem 0xfebf0000-0xfebf0fff]
[    3.901912] pci 0000:00:02.0: reg 0x30: [mem 0xfebe0000-0xfebeffff pref]
[    3.904343] Callback from call_rcu_tasks() invoked.
[    3.904978] pci 0000:00:02.0: Video device with shadowed ROM at [mem 0x000c0000-0x000dffff]
[    3.911250] pci 0000:00:03.0: [8086:100e] type 00 class 0x020000
[    3.912749] pci 0000:00:03.0: reg 0x10: [mem 0xfebc0000-0xfebdffff]
[    3.913621] pci 0000:00:03.0: reg 0x14: [io  0xc000-0xc03f]
[    3.917866] pci 0000:00:03.0: reg 0x30: [mem 0xfeb80000-0xfebbffff pref]
[    3.935273] ACPI: PCI: Interrupt link LNKA configured for IRQ 10
[    3.936572] ACPI: PCI: Interrupt link LNKB configured for IRQ 10
[    3.937556] ACPI: PCI: Interrupt link LNKC configured for IRQ 11
[    3.938805] ACPI: PCI: Interrupt link LNKD configured for IRQ 11
[    3.939935] ACPI: PCI: Interrupt link LNKS configured for IRQ 9
[    3.942679] iommu: Default domain type: Translated 
[    3.942679] iommu: DMA domain TLB invalidation policy: lazy mode 
[    3.945798] SCSI subsystem initialized
[    3.946449] ACPI: bus type USB registered
[    3.946449] usbcore: registered new interface driver usbfs
[    3.946918] usbcore: registered new interface driver hub
[    3.947659] usbcore: registered new device driver usb
[    3.949318] pps_core: LinuxPPS API ver. 1 registered
[    3.949966] pps_core: Software ver. 5.3.6 - Copyright 2005-2007 Rodolfo Giometti <giometti@linux.it>
[    3.951256] PTP clock support registered
[    3.951899] EDAC MC: Ver: 3.0.0
[    3.954462] NetLabel: Initializing
[    3.955017] NetLabel:  domain hash size = 128
[    3.955599] NetLabel:  protocols = UNLABELED CIPSOv4 CALIPSO
[    3.956444] NetLabel:  unlabeled traffic allowed by default
[    3.957655] PCI: Using ACPI for IRQ routing
[    3.958110] pci 0000:00:02.0: vgaarb: setting as boot VGA device
[    3.958110] pci 0000:00:02.0: vgaarb: bridge control possible
[    3.958810] pci 0000:00:02.0: vgaarb: VGA device added: decodes=io+mem,owns=io+mem,locks=none
[    3.961151] vgaarb: loaded
[    3.961834] hpet0: at MMIO 0xfed00000, IRQs 2, 8, 0
[    3.962496] hpet0: 3 comparators, 64-bit 100.000000 MHz counter
[    3.968552] clocksource: Switched to clocksource kvm-clock
[    3.968552] VFS: Disk quotas dquot_6.6.0
[    3.968552] VFS: Dquot-cache hash table entries: 512 (order 0, 4096 bytes)
[    3.969580] pnp: PnP ACPI init
[    3.972555] pnp: PnP ACPI: found 6 devices
[    3.985577] clocksource: acpi_pm: mask: 0xffffff max_cycles: 0xffffff, max_idle_ns: 2085701024 ns
[    3.987374] NET: Registered PF_INET protocol family
[    3.988654] IP idents hash table entries: 32768 (order: 6, 262144 bytes, linear)
[    3.991229] tcp_listen_portaddr_hash hash table entries: 1024 (order: 4, 73728 bytes, linear)
[    3.992569] Table-perturb hash table entries: 65536 (order: 6, 262144 bytes, linear)
[    3.993707] TCP established hash table entries: 16384 (order: 5, 131072 bytes, linear)
[    3.995207] TCP bind hash table entries: 16384 (order: 9, 2359296 bytes, linear)
[    4.000758] TCP: Hash tables configured (established 16384 bind 16384)
[    4.002313] UDP hash table entries: 1024 (order: 5, 163840 bytes, linear)
[    4.003568] UDP-Lite hash table entries: 1024 (order: 5, 163840 bytes, linear)
[    4.004983] NET: Registered PF_UNIX/PF_LOCAL protocol family
[    4.006524] RPC: Registered named UNIX socket transport module.
[    4.007538] RPC: Registered udp transport module.
[    4.008243] RPC: Registered tcp transport module.
[    4.008906] RPC: Registered tcp NFSv4.1 backchannel transport module.
[    4.009941] pci_bus 0000:00: resource 4 [io  0x0000-0x0cf7 window]
[    4.010907] pci_bus 0000:00: resource 5 [io  0x0d00-0xffff window]
[    4.011791] pci_bus 0000:00: resource 6 [mem 0x000a0000-0x000bffff window]
[    4.012782] pci_bus 0000:00: resource 7 [mem 0x80000000-0xfebfffff window]
[    4.013781] pci_bus 0000:00: resource 8 [mem 0x100000000-0x17fffffff window]
[    4.015134] pci 0000:00:01.0: PIIX3: Enabling Passive Release
[    4.016025] pci 0000:00:00.0: Limiting direct PCI/PCI transfers
[    4.017115] PCI: CLS 0 bytes, default 64
[    4.018261] ACPI: bus type thunderbolt registered
[    4.019379] clocksource: tsc: mask: 0xffffffffffffffff max_cycles: 0x1128af0325d, max_idle_ns: 440795261011 ns
[    4.139490] Initialise system trusted keyrings
[    4.140667] Key type blacklist registered
[    4.142143] workingset: timestamp_bits=36 max_order=19 bucket_order=0
[    4.143221] zbud: loaded
[    4.144717] squashfs: version 4.0 (2009/01/31) Phillip Lougher
[    4.146812] NFS: Registering the id_resolver key type
[    4.147728] Key type id_resolver registered
[    4.148662] Key type id_legacy registered
[    4.149378] nfs4filelayout_init: NFSv4 File Layout Driver Registering...
[    4.150477] nfs4flexfilelayout_init: NFSv4 Flexfile Layout Driver Registering...
[    4.151925] fuse: init (API version 7.38)
[    4.152811] SGI XFS with ACLs, security attributes, realtime, quota, no debug enabled
[    4.154852] 9p: Installing v9fs 9p2000 file system support
[    4.165454] Key type asymmetric registered
[    4.166136] Asymmetric key parser 'x509' registered
[    4.168988] alg: self-tests for CTR-KDF (hmac(sha256)) passed
[    4.170205] Block layer SCSI generic (bsg) driver version 0.4 loaded (major 243)
[    4.171512] io scheduler mq-deadline registered
[    4.172279] io scheduler bfq registered
[    4.174741] shpchp: Standard Hot Plug PCI Controller Driver version: 0.4
[    4.176785] IPMI message handler: version 39.2
[    4.177664] ipmi device interface
[    4.181022] input: Power Button as /devices/LNXSYSTM:00/LNXPWRBN:00/input/input0
[    4.182846] ACPI: button: Power Button [PWRF]
[    4.185084] ERST DBG: ERST support is disabled.
[    4.186840] Serial: 8250/16550 driver, 32 ports, IRQ sharing enabled
[    4.188789] 00:04: ttyS0 at I/O 0x3f8 (irq = 4, base_baud = 115200) is a 16550A
[    4.202952] Linux agpgart interface v0.103
[    4.204395] ACPI: bus type drm_connector registered
[    4.219619] brd: module loaded
[    4.229123] loop: module loaded
[    4.234854] scsi host0: ata_piix
[    4.235956] scsi host1: ata_piix
[    4.236675] ata1: PATA max MWDMA2 cmd 0x1f0 ctl 0x3f6 bmdma 0xc040 irq 14
[    4.238047] ata2: PATA max MWDMA2 cmd 0x170 ctl 0x376 bmdma 0xc048 irq 15
[    4.240381] tun: Universal TUN/TAP device driver, 1.6
[    4.241277] e100: Intel(R) PRO/100 Network Driver
[    4.241944] e100: Copyright(c) 1999-2006 Intel Corporation
[    4.242702] e1000: Intel(R) PRO/1000 Network Driver
[    4.243336] e1000: Copyright (c) 1999-2006 Intel Corporation.
[    4.397555] ata2: found unknown device (class 0)
[    4.399543] ata1: found unknown device (class 0)
[    4.402480] ata1.00: ATA-7: QEMU HARDDISK, 2.5+, max UDMA/100
[    4.404127] ata1.00: 16777216 sectors, multi 16: LBA48 
[    4.406039] ata2.00: ATAPI: QEMU DVD-ROM, 2.5+, max UDMA/100
[    4.410151] scsi 0:0:0:0: Direct-Access     ATA      QEMU HARDDISK    2.5+ PQ: 0 ANSI: 5
[    4.414427] sd 0:0:0:0: Attached scsi generic sg0 type 0
[    4.416266] sd 0:0:0:0: [sda] 16777216 512-byte logical blocks: (8.59 GB/8.00 GiB)
[    4.418964] scsi 1:0:0:0: CD-ROM            QEMU     QEMU DVD-ROM     2.5+ PQ: 0 ANSI: 5
[    4.419020] sd 0:0:0:0: [sda] Write Protect is off
[    4.421646] sd 0:0:0:0: [sda] Write cache: enabled, read cache: enabled, doesn't support DPO or FUA
[    4.424150] sd 0:0:0:0: [sda] Preferred minimum I/O size 512 bytes
[    4.441185] ACPI: \_SB_.LNKC: Enabled at IRQ 11
[    4.448768] sd 0:0:0:0: [sda] Attached SCSI disk
[    4.455078] scsi 1:0:0:0: Attached scsi generic sg1 type 5
[    4.814191] e1000 0000:00:03.0 eth0: (PCI:33MHz:32-bit) 52:54:00:12:34:56
[    4.815898] e1000 0000:00:03.0 eth0: Intel(R) PRO/1000 Network Connection
[    4.817795] e1000e: Intel(R) PRO/1000 Network Driver
[    4.818934] e1000e: Copyright(c) 1999 - 2015 Intel Corporation.
[    4.820681] igb: Intel(R) Gigabit Ethernet Network Driver
[    4.821689] igb: Copyright (c) 2007-2014 Intel Corporation.
[    4.823791] PPP generic driver version 2.4.2
[    4.825483] VFIO - User Level meta-driver version: 0.3
[    4.827282] usbcore: registered new interface driver uas
[    4.828082] usbcore: registered new interface driver usb-storage
[    4.829082] i8042: PNP: PS/2 Controller [PNP0303:KBD,PNP0f13:MOU] at 0x60,0x64 irq 1,12
[    4.831093] serio: i8042 KBD port at 0x60,0x64 irq 1
[    4.831848] serio: i8042 AUX port at 0x60,0x64 irq 12
[    4.833291] mousedev: PS/2 mouse device common for all mice
[    4.835283] input: AT Translated Set 2 keyboard as /devices/platform/i8042/serio0/input/input1
[    4.837645] input: VirtualPS/2 VMware VMMouse as /devices/platform/i8042/serio1/input/input4
[    4.839554] input: VirtualPS/2 VMware VMMouse as /devices/platform/i8042/serio1/input/input3
[    4.841169] rtc_cmos 00:05: RTC can wake from S4
[    4.843505] rtc_cmos 00:05: registered as rtc0
[    4.844674] rtc_cmos 00:05: setting system clock to 2022-12-29T04:03:54 UTC (1672286634)
[    4.846829] rtc_cmos 00:05: alarms up to one day, y3k, 242 bytes nvram, hpet irqs
[    4.848747] i2c_dev: i2c /dev entries driver
[    4.850146] device-mapper: core: CONFIG_IMA_DISABLE_HTABLE is disabled. Duplicate IMA measurements will not be recorded in the IMA log.
[    4.853071] device-mapper: uevent: version 1.0.3
[    4.854676] device-mapper: ioctl: 4.47.0-ioctl (2022-07-28) initialised: dm-devel@redhat.com
[    4.856646] intel_pstate: CPU model not supported
[    4.858266] sdhci: Secure Digital Host Controller Interface driver
[    4.859673] sdhci: Copyright(c) Pierre Ossman
[    4.860838] sdhci-pltfm: SDHCI platform and OF driver helper
[    4.862368] ledtrig-cpu: registered to indicate activity on CPUs
[    4.864675] drop_monitor: Initializing network drop monitor service
[    4.866640] NET: Registered PF_INET6 protocol family
[    4.871766] Segment Routing with IPv6
[    4.872717] In-situ OAM (IOAM) with IPv6
[    4.873839] NET: Registered PF_PACKET protocol family
[    4.875340] 9pnet: Installing 9P2000 support
[    4.876475] Key type dns_resolver registered
[    4.878985] IPI shorthand broadcast: enabled
[    4.879838] sched_clock: Marking stable (4850978885, 27401219)->(4975487879, -97107775)
[    4.882456] registered taskstats version 1
[    4.883870] Loading compiled-in X.509 certificates
[    4.886791] zswap: loaded using pool lzo/zbud
[    4.911473] Key type .fscrypt registered
[    4.912471] Key type fscrypt-provisioning registered
[    4.915762] Key type encrypted registered
[    4.916840] ima: No TPM chip found, activating TPM-bypass!
[    4.918226] ima: Allocated hash algorithm: sha1
[    4.919420] ima: No architecture policies found
[    4.920695] evm: Initialising EVM extended attributes:
[    4.921924] evm: security.selinux
[    4.922709] evm: security.SMACK64
[    4.923592] evm: security.SMACK64EXEC
[    4.924445] evm: security.SMACK64TRANSMUTE
[    4.925416] evm: security.SMACK64MMAP
[    4.926264] evm: security.apparmor
[    4.927116] evm: security.ima
[    4.927885] evm: security.capability
[    4.928710] evm: HMAC attrs: 0x1
[    4.939681] PM:   Magic number: 2:153:61
[    4.941561] RAS: Correctable Errors collector initialized.
[    4.945252] md: Waiting for all devices to be available before autodetect
[    4.946396] md: If you don't use raid, use raid=noautodetect
[    4.947389] md: Autodetecting RAID arrays.
[    4.948062] md: autorun ...
[    4.948536] md: ... autorun DONE.
[    4.967521] EXT4-fs (sda): mounted filesystem 23a53bb9-f815-47a5-b74c-5e08f7731193 with ordered data mode. Quota mode: none.
[    4.969525] VFS: Mounted root (ext4 filesystem) readonly on device 8:0.
[    4.973959] devtmpfs: mounted
[    4.988505] Freeing unused decrypted memory: 2036K
[    4.994431] Freeing unused kernel image (initmem) memory: 3672K
[    4.995658] Write protecting the kernel read-only data: 43008k
[    5.002369] Freeing unused kernel image (text/rodata gap) memory: 2028K
[    5.004110] Freeing unused kernel image (rodata/data gap) memory: 360K
[    5.125602] x86/mm: Checked W+X mappings: passed, no W+X pages found.
[    5.126762] Run /sbin/init as init process
[    5.285596] systemd[1]: RTC configured in localtime, applying delta of 0 minutes to system time.
[    5.338890] systemd[1]: systemd 239 (239-49.el8) running in system mode. (+PAM +AUDIT +SELINUX +IMA -APPARMOR +SMACK +SYSVINIT +UTMP +LIBCRYPTSETUP +GCRYPT +GNUTLS +ACL +XZ +LZ4 +SECCOMP +BLKID +ELFUTILS +KMOD +IDN2 -IDN +PCRE2 default-hierarchy=legacy)
[    5.342931] systemd[1]: Detected virtualization kvm.
[    5.343825] systemd[1]: Detected architecture x86-64.

Welcome to [0;31mCentOS Stream 8[0m!

[    5.405600] systemd[1]: Set hostname to <test>.
[    5.908270] systemd[1]: Listening on initctl Compatibility Named Pipe.
[[0;32m  OK  [0m] Listening on initctl Compatibility Named Pipe.
[    5.915174] systemd[1]: Created slice system-serial\x2dgetty.slice.
[[0;32m  OK  [0m] Created slice system-serial\x2dgetty.slice.
[    5.917855] systemd[1]: Listening on udev Control Socket.
[[0;32m  OK  [0m] Listening on udev Control Socket.
[    5.919830] systemd[1]: Listening on udev Kernel Socket.
[[0;32m  OK  [0m] Listening on udev Kernel Socket.
[    5.921568] systemd[1]: Reached target Swap.
[[0;32m  OK  [0m] Reached target Swap.
[    5.923314] systemd[1]: Started Forward Password Requests to Wall Directory Watch.
[[0;32m  OK  [0m] Started Forward Password Requests to Wall Directory Watch.
[[0;32m  OK  [0m] Created slice system-getty.slice.
[[0;32m  OK  [0m] Listening on Process Core Dump Socket.
[[0;32m  OK  [0m] Listening on LVM2 poll daemon socket.
[[0;32m  OK  [0m] Listening on multipathd control socket.
[[0;32m  OK  [0m] Set up automount Arbitrary Executabâ€¦rmats File System Automount Point.
[[0;32m  OK  [0m] Created slice system-sshd\x2dkeygen.slice.
[[0;32m  OK  [0m] Listening on Device-mapper event daemon FIFOs.
[[0;32m  OK  [0m] Listening on Journal Socket.
         Mounting Kernel Debug File System...
         Starting Load Kernel Modules...
         Mounting Huge Pages File System...
         Starting udev Coldplug all Devices...
         Starting Monitoring of LVM2 mirrorsâ€¦ng dmeventd or progress polling...
[[0;32m  OK  [0m] Listening on RPCbind Server Activation Socket.
[[0;32m  OK  [0m] Reached target RPC Port Mapper.
         Starting Setup Virtual Console...
[[0;32m  OK  [0m] Listening on Journal Socket (/dev/log).
         Starting Journal Service...
         Mounting POSIX Message Queue File System...
         Starting Remount Root and Kernel File Systems...
[[0;32m  OK  [0m] Created slice User and Session Slice.
[[0;32m  OK  [0m] Reached target Slices.
[[0;32m  OK  [0m] Mounted Kernel Debug File System.
[[0;1;31mFAILED[0m] Failed to start Load Kernel Modules.
See 'systemctl status systemd-modules-load.service' for details.
[[0;32m  OK  [0m] Mounted Huge Pages File System.
[[0;32m  OK  [0m] Mounted POSIX Message Queue File System.
         Mounting FUSE Control File System...
         Mounting Kernel Configuration File System...
         Starting Apply Kernel Variables...
[[0;32m  OK  [0m] Mounted FUSE Control File System.
[[0;32m  OK  [0m] Started Apply Kernel Variables.
[[0;32m  OK  [0m] Mounted Kernel Configuration File System.
[[0;32m  OK  [0m] Started Journal Service.
[    6.597976] EXT4-fs (sda): re-mounted 23a53bb9-f815-47a5-b74c-5e08f7731193. Quota mode: none.
[[0;32m  OK  [0m] Started Remount Root and Kernel File Systems.
         Starting Flush Journal to Persistent Storage...
         Starting Load/Save Random Seed...
         Starting Create Static Device Nodes in /dev...
[[0;32m  OK  [0m] Started Setup Virtual Console.
[[0;32m  OK  [0m] Started udev Coldplug all Devices.
[[0;32m  OK  [0m] Started Load/Save Random Seed.
         Starting udev Wait for Complete Device Initialization...
[[0;32m  OK  [0m] Started Flush Journal to Persistent Storage.
[[0;32m  OK  [0m] Started Create Static Device Nodes in /dev.
         Starting udev Kernel Device Manager...
[[0;32m  OK  [0m] Started udev Kernel Device Manager.
         Starting Show Plymouth Boot Screen...
[[0;32m  OK  [0m] Started Show Plymouth Boot Screen.
[[0;32m  OK  [0m] Started Forward Password Requests to Plymouth Directory Watch.
[[0;32m  OK  [0m] Reached target Local Encrypted Volumes.
[[0;32m  OK  [0m] Reached target Paths.
[[0;32m  OK  [0m] Started Monitoring of LVM2 mirrors,â€¦sing dmeventd or progress polling.
[[0;32m  OK  [0m] Found device /dev/ttyS0.
[[0;32m  OK  [0m] Started udev Wait for Complete Device Initialization.
[[0;32m  OK  [0m] Listening on Load/Save RF Kill Switch Status /dev/rfkill Watch.
[[0;32m  OK  [0m] Reached target Local File Systems (Pre).
[[0;32m  OK  [0m] Reached target Local File Systems.
         Starting Restore /run/initramfs on shutdown...
         Starting Tell Plymouth To Write Out Runtime Data...
         Starting Create Volatile Files and Directories...
[[0;32m  OK  [0m] Started Restore /run/initramfs on shutdown.
[[0;32m  OK  [0m] Started Tell Plymouth To Write Out Runtime Data.
[[0;32m  OK  [0m] Started Create Volatile Files and Directories.
         Starting Security Auditing Service...
         Starting RPC Bind...
         Mounting RPC Pipe File System...
[[0;32m  OK  [0m] Mounted RPC Pipe File System.
[[0;32m  OK  [0m] Reached target rpc_pipefs.target.
[[0;32m  OK  [0m] Started RPC Bind.
[[0;32m  OK  [0m] Started Security Auditing Service.
         Starting Update UTMP about System Boot/Shutdown...
[[0;32m  OK  [0m] Started Update UTMP about System Boot/Shutdown.
[[0;32m  OK  [0m] Reached target System Initialization.
[[0;32m  OK  [0m] Listening on D-Bus System Message Bus Socket.
[[0;32m  OK  [0m] Listening on SSSD Kerberos Cache Manager responder socket.
[[0;32m  OK  [0m] Reached target Sockets.
[[0;32m  OK  [0m] Reached target Basic System.
         Starting Self Monitoring and Reporting Technology (SMART) Daemon...
[[0;32m  OK  [0m] Started Machine Check Exception Logging Daemon.
         Starting Authorization Manager...
[[0;32m  OK  [0m] Reached target sshd-keygen.target.
         Starting Auto-connect to subsystemsâ€¦-NVME devices found during boot...
[[0;32m  OK  [0m] Started dnf makecache --timer.
[[0;32m  OK  [0m] Started daily update of the root trust anchor for DNSSEC.
[[0;32m  OK  [0m] Started irqbalance daemon.
         Starting Login Service...
         Starting NTP client/server...
[[0;32m  OK  [0m] Started D-Bus System Message Bus.
         Starting Network Manager...
[[0;32m  OK  [0m] Started Daily Cleanup of Temporary Directories.
[[0;32m  OK  [0m] Reached target Timers.
[[0;32m  OK  [0m] Started Self Monitoring and Reporting Technology (SMART) Daemon.
[[0;32m  OK  [0m] Started Auto-connect to subsystems â€¦FC-NVME devices found during boot.
         Starting update of the root trust aâ€¦or DNSSEC validation in unbound...
[[0;32m  OK  [0m] Started Login Service.
[[0;32m  OK  [0m] Started Network Manager.
[[0;32m  OK  [0m] Reached target Network.
         Starting Dynamic System Tuning Daemon...
         Starting OpenSSH server daemon...
         Starting GSSAPI Proxy Daemon...
         Starting Network Manager Wait Online...
[[0;32m  OK  [0m] Started NTP client/server.
         Starting Hostname Service...
[[0;32m  OK  [0m] Started update of the root trust anâ€¦ for DNSSEC validation in unbound.
[[0;32m  OK  [0m] Started Authorization Manager.
[[0;32m  OK  [0m] Started GSSAPI Proxy Daemon.
[[0;32m  OK  [0m] Reached target NFS client services.
[[0;32m  OK  [0m] Reached target Remote File Systems (Pre).
[[0;32m  OK  [0m] Reached target Remote File Systems.
         Starting Permit User Sessions...
[[0;32m  OK  [0m] Started OpenSSH server daemon.
[[0;32m  OK  [0m] Started Permit User Sessions.
[[0;32m  OK  [0m] Started Command Scheduler.
         Starting Hold until boot process finishes up...
         Starting Terminate Plymouth Boot Screen...
[    9.401512] e1000: eth0 NIC Link is Up 1000 Mbps Full Duplex, Flow Control: RX
[    9.402806] IPv6: ADDRCONF(NETDEV_CHANGE): eth0: link becomes ready
[    9.878396] Spectre V2 : WARNING: Unprivileged eBPF is enabled with eIBRS on, data leaks possible via Spectre v2 BHB attacks!
[    9.880161] Spectre V2 : WARNING: Unprivileged eBPF is enabled with eIBRS on, data leaks possible via Spectre v2 BHB attacks!

CentOS Stream 8
Kernel 6.1.0-8715c6d3100f+ on an x86_64

test login: perf: interrupt took too long (3201 > 3192), lowering kernel.perf_event_max_sample_rate to 62250
[   29.566292] INFO: NMI handler (perf_event_nmi_handler) took too long to run: 1.880 msecs
[   29.566514] perf: interrupt took too long (3201 > 3192), lowering kernel.perf_event_max_sample_rate to 62250
[   29.570199] perf: interrupt took too long (4147 > 4001), lowering kernel.perf_event_max_sample_rate to 48000
[   29.571973] perf: interrupt took too long (5257 > 5183), lowering kernel.perf_event_max_sample_rate to 38000
[   29.573870] perf: interrupt took too long (6681 > 6571), lowering kernel.perf_event_max_sample_rate to 29750
[   29.576113] perf: interrupt took too long (8418 > 8351), lowering kernel.perf_event_max_sample_rate to 23750
[   29.582707] perf: interrupt took too long (10710 > 10522), lowering kernel.perf_event_max_sample_rate to 18500
[   29.587898] perf: interrupt took too long (13525 > 13387), lowering kernel.perf_event_max_sample_rate to 14750
[   29.595569] perf: interrupt took too long (17116 > 16906), lowering kernel.perf_event_max_sample_rate to 11500
[   29.609205] perf: interrupt took too long (21560 > 21395), lowering kernel.perf_event_max_sample_rate to 9250
[   30.614821] perf: interrupt took too long (27305 > 26950), lowering kernel.perf_event_max_sample_rate to 7250
[   38.786660] ------------[ cut here ]------------
[   38.787207] WARNING: CPU: 1 PID: 10305 at kernel/events/core.c:4920 put_pmu_ctx+0x107/0x120
[   38.788189] Modules linked in:
[   38.788517] CPU: 1 PID: 10305 Comm: repro Not tainted 6.1.0-8715c6d3100f+ #1
[   38.789272] Hardware name: QEMU Standard PC (i440FX + PIIX, 1996), BIOS rel-1.14.0-0-g155821a1990b-prebuilt.qemu.org 04/01/2014
[   38.790658] RIP: 0010:put_pmu_ctx+0x107/0x120
[   38.791128] Code: e8 ae b9 ea ff 48 8d 7b 50 48 c7 c6 20 cb 3e 81 e8 be 53 df ff e8 99 b9 ea ff 5b 41 5c 41 5d 5d c3 cc cc cc cc e8 89 b9 ea ff <0f> 0b eb a5 e8 80 b9 ea ff 0f 0b eb 8a e8 77 b9 ea ff 0f 0b e9 35
[   38.793209] RSP: 0018:ffffc90003bb7cd0 EFLAGS: 00010246
[   38.793788] RAX: 0000000000000000 RBX: ffff88807dc3cd00 RCX: 0000000000000001
[   38.794496] RDX: 0000000000000000 RSI: ffff888017962340 RDI: 0000000000000002
[   38.795390] RBP: ffffc90003bb7ce8 R08: 0000000000000001 R09: 0000000000000001
[   38.796127] R10: 0000000000000000 R11: 0000000000000001 R12: ffff88807dc2ed80
[   38.796914] R13: ffff88807dc3cd10 R14: 0000000000000000 R15: 0000000000000001
[   38.797888] FS:  0000000000000000(0000) GS:ffff88807dd00000(0000) knlGS:0000000000000000
[   38.798725] CS:  0010 DS: 0000 ES: 0000 CR0: 0000000080050033
[   38.799344] CR2: 00007f49f8185500 CR3: 000000000d168002 CR4: 0000000000770ee0
[   38.800248] DR0: 0000000000000000 DR1: 0000000000000000 DR2: 0000000000000000
[   38.800943] DR3: 0000000000000000 DR6: 00000000ffff07f0 DR7: 0000000000000400
[   38.801728] PKRU: 55555554
[   38.802010] Call Trace:
[   38.802285]  <TASK>
[   38.802507]  _free_event+0x18f/0x800
[   38.802902]  put_event+0x3c/0x50
[   38.803266]  perf_event_release_kernel+0x2de/0x360
[   38.803821]  ? perf_event_release_kernel+0x360/0x360
[   38.804408]  perf_release+0x22/0x30
[   38.804781]  __fput+0x11f/0x450
[   38.805119]  ____fput+0x1e/0x30
[   38.805474]  task_work_run+0xb6/0x120
[   38.805914]  do_exit+0x547/0x1360
[   38.806260]  ? lockdep_hardirqs_on+0x8a/0x110
[   38.806741]  ? trace_hardirqs_on+0x3f/0x100
[   38.807199]  do_group_exit+0x5e/0xf0
[   38.807572]  __x64_sys_exit_group+0x25/0x30
[   38.808031]  do_syscall_64+0x3b/0x90
[   38.808551]  entry_SYSCALL_64_after_hwframe+0x63/0xcd
[   38.809208] RIP: 0033:0x7f49f807bcf6
[   38.809652] Code: Unable to access opcode bytes at 0x7f49f807bccc.
[   38.810365] RSP: 002b:00007fff61e94898 EFLAGS: 00000246 ORIG_RAX: 00000000000000e7
[   38.811238] RAX: ffffffffffffffda RBX: 00007f49f8186490 RCX: 00007f49f807bcf6
[   38.812002] RDX: 0000000000000000 RSI: 000000000000003c RDI: 0000000000000000
[   38.812742] RBP: 0000000000000000 R08: 00000000000000e7 R09: ffffffffffffff80
[   38.813510] R10: 0000000000000004 R11: 0000000000000246 R12: 00007f49f8186490
[   38.814309] R13: 0000000000000001 R14: 00007f49f8189e88 R15: 0000000000000000
[   38.815038]  </TASK>
[   38.815325] irq event stamp: 2521
[   38.815675] hardirqs last  enabled at (2529): [<ffffffff811b9361>] __up_console_sem+0x91/0xb0
[   38.816665] hardirqs last disabled at (2536): [<ffffffff811b9346>] __up_console_sem+0x76/0xb0
[   38.817652] softirqs last  enabled at (2192): [<ffffffff83000329>] __do_softirq+0x329/0x490
[   38.818636] softirqs last disabled at (2131): [<ffffffff811125e2>] irq_exit_rcu+0xd2/0x100
[   38.819477] ---[ end trace 0000000000000000 ]---
[   62.440721] perf: interrupt took too long (34179 > 34131), lowering kernel.perf_event_max_sample_rate to 5750
