c[?7l[2J[0mSeaBIOS (version rel-1.14.0-0-g155821a1990b-prebuilt.qemu.org)


iPXE (http://ipxe.org) 00:03.0 CA00 PCI2.10 PnP PMM+7FF8F030+7FEEF030 CA00
Press Ctrl-B to configure iPXE (PCI 00:03.0)...                                                                               


Booting from ROM...
c[?7l[2J[    0.000000] Linux version 6.1.0-97971df811b8+ (root@p-mtlp02) (gcc (GCC) 8.5.0 20210514 (Red Hat 8.5.0-17), GNU ld version 2.36.1-2.el8) #1 SMP PREEMPT_DYNAMIC Wed Dec 28 21:32:44 CST 2022
[    0.000000] Command line: console=ttyS0 root=/dev/sda earlyprintk=serial net.ifnames=0
[    0.000000] KERNEL supported cpus:
[    0.000000]   Intel GenuineIntel
[    0.000000]   AMD AuthenticAMD
[    0.000000]   Hygon HygonGenuine
[    0.000000]   Centaur CentaurHauls
[    0.000000]   zhaoxin   Shanghai  
[    0.000000] x86/split lock detection: #DB: warning on user-space bus_locks
[    0.000000] x86/fpu: Supporting XSAVE feature 0x001: 'x87 floating point registers'
[    0.000000] x86/fpu: Supporting XSAVE feature 0x002: 'SSE registers'
[    0.000000] x86/fpu: Supporting XSAVE feature 0x004: 'AVX registers'
[    0.000000] x86/fpu: Supporting XSAVE feature 0x200: 'Protection Keys User registers'
[    0.000000] x86/fpu: xstate_offset[2]:  576, xstate_sizes[2]:  256
[    0.000000] x86/fpu: xstate_offset[9]:  832, xstate_sizes[9]:    8
[    0.000000] x86/fpu: Enabled xstate features 0x207, context size is 840 bytes, using 'compacted' format.
[    0.000000] signal: max sigframe size: 3632
[    0.000000] BIOS-provided physical RAM map:
[    0.000000] BIOS-e820: [mem 0x0000000000000000-0x000000000009fbff] usable
[    0.000000] BIOS-e820: [mem 0x000000000009fc00-0x000000000009ffff] reserved
[    0.000000] BIOS-e820: [mem 0x00000000000f0000-0x00000000000fffff] reserved
[    0.000000] BIOS-e820: [mem 0x0000000000100000-0x000000007ffdffff] usable
[    0.000000] BIOS-e820: [mem 0x000000007ffe0000-0x000000007fffffff] reserved
[    0.000000] BIOS-e820: [mem 0x00000000feffc000-0x00000000feffffff] reserved
[    0.000000] BIOS-e820: [mem 0x00000000fffc0000-0x00000000ffffffff] reserved
[    0.000000] printk: bootconsole [earlyser0] enabled
[    0.000000] NX (Execute Disable) protection: active
[    0.000000] SMBIOS 2.8 present.
[    0.000000] DMI: QEMU Standard PC (i440FX + PIIX, 1996), BIOS rel-1.14.0-0-g155821a1990b-prebuilt.qemu.org 04/01/2014
[    0.000000] Hypervisor detected: KVM
[    0.000000] kvm-clock: Using msrs 4b564d01 and 4b564d00
[    0.000007] kvm-clock: using sched offset of 581980321 cycles
[    0.001291] clocksource: kvm-clock: mask: 0xffffffffffffffff max_cycles: 0x1cd42e4dffb, max_idle_ns: 881590591483 ns
[    0.004610] tsc: Detected 1190.400 MHz processor
[    0.013218] last_pfn = 0x7ffe0 max_arch_pfn = 0x400000000
[    0.014050] x86/PAT: Configuration [0-7]: WB  WC  UC- UC  WB  WP  UC- WT  
[    0.025067] found SMP MP-table at [mem 0x000f5a90-0x000f5a9f]
[    0.026057] Using GB pages for direct mapping
[    0.028536] ACPI: Early table checksum verification disabled
[    0.029473] ACPI: RSDP 0x00000000000F5870 000014 (v00 BOCHS )
[    0.030317] ACPI: RSDT 0x000000007FFE1959 000034 (v01 BOCHS  BXPC     00000001 BXPC 00000001)
[    0.031531] ACPI: FACP 0x000000007FFE1805 000074 (v01 BOCHS  BXPC     00000001 BXPC 00000001)
[    0.032697] ACPI: DSDT 0x000000007FFE0040 0017C5 (v01 BOCHS  BXPC     00000001 BXPC 00000001)
[    0.033910] ACPI: FACS 0x000000007FFE0000 000040
[    0.034536] ACPI: APIC 0x000000007FFE1879 000080 (v01 BOCHS  BXPC     00000001 BXPC 00000001)
[    0.035732] ACPI: HPET 0x000000007FFE18F9 000038 (v01 BOCHS  BXPC     00000001 BXPC 00000001)
[    0.036902] ACPI: WAET 0x000000007FFE1931 000028 (v01 BOCHS  BXPC     00000001 BXPC 00000001)
[    0.038291] ACPI: Reserving FACP table memory at [mem 0x7ffe1805-0x7ffe1878]
[    0.039374] ACPI: Reserving DSDT table memory at [mem 0x7ffe0040-0x7ffe1804]
[    0.040506] ACPI: Reserving FACS table memory at [mem 0x7ffe0000-0x7ffe003f]
[    0.041567] ACPI: Reserving APIC table memory at [mem 0x7ffe1879-0x7ffe18f8]
[    0.042619] ACPI: Reserving HPET table memory at [mem 0x7ffe18f9-0x7ffe1930]
[    0.043733] ACPI: Reserving WAET table memory at [mem 0x7ffe1931-0x7ffe1958]
[    0.045962] No NUMA configuration found
[    0.046594] Faking a node at [mem 0x0000000000000000-0x000000007ffdffff]
[    0.047700] NODE_DATA(0) allocated [mem 0x7ffb5000-0x7ffdffff]
[    0.052871] Zone ranges:
[    0.053266]   DMA      [mem 0x0000000000001000-0x0000000000ffffff]
[    0.054291]   DMA32    [mem 0x0000000001000000-0x000000007ffdffff]
[    0.055261]   Normal   empty
[    0.055750]   Device   empty
[    0.056218] Movable zone start for each node
[    0.056873] Early memory node ranges
[    0.057518]   node   0: [mem 0x0000000000001000-0x000000000009efff]
[    0.058669]   node   0: [mem 0x0000000000100000-0x000000007ffdffff]
[    0.059667] Initmem setup node 0 [mem 0x0000000000001000-0x000000007ffdffff]
[    0.061489] On node 0, zone DMA: 1 pages in unavailable ranges
[    0.061731] On node 0, zone DMA: 97 pages in unavailable ranges
[    0.119848] On node 0, zone DMA32: 32 pages in unavailable ranges
[    0.121225] ACPI: PM-Timer IO Port: 0x608
[    0.122781] ACPI: LAPIC_NMI (acpi_id[0xff] dfl dfl lint[0x1])
[    0.123823] IOAPIC[0]: apic_id 0, version 17, address 0xfec00000, GSI 0-23
[    0.124907] ACPI: INT_SRC_OVR (bus 0 bus_irq 0 global_irq 2 dfl dfl)
[    0.125897] ACPI: INT_SRC_OVR (bus 0 bus_irq 5 global_irq 5 high level)
[    0.126902] ACPI: INT_SRC_OVR (bus 0 bus_irq 9 global_irq 9 high level)
[    0.128010] ACPI: INT_SRC_OVR (bus 0 bus_irq 10 global_irq 10 high level)
[    0.129037] ACPI: INT_SRC_OVR (bus 0 bus_irq 11 global_irq 11 high level)
[    0.130152] ACPI: Using ACPI (MADT) for SMP configuration information
[    0.131128] ACPI: HPET id: 0x8086a201 base: 0xfed00000
[    0.131940] TSC deadline timer available
[    0.132677] smpboot: Allowing 2 CPUs, 0 hotplug CPUs
[    0.133658] kvm-guest: KVM setup pv remote TLB flush
[    0.134439] kvm-guest: setup PV sched yield
[    0.135172] PM: hibernation: Registered nosave memory: [mem 0x00000000-0x00000fff]
[    0.136345] PM: hibernation: Registered nosave memory: [mem 0x0009f000-0x0009ffff]
[    0.137502] PM: hibernation: Registered nosave memory: [mem 0x000a0000-0x000effff]
[    0.138622] PM: hibernation: Registered nosave memory: [mem 0x000f0000-0x000fffff]
[    0.139949] [mem 0x80000000-0xfeffbfff] available for PCI devices
[    0.141128] Booting paravirtualized kernel on KVM
[    0.141912] clocksource: refined-jiffies: mask: 0xffffffff max_cycles: 0xffffffff, max_idle_ns: 7645519600211568 ns
[    0.143489] setup_percpu: NR_CPUS:8192 nr_cpumask_bits:2 nr_cpu_ids:2 nr_node_ids:1
[    0.147381] percpu: Embedded 64 pages/cpu s225280 r8192 d28672 u1048576
[    0.148983] kvm-guest: PV spinlocks enabled
[    0.149815] PV qspinlock hash table entries: 256 (order: 0, 4096 bytes, linear)
[    0.151036] Fallback order for Node 0: 0 
[    0.151733] Built 1 zonelists, mobility grouping on.  Total pages: 515808
[    0.152818] Policy zone: DMA32
[    0.153307] Kernel command line: net.ifnames=0 console=ttyS0 root=/dev/sda earlyprintk=serial net.ifnames=0
[    0.155750] random: crng init done
[    0.158568] Dentry cache hash table entries: 262144 (order: 9, 2097152 bytes, linear)
[    0.160756] Inode-cache hash table entries: 131072 (order: 8, 1048576 bytes, linear)
[    0.162211] mem auto-init: stack:off, heap alloc:off, heap free:off
[    0.167843] Memory: 1985384K/2096632K available (32784K kernel code, 4697K rwdata, 7828K rodata, 3672K init, 22116K bss, 110992K reserved, 0K cma-reserved)
[    0.170978] SLUB: HWalign=64, Order=0-3, MinObjects=0, CPUs=2, Nodes=1
[    0.171827] kmemleak: Kernel memory leak detector disabled
[    0.172613] ftrace: allocating 67419 entries in 264 pages
[    0.212564] ftrace: allocated 264 pages with 2 groups
[    0.217602] Dynamic Preempt: voluntary
[    0.218374] Running RCU self tests
[    0.218826] rcu: Preemptible hierarchical RCU implementation.
[    0.219602] rcu: 	RCU lockdep checking is enabled.
[    0.220213] rcu: 	RCU restricting CPUs from NR_CPUS=8192 to nr_cpu_ids=2.
[    0.221081] 	Trampoline variant of Tasks RCU enabled.
[    0.221854] 	Rude variant of Tasks RCU enabled.
[    0.222447] 	Tracing variant of Tasks RCU enabled.
[    0.223050] rcu: RCU calculated value of scheduler-enlistment delay is 25 jiffies.
[    0.224050] rcu: Adjusting geometry for rcu_fanout_leaf=16, nr_cpu_ids=2
[    0.256622] NR_IRQS: 524544, nr_irqs: 440, preallocated irqs: 16
[    0.257956] rcu: srcu_init: Setting srcu_struct sizes based on contention.
[    0.269263] Console: colour VGA+ 80x25
[    0.269871] printk: console [ttyS0] enabled
[    0.269871] printk: console [ttyS0] enabled
[    0.270996] printk: bootconsole [earlyser0] disabled
[    0.270996] printk: bootconsole [earlyser0] disabled
[    0.272511] Lock dependency validator: Copyright (c) 2006 Red Hat, Inc., Ingo Molnar
[    0.273771] ... MAX_LOCKDEP_SUBCLASSES:  8
[    0.274477] ... MAX_LOCK_DEPTH:          48
[    0.275132] ... MAX_LOCKDEP_KEYS:        8192
[    0.275875] ... CLASSHASH_SIZE:          4096
[    0.276585] ... MAX_LOCKDEP_ENTRIES:     32768
[    0.277303] ... MAX_LOCKDEP_CHAINS:      65536
[    0.278037] ... CHAINHASH_SIZE:          32768
[    0.278700]  memory used by lock dependency info: 6365 kB
[    0.279550]  memory used for stack traces: 4224 kB
[    0.280352]  per task-struct memory footprint: 1920 bytes
[    0.281227] ACPI: Core revision 20221020
[    0.282147] clocksource: hpet: mask: 0xffffffff max_cycles: 0xffffffff, max_idle_ns: 19112604467 ns
[    0.283898] APIC: Switch to symmetric I/O mode setup
[    0.285140] x2apic enabled
[    0.285805] Switched APIC routing to physical x2apic.
[    0.286550] kvm-guest: setup PV IPIs
[    0.288399] ..TIMER: vector=0x30 apic1=0 pin1=2 apic2=-1 pin2=-1
[    0.289332] clocksource: tsc-early: mask: 0xffffffffffffffff max_cycles: 0x1128af0325d, max_idle_ns: 440795261011 ns
[    0.290914] Calibrating delay loop (skipped) preset value.. 2380.80 BogoMIPS (lpj=4761600)
[    0.294932] pid_max: default: 32768 minimum: 301
[    0.295718] LSM: Security Framework initializing
[    0.296418] Yama: becoming mindful.
[    0.297308] Mount-cache hash table entries: 4096 (order: 3, 32768 bytes, linear)
[    0.298936] Mountpoint-cache hash table entries: 4096 (order: 3, 32768 bytes, linear)
[    0.301923] CPU0: Thermal monitoring enabled (TM1)
[    0.306079] x86/cpu: User Mode Instruction Prevention (UMIP) activated
[    0.307610] Last level iTLB entries: 4KB 0, 2MB 0, 4MB 0
[    0.308470] Last level dTLB entries: 4KB 0, 2MB 0, 4MB 0, 1GB 0
[    0.310948] Spectre V1 : Mitigation: usercopy/swapgs barriers and __user pointer sanitization
[    0.312227] Spectre V2 : WARNING: Unprivileged eBPF is enabled with eIBRS on, data leaks possible via Spectre v2 BHB attacks!
[    0.313932] Spectre V2 : Mitigation: Enhanced IBRS
[    0.314719] Spectre V2 : Spectre v2 / SpectreRSB mitigation: Filling RSB on context switch
[    0.314894] Spectre V2 : Spectre v2 / PBRSB-eIBRS: Retire a single CALL on VMEXIT
[    0.316063] Spectre V2 : mitigation: Enabling conditional Indirect Branch Prediction Barrier
[    0.317467] Speculative Store Bypass: Mitigation: Speculative Store Bypass disabled via prctl
[    0.318892] MMIO Stale Data: Unknown: No mitigations
[    0.466700] Freeing SMP alternatives memory: 56K
[    0.467566] smpboot: CPU0: Genuine Intel(R) 0000 (family: 0x6, model: 0xaa, stepping: 0x1)
[    0.469226] cblist_init_generic: Setting adjustable number of callback queues.
[    0.470184] cblist_init_generic: Setting shift to 1 and lim to 1.
[    0.470888] cblist_init_generic: Setting shift to 1 and lim to 1.
[    0.470979] cblist_init_generic: Setting shift to 1 and lim to 1.
[    0.471831] Running RCU-tasks wait API self tests
[    0.575161] Performance Events: generic architected perfmon, full-width counters, Intel PMU driver.
[    0.576741] ... version:                2
[    0.577359] ... bit width:              48
[    0.577974] ... generic registers:      8
[    0.578563] ... value mask:             0000ffffffffffff
[    0.578899] ... max period:             00007fffffffffff
[    0.579738] ... fixed-purpose events:   3
[    0.580370] ... event mask:             00000007000000ff
[    0.581696] rcu: Hierarchical SRCU implementation.
[    0.582318] rcu: 	Max phase no-delay instances is 1000.
[    0.586666] smp: Bringing up secondary CPUs ...
[    0.588473] x86: Booting SMP configuration:
[    0.589038] .... node  #0, CPUs:      #1
[    0.031976] smpboot: CPU 1 Converting physical 0 to logical die 1
[    0.595201] smp: Brought up 1 node, 2 CPUs
[    0.595632] smpboot: Max logical packages: 2
[    0.596179] smpboot: Total of 2 processors activated (4761.60 BogoMIPS)
[    0.602928] Callback from call_rcu_tasks_trace() invoked.
[    0.603694] devtmpfs: initialized
[    0.603788] x86/mm: Memory block size: 128MB
[    0.608330] clocksource: jiffies: mask: 0xffffffff max_cycles: 0xffffffff, max_idle_ns: 7645041785100000 ns
[    0.608808] futex hash table entries: 512 (order: 4, 65536 bytes, linear)
[    0.611329] pinctrl core: initialized pinctrl subsystem
[    0.612800] 
[    0.613017] *************************************************************
[    0.613921] **     NOTICE NOTICE NOTICE NOTICE NOTICE NOTICE NOTICE    **
[    0.614901] **                                                         **
[    0.616182] **  IOMMU DebugFS SUPPORT HAS BEEN ENABLED IN THIS KERNEL  **
[    0.618001] **                                                         **
[    0.618895] ** This means that this kernel is built to expose internal **
[    0.619811] ** IOMMU data structures, which may compromise security on **
[    0.620782] ** your system.                                            **
[    0.621754] **                                                         **
[    0.622896] ** If you see this message and you are not debugging the   **
[    0.624006] ** kernel, report this immediately to your vendor!         **
[    0.625026] **                                                         **
[    0.626191] **     NOTICE NOTICE NOTICE NOTICE NOTICE NOTICE NOTICE    **
[    0.626898] *************************************************************
[    0.627890] PM: RTC time: 04:18:03, date: 2022-12-29
[    0.634114] NET: Registered PF_NETLINK/PF_ROUTE protocol family
[    0.635739] DMA: preallocated 256 KiB GFP_KERNEL pool for atomic allocations
[    0.636830] DMA: preallocated 256 KiB GFP_KERNEL|GFP_DMA pool for atomic allocations
[    0.637916] DMA: preallocated 256 KiB GFP_KERNEL|GFP_DMA32 pool for atomic allocations
[    0.638995] audit: initializing netlink subsys (disabled)
[    0.639886] audit: type=2000 audit(1672287483.387:1): state=initialized audit_enabled=0 res=1
[    0.639886] thermal_sys: Registered thermal governor 'fair_share'
[    0.640660] thermal_sys: Registered thermal governor 'bang_bang'
[    0.641508] thermal_sys: Registered thermal governor 'step_wise'
[    0.642917] thermal_sys: Registered thermal governor 'user_space'
[    0.643943] cpuidle: using governor ladder
[    0.645401] cpuidle: using governor menu
[    0.646392] acpiphp: ACPI Hot Plug PCI Controller Driver version: 0.5
[    0.647406] PCI: Using configuration type 1 for base access
[    0.665546] kprobes: kprobe jump-optimization is enabled. All kprobes are optimized if possible.
[    0.934692] HugeTLB: registered 1.00 GiB page size, pre-allocated 0 pages
[    0.934946] HugeTLB: 16380 KiB vmemmap can be freed for a 1.00 GiB page
[    0.935795] HugeTLB: registered 2.00 MiB page size, pre-allocated 0 pages
[    0.936756] HugeTLB: 28 KiB vmemmap can be freed for a 2.00 MiB page
[    0.942319] ACPI: Added _OSI(Module Device)
[    0.942904] ACPI: Added _OSI(Processor Device)
[    0.943478] ACPI: Added _OSI(3.0 _SCP Extensions)
[    0.944099] ACPI: Added _OSI(Processor Aggregator Device)
[    0.951596] ACPI: 1 ACPI AML tables successfully acquired and loaded
[    0.956459] ACPI: Interpreter enabled
[    0.957102] ACPI: PM: (supports S0 S3 S4 S5)
[    0.957659] ACPI: Using IOAPIC for interrupt routing
[    0.958417] PCI: Using host bridge windows from ACPI; if necessary, use "pci=nocrs" and report a bug
[    0.958909] PCI: Using E820 reservations for host bridge windows
[    0.960658] ACPI: Enabled 2 GPEs in block 00 to 0F
[    0.980268] ACPI: PCI Root Bridge [PCI0] (domain 0000 [bus 00-ff])
[    0.981217] acpi PNP0A03:00: _OSC: OS supports [ASPM ClockPM Segments MSI EDR HPX-Type3]
[    0.982259] acpi PNP0A03:00: _OSC: not requesting OS control; OS requires [ExtendedConfig ASPM ClockPM MSI]
[    0.982983] acpi PNP0A03:00: fail to add MMCONFIG information, can't access extended PCI configuration space under this bridge.
[    0.987444] acpiphp: Slot [3] registered
[    0.988053] acpiphp: Slot [4] registered
[    0.988710] acpiphp: Slot [5] registered
[    0.989313] acpiphp: Slot [6] registered
[    0.989892] acpiphp: Slot [7] registered
[    0.990480] acpiphp: Slot [8] registered
[    0.990972] acpiphp: Slot [9] registered
[    0.991580] acpiphp: Slot [10] registered
[    0.992224] acpiphp: Slot [11] registered
[    0.992857] acpiphp: Slot [12] registered
[    0.993434] acpiphp: Slot [13] registered
[    0.994054] acpiphp: Slot [14] registered
[    0.994651] acpiphp: Slot [15] registered
[    0.994985] acpiphp: Slot [16] registered
[    0.995674] acpiphp: Slot [17] registered
[    0.996393] acpiphp: Slot [18] registered
[    0.997037] acpiphp: Slot [19] registered
[    0.997689] acpiphp: Slot [20] registered
[    0.998380] acpiphp: Slot [21] registered
[    0.998976] acpiphp: Slot [22] registered
[    0.999601] acpiphp: Slot [23] registered
[    1.000272] acpiphp: Slot [24] registered
[    1.000893] acpiphp: Slot [25] registered
[    1.001540] acpiphp: Slot [26] registered
[    1.002128] acpiphp: Slot [27] registered
[    1.002868] acpiphp: Slot [28] registered
[    1.003003] acpiphp: Slot [29] registered
[    1.003628] acpiphp: Slot [30] registered
[    1.004254] acpiphp: Slot [31] registered
[    1.004802] PCI host bridge to bus 0000:00
[    1.005380] pci_bus 0000:00: root bus resource [io  0x0000-0x0cf7 window]
[    1.006341] pci_bus 0000:00: root bus resource [io  0x0d00-0xffff window]
[    1.006898] pci_bus 0000:00: root bus resource [mem 0x000a0000-0x000bffff window]
[    1.007898] pci_bus 0000:00: root bus resource [mem 0x80000000-0xfebfffff window]
[    1.008875] pci_bus 0000:00: root bus resource [mem 0x100000000-0x17fffffff window]
[    1.009892] pci_bus 0000:00: root bus resource [bus 00-ff]
[    1.010819] pci 0000:00:00.0: [8086:1237] type 00 class 0x060000
[    1.014722] pci 0000:00:01.0: [8086:7000] type 00 class 0x060100
[    1.015858] pci 0000:00:01.1: [8086:7010] type 00 class 0x010180
[    1.018389] pci 0000:00:01.1: reg 0x20: [io  0xc040-0xc04f]
[    1.019766] pci 0000:00:01.1: legacy IDE quirk: reg 0x10: [io  0x01f0-0x01f7]
[    1.020760] pci 0000:00:01.1: legacy IDE quirk: reg 0x14: [io  0x03f6]
[    1.021666] pci 0000:00:01.1: legacy IDE quirk: reg 0x18: [io  0x0170-0x0177]
[    1.022655] pci 0000:00:01.1: legacy IDE quirk: reg 0x1c: [io  0x0376]
[    1.023324] pci 0000:00:01.3: [8086:7113] type 00 class 0x068000
[    1.024576] pci 0000:00:01.3: quirk: [io  0x0600-0x063f] claimed by PIIX4 ACPI
[    1.025561] pci 0000:00:01.3: quirk: [io  0x0700-0x070f] claimed by PIIX4 SMB
[    1.027239] pci 0000:00:02.0: [1234:1111] type 00 class 0x030000
[    1.031547] pci 0000:00:02.0: reg 0x10: [mem 0xfd000000-0xfdffffff pref]
[    1.037167] pci 0000:00:02.0: reg 0x18: [mem 0xfebf0000-0xfebf0fff]
[    1.045048] pci 0000:00:02.0: reg 0x30: [mem 0xfebe0000-0xfebeffff pref]
[    1.046580] pci 0000:00:02.0: Video device with shadowed ROM at [mem 0x000c0000-0x000dffff]
[    1.051028] pci 0000:00:03.0: [8086:100e] type 00 class 0x020000
[    1.052428] pci 0000:00:03.0: reg 0x10: [mem 0xfebc0000-0xfebdffff]
[    1.053747] pci 0000:00:03.0: reg 0x14: [io  0xc000-0xc03f]
[    1.058907] pci 0000:00:03.0: reg 0x30: [mem 0xfeb80000-0xfebbffff pref]
[    1.078755] ACPI: PCI: Interrupt link LNKA configured for IRQ 10
[    1.079392] ACPI: PCI: Interrupt link LNKB configured for IRQ 10
[    1.080746] ACPI: PCI: Interrupt link LNKC configured for IRQ 11
[    1.082069] ACPI: PCI: Interrupt link LNKD configured for IRQ 11
[    1.083113] ACPI: PCI: Interrupt link LNKS configured for IRQ 9
[    1.086182] iommu: Default domain type: Translated 
[    1.086901] iommu: DMA domain TLB invalidation policy: lazy mode 
[    1.089703] SCSI subsystem initialized
[    1.090881] ACPI: bus type USB registered
[    1.091629] usbcore: registered new interface driver usbfs
[    1.092486] usbcore: registered new interface driver hub
[    1.093336] usbcore: registered new device driver usb
[    1.094288] pps_core: LinuxPPS API ver. 1 registered
[    1.094895] pps_core: Software ver. 5.3.6 - Copyright 2005-2007 Rodolfo Giometti <giometti@linux.it>
[    1.096457] PTP clock support registered
[    1.097402] EDAC MC: Ver: 3.0.0
[    1.100634] NetLabel: Initializing
[    1.101203] NetLabel:  domain hash size = 128
[    1.102032] NetLabel:  protocols = UNLABELED CIPSOv4 CALIPSO
[    1.102991] NetLabel:  unlabeled traffic allowed by default
[    1.135494] PCI: Using ACPI for IRQ routing
[    1.136524] pci 0000:00:02.0: vgaarb: setting as boot VGA device
[    1.137432] pci 0000:00:02.0: vgaarb: bridge control possible
[    1.138273] pci 0000:00:02.0: vgaarb: VGA device added: decodes=io+mem,owns=io+mem,locks=none
[    1.138900] vgaarb: loaded
[    1.140172] hpet0: at MMIO 0xfed00000, IRQs 2, 8, 0
[    1.140835] hpet0: 3 comparators, 64-bit 100.000000 MHz counter
[    3.947678] clocksource: Switched to clocksource kvm-clock
[    4.001195] Callback from call_rcu_tasks_rude() invoked.
[    4.059056] Callback from call_rcu_tasks() invoked.
[    4.170561] VFS: Disk quotas dquot_6.6.0
[    4.171160] VFS: Dquot-cache hash table entries: 512 (order 0, 4096 bytes)
[    4.172548] pnp: PnP ACPI init
[    4.175400] pnp: PnP ACPI: found 6 devices
[    4.187706] clocksource: acpi_pm: mask: 0xffffff max_cycles: 0xffffff, max_idle_ns: 2085701024 ns
[    4.189554] NET: Registered PF_INET protocol family
[    4.190680] IP idents hash table entries: 32768 (order: 6, 262144 bytes, linear)
[    4.193317] tcp_listen_portaddr_hash hash table entries: 1024 (order: 4, 73728 bytes, linear)
[    4.194730] Table-perturb hash table entries: 65536 (order: 6, 262144 bytes, linear)
[    4.196012] TCP established hash table entries: 16384 (order: 5, 131072 bytes, linear)
[    4.197532] TCP bind hash table entries: 16384 (order: 9, 2359296 bytes, linear)
[    4.202288] TCP: Hash tables configured (established 16384 bind 16384)
[    4.203629] UDP hash table entries: 1024 (order: 5, 163840 bytes, linear)
[    4.204938] UDP-Lite hash table entries: 1024 (order: 5, 163840 bytes, linear)
[    4.206520] NET: Registered PF_UNIX/PF_LOCAL protocol family
[    4.208108] RPC: Registered named UNIX socket transport module.
[    4.208973] RPC: Registered udp transport module.
[    4.209804] RPC: Registered tcp transport module.
[    4.210474] RPC: Registered tcp NFSv4.1 backchannel transport module.
[    4.211447] pci_bus 0000:00: resource 4 [io  0x0000-0x0cf7 window]
[    4.212277] pci_bus 0000:00: resource 5 [io  0x0d00-0xffff window]
[    4.213141] pci_bus 0000:00: resource 6 [mem 0x000a0000-0x000bffff window]
[    4.214159] pci_bus 0000:00: resource 7 [mem 0x80000000-0xfebfffff window]
[    4.215153] pci_bus 0000:00: resource 8 [mem 0x100000000-0x17fffffff window]
[    4.216465] pci 0000:00:01.0: PIIX3: Enabling Passive Release
[    4.217267] pci 0000:00:00.0: Limiting direct PCI/PCI transfers
[    4.218256] PCI: CLS 0 bytes, default 64
[    4.218873] ACPI: bus type thunderbolt registered
[    4.219948] clocksource: tsc: mask: 0xffffffffffffffff max_cycles: 0x1128af0325d, max_idle_ns: 440795261011 ns
[    4.226742] Initialise system trusted keyrings
[    4.227527] Key type blacklist registered
[    4.228688] workingset: timestamp_bits=36 max_order=19 bucket_order=0
[    4.229926] zbud: loaded
[    4.231236] squashfs: version 4.0 (2009/01/31) Phillip Lougher
[    4.233554] NFS: Registering the id_resolver key type
[    4.234295] Key type id_resolver registered
[    4.234881] Key type id_legacy registered
[    4.235494] nfs4filelayout_init: NFSv4 File Layout Driver Registering...
[    4.236520] nfs4flexfilelayout_init: NFSv4 Flexfile Layout Driver Registering...
[    4.237741] fuse: init (API version 7.38)
[    4.238491] SGI XFS with ACLs, security attributes, realtime, quota, no debug enabled
[    4.240454] 9p: Installing v9fs 9p2000 file system support
[    4.249452] Key type asymmetric registered
[    4.250139] Asymmetric key parser 'x509' registered
[    4.253831] alg: self-tests for CTR-KDF (hmac(sha256)) passed
[    4.255003] Block layer SCSI generic (bsg) driver version 0.4 loaded (major 243)
[    4.256421] io scheduler mq-deadline registered
[    4.257135] io scheduler bfq registered
[    4.259241] shpchp: Standard Hot Plug PCI Controller Driver version: 0.4
[    4.260773] IPMI message handler: version 39.2
[    4.261637] ipmi device interface
[    4.264066] input: Power Button as /devices/LNXSYSTM:00/LNXPWRBN:00/input/input0
[    4.265573] ACPI: button: Power Button [PWRF]
[    4.267384] ERST DBG: ERST support is disabled.
[    4.268806] Serial: 8250/16550 driver, 32 ports, IRQ sharing enabled
[    4.270562] 00:04: ttyS0 at I/O 0x3f8 (irq = 4, base_baud = 115200) is a 16550A
[    4.281827] Linux agpgart interface v0.103
[    4.284111] ACPI: bus type drm_connector registered
[    4.299024] brd: module loaded
[    4.308610] loop: module loaded
[    4.315010] scsi host0: ata_piix
[    4.316077] scsi host1: ata_piix
[    4.316748] ata1: PATA max MWDMA2 cmd 0x1f0 ctl 0x3f6 bmdma 0xc040 irq 14
[    4.317750] ata2: PATA max MWDMA2 cmd 0x170 ctl 0x376 bmdma 0xc048 irq 15
[    4.320083] tun: Universal TUN/TAP device driver, 1.6
[    4.320986] e100: Intel(R) PRO/100 Network Driver
[    4.321695] e100: Copyright(c) 1999-2006 Intel Corporation
[    4.322617] e1000: Intel(R) PRO/1000 Network Driver
[    4.323428] e1000: Copyright (c) 1999-2006 Intel Corporation.
[    4.479385] ata1: found unknown device (class 0)
[    4.481346] ata2: found unknown device (class 0)
[    4.483380] ata1.00: ATA-7: QEMU HARDDISK, 2.5+, max UDMA/100
[    4.484768] ata1.00: 16777216 sectors, multi 16: LBA48 
[    4.486856] ata2.00: ATAPI: QEMU DVD-ROM, 2.5+, max UDMA/100
[    4.489936] scsi 0:0:0:0: Direct-Access     ATA      QEMU HARDDISK    2.5+ PQ: 0 ANSI: 5
[    4.493640] scsi 0:0:0:0: Attached scsi generic sg0 type 0
[    4.497117] scsi 1:0:0:0: CD-ROM            QEMU     QEMU DVD-ROM     2.5+ PQ: 0 ANSI: 5
[    4.501161] sd 0:0:0:0: [sda] 16777216 512-byte logical blocks: (8.59 GB/8.00 GiB)
[    4.503126] sd 0:0:0:0: [sda] Write Protect is off
[    4.504327] sd 0:0:0:0: [sda] Write cache: enabled, read cache: enabled, doesn't support DPO or FUA
[    4.506853] sd 0:0:0:0: [sda] Preferred minimum I/O size 512 bytes
[    4.525890] sd 0:0:0:0: [sda] Attached SCSI disk
[    4.526395] ACPI: \_SB_.LNKC: Enabled at IRQ 11
[    4.532376] scsi 1:0:0:0: Attached scsi generic sg1 type 5
[    4.876998] e1000 0000:00:03.0 eth0: (PCI:33MHz:32-bit) 52:54:00:12:34:56
[    4.878331] e1000 0000:00:03.0 eth0: Intel(R) PRO/1000 Network Connection
[    4.879823] e1000e: Intel(R) PRO/1000 Network Driver
[    4.880653] e1000e: Copyright(c) 1999 - 2015 Intel Corporation.
[    4.881942] igb: Intel(R) Gigabit Ethernet Network Driver
[    4.882955] igb: Copyright (c) 2007-2014 Intel Corporation.
[    4.884081] PPP generic driver version 2.4.2
[    4.885612] VFIO - User Level meta-driver version: 0.3
[    4.887155] usbcore: registered new interface driver uas
[    4.887955] usbcore: registered new interface driver usb-storage
[    4.888961] i8042: PNP: PS/2 Controller [PNP0303:KBD,PNP0f13:MOU] at 0x60,0x64 irq 1,12
[    4.891014] serio: i8042 KBD port at 0x60,0x64 irq 1
[    4.891725] serio: i8042 AUX port at 0x60,0x64 irq 12
[    4.893254] mousedev: PS/2 mouse device common for all mice
[    4.895223] input: AT Translated Set 2 keyboard as /devices/platform/i8042/serio0/input/input1
[    4.897573] input: VirtualPS/2 VMware VMMouse as /devices/platform/i8042/serio1/input/input4
[    4.899429] input: VirtualPS/2 VMware VMMouse as /devices/platform/i8042/serio1/input/input3
[    4.901259] rtc_cmos 00:05: RTC can wake from S4
[    4.903179] rtc_cmos 00:05: registered as rtc0
[    4.903873] rtc_cmos 00:05: setting system clock to 2022-12-29T04:18:07 UTC (1672287487)
[    4.905257] rtc_cmos 00:05: alarms up to one day, y3k, 242 bytes nvram, hpet irqs
[    4.906371] i2c_dev: i2c /dev entries driver
[    4.907285] device-mapper: core: CONFIG_IMA_DISABLE_HTABLE is disabled. Duplicate IMA measurements will not be recorded in the IMA log.
[    4.909133] device-mapper: uevent: version 1.0.3
[    4.910011] device-mapper: ioctl: 4.47.0-ioctl (2022-07-28) initialised: dm-devel@redhat.com
[    4.911177] intel_pstate: CPU model not supported
[    4.911933] sdhci: Secure Digital Host Controller Interface driver
[    4.912745] sdhci: Copyright(c) Pierre Ossman
[    4.913432] sdhci-pltfm: SDHCI platform and OF driver helper
[    4.914458] ledtrig-cpu: registered to indicate activity on CPUs
[    4.916088] drop_monitor: Initializing network drop monitor service
[    4.917365] NET: Registered PF_INET6 protocol family
[    4.920559] Segment Routing with IPv6
[    4.921253] In-situ OAM (IOAM) with IPv6
[    4.921975] NET: Registered PF_PACKET protocol family
[    4.922973] 9pnet: Installing 9P2000 support
[    4.923771] Key type dns_resolver registered
[    4.925365] IPI shorthand broadcast: enabled
[    4.926100] sched_clock: Marking stable (4896943988, 27976607)->(4970894032, -45973437)
[    4.928088] registered taskstats version 1
[    4.928920] Loading compiled-in X.509 certificates
[    4.930869] zswap: loaded using pool lzo/zbud
[    4.949350] Key type .fscrypt registered
[    4.950292] Key type fscrypt-provisioning registered
[    4.952650] Key type encrypted registered
[    4.953342] ima: No TPM chip found, activating TPM-bypass!
[    4.954271] ima: Allocated hash algorithm: sha1
[    4.955055] ima: No architecture policies found
[    4.955815] evm: Initialising EVM extended attributes:
[    4.956573] evm: security.selinux
[    4.957090] evm: security.SMACK64
[    4.957727] evm: security.SMACK64EXEC
[    4.958256] evm: security.SMACK64TRANSMUTE
[    4.959080] evm: security.SMACK64MMAP
[    4.959670] evm: security.apparmor
[    4.960270] evm: security.ima
[    4.960753] evm: security.capability
[    4.961353] evm: HMAC attrs: 0x1
[    4.969153] PM:   Magic number: 2:909:313
[    4.970553] RAS: Correctable Errors collector initialized.
[    4.972967] md: Waiting for all devices to be available before autodetect
[    4.973852] md: If you don't use raid, use raid=noautodetect
[    4.974540] md: Autodetecting RAID arrays.
[    4.975171] md: autorun ...
[    4.975504] md: ... autorun DONE.
[    4.992984] EXT4-fs (sda): mounted filesystem 23a53bb9-f815-47a5-b74c-5e08f7731193 with ordered data mode. Quota mode: none.
[    4.994305] VFS: Mounted root (ext4 filesystem) readonly on device 8:0.
[    4.998130] devtmpfs: mounted
[    5.009568] Freeing unused decrypted memory: 2036K
[    5.013201] Freeing unused kernel image (initmem) memory: 3672K
[    5.013970] Write protecting the kernel read-only data: 43008k
[    5.018645] Freeing unused kernel image (text/rodata gap) memory: 2028K
[    5.020041] Freeing unused kernel image (rodata/data gap) memory: 364K
[    5.139398] x86/mm: Checked W+X mappings: passed, no W+X pages found.
[    5.140148] Run /sbin/init as init process
[    5.280813] systemd[1]: RTC configured in localtime, applying delta of 0 minutes to system time.
[    5.319759] systemd[1]: systemd 239 (239-49.el8) running in system mode. (+PAM +AUDIT +SELINUX +IMA -APPARMOR +SMACK +SYSVINIT +UTMP +LIBCRYPTSETUP +GCRYPT +GNUTLS +ACL +XZ +LZ4 +SECCOMP +BLKID +ELFUTILS +KMOD +IDN2 -IDN +PCRE2 default-hierarchy=legacy)
[    5.322337] systemd[1]: Detected virtualization kvm.
[    5.322964] systemd[1]: Detected architecture x86-64.

Welcome to [0;31mCentOS Stream 8[0m!

[    5.388464] systemd[1]: Set hostname to <test>.
[    5.790341] systemd[1]: Reached target Swap.
[[0;32m  OK  [0m] Reached target Swap.
[    5.793412] systemd[1]: Listening on Device-mapper event daemon FIFOs.
[[0;32m  OK  [0m] Listening on Device-mapper event daemon FIFOs.
[    5.796244] systemd[1]: Listening on udev Kernel Socket.
[[0;32m  OK  [0m] Listening on udev Kernel Socket.
[    5.798943] systemd[1]: Listening on LVM2 poll daemon socket.
[[0;32m  OK  [0m] Listening on LVM2 poll daemon socket.
[    5.806598] systemd[1]: Created slice system-getty.slice.
[[0;32m  OK  [0m] Created slice system-getty.slice.
[    5.809428] systemd[1]: Listening on multipathd control socket.
[[0;32m  OK  [0m] Listening on multipathd control socket.
[[0;32m  OK  [0m] Created slice User and Session Slice.
[[0;32m  OK  [0m] Reached target Slices.
[[0;32m  OK  [0m] Set up automount Arbitrary Executabâ€¦rmats File System Automount Point.
[[0;32m  OK  [0m] Listening on udev Control Socket.
[[0;32m  OK  [0m] Listening on Journal Socket.
         Starting Load Kernel Modules...
         Mounting POSIX Message Queue File System...
         Starting udev Coldplug all Devices...
         Starting Remount Root and Kernel File Systems...
[[0;32m  OK  [0m] Listening on Journal Socket (/dev/log).
         Starting Journal Service...
         Mounting Huge Pages File System...
[[0;32m  OK  [0m] Started Forward Password Requests to Wall Directory Watch.
         Mounting Kernel Debug File System...
[[0;32m  OK  [0m] Listening on initctl Compatibility Named Pipe.
[[0;32m  OK  [0m] Listening on Process Core Dump Socket.
[[0;32m  OK  [0m] Created slice system-serial\x2dgetty.slice.
         Starting Monitoring of LVM2 mirrorsâ€¦ng dmeventd or progress polling...
         Starting Setup Virtual Console...
[[0;32m  OK  [0m] Created slice system-sshd\x2dkeygen.slice.
[[0;32m  OK  [0m] Listening on RPCbind Server Activation Socket.
[[0;32m  OK  [0m] Reached target RPC Port Mapper.
[[0;1;31mFAILED[0m] Failed to start Load Kernel Modules.
See 'systemctl status systemd-modules-load.service' for details.
[[0;32m  OK  [0m] Mounted POSIX Message Queue File System.
[[0;32m  OK  [0m] Mounted Huge Pages File System.
[[0;32m  OK  [0m] Mounted Kernel Debug File System.
         Mounting FUSE Control File System...
         Mounting Kernel Configuration File System...
[    6.234438] EXT4-fs (sda): re-mounted 23a53bb9-f815-47a5-b74c-5e08f7731193. Quota mode: none.
         Starting Apply Kernel Variables...
[[0;32m  OK  [0m] Started Journal Service.
[[0;32m  OK  [0m] Started Remount Root and Kernel File Systems.
[[0;32m  OK  [0m] Mounted FUSE Control File System.
[[0;32m  OK  [0m] Mounted Kernel Configuration File System.
[[0;32m  OK  [0m] Started Apply Kernel Variables.
         Starting Create Static Device Nodes in /dev...
         Starting Load/Save Random Seed...
         Starting Flush Journal to Persistent Storage...
[[0;32m  OK  [0m] Started Load/Save Random Seed.
[[0;32m  OK  [0m] Started Create Static Device Nodes in /dev.
         Starting udev Kernel Device Manager...
[[0;32m  OK  [0m] Started Flush Journal to Persistent Storage.
[[0;32m  OK  [0m] Started udev Coldplug all Devices.
[[0;32m  OK  [0m] Started udev Kernel Device Manager.
         Starting udev Wait for Complete Device Initialization...
[[0;32m  OK  [0m] Started Setup Virtual Console.
         Starting Show Plymouth Boot Screen...
[[0;32m  OK  [0m] Started Show Plymouth Boot Screen.
[[0;32m  OK  [0m] Started Forward Password Requests to Plymouth Directory Watch.
[[0;32m  OK  [0m] Reached target Local Encrypted Volumes.
[[0;32m  OK  [0m] Reached target Paths.
[[0;32m  OK  [0m] Started Monitoring of LVM2 mirrors,â€¦sing dmeventd or progress polling.
[[0;32m  OK  [0m] Found device /dev/ttyS0.
[[0;32m  OK  [0m] Started udev Wait for Complete Device Initialization.
[[0;32m  OK  [0m] Listening on Load/Save RF Kill Switch Status /dev/rfkill Watch.
[[0;32m  OK  [0m] Reached target Local File Systems (Pre).
[[0;32m  OK  [0m] Reached target Local File Systems.
         Starting Tell Plymouth To Write Out Runtime Data...
         Starting Create Volatile Files and Directories...
         Starting Restore /run/initramfs on shutdown...
[[0;32m  OK  [0m] Started Tell Plymouth To Write Out Runtime Data.
[[0;32m  OK  [0m] Started Restore /run/initramfs on shutdown.
[[0;32m  OK  [0m] Started Create Volatile Files and Directories.
         Starting Security Auditing Service...
         Starting RPC Bind...
         Mounting RPC Pipe File System...
[[0;32m  OK  [0m] Mounted RPC Pipe File System.
[[0;32m  OK  [0m] Reached target rpc_pipefs.target.
[[0;32m  OK  [0m] Started RPC Bind.
[[0;32m  OK  [0m] Started Security Auditing Service.
         Starting Update UTMP about System Boot/Shutdown...
[[0;32m  OK  [0m] Started Update UTMP about System Boot/Shutdown.
[[0;32m  OK  [0m] Reached target System Initialization.
[[0;32m  OK  [0m] Listening on SSSD Kerberos Cache Manager responder socket.
[[0;32m  OK  [0m] Started dnf makecache --timer.
[[0;32m  OK  [0m] Started Daily Cleanup of Temporary Directories.
[[0;32m  OK  [0m] Listening on D-Bus System Message Bus Socket.
[[0;32m  OK  [0m] Reached target Sockets.
[[0;32m  OK  [0m] Reached target Basic System.
[[0;32m  OK  [0m] Started irqbalance daemon.
[[0;32m  OK  [0m] Started Machine Check Exception Logging Daemon.
         Starting NTP client/server...
         Starting Self Monitoring and Reporting Technology (SMART) Daemon...
[[0;32m  OK  [0m] Started D-Bus System Message Bus.
         Starting Network Manager...
         Starting Login Service...
         Starting Auto-connect to subsystemsâ€¦-NVME devices found during boot...
[[0;32m  OK  [0m] Reached target sshd-keygen.target.
[[0;32m  OK  [0m] Started daily update of the root trust anchor for DNSSEC.
[[0;32m  OK  [0m] Reached target Timers.
         Starting Authorization Manager...
[[0;32m  OK  [0m] Started Auto-connect to subsystems â€¦FC-NVME devices found during boot.
[[0;32m  OK  [0m] Started Self Monitoring and Reporting Technology (SMART) Daemon.
         Starting update of the root trust aâ€¦or DNSSEC validation in unbound...
[[0;32m  OK  [0m] Started NTP client/server.
[[0;32m  OK  [0m] Started Login Service.
[[0;32m  OK  [0m] Started Network Manager.
         Starting Network Manager Wait Online...
[[0;32m  OK  [0m] Reached target Network.
         Starting OpenSSH server daemon...
         Starting Dynamic System Tuning Daemon...
         Starting GSSAPI Proxy Daemon...
[[0;32m  OK  [0m] Started OpenSSH server daemon.
         Starting Hostname Service...
[[0;32m  OK  [0m] Started update of the root trust anâ€¦ for DNSSEC validation in unbound.
[[0;32m  OK  [0m] Started Authorization Manager.
[[0;32m  OK  [0m] Started GSSAPI Proxy Daemon.
[[0;32m  OK  [0m] Reached target NFS client services.
[[0;32m  OK  [0m] Reached target Remote File Systems (Pre).
[[0;32m  OK  [0m] Reached target Remote File Systems.
         Starting Permit User Sessions...
[[0;32m  OK  [0m] Started Permit User Sessions.
         Starting Hold until boot process finishes up...
         Starting Terminate Plymouth Boot Screen...
[[0;32m  OK  [0m] Started Command Scheduler.
[    9.555524] e1000: eth0 NIC Link is Up 1000 Mbps Full Duplex, Flow Control: RX
[    9.557100] IPv6: ADDRCONF(NETDEV_CHANGE): eth0: link becomes ready
[    9.965691] Spectre V2 : WARNING: Unprivileged eBPF is enabled with eIBRS on, data leaks possible via Spectre v2 BHB attacks!
[    9.968022] Spectre V2 : WARNING: Unprivileged eBPF is enabled with eIBRS on, data leaks possible via Spectre v2 BHB attacks!

CentOS Stream 8
Kernel 6.1.0-97971df811b8+ on an x86_64

test login: [   29.533647] perf: interrupt took too long (2618 > 2500), lowering kernel.perf_event_max_sample_rate to 76250
[   29.535836] perf: interrupt took too long (3460 > 3272), lowering kernel.perf_event_max_sample_rate to 57750
[   29.539256] perf: interrupt took too long (4457 > 4325), lowering kernel.perf_event_max_sample_rate to 44750
[   29.541259] perf: interrupt took too long (5727 > 5571), lowering kernel.perf_event_max_sample_rate to 34750
[   29.543947] perf: interrupt took too long (7466 > 7158), lowering kernel.perf_event_max_sample_rate to 26750
[   29.547801] perf: interrupt took too long (9537 > 9332), lowering kernel.perf_event_max_sample_rate to 20750
[   29.551574] perf: interrupt took too long (12092 > 11921), lowering kernel.perf_event_max_sample_rate to 16500
[   29.557690] perf: interrupt took too long (15377 > 15115), lowering kernel.perf_event_max_sample_rate to 13000
[   29.563580] perf: interrupt took too long (19398 > 19221), lowering kernel.perf_event_max_sample_rate to 10250
[   29.577439] perf: interrupt took too long (24326 > 24247), lowering kernel.perf_event_max_sample_rate to 8000
[  131.799510] ------------[ cut here ]------------
[  131.800383] WARNING: CPU: 1 PID: 97898 at kernel/events/core.c:4920 put_pmu_ctx+0x107/0x120
[  131.802102] Modules linked in:
[  131.802803] CPU: 1 PID: 97898 Comm: repro Not tainted 6.1.0-97971df811b8+ #1
[  131.804508] Hardware name: QEMU Standard PC (i440FX + PIIX, 1996), BIOS rel-1.14.0-0-g155821a1990b-prebuilt.qemu.org 04/01/2014
[  131.807099] RIP: 0010:put_pmu_ctx+0x107/0x120
[  131.808132] Code: e8 0e ba ea ff 48 8d 7b 50 48 c7 c6 50 cd 3e 81 e8 7e 51 df ff e8 f9 b9 ea ff 5b 41 5c 41 5d 5d c3 cc cc cc cc e8 e9 b9 ea ff <0f> 0b eb a5 e8 e0 b9 ea ff 0f 0b eb 8a e8 d7 b9 ea ff 0f 0b e9 35
[  131.812363] RSP: 0018:ffffc900016ffcd0 EFLAGS: 00010246
[  131.813494] RAX: 0000000000000000 RBX: ffff88807dc3cd00 RCX: 0000000000000001
[  131.815045] RDX: 0000000000000000 RSI: ffff8880127da340 RDI: 0000000000000002
[  131.816275] RBP: ffffc900016ffce8 R08: 0000000000000001 R09: 0000000000000001
[  131.817449] R10: 0000000000000000 R11: 0000000000000001 R12: ffff88807dc2ed80
[  131.818673] R13: ffff88807dc3cd10 R14: 0000000000000000 R15: 0000000000000001
[  131.819862] FS:  0000000000000000(0000) GS:ffff88807dd00000(0000) knlGS:0000000000000000
[  131.821181] CS:  0010 DS: 0000 ES: 0000 CR0: 0000000080050033
[  131.822135] CR2: 00007f16444cd828 CR3: 000000000b2c0001 CR4: 0000000000770ee0
[  131.823555] DR0: 0000000000000000 DR1: 0000000000000000 DR2: 0000000000000000
[  131.824790] DR3: 0000000000000000 DR6: 00000000ffff07f0 DR7: 0000000000000400
[  131.825980] PKRU: 55555554
[  131.826451] Call Trace:
[  131.826925]  <TASK>
[  131.827359]  _free_event+0x18f/0x800
[  131.828166]  put_event+0x3c/0x50
[  131.828730]  perf_event_release_kernel+0x2de/0x360
[  131.829606]  ? perf_event_release_kernel+0x360/0x360
[  131.830483]  perf_release+0x22/0x30
[  131.831142]  __fput+0x11f/0x450
[  131.831728]  ____fput+0x1e/0x30
[  131.832351]  task_work_run+0xb6/0x120
[  131.833046]  do_exit+0x547/0x1360
[  131.833687]  ? lockdep_hardirqs_on+0x8a/0x110
[  131.834476]  ? trace_hardirqs_on+0x3f/0x100
[  131.835361]  do_group_exit+0x5e/0xf0
[  131.836020]  __x64_sys_exit_group+0x25/0x30
[  131.836726]  do_syscall_64+0x3b/0x90
[  131.837364]  entry_SYSCALL_64_after_hwframe+0x63/0xcd
[  131.838268] RIP: 0033:0x7f16443c2cf6
[  131.838923] Code: Unable to access opcode bytes at 0x7f16443c2ccc.
[  131.839944] RSP: 002b:00007ffe6840a9f8 EFLAGS: 00000246 ORIG_RAX: 00000000000000e7
[  131.841247] RAX: ffffffffffffffda RBX: 00007f16444cd490 RCX: 00007f16443c2cf6
[  131.842399] RDX: 0000000000000000 RSI: 000000000000003c RDI: 0000000000000000
[  131.843586] RBP: 0000000000000000 R08: 00000000000000e7 R09: ffffffffffffff80
[  131.844705] R10: 0000000000000004 R11: 0000000000000246 R12: 00007f16444cd490
[  131.845915] R13: 0000000000000001 R14: 00007f16444d0e88 R15: 0000000000000000
[  131.847281]  </TASK>
[  131.847675] irq event stamp: 2941
[  131.848336] hardirqs last  enabled at (2949): [<ffffffff811b9351>] __up_console_sem+0x91/0xb0
[  131.850231] hardirqs last disabled at (2956): [<ffffffff811b9336>] __up_console_sem+0x76/0xb0
[  131.852028] softirqs last  enabled at (2576): [<ffffffff83000329>] __do_softirq+0x329/0x490
[  131.853825] softirqs last disabled at (2447): [<ffffffff811125e2>] irq_exit_rcu+0xd2/0x100
[  131.855571] ---[ end trace 0000000000000000 ]---
