c[?7l[2J[0mSeaBIOS (version rel-1.14.0-0-g155821a1990b-prebuilt.qemu.org)


iPXE (http://ipxe.org) 00:03.0 CA00 PCI2.10 PnP PMM+7FF8F030+7FEEF030 CA00
Press Ctrl-B to configure iPXE (PCI 00:03.0)...                                                                               


Booting from ROM...
c[?7l[2J[    0.000000] Linux version 6.1.0-add769595757+ (root@p-mtlp02) (gcc (GCC) 8.5.0 20210514 (Red Hat 8.5.0-17), GNU ld version 2.36.1-2.el8) #1 SMP PREEMPT_DYNAMIC Thu Dec 29 08:05:05 CST 2022
[    0.000000] Command line: console=ttyS0 root=/dev/sda earlyprintk=serial net.ifnames=0
[    0.000000] KERNEL supported cpus:
[    0.000000]   Intel GenuineIntel
[    0.000000]   AMD AuthenticAMD
[    0.000000]   Hygon HygonGenuine
[    0.000000]   Centaur CentaurHauls
[    0.000000]   zhaoxin   Shanghai  
[    0.000000] x86/split lock detection: #DB: warning on user-space bus_locks
[    0.000000] x86/fpu: Supporting XSAVE feature 0x001: 'x87 floating point registers'
[    0.000000] x86/fpu: Supporting XSAVE feature 0x002: 'SSE registers'
[    0.000000] x86/fpu: Supporting XSAVE feature 0x004: 'AVX registers'
[    0.000000] x86/fpu: Supporting XSAVE feature 0x200: 'Protection Keys User registers'
[    0.000000] x86/fpu: xstate_offset[2]:  576, xstate_sizes[2]:  256
[    0.000000] x86/fpu: xstate_offset[9]:  832, xstate_sizes[9]:    8
[    0.000000] x86/fpu: Enabled xstate features 0x207, context size is 840 bytes, using 'compacted' format.
[    0.000000] signal: max sigframe size: 3632
[    0.000000] BIOS-provided physical RAM map:
[    0.000000] BIOS-e820: [mem 0x0000000000000000-0x000000000009fbff] usable
[    0.000000] BIOS-e820: [mem 0x000000000009fc00-0x000000000009ffff] reserved
[    0.000000] BIOS-e820: [mem 0x00000000000f0000-0x00000000000fffff] reserved
[    0.000000] BIOS-e820: [mem 0x0000000000100000-0x000000007ffdffff] usable
[    0.000000] BIOS-e820: [mem 0x000000007ffe0000-0x000000007fffffff] reserved
[    0.000000] BIOS-e820: [mem 0x00000000feffc000-0x00000000feffffff] reserved
[    0.000000] BIOS-e820: [mem 0x00000000fffc0000-0x00000000ffffffff] reserved
[    0.000000] printk: bootconsole [earlyser0] enabled
[    0.000000] NX (Execute Disable) protection: active
[    0.000000] SMBIOS 2.8 present.
[    0.000000] DMI: QEMU Standard PC (i440FX + PIIX, 1996), BIOS rel-1.14.0-0-g155821a1990b-prebuilt.qemu.org 04/01/2014
[    0.000000] Hypervisor detected: KVM
[    0.000000] kvm-clock: Using msrs 4b564d01 and 4b564d00
[    0.000006] kvm-clock: using sched offset of 606349495 cycles
[    0.000704] clocksource: kvm-clock: mask: 0xffffffffffffffff max_cycles: 0x1cd42e4dffb, max_idle_ns: 881590591483 ns
[    0.002861] tsc: Detected 1190.400 MHz processor
[    0.010949] last_pfn = 0x7ffe0 max_arch_pfn = 0x400000000
[    0.011742] x86/PAT: Configuration [0-7]: WB  WC  UC- UC  WB  WP  UC- WT  
[    0.022859] found SMP MP-table at [mem 0x000f5a90-0x000f5a9f]
[    0.023822] Using GB pages for direct mapping
[    0.026104] ACPI: Early table checksum verification disabled
[    0.026943] ACPI: RSDP 0x00000000000F5870 000014 (v00 BOCHS )
[    0.027727] ACPI: RSDT 0x000000007FFE1959 000034 (v01 BOCHS  BXPC     00000001 BXPC 00000001)
[    0.029006] ACPI: FACP 0x000000007FFE1805 000074 (v01 BOCHS  BXPC     00000001 BXPC 00000001)
[    0.030173] ACPI: DSDT 0x000000007FFE0040 0017C5 (v01 BOCHS  BXPC     00000001 BXPC 00000001)
[    0.031385] ACPI: FACS 0x000000007FFE0000 000040
[    0.032003] ACPI: APIC 0x000000007FFE1879 000080 (v01 BOCHS  BXPC     00000001 BXPC 00000001)
[    0.033125] ACPI: HPET 0x000000007FFE18F9 000038 (v01 BOCHS  BXPC     00000001 BXPC 00000001)
[    0.034234] ACPI: WAET 0x000000007FFE1931 000028 (v01 BOCHS  BXPC     00000001 BXPC 00000001)
[    0.035370] ACPI: Reserving FACP table memory at [mem 0x7ffe1805-0x7ffe1878]
[    0.036360] ACPI: Reserving DSDT table memory at [mem 0x7ffe0040-0x7ffe1804]
[    0.037259] ACPI: Reserving FACS table memory at [mem 0x7ffe0000-0x7ffe003f]
[    0.038222] ACPI: Reserving APIC table memory at [mem 0x7ffe1879-0x7ffe18f8]
[    0.039142] ACPI: Reserving HPET table memory at [mem 0x7ffe18f9-0x7ffe1930]
[    0.040049] ACPI: Reserving WAET table memory at [mem 0x7ffe1931-0x7ffe1958]
[    0.042146] No NUMA configuration found
[    0.042637] Faking a node at [mem 0x0000000000000000-0x000000007ffdffff]
[    0.043624] NODE_DATA(0) allocated [mem 0x7ffb5000-0x7ffdffff]
[    0.048062] Zone ranges:
[    0.048417]   DMA      [mem 0x0000000000001000-0x0000000000ffffff]
[    0.049204]   DMA32    [mem 0x0000000001000000-0x000000007ffdffff]
[    0.050007]   Normal   empty
[    0.050385]   Device   empty
[    0.050850] Movable zone start for each node
[    0.051417] Early memory node ranges
[    0.051939]   node   0: [mem 0x0000000000001000-0x000000000009efff]
[    0.052746]   node   0: [mem 0x0000000000100000-0x000000007ffdffff]
[    0.053614] Initmem setup node 0 [mem 0x0000000000001000-0x000000007ffdffff]
[    0.084384] On node 0, zone DMA: 1 pages in unavailable ranges
[    0.084643] On node 0, zone DMA: 97 pages in unavailable ranges
[    0.121213] On node 0, zone DMA32: 32 pages in unavailable ranges
[    0.122462] ACPI: PM-Timer IO Port: 0x608
[    0.123838] ACPI: LAPIC_NMI (acpi_id[0xff] dfl dfl lint[0x1])
[    0.124753] IOAPIC[0]: apic_id 0, version 17, address 0xfec00000, GSI 0-23
[    0.125678] ACPI: INT_SRC_OVR (bus 0 bus_irq 0 global_irq 2 dfl dfl)
[    0.126509] ACPI: INT_SRC_OVR (bus 0 bus_irq 5 global_irq 5 high level)
[    0.127457] ACPI: INT_SRC_OVR (bus 0 bus_irq 9 global_irq 9 high level)
[    0.128311] ACPI: INT_SRC_OVR (bus 0 bus_irq 10 global_irq 10 high level)
[    0.129176] ACPI: INT_SRC_OVR (bus 0 bus_irq 11 global_irq 11 high level)
[    0.130066] ACPI: Using ACPI (MADT) for SMP configuration information
[    0.130909] ACPI: HPET id: 0x8086a201 base: 0xfed00000
[    0.131644] TSC deadline timer available
[    0.132148] smpboot: Allowing 2 CPUs, 0 hotplug CPUs
[    0.132923] kvm-guest: KVM setup pv remote TLB flush
[    0.133559] kvm-guest: setup PV sched yield
[    0.134200] PM: hibernation: Registered nosave memory: [mem 0x00000000-0x00000fff]
[    0.135252] PM: hibernation: Registered nosave memory: [mem 0x0009f000-0x0009ffff]
[    0.136255] PM: hibernation: Registered nosave memory: [mem 0x000a0000-0x000effff]
[    0.137286] PM: hibernation: Registered nosave memory: [mem 0x000f0000-0x000fffff]
[    0.138255] [mem 0x80000000-0xfeffbfff] available for PCI devices
[    0.139046] Booting paravirtualized kernel on KVM
[    0.139682] clocksource: refined-jiffies: mask: 0xffffffff max_cycles: 0xffffffff, max_idle_ns: 7645519600211568 ns
[    0.141030] setup_percpu: NR_CPUS:8192 nr_cpumask_bits:2 nr_cpu_ids:2 nr_node_ids:1
[    0.144660] percpu: Embedded 64 pages/cpu s225280 r8192 d28672 u1048576
[    0.145903] kvm-guest: PV spinlocks enabled
[    0.146441] PV qspinlock hash table entries: 256 (order: 0, 4096 bytes, linear)
[    0.147482] Fallback order for Node 0: 0 
[    0.148064] Built 1 zonelists, mobility grouping on.  Total pages: 515808
[    0.148954] Policy zone: DMA32
[    0.149390] Kernel command line: net.ifnames=0 console=ttyS0 root=/dev/sda earlyprintk=serial net.ifnames=0
[    0.153950] Dentry cache hash table entries: 262144 (order: 9, 2097152 bytes, linear)
[    0.155217] Inode-cache hash table entries: 131072 (order: 8, 1048576 bytes, linear)
[    0.156391] mem auto-init: stack:off, heap alloc:off, heap free:off
[    0.161677] Memory: 1985384K/2096632K available (32784K kernel code, 4694K rwdata, 7828K rodata, 3668K init, 22124K bss, 110992K reserved, 0K cma-reserved)
[    0.165177] SLUB: HWalign=64, Order=0-3, MinObjects=0, CPUs=2, Nodes=1
[    0.166008] kmemleak: Kernel memory leak detector disabled
[    0.166794] ftrace: allocating 67387 entries in 264 pages
[    0.209240] ftrace: allocated 264 pages with 2 groups
[    0.216613] Dynamic Preempt: voluntary
[    0.217699] Running RCU self tests
[    0.218380] rcu: Preemptible hierarchical RCU implementation.
[    0.219366] rcu: 	RCU lockdep checking is enabled.
[    0.220156] rcu: 	RCU restricting CPUs from NR_CPUS=8192 to nr_cpu_ids=2.
[    0.221275] 	Trampoline variant of Tasks RCU enabled.
[    0.222122] 	Rude variant of Tasks RCU enabled.
[    0.222920] 	Tracing variant of Tasks RCU enabled.
[    0.223714] rcu: RCU calculated value of scheduler-enlistment delay is 25 jiffies.
[    0.225112] rcu: Adjusting geometry for rcu_fanout_leaf=16, nr_cpu_ids=2
[    0.261586] NR_IRQS: 524544, nr_irqs: 440, preallocated irqs: 16
[    0.262846] rcu: srcu_init: Setting srcu_struct sizes based on contention.
[    0.274103] Console: colour VGA+ 80x25
[    0.274762] printk: console [ttyS0] enabled
[    0.274762] printk: console [ttyS0] enabled
[    0.275842] printk: bootconsole [earlyser0] disabled
[    0.275842] printk: bootconsole [earlyser0] disabled
[    0.277214] Lock dependency validator: Copyright (c) 2006 Red Hat, Inc., Ingo Molnar
[    0.278192] ... MAX_LOCKDEP_SUBCLASSES:  8
[    0.278832] ... MAX_LOCK_DEPTH:          48
[    0.279373] ... MAX_LOCKDEP_KEYS:        8192
[    0.279938] ... CLASSHASH_SIZE:          4096
[    0.280560] ... MAX_LOCKDEP_ENTRIES:     32768
[    0.281215] ... MAX_LOCKDEP_CHAINS:      65536
[    0.281780] ... CHAINHASH_SIZE:          32768
[    0.282352]  memory used by lock dependency info: 6365 kB
[    0.283129]  memory used for stack traces: 4224 kB
[    0.283744]  per task-struct memory footprint: 1920 bytes
[    0.284556] ACPI: Core revision 20221020
[    0.285434] clocksource: hpet: mask: 0xffffffff max_cycles: 0xffffffff, max_idle_ns: 19112604467 ns
[    0.286878] APIC: Switch to symmetric I/O mode setup
[    0.287833] x2apic enabled
[    0.288449] Switched APIC routing to physical x2apic.
[    0.289115] kvm-guest: setup PV IPIs
[    0.290842] ..TIMER: vector=0x30 apic1=0 pin1=2 apic2=-1 pin2=-1
[    0.291662] clocksource: tsc-early: mask: 0xffffffffffffffff max_cycles: 0x1128af0325d, max_idle_ns: 440795261011 ns
[    0.293028] Calibrating delay loop (skipped) preset value.. 2380.80 BogoMIPS (lpj=4761600)
[    0.294124] pid_max: default: 32768 minimum: 301
[    0.297236] LSM: Security Framework initializing
[    0.297913] Yama: becoming mindful.
[    0.298677] Mount-cache hash table entries: 4096 (order: 3, 32768 bytes, linear)
[    0.299658] Mountpoint-cache hash table entries: 4096 (order: 3, 32768 bytes, linear)
[    0.302652] CPU0: Thermal monitoring enabled (TM1)
[    0.305108] x86/cpu: User Mode Instruction Prevention (UMIP) activated
[    0.306805] Last level iTLB entries: 4KB 0, 2MB 0, 4MB 0
[    0.309039] Last level dTLB entries: 4KB 0, 2MB 0, 4MB 0, 1GB 0
[    0.309899] Spectre V1 : Mitigation: usercopy/swapgs barriers and __user pointer sanitization
[    0.310999] Spectre V2 : WARNING: Unprivileged eBPF is enabled with eIBRS on, data leaks possible via Spectre v2 BHB attacks!
[    0.313013] Spectre V2 : Mitigation: Enhanced IBRS
[    0.313621] Spectre V2 : Spectre v2 / SpectreRSB mitigation: Filling RSB on context switch
[    0.314723] Spectre V2 : Spectre v2 / PBRSB-eIBRS: Retire a single CALL on VMEXIT
[    0.315709] Spectre V2 : mitigation: Enabling conditional Indirect Branch Prediction Barrier
[    0.317008] Speculative Store Bypass: Mitigation: Speculative Store Bypass disabled via prctl
[    0.318072] MMIO Stale Data: Unknown: No mitigations
[    0.456963] Freeing SMP alternatives memory: 56K
[    0.457691] smpboot: CPU0: Genuine Intel(R) 0000 (family: 0x6, model: 0xaa, stepping: 0x1)
[    0.459497] cblist_init_generic: Setting adjustable number of callback queues.
[    0.460511] cblist_init_generic: Setting shift to 1 and lim to 1.
[    0.461004] cblist_init_generic: Setting shift to 1 and lim to 1.
[    0.461095] cblist_init_generic: Setting shift to 1 and lim to 1.
[    0.461979] Running RCU-tasks wait API self tests
[    0.565291] Performance Events: generic architected perfmon, full-width counters, Intel PMU driver.
[    0.567305] ... version:                2
[    0.568191] ... bit width:              48
[    0.569018] ... generic registers:      8
[    0.569795] ... value mask:             0000ffffffffffff
[    0.570634] ... max period:             00007fffffffffff
[    0.571482] ... fixed-purpose events:   3
[    0.572184] ... event mask:             00000007000000ff
[    0.573075] Callback from call_rcu_tasks_trace() invoked.
[    0.574573] rcu: Hierarchical SRCU implementation.
[    0.575304] rcu: 	Max phase no-delay instances is 1000.
[    0.579883] smp: Bringing up secondary CPUs ...
[    0.584496] x86: Booting SMP configuration:
[    0.585034] .... node  #0, CPUs:      #1
[    0.029176] smpboot: CPU 1 Converting physical 0 to logical die 1
[    0.589320] smp: Brought up 1 node, 2 CPUs
[    0.589836] smpboot: Max logical packages: 2
[    0.590371] smpboot: Total of 2 processors activated (4761.60 BogoMIPS)
[    0.597519] devtmpfs: initialized
[    0.597904] x86/mm: Memory block size: 128MB
[    0.601636] clocksource: jiffies: mask: 0xffffffff max_cycles: 0xffffffff, max_idle_ns: 7645041785100000 ns
[    0.602928] futex hash table entries: 512 (order: 4, 65536 bytes, linear)
[    0.604194] pinctrl core: initialized pinctrl subsystem
[    0.605732] 
[    0.605963] *************************************************************
[    0.606807] **     NOTICE NOTICE NOTICE NOTICE NOTICE NOTICE NOTICE    **
[    0.607641] **                                                         **
[    0.608487] **  IOMMU DebugFS SUPPORT HAS BEEN ENABLED IN THIS KERNEL  **
[    0.609011] **                                                         **
[    0.609917] ** This means that this kernel is built to expose internal **
[    0.610776] ** IOMMU data structures, which may compromise security on **
[    0.611720] ** your system.                                            **
[    0.612574] **                                                         **
[    0.613010] ** If you see this message and you are not debugging the   **
[    0.613954] ** kernel, report this immediately to your vendor!         **
[    0.614785] **                                                         **
[    0.615719] **     NOTICE NOTICE NOTICE NOTICE NOTICE NOTICE NOTICE    **
[    0.616734] *************************************************************
[    0.617117] PM: RTC time: 04:35:45, date: 2022-12-29
[    0.622838] NET: Registered PF_NETLINK/PF_ROUTE protocol family
[    0.624520] DMA: preallocated 256 KiB GFP_KERNEL pool for atomic allocations
[    0.625044] DMA: preallocated 256 KiB GFP_KERNEL|GFP_DMA pool for atomic allocations
[    0.626053] DMA: preallocated 256 KiB GFP_KERNEL|GFP_DMA32 pool for atomic allocations
[    0.627253] audit: initializing netlink subsys (disabled)
[    0.628193] audit: type=2000 audit(1672288545.964:1): state=initialized audit_enabled=0 res=1
[    0.629260] thermal_sys: Registered thermal governor 'fair_share'
[    0.629640] thermal_sys: Registered thermal governor 'bang_bang'
[    0.630431] thermal_sys: Registered thermal governor 'step_wise'
[    0.631204] thermal_sys: Registered thermal governor 'user_space'
[    0.632068] cpuidle: using governor ladder
[    0.633024] cpuidle: using governor menu
[    0.633913] acpiphp: ACPI Hot Plug PCI Controller Driver version: 0.5
[    0.635204] PCI: Using configuration type 1 for base access
[    0.653063] kprobes: kprobe jump-optimization is enabled. All kprobes are optimized if possible.
[    0.901152] Callback from call_rcu_tasks_rude() invoked.
[    0.937665] HugeTLB: registered 1.00 GiB page size, pre-allocated 0 pages
[    0.938827] HugeTLB: 16380 KiB vmemmap can be freed for a 1.00 GiB page
[    0.939932] HugeTLB: registered 2.00 MiB page size, pre-allocated 0 pages
[    0.941014] HugeTLB: 28 KiB vmemmap can be freed for a 2.00 MiB page
[    0.946915] ACPI: Added _OSI(Module Device)
[    0.947521] ACPI: Added _OSI(Processor Device)
[    0.948169] ACPI: Added _OSI(3.0 _SCP Extensions)
[    0.948791] ACPI: Added _OSI(Processor Aggregator Device)
[    0.955176] ACPI: 1 ACPI AML tables successfully acquired and loaded
[    0.959775] ACPI: Interpreter enabled
[    0.960401] ACPI: PM: (supports S0 S3 S4 S5)
[    0.960970] ACPI: Using IOAPIC for interrupt routing
[    0.961076] PCI: Using host bridge windows from ACPI; if necessary, use "pci=nocrs" and report a bug
[    0.962061] PCI: Using E820 reservations for host bridge windows
[    0.963422] ACPI: Enabled 2 GPEs in block 00 to 0F
[    0.983368] ACPI: PCI Root Bridge [PCI0] (domain 0000 [bus 00-ff])
[    0.984607] acpi PNP0A03:00: _OSC: OS supports [ASPM ClockPM Segments MSI EDR HPX-Type3]
[    0.985018] acpi PNP0A03:00: _OSC: not requesting OS control; OS requires [ExtendedConfig ASPM ClockPM MSI]
[    0.986422] acpi PNP0A03:00: fail to add MMCONFIG information, can't access extended PCI configuration space under this bridge.
[    0.990739] acpiphp: Slot [3] registered
[    0.991369] acpiphp: Slot [4] registered
[    0.991976] acpiphp: Slot [5] registered
[    0.992609] acpiphp: Slot [6] registered
[    0.993088] acpiphp: Slot [7] registered
[    0.993954] acpiphp: Slot [8] registered
[    0.994890] acpiphp: Slot [9] registered
[    0.995828] acpiphp: Slot [10] registered
[    0.996793] acpiphp: Slot [11] registered
[    0.997114] acpiphp: Slot [12] registered
[    0.997733] acpiphp: Slot [13] registered
[    0.998312] acpiphp: Slot [14] registered
[    0.998881] acpiphp: Slot [15] registered
[    0.999482] acpiphp: Slot [16] registered
[    1.000412] acpiphp: Slot [17] registered
[    1.001144] acpiphp: Slot [18] registered
[    1.002047] acpiphp: Slot [19] registered
[    1.002851] acpiphp: Slot [20] registered
[    1.003468] acpiphp: Slot [21] registered
[    1.004057] acpiphp: Slot [22] registered
[    1.004616] acpiphp: Slot [23] registered
[    1.005246] Callback from call_rcu_tasks() invoked.
[    1.006209] acpiphp: Slot [24] registered
[    1.007228] acpiphp: Slot [25] registered
[    1.007991] acpiphp: Slot [26] registered
[    1.008743] acpiphp: Slot [27] registered
[    1.009124] acpiphp: Slot [28] registered
[    1.009893] acpiphp: Slot [29] registered
[    1.010719] acpiphp: Slot [30] registered
[    1.011355] acpiphp: Slot [31] registered
[    1.011911] PCI host bridge to bus 0000:00
[    1.012441] pci_bus 0000:00: root bus resource [io  0x0000-0x0cf7 window]
[    1.013018] pci_bus 0000:00: root bus resource [io  0x0d00-0xffff window]
[    1.013863] pci_bus 0000:00: root bus resource [mem 0x000a0000-0x000bffff window]
[    1.014815] pci_bus 0000:00: root bus resource [mem 0x80000000-0xfebfffff window]
[    1.015747] pci_bus 0000:00: root bus resource [mem 0x100000000-0x17fffffff window]
[    1.016825] pci_bus 0000:00: root bus resource [bus 00-ff]
[    1.017272] pci 0000:00:00.0: [8086:1237] type 00 class 0x060000
[    1.023106] pci 0000:00:01.0: [8086:7000] type 00 class 0x060100
[    1.025456] pci 0000:00:01.1: [8086:7010] type 00 class 0x010180
[    1.028223] pci 0000:00:01.1: reg 0x20: [io  0xc040-0xc04f]
[    1.030177] pci 0000:00:01.1: legacy IDE quirk: reg 0x10: [io  0x01f0-0x01f7]
[    1.031428] pci 0000:00:01.1: legacy IDE quirk: reg 0x14: [io  0x03f6]
[    1.032611] pci 0000:00:01.1: legacy IDE quirk: reg 0x18: [io  0x0170-0x0177]
[    1.033020] pci 0000:00:01.1: legacy IDE quirk: reg 0x1c: [io  0x0376]
[    1.034611] pci 0000:00:01.3: [8086:7113] type 00 class 0x068000
[    1.036484] pci 0000:00:01.3: quirk: [io  0x0600-0x063f] claimed by PIIX4 ACPI
[    1.037035] pci 0000:00:01.3: quirk: [io  0x0700-0x070f] claimed by PIIX4 SMB
[    1.038767] pci 0000:00:02.0: [1234:1111] type 00 class 0x030000
[    1.041768] pci 0000:00:02.0: reg 0x10: [mem 0xfd000000-0xfdffffff pref]
[    1.045505] pci 0000:00:02.0: reg 0x18: [mem 0xfebf0000-0xfebf0fff]
[    1.053004] pci 0000:00:02.0: reg 0x30: [mem 0xfebe0000-0xfebeffff pref]
[    1.054599] pci 0000:00:02.0: Video device with shadowed ROM at [mem 0x000c0000-0x000dffff]
[    1.061475] pci 0000:00:03.0: [8086:100e] type 00 class 0x020000
[    1.063685] pci 0000:00:03.0: reg 0x10: [mem 0xfebc0000-0xfebdffff]
[    1.065430] pci 0000:00:03.0: reg 0x14: [io  0xc000-0xc03f]
[    1.071041] pci 0000:00:03.0: reg 0x30: [mem 0xfeb80000-0xfebbffff pref]
[    1.092341] ACPI: PCI: Interrupt link LNKA configured for IRQ 10
[    1.093641] ACPI: PCI: Interrupt link LNKB configured for IRQ 10
[    1.095265] ACPI: PCI: Interrupt link LNKC configured for IRQ 11
[    1.096895] ACPI: PCI: Interrupt link LNKD configured for IRQ 11
[    1.097327] ACPI: PCI: Interrupt link LNKS configured for IRQ 9
[    1.100882] iommu: Default domain type: Translated 
[    1.101018] iommu: DMA domain TLB invalidation policy: lazy mode 
[    1.104459] SCSI subsystem initialized
[    1.105661] ACPI: bus type USB registered
[    1.106511] usbcore: registered new interface driver usbfs
[    1.107564] usbcore: registered new interface driver hub
[    1.108577] usbcore: registered new device driver usb
[    1.109359] pps_core: LinuxPPS API ver. 1 registered
[    1.110264] pps_core: Software ver. 5.3.6 - Copyright 2005-2007 Rodolfo Giometti <giometti@linux.it>
[    1.111856] PTP clock support registered
[    1.112979] EDAC MC: Ver: 3.0.0
[    1.117931] NetLabel: Initializing
[    1.119002] NetLabel:  domain hash size = 128
[    1.119584] NetLabel:  protocols = UNLABELED CIPSOv4 CALIPSO
[    1.120581] NetLabel:  unlabeled traffic allowed by default
[    1.153737] PCI: Using ACPI for IRQ routing
[    1.155075] pci 0000:00:02.0: vgaarb: setting as boot VGA device
[    1.156455] pci 0000:00:02.0: vgaarb: bridge control possible
[    1.157004] pci 0000:00:02.0: vgaarb: VGA device added: decodes=io+mem,owns=io+mem,locks=none
[    1.157022] vgaarb: loaded
[    1.158964] hpet0: at MMIO 0xfed00000, IRQs 2, 8, 0
[    1.160162] hpet0: 3 comparators, 64-bit 100.000000 MHz counter
[    3.810893] clocksource: Switched to clocksource kvm-clock
[    4.098949] VFS: Disk quotas dquot_6.6.0
[    4.100032] VFS: Dquot-cache hash table entries: 512 (order 0, 4096 bytes)
[    4.102333] pnp: PnP ACPI init
[    4.106281] pnp: PnP ACPI: found 6 devices
[    4.123084] clocksource: acpi_pm: mask: 0xffffff max_cycles: 0xffffff, max_idle_ns: 2085701024 ns
[    4.126214] NET: Registered PF_INET protocol family
[    4.128394] IP idents hash table entries: 32768 (order: 6, 262144 bytes, linear)
[    4.132552] tcp_listen_portaddr_hash hash table entries: 1024 (order: 4, 73728 bytes, linear)
[    4.135159] Table-perturb hash table entries: 65536 (order: 6, 262144 bytes, linear)
[    4.137270] TCP established hash table entries: 16384 (order: 5, 131072 bytes, linear)
[    4.140043] TCP bind hash table entries: 16384 (order: 9, 2359296 bytes, linear)
[    4.148748] TCP: Hash tables configured (established 16384 bind 16384)
[    4.151178] UDP hash table entries: 1024 (order: 5, 163840 bytes, linear)
[    4.153623] UDP-Lite hash table entries: 1024 (order: 5, 163840 bytes, linear)
[    4.156480] NET: Registered PF_UNIX/PF_LOCAL protocol family
[    4.159222] RPC: Registered named UNIX socket transport module.
[    4.160914] RPC: Registered udp transport module.
[    4.162242] RPC: Registered tcp transport module.
[    4.163558] RPC: Registered tcp NFSv4.1 backchannel transport module.
[    4.165391] pci_bus 0000:00: resource 4 [io  0x0000-0x0cf7 window]
[    4.167028] pci_bus 0000:00: resource 5 [io  0x0d00-0xffff window]
[    4.168660] pci_bus 0000:00: resource 6 [mem 0x000a0000-0x000bffff window]
[    4.170713] pci_bus 0000:00: resource 7 [mem 0x80000000-0xfebfffff window]
[    4.172710] pci_bus 0000:00: resource 8 [mem 0x100000000-0x17fffffff window]
[    4.175113] pci 0000:00:01.0: PIIX3: Enabling Passive Release
[    4.176795] pci 0000:00:00.0: Limiting direct PCI/PCI transfers
[    4.179080] PCI: CLS 0 bytes, default 64
[    4.180491] ACPI: bus type thunderbolt registered
[    4.182593] clocksource: tsc: mask: 0xffffffffffffffff max_cycles: 0x1128af0325d, max_idle_ns: 440795261011 ns
[    4.192401] Initialise system trusted keyrings
[    4.193749] Key type blacklist registered
[    4.195268] workingset: timestamp_bits=36 max_order=19 bucket_order=0
[    4.197048] zbud: loaded
[    4.199000] squashfs: version 4.0 (2009/01/31) Phillip Lougher
[    4.201899] NFS: Registering the id_resolver key type
[    4.203267] Key type id_resolver registered
[    4.204430] Key type id_legacy registered
[    4.205637] nfs4filelayout_init: NFSv4 File Layout Driver Registering...
[    4.207661] nfs4flexfilelayout_init: NFSv4 Flexfile Layout Driver Registering...
[    4.209706] fuse: init (API version 7.37)
[    4.211010] SGI XFS with ACLs, security attributes, realtime, quota, no debug enabled
[    4.213962] 9p: Installing v9fs 9p2000 file system support
[    4.225345] Key type asymmetric registered
[    4.226347] Asymmetric key parser 'x509' registered
[    4.230271] alg: self-tests for CTR-KDF (hmac(sha256)) passed
[    4.231904] Block layer SCSI generic (bsg) driver version 0.4 loaded (major 243)
[    4.234232] io scheduler mq-deadline registered
[    4.235418] io scheduler bfq registered
[    4.238626] shpchp: Standard Hot Plug PCI Controller Driver version: 0.4
[    4.240974] IPMI message handler: version 39.2
[    4.242137] ipmi device interface
[    4.245356] input: Power Button as /devices/LNXSYSTM:00/LNXPWRBN:00/input/input0
[    4.247701] ACPI: button: Power Button [PWRF]
[    4.250427] ERST DBG: ERST support is disabled.
[    4.252805] Serial: 8250/16550 driver, 32 ports, IRQ sharing enabled
[    4.255590] 00:04: ttyS0 at I/O 0x3f8 (irq = 4, base_baud = 115200) is a 16550A
[    4.274603] Linux agpgart interface v0.103
[    4.277038] ACPI: bus type drm_connector registered
[    4.297815] brd: module loaded
[    4.312866] loop: module loaded
[    4.322021] scsi host0: ata_piix
[    4.323868] scsi host1: ata_piix
[    4.325188] ata1: PATA max MWDMA2 cmd 0x1f0 ctl 0x3f6 bmdma 0xc040 irq 14
[    4.327112] ata2: PATA max MWDMA2 cmd 0x170 ctl 0x376 bmdma 0xc048 irq 15
[    4.330765] tun: Universal TUN/TAP device driver, 1.6
[    4.332504] e100: Intel(R) PRO/100 Network Driver
[    4.333919] e100: Copyright(c) 1999-2006 Intel Corporation
[    4.335275] e1000: Intel(R) PRO/1000 Network Driver
[    4.336441] e1000: Copyright (c) 1999-2006 Intel Corporation.
[    4.489319] ata1: found unknown device (class 0)
[    4.490993] ata1.00: ATA-7: QEMU HARDDISK, 2.5+, max UDMA/100
[    4.491927] ata1.00: 16777216 sectors, multi 16: LBA48 
[    4.493231] ata2: found unknown device (class 0)
[    4.494598] ata2.00: ATAPI: QEMU DVD-ROM, 2.5+, max UDMA/100
[    4.497081] scsi 0:0:0:0: Direct-Access     ATA      QEMU HARDDISK    2.5+ PQ: 0 ANSI: 5
[    4.500111] scsi 0:0:0:0: Attached scsi generic sg0 type 0
[    4.502868] scsi 1:0:0:0: CD-ROM            QEMU     QEMU DVD-ROM     2.5+ PQ: 0 ANSI: 5
[    4.506074] sd 0:0:0:0: [sda] 16777216 512-byte logical blocks: (8.59 GB/8.00 GiB)
[    4.507404] sd 0:0:0:0: [sda] Write Protect is off
[    4.508444] sd 0:0:0:0: [sda] Write cache: enabled, read cache: enabled, doesn't support DPO or FUA
[    4.510241] sd 0:0:0:0: [sda] Preferred minimum I/O size 512 bytes
[    4.531530] sd 0:0:0:0: [sda] Attached SCSI disk
[    4.538425] scsi 1:0:0:0: Attached scsi generic sg1 type 5
[    4.582804] ACPI: \_SB_.LNKC: Enabled at IRQ 11
[    4.978472] e1000 0000:00:03.0 eth0: (PCI:33MHz:32-bit) 52:54:00:12:34:56
[    4.980341] e1000 0000:00:03.0 eth0: Intel(R) PRO/1000 Network Connection
[    4.982267] e1000e: Intel(R) PRO/1000 Network Driver
[    4.983435] e1000e: Copyright(c) 1999 - 2015 Intel Corporation.
[    4.985062] igb: Intel(R) Gigabit Ethernet Network Driver
[    4.986468] igb: Copyright (c) 2007-2014 Intel Corporation.
[    4.988076] PPP generic driver version 2.4.2
[    4.989838] VFIO - User Level meta-driver version: 0.3
[    4.991995] usbcore: registered new interface driver uas
[    4.993402] usbcore: registered new interface driver usb-storage
[    4.995129] i8042: PNP: PS/2 Controller [PNP0303:KBD,PNP0f13:MOU] at 0x60,0x64 irq 1,12
[    4.998463] serio: i8042 KBD port at 0x60,0x64 irq 1
[    4.999715] serio: i8042 AUX port at 0x60,0x64 irq 12
[    5.002110] mousedev: PS/2 mouse device common for all mice
[    5.005097] input: AT Translated Set 2 keyboard as /devices/platform/i8042/serio0/input/input1
[    5.009171] input: VirtualPS/2 VMware VMMouse as /devices/platform/i8042/serio1/input/input4
[    5.012075] rtc_cmos 00:05: RTC can wake from S4
[    5.015644] input: VirtualPS/2 VMware VMMouse as /devices/platform/i8042/serio1/input/input3
[    5.018918] rtc_cmos 00:05: registered as rtc0
[    5.020217] rtc_cmos 00:05: setting system clock to 2022-12-29T04:35:49 UTC (1672288549)
[    5.022299] rtc_cmos 00:05: alarms up to one day, y3k, 242 bytes nvram, hpet irqs
[    5.024392] i2c_dev: i2c /dev entries driver
[    5.026219] device-mapper: core: CONFIG_IMA_DISABLE_HTABLE is disabled. Duplicate IMA measurements will not be recorded in the IMA log.
[    5.029963] device-mapper: uevent: version 1.0.3
[    5.031726] device-mapper: ioctl: 4.47.0-ioctl (2022-07-28) initialised: dm-devel@redhat.com
[    5.033887] intel_pstate: CPU model not supported
[    5.035241] sdhci: Secure Digital Host Controller Interface driver
[    5.036720] sdhci: Copyright(c) Pierre Ossman
[    5.038081] sdhci-pltfm: SDHCI platform and OF driver helper
[    5.039897] ledtrig-cpu: registered to indicate activity on CPUs
[    5.042362] drop_monitor: Initializing network drop monitor service
[    5.044427] NET: Registered PF_INET6 protocol family
[    5.050192] Segment Routing with IPv6
[    5.051797] In-situ OAM (IOAM) with IPv6
[    5.053284] NET: Registered PF_PACKET protocol family
[    5.054843] 9pnet: Installing 9P2000 support
[    5.055475] Key type dns_resolver registered
[    5.057194] IPI shorthand broadcast: enabled
[    5.057808] sched_clock: Marking stable (5031838084, 25176234)->(5181157706, -124143388)
[    5.059644] registered taskstats version 1
[    5.060514] Loading compiled-in X.509 certificates
[    5.062487] zswap: loaded using pool lzo/zbud
[    5.082331] Key type .fscrypt registered
[    5.082887] Key type fscrypt-provisioning registered
[    5.085204] Key type encrypted registered
[    5.085826] ima: No TPM chip found, activating TPM-bypass!
[    5.086592] ima: Allocated hash algorithm: sha1
[    5.087258] ima: No architecture policies found
[    5.087976] evm: Initialising EVM extended attributes:
[    5.088624] evm: security.selinux
[    5.089096] evm: security.SMACK64
[    5.089529] evm: security.SMACK64EXEC
[    5.090072] evm: security.SMACK64TRANSMUTE
[    5.090636] evm: security.SMACK64MMAP
[    5.091107] evm: security.apparmor
[    5.091565] evm: security.ima
[    5.091946] evm: security.capability
[    5.092433] evm: HMAC attrs: 0x1
[    5.100046] PM:   Magic number: 2:668:566
[    5.101321] RAS: Correctable Errors collector initialized.
[    5.103565] md: Waiting for all devices to be available before autodetect
[    5.104269] md: If you don't use raid, use raid=noautodetect
[    5.104903] md: Autodetecting RAID arrays.
[    5.105381] md: autorun ...
[    5.105663] md: ... autorun DONE.
[    5.113620] EXT4-fs (sda): mounted filesystem with ordered data mode. Quota mode: none.
[    5.114459] VFS: Mounted root (ext4 filesystem) readonly on device 8:0.
[    5.117333] devtmpfs: mounted
[    5.128828] Freeing unused decrypted memory: 2036K
[    5.132469] Freeing unused kernel image (initmem) memory: 3668K
[    5.141185] Write protecting the kernel read-only data: 43008k
[    5.145599] Freeing unused kernel image (text/rodata gap) memory: 2028K
[    5.146761] Freeing unused kernel image (rodata/data gap) memory: 364K
[    5.253927] x86/mm: Checked W+X mappings: passed, no W+X pages found.
[    5.255157] Run /sbin/init as init process
[    5.471577] systemd[1]: RTC configured in localtime, applying delta of 0 minutes to system time.
[    5.521133] systemd[1]: systemd 239 (239-49.el8) running in system mode. (+PAM +AUDIT +SELINUX +IMA -APPARMOR +SMACK +SYSVINIT +UTMP +LIBCRYPTSETUP +GCRYPT +GNUTLS +ACL +XZ +LZ4 +SECCOMP +BLKID +ELFUTILS +KMOD +IDN2 -IDN +PCRE2 default-hierarchy=legacy)
[    5.523858] systemd[1]: Detected virtualization kvm.
[    5.524419] systemd[1]: Detected architecture x86-64.

Welcome to [0;31mCentOS Stream 8[0m!

[    5.578929] systemd[1]: Set hostname to <test>.
[    6.629197] random: crng init done
[    6.827158] systemd[1]: Set up automount Arbitrary Executable File Formats File System Automount Point.
[[0;32m  OK  [0m] Set up automount Arbitrary Executabâ€¦rmats File System Automount Point.
[    6.832379] systemd[1]: Listening on RPCbind Server Activation Socket.
[[0;32m  OK  [0m] Listening on RPCbind Server Activation Socket.
[    6.835061] systemd[1]: Reached target RPC Port Mapper.
[[0;32m  OK  [0m] Reached target RPC Port Mapper.
[    6.842018] systemd[1]: Created slice system-serial\x2dgetty.slice.
[[0;32m  OK  [0m] Created slice system-serial\x2dgetty.slice.
[    6.844919] systemd[1]: Listening on initctl Compatibility Named Pipe.
[[0;32m  OK  [0m] Listening on initctl Compatibility Named Pipe.
[    6.862226] systemd[1]: Listening on Process Core Dump Socket.
[[0;32m  OK  [0m] Listening on Process Core Dump Socket.
[[0;32m  OK  [0m] Listening on udev Control Socket.
[[0;32m  OK  [0m] Listening on Journal Socket.
         Mounting Huge Pages File System...
         Starting Load Kernel Modules...
[[0;32m  OK  [0m] Created slice system-sshd\x2dkeygen.slice.
         Starting Setup Virtual Console...
[[0;32m  OK  [0m] Created slice system-getty.slice.
[[0;32m  OK  [0m] Listening on multipathd control socket.
[[0;32m  OK  [0m] Listening on udev Kernel Socket.
         Starting udev Coldplug all Devices...
[[0;32m  OK  [0m] Listening on Device-mapper event daemon FIFOs.
         Starting Monitoring of LVM2 mirrorsâ€¦ng dmeventd or progress polling...
[[0;32m  OK  [0m] Reached target Swap.
         Mounting Kernel Debug File System...
[[0;32m  OK  [0m] Listening on Journal Socket (/dev/log).
         Starting Journal Service...
[[0;32m  OK  [0m] Listening on LVM2 poll daemon socket.
         Mounting POSIX Message Queue File System...
[[0;32m  OK  [0m] Started Forward Password Requests to Wall Directory Watch.
[[0;32m  OK  [0m] Created slice User and Session Slice.
[[0;32m  OK  [0m] Reached target Slices.
         Starting Remount Root and Kernel File Systems...
[[0;32m  OK  [0m] Mounted Huge Pages File System.
[[0;1;31mFAILED[0m] Failed to start Load Kernel Modules.
See 'systemctl status systemd-modules-load.service' for details.
[[0;32m  OK  [0m] Mounted Kernel Debug File System.
[[0;32m  OK  [0m] Mounted POSIX Message Queue File System.
         Mounting FUSE Control File System...
         Mounting Kernel Configuration File System...
         Starting Apply Kernel Variables...
[[0;32m  OK  [0m] Started Journal Service.
[[0;32m  OK  [0m] Mounted FUSE Control File System.
[[0;32m  OK  [0m] Mounted Kernel Configuration File System.
[[0;32m  OK  [0m] Started Apply Kernel Variables.
[    7.562403] EXT4-fs (sda): re-mounted. Quota mode: none.
[[0;32m  OK  [0m] Started Remount Root and Kernel File Systems.
         Starting Flush Journal to Persistent Storage...
         Starting Load/Save Random Seed...
         Starting Create Static Device Nodes in /dev...
[[0;32m  OK  [0m] Started Setup Virtual Console.
[[0;32m  OK  [0m] Started udev Coldplug all Devices.
[[0;32m  OK  [0m] Started Flush Journal to Persistent Storage.
         Starting udev Wait for Complete Device Initialization...
[[0;32m  OK  [0m] Started Load/Save Random Seed.
[[0;32m  OK  [0m] Started Create Static Device Nodes in /dev.
         Starting udev Kernel Device Manager...
[[0;32m  OK  [0m] Started udev Kernel Device Manager.
         Starting Show Plymouth Boot Screen...
[[0;32m  OK  [0m] Started Show Plymouth Boot Screen.
[[0;32m  OK  [0m] Reached target Local Encrypted Volumes.
[[0;32m  OK  [0m] Reached target Paths.
[[0;32m  OK  [0m] Started Forward Password Requests to Plymouth Directory Watch.
[[0;32m  OK  [0m] Found device /dev/ttyS0.
[[0;32m  OK  [0m] Listening on Load/Save RF Kill Switch Status /dev/rfkill Watch.
[[0;32m  OK  [0m] Started Monitoring of LVM2 mirrors,â€¦sing dmeventd or progress polling.
[[0;32m  OK  [0m] Started udev Wait for Complete Device Initialization.
[[0;32m  OK  [0m] Reached target Local File Systems (Pre).
[[0;32m  OK  [0m] Reached target Local File Systems.
         Starting Create Volatile Files and Directories...
         Starting Tell Plymouth To Write Out Runtime Data...
         Starting Restore /run/initramfs on shutdown...
[[0;32m  OK  [0m] Started Create Volatile Files and Directories.
[[0;32m  OK  [0m] Started Tell Plymouth To Write Out Runtime Data.
[[0;32m  OK  [0m] Started Restore /run/initramfs on shutdown.
         Starting Security Auditing Service...
         Mounting RPC Pipe File System...
         Starting RPC Bind...
[[0;32m  OK  [0m] Mounted RPC Pipe File System.
[[0;32m  OK  [0m] Reached target rpc_pipefs.target.
[[0;32m  OK  [0m] Started RPC Bind.
[[0;32m  OK  [0m] Started Security Auditing Service.
         Starting Update UTMP about System Boot/Shutdown...
[[0;32m  OK  [0m] Started Update UTMP about System Boot/Shutdown.
[[0;32m  OK  [0m] Reached target System Initialization.
[[0;32m  OK  [0m] Listening on D-Bus System Message Bus Socket.
[[0;32m  OK  [0m] Started daily update of the root trust anchor for DNSSEC.
[[0;32m  OK  [0m] Started dnf makecache --timer.
[[0;32m  OK  [0m] Started Daily Cleanup of Temporary Directories.
[[0;32m  OK  [0m] Reached target Timers.
[[0;32m  OK  [0m] Listening on SSSD Kerberos Cache Manager responder socket.
[[0;32m  OK  [0m] Reached target Sockets.
[[0;32m  OK  [0m] Reached target Basic System.
         Starting Self Monitoring and Reporting Technology (SMART) Daemon...
         Starting NTP client/server...
[[0;32m  OK  [0m] Started D-Bus System Message Bus.
[[0;32m  OK  [0m] Reached target sshd-keygen.target.
[[0;32m  OK  [0m] Started irqbalance daemon.
         Starting Network Manager...
[[0;32m  OK  [0m] Started Machine Check Exception Logging Daemon.
         Starting Login Service...
         Starting Auto-connect to subsystemsâ€¦-NVME devices found during boot...
         Starting Authorization Manager...
[[0;32m  OK  [0m] Started Self Monitoring and Reporting Technology (SMART) Daemon.
[[0;32m  OK  [0m] Started Auto-connect to subsystems â€¦FC-NVME devices found during boot.
         Starting update of the root trust aâ€¦or DNSSEC validation in unbound...
[[0;32m  OK  [0m] Started Login Service.
[[0;32m  OK  [0m] Started Network Manager.
[[0;32m  OK  [0m] Reached target Network.
         Starting GSSAPI Proxy Daemon...
         Starting OpenSSH server daemon...
         Starting Dynamic System Tuning Daemon...
         Starting Network Manager Wait Online...
[[0;32m  OK  [0m] Started NTP client/server.
[[0;32m  OK  [0m] Started update of the root trust anâ€¦ for DNSSEC validation in unbound.
[[0;32m  OK  [0m] Started GSSAPI Proxy Daemon.
         Starting Hostname Service...
[[0;32m  OK  [0m] Reached target NFS client services.
[[0;32m  OK  [0m] Reached target Remote File Systems (Pre).
[[0;32m  OK  [0m] Reached target Remote File Systems.
         Starting Permit User Sessions...
[[0;32m  OK  [0m] Started OpenSSH server daemon.
[[0;32m  OK  [0m] Started Permit User Sessions.
         Starting Terminate Plymouth Boot Screen...
[[0;32m  OK  [0m] Started Command Scheduler.
         Starting Hold until boot process finishes up...
[[0;32m  OK  [0m] Started Terminate Plymouth Boot Screen.
[[0;32m  OK  [0m] Started Hold until boot process finishes up.
[   10.647932] e1000: eth0 NIC Link is Up 1000 Mbps Full Duplex, Flow Control: RX
[   10.651605] IPv6: ADDRCONF(NETDEV_CHANGE): eth0: link becomes ready
[   11.074373] Spectre V2 : WARNING: Unprivileged eBPF is enabled with eIBRS on, data leaks possible via Spectre v2 BHB attacks!
[   11.076143] Spectre V2 : WARNING: Unprivileged eBPF is enabled with eIBRS on, data leaks possible via Spectre v2 BHB attacks!

CentOS Stream 8
Kernel 6.1.0-add769595757+ on an x86_64

test login: [   29.462369] perf: interrupt took too long (2671 > 2500), lowering kernel.perf_event_max_sample_rate to 74750
[   29.463959] perf: interrupt took too long (3471 > 3338), lowering kernel.perf_event_max_sample_rate to 57500
[   29.466454] perf: interrupt took too long (4361 > 4338), lowering kernel.perf_event_max_sample_rate to 45750
[   29.469400] perf: interrupt took too long (5532 > 5451), lowering kernel.perf_event_max_sample_rate to 36000
[   29.471794] perf: interrupt took too long (7011 > 6915), lowering kernel.perf_event_max_sample_rate to 28500
[   29.475957] perf: interrupt took too long (8795 > 8763), lowering kernel.perf_event_max_sample_rate to 22500
[   29.480985] perf: interrupt took too long (11084 > 10993), lowering kernel.perf_event_max_sample_rate to 18000
[   29.489061] perf: interrupt took too long (13857 > 13855), lowering kernel.perf_event_max_sample_rate to 14250
[   29.500124] perf: interrupt took too long (17331 > 17321), lowering kernel.perf_event_max_sample_rate to 11500
[   29.697702] perf: interrupt took too long (21708 > 21663), lowering kernel.perf_event_max_sample_rate to 9000
[   57.063472] ------------[ cut here ]------------
[   57.064266] WARNING: CPU: 1 PID: 31379 at kernel/events/core.c:4920 put_pmu_ctx+0x107/0x120
[   57.065439] Modules linked in:
[   57.065912] CPU: 1 PID: 31379 Comm: repro Not tainted 6.1.0-add769595757+ #1
[   57.066728] Hardware name: QEMU Standard PC (i440FX + PIIX, 1996), BIOS rel-1.14.0-0-g155821a1990b-prebuilt.qemu.org 04/01/2014
[   57.068205] RIP: 0010:put_pmu_ctx+0x107/0x120
[   57.069162] Code: e8 fe b9 ea ff 48 8d 7b 50 48 c7 c6 50 c9 3e 81 e8 8e 52 df ff e8 e9 b9 ea ff 5b 41 5c 41 5d 5d c3 cc cc cc cc e8 d9 b9 ea ff <0f> 0b eb a5 e8 d0 b9 ea ff 0f 0b eb 8a e8 c7 b9 ea ff 0f 0b e9 35
[   57.071466] RSP: 0018:ffffc90002e2bcd0 EFLAGS: 00010246
[   57.072070] RAX: 0000000000000000 RBX: ffff88807dc3cd00 RCX: 0000000000000001
[   57.073060] RDX: 0000000000000000 RSI: ffff888013ae2340 RDI: 0000000000000002
[   57.074056] RBP: ffffc90002e2bce8 R08: 0000000000000001 R09: 0000000000000001
[   57.075057] R10: 0000000000000000 R11: 0000000000000001 R12: ffff88807dc2ed80
[   57.075897] R13: ffff88807dc3cd10 R14: 0000000000000000 R15: 0000000000000001
[   57.076836] FS:  0000000000000000(0000) GS:ffff88807dd00000(0000) knlGS:0000000000000000
[   57.077870] CS:  0010 DS: 0000 ES: 0000 CR0: 0000000080050033
[   57.078688] CR2: 00007ffc15184e08 CR3: 0000000013938003 CR4: 0000000000770ee0
[   57.079965] DR0: 0000000000000000 DR1: 0000000000000000 DR2: 0000000000000000
[   57.080825] DR3: 0000000000000000 DR6: 00000000ffff07f0 DR7: 0000000000000400
[   57.081632] PKRU: 55555554
[   57.081937] Call Trace:
[   57.082270]  <TASK>
[   57.082865]  _free_event+0x18f/0x800
[   57.083755]  put_event+0x3c/0x50
[   57.084585]  perf_event_release_kernel+0x2de/0x360
[   57.085787]  ? perf_event_release_kernel+0x360/0x360
[   57.086903]  perf_release+0x22/0x30
[   57.087735]  __fput+0x11f/0x450
[   57.088571]  ____fput+0x1e/0x30
[   57.089540]  task_work_run+0xb6/0x120
[   57.090726]  do_exit+0x547/0x1360
[   57.091782]  ? lockdep_hardirqs_on+0x8a/0x110
[   57.092943]  ? trace_hardirqs_on+0x3f/0x100
[   57.093863]  do_group_exit+0x5e/0xf0
[   57.094596]  __x64_sys_exit_group+0x25/0x30
[   57.095563]  do_syscall_64+0x3b/0x90
[   57.096476]  entry_SYSCALL_64_after_hwframe+0x63/0xcd
[   57.097901] RIP: 0033:0x7f8a8db2ccf6
[   57.098826] Code: Unable to access opcode bytes at 0x7f8a8db2cccc.
[   57.100094] RSP: 002b:00007ffc15184dc8 EFLAGS: 00000246 ORIG_RAX: 00000000000000e7
[   57.101452] RAX: ffffffffffffffda RBX: 00007f8a8dc37490 RCX: 00007f8a8db2ccf6
[   57.102729] RDX: 0000000000000000 RSI: 000000000000003c RDI: 0000000000000000
[   57.104038] RBP: 0000000000000000 R08: 00000000000000e7 R09: ffffffffffffff80
[   57.105333] R10: 0000000000000004 R11: 0000000000000246 R12: 00007f8a8dc37490
[   57.106637] R13: 0000000000000001 R14: 00007f8a8dc3ae88 R15: 0000000000000000
[   57.107436]  </TASK>
[   57.107800] irq event stamp: 2429
[   57.108171] hardirqs last  enabled at (2437): [<ffffffff811b9061>] __up_console_sem+0x91/0xb0
[   57.109416] hardirqs last disabled at (2446): [<ffffffff811b9046>] __up_console_sem+0x76/0xb0
[   57.110574] softirqs last  enabled at (2084): [<ffffffff83000329>] __do_softirq+0x329/0x490
[   57.111614] softirqs last disabled at (1949): [<ffffffff811125d2>] irq_exit_rcu+0xd2/0x100
[   57.112746] ---[ end trace 0000000000000000 ]---
