c[?7l[2J[0mSeaBIOS (version rel-1.14.0-0-g155821a1990b-prebuilt.qemu.org)


iPXE (http://ipxe.org) 00:03.0 CA00 PCI2.10 PnP PMM+7FF8F030+7FEEF030 CA00
Press Ctrl-B to configure iPXE (PCI 00:03.0)...                                                                               


Booting from ROM...
c[?7l[2J[    0.000000] Linux version 6.1.0-rc2-bd2756811766+ (root@p-mtlp02) (gcc (GCC) 8.5.0 20210514 (Red Hat 8.5.0-17), GNU ld version 2.36.1-2.el8) #1 SMP PREEMPT_DYNAMIC Thu Dec 29 11:38:59 CST 2022
[    0.000000] Command line: console=ttyS0 root=/dev/sda earlyprintk=serial net.ifnames=0
[    0.000000] KERNEL supported cpus:
[    0.000000]   Intel GenuineIntel
[    0.000000]   AMD AuthenticAMD
[    0.000000]   Hygon HygonGenuine
[    0.000000]   Centaur CentaurHauls
[    0.000000]   zhaoxin   Shanghai  
[    0.000000] x86/split lock detection: #DB: warning on user-space bus_locks
[    0.000000] x86/fpu: Supporting XSAVE feature 0x001: 'x87 floating point registers'
[    0.000000] x86/fpu: Supporting XSAVE feature 0x002: 'SSE registers'
[    0.000000] x86/fpu: Supporting XSAVE feature 0x004: 'AVX registers'
[    0.000000] x86/fpu: Supporting XSAVE feature 0x200: 'Protection Keys User registers'
[    0.000000] x86/fpu: xstate_offset[2]:  576, xstate_sizes[2]:  256
[    0.000000] x86/fpu: xstate_offset[9]:  832, xstate_sizes[9]:    8
[    0.000000] x86/fpu: Enabled xstate features 0x207, context size is 840 bytes, using 'compacted' format.
[    0.000000] signal: max sigframe size: 3632
[    0.000000] BIOS-provided physical RAM map:
[    0.000000] BIOS-e820: [mem 0x0000000000000000-0x000000000009fbff] usable
[    0.000000] BIOS-e820: [mem 0x000000000009fc00-0x000000000009ffff] reserved
[    0.000000] BIOS-e820: [mem 0x00000000000f0000-0x00000000000fffff] reserved
[    0.000000] BIOS-e820: [mem 0x0000000000100000-0x000000007ffdffff] usable
[    0.000000] BIOS-e820: [mem 0x000000007ffe0000-0x000000007fffffff] reserved
[    0.000000] BIOS-e820: [mem 0x00000000feffc000-0x00000000feffffff] reserved
[    0.000000] BIOS-e820: [mem 0x00000000fffc0000-0x00000000ffffffff] reserved
[    0.000000] printk: bootconsole [earlyser0] enabled
[    0.000000] NX (Execute Disable) protection: active
[    0.000000] SMBIOS 2.8 present.
[    0.000000] DMI: QEMU Standard PC (i440FX + PIIX, 1996), BIOS rel-1.14.0-0-g155821a1990b-prebuilt.qemu.org 04/01/2014
[    0.000000] Hypervisor detected: KVM
[    0.000000] kvm-clock: Using msrs 4b564d01 and 4b564d00
[    0.000007] kvm-clock: using sched offset of 662569119 cycles
[    0.000806] clocksource: kvm-clock: mask: 0xffffffffffffffff max_cycles: 0x1cd42e4dffb, max_idle_ns: 881590591483 ns
[    0.003960] tsc: Detected 1190.400 MHz processor
[    0.020169] last_pfn = 0x7ffe0 max_arch_pfn = 0x400000000
[    0.021681] x86/PAT: Configuration [0-7]: WB  WC  UC- UC  WB  WP  UC- WT  
[    0.034861] found SMP MP-table at [mem 0x000f5a90-0x000f5a9f]
[    0.036033] Using GB pages for direct mapping
[    0.038574] ACPI: Early table checksum verification disabled
[    0.039507] ACPI: RSDP 0x00000000000F5870 000014 (v00 BOCHS )
[    0.040308] ACPI: RSDT 0x000000007FFE1959 000034 (v01 BOCHS  BXPC     00000001 BXPC 00000001)
[    0.041506] ACPI: FACP 0x000000007FFE1805 000074 (v01 BOCHS  BXPC     00000001 BXPC 00000001)
[    0.042664] ACPI: DSDT 0x000000007FFE0040 0017C5 (v01 BOCHS  BXPC     00000001 BXPC 00000001)
[    0.043882] ACPI: FACS 0x000000007FFE0000 000040
[    0.044529] ACPI: APIC 0x000000007FFE1879 000080 (v01 BOCHS  BXPC     00000001 BXPC 00000001)
[    0.045700] ACPI: HPET 0x000000007FFE18F9 000038 (v01 BOCHS  BXPC     00000001 BXPC 00000001)
[    0.046876] ACPI: WAET 0x000000007FFE1931 000028 (v01 BOCHS  BXPC     00000001 BXPC 00000001)
[    0.048152] ACPI: Reserving FACP table memory at [mem 0x7ffe1805-0x7ffe1878]
[    0.049102] ACPI: Reserving DSDT table memory at [mem 0x7ffe0040-0x7ffe1804]
[    0.050100] ACPI: Reserving FACS table memory at [mem 0x7ffe0000-0x7ffe003f]
[    0.051023] ACPI: Reserving APIC table memory at [mem 0x7ffe1879-0x7ffe18f8]
[    0.051993] ACPI: Reserving HPET table memory at [mem 0x7ffe18f9-0x7ffe1930]
[    0.052956] ACPI: Reserving WAET table memory at [mem 0x7ffe1931-0x7ffe1958]
[    0.055108] No NUMA configuration found
[    0.055600] Faking a node at [mem 0x0000000000000000-0x000000007ffdffff]
[    0.056608] NODE_DATA(0) allocated [mem 0x7ffb5000-0x7ffdffff]
[    0.062152] Zone ranges:
[    0.062529]   DMA      [mem 0x0000000000001000-0x0000000000ffffff]
[    0.063370]   DMA32    [mem 0x0000000001000000-0x000000007ffdffff]
[    0.064206]   Normal   empty
[    0.064622]   Device   empty
[    0.064998] Movable zone start for each node
[    0.065544] Early memory node ranges
[    0.066035]   node   0: [mem 0x0000000000001000-0x000000000009efff]
[    0.066880]   node   0: [mem 0x0000000000100000-0x000000007ffdffff]
[    0.067935] Initmem setup node 0 [mem 0x0000000000001000-0x000000007ffdffff]
[    0.070013] On node 0, zone DMA: 1 pages in unavailable ranges
[    0.070277] On node 0, zone DMA: 97 pages in unavailable ranges
[    0.118361] On node 0, zone DMA32: 32 pages in unavailable ranges
[    0.120520] ACPI: PM-Timer IO Port: 0x608
[    0.122911] ACPI: LAPIC_NMI (acpi_id[0xff] dfl dfl lint[0x1])
[    0.124470] IOAPIC[0]: apic_id 0, version 17, address 0xfec00000, GSI 0-23
[    0.126076] ACPI: INT_SRC_OVR (bus 0 bus_irq 0 global_irq 2 dfl dfl)
[    0.127548] ACPI: INT_SRC_OVR (bus 0 bus_irq 5 global_irq 5 high level)
[    0.129030] ACPI: INT_SRC_OVR (bus 0 bus_irq 9 global_irq 9 high level)
[    0.130613] ACPI: INT_SRC_OVR (bus 0 bus_irq 10 global_irq 10 high level)
[    0.132515] ACPI: INT_SRC_OVR (bus 0 bus_irq 11 global_irq 11 high level)
[    0.134710] ACPI: Using ACPI (MADT) for SMP configuration information
[    0.136839] ACPI: HPET id: 0x8086a201 base: 0xfed00000
[    0.138532] TSC deadline timer available
[    0.139863] smpboot: Allowing 2 CPUs, 0 hotplug CPUs
[    0.141671] kvm-guest: KVM setup pv remote TLB flush
[    0.143187] kvm-guest: setup PV sched yield
[    0.144599] PM: hibernation: Registered nosave memory: [mem 0x00000000-0x00000fff]
[    0.146942] PM: hibernation: Registered nosave memory: [mem 0x0009f000-0x0009ffff]
[    0.149386] PM: hibernation: Registered nosave memory: [mem 0x000a0000-0x000effff]
[    0.151739] PM: hibernation: Registered nosave memory: [mem 0x000f0000-0x000fffff]
[    0.154028] [mem 0x80000000-0xfeffbfff] available for PCI devices
[    0.155969] Booting paravirtualized kernel on KVM
[    0.157551] clocksource: refined-jiffies: mask: 0xffffffff max_cycles: 0xffffffff, max_idle_ns: 7645519600211568 ns
[    0.160781] setup_percpu: NR_CPUS:8192 nr_cpumask_bits:2 nr_cpu_ids:2 nr_node_ids:1
[    0.167402] percpu: Embedded 64 pages/cpu s225280 r8192 d28672 u1048576
[    0.169770] kvm-guest: PV spinlocks enabled
[    0.171135] PV qspinlock hash table entries: 256 (order: 0, 4096 bytes, linear)
[    0.173452] Fallback order for Node 0: 0 
[    0.174765] Built 1 zonelists, mobility grouping on.  Total pages: 515808
[    0.176943] Policy zone: DMA32
[    0.177897] Kernel command line: net.ifnames=0 console=ttyS0 root=/dev/sda earlyprintk=serial net.ifnames=0
[    0.209658] Dentry cache hash table entries: 262144 (order: 9, 2097152 bytes, linear)
[    0.212020] Inode-cache hash table entries: 131072 (order: 8, 1048576 bytes, linear)
[    0.213637] mem auto-init: stack:off, heap alloc:off, heap free:off
[    0.220924] Memory: 1985384K/2096632K available (32784K kernel code, 4691K rwdata, 7816K rodata, 3668K init, 22128K bss, 110992K reserved, 0K cma-reserved)
[    0.225653] SLUB: HWalign=64, Order=0-3, MinObjects=0, CPUs=2, Nodes=1
[    0.226726] kmemleak: Kernel memory leak detector disabled
[    0.227895] ftrace: allocating 67271 entries in 263 pages
[    0.269392] ftrace: allocated 263 pages with 4 groups
[    0.276010] Dynamic Preempt: voluntary
[    0.277382] Running RCU self tests
[    0.278301] rcu: Preemptible hierarchical RCU implementation.
[    0.279779] rcu: 	RCU lockdep checking is enabled.
[    0.281175] rcu: 	RCU restricting CPUs from NR_CPUS=8192 to nr_cpu_ids=2.
[    0.282780] 	Trampoline variant of Tasks RCU enabled.
[    0.284021] 	Rude variant of Tasks RCU enabled.
[    0.285063] 	Tracing variant of Tasks RCU enabled.
[    0.286160] rcu: RCU calculated value of scheduler-enlistment delay is 25 jiffies.
[    0.287944] rcu: Adjusting geometry for rcu_fanout_leaf=16, nr_cpu_ids=2
[    0.328936] NR_IRQS: 524544, nr_irqs: 440, preallocated irqs: 16
[    0.331320] rcu: srcu_init: Setting srcu_struct sizes based on contention.
[    0.356084] Console: colour VGA+ 80x25
[    0.357194] printk: console [ttyS0] enabled
[    0.357194] printk: console [ttyS0] enabled
[    0.359176] printk: bootconsole [earlyser0] disabled
[    0.359176] printk: bootconsole [earlyser0] disabled
[    0.361612] Lock dependency validator: Copyright (c) 2006 Red Hat, Inc., Ingo Molnar
[    0.363636] ... MAX_LOCKDEP_SUBCLASSES:  8
[    0.364723] ... MAX_LOCK_DEPTH:          48
[    0.365819] ... MAX_LOCKDEP_KEYS:        8192
[    0.366966] ... CLASSHASH_SIZE:          4096
[    0.368054] ... MAX_LOCKDEP_ENTRIES:     32768
[    0.369155] ... MAX_LOCKDEP_CHAINS:      65536
[    0.370342] ... CHAINHASH_SIZE:          32768
[    0.371470]  memory used by lock dependency info: 6365 kB
[    0.372792]  memory used for stack traces: 4224 kB
[    0.373943]  per task-struct memory footprint: 1920 bytes
[    0.375501] ACPI: Core revision 20220331
[    0.377092] clocksource: hpet: mask: 0xffffffff max_cycles: 0xffffffff, max_idle_ns: 19112604467 ns
[    0.379755] APIC: Switch to symmetric I/O mode setup
[    0.381540] x2apic enabled
[    0.382761] Switched APIC routing to physical x2apic.
[    0.384357] kvm-guest: setup PV IPIs
[    0.387521] ..TIMER: vector=0x30 apic1=0 pin1=2 apic2=-1 pin2=-1
[    0.389186] clocksource: tsc-early: mask: 0xffffffffffffffff max_cycles: 0x1128af0325d, max_idle_ns: 440795261011 ns
[    0.392097] Calibrating delay loop (skipped) preset value.. 2380.80 BogoMIPS (lpj=4761600)
[    0.393984] pid_max: default: 32768 minimum: 301
[    0.395462] LSM: Security Framework initializing
[    0.396086] Yama: becoming mindful.
[    0.397453] Mount-cache hash table entries: 4096 (order: 3, 32768 bytes, linear)
[    0.400111] Mountpoint-cache hash table entries: 4096 (order: 3, 32768 bytes, linear)
[    0.405364] CPU0: Thermal monitoring enabled (TM1)
[    0.408201] x86/cpu: User Mode Instruction Prevention (UMIP) activated
[    0.413172] Last level iTLB entries: 4KB 0, 2MB 0, 4MB 0
[    0.414512] Last level dTLB entries: 4KB 0, 2MB 0, 4MB 0, 1GB 0
[    0.416248] Spectre V1 : Mitigation: usercopy/swapgs barriers and __user pointer sanitization
[    0.418238] Spectre V2 : WARNING: Unprivileged eBPF is enabled with eIBRS on, data leaks possible via Spectre v2 BHB attacks!
[    0.420074] Spectre V2 : Mitigation: Enhanced IBRS
[    0.421260] Spectre V2 : Spectre v2 / SpectreRSB mitigation: Filling RSB on context switch
[    0.424063] Spectre V2 : Spectre v2 / PBRSB-eIBRS: Retire a single CALL on VMEXIT
[    0.425807] Spectre V2 : mitigation: Enabling conditional Indirect Branch Prediction Barrier
[    0.428064] Speculative Store Bypass: Mitigation: Speculative Store Bypass disabled via prctl
[    0.429987] MMIO Stale Data: Unknown: No mitigations
[    0.585576] Freeing SMP alternatives memory: 56K
[    0.587124] smpboot: CPU0: Genuine Intel(R) 0000 (family: 0x6, model: 0xaa, stepping: 0x1)
[    0.588056] cblist_init_generic: Setting adjustable number of callback queues.
[    0.588056] cblist_init_generic: Setting shift to 1 and lim to 1.
[    0.588157] cblist_init_generic: Setting shift to 1 and lim to 1.
[    0.589313] cblist_init_generic: Setting shift to 1 and lim to 1.
[    0.590331] Running RCU-tasks wait API self tests
[    0.692318] Performance Events: generic architected perfmon, full-width counters, Intel PMU driver.
[    0.694377] ... version:                2
[    0.695878] ... bit width:              48
[    0.696083] ... generic registers:      8
[    0.697702] ... value mask:             0000ffffffffffff
[    0.700076] ... max period:             00007fffffffffff
[    0.702280] ... fixed-purpose events:   3
[    0.703932] ... event mask:             00000007000000ff
[    0.705652] rcu: Hierarchical SRCU implementation.
[    0.707678] rcu: 	Max phase no-delay instances is 1000.
[    0.713242] Callback from call_rcu_tasks_trace() invoked.
[    0.718981] smp: Bringing up secondary CPUs ...
[    0.723562] x86: Booting SMP configuration:
[    0.724093] .... node  #0, CPUs:      #1
[    0.050537] smpboot: CPU 1 Converting physical 0 to logical die 1
[    0.728433] smp: Brought up 1 node, 2 CPUs
[    0.729199] smpboot: Max logical packages: 2
[    0.729807] smpboot: Total of 2 processors activated (4761.60 BogoMIPS)
[    0.737668] devtmpfs: initialized
[    0.737668] x86/mm: Memory block size: 128MB
[    0.743049] clocksource: jiffies: mask: 0xffffffff max_cycles: 0xffffffff, max_idle_ns: 7645041785100000 ns
[    0.744079] futex hash table entries: 512 (order: 4, 65536 bytes, linear)
[    0.745468] pinctrl core: initialized pinctrl subsystem
[    0.747080] 
[    0.747319] *************************************************************
[    0.748063] **     NOTICE NOTICE NOTICE NOTICE NOTICE NOTICE NOTICE    **
[    0.749005] **                                                         **
[    0.749940] **  IOMMU DebugFS SUPPORT HAS BEEN ENABLED IN THIS KERNEL  **
[    0.750918] **                                                         **
[    0.751821] ** This means that this kernel is built to expose internal **
[    0.752062] ** IOMMU data structures, which may compromise security on **
[    0.752993] ** your system.                                            **
[    0.754381] **                                                         **
[    0.755322] ** If you see this message and you are not debugging the   **
[    0.756062] ** kernel, report this immediately to your vendor!         **
[    0.757138] **                                                         **
[    0.758069] **     NOTICE NOTICE NOTICE NOTICE NOTICE NOTICE NOTICE    **
[    0.759027] *************************************************************
[    0.760072] PM: RTC time: 04:53:26, date: 2022-12-29
[    0.765949] NET: Registered PF_NETLINK/PF_ROUTE protocol family
[    0.767652] DMA: preallocated 256 KiB GFP_KERNEL pool for atomic allocations
[    0.768091] DMA: preallocated 256 KiB GFP_KERNEL|GFP_DMA pool for atomic allocations
[    0.769179] DMA: preallocated 256 KiB GFP_KERNEL|GFP_DMA32 pool for atomic allocations
[    0.770355] audit: initializing netlink subsys (disabled)
[    0.771276] audit: type=2000 audit(1672289606.758:1): state=initialized audit_enabled=0 res=1
[    0.772517] thermal_sys: Registered thermal governor 'fair_share'
[    0.774436] thermal_sys: Registered thermal governor 'bang_bang'
[    0.775406] thermal_sys: Registered thermal governor 'step_wise'
[    0.776065] thermal_sys: Registered thermal governor 'user_space'
[    0.777085] cpuidle: using governor ladder
[    0.778667] cpuidle: using governor menu
[    0.779792] acpiphp: ACPI Hot Plug PCI Controller Driver version: 0.5
[    0.780617] PCI: Using configuration type 1 for base access
[    0.796518] Callback from call_rcu_tasks_rude() invoked.
[    0.800628] kprobes: kprobe jump-optimization is enabled. All kprobes are optimized if possible.
[    1.037409] Callback from call_rcu_tasks() invoked.
[    1.038608] HugeTLB: registered 1.00 GiB page size, pre-allocated 0 pages
[    1.039600] HugeTLB: 16380 KiB vmemmap can be freed for a 1.00 GiB page
[    1.040076] HugeTLB: registered 2.00 MiB page size, pre-allocated 0 pages
[    1.041306] HugeTLB: 28 KiB vmemmap can be freed for a 2.00 MiB page
[    1.048871] ACPI: Added _OSI(Module Device)
[    1.049470] ACPI: Added _OSI(Processor Device)
[    1.050185] ACPI: Added _OSI(3.0 _SCP Extensions)
[    1.051034] ACPI: Added _OSI(Processor Aggregator Device)
[    1.059012] ACPI: 1 ACPI AML tables successfully acquired and loaded
[    1.063587] ACPI: Interpreter enabled
[    1.064189] ACPI: PM: (supports S0 S3 S4 S5)
[    1.064761] ACPI: Using IOAPIC for interrupt routing
[    1.065485] PCI: Using host bridge windows from ACPI; if necessary, use "pci=nocrs" and report a bug
[    1.066665] PCI: Using E820 reservations for host bridge windows
[    1.068303] ACPI: Enabled 2 GPEs in block 00 to 0F
[    1.087235] ACPI: PCI Root Bridge [PCI0] (domain 0000 [bus 00-ff])
[    1.088086] acpi PNP0A03:00: _OSC: OS supports [ASPM ClockPM Segments MSI EDR HPX-Type3]
[    1.089146] acpi PNP0A03:00: _OSC: not requesting OS control; OS requires [ExtendedConfig ASPM ClockPM MSI]
[    1.090628] acpi PNP0A03:00: fail to add MMCONFIG information, can't access extended PCI configuration space under this bridge.
[    1.095026] acpiphp: Slot [3] registered
[    1.095620] acpiphp: Slot [4] registered
[    1.096143] acpiphp: Slot [5] registered
[    1.096726] acpiphp: Slot [6] registered
[    1.097482] acpiphp: Slot [7] registered
[    1.098104] acpiphp: Slot [8] registered
[    1.098676] acpiphp: Slot [9] registered
[    1.099299] acpiphp: Slot [10] registered
[    1.099907] acpiphp: Slot [11] registered
[    1.100152] acpiphp: Slot [12] registered
[    1.100926] acpiphp: Slot [13] registered
[    1.101648] acpiphp: Slot [14] registered
[    1.102250] acpiphp: Slot [15] registered
[    1.102863] acpiphp: Slot [16] registered
[    1.103477] acpiphp: Slot [17] registered
[    1.104145] acpiphp: Slot [18] registered
[    1.104742] acpiphp: Slot [19] registered
[    1.105403] acpiphp: Slot [20] registered
[    1.106158] acpiphp: Slot [21] registered
[    1.106773] acpiphp: Slot [22] registered
[    1.107373] acpiphp: Slot [23] registered
[    1.108036] acpiphp: Slot [24] registered
[    1.108150] acpiphp: Slot [25] registered
[    1.108832] acpiphp: Slot [26] registered
[    1.109440] acpiphp: Slot [27] registered
[    1.110048] acpiphp: Slot [28] registered
[    1.110777] acpiphp: Slot [29] registered
[    1.111510] acpiphp: Slot [30] registered
[    1.112194] acpiphp: Slot [31] registered
[    1.112970] PCI host bridge to bus 0000:00
[    1.113699] pci_bus 0000:00: root bus resource [io  0x0000-0x0cf7 window]
[    1.114999] pci_bus 0000:00: root bus resource [io  0x0d00-0xffff window]
[    1.116067] pci_bus 0000:00: root bus resource [mem 0x000a0000-0x000bffff window]
[    1.117151] pci_bus 0000:00: root bus resource [mem 0x80000000-0xfebfffff window]
[    1.118148] pci_bus 0000:00: root bus resource [mem 0x100000000-0x17fffffff window]
[    1.119122] pci_bus 0000:00: root bus resource [bus 00-ff]
[    1.120079] pci 0000:00:00.0: [8086:1237] type 00 class 0x060000
[    1.124663] pci 0000:00:01.0: [8086:7000] type 00 class 0x060100
[    1.126392] pci 0000:00:01.1: [8086:7010] type 00 class 0x010180
[    1.128772] pci 0000:00:01.1: reg 0x20: [io  0xc040-0xc04f]
[    1.130618] pci 0000:00:01.1: legacy IDE quirk: reg 0x10: [io  0x01f0-0x01f7]
[    1.131747] pci 0000:00:01.1: legacy IDE quirk: reg 0x14: [io  0x03f6]
[    1.132068] pci 0000:00:01.1: legacy IDE quirk: reg 0x18: [io  0x0170-0x0177]
[    1.133399] pci 0000:00:01.1: legacy IDE quirk: reg 0x1c: [io  0x0376]
[    1.134981] pci 0000:00:01.3: [8086:7113] type 00 class 0x068000
[    1.136200] pci 0000:00:01.3: quirk: [io  0x0600-0x063f] claimed by PIIX4 ACPI
[    1.137472] pci 0000:00:01.3: quirk: [io  0x0700-0x070f] claimed by PIIX4 SMB
[    1.139046] pci 0000:00:02.0: [1234:1111] type 00 class 0x030000
[    1.144588] pci 0000:00:02.0: reg 0x10: [mem 0xfd000000-0xfdffffff pref]
[    1.148675] pci 0000:00:02.0: reg 0x18: [mem 0xfebf0000-0xfebf0fff]
[    1.155928] pci 0000:00:02.0: reg 0x30: [mem 0xfebe0000-0xfebeffff pref]
[    1.156730] pci 0000:00:02.0: Video device with shadowed ROM at [mem 0x000c0000-0x000dffff]
[    1.163389] pci 0000:00:03.0: [8086:100e] type 00 class 0x020000
[    1.164954] pci 0000:00:03.0: reg 0x10: [mem 0xfebc0000-0xfebdffff]
[    1.166754] pci 0000:00:03.0: reg 0x14: [io  0xc000-0xc03f]
[    1.173786] pci 0000:00:03.0: reg 0x30: [mem 0xfeb80000-0xfebbffff pref]
[    1.192686] ACPI: PCI: Interrupt link LNKA configured for IRQ 10
[    1.193999] ACPI: PCI: Interrupt link LNKB configured for IRQ 10
[    1.195214] ACPI: PCI: Interrupt link LNKC configured for IRQ 11
[    1.196481] ACPI: PCI: Interrupt link LNKD configured for IRQ 11
[    1.197474] ACPI: PCI: Interrupt link LNKS configured for IRQ 9
[    1.200427] iommu: Default domain type: Translated 
[    1.201076] iommu: DMA domain TLB invalidation policy: lazy mode 
[    1.203541] SCSI subsystem initialized
[    1.204482] ACPI: bus type USB registered
[    1.205155] usbcore: registered new interface driver usbfs
[    1.205931] usbcore: registered new interface driver hub
[    1.206649] usbcore: registered new device driver usb
[    1.207476] pps_core: LinuxPPS API ver. 1 registered
[    1.208068] pps_core: Software ver. 5.3.6 - Copyright 2005-2007 Rodolfo Giometti <giometti@linux.it>
[    1.209395] PTP clock support registered
[    1.210265] EDAC MC: Ver: 3.0.0
[    1.213910] NetLabel: Initializing
[    1.214468] NetLabel:  domain hash size = 128
[    1.215236] NetLabel:  protocols = UNLABELED CIPSOv4 CALIPSO
[    1.216202] NetLabel:  unlabeled traffic allowed by default
[    1.252849] PCI: Using ACPI for IRQ routing
[    1.254536] pci 0000:00:02.0: vgaarb: setting as boot VGA device
[    1.256056] pci 0000:00:02.0: vgaarb: bridge control possible
[    1.256056] pci 0000:00:02.0: vgaarb: VGA device added: decodes=io+mem,owns=io+mem,locks=none
[    1.256076] vgaarb: loaded
[    1.258110] hpet0: at MMIO 0xfed00000, IRQs 2, 8, 0
[    1.259319] hpet0: 3 comparators, 64-bit 100.000000 MHz counter
[    3.983644] clocksource: Switched to clocksource kvm-clock
[    4.187872] VFS: Disk quotas dquot_6.6.0
[    4.188519] VFS: Dquot-cache hash table entries: 512 (order 0, 4096 bytes)
[    4.190056] pnp: PnP ACPI init
[    4.192730] pnp: PnP ACPI: found 6 devices
[    4.205455] clocksource: acpi_pm: mask: 0xffffff max_cycles: 0xffffff, max_idle_ns: 2085701024 ns
[    4.207085] NET: Registered PF_INET protocol family
[    4.208203] IP idents hash table entries: 32768 (order: 6, 262144 bytes, linear)
[    4.210358] tcp_listen_portaddr_hash hash table entries: 1024 (order: 4, 73728 bytes, linear)
[    4.211563] Table-perturb hash table entries: 65536 (order: 6, 262144 bytes, linear)
[    4.212638] TCP established hash table entries: 16384 (order: 5, 131072 bytes, linear)
[    4.213969] TCP bind hash table entries: 16384 (order: 9, 2359296 bytes, linear)
[    4.218460] TCP: Hash tables configured (established 16384 bind 16384)
[    4.219655] UDP hash table entries: 1024 (order: 5, 163840 bytes, linear)
[    4.220707] UDP-Lite hash table entries: 1024 (order: 5, 163840 bytes, linear)
[    4.222050] NET: Registered PF_UNIX/PF_LOCAL protocol family
[    4.224223] RPC: Registered named UNIX socket transport module.
[    4.225023] RPC: Registered udp transport module.
[    4.225597] RPC: Registered tcp transport module.
[    4.226212] RPC: Registered tcp NFSv4.1 backchannel transport module.
[    4.227212] pci_bus 0000:00: resource 4 [io  0x0000-0x0cf7 window]
[    4.227987] pci_bus 0000:00: resource 5 [io  0x0d00-0xffff window]
[    4.228778] pci_bus 0000:00: resource 6 [mem 0x000a0000-0x000bffff window]
[    4.229651] pci_bus 0000:00: resource 7 [mem 0x80000000-0xfebfffff window]
[    4.230510] pci_bus 0000:00: resource 8 [mem 0x100000000-0x17fffffff window]
[    4.231830] pci 0000:00:01.0: PIIX3: Enabling Passive Release
[    4.232626] pci 0000:00:00.0: Limiting direct PCI/PCI transfers
[    4.233540] PCI: CLS 0 bytes, default 64
[    4.234181] ACPI: bus type thunderbolt registered
[    4.235287] clocksource: tsc: mask: 0xffffffffffffffff max_cycles: 0x1128af0325d, max_idle_ns: 440795261011 ns
[    4.241961] Initialise system trusted keyrings
[    4.242700] Key type blacklist registered
[    4.243698] workingset: timestamp_bits=36 max_order=19 bucket_order=0
[    4.256626] zbud: loaded
[    4.259513] squashfs: version 4.0 (2009/01/31) Phillip Lougher
[    4.262528] NFS: Registering the id_resolver key type
[    4.263215] Key type id_resolver registered
[    4.263764] Key type id_legacy registered
[    4.264447] nfs4filelayout_init: NFSv4 File Layout Driver Registering...
[    4.265336] nfs4flexfilelayout_init: NFSv4 Flexfile Layout Driver Registering...
[    4.266421] fuse: init (API version 7.37)
[    4.267323] SGI XFS with ACLs, security attributes, realtime, quota, no debug enabled
[    4.281685] 9p: Installing v9fs 9p2000 file system support
[    4.296379] Key type asymmetric registered
[    4.297482] Asymmetric key parser 'x509' registered
[    4.302050] alg: self-tests for CTR-KDF (hmac(sha256)) passed
[    4.303002] Block layer SCSI generic (bsg) driver version 0.4 loaded (major 243)
[    4.304324] io scheduler mq-deadline registered
[    4.305194] io scheduler bfq registered
[    4.308019] shpchp: Standard Hot Plug PCI Controller Driver version: 0.4
[    4.309568] IPMI message handler: version 39.2
[    4.310360] ipmi device interface
[    4.313091] input: Power Button as /devices/LNXSYSTM:00/LNXPWRBN:00/input/input0
[    4.314406] ACPI: button: Power Button [PWRF]
[    4.316422] ERST DBG: ERST support is disabled.
[    4.317954] Serial: 8250/16550 driver, 32 ports, IRQ sharing enabled
[    4.319679] 00:04: ttyS0 at I/O 0x3f8 (irq = 4, base_baud = 115200) is a 16550A
[    4.330595] Linux agpgart interface v0.103
[    4.332024] ACPI: bus type drm_connector registered
[    4.346965] brd: module loaded
[    4.440827] loop: module loaded
[    4.446947] scsi host0: ata_piix
[    4.448173] scsi host1: ata_piix
[    4.448790] ata1: PATA max MWDMA2 cmd 0x1f0 ctl 0x3f6 bmdma 0xc040 irq 14
[    4.449769] ata2: PATA max MWDMA2 cmd 0x170 ctl 0x376 bmdma 0xc048 irq 15
[    4.452467] tun: Universal TUN/TAP device driver, 1.6
[    4.453488] e100: Intel(R) PRO/100 Network Driver
[    4.454259] e100: Copyright(c) 1999-2006 Intel Corporation
[    4.455112] e1000: Intel(R) PRO/1000 Network Driver
[    4.455763] e1000: Copyright (c) 1999-2006 Intel Corporation.
[    4.608291] ata1: found unknown device (class 0)
[    4.609437] ata2: found unknown device (class 0)
[    4.611216] ata1.00: ATA-7: QEMU HARDDISK, 2.5+, max UDMA/100
[    4.612157] ata1.00: 16777216 sectors, multi 16: LBA48 
[    4.613173] ata2.00: ATAPI: QEMU DVD-ROM, 2.5+, max UDMA/100
[    4.616285] scsi 0:0:0:0: Direct-Access     ATA      QEMU HARDDISK    2.5+ PQ: 0 ANSI: 5
[    4.620318] sd 0:0:0:0: Attached scsi generic sg0 type 0
[    4.620354] sd 0:0:0:0: [sda] 16777216 512-byte logical blocks: (8.59 GB/8.00 GiB)
[    4.623000] scsi 1:0:0:0: CD-ROM            QEMU     QEMU DVD-ROM     2.5+ PQ: 0 ANSI: 5
[    4.623090] sd 0:0:0:0: [sda] Write Protect is off
[    4.626892] sd 0:0:0:0: [sda] Write cache: enabled, read cache: enabled, doesn't support DPO or FUA
[    4.629264] sd 0:0:0:0: [sda] Preferred minimum I/O size 512 bytes
[    4.656384] sd 0:0:0:0: [sda] Attached SCSI disk
[    4.661929] scsi 1:0:0:0: Attached scsi generic sg1 type 5
[    4.667669] ACPI: \_SB_.LNKC: Enabled at IRQ 11
[    5.013026] e1000 0000:00:03.0 eth0: (PCI:33MHz:32-bit) 52:54:00:12:34:56
[    5.014046] e1000 0000:00:03.0 eth0: Intel(R) PRO/1000 Network Connection
[    5.015227] e1000e: Intel(R) PRO/1000 Network Driver
[    5.015884] e1000e: Copyright(c) 1999 - 2015 Intel Corporation.
[    5.016733] igb: Intel(R) Gigabit Ethernet Network Driver
[    5.017466] igb: Copyright (c) 2007-2014 Intel Corporation.
[    5.018300] PPP generic driver version 2.4.2
[    5.019854] VFIO - User Level meta-driver version: 0.3
[    5.021387] usbcore: registered new interface driver uas
[    5.022251] usbcore: registered new interface driver usb-storage
[    5.023339] i8042: PNP: PS/2 Controller [PNP0303:KBD,PNP0f13:MOU] at 0x60,0x64 irq 1,12
[    5.025516] serio: i8042 KBD port at 0x60,0x64 irq 1
[    5.026330] serio: i8042 AUX port at 0x60,0x64 irq 12
[    5.027989] mousedev: PS/2 mouse device common for all mice
[    5.030360] input: AT Translated Set 2 keyboard as /devices/platform/i8042/serio0/input/input1
[    5.032816] input: VirtualPS/2 VMware VMMouse as /devices/platform/i8042/serio1/input/input4
[    5.034946] rtc_cmos 00:05: registered as rtc0
[    5.035668] rtc_cmos 00:05: setting system clock to 2022-12-29T04:53:30 UTC (1672289610)
[    5.037108] rtc_cmos 00:05: alarms up to one day, 242 bytes nvram, hpet irqs
[    5.038095] rtc_cmos 00:05: RTC can wake from S4
[    5.038903] i2c_dev: i2c /dev entries driver
[    5.039948] input: VirtualPS/2 VMware VMMouse as /devices/platform/i8042/serio1/input/input3
[    5.041200] device-mapper: core: CONFIG_IMA_DISABLE_HTABLE is disabled. Duplicate IMA measurements will not be recorded in the IMA log.
[    5.045092] device-mapper: uevent: version 1.0.3
[    5.047290] device-mapper: ioctl: 4.47.0-ioctl (2022-07-28) initialised: dm-devel@redhat.com
[    5.050095] intel_pstate: CPU model not supported
[    5.051963] sdhci: Secure Digital Host Controller Interface driver
[    5.053937] sdhci: Copyright(c) Pierre Ossman
[    5.055547] sdhci-pltfm: SDHCI platform and OF driver helper
[    5.057842] ledtrig-cpu: registered to indicate activity on CPUs
[    5.060587] drop_monitor: Initializing network drop monitor service
[    5.063619] NET: Registered PF_INET6 protocol family
[    5.069701] Segment Routing with IPv6
[    5.070504] In-situ OAM (IOAM) with IPv6
[    5.071503] NET: Registered PF_PACKET protocol family
[    5.073205] 9pnet: Installing 9P2000 support
[    5.074409] Key type dns_resolver registered
[    5.076995] IPI shorthand broadcast: enabled
[    5.078076] sched_clock: Marking stable (5029590854, 46537242)->(5140462109, -64334013)
[    5.081363] registered taskstats version 1
[    5.082650] Loading compiled-in X.509 certificates
[    5.084525] zswap: loaded using pool lzo/zbud
[    5.087098] Key type .fscrypt registered
[    5.088429] Key type fscrypt-provisioning registered
[    5.092232] Key type encrypted registered
[    5.092969] ima: No TPM chip found, activating TPM-bypass!
[    5.093903] ima: Allocated hash algorithm: sha1
[    5.094647] ima: No architecture policies found
[    5.095500] evm: Initialising EVM extended attributes:
[    5.096303] evm: security.selinux
[    5.096807] evm: security.SMACK64
[    5.097448] evm: security.SMACK64EXEC
[    5.097869] evm: security.SMACK64TRANSMUTE
[    5.098444] evm: security.SMACK64MMAP
[    5.098940] evm: security.apparmor
[    5.099498] evm: security.ima
[    5.099888] evm: security.capability
[    5.100379] evm: HMAC attrs: 0x1
[    5.108225] PM:   Magic number: 2:977:869
[    5.109492] RAS: Correctable Errors collector initialized.
[    5.111773] md: Waiting for all devices to be available before autodetect
[    5.112580] md: If you don't use raid, use raid=noautodetect
[    5.113146] md: Autodetecting RAID arrays.
[    5.113619] md: autorun ...
[    5.113910] md: ... autorun DONE.
[    5.123938] EXT4-fs (sda): mounted filesystem with ordered data mode. Quota mode: none.
[    5.125065] VFS: Mounted root (ext4 filesystem) readonly on device 8:0.
[    5.128379] devtmpfs: mounted
[    5.137578] Freeing unused decrypted memory: 2036K
[    5.140985] Freeing unused kernel image (initmem) memory: 3668K
[    5.141662] Write protecting the kernel read-only data: 43008k
[    5.145663] Freeing unused kernel image (text/rodata gap) memory: 2028K
[    5.146825] Freeing unused kernel image (rodata/data gap) memory: 376K
[    5.252101] x86/mm: Checked W+X mappings: passed, no W+X pages found.
[    5.252825] Run /sbin/init as init process
[    5.398606] systemd[1]: RTC configured in localtime, applying delta of 0 minutes to system time.
[    5.449839] systemd[1]: systemd 239 (239-49.el8) running in system mode. (+PAM +AUDIT +SELINUX +IMA -APPARMOR +SMACK +SYSVINIT +UTMP +LIBCRYPTSETUP +GCRYPT +GNUTLS +ACL +XZ +LZ4 +SECCOMP +BLKID +ELFUTILS +KMOD +IDN2 -IDN +PCRE2 default-hierarchy=legacy)
[    5.452568] systemd[1]: Detected virtualization kvm.
[    5.453094] systemd[1]: Detected architecture x86-64.

Welcome to [0;31mCentOS Stream 8[0m!

[    5.517064] systemd[1]: Set hostname to <test>.
[    6.612292] random: crng init done
[    6.858209] systemd[1]: Listening on LVM2 poll daemon socket.
[[0;32m  OK  [0m] Listening on LVM2 poll daemon socket.
[    6.861063] systemd[1]: Listening on multipathd control socket.
[[0;32m  OK  [0m] Listening on multipathd control socket.
[    6.866586] systemd[1]: Created slice system-sshd\x2dkeygen.slice.
[[0;32m  OK  [0m] Created slice system-sshd\x2dkeygen.slice.
[    6.869928] systemd[1]: Created slice system-serial\x2dgetty.slice.
[[0;32m  OK  [0m] Created slice system-serial\x2dgetty.slice.
[    6.872821] systemd[1]: Started Forward Password Requests to Wall Directory Watch.
[[0;32m  OK  [0m] Started Forward Password Requests to Wall Directory Watch.
[    6.878157] systemd[1]: Created slice User and Session Slice.
[[0;32m  OK  [0m] Created slice User and Session Slice.
[[0;32m  OK  [0m] Listening on RPCbind Server Activation Socket.
[[0;32m  OK  [0m] Reached target Swap.
[[0;32m  OK  [0m] Listening on Process Core Dump Socket.
[[0;32m  OK  [0m] Listening on udev Control Socket.
[[0;32m  OK  [0m] Listening on Device-mapper event daemon FIFOs.
[[0;32m  OK  [0m] Listening on udev Kernel Socket.
[[0;32m  OK  [0m] Reached target Slices.
[[0;32m  OK  [0m] Listening on initctl Compatibility Named Pipe.
[[0;32m  OK  [0m] Set up automount Arbitrary Executabâ€¦rmats File System Automount Point.
[[0;32m  OK  [0m] Created slice system-getty.slice.
[[0;32m  OK  [0m] Listening on Journal Socket (/dev/log).
[[0;32m  OK  [0m] Reached target RPC Port Mapper.
[[0;32m  OK  [0m] Listening on Journal Socket.
         Mounting POSIX Message Queue File System...
         Starting udev Coldplug all Devices...
         Starting Journal Service...
         Starting Monitoring of LVM2 mirrorsâ€¦ng dmeventd or progress polling...
         Mounting Kernel Debug File System...
         Starting Setup Virtual Console...
         Mounting Huge Pages File System...
         Starting Load Kernel Modules...
         Starting Remount Root and Kernel File Systems...
[[0;32m  OK  [0m] Started Journal Service.
[[0;32m  OK  [0m] Mounted POSIX Message Queue File System.
[[0;32m  OK  [0m] Mounted Kernel Debug File System.
[[0;32m  OK  [0m] Mounted Huge Pages File System.
[[0;1;31mFAILED[0m] Failed to start Load Kernel Modules.
See 'systemctl status systemd-modules-load.service' for details.
         Mounting FUSE Control File System...
         Mounting Kernel Configuration File System...
         Starting Apply Kernel Variables...
[[0;32m  OK  [0m] Started Setup Virtual Console.
[[0;32m  OK  [0m] Mounted FUSE Control File System.
[[0;32m  OK  [0m] Mounted Kernel Configuration File System.
[    7.643330] EXT4-fs (sda): re-mounted. Quota mode: none.
[[0;32m  OK  [0m] Started Remount Root and Kernel File Systems.
         Starting Load/Save Random Seed...
         Starting Flush Journal to Persistent Storage...
         Starting Create Static Device Nodes in /dev...
[[0;32m  OK  [0m] Started Apply Kernel Variables.
[[0;32m  OK  [0m] Started Load/Save Random Seed.
[[0;32m  OK  [0m] Started udev Coldplug all Devices.
         Starting udev Wait for Complete Device Initialization...
[[0;32m  OK  [0m] Started Flush Journal to Persistent Storage.
[[0;32m  OK  [0m] Started Create Static Device Nodes in /dev.
         Starting udev Kernel Device Manager...
[[0;32m  OK  [0m] Started udev Kernel Device Manager.
         Starting Show Plymouth Boot Screen...
[[0;32m  OK  [0m] Started Show Plymouth Boot Screen.
[[0;32m  OK  [0m] Reached target Paths.
[[0;32m  OK  [0m] Reached target Local Encrypted Volumes.
[[0;32m  OK  [0m] Started Forward Password Requests to Plymouth Directory Watch.
[[0;32m  OK  [0m] Found device /dev/ttyS0.
[[0;32m  OK  [0m] Started Monitoring of LVM2 mirrors,â€¦sing dmeventd or progress polling.
[[0;32m  OK  [0m] Listening on Load/Save RF Kill Switch Status /dev/rfkill Watch.
[[0;32m  OK  [0m] Started udev Wait for Complete Device Initialization.
[[0;32m  OK  [0m] Reached target Local File Systems (Pre).
[[0;32m  OK  [0m] Reached target Local File Systems.
         Starting Restore /run/initramfs on shutdown...
         Starting Create Volatile Files and Directories...
         Starting Tell Plymouth To Write Out Runtime Data...
[[0;32m  OK  [0m] Started Restore /run/initramfs on shutdown.
[[0;32m  OK  [0m] Started Tell Plymouth To Write Out Runtime Data.
[[0;32m  OK  [0m] Started Create Volatile Files and Directories.
         Starting RPC Bind...
         Starting Security Auditing Service...
         Mounting RPC Pipe File System...
[[0;32m  OK  [0m] Mounted RPC Pipe File System.
[[0;32m  OK  [0m] Reached target rpc_pipefs.target.
[[0;32m  OK  [0m] Started RPC Bind.
[[0;32m  OK  [0m] Started Security Auditing Service.
         Starting Update UTMP about System Boot/Shutdown...
[[0;32m  OK  [0m] Started Update UTMP about System Boot/Shutdown.
[[0;32m  OK  [0m] Reached target System Initialization.
[[0;32m  OK  [0m] Started dnf makecache --timer.
[[0;32m  OK  [0m] Started Daily Cleanup of Temporary Directories.
[[0;32m  OK  [0m] Started daily update of the root trust anchor for DNSSEC.
[[0;32m  OK  [0m] Reached target Timers.
[[0;32m  OK  [0m] Listening on SSSD Kerberos Cache Manager responder socket.
[[0;32m  OK  [0m] Listening on D-Bus System Message Bus Socket.
[[0;32m  OK  [0m] Reached target Sockets.
[[0;32m  OK  [0m] Reached target Basic System.
[[0;32m  OK  [0m] Started D-Bus System Message Bus.
         Starting Auto-connect to subsystemsâ€¦-NVME devices found during boot...
         Starting Self Monitoring and Reporting Technology (SMART) Daemon...
[[0;32m  OK  [0m] Started Machine Check Exception Logging Daemon.
         Starting NTP client/server...
[[0;32m  OK  [0m] Started irqbalance daemon.
[[0;32m  OK  [0m] Reached target sshd-keygen.target.
         Starting Authorization Manager...
         Starting Network Manager...
         Starting Login Service...
[[0;32m  OK  [0m] Started Self Monitoring and Reporting Technology (SMART) Daemon.
[[0;32m  OK  [0m] Started Auto-connect to subsystems â€¦FC-NVME devices found during boot.
         Starting update of the root trust aâ€¦or DNSSEC validation in unbound...
[[0;32m  OK  [0m] Started NTP client/server.
[[0;32m  OK  [0m] Started Login Service.
[[0;32m  OK  [0m] Started update of the root trust anâ€¦ for DNSSEC validation in unbound.
[[0;32m  OK  [0m] Started Network Manager.
         Starting Network Manager Wait Online...
[[0;32m  OK  [0m] Reached target Network.
         Starting GSSAPI Proxy Daemon...
         Starting OpenSSH server daemon...
         Starting Dynamic System Tuning Daemon...
[[0;32m  OK  [0m] Started GSSAPI Proxy Daemon.
[[0;32m  OK  [0m] Reached target NFS client services.
[[0;32m  OK  [0m] Reached target Remote File Systems (Pre).
[[0;32m  OK  [0m] Reached target Remote File Systems.
         Starting Permit User Sessions...
         Starting Hostname Service...
[[0;32m  OK  [0m] Started OpenSSH server daemon.
[[0;32m  OK  [0m] Started Authorization Manager.
[[0;32m  OK  [0m] Started Permit User Sessions.
         Starting Terminate Plymouth Boot Screen...
         Starting Hold until boot process finishes up...
[[0;32m  OK  [0m] Started Command Scheduler.
[[0;32m  OK  [0m] Started Terminate Plymouth Boot Screen.
[[0;32m  OK  [0m] Started Hold until boot process finishes up.
[   10.236559] e1000: eth0 NIC Link is Up 1000 Mbps Full Duplex, Flow Control: RX
[   10.238605] IPv6: ADDRCONF(NETDEV_CHANGE): eth0: link becomes ready
[   10.656612] Spectre V2 : WARNING: Unprivileged eBPF is enabled with eIBRS on, data leaks possible via Spectre v2 BHB attacks!
[   10.658296] Spectre V2 : WARNING: Unprivileged eBPF is enabled with eIBRS on, data leaks possible via Spectre v2 BHB attacks!

CentOS Stream 8
Kernel 6.1.0-rc2-bd2756811766+ on an x86_64

test login: [   29.297702] perf: interrupt took too long (2702 > 2500), lowering kernel.perf_event_max_sample_rate to 74000
[   29.301915] perf: interrupt took too long (3406 > 3377), lowering kernel.perf_event_max_sample_rate to 58500
[   29.304579] perf: interrupt took too long (4262 > 4257), lowering kernel.perf_event_max_sample_rate to 46750
[   29.307635] perf: interrupt took too long (5464 > 5327), lowering kernel.perf_event_max_sample_rate to 36500
[   29.310080] perf: interrupt took too long (6983 > 6830), lowering kernel.perf_event_max_sample_rate to 28500
[   29.314691] perf: interrupt took too long (8812 > 8728), lowering kernel.perf_event_max_sample_rate to 22500
[   29.320161] perf: interrupt took too long (11106 > 11015), lowering kernel.perf_event_max_sample_rate to 18000
[   29.324451] perf: interrupt took too long (14025 > 13882), lowering kernel.perf_event_max_sample_rate to 14250
[   29.344112] perf: interrupt took too long (17710 > 17531), lowering kernel.perf_event_max_sample_rate to 11250
[   29.348205] perf: interrupt took too long (22263 > 22137), lowering kernel.perf_event_max_sample_rate to 8750
[   35.749399] perf_duration_warn: 1 callbacks suppressed
[   35.749444] perf: interrupt took too long (35036 > 34810), lowering kernel.perf_event_max_sample_rate to 5500
[   35.803449] perf: interrupt took too long (43862 > 43795), lowering kernel.perf_event_max_sample_rate to 4500
[   65.450961] ------------[ cut here ]------------
[   65.452120] WARNING: CPU: 1 PID: 38071 at kernel/events/core.c:4907 put_pmu_ctx+0x107/0x120
[   65.453140] Modules linked in:
[   65.453483] CPU: 1 PID: 38071 Comm: repro Not tainted 6.1.0-rc2-bd2756811766+ #1
[   65.454909] Hardware name: QEMU Standard PC (i440FX + PIIX, 1996), BIOS rel-1.14.0-0-g155821a1990b-prebuilt.qemu.org 04/01/2014
[   65.456830] RIP: 0010:put_pmu_ctx+0x107/0x120
[   65.457737] Code: e8 de bf ea ff 48 8d 7b 50 48 c7 c6 90 9d 3e 81 e8 2e 52 df ff e8 c9 bf ea ff 5b 41 5c 41 5d 5d c3 cc cc cc cc e8 b9 bf ea ff <0f> 0b eb a5 e8 b0 bf ea ff 0f 0b eb 8a e8 a7 bf ea ff 0f 0b e9 35
[   65.460652] RSP: 0018:ffffc900057afcd0 EFLAGS: 00010246
[   65.461207] RAX: 0000000000000000 RBX: ffff88807dc3cd00 RCX: 0000000000000001
[   65.461920] RDX: 0000000000000000 RSI: ffff88800d2b2340 RDI: 0000000000000002
[   65.462912] RBP: ffffc900057afce8 R08: 0000000000000001 R09: 0000000000000001
[   65.464202] R10: 0000000000000000 R11: 0000000000000001 R12: ffff88807dc2eb40
[   65.464938] R13: ffff88807dc3cd10 R14: 0000000000000000 R15: 0000000000000001
[   65.466857] FS:  0000000000000000(0000) GS:ffff88807dd00000(0000) knlGS:0000000000000000
[   65.467852] CS:  0010 DS: 0000 ES: 0000 CR0: 0000000080050033
[   65.468560] CR2: 00007f8768802500 CR3: 0000000009ee8006 CR4: 0000000000770ee0
[   65.469383] DR0: 0000000000000000 DR1: 0000000000000000 DR2: 0000000000000000
[   65.470221] DR3: 0000000000000000 DR6: 00000000ffff07f0 DR7: 0000000000000400
[   65.471097] PKRU: 55555554
[   65.471426] Call Trace:
[   65.471744]  <TASK>
[   65.471982]  _free_event+0x18f/0x800
[   65.472434]  put_event+0x3c/0x50
[   65.472819]  perf_event_release_kernel+0x2f9/0x370
[   65.473340]  ? perf_event_release_kernel+0x370/0x370
[   65.473965]  perf_release+0x22/0x30
[   65.474352]  __fput+0x11f/0x450
[   65.474772]  ____fput+0x1e/0x30
[   65.475146]  task_work_run+0xb6/0x120
[   65.475554]  do_exit+0x547/0x1360
[   65.475989]  ? lockdep_hardirqs_on+0x8a/0x110
[   65.476523]  ? trace_hardirqs_on+0x3f/0xe0
[   65.476982]  do_group_exit+0x5e/0xf0
[   65.477399]  __x64_sys_exit_group+0x25/0x30
[   65.477859]  do_syscall_64+0x3b/0x90
[   65.478265]  entry_SYSCALL_64_after_hwframe+0x63/0xcd
[   65.478876] RIP: 0033:0x7f87686f8cf6
[   65.479222] Code: Unable to access opcode bytes at 0x7f87686f8ccc.
[   65.479847] RSP: 002b:00007fff44298ae8 EFLAGS: 00000246 ORIG_RAX: 00000000000000e7
[   65.480544] RAX: ffffffffffffffda RBX: 00007f8768803490 RCX: 00007f87686f8cf6
[   65.481221] RDX: 0000000000000000 RSI: 000000000000003c RDI: 0000000000000000
[   65.481908] RBP: 0000000000000000 R08: 00000000000000e7 R09: ffffffffffffff80
[   65.482548] R10: 0000000000000004 R11: 0000000000000246 R12: 00007f8768803490
[   65.483275] R13: 0000000000000001 R14: 00007f8768806e88 R15: 0000000000000000
[   65.484008]  </TASK>
[   65.484274] irq event stamp: 2477
[   65.484628] hardirqs last  enabled at (2485): [<ffffffff811b8c01>] __up_console_sem+0x91/0xb0
[   65.485485] hardirqs last disabled at (2492): [<ffffffff811b8be6>] __up_console_sem+0x76/0xb0
[   65.486350] softirqs last  enabled at (2128): [<ffffffff83000329>] __do_softirq+0x329/0x490
[   65.487251] softirqs last disabled at (2021): [<ffffffff811124a2>] irq_exit_rcu+0xd2/0x100
[   65.488097] ---[ end trace 0000000000000000 ]---
