c[?7l[2J[0mSeaBIOS (version rel-1.14.0-0-g155821a1990b-prebuilt.qemu.org)


iPXE (http://ipxe.org) 00:03.0 CA00 PCI2.10 PnP PMM+7FF8F030+7FEEF030 CA00
Press Ctrl-B to configure iPXE (PCI 00:03.0)...                                                                               


Booting from ROM...
c[?7l[2J[    0.000000] Linux version 5.11.0-f40ddce88593 (root@p-mtlp02) (gcc (GCC) 8.5.0 20210514 (Red Hat 8.5.0-17), GNU ld version 2.36.1-2.el8) #1 SMP Thu Nov 10 11:46:16 CST 2022
[    0.000000] Command line: console=ttyS0 root=/dev/sda earlyprintk=serial net.ifnames=0
[    0.000000] KERNEL supported cpus:
[    0.000000]   Intel GenuineIntel
[    0.000000]   AMD AuthenticAMD
[    0.000000]   Hygon HygonGenuine
[    0.000000]   Centaur CentaurHauls
[    0.000000]   zhaoxin   Shanghai  
[    0.000000] x86/fpu: Supporting XSAVE feature 0x001: 'x87 floating point registers'
[    0.000000] x86/fpu: Supporting XSAVE feature 0x002: 'SSE registers'
[    0.000000] x86/fpu: Supporting XSAVE feature 0x004: 'AVX registers'
[    0.000000] x86/fpu: Supporting XSAVE feature 0x200: 'Protection Keys User registers'
[    0.000000] x86/fpu: xstate_offset[2]:  576, xstate_sizes[2]:  256
[    0.000000] x86/fpu: xstate_offset[9]:  832, xstate_sizes[9]:    8
[    0.000000] x86/fpu: Enabled xstate features 0x207, context size is 840 bytes, using 'compacted' format.
[    0.000000] BIOS-provided physical RAM map:
[    0.000000] BIOS-e820: [mem 0x0000000000000000-0x000000000009fbff] usable
[    0.000000] BIOS-e820: [mem 0x000000000009fc00-0x000000000009ffff] reserved
[    0.000000] BIOS-e820: [mem 0x00000000000f0000-0x00000000000fffff] reserved
[    0.000000] BIOS-e820: [mem 0x0000000000100000-0x000000007ffdffff] usable
[    0.000000] BIOS-e820: [mem 0x000000007ffe0000-0x000000007fffffff] reserved
[    0.000000] BIOS-e820: [mem 0x00000000feffc000-0x00000000feffffff] reserved
[    0.000000] BIOS-e820: [mem 0x00000000fffc0000-0x00000000ffffffff] reserved
[    0.000000] printk: bootconsole [earlyser0] enabled
[    0.000000] NX (Execute Disable) protection: active
[    0.000000] SMBIOS 2.8 present.
[    0.000000] DMI: QEMU Standard PC (i440FX + PIIX, 1996), BIOS rel-1.14.0-0-g155821a1990b-prebuilt.qemu.org 04/01/2014
[    0.000000] Hypervisor detected: KVM
[    0.000000] kvm-clock: Using msrs 4b564d01 and 4b564d00
[    0.000000] kvm-clock: cpu 0, msr 4601001, primary cpu clock
[    0.000000] kvm-clock: using sched offset of 456354016 cycles
[    0.000703] clocksource: kvm-clock: mask: 0xffffffffffffffff max_cycles: 0x1cd42e4dffb, max_idle_ns: 881590591483 ns
[    0.003039] tsc: Detected 1190.400 MHz processor
[    0.012158] last_pfn = 0x7ffe0 max_arch_pfn = 0x400000000
[    0.013070] x86/PAT: Configuration [0-7]: WB  WC  UC- UC  WB  WP  UC- WT  
[    0.022074] found SMP MP-table at [mem 0x000f5a90-0x000f5a9f]
[    0.023862] check: Scanning 1 areas for low memory corruption
[    0.024849] Using GB pages for direct mapping
[    0.026475] ACPI: Early table checksum verification disabled
[    0.027294] ACPI: RSDP 0x00000000000F5870 000014 (v00 BOCHS )
[    0.028102] ACPI: RSDT 0x000000007FFE1959 000034 (v01 BOCHS  BXPC     00000001 BXPC 00000001)
[    0.029261] ACPI: FACP 0x000000007FFE1805 000074 (v01 BOCHS  BXPC     00000001 BXPC 00000001)
[    0.030389] ACPI: DSDT 0x000000007FFE0040 0017C5 (v01 BOCHS  BXPC     00000001 BXPC 00000001)
[    0.031506] ACPI: FACS 0x000000007FFE0000 000040
[    0.032152] ACPI: APIC 0x000000007FFE1879 000080 (v01 BOCHS  BXPC     00000001 BXPC 00000001)
[    0.033260] ACPI: HPET 0x000000007FFE18F9 000038 (v01 BOCHS  BXPC     00000001 BXPC 00000001)
[    0.034411] ACPI: WAET 0x000000007FFE1931 000028 (v01 BOCHS  BXPC     00000001 BXPC 00000001)
[    0.036548] No NUMA configuration found
[    0.037038] Faking a node at [mem 0x0000000000000000-0x000000007ffdffff]
[    0.037974] NODE_DATA(0) allocated [mem 0x7ffb5000-0x7ffdffff]
[    0.042225] Zone ranges:
[    0.042620]   DMA      [mem 0x0000000000001000-0x0000000000ffffff]
[    0.043416]   DMA32    [mem 0x0000000001000000-0x000000007ffdffff]
[    0.044220]   Normal   empty
[    0.044580]   Device   empty
[    0.044955] Movable zone start for each node
[    0.045491] Early memory node ranges
[    0.045943]   node   0: [mem 0x0000000000001000-0x000000000009efff]
[    0.046733]   node   0: [mem 0x0000000000100000-0x000000007ffdffff]
[    0.048722] Zeroed struct page in unavailable ranges: 130 pages
[    0.048729] Initmem setup node 0 [mem 0x0000000000001000-0x000000007ffdffff]
[    0.084003] ACPI: PM-Timer IO Port: 0x608
[    0.084626] ACPI: LAPIC_NMI (acpi_id[0xff] dfl dfl lint[0x1])
[    0.085446] IOAPIC[0]: apic_id 0, version 17, address 0xfec00000, GSI 0-23
[    0.086335] ACPI: INT_SRC_OVR (bus 0 bus_irq 0 global_irq 2 dfl dfl)
[    0.087140] ACPI: INT_SRC_OVR (bus 0 bus_irq 5 global_irq 5 high level)
[    0.087981] ACPI: INT_SRC_OVR (bus 0 bus_irq 9 global_irq 9 high level)
[    0.088834] ACPI: INT_SRC_OVR (bus 0 bus_irq 10 global_irq 10 high level)
[    0.089707] ACPI: INT_SRC_OVR (bus 0 bus_irq 11 global_irq 11 high level)
[    0.090596] Using ACPI (MADT) for SMP configuration information
[    0.091346] ACPI: HPET id: 0x8086a201 base: 0xfed00000
[    0.092056] TSC deadline timer available
[    0.092625] smpboot: Allowing 2 CPUs, 0 hotplug CPUs
[    0.093306] kvm-guest: KVM setup pv remote TLB flush
[    0.093967] kvm-guest: setup PV sched yield
[    0.094558] PM: hibernation: Registered nosave memory: [mem 0x00000000-0x00000fff]
[    0.095532] PM: hibernation: Registered nosave memory: [mem 0x0009f000-0x0009ffff]
[    0.096532] PM: hibernation: Registered nosave memory: [mem 0x000a0000-0x000effff]
[    0.097494] PM: hibernation: Registered nosave memory: [mem 0x000f0000-0x000fffff]
[    0.098458] [mem 0x80000000-0xfeffbfff] available for PCI devices
[    0.099234] Booting paravirtualized kernel on KVM
[    0.099873] clocksource: refined-jiffies: mask: 0xffffffff max_cycles: 0xffffffff, max_idle_ns: 7645519600211568 ns
[    0.101237] setup_percpu: NR_CPUS:8192 nr_cpumask_bits:2 nr_cpu_ids:2 nr_node_ids:1
[    0.105208] percpu: Embedded 56 pages/cpu s192512 r8192 d28672 u1048576
[    0.106327] kvm-guest: KVM setup async PF for cpu 0
[    0.106983] kvm-guest: stealtime: cpu 0, msr 7dc2e080
[    0.107819] kvm-guest: PV spinlocks enabled
[    0.108377] PV qspinlock hash table entries: 256 (order: 0, 4096 bytes, linear)
[    0.109431] Built 1 zonelists, mobility grouping on.  Total pages: 515945
[    0.110319] Policy zone: DMA32
[    0.110725] Kernel command line: net.ifnames=0 console=ttyS0 root=/dev/sda earlyprintk=serial net.ifnames=0
[    0.115029] Dentry cache hash table entries: 262144 (order: 9, 2097152 bytes, linear)
[    0.116208] Inode-cache hash table entries: 131072 (order: 8, 1048576 bytes, linear)
[    0.117585] mem auto-init: stack:off, heap alloc:off, heap free:off
[    0.122581] Memory: 2002388K/2096632K available (28688K kernel code, 4244K rwdata, 7188K rodata, 3048K init, 10960K bss, 93988K reserved, 0K cma-reserved)
[    0.124447] random: get_random_u64 called from __kmem_cache_create+0x33/0x440 with crng_init=0
[    0.124903] SLUB: HWalign=64, Order=0-3, MinObjects=0, CPUs=2, Nodes=1
[    0.126864] kmemleak: Kernel memory leak detector disabled
[    0.127619] ftrace: allocating 61964 entries in 243 pages
[    0.224093] ftrace: allocated 243 pages with 6 groups
[    0.224997] rcu: Hierarchical RCU implementation.
[    0.225607] rcu: 	RCU restricting CPUs from NR_CPUS=8192 to nr_cpu_ids=2.
[    0.226490] 	Trampoline variant of Tasks RCU enabled.
[    0.227126] 	Rude variant of Tasks RCU enabled.
[    0.227712] 	Tracing variant of Tasks RCU enabled.
[    0.228317] rcu: RCU calculated value of scheduler-enlistment delay is 25 jiffies.
[    0.229267] rcu: Adjusting geometry for rcu_fanout_leaf=16, nr_cpu_ids=2
[    0.246069] NR_IRQS: 524544, nr_irqs: 440, preallocated irqs: 16
[    0.257107] Console: colour VGA+ 80x25
[    0.257742] printk: console [ttyS0] enabled
[    0.257742] printk: console [ttyS0] enabled
[    0.258801] printk: bootconsole [earlyser0] disabled
[    0.258801] printk: bootconsole [earlyser0] disabled
[    0.260128] ACPI: Core revision 20201113
[    0.260931] clocksource: hpet: mask: 0xffffffff max_cycles: 0xffffffff, max_idle_ns: 19112604467 ns
[    0.262298] APIC: Switch to symmetric I/O mode setup
[    0.263363] x2apic enabled
[    0.263988] Switched APIC routing to physical x2apic.
[    0.264643] kvm-guest: setup PV IPIs
[    0.266121] ..TIMER: vector=0x30 apic1=0 pin1=2 apic2=-1 pin2=-1
[    0.267014] clocksource: tsc-early: mask: 0xffffffffffffffff max_cycles: 0x1128af0325d, max_idle_ns: 440795261011 ns
[    0.268508] Calibrating delay loop (skipped) preset value.. 2380.80 BogoMIPS (lpj=4761600)
[    0.269575] pid_max: default: 32768 minimum: 301
[    0.270236] LSM: Security Framework initializing
[    0.272531] Yama: becoming mindful.
[    0.273227] Mount-cache hash table entries: 4096 (order: 3, 32768 bytes, linear)
[    0.274209] Mountpoint-cache hash table entries: 4096 (order: 3, 32768 bytes, linear)
[    0.278782] x86/cpu: User Mode Instruction Prevention (UMIP) activated
[    0.280074] mce: CPU0: Thermal monitoring enabled (TM1)
[    0.280585] Last level iTLB entries: 4KB 0, 2MB 0, 4MB 0
[    0.281277] Last level dTLB entries: 4KB 0, 2MB 0, 4MB 0, 1GB 0
[    0.282107] Spectre V1 : Mitigation: usercopy/swapgs barriers and __user pointer sanitization
[    0.283207] Spectre V2 : Mitigation: Enhanced IBRS
[    0.283898] Spectre V2 : Spectre v2 / SpectreRSB mitigation: Filling RSB on context switch
[    0.284509] Spectre V2 : mitigation: Enabling conditional Indirect Branch Prediction Barrier
[    0.285609] Speculative Store Bypass: Mitigation: Speculative Store Bypass disabled via prctl and seccomp
[    0.288730] Freeing SMP alternatives memory: 52K
[    0.294894] smpboot: CPU0: Genuine Intel(R) 0000 (family: 0x6, model: 0xaa, stepping: 0x1)
[    0.296248] Performance Events: generic architected perfmon, full-width counters, Intel PMU driver.
[    0.296503] ... version:                2
[    0.296503] ... bit width:              48
[    0.296503] ... generic registers:      8
[    0.296507] ... value mask:             0000ffffffffffff
[    0.297181] ... max period:             00007fffffffffff
[    0.297858] ... fixed-purpose events:   3
[    0.298369] ... event mask:             00000007000000ff
[    0.299343] rcu: Hierarchical SRCU implementation.
[    0.302640] smp: Bringing up secondary CPUs ...
[    0.303433] x86: Booting SMP configuration:
[    0.304082] .... node  #0, CPUs:      #1
[    0.021413] kvm-clock: cpu 1, msr 4601041, secondary cpu clock
[    0.021413] smpboot: CPU 1 Converting physical 0 to logical die 1
[    0.312580] kvm-guest: KVM setup async PF for cpu 1
[    0.313715] kvm-guest: stealtime: cpu 1, msr 7dd2e080
[    0.314947] smp: Brought up 1 node, 2 CPUs
[    0.314947] smpboot: Max logical packages: 2
[    0.316512] smpboot: Total of 2 processors activated (4761.60 BogoMIPS)
[    0.325306] devtmpfs: initialized
[    0.325582] x86/mm: Memory block size: 128MB
[    0.329329] clocksource: jiffies: mask: 0xffffffff max_cycles: 0xffffffff, max_idle_ns: 7645041785100000 ns
[    0.331218] futex hash table entries: 512 (order: 3, 32768 bytes, linear)
[    0.332754] pinctrl core: initialized pinctrl subsystem
[    0.334445] 
[    0.334843] *************************************************************
[    0.336410] **     NOTICE NOTICE NOTICE NOTICE NOTICE NOTICE NOTICE    **
[    0.336512] **                                                         **
[    0.338048] **  IOMMU DebugFS SUPPORT HAS BEEN ENABLED IN THIS KERNEL  **
[    0.339556] **                                                         **
[    0.340511] ** This means that this kernel is built to expose internal **
[    0.342125] ** IOMMU data structures, which may compromise security on **
[    0.343726] ** your system.                                            **
[    0.344514] **                                                         **
[    0.346036] ** If you see this message and you are not debugging the   **
[    0.347565] ** kernel, report this immediately to your vendor!         **
[    0.348511] **                                                         **
[    0.350160] **     NOTICE NOTICE NOTICE NOTICE NOTICE NOTICE NOTICE    **
[    0.351713] *************************************************************
[    0.352704] PM: RTC time: 03:45:23, date: 2022-12-29
[    0.355554] NET: Registered protocol family 16
[    0.357060] DMA: preallocated 256 KiB GFP_KERNEL pool for atomic allocations
[    0.358766] DMA: preallocated 256 KiB GFP_KERNEL|GFP_DMA pool for atomic allocations
[    0.360532] DMA: preallocated 256 KiB GFP_KERNEL|GFP_DMA32 pool for atomic allocations
[    0.362363] audit: initializing netlink subsys (disabled)
[    0.363705] audit: type=2000 audit(1672285523.858:1): state=initialized audit_enabled=0 res=1
[    0.365132] thermal_sys: Registered thermal governor 'fair_share'
[    0.365140] thermal_sys: Registered thermal governor 'bang_bang'
[    0.366571] thermal_sys: Registered thermal governor 'step_wise'
[    0.367947] thermal_sys: Registered thermal governor 'user_space'
[    0.368561] cpuidle: using governor ladder
[    0.370883] cpuidle: using governor menu
[    0.372176] ACPI: bus type PCI registered
[    0.372523] acpiphp: ACPI Hot Plug PCI Controller Driver version: 0.5
[    0.374599] PCI: Using configuration type 1 for base access
[    0.384876] HugeTLB registered 1.00 GiB page size, pre-allocated 0 pages
[    0.386295] HugeTLB registered 2.00 MiB page size, pre-allocated 0 pages
[    0.397012] ACPI: Added _OSI(Module Device)
[    0.398052] ACPI: Added _OSI(Processor Device)
[    0.399124] ACPI: Added _OSI(3.0 _SCP Extensions)
[    0.400521] ACPI: Added _OSI(Processor Aggregator Device)
[    0.401240] ACPI: Added _OSI(Linux-Dell-Video)
[    0.401820] ACPI: Added _OSI(Linux-Lenovo-NV-HDMI-Audio)
[    0.402566] ACPI: Added _OSI(Linux-HPI-Hybrid-Graphics)
[    0.407700] ACPI: 1 ACPI AML tables successfully acquired and loaded
[    0.411125] ACPI: Interpreter enabled
[    0.411707] ACPI: (supports S0 S3 S4 S5)
[    0.412249] ACPI: Using IOAPIC for interrupt routing
[    0.412550] PCI: Using host bridge windows from ACPI; if necessary, use "pci=nocrs" and report a bug
[    0.414291] ACPI: Enabled 2 GPEs in block 00 to 0F
[    0.426294] ACPI: PCI Root Bridge [PCI0] (domain 0000 [bus 00-ff])
[    0.427239] acpi PNP0A03:00: _OSC: OS supports [ASPM ClockPM Segments MSI EDR HPX-Type3]
[    0.428366] acpi PNP0A03:00: fail to add MMCONFIG information, can't access extended PCI configuration space under this bridge.
[    0.429938] acpiphp: Slot [3] registered
[    0.430546] acpiphp: Slot [4] registered
[    0.431116] acpiphp: Slot [5] registered
[    0.431690] acpiphp: Slot [6] registered
[    0.432257] acpiphp: Slot [7] registered
[    0.432559] acpiphp: Slot [8] registered
[    0.433127] acpiphp: Slot [9] registered
[    0.433705] acpiphp: Slot [10] registered
[    0.434456] acpiphp: Slot [11] registered
[    0.435062] acpiphp: Slot [12] registered
[    0.435652] acpiphp: Slot [13] registered
[    0.436235] acpiphp: Slot [14] registered
[    0.436559] acpiphp: Slot [15] registered
[    0.437127] acpiphp: Slot [16] registered
[    0.437808] acpiphp: Slot [17] registered
[    0.438507] acpiphp: Slot [18] registered
[    0.439113] acpiphp: Slot [19] registered
[    0.439685] acpiphp: Slot [20] registered
[    0.440283] acpiphp: Slot [21] registered
[    0.440566] acpiphp: Slot [22] registered
[    0.441151] acpiphp: Slot [23] registered
[    0.441711] acpiphp: Slot [24] registered
[    0.442449] acpiphp: Slot [25] registered
[    0.443049] acpiphp: Slot [26] registered
[    0.443623] acpiphp: Slot [27] registered
[    0.444201] acpiphp: Slot [28] registered
[    0.444559] acpiphp: Slot [29] registered
[    0.445221] acpiphp: Slot [30] registered
[    0.445829] acpiphp: Slot [31] registered
[    0.446381] PCI host bridge to bus 0000:00
[    0.446926] pci_bus 0000:00: root bus resource [io  0x0000-0x0cf7 window]
[    0.447878] pci_bus 0000:00: root bus resource [io  0x0d00-0xffff window]
[    0.448508] pci_bus 0000:00: root bus resource [mem 0x000a0000-0x000bffff window]
[    0.449553] pci_bus 0000:00: root bus resource [mem 0x80000000-0xfebfffff window]
[    0.450549] pci_bus 0000:00: root bus resource [mem 0x100000000-0x17fffffff window]
[    0.451559] pci_bus 0000:00: root bus resource [bus 00-ff]
[    0.452324] pci 0000:00:00.0: [8086:1237] type 00 class 0x060000
[    0.454300] pci 0000:00:01.0: [8086:7000] type 00 class 0x060100
[    0.455980] pci 0000:00:01.1: [8086:7010] type 00 class 0x010180
[    0.457967] pci 0000:00:01.1: reg 0x20: [io  0xc040-0xc04f]
[    0.459687] pci 0000:00:01.1: legacy IDE quirk: reg 0x10: [io  0x01f0-0x01f7]
[    0.460510] pci 0000:00:01.1: legacy IDE quirk: reg 0x14: [io  0x03f6]
[    0.461354] pci 0000:00:01.1: legacy IDE quirk: reg 0x18: [io  0x0170-0x0177]
[    0.462290] pci 0000:00:01.1: legacy IDE quirk: reg 0x1c: [io  0x0376]
[    0.463793] pci 0000:00:01.3: [8086:7113] type 00 class 0x068000
[    0.464930] pci 0000:00:01.3: quirk: [io  0x0600-0x063f] claimed by PIIX4 ACPI
[    0.466171] pci 0000:00:01.3: quirk: [io  0x0700-0x070f] claimed by PIIX4 SMB
[    0.468379] pci 0000:00:02.0: [1234:1111] type 00 class 0x030000
[    0.471738] pci 0000:00:02.0: reg 0x10: [mem 0xfd000000-0xfdffffff pref]
[    0.474114] pci 0000:00:02.0: reg 0x18: [mem 0xfebf0000-0xfebf0fff]
[    0.478481] pci 0000:00:02.0: reg 0x30: [mem 0xfebe0000-0xfebeffff pref]
[    0.481719] pci 0000:00:03.0: [8086:100e] type 00 class 0x020000
[    0.483402] pci 0000:00:03.0: reg 0x10: [mem 0xfebc0000-0xfebdffff]
[    0.484884] pci 0000:00:03.0: reg 0x14: [io  0xc000-0xc03f]
[    0.488164] pci 0000:00:03.0: reg 0x30: [mem 0xfeb80000-0xfebbffff pref]
[    0.501170] ACPI: PCI Interrupt Link [LNKA] (IRQs 5 *10 11)
[    0.502348] ACPI: PCI Interrupt Link [LNKB] (IRQs 5 *10 11)
[    0.503479] ACPI: PCI Interrupt Link [LNKC] (IRQs 5 10 *11)
[    0.504531] ACPI: PCI Interrupt Link [LNKD] (IRQs 5 10 *11)
[    0.505494] ACPI: PCI Interrupt Link [LNKS] (IRQs *9)
[    0.507435] iommu: Default domain type: Translated 
[    0.508558] pci 0000:00:02.0: vgaarb: setting as boot VGA device
[    0.509371] pci 0000:00:02.0: vgaarb: VGA device added: decodes=io+mem,owns=io+mem,locks=none
[    0.510593] pci 0000:00:02.0: vgaarb: bridge control possible
[    0.511417] vgaarb: loaded
[    0.512519] SCSI subsystem initialized
[    0.513083] ACPI: bus type USB registered
[    0.513228] usbcore: registered new interface driver usbfs
[    0.513964] usbcore: registered new interface driver hub
[    0.514739] usbcore: registered new device driver usb
[    0.515480] pps_core: LinuxPPS API ver. 1 registered
[    0.516511] pps_core: Software ver. 5.3.6 - Copyright 2005-2007 Rodolfo Giometti <giometti@linux.it>
[    0.517670] PTP clock support registered
[    0.518261] EDAC MC: Ver: 3.0.0
[    0.518261] NetLabel: Initializing
[    0.520509] NetLabel:  domain hash size = 128
[    0.521080] NetLabel:  protocols = UNLABELED CIPSOv4 CALIPSO
[    0.521857] NetLabel:  unlabeled traffic allowed by default
[    0.522623] PCI: Using ACPI for IRQ routing
[    0.522623] hpet0: at MMIO 0xfed00000, IRQs 2, 8, 0
[    0.524512] hpet0: 3 comparators, 64-bit 100.000000 MHz counter
[    0.528633] clocksource: Switched to clocksource kvm-clock
[    1.140133] VFS: Disk quotas dquot_6.6.0
[    1.141185] VFS: Dquot-cache hash table entries: 512 (order 0, 4096 bytes)
[    1.143142] pnp: PnP ACPI init
[    1.145916] pnp: PnP ACPI: found 6 devices
[    1.156243] clocksource: acpi_pm: mask: 0xffffff max_cycles: 0xffffff, max_idle_ns: 2085701024 ns
[    1.158688] NET: Registered protocol family 2
[    3.504962] tcp_listen_portaddr_hash hash table entries: 1024 (order: 2, 16384 bytes, linear)
[    3.506410] TCP established hash table entries: 16384 (order: 5, 131072 bytes, linear)
[    3.508057] TCP bind hash table entries: 16384 (order: 6, 262144 bytes, linear)
[    3.509907] TCP: Hash tables configured (established 16384 bind 16384)
[    3.511480] UDP hash table entries: 1024 (order: 3, 32768 bytes, linear)
[    3.513057] UDP-Lite hash table entries: 1024 (order: 3, 32768 bytes, linear)
[    3.514906] NET: Registered protocol family 1
[    3.516731] RPC: Registered named UNIX socket transport module.
[    3.518141] RPC: Registered udp transport module.
[    3.519207] RPC: Registered tcp transport module.
[    3.520324] RPC: Registered tcp NFSv4.1 backchannel transport module.
[    3.521856] pci_bus 0000:00: resource 4 [io  0x0000-0x0cf7 window]
[    3.523341] pci_bus 0000:00: resource 5 [io  0x0d00-0xffff window]
[    3.524772] pci_bus 0000:00: resource 6 [mem 0x000a0000-0x000bffff window]
[    3.526396] pci_bus 0000:00: resource 7 [mem 0x80000000-0xfebfffff window]
[    3.527968] pci_bus 0000:00: resource 8 [mem 0x100000000-0x17fffffff window]
[    3.529883] pci 0000:00:01.0: PIIX3: Enabling Passive Release
[    3.531295] pci 0000:00:00.0: Limiting direct PCI/PCI transfers
[    3.532703] pci 0000:00:01.0: Activating ISA DMA hang workarounds
[    3.534251] pci 0000:00:02.0: Video device with shadowed ROM at [mem 0x000c0000-0x000dffff]
[    3.536194] PCI: CLS 0 bytes, default 64
[    3.537638] clocksource: tsc: mask: 0xffffffffffffffff max_cycles: 0x1128af0325d, max_idle_ns: 440795261011 ns
[    3.540852] check: Scanning for low memory corruption every 60 seconds
[    3.880928] Initialise system trusted keyrings
[    3.882004] Key type blacklist registered
[    3.883197] workingset: timestamp_bits=36 max_order=19 bucket_order=0
[    3.891649] zbud: loaded
[    3.893556] squashfs: version 4.0 (2009/01/31) Phillip Lougher
[    3.896224] NFS: Registering the id_resolver key type
[    3.897437] Key type id_resolver registered
[    3.898413] Key type id_legacy registered
[    3.899441] nfs4filelayout_init: NFSv4 File Layout Driver Registering...
[    3.901221] fuse: init (API version 7.33)
[    3.902478] SGI XFS with ACLs, security attributes, realtime, quota, no debug enabled
[    3.905532] 9p: Installing v9fs 9p2000 file system support
[    3.915949] Key type asymmetric registered
[    3.916953] Asymmetric key parser 'x509' registered
[    3.918164] Block layer SCSI generic (bsg) driver version 0.4 loaded (major 244)
[    3.920039] io scheduler mq-deadline registered
[    3.921355] io scheduler bfq registered
[    3.922740] shpchp: Standard Hot Plug PCI Controller Driver version: 0.4
[    3.924646] IPMI message handler: version 39.2
[    3.925700] ipmi device interface
[    3.927757] input: Power Button as /devices/LNXSYSTM:00/LNXPWRBN:00/input/input0
[    3.929607] ACPI: Power Button [PWRF]
[    3.931520] ERST DBG: ERST support is disabled.
[    3.933023] Serial: 8250/16550 driver, 32 ports, IRQ sharing enabled
[    3.935271] 00:04: ttyS0 at I/O 0x3f8 (irq = 4, base_baud = 115200) is a 16550A
[    3.943753] Linux agpgart interface v0.103
[    3.955266] brd: module loaded
[    3.965774] loop: module loaded
[    3.970556] scsi host0: ata_piix
[    3.971935] scsi host1: ata_piix
[    3.972869] ata1: PATA max MWDMA2 cmd 0x1f0 ctl 0x3f6 bmdma 0xc040 irq 14
[    3.974409] ata2: PATA max MWDMA2 cmd 0x170 ctl 0x376 bmdma 0xc048 irq 15
[    3.976687] libphy: Fixed MDIO Bus: probed
[    3.977871] tun: Universal TUN/TAP device driver, 1.6
[    3.979251] e100: Intel(R) PRO/100 Network Driver
[    3.980325] e100: Copyright(c) 1999-2006 Intel Corporation
[    3.981689] e1000: Intel(R) PRO/1000 Network Driver
[    3.982769] e1000: Copyright (c) 1999-2006 Intel Corporation.
[    4.093329] PCI Interrupt Link [LNKC] enabled at IRQ 11
[    4.133524] ata1.00: ATA-7: QEMU HARDDISK, 2.5+, max UDMA/100
[    4.134540] ata1.00: 16777216 sectors, multi 16: LBA48 
[    4.136720] scsi 0:0:0:0: Direct-Access     ATA      QEMU HARDDISK    2.5+ PQ: 0 ANSI: 5
[    4.139432] ata2.00: ATAPI: QEMU DVD-ROM, 2.5+, max UDMA/100
[    4.146779] scsi 0:0:0:0: Attached scsi generic sg0 type 0
[    4.148684] sd 0:0:0:0: [sda] 16777216 512-byte logical blocks: (8.59 GB/8.00 GiB)
[    4.150663] sd 0:0:0:0: [sda] Write Protect is off
[    4.151972] sd 0:0:0:0: [sda] Write cache: enabled, read cache: enabled, doesn't support DPO or FUA
[    4.153611] scsi 1:0:0:0: CD-ROM            QEMU     QEMU DVD-ROM     2.5+ PQ: 0 ANSI: 5
[    4.158629] scsi 1:0:0:0: Attached scsi generic sg1 type 5
[    4.159967] sd 0:0:0:0: [sda] Attached SCSI disk
[    4.489017] e1000 0000:00:03.0 eth0: (PCI:33MHz:32-bit) 52:54:00:12:34:56
[    4.490633] e1000 0000:00:03.0 eth0: Intel(R) PRO/1000 Network Connection
[    4.492480] e1000e: Intel(R) PRO/1000 Network Driver
[    4.493664] e1000e: Copyright(c) 1999 - 2015 Intel Corporation.
[    4.495111] igb: Intel(R) Gigabit Ethernet Network Driver
[    4.496366] igb: Copyright (c) 2007-2014 Intel Corporation.
[    4.497865] PPP generic driver version 2.4.2
[    4.499443] VFIO - User Level meta-driver version: 0.3
[    4.500884] ehci_hcd: USB 2.0 'Enhanced' Host Controller (EHCI) Driver
[    4.502376] ehci-pci: EHCI PCI platform driver
[    4.503454] ehci-platform: EHCI generic platform driver
[    4.505051] ohci_hcd: USB 1.1 'Open' Host Controller (OHCI) Driver
[    4.506775] ohci-pci: OHCI PCI platform driver
[    4.507886] ohci-platform: OHCI generic platform driver
[    4.509101] uhci_hcd: USB Universal Host Controller Interface driver
[    4.510957] usbcore: registered new interface driver uas
[    4.512248] usbcore: registered new interface driver usb-storage
[    4.513796] i8042: PNP: PS/2 Controller [PNP0303:KBD,PNP0f13:MOU] at 0x60,0x64 irq 1,12
[    4.517043] serio: i8042 KBD port at 0x60,0x64 irq 1
[    4.518220] serio: i8042 AUX port at 0x60,0x64 irq 12
[    4.520060] mousedev: PS/2 mouse device common for all mice
[    4.522203] input: AT Translated Set 2 keyboard as /devices/platform/i8042/serio0/input/input1
[    4.525314] rtc_cmos 00:05: RTC can wake from S4
[    4.526812] input: VirtualPS/2 VMware VMMouse as /devices/platform/i8042/serio1/input/input4
[    4.530065] rtc_cmos 00:05: registered as rtc0
[    4.531225] rtc_cmos 00:05: setting system clock to 2022-12-29T03:45:28 UTC (1672285528)
[    4.533263] rtc_cmos 00:05: alarms up to one day, y3k, 242 bytes nvram, hpet irqs
[    4.535095] i2c /dev entries driver
[    4.536094] device-mapper: uevent: version 1.0.3
[    4.537602] device-mapper: ioctl: 4.43.0-ioctl (2020-10-01) initialised: dm-devel@redhat.com
[    4.539602] intel_pstate: CPU model not supported
[    4.540887] input: VirtualPS/2 VMware VMMouse as /devices/platform/i8042/serio1/input/input3
[    4.543087] sdhci: Secure Digital Host Controller Interface driver
[    4.544629] sdhci: Copyright(c) Pierre Ossman
[    4.546096] sdhci-pltfm: SDHCI platform and OF driver helper
[    4.547490] ledtrig-cpu: registered to indicate activity on CPUs
[    4.549518] drop_monitor: Initializing network drop monitor service
[    4.552240] NET: Registered protocol family 10
[    4.556305] Segment Routing with IPv6
[    4.557704] NET: Registered protocol family 17
[    4.559495] 9pnet: Installing 9P2000 support
[    4.560844] Key type dns_resolver registered
[    4.562671] IPI shorthand broadcast: enabled
[    4.563497] sched_clock: Marking stable (4544968835, 17413939)->(4754630187, -192247413)
[    4.565984] registered taskstats version 1
[    4.567168] Loading compiled-in X.509 certificates
[    4.568608] zswap: loaded using pool lzo/zbud
[    4.570455] Key type ._fscrypt registered
[    4.571819] Key type .fscrypt registered
[    4.573180] Key type fscrypt-provisioning registered
[    4.575498] Key type encrypted registered
[    4.576833] ima: No TPM chip found, activating TPM-bypass!
[    4.578577] ima: Allocated hash algorithm: sha1
[    4.580150] ima: No architecture policies found
[    4.581665] evm: Initialising EVM extended attributes:
[    4.583261] evm: security.selinux
[    4.584327] evm: security.SMACK64
[    4.585436] evm: security.SMACK64EXEC
[    4.586547] evm: security.SMACK64TRANSMUTE
[    4.587838] evm: security.SMACK64MMAP
[    4.589050] evm: security.apparmor
[    4.590112] evm: security.ima
[    4.591146] evm: security.capability
[    4.592359] evm: HMAC attrs: 0x1
[    4.595969] PM:   Magic number: 2:768:766
[    4.597987] RAS: Correctable Errors collector initialized.
[    4.600557] md: Waiting for all devices to be available before autodetect
[    4.602705] md: If you don't use raid, use raid=noautodetect
[    4.604497] md: Autodetecting RAID arrays.
[    4.605817] md: autorun ...
[    4.606692] md: ... autorun DONE.
[    4.613537] EXT4-fs (sda): mounted filesystem with ordered data mode. Opts: (null). Quota mode: none.
[    4.616476] VFS: Mounted root (ext4 filesystem) readonly on device 8:0.
[    4.622611] devtmpfs: mounted
[    4.633360] Freeing unused decrypted memory: 2036K
[    4.636451] Freeing unused kernel image (initmem) memory: 3048K
[    4.637434] Write protecting the kernel read-only data: 38912k
[    4.641037] Freeing unused kernel image (text/rodata gap) memory: 2028K
[    4.643264] Freeing unused kernel image (rodata/data gap) memory: 1004K
[    4.747791] x86/mm: Checked W+X mappings: passed, no W+X pages found.
[    4.748744] Run /sbin/init as init process
[    4.834092] random: fast init done
[    4.850114] systemd[1]: RTC configured in localtime, applying delta of 0 minutes to system time.
[    4.878251] systemd[1]: systemd 239 (239-49.el8) running in system mode. (+PAM +AUDIT +SELINUX +IMA -APPARMOR +SMACK +SYSVINIT +UTMP +LIBCRYPTSETUP +GCRYPT +GNUTLS +ACL +XZ +LZ4 +SECCOMP +BLKID +ELFUTILS +KMOD +IDN2 -IDN +PCRE2 default-hierarchy=legacy)
[    4.881455] systemd[1]: Detected virtualization kvm.
[    4.882190] systemd[1]: Detected architecture x86-64.

Welcome to [0;31mCentOS Stream 8[0m!

[    4.904736] systemd[1]: Set hostname to <test>.
[    5.035383] random: lvmconfig: uninitialized urandom read (4 bytes read)
[    5.167417] random: systemd: uninitialized urandom read (16 bytes read)
[    5.168566] systemd[1]: Listening on Journal Socket (/dev/log).
[[0;32m  OK  [0m] Listening on Journal Socket (/dev/log).
[    5.170180] random: systemd: uninitialized urandom read (16 bytes read)
[    5.172865] systemd[1]: Created slice system-sshd\x2dkeygen.slice.
[[0;32m  OK  [0m] Created slice system-sshd\x2dkeygen.slice.
[    5.174605] systemd[1]: Listening on LVM2 poll daemon socket.
[[0;32m  OK  [0m] Listening on LVM2 poll daemon socket.
[    5.176144] systemd[1]: Listening on Journal Socket.
[[0;32m  OK  [0m] Listening on Journal Socket.
[    5.177926] systemd[1]: Created slice system-serial\x2dgetty.slice.
[[0;32m  OK  [0m] Created slice system-serial\x2dgetty.slice.
[    5.183302] systemd[1]: Listening on Process Core Dump Socket.
[[0;32m  OK  [0m] Listening on Process Core Dump Socket.
[[0;32m  OK  [0m] Listening on multipathd control socket.
[[0;32m  OK  [0m] Set up automount Arbitrary Executabâ€¦rmats File System Automount Point.
[[0;32m  OK  [0m] Listening on udev Kernel Socket.
         Mounting POSIX Message Queue File System...
         Starting Journal Service...
         Mounting Kernel Debug File System...
[[0;32m  OK  [0m] Listening on udev Control Socket.
[[0;32m  OK  [0m] Listening on RPCbind Server Activation Socket.
[[0;32m  OK  [0m] Listening on Device-mapper event daemon FIFOs.
         Starting Monitoring of LVM2 mirrorsâ€¦ng dmeventd or progress polling...
         Starting Setup Virtual Console...
[[0;32m  OK  [0m] Created slice User and Session Slice.
[[0;32m  OK  [0m] Reached target Slices.
         Mounting Huge Pages File System...
[[0;32m  OK  [0m] Created slice system-getty.slice.
[[0;32m  OK  [0m] Reached target Swap.
[[0;32m  OK  [0m] Started Forward Password Requests to Wall Directory Watch.
         Starting Load Kernel Modules...
[[0;32m  OK  [0m] Reached target RPC Port Mapper.
[[0;32m  OK  [0m] Listening on initctl Compatibility Named Pipe.
         Starting udev Coldplug all Devices...
         Starting Remount Root and Kernel File Systems...
[[0;32m  OK  [0m] Mounted POSIX Message Queue File System.
[[0;32m  OK  [0m] Mounted Kernel Debug File System.
[[0;32m  OK  [0m] Mounted Huge Pages File System.
[[0;1;31mFAILED[0m] Failed to start Load Kernel Modules.
[    5.486256] EXT4-fs (sda): re-mounted. Opts: (null). Quota mode: none.
See 'systemctl status systemd-modules-load.service' for details.
[[0;32m  OK  [0m] Started Journal Service.
[[0;32m  OK  [0m] Started Remount Root and Kernel File Systems.
         Starting Load/Save Random Seed...
         Starting Create Static Device Nodes in /dev...
         Starting Flush Journal to Persistent Storage...
         Mounting Kernel Configuration File System...
         Starting Apply Kernel Variables...
         Mounting FUSE Control File System...
[[0;32m  OK  [0m] Started Load/Save Random Seed.
[[0;32m  OK  [0m] Started Create Static Device Nodes in /dev.
[[0;32m  OK  [0m] Mounted Kernel Configuration File System.
[[0;32m  OK  [0m] Started Apply Kernel Variables.
[[0;32m  OK  [0m] Mounted FUSE Control File System.
         Starting udev Kernel Device Manager...
[[0;32m  OK  [0m] Started Flush Journal to Persistent Storage.
[[0;32m  OK  [0m] Started udev Coldplug all Devices.
         Starting udev Wait for Complete Device Initialization...
[[0;32m  OK  [0m] Started Setup Virtual Console.
[[0;32m  OK  [0m] Started udev Kernel Device Manager.
         Starting Show Plymouth Boot Screen...
[[0;32m  OK  [0m] Started Show Plymouth Boot Screen.
[[0;32m  OK  [0m] Started Forward Password Requests to Plymouth Directory Watch.
[[0;32m  OK  [0m] Reached target Paths.
[[0;32m  OK  [0m] Reached target Local Encrypted Volumes.
[[0;32m  OK  [0m] Found device /dev/ttyS0.
[[0;32m  OK  [0m] Listening on Load/Save RF Kill Switch Status /dev/rfkill Watch.
[[0;32m  OK  [0m] Started Monitoring of LVM2 mirrors,â€¦sing dmeventd or progress polling.
[[0;32m  OK  [0m] Started udev Wait for Complete Device Initialization.
[[0;32m  OK  [0m] Reached target Local File Systems (Pre).
[[0;32m  OK  [0m] Reached target Local File Systems.
         Starting Tell Plymouth To Write Out Runtime Data...
         Starting Create Volatile Files and Directories...
         Starting Restore /run/initramfs on shutdown...
[[0;32m  OK  [0m] Started Tell Plymouth To Write Out Runtime Data.
[[0;32m  OK  [0m] Started Create Volatile Files and Directories.
[[0;32m  OK  [0m] Started Restore /run/initramfs on shutdown.
         Mounting RPC Pipe File System...
         Starting Security Auditing Service...
         Starting RPC Bind...
[[0;32m  OK  [0m] Mounted RPC Pipe File System.
[[0;32m  OK  [0m] Reached target rpc_pipefs.target.
[[0;32m  OK  [0m] Started RPC Bind.
[[0;32m  OK  [0m] Started Security Auditing Service.
         Starting Update UTMP about System Boot/Shutdown...
[[0;32m  OK  [0m] Started Update UTMP about System Boot/Shutdown.
[[0;32m  OK  [0m] Reached target System Initialization.
[[0;32m  OK  [0m] Started daily update of the root trust anchor for DNSSEC.
[[0;32m  OK  [0m] Started dnf makecache --timer.
[[0;32m  OK  [0m] Started Daily Cleanup of Temporary Directories.
[[0;32m  OK  [0m] Reached target Timers.
[[0;32m  OK  [0m] Listening on SSSD Kerberos Cache Manager responder socket.
[[0;32m  OK  [0m] Listening on D-Bus System Message Bus Socket.
[[0;32m  OK  [0m] Reached target Sockets.
[[0;32m  OK  [0m] Reached target Basic System.
[[0;32m  OK  [0m] Started Machine Check Exception Logging Daemon.
         Starting NTP client/server...
[[0;32m  OK  [0m] Reached target sshd-keygen.target.
         Starting Auto-connect to subsystemsâ€¦-NVME devices found during boot...
[[0;32m  OK  [0m] Started irqbalance daemon.
         Starting Authorization Manager...
         Starting Login Service...
[[0;32m  OK  [0m] Started D-Bus System Message Bus.
         Starting Network Manager...
         Starting Self Monitoring and Reporting Technology (SMART) Daemon...
[[0;32m  OK  [0m] Started Auto-connect to subsystems â€¦FC-NVME devices found during boot.
         Starting update of the root trust aâ€¦or DNSSEC validation in unbound...
[[0;32m  OK  [0m] Started Login Service.
[[0;32m  OK  [0m] Started Self Monitoring and Reporting Technology (SMART) Daemon.
[[0;32m  OK  [0m] Started NTP client/server.
[[0;32m  OK  [0m] Started Network Manager.
[[0;32m  OK  [0m] Reached target Network.
         Starting GSSAPI Proxy Daemon...
         Starting OpenSSH server daemon...
         Starting Dynamic System Tuning Daemon...
         Starting Network Manager Wait Online...
         Starting Hostname Service...
[[0;32m  OK  [0m] Started Authorization Manager.
[[0;32m  OK  [0m] Started Hostname Service.
         Starting Network Manager Script Dispatcher Service...
[[0;32m  OK  [0m] Started Network Manager Script Dispatcher Service.
[    7.072577] e1000: eth0 NIC Link is Up 1000 Mbps Full Duplex, Flow Control: RX
[    7.074459] IPv6: ADDRCONF(NETDEV_CHANGE): eth0: link becomes ready
[[0;32m  OK  [0m] Started Dynamic System Tuning Daemon.
[    7.876545] random: crng init done
[    7.877482] random: 7 urandom warning(s) missed due to ratelimiting
[[0;32m  OK  [0m] Started update of the root trust anâ€¦ for DNSSEC validation in unbound.
[[0;32m  OK  [0m] Started GSSAPI Proxy Daemon.
[[0;32m  OK  [0m] Reached target NFS client services.
[[0;32m  OK  [0m] Reached target Remote File Systems (Pre).
[[0;32m  OK  [0m] Reached target Remote File Systems.
         Starting Permit User Sessions...
[[0;32m  OK  [0m] Started OpenSSH server daemon.
[[0;32m  OK  [0m] Started Permit User Sessions.
[[0;32m  OK  [0m] Started Command Scheduler.
         Starting Hold until boot process finishes up...
         Starting Terminate Plymouth Boot Screen...

CentOS Stream 8
Kernel 5.11.0-f40ddce88593 on an x86_64

test login: [   28.340862] perf: interrupt took too long (2508 > 2500), lowering kernel.perf_event_max_sample_rate to 79500
[   28.343078] perf: interrupt took too long (3143 > 3135), lowering kernel.perf_event_max_sample_rate to 63500
[   28.344590] perf: interrupt took too long (3988 > 3928), lowering kernel.perf_event_max_sample_rate to 50000
[   28.347344] perf: interrupt took too long (5127 > 4985), lowering kernel.perf_event_max_sample_rate to 39000
[   28.350266] perf: interrupt took too long (6442 > 6408), lowering kernel.perf_event_max_sample_rate to 31000
[   28.353489] perf: interrupt took too long (8149 > 8052), lowering kernel.perf_event_max_sample_rate to 24500
[   28.357590] perf: interrupt took too long (10204 > 10186), lowering kernel.perf_event_max_sample_rate to 19500
[   28.361582] perf: interrupt took too long (12765 > 12755), lowering kernel.perf_event_max_sample_rate to 15500
[   28.367615] perf: interrupt took too long (16055 > 15956), lowering kernel.perf_event_max_sample_rate to 12250
[   28.377101] perf: interrupt took too long (20085 > 20068), lowering kernel.perf_event_max_sample_rate to 9750
[   79.892982] perf_duration_warn: 1 callbacks suppressed
[   79.893001] perf: interrupt took too long (36811 > 31501), lowering kernel.perf_event_max_sample_rate to 5250
