c[?7l[2J[0mSeaBIOS (version rel-1.16.0-0-gd239552ce722-prebuilt.qemu.org)


iPXE (http://ipxe.org) 00:03.0 CA00 PCI2.10 PnP PMM+7FF91000+7FEF1000 CA00
Press Ctrl-B to configure iPXE (PCI 00:03.0)...                                                                               


Booting from ROM..c[?7l[2J[0m.[    0.000000] Linux version 6.1.0-rc7-226bf9805506+ (root@p-rplp02) (gcc (GCC) 8.5.0 20210514 (Red Hat 8.5.0-18), GNU ld version 2.36.1-2.el8) #1 SMP PREEMPT_DYNAMIC Tue Mar 14 05:06:03 CST 2023
[    0.000000] Command line: console=ttyS0 root=/dev/sda earlyprintk=serial net.ifnames=0
[    0.000000] KERNEL supported cpus:
[    0.000000]   Intel GenuineIntel
[    0.000000]   AMD AuthenticAMD
[    0.000000]   Hygon HygonGenuine
[    0.000000]   Centaur CentaurHauls
[    0.000000]   zhaoxin   Shanghai  
[    0.000000] x86/fpu: Supporting XSAVE feature 0x001: 'x87 floating point registers'
[    0.000000] x86/fpu: Supporting XSAVE feature 0x002: 'SSE registers'
[    0.000000] x86/fpu: Supporting XSAVE feature 0x004: 'AVX registers'
[    0.000000] x86/fpu: Supporting XSAVE feature 0x200: 'Protection Keys User registers'
[    0.000000] x86/fpu: xstate_offset[2]:  576, xstate_sizes[2]:  256
[    0.000000] x86/fpu: xstate_offset[9]:  832, xstate_sizes[9]:    8
[    0.000000] x86/fpu: Enabled xstate features 0x207, context size is 840 bytes, using 'compacted' format.
[    0.000000] signal: max sigframe size: 3632
[    0.000000] BIOS-provided physical RAM map:
[    0.000000] BIOS-e820: [mem 0x0000000000000000-0x000000000009fbff] usable
[    0.000000] BIOS-e820: [mem 0x000000000009fc00-0x000000000009ffff] reserved
[    0.000000] BIOS-e820: [mem 0x00000000000f0000-0x00000000000fffff] reserved
[    0.000000] BIOS-e820: [mem 0x0000000000100000-0x000000007ffdffff] usable
[    0.000000] BIOS-e820: [mem 0x000000007ffe0000-0x000000007fffffff] reserved
[    0.000000] BIOS-e820: [mem 0x00000000feffc000-0x00000000feffffff] reserved
[    0.000000] BIOS-e820: [mem 0x00000000fffc0000-0x00000000ffffffff] reserved
[    0.000000] printk: bootconsole [earlyser0] enabled
[    0.000000] NX (Execute Disable) protection: active
[    0.000000] SMBIOS 2.8 present.
[    0.000000] DMI: QEMU Standard PC (i440FX + PIIX, 1996), BIOS rel-1.16.0-0-gd239552ce722-prebuilt.qemu.org 04/01/2014
[    0.000000] Hypervisor detected: KVM
[    0.000000] kvm-clock: Using msrs 4b564d01 and 4b564d00
[    0.000003] kvm-clock: using sched offset of 311635164 cycles
[    0.000674] clocksource: kvm-clock: mask: 0xffffffffffffffff max_cycles: 0x1cd42e4dffb, max_idle_ns: 881590591483 ns
[    0.002713] tsc: Detected 1881.600 MHz processor
[    0.009812] last_pfn = 0x7ffe0 max_arch_pfn = 0x400000000
[    0.010676] x86/PAT: Configuration [0-7]: WB  WC  UC- UC  WB  WP  UC- WT  
[    0.016366] found SMP MP-table at [mem 0x000f5ba0-0x000f5baf]
[    0.017220] Using GB pages for direct mapping
[    0.018862] ACPI: Early table checksum verification disabled
[    0.019612] ACPI: RSDP 0x00000000000F59C0 000014 (v00 BOCHS )
[    0.020377] ACPI: RSDT 0x000000007FFE1951 000034 (v01 BOCHS  BXPC     00000001 BXPC 00000001)
[    0.021549] ACPI: FACP 0x000000007FFE17FD 000074 (v01 BOCHS  BXPC     00000001 BXPC 00000001)
[    0.022768] ACPI: DSDT 0x000000007FFE0040 0017BD (v01 BOCHS  BXPC     00000001 BXPC 00000001)
[    0.023947] ACPI: FACS 0x000000007FFE0000 000040
[    0.024561] ACPI: APIC 0x000000007FFE1871 000080 (v01 BOCHS  BXPC     00000001 BXPC 00000001)
[    0.025694] ACPI: HPET 0x000000007FFE18F1 000038 (v01 BOCHS  BXPC     00000001 BXPC 00000001)
[    0.026862] ACPI: WAET 0x000000007FFE1929 000028 (v01 BOCHS  BXPC     00000001 BXPC 00000001)
[    0.028017] ACPI: Reserving FACP table memory at [mem 0x7ffe17fd-0x7ffe1870]
[    0.028949] ACPI: Reserving DSDT table memory at [mem 0x7ffe0040-0x7ffe17fc]
[    0.029859] ACPI: Reserving FACS table memory at [mem 0x7ffe0000-0x7ffe003f]
[    0.030781] ACPI: Reserving APIC table memory at [mem 0x7ffe1871-0x7ffe18f0]
[    0.031699] ACPI: Reserving HPET table memory at [mem 0x7ffe18f1-0x7ffe1928]
[    0.032617] ACPI: Reserving WAET table memory at [mem 0x7ffe1929-0x7ffe1950]
[    0.034423] No NUMA configuration found
[    0.034941] Faking a node at [mem 0x0000000000000000-0x000000007ffdffff]
[    0.035871] NODE_DATA(0) allocated [mem 0x7ffb5000-0x7ffdffff]
[    0.039526] Zone ranges:
[    0.039881]   DMA      [mem 0x0000000000001000-0x0000000000ffffff]
[    0.040687]   DMA32    [mem 0x0000000001000000-0x000000007ffdffff]
[    0.041489]   Normal   empty
[    0.041865]   Device   empty
[    0.042241] Movable zone start for each node
[    0.042794] Early memory node ranges
[    0.043256]   node   0: [mem 0x0000000000001000-0x000000000009efff]
[    0.044069]   node   0: [mem 0x0000000000100000-0x000000007ffdffff]
[    0.044910] Initmem setup node 0 [mem 0x0000000000001000-0x000000007ffdffff]
[    0.045971] On node 0, zone DMA: 1 pages in unavailable ranges
[    0.045989] On node 0, zone DMA: 97 pages in unavailable ranges
[    0.049923] On node 0, zone DMA32: 32 pages in unavailable ranges
[    0.051172] ACPI: PM-Timer IO Port: 0x608
[    0.052494] ACPI: LAPIC_NMI (acpi_id[0xff] dfl dfl lint[0x1])
[    0.053301] IOAPIC[0]: apic_id 0, version 17, address 0xfec00000, GSI 0-23
[    0.054203] ACPI: INT_SRC_OVR (bus 0 bus_irq 0 global_irq 2 dfl dfl)
[    0.055024] ACPI: INT_SRC_OVR (bus 0 bus_irq 5 global_irq 5 high level)
[    0.055870] ACPI: INT_SRC_OVR (bus 0 bus_irq 9 global_irq 9 high level)
[    0.056719] ACPI: INT_SRC_OVR (bus 0 bus_irq 10 global_irq 10 high level)
[    0.057596] ACPI: INT_SRC_OVR (bus 0 bus_irq 11 global_irq 11 high level)
[    0.058489] ACPI: Using ACPI (MADT) for SMP configuration information
[    0.059310] ACPI: HPET id: 0x8086a201 base: 0xfed00000
[    0.059979] TSC deadline timer available
[    0.060479] smpboot: Allowing 2 CPUs, 0 hotplug CPUs
[    0.061158] kvm-guest: KVM setup pv remote TLB flush
[    0.061799] kvm-guest: setup PV sched yield
[    0.062379] PM: hibernation: Registered nosave memory: [mem 0x00000000-0x00000fff]
[    0.063353] PM: hibernation: Registered nosave memory: [mem 0x0009f000-0x0009ffff]
[    0.064320] PM: hibernation: Registered nosave memory: [mem 0x000a0000-0x000effff]
[    0.065283] PM: hibernation: Registered nosave memory: [mem 0x000f0000-0x000fffff]
[    0.066252] [mem 0x80000000-0xfeffbfff] available for PCI devices
[    0.067036] Booting paravirtualized kernel on KVM
[    0.067639] clocksource: refined-jiffies: mask: 0xffffffff max_cycles: 0xffffffff, max_idle_ns: 7645519600211568 ns
[    0.068989] setup_percpu: NR_CPUS:8192 nr_cpumask_bits:2 nr_cpu_ids:2 nr_node_ids:1
[    0.070224] percpu: Embedded 64 pages/cpu s225280 r8192 d28672 u1048576
[    0.071280] kvm-guest: PV spinlocks enabled
[    0.071818] PV qspinlock hash table entries: 256 (order: 0, 4096 bytes, linear)
[    0.072751] Fallback order for Node 0: 0 
[    0.073272] Built 1 zonelists, mobility grouping on.  Total pages: 515808
[    0.074125] Policy zone: DMA32
[    0.074520] Kernel command line: net.ifnames=0 console=ttyS0 root=/dev/sda earlyprintk=serial net.ifnames=0
[    0.076212] Dentry cache hash table entries: 262144 (order: 9, 2097152 bytes, linear)
[    0.077326] Inode-cache hash table entries: 131072 (order: 8, 1048576 bytes, linear)
[    0.078398] mem auto-init: stack:off, heap alloc:off, heap free:off
[    0.082036] Memory: 1985384K/2096632K available (32784K kernel code, 4694K rwdata, 7832K rodata, 3668K init, 22124K bss, 110992K reserved, 0K cma-reserved)
[    0.084705] SLUB: HWalign=64, Order=0-3, MinObjects=0, CPUs=2, Nodes=1
[    0.085516] kmemleak: Kernel memory leak detector disabled
[    0.086221] ftrace: allocating 67345 entries in 264 pages
[    0.102372] ftrace: allocated 264 pages with 2 groups
[    0.105478] Dynamic Preempt: voluntary
[    0.106074] Running RCU self tests
[    0.106498] rcu: Preemptible hierarchical RCU implementation.
[    0.107201] rcu: 	RCU lockdep checking is enabled.
[    0.107787] rcu: 	RCU restricting CPUs from NR_CPUS=8192 to nr_cpu_ids=2.
[    0.108646] 	Trampoline variant of Tasks RCU enabled.
[    0.109260] 	Rude variant of Tasks RCU enabled.
[    0.109815] 	Tracing variant of Tasks RCU enabled.
[    0.110397] rcu: RCU calculated value of scheduler-enlistment delay is 25 jiffies.
[    0.111358] rcu: Adjusting geometry for rcu_fanout_leaf=16, nr_cpu_ids=2
[    0.135746] NR_IRQS: 524544, nr_irqs: 440, preallocated irqs: 16
[    0.136806] rcu: srcu_init: Setting srcu_struct sizes based on contention.
[    0.149148] Console: colour VGA+ 80x25
[    0.149667] printk: console [ttyS0] enabled
[    0.149667] printk: console [ttyS0] enabled
[    0.150709] printk: bootconsole [earlyser0] disabled
[    0.150709] printk: bootconsole [earlyser0] disabled
[    0.151954] Lock dependency validator: Copyright (c) 2006 Red Hat, Inc., Ingo Molnar
[    0.152912] ... MAX_LOCKDEP_SUBCLASSES:  8
[    0.153429] ... MAX_LOCK_DEPTH:          48
[    0.153956] ... MAX_LOCKDEP_KEYS:        8192
[    0.154513] ... CLASSHASH_SIZE:          4096
[    0.155062] ... MAX_LOCKDEP_ENTRIES:     32768
[    0.155620] ... MAX_LOCKDEP_CHAINS:      65536
[    0.156179] ... CHAINHASH_SIZE:          32768
[    0.156739]  memory used by lock dependency info: 6365 kB
[    0.157429]  memory used for stack traces: 4224 kB
[    0.158029]  per task-struct memory footprint: 1920 bytes
[    0.158757] ACPI: Core revision 20220331
[    0.159514] clocksource: hpet: mask: 0xffffffff max_cycles: 0xffffffff, max_idle_ns: 19112604467 ns
[    0.160826] APIC: Switch to symmetric I/O mode setup
[    0.161826] x2apic enabled
[    0.162543] Switched APIC routing to physical x2apic.
[    0.163196] kvm-guest: setup PV IPIs
[    0.165280] ..TIMER: vector=0x30 apic1=0 pin1=2 apic2=-1 pin2=-1
[    0.166092] clocksource: tsc-early: mask: 0xffffffffffffffff max_cycles: 0x363e8c91135, max_idle_ns: 881590568389 ns
[    0.167448] Calibrating delay loop (skipped) preset value.. 3763.20 BogoMIPS (lpj=7526400)
[    0.168533] pid_max: default: 32768 minimum: 301
[    0.171619] LSM: Security Framework initializing
[    0.172252] Yama: becoming mindful.
[    0.172927] Mount-cache hash table entries: 4096 (order: 3, 32768 bytes, linear)
[    0.173902] Mountpoint-cache hash table entries: 4096 (order: 3, 32768 bytes, linear)
[    0.177290] CPU0: Thermal monitoring enabled (TM1)
[    0.178051] x86/cpu: User Mode Instruction Prevention (UMIP) activated
[    0.179266] Last level iTLB entries: 4KB 0, 2MB 0, 4MB 0
[    0.179438] Last level dTLB entries: 4KB 0, 2MB 0, 4MB 0, 1GB 0
[    0.180230] Spectre V1 : Mitigation: usercopy/swapgs barriers and __user pointer sanitization
[    0.181352] Spectre V2 : WARNING: Unprivileged eBPF is enabled with eIBRS on, data leaks possible via Spectre v2 BHB attacks!
[    0.183440] Spectre V2 : Mitigation: Enhanced IBRS
[    0.184060] Spectre V2 : Spectre v2 / SpectreRSB mitigation: Filling RSB on context switch
[    0.185136] Spectre V2 : Spectre v2 / PBRSB-eIBRS: Retire a single CALL on VMEXIT
[    0.186089] Spectre V2 : mitigation: Enabling conditional Indirect Branch Prediction Barrier
[    0.187161] Speculative Store Bypass: Mitigation: Speculative Store Bypass disabled via prctl
[    0.187436] MMIO Stale Data: Unknown: No mitigations
[    0.282423] Freeing SMP alternatives memory: 56K
[    0.283316] smpboot: CPU0: Genuine Intel(R) 0000 (family: 0x6, model: 0xba, stepping: 0x2)
[    0.283432] cblist_init_generic: Setting adjustable number of callback queues.
[    0.283432] cblist_init_generic: Setting shift to 1 and lim to 1.
[    0.283432] cblist_init_generic: Setting shift to 1 and lim to 1.
[    0.283432] cblist_init_generic: Setting shift to 1 and lim to 1.
[    0.283480] Running RCU-tasks wait API self tests
[    0.387530] Performance Events: Alderlake Hybrid events, full-width counters, Intel PMU driver.
[    0.389148] core: cpu_core PMU driver: 
[    0.389615] ... version:                2
[    0.390116] ... bit width:              48
[    0.390622] ... generic registers:      6
[    0.391121] ... value mask:             0000ffffffffffff
[    0.391439] ... max period:             00007fffffffffff
[    0.392096] ... fixed-purpose events:   3
[    0.392597] ... event mask:             0001000f0000003f
[    0.393473] rcu: Hierarchical SRCU implementation.
[    0.394075] rcu: 	Max phase no-delay instances is 1000.
[    0.396939] unchecked MSR access error: WRMSR to 0x38f (tried to write 0x0001000f0000003f) at rIP: 0xffffffff810ce49c (native_write_msr+0xc/0x30)
[    0.398554] Call Trace:
[    0.398875]  <TASK>
[    0.399149]  __intel_pmu_enable_all.constprop.46+0xb5/0x140
[    0.399432]  intel_pmu_enable_all+0x1e/0x30
[    0.399432]  x86_pmu_enable+0x46d/0x5a0
[    0.399432]  ? write_comp_data+0x2f/0x90
[    0.399432]  perf_pmu_enable+0x53/0x70
[    0.399432]  ctx_resched+0xab/0xf0
[    0.399432]  __perf_install_in_context+0x31b/0x480
[    0.399432]  ? perf_duration_warn+0x50/0x50
[    0.399432]  ? perf_duration_warn+0x50/0x50
[    0.399432]  remote_function+0x80/0xa0
[    0.399432]  ? perf_duration_warn+0x50/0x50
[    0.399432]  generic_exec_single+0x124/0x190
[    0.399432]  smp_call_function_single+0x11c/0x240
[    0.399432]  ? perf_duration_warn+0x50/0x50
[    0.399432]  ? __sanitizer_cov_trace_pc+0x25/0x60
[    0.399432]  ? write_comp_data+0x2f/0x90
[    0.399432]  perf_install_in_context+0x2e8/0x310
[    0.399432]  ? ctx_resched+0xf0/0xf0
[    0.399432]  perf_event_create_kernel_counter+0x16a/0x200
[    0.399432]  ? find_next_bit+0x30/0x30
[    0.399432]  hardlockup_detector_event_create+0x46/0xd0
[    0.399432]  hardlockup_detector_perf_init+0x18/0x66
[    0.399432]  watchdog_nmi_probe+0x17/0x1d
[    0.399432]  lockup_detector_init+0x40/0xaf
[    0.399432]  kernel_init_freeable+0x264/0x42e
[    0.399432]  ? __wait_for_common+0x19d/0x1f0
[    0.399432]  ? rest_init+0x240/0x240
[    0.399432]  kernel_init+0x24/0x1e0
[    0.399432]  ? rest_init+0x240/0x240
[    0.399432]  ret_from_fork+0x1f/0x30
[    0.399432]  </TASK>
[    0.399462] Callback from call_rcu_tasks_trace() invoked.
[    0.400274] smp: Bringing up secondary CPUs ...
[    0.401431] x86: Booting SMP configuration:
[    0.401942] .... node  #0, CPUs:      #1
[    0.402746] smp: Brought up 1 node, 2 CPUs
[    0.403919] smpboot: Max logical packages: 1
[    0.404416] smpboot: Total of 2 processors activated (7526.40 BogoMIPS)
[    0.406199] devtmpfs: initialized
[    0.406199] x86/mm: Memory block size: 128MB
[    0.409292] clocksource: jiffies: mask: 0xffffffff max_cycles: 0xffffffff, max_idle_ns: 7645041785100000 ns
[    0.409292] futex hash table entries: 512 (order: 4, 65536 bytes, linear)
[    0.411636] pinctrl core: initialized pinctrl subsystem
[    0.412728] 
[    0.412931] *************************************************************
[    0.413775] **     NOTICE NOTICE NOTICE NOTICE NOTICE NOTICE NOTICE    **
[    0.414598] **                                                         **
[    0.415424] **  IOMMU DebugFS SUPPORT HAS BEEN ENABLED IN THIS KERNEL  **
[    0.415439] **                                                         **
[    0.416282] ** This means that this kernel is built to expose internal **
[    0.417101] ** IOMMU data structures, which may compromise security on **
[    0.417927] ** your system.                                            **
[    0.418773] **                                                         **
[    0.419438] ** If you see this message and you are not debugging the   **
[    0.420248] ** kernel, report this immediately to your vendor!         **
[    0.421059] **                                                         **
[    0.421880] **     NOTICE NOTICE NOTICE NOTICE NOTICE NOTICE NOTICE    **
[    0.422706] *************************************************************
[    0.423531] PM: RTC time: 21:08:44, date: 2023-03-13
[    0.426267] NET: Registered PF_NETLINK/PF_ROUTE protocol family
[    0.427568] DMA: preallocated 256 KiB GFP_KERNEL pool for atomic allocations
[    0.428434] DMA: preallocated 256 KiB GFP_KERNEL|GFP_DMA pool for atomic allocations
[    0.429377] DMA: preallocated 256 KiB GFP_KERNEL|GFP_DMA32 pool for atomic allocations
[    0.430387] audit: initializing netlink subsys (disabled)
[    0.431123] audit: type=2000 audit(1678741725.564:1): state=initialized audit_enabled=0 res=1
[    0.431684] thermal_sys: Registered thermal governor 'fair_share'
[    0.432563] thermal_sys: Registered thermal governor 'bang_bang'
[    0.433312] thermal_sys: Registered thermal governor 'step_wise'
[    0.434070] thermal_sys: Registered thermal governor 'user_space'
[    0.434848] cpuidle: using governor ladder
[    0.435940] cpuidle: using governor menu
[    0.436667] acpiphp: ACPI Hot Plug PCI Controller Driver version: 0.5
[    0.437778] PCI: Using configuration type 1 for base access
[    0.451977] kprobes: kprobe jump-optimization is enabled. All kprobes are optimized if possible.
[    0.655279] HugeTLB: registered 1.00 GiB page size, pre-allocated 0 pages
[    0.655482] HugeTLB: 16380 KiB vmemmap can be freed for a 1.00 GiB page
[    0.656309] HugeTLB: registered 2.00 MiB page size, pre-allocated 0 pages
[    0.657127] HugeTLB: 28 KiB vmemmap can be freed for a 2.00 MiB page
[    0.659342] ACPI: Added _OSI(Module Device)
[    0.659441] ACPI: Added _OSI(Processor Device)
[    0.660011] ACPI: Added _OSI(3.0 _SCP Extensions)
[    0.660595] ACPI: Added _OSI(Processor Aggregator Device)
[    0.666780] ACPI: 1 ACPI AML tables successfully acquired and loaded
[    0.670379] ACPI: Interpreter enabled
[    0.670931] ACPI: PM: (supports S0 S3 S4 S5)
[    0.671439] ACPI: Using IOAPIC for interrupt routing
[    0.672105] PCI: Using host bridge windows from ACPI; if necessary, use "pci=nocrs" and report a bug
[    0.673224] PCI: Using E820 reservations for host bridge windows
[    0.674594] ACPI: Enabled 2 GPEs in block 00 to 0F
[    0.689997] ACPI: PCI Root Bridge [PCI0] (domain 0000 [bus 00-ff])
[    0.690799] acpi PNP0A03:00: _OSC: OS supports [ASPM ClockPM Segments MSI EDR HPX-Type3]
[    0.691443] acpi PNP0A03:00: _OSC: not requesting OS control; OS requires [ExtendedConfig ASPM ClockPM MSI]
[    0.692698] acpi PNP0A03:00: fail to add MMCONFIG information, can't access extended PCI configuration space under this bridge.
[    0.696240] acpiphp: Slot [3] registered
[    0.696802] acpiphp: Slot [4] registered
[    0.697356] acpiphp: Slot [5] registered
[    0.697907] acpiphp: Slot [6] registered
[    0.698459] acpiphp: Slot [7] registered
[    0.699013] acpiphp: Slot [8] registered
[    0.699505] acpiphp: Slot [9] registered
[    0.700058] acpiphp: Slot [10] registered
[    0.700619] acpiphp: Slot [11] registered
[    0.701181] acpiphp: Slot [12] registered
[    0.701750] acpiphp: Slot [13] registered
[    0.702314] acpiphp: Slot [14] registered
[    0.702878] acpiphp: Slot [15] registered
[    0.703461] acpiphp: Slot [16] registered
[    0.704023] acpiphp: Slot [17] registered
[    0.704596] acpiphp: Slot [18] registered
[    0.705158] acpiphp: Slot [19] registered
[    0.705721] acpiphp: Slot [20] registered
[    0.706283] acpiphp: Slot [21] registered
[    0.706845] acpiphp: Slot [22] registered
[    0.707419] acpiphp: Slot [23] registered
[    0.707499] acpiphp: Slot [24] registered
[    0.708062] acpiphp: Slot [25] registered
[    0.708625] acpiphp: Slot [26] registered
[    0.709190] acpiphp: Slot [27] registered
[    0.709757] acpiphp: Slot [28] registered
[    0.710319] acpiphp: Slot [29] registered
[    0.710891] acpiphp: Slot [30] registered
[    0.711459] acpiphp: Slot [31] registered
[    0.711984] PCI host bridge to bus 0000:00
[    0.712498] pci_bus 0000:00: root bus resource [io  0x0000-0x0cf7 window]
[    0.713339] pci_bus 0000:00: root bus resource [io  0x0d00-0xffff window]
[    0.714181] pci_bus 0000:00: root bus resource [mem 0x000a0000-0x000bffff window]
[    0.715109] pci_bus 0000:00: root bus resource [mem 0x80000000-0xfebfffff window]
[    0.715439] pci_bus 0000:00: root bus resource [mem 0x100000000-0x17fffffff window]
[    0.716385] pci_bus 0000:00: root bus resource [bus 00-ff]
[    0.717178] pci 0000:00:00.0: [8086:1237] type 00 class 0x060000
[    0.720918] pci 0000:00:01.0: [8086:7000] type 00 class 0x060100
[    0.722564] pci 0000:00:01.1: [8086:7010] type 00 class 0x010180
[    0.724631] pci 0000:00:01.1: reg 0x20: [io  0xc040-0xc04f]
[    0.725983] pci 0000:00:01.1: legacy IDE quirk: reg 0x10: [io  0x01f0-0x01f7]
[    0.726865] pci 0000:00:01.1: legacy IDE quirk: reg 0x14: [io  0x03f6]
[    0.727447] pci 0000:00:01.1: legacy IDE quirk: reg 0x18: [io  0x0170-0x0177]
[    0.728342] pci 0000:00:01.1: legacy IDE quirk: reg 0x1c: [io  0x0376]
[    0.729457] pci 0000:00:01.3: [8086:7113] type 00 class 0x068000
[    0.730724] pci 0000:00:01.3: quirk: [io  0x0600-0x063f] claimed by PIIX4 ACPI
[    0.731448] pci 0000:00:01.3: quirk: [io  0x0700-0x070f] claimed by PIIX4 SMB
[    0.732664] pci 0000:00:02.0: [1234:1111] type 00 class 0x030000
[    0.734287] pci 0000:00:02.0: reg 0x10: [mem 0xfd000000-0xfdffffff pref]
[    0.736321] pci 0000:00:02.0: reg 0x18: [mem 0xfebf0000-0xfebf0fff]
[    0.739444] pci 0000:00:02.0: reg 0x30: [mem 0xfebe0000-0xfebeffff pref]
[    0.740291] pci 0000:00:02.0: Video device with shadowed ROM at [mem 0x000c0000-0x000dffff]
[    0.744471] pci 0000:00:03.0: [8086:100e] type 00 class 0x020000
[    0.746057] pci 0000:00:03.0: reg 0x10: [mem 0xfebc0000-0xfebdffff]
[    0.747440] pci 0000:00:03.0: reg 0x14: [io  0xc000-0xc03f]
[    0.750807] pci 0000:00:03.0: reg 0x30: [mem 0xfeb80000-0xfebbffff pref]
[    0.767600] ACPI: PCI: Interrupt link LNKA configured for IRQ 10
[    0.768800] ACPI: PCI: Interrupt link LNKB configured for IRQ 10
[    0.769925] ACPI: PCI: Interrupt link LNKC configured for IRQ 11
[    0.771047] ACPI: PCI: Interrupt link LNKD configured for IRQ 11
[    0.771659] ACPI: PCI: Interrupt link LNKS configured for IRQ 9
[    0.773567] iommu: Default domain type: Translated 
[    0.774127] iommu: DMA domain TLB invalidation policy: lazy mode 
[    0.775898] SCSI subsystem initialized
[    0.776614] ACPI: bus type USB registered
[    0.777140] usbcore: registered new interface driver usbfs
[    0.777806] usbcore: registered new interface driver hub
[    0.778439] usbcore: registered new device driver usb
[    0.779120] pps_core: LinuxPPS API ver. 1 registered
[    0.779441] pps_core: Software ver. 5.3.6 - Copyright 2005-2007 Rodolfo Giometti <giometti@linux.it>
[    0.780467] PTP clock support registered
[    0.781076] EDAC MC: Ver: 3.0.0
[    0.783507] NetLabel: Initializing
[    0.783909] NetLabel:  domain hash size = 128
[    0.784407] NetLabel:  protocols = UNLABELED CIPSOv4 CALIPSO
[    0.785114] NetLabel:  unlabeled traffic allowed by default
[    0.786080] PCI: Using ACPI for IRQ routing
[    0.786821] pci 0000:00:02.0: vgaarb: setting as boot VGA device
[    0.787432] pci 0000:00:02.0: vgaarb: bridge control possible
[    0.787432] pci 0000:00:02.0: vgaarb: VGA device added: decodes=io+mem,owns=io+mem,locks=none
[    0.787441] vgaarb: loaded
[    0.788135] hpet0: at MMIO 0xfed00000, IRQs 2, 8, 0
[    0.788705] hpet0: 3 comparators, 64-bit 100.000000 MHz counter
[    2.966766] Callback from call_rcu_tasks_rude() invoked.
[    2.967419] clocksource: Switched to clocksource kvm-clock
[    3.075582] Callback from call_rcu_tasks() invoked.
[    3.110229] VFS: Disk quotas dquot_6.6.0
[    3.110915] VFS: Dquot-cache hash table entries: 512 (order 0, 4096 bytes)
[    3.112058] pnp: PnP ACPI init
[    3.114104] pnp: PnP ACPI: found 6 devices
[    3.129076] clocksource: acpi_pm: mask: 0xffffff max_cycles: 0xffffff, max_idle_ns: 2085701024 ns
[    3.130537] NET: Registered PF_INET protocol family
[    3.131288] IP idents hash table entries: 32768 (order: 6, 262144 bytes, linear)
[    3.133156] tcp_listen_portaddr_hash hash table entries: 1024 (order: 4, 73728 bytes, linear)
[    3.134270] Table-perturb hash table entries: 65536 (order: 6, 262144 bytes, linear)
[    3.135270] TCP established hash table entries: 16384 (order: 5, 131072 bytes, linear)
[    3.136452] TCP bind hash table entries: 16384 (order: 9, 2359296 bytes, linear)
[    3.138185] TCP: Hash tables configured (established 16384 bind 16384)
[    3.139121] UDP hash table entries: 1024 (order: 5, 163840 bytes, linear)
[    3.140047] UDP-Lite hash table entries: 1024 (order: 5, 163840 bytes, linear)
[    3.141113] NET: Registered PF_UNIX/PF_LOCAL protocol family
[    3.142330] RPC: Registered named UNIX socket transport module.
[    3.143103] RPC: Registered udp transport module.
[    3.143743] RPC: Registered tcp transport module.
[    3.144356] RPC: Registered tcp NFSv4.1 backchannel transport module.
[    3.145201] pci_bus 0000:00: resource 4 [io  0x0000-0x0cf7 window]
[    3.146015] pci_bus 0000:00: resource 5 [io  0x0d00-0xffff window]
[    3.146837] pci_bus 0000:00: resource 6 [mem 0x000a0000-0x000bffff window]
[    3.147783] pci_bus 0000:00: resource 7 [mem 0x80000000-0xfebfffff window]
[    3.148692] pci_bus 0000:00: resource 8 [mem 0x100000000-0x17fffffff window]
[    3.149857] pci 0000:00:01.0: PIIX3: Enabling Passive Release
[    3.150632] pci 0000:00:00.0: Limiting direct PCI/PCI transfers
[    3.151522] PCI: CLS 0 bytes, default 64
[    3.152078] ACPI: bus type thunderbolt registered
[    3.153033] clocksource: tsc: mask: 0xffffffffffffffff max_cycles: 0x363e8c91135, max_idle_ns: 881590568389 ns
[    3.157214] Initialise system trusted keyrings
[    3.157917] Key type blacklist registered
[    3.158645] workingset: timestamp_bits=36 max_order=19 bucket_order=0
[    3.168739] zbud: loaded
[    3.170935] squashfs: version 4.0 (2009/01/31) Phillip Lougher
[    3.172922] NFS: Registering the id_resolver key type
[    3.173604] Key type id_resolver registered
[    3.174148] Key type id_legacy registered
[    3.174754] nfs4filelayout_init: NFSv4 File Layout Driver Registering...
[    3.175657] nfs4flexfilelayout_init: NFSv4 Flexfile Layout Driver Registering...
[    3.176706] fuse: init (API version 7.37)
[    3.177496] SGI XFS with ACLs, security attributes, realtime, quota, no debug enabled
[    3.180405] 9p: Installing v9fs 9p2000 file system support
[    3.186955] Key type asymmetric registered
[    3.187548] Asymmetric key parser 'x509' registered
[    3.189254] alg: self-tests for CTR-KDF (hmac(sha256)) passed
[    3.190057] Block layer SCSI generic (bsg) driver version 0.4 loaded (major 243)
[    3.191121] io scheduler mq-deadline registered
[    3.191870] io scheduler bfq registered
[    3.193357] shpchp: Standard Hot Plug PCI Controller Driver version: 0.4
[    3.194636] IPMI message handler: version 39.2
[    3.195272] ipmi device interface
[    3.197170] input: Power Button as /devices/LNXSYSTM:00/LNXPWRBN:00/input/input0
[    3.198357] ACPI: button: Power Button [PWRF]
[    3.199855] ERST DBG: ERST support is disabled.
[    3.200977] Serial: 8250/16550 driver, 32 ports, IRQ sharing enabled
[    3.202378] 00:04: ttyS0 at I/O 0x3f8 (irq = 4, base_baud = 115200) is a 16550A
[    3.211296] Linux agpgart interface v0.103
[    3.212453] ACPI: bus type drm_connector registered
[    3.223853] brd: module loaded
[    3.231339] loop: module loaded
[    3.235491] scsi host0: ata_piix
[    3.236460] scsi host1: ata_piix
[    3.237009] ata1: PATA max MWDMA2 cmd 0x1f0 ctl 0x3f6 bmdma 0xc040 irq 14
[    3.237856] ata2: PATA max MWDMA2 cmd 0x170 ctl 0x376 bmdma 0xc048 irq 15
[    3.239961] tun: Universal TUN/TAP device driver, 1.6
[    3.240723] e100: Intel(R) PRO/100 Network Driver
[    3.241311] e100: Copyright(c) 1999-2006 Intel Corporation
[    3.242026] e1000: Intel(R) PRO/1000 Network Driver
[    3.242637] e1000: Copyright (c) 1999-2006 Intel Corporation.
[    3.394489] ACPI: \_SB_.LNKC: Enabled at IRQ 11
[    3.395670] ata1: found unknown device (class 0)
[    3.396748] ata2: found unknown device (class 0)
[    3.398238] ata1.00: ATA-7: QEMU HARDDISK, 2.5+, max UDMA/100
[    3.399039] ata1.00: 16777216 sectors, multi 16: LBA48 
[    3.400010] ata2.00: ATAPI: QEMU DVD-ROM, 2.5+, max UDMA/100
[    3.402250] scsi 0:0:0:0: Direct-Access     ATA      QEMU HARDDISK    2.5+ PQ: 0 ANSI: 5
[    3.404501] sd 0:0:0:0: Attached scsi generic sg0 type 0
[    3.404983] sd 0:0:0:0: [sda] 16777216 512-byte logical blocks: (8.59 GB/8.00 GiB)
[    3.405794] scsi 1:0:0:0: CD-ROM            QEMU     QEMU DVD-ROM     2.5+ PQ: 0 ANSI: 5
[    3.406522] sd 0:0:0:0: [sda] Write Protect is off
[    3.408502] sd 0:0:0:0: [sda] Write cache: enabled, read cache: enabled, doesn't support DPO or FUA
[    3.410017] sd 0:0:0:0: [sda] Preferred minimum I/O size 512 bytes
[    3.429474] sd 0:0:0:0: [sda] Attached SCSI disk
[    3.436249] scsi 1:0:0:0: Attached scsi generic sg1 type 5
[    3.740518] e1000 0000:00:03.0 eth0: (PCI:33MHz:32-bit) 52:54:00:12:34:56
[    3.741453] e1000 0000:00:03.0 eth0: Intel(R) PRO/1000 Network Connection
[    3.742424] e1000e: Intel(R) PRO/1000 Network Driver
[    3.743063] e1000e: Copyright(c) 1999 - 2015 Intel Corporation.
[    3.743895] igb: Intel(R) Gigabit Ethernet Network Driver
[    3.744586] igb: Copyright (c) 2007-2014 Intel Corporation.
[    3.745392] PPP generic driver version 2.4.2
[    3.746348] VFIO - User Level meta-driver version: 0.3
[    3.747394] usbcore: registered new interface driver uas
[    3.748194] usbcore: registered new interface driver usb-storage
[    3.749069] i8042: PNP: PS/2 Controller [PNP0303:KBD,PNP0f13:MOU] at 0x60,0x64 irq 1,12
[    3.750992] serio: i8042 KBD port at 0x60,0x64 irq 1
[    3.751683] serio: i8042 AUX port at 0x60,0x64 irq 12
[    3.752895] mousedev: PS/2 mouse device common for all mice
[    3.754344] input: AT Translated Set 2 keyboard as /devices/platform/i8042/serio0/input/input1
[    3.755799] rtc_cmos 00:05: RTC can wake from S4
[    3.757421] input: VirtualPS/2 VMware VMMouse as /devices/platform/i8042/serio1/input/input4
[    3.757896] rtc_cmos 00:05: registered as rtc0
[    3.759571] rtc_cmos 00:05: setting system clock to 2023-03-13T21:08:48 UTC (1678741728)
[    3.760868] rtc_cmos 00:05: alarms up to one day, y3k, 242 bytes nvram, hpet irqs
[    3.760897] input: VirtualPS/2 VMware VMMouse as /devices/platform/i8042/serio1/input/input3
[    3.762068] i2c_dev: i2c /dev entries driver
[    3.763998] device-mapper: core: CONFIG_IMA_DISABLE_HTABLE is disabled. Duplicate IMA measurements will not be recorded in the IMA log.
[    3.765632] device-mapper: uevent: version 1.0.3
[    3.766470] device-mapper: ioctl: 4.47.0-ioctl (2022-07-28) initialised: dm-devel@redhat.com
[    3.767572] intel_pstate: CPU model not supported
[    3.768266] sdhci: Secure Digital Host Controller Interface driver
[    3.769054] sdhci: Copyright(c) Pierre Ossman
[    3.769677] sdhci-pltfm: SDHCI platform and OF driver helper
[    3.770447] ledtrig-cpu: registered to indicate activity on CPUs
[    3.771544] drop_monitor: Initializing network drop monitor service
[    3.773099] NET: Registered PF_INET6 protocol family
[    3.775317] Segment Routing with IPv6
[    3.775904] In-situ OAM (IOAM) with IPv6
[    3.776451] NET: Registered PF_PACKET protocol family
[    3.777334] 9pnet: Installing 9P2000 support
[    3.777932] Key type dns_resolver registered
[    3.779151] IPI shorthand broadcast: enabled
[    3.779788] sched_clock: Marking stable (3753938997, 25784263)->(3814459473, -34736213)
[    3.781322] registered taskstats version 1
[    3.782022] Loading compiled-in X.509 certificates
[    3.782864] zswap: loaded using pool lzo/zbud
[    3.783952] Key type .fscrypt registered
[    3.784474] Key type fscrypt-provisioning registered
[    3.786075] Key type encrypted registered
[    3.786632] ima: No TPM chip found, activating TPM-bypass!
[    3.787351] ima: Allocated hash algorithm: sha1
[    3.788002] ima: No architecture policies found
[    3.788661] evm: Initialising EVM extended attributes:
[    3.789321] evm: security.selinux
[    3.789754] evm: security.SMACK64
[    3.790187] evm: security.SMACK64EXEC
[    3.790662] evm: security.SMACK64TRANSMUTE
[    3.791194] evm: security.SMACK64MMAP
[    3.791686] evm: security.apparmor
[    3.792131] evm: security.ima
[    3.792521] evm: security.capability
[    3.792985] evm: HMAC attrs: 0x1
[    3.798037] PM:   Magic number: 15:251:146
[    3.798673] acpi device:17: hash matches
[    3.799507] RAS: Correctable Errors collector initialized.
[    3.801249] md: Waiting for all devices to be available before autodetect
[    3.801810] md: If you don't use raid, use raid=noautodetect
[    3.802282] md: Autodetecting RAID arrays.
[    3.802635] md: autorun ...
[    3.802875] md: ... autorun DONE.
[    3.820546] EXT4-fs (sda): mounted filesystem with ordered data mode. Quota mode: none.
[    3.821265] VFS: Mounted root (ext4 filesystem) readonly on device 8:0.
[    3.823684] devtmpfs: mounted
[    3.831328] Freeing unused decrypted memory: 2036K
[    3.832999] Freeing unused kernel image (initmem) memory: 3668K
[    3.833536] Write protecting the kernel read-only data: 43008k
[    3.836127] Freeing unused kernel image (text/rodata gap) memory: 2028K
[    3.836904] Freeing unused kernel image (rodata/data gap) memory: 360K
[    3.922249] x86/mm: Checked W+X mappings: passed, no W+X pages found.
[    3.922868] Run /sbin/init as init process
[    4.027536] systemd[1]: RTC configured in localtime, applying delta of 0 minutes to system time.
[    4.057177] systemd[1]: systemd 239 (239-49.el8) running in system mode. (+PAM +AUDIT +SELINUX +IMA -APPARMOR +SMACK +SYSVINIT +UTMP +LIBCRYPTSETUP +GCRYPT +GNUTLS +ACL +XZ +LZ4 +SECCOMP +BLKID +ELFUTILS +KMOD +IDN2 -IDN +PCRE2 default-hierarchy=legacy)
[    4.059138] systemd[1]: Detected virtualization kvm.
[    4.059605] systemd[1]: Detected architecture x86-64.

Welcome to [0;31mCentOS Stream 8[0m!

[    4.125916] systemd[1]: Set hostname to <test>.
[    5.183558] random: crng init done
[    5.341738] systemd[1]: Set up automount Arbitrary Executable File Formats File System Automount Point.
[[0;32m  OK  [0m] Set up automount Arbitrary Executabâ€¦rmats File System Automount Point.
[    5.343980] systemd[1]: Listening on udev Control Socket.
[[0;32m  OK  [0m] Listening on udev Control Socket.
[    5.345048] systemd[1]: Reached target Swap.
[[0;32m  OK  [0m] Reached target Swap.
[    5.346024] systemd[1]: Listening on udev Kernel Socket.
[[0;32m  OK  [0m] Listening on udev Kernel Socket.
[    5.349594] systemd[1]: Created slice system-serial\x2dgetty.slice.
[[0;32m  OK  [0m] Created slice system-serial\x2dgetty.slice.
[    5.351013] systemd[1]: Listening on Journal Socket (/dev/log).
[[0;32m  OK  [0m] Listening on Journal Socket (/dev/log).
[[0;32m  OK  [0m] Listening on Process Core Dump Socket.
[[0;32m  OK  [0m] Listening on Journal Socket.
         Starting udev Coldplug all Devices...
         Mounting Kernel Debug File System...
[[0;32m  OK  [0m] Listening on initctl Compatibility Named Pipe.
         Mounting POSIX Message Queue File System...
         Starting Load Kernel Modules...
[[0;32m  OK  [0m] Started Forward Password Requests to Wall Directory Watch.
[[0;32m  OK  [0m] Listening on Device-mapper event daemon FIFOs.
         Starting Monitoring of LVM2 mirrorsâ€¦ng dmeventd or progress polling...
         Starting Setup Virtual Console...
[[0;32m  OK  [0m] Listening on multipathd control socket.
         Starting Journal Service...
[[0;32m  OK  [0m] Created slice User and Session Slice.
[[0;32m  OK  [0m] Reached target Slices.
         Starting Remount Root and Kernel File Systems...
[[0;32m  OK  [0m] Created slice system-getty.slice.
[[0;32m  OK  [0m] Listening on RPCbind Server Activation Socket.
[[0;32m  OK  [0m] Reached target RPC Port Mapper.
[[0;32m  OK  [0m] Listening on LVM2 poll daemon socket.
         Mounting Huge Pages File System...
[[0;32m  OK  [0m] Created slice system-sshd\x2dkeygen.slice.
[[0;32m  OK  [0m] Mounted Kernel Debug File System.
[[0;32m  OK  [0m] Mounted POSIX Message Queue File System.
[[0;1;31mFAILED[0m] Failed to start Load Kernel Modules.
See 'systemctl status systemd-modules-load.service' for details.
[[0;32m  OK  [0m] Started Journal Service.
[[0;32m  OK  [0m] Mounted Huge Pages File System.
         Mounting Kernel Configuration File System...
         Mounting FUSE Control File System...
         Starting Apply Kernel Variables...
[[0;32m  OK  [0m] Mounted Kernel Configuration File System.
[[0;32m  OK  [0m] Mounted FUSE Control File System.
[    5.880627] EXT4-fs (sda): re-mounted. Quota mode: none.
[[0;32m  OK  [0m] Started Remount Root and Kernel File Systems.
         Starting Flush Journal to Persistent Storage...
         Starting Create Static Device Nodes in /dev...
         Starting Load/Save Random Seed...
[[0;32m  OK  [0m] Started Setup Virtual Console.
[[0;32m  OK  [0m] Started udev Coldplug all Devices.
[[0;32m  OK  [0m] Started Apply Kernel Variables.
[[0;32m  OK  [0m] Started Create Static Device Nodes in /dev.
[[0;32m  OK  [0m] Started Load/Save Random Seed.
         Starting udev Kernel Device Manager...
         Starting udev Wait for Complete Device Initialization...
[[0;32m  OK  [0m] Started Flush Journal to Persistent Storage.
[[0;32m  OK  [0m] Started udev Kernel Device Manager.
         Starting Show Plymouth Boot Screen...
[[0;32m  OK  [0m] Started Show Plymouth Boot Screen.
[[0;32m  OK  [0m] Reached target Paths.
[[0;32m  OK  [0m] Reached target Local Encrypted Volumes.
[[0;32m  OK  [0m] Started Forward Password Requests to Plymouth Directory Watch.
[[0;32m  OK  [0m] Found device /dev/ttyS0.
[[0;32m  OK  [0m] Started Monitoring of LVM2 mirrors,â€¦sing dmeventd or progress polling.
[[0;32m  OK  [0m] Listening on Load/Save RF Kill Switch Status /dev/rfkill Watch.
[[0;32m  OK  [0m] Started udev Wait for Complete Device Initialization.
[[0;32m  OK  [0m] Reached target Local File Systems (Pre).
[[0;32m  OK  [0m] Reached target Local File Systems.
         Starting Restore /run/initramfs on shutdown...
         Starting Tell Plymouth To Write Out Runtime Data...
         Starting Create Volatile Files and Directories...
[[0;32m  OK  [0m] Started Restore /run/initramfs on shutdown.
[[0;32m  OK  [0m] Started Tell Plymouth To Write Out Runtime Data.
[[0;32m  OK  [0m] Started Create Volatile Files and Directories.
         Mounting RPC Pipe File System...
         Starting RPC Bind...
         Starting Security Auditing Service...
[[0;32m  OK  [0m] Mounted RPC Pipe File System.
[[0;32m  OK  [0m] Reached target rpc_pipefs.target.
[[0;32m  OK  [0m] Started RPC Bind.
[[0;32m  OK  [0m] Started Security Auditing Service.
         Starting Update UTMP about System Boot/Shutdown...
[[0;32m  OK  [0m] Started Update UTMP about System Boot/Shutdown.
[[0;32m  OK  [0m] Reached target System Initialization.
[[0;32m  OK  [0m] Started daily update of the root trust anchor for DNSSEC.
[[0;32m  OK  [0m] Listening on SSSD Kerberos Cache Manager responder socket.
[[0;32m  OK  [0m] Listening on D-Bus System Message Bus Socket.
[[0;32m  OK  [0m] Reached target Sockets.
[[0;32m  OK  [0m] Reached target Basic System.
[[0;32m  OK  [0m] Started irqbalance daemon.
[[0;32m  OK  [0m] Started D-Bus System Message Bus.
[[0;32m  OK  [0m] Started Machine Check Exception Logging Daemon.
         Starting Authorization Manager...
         Starting NTP client/server...
         Starting Auto-connect to subsystemsâ€¦-NVME devices found during boot...
         Starting Self Monitoring and Reporting Technology (SMART) Daemon...
         Starting Network Manager...
[[0;32m  OK  [0m] Reached target sshd-keygen.target.
         Starting Login Service...
[[0;32m  OK  [0m] Started dnf makecache --timer.
[[0;32m  OK  [0m] Started Daily Cleanup of Temporary Directories.
[[0;32m  OK  [0m] Reached target Timers.
[[0;32m  OK  [0m] Started Self Monitoring and Reporting Technology (SMART) Daemon.
[[0;32m  OK  [0m] Started Auto-connect to subsystems â€¦FC-NVME devices found during boot.
         Starting update of the root trust aâ€¦or DNSSEC validation in unbound...
[[0;32m  OK  [0m] Started Login Service.
[[0;32m  OK  [0m] Started NTP client/server.
[[0;32m  OK  [0m] Started update of the root trust anâ€¦ for DNSSEC validation in unbound.
[[0;32m  OK  [0m] Started Network Manager.
[[0;32m  OK  [0m] Reached target Network.
         Starting OpenSSH server daemon...
         Starting GSSAPI Proxy Daemon...
         Starting Dynamic System Tuning Daemon...
         Starting Network Manager Wait Online...
[[0;32m  OK  [0m] Started Authorization Manager.
         Starting Hostname Service...
[[0;32m  OK  [0m] Started OpenSSH server daemon.
[[0;32m  OK  [0m] Started GSSAPI Proxy Daemon.
[[0;32m  OK  [0m] Reached target NFS client services.
[[0;32m  OK  [0m] Reached target Remote File Systems (Pre).
[[0;32m  OK  [0m] Reached target Remote File Systems.
         Starting Permit User Sessions...
[[0;32m  OK  [0m] Started Permit User Sessions.
[[0;32m  OK  [0m] Started Command Scheduler.
         Starting Hold until boot process finishes up...
         Starting Terminate Plymouth Boot Screen...
[[0;32m  OK  [0m] Started Hostname Service.
[    8.143720] e1000: eth0 NIC Link is Up 1000 Mbps Full Duplex, Flow Control: RX
[    8.145267] IPv6: ADDRCONF(NETDEV_CHANGE): eth0: link becomes ready
[    8.578263] Spectre V2 : WARNING: Unprivileged eBPF is enabled with eIBRS on, data leaks possible via Spectre v2 BHB attacks!
[    8.579855] Spectre V2 : WARNING: Unprivileged eBPF is enabled with eIBRS on, data leaks possible via Spectre v2 BHB attacks!

CentOS Stream 8
Kernel 6.1.0-rc7-226bf9805506+ on an x86_64

test login: 