c[?7l[2J[0mSeaBIOS (version rel-1.16.0-0-gd239552ce722-prebuilt.qemu.org)


iPXE (http://ipxe.org) 00:03.0 CA00 PCI2.10 PnP PMM+7FF91000+7FEF1000 CA00
Press Ctrl-B to configure iPXE (PCI 00:03.0)...                                                                               


Booting from ROM...
c[?7l[2J[    0.000000] Linux version 6.1.0-rc3-658234de0d2e+ (root@p-rplp02) (gcc (GCC) 8.5.0 20210514 (Red Hat 8.5.0-18), GNU ld version 2.36.1-2.el8) #1 SMP PREEMPT_DYNAMIC Tue Mar 14 09:27:56 CST 2023
[    0.000000] Command line: console=ttyS0 root=/dev/sda earlyprintk=serial net.ifnames=0
[    0.000000] KERNEL supported cpus:
[    0.000000]   Intel GenuineIntel
[    0.000000]   AMD AuthenticAMD
[    0.000000]   Hygon HygonGenuine
[    0.000000]   Centaur CentaurHauls
[    0.000000]   zhaoxin   Shanghai  
[    0.000000] x86/fpu: Supporting XSAVE feature 0x001: 'x87 floating point registers'
[    0.000000] x86/fpu: Supporting XSAVE feature 0x002: 'SSE registers'
[    0.000000] x86/fpu: Supporting XSAVE feature 0x004: 'AVX registers'
[    0.000000] x86/fpu: Supporting XSAVE feature 0x200: 'Protection Keys User registers'
[    0.000000] x86/fpu: xstate_offset[2]:  576, xstate_sizes[2]:  256
[    0.000000] x86/fpu: xstate_offset[9]:  832, xstate_sizes[9]:    8
[    0.000000] x86/fpu: Enabled xstate features 0x207, context size is 840 bytes, using 'compacted' format.
[    0.000000] signal: max sigframe size: 3632
[    0.000000] BIOS-provided physical RAM map:
[    0.000000] BIOS-e820: [mem 0x0000000000000000-0x000000000009fbff] usable
[    0.000000] BIOS-e820: [mem 0x000000000009fc00-0x000000000009ffff] reserved
[    0.000000] BIOS-e820: [mem 0x00000000000f0000-0x00000000000fffff] reserved
[    0.000000] BIOS-e820: [mem 0x0000000000100000-0x000000007ffdffff] usable
[    0.000000] BIOS-e820: [mem 0x000000007ffe0000-0x000000007fffffff] reserved
[    0.000000] BIOS-e820: [mem 0x00000000feffc000-0x00000000feffffff] reserved
[    0.000000] BIOS-e820: [mem 0x00000000fffc0000-0x00000000ffffffff] reserved
[    0.000000] printk: bootconsole [earlyser0] enabled
[    0.000000] NX (Execute Disable) protection: active
[    0.000000] SMBIOS 2.8 present.
[    0.000000] DMI: QEMU Standard PC (i440FX + PIIX, 1996), BIOS rel-1.16.0-0-gd239552ce722-prebuilt.qemu.org 04/01/2014
[    0.000000] Hypervisor detected: KVM
[    0.000000] kvm-clock: Using msrs 4b564d01 and 4b564d00
[    0.000004] kvm-clock: using sched offset of 512439272 cycles
[    0.000719] clocksource: kvm-clock: mask: 0xffffffffffffffff max_cycles: 0x1cd42e4dffb, max_idle_ns: 881590591483 ns
[    0.002836] tsc: Detected 1881.600 MHz processor
[    0.009710] last_pfn = 0x7ffe0 max_arch_pfn = 0x400000000
[    0.010646] x86/PAT: Configuration [0-7]: WB  WC  UC- UC  WB  WP  UC- WT  
[    0.020186] found SMP MP-table at [mem 0x000f5ba0-0x000f5baf]
[    0.021203] Using GB pages for direct mapping
[    0.023363] ACPI: Early table checksum verification disabled
[    0.024230] ACPI: RSDP 0x00000000000F59C0 000014 (v00 BOCHS )
[    0.025019] ACPI: RSDT 0x000000007FFE1951 000034 (v01 BOCHS  BXPC     00000001 BXPC 00000001)
[    0.026161] ACPI: FACP 0x000000007FFE17FD 000074 (v01 BOCHS  BXPC     00000001 BXPC 00000001)
[    0.027274] ACPI: DSDT 0x000000007FFE0040 0017BD (v01 BOCHS  BXPC     00000001 BXPC 00000001)
[    0.028392] ACPI: FACS 0x000000007FFE0000 000040
[    0.028998] ACPI: APIC 0x000000007FFE1871 000080 (v01 BOCHS  BXPC     00000001 BXPC 00000001)
[    0.030098] ACPI: HPET 0x000000007FFE18F1 000038 (v01 BOCHS  BXPC     00000001 BXPC 00000001)
[    0.031202] ACPI: WAET 0x000000007FFE1929 000028 (v01 BOCHS  BXPC     00000001 BXPC 00000001)
[    0.032376] ACPI: Reserving FACP table memory at [mem 0x7ffe17fd-0x7ffe1870]
[    0.033288] ACPI: Reserving DSDT table memory at [mem 0x7ffe0040-0x7ffe17fc]
[    0.034189] ACPI: Reserving FACS table memory at [mem 0x7ffe0000-0x7ffe003f]
[    0.035108] ACPI: Reserving APIC table memory at [mem 0x7ffe1871-0x7ffe18f0]
[    0.036011] ACPI: Reserving HPET table memory at [mem 0x7ffe18f1-0x7ffe1928]
[    0.036903] ACPI: Reserving WAET table memory at [mem 0x7ffe1929-0x7ffe1950]
[    0.038902] No NUMA configuration found
[    0.039395] Faking a node at [mem 0x0000000000000000-0x000000007ffdffff]
[    0.040388] NODE_DATA(0) allocated [mem 0x7ffb5000-0x7ffdffff]
[    0.044508] Zone ranges:
[    0.044854]   DMA      [mem 0x0000000000001000-0x0000000000ffffff]
[    0.045647]   DMA32    [mem 0x0000000001000000-0x000000007ffdffff]
[    0.046432]   Normal   empty
[    0.046801]   Device   empty
[    0.047173] Movable zone start for each node
[    0.047733] Early memory node ranges
[    0.048202]   node   0: [mem 0x0000000000001000-0x000000000009efff]
[    0.049007]   node   0: [mem 0x0000000000100000-0x000000007ffdffff]
[    0.049801] Initmem setup node 0 [mem 0x0000000000001000-0x000000007ffdffff]
[    0.051071] On node 0, zone DMA: 1 pages in unavailable ranges
[    0.051333] On node 0, zone DMA: 97 pages in unavailable ranges
[    0.099567] On node 0, zone DMA32: 32 pages in unavailable ranges
[    0.100872] ACPI: PM-Timer IO Port: 0x608
[    0.102218] ACPI: LAPIC_NMI (acpi_id[0xff] dfl dfl lint[0x1])
[    0.103084] IOAPIC[0]: apic_id 0, version 17, address 0xfec00000, GSI 0-23
[    0.104001] ACPI: INT_SRC_OVR (bus 0 bus_irq 0 global_irq 2 dfl dfl)
[    0.104809] ACPI: INT_SRC_OVR (bus 0 bus_irq 5 global_irq 5 high level)
[    0.105658] ACPI: INT_SRC_OVR (bus 0 bus_irq 9 global_irq 9 high level)
[    0.106511] ACPI: INT_SRC_OVR (bus 0 bus_irq 10 global_irq 10 high level)
[    0.107367] ACPI: INT_SRC_OVR (bus 0 bus_irq 11 global_irq 11 high level)
[    0.108279] ACPI: Using ACPI (MADT) for SMP configuration information
[    0.109115] ACPI: HPET id: 0x8086a201 base: 0xfed00000
[    0.109798] TSC deadline timer available
[    0.110318] smpboot: Allowing 2 CPUs, 0 hotplug CPUs
[    0.111133] kvm-guest: KVM setup pv remote TLB flush
[    0.111803] kvm-guest: setup PV sched yield
[    0.112468] PM: hibernation: Registered nosave memory: [mem 0x00000000-0x00000fff]
[    0.113428] PM: hibernation: Registered nosave memory: [mem 0x0009f000-0x0009ffff]
[    0.114378] PM: hibernation: Registered nosave memory: [mem 0x000a0000-0x000effff]
[    0.115334] PM: hibernation: Registered nosave memory: [mem 0x000f0000-0x000fffff]
[    0.116300] [mem 0x80000000-0xfeffbfff] available for PCI devices
[    0.117076] Booting paravirtualized kernel on KVM
[    0.117728] clocksource: refined-jiffies: mask: 0xffffffff max_cycles: 0xffffffff, max_idle_ns: 7645519600211568 ns
[    0.119128] setup_percpu: NR_CPUS:8192 nr_cpumask_bits:2 nr_cpu_ids:2 nr_node_ids:1
[    0.122795] percpu: Embedded 64 pages/cpu s225280 r8192 d28672 u1048576
[    0.123925] kvm-guest: PV spinlocks enabled
[    0.124469] PV qspinlock hash table entries: 256 (order: 0, 4096 bytes, linear)
[    0.125467] Fallback order for Node 0: 0 
[    0.126012] Built 1 zonelists, mobility grouping on.  Total pages: 515808
[    0.126882] Policy zone: DMA32
[    0.127273] Kernel command line: net.ifnames=0 console=ttyS0 root=/dev/sda earlyprintk=serial net.ifnames=0
[    0.131610] Dentry cache hash table entries: 262144 (order: 9, 2097152 bytes, linear)
[    0.133703] Inode-cache hash table entries: 131072 (order: 8, 1048576 bytes, linear)
[    0.134869] mem auto-init: stack:off, heap alloc:off, heap free:off
[    0.139049] Memory: 1985384K/2096632K available (32784K kernel code, 4691K rwdata, 7816K rodata, 3672K init, 22124K bss, 110992K reserved, 0K cma-reserved)
[    0.142010] SLUB: HWalign=64, Order=0-3, MinObjects=0, CPUs=2, Nodes=1
[    0.142830] kmemleak: Kernel memory leak detector disabled
[    0.143571] ftrace: allocating 67281 entries in 263 pages
[    0.181604] ftrace: allocated 263 pages with 4 groups
[    0.185429] Dynamic Preempt: voluntary
[    0.186109] Running RCU self tests
[    0.186555] rcu: Preemptible hierarchical RCU implementation.
[    0.187263] rcu: 	RCU lockdep checking is enabled.
[    0.187876] rcu: 	RCU restricting CPUs from NR_CPUS=8192 to nr_cpu_ids=2.
[    0.188713] 	Trampoline variant of Tasks RCU enabled.
[    0.189340] 	Rude variant of Tasks RCU enabled.
[    0.189897] 	Tracing variant of Tasks RCU enabled.
[    0.190491] rcu: RCU calculated value of scheduler-enlistment delay is 25 jiffies.
[    0.191436] rcu: Adjusting geometry for rcu_fanout_leaf=16, nr_cpu_ids=2
[    0.216803] NR_IRQS: 524544, nr_irqs: 440, preallocated irqs: 16
[    0.217954] rcu: srcu_init: Setting srcu_struct sizes based on contention.
[    0.230759] Console: colour VGA+ 80x25
[    0.231332] printk: console [ttyS0] enabled
[    0.231332] printk: console [ttyS0] enabled
[    0.232412] printk: bootconsole [earlyser0] disabled
[    0.232412] printk: bootconsole [earlyser0] disabled
[    0.233672] Lock dependency validator: Copyright (c) 2006 Red Hat, Inc., Ingo Molnar
[    0.234679] ... MAX_LOCKDEP_SUBCLASSES:  8
[    0.235214] ... MAX_LOCK_DEPTH:          48
[    0.235778] ... MAX_LOCKDEP_KEYS:        8192
[    0.236366] ... CLASSHASH_SIZE:          4096
[    0.236922] ... MAX_LOCKDEP_ENTRIES:     32768
[    0.237497] ... MAX_LOCKDEP_CHAINS:      65536
[    0.238067] ... CHAINHASH_SIZE:          32768
[    0.238638]  memory used by lock dependency info: 6365 kB
[    0.239330]  memory used for stack traces: 4224 kB
[    0.239952]  per task-struct memory footprint: 1920 bytes
[    0.240704] ACPI: Core revision 20220331
[    0.241540] clocksource: hpet: mask: 0xffffffff max_cycles: 0xffffffff, max_idle_ns: 19112604467 ns
[    0.242964] APIC: Switch to symmetric I/O mode setup
[    0.243999] x2apic enabled
[    0.244737] Switched APIC routing to physical x2apic.
[    0.245384] kvm-guest: setup PV IPIs
[    0.247511] ..TIMER: vector=0x30 apic1=0 pin1=2 apic2=-1 pin2=-1
[    0.248352] clocksource: tsc-early: mask: 0xffffffffffffffff max_cycles: 0x363e8c91135, max_idle_ns: 881590568389 ns
[    0.249742] Calibrating delay loop (skipped) preset value.. 3763.20 BogoMIPS (lpj=7526400)
[    0.250818] pid_max: default: 32768 minimum: 301
[    0.253901] LSM: Security Framework initializing
[    0.254523] Yama: becoming mindful.
[    0.255276] Mount-cache hash table entries: 4096 (order: 3, 32768 bytes, linear)
[    0.256245] Mountpoint-cache hash table entries: 4096 (order: 3, 32768 bytes, linear)
[    0.259511] CPU0: Thermal monitoring enabled (TM1)
[    0.260451] x86/cpu: User Mode Instruction Prevention (UMIP) activated
[    0.262508] Last level iTLB entries: 4KB 0, 2MB 0, 4MB 0
[    0.263331] Last level dTLB entries: 4KB 0, 2MB 0, 4MB 0, 1GB 0
[    0.264196] Spectre V1 : Mitigation: usercopy/swapgs barriers and __user pointer sanitization
[    0.265729] Spectre V2 : WARNING: Unprivileged eBPF is enabled with eIBRS on, data leaks possible via Spectre v2 BHB attacks!
[    0.267179] Spectre V2 : Mitigation: Enhanced IBRS
[    0.267781] Spectre V2 : Spectre v2 / SpectreRSB mitigation: Filling RSB on context switch
[    0.269726] Spectre V2 : Spectre v2 / PBRSB-eIBRS: Retire a single CALL on VMEXIT
[    0.270693] Spectre V2 : mitigation: Enabling conditional Indirect Branch Prediction Barrier
[    0.271746] Speculative Store Bypass: Mitigation: Speculative Store Bypass disabled via prctl
[    0.272797] MMIO Stale Data: Unknown: No mitigations
[    0.388216] Freeing SMP alternatives memory: 56K
[    0.389679] smpboot: CPU0: Genuine Intel(R) 0000 (family: 0x6, model: 0xba, stepping: 0x2)
[    0.389719] cblist_init_generic: Setting adjustable number of callback queues.
[    0.389719] cblist_init_generic: Setting shift to 1 and lim to 1.
[    0.389719] cblist_init_generic: Setting shift to 1 and lim to 1.
[    0.389798] cblist_init_generic: Setting shift to 1 and lim to 1.
[    0.390718] Running RCU-tasks wait API self tests
[    0.493853] Performance Events: Alderlake Hybrid events, full-width counters, Intel PMU driver.
[    0.495784] core: cpu_core PMU driver: 
[    0.496341] ... version:                2
[    0.496899] ... bit width:              48
[    0.497467] ... generic registers:      6
[    0.497728] ... value mask:             0000ffffffffffff
[    0.498451] ... max period:             00007fffffffffff
[    0.499172] ... fixed-purpose events:   3
[    0.499730] ... event mask:             0001000f0000003f
[    0.500810] rcu: Hierarchical SRCU implementation.
[    0.501471] rcu: 	Max phase no-delay instances is 1000.
[    0.504799] unchecked MSR access error: WRMSR to 0x38f (tried to write 0x0001000f0000003f) at rIP: 0xffffffff810ce49c (native_write_msr+0xc/0x30)
[    0.505719] Call Trace:
[    0.505719]  <TASK>
[    0.505719]  __intel_pmu_enable_all.constprop.46+0xb5/0x140
[    0.505719]  intel_pmu_enable_all+0x1e/0x30
[    0.505719]  x86_pmu_enable+0x46d/0x5a0
[    0.505719]  ? write_comp_data+0x2f/0x90
[    0.505719]  perf_pmu_enable+0x53/0x70
[    0.505719]  ctx_resched+0xab/0xf0
[    0.505719]  __perf_install_in_context+0x31b/0x480
[    0.505719]  ? perf_duration_warn+0x50/0x50
[    0.505719]  ? perf_duration_warn+0x50/0x50
[    0.505719]  remote_function+0x80/0xa0
[    0.505719]  ? perf_duration_warn+0x50/0x50
[    0.505719]  generic_exec_single+0x124/0x190
[    0.505719]  smp_call_function_single+0x11c/0x240
[    0.505719]  ? perf_duration_warn+0x50/0x50
[    0.505719]  ? __sanitizer_cov_trace_pc+0x25/0x60
[    0.505719]  ? write_comp_data+0x2f/0x90
[    0.505719]  perf_install_in_context+0x2e8/0x310
[    0.505719]  ? ctx_resched+0xf0/0xf0
[    0.505719]  perf_event_create_kernel_counter+0x16a/0x200
[    0.505719]  ? find_next_bit+0x30/0x30
[    0.505719]  hardlockup_detector_event_create+0x46/0xd0
[    0.505719]  hardlockup_detector_perf_init+0x18/0x66
[    0.505719]  watchdog_nmi_probe+0x17/0x1d
[    0.505719]  lockup_detector_init+0x40/0xaf
[    0.505719]  kernel_init_freeable+0x264/0x42e
[    0.505719]  ? rest_init+0x240/0x240
[    0.505719]  kernel_init+0x24/0x1e0
[    0.505719]  ? rest_init+0x240/0x240
[    0.505719]  ret_from_fork+0x1f/0x30
[    0.505719]  </TASK>
[    0.505778] Callback from call_rcu_tasks_trace() invoked.
[    0.506882] smp: Bringing up secondary CPUs ...
[    0.508671] x86: Booting SMP configuration:
[    0.509302] .... node  #0, CPUs:      #1
[    0.510217] smp: Brought up 1 node, 2 CPUs
[    0.511006] smpboot: Max logical packages: 1
[    0.511597] smpboot: Total of 2 processors activated (7526.40 BogoMIPS)
[    0.521979] devtmpfs: initialized
[    0.522174] x86/mm: Memory block size: 128MB
[    0.526180] clocksource: jiffies: mask: 0xffffffff max_cycles: 0xffffffff, max_idle_ns: 7645041785100000 ns
[    0.527572] futex hash table entries: 512 (order: 4, 65536 bytes, linear)
[    0.528847] pinctrl core: initialized pinctrl subsystem
[    0.530374] 
[    0.530603] *************************************************************
[    0.531549] **     NOTICE NOTICE NOTICE NOTICE NOTICE NOTICE NOTICE    **
[    0.532505] **                                                         **
[    0.533459] **  IOMMU DebugFS SUPPORT HAS BEEN ENABLED IN THIS KERNEL  **
[    0.533727] **                                                         **
[    0.534677] ** This means that this kernel is built to expose internal **
[    0.535662] ** IOMMU data structures, which may compromise security on **
[    0.536637] ** your system.                                            **
[    0.537594] **                                                         **
[    0.537725] ** If you see this message and you are not debugging the   **
[    0.538667] ** kernel, report this immediately to your vendor!         **
[    0.539626] **                                                         **
[    0.540567] **     NOTICE NOTICE NOTICE NOTICE NOTICE NOTICE NOTICE    **
[    0.541506] *************************************************************
[    0.541841] PM: RTC time: 01:30:25, date: 2023-03-14
[    0.547489] NET: Registered PF_NETLINK/PF_ROUTE protocol family
[    0.548992] DMA: preallocated 256 KiB GFP_KERNEL pool for atomic allocations
[    0.549763] DMA: preallocated 256 KiB GFP_KERNEL|GFP_DMA pool for atomic allocations
[    0.550871] DMA: preallocated 256 KiB GFP_KERNEL|GFP_DMA32 pool for atomic allocations
[    0.552052] audit: initializing netlink subsys (disabled)
[    0.552889] audit: type=2000 audit(1678757425.248:1): state=initialized audit_enabled=0 res=1
[    0.552889] thermal_sys: Registered thermal governor 'fair_share'
[    0.552889] thermal_sys: Registered thermal governor 'bang_bang'
[    0.552889] thermal_sys: Registered thermal governor 'step_wise'
[    0.552889] thermal_sys: Registered thermal governor 'user_space'
[    0.553828] cpuidle: using governor ladder
[    0.557749] cpuidle: using governor menu
[    0.558766] acpiphp: ACPI Hot Plug PCI Controller Driver version: 0.5
[    0.560146] PCI: Using configuration type 1 for base access
[    0.575436] kprobes: kprobe jump-optimization is enabled. All kprobes are optimized if possible.
[    0.786847] HugeTLB: registered 1.00 GiB page size, pre-allocated 0 pages
[    0.788071] HugeTLB: 16380 KiB vmemmap can be freed for a 1.00 GiB page
[    0.789204] HugeTLB: registered 2.00 MiB page size, pre-allocated 0 pages
[    0.789771] HugeTLB: 28 KiB vmemmap can be freed for a 2.00 MiB page
[    0.793167] ACPI: Added _OSI(Module Device)
[    0.793745] ACPI: Added _OSI(Processor Device)
[    0.794511] ACPI: Added _OSI(3.0 _SCP Extensions)
[    0.795330] ACPI: Added _OSI(Processor Aggregator Device)
[    0.805698] ACPI: 1 ACPI AML tables successfully acquired and loaded
[    0.810393] ACPI: Interpreter enabled
[    0.811155] ACPI: PM: (supports S0 S3 S4 S5)
[    0.811905] ACPI: Using IOAPIC for interrupt routing
[    0.812810] PCI: Using host bridge windows from ACPI; if necessary, use "pci=nocrs" and report a bug
[    0.813726] PCI: Using E820 reservations for host bridge windows
[    0.815499] ACPI: Enabled 2 GPEs in block 00 to 0F
[    0.834207] ACPI: PCI Root Bridge [PCI0] (domain 0000 [bus 00-ff])
[    0.835327] acpi PNP0A03:00: _OSC: OS supports [ASPM ClockPM Segments MSI EDR HPX-Type3]
[    0.836703] acpi PNP0A03:00: _OSC: not requesting OS control; OS requires [ExtendedConfig ASPM ClockPM MSI]
[    0.837818] acpi PNP0A03:00: fail to add MMCONFIG information, can't access extended PCI configuration space under this bridge.
[    0.842608] acpiphp: Slot [3] registered
[    0.843387] acpiphp: Slot [4] registered
[    0.844139] acpiphp: Slot [5] registered
[    0.844891] acpiphp: Slot [6] registered
[    0.845642] acpiphp: Slot [7] registered
[    0.845815] acpiphp: Slot [8] registered
[    0.846582] acpiphp: Slot [9] registered
[    0.847389] acpiphp: Slot [10] registered
[    0.848175] acpiphp: Slot [11] registered
[    0.848969] acpiphp: Slot [12] registered
[    0.849823] acpiphp: Slot [13] registered
[    0.850618] acpiphp: Slot [14] registered
[    0.851394] acpiphp: Slot [15] registered
[    0.852162] acpiphp: Slot [16] registered
[    0.852956] acpiphp: Slot [17] registered
[    0.853754] acpiphp: Slot [18] registered
[    0.854530] acpiphp: Slot [19] registered
[    0.855305] acpiphp: Slot [20] registered
[    0.856071] acpiphp: Slot [21] registered
[    0.856863] acpiphp: Slot [22] registered
[    0.857710] acpiphp: Slot [23] registered
[    0.858563] acpiphp: Slot [24] registered
[    0.859356] acpiphp: Slot [25] registered
[    0.860126] acpiphp: Slot [26] registered
[    0.860917] acpiphp: Slot [27] registered
[    0.861690] acpiphp: Slot [28] registered
[    0.861802] acpiphp: Slot [29] registered
[    0.862575] acpiphp: Slot [30] registered
[    0.863344] acpiphp: Slot [31] registered
[    0.864075] PCI host bridge to bus 0000:00
[    0.864790] pci_bus 0000:00: root bus resource [io  0x0000-0x0cf7 window]
[    0.865727] pci_bus 0000:00: root bus resource [io  0x0d00-0xffff window]
[    0.866954] pci_bus 0000:00: root bus resource [mem 0x000a0000-0x000bffff window]
[    0.868235] pci_bus 0000:00: root bus resource [mem 0x80000000-0xfebfffff window]
[    0.869517] pci_bus 0000:00: root bus resource [mem 0x100000000-0x17fffffff window]
[    0.869731] pci_bus 0000:00: root bus resource [bus 00-ff]
[    0.870849] pci 0000:00:00.0: [8086:1237] type 00 class 0x060000
[    0.875518] pci 0000:00:01.0: [8086:7000] type 00 class 0x060100
[    0.877828] pci 0000:00:01.1: [8086:7010] type 00 class 0x010180
[    0.880568] pci 0000:00:01.1: reg 0x20: [io  0xc040-0xc04f]
[    0.882339] pci 0000:00:01.1: legacy IDE quirk: reg 0x10: [io  0x01f0-0x01f7]
[    0.883568] pci 0000:00:01.1: legacy IDE quirk: reg 0x14: [io  0x03f6]
[    0.884684] pci 0000:00:01.1: legacy IDE quirk: reg 0x18: [io  0x0170-0x0177]
[    0.885728] pci 0000:00:01.1: legacy IDE quirk: reg 0x1c: [io  0x0376]
[    0.887274] pci 0000:00:01.3: [8086:7113] type 00 class 0x068000
[    0.889178] pci 0000:00:01.3: quirk: [io  0x0600-0x063f] claimed by PIIX4 ACPI
[    0.889757] pci 0000:00:01.3: quirk: [io  0x0700-0x070f] claimed by PIIX4 SMB
[    0.891506] pci 0000:00:02.0: [1234:1111] type 00 class 0x030000
[    0.894245] pci 0000:00:02.0: reg 0x10: [mem 0xfd000000-0xfdffffff pref]
[    0.898231] pci 0000:00:02.0: reg 0x18: [mem 0xfebf0000-0xfebf0fff]
[    0.905392] pci 0000:00:02.0: reg 0x30: [mem 0xfebe0000-0xfebeffff pref]
[    0.906298] pci 0000:00:02.0: Video device with shadowed ROM at [mem 0x000c0000-0x000dffff]
[    0.912517] pci 0000:00:03.0: [8086:100e] type 00 class 0x020000
[    0.914013] pci 0000:00:03.0: reg 0x10: [mem 0xfebc0000-0xfebdffff]
[    0.915578] pci 0000:00:03.0: reg 0x14: [io  0xc000-0xc03f]
[    0.919374] pci 0000:00:03.0: reg 0x30: [mem 0xfeb80000-0xfebbffff pref]
[    0.954905] ACPI: PCI: Interrupt link LNKA configured for IRQ 10
[    0.956431] ACPI: PCI: Interrupt link LNKB configured for IRQ 10
[    0.957859] ACPI: PCI: Interrupt link LNKC configured for IRQ 11
[    0.959294] ACPI: PCI: Interrupt link LNKD configured for IRQ 11
[    0.960532] ACPI: PCI: Interrupt link LNKS configured for IRQ 9
[    0.964153] iommu: Default domain type: Translated 
[    0.965042] iommu: DMA domain TLB invalidation policy: lazy mode 
[    0.967656] SCSI subsystem initialized
[    0.968834] ACPI: bus type USB registered
[    0.969662] usbcore: registered new interface driver usbfs
[    0.969805] usbcore: registered new interface driver hub
[    0.970756] usbcore: registered new device driver usb
[    0.971813] pps_core: LinuxPPS API ver. 1 registered
[    0.972682] pps_core: Software ver. 5.3.6 - Copyright 2005-2007 Rodolfo Giometti <giometti@linux.it>
[    0.973739] PTP clock support registered
[    0.974694] EDAC MC: Ver: 3.0.0
[    0.977669] NetLabel: Initializing
[    0.977731] NetLabel:  domain hash size = 128
[    0.978493] NetLabel:  protocols = UNLABELED CIPSOv4 CALIPSO
[    0.979630] NetLabel:  unlabeled traffic allowed by default
[    0.981212] PCI: Using ACPI for IRQ routing
[    0.982127] pci 0000:00:02.0: vgaarb: setting as boot VGA device
[    0.983184] pci 0000:00:02.0: vgaarb: bridge control possible
[    0.984171] pci 0000:00:02.0: vgaarb: VGA device added: decodes=io+mem,owns=io+mem,locks=none
[    0.985629] vgaarb: loaded
[    0.986768] hpet0: at MMIO 0xfed00000, IRQs 2, 8, 0
[    0.987642] hpet0: 3 comparators, 64-bit 100.000000 MHz counter
[    3.561346] Callback from call_rcu_tasks_rude() invoked.
[    3.561346] clocksource: Switched to clocksource kvm-clock
[    3.669983] Callback from call_rcu_tasks() invoked.
[    3.772509] VFS: Disk quotas dquot_6.6.0
[    3.773219] VFS: Dquot-cache hash table entries: 512 (order 0, 4096 bytes)
[    3.774751] pnp: PnP ACPI init
[    3.777306] pnp: PnP ACPI: found 6 devices
[    3.792622] clocksource: acpi_pm: mask: 0xffffff max_cycles: 0xffffff, max_idle_ns: 2085701024 ns
[    3.794462] NET: Registered PF_INET protocol family
[    3.795646] IP idents hash table entries: 32768 (order: 6, 262144 bytes, linear)
[    3.798066] tcp_listen_portaddr_hash hash table entries: 1024 (order: 4, 73728 bytes, linear)
[    3.799446] Table-perturb hash table entries: 65536 (order: 6, 262144 bytes, linear)
[    3.800727] TCP established hash table entries: 16384 (order: 5, 131072 bytes, linear)
[    3.802296] TCP bind hash table entries: 16384 (order: 9, 2359296 bytes, linear)
[    3.806862] TCP: Hash tables configured (established 16384 bind 16384)
[    3.808151] UDP hash table entries: 1024 (order: 5, 163840 bytes, linear)
[    3.809383] UDP-Lite hash table entries: 1024 (order: 5, 163840 bytes, linear)
[    3.810897] NET: Registered PF_UNIX/PF_LOCAL protocol family
[    3.812820] RPC: Registered named UNIX socket transport module.
[    3.813810] RPC: Registered udp transport module.
[    3.814523] RPC: Registered tcp transport module.
[    3.815233] RPC: Registered tcp NFSv4.1 backchannel transport module.
[    3.816246] pci_bus 0000:00: resource 4 [io  0x0000-0x0cf7 window]
[    3.817179] pci_bus 0000:00: resource 5 [io  0x0d00-0xffff window]
[    3.818124] pci_bus 0000:00: resource 6 [mem 0x000a0000-0x000bffff window]
[    3.819156] pci_bus 0000:00: resource 7 [mem 0x80000000-0xfebfffff window]
[    3.820186] pci_bus 0000:00: resource 8 [mem 0x100000000-0x17fffffff window]
[    3.821502] pci 0000:00:01.0: PIIX3: Enabling Passive Release
[    3.822421] pci 0000:00:00.0: Limiting direct PCI/PCI transfers
[    3.823457] PCI: CLS 0 bytes, default 64
[    3.824571] ACPI: bus type thunderbolt registered
[    3.825707] clocksource: tsc: mask: 0xffffffffffffffff max_cycles: 0x363e8c91135, max_idle_ns: 881590568389 ns
[    3.831703] Initialise system trusted keyrings
[    3.832539] Key type blacklist registered
[    3.833398] workingset: timestamp_bits=36 max_order=19 bucket_order=0
[    3.845267] zbud: loaded
[    3.848111] squashfs: version 4.0 (2009/01/31) Phillip Lougher
[    3.850914] NFS: Registering the id_resolver key type
[    3.851717] Key type id_resolver registered
[    3.852362] Key type id_legacy registered
[    3.853092] nfs4filelayout_init: NFSv4 File Layout Driver Registering...
[    3.854163] nfs4flexfilelayout_init: NFSv4 Flexfile Layout Driver Registering...
[    3.855374] fuse: init (API version 7.37)
[    3.856299] SGI XFS with ACLs, security attributes, realtime, quota, no debug enabled
[    3.859920] 9p: Installing v9fs 9p2000 file system support
[    3.867857] Key type asymmetric registered
[    3.868518] Asymmetric key parser 'x509' registered
[    3.871977] alg: self-tests for CTR-KDF (hmac(sha256)) passed
[    3.873001] Block layer SCSI generic (bsg) driver version 0.4 loaded (major 243)
[    3.874459] io scheduler mq-deadline registered
[    3.875305] io scheduler bfq registered
[    3.877289] shpchp: Standard Hot Plug PCI Controller Driver version: 0.4
[    3.878759] IPMI message handler: version 39.2
[    3.879506] ipmi device interface
[    3.881651] input: Power Button as /devices/LNXSYSTM:00/LNXPWRBN:00/input/input0
[    3.883005] ACPI: button: Power Button [PWRF]
[    3.884742] ERST DBG: ERST support is disabled.
[    3.886036] Serial: 8250/16550 driver, 32 ports, IRQ sharing enabled
[    3.887832] 00:04: ttyS0 at I/O 0x3f8 (irq = 4, base_baud = 115200) is a 16550A
[    3.897766] Linux agpgart interface v0.103
[    3.899156] ACPI: bus type drm_connector registered
[    3.912945] brd: module loaded
[    3.921600] loop: module loaded
[    3.927269] scsi host0: ata_piix
[    3.928583] scsi host1: ata_piix
[    3.929249] ata1: PATA max MWDMA2 cmd 0x1f0 ctl 0x3f6 bmdma 0xc040 irq 14
[    3.930280] ata2: PATA max MWDMA2 cmd 0x170 ctl 0x376 bmdma 0xc048 irq 15
[    3.932774] tun: Universal TUN/TAP device driver, 1.6
[    3.933685] e100: Intel(R) PRO/100 Network Driver
[    3.934424] e100: Copyright(c) 1999-2006 Intel Corporation
[    3.935318] e1000: Intel(R) PRO/1000 Network Driver
[    3.936051] e1000: Copyright (c) 1999-2006 Intel Corporation.
[    4.090094] ata1: found unknown device (class 0)
[    4.091690] ata1.00: ATA-7: QEMU HARDDISK, 2.5+, max UDMA/100
[    4.092586] ata1.00: 16777216 sectors, multi 16: LBA48 
[    4.093836] ata2: found unknown device (class 0)
[    4.095476] ata2.00: ATAPI: QEMU DVD-ROM, 2.5+, max UDMA/100
[    4.105925] scsi 0:0:0:0: Direct-Access     ATA      QEMU HARDDISK    2.5+ PQ: 0 ANSI: 5
[    4.108133] sd 0:0:0:0: Attached scsi generic sg0 type 0
[    4.108623] sd 0:0:0:0: [sda] 16777216 512-byte logical blocks: (8.59 GB/8.00 GiB)
[    4.110339] scsi 1:0:0:0: CD-ROM            QEMU     QEMU DVD-ROM     2.5+ PQ: 0 ANSI: 5
[    4.110352] sd 0:0:0:0: [sda] Write Protect is off
[    4.112680] sd 0:0:0:0: [sda] Write cache: enabled, read cache: enabled, doesn't support DPO or FUA
[    4.113372] ACPI: \_SB_.LNKC: Enabled at IRQ 11
[    4.114371] sd 0:0:0:0: [sda] Preferred minimum I/O size 512 bytes
[    4.136124] sd 0:0:0:0: [sda] Attached SCSI disk
[    4.142940] scsi 1:0:0:0: Attached scsi generic sg1 type 5
[    4.466662] e1000 0000:00:03.0 eth0: (PCI:33MHz:32-bit) 52:54:00:12:34:56
[    4.467535] e1000 0000:00:03.0 eth0: Intel(R) PRO/1000 Network Connection
[    4.468501] e1000e: Intel(R) PRO/1000 Network Driver
[    4.469109] e1000e: Copyright(c) 1999 - 2015 Intel Corporation.
[    4.469917] igb: Intel(R) Gigabit Ethernet Network Driver
[    4.470564] igb: Copyright (c) 2007-2014 Intel Corporation.
[    4.471323] PPP generic driver version 2.4.2
[    4.472405] VFIO - User Level meta-driver version: 0.3
[    4.473608] usbcore: registered new interface driver uas
[    4.474310] usbcore: registered new interface driver usb-storage
[    4.475163] i8042: PNP: PS/2 Controller [PNP0303:KBD,PNP0f13:MOU] at 0x60,0x64 irq 1,12
[    4.477158] serio: i8042 KBD port at 0x60,0x64 irq 1
[    4.477812] serio: i8042 AUX port at 0x60,0x64 irq 12
[    4.479214] mousedev: PS/2 mouse device common for all mice
[    4.480766] input: AT Translated Set 2 keyboard as /devices/platform/i8042/serio0/input/input1
[    4.482048] rtc_cmos 00:05: RTC can wake from S4
[    4.483931] input: VirtualPS/2 VMware VMMouse as /devices/platform/i8042/serio1/input/input4
[    4.484040] rtc_cmos 00:05: registered as rtc0
[    4.485786] rtc_cmos 00:05: setting system clock to 2023-03-14T01:30:29 UTC (1678757429)
[    4.486931] rtc_cmos 00:05: alarms up to one day, y3k, 242 bytes nvram, hpet irqs
[    4.487056] input: VirtualPS/2 VMware VMMouse as /devices/platform/i8042/serio1/input/input3
[    4.487972] i2c_dev: i2c /dev entries driver
[    4.489683] device-mapper: core: CONFIG_IMA_DISABLE_HTABLE is disabled. Duplicate IMA measurements will not be recorded in the IMA log.
[    4.491275] device-mapper: uevent: version 1.0.3
[    4.492171] device-mapper: ioctl: 4.47.0-ioctl (2022-07-28) initialised: dm-devel@redhat.com
[    4.493250] intel_pstate: CPU model not supported
[    4.493992] sdhci: Secure Digital Host Controller Interface driver
[    4.494723] sdhci: Copyright(c) Pierre Ossman
[    4.495323] sdhci-pltfm: SDHCI platform and OF driver helper
[    4.496175] ledtrig-cpu: registered to indicate activity on CPUs
[    4.497297] drop_monitor: Initializing network drop monitor service
[    4.498630] NET: Registered PF_INET6 protocol family
[    4.501822] Segment Routing with IPv6
[    4.502322] In-situ OAM (IOAM) with IPv6
[    4.502861] NET: Registered PF_PACKET protocol family
[    4.503861] 9pnet: Installing 9P2000 support
[    4.504496] Key type dns_resolver registered
[    4.505990] IPI shorthand broadcast: enabled
[    4.506611] sched_clock: Marking stable (4478845248, 26886325)->(4557311572, -51579999)
[    4.508614] registered taskstats version 1
[    4.509380] Loading compiled-in X.509 certificates
[    4.510276] zswap: loaded using pool lzo/zbud
[    4.511664] Key type .fscrypt registered
[    4.512175] Key type fscrypt-provisioning registered
[    4.513897] Key type encrypted registered
[    4.514513] ima: No TPM chip found, activating TPM-bypass!
[    4.515230] ima: Allocated hash algorithm: sha1
[    4.515884] ima: No architecture policies found
[    4.516538] evm: Initialising EVM extended attributes:
[    4.517194] evm: security.selinux
[    4.517618] evm: security.SMACK64
[    4.518073] evm: security.SMACK64EXEC
[    4.518539] evm: security.SMACK64TRANSMUTE
[    4.519072] evm: security.SMACK64MMAP
[    4.519537] evm: security.apparmor
[    4.519972] evm: security.ima
[    4.520367] evm: security.capability
[    4.520821] evm: HMAC attrs: 0x1
[    4.526661] PM:   Magic number: 15:612:508
[    4.527238] bsg 1:0:0:0: hash matches
[    4.527737] scsi_device 1:0:0:0: hash matches
[    4.528306] scsi 1:0:0:0: hash matches
[    4.528843] pci 0000:00:01.0: hash matches
[    4.529885] RAS: Correctable Errors collector initialized.
[    4.531694] md: Waiting for all devices to be available before autodetect
[    4.532266] md: If you don't use raid, use raid=noautodetect
[    4.532737] md: Autodetecting RAID arrays.
[    4.533089] md: autorun ...
[    4.533334] md: ... autorun DONE.
[    4.553174] EXT4-fs (sda): mounted filesystem with ordered data mode. Quota mode: none.
[    4.553961] VFS: Mounted root (ext4 filesystem) readonly on device 8:0.
[    4.557032] devtmpfs: mounted
[    4.564644] Freeing unused decrypted memory: 2036K
[    4.568379] Freeing unused kernel image (initmem) memory: 3672K
[    4.568896] Write protecting the kernel read-only data: 43008k
[    4.573135] Freeing unused kernel image (text/rodata gap) memory: 2028K
[    4.574366] Freeing unused kernel image (rodata/data gap) memory: 376K
[    4.652961] x86/mm: Checked W+X mappings: passed, no W+X pages found.
[    4.653576] Run /sbin/init as init process
[    4.785887] systemd[1]: RTC configured in localtime, applying delta of 0 minutes to system time.
[    4.822162] systemd[1]: systemd 239 (239-49.el8) running in system mode. (+PAM +AUDIT +SELINUX +IMA -APPARMOR +SMACK +SYSVINIT +UTMP +LIBCRYPTSETUP +GCRYPT +GNUTLS +ACL +XZ +LZ4 +SECCOMP +BLKID +ELFUTILS +KMOD +IDN2 -IDN +PCRE2 default-hierarchy=legacy)
[    4.824381] systemd[1]: Detected virtualization kvm.
[    4.824858] systemd[1]: Detected architecture x86-64.

Welcome to [0;31mCentOS Stream 8[0m!

[    4.888241] systemd[1]: Set hostname to <test>.
[    5.953804] random: crng init done
[    6.099322] systemd[1]: Listening on initctl Compatibility Named Pipe.
[[0;32m  OK  [0m] Listening on initctl Compatibility Named Pipe.
[    6.101376] systemd[1]: Listening on Device-mapper event daemon FIFOs.
[[0;32m  OK  [0m] Listening on Device-mapper event daemon FIFOs.
[    6.103541] systemd[1]: Set up automount Arbitrary Executable File Formats File System Automount Point.
[[0;32m  OK  [0m] Set up automount Arbitrary Executabâ€¦rmats File System Automount Point.
[    6.105869] systemd[1]: Listening on Journal Socket (/dev/log).
[[0;32m  OK  [0m] Listening on Journal Socket (/dev/log).
[    6.107493] systemd[1]: Listening on multipathd control socket.
[[0;32m  OK  [0m] Listening on multipathd control socket.
[    6.111786] systemd[1]: Created slice system-serial\x2dgetty.slice.
[[0;32m  OK  [0m] Created slice system-serial\x2dgetty.slice.
[[0;32m  OK  [0m] Reached target Swap.
[[0;32m  OK  [0m] Listening on Journal Socket.
         Starting Monitoring of LVM2 mirrorsâ€¦ng dmeventd or progress polling...
         Mounting Kernel Debug File System...
         Starting Remount Root and Kernel File Systems...
         Starting Load Kernel Modules...
         Starting Setup Virtual Console...
[[0;32m  OK  [0m] Created slice User and Session Slice.
[[0;32m  OK  [0m] Started Forward Password Requests to Wall Directory Watch.
         Mounting Huge Pages File System...
[[0;32m  OK  [0m] Listening on udev Kernel Socket.
[[0;32m  OK  [0m] Created slice system-getty.slice.
[[0;32m  OK  [0m] Listening on Process Core Dump Socket.
         Starting Journal Service...
[[0;32m  OK  [0m] Reached target Slices.
[[0;32m  OK  [0m] Listening on udev Control Socket.
         Starting udev Coldplug all Devices...
[[0;32m  OK  [0m] Listening on LVM2 poll daemon socket.
[[0;32m  OK  [0m] Listening on RPCbind Server Activation Socket.
[[0;32m  OK  [0m] Reached target RPC Port Mapper.
[[0;32m  OK  [0m] Created slice system-sshd\x2dkeygen.slice.
         Mounting POSIX Message Queue File System...
[    6.414653] EXT4-fs (sda): re-mounted. Quota mode: none.
[[0;32m  OK  [0m] Started Monitoring of LVM2 mirrors,â€¦sing dmeventd or progress polling.
[[0;32m  OK  [0m] Started Journal Service.
[[0;32m  OK  [0m] Mounted Kernel Debug File System.
[[0;32m  OK  [0m] Started Remount Root and Kernel File Systems.
[[0;1;31mFAILED[0m] Failed to start Load Kernel Modules.
See 'systemctl status systemd-modules-load.service' for details.
[[0;32m  OK  [0m] Mounted Huge Pages File System.
[[0;32m  OK  [0m] Mounted POSIX Message Queue File System.
         Mounting FUSE Control File System...
         Mounting Kernel Configuration File System...
         Starting Apply Kernel Variables...
         Starting Load/Save Random Seed...
         Starting Create Static Device Nodes in /dev...
         Starting Flush Journal to Persistent Storage...
[[0;32m  OK  [0m] Mounted FUSE Control File System.
[[0;32m  OK  [0m] Mounted Kernel Configuration File System.
[[0;32m  OK  [0m] Started Apply Kernel Variables.
[[0;32m  OK  [0m] Started Load/Save Random Seed.
[[0;32m  OK  [0m] Started Flush Journal to Persistent Storage.
[[0;32m  OK  [0m] Started udev Coldplug all Devices.
[[0;32m  OK  [0m] Started Create Static Device Nodes in /dev.
[[0;32m  OK  [0m] Started Setup Virtual Console.
         Starting udev Kernel Device Manager...
         Starting udev Wait for Complete Device Initialization...
[[0;32m  OK  [0m] Started udev Kernel Device Manager.
         Starting Show Plymouth Boot Screen...
[[0;32m  OK  [0m] Started Show Plymouth Boot Screen.
[[0;32m  OK  [0m] Started Forward Password Requests to Plymouth Directory Watch.
[[0;32m  OK  [0m] Reached target Paths.
[[0;32m  OK  [0m] Reached target Local Encrypted Volumes.
[[0;32m  OK  [0m] Found device /dev/ttyS0.
[[0;32m  OK  [0m] Started udev Wait for Complete Device Initialization.
[[0;32m  OK  [0m] Reached target Local File Systems (Pre).
[[0;32m  OK  [0m] Reached target Local File Systems.
         Starting Tell Plymouth To Write Out Runtime Data...
         Starting Restore /run/initramfs on shutdown...
         Starting Create Volatile Files and Directories...
[[0;32m  OK  [0m] Listening on Load/Save RF Kill Switch Status /dev/rfkill Watch.
[[0;32m  OK  [0m] Started Tell Plymouth To Write Out Runtime Data.
[[0;32m  OK  [0m] Started Restore /run/initramfs on shutdown.
[[0;32m  OK  [0m] Started Create Volatile Files and Directories.
         Starting Security Auditing Service...
         Starting RPC Bind...
         Mounting RPC Pipe File System...
[[0;32m  OK  [0m] Mounted RPC Pipe File System.
[[0;32m  OK  [0m] Reached target rpc_pipefs.target.
[[0;32m  OK  [0m] Started RPC Bind.
[[0;32m  OK  [0m] Started Security Auditing Service.
         Starting Update UTMP about System Boot/Shutdown...
[[0;32m  OK  [0m] Started Update UTMP about System Boot/Shutdown.
[[0;32m  OK  [0m] Reached target System Initialization.
[[0;32m  OK  [0m] Started daily update of the root trust anchor for DNSSEC.
[[0;32m  OK  [0m] Listening on D-Bus System Message Bus Socket.
[[0;32m  OK  [0m] Started dnf makecache --timer.
[[0;32m  OK  [0m] Started Daily Cleanup of Temporary Directories.
[[0;32m  OK  [0m] Reached target Timers.
[[0;32m  OK  [0m] Listening on SSSD Kerberos Cache Manager responder socket.
[[0;32m  OK  [0m] Reached target Sockets.
[[0;32m  OK  [0m] Reached target Basic System.
[[0;32m  OK  [0m] Started D-Bus System Message Bus.
         Starting Auto-connect to subsystemsâ€¦-NVME devices found during boot...
[[0;32m  OK  [0m] Started irqbalance daemon.
         Starting Self Monitoring and Reporting Technology (SMART) Daemon...
         Starting Network Manager...
         Starting Login Service...
         Starting Authorization Manager...
[[0;32m  OK  [0m] Started Machine Check Exception Logging Daemon.
         Starting NTP client/server...
[[0;32m  OK  [0m] Reached target sshd-keygen.target.
[[0;32m  OK  [0m] Started Auto-connect to subsystems â€¦FC-NVME devices found during boot.
         Starting update of the root trust aâ€¦or DNSSEC validation in unbound...
[[0;32m  OK  [0m] Started Self Monitoring and Reporting Technology (SMART) Daemon.
[[0;32m  OK  [0m] Started Login Service.
[[0;32m  OK  [0m] Started Network Manager.
         Starting Network Manager Wait Online...
[[0;32m  OK  [0m] Reached target Network.
         Starting Dynamic System Tuning Daemon...
         Starting OpenSSH server daemon...
         Starting GSSAPI Proxy Daemon...
         Starting Hostname Service...
[[0;32m  OK  [0m] Started OpenSSH server daemon.
[[0;32m  OK  [0m] Started update of the root trust anâ€¦ for DNSSEC validation in unbound.
[[0;32m  OK  [0m] Started GSSAPI Proxy Daemon.
[[0;32m  OK  [0m] Reached target NFS client services.
[[0;32m  OK  [0m] Reached target Remote File Systems (Pre).
[[0;32m  OK  [0m] Reached target Remote File Systems.
         Starting Permit User Sessions...
[[0;32m  OK  [0m] Started Authorization Manager.
[[0;32m  OK  [0m] Started NTP client/server.
[[0;32m  OK  [0m] Started Permit User Sessions.
[[0;32m  OK  [0m] Started Command Scheduler.
         Starting Terminate Plymouth Boot Screen...
         Starting Hold until boot process finishes up...
[[0;32m  OK  [0m] Started Terminate Plymouth Boot Screen.
[[0;32m  OK  [0m] Started Hold until boot process finishes up.
[    9.033947] e1000: eth0 NIC Link is Up 1000 Mbps Full Duplex, Flow Control: RX
[    9.035509] IPv6: ADDRCONF(NETDEV_CHANGE): eth0: link becomes ready
[    9.407361] Spectre V2 : WARNING: Unprivileged eBPF is enabled with eIBRS on, data leaks possible via Spectre v2 BHB attacks!
[    9.408577] Spectre V2 : WARNING: Unprivileged eBPF is enabled with eIBRS on, data leaks possible via Spectre v2 BHB attacks!

CentOS Stream 8
Kernel 6.1.0-rc3-658234de0d2e+ on an x86_64

test login: 