c[?7l[2J[0mSeaBIOS (version rel-1.16.0-0-gd239552ce722-prebuilt.qemu.org)


iPXE (http://ipxe.org) 00:03.0 CA00 PCI2.10 PnP PMM+7FF91000+7FEF1000 CA00
Press Ctrl-B to configure iPXE (PCI 00:03.0)...                                                                               


Booting from ROM...
c[?7l[2J[    0.000000] Linux version 6.1.0-rc3-725349f8ba1e+ (root@p-rplp02) (gcc (GCC) 8.5.0 20210514 (Red Hat 8.5.0-18), GNU ld version 2.36.1-2.el8) #1 SMP PREEMPT_DYNAMIC Tue Mar 14 08:20:06 CST 2023
[    0.000000] Command line: console=ttyS0 root=/dev/sda earlyprintk=serial net.ifnames=0
[    0.000000] KERNEL supported cpus:
[    0.000000]   Intel GenuineIntel
[    0.000000]   AMD AuthenticAMD
[    0.000000]   Hygon HygonGenuine
[    0.000000]   Centaur CentaurHauls
[    0.000000]   zhaoxin   Shanghai  
[    0.000000] x86/fpu: Supporting XSAVE feature 0x001: 'x87 floating point registers'
[    0.000000] x86/fpu: Supporting XSAVE feature 0x002: 'SSE registers'
[    0.000000] x86/fpu: Supporting XSAVE feature 0x004: 'AVX registers'
[    0.000000] x86/fpu: Supporting XSAVE feature 0x200: 'Protection Keys User registers'
[    0.000000] x86/fpu: xstate_offset[2]:  576, xstate_sizes[2]:  256
[    0.000000] x86/fpu: xstate_offset[9]:  832, xstate_sizes[9]:    8
[    0.000000] x86/fpu: Enabled xstate features 0x207, context size is 840 bytes, using 'compacted' format.
[    0.000000] signal: max sigframe size: 3632
[    0.000000] BIOS-provided physical RAM map:
[    0.000000] BIOS-e820: [mem 0x0000000000000000-0x000000000009fbff] usable
[    0.000000] BIOS-e820: [mem 0x000000000009fc00-0x000000000009ffff] reserved
[    0.000000] BIOS-e820: [mem 0x00000000000f0000-0x00000000000fffff] reserved
[    0.000000] BIOS-e820: [mem 0x0000000000100000-0x000000007ffdffff] usable
[    0.000000] BIOS-e820: [mem 0x000000007ffe0000-0x000000007fffffff] reserved
[    0.000000] BIOS-e820: [mem 0x00000000feffc000-0x00000000feffffff] reserved
[    0.000000] BIOS-e820: [mem 0x00000000fffc0000-0x00000000ffffffff] reserved
[    0.000000] printk: bootconsole [earlyser0] enabled
[    0.000000] NX (Execute Disable) protection: active
[    0.000000] SMBIOS 2.8 present.
[    0.000000] DMI: QEMU Standard PC (i440FX + PIIX, 1996), BIOS rel-1.16.0-0-gd239552ce722-prebuilt.qemu.org 04/01/2014
[    0.000000] Hypervisor detected: KVM
[    0.000000] kvm-clock: Using msrs 4b564d01 and 4b564d00
[    0.000005] kvm-clock: using sched offset of 418015475 cycles
[    0.000995] clocksource: kvm-clock: mask: 0xffffffffffffffff max_cycles: 0x1cd42e4dffb, max_idle_ns: 881590591483 ns
[    0.004086] tsc: Detected 1881.600 MHz processor
[    0.013712] last_pfn = 0x7ffe0 max_arch_pfn = 0x400000000
[    0.014943] x86/PAT: Configuration [0-7]: WB  WC  UC- UC  WB  WP  UC- WT  
[    0.022641] found SMP MP-table at [mem 0x000f5ba0-0x000f5baf]
[    0.023892] Using GB pages for direct mapping
[    0.026124] ACPI: Early table checksum verification disabled
[    0.027246] ACPI: RSDP 0x00000000000F59C0 000014 (v00 BOCHS )
[    0.028363] ACPI: RSDT 0x000000007FFE1951 000034 (v01 BOCHS  BXPC     00000001 BXPC 00000001)
[    0.029998] ACPI: FACP 0x000000007FFE17FD 000074 (v01 BOCHS  BXPC     00000001 BXPC 00000001)
[    0.031653] ACPI: DSDT 0x000000007FFE0040 0017BD (v01 BOCHS  BXPC     00000001 BXPC 00000001)
[    0.033296] ACPI: FACS 0x000000007FFE0000 000040
[    0.034199] ACPI: APIC 0x000000007FFE1871 000080 (v01 BOCHS  BXPC     00000001 BXPC 00000001)
[    0.035845] ACPI: HPET 0x000000007FFE18F1 000038 (v01 BOCHS  BXPC     00000001 BXPC 00000001)
[    0.037489] ACPI: WAET 0x000000007FFE1929 000028 (v01 BOCHS  BXPC     00000001 BXPC 00000001)
[    0.039138] ACPI: Reserving FACP table memory at [mem 0x7ffe17fd-0x7ffe1870]
[    0.040479] ACPI: Reserving DSDT table memory at [mem 0x7ffe0040-0x7ffe17fc]
[    0.041810] ACPI: Reserving FACS table memory at [mem 0x7ffe0000-0x7ffe003f]
[    0.043154] ACPI: Reserving APIC table memory at [mem 0x7ffe1871-0x7ffe18f0]
[    0.044548] ACPI: Reserving HPET table memory at [mem 0x7ffe18f1-0x7ffe1928]
[    0.045888] ACPI: Reserving WAET table memory at [mem 0x7ffe1929-0x7ffe1950]
[    0.048455] No NUMA configuration found
[    0.049193] Faking a node at [mem 0x0000000000000000-0x000000007ffdffff]
[    0.050570] NODE_DATA(0) allocated [mem 0x7ffb5000-0x7ffdffff]
[    0.055632] Zone ranges:
[    0.056144]   DMA      [mem 0x0000000000001000-0x0000000000ffffff]
[    0.057322]   DMA32    [mem 0x0000000001000000-0x000000007ffdffff]
[    0.058507]   Normal   empty
[    0.059059]   Device   empty
[    0.059607] Movable zone start for each node
[    0.060417] Early memory node ranges
[    0.061092]   node   0: [mem 0x0000000000001000-0x000000000009efff]
[    0.062271]   node   0: [mem 0x0000000000100000-0x000000007ffdffff]
[    0.063468] Initmem setup node 0 [mem 0x0000000000001000-0x000000007ffdffff]
[    0.065036] On node 0, zone DMA: 1 pages in unavailable ranges
[    0.065065] On node 0, zone DMA: 97 pages in unavailable ranges
[    0.071405] On node 0, zone DMA32: 32 pages in unavailable ranges
[    0.073187] ACPI: PM-Timer IO Port: 0x608
[    0.075138] ACPI: LAPIC_NMI (acpi_id[0xff] dfl dfl lint[0x1])
[    0.076356] IOAPIC[0]: apic_id 0, version 17, address 0xfec00000, GSI 0-23
[    0.077669] ACPI: INT_SRC_OVR (bus 0 bus_irq 0 global_irq 2 dfl dfl)
[    0.078878] ACPI: INT_SRC_OVR (bus 0 bus_irq 5 global_irq 5 high level)
[    0.080124] ACPI: INT_SRC_OVR (bus 0 bus_irq 9 global_irq 9 high level)
[    0.081393] ACPI: INT_SRC_OVR (bus 0 bus_irq 10 global_irq 10 high level)
[    0.082717] ACPI: INT_SRC_OVR (bus 0 bus_irq 11 global_irq 11 high level)
[    0.084053] ACPI: Using ACPI (MADT) for SMP configuration information
[    0.085296] ACPI: HPET id: 0x8086a201 base: 0xfed00000
[    0.086308] TSC deadline timer available
[    0.087071] smpboot: Allowing 2 CPUs, 0 hotplug CPUs
[    0.088090] kvm-guest: KVM setup pv remote TLB flush
[    0.089055] kvm-guest: setup PV sched yield
[    0.089930] PM: hibernation: Registered nosave memory: [mem 0x00000000-0x00000fff]
[    0.091401] PM: hibernation: Registered nosave memory: [mem 0x0009f000-0x0009ffff]
[    0.092850] PM: hibernation: Registered nosave memory: [mem 0x000a0000-0x000effff]
[    0.094308] PM: hibernation: Registered nosave memory: [mem 0x000f0000-0x000fffff]
[    0.095781] [mem 0x80000000-0xfeffbfff] available for PCI devices
[    0.096951] Booting paravirtualized kernel on KVM
[    0.097872] clocksource: refined-jiffies: mask: 0xffffffff max_cycles: 0xffffffff, max_idle_ns: 7645519600211568 ns
[    0.099903] setup_percpu: NR_CPUS:8192 nr_cpumask_bits:2 nr_cpu_ids:2 nr_node_ids:1
[    0.101779] percpu: Embedded 64 pages/cpu s225280 r8192 d28672 u1048576
[    0.103358] kvm-guest: PV spinlocks enabled
[    0.104172] PV qspinlock hash table entries: 256 (order: 0, 4096 bytes, linear)
[    0.105596] Fallback order for Node 0: 0 
[    0.106389] Built 1 zonelists, mobility grouping on.  Total pages: 515808
[    0.107711] Policy zone: DMA32
[    0.108358] Kernel command line: net.ifnames=0 console=ttyS0 root=/dev/sda earlyprintk=serial net.ifnames=0
[    0.110932] Dentry cache hash table entries: 262144 (order: 9, 2097152 bytes, linear)
[    0.112577] Inode-cache hash table entries: 131072 (order: 8, 1048576 bytes, linear)
[    0.114211] mem auto-init: stack:off, heap alloc:off, heap free:off
[    0.119622] Memory: 1985384K/2096632K available (32784K kernel code, 4691K rwdata, 7816K rodata, 3672K init, 22124K bss, 110992K reserved, 0K cma-reserved)
[    0.123501] SLUB: HWalign=64, Order=0-3, MinObjects=0, CPUs=2, Nodes=1
[    0.124750] kmemleak: Kernel memory leak detector disabled
[    0.125830] ftrace: allocating 67270 entries in 263 pages
[    0.149353] ftrace: allocated 263 pages with 4 groups
[    0.153954] Dynamic Preempt: voluntary
[    0.154909] Running RCU self tests
[    0.155559] rcu: Preemptible hierarchical RCU implementation.
[    0.156642] rcu: 	RCU lockdep checking is enabled.
[    0.157551] rcu: 	RCU restricting CPUs from NR_CPUS=8192 to nr_cpu_ids=2.
[    0.158848] 	Trampoline variant of Tasks RCU enabled.
[    0.159805] 	Rude variant of Tasks RCU enabled.
[    0.160667] 	Tracing variant of Tasks RCU enabled.
[    0.161579] rcu: RCU calculated value of scheduler-enlistment delay is 25 jiffies.
[    0.163051] rcu: Adjusting geometry for rcu_fanout_leaf=16, nr_cpu_ids=2
[    0.197342] NR_IRQS: 524544, nr_irqs: 440, preallocated irqs: 16
[    0.198970] rcu: srcu_init: Setting srcu_struct sizes based on contention.
[    0.218602] Console: colour VGA+ 80x25
[    0.219457] printk: console [ttyS0] enabled
[    0.219457] printk: console [ttyS0] enabled
[    0.221147] printk: bootconsole [earlyser0] disabled
[    0.221147] printk: bootconsole [earlyser0] disabled
[    0.223168] Lock dependency validator: Copyright (c) 2006 Red Hat, Inc., Ingo Molnar
[    0.224740] ... MAX_LOCKDEP_SUBCLASSES:  8
[    0.225586] ... MAX_LOCK_DEPTH:          48
[    0.226462] ... MAX_LOCKDEP_KEYS:        8192
[    0.227359] ... CLASSHASH_SIZE:          4096
[    0.228254] ... MAX_LOCKDEP_ENTRIES:     32768
[    0.229164] ... MAX_LOCKDEP_CHAINS:      65536
[    0.230076] ... CHAINHASH_SIZE:          32768
[    0.231003]  memory used by lock dependency info: 6365 kB
[    0.232103]  memory used for stack traces: 4224 kB
[    0.233089]  per task-struct memory footprint: 1920 bytes
[    0.234296] ACPI: Core revision 20220331
[    0.235537] clocksource: hpet: mask: 0xffffffff max_cycles: 0xffffffff, max_idle_ns: 19112604467 ns
[    0.237696] APIC: Switch to symmetric I/O mode setup
[    0.239279] x2apic enabled
[    0.240397] Switched APIC routing to physical x2apic.
[    0.241446] kvm-guest: setup PV IPIs
[    0.244747] ..TIMER: vector=0x30 apic1=0 pin1=2 apic2=-1 pin2=-1
[    0.246083] clocksource: tsc-early: mask: 0xffffffffffffffff max_cycles: 0x363e8c91135, max_idle_ns: 881590568389 ns
[    0.248209] Calibrating delay loop (skipped) preset value.. 3763.20 BogoMIPS (lpj=7526400)
[    0.252201] pid_max: default: 32768 minimum: 301
[    0.253353] LSM: Security Framework initializing
[    0.254288] Yama: becoming mindful.
[    0.255244] Mount-cache hash table entries: 4096 (order: 3, 32768 bytes, linear)
[    0.256208] Mountpoint-cache hash table entries: 4096 (order: 3, 32768 bytes, linear)
[    0.260338] CPU0: Thermal monitoring enabled (TM1)
[    0.261508] x86/cpu: User Mode Instruction Prevention (UMIP) activated
[    0.263307] Last level iTLB entries: 4KB 0, 2MB 0, 4MB 0
[    0.264195] Last level dTLB entries: 4KB 0, 2MB 0, 4MB 0, 1GB 0
[    0.265420] Spectre V1 : Mitigation: usercopy/swapgs barriers and __user pointer sanitization
[    0.267103] Spectre V2 : WARNING: Unprivileged eBPF is enabled with eIBRS on, data leaks possible via Spectre v2 BHB attacks!
[    0.268202] Spectre V2 : Mitigation: Enhanced IBRS
[    0.269218] Spectre V2 : Spectre v2 / SpectreRSB mitigation: Filling RSB on context switch
[    0.272193] Spectre V2 : Spectre v2 / PBRSB-eIBRS: Retire a single CALL on VMEXIT
[    0.273654] Spectre V2 : mitigation: Enabling conditional Indirect Branch Prediction Barrier
[    0.275288] Speculative Store Bypass: Mitigation: Speculative Store Bypass disabled via prctl
[    0.276198] MMIO Stale Data: Unknown: No mitigations
[    0.397380] Freeing SMP alternatives memory: 56K
[    0.398763] smpboot: CPU0: Genuine Intel(R) 0000 (family: 0x6, model: 0xba, stepping: 0x2)
[    0.400187] cblist_init_generic: Setting adjustable number of callback queues.
[    0.400187] cblist_init_generic: Setting shift to 1 and lim to 1.
[    0.400293] cblist_init_generic: Setting shift to 1 and lim to 1.
[    0.401584] cblist_init_generic: Setting shift to 1 and lim to 1.
[    0.402857] Running RCU-tasks wait API self tests
[    0.504386] Performance Events: Alderlake Hybrid events, full-width counters, Intel PMU driver.
[    0.506864] core: cpu_core PMU driver: 
[    0.507569] ... version:                2
[    0.508199] ... bit width:              48
[    0.508917] ... generic registers:      6
[    0.509615] ... value mask:             0000ffffffffffff
[    0.510533] ... max period:             00007fffffffffff
[    0.511444] ... fixed-purpose events:   3
[    0.512141] ... event mask:             0001000f0000003f
[    0.512524] rcu: Hierarchical SRCU implementation.
[    0.513376] rcu: 	Max phase no-delay instances is 1000.
[    0.518148] unchecked MSR access error: WRMSR to 0x38f (tried to write 0x0001000f0000003f) at rIP: 0xffffffff810ce49c (native_write_msr+0xc/0x30)
[    0.520187] Call Trace:
[    0.520187]  <TASK>
[    0.520187]  __intel_pmu_enable_all.constprop.46+0xb5/0x140
[    0.520187]  intel_pmu_enable_all+0x1e/0x30
[    0.520187]  x86_pmu_enable+0x46d/0x5a0
[    0.520187]  ? write_comp_data+0x2f/0x90
[    0.520187]  perf_pmu_enable+0x53/0x70
[    0.520187]  ctx_resched+0xab/0xf0
[    0.520187]  __perf_install_in_context+0x31b/0x480
[    0.520187]  ? perf_duration_warn+0x50/0x50
[    0.520187]  ? perf_duration_warn+0x50/0x50
[    0.520187]  remote_function+0x80/0xa0
[    0.520187]  ? perf_duration_warn+0x50/0x50
[    0.520187]  generic_exec_single+0x124/0x190
[    0.520187]  smp_call_function_single+0x11c/0x240
[    0.520187]  ? perf_duration_warn+0x50/0x50
[    0.520187]  ? __sanitizer_cov_trace_pc+0x25/0x60
[    0.520187]  ? write_comp_data+0x2f/0x90
[    0.520187]  perf_install_in_context+0x2e8/0x310
[    0.520187]  ? ctx_resched+0xf0/0xf0
[    0.520187]  perf_event_create_kernel_counter+0x16a/0x200
[    0.520187]  ? find_next_bit+0x30/0x30
[    0.520187]  hardlockup_detector_event_create+0x46/0xd0
[    0.520187]  hardlockup_detector_perf_init+0x18/0x66
[    0.520187]  watchdog_nmi_probe+0x17/0x1d
[    0.520187]  lockup_detector_init+0x40/0xaf
[    0.520187]  kernel_init_freeable+0x264/0x42e
[    0.520187]  ? rest_init+0x240/0x240
[    0.520187]  kernel_init+0x24/0x1e0
[    0.520187]  ? rest_init+0x240/0x240
[    0.520187]  ret_from_fork+0x1f/0x30
[    0.520187]  </TASK>
[    0.520259] Callback from call_rcu_tasks_trace() invoked.
[    0.521611] smp: Bringing up secondary CPUs ...
[    0.523650] x86: Booting SMP configuration:
[    0.524212] .... node  #0, CPUs:      #1
[    0.524903] smp: Brought up 1 node, 2 CPUs
[    0.525709] smpboot: Max logical packages: 1
[    0.526450] smpboot: Total of 2 processors activated (7526.40 BogoMIPS)
[    0.529382] devtmpfs: initialized
[    0.529382] x86/mm: Memory block size: 128MB
[    0.534679] clocksource: jiffies: mask: 0xffffffff max_cycles: 0xffffffff, max_idle_ns: 7645041785100000 ns
[    0.536223] futex hash table entries: 512 (order: 4, 65536 bytes, linear)
[    0.537761] pinctrl core: initialized pinctrl subsystem
[    0.539556] 
[    0.539851] *************************************************************
[    0.540199] **     NOTICE NOTICE NOTICE NOTICE NOTICE NOTICE NOTICE    **
[    0.541338] **                                                         **
[    0.542472] **  IOMMU DebugFS SUPPORT HAS BEEN ENABLED IN THIS KERNEL  **
[    0.543624] **                                                         **
[    0.544196] ** This means that this kernel is built to expose internal **
[    0.545343] ** IOMMU data structures, which may compromise security on **
[    0.546486] ** your system.                                            **
[    0.547634] **                                                         **
[    0.548197] ** If you see this message and you are not debugging the   **
[    0.549342] ** kernel, report this immediately to your vendor!         **
[    0.550491] **                                                         **
[    0.551623] **     NOTICE NOTICE NOTICE NOTICE NOTICE NOTICE NOTICE    **
[    0.552197] *************************************************************
[    0.553467] PM: RTC time: 00:23:05, date: 2023-03-14
[    0.558494] NET: Registered PF_NETLINK/PF_ROUTE protocol family
[    0.560530] DMA: preallocated 256 KiB GFP_KERNEL pool for atomic allocations
[    0.561797] DMA: preallocated 256 KiB GFP_KERNEL|GFP_DMA pool for atomic allocations
[    0.563123] DMA: preallocated 256 KiB GFP_KERNEL|GFP_DMA32 pool for atomic allocations
[    0.564292] audit: initializing netlink subsys (disabled)
[    0.565370] audit: type=2000 audit(1678753386.775:1): state=initialized audit_enabled=0 res=1
[    0.565370] thermal_sys: Registered thermal governor 'fair_share'
[    0.565759] thermal_sys: Registered thermal governor 'bang_bang'
[    0.566790] thermal_sys: Registered thermal governor 'step_wise'
[    0.568204] thermal_sys: Registered thermal governor 'user_space'
[    0.569340] cpuidle: using governor ladder
[    0.571132] cpuidle: using governor menu
[    0.572334] acpiphp: ACPI Hot Plug PCI Controller Driver version: 0.5
[    0.574040] PCI: Using configuration type 1 for base access
[    0.599392] kprobes: kprobe jump-optimization is enabled. All kprobes are optimized if possible.
[    0.855159] HugeTLB: registered 1.00 GiB page size, pre-allocated 0 pages
[    0.856223] HugeTLB: 16380 KiB vmemmap can be freed for a 1.00 GiB page
[    0.857435] HugeTLB: registered 2.00 MiB page size, pre-allocated 0 pages
[    0.858681] HugeTLB: 28 KiB vmemmap can be freed for a 2.00 MiB page
[    0.861829] ACPI: Added _OSI(Module Device)
[    0.862658] ACPI: Added _OSI(Processor Device)
[    0.863491] ACPI: Added _OSI(3.0 _SCP Extensions)
[    0.864204] ACPI: Added _OSI(Processor Aggregator Device)
[    0.872203] ACPI: 1 ACPI AML tables successfully acquired and loaded
[    0.877293] ACPI: Interpreter enabled
[    0.878095] ACPI: PM: (supports S0 S3 S4 S5)
[    0.878901] ACPI: Using IOAPIC for interrupt routing
[    0.879867] PCI: Using host bridge windows from ACPI; if necessary, use "pci=nocrs" and report a bug
[    0.880197] PCI: Using E820 reservations for host bridge windows
[    0.882150] ACPI: Enabled 2 GPEs in block 00 to 0F
[    0.908783] ACPI: PCI Root Bridge [PCI0] (domain 0000 [bus 00-ff])
[    0.909922] acpi PNP0A03:00: _OSC: OS supports [ASPM ClockPM Segments MSI EDR HPX-Type3]
[    0.911307] acpi PNP0A03:00: _OSC: not requesting OS control; OS requires [ExtendedConfig ASPM ClockPM MSI]
[    0.912319] acpi PNP0A03:00: fail to add MMCONFIG information, can't access extended PCI configuration space under this bridge.
[    0.918440] acpiphp: Slot [3] registered
[    0.919264] acpiphp: Slot [4] registered
[    0.920084] acpiphp: Slot [5] registered
[    0.920323] acpiphp: Slot [6] registered
[    0.921128] acpiphp: Slot [7] registered
[    0.921946] acpiphp: Slot [8] registered
[    0.922753] acpiphp: Slot [9] registered
[    0.923723] acpiphp: Slot [10] registered
[    0.924323] acpiphp: Slot [11] registered
[    0.925143] acpiphp: Slot [12] registered
[    0.925973] acpiphp: Slot [13] registered
[    0.926795] acpiphp: Slot [14] registered
[    0.927628] acpiphp: Slot [15] registered
[    0.928339] acpiphp: Slot [16] registered
[    0.929172] acpiphp: Slot [17] registered
[    0.930005] acpiphp: Slot [18] registered
[    0.930830] acpiphp: Slot [19] registered
[    0.931813] acpiphp: Slot [20] registered
[    0.932286] acpiphp: Slot [21] registered
[    0.933170] acpiphp: Slot [22] registered
[    0.934010] acpiphp: Slot [23] registered
[    0.934861] acpiphp: Slot [24] registered
[    0.935704] acpiphp: Slot [25] registered
[    0.936287] acpiphp: Slot [26] registered
[    0.937142] acpiphp: Slot [27] registered
[    0.937985] acpiphp: Slot [28] registered
[    0.938842] acpiphp: Slot [29] registered
[    0.939689] acpiphp: Slot [30] registered
[    0.940287] acpiphp: Slot [31] registered
[    0.941089] PCI host bridge to bus 0000:00
[    0.941874] pci_bus 0000:00: root bus resource [io  0x0000-0x0cf7 window]
[    0.943158] pci_bus 0000:00: root bus resource [io  0x0d00-0xffff window]
[    0.944207] pci_bus 0000:00: root bus resource [mem 0x000a0000-0x000bffff window]
[    0.945623] pci_bus 0000:00: root bus resource [mem 0x80000000-0xfebfffff window]
[    0.947041] pci_bus 0000:00: root bus resource [mem 0x100000000-0x17fffffff window]
[    0.948206] pci_bus 0000:00: root bus resource [bus 00-ff]
[    0.949444] pci 0000:00:00.0: [8086:1237] type 00 class 0x060000
[    0.954460] pci 0000:00:01.0: [8086:7000] type 00 class 0x060100
[    0.956931] pci 0000:00:01.1: [8086:7010] type 00 class 0x010180
[    0.959909] pci 0000:00:01.1: reg 0x20: [io  0xc040-0xc04f]
[    0.961080] pci 0000:00:01.1: legacy IDE quirk: reg 0x10: [io  0x01f0-0x01f7]
[    0.962395] pci 0000:00:01.1: legacy IDE quirk: reg 0x14: [io  0x03f6]
[    0.963597] pci 0000:00:01.1: legacy IDE quirk: reg 0x18: [io  0x0170-0x0177]
[    0.964198] pci 0000:00:01.1: legacy IDE quirk: reg 0x1c: [io  0x0376]
[    0.965846] pci 0000:00:01.3: [8086:7113] type 00 class 0x068000
[    0.968175] pci 0000:00:01.3: quirk: [io  0x0600-0x063f] claimed by PIIX4 ACPI
[    0.969535] pci 0000:00:01.3: quirk: [io  0x0700-0x070f] claimed by PIIX4 SMB
[    0.971353] pci 0000:00:02.0: [1234:1111] type 00 class 0x030000
[    0.973441] pci 0000:00:02.0: reg 0x10: [mem 0xfd000000-0xfdffffff pref]
[    0.976565] pci 0000:00:02.0: reg 0x18: [mem 0xfebf0000-0xfebf0fff]
[    0.981629] pci 0000:00:02.0: reg 0x30: [mem 0xfebe0000-0xfebeffff pref]
[    0.982948] pci 0000:00:02.0: Video device with shadowed ROM at [mem 0x000c0000-0x000dffff]
[    0.988851] pci 0000:00:03.0: [8086:100e] type 00 class 0x020000
[    0.990755] pci 0000:00:03.0: reg 0x10: [mem 0xfebc0000-0xfebdffff]
[    0.992549] pci 0000:00:03.0: reg 0x14: [io  0xc000-0xc03f]
[    0.998595] pci 0000:00:03.0: reg 0x30: [mem 0xfeb80000-0xfebbffff pref]
[    1.023587] ACPI: PCI: Interrupt link LNKA configured for IRQ 10
[    1.024885] ACPI: PCI: Interrupt link LNKB configured for IRQ 10
[    1.026624] ACPI: PCI: Interrupt link LNKC configured for IRQ 11
[    1.028679] ACPI: PCI: Interrupt link LNKD configured for IRQ 11
[    1.030425] ACPI: PCI: Interrupt link LNKS configured for IRQ 9
[    1.033795] iommu: Default domain type: Translated 
[    1.034745] iommu: DMA domain TLB invalidation policy: lazy mode 
[    1.037008] SCSI subsystem initialized
[    1.038280] ACPI: bus type USB registered
[    1.039159] usbcore: registered new interface driver usbfs
[    1.040307] usbcore: registered new interface driver hub
[    1.041575] usbcore: registered new device driver usb
[    1.042945] pps_core: LinuxPPS API ver. 1 registered
[    1.044078] pps_core: Software ver. 5.3.6 - Copyright 2005-2007 Rodolfo Giometti <giometti@linux.it>
[    1.044243] PTP clock support registered
[    1.045197] EDAC MC: Ver: 3.0.0
[    1.047709] NetLabel: Initializing
[    1.048202] NetLabel:  domain hash size = 128
[    1.049079] NetLabel:  protocols = UNLABELED CIPSOv4 CALIPSO
[    1.050755] NetLabel:  unlabeled traffic allowed by default
[    1.052219] PCI: Using ACPI for IRQ routing
[    1.053363] pci 0000:00:02.0: vgaarb: setting as boot VGA device
[    1.054543] pci 0000:00:02.0: vgaarb: bridge control possible
[    1.055798] pci 0000:00:02.0: vgaarb: VGA device added: decodes=io+mem,owns=io+mem,locks=none
[    1.056202] vgaarb: loaded
[    1.057343] hpet0: at MMIO 0xfed00000, IRQs 2, 8, 0
[    1.058492] hpet0: 3 comparators, 64-bit 100.000000 MHz counter
[    3.821625] clocksource: Switched to clocksource kvm-clock
[    3.821873] Callback from call_rcu_tasks_rude() invoked.
[    3.928416] Callback from call_rcu_tasks() invoked.
[    3.980404] VFS: Disk quotas dquot_6.6.0
[    3.981118] VFS: Dquot-cache hash table entries: 512 (order 0, 4096 bytes)
[    3.982439] pnp: PnP ACPI init
[    3.984872] pnp: PnP ACPI: found 6 devices
[    3.996474] clocksource: acpi_pm: mask: 0xffffff max_cycles: 0xffffff, max_idle_ns: 2085701024 ns
[    3.998248] NET: Registered PF_INET protocol family
[    3.999148] IP idents hash table entries: 32768 (order: 6, 262144 bytes, linear)
[    4.001242] tcp_listen_portaddr_hash hash table entries: 1024 (order: 4, 73728 bytes, linear)
[    4.002558] Table-perturb hash table entries: 65536 (order: 6, 262144 bytes, linear)
[    4.003789] TCP established hash table entries: 16384 (order: 5, 131072 bytes, linear)
[    4.005196] TCP bind hash table entries: 16384 (order: 9, 2359296 bytes, linear)
[    4.007235] TCP: Hash tables configured (established 16384 bind 16384)
[    4.008421] UDP hash table entries: 1024 (order: 5, 163840 bytes, linear)
[    4.009489] UDP-Lite hash table entries: 1024 (order: 5, 163840 bytes, linear)
[    4.010736] NET: Registered PF_UNIX/PF_LOCAL protocol family
[    4.012342] RPC: Registered named UNIX socket transport module.
[    4.013286] RPC: Registered udp transport module.
[    4.014006] RPC: Registered tcp transport module.
[    4.014730] RPC: Registered tcp NFSv4.1 backchannel transport module.
[    4.015740] pci_bus 0000:00: resource 4 [io  0x0000-0x0cf7 window]
[    4.016710] pci_bus 0000:00: resource 5 [io  0x0d00-0xffff window]
[    4.017654] pci_bus 0000:00: resource 6 [mem 0x000a0000-0x000bffff window]
[    4.018702] pci_bus 0000:00: resource 7 [mem 0x80000000-0xfebfffff window]
[    4.019753] pci_bus 0000:00: resource 8 [mem 0x100000000-0x17fffffff window]
[    4.021129] pci 0000:00:01.0: PIIX3: Enabling Passive Release
[    4.022021] pci 0000:00:00.0: Limiting direct PCI/PCI transfers
[    4.023049] PCI: CLS 0 bytes, default 64
[    4.023703] ACPI: bus type thunderbolt registered
[    4.024736] clocksource: tsc: mask: 0xffffffffffffffff max_cycles: 0x363e8c91135, max_idle_ns: 881590568389 ns
[    4.029694] Initialise system trusted keyrings
[    4.030494] Key type blacklist registered
[    4.031403] workingset: timestamp_bits=36 max_order=19 bucket_order=0
[    4.042494] zbud: loaded
[    4.045287] squashfs: version 4.0 (2009/01/31) Phillip Lougher
[    4.047973] NFS: Registering the id_resolver key type
[    4.048808] Key type id_resolver registered
[    4.049456] Key type id_legacy registered
[    4.050172] nfs4filelayout_init: NFSv4 File Layout Driver Registering...
[    4.051204] nfs4flexfilelayout_init: NFSv4 Flexfile Layout Driver Registering...
[    4.052746] fuse: init (API version 7.37)
[    4.053917] SGI XFS with ACLs, security attributes, realtime, quota, no debug enabled
[    4.057080] 9p: Installing v9fs 9p2000 file system support
[    4.064977] Key type asymmetric registered
[    4.065667] Asymmetric key parser 'x509' registered
[    4.067884] alg: self-tests for CTR-KDF (hmac(sha256)) passed
[    4.068854] Block layer SCSI generic (bsg) driver version 0.4 loaded (major 243)
[    4.070304] io scheduler mq-deadline registered
[    4.071170] io scheduler bfq registered
[    4.072896] shpchp: Standard Hot Plug PCI Controller Driver version: 0.4
[    4.074358] IPMI message handler: version 39.2
[    4.075088] ipmi device interface
[    4.077210] input: Power Button as /devices/LNXSYSTM:00/LNXPWRBN:00/input/input0
[    4.078698] ACPI: button: Power Button [PWRF]
[    4.080307] ERST DBG: ERST support is disabled.
[    4.081745] Serial: 8250/16550 driver, 32 ports, IRQ sharing enabled
[    4.083336] 00:04: ttyS0 at I/O 0x3f8 (irq = 4, base_baud = 115200) is a 16550A
[    4.095816] Linux agpgart interface v0.103
[    4.097174] ACPI: bus type drm_connector registered
[    4.110327] brd: module loaded
[    4.118151] loop: module loaded
[    4.122616] scsi host0: ata_piix
[    4.123678] scsi host1: ata_piix
[    4.124363] ata1: PATA max MWDMA2 cmd 0x1f0 ctl 0x3f6 bmdma 0xc040 irq 14
[    4.125393] ata2: PATA max MWDMA2 cmd 0x170 ctl 0x376 bmdma 0xc048 irq 15
[    4.127424] tun: Universal TUN/TAP device driver, 1.6
[    4.128475] e100: Intel(R) PRO/100 Network Driver
[    4.129199] e100: Copyright(c) 1999-2006 Intel Corporation
[    4.130071] e1000: Intel(R) PRO/1000 Network Driver
[    4.130814] e1000: Copyright (c) 1999-2006 Intel Corporation.
[    4.284578] ata1: found unknown device (class 0)
[    4.286046] ata1.00: ATA-7: QEMU HARDDISK, 2.5+, max UDMA/100
[    4.286929] ata1.00: 16777216 sectors, multi 16: LBA48 
[    4.288176] ata2: found unknown device (class 0)
[    4.289502] ata2.00: ATAPI: QEMU DVD-ROM, 2.5+, max UDMA/100
[    4.291353] scsi 0:0:0:0: Direct-Access     ATA      QEMU HARDDISK    2.5+ PQ: 0 ANSI: 5
[    4.293517] scsi 0:0:0:0: Attached scsi generic sg0 type 0
[    4.294967] sd 0:0:0:0: [sda] 16777216 512-byte logical blocks: (8.59 GB/8.00 GiB)
[    4.296660] sd 0:0:0:0: [sda] Write Protect is off
[    4.297815] sd 0:0:0:0: [sda] Write cache: enabled, read cache: enabled, doesn't support DPO or FUA
[    4.299206] scsi 1:0:0:0: CD-ROM            QEMU     QEMU DVD-ROM     2.5+ PQ: 0 ANSI: 5
[    4.300990] sd 0:0:0:0: [sda] Preferred minimum I/O size 512 bytes
[    4.305516] ACPI: \_SB_.LNKC: Enabled at IRQ 11
[    4.318558] sd 0:0:0:0: [sda] Attached SCSI disk
[    4.329405] scsi 1:0:0:0: Attached scsi generic sg1 type 5
[    4.661776] e1000 0000:00:03.0 eth0: (PCI:33MHz:32-bit) 52:54:00:12:34:56
[    4.662758] e1000 0000:00:03.0 eth0: Intel(R) PRO/1000 Network Connection
[    4.663803] e1000e: Intel(R) PRO/1000 Network Driver
[    4.664508] e1000e: Copyright(c) 1999 - 2015 Intel Corporation.
[    4.665391] igb: Intel(R) Gigabit Ethernet Network Driver
[    4.666134] igb: Copyright (c) 2007-2014 Intel Corporation.
[    4.666980] PPP generic driver version 2.4.2
[    4.668323] VFIO - User Level meta-driver version: 0.3
[    4.669668] usbcore: registered new interface driver uas
[    4.670477] usbcore: registered new interface driver usb-storage
[    4.671448] i8042: PNP: PS/2 Controller [PNP0303:KBD,PNP0f13:MOU] at 0x60,0x64 irq 1,12
[    4.673530] serio: i8042 KBD port at 0x60,0x64 irq 1
[    4.674261] serio: i8042 AUX port at 0x60,0x64 irq 12
[    4.675621] mousedev: PS/2 mouse device common for all mice
[    4.677253] rtc_cmos 00:05: RTC can wake from S4
[    4.678397] input: AT Translated Set 2 keyboard as /devices/platform/i8042/serio0/input/input1
[    4.680732] input: VirtualPS/2 VMware VMMouse as /devices/platform/i8042/serio1/input/input4
[    4.682791] rtc_cmos 00:05: registered as rtc0
[    4.683554] rtc_cmos 00:05: setting system clock to 2023-03-14T00:23:10 UTC (1678753390)
[    4.684844] rtc_cmos 00:05: alarms up to one day, y3k, 242 bytes nvram, hpet irqs
[    4.685989] i2c_dev: i2c /dev entries driver
[    4.686993] input: VirtualPS/2 VMware VMMouse as /devices/platform/i8042/serio1/input/input3
[    4.688341] device-mapper: core: CONFIG_IMA_DISABLE_HTABLE is disabled. Duplicate IMA measurements will not be recorded in the IMA log.
[    4.690161] device-mapper: uevent: version 1.0.3
[    4.691207] device-mapper: ioctl: 4.47.0-ioctl (2022-07-28) initialised: dm-devel@redhat.com
[    4.692416] intel_pstate: CPU model not supported
[    4.693178] sdhci: Secure Digital Host Controller Interface driver
[    4.694085] sdhci: Copyright(c) Pierre Ossman
[    4.694786] sdhci-pltfm: SDHCI platform and OF driver helper
[    4.695653] ledtrig-cpu: registered to indicate activity on CPUs
[    4.696843] drop_monitor: Initializing network drop monitor service
[    4.698186] NET: Registered PF_INET6 protocol family
[    4.701099] Segment Routing with IPv6
[    4.701674] In-situ OAM (IOAM) with IPv6
[    4.702258] NET: Registered PF_PACKET protocol family
[    4.703194] 9pnet: Installing 9P2000 support
[    4.703902] Key type dns_resolver registered
[    4.705440] IPI shorthand broadcast: enabled
[    4.706118] sched_clock: Marking stable (4665378018, 39851972)->(4760386375, -55156385)
[    4.707828] registered taskstats version 1
[    4.708568] Loading compiled-in X.509 certificates
[    4.709609] zswap: loaded using pool lzo/zbud
[    4.710790] Key type .fscrypt registered
[    4.711374] Key type fscrypt-provisioning registered
[    4.713030] Key type encrypted registered
[    4.713671] ima: No TPM chip found, activating TPM-bypass!
[    4.714471] ima: Allocated hash algorithm: sha1
[    4.715170] ima: No architecture policies found
[    4.715907] evm: Initialising EVM extended attributes:
[    4.716670] evm: security.selinux
[    4.717159] evm: security.SMACK64
[    4.717643] evm: security.SMACK64EXEC
[    4.718174] evm: security.SMACK64TRANSMUTE
[    4.718768] evm: security.SMACK64MMAP
[    4.719309] evm: security.apparmor
[    4.719804] evm: security.ima
[    4.720274] evm: security.capability
[    4.720795] evm: HMAC attrs: 0x1
[    4.725717] PM:   Magic number: 15:850:354
[    4.726371] input event0: hash matches
[    4.727331] RAS: Correctable Errors collector initialized.
[    4.729282] md: Waiting for all devices to be available before autodetect
[    4.729918] md: If you don't use raid, use raid=noautodetect
[    4.730451] md: Autodetecting RAID arrays.
[    4.730848] md: autorun ...
[    4.731121] md: ... autorun DONE.
[    4.742997] EXT4-fs (sda): mounted filesystem with ordered data mode. Quota mode: none.
[    4.743811] VFS: Mounted root (ext4 filesystem) readonly on device 8:0.
[    4.746478] devtmpfs: mounted
[    4.752808] Freeing unused decrypted memory: 2036K
[    4.754531] Freeing unused kernel image (initmem) memory: 3672K
[    4.764287] Write protecting the kernel read-only data: 43008k
[    4.767257] Freeing unused kernel image (text/rodata gap) memory: 2028K
[    4.768258] Freeing unused kernel image (rodata/data gap) memory: 376K
[    4.853936] x86/mm: Checked W+X mappings: passed, no W+X pages found.
[    4.854626] Run /sbin/init as init process
[    4.988985] systemd[1]: RTC configured in localtime, applying delta of 0 minutes to system time.
[    5.024526] systemd[1]: systemd 239 (239-49.el8) running in system mode. (+PAM +AUDIT +SELINUX +IMA -APPARMOR +SMACK +SYSVINIT +UTMP +LIBCRYPTSETUP +GCRYPT +GNUTLS +ACL +XZ +LZ4 +SECCOMP +BLKID +ELFUTILS +KMOD +IDN2 -IDN +PCRE2 default-hierarchy=legacy)
[    5.026837] systemd[1]: Detected virtualization kvm.
[    5.027344] systemd[1]: Detected architecture x86-64.

Welcome to [0;31mCentOS Stream 8[0m!

[    5.087125] systemd[1]: Set hostname to <test>.
[    6.124345] random: crng init done
[    6.264289] systemd[1]: Listening on udev Kernel Socket.
[[0;32m  OK  [0m] Listening on udev Kernel Socket.
[    6.265845] systemd[1]: Listening on multipathd control socket.
[[0;32m  OK  [0m] Listening on multipathd control socket.
[    6.273735] systemd[1]: Listening on Process Core Dump Socket.
[[0;32m  OK  [0m] Listening on Process Core Dump Socket.
[    6.275256] systemd[1]: Started Forward Password Requests to Wall Directory Watch.
[[0;32m  OK  [0m] Started Forward Password Requests to Wall Directory Watch.
[    6.279478] systemd[1]: Created slice system-getty.slice.
[[0;32m  OK  [0m] Created slice system-getty.slice.
[    6.281539] systemd[1]: Created slice system-sshd\x2dkeygen.slice.
[[0;32m  OK  [0m] Created slice system-sshd\x2dkeygen.slice.
[[0;32m  OK  [0m] Listening on LVM2 poll daemon socket.
[[0;32m  OK  [0m] Created slice User and Session Slice.
[[0;32m  OK  [0m] Reached target Slices.
[[0;32m  OK  [0m] Created slice system-serial\x2dgetty.slice.
[[0;32m  OK  [0m] Listening on RPCbind Server Activation Socket.
[[0;32m  OK  [0m] Reached target Swap.
[[0;32m  OK  [0m] Reached target RPC Port Mapper.
[[0;32m  OK  [0m] Listening on udev Control Socket.
[[0;32m  OK  [0m] Listening on Journal Socket.
         Mounting POSIX Message Queue File System...
         Starting Setup Virtual Console...
[[0;32m  OK  [0m] Listening on Journal Socket (/dev/log).
         Starting Journal Service...
         Mounting Kernel Debug File System...
         Starting Remount Root and Kernel File Systems...
         Mounting Huge Pages File System...
[[0;32m  OK  [0m] Listening on initctl Compatibility Named Pipe.
[[0;32m  OK  [0m] Listening on Device-mapper event daemon FIFOs.
[    6.538388] EXT4-fs (sda): re-mounted. Quota mode: none.
         Starting Load Kernel Modules...
[[0;32m  OK  [0m] Set up automount Arbitrary Executabâ€¦rmats File System Automount Point.
         Starting udev Coldplug all Devices...
         Starting Monitoring of LVM2 mirrorsâ€¦ng dmeventd or progress polling...
[[0;32m  OK  [0m] Started Journal Service.
[[0;32m  OK  [0m] Mounted POSIX Message Queue File System.
[[0;32m  OK  [0m] Mounted Kernel Debug File System.
[[0;32m  OK  [0m] Started Setup Virtual Console.
[[0;32m  OK  [0m] Started Remount Root and Kernel File Systems.
[[0;32m  OK  [0m] Mounted Huge Pages File System.
[[0;1;31mFAILED[0m] Failed to start Load Kernel Modules.
See 'systemctl status systemd-modules-load.service' for details.
         Starting Apply Kernel Variables...
         Mounting Kernel Configuration File System...
         Mounting FUSE Control File System...
         Starting Load/Save Random Seed...
         Starting Create Static Device Nodes in /dev...
         Starting Flush Journal to Persistent Storage...
[[0;32m  OK  [0m] Started Apply Kernel Variables.
[[0;32m  OK  [0m] Mounted Kernel Configuration File System.
[[0;32m  OK  [0m] Mounted FUSE Control File System.
[[0;32m  OK  [0m] Started Load/Save Random Seed.
[[0;32m  OK  [0m] Started Create Static Device Nodes in /dev.
         Starting udev Kernel Device Manager...
[[0;32m  OK  [0m] Started Flush Journal to Persistent Storage.
[[0;32m  OK  [0m] Started udev Coldplug all Devices.
         Starting udev Wait for Complete Device Initialization...
[[0;32m  OK  [0m] Started udev Kernel Device Manager.
         Starting Show Plymouth Boot Screen...
[[0;32m  OK  [0m] Started Show Plymouth Boot Screen.
[[0;32m  OK  [0m] Reached target Local Encrypted Volumes.
[[0;32m  OK  [0m] Reached target Paths.
[[0;32m  OK  [0m] Started Forward Password Requests to Plymouth Directory Watch.
[[0;32m  OK  [0m] Found device /dev/ttyS0.
[[0;32m  OK  [0m] Started Monitoring of LVM2 mirrors,â€¦sing dmeventd or progress polling.
[[0;32m  OK  [0m] Started udev Wait for Complete Device Initialization.
[[0;32m  OK  [0m] Listening on Load/Save RF Kill Switch Status /dev/rfkill Watch.
[[0;32m  OK  [0m] Reached target Local File Systems (Pre).
[[0;32m  OK  [0m] Reached target Local File Systems.
         Starting Tell Plymouth To Write Out Runtime Data...
         Starting Restore /run/initramfs on shutdown...
         Starting Create Volatile Files and Directories...
[[0;32m  OK  [0m] Started Tell Plymouth To Write Out Runtime Data.
[[0;32m  OK  [0m] Started Restore /run/initramfs on shutdown.
[[0;32m  OK  [0m] Started Create Volatile Files and Directories.
         Starting RPC Bind...
         Starting Security Auditing Service...
         Mounting RPC Pipe File System...
[[0;32m  OK  [0m] Mounted RPC Pipe File System.
[[0;32m  OK  [0m] Reached target rpc_pipefs.target.
[[0;32m  OK  [0m] Started RPC Bind.
[[0;32m  OK  [0m] Started Security Auditing Service.
         Starting Update UTMP about System Boot/Shutdown...
[[0;32m  OK  [0m] Started Update UTMP about System Boot/Shutdown.
[[0;32m  OK  [0m] Reached target System Initialization.
[[0;32m  OK  [0m] Listening on D-Bus System Message Bus Socket.
[[0;32m  OK  [0m] Started Daily Cleanup of Temporary Directories.
[[0;32m  OK  [0m] Started daily update of the root trust anchor for DNSSEC.
[[0;32m  OK  [0m] Listening on SSSD Kerberos Cache Manager responder socket.
[[0;32m  OK  [0m] Reached target Sockets.
[[0;32m  OK  [0m] Reached target Basic System.
         Starting NTP client/server...
         Starting Self Monitoring and Reporting Technology (SMART) Daemon...
[[0;32m  OK  [0m] Started irqbalance daemon.
         Starting Authorization Manager...
[[0;32m  OK  [0m] Started D-Bus System Message Bus.
[[0;32m  OK  [0m] Started Machine Check Exception Logging Daemon.
         Starting Auto-connect to subsystemsâ€¦-NVME devices found during boot...
         Starting Network Manager...
[[0;32m  OK  [0m] Reached target sshd-keygen.target.
         Starting Login Service...
[[0;32m  OK  [0m] Started dnf makecache --timer.
[[0;32m  OK  [0m] Reached target Timers.
         Starting update of the root trust aâ€¦or DNSSEC validation in unbound...
[[0;32m  OK  [0m] Started Auto-connect to subsystems â€¦FC-NVME devices found during boot.
[[0;32m  OK  [0m] Started Self Monitoring and Reporting Technology (SMART) Daemon.
[[0;32m  OK  [0m] Started Login Service.
[[0;32m  OK  [0m] Started NTP client/server.
[[0;32m  OK  [0m] Started Network Manager.
[[0;32m  OK  [0m] Reached target Network.
         Starting Dynamic System Tuning Daemon...
         Starting OpenSSH server daemon...
         Starting GSSAPI Proxy Daemon...
         Starting Network Manager Wait Online...
[[0;32m  OK  [0m] Started update of the root trust anâ€¦ for DNSSEC validation in unbound.
[[0;32m  OK  [0m] Started Authorization Manager.
         Starting Hostname Service...
[[0;32m  OK  [0m] Started OpenSSH server daemon.
[[0;32m  OK  [0m] Started GSSAPI Proxy Daemon.
[[0;32m  OK  [0m] Reached target NFS client services.
[[0;32m  OK  [0m] Reached target Remote File Systems (Pre).
[[0;32m  OK  [0m] Reached target Remote File Systems.
         Starting Permit User Sessions...
[[0;32m  OK  [0m] Started Permit User Sessions.
[[0;32m  OK  [0m] Started Command Scheduler.
         Starting Hold until boot process finishes up...
         Starting Terminate Plymouth Boot Screen...
[    9.164483] e1000: eth0 NIC Link is Up 1000 Mbps Full Duplex, Flow Control: RX
[    9.166091] IPv6: ADDRCONF(NETDEV_CHANGE): eth0: link becomes ready
[    9.469257] Spectre V2 : WARNING: Unprivileged eBPF is enabled with eIBRS on, data leaks possible via Spectre v2 BHB attacks!
[    9.470727] Spectre V2 : WARNING: Unprivileged eBPF is enabled with eIBRS on, data leaks possible via Spectre v2 BHB attacks!

CentOS Stream 8
Kernel 6.1.0-rc3-725349f8ba1e+ on an x86_64

test login: 