c[?7l[2J[0mSeaBIOS (version rel-1.16.0-0-gd239552ce722-prebuilt.qemu.org)


iPXE (http://ipxe.org) 00:03.0 CA00 PCI2.10 PnP PMM+7FF91000+7FEF1000 CA00
Press Ctrl-B to configure iPXE (PCI 00:03.0)...                                                                               


Booting from ROM...
c[?7l[2J[    0.000000] Linux version 6.1.0-rc3-81ab9890da97+ (root@p-rplp02) (gcc (GCC) 8.5.0 20210514 (Red Hat 8.5.0-18), GNU ld version 2.36.1-2.el8) #1 SMP PREEMPT_DYNAMIC Tue Mar 14 08:54:13 CST 2023
[    0.000000] Command line: console=ttyS0 root=/dev/sda earlyprintk=serial net.ifnames=0
[    0.000000] KERNEL supported cpus:
[    0.000000]   Intel GenuineIntel
[    0.000000]   AMD AuthenticAMD
[    0.000000]   Hygon HygonGenuine
[    0.000000]   Centaur CentaurHauls
[    0.000000]   zhaoxin   Shanghai  
[    0.000000] x86/fpu: Supporting XSAVE feature 0x001: 'x87 floating point registers'
[    0.000000] x86/fpu: Supporting XSAVE feature 0x002: 'SSE registers'
[    0.000000] x86/fpu: Supporting XSAVE feature 0x004: 'AVX registers'
[    0.000000] x86/fpu: Supporting XSAVE feature 0x200: 'Protection Keys User registers'
[    0.000000] x86/fpu: xstate_offset[2]:  576, xstate_sizes[2]:  256
[    0.000000] x86/fpu: xstate_offset[9]:  832, xstate_sizes[9]:    8
[    0.000000] x86/fpu: Enabled xstate features 0x207, context size is 840 bytes, using 'compacted' format.
[    0.000000] signal: max sigframe size: 3632
[    0.000000] BIOS-provided physical RAM map:
[    0.000000] BIOS-e820: [mem 0x0000000000000000-0x000000000009fbff] usable
[    0.000000] BIOS-e820: [mem 0x000000000009fc00-0x000000000009ffff] reserved
[    0.000000] BIOS-e820: [mem 0x00000000000f0000-0x00000000000fffff] reserved
[    0.000000] BIOS-e820: [mem 0x0000000000100000-0x000000007ffdffff] usable
[    0.000000] BIOS-e820: [mem 0x000000007ffe0000-0x000000007fffffff] reserved
[    0.000000] BIOS-e820: [mem 0x00000000feffc000-0x00000000feffffff] reserved
[    0.000000] BIOS-e820: [mem 0x00000000fffc0000-0x00000000ffffffff] reserved
[    0.000000] printk: bootconsole [earlyser0] enabled
[    0.000000] NX (Execute Disable) protection: active
[    0.000000] SMBIOS 2.8 present.
[    0.000000] DMI: QEMU Standard PC (i440FX + PIIX, 1996), BIOS rel-1.16.0-0-gd239552ce722-prebuilt.qemu.org 04/01/2014
[    0.000000] Hypervisor detected: KVM
[    0.000000] kvm-clock: Using msrs 4b564d01 and 4b564d00
[    0.000004] kvm-clock: using sched offset of 536077946 cycles
[    0.000789] clocksource: kvm-clock: mask: 0xffffffffffffffff max_cycles: 0x1cd42e4dffb, max_idle_ns: 881590591483 ns
[    0.003253] tsc: Detected 1881.600 MHz processor
[    0.010953] last_pfn = 0x7ffe0 max_arch_pfn = 0x400000000
[    0.011953] x86/PAT: Configuration [0-7]: WB  WC  UC- UC  WB  WP  UC- WT  
[    0.021864] found SMP MP-table at [mem 0x000f5ba0-0x000f5baf]
[    0.022975] Using GB pages for direct mapping
[    0.025205] ACPI: Early table checksum verification disabled
[    0.026174] ACPI: RSDP 0x00000000000F59C0 000014 (v00 BOCHS )
[    0.027073] ACPI: RSDT 0x000000007FFE1951 000034 (v01 BOCHS  BXPC     00000001 BXPC 00000001)
[    0.028387] ACPI: FACP 0x000000007FFE17FD 000074 (v01 BOCHS  BXPC     00000001 BXPC 00000001)
[    0.029704] ACPI: DSDT 0x000000007FFE0040 0017BD (v01 BOCHS  BXPC     00000001 BXPC 00000001)
[    0.030983] ACPI: FACS 0x000000007FFE0000 000040
[    0.031682] ACPI: APIC 0x000000007FFE1871 000080 (v01 BOCHS  BXPC     00000001 BXPC 00000001)
[    0.032958] ACPI: HPET 0x000000007FFE18F1 000038 (v01 BOCHS  BXPC     00000001 BXPC 00000001)
[    0.034233] ACPI: WAET 0x000000007FFE1929 000028 (v01 BOCHS  BXPC     00000001 BXPC 00000001)
[    0.035553] ACPI: Reserving FACP table memory at [mem 0x7ffe17fd-0x7ffe1870]
[    0.036617] ACPI: Reserving DSDT table memory at [mem 0x7ffe0040-0x7ffe17fc]
[    0.037664] ACPI: Reserving FACS table memory at [mem 0x7ffe0000-0x7ffe003f]
[    0.038710] ACPI: Reserving APIC table memory at [mem 0x7ffe1871-0x7ffe18f0]
[    0.039769] ACPI: Reserving HPET table memory at [mem 0x7ffe18f1-0x7ffe1928]
[    0.040827] ACPI: Reserving WAET table memory at [mem 0x7ffe1929-0x7ffe1950]
[    0.043137] No NUMA configuration found
[    0.043721] Faking a node at [mem 0x0000000000000000-0x000000007ffdffff]
[    0.044800] NODE_DATA(0) allocated [mem 0x7ffb5000-0x7ffdffff]
[    0.049181] Zone ranges:
[    0.049591]   DMA      [mem 0x0000000000001000-0x0000000000ffffff]
[    0.050515]   DMA32    [mem 0x0000000001000000-0x000000007ffdffff]
[    0.051429]   Normal   empty
[    0.051864]   Device   empty
[    0.052298] Movable zone start for each node
[    0.052936] Early memory node ranges
[    0.053471]   node   0: [mem 0x0000000000001000-0x000000000009efff]
[    0.054402]   node   0: [mem 0x0000000000100000-0x000000007ffdffff]
[    0.055368] Initmem setup node 0 [mem 0x0000000000001000-0x000000007ffdffff]
[    0.058457] On node 0, zone DMA: 1 pages in unavailable ranges
[    0.058769] On node 0, zone DMA: 97 pages in unavailable ranges
[    0.101069] On node 0, zone DMA32: 32 pages in unavailable ranges
[    0.102485] ACPI: PM-Timer IO Port: 0x608
[    0.104045] ACPI: LAPIC_NMI (acpi_id[0xff] dfl dfl lint[0x1])
[    0.104996] IOAPIC[0]: apic_id 0, version 17, address 0xfec00000, GSI 0-23
[    0.106037] ACPI: INT_SRC_OVR (bus 0 bus_irq 0 global_irq 2 dfl dfl)
[    0.106989] ACPI: INT_SRC_OVR (bus 0 bus_irq 5 global_irq 5 high level)
[    0.107986] ACPI: INT_SRC_OVR (bus 0 bus_irq 9 global_irq 9 high level)
[    0.108970] ACPI: INT_SRC_OVR (bus 0 bus_irq 10 global_irq 10 high level)
[    0.109975] ACPI: INT_SRC_OVR (bus 0 bus_irq 11 global_irq 11 high level)
[    0.110997] ACPI: Using ACPI (MADT) for SMP configuration information
[    0.111954] ACPI: HPET id: 0x8086a201 base: 0xfed00000
[    0.112738] TSC deadline timer available
[    0.113333] smpboot: Allowing 2 CPUs, 0 hotplug CPUs
[    0.114254] kvm-guest: KVM setup pv remote TLB flush
[    0.115016] kvm-guest: setup PV sched yield
[    0.115739] PM: hibernation: Registered nosave memory: [mem 0x00000000-0x00000fff]
[    0.116877] PM: hibernation: Registered nosave memory: [mem 0x0009f000-0x0009ffff]
[    0.118006] PM: hibernation: Registered nosave memory: [mem 0x000a0000-0x000effff]
[    0.119136] PM: hibernation: Registered nosave memory: [mem 0x000f0000-0x000fffff]
[    0.120277] [mem 0x80000000-0xfeffbfff] available for PCI devices
[    0.121198] Booting paravirtualized kernel on KVM
[    0.121959] clocksource: refined-jiffies: mask: 0xffffffff max_cycles: 0xffffffff, max_idle_ns: 7645519600211568 ns
[    0.123591] setup_percpu: NR_CPUS:8192 nr_cpumask_bits:2 nr_cpu_ids:2 nr_node_ids:1
[    0.127460] percpu: Embedded 64 pages/cpu s225280 r8192 d28672 u1048576
[    0.128737] kvm-guest: PV spinlocks enabled
[    0.129366] PV qspinlock hash table entries: 256 (order: 0, 4096 bytes, linear)
[    0.130494] Fallback order for Node 0: 0 
[    0.131112] Built 1 zonelists, mobility grouping on.  Total pages: 515808
[    0.132128] Policy zone: DMA32
[    0.132590] Kernel command line: net.ifnames=0 console=ttyS0 root=/dev/sda earlyprintk=serial net.ifnames=0
[    0.137440] Dentry cache hash table entries: 262144 (order: 9, 2097152 bytes, linear)
[    0.139844] Inode-cache hash table entries: 131072 (order: 8, 1048576 bytes, linear)
[    0.141181] mem auto-init: stack:off, heap alloc:off, heap free:off
[    0.145812] Memory: 1985384K/2096632K available (32784K kernel code, 4691K rwdata, 7824K rodata, 3672K init, 22124K bss, 110992K reserved, 0K cma-reserved)
[    0.149137] SLUB: HWalign=64, Order=0-3, MinObjects=0, CPUs=2, Nodes=1
[    0.150104] kmemleak: Kernel memory leak detector disabled
[    0.150972] ftrace: allocating 67426 entries in 264 pages
[    0.194355] ftrace: allocated 264 pages with 2 groups
[    0.198747] Dynamic Preempt: voluntary
[    0.199496] Running RCU self tests
[    0.200010] rcu: Preemptible hierarchical RCU implementation.
[    0.200852] rcu: 	RCU lockdep checking is enabled.
[    0.201550] rcu: 	RCU restricting CPUs from NR_CPUS=8192 to nr_cpu_ids=2.
[    0.202544] 	Trampoline variant of Tasks RCU enabled.
[    0.203286] 	Rude variant of Tasks RCU enabled.
[    0.203946] 	Tracing variant of Tasks RCU enabled.
[    0.204649] rcu: RCU calculated value of scheduler-enlistment delay is 25 jiffies.
[    0.205758] rcu: Adjusting geometry for rcu_fanout_leaf=16, nr_cpu_ids=2
[    0.234594] NR_IRQS: 524544, nr_irqs: 440, preallocated irqs: 16
[    0.235893] rcu: srcu_init: Setting srcu_struct sizes based on contention.
[    0.250751] Console: colour VGA+ 80x25
[    0.251433] printk: console [ttyS0] enabled
[    0.251433] printk: console [ttyS0] enabled
[    0.252693] printk: bootconsole [earlyser0] disabled
[    0.252693] printk: bootconsole [earlyser0] disabled
[    0.254169] Lock dependency validator: Copyright (c) 2006 Red Hat, Inc., Ingo Molnar
[    0.255332] ... MAX_LOCKDEP_SUBCLASSES:  8
[    0.255956] ... MAX_LOCK_DEPTH:          48
[    0.256590] ... MAX_LOCKDEP_KEYS:        8192
[    0.257255] ... CLASSHASH_SIZE:          4096
[    0.257917] ... MAX_LOCKDEP_ENTRIES:     32768
[    0.258590] ... MAX_LOCKDEP_CHAINS:      65536
[    0.259269] ... CHAINHASH_SIZE:          32768
[    0.259943]  memory used by lock dependency info: 6365 kB
[    0.260758]  memory used for stack traces: 4224 kB
[    0.261482]  per task-struct memory footprint: 1920 bytes
[    0.262368] ACPI: Core revision 20220331
[    0.263329] clocksource: hpet: mask: 0xffffffff max_cycles: 0xffffffff, max_idle_ns: 19112604467 ns
[    0.264961] APIC: Switch to symmetric I/O mode setup
[    0.266137] x2apic enabled
[    0.266966] Switched APIC routing to physical x2apic.
[    0.267741] kvm-guest: setup PV IPIs
[    0.270179] ..TIMER: vector=0x30 apic1=0 pin1=2 apic2=-1 pin2=-1
[    0.271126] clocksource: tsc-early: mask: 0xffffffffffffffff max_cycles: 0x363e8c91135, max_idle_ns: 881590568389 ns
[    0.272705] Calibrating delay loop (skipped) preset value.. 3763.20 BogoMIPS (lpj=7526400)
[    0.276706] pid_max: default: 32768 minimum: 301
[    0.277568] LSM: Security Framework initializing
[    0.278283] Yama: becoming mindful.
[    0.279131] Mount-cache hash table entries: 4096 (order: 3, 32768 bytes, linear)
[    0.280721] Mountpoint-cache hash table entries: 4096 (order: 3, 32768 bytes, linear)
[    0.283857] CPU0: Thermal monitoring enabled (TM1)
[    0.287059] x86/cpu: User Mode Instruction Prevention (UMIP) activated
[    0.289760] Last level iTLB entries: 4KB 0, 2MB 0, 4MB 0
[    0.290693] Last level dTLB entries: 4KB 0, 2MB 0, 4MB 0, 1GB 0
[    0.291688] Spectre V1 : Mitigation: usercopy/swapgs barriers and __user pointer sanitization
[    0.292732] Spectre V2 : WARNING: Unprivileged eBPF is enabled with eIBRS on, data leaks possible via Spectre v2 BHB attacks!
[    0.294402] Spectre V2 : Mitigation: Enhanced IBRS
[    0.295105] Spectre V2 : Spectre v2 / SpectreRSB mitigation: Filling RSB on context switch
[    0.296687] Spectre V2 : Spectre v2 / PBRSB-eIBRS: Retire a single CALL on VMEXIT
[    0.297779] Spectre V2 : mitigation: Enabling conditional Indirect Branch Prediction Barrier
[    0.298999] Speculative Store Bypass: Mitigation: Speculative Store Bypass disabled via prctl
[    0.300687] MMIO Stale Data: Unknown: No mitigations
[    0.426066] Freeing SMP alternatives memory: 56K
[    0.427437] smpboot: CPU0: Genuine Intel(R) 0000 (family: 0x6, model: 0xba, stepping: 0x2)
[    0.428684] cblist_init_generic: Setting adjustable number of callback queues.
[    0.428684] cblist_init_generic: Setting shift to 1 and lim to 1.
[    0.428684] cblist_init_generic: Setting shift to 1 and lim to 1.
[    0.428783] cblist_init_generic: Setting shift to 1 and lim to 1.
[    0.429775] Running RCU-tasks wait API self tests
[    0.532803] Performance Events: Alderlake Hybrid events, full-width counters, Intel PMU driver.
[    0.534737] core: cpu_core PMU driver: 
[    0.535294] ... version:                2
[    0.535891] ... bit width:              48
[    0.536470] ... generic registers:      6
[    0.536691] ... value mask:             0000ffffffffffff
[    0.537439] ... max period:             00007fffffffffff
[    0.538178] ... fixed-purpose events:   3
[    0.538738] ... event mask:             0001000f0000003f
[    0.539795] rcu: Hierarchical SRCU implementation.
[    0.540480] rcu: 	Max phase no-delay instances is 1000.
[    0.543537] unchecked MSR access error: WRMSR to 0x38f (tried to write 0x0001000f0000003f) at rIP: 0xffffffff810ce49c (native_write_msr+0xc/0x30)
[    0.544684] Call Trace:
[    0.544684]  <TASK>
[    0.544684]  __intel_pmu_enable_all.constprop.46+0xb5/0x140
[    0.544684]  intel_pmu_enable_all+0x1e/0x30
[    0.544684]  x86_pmu_enable+0x46d/0x5a0
[    0.544684]  ? write_comp_data+0x2f/0x90
[    0.544684]  perf_pmu_enable+0x53/0x70
[    0.544684]  ctx_resched+0xab/0xf0
[    0.544684]  __perf_install_in_context+0x31b/0x480
[    0.544684]  ? perf_duration_warn+0x50/0x50
[    0.544684]  ? perf_duration_warn+0x50/0x50
[    0.544684]  remote_function+0x80/0xa0
[    0.544684]  ? perf_duration_warn+0x50/0x50
[    0.544684]  generic_exec_single+0x124/0x190
[    0.544684]  smp_call_function_single+0x11c/0x240
[    0.544684]  ? perf_duration_warn+0x50/0x50
[    0.544684]  ? __sanitizer_cov_trace_pc+0x25/0x60
[    0.544684]  ? write_comp_data+0x2f/0x90
[    0.544684]  perf_install_in_context+0x2e8/0x310
[    0.544684]  ? ctx_resched+0xf0/0xf0
[    0.544684]  perf_event_create_kernel_counter+0x16a/0x200
[    0.544684]  ? find_next_bit+0x30/0x30
[    0.544684]  hardlockup_detector_event_create+0x46/0xd0
[    0.544684]  hardlockup_detector_perf_init+0x18/0x66
[    0.544684]  watchdog_nmi_probe+0x17/0x1d
[    0.544684]  lockup_detector_init+0x40/0xaf
[    0.544684]  kernel_init_freeable+0x264/0x42e
[    0.544684]  ? rest_init+0x240/0x240
[    0.544684]  kernel_init+0x24/0x1e0
[    0.544684]  ? rest_init+0x240/0x240
[    0.544684]  ret_from_fork+0x1f/0x30
[    0.544684]  </TASK>
[    0.544737] Callback from call_rcu_tasks_trace() invoked.
[    0.545801] smp: Bringing up secondary CPUs ...
[    0.547581] x86: Booting SMP configuration:
[    0.548201] .... node  #0, CPUs:      #1
[    0.548918] smp: Brought up 1 node, 2 CPUs
[    0.549925] smpboot: Max logical packages: 1
[    0.550529] smpboot: Total of 2 processors activated (7526.40 BogoMIPS)
[    0.560936] devtmpfs: initialized
[    0.561778] x86/mm: Memory block size: 128MB
[    0.565638] clocksource: jiffies: mask: 0xffffffff max_cycles: 0xffffffff, max_idle_ns: 7645041785100000 ns
[    0.566519] futex hash table entries: 512 (order: 4, 65536 bytes, linear)
[    0.569014] pinctrl core: initialized pinctrl subsystem
[    0.570362] 
[    0.570593] *************************************************************
[    0.571549] **     NOTICE NOTICE NOTICE NOTICE NOTICE NOTICE NOTICE    **
[    0.572504] **                                                         **
[    0.572691] **  IOMMU DebugFS SUPPORT HAS BEEN ENABLED IN THIS KERNEL  **
[    0.573628] **                                                         **
[    0.574572] ** This means that this kernel is built to expose internal **
[    0.575527] ** IOMMU data structures, which may compromise security on **
[    0.576474] ** your system.                                            **
[    0.576690] **                                                         **
[    0.577633] ** If you see this message and you are not debugging the   **
[    0.578582] ** kernel, report this immediately to your vendor!         **
[    0.579531] **                                                         **
[    0.580479] **     NOTICE NOTICE NOTICE NOTICE NOTICE NOTICE NOTICE    **
[    0.580690] *************************************************************
[    0.581745] PM: RTC time: 00:57:04, date: 2023-03-14
[    0.587119] NET: Registered PF_NETLINK/PF_ROUTE protocol family
[    0.588609] DMA: preallocated 256 KiB GFP_KERNEL pool for atomic allocations
[    0.588728] DMA: preallocated 256 KiB GFP_KERNEL|GFP_DMA pool for atomic allocations
[    0.589846] DMA: preallocated 256 KiB GFP_KERNEL|GFP_DMA32 pool for atomic allocations
[    0.591035] audit: initializing netlink subsys (disabled)
[    0.591873] audit: type=2000 audit(1678755424.607:1): state=initialized audit_enabled=0 res=1
[    0.591873] thermal_sys: Registered thermal governor 'fair_share'
[    0.591873] thermal_sys: Registered thermal governor 'bang_bang'
[    0.592697] thermal_sys: Registered thermal governor 'step_wise'
[    0.593567] thermal_sys: Registered thermal governor 'user_space'
[    0.594512] cpuidle: using governor ladder
[    0.596712] cpuidle: using governor menu
[    0.597622] acpiphp: ACPI Hot Plug PCI Controller Driver version: 0.5
[    0.598955] PCI: Using configuration type 1 for base access
[    0.614110] kprobes: kprobe jump-optimization is enabled. All kprobes are optimized if possible.
[    0.824864] HugeTLB: registered 1.00 GiB page size, pre-allocated 0 pages
[    0.826052] HugeTLB: 16380 KiB vmemmap can be freed for a 1.00 GiB page
[    0.827169] HugeTLB: registered 2.00 MiB page size, pre-allocated 0 pages
[    0.828291] HugeTLB: 28 KiB vmemmap can be freed for a 2.00 MiB page
[    0.830974] ACPI: Added _OSI(Module Device)
[    0.831709] ACPI: Added _OSI(Processor Device)
[    0.832457] ACPI: Added _OSI(3.0 _SCP Extensions)
[    0.832705] ACPI: Added _OSI(Processor Aggregator Device)
[    0.842833] ACPI: 1 ACPI AML tables successfully acquired and loaded
[    0.847531] ACPI: Interpreter enabled
[    0.848271] ACPI: PM: (supports S0 S3 S4 S5)
[    0.848693] ACPI: Using IOAPIC for interrupt routing
[    0.849599] PCI: Using host bridge windows from ACPI; if necessary, use "pci=nocrs" and report a bug
[    0.851147] PCI: Using E820 reservations for host bridge windows
[    0.852961] ACPI: Enabled 2 GPEs in block 00 to 0F
[    0.871491] ACPI: PCI Root Bridge [PCI0] (domain 0000 [bus 00-ff])
[    0.872615] acpi PNP0A03:00: _OSC: OS supports [ASPM ClockPM Segments MSI EDR HPX-Type3]
[    0.872698] acpi PNP0A03:00: _OSC: not requesting OS control; OS requires [ExtendedConfig ASPM ClockPM MSI]
[    0.874425] acpi PNP0A03:00: fail to add MMCONFIG information, can't access extended PCI configuration space under this bridge.
[    0.878977] acpiphp: Slot [3] registered
[    0.879744] acpiphp: Slot [4] registered
[    0.880506] acpiphp: Slot [5] registered
[    0.880769] acpiphp: Slot [6] registered
[    0.881541] acpiphp: Slot [7] registered
[    0.882305] acpiphp: Slot [8] registered
[    0.883060] acpiphp: Slot [9] registered
[    0.883823] acpiphp: Slot [10] registered
[    0.884600] acpiphp: Slot [11] registered
[    0.884782] acpiphp: Slot [12] registered
[    0.885556] acpiphp: Slot [13] registered
[    0.886326] acpiphp: Slot [14] registered
[    0.887102] acpiphp: Slot [15] registered
[    0.887895] acpiphp: Slot [16] registered
[    0.888695] acpiphp: Slot [17] registered
[    0.889468] acpiphp: Slot [18] registered
[    0.890239] acpiphp: Slot [19] registered
[    0.891018] acpiphp: Slot [20] registered
[    0.891816] acpiphp: Slot [21] registered
[    0.892607] acpiphp: Slot [22] registered
[    0.892778] acpiphp: Slot [23] registered
[    0.893598] acpiphp: Slot [24] registered
[    0.894385] acpiphp: Slot [25] registered
[    0.895175] acpiphp: Slot [26] registered
[    0.895952] acpiphp: Slot [27] registered
[    0.896737] acpiphp: Slot [28] registered
[    0.897512] acpiphp: Slot [29] registered
[    0.898349] acpiphp: Slot [30] registered
[    0.899190] acpiphp: Slot [31] registered
[    0.899936] PCI host bridge to bus 0000:00
[    0.900661] pci_bus 0000:00: root bus resource [io  0x0000-0x0cf7 window]
[    0.900698] pci_bus 0000:00: root bus resource [io  0x0d00-0xffff window]
[    0.901930] pci_bus 0000:00: root bus resource [mem 0x000a0000-0x000bffff window]
[    0.903238] pci_bus 0000:00: root bus resource [mem 0x80000000-0xfebfffff window]
[    0.904527] pci_bus 0000:00: root bus resource [mem 0x100000000-0x17fffffff window]
[    0.904695] pci_bus 0000:00: root bus resource [bus 00-ff]
[    0.905824] pci 0000:00:00.0: [8086:1237] type 00 class 0x060000
[    0.910469] pci 0000:00:01.0: [8086:7000] type 00 class 0x060100
[    0.912912] pci 0000:00:01.1: [8086:7010] type 00 class 0x010180
[    0.915664] pci 0000:00:01.1: reg 0x20: [io  0xc040-0xc04f]
[    0.917450] pci 0000:00:01.1: legacy IDE quirk: reg 0x10: [io  0x01f0-0x01f7]
[    0.918688] pci 0000:00:01.1: legacy IDE quirk: reg 0x14: [io  0x03f6]
[    0.919832] pci 0000:00:01.1: legacy IDE quirk: reg 0x18: [io  0x0170-0x0177]
[    0.920695] pci 0000:00:01.1: legacy IDE quirk: reg 0x1c: [io  0x0376]
[    0.922246] pci 0000:00:01.3: [8086:7113] type 00 class 0x068000
[    0.924141] pci 0000:00:01.3: quirk: [io  0x0600-0x063f] claimed by PIIX4 ACPI
[    0.924719] pci 0000:00:01.3: quirk: [io  0x0700-0x070f] claimed by PIIX4 SMB
[    0.926394] pci 0000:00:02.0: [1234:1111] type 00 class 0x030000
[    0.929229] pci 0000:00:02.0: reg 0x10: [mem 0xfd000000-0xfdffffff pref]
[    0.933143] pci 0000:00:02.0: reg 0x18: [mem 0xfebf0000-0xfebf0fff]
[    0.940388] pci 0000:00:02.0: reg 0x30: [mem 0xfebe0000-0xfebeffff pref]
[    0.941198] pci 0000:00:02.0: Video device with shadowed ROM at [mem 0x000c0000-0x000dffff]
[    0.947001] pci 0000:00:03.0: [8086:100e] type 00 class 0x020000
[    0.948661] pci 0000:00:03.0: reg 0x10: [mem 0xfebc0000-0xfebdffff]
[    0.949245] pci 0000:00:03.0: reg 0x14: [io  0xc000-0xc03f]
[    0.952619] pci 0000:00:03.0: reg 0x30: [mem 0xfeb80000-0xfebbffff pref]
[    0.985637] ACPI: PCI: Interrupt link LNKA configured for IRQ 10
[    0.987127] ACPI: PCI: Interrupt link LNKB configured for IRQ 10
[    0.988539] ACPI: PCI: Interrupt link LNKC configured for IRQ 11
[    0.989106] ACPI: PCI: Interrupt link LNKD configured for IRQ 11
[    0.990328] ACPI: PCI: Interrupt link LNKS configured for IRQ 9
[    0.993775] iommu: Default domain type: Translated 
[    0.994642] iommu: DMA domain TLB invalidation policy: lazy mode 
[    0.997498] SCSI subsystem initialized
[    0.998582] ACPI: bus type USB registered
[    0.999401] usbcore: registered new interface driver usbfs
[    1.000404] usbcore: registered new interface driver hub
[    1.000735] usbcore: registered new device driver usb
[    1.001734] pps_core: LinuxPPS API ver. 1 registered
[    1.002581] pps_core: Software ver. 5.3.6 - Copyright 2005-2007 Rodolfo Giometti <giometti@linux.it>
[    1.004119] PTP clock support registered
[    1.004942] EDAC MC: Ver: 3.0.0
[    1.007767] NetLabel: Initializing
[    1.008370] NetLabel:  domain hash size = 128
[    1.008695] NetLabel:  protocols = UNLABELED CIPSOv4 CALIPSO
[    1.009833] NetLabel:  unlabeled traffic allowed by default
[    1.011346] PCI: Using ACPI for IRQ routing
[    1.012461] pci 0000:00:02.0: vgaarb: setting as boot VGA device
[    1.012684] pci 0000:00:02.0: vgaarb: bridge control possible
[    1.012684] pci 0000:00:02.0: vgaarb: VGA device added: decodes=io+mem,owns=io+mem,locks=none
[    1.012692] vgaarb: loaded
[    1.014125] hpet0: at MMIO 0xfed00000, IRQs 2, 8, 0
[    1.014974] hpet0: 3 comparators, 64-bit 100.000000 MHz counter
[    3.555623] clocksource: Switched to clocksource kvm-clock
[    3.555909] Callback from call_rcu_tasks_rude() invoked.
[    3.556684] VFS: Disk quotas dquot_6.6.0
[    3.557488] VFS: Dquot-cache hash table entries: 512 (order 0, 4096 bytes)
[    3.559068] pnp: PnP ACPI init
[    3.561792] pnp: PnP ACPI: found 6 devices
[    3.575261] clocksource: acpi_pm: mask: 0xffffff max_cycles: 0xffffff, max_idle_ns: 2085701024 ns
[    3.577264] NET: Registered PF_INET protocol family
[    3.578606] IP idents hash table entries: 32768 (order: 6, 262144 bytes, linear)
[    3.581342] tcp_listen_portaddr_hash hash table entries: 1024 (order: 4, 73728 bytes, linear)
[    3.582917] Table-perturb hash table entries: 65536 (order: 6, 262144 bytes, linear)
[    3.584248] TCP established hash table entries: 16384 (order: 5, 131072 bytes, linear)
[    3.586338] TCP bind hash table entries: 16384 (order: 9, 2359296 bytes, linear)
[    3.591309] TCP: Hash tables configured (established 16384 bind 16384)
[    3.592913] UDP hash table entries: 1024 (order: 5, 163840 bytes, linear)
[    3.594327] UDP-Lite hash table entries: 1024 (order: 5, 163840 bytes, linear)
[    3.596032] NET: Registered PF_UNIX/PF_LOCAL protocol family
[    3.598028] RPC: Registered named UNIX socket transport module.
[    3.599070] RPC: Registered udp transport module.
[    3.599877] RPC: Registered tcp transport module.
[    3.600706] RPC: Registered tcp NFSv4.1 backchannel transport module.
[    3.601858] pci_bus 0000:00: resource 4 [io  0x0000-0x0cf7 window]
[    3.602922] pci_bus 0000:00: resource 5 [io  0x0d00-0xffff window]
[    3.603982] pci_bus 0000:00: resource 6 [mem 0x000a0000-0x000bffff window]
[    3.605179] pci_bus 0000:00: resource 7 [mem 0x80000000-0xfebfffff window]
[    3.606355] pci_bus 0000:00: resource 8 [mem 0x100000000-0x17fffffff window]
[    3.607853] pci 0000:00:01.0: PIIX3: Enabling Passive Release
[    3.608886] pci 0000:00:00.0: Limiting direct PCI/PCI transfers
[    3.610092] PCI: CLS 0 bytes, default 64
[    3.611401] ACPI: bus type thunderbolt registered
[    3.612612] clocksource: tsc: mask: 0xffffffffffffffff max_cycles: 0x363e8c91135, max_idle_ns: 881590568389 ns
[    3.664954] Callback from call_rcu_tasks() invoked.
[    3.757605] Initialise system trusted keyrings
[    3.758480] Key type blacklist registered
[    3.759470] workingset: timestamp_bits=36 max_order=19 bucket_order=0
[    3.771135] zbud: loaded
[    3.773818] squashfs: version 4.0 (2009/01/31) Phillip Lougher
[    3.776339] NFS: Registering the id_resolver key type
[    3.777164] Key type id_resolver registered
[    3.777808] Key type id_legacy registered
[    3.778543] nfs4filelayout_init: NFSv4 File Layout Driver Registering...
[    3.779587] nfs4flexfilelayout_init: NFSv4 Flexfile Layout Driver Registering...
[    3.780842] fuse: init (API version 7.37)
[    3.781788] SGI XFS with ACLs, security attributes, realtime, quota, no debug enabled
[    3.785559] 9p: Installing v9fs 9p2000 file system support
[    3.793173] Key type asymmetric registered
[    3.793839] Asymmetric key parser 'x509' registered
[    3.796614] alg: self-tests for CTR-KDF (hmac(sha256)) passed
[    3.797632] Block layer SCSI generic (bsg) driver version 0.4 loaded (major 243)
[    3.799047] io scheduler mq-deadline registered
[    3.799870] io scheduler bfq registered
[    3.801937] shpchp: Standard Hot Plug PCI Controller Driver version: 0.4
[    3.803449] IPMI message handler: version 39.2
[    3.804188] ipmi device interface
[    3.806310] input: Power Button as /devices/LNXSYSTM:00/LNXPWRBN:00/input/input0
[    3.807805] ACPI: button: Power Button [PWRF]
[    3.809545] ERST DBG: ERST support is disabled.
[    3.811034] Serial: 8250/16550 driver, 32 ports, IRQ sharing enabled
[    3.812934] 00:04: ttyS0 at I/O 0x3f8 (irq = 4, base_baud = 115200) is a 16550A
[    3.822702] Linux agpgart interface v0.103
[    3.824131] ACPI: bus type drm_connector registered
[    3.837837] brd: module loaded
[    3.846545] loop: module loaded
[    3.852352] scsi host0: ata_piix
[    3.853698] scsi host1: ata_piix
[    3.854381] ata1: PATA max MWDMA2 cmd 0x1f0 ctl 0x3f6 bmdma 0xc040 irq 14
[    3.855405] ata2: PATA max MWDMA2 cmd 0x170 ctl 0x376 bmdma 0xc048 irq 15
[    3.857992] tun: Universal TUN/TAP device driver, 1.6
[    3.858971] e100: Intel(R) PRO/100 Network Driver
[    3.859687] e100: Copyright(c) 1999-2006 Intel Corporation
[    3.860553] e1000: Intel(R) PRO/1000 Network Driver
[    3.861326] e1000: Copyright (c) 1999-2006 Intel Corporation.
[    4.017063] ata2: found unknown device (class 0)
[    4.018360] ata1: found unknown device (class 0)
[    4.019703] ata2.00: ATAPI: QEMU DVD-ROM, 2.5+, max UDMA/100
[    4.021183] ata1.00: ATA-7: QEMU HARDDISK, 2.5+, max UDMA/100
[    4.022061] ata1.00: 16777216 sectors, multi 16: LBA48 
[    4.024549] scsi 0:0:0:0: Direct-Access     ATA      QEMU HARDDISK    2.5+ PQ: 0 ANSI: 5
[    4.026743] sd 0:0:0:0: Attached scsi generic sg0 type 0
[    4.026983] sd 0:0:0:0: [sda] 16777216 512-byte logical blocks: (8.59 GB/8.00 GiB)
[    4.028785] sd 0:0:0:0: [sda] Write Protect is off
[    4.029564] sd 0:0:0:0: [sda] Write cache: enabled, read cache: enabled, doesn't support DPO or FUA
[    4.030962] sd 0:0:0:0: [sda] Preferred minimum I/O size 512 bytes
[    4.034470] scsi 1:0:0:0: CD-ROM            QEMU     QEMU DVD-ROM     2.5+ PQ: 0 ANSI: 5
[    4.043519] ACPI: \_SB_.LNKC: Enabled at IRQ 11
[    4.059054] sd 0:0:0:0: [sda] Attached SCSI disk
[    4.065987] scsi 1:0:0:0: Attached scsi generic sg1 type 5
[    4.402412] e1000 0000:00:03.0 eth0: (PCI:33MHz:32-bit) 52:54:00:12:34:56
[    4.403407] e1000 0000:00:03.0 eth0: Intel(R) PRO/1000 Network Connection
[    4.404482] e1000e: Intel(R) PRO/1000 Network Driver
[    4.405228] e1000e: Copyright(c) 1999 - 2015 Intel Corporation.
[    4.406150] igb: Intel(R) Gigabit Ethernet Network Driver
[    4.406904] igb: Copyright (c) 2007-2014 Intel Corporation.
[    4.407816] PPP generic driver version 2.4.2
[    4.409188] VFIO - User Level meta-driver version: 0.3
[    4.410668] usbcore: registered new interface driver uas
[    4.411504] usbcore: registered new interface driver usb-storage
[    4.412472] i8042: PNP: PS/2 Controller [PNP0303:KBD,PNP0f13:MOU] at 0x60,0x64 irq 1,12
[    4.414809] serio: i8042 KBD port at 0x60,0x64 irq 1
[    4.415558] serio: i8042 AUX port at 0x60,0x64 irq 12
[    4.417022] mousedev: PS/2 mouse device common for all mice
[    4.418832] input: AT Translated Set 2 keyboard as /devices/platform/i8042/serio0/input/input1
[    4.420988] rtc_cmos 00:05: RTC can wake from S4
[    4.421974] input: VirtualPS/2 VMware VMMouse as /devices/platform/i8042/serio1/input/input4
[    4.424579] input: VirtualPS/2 VMware VMMouse as /devices/platform/i8042/serio1/input/input3
[    4.426075] rtc_cmos 00:05: registered as rtc0
[    4.426831] rtc_cmos 00:05: setting system clock to 2023-03-14T00:57:08 UTC (1678755428)
[    4.428125] rtc_cmos 00:05: alarms up to one day, y3k, 242 bytes nvram, hpet irqs
[    4.429268] i2c_dev: i2c /dev entries driver
[    4.430136] device-mapper: core: CONFIG_IMA_DISABLE_HTABLE is disabled. Duplicate IMA measurements will not be recorded in the IMA log.
[    4.431976] device-mapper: uevent: version 1.0.3
[    4.433111] device-mapper: ioctl: 4.47.0-ioctl (2022-07-28) initialised: dm-devel@redhat.com
[    4.434311] intel_pstate: CPU model not supported
[    4.435078] sdhci: Secure Digital Host Controller Interface driver
[    4.435942] sdhci: Copyright(c) Pierre Ossman
[    4.436631] sdhci-pltfm: SDHCI platform and OF driver helper
[    4.437657] ledtrig-cpu: registered to indicate activity on CPUs
[    4.438882] drop_monitor: Initializing network drop monitor service
[    4.440472] NET: Registered PF_INET6 protocol family
[    4.444106] Segment Routing with IPv6
[    4.444718] In-situ OAM (IOAM) with IPv6
[    4.445339] NET: Registered PF_PACKET protocol family
[    4.446440] 9pnet: Installing 9P2000 support
[    4.447138] Key type dns_resolver registered
[    4.448587] IPI shorthand broadcast: enabled
[    4.449268] sched_clock: Marking stable (4417440025, 31775065)->(4503111412, -53896322)
[    4.451168] registered taskstats version 1
[    4.452005] Loading compiled-in X.509 certificates
[    4.453028] zswap: loaded using pool lzo/zbud
[    4.454511] Key type .fscrypt registered
[    4.455220] Key type fscrypt-provisioning registered
[    4.457129] Key type encrypted registered
[    4.457789] ima: No TPM chip found, activating TPM-bypass!
[    4.458585] ima: Allocated hash algorithm: sha1
[    4.459306] ima: No architecture policies found
[    4.460015] evm: Initialising EVM extended attributes:
[    4.460764] evm: security.selinux
[    4.461246] evm: security.SMACK64
[    4.461725] evm: security.SMACK64EXEC
[    4.462255] evm: security.SMACK64TRANSMUTE
[    4.462854] evm: security.SMACK64MMAP
[    4.463384] evm: security.apparmor
[    4.463877] evm: security.ima
[    4.464308] evm: security.capability
[    4.464845] evm: HMAC attrs: 0x1
[    4.471120] PM:   Magic number: 15:471:961
[    4.471866] memory memory12: hash matches
[    4.473152] RAS: Correctable Errors collector initialized.
[    4.475402] md: Waiting for all devices to be available before autodetect
[    4.476040] md: If you don't use raid, use raid=noautodetect
[    4.476572] md: Autodetecting RAID arrays.
[    4.477205] md: autorun ...
[    4.477478] md: ... autorun DONE.
[    4.490940] EXT4-fs (sda): mounted filesystem with ordered data mode. Quota mode: none.
[    4.491796] VFS: Mounted root (ext4 filesystem) readonly on device 8:0.
[    4.495346] devtmpfs: mounted
[    4.505812] Freeing unused decrypted memory: 2036K
[    4.507577] Freeing unused kernel image (initmem) memory: 3672K
[    4.508165] Write protecting the kernel read-only data: 43008k
[    4.513171] Freeing unused kernel image (text/rodata gap) memory: 2028K
[    4.514609] Freeing unused kernel image (rodata/data gap) memory: 368K
[    4.600656] x86/mm: Checked W+X mappings: passed, no W+X pages found.
[    4.601487] Run /sbin/init as init process
[    4.829487] systemd[1]: RTC configured in localtime, applying delta of 0 minutes to system time.
[    4.863069] systemd[1]: systemd 239 (239-49.el8) running in system mode. (+PAM +AUDIT +SELINUX +IMA -APPARMOR +SMACK +SYSVINIT +UTMP +LIBCRYPTSETUP +GCRYPT +GNUTLS +ACL +XZ +LZ4 +SECCOMP +BLKID +ELFUTILS +KMOD +IDN2 -IDN +PCRE2 default-hierarchy=legacy)
[    4.865386] systemd[1]: Detected virtualization kvm.
[    4.865873] systemd[1]: Detected architecture x86-64.

Welcome to [0;31mCentOS Stream 8[0m!

[    4.935348] systemd[1]: Set hostname to <test>.
[    5.960804] random: crng init done
[    6.102778] systemd[1]: Started Forward Password Requests to Wall Directory Watch.
[[0;32m  OK  [0m] Started Forward Password Requests to Wall Directory Watch.
[    6.107166] systemd[1]: Created slice system-getty.slice.
[[0;32m  OK  [0m] Created slice system-getty.slice.
[    6.108670] systemd[1]: Listening on LVM2 poll daemon socket.
[[0;32m  OK  [0m] Listening on LVM2 poll daemon socket.
[    6.110085] systemd[1]: Listening on initctl Compatibility Named Pipe.
[[0;32m  OK  [0m] Listening on initctl Compatibility Named Pipe.
[    6.111465] systemd[1]: Reached target Swap.
[[0;32m  OK  [0m] Reached target Swap.
[    6.113065] systemd[1]: Set up automount Arbitrary Executable File Formats File System Automount Point.
[[0;32m  OK  [0m] Set up automount Arbitrary Executabâ€¦rmats File System Automount Point.
[[0;32m  OK  [0m] Listening on udev Kernel Socket.
[[0;32m  OK  [0m] Listening on Journal Socket (/dev/log).
[[0;32m  OK  [0m] Created slice system-sshd\x2dkeygen.slice.
[[0;32m  OK  [0m] Listening on Journal Socket.
         Starting Load Kernel Modules...
         Mounting POSIX Message Queue File System...
         Starting Journal Service...
         Starting Setup Virtual Console...
[[0;32m  OK  [0m] Listening on RPCbind Server Activation Socket.
[[0;32m  OK  [0m] Listening on udev Control Socket.
[[0;32m  OK  [0m] Listening on multipathd control socket.
         Mounting Huge Pages File System...
[[0;32m  OK  [0m] Reached target RPC Port Mapper.
[[0;32m  OK  [0m] Created slice system-serial\x2dgetty.slice.
         Mounting Kernel Debug File System...
[[0;32m  OK  [0m] Listening on Process Core Dump Socket.
[[0;32m  OK  [0m] Created slice User and Session Slice.
[[0;32m  OK  [0m] Reached target Slices.
         Starting Remount Root and Kernel File Systems...
         Starting udev Coldplug all Devices...
[[0;32m  OK  [0m] Listening on Device-mapper event daemon FIFOs.
         Starting Monitoring of LVM2 mirrorsâ€¦ng dmeventd or progress polling...
[[0;32m  OK  [0m] Started Journal Service.
[[0;1;31mFAILED[0m] Failed to start Load Kernel Modules.
See 'systemctl status systemd-modules-load.service' for details.
[[0;32m  OK  [0m] Mounted POSIX Message Queue File System.
[[0;32m  OK  [0m] Mounted Huge Pages File System.
[[0;32m  OK  [0m] Mounted Kernel Debug File System.
[[0;32m  OK  [0m] Started Setup Virtual Console.
         Mounting Kernel Configuration File System...
         Starting Apply Kernel Variables...
         Mounting FUSE Control File System...
[[0;32m  OK  [0m] Mounted Kernel Configuration File System.
[    6.664469] EXT4-fs (sda): re-mounted. Quota mode: none.
[[0;32m  OK  [0m] Started Remount Root and Kernel File Systems.
         Starting Load/Save Random Seed...
         Starting Flush Journal to Persistent Storage...
         Starting Create Static Device Nodes in /dev...
[[0;32m  OK  [0m] Started Apply Kernel Variables.
[[0;32m  OK  [0m] Mounted FUSE Control File System.
[[0;32m  OK  [0m] Started Load/Save Random Seed.
[[0;32m  OK  [0m] Started udev Coldplug all Devices.
         Starting udev Wait for Complete Device Initialization...
[[0;32m  OK  [0m] Started Flush Journal to Persistent Storage.
[[0;32m  OK  [0m] Started Create Static Device Nodes in /dev.
         Starting udev Kernel Device Manager...
[[0;32m  OK  [0m] Started udev Kernel Device Manager.
         Starting Show Plymouth Boot Screen...
[[0;32m  OK  [0m] Started Show Plymouth Boot Screen.
[[0;32m  OK  [0m] Started Forward Password Requests to Plymouth Directory Watch.
[[0;32m  OK  [0m] Reached target Paths.
[[0;32m  OK  [0m] Reached target Local Encrypted Volumes.
[[0;32m  OK  [0m] Found device /dev/ttyS0.
[[0;32m  OK  [0m] Started Monitoring of LVM2 mirrors,â€¦sing dmeventd or progress polling.
[[0;32m  OK  [0m] Started udev Wait for Complete Device Initialization.
[[0;32m  OK  [0m] Listening on Load/Save RF Kill Switch Status /dev/rfkill Watch.
[[0;32m  OK  [0m] Reached target Local File Systems (Pre).
[[0;32m  OK  [0m] Reached target Local File Systems.
         Starting Restore /run/initramfs on shutdown...
         Starting Tell Plymouth To Write Out Runtime Data...
         Starting Create Volatile Files and Directories...
[[0;32m  OK  [0m] Started Restore /run/initramfs on shutdown.
[[0;32m  OK  [0m] Started Tell Plymouth To Write Out Runtime Data.
[[0;32m  OK  [0m] Started Create Volatile Files and Directories.
         Starting RPC Bind...
         Mounting RPC Pipe File System...
         Starting Security Auditing Service...
[[0;32m  OK  [0m] Mounted RPC Pipe File System.
[[0;32m  OK  [0m] Reached target rpc_pipefs.target.
[[0;32m  OK  [0m] Started RPC Bind.
[[0;32m  OK  [0m] Started Security Auditing Service.
         Starting Update UTMP about System Boot/Shutdown...
[[0;32m  OK  [0m] Started Update UTMP about System Boot/Shutdown.
[[0;32m  OK  [0m] Reached target System Initialization.
[[0;32m  OK  [0m] Listening on D-Bus System Message Bus Socket.
[[0;32m  OK  [0m] Started Daily Cleanup of Temporary Directories.
[[0;32m  OK  [0m] Listening on SSSD Kerberos Cache Manager responder socket.
[[0;32m  OK  [0m] Reached target Sockets.
[[0;32m  OK  [0m] Reached target Basic System.
         Starting Authorization Manager...
[[0;32m  OK  [0m] Started irqbalance daemon.
[[0;32m  OK  [0m] Started D-Bus System Message Bus.
         Starting Network Manager...
[[0;32m  OK  [0m] Reached target sshd-keygen.target.
[[0;32m  OK  [0m] Started Machine Check Exception Logging Daemon.
         Starting NTP client/server...
[[0;32m  OK  [0m] Started daily update of the root trust anchor for DNSSEC.
         Starting Self Monitoring and Reporting Technology (SMART) Daemon...
         Starting Login Service...
[[0;32m  OK  [0m] Started dnf makecache --timer.
[[0;32m  OK  [0m] Reached target Timers.
         Starting Auto-connect to subsystemsâ€¦-NVME devices found during boot...
[[0;32m  OK  [0m] Started Auto-connect to subsystems â€¦FC-NVME devices found during boot.
         Starting update of the root trust aâ€¦or DNSSEC validation in unbound...
[[0;32m  OK  [0m] Started Self Monitoring and Reporting Technology (SMART) Daemon.
[[0;32m  OK  [0m] Started Network Manager.
[[0;32m  OK  [0m] Started Login Service.
[[0;32m  OK  [0m] Reached target Network.
         Starting Dynamic System Tuning Daemon...
         Starting GSSAPI Proxy Daemon...
         Starting OpenSSH server daemon...
         Starting Network Manager Wait Online...
[[0;32m  OK  [0m] Started NTP client/server.
         Starting Hostname Service...
[[0;32m  OK  [0m] Started update of the root trust anâ€¦ for DNSSEC validation in unbound.
[[0;32m  OK  [0m] Started Authorization Manager.
[[0;32m  OK  [0m] Started OpenSSH server daemon.
[[0;32m  OK  [0m] Started GSSAPI Proxy Daemon.
[[0;32m  OK  [0m] Reached target NFS client services.
[[0;32m  OK  [0m] Reached target Remote File Systems (Pre).
[[0;32m  OK  [0m] Reached target Remote File Systems.
         Starting Permit User Sessions...
[[0;32m  OK  [0m] Started Permit User Sessions.
[[0;32m  OK  [0m] Started Command Scheduler.
         Starting Terminate Plymouth Boot Screen...
         Starting Hold until boot process finishes up...
[[0;32m  OK  [0m] Started Terminate Plymouth Boot Screen.
[[0;32m  OK  [0m] Started Hold until boot process finishes up.
[    9.092940] e1000: eth0 NIC Link is Up 1000 Mbps Full Duplex, Flow Control: RX
[    9.094697] IPv6: ADDRCONF(NETDEV_CHANGE): eth0: link becomes ready
[    9.493468] Spectre V2 : WARNING: Unprivileged eBPF is enabled with eIBRS on, data leaks possible via Spectre v2 BHB attacks!
[    9.494937] Spectre V2 : WARNING: Unprivileged eBPF is enabled with eIBRS on, data leaks possible via Spectre v2 BHB attacks!

CentOS Stream 8
Kernel 6.1.0-rc3-81ab9890da97+ on an x86_64

test login: [   28.617382] ------------[ cut here ]------------
[   28.617916] WARNING: CPU: 1 PID: 574 at mm/gup.c:75 try_grab_folio+0x503/0x740
[   28.618660] Modules linked in:
[   28.618985] CPU: 1 PID: 574 Comm: repro Not tainted 6.1.0-rc3-81ab9890da97+ #1
[   28.619717] Hardware name: QEMU Standard PC (i440FX + PIIX, 1996), BIOS rel-1.16.0-0-gd239552ce722-prebuilt.qemu.org 04/01/2014
[   28.620849] RIP: 0010:try_grab_folio+0x503/0x740
[   28.621334] Code: e3 01 48 89 de e8 ed 7d e0 ff 48 85 db 0f 84 7c fe ff ff e8 4f 7c e0 ff 49 8d 47 ff 48 89 45 d0 e9 73 fe ff ff e8 3d 7c e0 ff <0f> 0b 31 db e9 d0 fc ff ff e8 2f 7c e0 ff 48 8b 5d c8 31 ff 48 89
[   28.623125] RSP: 0018:ffffc90000ecf908 EFLAGS: 00010046
[   28.623650] RAX: 0000000000000000 RBX: 00000000fffffc02 RCX: ffffffff81490f06
[   28.624356] RDX: 0000000000000000 RSI: ffff888010774700 RDI: 0000000000000002
[   28.625059] RBP: ffffc90000ecf948 R08: 000000000003b3e4 R09: 0000000000000005
[   28.625753] R10: 000000000003b3c0 R11: 0000000000000023 R12: ffffea00004f7e80
[   28.626454] R13: 0000000000000001 R14: 0000000000000000 R15: ffffea00004f7e80
[   28.627154] FS:  00007f8c720b7740(0000) GS:ffff88807dd00000(0000) knlGS:0000000000000000
[   28.627942] CS:  0010 DS: 0000 ES: 0000 CR0: 0000000080050033
[   28.628518] CR2: 00000000200011c3 CR3: 00000000107d8003 CR4: 0000000000770ee0
[   28.629228] PKRU: 55555554
[   28.629509] Call Trace:
[   28.629765]  <TASK>
[   28.629998]  internal_get_user_pages_fast+0xa9e/0x21e0
[   28.630552]  pin_user_pages_fast+0x61/0xa0
[   28.630976]  pfn_reader_user_pin+0x368/0x390
[   28.631441]  pfn_reader_next+0x14a/0x740
[   28.631840]  ? interval_tree_double_span_iter_update+0x11a/0x140
[   28.632448]  pfn_reader_first+0x13e/0x1b0
[   28.632858]  iopt_area_fill_domain+0x74/0x210
[   28.633331]  iopt_table_add_domain+0x30e/0x6e0
[   28.633787]  iommufd_device_selftest_attach+0x7f/0x140
[   28.634312]  iommufd_test+0x10ff/0x16f0
[   28.634706]  ? write_comp_data+0x2f/0x90
[   28.635116]  iommufd_fops_ioctl+0x1ef/0x310
[   28.635549]  __x64_sys_ioctl+0x10e/0x160
[   28.635952]  ? iommufd_get_object.part.6+0x1c0/0x1c0
[   28.636450]  do_syscall_64+0x3b/0x90
[   28.636835]  entry_SYSCALL_64_after_hwframe+0x63/0xcd
[   28.637350] RIP: 0033:0x7f8c721dc59d
[   28.637730] Code: 00 c3 66 2e 0f 1f 84 00 00 00 00 00 90 f3 0f 1e fa 48 89 f8 48 89 f7 48 89 d6 48 89 ca 4d 89 c2 4d 89 c8 4c 8b 4c 24 08 0f 05 <48> 3d 01 f0 ff ff 73 01 c3 48 8b 0d d3 08 0d 00 f7 d8 64 89 01 48
[   28.639557] RSP: 002b:00007fff78653588 EFLAGS: 00000217 ORIG_RAX: 0000000000000010
[   28.640310] RAX: ffffffffffffffda RBX: 0000000000000000 RCX: 00007f8c721dc59d
[   28.641004] RDX: 00000000200001c0 RSI: 0000000000003ba0 RDI: 0000000000000003
[   28.641704] RBP: 00007fff786535a0 R08: 00007fff786535a0 R09: 00007fff786535a0
[   28.642396] R10: 00007fff786535a0 R11: 0000000000000217 R12: 0000000000401180
[   28.643087] R13: 00007fff786536c0 R14: 0000000000000000 R15: 0000000000000000
[   28.643792]  </TASK>
[   28.644032] irq event stamp: 1292
[   28.644366] hardirqs last  enabled at (1291): [<ffffffff81574e9b>] mod_objcg_state+0x16b/0x2f0
[   28.645223] hardirqs last disabled at (1292): [<ffffffff81497873>] internal_get_user_pages_fast+0x1fa3/0x21e0
[   28.646192] softirqs last  enabled at (970): [<ffffffff83000329>] __do_softirq+0x329/0x490
[   28.647010] softirqs last disabled at (963): [<ffffffff811123c2>] irq_exit_rcu+0xd2/0x100
[   28.647802] ---[ end trace 0000000000000000 ]---
[   28.648378] ------------[ cut here ]------------
[   28.648904] WARNING: CPU: 1 PID: 574 at mm/gup.c:214 try_grab_page+0x1ea/0x200
[   28.649628] Modules linked in:
[   28.649948] CPU: 1 PID: 574 Comm: repro Tainted: G        W          6.1.0-rc3-81ab9890da97+ #1
[   28.650787] Hardware name: QEMU Standard PC (i440FX + PIIX, 1996), BIOS rel-1.16.0-0-gd239552ce722-prebuilt.qemu.org 04/01/2014
[   28.651891] RIP: 0010:try_grab_page+0x1ea/0x200
[   28.652351] Code: e9 87 fe ff ff e8 36 78 e0 ff f0 83 43 34 01 f0 83 43 58 01 e9 48 ff ff ff e8 22 78 e0 ff 0f 0b e9 90 fe ff ff e8 16 78 e0 ff <0f> 0b 45 31 ed e9 c7 fe ff ff 66 66 2e 0f 1f 84 00 00 00 00 00 90
[   28.654191] RSP: 0018:ffffc90000ecf6e0 EFLAGS: 00010246
[   28.654718] RAX: 0000000000000000 RBX: ffffea00004f7e80 RCX: ffffffff814915f8
[   28.655418] RDX: 0000000000000000 RSI: ffff888010774700 RDI: 0000000000000002
[   28.656125] RBP: ffffc90000ecf700 R08: 000000000000001c R09: 0000000000000030
[   28.656848] R10: ffffc90000ecf5c0 R11: ffff8880107754b0 R12: 0000000000050001
[   28.657554] R13: 00000000fffffc02 R14: 0000000000000000 R15: 0000000013dfa867
[   28.658249] FS:  00007f8c720b7740(0000) GS:ffff88807dd00000(0000) knlGS:0000000000000000
[   28.659030] CS:  0010 DS: 0000 ES: 0000 CR0: 0000000080050033
[   28.659594] CR2: 00000000200011c3 CR3: 00000000107d8003 CR4: 0000000000770ee0
[   28.660288] PKRU: 55555554
[   28.660565] Call Trace:
[   28.660837]  <TASK>
[   28.661066]  follow_page_pte+0x513/0xa40
[   28.661484]  follow_page_mask+0x735/0xe60
[   28.661897]  __get_user_pages+0x3ce/0xd30
[   28.662307]  ? __lock_acquire+0xa26/0x1d20
[   28.662744]  __gup_longterm_locked+0x10f/0x850
[   28.663217]  internal_get_user_pages_fast+0xdc3/0x21e0
[   28.663754]  pin_user_pages_fast+0x61/0xa0
[   28.664175]  pfn_reader_user_pin+0x368/0x390
[   28.664617]  pfn_reader_next+0x14a/0x740
[   28.665036]  ? interval_tree_double_span_iter_update+0x11a/0x140
[   28.665643]  pfn_reader_first+0x13e/0x1b0
[   28.666052]  iopt_area_fill_domain+0x74/0x210
[   28.666523]  iopt_table_add_domain+0x30e/0x6e0
[   28.666978]  iommufd_device_selftest_attach+0x7f/0x140
[   28.667500]  iommufd_test+0x10ff/0x16f0
[   28.667896]  ? write_comp_data+0x2f/0x90
[   28.668302]  iommufd_fops_ioctl+0x1ef/0x310
[   28.668752]  __x64_sys_ioctl+0x10e/0x160
[   28.669158]  ? iommufd_get_object.part.6+0x1c0/0x1c0
[   28.669662]  do_syscall_64+0x3b/0x90
[   28.670037]  entry_SYSCALL_64_after_hwframe+0x63/0xcd
[   28.670542] RIP: 0033:0x7f8c721dc59d
[   28.670910] Code: 00 c3 66 2e 0f 1f 84 00 00 00 00 00 90 f3 0f 1e fa 48 89 f8 48 89 f7 48 89 d6 48 89 ca 4d 89 c2 4d 89 c8 4c 8b 4c 24 08 0f 05 <48> 3d 01 f0 ff ff 73 01 c3 48 8b 0d d3 08 0d 00 f7 d8 64 89 01 48
[   28.672741] RSP: 002b:00007fff78653588 EFLAGS: 00000217 ORIG_RAX: 0000000000000010
[   28.673491] RAX: ffffffffffffffda RBX: 0000000000000000 RCX: 00007f8c721dc59d
[   28.674188] RDX: 00000000200001c0 RSI: 0000000000003ba0 RDI: 0000000000000003
[   28.674884] RBP: 00007fff786535a0 R08: 00007fff786535a0 R09: 00007fff786535a0
[   28.675583] R10: 00007fff786535a0 R11: 0000000000000217 R12: 0000000000401180
[   28.676278] R13: 00007fff786536c0 R14: 0000000000000000 R15: 0000000000000000
[   28.677030]  </TASK>
[   28.677276] irq event stamp: 1839
[   28.677625] hardirqs last  enabled at (1847): [<ffffffff811b8b21>] __up_console_sem+0x91/0xb0
[   28.678468] hardirqs last disabled at (1854): [<ffffffff811b8b06>] __up_console_sem+0x76/0xb0
[   28.679297] softirqs last  enabled at (1476): [<ffffffff83000329>] __do_softirq+0x329/0x490
[   28.680112] softirqs last disabled at (1393): [<ffffffff811123c2>] irq_exit_rcu+0xd2/0x100
[   28.680934] ---[ end trace 0000000000000000 ]---
