c[?7l[2J[0mSeaBIOS (version rel-1.16.0-0-gd239552ce722-prebuilt.qemu.org)


iPXE (http://ipxe.org) 00:03.0 CA00 PCI2.10 PnP PMM+7FF91000+7FEF1000 CA00
Press Ctrl-B to configure iPXE (PCI 00:03.0)...                                                                               


Booting from ROM..c[?7l[2J[0m.[    0.000000] Linux version 6.1.0-a0a6c76cf2a5+ (root@p-rplp02) (gcc (GCC) 8.5.0 20210514 (Red Hat 8.5.0-18), GNU ld version 2.36.1-2.el8) #1 SMP PREEMPT_DYNAMIC Tue Mar 14 04:32:06 CST 2023
[    0.000000] Command line: console=ttyS0 root=/dev/sda earlyprintk=serial net.ifnames=0
[    0.000000] KERNEL supported cpus:
[    0.000000]   Intel GenuineIntel
[    0.000000]   AMD AuthenticAMD
[    0.000000]   Hygon HygonGenuine
[    0.000000]   Centaur CentaurHauls
[    0.000000]   zhaoxin   Shanghai  
[    0.000000] x86/fpu: Supporting XSAVE feature 0x001: 'x87 floating point registers'
[    0.000000] x86/fpu: Supporting XSAVE feature 0x002: 'SSE registers'
[    0.000000] x86/fpu: Supporting XSAVE feature 0x004: 'AVX registers'
[    0.000000] x86/fpu: Supporting XSAVE feature 0x200: 'Protection Keys User registers'
[    0.000000] x86/fpu: xstate_offset[2]:  576, xstate_sizes[2]:  256
[    0.000000] x86/fpu: xstate_offset[9]:  832, xstate_sizes[9]:    8
[    0.000000] x86/fpu: Enabled xstate features 0x207, context size is 840 bytes, using 'compacted' format.
[    0.000000] signal: max sigframe size: 3632
[    0.000000] BIOS-provided physical RAM map:
[    0.000000] BIOS-e820: [mem 0x0000000000000000-0x000000000009fbff] usable
[    0.000000] BIOS-e820: [mem 0x000000000009fc00-0x000000000009ffff] reserved
[    0.000000] BIOS-e820: [mem 0x00000000000f0000-0x00000000000fffff] reserved
[    0.000000] BIOS-e820: [mem 0x0000000000100000-0x000000007ffdffff] usable
[    0.000000] BIOS-e820: [mem 0x000000007ffe0000-0x000000007fffffff] reserved
[    0.000000] BIOS-e820: [mem 0x00000000feffc000-0x00000000feffffff] reserved
[    0.000000] BIOS-e820: [mem 0x00000000fffc0000-0x00000000ffffffff] reserved
[    0.000000] printk: bootconsole [earlyser0] enabled
[    0.000000] NX (Execute Disable) protection: active
[    0.000000] SMBIOS 2.8 present.
[    0.000000] DMI: QEMU Standard PC (i440FX + PIIX, 1996), BIOS rel-1.16.0-0-gd239552ce722-prebuilt.qemu.org 04/01/2014
[    0.000000] Hypervisor detected: KVM
[    0.000000] kvm-clock: Using msrs 4b564d01 and 4b564d00
[    0.000003] kvm-clock: using sched offset of 351121711 cycles
[    0.000657] clocksource: kvm-clock: mask: 0xffffffffffffffff max_cycles: 0x1cd42e4dffb, max_idle_ns: 881590591483 ns
[    0.002657] tsc: Detected 1881.600 MHz processor
[    0.009820] last_pfn = 0x7ffe0 max_arch_pfn = 0x400000000
[    0.010657] x86/PAT: Configuration [0-7]: WB  WC  UC- UC  WB  WP  UC- WT  
[    0.016091] found SMP MP-table at [mem 0x000f5ba0-0x000f5baf]
[    0.016897] Using GB pages for direct mapping
[    0.018419] ACPI: Early table checksum verification disabled
[    0.019112] ACPI: RSDP 0x00000000000F59C0 000014 (v00 BOCHS )
[    0.019816] ACPI: RSDT 0x000000007FFE1951 000034 (v01 BOCHS  BXPC     00000001 BXPC 00000001)
[    0.020877] ACPI: FACP 0x000000007FFE17FD 000074 (v01 BOCHS  BXPC     00000001 BXPC 00000001)
[    0.021928] ACPI: DSDT 0x000000007FFE0040 0017BD (v01 BOCHS  BXPC     00000001 BXPC 00000001)
[    0.022963] ACPI: FACS 0x000000007FFE0000 000040
[    0.023529] ACPI: APIC 0x000000007FFE1871 000080 (v01 BOCHS  BXPC     00000001 BXPC 00000001)
[    0.024596] ACPI: HPET 0x000000007FFE18F1 000038 (v01 BOCHS  BXPC     00000001 BXPC 00000001)
[    0.025645] ACPI: WAET 0x000000007FFE1929 000028 (v01 BOCHS  BXPC     00000001 BXPC 00000001)
[    0.026678] ACPI: Reserving FACP table memory at [mem 0x7ffe17fd-0x7ffe1870]
[    0.027540] ACPI: Reserving DSDT table memory at [mem 0x7ffe0040-0x7ffe17fc]
[    0.028438] ACPI: Reserving FACS table memory at [mem 0x7ffe0000-0x7ffe003f]
[    0.029286] ACPI: Reserving APIC table memory at [mem 0x7ffe1871-0x7ffe18f0]
[    0.030146] ACPI: Reserving HPET table memory at [mem 0x7ffe18f1-0x7ffe1928]
[    0.031005] ACPI: Reserving WAET table memory at [mem 0x7ffe1929-0x7ffe1950]
[    0.032753] No NUMA configuration found
[    0.033218] Faking a node at [mem 0x0000000000000000-0x000000007ffdffff]
[    0.034088] NODE_DATA(0) allocated [mem 0x7ffb5000-0x7ffdffff]
[    0.037755] Zone ranges:
[    0.038072]   DMA      [mem 0x0000000000001000-0x0000000000ffffff]
[    0.038851]   DMA32    [mem 0x0000000001000000-0x000000007ffdffff]
[    0.039645]   Normal   empty
[    0.040018]   Device   empty
[    0.040390] Movable zone start for each node
[    0.040902] Early memory node ranges
[    0.041332]   node   0: [mem 0x0000000000001000-0x000000000009efff]
[    0.042107]   node   0: [mem 0x0000000000100000-0x000000007ffdffff]
[    0.042911] Initmem setup node 0 [mem 0x0000000000001000-0x000000007ffdffff]
[    0.045277] On node 0, zone DMA: 1 pages in unavailable ranges
[    0.045299] On node 0, zone DMA: 97 pages in unavailable ranges
[    0.084115] On node 0, zone DMA32: 32 pages in unavailable ranges
[    0.085341] ACPI: PM-Timer IO Port: 0x608
[    0.086663] ACPI: LAPIC_NMI (acpi_id[0xff] dfl dfl lint[0x1])
[    0.087468] IOAPIC[0]: apic_id 0, version 17, address 0xfec00000, GSI 0-23
[    0.088364] ACPI: INT_SRC_OVR (bus 0 bus_irq 0 global_irq 2 dfl dfl)
[    0.089154] ACPI: INT_SRC_OVR (bus 0 bus_irq 5 global_irq 5 high level)
[    0.089984] ACPI: INT_SRC_OVR (bus 0 bus_irq 9 global_irq 9 high level)
[    0.090781] ACPI: INT_SRC_OVR (bus 0 bus_irq 10 global_irq 10 high level)
[    0.091598] ACPI: INT_SRC_OVR (bus 0 bus_irq 11 global_irq 11 high level)
[    0.092438] ACPI: Using ACPI (MADT) for SMP configuration information
[    0.093221] ACPI: HPET id: 0x8086a201 base: 0xfed00000
[    0.093867] TSC deadline timer available
[    0.094337] smpboot: Allowing 2 CPUs, 0 hotplug CPUs
[    0.094977] kvm-guest: KVM setup pv remote TLB flush
[    0.095582] kvm-guest: setup PV sched yield
[    0.096150] PM: hibernation: Registered nosave memory: [mem 0x00000000-0x00000fff]
[    0.097078] PM: hibernation: Registered nosave memory: [mem 0x0009f000-0x0009ffff]
[    0.097998] PM: hibernation: Registered nosave memory: [mem 0x000a0000-0x000effff]
[    0.098906] PM: hibernation: Registered nosave memory: [mem 0x000f0000-0x000fffff]
[    0.099851] [mem 0x80000000-0xfeffbfff] available for PCI devices
[    0.100618] Booting paravirtualized kernel on KVM
[    0.101185] clocksource: refined-jiffies: mask: 0xffffffff max_cycles: 0xffffffff, max_idle_ns: 7645519600211568 ns
[    0.102469] setup_percpu: NR_CPUS:8192 nr_cpumask_bits:2 nr_cpu_ids:2 nr_node_ids:1
[    0.105750] percpu: Embedded 64 pages/cpu s225280 r8192 d28672 u1048576
[    0.106773] kvm-guest: PV spinlocks enabled
[    0.107322] PV qspinlock hash table entries: 256 (order: 0, 4096 bytes, linear)
[    0.108281] Fallback order for Node 0: 0 
[    0.108788] Built 1 zonelists, mobility grouping on.  Total pages: 515808
[    0.109621] Policy zone: DMA32
[    0.109995] Kernel command line: net.ifnames=0 console=ttyS0 root=/dev/sda earlyprintk=serial net.ifnames=0
[    0.111542] random: crng init done
[    0.114291] Dentry cache hash table entries: 262144 (order: 9, 2097152 bytes, linear)
[    0.115434] Inode-cache hash table entries: 131072 (order: 8, 1048576 bytes, linear)
[    0.116534] mem auto-init: stack:off, heap alloc:off, heap free:off
[    0.120452] Memory: 1983336K/2096632K available (32784K kernel code, 4708K rwdata, 8372K rodata, 3688K init, 22088K bss, 113040K reserved, 0K cma-reserved)
[    0.122751] SLUB: HWalign=64, Order=0-3, MinObjects=0, CPUs=2, Nodes=1
[    0.123579] kmemleak: Kernel memory leak detector disabled
[    0.124289] ftrace: allocating 67831 entries in 265 pages
[    0.140433] ftrace: allocated 265 pages with 3 groups
[    0.143469] Dynamic Preempt: voluntary
[    0.144057] Running RCU self tests
[    0.144485] rcu: Preemptible hierarchical RCU implementation.
[    0.145163] rcu: 	RCU lockdep checking is enabled.
[    0.145740] rcu: 	RCU restricting CPUs from NR_CPUS=8192 to nr_cpu_ids=2.
[    0.146545] 	Trampoline variant of Tasks RCU enabled.
[    0.147178] 	Rude variant of Tasks RCU enabled.
[    0.147749] 	Tracing variant of Tasks RCU enabled.
[    0.148350] rcu: RCU calculated value of scheduler-enlistment delay is 25 jiffies.
[    0.149246] rcu: Adjusting geometry for rcu_fanout_leaf=16, nr_cpu_ids=2
[    0.171601] NR_IRQS: 524544, nr_irqs: 440, preallocated irqs: 16
[    0.172663] rcu: srcu_init: Setting srcu_struct sizes based on contention.
[    0.185077] Console: colour VGA+ 80x25
[    0.185614] printk: console [ttyS0] enabled
[    0.185614] printk: console [ttyS0] enabled
[    0.186660] printk: bootconsole [earlyser0] disabled
[    0.186660] printk: bootconsole [earlyser0] disabled
[    0.187935] Lock dependency validator: Copyright (c) 2006 Red Hat, Inc., Ingo Molnar
[    0.188910] ... MAX_LOCKDEP_SUBCLASSES:  8
[    0.189415] ... MAX_LOCK_DEPTH:          48
[    0.189942] ... MAX_LOCKDEP_KEYS:        8192
[    0.190510] ... CLASSHASH_SIZE:          4096
[    0.191080] ... MAX_LOCKDEP_ENTRIES:     32768
[    0.191660] ... MAX_LOCKDEP_CHAINS:      65536
[    0.192240] ... CHAINHASH_SIZE:          32768
[    0.192792]  memory used by lock dependency info: 6365 kB
[    0.193450]  memory used for stack traces: 4224 kB
[    0.194068]  per task-struct memory footprint: 1920 bytes
[    0.194803] ACPI: Core revision 20221020
[    0.195552] clocksource: hpet: mask: 0xffffffff max_cycles: 0xffffffff, max_idle_ns: 19112604467 ns
[    0.196856] APIC: Switch to symmetric I/O mode setup
[    0.197875] x2apic enabled
[    0.198552] Switched APIC routing to physical x2apic.
[    0.199173] kvm-guest: setup PV IPIs
[    0.201211] ..TIMER: vector=0x30 apic1=0 pin1=2 apic2=-1 pin2=-1
[    0.202006] clocksource: tsc-early: mask: 0xffffffffffffffff max_cycles: 0x363e8c91135, max_idle_ns: 881590568389 ns
[    0.203288] Calibrating delay loop (skipped) preset value.. 3763.20 BogoMIPS (lpj=7526400)
[    0.204289] pid_max: default: 32768 minimum: 301
[    0.207342] LSM: initializing lsm=capability,yama,integrity
[    0.208080] Yama: becoming mindful.
[    0.208624] Mount-cache hash table entries: 4096 (order: 3, 32768 bytes, linear)
[    0.209526] Mountpoint-cache hash table entries: 4096 (order: 3, 32768 bytes, linear)
[    0.211560] CPU0: Thermal monitoring enabled (TM1)
[    0.212994] x86/cpu: User Mode Instruction Prevention (UMIP) activated
[    0.214115] Last level iTLB entries: 4KB 0, 2MB 0, 4MB 0
[    0.214827] Last level dTLB entries: 4KB 0, 2MB 0, 4MB 0, 1GB 0
[    0.215295] Spectre V1 : Mitigation: usercopy/swapgs barriers and __user pointer sanitization
[    0.216349] Spectre V2 : WARNING: Unprivileged eBPF is enabled with eIBRS on, data leaks possible via Spectre v2 BHB attacks!
[    0.217715] Spectre V2 : Mitigation: Enhanced IBRS
[    0.218322] Spectre V2 : Spectre v2 / SpectreRSB mitigation: Filling RSB on context switch
[    0.219278] Spectre V2 : Spectre v2 / PBRSB-eIBRS: Retire a single CALL on VMEXIT
[    0.220181] Spectre V2 : mitigation: Enabling conditional Indirect Branch Prediction Barrier
[    0.221175] Speculative Store Bypass: Mitigation: Speculative Store Bypass disabled via prctl
[    0.222240] MMIO Stale Data: Unknown: No mitigations
[    0.311918] Freeing SMP alternatives memory: 56K
[    0.312763] smpboot: CPU0: Genuine Intel(R) 0000 (family: 0x6, model: 0xba, stepping: 0x2)
[    0.314026] cblist_init_generic: Setting adjustable number of callback queues.
[    0.314916] cblist_init_generic: Setting shift to 1 and lim to 1.
[    0.315275] cblist_init_generic: Setting shift to 1 and lim to 1.
[    0.315275] cblist_init_generic: Setting shift to 1 and lim to 1.
[    0.315313] Running RCU-tasks wait API self tests
[    0.419362] Performance Events: Alderlake Hybrid events, full-width counters, Intel PMU driver.
[    0.421051] core: cpu_core PMU driver: 
[    0.421551] ... version:                2
[    0.422062] ... bit width:              48
[    0.422553] ... generic registers:      6
[    0.423032] ... value mask:             0000ffffffffffff
[    0.423282] ... max period:             00007fffffffffff
[    0.423910] ... fixed-purpose events:   3
[    0.424389] ... event mask:             0001000f0000003f
[    0.425171] rcu: Hierarchical SRCU implementation.
[    0.425771] rcu: 	Max phase no-delay instances is 1000.
[    0.427325] unchecked MSR access error: WRMSR to 0x38f (tried to write 0x0001000f0000003f) at rIP: 0xffffffff810ce45c (native_write_msr+0xc/0x30)
[    0.428897] Call Trace:
[    0.429215]  <TASK>
[    0.429494]  __intel_pmu_enable_all.constprop.46+0xb5/0x140
[    0.430171]  intel_pmu_enable_all+0x1e/0x30
[    0.430677]  x86_pmu_enable+0x46d/0x5a0
[    0.431165]  ? write_comp_data+0x2f/0x90
[    0.431275]  perf_pmu_enable+0x53/0x70
[    0.431275]  ctx_resched+0x14d/0x1e0
[    0.431275]  __perf_install_in_context+0x2f7/0x450
[    0.431275]  ? perf_assert_pmu_disabled.isra.84+0x50/0x50
[    0.431275]  ? perf_assert_pmu_disabled.isra.84+0x50/0x50
[    0.431275]  remote_function+0x80/0xa0
[    0.431275]  ? perf_assert_pmu_disabled.isra.84+0x50/0x50
[    0.431275]  generic_exec_single+0x124/0x190
[    0.431275]  smp_call_function_single+0x11c/0x240
[    0.431275]  ? perf_assert_pmu_disabled.isra.84+0x50/0x50
[    0.431275]  ? __sanitizer_cov_trace_pc+0x25/0x60
[    0.431275]  ? write_comp_data+0x2f/0x90
[    0.431275]  perf_install_in_context+0x2d8/0x300
[    0.431275]  ? ctx_resched+0x1e0/0x1e0
[    0.431275]  perf_event_create_kernel_counter+0x278/0x2a0
[    0.431275]  ? find_next_bit+0x30/0x30
[    0.431275]  hardlockup_detector_event_create+0x46/0xd0
[    0.431275]  hardlockup_detector_perf_init+0x18/0x66
[    0.431275]  watchdog_nmi_probe+0x17/0x1d
[    0.431275]  lockup_detector_init+0x40/0xaf
[    0.431275]  kernel_init_freeable+0x264/0x422
[    0.431275]  ? rest_init+0x240/0x240
[    0.431275]  kernel_init+0x24/0x1e0
[    0.431275]  ? rest_init+0x240/0x240
[    0.431275]  ret_from_fork+0x1f/0x30
[    0.431275]  </TASK>
[    0.431300] Callback from call_rcu_tasks_trace() invoked.
[    0.432138] smp: Bringing up secondary CPUs ...
[    0.433116] x86: Booting SMP configuration:
[    0.433658] .... node  #0, CPUs:      #1
[    0.434526] smp: Brought up 1 node, 2 CPUs
[    0.435769] smpboot: Max logical packages: 1
[    0.436291] smpboot: Total of 2 processors activated (7526.40 BogoMIPS)
[    0.443533] devtmpfs: initialized
[    0.444149] x86/mm: Memory block size: 128MB
[    0.447609] clocksource: jiffies: mask: 0xffffffff max_cycles: 0xffffffff, max_idle_ns: 7645041785100000 ns
[    0.448825] futex hash table entries: 512 (order: 4, 65536 bytes, linear)
[    0.449860] pinctrl core: initialized pinctrl subsystem
[    0.450982] 
[    0.451284] *************************************************************
[    0.452101] **     NOTICE NOTICE NOTICE NOTICE NOTICE NOTICE NOTICE    **
[    0.452946] **                                                         **
[    0.453798] **  IOMMU DebugFS SUPPORT HAS BEEN ENABLED IN THIS KERNEL  **
[    0.454648] **                                                         **
[    0.455280] ** This means that this kernel is built to expose internal **
[    0.456107] ** IOMMU data structures, which may compromise security on **
[    0.456906] ** your system.                                            **
[    0.457707] **                                                         **
[    0.458507] ** If you see this message and you are not debugging the   **
[    0.459280] ** kernel, report this immediately to your vendor!         **
[    0.460112] **                                                         **
[    0.460911] **     NOTICE NOTICE NOTICE NOTICE NOTICE NOTICE NOTICE    **
[    0.461711] *************************************************************
[    0.462607] PM: RTC time: 20:34:56, date: 2023-03-13
[    0.466831] NET: Registered PF_NETLINK/PF_ROUTE protocol family
[    0.467812] DMA: preallocated 256 KiB GFP_KERNEL pool for atomic allocations
[    0.468663] DMA: preallocated 256 KiB GFP_KERNEL|GFP_DMA pool for atomic allocations
[    0.469589] DMA: preallocated 256 KiB GFP_KERNEL|GFP_DMA32 pool for atomic allocations
[    0.470608] audit: initializing netlink subsys (disabled)
[    0.471315] audit: type=2000 audit(1678739696.929:1): state=initialized audit_enabled=0 res=1
[    0.472022] thermal_sys: Registered thermal governor 'fair_share'
[    0.472343] thermal_sys: Registered thermal governor 'bang_bang'
[    0.473287] thermal_sys: Registered thermal governor 'step_wise'
[    0.473287] thermal_sys: Registered thermal governor 'user_space'
[    0.475343] cpuidle: using governor ladder
[    0.476526] cpuidle: using governor menu
[    0.477228] acpiphp: ACPI Hot Plug PCI Controller Driver version: 0.5
[    0.478292] PCI: Using configuration type 1 for base access
[    0.479919] kprobes: kprobe jump-optimization is enabled. All kprobes are optimized if possible.
[    0.701031] HugeTLB: registered 1.00 GiB page size, pre-allocated 0 pages
[    0.701934] HugeTLB: 16380 KiB vmemmap can be freed for a 1.00 GiB page
[    0.702763] HugeTLB: registered 2.00 MiB page size, pre-allocated 0 pages
[    0.703283] HugeTLB: 28 KiB vmemmap can be freed for a 2.00 MiB page
[    0.705637] ACPI: Added _OSI(Module Device)
[    0.706179] ACPI: Added _OSI(Processor Device)
[    0.706752] ACPI: Added _OSI(3.0 _SCP Extensions)
[    0.707286] ACPI: Added _OSI(Processor Aggregator Device)
[    0.713176] ACPI: 1 ACPI AML tables successfully acquired and loaded
[    0.717013] ACPI: Interpreter enabled
[    0.717573] ACPI: PM: (supports S0 S3 S4 S5)
[    0.718115] ACPI: Using IOAPIC for interrupt routing
[    0.718785] PCI: Using host bridge windows from ACPI; if necessary, use "pci=nocrs" and report a bug
[    0.719282] PCI: Using E820 reservations for host bridge windows
[    0.720682] ACPI: Enabled 2 GPEs in block 00 to 0F
[    0.736652] ACPI: PCI Root Bridge [PCI0] (domain 0000 [bus 00-ff])
[    0.737463] acpi PNP0A03:00: _OSC: OS supports [ASPM ClockPM Segments MSI EDR HPX-Type3]
[    0.738483] acpi PNP0A03:00: _OSC: not requesting OS control; OS requires [ExtendedConfig ASPM ClockPM MSI]
[    0.739338] acpi PNP0A03:00: fail to add MMCONFIG information, can't access extended PCI configuration space under this bridge.
[    0.742908] acpiphp: Slot [3] registered
[    0.743358] acpiphp: Slot [4] registered
[    0.743921] acpiphp: Slot [5] registered
[    0.744481] acpiphp: Slot [6] registered
[    0.745041] acpiphp: Slot [7] registered
[    0.745606] acpiphp: Slot [8] registered
[    0.746168] acpiphp: Slot [9] registered
[    0.746737] acpiphp: Slot [10] registered
[    0.747314] acpiphp: Slot [11] registered
[    0.747887] acpiphp: Slot [12] registered
[    0.748460] acpiphp: Slot [13] registered
[    0.749031] acpiphp: Slot [14] registered
[    0.749611] acpiphp: Slot [15] registered
[    0.750190] acpiphp: Slot [16] registered
[    0.750763] acpiphp: Slot [17] registered
[    0.751332] acpiphp: Slot [18] registered
[    0.751906] acpiphp: Slot [19] registered
[    0.752479] acpiphp: Slot [20] registered
[    0.753051] acpiphp: Slot [21] registered
[    0.753637] acpiphp: Slot [22] registered
[    0.754209] acpiphp: Slot [23] registered
[    0.754781] acpiphp: Slot [24] registered
[    0.755346] acpiphp: Slot [25] registered
[    0.755924] acpiphp: Slot [26] registered
[    0.756496] acpiphp: Slot [27] registered
[    0.757079] acpiphp: Slot [28] registered
[    0.757655] acpiphp: Slot [29] registered
[    0.758231] acpiphp: Slot [30] registered
[    0.758804] acpiphp: Slot [31] registered
[    0.759304] PCI host bridge to bus 0000:00
[    0.759825] pci_bus 0000:00: root bus resource [io  0x0000-0x0cf7 window]
[    0.760679] pci_bus 0000:00: root bus resource [io  0x0d00-0xffff window]
[    0.761536] pci_bus 0000:00: root bus resource [mem 0x000a0000-0x000bffff window]
[    0.762475] pci_bus 0000:00: root bus resource [mem 0x80000000-0xfebfffff window]
[    0.763282] pci_bus 0000:00: root bus resource [mem 0x100000000-0x17fffffff window]
[    0.764242] pci_bus 0000:00: root bus resource [bus 00-ff]
[    0.765151] pci 0000:00:00.0: [8086:1237] type 00 class 0x060000
[    0.769025] pci 0000:00:01.0: [8086:7000] type 00 class 0x060100
[    0.770731] pci 0000:00:01.1: [8086:7010] type 00 class 0x010180
[    0.772455] pci 0000:00:01.1: reg 0x20: [io  0xc040-0xc04f]
[    0.773788] pci 0000:00:01.1: legacy IDE quirk: reg 0x10: [io  0x01f0-0x01f7]
[    0.774692] pci 0000:00:01.1: legacy IDE quirk: reg 0x14: [io  0x03f6]
[    0.775286] pci 0000:00:01.1: legacy IDE quirk: reg 0x18: [io  0x0170-0x0177]
[    0.776185] pci 0000:00:01.1: legacy IDE quirk: reg 0x1c: [io  0x0376]
[    0.777321] pci 0000:00:01.3: [8086:7113] type 00 class 0x068000
[    0.778608] pci 0000:00:01.3: quirk: [io  0x0600-0x063f] claimed by PIIX4 ACPI
[    0.779292] pci 0000:00:01.3: quirk: [io  0x0700-0x070f] claimed by PIIX4 SMB
[    0.780533] pci 0000:00:02.0: [1234:1111] type 00 class 0x030000
[    0.782775] pci 0000:00:02.0: reg 0x10: [mem 0xfd000000-0xfdffffff pref]
[    0.784673] pci 0000:00:02.0: reg 0x18: [mem 0xfebf0000-0xfebf0fff]
[    0.788411] pci 0000:00:02.0: reg 0x30: [mem 0xfebe0000-0xfebeffff pref]
[    0.789398] pci 0000:00:02.0: Video device with shadowed ROM at [mem 0x000c0000-0x000dffff]
[    0.793205] pci 0000:00:03.0: [8086:100e] type 00 class 0x020000
[    0.794637] pci 0000:00:03.0: reg 0x10: [mem 0xfebc0000-0xfebdffff]
[    0.795710] pci 0000:00:03.0: reg 0x14: [io  0xc000-0xc03f]
[    0.798555] pci 0000:00:03.0: reg 0x30: [mem 0xfeb80000-0xfebbffff pref]
[    0.823562] ACPI: PCI: Interrupt link LNKA configured for IRQ 10
[    0.824714] ACPI: PCI: Interrupt link LNKB configured for IRQ 10
[    0.825827] ACPI: PCI: Interrupt link LNKC configured for IRQ 11
[    0.826946] ACPI: PCI: Interrupt link LNKD configured for IRQ 11
[    0.827459] ACPI: PCI: Interrupt link LNKS configured for IRQ 9
[    0.829302] iommu: Default domain type: Translated 
[    0.829931] iommu: DMA domain TLB invalidation policy: lazy mode 
[    0.831609] SCSI subsystem initialized
[    0.832343] ACPI: bus type USB registered
[    0.832898] usbcore: registered new interface driver usbfs
[    0.833610] usbcore: registered new interface driver hub
[    0.834302] usbcore: registered new device driver usb
[    0.835028] pps_core: LinuxPPS API ver. 1 registered
[    0.835283] pps_core: Software ver. 5.3.6 - Copyright 2005-2007 Rodolfo Giometti <giometti@linux.it>
[    0.836427] PTP clock support registered
[    0.837055] EDAC MC: Ver: 3.0.0
[    0.838864] NetLabel: Initializing
[    0.839284] NetLabel:  domain hash size = 128
[    0.839836] NetLabel:  protocols = UNLABELED CIPSOv4 CALIPSO
[    0.840595] NetLabel:  unlabeled traffic allowed by default
[    0.841535] PCI: Using ACPI for IRQ routing
[    0.842319] pci 0000:00:02.0: vgaarb: setting as boot VGA device
[    0.843085] pci 0000:00:02.0: vgaarb: bridge control possible
[    0.843275] pci 0000:00:02.0: vgaarb: VGA device added: decodes=io+mem,owns=io+mem,locks=none
[    0.843282] vgaarb: loaded
[    0.844005] hpet0: at MMIO 0xfed00000, IRQs 2, 8, 0
[    0.844650] hpet0: 3 comparators, 64-bit 100.000000 MHz counter
[    3.010468] Callback from call_rcu_tasks_rude() invoked.
[    3.011248] clocksource: Switched to clocksource kvm-clock
[    3.115510] Callback from call_rcu_tasks() invoked.
[    3.160095] VFS: Disk quotas dquot_6.6.0
[    3.160656] VFS: Dquot-cache hash table entries: 512 (order 0, 4096 bytes)
[    3.161684] pnp: PnP ACPI init
[    3.163706] pnp: PnP ACPI: found 6 devices
[    3.176823] clocksource: acpi_pm: mask: 0xffffff max_cycles: 0xffffff, max_idle_ns: 2085701024 ns
[    3.178246] NET: Registered PF_INET protocol family
[    3.179159] IP idents hash table entries: 32768 (order: 6, 262144 bytes, linear)
[    3.180908] tcp_listen_portaddr_hash hash table entries: 1024 (order: 4, 73728 bytes, linear)
[    3.182081] Table-perturb hash table entries: 65536 (order: 6, 262144 bytes, linear)
[    3.183098] TCP established hash table entries: 16384 (order: 5, 131072 bytes, linear)
[    3.184317] TCP bind hash table entries: 16384 (order: 9, 2359296 bytes, linear)
[    3.188212] TCP: Hash tables configured (established 16384 bind 16384)
[    3.189268] UDP hash table entries: 1024 (order: 5, 163840 bytes, linear)
[    3.190361] UDP-Lite hash table entries: 1024 (order: 5, 163840 bytes, linear)
[    3.191506] NET: Registered PF_UNIX/PF_LOCAL protocol family
[    3.192767] RPC: Registered named UNIX socket transport module.
[    3.193508] RPC: Registered udp transport module.
[    3.194069] RPC: Registered tcp transport module.
[    3.194639] RPC: Registered tcp NFSv4.1 backchannel transport module.
[    3.195455] pci_bus 0000:00: resource 4 [io  0x0000-0x0cf7 window]
[    3.196232] pci_bus 0000:00: resource 5 [io  0x0d00-0xffff window]
[    3.196972] pci_bus 0000:00: resource 6 [mem 0x000a0000-0x000bffff window]
[    3.197790] pci_bus 0000:00: resource 7 [mem 0x80000000-0xfebfffff window]
[    3.198613] pci_bus 0000:00: resource 8 [mem 0x100000000-0x17fffffff window]
[    3.199685] pci 0000:00:01.0: PIIX3: Enabling Passive Release
[    3.200388] pci 0000:00:00.0: Limiting direct PCI/PCI transfers
[    3.201206] PCI: CLS 0 bytes, default 64
[    3.201925] ACPI: bus type thunderbolt registered
[    3.202798] clocksource: tsc: mask: 0xffffffffffffffff max_cycles: 0x363e8c91135, max_idle_ns: 881590568389 ns
[    3.206991] Initialise system trusted keyrings
[    3.207614] Key type blacklist registered
[    3.208359] workingset: timestamp_bits=36 max_order=19 bucket_order=0
[    3.209169] zbud: loaded
[    3.210031] squashfs: version 4.0 (2009/01/31) Phillip Lougher
[    3.211447] NFS: Registering the id_resolver key type
[    3.212079] Key type id_resolver registered
[    3.212578] Key type id_legacy registered
[    3.213083] nfs4filelayout_init: NFSv4 File Layout Driver Registering...
[    3.213898] nfs4flexfilelayout_init: NFSv4 Flexfile Layout Driver Registering...
[    3.214870] fuse: init (API version 7.38)
[    3.215503] SGI XFS with ACLs, security attributes, realtime, quota, no debug enabled
[    3.217108] 9p: Installing v9fs 9p2000 file system support
[    3.223027] Key type asymmetric registered
[    3.223584] Asymmetric key parser 'x509' registered
[    3.225808] alg: self-tests for CTR-KDF (hmac(sha256)) passed
[    3.226679] Block layer SCSI generic (bsg) driver version 0.4 loaded (major 243)
[    3.227865] io scheduler mq-deadline registered
[    3.228443] io scheduler bfq registered
[    3.229985] shpchp: Standard Hot Plug PCI Controller Driver version: 0.4
[    3.231231] IPMI message handler: version 39.2
[    3.231855] ipmi device interface
[    3.233750] input: Power Button as /devices/LNXSYSTM:00/LNXPWRBN:00/input/input0
[    3.234929] ACPI: button: Power Button [PWRF]
[    3.236462] ERST DBG: ERST support is disabled.
[    3.237543] Serial: 8250/16550 driver, 32 ports, IRQ sharing enabled
[    3.239015] 00:04: ttyS0 at I/O 0x3f8 (irq = 4, base_baud = 115200) is a 16550A
[    3.246828] Linux agpgart interface v0.103
[    3.248076] ACPI: bus type drm_connector registered
[    3.259294] brd: module loaded
[    3.266369] loop: module loaded
[    3.270860] scsi host0: ata_piix
[    3.271798] scsi host1: ata_piix
[    3.272365] ata1: PATA max MWDMA2 cmd 0x1f0 ctl 0x3f6 bmdma 0xc040 irq 14
[    3.273218] ata2: PATA max MWDMA2 cmd 0x170 ctl 0x376 bmdma 0xc048 irq 15
[    3.275269] tun: Universal TUN/TAP device driver, 1.6
[    3.276022] e100: Intel(R) PRO/100 Network Driver
[    3.276583] e100: Copyright(c) 1999-2006 Intel Corporation
[    3.277280] e1000: Intel(R) PRO/1000 Network Driver
[    3.277856] e1000: Copyright (c) 1999-2006 Intel Corporation.
[    3.431585] ata1: found unknown device (class 0)
[    3.432874] ata1.00: ATA-7: QEMU HARDDISK, 2.5+, max UDMA/100
[    3.433613] ata1.00: 16777216 sectors, multi 16: LBA48 
[    3.434659] ata2: found unknown device (class 0)
[    3.436091] ata2.00: ATAPI: QEMU DVD-ROM, 2.5+, max UDMA/100
[    3.436160] scsi 0:0:0:0: Direct-Access     ATA      QEMU HARDDISK    2.5+ PQ: 0 ANSI: 5
[    3.438786] scsi 0:0:0:0: Attached scsi generic sg0 type 0
[    3.440026] scsi 1:0:0:0: CD-ROM            QEMU     QEMU DVD-ROM     2.5+ PQ: 0 ANSI: 5
[    3.442006] sd 0:0:0:0: [sda] 16777216 512-byte logical blocks: (8.59 GB/8.00 GiB)
[    3.443227] sd 0:0:0:0: [sda] Write Protect is off
[    3.443465] ACPI: \_SB_.LNKC: Enabled at IRQ 11
[    3.444529] sd 0:0:0:0: [sda] Write cache: enabled, read cache: enabled, doesn't support DPO or FUA
[    3.445929] sd 0:0:0:0: [sda] Preferred minimum I/O size 512 bytes
[    3.465385] sd 0:0:0:0: [sda] Attached SCSI disk
[    3.468178] scsi 1:0:0:0: Attached scsi generic sg1 type 5
[    3.792060] e1000 0000:00:03.0 eth0: (PCI:33MHz:32-bit) 52:54:00:12:34:56
[    3.792935] e1000 0000:00:03.0 eth0: Intel(R) PRO/1000 Network Connection
[    3.793876] e1000e: Intel(R) PRO/1000 Network Driver
[    3.794518] e1000e: Copyright(c) 1999 - 2015 Intel Corporation.
[    3.795300] igb: Intel(R) Gigabit Ethernet Network Driver
[    3.795967] igb: Copyright (c) 2007-2014 Intel Corporation.
[    3.796710] PPP generic driver version 2.4.2
[    3.797705] VFIO - User Level meta-driver version: 0.3
[    3.798990] usbcore: registered new interface driver uas
[    3.799712] usbcore: registered new interface driver usb-storage
[    3.800533] i8042: PNP: PS/2 Controller [PNP0303:KBD,PNP0f13:MOU] at 0x60,0x64 irq 1,12
[    3.802408] serio: i8042 KBD port at 0x60,0x64 irq 1
[    3.803042] serio: i8042 AUX port at 0x60,0x64 irq 12
[    3.804435] mousedev: PS/2 mouse device common for all mice
[    3.806011] rtc_cmos 00:05: RTC can wake from S4
[    3.806960] input: AT Translated Set 2 keyboard as /devices/platform/i8042/serio0/input/input1
[    3.808514] rtc_cmos 00:05: registered as rtc0
[    3.809177] input: VirtualPS/2 VMware VMMouse as /devices/platform/i8042/serio1/input/input4
[    3.809331] rtc_cmos 00:05: setting system clock to 2023-03-13T20:35:00 UTC (1678739700)
[    3.810785] input: VirtualPS/2 VMware VMMouse as /devices/platform/i8042/serio1/input/input3
[    3.812454] rtc_cmos 00:05: alarms up to one day, y3k, 242 bytes nvram, hpet irqs
[    3.813494] i2c_dev: i2c /dev entries driver
[    3.814294] device-mapper: core: CONFIG_IMA_DISABLE_HTABLE is disabled. Duplicate IMA measurements will not be recorded in the IMA log.
[    3.815872] device-mapper: uevent: version 1.0.3
[    3.816728] device-mapper: ioctl: 4.47.0-ioctl (2022-07-28) initialised: dm-devel@redhat.com
[    3.817810] intel_pstate: CPU model not supported
[    3.818489] sdhci: Secure Digital Host Controller Interface driver
[    3.819294] sdhci: Copyright(c) Pierre Ossman
[    3.819924] sdhci-pltfm: SDHCI platform and OF driver helper
[    3.820812] ledtrig-cpu: registered to indicate activity on CPUs
[    3.821887] drop_monitor: Initializing network drop monitor service
[    3.822845] NET: Registered PF_INET6 protocol family
[    3.825272] Segment Routing with IPv6
[    3.825778] In-situ OAM (IOAM) with IPv6
[    3.826315] NET: Registered PF_PACKET protocol family
[    3.827171] 9pnet: Installing 9P2000 support
[    3.827804] Key type dns_resolver registered
[    3.829269] IPI shorthand broadcast: enabled
[    3.842508] sched_clock: Marking stable (3813496349, 25781557)->(3869130932, -29853026)
[    3.844198] registered taskstats version 1
[    3.845023] Loading compiled-in X.509 certificates
[    3.845928] zswap: loaded using pool lzo/zbud
[    3.860678] Key type .fscrypt registered
[    3.861203] Key type fscrypt-provisioning registered
[    3.862881] Key type encrypted registered
[    3.863463] ima: No TPM chip found, activating TPM-bypass!
[    3.864182] ima: Allocated hash algorithm: sha1
[    3.864799] ima: No architecture policies found
[    3.865436] evm: Initialising EVM extended attributes:
[    3.866098] evm: security.selinux
[    3.866529] evm: security.SMACK64
[    3.866960] evm: security.SMACK64EXEC
[    3.867445] evm: security.SMACK64TRANSMUTE
[    3.867973] evm: security.SMACK64MMAP
[    3.868446] evm: security.apparmor
[    3.868886] evm: security.ima
[    3.869270] evm: security.capability
[    3.869732] evm: HMAC attrs: 0x1
[    3.875326] PM:   Magic number: 15:110:599
[    3.875934] serial8250 serial8250: hash matches
[    3.876936] RAS: Correctable Errors collector initialized.
[    3.878798] md: Waiting for all devices to be available before autodetect
[    3.879410] md: If you don't use raid, use raid=noautodetect
[    3.879954] md: Autodetecting RAID arrays.
[    3.880299] md: autorun ...
[    3.880538] md: ... autorun DONE.
[    3.893356] EXT4-fs (sda): mounted filesystem 23a53bb9-f815-47a5-b74c-5e08f7731193 with ordered data mode. Quota mode: none.
[    3.894335] VFS: Mounted root (ext4 filesystem) readonly on device 8:0.
[    3.897540] devtmpfs: mounted
[    3.905543] Freeing unused decrypted memory: 2036K
[    3.907364] Freeing unused kernel image (initmem) memory: 3688K
[    3.907890] Write protecting the kernel read-only data: 45056k
[    3.910986] Freeing unused kernel image (text/rodata gap) memory: 2028K
[    3.912635] Freeing unused kernel image (rodata/data gap) memory: 1868K
[    3.998750] x86/mm: Checked W+X mappings: passed, no W+X pages found.
[    3.999368] Run /sbin/init as init process
[    4.126025] systemd[1]: RTC configured in localtime, applying delta of 0 minutes to system time.
[    4.162542] systemd[1]: systemd 239 (239-49.el8) running in system mode. (+PAM +AUDIT +SELINUX +IMA -APPARMOR +SMACK +SYSVINIT +UTMP +LIBCRYPTSETUP +GCRYPT +GNUTLS +ACL +XZ +LZ4 +SECCOMP +BLKID +ELFUTILS +KMOD +IDN2 -IDN +PCRE2 default-hierarchy=legacy)
[    4.164585] systemd[1]: Detected virtualization kvm.
[    4.165014] systemd[1]: Detected architecture x86-64.

Welcome to [0;31mCentOS Stream 8[0m!

[    4.222014] systemd[1]: Set hostname to <test>.
[    4.510113] systemd[1]: Started Forward Password Requests to Wall Directory Watch.
[[0;32m  OK  [0m] Started Forward Password Requests to Wall Directory Watch.
[    4.513463] systemd[1]: Created slice User and Session Slice.
[[0;32m  OK  [0m] Created slice User and Session Slice.
[    4.514658] systemd[1]: Reached target Slices.
[[0;32m  OK  [0m] Reached target Slices.
[    4.522056] systemd[1]: Listening on Process Core Dump Socket.
[[0;32m  OK  [0m] Listening on Process Core Dump Socket.
[    4.523428] systemd[1]: Listening on Journal Socket (/dev/log).
[[0;32m  OK  [0m] Listening on Journal Socket (/dev/log).
[    4.524917] systemd[1]: Listening on multipathd control socket.
[[0;32m  OK  [0m] Listening on multipathd control socket.
[[0;32m  OK  [0m] Created slice system-serial\x2dgetty.slice.
[[0;32m  OK  [0m] Listening on Journal Socket.
         Starting Journal Service...
         Mounting POSIX Message Queue File System...
         Mounting Kernel Debug File System...
[[0;32m  OK  [0m] Listening on initctl Compatibility Named Pipe.
[[0;32m  OK  [0m] Created slice system-sshd\x2dkeygen.slice.
[[0;32m  OK  [0m] Set up automount Arbitrary Executabâ€¦rmats File System Automount Point.
[[0;32m  OK  [0m] Listening on LVM2 poll daemon socket.
[[0;32m  OK  [0m] Listening on udev Kernel Socket.
         Starting Setup Virtual Console...
         Mounting Huge Pages File System...
[[0;32m  OK  [0m] Listening on Device-mapper event daemon FIFOs.
         Starting Monitoring of LVM2 mirrorsâ€¦ng dmeventd or progress polling...
[[0;32m  OK  [0m] Listening on udev Control Socket.
         Starting udev Coldplug all Devices...
[[0;32m  OK  [0m] Listening on RPCbind Server Activation Socket.
[[0;32m  OK  [0m] Reached target RPC Port Mapper.
[[0;32m  OK  [0m] Reached target Swap.
         Starting Remount Root and Kernel File Systems...
[[0;32m  OK  [0m] Created slice system-getty.slice.
         Starting Load Kernel Modules...
[[0;32m  OK  [0m] Started Journal Service.
[[0;32m  OK  [0m] Mounted POSIX Message Queue File System.
[[0;32m  OK  [0m] Mounted Kernel Debug File System.
[[0;32m  OK  [0m] Mounted Huge Pages File System.
[[0;1;31mFAILED[0m] Failed to start Load Kernel Modules.
See 'systemctl status systemd-modules-load.service' for details.
         Starting Apply Kernel Variables...
         Mounting Kernel Configuration File System...
[    4.903501] EXT4-fs (sda): re-mounted 23a53bb9-f815-47a5-b74c-5e08f7731193. Quota mode: none.
         Mounting FUSE Control File System...
[[0;32m  OK  [0m] Mounted Kernel Configuration File System.
[[0;32m  OK  [0m] Started Remount Root and Kernel File Systems.
[[0;32m  OK  [0m] Started udev Coldplug all Devices.
[[0;32m  OK  [0m] Started Apply Kernel Variables.
[[0;32m  OK  [0m] Mounted FUSE Control File System.
         Starting udev Wait for Complete Device Initialization...
         Starting Flush Journal to Persistent Storage...
         Starting Create Static Device Nodes in /dev...
         Starting Load/Save Random Seed...
[[0;32m  OK  [0m] Started Setup Virtual Console.
[[0;32m  OK  [0m] Started Load/Save Random Seed.
[[0;32m  OK  [0m] Started Create Static Device Nodes in /dev.
[[0;32m  OK  [0m] Started Flush Journal to Persistent Storage.
         Starting udev Kernel Device Manager...
[[0;32m  OK  [0m] Started udev Kernel Device Manager.
         Starting Show Plymouth Boot Screen...
[[0;32m  OK  [0m] Started Show Plymouth Boot Screen.
[[0;32m  OK  [0m] Started Forward Password Requests to Plymouth Directory Watch.
[[0;32m  OK  [0m] Reached target Local Encrypted Volumes.
[[0;32m  OK  [0m] Reached target Paths.
[[0;32m  OK  [0m] Found device /dev/ttyS0.
[[0;32m  OK  [0m] Started Monitoring of LVM2 mirrors,â€¦sing dmeventd or progress polling.
[[0;32m  OK  [0m] Listening on Load/Save RF Kill Switch Status /dev/rfkill Watch.
[[0;32m  OK  [0m] Started udev Wait for Complete Device Initialization.
[[0;32m  OK  [0m] Reached target Local File Systems (Pre).
[[0;32m  OK  [0m] Reached target Local File Systems.
         Starting Restore /run/initramfs on shutdown...
         Starting Tell Plymouth To Write Out Runtime Data...
         Starting Create Volatile Files and Directories...
[[0;32m  OK  [0m] Started Restore /run/initramfs on shutdown.
[[0;32m  OK  [0m] Started Tell Plymouth To Write Out Runtime Data.
[[0;32m  OK  [0m] Started Create Volatile Files and Directories.
         Starting Security Auditing Service...
         Starting RPC Bind...
         Mounting RPC Pipe File System...
[[0;32m  OK  [0m] Mounted RPC Pipe File System.
[[0;32m  OK  [0m] Reached target rpc_pipefs.target.
[[0;32m  OK  [0m] Started RPC Bind.
[[0;32m  OK  [0m] Started Security Auditing Service.
         Starting Update UTMP about System Boot/Shutdown...
[[0;32m  OK  [0m] Started Update UTMP about System Boot/Shutdown.
[[0;32m  OK  [0m] Reached target System Initialization.
[[0;32m  OK  [0m] Started Daily Cleanup of Temporary Directories.
[[0;32m  OK  [0m] Started daily update of the root trust anchor for DNSSEC.
[[0;32m  OK  [0m] Listening on D-Bus System Message Bus Socket.
[[0;32m  OK  [0m] Listening on SSSD Kerberos Cache Manager responder socket.
[[0;32m  OK  [0m] Reached target Sockets.
[[0;32m  OK  [0m] Started dnf makecache --timer.
[[0;32m  OK  [0m] Reached target Timers.
[[0;32m  OK  [0m] Reached target Basic System.
[[0;32m  OK  [0m] Started D-Bus System Message Bus.
         Starting Auto-connect to subsystemsâ€¦-NVME devices found during boot...
         Starting Network Manager...
[[0;32m  OK  [0m] Started irqbalance daemon.
         Starting NTP client/server...
         Starting Authorization Manager...
         Starting Self Monitoring and Reporting Technology (SMART) Daemon...
[[0;32m  OK  [0m] Started Machine Check Exception Logging Daemon.
[[0;32m  OK  [0m] Reached target sshd-keygen.target.
         Starting Login Service...
[[0;32m  OK  [0m] Started Auto-connect to subsystems â€¦FC-NVME devices found during boot.
         Starting update of the root trust aâ€¦or DNSSEC validation in unbound...
[[0;32m  OK  [0m] Started Self Monitoring and Reporting Technology (SMART) Daemon.
[[0;32m  OK  [0m] Started NTP client/server.
[[0;32m  OK  [0m] Started Login Service.
[[0;32m  OK  [0m] Started Network Manager.
[[0;32m  OK  [0m] Reached target Network.
         Starting Dynamic System Tuning Daemon...
         Starting OpenSSH server daemon...
         Starting GSSAPI Proxy Daemon...
         Starting Network Manager Wait Online...
[[0;32m  OK  [0m] Started update of the root trust anâ€¦ for DNSSEC validation in unbound.
         Starting Hostname Service...
[[0;32m  OK  [0m] Started OpenSSH server daemon.
[[0;32m  OK  [0m] Started Authorization Manager.
[[0;32m  OK  [0m] Started GSSAPI Proxy Daemon.
[[0;32m  OK  [0m] Reached target NFS client services.
[[0;32m  OK  [0m] Reached target Remote File Systems (Pre).
[[0;32m  OK  [0m] Reached target Remote File Systems.
         Starting Permit User Sessions...
[[0;32m  OK  [0m] Started Permit User Sessions.
         Starting Terminate Plymouth Boot Screen...
[[0;32m  OK  [0m] Started Command Scheduler.
         Starting Hold until boot process finishes up...
[[0;32m  OK  [0m] Started Terminate Plymouth Boot Screen.
[[0;32m  OK  [0m] Started Hold until boot process finishes up.
[    6.659608] e1000: eth0 NIC Link is Up 1000 Mbps Full Duplex, Flow Control: RX
[    6.660961] IPv6: ADDRCONF(NETDEV_CHANGE): eth0: link becomes ready
[    6.908945] Spectre V2 : WARNING: Unprivileged eBPF is enabled with eIBRS on, data leaks possible via Spectre v2 BHB attacks!
[    6.909901] Spectre V2 : WARNING: Unprivileged eBPF is enabled with eIBRS on, data leaks possible via Spectre v2 BHB attacks!

CentOS Stream 8
Kernel 6.1.0-a0a6c76cf2a5+ on an x86_64

test login: [   28.800352] ------------[ cut here ]------------
[   28.800800] WARNING: CPU: 0 PID: 654 at mm/gup.c:75 try_grab_folio+0x503/0x740
[   28.801384] Modules linked in:
[   28.801641] CPU: 0 PID: 654 Comm: repro Not tainted 6.1.0-a0a6c76cf2a5+ #1
[   28.802180] Hardware name: QEMU Standard PC (i440FX + PIIX, 1996), BIOS rel-1.16.0-0-gd239552ce722-prebuilt.qemu.org 04/01/2014
[   28.803061] RIP: 0010:try_grab_folio+0x503/0x740
[   28.803443] Code: e3 01 48 89 de e8 4d f6 df ff 48 85 db 0f 84 7c fe ff ff e8 af f4 df ff 49 8d 47 ff 48 89 45 d0 e9 73 fe ff ff e8 9d f4 df ff <0f> 0b 31 db e9 d0 fc ff ff e8 8f f4 df ff 48 8b 5d c8 31 ff 48 89
[   28.804871] RSP: 0018:ffffc90001203908 EFLAGS: 00010046
[   28.805286] RAX: 0000000000000000 RBX: 00000000fffffc02 RCX: ffffffff8149b1f6
[   28.805844] RDX: 0000000000000000 RSI: ffff88800b65a340 RDI: 0000000000000002
[   28.806401] RBP: ffffc90001203948 R08: 000000000003b5c4 R09: 000000000000000c
[   28.806959] R10: 000000000003b5a0 R11: 0000000000000023 R12: ffffea00003be740
[   28.807517] R13: 0000000000000001 R14: 0000000000000000 R15: ffffea00003be740
[   28.808076] FS:  00007f6084cb6740(0000) GS:ffff88807dc00000(0000) knlGS:0000000000000000
[   28.808704] CS:  0010 DS: 0000 ES: 0000 CR0: 0000000080050033
[   28.809159] CR2: 00000000200011c3 CR3: 000000000eec6001 CR4: 0000000000770ef0
[   28.809720] PKRU: 55555554
[   28.809944] Call Trace:
[   28.810148]  <TASK>
[   28.810333]  internal_get_user_pages_fast+0xad6/0x2190
[   28.810765]  pin_user_pages_fast+0x61/0xa0
[   28.811100]  pfn_reader_user_pin+0x376/0x390
[   28.811457]  pfn_reader_next+0x14a/0x740
[   28.811780]  ? interval_tree_double_span_iter_update+0x11a/0x140
[   28.812267]  pfn_reader_first+0x140/0x1b0
[   28.812598]  iopt_area_fill_domain+0x74/0x210
[   28.812976]  iopt_table_add_domain+0x30e/0x6e0
[   28.813345]  iommufd_device_selftest_attach+0x7f/0x140
[   28.813766]  iommufd_test+0x10ff/0x16f0
[   28.814084]  ? write_comp_data+0x2f/0x90
[   28.814414]  iommufd_fops_ioctl+0x1ef/0x310
[   28.814765]  __x64_sys_ioctl+0x10e/0x160
[   28.815091]  ? iommufd_get_object.part.6+0x1c0/0x1c0
[   28.815494]  do_syscall_64+0x3b/0x90
[   28.815799]  entry_SYSCALL_64_after_hwframe+0x63/0xcd
[   28.816204] RIP: 0033:0x7f6084ddb59d
[   28.816496] Code: 00 c3 66 2e 0f 1f 84 00 00 00 00 00 90 f3 0f 1e fa 48 89 f8 48 89 f7 48 89 d6 48 89 ca 4d 89 c2 4d 89 c8 4c 8b 4c 24 08 0f 05 <48> 3d 01 f0 ff ff 73 01 c3 48 8b 0d d3 08 0d 00 f7 d8 64 89 01 48
[   28.817912] RSP: 002b:00007ffeb832b808 EFLAGS: 00000217 ORIG_RAX: 0000000000000010
[   28.818502] RAX: ffffffffffffffda RBX: 0000000000000000 RCX: 00007f6084ddb59d
[   28.819058] RDX: 00000000200001c0 RSI: 0000000000003ba0 RDI: 0000000000000003
[   28.819613] RBP: 00007ffeb832b820 R08: 00007ffeb832b820 R09: 00007ffeb832b820
[   28.820178] R10: 00007ffeb832b820 R11: 0000000000000217 R12: 0000000000401180
[   28.820733] R13: 00007ffeb832b940 R14: 0000000000000000 R15: 0000000000000000
[   28.821300]  </TASK>
[   28.821485] irq event stamp: 1272
[   28.821755] hardirqs last  enabled at (1271): [<ffffffff81583a2b>] mod_objcg_state+0x16b/0x2f0
[   28.822429] hardirqs last disabled at (1272): [<ffffffff814a1edd>] internal_get_user_pages_fast+0x1fed/0x2190
[   28.823196] softirqs last  enabled at (0): [<ffffffff810fff10>] copy_process+0x11d0/0x2b10
[   28.823844] softirqs last disabled at (0): [<0000000000000000>] 0x0
[   28.824335] ---[ end trace 0000000000000000 ]---
[   28.824820] ------------[ cut here ]------------
[   28.825226] WARNING: CPU: 0 PID: 654 at mm/gup.c:219 try_grab_page+0x1e1/0x1f0
[   28.825803] Modules linked in:
[   28.826055] CPU: 0 PID: 654 Comm: repro Tainted: G        W          6.1.0-a0a6c76cf2a5+ #1
[   28.826702] Hardware name: QEMU Standard PC (i440FX + PIIX, 1996), BIOS rel-1.16.0-0-gd239552ce722-prebuilt.qemu.org 04/01/2014
[   28.827594] RIP: 0010:try_grab_page+0x1e1/0x1f0
[   28.827982] Code: e9 90 fe ff ff e8 9f f0 df ff f0 83 43 34 01 f0 83 43 5c 01 e9 4b ff ff ff e8 8b f0 df ff 0f 0b e9 99 fe ff ff e8 7f f0 df ff <0f> 0b 41 bd f4 ff ff ff e9 ca fe ff ff 66 90 0f 1f 44 00 00 55 48
[   28.829400] RSP: 0018:ffffc900012036a0 EFLAGS: 00010246
[   28.829815] RAX: 0000000000000000 RBX: ffffea00003be740 RCX: ffffffff8149b8e8
[   28.830372] RDX: 0000000000000000 RSI: ffff88800b65a340 RDI: 0000000000000002
[   28.830927] RBP: ffffc900012036c0 R08: 000000000000001c R09: 0000000000000030
[   28.831497] R10: ffffc90001203580 R11: ffff88800b65b0d8 R12: 0000000000050003
[   28.832067] R13: 00000000fffffc02 R14: 0000000000000000 R15: ffffea00003be740
[   28.832622] FS:  00007f6084cb6740(0000) GS:ffff88807dc00000(0000) knlGS:0000000000000000
[   28.833248] CS:  0010 DS: 0000 ES: 0000 CR0: 0000000080050033
[   28.833702] CR2: 00000000200011c3 CR3: 000000000eec6001 CR4: 0000000000770ef0
[   28.834261] PKRU: 55555554
[   28.834485] Call Trace:
[   28.834688]  <TASK>
[   28.834870]  follow_page_pte+0x414/0xbf0
[   28.835202]  follow_page_mask+0x530/0xd80
[   28.835559]  __get_user_pages+0x3ce/0xd40
[   28.835913]  __gup_longterm_locked+0x2fb/0x1510
[   28.836299]  get_user_pages_unlocked+0x8e/0x140
[   28.836670]  internal_get_user_pages_fast+0xd85/0x2190
[   28.837097]  pin_user_pages_fast+0x61/0xa0
[   28.837431]  pfn_reader_user_pin+0x376/0x390
[   28.837786]  pfn_reader_next+0x14a/0x740
[   28.838108]  ? interval_tree_double_span_iter_update+0x11a/0x140
[   28.838593]  pfn_reader_first+0x140/0x1b0
[   28.838923]  iopt_area_fill_domain+0x74/0x210
[   28.839320]  iopt_table_add_domain+0x30e/0x6e0
[   28.839695]  iommufd_device_selftest_attach+0x7f/0x140
[   28.840122]  iommufd_test+0x10ff/0x16f0
[   28.840439]  ? write_comp_data+0x2f/0x90
[   28.840768]  iommufd_fops_ioctl+0x1ef/0x310
[   28.841115]  __x64_sys_ioctl+0x10e/0x160
[   28.841441]  ? iommufd_get_object.part.6+0x1c0/0x1c0
[   28.841845]  do_syscall_64+0x3b/0x90
[   28.842141]  entry_SYSCALL_64_after_hwframe+0x63/0xcd
[   28.842545] RIP: 0033:0x7f6084ddb59d
[   28.842840] Code: 00 c3 66 2e 0f 1f 84 00 00 00 00 00 90 f3 0f 1e fa 48 89 f8 48 89 f7 48 89 d6 48 89 ca 4d 89 c2 4d 89 c8 4c 8b 4c 24 08 0f 05 <48> 3d 01 f0 ff ff 73 01 c3 48 8b 0d d3 08 0d 00 f7 d8 64 89 01 48
[   28.844284] RSP: 002b:00007ffeb832b808 EFLAGS: 00000217 ORIG_RAX: 0000000000000010
[   28.844875] RAX: ffffffffffffffda RBX: 0000000000000000 RCX: 00007f6084ddb59d
[   28.845429] RDX: 00000000200001c0 RSI: 0000000000003ba0 RDI: 0000000000000003
[   28.845979] RBP: 00007ffeb832b820 R08: 00007ffeb832b820 R09: 00007ffeb832b820
[   28.846546] R10: 00007ffeb832b820 R11: 0000000000000217 R12: 0000000000401180
[   28.847101] R13: 00007ffeb832b940 R14: 0000000000000000 R15: 0000000000000000
[   28.847714]  </TASK>
[   28.847912] irq event stamp: 2103
[   28.848199] hardirqs last  enabled at (2111): [<ffffffff811b7f21>] __up_console_sem+0x91/0xb0
[   28.848907] hardirqs last disabled at (2118): [<ffffffff811b7f06>] __up_console_sem+0x76/0xb0
[   28.849613] softirqs last  enabled at (1864): [<ffffffff83000329>] __do_softirq+0x329/0x490
[   28.850264] softirqs last disabled at (1859): [<ffffffff81111082>] irq_exit_rcu+0xd2/0x100
[   28.850923] ---[ end trace 0000000000000000 ]---
