c[?7l[2J[0mSeaBIOS (version rel-1.16.0-0-gd239552ce722-prebuilt.qemu.org)


iPXE (http://ipxe.org) 00:03.0 CA00 PCI2.10 PnP PMM+7FF91000+7FEF1000 CA00
Press Ctrl-B to configure iPXE (PCI 00:03.0)...                                                                               


Booting from ROM...
c[?7l[2J[    0.000000] Linux version 6.1.0-a6e3e6f13805+ (root@p-rplp02) (gcc (GCC) 8.5.0 20210514 (Red Hat 8.5.0-18), GNU ld version 2.36.1-2.el8) #1 SMP PREEMPT_DYNAMIC Tue Mar 14 03:46:30 CST 2023
[    0.000000] Command line: console=ttyS0 root=/dev/sda earlyprintk=serial net.ifnames=0
[    0.000000] KERNEL supported cpus:
[    0.000000]   Intel GenuineIntel
[    0.000000]   AMD AuthenticAMD
[    0.000000]   Hygon HygonGenuine
[    0.000000]   Centaur CentaurHauls
[    0.000000]   zhaoxin   Shanghai  
[    0.000000] x86/fpu: Supporting XSAVE feature 0x001: 'x87 floating point registers'
[    0.000000] x86/fpu: Supporting XSAVE feature 0x002: 'SSE registers'
[    0.000000] x86/fpu: Supporting XSAVE feature 0x004: 'AVX registers'
[    0.000000] x86/fpu: Supporting XSAVE feature 0x200: 'Protection Keys User registers'
[    0.000000] x86/fpu: xstate_offset[2]:  576, xstate_sizes[2]:  256
[    0.000000] x86/fpu: xstate_offset[9]:  832, xstate_sizes[9]:    8
[    0.000000] x86/fpu: Enabled xstate features 0x207, context size is 840 bytes, using 'compacted' format.
[    0.000000] signal: max sigframe size: 3632
[    0.000000] BIOS-provided physical RAM map:
[    0.000000] BIOS-e820: [mem 0x0000000000000000-0x000000000009fbff] usable
[    0.000000] BIOS-e820: [mem 0x000000000009fc00-0x000000000009ffff] reserved
[    0.000000] BIOS-e820: [mem 0x00000000000f0000-0x00000000000fffff] reserved
[    0.000000] BIOS-e820: [mem 0x0000000000100000-0x000000007ffdffff] usable
[    0.000000] BIOS-e820: [mem 0x000000007ffe0000-0x000000007fffffff] reserved
[    0.000000] BIOS-e820: [mem 0x00000000feffc000-0x00000000feffffff] reserved
[    0.000000] BIOS-e820: [mem 0x00000000fffc0000-0x00000000ffffffff] reserved
[    0.000000] printk: bootconsole [earlyser0] enabled
[    0.000000] NX (Execute Disable) protection: active
[    0.000000] SMBIOS 2.8 present.
[    0.000000] DMI: QEMU Standard PC (i440FX + PIIX, 1996), BIOS rel-1.16.0-0-gd239552ce722-prebuilt.qemu.org 04/01/2014
[    0.000000] Hypervisor detected: KVM
[    0.000000] kvm-clock: Using msrs 4b564d01 and 4b564d00
[    0.000011] kvm-clock: using sched offset of 976767176 cycles
[    0.001152] clocksource: kvm-clock: mask: 0xffffffffffffffff max_cycles: 0x1cd42e4dffb, max_idle_ns: 881590591483 ns
[    0.004740] tsc: Detected 1881.600 MHz processor
[    0.019631] last_pfn = 0x7ffe0 max_arch_pfn = 0x400000000
[    0.021014] x86/PAT: Configuration [0-7]: WB  WC  UC- UC  WB  WP  UC- WT  
[    0.035244] found SMP MP-table at [mem 0x000f5ba0-0x000f5baf]
[    0.037046] Using GB pages for direct mapping
[    0.040910] ACPI: Early table checksum verification disabled
[    0.042296] ACPI: RSDP 0x00000000000F59C0 000014 (v00 BOCHS )
[    0.043636] ACPI: RSDT 0x000000007FFE1951 000034 (v01 BOCHS  BXPC     00000001 BXPC 00000001)
[    0.045536] ACPI: FACP 0x000000007FFE17FD 000074 (v01 BOCHS  BXPC     00000001 BXPC 00000001)
[    0.047457] ACPI: DSDT 0x000000007FFE0040 0017BD (v01 BOCHS  BXPC     00000001 BXPC 00000001)
[    0.049292] ACPI: FACS 0x000000007FFE0000 000040
[    0.050298] ACPI: APIC 0x000000007FFE1871 000080 (v01 BOCHS  BXPC     00000001 BXPC 00000001)
[    0.052138] ACPI: HPET 0x000000007FFE18F1 000038 (v01 BOCHS  BXPC     00000001 BXPC 00000001)
[    0.054003] ACPI: WAET 0x000000007FFE1929 000028 (v01 BOCHS  BXPC     00000001 BXPC 00000001)
[    0.055824] ACPI: Reserving FACP table memory at [mem 0x7ffe17fd-0x7ffe1870]
[    0.057358] ACPI: Reserving DSDT table memory at [mem 0x7ffe0040-0x7ffe17fc]
[    0.058863] ACPI: Reserving FACS table memory at [mem 0x7ffe0000-0x7ffe003f]
[    0.060416] ACPI: Reserving APIC table memory at [mem 0x7ffe1871-0x7ffe18f0]
[    0.061958] ACPI: Reserving HPET table memory at [mem 0x7ffe18f1-0x7ffe1928]
[    0.063507] ACPI: Reserving WAET table memory at [mem 0x7ffe1929-0x7ffe1950]
[    0.067338] No NUMA configuration found
[    0.068252] Faking a node at [mem 0x0000000000000000-0x000000007ffdffff]
[    0.069853] NODE_DATA(0) allocated [mem 0x7ffb5000-0x7ffdffff]
[    0.077520] Zone ranges:
[    0.078136]   DMA      [mem 0x0000000000001000-0x0000000000ffffff]
[    0.079493]   DMA32    [mem 0x0000000001000000-0x000000007ffdffff]
[    0.080884]   Normal   empty
[    0.081548]   Device   empty
[    0.082226] Movable zone start for each node
[    0.083178] Early memory node ranges
[    0.083969]   node   0: [mem 0x0000000000001000-0x000000000009efff]
[    0.085356]   node   0: [mem 0x0000000000100000-0x000000007ffdffff]
[    0.086772] Initmem setup node 0 [mem 0x0000000000001000-0x000000007ffdffff]
[    0.089521] On node 0, zone DMA: 1 pages in unavailable ranges
[    0.089947] On node 0, zone DMA: 97 pages in unavailable ranges
[    0.157041] On node 0, zone DMA32: 32 pages in unavailable ranges
[    0.159169] ACPI: PM-Timer IO Port: 0x608
[    0.161536] ACPI: LAPIC_NMI (acpi_id[0xff] dfl dfl lint[0x1])
[    0.162983] IOAPIC[0]: apic_id 0, version 17, address 0xfec00000, GSI 0-23
[    0.164644] ACPI: INT_SRC_OVR (bus 0 bus_irq 0 global_irq 2 dfl dfl)
[    0.166163] ACPI: INT_SRC_OVR (bus 0 bus_irq 5 global_irq 5 high level)
[    0.167746] ACPI: INT_SRC_OVR (bus 0 bus_irq 9 global_irq 9 high level)
[    0.169345] ACPI: INT_SRC_OVR (bus 0 bus_irq 10 global_irq 10 high level)
[    0.170937] ACPI: INT_SRC_OVR (bus 0 bus_irq 11 global_irq 11 high level)
[    0.172560] ACPI: Using ACPI (MADT) for SMP configuration information
[    0.173979] ACPI: HPET id: 0x8086a201 base: 0xfed00000
[    0.175199] TSC deadline timer available
[    0.176157] smpboot: Allowing 2 CPUs, 0 hotplug CPUs
[    0.177522] kvm-guest: KVM setup pv remote TLB flush
[    0.178626] kvm-guest: setup PV sched yield
[    0.179736] PM: hibernation: Registered nosave memory: [mem 0x00000000-0x00000fff]
[    0.181483] PM: hibernation: Registered nosave memory: [mem 0x0009f000-0x0009ffff]
[    0.183188] PM: hibernation: Registered nosave memory: [mem 0x000a0000-0x000effff]
[    0.184895] PM: hibernation: Registered nosave memory: [mem 0x000f0000-0x000fffff]
[    0.187161] [mem 0x80000000-0xfeffbfff] available for PCI devices
[    0.188947] Booting paravirtualized kernel on KVM
[    0.190423] clocksource: refined-jiffies: mask: 0xffffffff max_cycles: 0xffffffff, max_idle_ns: 7645519600211568 ns
[    0.193506] setup_percpu: NR_CPUS:8192 nr_cpumask_bits:2 nr_cpu_ids:2 nr_node_ids:1
[    0.201986] percpu: Embedded 64 pages/cpu s225280 r8192 d28672 u1048576
[    0.204436] kvm-guest: PV spinlocks enabled
[    0.205649] PV qspinlock hash table entries: 256 (order: 0, 4096 bytes, linear)
[    0.207872] Fallback order for Node 0: 0 
[    0.209098] Built 1 zonelists, mobility grouping on.  Total pages: 515808
[    0.211066] Policy zone: DMA32
[    0.211970] Kernel command line: net.ifnames=0 console=ttyS0 root=/dev/sda earlyprintk=serial net.ifnames=0
[    0.215608] random: crng init done
[    0.222283] Dentry cache hash table entries: 262144 (order: 9, 2097152 bytes, linear)
[    0.227087] Inode-cache hash table entries: 131072 (order: 8, 1048576 bytes, linear)
[    0.229852] mem auto-init: stack:off, heap alloc:off, heap free:off
[    0.240512] Memory: 1979232K/2096632K available (34816K kernel code, 4627K rwdata, 9992K rodata, 10128K init, 19824K bss, 117144K reserved, 0K cma-reserved)
[    0.245751] SLUB: HWalign=64, Order=0-3, MinObjects=0, CPUs=2, Nodes=1
[    0.247659] kmemleak: Kernel memory leak detector disabled
[    0.249761] ftrace: allocating 68148 entries in 267 pages
[    0.301500] ftrace: allocated 267 pages with 4 groups
[    0.308984] Dynamic Preempt: voluntary
[    0.310474] Running RCU self tests
[    0.311443] rcu: Preemptible hierarchical RCU implementation.
[    0.313063] rcu: 	RCU lockdep checking is enabled.
[    0.314365] rcu: 	RCU restricting CPUs from NR_CPUS=8192 to nr_cpu_ids=2.
[    0.316198] 	Trampoline variant of Tasks RCU enabled.
[    0.317504] 	Rude variant of Tasks RCU enabled.
[    0.318674] 	Tracing variant of Tasks RCU enabled.
[    0.319905] rcu: RCU calculated value of scheduler-enlistment delay is 25 jiffies.
[    0.321838] rcu: Adjusting geometry for rcu_fanout_leaf=16, nr_cpu_ids=2
[    0.365612] NR_IRQS: 524544, nr_irqs: 440, preallocated irqs: 16
[    0.367760] rcu: srcu_init: Setting srcu_struct sizes based on contention.
[    0.393036] Console: colour VGA+ 80x25
[    0.394201] printk: console [ttyS0] enabled
[    0.394201] printk: console [ttyS0] enabled
[    0.396356] printk: bootconsole [earlyser0] disabled
[    0.396356] printk: bootconsole [earlyser0] disabled
[    0.398977] Lock dependency validator: Copyright (c) 2006 Red Hat, Inc., Ingo Molnar
[    0.401017] ... MAX_LOCKDEP_SUBCLASSES:  8
[    0.402093] ... MAX_LOCK_DEPTH:          48
[    0.403180] ... MAX_LOCKDEP_KEYS:        8192
[    0.404341] ... CLASSHASH_SIZE:          4096
[    0.405514] ... MAX_LOCKDEP_ENTRIES:     32768
[    0.406675] ... MAX_LOCKDEP_CHAINS:      65536
[    0.407816] ... CHAINHASH_SIZE:          32768
[    0.408996]  memory used by lock dependency info: 6365 kB
[    0.410457]  memory used for stack traces: 4224 kB
[    0.411787]  per task-struct memory footprint: 1920 bytes
[    0.413522] ACPI: Core revision 20221020
[    0.415191] clocksource: hpet: mask: 0xffffffff max_cycles: 0xffffffff, max_idle_ns: 19112604467 ns
[    0.418028] APIC: Switch to symmetric I/O mode setup
[    0.420053] x2apic enabled
[    0.421545] Switched APIC routing to physical x2apic.
[    0.423175] kvm-guest: setup PV IPIs
[    0.427299] ..TIMER: vector=0x30 apic1=0 pin1=2 apic2=-1 pin2=-1
[    0.428953] clocksource: tsc-early: mask: 0xffffffffffffffff max_cycles: 0x363e8c91135, max_idle_ns: 881590568389 ns
[    0.431807] Calibrating delay loop (skipped) preset value.. 3763.20 BogoMIPS (lpj=7526400)
[    0.435788] pid_max: default: 32768 minimum: 301
[    0.437156] LSM: initializing lsm=capability,yama,integrity
[    0.438645] Yama: becoming mindful.
[    0.440286] Mount-cache hash table entries: 4096 (order: 3, 32768 bytes, linear)
[    0.442563] Mountpoint-cache hash table entries: 4096 (order: 3, 32768 bytes, linear)
[    0.448065] CPU0: Thermal monitoring enabled (TM1)
[    0.451980] x86/cpu: User Mode Instruction Prevention (UMIP) activated
[    0.458034] Last level iTLB entries: 4KB 0, 2MB 0, 4MB 0
[    0.459909] Last level dTLB entries: 4KB 0, 2MB 0, 4MB 0, 1GB 0
[    0.461841] Spectre V1 : Mitigation: usercopy/swapgs barriers and __user pointer sanitization
[    0.463802] Spectre V2 : WARNING: Unprivileged eBPF is enabled with eIBRS on, data leaks possible via Spectre v2 BHB attacks!
[    0.467796] Spectre V2 : Mitigation: Enhanced IBRS
[    0.469190] Spectre V2 : Spectre v2 / SpectreRSB mitigation: Filling RSB on context switch
[    0.471785] Spectre V2 : Spectre v2 / PBRSB-eIBRS: Retire a single CALL on VMEXIT
[    0.473939] Spectre V2 : mitigation: Enabling conditional Indirect Branch Prediction Barrier
[    0.475788] Speculative Store Bypass: Mitigation: Speculative Store Bypass disabled via prctl
[    0.478268] MMIO Stale Data: Unknown: No mitigations
[    0.636331] Freeing SMP alternatives memory: 56K
[    0.638765] smpboot: CPU0: Genuine Intel(R) 0000 (family: 0x6, model: 0xba, stepping: 0x2)
[    0.639766] cblist_init_generic: Setting adjustable number of callback queues.
[    0.639793] cblist_init_generic: Setting shift to 1 and lim to 1.
[    0.641608] cblist_init_generic: Setting shift to 1 and lim to 1.
[    0.643305] cblist_init_generic: Setting shift to 1 and lim to 1.
[    0.643980] Running RCU-tasks wait API self tests
[    0.748049] Performance Events: Alderlake Hybrid events, full-width counters, Intel PMU driver.
[    0.751180] core: cpu_core PMU driver: 
[    0.751789] ... version:                2
[    0.752578] ... bit width:              48
[    0.753358] ... generic registers:      6
[    0.754122] ... value mask:             0000ffffffffffff
[    0.755146] ... max period:             00007fffffffffff
[    0.755787] ... fixed-purpose events:   3
[    0.756581] ... event mask:             0001000f0000003f
[    0.758218] rcu: Hierarchical SRCU implementation.
[    0.759161] rcu: 	Max phase no-delay instances is 1000.
[    0.763442] unchecked MSR access error: WRMSR to 0x38f (tried to write 0x0001000f0000003f) at rIP: 0xffffffff810dc96c (native_write_msr+0xc/0x30)
[    0.763766] Call Trace:
[    0.763766]  <TASK>
[    0.763766]  __intel_pmu_enable_all.constprop.46+0xb5/0x140
[    0.763766]  intel_pmu_enable_all+0x1e/0x30
[    0.763766]  x86_pmu_enable+0x46d/0x5a0
[    0.763766]  ? write_comp_data+0x2f/0x90
[    0.763766]  perf_pmu_enable+0x53/0x70
[    0.763766]  ctx_resched+0x14d/0x1e0
[    0.763766]  __perf_install_in_context+0x2f7/0x450
[    0.763766]  ? __pfx_remote_function+0x10/0x10
[    0.763766]  ? __pfx_remote_function+0x10/0x10
[    0.763766]  remote_function+0x80/0xa0
[    0.763766]  ? __pfx_remote_function+0x10/0x10
[    0.763766]  generic_exec_single+0x124/0x190
[    0.763766]  smp_call_function_single+0x11c/0x240
[    0.763766]  ? __pfx_remote_function+0x10/0x10
[    0.763766]  ? __sanitizer_cov_trace_pc+0x25/0x60
[    0.763766]  ? write_comp_data+0x2f/0x90
[    0.763766]  perf_install_in_context+0x2d8/0x300
[    0.763766]  ? __pfx___perf_install_in_context+0x10/0x10
[    0.763766]  perf_event_create_kernel_counter+0x278/0x2a0
[    0.763766]  ? __pfx_watchdog_overflow_callback+0x10/0x10
[    0.763766]  hardlockup_detector_event_create+0x46/0xd0
[    0.763766]  hardlockup_detector_perf_init+0x18/0x66
[    0.763766]  watchdog_nmi_probe+0x17/0x1d
[    0.763766]  lockup_detector_init+0x40/0xaf
[    0.763766]  kernel_init_freeable+0x264/0x422
[    0.763766]  ? __pfx_kernel_init+0x10/0x10
[    0.763766]  kernel_init+0x24/0x1e0
[    0.763766]  ? __pfx_kernel_init+0x10/0x10
[    0.763766]  ret_from_fork+0x29/0x50
[    0.763766]  </TASK>
[    0.763892] Callback from call_rcu_tasks_trace() invoked.
[    0.765707] smp: Bringing up secondary CPUs ...
[    0.768077] x86: Booting SMP configuration:
[    0.768994] .... node  #0, CPUs:      #1
[    0.769963] smp: Brought up 1 node, 2 CPUs
[    0.771815] smpboot: Max logical packages: 1
[    0.772702] smpboot: Total of 2 processors activated (7526.40 BogoMIPS)
[    0.782757] devtmpfs: initialized
[    0.782757] x86/mm: Memory block size: 128MB
[    0.788758] clocksource: jiffies: mask: 0xffffffff max_cycles: 0xffffffff, max_idle_ns: 7645041785100000 ns
[    0.791814] futex hash table entries: 512 (order: 4, 65536 bytes, linear)
[    0.793945] pinctrl core: initialized pinctrl subsystem
[    0.796411] 
[    0.796815] *************************************************************
[    0.798190] **     NOTICE NOTICE NOTICE NOTICE NOTICE NOTICE NOTICE    **
[    0.799559] **                                                         **
[    0.799788] **  IOMMU DebugFS SUPPORT HAS BEEN ENABLED IN THIS KERNEL  **
[    0.801207] **                                                         **
[    0.802603] ** This means that this kernel is built to expose internal **
[    0.803786] ** IOMMU data structures, which may compromise security on **
[    0.805130] ** your system.                                            **
[    0.806468] **                                                         **
[    0.807783] ** If you see this message and you are not debugging the   **
[    0.809158] ** kernel, report this immediately to your vendor!         **
[    0.810548] **                                                         **
[    0.811784] **     NOTICE NOTICE NOTICE NOTICE NOTICE NOTICE NOTICE    **
[    0.813189] *************************************************************
[    0.814768] PM: RTC time: 19:50:25, date: 2023-03-13
[    0.823873] NET: Registered PF_NETLINK/PF_ROUTE protocol family
[    0.826464] DMA: preallocated 256 KiB GFP_KERNEL pool for atomic allocations
[    0.827836] DMA: preallocated 256 KiB GFP_KERNEL|GFP_DMA pool for atomic allocations
[    0.829467] DMA: preallocated 256 KiB GFP_KERNEL|GFP_DMA32 pool for atomic allocations
[    0.831250] audit: initializing netlink subsys (disabled)
[    0.832816] audit: type=2000 audit(1678737026.439:1): state=initialized audit_enabled=0 res=1
[    0.832816] thermal_sys: Registered thermal governor 'fair_share'
[    0.832816] thermal_sys: Registered thermal governor 'bang_bang'
[    0.833790] thermal_sys: Registered thermal governor 'step_wise'
[    0.835047] thermal_sys: Registered thermal governor 'user_space'
[    0.836053] cpuidle: using governor ladder
[    0.840697] cpuidle: using governor menu
[    0.842304] acpiphp: ACPI Hot Plug PCI Controller Driver version: 0.5
[    0.844514] PCI: Using configuration type 1 for base access
[    0.847537] kprobes: kprobe jump-optimization is enabled. All kprobes are optimized if possible.
[    0.849389] HugeTLB: registered 1.00 GiB page size, pre-allocated 0 pages
[    0.850894] HugeTLB: 16380 KiB vmemmap can be freed for a 1.00 GiB page
[    0.851806] HugeTLB: registered 2.00 MiB page size, pre-allocated 0 pages
[    0.853214] HugeTLB: 28 KiB vmemmap can be freed for a 2.00 MiB page
[    1.275814] ACPI: Added _OSI(Module Device)
[    1.276905] ACPI: Added _OSI(Processor Device)
[    1.277958] ACPI: Added _OSI(3.0 _SCP Extensions)
[    1.279067] ACPI: Added _OSI(Processor Aggregator Device)
[    1.291236] ACPI: 1 ACPI AML tables successfully acquired and loaded
[    1.298827] ACPI: Interpreter enabled
[    1.300004] ACPI: PM: (supports S0 S3 S4 S5)
[    1.301042] ACPI: Using IOAPIC for interrupt routing
[    1.302379] PCI: Using host bridge windows from ACPI; if necessary, use "pci=nocrs" and report a bug
[    1.303790] PCI: Using E820 reservations for host bridge windows
[    1.306805] ACPI: Enabled 2 GPEs in block 00 to 0F
[    1.343155] ACPI: PCI Root Bridge [PCI0] (domain 0000 [bus 00-ff])
[    1.343844] acpi PNP0A03:00: _OSC: OS supports [ASPM ClockPM Segments MSI EDR HPX-Type3]
[    1.345648] acpi PNP0A03:00: _OSC: not requesting OS control; OS requires [ExtendedConfig ASPM ClockPM MSI]
[    1.348019] acpi PNP0A03:00: fail to add MMCONFIG information, can't access extended configuration space under this bridge
[    1.355932] acpiphp: Slot [3] registered
[    1.357027] acpiphp: Slot [4] registered
[    1.358121] acpiphp: Slot [5] registered
[    1.359212] acpiphp: Slot [6] registered
[    1.359960] acpiphp: Slot [7] registered
[    1.360996] acpiphp: Slot [8] registered
[    1.362034] acpiphp: Slot [9] registered
[    1.363071] acpiphp: Slot [10] registered
[    1.363924] acpiphp: Slot [11] registered
[    1.365007] acpiphp: Slot [12] registered
[    1.366083] acpiphp: Slot [13] registered
[    1.367125] acpiphp: Slot [14] registered
[    1.367926] acpiphp: Slot [15] registered
[    1.368968] acpiphp: Slot [16] registered
[    1.370038] acpiphp: Slot [17] registered
[    1.371135] acpiphp: Slot [18] registered
[    1.372047] acpiphp: Slot [19] registered
[    1.373106] acpiphp: Slot [20] registered
[    1.374164] acpiphp: Slot [21] registered
[    1.375202] acpiphp: Slot [22] registered
[    1.375922] acpiphp: Slot [23] registered
[    1.377074] acpiphp: Slot [24] registered
[    1.378160] acpiphp: Slot [25] registered
[    1.379203] acpiphp: Slot [26] registered
[    1.379949] acpiphp: Slot [27] registered
[    1.381010] acpiphp: Slot [28] registered
[    1.382048] acpiphp: Slot [29] registered
[    1.383147] acpiphp: Slot [30] registered
[    1.383949] acpiphp: Slot [31] registered
[    1.384942] PCI host bridge to bus 0000:00
[    1.385871] pci_bus 0000:00: root bus resource [io  0x0000-0x0cf7 window]
[    1.387405] pci_bus 0000:00: root bus resource [io  0x0d00-0xffff window]
[    1.387793] pci_bus 0000:00: root bus resource [mem 0x000a0000-0x000bffff window]
[    1.389450] pci_bus 0000:00: root bus resource [mem 0x80000000-0xfebfffff window]
[    1.391098] pci_bus 0000:00: root bus resource [mem 0x100000000-0x17fffffff window]
[    1.391799] pci_bus 0000:00: root bus resource [bus 00-ff]
[    1.393435] pci 0000:00:00.0: [8086:1237] type 00 class 0x060000
[    1.401761] pci 0000:00:01.0: [8086:7000] type 00 class 0x060100
[    1.405006] pci 0000:00:01.1: [8086:7010] type 00 class 0x010180
[    1.409669] pci 0000:00:01.1: reg 0x20: [io  0xc040-0xc04f]
[    1.412218] pci 0000:00:01.1: legacy IDE quirk: reg 0x10: [io  0x01f0-0x01f7]
[    1.413875] pci 0000:00:01.1: legacy IDE quirk: reg 0x14: [io  0x03f6]
[    1.415321] pci 0000:00:01.1: legacy IDE quirk: reg 0x18: [io  0x0170-0x0177]
[    1.415804] pci 0000:00:01.1: legacy IDE quirk: reg 0x1c: [io  0x0376]
[    1.418116] pci 0000:00:01.3: [8086:7113] type 00 class 0x068000
[    1.420347] pci 0000:00:01.3: quirk: [io  0x0600-0x063f] claimed by PIIX4 ACPI
[    1.421950] pci 0000:00:01.3: quirk: [io  0x0700-0x070f] claimed by PIIX4 SMB
[    1.424276] pci 0000:00:02.0: [1234:1111] type 00 class 0x030000
[    1.428749] pci 0000:00:02.0: reg 0x10: [mem 0xfd000000-0xfdffffff pref]
[    1.435125] pci 0000:00:02.0: reg 0x18: [mem 0xfebf0000-0xfebf0fff]
[    1.442719] pci 0000:00:02.0: reg 0x30: [mem 0xfebe0000-0xfebeffff pref]
[    1.445072] pci 0000:00:02.0: Video device with shadowed ROM at [mem 0x000c0000-0x000dffff]
[    1.453643] pci 0000:00:03.0: [8086:100e] type 00 class 0x020000
[    1.456536] pci 0000:00:03.0: reg 0x10: [mem 0xfebc0000-0xfebdffff]
[    1.459395] pci 0000:00:03.0: reg 0x14: [io  0xc000-0xc03f]
[    1.466845] pci 0000:00:03.0: reg 0x30: [mem 0xfeb80000-0xfebbffff pref]
[    1.500737] ACPI: PCI: Interrupt link LNKA configured for IRQ 10
[    1.503231] ACPI: PCI: Interrupt link LNKB configured for IRQ 10
[    1.504742] ACPI: PCI: Interrupt link LNKC configured for IRQ 11
[    1.507082] ACPI: PCI: Interrupt link LNKD configured for IRQ 11
[    1.508273] ACPI: PCI: Interrupt link LNKS configured for IRQ 9
[    1.513668] iommu: Default domain type: Translated 
[    1.514871] iommu: DMA domain TLB invalidation policy: lazy mode 
[    1.518740] SCSI subsystem initialized
[    1.520770] ACPI: bus type USB registered
[    1.521927] usbcore: registered new interface driver usbfs
[    1.523545] usbcore: registered new interface driver hub
[    1.523916] usbcore: registered new device driver usb
[    1.525409] pps_core: LinuxPPS API ver. 1 registered
[    1.526557] pps_core: Software ver. 5.3.6 - Copyright 2005-2007 Rodolfo Giometti <giometti@linux.it>
[    1.527888] PTP clock support registered
[    1.529617] EDAC MC: Ver: 3.0.0
[    1.535048] NetLabel: Initializing
[    1.535800] NetLabel:  domain hash size = 128
[    1.536857] NetLabel:  protocols = UNLABELED CIPSOv4 CALIPSO
[    1.538394] NetLabel:  unlabeled traffic allowed by default
[    1.540823] PCI: Using ACPI for IRQ routing
[    1.542687] pci 0000:00:02.0: vgaarb: setting as boot VGA device
[    1.543766] pci 0000:00:02.0: vgaarb: bridge control possible
[    1.543766] pci 0000:00:02.0: vgaarb: VGA device added: decodes=io+mem,owns=io+mem,locks=none
[    1.543793] vgaarb: loaded
[    1.545679] hpet0: at MMIO 0xfed00000, IRQs 2, 8, 0
[    1.546941] hpet0: 3 comparators, 64-bit 100.000000 MHz counter
[    5.907766] Callback from call_rcu_tasks_rude() invoked.
[    5.907766] clocksource: Switched to clocksource kvm-clock
[    6.020202] Callback from call_rcu_tasks() invoked.
[    6.281723] VFS: Disk quotas dquot_6.6.0
[    6.282748] VFS: Dquot-cache hash table entries: 512 (order 0, 4096 bytes)
[    6.285032] pnp: PnP ACPI init
[    6.289689] pnp: PnP ACPI: found 6 devices
[    6.317715] clocksource: acpi_pm: mask: 0xffffff max_cycles: 0xffffff, max_idle_ns: 2085701024 ns
[    6.320408] NET: Registered PF_INET protocol family
[    6.321879] IP idents hash table entries: 32768 (order: 6, 262144 bytes, linear)
[    6.325801] tcp_listen_portaddr_hash hash table entries: 1024 (order: 4, 73728 bytes, linear)
[    6.327644] Table-perturb hash table entries: 65536 (order: 6, 262144 bytes, linear)
[    6.329521] TCP established hash table entries: 16384 (order: 5, 131072 bytes, linear)
[    6.331664] TCP bind hash table entries: 16384 (order: 9, 2359296 bytes, linear)
[    6.348428] TCP: Hash tables configured (established 16384 bind 16384)
[    6.350215] UDP hash table entries: 1024 (order: 5, 163840 bytes, linear)
[    6.351873] UDP-Lite hash table entries: 1024 (order: 5, 163840 bytes, linear)
[    6.353908] NET: Registered PF_UNIX/PF_LOCAL protocol family
[    6.357075] RPC: Registered named UNIX socket transport module.
[    6.359028] RPC: Registered udp transport module.
[    6.360574] RPC: Registered tcp transport module.
[    6.362053] RPC: Registered tcp NFSv4.1 backchannel transport module.
[    6.364232] pci_bus 0000:00: resource 4 [io  0x0000-0x0cf7 window]
[    6.366181] pci_bus 0000:00: resource 5 [io  0x0d00-0xffff window]
[    6.368154] pci_bus 0000:00: resource 6 [mem 0x000a0000-0x000bffff window]
[    6.370234] pci_bus 0000:00: resource 7 [mem 0x80000000-0xfebfffff window]
[    6.372384] pci_bus 0000:00: resource 8 [mem 0x100000000-0x17fffffff window]
[    6.375089] pci 0000:00:01.0: PIIX3: Enabling Passive Release
[    6.376981] pci 0000:00:00.0: Limiting direct PCI/PCI transfers
[    6.379155] PCI: CLS 0 bytes, default 64
[    6.380824] ACPI: bus type thunderbolt registered
[    6.383403] clocksource: tsc: mask: 0xffffffffffffffff max_cycles: 0x363e8c91135, max_idle_ns: 881590568389 ns
[    6.430695] Initialise system trusted keyrings
[    6.432057] Key type blacklist registered
[    6.433671] workingset: timestamp_bits=36 max_order=19 bucket_order=0
[    6.436072] zbud: loaded
[    6.438850] squashfs: version 4.0 (2009/01/31) Phillip Lougher
[    6.443023] NFS: Registering the id_resolver key type
[    6.444860] Key type id_resolver registered
[    6.446200] Key type id_legacy registered
[    6.447609] nfs4filelayout_init: NFSv4 File Layout Driver Registering...
[    6.449845] nfs4flexfilelayout_init: NFSv4 Flexfile Layout Driver Registering...
[    6.453069] fuse: init (API version 7.38)
[    6.454990] SGI XFS with ACLs, security attributes, realtime, quota, no debug enabled
[    6.459246] 9p: Installing v9fs 9p2000 file system support
[    6.476182] Key type asymmetric registered
[    6.477596] Asymmetric key parser 'x509' registered
[    6.479535] Block layer SCSI generic (bsg) driver version 0.4 loaded (major 243)
[    6.482737] io scheduler mq-deadline registered
[    6.483973] io scheduler bfq registered
[    6.485875] shpchp: Standard Hot Plug PCI Controller Driver version: 0.4
[    6.488409] IPMI message handler: version 39.2
[    6.489553] ipmi device interface
[    6.494506] input: Power Button as /devices/LNXSYSTM:00/LNXPWRBN:00/input/input0
[    6.497462] ACPI: button: Power Button [PWRF]
[    6.501632] ERST DBG: ERST support is disabled.
[    6.504483] Serial: 8250/16550 driver, 32 ports, IRQ sharing enabled
[    6.508067] 00:04: ttyS0 at I/O 0x3f8 (irq = 4, base_baud = 115200) is a 16550A
[    6.536071] Linux agpgart interface v0.103
[    6.539526] ACPI: bus type drm_connector registered
[    6.569725] brd: module loaded
[    6.586266] loop: module loaded
[    6.599105] scsi host0: ata_piix
[    6.602278] scsi host1: ata_piix
[    6.603749] ata1: PATA max MWDMA2 cmd 0x1f0 ctl 0x3f6 bmdma 0xc040 irq 14
[    6.606034] ata2: PATA max MWDMA2 cmd 0x170 ctl 0x376 bmdma 0xc048 irq 15
[    6.611874] tun: Universal TUN/TAP device driver, 1.6
[    6.614151] e100: Intel(R) PRO/100 Network Driver
[    6.615690] e100: Copyright(c) 1999-2006 Intel Corporation
[    6.617676] e1000: Intel(R) PRO/1000 Network Driver
[    6.619326] e1000: Copyright (c) 1999-2006 Intel Corporation.
[    6.768210] ata1: found unknown device (class 0)
[    6.770124] ata2: found unknown device (class 0)
[    6.772080] ata1.00: ATA-7: QEMU HARDDISK, 2.5+, max UDMA/100
[    6.773309] ata1.00: 16777216 sectors, multi 16: LBA48 
[    6.775266] ata2.00: ATAPI: QEMU DVD-ROM, 2.5+, max UDMA/100
[    6.779394] scsi 0:0:0:0: Direct-Access     ATA      QEMU HARDDISK    2.5+ PQ: 0 ANSI: 5
[    6.783275] scsi 0:0:0:0: Attached scsi generic sg0 type 0
[    6.785964] scsi 1:0:0:0: CD-ROM            QEMU     QEMU DVD-ROM     2.5+ PQ: 0 ANSI: 5
[    6.791533] sd 0:0:0:0: [sda] 16777216 512-byte logical blocks: (8.59 GB/8.00 GiB)
[    6.793335] sd 0:0:0:0: [sda] Write Protect is off
[    6.794508] sd 0:0:0:0: [sda] Write cache: enabled, read cache: enabled, doesn't support DPO or FUA
[    6.796568] sd 0:0:0:0: [sda] Preferred minimum I/O size 512 bytes
[    6.821775] scsi 1:0:0:0: Attached scsi generic sg1 type 5
[    6.827293] sd 0:0:0:0: [sda] Attached SCSI disk
[    7.034122] ACPI: \_SB_.LNKC: Enabled at IRQ 11
[    7.423325] e1000 0000:00:03.0 eth0: (PCI:33MHz:32-bit) 52:54:00:12:34:56
[    7.424773] e1000 0000:00:03.0 eth0: Intel(R) PRO/1000 Network Connection
[    7.426271] e1000e: Intel(R) PRO/1000 Network Driver
[    7.427233] e1000e: Copyright(c) 1999 - 2015 Intel Corporation.
[    7.428500] igb: Intel(R) Gigabit Ethernet Network Driver
[    7.429523] igb: Copyright (c) 2007-2014 Intel Corporation.
[    7.430779] PPP generic driver version 2.4.2
[    7.432885] VFIO - User Level meta-driver version: 0.3
[    7.434937] usbcore: registered new interface driver uas
[    7.436124] usbcore: registered new interface driver usb-storage
[    7.437585] i8042: PNP: PS/2 Controller [PNP0303:KBD,PNP0f13:MOU] at 0x60,0x64 irq 1,12
[    7.440613] serio: i8042 KBD port at 0x60,0x64 irq 1
[    7.441665] serio: i8042 AUX port at 0x60,0x64 irq 12
[    7.444227] mousedev: PS/2 mouse device common for all mice
[    7.447353] input: AT Translated Set 2 keyboard as /devices/platform/i8042/serio0/input/input1
[    7.448093] rtc_cmos 00:05: RTC can wake from S4
[    7.451135] input: VirtualPS/2 VMware VMMouse as /devices/platform/i8042/serio1/input/input4
[    7.452218] rtc_cmos 00:05: registered as rtc0
[    7.453898] rtc_cmos 00:05: setting system clock to 2023-03-13T19:50:32 UTC (1678737032)
[    7.454080] input: VirtualPS/2 VMware VMMouse as /devices/platform/i8042/serio1/input/input3
[    7.457296] rtc_cmos 00:05: alarms up to one day, y3k, 242 bytes nvram, hpet irqs
[    7.458930] i2c_dev: i2c /dev entries driver
[    7.460134] device-mapper: core: CONFIG_IMA_DISABLE_HTABLE is disabled. Duplicate IMA measurements will not be recorded in the IMA log.
[    7.462502] device-mapper: uevent: version 1.0.3
[    7.463907] device-mapper: ioctl: 4.47.0-ioctl (2022-07-28) initialised: dm-devel@redhat.com
[    7.465558] intel_pstate: CPU model not supported
[    7.466770] sdhci: Secure Digital Host Controller Interface driver
[    7.468008] sdhci: Copyright(c) Pierre Ossman
[    7.469029] sdhci-pltfm: SDHCI platform and OF driver helper
[    7.470360] ledtrig-cpu: registered to indicate activity on CPUs
[    7.472452] drop_monitor: Initializing network drop monitor service
[    7.474138] NET: Registered PF_INET6 protocol family
[    7.481839] Segment Routing with IPv6
[    7.482760] In-situ OAM (IOAM) with IPv6
[    7.483635] NET: Registered PF_PACKET protocol family
[    7.485147] 9pnet: Installing 9P2000 support
[    7.486176] Key type dns_resolver registered
[    7.488747] IPI shorthand broadcast: enabled
[    7.516806] sched_clock: Marking stable (7465595385, 50188655)->(7628382841, -112598801)
[    7.519967] registered taskstats version 1
[    7.521414] Loading compiled-in X.509 certificates
[    7.522712] zswap: loaded using pool lzo/zbud
[    7.554962] Key type .fscrypt registered
[    7.555998] Key type fscrypt-provisioning registered
[    7.560102] Key type encrypted registered
[    7.561121] ima: No TPM chip found, activating TPM-bypass!
[    7.562361] ima: Allocated hash algorithm: sha1
[    7.563554] ima: No architecture policies found
[    7.564798] evm: Initialising EVM extended attributes:
[    7.565879] evm: security.selinux
[    7.566573] evm: security.SMACK64
[    7.567294] evm: security.SMACK64EXEC
[    7.568160] evm: security.SMACK64TRANSMUTE
[    7.569016] evm: security.SMACK64MMAP
[    7.569793] evm: security.apparmor
[    7.570500] evm: security.ima
[    7.571163] evm: security.capability
[    7.571986] evm: HMAC attrs: 0x1
[    7.575559] PM:   Magic number: 15:760:849
[    7.576737] graphics fbcon: hash matches
[    7.578703] RAS: Correctable Errors collector initialized.
[    7.582877] md: Waiting for all devices to be available before autodetect
[    7.584002] md: If you don't use raid, use raid=noautodetect
[    7.584846] md: Autodetecting RAID arrays.
[    7.585556] md: autorun ...
[    7.586009] md: ... autorun DONE.
[    7.617768] EXT4-fs (sda): mounted filesystem 23a53bb9-f815-47a5-b74c-5e08f7731193 with ordered data mode. Quota mode: none.
[    7.619631] VFS: Mounted root (ext4 filesystem) readonly on device 8:0.
[    7.625568] devtmpfs: mounted
[    7.636815] Freeing unused decrypted memory: 2036K
[    7.651300] Freeing unused kernel image (initmem) memory: 10128K
[    7.652402] Write protecting the kernel read-only data: 45056k
[    7.656051] Freeing unused kernel image (rodata/data gap) memory: 248K
[    7.825252] x86/mm: Checked W+X mappings: passed, no W+X pages found.
[    7.826297] Run /sbin/init as init process
[    8.084017] systemd[1]: RTC configured in localtime, applying delta of 0 minutes to system time.
[    8.162195] systemd[1]: systemd 239 (239-49.el8) running in system mode. (+PAM +AUDIT +SELINUX +IMA -APPARMOR +SMACK +SYSVINIT +UTMP +LIBCRYPTSETUP +GCRYPT +GNUTLS +ACL +XZ +LZ4 +SECCOMP +BLKID +ELFUTILS +KMOD +IDN2 -IDN +PCRE2 default-hierarchy=legacy)
[    8.166404] systemd[1]: Detected virtualization kvm.
[    8.167294] systemd[1]: Detected architecture x86-64.

Welcome to [0;31mCentOS Stream 8[0m!

[    8.256055] systemd[1]: Set hostname to <test>.
[    8.944280] systemd[1]: Listening on udev Kernel Socket.
[[0;32m  OK  [0m] Listening on udev Kernel Socket.
[    8.965167] systemd[1]: Listening on Process Core Dump Socket.
[[0;32m  OK  [0m] Listening on Process Core Dump Socket.
[    8.970034] systemd[1]: Listening on Device-mapper event daemon FIFOs.
[[0;32m  OK  [0m] Listening on Device-mapper event daemon FIFOs.
[    8.982344] systemd[1]: Created slice system-sshd\x2dkeygen.slice.
[[0;32m  OK  [0m] Created slice system-sshd\x2dkeygen.slice.
[    8.988183] systemd[1]: Set up automount Arbitrary Executable File Formats File System Automount Point.
[[0;32m  OK  [0m] Set up automount Arbitrary Executabâ€¦rmats File System Automount Point.
[    8.995026] systemd[1]: Listening on RPCbind Server Activation Socket.
[[0;32m  OK  [0m] Listening on RPCbind Server Activation Socket.
[[0;32m  OK  [0m] Reached target RPC Port Mapper.
[[0;32m  OK  [0m] Created slice system-serial\x2dgetty.slice.
[[0;32m  OK  [0m] Started Forward Password Requests to Wall Directory Watch.
[[0;32m  OK  [0m] Listening on multipathd control socket.
[[0;32m  OK  [0m] Listening on Journal Socket.
         Starting Setup Virtual Console...
         Mounting Huge Pages File System...
[[0;32m  OK  [0m] Listening on LVM2 poll daemon socket.
[[0;32m  OK  [0m] Listening on initctl Compatibility Named Pipe.
         Starting Load Kernel Modules...
         Starting Remount Root and Kernel File Systems...
         Mounting Kernel Debug File System...
[[0;32m  OK  [0m] Reached target Swap.
[[0;32m  OK  [0m] Listening on udev Control Socket.
[[0;32m  OK  [0m] Listening on Journal Socket (/dev/log).
         Starting Journal Service...
         Starting udev Coldplug all Devices...
[[0;32m  OK  [0m] Created slice system-getty.slice.
[[0;32m  OK  [0m] Created slice User and Session Slice.
[[0;32m  OK  [0m] Reached target Slices.
         Mounting POSIX Message Queue File System...
         Starting Monitoring of LVM2 mirrorsâ€¦ng dmeventd or progress polling...
[    9.725172] EXT4-fs (sda): re-mounted 23a53bb9-f815-47a5-b74c-5e08f7731193. Quota mode: none.
[[0;32m  OK  [0m] Started Journal Service.
[[0;32m  OK  [0m] Mounted Huge Pages File System.
[[0;1;31mFAILED[0m] Failed to start Load Kernel Modules.
See 'systemctl status systemd-modules-load.service' for details.
[[0;32m  OK  [0m] Started Remount Root and Kernel File Systems.
[[0;32m  OK  [0m] Mounted Kernel Debug File System.
[[0;32m  OK  [0m] Mounted POSIX Message Queue File System.
         Starting Load/Save Random Seed...
         Starting Create Static Device Nodes in /dev...
         Starting Apply Kernel Variables...
         Mounting FUSE Control File System...
         Mounting Kernel Configuration File System...
         Starting Flush Journal to Persistent Storage...
[[0;32m  OK  [0m] Started Setup Virtual Console.
[[0;32m  OK  [0m] Started Load/Save Random Seed.
[[0;32m  OK  [0m] Started Create Static Device Nodes in /dev.
[[0;32m  OK  [0m] Started Apply Kernel Variables.
[[0;32m  OK  [0m] Mounted FUSE Control File System.
[[0;32m  OK  [0m] Mounted Kernel Configuration File System.
         Starting udev Kernel Device Manager...
[[0;32m  OK  [0m] Started udev Coldplug all Devices.
[[0;32m  OK  [0m] Started Flush Journal to Persistent Storage.
         Starting udev Wait for Complete Device Initialization...
[[0;32m  OK  [0m] Started udev Kernel Device Manager.
         Starting Show Plymouth Boot Screen...
[[0;32m  OK  [0m] Started Show Plymouth Boot Screen.
[[0;32m  OK  [0m] Started Forward Password Requests to Plymouth Directory Watch.
[[0;32m  OK  [0m] Reached target Paths.
[[0;32m  OK  [0m] Reached target Local Encrypted Volumes.
[[0;32m  OK  [0m] Found device /dev/ttyS0.
[[0;32m  OK  [0m] Listening on Load/Save RF Kill Switch Status /dev/rfkill Watch.
[[0;32m  OK  [0m] Started Monitoring of LVM2 mirrors,â€¦sing dmeventd or progress polling.
[[0;32m  OK  [0m] Started udev Wait for Complete Device Initialization.
[[0;32m  OK  [0m] Reached target Local File Systems (Pre).
[[0;32m  OK  [0m] Reached target Local File Systems.
         Starting Tell Plymouth To Write Out Runtime Data...
         Starting Restore /run/initramfs on shutdown...
         Starting Create Volatile Files and Directories...
[[0;32m  OK  [0m] Started Tell Plymouth To Write Out Runtime Data.
[[0;32m  OK  [0m] Started Restore /run/initramfs on shutdown.
[[0;32m  OK  [0m] Started Create Volatile Files and Directories.
         Starting RPC Bind...
         Mounting RPC Pipe File System...
         Starting Security Auditing Service...
[[0;32m  OK  [0m] Mounted RPC Pipe File System.
[[0;32m  OK  [0m] Reached target rpc_pipefs.target.
[[0;32m  OK  [0m] Started RPC Bind.
[[0;32m  OK  [0m] Started Security Auditing Service.
         Starting Update UTMP about System Boot/Shutdown...
[[0;32m  OK  [0m] Started Update UTMP about System Boot/Shutdown.
[[0;32m  OK  [0m] Reached target System Initialization.
[[0;32m  OK  [0m] Started daily update of the root trust anchor for DNSSEC.
[[0;32m  OK  [0m] Listening on D-Bus System Message Bus Socket.
[[0;32m  OK  [0m] Started dnf makecache --timer.
[[0;32m  OK  [0m] Listening on SSSD Kerberos Cache Manager responder socket.
[[0;32m  OK  [0m] Reached target Sockets.
[[0;32m  OK  [0m] Reached target Basic System.
         Starting Authorization Manager...
[[0;32m  OK  [0m] Started D-Bus System Message Bus.
         Starting Network Manager...
[[0;32m  OK  [0m] Started irqbalance daemon.
         Starting Auto-connect to subsystemsâ€¦-NVME devices found during boot...
[[0;32m  OK  [0m] Reached target sshd-keygen.target.
         Starting Self Monitoring and Reporting Technology (SMART) Daemon...
[[0;32m  OK  [0m] Started Machine Check Exception Logging Daemon.
[[0;32m  OK  [0m] Started Daily Cleanup of Temporary Directories.
[[0;32m  OK  [0m] Reached target Timers.
         Starting Login Service...
         Starting NTP client/server...
[[0;32m  OK  [0m] Started Auto-connect to subsystems â€¦FC-NVME devices found during boot.
         Starting update of the root trust aâ€¦or DNSSEC validation in unbound...
[[0;32m  OK  [0m] Started Self Monitoring and Reporting Technology (SMART) Daemon.
[[0;32m  OK  [0m] Started Network Manager.
         Starting Network Manager Wait Online...
[[0;32m  OK  [0m] Reached target Network.
         Starting GSSAPI Proxy Daemon...
         Starting OpenSSH server daemon...
         Starting Dynamic System Tuning Daemon...
[[0;32m  OK  [0m] Started update of the root trust anâ€¦ for DNSSEC validation in unbound.
[[0;32m  OK  [0m] Started Login Service.
         Starting Hostname Service...
[[0;32m  OK  [0m] Started GSSAPI Proxy Daemon.
[[0;32m  OK  [0m] Reached target NFS client services.
[[0;32m  OK  [0m] Reached target Remote File Systems (Pre).
[[0;32m  OK  [0m] Reached target Remote File Systems.
         Starting Permit User Sessions...
[[0;32m  OK  [0m] Started OpenSSH server daemon.
[[0;32m  OK  [0m] Started Authorization Manager.
[[0;32m  OK  [0m] Started NTP client/server.
[[0;32m  OK  [0m] Started Permit User Sessions.
[[0;32m  OK  [0m] Started Command Scheduler.
         Starting Terminate Plymouth Boot Screen...
         Starting Hold until boot process finishes up...
[   15.136977] e1000: eth0 NIC Link is Up 1000 Mbps Full Duplex, Flow Control: RX
[   15.140863] IPv6: ADDRCONF(NETDEV_CHANGE): eth0: link becomes ready
[   15.849629] Spectre V2 : WARNING: Unprivileged eBPF is enabled with eIBRS on, data leaks possible via Spectre v2 BHB attacks!
[   15.852203] Spectre V2 : WARNING: Unprivileged eBPF is enabled with eIBRS on, data leaks possible via Spectre v2 BHB attacks!

CentOS Stream 8
Kernel 6.1.0-a6e3e6f13805+ on an x86_64

test login: [   30.727608] ------------[ cut here ]------------
[   30.728870] WARNING: CPU: 0 PID: 526 at mm/gup.c:75 try_grab_folio+0x503/0x740
[   30.730517] Modules linked in:
[   30.731257] CPU: 0 PID: 526 Comm: repro Not tainted 6.1.0-a6e3e6f13805+ #1
[   30.732824] Hardware name: QEMU Standard PC (i440FX + PIIX, 1996), BIOS rel-1.16.0-0-gd239552ce722-prebuilt.qemu.org 04/01/2014
[   30.735455] RIP: 0010:try_grab_folio+0x503/0x740
[   30.736624] Code: e3 01 48 89 de e8 dd bf de ff 48 85 db 0f 84 7c fe ff ff e8 bf bd de ff 49 8d 47 ff 48 89 45 d0 e9 73 fe ff ff e8 ad bd de ff <0f> 0b 31 db e9 d0 fc ff ff e8 9f bd de ff 48 8b 5d c8 31 ff 48 89
[   30.741054] RSP: 0018:ffffc90000d2b908 EFLAGS: 00010046
[   30.742262] RAX: 0000000000000000 RBX: 00000000fffffc02 RCX: ffffffff814d54c6
[   30.743928] RDX: 0000000000000000 RSI: ffff888012bc0000 RDI: 0000000000000002
[   30.745530] RBP: ffffc90000d2b948 R08: 000000000003b9a4 R09: 0000000000000005
[   30.747110] R10: 000000000003b980 R11: 0000000000000023 R12: ffffea00004f5900
[   30.748888] R13: 0000000000000001 R14: 0000000000000000 R15: ffffea00004f5900
[   30.750471] FS:  00007f5a76c02740(0000) GS:ffff88807dc00000(0000) knlGS:0000000000000000
[   30.752294] CS:  0010 DS: 0000 ES: 0000 CR0: 0000000080050033
[   30.753633] CR2: 00000000200011c3 CR3: 000000000d186006 CR4: 0000000000770ef0
[   30.755238] PKRU: 55555554
[   30.755918] Call Trace:
[   30.756504]  <TASK>
[   30.757037]  internal_get_user_pages_fast+0xad6/0x2190
[   30.758291]  pin_user_pages_fast+0x61/0xa0
[   30.759434]  pfn_reader_user_pin+0x376/0x390
[   30.760598]  pfn_reader_next+0x14a/0x740
[   30.761556]  ? interval_tree_double_span_iter_update+0x11a/0x140
[   30.763152]  pfn_reader_first+0x140/0x1b0
[   30.764197]  iopt_area_fill_domain+0x74/0x210
[   30.765331]  iopt_table_add_domain+0x30e/0x6e0
[   30.766560]  iommufd_device_selftest_attach+0x7f/0x140
[   30.767775]  iommufd_test+0x10ff/0x16f0
[   30.768688]  ? write_comp_data+0x2f/0x90
[   30.769636]  iommufd_fops_ioctl+0x1ef/0x310
[   30.770629]  __x64_sys_ioctl+0x10e/0x160
[   30.771594]  ? __pfx_iommufd_fops_ioctl+0x10/0x10
[   30.772865]  do_syscall_64+0x3b/0x90
[   30.773844]  entry_SYSCALL_64_after_hwframe+0x72/0xdc
[   30.775213] RIP: 0033:0x7f5a76d2759d
[   30.776195] Code: 00 c3 66 2e 0f 1f 84 00 00 00 00 00 90 f3 0f 1e fa 48 89 f8 48 89 f7 48 89 d6 48 89 ca 4d 89 c2 4d 89 c8 4c 8b 4c 24 08 0f 05 <48> 3d 01 f0 ff ff 73 01 c3 48 8b 0d d3 08 0d 00 f7 d8 64 89 01 48
[   30.780405] RSP: 002b:00007ffc69898208 EFLAGS: 00000217 ORIG_RAX: 0000000000000010
[   30.782080] RAX: ffffffffffffffda RBX: 0000000000000000 RCX: 00007f5a76d2759d
[   30.783753] RDX: 00000000200001c0 RSI: 0000000000003ba0 RDI: 0000000000000003
[   30.785312] RBP: 00007ffc69898220 R08: 00007ffc69898220 R09: 00007ffc69898220
[   30.786895] R10: 00007ffc69898220 R11: 0000000000000217 R12: 0000000000401180
[   30.788536] R13: 00007ffc69898340 R14: 0000000000000000 R15: 0000000000000000
[   30.790160]  </TASK>
[   30.790710] irq event stamp: 1244
[   30.791508] hardirqs last  enabled at (1243): [<ffffffff815c42cb>] mod_objcg_state+0x16b/0x2f0
[   30.793574] hardirqs last disabled at (1244): [<ffffffff814dc29d>] internal_get_user_pages_fast+0x1fed/0x2190
[   30.795869] softirqs last  enabled at (0): [<ffffffff81111130>] copy_process+0x11d0/0x2c10
[   30.797761] softirqs last disabled at (0): [<0000000000000000>] 0x0
[   30.799266] ---[ end trace 0000000000000000 ]---
[   30.801549] ------------[ cut here ]------------
[   30.802820] WARNING: CPU: 0 PID: 526 at mm/gup.c:219 try_grab_page+0x1e1/0x1f0
[   30.804589] Modules linked in:
[   30.805340] CPU: 0 PID: 526 Comm: repro Tainted: G        W          6.1.0-a6e3e6f13805+ #1
[   30.807242] Hardware name: QEMU Standard PC (i440FX + PIIX, 1996), BIOS rel-1.16.0-0-gd239552ce722-prebuilt.qemu.org 04/01/2014
[   30.810008] RIP: 0010:try_grab_page+0x1e1/0x1f0
[   30.811076] Code: e9 90 fe ff ff e8 9f b9 de ff f0 83 43 34 01 f0 83 43 5c 01 e9 4b ff ff ff e8 8b b9 de ff 0f 0b e9 99 fe ff ff e8 7f b9 de ff <0f> 0b 41 bd f4 ff ff ff e9 ca fe ff ff 66 90 90 90 90 90 90 90 90
[   30.815333] RSP: 0018:ffffc90000d2b698 EFLAGS: 00010246
[   30.816670] RAX: 0000000000000000 RBX: ffffea00004f5900 RCX: ffffffff814d5bc8
[   30.818276] RDX: 0000000000000000 RSI: ffff888012bc0000 RDI: 0000000000000002
[   30.820002] RBP: ffffc90000d2b6b8 R08: 000000000000001c R09: 0000000000000030
[   30.821613] R10: ffffc90000d2b578 R11: ffff888012bc0d98 R12: 0000000000050003
[   30.823254] R13: 00000000fffffc02 R14: 0000000000000000 R15: ffffea00004f5900
[   30.825017] FS:  00007f5a76c02740(0000) GS:ffff88807dc00000(0000) knlGS:0000000000000000
[   30.826966] CS:  0010 DS: 0000 ES: 0000 CR0: 0000000080050033
[   30.828456] CR2: 00000000200011c3 CR3: 000000000d186006 CR4: 0000000000770ef0
[   30.830290] PKRU: 55555554
[   30.830932] Call Trace:
[   30.831553]  <TASK>
[   30.832158]  follow_page_pte+0x414/0xbf0
[   30.833151]  follow_page_mask+0x530/0xd80
[   30.834098]  __get_user_pages+0x34f/0xd60
[   30.835064]  __gup_longterm_locked+0x30f/0x1510
[   30.836262]  get_user_pages_unlocked+0x8e/0x140
[   30.837354]  internal_get_user_pages_fast+0xd85/0x2190
[   30.838610]  pin_user_pages_fast+0x61/0xa0
[   30.839612]  pfn_reader_user_pin+0x376/0x390
[   30.840732]  pfn_reader_next+0x14a/0x740
[   30.841680]  ? interval_tree_double_span_iter_update+0x11a/0x140
[   30.843090]  pfn_reader_first+0x140/0x1b0
[   30.844224]  iopt_area_fill_domain+0x74/0x210
[   30.845442]  iopt_table_add_domain+0x30e/0x6e0
[   30.846673]  iommufd_device_selftest_attach+0x7f/0x140
[   30.848024]  iommufd_test+0x10ff/0x16f0
[   30.849181]  ? write_comp_data+0x2f/0x90
[   30.850113]  iommufd_fops_ioctl+0x1ef/0x310
[   30.851129]  __x64_sys_ioctl+0x10e/0x160
[   30.852158]  ? __pfx_iommufd_fops_ioctl+0x10/0x10
[   30.853263]  do_syscall_64+0x3b/0x90
[   30.854118]  entry_SYSCALL_64_after_hwframe+0x72/0xdc
[   30.855302] RIP: 0033:0x7f5a76d2759d
[   30.856231] Code: 00 c3 66 2e 0f 1f 84 00 00 00 00 00 90 f3 0f 1e fa 48 89 f8 48 89 f7 48 89 d6 48 89 ca 4d 89 c2 4d 89 c8 4c 8b 4c 24 08 0f 05 <48> 3d 01 f0 ff ff 73 01 c3 48 8b 0d d3 08 0d 00 f7 d8 64 89 01 48
[   30.860548] RSP: 002b:00007ffc69898208 EFLAGS: 00000217 ORIG_RAX: 0000000000000010
[   30.862285] RAX: ffffffffffffffda RBX: 0000000000000000 RCX: 00007f5a76d2759d
[   30.863982] RDX: 00000000200001c0 RSI: 0000000000003ba0 RDI: 0000000000000003
[   30.865714] RBP: 00007ffc69898220 R08: 00007ffc69898220 R09: 00007ffc69898220
[   30.867430] R10: 00007ffc69898220 R11: 0000000000000217 R12: 0000000000401180
[   30.869356] R13: 00007ffc69898340 R14: 0000000000000000 R15: 0000000000000000
[   30.871256]  </TASK>
[   30.871893] irq event stamp: 1747
[   30.872833] hardirqs last  enabled at (1755): [<ffffffff811d4901>] __up_console_sem+0x91/0xb0
[   30.875247] hardirqs last disabled at (1762): [<ffffffff811d48e6>] __up_console_sem+0x76/0xb0
[   30.876940] softirqs last  enabled at (1676): [<ffffffff82f4f133>] __do_softirq+0x323/0x48a
[   30.878592] softirqs last disabled at (1671): [<ffffffff811231b2>] irq_exit_rcu+0xd2/0x100
[   30.880192] ---[ end trace 0000000000000000 ]---
