c[?7l[2J[0mSeaBIOS (version rel-1.16.0-0-gd239552ce722-prebuilt.qemu.org)


iPXE (http://ipxe.org) 00:03.0 CA00 PCI2.10 PnP PMM+7FF91000+7FEF1000 CA00
Press Ctrl-B to configure iPXE (PCI 00:03.0)...                                                                               


Booting from ROM...
c[?7l[2J[    0.000000] Linux version 6.1.0-aa5ad10f6cca+ (root@p-rplp02) (gcc (GCC) 8.5.0 20210514 (Red Hat 8.5.0-18), GNU ld version 2.36.1-2.el8) #1 SMP PREEMPT_DYNAMIC Tue Mar 14 07:19:01 CST 2023
[    0.000000] Command line: console=ttyS0 root=/dev/sda earlyprintk=serial net.ifnames=0
[    0.000000] KERNEL supported cpus:
[    0.000000]   Intel GenuineIntel
[    0.000000]   AMD AuthenticAMD
[    0.000000]   Hygon HygonGenuine
[    0.000000]   Centaur CentaurHauls
[    0.000000]   zhaoxin   Shanghai  
[    0.000000] x86/fpu: Supporting XSAVE feature 0x001: 'x87 floating point registers'
[    0.000000] x86/fpu: Supporting XSAVE feature 0x002: 'SSE registers'
[    0.000000] x86/fpu: Supporting XSAVE feature 0x004: 'AVX registers'
[    0.000000] x86/fpu: Supporting XSAVE feature 0x200: 'Protection Keys User registers'
[    0.000000] x86/fpu: xstate_offset[2]:  576, xstate_sizes[2]:  256
[    0.000000] x86/fpu: xstate_offset[9]:  832, xstate_sizes[9]:    8
[    0.000000] x86/fpu: Enabled xstate features 0x207, context size is 840 bytes, using 'compacted' format.
[    0.000000] signal: max sigframe size: 3632
[    0.000000] BIOS-provided physical RAM map:
[    0.000000] BIOS-e820: [mem 0x0000000000000000-0x000000000009fbff] usable
[    0.000000] BIOS-e820: [mem 0x000000000009fc00-0x000000000009ffff] reserved
[    0.000000] BIOS-e820: [mem 0x00000000000f0000-0x00000000000fffff] reserved
[    0.000000] BIOS-e820: [mem 0x0000000000100000-0x000000007ffdffff] usable
[    0.000000] BIOS-e820: [mem 0x000000007ffe0000-0x000000007fffffff] reserved
[    0.000000] BIOS-e820: [mem 0x00000000feffc000-0x00000000feffffff] reserved
[    0.000000] BIOS-e820: [mem 0x00000000fffc0000-0x00000000ffffffff] reserved
[    0.000000] printk: bootconsole [earlyser0] enabled
[    0.000000] NX (Execute Disable) protection: active
[    0.000000] SMBIOS 2.8 present.
[    0.000000] DMI: QEMU Standard PC (i440FX + PIIX, 1996), BIOS rel-1.16.0-0-gd239552ce722-prebuilt.qemu.org 04/01/2014
[    0.000000] Hypervisor detected: KVM
[    0.000000] kvm-clock: Using msrs 4b564d01 and 4b564d00
[    0.000012] kvm-clock: using sched offset of 1071718456 cycles
[    0.001256] clocksource: kvm-clock: mask: 0xffffffffffffffff max_cycles: 0x1cd42e4dffb, max_idle_ns: 881590591483 ns
[    0.005178] tsc: Detected 1881.600 MHz processor
[    0.022252] last_pfn = 0x7ffe0 max_arch_pfn = 0x400000000
[    0.023757] x86/PAT: Configuration [0-7]: WB  WC  UC- UC  WB  WP  UC- WT  
[    0.037358] found SMP MP-table at [mem 0x000f5ba0-0x000f5baf]
[    0.039379] Using GB pages for direct mapping
[    0.043821] ACPI: Early table checksum verification disabled
[    0.045303] ACPI: RSDP 0x00000000000F59C0 000014 (v00 BOCHS )
[    0.046686] ACPI: RSDT 0x000000007FFE1951 000034 (v01 BOCHS  BXPC     00000001 BXPC 00000001)
[    0.048790] ACPI: FACP 0x000000007FFE17FD 000074 (v01 BOCHS  BXPC     00000001 BXPC 00000001)
[    0.050892] ACPI: DSDT 0x000000007FFE0040 0017BD (v01 BOCHS  BXPC     00000001 BXPC 00000001)
[    0.052994] ACPI: FACS 0x000000007FFE0000 000040
[    0.054137] ACPI: APIC 0x000000007FFE1871 000080 (v01 BOCHS  BXPC     00000001 BXPC 00000001)
[    0.056261] ACPI: HPET 0x000000007FFE18F1 000038 (v01 BOCHS  BXPC     00000001 BXPC 00000001)
[    0.058266] ACPI: WAET 0x000000007FFE1929 000028 (v01 BOCHS  BXPC     00000001 BXPC 00000001)
[    0.060304] ACPI: Reserving FACP table memory at [mem 0x7ffe17fd-0x7ffe1870]
[    0.061970] ACPI: Reserving DSDT table memory at [mem 0x7ffe0040-0x7ffe17fc]
[    0.063639] ACPI: Reserving FACS table memory at [mem 0x7ffe0000-0x7ffe003f]
[    0.065295] ACPI: Reserving APIC table memory at [mem 0x7ffe1871-0x7ffe18f0]
[    0.066982] ACPI: Reserving HPET table memory at [mem 0x7ffe18f1-0x7ffe1928]
[    0.068635] ACPI: Reserving WAET table memory at [mem 0x7ffe1929-0x7ffe1950]
[    0.072933] No NUMA configuration found
[    0.073874] Faking a node at [mem 0x0000000000000000-0x000000007ffdffff]
[    0.075648] NODE_DATA(0) allocated [mem 0x7ffb5000-0x7ffdffff]
[    0.084291] Zone ranges:
[    0.084942]   DMA      [mem 0x0000000000001000-0x0000000000ffffff]
[    0.086425]   DMA32    [mem 0x0000000001000000-0x000000007ffdffff]
[    0.087858]   Normal   empty
[    0.088551]   Device   empty
[    0.089240] Movable zone start for each node
[    0.090257] Early memory node ranges
[    0.091097]   node   0: [mem 0x0000000000001000-0x000000000009efff]
[    0.092540]   node   0: [mem 0x0000000000100000-0x000000007ffdffff]
[    0.094081] Initmem setup node 0 [mem 0x0000000000001000-0x000000007ffdffff]
[    0.097044] On node 0, zone DMA: 1 pages in unavailable ranges
[    0.097512] On node 0, zone DMA: 97 pages in unavailable ranges
[    0.170345] On node 0, zone DMA32: 32 pages in unavailable ranges
[    0.172563] ACPI: PM-Timer IO Port: 0x608
[    0.175077] ACPI: LAPIC_NMI (acpi_id[0xff] dfl dfl lint[0x1])
[    0.176659] IOAPIC[0]: apic_id 0, version 17, address 0xfec00000, GSI 0-23
[    0.178435] ACPI: INT_SRC_OVR (bus 0 bus_irq 0 global_irq 2 dfl dfl)
[    0.179949] ACPI: INT_SRC_OVR (bus 0 bus_irq 5 global_irq 5 high level)
[    0.181547] ACPI: INT_SRC_OVR (bus 0 bus_irq 9 global_irq 9 high level)
[    0.183153] ACPI: INT_SRC_OVR (bus 0 bus_irq 10 global_irq 10 high level)
[    0.184801] ACPI: INT_SRC_OVR (bus 0 bus_irq 11 global_irq 11 high level)
[    0.186539] ACPI: Using ACPI (MADT) for SMP configuration information
[    0.188083] ACPI: HPET id: 0x8086a201 base: 0xfed00000
[    0.189377] TSC deadline timer available
[    0.190348] smpboot: Allowing 2 CPUs, 0 hotplug CPUs
[    0.191791] kvm-guest: KVM setup pv remote TLB flush
[    0.192961] kvm-guest: setup PV sched yield
[    0.194202] PM: hibernation: Registered nosave memory: [mem 0x00000000-0x00000fff]
[    0.196048] PM: hibernation: Registered nosave memory: [mem 0x0009f000-0x0009ffff]
[    0.197801] PM: hibernation: Registered nosave memory: [mem 0x000a0000-0x000effff]
[    0.199581] PM: hibernation: Registered nosave memory: [mem 0x000f0000-0x000fffff]
[    0.201403] [mem 0x80000000-0xfeffbfff] available for PCI devices
[    0.202885] Booting paravirtualized kernel on KVM
[    0.204094] clocksource: refined-jiffies: mask: 0xffffffff max_cycles: 0xffffffff, max_idle_ns: 7645519600211568 ns
[    0.206624] setup_percpu: NR_CPUS:8192 nr_cpumask_bits:2 nr_cpu_ids:2 nr_node_ids:1
[    0.213779] percpu: Embedded 64 pages/cpu s225280 r8192 d28672 u1048576
[    0.216054] kvm-guest: PV spinlocks enabled
[    0.217122] PV qspinlock hash table entries: 256 (order: 0, 4096 bytes, linear)
[    0.219036] Fallback order for Node 0: 0 
[    0.220069] Built 1 zonelists, mobility grouping on.  Total pages: 515808
[    0.221684] Policy zone: DMA32
[    0.222449] Kernel command line: net.ifnames=0 console=ttyS0 root=/dev/sda earlyprintk=serial net.ifnames=0
[    0.226252] random: crng init done
[    0.231938] Dentry cache hash table entries: 262144 (order: 9, 2097152 bytes, linear)
[    0.235745] Inode-cache hash table entries: 131072 (order: 8, 1048576 bytes, linear)
[    0.237954] mem auto-init: stack:off, heap alloc:off, heap free:off
[    0.251110] Memory: 1983336K/2096632K available (32784K kernel code, 4707K rwdata, 8368K rodata, 3680K init, 22100K bss, 113040K reserved, 0K cma-reserved)
[    0.256359] SLUB: HWalign=64, Order=0-3, MinObjects=0, CPUs=2, Nodes=1
[    0.257929] kmemleak: Kernel memory leak detector disabled
[    0.259422] ftrace: allocating 67728 entries in 265 pages
[    0.329823] ftrace: allocated 265 pages with 3 groups
[    0.338999] Dynamic Preempt: voluntary
[    0.340428] Running RCU self tests
[    0.341288] rcu: Preemptible hierarchical RCU implementation.
[    0.342669] rcu: 	RCU lockdep checking is enabled.
[    0.343810] rcu: 	RCU restricting CPUs from NR_CPUS=8192 to nr_cpu_ids=2.
[    0.345479] 	Trampoline variant of Tasks RCU enabled.
[    0.346745] 	Rude variant of Tasks RCU enabled.
[    0.347818] 	Tracing variant of Tasks RCU enabled.
[    0.348965] rcu: RCU calculated value of scheduler-enlistment delay is 25 jiffies.
[    0.350805] rcu: Adjusting geometry for rcu_fanout_leaf=16, nr_cpu_ids=2
[    0.413887] NR_IRQS: 524544, nr_irqs: 440, preallocated irqs: 16
[    0.416086] rcu: srcu_init: Setting srcu_struct sizes based on contention.
[    0.438917] Console: colour VGA+ 80x25
[    0.440150] printk: console [ttyS0] enabled
[    0.440150] printk: console [ttyS0] enabled
[    0.442129] printk: bootconsole [earlyser0] disabled
[    0.442129] printk: bootconsole [earlyser0] disabled
[    0.444552] Lock dependency validator: Copyright (c) 2006 Red Hat, Inc., Ingo Molnar
[    0.446489] ... MAX_LOCKDEP_SUBCLASSES:  8
[    0.447473] ... MAX_LOCK_DEPTH:          48
[    0.448468] ... MAX_LOCKDEP_KEYS:        8192
[    0.449508] ... CLASSHASH_SIZE:          4096
[    0.450574] ... MAX_LOCKDEP_ENTRIES:     32768
[    0.451639] ... MAX_LOCKDEP_CHAINS:      65536
[    0.452698] ... CHAINHASH_SIZE:          32768
[    0.453757]  memory used by lock dependency info: 6365 kB
[    0.455070]  memory used for stack traces: 4224 kB
[    0.456237]  per task-struct memory footprint: 1920 bytes
[    0.457729] ACPI: Core revision 20221020
[    0.459409] clocksource: hpet: mask: 0xffffffff max_cycles: 0xffffffff, max_idle_ns: 19112604467 ns
[    0.462059] APIC: Switch to symmetric I/O mode setup
[    0.463829] x2apic enabled
[    0.465059] Switched APIC routing to physical x2apic.
[    0.466517] kvm-guest: setup PV IPIs
[    0.469791] ..TIMER: vector=0x30 apic1=0 pin1=2 apic2=-1 pin2=-1
[    0.471434] clocksource: tsc-early: mask: 0xffffffffffffffff max_cycles: 0x363e8c91135, max_idle_ns: 881590568389 ns
[    0.474137] Calibrating delay loop (skipped) preset value.. 3763.20 BogoMIPS (lpj=7526400)
[    0.476103] pid_max: default: 32768 minimum: 301
[    0.477456] LSM: initializing lsm=capability,yama,integrity
[    0.478127] Yama: becoming mindful.
[    0.479596] Mount-cache hash table entries: 4096 (order: 3, 32768 bytes, linear)
[    0.482160] Mountpoint-cache hash table entries: 4096 (order: 3, 32768 bytes, linear)
[    0.487979] CPU0: Thermal monitoring enabled (TM1)
[    0.490266] x86/cpu: User Mode Instruction Prevention (UMIP) activated
[    0.494474] Last level iTLB entries: 4KB 0, 2MB 0, 4MB 0
[    0.495939] Last level dTLB entries: 4KB 0, 2MB 0, 4MB 0, 1GB 0
[    0.497491] Spectre V1 : Mitigation: usercopy/swapgs barriers and __user pointer sanitization
[    0.498126] Spectre V2 : WARNING: Unprivileged eBPF is enabled with eIBRS on, data leaks possible via Spectre v2 BHB attacks!
[    0.502111] Spectre V2 : Mitigation: Enhanced IBRS
[    0.503236] Spectre V2 : Spectre v2 / SpectreRSB mitigation: Filling RSB on context switch
[    0.505134] Spectre V2 : Spectre v2 / PBRSB-eIBRS: Retire a single CALL on VMEXIT
[    0.506151] Spectre V2 : mitigation: Enabling conditional Indirect Branch Prediction Barrier
[    0.508118] Speculative Store Bypass: Mitigation: Speculative Store Bypass disabled via prctl
[    0.510101] MMIO Stale Data: Unknown: No mitigations
[    0.764952] Freeing SMP alternatives memory: 56K
[    0.767472] smpboot: CPU0: Genuine Intel(R) 0000 (family: 0x6, model: 0xba, stepping: 0x2)
[    0.770078] cblist_init_generic: Setting adjustable number of callback queues.
[    0.770101] cblist_init_generic: Setting shift to 1 and lim to 1.
[    0.771759] cblist_init_generic: Setting shift to 1 and lim to 1.
[    0.773428] cblist_init_generic: Setting shift to 1 and lim to 1.
[    0.774332] Running RCU-tasks wait API self tests
[    0.878429] Performance Events: Alderlake Hybrid events, full-width counters, Intel PMU driver.
[    0.882056] core: cpu_core PMU driver: 
[    0.882952] ... version:                2
[    0.883814] ... bit width:              48
[    0.884702] ... generic registers:      6
[    0.885588] ... value mask:             0000ffffffffffff
[    0.886110] ... max period:             00007fffffffffff
[    0.887260] ... fixed-purpose events:   3
[    0.888162] ... event mask:             0001000f0000003f
[    0.890159] rcu: Hierarchical SRCU implementation.
[    0.891247] rcu: 	Max phase no-delay instances is 1000.
[    0.894292] Callback from call_rcu_tasks_trace() invoked.
[    0.897663] unchecked MSR access error: WRMSR to 0x38f (tried to write 0x0001000f0000003f) at rIP: 0xffffffff810ce45c (native_write_msr+0xc/0x30)
[    0.898078] Call Trace:
[    0.898078]  <TASK>
[    0.898078]  __intel_pmu_enable_all.constprop.46+0xb5/0x140
[    0.898078]  intel_pmu_enable_all+0x1e/0x30
[    0.898078]  x86_pmu_enable+0x46d/0x5a0
[    0.898078]  ? write_comp_data+0x2f/0x90
[    0.898078]  perf_pmu_enable+0x53/0x70
[    0.898078]  ctx_resched+0x14d/0x1e0
[    0.898078]  __perf_install_in_context+0x2f7/0x450
[    0.898078]  ? perf_assert_pmu_disabled.isra.84+0x50/0x50
[    0.898078]  ? perf_assert_pmu_disabled.isra.84+0x50/0x50
[    0.898078]  remote_function+0x80/0xa0
[    0.898078]  ? perf_assert_pmu_disabled.isra.84+0x50/0x50
[    0.898078]  generic_exec_single+0x124/0x190
[    0.898078]  smp_call_function_single+0x11c/0x240
[    0.898078]  ? perf_assert_pmu_disabled.isra.84+0x50/0x50
[    0.898078]  ? __sanitizer_cov_trace_pc+0x25/0x60
[    0.898078]  ? write_comp_data+0x2f/0x90
[    0.898078]  perf_install_in_context+0x2d8/0x300
[    0.898078]  ? ctx_resched+0x1e0/0x1e0
[    0.898078]  perf_event_create_kernel_counter+0x278/0x2a0
[    0.898078]  ? find_next_bit+0x30/0x30
[    0.898078]  hardlockup_detector_event_create+0x46/0xd0
[    0.898078]  hardlockup_detector_perf_init+0x18/0x66
[    0.898078]  watchdog_nmi_probe+0x17/0x1d
[    0.898078]  lockup_detector_init+0x40/0xaf
[    0.898078]  kernel_init_freeable+0x264/0x422
[    0.898078]  ? rest_init+0x240/0x240
[    0.898078]  kernel_init+0x24/0x1e0
[    0.898078]  ? rest_init+0x240/0x240
[    0.898078]  ret_from_fork+0x1f/0x30
[    0.898078]  </TASK>
[    0.898866] smp: Bringing up secondary CPUs ...
[    0.901620] x86: Booting SMP configuration:
[    0.902137] .... node  #0, CPUs:      #1
[    0.903300] smp: Brought up 1 node, 2 CPUs
[    0.906166] smpboot: Max logical packages: 1
[    0.907166] smpboot: Total of 2 processors activated (7526.40 BogoMIPS)
[    0.918753] devtmpfs: initialized
[    0.919893] x86/mm: Memory block size: 128MB
[    0.927215] clocksource: jiffies: mask: 0xffffffff max_cycles: 0xffffffff, max_idle_ns: 7645041785100000 ns
[    0.930142] futex hash table entries: 512 (order: 4, 65536 bytes, linear)
[    0.932542] pinctrl core: initialized pinctrl subsystem
[    0.935490] 
[    0.935933] *************************************************************
[    0.937510] **     NOTICE NOTICE NOTICE NOTICE NOTICE NOTICE NOTICE    **
[    0.938106] **                                                         **
[    0.939677] **  IOMMU DebugFS SUPPORT HAS BEEN ENABLED IN THIS KERNEL  **
[    0.941215] **                                                         **
[    0.942098] ** This means that this kernel is built to expose internal **
[    0.943684] ** IOMMU data structures, which may compromise security on **
[    0.945213] ** your system.                                            **
[    0.946105] **                                                         **
[    0.947701] ** If you see this message and you are not debugging the   **
[    0.949241] ** kernel, report this immediately to your vendor!         **
[    0.950098] **                                                         **
[    0.951639] **     NOTICE NOTICE NOTICE NOTICE NOTICE NOTICE NOTICE    **
[    0.953233] *************************************************************
[    0.954317] PM: RTC time: 23:22:21, date: 2023-03-13
[    0.964442] NET: Registered PF_NETLINK/PF_ROUTE protocol family
[    0.967618] DMA: preallocated 256 KiB GFP_KERNEL pool for atomic allocations
[    0.969486] DMA: preallocated 256 KiB GFP_KERNEL|GFP_DMA pool for atomic allocations
[    0.970173] DMA: preallocated 256 KiB GFP_KERNEL|GFP_DMA32 pool for atomic allocations
[    0.972226] audit: initializing netlink subsys (disabled)
[    0.974247] audit: type=2000 audit(1678749741.632:1): state=initialized audit_enabled=0 res=1
[    0.976686] thermal_sys: Registered thermal governor 'fair_share'
[    0.976717] thermal_sys: Registered thermal governor 'bang_bang'
[    0.978147] thermal_sys: Registered thermal governor 'step_wise'
[    0.979641] thermal_sys: Registered thermal governor 'user_space'
[    0.982526] Callback from call_rcu_tasks_rude() invoked.
[    0.982526] cpuidle: using governor ladder
[    0.986265] cpuidle: using governor menu
[    0.988095] acpiphp: ACPI Hot Plug PCI Controller Driver version: 0.5
[    0.991027] PCI: Using configuration type 1 for base access
[    0.994741] kprobes: kprobe jump-optimization is enabled. All kprobes are optimized if possible.
[    0.999230] HugeTLB: registered 1.00 GiB page size, pre-allocated 0 pages
[    1.000842] HugeTLB: 16380 KiB vmemmap can be freed for a 1.00 GiB page
[    1.002132] HugeTLB: registered 2.00 MiB page size, pre-allocated 0 pages
[    1.003726] HugeTLB: 28 KiB vmemmap can be freed for a 2.00 MiB page
[    1.477440] Callback from call_rcu_tasks() invoked.
[    1.488848] ACPI: Added _OSI(Module Device)
[    1.489952] ACPI: Added _OSI(Processor Device)
[    1.490116] ACPI: Added _OSI(3.0 _SCP Extensions)
[    1.491187] ACPI: Added _OSI(Processor Aggregator Device)
[    1.504650] ACPI: 1 ACPI AML tables successfully acquired and loaded
[    7.035910] ACPI: Interpreter enabled
[    7.037185] ACPI: PM: (supports S0 S3 S4 S5)
[    7.038127] ACPI: Using IOAPIC for interrupt routing
[    7.039481] PCI: Using host bridge windows from ACPI; if necessary, use "pci=nocrs" and report a bug
[    7.041573] PCI: Using E820 reservations for host bridge windows
[    7.043776] ACPI: Enabled 2 GPEs in block 00 to 0F
[    7.079008] ACPI: PCI Root Bridge [PCI0] (domain 0000 [bus 00-ff])
[    7.080550] acpi PNP0A03:00: _OSC: OS supports [ASPM ClockPM Segments MSI EDR HPX-Type3]
[    7.082122] acpi PNP0A03:00: _OSC: not requesting OS control; OS requires [ExtendedConfig ASPM ClockPM MSI]
[    7.084521] acpi PNP0A03:00: fail to add MMCONFIG information, can't access extended PCI configuration space under this bridge.
[    7.095764] acpiphp: Slot [3] registered
[    7.096928] acpiphp: Slot [4] registered
[    7.098028] acpiphp: Slot [5] registered
[    7.098298] acpiphp: Slot [6] registered
[    7.099349] acpiphp: Slot [7] registered
[    7.100378] acpiphp: Slot [8] registered
[    7.101549] acpiphp: Slot [9] registered
[    7.102324] acpiphp: Slot [10] registered
[    7.103501] acpiphp: Slot [11] registered
[    7.104599] acpiphp: Slot [12] registered
[    7.105700] acpiphp: Slot [13] registered
[    7.106288] acpiphp: Slot [14] registered
[    7.107404] acpiphp: Slot [15] registered
[    7.108595] acpiphp: Slot [16] registered
[    7.109683] acpiphp: Slot [17] registered
[    7.110283] acpiphp: Slot [18] registered
[    7.111388] acpiphp: Slot [19] registered
[    7.112536] acpiphp: Slot [20] registered
[    7.113624] acpiphp: Slot [21] registered
[    7.114341] acpiphp: Slot [22] registered
[    7.115446] acpiphp: Slot [23] registered
[    7.116561] acpiphp: Slot [24] registered
[    7.117634] acpiphp: Slot [25] registered
[    7.118288] acpiphp: Slot [26] registered
[    7.119387] acpiphp: Slot [27] registered
[    7.120515] acpiphp: Slot [28] registered
[    7.121606] acpiphp: Slot [29] registered
[    7.122331] acpiphp: Slot [30] registered
[    7.123449] acpiphp: Slot [31] registered
[    7.124463] PCI host bridge to bus 0000:00
[    7.125407] pci_bus 0000:00: root bus resource [io  0x0000-0x0cf7 window]
[    7.130119] pci_bus 0000:00: root bus resource [io  0x0d00-0xffff window]
[    7.131641] pci_bus 0000:00: root bus resource [mem 0x000a0000-0x000bffff window]
[    7.133329] pci_bus 0000:00: root bus resource [mem 0x80000000-0xfebfffff window]
[    7.134111] pci_bus 0000:00: root bus resource [mem 0x100000000-0x17fffffff window]
[    7.135844] pci_bus 0000:00: root bus resource [bus 00-ff]
[    7.137609] pci 0000:00:00.0: [8086:1237] type 00 class 0x060000
[    7.145962] pci 0000:00:01.0: [8086:7000] type 00 class 0x060100
[    7.148099] pci 0000:00:01.1: [8086:7010] type 00 class 0x010180
[    7.153525] pci 0000:00:01.1: reg 0x20: [io  0xc040-0xc04f]
[    7.159597] pci 0000:00:01.1: legacy IDE quirk: reg 0x10: [io  0x01f0-0x01f7]
[    7.161240] pci 0000:00:01.1: legacy IDE quirk: reg 0x14: [io  0x03f6]
[    7.162106] pci 0000:00:01.1: legacy IDE quirk: reg 0x18: [io  0x0170-0x0177]
[    7.164419] pci 0000:00:01.1: legacy IDE quirk: reg 0x1c: [io  0x0376]
[    7.166856] pci 0000:00:01.3: [8086:7113] type 00 class 0x068000
[    7.169170] pci 0000:00:01.3: quirk: [io  0x0600-0x063f] claimed by PIIX4 ACPI
[    7.170129] pci 0000:00:01.3: quirk: [io  0x0700-0x070f] claimed by PIIX4 SMB
[    7.172558] pci 0000:00:02.0: [1234:1111] type 00 class 0x030000
[    7.179031] pci 0000:00:02.0: reg 0x10: [mem 0xfd000000-0xfdffffff pref]
[    7.185422] pci 0000:00:02.0: reg 0x18: [mem 0xfebf0000-0xfebf0fff]
[    7.194298] pci 0000:00:02.0: reg 0x30: [mem 0xfebe0000-0xfebeffff pref]
[    7.197218] pci 0000:00:02.0: Video device with shadowed ROM at [mem 0x000c0000-0x000dffff]
[    7.207134] pci 0000:00:03.0: [8086:100e] type 00 class 0x020000
[    7.210113] pci 0000:00:03.0: reg 0x10: [mem 0xfebc0000-0xfebdffff]
[    7.213088] pci 0000:00:03.0: reg 0x14: [io  0xc000-0xc03f]
[    7.221208] pci 0000:00:03.0: reg 0x30: [mem 0xfeb80000-0xfebbffff pref]
[    7.255156] ACPI: PCI: Interrupt link LNKA configured for IRQ 10
[    7.257689] ACPI: PCI: Interrupt link LNKB configured for IRQ 10
[    7.259009] ACPI: PCI: Interrupt link LNKC configured for IRQ 11
[    7.261321] ACPI: PCI: Interrupt link LNKD configured for IRQ 11
[    7.262579] ACPI: PCI: Interrupt link LNKS configured for IRQ 9
[    7.271514] iommu: Default domain type: Translated 
[    7.271514] iommu: DMA domain TLB invalidation policy: lazy mode 
[    7.278078] SCSI subsystem initialized
[    7.279141] ACPI: bus type USB registered
[    7.279141] usbcore: registered new interface driver usbfs
[    7.279611] usbcore: registered new interface driver hub
[    7.280920] usbcore: registered new device driver usb
[    7.282417] pps_core: LinuxPPS API ver. 1 registered
[    7.283522] pps_core: Software ver. 5.3.6 - Copyright 2005-2007 Rodolfo Giometti <giometti@linux.it>
[    7.285510] PTP clock support registered
[    7.290399] EDAC MC: Ver: 3.0.0
[    7.297835] NetLabel: Initializing
[    7.298118] NetLabel:  domain hash size = 128
[    7.299142] NetLabel:  protocols = UNLABELED CIPSOv4 CALIPSO
[    7.300735] NetLabel:  unlabeled traffic allowed by default
[    7.302697] PCI: Using ACPI for IRQ routing
[    7.304243] pci 0000:00:02.0: vgaarb: setting as boot VGA device
[    7.304243] pci 0000:00:02.0: vgaarb: bridge control possible
[    7.305133] pci 0000:00:02.0: vgaarb: VGA device added: decodes=io+mem,owns=io+mem,locks=none
[    7.306125] vgaarb: loaded
[    7.307495] hpet0: at MMIO 0xfed00000, IRQs 2, 8, 0
[    7.308683] hpet0: 3 comparators, 64-bit 100.000000 MHz counter
[    7.314986] clocksource: Switched to clocksource kvm-clock
[    7.320243] VFS: Disk quotas dquot_6.6.0
[    7.321373] VFS: Dquot-cache hash table entries: 512 (order 0, 4096 bytes)
[    7.323989] pnp: PnP ACPI init
[    7.329260] pnp: PnP ACPI: found 6 devices
[    7.350948] clocksource: acpi_pm: mask: 0xffffff max_cycles: 0xffffff, max_idle_ns: 2085701024 ns
[    7.353964] NET: Registered PF_INET protocol family
[    7.356122] IP idents hash table entries: 32768 (order: 6, 262144 bytes, linear)
[    7.361385] tcp_listen_portaddr_hash hash table entries: 1024 (order: 4, 73728 bytes, linear)
[    7.363744] Table-perturb hash table entries: 65536 (order: 6, 262144 bytes, linear)
[    7.365615] TCP established hash table entries: 16384 (order: 5, 131072 bytes, linear)
[    7.368597] TCP bind hash table entries: 16384 (order: 9, 2359296 bytes, linear)
[    7.377213] TCP: Hash tables configured (established 16384 bind 16384)
[    7.379479] UDP hash table entries: 1024 (order: 5, 163840 bytes, linear)
[    7.381447] UDP-Lite hash table entries: 1024 (order: 5, 163840 bytes, linear)
[    7.383870] NET: Registered PF_UNIX/PF_LOCAL protocol family
[    7.386802] RPC: Registered named UNIX socket transport module.
[    7.388406] RPC: Registered udp transport module.
[    7.389520] RPC: Registered tcp transport module.
[    7.390804] RPC: Registered tcp NFSv4.1 backchannel transport module.
[    7.392620] pci_bus 0000:00: resource 4 [io  0x0000-0x0cf7 window]
[    7.394062] pci_bus 0000:00: resource 5 [io  0x0d00-0xffff window]
[    7.395555] pci_bus 0000:00: resource 6 [mem 0x000a0000-0x000bffff window]
[    7.397173] pci_bus 0000:00: resource 7 [mem 0x80000000-0xfebfffff window]
[    7.398773] pci_bus 0000:00: resource 8 [mem 0x100000000-0x17fffffff window]
[    7.401133] pci 0000:00:01.0: PIIX3: Enabling Passive Release
[    7.402564] pci 0000:00:00.0: Limiting direct PCI/PCI transfers
[    7.404168] PCI: CLS 0 bytes, default 64
[    7.406376] ACPI: bus type thunderbolt registered
[    7.408464] clocksource: tsc: mask: 0xffffffffffffffff max_cycles: 0x363e8c91135, max_idle_ns: 881590568389 ns
[    7.727008] Initialise system trusted keyrings
[    7.728485] Key type blacklist registered
[    7.730368] workingset: timestamp_bits=36 max_order=19 bucket_order=0
[    7.732019] zbud: loaded
[    7.735018] squashfs: version 4.0 (2009/01/31) Phillip Lougher
[    7.739883] NFS: Registering the id_resolver key type
[    7.741195] Key type id_resolver registered
[    7.742230] Key type id_legacy registered
[    7.743262] nfs4filelayout_init: NFSv4 File Layout Driver Registering...
[    7.744895] nfs4flexfilelayout_init: NFSv4 Flexfile Layout Driver Registering...
[    7.747343] fuse: init (API version 7.38)
[    7.749030] SGI XFS with ACLs, security attributes, realtime, quota, no debug enabled
[    7.753219] 9p: Installing v9fs 9p2000 file system support
[    7.770082] Key type asymmetric registered
[    7.771220] Asymmetric key parser 'x509' registered
[    7.778172] alg: self-tests for CTR-KDF (hmac(sha256)) passed
[    7.779889] Block layer SCSI generic (bsg) driver version 0.4 loaded (major 243)
[    7.782431] io scheduler mq-deadline registered
[    7.783829] io scheduler bfq registered
[    7.788436] shpchp: Standard Hot Plug PCI Controller Driver version: 0.4
[    7.791651] IPMI message handler: version 39.2
[    7.792949] ipmi device interface
[    7.798358] input: Power Button as /devices/LNXSYSTM:00/LNXPWRBN:00/input/input0
[    7.801192] ACPI: button: Power Button [PWRF]
[    7.805549] ERST DBG: ERST support is disabled.
[    7.808493] Serial: 8250/16550 driver, 32 ports, IRQ sharing enabled
[    7.811509] 00:04: ttyS0 at I/O 0x3f8 (irq = 4, base_baud = 115200) is a 16550A
[    7.840528] Linux agpgart interface v0.103
[    7.843351] ACPI: bus type drm_connector registered
[    7.878397] brd: module loaded
[    7.898169] loop: module loaded
[    7.913246] scsi host0: ata_piix
[    7.916137] scsi host1: ata_piix
[    7.917392] ata1: PATA max MWDMA2 cmd 0x1f0 ctl 0x3f6 bmdma 0xc040 irq 14
[    7.918970] ata2: PATA max MWDMA2 cmd 0x170 ctl 0x376 bmdma 0xc048 irq 15
[    7.924832] tun: Universal TUN/TAP device driver, 1.6
[    7.926829] e100: Intel(R) PRO/100 Network Driver
[    7.927916] e100: Copyright(c) 1999-2006 Intel Corporation
[    7.929296] e1000: Intel(R) PRO/1000 Network Driver
[    7.930488] e1000: Copyright (c) 1999-2006 Intel Corporation.
[    8.078693] ata2: found unknown device (class 0)
[    8.080927] ata1: found unknown device (class 0)
[    8.083104] ata2.00: ATAPI: QEMU DVD-ROM, 2.5+, max UDMA/100
[    8.085358] ata1.00: ATA-7: QEMU HARDDISK, 2.5+, max UDMA/100
[    8.086780] ata1.00: 16777216 sectors, multi 16: LBA48 
[    8.091644] scsi 0:0:0:0: Direct-Access     ATA      QEMU HARDDISK    2.5+ PQ: 0 ANSI: 5
[    8.096385] scsi 0:0:0:0: Attached scsi generic sg0 type 0
[    8.099395] scsi 1:0:0:0: CD-ROM            QEMU     QEMU DVD-ROM     2.5+ PQ: 0 ANSI: 5
[    8.104404] sd 0:0:0:0: [sda] 16777216 512-byte logical blocks: (8.59 GB/8.00 GiB)
[    8.106427] sd 0:0:0:0: [sda] Write Protect is off
[    8.107668] sd 0:0:0:0: [sda] Write cache: enabled, read cache: enabled, doesn't support DPO or FUA
[    8.109850] sd 0:0:0:0: [sda] Preferred minimum I/O size 512 bytes
[    8.133093] scsi 1:0:0:0: Attached scsi generic sg1 type 5
[    8.140674] sd 0:0:0:0: [sda] Attached SCSI disk
[    8.304127] ACPI: \_SB_.LNKC: Enabled at IRQ 11
[    8.691213] e1000 0000:00:03.0 eth0: (PCI:33MHz:32-bit) 52:54:00:12:34:56
[    8.692903] e1000 0000:00:03.0 eth0: Intel(R) PRO/1000 Network Connection
[    8.694787] e1000e: Intel(R) PRO/1000 Network Driver
[    8.695902] e1000e: Copyright(c) 1999 - 2015 Intel Corporation.
[    8.697335] igb: Intel(R) Gigabit Ethernet Network Driver
[    8.698560] igb: Copyright (c) 2007-2014 Intel Corporation.
[    8.700069] PPP generic driver version 2.4.2
[    8.702765] VFIO - User Level meta-driver version: 0.3
[    8.705213] usbcore: registered new interface driver uas
[    8.706624] usbcore: registered new interface driver usb-storage
[    8.708371] i8042: PNP: PS/2 Controller [PNP0303:KBD,PNP0f13:MOU] at 0x60,0x64 irq 1,12
[    8.712145] serio: i8042 KBD port at 0x60,0x64 irq 1
[    8.713419] serio: i8042 AUX port at 0x60,0x64 irq 12
[    8.716490] mousedev: PS/2 mouse device common for all mice
[    8.720591] input: AT Translated Set 2 keyboard as /devices/platform/i8042/serio0/input/input1
[    8.722765] rtc_cmos 00:05: RTC can wake from S4
[    8.725353] input: VirtualPS/2 VMware VMMouse as /devices/platform/i8042/serio1/input/input4
[    8.726975] rtc_cmos 00:05: registered as rtc0
[    8.728528] rtc_cmos 00:05: setting system clock to 2023-03-13T23:22:28 UTC (1678749748)
[    8.729028] input: VirtualPS/2 VMware VMMouse as /devices/platform/i8042/serio1/input/input3
[    8.732567] rtc_cmos 00:05: alarms up to one day, y3k, 242 bytes nvram, hpet irqs
[    8.734603] i2c_dev: i2c /dev entries driver
[    8.736057] device-mapper: core: CONFIG_IMA_DISABLE_HTABLE is disabled. Duplicate IMA measurements will not be recorded in the IMA log.
[    8.738921] device-mapper: uevent: version 1.0.3
[    8.740822] device-mapper: ioctl: 4.47.0-ioctl (2022-07-28) initialised: dm-devel@redhat.com
[    8.742787] intel_pstate: CPU model not supported
[    8.744041] sdhci: Secure Digital Host Controller Interface driver
[    8.745378] sdhci: Copyright(c) Pierre Ossman
[    8.746629] sdhci-pltfm: SDHCI platform and OF driver helper
[    8.748132] ledtrig-cpu: registered to indicate activity on CPUs
[    8.750608] drop_monitor: Initializing network drop monitor service
[    8.752485] NET: Registered PF_INET6 protocol family
[    8.760117] Segment Routing with IPv6
[    8.761132] In-situ OAM (IOAM) with IPv6
[    8.762369] NET: Registered PF_PACKET protocol family
[    8.764159] 9pnet: Installing 9P2000 support
[    8.765410] Key type dns_resolver registered
[    8.768752] IPI shorthand broadcast: enabled
[    8.801378] sched_clock: Marking stable (8753751342, 44359189)->(8964127903, -166017372)
[    8.806509] registered taskstats version 1
[    8.808405] Loading compiled-in X.509 certificates
[    8.811702] zswap: loaded using pool lzo/zbud
[    8.849467] Key type .fscrypt registered
[    8.850532] Key type fscrypt-provisioning registered
[    8.856683] Key type encrypted registered
[    8.857827] ima: No TPM chip found, activating TPM-bypass!
[    8.859231] ima: Allocated hash algorithm: sha1
[    8.860548] ima: No architecture policies found
[    8.861894] evm: Initialising EVM extended attributes:
[    8.863145] evm: security.selinux
[    8.863910] evm: security.SMACK64
[    8.864707] evm: security.SMACK64EXEC
[    8.865557] evm: security.SMACK64TRANSMUTE
[    8.866566] evm: security.SMACK64MMAP
[    8.867437] evm: security.apparmor
[    8.868226] evm: security.ima
[    8.868926] evm: security.capability
[    8.869732] evm: HMAC attrs: 0x1
[    8.885369] PM:   Magic number: 15:222:403
[    8.888327] RAS: Correctable Errors collector initialized.
[    8.893838] md: Waiting for all devices to be available before autodetect
[    8.894991] md: If you don't use raid, use raid=noautodetect
[    8.896365] md: Autodetecting RAID arrays.
[    8.897077] md: autorun ...
[    8.897511] md: ... autorun DONE.
[    8.925681] EXT4-fs (sda): mounted filesystem 23a53bb9-f815-47a5-b74c-5e08f7731193 with ordered data mode. Quota mode: none.
[    8.927632] VFS: Mounted root (ext4 filesystem) readonly on device 8:0.
[    8.934000] devtmpfs: mounted
[    8.946274] Freeing unused decrypted memory: 2036K
[    8.952931] Freeing unused kernel image (initmem) memory: 3680K
[    8.953972] Write protecting the kernel read-only data: 45056k
[    8.962337] Freeing unused kernel image (text/rodata gap) memory: 2028K
[    8.967312] Freeing unused kernel image (rodata/data gap) memory: 1872K
[    9.167393] x86/mm: Checked W+X mappings: passed, no W+X pages found.
[    9.168446] Run /sbin/init as init process
[    9.447895] systemd[1]: RTC configured in localtime, applying delta of 0 minutes to system time.
[    9.554530] systemd[1]: systemd 239 (239-49.el8) running in system mode. (+PAM +AUDIT +SELINUX +IMA -APPARMOR +SMACK +SYSVINIT +UTMP +LIBCRYPTSETUP +GCRYPT +GNUTLS +ACL +XZ +LZ4 +SECCOMP +BLKID +ELFUTILS +KMOD +IDN2 -IDN +PCRE2 default-hierarchy=legacy)
[    9.559011] systemd[1]: Detected virtualization kvm.
[    9.559900] systemd[1]: Detected architecture x86-64.

Welcome to [0;31mCentOS Stream 8[0m!

[    9.640226] systemd[1]: Set hostname to <test>.
[   10.462259] systemd[1]: Listening on Device-mapper event daemon FIFOs.
[[0;32m  OK  [0m] Listening on Device-mapper event daemon FIFOs.
[   10.466285] systemd[1]: Listening on Journal Socket (/dev/log).
[[0;32m  OK  [0m] Listening on Journal Socket (/dev/log).
[   10.468835] systemd[1]: Reached target Swap.
[[0;32m  OK  [0m] Reached target Swap.
[   10.471559] systemd[1]: Listening on Journal Socket.
[[0;32m  OK  [0m] Listening on Journal Socket.
[   10.514721] systemd[1]: Mounting Kernel Debug File System...
         Mounting Kernel Debug File System...
[   10.519552] systemd[1]: Listening on udev Control Socket.
[[0;32m  OK  [0m] Listening on udev Control Socket.
[[0;32m  OK  [0m] Set up automount Arbitrary Executabâ€¦rmats File System Automount Point.
[[0;32m  OK  [0m] Started Forward Password Requests to Wall Directory Watch.
[[0;32m  OK  [0m] Created slice system-getty.slice.
[[0;32m  OK  [0m] Created slice system-serial\x2dgetty.slice.
[[0;32m  OK  [0m] Created slice system-sshd\x2dkeygen.slice.
         Mounting POSIX Message Queue File System...
[[0;32m  OK  [0m] Listening on LVM2 poll daemon socket.
[[0;32m  OK  [0m] Listening on udev Kernel Socket.
         Starting udev Coldplug all Devices...
[[0;32m  OK  [0m] Listening on RPCbind Server Activation Socket.
[[0;32m  OK  [0m] Created slice User and Session Slice.
[[0;32m  OK  [0m] Reached target Slices.
[[0;32m  OK  [0m] Listening on Process Core Dump Socket.
[[0;32m  OK  [0m] Listening on initctl Compatibility Named Pipe.
         Starting Setup Virtual Console...
         Starting Remount Root and Kernel File Systems...
         Mounting Huge Pages File System...
         Starting Monitoring of LVM2 mirrorsâ€¦ng dmeventd or progress polling...
         Starting Load Kernel Modules...
         Starting Journal Service...
[[0;32m  OK  [0m] Reached target RPC Port Mapper.
[[0;32m  OK  [0m] Listening on multipathd control socket.
[[0;32m  OK  [0m] Mounted Kernel Debug File System.
[[0;32m  OK  [0m] Mounted POSIX Message Queue File System.
[[0;32m  OK  [0m] Mounted Huge Pages File System.
[[0;1;31mFAILED[0m] Failed to start Load Kernel Modules.
See 'systemctl status systemd-modules-load.service' for details.
[   11.518459] EXT4-fs (sda): re-mounted 23a53bb9-f815-47a5-b74c-5e08f7731193. Quota mode: none.
         Starting Apply Kernel Variables...
         Mounting Kernel Configuration File System...
         Mounting FUSE Control File System...
[[0;32m  OK  [0m] Started Remount Root and Kernel File Systems.
[[0;32m  OK  [0m] Started Journal Service.
[[0;32m  OK  [0m] Started Apply Kernel Variables.
[[0;32m  OK  [0m] Started Setup Virtual Console.
[[0;32m  OK  [0m] Mounted Kernel Configuration File System.
[[0;32m  OK  [0m] Mounted FUSE Control File System.
         Starting Load/Save Random Seed...
         Starting Flush Journal to Persistent Storage...
         Starting Create Static Device Nodes in /dev...
[[0;32m  OK  [0m] Started Load/Save Random Seed.
[[0;32m  OK  [0m] Started Flush Journal to Persistent Storage.
[[0;32m  OK  [0m] Started Create Static Device Nodes in /dev.
         Starting udev Kernel Device Manager...
[[0;32m  OK  [0m] Started udev Coldplug all Devices.
         Starting udev Wait for Complete Device Initialization...
[[0;32m  OK  [0m] Started udev Kernel Device Manager.
         Starting Show Plymouth Boot Screen...
[[0;32m  OK  [0m] Started Show Plymouth Boot Screen.
[[0;32m  OK  [0m] Started Forward Password Requests to Plymouth Directory Watch.
[[0;32m  OK  [0m] Reached target Paths.
[[0;32m  OK  [0m] Reached target Local Encrypted Volumes.
[[0;32m  OK  [0m] Found device /dev/ttyS0.
[[0;32m  OK  [0m] Started Monitoring of LVM2 mirrors,â€¦sing dmeventd or progress polling.
[[0;32m  OK  [0m] Listening on Load/Save RF Kill Switch Status /dev/rfkill Watch.
[[0;32m  OK  [0m] Started udev Wait for Complete Device Initialization.
[[0;32m  OK  [0m] Reached target Local File Systems (Pre).
[[0;32m  OK  [0m] Reached target Local File Systems.
         Starting Create Volatile Files and Directories...
         Starting Tell Plymouth To Write Out Runtime Data...
         Starting Restore /run/initramfs on shutdown...
[[0;32m  OK  [0m] Started Create Volatile Files and Directories.
[[0;32m  OK  [0m] Started Tell Plymouth To Write Out Runtime Data.
[[0;32m  OK  [0m] Started Restore /run/initramfs on shutdown.
         Starting Security Auditing Service...
         Mounting RPC Pipe File System...
         Starting RPC Bind...
[[0;32m  OK  [0m] Mounted RPC Pipe File System.
[[0;32m  OK  [0m] Reached target rpc_pipefs.target.
[[0;32m  OK  [0m] Started RPC Bind.
[[0;32m  OK  [0m] Started Security Auditing Service.
         Starting Update UTMP about System Boot/Shutdown...
[[0;32m  OK  [0m] Started Update UTMP about System Boot/Shutdown.
[[0;32m  OK  [0m] Reached target System Initialization.
[[0;32m  OK  [0m] Started Daily Cleanup of Temporary Directories.
[[0;32m  OK  [0m] Started daily update of the root trust anchor for DNSSEC.
[[0;32m  OK  [0m] Listening on SSSD Kerberos Cache Manager responder socket.
[[0;32m  OK  [0m] Listening on D-Bus System Message Bus Socket.
[[0;32m  OK  [0m] Reached target Sockets.
[[0;32m  OK  [0m] Started dnf makecache --timer.
[[0;32m  OK  [0m] Reached target Timers.
[[0;32m  OK  [0m] Reached target Basic System.
         Starting Auto-connect to subsystemsâ€¦-NVME devices found during boot...
         Starting Authorization Manager...
         Starting NTP client/server...
[[0;32m  OK  [0m] Reached target sshd-keygen.target.
[[0;32m  OK  [0m] Started D-Bus System Message Bus.
         Starting Network Manager...
[[0;32m  OK  [0m] Started Machine Check Exception Logging Daemon.
         Starting Self Monitoring and Reporting Technology (SMART) Daemon...
         Starting Login Service...
[[0;32m  OK  [0m] Started irqbalance daemon.
[[0;32m  OK  [0m] Started Auto-connect to subsystems â€¦FC-NVME devices found during boot.
         Starting update of the root trust aâ€¦or DNSSEC validation in unbound...
[[0;32m  OK  [0m] Started Login Service.
[[0;32m  OK  [0m] Started Network Manager.
[[0;32m  OK  [0m] Reached target Network.
         Starting Dynamic System Tuning Daemon...
         Starting GSSAPI Proxy Daemon...
         Starting OpenSSH server daemon...
         Starting Network Manager Wait Online...
[[0;32m  OK  [0m] Started Self Monitoring and Reporting Technology (SMART) Daemon.
[[0;32m  OK  [0m] Started NTP client/server.
[[0;32m  OK  [0m] Started update of the root trust anâ€¦ for DNSSEC validation in unbound.
[[0;32m  OK  [0m] Started OpenSSH server daemon.
         Starting Hostname Service...
[[0;32m  OK  [0m] Started Authorization Manager.
[[0;32m  OK  [0m] Started GSSAPI Proxy Daemon.
[[0;32m  OK  [0m] Reached target NFS client services.
[[0;32m  OK  [0m] Reached target Remote File Systems (Pre).
[[0;32m  OK  [0m] Reached target Remote File Systems.
         Starting Permit User Sessions...
[[0;32m  OK  [0m] Started Permit User Sessions.
         Starting Hold until boot process finishes up...
         Starting Terminate Plymouth Boot Screen...
[[0;32m  OK  [0m] Started Command Scheduler.
[[0;32m  OK  [0m] Started Hold until boot process finishes up.
[[0;32m  OK  [0m] Started Terminate Plymouth Boot Screen.
[   17.622996] e1000: eth0 NIC Link is Up 1000 Mbps Full Duplex, Flow Control: RX
[   17.625211] IPv6: ADDRCONF(NETDEV_CHANGE): eth0: link becomes ready
[   18.090706] Spectre V2 : WARNING: Unprivileged eBPF is enabled with eIBRS on, data leaks possible via Spectre v2 BHB attacks!
[   18.092784] Spectre V2 : WARNING: Unprivileged eBPF is enabled with eIBRS on, data leaks possible via Spectre v2 BHB attacks!

CentOS Stream 8
Kernel 6.1.0-aa5ad10f6cca+ on an x86_64

test login: 