c[?7l[2J[0mSeaBIOS (version rel-1.16.0-0-gd239552ce722-prebuilt.qemu.org)


iPXE (http://ipxe.org) 00:03.0 CA00 PCI2.10 PnP PMM+7FF91000+7FEF1000 CA00
Press Ctrl-B to configure iPXE (PCI 00:03.0)...                                                                               


Booting from ROM...
c[?7l[2J[    0.000000] Linux version 5.11.0-f40ddce88593 (root@p-rplp02) (gcc (GCC) 8.5.0 20210514 (Red Hat 8.5.0-18), GNU ld version 2.36.1-2.el8) #1 SMP Sun Feb 26 21:40:30 CST 2023
[    0.000000] Command line: console=ttyS0 root=/dev/sda earlyprintk=serial net.ifnames=0
[    0.000000] KERNEL supported cpus:
[    0.000000]   Intel GenuineIntel
[    0.000000]   AMD AuthenticAMD
[    0.000000]   Hygon HygonGenuine
[    0.000000]   Centaur CentaurHauls
[    0.000000]   zhaoxin   Shanghai  
[    0.000000] x86/fpu: Supporting XSAVE feature 0x001: 'x87 floating point registers'
[    0.000000] x86/fpu: Supporting XSAVE feature 0x002: 'SSE registers'
[    0.000000] x86/fpu: Supporting XSAVE feature 0x004: 'AVX registers'
[    0.000000] x86/fpu: Supporting XSAVE feature 0x200: 'Protection Keys User registers'
[    0.000000] x86/fpu: xstate_offset[2]:  576, xstate_sizes[2]:  256
[    0.000000] x86/fpu: xstate_offset[9]:  832, xstate_sizes[9]:    8
[    0.000000] x86/fpu: Enabled xstate features 0x207, context size is 840 bytes, using 'compacted' format.
[    0.000000] BIOS-provided physical RAM map:
[    0.000000] BIOS-e820: [mem 0x0000000000000000-0x000000000009fbff] usable
[    0.000000] BIOS-e820: [mem 0x000000000009fc00-0x000000000009ffff] reserved
[    0.000000] BIOS-e820: [mem 0x00000000000f0000-0x00000000000fffff] reserved
[    0.000000] BIOS-e820: [mem 0x0000000000100000-0x000000007ffdffff] usable
[    0.000000] BIOS-e820: [mem 0x000000007ffe0000-0x000000007fffffff] reserved
[    0.000000] BIOS-e820: [mem 0x00000000feffc000-0x00000000feffffff] reserved
[    0.000000] BIOS-e820: [mem 0x00000000fffc0000-0x00000000ffffffff] reserved
[    0.000000] printk: bootconsole [earlyser0] enabled
[    0.000000] NX (Execute Disable) protection: active
[    0.000000] SMBIOS 2.8 present.
[    0.000000] DMI: QEMU Standard PC (i440FX + PIIX, 1996), BIOS rel-1.16.0-0-gd239552ce722-prebuilt.qemu.org 04/01/2014
[    0.000000] Hypervisor detected: KVM
[    0.000000] kvm-clock: Using msrs 4b564d01 and 4b564d00
[    0.000000] kvm-clock: cpu 0, msr 5401001, primary cpu clock
[    0.000001] kvm-clock: using sched offset of 741401177 cycles
[    0.001349] clocksource: kvm-clock: mask: 0xffffffffffffffff max_cycles: 0x1cd42e4dffb, max_idle_ns: 881590591483 ns
[    0.005651] tsc: Detected 1881.600 MHz processor
[    0.018371] last_pfn = 0x7ffe0 max_arch_pfn = 0x400000000
[    0.020004] x86/PAT: Configuration [0-7]: WB  WC  UC- UC  WB  WP  UC- WT  
[    0.032791] found SMP MP-table at [mem 0x000f5ba0-0x000f5baf]
[    0.036003] check: Scanning 1 areas for low memory corruption
[    0.037520] Using GB pages for direct mapping
[    0.040936] ACPI: Early table checksum verification disabled
[    0.042491] ACPI: RSDP 0x00000000000F59C0 000014 (v00 BOCHS )
[    0.043854] ACPI: RSDT 0x000000007FFE1951 000034 (v01 BOCHS  BXPC     00000001 BXPC 00000001)
[    0.045819] ACPI: FACP 0x000000007FFE17FD 000074 (v01 BOCHS  BXPC     00000001 BXPC 00000001)
[    0.047819] ACPI: DSDT 0x000000007FFE0040 0017BD (v01 BOCHS  BXPC     00000001 BXPC 00000001)
[    0.049761] ACPI: FACS 0x000000007FFE0000 000040
[    0.050895] ACPI: APIC 0x000000007FFE1871 000080 (v01 BOCHS  BXPC     00000001 BXPC 00000001)
[    0.052814] ACPI: HPET 0x000000007FFE18F1 000038 (v01 BOCHS  BXPC     00000001 BXPC 00000001)
[    0.054774] ACPI: WAET 0x000000007FFE1929 000028 (v01 BOCHS  BXPC     00000001 BXPC 00000001)
[    0.058713] No NUMA configuration found
[    0.059598] Faking a node at [mem 0x0000000000000000-0x000000007ffdffff]
[    0.061259] NODE_DATA(0) allocated [mem 0x7ffb5000-0x7ffdffff]
[    0.068265] Zone ranges:
[    0.068911]   DMA      [mem 0x0000000000001000-0x0000000000ffffff]
[    0.070317]   DMA32    [mem 0x0000000001000000-0x000000007ffdffff]
[    0.071663]   Normal   empty
[    0.072314]   Device   empty
[    0.072959] Movable zone start for each node
[    0.073886] Early memory node ranges
[    0.074709]   node   0: [mem 0x0000000000001000-0x000000000009efff]
[    0.076144]   node   0: [mem 0x0000000000100000-0x000000007ffdffff]
[    0.079319] Zeroed struct page in unavailable ranges: 130 pages
[    0.079345] Initmem setup node 0 [mem 0x0000000000001000-0x000000007ffdffff]
[    0.154077] ACPI: PM-Timer IO Port: 0x608
[    0.155113] ACPI: LAPIC_NMI (acpi_id[0xff] dfl dfl lint[0x1])
[    0.156542] IOAPIC[0]: apic_id 0, version 17, address 0xfec00000, GSI 0-23
[    0.158496] ACPI: INT_SRC_OVR (bus 0 bus_irq 0 global_irq 2 dfl dfl)
[    0.160376] ACPI: INT_SRC_OVR (bus 0 bus_irq 5 global_irq 5 high level)
[    0.162498] ACPI: INT_SRC_OVR (bus 0 bus_irq 9 global_irq 9 high level)
[    0.164523] ACPI: INT_SRC_OVR (bus 0 bus_irq 10 global_irq 10 high level)
[    0.166565] ACPI: INT_SRC_OVR (bus 0 bus_irq 11 global_irq 11 high level)
[    0.168676] Using ACPI (MADT) for SMP configuration information
[    0.170476] ACPI: HPET id: 0x8086a201 base: 0xfed00000
[    0.171950] TSC deadline timer available
[    0.173086] smpboot: Allowing 2 CPUs, 0 hotplug CPUs
[    0.174518] kvm-guest: KVM setup pv remote TLB flush
[    0.176046] kvm-guest: setup PV sched yield
[    0.177574] PM: hibernation: Registered nosave memory: [mem 0x00000000-0x00000fff]
[    0.179971] PM: hibernation: Registered nosave memory: [mem 0x0009f000-0x0009ffff]
[    0.182058] PM: hibernation: Registered nosave memory: [mem 0x000a0000-0x000effff]
[    0.184379] PM: hibernation: Registered nosave memory: [mem 0x000f0000-0x000fffff]
[    0.186770] [mem 0x80000000-0xfeffbfff] available for PCI devices
[    0.188567] Booting paravirtualized kernel on KVM
[    0.190107] clocksource: refined-jiffies: mask: 0xffffffff max_cycles: 0xffffffff, max_idle_ns: 7645519600211568 ns
[    0.193415] setup_percpu: NR_CPUS:8192 nr_cpumask_bits:2 nr_cpu_ids:2 nr_node_ids:1
[    0.203303] percpu: Embedded 58 pages/cpu s200704 r8192 d28672 u1048576
[    0.205739] kvm-guest: KVM setup async PF for cpu 0
[    0.206892] kvm-guest: stealtime: cpu 0, msr 7dc30080
[    0.208080] kvm-guest: PV spinlocks enabled
[    0.209072] PV qspinlock hash table entries: 256 (order: 0, 4096 bytes, linear)
[    0.210935] Built 1 zonelists, mobility grouping on.  Total pages: 515945
[    0.212480] Policy zone: DMA32
[    0.213189] Kernel command line: net.ifnames=0 console=ttyS0 root=/dev/sda earlyprintk=serial net.ifnames=0
[    0.221029] Dentry cache hash table entries: 262144 (order: 9, 2097152 bytes, linear)
[    0.223278] Inode-cache hash table entries: 131072 (order: 8, 1048576 bytes, linear)
[    0.225220] mem auto-init: stack:off, heap alloc:off, heap free:off
[    0.239005] Memory: 1988036K/2096632K available (30736K kernel code, 5159K rwdata, 7444K rodata, 2980K init, 22372K bss, 108340K reserved, 0K cma-reserved)
[    0.242296] random: get_random_u64 called from __kmem_cache_create+0x33/0x460 with crng_init=0
[    0.243507] SLUB: HWalign=64, Order=0-3, MinObjects=0, CPUs=2, Nodes=1
[    0.246979] kmemleak: Kernel memory leak detector disabled
[    0.248434] ftrace: allocating 62788 entries in 246 pages
[    0.413021] ftrace: allocated 246 pages with 6 groups
[    0.415165] Running RCU self tests
[    0.416012] rcu: Hierarchical RCU implementation.
[    0.417061] rcu: 	RCU lockdep checking is enabled.
[    0.418191] rcu: 	RCU restricting CPUs from NR_CPUS=8192 to nr_cpu_ids=2.
[    0.419698] 	Trampoline variant of Tasks RCU enabled.
[    0.420829] 	Rude variant of Tasks RCU enabled.
[    0.421888] 	Tracing variant of Tasks RCU enabled.
[    0.423024] rcu: RCU calculated value of scheduler-enlistment delay is 25 jiffies.
[    0.424807] rcu: Adjusting geometry for rcu_fanout_leaf=16, nr_cpu_ids=2
[    0.456293] NR_IRQS: 524544, nr_irqs: 440, preallocated irqs: 16
[    0.478146] Console: colour VGA+ 80x25
[    0.479179] printk: console [ttyS0] enabled
[    0.479179] printk: console [ttyS0] enabled
[    0.480964] printk: bootconsole [earlyser0] disabled
[    0.480964] printk: bootconsole [earlyser0] disabled
[    0.483130] Lock dependency validator: Copyright (c) 2006 Red Hat, Inc., Ingo Molnar
[    0.484800] ... MAX_LOCKDEP_SUBCLASSES:  8
[    0.485700] ... MAX_LOCK_DEPTH:          48
[    0.486633] ... MAX_LOCKDEP_KEYS:        8192
[    0.487594] ... CLASSHASH_SIZE:          4096
[    0.488560] ... MAX_LOCKDEP_ENTRIES:     32768
[    0.489537] ... MAX_LOCKDEP_CHAINS:      65536
[    0.490545] ... CHAINHASH_SIZE:          32768
[    0.491544]  memory used by lock dependency info: 6365 kB
[    0.492764]  memory used for stack traces: 4224 kB
[    0.493837]  per task-struct memory footprint: 1920 bytes
[    0.495199] ACPI: Core revision 20201113
[    0.496623] clocksource: hpet: mask: 0xffffffff max_cycles: 0xffffffff, max_idle_ns: 19112604467 ns
[    0.499065] APIC: Switch to symmetric I/O mode setup
[    0.500643] x2apic enabled
[    0.501734] Switched APIC routing to physical x2apic.
[    0.502872] kvm-guest: setup PV IPIs
[    0.505793] ..TIMER: vector=0x30 apic1=0 pin1=2 apic2=-1 pin2=-1
[    0.507287] clocksource: tsc-early: mask: 0xffffffffffffffff max_cycles: 0x363e8c91135, max_idle_ns: 881590568389 ns
[    0.509590] Calibrating delay loop (skipped) preset value.. 3763.20 BogoMIPS (lpj=7526400)
[    0.513594] pid_max: default: 32768 minimum: 301
[    0.514937] LSM: Security Framework initializing
[    0.516112] Yama: becoming mindful.
[    0.517990] Mount-cache hash table entries: 4096 (order: 3, 32768 bytes, linear)
[    0.519675] Mountpoint-cache hash table entries: 4096 (order: 3, 32768 bytes, linear)
[    0.525690] x86/cpu: User Mode Instruction Prevention (UMIP) activated
[    0.528136] mce: CPU0: Thermal monitoring enabled (TM1)
[    0.529751] Last level iTLB entries: 4KB 0, 2MB 0, 4MB 0
[    0.530976] Last level dTLB entries: 4KB 0, 2MB 0, 4MB 0, 1GB 0
[    0.532385] Spectre V1 : Mitigation: usercopy/swapgs barriers and __user pointer sanitization
[    0.533608] Spectre V2 : Mitigation: Enhanced IBRS
[    0.534691] Spectre V2 : Spectre v2 / SpectreRSB mitigation: Filling RSB on context switch
[    0.537592] Spectre V2 : mitigation: Enabling conditional Indirect Branch Prediction Barrier
[    0.539467] Speculative Store Bypass: Mitigation: Speculative Store Bypass disabled via prctl and seccomp
[    0.543278] Freeing SMP alternatives memory: 52K
[    0.548280] smpboot: CPU0: Genuine Intel(R) 0000 (family: 0x6, model: 0xba, stepping: 0x2)
[    0.549572] Performance Events: generic architected perfmon, full-width counters, Intel PMU driver.
[    0.549614] ... version:                2
[    0.550486] ... bit width:              48
[    0.551372] ... generic registers:      6
[    0.552229] ... value mask:             0000ffffffffffff
[    0.553370] ... max period:             00007fffffffffff
[    0.553591] ... fixed-purpose events:   3
[    0.554494] ... event mask:             000000070000003f
[    0.556652] rcu: Hierarchical SRCU implementation.
[    0.563372] smp: Bringing up secondary CPUs ...
[    0.565855] x86: Booting SMP configuration:
[    0.566835] .... node  #0, CPUs:      #1
[    0.047216] kvm-clock: cpu 1, msr 5401041, secondary cpu clock
[    0.568779] kvm-guest: KVM setup async PF for cpu 1
[    0.568779] kvm-guest: stealtime: cpu 1, msr 7dd30080
[    0.569817] smp: Brought up 1 node, 2 CPUs
[    0.573637] smpboot: Max logical packages: 1
[    0.574611] smpboot: Total of 2 processors activated (7526.40 BogoMIPS)
[    0.586026] devtmpfs: initialized
[    0.587174] x86/mm: Memory block size: 128MB
[    0.593746] clocksource: jiffies: mask: 0xffffffff max_cycles: 0xffffffff, max_idle_ns: 7645041785100000 ns
[    0.595877] futex hash table entries: 512 (order: 4, 65536 bytes, linear)
[    0.598325] pinctrl core: initialized pinctrl subsystem
[    0.600914] 
[    0.601332] *************************************************************
[    0.601596] **     NOTICE NOTICE NOTICE NOTICE NOTICE NOTICE NOTICE    **
[    0.603107] **                                                         **
[    0.604665] **  IOMMU DebugFS SUPPORT HAS BEEN ENABLED IN THIS KERNEL  **
[    0.605593] **                                                         **
[    0.607093] ** This means that this kernel is built to expose internal **
[    0.608602] ** IOMMU data structures, which may compromise security on **
[    0.609594] ** your system.                                            **
[    0.611088] **                                                         **
[    0.612596] ** If you see this message and you are not debugging the   **
[    0.613603] ** kernel, report this immediately to your vendor!         **
[    0.615159] **                                                         **
[    0.616754] **     NOTICE NOTICE NOTICE NOTICE NOTICE NOTICE NOTICE    **
[    0.617598] *************************************************************
[    0.619465] PM: RTC time: 15:47:47, date: 2023-03-13
[    0.623432] NET: Registered protocol family 16
[    0.625995] DMA: preallocated 256 KiB GFP_KERNEL pool for atomic allocations
[    0.627627] DMA: preallocated 256 KiB GFP_KERNEL|GFP_DMA pool for atomic allocations
[    0.629451] DMA: preallocated 256 KiB GFP_KERNEL|GFP_DMA32 pool for atomic allocations
[    0.629771] audit: initializing netlink subsys (disabled)
[    0.631143] audit: type=2000 audit(1678722467.593:1): state=initialized audit_enabled=0 res=1
[    0.631400] thermal_sys: Registered thermal governor 'fair_share'
[    0.631661] thermal_sys: Registered thermal governor 'bang_bang'
[    0.633601] thermal_sys: Registered thermal governor 'step_wise'
[    0.634902] thermal_sys: Registered thermal governor 'user_space'
[    0.637753] cpuidle: using governor ladder
[    0.639960] cpuidle: using governor menu
[    0.641845] ACPI: bus type PCI registered
[    0.642757] acpiphp: ACPI Hot Plug PCI Controller Driver version: 0.5
[    0.645230] PCI: Using configuration type 1 for base access
[    0.673933] HugeTLB registered 1.00 GiB page size, pre-allocated 0 pages
[    0.675166] HugeTLB registered 2.00 MiB page size, pre-allocated 0 pages
[    0.690585] ACPI: Added _OSI(Module Device)
[    0.691554] ACPI: Added _OSI(Processor Device)
[    0.693658] ACPI: Added _OSI(3.0 _SCP Extensions)
[    0.694645] ACPI: Added _OSI(Processor Aggregator Device)
[    0.695766] ACPI: Added _OSI(Linux-Dell-Video)
[    0.696687] ACPI: Added _OSI(Linux-Lenovo-NV-HDMI-Audio)
[    0.697762] ACPI: Added _OSI(Linux-HPI-Hybrid-Graphics)
[    0.709726] ACPI: 1 ACPI AML tables successfully acquired and loaded
[    0.718097] ACPI: Interpreter enabled
[    0.719174] ACPI: (supports S0 S3 S4 S5)
[    0.720033] ACPI: Using IOAPIC for interrupt routing
[    0.721305] PCI: Using host bridge windows from ACPI; if necessary, use "pci=nocrs" and report a bug
[    0.723101] ACPI: Enabled 2 GPEs in block 00 to 0F
[    0.759393] ACPI: PCI Root Bridge [PCI0] (domain 0000 [bus 00-ff])
[    0.760965] acpi PNP0A03:00: _OSC: OS supports [ASPM ClockPM Segments MSI EDR HPX-Type3]
[    0.761861] acpi PNP0A03:00: fail to add MMCONFIG information, can't access extended PCI configuration space under this bridge.
[    0.768965] acpiphp: Slot [3] registered
[    0.769776] acpiphp: Slot [4] registered
[    0.770847] acpiphp: Slot [5] registered
[    0.771958] acpiphp: Slot [6] registered
[    0.773050] acpiphp: Slot [7] registered
[    0.773755] acpiphp: Slot [8] registered
[    0.774758] acpiphp: Slot [9] registered
[    0.775789] acpiphp: Slot [10] registered
[    0.776891] acpiphp: Slot [11] registered
[    0.777763] acpiphp: Slot [12] registered
[    0.778810] acpiphp: Slot [13] registered
[    0.779884] acpiphp: Slot [14] registered
[    0.780978] acpiphp: Slot [15] registered
[    0.781759] acpiphp: Slot [16] registered
[    0.782806] acpiphp: Slot [17] registered
[    0.783825] acpiphp: Slot [18] registered
[    0.784907] acpiphp: Slot [19] registered
[    0.785757] acpiphp: Slot [20] registered
[    0.786786] acpiphp: Slot [21] registered
[    0.787804] acpiphp: Slot [22] registered
[    0.788883] acpiphp: Slot [23] registered
[    0.789770] acpiphp: Slot [24] registered
[    0.790824] acpiphp: Slot [25] registered
[    0.791920] acpiphp: Slot [26] registered
[    0.793013] acpiphp: Slot [27] registered
[    0.793782] acpiphp: Slot [28] registered
[    0.794942] acpiphp: Slot [29] registered
[    0.796099] acpiphp: Slot [30] registered
[    0.797253] acpiphp: Slot [31] registered
[    0.801758] PCI host bridge to bus 0000:00
[    0.802713] pci_bus 0000:00: root bus resource [io  0x0000-0x0cf7 window]
[    0.804269] pci_bus 0000:00: root bus resource [io  0x0d00-0xffff window]
[    0.805891] pci_bus 0000:00: root bus resource [mem 0x000a0000-0x000bffff window]
[    0.807584] pci_bus 0000:00: root bus resource [mem 0x80000000-0xfebfffff window]
[    0.809244] pci_bus 0000:00: root bus resource [mem 0x100000000-0x17fffffff window]
[    0.809607] pci_bus 0000:00: root bus resource [bus 00-ff]
[    0.811123] pci 0000:00:00.0: [8086:1237] type 00 class 0x060000
[    0.817560] pci 0000:00:01.0: [8086:7000] type 00 class 0x060100
[    0.821601] pci 0000:00:01.1: [8086:7010] type 00 class 0x010180
[    0.826759] pci 0000:00:01.1: reg 0x20: [io  0xc040-0xc04f]
[    0.829649] pci 0000:00:01.1: legacy IDE quirk: reg 0x10: [io  0x01f0-0x01f7]
[    0.831254] pci 0000:00:01.1: legacy IDE quirk: reg 0x14: [io  0x03f6]
[    0.832794] pci 0000:00:01.1: legacy IDE quirk: reg 0x18: [io  0x0170-0x0177]
[    0.833609] pci 0000:00:01.1: legacy IDE quirk: reg 0x1c: [io  0x0376]
[    0.836651] pci 0000:00:01.3: [8086:7113] type 00 class 0x068000
[    0.838556] pci 0000:00:01.3: quirk: [io  0x0600-0x063f] claimed by PIIX4 ACPI
[    0.840288] pci 0000:00:01.3: quirk: [io  0x0700-0x070f] claimed by PIIX4 SMB
[    0.844100] pci 0000:00:02.0: [1234:1111] type 00 class 0x030000
[    0.849249] pci 0000:00:02.0: reg 0x10: [mem 0xfd000000-0xfdffffff pref]
[    0.857685] pci 0000:00:02.0: reg 0x18: [mem 0xfebf0000-0xfebf0fff]
[    0.867618] pci 0000:00:02.0: reg 0x30: [mem 0xfebe0000-0xfebeffff pref]
[    0.875349] pci 0000:00:03.0: [8086:100e] type 00 class 0x020000
[    0.878133] pci 0000:00:03.0: reg 0x10: [mem 0xfebc0000-0xfebdffff]
[    0.881309] pci 0000:00:03.0: reg 0x14: [io  0xc000-0xc03f]
[    0.888607] pci 0000:00:03.0: reg 0x30: [mem 0xfeb80000-0xfebbffff pref]
[    0.952628] ACPI: PCI Interrupt Link [LNKA] (IRQs 5 *10 11)
[    0.954604] ACPI: PCI Interrupt Link [LNKB] (IRQs 5 *10 11)
[    0.957567] ACPI: PCI Interrupt Link [LNKC] (IRQs 5 10 *11)
[    0.959762] ACPI: PCI Interrupt Link [LNKD] (IRQs 5 10 *11)
[    0.961733] ACPI: PCI Interrupt Link [LNKS] (IRQs *9)
[    0.966224] iommu: Default domain type: Translated 
[    0.969993] pci 0000:00:02.0: vgaarb: setting as boot VGA device
[    0.971029] pci 0000:00:02.0: vgaarb: VGA device added: decodes=io+mem,owns=io+mem,locks=none
[    0.972782] pci 0000:00:02.0: vgaarb: bridge control possible
[    0.973608] vgaarb: loaded
[    0.976998] SCSI subsystem initialized
[    0.978061] ACPI: bus type USB registered
[    0.979148] usbcore: registered new interface driver usbfs
[    0.980466] usbcore: registered new interface driver hub
[    0.981722] usbcore: registered new device driver usb
[    0.983112] pps_core: LinuxPPS API ver. 1 registered
[    0.984195] pps_core: Software ver. 5.3.6 - Copyright 2005-2007 Rodolfo Giometti <giometti@linux.it>
[    0.985670] PTP clock support registered
[    0.986756] EDAC MC: Ver: 3.0.0
[    0.991805] NetLabel: Initializing
[    0.993598] NetLabel:  domain hash size = 128
[    0.994490] NetLabel:  protocols = UNLABELED CIPSOv4 CALIPSO
[    0.995848] NetLabel:  unlabeled traffic allowed by default
[    0.997777] PCI: Using ACPI for IRQ routing
[    0.999048] hpet0: at MMIO 0xfed00000, IRQs 2, 8, 0
[    0.999646] hpet0: 3 comparators, 64-bit 100.000000 MHz counter
[    1.005851] clocksource: Switched to clocksource kvm-clock
[    1.254717] VFS: Disk quotas dquot_6.6.0
[    1.255677] VFS: Dquot-cache hash table entries: 512 (order 0, 4096 bytes)
[    1.258118] pnp: PnP ACPI init
[    1.264378] pnp: PnP ACPI: found 6 devices
[    1.284453] clocksource: acpi_pm: mask: 0xffffff max_cycles: 0xffffff, max_idle_ns: 2085701024 ns
[    1.287222] NET: Registered protocol family 2
[    5.389116] tcp_listen_portaddr_hash hash table entries: 1024 (order: 4, 81920 bytes, linear)
[    5.391386] TCP established hash table entries: 16384 (order: 5, 131072 bytes, linear)
[    5.394499] TCP bind hash table entries: 16384 (order: 8, 1179648 bytes, linear)
[    5.399408] TCP: Hash tables configured (established 16384 bind 16384)
[    5.401355] UDP hash table entries: 1024 (order: 5, 163840 bytes, linear)
[    5.403234] UDP-Lite hash table entries: 1024 (order: 5, 163840 bytes, linear)
[    5.405566] NET: Registered protocol family 1
[    5.408723] RPC: Registered named UNIX socket transport module.
[    5.410260] RPC: Registered udp transport module.
[    5.411354] RPC: Registered tcp transport module.
[    5.412414] RPC: Registered tcp NFSv4.1 backchannel transport module.
[    5.414164] pci_bus 0000:00: resource 4 [io  0x0000-0x0cf7 window]
[    5.415581] pci_bus 0000:00: resource 5 [io  0x0d00-0xffff window]
[    5.416953] pci_bus 0000:00: resource 6 [mem 0x000a0000-0x000bffff window]
[    5.418544] pci_bus 0000:00: resource 7 [mem 0x80000000-0xfebfffff window]
[    5.420022] pci_bus 0000:00: resource 8 [mem 0x100000000-0x17fffffff window]
[    5.422082] pci 0000:00:01.0: PIIX3: Enabling Passive Release
[    5.423357] pci 0000:00:00.0: Limiting direct PCI/PCI transfers
[    5.424596] pci 0000:00:01.0: Activating ISA DMA hang workarounds
[    5.426068] pci 0000:00:02.0: Video device with shadowed ROM at [mem 0x000c0000-0x000dffff]
[    5.427889] PCI: CLS 0 bytes, default 64
[    5.430107] clocksource: tsc: mask: 0xffffffffffffffff max_cycles: 0x363e8c91135, max_idle_ns: 881590568389 ns
[    5.435104] check: Scanning for low memory corruption every 60 seconds
[    5.443563] Initialise system trusted keyrings
[    5.444795] Key type blacklist registered
[    5.446227] workingset: timestamp_bits=36 max_order=19 bucket_order=0
[    5.465890] zbud: loaded
[    5.470922] squashfs: version 4.0 (2009/01/31) Phillip Lougher
[    5.476295] NFS: Registering the id_resolver key type
[    5.477815] Key type id_resolver registered
[    5.479031] Key type id_legacy registered
[    5.480364] nfs4filelayout_init: NFSv4 File Layout Driver Registering...
[    5.482904] fuse: init (API version 7.33)
[    5.485013] SGI XFS with ACLs, security attributes, realtime, quota, no debug enabled
[    5.490740] 9p: Installing v9fs 9p2000 file system support
[    5.506325] Key type asymmetric registered
[    5.507537] Asymmetric key parser 'x509' registered
[    5.508880] Block layer SCSI generic (bsg) driver version 0.4 loaded (major 244)
[    5.511483] io scheduler mq-deadline registered
[    5.512881] io scheduler bfq registered
[    5.514994] shpchp: Standard Hot Plug PCI Controller Driver version: 0.4
[    5.517402] IPMI message handler: version 39.2
[    5.518600] ipmi device interface
[    5.522315] input: Power Button as /devices/LNXSYSTM:00/LNXPWRBN:00/input/input0
[    5.524727] ACPI: Power Button [PWRF]
[    5.528046] ERST DBG: ERST support is disabled.
[    5.531032] Serial: 8250/16550 driver, 32 ports, IRQ sharing enabled
[    5.534991] 00:04: ttyS0 at I/O 0x3f8 (irq = 4, base_baud = 115200) is a 16550A
[    5.559853] Linux agpgart interface v0.103
[    5.592083] brd: module loaded
[    5.617881] loop: module loaded
[    5.631157] scsi host0: ata_piix
[    5.634359] scsi host1: ata_piix
[    5.635998] ata1: PATA max MWDMA2 cmd 0x1f0 ctl 0x3f6 bmdma 0xc040 irq 14
[    5.638521] ata2: PATA max MWDMA2 cmd 0x170 ctl 0x376 bmdma 0xc048 irq 15
[    5.643980] libphy: Fixed MDIO Bus: probed
[    5.645540] tun: Universal TUN/TAP device driver, 1.6
[    5.647318] e100: Intel(R) PRO/100 Network Driver
[    5.648357] e100: Copyright(c) 1999-2006 Intel Corporation
[    5.649817] e1000: Intel(R) PRO/1000 Network Driver
[    5.650949] e1000: Copyright (c) 1999-2006 Intel Corporation.
[    5.803260] ata2.00: ATAPI: QEMU DVD-ROM, 2.5+, max UDMA/100
[    5.806226] ata1.00: ATA-7: QEMU HARDDISK, 2.5+, max UDMA/100
[    5.807611] ata1.00: 16777216 sectors, multi 16: LBA48 
[    5.812680] scsi 0:0:0:0: Direct-Access     ATA      QEMU HARDDISK    2.5+ PQ: 0 ANSI: 5
[    5.816850] scsi 0:0:0:0: Attached scsi generic sg0 type 0
[    5.820400] scsi 1:0:0:0: CD-ROM            QEMU     QEMU DVD-ROM     2.5+ PQ: 0 ANSI: 5
[    5.824629] scsi 1:0:0:0: Attached scsi generic sg1 type 5
[    5.827441] sd 0:0:0:0: [sda] 16777216 512-byte logical blocks: (8.59 GB/8.00 GiB)
[    5.829264] sd 0:0:0:0: [sda] Write Protect is off
[    5.830675] sd 0:0:0:0: [sda] Write cache: enabled, read cache: enabled, doesn't support DPO or FUA
[    5.839584] sd 0:0:0:0: [sda] Attached SCSI disk
[    6.049677] PCI Interrupt Link [LNKC] enabled at IRQ 11
[    6.434418] e1000 0000:00:03.0 eth0: (PCI:33MHz:32-bit) 52:54:00:12:34:56
[    6.436040] e1000 0000:00:03.0 eth0: Intel(R) PRO/1000 Network Connection
[    6.437977] e1000e: Intel(R) PRO/1000 Network Driver
[    6.439076] e1000e: Copyright(c) 1999 - 2015 Intel Corporation.
[    6.440469] igb: Intel(R) Gigabit Ethernet Network Driver
[    6.441695] igb: Copyright (c) 2007-2014 Intel Corporation.
[    6.443198] PPP generic driver version 2.4.2
[    6.445236] VFIO - User Level meta-driver version: 0.3
[    6.446554] ehci_hcd: USB 2.0 'Enhanced' Host Controller (EHCI) Driver
[    6.447991] ehci-pci: EHCI PCI platform driver
[    6.449097] ehci-platform: EHCI generic platform driver
[    6.450313] ohci_hcd: USB 1.1 'Open' Host Controller (OHCI) Driver
[    6.451607] ohci-pci: OHCI PCI platform driver
[    6.452640] ohci-platform: OHCI generic platform driver
[    6.453864] uhci_hcd: USB Universal Host Controller Interface driver
[    6.456321] usbcore: registered new interface driver uas
[    6.458330] usbcore: registered new interface driver usb-storage
[    6.460635] i8042: PNP: PS/2 Controller [PNP0303:KBD,PNP0f13:MOU] at 0x60,0x64 irq 1,12
[    6.465980] serio: i8042 KBD port at 0x60,0x64 irq 1
[    6.467773] serio: i8042 AUX port at 0x60,0x64 irq 12
[    6.470861] mousedev: PS/2 mouse device common for all mice
[    6.474794] input: AT Translated Set 2 keyboard as /devices/platform/i8042/serio0/input/input1
[    6.478203] rtc_cmos 00:05: RTC can wake from S4
[    6.479004] input: VirtualPS/2 VMware VMMouse as /devices/platform/i8042/serio1/input/input4
[    6.483271] input: VirtualPS/2 VMware VMMouse as /devices/platform/i8042/serio1/input/input3
[    6.483509] rtc_cmos 00:05: registered as rtc0
[    6.486847] rtc_cmos 00:05: setting system clock to 2023-03-13T15:47:53 UTC (1678722473)
[    6.489684] rtc_cmos 00:05: alarms up to one day, y3k, 242 bytes nvram, hpet irqs
[    6.492061] i2c /dev entries driver
[    6.493631] device-mapper: uevent: version 1.0.3
[    6.495968] device-mapper: ioctl: 4.43.0-ioctl (2020-10-01) initialised: dm-devel@redhat.com
[    6.498793] intel_pstate: CPU model not supported
[    6.500527] sdhci: Secure Digital Host Controller Interface driver
[    6.502422] sdhci: Copyright(c) Pierre Ossman
[    6.504032] sdhci-pltfm: SDHCI platform and OF driver helper
[    6.506102] ledtrig-cpu: registered to indicate activity on CPUs
[    6.508370] drop_monitor: Initializing network drop monitor service
[    6.512295] NET: Registered protocol family 10
[    6.522306] Segment Routing with IPv6
[    6.523291] NET: Registered protocol family 17
[    6.524902] 9pnet: Installing 9P2000 support
[    6.526480] Key type dns_resolver registered
[    6.529763] IPI shorthand broadcast: enabled
[    6.531303] sched_clock: Marking stable (6486373189, 43216431)->(6552845634, -23256014)
[    6.534586] registered taskstats version 1
[    6.536021] Loading compiled-in X.509 certificates
[    6.538099] zswap: loaded using pool lzo/zbud
[    6.541331] Key type ._fscrypt registered
[    6.542371] Key type .fscrypt registered
[    6.543253] Key type fscrypt-provisioning registered
[    6.546605] Key type encrypted registered
[    6.548061] ima: No TPM chip found, activating TPM-bypass!
[    6.549853] ima: Allocated hash algorithm: sha1
[    6.551474] ima: No architecture policies found
[    6.553066] evm: Initialising EVM extended attributes:
[    6.554815] evm: security.selinux
[    6.555874] evm: security.SMACK64
[    6.556952] evm: security.SMACK64EXEC
[    6.558134] evm: security.SMACK64TRANSMUTE
[    6.559434] evm: security.SMACK64MMAP
[    6.560808] evm: security.apparmor
[    6.562249] evm: security.ima
[    6.563489] evm: security.capability
[    6.564794] evm: HMAC attrs: 0x1
[    6.572446] PM:   Magic number: 15:783:790
[    6.575064] RAS: Correctable Errors collector initialized.
[    6.578822] md: Waiting for all devices to be available before autodetect
[    6.580298] md: If you don't use raid, use raid=noautodetect
[    6.581530] md: Autodetecting RAID arrays.
[    6.582578] md: autorun ...
[    6.583232] md: ... autorun DONE.
[    6.603032] EXT4-fs (sda): mounted filesystem with ordered data mode. Opts: (null). Quota mode: none.
[    6.606248] VFS: Mounted root (ext4 filesystem) readonly on device 8:0.
[    6.612475] devtmpfs: mounted
[    6.633126] Freeing unused decrypted memory: 2036K
[    6.640722] Freeing unused kernel image (initmem) memory: 2980K
[    6.642795] Write protecting the kernel read-only data: 40960k
[    6.652781] Freeing unused kernel image (text/rodata gap) memory: 2028K
[    6.656052] Freeing unused kernel image (rodata/data gap) memory: 748K
[    6.805086] x86/mm: Checked W+X mappings: passed, no W+X pages found.
[    6.806984] Run /sbin/init as init process
[    7.089042] random: fast init done
[    7.143073] systemd[1]: RTC configured in localtime, applying delta of 0 minutes to system time.
[    7.221045] systemd[1]: systemd 239 (239-49.el8) running in system mode. (+PAM +AUDIT +SELINUX +IMA -APPARMOR +SMACK +SYSVINIT +UTMP +LIBCRYPTSETUP +GCRYPT +GNUTLS +ACL +XZ +LZ4 +SECCOMP +BLKID +ELFUTILS +KMOD +IDN2 -IDN +PCRE2 default-hierarchy=legacy)
[    7.226874] systemd[1]: Detected virtualization kvm.
[    7.228563] systemd[1]: Detected architecture x86-64.

Welcome to [0;31mCentOS Stream 8[0m!

[    7.262130] systemd[1]: Set hostname to <test>.
[    7.593948] random: lvmconfig: uninitialized urandom read (4 bytes read)
[    7.866234] random: systemd: uninitialized urandom read (16 bytes read)
[    7.869085] systemd[1]: Set up automount Arbitrary Executable File Formats File System Automount Point.
[[0;32m  OK  [0m] Set up automount Arbitrary Executabâ€¦rmats File System Automount Point.
[    7.873657] random: systemd: uninitialized urandom read (16 bytes read)
[    7.876306] systemd[1]: Listening on Journal Socket.
[[0;32m  OK  [0m] Listening on Journal Socket.
[    7.892918] systemd[1]: Mounting Kernel Debug File System...
         Mounting Kernel Debug File System...
[    7.896728] systemd[1]: Listening on multipathd control socket.
[[0;32m  OK  [0m] Listening on multipathd control socket.
[    7.901451] systemd[1]: Listening on initctl Compatibility Named Pipe.
[[0;32m  OK  [0m] Listening on initctl Compatibility Named Pipe.
[    7.907529] systemd[1]: Created slice system-getty.slice.
[[0;32m  OK  [0m] Created slice system-getty.slice.
[[0;32m  OK  [0m] Listening on Process Core Dump Socket.
[[0;32m  OK  [0m] Listening on udev Kernel Socket.
[[0;32m  OK  [0m] Listening on Device-mapper event daemon FIFOs.
         Starting Monitoring of LVM2 mirrorsâ€¦ng dmeventd or progress polling...
[[0;32m  OK  [0m] Listening on Journal Socket (/dev/log).
[[0;32m  OK  [0m] Reached target Swap.
         Mounting POSIX Message Queue File System...
[[0;32m  OK  [0m] Listening on RPCbind Server Activation Socket.
         Mounting Huge Pages File System...
[[0;32m  OK  [0m] Created slice system-sshd\x2dkeygen.slice.
         Starting Setup Virtual Console...
[[0;32m  OK  [0m] Listening on LVM2 poll daemon socket.
[[0;32m  OK  [0m] Listening on udev Control Socket.
         Starting udev Coldplug all Devices...
[[0;32m  OK  [0m] Created slice User and Session Slice.
[[0;32m  OK  [0m] Reached target Slices.
         Starting Remount Root and Kernel File Systems...
         Starting Journal Service...
[[0;32m  OK  [0m] Started Forward Password Requests to Wall Directory Watch.
         Starting Load Kernel Modules...
[[0;32m  OK  [0m] Reached target RPC Port Mapper.
[[0;32m  OK  [0m] Created slice system-serial\x2dgetty.slice.
[[0;32m  OK  [0m] Mounted Kernel Debug File System.
[[0;32m  OK  [0m] Started Monitoring of LVM2 mirrors,â€¦sing dmeventd or progress polling.
[[0;32m  OK  [0m] Mounted POSIX Message Queue File System.
[[0;32m  OK  [0m] Mounted Huge Pages File System.
[[0;1;31mFAILED[0m] Failed to start Load Kernel Modules.
See 'systemctl status systemd-modules-load.service' for details.
         Starting Apply Kernel Variables...
         Mounting Kernel Configuration File System...
         Mounting FUSE Control File System...
[[0;32m  OK  [0m] Started Apply Kernel Variables.
[[0;32m  OK  [0m] Mounted Kernel Configuration File System.
[[0;32m  OK  [0m] Mounted FUSE Control File System.
[[0;32m  OK  [0m] Started Journal Service.
[    8.962699] EXT4-fs (sda): re-mounted. Opts: (null). Quota mode: none.
[[0;32m  OK  [0m] Started Remount Root and Kernel File Systems.
         Starting Flush Journal to Persistent Storage...
         Starting Create Static Device Nodes in /dev...
         Starting Load/Save Random Seed...
[[0;32m  OK  [0m] Started Setup Virtual Console.
[[0;32m  OK  [0m] Started Flush Journal to Persistent Storage.
[[0;32m  OK  [0m] Started Load/Save Random Seed.
[[0;32m  OK  [0m] Started Create Static Device Nodes in /dev.
         Starting udev Kernel Device Manager...
[[0;32m  OK  [0m] Started udev Coldplug all Devices.
         Starting udev Wait for Complete Device Initialization...
[[0;32m  OK  [0m] Started udev Kernel Device Manager.
         Starting Show Plymouth Boot Screen...
[[0;32m  OK  [0m] Started Show Plymouth Boot Screen.
[[0;32m  OK  [0m] Reached target Paths.
[[0;32m  OK  [0m] Reached target Local Encrypted Volumes.
[[0;32m  OK  [0m] Started Forward Password Requests to Plymouth Directory Watch.
[   10.737897] random: crng init done
[   10.739021] random: 7 urandom warning(s) missed due to ratelimiting
[[0;32m  OK  [0m] Found device /dev/ttyS0.
[[0;32m  OK  [0m] Started udev Wait for Complete Device Initialization.
[[0;32m  OK  [0m] Listening on Load/Save RF Kill Switch Status /dev/rfkill Watch.
[[0;32m  OK  [0m] Reached target Local File Systems (Pre).
[[0;32m  OK  [0m] Reached target Local File Systems.
         Starting Tell Plymouth To Write Out Runtime Data...
         Starting Create Volatile Files and Directories...
         Starting Restore /run/initramfs on shutdown...
[[0;32m  OK  [0m] Started Tell Plymouth To Write Out Runtime Data.
[[0;32m  OK  [0m] Started Restore /run/initramfs on shutdown.
[[0;32m  OK  [0m] Started Create Volatile Files and Directories.
         Starting Security Auditing Service...
         Mounting RPC Pipe File System...
         Starting RPC Bind...
[[0;32m  OK  [0m] Mounted RPC Pipe File System.
[[0;32m  OK  [0m] Reached target rpc_pipefs.target.
[[0;32m  OK  [0m] Started RPC Bind.
[[0;32m  OK  [0m] Started Security Auditing Service.
         Starting Update UTMP about System Boot/Shutdown...
[[0;32m  OK  [0m] Started Update UTMP about System Boot/Shutdown.
[[0;32m  OK  [0m] Reached target System Initialization.
[[0;32m  OK  [0m] Listening on D-Bus System Message Bus Socket.
[[0;32m  OK  [0m] Started Daily Cleanup of Temporary Directories.
[[0;32m  OK  [0m] Started daily update of the root trust anchor for DNSSEC.
[[0;32m  OK  [0m] Started dnf makecache --timer.
[[0;32m  OK  [0m] Reached target Timers.
[[0;32m  OK  [0m] Listening on SSSD Kerberos Cache Manager responder socket.
[[0;32m  OK  [0m] Reached target Sockets.
[[0;32m  OK  [0m] Reached target Basic System.
         Starting Login Service...
         Starting Self Monitoring and Reporting Technology (SMART) Daemon...
[[0;32m  OK  [0m] Started Machine Check Exception Logging Daemon.
[[0;32m  OK  [0m] Started D-Bus System Message Bus.
         Starting Auto-connect to subsystemsâ€¦-NVME devices found during boot...
         Starting Authorization Manager...
         Starting Network Manager...
         Starting NTP client/server...
[[0;32m  OK  [0m] Started irqbalance daemon.
[[0;32m  OK  [0m] Reached target sshd-keygen.target.
[[0;32m  OK  [0m] Started Self Monitoring and Reporting Technology (SMART) Daemon.
[[0;32m  OK  [0m] Started Auto-connect to subsystems â€¦FC-NVME devices found during boot.
         Starting update of the root trust aâ€¦or DNSSEC validation in unbound...
[[0;32m  OK  [0m] Started Login Service.
[[0;32m  OK  [0m] Started NTP client/server.
[[0;32m  OK  [0m] Started Network Manager.
[[0;32m  OK  [0m] Reached target Network.
         Starting OpenSSH server daemon...
         Starting Dynamic System Tuning Daemon...
         Starting GSSAPI Proxy Daemon...
         Starting Network Manager Wait Online...
[[0;32m  OK  [0m] Started update of the root trust anâ€¦ for DNSSEC validation in unbound.
[[0;32m  OK  [0m] Started OpenSSH server daemon.
         Starting Hostname Service...
[[0;32m  OK  [0m] Started Authorization Manager.
[[0;32m  OK  [0m] Started GSSAPI Proxy Daemon.
[[0;32m  OK  [0m] Reached target NFS client services.
[[0;32m  OK  [0m] Reached target Remote File Systems (Pre).
[[0;32m  OK  [0m] Reached target Remote File Systems.
         Starting Permit User Sessions...
[[0;32m  OK  [0m] Started Permit User Sessions.
         Starting Hold until boot process finishes up...
         Starting Terminate Plymouth Boot Screen...
[[0;32m  OK  [0m] Started Command Scheduler.
[   13.890435] e1000: eth0 NIC Link is Up 1000 Mbps Full Duplex, Flow Control: RX
[   13.893240] IPv6: ADDRCONF(NETDEV_CHANGE): eth0: link becomes ready

CentOS Stream 8
Kernel 5.11.0-f40ddce88593 on an x86_64

test login: 