c[?7l[2J[0mSeaBIOS (version rel-1.16.0-0-gd239552ce722-prebuilt.qemu.org)


iPXE (http://ipxe.org) 00:03.0 CA00 PCI2.10 PnP PMM+7FF91000+7FEF1000 CA00
Press Ctrl-B to configure iPXE (PCI 00:03.0)...                                                                               


Booting from ROM...
c[?7l[2J[    0.000000] Linux version 6.1.0-13c574fec815+ (root@p-tglh01.sh.intel.com) (gcc (GCC) 8.5.0 20210514 (Red Hat 8.5.0-17), GNU ld version 2.36.1-2.el8) #1 SMP PREEMPT_DYNAMIC Wed Dec 28 06:37:36 CST 2022
[    0.000000] Command line: console=ttyS0 root=/dev/sda earlyprintk=serial net.ifnames=0
[    0.000000] KERNEL supported cpus:
[    0.000000]   Intel GenuineIntel
[    0.000000]   AMD AuthenticAMD
[    0.000000]   Hygon HygonGenuine
[    0.000000]   Centaur CentaurHauls
[    0.000000]   zhaoxin   Shanghai  
[    0.000000] x86/fpu: Supporting XSAVE feature 0x001: 'x87 floating point registers'
[    0.000000] x86/fpu: Supporting XSAVE feature 0x002: 'SSE registers'
[    0.000000] x86/fpu: Supporting XSAVE feature 0x004: 'AVX registers'
[    0.000000] x86/fpu: Supporting XSAVE feature 0x020: 'AVX-512 opmask'
[    0.000000] x86/fpu: Supporting XSAVE feature 0x040: 'AVX-512 Hi256'
[    0.000000] x86/fpu: Supporting XSAVE feature 0x080: 'AVX-512 ZMM_Hi256'
[    0.000000] x86/fpu: Supporting XSAVE feature 0x200: 'Protection Keys User registers'
[    0.000000] x86/fpu: xstate_offset[2]:  576, xstate_sizes[2]:  256
[    0.000000] x86/fpu: xstate_offset[5]:  832, xstate_sizes[5]:   64
[    0.000000] x86/fpu: xstate_offset[6]:  896, xstate_sizes[6]:  512
[    0.000000] x86/fpu: xstate_offset[7]: 1408, xstate_sizes[7]: 1024
[    0.000000] x86/fpu: xstate_offset[9]: 2432, xstate_sizes[9]:    8
[    0.000000] x86/fpu: Enabled xstate features 0x2e7, context size is 2440 bytes, using 'compacted' format.
[    0.000000] signal: max sigframe size: 3632
[    0.000000] BIOS-provided physical RAM map:
[    0.000000] BIOS-e820: [mem 0x0000000000000000-0x000000000009fbff] usable
[    0.000000] BIOS-e820: [mem 0x000000000009fc00-0x000000000009ffff] reserved
[    0.000000] BIOS-e820: [mem 0x00000000000f0000-0x00000000000fffff] reserved
[    0.000000] BIOS-e820: [mem 0x0000000000100000-0x000000007ffdffff] usable
[    0.000000] BIOS-e820: [mem 0x000000007ffe0000-0x000000007fffffff] reserved
[    0.000000] BIOS-e820: [mem 0x00000000feffc000-0x00000000feffffff] reserved
[    0.000000] BIOS-e820: [mem 0x00000000fffc0000-0x00000000ffffffff] reserved
[    0.000000] printk: bootconsole [earlyser0] enabled
[    0.000000] NX (Execute Disable) protection: active
[    0.000000] SMBIOS 2.8 present.
[    0.000000] DMI: QEMU Standard PC (i440FX + PIIX, 1996), BIOS rel-1.16.0-0-gd239552ce722-prebuilt.qemu.org 04/01/2014
[    0.000000] Hypervisor detected: KVM
[    0.000000] kvm-clock: Using msrs 4b564d01 and 4b564d00
[    0.000004] kvm-clock: using sched offset of 495818242 cycles
[    0.000460] clocksource: kvm-clock: mask: 0xffffffffffffffff max_cycles: 0x1cd42e4dffb, max_idle_ns: 881590591483 ns
[    0.001849] tsc: Detected 3110.400 MHz processor
[    0.009743] last_pfn = 0x7ffe0 max_arch_pfn = 0x400000000
[    0.010288] x86/PAT: Configuration [0-7]: WB  WC  UC- UC  WB  WP  UC- WT  
[    0.020191] found SMP MP-table at [mem 0x000f5ba0-0x000f5baf]
[    0.020830] Using GB pages for direct mapping
[    0.022649] ACPI: Early table checksum verification disabled
[    0.023185] ACPI: RSDP 0x00000000000F59C0 000014 (v00 BOCHS )
[    0.023721] ACPI: RSDT 0x000000007FFE1951 000034 (v01 BOCHS  BXPC     00000001 BXPC 00000001)
[    0.024492] ACPI: FACP 0x000000007FFE17FD 000074 (v01 BOCHS  BXPC     00000001 BXPC 00000001)
[    0.025233] ACPI: DSDT 0x000000007FFE0040 0017BD (v01 BOCHS  BXPC     00000001 BXPC 00000001)
[    0.025967] ACPI: FACS 0x000000007FFE0000 000040
[    0.026377] ACPI: APIC 0x000000007FFE1871 000080 (v01 BOCHS  BXPC     00000001 BXPC 00000001)
[    0.027129] ACPI: HPET 0x000000007FFE18F1 000038 (v01 BOCHS  BXPC     00000001 BXPC 00000001)
[    0.027881] ACPI: WAET 0x000000007FFE1929 000028 (v01 BOCHS  BXPC     00000001 BXPC 00000001)
[    0.028621] ACPI: Reserving FACP table memory at [mem 0x7ffe17fd-0x7ffe1870]
[    0.029221] ACPI: Reserving DSDT table memory at [mem 0x7ffe0040-0x7ffe17fc]
[    0.029838] ACPI: Reserving FACS table memory at [mem 0x7ffe0000-0x7ffe003f]
[    0.030502] ACPI: Reserving APIC table memory at [mem 0x7ffe1871-0x7ffe18f0]
[    0.031115] ACPI: Reserving HPET table memory at [mem 0x7ffe18f1-0x7ffe1928]
[    0.031731] ACPI: Reserving WAET table memory at [mem 0x7ffe1929-0x7ffe1950]
[    0.033369] No NUMA configuration found
[    0.033707] Faking a node at [mem 0x0000000000000000-0x000000007ffdffff]
[    0.034353] NODE_DATA(0) allocated [mem 0x7ffb5000-0x7ffdffff]
[    0.038178] Zone ranges:
[    0.038400]   DMA      [mem 0x0000000000001000-0x0000000000ffffff]
[    0.038923]   DMA32    [mem 0x0000000001000000-0x000000007ffdffff]
[    0.039461]   Normal   empty
[    0.039714]   Device   empty
[    0.039972] Movable zone start for each node
[    0.040332] Early memory node ranges
[    0.040626]   node   0: [mem 0x0000000000001000-0x000000000009efff]
[    0.041150]   node   0: [mem 0x0000000000100000-0x000000007ffdffff]
[    0.041679] Initmem setup node 0 [mem 0x0000000000001000-0x000000007ffdffff]
[    0.043141] On node 0, zone DMA: 1 pages in unavailable ranges
[    0.043317] On node 0, zone DMA: 97 pages in unavailable ranges
[    0.075975] On node 0, zone DMA32: 32 pages in unavailable ranges
[    0.076810] ACPI: PM-Timer IO Port: 0x608
[    0.077733] ACPI: LAPIC_NMI (acpi_id[0xff] dfl dfl lint[0x1])
[    0.078317] IOAPIC[0]: apic_id 0, version 17, address 0xfec00000, GSI 0-23
[    0.078952] ACPI: INT_SRC_OVR (bus 0 bus_irq 0 global_irq 2 dfl dfl)
[    0.079517] ACPI: INT_SRC_OVR (bus 0 bus_irq 5 global_irq 5 high level)
[    0.080099] ACPI: INT_SRC_OVR (bus 0 bus_irq 9 global_irq 9 high level)
[    0.080681] ACPI: INT_SRC_OVR (bus 0 bus_irq 10 global_irq 10 high level)
[    0.081286] ACPI: INT_SRC_OVR (bus 0 bus_irq 11 global_irq 11 high level)
[    0.081900] ACPI: Using ACPI (MADT) for SMP configuration information
[    0.082461] ACPI: HPET id: 0x8086a201 base: 0xfed00000
[    0.082931] TSC deadline timer available
[    0.083288] smpboot: Allowing 2 CPUs, 0 hotplug CPUs
[    0.083842] kvm-guest: KVM setup pv remote TLB flush
[    0.084290] kvm-guest: setup PV sched yield
[    0.084749] PM: hibernation: Registered nosave memory: [mem 0x00000000-0x00000fff]
[    0.085458] PM: hibernation: Registered nosave memory: [mem 0x0009f000-0x0009ffff]
[    0.086154] PM: hibernation: Registered nosave memory: [mem 0x000a0000-0x000effff]
[    0.086844] PM: hibernation: Registered nosave memory: [mem 0x000f0000-0x000fffff]
[    0.087549] [mem 0x80000000-0xfeffbfff] available for PCI devices
[    0.088093] Booting paravirtualized kernel on KVM
[    0.088538] clocksource: refined-jiffies: mask: 0xffffffff max_cycles: 0xffffffff, max_idle_ns: 7645519600211568 ns
[    0.089486] setup_percpu: NR_CPUS:8192 nr_cpumask_bits:2 nr_cpu_ids:2 nr_node_ids:1
[    0.092364] percpu: Embedded 64 pages/cpu s225280 r8192 d28672 u1048576
[    0.093210] kvm-guest: PV spinlocks enabled
[    0.093592] PV qspinlock hash table entries: 256 (order: 0, 4096 bytes, linear)
[    0.094284] Fallback order for Node 0: 0 
[    0.094674] Built 1 zonelists, mobility grouping on.  Total pages: 515808
[    0.095284] Policy zone: DMA32
[    0.095567] Kernel command line: net.ifnames=0 console=ttyS0 root=/dev/sda earlyprintk=serial net.ifnames=0
[    0.097177] random: crng init done
[    0.099525] Dentry cache hash table entries: 262144 (order: 9, 2097152 bytes, linear)
[    0.100947] Inode-cache hash table entries: 131072 (order: 8, 1048576 bytes, linear)
[    0.101821] mem auto-init: stack:off, heap alloc:off, heap free:off
[    0.105758] Memory: 1985384K/2096632K available (32784K kernel code, 4695K rwdata, 7828K rodata, 3668K init, 22124K bss, 110992K reserved, 0K cma-reserved)
[    0.107840] SLUB: HWalign=64, Order=0-3, MinObjects=0, CPUs=2, Nodes=1
[    0.108416] kmemleak: Kernel memory leak detector disabled
[    0.108945] ftrace: allocating 67399 entries in 264 pages
[    0.134913] ftrace: allocated 264 pages with 2 groups
[    0.139160] Dynamic Preempt: voluntary
[    0.139695] Running RCU self tests
[    0.140008] rcu: Preemptible hierarchical RCU implementation.
[    0.140507] rcu: 	RCU lockdep checking is enabled.
[    0.140922] rcu: 	RCU restricting CPUs from NR_CPUS=8192 to nr_cpu_ids=2.
[    0.141505] 	Trampoline variant of Tasks RCU enabled.
[    0.141965] 	Rude variant of Tasks RCU enabled.
[    0.142375] 	Tracing variant of Tasks RCU enabled.
[    0.142808] rcu: RCU calculated value of scheduler-enlistment delay is 25 jiffies.
[    0.143500] rcu: Adjusting geometry for rcu_fanout_leaf=16, nr_cpu_ids=2
[    0.173724] NR_IRQS: 524544, nr_irqs: 440, preallocated irqs: 16
[    0.174583] rcu: srcu_init: Setting srcu_struct sizes based on contention.
[    0.182952] Console: colour VGA+ 80x25
[    0.183359] printk: console [ttyS0] enabled
[    0.183359] printk: console [ttyS0] enabled
[    0.184121] printk: bootconsole [earlyser0] disabled
[    0.184121] printk: bootconsole [earlyser0] disabled
[    0.184987] Lock dependency validator: Copyright (c) 2006 Red Hat, Inc., Ingo Molnar
[    0.185661] ... MAX_LOCKDEP_SUBCLASSES:  8
[    0.186040] ... MAX_LOCK_DEPTH:          48
[    0.186409] ... MAX_LOCKDEP_KEYS:        8192
[    0.186792] ... CLASSHASH_SIZE:          4096
[    0.187175] ... MAX_LOCKDEP_ENTRIES:     32768
[    0.187579] ... MAX_LOCKDEP_CHAINS:      65536
[    0.187988] ... CHAINHASH_SIZE:          32768
[    0.188376]  memory used by lock dependency info: 6365 kB
[    0.188845]  memory used for stack traces: 4224 kB
[    0.189262]  per task-struct memory footprint: 1920 bytes
[    0.189808] ACPI: Core revision 20221020
[    0.190430] clocksource: hpet: mask: 0xffffffff max_cycles: 0xffffffff, max_idle_ns: 19112604467 ns
[    0.191380] APIC: Switch to symmetric I/O mode setup
[    0.192012] x2apic enabled
[    0.192453] Switched APIC routing to physical x2apic.
[    0.192900] kvm-guest: setup PV IPIs
[    0.194197] ..TIMER: vector=0x30 apic1=0 pin1=2 apic2=-1 pin2=-1
[    0.194766] clocksource: tsc-early: mask: 0xffffffffffffffff max_cycles: 0x2cd5a8bb032, max_idle_ns: 440795365915 ns
[    0.195779] Calibrating delay loop (skipped) preset value.. 6220.80 BogoMIPS (lpj=12441600)
[    0.196529] pid_max: default: 32768 minimum: 301
[    0.197077] LSM: Security Framework initializing
[    0.197558] Yama: becoming mindful.
[    0.198117] Mount-cache hash table entries: 4096 (order: 3, 32768 bytes, linear)
[    0.198797] Mountpoint-cache hash table entries: 4096 (order: 3, 32768 bytes, linear)
[    0.203440] x86/cpu: User Mode Instruction Prevention (UMIP) activated
[    0.204931] Last level iTLB entries: 4KB 0, 2MB 0, 4MB 0
[    0.205496] Last level dTLB entries: 4KB 0, 2MB 0, 4MB 0, 1GB 0
[    0.206095] Spectre V1 : Mitigation: usercopy/swapgs barriers and __user pointer sanitization
[    0.206857] Spectre V2 : WARNING: Unprivileged eBPF is enabled with eIBRS on, data leaks possible via Spectre v2 BHB attacks!
[    0.207790] Spectre V2 : Mitigation: Enhanced IBRS
[    0.208195] Spectre V2 : Spectre v2 / SpectreRSB mitigation: Filling RSB on context switch
[    0.208878] Spectre V2 : Spectre v2 / PBRSB-eIBRS: Retire a single CALL on VMEXIT
[    0.209504] Spectre V2 : mitigation: Enabling conditional Indirect Branch Prediction Barrier
[    0.210200] Speculative Store Bypass: Mitigation: Speculative Store Bypass disabled via prctl
[    0.324624] Freeing SMP alternatives memory: 56K
[    0.325457] smpboot: CPU0: Genuine Intel(R) CPU 0000 @ 2.20GHz (family: 0x6, model: 0x8d, stepping: 0x0)
[    0.326798] cblist_init_generic: Setting adjustable number of callback queues.
[    0.327407] cblist_init_generic: Setting shift to 1 and lim to 1.
[    0.327761] cblist_init_generic: Setting shift to 1 and lim to 1.
[    0.327761] cblist_init_generic: Setting shift to 1 and lim to 1.
[    0.327761] Running RCU-tasks wait API self tests
[    0.431882] Performance Events: Icelake events, full-width counters, Intel PMU driver.
[    0.432697] ... version:                2
[    0.433030] ... bit width:              48
[    0.433371] ... generic registers:      8
[    0.433698] ... value mask:             0000ffffffffffff
[    0.434128] ... max period:             00007fffffffffff
[    0.434557] ... fixed-purpose events:   3
[    0.434884] ... event mask:             00000007000000ff
[    0.435757] rcu: Hierarchical SRCU implementation.
[    0.436159] rcu: 	Max phase no-delay instances is 1000.
[    0.439661] smp: Bringing up secondary CPUs ...
[    0.441058] x86: Booting SMP configuration:
[    0.441415] .... node  #0, CPUs:      #1
[    0.441806] smp: Brought up 1 node, 2 CPUs
[    0.441806] smpboot: Max logical packages: 1
[    0.441806] smpboot: Total of 2 processors activated (12441.60 BogoMIPS)
[    0.447047] devtmpfs: initialized
[    0.447785] Callback from call_rcu_tasks_trace() invoked.
[    0.448435] x86/mm: Memory block size: 128MB
[    0.450910] clocksource: jiffies: mask: 0xffffffff max_cycles: 0xffffffff, max_idle_ns: 7645041785100000 ns
[    0.451778] futex hash table entries: 512 (order: 4, 65536 bytes, linear)
[    0.452615] pinctrl core: initialized pinctrl subsystem
[    0.453640] 
[    0.453772] *************************************************************
[    0.454305] **     NOTICE NOTICE NOTICE NOTICE NOTICE NOTICE NOTICE    **
[    0.454835] **                                                         **
[    0.455363] **  IOMMU DebugFS SUPPORT HAS BEEN ENABLED IN THIS KERNEL  **
[    0.455773] **                                                         **
[    0.456321] ** This means that this kernel is built to expose internal **
[    0.456850] ** IOMMU data structures, which may compromise security on **
[    0.457381] ** your system.                                            **
[    0.457910] **                                                         **
[    0.458436] ** If you see this message and you are not debugging the   **
[    0.458964] ** kernel, report this immediately to your vendor!         **
[    0.459494] **                                                         **
[    0.459766] **     NOTICE NOTICE NOTICE NOTICE NOTICE NOTICE NOTICE    **
[    0.460360] *************************************************************
[    0.460976] PM: RTC time: 22:38:17, date: 2022-12-27
[    0.465461] NET: Registered PF_NETLINK/PF_ROUTE protocol family
[    0.466606] DMA: preallocated 256 KiB GFP_KERNEL pool for atomic allocations
[    0.467205] DMA: preallocated 256 KiB GFP_KERNEL|GFP_DMA pool for atomic allocations
[    0.467799] DMA: preallocated 256 KiB GFP_KERNEL|GFP_DMA32 pool for atomic allocations
[    0.468491] audit: initializing netlink subsys (disabled)
[    0.469025] audit: type=2000 audit(1672180698.345:1): state=initialized audit_enabled=0 res=1
[    0.469025] thermal_sys: Registered thermal governor 'fair_share'
[    0.469025] thermal_sys: Registered thermal governor 'bang_bang'
[    0.469054] thermal_sys: Registered thermal governor 'step_wise'
[    0.469540] thermal_sys: Registered thermal governor 'user_space'
[    0.470072] cpuidle: using governor ladder
[    0.472117] cpuidle: using governor menu
[    0.472721] acpiphp: ACPI Hot Plug PCI Controller Driver version: 0.5
[    0.473596] PCI: Using configuration type 1 for base access
[    0.490581] kprobes: kprobe jump-optimization is enabled. All kprobes are optimized if possible.
[    0.701838] HugeTLB: registered 1.00 GiB page size, pre-allocated 0 pages
[    0.702407] HugeTLB: 16380 KiB vmemmap can be freed for a 1.00 GiB page
[    0.702925] HugeTLB: registered 2.00 MiB page size, pre-allocated 0 pages
[    0.703464] HugeTLB: 28 KiB vmemmap can be freed for a 2.00 MiB page
[    0.707741] ACPI: Added _OSI(Module Device)
[    0.707773] ACPI: Added _OSI(Processor Device)
[    0.708134] ACPI: Added _OSI(3.0 _SCP Extensions)
[    0.708509] ACPI: Added _OSI(Processor Aggregator Device)
[    0.714624] ACPI: 1 ACPI AML tables successfully acquired and loaded
[    0.718570] ACPI: Interpreter enabled
[    0.718983] ACPI: PM: (supports S0 S3 S4 S5)
[    0.719336] ACPI: Using IOAPIC for interrupt routing
[    0.719793] PCI: Using host bridge windows from ACPI; if necessary, use "pci=nocrs" and report a bug
[    0.720528] PCI: Using E820 reservations for host bridge windows
[    0.721702] ACPI: Enabled 2 GPEs in block 00 to 0F
[    0.739976] ACPI: PCI Root Bridge [PCI0] (domain 0000 [bus 00-ff])
[    0.740530] acpi PNP0A03:00: _OSC: OS supports [ASPM ClockPM Segments MSI EDR HPX-Type3]
[    0.741191] acpi PNP0A03:00: _OSC: not requesting OS control; OS requires [ExtendedConfig ASPM ClockPM MSI]
[    0.742052] acpi PNP0A03:00: fail to add MMCONFIG information, can't access extended PCI configuration space under this bridge.
[    0.745600] acpiphp: Slot [3] registered
[    0.745991] acpiphp: Slot [4] registered
[    0.746389] acpiphp: Slot [5] registered
[    0.746791] acpiphp: Slot [6] registered
[    0.747188] acpiphp: Slot [7] registered
[    0.747591] acpiphp: Slot [8] registered
[    0.747841] acpiphp: Slot [9] registered
[    0.748237] acpiphp: Slot [10] registered
[    0.748643] acpiphp: Slot [11] registered
[    0.749046] acpiphp: Slot [12] registered
[    0.749459] acpiphp: Slot [13] registered
[    0.749864] acpiphp: Slot [14] registered
[    0.750281] acpiphp: Slot [15] registered
[    0.750698] acpiphp: Slot [16] registered
[    0.751113] acpiphp: Slot [17] registered
[    0.751525] acpiphp: Slot [18] registered
[    0.751840] acpiphp: Slot [19] registered
[    0.752242] acpiphp: Slot [20] registered
[    0.752637] acpiphp: Slot [21] registered
[    0.753033] acpiphp: Slot [22] registered
[    0.753444] acpiphp: Slot [23] registered
[    0.753849] acpiphp: Slot [24] registered
[    0.754258] acpiphp: Slot [25] registered
[    0.754651] acpiphp: Slot [26] registered
[    0.755051] acpiphp: Slot [27] registered
[    0.755452] acpiphp: Slot [28] registered
[    0.755837] acpiphp: Slot [29] registered
[    0.756234] acpiphp: Slot [30] registered
[    0.756633] acpiphp: Slot [31] registered
[    0.756977] PCI host bridge to bus 0000:00
[    0.757309] pci_bus 0000:00: root bus resource [io  0x0000-0x0cf7 window]
[    0.757865] pci_bus 0000:00: root bus resource [io  0x0d00-0xffff window]
[    0.758425] pci_bus 0000:00: root bus resource [mem 0x000a0000-0x000bffff window]
[    0.759109] pci_bus 0000:00: root bus resource [mem 0x80000000-0xfebfffff window]
[    0.759710] pci_bus 0000:00: root bus resource [mem 0x100000000-0x17fffffff window]
[    0.759769] pci_bus 0000:00: root bus resource [bus 00-ff]
[    0.760334] pci 0000:00:00.0: [8086:1237] type 00 class 0x060000
[    0.763994] pci 0000:00:01.0: [8086:7000] type 00 class 0x060100
[    0.765197] pci 0000:00:01.1: [8086:7010] type 00 class 0x010180
[    0.767201] pci 0000:00:01.1: reg 0x20: [io  0xc040-0xc04f]
[    0.768115] pci 0000:00:01.1: legacy IDE quirk: reg 0x10: [io  0x01f0-0x01f7]
[    0.768691] pci 0000:00:01.1: legacy IDE quirk: reg 0x14: [io  0x03f6]
[    0.769233] pci 0000:00:01.1: legacy IDE quirk: reg 0x18: [io  0x0170-0x0177]
[    0.769823] pci 0000:00:01.1: legacy IDE quirk: reg 0x1c: [io  0x0376]
[    0.770646] pci 0000:00:01.3: [8086:7113] type 00 class 0x068000
[    0.771454] pci 0000:00:01.3: quirk: [io  0x0600-0x063f] claimed by PIIX4 ACPI
[    0.771775] pci 0000:00:01.3: quirk: [io  0x0700-0x070f] claimed by PIIX4 SMB
[    0.772648] pci 0000:00:02.0: [1234:1111] type 00 class 0x030000
[    0.775575] pci 0000:00:02.0: reg 0x10: [mem 0xfd000000-0xfdffffff pref]
[    0.777749] pci 0000:00:02.0: reg 0x18: [mem 0xfebf0000-0xfebf0fff]
[    0.781816] pci 0000:00:02.0: reg 0x30: [mem 0xfebe0000-0xfebeffff pref]
[    0.782584] pci 0000:00:02.0: Video device with shadowed ROM at [mem 0x000c0000-0x000dffff]
[    0.786672] pci 0000:00:03.0: [8086:100e] type 00 class 0x020000
[    0.787639] pci 0000:00:03.0: reg 0x10: [mem 0xfebc0000-0xfebdffff]
[    0.788159] pci 0000:00:03.0: reg 0x14: [io  0xc000-0xc03f]
[    0.790972] pci 0000:00:03.0: reg 0x30: [mem 0xfeb80000-0xfebbffff pref]
[    0.803205] ACPI: PCI: Interrupt link LNKA configured for IRQ 10
[    0.804217] ACPI: PCI: Interrupt link LNKB configured for IRQ 10
[    0.805109] ACPI: PCI: Interrupt link LNKC configured for IRQ 11
[    0.805992] ACPI: PCI: Interrupt link LNKD configured for IRQ 11
[    0.806675] ACPI: PCI: Interrupt link LNKS configured for IRQ 9
[    0.808701] iommu: Default domain type: Translated 
[    0.809120] iommu: DMA domain TLB invalidation policy: lazy mode 
[    0.810856] SCSI subsystem initialized
[    0.811493] ACPI: bus type USB registered
[    0.811843] usbcore: registered new interface driver usbfs
[    0.812342] usbcore: registered new interface driver hub
[    0.812798] usbcore: registered new device driver usb
[    0.813341] pps_core: LinuxPPS API ver. 1 registered
[    0.813745] pps_core: Software ver. 5.3.6 - Copyright 2005-2007 Rodolfo Giometti <giometti@linux.it>
[    0.814477] PTP clock support registered
[    0.814999] EDAC MC: Ver: 3.0.0
[    0.817694] NetLabel: Initializing
[    0.817985] NetLabel:  domain hash size = 128
[    0.818337] NetLabel:  protocols = UNLABELED CIPSOv4 CALIPSO
[    0.818856] NetLabel:  unlabeled traffic allowed by default
[    0.819687] PCI: Using ACPI for IRQ routing
[    0.820010] pci 0000:00:02.0: vgaarb: setting as boot VGA device
[    0.820510] pci 0000:00:02.0: vgaarb: bridge control possible
[    0.820972] pci 0000:00:02.0: vgaarb: VGA device added: decodes=io+mem,owns=io+mem,locks=none
[    0.821650] vgaarb: loaded
[    0.822376] hpet0: at MMIO 0xfed00000, IRQs 2, 8, 0
[    0.822809] hpet0: 3 comparators, 64-bit 100.000000 MHz counter
[    3.262776] clocksource: Switched to clocksource kvm-clock
[    3.308617] Callback from call_rcu_tasks_rude() invoked.
[    3.371953] Callback from call_rcu_tasks() invoked.
[    4.326852] VFS: Disk quotas dquot_6.6.0
[    4.327399] VFS: Dquot-cache hash table entries: 512 (order 0, 4096 bytes)
[    4.328444] pnp: PnP ACPI init
[    4.330957] pnp: PnP ACPI: found 6 devices
[    4.349115] clocksource: acpi_pm: mask: 0xffffff max_cycles: 0xffffff, max_idle_ns: 2085701024 ns
[    4.350311] NET: Registered PF_INET protocol family
[    4.351057] IP idents hash table entries: 32768 (order: 6, 262144 bytes, linear)
[    4.352997] tcp_listen_portaddr_hash hash table entries: 1024 (order: 4, 73728 bytes, linear)
[    4.353909] Table-perturb hash table entries: 65536 (order: 6, 262144 bytes, linear)
[    4.354689] TCP established hash table entries: 16384 (order: 5, 131072 bytes, linear)
[    4.355746] TCP bind hash table entries: 16384 (order: 9, 2359296 bytes, linear)
[    4.361901] TCP: Hash tables configured (established 16384 bind 16384)
[    4.362703] UDP hash table entries: 1024 (order: 5, 163840 bytes, linear)
[    4.363482] UDP-Lite hash table entries: 1024 (order: 5, 163840 bytes, linear)
[    4.364452] NET: Registered PF_UNIX/PF_LOCAL protocol family
[    4.365678] RPC: Registered named UNIX socket transport module.
[    4.366250] RPC: Registered udp transport module.
[    4.366689] RPC: Registered tcp transport module.
[    4.367127] RPC: Registered tcp NFSv4.1 backchannel transport module.
[    4.367743] pci_bus 0000:00: resource 4 [io  0x0000-0x0cf7 window]
[    4.368344] pci_bus 0000:00: resource 5 [io  0x0d00-0xffff window]
[    4.368921] pci_bus 0000:00: resource 6 [mem 0x000a0000-0x000bffff window]
[    4.369552] pci_bus 0000:00: resource 7 [mem 0x80000000-0xfebfffff window]
[    4.370191] pci_bus 0000:00: resource 8 [mem 0x100000000-0x17fffffff window]
[    4.371117] pci 0000:00:01.0: PIIX3: Enabling Passive Release
[    4.371661] pci 0000:00:00.0: Limiting direct PCI/PCI transfers
[    4.372330] PCI: CLS 0 bytes, default 64
[    4.372764] ACPI: bus type thunderbolt registered
[    4.373764] clocksource: tsc: mask: 0xffffffffffffffff max_cycles: 0x2cd5a8bb032, max_idle_ns: 440795365915 ns
[    4.380057] Initialise system trusted keyrings
[    4.380574] Key type blacklist registered
[    4.381205] workingset: timestamp_bits=36 max_order=19 bucket_order=0
[    4.381920] zbud: loaded
[    4.382982] squashfs: version 4.0 (2009/01/31) Phillip Lougher
[    4.384454] NFS: Registering the id_resolver key type
[    4.384956] Key type id_resolver registered
[    4.385348] Key type id_legacy registered
[    4.385767] nfs4filelayout_init: NFSv4 File Layout Driver Registering...
[    4.386412] nfs4flexfilelayout_init: NFSv4 Flexfile Layout Driver Registering...
[    4.387224] fuse: init (API version 7.37)
[    4.387851] SGI XFS with ACLs, security attributes, realtime, quota, no debug enabled
[    4.389236] 9p: Installing v9fs 9p2000 file system support
[    4.398901] Key type asymmetric registered
[    4.399309] Asymmetric key parser 'x509' registered
[    4.401438] alg: self-tests for CTR-KDF (hmac(sha256)) passed
[    4.402089] Block layer SCSI generic (bsg) driver version 0.4 loaded (major 243)
[    4.402943] io scheduler mq-deadline registered
[    4.403412] io scheduler bfq registered
[    4.405265] shpchp: Standard Hot Plug PCI Controller Driver version: 0.4
[    4.406421] IPMI message handler: version 39.2
[    4.406891] ipmi device interface
[    4.409137] input: Power Button as /devices/LNXSYSTM:00/LNXPWRBN:00/input/input0
[    4.410093] ACPI: button: Power Button [PWRF]
[    4.411645] ERST DBG: ERST support is disabled.
[    4.412826] Serial: 8250/16550 driver, 32 ports, IRQ sharing enabled
[    4.413977] 00:04: ttyS0 at I/O 0x3f8 (irq = 4, base_baud = 115200) is a 16550A
[    4.425865] Linux agpgart interface v0.103
[    4.426929] ACPI: bus type drm_connector registered
[    4.440969] brd: module loaded
[    4.449670] loop: module loaded
[    4.455052] scsi host0: ata_piix
[    4.456975] scsi host1: ata_piix
[    4.457506] ata1: PATA max MWDMA2 cmd 0x1f0 ctl 0x3f6 bmdma 0xc040 irq 14
[    4.458148] ata2: PATA max MWDMA2 cmd 0x170 ctl 0x376 bmdma 0xc048 irq 15
[    4.460578] tun: Universal TUN/TAP device driver, 1.6
[    4.461221] e100: Intel(R) PRO/100 Network Driver
[    4.461674] e100: Copyright(c) 1999-2006 Intel Corporation
[    4.462213] e1000: Intel(R) PRO/1000 Network Driver
[    4.462669] e1000: Copyright (c) 1999-2006 Intel Corporation.
[    4.615977] ata1: found unknown device (class 0)
[    4.617421] ata1.00: ATA-7: QEMU HARDDISK, 2.5+, max UDMA/100
[    4.618232] ata1.00: 16777216 sectors, multi 16: LBA48 
[    4.619346] ata2: found unknown device (class 0)
[    4.620924] ata2.00: ATAPI: QEMU DVD-ROM, 2.5+, max UDMA/100
[    4.621202] scsi 0:0:0:0: Direct-Access     ATA      QEMU HARDDISK    2.5+ PQ: 0 ANSI: 5
[    4.624718] scsi 0:0:0:0: Attached scsi generic sg0 type 0
[    4.626479] scsi 1:0:0:0: CD-ROM            QEMU     QEMU DVD-ROM     2.5+ PQ: 0 ANSI: 5
[    4.626866] sd 0:0:0:0: [sda] 16777216 512-byte logical blocks: (8.59 GB/8.00 GiB)
[    4.628796] sd 0:0:0:0: [sda] Write Protect is off
[    4.629613] sd 0:0:0:0: [sda] Write cache: enabled, read cache: enabled, doesn't support DPO or FUA
[    4.630987] sd 0:0:0:0: [sda] Preferred minimum I/O size 512 bytes
[    4.658138] sd 0:0:0:0: [sda] Attached SCSI disk
[    4.664864] scsi 1:0:0:0: Attached scsi generic sg1 type 5
[    4.684733] ACPI: \_SB_.LNKC: Enabled at IRQ 11
[    5.011187] e1000 0000:00:03.0 eth0: (PCI:33MHz:32-bit) 52:54:00:12:34:56
[    5.011893] e1000 0000:00:03.0 eth0: Intel(R) PRO/1000 Network Connection
[    5.012649] e1000e: Intel(R) PRO/1000 Network Driver
[    5.013106] e1000e: Copyright(c) 1999 - 2015 Intel Corporation.
[    5.013726] igb: Intel(R) Gigabit Ethernet Network Driver
[    5.014216] igb: Copyright (c) 2007-2014 Intel Corporation.
[    5.014848] PPP generic driver version 2.4.2
[    5.015842] VFIO - User Level meta-driver version: 0.3
[    5.016864] usbcore: registered new interface driver uas
[    5.017405] usbcore: registered new interface driver usb-storage
[    5.018131] i8042: PNP: PS/2 Controller [PNP0303:KBD,PNP0f13:MOU] at 0x60,0x64 irq 1,12
[    5.019586] serio: i8042 KBD port at 0x60,0x64 irq 1
[    5.020174] serio: i8042 AUX port at 0x60,0x64 irq 12
[    5.021399] mousedev: PS/2 mouse device common for all mice
[    5.022980] input: AT Translated Set 2 keyboard as /devices/platform/i8042/serio0/input/input1
[    5.024171] rtc_cmos 00:05: RTC can wake from S4
[    5.025389] input: VirtualPS/2 VMware VMMouse as /devices/platform/i8042/serio1/input/input4
[    5.026533] rtc_cmos 00:05: registered as rtc0
[    5.027270] rtc_cmos 00:05: setting system clock to 2022-12-27T22:38:22 UTC (1672180702)
[    5.027568] input: VirtualPS/2 VMware VMMouse as /devices/platform/i8042/serio1/input/input3
[    5.029441] rtc_cmos 00:05: alarms up to one day, y3k, 242 bytes nvram, hpet irqs
[    5.030437] i2c_dev: i2c /dev entries driver
[    5.030997] device-mapper: core: CONFIG_IMA_DISABLE_HTABLE is disabled. Duplicate IMA measurements will not be recorded in the IMA log.
[    5.032151] device-mapper: uevent: version 1.0.3
[    5.032798] device-mapper: ioctl: 4.47.0-ioctl (2022-07-28) initialised: dm-devel@redhat.com
[    5.033561] intel_pstate: CPU model not supported
[    5.034101] sdhci: Secure Digital Host Controller Interface driver
[    5.034656] sdhci: Copyright(c) Pierre Ossman
[    5.035134] sdhci-pltfm: SDHCI platform and OF driver helper
[    5.035715] ledtrig-cpu: registered to indicate activity on CPUs
[    5.036721] drop_monitor: Initializing network drop monitor service
[    5.037514] NET: Registered PF_INET6 protocol family
[    5.040163] Segment Routing with IPv6
[    5.040579] In-situ OAM (IOAM) with IPv6
[    5.041026] NET: Registered PF_PACKET protocol family
[    5.041715] 9pnet: Installing 9P2000 support
[    5.042184] Key type dns_resolver registered
[    5.043448] IPI shorthand broadcast: enabled
[    5.043972] sched_clock: Marking stable (5031283553, 12589416)->(5057685010, -13812041)
[    5.045418] registered taskstats version 1
[    5.046004] Loading compiled-in X.509 certificates
[    5.046785] zswap: loaded using pool lzo/zbud
[    5.066817] Key type .fscrypt registered
[    5.067216] Key type fscrypt-provisioning registered
[    5.069087] Key type encrypted registered
[    5.069542] ima: No TPM chip found, activating TPM-bypass!
[    5.070065] ima: Allocated hash algorithm: sha1
[    5.070529] ima: No architecture policies found
[    5.071015] evm: Initialising EVM extended attributes:
[    5.071484] evm: security.selinux
[    5.071835] evm: security.SMACK64
[    5.072156] evm: security.SMACK64EXEC
[    5.072498] evm: security.SMACK64TRANSMUTE
[    5.072878] evm: security.SMACK64MMAP
[    5.073222] evm: security.apparmor
[    5.073540] evm: security.ima
[    5.073824] evm: security.capability
[    5.074154] evm: HMAC attrs: 0x1
[    5.081989] PM:   Magic number: 2:982:654
[    5.082929] RAS: Correctable Errors collector initialized.
[    5.084906] md: Waiting for all devices to be available before autodetect
[    5.085366] md: If you don't use raid, use raid=noautodetect
[    5.085762] md: Autodetecting RAID arrays.
[    5.086048] md: autorun ...
[    5.086242] md: ... autorun DONE.
[    5.091073] EXT4-fs (sda): INFO: recovery required on readonly filesystem
[    5.091557] EXT4-fs (sda): write access will be enabled during recovery
[    5.311488] EXT4-fs (sda): recovery complete
[    5.317448] EXT4-fs (sda): mounted filesystem with ordered data mode. Quota mode: none.
[    5.318079] VFS: Mounted root (ext4 filesystem) readonly on device 8:0.
[    5.319308] devtmpfs: mounted
[    5.329878] Freeing unused decrypted memory: 2036K
[    5.332641] Freeing unused kernel image (initmem) memory: 3668K
[    5.333086] Write protecting the kernel read-only data: 43008k
[    5.336855] Freeing unused kernel image (text/rodata gap) memory: 2028K
[    5.337731] Freeing unused kernel image (rodata/data gap) memory: 364K
[    5.441933] x86/mm: Checked W+X mappings: passed, no W+X pages found.
[    5.442414] Run /sbin/init as init process
[    5.573024] systemd[1]: RTC configured in localtime, applying delta of 0 minutes to system time.
[    5.609059] systemd[1]: systemd 239 (239-49.el8) running in system mode. (+PAM +AUDIT +SELINUX +IMA -APPARMOR +SMACK +SYSVINIT +UTMP +LIBCRYPTSETUP +GCRYPT +GNUTLS +ACL +XZ +LZ4 +SECCOMP +BLKID +ELFUTILS +KMOD +IDN2 -IDN +PCRE2 default-hierarchy=legacy)
[    5.610830] systemd[1]: Detected virtualization kvm.
[    5.611186] systemd[1]: Detected architecture x86-64.

Welcome to [0;31mCentOS Stream 8[0m!

[    5.671382] systemd[1]: Set hostname to <test>.
[    6.076317] systemd[1]: Listening on initctl Compatibility Named Pipe.
[[0;32m  OK  [0m] Listening on initctl Compatibility Named Pipe.
[    6.078228] systemd[1]: Listening on udev Control Socket.
[[0;32m  OK  [0m] Listening on udev Control Socket.
[    6.079310] systemd[1]: Reached target Swap.
[[0;32m  OK  [0m] Reached target Swap.
[    6.080384] systemd[1]: Listening on multipathd control socket.
[[0;32m  OK  [0m] Listening on multipathd control socket.
[    6.081784] systemd[1]: Listening on LVM2 poll daemon socket.
[[0;32m  OK  [0m] Listening on LVM2 poll daemon socket.
[    6.085405] systemd[1]: Created slice User and Session Slice.
[[0;32m  OK  [0m] Created slice User and Session Slice.
[[0;32m  OK  [0m] Started Forward Password Requests to Wall Directory Watch.
[[0;32m  OK  [0m] Listening on Journal Socket.
         Starting Setup Virtual Console...
         Mounting Huge Pages File System...
[[0;32m  OK  [0m] Created slice system-sshd\x2dkeygen.slice.
[[0;32m  OK  [0m] Set up automount Arbitrary Executabâ€¦rmats File System Automount Point.
[[0;32m  OK  [0m] Listening on udev Kernel Socket.
         Starting udev Coldplug all Devices...
[[0;32m  OK  [0m] Created slice system-serial\x2dgetty.slice.
         Mounting POSIX Message Queue File System...
[[0;32m  OK  [0m] Created slice system-getty.slice.
[[0;32m  OK  [0m] Listening on RPCbind Server Activation Socket.
[[0;32m  OK  [0m] Reached target RPC Port Mapper.
[[0;32m  OK  [0m] Listening on Device-mapper event daemon FIFOs.
         Starting Monitoring of LVM2 mirrorsâ€¦ng dmeventd or progress polling...
         Starting Load Kernel Modules...
[[0;32m  OK  [0m] Listening on Journal Socket (/dev/log).
         Starting Journal Service...
[[0;32m  OK  [0m] Reached target Slices.
         Mounting Kernel Debug File System...
[[0;32m  OK  [0m] Listening on Process Core Dump Socket.
         Starting Remount Root and Kernel File Systems...
[[0;32m  OK  [0m] Mounted Huge Pages File System.
[[0;32m  OK  [0m] Started Journal Service.
[[0;32m  OK  [0m] Started Setup Virtual Console.
[[0;32m  OK  [0m] Mounted POSIX Message Queue File System.
[[0;1;31mFAILED[0m] Failed to start Load Kernel Modules.
See 'systemctl status systemd-modules-load.service' for details.
[[0;32m  OK  [0m] Mounted Kernel Debug File System.
         Mounting FUSE Control File System...
         Mounting Kernel Configuration File System...
         Starting Apply Kernel Variables...
[    6.770130] EXT4-fs (sda): re-mounted. Quota mode: none.
[[0;32m  OK  [0m] Started Remount Root and Kernel File Systems.
[[0;32m  OK  [0m] Mounted FUSE Control File System.
[[0;32m  OK  [0m] Mounted Kernel Configuration File System.
         Starting Load/Save Random Seed...
         Starting Flush Journal to Persistent Storage...
         Starting Create Static Device Nodes in /dev...
[[0;32m  OK  [0m] Started Apply Kernel Variables.
[[0;32m  OK  [0m] Started Load/Save Random Seed.
[[0;32m  OK  [0m] Started Flush Journal to Persistent Storage.
[[0;32m  OK  [0m] Started Create Static Device Nodes in /dev.
         Starting udev Kernel Device Manager...
[[0;32m  OK  [0m] Started udev Coldplug all Devices.
         Starting udev Wait for Complete Device Initialization...
[[0;32m  OK  [0m] Started udev Kernel Device Manager.
         Starting Show Plymouth Boot Screen...
[[0;32m  OK  [0m] Started Show Plymouth Boot Screen.
[[0;32m  OK  [0m] Reached target Local Encrypted Volumes.
[[0;32m  OK  [0m] Reached target Paths.
[[0;32m  OK  [0m] Started Forward Password Requests to Plymouth Directory Watch.
[[0;32m  OK  [0m] Found device /dev/ttyS0.
[[0;32m  OK  [0m] Started Monitoring of LVM2 mirrors,â€¦sing dmeventd or progress polling.
[[0;32m  OK  [0m] Started udev Wait for Complete Device Initialization.
[[0;32m  OK  [0m] Reached target Local File Systems (Pre).
[[0;32m  OK  [0m] Reached target Local File Systems.
         Starting Restore /run/initramfs on shutdown...
         Starting Create Volatile Files and Directories...
         Starting Tell Plymouth To Write Out Runtime Data...
[[0;32m  OK  [0m] Listening on Load/Save RF Kill Switch Status /dev/rfkill Watch.
[[0;32m  OK  [0m] Started Restore /run/initramfs on shutdown.
[[0;32m  OK  [0m] Started Tell Plymouth To Write Out Runtime Data.
[[0;32m  OK  [0m] Started Create Volatile Files and Directories.
         Starting RPC Bind...
         Mounting RPC Pipe File System...
         Starting Security Auditing Service...
[[0;32m  OK  [0m] Mounted RPC Pipe File System.
[[0;32m  OK  [0m] Reached target rpc_pipefs.target.
[[0;32m  OK  [0m] Started RPC Bind.
[[0;32m  OK  [0m] Started Security Auditing Service.
         Starting Update UTMP about System Boot/Shutdown...
[[0;32m  OK  [0m] Started Update UTMP about System Boot/Shutdown.
[[0;32m  OK  [0m] Reached target System Initialization.
[[0;32m  OK  [0m] Started dnf makecache --timer.
[[0;32m  OK  [0m] Started Daily Cleanup of Temporary Directories.
[[0;32m  OK  [0m] Listening on SSSD Kerberos Cache Manager responder socket.
[[0;32m  OK  [0m] Started daily update of the root trust anchor for DNSSEC.
[[0;32m  OK  [0m] Reached target Timers.
[[0;32m  OK  [0m] Listening on D-Bus System Message Bus Socket.
[[0;32m  OK  [0m] Reached target Sockets.
[[0;32m  OK  [0m] Reached target Basic System.
         Starting Login Service...
         Starting Auto-connect to subsystemsâ€¦-NVME devices found during boot...
[[0;32m  OK  [0m] Started Machine Check Exception Logging Daemon.
         Starting NTP client/server...
[[0;32m  OK  [0m] Started irqbalance daemon.
         Starting Self Monitoring and Reporting Technology (SMART) Daemon...
         Starting Authorization Manager...
[[0;32m  OK  [0m] Reached target sshd-keygen.target.
[[0;32m  OK  [0m] Started D-Bus System Message Bus.
         Starting Network Manager...
[[0;32m  OK  [0m] Started Auto-connect to subsystems â€¦FC-NVME devices found during boot.
[[0;32m  OK  [0m] Started Self Monitoring and Reporting Technology (SMART) Daemon.
         Starting update of the root trust aâ€¦or DNSSEC validation in unbound...
[[0;32m  OK  [0m] Started Login Service.
[[0;32m  OK  [0m] Started NTP client/server.
[[0;32m  OK  [0m] Started Network Manager.
[[0;32m  OK  [0m] Reached target Network.
         Starting GSSAPI Proxy Daemon...
         Starting OpenSSH server daemon...
         Starting Dynamic System Tuning Daemon...
         Starting Network Manager Wait Online...
         Starting Hostname Service...
[[0;32m  OK  [0m] Started OpenSSH server daemon.
[[0;32m  OK  [0m] Started GSSAPI Proxy Daemon.
[[0;32m  OK  [0m] Reached target NFS client services.
[[0;32m  OK  [0m] Reached target Remote File Systems (Pre).
[[0;32m  OK  [0m] Reached target Remote File Systems.
         Starting Permit User Sessions...
[[0;32m  OK  [0m] Started Permit User Sessions.
[[0;32m  OK  [0m] Started Command Scheduler.
         Starting Hold until boot process finishes up...
         Starting Terminate Plymouth Boot Screen...
[[0;32m  OK  [0m] Started Authorization Manager.
[[0;32m  OK  [0m] Started update of the root trust anâ€¦ for DNSSEC validation in unbound.
[    9.547933] e1000: eth0 NIC Link is Up 1000 Mbps Full Duplex, Flow Control: RX
[    9.549205] IPv6: ADDRCONF(NETDEV_CHANGE): eth0: link becomes ready
[    9.768275] Spectre V2 : WARNING: Unprivileged eBPF is enabled with eIBRS on, data leaks possible via Spectre v2 BHB attacks!
[    9.769150] Spectre V2 : WARNING: Unprivileged eBPF is enabled with eIBRS on, data leaks possible via Spectre v2 BHB attacks!

CentOS Stream 8
Kernel 6.1.0-13c574fec815+ on an x86_64

test login: [   28.992256] sg_write: data in/out 3278044/1 bytes for SCSI command 0x3c-- guessing data in;
[   28.992256]    program repro not setting count and/or reply_len properly
[   28.994119] ------------[ cut here ]------------
[   28.994452] WARNING: CPU: 0 PID: 577 at lib/iov_iter.c:629 _copy_from_iter+0x130/0xa60
[   28.995007] Modules linked in:
[   28.995229] CPU: 0 PID: 577 Comm: repro Not tainted 6.1.0-13c574fec815+ #1
[   28.995698] Hardware name: QEMU Standard PC (i440FX + PIIX, 1996), BIOS rel-1.16.0-0-gd239552ce722-prebuilt.qemu.org 04/01/2014
[   28.996723] RIP: 0010:_copy_from_iter+0x130/0xa60
[   28.997100] Code: 41 5e 41 5f 5d c3 cc cc cc cc e8 6b 0b 5f ff be 79 02 00 00 48 c7 c7 74 1e 73 83 e8 4a 45 7f ff e9 3f ff ff ff e8 50 0b 5f ff <0f> 0b 31 db eb ac e8 45 0b 5f ff 31 ff 44 89 f6 e8 4b 0c 5f ff 45
[   28.998410] RSP: 0018:ffffc90000f5f8e0 EFLAGS: 00010246
[   28.998773] RAX: 0000000000000000 RBX: 0000000000001000 RCX: ffffffff81caadd3
[   28.999458] RDX: 0000000000000000 RSI: ffff88800dd82980 RDI: 0000000000000002
[   28.999961] RBP: ffffc90000f5f970 R08: 0000000000000000 R09: 000000000000ffff
[   29.000446] R10: ffffea000056f000 R11: 0000000000000000 R12: ffffc90000f5fa28
[   29.000929] R13: 0000000000000000 R14: ffffea0000371200 R15: 0000000000000000
[   29.001477] FS:  00007f7b1fb3d740(0000) GS:ffff88807dc00000(0000) knlGS:0000000000000000
[   29.002034] CS:  0010 DS: 0000 ES: 0000 CR0: 0000000080050033
[   29.002427] CR2: 0000000000000000 CR3: 000000000d2d8003 CR4: 0000000000770ef0
[   29.002909] PKRU: 55555554
[   29.003103] Call Trace:
[   29.003279]  <TASK>
[   29.003437]  ? __sanitizer_cov_trace_pc+0x25/0x60
[   29.003793]  ? bio_add_hw_page+0x234/0x2e0
[   29.004088]  ? write_comp_data+0x2f/0x90
[   29.004372]  copy_page_from_iter+0x1aa/0x370
[   29.004679]  ? write_comp_data+0x2f/0x90
[   29.004963]  blk_rq_map_user_iov+0x531/0xa70
[   29.005400]  blk_rq_map_user+0x86/0xc0
[   29.005719]  blk_rq_map_user_io+0xbe/0xd0
[   29.006001]  sg_common_write.isra.20+0x5fd/0xb10
[   29.006356]  sg_write+0x43a/0x750
[   29.006610]  ? write_comp_data+0x2f/0x90
[   29.006890]  ? __sanitizer_cov_trace_pc+0x25/0x60
[   29.007219]  ? iovec_from_user.part.28+0x132/0x370
[   29.007557]  ? write_comp_data+0x2f/0x90
[   29.007854]  ? write_comp_data+0x2f/0x90
[   29.008138]  ? __sanitizer_cov_trace_pc+0x25/0x60
[   29.008468]  ? write_comp_data+0x2f/0x90
[   29.008753]  do_iter_write+0x273/0x320
[   29.009036]  vfs_writev+0xd2/0x3d0
[   29.009288]  ? write_comp_data+0x2f/0x90
[   29.009570]  ? __sanitizer_cov_trace_pc+0x25/0x60
[   29.009913]  ? write_comp_data+0x2f/0x90
[   29.010196]  do_writev+0xa6/0x1c0
[   29.010440]  ? do_writev+0xa6/0x1c0
[   29.010703]  __x64_sys_writev+0x29/0x30
[   29.010985]  do_syscall_64+0x3b/0x90
[   29.011258]  entry_SYSCALL_64_after_hwframe+0x63/0xcd
[   29.011614] RIP: 0033:0x7f7b1fc6259d
[   29.011892] Code: 00 c3 66 2e 0f 1f 84 00 00 00 00 00 90 f3 0f 1e fa 48 89 f8 48 89 f7 48 89 d6 48 89 ca 4d 89 c2 4d 89 c8 4c 8b 4c 24 08 0f 05 <48> 3d 01 f0 ff ff 73 01 c3 48 8b 0d d3 08 0d 00 f7 d8 64 89 01 48
[   29.013119] RSP: 002b:00007ffec7a029d8 EFLAGS: 00000283 ORIG_RAX: 0000000000000014
[   29.013634] RAX: ffffffffffffffda RBX: 0000000000000000 RCX: 00007f7b1fc6259d
[   29.014102] RDX: 0000000000000002 RSI: 00000000200000c0 RDI: 0000000000000003
[   29.014574] RBP: 00007ffec7a029f0 R08: 00007ffec7a02ad0 R09: 00007ffec7a02ad0
[   29.015059] R10: 002367732f766564 R11: 0000000000000283 R12: 00000000004010a0
[   29.015546] R13: 00007ffec7a02ad0 R14: 0000000000000000 R15: 0000000000000000
[   29.016062]  </TASK>
[   29.016226] irq event stamp: 5775
[   29.016458] hardirqs last  enabled at (5783): [<ffffffff811b9341>] __up_console_sem+0x91/0xb0
[   29.017040] hardirqs last disabled at (5790): [<ffffffff811b9326>] __up_console_sem+0x76/0xb0
[   29.017614] softirqs last  enabled at (5764): [<ffffffff83000329>] __do_softirq+0x329/0x490
[   29.018172] softirqs last disabled at (5759): [<ffffffff811125e2>] irq_exit_rcu+0xd2/0x100
[   29.018733] ---[ end trace 0000000000000000 ]---
[   29.026545] sg_write: data in/out 3278044/1 bytes for SCSI command 0x3c-- guessing data in;
[   29.026545]    program repro not setting count and/or reply_len properly
[   29.033215] sg_write: data in/out 3278044/1 bytes for SCSI command 0x3c-- guessing data in;
[   29.033215]    program repro not setting count and/or reply_len properly
[   29.041865] sg_write: data in/out 3278044/1 bytes for SCSI command 0x3c-- guessing data in;
[   29.041865]    program repro not setting count and/or reply_len properly
[   29.050700] sg_write: data in/out 3278044/1 bytes for SCSI command 0x3c-- guessing data in;
[   29.050700]    program repro not setting count and/or reply_len properly
[   29.059939] sg_write: data in/out 3278044/1 bytes for SCSI command 0x3c-- guessing data in;
[   29.059939]    program repro not setting count and/or reply_len properly
[   29.067592] sg_write: data in/out 3278044/1 bytes for SCSI command 0x3c-- guessing data in;
[   29.067592]    program repro not setting count and/or reply_len properly
[   29.073816] sg_write: data in/out 3278044/1 bytes for SCSI command 0x3c-- guessing data in;
[   29.073816]    program repro not setting count and/or reply_len properly
[   29.079656] sg_write: data in/out 3278044/1 bytes for SCSI command 0x3c-- guessing data in;
[   29.079656]    program repro not setting count and/or reply_len properly
[   29.085423] sg_write: data in/out 3278044/1 bytes for SCSI command 0x3c-- guessing data in;
[   29.085423]    program repro not setting count and/or reply_len properly
[   33.996039] sg_write: 821 callbacks suppressed
[   33.996052] sg_write: data in/out 3278044/1 bytes for SCSI command 0x3c-- guessing data in;
[   33.996052]    program repro not setting count and/or reply_len properly
[   34.005408] sg_write: data in/out 3278044/1 bytes for SCSI command 0x3c-- guessing data in;
[   34.005408]    program repro not setting count and/or reply_len properly
[   34.015500] sg_write: data in/out 3278044/1 bytes for SCSI command 0x3c-- guessing data in;
[   34.015500]    program repro not setting count and/or reply_len properly
[   34.023374] sg_write: data in/out 3278044/1 bytes for SCSI command 0x3c-- guessing data in;
[   34.023374]    program repro not setting count and/or reply_len properly
[   34.030263] sg_write: data in/out 3278044/1 bytes for SCSI command 0x3c-- guessing data in;
[   34.030263]    program repro not setting count and/or reply_len properly
[   34.037074] sg_write: data in/out 3278044/1 bytes for SCSI command 0x3c-- guessing data in;
[   34.037074]    program repro not setting count and/or reply_len properly
[   34.044031] sg_write: data in/out 3278044/1 bytes for SCSI command 0x3c-- guessing data in;
[   34.044031]    program repro not setting count and/or reply_len properly
[   34.050804] sg_write: data in/out 3278044/1 bytes for SCSI command 0x3c-- guessing data in;
[   34.050804]    program repro not setting count and/or reply_len properly
[   34.057512] sg_write: data in/out 3278044/1 bytes for SCSI command 0x3c-- guessing data in;
[   34.057512]    program repro not setting count and/or reply_len properly
[   34.065878] sg_write: data in/out 3278044/1 bytes for SCSI command 0x3c-- guessing data in;
[   34.065878]    program repro not setting count and/or reply_len properly
[   39.003148] sg_write: 746 callbacks suppressed
[   39.003166] sg_write: data in/out 3278044/1 bytes for SCSI command 0x3c-- guessing data in;
[   39.003166]    program repro not setting count and/or reply_len properly
[   39.013536] sg_write: data in/out 3278044/1 bytes for SCSI command 0x3c-- guessing data in;
[   39.013536]    program repro not setting count and/or reply_len properly
[   39.022764] sg_write: data in/out 3278044/1 bytes for SCSI command 0x3c-- guessing data in;
[   39.022764]    program repro not setting count and/or reply_len properly
[   39.032425] sg_write: data in/out 3278044/1 bytes for SCSI command 0x3c-- guessing data in;
[   39.032425]    program repro not setting count and/or reply_len properly
[   39.042199] sg_write: data in/out 3278044/1 bytes for SCSI command 0x3c-- guessing data in;
[   39.042199]    program repro not setting count and/or reply_len properly
[   39.051901] sg_write: data in/out 3278044/1 bytes for SCSI command 0x3c-- guessing data in;
[   39.051901]    program repro not setting count and/or reply_len properly
[   39.061368] sg_write: data in/out 3278044/1 bytes for SCSI command 0x3c-- guessing data in;
[   39.061368]    program repro not setting count and/or reply_len properly
[   39.070697] sg_write: data in/out 3278044/1 bytes for SCSI command 0x3c-- guessing data in;
[   39.070697]    program repro not setting count and/or reply_len properly
[   39.078703] sg_write: data in/out 3278044/1 bytes for SCSI command 0x3c-- guessing data in;
[   39.078703]    program repro not setting count and/or reply_len properly
[   39.085246] sg_write: data in/out 3278044/1 bytes for SCSI command 0x3c-- guessing data in;
[   39.085246]    program repro not setting count and/or reply_len properly
[   44.008047] sg_write: 682 callbacks suppressed
[   44.008060] sg_write: data in/out 3278044/1 bytes for SCSI command 0x3c-- guessing data in;
[   44.008060]    program repro not setting count and/or reply_len properly
[   44.014963] sg_write: data in/out 3278044/1 bytes for SCSI command 0x3c-- guessing data in;
[   44.014963]    program repro not setting count and/or reply_len properly
[   44.021457] sg_write: data in/out 3278044/1 bytes for SCSI command 0x3c-- guessing data in;
[   44.021457]    program repro not setting count and/or reply_len properly
[   44.027981] sg_write: data in/out 3278044/1 bytes for SCSI command 0x3c-- guessing data in;
[   44.027981]    program repro not setting count and/or reply_len properly
[   44.034416] sg_write: data in/out 3278044/1 bytes for SCSI command 0x3c-- guessing data in;
[   44.034416]    program repro not setting count and/or reply_len properly
[   44.040862] sg_write: data in/out 3278044/1 bytes for SCSI command 0x3c-- guessing data in;
[   44.040862]    program repro not setting count and/or reply_len properly
[   44.047191] sg_write: data in/out 3278044/1 bytes for SCSI command 0x3c-- guessing data in;
[   44.047191]    program repro not setting count and/or reply_len properly
[   44.053621] sg_write: data in/out 3278044/1 bytes for SCSI command 0x3c-- guessing data in;
[   44.053621]    program repro not setting count and/or reply_len properly
[   44.060278] sg_write: data in/out 3278044/1 bytes for SCSI command 0x3c-- guessing data in;
[   44.060278]    program repro not setting count and/or reply_len properly
[   44.066634] sg_write: data in/out 3278044/1 bytes for SCSI command 0x3c-- guessing data in;
[   44.066634]    program repro not setting count and/or reply_len properly
[   49.013804] sg_write: 922 callbacks suppressed
[   49.013815] sg_write: data in/out 3278044/1 bytes for SCSI command 0x3c-- guessing data in;
[   49.013815]    program repro not setting count and/or reply_len properly
[   49.019064] sg_write: data in/out 3278044/1 bytes for SCSI command 0x3c-- guessing data in;
[   49.019064]    program repro not setting count and/or reply_len properly
[   49.024127] sg_write: data in/out 3278044/1 bytes for SCSI command 0x3c-- guessing data in;
[   49.024127]    program repro not setting count and/or reply_len properly
[   49.029065] sg_write: data in/out 3278044/1 bytes for SCSI command 0x3c-- guessing data in;
[   49.029065]    program repro not setting count and/or reply_len properly
[   49.034183] sg_write: data in/out 3278044/1 bytes for SCSI command 0x3c-- guessing data in;
[   49.034183]    program repro not setting count and/or reply_len properly
[   49.039316] sg_write: data in/out 3278044/1 bytes for SCSI command 0x3c-- guessing data in;
[   49.039316]    program repro not setting count and/or reply_len properly
[   49.044355] sg_write: data in/out 3278044/1 bytes for SCSI command 0x3c-- guessing data in;
[   49.044355]    program repro not setting count and/or reply_len properly
[   49.049244] sg_write: data in/out 3278044/1 bytes for SCSI command 0x3c-- guessing data in;
[   49.049244]    program repro not setting count and/or reply_len properly
[   49.054193] sg_write: data in/out 3278044/1 bytes for SCSI command 0x3c-- guessing data in;
[   49.054193]    program repro not setting count and/or reply_len properly
[   49.059161] sg_write: data in/out 3278044/1 bytes for SCSI command 0x3c-- guessing data in;
[   49.059161]    program repro not setting count and/or reply_len properly
[   54.018054] sg_write: 993 callbacks suppressed
[   54.018070] sg_write: data in/out 3278044/1 bytes for SCSI command 0x3c-- guessing data in;
[   54.018070]    program repro not setting count and/or reply_len properly
[   54.027421] sg_write: data in/out 3278044/1 bytes for SCSI command 0x3c-- guessing data in;
[   54.027421]    program repro not setting count and/or reply_len properly
[   54.036470] sg_write: data in/out 3278044/1 bytes for SCSI command 0x3c-- guessing data in;
[   54.036470]    program repro not setting count and/or reply_len properly
[   54.045276] sg_write: data in/out 3278044/1 bytes for SCSI command 0x3c-- guessing data in;
[   54.045276]    program repro not setting count and/or reply_len properly
[   54.054010] sg_write: data in/out 3278044/1 bytes for SCSI command 0x3c-- guessing data in;
[   54.054010]    program repro not setting count and/or reply_len properly
[   54.063237] sg_write: data in/out 3278044/1 bytes for SCSI command 0x3c-- guessing data in;
[   54.063237]    program repro not setting count and/or reply_len properly
[   54.072371] sg_write: data in/out 3278044/1 bytes for SCSI command 0x3c-- guessing data in;
[   54.072371]    program repro not setting count and/or reply_len properly
[   54.081373] sg_write: data in/out 3278044/1 bytes for SCSI command 0x3c-- guessing data in;
[   54.081373]    program repro not setting count and/or reply_len properly
[   54.090180] sg_write: data in/out 3278044/1 bytes for SCSI command 0x3c-- guessing data in;
[   54.090180]    program repro not setting count and/or reply_len properly
[   54.099268] sg_write: data in/out 3278044/1 bytes for SCSI command 0x3c-- guessing data in;
[   54.099268]    program repro not setting count and/or reply_len properly
[   59.020058] sg_write: 942 callbacks suppressed
[   59.020070] sg_write: data in/out 3278044/1 bytes for SCSI command 0x3c-- guessing data in;
[   59.020070]    program repro not setting count and/or reply_len properly
[   59.027217] sg_write: data in/out 3278044/1 bytes for SCSI command 0x3c-- guessing data in;
[   59.027217]    program repro not setting count and/or reply_len properly
[   59.033946] sg_write: data in/out 3278044/1 bytes for SCSI command 0x3c-- guessing data in;
[   59.033946]    program repro not setting count and/or reply_len properly
[   59.040710] sg_write: data in/out 3278044/1 bytes for SCSI command 0x3c-- guessing data in;
[   59.040710]    program repro not setting count and/or reply_len properly
[   59.047167] sg_write: data in/out 3278044/1 bytes for SCSI command 0x3c-- guessing data in;
[   59.047167]    program repro not setting count and/or reply_len properly
[   59.053535] sg_write: data in/out 3278044/1 bytes for SCSI command 0x3c-- guessing data in;
[   59.053535]    program repro not setting count and/or reply_len properly
[   59.060061] sg_write: data in/out 3278044/1 bytes for SCSI command 0x3c-- guessing data in;
[   59.060061]    program repro not setting count and/or reply_len properly
[   59.066316] sg_write: data in/out 3278044/1 bytes for SCSI command 0x3c-- guessing data in;
[   59.066316]    program repro not setting count and/or reply_len properly
[   59.072999] sg_write: data in/out 3278044/1 bytes for SCSI command 0x3c-- guessing data in;
[   59.072999]    program repro not setting count and/or reply_len properly
[   59.079377] sg_write: data in/out 3278044/1 bytes for SCSI command 0x3c-- guessing data in;
[   59.079377]    program repro not setting count and/or reply_len properly
[   64.027587] sg_write: 969 callbacks suppressed
[   64.027609] sg_write: data in/out 3278044/1 bytes for SCSI command 0x3c-- guessing data in;
[   64.027609]    program repro not setting count and/or reply_len properly
[   64.034884] sg_write: data in/out 3278044/1 bytes for SCSI command 0x3c-- guessing data in;
[   64.034884]    program repro not setting count and/or reply_len properly
[   64.041811] sg_write: data in/out 3278044/1 bytes for SCSI command 0x3c-- guessing data in;
[   64.041811]    program repro not setting count and/or reply_len properly
[   64.047647] sg_write: data in/out 3278044/1 bytes for SCSI command 0x3c-- guessing data in;
[   64.047647]    program repro not setting count and/or reply_len properly
[   64.053423] sg_write: data in/out 3278044/1 bytes for SCSI command 0x3c-- guessing data in;
[   64.053423]    program repro not setting count and/or reply_len properly
[   64.059126] sg_write: data in/out 3278044/1 bytes for SCSI command 0x3c-- guessing data in;
[   64.059126]    program repro not setting count and/or reply_len properly
[   64.064957] sg_write: data in/out 3278044/1 bytes for SCSI command 0x3c-- guessing data in;
[   64.064957]    program repro not setting count and/or reply_len properly
[   64.070843] sg_write: data in/out 3278044/1 bytes for SCSI command 0x3c-- guessing data in;
[   64.070843]    program repro not setting count and/or reply_len properly
[   64.076783] sg_write: data in/out 3278044/1 bytes for SCSI command 0x3c-- guessing data in;
[   64.076783]    program repro not setting count and/or reply_len properly
[   64.082714] sg_write: data in/out 3278044/1 bytes for SCSI command 0x3c-- guessing data in;
[   64.082714]    program repro not setting count and/or reply_len properly
[   69.029956] sg_write: 947 callbacks suppressed
[   69.029967] sg_write: data in/out 3278044/1 bytes for SCSI command 0x3c-- guessing data in;
[   69.029967]    program repro not setting count and/or reply_len properly
[   69.038259] sg_write: data in/out 3278044/1 bytes for SCSI command 0x3c-- guessing data in;
[   69.038259]    program repro not setting count and/or reply_len properly
[   69.047390] sg_write: data in/out 3278044/1 bytes for SCSI command 0x3c-- guessing data in;
[   69.047390]    program repro not setting count and/or reply_len properly
[   69.056453] sg_write: data in/out 3278044/1 bytes for SCSI command 0x3c-- guessing data in;
[   69.056453]    program repro not setting count and/or reply_len properly
[   69.065156] sg_write: data in/out 3278044/1 bytes for SCSI command 0x3c-- guessing data in;
[   69.065156]    program repro not setting count and/or reply_len properly
[   69.073887] sg_write: data in/out 3278044/1 bytes for SCSI command 0x3c-- guessing data in;
[   69.073887]    program repro not setting count and/or reply_len properly
[   69.083167] sg_write: data in/out 3278044/1 bytes for SCSI command 0x3c-- guessing data in;
[   69.083167]    program repro not setting count and/or reply_len properly
[   69.092000] sg_write: data in/out 3278044/1 bytes for SCSI command 0x3c-- guessing data in;
[   69.092000]    program repro not setting count and/or reply_len properly
[   69.100899] sg_write: data in/out 3278044/1 bytes for SCSI command 0x3c-- guessing data in;
[   69.100899]    program repro not setting count and/or reply_len properly
[   69.109674] sg_write: data in/out 3278044/1 bytes for SCSI command 0x3c-- guessing data in;
[   69.109674]    program repro not setting count and/or reply_len properly
[   74.034658] sg_write: 943 callbacks suppressed
[   74.034671] sg_write: data in/out 3278044/1 bytes for SCSI command 0x3c-- guessing data in;
[   74.034671]    program repro not setting count and/or reply_len properly
[   74.041250] sg_write: data in/out 3278044/1 bytes for SCSI command 0x3c-- guessing data in;
[   74.041250]    program repro not setting count and/or reply_len properly
[   74.047583] sg_write: data in/out 3278044/1 bytes for SCSI command 0x3c-- guessing data in;
[   74.047583]    program repro not setting count and/or reply_len properly
[   74.054100] sg_write: data in/out 3278044/1 bytes for SCSI command 0x3c-- guessing data in;
[   74.054100]    program repro not setting count and/or reply_len properly
[   74.060578] sg_write: data in/out 3278044/1 bytes for SCSI command 0x3c-- guessing data in;
[   74.060578]    program repro not setting count and/or reply_len properly
[   74.066715] sg_write: data in/out 3278044/1 bytes for SCSI command 0x3c-- guessing data in;
[   74.066715]    program repro not setting count and/or reply_len properly
[   74.073086] sg_write: data in/out 3278044/1 bytes for SCSI command 0x3c-- guessing data in;
[   74.073086]    program repro not setting count and/or reply_len properly
[   74.079379] sg_write: data in/out 3278044/1 bytes for SCSI command 0x3c-- guessing data in;
[   74.079379]    program repro not setting count and/or reply_len properly
[   74.086377] sg_write: data in/out 3278044/1 bytes for SCSI command 0x3c-- guessing data in;
[   74.086377]    program repro not setting count and/or reply_len properly
[   74.092688] sg_write: data in/out 3278044/1 bytes for SCSI command 0x3c-- guessing data in;
[   74.092688]    program repro not setting count and/or reply_len properly
[   79.037678] sg_write: 972 callbacks suppressed
[   79.037694] sg_write: data in/out 3278044/1 bytes for SCSI command 0x3c-- guessing data in;
[   79.037694]    program repro not setting count and/or reply_len properly
[   79.045787] sg_write: data in/out 3278044/1 bytes for SCSI command 0x3c-- guessing data in;
[   79.045787]    program repro not setting count and/or reply_len properly
[   79.053213] sg_write: data in/out 3278044/1 bytes for SCSI command 0x3c-- guessing data in;
[   79.053213]    program repro not setting count and/or reply_len properly
[   79.060968] sg_write: data in/out 3278044/1 bytes for SCSI command 0x3c-- guessing data in;
[   79.060968]    program repro not setting count and/or reply_len properly
[   79.068860] sg_write: data in/out 3278044/1 bytes for SCSI command 0x3c-- guessing data in;
[   79.068860]    program repro not setting count and/or reply_len properly
[   79.075484] sg_write: data in/out 3278044/1 bytes for SCSI command 0x3c-- guessing data in;
[   79.075484]    program repro not setting count and/or reply_len properly
[   79.080618] sg_write: data in/out 3278044/1 bytes for SCSI command 0x3c-- guessing data in;
[   79.080618]    program repro not setting count and/or reply_len properly
[   79.085817] sg_write: data in/out 3278044/1 bytes for SCSI command 0x3c-- guessing data in;
[   79.085817]    program repro not setting count and/or reply_len properly
[   79.091089] sg_write: data in/out 3278044/1 bytes for SCSI command 0x3c-- guessing data in;
[   79.091089]    program repro not setting count and/or reply_len properly
[   79.096446] sg_write: data in/out 3278044/1 bytes for SCSI command 0x3c-- guessing data in;
[   79.096446]    program repro not setting count and/or reply_len properly
[   84.040212] sg_write: 924 callbacks suppressed
[   84.040224] sg_write: data in/out 3278044/1 bytes for SCSI command 0x3c-- guessing data in;
[   84.040224]    program repro not setting count and/or reply_len properly
[   84.046904] sg_write: data in/out 3278044/1 bytes for SCSI command 0x3c-- guessing data in;
[   84.046904]    program repro not setting count and/or reply_len properly
[   84.053217] sg_write: data in/out 3278044/1 bytes for SCSI command 0x3c-- guessing data in;
[   84.053217]    program repro not setting count and/or reply_len properly
[   84.059478] sg_write: data in/out 3278044/1 bytes for SCSI command 0x3c-- guessing data in;
[   84.059478]    program repro not setting count and/or reply_len properly
[   84.065836] sg_write: data in/out 3278044/1 bytes for SCSI command 0x3c-- guessing data in;
[   84.065836]    program repro not setting count and/or reply_len properly
[   84.071968] sg_write: data in/out 3278044/1 bytes for SCSI command 0x3c-- guessing data in;
[   84.071968]    program repro not setting count and/or reply_len properly
[   84.078253] sg_write: data in/out 3278044/1 bytes for SCSI command 0x3c-- guessing data in;
[   84.078253]    program repro not setting count and/or reply_len properly
[   84.084632] sg_write: data in/out 3278044/1 bytes for SCSI command 0x3c-- guessing data in;
[   84.084632]    program repro not setting count and/or reply_len properly
[   84.090815] sg_write: data in/out 3278044/1 bytes for SCSI command 0x3c-- guessing data in;
[   84.090815]    program repro not setting count and/or reply_len properly
[   84.097130] sg_write: data in/out 3278044/1 bytes for SCSI command 0x3c-- guessing data in;
[   84.097130]    program repro not setting count and/or reply_len properly
[   89.044328] sg_write: 867 callbacks suppressed
[   89.044340] sg_write: data in/out 3278044/1 bytes for SCSI command 0x3c-- guessing data in;
[   89.044340]    program repro not setting count and/or reply_len properly
[   89.051128] sg_write: data in/out 3278044/1 bytes for SCSI command 0x3c-- guessing data in;
[   89.051128]    program repro not setting count and/or reply_len properly
[   89.057928] sg_write: data in/out 3278044/1 bytes for SCSI command 0x3c-- guessing data in;
[   89.057928]    program repro not setting count and/or reply_len properly
[   89.064490] sg_write: data in/out 3278044/1 bytes for SCSI command 0x3c-- guessing data in;
[   89.064490]    program repro not setting count and/or reply_len properly
[   89.071341] sg_write: data in/out 3278044/1 bytes for SCSI command 0x3c-- guessing data in;
[   89.071341]    program repro not setting count and/or reply_len properly
[   89.077839] sg_write: data in/out 3278044/1 bytes for SCSI command 0x3c-- guessing data in;
[   89.077839]    program repro not setting count and/or reply_len properly
[   89.084363] sg_write: data in/out 3278044/1 bytes for SCSI command 0x3c-- guessing data in;
[   89.084363]    program repro not setting count and/or reply_len properly
[   89.091032] sg_write: data in/out 3278044/1 bytes for SCSI command 0x3c-- guessing data in;
[   89.091032]    program repro not setting count and/or reply_len properly
[   89.097460] sg_write: data in/out 3278044/1 bytes for SCSI command 0x3c-- guessing data in;
[   89.097460]    program repro not setting count and/or reply_len properly
[   89.105737] sg_write: data in/out 3278044/1 bytes for SCSI command 0x3c-- guessing data in;
[   89.105737]    program repro not setting count and/or reply_len properly
[   94.048821] sg_write: 910 callbacks suppressed
[   94.048837] sg_write: data in/out 3278044/1 bytes for SCSI command 0x3c-- guessing data in;
[   94.048837]    program repro not setting count and/or reply_len properly
[   94.058383] sg_write: data in/out 3278044/1 bytes for SCSI command 0x3c-- guessing data in;
[   94.058383]    program repro not setting count and/or reply_len properly
[   94.067495] sg_write: data in/out 3278044/1 bytes for SCSI command 0x3c-- guessing data in;
[   94.067495]    program repro not setting count and/or reply_len properly
[   94.075342] sg_write: data in/out 3278044/1 bytes for SCSI command 0x3c-- guessing data in;
[   94.075342]    program repro not setting count and/or reply_len properly
[   94.081466] sg_write: data in/out 3278044/1 bytes for SCSI command 0x3c-- guessing data in;
[   94.081466]    program repro not setting count and/or reply_len properly
[   94.087545] sg_write: data in/out 3278044/1 bytes for SCSI command 0x3c-- guessing data in;
[   94.087545]    program repro not setting count and/or reply_len properly
[   94.093442] sg_write: data in/out 3278044/1 bytes for SCSI command 0x3c-- guessing data in;
[   94.093442]    program repro not setting count and/or reply_len properly
[   94.099249] sg_write: data in/out 3278044/1 bytes for SCSI command 0x3c-- guessing data in;
[   94.099249]    program repro not setting count and/or reply_len properly
[   94.105338] sg_write: data in/out 3278044/1 bytes for SCSI command 0x3c-- guessing data in;
[   94.105338]    program repro not setting count and/or reply_len properly
[   94.111006] sg_write: data in/out 3278044/1 bytes for SCSI command 0x3c-- guessing data in;
[   94.111006]    program repro not setting count and/or reply_len properly
[   99.054406] sg_write: 941 callbacks suppressed
[   99.054418] sg_write: data in/out 3278044/1 bytes for SCSI command 0x3c-- guessing data in;
[   99.054418]    program repro not setting count and/or reply_len properly
[   99.061373] sg_write: data in/out 3278044/1 bytes for SCSI command 0x3c-- guessing data in;
[   99.061373]    program repro not setting count and/or reply_len properly
[   99.068233] sg_write: data in/out 3278044/1 bytes for SCSI command 0x3c-- guessing data in;
[   99.068233]    program repro not setting count and/or reply_len properly
[   99.075080] sg_write: data in/out 3278044/1 bytes for SCSI command 0x3c-- guessing data in;
[   99.075080]    program repro not setting count and/or reply_len properly
[   99.081690] sg_write: data in/out 3278044/1 bytes for SCSI command 0x3c-- guessing data in;
[   99.081690]    program repro not setting count and/or reply_len properly
[   99.088160] sg_write: data in/out 3278044/1 bytes for SCSI command 0x3c-- guessing data in;
[   99.088160]    program repro not setting count and/or reply_len properly
[   99.094814] sg_write: data in/out 3278044/1 bytes for SCSI command 0x3c-- guessing data in;
[   99.094814]    program repro not setting count and/or reply_len properly
[   99.101585] sg_write: data in/out 3278044/1 bytes for SCSI command 0x3c-- guessing data in;
[   99.101585]    program repro not setting count and/or reply_len properly
[   99.108282] sg_write: data in/out 3278044/1 bytes for SCSI command 0x3c-- guessing data in;
[   99.108282]    program repro not setting count and/or reply_len properly
[   99.115117] sg_write: data in/out 3278044/1 bytes for SCSI command 0x3c-- guessing data in;
[   99.115117]    program repro not setting count and/or reply_len properly
[  104.057207] sg_write: 969 callbacks suppressed
[  104.057220] sg_write: data in/out 3278044/1 bytes for SCSI command 0x3c-- guessing data in;
[  104.057220]    program repro not setting count and/or reply_len properly
[  104.063667] sg_write: data in/out 3278044/1 bytes for SCSI command 0x3c-- guessing data in;
[  104.063667]    program repro not setting count and/or reply_len properly
[  104.069822] sg_write: data in/out 3278044/1 bytes for SCSI command 0x3c-- guessing data in;
[  104.069822]    program repro not setting count and/or reply_len properly
[  104.075880] sg_write: data in/out 3278044/1 bytes for SCSI command 0x3c-- guessing data in;
[  104.075880]    program repro not setting count and/or reply_len properly
[  104.081974] sg_write: data in/out 3278044/1 bytes for SCSI command 0x3c-- guessing data in;
[  104.081974]    program repro not setting count and/or reply_len properly
[  104.087970] sg_write: data in/out 3278044/1 bytes for SCSI command 0x3c-- guessing data in;
[  104.087970]    program repro not setting count and/or reply_len properly
[  104.093921] sg_write: data in/out 3278044/1 bytes for SCSI command 0x3c-- guessing data in;
[  104.093921]    program repro not setting count and/or reply_len properly
[  104.100315] sg_write: data in/out 3278044/1 bytes for SCSI command 0x3c-- guessing data in;
[  104.100315]    program repro not setting count and/or reply_len properly
[  104.106272] sg_write: data in/out 3278044/1 bytes for SCSI command 0x3c-- guessing data in;
[  104.106272]    program repro not setting count and/or reply_len properly
[  104.112295] sg_write: data in/out 3278044/1 bytes for SCSI command 0x3c-- guessing data in;
[  104.112295]    program repro not setting count and/or reply_len properly
[  109.062210] sg_write: 901 callbacks suppressed
[  109.062221] sg_write: data in/out 3278044/1 bytes for SCSI command 0x3c-- guessing data in;
[  109.062221]    program repro not setting count and/or reply_len properly
[  109.068325] sg_write: data in/out 3278044/1 bytes for SCSI command 0x3c-- guessing data in;
[  109.068325]    program repro not setting count and/or reply_len properly
[  109.073745] sg_write: data in/out 3278044/1 bytes for SCSI command 0x3c-- guessing data in;
[  109.073745]    program repro not setting count and/or reply_len properly
[  109.079399] sg_write: data in/out 3278044/1 bytes for SCSI command 0x3c-- guessing data in;
[  109.079399]    program repro not setting count and/or reply_len properly
[  109.085204] sg_write: data in/out 3278044/1 bytes for SCSI command 0x3c-- guessing data in;
[  109.085204]    program repro not setting count and/or reply_len properly
[  109.090770] sg_write: data in/out 3278044/1 bytes for SCSI command 0x3c-- guessing data in;
[  109.090770]    program repro not setting count and/or reply_len properly
[  109.096507] sg_write: data in/out 3278044/1 bytes for SCSI command 0x3c-- guessing data in;
[  109.096507]    program repro not setting count and/or reply_len properly
[  109.102005] sg_write: data in/out 3278044/1 bytes for SCSI command 0x3c-- guessing data in;
[  109.102005]    program repro not setting count and/or reply_len properly
[  109.107582] sg_write: data in/out 3278044/1 bytes for SCSI command 0x3c-- guessing data in;
[  109.107582]    program repro not setting count and/or reply_len properly
[  109.113280] sg_write: data in/out 3278044/1 bytes for SCSI command 0x3c-- guessing data in;
[  109.113280]    program repro not setting count and/or reply_len properly
[  114.068529] sg_write: 931 callbacks suppressed
[  114.068541] sg_write: data in/out 3278044/1 bytes for SCSI command 0x3c-- guessing data in;
[  114.068541]    program repro not setting count and/or reply_len properly
[  114.075457] sg_write: data in/out 3278044/1 bytes for SCSI command 0x3c-- guessing data in;
[  114.075457]    program repro not setting count and/or reply_len properly
[  114.082033] sg_write: data in/out 3278044/1 bytes for SCSI command 0x3c-- guessing data in;
[  114.082033]    program repro not setting count and/or reply_len properly
[  114.088726] sg_write: data in/out 3278044/1 bytes for SCSI command 0x3c-- guessing data in;
[  114.088726]    program repro not setting count and/or reply_len properly
[  114.095144] sg_write: data in/out 3278044/1 bytes for SCSI command 0x3c-- guessing data in;
[  114.095144]    program repro not setting count and/or reply_len properly
[  114.101731] sg_write: data in/out 3278044/1 bytes for SCSI command 0x3c-- guessing data in;
[  114.101731]    program repro not setting count and/or reply_len properly
[  114.108531] sg_write: data in/out 3278044/1 bytes for SCSI command 0x3c-- guessing data in;
[  114.108531]    program repro not setting count and/or reply_len properly
[  114.115167] sg_write: data in/out 3278044/1 bytes for SCSI command 0x3c-- guessing data in;
[  114.115167]    program repro not setting count and/or reply_len properly
[  114.121801] sg_write: data in/out 3278044/1 bytes for SCSI command 0x3c-- guessing data in;
[  114.121801]    program repro not setting count and/or reply_len properly
[  114.128770] sg_write: data in/out 3278044/1 bytes for SCSI command 0x3c-- guessing data in;
[  114.128770]    program repro not setting count and/or reply_len properly
[  119.072227] sg_write: 674 callbacks suppressed
[  119.072243] sg_write: data in/out 3278044/1 bytes for SCSI command 0x3c-- guessing data in;
[  119.072243]    program repro not setting count and/or reply_len properly
[  119.079997] sg_write: data in/out 3278044/1 bytes for SCSI command 0x3c-- guessing data in;
[  119.079997]    program repro not setting count and/or reply_len properly
[  119.086200] sg_write: data in/out 3278044/1 bytes for SCSI command 0x3c-- guessing data in;
[  119.086200]    program repro not setting count and/or reply_len properly
[  119.092479] sg_write: data in/out 3278044/1 bytes for SCSI command 0x3c-- guessing data in;
[  119.092479]    program repro not setting count and/or reply_len properly
[  119.098376] sg_write: data in/out 3278044/1 bytes for SCSI command 0x3c-- guessing data in;
[  119.098376]    program repro not setting count and/or reply_len properly
[  119.104614] sg_write: data in/out 3278044/1 bytes for SCSI command 0x3c-- guessing data in;
[  119.104614]    program repro not setting count and/or reply_len properly
[  119.110336] sg_write: data in/out 3278044/1 bytes for SCSI command 0x3c-- guessing data in;
[  119.110336]    program repro not setting count and/or reply_len properly
[  119.116105] sg_write: data in/out 3278044/1 bytes for SCSI command 0x3c-- guessing data in;
[  119.116105]    program repro not setting count and/or reply_len properly
[  119.122260] sg_write: data in/out 3278044/1 bytes for SCSI command 0x3c-- guessing data in;
[  119.122260]    program repro not setting count and/or reply_len properly
[  119.128380] sg_write: data in/out 3278044/1 bytes for SCSI command 0x3c-- guessing data in;
[  119.128380]    program repro not setting count and/or reply_len properly
[  124.077002] sg_write: 761 callbacks suppressed
[  124.077013] sg_write: data in/out 3278044/1 bytes for SCSI command 0x3c-- guessing data in;
[  124.077013]    program repro not setting count and/or reply_len properly
[  124.083899] sg_write: data in/out 3278044/1 bytes for SCSI command 0x3c-- guessing data in;
[  124.083899]    program repro not setting count and/or reply_len properly
[  124.090199] sg_write: data in/out 3278044/1 bytes for SCSI command 0x3c-- guessing data in;
[  124.090199]    program repro not setting count and/or reply_len properly
[  124.096672] sg_write: data in/out 3278044/1 bytes for SCSI command 0x3c-- guessing data in;
[  124.096672]    program repro not setting count and/or reply_len properly
[  124.103104] sg_write: data in/out 3278044/1 bytes for SCSI command 0x3c-- guessing data in;
[  124.103104]    program repro not setting count and/or reply_len properly
[  124.109646] sg_write: data in/out 3278044/1 bytes for SCSI command 0x3c-- guessing data in;
[  124.109646]    program repro not setting count and/or reply_len properly
[  124.116374] sg_write: data in/out 3278044/1 bytes for SCSI command 0x3c-- guessing data in;
[  124.116374]    program repro not setting count and/or reply_len properly
[  124.122839] sg_write: data in/out 3278044/1 bytes for SCSI command 0x3c-- guessing data in;
[  124.122839]    program repro not setting count and/or reply_len properly
[  124.129280] sg_write: data in/out 3278044/1 bytes for SCSI command 0x3c-- guessing data in;
[  124.129280]    program repro not setting count and/or reply_len properly
[  124.136135] sg_write: data in/out 3278044/1 bytes for SCSI command 0x3c-- guessing data in;
[  124.136135]    program repro not setting count and/or reply_len properly
[  129.082108] sg_write: 824 callbacks suppressed
[  129.082127] sg_write: data in/out 3278044/1 bytes for SCSI command 0x3c-- guessing data in;
[  129.082127]    program repro not setting count and/or reply_len properly
[  129.087894] sg_write: data in/out 3278044/1 bytes for SCSI command 0x3c-- guessing data in;
[  129.087894]    program repro not setting count and/or reply_len properly
[  129.093133] sg_write: data in/out 3278044/1 bytes for SCSI command 0x3c-- guessing data in;
[  129.093133]    program repro not setting count and/or reply_len properly
[  129.098485] sg_write: data in/out 3278044/1 bytes for SCSI command 0x3c-- guessing data in;
[  129.098485]    program repro not setting count and/or reply_len properly
[  129.104121] sg_write: data in/out 3278044/1 bytes for SCSI command 0x3c-- guessing data in;
[  129.104121]    program repro not setting count and/or reply_len properly
[  129.109379] sg_write: data in/out 3278044/1 bytes for SCSI command 0x3c-- guessing data in;
[  129.109379]    program repro not setting count and/or reply_len properly
[  129.114658] sg_write: data in/out 3278044/1 bytes for SCSI command 0x3c-- guessing data in;
[  129.114658]    program repro not setting count and/or reply_len properly
[  129.120005] sg_write: data in/out 3278044/1 bytes for SCSI command 0x3c-- guessing data in;
[  129.120005]    program repro not setting count and/or reply_len properly
[  129.125270] sg_write: data in/out 3278044/1 bytes for SCSI command 0x3c-- guessing data in;
[  129.125270]    program repro not setting count and/or reply_len properly
[  129.130883] sg_write: data in/out 3278044/1 bytes for SCSI command 0x3c-- guessing data in;
[  129.130883]    program repro not setting count and/or reply_len properly
[  134.086288] sg_write: 900 callbacks suppressed
[  134.086304] sg_write: data in/out 3278044/1 bytes for SCSI command 0x3c-- guessing data in;
[  134.086304]    program repro not setting count and/or reply_len properly
[  134.096675] sg_write: data in/out 3278044/1 bytes for SCSI command 0x3c-- guessing data in;
[  134.096675]    program repro not setting count and/or reply_len properly
[  134.106296] sg_write: data in/out 3278044/1 bytes for SCSI command 0x3c-- guessing data in;
[  134.106296]    program repro not setting count and/or reply_len properly
[  134.116177] sg_write: data in/out 3278044/1 bytes for SCSI command 0x3c-- guessing data in;
[  134.116177]    program repro not setting count and/or reply_len properly
[  134.123738] sg_write: data in/out 3278044/1 bytes for SCSI command 0x3c-- guessing data in;
[  134.123738]    program repro not setting count and/or reply_len properly
[  134.130255] sg_write: data in/out 3278044/1 bytes for SCSI command 0x3c-- guessing data in;
[  134.130255]    program repro not setting count and/or reply_len properly
[  134.136763] sg_write: data in/out 3278044/1 bytes for SCSI command 0x3c-- guessing data in;
[  134.136763]    program repro not setting count and/or reply_len properly
[  134.143128] sg_write: data in/out 3278044/1 bytes for SCSI command 0x3c-- guessing data in;
[  134.143128]    program repro not setting count and/or reply_len properly
[  134.149616] sg_write: data in/out 3278044/1 bytes for SCSI command 0x3c-- guessing data in;
[  134.149616]    program repro not setting count and/or reply_len properly
[  134.157742] sg_write: data in/out 3278044/1 bytes for SCSI command 0x3c-- guessing data in;
[  134.157742]    program repro not setting count and/or reply_len properly
[  139.092493] sg_write: 864 callbacks suppressed
[  139.092505] sg_write: data in/out 3278044/1 bytes for SCSI command 0x3c-- guessing data in;
[  139.092505]    program repro not setting count and/or reply_len properly
[  139.100970] sg_write: data in/out 3278044/1 bytes for SCSI command 0x3c-- guessing data in;
[  139.100970]    program repro not setting count and/or reply_len properly
[  139.108812] sg_write: data in/out 3278044/1 bytes for SCSI command 0x3c-- guessing data in;
[  139.108812]    program repro not setting count and/or reply_len properly
[  139.116773] sg_write: data in/out 3278044/1 bytes for SCSI command 0x3c-- guessing data in;
[  139.116773]    program repro not setting count and/or reply_len properly
[  139.125416] sg_write: data in/out 3278044/1 bytes for SCSI command 0x3c-- guessing data in;
[  139.125416]    program repro not setting count and/or reply_len properly
[  139.132906] sg_write: data in/out 3278044/1 bytes for SCSI command 0x3c-- guessing data in;
[  139.132906]    program repro not setting count and/or reply_len properly
[  139.140827] sg_write: data in/out 3278044/1 bytes for SCSI command 0x3c-- guessing data in;
[  139.140827]    program repro not setting count and/or reply_len properly
[  139.148849] sg_write: data in/out 3278044/1 bytes for SCSI command 0x3c-- guessing data in;
[  139.148849]    program repro not setting count and/or reply_len properly
[  139.156529] sg_write: data in/out 3278044/1 bytes for SCSI command 0x3c-- guessing data in;
[  139.156529]    program repro not setting count and/or reply_len properly
[  139.164451] sg_write: data in/out 3278044/1 bytes for SCSI command 0x3c-- guessing data in;
[  139.164451]    program repro not setting count and/or reply_len properly
[  144.098331] sg_write: 1104 callbacks suppressed
[  144.098342] sg_write: data in/out 3278044/1 bytes for SCSI command 0x3c-- guessing data in;
[  144.098342]    program repro not setting count and/or reply_len properly
[  144.104050] sg_write: data in/out 3278044/1 bytes for SCSI command 0x3c-- guessing data in;
[  144.104050]    program repro not setting count and/or reply_len properly
[  144.109131] sg_write: data in/out 3278044/1 bytes for SCSI command 0x3c-- guessing data in;
[  144.109131]    program repro not setting count and/or reply_len properly
[  144.114323] sg_write: data in/out 3278044/1 bytes for SCSI command 0x3c-- guessing data in;
[  144.114323]    program repro not setting count and/or reply_len properly
[  144.122271] sg_write: data in/out 3278044/1 bytes for SCSI command 0x3c-- guessing data in;
[  144.122271]    program repro not setting count and/or reply_len properly
[  144.128101] sg_write: data in/out 3278044/1 bytes for SCSI command 0x3c-- guessing data in;
[  144.128101]    program repro not setting count and/or reply_len properly
[  144.133547] sg_write: data in/out 3278044/1 bytes for SCSI command 0x3c-- guessing data in;
[  144.133547]    program repro not setting count and/or reply_len properly
[  144.138596] sg_write: data in/out 3278044/1 bytes for SCSI command 0x3c-- guessing data in;
[  144.138596]    program repro not setting count and/or reply_len properly
[  144.143823] sg_write: data in/out 3278044/1 bytes for SCSI command 0x3c-- guessing data in;
[  144.143823]    program repro not setting count and/or reply_len properly
[  144.148881] sg_write: data in/out 3278044/1 bytes for SCSI command 0x3c-- guessing data in;
[  144.148881]    program repro not setting count and/or reply_len properly
[  149.102366] sg_write: 1158 callbacks suppressed
[  149.102383] sg_write: data in/out 3278044/1 bytes for SCSI command 0x3c-- guessing data in;
[  149.102383]    program repro not setting count and/or reply_len properly
[  149.108913] sg_write: data in/out 3278044/1 bytes for SCSI command 0x3c-- guessing data in;
[  149.108913]    program repro not setting count and/or reply_len properly
[  149.114903] sg_write: data in/out 3278044/1 bytes for SCSI command 0x3c-- guessing data in;
[  149.114903]    program repro not setting count and/or reply_len properly
[  149.120842] sg_write: data in/out 3278044/1 bytes for SCSI command 0x3c-- guessing data in;
[  149.120842]    program repro not setting count and/or reply_len properly
[  149.126658] sg_write: data in/out 3278044/1 bytes for SCSI command 0x3c-- guessing data in;
[  149.126658]    program repro not setting count and/or reply_len properly
[  149.132829] sg_write: data in/out 3278044/1 bytes for SCSI command 0x3c-- guessing data in;
[  149.132829]    program repro not setting count and/or reply_len properly
[  149.138743] sg_write: data in/out 3278044/1 bytes for SCSI command 0x3c-- guessing data in;
[  149.138743]    program repro not setting count and/or reply_len properly
[  149.144613] sg_write: data in/out 3278044/1 bytes for SCSI command 0x3c-- guessing data in;
[  149.144613]    program repro not setting count and/or reply_len properly
[  149.150468] sg_write: data in/out 3278044/1 bytes for SCSI command 0x3c-- guessing data in;
[  149.150468]    program repro not setting count and/or reply_len properly
[  149.156676] sg_write: data in/out 3278044/1 bytes for SCSI command 0x3c-- guessing data in;
[  149.156676]    program repro not setting count and/or reply_len properly
[  154.108142] sg_write: 1018 callbacks suppressed
[  154.108153] sg_write: data in/out 3278044/1 bytes for SCSI command 0x3c-- guessing data in;
[  154.108153]    program repro not setting count and/or reply_len properly
[  154.114375] sg_write: data in/out 3278044/1 bytes for SCSI command 0x3c-- guessing data in;
[  154.114375]    program repro not setting count and/or reply_len properly
[  154.120481] sg_write: data in/out 3278044/1 bytes for SCSI command 0x3c-- guessing data in;
[  154.120481]    program repro not setting count and/or reply_len properly
[  154.126732] sg_write: data in/out 3278044/1 bytes for SCSI command 0x3c-- guessing data in;
[  154.126732]    program repro not setting count and/or reply_len properly
[  154.133004] sg_write: data in/out 3278044/1 bytes for SCSI command 0x3c-- guessing data in;
[  154.133004]    program repro not setting count and/or reply_len properly
[  154.139116] sg_write: data in/out 3278044/1 bytes for SCSI command 0x3c-- guessing data in;
[  154.139116]    program repro not setting count and/or reply_len properly
[  154.145208] sg_write: data in/out 3278044/1 bytes for SCSI command 0x3c-- guessing data in;
[  154.145208]    program repro not setting count and/or reply_len properly
[  154.151162] sg_write: data in/out 3278044/1 bytes for SCSI command 0x3c-- guessing data in;
[  154.151162]    program repro not setting count and/or reply_len properly
[  154.157103] sg_write: data in/out 3278044/1 bytes for SCSI command 0x3c-- guessing data in;
[  154.157103]    program repro not setting count and/or reply_len properly
[  154.162951] sg_write: data in/out 3278044/1 bytes for SCSI command 0x3c-- guessing data in;
[  154.162951]    program repro not setting count and/or reply_len properly
[  159.112931] sg_write: 930 callbacks suppressed
[  159.112943] sg_write: data in/out 3278044/1 bytes for SCSI command 0x3c-- guessing data in;
[  159.112943]    program repro not setting count and/or reply_len properly
[  159.119413] sg_write: data in/out 3278044/1 bytes for SCSI command 0x3c-- guessing data in;
[  159.119413]    program repro not setting count and/or reply_len properly
[  159.125696] sg_write: data in/out 3278044/1 bytes for SCSI command 0x3c-- guessing data in;
[  159.125696]    program repro not setting count and/or reply_len properly
[  159.132234] sg_write: data in/out 3278044/1 bytes for SCSI command 0x3c-- guessing data in;
[  159.132234]    program repro not setting count and/or reply_len properly
[  159.138459] sg_write: data in/out 3278044/1 bytes for SCSI command 0x3c-- guessing data in;
[  159.138459]    program repro not setting count and/or reply_len properly
[  159.144853] sg_write: data in/out 3278044/1 bytes for SCSI command 0x3c-- guessing data in;
[  159.144853]    program repro not setting count and/or reply_len properly
[  159.151294] sg_write: data in/out 3278044/1 bytes for SCSI command 0x3c-- guessing data in;
[  159.151294]    program repro not setting count and/or reply_len properly
[  159.160161] sg_write: data in/out 3278044/1 bytes for SCSI command 0x3c-- guessing data in;
[  159.160161]    program repro not setting count and/or reply_len properly
[  159.169440] sg_write: data in/out 3278044/1 bytes for SCSI command 0x3c-- guessing data in;
[  159.169440]    program repro not setting count and/or reply_len properly
[  159.178833] sg_write: data in/out 3278044/1 bytes for SCSI command 0x3c-- guessing data in;
[  159.178833]    program repro not setting count and/or reply_len properly
[  164.120456] sg_write: 918 callbacks suppressed
[  164.120473] sg_write: data in/out 3278044/1 bytes for SCSI command 0x3c-- guessing data in;
[  164.120473]    program repro not setting count and/or reply_len properly
[  164.127268] sg_write: data in/out 3278044/1 bytes for SCSI command 0x3c-- guessing data in;
[  164.127268]    program repro not setting count and/or reply_len properly
[  164.133641] sg_write: data in/out 3278044/1 bytes for SCSI command 0x3c-- guessing data in;
[  164.133641]    program repro not setting count and/or reply_len properly
[  164.141517] sg_write: data in/out 3278044/1 bytes for SCSI command 0x3c-- guessing data in;
[  164.141517]    program repro not setting count and/or reply_len properly
[  164.150529] sg_write: data in/out 3278044/1 bytes for SCSI command 0x3c-- guessing data in;
[  164.150529]    program repro not setting count and/or reply_len properly
[  164.157903] sg_write: data in/out 3278044/1 bytes for SCSI command 0x3c-- guessing data in;
[  164.157903]    program repro not setting count and/or reply_len properly
[  164.165744] sg_write: data in/out 3278044/1 bytes for SCSI command 0x3c-- guessing data in;
[  164.165744]    program repro not setting count and/or reply_len properly
[  164.174754] sg_write: data in/out 3278044/1 bytes for SCSI command 0x3c-- guessing data in;
[  164.174754]    program repro not setting count and/or reply_len properly
[  164.182157] sg_write: data in/out 3278044/1 bytes for SCSI command 0x3c-- guessing data in;
[  164.182157]    program repro not setting count and/or reply_len properly
[  164.188504] sg_write: data in/out 3278044/1 bytes for SCSI command 0x3c-- guessing data in;
[  164.188504]    program repro not setting count and/or reply_len properly
[  169.127451] sg_write: 930 callbacks suppressed
[  169.127463] sg_write: data in/out 3278044/1 bytes for SCSI command 0x3c-- guessing data in;
[  169.127463]    program repro not setting count and/or reply_len properly
[  169.134064] sg_write: data in/out 3278044/1 bytes for SCSI command 0x3c-- guessing data in;
[  169.134064]    program repro not setting count and/or reply_len properly
[  169.140211] sg_write: data in/out 3278044/1 bytes for SCSI command 0x3c-- guessing data in;
[  169.140211]    program repro not setting count and/or reply_len properly
[  169.146257] sg_write: data in/out 3278044/1 bytes for SCSI command 0x3c-- guessing data in;
[  169.146257]    program repro not setting count and/or reply_len properly
[  169.154451] sg_write: data in/out 3278044/1 bytes for SCSI command 0x3c-- guessing data in;
[  169.154451]    program repro not setting count and/or reply_len properly
[  169.163879] sg_write: data in/out 3278044/1 bytes for SCSI command 0x3c-- guessing data in;
[  169.163879]    program repro not setting count and/or reply_len properly
[  169.172736] sg_write: data in/out 3278044/1 bytes for SCSI command 0x3c-- guessing data in;
[  169.172736]    program repro not setting count and/or reply_len properly
[  169.180863] sg_write: data in/out 3278044/1 bytes for SCSI command 0x3c-- guessing data in;
[  169.180863]    program repro not setting count and/or reply_len properly
[  169.189727] sg_write: data in/out 3278044/1 bytes for SCSI command 0x3c-- guessing data in;
[  169.189727]    program repro not setting count and/or reply_len properly
[  169.198553] sg_write: data in/out 3278044/1 bytes for SCSI command 0x3c-- guessing data in;
[  169.198553]    program repro not setting count and/or reply_len properly
[  174.134360] sg_write: 972 callbacks suppressed
[  174.134374] sg_write: data in/out 3278044/1 bytes for SCSI command 0x3c-- guessing data in;
[  174.134374]    program repro not setting count and/or reply_len properly
[  174.142388] sg_write: data in/out 3278044/1 bytes for SCSI command 0x3c-- guessing data in;
[  174.142388]    program repro not setting count and/or reply_len properly
[  174.150927] sg_write: data in/out 3278044/1 bytes for SCSI command 0x3c-- guessing data in;
[  174.150927]    program repro not setting count and/or reply_len properly
[  174.158811] sg_write: data in/out 3278044/1 bytes for SCSI command 0x3c-- guessing data in;
[  174.158811]    program repro not setting count and/or reply_len properly
[  174.166732] sg_write: data in/out 3278044/1 bytes for SCSI command 0x3c-- guessing data in;
[  174.166732]    program repro not setting count and/or reply_len properly
[  174.174577] sg_write: data in/out 3278044/1 bytes for SCSI command 0x3c-- guessing data in;
[  174.174577]    program repro not setting count and/or reply_len properly
[  174.179969] sg_write: data in/out 3278044/1 bytes for SCSI command 0x3c-- guessing data in;
[  174.179969]    program repro not setting count and/or reply_len properly
[  174.185433] sg_write: data in/out 3278044/1 bytes for SCSI command 0x3c-- guessing data in;
[  174.185433]    program repro not setting count and/or reply_len properly
[  174.190841] sg_write: data in/out 3278044/1 bytes for SCSI command 0x3c-- guessing data in;
[  174.190841]    program repro not setting count and/or reply_len properly
[  174.196390] sg_write: data in/out 3278044/1 bytes for SCSI command 0x3c-- guessing data in;
[  174.196390]    program repro not setting count and/or reply_len properly
