c[?7l[2J[0mSeaBIOS (version rel-1.16.0-0-gd239552ce722-prebuilt.qemu.org)


iPXE (http://ipxe.org) 00:03.0 CA00 PCI2.10 PnP PMM+7FF91000+7FEF1000 CA00
Press Ctrl-B to configure iPXE (PCI 00:03.0)...                                                                               


Booting from ROM..c[?7l[2J[    0.000000] Linux version 6.2.0-rc1-1b929c02afd3 (root@p-tglh01.sh.intel.com) (gcc (GCC) 8.5.0 20210514 (Red Hat 8.5.0-17), GNU ld version 2.36.1-2.el8) #1 SMP PREEMPT_DYNAMIC Tue Dec 27 10:49:56 CST 2022
[    0.000000] Command line: console=ttyS0 root=/dev/sda earlyprintk=serial net.ifnames=0
[    0.000000] KERNEL supported cpus:
[    0.000000]   Intel GenuineIntel
[    0.000000]   AMD AuthenticAMD
[    0.000000]   Hygon HygonGenuine
[    0.000000]   Centaur CentaurHauls
[    0.000000]   zhaoxin   Shanghai  
[    0.000000] x86/fpu: Supporting XSAVE feature 0x001: 'x87 floating point registers'
[    0.000000] x86/fpu: Supporting XSAVE feature 0x002: 'SSE registers'
[    0.000000] x86/fpu: Supporting XSAVE feature 0x004: 'AVX registers'
[    0.000000] x86/fpu: Supporting XSAVE feature 0x020: 'AVX-512 opmask'
[    0.000000] x86/fpu: Supporting XSAVE feature 0x040: 'AVX-512 Hi256'
[    0.000000] x86/fpu: Supporting XSAVE feature 0x080: 'AVX-512 ZMM_Hi256'
[    0.000000] x86/fpu: Supporting XSAVE feature 0x200: 'Protection Keys User registers'
[    0.000000] x86/fpu: xstate_offset[2]:  576, xstate_sizes[2]:  256
[    0.000000] x86/fpu: xstate_offset[5]:  832, xstate_sizes[5]:   64
[    0.000000] x86/fpu: xstate_offset[6]:  896, xstate_sizes[6]:  512
[    0.000000] x86/fpu: xstate_offset[7]: 1408, xstate_sizes[7]: 1024
[    0.000000] x86/fpu: xstate_offset[9]: 2432, xstate_sizes[9]:    8
[    0.000000] x86/fpu: Enabled xstate features 0x2e7, context size is 2440 bytes, using 'compacted' format.
[    0.000000] signal: max sigframe size: 3632
[    0.000000] BIOS-provided physical RAM map:
[    0.000000] BIOS-e820: [mem 0x0000000000000000-0x000000000009fbff] usable
[    0.000000] BIOS-e820: [mem 0x000000000009fc00-0x000000000009ffff] reserved
[    0.000000] BIOS-e820: [mem 0x00000000000f0000-0x00000000000fffff] reserved
[    0.000000] BIOS-e820: [mem 0x0000000000100000-0x000000007ffdffff] usable
[    0.000000] BIOS-e820: [mem 0x000000007ffe0000-0x000000007fffffff] reserved
[    0.000000] BIOS-e820: [mem 0x00000000feffc000-0x00000000feffffff] reserved
[    0.000000] BIOS-e820: [mem 0x00000000fffc0000-0x00000000ffffffff] reserved
[    0.000000] printk: bootconsole [earlyser0] enabled
[    0.000000] NX (Execute Disable) protection: active
[    0.000000] SMBIOS 2.8 present.
[    0.000000] DMI: QEMU Standard PC (i440FX + PIIX, 1996), BIOS rel-1.16.0-0-gd239552ce722-prebuilt.qemu.org 04/01/2014
[    0.000000] Hypervisor detected: KVM
[    0.000000] kvm-clock: Using msrs 4b564d01 and 4b564d00
[    0.000005] kvm-clock: using sched offset of 354466833 cycles
[    0.000478] clocksource: kvm-clock: mask: 0xffffffffffffffff max_cycles: 0x1cd42e4dffb, max_idle_ns: 881590591483 ns
[    0.001960] tsc: Detected 3110.400 MHz processor
[    0.010473] last_pfn = 0x7ffe0 max_arch_pfn = 0x400000000
[    0.011010] x86/PAT: Configuration [0-7]: WB  WC  UC- UC  WB  WP  UC- WT  
[    0.019451] found SMP MP-table at [mem 0x000f5ba0-0x000f5baf]
[    0.020046] Using GB pages for direct mapping
[    0.021702] ACPI: Early table checksum verification disabled
[    0.022217] ACPI: RSDP 0x00000000000F59C0 000014 (v00 BOCHS )
[    0.022749] ACPI: RSDT 0x000000007FFE1951 000034 (v01 BOCHS  BXPC     00000001 BXPC 00000001)
[    0.023546] ACPI: FACP 0x000000007FFE17FD 000074 (v01 BOCHS  BXPC     00000001 BXPC 00000001)
[    0.024331] ACPI: DSDT 0x000000007FFE0040 0017BD (v01 BOCHS  BXPC     00000001 BXPC 00000001)
[    0.025119] ACPI: FACS 0x000000007FFE0000 000040
[    0.025568] ACPI: APIC 0x000000007FFE1871 000080 (v01 BOCHS  BXPC     00000001 BXPC 00000001)
[    0.026347] ACPI: HPET 0x000000007FFE18F1 000038 (v01 BOCHS  BXPC     00000001 BXPC 00000001)
[    0.027176] ACPI: WAET 0x000000007FFE1929 000028 (v01 BOCHS  BXPC     00000001 BXPC 00000001)
[    0.027952] ACPI: Reserving FACP table memory at [mem 0x7ffe17fd-0x7ffe1870]
[    0.028589] ACPI: Reserving DSDT table memory at [mem 0x7ffe0040-0x7ffe17fc]
[    0.029217] ACPI: Reserving FACS table memory at [mem 0x7ffe0000-0x7ffe003f]
[    0.029848] ACPI: Reserving APIC table memory at [mem 0x7ffe1871-0x7ffe18f0]
[    0.030474] ACPI: Reserving HPET table memory at [mem 0x7ffe18f1-0x7ffe1928]
[    0.031097] ACPI: Reserving WAET table memory at [mem 0x7ffe1929-0x7ffe1950]
[    0.032788] No NUMA configuration found
[    0.033136] Faking a node at [mem 0x0000000000000000-0x000000007ffdffff]
[    0.033815] NODE_DATA(0) allocated [mem 0x7ffb5000-0x7ffdffff]
[    0.037882] Zone ranges:
[    0.038124]   DMA      [mem 0x0000000000001000-0x0000000000ffffff]
[    0.038683]   DMA32    [mem 0x0000000001000000-0x000000007ffdffff]
[    0.039243]   Normal   empty
[    0.039508]   Device   empty
[    0.039772] Movable zone start for each node
[    0.040157] Early memory node ranges
[    0.040478]   node   0: [mem 0x0000000000001000-0x000000000009efff]
[    0.041044]   node   0: [mem 0x0000000000100000-0x000000007ffdffff]
[    0.041614] Initmem setup node 0 [mem 0x0000000000001000-0x000000007ffdffff]
[    0.042431] On node 0, zone DMA: 1 pages in unavailable ranges
[    0.042454] On node 0, zone DMA: 97 pages in unavailable ranges
[    0.046649] On node 0, zone DMA32: 32 pages in unavailable ranges
[    0.047446] ACPI: PM-Timer IO Port: 0x608
[    0.048346] ACPI: LAPIC_NMI (acpi_id[0xff] dfl dfl lint[0x1])
[    0.048935] IOAPIC[0]: apic_id 0, version 17, address 0xfec00000, GSI 0-23
[    0.049562] ACPI: INT_SRC_OVR (bus 0 bus_irq 0 global_irq 2 dfl dfl)
[    0.050121] ACPI: INT_SRC_OVR (bus 0 bus_irq 5 global_irq 5 high level)
[    0.050699] ACPI: INT_SRC_OVR (bus 0 bus_irq 9 global_irq 9 high level)
[    0.051279] ACPI: INT_SRC_OVR (bus 0 bus_irq 10 global_irq 10 high level)
[    0.051873] ACPI: INT_SRC_OVR (bus 0 bus_irq 11 global_irq 11 high level)
[    0.052484] ACPI: Using ACPI (MADT) for SMP configuration information
[    0.053045] ACPI: HPET id: 0x8086a201 base: 0xfed00000
[    0.053510] TSC deadline timer available
[    0.053854] smpboot: Allowing 2 CPUs, 0 hotplug CPUs
[    0.054321] kvm-guest: KVM setup pv remote TLB flush
[    0.054762] kvm-guest: setup PV sched yield
[    0.055165] PM: hibernation: Registered nosave memory: [mem 0x00000000-0x00000fff]
[    0.055822] PM: hibernation: Registered nosave memory: [mem 0x0009f000-0x0009ffff]
[    0.056474] PM: hibernation: Registered nosave memory: [mem 0x000a0000-0x000effff]
[    0.057122] PM: hibernation: Registered nosave memory: [mem 0x000f0000-0x000fffff]
[    0.057774] [mem 0x80000000-0xfeffbfff] available for PCI devices
[    0.058294] Booting paravirtualized kernel on KVM
[    0.058702] clocksource: refined-jiffies: mask: 0xffffffff max_cycles: 0xffffffff, max_idle_ns: 7645519600211568 ns
[    0.059607] setup_percpu: NR_CPUS:8192 nr_cpumask_bits:2 nr_cpu_ids:2 nr_node_ids:1
[    0.060537] percpu: Embedded 64 pages/cpu s225280 r8192 d28672 u1048576
[    0.061327] kvm-guest: PV spinlocks enabled
[    0.061714] PV qspinlock hash table entries: 256 (order: 0, 4096 bytes, linear)
[    0.062366] Fallback order for Node 0: 0 
[    0.062733] Built 1 zonelists, mobility grouping on.  Total pages: 515808
[    0.063320] Policy zone: DMA32
[    0.063587] Kernel command line: net.ifnames=0 console=ttyS0 root=/dev/sda earlyprintk=serial net.ifnames=0
[    0.064810] random: crng init done
[    0.065329] Dentry cache hash table entries: 262144 (order: 9, 2097152 bytes, linear)
[    0.066096] Inode-cache hash table entries: 131072 (order: 8, 1048576 bytes, linear)
[    0.066906] mem auto-init: stack:off, heap alloc:off, heap free:off
[    0.070480] Memory: 1979232K/2096632K available (34816K kernel code, 4628K rwdata, 9996K rodata, 10168K init, 19784K bss, 117144K reserved, 0K cma-reserved)
[    0.072016] SLUB: HWalign=64, Order=0-3, MinObjects=0, CPUs=2, Nodes=1
[    0.072559] kmemleak: Kernel memory leak detector disabled
[    0.073068] ftrace: allocating 68222 entries in 267 pages
[    0.094870] ftrace: allocated 267 pages with 4 groups
[    0.098769] Dynamic Preempt: voluntary
[    0.099227] Running RCU self tests
[    0.099513] rcu: Preemptible hierarchical RCU implementation.
[    0.099977] rcu: 	RCU lockdep checking is enabled.
[    0.100366] rcu: 	RCU restricting CPUs from NR_CPUS=8192 to nr_cpu_ids=2.
[    0.100916] 	Trampoline variant of Tasks RCU enabled.
[    0.101340] 	Rude variant of Tasks RCU enabled.
[    0.101735] 	Tracing variant of Tasks RCU enabled.
[    0.102127] rcu: RCU calculated value of scheduler-enlistment delay is 25 jiffies.
[    0.102733] rcu: Adjusting geometry for rcu_fanout_leaf=16, nr_cpu_ids=2
[    0.133191] NR_IRQS: 524544, nr_irqs: 440, preallocated irqs: 16
[    0.134045] rcu: srcu_init: Setting srcu_struct sizes based on contention.
[    0.142392] Console: colour VGA+ 80x25
[    0.142772] printk: console [ttyS0] enabled
[    0.142772] printk: console [ttyS0] enabled
[    0.143500] printk: bootconsole [earlyser0] disabled
[    0.143500] printk: bootconsole [earlyser0] disabled
[    0.144384] Lock dependency validator: Copyright (c) 2006 Red Hat, Inc., Ingo Molnar
[    0.145052] ... MAX_LOCKDEP_SUBCLASSES:  8
[    0.145412] ... MAX_LOCK_DEPTH:          48
[    0.145785] ... MAX_LOCKDEP_KEYS:        8192
[    0.146184] ... CLASSHASH_SIZE:          4096
[    0.146584] ... MAX_LOCKDEP_ENTRIES:     32768
[    0.146973] ... MAX_LOCKDEP_CHAINS:      65536
[    0.147361] ... CHAINHASH_SIZE:          32768
[    0.147749]  memory used by lock dependency info: 6365 kB
[    0.148242]  memory used for stack traces: 4224 kB
[    0.148660]  per task-struct memory footprint: 1920 bytes
[    0.149183] ACPI: Core revision 20221020
[    0.149792] clocksource: hpet: mask: 0xffffffff max_cycles: 0xffffffff, max_idle_ns: 19112604467 ns
[    0.150739] APIC: Switch to symmetric I/O mode setup
[    0.151370] x2apic enabled
[    0.151827] Switched APIC routing to physical x2apic.
[    0.152277] kvm-guest: setup PV IPIs
[    0.153572] ..TIMER: vector=0x30 apic1=0 pin1=2 apic2=-1 pin2=-1
[    0.154130] clocksource: tsc-early: mask: 0xffffffffffffffff max_cycles: 0x2cd5a8bb032, max_idle_ns: 440795365915 ns
[    0.155119] Calibrating delay loop (skipped) preset value.. 6220.80 BogoMIPS (lpj=12441600)
[    0.155851] pid_max: default: 32768 minimum: 301
[    0.156376] LSM: initializing lsm=capability,yama,integrity
[    0.156881] Yama: becoming mindful.
[    0.157347] Mount-cache hash table entries: 4096 (order: 3, 32768 bytes, linear)
[    0.158004] Mountpoint-cache hash table entries: 4096 (order: 3, 32768 bytes, linear)
[    0.160269] x86/cpu: User Mode Instruction Prevention (UMIP) activated
[    0.161037] Last level iTLB entries: 4KB 0, 2MB 0, 4MB 0
[    0.161512] Last level dTLB entries: 4KB 0, 2MB 0, 4MB 0, 1GB 0
[    0.162049] Spectre V1 : Mitigation: usercopy/swapgs barriers and __user pointer sanitization
[    0.162793] Spectre V2 : WARNING: Unprivileged eBPF is enabled with eIBRS on, data leaks possible via Spectre v2 BHB attacks!
[    0.163113] Spectre V2 : Mitigation: Enhanced IBRS
[    0.163521] Spectre V2 : Spectre v2 / SpectreRSB mitigation: Filling RSB on context switch
[    0.164200] Spectre V2 : Spectre v2 / PBRSB-eIBRS: Retire a single CALL on VMEXIT
[    0.164814] Spectre V2 : mitigation: Enabling conditional Indirect Branch Prediction Barrier
[    0.165509] Speculative Store Bypass: Mitigation: Speculative Store Bypass disabled via prctl
[    0.284240] Freeing SMP alternatives memory: 56K
[    0.284921] smpboot: CPU0: Genuine Intel(R) CPU 0000 @ 2.20GHz (family: 0x6, model: 0x8d, stepping: 0x0)
[    0.286146] cblist_init_generic: Setting adjustable number of callback queues.
[    0.286765] cblist_init_generic: Setting shift to 1 and lim to 1.
[    0.287102] cblist_init_generic: Setting shift to 1 and lim to 1.
[    0.287102] cblist_init_generic: Setting shift to 1 and lim to 1.
[    0.287102] Running RCU-tasks wait API self tests
[    0.391191] Performance Events: Icelake events, full-width counters, Intel PMU driver.
[    0.391933] ... version:                2
[    0.392259] ... bit width:              48
[    0.392589] ... generic registers:      8
[    0.392911] ... value mask:             0000ffffffffffff
[    0.393332] ... max period:             00007fffffffffff
[    0.393753] ... fixed-purpose events:   3
[    0.394076] ... event mask:             00000007000000ff
[    0.394836] rcu: Hierarchical SRCU implementation.
[    0.395108] rcu: 	Max phase no-delay instances is 1000.
[    0.396977] smp: Bringing up secondary CPUs ...
[    0.397763] x86: Booting SMP configuration:
[    0.398106] .... node  #0, CPUs:      #1
[    0.398467] smp: Brought up 1 node, 2 CPUs
[    0.399122] smpboot: Max logical packages: 1
[    0.399467] smpboot: Total of 2 processors activated (12441.60 BogoMIPS)
[    0.400721] devtmpfs: initialized
[    0.400721] x86/mm: Memory block size: 128MB
[    0.403733] clocksource: jiffies: mask: 0xffffffff max_cycles: 0xffffffff, max_idle_ns: 7645041785100000 ns
[    0.404289] futex hash table entries: 512 (order: 4, 65536 bytes, linear)
[    0.405002] pinctrl core: initialized pinctrl subsystem
[    0.405952] 
[    0.406086] *************************************************************
[    0.407123] **     NOTICE NOTICE NOTICE NOTICE NOTICE NOTICE NOTICE    **
[    0.407652] **                                                         **
[    0.408182] **  IOMMU DebugFS SUPPORT HAS BEEN ENABLED IN THIS KERNEL  **
[    0.408698] **                                                         **
[    0.409218] ** This means that this kernel is built to expose internal **
[    0.409737] ** IOMMU data structures, which may compromise security on **
[    0.409737] Callback from call_rcu_tasks_trace() invoked.
[    0.410274] ** your system.                                            **
[    0.410279] **                                                         **
[    0.411654] ** If you see this message and you are not debugging the   **
[    0.412201] ** kernel, report this immediately to your vendor!         **
[    0.412732] **                                                         **
[    0.413262] **     NOTICE NOTICE NOTICE NOTICE NOTICE NOTICE NOTICE    **
[    0.413801] *************************************************************
[    0.414398] PM: RTC time: 17:03:24, date: 2022-12-27
[    0.416949] NET: Registered PF_NETLINK/PF_ROUTE protocol family
[    0.418064] DMA: preallocated 256 KiB GFP_KERNEL pool for atomic allocations
[    0.418663] DMA: preallocated 256 KiB GFP_KERNEL|GFP_DMA pool for atomic allocations
[    0.419117] DMA: preallocated 256 KiB GFP_KERNEL|GFP_DMA32 pool for atomic allocations
[    0.419796] audit: initializing netlink subsys (disabled)
[    0.420289] audit: type=2000 audit(1672160605.350:1): state=initialized audit_enabled=0 res=1
[    0.420289] thermal_sys: Registered thermal governor 'fair_share'
[    0.420289] thermal_sys: Registered thermal governor 'bang_bang'
[    0.420324] thermal_sys: Registered thermal governor 'step_wise'
[    0.420819] thermal_sys: Registered thermal governor 'user_space'
[    0.421341] cpuidle: using governor ladder
[    0.423123] cpuidle: using governor menu
[    0.423701] acpiphp: ACPI Hot Plug PCI Controller Driver version: 0.5
[    0.424527] PCI: Using configuration type 1 for base access
[    0.425936] kprobes: kprobe jump-optimization is enabled. All kprobes are optimized if possible.
[    0.649546] HugeTLB: registered 1.00 GiB page size, pre-allocated 0 pages
[    0.650133] HugeTLB: 16380 KiB vmemmap can be freed for a 1.00 GiB page
[    0.650679] HugeTLB: registered 2.00 MiB page size, pre-allocated 0 pages
[    0.651111] HugeTLB: 28 KiB vmemmap can be freed for a 2.00 MiB page
[    0.653677] ACPI: Added _OSI(Module Device)
[    0.654042] ACPI: Added _OSI(Processor Device)
[    0.654413] ACPI: Added _OSI(3.0 _SCP Extensions)
[    0.654805] ACPI: Added _OSI(Processor Aggregator Device)
[    0.660973] ACPI: 1 ACPI AML tables successfully acquired and loaded
[    0.664951] ACPI: Interpreter enabled
[    0.665374] ACPI: PM: (supports S0 S3 S4 S5)
[    0.665733] ACPI: Using IOAPIC for interrupt routing
[    0.666186] PCI: Using host bridge windows from ACPI; if necessary, use "pci=nocrs" and report a bug
[    0.666930] PCI: Using E820 reservations for host bridge windows
[    0.667822] ACPI: Enabled 2 GPEs in block 00 to 0F
[    0.686032] ACPI: PCI Root Bridge [PCI0] (domain 0000 [bus 00-ff])
[    0.686587] acpi PNP0A03:00: _OSC: OS supports [ASPM ClockPM Segments MSI EDR HPX-Type3]
[    0.687113] acpi PNP0A03:00: _OSC: not requesting OS control; OS requires [ExtendedConfig ASPM ClockPM MSI]
[    0.687971] acpi PNP0A03:00: fail to add MMCONFIG information, can't access extended configuration space under this bridge
[    0.691468] acpiphp: Slot [3] registered
[    0.691868] acpiphp: Slot [4] registered
[    0.692265] acpiphp: Slot [5] registered
[    0.692678] acpiphp: Slot [6] registered
[    0.693066] acpiphp: Slot [7] registered
[    0.693456] acpiphp: Slot [8] registered
[    0.693851] acpiphp: Slot [9] registered
[    0.694246] acpiphp: Slot [10] registered
[    0.694649] acpiphp: Slot [11] registered
[    0.695056] acpiphp: Slot [12] registered
[    0.695179] acpiphp: Slot [13] registered
[    0.695584] acpiphp: Slot [14] registered
[    0.695988] acpiphp: Slot [15] registered
[    0.696395] acpiphp: Slot [16] registered
[    0.696790] acpiphp: Slot [17] registered
[    0.697187] acpiphp: Slot [18] registered
[    0.697587] acpiphp: Slot [19] registered
[    0.697979] acpiphp: Slot [20] registered
[    0.698371] acpiphp: Slot [21] registered
[    0.698770] acpiphp: Slot [22] registered
[    0.699166] acpiphp: Slot [23] registered
[    0.699563] acpiphp: Slot [24] registered
[    0.699967] acpiphp: Slot [25] registered
[    0.700375] acpiphp: Slot [26] registered
[    0.700777] acpiphp: Slot [27] registered
[    0.701185] acpiphp: Slot [28] registered
[    0.701588] acpiphp: Slot [29] registered
[    0.701995] acpiphp: Slot [30] registered
[    0.702388] acpiphp: Slot [31] registered
[    0.702735] PCI host bridge to bus 0000:00
[    0.703075] pci_bus 0000:00: root bus resource [io  0x0000-0x0cf7 window]
[    0.703109] pci_bus 0000:00: root bus resource [io  0x0d00-0xffff window]
[    0.703662] pci_bus 0000:00: root bus resource [mem 0x000a0000-0x000bffff window]
[    0.704270] pci_bus 0000:00: root bus resource [mem 0x80000000-0xfebfffff window]
[    0.704877] pci_bus 0000:00: root bus resource [mem 0x100000000-0x17fffffff window]
[    0.705506] pci_bus 0000:00: root bus resource [bus 00-ff]
[    0.706063] pci 0000:00:00.0: [8086:1237] type 00 class 0x060000
[    0.709702] pci 0000:00:01.0: [8086:7000] type 00 class 0x060100
[    0.710899] pci 0000:00:01.1: [8086:7010] type 00 class 0x010180
[    0.712640] pci 0000:00:01.1: reg 0x20: [io  0xc040-0xc04f]
[    0.713612] pci 0000:00:01.1: legacy IDE quirk: reg 0x10: [io  0x01f0-0x01f7]
[    0.714188] pci 0000:00:01.1: legacy IDE quirk: reg 0x14: [io  0x03f6]
[    0.714719] pci 0000:00:01.1: legacy IDE quirk: reg 0x18: [io  0x0170-0x0177]
[    0.715111] pci 0000:00:01.1: legacy IDE quirk: reg 0x1c: [io  0x0376]
[    0.715922] pci 0000:00:01.3: [8086:7113] type 00 class 0x068000
[    0.716718] pci 0000:00:01.3: quirk: [io  0x0600-0x063f] claimed by PIIX4 ACPI
[    0.717305] pci 0000:00:01.3: quirk: [io  0x0700-0x070f] claimed by PIIX4 SMB
[    0.718161] pci 0000:00:02.0: [1234:1111] type 00 class 0x030000
[    0.719481] pci 0000:00:02.0: reg 0x10: [mem 0xfd000000-0xfdffffff pref]
[    0.721617] pci 0000:00:02.0: reg 0x18: [mem 0xfebf0000-0xfebf0fff]
[    0.724398] pci 0000:00:02.0: reg 0x30: [mem 0xfebe0000-0xfebeffff pref]
[    0.725015] pci 0000:00:02.0: Video device with shadowed ROM at [mem 0x000c0000-0x000dffff]
[    0.728604] pci 0000:00:03.0: [8086:100e] type 00 class 0x020000
[    0.729635] pci 0000:00:03.0: reg 0x10: [mem 0xfebc0000-0xfebdffff]
[    0.730820] pci 0000:00:03.0: reg 0x14: [io  0xc000-0xc03f]
[    0.733868] pci 0000:00:03.0: reg 0x30: [mem 0xfeb80000-0xfebbffff pref]
[    0.745976] ACPI: PCI: Interrupt link LNKA configured for IRQ 10
[    0.746905] ACPI: PCI: Interrupt link LNKB configured for IRQ 10
[    0.747510] ACPI: PCI: Interrupt link LNKC configured for IRQ 11
[    0.748393] ACPI: PCI: Interrupt link LNKD configured for IRQ 11
[    0.749077] ACPI: PCI: Interrupt link LNKS configured for IRQ 9
[    0.750682] iommu: Default domain type: Translated 
[    0.751101] iommu: DMA domain TLB invalidation policy: lazy mode 
[    0.752557] SCSI subsystem initialized
[    0.753119] ACPI: bus type USB registered
[    0.753504] usbcore: registered new interface driver usbfs
[    0.753974] usbcore: registered new interface driver hub
[    0.754448] usbcore: registered new device driver usb
[    0.754964] pps_core: LinuxPPS API ver. 1 registered
[    0.755110] pps_core: Software ver. 5.3.6 - Copyright 2005-2007 Rodolfo Giometti <giometti@linux.it>
[    0.755854] PTP clock support registered
[    0.756313] EDAC MC: Ver: 3.0.0
[    0.758014] NetLabel: Initializing
[    0.758308] NetLabel:  domain hash size = 128
[    0.758669] NetLabel:  protocols = UNLABELED CIPSOv4 CALIPSO
[    0.759170] NetLabel:  unlabeled traffic allowed by default
[    0.759908] PCI: Using ACPI for IRQ routing
[    0.760461] pci 0000:00:02.0: vgaarb: setting as boot VGA device
[    0.760965] pci 0000:00:02.0: vgaarb: bridge control possible
[    0.761428] pci 0000:00:02.0: vgaarb: VGA device added: decodes=io+mem,owns=io+mem,locks=none
[    0.762122] vgaarb: loaded
[    0.762867] hpet0: at MMIO 0xfed00000, IRQs 2, 8, 0
[    0.763120] hpet0: 3 comparators, 64-bit 100.000000 MHz counter
[    3.210178] clocksource: Switched to clocksource kvm-clock
[    3.256049] Callback from call_rcu_tasks_rude() invoked.
[    3.319231] Callback from call_rcu_tasks() invoked.
[    3.369195] VFS: Disk quotas dquot_6.6.0
[    3.369559] VFS: Dquot-cache hash table entries: 512 (order 0, 4096 bytes)
[    3.370342] pnp: PnP ACPI init
[    3.372493] pnp: PnP ACPI: found 6 devices
[    3.385535] clocksource: acpi_pm: mask: 0xffffff max_cycles: 0xffffff, max_idle_ns: 2085701024 ns
[    3.386524] NET: Registered PF_INET protocol family
[    3.386979] IP idents hash table entries: 32768 (order: 6, 262144 bytes, linear)
[    3.388520] tcp_listen_portaddr_hash hash table entries: 1024 (order: 4, 73728 bytes, linear)
[    3.389207] Table-perturb hash table entries: 65536 (order: 6, 262144 bytes, linear)
[    3.389857] TCP established hash table entries: 16384 (order: 5, 131072 bytes, linear)
[    3.390669] TCP bind hash table entries: 16384 (order: 9, 2359296 bytes, linear)
[    3.391949] TCP: Hash tables configured (established 16384 bind 16384)
[    3.392526] UDP hash table entries: 1024 (order: 5, 163840 bytes, linear)
[    3.393089] UDP-Lite hash table entries: 1024 (order: 5, 163840 bytes, linear)
[    3.393763] NET: Registered PF_UNIX/PF_LOCAL protocol family
[    3.394776] RPC: Registered named UNIX socket transport module.
[    3.395270] RPC: Registered udp transport module.
[    3.395652] RPC: Registered tcp transport module.
[    3.396020] RPC: Registered tcp NFSv4.1 backchannel transport module.
[    3.396524] pci_bus 0000:00: resource 4 [io  0x0000-0x0cf7 window]
[    3.397010] pci_bus 0000:00: resource 5 [io  0x0d00-0xffff window]
[    3.397496] pci_bus 0000:00: resource 6 [mem 0x000a0000-0x000bffff window]
[    3.398035] pci_bus 0000:00: resource 7 [mem 0x80000000-0xfebfffff window]
[    3.398574] pci_bus 0000:00: resource 8 [mem 0x100000000-0x17fffffff window]
[    3.399364] pci 0000:00:01.0: PIIX3: Enabling Passive Release
[    3.399822] pci 0000:00:00.0: Limiting direct PCI/PCI transfers
[    3.400373] PCI: CLS 0 bytes, default 64
[    3.400722] ACPI: bus type thunderbolt registered
[    3.401363] clocksource: tsc: mask: 0xffffffffffffffff max_cycles: 0x2cd5a8bb032, max_idle_ns: 440795365915 ns
[    3.404786] Initialise system trusted keyrings
[    3.405225] Key type blacklist registered
[    3.405745] workingset: timestamp_bits=36 max_order=19 bucket_order=0
[    3.406333] zbud: loaded
[    3.407257] squashfs: version 4.0 (2009/01/31) Phillip Lougher
[    3.408620] NFS: Registering the id_resolver key type
[    3.409063] Key type id_resolver registered
[    3.409396] Key type id_legacy registered
[    3.409742] nfs4filelayout_init: NFSv4 File Layout Driver Registering...
[    3.410299] nfs4flexfilelayout_init: NFSv4 Flexfile Layout Driver Registering...
[    3.411022] fuse: init (API version 7.38)
[    3.411577] SGI XFS with ACLs, security attributes, realtime, quota, no debug enabled
[    3.412671] 9p: Installing v9fs 9p2000 file system support
[    3.420820] Key type asymmetric registered
[    3.421151] Asymmetric key parser 'x509' registered
[    3.421569] Block layer SCSI generic (bsg) driver version 0.4 loaded (major 243)
[    3.422305] io scheduler mq-deadline registered
[    3.422710] io scheduler bfq registered
[    3.423531] shpchp: Standard Hot Plug PCI Controller Driver version: 0.4
[    3.424407] IPMI message handler: version 39.2
[    3.424803] ipmi device interface
[    3.426816] input: Power Button as /devices/LNXSYSTM:00/LNXPWRBN:00/input/input0
[    3.427782] ACPI: button: Power Button [PWRF]
[    3.429295] ERST DBG: ERST support is disabled.
[    3.430450] Serial: 8250/16550 driver, 32 ports, IRQ sharing enabled
[    3.431400] 00:04: ttyS0 at I/O 0x3f8 (irq = 4, base_baud = 115200) is a 16550A
[    3.441883] Linux agpgart interface v0.103
[    3.442993] ACPI: bus type drm_connector registered
[    3.455521] brd: module loaded
[    3.462813] loop: module loaded
[    3.467234] scsi host0: ata_piix
[    3.468012] scsi host1: ata_piix
[    3.468439] ata1: PATA max MWDMA2 cmd 0x1f0 ctl 0x3f6 bmdma 0xc040 irq 14
[    3.468982] ata2: PATA max MWDMA2 cmd 0x170 ctl 0x376 bmdma 0xc048 irq 15
[    3.470916] tun: Universal TUN/TAP device driver, 1.6
[    3.471572] e100: Intel(R) PRO/100 Network Driver
[    3.471940] e100: Copyright(c) 1999-2006 Intel Corporation
[    3.472402] e1000: Intel(R) PRO/1000 Network Driver
[    3.472796] e1000: Copyright (c) 1999-2006 Intel Corporation.
[    3.627239] ata1: found unknown device (class 0)
[    3.628127] ata1.00: ATA-7: QEMU HARDDISK, 2.5+, max UDMA/100
[    3.628594] ata1.00: 16777216 sectors, multi 16: LBA48 
[    3.629732] scsi 0:0:0:0: Direct-Access     ATA      QEMU HARDDISK    2.5+ PQ: 0 ANSI: 5
[    3.631321] scsi 0:0:0:0: Attached scsi generic sg0 type 0
[    3.632344] sd 0:0:0:0: [sda] 16777216 512-byte logical blocks: (8.59 GB/8.00 GiB)
[    3.633001] sd 0:0:0:0: [sda] Write Protect is off
[    3.633450] sd 0:0:0:0: [sda] Write cache: enabled, read cache: enabled, doesn't support DPO or FUA
[    3.634294] ata2: found unknown device (class 0)
[    3.634878] sd 0:0:0:0: [sda] Preferred minimum I/O size 512 bytes
[    3.635851] ata2.00: ATAPI: QEMU DVD-ROM, 2.5+, max UDMA/100
[    3.638198] scsi 1:0:0:0: CD-ROM            QEMU     QEMU DVD-ROM     2.5+ PQ: 0 ANSI: 5
[    3.655974] ACPI: \_SB_.LNKC: Enabled at IRQ 11
[    3.664286] sd 0:0:0:0: [sda] Attached SCSI disk
[    3.672171] scsi 1:0:0:0: Attached scsi generic sg1 type 5
[    3.982066] e1000 0000:00:03.0 eth0: (PCI:33MHz:32-bit) 52:54:00:12:34:56
[    3.982659] e1000 0000:00:03.0 eth0: Intel(R) PRO/1000 Network Connection
[    3.983299] e1000e: Intel(R) PRO/1000 Network Driver
[    3.983705] e1000e: Copyright(c) 1999 - 2015 Intel Corporation.
[    3.984224] igb: Intel(R) Gigabit Ethernet Network Driver
[    3.984653] igb: Copyright (c) 2007-2014 Intel Corporation.
[    3.985180] PPP generic driver version 2.4.2
[    3.986274] VFIO - User Level meta-driver version: 0.3
[    3.987274] usbcore: registered new interface driver uas
[    3.987745] usbcore: registered new interface driver usb-storage
[    3.988367] i8042: PNP: PS/2 Controller [PNP0303:KBD,PNP0f13:MOU] at 0x60,0x64 irq 1,12
[    3.989781] serio: i8042 KBD port at 0x60,0x64 irq 1
[    3.990211] serio: i8042 AUX port at 0x60,0x64 irq 12
[    3.991397] mousedev: PS/2 mouse device common for all mice
[    3.992598] input: AT Translated Set 2 keyboard as /devices/platform/i8042/serio0/input/input1
[    3.994337] input: VirtualPS/2 VMware VMMouse as /devices/platform/i8042/serio1/input/input4
[    3.995418] rtc_cmos 00:05: RTC can wake from S4
[    3.996142] input: VirtualPS/2 VMware VMMouse as /devices/platform/i8042/serio1/input/input3
[    3.997834] rtc_cmos 00:05: registered as rtc0
[    3.998264] rtc_cmos 00:05: setting system clock to 2022-12-27T17:03:28 UTC (1672160608)
[    3.999101] rtc_cmos 00:05: alarms up to one day, y3k, 242 bytes nvram, hpet irqs
[    3.999754] i2c_dev: i2c /dev entries driver
[    4.000145] device-mapper: core: CONFIG_IMA_DISABLE_HTABLE is disabled. Duplicate IMA measurements will not be recorded in the IMA log.
[    4.001116] device-mapper: uevent: version 1.0.3
[    4.001701] device-mapper: ioctl: 4.47.0-ioctl (2022-07-28) initialised: dm-devel@redhat.com
[    4.002395] intel_pstate: CPU model not supported
[    4.002871] sdhci: Secure Digital Host Controller Interface driver
[    4.003389] sdhci: Copyright(c) Pierre Ossman
[    4.003797] sdhci-pltfm: SDHCI platform and OF driver helper
[    4.004330] ledtrig-cpu: registered to indicate activity on CPUs
[    4.005122] drop_monitor: Initializing network drop monitor service
[    4.005785] NET: Registered PF_INET6 protocol family
[    4.008845] Segment Routing with IPv6
[    4.009183] In-situ OAM (IOAM) with IPv6
[    4.009537] NET: Registered PF_PACKET protocol family
[    4.010081] 9pnet: Installing 9P2000 support
[    4.010491] Key type dns_resolver registered
[    4.011608] IPI shorthand broadcast: enabled
[    4.027061] sched_clock: Marking stable (4010636491, 12468890)->(4037196465, -14091084)
[    4.028582] registered taskstats version 1
[    4.029099] Loading compiled-in X.509 certificates
[    4.029643] zswap: loaded using pool lzo/zbud
[    4.045776] Key type .fscrypt registered
[    4.046112] Key type fscrypt-provisioning registered
[    4.047312] Key type encrypted registered
[    4.047679] ima: No TPM chip found, activating TPM-bypass!
[    4.048118] ima: Allocated hash algorithm: sha1
[    4.048512] ima: No architecture policies found
[    4.048952] evm: Initialising EVM extended attributes:
[    4.049362] evm: security.selinux
[    4.049631] evm: security.SMACK64
[    4.049899] evm: security.SMACK64EXEC
[    4.050193] evm: security.SMACK64TRANSMUTE
[    4.050520] evm: security.SMACK64MMAP
[    4.050811] evm: security.apparmor
[    4.051082] evm: security.ima
[    4.051349] evm: security.capability
[    4.051645] evm: HMAC attrs: 0x1
[    4.053230] PM:   Magic number: 2:384:88
[    4.053963] RAS: Correctable Errors collector initialized.
[    4.055453] md: Waiting for all devices to be available before autodetect
[    4.055843] md: If you don't use raid, use raid=noautodetect
[    4.056170] md: Autodetecting RAID arrays.
[    4.056415] md: autorun ...
[    4.056580] md: ... autorun DONE.
[    4.060561] EXT4-fs (sda): INFO: recovery required on readonly filesystem
[    4.060972] EXT4-fs (sda): write access will be enabled during recovery
[    4.202377] EXT4-fs (sda): recovery complete
[    4.208505] EXT4-fs (sda): mounted filesystem 23a53bb9-f815-47a5-b74c-5e08f7731193 with ordered data mode. Quota mode: none.
[    4.209207] VFS: Mounted root (ext4 filesystem) readonly on device 8:0.
[    4.210092] devtmpfs: mounted
[    4.218968] Freeing unused decrypted memory: 2036K
[    4.221501] Freeing unused kernel image (initmem) memory: 10168K
[    4.221882] Write protecting the kernel read-only data: 45056k
[    4.223624] Freeing unused kernel image (rodata/data gap) memory: 244K
[    4.313042] x86/mm: Checked W+X mappings: passed, no W+X pages found.
[    4.313419] Run /sbin/init as init process
[    4.388800] systemd[1]: RTC configured in localtime, applying delta of 0 minutes to system time.
[    4.412741] systemd[1]: systemd 239 (239-49.el8) running in system mode. (+PAM +AUDIT +SELINUX +IMA -APPARMOR +SMACK +SYSVINIT +UTMP +LIBCRYPTSETUP +GCRYPT +GNUTLS +ACL +XZ +LZ4 +SECCOMP +BLKID +ELFUTILS +KMOD +IDN2 -IDN +PCRE2 default-hierarchy=legacy)
[    4.414157] systemd[1]: Detected virtualization kvm.
[    4.414450] systemd[1]: Detected architecture x86-64.

Welcome to [0;31mCentOS Stream 8[0m!

[    4.466550] systemd[1]: Set hostname to <test>.
[    4.722497] systemd[1]: Listening on Process Core Dump Socket.
[[0;32m  OK  [0m] Listening on Process Core Dump Socket.
[    4.724142] systemd[1]: Set up automount Arbitrary Executable File Formats File System Automount Point.
[[0;32m  OK  [0m] Set up automount Arbitrary Executabâ€¦rmats File System Automount Point.
[    4.725738] systemd[1]: Listening on LVM2 poll daemon socket.
[[0;32m  OK  [0m] Listening on LVM2 poll daemon socket.
[    4.726842] systemd[1]: Listening on Journal Socket (/dev/log).
[[0;32m  OK  [0m] Listening on Journal Socket (/dev/log).
[    4.727970] systemd[1]: Listening on Journal Socket.
[[0;32m  OK  [0m] Listening on Journal Socket.
[    4.763378] systemd[1]: Mounting POSIX Message Queue File System...
         Mounting POSIX Message Queue File System...
[[0;32m  OK  [0m] Created slice system-serial\x2dgetty.slice.
         Mounting Kernel Debug File System...
[[0;32m  OK  [0m] Listening on multipathd control socket.
         Starting Journal Service...
[[0;32m  OK  [0m] Listening on udev Kernel Socket.
         Mounting Huge Pages File System...
[[0;32m  OK  [0m] Listening on initctl Compatibility Named Pipe.
         Starting Setup Virtual Console...
[[0;32m  OK  [0m] Listening on udev Control Socket.
         Starting udev Coldplug all Devices...
         Starting Remount Root and Kernel File Systems...
[[0;32m  OK  [0m] Started Forward Password Requests to Wall Directory Watch.
[[0;32m  OK  [0m] Created slice User and Session Slice.
[[0;32m  OK  [0m] Created slice system-getty.slice.
[[0;32m  OK  [0m] Created slice system-sshd\x2dkeygen.slice.
[[0;32m  OK  [0m] Listening on Device-mapper event daemon FIFOs.
         Starting Monitoring of LVM2 mirrorsâ€¦ng dmeventd or progress polling...
         Starting Load Kernel Modules...
[[0;32m  OK  [0m] Listening on RPCbind Server Activation Socket.
[[0;32m  OK  [0m] Reached target Swap.
[[0;32m  OK  [0m] Reached target RPC Port Mapper.
[[0;32m  OK  [0m] Reached target Slices.
[[0;32m  OK  [0m] Started Journal Service.
[[0;32m  OK  [0m] Mounted POSIX Message Queue File System.
[[0;32m  OK  [0m] Mounted Kernel Debug File System.
[[0;32m  OK  [0m] Mounted Huge Pages File System.
[[0;1;31mFAILED[0m] Failed to start Load Kernel Modules.
See 'systemctl status systemd-modules-load.service' for details.
         Mounting FUSE Control File System...
         Starting Apply Kernel Variables...
         Mounting Kernel Configuration File System...
[    5.159147] EXT4-fs (sda): re-mounted 23a53bb9-f815-47a5-b74c-5e08f7731193. Quota mode: none.
[[0;32m  OK  [0m] Started Remount Root and Kernel File Systems.
[[0;32m  OK  [0m] Mounted FUSE Control File System.
[[0;32m  OK  [0m] Started Apply Kernel Variables.
[[0;32m  OK  [0m] Mounted Kernel Configuration File System.
         Starting Create Static Device Nodes in /dev...
         Starting Flush Journal to Persistent Storage...
         Starting Load/Save Random Seed...
[[0;32m  OK  [0m] Started Setup Virtual Console.
[[0;32m  OK  [0m] Started Create Static Device Nodes in /dev.
         Starting udev Kernel Device Manager...
[[0;32m  OK  [0m] Started Flush Journal to Persistent Storage.
[[0;32m  OK  [0m] Started Load/Save Random Seed.
[[0;32m  OK  [0m] Started udev Kernel Device Manager.
[[0;32m  OK  [0m] Started udev Coldplug all Devices.
         Starting udev Wait for Complete Device Initialization...
         Starting Show Plymouth Boot Screen...
[[0;32m  OK  [0m] Started Show Plymouth Boot Screen.
[[0;32m  OK  [0m] Started Forward Password Requests to Plymouth Directory Watch.
[[0;32m  OK  [0m] Reached target Local Encrypted Volumes.
[[0;32m  OK  [0m] Reached target Paths.
[[0;32m  OK  [0m] Found device /dev/ttyS0.
[[0;32m  OK  [0m] Started Monitoring of LVM2 mirrors,â€¦sing dmeventd or progress polling.
[[0;32m  OK  [0m] Started udev Wait for Complete Device Initialization.
[[0;32m  OK  [0m] Listening on Load/Save RF Kill Switch Status /dev/rfkill Watch.
[[0;32m  OK  [0m] Reached target Local File Systems (Pre).
[[0;32m  OK  [0m] Reached target Local File Systems.
         Starting Create Volatile Files and Directories...
         Starting Tell Plymouth To Write Out Runtime Data...
         Starting Restore /run/initramfs on shutdown...
[[0;32m  OK  [0m] Started Create Volatile Files and Directories.
[[0;32m  OK  [0m] Started Tell Plymouth To Write Out Runtime Data.
[[0;32m  OK  [0m] Started Restore /run/initramfs on shutdown.
         Starting Security Auditing Service...
         Starting RPC Bind...
         Mounting RPC Pipe File System...
[[0;32m  OK  [0m] Mounted RPC Pipe File System.
[[0;32m  OK  [0m] Reached target rpc_pipefs.target.
[[0;32m  OK  [0m] Started RPC Bind.
[[0;32m  OK  [0m] Started Security Auditing Service.
         Starting Update UTMP about System Boot/Shutdown...
[[0;32m  OK  [0m] Started Update UTMP about System Boot/Shutdown.
[[0;32m  OK  [0m] Reached target System Initialization.
[[0;32m  OK  [0m] Listening on D-Bus System Message Bus Socket.
[[0;32m  OK  [0m] Started daily update of the root trust anchor for DNSSEC.
[[0;32m  OK  [0m] Started dnf makecache --timer.
[[0;32m  OK  [0m] Started Daily Cleanup of Temporary Directories.
[[0;32m  OK  [0m] Reached target Timers.
[[0;32m  OK  [0m] Listening on SSSD Kerberos Cache Manager responder socket.
[[0;32m  OK  [0m] Reached target Sockets.
[[0;32m  OK  [0m] Reached target Basic System.
         Starting Self Monitoring and Reporting Technology (SMART) Daemon...
         Starting Login Service...
[[0;32m  OK  [0m] Started Machine Check Exception Logging Daemon.
         Starting NTP client/server...
[[0;32m  OK  [0m] Started irqbalance daemon.
[[0;32m  OK  [0m] Started D-Bus System Message Bus.
         Starting Network Manager...
         Starting Authorization Manager...
         Starting Auto-connect to subsystemsâ€¦-NVME devices found during boot...
[[0;32m  OK  [0m] Reached target sshd-keygen.target.
[[0;32m  OK  [0m] Started Self Monitoring and Reporting Technology (SMART) Daemon.
[[0;32m  OK  [0m] Started Auto-connect to subsystems â€¦FC-NVME devices found during boot.
         Starting update of the root trust aâ€¦or DNSSEC validation in unbound...
[[0;32m  OK  [0m] Started Login Service.
[[0;32m  OK  [0m] Started Network Manager.
[[0;32m  OK  [0m] Reached target Network.
         Starting OpenSSH server daemon...
         Starting GSSAPI Proxy Daemon...
         Starting Dynamic System Tuning Daemon...
         Starting Network Manager Wait Online...
[[0;32m  OK  [0m] Started NTP client/server.
[[0;32m  OK  [0m] Started OpenSSH server daemon.
[[0;32m  OK  [0m] Started update of the root trust anâ€¦ for DNSSEC validation in unbound.
[[0;32m  OK  [0m] Started GSSAPI Proxy Daemon.
[[0;32m  OK  [0m] Started Authorization Manager.
         Starting Hostname Service...
[[0;32m  OK  [0m] Reached target NFS client services.
[[0;32m  OK  [0m] Reached target Remote File Systems (Pre).
[[0;32m  OK  [0m] Reached target Remote File Systems.
         Starting Permit User Sessions...
[[0;32m  OK  [0m] Started Permit User Sessions.
         Starting Hold until boot process finishes up...
[[0;32m  OK  [0m] Started Command Scheduler.
         Starting Terminate Plymouth Boot Screen...
[    7.403316] e1000: eth0 NIC Link is Up 1000 Mbps Full Duplex, Flow Control: RX
[    7.404208] IPv6: ADDRCONF(NETDEV_CHANGE): eth0: link becomes ready
[    7.575396] Spectre V2 : WARNING: Unprivileged eBPF is enabled with eIBRS on, data leaks possible via Spectre v2 BHB attacks!
[    7.576255] Spectre V2 : WARNING: Unprivileged eBPF is enabled with eIBRS on, data leaks possible via Spectre v2 BHB attacks!

CentOS Stream 8
Kernel 6.2.0-rc1-1b929c02afd3 on an x86_64

test login: [   29.122213] sg_write: data in/out 3278044/1 bytes for SCSI command 0x3c-- guessing data in;
[   29.122213]    program repro not setting count and/or reply_len properly
[   29.124589] ------------[ cut here ]------------
[   29.125053] WARNING: CPU: 1 PID: 514 at lib/iov_iter.c:629 _copy_from_iter+0x130/0xa60
[   29.125821] Modules linked in:
[   29.126140] CPU: 1 PID: 514 Comm: repro Not tainted 6.2.0-rc1-1b929c02afd3 #1
[   29.126810] Hardware name: QEMU Standard PC (i440FX + PIIX, 1996), BIOS rel-1.16.0-0-gd239552ce722-prebuilt.qemu.org 04/01/2014
[   29.127885] RIP: 0010:_copy_from_iter+0x130/0xa60
[   29.128354] Code: 41 5e 41 5f 5d c3 cc cc cc cc e8 7b 15 58 ff be 79 02 00 00 48 c7 c7 7c 4f 94 83 e8 ea 18 7a ff e9 3f ff ff ff e8 60 15 58 ff <0f> 0b 31 db eb ac e8 55 15 58 ff 31 ff 44 89 f6 e8 ab 16 58 ff 45
[   29.130184] RSP: 0018:ffffc90000eff8e0 EFLAGS: 00010246
[   29.130704] RAX: 0000000000000000 RBX: 0000000000001000 RCX: ffffffff81d40043
[   29.131445] RDX: 0000000000000000 RSI: ffff88801259d300 RDI: 0000000000000002
[   29.132246] RBP: ffffc90000eff970 R08: ffffc90000eff997 R09: 000000000000ffff
[   29.132948] R10: ffffea000053c000 R11: 0000000000000000 R12: ffffc90000effa28
[   29.133647] R13: 0000000000000000 R14: ffffea000049de00 R15: 0000000000000000
[   29.134341] FS:  00007f5d97461740(0000) GS:ffff88807dd00000(0000) knlGS:0000000000000000
[   29.135152] CS:  0010 DS: 0000 ES: 0000 CR0: 0000000080050033
[   29.135719] CR2: 0000000000000000 CR3: 000000000ba7a001 CR4: 0000000000770ee0
[   29.136393] PKRU: 55555554
[   29.136670] Call Trace:
[   29.136921]  <TASK>
[   29.137149]  ? __sanitizer_cov_trace_pc+0x25/0x60
[   29.137634]  ? bio_add_hw_page+0x234/0x2e0
[   29.138064]  ? write_comp_data+0x2f/0x90
[   29.138470]  copy_page_from_iter+0x1aa/0x370
[   29.138903]  ? write_comp_data+0x2f/0x90
[   29.139358]  blk_rq_map_user_iov+0x531/0xa70
[   29.139808]  blk_rq_map_user+0x86/0xc0
[   29.140214]  blk_rq_map_user_io+0xbe/0xd0
[   29.140642]  sg_common_write.isra.22+0x5fd/0xb10
[   29.141142]  sg_write+0x43a/0x750
[   29.141502]  ? write_comp_data+0x2f/0x90
[   29.141889]  ? __sanitizer_cov_trace_pc+0x25/0x60
[   29.142377]  ? iovec_from_user.part.28+0x132/0x370
[   29.142873]  ? write_comp_data+0x2f/0x90
[   29.143321]  ? write_comp_data+0x2f/0x90
[   29.143713]  ? __sanitizer_cov_trace_pc+0x25/0x60
[   29.144176]  ? write_comp_data+0x2f/0x90
[   29.144573]  do_iter_write+0x273/0x320
[   29.144953]  vfs_writev+0xd2/0x3d0
[   29.145325]  ? write_comp_data+0x2f/0x90
[   29.145739]  ? __sanitizer_cov_trace_pc+0x25/0x60
[   29.146212]  ? write_comp_data+0x2f/0x90
[   29.146631]  do_writev+0xa6/0x1c0
[   29.147007]  ? do_writev+0xa6/0x1c0
[   29.147439]  __x64_sys_writev+0x29/0x30
[   29.147845]  do_syscall_64+0x3b/0x90
[   29.148213]  entry_SYSCALL_64_after_hwframe+0x72/0xdc
[   29.148731] RIP: 0033:0x7f5d9758659d
[   29.149099] Code: 00 c3 66 2e 0f 1f 84 00 00 00 00 00 90 f3 0f 1e fa 48 89 f8 48 89 f7 48 89 d6 48 89 ca 4d 89 c2 4d 89 c8 4c 8b 4c 24 08 0f 05 <48> 3d 01 f0 ff ff 73 01 c3 48 8b 0d d3 08 0d 00 f7 d8 64 89 01 48
[   29.150828] RSP: 002b:00007fffb241ed98 EFLAGS: 00000283 ORIG_RAX: 0000000000000014
[   29.151597] RAX: ffffffffffffffda RBX: 0000000000000000 RCX: 00007f5d9758659d
[   29.152296] RDX: 0000000000000002 RSI: 00000000200000c0 RDI: 0000000000000003
[   29.153011] RBP: 00007fffb241edb0 R08: 00007fffb241ee90 R09: 00007fffb241ee90
[   29.153725] R10: 002367732f766564 R11: 0000000000000283 R12: 00000000004010a0
[   29.154429] R13: 00007fffb241ee90 R14: 0000000000000000 R15: 0000000000000000
[   29.155178]  </TASK>
[   29.155433] irq event stamp: 4831
[   29.155776] hardirqs last  enabled at (4839): [<ffffffff811d48f1>] __up_console_sem+0x91/0xb0
[   29.156641] hardirqs last disabled at (4846): [<ffffffff811d48d6>] __up_console_sem+0x76/0xb0
[   29.157500] softirqs last  enabled at (4566): [<ffffffff82f9b213>] __do_softirq+0x323/0x48a
[   29.158275] softirqs last disabled at (4561): [<ffffffff811231a2>] irq_exit_rcu+0xd2/0x100
[   29.159089] ---[ end trace 0000000000000000 ]---
[   29.167011] sg_write: data in/out 3278044/1 bytes for SCSI command 0x3c-- guessing data in;
[   29.167011]    program repro not setting count and/or reply_len properly
[   29.173996] sg_write: data in/out 3278044/1 bytes for SCSI command 0x3c-- guessing data in;
[   29.173996]    program repro not setting count and/or reply_len properly
[   29.181291] sg_write: data in/out 3278044/1 bytes for SCSI command 0x3c-- guessing data in;
[   29.181291]    program repro not setting count and/or reply_len properly
[   29.190186] sg_write: data in/out 3278044/1 bytes for SCSI command 0x3c-- guessing data in;
[   29.190186]    program repro not setting count and/or reply_len properly
[   29.200699] sg_write: data in/out 3278044/1 bytes for SCSI command 0x3c-- guessing data in;
[   29.200699]    program repro not setting count and/or reply_len properly
[   29.210761] sg_write: data in/out 3278044/1 bytes for SCSI command 0x3c-- guessing data in;
[   29.210761]    program repro not setting count and/or reply_len properly
[   29.221105] sg_write: data in/out 3278044/1 bytes for SCSI command 0x3c-- guessing data in;
[   29.221105]    program repro not setting count and/or reply_len properly
[   29.231281] sg_write: data in/out 3278044/1 bytes for SCSI command 0x3c-- guessing data in;
[   29.231281]    program repro not setting count and/or reply_len properly
[   29.241118] sg_write: data in/out 3278044/1 bytes for SCSI command 0x3c-- guessing data in;
[   29.241118]    program repro not setting count and/or reply_len properly
[   34.125108] sg_write: 955 callbacks suppressed
[   34.125122] sg_write: data in/out 3278044/1 bytes for SCSI command 0x3c-- guessing data in;
[   34.125122]    program repro not setting count and/or reply_len properly
[   34.134360] sg_write: data in/out 3278044/1 bytes for SCSI command 0x3c-- guessing data in;
[   34.134360]    program repro not setting count and/or reply_len properly
[   34.142772] sg_write: data in/out 3278044/1 bytes for SCSI command 0x3c-- guessing data in;
[   34.142772]    program repro not setting count and/or reply_len properly
[   34.150256] sg_write: data in/out 3278044/1 bytes for SCSI command 0x3c-- guessing data in;
[   34.150256]    program repro not setting count and/or reply_len properly
[   34.156061] sg_write: data in/out 3278044/1 bytes for SCSI command 0x3c-- guessing data in;
[   34.156061]    program repro not setting count and/or reply_len properly
[   34.161723] sg_write: data in/out 3278044/1 bytes for SCSI command 0x3c-- guessing data in;
[   34.161723]    program repro not setting count and/or reply_len properly
[   34.167174] sg_write: data in/out 3278044/1 bytes for SCSI command 0x3c-- guessing data in;
[   34.167174]    program repro not setting count and/or reply_len properly
[   34.172716] sg_write: data in/out 3278044/1 bytes for SCSI command 0x3c-- guessing data in;
[   34.172716]    program repro not setting count and/or reply_len properly
[   34.178150] sg_write: data in/out 3278044/1 bytes for SCSI command 0x3c-- guessing data in;
[   34.178150]    program repro not setting count and/or reply_len properly
[   34.185552] sg_write: data in/out 3278044/1 bytes for SCSI command 0x3c-- guessing data in;
[   34.185552]    program repro not setting count and/or reply_len properly
