c[?7l[2J[0mSeaBIOS (version rel-1.16.0-0-gd239552ce722-prebuilt.qemu.org)


iPXE (http://ipxe.org) 00:03.0 CA00 PCI2.10 PnP PMM+7FF91000+7FEF1000 CA00
Press Ctrl-B to configure iPXE (PCI 00:03.0)...                                                                               


Booting from ROM..c[?7l[2J[    0.000000] Linux version 6.0.0-29926f1cd353+ (root@p-tglh01.sh.intel.com) (gcc (GCC) 8.5.0 20210514 (Red Hat 8.5.0-17), GNU ld version 2.36.1-2.el8) #1 SMP PREEMPT_DYNAMIC Tue Dec 27 13:04:23 CST 2022
[    0.000000] Command line: console=ttyS0 root=/dev/sda earlyprintk=serial net.ifnames=0
[    0.000000] KERNEL supported cpus:
[    0.000000]   Intel GenuineIntel
[    0.000000]   AMD AuthenticAMD
[    0.000000]   Hygon HygonGenuine
[    0.000000]   Centaur CentaurHauls
[    0.000000]   zhaoxin   Shanghai  
[    0.000000] x86/fpu: Supporting XSAVE feature 0x001: 'x87 floating point registers'
[    0.000000] x86/fpu: Supporting XSAVE feature 0x002: 'SSE registers'
[    0.000000] x86/fpu: Supporting XSAVE feature 0x004: 'AVX registers'
[    0.000000] x86/fpu: Supporting XSAVE feature 0x020: 'AVX-512 opmask'
[    0.000000] x86/fpu: Supporting XSAVE feature 0x040: 'AVX-512 Hi256'
[    0.000000] x86/fpu: Supporting XSAVE feature 0x080: 'AVX-512 ZMM_Hi256'
[    0.000000] x86/fpu: Supporting XSAVE feature 0x200: 'Protection Keys User registers'
[    0.000000] x86/fpu: xstate_offset[2]:  576, xstate_sizes[2]:  256
[    0.000000] x86/fpu: xstate_offset[5]:  832, xstate_sizes[5]:   64
[    0.000000] x86/fpu: xstate_offset[6]:  896, xstate_sizes[6]:  512
[    0.000000] x86/fpu: xstate_offset[7]: 1408, xstate_sizes[7]: 1024
[    0.000000] x86/fpu: xstate_offset[9]: 2432, xstate_sizes[9]:    8
[    0.000000] x86/fpu: Enabled xstate features 0x2e7, context size is 2440 bytes, using 'compacted' format.
[    0.000000] signal: max sigframe size: 3632
[    0.000000] BIOS-provided physical RAM map:
[    0.000000] BIOS-e820: [mem 0x0000000000000000-0x000000000009fbff] usable
[    0.000000] BIOS-e820: [mem 0x000000000009fc00-0x000000000009ffff] reserved
[    0.000000] BIOS-e820: [mem 0x00000000000f0000-0x00000000000fffff] reserved
[    0.000000] BIOS-e820: [mem 0x0000000000100000-0x000000007ffdffff] usable
[    0.000000] BIOS-e820: [mem 0x000000007ffe0000-0x000000007fffffff] reserved
[    0.000000] BIOS-e820: [mem 0x00000000feffc000-0x00000000feffffff] reserved
[    0.000000] BIOS-e820: [mem 0x00000000fffc0000-0x00000000ffffffff] reserved
[    0.000000] printk: bootconsole [earlyser0] enabled
[    0.000000] NX (Execute Disable) protection: active
[    0.000000] SMBIOS 2.8 present.
[    0.000000] DMI: QEMU Standard PC (i440FX + PIIX, 1996), BIOS rel-1.16.0-0-gd239552ce722-prebuilt.qemu.org 04/01/2014
[    0.000000] Hypervisor detected: KVM
[    0.000000] kvm-clock: Using msrs 4b564d01 and 4b564d00
[    0.000004] kvm-clock: using sched offset of 351138031 cycles
[    0.000514] clocksource: kvm-clock: mask: 0xffffffffffffffff max_cycles: 0x1cd42e4dffb, max_idle_ns: 881590591483 ns
[    0.002094] tsc: Detected 3110.400 MHz processor
[    0.011022] last_pfn = 0x7ffe0 max_arch_pfn = 0x400000000
[    0.011611] x86/PAT: Configuration [0-7]: WB  WC  UC- UC  WB  WP  UC- WT  
[    0.020450] found SMP MP-table at [mem 0x000f5ba0-0x000f5baf]
[    0.021052] Using GB pages for direct mapping
[    0.022731] ACPI: Early table checksum verification disabled
[    0.023292] ACPI: RSDP 0x00000000000F59C0 000014 (v00 BOCHS )
[    0.023849] ACPI: RSDT 0x000000007FFE1951 000034 (v01 BOCHS  BXPC     00000001 BXPC 00000001)
[    0.024668] ACPI: FACP 0x000000007FFE17FD 000074 (v01 BOCHS  BXPC     00000001 BXPC 00000001)
[    0.025490] ACPI: DSDT 0x000000007FFE0040 0017BD (v01 BOCHS  BXPC     00000001 BXPC 00000001)
[    0.026303] ACPI: FACS 0x000000007FFE0000 000040
[    0.026753] ACPI: APIC 0x000000007FFE1871 000080 (v01 BOCHS  BXPC     00000001 BXPC 00000001)
[    0.027576] ACPI: HPET 0x000000007FFE18F1 000038 (v01 BOCHS  BXPC     00000001 BXPC 00000001)
[    0.028398] ACPI: WAET 0x000000007FFE1929 000028 (v01 BOCHS  BXPC     00000001 BXPC 00000001)
[    0.029212] ACPI: Reserving FACP table memory at [mem 0x7ffe17fd-0x7ffe1870]
[    0.029878] ACPI: Reserving DSDT table memory at [mem 0x7ffe0040-0x7ffe17fc]
[    0.030540] ACPI: Reserving FACS table memory at [mem 0x7ffe0000-0x7ffe003f]
[    0.031207] ACPI: Reserving APIC table memory at [mem 0x7ffe1871-0x7ffe18f0]
[    0.031946] ACPI: Reserving HPET table memory at [mem 0x7ffe18f1-0x7ffe1928]
[    0.032605] ACPI: Reserving WAET table memory at [mem 0x7ffe1929-0x7ffe1950]
[    0.034311] No NUMA configuration found
[    0.034681] Faking a node at [mem 0x0000000000000000-0x000000007ffdffff]
[    0.035414] NODE_DATA(0) allocated [mem 0x7ffb5000-0x7ffdffff]
[    0.040335] Zone ranges:
[    0.040579]   DMA      [mem 0x0000000000001000-0x0000000000ffffff]
[    0.041165]   DMA32    [mem 0x0000000001000000-0x000000007ffdffff]
[    0.041749]   Normal   empty
[    0.042026]   Device   empty
[    0.042302] Movable zone start for each node
[    0.042707] Early memory node ranges
[    0.043049]   node   0: [mem 0x0000000000001000-0x000000000009efff]
[    0.043642]   node   0: [mem 0x0000000000100000-0x000000007ffdffff]
[    0.044237] Initmem setup node 0 [mem 0x0000000000001000-0x000000007ffdffff]
[    0.045075] On node 0, zone DMA: 1 pages in unavailable ranges
[    0.045096] On node 0, zone DMA: 97 pages in unavailable ranges
[    0.049280] On node 0, zone DMA32: 32 pages in unavailable ranges
[    0.050160] ACPI: PM-Timer IO Port: 0x608
[    0.051163] ACPI: LAPIC_NMI (acpi_id[0xff] dfl dfl lint[0x1])
[    0.051772] IOAPIC[0]: apic_id 0, version 17, address 0xfec00000, GSI 0-23
[    0.052459] ACPI: INT_SRC_OVR (bus 0 bus_irq 0 global_irq 2 dfl dfl)
[    0.053079] ACPI: INT_SRC_OVR (bus 0 bus_irq 5 global_irq 5 high level)
[    0.053721] ACPI: INT_SRC_OVR (bus 0 bus_irq 9 global_irq 9 high level)
[    0.054388] ACPI: INT_SRC_OVR (bus 0 bus_irq 10 global_irq 10 high level)
[    0.055047] ACPI: INT_SRC_OVR (bus 0 bus_irq 11 global_irq 11 high level)
[    0.055723] ACPI: Using ACPI (MADT) for SMP configuration information
[    0.056348] ACPI: HPET id: 0x8086a201 base: 0xfed00000
[    0.056846] TSC deadline timer available
[    0.057216] smpboot: Allowing 2 CPUs, 0 hotplug CPUs
[    0.057718] kvm-guest: KVM setup pv remote TLB flush
[    0.058189] kvm-guest: setup PV sched yield
[    0.058657] PM: hibernation: Registered nosave memory: [mem 0x00000000-0x00000fff]
[    0.059379] PM: hibernation: Registered nosave memory: [mem 0x0009f000-0x0009ffff]
[    0.060090] PM: hibernation: Registered nosave memory: [mem 0x000a0000-0x000effff]
[    0.060797] PM: hibernation: Registered nosave memory: [mem 0x000f0000-0x000fffff]
[    0.061511] [mem 0x80000000-0xfeffbfff] available for PCI devices
[    0.062086] Booting paravirtualized kernel on KVM
[    0.062544] clocksource: refined-jiffies: mask: 0xffffffff max_cycles: 0xffffffff, max_idle_ns: 7645519600211568 ns
[    0.063569] setup_percpu: NR_CPUS:8192 nr_cpumask_bits:2 nr_cpu_ids:2 nr_node_ids:1
[    0.064597] percpu: Embedded 64 pages/cpu s225280 r8192 d28672 u1048576
[    0.065574] kvm-guest: PV spinlocks enabled
[    0.066020] PV qspinlock hash table entries: 256 (order: 0, 4096 bytes, linear)
[    0.066794] Fallback order for Node 0: 0 
[    0.067222] Built 1 zonelists, mobility grouping on.  Total pages: 515808
[    0.067919] Policy zone: DMA32
[    0.068239] Kernel command line: net.ifnames=0 console=ttyS0 root=/dev/sda earlyprintk=serial net.ifnames=0
[    0.069776] Dentry cache hash table entries: 262144 (order: 9, 2097152 bytes, linear)
[    0.070628] Inode-cache hash table entries: 131072 (order: 8, 1048576 bytes, linear)
[    0.071486] mem auto-init: stack:off, heap alloc:off, heap free:off
[    0.075336] Memory: 1983336K/2096632K available (32784K kernel code, 4668K rwdata, 8308K rodata, 3656K init, 22164K bss, 113040K reserved, 0K cma-reserved)
[    0.077888] SLUB: HWalign=64, Order=0-3, MinObjects=0, CPUs=2, Nodes=1
[    0.078499] kmemleak: Kernel memory leak detector disabled
[    0.079043] ftrace: allocating 67096 entries in 263 pages
[    0.102586] ftrace: allocated 263 pages with 4 groups
[    0.106762] Dynamic Preempt: voluntary
[    0.107311] Running RCU self tests
[    0.107640] rcu: Preemptible hierarchical RCU implementation.
[    0.108179] rcu: 	RCU lockdep checking is enabled.
[    0.108629] rcu: 	RCU restricting CPUs from NR_CPUS=8192 to nr_cpu_ids=2.
[    0.109270] 	Trampoline variant of Tasks RCU enabled.
[    0.109745] 	Rude variant of Tasks RCU enabled.
[    0.110184] 	Tracing variant of Tasks RCU enabled.
[    0.110646] rcu: RCU calculated value of scheduler-enlistment delay is 25 jiffies.
[    0.111364] rcu: Adjusting geometry for rcu_fanout_leaf=16, nr_cpu_ids=2
[    0.142110] NR_IRQS: 524544, nr_irqs: 440, preallocated irqs: 16
[    0.143019] rcu: srcu_init: Setting srcu_struct sizes based on contention.
[    0.151917] Console: colour VGA+ 80x25
[    0.152337] printk: console [ttyS0] enabled
[    0.152337] printk: console [ttyS0] enabled
[    0.153129] printk: bootconsole [earlyser0] disabled
[    0.153129] printk: bootconsole [earlyser0] disabled
[    0.154055] Lock dependency validator: Copyright (c) 2006 Red Hat, Inc., Ingo Molnar
[    0.154781] ... MAX_LOCKDEP_SUBCLASSES:  8
[    0.155176] ... MAX_LOCK_DEPTH:          48
[    0.155594] ... MAX_LOCKDEP_KEYS:        8192
[    0.156015] ... CLASSHASH_SIZE:          4096
[    0.156429] ... MAX_LOCKDEP_ENTRIES:     32768
[    0.156851] ... MAX_LOCKDEP_CHAINS:      65536
[    0.157297] ... CHAINHASH_SIZE:          32768
[    0.157718]  memory used by lock dependency info: 6365 kB
[    0.158223]  memory used for stack traces: 4224 kB
[    0.158674]  per task-struct memory footprint: 1920 bytes
[    0.159252] ACPI: Core revision 20220331
[    0.159936] clocksource: hpet: mask: 0xffffffff max_cycles: 0xffffffff, max_idle_ns: 19112604467 ns
[    0.160946] APIC: Switch to symmetric I/O mode setup
[    0.161621] x2apic enabled
[    0.162103] Switched APIC routing to physical x2apic.
[    0.162592] kvm-guest: setup PV IPIs
[    0.163972] ..TIMER: vector=0x30 apic1=0 pin1=2 apic2=-1 pin2=-1
[    0.164584] clocksource: tsc-early: mask: 0xffffffffffffffff max_cycles: 0x2cd5a8bb032, max_idle_ns: 440795365915 ns
[    0.165727] Calibrating delay loop (skipped) preset value.. 6220.80 BogoMIPS (lpj=12441600)
[    0.166541] pid_max: default: 32768 minimum: 301
[    0.167217] LSM: Security Framework initializing
[    0.167679] Yama: becoming mindful.
[    0.168272] Mount-cache hash table entries: 4096 (order: 3, 32768 bytes, linear)
[    0.169719] Mountpoint-cache hash table entries: 4096 (order: 3, 32768 bytes, linear)
[    0.171928] x86/cpu: User Mode Instruction Prevention (UMIP) activated
[    0.172751] Last level iTLB entries: 4KB 0, 2MB 0, 4MB 0
[    0.173276] Last level dTLB entries: 4KB 0, 2MB 0, 4MB 0, 1GB 0
[    0.173729] Spectre V1 : Mitigation: usercopy/swapgs barriers and __user pointer sanitization
[    0.174532] Spectre V2 : WARNING: Unprivileged eBPF is enabled with eIBRS on, data leaks possible via Spectre v2 BHB attacks!
[    0.175639] Spectre V2 : Mitigation: Enhanced IBRS
[    0.176068] Spectre V2 : Spectre v2 / SpectreRSB mitigation: Filling RSB on context switch
[    0.176795] Spectre V2 : Spectre v2 / PBRSB-eIBRS: Retire a single CALL on VMEXIT
[    0.177718] Spectre V2 : mitigation: Enabling conditional Indirect Branch Prediction Barrier
[    0.178488] Speculative Store Bypass: Mitigation: Speculative Store Bypass disabled via prctl
[    0.297644] Freeing SMP alternatives memory: 56K
[    0.298024] smpboot: CPU0: Genuine Intel(R) CPU 0000 @ 2.20GHz (family: 0x6, model: 0x8d, stepping: 0x0)
[    0.299571] cblist_init_generic: Setting adjustable number of callback queues.
[    0.300230] cblist_init_generic: Setting shift to 1 and lim to 1.
[    0.300833] cblist_init_generic: Setting shift to 1 and lim to 1.
[    0.301462] cblist_init_generic: Setting shift to 1 and lim to 1.
[    0.301776] Running RCU-tasks wait API self tests
[    0.405830] Performance Events: Icelake events, full-width counters, Intel PMU driver.
[    0.406680] ... version:                2
[    0.407052] ... bit width:              48
[    0.407421] ... generic registers:      8
[    0.407789] ... value mask:             0000ffffffffffff
[    0.408263] ... max period:             00007fffffffffff
[    0.408741] ... fixed-purpose events:   3
[    0.409102] ... event mask:             00000007000000ff
[    0.409954] rcu: Hierarchical SRCU implementation.
[    0.410393] rcu: 	Max phase no-delay instances is 1000.
[    0.413674] smp: Bringing up secondary CPUs ...
[    0.414252] x86: Booting SMP configuration:
[    0.414641] .... node  #0, CPUs:      #1
[    0.415055] smp: Brought up 1 node, 2 CPUs
[    0.415055] smpboot: Max logical packages: 1
[    0.415055] smpboot: Total of 2 processors activated (12441.60 BogoMIPS)
[    0.418134] devtmpfs: initialized
[    0.418358] x86/mm: Memory block size: 128MB
[    0.422130] clocksource: jiffies: mask: 0xffffffff max_cycles: 0xffffffff, max_idle_ns: 7645041785100000 ns
[    0.423016] futex hash table entries: 512 (order: 4, 65536 bytes, linear)
[    0.423860] pinctrl core: initialized pinctrl subsystem
[    0.424956] 
[    0.425104] *************************************************************
[    0.425710] **     NOTICE NOTICE NOTICE NOTICE NOTICE NOTICE NOTICE    **
[    0.426330] **                                                         **
[    0.426931] **  IOMMU DebugFS SUPPORT HAS BEEN ENABLED IN THIS KERNEL  **
[    0.426931] Callback from call_rcu_tasks_trace() invoked.
[    0.427532] **                                                         **
[    0.427537] ** This means that this kernel is built to expose internal **
[    0.429232] ** IOMMU data structures, which may compromise security on **
[    0.429715] ** your system.                                            **
[    0.430370] **                                                         **
[    0.431011] ** If you see this message and you are not debugging the   **
[    0.431614] ** kernel, report this immediately to your vendor!         **
[    0.432217] **                                                         **
[    0.432822] **     NOTICE NOTICE NOTICE NOTICE NOTICE NOTICE NOTICE    **
[    0.433424] *************************************************************
[    0.433768] PM: RTC time: 17:15:50, date: 2022-12-27
[    0.436902] NET: Registered PF_NETLINK/PF_ROUTE protocol family
[    0.438149] DMA: preallocated 256 KiB GFP_KERNEL pool for atomic allocations
[    0.438791] DMA: preallocated 256 KiB GFP_KERNEL|GFP_DMA pool for atomic allocations
[    0.439492] DMA: preallocated 256 KiB GFP_KERNEL|GFP_DMA32 pool for atomic allocations
[    0.440257] audit: initializing netlink subsys (disabled)
[    0.440806] audit: type=2000 audit(1672161351.625:1): state=initialized audit_enabled=0 res=1
[    0.440806] thermal_sys: Registered thermal governor 'fair_share'
[    0.440806] thermal_sys: Registered thermal governor 'bang_bang'
[    0.441720] thermal_sys: Registered thermal governor 'step_wise'
[    0.442257] thermal_sys: Registered thermal governor 'user_space'
[    0.442844] cpuidle: using governor ladder
[    0.443778] cpuidle: using governor menu
[    0.444441] acpiphp: ACPI Hot Plug PCI Controller Driver version: 0.5
[    0.445375] PCI: Using configuration type 1 for base access
[    0.463523] kprobes: kprobe jump-optimization is enabled. All kprobes are optimized if possible.
[    0.673933] HugeTLB: registered 1.00 GiB page size, pre-allocated 0 pages
[    0.674578] HugeTLB: 16380 KiB vmemmap can be freed for a 1.00 GiB page
[    0.675186] HugeTLB: registered 2.00 MiB page size, pre-allocated 0 pages
[    0.675789] HugeTLB: 28 KiB vmemmap can be freed for a 2.00 MiB page
[    0.678016] ACPI: Added _OSI(Module Device)
[    0.678411] ACPI: Added _OSI(Processor Device)
[    0.678819] ACPI: Added _OSI(3.0 _SCP Extensions)
[    0.679256] ACPI: Added _OSI(Processor Aggregator Device)
[    0.686135] ACPI: 1 ACPI AML tables successfully acquired and loaded
[    0.690464] ACPI: Interpreter enabled
[    0.690918] ACPI: PM: (supports S0 S3 S4 S5)
[    0.691307] ACPI: Using IOAPIC for interrupt routing
[    0.691812] PCI: Using host bridge windows from ACPI; if necessary, use "pci=nocrs" and report a bug
[    0.692637] PCI: Using E820 reservations for host bridge windows
[    0.693948] ACPI: Enabled 2 GPEs in block 00 to 0F
[    0.714034] ACPI: PCI Root Bridge [PCI0] (domain 0000 [bus 00-ff])
[    0.714640] acpi PNP0A03:00: _OSC: OS supports [ASPM ClockPM Segments MSI EDR HPX-Type3]
[    0.715376] acpi PNP0A03:00: _OSC: not requesting OS control; OS requires [ExtendedConfig ASPM ClockPM MSI]
[    0.716331] acpi PNP0A03:00: fail to add MMCONFIG information, can't access extended PCI configuration space under this bridge.
[    0.720201] acpiphp: Slot [3] registered
[    0.720636] acpiphp: Slot [4] registered
[    0.721077] acpiphp: Slot [5] registered
[    0.721513] acpiphp: Slot [6] registered
[    0.721796] acpiphp: Slot [7] registered
[    0.722231] acpiphp: Slot [8] registered
[    0.722665] acpiphp: Slot [9] registered
[    0.723115] acpiphp: Slot [10] registered
[    0.723570] acpiphp: Slot [11] registered
[    0.724066] acpiphp: Slot [12] registered
[    0.724520] acpiphp: Slot [13] registered
[    0.724972] acpiphp: Slot [14] registered
[    0.725422] acpiphp: Slot [15] registered
[    0.725796] acpiphp: Slot [16] registered
[    0.726238] acpiphp: Slot [17] registered
[    0.726668] acpiphp: Slot [18] registered
[    0.727115] acpiphp: Slot [19] registered
[    0.727546] acpiphp: Slot [20] registered
[    0.727984] acpiphp: Slot [21] registered
[    0.728414] acpiphp: Slot [22] registered
[    0.728941] acpiphp: Slot [23] registered
[    0.729380] acpiphp: Slot [24] registered
[    0.729792] acpiphp: Slot [25] registered
[    0.730223] acpiphp: Slot [26] registered
[    0.730655] acpiphp: Slot [27] registered
[    0.731075] acpiphp: Slot [28] registered
[    0.731505] acpiphp: Slot [29] registered
[    0.731929] acpiphp: Slot [30] registered
[    0.732349] acpiphp: Slot [31] registered
[    0.732721] PCI host bridge to bus 0000:00
[    0.733078] pci_bus 0000:00: root bus resource [io  0x0000-0x0cf7 window]
[    0.733661] pci_bus 0000:00: root bus resource [io  0x0d00-0xffff window]
[    0.733717] pci_bus 0000:00: root bus resource [mem 0x000a0000-0x000bffff window]
[    0.734354] pci_bus 0000:00: root bus resource [mem 0x80000000-0xfebfffff window]
[    0.734992] pci_bus 0000:00: root bus resource [mem 0x100000000-0x17fffffff window]
[    0.735650] pci_bus 0000:00: root bus resource [bus 00-ff]
[    0.736256] pci 0000:00:00.0: [8086:1237] type 00 class 0x060000
[    0.740064] pci 0000:00:01.0: [8086:7000] type 00 class 0x060100
[    0.741324] pci 0000:00:01.1: [8086:7010] type 00 class 0x010180
[    0.743174] pci 0000:00:01.1: reg 0x20: [io  0xc040-0xc04f]
[    0.744308] pci 0000:00:01.1: legacy IDE quirk: reg 0x10: [io  0x01f0-0x01f7]
[    0.744903] pci 0000:00:01.1: legacy IDE quirk: reg 0x14: [io  0x03f6]
[    0.745443] pci 0000:00:01.1: legacy IDE quirk: reg 0x18: [io  0x0170-0x0177]
[    0.745719] pci 0000:00:01.1: legacy IDE quirk: reg 0x1c: [io  0x0376]
[    0.746592] pci 0000:00:01.3: [8086:7113] type 00 class 0x068000
[    0.747424] pci 0000:00:01.3: quirk: [io  0x0600-0x063f] claimed by PIIX4 ACPI
[    0.748384] pci 0000:00:01.3: quirk: [io  0x0700-0x070f] claimed by PIIX4 SMB
[    0.749305] pci 0000:00:02.0: [1234:1111] type 00 class 0x030000
[    0.750426] pci 0000:00:02.0: reg 0x10: [mem 0xfd000000-0xfdffffff pref]
[    0.752141] pci 0000:00:02.0: reg 0x18: [mem 0xfebf0000-0xfebf0fff]
[    0.755444] pci 0000:00:02.0: reg 0x30: [mem 0xfebe0000-0xfebeffff pref]
[    0.756078] pci 0000:00:02.0: Video device with shadowed ROM at [mem 0x000c0000-0x000dffff]
[    0.760008] pci 0000:00:03.0: [8086:100e] type 00 class 0x020000
[    0.761140] pci 0000:00:03.0: reg 0x10: [mem 0xfebc0000-0xfebdffff]
[    0.761976] pci 0000:00:03.0: reg 0x14: [io  0xc000-0xc03f]
[    0.764750] pci 0000:00:03.0: reg 0x30: [mem 0xfeb80000-0xfebbffff pref]
[    0.776958] ACPI: PCI: Interrupt link LNKA configured for IRQ 10
[    0.777883] ACPI: PCI: Interrupt link LNKB configured for IRQ 10
[    0.778784] ACPI: PCI: Interrupt link LNKC configured for IRQ 11
[    0.779715] ACPI: PCI: Interrupt link LNKD configured for IRQ 11
[    0.780425] ACPI: PCI: Interrupt link LNKS configured for IRQ 9
[    0.782074] iommu: Default domain type: Translated 
[    0.782507] iommu: DMA domain TLB invalidation policy: lazy mode 
[    0.784074] SCSI subsystem initialized
[    0.784662] ACPI: bus type USB registered
[    0.785090] usbcore: registered new interface driver usbfs
[    0.785593] usbcore: registered new interface driver hub
[    0.785748] usbcore: registered new device driver usb
[    0.786283] pps_core: LinuxPPS API ver. 1 registered
[    0.786702] pps_core: Software ver. 5.3.6 - Copyright 2005-2007 Rodolfo Giometti <giometti@linux.it>
[    0.787489] PTP clock support registered
[    0.787968] EDAC MC: Ver: 3.0.0
[    0.789744] NetLabel: Initializing
[    0.790069] NetLabel:  domain hash size = 128
[    0.790437] NetLabel:  protocols = UNLABELED CIPSOv4 CALIPSO
[    0.790958] NetLabel:  unlabeled traffic allowed by default
[    0.791738] PCI: Using ACPI for IRQ routing
[    0.792294] pci 0000:00:02.0: vgaarb: setting as boot VGA device
[    0.792806] pci 0000:00:02.0: vgaarb: bridge control possible
[    0.793293] pci 0000:00:02.0: vgaarb: VGA device added: decodes=io+mem,owns=io+mem,locks=none
[    0.793718] vgaarb: loaded
[    0.794290] hpet0: at MMIO 0xfed00000, IRQs 2, 8, 0
[    0.794715] hpet0: 3 comparators, 64-bit 100.000000 MHz counter
[    3.301260] clocksource: Switched to clocksource kvm-clock
[    3.301711] VFS: Disk quotas dquot_6.6.0
[    3.301711] VFS: Dquot-cache hash table entries: 512 (order 0, 4096 bytes)
[    3.301711] pnp: PnP ACPI init
[    3.302814] pnp: PnP ACPI: found 6 devices
[    3.314973] clocksource: acpi_pm: mask: 0xffffff max_cycles: 0xffffff, max_idle_ns: 2085701024 ns
[    3.316176] NET: Registered PF_INET protocol family
[    3.316744] IP idents hash table entries: 32768 (order: 6, 262144 bytes, linear)
[    3.318428] tcp_listen_portaddr_hash hash table entries: 1024 (order: 4, 73728 bytes, linear)
[    3.319221] Table-perturb hash table entries: 65536 (order: 6, 262144 bytes, linear)
[    3.319928] TCP established hash table entries: 16384 (order: 5, 131072 bytes, linear)
[    3.320866] TCP bind hash table entries: 16384 (order: 9, 2359296 bytes, linear)
[    3.322442] TCP: Hash tables configured (established 16384 bind 16384)
[    3.323306] UDP hash table entries: 1024 (order: 5, 163840 bytes, linear)
[    3.323980] UDP-Lite hash table entries: 1024 (order: 5, 163840 bytes, linear)
[    3.324869] NET: Registered PF_UNIX/PF_LOCAL protocol family
[    3.325815] RPC: Registered named UNIX socket transport module.
[    3.326372] RPC: Registered udp transport module.
[    3.326802] RPC: Registered tcp transport module.
[    3.327235] RPC: Registered tcp NFSv4.1 backchannel transport module.
[    3.327838] pci_bus 0000:00: resource 4 [io  0x0000-0x0cf7 window]
[    3.328406] pci_bus 0000:00: resource 5 [io  0x0d00-0xffff window]
[    3.328973] pci_bus 0000:00: resource 6 [mem 0x000a0000-0x000bffff window]
[    3.329601] pci_bus 0000:00: resource 7 [mem 0x80000000-0xfebfffff window]
[    3.330245] pci_bus 0000:00: resource 8 [mem 0x100000000-0x17fffffff window]
[    3.331148] pci 0000:00:01.0: PIIX3: Enabling Passive Release
[    3.331679] pci 0000:00:00.0: Limiting direct PCI/PCI transfers
[    3.332339] PCI: CLS 0 bytes, default 64
[    3.332738] ACPI: bus type thunderbolt registered
[    3.333478] clocksource: tsc: mask: 0xffffffffffffffff max_cycles: 0x2cd5a8bb032, max_idle_ns: 440795365915 ns
[    3.358013] Callback from call_rcu_tasks_rude() invoked.
[    3.413837] Callback from call_rcu_tasks() invoked.
[    3.494397] Initialise system trusted keyrings
[    3.494931] Key type blacklist registered
[    3.495672] workingset: timestamp_bits=36 max_order=19 bucket_order=0
[    3.507838] zbud: loaded
[    3.510346] squashfs: version 4.0 (2009/01/31) Phillip Lougher
[    3.512727] NFS: Registering the id_resolver key type
[    3.513226] Key type id_resolver registered
[    3.513615] Key type id_legacy registered
[    3.514129] nfs4filelayout_init: NFSv4 File Layout Driver Registering...
[    3.514762] nfs4flexfilelayout_init: NFSv4 Flexfile Layout Driver Registering...
[    3.515672] fuse: init (API version 7.36)
[    3.516471] SGI XFS with ACLs, security attributes, realtime, quota, no debug enabled
[    3.519262] 9p: Installing v9fs 9p2000 file system support
[    3.528783] Key type asymmetric registered
[    3.529173] Asymmetric key parser 'x509' registered
[    3.530881] alg: self-tests for CTR-KDF (hmac(sha256)) passed
[    3.531455] Block layer SCSI generic (bsg) driver version 0.4 loaded (major 243)
[    3.532306] io scheduler mq-deadline registered
[    3.532758] io scheduler bfq registered
[    3.534315] shpchp: Standard Hot Plug PCI Controller Driver version: 0.4
[    3.535361] IPMI message handler: version 39.2
[    3.535818] ipmi device interface
[    3.537932] input: Power Button as /devices/LNXSYSTM:00/LNXPWRBN:00/input/input0
[    3.538844] ACPI: button: Power Button [PWRF]
[    3.540212] ERST DBG: ERST support is disabled.
[    3.541272] Serial: 8250/16550 driver, 32 ports, IRQ sharing enabled
[    3.542341] 00:04: ttyS0 at I/O 0x3f8 (irq = 4, base_baud = 115200) is a 16550A
[    3.553368] Linux agpgart interface v0.103
[    3.554342] ACPI: bus type drm_connector registered
[    3.568548] brd: module loaded
[    3.577162] loop: module loaded
[    3.582061] scsi host0: ata_piix
[    3.583067] scsi host1: ata_piix
[    3.583535] ata1: PATA max MWDMA2 cmd 0x1f0 ctl 0x3f6 bmdma 0xc040 irq 14
[    3.584158] ata2: PATA max MWDMA2 cmd 0x170 ctl 0x376 bmdma 0xc048 irq 15
[    3.586210] tun: Universal TUN/TAP device driver, 1.6
[    3.586928] e100: Intel(R) PRO/100 Network Driver
[    3.587352] e100: Copyright(c) 1999-2006 Intel Corporation
[    3.587897] e1000: Intel(R) PRO/1000 Network Driver
[    3.588342] e1000: Copyright (c) 1999-2006 Intel Corporation.
[    3.741901] ata2: found unknown device (class 0)
[    3.742715] ata1: found unknown device (class 0)
[    3.743599] ata2.00: ATAPI: QEMU DVD-ROM, 2.5+, max UDMA/100
[    3.744552] ata1.00: ATA-7: QEMU HARDDISK, 2.5+, max UDMA/100
[    3.745090] ata1.00: 16777216 sectors, multi 16: LBA48 
[    3.746847] scsi 0:0:0:0: Direct-Access     ATA      QEMU HARDDISK    2.5+ PQ: 0 ANSI: 5
[    3.749083] sd 0:0:0:0: [sda] 16777216 512-byte logical blocks: (8.59 GB/8.00 GiB)
[    3.749849] sd 0:0:0:0: [sda] Write Protect is off
[    3.750361] sd 0:0:0:0: [sda] Write cache: enabled, read cache: enabled, doesn't support DPO or FUA
[    3.751256] sd 0:0:0:0: Attached scsi generic sg0 type 0
[    3.752011] sd 0:0:0:0: [sda] Preferred minimum I/O size 512 bytes
[    3.752748] scsi 1:0:0:0: CD-ROM            QEMU     QEMU DVD-ROM     2.5+ PQ: 0 ANSI: 5
[    3.787044] sd 0:0:0:0: [sda] Attached SCSI disk
[    3.794593] scsi 1:0:0:0: Attached scsi generic sg1 type 5
[    3.795706] ACPI: \_SB_.LNKC: Enabled at IRQ 11
[    4.120900] e1000 0000:00:03.0 eth0: (PCI:33MHz:32-bit) 52:54:00:12:34:56
[    4.121557] e1000 0000:00:03.0 eth0: Intel(R) PRO/1000 Network Connection
[    4.122321] e1000e: Intel(R) PRO/1000 Network Driver
[    4.122770] e1000e: Copyright(c) 1999 - 2015 Intel Corporation.
[    4.123360] igb: Intel(R) Gigabit Ethernet Network Driver
[    4.123843] igb: Copyright (c) 2007-2014 Intel Corporation.
[    4.124455] PPP generic driver version 2.4.2
[    4.125495] VFIO - User Level meta-driver version: 0.3
[    4.126504] usbcore: registered new interface driver uas
[    4.127039] usbcore: registered new interface driver usb-storage
[    4.127705] i8042: PNP: PS/2 Controller [PNP0303:KBD,PNP0f13:MOU] at 0x60,0x64 irq 1,12
[    4.129200] serio: i8042 KBD port at 0x60,0x64 irq 1
[    4.129682] serio: i8042 AUX port at 0x60,0x64 irq 12
[    4.130921] mousedev: PS/2 mouse device common for all mice
[    4.132577] input: AT Translated Set 2 keyboard as /devices/platform/i8042/serio0/input/input1
[    4.134632] input: VirtualPS/2 VMware VMMouse as /devices/platform/i8042/serio1/input/input4
[    4.135564] rtc_cmos 00:05: RTC can wake from S4
[    4.136482] input: VirtualPS/2 VMware VMMouse as /devices/platform/i8042/serio1/input/input3
[    4.138240] rtc_cmos 00:05: registered as rtc0
[    4.138710] rtc_cmos 00:05: setting system clock to 2022-12-27T17:15:54 UTC (1672161354)
[    4.139579] rtc_cmos 00:05: alarms up to one day, y3k, 242 bytes nvram, hpet irqs
[    4.140272] i2c_dev: i2c /dev entries driver
[    4.140709] device-mapper: core: CONFIG_IMA_DISABLE_HTABLE is disabled. Duplicate IMA measurements will not be recorded in the IMA log.
[    4.141915] device-mapper: uevent: version 1.0.3
[    4.142725] device-mapper: ioctl: 4.47.0-ioctl (2022-07-28) initialised: dm-devel@redhat.com
[    4.143468] intel_pstate: CPU model not supported
[    4.143988] sdhci: Secure Digital Host Controller Interface driver
[    4.144530] sdhci: Copyright(c) Pierre Ossman
[    4.144986] sdhci-pltfm: SDHCI platform and OF driver helper
[    4.145559] ledtrig-cpu: registered to indicate activity on CPUs
[    4.146480] drop_monitor: Initializing network drop monitor service
[    4.147603] NET: Registered PF_INET6 protocol family
[    4.150242] Segment Routing with IPv6
[    4.150618] In-situ OAM (IOAM) with IPv6
[    4.151024] NET: Registered PF_PACKET protocol family
[    4.151734] 9pnet: Installing 9P2000 support
[    4.152195] Key type dns_resolver registered
[    4.153410] IPI shorthand broadcast: enabled
[    4.153886] sched_clock: Marking stable (4139754302, 14045162)->(4165930075, -12130611)
[    4.155384] registered taskstats version 1
[    4.155922] Loading compiled-in X.509 certificates
[    4.156635] zswap: loaded using pool lzo/zbud
[    4.157752] Key type .fscrypt registered
[    4.158109] Key type fscrypt-provisioning registered
[    4.159548] Key type encrypted registered
[    4.159958] ima: No TPM chip found, activating TPM-bypass!
[    4.160461] ima: Allocated hash algorithm: sha1
[    4.160912] ima: No architecture policies found
[    4.161376] evm: Initialising EVM extended attributes:
[    4.161856] evm: security.selinux
[    4.162158] evm: security.SMACK64
[    4.162458] evm: security.SMACK64EXEC
[    4.162788] evm: security.SMACK64TRANSMUTE
[    4.163156] evm: security.SMACK64MMAP
[    4.163482] evm: security.apparmor
[    4.163788] evm: security.ima
[    4.164060] evm: security.capability
[    4.164384] evm: HMAC attrs: 0x1
[    4.169686] PM:   Magic number: 2:590:290
[    4.170153] tty tty23: hash matches
[    4.170895] RAS: Correctable Errors collector initialized.
[    4.172585] md: Waiting for all devices to be available before autodetect
[    4.173007] md: If you don't use raid, use raid=noautodetect
[    4.173363] md: Autodetecting RAID arrays.
[    4.173632] md: autorun ...
[    4.173836] md: ... autorun DONE.
[    4.178087] EXT4-fs (sda): INFO: recovery required on readonly filesystem
[    4.178661] EXT4-fs (sda): write access will be enabled during recovery
[    4.327226] EXT4-fs (sda): recovery complete
[    4.333454] EXT4-fs (sda): mounted filesystem with ordered data mode. Quota mode: none.
[    4.334048] VFS: Mounted root (ext4 filesystem) readonly on device 8:0.
[    4.335177] devtmpfs: mounted
[    4.342997] Freeing unused decrypted memory: 2036K
[    4.344584] Freeing unused kernel image (initmem) memory: 3656K
[    4.344997] Write protecting the kernel read-only data: 45056k
[    4.347725] Freeing unused kernel image (text/rodata gap) memory: 2028K
[    4.349089] Freeing unused kernel image (rodata/data gap) memory: 1932K
[    4.464902] x86/mm: Checked W+X mappings: passed, no W+X pages found.
[    4.465395] Run /sbin/init as init process
[    4.553781] systemd[1]: RTC configured in localtime, applying delta of 0 minutes to system time.
[    4.579531] systemd[1]: systemd 239 (239-49.el8) running in system mode. (+PAM +AUDIT +SELINUX +IMA -APPARMOR +SMACK +SYSVINIT +UTMP +LIBCRYPTSETUP +GCRYPT +GNUTLS +ACL +XZ +LZ4 +SECCOMP +BLKID +ELFUTILS +KMOD +IDN2 -IDN +PCRE2 default-hierarchy=legacy)
[    4.581589] systemd[1]: Detected virtualization kvm.
[    4.582083] systemd[1]: Detected architecture x86-64.

Welcome to [0;31mCentOS Stream 8[0m!

[    4.648205] systemd[1]: Set hostname to <test>.
[    6.489844] random: crng init done
[    6.598303] systemd[1]: Created slice system-sshd\x2dkeygen.slice.
[[0;32m  OK  [0m] Created slice system-sshd\x2dkeygen.slice.
[    6.600119] systemd[1]: Set up automount Arbitrary Executable File Formats File System Automount Point.
[[0;32m  OK  [0m] Set up automount Arbitrary Executabâ€¦rmats File System Automount Point.
[    6.602494] systemd[1]: Created slice User and Session Slice.
[[0;32m  OK  [0m] Created slice User and Session Slice.
[    6.603575] systemd[1]: Listening on udev Kernel Socket.
[[0;32m  OK  [0m] Listening on udev Kernel Socket.
[    6.604381] systemd[1]: Reached target Swap.
[[0;32m  OK  [0m] Reached target Swap.
[    6.605227] systemd[1]: Started Forward Password Requests to Wall Directory Watch.
[[0;32m  OK  [0m] Started Forward Password Requests to Wall Directory Watch.
[[0;32m  OK  [0m] Listening on multipathd control socket.
[[0;32m  OK  [0m] Listening on Journal Socket.
         Starting Load Kernel Modules...
[[0;32m  OK  [0m] Created slice system-serial\x2dgetty.slice.
         Mounting POSIX Message Queue File System...
[[0;32m  OK  [0m] Listening on RPCbind Server Activation Socket.
         Mounting Kernel Debug File System...
[[0;32m  OK  [0m] Listening on LVM2 poll daemon socket.
         Mounting Huge Pages File System...
         Starting Remount Root and Kernel File Systems...
[[0;32m  OK  [0m] Listening on Journal Socket (/dev/log).
         Starting Journal Service...
[[0;32m  OK  [0m] Listening on Device-mapper event daemon FIFOs.
         Starting Monitoring of LVM2 mirrorsâ€¦ng dmeventd or progress polling...
[[0;32m  OK  [0m] Created slice system-getty.slice.
[[0;32m  OK  [0m] Listening on initctl Compatibility Named Pipe.
         Starting Setup Virtual Console...
[[0;32m  OK  [0m] Listening on udev Control Socket.
         Starting udev Coldplug all Devices...
[[0;32m  OK  [0m] Reached target RPC Port Mapper.
[[0;32m  OK  [0m] Reached target Slices.
[[0;32m  OK  [0m] Listening on Process Core Dump Socket.
[[0;1;31mFAILED[0m] Failed to start Load Kernel Modules.
See 'systemctl status systemd-modules-load.service' for details.
[[0;32m  OK  [0m] Mounted POSIX Message Queue File System.
[[0;32m  OK  [0m] Mounted Kernel Debug File System.
[[0;32m  OK  [0m] Mounted Huge Pages File System.
         Mounting FUSE Control File System...
         Mounting Kernel Configuration File System...
         Starting Apply Kernel Variables...
[[0;32m  OK  [0m] Mounted FUSE Control File System.
[[0;32m  OK  [0m] Started Journal Service.
[[0;32m  OK  [0m] Mounted Kernel Configuration File System.
[    6.989214] EXT4-fs (sda): re-mounted. Quota mode: none.
[[0;32m  OK  [0m] Started Apply Kernel Variables.
[[0;32m  OK  [0m] Started Remount Root and Kernel File Systems.
         Starting Flush Journal to Persistent Storage...
         Starting Load/Save Random Seed...
         Starting Create Static Device Nodes in /dev...
[[0;32m  OK  [0m] Started Load/Save Random Seed.
[[0;32m  OK  [0m] Started Flush Journal to Persistent Storage.
[[0;32m  OK  [0m] Started Create Static Device Nodes in /dev.
[[0;32m  OK  [0m] Started Setup Virtual Console.
         Starting udev Kernel Device Manager...
[[0;32m  OK  [0m] Started udev Kernel Device Manager.
[[0;32m  OK  [0m] Started udev Coldplug all Devices.
         Starting udev Wait for Complete Device Initialization...
         Starting Show Plymouth Boot Screen...
[[0;32m  OK  [0m] Started Show Plymouth Boot Screen.
[[0;32m  OK  [0m] Started Forward Password Requests to Plymouth Directory Watch.
[[0;32m  OK  [0m] Reached target Paths.
[[0;32m  OK  [0m] Reached target Local Encrypted Volumes.
[[0;32m  OK  [0m] Found device /dev/ttyS0.
[[0;32m  OK  [0m] Started Monitoring of LVM2 mirrors,â€¦sing dmeventd or progress polling.
[[0;32m  OK  [0m] Started udev Wait for Complete Device Initialization.
[[0;32m  OK  [0m] Listening on Load/Save RF Kill Switch Status /dev/rfkill Watch.
[[0;32m  OK  [0m] Reached target Local File Systems (Pre).
[[0;32m  OK  [0m] Reached target Local File Systems.
         Starting Create Volatile Files and Directories...
         Starting Tell Plymouth To Write Out Runtime Data...
         Starting Restore /run/initramfs on shutdown...
[[0;32m  OK  [0m] Started Create Volatile Files and Directories.
[[0;32m  OK  [0m] Started Tell Plymouth To Write Out Runtime Data.
[[0;32m  OK  [0m] Started Restore /run/initramfs on shutdown.
         Starting Security Auditing Service...
         Starting RPC Bind...
         Mounting RPC Pipe File System...
[[0;32m  OK  [0m] Mounted RPC Pipe File System.
[[0;32m  OK  [0m] Reached target rpc_pipefs.target.
[[0;32m  OK  [0m] Started RPC Bind.
[[0;32m  OK  [0m] Started Security Auditing Service.
         Starting Update UTMP about System Boot/Shutdown...
[[0;32m  OK  [0m] Started Update UTMP about System Boot/Shutdown.
[[0;32m  OK  [0m] Reached target System Initialization.
[[0;32m  OK  [0m] Listening on D-Bus System Message Bus Socket.
[[0;32m  OK  [0m] Started daily update of the root trust anchor for DNSSEC.
[[0;32m  OK  [0m] Started dnf makecache --timer.
[[0;32m  OK  [0m] Listening on SSSD Kerberos Cache Manager responder socket.
[[0;32m  OK  [0m] Reached target Sockets.
[[0;32m  OK  [0m] Reached target Basic System.
[[0;32m  OK  [0m] Started irqbalance daemon.
         Starting Authorization Manager...
[[0;32m  OK  [0m] Started Machine Check Exception Logging Daemon.
         Starting Login Service...
[[0;32m  OK  [0m] Started D-Bus System Message Bus.
         Starting Auto-connect to subsystemsâ€¦-NVME devices found during boot...
         Starting NTP client/server...
[[0;32m  OK  [0m] Reached target sshd-keygen.target.
         Starting Network Manager...
         Starting Self Monitoring and Reporting Technology (SMART) Daemon...
[[0;32m  OK  [0m] Started Daily Cleanup of Temporary Directories.
[[0;32m  OK  [0m] Reached target Timers.
[[0;32m  OK  [0m] Started Auto-connect to subsystems â€¦FC-NVME devices found during boot.
         Starting update of the root trust aâ€¦or DNSSEC validation in unbound...
[[0;32m  OK  [0m] Started Login Service.
[[0;32m  OK  [0m] Started Self Monitoring and Reporting Technology (SMART) Daemon.
[[0;32m  OK  [0m] Started update of the root trust anâ€¦ for DNSSEC validation in unbound.
[[0;32m  OK  [0m] Started Network Manager.
[[0;32m  OK  [0m] Reached target Network.
         Starting OpenSSH server daemon...
         Starting GSSAPI Proxy Daemon...
         Starting Dynamic System Tuning Daemon...
         Starting Network Manager Wait Online...
[[0;32m  OK  [0m] Started NTP client/server.
[[0;32m  OK  [0m] Started OpenSSH server daemon.
[[0;32m  OK  [0m] Started Authorization Manager.
         Starting Hostname Service...
[[0;32m  OK  [0m] Started GSSAPI Proxy Daemon.
[[0;32m  OK  [0m] Reached target NFS client services.
[[0;32m  OK  [0m] Reached target Remote File Systems (Pre).
[[0;32m  OK  [0m] Reached target Remote File Systems.
         Starting Permit User Sessions...
[[0;32m  OK  [0m] Started Permit User Sessions.
[[0;32m  OK  [0m] Started Command Scheduler.
         Starting Terminate Plymouth Boot Screen...
         Starting Hold until boot process finishes up...
[    9.453886] e1000: eth0 NIC Link is Up 1000 Mbps Full Duplex, Flow Control: RX
[    9.454927] IPv6: ADDRCONF(NETDEV_CHANGE): eth0: link becomes ready
[    9.650321] Spectre V2 : WARNING: Unprivileged eBPF is enabled with eIBRS on, data leaks possible via Spectre v2 BHB attacks!
[    9.651076] Spectre V2 : WARNING: Unprivileged eBPF is enabled with eIBRS on, data leaks possible via Spectre v2 BHB attacks!

CentOS Stream 8
Kernel 6.0.0-29926f1cd353+ on an x86_64

test login: [   28.603743] sg_write: data in/out 3278044/1 bytes for SCSI command 0x3c-- guessing data in;
[   28.603743]    program repro not setting count and/or reply_len properly
[   28.614330] sg_write: data in/out 3278044/1 bytes for SCSI command 0x3c-- guessing data in;
[   28.614330]    program repro not setting count and/or reply_len properly
[   28.621445] sg_write: data in/out 3278044/1 bytes for SCSI command 0x3c-- guessing data in;
[   28.621445]    program repro not setting count and/or reply_len properly
[   28.628553] sg_write: data in/out 3278044/1 bytes for SCSI command 0x3c-- guessing data in;
[   28.628553]    program repro not setting count and/or reply_len properly
[   28.637362] sg_write: data in/out 3278044/1 bytes for SCSI command 0x3c-- guessing data in;
[   28.637362]    program repro not setting count and/or reply_len properly
[   28.644588] sg_write: data in/out 3278044/1 bytes for SCSI command 0x3c-- guessing data in;
[   28.644588]    program repro not setting count and/or reply_len properly
[   28.651654] sg_write: data in/out 3278044/1 bytes for SCSI command 0x3c-- guessing data in;
[   28.651654]    program repro not setting count and/or reply_len properly
[   28.658826] sg_write: data in/out 3278044/1 bytes for SCSI command 0x3c-- guessing data in;
[   28.658826]    program repro not setting count and/or reply_len properly
[   28.665870] sg_write: data in/out 3278044/1 bytes for SCSI command 0x3c-- guessing data in;
[   28.665870]    program repro not setting count and/or reply_len properly
[   28.672832] sg_write: data in/out 3278044/1 bytes for SCSI command 0x3c-- guessing data in;
[   28.672832]    program repro not setting count and/or reply_len properly
[   33.607249] sg_write: 732 callbacks suppressed
[   33.607260] sg_write: data in/out 3278044/1 bytes for SCSI command 0x3c-- guessing data in;
[   33.607260]    program repro not setting count and/or reply_len properly
[   33.615752] sg_write: data in/out 3278044/1 bytes for SCSI command 0x3c-- guessing data in;
[   33.615752]    program repro not setting count and/or reply_len properly
[   33.624030] sg_write: data in/out 3278044/1 bytes for SCSI command 0x3c-- guessing data in;
[   33.624030]    program repro not setting count and/or reply_len properly
[   33.633309] sg_write: data in/out 3278044/1 bytes for SCSI command 0x3c-- guessing data in;
[   33.633309]    program repro not setting count and/or reply_len properly
[   33.642969] sg_write: data in/out 3278044/1 bytes for SCSI command 0x3c-- guessing data in;
[   33.642969]    program repro not setting count and/or reply_len properly
[   33.651471] sg_write: data in/out 3278044/1 bytes for SCSI command 0x3c-- guessing data in;
[   33.651471]    program repro not setting count and/or reply_len properly
[   33.659871] sg_write: data in/out 3278044/1 bytes for SCSI command 0x3c-- guessing data in;
[   33.659871]    program repro not setting count and/or reply_len properly
[   33.668681] sg_write: data in/out 3278044/1 bytes for SCSI command 0x3c-- guessing data in;
[   33.668681]    program repro not setting count and/or reply_len properly
[   33.676978] sg_write: data in/out 3278044/1 bytes for SCSI command 0x3c-- guessing data in;
[   33.676978]    program repro not setting count and/or reply_len properly
[   33.685627] sg_write: data in/out 3278044/1 bytes for SCSI command 0x3c-- guessing data in;
[   33.685627]    program repro not setting count and/or reply_len properly
[   38.610995] sg_write: 772 callbacks suppressed
[   38.611006] sg_write: data in/out 3278044/1 bytes for SCSI command 0x3c-- guessing data in;
[   38.611006]    program repro not setting count and/or reply_len properly
[   38.618650] sg_write: data in/out 3278044/1 bytes for SCSI command 0x3c-- guessing data in;
[   38.618650]    program repro not setting count and/or reply_len properly
[   38.625924] sg_write: data in/out 3278044/1 bytes for SCSI command 0x3c-- guessing data in;
[   38.625924]    program repro not setting count and/or reply_len properly
[   38.632978] sg_write: data in/out 3278044/1 bytes for SCSI command 0x3c-- guessing data in;
[   38.632978]    program repro not setting count and/or reply_len properly
[   38.640111] sg_write: data in/out 3278044/1 bytes for SCSI command 0x3c-- guessing data in;
[   38.640111]    program repro not setting count and/or reply_len properly
[   38.648493] sg_write: data in/out 3278044/1 bytes for SCSI command 0x3c-- guessing data in;
[   38.648493]    program repro not setting count and/or reply_len properly
[   38.655571] sg_write: data in/out 3278044/1 bytes for SCSI command 0x3c-- guessing data in;
[   38.655571]    program repro not setting count and/or reply_len properly
[   38.662749] sg_write: data in/out 3278044/1 bytes for SCSI command 0x3c-- guessing data in;
[   38.662749]    program repro not setting count and/or reply_len properly
[   38.669754] sg_write: data in/out 3278044/1 bytes for SCSI command 0x3c-- guessing data in;
[   38.669754]    program repro not setting count and/or reply_len properly
[   38.676873] sg_write: data in/out 3278044/1 bytes for SCSI command 0x3c-- guessing data in;
[   38.676873]    program repro not setting count and/or reply_len properly
[   43.617778] sg_write: 769 callbacks suppressed
[   43.617789] sg_write: data in/out 3278044/1 bytes for SCSI command 0x3c-- guessing data in;
[   43.617789]    program repro not setting count and/or reply_len properly
[   43.625563] sg_write: data in/out 3278044/1 bytes for SCSI command 0x3c-- guessing data in;
[   43.625563]    program repro not setting count and/or reply_len properly
[   43.633022] sg_write: data in/out 3278044/1 bytes for SCSI command 0x3c-- guessing data in;
[   43.633022]    program repro not setting count and/or reply_len properly
[   43.640429] sg_write: data in/out 3278044/1 bytes for SCSI command 0x3c-- guessing data in;
[   43.640429]    program repro not setting count and/or reply_len properly
[   43.647828] sg_write: data in/out 3278044/1 bytes for SCSI command 0x3c-- guessing data in;
[   43.647828]    program repro not setting count and/or reply_len properly
[   43.655373] sg_write: data in/out 3278044/1 bytes for SCSI command 0x3c-- guessing data in;
[   43.655373]    program repro not setting count and/or reply_len properly
[   43.662930] sg_write: data in/out 3278044/1 bytes for SCSI command 0x3c-- guessing data in;
[   43.662930]    program repro not setting count and/or reply_len properly
[   43.670438] sg_write: data in/out 3278044/1 bytes for SCSI command 0x3c-- guessing data in;
[   43.670438]    program repro not setting count and/or reply_len properly
[   43.678199] sg_write: data in/out 3278044/1 bytes for SCSI command 0x3c-- guessing data in;
[   43.678199]    program repro not setting count and/or reply_len properly
[   43.685665] sg_write: data in/out 3278044/1 bytes for SCSI command 0x3c-- guessing data in;
[   43.685665]    program repro not setting count and/or reply_len properly
[   48.622612] sg_write: 780 callbacks suppressed
[   48.622623] sg_write: data in/out 3278044/1 bytes for SCSI command 0x3c-- guessing data in;
[   48.622623]    program repro not setting count and/or reply_len properly
[   48.630016] sg_write: data in/out 3278044/1 bytes for SCSI command 0x3c-- guessing data in;
[   48.630016]    program repro not setting count and/or reply_len properly
[   48.637171] sg_write: data in/out 3278044/1 bytes for SCSI command 0x3c-- guessing data in;
[   48.637171]    program repro not setting count and/or reply_len properly
[   48.644357] sg_write: data in/out 3278044/1 bytes for SCSI command 0x3c-- guessing data in;
[   48.644357]    program repro not setting count and/or reply_len properly
[   48.651484] sg_write: data in/out 3278044/1 bytes for SCSI command 0x3c-- guessing data in;
[   48.651484]    program repro not setting count and/or reply_len properly
[   48.658562] sg_write: data in/out 3278044/1 bytes for SCSI command 0x3c-- guessing data in;
[   48.658562]    program repro not setting count and/or reply_len properly
[   48.665530] sg_write: data in/out 3278044/1 bytes for SCSI command 0x3c-- guessing data in;
[   48.665530]    program repro not setting count and/or reply_len properly
[   48.672717] sg_write: data in/out 3278044/1 bytes for SCSI command 0x3c-- guessing data in;
[   48.672717]    program repro not setting count and/or reply_len properly
[   48.679867] sg_write: data in/out 3278044/1 bytes for SCSI command 0x3c-- guessing data in;
[   48.679867]    program repro not setting count and/or reply_len properly
[   48.687053] sg_write: data in/out 3278044/1 bytes for SCSI command 0x3c-- guessing data in;
[   48.687053]    program repro not setting count and/or reply_len properly
[   53.629362] sg_write: 799 callbacks suppressed
[   53.629371] sg_write: data in/out 3278044/1 bytes for SCSI command 0x3c-- guessing data in;
[   53.629371]    program repro not setting count and/or reply_len properly
[   53.636925] sg_write: data in/out 3278044/1 bytes for SCSI command 0x3c-- guessing data in;
[   53.636925]    program repro not setting count and/or reply_len properly
[   53.644011] sg_write: data in/out 3278044/1 bytes for SCSI command 0x3c-- guessing data in;
[   53.644011]    program repro not setting count and/or reply_len properly
[   53.651195] sg_write: data in/out 3278044/1 bytes for SCSI command 0x3c-- guessing data in;
[   53.651195]    program repro not setting count and/or reply_len properly
[   53.658466] sg_write: data in/out 3278044/1 bytes for SCSI command 0x3c-- guessing data in;
[   53.658466]    program repro not setting count and/or reply_len properly
[   53.665617] sg_write: data in/out 3278044/1 bytes for SCSI command 0x3c-- guessing data in;
[   53.665617]    program repro not setting count and/or reply_len properly
[   53.672736] sg_write: data in/out 3278044/1 bytes for SCSI command 0x3c-- guessing data in;
[   53.672736]    program repro not setting count and/or reply_len properly
[   53.679904] sg_write: data in/out 3278044/1 bytes for SCSI command 0x3c-- guessing data in;
[   53.679904]    program repro not setting count and/or reply_len properly
[   53.687037] sg_write: data in/out 3278044/1 bytes for SCSI command 0x3c-- guessing data in;
[   53.687037]    program repro not setting count and/or reply_len properly
[   53.694279] sg_write: data in/out 3278044/1 bytes for SCSI command 0x3c-- guessing data in;
[   53.694279]    program repro not setting count and/or reply_len properly
[   58.631880] sg_write: 765 callbacks suppressed
[   58.631891] sg_write: data in/out 3278044/1 bytes for SCSI command 0x3c-- guessing data in;
[   58.631891]    program repro not setting count and/or reply_len properly
[   58.639698] sg_write: data in/out 3278044/1 bytes for SCSI command 0x3c-- guessing data in;
[   58.639698]    program repro not setting count and/or reply_len properly
[   58.647033] sg_write: data in/out 3278044/1 bytes for SCSI command 0x3c-- guessing data in;
[   58.647033]    program repro not setting count and/or reply_len properly
[   58.654521] sg_write: data in/out 3278044/1 bytes for SCSI command 0x3c-- guessing data in;
[   58.654521]    program repro not setting count and/or reply_len properly
[   58.661827] sg_write: data in/out 3278044/1 bytes for SCSI command 0x3c-- guessing data in;
[   58.661827]    program repro not setting count and/or reply_len properly
[   58.669200] sg_write: data in/out 3278044/1 bytes for SCSI command 0x3c-- guessing data in;
[   58.669200]    program repro not setting count and/or reply_len properly
[   58.676573] sg_write: data in/out 3278044/1 bytes for SCSI command 0x3c-- guessing data in;
[   58.676573]    program repro not setting count and/or reply_len properly
[   58.684008] sg_write: data in/out 3278044/1 bytes for SCSI command 0x3c-- guessing data in;
[   58.684008]    program repro not setting count and/or reply_len properly
[   58.691505] sg_write: data in/out 3278044/1 bytes for SCSI command 0x3c-- guessing data in;
[   58.691505]    program repro not setting count and/or reply_len properly
[   58.698888] sg_write: data in/out 3278044/1 bytes for SCSI command 0x3c-- guessing data in;
[   58.698888]    program repro not setting count and/or reply_len properly
[   63.637282] sg_write: 749 callbacks suppressed
[   63.637293] sg_write: data in/out 3278044/1 bytes for SCSI command 0x3c-- guessing data in;
[   63.637293]    program repro not setting count and/or reply_len properly
[   63.644802] sg_write: data in/out 3278044/1 bytes for SCSI command 0x3c-- guessing data in;
[   63.644802]    program repro not setting count and/or reply_len properly
[   63.651932] sg_write: data in/out 3278044/1 bytes for SCSI command 0x3c-- guessing data in;
[   63.651932]    program repro not setting count and/or reply_len properly
[   63.659030] sg_write: data in/out 3278044/1 bytes for SCSI command 0x3c-- guessing data in;
[   63.659030]    program repro not setting count and/or reply_len properly
[   63.665975] sg_write: data in/out 3278044/1 bytes for SCSI command 0x3c-- guessing data in;
[   63.665975]    program repro not setting count and/or reply_len properly
[   63.673010] sg_write: data in/out 3278044/1 bytes for SCSI command 0x3c-- guessing data in;
[   63.673010]    program repro not setting count and/or reply_len properly
[   63.680062] sg_write: data in/out 3278044/1 bytes for SCSI command 0x3c-- guessing data in;
[   63.680062]    program repro not setting count and/or reply_len properly
[   63.687088] sg_write: data in/out 3278044/1 bytes for SCSI command 0x3c-- guessing data in;
[   63.687088]    program repro not setting count and/or reply_len properly
[   63.694151] sg_write: data in/out 3278044/1 bytes for SCSI command 0x3c-- guessing data in;
[   63.694151]    program repro not setting count and/or reply_len properly
[   63.701016] sg_write: data in/out 3278044/1 bytes for SCSI command 0x3c-- guessing data in;
[   63.701016]    program repro not setting count and/or reply_len properly
[   68.642271] sg_write: 780 callbacks suppressed
[   68.642282] sg_write: data in/out 3278044/1 bytes for SCSI command 0x3c-- guessing data in;
[   68.642282]    program repro not setting count and/or reply_len properly
[   68.650114] sg_write: data in/out 3278044/1 bytes for SCSI command 0x3c-- guessing data in;
[   68.650114]    program repro not setting count and/or reply_len properly
[   68.657577] sg_write: data in/out 3278044/1 bytes for SCSI command 0x3c-- guessing data in;
[   68.657577]    program repro not setting count and/or reply_len properly
[   68.665098] sg_write: data in/out 3278044/1 bytes for SCSI command 0x3c-- guessing data in;
[   68.665098]    program repro not setting count and/or reply_len properly
[   68.672709] sg_write: data in/out 3278044/1 bytes for SCSI command 0x3c-- guessing data in;
[   68.672709]    program repro not setting count and/or reply_len properly
[   68.680500] sg_write: data in/out 3278044/1 bytes for SCSI command 0x3c-- guessing data in;
[   68.680500]    program repro not setting count and/or reply_len properly
[   68.688063] sg_write: data in/out 3278044/1 bytes for SCSI command 0x3c-- guessing data in;
[   68.688063]    program repro not setting count and/or reply_len properly
[   68.695671] sg_write: data in/out 3278044/1 bytes for SCSI command 0x3c-- guessing data in;
[   68.695671]    program repro not setting count and/or reply_len properly
[   68.703187] sg_write: data in/out 3278044/1 bytes for SCSI command 0x3c-- guessing data in;
[   68.703187]    program repro not setting count and/or reply_len properly
[   68.710793] sg_write: data in/out 3278044/1 bytes for SCSI command 0x3c-- guessing data in;
[   68.710793]    program repro not setting count and/or reply_len properly
[   73.649093] sg_write: 649 callbacks suppressed
[   73.649104] sg_write: data in/out 3278044/1 bytes for SCSI command 0x3c-- guessing data in;
[   73.649104]    program repro not setting count and/or reply_len properly
[   73.657197] sg_write: data in/out 3278044/1 bytes for SCSI command 0x3c-- guessing data in;
[   73.657197]    program repro not setting count and/or reply_len properly
[   73.664909] sg_write: data in/out 3278044/1 bytes for SCSI command 0x3c-- guessing data in;
[   73.664909]    program repro not setting count and/or reply_len properly
[   73.672691] sg_write: data in/out 3278044/1 bytes for SCSI command 0x3c-- guessing data in;
[   73.672691]    program repro not setting count and/or reply_len properly
[   73.681616] sg_write: data in/out 3278044/1 bytes for SCSI command 0x3c-- guessing data in;
[   73.681616]    program repro not setting count and/or reply_len properly
[   73.689777] sg_write: data in/out 3278044/1 bytes for SCSI command 0x3c-- guessing data in;
[   73.689777]    program repro not setting count and/or reply_len properly
[   73.697917] sg_write: data in/out 3278044/1 bytes for SCSI command 0x3c-- guessing data in;
[   73.697917]    program repro not setting count and/or reply_len properly
[   73.705912] sg_write: data in/out 3278044/1 bytes for SCSI command 0x3c-- guessing data in;
[   73.705912]    program repro not setting count and/or reply_len properly
[   73.714295] sg_write: data in/out 3278044/1 bytes for SCSI command 0x3c-- guessing data in;
[   73.714295]    program repro not setting count and/or reply_len properly
[   73.722292] sg_write: data in/out 3278044/1 bytes for SCSI command 0x3c-- guessing data in;
[   73.722292]    program repro not setting count and/or reply_len properly
[   78.652376] sg_write: 717 callbacks suppressed
[   78.652390] sg_write: data in/out 3278044/1 bytes for SCSI command 0x3c-- guessing data in;
[   78.652390]    program repro not setting count and/or reply_len properly
[   78.659410] sg_write: data in/out 3278044/1 bytes for SCSI command 0x3c-- guessing data in;
[   78.659410]    program repro not setting count and/or reply_len properly
[   78.666364] sg_write: data in/out 3278044/1 bytes for SCSI command 0x3c-- guessing data in;
[   78.666364]    program repro not setting count and/or reply_len properly
[   78.673897] sg_write: data in/out 3278044/1 bytes for SCSI command 0x3c-- guessing data in;
[   78.673897]    program repro not setting count and/or reply_len properly
[   78.681454] sg_write: data in/out 3278044/1 bytes for SCSI command 0x3c-- guessing data in;
[   78.681454]    program repro not setting count and/or reply_len properly
[   78.688915] sg_write: data in/out 3278044/1 bytes for SCSI command 0x3c-- guessing data in;
[   78.688915]    program repro not setting count and/or reply_len properly
[   78.696343] sg_write: data in/out 3278044/1 bytes for SCSI command 0x3c-- guessing data in;
[   78.696343]    program repro not setting count and/or reply_len properly
[   78.703300] sg_write: data in/out 3278044/1 bytes for SCSI command 0x3c-- guessing data in;
[   78.703300]    program repro not setting count and/or reply_len properly
[   78.710480] sg_write: data in/out 3278044/1 bytes for SCSI command 0x3c-- guessing data in;
[   78.710480]    program repro not setting count and/or reply_len properly
[   78.717580] sg_write: data in/out 3278044/1 bytes for SCSI command 0x3c-- guessing data in;
[   78.717580]    program repro not setting count and/or reply_len properly
[   83.664420] sg_write: 630 callbacks suppressed
[   83.664438] sg_write: data in/out 3278044/1 bytes for SCSI command 0x3c-- guessing data in;
[   83.664438]    program repro not setting count and/or reply_len properly
[   83.678205] sg_write: data in/out 3278044/1 bytes for SCSI command 0x3c-- guessing data in;
[   83.678205]    program repro not setting count and/or reply_len properly
[   83.691336] sg_write: data in/out 3278044/1 bytes for SCSI command 0x3c-- guessing data in;
[   83.691336]    program repro not setting count and/or reply_len properly
[   83.704390] sg_write: data in/out 3278044/1 bytes for SCSI command 0x3c-- guessing data in;
[   83.704390]    program repro not setting count and/or reply_len properly
[   83.716457] sg_write: data in/out 3278044/1 bytes for SCSI command 0x3c-- guessing data in;
[   83.716457]    program repro not setting count and/or reply_len properly
[   83.724513] sg_write: data in/out 3278044/1 bytes for SCSI command 0x3c-- guessing data in;
[   83.724513]    program repro not setting count and/or reply_len properly
[   83.732428] sg_write: data in/out 3278044/1 bytes for SCSI command 0x3c-- guessing data in;
[   83.732428]    program repro not setting count and/or reply_len properly
[   83.741358] sg_write: data in/out 3278044/1 bytes for SCSI command 0x3c-- guessing data in;
[   83.741358]    program repro not setting count and/or reply_len properly
[   83.751389] sg_write: data in/out 3278044/1 bytes for SCSI command 0x3c-- guessing data in;
[   83.751389]    program repro not setting count and/or reply_len properly
[   83.763389] sg_write: data in/out 3278044/1 bytes for SCSI command 0x3c-- guessing data in;
[   83.763389]    program repro not setting count and/or reply_len properly
[   88.667389] sg_write: 555 callbacks suppressed
[   88.667400] sg_write: data in/out 3278044/1 bytes for SCSI command 0x3c-- guessing data in;
[   88.667400]    program repro not setting count and/or reply_len properly
[   88.677681] sg_write: data in/out 3278044/1 bytes for SCSI command 0x3c-- guessing data in;
[   88.677681]    program repro not setting count and/or reply_len properly
[   88.685646] sg_write: data in/out 3278044/1 bytes for SCSI command 0x3c-- guessing data in;
[   88.685646]    program repro not setting count and/or reply_len properly
[   88.693454] sg_write: data in/out 3278044/1 bytes for SCSI command 0x3c-- guessing data in;
[   88.693454]    program repro not setting count and/or reply_len properly
[   88.701302] sg_write: data in/out 3278044/1 bytes for SCSI command 0x3c-- guessing data in;
[   88.701302]    program repro not setting count and/or reply_len properly
[   88.709508] sg_write: data in/out 3278044/1 bytes for SCSI command 0x3c-- guessing data in;
[   88.709508]    program repro not setting count and/or reply_len properly
[   88.718316] sg_write: data in/out 3278044/1 bytes for SCSI command 0x3c-- guessing data in;
[   88.718316]    program repro not setting count and/or reply_len properly
[   88.727582] sg_write: data in/out 3278044/1 bytes for SCSI command 0x3c-- guessing data in;
[   88.727582]    program repro not setting count and/or reply_len properly
[   88.735454] sg_write: data in/out 3278044/1 bytes for SCSI command 0x3c-- guessing data in;
[   88.735454]    program repro not setting count and/or reply_len properly
[   88.743658] sg_write: data in/out 3278044/1 bytes for SCSI command 0x3c-- guessing data in;
[   88.743658]    program repro not setting count and/or reply_len properly
[   93.672880] sg_write: 667 callbacks suppressed
[   93.672890] sg_write: data in/out 3278044/1 bytes for SCSI command 0x3c-- guessing data in;
[   93.672890]    program repro not setting count and/or reply_len properly
[   93.679819] sg_write: data in/out 3278044/1 bytes for SCSI command 0x3c-- guessing data in;
[   93.679819]    program repro not setting count and/or reply_len properly
[   93.686400] sg_write: data in/out 3278044/1 bytes for SCSI command 0x3c-- guessing data in;
[   93.686400]    program repro not setting count and/or reply_len properly
[   93.693048] sg_write: data in/out 3278044/1 bytes for SCSI command 0x3c-- guessing data in;
[   93.693048]    program repro not setting count and/or reply_len properly
[   93.700987] sg_write: data in/out 3278044/1 bytes for SCSI command 0x3c-- guessing data in;
[   93.700987]    program repro not setting count and/or reply_len properly
[   93.708468] sg_write: data in/out 3278044/1 bytes for SCSI command 0x3c-- guessing data in;
[   93.708468]    program repro not setting count and/or reply_len properly
[   93.715698] sg_write: data in/out 3278044/1 bytes for SCSI command 0x3c-- guessing data in;
[   93.715698]    program repro not setting count and/or reply_len properly
[   93.723027] sg_write: data in/out 3278044/1 bytes for SCSI command 0x3c-- guessing data in;
[   93.723027]    program repro not setting count and/or reply_len properly
[   93.731113] sg_write: data in/out 3278044/1 bytes for SCSI command 0x3c-- guessing data in;
[   93.731113]    program repro not setting count and/or reply_len properly
[   93.738021] sg_write: data in/out 3278044/1 bytes for SCSI command 0x3c-- guessing data in;
[   93.738021]    program repro not setting count and/or reply_len properly
[   98.676955] sg_write: 729 callbacks suppressed
[   98.676966] sg_write: data in/out 3278044/1 bytes for SCSI command 0x3c-- guessing data in;
[   98.676966]    program repro not setting count and/or reply_len properly
[   98.685444] sg_write: data in/out 3278044/1 bytes for SCSI command 0x3c-- guessing data in;
[   98.685444]    program repro not setting count and/or reply_len properly
[   98.693445] sg_write: data in/out 3278044/1 bytes for SCSI command 0x3c-- guessing data in;
[   98.693445]    program repro not setting count and/or reply_len properly
[   98.701316] sg_write: data in/out 3278044/1 bytes for SCSI command 0x3c-- guessing data in;
[   98.701316]    program repro not setting count and/or reply_len properly
[   98.709307] sg_write: data in/out 3278044/1 bytes for SCSI command 0x3c-- guessing data in;
[   98.709307]    program repro not setting count and/or reply_len properly
[   98.717077] sg_write: data in/out 3278044/1 bytes for SCSI command 0x3c-- guessing data in;
[   98.717077]    program repro not setting count and/or reply_len properly
[   98.725285] sg_write: data in/out 3278044/1 bytes for SCSI command 0x3c-- guessing data in;
[   98.725285]    program repro not setting count and/or reply_len properly
[   98.733299] sg_write: data in/out 3278044/1 bytes for SCSI command 0x3c-- guessing data in;
[   98.733299]    program repro not setting count and/or reply_len properly
[   98.741348] sg_write: data in/out 3278044/1 bytes for SCSI command 0x3c-- guessing data in;
[   98.741348]    program repro not setting count and/or reply_len properly
[   98.749456] sg_write: data in/out 3278044/1 bytes for SCSI command 0x3c-- guessing data in;
[   98.749456]    program repro not setting count and/or reply_len properly
[  103.681516] sg_write: 640 callbacks suppressed
[  103.681533] sg_write: data in/out 3278044/1 bytes for SCSI command 0x3c-- guessing data in;
[  103.681533]    program repro not setting count and/or reply_len properly
[  103.695159] sg_write: data in/out 3278044/1 bytes for SCSI command 0x3c-- guessing data in;
[  103.695159]    program repro not setting count and/or reply_len properly
[  103.707945] sg_write: data in/out 3278044/1 bytes for SCSI command 0x3c-- guessing data in;
[  103.707945]    program repro not setting count and/or reply_len properly
[  103.720670] sg_write: data in/out 3278044/1 bytes for SCSI command 0x3c-- guessing data in;
[  103.720670]    program repro not setting count and/or reply_len properly
[  103.733690] sg_write: data in/out 3278044/1 bytes for SCSI command 0x3c-- guessing data in;
[  103.733690]    program repro not setting count and/or reply_len properly
[  103.746647] sg_write: data in/out 3278044/1 bytes for SCSI command 0x3c-- guessing data in;
[  103.746647]    program repro not setting count and/or reply_len properly
[  103.759302] sg_write: data in/out 3278044/1 bytes for SCSI command 0x3c-- guessing data in;
[  103.759302]    program repro not setting count and/or reply_len properly
[  103.772112] sg_write: data in/out 3278044/1 bytes for SCSI command 0x3c-- guessing data in;
[  103.772112]    program repro not setting count and/or reply_len properly
[  103.784471] sg_write: data in/out 3278044/1 bytes for SCSI command 0x3c-- guessing data in;
[  103.784471]    program repro not setting count and/or reply_len properly
[  103.797318] sg_write: data in/out 3278044/1 bytes for SCSI command 0x3c-- guessing data in;
[  103.797318]    program repro not setting count and/or reply_len properly
[  108.688394] sg_write: 581 callbacks suppressed
[  108.688407] sg_write: data in/out 3278044/1 bytes for SCSI command 0x3c-- guessing data in;
[  108.688407]    program repro not setting count and/or reply_len properly
[  108.697559] sg_write: data in/out 3278044/1 bytes for SCSI command 0x3c-- guessing data in;
[  108.697559]    program repro not setting count and/or reply_len properly
[  108.706084] sg_write: data in/out 3278044/1 bytes for SCSI command 0x3c-- guessing data in;
[  108.706084]    program repro not setting count and/or reply_len properly
[  108.714556] sg_write: data in/out 3278044/1 bytes for SCSI command 0x3c-- guessing data in;
[  108.714556]    program repro not setting count and/or reply_len properly
[  108.723183] sg_write: data in/out 3278044/1 bytes for SCSI command 0x3c-- guessing data in;
[  108.723183]    program repro not setting count and/or reply_len properly
[  108.731801] sg_write: data in/out 3278044/1 bytes for SCSI command 0x3c-- guessing data in;
[  108.731801]    program repro not setting count and/or reply_len properly
[  108.740455] sg_write: data in/out 3278044/1 bytes for SCSI command 0x3c-- guessing data in;
[  108.740455]    program repro not setting count and/or reply_len properly
[  108.748895] sg_write: data in/out 3278044/1 bytes for SCSI command 0x3c-- guessing data in;
[  108.748895]    program repro not setting count and/or reply_len properly
[  108.757320] sg_write: data in/out 3278044/1 bytes for SCSI command 0x3c-- guessing data in;
[  108.757320]    program repro not setting count and/or reply_len properly
[  108.765555] sg_write: data in/out 3278044/1 bytes for SCSI command 0x3c-- guessing data in;
[  108.765555]    program repro not setting count and/or reply_len properly
[  113.698899] sg_write: 584 callbacks suppressed
[  113.698915] sg_write: data in/out 3278044/1 bytes for SCSI command 0x3c-- guessing data in;
[  113.698915]    program repro not setting count and/or reply_len properly
[  113.712675] sg_write: data in/out 3278044/1 bytes for SCSI command 0x3c-- guessing data in;
[  113.712675]    program repro not setting count and/or reply_len properly
[  113.725040] sg_write: data in/out 3278044/1 bytes for SCSI command 0x3c-- guessing data in;
[  113.725040]    program repro not setting count and/or reply_len properly
[  113.733210] sg_write: data in/out 3278044/1 bytes for SCSI command 0x3c-- guessing data in;
[  113.733210]    program repro not setting count and/or reply_len properly
[  113.742008] sg_write: data in/out 3278044/1 bytes for SCSI command 0x3c-- guessing data in;
[  113.742008]    program repro not setting count and/or reply_len properly
[  113.749622] sg_write: data in/out 3278044/1 bytes for SCSI command 0x3c-- guessing data in;
[  113.749622]    program repro not setting count and/or reply_len properly
[  113.757035] sg_write: data in/out 3278044/1 bytes for SCSI command 0x3c-- guessing data in;
[  113.757035]    program repro not setting count and/or reply_len properly
[  113.764465] sg_write: data in/out 3278044/1 bytes for SCSI command 0x3c-- guessing data in;
[  113.764465]    program repro not setting count and/or reply_len properly
[  113.773370] sg_write: data in/out 3278044/1 bytes for SCSI command 0x3c-- guessing data in;
[  113.773370]    program repro not setting count and/or reply_len properly
[  113.784927] sg_write: data in/out 3278044/1 bytes for SCSI command 0x3c-- guessing data in;
[  113.784927]    program repro not setting count and/or reply_len properly
[  118.706061] sg_write: 574 callbacks suppressed
[  118.706073] sg_write: data in/out 3278044/1 bytes for SCSI command 0x3c-- guessing data in;
[  118.706073]    program repro not setting count and/or reply_len properly
[  118.714971] sg_write: data in/out 3278044/1 bytes for SCSI command 0x3c-- guessing data in;
[  118.714971]    program repro not setting count and/or reply_len properly
[  118.724415] sg_write: data in/out 3278044/1 bytes for SCSI command 0x3c-- guessing data in;
[  118.724415]    program repro not setting count and/or reply_len properly
[  118.734172] sg_write: data in/out 3278044/1 bytes for SCSI command 0x3c-- guessing data in;
[  118.734172]    program repro not setting count and/or reply_len properly
[  118.743422] sg_write: data in/out 3278044/1 bytes for SCSI command 0x3c-- guessing data in;
[  118.743422]    program repro not setting count and/or reply_len properly
[  118.753310] sg_write: data in/out 3278044/1 bytes for SCSI command 0x3c-- guessing data in;
[  118.753310]    program repro not setting count and/or reply_len properly
[  118.761930] sg_write: data in/out 3278044/1 bytes for SCSI command 0x3c-- guessing data in;
[  118.761930]    program repro not setting count and/or reply_len properly
[  118.770146] sg_write: data in/out 3278044/1 bytes for SCSI command 0x3c-- guessing data in;
[  118.770146]    program repro not setting count and/or reply_len properly
[  118.778158] sg_write: data in/out 3278044/1 bytes for SCSI command 0x3c-- guessing data in;
[  118.778158]    program repro not setting count and/or reply_len properly
[  118.786305] sg_write: data in/out 3278044/1 bytes for SCSI command 0x3c-- guessing data in;
[  118.786305]    program repro not setting count and/or reply_len properly
[  123.711839] sg_write: 582 callbacks suppressed
[  123.711851] sg_write: data in/out 3278044/1 bytes for SCSI command 0x3c-- guessing data in;
[  123.711851]    program repro not setting count and/or reply_len properly
[  123.720878] sg_write: data in/out 3278044/1 bytes for SCSI command 0x3c-- guessing data in;
[  123.720878]    program repro not setting count and/or reply_len properly
[  123.730049] sg_write: data in/out 3278044/1 bytes for SCSI command 0x3c-- guessing data in;
[  123.730049]    program repro not setting count and/or reply_len properly
[  123.738327] sg_write: data in/out 3278044/1 bytes for SCSI command 0x3c-- guessing data in;
[  123.738327]    program repro not setting count and/or reply_len properly
[  123.747424] sg_write: data in/out 3278044/1 bytes for SCSI command 0x3c-- guessing data in;
[  123.747424]    program repro not setting count and/or reply_len properly
[  123.756982] sg_write: data in/out 3278044/1 bytes for SCSI command 0x3c-- guessing data in;
[  123.756982]    program repro not setting count and/or reply_len properly
[  123.767049] sg_write: data in/out 3278044/1 bytes for SCSI command 0x3c-- guessing data in;
[  123.767049]    program repro not setting count and/or reply_len properly
[  123.779898] sg_write: data in/out 3278044/1 bytes for SCSI command 0x3c-- guessing data in;
[  123.779898]    program repro not setting count and/or reply_len properly
[  123.792842] sg_write: data in/out 3278044/1 bytes for SCSI command 0x3c-- guessing data in;
[  123.792842]    program repro not setting count and/or reply_len properly
[  123.805866] sg_write: data in/out 3278044/1 bytes for SCSI command 0x3c-- guessing data in;
[  123.805866]    program repro not setting count and/or reply_len properly
[  128.715812] sg_write: 564 callbacks suppressed
[  128.715828] sg_write: data in/out 3278044/1 bytes for SCSI command 0x3c-- guessing data in;
[  128.715828]    program repro not setting count and/or reply_len properly
[  128.729682] sg_write: data in/out 3278044/1 bytes for SCSI command 0x3c-- guessing data in;
[  128.729682]    program repro not setting count and/or reply_len properly
[  128.742968] sg_write: data in/out 3278044/1 bytes for SCSI command 0x3c-- guessing data in;
[  128.742968]    program repro not setting count and/or reply_len properly
[  128.756058] sg_write: data in/out 3278044/1 bytes for SCSI command 0x3c-- guessing data in;
[  128.756058]    program repro not setting count and/or reply_len properly
[  128.768954] sg_write: data in/out 3278044/1 bytes for SCSI command 0x3c-- guessing data in;
[  128.768954]    program repro not setting count and/or reply_len properly
[  128.781607] sg_write: data in/out 3278044/1 bytes for SCSI command 0x3c-- guessing data in;
[  128.781607]    program repro not setting count and/or reply_len properly
[  128.794348] sg_write: data in/out 3278044/1 bytes for SCSI command 0x3c-- guessing data in;
[  128.794348]    program repro not setting count and/or reply_len properly
[  128.807117] sg_write: data in/out 3278044/1 bytes for SCSI command 0x3c-- guessing data in;
[  128.807117]    program repro not setting count and/or reply_len properly
[  128.819957] sg_write: data in/out 3278044/1 bytes for SCSI command 0x3c-- guessing data in;
[  128.819957]    program repro not setting count and/or reply_len properly
[  128.832726] sg_write: data in/out 3278044/1 bytes for SCSI command 0x3c-- guessing data in;
[  128.832726]    program repro not setting count and/or reply_len properly
[  133.719752] sg_write: 606 callbacks suppressed
[  133.719767] sg_write: data in/out 3278044/1 bytes for SCSI command 0x3c-- guessing data in;
[  133.719767]    program repro not setting count and/or reply_len properly
[  133.730963] sg_write: data in/out 3278044/1 bytes for SCSI command 0x3c-- guessing data in;
[  133.730963]    program repro not setting count and/or reply_len properly
[  133.739871] sg_write: data in/out 3278044/1 bytes for SCSI command 0x3c-- guessing data in;
[  133.739871]    program repro not setting count and/or reply_len properly
[  133.752413] sg_write: data in/out 3278044/1 bytes for SCSI command 0x3c-- guessing data in;
[  133.752413]    program repro not setting count and/or reply_len properly
[  133.764180] sg_write: data in/out 3278044/1 bytes for SCSI command 0x3c-- guessing data in;
[  133.764180]    program repro not setting count and/or reply_len properly
[  133.776371] sg_write: data in/out 3278044/1 bytes for SCSI command 0x3c-- guessing data in;
[  133.776371]    program repro not setting count and/or reply_len properly
[  133.789404] sg_write: data in/out 3278044/1 bytes for SCSI command 0x3c-- guessing data in;
[  133.789404]    program repro not setting count and/or reply_len properly
[  133.802286] sg_write: data in/out 3278044/1 bytes for SCSI command 0x3c-- guessing data in;
[  133.802286]    program repro not setting count and/or reply_len properly
[  133.815136] sg_write: data in/out 3278044/1 bytes for SCSI command 0x3c-- guessing data in;
[  133.815136]    program repro not setting count and/or reply_len properly
[  133.827961] sg_write: data in/out 3278044/1 bytes for SCSI command 0x3c-- guessing data in;
[  133.827961]    program repro not setting count and/or reply_len properly
[  138.723427] sg_write: 659 callbacks suppressed
[  138.723438] sg_write: data in/out 3278044/1 bytes for SCSI command 0x3c-- guessing data in;
[  138.723438]    program repro not setting count and/or reply_len properly
[  138.731620] sg_write: data in/out 3278044/1 bytes for SCSI command 0x3c-- guessing data in;
[  138.731620]    program repro not setting count and/or reply_len properly
[  138.739524] sg_write: data in/out 3278044/1 bytes for SCSI command 0x3c-- guessing data in;
[  138.739524]    program repro not setting count and/or reply_len properly
[  138.747177] sg_write: data in/out 3278044/1 bytes for SCSI command 0x3c-- guessing data in;
[  138.747177]    program repro not setting count and/or reply_len properly
[  138.754919] sg_write: data in/out 3278044/1 bytes for SCSI command 0x3c-- guessing data in;
[  138.754919]    program repro not setting count and/or reply_len properly
[  138.762537] sg_write: data in/out 3278044/1 bytes for SCSI command 0x3c-- guessing data in;
[  138.762537]    program repro not setting count and/or reply_len properly
[  138.770164] sg_write: data in/out 3278044/1 bytes for SCSI command 0x3c-- guessing data in;
[  138.770164]    program repro not setting count and/or reply_len properly
[  138.777651] sg_write: data in/out 3278044/1 bytes for SCSI command 0x3c-- guessing data in;
[  138.777651]    program repro not setting count and/or reply_len properly
[  138.785273] sg_write: data in/out 3278044/1 bytes for SCSI command 0x3c-- guessing data in;
[  138.785273]    program repro not setting count and/or reply_len properly
[  138.792842] sg_write: data in/out 3278044/1 bytes for SCSI command 0x3c-- guessing data in;
[  138.792842]    program repro not setting count and/or reply_len properly
[  143.731825] sg_write: 617 callbacks suppressed
[  143.731841] sg_write: data in/out 3278044/1 bytes for SCSI command 0x3c-- guessing data in;
[  143.731841]    program repro not setting count and/or reply_len properly
[  143.746119] sg_write: data in/out 3278044/1 bytes for SCSI command 0x3c-- guessing data in;
[  143.746119]    program repro not setting count and/or reply_len properly
[  143.759652] sg_write: data in/out 3278044/1 bytes for SCSI command 0x3c-- guessing data in;
[  143.759652]    program repro not setting count and/or reply_len properly
[  143.773441] sg_write: data in/out 3278044/1 bytes for SCSI command 0x3c-- guessing data in;
[  143.773441]    program repro not setting count and/or reply_len properly
[  143.787177] sg_write: data in/out 3278044/1 bytes for SCSI command 0x3c-- guessing data in;
[  143.787177]    program repro not setting count and/or reply_len properly
[  143.800029] sg_write: data in/out 3278044/1 bytes for SCSI command 0x3c-- guessing data in;
[  143.800029]    program repro not setting count and/or reply_len properly
[  143.810914] sg_write: data in/out 3278044/1 bytes for SCSI command 0x3c-- guessing data in;
[  143.810914]    program repro not setting count and/or reply_len properly
[  143.822084] sg_write: data in/out 3278044/1 bytes for SCSI command 0x3c-- guessing data in;
[  143.822084]    program repro not setting count and/or reply_len properly
[  143.833317] sg_write: data in/out 3278044/1 bytes for SCSI command 0x3c-- guessing data in;
[  143.833317]    program repro not setting count and/or reply_len properly
[  143.844473] sg_write: data in/out 3278044/1 bytes for SCSI command 0x3c-- guessing data in;
[  143.844473]    program repro not setting count and/or reply_len properly
[  148.735349] sg_write: 520 callbacks suppressed
[  148.735367] sg_write: data in/out 3278044/1 bytes for SCSI command 0x3c-- guessing data in;
[  148.735367]    program repro not setting count and/or reply_len properly
[  148.750141] sg_write: data in/out 3278044/1 bytes for SCSI command 0x3c-- guessing data in;
[  148.750141]    program repro not setting count and/or reply_len properly
[  148.764358] sg_write: data in/out 3278044/1 bytes for SCSI command 0x3c-- guessing data in;
[  148.764358]    program repro not setting count and/or reply_len properly
[  148.778771] sg_write: data in/out 3278044/1 bytes for SCSI command 0x3c-- guessing data in;
[  148.778771]    program repro not setting count and/or reply_len properly
[  148.793338] sg_write: data in/out 3278044/1 bytes for SCSI command 0x3c-- guessing data in;
[  148.793338]    program repro not setting count and/or reply_len properly
[  148.807678] sg_write: data in/out 3278044/1 bytes for SCSI command 0x3c-- guessing data in;
[  148.807678]    program repro not setting count and/or reply_len properly
[  148.822005] sg_write: data in/out 3278044/1 bytes for SCSI command 0x3c-- guessing data in;
[  148.822005]    program repro not setting count and/or reply_len properly
[  148.836210] sg_write: data in/out 3278044/1 bytes for SCSI command 0x3c-- guessing data in;
[  148.836210]    program repro not setting count and/or reply_len properly
[  148.850488] sg_write: data in/out 3278044/1 bytes for SCSI command 0x3c-- guessing data in;
[  148.850488]    program repro not setting count and/or reply_len properly
[  148.864702] sg_write: data in/out 3278044/1 bytes for SCSI command 0x3c-- guessing data in;
[  148.864702]    program repro not setting count and/or reply_len properly
[  153.740783] sg_write: 597 callbacks suppressed
[  153.740795] sg_write: data in/out 3278044/1 bytes for SCSI command 0x3c-- guessing data in;
[  153.740795]    program repro not setting count and/or reply_len properly
[  153.749738] sg_write: data in/out 3278044/1 bytes for SCSI command 0x3c-- guessing data in;
[  153.749738]    program repro not setting count and/or reply_len properly
[  153.758162] sg_write: data in/out 3278044/1 bytes for SCSI command 0x3c-- guessing data in;
[  153.758162]    program repro not setting count and/or reply_len properly
[  153.766544] sg_write: data in/out 3278044/1 bytes for SCSI command 0x3c-- guessing data in;
[  153.766544]    program repro not setting count and/or reply_len properly
[  153.774885] sg_write: data in/out 3278044/1 bytes for SCSI command 0x3c-- guessing data in;
[  153.774885]    program repro not setting count and/or reply_len properly
[  153.783380] sg_write: data in/out 3278044/1 bytes for SCSI command 0x3c-- guessing data in;
[  153.783380]    program repro not setting count and/or reply_len properly
[  153.791981] sg_write: data in/out 3278044/1 bytes for SCSI command 0x3c-- guessing data in;
[  153.791981]    program repro not setting count and/or reply_len properly
[  153.800376] sg_write: data in/out 3278044/1 bytes for SCSI command 0x3c-- guessing data in;
[  153.800376]    program repro not setting count and/or reply_len properly
[  153.809056] sg_write: data in/out 3278044/1 bytes for SCSI command 0x3c-- guessing data in;
[  153.809056]    program repro not setting count and/or reply_len properly
[  153.817417] sg_write: data in/out 3278044/1 bytes for SCSI command 0x3c-- guessing data in;
[  153.817417]    program repro not setting count and/or reply_len properly
[  158.744511] sg_write: 673 callbacks suppressed
[  158.744523] sg_write: data in/out 3278044/1 bytes for SCSI command 0x3c-- guessing data in;
[  158.744523]    program repro not setting count and/or reply_len properly
[  158.753031] sg_write: data in/out 3278044/1 bytes for SCSI command 0x3c-- guessing data in;
[  158.753031]    program repro not setting count and/or reply_len properly
[  158.761220] sg_write: data in/out 3278044/1 bytes for SCSI command 0x3c-- guessing data in;
[  158.761220]    program repro not setting count and/or reply_len properly
[  158.769260] sg_write: data in/out 3278044/1 bytes for SCSI command 0x3c-- guessing data in;
[  158.769260]    program repro not setting count and/or reply_len properly
[  158.777245] sg_write: data in/out 3278044/1 bytes for SCSI command 0x3c-- guessing data in;
[  158.777245]    program repro not setting count and/or reply_len properly
[  158.785275] sg_write: data in/out 3278044/1 bytes for SCSI command 0x3c-- guessing data in;
[  158.785275]    program repro not setting count and/or reply_len properly
[  158.793382] sg_write: data in/out 3278044/1 bytes for SCSI command 0x3c-- guessing data in;
[  158.793382]    program repro not setting count and/or reply_len properly
[  158.801434] sg_write: data in/out 3278044/1 bytes for SCSI command 0x3c-- guessing data in;
[  158.801434]    program repro not setting count and/or reply_len properly
[  158.809478] sg_write: data in/out 3278044/1 bytes for SCSI command 0x3c-- guessing data in;
[  158.809478]    program repro not setting count and/or reply_len properly
[  158.817534] sg_write: data in/out 3278044/1 bytes for SCSI command 0x3c-- guessing data in;
[  158.817534]    program repro not setting count and/or reply_len properly
[  163.747533] sg_write: 608 callbacks suppressed
[  163.747550] sg_write: data in/out 3278044/1 bytes for SCSI command 0x3c-- guessing data in;
[  163.747550]    program repro not setting count and/or reply_len properly
[  163.757152] sg_write: data in/out 3278044/1 bytes for SCSI command 0x3c-- guessing data in;
[  163.757152]    program repro not setting count and/or reply_len properly
[  163.766583] sg_write: data in/out 3278044/1 bytes for SCSI command 0x3c-- guessing data in;
[  163.766583]    program repro not setting count and/or reply_len properly
[  163.775820] sg_write: data in/out 3278044/1 bytes for SCSI command 0x3c-- guessing data in;
[  163.775820]    program repro not setting count and/or reply_len properly
[  163.785097] sg_write: data in/out 3278044/1 bytes for SCSI command 0x3c-- guessing data in;
[  163.785097]    program repro not setting count and/or reply_len properly
[  163.794457] sg_write: data in/out 3278044/1 bytes for SCSI command 0x3c-- guessing data in;
[  163.794457]    program repro not setting count and/or reply_len properly
[  163.803665] sg_write: data in/out 3278044/1 bytes for SCSI command 0x3c-- guessing data in;
[  163.803665]    program repro not setting count and/or reply_len properly
[  163.812787] sg_write: data in/out 3278044/1 bytes for SCSI command 0x3c-- guessing data in;
[  163.812787]    program repro not setting count and/or reply_len properly
[  163.821810] sg_write: data in/out 3278044/1 bytes for SCSI command 0x3c-- guessing data in;
[  163.821810]    program repro not setting count and/or reply_len properly
[  163.830709] sg_write: data in/out 3278044/1 bytes for SCSI command 0x3c-- guessing data in;
[  163.830709]    program repro not setting count and/or reply_len properly
[  168.753347] sg_write: 598 callbacks suppressed
[  168.753360] sg_write: data in/out 3278044/1 bytes for SCSI command 0x3c-- guessing data in;
[  168.753360]    program repro not setting count and/or reply_len properly
[  168.762178] sg_write: data in/out 3278044/1 bytes for SCSI command 0x3c-- guessing data in;
[  168.762178]    program repro not setting count and/or reply_len properly
[  168.770753] sg_write: data in/out 3278044/1 bytes for SCSI command 0x3c-- guessing data in;
[  168.770753]    program repro not setting count and/or reply_len properly
[  168.779474] sg_write: data in/out 3278044/1 bytes for SCSI command 0x3c-- guessing data in;
[  168.779474]    program repro not setting count and/or reply_len properly
[  168.788052] sg_write: data in/out 3278044/1 bytes for SCSI command 0x3c-- guessing data in;
[  168.788052]    program repro not setting count and/or reply_len properly
[  168.796796] sg_write: data in/out 3278044/1 bytes for SCSI command 0x3c-- guessing data in;
[  168.796796]    program repro not setting count and/or reply_len properly
[  168.805418] sg_write: data in/out 3278044/1 bytes for SCSI command 0x3c-- guessing data in;
[  168.805418]    program repro not setting count and/or reply_len properly
[  168.814188] sg_write: data in/out 3278044/1 bytes for SCSI command 0x3c-- guessing data in;
[  168.814188]    program repro not setting count and/or reply_len properly
[  168.823161] sg_write: data in/out 3278044/1 bytes for SCSI command 0x3c-- guessing data in;
[  168.823161]    program repro not setting count and/or reply_len properly
[  168.832429] sg_write: data in/out 3278044/1 bytes for SCSI command 0x3c-- guessing data in;
[  168.832429]    program repro not setting count and/or reply_len properly
[  173.758141] sg_write: 598 callbacks suppressed
[  173.758154] sg_write: data in/out 3278044/1 bytes for SCSI command 0x3c-- guessing data in;
[  173.758154]    program repro not setting count and/or reply_len properly
[  173.766687] sg_write: data in/out 3278044/1 bytes for SCSI command 0x3c-- guessing data in;
[  173.766687]    program repro not setting count and/or reply_len properly
[  173.774884] sg_write: data in/out 3278044/1 bytes for SCSI command 0x3c-- guessing data in;
[  173.774884]    program repro not setting count and/or reply_len properly
[  173.783086] sg_write: data in/out 3278044/1 bytes for SCSI command 0x3c-- guessing data in;
[  173.783086]    program repro not setting count and/or reply_len properly
[  173.790905] sg_write: data in/out 3278044/1 bytes for SCSI command 0x3c-- guessing data in;
[  173.790905]    program repro not setting count and/or reply_len properly
[  173.798921] sg_write: data in/out 3278044/1 bytes for SCSI command 0x3c-- guessing data in;
[  173.798921]    program repro not setting count and/or reply_len properly
[  173.806566] sg_write: data in/out 3278044/1 bytes for SCSI command 0x3c-- guessing data in;
[  173.806566]    program repro not setting count and/or reply_len properly
[  173.814462] sg_write: data in/out 3278044/1 bytes for SCSI command 0x3c-- guessing data in;
[  173.814462]    program repro not setting count and/or reply_len properly
[  173.822141] sg_write: data in/out 3278044/1 bytes for SCSI command 0x3c-- guessing data in;
[  173.822141]    program repro not setting count and/or reply_len properly
[  173.829640] sg_write: data in/out 3278044/1 bytes for SCSI command 0x3c-- guessing data in;
[  173.829640]    program repro not setting count and/or reply_len properly
