c[?7l[2J[0mSeaBIOS (version rel-1.16.0-0-gd239552ce722-prebuilt.qemu.org)


iPXE (http://ipxe.org) 00:03.0 CA00 PCI2.10 PnP PMM+7FF91000+7FEF1000 CA00
Press Ctrl-B to configure iPXE (PCI 00:03.0)...                                                                               


Booting from ROM..c[?7l[2J[    0.000000] Linux version 5.19.0-526942b8134c+ (root@p-tglh01.sh.intel.com) (gcc (GCC) 8.5.0 20210514 (Red Hat 8.5.0-17), GNU ld version 2.36.1-2.el8) #1 SMP PREEMPT_DYNAMIC Tue Dec 27 12:33:03 CST 2022
[    0.000000] Command line: console=ttyS0 root=/dev/sda earlyprintk=serial net.ifnames=0
[    0.000000] KERNEL supported cpus:
[    0.000000]   Intel GenuineIntel
[    0.000000]   AMD AuthenticAMD
[    0.000000]   Hygon HygonGenuine
[    0.000000]   Centaur CentaurHauls
[    0.000000]   zhaoxin   Shanghai  
[    0.000000] x86/fpu: Supporting XSAVE feature 0x001: 'x87 floating point registers'
[    0.000000] x86/fpu: Supporting XSAVE feature 0x002: 'SSE registers'
[    0.000000] x86/fpu: Supporting XSAVE feature 0x004: 'AVX registers'
[    0.000000] x86/fpu: Supporting XSAVE feature 0x020: 'AVX-512 opmask'
[    0.000000] x86/fpu: Supporting XSAVE feature 0x040: 'AVX-512 Hi256'
[    0.000000] x86/fpu: Supporting XSAVE feature 0x080: 'AVX-512 ZMM_Hi256'
[    0.000000] x86/fpu: Supporting XSAVE feature 0x200: 'Protection Keys User registers'
[    0.000000] x86/fpu: xstate_offset[2]:  576, xstate_sizes[2]:  256
[    0.000000] x86/fpu: xstate_offset[5]:  832, xstate_sizes[5]:   64
[    0.000000] x86/fpu: xstate_offset[6]:  896, xstate_sizes[6]:  512
[    0.000000] x86/fpu: xstate_offset[7]: 1408, xstate_sizes[7]: 1024
[    0.000000] x86/fpu: xstate_offset[9]: 2432, xstate_sizes[9]:    8
[    0.000000] x86/fpu: Enabled xstate features 0x2e7, context size is 2440 bytes, using 'compacted' format.
[    0.000000] signal: max sigframe size: 3632
[    0.000000] BIOS-provided physical RAM map:
[    0.000000] BIOS-e820: [mem 0x0000000000000000-0x000000000009fbff] usable
[    0.000000] BIOS-e820: [mem 0x000000000009fc00-0x000000000009ffff] reserved
[    0.000000] BIOS-e820: [mem 0x00000000000f0000-0x00000000000fffff] reserved
[    0.000000] BIOS-e820: [mem 0x0000000000100000-0x000000007ffdffff] usable
[    0.000000] BIOS-e820: [mem 0x000000007ffe0000-0x000000007fffffff] reserved
[    0.000000] BIOS-e820: [mem 0x00000000feffc000-0x00000000feffffff] reserved
[    0.000000] BIOS-e820: [mem 0x00000000fffc0000-0x00000000ffffffff] reserved
[    0.000000] printk: bootconsole [earlyser0] enabled
[    0.000000] NX (Execute Disable) protection: active
[    0.000000] SMBIOS 2.8 present.
[    0.000000] DMI: QEMU Standard PC (i440FX + PIIX, 1996), BIOS rel-1.16.0-0-gd239552ce722-prebuilt.qemu.org 04/01/2014
[    0.000000] Hypervisor detected: KVM
[    0.000000] kvm-clock: Using msrs 4b564d01 and 4b564d00
[    0.000005] kvm-clock: using sched offset of 433960950 cycles
[    0.000509] clocksource: kvm-clock: mask: 0xffffffffffffffff max_cycles: 0x1cd42e4dffb, max_idle_ns: 881590591483 ns
[    0.002069] tsc: Detected 3110.400 MHz processor
[    0.011281] last_pfn = 0x7ffe0 max_arch_pfn = 0x400000000
[    0.011867] x86/PAT: Configuration [0-7]: WB  WC  UC- UC  WB  WP  UC- WT  
[    0.022110] found SMP MP-table at [mem 0x000f5ba0-0x000f5baf]
[    0.022781] Using GB pages for direct mapping
[    0.024661] ACPI: Early table checksum verification disabled
[    0.025237] ACPI: RSDP 0x00000000000F59C0 000014 (v00 BOCHS )
[    0.025796] ACPI: RSDT 0x000000007FFE1951 000034 (v01 BOCHS  BXPC     00000001 BXPC 00000001)
[    0.026637] ACPI: FACP 0x000000007FFE17FD 000074 (v01 BOCHS  BXPC     00000001 BXPC 00000001)
[    0.027449] ACPI: DSDT 0x000000007FFE0040 0017BD (v01 BOCHS  BXPC     00000001 BXPC 00000001)
[    0.028259] ACPI: FACS 0x000000007FFE0000 000040
[    0.028705] ACPI: APIC 0x000000007FFE1871 000080 (v01 BOCHS  BXPC     00000001 BXPC 00000001)
[    0.029513] ACPI: HPET 0x000000007FFE18F1 000038 (v01 BOCHS  BXPC     00000001 BXPC 00000001)
[    0.030315] ACPI: WAET 0x000000007FFE1929 000028 (v01 BOCHS  BXPC     00000001 BXPC 00000001)
[    0.031122] ACPI: Reserving FACP table memory at [mem 0x7ffe17fd-0x7ffe1870]
[    0.031776] ACPI: Reserving DSDT table memory at [mem 0x7ffe0040-0x7ffe17fc]
[    0.032423] ACPI: Reserving FACS table memory at [mem 0x7ffe0000-0x7ffe003f]
[    0.033068] ACPI: Reserving APIC table memory at [mem 0x7ffe1871-0x7ffe18f0]
[    0.033716] ACPI: Reserving HPET table memory at [mem 0x7ffe18f1-0x7ffe1928]
[    0.034371] ACPI: Reserving WAET table memory at [mem 0x7ffe1929-0x7ffe1950]
[    0.036154] No NUMA configuration found
[    0.036514] Faking a node at [mem 0x0000000000000000-0x000000007ffdffff]
[    0.037252] NODE_DATA(0) allocated [mem 0x7ffb5000-0x7ffdffff]
[    0.042345] Zone ranges:
[    0.042592]   DMA      [mem 0x0000000000001000-0x0000000000ffffff]
[    0.043173]   DMA32    [mem 0x0000000001000000-0x000000007ffdffff]
[    0.043754]   Normal   empty
[    0.044027]   Device   empty
[    0.044301] Movable zone start for each node
[    0.044699] Early memory node ranges
[    0.045028]   node   0: [mem 0x0000000000001000-0x000000000009efff]
[    0.045611]   node   0: [mem 0x0000000000100000-0x000000007ffdffff]
[    0.046194] Initmem setup node 0 [mem 0x0000000000001000-0x000000007ffdffff]
[    0.047290] On node 0, zone DMA: 1 pages in unavailable ranges
[    0.047314] On node 0, zone DMA: 97 pages in unavailable ranges
[    4.185371] On node 0, zone DMA32: 32 pages in unavailable ranges
[    4.187109] ACPI: PM-Timer IO Port: 0x608
[    4.189135] ACPI: LAPIC_NMI (acpi_id[0xff] dfl dfl lint[0x1])
[    4.190434] IOAPIC[0]: apic_id 0, version 17, address 0xfec00000, GSI 0-23
[    4.191866] ACPI: INT_SRC_OVR (bus 0 bus_irq 0 global_irq 2 dfl dfl)
[    4.193150] ACPI: INT_SRC_OVR (bus 0 bus_irq 5 global_irq 5 high level)
[    4.194484] ACPI: INT_SRC_OVR (bus 0 bus_irq 9 global_irq 9 high level)
[    4.195812] ACPI: INT_SRC_OVR (bus 0 bus_irq 10 global_irq 10 high level)
[    4.197175] ACPI: INT_SRC_OVR (bus 0 bus_irq 11 global_irq 11 high level)
[    4.198620] ACPI: Using ACPI (MADT) for SMP configuration information
[    4.199891] ACPI: HPET id: 0x8086a201 base: 0xfed00000
[    4.200953] TSC deadline timer available
[    4.201737] smpboot: Allowing 2 CPUs, 0 hotplug CPUs
[    4.202892] kvm-guest: KVM setup pv remote TLB flush
[    4.203882] kvm-guest: setup PV sched yield
[    4.204916] PM: hibernation: Registered nosave memory: [mem 0x00000000-0x00000fff]
[    4.206447] PM: hibernation: Registered nosave memory: [mem 0x0009f000-0x0009ffff]
[    4.207948] PM: hibernation: Registered nosave memory: [mem 0x000a0000-0x000effff]
[    4.209446] PM: hibernation: Registered nosave memory: [mem 0x000f0000-0x000fffff]
[    4.210971] [mem 0x80000000-0xfeffbfff] available for PCI devices
[    4.212199] Booting paravirtualized kernel on KVM
[    4.213170] clocksource: refined-jiffies: mask: 0xffffffff max_cycles: 0xffffffff, max_idle_ns: 7645519600211568 ns
[    4.214975] setup_percpu: NR_CPUS:8192 nr_cpumask_bits:2 nr_cpu_ids:2 nr_node_ids:1
[    4.217953] percpu: Embedded 64 pages/cpu s225280 r8192 d28672 u1048576
[    4.218958] kvm-guest: PV spinlocks enabled
[    4.219404] PV qspinlock hash table entries: 256 (order: 0, 4096 bytes, linear)
[    4.220181] Fallback order for Node 0: 0 
[    4.220640] Built 1 zonelists, mobility grouping on.  Total pages: 515808
[    4.221337] Policy zone: DMA32
[    4.221655] Kernel command line: net.ifnames=0 console=ttyS0 root=/dev/sda earlyprintk=serial net.ifnames=0
[    4.225373] Dentry cache hash table entries: 262144 (order: 9, 2097152 bytes, linear)
[    4.226269] Inode-cache hash table entries: 131072 (order: 8, 1048576 bytes, linear)
[    4.227230] mem auto-init: stack:off, heap alloc:off, heap free:off
[    4.231784] Memory: 1985384K/2096632K available (32784K kernel code, 4530K rwdata, 8056K rodata, 3644K init, 22316K bss, 110992K reserved, 0K cma-reserved)
[    4.234716] SLUB: HWalign=64, Order=0-3, MinObjects=0, CPUs=2, Nodes=1
[    4.235374] kmemleak: Kernel memory leak detector disabled
[    4.235962] ftrace: allocating 66436 entries in 260 pages
[    4.271375] ftrace: allocated 260 pages with 2 groups
[    4.276016] Dynamic Preempt: voluntary
[    4.276597] Running RCU self tests
[    4.276937] rcu: Preemptible hierarchical RCU implementation.
[    4.277519] rcu: 	RCU lockdep checking is enabled.
[    4.278003] rcu: 	RCU restricting CPUs from NR_CPUS=8192 to nr_cpu_ids=2.
[    4.278687] 	Trampoline variant of Tasks RCU enabled.
[    4.279174] 	Rude variant of Tasks RCU enabled.
[    4.279609] 	Tracing variant of Tasks RCU enabled.
[    4.280071] rcu: RCU calculated value of scheduler-enlistment delay is 25 jiffies.
[    4.280793] rcu: Adjusting geometry for rcu_fanout_leaf=16, nr_cpu_ids=2
[    4.311647] NR_IRQS: 524544, nr_irqs: 440, preallocated irqs: 16
[    4.312614] rcu: srcu_init: Setting srcu_struct sizes based on contention.
[    4.321752] Console: colour VGA+ 80x25
[    4.322205] printk: console [ttyS0] enabled
[    4.322205] printk: console [ttyS0] enabled
[    4.323032] printk: bootconsole [earlyser0] disabled
[    4.323032] printk: bootconsole [earlyser0] disabled
[    4.324027] Lock dependency validator: Copyright (c) 2006 Red Hat, Inc., Ingo Molnar
[    4.324789] ... MAX_LOCKDEP_SUBCLASSES:  8
[    4.325218] ... MAX_LOCK_DEPTH:          48
[    4.325637] ... MAX_LOCKDEP_KEYS:        8192
[    4.326073] ... CLASSHASH_SIZE:          4096
[    4.326517] ... MAX_LOCKDEP_ENTRIES:     32768
[    4.326954] ... MAX_LOCKDEP_CHAINS:      65536
[    4.327416] ... CHAINHASH_SIZE:          32768
[    4.327857]  memory used by lock dependency info: 6365 kB
[    4.328391]  memory used for stack traces: 4224 kB
[    4.328865]  per task-struct memory footprint: 1920 bytes
[    4.329491] ACPI: Core revision 20220331
[    4.330206] clocksource: hpet: mask: 0xffffffff max_cycles: 0xffffffff, max_idle_ns: 19112604467 ns
[    4.331269] APIC: Switch to symmetric I/O mode setup
[    4.331973] x2apic enabled
[    4.332471] Switched APIC routing to physical x2apic.
[    4.333005] kvm-guest: setup PV IPIs
[    4.334429] ..TIMER: vector=0x30 apic1=0 pin1=2 apic2=-1 pin2=-1
[    4.335073] clocksource: tsc-early: mask: 0xffffffffffffffff max_cycles: 0x2cd5a8bb032, max_idle_ns: 440795365915 ns
[    4.336200] Calibrating delay loop (skipped) preset value.. 6220.80 BogoMIPS (lpj=12441600)
[    4.337026] pid_max: default: 32768 minimum: 301
[    4.337717] LSM: Security Framework initializing
[    4.338190] Yama: becoming mindful.
[    4.338851] Mount-cache hash table entries: 4096 (order: 3, 32768 bytes, linear)
[    4.340203] Mountpoint-cache hash table entries: 4096 (order: 3, 32768 bytes, linear)
[    4.344251] x86/cpu: User Mode Instruction Prevention (UMIP) activated
[    4.345391] Last level iTLB entries: 4KB 0, 2MB 0, 4MB 0
[    4.346017] Last level dTLB entries: 4KB 0, 2MB 0, 4MB 0, 1GB 0
[    4.346665] Spectre V1 : Mitigation: usercopy/swapgs barriers and __user pointer sanitization
[    4.348201] Spectre V2 : WARNING: Unprivileged eBPF is enabled with eIBRS on, data leaks possible via Spectre v2 BHB attacks!
[    4.349296] Spectre V2 : Mitigation: Enhanced IBRS
[    4.349743] Spectre V2 : Spectre v2 / SpectreRSB mitigation: Filling RSB on context switch
[    4.350509] Spectre V2 : mitigation: Enabling conditional Indirect Branch Prediction Barrier
[    4.351292] Speculative Store Bypass: Mitigation: Speculative Store Bypass disabled via prctl
[    4.482024] Freeing SMP alternatives memory: 56K
[    4.482892] smpboot: CPU0: Genuine Intel(R) CPU 0000 @ 2.20GHz (family: 0x6, model: 0x8d, stepping: 0x0)
[    4.484176] cblist_init_generic: Setting adjustable number of callback queues.
[    4.484176] cblist_init_generic: Setting shift to 1 and lim to 1.
[    4.484176] cblist_init_generic: Setting shift to 1 and lim to 1.
[    4.484176] cblist_init_generic: Setting shift to 1 and lim to 1.
[    4.484260] Running RCU-tasks wait API self tests
[    4.588305] Performance Events: Icelake events, full-width counters, Intel PMU driver.
[    4.589196] ... version:                2
[    4.589565] ... bit width:              48
[    4.589937] ... generic registers:      8
[    4.590302] ... value mask:             0000ffffffffffff
[    4.590782] ... max period:             00007fffffffffff
[    4.591262] ... fixed-purpose events:   3
[    4.591629] ... event mask:             00000007000000ff
[    4.592564] rcu: Hierarchical SRCU implementation.
[    4.593007] rcu: 	Max phase no-delay instances is 1000.
[    4.596212] Callback from call_rcu_tasks_trace() invoked.
[    4.597375] smp: Bringing up secondary CPUs ...
[    4.598495] x86: Booting SMP configuration:
[    4.598902] .... node  #0, CPUs:      #1
[    4.599464] smp: Brought up 1 node, 2 CPUs
[    4.600580] smpboot: Max logical packages: 1
[    4.600977] smpboot: Total of 2 processors activated (12441.60 BogoMIPS)
[    4.604200] devtmpfs: initialized
[    4.604924] x86/mm: Memory block size: 128MB
[    4.609781] clocksource: jiffies: mask: 0xffffffff max_cycles: 0xffffffff, max_idle_ns: 7645041785100000 ns
[    4.609781] futex hash table entries: 512 (order: 4, 65536 bytes, linear)
[    4.612264] pinctrl core: initialized pinctrl subsystem
[    4.613520] 
[    4.613675] *************************************************************
[    4.614306] **     NOTICE NOTICE NOTICE NOTICE NOTICE NOTICE NOTICE    **
[    4.614935] **                                                         **
[    4.615576] **  IOMMU DebugFS SUPPORT HAS BEEN ENABLED IN THIS KERNEL  **
[    4.616182] **                                                         **
[    4.616815] ** This means that this kernel is built to expose internal **
[    4.617449] ** IOMMU data structures, which may compromise security on **
[    4.618078] ** your system.                                            **
[    4.618706] **                                                         **
[    4.619334] ** If you see this message and you are not debugging the   **
[    4.619961] ** kernel, report this immediately to your vendor!         **
[    4.620181] **                                                         **
[    4.620809] **     NOTICE NOTICE NOTICE NOTICE NOTICE NOTICE NOTICE    **
[    4.621436] *************************************************************
[    4.622121] PM: RTC time: 17:12:36, date: 2022-12-27
[    4.625245] NET: Registered PF_NETLINK/PF_ROUTE protocol family
[    4.626589] DMA: preallocated 256 KiB GFP_KERNEL pool for atomic allocations
[    4.627273] DMA: preallocated 256 KiB GFP_KERNEL|GFP_DMA pool for atomic allocations
[    4.628014] DMA: preallocated 256 KiB GFP_KERNEL|GFP_DMA32 pool for atomic allocations
[    4.628259] audit: initializing netlink subsys (disabled)
[    4.628885] audit: type=2000 audit(1672161156.120:1): state=initialized audit_enabled=0 res=1
[    4.629034] thermal_sys: Registered thermal governor 'fair_share'
[    4.629119] thermal_sys: Registered thermal governor 'bang_bang'
[    4.629735] thermal_sys: Registered thermal governor 'step_wise'
[    4.630295] thermal_sys: Registered thermal governor 'user_space'
[    4.630919] cpuidle: using governor ladder
[    4.632583] cpuidle: using governor menu
[    4.633252] HugeTLB: can optimize 4095 vmemmap pages for hugepages-1048576kB
[    4.633934] acpiphp: ACPI Hot Plug PCI Controller Driver version: 0.5
[    4.635000] PCI: Using configuration type 1 for base access
[    4.654390] kprobes: kprobe jump-optimization is enabled. All kprobes are optimized if possible.
[    4.812873] HugeTLB: can optimize 7 vmemmap pages for hugepages-2048kB
[    4.813553] HugeTLB registered 1.00 GiB page size, pre-allocated 0 pages
[    4.814204] HugeTLB registered 2.00 MiB page size, pre-allocated 0 pages
[    4.821944] ACPI: Added _OSI(Module Device)
[    4.822413] ACPI: Added _OSI(Processor Device)
[    4.822843] ACPI: Added _OSI(3.0 _SCP Extensions)
[    4.823322] ACPI: Added _OSI(Processor Aggregator Device)
[    4.823874] ACPI: Added _OSI(Linux-Dell-Video)
[    4.824188] ACPI: Added _OSI(Linux-Lenovo-NV-HDMI-Audio)
[    4.824731] ACPI: Added _OSI(Linux-HPI-Hybrid-Graphics)
[    4.832355] ACPI: 1 ACPI AML tables successfully acquired and loaded
[    4.837184] ACPI: Interpreter enabled
[    4.837684] ACPI: PM: (supports S0 S3 S4 S5)
[    4.838129] ACPI: Using IOAPIC for interrupt routing
[    4.838679] PCI: Using host bridge windows from ACPI; if necessary, use "pci=nocrs" and report a bug
[    4.839597] PCI: Using E820 reservations for host bridge windows
[    4.841079] ACPI: Enabled 2 GPEs in block 00 to 0F
[    4.863471] ACPI: PCI Root Bridge [PCI0] (domain 0000 [bus 00-ff])
[    4.864155] acpi PNP0A03:00: _OSC: OS supports [ASPM ClockPM Segments MSI EDR HPX-Type3]
[    4.864189] acpi PNP0A03:00: _OSC: not requesting OS control; OS requires [ExtendedConfig ASPM ClockPM MSI]
[    4.865270] acpi PNP0A03:00: fail to add MMCONFIG information, can't access extended PCI configuration space under this bridge.
[    4.869565] acpiphp: Slot [3] registered
[    4.870069] acpiphp: Slot [4] registered
[    4.870551] acpiphp: Slot [5] registered
[    4.871027] acpiphp: Slot [6] registered
[    4.871505] acpiphp: Slot [7] registered
[    4.871980] acpiphp: Slot [8] registered
[    4.872282] acpiphp: Slot [9] registered
[    4.872763] acpiphp: Slot [10] registered
[    4.873252] acpiphp: Slot [11] registered
[    4.873730] acpiphp: Slot [12] registered
[    4.874217] acpiphp: Slot [13] registered
[    4.874723] acpiphp: Slot [14] registered
[    4.875228] acpiphp: Slot [15] registered
[    4.875710] acpiphp: Slot [16] registered
[    4.876212] acpiphp: Slot [17] registered
[    4.876699] acpiphp: Slot [18] registered
[    4.877202] acpiphp: Slot [19] registered
[    4.877692] acpiphp: Slot [20] registered
[    4.878174] acpiphp: Slot [21] registered
[    4.878656] acpiphp: Slot [22] registered
[    4.879158] acpiphp: Slot [23] registered
[    4.879653] acpiphp: Slot [24] registered
[    4.880140] acpiphp: Slot [25] registered
[    4.880268] acpiphp: Slot [26] registered
[    4.880758] acpiphp: Slot [27] registered
[    4.881257] acpiphp: Slot [28] registered
[    4.881743] acpiphp: Slot [29] registered
[    4.882228] acpiphp: Slot [30] registered
[    4.882711] acpiphp: Slot [31] registered
[    4.883139] PCI host bridge to bus 0000:00
[    4.883551] pci_bus 0000:00: root bus resource [io  0x0000-0x0cf7 window]
[    4.884188] pci_bus 0000:00: root bus resource [io  0x0d00-0xffff window]
[    4.884872] pci_bus 0000:00: root bus resource [mem 0x000a0000-0x000bffff window]
[    4.885607] pci_bus 0000:00: root bus resource [mem 0x80000000-0xfebfffff window]
[    4.886341] pci_bus 0000:00: root bus resource [mem 0x100000000-0x17fffffff window]
[    4.887096] pci_bus 0000:00: root bus resource [bus 00-ff]
[    4.887787] pci 0000:00:00.0: [8086:1237] type 00 class 0x060000
[    4.892337] pci 0000:00:01.0: [8086:7000] type 00 class 0x060100
[    4.893795] pci 0000:00:01.1: [8086:7010] type 00 class 0x010180
[    4.896114] pci 0000:00:01.1: reg 0x20: [io  0xc040-0xc04f]
[    4.896935] pci 0000:00:01.1: legacy IDE quirk: reg 0x10: [io  0x01f0-0x01f7]
[    4.897642] pci 0000:00:01.1: legacy IDE quirk: reg 0x14: [io  0x03f6]
[    4.898285] pci 0000:00:01.1: legacy IDE quirk: reg 0x18: [io  0x0170-0x0177]
[    4.898988] pci 0000:00:01.1: legacy IDE quirk: reg 0x1c: [io  0x0376]
[    4.899979] pci 0000:00:01.3: [8086:7113] type 00 class 0x068000
[    4.900545] pci 0000:00:01.3: quirk: [io  0x0600-0x063f] claimed by PIIX4 ACPI
[    4.901261] pci 0000:00:01.3: quirk: [io  0x0700-0x070f] claimed by PIIX4 SMB
[    4.902579] pci 0000:00:02.0: [1234:1111] type 00 class 0x030000
[    4.904617] pci 0000:00:02.0: reg 0x10: [mem 0xfd000000-0xfdffffff pref]
[    4.907537] pci 0000:00:02.0: reg 0x18: [mem 0xfebf0000-0xfebf0fff]
[    4.912557] pci 0000:00:02.0: reg 0x30: [mem 0xfebe0000-0xfebeffff pref]
[    4.913473] pci 0000:00:02.0: Video device with shadowed ROM at [mem 0x000c0000-0x000dffff]
[    4.918946] pci 0000:00:03.0: [8086:100e] type 00 class 0x020000
[    4.920060] pci 0000:00:03.0: reg 0x10: [mem 0xfebc0000-0xfebdffff]
[    4.920641] pci 0000:00:03.0: reg 0x14: [io  0xc000-0xc03f]
[    4.923582] pci 0000:00:03.0: reg 0x30: [mem 0xfeb80000-0xfebbffff pref]
[    4.937809] ACPI: PCI: Interrupt link LNKA configured for IRQ 10
[    4.938873] ACPI: PCI: Interrupt link LNKB configured for IRQ 10
[    4.939905] ACPI: PCI: Interrupt link LNKC configured for IRQ 11
[    4.940648] ACPI: PCI: Interrupt link LNKD configured for IRQ 11
[    4.941444] ACPI: PCI: Interrupt link LNKS configured for IRQ 9
[    4.943658] iommu: Default domain type: Translated 
[    4.944142] iommu: DMA domain TLB invalidation policy: lazy mode 
[    4.945612] SCSI subsystem initialized
[    4.946351] ACPI: bus type USB registered
[    4.946840] usbcore: registered new interface driver usbfs
[    4.947412] usbcore: registered new interface driver hub
[    4.947989] usbcore: registered new device driver usb
[    4.948321] pps_core: LinuxPPS API ver. 1 registered
[    4.948792] pps_core: Software ver. 5.3.6 - Copyright 2005-2007 Rodolfo Giometti <giometti@linux.it>
[    4.949648] PTP clock support registered
[    4.950270] EDAC MC: Ver: 3.0.0
[    4.952457] NetLabel: Initializing
[    4.952800] NetLabel:  domain hash size = 128
[    4.953217] NetLabel:  protocols = UNLABELED CIPSOv4 CALIPSO
[    4.953841] NetLabel:  unlabeled traffic allowed by default
[    4.954825] PCI: Using ACPI for IRQ routing
[    4.955477] pci 0000:00:02.0: vgaarb: setting as boot VGA device
[    4.956068] pci 0000:00:02.0: vgaarb: bridge control possible
[    4.956176] pci 0000:00:02.0: vgaarb: VGA device added: decodes=io+mem,owns=io+mem,locks=none
[    4.956185] vgaarb: loaded
[    4.956979] hpet0: at MMIO 0xfed00000, IRQs 2, 8, 0
[    4.957463] hpet0: 3 comparators, 64-bit 100.000000 MHz counter
[    7.783931] clocksource: Switched to clocksource kvm-clock
[    7.784176] VFS: Disk quotas dquot_6.6.0
[    7.784176] VFS: Dquot-cache hash table entries: 512 (order 0, 4096 bytes)
[    7.784176] pnp: PnP ACPI init
[    7.786597] pnp: PnP ACPI: found 6 devices
[    7.801698] clocksource: acpi_pm: mask: 0xffffff max_cycles: 0xffffff, max_idle_ns: 2085701024 ns
[    7.803093] NET: Registered PF_INET protocol family
[    7.803888] IP idents hash table entries: 32768 (order: 6, 262144 bytes, linear)
[    7.805998] tcp_listen_portaddr_hash hash table entries: 1024 (order: 4, 73728 bytes, linear)
[    7.806925] Table-perturb hash table entries: 65536 (order: 6, 262144 bytes, linear)
[    7.807696] TCP established hash table entries: 16384 (order: 5, 131072 bytes, linear)
[    7.808755] TCP bind hash table entries: 16384 (order: 8, 1179648 bytes, linear)
[    7.811339] TCP: Hash tables configured (established 16384 bind 16384)
[    7.812269] UDP hash table entries: 1024 (order: 5, 163840 bytes, linear)
[    7.813098] UDP-Lite hash table entries: 1024 (order: 5, 163840 bytes, linear)
[    7.814192] NET: Registered PF_UNIX/PF_LOCAL protocol family
[    7.815351] RPC: Registered named UNIX socket transport module.
[    7.815974] RPC: Registered udp transport module.
[    7.816462] RPC: Registered tcp transport module.
[    7.816935] RPC: Registered tcp NFSv4.1 backchannel transport module.
[    7.817612] pci_bus 0000:00: resource 4 [io  0x0000-0x0cf7 window]
[    7.818237] pci_bus 0000:00: resource 5 [io  0x0d00-0xffff window]
[    7.818864] pci_bus 0000:00: resource 6 [mem 0x000a0000-0x000bffff window]
[    7.819553] pci_bus 0000:00: resource 7 [mem 0x80000000-0xfebfffff window]
[    7.820259] pci_bus 0000:00: resource 8 [mem 0x100000000-0x17fffffff window]
[    7.821262] pci 0000:00:01.0: PIIX3: Enabling Passive Release
[    7.821860] pci 0000:00:00.0: Limiting direct PCI/PCI transfers
[    7.822483] pci 0000:00:01.0: Activating ISA DMA hang workarounds
[    7.823186] PCI: CLS 0 bytes, default 64
[    7.823660] ACPI: bus type thunderbolt registered
[    7.824541] clocksource: tsc: mask: 0xffffffffffffffff max_cycles: 0x2cd5a8bb032, max_idle_ns: 440795365915 ns
[    7.845275] Callback from call_rcu_tasks_rude() invoked.
[    7.892275] Callback from call_rcu_tasks() invoked.
[    8.012173] Initialise system trusted keyrings
[    8.012765] Key type blacklist registered
[    8.013476] workingset: timestamp_bits=36 max_order=19 bucket_order=0
[    8.026922] zbud: loaded
[    8.029789] squashfs: version 4.0 (2009/01/31) Phillip Lougher
[    8.032373] NFS: Registering the id_resolver key type
[    8.032877] Key type id_resolver registered
[    8.033262] Key type id_legacy registered
[    8.033758] nfs4filelayout_init: NFSv4 File Layout Driver Registering...
[    8.034410] nfs4flexfilelayout_init: NFSv4 Flexfile Layout Driver Registering...
[    8.035209] fuse: init (API version 7.36)
[    8.035990] SGI XFS with ACLs, security attributes, realtime, quota, no debug enabled
[    8.039618] 9p: Installing v9fs 9p2000 file system support
[    8.056788] Key type asymmetric registered
[    8.057380] Asymmetric key parser 'x509' registered
[    8.060113] alg: self-tests for CTR-KDF (hmac(sha256)) passed
[    8.061067] Block layer SCSI generic (bsg) driver version 0.4 loaded (major 243)
[    8.062278] io scheduler mq-deadline registered
[    8.062946] io scheduler bfq registered
[    8.065180] shpchp: Standard Hot Plug PCI Controller Driver version: 0.4
[    8.066857] IPMI message handler: version 39.2
[    8.067533] ipmi device interface
[    8.071215] input: Power Button as /devices/LNXSYSTM:00/LNXPWRBN:00/input/input0
[    8.072792] ACPI: button: Power Button [PWRF]
[    8.075154] ERST DBG: ERST support is disabled.
[    8.076988] Serial: 8250/16550 driver, 32 ports, IRQ sharing enabled
[    8.079910] 00:04: ttyS0 at I/O 0x3f8 (irq = 4, base_baud = 115200) is a 16550A
[    8.097169] Linux agpgart interface v0.103
[    8.098266] ACPI: bus type drm_connector registered
[    8.113734] brd: module loaded
[    8.122938] loop: module loaded
[    8.128754] scsi host0: ata_piix
[    8.129920] scsi host1: ata_piix
[    8.130447] ata1: PATA max MWDMA2 cmd 0x1f0 ctl 0x3f6 bmdma 0xc040 irq 14
[    8.131063] ata2: PATA max MWDMA2 cmd 0x170 ctl 0x376 bmdma 0xc048 irq 15
[    8.133016] tun: Universal TUN/TAP device driver, 1.6
[    8.133676] e100: Intel(R) PRO/100 Network Driver
[    8.134115] e100: Copyright(c) 1999-2006 Intel Corporation
[    8.134680] e1000: Intel(R) PRO/1000 Network Driver
[    8.135120] e1000: Copyright (c) 1999-2006 Intel Corporation.
[    8.288407] ata1: found unknown device (class 0)
[    8.289474] ata1.00: ATA-7: QEMU HARDDISK, 2.5+, max UDMA/100
[    8.290035] ata1.00: 16777216 sectors, multi 16: LBA48 
[    8.291584] scsi 0:0:0:0: Direct-Access     ATA      QEMU HARDDISK    2.5+ PQ: 0 ANSI: 5
[    8.292512] ata2: found unknown device (class 0)
[    8.293377] ata2.00: ATAPI: QEMU DVD-ROM, 2.5+, max UDMA/100
[    8.296135] sd 0:0:0:0: [sda] 16777216 512-byte logical blocks: (8.59 GB/8.00 GiB)
[    8.296932] sd 0:0:0:0: [sda] Write Protect is off
[    8.297482] sd 0:0:0:0: [sda] Write cache: enabled, read cache: enabled, doesn't support DPO or FUA
[    8.298398] sd 0:0:0:0: Attached scsi generic sg0 type 0
[    8.299171] sd 0:0:0:0: [sda] Preferred minimum I/O size 512 bytes
[    8.300497] scsi 1:0:0:0: CD-ROM            QEMU     QEMU DVD-ROM     2.5+ PQ: 0 ANSI: 5
[    8.329167] scsi 1:0:0:0: Attached scsi generic sg1 type 5
[    8.331318] sd 0:0:0:0: [sda] Attached SCSI disk
[    8.342285] ACPI: \_SB_.LNKC: Enabled at IRQ 11
[    8.667743] e1000 0000:00:03.0 eth0: (PCI:33MHz:32-bit) 52:54:00:12:34:56
[    8.668470] e1000 0000:00:03.0 eth0: Intel(R) PRO/1000 Network Connection
[    8.669252] e1000e: Intel(R) PRO/1000 Network Driver
[    8.669728] e1000e: Copyright(c) 1999 - 2015 Intel Corporation.
[    8.670384] igb: Intel(R) Gigabit Ethernet Network Driver
[    8.670897] igb: Copyright (c) 2007-2014 Intel Corporation.
[    8.671564] PPP generic driver version 2.4.2
[    8.672747] VFIO - User Level meta-driver version: 0.3
[    8.673343] ehci_hcd: USB 2.0 'Enhanced' Host Controller (EHCI) Driver
[    8.673975] ehci-pci: EHCI PCI platform driver
[    8.674463] ehci-platform: EHCI generic platform driver
[    8.674982] ohci_hcd: USB 1.1 'Open' Host Controller (OHCI) Driver
[    8.675577] ohci-pci: OHCI PCI platform driver
[    8.676032] ohci-platform: OHCI generic platform driver
[    8.676572] uhci_hcd: USB Universal Host Controller Interface driver
[    8.677716] usbcore: registered new interface driver uas
[    8.678284] usbcore: registered new interface driver usb-storage
[    8.679013] i8042: PNP: PS/2 Controller [PNP0303:KBD,PNP0f13:MOU] at 0x60,0x64 irq 1,12
[    8.680726] serio: i8042 KBD port at 0x60,0x64 irq 1
[    8.681251] serio: i8042 AUX port at 0x60,0x64 irq 12
[    8.682748] mousedev: PS/2 mouse device common for all mice
[    8.684399] input: AT Translated Set 2 keyboard as /devices/platform/i8042/serio0/input/input1
[    8.684693] rtc_cmos 00:05: RTC can wake from S4
[    8.686769] input: VirtualPS/2 VMware VMMouse as /devices/platform/i8042/serio1/input/input4
[    8.687206] rtc_cmos 00:05: registered as rtc0
[    8.688160] rtc_cmos 00:05: setting system clock to 2022-12-27T17:12:40 UTC (1672161160)
[    8.689176] rtc_cmos 00:05: alarms up to one day, y3k, 242 bytes nvram, hpet irqs
[    8.689187] input: VirtualPS/2 VMware VMMouse as /devices/platform/i8042/serio1/input/input3
[    8.689898] i2c_dev: i2c /dev entries driver
[    8.691148] device-mapper: core: CONFIG_IMA_DISABLE_HTABLE is disabled. Duplicate IMA measurements will not be recorded in the IMA log.
[    8.692420] device-mapper: uevent: version 1.0.3
[    8.693245] device-mapper: ioctl: 4.47.0-ioctl (2022-07-28) initialised: dm-devel@redhat.com
[    8.694020] intel_pstate: CPU model not supported
[    8.694577] sdhci: Secure Digital Host Controller Interface driver
[    8.695144] sdhci: Copyright(c) Pierre Ossman
[    8.695639] sdhci-pltfm: SDHCI platform and OF driver helper
[    8.696244] ledtrig-cpu: registered to indicate activity on CPUs
[    8.697209] drop_monitor: Initializing network drop monitor service
[    8.698682] NET: Registered PF_INET6 protocol family
[    8.702210] Segment Routing with IPv6
[    8.702633] In-situ OAM (IOAM) with IPv6
[    8.703050] NET: Registered PF_PACKET protocol family
[    8.703906] 9pnet: Installing 9P2000 support
[    8.704439] Key type dns_resolver registered
[    8.705923] IPI shorthand broadcast: enabled
[    8.706431] sched_clock: Marking stable (8690774206, 14892626)->(8729768463, -24101631)
[    8.707973] registered taskstats version 1
[    8.708702] Loading compiled-in X.509 certificates
[    8.709540] zswap: loaded using pool lzo/zbud
[    8.710993] Key type ._fscrypt registered
[    8.711383] Key type .fscrypt registered
[    8.711758] Key type fscrypt-provisioning registered
[    8.713661] Key type encrypted registered
[    8.714105] ima: No TPM chip found, activating TPM-bypass!
[    8.714652] ima: Allocated hash algorithm: sha1
[    8.715146] ima: No architecture policies found
[    8.715700] evm: Initialising EVM extended attributes:
[    8.716223] evm: security.selinux
[    8.716541] evm: security.SMACK64
[    8.716860] evm: security.SMACK64EXEC
[    8.717221] evm: security.SMACK64TRANSMUTE
[    8.717652] evm: security.SMACK64MMAP
[    8.718004] evm: security.apparmor
[    8.718339] evm: security.ima
[    8.718618] evm: security.capability
[    8.718952] evm: HMAC attrs: 0x1
[    8.726110] PM:   Magic number: 2:40:240
[    8.727049] RAS: Correctable Errors collector initialized.
[    8.729149] md: Waiting for all devices to be available before autodetect
[    8.729591] md: If you don't use raid, use raid=noautodetect
[    8.729963] md: Autodetecting RAID arrays.
[    8.730250] md: autorun ...
[    8.730449] md: ... autorun DONE.
[    8.734771] EXT4-fs (sda): INFO: recovery required on readonly filesystem
[    8.735235] EXT4-fs (sda): write access will be enabled during recovery
[    8.889568] EXT4-fs (sda): recovery complete
[    8.895208] EXT4-fs (sda): mounted filesystem with ordered data mode. Quota mode: none.
[    8.895784] VFS: Mounted root (ext4 filesystem) readonly on device 8:0.
[    8.896993] devtmpfs: mounted
[    8.907998] Freeing unused decrypted memory: 2036K
[    8.909717] Freeing unused kernel image (initmem) memory: 3644K
[    8.910132] Write protecting the kernel read-only data: 43008k
[    8.913865] Freeing unused kernel image (text/rodata gap) memory: 2028K
[    8.914716] Freeing unused kernel image (rodata/data gap) memory: 136K
[    9.014441] x86/mm: Checked W+X mappings: passed, no W+X pages found.
[    9.014855] Run /sbin/init as init process
[    9.105726] systemd[1]: RTC configured in localtime, applying delta of 0 minutes to system time.
[    9.133696] systemd[1]: systemd 239 (239-49.el8) running in system mode. (+PAM +AUDIT +SELINUX +IMA -APPARMOR +SMACK +SYSVINIT +UTMP +LIBCRYPTSETUP +GCRYPT +GNUTLS +ACL +XZ +LZ4 +SECCOMP +BLKID +ELFUTILS +KMOD +IDN2 -IDN +PCRE2 default-hierarchy=legacy)
[    9.135181] systemd[1]: Detected virtualization kvm.
[    9.135486] systemd[1]: Detected architecture x86-64.

Welcome to [0;31mCentOS Stream 8[0m!

[    9.155517] systemd[1]: Set hostname to <test>.
[   10.976321] random: crng init done
[   11.080801] systemd[1]: Listening on Journal Socket (/dev/log).
[[0;32m  OK  [0m] Listening on Journal Socket (/dev/log).
[   11.082543] systemd[1]: Set up automount Arbitrary Executable File Formats File System Automount Point.
[[0;32m  OK  [0m] Set up automount Arbitrary Executabâ€¦rmats File System Automount Point.
[   11.086990] systemd[1]: Created slice system-sshd\x2dkeygen.slice.
[[0;32m  OK  [0m] Created slice system-sshd\x2dkeygen.slice.
[   11.088265] systemd[1]: Listening on udev Control Socket.
[[0;32m  OK  [0m] Listening on udev Control Socket.
[   11.089306] systemd[1]: Started Forward Password Requests to Wall Directory Watch.
[[0;32m  OK  [0m] Started Forward Password Requests to Wall Directory Watch.
[   11.091299] systemd[1]: Created slice User and Session Slice.
[[0;32m  OK  [0m] Created slice User and Session Slice.
[[0;32m  OK  [0m] Reached target Slices.
[[0;32m  OK  [0m] Listening on Device-mapper event daemon FIFOs.
[[0;32m  OK  [0m] Reached target Swap.
[[0;32m  OK  [0m] Listening on Journal Socket.
         Starting Monitoring of LVM2 mirrorsâ€¦ng dmeventd or progress polling...
         Starting Load Kernel Modules...
         Mounting Huge Pages File System...
[[0;32m  OK  [0m] Listening on udev Kernel Socket.
         Starting udev Coldplug all Devices...
[[0;32m  OK  [0m] Created slice system-serial\x2dgetty.slice.
         Starting Journal Service...
         Mounting POSIX Message Queue File System...
[[0;32m  OK  [0m] Created slice system-getty.slice.
         Starting Remount Root and Kernel File Systems...
[[0;32m  OK  [0m] Listening on LVM2 poll daemon socket.
         Starting Setup Virtual Console...
[[0;32m  OK  [0m] Listening on Process Core Dump Socket.
[[0;32m  OK  [0m] Listening on initctl Compatibility Named Pipe.
[[0;32m  OK  [0m] Listening on RPCbind Server Activation Socket.
[[0;32m  OK  [0m] Reached target RPC Port Mapper.
[[0;32m  OK  [0m] Listening on multipathd control socket.
         Mounting Kernel Debug File System...
[[0;1;31mFAILED[0m] Failed to start Load Kernel Modules.
See 'systemctl status systemd-modules-load.service' for details.
[[0;32m  OK  [0m] Mounted Huge Pages File System.
[[0;32m  OK  [0m] Mounted POSIX Message Queue File System.
[[0;32m  OK  [0m] Mounted Kernel Debug File System.
         Starting Apply Kernel Variables...
         Mounting Kernel Configuration File System...
         Mounting FUSE Control File System...
[[0;32m  OK  [0m] Started Journal Service.
[   11.501203] EXT4-fs (sda): re-mounted. Quota mode: none.
[[0;32m  OK  [0m] Started Apply Kernel Variables.
[[0;32m  OK  [0m] Started Remount Root and Kernel File Systems.
[[0;32m  OK  [0m] Mounted Kernel Configuration File System.
[[0;32m  OK  [0m] Mounted FUSE Control File System.
         Starting Create Static Device Nodes in /dev...
         Starting Flush Journal to Persistent Storage...
         Starting Load/Save Random Seed...
[[0;32m  OK  [0m] Started Setup Virtual Console.
[[0;32m  OK  [0m] Started Create Static Device Nodes in /dev.
         Starting udev Kernel Device Manager...
[[0;32m  OK  [0m] Started udev Coldplug all Devices.
[[0;32m  OK  [0m] Started Load/Save Random Seed.
         Starting udev Wait for Complete Device Initialization...
[[0;32m  OK  [0m] Started Flush Journal to Persistent Storage.
[[0;32m  OK  [0m] Started udev Kernel Device Manager.
         Starting Show Plymouth Boot Screen...
[[0;32m  OK  [0m] Started Show Plymouth Boot Screen.
[[0;32m  OK  [0m] Reached target Local Encrypted Volumes.
[[0;32m  OK  [0m] Reached target Paths.
[[0;32m  OK  [0m] Started Forward Password Requests to Plymouth Directory Watch.
[[0;32m  OK  [0m] Found device /dev/ttyS0.
[[0;32m  OK  [0m] Started Monitoring of LVM2 mirrors,â€¦sing dmeventd or progress polling.
[[0;32m  OK  [0m] Started udev Wait for Complete Device Initialization.
[[0;32m  OK  [0m] Reached target Local File Systems (Pre).
[[0;32m  OK  [0m] Reached target Local File Systems.
         Starting Restore /run/initramfs on shutdown...
         Starting Tell Plymouth To Write Out Runtime Data...
         Starting Create Volatile Files and Directories...
[[0;32m  OK  [0m] Listening on Load/Save RF Kill Switch Status /dev/rfkill Watch.
[[0;32m  OK  [0m] Started Restore /run/initramfs on shutdown.
[[0;32m  OK  [0m] Started Tell Plymouth To Write Out Runtime Data.
[[0;32m  OK  [0m] Started Create Volatile Files and Directories.
         Mounting RPC Pipe File System...
         Starting RPC Bind...
         Starting Security Auditing Service...
[[0;32m  OK  [0m] Mounted RPC Pipe File System.
[[0;32m  OK  [0m] Reached target rpc_pipefs.target.
[[0;32m  OK  [0m] Started RPC Bind.
[[0;32m  OK  [0m] Started Security Auditing Service.
         Starting Update UTMP about System Boot/Shutdown...
[[0;32m  OK  [0m] Started Update UTMP about System Boot/Shutdown.
[[0;32m  OK  [0m] Reached target System Initialization.
[[0;32m  OK  [0m] Started dnf makecache --timer.
[[0;32m  OK  [0m] Listening on D-Bus System Message Bus Socket.
[[0;32m  OK  [0m] Started daily update of the root trust anchor for DNSSEC.
[[0;32m  OK  [0m] Listening on SSSD Kerberos Cache Manager responder socket.
[[0;32m  OK  [0m] Reached target Sockets.
[[0;32m  OK  [0m] Started Daily Cleanup of Temporary Directories.
[[0;32m  OK  [0m] Reached target Timers.
[[0;32m  OK  [0m] Reached target Basic System.
         Starting Login Service...
[[0;32m  OK  [0m] Started irqbalance daemon.
         Starting Self Monitoring and Reporting Technology (SMART) Daemon...
[[0;32m  OK  [0m] Started D-Bus System Message Bus.
         Starting Authorization Manager...
[[0;32m  OK  [0m] Reached target sshd-keygen.target.
         Starting Auto-connect to subsystemsâ€¦-NVME devices found during boot...
         Starting Network Manager...
         Starting NTP client/server...
[[0;32m  OK  [0m] Started Machine Check Exception Logging Daemon.
[[0;32m  OK  [0m] Started Self Monitoring and Reporting Technology (SMART) Daemon.
[[0;32m  OK  [0m] Started Auto-connect to subsystems â€¦FC-NVME devices found during boot.
         Starting update of the root trust aâ€¦or DNSSEC validation in unbound...
[[0;32m  OK  [0m] Started Login Service.
[[0;32m  OK  [0m] Started Network Manager.
[[0;32m  OK  [0m] Reached target Network.
         Starting Dynamic System Tuning Daemon...
         Starting OpenSSH server daemon...
         Starting GSSAPI Proxy Daemon...
         Starting Network Manager Wait Online...
[[0;32m  OK  [0m] Started OpenSSH server daemon.
[[0;32m  OK  [0m] Started update of the root trust anâ€¦ for DNSSEC validation in unbound.
[[0;32m  OK  [0m] Started NTP client/server.
[[0;32m  OK  [0m] Started Authorization Manager.
         Starting Hostname Service...
[[0;32m  OK  [0m] Started GSSAPI Proxy Daemon.
[[0;32m  OK  [0m] Reached target NFS client services.
[[0;32m  OK  [0m] Reached target Remote File Systems (Pre).
[[0;32m  OK  [0m] Reached target Remote File Systems.
         Starting Permit User Sessions...
[[0;32m  OK  [0m] Started Permit User Sessions.
[[0;32m  OK  [0m] Started Command Scheduler.
         Starting Terminate Plymouth Boot Screen...
         Starting Hold until boot process finishes up...
[   16.644394] e1000: eth0 NIC Link is Up 1000 Mbps Full Duplex, Flow Control: RX
[   16.645368] IPv6: ADDRCONF(NETDEV_CHANGE): eth0: link becomes ready
[   16.921033] Spectre V2 : WARNING: Unprivileged eBPF is enabled with eIBRS on, data leaks possible via Spectre v2 BHB attacks!
[   16.921880] Spectre V2 : WARNING: Unprivileged eBPF is enabled with eIBRS on, data leaks possible via Spectre v2 BHB attacks!

CentOS Stream 8
Kernel 5.19.0-526942b8134c+ on an x86_64

test login: [   30.318893] sg_write: data in/out 3278044/1 bytes for SCSI command 0x3c-- guessing data in;
[   30.318893]    program repro not setting count and/or reply_len properly
[   30.331116] sg_write: data in/out 3278044/1 bytes for SCSI command 0x3c-- guessing data in;
[   30.331116]    program repro not setting count and/or reply_len properly
[   30.338136] sg_write: data in/out 3278044/1 bytes for SCSI command 0x3c-- guessing data in;
[   30.338136]    program repro not setting count and/or reply_len properly
[   30.344946] sg_write: data in/out 3278044/1 bytes for SCSI command 0x3c-- guessing data in;
[   30.344946]    program repro not setting count and/or reply_len properly
[   30.351947] sg_write: data in/out 3278044/1 bytes for SCSI command 0x3c-- guessing data in;
[   30.351947]    program repro not setting count and/or reply_len properly
[   30.358802] sg_write: data in/out 3278044/1 bytes for SCSI command 0x3c-- guessing data in;
[   30.358802]    program repro not setting count and/or reply_len properly
[   30.365789] sg_write: data in/out 3278044/1 bytes for SCSI command 0x3c-- guessing data in;
[   30.365789]    program repro not setting count and/or reply_len properly
[   30.372912] sg_write: data in/out 3278044/1 bytes for SCSI command 0x3c-- guessing data in;
[   30.372912]    program repro not setting count and/or reply_len properly
[   30.379863] sg_write: data in/out 3278044/1 bytes for SCSI command 0x3c-- guessing data in;
[   30.379863]    program repro not setting count and/or reply_len properly
[   30.386923] sg_write: data in/out 3278044/1 bytes for SCSI command 0x3c-- guessing data in;
[   30.386923]    program repro not setting count and/or reply_len properly
[   35.322952] sg_write: 688 callbacks suppressed
[   35.322966] sg_write: data in/out 3278044/1 bytes for SCSI command 0x3c-- guessing data in;
[   35.322966]    program repro not setting count and/or reply_len properly
[   35.331049] sg_write: data in/out 3278044/1 bytes for SCSI command 0x3c-- guessing data in;
[   35.331049]    program repro not setting count and/or reply_len properly
[   35.338752] sg_write: data in/out 3278044/1 bytes for SCSI command 0x3c-- guessing data in;
[   35.338752]    program repro not setting count and/or reply_len properly
[   35.346646] sg_write: data in/out 3278044/1 bytes for SCSI command 0x3c-- guessing data in;
[   35.346646]    program repro not setting count and/or reply_len properly
[   35.354466] sg_write: data in/out 3278044/1 bytes for SCSI command 0x3c-- guessing data in;
[   35.354466]    program repro not setting count and/or reply_len properly
[   35.362066] sg_write: data in/out 3278044/1 bytes for SCSI command 0x3c-- guessing data in;
[   35.362066]    program repro not setting count and/or reply_len properly
[   35.369676] sg_write: data in/out 3278044/1 bytes for SCSI command 0x3c-- guessing data in;
[   35.369676]    program repro not setting count and/or reply_len properly
[   35.377147] sg_write: data in/out 3278044/1 bytes for SCSI command 0x3c-- guessing data in;
[   35.377147]    program repro not setting count and/or reply_len properly
[   35.384870] sg_write: data in/out 3278044/1 bytes for SCSI command 0x3c-- guessing data in;
[   35.384870]    program repro not setting count and/or reply_len properly
[   35.392769] sg_write: data in/out 3278044/1 bytes for SCSI command 0x3c-- guessing data in;
[   35.392769]    program repro not setting count and/or reply_len properly
[   40.326199] sg_write: 690 callbacks suppressed
[   40.326211] sg_write: data in/out 3278044/1 bytes for SCSI command 0x3c-- guessing data in;
[   40.326211]    program repro not setting count and/or reply_len properly
[   40.334228] sg_write: data in/out 3278044/1 bytes for SCSI command 0x3c-- guessing data in;
[   40.334228]    program repro not setting count and/or reply_len properly
[   40.341970] sg_write: data in/out 3278044/1 bytes for SCSI command 0x3c-- guessing data in;
[   40.341970]    program repro not setting count and/or reply_len properly
[   40.349753] sg_write: data in/out 3278044/1 bytes for SCSI command 0x3c-- guessing data in;
[   40.349753]    program repro not setting count and/or reply_len properly
[   40.357762] sg_write: data in/out 3278044/1 bytes for SCSI command 0x3c-- guessing data in;
[   40.357762]    program repro not setting count and/or reply_len properly
[   40.366407] sg_write: data in/out 3278044/1 bytes for SCSI command 0x3c-- guessing data in;
[   40.366407]    program repro not setting count and/or reply_len properly
[   40.374615] sg_write: data in/out 3278044/1 bytes for SCSI command 0x3c-- guessing data in;
[   40.374615]    program repro not setting count and/or reply_len properly
[   40.382776] sg_write: data in/out 3278044/1 bytes for SCSI command 0x3c-- guessing data in;
[   40.382776]    program repro not setting count and/or reply_len properly
[   40.390994] sg_write: data in/out 3278044/1 bytes for SCSI command 0x3c-- guessing data in;
[   40.390994]    program repro not setting count and/or reply_len properly
[   40.399133] sg_write: data in/out 3278044/1 bytes for SCSI command 0x3c-- guessing data in;
[   40.399133]    program repro not setting count and/or reply_len properly
[   45.332794] sg_write: 745 callbacks suppressed
[   45.332805] sg_write: data in/out 3278044/1 bytes for SCSI command 0x3c-- guessing data in;
[   45.332805]    program repro not setting count and/or reply_len properly
[   45.340159] sg_write: data in/out 3278044/1 bytes for SCSI command 0x3c-- guessing data in;
[   45.340159]    program repro not setting count and/or reply_len properly
[   45.347103] sg_write: data in/out 3278044/1 bytes for SCSI command 0x3c-- guessing data in;
[   45.347103]    program repro not setting count and/or reply_len properly
[   45.354191] sg_write: data in/out 3278044/1 bytes for SCSI command 0x3c-- guessing data in;
[   45.354191]    program repro not setting count and/or reply_len properly
[   45.361322] sg_write: data in/out 3278044/1 bytes for SCSI command 0x3c-- guessing data in;
[   45.361322]    program repro not setting count and/or reply_len properly
[   45.368415] sg_write: data in/out 3278044/1 bytes for SCSI command 0x3c-- guessing data in;
[   45.368415]    program repro not setting count and/or reply_len properly
[   45.375615] sg_write: data in/out 3278044/1 bytes for SCSI command 0x3c-- guessing data in;
[   45.375615]    program repro not setting count and/or reply_len properly
[   45.382867] sg_write: data in/out 3278044/1 bytes for SCSI command 0x3c-- guessing data in;
[   45.382867]    program repro not setting count and/or reply_len properly
[   45.390024] sg_write: data in/out 3278044/1 bytes for SCSI command 0x3c-- guessing data in;
[   45.390024]    program repro not setting count and/or reply_len properly
[   45.397102] sg_write: data in/out 3278044/1 bytes for SCSI command 0x3c-- guessing data in;
[   45.397102]    program repro not setting count and/or reply_len properly
[   50.341391] sg_write: 723 callbacks suppressed
[   50.341410] sg_write: data in/out 3278044/1 bytes for SCSI command 0x3c-- guessing data in;
[   50.341410]    program repro not setting count and/or reply_len properly
[   50.349249] sg_write: data in/out 3278044/1 bytes for SCSI command 0x3c-- guessing data in;
[   50.349249]    program repro not setting count and/or reply_len properly
[   50.357039] sg_write: data in/out 3278044/1 bytes for SCSI command 0x3c-- guessing data in;
[   50.357039]    program repro not setting count and/or reply_len properly
[   50.364365] sg_write: data in/out 3278044/1 bytes for SCSI command 0x3c-- guessing data in;
[   50.364365]    program repro not setting count and/or reply_len properly
[   50.371699] sg_write: data in/out 3278044/1 bytes for SCSI command 0x3c-- guessing data in;
[   50.371699]    program repro not setting count and/or reply_len properly
[   50.379313] sg_write: data in/out 3278044/1 bytes for SCSI command 0x3c-- guessing data in;
[   50.379313]    program repro not setting count and/or reply_len properly
[   50.387149] sg_write: data in/out 3278044/1 bytes for SCSI command 0x3c-- guessing data in;
[   50.387149]    program repro not setting count and/or reply_len properly
[   50.394596] sg_write: data in/out 3278044/1 bytes for SCSI command 0x3c-- guessing data in;
[   50.394596]    program repro not setting count and/or reply_len properly
[   50.402406] sg_write: data in/out 3278044/1 bytes for SCSI command 0x3c-- guessing data in;
[   50.402406]    program repro not setting count and/or reply_len properly
[   50.410067] sg_write: data in/out 3278044/1 bytes for SCSI command 0x3c-- guessing data in;
[   50.410067]    program repro not setting count and/or reply_len properly
[   55.349324] sg_write: 704 callbacks suppressed
[   55.349336] sg_write: data in/out 3278044/1 bytes for SCSI command 0x3c-- guessing data in;
[   55.349336]    program repro not setting count and/or reply_len properly
[   55.357808] sg_write: data in/out 3278044/1 bytes for SCSI command 0x3c-- guessing data in;
[   55.357808]    program repro not setting count and/or reply_len properly
[   55.365993] sg_write: data in/out 3278044/1 bytes for SCSI command 0x3c-- guessing data in;
[   55.365993]    program repro not setting count and/or reply_len properly
[   55.374195] sg_write: data in/out 3278044/1 bytes for SCSI command 0x3c-- guessing data in;
[   55.374195]    program repro not setting count and/or reply_len properly
[   55.382423] sg_write: data in/out 3278044/1 bytes for SCSI command 0x3c-- guessing data in;
[   55.382423]    program repro not setting count and/or reply_len properly
[   55.390542] sg_write: data in/out 3278044/1 bytes for SCSI command 0x3c-- guessing data in;
[   55.390542]    program repro not setting count and/or reply_len properly
[   55.398668] sg_write: data in/out 3278044/1 bytes for SCSI command 0x3c-- guessing data in;
[   55.398668]    program repro not setting count and/or reply_len properly
[   55.406780] sg_write: data in/out 3278044/1 bytes for SCSI command 0x3c-- guessing data in;
[   55.406780]    program repro not setting count and/or reply_len properly
[   55.414896] sg_write: data in/out 3278044/1 bytes for SCSI command 0x3c-- guessing data in;
[   55.414896]    program repro not setting count and/or reply_len properly
[   55.423047] sg_write: data in/out 3278044/1 bytes for SCSI command 0x3c-- guessing data in;
[   55.423047]    program repro not setting count and/or reply_len properly
[   60.357789] sg_write: 704 callbacks suppressed
[   60.357802] sg_write: data in/out 3278044/1 bytes for SCSI command 0x3c-- guessing data in;
[   60.357802]    program repro not setting count and/or reply_len properly
[   60.366513] sg_write: data in/out 3278044/1 bytes for SCSI command 0x3c-- guessing data in;
[   60.366513]    program repro not setting count and/or reply_len properly
[   60.374695] sg_write: data in/out 3278044/1 bytes for SCSI command 0x3c-- guessing data in;
[   60.374695]    program repro not setting count and/or reply_len properly
[   60.382980] sg_write: data in/out 3278044/1 bytes for SCSI command 0x3c-- guessing data in;
[   60.382980]    program repro not setting count and/or reply_len properly
[   60.391118] sg_write: data in/out 3278044/1 bytes for SCSI command 0x3c-- guessing data in;
[   60.391118]    program repro not setting count and/or reply_len properly
[   60.399249] sg_write: data in/out 3278044/1 bytes for SCSI command 0x3c-- guessing data in;
[   60.399249]    program repro not setting count and/or reply_len properly
[   60.407418] sg_write: data in/out 3278044/1 bytes for SCSI command 0x3c-- guessing data in;
[   60.407418]    program repro not setting count and/or reply_len properly
[   60.415901] sg_write: data in/out 3278044/1 bytes for SCSI command 0x3c-- guessing data in;
[   60.415901]    program repro not setting count and/or reply_len properly
[   60.424069] sg_write: data in/out 3278044/1 bytes for SCSI command 0x3c-- guessing data in;
[   60.424069]    program repro not setting count and/or reply_len properly
[   60.432150] sg_write: data in/out 3278044/1 bytes for SCSI command 0x3c-- guessing data in;
[   60.432150]    program repro not setting count and/or reply_len properly
[   65.363845] sg_write: 716 callbacks suppressed
[   65.363857] sg_write: data in/out 3278044/1 bytes for SCSI command 0x3c-- guessing data in;
[   65.363857]    program repro not setting count and/or reply_len properly
[   65.372545] sg_write: data in/out 3278044/1 bytes for SCSI command 0x3c-- guessing data in;
[   65.372545]    program repro not setting count and/or reply_len properly
[   65.380709] sg_write: data in/out 3278044/1 bytes for SCSI command 0x3c-- guessing data in;
[   65.380709]    program repro not setting count and/or reply_len properly
[   65.389026] sg_write: data in/out 3278044/1 bytes for SCSI command 0x3c-- guessing data in;
[   65.389026]    program repro not setting count and/or reply_len properly
[   65.397065] sg_write: data in/out 3278044/1 bytes for SCSI command 0x3c-- guessing data in;
[   65.397065]    program repro not setting count and/or reply_len properly
[   65.405380] sg_write: data in/out 3278044/1 bytes for SCSI command 0x3c-- guessing data in;
[   65.405380]    program repro not setting count and/or reply_len properly
[   65.413475] sg_write: data in/out 3278044/1 bytes for SCSI command 0x3c-- guessing data in;
[   65.413475]    program repro not setting count and/or reply_len properly
[   65.421814] sg_write: data in/out 3278044/1 bytes for SCSI command 0x3c-- guessing data in;
[   65.421814]    program repro not setting count and/or reply_len properly
[   65.429901] sg_write: data in/out 3278044/1 bytes for SCSI command 0x3c-- guessing data in;
[   65.429901]    program repro not setting count and/or reply_len properly
[   65.438171] sg_write: data in/out 3278044/1 bytes for SCSI command 0x3c-- guessing data in;
[   65.438171]    program repro not setting count and/or reply_len properly
[   70.365780] sg_write: 746 callbacks suppressed
[   70.365793] sg_write: data in/out 3278044/1 bytes for SCSI command 0x3c-- guessing data in;
[   70.365793]    program repro not setting count and/or reply_len properly
[   70.374228] sg_write: data in/out 3278044/1 bytes for SCSI command 0x3c-- guessing data in;
[   70.374228]    program repro not setting count and/or reply_len properly
[   70.382015] sg_write: data in/out 3278044/1 bytes for SCSI command 0x3c-- guessing data in;
[   70.382015]    program repro not setting count and/or reply_len properly
[   70.389599] sg_write: data in/out 3278044/1 bytes for SCSI command 0x3c-- guessing data in;
[   70.389599]    program repro not setting count and/or reply_len properly
[   70.397000] sg_write: data in/out 3278044/1 bytes for SCSI command 0x3c-- guessing data in;
[   70.397000]    program repro not setting count and/or reply_len properly
[   70.404300] sg_write: data in/out 3278044/1 bytes for SCSI command 0x3c-- guessing data in;
[   70.404300]    program repro not setting count and/or reply_len properly
[   70.411599] sg_write: data in/out 3278044/1 bytes for SCSI command 0x3c-- guessing data in;
[   70.411599]    program repro not setting count and/or reply_len properly
[   70.418955] sg_write: data in/out 3278044/1 bytes for SCSI command 0x3c-- guessing data in;
[   70.418955]    program repro not setting count and/or reply_len properly
[   70.426335] sg_write: data in/out 3278044/1 bytes for SCSI command 0x3c-- guessing data in;
[   70.426335]    program repro not setting count and/or reply_len properly
[   70.433525] sg_write: data in/out 3278044/1 bytes for SCSI command 0x3c-- guessing data in;
[   70.433525]    program repro not setting count and/or reply_len properly
[   75.368517] sg_write: 786 callbacks suppressed
[   75.368529] sg_write: data in/out 3278044/1 bytes for SCSI command 0x3c-- guessing data in;
[   75.368529]    program repro not setting count and/or reply_len properly
[   75.375688] sg_write: data in/out 3278044/1 bytes for SCSI command 0x3c-- guessing data in;
[   75.375688]    program repro not setting count and/or reply_len properly
[   75.382453] sg_write: data in/out 3278044/1 bytes for SCSI command 0x3c-- guessing data in;
[   75.382453]    program repro not setting count and/or reply_len properly
[   75.389284] sg_write: data in/out 3278044/1 bytes for SCSI command 0x3c-- guessing data in;
[   75.389284]    program repro not setting count and/or reply_len properly
[   75.396064] sg_write: data in/out 3278044/1 bytes for SCSI command 0x3c-- guessing data in;
[   75.396064]    program repro not setting count and/or reply_len properly
[   75.403016] sg_write: data in/out 3278044/1 bytes for SCSI command 0x3c-- guessing data in;
[   75.403016]    program repro not setting count and/or reply_len properly
[   75.410110] sg_write: data in/out 3278044/1 bytes for SCSI command 0x3c-- guessing data in;
[   75.410110]    program repro not setting count and/or reply_len properly
[   75.417124] sg_write: data in/out 3278044/1 bytes for SCSI command 0x3c-- guessing data in;
[   75.417124]    program repro not setting count and/or reply_len properly
[   75.424108] sg_write: data in/out 3278044/1 bytes for SCSI command 0x3c-- guessing data in;
[   75.424108]    program repro not setting count and/or reply_len properly
[   75.430977] sg_write: data in/out 3278044/1 bytes for SCSI command 0x3c-- guessing data in;
[   75.430977]    program repro not setting count and/or reply_len properly
[   80.377008] sg_write: 795 callbacks suppressed
[   80.377020] sg_write: data in/out 3278044/1 bytes for SCSI command 0x3c-- guessing data in;
[   80.377020]    program repro not setting count and/or reply_len properly
[   80.385077] sg_write: data in/out 3278044/1 bytes for SCSI command 0x3c-- guessing data in;
[   80.385077]    program repro not setting count and/or reply_len properly
[   80.393104] sg_write: data in/out 3278044/1 bytes for SCSI command 0x3c-- guessing data in;
[   80.393104]    program repro not setting count and/or reply_len properly
[   80.400823] sg_write: data in/out 3278044/1 bytes for SCSI command 0x3c-- guessing data in;
[   80.400823]    program repro not setting count and/or reply_len properly
[   80.408706] sg_write: data in/out 3278044/1 bytes for SCSI command 0x3c-- guessing data in;
[   80.408706]    program repro not setting count and/or reply_len properly
[   80.416353] sg_write: data in/out 3278044/1 bytes for SCSI command 0x3c-- guessing data in;
[   80.416353]    program repro not setting count and/or reply_len properly
[   80.424097] sg_write: data in/out 3278044/1 bytes for SCSI command 0x3c-- guessing data in;
[   80.424097]    program repro not setting count and/or reply_len properly
[   80.431840] sg_write: data in/out 3278044/1 bytes for SCSI command 0x3c-- guessing data in;
[   80.431840]    program repro not setting count and/or reply_len properly
[   80.439553] sg_write: data in/out 3278044/1 bytes for SCSI command 0x3c-- guessing data in;
[   80.439553]    program repro not setting count and/or reply_len properly
[   80.447269] sg_write: data in/out 3278044/1 bytes for SCSI command 0x3c-- guessing data in;
[   80.447269]    program repro not setting count and/or reply_len properly
[   85.386023] sg_write: 762 callbacks suppressed
[   85.386041] sg_write: data in/out 3278044/1 bytes for SCSI command 0x3c-- guessing data in;
[   85.386041]    program repro not setting count and/or reply_len properly
[   85.399228] sg_write: data in/out 3278044/1 bytes for SCSI command 0x3c-- guessing data in;
[   85.399228]    program repro not setting count and/or reply_len properly
[   85.411837] sg_write: data in/out 3278044/1 bytes for SCSI command 0x3c-- guessing data in;
[   85.411837]    program repro not setting count and/or reply_len properly
[   85.421398] sg_write: data in/out 3278044/1 bytes for SCSI command 0x3c-- guessing data in;
[   85.421398]    program repro not setting count and/or reply_len properly
[   85.431259] sg_write: data in/out 3278044/1 bytes for SCSI command 0x3c-- guessing data in;
[   85.431259]    program repro not setting count and/or reply_len properly
[   85.439620] sg_write: data in/out 3278044/1 bytes for SCSI command 0x3c-- guessing data in;
[   85.439620]    program repro not setting count and/or reply_len properly
[   85.448472] sg_write: data in/out 3278044/1 bytes for SCSI command 0x3c-- guessing data in;
[   85.448472]    program repro not setting count and/or reply_len properly
[   85.458681] sg_write: data in/out 3278044/1 bytes for SCSI command 0x3c-- guessing data in;
[   85.458681]    program repro not setting count and/or reply_len properly
[   85.468487] sg_write: data in/out 3278044/1 bytes for SCSI command 0x3c-- guessing data in;
[   85.468487]    program repro not setting count and/or reply_len properly
[   85.478144] sg_write: data in/out 3278044/1 bytes for SCSI command 0x3c-- guessing data in;
[   85.478144]    program repro not setting count and/or reply_len properly
[   90.392804] sg_write: 722 callbacks suppressed
[   90.392818] sg_write: data in/out 3278044/1 bytes for SCSI command 0x3c-- guessing data in;
[   90.392818]    program repro not setting count and/or reply_len properly
[   90.401639] sg_write: data in/out 3278044/1 bytes for SCSI command 0x3c-- guessing data in;
[   90.401639]    program repro not setting count and/or reply_len properly
[   90.410552] sg_write: data in/out 3278044/1 bytes for SCSI command 0x3c-- guessing data in;
[   90.410552]    program repro not setting count and/or reply_len properly
[   90.419809] sg_write: data in/out 3278044/1 bytes for SCSI command 0x3c-- guessing data in;
[   90.419809]    program repro not setting count and/or reply_len properly
[   90.430885] sg_write: data in/out 3278044/1 bytes for SCSI command 0x3c-- guessing data in;
[   90.430885]    program repro not setting count and/or reply_len properly
[   90.441609] sg_write: data in/out 3278044/1 bytes for SCSI command 0x3c-- guessing data in;
[   90.441609]    program repro not setting count and/or reply_len properly
[   90.453051] sg_write: data in/out 3278044/1 bytes for SCSI command 0x3c-- guessing data in;
[   90.453051]    program repro not setting count and/or reply_len properly
[   90.464705] sg_write: data in/out 3278044/1 bytes for SCSI command 0x3c-- guessing data in;
[   90.464705]    program repro not setting count and/or reply_len properly
[   90.475841] sg_write: data in/out 3278044/1 bytes for SCSI command 0x3c-- guessing data in;
[   90.475841]    program repro not setting count and/or reply_len properly
[   90.487275] sg_write: data in/out 3278044/1 bytes for SCSI command 0x3c-- guessing data in;
[   90.487275]    program repro not setting count and/or reply_len properly
[   95.397625] sg_write: 642 callbacks suppressed
[   95.397637] sg_write: data in/out 3278044/1 bytes for SCSI command 0x3c-- guessing data in;
[   95.397637]    program repro not setting count and/or reply_len properly
[   95.406229] sg_write: data in/out 3278044/1 bytes for SCSI command 0x3c-- guessing data in;
[   95.406229]    program repro not setting count and/or reply_len properly
[   95.414512] sg_write: data in/out 3278044/1 bytes for SCSI command 0x3c-- guessing data in;
[   95.414512]    program repro not setting count and/or reply_len properly
[   95.422714] sg_write: data in/out 3278044/1 bytes for SCSI command 0x3c-- guessing data in;
[   95.422714]    program repro not setting count and/or reply_len properly
[   95.430845] sg_write: data in/out 3278044/1 bytes for SCSI command 0x3c-- guessing data in;
[   95.430845]    program repro not setting count and/or reply_len properly
[   95.438977] sg_write: data in/out 3278044/1 bytes for SCSI command 0x3c-- guessing data in;
[   95.438977]    program repro not setting count and/or reply_len properly
[   95.447684] sg_write: data in/out 3278044/1 bytes for SCSI command 0x3c-- guessing data in;
[   95.447684]    program repro not setting count and/or reply_len properly
[   95.455798] sg_write: data in/out 3278044/1 bytes for SCSI command 0x3c-- guessing data in;
[   95.455798]    program repro not setting count and/or reply_len properly
[   95.463690] sg_write: data in/out 3278044/1 bytes for SCSI command 0x3c-- guessing data in;
[   95.463690]    program repro not setting count and/or reply_len properly
[   95.471851] sg_write: data in/out 3278044/1 bytes for SCSI command 0x3c-- guessing data in;
[   95.471851]    program repro not setting count and/or reply_len properly
[  100.411294] sg_write: 721 callbacks suppressed
[  100.411313] sg_write: data in/out 3278044/1 bytes for SCSI command 0x3c-- guessing data in;
[  100.411313]    program repro not setting count and/or reply_len properly
[  100.425421] sg_write: data in/out 3278044/1 bytes for SCSI command 0x3c-- guessing data in;
[  100.425421]    program repro not setting count and/or reply_len properly
[  100.439473] sg_write: data in/out 3278044/1 bytes for SCSI command 0x3c-- guessing data in;
[  100.439473]    program repro not setting count and/or reply_len properly
[  100.453354] sg_write: data in/out 3278044/1 bytes for SCSI command 0x3c-- guessing data in;
[  100.453354]    program repro not setting count and/or reply_len properly
[  100.466801] sg_write: data in/out 3278044/1 bytes for SCSI command 0x3c-- guessing data in;
[  100.466801]    program repro not setting count and/or reply_len properly
[  100.480094] sg_write: data in/out 3278044/1 bytes for SCSI command 0x3c-- guessing data in;
[  100.480094]    program repro not setting count and/or reply_len properly
[  100.493825] sg_write: data in/out 3278044/1 bytes for SCSI command 0x3c-- guessing data in;
[  100.493825]    program repro not setting count and/or reply_len properly
[  100.505482] sg_write: data in/out 3278044/1 bytes for SCSI command 0x3c-- guessing data in;
[  100.505482]    program repro not setting count and/or reply_len properly
[  100.514265] sg_write: data in/out 3278044/1 bytes for SCSI command 0x3c-- guessing data in;
[  100.514265]    program repro not setting count and/or reply_len properly
[  100.523061] sg_write: data in/out 3278044/1 bytes for SCSI command 0x3c-- guessing data in;
[  100.523061]    program repro not setting count and/or reply_len properly
[  105.417632] sg_write: 697 callbacks suppressed
[  105.417646] sg_write: data in/out 3278044/1 bytes for SCSI command 0x3c-- guessing data in;
[  105.417646]    program repro not setting count and/or reply_len properly
[  105.428160] sg_write: data in/out 3278044/1 bytes for SCSI command 0x3c-- guessing data in;
[  105.428160]    program repro not setting count and/or reply_len properly
[  105.441413] sg_write: data in/out 3278044/1 bytes for SCSI command 0x3c-- guessing data in;
[  105.441413]    program repro not setting count and/or reply_len properly
[  105.454550] sg_write: data in/out 3278044/1 bytes for SCSI command 0x3c-- guessing data in;
[  105.454550]    program repro not setting count and/or reply_len properly
[  105.466919] sg_write: data in/out 3278044/1 bytes for SCSI command 0x3c-- guessing data in;
[  105.466919]    program repro not setting count and/or reply_len properly
[  105.475373] sg_write: data in/out 3278044/1 bytes for SCSI command 0x3c-- guessing data in;
[  105.475373]    program repro not setting count and/or reply_len properly
[  105.483478] sg_write: data in/out 3278044/1 bytes for SCSI command 0x3c-- guessing data in;
[  105.483478]    program repro not setting count and/or reply_len properly
[  105.491773] sg_write: data in/out 3278044/1 bytes for SCSI command 0x3c-- guessing data in;
[  105.491773]    program repro not setting count and/or reply_len properly
[  105.500027] sg_write: data in/out 3278044/1 bytes for SCSI command 0x3c-- guessing data in;
[  105.500027]    program repro not setting count and/or reply_len properly
[  105.508291] sg_write: data in/out 3278044/1 bytes for SCSI command 0x3c-- guessing data in;
[  105.508291]    program repro not setting count and/or reply_len properly
[  110.424609] sg_write: 686 callbacks suppressed
[  110.424622] sg_write: data in/out 3278044/1 bytes for SCSI command 0x3c-- guessing data in;
[  110.424622]    program repro not setting count and/or reply_len properly
[  110.433136] sg_write: data in/out 3278044/1 bytes for SCSI command 0x3c-- guessing data in;
[  110.433136]    program repro not setting count and/or reply_len properly
[  110.440799] sg_write: data in/out 3278044/1 bytes for SCSI command 0x3c-- guessing data in;
[  110.440799]    program repro not setting count and/or reply_len properly
[  110.448732] sg_write: data in/out 3278044/1 bytes for SCSI command 0x3c-- guessing data in;
[  110.448732]    program repro not setting count and/or reply_len properly
[  110.456454] sg_write: data in/out 3278044/1 bytes for SCSI command 0x3c-- guessing data in;
[  110.456454]    program repro not setting count and/or reply_len properly
[  110.464849] sg_write: data in/out 3278044/1 bytes for SCSI command 0x3c-- guessing data in;
[  110.464849]    program repro not setting count and/or reply_len properly
[  110.472926] sg_write: data in/out 3278044/1 bytes for SCSI command 0x3c-- guessing data in;
[  110.472926]    program repro not setting count and/or reply_len properly
[  110.481022] sg_write: data in/out 3278044/1 bytes for SCSI command 0x3c-- guessing data in;
[  110.481022]    program repro not setting count and/or reply_len properly
[  110.488942] sg_write: data in/out 3278044/1 bytes for SCSI command 0x3c-- guessing data in;
[  110.488942]    program repro not setting count and/or reply_len properly
[  110.497045] sg_write: data in/out 3278044/1 bytes for SCSI command 0x3c-- guessing data in;
[  110.497045]    program repro not setting count and/or reply_len properly
[  115.435251] sg_write: 664 callbacks suppressed
[  115.435264] sg_write: data in/out 3278044/1 bytes for SCSI command 0x3c-- guessing data in;
[  115.435264]    program repro not setting count and/or reply_len properly
[  115.444170] sg_write: data in/out 3278044/1 bytes for SCSI command 0x3c-- guessing data in;
[  115.444170]    program repro not setting count and/or reply_len properly
[  115.452780] sg_write: data in/out 3278044/1 bytes for SCSI command 0x3c-- guessing data in;
[  115.452780]    program repro not setting count and/or reply_len properly
[  115.461302] sg_write: data in/out 3278044/1 bytes for SCSI command 0x3c-- guessing data in;
[  115.461302]    program repro not setting count and/or reply_len properly
[  115.469961] sg_write: data in/out 3278044/1 bytes for SCSI command 0x3c-- guessing data in;
[  115.469961]    program repro not setting count and/or reply_len properly
[  115.478412] sg_write: data in/out 3278044/1 bytes for SCSI command 0x3c-- guessing data in;
[  115.478412]    program repro not setting count and/or reply_len properly
[  115.487035] sg_write: data in/out 3278044/1 bytes for SCSI command 0x3c-- guessing data in;
[  115.487035]    program repro not setting count and/or reply_len properly
[  115.495480] sg_write: data in/out 3278044/1 bytes for SCSI command 0x3c-- guessing data in;
[  115.495480]    program repro not setting count and/or reply_len properly
[  115.503981] sg_write: data in/out 3278044/1 bytes for SCSI command 0x3c-- guessing data in;
[  115.503981]    program repro not setting count and/or reply_len properly
[  115.512566] sg_write: data in/out 3278044/1 bytes for SCSI command 0x3c-- guessing data in;
[  115.512566]    program repro not setting count and/or reply_len properly
[  120.437107] sg_write: 649 callbacks suppressed
[  120.437119] sg_write: data in/out 3278044/1 bytes for SCSI command 0x3c-- guessing data in;
[  120.437119]    program repro not setting count and/or reply_len properly
[  120.445359] sg_write: data in/out 3278044/1 bytes for SCSI command 0x3c-- guessing data in;
[  120.445359]    program repro not setting count and/or reply_len properly
[  120.453245] sg_write: data in/out 3278044/1 bytes for SCSI command 0x3c-- guessing data in;
[  120.453245]    program repro not setting count and/or reply_len properly
[  120.460971] sg_write: data in/out 3278044/1 bytes for SCSI command 0x3c-- guessing data in;
[  120.460971]    program repro not setting count and/or reply_len properly
[  120.468541] sg_write: data in/out 3278044/1 bytes for SCSI command 0x3c-- guessing data in;
[  120.468541]    program repro not setting count and/or reply_len properly
[  120.476299] sg_write: data in/out 3278044/1 bytes for SCSI command 0x3c-- guessing data in;
[  120.476299]    program repro not setting count and/or reply_len properly
[  120.483853] sg_write: data in/out 3278044/1 bytes for SCSI command 0x3c-- guessing data in;
[  120.483853]    program repro not setting count and/or reply_len properly
[  120.491458] sg_write: data in/out 3278044/1 bytes for SCSI command 0x3c-- guessing data in;
[  120.491458]    program repro not setting count and/or reply_len properly
[  120.499262] sg_write: data in/out 3278044/1 bytes for SCSI command 0x3c-- guessing data in;
[  120.499262]    program repro not setting count and/or reply_len properly
[  120.507546] sg_write: data in/out 3278044/1 bytes for SCSI command 0x3c-- guessing data in;
[  120.507546]    program repro not setting count and/or reply_len properly
[  125.442459] sg_write: 709 callbacks suppressed
[  125.442471] sg_write: data in/out 3278044/1 bytes for SCSI command 0x3c-- guessing data in;
[  125.442471]    program repro not setting count and/or reply_len properly
[  125.450607] sg_write: data in/out 3278044/1 bytes for SCSI command 0x3c-- guessing data in;
[  125.450607]    program repro not setting count and/or reply_len properly
[  125.458433] sg_write: data in/out 3278044/1 bytes for SCSI command 0x3c-- guessing data in;
[  125.458433]    program repro not setting count and/or reply_len properly
[  125.466089] sg_write: data in/out 3278044/1 bytes for SCSI command 0x3c-- guessing data in;
[  125.466089]    program repro not setting count and/or reply_len properly
[  125.473826] sg_write: data in/out 3278044/1 bytes for SCSI command 0x3c-- guessing data in;
[  125.473826]    program repro not setting count and/or reply_len properly
[  125.481474] sg_write: data in/out 3278044/1 bytes for SCSI command 0x3c-- guessing data in;
[  125.481474]    program repro not setting count and/or reply_len properly
[  125.489330] sg_write: data in/out 3278044/1 bytes for SCSI command 0x3c-- guessing data in;
[  125.489330]    program repro not setting count and/or reply_len properly
[  125.496992] sg_write: data in/out 3278044/1 bytes for SCSI command 0x3c-- guessing data in;
[  125.496992]    program repro not setting count and/or reply_len properly
[  125.505244] sg_write: data in/out 3278044/1 bytes for SCSI command 0x3c-- guessing data in;
[  125.505244]    program repro not setting count and/or reply_len properly
[  125.512988] sg_write: data in/out 3278044/1 bytes for SCSI command 0x3c-- guessing data in;
[  125.512988]    program repro not setting count and/or reply_len properly
[  130.446859] sg_write: 714 callbacks suppressed
[  130.446869] sg_write: data in/out 3278044/1 bytes for SCSI command 0x3c-- guessing data in;
[  130.446869]    program repro not setting count and/or reply_len properly
[  130.453983] sg_write: data in/out 3278044/1 bytes for SCSI command 0x3c-- guessing data in;
[  130.453983]    program repro not setting count and/or reply_len properly
[  130.460774] sg_write: data in/out 3278044/1 bytes for SCSI command 0x3c-- guessing data in;
[  130.460774]    program repro not setting count and/or reply_len properly
[  130.467895] sg_write: data in/out 3278044/1 bytes for SCSI command 0x3c-- guessing data in;
[  130.467895]    program repro not setting count and/or reply_len properly
[  130.474812] sg_write: data in/out 3278044/1 bytes for SCSI command 0x3c-- guessing data in;
[  130.474812]    program repro not setting count and/or reply_len properly
[  130.481660] sg_write: data in/out 3278044/1 bytes for SCSI command 0x3c-- guessing data in;
[  130.481660]    program repro not setting count and/or reply_len properly
[  130.488779] sg_write: data in/out 3278044/1 bytes for SCSI command 0x3c-- guessing data in;
[  130.488779]    program repro not setting count and/or reply_len properly
[  130.495642] sg_write: data in/out 3278044/1 bytes for SCSI command 0x3c-- guessing data in;
[  130.495642]    program repro not setting count and/or reply_len properly
[  130.502737] sg_write: data in/out 3278044/1 bytes for SCSI command 0x3c-- guessing data in;
[  130.502737]    program repro not setting count and/or reply_len properly
[  130.509826] sg_write: data in/out 3278044/1 bytes for SCSI command 0x3c-- guessing data in;
[  130.509826]    program repro not setting count and/or reply_len properly
[  135.454613] sg_write: 696 callbacks suppressed
[  135.454625] sg_write: data in/out 3278044/1 bytes for SCSI command 0x3c-- guessing data in;
[  135.454625]    program repro not setting count and/or reply_len properly
[  135.463197] sg_write: data in/out 3278044/1 bytes for SCSI command 0x3c-- guessing data in;
[  135.463197]    program repro not setting count and/or reply_len properly
[  135.471243] sg_write: data in/out 3278044/1 bytes for SCSI command 0x3c-- guessing data in;
[  135.471243]    program repro not setting count and/or reply_len properly
[  135.479298] sg_write: data in/out 3278044/1 bytes for SCSI command 0x3c-- guessing data in;
[  135.479298]    program repro not setting count and/or reply_len properly
[  135.487852] sg_write: data in/out 3278044/1 bytes for SCSI command 0x3c-- guessing data in;
[  135.487852]    program repro not setting count and/or reply_len properly
[  135.496315] sg_write: data in/out 3278044/1 bytes for SCSI command 0x3c-- guessing data in;
[  135.496315]    program repro not setting count and/or reply_len properly
[  135.505156] sg_write: data in/out 3278044/1 bytes for SCSI command 0x3c-- guessing data in;
[  135.505156]    program repro not setting count and/or reply_len properly
[  135.516975] sg_write: data in/out 3278044/1 bytes for SCSI command 0x3c-- guessing data in;
[  135.516975]    program repro not setting count and/or reply_len properly
[  135.528929] sg_write: data in/out 3278044/1 bytes for SCSI command 0x3c-- guessing data in;
[  135.528929]    program repro not setting count and/or reply_len properly
[  135.540819] sg_write: data in/out 3278044/1 bytes for SCSI command 0x3c-- guessing data in;
[  135.540819]    program repro not setting count and/or reply_len properly
[  140.457583] sg_write: 679 callbacks suppressed
[  140.457596] sg_write: data in/out 3278044/1 bytes for SCSI command 0x3c-- guessing data in;
[  140.457596]    program repro not setting count and/or reply_len properly
[  140.466039] sg_write: data in/out 3278044/1 bytes for SCSI command 0x3c-- guessing data in;
[  140.466039]    program repro not setting count and/or reply_len properly
[  140.474260] sg_write: data in/out 3278044/1 bytes for SCSI command 0x3c-- guessing data in;
[  140.474260]    program repro not setting count and/or reply_len properly
[  140.482412] sg_write: data in/out 3278044/1 bytes for SCSI command 0x3c-- guessing data in;
[  140.482412]    program repro not setting count and/or reply_len properly
[  140.490690] sg_write: data in/out 3278044/1 bytes for SCSI command 0x3c-- guessing data in;
[  140.490690]    program repro not setting count and/or reply_len properly
[  140.499277] sg_write: data in/out 3278044/1 bytes for SCSI command 0x3c-- guessing data in;
[  140.499277]    program repro not setting count and/or reply_len properly
[  140.508957] sg_write: data in/out 3278044/1 bytes for SCSI command 0x3c-- guessing data in;
[  140.508957]    program repro not setting count and/or reply_len properly
[  140.521433] sg_write: data in/out 3278044/1 bytes for SCSI command 0x3c-- guessing data in;
[  140.521433]    program repro not setting count and/or reply_len properly
[  140.534046] sg_write: data in/out 3278044/1 bytes for SCSI command 0x3c-- guessing data in;
[  140.534046]    program repro not setting count and/or reply_len properly
[  140.546472] sg_write: data in/out 3278044/1 bytes for SCSI command 0x3c-- guessing data in;
[  140.546472]    program repro not setting count and/or reply_len properly
[  145.465375] sg_write: 711 callbacks suppressed
[  145.465387] sg_write: data in/out 3278044/1 bytes for SCSI command 0x3c-- guessing data in;
[  145.465387]    program repro not setting count and/or reply_len properly
[  145.473349] sg_write: data in/out 3278044/1 bytes for SCSI command 0x3c-- guessing data in;
[  145.473349]    program repro not setting count and/or reply_len properly
[  145.481154] sg_write: data in/out 3278044/1 bytes for SCSI command 0x3c-- guessing data in;
[  145.481154]    program repro not setting count and/or reply_len properly
[  145.489170] sg_write: data in/out 3278044/1 bytes for SCSI command 0x3c-- guessing data in;
[  145.489170]    program repro not setting count and/or reply_len properly
[  145.496777] sg_write: data in/out 3278044/1 bytes for SCSI command 0x3c-- guessing data in;
[  145.496777]    program repro not setting count and/or reply_len properly
[  145.504634] sg_write: data in/out 3278044/1 bytes for SCSI command 0x3c-- guessing data in;
[  145.504634]    program repro not setting count and/or reply_len properly
[  145.512319] sg_write: data in/out 3278044/1 bytes for SCSI command 0x3c-- guessing data in;
[  145.512319]    program repro not setting count and/or reply_len properly
[  145.520036] sg_write: data in/out 3278044/1 bytes for SCSI command 0x3c-- guessing data in;
[  145.520036]    program repro not setting count and/or reply_len properly
[  145.528602] sg_write: data in/out 3278044/1 bytes for SCSI command 0x3c-- guessing data in;
[  145.528602]    program repro not setting count and/or reply_len properly
[  145.537045] sg_write: data in/out 3278044/1 bytes for SCSI command 0x3c-- guessing data in;
[  145.537045]    program repro not setting count and/or reply_len properly
[  150.473912] sg_write: 655 callbacks suppressed
[  150.473925] sg_write: data in/out 3278044/1 bytes for SCSI command 0x3c-- guessing data in;
[  150.473925]    program repro not setting count and/or reply_len properly
[  150.481188] sg_write: data in/out 3278044/1 bytes for SCSI command 0x3c-- guessing data in;
[  150.481188]    program repro not setting count and/or reply_len properly
[  150.488073] sg_write: data in/out 3278044/1 bytes for SCSI command 0x3c-- guessing data in;
[  150.488073]    program repro not setting count and/or reply_len properly
[  150.495047] sg_write: data in/out 3278044/1 bytes for SCSI command 0x3c-- guessing data in;
[  150.495047]    program repro not setting count and/or reply_len properly
[  150.501890] sg_write: data in/out 3278044/1 bytes for SCSI command 0x3c-- guessing data in;
[  150.501890]    program repro not setting count and/or reply_len properly
[  150.508993] sg_write: data in/out 3278044/1 bytes for SCSI command 0x3c-- guessing data in;
[  150.508993]    program repro not setting count and/or reply_len properly
[  150.515874] sg_write: data in/out 3278044/1 bytes for SCSI command 0x3c-- guessing data in;
[  150.515874]    program repro not setting count and/or reply_len properly
[  150.522832] sg_write: data in/out 3278044/1 bytes for SCSI command 0x3c-- guessing data in;
[  150.522832]    program repro not setting count and/or reply_len properly
[  150.529645] sg_write: data in/out 3278044/1 bytes for SCSI command 0x3c-- guessing data in;
[  150.529645]    program repro not setting count and/or reply_len properly
[  150.536462] sg_write: data in/out 3278044/1 bytes for SCSI command 0x3c-- guessing data in;
[  150.536462]    program repro not setting count and/or reply_len properly
[  155.478579] sg_write: 705 callbacks suppressed
[  155.478591] sg_write: data in/out 3278044/1 bytes for SCSI command 0x3c-- guessing data in;
[  155.478591]    program repro not setting count and/or reply_len properly
[  155.488007] sg_write: data in/out 3278044/1 bytes for SCSI command 0x3c-- guessing data in;
[  155.488007]    program repro not setting count and/or reply_len properly
[  155.496899] sg_write: data in/out 3278044/1 bytes for SCSI command 0x3c-- guessing data in;
[  155.496899]    program repro not setting count and/or reply_len properly
[  155.505100] sg_write: data in/out 3278044/1 bytes for SCSI command 0x3c-- guessing data in;
[  155.505100]    program repro not setting count and/or reply_len properly
[  155.513000] sg_write: data in/out 3278044/1 bytes for SCSI command 0x3c-- guessing data in;
[  155.513000]    program repro not setting count and/or reply_len properly
[  155.520647] sg_write: data in/out 3278044/1 bytes for SCSI command 0x3c-- guessing data in;
[  155.520647]    program repro not setting count and/or reply_len properly
[  155.529297] sg_write: data in/out 3278044/1 bytes for SCSI command 0x3c-- guessing data in;
[  155.529297]    program repro not setting count and/or reply_len properly
[  155.537501] sg_write: data in/out 3278044/1 bytes for SCSI command 0x3c-- guessing data in;
[  155.537501]    program repro not setting count and/or reply_len properly
[  155.546405] sg_write: data in/out 3278044/1 bytes for SCSI command 0x3c-- guessing data in;
[  155.546405]    program repro not setting count and/or reply_len properly
[  155.554122] sg_write: data in/out 3278044/1 bytes for SCSI command 0x3c-- guessing data in;
[  155.554122]    program repro not setting count and/or reply_len properly
[  160.484437] sg_write: 661 callbacks suppressed
[  160.484449] sg_write: data in/out 3278044/1 bytes for SCSI command 0x3c-- guessing data in;
[  160.484449]    program repro not setting count and/or reply_len properly
[  160.492500] sg_write: data in/out 3278044/1 bytes for SCSI command 0x3c-- guessing data in;
[  160.492500]    program repro not setting count and/or reply_len properly
[  160.500304] sg_write: data in/out 3278044/1 bytes for SCSI command 0x3c-- guessing data in;
[  160.500304]    program repro not setting count and/or reply_len properly
[  160.507861] sg_write: data in/out 3278044/1 bytes for SCSI command 0x3c-- guessing data in;
[  160.507861]    program repro not setting count and/or reply_len properly
[  160.516052] sg_write: data in/out 3278044/1 bytes for SCSI command 0x3c-- guessing data in;
[  160.516052]    program repro not setting count and/or reply_len properly
[  160.524112] sg_write: data in/out 3278044/1 bytes for SCSI command 0x3c-- guessing data in;
[  160.524112]    program repro not setting count and/or reply_len properly
[  160.532075] sg_write: data in/out 3278044/1 bytes for SCSI command 0x3c-- guessing data in;
[  160.532075]    program repro not setting count and/or reply_len properly
[  160.539963] sg_write: data in/out 3278044/1 bytes for SCSI command 0x3c-- guessing data in;
[  160.539963]    program repro not setting count and/or reply_len properly
[  160.547898] sg_write: data in/out 3278044/1 bytes for SCSI command 0x3c-- guessing data in;
[  160.547898]    program repro not setting count and/or reply_len properly
[  160.555736] sg_write: data in/out 3278044/1 bytes for SCSI command 0x3c-- guessing data in;
[  160.555736]    program repro not setting count and/or reply_len properly
[  165.488529] sg_write: 684 callbacks suppressed
[  165.488541] sg_write: data in/out 3278044/1 bytes for SCSI command 0x3c-- guessing data in;
[  165.488541]    program repro not setting count and/or reply_len properly
[  165.496623] sg_write: data in/out 3278044/1 bytes for SCSI command 0x3c-- guessing data in;
[  165.496623]    program repro not setting count and/or reply_len properly
[  165.504626] sg_write: data in/out 3278044/1 bytes for SCSI command 0x3c-- guessing data in;
[  165.504626]    program repro not setting count and/or reply_len properly
[  165.512447] sg_write: data in/out 3278044/1 bytes for SCSI command 0x3c-- guessing data in;
[  165.512447]    program repro not setting count and/or reply_len properly
[  165.520404] sg_write: data in/out 3278044/1 bytes for SCSI command 0x3c-- guessing data in;
[  165.520404]    program repro not setting count and/or reply_len properly
[  165.528340] sg_write: data in/out 3278044/1 bytes for SCSI command 0x3c-- guessing data in;
[  165.528340]    program repro not setting count and/or reply_len properly
[  165.536142] sg_write: data in/out 3278044/1 bytes for SCSI command 0x3c-- guessing data in;
[  165.536142]    program repro not setting count and/or reply_len properly
[  165.544026] sg_write: data in/out 3278044/1 bytes for SCSI command 0x3c-- guessing data in;
[  165.544026]    program repro not setting count and/or reply_len properly
[  165.551937] sg_write: data in/out 3278044/1 bytes for SCSI command 0x3c-- guessing data in;
[  165.551937]    program repro not setting count and/or reply_len properly
[  165.559889] sg_write: data in/out 3278044/1 bytes for SCSI command 0x3c-- guessing data in;
[  165.559889]    program repro not setting count and/or reply_len properly
[  170.501780] sg_write: 700 callbacks suppressed
[  170.501799] sg_write: data in/out 3278044/1 bytes for SCSI command 0x3c-- guessing data in;
[  170.501799]    program repro not setting count and/or reply_len properly
[  170.515825] sg_write: data in/out 3278044/1 bytes for SCSI command 0x3c-- guessing data in;
[  170.515825]    program repro not setting count and/or reply_len properly
[  170.529327] sg_write: data in/out 3278044/1 bytes for SCSI command 0x3c-- guessing data in;
[  170.529327]    program repro not setting count and/or reply_len properly
[  170.542715] sg_write: data in/out 3278044/1 bytes for SCSI command 0x3c-- guessing data in;
[  170.542715]    program repro not setting count and/or reply_len properly
[  170.556140] sg_write: data in/out 3278044/1 bytes for SCSI command 0x3c-- guessing data in;
[  170.556140]    program repro not setting count and/or reply_len properly
[  170.569831] sg_write: data in/out 3278044/1 bytes for SCSI command 0x3c-- guessing data in;
[  170.569831]    program repro not setting count and/or reply_len properly
[  170.583123] sg_write: data in/out 3278044/1 bytes for SCSI command 0x3c-- guessing data in;
[  170.583123]    program repro not setting count and/or reply_len properly
[  170.596757] sg_write: data in/out 3278044/1 bytes for SCSI command 0x3c-- guessing data in;
[  170.596757]    program repro not setting count and/or reply_len properly
[  170.607069] sg_write: data in/out 3278044/1 bytes for SCSI command 0x3c-- guessing data in;
[  170.607069]    program repro not setting count and/or reply_len properly
[  170.616007] sg_write: data in/out 3278044/1 bytes for SCSI command 0x3c-- guessing data in;
[  170.616007]    program repro not setting count and/or reply_len properly
[  175.510585] sg_write: 647 callbacks suppressed
[  175.510597] sg_write: data in/out 3278044/1 bytes for SCSI command 0x3c-- guessing data in;
[  175.510597]    program repro not setting count and/or reply_len properly
[  175.518921] sg_write: data in/out 3278044/1 bytes for SCSI command 0x3c-- guessing data in;
[  175.518921]    program repro not setting count and/or reply_len properly
[  175.526727] sg_write: data in/out 3278044/1 bytes for SCSI command 0x3c-- guessing data in;
[  175.526727]    program repro not setting count and/or reply_len properly
[  175.534591] sg_write: data in/out 3278044/1 bytes for SCSI command 0x3c-- guessing data in;
[  175.534591]    program repro not setting count and/or reply_len properly
[  175.542396] sg_write: data in/out 3278044/1 bytes for SCSI command 0x3c-- guessing data in;
[  175.542396]    program repro not setting count and/or reply_len properly
[  175.550160] sg_write: data in/out 3278044/1 bytes for SCSI command 0x3c-- guessing data in;
[  175.550160]    program repro not setting count and/or reply_len properly
[  175.557997] sg_write: data in/out 3278044/1 bytes for SCSI command 0x3c-- guessing data in;
[  175.557997]    program repro not setting count and/or reply_len properly
[  175.565719] sg_write: data in/out 3278044/1 bytes for SCSI command 0x3c-- guessing data in;
[  175.565719]    program repro not setting count and/or reply_len properly
[  175.573728] sg_write: data in/out 3278044/1 bytes for SCSI command 0x3c-- guessing data in;
[  175.573728]    program repro not setting count and/or reply_len properly
[  175.581728] sg_write: data in/out 3278044/1 bytes for SCSI command 0x3c-- guessing data in;
[  175.581728]    program repro not setting count and/or reply_len properly
