c[?7l[2J[0mSeaBIOS (version rel-1.16.0-0-gd239552ce722-prebuilt.qemu.org)


iPXE (http://ipxe.org) 00:03.0 CA00 PCI2.10 PnP PMM+7FF91000+7FEF1000 CA00
Press Ctrl-B to configure iPXE (PCI 00:03.0)...                                                                               


Booting from ROM...
c[?7l[2J[    0.000000] Linux version 6.1.0-8715c6d3100f+ (root@p-tglh01.sh.intel.com) (gcc (GCC) 8.5.0 20210514 (Red Hat 8.5.0-17), GNU ld version 2.36.1-2.el8) #1 SMP PREEMPT_DYNAMIC Wed Dec 28 01:50:23 CST 2022
[    0.000000] Command line: console=ttyS0 root=/dev/sda earlyprintk=serial net.ifnames=0
[    0.000000] KERNEL supported cpus:
[    0.000000]   Intel GenuineIntel
[    0.000000]   AMD AuthenticAMD
[    0.000000]   Hygon HygonGenuine
[    0.000000]   Centaur CentaurHauls
[    0.000000]   zhaoxin   Shanghai  
[    0.000000] x86/fpu: Supporting XSAVE feature 0x001: 'x87 floating point registers'
[    0.000000] x86/fpu: Supporting XSAVE feature 0x002: 'SSE registers'
[    0.000000] x86/fpu: Supporting XSAVE feature 0x004: 'AVX registers'
[    0.000000] x86/fpu: Supporting XSAVE feature 0x020: 'AVX-512 opmask'
[    0.000000] x86/fpu: Supporting XSAVE feature 0x040: 'AVX-512 Hi256'
[    0.000000] x86/fpu: Supporting XSAVE feature 0x080: 'AVX-512 ZMM_Hi256'
[    0.000000] x86/fpu: Supporting XSAVE feature 0x200: 'Protection Keys User registers'
[    0.000000] x86/fpu: xstate_offset[2]:  576, xstate_sizes[2]:  256
[    0.000000] x86/fpu: xstate_offset[5]:  832, xstate_sizes[5]:   64
[    0.000000] x86/fpu: xstate_offset[6]:  896, xstate_sizes[6]:  512
[    0.000000] x86/fpu: xstate_offset[7]: 1408, xstate_sizes[7]: 1024
[    0.000000] x86/fpu: xstate_offset[9]: 2432, xstate_sizes[9]:    8
[    0.000000] x86/fpu: Enabled xstate features 0x2e7, context size is 2440 bytes, using 'compacted' format.
[    0.000000] signal: max sigframe size: 3632
[    0.000000] BIOS-provided physical RAM map:
[    0.000000] BIOS-e820: [mem 0x0000000000000000-0x000000000009fbff] usable
[    0.000000] BIOS-e820: [mem 0x000000000009fc00-0x000000000009ffff] reserved
[    0.000000] BIOS-e820: [mem 0x00000000000f0000-0x00000000000fffff] reserved
[    0.000000] BIOS-e820: [mem 0x0000000000100000-0x000000007ffdffff] usable
[    0.000000] BIOS-e820: [mem 0x000000007ffe0000-0x000000007fffffff] reserved
[    0.000000] BIOS-e820: [mem 0x00000000feffc000-0x00000000feffffff] reserved
[    0.000000] BIOS-e820: [mem 0x00000000fffc0000-0x00000000ffffffff] reserved
[    0.000000] printk: bootconsole [earlyser0] enabled
[    0.000000] NX (Execute Disable) protection: active
[    0.000000] SMBIOS 2.8 present.
[    0.000000] DMI: QEMU Standard PC (i440FX + PIIX, 1996), BIOS rel-1.16.0-0-gd239552ce722-prebuilt.qemu.org 04/01/2014
[    0.000000] Hypervisor detected: KVM
[    0.000000] kvm-clock: Using msrs 4b564d01 and 4b564d00
[    0.000005] kvm-clock: using sched offset of 406744107 cycles
[    0.000550] clocksource: kvm-clock: mask: 0xffffffffffffffff max_cycles: 0x1cd42e4dffb, max_idle_ns: 881590591483 ns
[    0.001923] tsc: Detected 3110.400 MHz processor
[    0.009276] last_pfn = 0x7ffe0 max_arch_pfn = 0x400000000
[    0.009785] x86/PAT: Configuration [0-7]: WB  WC  UC- UC  WB  WP  UC- WT  
[    0.018948] found SMP MP-table at [mem 0x000f5ba0-0x000f5baf]
[    0.019507] Using GB pages for direct mapping
[    0.021061] ACPI: Early table checksum verification disabled
[    0.021574] ACPI: RSDP 0x00000000000F59C0 000014 (v00 BOCHS )
[    0.022058] ACPI: RSDT 0x000000007FFE1951 000034 (v01 BOCHS  BXPC     00000001 BXPC 00000001)
[    0.022783] ACPI: FACP 0x000000007FFE17FD 000074 (v01 BOCHS  BXPC     00000001 BXPC 00000001)
[    0.023542] ACPI: DSDT 0x000000007FFE0040 0017BD (v01 BOCHS  BXPC     00000001 BXPC 00000001)
[    0.024254] ACPI: FACS 0x000000007FFE0000 000040
[    0.024660] ACPI: APIC 0x000000007FFE1871 000080 (v01 BOCHS  BXPC     00000001 BXPC 00000001)
[    0.025372] ACPI: HPET 0x000000007FFE18F1 000038 (v01 BOCHS  BXPC     00000001 BXPC 00000001)
[    0.026085] ACPI: WAET 0x000000007FFE1929 000028 (v01 BOCHS  BXPC     00000001 BXPC 00000001)
[    0.026788] ACPI: Reserving FACP table memory at [mem 0x7ffe17fd-0x7ffe1870]
[    0.027365] ACPI: Reserving DSDT table memory at [mem 0x7ffe0040-0x7ffe17fc]
[    0.027936] ACPI: Reserving FACS table memory at [mem 0x7ffe0000-0x7ffe003f]
[    0.028530] ACPI: Reserving APIC table memory at [mem 0x7ffe1871-0x7ffe18f0]
[    0.029282] ACPI: Reserving HPET table memory at [mem 0x7ffe18f1-0x7ffe1928]
[    0.030067] ACPI: Reserving WAET table memory at [mem 0x7ffe1929-0x7ffe1950]
[    0.031701] No NUMA configuration found
[    0.032016] Faking a node at [mem 0x0000000000000000-0x000000007ffdffff]
[    0.032637] NODE_DATA(0) allocated [mem 0x7ffb5000-0x7ffdffff]
[    0.036986] Zone ranges:
[    0.037206]   DMA      [mem 0x0000000000001000-0x0000000000ffffff]
[    0.037713]   DMA32    [mem 0x0000000001000000-0x000000007ffdffff]
[    0.038221]   Normal   empty
[    0.038466]   Device   empty
[    0.038714] Movable zone start for each node
[    0.039073] Early memory node ranges
[    0.039371]   node   0: [mem 0x0000000000001000-0x000000000009efff]
[    0.039895]   node   0: [mem 0x0000000000100000-0x000000007ffdffff]
[    0.040426] Initmem setup node 0 [mem 0x0000000000001000-0x000000007ffdffff]
[    0.041704] On node 0, zone DMA: 1 pages in unavailable ranges
[    0.041725] On node 0, zone DMA: 97 pages in unavailable ranges
[    0.056407] On node 0, zone DMA32: 32 pages in unavailable ranges
[    0.057165] ACPI: PM-Timer IO Port: 0x608
[    0.058026] ACPI: LAPIC_NMI (acpi_id[0xff] dfl dfl lint[0x1])
[    0.058554] IOAPIC[0]: apic_id 0, version 17, address 0xfec00000, GSI 0-23
[    0.059135] ACPI: INT_SRC_OVR (bus 0 bus_irq 0 global_irq 2 dfl dfl)
[    0.059663] ACPI: INT_SRC_OVR (bus 0 bus_irq 5 global_irq 5 high level)
[    0.060301] ACPI: INT_SRC_OVR (bus 0 bus_irq 9 global_irq 9 high level)
[    0.060988] ACPI: INT_SRC_OVR (bus 0 bus_irq 10 global_irq 10 high level)
[    0.061668] ACPI: INT_SRC_OVR (bus 0 bus_irq 11 global_irq 11 high level)
[    0.062367] ACPI: Using ACPI (MADT) for SMP configuration information
[    0.063012] ACPI: HPET id: 0x8086a201 base: 0xfed00000
[    0.063541] TSC deadline timer available
[    0.063942] smpboot: Allowing 2 CPUs, 0 hotplug CPUs
[    0.064508] kvm-guest: KVM setup pv remote TLB flush
[    0.065015] kvm-guest: setup PV sched yield
[    0.065487] PM: hibernation: Registered nosave memory: [mem 0x00000000-0x00000fff]
[    0.066249] PM: hibernation: Registered nosave memory: [mem 0x0009f000-0x0009ffff]
[    0.066999] PM: hibernation: Registered nosave memory: [mem 0x000a0000-0x000effff]
[    0.067761] PM: hibernation: Registered nosave memory: [mem 0x000f0000-0x000fffff]
[    0.068530] [mem 0x80000000-0xfeffbfff] available for PCI devices
[    0.069134] Booting paravirtualized kernel on KVM
[    0.069631] clocksource: refined-jiffies: mask: 0xffffffff max_cycles: 0xffffffff, max_idle_ns: 7645519600211568 ns
[    0.070631] setup_percpu: NR_CPUS:8192 nr_cpumask_bits:2 nr_cpu_ids:2 nr_node_ids:1
[    0.072505] percpu: Embedded 64 pages/cpu s225280 r8192 d28672 u1048576
[    0.073292] kvm-guest: PV spinlocks enabled
[    0.073756] PV qspinlock hash table entries: 256 (order: 0, 4096 bytes, linear)
[    0.074544] Fallback order for Node 0: 0 
[    0.074968] Built 1 zonelists, mobility grouping on.  Total pages: 515808
[    0.075541] Policy zone: DMA32
[    0.075811] Kernel command line: net.ifnames=0 console=ttyS0 root=/dev/sda earlyprintk=serial net.ifnames=0
[    0.077288] random: crng init done
[    0.078499] Dentry cache hash table entries: 262144 (order: 9, 2097152 bytes, linear)
[    0.079883] Inode-cache hash table entries: 131072 (order: 8, 1048576 bytes, linear)
[    0.080732] mem auto-init: stack:off, heap alloc:off, heap free:off
[    0.085061] Memory: 1985384K/2096632K available (32784K kernel code, 4697K rwdata, 7832K rodata, 3672K init, 22116K bss, 110992K reserved, 0K cma-reserved)
[    0.086965] SLUB: HWalign=64, Order=0-3, MinObjects=0, CPUs=2, Nodes=1
[    0.087504] kmemleak: Kernel memory leak detector disabled
[    0.087985] ftrace: allocating 67443 entries in 264 pages
[    0.114735] ftrace: allocated 264 pages with 2 groups
[    0.118801] Dynamic Preempt: voluntary
[    0.119269] Running RCU self tests
[    0.119553] rcu: Preemptible hierarchical RCU implementation.
[    0.120013] rcu: 	RCU lockdep checking is enabled.
[    0.120403] rcu: 	RCU restricting CPUs from NR_CPUS=8192 to nr_cpu_ids=2.
[    0.121108] 	Trampoline variant of Tasks RCU enabled.
[    0.121598] 	Rude variant of Tasks RCU enabled.
[    0.122042] 	Tracing variant of Tasks RCU enabled.
[    0.122508] rcu: RCU calculated value of scheduler-enlistment delay is 25 jiffies.
[    0.123114] rcu: Adjusting geometry for rcu_fanout_leaf=16, nr_cpu_ids=2
[    0.148836] NR_IRQS: 524544, nr_irqs: 440, preallocated irqs: 16
[    0.149658] rcu: srcu_init: Setting srcu_struct sizes based on contention.
[    0.157375] Console: colour VGA+ 80x25
[    0.157744] printk: console [ttyS0] enabled
[    0.157744] printk: console [ttyS0] enabled
[    0.158432] printk: bootconsole [earlyser0] disabled
[    0.158432] printk: bootconsole [earlyser0] disabled
[    0.159240] Lock dependency validator: Copyright (c) 2006 Red Hat, Inc., Ingo Molnar
[    0.159872] ... MAX_LOCKDEP_SUBCLASSES:  8
[    0.160230] ... MAX_LOCK_DEPTH:          48
[    0.160584] ... MAX_LOCKDEP_KEYS:        8192
[    0.160947] ... CLASSHASH_SIZE:          4096
[    0.161306] ... MAX_LOCKDEP_ENTRIES:     32768
[    0.161671] ... MAX_LOCKDEP_CHAINS:      65536
[    0.162036] ... CHAINHASH_SIZE:          32768
[    0.162409]  memory used by lock dependency info: 6365 kB
[    0.162852]  memory used for stack traces: 4224 kB
[    0.163245]  per task-struct memory footprint: 1920 bytes
[    0.163727] ACPI: Core revision 20221020
[    0.164287] clocksource: hpet: mask: 0xffffffff max_cycles: 0xffffffff, max_idle_ns: 19112604467 ns
[    0.165181] APIC: Switch to symmetric I/O mode setup
[    0.165766] x2apic enabled
[    0.166185] Switched APIC routing to physical x2apic.
[    0.166605] kvm-guest: setup PV IPIs
[    0.167800] ..TIMER: vector=0x30 apic1=0 pin1=2 apic2=-1 pin2=-1
[    0.168319] clocksource: tsc-early: mask: 0xffffffffffffffff max_cycles: 0x2cd5a8bb032, max_idle_ns: 440795365915 ns
[    0.169263] Calibrating delay loop (skipped) preset value.. 6220.80 BogoMIPS (lpj=12441600)
[    0.169940] pid_max: default: 32768 minimum: 301
[    0.170402] LSM: initializing lsm=capability,yama,integrity
[    0.170977] Yama: becoming mindful.
[    0.171528] Mount-cache hash table entries: 4096 (order: 3, 32768 bytes, linear)
[    0.172346] Mountpoint-cache hash table entries: 4096 (order: 3, 32768 bytes, linear)
[    0.174748] x86/cpu: User Mode Instruction Prevention (UMIP) activated
[    0.175691] Last level iTLB entries: 4KB 0, 2MB 0, 4MB 0
[    0.176296] Last level dTLB entries: 4KB 0, 2MB 0, 4MB 0, 1GB 0
[    0.176895] Spectre V1 : Mitigation: usercopy/swapgs barriers and __user pointer sanitization
[    0.177279] Spectre V2 : WARNING: Unprivileged eBPF is enabled with eIBRS on, data leaks possible via Spectre v2 BHB attacks!
[    0.178191] Spectre V2 : Mitigation: Enhanced IBRS
[    0.178563] Spectre V2 : Spectre v2 / SpectreRSB mitigation: Filling RSB on context switch
[    0.179207] Spectre V2 : Spectre v2 / PBRSB-eIBRS: Retire a single CALL on VMEXIT
[    0.179818] Spectre V2 : mitigation: Enabling conditional Indirect Branch Prediction Barrier
[    0.180678] Speculative Store Bypass: Mitigation: Speculative Store Bypass disabled via prctl
[    0.289228] Freeing SMP alternatives memory: 56K
[    0.289606] smpboot: CPU0: Genuine Intel(R) CPU 0000 @ 2.20GHz (family: 0x6, model: 0x8d, stepping: 0x0)
[    0.291104] cblist_init_generic: Setting adjustable number of callback queues.
[    0.291853] cblist_init_generic: Setting shift to 1 and lim to 1.
[    0.292552] cblist_init_generic: Setting shift to 1 and lim to 1.
[    0.293117] cblist_init_generic: Setting shift to 1 and lim to 1.
[    0.293302] Running RCU-tasks wait API self tests
[    0.397359] Performance Events: Icelake events, full-width counters, Intel PMU driver.
[    0.398126] ... version:                2
[    0.398437] ... bit width:              48
[    0.398754] ... generic registers:      8
[    0.399078] ... value mask:             0000ffffffffffff
[    0.399485] ... max period:             00007fffffffffff
[    0.399889] ... fixed-purpose events:   3
[    0.400319] ... event mask:             00000007000000ff
[    0.401482] rcu: Hierarchical SRCU implementation.
[    0.401958] rcu: 	Max phase no-delay instances is 1000.
[    0.405323] smp: Bringing up secondary CPUs ...
[    0.407421] x86: Booting SMP configuration:
[    0.407859] .... node  #0, CPUs:      #1
[    0.408243] smp: Brought up 1 node, 2 CPUs
[    0.409266] smpboot: Max logical packages: 1
[    0.409645] smpboot: Total of 2 processors activated (12441.60 BogoMIPS)
[    0.411019] devtmpfs: initialized
[    0.411019] x86/mm: Memory block size: 128MB
[    0.414132] clocksource: jiffies: mask: 0xffffffff max_cycles: 0xffffffff, max_idle_ns: 7645041785100000 ns
[    0.414621] futex hash table entries: 512 (order: 4, 65536 bytes, linear)
[    0.415480] pinctrl core: initialized pinctrl subsystem
[    0.417280] Callback from call_rcu_tasks_trace() invoked.
[    0.418073] 
[    0.418203] *************************************************************
[    0.418743] **     NOTICE NOTICE NOTICE NOTICE NOTICE NOTICE NOTICE    **
[    0.419291] **                                                         **
[    0.419831] **  IOMMU DebugFS SUPPORT HAS BEEN ENABLED IN THIS KERNEL  **
[    0.420360] **                                                         **
[    0.420888] ** This means that this kernel is built to expose internal **
[    0.421253] ** IOMMU data structures, which may compromise security on **
[    0.421780] ** your system.                                            **
[    0.422306] **                                                         **
[    0.422846] ** If you see this message and you are not debugging the   **
[    0.423376] ** kernel, report this immediately to your vendor!         **
[    0.423904] **                                                         **
[    0.424431] **     NOTICE NOTICE NOTICE NOTICE NOTICE NOTICE NOTICE    **
[    0.424958] *************************************************************
[    0.425312] PM: RTC time: 17:50:58, date: 2022-12-27
[    0.429219] NET: Registered PF_NETLINK/PF_ROUTE protocol family
[    0.429829] DMA: preallocated 256 KiB GFP_KERNEL pool for atomic allocations
[    0.430400] DMA: preallocated 256 KiB GFP_KERNEL|GFP_DMA pool for atomic allocations
[    0.431000] DMA: preallocated 256 KiB GFP_KERNEL|GFP_DMA32 pool for atomic allocations
[    0.431648] audit: initializing netlink subsys (disabled)
[    0.432124] audit: type=2000 audit(1672163459.215:1): state=initialized audit_enabled=0 res=1
[    0.432124] thermal_sys: Registered thermal governor 'fair_share'
[    0.432124] thermal_sys: Registered thermal governor 'bang_bang'
[    0.433256] thermal_sys: Registered thermal governor 'step_wise'
[    0.433725] thermal_sys: Registered thermal governor 'user_space'
[    0.434224] cpuidle: using governor ladder
[    0.435099] cpuidle: using governor menu
[    0.435778] acpiphp: ACPI Hot Plug PCI Controller Driver version: 0.5
[    0.436714] PCI: Using configuration type 1 for base access
[    0.452600] kprobes: kprobe jump-optimization is enabled. All kprobes are optimized if possible.
[    0.666104] HugeTLB: registered 1.00 GiB page size, pre-allocated 0 pages
[    0.666683] HugeTLB: 16380 KiB vmemmap can be freed for a 1.00 GiB page
[    0.667208] HugeTLB: registered 2.00 MiB page size, pre-allocated 0 pages
[    0.667744] HugeTLB: 28 KiB vmemmap can be freed for a 2.00 MiB page
[    0.670374] ACPI: Added _OSI(Module Device)
[    0.670817] ACPI: Added _OSI(Processor Device)
[    0.671269] ACPI: Added _OSI(3.0 _SCP Extensions)
[    0.671747] ACPI: Added _OSI(Processor Aggregator Device)
[    0.677699] ACPI: 1 ACPI AML tables successfully acquired and loaded
[    0.681509] ACPI: Interpreter enabled
[    0.681912] ACPI: PM: (supports S0 S3 S4 S5)
[    0.682264] ACPI: Using IOAPIC for interrupt routing
[    0.682712] PCI: Using host bridge windows from ACPI; if necessary, use "pci=nocrs" and report a bug
[    0.683428] PCI: Using E820 reservations for host bridge windows
[    0.684579] ACPI: Enabled 2 GPEs in block 00 to 0F
[    0.702738] ACPI: PCI Root Bridge [PCI0] (domain 0000 [bus 00-ff])
[    0.703265] acpi PNP0A03:00: _OSC: OS supports [ASPM ClockPM Segments MSI EDR HPX-Type3]
[    0.703919] acpi PNP0A03:00: _OSC: not requesting OS control; OS requires [ExtendedConfig ASPM ClockPM MSI]
[    0.704949] acpi PNP0A03:00: fail to add MMCONFIG information, can't access extended PCI configuration space under this bridge.
[    0.708149] acpiphp: Slot [3] registered
[    0.708643] acpiphp: Slot [4] registered
[    0.709052] acpiphp: Slot [5] registered
[    0.709336] acpiphp: Slot [6] registered
[    0.709733] acpiphp: Slot [7] registered
[    0.710126] acpiphp: Slot [8] registered
[    0.710516] acpiphp: Slot [9] registered
[    0.710907] acpiphp: Slot [10] registered
[    0.711309] acpiphp: Slot [11] registered
[    0.711705] acpiphp: Slot [12] registered
[    0.712104] acpiphp: Slot [13] registered
[    0.712502] acpiphp: Slot [14] registered
[    0.712906] acpiphp: Slot [15] registered
[    0.713318] acpiphp: Slot [16] registered
[    0.713728] acpiphp: Slot [17] registered
[    0.714136] acpiphp: Slot [18] registered
[    0.714541] acpiphp: Slot [19] registered
[    0.714946] acpiphp: Slot [20] registered
[    0.715351] acpiphp: Slot [21] registered
[    0.715757] acpiphp: Slot [22] registered
[    0.716163] acpiphp: Slot [23] registered
[    0.716569] acpiphp: Slot [24] registered
[    0.716971] acpiphp: Slot [25] registered
[    0.717325] acpiphp: Slot [26] registered
[    0.717732] acpiphp: Slot [27] registered
[    0.718137] acpiphp: Slot [28] registered
[    0.718543] acpiphp: Slot [29] registered
[    0.718945] acpiphp: Slot [30] registered
[    0.719354] acpiphp: Slot [31] registered
[    0.719712] PCI host bridge to bus 0000:00
[    0.720053] pci_bus 0000:00: root bus resource [io  0x0000-0x0cf7 window]
[    0.720611] pci_bus 0000:00: root bus resource [io  0x0d00-0xffff window]
[    0.721166] pci_bus 0000:00: root bus resource [mem 0x000a0000-0x000bffff window]
[    0.721255] pci_bus 0000:00: root bus resource [mem 0x80000000-0xfebfffff window]
[    0.721881] pci_bus 0000:00: root bus resource [mem 0x100000000-0x17fffffff window]
[    0.722508] pci_bus 0000:00: root bus resource [bus 00-ff]
[    0.723074] pci 0000:00:00.0: [8086:1237] type 00 class 0x060000
[    0.726651] pci 0000:00:01.0: [8086:7000] type 00 class 0x060100
[    0.727868] pci 0000:00:01.1: [8086:7010] type 00 class 0x010180
[    0.729712] pci 0000:00:01.1: reg 0x20: [io  0xc040-0xc04f]
[    0.730795] pci 0000:00:01.1: legacy IDE quirk: reg 0x10: [io  0x01f0-0x01f7]
[    0.731381] pci 0000:00:01.1: legacy IDE quirk: reg 0x14: [io  0x03f6]
[    0.731915] pci 0000:00:01.1: legacy IDE quirk: reg 0x18: [io  0x0170-0x0177]
[    0.732494] pci 0000:00:01.1: legacy IDE quirk: reg 0x1c: [io  0x0376]
[    0.733337] pci 0000:00:01.3: [8086:7113] type 00 class 0x068000
[    0.734155] pci 0000:00:01.3: quirk: [io  0x0600-0x063f] claimed by PIIX4 ACPI
[    0.734764] pci 0000:00:01.3: quirk: [io  0x0700-0x070f] claimed by PIIX4 SMB
[    0.735635] pci 0000:00:02.0: [1234:1111] type 00 class 0x030000
[    0.737745] pci 0000:00:02.0: reg 0x10: [mem 0xfd000000-0xfdffffff pref]
[    0.740840] pci 0000:00:02.0: reg 0x18: [mem 0xfebf0000-0xfebf0fff]
[    0.744196] pci 0000:00:02.0: reg 0x30: [mem 0xfebe0000-0xfebeffff pref]
[    0.745134] pci 0000:00:02.0: Video device with shadowed ROM at [mem 0x000c0000-0x000dffff]
[    0.748443] pci 0000:00:03.0: [8086:100e] type 00 class 0x020000
[    0.749591] pci 0000:00:03.0: reg 0x10: [mem 0xfebc0000-0xfebdffff]
[    0.750771] pci 0000:00:03.0: reg 0x14: [io  0xc000-0xc03f]
[    0.754034] pci 0000:00:03.0: reg 0x30: [mem 0xfeb80000-0xfebbffff pref]
[    0.765891] ACPI: PCI: Interrupt link LNKA configured for IRQ 10
[    0.766774] ACPI: PCI: Interrupt link LNKB configured for IRQ 10
[    0.767631] ACPI: PCI: Interrupt link LNKC configured for IRQ 11
[    0.768494] ACPI: PCI: Interrupt link LNKD configured for IRQ 11
[    0.769160] ACPI: PCI: Interrupt link LNKS configured for IRQ 9
[    0.770807] iommu: Default domain type: Translated 
[    0.771196] iommu: DMA domain TLB invalidation policy: lazy mode 
[    0.772683] SCSI subsystem initialized
[    0.773220] ACPI: bus type USB registered
[    0.773314] usbcore: registered new interface driver usbfs
[    0.773784] usbcore: registered new interface driver hub
[    0.774228] usbcore: registered new device driver usb
[    0.774721] pps_core: LinuxPPS API ver. 1 registered
[    0.775114] pps_core: Software ver. 5.3.6 - Copyright 2005-2007 Rodolfo Giometti <giometti@linux.it>
[    0.775843] PTP clock support registered
[    0.776290] EDAC MC: Ver: 3.0.0
[    0.778096] NetLabel: Initializing
[    0.778378] NetLabel:  domain hash size = 128
[    0.778714] NetLabel:  protocols = UNLABELED CIPSOv4 CALIPSO
[    0.779199] NetLabel:  unlabeled traffic allowed by default
[    0.779991] PCI: Using ACPI for IRQ routing
[    0.780535] pci 0000:00:02.0: vgaarb: setting as boot VGA device
[    0.781032] pci 0000:00:02.0: vgaarb: bridge control possible
[    0.781248] pci 0000:00:02.0: vgaarb: VGA device added: decodes=io+mem,owns=io+mem,locks=none
[    0.781255] vgaarb: loaded
[    0.781805] hpet0: at MMIO 0xfed00000, IRQs 2, 8, 0
[    0.782207] hpet0: 3 comparators, 64-bit 100.000000 MHz counter
[    3.146213] clocksource: Switched to clocksource kvm-clock
[    3.146743] Callback from call_rcu_tasks_rude() invoked.
[    3.253308] Callback from call_rcu_tasks() invoked.
[    3.303682] VFS: Disk quotas dquot_6.6.0
[    3.304157] VFS: Dquot-cache hash table entries: 512 (order 0, 4096 bytes)
[    3.305150] pnp: PnP ACPI init
[    3.307412] pnp: PnP ACPI: found 6 devices
[    3.320643] clocksource: acpi_pm: mask: 0xffffff max_cycles: 0xffffff, max_idle_ns: 2085701024 ns
[    3.321825] NET: Registered PF_INET protocol family
[    3.322528] IP idents hash table entries: 32768 (order: 6, 262144 bytes, linear)
[    3.324230] tcp_listen_portaddr_hash hash table entries: 1024 (order: 4, 73728 bytes, linear)
[    3.325118] Table-perturb hash table entries: 65536 (order: 6, 262144 bytes, linear)
[    3.325939] TCP established hash table entries: 16384 (order: 5, 131072 bytes, linear)
[    3.326966] TCP bind hash table entries: 16384 (order: 9, 2359296 bytes, linear)
[    3.328412] TCP: Hash tables configured (established 16384 bind 16384)
[    3.329213] UDP hash table entries: 1024 (order: 5, 163840 bytes, linear)
[    3.329927] UDP-Lite hash table entries: 1024 (order: 5, 163840 bytes, linear)
[    3.330762] NET: Registered PF_UNIX/PF_LOCAL protocol family
[    3.331850] RPC: Registered named UNIX socket transport module.
[    3.332448] RPC: Registered udp transport module.
[    3.332906] RPC: Registered tcp transport module.
[    3.333378] RPC: Registered tcp NFSv4.1 backchannel transport module.
[    3.334032] pci_bus 0000:00: resource 4 [io  0x0000-0x0cf7 window]
[    3.334638] pci_bus 0000:00: resource 5 [io  0x0d00-0xffff window]
[    3.335251] pci_bus 0000:00: resource 6 [mem 0x000a0000-0x000bffff window]
[    3.335918] pci_bus 0000:00: resource 7 [mem 0x80000000-0xfebfffff window]
[    3.336582] pci_bus 0000:00: resource 8 [mem 0x100000000-0x17fffffff window]
[    3.337503] pci 0000:00:01.0: PIIX3: Enabling Passive Release
[    3.338077] pci 0000:00:00.0: Limiting direct PCI/PCI transfers
[    3.338749] PCI: CLS 0 bytes, default 64
[    3.339176] ACPI: bus type thunderbolt registered
[    3.339942] clocksource: tsc: mask: 0xffffffffffffffff max_cycles: 0x2cd5a8bb032, max_idle_ns: 440795365915 ns
[    3.343954] Initialise system trusted keyrings
[    3.344484] Key type blacklist registered
[    3.345059] workingset: timestamp_bits=36 max_order=19 bucket_order=0
[    3.345666] zbud: loaded
[    3.346538] squashfs: version 4.0 (2009/01/31) Phillip Lougher
[    3.347609] NFS: Registering the id_resolver key type
[    3.348034] Key type id_resolver registered
[    3.348373] Key type id_legacy registered
[    3.348725] nfs4filelayout_init: NFSv4 File Layout Driver Registering...
[    3.349311] nfs4flexfilelayout_init: NFSv4 Flexfile Layout Driver Registering...
[    3.350016] fuse: init (API version 7.38)
[    3.350483] SGI XFS with ACLs, security attributes, realtime, quota, no debug enabled
[    3.351544] 9p: Installing v9fs 9p2000 file system support
[    3.359942] Key type asymmetric registered
[    3.360289] Asymmetric key parser 'x509' registered
[    3.361777] alg: self-tests for CTR-KDF (hmac(sha256)) passed
[    3.362393] Block layer SCSI generic (bsg) driver version 0.4 loaded (major 243)
[    3.363247] io scheduler mq-deadline registered
[    3.363740] io scheduler bfq registered
[    3.365002] shpchp: Standard Hot Plug PCI Controller Driver version: 0.4
[    3.366080] IPMI message handler: version 39.2
[    3.366566] ipmi device interface
[    3.368489] input: Power Button as /devices/LNXSYSTM:00/LNXPWRBN:00/input/input0
[    3.369512] ACPI: button: Power Button [PWRF]
[    3.370807] ERST DBG: ERST support is disabled.
[    3.371824] Serial: 8250/16550 driver, 32 ports, IRQ sharing enabled
[    3.373068] 00:04: ttyS0 at I/O 0x3f8 (irq = 4, base_baud = 115200) is a 16550A
[    3.382965] Linux agpgart interface v0.103
[    3.383931] ACPI: bus type drm_connector registered
[    3.396121] brd: module loaded
[    3.403223] loop: module loaded
[    3.407563] scsi host0: ata_piix
[    3.408348] scsi host1: ata_piix
[    3.408839] ata1: PATA max MWDMA2 cmd 0x1f0 ctl 0x3f6 bmdma 0xc040 irq 14
[    3.409537] ata2: PATA max MWDMA2 cmd 0x170 ctl 0x376 bmdma 0xc048 irq 15
[    3.411457] tun: Universal TUN/TAP device driver, 1.6
[    3.412161] e100: Intel(R) PRO/100 Network Driver
[    3.412635] e100: Copyright(c) 1999-2006 Intel Corporation
[    3.413215] e1000: Intel(R) PRO/1000 Network Driver
[    3.413658] e1000: Copyright (c) 1999-2006 Intel Corporation.
[    3.569411] ata2: found unknown device (class 0)
[    3.570135] ata1: found unknown device (class 0)
[    3.570944] ata2.00: ATAPI: QEMU DVD-ROM, 2.5+, max UDMA/100
[    3.571813] ata1.00: ATA-7: QEMU HARDDISK, 2.5+, max UDMA/100
[    3.572287] ata1.00: 16777216 sectors, multi 16: LBA48 
[    3.573853] scsi 0:0:0:0: Direct-Access     ATA      QEMU HARDDISK    2.5+ PQ: 0 ANSI: 5
[    3.575447] scsi 0:0:0:0: Attached scsi generic sg0 type 0
[    3.576423] scsi 1:0:0:0: CD-ROM            QEMU     QEMU DVD-ROM     2.5+ PQ: 0 ANSI: 5
[    3.576534] sd 0:0:0:0: [sda] 16777216 512-byte logical blocks: (8.59 GB/8.00 GiB)
[    3.577946] sd 0:0:0:0: [sda] Write Protect is off
[    3.578477] sd 0:0:0:0: [sda] Write cache: enabled, read cache: enabled, doesn't support DPO or FUA
[    3.579271] sd 0:0:0:0: [sda] Preferred minimum I/O size 512 bytes
[    3.598410] ACPI: \_SB_.LNKC: Enabled at IRQ 11
[    3.602617] sd 0:0:0:0: [sda] Attached SCSI disk
[    3.610222] scsi 1:0:0:0: Attached scsi generic sg1 type 5
[    3.920182] e1000 0000:00:03.0 eth0: (PCI:33MHz:32-bit) 52:54:00:12:34:56
[    3.920764] e1000 0000:00:03.0 eth0: Intel(R) PRO/1000 Network Connection
[    3.921422] e1000e: Intel(R) PRO/1000 Network Driver
[    3.921820] e1000e: Copyright(c) 1999 - 2015 Intel Corporation.
[    3.922349] igb: Intel(R) Gigabit Ethernet Network Driver
[    3.922777] igb: Copyright (c) 2007-2014 Intel Corporation.
[    3.923360] PPP generic driver version 2.4.2
[    3.924306] VFIO - User Level meta-driver version: 0.3
[    3.925283] usbcore: registered new interface driver uas
[    3.925781] usbcore: registered new interface driver usb-storage
[    3.926402] i8042: PNP: PS/2 Controller [PNP0303:KBD,PNP0f13:MOU] at 0x60,0x64 irq 1,12
[    3.927737] serio: i8042 KBD port at 0x60,0x64 irq 1
[    3.928190] serio: i8042 AUX port at 0x60,0x64 irq 12
[    3.929287] mousedev: PS/2 mouse device common for all mice
[    3.930580] input: AT Translated Set 2 keyboard as /devices/platform/i8042/serio0/input/input1
[    3.931601] rtc_cmos 00:05: RTC can wake from S4
[    3.932286] input: VirtualPS/2 VMware VMMouse as /devices/platform/i8042/serio1/input/input4
[    3.933596] rtc_cmos 00:05: registered as rtc0
[    3.933706] input: VirtualPS/2 VMware VMMouse as /devices/platform/i8042/serio1/input/input3
[    3.934165] rtc_cmos 00:05: setting system clock to 2022-12-27T17:51:02 UTC (1672163462)
[    3.935688] rtc_cmos 00:05: alarms up to one day, y3k, 242 bytes nvram, hpet irqs
[    3.936508] i2c_dev: i2c /dev entries driver
[    3.936992] device-mapper: core: CONFIG_IMA_DISABLE_HTABLE is disabled. Duplicate IMA measurements will not be recorded in the IMA log.
[    3.938205] device-mapper: uevent: version 1.0.3
[    3.938846] device-mapper: ioctl: 4.47.0-ioctl (2022-07-28) initialised: dm-devel@redhat.com
[    3.939687] intel_pstate: CPU model not supported
[    3.940229] sdhci: Secure Digital Host Controller Interface driver
[    3.940826] sdhci: Copyright(c) Pierre Ossman
[    3.941343] sdhci-pltfm: SDHCI platform and OF driver helper
[    3.941992] ledtrig-cpu: registered to indicate activity on CPUs
[    3.942910] drop_monitor: Initializing network drop monitor service
[    3.943725] NET: Registered PF_INET6 protocol family
[    3.945869] Segment Routing with IPv6
[    3.946268] In-situ OAM (IOAM) with IPv6
[    3.946692] NET: Registered PF_PACKET protocol family
[    3.947372] 9pnet: Installing 9P2000 support
[    3.947865] Key type dns_resolver registered
[    3.949085] IPI shorthand broadcast: enabled
[    3.949602] sched_clock: Marking stable (3938486672, 11035914)->(3966733388, -17210802)
[    3.950982] registered taskstats version 1
[    3.951546] Loading compiled-in X.509 certificates
[    3.952298] zswap: loaded using pool lzo/zbud
[    3.967859] Key type .fscrypt registered
[    3.968267] Key type fscrypt-provisioning registered
[    3.969624] Key type encrypted registered
[    3.970060] ima: No TPM chip found, activating TPM-bypass!
[    3.970598] ima: Allocated hash algorithm: sha1
[    3.971080] ima: No architecture policies found
[    3.971605] evm: Initialising EVM extended attributes:
[    3.972116] evm: security.selinux
[    3.972450] evm: security.SMACK64
[    3.972783] evm: security.SMACK64EXEC
[    3.973149] evm: security.SMACK64TRANSMUTE
[    3.973572] evm: security.SMACK64MMAP
[    3.973937] evm: security.apparmor
[    3.974270] evm: security.ima
[    3.974563] evm: security.capability
[    3.974912] evm: HMAC attrs: 0x1
[    3.978861] PM:   Magic number: 2:658:846
[    3.979658] RAS: Correctable Errors collector initialized.
[    3.980808] md: Waiting for all devices to be available before autodetect
[    3.981330] md: If you don't use raid, use raid=noautodetect
[    3.981749] md: Autodetecting RAID arrays.
[    3.982055] md: autorun ...
[    3.982263] md: ... autorun DONE.
[    3.986701] EXT4-fs (sda): INFO: recovery required on readonly filesystem
[    3.987246] EXT4-fs (sda): write access will be enabled during recovery
[    4.136965] EXT4-fs (sda): recovery complete
[    4.155022] EXT4-fs (sda): mounted filesystem 23a53bb9-f815-47a5-b74c-5e08f7731193 with ordered data mode. Quota mode: none.
[    4.155922] VFS: Mounted root (ext4 filesystem) readonly on device 8:0.
[    4.156966] devtmpfs: mounted
[    4.166412] Freeing unused decrypted memory: 2036K
[    4.168095] Freeing unused kernel image (initmem) memory: 3672K
[    4.168557] Write protecting the kernel read-only data: 43008k
[    4.171492] Freeing unused kernel image (text/rodata gap) memory: 2028K
[    4.172357] Freeing unused kernel image (rodata/data gap) memory: 360K
[    4.261970] x86/mm: Checked W+X mappings: passed, no W+X pages found.
[    4.262478] Run /sbin/init as init process
[    4.345575] systemd[1]: RTC configured in localtime, applying delta of 0 minutes to system time.
[    4.373432] systemd[1]: systemd 239 (239-49.el8) running in system mode. (+PAM +AUDIT +SELINUX +IMA -APPARMOR +SMACK +SYSVINIT +UTMP +LIBCRYPTSETUP +GCRYPT +GNUTLS +ACL +XZ +LZ4 +SECCOMP +BLKID +ELFUTILS +KMOD +IDN2 -IDN +PCRE2 default-hierarchy=legacy)
[    4.375233] systemd[1]: Detected virtualization kvm.
[    4.375616] systemd[1]: Detected architecture x86-64.

Welcome to [0;31mCentOS Stream 8[0m!

[    4.432341] systemd[1]: Set hostname to <test>.
[    4.691391] systemd[1]: Created slice system-getty.slice.
[[0;32m  OK  [0m] Created slice system-getty.slice.
[    4.692790] systemd[1]: Listening on LVM2 poll daemon socket.
[[0;32m  OK  [0m] Listening on LVM2 poll daemon socket.
[    4.694605] systemd[1]: Created slice system-sshd\x2dkeygen.slice.
[[0;32m  OK  [0m] Created slice system-sshd\x2dkeygen.slice.
[    4.695945] systemd[1]: Listening on Journal Socket (/dev/log).
[[0;32m  OK  [0m] Listening on Journal Socket (/dev/log).
[    4.697096] systemd[1]: Listening on udev Kernel Socket.
[[0;32m  OK  [0m] Listening on udev Kernel Socket.
[    4.698282] systemd[1]: Listening on Journal Socket.
[[0;32m  OK  [0m] Listening on Journal Socket.
         Starting Setup Virtual Console...
         Starting Remount Root and Kernel File Systems...
         Mounting Huge Pages File System...
[[0;32m  OK  [0m] Listening on udev Control Socket.
[[0;32m  OK  [0m] Listening on initctl Compatibility Named Pipe.
         Mounting Kernel Debug File System...
[[0;32m  OK  [0m] Created slice system-serial\x2dgetty.slice.
[[0;32m  OK  [0m] Created slice User and Session Slice.
[[0;32m  OK  [0m] Reached target Slices.
[[0;32m  OK  [0m] Started Forward Password Requests to Wall Directory Watch.
         Starting udev Coldplug all Devices...
[[0;32m  OK  [0m] Listening on Device-mapper event daemon FIFOs.
         Starting Monitoring of LVM2 mirrorsâ€¦ng dmeventd or progress polling...
         Starting Load Kernel Modules...
[[0;32m  OK  [0m] Listening on Process Core Dump Socket.
[[0;32m  OK  [0m] Reached target Swap.
         Starting Journal Service...
         Mounting POSIX Message Queue File System...
[[0;32m  OK  [0m] Set up automount Arbitrary Executabâ€¦rmats File System Automount Point.
[[0;32m  OK  [0m] Listening on RPCbind Server Activation Socket.
[[0;32m  OK  [0m] Reached target RPC Port Mapper.
[[0;32m  OK  [0m] Listening on multipathd control socket.
[    4.992189] EXT4-fs (sda): re-mounted 23a53bb9-f815-47a5-b74c-5e08f7731193. Quota mode: none.
[[0;32m  OK  [0m] Started Remount Root and Kernel File Systems.
[[0;32m  OK  [0m] Mounted Huge Pages File System.
[[0;32m  OK  [0m] Mounted Kernel Debug File System.
[[0;1;31mFAILED[0m] Failed to start Load Kernel Modules.
See 'systemctl status systemd-modules-load.service' for details.
[[0;32m  OK  [0m] Started Journal Service.
[[0;32m  OK  [0m] Mounted POSIX Message Queue File System.
[[0;32m  OK  [0m] Started Setup Virtual Console.
         Mounting Kernel Configuration File System...
         Mounting FUSE Control File System...
         Starting Apply Kernel Variables...
         Starting Load/Save Random Seed...
         Starting Flush Journal to Persistent Storage...
         Starting Create Static Device Nodes in /dev...
[[0;32m  OK  [0m] Mounted Kernel Configuration File System.
[[0;32m  OK  [0m] Mounted FUSE Control File System.
[[0;32m  OK  [0m] Started Load/Save Random Seed.
[[0;32m  OK  [0m] Started Apply Kernel Variables.
[[0;32m  OK  [0m] Started Create Static Device Nodes in /dev.
         Starting udev Kernel Device Manager...
[[0;32m  OK  [0m] Started udev Coldplug all Devices.
         Starting udev Wait for Complete Device Initialization...
[[0;32m  OK  [0m] Started Flush Journal to Persistent Storage.
[[0;32m  OK  [0m] Started udev Kernel Device Manager.
         Starting Show Plymouth Boot Screen...
[[0;32m  OK  [0m] Started Show Plymouth Boot Screen.
[[0;32m  OK  [0m] Reached target Local Encrypted Volumes.
[[0;32m  OK  [0m] Reached target Paths.
[[0;32m  OK  [0m] Started Forward Password Requests to Plymouth Directory Watch.
[[0;32m  OK  [0m] Found device /dev/ttyS0.
[[0;32m  OK  [0m] Started Monitoring of LVM2 mirrors,â€¦sing dmeventd or progress polling.
[[0;32m  OK  [0m] Started udev Wait for Complete Device Initialization.
[[0;32m  OK  [0m] Listening on Load/Save RF Kill Switch Status /dev/rfkill Watch.
[[0;32m  OK  [0m] Reached target Local File Systems (Pre).
[[0;32m  OK  [0m] Reached target Local File Systems.
         Starting Tell Plymouth To Write Out Runtime Data...
         Starting Create Volatile Files and Directories...
         Starting Restore /run/initramfs on shutdown...
[[0;32m  OK  [0m] Started Tell Plymouth To Write Out Runtime Data.
[[0;32m  OK  [0m] Started Create Volatile Files and Directories.
[[0;32m  OK  [0m] Started Restore /run/initramfs on shutdown.
         Starting RPC Bind...
         Starting Security Auditing Service...
         Mounting RPC Pipe File System...
[[0;32m  OK  [0m] Mounted RPC Pipe File System.
[[0;32m  OK  [0m] Reached target rpc_pipefs.target.
[[0;32m  OK  [0m] Started RPC Bind.
[[0;32m  OK  [0m] Started Security Auditing Service.
         Starting Update UTMP about System Boot/Shutdown...
[[0;32m  OK  [0m] Started Update UTMP about System Boot/Shutdown.
[[0;32m  OK  [0m] Reached target System Initialization.
[[0;32m  OK  [0m] Started daily update of the root trust anchor for DNSSEC.
[[0;32m  OK  [0m] Listening on D-Bus System Message Bus Socket.
[[0;32m  OK  [0m] Listening on SSSD Kerberos Cache Manager responder socket.
[[0;32m  OK  [0m] Reached target Sockets.
[[0;32m  OK  [0m] Started dnf makecache --timer.
[[0;32m  OK  [0m] Started Daily Cleanup of Temporary Directories.
[[0;32m  OK  [0m] Reached target Timers.
[[0;32m  OK  [0m] Reached target Basic System.
         Starting Self Monitoring and Reporting Technology (SMART) Daemon...
[[0;32m  OK  [0m] Started irqbalance daemon.
[[0;32m  OK  [0m] Reached target sshd-keygen.target.
[[0;32m  OK  [0m] Started D-Bus System Message Bus.
         Starting Authorization Manager...
         Starting Auto-connect to subsystemsâ€¦-NVME devices found during boot...
[[0;32m  OK  [0m] Started Machine Check Exception Logging Daemon.
         Starting Login Service...
         Starting NTP client/server...
         Starting Network Manager...
[[0;32m  OK  [0m] Started Self Monitoring and Reporting Technology (SMART) Daemon.
[[0;32m  OK  [0m] Started Auto-connect to subsystems â€¦FC-NVME devices found during boot.
         Starting update of the root trust aâ€¦or DNSSEC validation in unbound...
[[0;32m  OK  [0m] Started Login Service.
[[0;32m  OK  [0m] Started update of the root trust anâ€¦ for DNSSEC validation in unbound.
[[0;32m  OK  [0m] Started Network Manager.
         Starting Network Manager Wait Online...
[[0;32m  OK  [0m] Reached target Network.
         Starting GSSAPI Proxy Daemon...
         Starting Dynamic System Tuning Daemon...
         Starting OpenSSH server daemon...
[[0;32m  OK  [0m] Started NTP client/server.
[[0;32m  OK  [0m] Started Authorization Manager.
         Starting Hostname Service...
[[0;32m  OK  [0m] Started OpenSSH server daemon.
[[0;32m  OK  [0m] Started GSSAPI Proxy Daemon.
[[0;32m  OK  [0m] Reached target NFS client services.
[[0;32m  OK  [0m] Reached target Remote File Systems (Pre).
[[0;32m  OK  [0m] Reached target Remote File Systems.
         Starting Permit User Sessions...
[[0;32m  OK  [0m] Started Permit User Sessions.
[[0;32m  OK  [0m] Started Command Scheduler.
         Starting Terminate Plymouth Boot Screen...
         Starting Hold until boot process finishes up...
[    7.269429] e1000: eth0 NIC Link is Up 1000 Mbps Full Duplex, Flow Control: RX
[    7.270281] IPv6: ADDRCONF(NETDEV_CHANGE): eth0: link becomes ready
[    7.484206] Spectre V2 : WARNING: Unprivileged eBPF is enabled with eIBRS on, data leaks possible via Spectre v2 BHB attacks!
[    7.485081] Spectre V2 : WARNING: Unprivileged eBPF is enabled with eIBRS on, data leaks possible via Spectre v2 BHB attacks!

CentOS Stream 8
Kernel 6.1.0-8715c6d3100f+ on an x86_64

test login: [   28.574158] sg_write: data in/out 3278044/1 bytes for SCSI command 0x3c-- guessing data in;
[   28.574158]    program repro not setting count and/or reply_len properly
[   28.577637] ------------[ cut here ]------------
[   28.577908] WARNING: CPU: 1 PID: 579 at lib/iov_iter.c:629 _copy_from_iter+0x130/0xa60
[   28.578363] Modules linked in:
[   28.578545] CPU: 1 PID: 579 Comm: repro Not tainted 6.1.0-8715c6d3100f+ #1
[   28.578926] Hardware name: QEMU Standard PC (i440FX + PIIX, 1996), BIOS rel-1.16.0-0-gd239552ce722-prebuilt.qemu.org 04/01/2014
[   28.579554] RIP: 0010:_copy_from_iter+0x130/0xa60
[   28.579830] Code: 41 5e 41 5f 5d c3 cc cc cc cc e8 bb ca 5e ff be 79 02 00 00 48 c7 c7 9f 28 73 83 e8 fa 04 7f ff e9 3f ff ff ff e8 a0 ca 5e ff <0f> 0b 31 db eb ac e8 95 ca 5e ff 31 ff 44 89 f6 e8 9b cb 5e ff 45
[   28.580832] RSP: 0018:ffffc90000fd78e0 EFLAGS: 00010246
[   28.581130] RAX: 0000000000000000 RBX: 0000000000001000 RCX: ffffffff81caec03
[   28.581629] RDX: 0000000000000000 RSI: ffff888014c88000 RDI: 0000000000000002
[   28.582028] RBP: ffffc90000fd7970 R08: 0000000000000000 R09: 000000000000ffff
[   28.582421] R10: ffffea000053f000 R11: 0000000000000000 R12: ffffc90000fd7a28
[   28.582815] R13: 0000000000000000 R14: ffffea0000532c00 R15: 0000000000000000
[   28.583224] FS:  00007fd210eeb740(0000) GS:ffff88807dd00000(0000) knlGS:0000000000000000
[   28.583667] CS:  0010 DS: 0000 ES: 0000 CR0: 0000000080050033
[   28.583990] CR2: 0000000000000000 CR3: 000000000bd10001 CR4: 0000000000770ee0
[   28.584383] PKRU: 55555554
[   28.584545] Call Trace:
[   28.584690]  <TASK>
[   28.584820]  ? __sanitizer_cov_trace_pc+0x25/0x60
[   28.585093]  ? bio_add_hw_page+0x234/0x2e0
[   28.585353]  ? write_comp_data+0x2f/0x90
[   28.585592]  copy_page_from_iter+0x1aa/0x370
[   28.585849]  ? write_comp_data+0x2f/0x90
[   28.586082]  blk_rq_map_user_iov+0x531/0xa70
[   28.586346]  blk_rq_map_user+0x86/0xc0
[   28.586574]  blk_rq_map_user_io+0xbe/0xd0
[   28.586819]  sg_common_write.isra.22+0x5fd/0xb10
[   28.587095]  sg_write+0x43a/0x750
[   28.587307]  ? write_comp_data+0x2f/0x90
[   28.587537]  ? __sanitizer_cov_trace_pc+0x25/0x60
[   28.587808]  ? iovec_from_user.part.28+0x132/0x370
[   28.588090]  ? write_comp_data+0x2f/0x90
[   28.588319]  ? write_comp_data+0x2f/0x90
[   28.588550]  ? __sanitizer_cov_trace_pc+0x25/0x60
[   28.588822]  ? write_comp_data+0x2f/0x90
[   28.589056]  do_iter_write+0x273/0x320
[   28.589300]  vfs_writev+0xd2/0x3d0
[   28.589513]  ? write_comp_data+0x2f/0x90
[   28.589746]  ? __sanitizer_cov_trace_pc+0x25/0x60
[   28.590018]  ? write_comp_data+0x2f/0x90
[   28.590258]  do_writev+0xa6/0x1c0
[   28.590462]  ? do_writev+0xa6/0x1c0
[   28.590681]  __x64_sys_writev+0x29/0x30
[   28.590914]  do_syscall_64+0x3b/0x90
[   28.591136]  entry_SYSCALL_64_after_hwframe+0x63/0xcd
[   28.591432] RIP: 0033:0x7fd21101059d
[   28.591644] Code: 00 c3 66 2e 0f 1f 84 00 00 00 00 00 90 f3 0f 1e fa 48 89 f8 48 89 f7 48 89 d6 48 89 ca 4d 89 c2 4d 89 c8 4c 8b 4c 24 08 0f 05 <48> 3d 01 f0 ff ff 73 01 c3 48 8b 0d d3 08 0d 00 f7 d8 64 89 01 48
[   28.592639] RSP: 002b:00007ffe3e124a08 EFLAGS: 00000283 ORIG_RAX: 0000000000000014
[   28.593064] RAX: ffffffffffffffda RBX: 0000000000000000 RCX: 00007fd21101059d
[   28.593472] RDX: 0000000000000002 RSI: 00000000200000c0 RDI: 0000000000000003
[   28.593865] RBP: 00007ffe3e124a20 R08: 00007ffe3e124b00 R09: 00007ffe3e124b00
[   28.594256] R10: 002367732f766564 R11: 0000000000000283 R12: 00000000004010a0
[   28.594652] R13: 00007ffe3e124b00 R14: 0000000000000000 R15: 0000000000000000
[   28.595051]  </TASK>
[   28.595186] irq event stamp: 5439
[   28.595378] hardirqs last  enabled at (5447): [<ffffffff811b9361>] __up_console_sem+0x91/0xb0
[   28.595848] hardirqs last disabled at (5454): [<ffffffff811b9346>] __up_console_sem+0x76/0xb0
[   28.596309] softirqs last  enabled at (5054): [<ffffffff83000329>] __do_softirq+0x329/0x490
[   28.596771] softirqs last disabled at (4655): [<ffffffff811125e2>] irq_exit_rcu+0xd2/0x100
[   28.597224] ---[ end trace 0000000000000000 ]---
[   28.601049] sg_write: data in/out 3278044/1 bytes for SCSI command 0x3c-- guessing data in;
[   28.601049]    program repro not setting count and/or reply_len properly
[   28.605783] sg_write: data in/out 3278044/1 bytes for SCSI command 0x3c-- guessing data in;
[   28.605783]    program repro not setting count and/or reply_len properly
[   28.612869] sg_write: data in/out 3278044/1 bytes for SCSI command 0x3c-- guessing data in;
[   28.612869]    program repro not setting count and/or reply_len properly
[   28.617513] sg_write: data in/out 3278044/1 bytes for SCSI command 0x3c-- guessing data in;
[   28.617513]    program repro not setting count and/or reply_len properly
[   28.622269] sg_write: data in/out 3278044/1 bytes for SCSI command 0x3c-- guessing data in;
[   28.622269]    program repro not setting count and/or reply_len properly
[   28.627551] sg_write: data in/out 3278044/1 bytes for SCSI command 0x3c-- guessing data in;
[   28.627551]    program repro not setting count and/or reply_len properly
[   28.632019] sg_write: data in/out 3278044/1 bytes for SCSI command 0x3c-- guessing data in;
[   28.632019]    program repro not setting count and/or reply_len properly
[   28.636764] sg_write: data in/out 3278044/1 bytes for SCSI command 0x3c-- guessing data in;
[   28.636764]    program repro not setting count and/or reply_len properly
[   28.641206] sg_write: data in/out 3278044/1 bytes for SCSI command 0x3c-- guessing data in;
[   28.641206]    program repro not setting count and/or reply_len properly
[   33.577801] sg_write: 1128 callbacks suppressed
[   33.577810] sg_write: data in/out 3278044/1 bytes for SCSI command 0x3c-- guessing data in;
[   33.577810]    program repro not setting count and/or reply_len properly
[   33.582595] sg_write: data in/out 3278044/1 bytes for SCSI command 0x3c-- guessing data in;
[   33.582595]    program repro not setting count and/or reply_len properly
[   33.587156] sg_write: data in/out 3278044/1 bytes for SCSI command 0x3c-- guessing data in;
[   33.587156]    program repro not setting count and/or reply_len properly
[   33.591850] sg_write: data in/out 3278044/1 bytes for SCSI command 0x3c-- guessing data in;
[   33.591850]    program repro not setting count and/or reply_len properly
[   33.596607] sg_write: data in/out 3278044/1 bytes for SCSI command 0x3c-- guessing data in;
[   33.596607]    program repro not setting count and/or reply_len properly
[   33.601393] sg_write: data in/out 3278044/1 bytes for SCSI command 0x3c-- guessing data in;
[   33.601393]    program repro not setting count and/or reply_len properly
[   33.605993] sg_write: data in/out 3278044/1 bytes for SCSI command 0x3c-- guessing data in;
[   33.605993]    program repro not setting count and/or reply_len properly
[   33.610558] sg_write: data in/out 3278044/1 bytes for SCSI command 0x3c-- guessing data in;
[   33.610558]    program repro not setting count and/or reply_len properly
[   33.615072] sg_write: data in/out 3278044/1 bytes for SCSI command 0x3c-- guessing data in;
[   33.615072]    program repro not setting count and/or reply_len properly
[   33.619654] sg_write: data in/out 3278044/1 bytes for SCSI command 0x3c-- guessing data in;
[   33.619654]    program repro not setting count and/or reply_len properly
[   38.584781] sg_write: 1335 callbacks suppressed
[   38.584790] sg_write: data in/out 3278044/1 bytes for SCSI command 0x3c-- guessing data in;
[   38.584790]    program repro not setting count and/or reply_len properly
[   38.589785] sg_write: data in/out 3278044/1 bytes for SCSI command 0x3c-- guessing data in;
[   38.589785]    program repro not setting count and/or reply_len properly
[   38.594401] sg_write: data in/out 3278044/1 bytes for SCSI command 0x3c-- guessing data in;
[   38.594401]    program repro not setting count and/or reply_len properly
[   38.599020] sg_write: data in/out 3278044/1 bytes for SCSI command 0x3c-- guessing data in;
[   38.599020]    program repro not setting count and/or reply_len properly
[   38.603690] sg_write: data in/out 3278044/1 bytes for SCSI command 0x3c-- guessing data in;
[   38.603690]    program repro not setting count and/or reply_len properly
[   38.608213] sg_write: data in/out 3278044/1 bytes for SCSI command 0x3c-- guessing data in;
[   38.608213]    program repro not setting count and/or reply_len properly
[   38.612863] sg_write: data in/out 3278044/1 bytes for SCSI command 0x3c-- guessing data in;
[   38.612863]    program repro not setting count and/or reply_len properly
[   38.617494] sg_write: data in/out 3278044/1 bytes for SCSI command 0x3c-- guessing data in;
[   38.617494]    program repro not setting count and/or reply_len properly
[   38.622124] sg_write: data in/out 3278044/1 bytes for SCSI command 0x3c-- guessing data in;
[   38.622124]    program repro not setting count and/or reply_len properly
[   38.626845] sg_write: data in/out 3278044/1 bytes for SCSI command 0x3c-- guessing data in;
[   38.626845]    program repro not setting count and/or reply_len properly
[   43.588230] sg_write: 1334 callbacks suppressed
[   43.588239] sg_write: data in/out 3278044/1 bytes for SCSI command 0x3c-- guessing data in;
[   43.588239]    program repro not setting count and/or reply_len properly
[   43.593136] sg_write: data in/out 3278044/1 bytes for SCSI command 0x3c-- guessing data in;
[   43.593136]    program repro not setting count and/or reply_len properly
[   43.597815] sg_write: data in/out 3278044/1 bytes for SCSI command 0x3c-- guessing data in;
[   43.597815]    program repro not setting count and/or reply_len properly
[   43.602383] sg_write: data in/out 3278044/1 bytes for SCSI command 0x3c-- guessing data in;
[   43.602383]    program repro not setting count and/or reply_len properly
[   43.606936] sg_write: data in/out 3278044/1 bytes for SCSI command 0x3c-- guessing data in;
[   43.606936]    program repro not setting count and/or reply_len properly
[   43.611427] sg_write: data in/out 3278044/1 bytes for SCSI command 0x3c-- guessing data in;
[   43.611427]    program repro not setting count and/or reply_len properly
[   43.615742] sg_write: data in/out 3278044/1 bytes for SCSI command 0x3c-- guessing data in;
[   43.615742]    program repro not setting count and/or reply_len properly
[   43.620245] sg_write: data in/out 3278044/1 bytes for SCSI command 0x3c-- guessing data in;
[   43.620245]    program repro not setting count and/or reply_len properly
[   43.624975] sg_write: data in/out 3278044/1 bytes for SCSI command 0x3c-- guessing data in;
[   43.624975]    program repro not setting count and/or reply_len properly
[   43.629580] sg_write: data in/out 3278044/1 bytes for SCSI command 0x3c-- guessing data in;
[   43.629580]    program repro not setting count and/or reply_len properly
[   48.592334] sg_write: 1312 callbacks suppressed
[   48.592343] sg_write: data in/out 3278044/1 bytes for SCSI command 0x3c-- guessing data in;
[   48.592343]    program repro not setting count and/or reply_len properly
[   48.597023] sg_write: data in/out 3278044/1 bytes for SCSI command 0x3c-- guessing data in;
[   48.597023]    program repro not setting count and/or reply_len properly
[   48.601513] sg_write: data in/out 3278044/1 bytes for SCSI command 0x3c-- guessing data in;
[   48.601513]    program repro not setting count and/or reply_len properly
[   48.605883] sg_write: data in/out 3278044/1 bytes for SCSI command 0x3c-- guessing data in;
[   48.605883]    program repro not setting count and/or reply_len properly
[   48.610342] sg_write: data in/out 3278044/1 bytes for SCSI command 0x3c-- guessing data in;
[   48.610342]    program repro not setting count and/or reply_len properly
[   48.614770] sg_write: data in/out 3278044/1 bytes for SCSI command 0x3c-- guessing data in;
[   48.614770]    program repro not setting count and/or reply_len properly
[   48.619373] sg_write: data in/out 3278044/1 bytes for SCSI command 0x3c-- guessing data in;
[   48.619373]    program repro not setting count and/or reply_len properly
[   48.623992] sg_write: data in/out 3278044/1 bytes for SCSI command 0x3c-- guessing data in;
[   48.623992]    program repro not setting count and/or reply_len properly
[   48.628363] sg_write: data in/out 3278044/1 bytes for SCSI command 0x3c-- guessing data in;
[   48.628363]    program repro not setting count and/or reply_len properly
[   48.633071] sg_write: data in/out 3278044/1 bytes for SCSI command 0x3c-- guessing data in;
[   48.633071]    program repro not setting count and/or reply_len properly
[   53.595349] sg_write: 1307 callbacks suppressed
[   53.595359] sg_write: data in/out 3278044/1 bytes for SCSI command 0x3c-- guessing data in;
[   53.595359]    program repro not setting count and/or reply_len properly
[   53.600371] sg_write: data in/out 3278044/1 bytes for SCSI command 0x3c-- guessing data in;
[   53.600371]    program repro not setting count and/or reply_len properly
[   53.605047] sg_write: data in/out 3278044/1 bytes for SCSI command 0x3c-- guessing data in;
[   53.605047]    program repro not setting count and/or reply_len properly
[   53.609728] sg_write: data in/out 3278044/1 bytes for SCSI command 0x3c-- guessing data in;
[   53.609728]    program repro not setting count and/or reply_len properly
[   53.614232] sg_write: data in/out 3278044/1 bytes for SCSI command 0x3c-- guessing data in;
[   53.614232]    program repro not setting count and/or reply_len properly
[   53.618553] sg_write: data in/out 3278044/1 bytes for SCSI command 0x3c-- guessing data in;
[   53.618553]    program repro not setting count and/or reply_len properly
[   53.623210] sg_write: data in/out 3278044/1 bytes for SCSI command 0x3c-- guessing data in;
[   53.623210]    program repro not setting count and/or reply_len properly
[   53.627839] sg_write: data in/out 3278044/1 bytes for SCSI command 0x3c-- guessing data in;
[   53.627839]    program repro not setting count and/or reply_len properly
[   53.632640] sg_write: data in/out 3278044/1 bytes for SCSI command 0x3c-- guessing data in;
[   53.632640]    program repro not setting count and/or reply_len properly
[   53.637371] sg_write: data in/out 3278044/1 bytes for SCSI command 0x3c-- guessing data in;
[   53.637371]    program repro not setting count and/or reply_len properly
[   58.599851] sg_write: 1320 callbacks suppressed
[   58.599861] sg_write: data in/out 3278044/1 bytes for SCSI command 0x3c-- guessing data in;
[   58.599861]    program repro not setting count and/or reply_len properly
[   58.604641] sg_write: data in/out 3278044/1 bytes for SCSI command 0x3c-- guessing data in;
[   58.604641]    program repro not setting count and/or reply_len properly
[   58.609081] sg_write: data in/out 3278044/1 bytes for SCSI command 0x3c-- guessing data in;
[   58.609081]    program repro not setting count and/or reply_len properly
[   58.613779] sg_write: data in/out 3278044/1 bytes for SCSI command 0x3c-- guessing data in;
[   58.613779]    program repro not setting count and/or reply_len properly
[   58.618173] sg_write: data in/out 3278044/1 bytes for SCSI command 0x3c-- guessing data in;
[   58.618173]    program repro not setting count and/or reply_len properly
[   58.622700] sg_write: data in/out 3278044/1 bytes for SCSI command 0x3c-- guessing data in;
[   58.622700]    program repro not setting count and/or reply_len properly
[   58.627057] sg_write: data in/out 3278044/1 bytes for SCSI command 0x3c-- guessing data in;
[   58.627057]    program repro not setting count and/or reply_len properly
[   58.631377] sg_write: data in/out 3278044/1 bytes for SCSI command 0x3c-- guessing data in;
[   58.631377]    program repro not setting count and/or reply_len properly
[   58.635676] sg_write: data in/out 3278044/1 bytes for SCSI command 0x3c-- guessing data in;
[   58.635676]    program repro not setting count and/or reply_len properly
[   58.640087] sg_write: data in/out 3278044/1 bytes for SCSI command 0x3c-- guessing data in;
[   58.640087]    program repro not setting count and/or reply_len properly
[   63.604551] sg_write: 1339 callbacks suppressed
[   63.604560] sg_write: data in/out 3278044/1 bytes for SCSI command 0x3c-- guessing data in;
[   63.604560]    program repro not setting count and/or reply_len properly
[   63.610767] sg_write: data in/out 3278044/1 bytes for SCSI command 0x3c-- guessing data in;
[   63.610767]    program repro not setting count and/or reply_len properly
[   63.615305] sg_write: data in/out 3278044/1 bytes for SCSI command 0x3c-- guessing data in;
[   63.615305]    program repro not setting count and/or reply_len properly
[   63.619713] sg_write: data in/out 3278044/1 bytes for SCSI command 0x3c-- guessing data in;
[   63.619713]    program repro not setting count and/or reply_len properly
[   63.624694] sg_write: data in/out 3278044/1 bytes for SCSI command 0x3c-- guessing data in;
[   63.624694]    program repro not setting count and/or reply_len properly
[   63.629243] sg_write: data in/out 3278044/1 bytes for SCSI command 0x3c-- guessing data in;
[   63.629243]    program repro not setting count and/or reply_len properly
[   63.633626] sg_write: data in/out 3278044/1 bytes for SCSI command 0x3c-- guessing data in;
[   63.633626]    program repro not setting count and/or reply_len properly
[   63.638080] sg_write: data in/out 3278044/1 bytes for SCSI command 0x3c-- guessing data in;
[   63.638080]    program repro not setting count and/or reply_len properly
[   63.642369] sg_write: data in/out 3278044/1 bytes for SCSI command 0x3c-- guessing data in;
[   63.642369]    program repro not setting count and/or reply_len properly
[   63.647079] sg_write: data in/out 3278044/1 bytes for SCSI command 0x3c-- guessing data in;
[   63.647079]    program repro not setting count and/or reply_len properly
[   68.606351] sg_write: 1329 callbacks suppressed
[   68.606360] sg_write: data in/out 3278044/1 bytes for SCSI command 0x3c-- guessing data in;
[   68.606360]    program repro not setting count and/or reply_len properly
[   68.611043] sg_write: data in/out 3278044/1 bytes for SCSI command 0x3c-- guessing data in;
[   68.611043]    program repro not setting count and/or reply_len properly
[   68.615937] sg_write: data in/out 3278044/1 bytes for SCSI command 0x3c-- guessing data in;
[   68.615937]    program repro not setting count and/or reply_len properly
[   68.620726] sg_write: data in/out 3278044/1 bytes for SCSI command 0x3c-- guessing data in;
[   68.620726]    program repro not setting count and/or reply_len properly
[   68.625427] sg_write: data in/out 3278044/1 bytes for SCSI command 0x3c-- guessing data in;
[   68.625427]    program repro not setting count and/or reply_len properly
[   68.629951] sg_write: data in/out 3278044/1 bytes for SCSI command 0x3c-- guessing data in;
[   68.629951]    program repro not setting count and/or reply_len properly
[   68.634516] sg_write: data in/out 3278044/1 bytes for SCSI command 0x3c-- guessing data in;
[   68.634516]    program repro not setting count and/or reply_len properly
[   68.639412] sg_write: data in/out 3278044/1 bytes for SCSI command 0x3c-- guessing data in;
[   68.639412]    program repro not setting count and/or reply_len properly
[   68.644105] sg_write: data in/out 3278044/1 bytes for SCSI command 0x3c-- guessing data in;
[   68.644105]    program repro not setting count and/or reply_len properly
[   68.648721] sg_write: data in/out 3278044/1 bytes for SCSI command 0x3c-- guessing data in;
[   68.648721]    program repro not setting count and/or reply_len properly
[   73.612807] sg_write: 1348 callbacks suppressed
[   73.612816] sg_write: data in/out 3278044/1 bytes for SCSI command 0x3c-- guessing data in;
[   73.612816]    program repro not setting count and/or reply_len properly
[   73.617834] sg_write: data in/out 3278044/1 bytes for SCSI command 0x3c-- guessing data in;
[   73.617834]    program repro not setting count and/or reply_len properly
[   73.622307] sg_write: data in/out 3278044/1 bytes for SCSI command 0x3c-- guessing data in;
[   73.622307]    program repro not setting count and/or reply_len properly
[   73.626720] sg_write: data in/out 3278044/1 bytes for SCSI command 0x3c-- guessing data in;
[   73.626720]    program repro not setting count and/or reply_len properly
[   73.631126] sg_write: data in/out 3278044/1 bytes for SCSI command 0x3c-- guessing data in;
[   73.631126]    program repro not setting count and/or reply_len properly
[   73.635654] sg_write: data in/out 3278044/1 bytes for SCSI command 0x3c-- guessing data in;
[   73.635654]    program repro not setting count and/or reply_len properly
[   73.640240] sg_write: data in/out 3278044/1 bytes for SCSI command 0x3c-- guessing data in;
[   73.640240]    program repro not setting count and/or reply_len properly
[   73.644846] sg_write: data in/out 3278044/1 bytes for SCSI command 0x3c-- guessing data in;
[   73.644846]    program repro not setting count and/or reply_len properly
[   73.649299] sg_write: data in/out 3278044/1 bytes for SCSI command 0x3c-- guessing data in;
[   73.649299]    program repro not setting count and/or reply_len properly
[   73.653864] sg_write: data in/out 3278044/1 bytes for SCSI command 0x3c-- guessing data in;
[   73.653864]    program repro not setting count and/or reply_len properly
[   78.616900] sg_write: 1329 callbacks suppressed
[   78.616911] sg_write: data in/out 3278044/1 bytes for SCSI command 0x3c-- guessing data in;
[   78.616911]    program repro not setting count and/or reply_len properly
[   78.621912] sg_write: data in/out 3278044/1 bytes for SCSI command 0x3c-- guessing data in;
[   78.621912]    program repro not setting count and/or reply_len properly
[   78.626462] sg_write: data in/out 3278044/1 bytes for SCSI command 0x3c-- guessing data in;
[   78.626462]    program repro not setting count and/or reply_len properly
[   78.631184] sg_write: data in/out 3278044/1 bytes for SCSI command 0x3c-- guessing data in;
[   78.631184]    program repro not setting count and/or reply_len properly
[   78.635814] sg_write: data in/out 3278044/1 bytes for SCSI command 0x3c-- guessing data in;
[   78.635814]    program repro not setting count and/or reply_len properly
[   78.640373] sg_write: data in/out 3278044/1 bytes for SCSI command 0x3c-- guessing data in;
[   78.640373]    program repro not setting count and/or reply_len properly
[   78.644925] sg_write: data in/out 3278044/1 bytes for SCSI command 0x3c-- guessing data in;
[   78.644925]    program repro not setting count and/or reply_len properly
[   78.649594] sg_write: data in/out 3278044/1 bytes for SCSI command 0x3c-- guessing data in;
[   78.649594]    program repro not setting count and/or reply_len properly
[   78.654392] sg_write: data in/out 3278044/1 bytes for SCSI command 0x3c-- guessing data in;
[   78.654392]    program repro not setting count and/or reply_len properly
[   78.658993] sg_write: data in/out 3278044/1 bytes for SCSI command 0x3c-- guessing data in;
[   78.658993]    program repro not setting count and/or reply_len properly
[   83.617537] sg_write: 1318 callbacks suppressed
[   83.617546] sg_write: data in/out 3278044/1 bytes for SCSI command 0x3c-- guessing data in;
[   83.617546]    program repro not setting count and/or reply_len properly
[   83.622253] sg_write: data in/out 3278044/1 bytes for SCSI command 0x3c-- guessing data in;
[   83.622253]    program repro not setting count and/or reply_len properly
[   83.626891] sg_write: data in/out 3278044/1 bytes for SCSI command 0x3c-- guessing data in;
[   83.626891]    program repro not setting count and/or reply_len properly
[   83.631824] sg_write: data in/out 3278044/1 bytes for SCSI command 0x3c-- guessing data in;
[   83.631824]    program repro not setting count and/or reply_len properly
[   83.636742] sg_write: data in/out 3278044/1 bytes for SCSI command 0x3c-- guessing data in;
[   83.636742]    program repro not setting count and/or reply_len properly
[   83.641494] sg_write: data in/out 3278044/1 bytes for SCSI command 0x3c-- guessing data in;
[   83.641494]    program repro not setting count and/or reply_len properly
[   83.646254] sg_write: data in/out 3278044/1 bytes for SCSI command 0x3c-- guessing data in;
[   83.646254]    program repro not setting count and/or reply_len properly
[   83.651152] sg_write: data in/out 3278044/1 bytes for SCSI command 0x3c-- guessing data in;
[   83.651152]    program repro not setting count and/or reply_len properly
[   83.655905] sg_write: data in/out 3278044/1 bytes for SCSI command 0x3c-- guessing data in;
[   83.655905]    program repro not setting count and/or reply_len properly
[   83.660764] sg_write: data in/out 3278044/1 bytes for SCSI command 0x3c-- guessing data in;
[   83.660764]    program repro not setting count and/or reply_len properly
[   88.622850] sg_write: 1328 callbacks suppressed
[   88.622860] sg_write: data in/out 3278044/1 bytes for SCSI command 0x3c-- guessing data in;
[   88.622860]    program repro not setting count and/or reply_len properly
[   88.628103] sg_write: data in/out 3278044/1 bytes for SCSI command 0x3c-- guessing data in;
[   88.628103]    program repro not setting count and/or reply_len properly
[   88.632887] sg_write: data in/out 3278044/1 bytes for SCSI command 0x3c-- guessing data in;
[   88.632887]    program repro not setting count and/or reply_len properly
[   88.637588] sg_write: data in/out 3278044/1 bytes for SCSI command 0x3c-- guessing data in;
[   88.637588]    program repro not setting count and/or reply_len properly
[   88.642712] sg_write: data in/out 3278044/1 bytes for SCSI command 0x3c-- guessing data in;
[   88.642712]    program repro not setting count and/or reply_len properly
[   88.647688] sg_write: data in/out 3278044/1 bytes for SCSI command 0x3c-- guessing data in;
[   88.647688]    program repro not setting count and/or reply_len properly
[   88.652592] sg_write: data in/out 3278044/1 bytes for SCSI command 0x3c-- guessing data in;
[   88.652592]    program repro not setting count and/or reply_len properly
[   88.657286] sg_write: data in/out 3278044/1 bytes for SCSI command 0x3c-- guessing data in;
[   88.657286]    program repro not setting count and/or reply_len properly
[   88.661943] sg_write: data in/out 3278044/1 bytes for SCSI command 0x3c-- guessing data in;
[   88.661943]    program repro not setting count and/or reply_len properly
[   88.666567] sg_write: data in/out 3278044/1 bytes for SCSI command 0x3c-- guessing data in;
[   88.666567]    program repro not setting count and/or reply_len properly
[   93.627207] sg_write: 1338 callbacks suppressed
[   93.627217] sg_write: data in/out 3278044/1 bytes for SCSI command 0x3c-- guessing data in;
[   93.627217]    program repro not setting count and/or reply_len properly
[   93.632171] sg_write: data in/out 3278044/1 bytes for SCSI command 0x3c-- guessing data in;
[   93.632171]    program repro not setting count and/or reply_len properly
[   93.636976] sg_write: data in/out 3278044/1 bytes for SCSI command 0x3c-- guessing data in;
[   93.636976]    program repro not setting count and/or reply_len properly
[   93.641915] sg_write: data in/out 3278044/1 bytes for SCSI command 0x3c-- guessing data in;
[   93.641915]    program repro not setting count and/or reply_len properly
[   93.646522] sg_write: data in/out 3278044/1 bytes for SCSI command 0x3c-- guessing data in;
[   93.646522]    program repro not setting count and/or reply_len properly
[   93.651103] sg_write: data in/out 3278044/1 bytes for SCSI command 0x3c-- guessing data in;
[   93.651103]    program repro not setting count and/or reply_len properly
[   93.655716] sg_write: data in/out 3278044/1 bytes for SCSI command 0x3c-- guessing data in;
[   93.655716]    program repro not setting count and/or reply_len properly
[   93.660473] sg_write: data in/out 3278044/1 bytes for SCSI command 0x3c-- guessing data in;
[   93.660473]    program repro not setting count and/or reply_len properly
[   93.665145] sg_write: data in/out 3278044/1 bytes for SCSI command 0x3c-- guessing data in;
[   93.665145]    program repro not setting count and/or reply_len properly
[   93.669830] sg_write: data in/out 3278044/1 bytes for SCSI command 0x3c-- guessing data in;
[   93.669830]    program repro not setting count and/or reply_len properly
[   98.629560] sg_write: 1324 callbacks suppressed
[   98.629569] sg_write: data in/out 3278044/1 bytes for SCSI command 0x3c-- guessing data in;
[   98.629569]    program repro not setting count and/or reply_len properly
[   98.634764] sg_write: data in/out 3278044/1 bytes for SCSI command 0x3c-- guessing data in;
[   98.634764]    program repro not setting count and/or reply_len properly
[   98.639553] sg_write: data in/out 3278044/1 bytes for SCSI command 0x3c-- guessing data in;
[   98.639553]    program repro not setting count and/or reply_len properly
[   98.644302] sg_write: data in/out 3278044/1 bytes for SCSI command 0x3c-- guessing data in;
[   98.644302]    program repro not setting count and/or reply_len properly
[   98.649027] sg_write: data in/out 3278044/1 bytes for SCSI command 0x3c-- guessing data in;
[   98.649027]    program repro not setting count and/or reply_len properly
[   98.653679] sg_write: data in/out 3278044/1 bytes for SCSI command 0x3c-- guessing data in;
[   98.653679]    program repro not setting count and/or reply_len properly
[   98.658400] sg_write: data in/out 3278044/1 bytes for SCSI command 0x3c-- guessing data in;
[   98.658400]    program repro not setting count and/or reply_len properly
[   98.663111] sg_write: data in/out 3278044/1 bytes for SCSI command 0x3c-- guessing data in;
[   98.663111]    program repro not setting count and/or reply_len properly
[   98.667741] sg_write: data in/out 3278044/1 bytes for SCSI command 0x3c-- guessing data in;
[   98.667741]    program repro not setting count and/or reply_len properly
[   98.672327] sg_write: data in/out 3278044/1 bytes for SCSI command 0x3c-- guessing data in;
[   98.672327]    program repro not setting count and/or reply_len properly
[  103.633492] sg_write: 1312 callbacks suppressed
[  103.633502] sg_write: data in/out 3278044/1 bytes for SCSI command 0x3c-- guessing data in;
[  103.633502]    program repro not setting count and/or reply_len properly
[  103.639096] sg_write: data in/out 3278044/1 bytes for SCSI command 0x3c-- guessing data in;
[  103.639096]    program repro not setting count and/or reply_len properly
[  103.644276] sg_write: data in/out 3278044/1 bytes for SCSI command 0x3c-- guessing data in;
[  103.644276]    program repro not setting count and/or reply_len properly
[  103.649596] sg_write: data in/out 3278044/1 bytes for SCSI command 0x3c-- guessing data in;
[  103.649596]    program repro not setting count and/or reply_len properly
[  103.654751] sg_write: data in/out 3278044/1 bytes for SCSI command 0x3c-- guessing data in;
[  103.654751]    program repro not setting count and/or reply_len properly
[  103.659857] sg_write: data in/out 3278044/1 bytes for SCSI command 0x3c-- guessing data in;
[  103.659857]    program repro not setting count and/or reply_len properly
[  103.664957] sg_write: data in/out 3278044/1 bytes for SCSI command 0x3c-- guessing data in;
[  103.664957]    program repro not setting count and/or reply_len properly
[  103.670011] sg_write: data in/out 3278044/1 bytes for SCSI command 0x3c-- guessing data in;
[  103.670011]    program repro not setting count and/or reply_len properly
[  103.675064] sg_write: data in/out 3278044/1 bytes for SCSI command 0x3c-- guessing data in;
[  103.675064]    program repro not setting count and/or reply_len properly
[  103.680098] sg_write: data in/out 3278044/1 bytes for SCSI command 0x3c-- guessing data in;
[  103.680098]    program repro not setting count and/or reply_len properly
[  108.640011] sg_write: 1236 callbacks suppressed
[  108.640021] sg_write: data in/out 3278044/1 bytes for SCSI command 0x3c-- guessing data in;
[  108.640021]    program repro not setting count and/or reply_len properly
[  108.645592] sg_write: data in/out 3278044/1 bytes for SCSI command 0x3c-- guessing data in;
[  108.645592]    program repro not setting count and/or reply_len properly
[  108.650510] sg_write: data in/out 3278044/1 bytes for SCSI command 0x3c-- guessing data in;
[  108.650510]    program repro not setting count and/or reply_len properly
[  108.655629] sg_write: data in/out 3278044/1 bytes for SCSI command 0x3c-- guessing data in;
[  108.655629]    program repro not setting count and/or reply_len properly
[  108.660493] sg_write: data in/out 3278044/1 bytes for SCSI command 0x3c-- guessing data in;
[  108.660493]    program repro not setting count and/or reply_len properly
[  108.665556] sg_write: data in/out 3278044/1 bytes for SCSI command 0x3c-- guessing data in;
[  108.665556]    program repro not setting count and/or reply_len properly
[  108.670428] sg_write: data in/out 3278044/1 bytes for SCSI command 0x3c-- guessing data in;
[  108.670428]    program repro not setting count and/or reply_len properly
[  108.675500] sg_write: data in/out 3278044/1 bytes for SCSI command 0x3c-- guessing data in;
[  108.675500]    program repro not setting count and/or reply_len properly
[  108.680409] sg_write: data in/out 3278044/1 bytes for SCSI command 0x3c-- guessing data in;
[  108.680409]    program repro not setting count and/or reply_len properly
[  108.685549] sg_write: data in/out 3278044/1 bytes for SCSI command 0x3c-- guessing data in;
[  108.685549]    program repro not setting count and/or reply_len properly
[  113.644331] sg_write: 1286 callbacks suppressed
[  113.644341] sg_write: data in/out 3278044/1 bytes for SCSI command 0x3c-- guessing data in;
[  113.644341]    program repro not setting count and/or reply_len properly
[  113.649718] sg_write: data in/out 3278044/1 bytes for SCSI command 0x3c-- guessing data in;
[  113.649718]    program repro not setting count and/or reply_len properly
[  113.654435] sg_write: data in/out 3278044/1 bytes for SCSI command 0x3c-- guessing data in;
[  113.654435]    program repro not setting count and/or reply_len properly
[  113.659242] sg_write: data in/out 3278044/1 bytes for SCSI command 0x3c-- guessing data in;
[  113.659242]    program repro not setting count and/or reply_len properly
[  113.663893] sg_write: data in/out 3278044/1 bytes for SCSI command 0x3c-- guessing data in;
[  113.663893]    program repro not setting count and/or reply_len properly
[  113.668659] sg_write: data in/out 3278044/1 bytes for SCSI command 0x3c-- guessing data in;
[  113.668659]    program repro not setting count and/or reply_len properly
[  113.673571] sg_write: data in/out 3278044/1 bytes for SCSI command 0x3c-- guessing data in;
[  113.673571]    program repro not setting count and/or reply_len properly
[  113.678378] sg_write: data in/out 3278044/1 bytes for SCSI command 0x3c-- guessing data in;
[  113.678378]    program repro not setting count and/or reply_len properly
[  113.683084] sg_write: data in/out 3278044/1 bytes for SCSI command 0x3c-- guessing data in;
[  113.683084]    program repro not setting count and/or reply_len properly
[  113.687753] sg_write: data in/out 3278044/1 bytes for SCSI command 0x3c-- guessing data in;
[  113.687753]    program repro not setting count and/or reply_len properly
[  118.646305] sg_write: 1341 callbacks suppressed
[  118.646313] sg_write: data in/out 3278044/1 bytes for SCSI command 0x3c-- guessing data in;
[  118.646313]    program repro not setting count and/or reply_len properly
[  118.651158] sg_write: data in/out 3278044/1 bytes for SCSI command 0x3c-- guessing data in;
[  118.651158]    program repro not setting count and/or reply_len properly
[  118.655613] sg_write: data in/out 3278044/1 bytes for SCSI command 0x3c-- guessing data in;
[  118.655613]    program repro not setting count and/or reply_len properly
[  118.660131] sg_write: data in/out 3278044/1 bytes for SCSI command 0x3c-- guessing data in;
[  118.660131]    program repro not setting count and/or reply_len properly
[  118.664779] sg_write: data in/out 3278044/1 bytes for SCSI command 0x3c-- guessing data in;
[  118.664779]    program repro not setting count and/or reply_len properly
[  118.669366] sg_write: data in/out 3278044/1 bytes for SCSI command 0x3c-- guessing data in;
[  118.669366]    program repro not setting count and/or reply_len properly
[  118.673933] sg_write: data in/out 3278044/1 bytes for SCSI command 0x3c-- guessing data in;
[  118.673933]    program repro not setting count and/or reply_len properly
[  118.678351] sg_write: data in/out 3278044/1 bytes for SCSI command 0x3c-- guessing data in;
[  118.678351]    program repro not setting count and/or reply_len properly
[  118.682731] sg_write: data in/out 3278044/1 bytes for SCSI command 0x3c-- guessing data in;
[  118.682731]    program repro not setting count and/or reply_len properly
[  118.687252] sg_write: data in/out 3278044/1 bytes for SCSI command 0x3c-- guessing data in;
[  118.687252]    program repro not setting count and/or reply_len properly
[  123.650042] sg_write: 1345 callbacks suppressed
[  123.650052] sg_write: data in/out 3278044/1 bytes for SCSI command 0x3c-- guessing data in;
[  123.650052]    program repro not setting count and/or reply_len properly
[  123.655061] sg_write: data in/out 3278044/1 bytes for SCSI command 0x3c-- guessing data in;
[  123.655061]    program repro not setting count and/or reply_len properly
[  123.659768] sg_write: data in/out 3278044/1 bytes for SCSI command 0x3c-- guessing data in;
[  123.659768]    program repro not setting count and/or reply_len properly
[  123.664574] sg_write: data in/out 3278044/1 bytes for SCSI command 0x3c-- guessing data in;
[  123.664574]    program repro not setting count and/or reply_len properly
[  123.669362] sg_write: data in/out 3278044/1 bytes for SCSI command 0x3c-- guessing data in;
[  123.669362]    program repro not setting count and/or reply_len properly
[  123.674119] sg_write: data in/out 3278044/1 bytes for SCSI command 0x3c-- guessing data in;
[  123.674119]    program repro not setting count and/or reply_len properly
[  123.678841] sg_write: data in/out 3278044/1 bytes for SCSI command 0x3c-- guessing data in;
[  123.678841]    program repro not setting count and/or reply_len properly
[  123.683579] sg_write: data in/out 3278044/1 bytes for SCSI command 0x3c-- guessing data in;
[  123.683579]    program repro not setting count and/or reply_len properly
[  123.688354] sg_write: data in/out 3278044/1 bytes for SCSI command 0x3c-- guessing data in;
[  123.688354]    program repro not setting count and/or reply_len properly
[  123.693338] sg_write: data in/out 3278044/1 bytes for SCSI command 0x3c-- guessing data in;
[  123.693338]    program repro not setting count and/or reply_len properly
[  128.656040] sg_write: 1323 callbacks suppressed
[  128.656049] sg_write: data in/out 3278044/1 bytes for SCSI command 0x3c-- guessing data in;
[  128.656049]    program repro not setting count and/or reply_len properly
[  128.660884] sg_write: data in/out 3278044/1 bytes for SCSI command 0x3c-- guessing data in;
[  128.660884]    program repro not setting count and/or reply_len properly
[  128.665573] sg_write: data in/out 3278044/1 bytes for SCSI command 0x3c-- guessing data in;
[  128.665573]    program repro not setting count and/or reply_len properly
[  128.670091] sg_write: data in/out 3278044/1 bytes for SCSI command 0x3c-- guessing data in;
[  128.670091]    program repro not setting count and/or reply_len properly
[  128.674541] sg_write: data in/out 3278044/1 bytes for SCSI command 0x3c-- guessing data in;
[  128.674541]    program repro not setting count and/or reply_len properly
[  128.679098] sg_write: data in/out 3278044/1 bytes for SCSI command 0x3c-- guessing data in;
[  128.679098]    program repro not setting count and/or reply_len properly
[  128.683802] sg_write: data in/out 3278044/1 bytes for SCSI command 0x3c-- guessing data in;
[  128.683802]    program repro not setting count and/or reply_len properly
[  128.688534] sg_write: data in/out 3278044/1 bytes for SCSI command 0x3c-- guessing data in;
[  128.688534]    program repro not setting count and/or reply_len properly
[  128.693179] sg_write: data in/out 3278044/1 bytes for SCSI command 0x3c-- guessing data in;
[  128.693179]    program repro not setting count and/or reply_len properly
[  128.697784] sg_write: data in/out 3278044/1 bytes for SCSI command 0x3c-- guessing data in;
[  128.697784]    program repro not setting count and/or reply_len properly
[  133.658046] sg_write: 1313 callbacks suppressed
[  133.658056] sg_write: data in/out 3278044/1 bytes for SCSI command 0x3c-- guessing data in;
[  133.658056]    program repro not setting count and/or reply_len properly
[  133.663136] sg_write: data in/out 3278044/1 bytes for SCSI command 0x3c-- guessing data in;
[  133.663136]    program repro not setting count and/or reply_len properly
[  133.667853] sg_write: data in/out 3278044/1 bytes for SCSI command 0x3c-- guessing data in;
[  133.667853]    program repro not setting count and/or reply_len properly
[  133.672582] sg_write: data in/out 3278044/1 bytes for SCSI command 0x3c-- guessing data in;
[  133.672582]    program repro not setting count and/or reply_len properly
[  133.677386] sg_write: data in/out 3278044/1 bytes for SCSI command 0x3c-- guessing data in;
[  133.677386]    program repro not setting count and/or reply_len properly
[  133.682130] sg_write: data in/out 3278044/1 bytes for SCSI command 0x3c-- guessing data in;
[  133.682130]    program repro not setting count and/or reply_len properly
[  133.686817] sg_write: data in/out 3278044/1 bytes for SCSI command 0x3c-- guessing data in;
[  133.686817]    program repro not setting count and/or reply_len properly
[  133.691484] sg_write: data in/out 3278044/1 bytes for SCSI command 0x3c-- guessing data in;
[  133.691484]    program repro not setting count and/or reply_len properly
[  133.696238] sg_write: data in/out 3278044/1 bytes for SCSI command 0x3c-- guessing data in;
[  133.696238]    program repro not setting count and/or reply_len properly
[  133.701204] sg_write: data in/out 3278044/1 bytes for SCSI command 0x3c-- guessing data in;
[  133.701204]    program repro not setting count and/or reply_len properly
[  138.662461] sg_write: 1317 callbacks suppressed
[  138.662470] sg_write: data in/out 3278044/1 bytes for SCSI command 0x3c-- guessing data in;
[  138.662470]    program repro not setting count and/or reply_len properly
[  138.667503] sg_write: data in/out 3278044/1 bytes for SCSI command 0x3c-- guessing data in;
[  138.667503]    program repro not setting count and/or reply_len properly
[  138.672303] sg_write: data in/out 3278044/1 bytes for SCSI command 0x3c-- guessing data in;
[  138.672303]    program repro not setting count and/or reply_len properly
[  138.677169] sg_write: data in/out 3278044/1 bytes for SCSI command 0x3c-- guessing data in;
[  138.677169]    program repro not setting count and/or reply_len properly
[  138.681976] sg_write: data in/out 3278044/1 bytes for SCSI command 0x3c-- guessing data in;
[  138.681976]    program repro not setting count and/or reply_len properly
[  138.686651] sg_write: data in/out 3278044/1 bytes for SCSI command 0x3c-- guessing data in;
[  138.686651]    program repro not setting count and/or reply_len properly
[  138.691352] sg_write: data in/out 3278044/1 bytes for SCSI command 0x3c-- guessing data in;
[  138.691352]    program repro not setting count and/or reply_len properly
[  138.695878] sg_write: data in/out 3278044/1 bytes for SCSI command 0x3c-- guessing data in;
[  138.695878]    program repro not setting count and/or reply_len properly
[  138.700541] sg_write: data in/out 3278044/1 bytes for SCSI command 0x3c-- guessing data in;
[  138.700541]    program repro not setting count and/or reply_len properly
[  138.705200] sg_write: data in/out 3278044/1 bytes for SCSI command 0x3c-- guessing data in;
[  138.705200]    program repro not setting count and/or reply_len properly
[  143.665938] sg_write: 1319 callbacks suppressed
[  143.665947] sg_write: data in/out 3278044/1 bytes for SCSI command 0x3c-- guessing data in;
[  143.665947]    program repro not setting count and/or reply_len properly
[  143.670777] sg_write: data in/out 3278044/1 bytes for SCSI command 0x3c-- guessing data in;
[  143.670777]    program repro not setting count and/or reply_len properly
[  143.675287] sg_write: data in/out 3278044/1 bytes for SCSI command 0x3c-- guessing data in;
[  143.675287]    program repro not setting count and/or reply_len properly
[  143.679747] sg_write: data in/out 3278044/1 bytes for SCSI command 0x3c-- guessing data in;
[  143.679747]    program repro not setting count and/or reply_len properly
[  143.684325] sg_write: data in/out 3278044/1 bytes for SCSI command 0x3c-- guessing data in;
[  143.684325]    program repro not setting count and/or reply_len properly
[  143.688726] sg_write: data in/out 3278044/1 bytes for SCSI command 0x3c-- guessing data in;
[  143.688726]    program repro not setting count and/or reply_len properly
[  143.693371] sg_write: data in/out 3278044/1 bytes for SCSI command 0x3c-- guessing data in;
[  143.693371]    program repro not setting count and/or reply_len properly
[  143.697867] sg_write: data in/out 3278044/1 bytes for SCSI command 0x3c-- guessing data in;
[  143.697867]    program repro not setting count and/or reply_len properly
[  143.702574] sg_write: data in/out 3278044/1 bytes for SCSI command 0x3c-- guessing data in;
[  143.702574]    program repro not setting count and/or reply_len properly
[  143.707232] sg_write: data in/out 3278044/1 bytes for SCSI command 0x3c-- guessing data in;
[  143.707232]    program repro not setting count and/or reply_len properly
[  148.669623] sg_write: 1326 callbacks suppressed
[  148.669632] sg_write: data in/out 3278044/1 bytes for SCSI command 0x3c-- guessing data in;
[  148.669632]    program repro not setting count and/or reply_len properly
[  148.674603] sg_write: data in/out 3278044/1 bytes for SCSI command 0x3c-- guessing data in;
[  148.674603]    program repro not setting count and/or reply_len properly
[  148.679387] sg_write: data in/out 3278044/1 bytes for SCSI command 0x3c-- guessing data in;
[  148.679387]    program repro not setting count and/or reply_len properly
[  148.684199] sg_write: data in/out 3278044/1 bytes for SCSI command 0x3c-- guessing data in;
[  148.684199]    program repro not setting count and/or reply_len properly
[  148.688903] sg_write: data in/out 3278044/1 bytes for SCSI command 0x3c-- guessing data in;
[  148.688903]    program repro not setting count and/or reply_len properly
[  148.693791] sg_write: data in/out 3278044/1 bytes for SCSI command 0x3c-- guessing data in;
[  148.693791]    program repro not setting count and/or reply_len properly
[  148.698519] sg_write: data in/out 3278044/1 bytes for SCSI command 0x3c-- guessing data in;
[  148.698519]    program repro not setting count and/or reply_len properly
[  148.703255] sg_write: data in/out 3278044/1 bytes for SCSI command 0x3c-- guessing data in;
[  148.703255]    program repro not setting count and/or reply_len properly
[  148.707851] sg_write: data in/out 3278044/1 bytes for SCSI command 0x3c-- guessing data in;
[  148.707851]    program repro not setting count and/or reply_len properly
[  148.712666] sg_write: data in/out 3278044/1 bytes for SCSI command 0x3c-- guessing data in;
[  148.712666]    program repro not setting count and/or reply_len properly
[  153.675508] sg_write: 1318 callbacks suppressed
[  153.675517] sg_write: data in/out 3278044/1 bytes for SCSI command 0x3c-- guessing data in;
[  153.675517]    program repro not setting count and/or reply_len properly
[  153.680485] sg_write: data in/out 3278044/1 bytes for SCSI command 0x3c-- guessing data in;
[  153.680485]    program repro not setting count and/or reply_len properly
[  153.685368] sg_write: data in/out 3278044/1 bytes for SCSI command 0x3c-- guessing data in;
[  153.685368]    program repro not setting count and/or reply_len properly
[  153.690148] sg_write: data in/out 3278044/1 bytes for SCSI command 0x3c-- guessing data in;
[  153.690148]    program repro not setting count and/or reply_len properly
[  153.694898] sg_write: data in/out 3278044/1 bytes for SCSI command 0x3c-- guessing data in;
[  153.694898]    program repro not setting count and/or reply_len properly
[  153.699572] sg_write: data in/out 3278044/1 bytes for SCSI command 0x3c-- guessing data in;
[  153.699572]    program repro not setting count and/or reply_len properly
[  153.704387] sg_write: data in/out 3278044/1 bytes for SCSI command 0x3c-- guessing data in;
[  153.704387]    program repro not setting count and/or reply_len properly
[  153.709005] sg_write: data in/out 3278044/1 bytes for SCSI command 0x3c-- guessing data in;
[  153.709005]    program repro not setting count and/or reply_len properly
[  153.713721] sg_write: data in/out 3278044/1 bytes for SCSI command 0x3c-- guessing data in;
[  153.713721]    program repro not setting count and/or reply_len properly
[  153.718322] sg_write: data in/out 3278044/1 bytes for SCSI command 0x3c-- guessing data in;
[  153.718322]    program repro not setting count and/or reply_len properly
[  158.679796] sg_write: 1312 callbacks suppressed
[  158.679805] sg_write: data in/out 3278044/1 bytes for SCSI command 0x3c-- guessing data in;
[  158.679805]    program repro not setting count and/or reply_len properly
[  158.684867] sg_write: data in/out 3278044/1 bytes for SCSI command 0x3c-- guessing data in;
[  158.684867]    program repro not setting count and/or reply_len properly
[  158.689782] sg_write: data in/out 3278044/1 bytes for SCSI command 0x3c-- guessing data in;
[  158.689782]    program repro not setting count and/or reply_len properly
[  158.694545] sg_write: data in/out 3278044/1 bytes for SCSI command 0x3c-- guessing data in;
[  158.694545]    program repro not setting count and/or reply_len properly
[  158.699223] sg_write: data in/out 3278044/1 bytes for SCSI command 0x3c-- guessing data in;
[  158.699223]    program repro not setting count and/or reply_len properly
[  158.703997] sg_write: data in/out 3278044/1 bytes for SCSI command 0x3c-- guessing data in;
[  158.703997]    program repro not setting count and/or reply_len properly
[  158.709136] sg_write: data in/out 3278044/1 bytes for SCSI command 0x3c-- guessing data in;
[  158.709136]    program repro not setting count and/or reply_len properly
[  158.713838] sg_write: data in/out 3278044/1 bytes for SCSI command 0x3c-- guessing data in;
[  158.713838]    program repro not setting count and/or reply_len properly
[  158.718492] sg_write: data in/out 3278044/1 bytes for SCSI command 0x3c-- guessing data in;
[  158.718492]    program repro not setting count and/or reply_len properly
[  158.723369] sg_write: data in/out 3278044/1 bytes for SCSI command 0x3c-- guessing data in;
[  158.723369]    program repro not setting count and/or reply_len properly
[  163.684529] sg_write: 1312 callbacks suppressed
[  163.684539] sg_write: data in/out 3278044/1 bytes for SCSI command 0x3c-- guessing data in;
[  163.684539]    program repro not setting count and/or reply_len properly
[  163.689541] sg_write: data in/out 3278044/1 bytes for SCSI command 0x3c-- guessing data in;
[  163.689541]    program repro not setting count and/or reply_len properly
[  163.694308] sg_write: data in/out 3278044/1 bytes for SCSI command 0x3c-- guessing data in;
[  163.694308]    program repro not setting count and/or reply_len properly
[  163.699043] sg_write: data in/out 3278044/1 bytes for SCSI command 0x3c-- guessing data in;
[  163.699043]    program repro not setting count and/or reply_len properly
[  163.703791] sg_write: data in/out 3278044/1 bytes for SCSI command 0x3c-- guessing data in;
[  163.703791]    program repro not setting count and/or reply_len properly
[  163.708988] sg_write: data in/out 3278044/1 bytes for SCSI command 0x3c-- guessing data in;
[  163.708988]    program repro not setting count and/or reply_len properly
[  163.714070] sg_write: data in/out 3278044/1 bytes for SCSI command 0x3c-- guessing data in;
[  163.714070]    program repro not setting count and/or reply_len properly
[  163.718968] sg_write: data in/out 3278044/1 bytes for SCSI command 0x3c-- guessing data in;
[  163.718968]    program repro not setting count and/or reply_len properly
[  163.723866] sg_write: data in/out 3278044/1 bytes for SCSI command 0x3c-- guessing data in;
[  163.723866]    program repro not setting count and/or reply_len properly
[  163.728687] sg_write: data in/out 3278044/1 bytes for SCSI command 0x3c-- guessing data in;
[  163.728687]    program repro not setting count and/or reply_len properly
[  168.686158] sg_write: 1315 callbacks suppressed
[  168.686167] sg_write: data in/out 3278044/1 bytes for SCSI command 0x3c-- guessing data in;
[  168.686167]    program repro not setting count and/or reply_len properly
[  168.691259] sg_write: data in/out 3278044/1 bytes for SCSI command 0x3c-- guessing data in;
[  168.691259]    program repro not setting count and/or reply_len properly
[  168.695915] sg_write: data in/out 3278044/1 bytes for SCSI command 0x3c-- guessing data in;
[  168.695915]    program repro not setting count and/or reply_len properly
[  168.700627] sg_write: data in/out 3278044/1 bytes for SCSI command 0x3c-- guessing data in;
[  168.700627]    program repro not setting count and/or reply_len properly
[  168.705590] sg_write: data in/out 3278044/1 bytes for SCSI command 0x3c-- guessing data in;
[  168.705590]    program repro not setting count and/or reply_len properly
[  168.710726] sg_write: data in/out 3278044/1 bytes for SCSI command 0x3c-- guessing data in;
[  168.710726]    program repro not setting count and/or reply_len properly
[  168.715818] sg_write: data in/out 3278044/1 bytes for SCSI command 0x3c-- guessing data in;
[  168.715818]    program repro not setting count and/or reply_len properly
[  168.720802] sg_write: data in/out 3278044/1 bytes for SCSI command 0x3c-- guessing data in;
[  168.720802]    program repro not setting count and/or reply_len properly
[  168.725803] sg_write: data in/out 3278044/1 bytes for SCSI command 0x3c-- guessing data in;
[  168.725803]    program repro not setting count and/or reply_len properly
[  168.730711] sg_write: data in/out 3278044/1 bytes for SCSI command 0x3c-- guessing data in;
[  168.730711]    program repro not setting count and/or reply_len properly
[  173.689851] sg_write: 1301 callbacks suppressed
[  173.689860] sg_write: data in/out 3278044/1 bytes for SCSI command 0x3c-- guessing data in;
[  173.689860]    program repro not setting count and/or reply_len properly
[  173.694726] sg_write: data in/out 3278044/1 bytes for SCSI command 0x3c-- guessing data in;
[  173.694726]    program repro not setting count and/or reply_len properly
[  173.699388] sg_write: data in/out 3278044/1 bytes for SCSI command 0x3c-- guessing data in;
[  173.699388]    program repro not setting count and/or reply_len properly
[  173.703886] sg_write: data in/out 3278044/1 bytes for SCSI command 0x3c-- guessing data in;
[  173.703886]    program repro not setting count and/or reply_len properly
[  173.708400] sg_write: data in/out 3278044/1 bytes for SCSI command 0x3c-- guessing data in;
[  173.708400]    program repro not setting count and/or reply_len properly
[  173.712959] sg_write: data in/out 3278044/1 bytes for SCSI command 0x3c-- guessing data in;
[  173.712959]    program repro not setting count and/or reply_len properly
[  173.717725] sg_write: data in/out 3278044/1 bytes for SCSI command 0x3c-- guessing data in;
[  173.717725]    program repro not setting count and/or reply_len properly
[  173.722321] sg_write: data in/out 3278044/1 bytes for SCSI command 0x3c-- guessing data in;
[  173.722321]    program repro not setting count and/or reply_len properly
[  173.726903] sg_write: data in/out 3278044/1 bytes for SCSI command 0x3c-- guessing data in;
[  173.726903]    program repro not setting count and/or reply_len properly
[  173.731503] sg_write: data in/out 3278044/1 bytes for SCSI command 0x3c-- guessing data in;
[  173.731503]    program repro not setting count and/or reply_len properly
