c[?7l[2J[0mSeaBIOS (version rel-1.16.0-0-gd239552ce722-prebuilt.qemu.org)


iPXE (http://ipxe.org) 00:03.0 CA00 PCI2.10 PnP PMM+7FF91000+7FEF1000 CA00
Press Ctrl-B to configure iPXE (PCI 00:03.0)...                                                                               


Booting from ROM...
c[?7l[2J[    0.000000] Linux version 6.1.0-97971df811b8+ (root@p-tglh01.sh.intel.com) (gcc (GCC) 8.5.0 20210514 (Red Hat 8.5.0-17), GNU ld version 2.36.1-2.el8) #1 SMP PREEMPT_DYNAMIC Wed Dec 28 03:30:40 CST 2022
[    0.000000] Command line: console=ttyS0 root=/dev/sda earlyprintk=serial net.ifnames=0
[    0.000000] KERNEL supported cpus:
[    0.000000]   Intel GenuineIntel
[    0.000000]   AMD AuthenticAMD
[    0.000000]   Hygon HygonGenuine
[    0.000000]   Centaur CentaurHauls
[    0.000000]   zhaoxin   Shanghai  
[    0.000000] x86/fpu: Supporting XSAVE feature 0x001: 'x87 floating point registers'
[    0.000000] x86/fpu: Supporting XSAVE feature 0x002: 'SSE registers'
[    0.000000] x86/fpu: Supporting XSAVE feature 0x004: 'AVX registers'
[    0.000000] x86/fpu: Supporting XSAVE feature 0x020: 'AVX-512 opmask'
[    0.000000] x86/fpu: Supporting XSAVE feature 0x040: 'AVX-512 Hi256'
[    0.000000] x86/fpu: Supporting XSAVE feature 0x080: 'AVX-512 ZMM_Hi256'
[    0.000000] x86/fpu: Supporting XSAVE feature 0x200: 'Protection Keys User registers'
[    0.000000] x86/fpu: xstate_offset[2]:  576, xstate_sizes[2]:  256
[    0.000000] x86/fpu: xstate_offset[5]:  832, xstate_sizes[5]:   64
[    0.000000] x86/fpu: xstate_offset[6]:  896, xstate_sizes[6]:  512
[    0.000000] x86/fpu: xstate_offset[7]: 1408, xstate_sizes[7]: 1024
[    0.000000] x86/fpu: xstate_offset[9]: 2432, xstate_sizes[9]:    8
[    0.000000] x86/fpu: Enabled xstate features 0x2e7, context size is 2440 bytes, using 'compacted' format.
[    0.000000] signal: max sigframe size: 3632
[    0.000000] BIOS-provided physical RAM map:
[    0.000000] BIOS-e820: [mem 0x0000000000000000-0x000000000009fbff] usable
[    0.000000] BIOS-e820: [mem 0x000000000009fc00-0x000000000009ffff] reserved
[    0.000000] BIOS-e820: [mem 0x00000000000f0000-0x00000000000fffff] reserved
[    0.000000] BIOS-e820: [mem 0x0000000000100000-0x000000007ffdffff] usable
[    0.000000] BIOS-e820: [mem 0x000000007ffe0000-0x000000007fffffff] reserved
[    0.000000] BIOS-e820: [mem 0x00000000feffc000-0x00000000feffffff] reserved
[    0.000000] BIOS-e820: [mem 0x00000000fffc0000-0x00000000ffffffff] reserved
[    0.000000] printk: bootconsole [earlyser0] enabled
[    0.000000] NX (Execute Disable) protection: active
[    0.000000] SMBIOS 2.8 present.
[    0.000000] DMI: QEMU Standard PC (i440FX + PIIX, 1996), BIOS rel-1.16.0-0-gd239552ce722-prebuilt.qemu.org 04/01/2014
[    0.000000] Hypervisor detected: KVM
[    0.000000] kvm-clock: Using msrs 4b564d01 and 4b564d00
[    0.000005] kvm-clock: using sched offset of 9819637481 cycles
[    0.000532] clocksource: kvm-clock: mask: 0xffffffffffffffff max_cycles: 0x1cd42e4dffb, max_idle_ns: 881590591483 ns
[    0.002163] tsc: Detected 3110.400 MHz processor
[    0.010910] last_pfn = 0x7ffe0 max_arch_pfn = 0x400000000
[    0.011534] x86/PAT: Configuration [0-7]: WB  WC  UC- UC  WB  WP  UC- WT  
[    0.022662] found SMP MP-table at [mem 0x000f5ba0-0x000f5baf]
[    0.023378] Using GB pages for direct mapping
[    0.025684] ACPI: Early table checksum verification disabled
[    0.026301] ACPI: RSDP 0x00000000000F59C0 000014 (v00 BOCHS )
[    0.026905] ACPI: RSDT 0x000000007FFE1951 000034 (v01 BOCHS  BXPC     00000001 BXPC 00000001)
[    0.027787] ACPI: FACP 0x000000007FFE17FD 000074 (v01 BOCHS  BXPC     00000001 BXPC 00000001)
[    0.028648] ACPI: DSDT 0x000000007FFE0040 0017BD (v01 BOCHS  BXPC     00000001 BXPC 00000001)
[    0.029498] ACPI: FACS 0x000000007FFE0000 000040
[    0.029970] ACPI: APIC 0x000000007FFE1871 000080 (v01 BOCHS  BXPC     00000001 BXPC 00000001)
[    0.030814] ACPI: HPET 0x000000007FFE18F1 000038 (v01 BOCHS  BXPC     00000001 BXPC 00000001)
[    0.031671] ACPI: WAET 0x000000007FFE1929 000028 (v01 BOCHS  BXPC     00000001 BXPC 00000001)
[    0.032513] ACPI: Reserving FACP table memory at [mem 0x7ffe17fd-0x7ffe1870]
[    0.033200] ACPI: Reserving DSDT table memory at [mem 0x7ffe0040-0x7ffe17fc]
[    0.033884] ACPI: Reserving FACS table memory at [mem 0x7ffe0000-0x7ffe003f]
[    0.034579] ACPI: Reserving APIC table memory at [mem 0x7ffe1871-0x7ffe18f0]
[    0.035258] ACPI: Reserving HPET table memory at [mem 0x7ffe18f1-0x7ffe1928]
[    0.035945] ACPI: Reserving WAET table memory at [mem 0x7ffe1929-0x7ffe1950]
[    0.037822] No NUMA configuration found
[    0.038202] Faking a node at [mem 0x0000000000000000-0x000000007ffdffff]
[    0.038962] NODE_DATA(0) allocated [mem 0x7ffb5000-0x7ffdffff]
[    0.043432] Zone ranges:
[    0.043693]   DMA      [mem 0x0000000000001000-0x0000000000ffffff]
[    0.044302]   DMA32    [mem 0x0000000001000000-0x000000007ffdffff]
[    0.044913]   Normal   empty
[    0.045200]   Device   empty
[    0.045490] Movable zone start for each node
[    0.045910] Early memory node ranges
[    0.046259]   node   0: [mem 0x0000000000001000-0x000000000009efff]
[    0.046874]   node   0: [mem 0x0000000000100000-0x000000007ffdffff]
[    0.047485] Initmem setup node 0 [mem 0x0000000000001000-0x000000007ffdffff]
[    0.048942] On node 0, zone DMA: 1 pages in unavailable ranges
[    0.049143] On node 0, zone DMA: 97 pages in unavailable ranges
[    2.294378] On node 0, zone DMA32: 32 pages in unavailable ranges
[    2.295358] ACPI: PM-Timer IO Port: 0x608
[    2.296401] ACPI: LAPIC_NMI (acpi_id[0xff] dfl dfl lint[0x1])
[    2.297076] IOAPIC[0]: apic_id 0, version 17, address 0xfec00000, GSI 0-23
[    2.297773] ACPI: INT_SRC_OVR (bus 0 bus_irq 0 global_irq 2 dfl dfl)
[    2.298399] ACPI: INT_SRC_OVR (bus 0 bus_irq 5 global_irq 5 high level)
[    2.299049] ACPI: INT_SRC_OVR (bus 0 bus_irq 9 global_irq 9 high level)
[    2.299704] ACPI: INT_SRC_OVR (bus 0 bus_irq 10 global_irq 10 high level)
[    2.300408] ACPI: INT_SRC_OVR (bus 0 bus_irq 11 global_irq 11 high level)
[    2.301135] ACPI: Using ACPI (MADT) for SMP configuration information
[    2.301766] ACPI: HPET id: 0x8086a201 base: 0xfed00000
[    2.302312] TSC deadline timer available
[    2.302707] smpboot: Allowing 2 CPUs, 0 hotplug CPUs
[    2.303330] kvm-guest: KVM setup pv remote TLB flush
[    2.303824] kvm-guest: setup PV sched yield
[    2.304332] PM: hibernation: Registered nosave memory: [mem 0x00000000-0x00000fff]
[    2.305071] PM: hibernation: Registered nosave memory: [mem 0x0009f000-0x0009ffff]
[    2.305805] PM: hibernation: Registered nosave memory: [mem 0x000a0000-0x000effff]
[    2.306544] PM: hibernation: Registered nosave memory: [mem 0x000f0000-0x000fffff]
[    2.307283] [mem 0x80000000-0xfeffbfff] available for PCI devices
[    2.307882] Booting paravirtualized kernel on KVM
[    2.308380] clocksource: refined-jiffies: mask: 0xffffffff max_cycles: 0xffffffff, max_idle_ns: 7645519600211568 ns
[    2.309481] setup_percpu: NR_CPUS:8192 nr_cpumask_bits:2 nr_cpu_ids:2 nr_node_ids:1
[    2.312644] percpu: Embedded 64 pages/cpu s225280 r8192 d28672 u1048576
[    2.313615] kvm-guest: PV spinlocks enabled
[    2.314044] PV qspinlock hash table entries: 256 (order: 0, 4096 bytes, linear)
[    2.314847] Fallback order for Node 0: 0 
[    2.315282] Built 1 zonelists, mobility grouping on.  Total pages: 515808
[    2.315996] Policy zone: DMA32
[    2.316318] Kernel command line: net.ifnames=0 console=ttyS0 root=/dev/sda earlyprintk=serial net.ifnames=0
[    2.318003] random: crng init done
[    2.320496] Dentry cache hash table entries: 262144 (order: 9, 2097152 bytes, linear)
[    2.322039] Inode-cache hash table entries: 131072 (order: 8, 1048576 bytes, linear)
[    2.322982] mem auto-init: stack:off, heap alloc:off, heap free:off
[    2.331882] Memory: 1985384K/2096632K available (32784K kernel code, 4697K rwdata, 7828K rodata, 3672K init, 22116K bss, 110992K reserved, 0K cma-reserved)
[    2.334168] SLUB: HWalign=64, Order=0-3, MinObjects=0, CPUs=2, Nodes=1
[    2.334792] kmemleak: Kernel memory leak detector disabled
[    2.335380] ftrace: allocating 67419 entries in 264 pages
[    2.370254] ftrace: allocated 264 pages with 2 groups
[    2.374909] Dynamic Preempt: voluntary
[    2.375481] Running RCU self tests
[    2.375814] rcu: Preemptible hierarchical RCU implementation.
[    2.376347] rcu: 	RCU lockdep checking is enabled.
[    2.376791] rcu: 	RCU restricting CPUs from NR_CPUS=8192 to nr_cpu_ids=2.
[    2.377417] 	Trampoline variant of Tasks RCU enabled.
[    2.377883] 	Rude variant of Tasks RCU enabled.
[    2.378300] 	Tracing variant of Tasks RCU enabled.
[    2.378743] rcu: RCU calculated value of scheduler-enlistment delay is 25 jiffies.
[    2.379431] rcu: Adjusting geometry for rcu_fanout_leaf=16, nr_cpu_ids=2
[    2.410780] NR_IRQS: 524544, nr_irqs: 440, preallocated irqs: 16
[    2.411761] rcu: srcu_init: Setting srcu_struct sizes based on contention.
[    2.421132] Console: colour VGA+ 80x25
[    2.421583] printk: console [ttyS0] enabled
[    2.421583] printk: console [ttyS0] enabled
[    2.422405] printk: bootconsole [earlyser0] disabled
[    2.422405] printk: bootconsole [earlyser0] disabled
[    2.423371] Lock dependency validator: Copyright (c) 2006 Red Hat, Inc., Ingo Molnar
[    2.424170] ... MAX_LOCKDEP_SUBCLASSES:  8
[    2.424579] ... MAX_LOCK_DEPTH:          48
[    2.424995] ... MAX_LOCKDEP_KEYS:        8192
[    2.425430] ... CLASSHASH_SIZE:          4096
[    2.425886] ... MAX_LOCKDEP_ENTRIES:     32768
[    2.426327] ... MAX_LOCKDEP_CHAINS:      65536
[    2.426766] ... CHAINHASH_SIZE:          32768
[    2.427197]  memory used by lock dependency info: 6365 kB
[    2.427734]  memory used for stack traces: 4224 kB
[    2.428230]  per task-struct memory footprint: 1920 bytes
[    2.428811] ACPI: Core revision 20221020
[    2.429510] clocksource: hpet: mask: 0xffffffff max_cycles: 0xffffffff, max_idle_ns: 19112604467 ns
[    2.430586] APIC: Switch to symmetric I/O mode setup
[    2.431300] x2apic enabled
[    2.431806] Switched APIC routing to physical x2apic.
[    2.432312] kvm-guest: setup PV IPIs
[    2.433771] ..TIMER: vector=0x30 apic1=0 pin1=2 apic2=-1 pin2=-1
[    2.434394] clocksource: tsc-early: mask: 0xffffffffffffffff max_cycles: 0x2cd5a8bb032, max_idle_ns: 440795365915 ns
[    2.435504] Calibrating delay loop (skipped) preset value.. 6220.80 BogoMIPS (lpj=12441600)
[    2.436332] pid_max: default: 32768 minimum: 301
[    2.436890] LSM: Security Framework initializing
[    2.437369] Yama: becoming mindful.
[    2.437953] Mount-cache hash table entries: 4096 (order: 3, 32768 bytes, linear)
[    2.439505] Mountpoint-cache hash table entries: 4096 (order: 3, 32768 bytes, linear)
[    2.443556] x86/cpu: User Mode Instruction Prevention (UMIP) activated
[    2.444877] Last level iTLB entries: 4KB 0, 2MB 0, 4MB 0
[    2.445487] Last level dTLB entries: 4KB 0, 2MB 0, 4MB 0, 1GB 0
[    2.446140] Spectre V1 : Mitigation: usercopy/swapgs barriers and __user pointer sanitization
[    2.447512] Spectre V2 : WARNING: Unprivileged eBPF is enabled with eIBRS on, data leaks possible via Spectre v2 BHB attacks!
[    2.448616] Spectre V2 : Mitigation: Enhanced IBRS
[    2.449065] Spectre V2 : Spectre v2 / SpectreRSB mitigation: Filling RSB on context switch
[    2.449831] Spectre V2 : Spectre v2 / PBRSB-eIBRS: Retire a single CALL on VMEXIT
[    2.450542] Spectre V2 : mitigation: Enabling conditional Indirect Branch Prediction Barrier
[    2.451485] Speculative Store Bypass: Mitigation: Speculative Store Bypass disabled via prctl
[    2.586579] Freeing SMP alternatives memory: 56K
[    2.587624] smpboot: CPU0: Genuine Intel(R) CPU 0000 @ 2.20GHz (family: 0x6, model: 0x8d, stepping: 0x0)
[    2.589189] cblist_init_generic: Setting adjustable number of callback queues.
[    2.589895] cblist_init_generic: Setting shift to 1 and lim to 1.
[    2.590549] cblist_init_generic: Setting shift to 1 and lim to 1.
[    2.591208] cblist_init_generic: Setting shift to 1 and lim to 1.
[    2.591561] Running RCU-tasks wait API self tests
[    2.695654] Performance Events: Icelake events, full-width counters, Intel PMU driver.
[    2.696635] ... version:                2
[    2.697009] ... bit width:              48
[    2.697388] ... generic registers:      8
[    2.697758] ... value mask:             0000ffffffffffff
[    2.698243] ... max period:             00007fffffffffff
[    2.698735] ... fixed-purpose events:   3
[    2.699105] ... event mask:             00000007000000ff
[    2.700023] rcu: Hierarchical SRCU implementation.
[    2.700487] rcu: 	Max phase no-delay instances is 1000.
[    2.704397] smp: Bringing up secondary CPUs ...
[    2.706214] x86: Booting SMP configuration:
[    2.706640] .... node  #0, CPUs:      #1
[    2.707106] smp: Brought up 1 node, 2 CPUs
[    2.707879] smpboot: Max logical packages: 1
[    2.708284] smpboot: Total of 2 processors activated (12441.60 BogoMIPS)
[    2.712683] devtmpfs: initialized
[    2.712683] x86/mm: Memory block size: 128MB
[    2.715540] Callback from call_rcu_tasks_trace() invoked.
[    2.717439] clocksource: jiffies: mask: 0xffffffff max_cycles: 0xffffffff, max_idle_ns: 7645041785100000 ns
[    2.717439] futex hash table entries: 512 (order: 4, 65536 bytes, linear)
[    2.719827] pinctrl core: initialized pinctrl subsystem
[    2.721018] 
[    2.721180] *************************************************************
[    2.721815] **     NOTICE NOTICE NOTICE NOTICE NOTICE NOTICE NOTICE    **
[    2.722440] **                                                         **
[    2.723062] **  IOMMU DebugFS SUPPORT HAS BEEN ENABLED IN THIS KERNEL  **
[    2.723495] **                                                         **
[    2.724232] ** This means that this kernel is built to expose internal **
[    2.724843] ** IOMMU data structures, which may compromise security on **
[    2.725446] ** your system.                                            **
[    2.726050] **                                                         **
[    2.726655] ** If you see this message and you are not debugging the   **
[    2.727259] ** kernel, report this immediately to your vendor!         **
[    2.727487] **                                                         **
[    2.728093] **     NOTICE NOTICE NOTICE NOTICE NOTICE NOTICE NOTICE    **
[    2.728698] *************************************************************
[    2.729377] PM: RTC time: 19:31:36, date: 2022-12-27
[    2.734185] NET: Registered PF_NETLINK/PF_ROUTE protocol family
[    2.735463] DMA: preallocated 256 KiB GFP_KERNEL pool for atomic allocations
[    2.735511] DMA: preallocated 256 KiB GFP_KERNEL|GFP_DMA pool for atomic allocations
[    2.736224] DMA: preallocated 256 KiB GFP_KERNEL|GFP_DMA32 pool for atomic allocations
[    2.737002] audit: initializing netlink subsys (disabled)
[    2.737600] audit: type=2000 audit(1672169497.259:1): state=initialized audit_enabled=0 res=1
[    2.737600] thermal_sys: Registered thermal governor 'fair_share'
[    2.737600] thermal_sys: Registered thermal governor 'bang_bang'
[    2.737600] thermal_sys: Registered thermal governor 'step_wise'
[    2.739489] thermal_sys: Registered thermal governor 'user_space'
[    2.740085] cpuidle: using governor ladder
[    2.741025] cpuidle: using governor menu
[    2.741758] acpiphp: ACPI Hot Plug PCI Controller Driver version: 0.5
[    2.742732] PCI: Using configuration type 1 for base access
[    2.761406] kprobes: kprobe jump-optimization is enabled. All kprobes are optimized if possible.
[    3.004079] HugeTLB: registered 1.00 GiB page size, pre-allocated 0 pages
[    3.004779] HugeTLB: 16380 KiB vmemmap can be freed for a 1.00 GiB page
[    3.005432] HugeTLB: registered 2.00 MiB page size, pre-allocated 0 pages
[    3.006100] HugeTLB: 28 KiB vmemmap can be freed for a 2.00 MiB page
[    3.011450] ACPI: Added _OSI(Module Device)
[    3.011491] ACPI: Added _OSI(Processor Device)
[    3.011932] ACPI: Added _OSI(3.0 _SCP Extensions)
[    3.012402] ACPI: Added _OSI(Processor Aggregator Device)
[    3.019813] ACPI: 1 ACPI AML tables successfully acquired and loaded
[    3.024544] ACPI: Interpreter enabled
[    3.025048] ACPI: PM: (supports S0 S3 S4 S5)
[    3.025481] ACPI: Using IOAPIC for interrupt routing
[    3.026039] PCI: Using host bridge windows from ACPI; if necessary, use "pci=nocrs" and report a bug
[    3.026940] PCI: Using E820 reservations for host bridge windows
[    3.028346] ACPI: Enabled 2 GPEs in block 00 to 0F
[    3.049794] ACPI: PCI Root Bridge [PCI0] (domain 0000 [bus 00-ff])
[    3.050464] acpi PNP0A03:00: _OSC: OS supports [ASPM ClockPM Segments MSI EDR HPX-Type3]
[    3.051294] acpi PNP0A03:00: _OSC: not requesting OS control; OS requires [ExtendedConfig ASPM ClockPM MSI]
[    3.051574] acpi PNP0A03:00: fail to add MMCONFIG information, can't access extended PCI configuration space under this bridge.
[    3.055834] acpiphp: Slot [3] registered
[    3.056322] acpiphp: Slot [4] registered
[    3.056806] acpiphp: Slot [5] registered
[    3.057295] acpiphp: Slot [6] registered
[    3.057787] acpiphp: Slot [7] registered
[    3.058284] acpiphp: Slot [8] registered
[    3.058783] acpiphp: Slot [9] registered
[    3.059265] acpiphp: Slot [10] registered
[    3.059576] acpiphp: Slot [11] registered
[    3.060087] acpiphp: Slot [12] registered
[    3.060603] acpiphp: Slot [13] registered
[    3.061126] acpiphp: Slot [14] registered
[    3.061634] acpiphp: Slot [15] registered
[    3.062157] acpiphp: Slot [16] registered
[    3.062775] acpiphp: Slot [17] registered
[    3.063287] acpiphp: Slot [18] registered
[    3.063577] acpiphp: Slot [19] registered
[    3.064087] acpiphp: Slot [20] registered
[    3.064597] acpiphp: Slot [21] registered
[    3.065107] acpiphp: Slot [22] registered
[    3.065714] acpiphp: Slot [23] registered
[    3.066242] acpiphp: Slot [24] registered
[    3.066749] acpiphp: Slot [25] registered
[    3.067258] acpiphp: Slot [26] registered
[    3.067588] acpiphp: Slot [27] registered
[    3.068095] acpiphp: Slot [28] registered
[    3.068604] acpiphp: Slot [29] registered
[    3.069111] acpiphp: Slot [30] registered
[    3.069618] acpiphp: Slot [31] registered
[    3.070068] PCI host bridge to bus 0000:00
[    3.070502] pci_bus 0000:00: root bus resource [io  0x0000-0x0cf7 window]
[    3.071213] pci_bus 0000:00: root bus resource [io  0x0d00-0xffff window]
[    3.071498] pci_bus 0000:00: root bus resource [mem 0x000a0000-0x000bffff window]
[    3.072275] pci_bus 0000:00: root bus resource [mem 0x80000000-0xfebfffff window]
[    3.073050] pci_bus 0000:00: root bus resource [mem 0x100000000-0x17fffffff window]
[    3.073831] pci_bus 0000:00: root bus resource [bus 00-ff]
[    3.074736] pci 0000:00:00.0: [8086:1237] type 00 class 0x060000
[    3.079518] pci 0000:00:01.0: [8086:7000] type 00 class 0x060100
[    3.081188] pci 0000:00:01.1: [8086:7010] type 00 class 0x010180
[    3.083698] pci 0000:00:01.1: reg 0x20: [io  0xc040-0xc04f]
[    3.085103] pci 0000:00:01.1: legacy IDE quirk: reg 0x10: [io  0x01f0-0x01f7]
[    3.085815] pci 0000:00:01.1: legacy IDE quirk: reg 0x14: [io  0x03f6]
[    3.086547] pci 0000:00:01.1: legacy IDE quirk: reg 0x18: [io  0x0170-0x0177]
[    3.087279] pci 0000:00:01.1: legacy IDE quirk: reg 0x1c: [io  0x0376]
[    3.087876] pci 0000:00:01.3: [8086:7113] type 00 class 0x068000
[    3.088932] pci 0000:00:01.3: quirk: [io  0x0600-0x063f] claimed by PIIX4 ACPI
[    3.089685] pci 0000:00:01.3: quirk: [io  0x0700-0x070f] claimed by PIIX4 SMB
[    3.090797] pci 0000:00:02.0: [1234:1111] type 00 class 0x030000
[    3.094761] pci 0000:00:02.0: reg 0x10: [mem 0xfd000000-0xfdffffff pref]
[    3.098532] pci 0000:00:02.0: reg 0x18: [mem 0xfebf0000-0xfebf0fff]
[    3.105970] pci 0000:00:02.0: reg 0x30: [mem 0xfebe0000-0xfebeffff pref]
[    3.107372] pci 0000:00:02.0: Video device with shadowed ROM at [mem 0x000c0000-0x000dffff]
[    3.114396] pci 0000:00:03.0: [8086:100e] type 00 class 0x020000
[    3.115922] pci 0000:00:03.0: reg 0x10: [mem 0xfebc0000-0xfebdffff]
[    3.117663] pci 0000:00:03.0: reg 0x14: [io  0xc000-0xc03f]
[    3.123184] pci 0000:00:03.0: reg 0x30: [mem 0xfeb80000-0xfebbffff pref]
[    3.143245] ACPI: PCI: Interrupt link LNKA configured for IRQ 10
[    3.143986] ACPI: PCI: Interrupt link LNKB configured for IRQ 10
[    3.145116] ACPI: PCI: Interrupt link LNKC configured for IRQ 11
[    3.146219] ACPI: PCI: Interrupt link LNKD configured for IRQ 11
[    3.147070] ACPI: PCI: Interrupt link LNKS configured for IRQ 9
[    3.149431] iommu: Default domain type: Translated 
[    3.149955] iommu: DMA domain TLB invalidation policy: lazy mode 
[    3.152192] SCSI subsystem initialized
[    3.153011] ACPI: bus type USB registered
[    3.153519] usbcore: registered new interface driver usbfs
[    3.154139] usbcore: registered new interface driver hub
[    3.154720] usbcore: registered new device driver usb
[    3.155403] pps_core: LinuxPPS API ver. 1 registered
[    3.155490] pps_core: Software ver. 5.3.6 - Copyright 2005-2007 Rodolfo Giometti <giometti@linux.it>
[    3.156419] PTP clock support registered
[    3.157079] EDAC MC: Ver: 3.0.0
[    3.160439] NetLabel: Initializing
[    3.160814] NetLabel:  domain hash size = 128
[    3.161260] NetLabel:  protocols = UNLABELED CIPSOv4 CALIPSO
[    3.161920] NetLabel:  unlabeled traffic allowed by default
[    3.163006] PCI: Using ACPI for IRQ routing
[    3.163757] pci 0000:00:02.0: vgaarb: setting as boot VGA device
[    3.164392] pci 0000:00:02.0: vgaarb: bridge control possible
[    3.164970] pci 0000:00:02.0: vgaarb: VGA device added: decodes=io+mem,owns=io+mem,locks=none
[    3.165833] vgaarb: loaded
[    3.166773] hpet0: at MMIO 0xfed00000, IRQs 2, 8, 0
[    3.167301] hpet0: 3 comparators, 64-bit 100.000000 MHz counter
[    6.148216] clocksource: Switched to clocksource kvm-clock
[    6.210035] Callback from call_rcu_tasks_rude() invoked.
[    6.255670] Callback from call_rcu_tasks() invoked.
[    6.377927] VFS: Disk quotas dquot_6.6.0
[    6.378415] VFS: Dquot-cache hash table entries: 512 (order 0, 4096 bytes)
[    6.379469] pnp: PnP ACPI init
[    6.382306] pnp: PnP ACPI: found 6 devices
[    6.397569] clocksource: acpi_pm: mask: 0xffffff max_cycles: 0xffffff, max_idle_ns: 2085701024 ns
[    6.398879] NET: Registered PF_INET protocol family
[    6.399674] IP idents hash table entries: 32768 (order: 6, 262144 bytes, linear)
[    6.401678] tcp_listen_portaddr_hash hash table entries: 1024 (order: 4, 73728 bytes, linear)
[    6.402592] Table-perturb hash table entries: 65536 (order: 6, 262144 bytes, linear)
[    6.403429] TCP established hash table entries: 16384 (order: 5, 131072 bytes, linear)
[    6.404562] TCP bind hash table entries: 16384 (order: 9, 2359296 bytes, linear)
[    6.537313] TCP: Hash tables configured (established 16384 bind 16384)
[    6.538175] UDP hash table entries: 1024 (order: 5, 163840 bytes, linear)
[    6.538950] UDP-Lite hash table entries: 1024 (order: 5, 163840 bytes, linear)
[    6.539970] NET: Registered PF_UNIX/PF_LOCAL protocol family
[    6.541212] RPC: Registered named UNIX socket transport module.
[    6.541795] RPC: Registered udp transport module.
[    6.542234] RPC: Registered tcp transport module.
[    6.542674] RPC: Registered tcp NFSv4.1 backchannel transport module.
[    6.543305] pci_bus 0000:00: resource 4 [io  0x0000-0x0cf7 window]
[    6.543917] pci_bus 0000:00: resource 5 [io  0x0d00-0xffff window]
[    6.544499] pci_bus 0000:00: resource 6 [mem 0x000a0000-0x000bffff window]
[    6.545145] pci_bus 0000:00: resource 7 [mem 0x80000000-0xfebfffff window]
[    6.545788] pci_bus 0000:00: resource 8 [mem 0x100000000-0x17fffffff window]
[    6.546753] pci 0000:00:01.0: PIIX3: Enabling Passive Release
[    6.547307] pci 0000:00:00.0: Limiting direct PCI/PCI transfers
[    6.547981] PCI: CLS 0 bytes, default 64
[    6.548431] ACPI: bus type thunderbolt registered
[    6.549260] clocksource: tsc: mask: 0xffffffffffffffff max_cycles: 0x2cd5a8bb032, max_idle_ns: 440795365915 ns
[    6.555157] Initialise system trusted keyrings
[    6.555717] Key type blacklist registered
[    6.556382] workingset: timestamp_bits=36 max_order=19 bucket_order=0
[    6.557148] zbud: loaded
[    6.558334] squashfs: version 4.0 (2009/01/31) Phillip Lougher
[    6.559912] NFS: Registering the id_resolver key type
[    6.560416] Key type id_resolver registered
[    6.560826] Key type id_legacy registered
[    6.561247] nfs4filelayout_init: NFSv4 File Layout Driver Registering...
[    6.561920] nfs4flexfilelayout_init: NFSv4 Flexfile Layout Driver Registering...
[    6.562790] fuse: init (API version 7.38)
[    6.563375] SGI XFS with ACLs, security attributes, realtime, quota, no debug enabled
[    6.564886] 9p: Installing v9fs 9p2000 file system support
[    6.574550] Key type asymmetric registered
[    6.574960] Asymmetric key parser 'x509' registered
[    6.577212] alg: self-tests for CTR-KDF (hmac(sha256)) passed
[    6.577870] Block layer SCSI generic (bsg) driver version 0.4 loaded (major 243)
[    6.578752] io scheduler mq-deadline registered
[    6.579254] io scheduler bfq registered
[    6.580976] shpchp: Standard Hot Plug PCI Controller Driver version: 0.4
[    6.582152] IPMI message handler: version 39.2
[    6.582628] ipmi device interface
[    6.585064] input: Power Button as /devices/LNXSYSTM:00/LNXPWRBN:00/input/input0
[    6.586101] ACPI: button: Power Button [PWRF]
[    6.587783] ERST DBG: ERST support is disabled.
[    6.589104] Serial: 8250/16550 driver, 32 ports, IRQ sharing enabled
[    6.590330] 00:04: ttyS0 at I/O 0x3f8 (irq = 4, base_baud = 115200) is a 16550A
[    6.603128] Linux agpgart interface v0.103
[    6.604293] ACPI: bus type drm_connector registered
[    6.620561] brd: module loaded
[    6.630135] loop: module loaded
[    6.636423] scsi host0: ata_piix
[    6.638308] scsi host1: ata_piix
[    6.638857] ata1: PATA max MWDMA2 cmd 0x1f0 ctl 0x3f6 bmdma 0xc040 irq 14
[    6.639527] ata2: PATA max MWDMA2 cmd 0x170 ctl 0x376 bmdma 0xc048 irq 15
[    6.642069] tun: Universal TUN/TAP device driver, 1.6
[    6.642826] e100: Intel(R) PRO/100 Network Driver
[    6.643278] e100: Copyright(c) 1999-2006 Intel Corporation
[    6.643885] e1000: Intel(R) PRO/1000 Network Driver
[    6.644355] e1000: Copyright (c) 1999-2006 Intel Corporation.
[    6.799723] ata1: found unknown device (class 0)
[    6.801282] ata1.00: ATA-7: QEMU HARDDISK, 2.5+, max UDMA/100
[    6.802117] ata1.00: 16777216 sectors, multi 16: LBA48 
[    6.804244] scsi 0:0:0:0: Direct-Access     ATA      QEMU HARDDISK    2.5+ PQ: 0 ANSI: 5
[    6.807251] scsi 0:0:0:0: Attached scsi generic sg0 type 0
[    6.808539] ata2: found unknown device (class 0)
[    6.810789] ata2.00: ATAPI: QEMU DVD-ROM, 2.5+, max UDMA/100
[    6.811963] sd 0:0:0:0: [sda] 16777216 512-byte logical blocks: (8.59 GB/8.00 GiB)
[    6.813567] sd 0:0:0:0: [sda] Write Protect is off
[    6.814406] sd 0:0:0:0: [sda] Write cache: enabled, read cache: enabled, doesn't support DPO or FUA
[    6.815041] scsi 1:0:0:0: CD-ROM            QEMU     QEMU DVD-ROM     2.5+ PQ: 0 ANSI: 5
[    6.815741] sd 0:0:0:0: [sda] Preferred minimum I/O size 512 bytes
[    6.837563] sd 0:0:0:0: [sda] Attached SCSI disk
[    6.844519] scsi 1:0:0:0: Attached scsi generic sg1 type 5
[    6.880762] ACPI: \_SB_.LNKC: Enabled at IRQ 11
[    7.215048] e1000 0000:00:03.0 eth0: (PCI:33MHz:32-bit) 52:54:00:12:34:56
[    7.215939] e1000 0000:00:03.0 eth0: Intel(R) PRO/1000 Network Connection
[    7.216763] e1000e: Intel(R) PRO/1000 Network Driver
[    7.217230] e1000e: Copyright(c) 1999 - 2015 Intel Corporation.
[    7.217864] igb: Intel(R) Gigabit Ethernet Network Driver
[    7.218373] igb: Copyright (c) 2007-2014 Intel Corporation.
[    7.219027] PPP generic driver version 2.4.2
[    7.220086] VFIO - User Level meta-driver version: 0.3
[    7.221295] usbcore: registered new interface driver uas
[    7.222109] usbcore: registered new interface driver usb-storage
[    7.223150] i8042: PNP: PS/2 Controller [PNP0303:KBD,PNP0f13:MOU] at 0x60,0x64 irq 1,12
[    7.225376] serio: i8042 KBD port at 0x60,0x64 irq 1
[    7.226140] serio: i8042 AUX port at 0x60,0x64 irq 12
[    7.228156] mousedev: PS/2 mouse device common for all mice
[    7.230520] input: AT Translated Set 2 keyboard as /devices/platform/i8042/serio0/input/input1
[    7.232059] rtc_cmos 00:05: RTC can wake from S4
[    7.233815] rtc_cmos 00:05: registered as rtc0
[    7.234078] input: VirtualPS/2 VMware VMMouse as /devices/platform/i8042/serio1/input/input4
[    7.234339] rtc_cmos 00:05: setting system clock to 2022-12-27T19:31:41 UTC (1672169501)
[    7.236409] rtc_cmos 00:05: alarms up to one day, y3k, 242 bytes nvram, hpet irqs
[    7.236587] input: VirtualPS/2 VMware VMMouse as /devices/platform/i8042/serio1/input/input3
[    7.237250] i2c_dev: i2c /dev entries driver
[    7.238752] device-mapper: core: CONFIG_IMA_DISABLE_HTABLE is disabled. Duplicate IMA measurements will not be recorded in the IMA log.
[    7.239969] device-mapper: uevent: version 1.0.3
[    7.240663] device-mapper: ioctl: 4.47.0-ioctl (2022-07-28) initialised: dm-devel@redhat.com
[    7.241451] intel_pstate: CPU model not supported
[    7.242042] sdhci: Secure Digital Host Controller Interface driver
[    7.242621] sdhci: Copyright(c) Pierre Ossman
[    7.243122] sdhci-pltfm: SDHCI platform and OF driver helper
[    7.243754] ledtrig-cpu: registered to indicate activity on CPUs
[    7.244814] drop_monitor: Initializing network drop monitor service
[    7.245628] NET: Registered PF_INET6 protocol family
[    7.248660] Segment Routing with IPv6
[    7.249053] In-situ OAM (IOAM) with IPv6
[    7.249485] NET: Registered PF_PACKET protocol family
[    7.250219] 9pnet: Installing 9P2000 support
[    7.250706] Key type dns_resolver registered
[    7.252227] IPI shorthand broadcast: enabled
[    7.252744] sched_clock: Marking stable (7236913436, 15046607)->(7269822894, -17862851)
[    7.254339] registered taskstats version 1
[    7.254906] Loading compiled-in X.509 certificates
[    7.255777] zswap: loaded using pool lzo/zbud
[    7.276428] Key type .fscrypt registered
[    7.276834] Key type fscrypt-provisioning registered
[    7.278826] Key type encrypted registered
[    7.279280] ima: No TPM chip found, activating TPM-bypass!
[    7.279836] ima: Allocated hash algorithm: sha1
[    7.280313] ima: No architecture policies found
[    7.280831] evm: Initialising EVM extended attributes:
[    7.281301] evm: security.selinux
[    7.281619] evm: security.SMACK64
[    7.281933] evm: security.SMACK64EXEC
[    7.282274] evm: security.SMACK64TRANSMUTE
[    7.282654] evm: security.SMACK64MMAP
[    7.283000] evm: security.apparmor
[    7.283319] evm: security.ima
[    7.283613] evm: security.capability
[    7.283950] evm: HMAC attrs: 0x1
[    7.290211] PM:   Magic number: 2:561:547
[    7.290675] tty ttyS23: hash matches
[    7.292309] RAS: Correctable Errors collector initialized.
[    7.294202] md: Waiting for all devices to be available before autodetect
[    7.294646] md: If you don't use raid, use raid=noautodetect
[    7.295036] md: Autodetecting RAID arrays.
[    7.295326] md: autorun ...
[    7.295543] md: ... autorun DONE.
[    7.300724] EXT4-fs (sda): INFO: recovery required on readonly filesystem
[    7.301205] EXT4-fs (sda): write access will be enabled during recovery
[    7.475285] EXT4-fs (sda): recovery complete
[    7.481248] EXT4-fs (sda): mounted filesystem 23a53bb9-f815-47a5-b74c-5e08f7731193 with ordered data mode. Quota mode: none.
[    7.482073] VFS: Mounted root (ext4 filesystem) readonly on device 8:0.
[    7.483273] devtmpfs: mounted
[    7.493825] Freeing unused decrypted memory: 2036K
[    7.496601] Freeing unused kernel image (initmem) memory: 3672K
[    7.497038] Write protecting the kernel read-only data: 43008k
[    7.500807] Freeing unused kernel image (text/rodata gap) memory: 2028K
[    7.501637] Freeing unused kernel image (rodata/data gap) memory: 364K
[    7.598535] x86/mm: Checked W+X mappings: passed, no W+X pages found.
[    7.599085] Run /sbin/init as init process
[    7.707345] systemd[1]: RTC configured in localtime, applying delta of 0 minutes to system time.
[    7.741262] systemd[1]: systemd 239 (239-49.el8) running in system mode. (+PAM +AUDIT +SELINUX +IMA -APPARMOR +SMACK +SYSVINIT +UTMP +LIBCRYPTSETUP +GCRYPT +GNUTLS +ACL +XZ +LZ4 +SECCOMP +BLKID +ELFUTILS +KMOD +IDN2 -IDN +PCRE2 default-hierarchy=legacy)
[    7.743449] systemd[1]: Detected virtualization kvm.
[    7.743936] systemd[1]: Detected architecture x86-64.

Welcome to [0;31mCentOS Stream 8[0m!

[    7.806215] systemd[1]: Set hostname to <test>.
[    8.241904] systemd[1]: Created slice system-getty.slice.
[[0;32m  OK  [0m] Created slice system-getty.slice.
[    8.243376] systemd[1]: Listening on udev Kernel Socket.
[[0;32m  OK  [0m] Listening on udev Kernel Socket.
[    8.244707] systemd[1]: Listening on multipathd control socket.
[[0;32m  OK  [0m] Listening on multipathd control socket.
[    8.245950] systemd[1]: Listening on initctl Compatibility Named Pipe.
[[0;32m  OK  [0m] Listening on initctl Compatibility Named Pipe.
[    8.248156] systemd[1]: Created slice User and Session Slice.
[[0;32m  OK  [0m] Created slice User and Session Slice.
[    8.249127] systemd[1]: Reached target Slices.
[[0;32m  OK  [0m] Reached target Slices.
[[0;32m  OK  [0m] Reached target Swap.
[[0;32m  OK  [0m] Listening on Journal Socket.
         Starting Load Kernel Modules...
         Mounting Kernel Debug File System...
[[0;32m  OK  [0m] Set up automount Arbitrary Executabâ€¦rmats File System Automount Point.
         Mounting POSIX Message Queue File System...
[[0;32m  OK  [0m] Created slice system-sshd\x2dkeygen.slice.
[[0;32m  OK  [0m] Listening on Process Core Dump Socket.
[[0;32m  OK  [0m] Listening on Journal Socket (/dev/log).
         Starting Journal Service...
         Mounting Huge Pages File System...
         Starting Remount Root and Kernel File Systems...
[[0;32m  OK  [0m] Listening on LVM2 poll daemon socket.
[[0;32m  OK  [0m] Listening on udev Control Socket.
         Starting udev Coldplug all Devices...
[[0;32m  OK  [0m] Listening on RPCbind Server Activation Socket.
[[0;32m  OK  [0m] Reached target RPC Port Mapper.
[[0;32m  OK  [0m] Created slice system-serial\x2dgetty.slice.
         Starting Setup Virtual Console...
[[0;32m  OK  [0m] Started Forward Password Requests to Wall Directory Watch.
[[0;32m  OK  [0m] Listening on Device-mapper event daemon FIFOs.
         Starting Monitoring of LVM2 mirrorsâ€¦ng dmeventd or progress polling...
[[0;1;31mFAILED[0m] Failed to start Load Kernel Modules.
See 'systemctl status systemd-modules-load.service' for details.
[[0;32m  OK  [0m] Mounted Kernel Debug File System.
[[0;32m  OK  [0m] Mounted POSIX Message Queue File System.
[[0;32m  OK  [0m] Mounted Huge Pages File System.
[[0;32m  OK  [0m] Started Journal Service.
         Mounting Kernel Configuration File System...
         Starting Apply Kernel Variables...
         Mounting FUSE Control File System...
[[0;32m  OK  [0m] Mounted Kernel Configuration File System.
[    8.891674] EXT4-fs (sda): re-mounted 23a53bb9-f815-47a5-b74c-5e08f7731193. Quota mode: none.
[[0;32m  OK  [0m] Mounted FUSE Control File System.
[[0;32m  OK  [0m] Started Apply Kernel Variables.
[[0;32m  OK  [0m] Started Remount Root and Kernel File Systems.
         Starting Load/Save Random Seed...
         Starting Create Static Device Nodes in /dev...
         Starting Flush Journal to Persistent Storage...
[[0;32m  OK  [0m] Started Setup Virtual Console.
[[0;32m  OK  [0m] Started udev Coldplug all Devices.
[[0;32m  OK  [0m] Started Load/Save Random Seed.
[[0;32m  OK  [0m] Started Create Static Device Nodes in /dev.
         Starting udev Kernel Device Manager...
         Starting udev Wait for Complete Device Initialization...
[[0;32m  OK  [0m] Started Flush Journal to Persistent Storage.
[[0;32m  OK  [0m] Started udev Kernel Device Manager.
         Starting Show Plymouth Boot Screen...
[[0;32m  OK  [0m] Started Show Plymouth Boot Screen.
[[0;32m  OK  [0m] Reached target Paths.
[[0;32m  OK  [0m] Reached target Local Encrypted Volumes.
[[0;32m  OK  [0m] Started Forward Password Requests to Plymouth Directory Watch.
[[0;32m  OK  [0m] Found device /dev/ttyS0.
[[0;32m  OK  [0m] Started Monitoring of LVM2 mirrors,â€¦sing dmeventd or progress polling.
[[0;32m  OK  [0m] Started udev Wait for Complete Device Initialization.
[[0;32m  OK  [0m] Listening on Load/Save RF Kill Switch Status /dev/rfkill Watch.
[[0;32m  OK  [0m] Reached target Local File Systems (Pre).
[[0;32m  OK  [0m] Reached target Local File Systems.
         Starting Create Volatile Files and Directories...
         Starting Restore /run/initramfs on shutdown...
         Starting Tell Plymouth To Write Out Runtime Data...
[[0;32m  OK  [0m] Started Create Volatile Files and Directories.
[[0;32m  OK  [0m] Started Restore /run/initramfs on shutdown.
[[0;32m  OK  [0m] Started Tell Plymouth To Write Out Runtime Data.
         Starting RPC Bind...
         Starting Security Auditing Service...
         Mounting RPC Pipe File System...
[[0;32m  OK  [0m] Started RPC Bind.
[[0;32m  OK  [0m] Mounted RPC Pipe File System.
[[0;32m  OK  [0m] Reached target rpc_pipefs.target.
[[0;32m  OK  [0m] Started Security Auditing Service.
         Starting Update UTMP about System Boot/Shutdown...
[[0;32m  OK  [0m] Started Update UTMP about System Boot/Shutdown.
[[0;32m  OK  [0m] Reached target System Initialization.
[[0;32m  OK  [0m] Listening on D-Bus System Message Bus Socket.
[[0;32m  OK  [0m] Started dnf makecache --timer.
[[0;32m  OK  [0m] Listening on SSSD Kerberos Cache Manager responder socket.
[[0;32m  OK  [0m] Reached target Sockets.
[[0;32m  OK  [0m] Started daily update of the root trust anchor for DNSSEC.
[[0;32m  OK  [0m] Started Daily Cleanup of Temporary Directories.
[[0;32m  OK  [0m] Reached target Timers.
[[0;32m  OK  [0m] Reached target Basic System.
         Starting NTP client/server...
[[0;32m  OK  [0m] Started Machine Check Exception Logging Daemon.
[[0;32m  OK  [0m] Started D-Bus System Message Bus.
         Starting Network Manager...
[[0;32m  OK  [0m] Reached target sshd-keygen.target.
[[0;32m  OK  [0m] Started irqbalance daemon.
         Starting Login Service...
         Starting Auto-connect to subsystemsâ€¦-NVME devices found during boot...
         Starting Self Monitoring and Reporting Technology (SMART) Daemon...
         Starting Authorization Manager...
[[0;32m  OK  [0m] Started Auto-connect to subsystems â€¦FC-NVME devices found during boot.
         Starting update of the root trust aâ€¦or DNSSEC validation in unbound...
[[0;32m  OK  [0m] Started Self Monitoring and Reporting Technology (SMART) Daemon.
[[0;32m  OK  [0m] Started Network Manager.
         Starting Network Manager Wait Online...
[[0;32m  OK  [0m] Reached target Network.
         Starting OpenSSH server daemon...
         Starting GSSAPI Proxy Daemon...
         Starting Dynamic System Tuning Daemon...
[[0;32m  OK  [0m] Started NTP client/server.
[[0;32m  OK  [0m] Started update of the root trust anâ€¦ for DNSSEC validation in unbound.
[[0;32m  OK  [0m] Started Login Service.
[[0;32m  OK  [0m] Started OpenSSH server daemon.
[[0;32m  OK  [0m] Started GSSAPI Proxy Daemon.
[[0;32m  OK  [0m] Reached target NFS client services.
[[0;32m  OK  [0m] Reached target Remote File Systems (Pre).
[[0;32m  OK  [0m] Reached target Remote File Systems.
         Starting Permit User Sessions...
         Starting Hostname Service...
[[0;32m  OK  [0m] Started Permit User Sessions.
[[0;32m  OK  [0m] Started Command Scheduler.
         Starting Terminate Plymouth Boot Screen...
         Starting Hold until boot process finishes up...
[[0;32m  OK  [0m] Started Terminate Plymouth Boot Screen.
[[0;32m  OK  [0m] Started Hold until boot process finishes up.
[   12.524372] e1000: eth0 NIC Link is Up 1000 Mbps Full Duplex, Flow Control: RX
[   12.525573] IPv6: ADDRCONF(NETDEV_CHANGE): eth0: link becomes ready
[   13.133941] Spectre V2 : WARNING: Unprivileged eBPF is enabled with eIBRS on, data leaks possible via Spectre v2 BHB attacks!
[   13.134772] Spectre V2 : WARNING: Unprivileged eBPF is enabled with eIBRS on, data leaks possible via Spectre v2 BHB attacks!

CentOS Stream 8
Kernel 6.1.0-97971df811b8+ on an x86_64

test login: [   19.838219] sg_write: data in/out 3278044/1 bytes for SCSI command 0x3c-- guessing data in;
[   19.838219]    program repro not setting count and/or reply_len properly
[   19.842527] ------------[ cut here ]------------
[   19.842866] WARNING: CPU: 0 PID: 576 at lib/iov_iter.c:629 _copy_from_iter+0x130/0xa60
[   19.843431] Modules linked in:
[   19.843682] CPU: 0 PID: 576 Comm: repro Not tainted 6.1.0-97971df811b8+ #1
[   19.844142] Hardware name: QEMU Standard PC (i440FX + PIIX, 1996), BIOS rel-1.16.0-0-gd239552ce722-prebuilt.qemu.org 04/01/2014
[   19.844900] RIP: 0010:_copy_from_iter+0x130/0xa60
[   19.845228] Code: 41 5e 41 5f 5d c3 cc cc cc cc e8 1b e6 5e ff be 79 02 00 00 48 c7 c7 e4 24 73 83 e8 2a 20 7f ff e9 3f ff ff ff e8 00 e6 5e ff <0f> 0b 31 db eb ac e8 f5 e5 5e ff 31 ff 44 89 f6 e8 fb e6 5e ff 45
[   19.846433] RSP: 0018:ffffc90000f8f8e0 EFLAGS: 00010246
[   19.846788] RAX: 0000000000000000 RBX: 0000000000001000 RCX: ffffffff81cad333
[   19.847261] RDX: 0000000000000000 RSI: ffff888014c25300 RDI: 0000000000000002
[   19.847745] RBP: ffffc90000f8f970 R08: ffffc90000f8f997 R09: 000000000000ffff
[   19.848211] R10: ffffea000053e800 R11: 0000000000000000 R12: ffffc90000f8fa28
[   19.848684] R13: 0000000000000000 R14: ffffea0000532200 R15: 0000000000000000
[   19.849149] FS:  00007f67be492740(0000) GS:ffff88807dc00000(0000) knlGS:0000000000000000
[   19.849679] CS:  0010 DS: 0000 ES: 0000 CR0: 0000000080050033
[   19.850063] CR2: 0000000000000000 CR3: 000000000e1c2003 CR4: 0000000000770ef0
[   19.850535] PKRU: 55555554
[   19.850727] Call Trace:
[   19.850900]  <TASK>
[   19.851054]  ? __sanitizer_cov_trace_pc+0x25/0x60
[   19.851387]  ? bio_add_hw_page+0x234/0x2e0
[   19.851693]  ? write_comp_data+0x2f/0x90
[   19.851974]  copy_page_from_iter+0x1aa/0x370
[   19.852274]  ? write_comp_data+0x2f/0x90
[   19.852554]  blk_rq_map_user_iov+0x531/0xa70
[   19.852868]  blk_rq_map_user+0x86/0xc0
[   19.853138]  blk_rq_map_user_io+0xbe/0xd0
[   19.853422]  sg_common_write.isra.20+0x5fd/0xb10
[   19.853779]  sg_write+0x43a/0x750
[   19.854028]  ? write_comp_data+0x2f/0x90
[   19.854306]  ? __sanitizer_cov_trace_pc+0x25/0x60
[   19.854636]  ? iovec_from_user.part.28+0x132/0x370
[   19.854971]  ? write_comp_data+0x2f/0x90
[   19.855250]  ? write_comp_data+0x2f/0x90
[   19.855542]  ? __sanitizer_cov_trace_pc+0x25/0x60
[   19.855870]  ? write_comp_data+0x2f/0x90
[   19.856151]  do_iter_write+0x273/0x320
[   19.856429]  vfs_writev+0xd2/0x3d0
[   19.856687]  ? write_comp_data+0x2f/0x90
[   19.856960]  ? __sanitizer_cov_trace_pc+0x25/0x60
[   19.857283]  ? write_comp_data+0x2f/0x90
[   19.857567]  do_writev+0xa6/0x1c0
[   19.857810]  ? do_writev+0xa6/0x1c0
[   19.858066]  __x64_sys_writev+0x29/0x30
[   19.858343]  do_syscall_64+0x3b/0x90
[   19.858610]  entry_SYSCALL_64_after_hwframe+0x63/0xcd
[   19.858968] RIP: 0033:0x7f67be5b759d
[   19.859225] Code: 00 c3 66 2e 0f 1f 84 00 00 00 00 00 90 f3 0f 1e fa 48 89 f8 48 89 f7 48 89 d6 48 89 ca 4d 89 c2 4d 89 c8 4c 8b 4c 24 08 0f 05 <48> 3d 01 f0 ff ff 73 01 c3 48 8b 0d d3 08 0d 00 f7 d8 64 89 01 48
[   19.860485] RSP: 002b:00007fff8282d628 EFLAGS: 00000283 ORIG_RAX: 0000000000000014
[   19.861005] RAX: ffffffffffffffda RBX: 0000000000000000 RCX: 00007f67be5b759d
[   19.861486] RDX: 0000000000000002 RSI: 00000000200000c0 RDI: 0000000000000003
[   19.861972] RBP: 00007fff8282d640 R08: 00007fff8282d720 R09: 00007fff8282d720
[   19.862455] R10: 002367732f766564 R11: 0000000000000283 R12: 00000000004010a0
[   19.862937] R13: 00007fff8282d720 R14: 0000000000000000 R15: 0000000000000000
[   19.863433]  </TASK>
[   19.863613] irq event stamp: 5569
[   19.863851] hardirqs last  enabled at (5577): [<ffffffff811b9351>] __up_console_sem+0x91/0xb0
[   19.864438] hardirqs last disabled at (5584): [<ffffffff811b9336>] __up_console_sem+0x76/0xb0
[   19.865016] softirqs last  enabled at (5502): [<ffffffff83000329>] __do_softirq+0x329/0x490
[   19.865593] softirqs last disabled at (5497): [<ffffffff811125e2>] irq_exit_rcu+0xd2/0x100
[   19.866158] ---[ end trace 0000000000000000 ]---
[   19.871228] sg_write: data in/out 3278044/1 bytes for SCSI command 0x3c-- guessing data in;
[   19.871228]    program repro not setting count and/or reply_len properly
[   19.880828] sg_write: data in/out 3278044/1 bytes for SCSI command 0x3c-- guessing data in;
[   19.880828]    program repro not setting count and/or reply_len properly
[   19.887016] sg_write: data in/out 3278044/1 bytes for SCSI command 0x3c-- guessing data in;
[   19.887016]    program repro not setting count and/or reply_len properly
[   19.893461] sg_write: data in/out 3278044/1 bytes for SCSI command 0x3c-- guessing data in;
[   19.893461]    program repro not setting count and/or reply_len properly
[   19.899581] sg_write: data in/out 3278044/1 bytes for SCSI command 0x3c-- guessing data in;
[   19.899581]    program repro not setting count and/or reply_len properly
[   19.905503] sg_write: data in/out 3278044/1 bytes for SCSI command 0x3c-- guessing data in;
[   19.905503]    program repro not setting count and/or reply_len properly
[   19.911731] sg_write: data in/out 3278044/1 bytes for SCSI command 0x3c-- guessing data in;
[   19.911731]    program repro not setting count and/or reply_len properly
[   19.917622] sg_write: data in/out 3278044/1 bytes for SCSI command 0x3c-- guessing data in;
[   19.917622]    program repro not setting count and/or reply_len properly
[   19.923799] sg_write: data in/out 3278044/1 bytes for SCSI command 0x3c-- guessing data in;
[   19.923799]    program repro not setting count and/or reply_len properly
[   24.841041] sg_write: 939 callbacks suppressed
[   24.841053] sg_write: data in/out 3278044/1 bytes for SCSI command 0x3c-- guessing data in;
[   24.841053]    program repro not setting count and/or reply_len properly
[   24.847452] sg_write: data in/out 3278044/1 bytes for SCSI command 0x3c-- guessing data in;
[   24.847452]    program repro not setting count and/or reply_len properly
[   24.853484] sg_write: data in/out 3278044/1 bytes for SCSI command 0x3c-- guessing data in;
[   24.853484]    program repro not setting count and/or reply_len properly
[   24.859725] sg_write: data in/out 3278044/1 bytes for SCSI command 0x3c-- guessing data in;
[   24.859725]    program repro not setting count and/or reply_len properly
[   24.865627] sg_write: data in/out 3278044/1 bytes for SCSI command 0x3c-- guessing data in;
[   24.865627]    program repro not setting count and/or reply_len properly
[   24.871717] sg_write: data in/out 3278044/1 bytes for SCSI command 0x3c-- guessing data in;
[   24.871717]    program repro not setting count and/or reply_len properly
[   24.877719] sg_write: data in/out 3278044/1 bytes for SCSI command 0x3c-- guessing data in;
[   24.877719]    program repro not setting count and/or reply_len properly
[   24.883881] sg_write: data in/out 3278044/1 bytes for SCSI command 0x3c-- guessing data in;
[   24.883881]    program repro not setting count and/or reply_len properly
[   24.889783] sg_write: data in/out 3278044/1 bytes for SCSI command 0x3c-- guessing data in;
[   24.889783]    program repro not setting count and/or reply_len properly
[   24.895855] sg_write: data in/out 3278044/1 bytes for SCSI command 0x3c-- guessing data in;
[   24.895855]    program repro not setting count and/or reply_len properly
[   29.845405] sg_write: 1007 callbacks suppressed
[   29.845415] sg_write: data in/out 3278044/1 bytes for SCSI command 0x3c-- guessing data in;
[   29.845415]    program repro not setting count and/or reply_len properly
[   29.851778] sg_write: data in/out 3278044/1 bytes for SCSI command 0x3c-- guessing data in;
[   29.851778]    program repro not setting count and/or reply_len properly
[   29.857065] sg_write: data in/out 3278044/1 bytes for SCSI command 0x3c-- guessing data in;
[   29.857065]    program repro not setting count and/or reply_len properly
[   29.862589] sg_write: data in/out 3278044/1 bytes for SCSI command 0x3c-- guessing data in;
[   29.862589]    program repro not setting count and/or reply_len properly
[   29.867750] sg_write: data in/out 3278044/1 bytes for SCSI command 0x3c-- guessing data in;
[   29.867750]    program repro not setting count and/or reply_len properly
[   29.873160] sg_write: data in/out 3278044/1 bytes for SCSI command 0x3c-- guessing data in;
[   29.873160]    program repro not setting count and/or reply_len properly
[   29.878744] sg_write: data in/out 3278044/1 bytes for SCSI command 0x3c-- guessing data in;
[   29.878744]    program repro not setting count and/or reply_len properly
[   29.884278] sg_write: data in/out 3278044/1 bytes for SCSI command 0x3c-- guessing data in;
[   29.884278]    program repro not setting count and/or reply_len properly
[   29.889655] sg_write: data in/out 3278044/1 bytes for SCSI command 0x3c-- guessing data in;
[   29.889655]    program repro not setting count and/or reply_len properly
[   29.895164] sg_write: data in/out 3278044/1 bytes for SCSI command 0x3c-- guessing data in;
[   29.895164]    program repro not setting count and/or reply_len properly
[   34.849501] sg_write: 980 callbacks suppressed
[   34.849520] sg_write: data in/out 3278044/1 bytes for SCSI command 0x3c-- guessing data in;
[   34.849520]    program repro not setting count and/or reply_len properly
[   34.857173] sg_write: data in/out 3278044/1 bytes for SCSI command 0x3c-- guessing data in;
[   34.857173]    program repro not setting count and/or reply_len properly
[   34.865240] sg_write: data in/out 3278044/1 bytes for SCSI command 0x3c-- guessing data in;
[   34.865240]    program repro not setting count and/or reply_len properly
[   34.873020] sg_write: data in/out 3278044/1 bytes for SCSI command 0x3c-- guessing data in;
[   34.873020]    program repro not setting count and/or reply_len properly
[   34.880870] sg_write: data in/out 3278044/1 bytes for SCSI command 0x3c-- guessing data in;
[   34.880870]    program repro not setting count and/or reply_len properly
[   34.888895] sg_write: data in/out 3278044/1 bytes for SCSI command 0x3c-- guessing data in;
[   34.888895]    program repro not setting count and/or reply_len properly
[   34.896364] sg_write: data in/out 3278044/1 bytes for SCSI command 0x3c-- guessing data in;
[   34.896364]    program repro not setting count and/or reply_len properly
[   34.904312] sg_write: data in/out 3278044/1 bytes for SCSI command 0x3c-- guessing data in;
[   34.904312]    program repro not setting count and/or reply_len properly
[   34.909850] sg_write: data in/out 3278044/1 bytes for SCSI command 0x3c-- guessing data in;
[   34.909850]    program repro not setting count and/or reply_len properly
[   34.914996] sg_write: data in/out 3278044/1 bytes for SCSI command 0x3c-- guessing data in;
[   34.914996]    program repro not setting count and/or reply_len properly
[   39.854213] sg_write: 994 callbacks suppressed
[   39.854225] sg_write: data in/out 3278044/1 bytes for SCSI command 0x3c-- guessing data in;
[   39.854225]    program repro not setting count and/or reply_len properly
[   39.861130] sg_write: data in/out 3278044/1 bytes for SCSI command 0x3c-- guessing data in;
[   39.861130]    program repro not setting count and/or reply_len properly
[   39.867093] sg_write: data in/out 3278044/1 bytes for SCSI command 0x3c-- guessing data in;
[   39.867093]    program repro not setting count and/or reply_len properly
[   39.873166] sg_write: data in/out 3278044/1 bytes for SCSI command 0x3c-- guessing data in;
[   39.873166]    program repro not setting count and/or reply_len properly
[   39.878804] sg_write: data in/out 3278044/1 bytes for SCSI command 0x3c-- guessing data in;
[   39.878804]    program repro not setting count and/or reply_len properly
[   39.884774] sg_write: data in/out 3278044/1 bytes for SCSI command 0x3c-- guessing data in;
[   39.884774]    program repro not setting count and/or reply_len properly
[   39.890738] sg_write: data in/out 3278044/1 bytes for SCSI command 0x3c-- guessing data in;
[   39.890738]    program repro not setting count and/or reply_len properly
[   39.896765] sg_write: data in/out 3278044/1 bytes for SCSI command 0x3c-- guessing data in;
[   39.896765]    program repro not setting count and/or reply_len properly
[   39.902646] sg_write: data in/out 3278044/1 bytes for SCSI command 0x3c-- guessing data in;
[   39.902646]    program repro not setting count and/or reply_len properly
[   39.908303] sg_write: data in/out 3278044/1 bytes for SCSI command 0x3c-- guessing data in;
[   39.908303]    program repro not setting count and/or reply_len properly
[   44.860190] sg_write: 891 callbacks suppressed
[   44.860202] sg_write: data in/out 3278044/1 bytes for SCSI command 0x3c-- guessing data in;
[   44.860202]    program repro not setting count and/or reply_len properly
[   44.866950] sg_write: data in/out 3278044/1 bytes for SCSI command 0x3c-- guessing data in;
[   44.866950]    program repro not setting count and/or reply_len properly
[   44.873498] sg_write: data in/out 3278044/1 bytes for SCSI command 0x3c-- guessing data in;
[   44.873498]    program repro not setting count and/or reply_len properly
[   44.880156] sg_write: data in/out 3278044/1 bytes for SCSI command 0x3c-- guessing data in;
[   44.880156]    program repro not setting count and/or reply_len properly
[   44.886703] sg_write: data in/out 3278044/1 bytes for SCSI command 0x3c-- guessing data in;
[   44.886703]    program repro not setting count and/or reply_len properly
[   44.893210] sg_write: data in/out 3278044/1 bytes for SCSI command 0x3c-- guessing data in;
[   44.893210]    program repro not setting count and/or reply_len properly
[   44.900067] sg_write: data in/out 3278044/1 bytes for SCSI command 0x3c-- guessing data in;
[   44.900067]    program repro not setting count and/or reply_len properly
[   44.906627] sg_write: data in/out 3278044/1 bytes for SCSI command 0x3c-- guessing data in;
[   44.906627]    program repro not setting count and/or reply_len properly
[   44.913261] sg_write: data in/out 3278044/1 bytes for SCSI command 0x3c-- guessing data in;
[   44.913261]    program repro not setting count and/or reply_len properly
[   44.920144] sg_write: data in/out 3278044/1 bytes for SCSI command 0x3c-- guessing data in;
[   44.920144]    program repro not setting count and/or reply_len properly
[   49.865338] sg_write: 891 callbacks suppressed
[   49.865351] sg_write: data in/out 3278044/1 bytes for SCSI command 0x3c-- guessing data in;
[   49.865351]    program repro not setting count and/or reply_len properly
[   49.872131] sg_write: data in/out 3278044/1 bytes for SCSI command 0x3c-- guessing data in;
[   49.872131]    program repro not setting count and/or reply_len properly
[   49.878327] sg_write: data in/out 3278044/1 bytes for SCSI command 0x3c-- guessing data in;
[   49.878327]    program repro not setting count and/or reply_len properly
[   49.885245] sg_write: data in/out 3278044/1 bytes for SCSI command 0x3c-- guessing data in;
[   49.885245]    program repro not setting count and/or reply_len properly
[   49.891576] sg_write: data in/out 3278044/1 bytes for SCSI command 0x3c-- guessing data in;
[   49.891576]    program repro not setting count and/or reply_len properly
[   49.897778] sg_write: data in/out 3278044/1 bytes for SCSI command 0x3c-- guessing data in;
[   49.897778]    program repro not setting count and/or reply_len properly
[   49.904043] sg_write: data in/out 3278044/1 bytes for SCSI command 0x3c-- guessing data in;
[   49.904043]    program repro not setting count and/or reply_len properly
[   49.910337] sg_write: data in/out 3278044/1 bytes for SCSI command 0x3c-- guessing data in;
[   49.910337]    program repro not setting count and/or reply_len properly
[   49.916683] sg_write: data in/out 3278044/1 bytes for SCSI command 0x3c-- guessing data in;
[   49.916683]    program repro not setting count and/or reply_len properly
[   49.922890] sg_write: data in/out 3278044/1 bytes for SCSI command 0x3c-- guessing data in;
[   49.922890]    program repro not setting count and/or reply_len properly
[   54.868600] sg_write: 939 callbacks suppressed
[   54.868612] sg_write: data in/out 3278044/1 bytes for SCSI command 0x3c-- guessing data in;
[   54.868612]    program repro not setting count and/or reply_len properly
[   54.877839] sg_write: data in/out 3278044/1 bytes for SCSI command 0x3c-- guessing data in;
[   54.877839]    program repro not setting count and/or reply_len properly
[   54.887556] sg_write: data in/out 3278044/1 bytes for SCSI command 0x3c-- guessing data in;
[   54.887556]    program repro not setting count and/or reply_len properly
[   54.896993] sg_write: data in/out 3278044/1 bytes for SCSI command 0x3c-- guessing data in;
[   54.896993]    program repro not setting count and/or reply_len properly
[   54.906143] sg_write: data in/out 3278044/1 bytes for SCSI command 0x3c-- guessing data in;
[   54.906143]    program repro not setting count and/or reply_len properly
[   54.915236] sg_write: data in/out 3278044/1 bytes for SCSI command 0x3c-- guessing data in;
[   54.915236]    program repro not setting count and/or reply_len properly
[   54.924018] sg_write: data in/out 3278044/1 bytes for SCSI command 0x3c-- guessing data in;
[   54.924018]    program repro not setting count and/or reply_len properly
[   54.931321] sg_write: data in/out 3278044/1 bytes for SCSI command 0x3c-- guessing data in;
[   54.931321]    program repro not setting count and/or reply_len properly
[   54.937421] sg_write: data in/out 3278044/1 bytes for SCSI command 0x3c-- guessing data in;
[   54.937421]    program repro not setting count and/or reply_len properly
[   54.943599] sg_write: data in/out 3278044/1 bytes for SCSI command 0x3c-- guessing data in;
[   54.943599]    program repro not setting count and/or reply_len properly
[   59.873542] sg_write: 853 callbacks suppressed
[   59.873554] sg_write: data in/out 3278044/1 bytes for SCSI command 0x3c-- guessing data in;
[   59.873554]    program repro not setting count and/or reply_len properly
[   59.880183] sg_write: data in/out 3278044/1 bytes for SCSI command 0x3c-- guessing data in;
[   59.880183]    program repro not setting count and/or reply_len properly
[   59.886696] sg_write: data in/out 3278044/1 bytes for SCSI command 0x3c-- guessing data in;
[   59.886696]    program repro not setting count and/or reply_len properly
[   59.893165] sg_write: data in/out 3278044/1 bytes for SCSI command 0x3c-- guessing data in;
[   59.893165]    program repro not setting count and/or reply_len properly
[   59.899443] sg_write: data in/out 3278044/1 bytes for SCSI command 0x3c-- guessing data in;
[   59.899443]    program repro not setting count and/or reply_len properly
[   59.905877] sg_write: data in/out 3278044/1 bytes for SCSI command 0x3c-- guessing data in;
[   59.905877]    program repro not setting count and/or reply_len properly
[   59.912698] sg_write: data in/out 3278044/1 bytes for SCSI command 0x3c-- guessing data in;
[   59.912698]    program repro not setting count and/or reply_len properly
[   59.919219] sg_write: data in/out 3278044/1 bytes for SCSI command 0x3c-- guessing data in;
[   59.919219]    program repro not setting count and/or reply_len properly
[   59.925826] sg_write: data in/out 3278044/1 bytes for SCSI command 0x3c-- guessing data in;
[   59.925826]    program repro not setting count and/or reply_len properly
[   59.932156] sg_write: data in/out 3278044/1 bytes for SCSI command 0x3c-- guessing data in;
[   59.932156]    program repro not setting count and/or reply_len properly
[   64.876747] sg_write: 903 callbacks suppressed
[   64.876757] sg_write: data in/out 3278044/1 bytes for SCSI command 0x3c-- guessing data in;
[   64.876757]    program repro not setting count and/or reply_len properly
[   64.882382] sg_write: data in/out 3278044/1 bytes for SCSI command 0x3c-- guessing data in;
[   64.882382]    program repro not setting count and/or reply_len properly
[   64.887783] sg_write: data in/out 3278044/1 bytes for SCSI command 0x3c-- guessing data in;
[   64.887783]    program repro not setting count and/or reply_len properly
[   64.893112] sg_write: data in/out 3278044/1 bytes for SCSI command 0x3c-- guessing data in;
[   64.893112]    program repro not setting count and/or reply_len properly
[   64.898361] sg_write: data in/out 3278044/1 bytes for SCSI command 0x3c-- guessing data in;
[   64.898361]    program repro not setting count and/or reply_len properly
[   64.903808] sg_write: data in/out 3278044/1 bytes for SCSI command 0x3c-- guessing data in;
[   64.903808]    program repro not setting count and/or reply_len properly
[   64.909095] sg_write: data in/out 3278044/1 bytes for SCSI command 0x3c-- guessing data in;
[   64.909095]    program repro not setting count and/or reply_len properly
[   64.914390] sg_write: data in/out 3278044/1 bytes for SCSI command 0x3c-- guessing data in;
[   64.914390]    program repro not setting count and/or reply_len properly
[   64.921463] sg_write: data in/out 3278044/1 bytes for SCSI command 0x3c-- guessing data in;
[   64.921463]    program repro not setting count and/or reply_len properly
[   64.929623] sg_write: data in/out 3278044/1 bytes for SCSI command 0x3c-- guessing data in;
[   64.929623]    program repro not setting count and/or reply_len properly
[   69.881599] sg_write: 996 callbacks suppressed
[   69.881610] sg_write: data in/out 3278044/1 bytes for SCSI command 0x3c-- guessing data in;
[   69.881610]    program repro not setting count and/or reply_len properly
[   69.887169] sg_write: data in/out 3278044/1 bytes for SCSI command 0x3c-- guessing data in;
[   69.887169]    program repro not setting count and/or reply_len properly
[   69.892317] sg_write: data in/out 3278044/1 bytes for SCSI command 0x3c-- guessing data in;
[   69.892317]    program repro not setting count and/or reply_len properly
[   69.897541] sg_write: data in/out 3278044/1 bytes for SCSI command 0x3c-- guessing data in;
[   69.897541]    program repro not setting count and/or reply_len properly
[   69.902781] sg_write: data in/out 3278044/1 bytes for SCSI command 0x3c-- guessing data in;
[   69.902781]    program repro not setting count and/or reply_len properly
[   69.907888] sg_write: data in/out 3278044/1 bytes for SCSI command 0x3c-- guessing data in;
[   69.907888]    program repro not setting count and/or reply_len properly
[   69.913046] sg_write: data in/out 3278044/1 bytes for SCSI command 0x3c-- guessing data in;
[   69.913046]    program repro not setting count and/or reply_len properly
[   69.918168] sg_write: data in/out 3278044/1 bytes for SCSI command 0x3c-- guessing data in;
[   69.918168]    program repro not setting count and/or reply_len properly
[   69.923305] sg_write: data in/out 3278044/1 bytes for SCSI command 0x3c-- guessing data in;
[   69.923305]    program repro not setting count and/or reply_len properly
[   69.928523] sg_write: data in/out 3278044/1 bytes for SCSI command 0x3c-- guessing data in;
[   69.928523]    program repro not setting count and/or reply_len properly
[   74.891181] sg_write: 838 callbacks suppressed
[   74.891200] sg_write: data in/out 3278044/1 bytes for SCSI command 0x3c-- guessing data in;
[   74.891200]    program repro not setting count and/or reply_len properly
[   74.901470] sg_write: data in/out 3278044/1 bytes for SCSI command 0x3c-- guessing data in;
[   74.901470]    program repro not setting count and/or reply_len properly
[   74.911793] sg_write: data in/out 3278044/1 bytes for SCSI command 0x3c-- guessing data in;
[   74.911793]    program repro not setting count and/or reply_len properly
[   74.921803] sg_write: data in/out 3278044/1 bytes for SCSI command 0x3c-- guessing data in;
[   74.921803]    program repro not setting count and/or reply_len properly
[   74.931875] sg_write: data in/out 3278044/1 bytes for SCSI command 0x3c-- guessing data in;
[   74.931875]    program repro not setting count and/or reply_len properly
[   74.942123] sg_write: data in/out 3278044/1 bytes for SCSI command 0x3c-- guessing data in;
[   74.942123]    program repro not setting count and/or reply_len properly
[   74.951702] sg_write: data in/out 3278044/1 bytes for SCSI command 0x3c-- guessing data in;
[   74.951702]    program repro not setting count and/or reply_len properly
[   74.961847] sg_write: data in/out 3278044/1 bytes for SCSI command 0x3c-- guessing data in;
[   74.961847]    program repro not setting count and/or reply_len properly
[   74.971956] sg_write: data in/out 3278044/1 bytes for SCSI command 0x3c-- guessing data in;
[   74.971956]    program repro not setting count and/or reply_len properly
[   74.982218] sg_write: data in/out 3278044/1 bytes for SCSI command 0x3c-- guessing data in;
[   74.982218]    program repro not setting count and/or reply_len properly
[   79.894186] sg_write: 844 callbacks suppressed
[   79.894198] sg_write: data in/out 3278044/1 bytes for SCSI command 0x3c-- guessing data in;
[   79.894198]    program repro not setting count and/or reply_len properly
[   79.900972] sg_write: data in/out 3278044/1 bytes for SCSI command 0x3c-- guessing data in;
[   79.900972]    program repro not setting count and/or reply_len properly
[   79.907110] sg_write: data in/out 3278044/1 bytes for SCSI command 0x3c-- guessing data in;
[   79.907110]    program repro not setting count and/or reply_len properly
[   79.913421] sg_write: data in/out 3278044/1 bytes for SCSI command 0x3c-- guessing data in;
[   79.913421]    program repro not setting count and/or reply_len properly
[   79.919602] sg_write: data in/out 3278044/1 bytes for SCSI command 0x3c-- guessing data in;
[   79.919602]    program repro not setting count and/or reply_len properly
[   79.925618] sg_write: data in/out 3278044/1 bytes for SCSI command 0x3c-- guessing data in;
[   79.925618]    program repro not setting count and/or reply_len properly
[   79.931950] sg_write: data in/out 3278044/1 bytes for SCSI command 0x3c-- guessing data in;
[   79.931950]    program repro not setting count and/or reply_len properly
[   79.938304] sg_write: data in/out 3278044/1 bytes for SCSI command 0x3c-- guessing data in;
[   79.938304]    program repro not setting count and/or reply_len properly
[   79.944774] sg_write: data in/out 3278044/1 bytes for SCSI command 0x3c-- guessing data in;
[   79.944774]    program repro not setting count and/or reply_len properly
[   79.950877] sg_write: data in/out 3278044/1 bytes for SCSI command 0x3c-- guessing data in;
[   79.950877]    program repro not setting count and/or reply_len properly
[   84.900510] sg_write: 886 callbacks suppressed
[   84.900522] sg_write: data in/out 3278044/1 bytes for SCSI command 0x3c-- guessing data in;
[   84.900522]    program repro not setting count and/or reply_len properly
[   84.907312] sg_write: data in/out 3278044/1 bytes for SCSI command 0x3c-- guessing data in;
[   84.907312]    program repro not setting count and/or reply_len properly
[   84.913885] sg_write: data in/out 3278044/1 bytes for SCSI command 0x3c-- guessing data in;
[   84.913885]    program repro not setting count and/or reply_len properly
[   84.920323] sg_write: data in/out 3278044/1 bytes for SCSI command 0x3c-- guessing data in;
[   84.920323]    program repro not setting count and/or reply_len properly
[   84.926422] sg_write: data in/out 3278044/1 bytes for SCSI command 0x3c-- guessing data in;
[   84.926422]    program repro not setting count and/or reply_len properly
[   84.932736] sg_write: data in/out 3278044/1 bytes for SCSI command 0x3c-- guessing data in;
[   84.932736]    program repro not setting count and/or reply_len properly
[   84.938735] sg_write: data in/out 3278044/1 bytes for SCSI command 0x3c-- guessing data in;
[   84.938735]    program repro not setting count and/or reply_len properly
[   84.944949] sg_write: data in/out 3278044/1 bytes for SCSI command 0x3c-- guessing data in;
[   84.944949]    program repro not setting count and/or reply_len properly
[   84.950924] sg_write: data in/out 3278044/1 bytes for SCSI command 0x3c-- guessing data in;
[   84.950924]    program repro not setting count and/or reply_len properly
[   84.956931] sg_write: data in/out 3278044/1 bytes for SCSI command 0x3c-- guessing data in;
[   84.956931]    program repro not setting count and/or reply_len properly
[   89.907349] sg_write: 994 callbacks suppressed
[   89.907361] sg_write: data in/out 3278044/1 bytes for SCSI command 0x3c-- guessing data in;
[   89.907361]    program repro not setting count and/or reply_len properly
[   89.913384] sg_write: data in/out 3278044/1 bytes for SCSI command 0x3c-- guessing data in;
[   89.913384]    program repro not setting count and/or reply_len properly
[   89.919339] sg_write: data in/out 3278044/1 bytes for SCSI command 0x3c-- guessing data in;
[   89.919339]    program repro not setting count and/or reply_len properly
[   89.925163] sg_write: data in/out 3278044/1 bytes for SCSI command 0x3c-- guessing data in;
[   89.925163]    program repro not setting count and/or reply_len properly
[   89.930616] sg_write: data in/out 3278044/1 bytes for SCSI command 0x3c-- guessing data in;
[   89.930616]    program repro not setting count and/or reply_len properly
[   89.936156] sg_write: data in/out 3278044/1 bytes for SCSI command 0x3c-- guessing data in;
[   89.936156]    program repro not setting count and/or reply_len properly
[   89.941648] sg_write: data in/out 3278044/1 bytes for SCSI command 0x3c-- guessing data in;
[   89.941648]    program repro not setting count and/or reply_len properly
[   89.947154] sg_write: data in/out 3278044/1 bytes for SCSI command 0x3c-- guessing data in;
[   89.947154]    program repro not setting count and/or reply_len properly
[   89.952744] sg_write: data in/out 3278044/1 bytes for SCSI command 0x3c-- guessing data in;
[   89.952744]    program repro not setting count and/or reply_len properly
[   89.958323] sg_write: data in/out 3278044/1 bytes for SCSI command 0x3c-- guessing data in;
[   89.958323]    program repro not setting count and/or reply_len properly
[   94.911430] sg_write: 1026 callbacks suppressed
[   94.911443] sg_write: data in/out 3278044/1 bytes for SCSI command 0x3c-- guessing data in;
[   94.911443]    program repro not setting count and/or reply_len properly
[   94.917629] sg_write: data in/out 3278044/1 bytes for SCSI command 0x3c-- guessing data in;
[   94.917629]    program repro not setting count and/or reply_len properly
[   94.923288] sg_write: data in/out 3278044/1 bytes for SCSI command 0x3c-- guessing data in;
[   94.923288]    program repro not setting count and/or reply_len properly
[   94.929262] sg_write: data in/out 3278044/1 bytes for SCSI command 0x3c-- guessing data in;
[   94.929262]    program repro not setting count and/or reply_len properly
[   94.935247] sg_write: data in/out 3278044/1 bytes for SCSI command 0x3c-- guessing data in;
[   94.935247]    program repro not setting count and/or reply_len properly
[   94.941285] sg_write: data in/out 3278044/1 bytes for SCSI command 0x3c-- guessing data in;
[   94.941285]    program repro not setting count and/or reply_len properly
[   94.947131] sg_write: data in/out 3278044/1 bytes for SCSI command 0x3c-- guessing data in;
[   94.947131]    program repro not setting count and/or reply_len properly
[   94.952904] sg_write: data in/out 3278044/1 bytes for SCSI command 0x3c-- guessing data in;
[   94.952904]    program repro not setting count and/or reply_len properly
[   94.958629] sg_write: data in/out 3278044/1 bytes for SCSI command 0x3c-- guessing data in;
[   94.958629]    program repro not setting count and/or reply_len properly
[   94.964465] sg_write: data in/out 3278044/1 bytes for SCSI command 0x3c-- guessing data in;
[   94.964465]    program repro not setting count and/or reply_len properly
[   99.912933] sg_write: 1011 callbacks suppressed
[   99.912945] sg_write: data in/out 3278044/1 bytes for SCSI command 0x3c-- guessing data in;
[   99.912945]    program repro not setting count and/or reply_len properly
[   99.919583] sg_write: data in/out 3278044/1 bytes for SCSI command 0x3c-- guessing data in;
[   99.919583]    program repro not setting count and/or reply_len properly
[   99.925713] sg_write: data in/out 3278044/1 bytes for SCSI command 0x3c-- guessing data in;
[   99.925713]    program repro not setting count and/or reply_len properly
[   99.932102] sg_write: data in/out 3278044/1 bytes for SCSI command 0x3c-- guessing data in;
[   99.932102]    program repro not setting count and/or reply_len properly
[   99.938243] sg_write: data in/out 3278044/1 bytes for SCSI command 0x3c-- guessing data in;
[   99.938243]    program repro not setting count and/or reply_len properly
[   99.944687] sg_write: data in/out 3278044/1 bytes for SCSI command 0x3c-- guessing data in;
[   99.944687]    program repro not setting count and/or reply_len properly
[   99.950938] sg_write: data in/out 3278044/1 bytes for SCSI command 0x3c-- guessing data in;
[   99.950938]    program repro not setting count and/or reply_len properly
[   99.957402] sg_write: data in/out 3278044/1 bytes for SCSI command 0x3c-- guessing data in;
[   99.957402]    program repro not setting count and/or reply_len properly
[   99.963755] sg_write: data in/out 3278044/1 bytes for SCSI command 0x3c-- guessing data in;
[   99.963755]    program repro not setting count and/or reply_len properly
[   99.969958] sg_write: data in/out 3278044/1 bytes for SCSI command 0x3c-- guessing data in;
[   99.969958]    program repro not setting count and/or reply_len properly
[  104.917652] sg_write: 1029 callbacks suppressed
[  104.917663] sg_write: data in/out 3278044/1 bytes for SCSI command 0x3c-- guessing data in;
[  104.917663]    program repro not setting count and/or reply_len properly
[  104.923473] sg_write: data in/out 3278044/1 bytes for SCSI command 0x3c-- guessing data in;
[  104.923473]    program repro not setting count and/or reply_len properly
[  104.928839] sg_write: data in/out 3278044/1 bytes for SCSI command 0x3c-- guessing data in;
[  104.928839]    program repro not setting count and/or reply_len properly
[  104.934027] sg_write: data in/out 3278044/1 bytes for SCSI command 0x3c-- guessing data in;
[  104.934027]    program repro not setting count and/or reply_len properly
[  104.939298] sg_write: data in/out 3278044/1 bytes for SCSI command 0x3c-- guessing data in;
[  104.939298]    program repro not setting count and/or reply_len properly
[  104.944705] sg_write: data in/out 3278044/1 bytes for SCSI command 0x3c-- guessing data in;
[  104.944705]    program repro not setting count and/or reply_len properly
[  104.950181] sg_write: data in/out 3278044/1 bytes for SCSI command 0x3c-- guessing data in;
[  104.950181]    program repro not setting count and/or reply_len properly
[  104.955846] sg_write: data in/out 3278044/1 bytes for SCSI command 0x3c-- guessing data in;
[  104.955846]    program repro not setting count and/or reply_len properly
[  104.961289] sg_write: data in/out 3278044/1 bytes for SCSI command 0x3c-- guessing data in;
[  104.961289]    program repro not setting count and/or reply_len properly
[  104.966743] sg_write: data in/out 3278044/1 bytes for SCSI command 0x3c-- guessing data in;
[  104.966743]    program repro not setting count and/or reply_len properly
[  109.920834] sg_write: 1066 callbacks suppressed
[  109.920845] sg_write: data in/out 3278044/1 bytes for SCSI command 0x3c-- guessing data in;
[  109.920845]    program repro not setting count and/or reply_len properly
[  109.926820] sg_write: data in/out 3278044/1 bytes for SCSI command 0x3c-- guessing data in;
[  109.926820]    program repro not setting count and/or reply_len properly
[  109.932531] sg_write: data in/out 3278044/1 bytes for SCSI command 0x3c-- guessing data in;
[  109.932531]    program repro not setting count and/or reply_len properly
[  109.938056] sg_write: data in/out 3278044/1 bytes for SCSI command 0x3c-- guessing data in;
[  109.938056]    program repro not setting count and/or reply_len properly
[  109.943575] sg_write: data in/out 3278044/1 bytes for SCSI command 0x3c-- guessing data in;
[  109.943575]    program repro not setting count and/or reply_len properly
[  109.949182] sg_write: data in/out 3278044/1 bytes for SCSI command 0x3c-- guessing data in;
[  109.949182]    program repro not setting count and/or reply_len properly
[  109.954784] sg_write: data in/out 3278044/1 bytes for SCSI command 0x3c-- guessing data in;
[  109.954784]    program repro not setting count and/or reply_len properly
[  109.960443] sg_write: data in/out 3278044/1 bytes for SCSI command 0x3c-- guessing data in;
[  109.960443]    program repro not setting count and/or reply_len properly
[  109.966020] sg_write: data in/out 3278044/1 bytes for SCSI command 0x3c-- guessing data in;
[  109.966020]    program repro not setting count and/or reply_len properly
[  109.971571] sg_write: data in/out 3278044/1 bytes for SCSI command 0x3c-- guessing data in;
[  109.971571]    program repro not setting count and/or reply_len properly
[  114.923960] sg_write: 1009 callbacks suppressed
[  114.923972] sg_write: data in/out 3278044/1 bytes for SCSI command 0x3c-- guessing data in;
[  114.923972]    program repro not setting count and/or reply_len properly
[  114.930010] sg_write: data in/out 3278044/1 bytes for SCSI command 0x3c-- guessing data in;
[  114.930010]    program repro not setting count and/or reply_len properly
[  114.935723] sg_write: data in/out 3278044/1 bytes for SCSI command 0x3c-- guessing data in;
[  114.935723]    program repro not setting count and/or reply_len properly
[  114.941190] sg_write: data in/out 3278044/1 bytes for SCSI command 0x3c-- guessing data in;
[  114.941190]    program repro not setting count and/or reply_len properly
[  114.946902] sg_write: data in/out 3278044/1 bytes for SCSI command 0x3c-- guessing data in;
[  114.946902]    program repro not setting count and/or reply_len properly
[  114.952671] sg_write: data in/out 3278044/1 bytes for SCSI command 0x3c-- guessing data in;
[  114.952671]    program repro not setting count and/or reply_len properly
[  114.958349] sg_write: data in/out 3278044/1 bytes for SCSI command 0x3c-- guessing data in;
[  114.958349]    program repro not setting count and/or reply_len properly
[  114.963957] sg_write: data in/out 3278044/1 bytes for SCSI command 0x3c-- guessing data in;
[  114.963957]    program repro not setting count and/or reply_len properly
[  114.969413] sg_write: data in/out 3278044/1 bytes for SCSI command 0x3c-- guessing data in;
[  114.969413]    program repro not setting count and/or reply_len properly
[  114.974991] sg_write: data in/out 3278044/1 bytes for SCSI command 0x3c-- guessing data in;
[  114.974991]    program repro not setting count and/or reply_len properly
[  119.930435] sg_write: 980 callbacks suppressed
[  119.930447] sg_write: data in/out 3278044/1 bytes for SCSI command 0x3c-- guessing data in;
[  119.930447]    program repro not setting count and/or reply_len properly
[  119.937130] sg_write: data in/out 3278044/1 bytes for SCSI command 0x3c-- guessing data in;
[  119.937130]    program repro not setting count and/or reply_len properly
[  119.942916] sg_write: data in/out 3278044/1 bytes for SCSI command 0x3c-- guessing data in;
[  119.942916]    program repro not setting count and/or reply_len properly
[  119.948958] sg_write: data in/out 3278044/1 bytes for SCSI command 0x3c-- guessing data in;
[  119.948958]    program repro not setting count and/or reply_len properly
[  119.954774] sg_write: data in/out 3278044/1 bytes for SCSI command 0x3c-- guessing data in;
[  119.954774]    program repro not setting count and/or reply_len properly
[  119.960801] sg_write: data in/out 3278044/1 bytes for SCSI command 0x3c-- guessing data in;
[  119.960801]    program repro not setting count and/or reply_len properly
[  119.966694] sg_write: data in/out 3278044/1 bytes for SCSI command 0x3c-- guessing data in;
[  119.966694]    program repro not setting count and/or reply_len properly
[  119.972870] sg_write: data in/out 3278044/1 bytes for SCSI command 0x3c-- guessing data in;
[  119.972870]    program repro not setting count and/or reply_len properly
[  119.978660] sg_write: data in/out 3278044/1 bytes for SCSI command 0x3c-- guessing data in;
[  119.978660]    program repro not setting count and/or reply_len properly
[  119.984698] sg_write: data in/out 3278044/1 bytes for SCSI command 0x3c-- guessing data in;
[  119.984698]    program repro not setting count and/or reply_len properly
[  124.931959] sg_write: 999 callbacks suppressed
[  124.931971] sg_write: data in/out 3278044/1 bytes for SCSI command 0x3c-- guessing data in;
[  124.931971]    program repro not setting count and/or reply_len properly
[  124.938440] sg_write: data in/out 3278044/1 bytes for SCSI command 0x3c-- guessing data in;
[  124.938440]    program repro not setting count and/or reply_len properly
[  124.944616] sg_write: data in/out 3278044/1 bytes for SCSI command 0x3c-- guessing data in;
[  124.944616]    program repro not setting count and/or reply_len properly
[  124.950809] sg_write: data in/out 3278044/1 bytes for SCSI command 0x3c-- guessing data in;
[  124.950809]    program repro not setting count and/or reply_len properly
[  124.956987] sg_write: data in/out 3278044/1 bytes for SCSI command 0x3c-- guessing data in;
[  124.956987]    program repro not setting count and/or reply_len properly
[  124.962969] sg_write: data in/out 3278044/1 bytes for SCSI command 0x3c-- guessing data in;
[  124.962969]    program repro not setting count and/or reply_len properly
[  124.969097] sg_write: data in/out 3278044/1 bytes for SCSI command 0x3c-- guessing data in;
[  124.969097]    program repro not setting count and/or reply_len properly
[  124.975047] sg_write: data in/out 3278044/1 bytes for SCSI command 0x3c-- guessing data in;
[  124.975047]    program repro not setting count and/or reply_len properly
[  124.981021] sg_write: data in/out 3278044/1 bytes for SCSI command 0x3c-- guessing data in;
[  124.981021]    program repro not setting count and/or reply_len properly
[  124.986877] sg_write: data in/out 3278044/1 bytes for SCSI command 0x3c-- guessing data in;
[  124.986877]    program repro not setting count and/or reply_len properly
[  129.938446] sg_write: 979 callbacks suppressed
[  129.938463] sg_write: data in/out 3278044/1 bytes for SCSI command 0x3c-- guessing data in;
[  129.938463]    program repro not setting count and/or reply_len properly
[  129.947751] sg_write: data in/out 3278044/1 bytes for SCSI command 0x3c-- guessing data in;
[  129.947751]    program repro not setting count and/or reply_len properly
[  129.956637] sg_write: data in/out 3278044/1 bytes for SCSI command 0x3c-- guessing data in;
[  129.956637]    program repro not setting count and/or reply_len properly
[  129.965571] sg_write: data in/out 3278044/1 bytes for SCSI command 0x3c-- guessing data in;
[  129.965571]    program repro not setting count and/or reply_len properly
[  129.972860] sg_write: data in/out 3278044/1 bytes for SCSI command 0x3c-- guessing data in;
[  129.972860]    program repro not setting count and/or reply_len properly
[  129.979277] sg_write: data in/out 3278044/1 bytes for SCSI command 0x3c-- guessing data in;
[  129.979277]    program repro not setting count and/or reply_len properly
[  129.985546] sg_write: data in/out 3278044/1 bytes for SCSI command 0x3c-- guessing data in;
[  129.985546]    program repro not setting count and/or reply_len properly
[  129.991815] sg_write: data in/out 3278044/1 bytes for SCSI command 0x3c-- guessing data in;
[  129.991815]    program repro not setting count and/or reply_len properly
[  129.997885] sg_write: data in/out 3278044/1 bytes for SCSI command 0x3c-- guessing data in;
[  129.997885]    program repro not setting count and/or reply_len properly
[  130.003932] sg_write: data in/out 3278044/1 bytes for SCSI command 0x3c-- guessing data in;
[  130.003932]    program repro not setting count and/or reply_len properly
[  134.942000] sg_write: 1043 callbacks suppressed
[  134.942011] sg_write: data in/out 3278044/1 bytes for SCSI command 0x3c-- guessing data in;
[  134.942011]    program repro not setting count and/or reply_len properly
[  134.948446] sg_write: data in/out 3278044/1 bytes for SCSI command 0x3c-- guessing data in;
[  134.948446]    program repro not setting count and/or reply_len properly
[  134.956265] sg_write: data in/out 3278044/1 bytes for SCSI command 0x3c-- guessing data in;
[  134.956265]    program repro not setting count and/or reply_len properly
[  134.962554] sg_write: data in/out 3278044/1 bytes for SCSI command 0x3c-- guessing data in;
[  134.962554]    program repro not setting count and/or reply_len properly
[  134.968388] sg_write: data in/out 3278044/1 bytes for SCSI command 0x3c-- guessing data in;
[  134.968388]    program repro not setting count and/or reply_len properly
[  134.974171] sg_write: data in/out 3278044/1 bytes for SCSI command 0x3c-- guessing data in;
[  134.974171]    program repro not setting count and/or reply_len properly
[  134.979881] sg_write: data in/out 3278044/1 bytes for SCSI command 0x3c-- guessing data in;
[  134.979881]    program repro not setting count and/or reply_len properly
[  134.985742] sg_write: data in/out 3278044/1 bytes for SCSI command 0x3c-- guessing data in;
[  134.985742]    program repro not setting count and/or reply_len properly
[  134.991415] sg_write: data in/out 3278044/1 bytes for SCSI command 0x3c-- guessing data in;
[  134.991415]    program repro not setting count and/or reply_len properly
[  134.997863] sg_write: data in/out 3278044/1 bytes for SCSI command 0x3c-- guessing data in;
[  134.997863]    program repro not setting count and/or reply_len properly
[  139.947731] sg_write: 1034 callbacks suppressed
[  139.947742] sg_write: data in/out 3278044/1 bytes for SCSI command 0x3c-- guessing data in;
[  139.947742]    program repro not setting count and/or reply_len properly
[  139.953489] sg_write: data in/out 3278044/1 bytes for SCSI command 0x3c-- guessing data in;
[  139.953489]    program repro not setting count and/or reply_len properly
[  139.958922] sg_write: data in/out 3278044/1 bytes for SCSI command 0x3c-- guessing data in;
[  139.958922]    program repro not setting count and/or reply_len properly
[  139.964532] sg_write: data in/out 3278044/1 bytes for SCSI command 0x3c-- guessing data in;
[  139.964532]    program repro not setting count and/or reply_len properly
[  139.970082] sg_write: data in/out 3278044/1 bytes for SCSI command 0x3c-- guessing data in;
[  139.970082]    program repro not setting count and/or reply_len properly
[  139.975696] sg_write: data in/out 3278044/1 bytes for SCSI command 0x3c-- guessing data in;
[  139.975696]    program repro not setting count and/or reply_len properly
[  139.981216] sg_write: data in/out 3278044/1 bytes for SCSI command 0x3c-- guessing data in;
[  139.981216]    program repro not setting count and/or reply_len properly
[  139.986707] sg_write: data in/out 3278044/1 bytes for SCSI command 0x3c-- guessing data in;
[  139.986707]    program repro not setting count and/or reply_len properly
[  139.992104] sg_write: data in/out 3278044/1 bytes for SCSI command 0x3c-- guessing data in;
[  139.992104]    program repro not setting count and/or reply_len properly
[  139.997631] sg_write: data in/out 3278044/1 bytes for SCSI command 0x3c-- guessing data in;
[  139.997631]    program repro not setting count and/or reply_len properly
[  144.955622] sg_write: 991 callbacks suppressed
[  144.955634] sg_write: data in/out 3278044/1 bytes for SCSI command 0x3c-- guessing data in;
[  144.955634]    program repro not setting count and/or reply_len properly
[  144.961982] sg_write: data in/out 3278044/1 bytes for SCSI command 0x3c-- guessing data in;
[  144.961982]    program repro not setting count and/or reply_len properly
[  144.968028] sg_write: data in/out 3278044/1 bytes for SCSI command 0x3c-- guessing data in;
[  144.968028]    program repro not setting count and/or reply_len properly
[  144.974109] sg_write: data in/out 3278044/1 bytes for SCSI command 0x3c-- guessing data in;
[  144.974109]    program repro not setting count and/or reply_len properly
[  144.980453] sg_write: data in/out 3278044/1 bytes for SCSI command 0x3c-- guessing data in;
[  144.980453]    program repro not setting count and/or reply_len properly
[  144.986713] sg_write: data in/out 3278044/1 bytes for SCSI command 0x3c-- guessing data in;
[  144.986713]    program repro not setting count and/or reply_len properly
[  144.992921] sg_write: data in/out 3278044/1 bytes for SCSI command 0x3c-- guessing data in;
[  144.992921]    program repro not setting count and/or reply_len properly
[  144.999029] sg_write: data in/out 3278044/1 bytes for SCSI command 0x3c-- guessing data in;
[  144.999029]    program repro not setting count and/or reply_len properly
[  145.005435] sg_write: data in/out 3278044/1 bytes for SCSI command 0x3c-- guessing data in;
[  145.005435]    program repro not setting count and/or reply_len properly
[  145.013444] sg_write: data in/out 3278044/1 bytes for SCSI command 0x3c-- guessing data in;
[  145.013444]    program repro not setting count and/or reply_len properly
[  149.961976] sg_write: 933 callbacks suppressed
[  149.961988] sg_write: data in/out 3278044/1 bytes for SCSI command 0x3c-- guessing data in;
[  149.961988]    program repro not setting count and/or reply_len properly
[  149.968710] sg_write: data in/out 3278044/1 bytes for SCSI command 0x3c-- guessing data in;
[  149.968710]    program repro not setting count and/or reply_len properly
[  149.974759] sg_write: data in/out 3278044/1 bytes for SCSI command 0x3c-- guessing data in;
[  149.974759]    program repro not setting count and/or reply_len properly
[  149.980782] sg_write: data in/out 3278044/1 bytes for SCSI command 0x3c-- guessing data in;
[  149.980782]    program repro not setting count and/or reply_len properly
[  149.986725] sg_write: data in/out 3278044/1 bytes for SCSI command 0x3c-- guessing data in;
[  149.986725]    program repro not setting count and/or reply_len properly
[  149.992692] sg_write: data in/out 3278044/1 bytes for SCSI command 0x3c-- guessing data in;
[  149.992692]    program repro not setting count and/or reply_len properly
[  149.998588] sg_write: data in/out 3278044/1 bytes for SCSI command 0x3c-- guessing data in;
[  149.998588]    program repro not setting count and/or reply_len properly
[  150.004496] sg_write: data in/out 3278044/1 bytes for SCSI command 0x3c-- guessing data in;
[  150.004496]    program repro not setting count and/or reply_len properly
[  150.010649] sg_write: data in/out 3278044/1 bytes for SCSI command 0x3c-- guessing data in;
[  150.010649]    program repro not setting count and/or reply_len properly
[  150.016645] sg_write: data in/out 3278044/1 bytes for SCSI command 0x3c-- guessing data in;
[  150.016645]    program repro not setting count and/or reply_len properly
[  154.968840] sg_write: 948 callbacks suppressed
[  154.968857] sg_write: data in/out 3278044/1 bytes for SCSI command 0x3c-- guessing data in;
[  154.968857]    program repro not setting count and/or reply_len properly
[  154.978661] sg_write: data in/out 3278044/1 bytes for SCSI command 0x3c-- guessing data in;
[  154.978661]    program repro not setting count and/or reply_len properly
[  154.988221] sg_write: data in/out 3278044/1 bytes for SCSI command 0x3c-- guessing data in;
[  154.988221]    program repro not setting count and/or reply_len properly
[  154.997902] sg_write: data in/out 3278044/1 bytes for SCSI command 0x3c-- guessing data in;
[  154.997902]    program repro not setting count and/or reply_len properly
[  155.007364] sg_write: data in/out 3278044/1 bytes for SCSI command 0x3c-- guessing data in;
[  155.007364]    program repro not setting count and/or reply_len properly
[  155.014787] sg_write: data in/out 3278044/1 bytes for SCSI command 0x3c-- guessing data in;
[  155.014787]    program repro not setting count and/or reply_len properly
[  155.021374] sg_write: data in/out 3278044/1 bytes for SCSI command 0x3c-- guessing data in;
[  155.021374]    program repro not setting count and/or reply_len properly
[  155.027882] sg_write: data in/out 3278044/1 bytes for SCSI command 0x3c-- guessing data in;
[  155.027882]    program repro not setting count and/or reply_len properly
[  155.034262] sg_write: data in/out 3278044/1 bytes for SCSI command 0x3c-- guessing data in;
[  155.034262]    program repro not setting count and/or reply_len properly
[  155.040565] sg_write: data in/out 3278044/1 bytes for SCSI command 0x3c-- guessing data in;
[  155.040565]    program repro not setting count and/or reply_len properly
[  159.975457] sg_write: 955 callbacks suppressed
[  159.975470] sg_write: data in/out 3278044/1 bytes for SCSI command 0x3c-- guessing data in;
[  159.975470]    program repro not setting count and/or reply_len properly
[  159.981937] sg_write: data in/out 3278044/1 bytes for SCSI command 0x3c-- guessing data in;
[  159.981937]    program repro not setting count and/or reply_len properly
[  159.988058] sg_write: data in/out 3278044/1 bytes for SCSI command 0x3c-- guessing data in;
[  159.988058]    program repro not setting count and/or reply_len properly
[  159.994112] sg_write: data in/out 3278044/1 bytes for SCSI command 0x3c-- guessing data in;
[  159.994112]    program repro not setting count and/or reply_len properly
[  160.000456] sg_write: data in/out 3278044/1 bytes for SCSI command 0x3c-- guessing data in;
[  160.000456]    program repro not setting count and/or reply_len properly
[  160.006699] sg_write: data in/out 3278044/1 bytes for SCSI command 0x3c-- guessing data in;
[  160.006699]    program repro not setting count and/or reply_len properly
[  160.013098] sg_write: data in/out 3278044/1 bytes for SCSI command 0x3c-- guessing data in;
[  160.013098]    program repro not setting count and/or reply_len properly
[  160.019977] sg_write: data in/out 3278044/1 bytes for SCSI command 0x3c-- guessing data in;
[  160.019977]    program repro not setting count and/or reply_len properly
[  160.026276] sg_write: data in/out 3278044/1 bytes for SCSI command 0x3c-- guessing data in;
[  160.026276]    program repro not setting count and/or reply_len properly
[  160.032701] sg_write: data in/out 3278044/1 bytes for SCSI command 0x3c-- guessing data in;
[  160.032701]    program repro not setting count and/or reply_len properly
[  164.977532] sg_write: 881 callbacks suppressed
[  164.977544] sg_write: data in/out 3278044/1 bytes for SCSI command 0x3c-- guessing data in;
[  164.977544]    program repro not setting count and/or reply_len properly
[  164.986453] sg_write: data in/out 3278044/1 bytes for SCSI command 0x3c-- guessing data in;
[  164.986453]    program repro not setting count and/or reply_len properly
[  164.996061] sg_write: data in/out 3278044/1 bytes for SCSI command 0x3c-- guessing data in;
[  164.996061]    program repro not setting count and/or reply_len properly
[  165.003226] sg_write: data in/out 3278044/1 bytes for SCSI command 0x3c-- guessing data in;
[  165.003226]    program repro not setting count and/or reply_len properly
[  165.009507] sg_write: data in/out 3278044/1 bytes for SCSI command 0x3c-- guessing data in;
[  165.009507]    program repro not setting count and/or reply_len properly
[  165.018716] sg_write: data in/out 3278044/1 bytes for SCSI command 0x3c-- guessing data in;
[  165.018716]    program repro not setting count and/or reply_len properly
[  165.028435] sg_write: data in/out 3278044/1 bytes for SCSI command 0x3c-- guessing data in;
[  165.028435]    program repro not setting count and/or reply_len properly
[  165.037873] sg_write: data in/out 3278044/1 bytes for SCSI command 0x3c-- guessing data in;
[  165.037873]    program repro not setting count and/or reply_len properly
[  165.045175] sg_write: data in/out 3278044/1 bytes for SCSI command 0x3c-- guessing data in;
[  165.045175]    program repro not setting count and/or reply_len properly
[  165.053536] sg_write: data in/out 3278044/1 bytes for SCSI command 0x3c-- guessing data in;
[  165.053536]    program repro not setting count and/or reply_len properly
