c[?7l[2J[0mSeaBIOS (version rel-1.16.0-0-gd239552ce722-prebuilt.qemu.org)


iPXE (http://ipxe.org) 00:03.0 CA00 PCI2.10 PnP PMM+7FF91000+7FEF1000 CA00
Press Ctrl-B to configure iPXE (PCI 00:03.0)...                                                                               


Booting from ROM...
c[?7l[2J[    0.000000] Linux version 6.1.0-rc6-b676668d9915+ (root@p-tglh01.sh.intel.com) (gcc (GCC) 8.5.0 20210514 (Red Hat 8.5.0-17), GNU ld version 2.36.1-2.el8) #1 SMP PREEMPT_DYNAMIC Wed Dec 28 08:16:39 CST 2022
[    0.000000] Command line: console=ttyS0 root=/dev/sda earlyprintk=serial net.ifnames=0
[    0.000000] KERNEL supported cpus:
[    0.000000]   Intel GenuineIntel
[    0.000000]   AMD AuthenticAMD
[    0.000000]   Hygon HygonGenuine
[    0.000000]   Centaur CentaurHauls
[    0.000000]   zhaoxin   Shanghai  
[    0.000000] x86/fpu: Supporting XSAVE feature 0x001: 'x87 floating point registers'
[    0.000000] x86/fpu: Supporting XSAVE feature 0x002: 'SSE registers'
[    0.000000] x86/fpu: Supporting XSAVE feature 0x004: 'AVX registers'
[    0.000000] x86/fpu: Supporting XSAVE feature 0x020: 'AVX-512 opmask'
[    0.000000] x86/fpu: Supporting XSAVE feature 0x040: 'AVX-512 Hi256'
[    0.000000] x86/fpu: Supporting XSAVE feature 0x080: 'AVX-512 ZMM_Hi256'
[    0.000000] x86/fpu: Supporting XSAVE feature 0x200: 'Protection Keys User registers'
[    0.000000] x86/fpu: xstate_offset[2]:  576, xstate_sizes[2]:  256
[    0.000000] x86/fpu: xstate_offset[5]:  832, xstate_sizes[5]:   64
[    0.000000] x86/fpu: xstate_offset[6]:  896, xstate_sizes[6]:  512
[    0.000000] x86/fpu: xstate_offset[7]: 1408, xstate_sizes[7]: 1024
[    0.000000] x86/fpu: xstate_offset[9]: 2432, xstate_sizes[9]:    8
[    0.000000] x86/fpu: Enabled xstate features 0x2e7, context size is 2440 bytes, using 'compacted' format.
[    0.000000] signal: max sigframe size: 3632
[    0.000000] BIOS-provided physical RAM map:
[    0.000000] BIOS-e820: [mem 0x0000000000000000-0x000000000009fbff] usable
[    0.000000] BIOS-e820: [mem 0x000000000009fc00-0x000000000009ffff] reserved
[    0.000000] BIOS-e820: [mem 0x00000000000f0000-0x00000000000fffff] reserved
[    0.000000] BIOS-e820: [mem 0x0000000000100000-0x000000007ffdffff] usable
[    0.000000] BIOS-e820: [mem 0x000000007ffe0000-0x000000007fffffff] reserved
[    0.000000] BIOS-e820: [mem 0x00000000feffc000-0x00000000feffffff] reserved
[    0.000000] BIOS-e820: [mem 0x00000000fffc0000-0x00000000ffffffff] reserved
[    0.000000] printk: bootconsole [earlyser0] enabled
[    0.000000] NX (Execute Disable) protection: active
[    0.000000] SMBIOS 2.8 present.
[    0.000000] DMI: QEMU Standard PC (i440FX + PIIX, 1996), BIOS rel-1.16.0-0-gd239552ce722-prebuilt.qemu.org 04/01/2014
[    0.000000] Hypervisor detected: KVM
[    0.000000] kvm-clock: Using msrs 4b564d01 and 4b564d00
[    0.000004] kvm-clock: using sched offset of 648235514 cycles
[    0.000496] clocksource: kvm-clock: mask: 0xffffffffffffffff max_cycles: 0x1cd42e4dffb, max_idle_ns: 881590591483 ns
[    0.002016] tsc: Detected 3110.400 MHz processor
[    0.009831] last_pfn = 0x7ffe0 max_arch_pfn = 0x400000000
[    0.010417] x86/PAT: Configuration [0-7]: WB  WC  UC- UC  WB  WP  UC- WT  
[    0.021559] found SMP MP-table at [mem 0x000f5ba0-0x000f5baf]
[    0.022285] Using GB pages for direct mapping
[    0.024216] ACPI: Early table checksum verification disabled
[    0.024793] ACPI: RSDP 0x00000000000F59C0 000014 (v00 BOCHS )
[    0.025348] ACPI: RSDT 0x000000007FFE1951 000034 (v01 BOCHS  BXPC     00000001 BXPC 00000001)
[    0.026155] ACPI: FACP 0x000000007FFE17FD 000074 (v01 BOCHS  BXPC     00000001 BXPC 00000001)
[    0.026962] ACPI: DSDT 0x000000007FFE0040 0017BD (v01 BOCHS  BXPC     00000001 BXPC 00000001)
[    0.027791] ACPI: FACS 0x000000007FFE0000 000040
[    0.028234] ACPI: APIC 0x000000007FFE1871 000080 (v01 BOCHS  BXPC     00000001 BXPC 00000001)
[    0.029031] ACPI: HPET 0x000000007FFE18F1 000038 (v01 BOCHS  BXPC     00000001 BXPC 00000001)
[    0.029840] ACPI: WAET 0x000000007FFE1929 000028 (v01 BOCHS  BXPC     00000001 BXPC 00000001)
[    0.030798] ACPI: Reserving FACP table memory at [mem 0x7ffe17fd-0x7ffe1870]
[    0.031476] ACPI: Reserving DSDT table memory at [mem 0x7ffe0040-0x7ffe17fc]
[    0.032148] ACPI: Reserving FACS table memory at [mem 0x7ffe0000-0x7ffe003f]
[    0.032801] ACPI: Reserving APIC table memory at [mem 0x7ffe1871-0x7ffe18f0]
[    0.033447] ACPI: Reserving HPET table memory at [mem 0x7ffe18f1-0x7ffe1928]
[    0.034094] ACPI: Reserving WAET table memory at [mem 0x7ffe1929-0x7ffe1950]
[    0.035873] No NUMA configuration found
[    0.036231] Faking a node at [mem 0x0000000000000000-0x000000007ffdffff]
[    0.036933] NODE_DATA(0) allocated [mem 0x7ffb5000-0x7ffdffff]
[    0.041075] Zone ranges:
[    0.041320]   DMA      [mem 0x0000000000001000-0x0000000000ffffff]
[    0.041899]   DMA32    [mem 0x0000000001000000-0x000000007ffdffff]
[    0.042474]   Normal   empty
[    0.042748]   Device   empty
[    0.043021] Movable zone start for each node
[    0.043436] Early memory node ranges
[    0.043768]   node   0: [mem 0x0000000000001000-0x000000000009efff]
[    0.044350]   node   0: [mem 0x0000000000100000-0x000000007ffdffff]
[    0.044965] Initmem setup node 0 [mem 0x0000000000001000-0x000000007ffdffff]
[    0.046350] On node 0, zone DMA: 1 pages in unavailable ranges
[    0.046531] On node 0, zone DMA: 97 pages in unavailable ranges
[    0.078456] On node 0, zone DMA32: 32 pages in unavailable ranges
[    0.079422] ACPI: PM-Timer IO Port: 0x608
[    0.080543] ACPI: LAPIC_NMI (acpi_id[0xff] dfl dfl lint[0x1])
[    0.081167] IOAPIC[0]: apic_id 0, version 17, address 0xfec00000, GSI 0-23
[    0.081831] ACPI: INT_SRC_OVR (bus 0 bus_irq 0 global_irq 2 dfl dfl)
[    0.082422] ACPI: INT_SRC_OVR (bus 0 bus_irq 5 global_irq 5 high level)
[    0.083041] ACPI: INT_SRC_OVR (bus 0 bus_irq 9 global_irq 9 high level)
[    0.083657] ACPI: INT_SRC_OVR (bus 0 bus_irq 10 global_irq 10 high level)
[    0.084285] ACPI: INT_SRC_OVR (bus 0 bus_irq 11 global_irq 11 high level)
[    0.084932] ACPI: Using ACPI (MADT) for SMP configuration information
[    0.085527] ACPI: HPET id: 0x8086a201 base: 0xfed00000
[    0.086026] TSC deadline timer available
[    0.086397] smpboot: Allowing 2 CPUs, 0 hotplug CPUs
[    0.086969] kvm-guest: KVM setup pv remote TLB flush
[    0.087445] kvm-guest: setup PV sched yield
[    0.087938] PM: hibernation: Registered nosave memory: [mem 0x00000000-0x00000fff]
[    0.088645] PM: hibernation: Registered nosave memory: [mem 0x0009f000-0x0009ffff]
[    0.089343] PM: hibernation: Registered nosave memory: [mem 0x000a0000-0x000effff]
[    0.090040] PM: hibernation: Registered nosave memory: [mem 0x000f0000-0x000fffff]
[    0.090742] [mem 0x80000000-0xfeffbfff] available for PCI devices
[    0.091335] Booting paravirtualized kernel on KVM
[    0.091823] clocksource: refined-jiffies: mask: 0xffffffff max_cycles: 0xffffffff, max_idle_ns: 7645519600211568 ns
[    0.092809] setup_percpu: NR_CPUS:8192 nr_cpumask_bits:2 nr_cpu_ids:2 nr_node_ids:1
[    0.095777] percpu: Embedded 64 pages/cpu s225280 r8192 d28672 u1048576
[    0.096660] kvm-guest: PV spinlocks enabled
[    0.097061] PV qspinlock hash table entries: 256 (order: 0, 4096 bytes, linear)
[    0.097804] Fallback order for Node 0: 0 
[    0.098203] Built 1 zonelists, mobility grouping on.  Total pages: 515808
[    0.098862] Policy zone: DMA32
[    0.099160] Kernel command line: net.ifnames=0 console=ttyS0 root=/dev/sda earlyprintk=serial net.ifnames=0
[    0.102681] Dentry cache hash table entries: 262144 (order: 9, 2097152 bytes, linear)
[    0.104159] Inode-cache hash table entries: 131072 (order: 8, 1048576 bytes, linear)
[    0.105046] mem auto-init: stack:off, heap alloc:off, heap free:off
[    0.109412] Memory: 1985384K/2096632K available (32784K kernel code, 4692K rwdata, 7820K rodata, 3672K init, 22124K bss, 110992K reserved, 0K cma-reserved)
[    0.112136] SLUB: HWalign=64, Order=0-3, MinObjects=0, CPUs=2, Nodes=1
[    0.112753] kmemleak: Kernel memory leak detector disabled
[    0.113314] ftrace: allocating 67267 entries in 263 pages
[    0.147965] ftrace: allocated 263 pages with 4 groups
[    0.152656] Dynamic Preempt: voluntary
[    0.153233] Running RCU self tests
[    0.153562] rcu: Preemptible hierarchical RCU implementation.
[    0.154084] rcu: 	RCU lockdep checking is enabled.
[    0.154516] rcu: 	RCU restricting CPUs from NR_CPUS=8192 to nr_cpu_ids=2.
[    0.155130] 	Trampoline variant of Tasks RCU enabled.
[    0.155591] 	Rude variant of Tasks RCU enabled.
[    0.155999] 	Tracing variant of Tasks RCU enabled.
[    0.156436] rcu: RCU calculated value of scheduler-enlistment delay is 25 jiffies.
[    0.157119] rcu: Adjusting geometry for rcu_fanout_leaf=16, nr_cpu_ids=2
[    0.186386] NR_IRQS: 524544, nr_irqs: 440, preallocated irqs: 16
[    0.187298] rcu: srcu_init: Setting srcu_struct sizes based on contention.
[    0.195884] Console: colour VGA+ 80x25
[    0.196298] printk: console [ttyS0] enabled
[    0.196298] printk: console [ttyS0] enabled
[    0.197079] printk: bootconsole [earlyser0] disabled
[    0.197079] printk: bootconsole [earlyser0] disabled
[    0.198001] Lock dependency validator: Copyright (c) 2006 Red Hat, Inc., Ingo Molnar
[    0.198732] ... MAX_LOCKDEP_SUBCLASSES:  8
[    0.199122] ... MAX_LOCK_DEPTH:          48
[    0.199532] ... MAX_LOCKDEP_KEYS:        8192
[    0.199964] ... CLASSHASH_SIZE:          4096
[    0.200378] ... MAX_LOCKDEP_ENTRIES:     32768
[    0.200800] ... MAX_LOCKDEP_CHAINS:      65536
[    0.201220] ... CHAINHASH_SIZE:          32768
[    0.201660]  memory used by lock dependency info: 6365 kB
[    0.202170]  memory used for stack traces: 4224 kB
[    0.202632]  per task-struct memory footprint: 1920 bytes
[    0.203210] ACPI: Core revision 20220331
[    0.203910] clocksource: hpet: mask: 0xffffffff max_cycles: 0xffffffff, max_idle_ns: 19112604467 ns
[    0.204956] APIC: Switch to symmetric I/O mode setup
[    0.205642] x2apic enabled
[    0.206119] Switched APIC routing to physical x2apic.
[    0.206608] kvm-guest: setup PV IPIs
[    0.207991] ..TIMER: vector=0x30 apic1=0 pin1=2 apic2=-1 pin2=-1
[    0.208623] clocksource: tsc-early: mask: 0xffffffffffffffff max_cycles: 0x2cd5a8bb032, max_idle_ns: 440795365915 ns
[    0.209702] Calibrating delay loop (skipped) preset value.. 6220.80 BogoMIPS (lpj=12441600)
[    0.210496] pid_max: default: 32768 minimum: 301
[    0.211135] LSM: Security Framework initializing
[    0.211596] Yama: becoming mindful.
[    0.212233] Mount-cache hash table entries: 4096 (order: 3, 32768 bytes, linear)
[    0.213705] Mountpoint-cache hash table entries: 4096 (order: 3, 32768 bytes, linear)
[    0.217752] x86/cpu: User Mode Instruction Prevention (UMIP) activated
[    0.219056] Last level iTLB entries: 4KB 0, 2MB 0, 4MB 0
[    0.219635] Last level dTLB entries: 4KB 0, 2MB 0, 4MB 0, 1GB 0
[    0.220273] Spectre V1 : Mitigation: usercopy/swapgs barriers and __user pointer sanitization
[    0.221715] Spectre V2 : WARNING: Unprivileged eBPF is enabled with eIBRS on, data leaks possible via Spectre v2 BHB attacks!
[    0.222769] Spectre V2 : Mitigation: Enhanced IBRS
[    0.223192] Spectre V2 : Spectre v2 / SpectreRSB mitigation: Filling RSB on context switch
[    0.223926] Spectre V2 : Spectre v2 / PBRSB-eIBRS: Retire a single CALL on VMEXIT
[    0.224591] Spectre V2 : mitigation: Enabling conditional Indirect Branch Prediction Barrier
[    0.225685] Speculative Store Bypass: Mitigation: Speculative Store Bypass disabled via prctl
[    0.347397] Freeing SMP alternatives memory: 56K
[    0.348340] smpboot: CPU0: Genuine Intel(R) CPU 0000 @ 2.20GHz (family: 0x6, model: 0x8d, stepping: 0x0)
[    0.349681] cblist_init_generic: Setting adjustable number of callback queues.
[    0.349681] cblist_init_generic: Setting shift to 1 and lim to 1.
[    0.349681] cblist_init_generic: Setting shift to 1 and lim to 1.
[    0.349681] cblist_init_generic: Setting shift to 1 and lim to 1.
[    0.349681] Running RCU-tasks wait API self tests
[    0.453809] Performance Events: Icelake events, full-width counters, Intel PMU driver.
[    0.454685] ... version:                2
[    0.455030] ... bit width:              48
[    0.455379] ... generic registers:      8
[    0.455720] ... value mask:             0000ffffffffffff
[    0.456181] ... max period:             00007fffffffffff
[    0.456623] ... fixed-purpose events:   3
[    0.456965] ... event mask:             00000007000000ff
[    0.457892] rcu: Hierarchical SRCU implementation.
[    0.458305] rcu: 	Max phase no-delay instances is 1000.
[    0.461929] smp: Bringing up secondary CPUs ...
[    0.463169] x86: Booting SMP configuration:
[    0.463555] .... node  #0, CPUs:      #1
[    0.463974] smp: Brought up 1 node, 2 CPUs
[    0.463974] smpboot: Max logical packages: 1
[    0.463974] smpboot: Total of 2 processors activated (12441.60 BogoMIPS)
[    0.469258] devtmpfs: initialized
[    0.470017] x86/mm: Memory block size: 128MB
[    0.472553] clocksource: jiffies: mask: 0xffffffff max_cycles: 0xffffffff, max_idle_ns: 7645041785100000 ns
[    0.473706] Callback from call_rcu_tasks_trace() invoked.
[    0.474184] futex hash table entries: 512 (order: 4, 65536 bytes, linear)
[    0.475023] pinctrl core: initialized pinctrl subsystem
[    0.476108] 
[    0.476250] *************************************************************
[    0.476824] **     NOTICE NOTICE NOTICE NOTICE NOTICE NOTICE NOTICE    **
[    0.477390] **                                                         **
[    0.477686] **  IOMMU DebugFS SUPPORT HAS BEEN ENABLED IN THIS KERNEL  **
[    0.478256] **                                                         **
[    0.478823] ** This means that this kernel is built to expose internal **
[    0.479391] ** IOMMU data structures, which may compromise security on **
[    0.480022] ** your system.                                            **
[    0.480604] **                                                         **
[    0.481171] ** If you see this message and you are not debugging the   **
[    0.481692] ** kernel, report this immediately to your vendor!         **
[    0.482260] **                                                         **
[    0.482828] **     NOTICE NOTICE NOTICE NOTICE NOTICE NOTICE NOTICE    **
[    0.483397] *************************************************************
[    0.484020] PM: RTC time: 00:17:19, date: 2022-12-28
[    0.488176] NET: Registered PF_NETLINK/PF_ROUTE protocol family
[    0.489365] DMA: preallocated 256 KiB GFP_KERNEL pool for atomic allocations
[    0.489704] DMA: preallocated 256 KiB GFP_KERNEL|GFP_DMA pool for atomic allocations
[    0.490375] DMA: preallocated 256 KiB GFP_KERNEL|GFP_DMA32 pool for atomic allocations
[    0.491107] audit: initializing netlink subsys (disabled)
[    0.491629] audit: type=2000 audit(1672186639.765:1): state=initialized audit_enabled=0 res=1
[    0.491629] thermal_sys: Registered thermal governor 'fair_share'
[    0.491629] thermal_sys: Registered thermal governor 'bang_bang'
[    0.491629] thermal_sys: Registered thermal governor 'step_wise'
[    0.491629] thermal_sys: Registered thermal governor 'user_space'
[    0.493738] cpuidle: using governor ladder
[    0.494606] cpuidle: using governor menu
[    0.495243] acpiphp: ACPI Hot Plug PCI Controller Driver version: 0.5
[    0.496185] PCI: Using configuration type 1 for base access
[    0.513054] kprobes: kprobe jump-optimization is enabled. All kprobes are optimized if possible.
[    0.738276] HugeTLB: registered 1.00 GiB page size, pre-allocated 0 pages
[    0.738930] HugeTLB: 16380 KiB vmemmap can be freed for a 1.00 GiB page
[    0.739526] HugeTLB: registered 2.00 MiB page size, pre-allocated 0 pages
[    0.740130] HugeTLB: 28 KiB vmemmap can be freed for a 2.00 MiB page
[    0.742963] ACPI: Added _OSI(Module Device)
[    0.743360] ACPI: Added _OSI(Processor Device)
[    0.743768] ACPI: Added _OSI(3.0 _SCP Extensions)
[    0.744196] ACPI: Added _OSI(Processor Aggregator Device)
[    0.753144] ACPI: 1 ACPI AML tables successfully acquired and loaded
[    0.757340] ACPI: Interpreter enabled
[    0.757793] ACPI: PM: (supports S0 S3 S4 S5)
[    0.758187] ACPI: Using IOAPIC for interrupt routing
[    0.758707] PCI: Using host bridge windows from ACPI; if necessary, use "pci=nocrs" and report a bug
[    0.759531] PCI: Using E820 reservations for host bridge windows
[    0.760830] ACPI: Enabled 2 GPEs in block 00 to 0F
[    0.780045] ACPI: PCI Root Bridge [PCI0] (domain 0000 [bus 00-ff])
[    0.780661] acpi PNP0A03:00: _OSC: OS supports [ASPM ClockPM Segments MSI EDR HPX-Type3]
[    0.781403] acpi PNP0A03:00: _OSC: not requesting OS control; OS requires [ExtendedConfig ASPM ClockPM MSI]
[    0.781763] acpi PNP0A03:00: fail to add MMCONFIG information, can't access extended PCI configuration space under this bridge.
[    0.785602] acpiphp: Slot [3] registered
[    0.785779] acpiphp: Slot [4] registered
[    0.786236] acpiphp: Slot [5] registered
[    0.786686] acpiphp: Slot [6] registered
[    0.787141] acpiphp: Slot [7] registered
[    0.787581] acpiphp: Slot [8] registered
[    0.788032] acpiphp: Slot [9] registered
[    0.788473] acpiphp: Slot [10] registered
[    0.788927] acpiphp: Slot [11] registered
[    0.789376] acpiphp: Slot [12] registered
[    0.789776] acpiphp: Slot [13] registered
[    0.790225] acpiphp: Slot [14] registered
[    0.790684] acpiphp: Slot [15] registered
[    0.791132] acpiphp: Slot [16] registered
[    0.791579] acpiphp: Slot [17] registered
[    0.792045] acpiphp: Slot [18] registered
[    0.792495] acpiphp: Slot [19] registered
[    0.792934] acpiphp: Slot [20] registered
[    0.793379] acpiphp: Slot [21] registered
[    0.793763] acpiphp: Slot [22] registered
[    0.794225] acpiphp: Slot [23] registered
[    0.794672] acpiphp: Slot [24] registered
[    0.795119] acpiphp: Slot [25] registered
[    0.795638] acpiphp: Slot [26] registered
[    0.796087] acpiphp: Slot [27] registered
[    0.796553] acpiphp: Slot [28] registered
[    0.797001] acpiphp: Slot [29] registered
[    0.797450] acpiphp: Slot [30] registered
[    0.797763] acpiphp: Slot [31] registered
[    0.798160] PCI host bridge to bus 0000:00
[    0.798541] pci_bus 0000:00: root bus resource [io  0x0000-0x0cf7 window]
[    0.799161] pci_bus 0000:00: root bus resource [io  0x0d00-0xffff window]
[    0.799784] pci_bus 0000:00: root bus resource [mem 0x000a0000-0x000bffff window]
[    0.800475] pci_bus 0000:00: root bus resource [mem 0x80000000-0xfebfffff window]
[    0.801151] pci_bus 0000:00: root bus resource [mem 0x100000000-0x17fffffff window]
[    0.801689] pci_bus 0000:00: root bus resource [bus 00-ff]
[    0.802321] pci 0000:00:00.0: [8086:1237] type 00 class 0x060000
[    0.806305] pci 0000:00:01.0: [8086:7000] type 00 class 0x060100
[    0.807650] pci 0000:00:01.1: [8086:7010] type 00 class 0x010180
[    0.809681] pci 0000:00:01.1: reg 0x20: [io  0xc040-0xc04f]
[    0.810900] pci 0000:00:01.1: legacy IDE quirk: reg 0x10: [io  0x01f0-0x01f7]
[    0.811545] pci 0000:00:01.1: legacy IDE quirk: reg 0x14: [io  0x03f6]
[    0.812142] pci 0000:00:01.1: legacy IDE quirk: reg 0x18: [io  0x0170-0x0177]
[    0.812778] pci 0000:00:01.1: legacy IDE quirk: reg 0x1c: [io  0x0376]
[    0.813705] pci 0000:00:01.3: [8086:7113] type 00 class 0x068000
[    0.814597] pci 0000:00:01.3: quirk: [io  0x0600-0x063f] claimed by PIIX4 ACPI
[    0.815535] pci 0000:00:01.3: quirk: [io  0x0700-0x070f] claimed by PIIX4 SMB
[    0.816552] pci 0000:00:02.0: [1234:1111] type 00 class 0x030000
[    0.818091] pci 0000:00:02.0: reg 0x10: [mem 0xfd000000-0xfdffffff pref]
[    0.821037] pci 0000:00:02.0: reg 0x18: [mem 0xfebf0000-0xfebf0fff]
[    0.825060] pci 0000:00:02.0: reg 0x30: [mem 0xfebe0000-0xfebeffff pref]
[    0.825935] pci 0000:00:02.0: Video device with shadowed ROM at [mem 0x000c0000-0x000dffff]
[    0.830261] pci 0000:00:03.0: [8086:100e] type 00 class 0x020000
[    0.831377] pci 0000:00:03.0: reg 0x10: [mem 0xfebc0000-0xfebdffff]
[    0.832584] pci 0000:00:03.0: reg 0x14: [io  0xc000-0xc03f]
[    0.835690] pci 0000:00:03.0: reg 0x30: [mem 0xfeb80000-0xfebbffff pref]
[    0.849050] ACPI: PCI: Interrupt link LNKA configured for IRQ 10
[    0.850061] ACPI: PCI: Interrupt link LNKB configured for IRQ 10
[    0.851029] ACPI: PCI: Interrupt link LNKC configured for IRQ 11
[    0.851995] ACPI: PCI: Interrupt link LNKD configured for IRQ 11
[    0.852745] ACPI: PCI: Interrupt link LNKS configured for IRQ 9
[    0.854995] iommu: Default domain type: Translated 
[    0.855462] iommu: DMA domain TLB invalidation policy: lazy mode 
[    0.857468] SCSI subsystem initialized
[    0.858069] ACPI: bus type USB registered
[    0.858532] usbcore: registered new interface driver usbfs
[    0.859089] usbcore: registered new interface driver hub
[    0.859618] usbcore: registered new device driver usb
[    0.860234] pps_core: LinuxPPS API ver. 1 registered
[    0.860694] pps_core: Software ver. 5.3.6 - Copyright 2005-2007 Rodolfo Giometti <giometti@linux.it>
[    0.861521] PTP clock support registered
[    0.861914] EDAC MC: Ver: 3.0.0
[    0.867060] NetLabel: Initializing
[    0.867412] NetLabel:  domain hash size = 128
[    0.867813] NetLabel:  protocols = UNLABELED CIPSOv4 CALIPSO
[    0.868397] NetLabel:  unlabeled traffic allowed by default
[    0.869416] PCI: Using ACPI for IRQ routing
[    0.869992] pci 0000:00:02.0: vgaarb: setting as boot VGA device
[    0.870560] pci 0000:00:02.0: vgaarb: bridge control possible
[    0.871083] pci 0000:00:02.0: vgaarb: VGA device added: decodes=io+mem,owns=io+mem,locks=none
[    0.871846] vgaarb: loaded
[    0.872729] hpet0: at MMIO 0xfed00000, IRQs 2, 8, 0
[    0.873195] hpet0: 3 comparators, 64-bit 100.000000 MHz counter
[    3.270993] clocksource: Switched to clocksource kvm-clock
[    3.320003] Callback from call_rcu_tasks_rude() invoked.
[    3.377885] Callback from call_rcu_tasks() invoked.
[    3.466799] VFS: Disk quotas dquot_6.6.0
[    3.467202] VFS: Dquot-cache hash table entries: 512 (order 0, 4096 bytes)
[    3.468156] pnp: PnP ACPI init
[    3.470512] pnp: PnP ACPI: found 6 devices
[    3.484079] clocksource: acpi_pm: mask: 0xffffff max_cycles: 0xffffff, max_idle_ns: 2085701024 ns
[    3.485218] NET: Registered PF_INET protocol family
[    3.485889] IP idents hash table entries: 32768 (order: 6, 262144 bytes, linear)
[    3.487699] tcp_listen_portaddr_hash hash table entries: 1024 (order: 4, 73728 bytes, linear)
[    3.488450] Table-perturb hash table entries: 65536 (order: 6, 262144 bytes, linear)
[    3.489085] TCP established hash table entries: 16384 (order: 5, 131072 bytes, linear)
[    3.490614] TCP bind hash table entries: 16384 (order: 9, 2359296 bytes, linear)
[    3.493880] TCP: Hash tables configured (established 16384 bind 16384)
[    3.494600] UDP hash table entries: 1024 (order: 5, 163840 bytes, linear)
[    3.495264] UDP-Lite hash table entries: 1024 (order: 5, 163840 bytes, linear)
[    3.496115] NET: Registered PF_UNIX/PF_LOCAL protocol family
[    3.497104] RPC: Registered named UNIX socket transport module.
[    3.497612] RPC: Registered udp transport module.
[    3.498015] RPC: Registered tcp transport module.
[    3.498403] RPC: Registered tcp NFSv4.1 backchannel transport module.
[    3.498955] pci_bus 0000:00: resource 4 [io  0x0000-0x0cf7 window]
[    3.499467] pci_bus 0000:00: resource 5 [io  0x0d00-0xffff window]
[    3.499975] pci_bus 0000:00: resource 6 [mem 0x000a0000-0x000bffff window]
[    3.500537] pci_bus 0000:00: resource 7 [mem 0x80000000-0xfebfffff window]
[    3.501101] pci_bus 0000:00: resource 8 [mem 0x100000000-0x17fffffff window]
[    3.501930] pci 0000:00:01.0: PIIX3: Enabling Passive Release
[    3.502437] pci 0000:00:00.0: Limiting direct PCI/PCI transfers
[    3.503046] PCI: CLS 0 bytes, default 64
[    3.503457] ACPI: bus type thunderbolt registered
[    3.504188] clocksource: tsc: mask: 0xffffffffffffffff max_cycles: 0x2cd5a8bb032, max_idle_ns: 440795365915 ns
[    3.508560] Initialise system trusted keyrings
[    3.509035] Key type blacklist registered
[    3.509608] workingset: timestamp_bits=36 max_order=19 bucket_order=0
[    3.521953] zbud: loaded
[    3.524613] squashfs: version 4.0 (2009/01/31) Phillip Lougher
[    3.526827] NFS: Registering the id_resolver key type
[    3.527269] Key type id_resolver registered
[    3.527605] Key type id_legacy registered
[    3.528041] nfs4filelayout_init: NFSv4 File Layout Driver Registering...
[    3.528616] nfs4flexfilelayout_init: NFSv4 Flexfile Layout Driver Registering...
[    3.529422] fuse: init (API version 7.37)
[    3.530188] SGI XFS with ACLs, security attributes, realtime, quota, no debug enabled
[    3.532913] 9p: Installing v9fs 9p2000 file system support
[    3.541567] Key type asymmetric registered
[    3.541961] Asymmetric key parser 'x509' registered
[    3.544670] alg: self-tests for CTR-KDF (hmac(sha256)) passed
[    3.545238] Block layer SCSI generic (bsg) driver version 0.4 loaded (major 243)
[    3.545997] io scheduler mq-deadline registered
[    3.546561] io scheduler bfq registered
[    3.547879] shpchp: Standard Hot Plug PCI Controller Driver version: 0.4
[    3.548948] IPMI message handler: version 39.2
[    3.549381] ipmi device interface
[    3.551344] input: Power Button as /devices/LNXSYSTM:00/LNXPWRBN:00/input/input0
[    3.552196] ACPI: button: Power Button [PWRF]
[    3.553607] ERST DBG: ERST support is disabled.
[    3.554789] Serial: 8250/16550 driver, 32 ports, IRQ sharing enabled
[    3.555833] 00:04: ttyS0 at I/O 0x3f8 (irq = 4, base_baud = 115200) is a 16550A
[    3.566778] Linux agpgart interface v0.103
[    3.567750] ACPI: bus type drm_connector registered
[    3.582250] brd: module loaded
[    3.591903] loop: module loaded
[    3.597217] scsi host0: ata_piix
[    3.598278] scsi host1: ata_piix
[    3.598758] ata1: PATA max MWDMA2 cmd 0x1f0 ctl 0x3f6 bmdma 0xc040 irq 14
[    3.599347] ata2: PATA max MWDMA2 cmd 0x170 ctl 0x376 bmdma 0xc048 irq 15
[    3.601390] tun: Universal TUN/TAP device driver, 1.6
[    3.602113] e100: Intel(R) PRO/100 Network Driver
[    3.602527] e100: Copyright(c) 1999-2006 Intel Corporation
[    3.603058] e1000: Intel(R) PRO/1000 Network Driver
[    3.603479] e1000: Copyright (c) 1999-2006 Intel Corporation.
[    3.757893] ata1: found unknown device (class 0)
[    3.758843] ata1.00: ATA-7: QEMU HARDDISK, 2.5+, max UDMA/100
[    3.759350] ata1.00: 16777216 sectors, multi 16: LBA48 
[    3.760694] scsi 0:0:0:0: Direct-Access     ATA      QEMU HARDDISK    2.5+ PQ: 0 ANSI: 5
[    3.762495] scsi 0:0:0:0: Attached scsi generic sg0 type 0
[    3.763757] sd 0:0:0:0: [sda] 16777216 512-byte logical blocks: (8.59 GB/8.00 GiB)
[    3.764461] sd 0:0:0:0: [sda] Write Protect is off
[    3.764932] sd 0:0:0:0: [sda] Write cache: enabled, read cache: enabled, doesn't support DPO or FUA
[    3.765824] ata2: found unknown device (class 0)
[    3.766684] ata2.00: ATAPI: QEMU DVD-ROM, 2.5+, max UDMA/100
[    3.767363] sd 0:0:0:0: [sda] Preferred minimum I/O size 512 bytes
[    3.769974] scsi 1:0:0:0: CD-ROM            QEMU     QEMU DVD-ROM     2.5+ PQ: 0 ANSI: 5
[    3.791229] sd 0:0:0:0: [sda] Attached SCSI disk
[    3.791546] ACPI: \_SB_.LNKC: Enabled at IRQ 11
[    3.798488] scsi 1:0:0:0: Attached scsi generic sg1 type 5
[    4.112843] e1000 0000:00:03.0 eth0: (PCI:33MHz:32-bit) 52:54:00:12:34:56
[    4.113470] e1000 0000:00:03.0 eth0: Intel(R) PRO/1000 Network Connection
[    4.114156] e1000e: Intel(R) PRO/1000 Network Driver
[    4.114565] e1000e: Copyright(c) 1999 - 2015 Intel Corporation.
[    4.115114] igb: Intel(R) Gigabit Ethernet Network Driver
[    4.115551] igb: Copyright (c) 2007-2014 Intel Corporation.
[    4.116121] PPP generic driver version 2.4.2
[    4.117211] VFIO - User Level meta-driver version: 0.3
[    4.118336] usbcore: registered new interface driver uas
[    4.118843] usbcore: registered new interface driver usb-storage
[    4.119479] i8042: PNP: PS/2 Controller [PNP0303:KBD,PNP0f13:MOU] at 0x60,0x64 irq 1,12
[    4.120890] serio: i8042 KBD port at 0x60,0x64 irq 1
[    4.121340] serio: i8042 AUX port at 0x60,0x64 irq 12
[    4.122726] mousedev: PS/2 mouse device common for all mice
[    4.124085] input: AT Translated Set 2 keyboard as /devices/platform/i8042/serio0/input/input1
[    4.125915] input: VirtualPS/2 VMware VMMouse as /devices/platform/i8042/serio1/input/input4
[    4.126993] rtc_cmos 00:05: RTC can wake from S4
[    4.127779] input: VirtualPS/2 VMware VMMouse as /devices/platform/i8042/serio1/input/input3
[    4.129582] rtc_cmos 00:05: registered as rtc0
[    4.130042] rtc_cmos 00:05: setting system clock to 2022-12-28T00:17:22 UTC (1672186642)
[    4.130865] rtc_cmos 00:05: alarms up to one day, y3k, 242 bytes nvram, hpet irqs
[    4.131534] i2c_dev: i2c /dev entries driver
[    4.131936] device-mapper: core: CONFIG_IMA_DISABLE_HTABLE is disabled. Duplicate IMA measurements will not be recorded in the IMA log.
[    4.133012] device-mapper: uevent: version 1.0.3
[    4.133776] device-mapper: ioctl: 4.47.0-ioctl (2022-07-28) initialised: dm-devel@redhat.com
[    4.134455] intel_pstate: CPU model not supported
[    4.134928] sdhci: Secure Digital Host Controller Interface driver
[    4.135421] sdhci: Copyright(c) Pierre Ossman
[    4.135837] sdhci-pltfm: SDHCI platform and OF driver helper
[    4.136399] ledtrig-cpu: registered to indicate activity on CPUs
[    4.137271] drop_monitor: Initializing network drop monitor service
[    4.138417] NET: Registered PF_INET6 protocol family
[    4.141825] Segment Routing with IPv6
[    4.142170] In-situ OAM (IOAM) with IPv6
[    4.142543] NET: Registered PF_PACKET protocol family
[    4.143224] 9pnet: Installing 9P2000 support
[    4.143683] Key type dns_resolver registered
[    4.144878] IPI shorthand broadcast: enabled
[    4.145323] sched_clock: Marking stable (4130896685, 13753563)->(4234858019, -90207771)
[    4.146725] registered taskstats version 1
[    4.147208] Loading compiled-in X.509 certificates
[    4.147894] zswap: loaded using pool lzo/zbud
[    4.149619] Key type .fscrypt registered
[    4.149969] Key type fscrypt-provisioning registered
[    4.151584] Key type encrypted registered
[    4.151967] ima: No TPM chip found, activating TPM-bypass!
[    4.152434] ima: Allocated hash algorithm: sha1
[    4.152852] ima: No architecture policies found
[    4.153334] evm: Initialising EVM extended attributes:
[    4.153766] evm: security.selinux
[    4.154044] evm: security.SMACK64
[    4.154319] evm: security.SMACK64EXEC
[    4.154620] evm: security.SMACK64TRANSMUTE
[    4.154956] evm: security.SMACK64MMAP
[    4.155259] evm: security.apparmor
[    4.155541] evm: security.ima
[    4.155789] evm: security.capability
[    4.156084] evm: HMAC attrs: 0x1
[    4.162116] PM:   Magic number: 2:857:254
[    4.162919] RAS: Correctable Errors collector initialized.
[    4.164497] md: Waiting for all devices to be available before autodetect
[    4.164912] md: If you don't use raid, use raid=noautodetect
[    4.165271] md: Autodetecting RAID arrays.
[    4.165531] md: autorun ...
[    4.165732] md: ... autorun DONE.
[    4.174288] EXT4-fs (sda): INFO: recovery required on readonly filesystem
[    4.174733] EXT4-fs (sda): write access will be enabled during recovery
[    7.390362] EXT4-fs (sda): recovery complete
[    7.396092] EXT4-fs (sda): mounted filesystem with ordered data mode. Quota mode: none.
[    7.396682] VFS: Mounted root (ext4 filesystem) readonly on device 8:0.
[    7.397934] devtmpfs: mounted
[    7.405983] Freeing unused decrypted memory: 2036K
[    7.408604] Freeing unused kernel image (initmem) memory: 3672K
[    7.409015] Write protecting the kernel read-only data: 43008k
[    7.412697] Freeing unused kernel image (text/rodata gap) memory: 2028K
[    7.413631] Freeing unused kernel image (rodata/data gap) memory: 372K
[    7.506289] x86/mm: Checked W+X mappings: passed, no W+X pages found.
[    7.506690] Run /sbin/init as init process
[    7.600468] systemd[1]: RTC configured in localtime, applying delta of 0 minutes to system time.
[    7.631252] systemd[1]: systemd 239 (239-49.el8) running in system mode. (+PAM +AUDIT +SELINUX +IMA -APPARMOR +SMACK +SYSVINIT +UTMP +LIBCRYPTSETUP +GCRYPT +GNUTLS +ACL +XZ +LZ4 +SECCOMP +BLKID +ELFUTILS +KMOD +IDN2 -IDN +PCRE2 default-hierarchy=legacy)
[    7.632799] systemd[1]: Detected virtualization kvm.
[    7.633137] systemd[1]: Detected architecture x86-64.

Welcome to [0;31mCentOS Stream 8[0m!

[    7.691754] systemd[1]: Set hostname to <test>.
[    8.713758] random: crng init done
[    8.835833] systemd[1]: Listening on udev Kernel Socket.
[[0;32m  OK  [0m] Listening on udev Kernel Socket.
[    8.837120] systemd[1]: Listening on Device-mapper event daemon FIFOs.
[[0;32m  OK  [0m] Listening on Device-mapper event daemon FIFOs.
[    8.846603] systemd[1]: Listening on Process Core Dump Socket.
[[0;32m  OK  [0m] Listening on Process Core Dump Socket.
[    8.850522] systemd[1]: Created slice system-sshd\x2dkeygen.slice.
[[0;32m  OK  [0m] Created slice system-sshd\x2dkeygen.slice.
[    8.852356] systemd[1]: Created slice User and Session Slice.
[[0;32m  OK  [0m] Created slice User and Session Slice.
[    8.853251] systemd[1]: Reached target Slices.
[[0;32m  OK  [0m] Reached target Slices.
[[0;32m  OK  [0m] Listening on Journal Socket (/dev/log).
[[0;32m  OK  [0m] Listening on Journal Socket.
         Mounting Huge Pages File System...
[[0;32m  OK  [0m] Created slice system-getty.slice.
[[0;32m  OK  [0m] Started Forward Password Requests to Wall Directory Watch.
[[0;32m  OK  [0m] Listening on RPCbind Server Activation Socket.
[[0;32m  OK  [0m] Reached target RPC Port Mapper.
[[0;32m  OK  [0m] Listening on udev Control Socket.
         Mounting Kernel Debug File System...
         Starting Monitoring of LVM2 mirrorsâ€¦ng dmeventd or progress polling...
         Mounting POSIX Message Queue File System...
[[0;32m  OK  [0m] Set up automount Arbitrary Executabâ€¦rmats File System Automount Point.
         Starting Setup Virtual Console...
         Starting udev Coldplug all Devices...
[[0;32m  OK  [0m] Created slice system-serial\x2dgetty.slice.
         Starting Journal Service...
         Starting Load Kernel Modules...
[[0;32m  OK  [0m] Reached target Swap.
         Starting Remount Root and Kernel File Systems...
[[0;32m  OK  [0m] Listening on LVM2 poll daemon socket.
[[0;32m  OK  [0m] Listening on multipathd control socket.
[[0;32m  OK  [0m] Listening on initctl Compatibility Named Pipe.
[[0;32m  OK  [0m] Mounted Huge Pages File System.
[[0;32m  OK  [0m] Mounted Kernel Debug File System.
[[0;32m  OK  [0m] Mounted POSIX Message Queue File System.
[[0;1;31mFAILED[0m] Failed to start Load Kernel Modules.
See 'systemctl status systemd-modules-load.service' for details.
         Starting Apply Kernel Variables...
         Mounting FUSE Control File System...
         Mounting Kernel Configuration File System...
[[0;32m  OK  [0m] Started Journal Service.
[[0;32m  OK  [0m] Started Apply Kernel Variables.
[[0;32m  OK  [0m] Mounted FUSE Control File System.
[[0;32m  OK  [0m] Mounted Kernel Configuration File System.
[   10.295718] EXT4-fs (sda): re-mounted. Quota mode: none.
[[0;32m  OK  [0m] Started Remount Root and Kernel File Systems.
         Starting Load/Save Random Seed...
         Starting Flush Journal to Persistent Storage...
         Starting Create Static Device Nodes in /dev...
[[0;32m  OK  [0m] Started Setup Virtual Console.
[[0;32m  OK  [0m] Started udev Coldplug all Devices.
[[0;32m  OK  [0m] Started Load/Save Random Seed.
         Starting udev Wait for Complete Device Initialization...
[[0;32m  OK  [0m] Started Flush Journal to Persistent Storage.
[[0;32m  OK  [0m] Started Create Static Device Nodes in /dev.
         Starting udev Kernel Device Manager...
[[0;32m  OK  [0m] Started udev Kernel Device Manager.
         Starting Show Plymouth Boot Screen...
[[0;32m  OK  [0m] Started Show Plymouth Boot Screen.
[[0;32m  OK  [0m] Reached target Local Encrypted Volumes.
[[0;32m  OK  [0m] Reached target Paths.
[[0;32m  OK  [0m] Started Forward Password Requests to Plymouth Directory Watch.
[[0;32m  OK  [0m] Found device /dev/ttyS0.
[[0;32m  OK  [0m] Started Monitoring of LVM2 mirrors,â€¦sing dmeventd or progress polling.
[[0;32m  OK  [0m] Started udev Wait for Complete Device Initialization.
[[0;32m  OK  [0m] Listening on Load/Save RF Kill Switch Status /dev/rfkill Watch.
[[0;32m  OK  [0m] Reached target Local File Systems (Pre).
[[0;32m  OK  [0m] Reached target Local File Systems.
         Starting Tell Plymouth To Write Out Runtime Data...
         Starting Restore /run/initramfs on shutdown...
         Starting Create Volatile Files and Directories...
[[0;32m  OK  [0m] Started Tell Plymouth To Write Out Runtime Data.
[[0;32m  OK  [0m] Started Restore /run/initramfs on shutdown.
[[0;32m  OK  [0m] Started Create Volatile Files and Directories.
         Starting Security Auditing Service...
         Mounting RPC Pipe File System...
         Starting RPC Bind...
[[0;32m  OK  [0m] Mounted RPC Pipe File System.
[[0;32m  OK  [0m] Reached target rpc_pipefs.target.
[[0;32m  OK  [0m] Started RPC Bind.
[[0;32m  OK  [0m] Started Security Auditing Service.
         Starting Update UTMP about System Boot/Shutdown...
[[0;32m  OK  [0m] Started Update UTMP about System Boot/Shutdown.
[[0;32m  OK  [0m] Reached target System Initialization.
[[0;32m  OK  [0m] Listening on SSSD Kerberos Cache Manager responder socket.
[[0;32m  OK  [0m] Started daily update of the root trust anchor for DNSSEC.
[[0;32m  OK  [0m] Started Daily Cleanup of Temporary Directories.
[[0;32m  OK  [0m] Started dnf makecache --timer.
[[0;32m  OK  [0m] Reached target Timers.
[[0;32m  OK  [0m] Listening on D-Bus System Message Bus Socket.
[[0;32m  OK  [0m] Reached target Sockets.
[[0;32m  OK  [0m] Reached target Basic System.
         Starting Self Monitoring and Reporting Technology (SMART) Daemon...
         Starting Login Service...
         Starting NTP client/server...
[[0;32m  OK  [0m] Started irqbalance daemon.
[[0;32m  OK  [0m] Started Machine Check Exception Logging Daemon.
[[0;32m  OK  [0m] Reached target sshd-keygen.target.
         Starting Authorization Manager...
[[0;32m  OK  [0m] Started D-Bus System Message Bus.
         Starting Network Manager...
         Starting Auto-connect to subsystemsâ€¦-NVME devices found during boot...
[[0;32m  OK  [0m] Started Self Monitoring and Reporting Technology (SMART) Daemon.
[[0;32m  OK  [0m] Started Auto-connect to subsystems â€¦FC-NVME devices found during boot.
         Starting update of the root trust aâ€¦or DNSSEC validation in unbound...
[[0;32m  OK  [0m] Started Login Service.
[[0;32m  OK  [0m] Started NTP client/server.
[[0;32m  OK  [0m] Started Network Manager.
[[0;32m  OK  [0m] Reached target Network.
         Starting GSSAPI Proxy Daemon...
         Starting OpenSSH server daemon...
         Starting Dynamic System Tuning Daemon...
         Starting Network Manager Wait Online...
[[0;32m  OK  [0m] Started update of the root trust anâ€¦ for DNSSEC validation in unbound.
         Starting Hostname Service...
[[0;32m  OK  [0m] Started OpenSSH server daemon.
[[0;32m  OK  [0m] Started Authorization Manager.
[[0;32m  OK  [0m] Started GSSAPI Proxy Daemon.
[[0;32m  OK  [0m] Reached target NFS client services.
[[0;32m  OK  [0m] Reached target Remote File Systems (Pre).
[[0;32m  OK  [0m] Reached target Remote File Systems.
         Starting Permit User Sessions...
[[0;32m  OK  [0m] Started Permit User Sessions.
[[0;32m  OK  [0m] Started Command Scheduler.
         Starting Terminate Plymouth Boot Screen...
         Starting Hold until boot process finishes up...
[   13.373858] e1000: eth0 NIC Link is Up 1000 Mbps Full Duplex, Flow Control: RX
[   13.374886] IPv6: ADDRCONF(NETDEV_CHANGE): eth0: link becomes ready
[   13.794801] Spectre V2 : WARNING: Unprivileged eBPF is enabled with eIBRS on, data leaks possible via Spectre v2 BHB attacks!
[   13.795648] Spectre V2 : WARNING: Unprivileged eBPF is enabled with eIBRS on, data leaks possible via Spectre v2 BHB attacks!

CentOS Stream 8
Kernel 6.1.0-rc6-b676668d9915+ on an x86_64

test login: [   28.528260] sg_write: data in/out 3278044/1 bytes for SCSI command 0x3c-- guessing data in;
[   28.528260]    program repro not setting count and/or reply_len properly
[   28.537451] sg_write: data in/out 3278044/1 bytes for SCSI command 0x3c-- guessing data in;
[   28.537451]    program repro not setting count and/or reply_len properly
[   28.546065] sg_write: data in/out 3278044/1 bytes for SCSI command 0x3c-- guessing data in;
[   28.546065]    program repro not setting count and/or reply_len properly
[   28.554411] sg_write: data in/out 3278044/1 bytes for SCSI command 0x3c-- guessing data in;
[   28.554411]    program repro not setting count and/or reply_len properly
[   28.562803] sg_write: data in/out 3278044/1 bytes for SCSI command 0x3c-- guessing data in;
[   28.562803]    program repro not setting count and/or reply_len properly
[   28.571000] sg_write: data in/out 3278044/1 bytes for SCSI command 0x3c-- guessing data in;
[   28.571000]    program repro not setting count and/or reply_len properly
[   28.579383] sg_write: data in/out 3278044/1 bytes for SCSI command 0x3c-- guessing data in;
[   28.579383]    program repro not setting count and/or reply_len properly
[   28.587567] sg_write: data in/out 3278044/1 bytes for SCSI command 0x3c-- guessing data in;
[   28.587567]    program repro not setting count and/or reply_len properly
[   28.595871] sg_write: data in/out 3278044/1 bytes for SCSI command 0x3c-- guessing data in;
[   28.595871]    program repro not setting count and/or reply_len properly
[   28.604302] sg_write: data in/out 3278044/1 bytes for SCSI command 0x3c-- guessing data in;
[   28.604302]    program repro not setting count and/or reply_len properly
[   33.531304] sg_write: 597 callbacks suppressed
[   33.531315] sg_write: data in/out 3278044/1 bytes for SCSI command 0x3c-- guessing data in;
[   33.531315]    program repro not setting count and/or reply_len properly
[   33.540987] sg_write: data in/out 3278044/1 bytes for SCSI command 0x3c-- guessing data in;
[   33.540987]    program repro not setting count and/or reply_len properly
[   33.550620] sg_write: data in/out 3278044/1 bytes for SCSI command 0x3c-- guessing data in;
[   33.550620]    program repro not setting count and/or reply_len properly
[   33.561044] sg_write: data in/out 3278044/1 bytes for SCSI command 0x3c-- guessing data in;
[   33.561044]    program repro not setting count and/or reply_len properly
[   33.571268] sg_write: data in/out 3278044/1 bytes for SCSI command 0x3c-- guessing data in;
[   33.571268]    program repro not setting count and/or reply_len properly
[   33.582147] sg_write: data in/out 3278044/1 bytes for SCSI command 0x3c-- guessing data in;
[   33.582147]    program repro not setting count and/or reply_len properly
[   33.592383] sg_write: data in/out 3278044/1 bytes for SCSI command 0x3c-- guessing data in;
[   33.592383]    program repro not setting count and/or reply_len properly
[   33.602000] sg_write: data in/out 3278044/1 bytes for SCSI command 0x3c-- guessing data in;
[   33.602000]    program repro not setting count and/or reply_len properly
[   33.611483] sg_write: data in/out 3278044/1 bytes for SCSI command 0x3c-- guessing data in;
[   33.611483]    program repro not setting count and/or reply_len properly
[   33.622226] sg_write: data in/out 3278044/1 bytes for SCSI command 0x3c-- guessing data in;
[   33.622226]    program repro not setting count and/or reply_len properly
[   38.541488] sg_write: 556 callbacks suppressed
[   38.541500] sg_write: data in/out 3278044/1 bytes for SCSI command 0x3c-- guessing data in;
[   38.541500]    program repro not setting count and/or reply_len properly
[   38.551629] sg_write: data in/out 3278044/1 bytes for SCSI command 0x3c-- guessing data in;
[   38.551629]    program repro not setting count and/or reply_len properly
[   38.561114] sg_write: data in/out 3278044/1 bytes for SCSI command 0x3c-- guessing data in;
[   38.561114]    program repro not setting count and/or reply_len properly
[   38.570645] sg_write: data in/out 3278044/1 bytes for SCSI command 0x3c-- guessing data in;
[   38.570645]    program repro not setting count and/or reply_len properly
[   38.580077] sg_write: data in/out 3278044/1 bytes for SCSI command 0x3c-- guessing data in;
[   38.580077]    program repro not setting count and/or reply_len properly
[   38.589464] sg_write: data in/out 3278044/1 bytes for SCSI command 0x3c-- guessing data in;
[   38.589464]    program repro not setting count and/or reply_len properly
[   38.599220] sg_write: data in/out 3278044/1 bytes for SCSI command 0x3c-- guessing data in;
[   38.599220]    program repro not setting count and/or reply_len properly
[   38.608625] sg_write: data in/out 3278044/1 bytes for SCSI command 0x3c-- guessing data in;
[   38.608625]    program repro not setting count and/or reply_len properly
[   38.618340] sg_write: data in/out 3278044/1 bytes for SCSI command 0x3c-- guessing data in;
[   38.618340]    program repro not setting count and/or reply_len properly
[   38.627751] sg_write: data in/out 3278044/1 bytes for SCSI command 0x3c-- guessing data in;
[   38.627751]    program repro not setting count and/or reply_len properly
[   43.550561] sg_write: 505 callbacks suppressed
[   43.550579] sg_write: data in/out 3278044/1 bytes for SCSI command 0x3c-- guessing data in;
[   43.550579]    program repro not setting count and/or reply_len properly
[   43.566190] sg_write: data in/out 3278044/1 bytes for SCSI command 0x3c-- guessing data in;
[   43.566190]    program repro not setting count and/or reply_len properly
[   43.579254] sg_write: data in/out 3278044/1 bytes for SCSI command 0x3c-- guessing data in;
[   43.579254]    program repro not setting count and/or reply_len properly
[   43.594704] sg_write: data in/out 3278044/1 bytes for SCSI command 0x3c-- guessing data in;
[   43.594704]    program repro not setting count and/or reply_len properly
[   43.607217] sg_write: data in/out 3278044/1 bytes for SCSI command 0x3c-- guessing data in;
[   43.607217]    program repro not setting count and/or reply_len properly
[   43.623077] sg_write: data in/out 3278044/1 bytes for SCSI command 0x3c-- guessing data in;
[   43.623077]    program repro not setting count and/or reply_len properly
[   43.638570] sg_write: data in/out 3278044/1 bytes for SCSI command 0x3c-- guessing data in;
[   43.638570]    program repro not setting count and/or reply_len properly
[   43.654626] sg_write: data in/out 3278044/1 bytes for SCSI command 0x3c-- guessing data in;
[   43.654626]    program repro not setting count and/or reply_len properly
[   43.670895] sg_write: data in/out 3278044/1 bytes for SCSI command 0x3c-- guessing data in;
[   43.670895]    program repro not setting count and/or reply_len properly
[   43.687253] sg_write: data in/out 3278044/1 bytes for SCSI command 0x3c-- guessing data in;
[   43.687253]    program repro not setting count and/or reply_len properly
[   48.560340] sg_write: 486 callbacks suppressed
[   48.560351] sg_write: data in/out 3278044/1 bytes for SCSI command 0x3c-- guessing data in;
[   48.560351]    program repro not setting count and/or reply_len properly
[   48.569292] sg_write: data in/out 3278044/1 bytes for SCSI command 0x3c-- guessing data in;
[   48.569292]    program repro not setting count and/or reply_len properly
[   48.578301] sg_write: data in/out 3278044/1 bytes for SCSI command 0x3c-- guessing data in;
[   48.578301]    program repro not setting count and/or reply_len properly
[   48.586923] sg_write: data in/out 3278044/1 bytes for SCSI command 0x3c-- guessing data in;
[   48.586923]    program repro not setting count and/or reply_len properly
[   48.595846] sg_write: data in/out 3278044/1 bytes for SCSI command 0x3c-- guessing data in;
[   48.595846]    program repro not setting count and/or reply_len properly
[   48.604573] sg_write: data in/out 3278044/1 bytes for SCSI command 0x3c-- guessing data in;
[   48.604573]    program repro not setting count and/or reply_len properly
[   48.613410] sg_write: data in/out 3278044/1 bytes for SCSI command 0x3c-- guessing data in;
[   48.613410]    program repro not setting count and/or reply_len properly
[   48.623035] sg_write: data in/out 3278044/1 bytes for SCSI command 0x3c-- guessing data in;
[   48.623035]    program repro not setting count and/or reply_len properly
[   48.632167] sg_write: data in/out 3278044/1 bytes for SCSI command 0x3c-- guessing data in;
[   48.632167]    program repro not setting count and/or reply_len properly
[   48.641114] sg_write: data in/out 3278044/1 bytes for SCSI command 0x3c-- guessing data in;
[   48.641114]    program repro not setting count and/or reply_len properly
[   53.565071] sg_write: 566 callbacks suppressed
[   53.565088] sg_write: data in/out 3278044/1 bytes for SCSI command 0x3c-- guessing data in;
[   53.565088]    program repro not setting count and/or reply_len properly
[   53.579828] sg_write: data in/out 3278044/1 bytes for SCSI command 0x3c-- guessing data in;
[   53.579828]    program repro not setting count and/or reply_len properly
[   53.593445] sg_write: data in/out 3278044/1 bytes for SCSI command 0x3c-- guessing data in;
[   53.593445]    program repro not setting count and/or reply_len properly
[   53.608378] sg_write: data in/out 3278044/1 bytes for SCSI command 0x3c-- guessing data in;
[   53.608378]    program repro not setting count and/or reply_len properly
[   53.623590] sg_write: data in/out 3278044/1 bytes for SCSI command 0x3c-- guessing data in;
[   53.623590]    program repro not setting count and/or reply_len properly
[   53.638693] sg_write: data in/out 3278044/1 bytes for SCSI command 0x3c-- guessing data in;
[   53.638693]    program repro not setting count and/or reply_len properly
[   53.652083] sg_write: data in/out 3278044/1 bytes for SCSI command 0x3c-- guessing data in;
[   53.652083]    program repro not setting count and/or reply_len properly
[   53.664842] sg_write: data in/out 3278044/1 bytes for SCSI command 0x3c-- guessing data in;
[   53.664842]    program repro not setting count and/or reply_len properly
[   53.679501] sg_write: data in/out 3278044/1 bytes for SCSI command 0x3c-- guessing data in;
[   53.679501]    program repro not setting count and/or reply_len properly
[   53.693369] sg_write: data in/out 3278044/1 bytes for SCSI command 0x3c-- guessing data in;
[   53.693369]    program repro not setting count and/or reply_len properly
[   58.566069] sg_write: 453 callbacks suppressed
[   58.566086] sg_write: data in/out 3278044/1 bytes for SCSI command 0x3c-- guessing data in;
[   58.566086]    program repro not setting count and/or reply_len properly
[   58.578666] sg_write: data in/out 3278044/1 bytes for SCSI command 0x3c-- guessing data in;
[   58.578666]    program repro not setting count and/or reply_len properly
[   58.588043] sg_write: data in/out 3278044/1 bytes for SCSI command 0x3c-- guessing data in;
[   58.588043]    program repro not setting count and/or reply_len properly
[   58.597154] sg_write: data in/out 3278044/1 bytes for SCSI command 0x3c-- guessing data in;
[   58.597154]    program repro not setting count and/or reply_len properly
[   58.606371] sg_write: data in/out 3278044/1 bytes for SCSI command 0x3c-- guessing data in;
[   58.606371]    program repro not setting count and/or reply_len properly
[   58.615536] sg_write: data in/out 3278044/1 bytes for SCSI command 0x3c-- guessing data in;
[   58.615536]    program repro not setting count and/or reply_len properly
[   58.624684] sg_write: data in/out 3278044/1 bytes for SCSI command 0x3c-- guessing data in;
[   58.624684]    program repro not setting count and/or reply_len properly
[   58.634355] sg_write: data in/out 3278044/1 bytes for SCSI command 0x3c-- guessing data in;
[   58.634355]    program repro not setting count and/or reply_len properly
[   58.643991] sg_write: data in/out 3278044/1 bytes for SCSI command 0x3c-- guessing data in;
[   58.643991]    program repro not setting count and/or reply_len properly
[   58.653513] sg_write: data in/out 3278044/1 bytes for SCSI command 0x3c-- guessing data in;
[   58.653513]    program repro not setting count and/or reply_len properly
[   63.572726] sg_write: 490 callbacks suppressed
[   63.572739] sg_write: data in/out 3278044/1 bytes for SCSI command 0x3c-- guessing data in;
[   63.572739]    program repro not setting count and/or reply_len properly
[   63.583327] sg_write: data in/out 3278044/1 bytes for SCSI command 0x3c-- guessing data in;
[   63.583327]    program repro not setting count and/or reply_len properly
[   63.593384] sg_write: data in/out 3278044/1 bytes for SCSI command 0x3c-- guessing data in;
[   63.593384]    program repro not setting count and/or reply_len properly
[   63.603537] sg_write: data in/out 3278044/1 bytes for SCSI command 0x3c-- guessing data in;
[   63.603537]    program repro not setting count and/or reply_len properly
[   63.613420] sg_write: data in/out 3278044/1 bytes for SCSI command 0x3c-- guessing data in;
[   63.613420]    program repro not setting count and/or reply_len properly
[   63.623270] sg_write: data in/out 3278044/1 bytes for SCSI command 0x3c-- guessing data in;
[   63.623270]    program repro not setting count and/or reply_len properly
[   63.633236] sg_write: data in/out 3278044/1 bytes for SCSI command 0x3c-- guessing data in;
[   63.633236]    program repro not setting count and/or reply_len properly
[   63.643334] sg_write: data in/out 3278044/1 bytes for SCSI command 0x3c-- guessing data in;
[   63.643334]    program repro not setting count and/or reply_len properly
[   63.655082] sg_write: data in/out 3278044/1 bytes for SCSI command 0x3c-- guessing data in;
[   63.655082]    program repro not setting count and/or reply_len properly
[   63.668463] sg_write: data in/out 3278044/1 bytes for SCSI command 0x3c-- guessing data in;
[   63.668463]    program repro not setting count and/or reply_len properly
[   68.581257] sg_write: 464 callbacks suppressed
[   68.581273] sg_write: data in/out 3278044/1 bytes for SCSI command 0x3c-- guessing data in;
[   68.581273]    program repro not setting count and/or reply_len properly
[   68.596730] sg_write: data in/out 3278044/1 bytes for SCSI command 0x3c-- guessing data in;
[   68.596730]    program repro not setting count and/or reply_len properly
[   68.611848] sg_write: data in/out 3278044/1 bytes for SCSI command 0x3c-- guessing data in;
[   68.611848]    program repro not setting count and/or reply_len properly
[   68.626444] sg_write: data in/out 3278044/1 bytes for SCSI command 0x3c-- guessing data in;
[   68.626444]    program repro not setting count and/or reply_len properly
[   68.641399] sg_write: data in/out 3278044/1 bytes for SCSI command 0x3c-- guessing data in;
[   68.641399]    program repro not setting count and/or reply_len properly
[   68.656427] sg_write: data in/out 3278044/1 bytes for SCSI command 0x3c-- guessing data in;
[   68.656427]    program repro not setting count and/or reply_len properly
[   68.671781] sg_write: data in/out 3278044/1 bytes for SCSI command 0x3c-- guessing data in;
[   68.671781]    program repro not setting count and/or reply_len properly
[   68.687117] sg_write: data in/out 3278044/1 bytes for SCSI command 0x3c-- guessing data in;
[   68.687117]    program repro not setting count and/or reply_len properly
[   68.702649] sg_write: data in/out 3278044/1 bytes for SCSI command 0x3c-- guessing data in;
[   68.702649]    program repro not setting count and/or reply_len properly
[   68.714781] sg_write: data in/out 3278044/1 bytes for SCSI command 0x3c-- guessing data in;
[   68.714781]    program repro not setting count and/or reply_len properly
[   73.586067] sg_write: 476 callbacks suppressed
[   73.586079] sg_write: data in/out 3278044/1 bytes for SCSI command 0x3c-- guessing data in;
[   73.586079]    program repro not setting count and/or reply_len properly
[   73.599183] sg_write: data in/out 3278044/1 bytes for SCSI command 0x3c-- guessing data in;
[   73.599183]    program repro not setting count and/or reply_len properly
[   73.613219] sg_write: data in/out 3278044/1 bytes for SCSI command 0x3c-- guessing data in;
[   73.613219]    program repro not setting count and/or reply_len properly
[   73.626914] sg_write: data in/out 3278044/1 bytes for SCSI command 0x3c-- guessing data in;
[   73.626914]    program repro not setting count and/or reply_len properly
[   73.641511] sg_write: data in/out 3278044/1 bytes for SCSI command 0x3c-- guessing data in;
[   73.641511]    program repro not setting count and/or reply_len properly
[   73.656514] sg_write: data in/out 3278044/1 bytes for SCSI command 0x3c-- guessing data in;
[   73.656514]    program repro not setting count and/or reply_len properly
[   73.670396] sg_write: data in/out 3278044/1 bytes for SCSI command 0x3c-- guessing data in;
[   73.670396]    program repro not setting count and/or reply_len properly
[   73.680625] sg_write: data in/out 3278044/1 bytes for SCSI command 0x3c-- guessing data in;
[   73.680625]    program repro not setting count and/or reply_len properly
[   73.694343] sg_write: data in/out 3278044/1 bytes for SCSI command 0x3c-- guessing data in;
[   73.694343]    program repro not setting count and/or reply_len properly
[   73.708046] sg_write: data in/out 3278044/1 bytes for SCSI command 0x3c-- guessing data in;
[   73.708046]    program repro not setting count and/or reply_len properly
[   78.601891] sg_write: 423 callbacks suppressed
[   78.601904] sg_write: data in/out 3278044/1 bytes for SCSI command 0x3c-- guessing data in;
[   78.601904]    program repro not setting count and/or reply_len properly
[   78.614957] sg_write: data in/out 3278044/1 bytes for SCSI command 0x3c-- guessing data in;
[   78.614957]    program repro not setting count and/or reply_len properly
[   78.625434] sg_write: data in/out 3278044/1 bytes for SCSI command 0x3c-- guessing data in;
[   78.625434]    program repro not setting count and/or reply_len properly
[   78.636361] sg_write: data in/out 3278044/1 bytes for SCSI command 0x3c-- guessing data in;
[   78.636361]    program repro not setting count and/or reply_len properly
[   78.650234] sg_write: data in/out 3278044/1 bytes for SCSI command 0x3c-- guessing data in;
[   78.650234]    program repro not setting count and/or reply_len properly
[   78.665084] sg_write: data in/out 3278044/1 bytes for SCSI command 0x3c-- guessing data in;
[   78.665084]    program repro not setting count and/or reply_len properly
[   78.679783] sg_write: data in/out 3278044/1 bytes for SCSI command 0x3c-- guessing data in;
[   78.679783]    program repro not setting count and/or reply_len properly
[   78.691418] sg_write: data in/out 3278044/1 bytes for SCSI command 0x3c-- guessing data in;
[   78.691418]    program repro not setting count and/or reply_len properly
[   78.702074] sg_write: data in/out 3278044/1 bytes for SCSI command 0x3c-- guessing data in;
[   78.702074]    program repro not setting count and/or reply_len properly
[   78.712259] sg_write: data in/out 3278044/1 bytes for SCSI command 0x3c-- guessing data in;
[   78.712259]    program repro not setting count and/or reply_len properly
[   83.616076] sg_write: 454 callbacks suppressed
[   83.616091] sg_write: data in/out 3278044/1 bytes for SCSI command 0x3c-- guessing data in;
[   83.616091]    program repro not setting count and/or reply_len properly
[   83.631509] sg_write: data in/out 3278044/1 bytes for SCSI command 0x3c-- guessing data in;
[   83.631509]    program repro not setting count and/or reply_len properly
[   83.645403] sg_write: data in/out 3278044/1 bytes for SCSI command 0x3c-- guessing data in;
[   83.645403]    program repro not setting count and/or reply_len properly
[   83.656859] sg_write: data in/out 3278044/1 bytes for SCSI command 0x3c-- guessing data in;
[   83.656859]    program repro not setting count and/or reply_len properly
[   83.666515] sg_write: data in/out 3278044/1 bytes for SCSI command 0x3c-- guessing data in;
[   83.666515]    program repro not setting count and/or reply_len properly
[   83.676285] sg_write: data in/out 3278044/1 bytes for SCSI command 0x3c-- guessing data in;
[   83.676285]    program repro not setting count and/or reply_len properly
[   83.686825] sg_write: data in/out 3278044/1 bytes for SCSI command 0x3c-- guessing data in;
[   83.686825]    program repro not setting count and/or reply_len properly
[   83.698206] sg_write: data in/out 3278044/1 bytes for SCSI command 0x3c-- guessing data in;
[   83.698206]    program repro not setting count and/or reply_len properly
[   83.709119] sg_write: data in/out 3278044/1 bytes for SCSI command 0x3c-- guessing data in;
[   83.709119]    program repro not setting count and/or reply_len properly
[   83.720078] sg_write: data in/out 3278044/1 bytes for SCSI command 0x3c-- guessing data in;
[   83.720078]    program repro not setting count and/or reply_len properly
[   88.622825] sg_write: 463 callbacks suppressed
[   88.622837] sg_write: data in/out 3278044/1 bytes for SCSI command 0x3c-- guessing data in;
[   88.622837]    program repro not setting count and/or reply_len properly
[   88.633932] sg_write: data in/out 3278044/1 bytes for SCSI command 0x3c-- guessing data in;
[   88.633932]    program repro not setting count and/or reply_len properly
[   88.646391] sg_write: data in/out 3278044/1 bytes for SCSI command 0x3c-- guessing data in;
[   88.646391]    program repro not setting count and/or reply_len properly
[   88.657965] sg_write: data in/out 3278044/1 bytes for SCSI command 0x3c-- guessing data in;
[   88.657965]    program repro not setting count and/or reply_len properly
[   88.668311] sg_write: data in/out 3278044/1 bytes for SCSI command 0x3c-- guessing data in;
[   88.668311]    program repro not setting count and/or reply_len properly
[   88.680853] sg_write: data in/out 3278044/1 bytes for SCSI command 0x3c-- guessing data in;
[   88.680853]    program repro not setting count and/or reply_len properly
[   88.696073] sg_write: data in/out 3278044/1 bytes for SCSI command 0x3c-- guessing data in;
[   88.696073]    program repro not setting count and/or reply_len properly
[   88.711010] sg_write: data in/out 3278044/1 bytes for SCSI command 0x3c-- guessing data in;
[   88.711010]    program repro not setting count and/or reply_len properly
[   88.721739] sg_write: data in/out 3278044/1 bytes for SCSI command 0x3c-- guessing data in;
[   88.721739]    program repro not setting count and/or reply_len properly
[   88.732281] sg_write: data in/out 3278044/1 bytes for SCSI command 0x3c-- guessing data in;
[   88.732281]    program repro not setting count and/or reply_len properly
[   93.637089] sg_write: 429 callbacks suppressed
[   93.637131] sg_write: data in/out 3278044/1 bytes for SCSI command 0x3c-- guessing data in;
[   93.637131]    program repro not setting count and/or reply_len properly
[   93.653381] sg_write: data in/out 3278044/1 bytes for SCSI command 0x3c-- guessing data in;
[   93.653381]    program repro not setting count and/or reply_len properly
[   93.669013] sg_write: data in/out 3278044/1 bytes for SCSI command 0x3c-- guessing data in;
[   93.669013]    program repro not setting count and/or reply_len properly
[   93.684780] sg_write: data in/out 3278044/1 bytes for SCSI command 0x3c-- guessing data in;
[   93.684780]    program repro not setting count and/or reply_len properly
[   93.700598] sg_write: data in/out 3278044/1 bytes for SCSI command 0x3c-- guessing data in;
[   93.700598]    program repro not setting count and/or reply_len properly
[   93.716595] sg_write: data in/out 3278044/1 bytes for SCSI command 0x3c-- guessing data in;
[   93.716595]    program repro not setting count and/or reply_len properly
[   93.732395] sg_write: data in/out 3278044/1 bytes for SCSI command 0x3c-- guessing data in;
[   93.732395]    program repro not setting count and/or reply_len properly
[   93.747847] sg_write: data in/out 3278044/1 bytes for SCSI command 0x3c-- guessing data in;
[   93.747847]    program repro not setting count and/or reply_len properly
[   93.763370] sg_write: data in/out 3278044/1 bytes for SCSI command 0x3c-- guessing data in;
[   93.763370]    program repro not setting count and/or reply_len properly
[   93.778794] sg_write: data in/out 3278044/1 bytes for SCSI command 0x3c-- guessing data in;
[   93.778794]    program repro not setting count and/or reply_len properly
[   98.640429] sg_write: 459 callbacks suppressed
[   98.640441] sg_write: data in/out 3278044/1 bytes for SCSI command 0x3c-- guessing data in;
[   98.640441]    program repro not setting count and/or reply_len properly
[   98.651252] sg_write: data in/out 3278044/1 bytes for SCSI command 0x3c-- guessing data in;
[   98.651252]    program repro not setting count and/or reply_len properly
[   98.661448] sg_write: data in/out 3278044/1 bytes for SCSI command 0x3c-- guessing data in;
[   98.661448]    program repro not setting count and/or reply_len properly
[   98.672035] sg_write: data in/out 3278044/1 bytes for SCSI command 0x3c-- guessing data in;
[   98.672035]    program repro not setting count and/or reply_len properly
[   98.682469] sg_write: data in/out 3278044/1 bytes for SCSI command 0x3c-- guessing data in;
[   98.682469]    program repro not setting count and/or reply_len properly
[   98.692710] sg_write: data in/out 3278044/1 bytes for SCSI command 0x3c-- guessing data in;
[   98.692710]    program repro not setting count and/or reply_len properly
[   98.703131] sg_write: data in/out 3278044/1 bytes for SCSI command 0x3c-- guessing data in;
[   98.703131]    program repro not setting count and/or reply_len properly
[   98.713670] sg_write: data in/out 3278044/1 bytes for SCSI command 0x3c-- guessing data in;
[   98.713670]    program repro not setting count and/or reply_len properly
[   98.724060] sg_write: data in/out 3278044/1 bytes for SCSI command 0x3c-- guessing data in;
[   98.724060]    program repro not setting count and/or reply_len properly
[   98.734466] sg_write: data in/out 3278044/1 bytes for SCSI command 0x3c-- guessing data in;
[   98.734466]    program repro not setting count and/or reply_len properly
[  103.648267] sg_write: 536 callbacks suppressed
[  103.648280] sg_write: data in/out 3278044/1 bytes for SCSI command 0x3c-- guessing data in;
[  103.648280]    program repro not setting count and/or reply_len properly
[  103.658997] sg_write: data in/out 3278044/1 bytes for SCSI command 0x3c-- guessing data in;
[  103.658997]    program repro not setting count and/or reply_len properly
[  103.669055] sg_write: data in/out 3278044/1 bytes for SCSI command 0x3c-- guessing data in;
[  103.669055]    program repro not setting count and/or reply_len properly
[  103.679338] sg_write: data in/out 3278044/1 bytes for SCSI command 0x3c-- guessing data in;
[  103.679338]    program repro not setting count and/or reply_len properly
[  103.689883] sg_write: data in/out 3278044/1 bytes for SCSI command 0x3c-- guessing data in;
[  103.689883]    program repro not setting count and/or reply_len properly
[  103.700099] sg_write: data in/out 3278044/1 bytes for SCSI command 0x3c-- guessing data in;
[  103.700099]    program repro not setting count and/or reply_len properly
[  103.710302] sg_write: data in/out 3278044/1 bytes for SCSI command 0x3c-- guessing data in;
[  103.710302]    program repro not setting count and/or reply_len properly
[  103.720513] sg_write: data in/out 3278044/1 bytes for SCSI command 0x3c-- guessing data in;
[  103.720513]    program repro not setting count and/or reply_len properly
[  103.730503] sg_write: data in/out 3278044/1 bytes for SCSI command 0x3c-- guessing data in;
[  103.730503]    program repro not setting count and/or reply_len properly
[  103.740476] sg_write: data in/out 3278044/1 bytes for SCSI command 0x3c-- guessing data in;
[  103.740476]    program repro not setting count and/or reply_len properly
[  108.652638] sg_write: 445 callbacks suppressed
[  108.652653] sg_write: data in/out 3278044/1 bytes for SCSI command 0x3c-- guessing data in;
[  108.652653]    program repro not setting count and/or reply_len properly
[  108.663697] sg_write: data in/out 3278044/1 bytes for SCSI command 0x3c-- guessing data in;
[  108.663697]    program repro not setting count and/or reply_len properly
[  108.674258] sg_write: data in/out 3278044/1 bytes for SCSI command 0x3c-- guessing data in;
[  108.674258]    program repro not setting count and/or reply_len properly
[  108.684788] sg_write: data in/out 3278044/1 bytes for SCSI command 0x3c-- guessing data in;
[  108.684788]    program repro not setting count and/or reply_len properly
[  108.695659] sg_write: data in/out 3278044/1 bytes for SCSI command 0x3c-- guessing data in;
[  108.695659]    program repro not setting count and/or reply_len properly
[  108.706229] sg_write: data in/out 3278044/1 bytes for SCSI command 0x3c-- guessing data in;
[  108.706229]    program repro not setting count and/or reply_len properly
[  108.716985] sg_write: data in/out 3278044/1 bytes for SCSI command 0x3c-- guessing data in;
[  108.716985]    program repro not setting count and/or reply_len properly
[  108.727502] sg_write: data in/out 3278044/1 bytes for SCSI command 0x3c-- guessing data in;
[  108.727502]    program repro not setting count and/or reply_len properly
[  108.738424] sg_write: data in/out 3278044/1 bytes for SCSI command 0x3c-- guessing data in;
[  108.738424]    program repro not setting count and/or reply_len properly
[  108.749158] sg_write: data in/out 3278044/1 bytes for SCSI command 0x3c-- guessing data in;
[  108.749158]    program repro not setting count and/or reply_len properly
[  113.655525] sg_write: 466 callbacks suppressed
[  113.655545] sg_write: data in/out 3278044/1 bytes for SCSI command 0x3c-- guessing data in;
[  113.655545]    program repro not setting count and/or reply_len properly
[  113.665897] sg_write: data in/out 3278044/1 bytes for SCSI command 0x3c-- guessing data in;
[  113.665897]    program repro not setting count and/or reply_len properly
[  113.675815] sg_write: data in/out 3278044/1 bytes for SCSI command 0x3c-- guessing data in;
[  113.675815]    program repro not setting count and/or reply_len properly
[  113.685898] sg_write: data in/out 3278044/1 bytes for SCSI command 0x3c-- guessing data in;
[  113.685898]    program repro not setting count and/or reply_len properly
[  113.695782] sg_write: data in/out 3278044/1 bytes for SCSI command 0x3c-- guessing data in;
[  113.695782]    program repro not setting count and/or reply_len properly
[  113.705847] sg_write: data in/out 3278044/1 bytes for SCSI command 0x3c-- guessing data in;
[  113.705847]    program repro not setting count and/or reply_len properly
[  113.715575] sg_write: data in/out 3278044/1 bytes for SCSI command 0x3c-- guessing data in;
[  113.715575]    program repro not setting count and/or reply_len properly
[  113.725606] sg_write: data in/out 3278044/1 bytes for SCSI command 0x3c-- guessing data in;
[  113.725606]    program repro not setting count and/or reply_len properly
[  113.735609] sg_write: data in/out 3278044/1 bytes for SCSI command 0x3c-- guessing data in;
[  113.735609]    program repro not setting count and/or reply_len properly
[  113.745607] sg_write: data in/out 3278044/1 bytes for SCSI command 0x3c-- guessing data in;
[  113.745607]    program repro not setting count and/or reply_len properly
[  118.659691] sg_write: 495 callbacks suppressed
[  118.659705] sg_write: data in/out 3278044/1 bytes for SCSI command 0x3c-- guessing data in;
[  118.659705]    program repro not setting count and/or reply_len properly
[  118.670571] sg_write: data in/out 3278044/1 bytes for SCSI command 0x3c-- guessing data in;
[  118.670571]    program repro not setting count and/or reply_len properly
[  118.681026] sg_write: data in/out 3278044/1 bytes for SCSI command 0x3c-- guessing data in;
[  118.681026]    program repro not setting count and/or reply_len properly
[  118.691790] sg_write: data in/out 3278044/1 bytes for SCSI command 0x3c-- guessing data in;
[  118.691790]    program repro not setting count and/or reply_len properly
[  118.702653] sg_write: data in/out 3278044/1 bytes for SCSI command 0x3c-- guessing data in;
[  118.702653]    program repro not setting count and/or reply_len properly
[  118.713350] sg_write: data in/out 3278044/1 bytes for SCSI command 0x3c-- guessing data in;
[  118.713350]    program repro not setting count and/or reply_len properly
[  118.724161] sg_write: data in/out 3278044/1 bytes for SCSI command 0x3c-- guessing data in;
[  118.724161]    program repro not setting count and/or reply_len properly
[  118.734463] sg_write: data in/out 3278044/1 bytes for SCSI command 0x3c-- guessing data in;
[  118.734463]    program repro not setting count and/or reply_len properly
[  118.745010] sg_write: data in/out 3278044/1 bytes for SCSI command 0x3c-- guessing data in;
[  118.745010]    program repro not setting count and/or reply_len properly
[  118.755439] sg_write: data in/out 3278044/1 bytes for SCSI command 0x3c-- guessing data in;
[  118.755439]    program repro not setting count and/or reply_len properly
[  123.672405] sg_write: 448 callbacks suppressed
[  123.672423] sg_write: data in/out 3278044/1 bytes for SCSI command 0x3c-- guessing data in;
[  123.672423]    program repro not setting count and/or reply_len properly
[  123.686371] sg_write: data in/out 3278044/1 bytes for SCSI command 0x3c-- guessing data in;
[  123.686371]    program repro not setting count and/or reply_len properly
[  123.696762] sg_write: data in/out 3278044/1 bytes for SCSI command 0x3c-- guessing data in;
[  123.696762]    program repro not setting count and/or reply_len properly
[  123.707030] sg_write: data in/out 3278044/1 bytes for SCSI command 0x3c-- guessing data in;
[  123.707030]    program repro not setting count and/or reply_len properly
[  123.717504] sg_write: data in/out 3278044/1 bytes for SCSI command 0x3c-- guessing data in;
[  123.717504]    program repro not setting count and/or reply_len properly
[  123.728102] sg_write: data in/out 3278044/1 bytes for SCSI command 0x3c-- guessing data in;
[  123.728102]    program repro not setting count and/or reply_len properly
[  123.739223] sg_write: data in/out 3278044/1 bytes for SCSI command 0x3c-- guessing data in;
[  123.739223]    program repro not setting count and/or reply_len properly
[  123.749982] sg_write: data in/out 3278044/1 bytes for SCSI command 0x3c-- guessing data in;
[  123.749982]    program repro not setting count and/or reply_len properly
[  123.760368] sg_write: data in/out 3278044/1 bytes for SCSI command 0x3c-- guessing data in;
[  123.760368]    program repro not setting count and/or reply_len properly
[  123.771070] sg_write: data in/out 3278044/1 bytes for SCSI command 0x3c-- guessing data in;
[  123.771070]    program repro not setting count and/or reply_len properly
[  128.675349] sg_write: 470 callbacks suppressed
[  128.675361] sg_write: data in/out 3278044/1 bytes for SCSI command 0x3c-- guessing data in;
[  128.675361]    program repro not setting count and/or reply_len properly
[  128.685092] sg_write: data in/out 3278044/1 bytes for SCSI command 0x3c-- guessing data in;
[  128.685092]    program repro not setting count and/or reply_len properly
[  128.694748] sg_write: data in/out 3278044/1 bytes for SCSI command 0x3c-- guessing data in;
[  128.694748]    program repro not setting count and/or reply_len properly
[  128.704350] sg_write: data in/out 3278044/1 bytes for SCSI command 0x3c-- guessing data in;
[  128.704350]    program repro not setting count and/or reply_len properly
[  128.714156] sg_write: data in/out 3278044/1 bytes for SCSI command 0x3c-- guessing data in;
[  128.714156]    program repro not setting count and/or reply_len properly
[  128.723910] sg_write: data in/out 3278044/1 bytes for SCSI command 0x3c-- guessing data in;
[  128.723910]    program repro not setting count and/or reply_len properly
[  128.733893] sg_write: data in/out 3278044/1 bytes for SCSI command 0x3c-- guessing data in;
[  128.733893]    program repro not setting count and/or reply_len properly
[  128.743186] sg_write: data in/out 3278044/1 bytes for SCSI command 0x3c-- guessing data in;
[  128.743186]    program repro not setting count and/or reply_len properly
[  128.752445] sg_write: data in/out 3278044/1 bytes for SCSI command 0x3c-- guessing data in;
[  128.752445]    program repro not setting count and/or reply_len properly
[  128.761859] sg_write: data in/out 3278044/1 bytes for SCSI command 0x3c-- guessing data in;
[  128.761859]    program repro not setting count and/or reply_len properly
[  133.682361] sg_write: 475 callbacks suppressed
[  133.682372] sg_write: data in/out 3278044/1 bytes for SCSI command 0x3c-- guessing data in;
[  133.682372]    program repro not setting count and/or reply_len properly
[  133.691854] sg_write: data in/out 3278044/1 bytes for SCSI command 0x3c-- guessing data in;
[  133.691854]    program repro not setting count and/or reply_len properly
[  133.703111] sg_write: data in/out 3278044/1 bytes for SCSI command 0x3c-- guessing data in;
[  133.703111]    program repro not setting count and/or reply_len properly
[  133.717761] sg_write: data in/out 3278044/1 bytes for SCSI command 0x3c-- guessing data in;
[  133.717761]    program repro not setting count and/or reply_len properly
[  133.731181] sg_write: data in/out 3278044/1 bytes for SCSI command 0x3c-- guessing data in;
[  133.731181]    program repro not setting count and/or reply_len properly
[  133.740540] sg_write: data in/out 3278044/1 bytes for SCSI command 0x3c-- guessing data in;
[  133.740540]    program repro not setting count and/or reply_len properly
[  133.750141] sg_write: data in/out 3278044/1 bytes for SCSI command 0x3c-- guessing data in;
[  133.750141]    program repro not setting count and/or reply_len properly
[  133.759601] sg_write: data in/out 3278044/1 bytes for SCSI command 0x3c-- guessing data in;
[  133.759601]    program repro not setting count and/or reply_len properly
[  133.769345] sg_write: data in/out 3278044/1 bytes for SCSI command 0x3c-- guessing data in;
[  133.769345]    program repro not setting count and/or reply_len properly
[  133.778926] sg_write: data in/out 3278044/1 bytes for SCSI command 0x3c-- guessing data in;
[  133.778926]    program repro not setting count and/or reply_len properly
[  138.688885] sg_write: 538 callbacks suppressed
[  138.688897] sg_write: data in/out 3278044/1 bytes for SCSI command 0x3c-- guessing data in;
[  138.688897]    program repro not setting count and/or reply_len properly
[  138.699101] sg_write: data in/out 3278044/1 bytes for SCSI command 0x3c-- guessing data in;
[  138.699101]    program repro not setting count and/or reply_len properly
[  138.708754] sg_write: data in/out 3278044/1 bytes for SCSI command 0x3c-- guessing data in;
[  138.708754]    program repro not setting count and/or reply_len properly
[  138.718372] sg_write: data in/out 3278044/1 bytes for SCSI command 0x3c-- guessing data in;
[  138.718372]    program repro not setting count and/or reply_len properly
[  138.728086] sg_write: data in/out 3278044/1 bytes for SCSI command 0x3c-- guessing data in;
[  138.728086]    program repro not setting count and/or reply_len properly
[  138.737840] sg_write: data in/out 3278044/1 bytes for SCSI command 0x3c-- guessing data in;
[  138.737840]    program repro not setting count and/or reply_len properly
[  138.747424] sg_write: data in/out 3278044/1 bytes for SCSI command 0x3c-- guessing data in;
[  138.747424]    program repro not setting count and/or reply_len properly
[  138.757140] sg_write: data in/out 3278044/1 bytes for SCSI command 0x3c-- guessing data in;
[  138.757140]    program repro not setting count and/or reply_len properly
[  138.766785] sg_write: data in/out 3278044/1 bytes for SCSI command 0x3c-- guessing data in;
[  138.766785]    program repro not setting count and/or reply_len properly
[  138.776300] sg_write: data in/out 3278044/1 bytes for SCSI command 0x3c-- guessing data in;
[  138.776300]    program repro not setting count and/or reply_len properly
[  143.703817] sg_write: 493 callbacks suppressed
[  143.703835] sg_write: data in/out 3278044/1 bytes for SCSI command 0x3c-- guessing data in;
[  143.703835]    program repro not setting count and/or reply_len properly
[  143.720692] sg_write: data in/out 3278044/1 bytes for SCSI command 0x3c-- guessing data in;
[  143.720692]    program repro not setting count and/or reply_len properly
[  143.736344] sg_write: data in/out 3278044/1 bytes for SCSI command 0x3c-- guessing data in;
[  143.736344]    program repro not setting count and/or reply_len properly
[  143.752626] sg_write: data in/out 3278044/1 bytes for SCSI command 0x3c-- guessing data in;
[  143.752626]    program repro not setting count and/or reply_len properly
[  143.768328] sg_write: data in/out 3278044/1 bytes for SCSI command 0x3c-- guessing data in;
[  143.768328]    program repro not setting count and/or reply_len properly
[  143.782619] sg_write: data in/out 3278044/1 bytes for SCSI command 0x3c-- guessing data in;
[  143.782619]    program repro not setting count and/or reply_len properly
[  143.792321] sg_write: data in/out 3278044/1 bytes for SCSI command 0x3c-- guessing data in;
[  143.792321]    program repro not setting count and/or reply_len properly
[  143.801980] sg_write: data in/out 3278044/1 bytes for SCSI command 0x3c-- guessing data in;
[  143.801980]    program repro not setting count and/or reply_len properly
[  143.811632] sg_write: data in/out 3278044/1 bytes for SCSI command 0x3c-- guessing data in;
[  143.811632]    program repro not setting count and/or reply_len properly
[  143.821418] sg_write: data in/out 3278044/1 bytes for SCSI command 0x3c-- guessing data in;
[  143.821418]    program repro not setting count and/or reply_len properly
[  148.708146] sg_write: 349 callbacks suppressed
[  148.708166] sg_write: data in/out 3278044/1 bytes for SCSI command 0x3c-- guessing data in;
[  148.708166]    program repro not setting count and/or reply_len properly
[  148.726371] sg_write: data in/out 3278044/1 bytes for SCSI command 0x3c-- guessing data in;
[  148.726371]    program repro not setting count and/or reply_len properly
[  148.743597] sg_write: data in/out 3278044/1 bytes for SCSI command 0x3c-- guessing data in;
[  148.743597]    program repro not setting count and/or reply_len properly
[  148.760423] sg_write: data in/out 3278044/1 bytes for SCSI command 0x3c-- guessing data in;
[  148.760423]    program repro not setting count and/or reply_len properly
[  148.777458] sg_write: data in/out 3278044/1 bytes for SCSI command 0x3c-- guessing data in;
[  148.777458]    program repro not setting count and/or reply_len properly
[  148.794627] sg_write: data in/out 3278044/1 bytes for SCSI command 0x3c-- guessing data in;
[  148.794627]    program repro not setting count and/or reply_len properly
[  148.811919] sg_write: data in/out 3278044/1 bytes for SCSI command 0x3c-- guessing data in;
[  148.811919]    program repro not setting count and/or reply_len properly
[  148.829575] sg_write: data in/out 3278044/1 bytes for SCSI command 0x3c-- guessing data in;
[  148.829575]    program repro not setting count and/or reply_len properly
[  148.846317] sg_write: data in/out 3278044/1 bytes for SCSI command 0x3c-- guessing data in;
[  148.846317]    program repro not setting count and/or reply_len properly
[  148.862964] sg_write: data in/out 3278044/1 bytes for SCSI command 0x3c-- guessing data in;
[  148.862964]    program repro not setting count and/or reply_len properly
[  153.723416] sg_write: 340 callbacks suppressed
[  153.723437] sg_write: data in/out 3278044/1 bytes for SCSI command 0x3c-- guessing data in;
[  153.723437]    program repro not setting count and/or reply_len properly
[  153.741032] sg_write: data in/out 3278044/1 bytes for SCSI command 0x3c-- guessing data in;
[  153.741032]    program repro not setting count and/or reply_len properly
[  153.758389] sg_write: data in/out 3278044/1 bytes for SCSI command 0x3c-- guessing data in;
[  153.758389]    program repro not setting count and/or reply_len properly
[  153.775191] sg_write: data in/out 3278044/1 bytes for SCSI command 0x3c-- guessing data in;
[  153.775191]    program repro not setting count and/or reply_len properly
[  153.791773] sg_write: data in/out 3278044/1 bytes for SCSI command 0x3c-- guessing data in;
[  153.791773]    program repro not setting count and/or reply_len properly
[  153.808176] sg_write: data in/out 3278044/1 bytes for SCSI command 0x3c-- guessing data in;
[  153.808176]    program repro not setting count and/or reply_len properly
[  153.825484] sg_write: data in/out 3278044/1 bytes for SCSI command 0x3c-- guessing data in;
[  153.825484]    program repro not setting count and/or reply_len properly
[  153.842932] sg_write: data in/out 3278044/1 bytes for SCSI command 0x3c-- guessing data in;
[  153.842932]    program repro not setting count and/or reply_len properly
[  153.860108] sg_write: data in/out 3278044/1 bytes for SCSI command 0x3c-- guessing data in;
[  153.860108]    program repro not setting count and/or reply_len properly
[  153.877137] sg_write: data in/out 3278044/1 bytes for SCSI command 0x3c-- guessing data in;
[  153.877137]    program repro not setting count and/or reply_len properly
[  158.728246] sg_write: 434 callbacks suppressed
[  158.728264] sg_write: data in/out 3278044/1 bytes for SCSI command 0x3c-- guessing data in;
[  158.728264]    program repro not setting count and/or reply_len properly
[  158.743578] sg_write: data in/out 3278044/1 bytes for SCSI command 0x3c-- guessing data in;
[  158.743578]    program repro not setting count and/or reply_len properly
[  158.758749] sg_write: data in/out 3278044/1 bytes for SCSI command 0x3c-- guessing data in;
[  158.758749]    program repro not setting count and/or reply_len properly
[  158.774131] sg_write: data in/out 3278044/1 bytes for SCSI command 0x3c-- guessing data in;
[  158.774131]    program repro not setting count and/or reply_len properly
[  158.789889] sg_write: data in/out 3278044/1 bytes for SCSI command 0x3c-- guessing data in;
[  158.789889]    program repro not setting count and/or reply_len properly
[  158.805409] sg_write: data in/out 3278044/1 bytes for SCSI command 0x3c-- guessing data in;
[  158.805409]    program repro not setting count and/or reply_len properly
[  158.819494] sg_write: data in/out 3278044/1 bytes for SCSI command 0x3c-- guessing data in;
[  158.819494]    program repro not setting count and/or reply_len properly
[  158.829281] sg_write: data in/out 3278044/1 bytes for SCSI command 0x3c-- guessing data in;
[  158.829281]    program repro not setting count and/or reply_len properly
[  158.839220] sg_write: data in/out 3278044/1 bytes for SCSI command 0x3c-- guessing data in;
[  158.839220]    program repro not setting count and/or reply_len properly
[  158.849309] sg_write: data in/out 3278044/1 bytes for SCSI command 0x3c-- guessing data in;
[  158.849309]    program repro not setting count and/or reply_len properly
[  163.744321] sg_write: 413 callbacks suppressed
[  163.744340] sg_write: data in/out 3278044/1 bytes for SCSI command 0x3c-- guessing data in;
[  163.744340]    program repro not setting count and/or reply_len properly
[  163.760472] sg_write: data in/out 3278044/1 bytes for SCSI command 0x3c-- guessing data in;
[  163.760472]    program repro not setting count and/or reply_len properly
[  163.777417] sg_write: data in/out 3278044/1 bytes for SCSI command 0x3c-- guessing data in;
[  163.777417]    program repro not setting count and/or reply_len properly
[  163.793940] sg_write: data in/out 3278044/1 bytes for SCSI command 0x3c-- guessing data in;
[  163.793940]    program repro not setting count and/or reply_len properly
[  163.810407] sg_write: data in/out 3278044/1 bytes for SCSI command 0x3c-- guessing data in;
[  163.810407]    program repro not setting count and/or reply_len properly
[  163.826766] sg_write: data in/out 3278044/1 bytes for SCSI command 0x3c-- guessing data in;
[  163.826766]    program repro not setting count and/or reply_len properly
[  163.842891] sg_write: data in/out 3278044/1 bytes for SCSI command 0x3c-- guessing data in;
[  163.842891]    program repro not setting count and/or reply_len properly
[  163.859322] sg_write: data in/out 3278044/1 bytes for SCSI command 0x3c-- guessing data in;
[  163.859322]    program repro not setting count and/or reply_len properly
[  163.873633] sg_write: data in/out 3278044/1 bytes for SCSI command 0x3c-- guessing data in;
[  163.873633]    program repro not setting count and/or reply_len properly
[  163.885733] sg_write: data in/out 3278044/1 bytes for SCSI command 0x3c-- guessing data in;
[  163.885733]    program repro not setting count and/or reply_len properly
[  168.755299] sg_write: 412 callbacks suppressed
[  168.755313] sg_write: data in/out 3278044/1 bytes for SCSI command 0x3c-- guessing data in;
[  168.755313]    program repro not setting count and/or reply_len properly
[  168.767735] sg_write: data in/out 3278044/1 bytes for SCSI command 0x3c-- guessing data in;
[  168.767735]    program repro not setting count and/or reply_len properly
[  168.779133] sg_write: data in/out 3278044/1 bytes for SCSI command 0x3c-- guessing data in;
[  168.779133]    program repro not setting count and/or reply_len properly
[  168.790691] sg_write: data in/out 3278044/1 bytes for SCSI command 0x3c-- guessing data in;
[  168.790691]    program repro not setting count and/or reply_len properly
[  168.802501] sg_write: data in/out 3278044/1 bytes for SCSI command 0x3c-- guessing data in;
[  168.802501]    program repro not setting count and/or reply_len properly
[  168.814567] sg_write: data in/out 3278044/1 bytes for SCSI command 0x3c-- guessing data in;
[  168.814567]    program repro not setting count and/or reply_len properly
[  168.826525] sg_write: data in/out 3278044/1 bytes for SCSI command 0x3c-- guessing data in;
[  168.826525]    program repro not setting count and/or reply_len properly
[  168.838848] sg_write: data in/out 3278044/1 bytes for SCSI command 0x3c-- guessing data in;
[  168.838848]    program repro not setting count and/or reply_len properly
[  168.851201] sg_write: data in/out 3278044/1 bytes for SCSI command 0x3c-- guessing data in;
[  168.851201]    program repro not setting count and/or reply_len properly
[  168.863445] sg_write: data in/out 3278044/1 bytes for SCSI command 0x3c-- guessing data in;
[  168.863445]    program repro not setting count and/or reply_len properly
[  173.763299] sg_write: 465 callbacks suppressed
[  173.763312] sg_write: data in/out 3278044/1 bytes for SCSI command 0x3c-- guessing data in;
[  173.763312]    program repro not setting count and/or reply_len properly
[  173.774095] sg_write: data in/out 3278044/1 bytes for SCSI command 0x3c-- guessing data in;
[  173.774095]    program repro not setting count and/or reply_len properly
[  173.784750] sg_write: data in/out 3278044/1 bytes for SCSI command 0x3c-- guessing data in;
[  173.784750]    program repro not setting count and/or reply_len properly
[  173.795442] sg_write: data in/out 3278044/1 bytes for SCSI command 0x3c-- guessing data in;
[  173.795442]    program repro not setting count and/or reply_len properly
[  173.805827] sg_write: data in/out 3278044/1 bytes for SCSI command 0x3c-- guessing data in;
[  173.805827]    program repro not setting count and/or reply_len properly
[  173.815957] sg_write: data in/out 3278044/1 bytes for SCSI command 0x3c-- guessing data in;
[  173.815957]    program repro not setting count and/or reply_len properly
[  173.826516] sg_write: data in/out 3278044/1 bytes for SCSI command 0x3c-- guessing data in;
[  173.826516]    program repro not setting count and/or reply_len properly
[  173.836904] sg_write: data in/out 3278044/1 bytes for SCSI command 0x3c-- guessing data in;
[  173.836904]    program repro not setting count and/or reply_len properly
[  173.849287] sg_write: data in/out 3278044/1 bytes for SCSI command 0x3c-- guessing data in;
[  173.849287]    program repro not setting count and/or reply_len properly
[  173.865103] sg_write: data in/out 3278044/1 bytes for SCSI command 0x3c-- guessing data in;
[  173.865103]    program repro not setting count and/or reply_len properly
