c[?7l[2J[0mSeaBIOS (version rel-1.16.0-0-gd239552ce722-prebuilt.qemu.org)


iPXE (http://ipxe.org) 00:03.0 CA00 PCI2.10 PnP PMM+7FF91000+7FEF1000 CA00
Press Ctrl-B to configure iPXE (PCI 00:03.0)...                                                                               


Booting from ROM...
c[?7l[2J[    0.000000] Linux version 5.16.0-e1a7aa25ff45+ (root@p-tglh01.sh.intel.com) (gcc (GCC) 8.5.0 20210514 (Red Hat 8.5.0-17), GNU ld version 2.36.1-2.el8) #1 SMP PREEMPT Tue Dec 27 12:00:22 CST 2022
[    0.000000] Command line: console=ttyS0 root=/dev/sda earlyprintk=serial net.ifnames=0
[    0.000000] KERNEL supported cpus:
[    0.000000]   Intel GenuineIntel
[    0.000000]   AMD AuthenticAMD
[    0.000000]   Hygon HygonGenuine
[    0.000000]   Centaur CentaurHauls
[    0.000000]   zhaoxin   Shanghai  
[    0.000000] x86/fpu: Supporting XSAVE feature 0x001: 'x87 floating point registers'
[    0.000000] x86/fpu: Supporting XSAVE feature 0x002: 'SSE registers'
[    0.000000] x86/fpu: Supporting XSAVE feature 0x004: 'AVX registers'
[    0.000000] x86/fpu: Supporting XSAVE feature 0x020: 'AVX-512 opmask'
[    0.000000] x86/fpu: Supporting XSAVE feature 0x040: 'AVX-512 Hi256'
[    0.000000] x86/fpu: Supporting XSAVE feature 0x080: 'AVX-512 ZMM_Hi256'
[    0.000000] x86/fpu: Supporting XSAVE feature 0x200: 'Protection Keys User registers'
[    0.000000] x86/fpu: xstate_offset[2]:  576, xstate_sizes[2]:  256
[    0.000000] x86/fpu: xstate_offset[5]:  832, xstate_sizes[5]:   64
[    0.000000] x86/fpu: xstate_offset[6]:  896, xstate_sizes[6]:  512
[    0.000000] x86/fpu: xstate_offset[7]: 1408, xstate_sizes[7]: 1024
[    0.000000] x86/fpu: xstate_offset[9]: 2432, xstate_sizes[9]:    8
[    0.000000] x86/fpu: Enabled xstate features 0x2e7, context size is 2440 bytes, using 'compacted' format.
[    0.000000] signal: max sigframe size: 3632
[    0.000000] BIOS-provided physical RAM map:
[    0.000000] BIOS-e820: [mem 0x0000000000000000-0x000000000009fbff] usable
[    0.000000] BIOS-e820: [mem 0x000000000009fc00-0x000000000009ffff] reserved
[    0.000000] BIOS-e820: [mem 0x00000000000f0000-0x00000000000fffff] reserved
[    0.000000] BIOS-e820: [mem 0x0000000000100000-0x000000007ffdffff] usable
[    0.000000] BIOS-e820: [mem 0x000000007ffe0000-0x000000007fffffff] reserved
[    0.000000] BIOS-e820: [mem 0x00000000feffc000-0x00000000feffffff] reserved
[    0.000000] BIOS-e820: [mem 0x00000000fffc0000-0x00000000ffffffff] reserved
[    0.000000] printk: bootconsole [earlyser0] enabled
[    0.000000] NX (Execute Disable) protection: active
[    0.000000] SMBIOS 2.8 present.
[    0.000000] DMI: QEMU Standard PC (i440FX + PIIX, 1996), BIOS rel-1.16.0-0-gd239552ce722-prebuilt.qemu.org 04/01/2014
[    0.000000] Hypervisor detected: KVM
[    0.000000] kvm-clock: Using msrs 4b564d01 and 4b564d00
[    0.000000] kvm-clock: cpu 0, msr 5601001, primary cpu clock
[    0.000005] kvm-clock: using sched offset of 482758048 cycles
[    0.000542] clocksource: kvm-clock: mask: 0xffffffffffffffff max_cycles: 0x1cd42e4dffb, max_idle_ns: 881590591483 ns
[    0.002080] tsc: Detected 3110.400 MHz processor
[    0.008796] last_pfn = 0x7ffe0 max_arch_pfn = 0x400000000
[    0.009392] x86/PAT: Configuration [0-7]: WB  WC  UC- UC  WB  WP  UC- WT  
[    0.019574] found SMP MP-table at [mem 0x000f5ba0-0x000f5baf]
[    0.020297] Using GB pages for direct mapping
[    0.022065] ACPI: Early table checksum verification disabled
[    0.022681] ACPI: RSDP 0x00000000000F59C0 000014 (v00 BOCHS )
[    0.023278] ACPI: RSDT 0x000000007FFE1951 000034 (v01 BOCHS  BXPC     00000001 BXPC 00000001)
[    0.024132] ACPI: FACP 0x000000007FFE17FD 000074 (v01 BOCHS  BXPC     00000001 BXPC 00000001)
[    0.024994] ACPI: DSDT 0x000000007FFE0040 0017BD (v01 BOCHS  BXPC     00000001 BXPC 00000001)
[    0.025878] ACPI: FACS 0x000000007FFE0000 000040
[    0.026345] ACPI: APIC 0x000000007FFE1871 000080 (v01 BOCHS  BXPC     00000001 BXPC 00000001)
[    0.027182] ACPI: HPET 0x000000007FFE18F1 000038 (v01 BOCHS  BXPC     00000001 BXPC 00000001)
[    0.028013] ACPI: WAET 0x000000007FFE1929 000028 (v01 BOCHS  BXPC     00000001 BXPC 00000001)
[    0.028850] ACPI: Reserving FACP table memory at [mem 0x7ffe17fd-0x7ffe1870]
[    0.029534] ACPI: Reserving DSDT table memory at [mem 0x7ffe0040-0x7ffe17fc]
[    0.030215] ACPI: Reserving FACS table memory at [mem 0x7ffe0000-0x7ffe003f]
[    0.030897] ACPI: Reserving APIC table memory at [mem 0x7ffe1871-0x7ffe18f0]
[    0.031591] ACPI: Reserving HPET table memory at [mem 0x7ffe18f1-0x7ffe1928]
[    0.032297] ACPI: Reserving WAET table memory at [mem 0x7ffe1929-0x7ffe1950]
[    0.033323] ACPI: CEDT not present
[    0.034214] No NUMA configuration found
[    0.034586] Faking a node at [mem 0x0000000000000000-0x000000007ffdffff]
[    0.035303] NODE_DATA(0) allocated [mem 0x7ffb5000-0x7ffdffff]
[    0.039516] Zone ranges:
[    0.039770]   DMA      [mem 0x0000000000001000-0x0000000000ffffff]
[    0.040379]   DMA32    [mem 0x0000000001000000-0x000000007ffdffff]
[    0.040988]   Normal   empty
[    0.041272]   Device   empty
[    0.041559] Movable zone start for each node
[    0.041973] Early memory node ranges
[    0.042319]   node   0: [mem 0x0000000000001000-0x000000000009efff]
[    0.042934]   node   0: [mem 0x0000000000100000-0x000000007ffdffff]
[    0.043543] Initmem setup node 0 [mem 0x0000000000001000-0x000000007ffdffff]
[    0.044929] On node 0, zone DMA: 1 pages in unavailable ranges
[    0.045125] On node 0, zone DMA: 97 pages in unavailable ranges
[    0.092716] On node 0, zone DMA32: 32 pages in unavailable ranges
[    0.093693] ACPI: PM-Timer IO Port: 0x608
[    0.094742] ACPI: LAPIC_NMI (acpi_id[0xff] dfl dfl lint[0x1])
[    0.095438] IOAPIC[0]: apic_id 0, version 17, address 0xfec00000, GSI 0-23
[    0.096165] ACPI: INT_SRC_OVR (bus 0 bus_irq 0 global_irq 2 dfl dfl)
[    0.096827] ACPI: INT_SRC_OVR (bus 0 bus_irq 5 global_irq 5 high level)
[    0.097472] ACPI: INT_SRC_OVR (bus 0 bus_irq 9 global_irq 9 high level)
[    0.098121] ACPI: INT_SRC_OVR (bus 0 bus_irq 10 global_irq 10 high level)
[    0.098782] ACPI: INT_SRC_OVR (bus 0 bus_irq 11 global_irq 11 high level)
[    0.099455] ACPI: Using ACPI (MADT) for SMP configuration information
[    0.100092] ACPI: HPET id: 0x8086a201 base: 0xfed00000
[    0.100613] TSC deadline timer available
[    0.100998] smpboot: Allowing 2 CPUs, 0 hotplug CPUs
[    0.101596] kvm-guest: KVM setup pv remote TLB flush
[    0.102083] kvm-guest: setup PV sched yield
[    0.102570] PM: hibernation: Registered nosave memory: [mem 0x00000000-0x00000fff]
[    0.103314] PM: hibernation: Registered nosave memory: [mem 0x0009f000-0x0009ffff]
[    0.104066] PM: hibernation: Registered nosave memory: [mem 0x000a0000-0x000effff]
[    0.104825] PM: hibernation: Registered nosave memory: [mem 0x000f0000-0x000fffff]
[    0.105589] [mem 0x80000000-0xfeffbfff] available for PCI devices
[    0.106179] Booting paravirtualized kernel on KVM
[    0.106665] clocksource: refined-jiffies: mask: 0xffffffff max_cycles: 0xffffffff, max_idle_ns: 7645519600211568 ns
[    0.107702] setup_percpu: NR_CPUS:8192 nr_cpumask_bits:2 nr_cpu_ids:2 nr_node_ids:1
[    0.110642] percpu: Embedded 63 pages/cpu s221184 r8192 d28672 u1048576
[    0.111559] kvm-guest: setup async PF for cpu 0
[    0.111997] kvm-guest: stealtime: cpu 0, msr 7dc35080
[    0.112504] kvm-guest: PV spinlocks enabled
[    0.112919] PV qspinlock hash table entries: 256 (order: 0, 4096 bytes, linear)
[    0.113682] Fallback order for Node 0: 0 
[    0.114100] Built 1 zonelists, mobility grouping on.  Total pages: 515808
[    0.114796] Policy zone: DMA32
[    0.115111] Kernel command line: net.ifnames=0 console=ttyS0 root=/dev/sda earlyprintk=serial net.ifnames=0
[    0.118687] Dentry cache hash table entries: 262144 (order: 9, 2097152 bytes, linear)
[    0.120254] Inode-cache hash table entries: 131072 (order: 8, 1048576 bytes, linear)
[    0.121162] mem auto-init: stack:off, heap alloc:off, heap free:off
[    0.125674] Memory: 1985392K/2096632K available (32783K kernel code, 5318K rwdata, 7868K rodata, 3168K init, 22012K bss, 110984K reserved, 0K cma-reserved)
[    0.127040] random: get_random_u64 called from __kmem_cache_create+0x2f/0x4e0 with crng_init=0
[    0.127843] SLUB: HWalign=64, Order=0-3, MinObjects=0, CPUs=2, Nodes=1
[    0.129258] kmemleak: Kernel memory leak detector disabled
[    0.129826] ftrace: allocating 65785 entries in 257 pages
[    0.227410] ftrace: allocated 257 pages with 2 groups
[    0.231440] Dynamic Preempt: voluntary
[    0.231950] Running RCU self tests
[    0.232264] rcu: Preemptible hierarchical RCU implementation.
[    0.232768] rcu: 	RCU lockdep checking is enabled.
[    0.233184] rcu: 	RCU restricting CPUs from NR_CPUS=8192 to nr_cpu_ids=2.
[    0.233775] 	Trampoline variant of Tasks RCU enabled.
[    0.234218] 	Rude variant of Tasks RCU enabled.
[    0.234615] 	Tracing variant of Tasks RCU enabled.
[    0.235035] rcu: RCU calculated value of scheduler-enlistment delay is 25 jiffies.
[    0.235717] rcu: Adjusting geometry for rcu_fanout_leaf=16, nr_cpu_ids=2
[    0.258947] NR_IRQS: 524544, nr_irqs: 440, preallocated irqs: 16
[    0.267918] Console: colour VGA+ 80x25
[    0.268355] printk: console [ttyS0] enabled
[    0.268355] printk: console [ttyS0] enabled
[    0.269110] printk: bootconsole [earlyser0] disabled
[    0.269110] printk: bootconsole [earlyser0] disabled
[    0.269998] Lock dependency validator: Copyright (c) 2006 Red Hat, Inc., Ingo Molnar
[    0.270694] ... MAX_LOCKDEP_SUBCLASSES:  8
[    0.271091] ... MAX_LOCK_DEPTH:          48
[    0.271478] ... MAX_LOCKDEP_KEYS:        8192
[    0.271871] ... CLASSHASH_SIZE:          4096
[    0.272274] ... MAX_LOCKDEP_ENTRIES:     32768
[    0.272680] ... MAX_LOCKDEP_CHAINS:      65536
[    0.273085] ... CHAINHASH_SIZE:          32768
[    0.273492]  memory used by lock dependency info: 6365 kB
[    0.273982]  memory used for stack traces: 4224 kB
[    0.274418]  per task-struct memory footprint: 1920 bytes
[    0.274950] ACPI: Core revision 20211217
[    0.275563] clocksource: hpet: mask: 0xffffffff max_cycles: 0xffffffff, max_idle_ns: 19112604467 ns
[    0.276529] APIC: Switch to symmetric I/O mode setup
[    0.277188] x2apic enabled
[    0.277647] Switched APIC routing to physical x2apic.
[    0.278112] kvm-guest: setup PV IPIs
[    0.279414] ..TIMER: vector=0x30 apic1=0 pin1=2 apic2=-1 pin2=-1
[    0.279984] clocksource: tsc-early: mask: 0xffffffffffffffff max_cycles: 0x2cd5a8bb032, max_idle_ns: 440795365915 ns
[    0.280988] Calibrating delay loop (skipped) preset value.. 6220.80 BogoMIPS (lpj=12441600)
[    0.281747] pid_max: default: 32768 minimum: 301
[    0.282243] LSM: Security Framework initializing
[    0.282678] Yama: becoming mindful.
[    0.283136] Mount-cache hash table entries: 4096 (order: 3, 32768 bytes, linear)
[    0.283832] Mountpoint-cache hash table entries: 4096 (order: 3, 32768 bytes, linear)
[    0.288298] x86/cpu: User Mode Instruction Prevention (UMIP) activated
[    0.289534] Last level iTLB entries: 4KB 0, 2MB 0, 4MB 0
[    0.290066] Last level dTLB entries: 4KB 0, 2MB 0, 4MB 0, 1GB 0
[    0.290661] Spectre V1 : Mitigation: usercopy/swapgs barriers and __user pointer sanitization
[    0.291449] Spectre V2 : Mitigation: Enhanced IBRS
[    0.291847] Spectre V2 : Spectre v2 / SpectreRSB mitigation: Filling RSB on context switch
[    0.292545] Spectre V2 : mitigation: Enabling conditional Indirect Branch Prediction Barrier
[    0.292993] Speculative Store Bypass: Mitigation: Speculative Store Bypass disabled via prctl
[    0.339315] Freeing SMP alternatives memory: 56K
[    0.340247] smpboot: CPU0: Genuine Intel(R) CPU 0000 @ 2.20GHz (family: 0x6, model: 0x8d, stepping: 0x0)
[    0.340974] cblist_init_generic: Setting adjustable number of callback queues.
[    0.340974] cblist_init_generic: Setting shift to 1 and lim to 1.
[    0.340974] cblist_init_generic: Setting shift to 1 and lim to 1.
[    0.340974] cblist_init_generic: Setting shift to 1 and lim to 1.
[    0.340974] Running RCU-tasks wait API self tests
[    0.445193] Performance Events: Icelake events, full-width counters, Intel PMU driver.
[    0.445973] ... version:                2
[    0.446304] ... bit width:              48
[    0.446642] ... generic registers:      8
[    0.446971] ... value mask:             0000ffffffffffff
[    0.447418] ... max period:             00007fffffffffff
[    0.447843] ... fixed-purpose events:   3
[    0.448170] ... event mask:             00000007000000ff
[    0.449038] rcu: Hierarchical SRCU implementation.
[    0.452466] smp: Bringing up secondary CPUs ...
[    0.453481] x86: Booting SMP configuration:
[    0.453840] .... node  #0, CPUs:      #1
[    0.017124] kvm-clock: cpu 1, msr 5601041, secondary cpu clock
[    0.454650] kvm-guest: setup async PF for cpu 1
[    0.454650] kvm-guest: stealtime: cpu 1, msr 7dd35080
[    0.454650] smp: Brought up 1 node, 2 CPUs
[    0.454650] smpboot: Max logical packages: 1
[    0.454650] smpboot: Total of 2 processors activated (12441.60 BogoMIPS)
[    0.461001] Callback from call_rcu_tasks_trace() invoked.
[    0.461449] devtmpfs: initialized
[    0.461592] x86/mm: Memory block size: 128MB
[    0.465283] clocksource: jiffies: mask: 0xffffffff max_cycles: 0xffffffff, max_idle_ns: 7645041785100000 ns
[    0.466081] futex hash table entries: 512 (order: 4, 65536 bytes, linear)
[    0.466948] pinctrl core: initialized pinctrl subsystem
[    0.467991] 
[    0.468121] *************************************************************
[    0.468649] **     NOTICE NOTICE NOTICE NOTICE NOTICE NOTICE NOTICE    **
[    0.468990] **                                                         **
[    0.469522] **  IOMMU DebugFS SUPPORT HAS BEEN ENABLED IN THIS KERNEL  **
[    0.470048] **                                                         **
[    0.470592] ** This means that this kernel is built to expose internal **
[    0.471122] ** IOMMU data structures, which may compromise security on **
[    0.471660] ** your system.                                            **
[    0.472199] **                                                         **
[    0.472736] ** If you see this message and you are not debugging the   **
[    0.472980] ** kernel, report this immediately to your vendor!         **
[    0.473518] **                                                         **
[    0.474055] **     NOTICE NOTICE NOTICE NOTICE NOTICE NOTICE NOTICE    **
[    0.474594] *************************************************************
[    0.475188] PM: RTC time: 17:08:17, date: 2022-12-27
[    0.476830] NET: Registered PF_NETLINK/PF_ROUTE protocol family
[    0.477610] DMA: preallocated 256 KiB GFP_KERNEL pool for atomic allocations
[    0.478202] DMA: preallocated 256 KiB GFP_KERNEL|GFP_DMA pool for atomic allocations
[    0.478830] DMA: preallocated 256 KiB GFP_KERNEL|GFP_DMA32 pool for atomic allocations
[    0.479516] audit: initializing netlink subsys (disabled)
[    0.479975] audit: type=2000 audit(1672160898.169:1): state=initialized audit_enabled=0 res=1
[    0.479975] thermal_sys: Registered thermal governor 'fair_share'
[    0.479975] thermal_sys: Registered thermal governor 'bang_bang'
[    0.480983] thermal_sys: Registered thermal governor 'step_wise'
[    0.481486] thermal_sys: Registered thermal governor 'user_space'
[    0.482038] cpuidle: using governor ladder
[    0.482038] cpuidle: using governor menu
[    0.482431] acpiphp: ACPI Hot Plug PCI Controller Driver version: 0.5
[    0.485295] PCI: Using configuration type 1 for base access
[    0.501903] kprobes: kprobe jump-optimization is enabled. All kprobes are optimized if possible.
[    0.502638] HugeTLB registered 1.00 GiB page size, pre-allocated 0 pages
[    0.502638] HugeTLB registered 2.00 MiB page size, pre-allocated 0 pages
[    0.506980] ACPI: Added _OSI(Module Device)
[    0.506980] ACPI: Added _OSI(Processor Device)
[    0.506980] ACPI: Added _OSI(3.0 _SCP Extensions)
[    0.509018] ACPI: Added _OSI(Processor Aggregator Device)
[    0.509455] ACPI: Added _OSI(Linux-Dell-Video)
[    0.509822] ACPI: Added _OSI(Linux-Lenovo-NV-HDMI-Audio)
[    0.510249] ACPI: Added _OSI(Linux-HPI-Hybrid-Graphics)
[    0.516497] ACPI: 1 ACPI AML tables successfully acquired and loaded
[    0.520524] ACPI: Interpreter enabled
[    0.520921] ACPI: PM: (supports S0 S3 S4 S5)
[    0.520980] ACPI: Using IOAPIC for interrupt routing
[    0.521429] PCI: Using host bridge windows from ACPI; if necessary, use "pci=nocrs" and report a bug
[    0.522913] ACPI: Enabled 2 GPEs in block 00 to 0F
[    0.541424] ACPI: PCI Root Bridge [PCI0] (domain 0000 [bus 00-ff])
[    0.541962] acpi PNP0A03:00: _OSC: OS supports [ASPM ClockPM Segments MSI EDR HPX-Type3]
[    0.542611] acpi PNP0A03:00: _OSC: not requesting OS control; OS requires [ExtendedConfig ASPM ClockPM MSI]
[    0.543474] acpi PNP0A03:00: fail to add MMCONFIG information, can't access extended PCI configuration space under this bridge.
[    0.546560] acpiphp: Slot [3] registered
[    0.546963] acpiphp: Slot [4] registered
[    0.547367] acpiphp: Slot [5] registered
[    0.547761] acpiphp: Slot [6] registered
[    0.548166] acpiphp: Slot [7] registered
[    0.548572] acpiphp: Slot [8] registered
[    0.549031] Callback from call_rcu_tasks_rude() invoked.
[    0.549109] acpiphp: Slot [9] registered
[    0.549945] acpiphp: Slot [10] registered
[    0.550348] acpiphp: Slot [11] registered
[    0.550752] acpiphp: Slot [12] registered
[    0.551152] acpiphp: Slot [13] registered
[    0.551563] acpiphp: Slot [14] registered
[    0.551966] acpiphp: Slot [15] registered
[    0.552367] acpiphp: Slot [16] registered
[    0.552767] acpiphp: Slot [17] registered
[    0.553053] acpiphp: Slot [18] registered
[    0.553484] acpiphp: Slot [19] registered
[    0.553896] acpiphp: Slot [20] registered
[    0.554307] acpiphp: Slot [21] registered
[    0.554722] acpiphp: Slot [22] registered
[    0.555134] acpiphp: Slot [23] registered
[    0.555553] acpiphp: Slot [24] registered
[    0.555964] acpiphp: Slot [25] registered
[    0.556374] acpiphp: Slot [26] registered
[    0.556785] acpiphp: Slot [27] registered
[    0.557054] acpiphp: Slot [28] registered
[    0.557480] acpiphp: Slot [29] registered
[    0.557891] acpiphp: Slot [30] registered
[    0.558300] acpiphp: Slot [31] registered
[    0.558737] PCI host bridge to bus 0000:00
[    0.559081] pci_bus 0000:00: root bus resource [io  0x0000-0x0cf7 window]
[    0.559641] pci_bus 0000:00: root bus resource [io  0x0d00-0xffff window]
[    0.560197] pci_bus 0000:00: root bus resource [mem 0x000a0000-0x000bffff window]
[    0.560813] pci_bus 0000:00: root bus resource [mem 0x80000000-0xfebfffff window]
[    0.560981] pci_bus 0000:00: root bus resource [mem 0x100000000-0x17fffffff window]
[    0.561608] pci_bus 0000:00: root bus resource [bus 00-ff]
[    0.562142] pci 0000:00:00.0: [8086:1237] type 00 class 0x060000
[    0.566144] pci 0000:00:01.0: [8086:7000] type 00 class 0x060100
[    0.567346] pci 0000:00:01.1: [8086:7010] type 00 class 0x010180
[    0.569252] pci 0000:00:01.1: reg 0x20: [io  0xc040-0xc04f]
[    0.570295] pci 0000:00:01.1: legacy IDE quirk: reg 0x10: [io  0x01f0-0x01f7]
[    0.570871] pci 0000:00:01.1: legacy IDE quirk: reg 0x14: [io  0x03f6]
[    0.571400] pci 0000:00:01.1: legacy IDE quirk: reg 0x18: [io  0x0170-0x0177]
[    0.571976] pci 0000:00:01.1: legacy IDE quirk: reg 0x1c: [io  0x0376]
[    0.572789] pci 0000:00:01.3: [8086:7113] type 00 class 0x068000
[    0.573302] pci 0000:00:01.3: quirk: [io  0x0600-0x063f] claimed by PIIX4 ACPI
[    0.573902] pci 0000:00:01.3: quirk: [io  0x0700-0x070f] claimed by PIIX4 SMB
[    0.574995] pci 0000:00:02.0: [1234:1111] type 00 class 0x030000
[    0.577392] pci 0000:00:02.0: reg 0x10: [mem 0xfd000000-0xfdffffff pref]
[    0.579625] pci 0000:00:02.0: reg 0x18: [mem 0xfebf0000-0xfebf0fff]
[    0.583029] pci 0000:00:02.0: reg 0x30: [mem 0xfebe0000-0xfebeffff pref]
[    0.587391] pci 0000:00:03.0: [8086:100e] type 00 class 0x020000
[    0.588430] pci 0000:00:03.0: reg 0x10: [mem 0xfebc0000-0xfebdffff]
[    0.589237] pci 0000:00:03.0: reg 0x14: [io  0xc000-0xc03f]
[    0.592193] pci 0000:00:03.0: reg 0x30: [mem 0xfeb80000-0xfebbffff pref]
[    0.605303] ACPI: PCI: Interrupt link LNKA configured for IRQ 10
[    0.606266] ACPI: PCI: Interrupt link LNKB configured for IRQ 10
[    0.607197] ACPI: PCI: Interrupt link LNKC configured for IRQ 11
[    0.608175] ACPI: PCI: Interrupt link LNKD configured for IRQ 11
[    0.608891] ACPI: PCI: Interrupt link LNKS configured for IRQ 9
[    0.610375] iommu: Default domain type: Translated 
[    0.610375] iommu: DMA domain TLB invalidation policy: lazy mode 
[    0.610375] pci 0000:00:02.0: vgaarb: setting as boot VGA device
[    0.610375] pci 0000:00:02.0: vgaarb: VGA device added: decodes=io+mem,owns=io+mem,locks=none
[    0.610602] pci 0000:00:02.0: vgaarb: bridge control possible
[    0.611226] vgaarb: loaded
[    0.613338] SCSI subsystem initialized
[    0.617128] ACPI: bus type USB registered
[    0.617616] usbcore: registered new interface driver usbfs
[    0.618144] usbcore: registered new interface driver hub
[    0.618648] usbcore: registered new device driver usb
[    0.619193] pps_core: LinuxPPS API ver. 1 registered
[    0.619617] pps_core: Software ver. 5.3.6 - Copyright 2005-2007 Rodolfo Giometti <giometti@linux.it>
[    0.620403] PTP clock support registered
[    0.620831] EDAC MC: Ver: 3.0.0
[    0.622026] NetLabel: Initializing
[    0.622413] NetLabel:  domain hash size = 128
[    0.622413] NetLabel:  protocols = UNLABELED CIPSOv4 CALIPSO
[    0.622413] NetLabel:  unlabeled traffic allowed by default
[    0.625068] PCI: Using ACPI for IRQ routing
[    0.625654] hpet0: at MMIO 0xfed00000, IRQs 2, 8, 0
[    0.625873] hpet0: 3 comparators, 64-bit 100.000000 MHz counter
[    0.632272] clocksource: Switched to clocksource kvm-clock
[    0.653140] Callback from call_rcu_tasks() invoked.
[    0.774008] VFS: Disk quotas dquot_6.6.0
[    0.774655] VFS: Dquot-cache hash table entries: 512 (order 0, 4096 bytes)
[    0.776106] pnp: PnP ACPI init
[    0.779933] pnp: PnP ACPI: found 6 devices
[    0.871856] clocksource: acpi_pm: mask: 0xffffff max_cycles: 0xffffff, max_idle_ns: 2085701024 ns
[    0.873740] NET: Registered PF_INET protocol family
[    0.874801] IP idents hash table entries: 32768 (order: 6, 262144 bytes, linear)
[    0.877348] tcp_listen_portaddr_hash hash table entries: 1024 (order: 4, 81920 bytes, linear)
[    0.878193] TCP established hash table entries: 16384 (order: 5, 131072 bytes, linear)
[    0.879185] TCP bind hash table entries: 16384 (order: 8, 1179648 bytes, linear)
[    0.881517] TCP: Hash tables configured (established 16384 bind 16384)
[    0.882360] UDP hash table entries: 1024 (order: 5, 163840 bytes, linear)
[    0.883121] UDP-Lite hash table entries: 1024 (order: 5, 163840 bytes, linear)
[    0.884083] NET: Registered PF_UNIX/PF_LOCAL protocol family
[    0.885321] RPC: Registered named UNIX socket transport module.
[    0.885889] RPC: Registered udp transport module.
[    0.886334] RPC: Registered tcp transport module.
[    0.886759] RPC: Registered tcp NFSv4.1 backchannel transport module.
[    0.887373] pci_bus 0000:00: resource 4 [io  0x0000-0x0cf7 window]
[    0.887898] pci_bus 0000:00: resource 5 [io  0x0d00-0xffff window]
[    0.888465] pci_bus 0000:00: resource 6 [mem 0x000a0000-0x000bffff window]
[    0.889113] pci_bus 0000:00: resource 7 [mem 0x80000000-0xfebfffff window]
[    0.889755] pci_bus 0000:00: resource 8 [mem 0x100000000-0x17fffffff window]
[    0.890706] pci 0000:00:01.0: PIIX3: Enabling Passive Release
[    0.891229] pci 0000:00:00.0: Limiting direct PCI/PCI transfers
[    0.891799] pci 0000:00:01.0: Activating ISA DMA hang workarounds
[    0.892448] pci 0000:00:02.0: Video device with shadowed ROM at [mem 0x000c0000-0x000dffff]
[    0.893276] PCI: CLS 0 bytes, default 64
[    0.893716] ACPI: bus type thunderbolt registered
[    0.894516] clocksource: tsc: mask: 0xffffffffffffffff max_cycles: 0x2cd5a8bb032, max_idle_ns: 440795365915 ns
[    3.757195] Initialise system trusted keyrings
[    3.758082] Key type blacklist registered
[    3.759008] workingset: timestamp_bits=36 max_order=19 bucket_order=0
[    3.772117] zbud: loaded
[    3.774949] squashfs: version 4.0 (2009/01/31) Phillip Lougher
[    3.777702] NFS: Registering the id_resolver key type
[    3.778226] Key type id_resolver registered
[    3.778635] Key type id_legacy registered
[    3.779165] nfs4filelayout_init: NFSv4 File Layout Driver Registering...
[    3.779831] nfs4flexfilelayout_init: NFSv4 Flexfile Layout Driver Registering...
[    3.780821] fuse: init (API version 7.36)
[    3.781781] SGI XFS with ACLs, security attributes, realtime, quota, no debug enabled
[    3.784864] 9p: Installing v9fs 9p2000 file system support
[    3.795352] Key type asymmetric registered
[    3.795775] Asymmetric key parser 'x509' registered
[    3.798547] alg: self-tests for CTR-KDF (hmac(sha256)) passed
[    3.799733] Block layer SCSI generic (bsg) driver version 0.4 loaded (major 243)
[    3.800924] io scheduler mq-deadline registered
[    3.801441] io scheduler bfq registered
[    3.803155] shpchp: Standard Hot Plug PCI Controller Driver version: 0.4
[    3.804318] IPMI message handler: version 39.2
[    3.804818] ipmi device interface
[    3.808928] input: Power Button as /devices/LNXSYSTM:00/LNXPWRBN:00/input/input0
[    3.810641] ACPI: button: Power Button [PWRF]
[    3.813107] ERST DBG: ERST support is disabled.
[    3.814214] Serial: 8250/16550 driver, 32 ports, IRQ sharing enabled
[    3.815412] 00:04: ttyS0 at I/O 0x3f8 (irq = 4, base_baud = 115200) is a 16550A
[    3.828042] Linux agpgart interface v0.103
[    3.829170] ACPI: bus type drm_connector registered
[    3.856826] brd: module loaded
[    3.872818] loop: module loaded
[    3.879866] scsi host0: ata_piix
[    3.880960] scsi host1: ata_piix
[    3.881403] ata1: PATA max MWDMA2 cmd 0x1f0 ctl 0x3f6 bmdma 0xc040 irq 14
[    3.881849] ata2: PATA max MWDMA2 cmd 0x170 ctl 0x376 bmdma 0xc048 irq 15
[    3.883786] tun: Universal TUN/TAP device driver, 1.6
[    3.884423] e100: Intel(R) PRO/100 Network Driver
[    3.884734] e100: Copyright(c) 1999-2006 Intel Corporation
[    3.885155] e1000: Intel(R) PRO/1000 Network Driver
[    3.885486] e1000: Copyright (c) 1999-2006 Intel Corporation.
[    4.042114] ata1.00: ATA-7: QEMU HARDDISK, 2.5+, max UDMA/100
[    4.042746] ata1.00: 16777216 sectors, multi 16: LBA48 
[    4.043509] ata1.00: Read log 0x00 page 0x00 failed, Emask 0x1
[    4.045726] scsi 0:0:0:0: Direct-Access     ATA      QEMU HARDDISK    2.5+ PQ: 0 ANSI: 5
[    4.048144] scsi 0:0:0:0: Attached scsi generic sg0 type 0
[    4.050069] sd 0:0:0:0: [sda] 16777216 512-byte logical blocks: (8.59 GB/8.00 GiB)
[    4.051676] ata2.00: ATAPI: QEMU DVD-ROM, 2.5+, max UDMA/100
[    4.052535] sd 0:0:0:0: [sda] Write Protect is off
[    4.053458] sd 0:0:0:0: [sda] Write cache: enabled, read cache: enabled, doesn't support DPO or FUA
[    4.057625] scsi 1:0:0:0: CD-ROM            QEMU     QEMU DVD-ROM     2.5+ PQ: 0 ANSI: 5
[    4.059219] scsi 1:0:0:0: Attached scsi generic sg1 type 5
[    4.109361] sd 0:0:0:0: [sda] Attached SCSI disk
[    4.157350] ACPI: \_SB_.LNKC: Enabled at IRQ 11
[    4.484422] e1000 0000:00:03.0 eth0: (PCI:33MHz:32-bit) 52:54:00:12:34:56
[    4.484924] e1000 0000:00:03.0 eth0: Intel(R) PRO/1000 Network Connection
[    4.485519] e1000e: Intel(R) PRO/1000 Network Driver
[    4.485848] e1000e: Copyright(c) 1999 - 2015 Intel Corporation.
[    4.486336] igb: Intel(R) Gigabit Ethernet Network Driver
[    4.486679] igb: Copyright (c) 2007-2014 Intel Corporation.
[    4.487151] PPP generic driver version 2.4.2
[    4.488095] VFIO - User Level meta-driver version: 0.3
[    4.488526] ehci_hcd: USB 2.0 'Enhanced' Host Controller (EHCI) Driver
[    4.488956] ehci-pci: EHCI PCI platform driver
[    4.489330] ehci-platform: EHCI generic platform driver
[    4.489699] ohci_hcd: USB 1.1 'Open' Host Controller (OHCI) Driver
[    4.490105] ohci-pci: OHCI PCI platform driver
[    4.490455] ohci-platform: OHCI generic platform driver
[    4.490808] uhci_hcd: USB Universal Host Controller Interface driver
[    4.491666] usbcore: registered new interface driver uas
[    4.492082] usbcore: registered new interface driver usb-storage
[    4.492623] i8042: PNP: PS/2 Controller [PNP0303:KBD,PNP0f13:MOU] at 0x60,0x64 irq 1,12
[    4.494022] serio: i8042 KBD port at 0x60,0x64 irq 1
[    4.494393] serio: i8042 AUX port at 0x60,0x64 irq 12
[    4.495564] mousedev: PS/2 mouse device common for all mice
[    4.496842] input: AT Translated Set 2 keyboard as /devices/platform/i8042/serio0/input/input1
[    4.497469] rtc_cmos 00:05: RTC can wake from S4
[    4.498878] input: VirtualPS/2 VMware VMMouse as /devices/platform/i8042/serio1/input/input4
[    4.499288] rtc_cmos 00:05: registered as rtc0
[    4.499864] rtc_cmos 00:05: setting system clock to 2022-12-27T17:08:21 UTC (1672160901)
[    4.500646] rtc_cmos 00:05: alarms up to one day, y3k, 242 bytes nvram, hpet irqs
[    4.500683] input: VirtualPS/2 VMware VMMouse as /devices/platform/i8042/serio1/input/input3
[    4.501181] i2c_dev: i2c /dev entries driver
[    4.502019] device-mapper: core: CONFIG_IMA_DISABLE_HTABLE is disabled. Duplicate IMA measurements will not be recorded in the IMA log.
[    4.502953] device-mapper: uevent: version 1.0.3
[    4.503601] device-mapper: ioctl: 4.45.0-ioctl (2021-03-22) initialised: dm-devel@redhat.com
[    4.504159] intel_pstate: CPU model not supported
[    4.504594] sdhci: Secure Digital Host Controller Interface driver
[    4.505020] sdhci: Copyright(c) Pierre Ossman
[    4.505389] sdhci-pltfm: SDHCI platform and OF driver helper
[    4.505879] ledtrig-cpu: registered to indicate activity on CPUs
[    4.506572] drop_monitor: Initializing network drop monitor service
[    4.507734] NET: Registered PF_INET6 protocol family
[    4.510482] Segment Routing with IPv6
[    4.510754] In-situ OAM (IOAM) with IPv6
[    4.511055] NET: Registered PF_PACKET protocol family
[    4.511674] 9pnet: Installing 9P2000 support
[    4.512024] Key type dns_resolver registered
[    4.513182] IPI shorthand broadcast: enabled
[    4.513528] sched_clock: Marking stable (4499855525, 13124368)->(4525923164, -12943271)
[    4.514843] registered taskstats version 1
[    4.515323] Loading compiled-in X.509 certificates
[    4.515988] zswap: loaded using pool lzo/zbud
[    4.517445] Key type ._fscrypt registered
[    4.517715] Key type .fscrypt registered
[    4.517966] Key type fscrypt-provisioning registered
[    4.519459] Key type encrypted registered
[    4.519773] ima: No TPM chip found, activating TPM-bypass!
[    4.520137] ima: Allocated hash algorithm: sha1
[    4.520491] ima: No architecture policies found
[    4.520845] evm: Initialising EVM extended attributes:
[    4.521203] evm: security.selinux
[    4.521425] evm: security.SMACK64
[    4.521649] evm: security.SMACK64EXEC
[    4.521891] evm: security.SMACK64TRANSMUTE
[    4.522155] evm: security.SMACK64MMAP
[    4.522407] evm: security.apparmor
[    4.522630] evm: security.ima
[    4.522829] evm: security.capability
[    4.523064] evm: HMAC attrs: 0x1
[    4.529693] PM:   Magic number: 2:934:138
[    4.530024] block ram3: hash matches
[    4.530803] RAS: Correctable Errors collector initialized.
[    4.532279] md: Waiting for all devices to be available before autodetect
[    4.532718] md: If you don't use raid, use raid=noautodetect
[    4.533179] md: Autodetecting RAID arrays.
[    4.533464] md: autorun ...
[    4.533656] md: ... autorun DONE.
[    4.537690] EXT4-fs (sda): INFO: recovery required on readonly filesystem
[    4.538158] EXT4-fs (sda): write access will be enabled during recovery
[    4.581097] random: fast init done
[    4.709927] EXT4-fs (sda): recovery complete
[    4.716209] EXT4-fs (sda): mounted filesystem with ordered data mode. Quota mode: none.
[    4.716847] VFS: Mounted root (ext4 filesystem) readonly on device 8:0.
[    4.718069] devtmpfs: mounted
[    4.733049] Freeing unused decrypted memory: 2036K
[    4.734837] Freeing unused kernel image (initmem) memory: 3168K
[    4.735294] Write protecting the kernel read-only data: 43008k
[    4.739302] Freeing unused kernel image (text/rodata gap) memory: 2032K
[    4.740360] Freeing unused kernel image (rodata/data gap) memory: 324K
[    4.848442] x86/mm: Checked W+X mappings: passed, no W+X pages found.
[    4.848916] Run /sbin/init as init process
[    4.962033] systemd[1]: RTC configured in localtime, applying delta of 0 minutes to system time.
[    4.996325] systemd[1]: systemd 239 (239-49.el8) running in system mode. (+PAM +AUDIT +SELINUX +IMA -APPARMOR +SMACK +SYSVINIT +UTMP +LIBCRYPTSETUP +GCRYPT +GNUTLS +ACL +XZ +LZ4 +SECCOMP +BLKID +ELFUTILS +KMOD +IDN2 -IDN +PCRE2 default-hierarchy=legacy)
[    4.998113] systemd[1]: Detected virtualization kvm.
[    4.998490] systemd[1]: Detected architecture x86-64.

Welcome to [0;31mCentOS Stream 8[0m!

[    5.025785] systemd[1]: Set hostname to <test>.
[    5.229029] random: lvmconfig: uninitialized urandom read (4 bytes read)
[    5.368146] random: systemd: uninitialized urandom read (16 bytes read)
[    5.369170] systemd[1]: Listening on LVM2 poll daemon socket.
[[0;32m  OK  [0m] Listening on LVM2 poll daemon socket.
[    5.370508] random: systemd: uninitialized urandom read (16 bytes read)
[    5.371194] systemd[1]: Listening on udev Kernel Socket.
[[0;32m  OK  [0m] Listening on udev Kernel Socket.
[    5.372423] systemd[1]: Started Forward Password Requests to Wall Directory Watch.
[[0;32m  OK  [0m] Started Forward Password Requests to Wall Directory Watch.
[    5.373959] systemd[1]: Listening on Device-mapper event daemon FIFOs.
[[0;32m  OK  [0m] Listening on Device-mapper event daemon FIFOs.
[    5.375513] systemd[1]: Listening on Journal Socket.
[[0;32m  OK  [0m] Listening on Journal Socket.
[    5.383952] systemd[1]: Mounting Huge Pages File System...
         Mounting Huge Pages File System...
[[0;32m  OK  [0m] Listening on udev Control Socket.
         Starting Load Kernel Modules...
[[0;32m  OK  [0m] Listening on multipathd control socket.
         Starting Remount Root and Kernel File Systems...
[[0;32m  OK  [0m] Created slice User and Session Slice.
         Mounting POSIX Message Queue File System...
[[0;32m  OK  [0m] Reached target Swap.
         Starting udev Coldplug all Devices...
         Starting Setup Virtual Console...
[[0;32m  OK  [0m] Listening on Journal Socket (/dev/log).
[[0;32m  OK  [0m] Created slice system-serial\x2dgetty.slice.
[[0;32m  OK  [0m] Listening on Process Core Dump Socket.
[[0;32m  OK  [0m] Reached target Slices.
[[0;32m  OK  [0m] Created slice system-sshd\x2dkeygen.slice.
         Mounting Kernel Debug File System...
[[0;32m  OK  [0m] Listening on initctl Compatibility Named Pipe.
[[0;32m  OK  [0m] Created slice system-getty.slice.
[[0;32m  OK  [0m] Listening on RPCbind Server Activation Socket.
[[0;32m  OK  [0m] Reached target RPC Port Mapper.
[[0;32m  OK  [0m] Set up automount Arbitrary Executabâ€¦rmats File System Automount Point.
         Starting Monitoring of LVM2 mirrorsâ€¦ng dmeventd or progress polling...
         Starting Journal Service...
[    5.713061] EXT4-fs (sda): re-mounted. Quota mode: none.
[[0;32m  OK  [0m] Mounted Huge Pages File System.
[[0;1;31mFAILED[0m] Failed to start Load Kernel Modules.
See 'systemctl status systemd-modules-load.service' for details.
[[0;32m  OK  [0m] Started Remount Root and Kernel File Systems.
[[0;32m  OK  [0m] Mounted POSIX Message Queue File System.
[[0;32m  OK  [0m] Mounted Kernel Debug File System.
         Starting Create Static Device Nodes in /dev...
         Starting Load/Save Random Seed...
         Mounting Kernel Configuration File System...
         Starting Apply Kernel Variables...
         Mounting FUSE Control File System...
[[0;32m  OK  [0m] Started Journal Service.
[[0;32m  OK  [0m] Started Create Static Device Nodes in /dev.
[[0;32m  OK  [0m] Started Setup Virtual Console.
[[0;32m  OK  [0m] Started Load/Save Random Seed.
[[0;32m  OK  [0m] Mounted Kernel Configuration File System.
[[0;32m  OK  [0m] Started Apply Kernel Variables.
[[0;32m  OK  [0m] Mounted FUSE Control File System.
         Starting udev Kernel Device Manager...
         Starting Flush Journal to Persistent Storage...
[[0;32m  OK  [0m] Started Flush Journal to Persistent Storage.
[[0;32m  OK  [0m] Started udev Coldplug all Devices.
         Starting udev Wait for Complete Device Initialization...
[[0;32m  OK  [0m] Started udev Kernel Device Manager.
         Starting Show Plymouth Boot Screen...
[[0;32m  OK  [0m] Started Show Plymouth Boot Screen.
[[0;32m  OK  [0m] Reached target Local Encrypted Volumes.
[[0;32m  OK  [0m] Reached target Paths.
[[0;32m  OK  [0m] Started Forward Password Requests to Plymouth Directory Watch.
[[0;32m  OK  [0m] Found device /dev/ttyS0.
[[0;32m  OK  [0m] Started Monitoring of LVM2 mirrors,â€¦sing dmeventd or progress polling.
[[0;32m  OK  [0m] Started udev Wait for Complete Device Initialization.
[[0;32m  OK  [0m] Listening on Load/Save RF Kill Switch Status /dev/rfkill Watch.
[[0;32m  OK  [0m] Reached target Local File Systems (Pre).
[[0;32m  OK  [0m] Reached target Local File Systems.
         Starting Tell Plymouth To Write Out Runtime Data...
         Starting Restore /run/initramfs on shutdown...
         Starting Create Volatile Files and Directories...
[[0;32m  OK  [0m] Started Tell Plymouth To Write Out Runtime Data.
[[0;32m  OK  [0m] Started Restore /run/initramfs on shutdown.
[[0;32m  OK  [0m] Started Create Volatile Files and Directories.
         Starting Security Auditing Service...
         Starting RPC Bind...
         Mounting RPC Pipe File System...
[[0;32m  OK  [0m] Mounted RPC Pipe File System.
[[0;32m  OK  [0m] Reached target rpc_pipefs.target.
[[0;32m  OK  [0m] Started RPC Bind.
[[0;32m  OK  [0m] Started Security Auditing Service.
         Starting Update UTMP about System Boot/Shutdown...
[[0;32m  OK  [0m] Started Update UTMP about System Boot/Shutdown.
[[0;32m  OK  [0m] Reached target System Initialization.
[[0;32m  OK  [0m] Listening on D-Bus System Message Bus Socket.
[[0;32m  OK  [0m] Started daily update of the root trust anchor for DNSSEC.
[[0;32m  OK  [0m] Listening on SSSD Kerberos Cache Manager responder socket.
[[0;32m  OK  [0m] Reached target Sockets.
[[0;32m  OK  [0m] Reached target Basic System.
[[0;32m  OK  [0m] Started D-Bus System Message Bus.
         Starting Self Monitoring and Reporting Technology (SMART) Daemon...
         Starting Network Manager...
         Starting Login Service...
[[0;32m  OK  [0m] Started Machine Check Exception Logging Daemon.
[[0;32m  OK  [0m] Started irqbalance daemon.
         Starting Auto-connect to subsystemsâ€¦-NVME devices found during boot...
         Starting Authorization Manager...
         Starting NTP client/server...
[[0;32m  OK  [0m] Reached target sshd-keygen.target.
[[0;32m  OK  [0m] Started Daily Cleanup of Temporary Directories.
[[0;32m  OK  [0m] Started dnf makecache --timer.
[[0;32m  OK  [0m] Reached target Timers.
[[0;32m  OK  [0m] Started Self Monitoring and Reporting Technology (SMART) Daemon.
[[0;32m  OK  [0m] Started Auto-connect to subsystems â€¦FC-NVME devices found during boot.
         Starting update of the root trust aâ€¦or DNSSEC validation in unbound...
[[0;32m  OK  [0m] Started Login Service.
[    8.014919] random: crng init done
[    8.015276] random: 7 urandom warning(s) missed due to ratelimiting
[[0;32m  OK  [0m] Started Network Manager.
[[0;32m  OK  [0m] Reached target Network.
         Starting Dynamic System Tuning Daemon...
         Starting OpenSSH server daemon...
         Starting GSSAPI Proxy Daemon...
         Starting Network Manager Wait Online...
[[0;32m  OK  [0m] Started NTP client/server.
         Starting Hostname Service...
[[0;32m  OK  [0m] Started update of the root trust anâ€¦ for DNSSEC validation in unbound.
[[0;32m  OK  [0m] Started OpenSSH server daemon.
[[0;32m  OK  [0m] Started GSSAPI Proxy Daemon.
[[0;32m  OK  [0m] Reached target NFS client services.
[[0;32m  OK  [0m] Reached target Remote File Systems (Pre).
[[0;32m  OK  [0m] Reached target Remote File Systems.
         Starting Permit User Sessions...
[[0;32m  OK  [0m] Started Authorization Manager.
[[0;32m  OK  [0m] Started Permit User Sessions.
         Starting Terminate Plymouth Boot Screen...
         Starting Hold until boot process finishes up...
[[0;32m  OK  [0m] Started Command Scheduler.
[    8.641205] e1000: eth0 NIC Link is Up 1000 Mbps Full Duplex, Flow Control: RX
[    8.642133] IPv6: ADDRCONF(NETDEV_CHANGE): eth0: link becomes ready

CentOS Stream 8
Kernel 5.16.0-e1a7aa25ff45+ on an x86_64

test login: [   28.939039] sg_write: data in/out 3278044/1 bytes for SCSI command 0x3c-- guessing data in;
[   28.939039]    program repro not setting count and/or reply_len properly
[   28.948200] sg_write: data in/out 3278044/1 bytes for SCSI command 0x3c-- guessing data in;
[   28.948200]    program repro not setting count and/or reply_len properly
[   28.955973] sg_write: data in/out 3278044/1 bytes for SCSI command 0x3c-- guessing data in;
[   28.955973]    program repro not setting count and/or reply_len properly
[   28.964023] sg_write: data in/out 3278044/1 bytes for SCSI command 0x3c-- guessing data in;
[   28.964023]    program repro not setting count and/or reply_len properly
[   28.971965] sg_write: data in/out 3278044/1 bytes for SCSI command 0x3c-- guessing data in;
[   28.971965]    program repro not setting count and/or reply_len properly
[   28.979625] sg_write: data in/out 3278044/1 bytes for SCSI command 0x3c-- guessing data in;
[   28.979625]    program repro not setting count and/or reply_len properly
[   28.987220] sg_write: data in/out 3278044/1 bytes for SCSI command 0x3c-- guessing data in;
[   28.987220]    program repro not setting count and/or reply_len properly
[   28.994864] sg_write: data in/out 3278044/1 bytes for SCSI command 0x3c-- guessing data in;
[   28.994864]    program repro not setting count and/or reply_len properly
[   29.002414] sg_write: data in/out 3278044/1 bytes for SCSI command 0x3c-- guessing data in;
[   29.002414]    program repro not setting count and/or reply_len properly
[   29.009981] sg_write: data in/out 3278044/1 bytes for SCSI command 0x3c-- guessing data in;
[   29.009981]    program repro not setting count and/or reply_len properly
[   33.941971] sg_write: 704 callbacks suppressed
[   33.941983] sg_write: data in/out 3278044/1 bytes for SCSI command 0x3c-- guessing data in;
[   33.941983]    program repro not setting count and/or reply_len properly
[   33.950635] sg_write: data in/out 3278044/1 bytes for SCSI command 0x3c-- guessing data in;
[   33.950635]    program repro not setting count and/or reply_len properly
[   33.959010] sg_write: data in/out 3278044/1 bytes for SCSI command 0x3c-- guessing data in;
[   33.959010]    program repro not setting count and/or reply_len properly
[   33.968002] sg_write: data in/out 3278044/1 bytes for SCSI command 0x3c-- guessing data in;
[   33.968002]    program repro not setting count and/or reply_len properly
[   33.977185] sg_write: data in/out 3278044/1 bytes for SCSI command 0x3c-- guessing data in;
[   33.977185]    program repro not setting count and/or reply_len properly
[   33.985636] sg_write: data in/out 3278044/1 bytes for SCSI command 0x3c-- guessing data in;
[   33.985636]    program repro not setting count and/or reply_len properly
[   33.993895] sg_write: data in/out 3278044/1 bytes for SCSI command 0x3c-- guessing data in;
[   33.993895]    program repro not setting count and/or reply_len properly
[   34.002241] sg_write: data in/out 3278044/1 bytes for SCSI command 0x3c-- guessing data in;
[   34.002241]    program repro not setting count and/or reply_len properly
[   34.010479] sg_write: data in/out 3278044/1 bytes for SCSI command 0x3c-- guessing data in;
[   34.010479]    program repro not setting count and/or reply_len properly
[   34.018741] sg_write: data in/out 3278044/1 bytes for SCSI command 0x3c-- guessing data in;
[   34.018741]    program repro not setting count and/or reply_len properly
[   38.948493] sg_write: 693 callbacks suppressed
[   38.948504] sg_write: data in/out 3278044/1 bytes for SCSI command 0x3c-- guessing data in;
[   38.948504]    program repro not setting count and/or reply_len properly
[   38.957826] sg_write: data in/out 3278044/1 bytes for SCSI command 0x3c-- guessing data in;
[   38.957826]    program repro not setting count and/or reply_len properly
[   38.966310] sg_write: data in/out 3278044/1 bytes for SCSI command 0x3c-- guessing data in;
[   38.966310]    program repro not setting count and/or reply_len properly
[   38.974834] sg_write: data in/out 3278044/1 bytes for SCSI command 0x3c-- guessing data in;
[   38.974834]    program repro not setting count and/or reply_len properly
[   38.983721] sg_write: data in/out 3278044/1 bytes for SCSI command 0x3c-- guessing data in;
[   38.983721]    program repro not setting count and/or reply_len properly
[   38.992444] sg_write: data in/out 3278044/1 bytes for SCSI command 0x3c-- guessing data in;
[   38.992444]    program repro not setting count and/or reply_len properly
[   39.000770] sg_write: data in/out 3278044/1 bytes for SCSI command 0x3c-- guessing data in;
[   39.000770]    program repro not setting count and/or reply_len properly
[   39.009078] sg_write: data in/out 3278044/1 bytes for SCSI command 0x3c-- guessing data in;
[   39.009078]    program repro not setting count and/or reply_len properly
[   39.017462] sg_write: data in/out 3278044/1 bytes for SCSI command 0x3c-- guessing data in;
[   39.017462]    program repro not setting count and/or reply_len properly
[   39.025584] sg_write: data in/out 3278044/1 bytes for SCSI command 0x3c-- guessing data in;
[   39.025584]    program repro not setting count and/or reply_len properly
[   43.958163] sg_write: 589 callbacks suppressed
[   43.958180] sg_write: data in/out 3278044/1 bytes for SCSI command 0x3c-- guessing data in;
[   43.958180]    program repro not setting count and/or reply_len properly
[   43.972487] sg_write: data in/out 3278044/1 bytes for SCSI command 0x3c-- guessing data in;
[   43.972487]    program repro not setting count and/or reply_len properly
[   43.984602] sg_write: data in/out 3278044/1 bytes for SCSI command 0x3c-- guessing data in;
[   43.984602]    program repro not setting count and/or reply_len properly
[   43.993797] sg_write: data in/out 3278044/1 bytes for SCSI command 0x3c-- guessing data in;
[   43.993797]    program repro not setting count and/or reply_len properly
[   44.003293] sg_write: data in/out 3278044/1 bytes for SCSI command 0x3c-- guessing data in;
[   44.003293]    program repro not setting count and/or reply_len properly
[   44.012182] sg_write: data in/out 3278044/1 bytes for SCSI command 0x3c-- guessing data in;
[   44.012182]    program repro not setting count and/or reply_len properly
[   44.021705] sg_write: data in/out 3278044/1 bytes for SCSI command 0x3c-- guessing data in;
[   44.021705]    program repro not setting count and/or reply_len properly
[   44.031999] sg_write: data in/out 3278044/1 bytes for SCSI command 0x3c-- guessing data in;
[   44.031999]    program repro not setting count and/or reply_len properly
[   44.041192] sg_write: data in/out 3278044/1 bytes for SCSI command 0x3c-- guessing data in;
[   44.041192]    program repro not setting count and/or reply_len properly
[   44.050157] sg_write: data in/out 3278044/1 bytes for SCSI command 0x3c-- guessing data in;
[   44.050157]    program repro not setting count and/or reply_len properly
[   48.971977] sg_write: 570 callbacks suppressed
[   48.971994] sg_write: data in/out 3278044/1 bytes for SCSI command 0x3c-- guessing data in;
[   48.971994]    program repro not setting count and/or reply_len properly
[   48.985759] sg_write: data in/out 3278044/1 bytes for SCSI command 0x3c-- guessing data in;
[   48.985759]    program repro not setting count and/or reply_len properly
[   48.998802] sg_write: data in/out 3278044/1 bytes for SCSI command 0x3c-- guessing data in;
[   48.998802]    program repro not setting count and/or reply_len properly
[   49.012090] sg_write: data in/out 3278044/1 bytes for SCSI command 0x3c-- guessing data in;
[   49.012090]    program repro not setting count and/or reply_len properly
[   49.025394] sg_write: data in/out 3278044/1 bytes for SCSI command 0x3c-- guessing data in;
[   49.025394]    program repro not setting count and/or reply_len properly
[   49.039046] sg_write: data in/out 3278044/1 bytes for SCSI command 0x3c-- guessing data in;
[   49.039046]    program repro not setting count and/or reply_len properly
[   49.052484] sg_write: data in/out 3278044/1 bytes for SCSI command 0x3c-- guessing data in;
[   49.052484]    program repro not setting count and/or reply_len properly
[   49.064506] sg_write: data in/out 3278044/1 bytes for SCSI command 0x3c-- guessing data in;
[   49.064506]    program repro not setting count and/or reply_len properly
[   49.073793] sg_write: data in/out 3278044/1 bytes for SCSI command 0x3c-- guessing data in;
[   49.073793]    program repro not setting count and/or reply_len properly
[   49.082654] sg_write: data in/out 3278044/1 bytes for SCSI command 0x3c-- guessing data in;
[   49.082654]    program repro not setting count and/or reply_len properly
[   53.973815] sg_write: 541 callbacks suppressed
[   53.973833] sg_write: data in/out 3278044/1 bytes for SCSI command 0x3c-- guessing data in;
[   53.973833]    program repro not setting count and/or reply_len properly
[   53.988215] sg_write: data in/out 3278044/1 bytes for SCSI command 0x3c-- guessing data in;
[   53.988215]    program repro not setting count and/or reply_len properly
[   54.001985] sg_write: data in/out 3278044/1 bytes for SCSI command 0x3c-- guessing data in;
[   54.001985]    program repro not setting count and/or reply_len properly
[   54.015299] sg_write: data in/out 3278044/1 bytes for SCSI command 0x3c-- guessing data in;
[   54.015299]    program repro not setting count and/or reply_len properly
[   54.028844] sg_write: data in/out 3278044/1 bytes for SCSI command 0x3c-- guessing data in;
[   54.028844]    program repro not setting count and/or reply_len properly
[   54.042493] sg_write: data in/out 3278044/1 bytes for SCSI command 0x3c-- guessing data in;
[   54.042493]    program repro not setting count and/or reply_len properly
[   54.056090] sg_write: data in/out 3278044/1 bytes for SCSI command 0x3c-- guessing data in;
[   54.056090]    program repro not setting count and/or reply_len properly
[   54.069948] sg_write: data in/out 3278044/1 bytes for SCSI command 0x3c-- guessing data in;
[   54.069948]    program repro not setting count and/or reply_len properly
[   54.083657] sg_write: data in/out 3278044/1 bytes for SCSI command 0x3c-- guessing data in;
[   54.083657]    program repro not setting count and/or reply_len properly
[   54.097455] sg_write: data in/out 3278044/1 bytes for SCSI command 0x3c-- guessing data in;
[   54.097455]    program repro not setting count and/or reply_len properly
[   58.984581] sg_write: 543 callbacks suppressed
[   58.984594] sg_write: data in/out 3278044/1 bytes for SCSI command 0x3c-- guessing data in;
[   58.984594]    program repro not setting count and/or reply_len properly
[   58.994134] sg_write: data in/out 3278044/1 bytes for SCSI command 0x3c-- guessing data in;
[   58.994134]    program repro not setting count and/or reply_len properly
[   59.003124] sg_write: data in/out 3278044/1 bytes for SCSI command 0x3c-- guessing data in;
[   59.003124]    program repro not setting count and/or reply_len properly
[   59.012391] sg_write: data in/out 3278044/1 bytes for SCSI command 0x3c-- guessing data in;
[   59.012391]    program repro not setting count and/or reply_len properly
[   59.021971] sg_write: data in/out 3278044/1 bytes for SCSI command 0x3c-- guessing data in;
[   59.021971]    program repro not setting count and/or reply_len properly
[   59.032418] sg_write: data in/out 3278044/1 bytes for SCSI command 0x3c-- guessing data in;
[   59.032418]    program repro not setting count and/or reply_len properly
[   59.044442] sg_write: data in/out 3278044/1 bytes for SCSI command 0x3c-- guessing data in;
[   59.044442]    program repro not setting count and/or reply_len properly
[   59.059070] sg_write: data in/out 3278044/1 bytes for SCSI command 0x3c-- guessing data in;
[   59.059070]    program repro not setting count and/or reply_len properly
[   59.073546] sg_write: data in/out 3278044/1 bytes for SCSI command 0x3c-- guessing data in;
[   59.073546]    program repro not setting count and/or reply_len properly
[   59.087911] sg_write: data in/out 3278044/1 bytes for SCSI command 0x3c-- guessing data in;
[   59.087911]    program repro not setting count and/or reply_len properly
[   63.992486] sg_write: 573 callbacks suppressed
[   63.992513] sg_write: data in/out 3278044/1 bytes for SCSI command 0x3c-- guessing data in;
[   63.992513]    program repro not setting count and/or reply_len properly
[   64.002775] sg_write: data in/out 3278044/1 bytes for SCSI command 0x3c-- guessing data in;
[   64.002775]    program repro not setting count and/or reply_len properly
[   64.013416] sg_write: data in/out 3278044/1 bytes for SCSI command 0x3c-- guessing data in;
[   64.013416]    program repro not setting count and/or reply_len properly
[   64.025874] sg_write: data in/out 3278044/1 bytes for SCSI command 0x3c-- guessing data in;
[   64.025874]    program repro not setting count and/or reply_len properly
[   64.038101] sg_write: data in/out 3278044/1 bytes for SCSI command 0x3c-- guessing data in;
[   64.038101]    program repro not setting count and/or reply_len properly
[   64.047220] sg_write: data in/out 3278044/1 bytes for SCSI command 0x3c-- guessing data in;
[   64.047220]    program repro not setting count and/or reply_len properly
[   64.057414] sg_write: data in/out 3278044/1 bytes for SCSI command 0x3c-- guessing data in;
[   64.057414]    program repro not setting count and/or reply_len properly
[   64.067344] sg_write: data in/out 3278044/1 bytes for SCSI command 0x3c-- guessing data in;
[   64.067344]    program repro not setting count and/or reply_len properly
[   64.078566] sg_write: data in/out 3278044/1 bytes for SCSI command 0x3c-- guessing data in;
[   64.078566]    program repro not setting count and/or reply_len properly
[   64.090746] sg_write: data in/out 3278044/1 bytes for SCSI command 0x3c-- guessing data in;
[   64.090746]    program repro not setting count and/or reply_len properly
[   68.995107] sg_write: 634 callbacks suppressed
[   68.995120] sg_write: data in/out 3278044/1 bytes for SCSI command 0x3c-- guessing data in;
[   68.995120]    program repro not setting count and/or reply_len properly
[   69.003834] sg_write: data in/out 3278044/1 bytes for SCSI command 0x3c-- guessing data in;
[   69.003834]    program repro not setting count and/or reply_len properly
[   69.012532] sg_write: data in/out 3278044/1 bytes for SCSI command 0x3c-- guessing data in;
[   69.012532]    program repro not setting count and/or reply_len properly
[   69.020895] sg_write: data in/out 3278044/1 bytes for SCSI command 0x3c-- guessing data in;
[   69.020895]    program repro not setting count and/or reply_len properly
[   69.029418] sg_write: data in/out 3278044/1 bytes for SCSI command 0x3c-- guessing data in;
[   69.029418]    program repro not setting count and/or reply_len properly
[   69.037817] sg_write: data in/out 3278044/1 bytes for SCSI command 0x3c-- guessing data in;
[   69.037817]    program repro not setting count and/or reply_len properly
[   69.046209] sg_write: data in/out 3278044/1 bytes for SCSI command 0x3c-- guessing data in;
[   69.046209]    program repro not setting count and/or reply_len properly
[   69.055095] sg_write: data in/out 3278044/1 bytes for SCSI command 0x3c-- guessing data in;
[   69.055095]    program repro not setting count and/or reply_len properly
[   69.065159] sg_write: data in/out 3278044/1 bytes for SCSI command 0x3c-- guessing data in;
[   69.065159]    program repro not setting count and/or reply_len properly
[   69.076451] sg_write: data in/out 3278044/1 bytes for SCSI command 0x3c-- guessing data in;
[   69.076451]    program repro not setting count and/or reply_len properly
[   73.998510] sg_write: 570 callbacks suppressed
[   73.998525] sg_write: data in/out 3278044/1 bytes for SCSI command 0x3c-- guessing data in;
[   73.998525]    program repro not setting count and/or reply_len properly
[   74.011988] sg_write: data in/out 3278044/1 bytes for SCSI command 0x3c-- guessing data in;
[   74.011988]    program repro not setting count and/or reply_len properly
[   74.020918] sg_write: data in/out 3278044/1 bytes for SCSI command 0x3c-- guessing data in;
[   74.020918]    program repro not setting count and/or reply_len properly
[   74.029506] sg_write: data in/out 3278044/1 bytes for SCSI command 0x3c-- guessing data in;
[   74.029506]    program repro not setting count and/or reply_len properly
[   74.037616] sg_write: data in/out 3278044/1 bytes for SCSI command 0x3c-- guessing data in;
[   74.037616]    program repro not setting count and/or reply_len properly
[   74.045693] sg_write: data in/out 3278044/1 bytes for SCSI command 0x3c-- guessing data in;
[   74.045693]    program repro not setting count and/or reply_len properly
[   74.053558] sg_write: data in/out 3278044/1 bytes for SCSI command 0x3c-- guessing data in;
[   74.053558]    program repro not setting count and/or reply_len properly
[   74.061432] sg_write: data in/out 3278044/1 bytes for SCSI command 0x3c-- guessing data in;
[   74.061432]    program repro not setting count and/or reply_len properly
[   74.069286] sg_write: data in/out 3278044/1 bytes for SCSI command 0x3c-- guessing data in;
[   74.069286]    program repro not setting count and/or reply_len properly
[   74.077124] sg_write: data in/out 3278044/1 bytes for SCSI command 0x3c-- guessing data in;
[   74.077124]    program repro not setting count and/or reply_len properly
[   79.001069] sg_write: 597 callbacks suppressed
[   79.001081] sg_write: data in/out 3278044/1 bytes for SCSI command 0x3c-- guessing data in;
[   79.001081]    program repro not setting count and/or reply_len properly
[   79.009064] sg_write: data in/out 3278044/1 bytes for SCSI command 0x3c-- guessing data in;
[   79.009064]    program repro not setting count and/or reply_len properly
[   79.017986] sg_write: data in/out 3278044/1 bytes for SCSI command 0x3c-- guessing data in;
[   79.017986]    program repro not setting count and/or reply_len properly
[   79.026121] sg_write: data in/out 3278044/1 bytes for SCSI command 0x3c-- guessing data in;
[   79.026121]    program repro not setting count and/or reply_len properly
[   79.034046] sg_write: data in/out 3278044/1 bytes for SCSI command 0x3c-- guessing data in;
[   79.034046]    program repro not setting count and/or reply_len properly
[   79.043462] sg_write: data in/out 3278044/1 bytes for SCSI command 0x3c-- guessing data in;
[   79.043462]    program repro not setting count and/or reply_len properly
[   79.057261] sg_write: data in/out 3278044/1 bytes for SCSI command 0x3c-- guessing data in;
[   79.057261]    program repro not setting count and/or reply_len properly
[   79.070915] sg_write: data in/out 3278044/1 bytes for SCSI command 0x3c-- guessing data in;
[   79.070915]    program repro not setting count and/or reply_len properly
[   79.084552] sg_write: data in/out 3278044/1 bytes for SCSI command 0x3c-- guessing data in;
[   79.084552]    program repro not setting count and/or reply_len properly
[   79.097648] sg_write: data in/out 3278044/1 bytes for SCSI command 0x3c-- guessing data in;
[   79.097648]    program repro not setting count and/or reply_len properly
[   84.010416] sg_write: 646 callbacks suppressed
[   84.010429] sg_write: data in/out 3278044/1 bytes for SCSI command 0x3c-- guessing data in;
[   84.010429]    program repro not setting count and/or reply_len properly
[   84.020238] sg_write: data in/out 3278044/1 bytes for SCSI command 0x3c-- guessing data in;
[   84.020238]    program repro not setting count and/or reply_len properly
[   84.029440] sg_write: data in/out 3278044/1 bytes for SCSI command 0x3c-- guessing data in;
[   84.029440]    program repro not setting count and/or reply_len properly
[   84.038266] sg_write: data in/out 3278044/1 bytes for SCSI command 0x3c-- guessing data in;
[   84.038266]    program repro not setting count and/or reply_len properly
[   84.047164] sg_write: data in/out 3278044/1 bytes for SCSI command 0x3c-- guessing data in;
[   84.047164]    program repro not setting count and/or reply_len properly
[   84.056187] sg_write: data in/out 3278044/1 bytes for SCSI command 0x3c-- guessing data in;
[   84.056187]    program repro not setting count and/or reply_len properly
[   84.064947] sg_write: data in/out 3278044/1 bytes for SCSI command 0x3c-- guessing data in;
[   84.064947]    program repro not setting count and/or reply_len properly
[   84.073905] sg_write: data in/out 3278044/1 bytes for SCSI command 0x3c-- guessing data in;
[   84.073905]    program repro not setting count and/or reply_len properly
[   84.082776] sg_write: data in/out 3278044/1 bytes for SCSI command 0x3c-- guessing data in;
[   84.082776]    program repro not setting count and/or reply_len properly
[   84.091681] sg_write: data in/out 3278044/1 bytes for SCSI command 0x3c-- guessing data in;
[   84.091681]    program repro not setting count and/or reply_len properly
[   89.013173] sg_write: 560 callbacks suppressed
[   89.013186] sg_write: data in/out 3278044/1 bytes for SCSI command 0x3c-- guessing data in;
[   89.013186]    program repro not setting count and/or reply_len properly
[   89.022601] sg_write: data in/out 3278044/1 bytes for SCSI command 0x3c-- guessing data in;
[   89.022601]    program repro not setting count and/or reply_len properly
[   89.031294] sg_write: data in/out 3278044/1 bytes for SCSI command 0x3c-- guessing data in;
[   89.031294]    program repro not setting count and/or reply_len properly
[   89.039998] sg_write: data in/out 3278044/1 bytes for SCSI command 0x3c-- guessing data in;
[   89.039998]    program repro not setting count and/or reply_len properly
[   89.048728] sg_write: data in/out 3278044/1 bytes for SCSI command 0x3c-- guessing data in;
[   89.048728]    program repro not setting count and/or reply_len properly
[   89.057449] sg_write: data in/out 3278044/1 bytes for SCSI command 0x3c-- guessing data in;
[   89.057449]    program repro not setting count and/or reply_len properly
[   89.066056] sg_write: data in/out 3278044/1 bytes for SCSI command 0x3c-- guessing data in;
[   89.066056]    program repro not setting count and/or reply_len properly
[   89.074762] sg_write: data in/out 3278044/1 bytes for SCSI command 0x3c-- guessing data in;
[   89.074762]    program repro not setting count and/or reply_len properly
[   89.083634] sg_write: data in/out 3278044/1 bytes for SCSI command 0x3c-- guessing data in;
[   89.083634]    program repro not setting count and/or reply_len properly
[   89.092378] sg_write: data in/out 3278044/1 bytes for SCSI command 0x3c-- guessing data in;
[   89.092378]    program repro not setting count and/or reply_len properly
[   94.022855] sg_write: 623 callbacks suppressed
[   94.022868] sg_write: data in/out 3278044/1 bytes for SCSI command 0x3c-- guessing data in;
[   94.022868]    program repro not setting count and/or reply_len properly
[   94.031942] sg_write: data in/out 3278044/1 bytes for SCSI command 0x3c-- guessing data in;
[   94.031942]    program repro not setting count and/or reply_len properly
[   94.040651] sg_write: data in/out 3278044/1 bytes for SCSI command 0x3c-- guessing data in;
[   94.040651]    program repro not setting count and/or reply_len properly
[   94.049533] sg_write: data in/out 3278044/1 bytes for SCSI command 0x3c-- guessing data in;
[   94.049533]    program repro not setting count and/or reply_len properly
[   94.058147] sg_write: data in/out 3278044/1 bytes for SCSI command 0x3c-- guessing data in;
[   94.058147]    program repro not setting count and/or reply_len properly
[   94.066579] sg_write: data in/out 3278044/1 bytes for SCSI command 0x3c-- guessing data in;
[   94.066579]    program repro not setting count and/or reply_len properly
[   94.075029] sg_write: data in/out 3278044/1 bytes for SCSI command 0x3c-- guessing data in;
[   94.075029]    program repro not setting count and/or reply_len properly
[   94.083617] sg_write: data in/out 3278044/1 bytes for SCSI command 0x3c-- guessing data in;
[   94.083617]    program repro not setting count and/or reply_len properly
[   94.092390] sg_write: data in/out 3278044/1 bytes for SCSI command 0x3c-- guessing data in;
[   94.092390]    program repro not setting count and/or reply_len properly
[   94.101163] sg_write: data in/out 3278044/1 bytes for SCSI command 0x3c-- guessing data in;
[   94.101163]    program repro not setting count and/or reply_len properly
[   99.030665] sg_write: 664 callbacks suppressed
[   99.030683] sg_write: data in/out 3278044/1 bytes for SCSI command 0x3c-- guessing data in;
[   99.030683]    program repro not setting count and/or reply_len properly
[   99.044029] sg_write: data in/out 3278044/1 bytes for SCSI command 0x3c-- guessing data in;
[   99.044029]    program repro not setting count and/or reply_len properly
[   99.056932] sg_write: data in/out 3278044/1 bytes for SCSI command 0x3c-- guessing data in;
[   99.056932]    program repro not setting count and/or reply_len properly
[   99.070083] sg_write: data in/out 3278044/1 bytes for SCSI command 0x3c-- guessing data in;
[   99.070083]    program repro not setting count and/or reply_len properly
[   99.082921] sg_write: data in/out 3278044/1 bytes for SCSI command 0x3c-- guessing data in;
[   99.082921]    program repro not setting count and/or reply_len properly
[   99.096009] sg_write: data in/out 3278044/1 bytes for SCSI command 0x3c-- guessing data in;
[   99.096009]    program repro not setting count and/or reply_len properly
[   99.108734] sg_write: data in/out 3278044/1 bytes for SCSI command 0x3c-- guessing data in;
[   99.108734]    program repro not setting count and/or reply_len properly
[   99.121542] sg_write: data in/out 3278044/1 bytes for SCSI command 0x3c-- guessing data in;
[   99.121542]    program repro not setting count and/or reply_len properly
[   99.131804] sg_write: data in/out 3278044/1 bytes for SCSI command 0x3c-- guessing data in;
[   99.131804]    program repro not setting count and/or reply_len properly
[   99.140399] sg_write: data in/out 3278044/1 bytes for SCSI command 0x3c-- guessing data in;
[   99.140399]    program repro not setting count and/or reply_len properly
[  104.036305] sg_write: 664 callbacks suppressed
[  104.036317] sg_write: data in/out 3278044/1 bytes for SCSI command 0x3c-- guessing data in;
[  104.036317]    program repro not setting count and/or reply_len properly
[  104.044545] sg_write: data in/out 3278044/1 bytes for SCSI command 0x3c-- guessing data in;
[  104.044545]    program repro not setting count and/or reply_len properly
[  104.052457] sg_write: data in/out 3278044/1 bytes for SCSI command 0x3c-- guessing data in;
[  104.052457]    program repro not setting count and/or reply_len properly
[  104.060575] sg_write: data in/out 3278044/1 bytes for SCSI command 0x3c-- guessing data in;
[  104.060575]    program repro not setting count and/or reply_len properly
[  104.068568] sg_write: data in/out 3278044/1 bytes for SCSI command 0x3c-- guessing data in;
[  104.068568]    program repro not setting count and/or reply_len properly
[  104.076724] sg_write: data in/out 3278044/1 bytes for SCSI command 0x3c-- guessing data in;
[  104.076724]    program repro not setting count and/or reply_len properly
[  104.084857] sg_write: data in/out 3278044/1 bytes for SCSI command 0x3c-- guessing data in;
[  104.084857]    program repro not setting count and/or reply_len properly
[  104.093232] sg_write: data in/out 3278044/1 bytes for SCSI command 0x3c-- guessing data in;
[  104.093232]    program repro not setting count and/or reply_len properly
[  104.104824] sg_write: data in/out 3278044/1 bytes for SCSI command 0x3c-- guessing data in;
[  104.104824]    program repro not setting count and/or reply_len properly
[  104.113436] sg_write: data in/out 3278044/1 bytes for SCSI command 0x3c-- guessing data in;
[  104.113436]    program repro not setting count and/or reply_len properly
[  109.038496] sg_write: 629 callbacks suppressed
[  109.038508] sg_write: data in/out 3278044/1 bytes for SCSI command 0x3c-- guessing data in;
[  109.038508]    program repro not setting count and/or reply_len properly
[  109.047040] sg_write: data in/out 3278044/1 bytes for SCSI command 0x3c-- guessing data in;
[  109.047040]    program repro not setting count and/or reply_len properly
[  109.055315] sg_write: data in/out 3278044/1 bytes for SCSI command 0x3c-- guessing data in;
[  109.055315]    program repro not setting count and/or reply_len properly
[  109.063531] sg_write: data in/out 3278044/1 bytes for SCSI command 0x3c-- guessing data in;
[  109.063531]    program repro not setting count and/or reply_len properly
[  109.071686] sg_write: data in/out 3278044/1 bytes for SCSI command 0x3c-- guessing data in;
[  109.071686]    program repro not setting count and/or reply_len properly
[  109.079967] sg_write: data in/out 3278044/1 bytes for SCSI command 0x3c-- guessing data in;
[  109.079967]    program repro not setting count and/or reply_len properly
[  109.088452] sg_write: data in/out 3278044/1 bytes for SCSI command 0x3c-- guessing data in;
[  109.088452]    program repro not setting count and/or reply_len properly
[  109.096915] sg_write: data in/out 3278044/1 bytes for SCSI command 0x3c-- guessing data in;
[  109.096915]    program repro not setting count and/or reply_len properly
[  109.105470] sg_write: data in/out 3278044/1 bytes for SCSI command 0x3c-- guessing data in;
[  109.105470]    program repro not setting count and/or reply_len properly
[  109.114009] sg_write: data in/out 3278044/1 bytes for SCSI command 0x3c-- guessing data in;
[  109.114009]    program repro not setting count and/or reply_len properly
[  114.051277] sg_write: 574 callbacks suppressed
[  114.051315] sg_write: data in/out 3278044/1 bytes for SCSI command 0x3c-- guessing data in;
[  114.051315]    program repro not setting count and/or reply_len properly
[  114.066441] sg_write: data in/out 3278044/1 bytes for SCSI command 0x3c-- guessing data in;
[  114.066441]    program repro not setting count and/or reply_len properly
[  114.080962] sg_write: data in/out 3278044/1 bytes for SCSI command 0x3c-- guessing data in;
[  114.080962]    program repro not setting count and/or reply_len properly
[  114.095932] sg_write: data in/out 3278044/1 bytes for SCSI command 0x3c-- guessing data in;
[  114.095932]    program repro not setting count and/or reply_len properly
[  114.111061] sg_write: data in/out 3278044/1 bytes for SCSI command 0x3c-- guessing data in;
[  114.111061]    program repro not setting count and/or reply_len properly
[  114.125789] sg_write: data in/out 3278044/1 bytes for SCSI command 0x3c-- guessing data in;
[  114.125789]    program repro not setting count and/or reply_len properly
[  114.140302] sg_write: data in/out 3278044/1 bytes for SCSI command 0x3c-- guessing data in;
[  114.140302]    program repro not setting count and/or reply_len properly
[  114.155106] sg_write: data in/out 3278044/1 bytes for SCSI command 0x3c-- guessing data in;
[  114.155106]    program repro not setting count and/or reply_len properly
[  114.169426] sg_write: data in/out 3278044/1 bytes for SCSI command 0x3c-- guessing data in;
[  114.169426]    program repro not setting count and/or reply_len properly
[  114.183772] sg_write: data in/out 3278044/1 bytes for SCSI command 0x3c-- guessing data in;
[  114.183772]    program repro not setting count and/or reply_len properly
[  119.060627] sg_write: 452 callbacks suppressed
[  119.060646] sg_write: data in/out 3278044/1 bytes for SCSI command 0x3c-- guessing data in;
[  119.060646]    program repro not setting count and/or reply_len properly
[  119.070653] sg_write: data in/out 3278044/1 bytes for SCSI command 0x3c-- guessing data in;
[  119.070653]    program repro not setting count and/or reply_len properly
[  119.079627] sg_write: data in/out 3278044/1 bytes for SCSI command 0x3c-- guessing data in;
[  119.079627]    program repro not setting count and/or reply_len properly
[  119.089185] sg_write: data in/out 3278044/1 bytes for SCSI command 0x3c-- guessing data in;
[  119.089185]    program repro not setting count and/or reply_len properly
[  119.098525] sg_write: data in/out 3278044/1 bytes for SCSI command 0x3c-- guessing data in;
[  119.098525]    program repro not setting count and/or reply_len properly
[  119.107727] sg_write: data in/out 3278044/1 bytes for SCSI command 0x3c-- guessing data in;
[  119.107727]    program repro not setting count and/or reply_len properly
[  119.118629] sg_write: data in/out 3278044/1 bytes for SCSI command 0x3c-- guessing data in;
[  119.118629]    program repro not setting count and/or reply_len properly
[  119.131488] sg_write: data in/out 3278044/1 bytes for SCSI command 0x3c-- guessing data in;
[  119.131488]    program repro not setting count and/or reply_len properly
[  119.140459] sg_write: data in/out 3278044/1 bytes for SCSI command 0x3c-- guessing data in;
[  119.140459]    program repro not setting count and/or reply_len properly
[  119.149515] sg_write: data in/out 3278044/1 bytes for SCSI command 0x3c-- guessing data in;
[  119.149515]    program repro not setting count and/or reply_len properly
[  124.062364] sg_write: 536 callbacks suppressed
[  124.062376] sg_write: data in/out 3278044/1 bytes for SCSI command 0x3c-- guessing data in;
[  124.062376]    program repro not setting count and/or reply_len properly
[  124.071122] sg_write: data in/out 3278044/1 bytes for SCSI command 0x3c-- guessing data in;
[  124.071122]    program repro not setting count and/or reply_len properly
[  124.079626] sg_write: data in/out 3278044/1 bytes for SCSI command 0x3c-- guessing data in;
[  124.079626]    program repro not setting count and/or reply_len properly
[  124.088292] sg_write: data in/out 3278044/1 bytes for SCSI command 0x3c-- guessing data in;
[  124.088292]    program repro not setting count and/or reply_len properly
[  124.096692] sg_write: data in/out 3278044/1 bytes for SCSI command 0x3c-- guessing data in;
[  124.096692]    program repro not setting count and/or reply_len properly
[  124.105092] sg_write: data in/out 3278044/1 bytes for SCSI command 0x3c-- guessing data in;
[  124.105092]    program repro not setting count and/or reply_len properly
[  124.113874] sg_write: data in/out 3278044/1 bytes for SCSI command 0x3c-- guessing data in;
[  124.113874]    program repro not setting count and/or reply_len properly
[  124.122891] sg_write: data in/out 3278044/1 bytes for SCSI command 0x3c-- guessing data in;
[  124.122891]    program repro not setting count and/or reply_len properly
[  124.131612] sg_write: data in/out 3278044/1 bytes for SCSI command 0x3c-- guessing data in;
[  124.131612]    program repro not setting count and/or reply_len properly
[  124.140126] sg_write: data in/out 3278044/1 bytes for SCSI command 0x3c-- guessing data in;
[  124.140126]    program repro not setting count and/or reply_len properly
[  129.076292] sg_write: 676 callbacks suppressed
[  129.076312] sg_write: data in/out 3278044/1 bytes for SCSI command 0x3c-- guessing data in;
[  129.076312]    program repro not setting count and/or reply_len properly
[  129.090656] sg_write: data in/out 3278044/1 bytes for SCSI command 0x3c-- guessing data in;
[  129.090656]    program repro not setting count and/or reply_len properly
[  129.100638] sg_write: data in/out 3278044/1 bytes for SCSI command 0x3c-- guessing data in;
[  129.100638]    program repro not setting count and/or reply_len properly
[  129.109749] sg_write: data in/out 3278044/1 bytes for SCSI command 0x3c-- guessing data in;
[  129.109749]    program repro not setting count and/or reply_len properly
[  129.118724] sg_write: data in/out 3278044/1 bytes for SCSI command 0x3c-- guessing data in;
[  129.118724]    program repro not setting count and/or reply_len properly
[  129.127743] sg_write: data in/out 3278044/1 bytes for SCSI command 0x3c-- guessing data in;
[  129.127743]    program repro not setting count and/or reply_len properly
[  129.136696] sg_write: data in/out 3278044/1 bytes for SCSI command 0x3c-- guessing data in;
[  129.136696]    program repro not setting count and/or reply_len properly
[  129.145746] sg_write: data in/out 3278044/1 bytes for SCSI command 0x3c-- guessing data in;
[  129.145746]    program repro not setting count and/or reply_len properly
[  129.154793] sg_write: data in/out 3278044/1 bytes for SCSI command 0x3c-- guessing data in;
[  129.154793]    program repro not setting count and/or reply_len properly
[  129.163823] sg_write: data in/out 3278044/1 bytes for SCSI command 0x3c-- guessing data in;
[  129.163823]    program repro not setting count and/or reply_len properly
[  134.081637] sg_write: 685 callbacks suppressed
[  134.081647] sg_write: data in/out 3278044/1 bytes for SCSI command 0x3c-- guessing data in;
[  134.081647]    program repro not setting count and/or reply_len properly
[  134.088440] sg_write: data in/out 3278044/1 bytes for SCSI command 0x3c-- guessing data in;
[  134.088440]    program repro not setting count and/or reply_len properly
[  134.095136] sg_write: data in/out 3278044/1 bytes for SCSI command 0x3c-- guessing data in;
[  134.095136]    program repro not setting count and/or reply_len properly
[  134.101923] sg_write: data in/out 3278044/1 bytes for SCSI command 0x3c-- guessing data in;
[  134.101923]    program repro not setting count and/or reply_len properly
[  134.108575] sg_write: data in/out 3278044/1 bytes for SCSI command 0x3c-- guessing data in;
[  134.108575]    program repro not setting count and/or reply_len properly
[  134.115166] sg_write: data in/out 3278044/1 bytes for SCSI command 0x3c-- guessing data in;
[  134.115166]    program repro not setting count and/or reply_len properly
[  134.121785] sg_write: data in/out 3278044/1 bytes for SCSI command 0x3c-- guessing data in;
[  134.121785]    program repro not setting count and/or reply_len properly
[  134.128298] sg_write: data in/out 3278044/1 bytes for SCSI command 0x3c-- guessing data in;
[  134.128298]    program repro not setting count and/or reply_len properly
[  134.134834] sg_write: data in/out 3278044/1 bytes for SCSI command 0x3c-- guessing data in;
[  134.134834]    program repro not setting count and/or reply_len properly
[  134.141507] sg_write: data in/out 3278044/1 bytes for SCSI command 0x3c-- guessing data in;
[  134.141507]    program repro not setting count and/or reply_len properly
[  139.086165] sg_write: 801 callbacks suppressed
[  139.086176] sg_write: data in/out 3278044/1 bytes for SCSI command 0x3c-- guessing data in;
[  139.086176]    program repro not setting count and/or reply_len properly
[  139.093321] sg_write: data in/out 3278044/1 bytes for SCSI command 0x3c-- guessing data in;
[  139.093321]    program repro not setting count and/or reply_len properly
[  139.100139] sg_write: data in/out 3278044/1 bytes for SCSI command 0x3c-- guessing data in;
[  139.100139]    program repro not setting count and/or reply_len properly
[  139.107035] sg_write: data in/out 3278044/1 bytes for SCSI command 0x3c-- guessing data in;
[  139.107035]    program repro not setting count and/or reply_len properly
[  139.113822] sg_write: data in/out 3278044/1 bytes for SCSI command 0x3c-- guessing data in;
[  139.113822]    program repro not setting count and/or reply_len properly
[  139.120751] sg_write: data in/out 3278044/1 bytes for SCSI command 0x3c-- guessing data in;
[  139.120751]    program repro not setting count and/or reply_len properly
[  139.127620] sg_write: data in/out 3278044/1 bytes for SCSI command 0x3c-- guessing data in;
[  139.127620]    program repro not setting count and/or reply_len properly
[  139.134460] sg_write: data in/out 3278044/1 bytes for SCSI command 0x3c-- guessing data in;
[  139.134460]    program repro not setting count and/or reply_len properly
[  139.141128] sg_write: data in/out 3278044/1 bytes for SCSI command 0x3c-- guessing data in;
[  139.141128]    program repro not setting count and/or reply_len properly
[  139.147790] sg_write: data in/out 3278044/1 bytes for SCSI command 0x3c-- guessing data in;
[  139.147790]    program repro not setting count and/or reply_len properly
[  144.090876] sg_write: 748 callbacks suppressed
[  144.090888] sg_write: data in/out 3278044/1 bytes for SCSI command 0x3c-- guessing data in;
[  144.090888]    program repro not setting count and/or reply_len properly
[  144.099001] sg_write: data in/out 3278044/1 bytes for SCSI command 0x3c-- guessing data in;
[  144.099001]    program repro not setting count and/or reply_len properly
[  144.106797] sg_write: data in/out 3278044/1 bytes for SCSI command 0x3c-- guessing data in;
[  144.106797]    program repro not setting count and/or reply_len properly
[  144.114322] sg_write: data in/out 3278044/1 bytes for SCSI command 0x3c-- guessing data in;
[  144.114322]    program repro not setting count and/or reply_len properly
[  144.121899] sg_write: data in/out 3278044/1 bytes for SCSI command 0x3c-- guessing data in;
[  144.121899]    program repro not setting count and/or reply_len properly
[  144.129465] sg_write: data in/out 3278044/1 bytes for SCSI command 0x3c-- guessing data in;
[  144.129465]    program repro not setting count and/or reply_len properly
[  144.137094] sg_write: data in/out 3278044/1 bytes for SCSI command 0x3c-- guessing data in;
[  144.137094]    program repro not setting count and/or reply_len properly
[  144.144700] sg_write: data in/out 3278044/1 bytes for SCSI command 0x3c-- guessing data in;
[  144.144700]    program repro not setting count and/or reply_len properly
[  144.152333] sg_write: data in/out 3278044/1 bytes for SCSI command 0x3c-- guessing data in;
[  144.152333]    program repro not setting count and/or reply_len properly
[  144.159885] sg_write: data in/out 3278044/1 bytes for SCSI command 0x3c-- guessing data in;
[  144.159885]    program repro not setting count and/or reply_len properly
[  149.093692] sg_write: 732 callbacks suppressed
[  149.093704] sg_write: data in/out 3278044/1 bytes for SCSI command 0x3c-- guessing data in;
[  149.093704]    program repro not setting count and/or reply_len properly
[  149.101771] sg_write: data in/out 3278044/1 bytes for SCSI command 0x3c-- guessing data in;
[  149.101771]    program repro not setting count and/or reply_len properly
[  149.109737] sg_write: data in/out 3278044/1 bytes for SCSI command 0x3c-- guessing data in;
[  149.109737]    program repro not setting count and/or reply_len properly
[  149.117679] sg_write: data in/out 3278044/1 bytes for SCSI command 0x3c-- guessing data in;
[  149.117679]    program repro not setting count and/or reply_len properly
[  149.125546] sg_write: data in/out 3278044/1 bytes for SCSI command 0x3c-- guessing data in;
[  149.125546]    program repro not setting count and/or reply_len properly
[  149.133490] sg_write: data in/out 3278044/1 bytes for SCSI command 0x3c-- guessing data in;
[  149.133490]    program repro not setting count and/or reply_len properly
[  149.141230] sg_write: data in/out 3278044/1 bytes for SCSI command 0x3c-- guessing data in;
[  149.141230]    program repro not setting count and/or reply_len properly
[  149.149156] sg_write: data in/out 3278044/1 bytes for SCSI command 0x3c-- guessing data in;
[  149.149156]    program repro not setting count and/or reply_len properly
[  149.157119] sg_write: data in/out 3278044/1 bytes for SCSI command 0x3c-- guessing data in;
[  149.157119]    program repro not setting count and/or reply_len properly
[  149.165012] sg_write: data in/out 3278044/1 bytes for SCSI command 0x3c-- guessing data in;
[  149.165012]    program repro not setting count and/or reply_len properly
[  154.103197] sg_write: 728 callbacks suppressed
[  154.103209] sg_write: data in/out 3278044/1 bytes for SCSI command 0x3c-- guessing data in;
[  154.103209]    program repro not setting count and/or reply_len properly
[  154.111531] sg_write: data in/out 3278044/1 bytes for SCSI command 0x3c-- guessing data in;
[  154.111531]    program repro not setting count and/or reply_len properly
[  154.119377] sg_write: data in/out 3278044/1 bytes for SCSI command 0x3c-- guessing data in;
[  154.119377]    program repro not setting count and/or reply_len properly
[  154.127300] sg_write: data in/out 3278044/1 bytes for SCSI command 0x3c-- guessing data in;
[  154.127300]    program repro not setting count and/or reply_len properly
[  154.135194] sg_write: data in/out 3278044/1 bytes for SCSI command 0x3c-- guessing data in;
[  154.135194]    program repro not setting count and/or reply_len properly
[  154.142971] sg_write: data in/out 3278044/1 bytes for SCSI command 0x3c-- guessing data in;
[  154.142971]    program repro not setting count and/or reply_len properly
[  154.150814] sg_write: data in/out 3278044/1 bytes for SCSI command 0x3c-- guessing data in;
[  154.150814]    program repro not setting count and/or reply_len properly
[  154.158942] sg_write: data in/out 3278044/1 bytes for SCSI command 0x3c-- guessing data in;
[  154.158942]    program repro not setting count and/or reply_len properly
[  154.166891] sg_write: data in/out 3278044/1 bytes for SCSI command 0x3c-- guessing data in;
[  154.166891]    program repro not setting count and/or reply_len properly
[  154.174781] sg_write: data in/out 3278044/1 bytes for SCSI command 0x3c-- guessing data in;
[  154.174781]    program repro not setting count and/or reply_len properly
[  159.108653] sg_write: 759 callbacks suppressed
[  159.108664] sg_write: data in/out 3278044/1 bytes for SCSI command 0x3c-- guessing data in;
[  159.108664]    program repro not setting count and/or reply_len properly
[  159.116701] sg_write: data in/out 3278044/1 bytes for SCSI command 0x3c-- guessing data in;
[  159.116701]    program repro not setting count and/or reply_len properly
[  159.124349] sg_write: data in/out 3278044/1 bytes for SCSI command 0x3c-- guessing data in;
[  159.124349]    program repro not setting count and/or reply_len properly
[  159.133355] sg_write: data in/out 3278044/1 bytes for SCSI command 0x3c-- guessing data in;
[  159.133355]    program repro not setting count and/or reply_len properly
[  159.143507] sg_write: data in/out 3278044/1 bytes for SCSI command 0x3c-- guessing data in;
[  159.143507]    program repro not setting count and/or reply_len properly
[  159.151405] sg_write: data in/out 3278044/1 bytes for SCSI command 0x3c-- guessing data in;
[  159.151405]    program repro not setting count and/or reply_len properly
[  159.159101] sg_write: data in/out 3278044/1 bytes for SCSI command 0x3c-- guessing data in;
[  159.159101]    program repro not setting count and/or reply_len properly
[  159.166893] sg_write: data in/out 3278044/1 bytes for SCSI command 0x3c-- guessing data in;
[  159.166893]    program repro not setting count and/or reply_len properly
[  159.174459] sg_write: data in/out 3278044/1 bytes for SCSI command 0x3c-- guessing data in;
[  159.174459]    program repro not setting count and/or reply_len properly
[  159.182091] sg_write: data in/out 3278044/1 bytes for SCSI command 0x3c-- guessing data in;
[  159.182091]    program repro not setting count and/or reply_len properly
[  164.114730] sg_write: 713 callbacks suppressed
[  164.114741] sg_write: data in/out 3278044/1 bytes for SCSI command 0x3c-- guessing data in;
[  164.114741]    program repro not setting count and/or reply_len properly
[  164.123186] sg_write: data in/out 3278044/1 bytes for SCSI command 0x3c-- guessing data in;
[  164.123186]    program repro not setting count and/or reply_len properly
[  164.131236] sg_write: data in/out 3278044/1 bytes for SCSI command 0x3c-- guessing data in;
[  164.131236]    program repro not setting count and/or reply_len properly
[  164.139458] sg_write: data in/out 3278044/1 bytes for SCSI command 0x3c-- guessing data in;
[  164.139458]    program repro not setting count and/or reply_len properly
[  164.147670] sg_write: data in/out 3278044/1 bytes for SCSI command 0x3c-- guessing data in;
[  164.147670]    program repro not setting count and/or reply_len properly
[  164.155835] sg_write: data in/out 3278044/1 bytes for SCSI command 0x3c-- guessing data in;
[  164.155835]    program repro not setting count and/or reply_len properly
[  164.164061] sg_write: data in/out 3278044/1 bytes for SCSI command 0x3c-- guessing data in;
[  164.164061]    program repro not setting count and/or reply_len properly
[  164.172274] sg_write: data in/out 3278044/1 bytes for SCSI command 0x3c-- guessing data in;
[  164.172274]    program repro not setting count and/or reply_len properly
[  164.180785] sg_write: data in/out 3278044/1 bytes for SCSI command 0x3c-- guessing data in;
[  164.180785]    program repro not setting count and/or reply_len properly
[  164.188676] sg_write: data in/out 3278044/1 bytes for SCSI command 0x3c-- guessing data in;
[  164.188676]    program repro not setting count and/or reply_len properly
[  169.119282] sg_write: 725 callbacks suppressed
[  169.119296] sg_write: data in/out 3278044/1 bytes for SCSI command 0x3c-- guessing data in;
[  169.119296]    program repro not setting count and/or reply_len properly
[  169.128466] sg_write: data in/out 3278044/1 bytes for SCSI command 0x3c-- guessing data in;
[  169.128466]    program repro not setting count and/or reply_len properly
[  169.137311] sg_write: data in/out 3278044/1 bytes for SCSI command 0x3c-- guessing data in;
[  169.137311]    program repro not setting count and/or reply_len properly
[  169.146064] sg_write: data in/out 3278044/1 bytes for SCSI command 0x3c-- guessing data in;
[  169.146064]    program repro not setting count and/or reply_len properly
[  169.154752] sg_write: data in/out 3278044/1 bytes for SCSI command 0x3c-- guessing data in;
[  169.154752]    program repro not setting count and/or reply_len properly
[  169.163495] sg_write: data in/out 3278044/1 bytes for SCSI command 0x3c-- guessing data in;
[  169.163495]    program repro not setting count and/or reply_len properly
[  169.172216] sg_write: data in/out 3278044/1 bytes for SCSI command 0x3c-- guessing data in;
[  169.172216]    program repro not setting count and/or reply_len properly
[  169.180942] sg_write: data in/out 3278044/1 bytes for SCSI command 0x3c-- guessing data in;
[  169.180942]    program repro not setting count and/or reply_len properly
[  169.189723] sg_write: data in/out 3278044/1 bytes for SCSI command 0x3c-- guessing data in;
[  169.189723]    program repro not setting count and/or reply_len properly
[  169.198382] sg_write: data in/out 3278044/1 bytes for SCSI command 0x3c-- guessing data in;
[  169.198382]    program repro not setting count and/or reply_len properly
[  174.124308] sg_write: 672 callbacks suppressed
[  174.124319] sg_write: data in/out 3278044/1 bytes for SCSI command 0x3c-- guessing data in;
[  174.124319]    program repro not setting count and/or reply_len properly
[  174.132637] sg_write: data in/out 3278044/1 bytes for SCSI command 0x3c-- guessing data in;
[  174.132637]    program repro not setting count and/or reply_len properly
[  174.140473] sg_write: data in/out 3278044/1 bytes for SCSI command 0x3c-- guessing data in;
[  174.140473]    program repro not setting count and/or reply_len properly
[  174.148384] sg_write: data in/out 3278044/1 bytes for SCSI command 0x3c-- guessing data in;
[  174.148384]    program repro not setting count and/or reply_len properly
[  174.156191] sg_write: data in/out 3278044/1 bytes for SCSI command 0x3c-- guessing data in;
[  174.156191]    program repro not setting count and/or reply_len properly
[  174.165692] sg_write: data in/out 3278044/1 bytes for SCSI command 0x3c-- guessing data in;
[  174.165692]    program repro not setting count and/or reply_len properly
[  174.177479] sg_write: data in/out 3278044/1 bytes for SCSI command 0x3c-- guessing data in;
[  174.177479]    program repro not setting count and/or reply_len properly
[  174.189107] sg_write: data in/out 3278044/1 bytes for SCSI command 0x3c-- guessing data in;
[  174.189107]    program repro not setting count and/or reply_len properly
[  174.199402] sg_write: data in/out 3278044/1 bytes for SCSI command 0x3c-- guessing data in;
[  174.199402]    program repro not setting count and/or reply_len properly
[  174.206862] sg_write: data in/out 3278044/1 bytes for SCSI command 0x3c-- guessing data in;
[  174.206862]    program repro not setting count and/or reply_len properly
