c[?7l[2J[0mSeaBIOS (version rel-1.16.0-0-gd239552ce722-prebuilt.qemu.org)


iPXE (http://ipxe.org) 00:03.0 CA00 PCI2.10 PnP PMM+7FF91000+7FEF1000 CA00
Press Ctrl-B to configure iPXE (PCI 00:03.0)...                                                                               


Booting from ROM...
c[?7l[2J[    0.000000] Linux version 5.19.0-12b68040a5e4+ (root@p-rpls01) (gcc (GCC) 8.5.0 20210514 (Red Hat 8.5.0-18), GNU ld version 2.36.1-2.el8) #1 SMP PREEMPT_DYNAMIC Mon Feb 13 12:21:19 CST 2023
[    0.000000] Command line: console=ttyS0 root=/dev/sda earlyprintk=serial net.ifnames=0
[    0.000000] KERNEL supported cpus:
[    0.000000]   Intel GenuineIntel
[    0.000000]   AMD AuthenticAMD
[    0.000000]   Hygon HygonGenuine
[    0.000000]   Centaur CentaurHauls
[    0.000000]   zhaoxin   Shanghai  
[    0.000000] x86/fpu: Supporting XSAVE feature 0x001: 'x87 floating point registers'
[    0.000000] x86/fpu: Supporting XSAVE feature 0x002: 'SSE registers'
[    0.000000] x86/fpu: Supporting XSAVE feature 0x004: 'AVX registers'
[    0.000000] x86/fpu: Supporting XSAVE feature 0x200: 'Protection Keys User registers'
[    0.000000] x86/fpu: xstate_offset[2]:  576, xstate_sizes[2]:  256
[    0.000000] x86/fpu: xstate_offset[9]:  832, xstate_sizes[9]:    8
[    0.000000] x86/fpu: Enabled xstate features 0x207, context size is 840 bytes, using 'compacted' format.
[    0.000000] signal: max sigframe size: 3632
[    0.000000] BIOS-provided physical RAM map:
[    0.000000] BIOS-e820: [mem 0x0000000000000000-0x000000000009fbff] usable
[    0.000000] BIOS-e820: [mem 0x000000000009fc00-0x000000000009ffff] reserved
[    0.000000] BIOS-e820: [mem 0x00000000000f0000-0x00000000000fffff] reserved
[    0.000000] BIOS-e820: [mem 0x0000000000100000-0x000000007ffdffff] usable
[    0.000000] BIOS-e820: [mem 0x000000007ffe0000-0x000000007fffffff] reserved
[    0.000000] BIOS-e820: [mem 0x00000000feffc000-0x00000000feffffff] reserved
[    0.000000] BIOS-e820: [mem 0x00000000fffc0000-0x00000000ffffffff] reserved
[    0.000000] printk: bootconsole [earlyser0] enabled
[    0.000000] NX (Execute Disable) protection: active
[    0.000000] SMBIOS 2.8 present.
[    0.000000] DMI: QEMU Standard PC (i440FX + PIIX, 1996), BIOS rel-1.16.0-0-gd239552ce722-prebuilt.qemu.org 04/01/2014
[    0.000000] Hypervisor detected: KVM
[    0.000000] kvm-clock: Using msrs 4b564d01 and 4b564d00
[    0.000005] kvm-clock: using sched offset of 478082534 cycles
[    0.001261] clocksource: kvm-clock: mask: 0xffffffffffffffff max_cycles: 0x1cd42e4dffb, max_idle_ns: 881590591483 ns
[    0.005117] tsc: Detected 806.400 MHz processor
[    0.014960] last_pfn = 0x7ffe0 max_arch_pfn = 0x400000000
[    0.016481] x86/PAT: Configuration [0-7]: WB  WC  UC- UC  WB  WP  UC- WT  
[    0.024265] found SMP MP-table at [mem 0x000f5ba0-0x000f5baf]
[    0.025762] Using GB pages for direct mapping
[    0.028139] ACPI: Early table checksum verification disabled
[    0.029390] ACPI: RSDP 0x00000000000F59C0 000014 (v00 BOCHS )
[    0.030657] ACPI: RSDT 0x000000007FFE1951 000034 (v01 BOCHS  BXPC     00000001 BXPC 00000001)
[    0.032529] ACPI: FACP 0x000000007FFE17FD 000074 (v01 BOCHS  BXPC     00000001 BXPC 00000001)
[    0.034407] ACPI: DSDT 0x000000007FFE0040 0017BD (v01 BOCHS  BXPC     00000001 BXPC 00000001)
[    0.036273] ACPI: FACS 0x000000007FFE0000 000040
[    0.037301] ACPI: APIC 0x000000007FFE1871 000080 (v01 BOCHS  BXPC     00000001 BXPC 00000001)
[    0.039172] ACPI: HPET 0x000000007FFE18F1 000038 (v01 BOCHS  BXPC     00000001 BXPC 00000001)
[    0.041045] ACPI: WAET 0x000000007FFE1929 000028 (v01 BOCHS  BXPC     00000001 BXPC 00000001)
[    0.042911] ACPI: Reserving FACP table memory at [mem 0x7ffe17fd-0x7ffe1870]
[    0.044446] ACPI: Reserving DSDT table memory at [mem 0x7ffe0040-0x7ffe17fc]
[    0.045987] ACPI: Reserving FACS table memory at [mem 0x7ffe0000-0x7ffe003f]
[    0.047520] ACPI: Reserving APIC table memory at [mem 0x7ffe1871-0x7ffe18f0]
[    0.049059] ACPI: Reserving HPET table memory at [mem 0x7ffe18f1-0x7ffe1928]
[    0.050601] ACPI: Reserving WAET table memory at [mem 0x7ffe1929-0x7ffe1950]
[    0.053559] No NUMA configuration found
[    0.054408] Faking a node at [mem 0x0000000000000000-0x000000007ffdffff]
[    0.055942] NODE_DATA(0) allocated [mem 0x7ffb5000-0x7ffdffff]
[    0.061728] Zone ranges:
[    0.062291]   DMA      [mem 0x0000000000001000-0x0000000000ffffff]
[    0.063637]   DMA32    [mem 0x0000000001000000-0x000000007ffdffff]
[    0.065076]   Normal   empty
[    0.065728]   Device   empty
[    0.066376] Movable zone start for each node
[    0.067321] Early memory node ranges
[    0.068110]   node   0: [mem 0x0000000000001000-0x000000000009efff]
[    0.069522]   node   0: [mem 0x0000000000100000-0x000000007ffdffff]
[    0.070913] Initmem setup node 0 [mem 0x0000000000001000-0x000000007ffdffff]
[    0.072813] On node 0, zone DMA: 1 pages in unavailable ranges
[    0.072835] On node 0, zone DMA: 97 pages in unavailable ranges
[    0.080601] On node 0, zone DMA32: 32 pages in unavailable ranges
[    0.082688] ACPI: PM-Timer IO Port: 0x608
[    0.084959] ACPI: LAPIC_NMI (acpi_id[0xff] dfl dfl lint[0x1])
[    0.086292] IOAPIC[0]: apic_id 0, version 17, address 0xfec00000, GSI 0-23
[    0.087725] ACPI: INT_SRC_OVR (bus 0 bus_irq 0 global_irq 2 dfl dfl)
[    0.089039] ACPI: INT_SRC_OVR (bus 0 bus_irq 5 global_irq 5 high level)
[    0.090375] ACPI: INT_SRC_OVR (bus 0 bus_irq 9 global_irq 9 high level)
[    0.091731] ACPI: INT_SRC_OVR (bus 0 bus_irq 10 global_irq 10 high level)
[    0.093129] ACPI: INT_SRC_OVR (bus 0 bus_irq 11 global_irq 11 high level)
[    0.094537] ACPI: Using ACPI (MADT) for SMP configuration information
[    0.095853] ACPI: HPET id: 0x8086a201 base: 0xfed00000
[    0.096921] TSC deadline timer available
[    0.097730] smpboot: Allowing 2 CPUs, 0 hotplug CPUs
[    0.098929] kvm-guest: KVM setup pv remote TLB flush
[    0.099961] kvm-guest: setup PV sched yield
[    0.100887] PM: hibernation: Registered nosave memory: [mem 0x00000000-0x00000fff]
[    0.102469] PM: hibernation: Registered nosave memory: [mem 0x0009f000-0x0009ffff]
[    0.104034] PM: hibernation: Registered nosave memory: [mem 0x000a0000-0x000effff]
[    0.105608] PM: hibernation: Registered nosave memory: [mem 0x000f0000-0x000fffff]
[    0.107178] [mem 0x80000000-0xfeffbfff] available for PCI devices
[    0.108440] Booting paravirtualized kernel on KVM
[    0.109426] clocksource: refined-jiffies: mask: 0xffffffff max_cycles: 0xffffffff, max_idle_ns: 7645519600211568 ns
[    0.111602] setup_percpu: NR_CPUS:8192 nr_cpumask_bits:2 nr_cpu_ids:2 nr_node_ids:1
[    0.113636] percpu: Embedded 64 pages/cpu s225280 r8192 d28672 u1048576
[    0.115290] kvm-guest: PV spinlocks enabled
[    0.116170] PV qspinlock hash table entries: 256 (order: 0, 4096 bytes, linear)
[    0.117719] Fallback order for Node 0: 0 
[    0.118573] Built 1 zonelists, mobility grouping on.  Total pages: 515808
[    0.119983] Policy zone: DMA32
[    0.120622] Kernel command line: net.ifnames=0 console=ttyS0 root=/dev/sda earlyprintk=serial net.ifnames=0
[    0.123366] Dentry cache hash table entries: 262144 (order: 9, 2097152 bytes, linear)
[    0.125168] Inode-cache hash table entries: 131072 (order: 8, 1048576 bytes, linear)
[    0.126912] mem auto-init: stack:off, heap alloc:off, heap free:off
[    0.132994] Memory: 1985384K/2096632K available (32784K kernel code, 4523K rwdata, 8060K rodata, 3640K init, 22328K bss, 110992K reserved, 0K cma-reserved)
[    0.136971] SLUB: HWalign=64, Order=0-3, MinObjects=0, CPUs=2, Nodes=1
[    0.138300] kmemleak: Kernel memory leak detector disabled
[    0.139444] ftrace: allocating 66506 entries in 260 pages
[    0.162742] ftrace: allocated 260 pages with 2 groups
[    0.167140] Dynamic Preempt: voluntary
[    0.168034] Running RCU self tests
[    0.168687] rcu: Preemptible hierarchical RCU implementation.
[    0.169785] rcu: 	RCU lockdep checking is enabled.
[    0.170694] rcu: 	RCU restricting CPUs from NR_CPUS=8192 to nr_cpu_ids=2.
[    0.171986] 	Trampoline variant of Tasks RCU enabled.
[    0.172952] 	Rude variant of Tasks RCU enabled.
[    0.173811] 	Tracing variant of Tasks RCU enabled.
[    0.174722] rcu: RCU calculated value of scheduler-enlistment delay is 25 jiffies.
[    0.176158] rcu: Adjusting geometry for rcu_fanout_leaf=16, nr_cpu_ids=2
[    0.204370] NR_IRQS: 524544, nr_irqs: 440, preallocated irqs: 16
[    0.206001] rcu: srcu_init: Setting srcu_struct sizes based on contention.
[    0.226966] Console: colour VGA+ 80x25
[    0.227879] printk: console [ttyS0] enabled
[    0.227879] printk: console [ttyS0] enabled
[    0.229734] printk: bootconsole [earlyser0] disabled
[    0.229734] printk: bootconsole [earlyser0] disabled
[    0.231926] Lock dependency validator: Copyright (c) 2006 Red Hat, Inc., Ingo Molnar
[    0.233646] ... MAX_LOCKDEP_SUBCLASSES:  8
[    0.234590] ... MAX_LOCK_DEPTH:          48
[    0.235609] ... MAX_LOCKDEP_KEYS:        8192
[    0.236668] ... CLASSHASH_SIZE:          4096
[    0.237731] ... MAX_LOCKDEP_ENTRIES:     32768
[    0.238810] ... MAX_LOCKDEP_CHAINS:      65536
[    0.239887] ... CHAINHASH_SIZE:          32768
[    0.240976]  memory used by lock dependency info: 6365 kB
[    0.242295]  memory used for stack traces: 4224 kB
[    0.243467]  per task-struct memory footprint: 1920 bytes
[    0.244853] ACPI: Core revision 20220331
[    0.246246] clocksource: hpet: mask: 0xffffffff max_cycles: 0xffffffff, max_idle_ns: 19112604467 ns
[    0.248982] APIC: Switch to symmetric I/O mode setup
[    0.251098] x2apic enabled
[    0.252582] Switched APIC routing to physical x2apic.
[    0.254231] kvm-guest: setup PV IPIs
[    0.258599] ..TIMER: vector=0x30 apic1=0 pin1=2 apic2=-1 pin2=-1
[    0.260379] clocksource: tsc-early: mask: 0xffffffffffffffff max_cycles: 0xb9fb05486c, max_idle_ns: 440795231721 ns
[    0.263502] Calibrating delay loop (skipped) preset value.. 1612.80 BogoMIPS (lpj=3225600)
[    0.267485] pid_max: default: 32768 minimum: 301
[    0.269017] LSM: Security Framework initializing
[    0.270310] Yama: becoming mindful.
[    0.271757] Mount-cache hash table entries: 4096 (order: 3, 32768 bytes, linear)
[    0.273805] Mountpoint-cache hash table entries: 4096 (order: 3, 32768 bytes, linear)
[    0.277418] CPU0: Thermal monitoring enabled (TM1)
[    0.279719] x86/cpu: User Mode Instruction Prevention (UMIP) activated
[    0.282265] Last level iTLB entries: 4KB 0, 2MB 0, 4MB 0
[    0.283477] Last level dTLB entries: 4KB 0, 2MB 0, 4MB 0, 1GB 0
[    0.285167] Spectre V1 : Mitigation: usercopy/swapgs barriers and __user pointer sanitization
[    0.287478] Spectre V2 : WARNING: Unprivileged eBPF is enabled with eIBRS on, data leaks possible via Spectre v2 BHB attacks!
[    0.291487] Spectre V2 : Mitigation: Enhanced IBRS
[    0.292816] Spectre V2 : Spectre v2 / SpectreRSB mitigation: Filling RSB on context switch
[    0.295480] Spectre V2 : mitigation: Enabling conditional Indirect Branch Prediction Barrier
[    0.297772] Speculative Store Bypass: Mitigation: Speculative Store Bypass disabled via prctl
[    0.433485] Freeing SMP alternatives memory: 56K
[    0.435341] smpboot: CPU0: Genuine Intel(R) 0000 (family: 0x6, model: 0xb7, stepping: 0x0)
[    0.435473] cblist_init_generic: Setting adjustable number of callback queues.
[    0.435487] cblist_init_generic: Setting shift to 1 and lim to 1.
[    0.437237] cblist_init_generic: Setting shift to 1 and lim to 1.
[    0.439000] cblist_init_generic: Setting shift to 1 and lim to 1.
[    0.439544] Running RCU-tasks wait API self tests
[    0.543665] Performance Events: Alderlake Hybrid events, full-width counters, Intel PMU driver.
[    0.547028] core: cpu_core PMU driver: 
[    0.547486] ... version:                2
[    0.548535] ... bit width:              48
[    0.549603] ... generic registers:      6
[    0.550653] ... value mask:             0000ffffffffffff
[    0.551483] ... max period:             00007fffffffffff
[    0.552857] ... fixed-purpose events:   3
[    0.553907] ... event mask:             0001000f0000003f
[    0.555664] rcu: Hierarchical SRCU implementation.
[    0.556913] rcu: 	Max phase no-delay instances is 1000.
[    0.561432] Callback from call_rcu_tasks_trace() invoked.
[    0.563473] unchecked MSR access error: WRMSR to 0x38f (tried to write 0x0001000f0000003f) at rIP: 0xffffffff810ca4cc (native_write_msr+0xc/0x30)
[    0.563473] Call Trace:
[    0.563473]  <TASK>
[    0.563473]  __intel_pmu_enable_all.constprop.45+0x68/0x100
[    0.563473]  intel_pmu_enable_all+0x1e/0x30
[    0.563473]  x86_pmu_enable+0x46d/0x5a0
[    0.563473]  ? write_comp_data+0x2f/0x90
[    0.563473]  perf_pmu_enable+0x53/0x70
[    0.563473]  ctx_resched+0xab/0xf0
[    0.563473]  __perf_install_in_context+0x347/0x4b0
[    0.563473]  ? perf_duration_warn+0x50/0x50
[    0.563473]  ? perf_duration_warn+0x50/0x50
[    0.563473]  remote_function+0x80/0xa0
[    0.563473]  ? perf_duration_warn+0x50/0x50
[    0.563473]  generic_exec_single+0x124/0x190
[    0.563473]  smp_call_function_single+0x11c/0x240
[    0.563473]  ? perf_duration_warn+0x50/0x50
[    0.563473]  ? __sanitizer_cov_trace_pc+0x25/0x60
[    0.563473]  ? write_comp_data+0x2f/0x90
[    0.563473]  perf_install_in_context+0x2e8/0x310
[    0.563473]  ? ctx_resched+0xf0/0xf0
[    0.563473]  perf_event_create_kernel_counter+0x16a/0x200
[    0.563473]  ? hardlockup_detector_event_create+0xd0/0xd0
[    0.563473]  hardlockup_detector_event_create+0x46/0xd0
[    0.563473]  hardlockup_detector_perf_init+0x18/0x66
[    0.563473]  watchdog_nmi_probe+0x17/0x1d
[    0.563473]  lockup_detector_init+0x40/0xaf
[    0.563473]  kernel_init_freeable+0x264/0x411
[    0.563473]  ? rest_init+0x240/0x240
[    0.563473]  kernel_init+0x24/0x1e0
[    0.563473]  ? rest_init+0x240/0x240
[    0.563473]  ret_from_fork+0x1f/0x30
[    0.563473]  </TASK>
[    0.563789] smp: Bringing up secondary CPUs ...
[    0.565477] x86: Booting SMP configuration:
[    0.566495] .... node  #0, CPUs:      #1
[    0.567578] smp: Brought up 1 node, 2 CPUs
[    0.569519] smpboot: Max logical packages: 1
[    0.570542] smpboot: Total of 2 processors activated (3225.60 BogoMIPS)
[    0.572925] devtmpfs: initialized
[    0.572925] x86/mm: Memory block size: 128MB
[    0.577581] clocksource: jiffies: mask: 0xffffffff max_cycles: 0xffffffff, max_idle_ns: 7645041785100000 ns
[    0.579509] futex hash table entries: 512 (order: 4, 65536 bytes, linear)
[    0.581329] pinctrl core: initialized pinctrl subsystem
[    0.583092] 
[    0.583453] *************************************************************
[    0.583489] **     NOTICE NOTICE NOTICE NOTICE NOTICE NOTICE NOTICE    **
[    0.584986] **                                                         **
[    0.586476] **  IOMMU DebugFS SUPPORT HAS BEEN ENABLED IN THIS KERNEL  **
[    0.587482] **                                                         **
[    0.588974] ** This means that this kernel is built to expose internal **
[    0.590391] ** IOMMU data structures, which may compromise security on **
[    0.591481] ** your system.                                            **
[    0.592869] **                                                         **
[    0.594262] ** If you see this message and you are not debugging the   **
[    0.595481] ** kernel, report this immediately to your vendor!         **
[    0.596866] **                                                         **
[    0.598257] **     NOTICE NOTICE NOTICE NOTICE NOTICE NOTICE NOTICE    **
[    0.599487] *************************************************************
[    0.601015] PM: RTC time: 04:44:22, date: 2023-03-06
[    0.605104] NET: Registered PF_NETLINK/PF_ROUTE protocol family
[    0.606943] DMA: preallocated 256 KiB GFP_KERNEL pool for atomic allocations
[    0.607492] DMA: preallocated 256 KiB GFP_KERNEL|GFP_DMA pool for atomic allocations
[    0.609000] DMA: preallocated 256 KiB GFP_KERNEL|GFP_DMA32 pool for atomic allocations
[    0.610591] audit: initializing netlink subsys (disabled)
[    0.611570] audit: type=2000 audit(1678077862.542:1): state=initialized audit_enabled=0 res=1
[    0.612212] thermal_sys: Registered thermal governor 'fair_share'
[    0.612999] thermal_sys: Registered thermal governor 'bang_bang'
[    0.614231] thermal_sys: Registered thermal governor 'step_wise'
[    0.615487] thermal_sys: Registered thermal governor 'user_space'
[    0.616703] cpuidle: using governor ladder
[    0.618778] cpuidle: using governor menu
[    0.619871] HugeTLB: can optimize 4095 vmemmap pages for hugepages-1048576kB
[    0.621190] acpiphp: ACPI Hot Plug PCI Controller Driver version: 0.5
[    0.622779] PCI: Using configuration type 1 for base access
[    0.639325] kprobes: kprobe jump-optimization is enabled. All kprobes are optimized if possible.
[    0.769961] HugeTLB: can optimize 7 vmemmap pages for hugepages-2048kB
[    0.771560] HugeTLB registered 1.00 GiB page size, pre-allocated 0 pages
[    0.773129] HugeTLB registered 2.00 MiB page size, pre-allocated 0 pages
[    0.777499] ACPI: Added _OSI(Module Device)
[    0.778649] ACPI: Added _OSI(Processor Device)
[    0.779492] ACPI: Added _OSI(3.0 _SCP Extensions)
[    0.780709] ACPI: Added _OSI(Processor Aggregator Device)
[    0.782096] ACPI: Added _OSI(Linux-Dell-Video)
[    0.783262] ACPI: Added _OSI(Linux-Lenovo-NV-HDMI-Audio)
[    0.783492] ACPI: Added _OSI(Linux-HPI-Hybrid-Graphics)
[    0.791249] ACPI: 1 ACPI AML tables successfully acquired and loaded
[    0.795813] ACPI: Interpreter enabled
[    0.796945] ACPI: PM: (supports S0 S3 S4 S5)
[    0.798084] ACPI: Using IOAPIC for interrupt routing
[    0.799458] PCI: Using host bridge windows from ACPI; if necessary, use "pci=nocrs" and report a bug
[    0.799486] PCI: Using E820 reservations for host bridge windows
[    0.801913] ACPI: Enabled 2 GPEs in block 00 to 0F
[    0.823054] ACPI: PCI Root Bridge [PCI0] (domain 0000 [bus 00-ff])
[    0.823503] acpi PNP0A03:00: _OSC: OS supports [ASPM ClockPM Segments MSI EDR HPX-Type3]
[    0.825640] acpi PNP0A03:00: _OSC: not requesting OS control; OS requires [ExtendedConfig ASPM ClockPM MSI]
[    0.827575] acpi PNP0A03:00: fail to add MMCONFIG information, can't access extended PCI configuration space under this bridge.
[    0.833484] acpiphp: Slot [3] registered
[    0.834632] acpiphp: Slot [4] registered
[    0.835575] acpiphp: Slot [5] registered
[    0.836706] acpiphp: Slot [6] registered
[    0.837838] acpiphp: Slot [7] registered
[    0.838969] acpiphp: Slot [8] registered
[    0.839660] acpiphp: Slot [9] registered
[    0.840813] acpiphp: Slot [10] registered
[    0.841972] acpiphp: Slot [11] registered
[    0.843156] acpiphp: Slot [12] registered
[    0.843577] acpiphp: Slot [13] registered
[    0.844741] acpiphp: Slot [14] registered
[    0.845896] acpiphp: Slot [15] registered
[    0.847042] acpiphp: Slot [16] registered
[    0.847576] acpiphp: Slot [17] registered
[    0.848774] acpiphp: Slot [18] registered
[    0.849940] acpiphp: Slot [19] registered
[    0.851092] acpiphp: Slot [20] registered
[    0.851572] acpiphp: Slot [21] registered
[    0.852736] acpiphp: Slot [22] registered
[    0.853910] acpiphp: Slot [23] registered
[    0.855073] acpiphp: Slot [24] registered
[    0.855583] acpiphp: Slot [25] registered
[    0.856748] acpiphp: Slot [26] registered
[    0.857903] acpiphp: Slot [27] registered
[    0.859065] acpiphp: Slot [28] registered
[    0.859575] acpiphp: Slot [29] registered
[    0.860730] acpiphp: Slot [30] registered
[    0.861884] acpiphp: Slot [31] registered
[    0.863000] PCI host bridge to bus 0000:00
[    0.863500] pci_bus 0000:00: root bus resource [io  0x0000-0x0cf7 window]
[    0.865282] pci_bus 0000:00: root bus resource [io  0x0d00-0xffff window]
[    0.867078] pci_bus 0000:00: root bus resource [mem 0x000a0000-0x000bffff window]
[    0.867488] pci_bus 0000:00: root bus resource [mem 0x80000000-0xfebfffff window]
[    0.869466] pci_bus 0000:00: root bus resource [mem 0x100000000-0x17fffffff window]
[    0.871502] pci_bus 0000:00: root bus resource [bus 00-ff]
[    0.873207] pci 0000:00:00.0: [8086:1237] type 00 class 0x060000
[    0.880695] pci 0000:00:01.0: [8086:7000] type 00 class 0x060100
[    0.883940] pci 0000:00:01.1: [8086:7010] type 00 class 0x010180
[    0.888034] pci 0000:00:01.1: reg 0x20: [io  0xc040-0xc04f]
[    0.890637] pci 0000:00:01.1: legacy IDE quirk: reg 0x10: [io  0x01f0-0x01f7]
[    0.891491] pci 0000:00:01.1: legacy IDE quirk: reg 0x14: [io  0x03f6]
[    0.893231] pci 0000:00:01.1: legacy IDE quirk: reg 0x18: [io  0x0170-0x0177]
[    0.895498] pci 0000:00:01.1: legacy IDE quirk: reg 0x1c: [io  0x0376]
[    0.897812] pci 0000:00:01.3: [8086:7113] type 00 class 0x068000
[    0.900476] pci 0000:00:01.3: quirk: [io  0x0600-0x063f] claimed by PIIX4 ACPI
[    0.902416] pci 0000:00:01.3: quirk: [io  0x0700-0x070f] claimed by PIIX4 SMB
[    0.905721] pci 0000:00:02.0: [1234:1111] type 00 class 0x030000
[    0.908185] pci 0000:00:02.0: reg 0x10: [mem 0xfd000000-0xfdffffff pref]
[    0.912936] pci 0000:00:02.0: reg 0x18: [mem 0xfebf0000-0xfebf0fff]
[    0.919211] pci 0000:00:02.0: reg 0x30: [mem 0xfebe0000-0xfebeffff pref]
[    0.919656] pci 0000:00:02.0: Video device with shadowed ROM at [mem 0x000c0000-0x000dffff]
[    0.927397] pci 0000:00:03.0: [8086:100e] type 00 class 0x020000
[    0.928472] pci 0000:00:03.0: reg 0x10: [mem 0xfebc0000-0xfebdffff]
[    0.930986] pci 0000:00:03.0: reg 0x14: [io  0xc000-0xc03f]
[    0.936261] pci 0000:00:03.0: reg 0x30: [mem 0xfeb80000-0xfebbffff pref]
[    0.992553] ACPI: PCI: Interrupt link LNKA configured for IRQ 10
[    0.994825] ACPI: PCI: Interrupt link LNKB configured for IRQ 10
[    0.995977] ACPI: PCI: Interrupt link LNKC configured for IRQ 11
[    0.998165] ACPI: PCI: Interrupt link LNKD configured for IRQ 11
[    0.999734] ACPI: PCI: Interrupt link LNKS configured for IRQ 9
[    1.002738] iommu: Default domain type: Translated 
[    1.003490] iommu: DMA domain TLB invalidation policy: lazy mode 
[    1.006309] SCSI subsystem initialized
[    1.007629] ACPI: bus type USB registered
[    1.008786] usbcore: registered new interface driver usbfs
[    1.010309] usbcore: registered new interface driver hub
[    1.011535] usbcore: registered new device driver usb
[    1.013022] pps_core: LinuxPPS API ver. 1 registered
[    1.014353] pps_core: Software ver. 5.3.6 - Copyright 2005-2007 Rodolfo Giometti <giometti@linux.it>
[    1.015508] PTP clock support registered
[    1.016792] EDAC MC: Ver: 3.0.0
[    1.019419] NetLabel: Initializing
[    1.019491] NetLabel:  domain hash size = 128
[    1.020666] NetLabel:  protocols = UNLABELED CIPSOv4 CALIPSO
[    1.022233] NetLabel:  unlabeled traffic allowed by default
[    1.023914] PCI: Using ACPI for IRQ routing
[    1.025466] pci 0000:00:02.0: vgaarb: setting as boot VGA device
[    1.027140] pci 0000:00:02.0: vgaarb: bridge control possible
[    1.027473] pci 0000:00:02.0: vgaarb: VGA device added: decodes=io+mem,owns=io+mem,locks=none
[    1.027493] vgaarb: loaded
[    1.028664] hpet0: at MMIO 0xfed00000, IRQs 2, 8, 0
[    1.029995] hpet0: 3 comparators, 64-bit 100.000000 MHz counter
[    3.941661] clocksource: Switched to clocksource kvm-clock
[    3.943473] VFS: Disk quotas dquot_6.6.0
[    3.943473] VFS: Dquot-cache hash table entries: 512 (order 0, 4096 bytes)
[    3.945559] pnp: PnP ACPI init
[    3.948581] pnp: PnP ACPI: found 6 devices
[    3.962148] clocksource: acpi_pm: mask: 0xffffff max_cycles: 0xffffff, max_idle_ns: 2085701024 ns
[    3.964948] NET: Registered PF_INET protocol family
[    3.966368] IP idents hash table entries: 32768 (order: 6, 262144 bytes, linear)
[    3.969374] tcp_listen_portaddr_hash hash table entries: 1024 (order: 4, 73728 bytes, linear)
[    3.971564] Table-perturb hash table entries: 65536 (order: 6, 262144 bytes, linear)
[    3.973517] TCP established hash table entries: 16384 (order: 5, 131072 bytes, linear)
[    3.975682] TCP bind hash table entries: 16384 (order: 8, 1179648 bytes, linear)
[    3.978285] TCP: Hash tables configured (established 16384 bind 16384)
[    3.980137] UDP hash table entries: 1024 (order: 5, 163840 bytes, linear)
[    3.982397] UDP-Lite hash table entries: 1024 (order: 5, 163840 bytes, linear)
[    3.984481] NET: Registered PF_UNIX/PF_LOCAL protocol family
[    3.986401] RPC: Registered named UNIX socket transport module.
[    3.987945] RPC: Registered udp transport module.
[    3.989169] RPC: Registered tcp transport module.
[    3.990359] RPC: Registered tcp NFSv4.1 backchannel transport module.
[    3.992063] pci_bus 0000:00: resource 4 [io  0x0000-0x0cf7 window]
[    3.993632] pci_bus 0000:00: resource 5 [io  0x0d00-0xffff window]
[    3.995186] pci_bus 0000:00: resource 6 [mem 0x000a0000-0x000bffff window]
[    3.996954] pci_bus 0000:00: resource 7 [mem 0x80000000-0xfebfffff window]
[    3.998685] pci_bus 0000:00: resource 8 [mem 0x100000000-0x17fffffff window]
[    4.000834] pci 0000:00:01.0: PIIX3: Enabling Passive Release
[    4.002309] pci 0000:00:00.0: Limiting direct PCI/PCI transfers
[    4.003872] pci 0000:00:01.0: Activating ISA DMA hang workarounds
[    4.005589] PCI: CLS 0 bytes, default 64
[    4.006765] ACPI: bus type thunderbolt registered
[    4.006796] Callback from call_rcu_tasks_rude() invoked.
[    4.008396] clocksource: tsc: mask: 0xffffffffffffffff max_cycles: 0xb9fb05486c, max_idle_ns: 440795231721 ns
[    4.055709] Callback from call_rcu_tasks() invoked.
[    4.124632] Initialise system trusted keyrings
[    4.125734] Key type blacklist registered
[    4.126951] workingset: timestamp_bits=36 max_order=19 bucket_order=0
[    4.140376] zbud: loaded
[    4.143380] squashfs: version 4.0 (2009/01/31) Phillip Lougher
[    4.146829] NFS: Registering the id_resolver key type
[    4.148030] Key type id_resolver registered
[    4.148970] Key type id_legacy registered
[    4.149974] nfs4filelayout_init: NFSv4 File Layout Driver Registering...
[    4.151453] nfs4flexfilelayout_init: NFSv4 Flexfile Layout Driver Registering...
[    4.153244] fuse: init (API version 7.36)
[    4.154494] SGI XFS with ACLs, security attributes, realtime, quota, no debug enabled
[    4.159213] 9p: Installing v9fs 9p2000 file system support
[    4.172443] Key type asymmetric registered
[    4.173277] Asymmetric key parser 'x509' registered
[    4.176834] alg: self-tests for CTR-KDF (hmac(sha256)) passed
[    4.177988] Block layer SCSI generic (bsg) driver version 0.4 loaded (major 243)
[    4.179669] io scheduler mq-deadline registered
[    4.180589] io scheduler bfq registered
[    4.183383] shpchp: Standard Hot Plug PCI Controller Driver version: 0.4
[    4.185381] IPMI message handler: version 39.2
[    4.186288] ipmi device interface
[    4.189757] input: Power Button as /devices/LNXSYSTM:00/LNXPWRBN:00/input/input0
[    4.191817] ACPI: button: Power Button [PWRF]
[    4.194387] ERST DBG: ERST support is disabled.
[    4.196416] Serial: 8250/16550 driver, 32 ports, IRQ sharing enabled
[    4.198542] 00:04: ttyS0 at I/O 0x3f8 (irq = 4, base_baud = 115200) is a 16550A
[    4.211360] Linux agpgart interface v0.103
[    4.213489] ACPI: bus type drm_connector registered
[    4.230835] brd: module loaded
[    4.240363] loop: module loaded
[    4.247703] scsi host0: ata_piix
[    4.249650] scsi host1: ata_piix
[    4.251023] ata1: PATA max MWDMA2 cmd 0x1f0 ctl 0x3f6 bmdma 0xc040 irq 14
[    4.253191] ata2: PATA max MWDMA2 cmd 0x170 ctl 0x376 bmdma 0xc048 irq 15
[    4.257710] tun: Universal TUN/TAP device driver, 1.6
[    4.259436] e100: Intel(R) PRO/100 Network Driver
[    4.260700] e100: Copyright(c) 1999-2006 Intel Corporation
[    4.262170] e1000: Intel(R) PRO/1000 Network Driver
[    4.263440] e1000: Copyright (c) 1999-2006 Intel Corporation.
[    4.416076] ata1: found unknown device (class 0)
[    4.418600] ata1.00: ATA-7: QEMU HARDDISK, 2.5+, max UDMA/100
[    4.420250] ata1.00: 16777216 sectors, multi 16: LBA48 
[    4.422442] ata2: found unknown device (class 0)
[    4.424683] ata2.00: ATAPI: QEMU DVD-ROM, 2.5+, max UDMA/100
[    4.428299] scsi 0:0:0:0: Direct-Access     ATA      QEMU HARDDISK    2.5+ PQ: 0 ANSI: 5
[    4.431919] sd 0:0:0:0: [sda] 16777216 512-byte logical blocks: (8.59 GB/8.00 GiB)
[    4.434039] sd 0:0:0:0: [sda] Write Protect is off
[    4.435819] sd 0:0:0:0: [sda] Write cache: enabled, read cache: enabled, doesn't support DPO or FUA
[    4.436038] sd 0:0:0:0: Attached scsi generic sg0 type 0
[    4.438350] sd 0:0:0:0: [sda] Preferred minimum I/O size 512 bytes
[    4.444275] scsi 1:0:0:0: CD-ROM            QEMU     QEMU DVD-ROM     2.5+ PQ: 0 ANSI: 5
[    4.455378] sd 0:0:0:0: [sda] Attached SCSI disk
[    4.481080] scsi 1:0:0:0: Attached scsi generic sg1 type 5
[    4.496724] ACPI: \_SB_.LNKC: Enabled at IRQ 11
[    4.884687] e1000 0000:00:03.0 eth0: (PCI:33MHz:32-bit) 52:54:00:12:34:56
[    4.886476] e1000 0000:00:03.0 eth0: Intel(R) PRO/1000 Network Connection
[    4.888359] e1000e: Intel(R) PRO/1000 Network Driver
[    4.889629] e1000e: Copyright(c) 1999 - 2015 Intel Corporation.
[    4.891175] igb: Intel(R) Gigabit Ethernet Network Driver
[    4.892574] igb: Copyright (c) 2007-2014 Intel Corporation.
[    4.894091] PPP generic driver version 2.4.2
[    4.896189] VFIO - User Level meta-driver version: 0.3
[    4.897714] ehci_hcd: USB 2.0 'Enhanced' Host Controller (EHCI) Driver
[    4.899391] ehci-pci: EHCI PCI platform driver
[    4.900643] ehci-platform: EHCI generic platform driver
[    4.902019] ohci_hcd: USB 1.1 'Open' Host Controller (OHCI) Driver
[    4.903611] ohci-pci: OHCI PCI platform driver
[    4.904813] ohci-platform: OHCI generic platform driver
[    4.906171] uhci_hcd: USB Universal Host Controller Interface driver
[    4.908491] usbcore: registered new interface driver uas
[    4.910040] usbcore: registered new interface driver usb-storage
[    4.911802] i8042: PNP: PS/2 Controller [PNP0303:KBD,PNP0f13:MOU] at 0x60,0x64 irq 1,12
[    4.915451] serio: i8042 KBD port at 0x60,0x64 irq 1
[    4.916877] serio: i8042 AUX port at 0x60,0x64 irq 12
[    4.919394] mousedev: PS/2 mouse device common for all mice
[    4.922586] rtc_cmos 00:05: RTC can wake from S4
[    4.924501] input: AT Translated Set 2 keyboard as /devices/platform/i8042/serio0/input/input1
[    4.928830] input: VirtualPS/2 VMware VMMouse as /devices/platform/i8042/serio1/input/input4
[    4.933136] rtc_cmos 00:05: registered as rtc0
[    4.933151] input: VirtualPS/2 VMware VMMouse as /devices/platform/i8042/serio1/input/input3
[    4.934653] rtc_cmos 00:05: setting system clock to 2023-03-06T04:44:26 UTC (1678077866)
[    4.938888] rtc_cmos 00:05: alarms up to one day, y3k, 242 bytes nvram, hpet irqs
[    4.940867] i2c_dev: i2c /dev entries driver
[    4.942252] device-mapper: core: CONFIG_IMA_DISABLE_HTABLE is disabled. Duplicate IMA measurements will not be recorded in the IMA log.
[    4.945578] device-mapper: uevent: version 1.0.3
[    4.947189] device-mapper: ioctl: 4.47.0-ioctl (2022-07-28) initialised: dm-devel@redhat.com
[    4.949417] intel_pstate: CPU model not supported
[    4.950771] sdhci: Secure Digital Host Controller Interface driver
[    4.952408] sdhci: Copyright(c) Pierre Ossman
[    4.953682] sdhci-pltfm: SDHCI platform and OF driver helper
[    4.955234] ledtrig-cpu: registered to indicate activity on CPUs
[    4.957327] drop_monitor: Initializing network drop monitor service
[    4.959858] NET: Registered PF_INET6 protocol family
[    4.964740] Segment Routing with IPv6
[    4.965703] In-situ OAM (IOAM) with IPv6
[    4.966570] NET: Registered PF_PACKET protocol family
[    4.968224] 9pnet: Installing 9P2000 support
[    4.969556] Key type dns_resolver registered
[    4.972228] IPI shorthand broadcast: enabled
[    4.973513] sched_clock: Marking stable (4927786007, 44067199)->(5064037198, -92183992)
[    4.976572] registered taskstats version 1
[    4.977955] Loading compiled-in X.509 certificates
[    4.980037] zswap: loaded using pool lzo/zbud
[    4.981935] Key type ._fscrypt registered
[    4.983012] Key type .fscrypt registered
[    4.984150] Key type fscrypt-provisioning registered
[    4.987274] Key type encrypted registered
[    4.988286] ima: No TPM chip found, activating TPM-bypass!
[    4.989465] ima: Allocated hash algorithm: sha1
[    4.990524] ima: No architecture policies found
[    4.991660] evm: Initialising EVM extended attributes:
[    4.992726] evm: security.selinux
[    4.993436] evm: security.SMACK64
[    4.994131] evm: security.SMACK64EXEC
[    4.994889] evm: security.SMACK64TRANSMUTE
[    4.995768] evm: security.SMACK64MMAP
[    4.996528] evm: security.apparmor
[    4.997600] evm: security.ima
[    4.998436] evm: security.capability
[    4.999440] evm: HMAC attrs: 0x1
[    5.008781] PM:   Magic number: 15:536:716
[    5.010616] RAS: Correctable Errors collector initialized.
[    5.014529] md: Waiting for all devices to be available before autodetect
[    5.015823] md: If you don't use raid, use raid=noautodetect
[    5.016880] md: Autodetecting RAID arrays.
[    5.017628] md: autorun ...
[    5.018139] md: ... autorun DONE.
[    5.029090] EXT4-fs (sda): mounted filesystem with ordered data mode. Quota mode: none.
[    5.030959] VFS: Mounted root (ext4 filesystem) readonly on device 8:0.
[    5.036590] devtmpfs: mounted
[    5.053444] Freeing unused decrypted memory: 2036K
[    5.056545] Freeing unused kernel image (initmem) memory: 3640K
[    5.057755] Write protecting the kernel read-only data: 43008k
[    5.062287] Freeing unused kernel image (text/rodata gap) memory: 2028K
[    5.063812] Freeing unused kernel image (rodata/data gap) memory: 132K
[    5.193017] x86/mm: Checked W+X mappings: passed, no W+X pages found.
[    5.194347] Run /sbin/init as init process
[    5.357986] systemd[1]: RTC configured in localtime, applying delta of 0 minutes to system time.
[    5.400383] systemd[1]: systemd 239 (239-49.el8) running in system mode. (+PAM +AUDIT +SELINUX +IMA -APPARMOR +SMACK +SYSVINIT +UTMP +LIBCRYPTSETUP +GCRYPT +GNUTLS +ACL +XZ +LZ4 +SECCOMP +BLKID +ELFUTILS +KMOD +IDN2 -IDN +PCRE2 default-hierarchy=legacy)
[    5.404474] systemd[1]: Detected virtualization kvm.
[    5.405371] systemd[1]: Detected architecture x86-64.

Welcome to [0;31mCentOS Stream 8[0m!

[    5.441490] systemd[1]: Set hostname to <test>.
[    7.389014] random: crng init done
[    7.565237] systemd[1]: Set up automount Arbitrary Executable File Formats File System Automount Point.
[[0;32m  OK  [0m] Set up automount Arbitrary Executabâ€¦rmats File System Automount Point.
[    7.572643] systemd[1]: Created slice system-getty.slice.
[[0;32m  OK  [0m] Created slice system-getty.slice.
[    7.575432] systemd[1]: Listening on Journal Socket.
[[0;32m  OK  [0m] Listening on Journal Socket.
[    7.600018] systemd[1]: Mounting POSIX Message Queue File System...
         Mounting POSIX Message Queue File System...
[    7.609578] systemd[1]: Mounting Huge Pages File System...
         Mounting Huge Pages File System...
[    7.616919] systemd[1]: Starting Remount Root and Kernel File Systems...
         Starting Remount Root and Kernel File Systems...
[[0;32m  OK  [0m] Listening on multipathd control socket.
[[0;32m  OK  [0m] Created slice system-serial\x2dgetty.slice.
         Starting Load Kernel Modules...
[[0;32m  OK  [0m] Listening on udev Control Socket.
[[0;32m  OK  [0m] Listening on Device-mapper event daemon FIFOs.
[[0;32m  OK  [0m] Listening on LVM2 poll daemon socket.
[[0;32m  OK  [0m] Started Forward Password Requests to Wall Directory Watch.
         Mounting Kernel Debug File System...
[[0;32m  OK  [0m] Listening on Process Core Dump Socket.
[[0;32m  OK  [0m] Listening on RPCbind Server Activation Socket.
[[0;32m  OK  [0m] Reached target RPC Port Mapper.
         Starting Setup Virtual Console...
[[0;32m  OK  [0m] Listening on Journal Socket (/dev/log).
         Starting Journal Service...
[[0;32m  OK  [0m] Created slice system-sshd\x2dkeygen.slice.
[[0;32m  OK  [0m] Listening on initctl Compatibility Named Pipe.
[[0;32m  OK  [0m] Reached target Swap.
         Starting Monitoring of LVM2 mirrorsâ€¦ng dmeventd or progress polling...
[[0;32m  OK  [0m] Listening on udev Kernel Socket.
         Starting udev Coldplug all Devices...
[    7.939548] EXT4-fs (sda): re-mounted. Quota mode: none.
[[0;32m  OK  [0m] Created slice User and Session Slice.
[[0;32m  OK  [0m] Reached target Slices.
[[0;32m  OK  [0m] Started Journal Service.
[[0;32m  OK  [0m] Mounted POSIX Message Queue File System.
[[0;32m  OK  [0m] Mounted Huge Pages File System.
[[0;32m  OK  [0m] Started Remount Root and Kernel File Systems.
[[0;1;31mFAILED[0m] Failed to start Load Kernel Modules.
See 'systemctl status systemd-modules-load.service' for details.
[[0;32m  OK  [0m] Mounted Kernel Debug File System.
         Mounting FUSE Control File System...
         Mounting Kernel Configuration File System...
         Starting Apply Kernel Variables...
         Starting Create Static Device Nodes in /dev...
         Starting Load/Save Random Seed...
         Starting Flush Journal to Persistent Storage...
[[0;32m  OK  [0m] Started Setup Virtual Console.
[[0;32m  OK  [0m] Started udev Coldplug all Devices.
[[0;32m  OK  [0m] Mounted FUSE Control File System.
[[0;32m  OK  [0m] Mounted Kernel Configuration File System.
[[0;32m  OK  [0m] Started Apply Kernel Variables.
[[0;32m  OK  [0m] Started Create Static Device Nodes in /dev.
[[0;32m  OK  [0m] Started Load/Save Random Seed.
         Starting udev Kernel Device Manager...
         Starting udev Wait for Complete Device Initialization...
[[0;32m  OK  [0m] Started Flush Journal to Persistent Storage.
[[0;32m  OK  [0m] Started udev Kernel Device Manager.
         Starting Show Plymouth Boot Screen...
[[0;32m  OK  [0m] Started Show Plymouth Boot Screen.
[[0;32m  OK  [0m] Reached target Local Encrypted Volumes.
[[0;32m  OK  [0m] Reached target Paths.
[[0;32m  OK  [0m] Started Forward Password Requests to Plymouth Directory Watch.
[[0;32m  OK  [0m] Found device /dev/ttyS0.
[[0;32m  OK  [0m] Started Monitoring of LVM2 mirrors,â€¦sing dmeventd or progress polling.
[[0;32m  OK  [0m] Started udev Wait for Complete Device Initialization.
[[0;32m  OK  [0m] Listening on Load/Save RF Kill Switch Status /dev/rfkill Watch.
[[0;32m  OK  [0m] Reached target Local File Systems (Pre).
[[0;32m  OK  [0m] Reached target Local File Systems.
         Starting Restore /run/initramfs on shutdown...
         Starting Tell Plymouth To Write Out Runtime Data...
         Starting Create Volatile Files and Directories...
[[0;32m  OK  [0m] Started Restore /run/initramfs on shutdown.
[[0;32m  OK  [0m] Started Tell Plymouth To Write Out Runtime Data.
[[0;32m  OK  [0m] Started Create Volatile Files and Directories.
         Starting RPC Bind...
         Mounting RPC Pipe File System...
         Starting Security Auditing Service...
[[0;32m  OK  [0m] Mounted RPC Pipe File System.
[[0;32m  OK  [0m] Reached target rpc_pipefs.target.
[[0;32m  OK  [0m] Started RPC Bind.
[[0;32m  OK  [0m] Started Security Auditing Service.
         Starting Update UTMP about System Boot/Shutdown...
[[0;32m  OK  [0m] Started Update UTMP about System Boot/Shutdown.
[[0;32m  OK  [0m] Reached target System Initialization.
[[0;32m  OK  [0m] Started daily update of the root trust anchor for DNSSEC.
[[0;32m  OK  [0m] Started Daily Cleanup of Temporary Directories.
[[0;32m  OK  [0m] Listening on D-Bus System Message Bus Socket.
[[0;32m  OK  [0m] Started dnf makecache --timer.
[[0;32m  OK  [0m] Reached target Timers.
[[0;32m  OK  [0m] Listening on SSSD Kerberos Cache Manager responder socket.
[[0;32m  OK  [0m] Reached target Sockets.
[[0;32m  OK  [0m] Reached target Basic System.
[[0;32m  OK  [0m] Started irqbalance daemon.
[[0;32m  OK  [0m] Started Machine Check Exception Logging Daemon.
         Starting NTP client/server...
         Starting Self Monitoring and Reporting Technology (SMART) Daemon...
         Starting Auto-connect to subsystemsâ€¦-NVME devices found during boot...
[[0;32m  OK  [0m] Reached target sshd-keygen.target.
         Starting Authorization Manager...
[[0;32m  OK  [0m] Started D-Bus System Message Bus.
         Starting Network Manager...
         Starting Login Service...
[[0;32m  OK  [0m] Started Self Monitoring and Reporting Technology (SMART) Daemon.
[[0;32m  OK  [0m] Started Auto-connect to subsystems â€¦FC-NVME devices found during boot.
         Starting update of the root trust aâ€¦or DNSSEC validation in unbound...
[[0;32m  OK  [0m] Started NTP client/server.
[[0;32m  OK  [0m] Started Login Service.
[[0;32m  OK  [0m] Started Network Manager.
[[0;32m  OK  [0m] Reached target Network.
         Starting GSSAPI Proxy Daemon...
         Starting Dynamic System Tuning Daemon...
         Starting OpenSSH server daemon...
         Starting Network Manager Wait Online...
[[0;32m  OK  [0m] Started update of the root trust anâ€¦ for DNSSEC validation in unbound.
         Starting Hostname Service...
[[0;32m  OK  [0m] Started Authorization Manager.
[[0;32m  OK  [0m] Started OpenSSH server daemon.
[[0;32m  OK  [0m] Started GSSAPI Proxy Daemon.
[[0;32m  OK  [0m] Reached target NFS client services.
[[0;32m  OK  [0m] Reached target Remote File Systems (Pre).
[[0;32m  OK  [0m] Reached target Remote File Systems.
         Starting Permit User Sessions...
[[0;32m  OK  [0m] Started Permit User Sessions.
         Starting Terminate Plymouth Boot Screen...
[[0;32m  OK  [0m] Started Command Scheduler.
         Starting Hold until boot process finishes up...
[[0;32m  OK  [0m] Started Terminate Plymouth Boot Screen.
[[0;32m  OK  [0m] Started Hold until boot process finishes up.
[   10.995963] e1000: eth0 NIC Link is Up 1000 Mbps Full Duplex, Flow Control: RX
[   10.998165] IPv6: ADDRCONF(NETDEV_CHANGE): eth0: link becomes ready
[   11.330163] Spectre V2 : WARNING: Unprivileged eBPF is enabled with eIBRS on, data leaks possible via Spectre v2 BHB attacks!
[   11.332368] Spectre V2 : WARNING: Unprivileged eBPF is enabled with eIBRS on, data leaks possible via Spectre v2 BHB attacks!

CentOS Stream 8
Kernel 5.19.0-12b68040a5e4+ on an x86_64

test login: 