c[?7l[2J[0mSeaBIOS (version rel-1.16.0-0-gd239552ce722-prebuilt.qemu.org)


iPXE (http://ipxe.org) 00:03.0 CA00 PCI2.10 PnP PMM+7FF91000+7FEF1000 CA00
Press Ctrl-B to configure iPXE (PCI 00:03.0)...                                                                               


Booting from ROM...
c[?7l[2J[    0.000000] Linux version 6.1.0-rc7-6b75bd3d0367+ (root@p-rpls01) (gcc (GCC) 8.5.0 20210514 (Red Hat 8.5.0-18), GNU ld version 2.36.1-2.el8) #1 SMP PREEMPT_DYNAMIC Mon Mar  6 17:50:54 CST 2023
[    0.000000] Command line: console=ttyS0 root=/dev/sda earlyprintk=serial net.ifnames=0
[    0.000000] KERNEL supported cpus:
[    0.000000]   Intel GenuineIntel
[    0.000000]   AMD AuthenticAMD
[    0.000000]   Hygon HygonGenuine
[    0.000000]   Centaur CentaurHauls
[    0.000000]   zhaoxin   Shanghai  
[    0.000000] x86/fpu: Supporting XSAVE feature 0x001: 'x87 floating point registers'
[    0.000000] x86/fpu: Supporting XSAVE feature 0x002: 'SSE registers'
[    0.000000] x86/fpu: Supporting XSAVE feature 0x004: 'AVX registers'
[    0.000000] x86/fpu: Supporting XSAVE feature 0x200: 'Protection Keys User registers'
[    0.000000] x86/fpu: xstate_offset[2]:  576, xstate_sizes[2]:  256
[    0.000000] x86/fpu: xstate_offset[9]:  832, xstate_sizes[9]:    8
[    0.000000] x86/fpu: Enabled xstate features 0x207, context size is 840 bytes, using 'compacted' format.
[    0.000000] signal: max sigframe size: 3632
[    0.000000] BIOS-provided physical RAM map:
[    0.000000] BIOS-e820: [mem 0x0000000000000000-0x000000000009fbff] usable
[    0.000000] BIOS-e820: [mem 0x000000000009fc00-0x000000000009ffff] reserved
[    0.000000] BIOS-e820: [mem 0x00000000000f0000-0x00000000000fffff] reserved
[    0.000000] BIOS-e820: [mem 0x0000000000100000-0x000000007ffdffff] usable
[    0.000000] BIOS-e820: [mem 0x000000007ffe0000-0x000000007fffffff] reserved
[    0.000000] BIOS-e820: [mem 0x00000000feffc000-0x00000000feffffff] reserved
[    0.000000] BIOS-e820: [mem 0x00000000fffc0000-0x00000000ffffffff] reserved
[    0.000000] printk: bootconsole [earlyser0] enabled
[    0.000000] NX (Execute Disable) protection: active
[    0.000000] SMBIOS 2.8 present.
[    0.000000] DMI: QEMU Standard PC (i440FX + PIIX, 1996), BIOS rel-1.16.0-0-gd239552ce722-prebuilt.qemu.org 04/01/2014
[    0.000000] Hypervisor detected: KVM
[    0.000000] kvm-clock: Using msrs 4b564d01 and 4b564d00
[    0.000007] kvm-clock: using sched offset of 1020251358 cycles
[    0.001498] clocksource: kvm-clock: mask: 0xffffffffffffffff max_cycles: 0x1cd42e4dffb, max_idle_ns: 881590591483 ns
[    0.006119] tsc: Detected 806.400 MHz processor
[    0.018268] last_pfn = 0x7ffe0 max_arch_pfn = 0x400000000
[    0.020108] x86/PAT: Configuration [0-7]: WB  WC  UC- UC  WB  WP  UC- WT  
[    0.035353] found SMP MP-table at [mem 0x000f5ba0-0x000f5baf]
[    0.037460] Using GB pages for direct mapping
[    0.041589] ACPI: Early table checksum verification disabled
[    0.043370] ACPI: RSDP 0x00000000000F59C0 000014 (v00 BOCHS )
[    0.045066] ACPI: RSDT 0x000000007FFE1951 000034 (v01 BOCHS  BXPC     00000001 BXPC 00000001)
[    0.047653] ACPI: FACP 0x000000007FFE17FD 000074 (v01 BOCHS  BXPC     00000001 BXPC 00000001)
[    0.050114] ACPI: DSDT 0x000000007FFE0040 0017BD (v01 BOCHS  BXPC     00000001 BXPC 00000001)
[    0.052551] ACPI: FACS 0x000000007FFE0000 000040
[    0.053876] ACPI: APIC 0x000000007FFE1871 000080 (v01 BOCHS  BXPC     00000001 BXPC 00000001)
[    0.056312] ACPI: HPET 0x000000007FFE18F1 000038 (v01 BOCHS  BXPC     00000001 BXPC 00000001)
[    0.058769] ACPI: WAET 0x000000007FFE1929 000028 (v01 BOCHS  BXPC     00000001 BXPC 00000001)
[    0.061223] ACPI: Reserving FACP table memory at [mem 0x7ffe17fd-0x7ffe1870]
[    0.063216] ACPI: Reserving DSDT table memory at [mem 0x7ffe0040-0x7ffe17fc]
[    0.065222] ACPI: Reserving FACS table memory at [mem 0x7ffe0000-0x7ffe003f]
[    0.067203] ACPI: Reserving APIC table memory at [mem 0x7ffe1871-0x7ffe18f0]
[    0.069186] ACPI: Reserving HPET table memory at [mem 0x7ffe18f1-0x7ffe1928]
[    0.071164] ACPI: Reserving WAET table memory at [mem 0x7ffe1929-0x7ffe1950]
[    0.075273] No NUMA configuration found
[    0.076414] Faking a node at [mem 0x0000000000000000-0x000000007ffdffff]
[    0.078453] NODE_DATA(0) allocated [mem 0x7ffb5000-0x7ffdffff]
[    0.086146] Zone ranges:
[    0.086880]   DMA      [mem 0x0000000000001000-0x0000000000ffffff]
[    0.088619]   DMA32    [mem 0x0000000001000000-0x000000007ffdffff]
[    0.090326]   Normal   empty
[    0.091129]   Device   empty
[    0.091938] Movable zone start for each node
[    0.093147] Early memory node ranges
[    0.094147]   node   0: [mem 0x0000000000001000-0x000000000009efff]
[    0.095884]   node   0: [mem 0x0000000000100000-0x000000007ffdffff]
[    0.097632] Initmem setup node 0 [mem 0x0000000000001000-0x000000007ffdffff]
[    0.100963] On node 0, zone DMA: 1 pages in unavailable ranges
[    0.101521] On node 0, zone DMA: 97 pages in unavailable ranges
[    0.172021] On node 0, zone DMA32: 32 pages in unavailable ranges
[    0.174720] ACPI: PM-Timer IO Port: 0x608
[    0.177657] ACPI: LAPIC_NMI (acpi_id[0xff] dfl dfl lint[0x1])
[    0.179487] IOAPIC[0]: apic_id 0, version 17, address 0xfec00000, GSI 0-23
[    0.181501] ACPI: INT_SRC_OVR (bus 0 bus_irq 0 global_irq 2 dfl dfl)
[    0.183282] ACPI: INT_SRC_OVR (bus 0 bus_irq 5 global_irq 5 high level)
[    0.185160] ACPI: INT_SRC_OVR (bus 0 bus_irq 9 global_irq 9 high level)
[    0.187012] ACPI: INT_SRC_OVR (bus 0 bus_irq 10 global_irq 10 high level)
[    0.188966] ACPI: INT_SRC_OVR (bus 0 bus_irq 11 global_irq 11 high level)
[    0.190908] ACPI: Using ACPI (MADT) for SMP configuration information
[    0.192732] ACPI: HPET id: 0x8086a201 base: 0xfed00000
[    0.194226] TSC deadline timer available
[    0.195341] smpboot: Allowing 2 CPUs, 0 hotplug CPUs
[    0.197042] kvm-guest: KVM setup pv remote TLB flush
[    0.198448] kvm-guest: setup PV sched yield
[    0.199829] PM: hibernation: Registered nosave memory: [mem 0x00000000-0x00000fff]
[    0.201983] PM: hibernation: Registered nosave memory: [mem 0x0009f000-0x0009ffff]
[    0.204087] PM: hibernation: Registered nosave memory: [mem 0x000a0000-0x000effff]
[    0.206200] PM: hibernation: Registered nosave memory: [mem 0x000f0000-0x000fffff]
[    0.208314] [mem 0x80000000-0xfeffbfff] available for PCI devices
[    0.210029] Booting paravirtualized kernel on KVM
[    0.211435] clocksource: refined-jiffies: mask: 0xffffffff max_cycles: 0xffffffff, max_idle_ns: 7645519600211568 ns
[    0.214414] setup_percpu: NR_CPUS:8192 nr_cpumask_bits:2 nr_cpu_ids:2 nr_node_ids:1
[    0.228725] percpu: Embedded 64 pages/cpu s225280 r8192 d28672 u1048576
[    0.231189] kvm-guest: PV spinlocks enabled
[    0.232429] PV qspinlock hash table entries: 256 (order: 0, 4096 bytes, linear)
[    0.234617] Fallback order for Node 0: 0 
[    0.235821] Built 1 zonelists, mobility grouping on.  Total pages: 515808
[    0.237796] Policy zone: DMA32
[    0.238673] Kernel command line: net.ifnames=0 console=ttyS0 root=/dev/sda earlyprintk=serial net.ifnames=0
[    0.260270] Dentry cache hash table entries: 262144 (order: 9, 2097152 bytes, linear)
[    0.264990] Inode-cache hash table entries: 131072 (order: 8, 1048576 bytes, linear)
[    0.267476] mem auto-init: stack:off, heap alloc:off, heap free:off
[    0.277181] Memory: 1985384K/2096632K available (32784K kernel code, 4694K rwdata, 7828K rodata, 3668K init, 22124K bss, 110992K reserved, 0K cma-reserved)
[    0.283326] SLUB: HWalign=64, Order=0-3, MinObjects=0, CPUs=2, Nodes=1
[    0.285180] kmemleak: Kernel memory leak detector disabled
[    0.286831] ftrace: allocating 67346 entries in 264 pages
[    0.365568] ftrace: allocated 264 pages with 2 groups
[    0.373478] Dynamic Preempt: voluntary
[    0.375008] Running RCU self tests
[    0.375986] rcu: Preemptible hierarchical RCU implementation.
[    0.377593] rcu: 	RCU lockdep checking is enabled.
[    0.378916] rcu: 	RCU restricting CPUs from NR_CPUS=8192 to nr_cpu_ids=2.
[    0.380825] 	Trampoline variant of Tasks RCU enabled.
[    0.382232] 	Rude variant of Tasks RCU enabled.
[    0.383487] 	Tracing variant of Tasks RCU enabled.
[    0.384832] rcu: RCU calculated value of scheduler-enlistment delay is 25 jiffies.
[    0.386971] rcu: Adjusting geometry for rcu_fanout_leaf=16, nr_cpu_ids=2
[    0.432490] NR_IRQS: 524544, nr_irqs: 440, preallocated irqs: 16
[    0.434791] rcu: srcu_init: Setting srcu_struct sizes based on contention.
[    0.461951] Console: colour VGA+ 80x25
[    0.463222] printk: console [ttyS0] enabled
[    0.463222] printk: console [ttyS0] enabled
[    0.465551] printk: bootconsole [earlyser0] disabled
[    0.465551] printk: bootconsole [earlyser0] disabled
[    0.468261] Lock dependency validator: Copyright (c) 2006 Red Hat, Inc., Ingo Molnar
[    0.470412] ... MAX_LOCKDEP_SUBCLASSES:  8
[    0.471561] ... MAX_LOCK_DEPTH:          48
[    0.472760] ... MAX_LOCKDEP_KEYS:        8192
[    0.473982] ... CLASSHASH_SIZE:          4096
[    0.475225] ... MAX_LOCKDEP_ENTRIES:     32768
[    0.476516] ... MAX_LOCKDEP_CHAINS:      65536
[    0.477807] ... CHAINHASH_SIZE:          32768
[    0.479064]  memory used by lock dependency info: 6365 kB
[    0.480601]  memory used for stack traces: 4224 kB
[    0.481973]  per task-struct memory footprint: 1920 bytes
[    0.483610] ACPI: Core revision 20220331
[    0.485305] clocksource: hpet: mask: 0xffffffff max_cycles: 0xffffffff, max_idle_ns: 19112604467 ns
[    0.488229] APIC: Switch to symmetric I/O mode setup
[    0.490429] x2apic enabled
[    0.491954] Switched APIC routing to physical x2apic.
[    0.493535] kvm-guest: setup PV IPIs
[    0.497923] ..TIMER: vector=0x30 apic1=0 pin1=2 apic2=-1 pin2=-1
[    0.499692] clocksource: tsc-early: mask: 0xffffffffffffffff max_cycles: 0xb9fb05486c, max_idle_ns: 440795231721 ns
[    0.502655] Calibrating delay loop (skipped) preset value.. 1612.80 BogoMIPS (lpj=3225600)
[    0.506618] pid_max: default: 32768 minimum: 301
[    0.508159] LSM: Security Framework initializing
[    0.509506] Yama: becoming mindful.
[    0.511170] Mount-cache hash table entries: 4096 (order: 3, 32768 bytes, linear)
[    0.513288] Mountpoint-cache hash table entries: 4096 (order: 3, 32768 bytes, linear)
[    0.519710] CPU0: Thermal monitoring enabled (TM1)
[    0.522737] x86/cpu: User Mode Instruction Prevention (UMIP) activated
[    0.528299] Last level iTLB entries: 4KB 0, 2MB 0, 4MB 0
[    0.530672] Last level dTLB entries: 4KB 0, 2MB 0, 4MB 0, 1GB 0
[    0.532544] Spectre V1 : Mitigation: usercopy/swapgs barriers and __user pointer sanitization
[    0.534640] Spectre V2 : WARNING: Unprivileged eBPF is enabled with eIBRS on, data leaks possible via Spectre v2 BHB attacks!
[    0.538625] Spectre V2 : Mitigation: Enhanced IBRS
[    0.539963] Spectre V2 : Spectre v2 / SpectreRSB mitigation: Filling RSB on context switch
[    0.542213] Spectre V2 : Spectre v2 / PBRSB-eIBRS: Retire a single CALL on VMEXIT
[    0.542628] Spectre V2 : mitigation: Enabling conditional Indirect Branch Prediction Barrier
[    0.546616] Speculative Store Bypass: Mitigation: Speculative Store Bypass disabled via prctl
[    0.548969] MMIO Stale Data: Unknown: No mitigations
[    0.746360] Freeing SMP alternatives memory: 56K
[    0.748195] smpboot: CPU0: Genuine Intel(R) 0000 (family: 0x6, model: 0xb7, stepping: 0x0)
[    0.750612] cblist_init_generic: Setting adjustable number of callback queues.
[    0.750627] cblist_init_generic: Setting shift to 1 and lim to 1.
[    0.752549] cblist_init_generic: Setting shift to 1 and lim to 1.
[    0.754440] cblist_init_generic: Setting shift to 1 and lim to 1.
[    0.754757] Running RCU-tasks wait API self tests
[    0.858875] Performance Events: Alderlake Hybrid events, full-width counters, Intel PMU driver.
[    0.862691] core: cpu_core PMU driver: 
[    0.863823] ... version:                2
[    0.865010] ... bit width:              48
[    0.866213] ... generic registers:      6
[    0.866623] ... value mask:             0000ffffffffffff
[    0.868138] ... max period:             00007fffffffffff
[    0.869652] ... fixed-purpose events:   3
[    0.870622] ... event mask:             0001000f0000003f
[    0.872804] rcu: Hierarchical SRCU implementation.
[    0.874173] rcu: 	Max phase no-delay instances is 1000.
[    0.878702] Callback from call_rcu_tasks_trace() invoked.
[    0.883330] unchecked MSR access error: WRMSR to 0x38f (tried to write 0x0001000f0000003f) at rIP: 0xffffffff810ce49c (native_write_msr+0xc/0x30)
[    0.886612] Call Trace:
[    0.886612]  <TASK>
[    0.886612]  __intel_pmu_enable_all.constprop.46+0xb5/0x140
[    0.886612]  intel_pmu_enable_all+0x1e/0x30
[    0.886612]  x86_pmu_enable+0x46d/0x5a0
[    0.886612]  ? write_comp_data+0x2f/0x90
[    0.886612]  perf_pmu_enable+0x53/0x70
[    0.886612]  ctx_resched+0xab/0xf0
[    0.886612]  __perf_install_in_context+0x31b/0x480
[    0.886612]  ? perf_duration_warn+0x50/0x50
[    0.886612]  ? perf_duration_warn+0x50/0x50
[    0.886612]  remote_function+0x80/0xa0
[    0.886612]  ? perf_duration_warn+0x50/0x50
[    0.886612]  generic_exec_single+0x124/0x190
[    0.886612]  smp_call_function_single+0x11c/0x240
[    0.886612]  ? perf_duration_warn+0x50/0x50
[    0.886612]  ? __sanitizer_cov_trace_pc+0x25/0x60
[    0.886612]  ? write_comp_data+0x2f/0x90
[    0.886612]  perf_install_in_context+0x2e8/0x310
[    0.886612]  ? ctx_resched+0xf0/0xf0
[    0.886612]  perf_event_create_kernel_counter+0x16a/0x200
[    0.886612]  ? find_next_bit+0x30/0x30
[    0.886612]  hardlockup_detector_event_create+0x46/0xd0
[    0.886612]  hardlockup_detector_perf_init+0x18/0x66
[    0.886612]  watchdog_nmi_probe+0x17/0x1d
[    0.886612]  lockup_detector_init+0x40/0xaf
[    0.886612]  kernel_init_freeable+0x264/0x42e
[    0.886612]  ? __wait_for_common+0x19d/0x1f0
[    0.886612]  ? rest_init+0x240/0x240
[    0.886612]  kernel_init+0x24/0x1e0
[    0.886612]  ? rest_init+0x240/0x240
[    0.886612]  ret_from_fork+0x1f/0x30
[    0.886612]  </TASK>
[    0.887209] smp: Bringing up secondary CPUs ...
[    0.890900] x86: Booting SMP configuration:
[    0.892174] .... node  #0, CPUs:      #1
[    0.893232] smp: Brought up 1 node, 2 CPUs
[    0.895809] smpboot: Max logical packages: 1
[    0.897042] smpboot: Total of 2 processors activated (3225.60 BogoMIPS)
[    0.903364] devtmpfs: initialized
[    0.904243] x86/mm: Memory block size: 128MB
[    0.911069] clocksource: jiffies: mask: 0xffffffff max_cycles: 0xffffffff, max_idle_ns: 7645041785100000 ns
[    0.913808] futex hash table entries: 512 (order: 4, 65536 bytes, linear)
[    0.915154] pinctrl core: initialized pinctrl subsystem
[    0.917568] 
[    0.918046] *************************************************************
[    0.918632] **     NOTICE NOTICE NOTICE NOTICE NOTICE NOTICE NOTICE    **
[    0.920534] **                                                         **
[    0.922448] **  IOMMU DebugFS SUPPORT HAS BEEN ENABLED IN THIS KERNEL  **
[    0.922629] **                                                         **
[    0.924522] ** This means that this kernel is built to expose internal **
[    0.926410] ** IOMMU data structures, which may compromise security on **
[    0.926652] ** your system.                                            **
[    0.928530] **                                                         **
[    0.930405] ** If you see this message and you are not debugging the   **
[    0.930624] ** kernel, report this immediately to your vendor!         **
[    0.932506] **                                                         **
[    0.934390] **     NOTICE NOTICE NOTICE NOTICE NOTICE NOTICE NOTICE    **
[    0.934626] *************************************************************
[    0.936697] PM: RTC time: 09:51:44, date: 2023-03-06
[    0.945182] NET: Registered PF_NETLINK/PF_ROUTE protocol family
[    0.947620] DMA: preallocated 256 KiB GFP_KERNEL pool for atomic allocations
[    0.949668] DMA: preallocated 256 KiB GFP_KERNEL|GFP_DMA pool for atomic allocations
[    0.950660] DMA: preallocated 256 KiB GFP_KERNEL|GFP_DMA32 pool for atomic allocations
[    0.952981] audit: initializing netlink subsys (disabled)
[    0.954720] audit: type=2000 audit(1678096305.440:1): state=initialized audit_enabled=0 res=1
[    0.955823] thermal_sys: Registered thermal governor 'fair_share'
[    0.956874] thermal_sys: Registered thermal governor 'bang_bang'
[    0.958638] thermal_sys: Registered thermal governor 'step_wise'
[    0.960351] thermal_sys: Registered thermal governor 'user_space'
[    0.962144] cpuidle: using governor ladder
[    0.964132] Callback from call_rcu_tasks_rude() invoked.
[    0.964334] cpuidle: using governor menu
[    0.967235] acpiphp: ACPI Hot Plug PCI Controller Driver version: 0.5
[    0.969803] PCI: Using configuration type 1 for base access
[    0.996066] kprobes: kprobe jump-optimization is enabled. All kprobes are optimized if possible.
[    1.333105] Callback from call_rcu_tasks() invoked.
[    1.335086] HugeTLB: registered 1.00 GiB page size, pre-allocated 0 pages
[    1.336959] HugeTLB: 16380 KiB vmemmap can be freed for a 1.00 GiB page
[    1.338636] HugeTLB: registered 2.00 MiB page size, pre-allocated 0 pages
[    1.340494] HugeTLB: 28 KiB vmemmap can be freed for a 2.00 MiB page
[    1.345038] ACPI: Added _OSI(Module Device)
[    1.346262] ACPI: Added _OSI(Processor Device)
[    1.346632] ACPI: Added _OSI(3.0 _SCP Extensions)
[    1.347955] ACPI: Added _OSI(Processor Aggregator Device)
[    1.360639] ACPI: 1 ACPI AML tables successfully acquired and loaded
[    1.367681] ACPI: Interpreter enabled
[    1.368916] ACPI: PM: (supports S0 S3 S4 S5)
[    1.370136] ACPI: Using IOAPIC for interrupt routing
[    1.370709] PCI: Using host bridge windows from ACPI; if necessary, use "pci=nocrs" and report a bug
[    1.373251] PCI: Using E820 reservations for host bridge windows
[    1.375688] ACPI: Enabled 2 GPEs in block 00 to 0F
[    1.401329] ACPI: PCI Root Bridge [PCI0] (domain 0000 [bus 00-ff])
[    1.402663] acpi PNP0A03:00: _OSC: OS supports [ASPM ClockPM Segments MSI EDR HPX-Type3]
[    1.404953] acpi PNP0A03:00: _OSC: not requesting OS control; OS requires [ExtendedConfig ASPM ClockPM MSI]
[    1.406729] acpi PNP0A03:00: fail to add MMCONFIG information, can't access extended PCI configuration space under this bridge.
[    1.413501] acpiphp: Slot [3] registered
[    1.414719] acpiphp: Slot [4] registered
[    1.415934] acpiphp: Slot [5] registered
[    1.417168] acpiphp: Slot [6] registered
[    1.418382] acpiphp: Slot [7] registered
[    1.418741] acpiphp: Slot [8] registered
[    1.419985] acpiphp: Slot [9] registered
[    1.421185] acpiphp: Slot [10] registered
[    1.422492] acpiphp: Slot [11] registered
[    1.422733] acpiphp: Slot [12] registered
[    1.423987] acpiphp: Slot [13] registered
[    1.425244] acpiphp: Slot [14] registered
[    1.426524] acpiphp: Slot [15] registered
[    1.426744] acpiphp: Slot [16] registered
[    1.427998] acpiphp: Slot [17] registered
[    1.429280] acpiphp: Slot [18] registered
[    1.430525] acpiphp: Slot [19] registered
[    1.430739] acpiphp: Slot [20] registered
[    1.432004] acpiphp: Slot [21] registered
[    1.433284] acpiphp: Slot [22] registered
[    1.434557] acpiphp: Slot [23] registered
[    1.434789] acpiphp: Slot [24] registered
[    1.436068] acpiphp: Slot [25] registered
[    1.437332] acpiphp: Slot [26] registered
[    1.438604] acpiphp: Slot [27] registered
[    1.438745] acpiphp: Slot [28] registered
[    1.439999] acpiphp: Slot [29] registered
[    1.441248] acpiphp: Slot [30] registered
[    1.442530] acpiphp: Slot [31] registered
[    1.442676] PCI host bridge to bus 0000:00
[    1.443855] pci_bus 0000:00: root bus resource [io  0x0000-0x0cf7 window]
[    1.445784] pci_bus 0000:00: root bus resource [io  0x0d00-0xffff window]
[    1.446628] pci_bus 0000:00: root bus resource [mem 0x000a0000-0x000bffff window]
[    1.448743] pci_bus 0000:00: root bus resource [mem 0x80000000-0xfebfffff window]
[    1.450628] pci_bus 0000:00: root bus resource [mem 0x100000000-0x17fffffff window]
[    1.452820] pci_bus 0000:00: root bus resource [bus 00-ff]
[    1.454607] pci 0000:00:00.0: [8086:1237] type 00 class 0x060000
[    1.461406] pci 0000:00:01.0: [8086:7000] type 00 class 0x060100
[    1.464422] pci 0000:00:01.1: [8086:7010] type 00 class 0x010180
[    1.468763] pci 0000:00:01.1: reg 0x20: [io  0xc040-0xc04f]
[    1.471596] pci 0000:00:01.1: legacy IDE quirk: reg 0x10: [io  0x01f0-0x01f7]
[    1.473647] pci 0000:00:01.1: legacy IDE quirk: reg 0x14: [io  0x03f6]
[    1.474628] pci 0000:00:01.1: legacy IDE quirk: reg 0x18: [io  0x0170-0x0177]
[    1.477269] pci 0000:00:01.1: legacy IDE quirk: reg 0x1c: [io  0x0376]
[    1.479329] pci 0000:00:01.3: [8086:7113] type 00 class 0x068000
[    1.482223] pci 0000:00:01.3: quirk: [io  0x0600-0x063f] claimed by PIIX4 ACPI
[    1.482647] pci 0000:00:01.3: quirk: [io  0x0700-0x070f] claimed by PIIX4 SMB
[    1.485476] pci 0000:00:02.0: [1234:1111] type 00 class 0x030000
[    1.491488] pci 0000:00:02.0: reg 0x10: [mem 0xfd000000-0xfdffffff pref]
[    1.498718] pci 0000:00:02.0: reg 0x18: [mem 0xfebf0000-0xfebf0fff]
[    1.508872] pci 0000:00:02.0: reg 0x30: [mem 0xfebe0000-0xfebeffff pref]
[    1.511223] pci 0000:00:02.0: Video device with shadowed ROM at [mem 0x000c0000-0x000dffff]
[    1.521369] pci 0000:00:03.0: [8086:100e] type 00 class 0x020000
[    1.524327] pci 0000:00:03.0: reg 0x10: [mem 0xfebc0000-0xfebdffff]
[    1.526635] pci 0000:00:03.0: reg 0x14: [io  0xc000-0xc03f]
[    1.535573] pci 0000:00:03.0: reg 0x30: [mem 0xfeb80000-0xfebbffff pref]
[    1.571574] ACPI: PCI: Interrupt link LNKA configured for IRQ 10
[    1.574119] ACPI: PCI: Interrupt link LNKB configured for IRQ 10
[    1.575209] ACPI: PCI: Interrupt link LNKC configured for IRQ 11
[    1.577563] ACPI: PCI: Interrupt link LNKD configured for IRQ 11
[    1.578922] ACPI: PCI: Interrupt link LNKS configured for IRQ 9
[    1.583559] iommu: Default domain type: Translated 
[    1.585002] iommu: DMA domain TLB invalidation policy: lazy mode 
[    1.589315] SCSI subsystem initialized
[    1.591050] ACPI: bus type USB registered
[    1.592399] usbcore: registered new interface driver usbfs
[    1.594097] usbcore: registered new interface driver hub
[    1.594691] usbcore: registered new device driver usb
[    1.596391] pps_core: LinuxPPS API ver. 1 registered
[    1.597849] pps_core: Software ver. 5.3.6 - Copyright 2005-2007 Rodolfo Giometti <giometti@linux.it>
[    1.598659] PTP clock support registered
[    1.600238] EDAC MC: Ver: 3.0.0
[    1.605171] NetLabel: Initializing
[    1.606209] NetLabel:  domain hash size = 128
[    1.606630] NetLabel:  protocols = UNLABELED CIPSOv4 CALIPSO
[    1.608396] NetLabel:  unlabeled traffic allowed by default
[    1.611074] PCI: Using ACPI for IRQ routing
[    1.612880] pci 0000:00:02.0: vgaarb: setting as boot VGA device
[    1.614608] pci 0000:00:02.0: vgaarb: bridge control possible
[    1.614612] pci 0000:00:02.0: vgaarb: VGA device added: decodes=io+mem,owns=io+mem,locks=none
[    1.614630] vgaarb: loaded
[    1.616987] hpet0: at MMIO 0xfed00000, IRQs 2, 8, 0
[    1.618427] hpet0: 3 comparators, 64-bit 100.000000 MHz counter
[    5.252452] clocksource: Switched to clocksource kvm-clock
[    5.254824] VFS: Disk quotas dquot_6.6.0
[    5.256130] VFS: Dquot-cache hash table entries: 512 (order 0, 4096 bytes)
[    5.258807] pnp: PnP ACPI init
[    5.262833] pnp: PnP ACPI: found 6 devices
[    5.278294] clocksource: acpi_pm: mask: 0xffffff max_cycles: 0xffffff, max_idle_ns: 2085701024 ns
[    5.281488] NET: Registered PF_INET protocol family
[    5.283197] IP idents hash table entries: 32768 (order: 6, 262144 bytes, linear)
[    5.287351] tcp_listen_portaddr_hash hash table entries: 1024 (order: 4, 73728 bytes, linear)
[    5.289807] Table-perturb hash table entries: 65536 (order: 6, 262144 bytes, linear)
[    5.292094] TCP established hash table entries: 16384 (order: 5, 131072 bytes, linear)
[    5.295378] TCP bind hash table entries: 16384 (order: 9, 2359296 bytes, linear)
[    5.299058] TCP: Hash tables configured (established 16384 bind 16384)
[    5.301185] UDP hash table entries: 1024 (order: 5, 163840 bytes, linear)
[    5.303198] UDP-Lite hash table entries: 1024 (order: 5, 163840 bytes, linear)
[    5.305665] NET: Registered PF_UNIX/PF_LOCAL protocol family
[    5.331777] RPC: Registered named UNIX socket transport module.
[    5.333594] RPC: Registered udp transport module.
[    5.335011] RPC: Registered tcp transport module.
[    5.336420] RPC: Registered tcp NFSv4.1 backchannel transport module.
[    5.338397] pci_bus 0000:00: resource 4 [io  0x0000-0x0cf7 window]
[    5.340279] pci_bus 0000:00: resource 5 [io  0x0d00-0xffff window]
[    5.342114] pci_bus 0000:00: resource 6 [mem 0x000a0000-0x000bffff window]
[    5.344208] pci_bus 0000:00: resource 7 [mem 0x80000000-0xfebfffff window]
[    5.346338] pci_bus 0000:00: resource 8 [mem 0x100000000-0x17fffffff window]
[    5.349008] pci 0000:00:01.0: PIIX3: Enabling Passive Release
[    5.350811] pci 0000:00:00.0: Limiting direct PCI/PCI transfers
[    5.352848] PCI: CLS 0 bytes, default 64
[    5.354224] ACPI: bus type thunderbolt registered
[    5.356405] clocksource: tsc: mask: 0xffffffffffffffff max_cycles: 0xb9fb05486c, max_idle_ns: 440795231721 ns
[    5.500224] Initialise system trusted keyrings
[    5.501661] Key type blacklist registered
[    5.503223] workingset: timestamp_bits=36 max_order=19 bucket_order=0
[    5.526563] zbud: loaded
[    5.531436] squashfs: version 4.0 (2009/01/31) Phillip Lougher
[    5.536077] NFS: Registering the id_resolver key type
[    5.537658] Key type id_resolver registered
[    5.538927] Key type id_legacy registered
[    5.540309] nfs4filelayout_init: NFSv4 File Layout Driver Registering...
[    5.542296] nfs4flexfilelayout_init: NFSv4 Flexfile Layout Driver Registering...
[    5.545114] fuse: init (API version 7.37)
[    5.547253] SGI XFS with ACLs, security attributes, realtime, quota, no debug enabled
[    5.553671] 9p: Installing v9fs 9p2000 file system support
[    5.565764] Key type asymmetric registered
[    5.567030] Asymmetric key parser 'x509' registered
[    5.572702] alg: self-tests for CTR-KDF (hmac(sha256)) passed
[    5.574523] Block layer SCSI generic (bsg) driver version 0.4 loaded (major 243)
[    5.577207] io scheduler mq-deadline registered
[    5.578804] io scheduler bfq registered
[    5.582185] shpchp: Standard Hot Plug PCI Controller Driver version: 0.4
[    5.584928] IPMI message handler: version 39.2
[    5.586344] ipmi device interface
[    5.589902] input: Power Button as /devices/LNXSYSTM:00/LNXPWRBN:00/input/input0
[    5.592511] ACPI: button: Power Button [PWRF]
[    5.595463] ERST DBG: ERST support is disabled.
[    5.598007] Serial: 8250/16550 driver, 32 ports, IRQ sharing enabled
[    5.601450] 00:04: ttyS0 at I/O 0x3f8 (irq = 4, base_baud = 115200) is a 16550A
[    5.619054] Linux agpgart interface v0.103
[    5.621362] ACPI: bus type drm_connector registered
[    5.643851] brd: module loaded
[    5.656775] loop: module loaded
[    5.665354] scsi host0: ata_piix
[    5.667447] scsi host1: ata_piix
[    5.668653] ata1: PATA max MWDMA2 cmd 0x1f0 ctl 0x3f6 bmdma 0xc040 irq 14
[    5.670676] ata2: PATA max MWDMA2 cmd 0x170 ctl 0x376 bmdma 0xc048 irq 15
[    5.676165] tun: Universal TUN/TAP device driver, 1.6
[    5.677801] e100: Intel(R) PRO/100 Network Driver
[    5.679022] e100: Copyright(c) 1999-2006 Intel Corporation
[    5.680536] e1000: Intel(R) PRO/1000 Network Driver
[    5.681750] e1000: Copyright (c) 1999-2006 Intel Corporation.
[    5.831100] ata1: found unknown device (class 0)
[    5.833539] ata1.00: ATA-7: QEMU HARDDISK, 2.5+, max UDMA/100
[    5.834999] ata1.00: 16777216 sectors, multi 16: LBA48 
[    5.836941] ata2: found unknown device (class 0)
[    5.838969] ata2.00: ATAPI: QEMU DVD-ROM, 2.5+, max UDMA/100
[    5.842691] scsi 0:0:0:0: Direct-Access     ATA      QEMU HARDDISK    2.5+ PQ: 0 ANSI: 5
[    5.846911] sd 0:0:0:0: [sda] 16777216 512-byte logical blocks: (8.59 GB/8.00 GiB)
[    5.849203] sd 0:0:0:0: [sda] Write Protect is off
[    5.851198] sd 0:0:0:0: [sda] Write cache: enabled, read cache: enabled, doesn't support DPO or FUA
[    5.853979] sd 0:0:0:0: Attached scsi generic sg0 type 0
[    5.856028] sd 0:0:0:0: [sda] Preferred minimum I/O size 512 bytes
[    5.858336] scsi 1:0:0:0: CD-ROM            QEMU     QEMU DVD-ROM     2.5+ PQ: 0 ANSI: 5
[    5.882390] sd 0:0:0:0: [sda] Attached SCSI disk
[    5.900533] scsi 1:0:0:0: Attached scsi generic sg1 type 5
[    5.974678] ACPI: \_SB_.LNKC: Enabled at IRQ 11
[    6.381244] e1000 0000:00:03.0 eth0: (PCI:33MHz:32-bit) 52:54:00:12:34:56
[    6.383289] e1000 0000:00:03.0 eth0: Intel(R) PRO/1000 Network Connection
[    6.385430] e1000e: Intel(R) PRO/1000 Network Driver
[    6.386887] e1000e: Copyright(c) 1999 - 2015 Intel Corporation.
[    6.388690] igb: Intel(R) Gigabit Ethernet Network Driver
[    6.390217] igb: Copyright (c) 2007-2014 Intel Corporation.
[    6.392064] PPP generic driver version 2.4.2
[    6.394813] VFIO - User Level meta-driver version: 0.3
[    6.397445] usbcore: registered new interface driver uas
[    6.398889] usbcore: registered new interface driver usb-storage
[    6.400685] i8042: PNP: PS/2 Controller [PNP0303:KBD,PNP0f13:MOU] at 0x60,0x64 irq 1,12
[    6.404171] serio: i8042 KBD port at 0x60,0x64 irq 1
[    6.405432] serio: i8042 AUX port at 0x60,0x64 irq 12
[    6.408583] mousedev: PS/2 mouse device common for all mice
[    6.412038] rtc_cmos 00:05: RTC can wake from S4
[    6.414482] input: AT Translated Set 2 keyboard as /devices/platform/i8042/serio0/input/input1
[    6.418807] rtc_cmos 00:05: registered as rtc0
[    6.419212] input: VirtualPS/2 VMware VMMouse as /devices/platform/i8042/serio1/input/input4
[    6.420462] rtc_cmos 00:05: setting system clock to 2023-03-06T09:51:50 UTC (1678096310)
[    6.424310] input: VirtualPS/2 VMware VMMouse as /devices/platform/i8042/serio1/input/input3
[    6.427021] rtc_cmos 00:05: alarms up to one day, y3k, 242 bytes nvram, hpet irqs
[    6.429382] i2c_dev: i2c /dev entries driver
[    6.431114] device-mapper: core: CONFIG_IMA_DISABLE_HTABLE is disabled. Duplicate IMA measurements will not be recorded in the IMA log.
[    6.434815] device-mapper: uevent: version 1.0.3
[    6.436769] device-mapper: ioctl: 4.47.0-ioctl (2022-07-28) initialised: dm-devel@redhat.com
[    6.439232] intel_pstate: CPU model not supported
[    6.440760] sdhci: Secure Digital Host Controller Interface driver
[    6.442539] sdhci: Copyright(c) Pierre Ossman
[    6.443999] sdhci-pltfm: SDHCI platform and OF driver helper
[    6.445811] ledtrig-cpu: registered to indicate activity on CPUs
[    6.448331] drop_monitor: Initializing network drop monitor service
[    6.451020] NET: Registered PF_INET6 protocol family
[    6.457270] Segment Routing with IPv6
[    6.458283] In-situ OAM (IOAM) with IPv6
[    6.459380] NET: Registered PF_PACKET protocol family
[    6.461296] 9pnet: Installing 9P2000 support
[    6.462817] Key type dns_resolver registered
[    6.465964] IPI shorthand broadcast: enabled
[    6.467597] sched_clock: Marking stable (6413495482, 53856078)->(6628333477, -160981917)
[    6.471688] registered taskstats version 1
[    6.473381] Loading compiled-in X.509 certificates
[    6.475746] zswap: loaded using pool lzo/zbud
[    6.478300] Key type .fscrypt registered
[    6.479296] Key type fscrypt-provisioning registered
[    6.483039] Key type encrypted registered
[    6.484358] ima: No TPM chip found, activating TPM-bypass!
[    6.485962] ima: Allocated hash algorithm: sha1
[    6.487489] ima: No architecture policies found
[    6.488906] evm: Initialising EVM extended attributes:
[    6.490384] evm: security.selinux
[    6.491409] evm: security.SMACK64
[    6.492382] evm: security.SMACK64EXEC
[    6.493456] evm: security.SMACK64TRANSMUTE
[    6.494672] evm: security.SMACK64MMAP
[    6.495747] evm: security.apparmor
[    6.496725] evm: security.ima
[    6.497589] evm: security.capability
[    6.498663] evm: HMAC attrs: 0x1
[    6.511442] PM:   Magic number: 15:722:878
[    6.513438] RAS: Correctable Errors collector initialized.
[    6.517526] md: Waiting for all devices to be available before autodetect
[    6.518907] md: If you don't use raid, use raid=noautodetect
[    6.520212] md: Autodetecting RAID arrays.
[    6.521001] md: autorun ...
[    6.521482] md: ... autorun DONE.
[    6.536166] EXT4-fs (sda): mounted filesystem with ordered data mode. Quota mode: none.
[    6.537682] VFS: Mounted root (ext4 filesystem) readonly on device 8:0.
[    6.542805] devtmpfs: mounted
[    6.555567] Freeing unused decrypted memory: 2036K
[    6.562091] Freeing unused kernel image (initmem) memory: 3668K
[    6.563227] Write protecting the kernel read-only data: 43008k
[    6.571997] Freeing unused kernel image (text/rodata gap) memory: 2028K
[    6.574822] Freeing unused kernel image (rodata/data gap) memory: 364K
[    6.714666] x86/mm: Checked W+X mappings: passed, no W+X pages found.
[    6.715997] Run /sbin/init as init process
[    6.917365] systemd[1]: RTC configured in localtime, applying delta of 0 minutes to system time.
[    6.968908] systemd[1]: systemd 239 (239-49.el8) running in system mode. (+PAM +AUDIT +SELINUX +IMA -APPARMOR +SMACK +SYSVINIT +UTMP +LIBCRYPTSETUP +GCRYPT +GNUTLS +ACL +XZ +LZ4 +SECCOMP +BLKID +ELFUTILS +KMOD +IDN2 -IDN +PCRE2 default-hierarchy=legacy)
[    6.973918] systemd[1]: Detected virtualization kvm.
[    6.974956] systemd[1]: Detected architecture x86-64.

Welcome to [0;31mCentOS Stream 8[0m!

[    7.035665] systemd[1]: Set hostname to <test>.
[    8.174782] random: crng init done
[    8.371281] systemd[1]: Listening on Journal Socket (/dev/log).
[[0;32m  OK  [0m] Listening on Journal Socket (/dev/log).
[    8.374740] systemd[1]: Listening on Journal Socket.
[[0;32m  OK  [0m] Listening on Journal Socket.
[    8.399256] systemd[1]: Mounting Kernel Debug File System...
         Mounting Kernel Debug File System...
[    8.405967] systemd[1]: Started Forward Password Requests to Wall Directory Watch.
[[0;32m  OK  [0m] Started Forward Password Requests to Wall Directory Watch.
[    8.410243] systemd[1]: Listening on initctl Compatibility Named Pipe.
[[0;32m  OK  [0m] Listening on initctl Compatibility Named Pipe.
[    8.422746] systemd[1]: Starting Setup Virtual Console...
         Starting Setup Virtual Console...
[[0;32m  OK  [0m] Listening on Device-mapper event daemon FIFOs.
         Starting Monitoring of LVM2 mirrorsâ€¦ng dmeventd or progress polling...
         Starting Load Kernel Modules...
         Starting Journal Service...
         Starting Remount Root and Kernel File Systems...
[[0;32m  OK  [0m] Created slice system-serial\x2dgetty.slice.
         Mounting POSIX Message Queue File System...
[[0;32m  OK  [0m] Set up automount Arbitrary Executabâ€¦rmats File System Automount Point.
[[0;32m  OK  [0m] Created slice system-getty.slice.
[[0;32m  OK  [0m] Listening on multipathd control socket.
[[0;32m  OK  [0m] Listening on LVM2 poll daemon socket.
[[0;32m  OK  [0m] Listening on udev Control Socket.
[[0;32m  OK  [0m] Created slice system-sshd\x2dkeygen.slice.
[[0;32m  OK  [0m] Reached target Swap.
[[0;32m  OK  [0m] Listening on Process Core Dump Socket.
[[0;32m  OK  [0m] Listening on RPCbind Server Activation Socket.
[[0;32m  OK  [0m] Reached target RPC Port Mapper.[    8.887228] EXT4-fs (sda): re-mounted. Quota mode: none.

[[0;32m  OK  [0m] Created slice User and Session Slice.
[[0;32m  OK  [0m] Reached target Slices.
         Mounting Huge Pages File System...
[[0;32m  OK  [0m] Listening on udev Kernel Socket.
         Starting udev Coldplug all Devices...
[[0;32m  OK  [0m] Started Journal Service.
[[0;32m  OK  [0m] Mounted Kernel Debug File System.
[[0;32m  OK  [0m] Started Monitoring of LVM2 mirrors,â€¦sing dmeventd or progress polling.
[[0;32m  OK  [0m] Started Setup Virtual Console.
[[0;1;31mFAILED[0m] Failed to start Load Kernel Modules.
See 'systemctl status systemd-modules-load.service' for details.
[[0;32m  OK  [0m] Started Remount Root and Kernel File Systems.
[[0;32m  OK  [0m] Mounted POSIX Message Queue File System.
[[0;32m  OK  [0m] Mounted Huge Pages File System.
         Starting Create Static Device Nodes in /dev...
         Starting Load/Save Random Seed...
         Mounting FUSE Control File System...
         Mounting Kernel Configuration File System...
         Starting Apply Kernel Variables...
         Starting Flush Journal to Persistent Storage...
[[0;32m  OK  [0m] Started Create Static Device Nodes in /dev.
[[0;32m  OK  [0m] Started Load/Save Random Seed.
[[0;32m  OK  [0m] Mounted FUSE Control File System.
[[0;32m  OK  [0m] Mounted Kernel Configuration File System.
[[0;32m  OK  [0m] Started Apply Kernel Variables.
[[0;32m  OK  [0m] Started Flush Journal to Persistent Storage.
         Starting udev Kernel Device Manager...
[[0;32m  OK  [0m] Started udev Coldplug all Devices.
         Starting udev Wait for Complete Device Initialization...
[[0;32m  OK  [0m] Started udev Kernel Device Manager.
         Starting Show Plymouth Boot Screen...
[[0;32m  OK  [0m] Started Show Plymouth Boot Screen.
[[0;32m  OK  [0m] Started Forward Password Requests to Plymouth Directory Watch.
[[0;32m  OK  [0m] Reached target Local Encrypted Volumes.
[[0;32m  OK  [0m] Reached target Paths.
[[0;32m  OK  [0m] Found device /dev/ttyS0.
[[0;32m  OK  [0m] Started udev Wait for Complete Device Initialization.
[[0;32m  OK  [0m] Reached target Local File Systems (Pre).
[[0;32m  OK  [0m] Reached target Local File Systems.
         Starting Tell Plymouth To Write Out Runtime Data...
         Starting Create Volatile Files and Directories...
         Starting Restore /run/initramfs on shutdown...
[[0;32m  OK  [0m] Listening on Load/Save RF Kill Switch Status /dev/rfkill Watch.
[[0;32m  OK  [0m] Started Tell Plymouth To Write Out Runtime Data.
[[0;32m  OK  [0m] Started Create Volatile Files and Directories.
[[0;32m  OK  [0m] Started Restore /run/initramfs on shutdown.
         Starting RPC Bind...
         Mounting RPC Pipe File System...
         Starting Security Auditing Service...
[[0;32m  OK  [0m] Mounted RPC Pipe File System.
[[0;32m  OK  [0m] Reached target rpc_pipefs.target.
[[0;32m  OK  [0m] Started RPC Bind.
[[0;32m  OK  [0m] Started Security Auditing Service.
         Starting Update UTMP about System Boot/Shutdown...
[[0;32m  OK  [0m] Started Update UTMP about System Boot/Shutdown.
[[0;32m  OK  [0m] Reached target System Initialization.
[[0;32m  OK  [0m] Listening on SSSD Kerberos Cache Manager responder socket.
[[0;32m  OK  [0m] Started Daily Cleanup of Temporary Directories.
[[0;32m  OK  [0m] Started daily update of the root trust anchor for DNSSEC.
[[0;32m  OK  [0m] Started dnf makecache --timer.
[[0;32m  OK  [0m] Reached target Timers.
[[0;32m  OK  [0m] Listening on D-Bus System Message Bus Socket.
[[0;32m  OK  [0m] Reached target Sockets.
[[0;32m  OK  [0m] Reached target Basic System.
[[0;32m  OK  [0m] Started Machine Check Exception Logging Daemon.
[[0;32m  OK  [0m] Started irqbalance daemon.
         Starting Self Monitoring and Reporting Technology (SMART) Daemon...
         Starting Authorization Manager...
[[0;32m  OK  [0m] Started D-Bus System Message Bus.
         Starting Network Manager...
         Starting NTP client/server...
         Starting Auto-connect to subsystemsâ€¦-NVME devices found during boot...
         Starting Login Service...
[[0;32m  OK  [0m] Reached target sshd-keygen.target.
[[0;32m  OK  [0m] Started Self Monitoring and Reporting Technology (SMART) Daemon.
         Starting update of the root trust aâ€¦or DNSSEC validation in unbound...
[[0;32m  OK  [0m] Started Auto-connect to subsystems â€¦FC-NVME devices found during boot.
[[0;32m  OK  [0m] Started Login Service.
[[0;32m  OK  [0m] Started update of the root trust anâ€¦ for DNSSEC validation in unbound.
[[0;32m  OK  [0m] Started Network Manager.
[[0;32m  OK  [0m] Reached target Network.
         Starting Dynamic System Tuning Daemon...
         Starting GSSAPI Proxy Daemon...
         Starting OpenSSH server daemon...
         Starting Network Manager Wait Online...
[[0;32m  OK  [0m] Started NTP client/server.
[[0;32m  OK  [0m] Started Authorization Manager.
[[0;32m  OK  [0m] Started OpenSSH server daemon.
         Starting Hostname Service...
[[0;32m  OK  [0m] Started GSSAPI Proxy Daemon.
[[0;32m  OK  [0m] Reached target NFS client services.
[[0;32m  OK  [0m] Reached target Remote File Systems (Pre).
[[0;32m  OK  [0m] Reached target Remote File Systems.
         Starting Permit User Sessions...
[[0;32m  OK  [0m] Started Permit User Sessions.
         Starting Terminate Plymouth Boot Screen...
[[0;32m  OK  [0m] Started Command Scheduler.
         Starting Hold until boot process finishes up...
[[0;32m  OK  [0m] Started Terminate Plymouth Boot Screen.
[[0;32m  OK  [0m] Started Hold until boot process finishes up.
[   12.891871] e1000: eth0 NIC Link is Up 1000 Mbps Full Duplex, Flow Control: RX
[   12.894372] IPv6: ADDRCONF(NETDEV_CHANGE): eth0: link becomes ready
[   13.267301] Spectre V2 : WARNING: Unprivileged eBPF is enabled with eIBRS on, data leaks possible via Spectre v2 BHB attacks!
[   13.269893] Spectre V2 : WARNING: Unprivileged eBPF is enabled with eIBRS on, data leaks possible via Spectre v2 BHB attacks!

CentOS Stream 8
Kernel 6.1.0-rc7-6b75bd3d0367+ on an x86_64

test login: [   57.214816] ------------[ cut here ]------------
[   57.215931] refcount_t: addition on 0; use-after-free.
[   57.217163] WARNING: CPU: 1 PID: 31 at lib/refcount.c:25 refcount_warn_saturate+0xe6/0x1c0
[   57.218846] Modules linked in:
[   57.219492] CPU: 1 PID: 31 Comm: kworker/u4:1 Not tainted 6.1.0-rc7-6b75bd3d0367+ #1
[   57.220979] Hardware name: QEMU Standard PC (i440FX + PIIX, 1996), BIOS rel-1.16.0-0-gd239552ce722-prebuilt.qemu.org 04/01/2014
[   57.223200] Workqueue: events_unbound bpf_map_free_deferred
[   57.224347] RIP: 0010:refcount_warn_saturate+0xe6/0x1c0
[   57.225392] Code: 1d 48 38 13 02 31 ff 89 de e8 86 b2 5d ff 84 db 75 97 e8 6d b1 5d ff 48 c7 c7 e8 f6 7f 83 c6 05 28 38 13 02 01 e8 12 19 00 01 <0f> 0b e9 78 ff ff ff e8 4e b1 5d ff 0f b6 1d 12 38 13 02 31 ff 89
[   57.229004] RSP: 0018:ffffc9000010fda0 EFLAGS: 00010286
[   57.230057] RAX: 0000000000000000 RBX: 0000000000000000 RCX: ffffffff811b94fb
[   57.231522] RDX: 0000000000000000 RSI: ffff888006554700 RDI: 0000000000000002
[   57.232906] RBP: ffffc9000010fdb0 R08: 0000000000000000 R09: 0000000000000001
[   57.234295] R10: 0000000000000000 R11: 0000000000000001 R12: ffff88800d9d1e80
[   57.235760] R13: 0000000000000000 R14: ffff888016950000 R15: ffff8880091de800
[   57.237147] FS:  0000000000000000(0000) GS:ffff88807dd00000(0000) knlGS:0000000000000000
[   57.238752] CS:  0010 DS: 0000 ES: 0000 CR0: 0000000080050033
[   57.239890] CR2: 00007f8a4a00efb8 CR3: 0000000003a12005 CR4: 0000000000770ee0
[   57.241268] PKRU: 55555554
[   57.241827] Call Trace:
[   57.242327]  <TASK>
[   57.242835]  sock_map_free+0x349/0x350
[   57.243630]  bpf_map_free_deferred+0x124/0x290
[   57.244527]  process_one_work+0x3b1/0x960
[   57.245350]  worker_thread+0x52/0x660
[   57.246097]  ? process_one_work+0x960/0x960
[   57.247005]  kthread+0x161/0x1a0
[   57.247714]  ? kthread_complete_and_exit+0x40/0x40
[   57.248680]  ret_from_fork+0x1f/0x30
[   57.249449]  </TASK>
[   57.249926] irq event stamp: 65925
[   57.250676] hardirqs last  enabled at (65935): [<ffffffff811b8e71>] __up_console_sem+0x91/0xb0
[   57.252373] hardirqs last disabled at (65942): [<ffffffff811b8e56>] __up_console_sem+0x76/0xb0
[   57.254038] softirqs last  enabled at (65538): [<ffffffff8282a883>] release_sock+0xc3/0xf0
[   57.255735] softirqs last disabled at (65536): [<ffffffff8282a7e9>] release_sock+0x29/0xf0
[   57.257326] ---[ end trace 0000000000000000 ]---
[   57.265437] ------------[ cut here ]------------
[   57.266492] refcount_t: underflow; use-after-free.
[   57.267659] WARNING: CPU: 0 PID: 8715 at lib/refcount.c:28 refcount_warn_saturate+0x15e/0x1c0
[   57.269349] Modules linked in:
[   57.269988] CPU: 0 PID: 8715 Comm: repro Tainted: G        W          6.1.0-rc7-6b75bd3d0367+ #1
[   57.271895] Hardware name: QEMU Standard PC (i440FX + PIIX, 1996), BIOS rel-1.16.0-0-gd239552ce722-prebuilt.qemu.org 04/01/2014
[   57.274124] RIP: 0010:refcount_warn_saturate+0x15e/0x1c0
[   57.275242] Code: 02 31 ff 89 de e8 12 b2 5d ff 84 db 0f 85 1f ff ff ff e8 f5 b0 5d ff 48 c7 c7 18 f7 7f 83 c6 05 af 37 13 02 01 e8 9a 18 00 01 <0f> 0b e9 00 ff ff ff e8 d6 b0 5d ff 0f b6 1d 95 37 13 02 31 ff 89
[   57.278879] RSP: 0018:ffffc9000415bb58 EFLAGS: 00010282
[   57.279933] RAX: 0000000000000000 RBX: 0000000000000000 RCX: ffffffff811b94fb
[   57.281328] RDX: 0000000000000000 RSI: ffff888016958000 RDI: 0000000000000002
[   57.282785] RBP: ffffc9000415bb68 R08: 0000000000000000 R09: 0000000000000001
[   57.284203] R10: 0000000000000000 R11: 0000000000000001 R12: ffff88800d9d1e80
[   57.285613] R13: ffff88800d9d1e00 R14: 0000000000000000 R15: ffff88800d9d2738
[   57.287082] FS:  0000000000000000(0000) GS:ffff88807dc00000(0000) knlGS:0000000000000000
[   57.288674] CS:  0010 DS: 0000 ES: 0000 CR0: 0000000080050033
[   57.289815] CR2: 00007f8a4a2663b8 CR3: 0000000003a12002 CR4: 0000000000770ef0
[   57.291282] PKRU: 55555554
[   57.291855] Call Trace:
[   57.292369]  <TASK>
[   57.292817]  unix_release_sock+0x584/0x730
[   57.293699]  unix_release+0x42/0x60
[   57.294426]  __sock_release+0x57/0xf0
[   57.295233]  ? __sock_release+0xf0/0xf0
[   57.296033]  sock_close+0x25/0x30
[   57.296722]  __fput+0x11f/0x450
[   57.297404]  ____fput+0x1e/0x30
[   57.298062]  task_work_run+0xb6/0x120
[   57.298868]  do_exit+0x547/0x1360
[   57.299595]  ? _raw_spin_unlock_irq+0x2b/0x60
[   57.300505]  ? write_comp_data+0x2f/0x90
[   57.301296]  do_group_exit+0x5e/0xf0
[   57.302029]  get_signal+0x148f/0x1490
[   57.302841]  arch_do_signal_or_restart+0x3b/0x820
[   57.303796]  ? __sanitizer_cov_trace_pc+0x25/0x60
[   57.304734]  ? exit_to_user_mode_prepare+0x100/0x210
[   57.305749]  ? __this_cpu_preempt_check+0x20/0x30
[   57.306765]  ? lockdep_hardirqs_on+0x8a/0x110
[   57.307659]  ? exit_to_user_mode_prepare+0x100/0x210
[   57.308662]  exit_to_user_mode_prepare+0x13b/0x210
[   57.309626]  syscall_exit_to_user_mode+0x2d/0x60
[   57.310541]  do_syscall_64+0x4a/0x90
[   57.311318]  entry_SYSCALL_64_after_hwframe+0x63/0xcd
[   57.312339] RIP: 0033:0x7f8a4a17759d
[   57.313058] Code: Unable to access opcode bytes at 0x7f8a4a177573.
[   57.314244] RSP: 002b:00007f8a4a050ea8 EFLAGS: 00000246 ORIG_RAX: 00000000000000ca
[   57.315767] RAX: fffffffffffffe00 RBX: 0000000000000000 RCX: 00007f8a4a17759d
[   57.317151] RDX: 0000000000000000 RSI: 0000000000000080 RDI: 0000000000404148
[   57.318529] RBP: 00007f8a4a050ec0 R08: 0000000000000000 R09: 0000000000000000
[   57.319965] R10: 0000000000000000 R11: 0000000000000246 R12: 00007ffc9a2c31de
[   57.321327] R13: 00007ffc9a2c31df R14: 00007ffc9a2c3270 R15: 00007f8a4a051700
[   57.322771]  </TASK>
[   57.323229] irq event stamp: 1965
[   57.323950] hardirqs last  enabled at (1973): [<ffffffff811b8e71>] __up_console_sem+0x91/0xb0
[   57.325572] hardirqs last disabled at (1980): [<ffffffff811b8e56>] __up_console_sem+0x76/0xb0
[   57.327245] softirqs last  enabled at (1548): [<ffffffff83000329>] __do_softirq+0x329/0x490
[   57.328867] softirqs last disabled at (1307): [<ffffffff81112722>] irq_exit_rcu+0xd2/0x100
[   57.330435] ---[ end trace 0000000000000000 ]---
