c[?7l[2J[0mSeaBIOS (version rel-1.16.0-0-gd239552ce722-prebuilt.qemu.org)


iPXE (http://ipxe.org) 00:03.0 CA00 PCI2.10 PnP PMM+7FF91000+7FEF1000 CA00
Press Ctrl-B to configure iPXE (PCI 00:03.0)...                                                                               


Booting from ROM..c[?7l[2J[0m.[    0.000000] Linux version 6.1.0-8b777594d234+ (root@p-rpls01) (gcc (GCC) 8.5.0 20210514 (Red Hat 8.5.0-18), GNU ld version 2.36.1-2.el8) #1 SMP PREEMPT_DYNAMIC Mon Mar  6 13:33:44 CST 2023
[    0.000000] Command line: console=ttyS0 root=/dev/sda earlyprintk=serial net.ifnames=0
[    0.000000] KERNEL supported cpus:
[    0.000000]   Intel GenuineIntel
[    0.000000]   AMD AuthenticAMD
[    0.000000]   Hygon HygonGenuine
[    0.000000]   Centaur CentaurHauls
[    0.000000]   zhaoxin   Shanghai  
[    0.000000] x86/fpu: Supporting XSAVE feature 0x001: 'x87 floating point registers'
[    0.000000] x86/fpu: Supporting XSAVE feature 0x002: 'SSE registers'
[    0.000000] x86/fpu: Supporting XSAVE feature 0x004: 'AVX registers'
[    0.000000] x86/fpu: Supporting XSAVE feature 0x200: 'Protection Keys User registers'
[    0.000000] x86/fpu: xstate_offset[2]:  576, xstate_sizes[2]:  256
[    0.000000] x86/fpu: xstate_offset[9]:  832, xstate_sizes[9]:    8
[    0.000000] x86/fpu: Enabled xstate features 0x207, context size is 840 bytes, using 'compacted' format.
[    0.000000] signal: max sigframe size: 3632
[    0.000000] BIOS-provided physical RAM map:
[    0.000000] BIOS-e820: [mem 0x0000000000000000-0x000000000009fbff] usable
[    0.000000] BIOS-e820: [mem 0x000000000009fc00-0x000000000009ffff] reserved
[    0.000000] BIOS-e820: [mem 0x00000000000f0000-0x00000000000fffff] reserved
[    0.000000] BIOS-e820: [mem 0x0000000000100000-0x000000007ffdffff] usable
[    0.000000] BIOS-e820: [mem 0x000000007ffe0000-0x000000007fffffff] reserved
[    0.000000] BIOS-e820: [mem 0x00000000feffc000-0x00000000feffffff] reserved
[    0.000000] BIOS-e820: [mem 0x00000000fffc0000-0x00000000ffffffff] reserved
[    0.000000] printk: bootconsole [earlyser0] enabled
[    0.000000] NX (Execute Disable) protection: active
[    0.000000] SMBIOS 2.8 present.
[    0.000000] DMI: QEMU Standard PC (i440FX + PIIX, 1996), BIOS rel-1.16.0-0-gd239552ce722-prebuilt.qemu.org 04/01/2014
[    0.000000] Hypervisor detected: KVM
[    0.000000] kvm-clock: Using msrs 4b564d01 and 4b564d00
[    0.000008] kvm-clock: using sched offset of 830236895 cycles
[    0.001512] clocksource: kvm-clock: mask: 0xffffffffffffffff max_cycles: 0x1cd42e4dffb, max_idle_ns: 881590591483 ns
[    0.006216] tsc: Detected 806.400 MHz processor
[    0.017558] last_pfn = 0x7ffe0 max_arch_pfn = 0x400000000
[    0.019448] x86/PAT: Configuration [0-7]: WB  WC  UC- UC  WB  WP  UC- WT  
[    0.033842] found SMP MP-table at [mem 0x000f5ba0-0x000f5baf]
[    0.035839] Using GB pages for direct mapping
[    0.039284] ACPI: Early table checksum verification disabled
[    0.041059] ACPI: RSDP 0x00000000000F59C0 000014 (v00 BOCHS )
[    0.042764] ACPI: RSDT 0x000000007FFE1951 000034 (v01 BOCHS  BXPC     00000001 BXPC 00000001)
[    0.045290] ACPI: FACP 0x000000007FFE17FD 000074 (v01 BOCHS  BXPC     00000001 BXPC 00000001)
[    0.047792] ACPI: DSDT 0x000000007FFE0040 0017BD (v01 BOCHS  BXPC     00000001 BXPC 00000001)
[    0.050276] ACPI: FACS 0x000000007FFE0000 000040
[    0.051647] ACPI: APIC 0x000000007FFE1871 000080 (v01 BOCHS  BXPC     00000001 BXPC 00000001)
[    0.054115] ACPI: HPET 0x000000007FFE18F1 000038 (v01 BOCHS  BXPC     00000001 BXPC 00000001)
[    0.056591] ACPI: WAET 0x000000007FFE1929 000028 (v01 BOCHS  BXPC     00000001 BXPC 00000001)
[    0.059039] ACPI: Reserving FACP table memory at [mem 0x7ffe17fd-0x7ffe1870]
[    0.061074] ACPI: Reserving DSDT table memory at [mem 0x7ffe0040-0x7ffe17fc]
[    0.063101] ACPI: Reserving FACS table memory at [mem 0x7ffe0000-0x7ffe003f]
[    0.065148] ACPI: Reserving APIC table memory at [mem 0x7ffe1871-0x7ffe18f0]
[    0.067162] ACPI: Reserving HPET table memory at [mem 0x7ffe18f1-0x7ffe1928]
[    0.069193] ACPI: Reserving WAET table memory at [mem 0x7ffe1929-0x7ffe1950]
[    0.073042] No NUMA configuration found
[    0.074143] Faking a node at [mem 0x0000000000000000-0x000000007ffdffff]
[    0.076188] NODE_DATA(0) allocated [mem 0x7ffb5000-0x7ffdffff]
[    0.082281] Zone ranges:
[    0.083018]   DMA      [mem 0x0000000000001000-0x0000000000ffffff]
[    0.084839]   DMA32    [mem 0x0000000001000000-0x000000007ffdffff]
[    0.086620]   Normal   empty
[    0.087449]   Device   empty
[    0.088296] Movable zone start for each node
[    0.089518] Early memory node ranges
[    0.090539]   node   0: [mem 0x0000000000001000-0x000000000009efff]
[    0.092346]   node   0: [mem 0x0000000000100000-0x000000007ffdffff]
[    0.094173] Initmem setup node 0 [mem 0x0000000000001000-0x000000007ffdffff]
[    0.097515] On node 0, zone DMA: 1 pages in unavailable ranges
[    0.098083] On node 0, zone DMA: 97 pages in unavailable ranges
[    0.198648] On node 0, zone DMA32: 32 pages in unavailable ranges
[    0.201378] ACPI: PM-Timer IO Port: 0x608
[    0.204354] ACPI: LAPIC_NMI (acpi_id[0xff] dfl dfl lint[0x1])
[    0.206131] IOAPIC[0]: apic_id 0, version 17, address 0xfec00000, GSI 0-23
[    0.208111] ACPI: INT_SRC_OVR (bus 0 bus_irq 0 global_irq 2 dfl dfl)
[    0.209902] ACPI: INT_SRC_OVR (bus 0 bus_irq 5 global_irq 5 high level)
[    0.211790] ACPI: INT_SRC_OVR (bus 0 bus_irq 9 global_irq 9 high level)
[    0.213653] ACPI: INT_SRC_OVR (bus 0 bus_irq 10 global_irq 10 high level)
[    0.215544] ACPI: INT_SRC_OVR (bus 0 bus_irq 11 global_irq 11 high level)
[    0.217497] ACPI: Using ACPI (MADT) for SMP configuration information
[    0.219319] ACPI: HPET id: 0x8086a201 base: 0xfed00000
[    0.220828] TSC deadline timer available
[    0.221941] smpboot: Allowing 2 CPUs, 0 hotplug CPUs
[    0.223488] kvm-guest: KVM setup pv remote TLB flush
[    0.224939] kvm-guest: setup PV sched yield
[    0.226236] PM: hibernation: Registered nosave memory: [mem 0x00000000-0x00000fff]
[    0.228401] PM: hibernation: Registered nosave memory: [mem 0x0009f000-0x0009ffff]
[    0.230541] PM: hibernation: Registered nosave memory: [mem 0x000a0000-0x000effff]
[    0.232697] PM: hibernation: Registered nosave memory: [mem 0x000f0000-0x000fffff]
[    0.234838] [mem 0x80000000-0xfeffbfff] available for PCI devices
[    0.236591] Booting paravirtualized kernel on KVM
[    0.237954] clocksource: refined-jiffies: mask: 0xffffffff max_cycles: 0xffffffff, max_idle_ns: 7645519600211568 ns
[    0.240942] setup_percpu: NR_CPUS:8192 nr_cpumask_bits:2 nr_cpu_ids:2 nr_node_ids:1
[    0.249437] percpu: Embedded 64 pages/cpu s225280 r8192 d28672 u1048576
[    0.251722] kvm-guest: PV spinlocks enabled
[    0.252945] PV qspinlock hash table entries: 256 (order: 0, 4096 bytes, linear)
[    0.255079] Fallback order for Node 0: 0 
[    0.256291] Built 1 zonelists, mobility grouping on.  Total pages: 515808
[    0.258203] Policy zone: DMA32
[    0.259063] Kernel command line: net.ifnames=0 console=ttyS0 root=/dev/sda earlyprintk=serial net.ifnames=0
[    0.262465] random: crng init done
[    0.269195] Dentry cache hash table entries: 262144 (order: 9, 2097152 bytes, linear)
[    0.271715] Inode-cache hash table entries: 131072 (order: 8, 1048576 bytes, linear)
[    0.274169] mem auto-init: stack:off, heap alloc:off, heap free:off
[    0.283355] Memory: 1979240K/2096632K available (34816K kernel code, 4711K rwdata, 9988K rodata, 10132K init, 19736K bss, 117136K reserved, 0K cma-reserved)
[    0.288066] SLUB: HWalign=64, Order=0-3, MinObjects=0, CPUs=2, Nodes=1
[    0.289935] kmemleak: Kernel memory leak detector disabled
[    0.291594] ftrace: allocating 68139 entries in 267 pages
[    0.328635] ftrace: allocated 267 pages with 4 groups
[    0.335150] Dynamic Preempt: voluntary
[    0.336479] Running RCU self tests
[    0.337459] rcu: Preemptible hierarchical RCU implementation.
[    0.339082] rcu: 	RCU lockdep checking is enabled.
[    0.340435] rcu: 	RCU restricting CPUs from NR_CPUS=8192 to nr_cpu_ids=2.
[    0.342353] 	Trampoline variant of Tasks RCU enabled.
[    0.343771] 	Rude variant of Tasks RCU enabled.
[    0.345063] 	Tracing variant of Tasks RCU enabled.
[    0.346391] rcu: RCU calculated value of scheduler-enlistment delay is 25 jiffies.
[    0.348563] rcu: Adjusting geometry for rcu_fanout_leaf=16, nr_cpu_ids=2
[    0.385332] NR_IRQS: 524544, nr_irqs: 440, preallocated irqs: 16
[    0.387553] rcu: srcu_init: Setting srcu_struct sizes based on contention.
[    0.414967] Console: colour VGA+ 80x25
[    0.416183] printk: console [ttyS0] enabled
[    0.416183] printk: console [ttyS0] enabled
[    0.418591] printk: bootconsole [earlyser0] disabled
[    0.418591] printk: bootconsole [earlyser0] disabled
[    0.421449] Lock dependency validator: Copyright (c) 2006 Red Hat, Inc., Ingo Molnar
[    0.423686] ... MAX_LOCKDEP_SUBCLASSES:  8
[    0.424900] ... MAX_LOCK_DEPTH:          48
[    0.426123] ... MAX_LOCKDEP_KEYS:        8192
[    0.427399] ... CLASSHASH_SIZE:          4096
[    0.428703] ... MAX_LOCKDEP_ENTRIES:     32768
[    0.430026] ... MAX_LOCKDEP_CHAINS:      65536
[    0.431336] ... CHAINHASH_SIZE:          32768
[    0.432665]  memory used by lock dependency info: 6365 kB
[    0.434246]  memory used for stack traces: 4224 kB
[    0.435655]  per task-struct memory footprint: 1920 bytes
[    0.437318] ACPI: Core revision 20221020
[    0.438961] clocksource: hpet: mask: 0xffffffff max_cycles: 0xffffffff, max_idle_ns: 19112604467 ns
[    0.441959] APIC: Switch to symmetric I/O mode setup
[    0.444269] x2apic enabled
[    0.445954] Switched APIC routing to physical x2apic.
[    0.447458] kvm-guest: setup PV IPIs
[    0.452147] ..TIMER: vector=0x30 apic1=0 pin1=2 apic2=-1 pin2=-1
[    0.454108] clocksource: tsc-early: mask: 0xffffffffffffffff max_cycles: 0xb9fb05486c, max_idle_ns: 440795231721 ns
[    0.457257] Calibrating delay loop (skipped) preset value.. 1612.80 BogoMIPS (lpj=3225600)
[    0.461239] pid_max: default: 32768 minimum: 301
[    0.462738] LSM: initializing lsm=capability,yama,integrity
[    0.465239] Yama: becoming mindful.
[    0.466486] Mount-cache hash table entries: 4096 (order: 3, 32768 bytes, linear)
[    0.469243] Mountpoint-cache hash table entries: 4096 (order: 3, 32768 bytes, linear)
[    0.474248] CPU0: Thermal monitoring enabled (TM1)
[    0.477281] x86/cpu: User Mode Instruction Prevention (UMIP) activated
[    0.481474] Last level iTLB entries: 4KB 0, 2MB 0, 4MB 0
[    0.483059] Last level dTLB entries: 4KB 0, 2MB 0, 4MB 0, 1GB 0
[    0.484880] Spectre V1 : Mitigation: usercopy/swapgs barriers and __user pointer sanitization
[    0.485255] Spectre V2 : WARNING: Unprivileged eBPF is enabled with eIBRS on, data leaks possible via Spectre v2 BHB attacks!
[    0.489246] Spectre V2 : Mitigation: Enhanced IBRS
[    0.490660] Spectre V2 : Spectre v2 / SpectreRSB mitigation: Filling RSB on context switch
[    0.493235] Spectre V2 : Spectre v2 / PBRSB-eIBRS: Retire a single CALL on VMEXIT
[    0.495411] Spectre V2 : mitigation: Enabling conditional Indirect Branch Prediction Barrier
[    0.497236] Speculative Store Bypass: Mitigation: Speculative Store Bypass disabled via prctl
[    0.501236] MMIO Stale Data: Unknown: No mitigations
[    0.647222] Freeing SMP alternatives memory: 56K
[    0.649663] smpboot: CPU0: Genuine Intel(R) 0000 (family: 0x6, model: 0xb7, stepping: 0x0)
[    0.652694] cblist_init_generic: Setting adjustable number of callback queues.
[    0.653246] cblist_init_generic: Setting shift to 1 and lim to 1.
[    0.655118] cblist_init_generic: Setting shift to 1 and lim to 1.
[    0.657005] cblist_init_generic: Setting shift to 1 and lim to 1.
[    0.657303] Running RCU-tasks wait API self tests
[    0.761555] Performance Events: Alderlake Hybrid events, full-width counters, Intel PMU driver.
[    0.764937] core: cpu_core PMU driver: 
[    0.765247] ... version:                2
[    0.766198] ... bit width:              48
[    0.767161] ... generic registers:      6
[    0.768102] ... value mask:             0000ffffffffffff
[    0.769244] ... max period:             00007fffffffffff
[    0.770462] ... fixed-purpose events:   3
[    0.771403] ... event mask:             0001000f0000003f
[    0.773101] rcu: Hierarchical SRCU implementation.
[    0.773244] rcu: 	Max phase no-delay instances is 1000.
[    0.777326] Callback from call_rcu_tasks_trace() invoked.
[    0.778991] unchecked MSR access error: WRMSR to 0x38f (tried to write 0x0001000f0000003f) at rIP: 0xffffffff810dc97c (native_write_msr+0xc/0x30)
[    0.781231] Call Trace:
[    0.781231]  <TASK>
[    0.781231]  __intel_pmu_enable_all.constprop.46+0xb5/0x140
[    0.781231]  intel_pmu_enable_all+0x1e/0x30
[    0.781231]  x86_pmu_enable+0x46d/0x5a0
[    0.781231]  ? write_comp_data+0x2f/0x90
[    0.781231]  perf_pmu_enable+0x53/0x70
[    0.781231]  ctx_resched+0x14d/0x1e0
[    0.781231]  __perf_install_in_context+0x2f7/0x450
[    0.781231]  ? __pfx_remote_function+0x10/0x10
[    0.781231]  ? __pfx_remote_function+0x10/0x10
[    0.781231]  remote_function+0x80/0xa0
[    0.781231]  ? __pfx_remote_function+0x10/0x10
[    0.781231]  generic_exec_single+0x124/0x190
[    0.781231]  smp_call_function_single+0x11c/0x240
[    0.781231]  ? __pfx_remote_function+0x10/0x10
[    0.781231]  ? __sanitizer_cov_trace_pc+0x25/0x60
[    0.781231]  ? write_comp_data+0x2f/0x90
[    0.781231]  perf_install_in_context+0x2d8/0x300
[    0.781231]  ? __pfx___perf_install_in_context+0x10/0x10
[    0.781231]  perf_event_create_kernel_counter+0x278/0x2a0
[    0.781231]  ? __pfx_watchdog_overflow_callback+0x10/0x10
[    0.781231]  hardlockup_detector_event_create+0x46/0xd0
[    0.781231]  hardlockup_detector_perf_init+0x18/0x66
[    0.781231]  watchdog_nmi_probe+0x17/0x1d
[    0.781231]  lockup_detector_init+0x40/0xaf
[    0.781231]  kernel_init_freeable+0x264/0x422
[    0.781231]  ? __pfx_kernel_init+0x10/0x10
[    0.781231]  kernel_init+0x24/0x1e0
[    0.781231]  ? __pfx_kernel_init+0x10/0x10
[    0.781231]  ret_from_fork+0x29/0x50
[    0.781231]  </TASK>
[    0.781817] smp: Bringing up secondary CPUs ...
[    0.784088] x86: Booting SMP configuration:
[    0.785175] .... node  #0, CPUs:      #1
[    0.786228] smp: Brought up 1 node, 2 CPUs
[    0.787391] smpboot: Max logical packages: 1
[    0.789272] smpboot: Total of 2 processors activated (3225.60 BogoMIPS)
[    0.800174] devtmpfs: initialized
[    0.801806] x86/mm: Memory block size: 128MB
[    0.806509] clocksource: jiffies: mask: 0xffffffff max_cycles: 0xffffffff, max_idle_ns: 7645041785100000 ns
[    0.809263] futex hash table entries: 512 (order: 4, 65536 bytes, linear)
[    0.811353] pinctrl core: initialized pinctrl subsystem
[    0.813832] 
[    0.814238] *************************************************************
[    0.815855] **     NOTICE NOTICE NOTICE NOTICE NOTICE NOTICE NOTICE    **
[    0.817255] **                                                         **
[    0.818808] **  IOMMU DebugFS SUPPORT HAS BEEN ENABLED IN THIS KERNEL  **
[    0.820391] **                                                         **
[    0.821249] ** This means that this kernel is built to expose internal **
[    0.822855] ** IOMMU data structures, which may compromise security on **
[    0.824443] ** your system.                                            **
[    0.825246] **                                                         **
[    0.826830] ** If you see this message and you are not debugging the   **
[    0.828421] ** kernel, report this immediately to your vendor!         **
[    0.829246] **                                                         **
[    0.830832] **     NOTICE NOTICE NOTICE NOTICE NOTICE NOTICE NOTICE    **
[    0.832450] *************************************************************
[    0.833450] PM: RTC time: 05:34:43, date: 2023-03-06
[    0.842345] NET: Registered PF_NETLINK/PF_ROUTE protocol family
[    0.845203] DMA: preallocated 256 KiB GFP_KERNEL pool for atomic allocations
[    0.845298] DMA: preallocated 256 KiB GFP_KERNEL|GFP_DMA pool for atomic allocations
[    0.847170] DMA: preallocated 256 KiB GFP_KERNEL|GFP_DMA32 pool for atomic allocations
[    0.849188] audit: initializing netlink subsys (disabled)
[    0.849377] audit: type=2000 audit(1678080883.745:1): state=initialized audit_enabled=0 res=1
[    0.850618] thermal_sys: Registered thermal governor 'fair_share'
[    0.851394] thermal_sys: Registered thermal governor 'bang_bang'
[    0.852859] thermal_sys: Registered thermal governor 'step_wise'
[    0.853231] thermal_sys: Registered thermal governor 'user_space'
[    0.853440] cpuidle: using governor ladder
[    0.858275] cpuidle: using governor menu
[    0.859896] acpiphp: ACPI Hot Plug PCI Controller Driver version: 0.5
[    0.862041] PCI: Using configuration type 1 for base access
[    0.865592] Callback from call_rcu_tasks_rude() invoked.
[    0.866980] kprobes: kprobe jump-optimization is enabled. All kprobes are optimized if possible.
[    1.162902] HugeTLB: registered 1.00 GiB page size, pre-allocated 0 pages
[    1.165031] HugeTLB: 16380 KiB vmemmap can be freed for a 1.00 GiB page
[    1.165256] HugeTLB: registered 2.00 MiB page size, pre-allocated 0 pages
[    1.167263] HugeTLB: 28 KiB vmemmap can be freed for a 2.00 MiB page
[    1.169564] Callback from call_rcu_tasks() invoked.
[    1.180288] ACPI: Added _OSI(Module Device)
[    1.181255] ACPI: Added _OSI(Processor Device)
[    1.182592] ACPI: Added _OSI(3.0 _SCP Extensions)
[    1.184014] ACPI: Added _OSI(Processor Aggregator Device)
[    1.192790] ACPI: 1 ACPI AML tables successfully acquired and loaded
[    1.198017] ACPI: Interpreter enabled
[    1.199298] ACPI: PM: (supports S0 S3 S4 S5)
[    1.200602] ACPI: Using IOAPIC for interrupt routing
[    1.201335] PCI: Using host bridge windows from ACPI; if necessary, use "pci=nocrs" and report a bug
[    1.204064] PCI: Using E820 reservations for host bridge windows
[    1.206217] ACPI: Enabled 2 GPEs in block 00 to 0F
[    1.230665] ACPI: PCI Root Bridge [PCI0] (domain 0000 [bus 00-ff])
[    1.232580] acpi PNP0A03:00: _OSC: OS supports [ASPM ClockPM Segments MSI EDR HPX-Type3]
[    1.233259] acpi PNP0A03:00: _OSC: not requesting OS control; OS requires [ExtendedConfig ASPM ClockPM MSI]
[    1.236311] acpi PNP0A03:00: fail to add MMCONFIG information, can't access extended configuration space under this bridge
[    1.240874] acpiphp: Slot [3] registered
[    1.241381] acpiphp: Slot [4] registered
[    1.242683] acpiphp: Slot [5] registered
[    1.243944] acpiphp: Slot [6] registered
[    1.245196] acpiphp: Slot [7] registered
[    1.245339] acpiphp: Slot [8] registered
[    1.246602] acpiphp: Slot [9] registered
[    1.247861] acpiphp: Slot [10] registered
[    1.249287] acpiphp: Slot [11] registered
[    1.250582] acpiphp: Slot [12] registered
[    1.251880] acpiphp: Slot [13] registered
[    1.253192] acpiphp: Slot [14] registered
[    1.253348] acpiphp: Slot [15] registered
[    1.254634] acpiphp: Slot [16] registered
[    1.255977] acpiphp: Slot [17] registered
[    1.257275] acpiphp: Slot [18] registered
[    1.258561] acpiphp: Slot [19] registered
[    1.259856] acpiphp: Slot [20] registered
[    1.261132] acpiphp: Slot [21] registered
[    1.261360] acpiphp: Slot [22] registered
[    1.262681] acpiphp: Slot [23] registered
[    1.263967] acpiphp: Slot [24] registered
[    1.265263] acpiphp: Slot [25] registered
[    1.266571] acpiphp: Slot [26] registered
[    1.267850] acpiphp: Slot [27] registered
[    1.269139] acpiphp: Slot [28] registered
[    1.269363] acpiphp: Slot [29] registered
[    1.270645] acpiphp: Slot [30] registered
[    1.271929] acpiphp: Slot [31] registered
[    1.273199] PCI host bridge to bus 0000:00
[    1.273304] pci_bus 0000:00: root bus resource [io  0x0000-0x0cf7 window]
[    1.275332] pci_bus 0000:00: root bus resource [io  0x0d00-0xffff window]
[    1.277250] pci_bus 0000:00: root bus resource [mem 0x000a0000-0x000bffff window]
[    1.279456] pci_bus 0000:00: root bus resource [mem 0x80000000-0xfebfffff window]
[    1.281250] pci_bus 0000:00: root bus resource [mem 0x100000000-0x17fffffff window]
[    1.283535] pci_bus 0000:00: root bus resource [bus 00-ff]
[    1.285437] pci 0000:00:00.0: [8086:1237] type 00 class 0x060000
[    1.292140] pci 0000:00:01.0: [8086:7000] type 00 class 0x060100
[    1.295109] pci 0000:00:01.1: [8086:7010] type 00 class 0x010180
[    1.299437] pci 0000:00:01.1: reg 0x20: [io  0xc040-0xc04f]
[    1.302195] pci 0000:00:01.1: legacy IDE quirk: reg 0x10: [io  0x01f0-0x01f7]
[    1.304335] pci 0000:00:01.1: legacy IDE quirk: reg 0x14: [io  0x03f6]
[    1.305249] pci 0000:00:01.1: legacy IDE quirk: reg 0x18: [io  0x0170-0x0177]
[    1.307975] pci 0000:00:01.1: legacy IDE quirk: reg 0x1c: [io  0x0376]
[    1.309947] pci 0000:00:01.3: [8086:7113] type 00 class 0x068000
[    1.312904] pci 0000:00:01.3: quirk: [io  0x0600-0x063f] claimed by PIIX4 ACPI
[    1.313269] pci 0000:00:01.3: quirk: [io  0x0700-0x070f] claimed by PIIX4 SMB
[    1.316153] pci 0000:00:02.0: [1234:1111] type 00 class 0x030000
[    1.320952] pci 0000:00:02.0: reg 0x10: [mem 0xfd000000-0xfdffffff pref]
[    1.325030] pci 0000:00:02.0: reg 0x18: [mem 0xfebf0000-0xfebf0fff]
[    1.331557] pci 0000:00:02.0: reg 0x30: [mem 0xfebe0000-0xfebeffff pref]
[    1.333511] pci 0000:00:02.0: Video device with shadowed ROM at [mem 0x000c0000-0x000dffff]
[    1.342127] pci 0000:00:03.0: [8086:100e] type 00 class 0x020000
[    1.345015] pci 0000:00:03.0: reg 0x10: [mem 0xfebc0000-0xfebdffff]
[    1.346445] pci 0000:00:03.0: reg 0x14: [io  0xc000-0xc03f]
[    1.354994] pci 0000:00:03.0: reg 0x30: [mem 0xfeb80000-0xfebbffff pref]
[    1.389105] ACPI: PCI: Interrupt link LNKA configured for IRQ 10
[    1.390151] ACPI: PCI: Interrupt link LNKB configured for IRQ 10
[    1.392490] ACPI: PCI: Interrupt link LNKC configured for IRQ 11
[    1.394099] ACPI: PCI: Interrupt link LNKD configured for IRQ 11
[    1.395978] ACPI: PCI: Interrupt link LNKS configured for IRQ 9
[    1.399920] iommu: Default domain type: Translated 
[    1.401162] iommu: DMA domain TLB invalidation policy: lazy mode 
[    1.403737] SCSI subsystem initialized
[    1.405576] ACPI: bus type USB registered
[    1.406853] usbcore: registered new interface driver usbfs
[    1.408537] usbcore: registered new interface driver hub
[    1.409296] usbcore: registered new device driver usb
[    1.410974] pps_core: LinuxPPS API ver. 1 registered
[    1.412569] pps_core: Software ver. 5.3.6 - Copyright 2005-2007 Rodolfo Giometti <giometti@linux.it>
[    1.413286] PTP clock support registered
[    1.414858] EDAC MC: Ver: 3.0.0
[    1.418503] NetLabel: Initializing
[    1.419529] NetLabel:  domain hash size = 128
[    1.420858] NetLabel:  protocols = UNLABELED CIPSOv4 CALIPSO
[    1.421338] NetLabel:  unlabeled traffic allowed by default
[    1.423503] PCI: Using ACPI for IRQ routing
[    1.425304] pci 0000:00:02.0: vgaarb: setting as boot VGA device
[    1.427077] pci 0000:00:02.0: vgaarb: bridge control possible
[    1.428760] pci 0000:00:02.0: vgaarb: VGA device added: decodes=io+mem,owns=io+mem,locks=none
[    1.429250] vgaarb: loaded
[    1.430759] hpet0: at MMIO 0xfed00000, IRQs 2, 8, 0
[    1.432230] hpet0: 3 comparators, 64-bit 100.000000 MHz counter
[    4.699903] clocksource: Switched to clocksource kvm-clock
[    4.997927] VFS: Disk quotas dquot_6.6.0
[    4.999060] VFS: Dquot-cache hash table entries: 512 (order 0, 4096 bytes)
[    5.001477] pnp: PnP ACPI init
[    5.006591] pnp: PnP ACPI: found 6 devices
[    5.050059] clocksource: acpi_pm: mask: 0xffffff max_cycles: 0xffffff, max_idle_ns: 2085701024 ns
[    5.053006] NET: Registered PF_INET protocol family
[    5.054514] IP idents hash table entries: 32768 (order: 6, 262144 bytes, linear)
[    5.058805] tcp_listen_portaddr_hash hash table entries: 1024 (order: 4, 73728 bytes, linear)
[    5.061020] Table-perturb hash table entries: 65536 (order: 6, 262144 bytes, linear)
[    5.063167] TCP established hash table entries: 16384 (order: 5, 131072 bytes, linear)
[    5.065671] TCP bind hash table entries: 16384 (order: 9, 2359296 bytes, linear)
[    5.078911] TCP: Hash tables configured (established 16384 bind 16384)
[    5.080850] UDP hash table entries: 1024 (order: 5, 163840 bytes, linear)
[    5.082631] UDP-Lite hash table entries: 1024 (order: 5, 163840 bytes, linear)
[    5.084729] NET: Registered PF_UNIX/PF_LOCAL protocol family
[    5.087696] RPC: Registered named UNIX socket transport module.
[    5.089211] RPC: Registered udp transport module.
[    5.090413] RPC: Registered tcp transport module.
[    5.091592] RPC: Registered tcp NFSv4.1 backchannel transport module.
[    5.093225] pci_bus 0000:00: resource 4 [io  0x0000-0x0cf7 window]
[    5.094775] pci_bus 0000:00: resource 5 [io  0x0d00-0xffff window]
[    5.096310] pci_bus 0000:00: resource 6 [mem 0x000a0000-0x000bffff window]
[    5.098041] pci_bus 0000:00: resource 7 [mem 0x80000000-0xfebfffff window]
[    5.099748] pci_bus 0000:00: resource 8 [mem 0x100000000-0x17fffffff window]
[    5.102069] pci 0000:00:01.0: PIIX3: Enabling Passive Release
[    5.103487] pci 0000:00:00.0: Limiting direct PCI/PCI transfers
[    5.105109] PCI: CLS 0 bytes, default 64
[    5.106266] ACPI: bus type thunderbolt registered
[    5.108161] clocksource: tsc: mask: 0xffffffffffffffff max_cycles: 0xb9fb05486c, max_idle_ns: 440795231721 ns
[    5.139768] Initialise system trusted keyrings
[    5.141289] Key type blacklist registered
[    5.142979] workingset: timestamp_bits=36 max_order=19 bucket_order=0
[    5.144763] zbud: loaded
[    5.147186] squashfs: version 4.0 (2009/01/31) Phillip Lougher
[    5.150419] NFS: Registering the id_resolver key type
[    5.151655] Key type id_resolver registered
[    5.152653] Key type id_legacy registered
[    5.153718] nfs4filelayout_init: NFSv4 File Layout Driver Registering...
[    5.155367] nfs4flexfilelayout_init: NFSv4 Flexfile Layout Driver Registering...
[    5.157518] fuse: init (API version 7.38)
[    5.158906] SGI XFS with ACLs, security attributes, realtime, quota, no debug enabled
[    5.162072] 9p: Installing v9fs 9p2000 file system support
[    5.178263] Key type asymmetric registered
[    5.179360] Asymmetric key parser 'x509' registered
[    5.180707] Block layer SCSI generic (bsg) driver version 0.4 loaded (major 243)
[    5.183064] io scheduler mq-deadline registered
[    5.184723] io scheduler bfq registered
[    5.186780] shpchp: Standard Hot Plug PCI Controller Driver version: 0.4
[    5.189402] IPMI message handler: version 39.2
[    5.190776] ipmi device interface
[    5.195436] input: Power Button as /devices/LNXSYSTM:00/LNXPWRBN:00/input/input0
[    5.197735] ACPI: button: Power Button [PWRF]
[    5.200944] ERST DBG: ERST support is disabled.
[    5.203782] Serial: 8250/16550 driver, 32 ports, IRQ sharing enabled
[    5.206549] 00:04: ttyS0 at I/O 0x3f8 (irq = 4, base_baud = 115200) is a 16550A
[    5.229053] Linux agpgart interface v0.103
[    5.232367] ACPI: bus type drm_connector registered
[    5.259574] brd: module loaded
[    5.272561] loop: module loaded
[    5.283735] scsi host0: ata_piix
[    5.285987] scsi host1: ata_piix
[    5.287144] ata1: PATA max MWDMA2 cmd 0x1f0 ctl 0x3f6 bmdma 0xc040 irq 14
[    5.288800] ata2: PATA max MWDMA2 cmd 0x170 ctl 0x376 bmdma 0xc048 irq 15
[    5.293219] tun: Universal TUN/TAP device driver, 1.6
[    5.295077] e100: Intel(R) PRO/100 Network Driver
[    5.296266] e100: Copyright(c) 1999-2006 Intel Corporation
[    5.297765] e1000: Intel(R) PRO/1000 Network Driver
[    5.298972] e1000: Copyright (c) 1999-2006 Intel Corporation.
[    5.449688] ata1: found unknown device (class 0)
[    5.452241] ata2: found unknown device (class 0)
[    5.453859] ata1.00: ATA-7: QEMU HARDDISK, 2.5+, max UDMA/100
[    5.455310] ata1.00: 16777216 sectors, multi 16: LBA48 
[    5.457511] ata2.00: ATAPI: QEMU DVD-ROM, 2.5+, max UDMA/100
[    5.460643] scsi 0:0:0:0: Direct-Access     ATA      QEMU HARDDISK    2.5+ PQ: 0 ANSI: 5
[    5.464629] scsi 0:0:0:0: Attached scsi generic sg0 type 0
[    5.468102] scsi 1:0:0:0: CD-ROM            QEMU     QEMU DVD-ROM     2.5+ PQ: 0 ANSI: 5
[    5.473613] sd 0:0:0:0: [sda] 16777216 512-byte logical blocks: (8.59 GB/8.00 GiB)
[    5.475586] sd 0:0:0:0: [sda] Write Protect is off
[    5.477025] sd 0:0:0:0: [sda] Write cache: enabled, read cache: enabled, doesn't support DPO or FUA
[    5.479414] sd 0:0:0:0: [sda] Preferred minimum I/O size 512 bytes
[    5.523015] scsi 1:0:0:0: Attached scsi generic sg1 type 5
[    5.528524] sd 0:0:0:0: [sda] Attached SCSI disk
[    5.598015] ACPI: \_SB_.LNKC: Enabled at IRQ 11
[    6.003805] e1000 0000:00:03.0 eth0: (PCI:33MHz:32-bit) 52:54:00:12:34:56
[    6.005908] e1000 0000:00:03.0 eth0: Intel(R) PRO/1000 Network Connection
[    6.008037] e1000e: Intel(R) PRO/1000 Network Driver
[    6.009426] e1000e: Copyright(c) 1999 - 2015 Intel Corporation.
[    6.011195] igb: Intel(R) Gigabit Ethernet Network Driver
[    6.012731] igb: Copyright (c) 2007-2014 Intel Corporation.
[    6.014459] PPP generic driver version 2.4.2
[    6.016466] VFIO - User Level meta-driver version: 0.3
[    6.018869] usbcore: registered new interface driver uas
[    6.020697] usbcore: registered new interface driver usb-storage
[    6.023071] i8042: PNP: PS/2 Controller [PNP0303:KBD,PNP0f13:MOU] at 0x60,0x64 irq 1,12
[    6.027980] serio: i8042 KBD port at 0x60,0x64 irq 1
[    6.029672] serio: i8042 AUX port at 0x60,0x64 irq 12
[    6.032463] mousedev: PS/2 mouse device common for all mice
[    6.035850] input: AT Translated Set 2 keyboard as /devices/platform/i8042/serio0/input/input1
[    6.037942] rtc_cmos 00:05: RTC can wake from S4
[    6.041336] input: VirtualPS/2 VMware VMMouse as /devices/platform/i8042/serio1/input/input4
[    6.042351] rtc_cmos 00:05: registered as rtc0
[    6.045076] rtc_cmos 00:05: setting system clock to 2023-03-06T05:34:48 UTC (1678080888)
[    6.047532] rtc_cmos 00:05: alarms up to one day, y3k, 242 bytes nvram, hpet irqs
[    6.049525] i2c_dev: i2c /dev entries driver
[    6.049737] input: VirtualPS/2 VMware VMMouse as /devices/platform/i8042/serio1/input/input3
[    6.053126] device-mapper: core: CONFIG_IMA_DISABLE_HTABLE is disabled. Duplicate IMA measurements will not be recorded in the IMA log.
[    6.056261] device-mapper: uevent: version 1.0.3
[    6.057934] device-mapper: ioctl: 4.47.0-ioctl (2022-07-28) initialised: dm-devel@redhat.com
[    6.059952] intel_pstate: CPU model not supported
[    6.061319] sdhci: Secure Digital Host Controller Interface driver
[    6.062773] sdhci: Copyright(c) Pierre Ossman
[    6.063972] sdhci-pltfm: SDHCI platform and OF driver helper
[    6.065535] ledtrig-cpu: registered to indicate activity on CPUs
[    6.067816] drop_monitor: Initializing network drop monitor service
[    6.069728] NET: Registered PF_INET6 protocol family
[    6.076881] Segment Routing with IPv6
[    6.077889] In-situ OAM (IOAM) with IPv6
[    6.078915] NET: Registered PF_PACKET protocol family
[    6.080467] 9pnet: Installing 9P2000 support
[    6.081901] Key type dns_resolver registered
[    6.084678] IPI shorthand broadcast: enabled
[    6.105565] sched_clock: Marking stable (6045548289, 59703314)->(6214092219, -108840616)
[    6.109055] registered taskstats version 1
[    6.110778] Loading compiled-in X.509 certificates
[    6.112460] zswap: loaded using pool lzo/zbud
[    6.148796] Key type .fscrypt registered
[    6.150029] Key type fscrypt-provisioning registered
[    6.153446] Key type encrypted registered
[    6.154681] ima: No TPM chip found, activating TPM-bypass!
[    6.156221] ima: Allocated hash algorithm: sha1
[    6.157564] ima: No architecture policies found
[    6.158906] evm: Initialising EVM extended attributes:
[    6.160335] evm: security.selinux
[    6.161295] evm: security.SMACK64
[    6.162225] evm: security.SMACK64EXEC
[    6.163278] evm: security.SMACK64TRANSMUTE
[    6.164440] evm: security.SMACK64MMAP
[    6.165504] evm: security.apparmor
[    6.166470] evm: security.ima
[    6.167324] evm: security.capability
[    6.168327] evm: HMAC attrs: 0x1
[    6.171174] PM:   Magic number: 15:986:566
[    6.173067] RAS: Correctable Errors collector initialized.
[    6.176621] md: Waiting for all devices to be available before autodetect
[    6.177932] md: If you don't use raid, use raid=noautodetect
[    6.178979] md: Autodetecting RAID arrays.
[    6.179772] md: autorun ...
[    6.180299] md: ... autorun DONE.
[    6.192397] EXT4-fs (sda): mounted filesystem 23a53bb9-f815-47a5-b74c-5e08f7731193 with ordered data mode. Quota mode: none.
[    6.194608] VFS: Mounted root (ext4 filesystem) readonly on device 8:0.
[    6.199409] devtmpfs: mounted
[    6.212362] Freeing unused decrypted memory: 2036K
[    6.234050] Freeing unused kernel image (initmem) memory: 10132K
[    6.235332] Write protecting the kernel read-only data: 45056k
[    6.237951] Freeing unused kernel image (rodata/data gap) memory: 252K
[    6.362987] x86/mm: Checked W+X mappings: passed, no W+X pages found.
[    6.364294] Run /sbin/init as init process
[    6.581508] systemd[1]: RTC configured in localtime, applying delta of 0 minutes to system time.
[    6.634181] systemd[1]: systemd 239 (239-49.el8) running in system mode. (+PAM +AUDIT +SELINUX +IMA -APPARMOR +SMACK +SYSVINIT +UTMP +LIBCRYPTSETUP +GCRYPT +GNUTLS +ACL +XZ +LZ4 +SECCOMP +BLKID +ELFUTILS +KMOD +IDN2 -IDN +PCRE2 default-hierarchy=legacy)
[    6.639038] systemd[1]: Detected virtualization kvm.
[    6.640064] systemd[1]: Detected architecture x86-64.

Welcome to [0;31mCentOS Stream 8[0m!

[    6.724157] systemd[1]: Set hostname to <test>.
[    7.234618] systemd[1]: Created slice system-sshd\x2dkeygen.slice.
[[0;32m  OK  [0m] Created slice system-sshd\x2dkeygen.slice.
[    7.237881] systemd[1]: Listening on initctl Compatibility Named Pipe.
[[0;32m  OK  [0m] Listening on initctl Compatibility Named Pipe.
[    7.241134] systemd[1]: Listening on udev Control Socket.
[[0;32m  OK  [0m] Listening on udev Control Socket.
[    7.244104] systemd[1]: Listening on Journal Socket.
[[0;32m  OK  [0m] Listening on Journal Socket.
[    7.269956] systemd[1]: Starting Setup Virtual Console...
         Starting Setup Virtual Console...
[    7.277698] systemd[1]: Mounting POSIX Message Queue File System...
         Mounting POSIX Message Queue File System...
         Starting Remount Root and Kernel File Systems...
[[0;32m  OK  [0m] Created slice User and Session Slice.
[[0;32m  OK  [0m] Reached target Slices.
[[0;32m  OK  [0m] Listening on Journal Socket (/dev/log).
         Starting Journal Service...
         Mounting Kernel Debug File System...
[[0;32m  OK  [0m] Listening on udev Kernel Socket.
         Starting udev Coldplug all Devices...
         Starting Load Kernel Modules...
[[0;32m  OK  [0m] Listening on RPCbind Server Activation Socket.
[[0;32m  OK  [0m] Reached target RPC Port Mapper.
[[0;32m  OK  [0m] Listening on Device-mapper event daemon FIFOs.
         Starting Monitoring of LVM2 mirrorsâ€¦ng dmeventd or progress polling...
[[0;32m  OK  [0m] Listening on LVM2 poll daemon socket.
[[0;32m  OK  [0m] Listening on multipathd control socket.
[[0;32m  OK  [0m] Listening on Process Core Dump Socket.
[[0;32m  OK  [0m] Reached target Swap.
[[0;32m  OK  [0m] Created slice system-getty.slice.
         Mounting Huge Pages File System...
[[0;32m  OK  [0m] Set up automount Arbitrary Executabâ€¦rmats File System Automount Point.
[    7.797487] EXT4-fs (sda): re-mounted 23a53bb9-f815-47a5-b74c-5e08f7731193. Quota mode: none.
[[0;32m  OK  [0m] Started Forward Password Requests to Wall Directory Watch.
[[0;32m  OK  [0m] Created slice system-serial\x2dgetty.slice.
[[0;32m  OK  [0m] Started Journal Service.
[[0;32m  OK  [0m] Mounted POSIX Message Queue File System.
[[0;32m  OK  [0m] Started Remount Root and Kernel File Systems.
[[0;32m  OK  [0m] Started Setup Virtual Console.
[[0;32m  OK  [0m] Mounted Kernel Debug File System.
[[0;1;31mFAILED[0m] Failed to start Load Kernel Modules.
See 'systemctl status systemd-modules-load.service' for details.
[[0;32m  OK  [0m] Mounted Huge Pages File System.
         Starting Apply Kernel Variables...
         Mounting Kernel Configuration File System...
         Mounting FUSE Control File System...
         Starting Create Static Device Nodes in /dev...
         Starting Load/Save Random Seed...
         Starting Flush Journal to Persistent Storage...
[[0;32m  OK  [0m] Started Apply Kernel Variables.
[[0;32m  OK  [0m] Mounted Kernel Configuration File System.
[[0;32m  OK  [0m] Mounted FUSE Control File System.
[[0;32m  OK  [0m] Started Create Static Device Nodes in /dev.
[[0;32m  OK  [0m] Started Load/Save Random Seed.
         Starting udev Kernel Device Manager...
[[0;32m  OK  [0m] Started Flush Journal to Persistent Storage.
[[0;32m  OK  [0m] Started udev Coldplug all Devices.
         Starting udev Wait for Complete Device Initialization...
[[0;32m  OK  [0m] Started udev Kernel Device Manager.
         Starting Show Plymouth Boot Screen...
[[0;32m  OK  [0m] Started Show Plymouth Boot Screen.
[[0;32m  OK  [0m] Reached target Local Encrypted Volumes.
[[0;32m  OK  [0m] Reached target Paths.
[[0;32m  OK  [0m] Started Forward Password Requests to Plymouth Directory Watch.
[[0;32m  OK  [0m] Found device /dev/ttyS0.
[[0;32m  OK  [0m] Started Monitoring of LVM2 mirrors,â€¦sing dmeventd or progress polling.
[[0;32m  OK  [0m] Listening on Load/Save RF Kill Switch Status /dev/rfkill Watch.
[[0;32m  OK  [0m] Started udev Wait for Complete Device Initialization.
[[0;32m  OK  [0m] Reached target Local File Systems (Pre).
[[0;32m  OK  [0m] Reached target Local File Systems.
         Starting Tell Plymouth To Write Out Runtime Data...
         Starting Create Volatile Files and Directories...
         Starting Restore /run/initramfs on shutdown...
[[0;32m  OK  [0m] Started Tell Plymouth To Write Out Runtime Data.
[[0;32m  OK  [0m] Started Create Volatile Files and Directories.
[[0;32m  OK  [0m] Started Restore /run/initramfs on shutdown.
         Starting Security Auditing Service...
         Mounting RPC Pipe File System...
         Starting RPC Bind...
[[0;32m  OK  [0m] Mounted RPC Pipe File System.
[[0;32m  OK  [0m] Reached target rpc_pipefs.target.
[[0;32m  OK  [0m] Started RPC Bind.
[[0;32m  OK  [0m] Started Security Auditing Service.
         Starting Update UTMP about System Boot/Shutdown...
[[0;32m  OK  [0m] Started Update UTMP about System Boot/Shutdown.
[[0;32m  OK  [0m] Reached target System Initialization.
[[0;32m  OK  [0m] Listening on SSSD Kerberos Cache Manager responder socket.
[[0;32m  OK  [0m] Started dnf makecache --timer.
[[0;32m  OK  [0m] Listening on D-Bus System Message Bus Socket.
[[0;32m  OK  [0m] Reached target Sockets.
[[0;32m  OK  [0m] Reached target Basic System.
[[0;32m  OK  [0m] Started irqbalance daemon.
[[0;32m  OK  [0m] Started Daily Cleanup of Temporary Directories.
[[0;32m  OK  [0m] Started Machine Check Exception Logging Daemon.
[[0;32m  OK  [0m] Reached target sshd-keygen.target.
         Starting Self Monitoring and Reporting Technology (SMART) Daemon...
         Starting Authorization Manager...
         Starting Login Service...
[[0;32m  OK  [0m] Started D-Bus System Message Bus.
         Starting Network Manager...
[[0;32m  OK  [0m] Started daily update of the root trust anchor for DNSSEC.
[[0;32m  OK  [0m] Reached target Timers.
         Starting Auto-connect to subsystemsâ€¦-NVME devices found during boot...
         Starting NTP client/server...
[[0;32m  OK  [0m] Started Self Monitoring and Reporting Technology (SMART) Daemon.
[[0;32m  OK  [0m] Started Auto-connect to subsystems â€¦FC-NVME devices found during boot.
         Starting update of the root trust aâ€¦or DNSSEC validation in unbound...
[[0;32m  OK  [0m] Started Login Service.
[[0;32m  OK  [0m] Started Network Manager.
         Starting Network Manager Wait Online...
[[0;32m  OK  [0m] Reached target Network.
         Starting GSSAPI Proxy Daemon...
         Starting OpenSSH server daemon...
         Starting Dynamic System Tuning Daemon...
[[0;32m  OK  [0m] Started update of the root trust anâ€¦ for DNSSEC validation in unbound.
[[0;32m  OK  [0m] Started OpenSSH server daemon.
[[0;32m  OK  [0m] Started GSSAPI Proxy Daemon.
[[0;32m  OK  [0m] Started Authorization Manager.
         Starting Hostname Service...
[[0;32m  OK  [0m] Reached target NFS client services.
[[0;32m  OK  [0m] Reached target Remote File Systems (Pre).
[[0;32m  OK  [0m] Reached target Remote File Systems.
         Starting Permit User Sessions...
[[0;32m  OK  [0m] Started NTP client/server.
[[0;32m  OK  [0m] Started Permit User Sessions.
         Starting Terminate Plymouth Boot Screen...
[[0;32m  OK  [0m] Started Command Scheduler.
         Starting Hold until boot process finishes up...
[[0;32m  OK  [0m] Started Terminate Plymouth Boot Screen.
[[0;32m  OK  [0m] Started Hold until boot process finishes up.
[   11.522604] e1000: eth0 NIC Link is Up 1000 Mbps Full Duplex, Flow Control: RX
[   11.524995] IPv6: ADDRCONF(NETDEV_CHANGE): eth0: link becomes ready
[   12.055369] Spectre V2 : WARNING: Unprivileged eBPF is enabled with eIBRS on, data leaks possible via Spectre v2 BHB attacks!
[   12.057542] Spectre V2 : WARNING: Unprivileged eBPF is enabled with eIBRS on, data leaks possible via Spectre v2 BHB attacks!

CentOS Stream 8
Kernel 6.1.0-8b777594d234+ on an x86_64

test login: [   39.121506] ------------[ cut here ]------------
[   39.122561] refcount_t: addition on 0; use-after-free.
[   39.123744] WARNING: CPU: 1 PID: 32 at lib/refcount.c:25 refcount_warn_saturate+0xe6/0x1c0
[   39.125184] Modules linked in:
[   39.125835] CPU: 1 PID: 32 Comm: kworker/u4:1 Not tainted 6.1.0-8b777594d234+ #1
[   39.127120] Hardware name: QEMU Standard PC (i440FX + PIIX, 1996), BIOS rel-1.16.0-0-gd239552ce722-prebuilt.qemu.org 04/01/2014
[   39.129053] Workqueue: events_unbound bpf_map_free_deferred
[   39.130082] RIP: 0010:refcount_warn_saturate+0xe6/0x1c0
[   39.131026] Code: 1d 92 64 2a 02 31 ff 89 de e8 06 28 57 ff 84 db 75 97 e8 9d 26 57 ff 48 c7 c7 a0 15 a1 83 c6 05 72 64 2a 02 01 e8 4d 64 12 01 <0f> 0b e9 78 ff ff ff e8 7e 26 57 ff 0f b6 1d 5c 64 2a 02 31 ff 89
[   39.134215] RSP: 0018:ffffc90000117da0 EFLAGS: 00010286
[   39.135149] RAX: 0000000000000000 RBX: 0000000000000000 RCX: ffffffff811d504b
[   39.136383] RDX: 0000000000000000 RSI: ffff8880068a4680 RDI: 0000000000000002
[   39.137666] RBP: ffffc90000117db0 R08: 0000000000000000 R09: 0000000000000001
[   39.138897] R10: 0000000000000000 R11: 0000000000000001 R12: ffff88800ecb8080
[   39.140130] R13: 0000000000000000 R14: ffff888013460000 R15: ffff888008e76c00
[   39.141402] FS:  0000000000000000(0000) GS:ffff88807dd00000(0000) knlGS:0000000000000000
[   39.142785] CS:  0010 DS: 0000 ES: 0000 CR0: 0000000080050033
[   39.143795] CR2: 00007fd603c9a3b8 CR3: 0000000003c12006 CR4: 0000000000770ee0
[   39.145019] PKRU: 55555554
[   39.145578] Call Trace:
[   39.146036]  <TASK>
[   39.146445]  sock_map_free+0x349/0x350
[   39.147178]  bpf_map_free_deferred+0x124/0x290
[   39.147979]  process_one_work+0x3b1/0x960
[   39.148721]  worker_thread+0x52/0x660
[   39.149452]  ? __pfx_worker_thread+0x10/0x10
[   39.150233]  kthread+0x161/0x1a0
[   39.150839]  ? __pfx_kthread+0x10/0x10
[   39.151546]  ret_from_fork+0x29/0x50
[   39.152232]  </TASK>
[   39.152639] irq event stamp: 27585
[   39.153289] hardirqs last  enabled at (27595): [<ffffffff811d4771>] __up_console_sem+0x91/0xb0
[   39.154782] hardirqs last disabled at (27602): [<ffffffff811d4756>] __up_console_sem+0x76/0xb0
[   39.156284] softirqs last  enabled at (27382): [<ffffffff82f4e153>] __do_softirq+0x323/0x48a
[   39.157793] softirqs last disabled at (27377): [<ffffffff81123042>] irq_exit_rcu+0xd2/0x100
[   39.159235] ---[ end trace 0000000000000000 ]---
[   39.160103] ------------[ cut here ]------------
[   39.160905] refcount_t: underflow; use-after-free.
[   39.161938] WARNING: CPU: 1 PID: 32 at lib/refcount.c:28 refcount_warn_saturate+0x15e/0x1c0
[   39.163389] Modules linked in:
[   39.163951] CPU: 1 PID: 32 Comm: kworker/u4:1 Tainted: G        W          6.1.0-8b777594d234+ #1
[   39.165522] Hardware name: QEMU Standard PC (i440FX + PIIX, 1996), BIOS rel-1.16.0-0-gd239552ce722-prebuilt.qemu.org 04/01/2014
[   39.167463] Workqueue: events_unbound bpf_map_free_deferred
[   39.168443] RIP: 0010:refcount_warn_saturate+0x15e/0x1c0
[   39.169459] Code: 02 31 ff 89 de e8 92 27 57 ff 84 db 0f 85 1f ff ff ff e8 25 26 57 ff 48 c7 c7 d0 15 a1 83 c6 05 f9 63 2a 02 01 e8 d5 63 12 01 <0f> 0b e9 00 ff ff ff e8 06 26 57 ff 0f b6 1d df 63 2a 02 31 ff 89
[   39.172577] RSP: 0018:ffffc90000117da0 EFLAGS: 00010286
[   39.173559] RAX: 0000000000000000 RBX: 0000000000000000 RCX: ffffffff811d504b
[   39.174788] RDX: 0000000000000000 RSI: ffff8880068a4680 RDI: 0000000000000002
[   39.176025] RBP: ffffc90000117db0 R08: 0000000000000000 R09: 0000000000000001
[   39.177297] R10: 0000000000000000 R11: 0000000000000001 R12: ffff88800ecb8080
[   39.178519] R13: 0000000000000000 R14: ffff888013460000 R15: ffff888008e76c00
[   39.179758] FS:  0000000000000000(0000) GS:ffff88807dd00000(0000) knlGS:0000000000000000
[   39.181129] CS:  0010 DS: 0000 ES: 0000 CR0: 0000000080050033
[   39.182478] CR2: 00007fd603c9a3b8 CR3: 0000000003c12006 CR4: 0000000000770ee0
[   39.183722] PKRU: 55555554
[   39.184220] Call Trace:
[   39.184669]  <TASK>
[   39.185072]  sock_map_free+0x32e/0x350
[   39.185839]  bpf_map_free_deferred+0x124/0x290
[   39.186677]  process_one_work+0x3b1/0x960
[   39.187445]  worker_thread+0x52/0x660
[   39.188126]  ? __pfx_worker_thread+0x10/0x10
[   39.188905]  kthread+0x161/0x1a0
[   39.189570]  ? __pfx_kthread+0x10/0x10
[   39.190272]  ret_from_fork+0x29/0x50
[   39.190960]  </TASK>
[   39.191382] irq event stamp: 27961
[   39.191992] hardirqs last  enabled at (27969): [<ffffffff811d4771>] __up_console_sem+0x91/0xb0
[   39.193530] hardirqs last disabled at (27978): [<ffffffff811d4756>] __up_console_sem+0x76/0xb0
[   39.195029] softirqs last  enabled at (27848): [<ffffffff82f4e153>] __do_softirq+0x323/0x48a
[   39.196514] softirqs last disabled at (27843): [<ffffffff81123042>] irq_exit_rcu+0xd2/0x100
[   39.198004] ---[ end trace 0000000000000000 ]---
