c[?7l[2J[0mSeaBIOS (version rel-1.16.0-0-gd239552ce722-prebuilt.qemu.org)


iPXE (http://ipxe.org) 00:03.0 CA00 PCI2.10 PnP PMM+7FF91000+7FEF1000 CA00
Press Ctrl-B to configure iPXE (PCI 00:03.0)...                                                                               


Booting from ROM..c[?7l[2J[0m.[    0.000000] Linux version 6.1.0-b8cc9174ff9e+ (root@p-rpls01) (gcc (GCC) 8.5.0 20210514 (Red Hat 8.5.0-18), GNU ld version 2.36.1-2.el8) #1 SMP PREEMPT_DYNAMIC Tue Feb 28 10:43:11 CST 2023
[    0.000000] Command line: console=ttyS0 root=/dev/sda earlyprintk=serial net.ifnames=0
[    0.000000] KERNEL supported cpus:
[    0.000000]   Intel GenuineIntel
[    0.000000]   AMD AuthenticAMD
[    0.000000]   Hygon HygonGenuine
[    0.000000]   Centaur CentaurHauls
[    0.000000]   zhaoxin   Shanghai  
[    0.000000] x86/fpu: Supporting XSAVE feature 0x001: 'x87 floating point registers'
[    0.000000] x86/fpu: Supporting XSAVE feature 0x002: 'SSE registers'
[    0.000000] x86/fpu: Supporting XSAVE feature 0x004: 'AVX registers'
[    0.000000] x86/fpu: Supporting XSAVE feature 0x200: 'Protection Keys User registers'
[    0.000000] x86/fpu: xstate_offset[2]:  576, xstate_sizes[2]:  256
[    0.000000] x86/fpu: xstate_offset[9]:  832, xstate_sizes[9]:    8
[    0.000000] x86/fpu: Enabled xstate features 0x207, context size is 840 bytes, using 'compacted' format.
[    0.000000] signal: max sigframe size: 3632
[    0.000000] BIOS-provided physical RAM map:
[    0.000000] BIOS-e820: [mem 0x0000000000000000-0x000000000009fbff] usable
[    0.000000] BIOS-e820: [mem 0x000000000009fc00-0x000000000009ffff] reserved
[    0.000000] BIOS-e820: [mem 0x00000000000f0000-0x00000000000fffff] reserved
[    0.000000] BIOS-e820: [mem 0x0000000000100000-0x000000007ffdffff] usable
[    0.000000] BIOS-e820: [mem 0x000000007ffe0000-0x000000007fffffff] reserved
[    0.000000] BIOS-e820: [mem 0x00000000feffc000-0x00000000feffffff] reserved
[    0.000000] BIOS-e820: [mem 0x00000000fffc0000-0x00000000ffffffff] reserved
[    0.000000] printk: bootconsole [earlyser0] enabled
[    0.000000] NX (Execute Disable) protection: active
[    0.000000] SMBIOS 2.8 present.
[    0.000000] DMI: QEMU Standard PC (i440FX + PIIX, 1996), BIOS rel-1.16.0-0-gd239552ce722-prebuilt.qemu.org 04/01/2014
[    0.000000] Hypervisor detected: KVM
[    0.000000] kvm-clock: Using msrs 4b564d01 and 4b564d00
[    0.000007] kvm-clock: using sched offset of 586659798 cycles
[    0.001503] clocksource: kvm-clock: mask: 0xffffffffffffffff max_cycles: 0x1cd42e4dffb, max_idle_ns: 881590591483 ns
[    0.006119] tsc: Detected 806.400 MHz processor
[    0.017346] last_pfn = 0x7ffe0 max_arch_pfn = 0x400000000
[    0.019124] x86/PAT: Configuration [0-7]: WB  WC  UC- UC  WB  WP  UC- WT  
[    0.028046] found SMP MP-table at [mem 0x000f5ba0-0x000f5baf]
[    0.029838] Using GB pages for direct mapping
[    0.032681] ACPI: Early table checksum verification disabled
[    0.034277] ACPI: RSDP 0x00000000000F59C0 000014 (v00 BOCHS )
[    0.035899] ACPI: RSDT 0x000000007FFE1951 000034 (v01 BOCHS  BXPC     00000001 BXPC 00000001)
[    0.038330] ACPI: FACP 0x000000007FFE17FD 000074 (v01 BOCHS  BXPC     00000001 BXPC 00000001)
[    0.040748] ACPI: DSDT 0x000000007FFE0040 0017BD (v01 BOCHS  BXPC     00000001 BXPC 00000001)
[    0.043131] ACPI: FACS 0x000000007FFE0000 000040
[    0.044456] ACPI: APIC 0x000000007FFE1871 000080 (v01 BOCHS  BXPC     00000001 BXPC 00000001)
[    0.046838] ACPI: HPET 0x000000007FFE18F1 000038 (v01 BOCHS  BXPC     00000001 BXPC 00000001)
[    0.049246] ACPI: WAET 0x000000007FFE1929 000028 (v01 BOCHS  BXPC     00000001 BXPC 00000001)
[    0.051637] ACPI: Reserving FACP table memory at [mem 0x7ffe17fd-0x7ffe1870]
[    0.053612] ACPI: Reserving DSDT table memory at [mem 0x7ffe0040-0x7ffe17fc]
[    0.055580] ACPI: Reserving FACS table memory at [mem 0x7ffe0000-0x7ffe003f]
[    0.057528] ACPI: Reserving APIC table memory at [mem 0x7ffe1871-0x7ffe18f0]
[    0.059460] ACPI: Reserving HPET table memory at [mem 0x7ffe18f1-0x7ffe1928]
[    0.061402] ACPI: Reserving WAET table memory at [mem 0x7ffe1929-0x7ffe1950]
[    0.064802] No NUMA configuration found
[    0.065861] Faking a node at [mem 0x0000000000000000-0x000000007ffdffff]
[    0.067782] NODE_DATA(0) allocated [mem 0x7ffb5000-0x7ffdffff]
[    0.073649] Zone ranges:
[    0.074362]   DMA      [mem 0x0000000000001000-0x0000000000ffffff]
[    0.076075]   DMA32    [mem 0x0000000001000000-0x000000007ffdffff]
[    0.077781]   Normal   empty
[    0.078575]   Device   empty
[    0.079372] Movable zone start for each node
[    0.080553] Early memory node ranges
[    0.081529]   node   0: [mem 0x0000000000001000-0x000000000009efff]
[    0.083252]   node   0: [mem 0x0000000000100000-0x000000007ffdffff]
[    0.084990] Initmem setup node 0 [mem 0x0000000000001000-0x000000007ffdffff]
[    0.087398] On node 0, zone DMA: 1 pages in unavailable ranges
[    0.087425] On node 0, zone DMA: 97 pages in unavailable ranges
[    0.097739] On node 0, zone DMA32: 32 pages in unavailable ranges
[    0.100395] ACPI: PM-Timer IO Port: 0x608
[    0.103224] ACPI: LAPIC_NMI (acpi_id[0xff] dfl dfl lint[0x1])
[    0.104955] IOAPIC[0]: apic_id 0, version 17, address 0xfec00000, GSI 0-23
[    0.106860] ACPI: INT_SRC_OVR (bus 0 bus_irq 0 global_irq 2 dfl dfl)
[    0.108611] ACPI: INT_SRC_OVR (bus 0 bus_irq 5 global_irq 5 high level)
[    0.110433] ACPI: INT_SRC_OVR (bus 0 bus_irq 9 global_irq 9 high level)
[    0.112272] ACPI: INT_SRC_OVR (bus 0 bus_irq 10 global_irq 10 high level)
[    0.114140] ACPI: INT_SRC_OVR (bus 0 bus_irq 11 global_irq 11 high level)
[    0.116010] ACPI: Using ACPI (MADT) for SMP configuration information
[    0.117788] ACPI: HPET id: 0x8086a201 base: 0xfed00000
[    0.119214] TSC deadline timer available
[    0.120300] smpboot: Allowing 2 CPUs, 0 hotplug CPUs
[    0.121742] kvm-guest: KVM setup pv remote TLB flush
[    0.123113] kvm-guest: setup PV sched yield
[    0.124345] PM: hibernation: Registered nosave memory: [mem 0x00000000-0x00000fff]
[    0.126415] PM: hibernation: Registered nosave memory: [mem 0x0009f000-0x0009ffff]
[    0.128481] PM: hibernation: Registered nosave memory: [mem 0x000a0000-0x000effff]
[    0.130539] PM: hibernation: Registered nosave memory: [mem 0x000f0000-0x000fffff]
[    0.132612] [mem 0x80000000-0xfeffbfff] available for PCI devices
[    0.134268] Booting paravirtualized kernel on KVM
[    0.135552] clocksource: refined-jiffies: mask: 0xffffffff max_cycles: 0xffffffff, max_idle_ns: 7645519600211568 ns
[    0.138418] setup_percpu: NR_CPUS:8192 nr_cpumask_bits:2 nr_cpu_ids:2 nr_node_ids:1
[    0.141131] percpu: Embedded 64 pages/cpu s225280 r8192 d28672 u1048576
[    0.143260] kvm-guest: PV spinlocks enabled
[    0.144419] PV qspinlock hash table entries: 256 (order: 0, 4096 bytes, linear)
[    0.146410] Fallback order for Node 0: 0 
[    0.147511] Built 1 zonelists, mobility grouping on.  Total pages: 515808
[    0.149354] Policy zone: DMA32
[    0.150180] Kernel command line: net.ifnames=0 console=ttyS0 root=/dev/sda earlyprintk=serial net.ifnames=0
[    0.153250] random: crng init done
[    0.154687] Dentry cache hash table entries: 262144 (order: 9, 2097152 bytes, linear)
[    0.157042] Inode-cache hash table entries: 131072 (order: 8, 1048576 bytes, linear)
[    0.159308] mem auto-init: stack:off, heap alloc:off, heap free:off
[    0.167675] Memory: 1985384K/2096632K available (32784K kernel code, 4699K rwdata, 7864K rodata, 3676K init, 22112K bss, 110992K reserved, 0K cma-reserved)
[    0.172290] SLUB: HWalign=64, Order=0-3, MinObjects=0, CPUs=2, Nodes=1
[    0.174028] kmemleak: Kernel memory leak detector disabled
[    0.175519] ftrace: allocating 67605 entries in 265 pages
[    0.208014] ftrace: allocated 265 pages with 3 groups
[    0.214047] Dynamic Preempt: voluntary
[    0.215246] Running RCU self tests
[    0.216173] rcu: Preemptible hierarchical RCU implementation.
[    0.217697] rcu: 	RCU lockdep checking is enabled.
[    0.218967] rcu: 	RCU restricting CPUs from NR_CPUS=8192 to nr_cpu_ids=2.
[    0.220788] 	Trampoline variant of Tasks RCU enabled.
[    0.222127] 	Rude variant of Tasks RCU enabled.
[    0.223324] 	Tracing variant of Tasks RCU enabled.
[    0.224607] rcu: RCU calculated value of scheduler-enlistment delay is 25 jiffies.
[    0.226617] rcu: Adjusting geometry for rcu_fanout_leaf=16, nr_cpu_ids=2
[    0.260581] NR_IRQS: 524544, nr_irqs: 440, preallocated irqs: 16
[    0.262624] rcu: srcu_init: Setting srcu_struct sizes based on contention.
[    0.288230] Console: colour VGA+ 80x25
[    0.289337] printk: console [ttyS0] enabled
[    0.289337] printk: console [ttyS0] enabled
[    0.291598] printk: bootconsole [earlyser0] disabled
[    0.291598] printk: bootconsole [earlyser0] disabled
[    0.294278] Lock dependency validator: Copyright (c) 2006 Red Hat, Inc., Ingo Molnar
[    0.296390] ... MAX_LOCKDEP_SUBCLASSES:  8
[    0.297520] ... MAX_LOCK_DEPTH:          48
[    0.298672] ... MAX_LOCKDEP_KEYS:        8192
[    0.299870] ... CLASSHASH_SIZE:          4096
[    0.301092] ... MAX_LOCKDEP_ENTRIES:     32768
[    0.302305] ... MAX_LOCKDEP_CHAINS:      65536
[    0.303512] ... CHAINHASH_SIZE:          32768
[    0.304731]  memory used by lock dependency info: 6365 kB
[    0.306201]  memory used for stack traces: 4224 kB
[    0.307519]  per task-struct memory footprint: 1920 bytes
[    0.309053] ACPI: Core revision 20221020
[    0.310550] clocksource: hpet: mask: 0xffffffff max_cycles: 0xffffffff, max_idle_ns: 19112604467 ns
[    0.313314] APIC: Switch to symmetric I/O mode setup
[    0.315417] x2apic enabled
[    0.316933] Switched APIC routing to physical x2apic.
[    0.318631] kvm-guest: setup PV IPIs
[    0.322929] ..TIMER: vector=0x30 apic1=0 pin1=2 apic2=-1 pin2=-1
[    0.324688] clocksource: tsc-early: mask: 0xffffffffffffffff max_cycles: 0xb9fb05486c, max_idle_ns: 440795231721 ns
[    0.327710] Calibrating delay loop (skipped) preset value.. 1612.80 BogoMIPS (lpj=3225600)
[    0.331702] pid_max: default: 32768 minimum: 301
[    0.333114] LSM: initializing lsm=capability,yama,integrity
[    0.334682] Yama: becoming mindful.
[    0.335927] Mount-cache hash table entries: 4096 (order: 3, 32768 bytes, linear)
[    0.337985] Mountpoint-cache hash table entries: 4096 (order: 3, 32768 bytes, linear)
[    0.341596] CPU0: Thermal monitoring enabled (TM1)
[    0.343918] x86/cpu: User Mode Instruction Prevention (UMIP) activated
[    0.346480] Last level iTLB entries: 4KB 0, 2MB 0, 4MB 0
[    0.347692] Last level dTLB entries: 4KB 0, 2MB 0, 4MB 0, 1GB 0
[    0.349378] Spectre V1 : Mitigation: usercopy/swapgs barriers and __user pointer sanitization
[    0.351692] Spectre V2 : WARNING: Unprivileged eBPF is enabled with eIBRS on, data leaks possible via Spectre v2 BHB attacks!
[    0.355699] Spectre V2 : Mitigation: Enhanced IBRS
[    0.357019] Spectre V2 : Spectre v2 / SpectreRSB mitigation: Filling RSB on context switch
[    0.359691] Spectre V2 : Spectre v2 / PBRSB-eIBRS: Retire a single CALL on VMEXIT
[    0.361730] Spectre V2 : mitigation: Enabling conditional Indirect Branch Prediction Barrier
[    0.363691] Speculative Store Bypass: Mitigation: Speculative Store Bypass disabled via prctl
[    0.365996] MMIO Stale Data: Unknown: No mitigations
[    0.500602] Freeing SMP alternatives memory: 56K
[    0.502461] smpboot: CPU0: Genuine Intel(R) 0000 (family: 0x6, model: 0xb7, stepping: 0x0)
[    0.503687] cblist_init_generic: Setting adjustable number of callback queues.
[    0.503702] cblist_init_generic: Setting shift to 1 and lim to 1.
[    0.505460] cblist_init_generic: Setting shift to 1 and lim to 1.
[    0.507240] cblist_init_generic: Setting shift to 1 and lim to 1.
[    0.507755] Running RCU-tasks wait API self tests
[    0.611936] Performance Events: Alderlake Hybrid events, full-width counters, Intel PMU driver.
[    0.615924] core: cpu_core PMU driver: 
[    0.617004] ... version:                2
[    0.618107] ... bit width:              48
[    0.619244] ... generic registers:      6
[    0.619699] ... value mask:             0000ffffffffffff
[    0.621092] ... max period:             00007fffffffffff
[    0.622542] ... fixed-purpose events:   3
[    0.623621] ... event mask:             0001000f0000003f
[    0.623755] Callback from call_rcu_tasks_trace() invoked.
[    0.625549] rcu: Hierarchical SRCU implementation.
[    0.626842] rcu: 	Max phase no-delay instances is 1000.
[    0.630818] unchecked MSR access error: WRMSR to 0x38f (tried to write 0x0001000f0000003f) at rIP: 0xffffffff810cf45c (native_write_msr+0xc/0x30)
[    0.631687] Call Trace:
[    0.631687]  <TASK>
[    0.631687]  __intel_pmu_enable_all.constprop.46+0xb5/0x140
[    0.631687]  intel_pmu_enable_all+0x1e/0x30
[    0.631687]  x86_pmu_enable+0x46d/0x5a0
[    0.631687]  ? write_comp_data+0x2f/0x90
[    0.631687]  perf_pmu_enable+0x53/0x70
[    0.631687]  ctx_resched+0x14d/0x1e0
[    0.631687]  __perf_install_in_context+0x2f7/0x450
[    0.631687]  ? perf_assert_pmu_disabled.isra.84+0x50/0x50
[    0.631687]  ? perf_assert_pmu_disabled.isra.84+0x50/0x50
[    0.631687]  remote_function+0x80/0xa0
[    0.631687]  ? perf_assert_pmu_disabled.isra.84+0x50/0x50
[    0.631687]  generic_exec_single+0x124/0x190
[    0.631687]  smp_call_function_single+0x11c/0x240
[    0.631687]  ? perf_assert_pmu_disabled.isra.84+0x50/0x50
[    0.631687]  ? __sanitizer_cov_trace_pc+0x25/0x60
[    0.631687]  ? write_comp_data+0x2f/0x90
[    0.631687]  perf_install_in_context+0x2d8/0x300
[    0.631687]  ? ctx_resched+0x1e0/0x1e0
[    0.631687]  perf_event_create_kernel_counter+0x278/0x2a0
[    0.631687]  ? find_next_bit+0x30/0x30
[    0.631687]  hardlockup_detector_event_create+0x46/0xd0
[    0.631687]  hardlockup_detector_perf_init+0x18/0x66
[    0.631687]  watchdog_nmi_probe+0x17/0x1d
[    0.631687]  lockup_detector_init+0x40/0xaf
[    0.631687]  kernel_init_freeable+0x264/0x422
[    0.631687]  ? __wait_for_common+0x19d/0x1f0
[    0.631687]  ? rest_init+0x240/0x240
[    0.631687]  kernel_init+0x24/0x1e0
[    0.631687]  ? rest_init+0x240/0x240
[    0.631687]  ret_from_fork+0x1f/0x30
[    0.631687]  </TASK>
[    0.631983] smp: Bringing up secondary CPUs ...
[    0.634330] x86: Booting SMP configuration:
[    0.635547] .... node  #0, CPUs:      #1
[    0.636449] smp: Brought up 1 node, 2 CPUs
[    0.638174] smpboot: Max logical packages: 1
[    0.639720] smpboot: Total of 2 processors activated (3225.60 BogoMIPS)
[    0.643043] devtmpfs: initialized
[    0.644048] x86/mm: Memory block size: 128MB
[    0.648186] clocksource: jiffies: mask: 0xffffffff max_cycles: 0xffffffff, max_idle_ns: 7645041785100000 ns
[    0.650853] futex hash table entries: 512 (order: 4, 65536 bytes, linear)
[    0.652029] pinctrl core: initialized pinctrl subsystem
[    0.654154] 
[    0.654596] *************************************************************
[    0.655704] **     NOTICE NOTICE NOTICE NOTICE NOTICE NOTICE NOTICE    **
[    0.657544] **                                                         **
[    0.659388] **  IOMMU DebugFS SUPPORT HAS BEEN ENABLED IN THIS KERNEL  **
[    0.659702] **                                                         **
[    0.661530] ** This means that this kernel is built to expose internal **
[    0.663377] ** IOMMU data structures, which may compromise security on **
[    0.663701] ** your system.                                            **
[    0.665539] **                                                         **
[    0.667370] ** If you see this message and you are not debugging the   **
[    0.667718] ** kernel, report this immediately to your vendor!         **
[    0.669545] **                                                         **
[    0.671385] **     NOTICE NOTICE NOTICE NOTICE NOTICE NOTICE NOTICE    **
[    0.671701] *************************************************************
[    0.673736] PM: RTC time: 04:51:23, date: 2023-03-06
[    0.678494] NET: Registered PF_NETLINK/PF_ROUTE protocol family
[    0.680522] DMA: preallocated 256 KiB GFP_KERNEL pool for atomic allocations
[    0.682439] DMA: preallocated 256 KiB GFP_KERNEL|GFP_DMA pool for atomic allocations
[    0.683713] DMA: preallocated 256 KiB GFP_KERNEL|GFP_DMA32 pool for atomic allocations
[    0.685901] audit: initializing netlink subsys (disabled)
[    0.687497] audit: type=2000 audit(1678078284.080:1): state=initialized audit_enabled=0 res=1
[    0.688402] thermal_sys: Registered thermal governor 'fair_share'
[    0.690113] thermal_sys: Registered thermal governor 'bang_bang'
[    0.691701] thermal_sys: Registered thermal governor 'step_wise'
[    0.693360] thermal_sys: Registered thermal governor 'user_space'
[    0.695080] cpuidle: using governor ladder
[    0.696845] cpuidle: using governor menu
[    0.698335] acpiphp: ACPI Hot Plug PCI Controller Driver version: 0.5
[    0.700155] PCI: Using configuration type 1 for base access
[    0.716137] Callback from call_rcu_tasks_rude() invoked.
[    0.723201] kprobes: kprobe jump-optimization is enabled. All kprobes are optimized if possible.
[    1.043396] Callback from call_rcu_tasks() invoked.
[    1.044187] HugeTLB: registered 1.00 GiB page size, pre-allocated 0 pages
[    1.046152] HugeTLB: 16380 KiB vmemmap can be freed for a 1.00 GiB page
[    1.047751] HugeTLB: registered 2.00 MiB page size, pre-allocated 0 pages
[    1.049707] HugeTLB: 28 KiB vmemmap can be freed for a 2.00 MiB page
[    1.054778] ACPI: Added _OSI(Module Device)
[    1.055710] ACPI: Added _OSI(Processor Device)
[    1.057013] ACPI: Added _OSI(3.0 _SCP Extensions)
[    1.058359] ACPI: Added _OSI(Processor Aggregator Device)
[    1.067334] ACPI: 1 ACPI AML tables successfully acquired and loaded
[    1.072754] ACPI: Interpreter enabled
[    1.073983] ACPI: PM: (supports S0 S3 S4 S5)
[    1.075251] ACPI: Using IOAPIC for interrupt routing
[    1.075777] PCI: Using host bridge windows from ACPI; if necessary, use "pci=nocrs" and report a bug
[    1.078434] PCI: Using E820 reservations for host bridge windows
[    1.080747] ACPI: Enabled 2 GPEs in block 00 to 0F
[    1.106007] ACPI: PCI Root Bridge [PCI0] (domain 0000 [bus 00-ff])
[    1.107725] acpi PNP0A03:00: _OSC: OS supports [ASPM ClockPM Segments MSI EDR HPX-Type3]
[    1.110037] acpi PNP0A03:00: _OSC: not requesting OS control; OS requires [ExtendedConfig ASPM ClockPM MSI]
[    1.111808] acpi PNP0A03:00: fail to add MMCONFIG information, can't access extended PCI configuration space under this bridge.
[    1.118566] acpiphp: Slot [3] registered
[    1.119813] acpiphp: Slot [4] registered
[    1.121055] acpiphp: Slot [5] registered
[    1.122289] acpiphp: Slot [6] registered
[    1.123524] acpiphp: Slot [7] registered
[    1.123820] acpiphp: Slot [8] registered
[    1.125055] acpiphp: Slot [9] registered
[    1.126284] acpiphp: Slot [10] registered
[    1.127653] acpiphp: Slot [11] registered
[    1.127807] acpiphp: Slot [12] registered
[    1.129076] acpiphp: Slot [13] registered
[    1.130344] acpiphp: Slot [14] registered
[    1.131621] acpiphp: Slot [15] registered
[    1.131811] acpiphp: Slot [16] registered
[    1.133089] acpiphp: Slot [17] registered
[    1.134346] acpiphp: Slot [18] registered
[    1.135602] acpiphp: Slot [19] registered
[    1.135812] acpiphp: Slot [20] registered
[    1.137073] acpiphp: Slot [21] registered
[    1.138327] acpiphp: Slot [22] registered
[    1.139590] acpiphp: Slot [23] registered
[    1.139832] acpiphp: Slot [24] registered
[    1.141093] acpiphp: Slot [25] registered
[    1.142361] acpiphp: Slot [26] registered
[    1.143621] acpiphp: Slot [27] registered
[    1.143813] acpiphp: Slot [28] registered
[    1.145070] acpiphp: Slot [29] registered
[    1.146369] acpiphp: Slot [30] registered
[    1.147624] acpiphp: Slot [31] registered
[    1.147794] PCI host bridge to bus 0000:00
[    1.148976] pci_bus 0000:00: root bus resource [io  0x0000-0x0cf7 window]
[    1.150896] pci_bus 0000:00: root bus resource [io  0x0d00-0xffff window]
[    1.151703] pci_bus 0000:00: root bus resource [mem 0x000a0000-0x000bffff window]
[    1.153809] pci_bus 0000:00: root bus resource [mem 0x80000000-0xfebfffff window]
[    1.155702] pci_bus 0000:00: root bus resource [mem 0x100000000-0x17fffffff window]
[    1.157825] pci_bus 0000:00: root bus resource [bus 00-ff]
[    1.159568] pci 0000:00:00.0: [8086:1237] type 00 class 0x060000
[    1.164494] pci 0000:00:01.0: [8086:7000] type 00 class 0x060100
[    1.167997] pci 0000:00:01.1: [8086:7010] type 00 class 0x010180
[    1.172145] pci 0000:00:01.1: reg 0x20: [io  0xc040-0xc04f]
[    1.174911] pci 0000:00:01.1: legacy IDE quirk: reg 0x10: [io  0x01f0-0x01f7]
[    1.175708] pci 0000:00:01.1: legacy IDE quirk: reg 0x14: [io  0x03f6]
[    1.177536] pci 0000:00:01.1: legacy IDE quirk: reg 0x18: [io  0x0170-0x0177]
[    1.179714] pci 0000:00:01.1: legacy IDE quirk: reg 0x1c: [io  0x0376]
[    1.182187] pci 0000:00:01.3: [8086:7113] type 00 class 0x068000
[    1.184833] pci 0000:00:01.3: quirk: [io  0x0600-0x063f] claimed by PIIX4 ACPI
[    1.186881] pci 0000:00:01.3: quirk: [io  0x0700-0x070f] claimed by PIIX4 SMB
[    1.188422] pci 0000:00:02.0: [1234:1111] type 00 class 0x030000
[    1.192636] pci 0000:00:02.0: reg 0x10: [mem 0xfd000000-0xfdffffff pref]
[    1.197094] pci 0000:00:02.0: reg 0x18: [mem 0xfebf0000-0xfebf0fff]
[    1.205114] pci 0000:00:02.0: reg 0x30: [mem 0xfebe0000-0xfebeffff pref]
[    1.207341] pci 0000:00:02.0: Video device with shadowed ROM at [mem 0x000c0000-0x000dffff]
[    1.212079] pci 0000:00:03.0: [8086:100e] type 00 class 0x020000
[    1.215461] pci 0000:00:03.0: reg 0x10: [mem 0xfebc0000-0xfebdffff]
[    1.216861] pci 0000:00:03.0: reg 0x14: [io  0xc000-0xc03f]
[    1.224344] pci 0000:00:03.0: reg 0x30: [mem 0xfeb80000-0xfebbffff pref]
[    1.278593] ACPI: PCI: Interrupt link LNKA configured for IRQ 10
[    1.280253] ACPI: PCI: Interrupt link LNKB configured for IRQ 10
[    1.282469] ACPI: PCI: Interrupt link LNKC configured for IRQ 11
[    1.284228] ACPI: PCI: Interrupt link LNKD configured for IRQ 11
[    1.286157] ACPI: PCI: Interrupt link LNKS configured for IRQ 9
[    1.289198] iommu: Default domain type: Translated 
[    1.290595] iommu: DMA domain TLB invalidation policy: lazy mode 
[    1.293000] SCSI subsystem initialized
[    1.294375] ACPI: bus type USB registered
[    1.295566] usbcore: registered new interface driver usbfs
[    1.295760] usbcore: registered new interface driver hub
[    1.297255] usbcore: registered new device driver usb
[    1.298797] pps_core: LinuxPPS API ver. 1 registered
[    1.299702] pps_core: Software ver. 5.3.6 - Copyright 2005-2007 Rodolfo Giometti <giometti@linux.it>
[    1.302203] PTP clock support registered
[    1.303519] EDAC MC: Ver: 3.0.0
[    1.306140] NetLabel: Initializing
[    1.307159] NetLabel:  domain hash size = 128
[    1.307709] NetLabel:  protocols = UNLABELED CIPSOv4 CALIPSO
[    1.309317] NetLabel:  unlabeled traffic allowed by default
[    1.311237] PCI: Using ACPI for IRQ routing
[    1.312131] pci 0000:00:02.0: vgaarb: setting as boot VGA device
[    1.313813] pci 0000:00:02.0: vgaarb: bridge control possible
[    1.315369] pci 0000:00:02.0: vgaarb: VGA device added: decodes=io+mem,owns=io+mem,locks=none
[    1.315703] vgaarb: loaded
[    1.316979] hpet0: at MMIO 0xfed00000, IRQs 2, 8, 0
[    1.318346] hpet0: 3 comparators, 64-bit 100.000000 MHz counter
[    4.711169] clocksource: Switched to clocksource kvm-clock
[    4.938339] VFS: Disk quotas dquot_6.6.0
[    4.939913] VFS: Dquot-cache hash table entries: 512 (order 0, 4096 bytes)
[    4.942830] pnp: PnP ACPI init
[    4.947885] pnp: PnP ACPI: found 6 devices
[    4.969485] clocksource: acpi_pm: mask: 0xffffff max_cycles: 0xffffff, max_idle_ns: 2085701024 ns
[    4.972563] NET: Registered PF_INET protocol family
[    4.974125] IP idents hash table entries: 32768 (order: 6, 262144 bytes, linear)
[    4.977628] tcp_listen_portaddr_hash hash table entries: 1024 (order: 4, 73728 bytes, linear)
[    4.980099] Table-perturb hash table entries: 65536 (order: 6, 262144 bytes, linear)
[    4.982391] TCP established hash table entries: 16384 (order: 5, 131072 bytes, linear)
[    4.985339] TCP bind hash table entries: 16384 (order: 9, 2359296 bytes, linear)
[    4.988885] TCP: Hash tables configured (established 16384 bind 16384)
[    4.990926] UDP hash table entries: 1024 (order: 5, 163840 bytes, linear)
[    4.992968] UDP-Lite hash table entries: 1024 (order: 5, 163840 bytes, linear)
[    4.995246] NET: Registered PF_UNIX/PF_LOCAL protocol family
[    4.997782] RPC: Registered named UNIX socket transport module.
[    4.999520] RPC: Registered udp transport module.
[    5.000940] RPC: Registered tcp transport module.
[    5.002278] RPC: Registered tcp NFSv4.1 backchannel transport module.
[    5.004161] pci_bus 0000:00: resource 4 [io  0x0000-0x0cf7 window]
[    5.005920] pci_bus 0000:00: resource 5 [io  0x0d00-0xffff window]
[    5.007659] pci_bus 0000:00: resource 6 [mem 0x000a0000-0x000bffff window]
[    5.009640] pci_bus 0000:00: resource 7 [mem 0x80000000-0xfebfffff window]
[    5.011581] pci_bus 0000:00: resource 8 [mem 0x100000000-0x17fffffff window]
[    5.013970] pci 0000:00:01.0: PIIX3: Enabling Passive Release
[    5.015619] pci 0000:00:00.0: Limiting direct PCI/PCI transfers
[    5.017532] PCI: CLS 0 bytes, default 64
[    5.018732] ACPI: bus type thunderbolt registered
[    5.020640] clocksource: tsc: mask: 0xffffffffffffffff max_cycles: 0xb9fb05486c, max_idle_ns: 440795231721 ns
[    5.028977] Initialise system trusted keyrings
[    5.030399] Key type blacklist registered
[    5.032075] workingset: timestamp_bits=36 max_order=19 bucket_order=0
[    5.034056] zbud: loaded
[    5.035981] squashfs: version 4.0 (2009/01/31) Phillip Lougher
[    5.038773] NFS: Registering the id_resolver key type
[    5.040291] Key type id_resolver registered
[    5.041538] Key type id_legacy registered
[    5.042752] nfs4filelayout_init: NFSv4 File Layout Driver Registering...
[    5.044801] nfs4flexfilelayout_init: NFSv4 Flexfile Layout Driver Registering...
[    5.047279] fuse: init (API version 7.38)
[    5.048835] SGI XFS with ACLs, security attributes, realtime, quota, no debug enabled
[    5.051958] 9p: Installing v9fs 9p2000 file system support
[    5.063135] Key type asymmetric registered
[    5.064435] Asymmetric key parser 'x509' registered
[    5.068769] alg: self-tests for CTR-KDF (hmac(sha256)) passed
[    5.070563] Block layer SCSI generic (bsg) driver version 0.4 loaded (major 243)
[    5.073031] io scheduler mq-deadline registered
[    5.074454] io scheduler bfq registered
[    5.077628] shpchp: Standard Hot Plug PCI Controller Driver version: 0.4
[    5.080336] IPMI message handler: version 39.2
[    5.081751] ipmi device interface
[    5.085440] input: Power Button as /devices/LNXSYSTM:00/LNXPWRBN:00/input/input0
[    5.088088] ACPI: button: Power Button [PWRF]
[    5.091105] ERST DBG: ERST support is disabled.
[    5.093980] Serial: 8250/16550 driver, 32 ports, IRQ sharing enabled
[    5.097733] 00:04: ttyS0 at I/O 0x3f8 (irq = 4, base_baud = 115200) is a 16550A
[    5.115210] Linux agpgart interface v0.103
[    5.117460] ACPI: bus type drm_connector registered
[    5.136301] brd: module loaded
[    5.147273] loop: module loaded
[    5.154940] scsi host0: ata_piix
[    5.156651] scsi host1: ata_piix
[    5.157824] ata1: PATA max MWDMA2 cmd 0x1f0 ctl 0x3f6 bmdma 0xc040 irq 14
[    5.159814] ata2: PATA max MWDMA2 cmd 0x170 ctl 0x376 bmdma 0xc048 irq 15
[    5.164247] tun: Universal TUN/TAP device driver, 1.6
[    5.166273] e100: Intel(R) PRO/100 Network Driver
[    5.167663] e100: Copyright(c) 1999-2006 Intel Corporation
[    5.169391] e1000: Intel(R) PRO/1000 Network Driver
[    5.170795] e1000: Copyright (c) 1999-2006 Intel Corporation.
[    5.320179] ata2: found unknown device (class 0)
[    5.322274] ata1: found unknown device (class 0)
[    5.324407] ata2.00: ATAPI: QEMU DVD-ROM, 2.5+, max UDMA/100
[    5.326771] ata1.00: ATA-7: QEMU HARDDISK, 2.5+, max UDMA/100
[    5.328298] ata1.00: 16777216 sectors, multi 16: LBA48 
[    5.332551] scsi 0:0:0:0: Direct-Access     ATA      QEMU HARDDISK    2.5+ PQ: 0 ANSI: 5
[    5.337042] sd 0:0:0:0: [sda] 16777216 512-byte logical blocks: (8.59 GB/8.00 GiB)
[    5.339042] sd 0:0:0:0: [sda] Write Protect is off
[    5.341034] sd 0:0:0:0: [sda] Write cache: enabled, read cache: enabled, doesn't support DPO or FUA
[    5.343438] sd 0:0:0:0: Attached scsi generic sg0 type 0
[    5.345481] sd 0:0:0:0: [sda] Preferred minimum I/O size 512 bytes
[    5.346524] scsi 1:0:0:0: CD-ROM            QEMU     QEMU DVD-ROM     2.5+ PQ: 0 ANSI: 5
[    5.366861] sd 0:0:0:0: [sda] Attached SCSI disk
[    5.377483] scsi 1:0:0:0: Attached scsi generic sg1 type 5
[    5.464561] ACPI: \_SB_.LNKC: Enabled at IRQ 11
[    5.848272] e1000 0000:00:03.0 eth0: (PCI:33MHz:32-bit) 52:54:00:12:34:56
[    5.850048] e1000 0000:00:03.0 eth0: Intel(R) PRO/1000 Network Connection
[    5.851885] e1000e: Intel(R) PRO/1000 Network Driver
[    5.853054] e1000e: Copyright(c) 1999 - 2015 Intel Corporation.
[    5.854558] igb: Intel(R) Gigabit Ethernet Network Driver
[    5.856144] igb: Copyright (c) 2007-2014 Intel Corporation.
[    5.858057] PPP generic driver version 2.4.2
[    5.860254] VFIO - User Level meta-driver version: 0.3
[    5.862550] usbcore: registered new interface driver uas
[    5.864606] usbcore: registered new interface driver usb-storage
[    5.866900] i8042: PNP: PS/2 Controller [PNP0303:KBD,PNP0f13:MOU] at 0x60,0x64 irq 1,12
[    5.871805] serio: i8042 KBD port at 0x60,0x64 irq 1
[    5.873613] serio: i8042 AUX port at 0x60,0x64 irq 12
[    5.876266] mousedev: PS/2 mouse device common for all mice
[    5.879877] input: AT Translated Set 2 keyboard as /devices/platform/i8042/serio0/input/input1
[    5.882584] rtc_cmos 00:05: RTC can wake from S4
[    5.885520] input: VirtualPS/2 VMware VMMouse as /devices/platform/i8042/serio1/input/input4
[    5.889194] input: VirtualPS/2 VMware VMMouse as /devices/platform/i8042/serio1/input/input3
[    5.890716] rtc_cmos 00:05: registered as rtc0
[    5.893314] rtc_cmos 00:05: setting system clock to 2023-03-06T04:51:28 UTC (1678078288)
[    5.895847] rtc_cmos 00:05: alarms up to one day, y3k, 242 bytes nvram, hpet irqs
[    5.898202] i2c_dev: i2c /dev entries driver
[    5.899828] device-mapper: core: CONFIG_IMA_DISABLE_HTABLE is disabled. Duplicate IMA measurements will not be recorded in the IMA log.
[    5.903330] device-mapper: uevent: version 1.0.3
[    5.905384] device-mapper: ioctl: 4.47.0-ioctl (2022-07-28) initialised: dm-devel@redhat.com
[    5.907885] intel_pstate: CPU model not supported
[    5.909415] sdhci: Secure Digital Host Controller Interface driver
[    5.911178] sdhci: Copyright(c) Pierre Ossman
[    5.912607] sdhci-pltfm: SDHCI platform and OF driver helper
[    5.914418] ledtrig-cpu: registered to indicate activity on CPUs
[    5.916788] drop_monitor: Initializing network drop monitor service
[    5.918869] NET: Registered PF_INET6 protocol family
[    5.923797] Segment Routing with IPv6
[    5.924810] In-situ OAM (IOAM) with IPv6
[    5.925852] NET: Registered PF_PACKET protocol family
[    5.927561] 9pnet: Installing 9P2000 support
[    5.929053] Key type dns_resolver registered
[    5.931825] IPI shorthand broadcast: enabled
[    5.933155] sched_clock: Marking stable (5880501195, 51195807)->(6051081469, -119384467)
[    5.936504] registered taskstats version 1
[    5.938176] Loading compiled-in X.509 certificates
[    5.940418] zswap: loaded using pool lzo/zbud
[    5.962616] Key type .fscrypt registered
[    5.963575] Key type fscrypt-provisioning registered
[    5.967343] Key type encrypted registered
[    5.968727] ima: No TPM chip found, activating TPM-bypass!
[    5.970333] ima: Allocated hash algorithm: sha1
[    5.971777] ima: No architecture policies found
[    5.973198] evm: Initialising EVM extended attributes:
[    5.974666] evm: security.selinux
[    5.975636] evm: security.SMACK64
[    5.976654] evm: security.SMACK64EXEC
[    5.977722] evm: security.SMACK64TRANSMUTE
[    5.978893] evm: security.SMACK64MMAP
[    5.979978] evm: security.apparmor
[    5.980980] evm: security.ima
[    5.981851] evm: security.capability
[    5.982876] evm: HMAC attrs: 0x1
[    5.994321] PM:   Magic number: 15:192:868
[    5.996906] RAS: Correctable Errors collector initialized.
[    6.000826] md: Waiting for all devices to be available before autodetect
[    6.001976] md: If you don't use raid, use raid=noautodetect
[    6.002931] md: Autodetecting RAID arrays.
[    6.003654] md: autorun ...
[    6.004190] md: ... autorun DONE.
[    6.015295] EXT4-fs (sda): mounted filesystem 23a53bb9-f815-47a5-b74c-5e08f7731193 with ordered data mode. Quota mode: none.
[    6.017438] VFS: Mounted root (ext4 filesystem) readonly on device 8:0.
[    6.022349] devtmpfs: mounted
[    6.033097] Freeing unused decrypted memory: 2036K
[    6.036281] Freeing unused kernel image (initmem) memory: 3676K
[    6.037537] Write protecting the kernel read-only data: 43008k
[    6.042346] Freeing unused kernel image (text/rodata gap) memory: 2028K
[    6.044075] Freeing unused kernel image (rodata/data gap) memory: 328K
[    6.191546] x86/mm: Checked W+X mappings: passed, no W+X pages found.
[    6.193032] Run /sbin/init as init process
[    6.380534] systemd[1]: RTC configured in localtime, applying delta of 0 minutes to system time.
[    6.439388] systemd[1]: systemd 239 (239-49.el8) running in system mode. (+PAM +AUDIT +SELINUX +IMA -APPARMOR +SMACK +SYSVINIT +UTMP +LIBCRYPTSETUP +GCRYPT +GNUTLS +ACL +XZ +LZ4 +SECCOMP +BLKID +ELFUTILS +KMOD +IDN2 -IDN +PCRE2 default-hierarchy=legacy)
[    6.443545] systemd[1]: Detected virtualization kvm.
[    6.444435] systemd[1]: Detected architecture x86-64.

Welcome to [0;31mCentOS Stream 8[0m!

[    6.516558] systemd[1]: Set hostname to <test>.
[    7.083354] systemd[1]: Listening on multipathd control socket.
[[0;32m  OK  [0m] Listening on multipathd control socket.
[    7.086831] systemd[1]: Listening on udev Control Socket.
[[0;32m  OK  [0m] Listening on udev Control Socket.
[    7.089477] systemd[1]: Listening on Journal Socket (/dev/log).
[[0;32m  OK  [0m] Listening on Journal Socket (/dev/log).
[    7.092017] systemd[1]: Listening on udev Kernel Socket.
[[0;32m  OK  [0m] Listening on udev Kernel Socket.
[    7.094433] systemd[1]: Listening on Journal Socket.
[[0;32m  OK  [0m] Listening on Journal Socket.
[    7.120264] systemd[1]: Mounting Kernel Debug File System...
         Mounting Kernel Debug File System...
         Starting Setup Virtual Console...
         Starting Remount Root and Kernel File Systems...
[[0;32m  OK  [0m] Listening on LVM2 poll daemon socket.
[[0;32m  OK  [0m] Started Forward Password Requests to Wall Directory Watch.
[[0;32m  OK  [0m] Created slice User and Session Slice.
[[0;32m  OK  [0m] Reached target Slices.
[[0;32m  OK  [0m] Reached target Swap.
[[0;32m  OK  [0m] Created slice system-serial\x2dgetty.slice.
         Starting Load Kernel Modules...
[[0;32m  OK  [0m] Set up automount Arbitrary Executabâ€¦rmats File System Automount Point.
[[0;32m  OK  [0m] Listening on initctl Compatibility Named Pipe.
[[0;32m  OK  [0m] Created slice system-sshd\x2dkeygen.slice.
         Starting Journal Service...
[    7.432215] EXT4-fs (sda): re-mounted 23a53bb9-f815-47a5-b74c-5e08f7731193. Quota mode: none.
         Mounting Huge Pages File System...
[[0;32m  OK  [0m] Listening on RPCbind Server Activation Socket.
[[0;32m  OK  [0m] Reached target RPC Port Mapper.
         Starting udev Coldplug all Devices...
[[0;32m  OK  [0m] Created slice system-getty.slice.
[[0;32m  OK  [0m] Listening on Process Core Dump Socket.
         Mounting POSIX Message Queue File System...
[[0;32m  OK  [0m] Listening on Device-mapper event daemon FIFOs.
         Starting Monitoring of LVM2 mirrorsâ€¦ng dmeventd or progress polling...
[[0;32m  OK  [0m] Started Journal Service.
[[0;32m  OK  [0m] Mounted Kernel Debug File System.
[[0;32m  OK  [0m] Started Remount Root and Kernel File Systems.
[[0;32m  OK  [0m] Started Setup Virtual Console.
[[0;1;31mFAILED[0m] Failed to start Load Kernel Modules.
See 'systemctl status systemd-modules-load.service' for details.
[[0;32m  OK  [0m] Mounted Huge Pages File System.
[[0;32m  OK  [0m] Mounted POSIX Message Queue File System.
         Starting Apply Kernel Variables...
         Mounting FUSE Control File System...
         Mounting Kernel Configuration File System...
         Starting Load/Save Random Seed...
         Starting Create Static Device Nodes in /dev...
         Starting Flush Journal to Persistent Storage...
[[0;32m  OK  [0m] Started Apply Kernel Variables.
[[0;32m  OK  [0m] Mounted FUSE Control File System.
[[0;32m  OK  [0m] Mounted Kernel Configuration File System.
[[0;32m  OK  [0m] Started Load/Save Random Seed.
[[0;32m  OK  [0m] Started Create Static Device Nodes in /dev.
[[0;32m  OK  [0m] Started Flush Journal to Persistent Storage.
         Starting udev Kernel Device Manager...
[[0;32m  OK  [0m] Started udev Coldplug all Devices.
         Starting udev Wait for Complete Device Initialization...
[[0;32m  OK  [0m] Started udev Kernel Device Manager.
         Starting Show Plymouth Boot Screen...
[[0;32m  OK  [0m] Started Show Plymouth Boot Screen.
[[0;32m  OK  [0m] Started Forward Password Requests to Plymouth Directory Watch.
[[0;32m  OK  [0m] Reached target Paths.
[[0;32m  OK  [0m] Reached target Local Encrypted Volumes.
[[0;32m  OK  [0m] Found device /dev/ttyS0.
[[0;32m  OK  [0m] Started Monitoring of LVM2 mirrors,â€¦sing dmeventd or progress polling.
[[0;32m  OK  [0m] Started udev Wait for Complete Device Initialization.
[[0;32m  OK  [0m] Listening on Load/Save RF Kill Switch Status /dev/rfkill Watch.
[[0;32m  OK  [0m] Reached target Local File Systems (Pre).
[[0;32m  OK  [0m] Reached target Local File Systems.
         Starting Tell Plymouth To Write Out Runtime Data...
         Starting Restore /run/initramfs on shutdown...
         Starting Create Volatile Files and Directories...
[[0;32m  OK  [0m] Started Tell Plymouth To Write Out Runtime Data.
[[0;32m  OK  [0m] Started Restore /run/initramfs on shutdown.
[[0;32m  OK  [0m] Started Create Volatile Files and Directories.
         Starting RPC Bind...
         Starting Security Auditing Service...
         Mounting RPC Pipe File System...
[[0;32m  OK  [0m] Mounted RPC Pipe File System.
[[0;32m  OK  [0m] Started RPC Bind.
[[0;32m  OK  [0m] Reached target rpc_pipefs.target.
[[0;32m  OK  [0m] Started Security Auditing Service.
         Starting Update UTMP about System Boot/Shutdown...
[[0;32m  OK  [0m] Started Update UTMP about System Boot/Shutdown.
[[0;32m  OK  [0m] Reached target System Initialization.
[[0;32m  OK  [0m] Started Daily Cleanup of Temporary Directories.
[[0;32m  OK  [0m] Started daily update of the root trust anchor for DNSSEC.
[[0;32m  OK  [0m] Started dnf makecache --timer.
[[0;32m  OK  [0m] Reached target Timers.
[[0;32m  OK  [0m] Listening on D-Bus System Message Bus Socket.
[[0;32m  OK  [0m] Listening on SSSD Kerberos Cache Manager responder socket.
[[0;32m  OK  [0m] Reached target Sockets.
[[0;32m  OK  [0m] Reached target Basic System.
         Starting Auto-connect to subsystemsâ€¦-NVME devices found during boot...
         Starting Self Monitoring and Reporting Technology (SMART) Daemon...
         Starting NTP client/server...
         Starting Login Service...
[[0;32m  OK  [0m] Started irqbalance daemon.
         Starting Authorization Manager...
[[0;32m  OK  [0m] Started Machine Check Exception Logging Daemon.
[[0;32m  OK  [0m] Started D-Bus System Message Bus.
         Starting Network Manager...
[[0;32m  OK  [0m] Reached target sshd-keygen.target.
[[0;32m  OK  [0m] Started Self Monitoring and Reporting Technology (SMART) Daemon.
[[0;32m  OK  [0m] Started Auto-connect to subsystems â€¦FC-NVME devices found during boot.
         Starting update of the root trust aâ€¦or DNSSEC validation in unbound...
[[0;32m  OK  [0m] Started Login Service.
[[0;32m  OK  [0m] Started NTP client/server.
[[0;32m  OK  [0m] Started Network Manager.
[[0;32m  OK  [0m] Reached target Network.
         Starting OpenSSH server daemon...
         Starting GSSAPI Proxy Daemon...
         Starting Dynamic System Tuning Daemon...
         Starting Network Manager Wait Online...
[[0;32m  OK  [0m] Started OpenSSH server daemon.
[[0;32m  OK  [0m] Started update of the root trust anâ€¦ for DNSSEC validation in unbound.
[[0;32m  OK  [0m] Started Authorization Manager.
         Starting Hostname Service...
[[0;32m  OK  [0m] Started GSSAPI Proxy Daemon.
[[0;32m  OK  [0m] Reached target NFS client services.
[[0;32m  OK  [0m] Reached target Remote File Systems (Pre).
[[0;32m  OK  [0m] Reached target Remote File Systems.
         Starting Permit User Sessions...
[[0;32m  OK  [0m] Started Permit User Sessions.
[[0;32m  OK  [0m] Started Command Scheduler.
         Starting Terminate Plymouth Boot Screen...
         Starting Hold until boot process finishes up...
[   11.136035] e1000: eth0 NIC Link is Up 1000 Mbps Full Duplex, Flow Control: RX
[   11.138484] IPv6: ADDRCONF(NETDEV_CHANGE): eth0: link becomes ready
[   11.531042] Spectre V2 : WARNING: Unprivileged eBPF is enabled with eIBRS on, data leaks possible via Spectre v2 BHB attacks!
[   11.533871] Spectre V2 : WARNING: Unprivileged eBPF is enabled with eIBRS on, data leaks possible via Spectre v2 BHB attacks!

CentOS Stream 8
Kernel 6.1.0-b8cc9174ff9e+ on an x86_64

test login: 