c[?7l[2J[0mSeaBIOS (version rel-1.16.0-0-gd239552ce722-prebuilt.qemu.org)


iPXE (http://ipxe.org) 00:03.0 CA00 PCI2.10 PnP PMM+7FF91000+7FEF1000 CA00
Press Ctrl-B to configure iPXE (PCI 00:03.0)...                                                                               


Booting from ROM...
c[?7l[2J[    0.000000] Linux version 6.1.0-rc7-ee9a113ab634+ (root@p-rpls01) (gcc (GCC) 8.5.0 20210514 (Red Hat 8.5.0-18), GNU ld version 2.36.1-2.el8) #1 SMP PREEMPT_DYNAMIC Mon Mar  6 18:26:19 CST 2023
[    0.000000] Command line: console=ttyS0 root=/dev/sda earlyprintk=serial net.ifnames=0
[    0.000000] KERNEL supported cpus:
[    0.000000]   Intel GenuineIntel
[    0.000000]   AMD AuthenticAMD
[    0.000000]   Hygon HygonGenuine
[    0.000000]   Centaur CentaurHauls
[    0.000000]   zhaoxin   Shanghai  
[    0.000000] x86/fpu: Supporting XSAVE feature 0x001: 'x87 floating point registers'
[    0.000000] x86/fpu: Supporting XSAVE feature 0x002: 'SSE registers'
[    0.000000] x86/fpu: Supporting XSAVE feature 0x004: 'AVX registers'
[    0.000000] x86/fpu: Supporting XSAVE feature 0x200: 'Protection Keys User registers'
[    0.000000] x86/fpu: xstate_offset[2]:  576, xstate_sizes[2]:  256
[    0.000000] x86/fpu: xstate_offset[9]:  832, xstate_sizes[9]:    8
[    0.000000] x86/fpu: Enabled xstate features 0x207, context size is 840 bytes, using 'compacted' format.
[    0.000000] signal: max sigframe size: 3632
[    0.000000] BIOS-provided physical RAM map:
[    0.000000] BIOS-e820: [mem 0x0000000000000000-0x000000000009fbff] usable
[    0.000000] BIOS-e820: [mem 0x000000000009fc00-0x000000000009ffff] reserved
[    0.000000] BIOS-e820: [mem 0x00000000000f0000-0x00000000000fffff] reserved
[    0.000000] BIOS-e820: [mem 0x0000000000100000-0x000000007ffdffff] usable
[    0.000000] BIOS-e820: [mem 0x000000007ffe0000-0x000000007fffffff] reserved
[    0.000000] BIOS-e820: [mem 0x00000000feffc000-0x00000000feffffff] reserved
[    0.000000] BIOS-e820: [mem 0x00000000fffc0000-0x00000000ffffffff] reserved
[    0.000000] printk: bootconsole [earlyser0] enabled
[    0.000000] NX (Execute Disable) protection: active
[    0.000000] SMBIOS 2.8 present.
[    0.000000] DMI: QEMU Standard PC (i440FX + PIIX, 1996), BIOS rel-1.16.0-0-gd239552ce722-prebuilt.qemu.org 04/01/2014
[    0.000000] Hypervisor detected: KVM
[    0.000000] kvm-clock: Using msrs 4b564d01 and 4b564d00
[    0.000003] kvm-clock: using sched offset of 497312312 cycles
[    0.000846] clocksource: kvm-clock: mask: 0xffffffffffffffff max_cycles: 0x1cd42e4dffb, max_idle_ns: 881590591483 ns
[    0.003465] tsc: Detected 806.400 MHz processor
[    0.011604] last_pfn = 0x7ffe0 max_arch_pfn = 0x400000000
[    0.012653] x86/PAT: Configuration [0-7]: WB  WC  UC- UC  WB  WP  UC- WT  
[    0.022240] found SMP MP-table at [mem 0x000f5ba0-0x000f5baf]
[    0.023401] Using GB pages for direct mapping
[    0.025820] ACPI: Early table checksum verification disabled
[    0.026806] ACPI: RSDP 0x00000000000F59C0 000014 (v00 BOCHS )
[    0.027775] ACPI: RSDT 0x000000007FFE1951 000034 (v01 BOCHS  BXPC     00000001 BXPC 00000001)
[    0.029162] ACPI: FACP 0x000000007FFE17FD 000074 (v01 BOCHS  BXPC     00000001 BXPC 00000001)
[    0.030556] ACPI: DSDT 0x000000007FFE0040 0017BD (v01 BOCHS  BXPC     00000001 BXPC 00000001)
[    0.031935] ACPI: FACS 0x000000007FFE0000 000040
[    0.032688] ACPI: APIC 0x000000007FFE1871 000080 (v01 BOCHS  BXPC     00000001 BXPC 00000001)
[    0.034063] ACPI: HPET 0x000000007FFE18F1 000038 (v01 BOCHS  BXPC     00000001 BXPC 00000001)
[    0.035439] ACPI: WAET 0x000000007FFE1929 000028 (v01 BOCHS  BXPC     00000001 BXPC 00000001)
[    0.036831] ACPI: Reserving FACP table memory at [mem 0x7ffe17fd-0x7ffe1870]
[    0.037958] ACPI: Reserving DSDT table memory at [mem 0x7ffe0040-0x7ffe17fc]
[    0.039080] ACPI: Reserving FACS table memory at [mem 0x7ffe0000-0x7ffe003f]
[    0.040211] ACPI: Reserving APIC table memory at [mem 0x7ffe1871-0x7ffe18f0]
[    0.041334] ACPI: Reserving HPET table memory at [mem 0x7ffe18f1-0x7ffe1928]
[    0.042455] ACPI: Reserving WAET table memory at [mem 0x7ffe1929-0x7ffe1950]
[    0.044844] No NUMA configuration found
[    0.045458] Faking a node at [mem 0x0000000000000000-0x000000007ffdffff]
[    0.046612] NODE_DATA(0) allocated [mem 0x7ffb5000-0x7ffdffff]
[    0.051157] Zone ranges:
[    0.051589]   DMA      [mem 0x0000000000001000-0x0000000000ffffff]
[    0.052583]   DMA32    [mem 0x0000000001000000-0x000000007ffdffff]
[    0.053571]   Normal   empty
[    0.054035]   Device   empty
[    0.054502] Movable zone start for each node
[    0.055186] Early memory node ranges
[    0.055755]   node   0: [mem 0x0000000000001000-0x000000000009efff]
[    0.056760]   node   0: [mem 0x0000000000100000-0x000000007ffdffff]
[    0.057768] Initmem setup node 0 [mem 0x0000000000001000-0x000000007ffdffff]
[    0.059633] On node 0, zone DMA: 1 pages in unavailable ranges
[    0.059943] On node 0, zone DMA: 97 pages in unavailable ranges
[    0.111330] On node 0, zone DMA32: 32 pages in unavailable ranges
[    0.112881] ACPI: PM-Timer IO Port: 0x608
[    0.114549] ACPI: LAPIC_NMI (acpi_id[0xff] dfl dfl lint[0x1])
[    0.115589] IOAPIC[0]: apic_id 0, version 17, address 0xfec00000, GSI 0-23
[    0.116737] ACPI: INT_SRC_OVR (bus 0 bus_irq 0 global_irq 2 dfl dfl)
[    0.117756] ACPI: INT_SRC_OVR (bus 0 bus_irq 5 global_irq 5 high level)
[    0.118821] ACPI: INT_SRC_OVR (bus 0 bus_irq 9 global_irq 9 high level)
[    0.119884] ACPI: INT_SRC_OVR (bus 0 bus_irq 10 global_irq 10 high level)
[    0.120973] ACPI: INT_SRC_OVR (bus 0 bus_irq 11 global_irq 11 high level)
[    0.122077] ACPI: Using ACPI (MADT) for SMP configuration information
[    0.123102] ACPI: HPET id: 0x8086a201 base: 0xfed00000
[    0.123953] TSC deadline timer available
[    0.124593] smpboot: Allowing 2 CPUs, 0 hotplug CPUs
[    0.125547] kvm-guest: KVM setup pv remote TLB flush
[    0.126351] kvm-guest: setup PV sched yield
[    0.127134] PM: hibernation: Registered nosave memory: [mem 0x00000000-0x00000fff]
[    0.128360] PM: hibernation: Registered nosave memory: [mem 0x0009f000-0x0009ffff]
[    0.129565] PM: hibernation: Registered nosave memory: [mem 0x000a0000-0x000effff]
[    0.130769] PM: hibernation: Registered nosave memory: [mem 0x000f0000-0x000fffff]
[    0.131981] [mem 0x80000000-0xfeffbfff] available for PCI devices
[    0.132962] Booting paravirtualized kernel on KVM
[    0.133762] clocksource: refined-jiffies: mask: 0xffffffff max_cycles: 0xffffffff, max_idle_ns: 7645519600211568 ns
[    0.135462] setup_percpu: NR_CPUS:8192 nr_cpumask_bits:2 nr_cpu_ids:2 nr_node_ids:1
[    0.140121] percpu: Embedded 64 pages/cpu s225280 r8192 d28672 u1048576
[    0.141472] kvm-guest: PV spinlocks enabled
[    0.142144] PV qspinlock hash table entries: 256 (order: 0, 4096 bytes, linear)
[    0.143348] Fallback order for Node 0: 0 
[    0.144017] Built 1 zonelists, mobility grouping on.  Total pages: 515808
[    0.145105] Policy zone: DMA32
[    0.145590] Kernel command line: net.ifnames=0 console=ttyS0 root=/dev/sda earlyprintk=serial net.ifnames=0
[    0.151166] Dentry cache hash table entries: 262144 (order: 9, 2097152 bytes, linear)
[    0.153693] Inode-cache hash table entries: 131072 (order: 8, 1048576 bytes, linear)
[    0.155075] mem auto-init: stack:off, heap alloc:off, heap free:off
[    0.159563] Memory: 1985384K/2096632K available (32784K kernel code, 4694K rwdata, 7832K rodata, 3668K init, 22124K bss, 110992K reserved, 0K cma-reserved)
[    0.162869] SLUB: HWalign=64, Order=0-3, MinObjects=0, CPUs=2, Nodes=1
[    0.163891] kmemleak: Kernel memory leak detector disabled
[    0.164800] ftrace: allocating 67344 entries in 264 pages
[    0.188074] ftrace: allocated 264 pages with 2 groups
[    0.192043] Dynamic Preempt: voluntary
[    0.192869] Running RCU self tests
[    0.193417] rcu: Preemptible hierarchical RCU implementation.
[    0.194308] rcu: 	RCU lockdep checking is enabled.
[    0.195047] rcu: 	RCU restricting CPUs from NR_CPUS=8192 to nr_cpu_ids=2.
[    0.196097] 	Trampoline variant of Tasks RCU enabled.
[    0.196882] 	Rude variant of Tasks RCU enabled.
[    0.197582] 	Tracing variant of Tasks RCU enabled.
[    0.198322] rcu: RCU calculated value of scheduler-enlistment delay is 25 jiffies.
[    0.199493] rcu: Adjusting geometry for rcu_fanout_leaf=16, nr_cpu_ids=2
[    0.228067] NR_IRQS: 524544, nr_irqs: 440, preallocated irqs: 16
[    0.229345] rcu: srcu_init: Setting srcu_struct sizes based on contention.
[    0.245071] Console: colour VGA+ 80x25
[    0.245747] printk: console [ttyS0] enabled
[    0.245747] printk: console [ttyS0] enabled
[    0.247086] printk: bootconsole [earlyser0] disabled
[    0.247086] printk: bootconsole [earlyser0] disabled
[    0.248690] Lock dependency validator: Copyright (c) 2006 Red Hat, Inc., Ingo Molnar
[    0.249933] ... MAX_LOCKDEP_SUBCLASSES:  8
[    0.250603] ... MAX_LOCK_DEPTH:          48
[    0.251284] ... MAX_LOCKDEP_KEYS:        8192
[    0.251992] ... CLASSHASH_SIZE:          4096
[    0.252705] ... MAX_LOCKDEP_ENTRIES:     32768
[    0.253430] ... MAX_LOCKDEP_CHAINS:      65536
[    0.254152] ... CHAINHASH_SIZE:          32768
[    0.254875]  memory used by lock dependency info: 6365 kB
[    0.255751]  memory used for stack traces: 4224 kB
[    0.256533]  per task-struct memory footprint: 1920 bytes
[    0.257458] ACPI: Core revision 20220331
[    0.258422] clocksource: hpet: mask: 0xffffffff max_cycles: 0xffffffff, max_idle_ns: 19112604467 ns
[    0.260101] APIC: Switch to symmetric I/O mode setup
[    0.261337] x2apic enabled
[    0.262222] Switched APIC routing to physical x2apic.
[    0.263042] kvm-guest: setup PV IPIs
[    0.265639] ..TIMER: vector=0x30 apic1=0 pin1=2 apic2=-1 pin2=-1
[    0.266651] clocksource: tsc-early: mask: 0xffffffffffffffff max_cycles: 0xb9fb05486c, max_idle_ns: 440795231721 ns
[    0.268413] Calibrating delay loop (skipped) preset value.. 1612.80 BogoMIPS (lpj=3225600)
[    0.269742] pid_max: default: 32768 minimum: 301
[    0.270644] LSM: Security Framework initializing
[    0.271409] Yama: becoming mindful.
[    0.272564] Mount-cache hash table entries: 4096 (order: 3, 32768 bytes, linear)
[    0.273755] Mountpoint-cache hash table entries: 4096 (order: 3, 32768 bytes, linear)
[    0.276583] CPU0: Thermal monitoring enabled (TM1)
[    0.279182] x86/cpu: User Mode Instruction Prevention (UMIP) activated
[    0.281345] Last level iTLB entries: 4KB 0, 2MB 0, 4MB 0
[    0.282305] Last level dTLB entries: 4KB 0, 2MB 0, 4MB 0, 1GB 0
[    0.283359] Spectre V1 : Mitigation: usercopy/swapgs barriers and __user pointer sanitization
[    0.284428] Spectre V2 : WARNING: Unprivileged eBPF is enabled with eIBRS on, data leaks possible via Spectre v2 BHB attacks!
[    0.286222] Spectre V2 : Mitigation: Enhanced IBRS
[    0.286985] Spectre V2 : Spectre v2 / SpectreRSB mitigation: Filling RSB on context switch
[    0.288392] Spectre V2 : Spectre v2 / PBRSB-eIBRS: Retire a single CALL on VMEXIT
[    0.289569] Spectre V2 : mitigation: Enabling conditional Indirect Branch Prediction Barrier
[    0.290888] Speculative Store Bypass: Mitigation: Speculative Store Bypass disabled via prctl
[    0.292392] MMIO Stale Data: Unknown: No mitigations
[    0.398297] Freeing SMP alternatives memory: 56K
[    0.399762] smpboot: CPU0: Genuine Intel(R) 0000 (family: 0x6, model: 0xb7, stepping: 0x0)
[    0.400389] cblist_init_generic: Setting adjustable number of callback queues.
[    0.400389] cblist_init_generic: Setting shift to 1 and lim to 1.
[    0.400432] cblist_init_generic: Setting shift to 1 and lim to 1.
[    0.401446] cblist_init_generic: Setting shift to 1 and lim to 1.
[    0.402443] Running RCU-tasks wait API self tests
[    0.504501] Performance Events: Alderlake Hybrid events, full-width counters, Intel PMU driver.
[    0.506393] core: cpu_core PMU driver: 
[    0.506963] ... version:                2
[    0.507552] ... bit width:              48
[    0.508148] ... generic registers:      6
[    0.508397] ... value mask:             0000ffffffffffff
[    0.509160] ... max period:             00007fffffffffff
[    0.509921] ... fixed-purpose events:   3
[    0.510502] ... event mask:             0001000f0000003f
[    0.511517] rcu: Hierarchical SRCU implementation.
[    0.512213] rcu: 	Max phase no-delay instances is 1000.
[    0.515412] unchecked MSR access error: WRMSR to 0x38f (tried to write 0x0001000f0000003f) at rIP: 0xffffffff810ce49c (native_write_msr+0xc/0x30)
[    0.516389] Call Trace:
[    0.516389]  <TASK>
[    0.516389]  __intel_pmu_enable_all.constprop.46+0xb5/0x140
[    0.516389]  intel_pmu_enable_all+0x1e/0x30
[    0.516389]  x86_pmu_enable+0x46d/0x5a0
[    0.516389]  ? write_comp_data+0x2f/0x90
[    0.516389]  perf_pmu_enable+0x53/0x70
[    0.516389]  ctx_resched+0xab/0xf0
[    0.516389]  __perf_install_in_context+0x31b/0x480
[    0.516389]  ? perf_duration_warn+0x50/0x50
[    0.516389]  ? perf_duration_warn+0x50/0x50
[    0.516389]  remote_function+0x80/0xa0
[    0.516389]  ? perf_duration_warn+0x50/0x50
[    0.516389]  generic_exec_single+0x124/0x190
[    0.516389]  smp_call_function_single+0x11c/0x240
[    0.516389]  ? perf_duration_warn+0x50/0x50
[    0.516389]  ? __sanitizer_cov_trace_pc+0x25/0x60
[    0.516389]  ? write_comp_data+0x2f/0x90
[    0.516389]  perf_install_in_context+0x2e8/0x310
[    0.516389]  ? ctx_resched+0xf0/0xf0
[    0.516389]  perf_event_create_kernel_counter+0x16a/0x200
[    0.516389]  ? find_next_bit+0x30/0x30
[    0.516389]  hardlockup_detector_event_create+0x46/0xd0
[    0.516389]  hardlockup_detector_perf_init+0x18/0x66
[    0.516389]  watchdog_nmi_probe+0x17/0x1d
[    0.516389]  lockup_detector_init+0x40/0xaf
[    0.516389]  kernel_init_freeable+0x264/0x42e
[    0.516389]  ? __wait_for_common+0x19d/0x1f0
[    0.516389]  ? rest_init+0x240/0x240
[    0.516389]  kernel_init+0x24/0x1e0
[    0.516389]  ? rest_init+0x240/0x240
[    0.516389]  ret_from_fork+0x1f/0x30
[    0.516389]  </TASK>
[    0.516421] Callback from call_rcu_tasks_trace() invoked.
[    0.517405] smp: Bringing up secondary CPUs ...
[    0.519401] x86: Booting SMP configuration:
[    0.520041] .... node  #0, CPUs:      #1
[    0.520941] smp: Brought up 1 node, 2 CPUs
[    0.521695] smpboot: Max logical packages: 1
[    0.522319] smpboot: Total of 2 processors activated (3225.60 BogoMIPS)
[    0.532656] devtmpfs: initialized
[    0.533361] x86/mm: Memory block size: 128MB
[    0.536827] clocksource: jiffies: mask: 0xffffffff max_cycles: 0xffffffff, max_idle_ns: 7645041785100000 ns
[    0.538271] futex hash table entries: 512 (order: 4, 65536 bytes, linear)
[    0.539579] pinctrl core: initialized pinctrl subsystem
[    0.540979] 
[    0.541213] *************************************************************
[    0.542203] **     NOTICE NOTICE NOTICE NOTICE NOTICE NOTICE NOTICE    **
[    0.543182] **                                                         **
[    0.544161] **  IOMMU DebugFS SUPPORT HAS BEEN ENABLED IN THIS KERNEL  **
[    0.544395] **                                                         **
[    0.545374] ** This means that this kernel is built to expose internal **
[    0.546363] ** IOMMU data structures, which may compromise security on **
[    0.547351] ** your system.                                            **
[    0.548343] **                                                         **
[    0.548395] ** If you see this message and you are not debugging the   **
[    0.549380] ** kernel, report this immediately to your vendor!         **
[    0.550364] **                                                         **
[    0.551350] **     NOTICE NOTICE NOTICE NOTICE NOTICE NOTICE NOTICE    **
[    0.552340] *************************************************************
[    0.552497] PM: RTC time: 10:26:48, date: 2023-03-06
[    0.558187] NET: Registered PF_NETLINK/PF_ROUTE protocol family
[    0.559653] DMA: preallocated 256 KiB GFP_KERNEL pool for atomic allocations
[    0.560433] DMA: preallocated 256 KiB GFP_KERNEL|GFP_DMA pool for atomic allocations
[    0.561570] DMA: preallocated 256 KiB GFP_KERNEL|GFP_DMA32 pool for atomic allocations
[    0.562785] audit: initializing netlink subsys (disabled)
[    0.563635] audit: type=2000 audit(1678098408.721:1): state=initialized audit_enabled=0 res=1
[    0.563635] thermal_sys: Registered thermal governor 'fair_share'
[    0.563635] thermal_sys: Registered thermal governor 'bang_bang'
[    0.564399] thermal_sys: Registered thermal governor 'step_wise'
[    0.565276] thermal_sys: Registered thermal governor 'user_space'
[    0.566196] cpuidle: using governor ladder
[    0.568414] cpuidle: using governor menu
[    0.569342] acpiphp: ACPI Hot Plug PCI Controller Driver version: 0.5
[    0.570684] PCI: Using configuration type 1 for base access
[    0.585911] kprobes: kprobe jump-optimization is enabled. All kprobes are optimized if possible.
[    0.814125] HugeTLB: registered 1.00 GiB page size, pre-allocated 0 pages
[    0.815533] HugeTLB: 16380 KiB vmemmap can be freed for a 1.00 GiB page
[    0.816457] HugeTLB: registered 2.00 MiB page size, pre-allocated 0 pages
[    0.817820] HugeTLB: 28 KiB vmemmap can be freed for a 2.00 MiB page
[    0.821418] ACPI: Added _OSI(Module Device)
[    0.822284] ACPI: Added _OSI(Processor Device)
[    0.823193] ACPI: Added _OSI(3.0 _SCP Extensions)
[    0.824146] ACPI: Added _OSI(Processor Aggregator Device)
[    0.834695] ACPI: 1 ACPI AML tables successfully acquired and loaded
[    0.839761] ACPI: Interpreter enabled
[    0.840508] ACPI: PM: (supports S0 S3 S4 S5)
[    0.841378] ACPI: Using IOAPIC for interrupt routing
[    0.842428] PCI: Using host bridge windows from ACPI; if necessary, use "pci=nocrs" and report a bug
[    0.844258] PCI: Using E820 reservations for host bridge windows
[    0.845154] ACPI: Enabled 2 GPEs in block 00 to 0F
[    0.864025] ACPI: PCI Root Bridge [PCI0] (domain 0000 [bus 00-ff])
[    0.864417] acpi PNP0A03:00: _OSC: OS supports [ASPM ClockPM Segments MSI EDR HPX-Type3]
[    0.866046] acpi PNP0A03:00: _OSC: not requesting OS control; OS requires [ExtendedConfig ASPM ClockPM MSI]
[    0.868065] acpi PNP0A03:00: fail to add MMCONFIG information, can't access extended PCI configuration space under this bridge.
[    0.871015] acpiphp: Slot [3] registered
[    0.871894] acpiphp: Slot [4] registered
[    0.872475] acpiphp: Slot [5] registered
[    0.873348] acpiphp: Slot [6] registered
[    0.874236] acpiphp: Slot [7] registered
[    0.875126] acpiphp: Slot [8] registered
[    0.876000] acpiphp: Slot [9] registered
[    0.876474] acpiphp: Slot [10] registered
[    0.877365] acpiphp: Slot [11] registered
[    0.878277] acpiphp: Slot [12] registered
[    0.879172] acpiphp: Slot [13] registered
[    0.880064] acpiphp: Slot [14] registered
[    0.880474] acpiphp: Slot [15] registered
[    0.881377] acpiphp: Slot [16] registered
[    0.882271] acpiphp: Slot [17] registered
[    0.883176] acpiphp: Slot [18] registered
[    0.884192] acpiphp: Slot [19] registered
[    0.884477] acpiphp: Slot [20] registered
[    0.885398] acpiphp: Slot [21] registered
[    0.886291] acpiphp: Slot [22] registered
[    0.887195] acpiphp: Slot [23] registered
[    0.888087] acpiphp: Slot [24] registered
[    0.888474] acpiphp: Slot [25] registered
[    0.889386] acpiphp: Slot [26] registered
[    0.890278] acpiphp: Slot [27] registered
[    0.891171] acpiphp: Slot [28] registered
[    0.892063] acpiphp: Slot [29] registered
[    0.892474] acpiphp: Slot [30] registered
[    0.893379] acpiphp: Slot [31] registered
[    0.894230] PCI host bridge to bus 0000:00
[    0.895069] pci_bus 0000:00: root bus resource [io  0x0000-0x0cf7 window]
[    0.896398] pci_bus 0000:00: root bus resource [io  0x0d00-0xffff window]
[    0.897762] pci_bus 0000:00: root bus resource [mem 0x000a0000-0x000bffff window]
[    0.899263] pci_bus 0000:00: root bus resource [mem 0x80000000-0xfebfffff window]
[    0.900398] pci_bus 0000:00: root bus resource [mem 0x100000000-0x17fffffff window]
[    0.901933] pci_bus 0000:00: root bus resource [bus 00-ff]
[    0.903200] pci 0000:00:00.0: [8086:1237] type 00 class 0x060000
[    0.908064] pci 0000:00:01.0: [8086:7000] type 00 class 0x060100
[    0.909737] pci 0000:00:01.1: [8086:7010] type 00 class 0x010180
[    0.912699] pci 0000:00:01.1: reg 0x20: [io  0xc040-0xc04f]
[    0.914659] pci 0000:00:01.1: legacy IDE quirk: reg 0x10: [io  0x01f0-0x01f7]
[    0.916098] pci 0000:00:01.1: legacy IDE quirk: reg 0x14: [io  0x03f6]
[    0.916410] pci 0000:00:01.1: legacy IDE quirk: reg 0x18: [io  0x0170-0x0177]
[    0.917866] pci 0000:00:01.1: legacy IDE quirk: reg 0x1c: [io  0x0376]
[    0.919637] pci 0000:00:01.3: [8086:7113] type 00 class 0x068000
[    0.921255] pci 0000:00:01.3: quirk: [io  0x0600-0x063f] claimed by PIIX4 ACPI
[    0.922753] pci 0000:00:01.3: quirk: [io  0x0700-0x070f] claimed by PIIX4 SMB
[    0.924740] pci 0000:00:02.0: [1234:1111] type 00 class 0x030000
[    0.928526] pci 0000:00:02.0: reg 0x10: [mem 0xfd000000-0xfdffffff pref]
[    0.932345] pci 0000:00:02.0: reg 0x18: [mem 0xfebf0000-0xfebf0fff]
[    0.938160] pci 0000:00:02.0: reg 0x30: [mem 0xfebe0000-0xfebeffff pref]
[    0.940389] pci 0000:00:02.0: Video device with shadowed ROM at [mem 0x000c0000-0x000dffff]
[    0.946044] pci 0000:00:03.0: [8086:100e] type 00 class 0x020000
[    0.947931] pci 0000:00:03.0: reg 0x10: [mem 0xfebc0000-0xfebdffff]
[    0.948909] pci 0000:00:03.0: reg 0x14: [io  0xc000-0xc03f]
[    0.952403] pci 0000:00:03.0: reg 0x30: [mem 0xfeb80000-0xfebbffff pref]
[    0.991559] ACPI: PCI: Interrupt link LNKA configured for IRQ 10
[    0.992814] ACPI: PCI: Interrupt link LNKB configured for IRQ 10
[    0.994369] ACPI: PCI: Interrupt link LNKC configured for IRQ 11
[    0.995917] ACPI: PCI: Interrupt link LNKD configured for IRQ 11
[    0.996597] ACPI: PCI: Interrupt link LNKS configured for IRQ 9
[    0.999620] iommu: Default domain type: Translated 
[    1.000398] iommu: DMA domain TLB invalidation policy: lazy mode 
[    1.003253] SCSI subsystem initialized
[    1.004409] ACPI: bus type USB registered
[    1.005293] usbcore: registered new interface driver usbfs
[    1.006381] usbcore: registered new interface driver hub
[    1.007431] usbcore: registered new device driver usb
[    1.008540] pps_core: LinuxPPS API ver. 1 registered
[    1.009515] pps_core: Software ver. 5.3.6 - Copyright 2005-2007 Rodolfo Giometti <giometti@linux.it>
[    1.011239] PTP clock support registered
[    1.012275] EDAC MC: Ver: 3.0.0
[    1.014495] NetLabel: Initializing
[    1.015169] NetLabel:  domain hash size = 128
[    1.016017] NetLabel:  protocols = UNLABELED CIPSOv4 CALIPSO
[    1.016502] NetLabel:  unlabeled traffic allowed by default
[    1.018122] PCI: Using ACPI for IRQ routing
[    1.019319] pci 0000:00:02.0: vgaarb: setting as boot VGA device
[    1.020389] pci 0000:00:02.0: vgaarb: bridge control possible
[    1.020389] pci 0000:00:02.0: vgaarb: VGA device added: decodes=io+mem,owns=io+mem,locks=none
[    1.020398] vgaarb: loaded
[    1.021989] hpet0: at MMIO 0xfed00000, IRQs 2, 8, 0
[    1.022951] hpet0: 3 comparators, 64-bit 100.000000 MHz counter
[    3.526400] Callback from call_rcu_tasks_rude() invoked.
[    3.527661] clocksource: Switched to clocksource kvm-clock
[    3.640590] Callback from call_rcu_tasks() invoked.
[    3.719548] VFS: Disk quotas dquot_6.6.0
[    3.720273] VFS: Dquot-cache hash table entries: 512 (order 0, 4096 bytes)
[    3.721751] pnp: PnP ACPI init
[    3.724144] pnp: PnP ACPI: found 6 devices
[    3.739895] clocksource: acpi_pm: mask: 0xffffff max_cycles: 0xffffff, max_idle_ns: 2085701024 ns
[    3.741727] NET: Registered PF_INET protocol family
[    3.742945] IP idents hash table entries: 32768 (order: 6, 262144 bytes, linear)
[    3.745231] tcp_listen_portaddr_hash hash table entries: 1024 (order: 4, 73728 bytes, linear)
[    3.746692] Table-perturb hash table entries: 65536 (order: 6, 262144 bytes, linear)
[    3.747995] TCP established hash table entries: 16384 (order: 5, 131072 bytes, linear)
[    3.749639] TCP bind hash table entries: 16384 (order: 9, 2359296 bytes, linear)
[    3.752985] TCP: Hash tables configured (established 16384 bind 16384)
[    3.754310] UDP hash table entries: 1024 (order: 5, 163840 bytes, linear)
[    3.755471] UDP-Lite hash table entries: 1024 (order: 5, 163840 bytes, linear)
[    3.756797] NET: Registered PF_UNIX/PF_LOCAL protocol family
[    3.758666] RPC: Registered named UNIX socket transport module.
[    3.759705] RPC: Registered udp transport module.
[    3.760522] RPC: Registered tcp transport module.
[    3.761311] RPC: Registered tcp NFSv4.1 backchannel transport module.
[    3.762407] pci_bus 0000:00: resource 4 [io  0x0000-0x0cf7 window]
[    3.763437] pci_bus 0000:00: resource 5 [io  0x0d00-0xffff window]
[    3.764487] pci_bus 0000:00: resource 6 [mem 0x000a0000-0x000bffff window]
[    3.765628] pci_bus 0000:00: resource 7 [mem 0x80000000-0xfebfffff window]
[    3.766769] pci_bus 0000:00: resource 8 [mem 0x100000000-0x17fffffff window]
[    3.768175] pci 0000:00:01.0: PIIX3: Enabling Passive Release
[    3.769168] pci 0000:00:00.0: Limiting direct PCI/PCI transfers
[    3.770298] PCI: CLS 0 bytes, default 64
[    3.771336] ACPI: bus type thunderbolt registered
[    3.772511] clocksource: tsc: mask: 0xffffffffffffffff max_cycles: 0xb9fb05486c, max_idle_ns: 440795231721 ns
[    3.779106] Initialise system trusted keyrings
[    3.779964] Key type blacklist registered
[    3.780975] workingset: timestamp_bits=36 max_order=19 bucket_order=0
[    3.791887] zbud: loaded
[    3.794382] squashfs: version 4.0 (2009/01/31) Phillip Lougher
[    3.796877] NFS: Registering the id_resolver key type
[    3.797748] Key type id_resolver registered
[    3.798451] Key type id_legacy registered
[    3.799234] nfs4filelayout_init: NFSv4 File Layout Driver Registering...
[    3.800379] nfs4flexfilelayout_init: NFSv4 Flexfile Layout Driver Registering...
[    3.801742] fuse: init (API version 7.37)
[    3.802694] SGI XFS with ACLs, security attributes, realtime, quota, no debug enabled
[    3.806700] 9p: Installing v9fs 9p2000 file system support
[    3.814477] Key type asymmetric registered
[    3.815199] Asymmetric key parser 'x509' registered
[    3.818071] alg: self-tests for CTR-KDF (hmac(sha256)) passed
[    3.819088] Block layer SCSI generic (bsg) driver version 0.4 loaded (major 243)
[    3.820505] io scheduler mq-deadline registered
[    3.821379] io scheduler bfq registered
[    3.823138] shpchp: Standard Hot Plug PCI Controller Driver version: 0.4
[    3.824726] IPMI message handler: version 39.2
[    3.825516] ipmi device interface
[    3.827588] input: Power Button as /devices/LNXSYSTM:00/LNXPWRBN:00/input/input0
[    3.829021] ACPI: button: Power Button [PWRF]
[    3.830705] ERST DBG: ERST support is disabled.
[    3.831982] Serial: 8250/16550 driver, 32 ports, IRQ sharing enabled
[    3.833756] 00:04: ttyS0 at I/O 0x3f8 (irq = 4, base_baud = 115200) is a 16550A
[    3.843132] Linux agpgart interface v0.103
[    3.844375] ACPI: bus type drm_connector registered
[    3.856909] brd: module loaded
[    3.864891] loop: module loaded
[    3.869526] scsi host0: ata_piix
[    3.870615] scsi host1: ata_piix
[    3.871334] ata1: PATA max MWDMA2 cmd 0x1f0 ctl 0x3f6 bmdma 0xc040 irq 14
[    3.872486] ata2: PATA max MWDMA2 cmd 0x170 ctl 0x376 bmdma 0xc048 irq 15
[    3.875421] tun: Universal TUN/TAP device driver, 1.6
[    3.876431] e100: Intel(R) PRO/100 Network Driver
[    3.877215] e100: Copyright(c) 1999-2006 Intel Corporation
[    3.878161] e1000: Intel(R) PRO/1000 Network Driver
[    3.878985] e1000: Copyright (c) 1999-2006 Intel Corporation.
[    4.032724] ata1: found unknown device (class 0)
[    4.034246] ata1.00: ATA-7: QEMU HARDDISK, 2.5+, max UDMA/100
[    4.035199] ata1.00: 16777216 sectors, multi 16: LBA48 
[    4.036527] ata2: found unknown device (class 0)
[    4.038204] ata2.00: ATAPI: QEMU DVD-ROM, 2.5+, max UDMA/100
[    4.038598] scsi 0:0:0:0: Direct-Access     ATA      QEMU HARDDISK    2.5+ PQ: 0 ANSI: 5
[    4.041438] scsi 0:0:0:0: Attached scsi generic sg0 type 0
[    4.042959] scsi 1:0:0:0: CD-ROM            QEMU     QEMU DVD-ROM     2.5+ PQ: 0 ANSI: 5
[    4.045200] sd 0:0:0:0: [sda] 16777216 512-byte logical blocks: (8.59 GB/8.00 GiB)
[    4.046765] sd 0:0:0:0: [sda] Write Protect is off
[    4.047879] sd 0:0:0:0: [sda] Write cache: enabled, read cache: enabled, doesn't support DPO or FUA
[    4.049446] sd 0:0:0:0: [sda] Preferred minimum I/O size 512 bytes
[    4.052515] ACPI: \_SB_.LNKC: Enabled at IRQ 11
[    4.070749] sd 0:0:0:0: [sda] Attached SCSI disk
[    4.085441] scsi 1:0:0:0: Attached scsi generic sg1 type 5
[    4.409907] e1000 0000:00:03.0 eth0: (PCI:33MHz:32-bit) 52:54:00:12:34:56
[    4.410970] e1000 0000:00:03.0 eth0: Intel(R) PRO/1000 Network Connection
[    4.412081] e1000e: Intel(R) PRO/1000 Network Driver
[    4.412838] e1000e: Copyright(c) 1999 - 2015 Intel Corporation.
[    4.413774] igb: Intel(R) Gigabit Ethernet Network Driver
[    4.414574] igb: Copyright (c) 2007-2014 Intel Corporation.
[    4.415493] PPP generic driver version 2.4.2
[    4.416692] VFIO - User Level meta-driver version: 0.3
[    4.417938] usbcore: registered new interface driver uas
[    4.418762] usbcore: registered new interface driver usb-storage
[    4.419791] i8042: PNP: PS/2 Controller [PNP0303:KBD,PNP0f13:MOU] at 0x60,0x64 irq 1,12
[    4.421937] serio: i8042 KBD port at 0x60,0x64 irq 1
[    4.422716] serio: i8042 AUX port at 0x60,0x64 irq 12
[    4.424032] mousedev: PS/2 mouse device common for all mice
[    4.425727] input: AT Translated Set 2 keyboard as /devices/platform/i8042/serio0/input/input1
[    4.427911] input: VirtualPS/2 VMware VMMouse as /devices/platform/i8042/serio1/input/input4
[    4.428482] rtc_cmos 00:05: RTC can wake from S4
[    4.429795] input: VirtualPS/2 VMware VMMouse as /devices/platform/i8042/serio1/input/input3
[    4.431205] rtc_cmos 00:05: registered as rtc0
[    4.431969] rtc_cmos 00:05: setting system clock to 2023-03-06T10:26:51 UTC (1678098411)
[    4.433979] rtc_cmos 00:05: alarms up to one day, y3k, 242 bytes nvram, hpet irqs
[    4.435119] i2c_dev: i2c /dev entries driver
[    4.435853] device-mapper: core: CONFIG_IMA_DISABLE_HTABLE is disabled. Duplicate IMA measurements will not be recorded in the IMA log.
[    4.437662] device-mapper: uevent: version 1.0.3
[    4.438599] device-mapper: ioctl: 4.47.0-ioctl (2022-07-28) initialised: dm-devel@redhat.com
[    4.439788] intel_pstate: CPU model not supported
[    4.440547] sdhci: Secure Digital Host Controller Interface driver
[    4.441413] sdhci: Copyright(c) Pierre Ossman
[    4.442098] sdhci-pltfm: SDHCI platform and OF driver helper
[    4.443050] ledtrig-cpu: registered to indicate activity on CPUs
[    4.444201] drop_monitor: Initializing network drop monitor service
[    4.445529] NET: Registered PF_INET6 protocol family
[    4.447895] Segment Routing with IPv6
[    4.448473] In-situ OAM (IOAM) with IPv6
[    4.449069] NET: Registered PF_PACKET protocol family
[    4.450040] 9pnet: Installing 9P2000 support
[    4.450716] Key type dns_resolver registered
[    4.452113] IPI shorthand broadcast: enabled
[    4.452811] sched_clock: Marking stable (4422786321, 29953443)->(4509276272, -56536508)
[    4.454524] registered taskstats version 1
[    4.455310] Loading compiled-in X.509 certificates
[    4.456256] zswap: loaded using pool lzo/zbud
[    4.457368] Key type .fscrypt registered
[    4.457940] Key type fscrypt-provisioning registered
[    4.459588] Key type encrypted registered
[    4.460210] ima: No TPM chip found, activating TPM-bypass!
[    4.461033] ima: Allocated hash algorithm: sha1
[    4.461733] ima: No architecture policies found
[    4.462451] evm: Initialising EVM extended attributes:
[    4.463186] evm: security.selinux
[    4.463677] evm: security.SMACK64
[    4.464158] evm: security.SMACK64EXEC
[    4.464706] evm: security.SMACK64TRANSMUTE
[    4.465298] evm: security.SMACK64MMAP
[    4.465826] evm: security.apparmor
[    4.466321] evm: security.ima
[    4.466755] evm: security.capability
[    4.467274] evm: HMAC attrs: 0x1
[    4.472541] PM:   Magic number: 15:863:425
[    4.473600] RAS: Correctable Errors collector initialized.
[    4.475558] md: Waiting for all devices to be available before autodetect
[    4.476260] md: If you don't use raid, use raid=noautodetect
[    4.476883] md: Autodetecting RAID arrays.
[    4.477319] md: autorun ...
[    4.477618] md: ... autorun DONE.
[    4.484000] EXT4-fs (sda): mounted filesystem with ordered data mode. Quota mode: none.
[    4.484908] VFS: Mounted root (ext4 filesystem) readonly on device 8:0.
[    4.487302] devtmpfs: mounted
[    4.495085] Freeing unused decrypted memory: 2036K
[    4.499318] Freeing unused kernel image (initmem) memory: 3668K
[    4.504472] Write protecting the kernel read-only data: 43008k
[    4.508975] Freeing unused kernel image (text/rodata gap) memory: 2028K
[    4.510214] Freeing unused kernel image (rodata/data gap) memory: 360K
[    4.598603] x86/mm: Checked W+X mappings: passed, no W+X pages found.
[    4.599453] Run /sbin/init as init process
[    4.702617] systemd[1]: RTC configured in localtime, applying delta of 0 minutes to system time.
[    4.730101] systemd[1]: systemd 239 (239-49.el8) running in system mode. (+PAM +AUDIT +SELINUX +IMA -APPARMOR +SMACK +SYSVINIT +UTMP +LIBCRYPTSETUP +GCRYPT +GNUTLS +ACL +XZ +LZ4 +SECCOMP +BLKID +ELFUTILS +KMOD +IDN2 -IDN +PCRE2 default-hierarchy=legacy)
[    4.732568] systemd[1]: Detected virtualization kvm.
[    4.733119] systemd[1]: Detected architecture x86-64.

Welcome to [0;31mCentOS Stream 8[0m!

[    4.795697] systemd[1]: Set hostname to <test>.
[    5.860459] random: crng init done
[    5.967841] systemd[1]: Listening on initctl Compatibility Named Pipe.
[[0;32m  OK  [0m] Listening on initctl Compatibility Named Pipe.
[    5.972010] systemd[1]: Created slice system-sshd\x2dkeygen.slice.
[[0;32m  OK  [0m] Created slice system-sshd\x2dkeygen.slice.
[    5.974237] systemd[1]: Created slice system-getty.slice.
[[0;32m  OK  [0m] Created slice system-getty.slice.
[    5.975683] systemd[1]: Listening on Device-mapper event daemon FIFOs.
[[0;32m  OK  [0m] Listening on Device-mapper event daemon FIFOs.
[    5.977970] systemd[1]: Created slice system-serial\x2dgetty.slice.
[[0;32m  OK  [0m] Created slice system-serial\x2dgetty.slice.
[    5.979615] systemd[1]: Listening on udev Kernel Socket.
[[0;32m  OK  [0m] Listening on udev Kernel Socket.
[[0;32m  OK  [0m] Listening on udev Control Socket.
[[0;32m  OK  [0m] Listening on RPCbind Server Activation Socket.
[[0;32m  OK  [0m] Reached target RPC Port Mapper.
[[0;32m  OK  [0m] Set up automount Arbitrary Executabâ€¦rmats File System Automount Point.
[[0;32m  OK  [0m] Reached target Swap.
[[0;32m  OK  [0m] Listening on Journal Socket.
         Mounting Huge Pages File System...
         Starting Load Kernel Modules...
         Starting Monitoring of LVM2 mirrorsâ€¦ng dmeventd or progress polling...
         Starting udev Coldplug all Devices...
[[0;32m  OK  [0m] Started Forward Password Requests to Wall Directory Watch.
[[0;32m  OK  [0m] Listening on multipathd control socket.
[[0;32m  OK  [0m] Listening on Process Core Dump Socket.
         Mounting Kernel Debug File System...
         Starting Setup Virtual Console...
[[0;32m  OK  [0m] Listening on Journal Socket (/dev/log).
         Starting Journal Service...
[[0;32m  OK  [0m] Listening on LVM2 poll daemon socket.
         Starting Remount Root and Kernel File Systems...
[[0;32m  OK  [0m] Created slice User and Session Slice.
[[0;32m  OK  [0m] Reached target Slices.
         Mounting POSIX Message Queue File System...
[[0;32m  OK  [0m] Started Journal Service.
[[0;32m  OK  [0m] Mounted Huge Pages File System.
[[0;1;31mFAILED[0m] Failed to start Load Kernel Modules.
See 'systemctl status systemd-modules-load.service' for details.
[[0;32m  OK  [0m] Mounted Kernel Debug File System.
[[0;32m  OK  [0m] Mounted POSIX Message Queue File System.
[    6.397193] EXT4-fs (sda): re-mounted. Quota mode: none.
         Mounting Kernel Configuration File System...
         Starting Apply Kernel Variables...
         Mounting FUSE Control File System...
[[0;32m  OK  [0m] Started Setup Virtual Console.
[[0;32m  OK  [0m] Started Remount Root and Kernel File Systems.
[[0;32m  OK  [0m] Started udev Coldplug all Devices.
[[0;32m  OK  [0m] Mounted Kernel Configuration File System.
[[0;32m  OK  [0m] Mounted FUSE Control File System.
         Starting udev Wait for Complete Device Initialization...
         Starting Flush Journal to Persistent Storage...
         Starting Create Static Device Nodes in /dev...
         Starting Load/Save Random Seed...
[[0;32m  OK  [0m] Started Apply Kernel Variables.
[[0;32m  OK  [0m] Started Load/Save Random Seed.
[[0;32m  OK  [0m] Started Flush Journal to Persistent Storage.
[[0;32m  OK  [0m] Started Create Static Device Nodes in /dev.
         Starting udev Kernel Device Manager...
[[0;32m  OK  [0m] Started udev Kernel Device Manager.
         Starting Show Plymouth Boot Screen...
[[0;32m  OK  [0m] Started Show Plymouth Boot Screen.
[[0;32m  OK  [0m] Started Forward Password Requests to Plymouth Directory Watch.
[[0;32m  OK  [0m] Reached target Local Encrypted Volumes.
[[0;32m  OK  [0m] Reached target Paths.
[[0;32m  OK  [0m] Found device /dev/ttyS0.
[[0;32m  OK  [0m] Started Monitoring of LVM2 mirrors,â€¦sing dmeventd or progress polling.
[[0;32m  OK  [0m] Started udev Wait for Complete Device Initialization.
[[0;32m  OK  [0m] Listening on Load/Save RF Kill Switch Status /dev/rfkill Watch.
[[0;32m  OK  [0m] Reached target Local File Systems (Pre).
[[0;32m  OK  [0m] Reached target Local File Systems.
         Starting Tell Plymouth To Write Out Runtime Data...
         Starting Restore /run/initramfs on shutdown...
         Starting Create Volatile Files and Directories...
[[0;32m  OK  [0m] Started Tell Plymouth To Write Out Runtime Data.
[[0;32m  OK  [0m] Started Restore /run/initramfs on shutdown.
[[0;32m  OK  [0m] Started Create Volatile Files and Directories.
         Starting RPC Bind...
         Starting Security Auditing Service...
         Mounting RPC Pipe File System...
[[0;32m  OK  [0m] Mounted RPC Pipe File System.
[[0;32m  OK  [0m] Reached target rpc_pipefs.target.
[[0;32m  OK  [0m] Started RPC Bind.
[[0;32m  OK  [0m] Started Security Auditing Service.
         Starting Update UTMP about System Boot/Shutdown...
[[0;32m  OK  [0m] Started Update UTMP about System Boot/Shutdown.
[[0;32m  OK  [0m] Reached target System Initialization.
[[0;32m  OK  [0m] Listening on SSSD Kerberos Cache Manager responder socket.
[[0;32m  OK  [0m] Started Daily Cleanup of Temporary Directories.
[[0;32m  OK  [0m] Started dnf makecache --timer.
[[0;32m  OK  [0m] Started daily update of the root trust anchor for DNSSEC.
[[0;32m  OK  [0m] Reached target Timers.
[[0;32m  OK  [0m] Listening on D-Bus System Message Bus Socket.
[[0;32m  OK  [0m] Reached target Sockets.
[[0;32m  OK  [0m] Reached target Basic System.
         Starting Login Service...
[[0;32m  OK  [0m] Started irqbalance daemon.
         Starting Auto-connect to subsystemsâ€¦-NVME devices found during boot...
[[0;32m  OK  [0m] Started D-Bus System Message Bus.
         Starting Self Monitoring and Reporting Technology (SMART) Daemon...
         Starting Network Manager...
         Starting Authorization Manager...
[[0;32m  OK  [0m] Started Machine Check Exception Logging Daemon.
         Starting NTP client/server...
[[0;32m  OK  [0m] Reached target sshd-keygen.target.
[[0;32m  OK  [0m] Started Self Monitoring and Reporting Technology (SMART) Daemon.
[[0;32m  OK  [0m] Started Auto-connect to subsystems â€¦FC-NVME devices found during boot.
         Starting update of the root trust aâ€¦or DNSSEC validation in unbound...
[[0;32m  OK  [0m] Started Login Service.
[[0;32m  OK  [0m] Started Network Manager.
         Starting Network Manager Wait Online...
[[0;32m  OK  [0m] Reached target Network.
         Starting Dynamic System Tuning Daemon...
         Starting GSSAPI Proxy Daemon...
         Starting OpenSSH server daemon...
[[0;32m  OK  [0m] Started update of the root trust anâ€¦ for DNSSEC validation in unbound.
[[0;32m  OK  [0m] Started NTP client/server.
         Starting Hostname Service...
[[0;32m  OK  [0m] Started Authorization Manager.
[[0;32m  OK  [0m] Started OpenSSH server daemon.
[[0;32m  OK  [0m] Started GSSAPI Proxy Daemon.
[[0;32m  OK  [0m] Reached target NFS client services.
[[0;32m  OK  [0m] Reached target Remote File Systems (Pre).
[[0;32m  OK  [0m] Reached target Remote File Systems.
         Starting Permit User Sessions...
[[0;32m  OK  [0m] Started Permit User Sessions.
[[0;32m  OK  [0m] Started Command Scheduler.
         Starting Hold until boot process finishes up...
         Starting Terminate Plymouth Boot Screen...
[    8.740640] e1000: eth0 NIC Link is Up 1000 Mbps Full Duplex, Flow Control: RX
[    8.742327] IPv6: ADDRCONF(NETDEV_CHANGE): eth0: link becomes ready
[    9.013842] Spectre V2 : WARNING: Unprivileged eBPF is enabled with eIBRS on, data leaks possible via Spectre v2 BHB attacks!
[    9.015336] Spectre V2 : WARNING: Unprivileged eBPF is enabled with eIBRS on, data leaks possible via Spectre v2 BHB attacks!

CentOS Stream 8
Kernel 6.1.0-rc7-ee9a113ab634+ on an x86_64

test login: [   49.144522] ------------[ cut here ]------------
[   49.145276] refcount_t: addition on 0; use-after-free.
[   49.146178] WARNING: CPU: 0 PID: 847 at lib/refcount.c:25 refcount_warn_saturate+0xe6/0x1c0
[   49.147359] Modules linked in:
[   49.147812] CPU: 0 PID: 847 Comm: kworker/u4:7 Not tainted 6.1.0-rc7-ee9a113ab634+ #1
[   49.148919] Hardware name: QEMU Standard PC (i440FX + PIIX, 1996), BIOS rel-1.16.0-0-gd239552ce722-prebuilt.qemu.org 04/01/2014
[   49.150494] Workqueue: events_unbound bpf_map_free_deferred
[   49.151302] RIP: 0010:refcount_warn_saturate+0xe6/0x1c0
[   49.152047] Code: 1d e8 34 13 02 31 ff 89 de e8 26 af 5d ff 84 db 75 97 e8 0d ae 5d ff 48 c7 c7 68 f7 7f 83 c6 05 c8 34 13 02 01 e8 b2 15 00 01 <0f> 0b e9 78 ff ff ff e8 ee ad 5d ff 0f b6 1d b2 34 13 02 31 ff 89
[   49.154542] RSP: 0018:ffffc90001167da0 EFLAGS: 00010286
[   49.155279] RAX: 0000000000000000 RBX: 0000000000000000 RCX: ffffffff811b94fb
[   49.156287] RDX: 0000000000000000 RSI: ffff88800c330000 RDI: 0000000000000002
[   49.157301] RBP: ffffc90001167db0 R08: 0000000000000000 R09: 0000000000000001
[   49.158294] R10: 0000000000000000 R11: 0000000000000001 R12: ffff88800ddfa600
[   49.159274] R13: 0000000000000000 R14: ffff8880173a0000 R15: ffff88800d5c5400
[   49.160267] FS:  0000000000000000(0000) GS:ffff88807dc00000(0000) knlGS:0000000000000000
[   49.161407] CS:  0010 DS: 0000 ES: 0000 CR0: 0000000080050033
[   49.162210] CR2: 00007ffdffaa6758 CR3: 0000000003a12006 CR4: 0000000000770ef0
[   49.163191] PKRU: 55555554
[   49.163588] Call Trace:
[   49.163963]  <TASK>
[   49.164279]  sock_map_free+0x349/0x350
[   49.164852]  bpf_map_free_deferred+0x124/0x290
[   49.165490]  process_one_work+0x3b1/0x960
[   49.166073]  worker_thread+0x52/0x660
[   49.166601]  ? process_one_work+0x960/0x960
[   49.167191]  kthread+0x161/0x1a0
[   49.167668]  ? kthread_complete_and_exit+0x40/0x40
[   49.168343]  ret_from_fork+0x1f/0x30
[   49.168911]  </TASK>
[   49.169245] irq event stamp: 46203
[   49.169725] hardirqs last  enabled at (46211): [<ffffffff811b8e71>] __up_console_sem+0x91/0xb0
[   49.170909] hardirqs last disabled at (46218): [<ffffffff811b8e56>] __up_console_sem+0x76/0xb0
[   49.172088] softirqs last  enabled at (45892): [<ffffffff8282abe3>] release_sock+0xc3/0xf0
[   49.173245] softirqs last disabled at (45890): [<ffffffff8282ab49>] release_sock+0x29/0xf0
[   49.174363] ---[ end trace 0000000000000000 ]---
[   49.175116] ------------[ cut here ]------------
[   49.175761] refcount_t: underflow; use-after-free.
[   49.176526] WARNING: CPU: 0 PID: 847 at lib/refcount.c:28 refcount_warn_saturate+0x15e/0x1c0
[   49.177738] Modules linked in:
[   49.178205] CPU: 0 PID: 847 Comm: kworker/u4:7 Tainted: G        W          6.1.0-rc7-ee9a113ab634+ #1
[   49.179553] Hardware name: QEMU Standard PC (i440FX + PIIX, 1996), BIOS rel-1.16.0-0-gd239552ce722-prebuilt.qemu.org 04/01/2014
[   49.181246] Workqueue: events_unbound bpf_map_free_deferred
[   49.182070] RIP: 0010:refcount_warn_saturate+0x15e/0x1c0
[   49.182864] Code: 02 31 ff 89 de e8 b2 ae 5d ff 84 db 0f 85 1f ff ff ff e8 95 ad 5d ff 48 c7 c7 98 f7 7f 83 c6 05 4f 34 13 02 01 e8 3a 15 00 01 <0f> 0b e9 00 ff ff ff e8 76 ad 5d ff 0f b6 1d 35 34 13 02 31 ff 89
[   49.185656] RSP: 0018:ffffc90001167da0 EFLAGS: 00010286
[   49.186446] RAX: 0000000000000000 RBX: 0000000000000000 RCX: ffffffff811b94fb
[   49.187500] RDX: 0000000000000000 RSI: ffff88800c330000 RDI: 0000000000000002
[   49.188572] RBP: ffffc90001167db0 R08: 0000000000000000 R09: 0000000000000001
[   49.189620] R10: 0000000000000000 R11: 0000000000000001 R12: ffff88800ddfa600
[   49.190671] R13: 0000000000000000 R14: ffff8880173a0000 R15: ffff88800d5c5400
[   49.191730] FS:  0000000000000000(0000) GS:ffff88807dc00000(0000) knlGS:0000000000000000
[   49.192940] CS:  0010 DS: 0000 ES: 0000 CR0: 0000000080050033
[   49.193797] CR2: 00007ffdffaa6758 CR3: 0000000003a12006 CR4: 0000000000770ef0
[   49.194863] PKRU: 55555554
[   49.195283] Call Trace:
[   49.195672]  <TASK>
[   49.196008]  sock_map_free+0x32e/0x350
[   49.196621]  bpf_map_free_deferred+0x124/0x290
[   49.197306]  process_one_work+0x3b1/0x960
[   49.197928]  worker_thread+0x52/0x660
[   49.198495]  ? process_one_work+0x960/0x960
[   49.199196]  kthread+0x161/0x1a0
[   49.199759]  ? kthread_complete_and_exit+0x40/0x40
[   49.200603]  ret_from_fork+0x1f/0x30
[   49.201241]  </TASK>
[   49.201624] irq event stamp: 46587
[   49.202199] hardirqs last  enabled at (46595): [<ffffffff811b8e71>] __up_console_sem+0x91/0xb0
[   49.203602] hardirqs last disabled at (46602): [<ffffffff811b8e56>] __up_console_sem+0x76/0xb0
[   49.205050] softirqs last  enabled at (46402): [<ffffffff83000329>] __do_softirq+0x329/0x490
[   49.206456] softirqs last disabled at (46361): [<ffffffff81112722>] irq_exit_rcu+0xd2/0x100
[   49.207837] ---[ end trace 0000000000000000 ]---
