c[?7l[2J[0mSeaBIOS (version rel-1.16.0-0-gd239552ce722-prebuilt.qemu.org)


iPXE (http://ipxe.org) 00:03.0 CA00 PCI2.10 PnP PMM+7FF91000+7FEF1000 CA00
Press Ctrl-B to configure iPXE (PCI 00:03.0)...                                                                               


Booting from ROM...
c[?7l[2J[    0.000000] Linux version 6.3.0-rc1-fe15c26ee26e+ (root@p-rpls01) (gcc (GCC) 8.5.0 20210514 (Red Hat 8.5.0-18), GNU ld version 2.36.1-2.el8) #1 SMP PREEMPT_DYNAMIC Tue Mar  7 21:05:51 CST 2023
[    0.000000] Command line: console=ttyS0 root=/dev/sda earlyprintk=serial net.ifnames=0 thunderbolt.dyndbg
[    0.000000] KERNEL supported cpus:
[    0.000000]   Intel GenuineIntel
[    0.000000]   AMD AuthenticAMD
[    0.000000]   Hygon HygonGenuine
[    0.000000]   Centaur CentaurHauls
[    0.000000]   zhaoxin   Shanghai  
[    0.000000] x86/fpu: Supporting XSAVE feature 0x001: 'x87 floating point registers'
[    0.000000] x86/fpu: Supporting XSAVE feature 0x002: 'SSE registers'
[    0.000000] x86/fpu: Supporting XSAVE feature 0x004: 'AVX registers'
[    0.000000] x86/fpu: Supporting XSAVE feature 0x200: 'Protection Keys User registers'
[    0.000000] x86/fpu: xstate_offset[2]:  576, xstate_sizes[2]:  256
[    0.000000] x86/fpu: xstate_offset[9]:  832, xstate_sizes[9]:    8
[    0.000000] x86/fpu: Enabled xstate features 0x207, context size is 840 bytes, using 'compacted' format.
[    0.000000] signal: max sigframe size: 3632
[    0.000000] BIOS-provided physical RAM map:
[    0.000000] BIOS-e820: [mem 0x0000000000000000-0x000000000009fbff] usable
[    0.000000] BIOS-e820: [mem 0x000000000009fc00-0x000000000009ffff] reserved
[    0.000000] BIOS-e820: [mem 0x00000000000f0000-0x00000000000fffff] reserved
[    0.000000] BIOS-e820: [mem 0x0000000000100000-0x000000007ffdffff] usable
[    0.000000] BIOS-e820: [mem 0x000000007ffe0000-0x000000007fffffff] reserved
[    0.000000] BIOS-e820: [mem 0x00000000feffc000-0x00000000feffffff] reserved
[    0.000000] BIOS-e820: [mem 0x00000000fffc0000-0x00000000ffffffff] reserved
[    0.000000] printk: bootconsole [earlyser0] enabled
[    0.000000] NX (Execute Disable) protection: active
[    0.000000] SMBIOS 2.8 present.
[    0.000000] DMI: QEMU Standard PC (i440FX + PIIX, 1996), BIOS rel-1.16.0-0-gd239552ce722-prebuilt.qemu.org 04/01/2014
[    0.000000] Hypervisor detected: KVM
[    0.000000] kvm-clock: Using msrs 4b564d01 and 4b564d00
[    0.000004] kvm-clock: using sched offset of 497180442 cycles
[    0.001138] clocksource: kvm-clock: mask: 0xffffffffffffffff max_cycles: 0x1cd42e4dffb, max_idle_ns: 881590591483 ns
[    0.004000] tsc: Detected 806.400 MHz processor
[    0.004000] last_pfn = 0x7ffe0 max_arch_pfn = 0x400000000
[    0.004000] x86/PAT: Configuration [0-7]: WB  WC  UC- UC  WB  WP  UC- WT  
[    0.004000] found SMP MP-table at [mem 0x000f5ba0-0x000f5baf]
[    0.004000] Using GB pages for direct mapping
[    0.004000] ACPI: Early table checksum verification disabled
[    0.004000] ACPI: RSDP 0x00000000000F59C0 000014 (v00 BOCHS )
[    0.004000] ACPI: RSDT 0x000000007FFE1951 000034 (v01 BOCHS  BXPC     00000001 BXPC 00000001)
[    0.004000] ACPI: FACP 0x000000007FFE17FD 000074 (v01 BOCHS  BXPC     00000001 BXPC 00000001)
[    0.004000] ACPI: DSDT 0x000000007FFE0040 0017BD (v01 BOCHS  BXPC     00000001 BXPC 00000001)
[    0.004000] ACPI: FACS 0x000000007FFE0000 000040
[    0.004000] ACPI: APIC 0x000000007FFE1871 000080 (v01 BOCHS  BXPC     00000001 BXPC 00000001)
[    0.004000] ACPI: HPET 0x000000007FFE18F1 000038 (v01 BOCHS  BXPC     00000001 BXPC 00000001)
[    0.004000] ACPI: WAET 0x000000007FFE1929 000028 (v01 BOCHS  BXPC     00000001 BXPC 00000001)
[    0.004000] ACPI: Reserving FACP table memory at [mem 0x7ffe17fd-0x7ffe1870]
[    0.004000] ACPI: Reserving DSDT table memory at [mem 0x7ffe0040-0x7ffe17fc]
[    0.004000] ACPI: Reserving FACS table memory at [mem 0x7ffe0000-0x7ffe003f]
[    0.004000] ACPI: Reserving APIC table memory at [mem 0x7ffe1871-0x7ffe18f0]
[    0.004000] ACPI: Reserving HPET table memory at [mem 0x7ffe18f1-0x7ffe1928]
[    0.004000] ACPI: Reserving WAET table memory at [mem 0x7ffe1929-0x7ffe1950]
[    0.004000] No NUMA configuration found
[    0.004000] Faking a node at [mem 0x0000000000000000-0x000000007ffdffff]
[    0.004000] NODE_DATA(0) allocated [mem 0x7ffb5000-0x7ffdffff]
[    0.004000] Zone ranges:
[    0.004000]   DMA      [mem 0x0000000000001000-0x0000000000ffffff]
[    0.004000]   DMA32    [mem 0x0000000001000000-0x000000007ffdffff]
[    0.004000]   Normal   empty
[    0.004000]   Device   empty
[    0.004000] Movable zone start for each node
[    0.004000] Early memory node ranges
[    0.004000]   node   0: [mem 0x0000000000001000-0x000000000009efff]
[    0.004000]   node   0: [mem 0x0000000000100000-0x000000007ffdffff]
[    0.004000] Initmem setup node 0 [mem 0x0000000000001000-0x000000007ffdffff]
[    0.004000] On node 0, zone DMA: 1 pages in unavailable ranges
[    0.004000] On node 0, zone DMA: 97 pages in unavailable ranges
[    0.004000] On node 0, zone DMA32: 32 pages in unavailable ranges
[    0.004000] ACPI: PM-Timer IO Port: 0x608
[    0.004000] ACPI: LAPIC_NMI (acpi_id[0xff] dfl dfl lint[0x1])
[    0.004000] IOAPIC[0]: apic_id 0, version 17, address 0xfec00000, GSI 0-23
[    0.004000] ACPI: INT_SRC_OVR (bus 0 bus_irq 0 global_irq 2 dfl dfl)
[    0.004000] ACPI: INT_SRC_OVR (bus 0 bus_irq 5 global_irq 5 high level)
[    0.004000] ACPI: INT_SRC_OVR (bus 0 bus_irq 9 global_irq 9 high level)
[    0.004000] ACPI: INT_SRC_OVR (bus 0 bus_irq 10 global_irq 10 high level)
[    0.004000] ACPI: INT_SRC_OVR (bus 0 bus_irq 11 global_irq 11 high level)
[    0.004000] ACPI: Using ACPI (MADT) for SMP configuration information
[    0.004000] ACPI: HPET id: 0x8086a201 base: 0xfed00000
[    0.004000] TSC deadline timer available
[    0.004000] smpboot: Allowing 2 CPUs, 0 hotplug CPUs
[    0.004000] kvm-guest: KVM setup pv remote TLB flush
[    0.004000] kvm-guest: setup PV sched yield
[    0.004000] PM: hibernation: Registered nosave memory: [mem 0x00000000-0x00000fff]
[    0.004000] PM: hibernation: Registered nosave memory: [mem 0x0009f000-0x0009ffff]
[    0.004000] PM: hibernation: Registered nosave memory: [mem 0x000a0000-0x000effff]
[    0.004000] PM: hibernation: Registered nosave memory: [mem 0x000f0000-0x000fffff]
[    0.004000] [mem 0x80000000-0xfeffbfff] available for PCI devices
[    0.004000] Booting paravirtualized kernel on KVM
[    0.004000] clocksource: refined-jiffies: mask: 0xffffffff max_cycles: 0xffffffff, max_idle_ns: 7645519600211568 ns
[    0.004000] setup_percpu: NR_CPUS:8192 nr_cpumask_bits:2 nr_cpu_ids:2 nr_node_ids:1
[    0.004000] percpu: Embedded 65 pages/cpu s229376 r8192 d28672 u1048576
[    0.004000] kvm-guest: PV spinlocks enabled
[    0.004000] PV qspinlock hash table entries: 256 (order: 0, 4096 bytes, linear)
[    0.004000] Fallback order for Node 0: 0 
[    0.004000] Built 1 zonelists, mobility grouping on.  Total pages: 515808
[    0.004000] Policy zone: DMA32
[    0.004000] Kernel command line: net.ifnames=0 console=ttyS0 root=/dev/sda earlyprintk=serial net.ifnames=0 thunderbolt.dyndbg
[    0.004000] random: crng init done
[    0.004000] Dentry cache hash table entries: 262144 (order: 9, 2097152 bytes, linear)
[    0.004000] Inode-cache hash table entries: 131072 (order: 8, 1048576 bytes, linear)
[    0.004000] mem auto-init: stack:off, heap alloc:off, heap free:off
[    0.004000] Memory: 1964884K/2096632K available (36864K kernel code, 4578K rwdata, 9848K rodata, 10508K init, 31780K bss, 131492K reserved, 0K cma-reserved)
[    0.004000] SLUB: HWalign=64, Order=0-3, MinObjects=0, CPUs=2, Nodes=1
[    0.004000] kmemleak: Kernel memory leak detector disabled
[    0.004000] ftrace: allocating 68736 entries in 269 pages
[    0.004000] ftrace: allocated 269 pages with 4 groups
[    0.004000] Dynamic Preempt: voluntary
[    0.004000] Running RCU self tests
[    0.004000] Running RCU synchronous self tests
[    0.004000] rcu: Preemptible hierarchical RCU implementation.
[    0.004000] rcu: 	RCU lockdep checking is enabled.
[    0.004000] rcu: 	RCU restricting CPUs from NR_CPUS=8192 to nr_cpu_ids=2.
[    0.004000] 	Trampoline variant of Tasks RCU enabled.
[    0.004000] 	Rude variant of Tasks RCU enabled.
[    0.004000] 	Tracing variant of Tasks RCU enabled.
[    0.004000] rcu: RCU calculated value of scheduler-enlistment delay is 25 jiffies.
[    0.004000] rcu: Adjusting geometry for rcu_fanout_leaf=16, nr_cpu_ids=2
[    0.004000] Running RCU synchronous self tests
[    0.004000] NR_IRQS: 524544, nr_irqs: 440, preallocated irqs: 16
[    0.004000] rcu: srcu_init: Setting srcu_struct sizes based on contention.
[    0.004000] Console: colour VGA+ 80x25
[    0.004000] printk: console [ttyS0] enabled
[    0.004000] printk: console [ttyS0] enabled
[    0.004000] printk: bootconsole [earlyser0] disabled
[    0.004000] printk: bootconsole [earlyser0] disabled
[    0.004000] Lock dependency validator: Copyright (c) 2006 Red Hat, Inc., Ingo Molnar
[    0.004000] ... MAX_LOCKDEP_SUBCLASSES:  8
[    0.004000] ... MAX_LOCK_DEPTH:          48
[    0.004000] ... MAX_LOCKDEP_KEYS:        8192
[    0.004000] ... CLASSHASH_SIZE:          4096
[    0.004000] ... MAX_LOCKDEP_ENTRIES:     32768
[    0.004000] ... MAX_LOCKDEP_CHAINS:      65536
[    0.004000] ... CHAINHASH_SIZE:          32768
[    0.004000]  memory used by lock dependency info: 6365 kB
[    0.004000]  memory used for stack traces: 4224 kB
[    0.004000]  per task-struct memory footprint: 1920 bytes
[    0.004000] ACPI: Core revision 20221020
[    0.004000] clocksource: hpet: mask: 0xffffffff max_cycles: 0xffffffff, max_idle_ns: 19112604467 ns
[    0.004000] APIC: Switch to symmetric I/O mode setup
[    0.004000] x2apic enabled
[    0.004000] Switched APIC routing to physical x2apic.
[    0.004000] kvm-guest: setup PV IPIs
[    0.004000] ..TIMER: vector=0x30 apic1=0 pin1=2 apic2=-1 pin2=-1
[    0.004000] clocksource: tsc-early: mask: 0xffffffffffffffff max_cycles: 0xb9fb05486c, max_idle_ns: 440795231721 ns
[    0.259176] Calibrating delay loop (skipped) preset value.. 1612.80 BogoMIPS (lpj=3225600)
[    0.263162] pid_max: default: 32768 minimum: 301
[    0.264205] LSM: initializing lsm=capability,yama,integrity
[    0.265374] Yama: becoming mindful.
[    0.266248] Mount-cache hash table entries: 4096 (order: 3, 32768 bytes, linear)
[    0.267166] Mountpoint-cache hash table entries: 4096 (order: 3, 32768 bytes, linear)
[    0.270137] CPU0: Thermal monitoring enabled (TM1)
[    0.271338] x86/cpu: User Mode Instruction Prevention (UMIP) activated
[    0.273184] Last level iTLB entries: 4KB 0, 2MB 0, 4MB 0
[    0.275161] Last level dTLB entries: 4KB 0, 2MB 0, 4MB 0, 1GB 0
[    0.276394] Spectre V1 : Mitigation: usercopy/swapgs barriers and __user pointer sanitization
[    0.278105] Spectre V2 : WARNING: Unprivileged eBPF is enabled with eIBRS on, data leaks possible via Spectre v2 BHB attacks!
[    0.279167] Spectre V2 : Mitigation: Enhanced / Automatic IBRS
[    0.280333] Spectre V2 : Spectre v2 / SpectreRSB mitigation: Filling RSB on context switch
[    0.283161] Spectre V2 : Spectre v2 / PBRSB-eIBRS: Retire a single CALL on VMEXIT
[    0.284650] Spectre V2 : mitigation: Enabling conditional Indirect Branch Prediction Barrier
[    0.286305] Speculative Store Bypass: Mitigation: Speculative Store Bypass disabled via prctl
[    0.287161] MMIO Stale Data: Unknown: No mitigations
[    0.404356] Freeing SMP alternatives memory: 56K
[    0.405374] Running RCU synchronous self tests
[    0.406263] Running RCU synchronous self tests
[    0.407518] smpboot: CPU0: Genuine Intel(R) 0000 (family: 0x6, model: 0xb7, stepping: 0x0)
[    0.409590] cblist_init_generic: Setting adjustable number of callback queues.
[    0.411053] cblist_init_generic: Setting shift to 1 and lim to 1.
[    0.411224] cblist_init_generic: Setting shift to 1 and lim to 1.
[    0.412488] cblist_init_generic: Setting shift to 1 and lim to 1.
[    0.413742] Running RCU-tasks wait API self tests
[    0.515365] Performance Events: Alderlake Hybrid events, full-width counters, Intel PMU driver.
[    0.517582] core: cpu_core PMU driver: 
[    0.518270] ... version:                2
[    0.518983] ... bit width:              48
[    0.519168] ... generic registers:      6
[    0.519882] ... value mask:             0000ffffffffffff
[    0.520829] ... max period:             00007fffffffffff
[    0.521758] ... fixed-purpose events:   3
[    0.522550] ... event mask:             0001000f0000003f
[    0.523196] Callback from call_rcu_tasks_trace() invoked.
[    0.524370] rcu: Hierarchical SRCU implementation.
[    0.525214] rcu: 	Max phase no-delay instances is 1000.
[    0.528886] unchecked MSR access error: WRMSR to 0x38f (tried to write 0x0001000f0000003f) at rIP: 0xffffffff810e0c2c (native_write_msr+0xc/0x30)
[    0.531158] Call Trace:
[    0.531158]  <TASK>
[    0.531158]  __intel_pmu_enable_all.constprop.49+0xb5/0x140
[    0.531158]  intel_pmu_enable_all+0x1e/0x30
[    0.531158]  x86_pmu_enable+0x46d/0x5a0
[    0.531158]  ? write_comp_data+0x2f/0x90
[    0.531158]  perf_pmu_enable+0x53/0x70
[    0.531158]  ctx_resched+0x14d/0x1e0
[    0.531158]  __perf_install_in_context+0x2f7/0x470
[    0.531158]  ? lock_is_held_type+0xe6/0x140
[    0.531158]  ? __pfx_remote_function+0x10/0x10
[    0.531158]  remote_function+0x80/0xa0
[    0.531158]  ? __pfx_remote_function+0x10/0x10
[    0.531158]  generic_exec_single+0x124/0x190
[    0.531158]  smp_call_function_single+0x11c/0x240
[    0.531158]  ? __pfx_remote_function+0x10/0x10
[    0.531158]  ? __sanitizer_cov_trace_pc+0x25/0x60
[    0.531158]  ? write_comp_data+0x2f/0x90
[    0.531158]  perf_install_in_context+0x2d8/0x300
[    0.531158]  ? __pfx___perf_install_in_context+0x10/0x10
[    0.531158]  perf_event_create_kernel_counter+0x284/0x2b0
[    0.531158]  ? __pfx_watchdog_overflow_callback+0x10/0x10
[    0.531158]  hardlockup_detector_event_create+0x46/0xd0
[    0.531158]  hardlockup_detector_perf_init+0x18/0x80
[    0.531158]  watchdog_nmi_probe+0x17/0x20
[    0.531158]  lockup_detector_init+0x40/0xb0
[    0.531158]  kernel_init_freeable+0x37e/0x8c0
[    0.531158]  ? __pfx_kernel_init+0x10/0x10
[    0.531158]  kernel_init+0x24/0x1e0
[    0.531158]  ? __pfx_kernel_init+0x10/0x10
[    0.531158]  ret_from_fork+0x29/0x50
[    0.531158]  </TASK>
[    0.531444] smp: Bringing up secondary CPUs ...
[    0.533031] x86: Booting SMP configuration:
[    0.533814] .... node  #0, CPUs:      #1
[    0.535250] smp: Brought up 1 node, 2 CPUs
[    0.536739] smpboot: Max logical packages: 1
[    0.537525] smpboot: Total of 2 processors activated (3225.60 BogoMIPS)
[    0.539819] devtmpfs: initialized
[    0.540102] x86/mm: Memory block size: 128MB
[    0.543824] Running RCU synchronous self tests
[    0.544392] Running RCU synchronous self tests
[    0.545250] clocksource: jiffies: mask: 0xffffffff max_cycles: 0xffffffff, max_idle_ns: 7645041785100000 ns
[    0.547190] futex hash table entries: 512 (order: 4, 65536 bytes, linear)
[    0.548677] pinctrl core: initialized pinctrl subsystem
[    0.550179] 
[    0.550480] *************************************************************
[    0.551176] **     NOTICE NOTICE NOTICE NOTICE NOTICE NOTICE NOTICE    **
[    0.552448] **                                                         **
[    0.553723] **  IOMMU DebugFS SUPPORT HAS BEEN ENABLED IN THIS KERNEL  **
[    0.555005] **                                                         **
[    0.555168] ** This means that this kernel is built to expose internal **
[    0.556440] ** IOMMU data structures, which may compromise security on **
[    0.557713] ** your system.                                            **
[    0.558981] **                                                         **
[    0.559168] ** If you see this message and you are not debugging the   **
[    0.560458] ** kernel, report this immediately to your vendor!         **
[    0.561740] **                                                         **
[    0.563020] **     NOTICE NOTICE NOTICE NOTICE NOTICE NOTICE NOTICE    **
[    0.563168] *************************************************************
[    0.564590] PM: RTC time: 13:48:07, date: 2023-03-07
[    0.567800] NET: Registered PF_NETLINK/PF_ROUTE protocol family
[    0.569595] DMA: preallocated 256 KiB GFP_KERNEL pool for atomic allocations
[    0.570915] DMA: preallocated 256 KiB GFP_KERNEL|GFP_DMA pool for atomic allocations
[    0.571175] DMA: preallocated 256 KiB GFP_KERNEL|GFP_DMA32 pool for atomic allocations
[    0.572703] audit: initializing netlink subsys (disabled)
[    0.573814] audit: type=2000 audit(1678196887.118:1): state=initialized audit_enabled=0 res=1
[    0.573814] thermal_sys: Registered thermal governor 'fair_share'
[    0.575171] thermal_sys: Registered thermal governor 'bang_bang'
[    0.576337] thermal_sys: Registered thermal governor 'step_wise'
[    0.577482] thermal_sys: Registered thermal governor 'user_space'
[    0.578685] cpuidle: using governor ladder
[    0.579960] cpuidle: using governor menu
[    0.581088] acpiphp: ACPI Hot Plug PCI Controller Driver version: 0.5
[    0.582755] PCI: Using configuration type 1 for base access
[    0.584141] kprobes: kprobe jump-optimization is enabled. All kprobes are optimized if possible.
[    0.827332] HugeTLB: registered 1.00 GiB page size, pre-allocated 0 pages
[    0.829236] HugeTLB: 16380 KiB vmemmap can be freed for a 1.00 GiB page
[    0.831013] HugeTLB: registered 2.00 MiB page size, pre-allocated 0 pages
[    0.831181] HugeTLB: 28 KiB vmemmap can be freed for a 2.00 MiB page
[    0.836083] ACPI: Added _OSI(Module Device)
[    0.837264] ACPI: Added _OSI(Processor Device)
[    0.838464] ACPI: Added _OSI(3.0 _SCP Extensions)
[    0.839176] ACPI: Added _OSI(Processor Aggregator Device)
[    0.846883] ACPI: 1 ACPI AML tables successfully acquired and loaded
[    3.427178] Callback from call_rcu_tasks_rude() invoked.
[    3.481560] ACPI: Interpreter enabled
[    3.482530] ACPI: PM: (supports S0 S3 S4 S5)
[    3.483227] Callback from call_rcu_tasks() invoked.
[    3.484312] ACPI: Using IOAPIC for interrupt routing
[    3.485467] PCI: Using host bridge windows from ACPI; if necessary, use "pci=nocrs" and report a bug
[    3.487168] PCI: Using E820 reservations for host bridge windows
[    3.489233] ACPI: Enabled 2 GPEs in block 00 to 0F
[    3.507891] ACPI: PCI Root Bridge [PCI0] (domain 0000 [bus 00-ff])
[    3.509373] acpi PNP0A03:00: _OSC: OS supports [ASPM ClockPM Segments MSI EDR HPX-Type3]
[    3.511176] acpi PNP0A03:00: _OSC: not requesting OS control; OS requires [ExtendedConfig ASPM ClockPM MSI]
[    3.513503] acpi PNP0A03:00: fail to add MMCONFIG information, can't access extended configuration space under this bridge
[    3.517811] acpiphp: Slot [3] registered
[    3.518796] acpiphp: Slot [4] registered
[    3.519251] acpiphp: Slot [5] registered
[    3.520243] acpiphp: Slot [6] registered
[    3.521252] acpiphp: Slot [7] registered
[    3.522256] acpiphp: Slot [8] registered
[    3.523247] acpiphp: Slot [9] registered
[    3.524252] acpiphp: Slot [10] registered
[    3.525248] acpiphp: Slot [11] registered
[    3.526218] acpiphp: Slot [12] registered
[    3.527190] acpiphp: Slot [13] registered
[    3.528154] acpiphp: Slot [14] registered
[    3.529127] acpiphp: Slot [15] registered
[    3.530131] acpiphp: Slot [16] registered
[    3.531089] acpiphp: Slot [17] registered
[    3.531243] acpiphp: Slot [18] registered
[    3.532199] acpiphp: Slot [19] registered
[    3.533148] acpiphp: Slot [20] registered
[    3.534102] acpiphp: Slot [21] registered
[    3.535050] acpiphp: Slot [22] registered
[    3.535244] acpiphp: Slot [23] registered
[    3.536179] acpiphp: Slot [24] registered
[    3.537117] acpiphp: Slot [25] registered
[    3.538045] acpiphp: Slot [26] registered
[    3.538951] acpiphp: Slot [27] registered
[    3.539241] acpiphp: Slot [28] registered
[    3.540171] acpiphp: Slot [29] registered
[    3.541103] acpiphp: Slot [30] registered
[    3.542021] acpiphp: Slot [31] registered
[    3.542880] PCI host bridge to bus 0000:00
[    3.543169] pci_bus 0000:00: root bus resource [io  0x0000-0x0cf7 window]
[    3.544646] pci_bus 0000:00: root bus resource [io  0x0d00-0xffff window]
[    3.546130] pci_bus 0000:00: root bus resource [mem 0x000a0000-0x000bffff window]
[    3.547168] pci_bus 0000:00: root bus resource [mem 0x80000000-0xfebfffff window]
[    3.548757] pci_bus 0000:00: root bus resource [mem 0x100000000-0x17fffffff window]
[    3.550323] pci_bus 0000:00: root bus resource [bus 00-ff]
[    3.551313] pci 0000:00:00.0: [8086:1237] type 00 class 0x060000
[    3.556117] pci 0000:00:01.0: [8086:7000] type 00 class 0x060100
[    3.558705] pci 0000:00:01.1: [8086:7010] type 00 class 0x010180
[    3.561011] pci 0000:00:01.1: reg 0x20: [io  0xc040-0xc04f]
[    3.563027] pci 0000:00:01.1: legacy IDE quirk: reg 0x10: [io  0x01f0-0x01f7]
[    3.563172] pci 0000:00:01.1: legacy IDE quirk: reg 0x14: [io  0x03f6]
[    3.564589] pci 0000:00:01.1: legacy IDE quirk: reg 0x18: [io  0x0170-0x0177]
[    3.566123] pci 0000:00:01.1: legacy IDE quirk: reg 0x1c: [io  0x0376]
[    3.567633] pci 0000:00:01.3: [8086:7113] type 00 class 0x068000
[    3.569953] pci 0000:00:01.3: quirk: [io  0x0600-0x063f] claimed by PIIX4 ACPI
[    3.571183] pci 0000:00:01.3: quirk: [io  0x0700-0x070f] claimed by PIIX4 SMB
[    3.573111] pci 0000:00:02.0: [1234:1111] type 00 class 0x030000
[    3.575621] pci 0000:00:02.0: reg 0x10: [mem 0xfd000000-0xfdffffff pref]
[    3.578325] pci 0000:00:02.0: reg 0x18: [mem 0xfebf0000-0xfebf0fff]
[    3.583192] pci 0000:00:02.0: reg 0x30: [mem 0xfebe0000-0xfebeffff pref]
[    3.584696] pci 0000:00:02.0: Video device with shadowed ROM at [mem 0x000c0000-0x000dffff]
[    3.589913] pci 0000:00:03.0: [8086:100e] type 00 class 0x020000
[    3.591859] pci 0000:00:03.0: reg 0x10: [mem 0xfebc0000-0xfebdffff]
[    3.593700] pci 0000:00:03.0: reg 0x14: [io  0xc000-0xc03f]
[    3.597555] pci 0000:00:03.0: reg 0x30: [mem 0xfeb80000-0xfebbffff pref]
[    3.637940] ACPI: PCI: Interrupt link LNKA configured for IRQ 10
[    3.639544] ACPI: PCI: Interrupt link LNKB configured for IRQ 10
[    3.641110] ACPI: PCI: Interrupt link LNKC configured for IRQ 11
[    3.642666] ACPI: PCI: Interrupt link LNKD configured for IRQ 11
[    3.643366] ACPI: PCI: Interrupt link LNKS configured for IRQ 9
[    3.645585] iommu: Default domain type: Translated 
[    3.645585] iommu: DMA domain TLB invalidation policy: lazy mode 
[    3.646407] SCSI subsystem initialized
[    3.647386] ACPI: bus type USB registered
[    3.648264] usbcore: registered new interface driver usbfs
[    3.651202] usbcore: registered new interface driver hub
[    3.652277] usbcore: registered new device driver usb
[    3.653362] pps_core: LinuxPPS API ver. 1 registered
[    3.654331] pps_core: Software ver. 5.3.6 - Copyright 2005-2007 Rodolfo Giometti <giometti@linux.it>
[    3.655177] PTP clock support registered
[    3.656058] EDAC MC: Ver: 3.0.0
[    3.656250] NetLabel: Initializing
[    3.656936] NetLabel:  domain hash size = 128
[    3.657780] NetLabel:  protocols = UNLABELED CIPSOv4 CALIPSO
[    3.659231] NetLabel:  unlabeled traffic allowed by default
[    3.660460] PCI: Using ACPI for IRQ routing
[    3.663253] pci 0000:00:02.0: vgaarb: setting as boot VGA device
[    3.664436] pci 0000:00:02.0: vgaarb: bridge control possible
[    3.665551] pci 0000:00:02.0: vgaarb: VGA device added: decodes=io+mem,owns=io+mem,locks=none
[    3.667175] vgaarb: loaded
[    3.667724] hpet0: at MMIO 0xfed00000, IRQs 2, 8, 0
[    3.668552] hpet0: 3 comparators, 64-bit 100.000000 MHz counter
[    3.675467] clocksource: Switched to clocksource kvm-clock
[    3.790701] VFS: Disk quotas dquot_6.6.0
[    3.791710] VFS: Dquot-cache hash table entries: 512 (order 0, 4096 bytes)
[    3.793566] pnp: PnP ACPI init
[    3.796249] pnp: PnP ACPI: found 6 devices
[    3.814056] clocksource: acpi_pm: mask: 0xffffff max_cycles: 0xffffff, max_idle_ns: 2085701024 ns
[    3.816389] NET: Registered PF_INET protocol family
[    3.817597] IP idents hash table entries: 32768 (order: 6, 262144 bytes, linear)
[    3.820173] tcp_listen_portaddr_hash hash table entries: 1024 (order: 4, 73728 bytes, linear)
[    3.822076] Table-perturb hash table entries: 65536 (order: 6, 262144 bytes, linear)
[    3.823861] TCP established hash table entries: 16384 (order: 5, 131072 bytes, linear)
[    3.825849] TCP bind hash table entries: 16384 (order: 9, 2359296 bytes, linear)
[    3.828608] TCP: Hash tables configured (established 16384 bind 16384)
[    3.830162] UDP hash table entries: 1024 (order: 5, 163840 bytes, linear)
[    3.831714] UDP-Lite hash table entries: 1024 (order: 5, 163840 bytes, linear)
[    3.833435] NET: Registered PF_UNIX/PF_LOCAL protocol family
[    3.835905] RPC: Registered named UNIX socket transport module.
[    3.837285] RPC: Registered udp transport module.
[    3.838328] RPC: Registered tcp transport module.
[    3.839406] RPC: Registered tcp NFSv4.1 backchannel transport module.
[    3.840857] pci_bus 0000:00: resource 4 [io  0x0000-0x0cf7 window]
[    3.842222] pci_bus 0000:00: resource 5 [io  0x0d00-0xffff window]
[    3.843602] pci_bus 0000:00: resource 6 [mem 0x000a0000-0x000bffff window]
[    3.845117] pci_bus 0000:00: resource 7 [mem 0x80000000-0xfebfffff window]
[    3.846624] pci_bus 0000:00: resource 8 [mem 0x100000000-0x17fffffff window]
[    3.848487] pci 0000:00:01.0: PIIX3: Enabling Passive Release
[    3.849779] pci 0000:00:00.0: Limiting direct PCI/PCI transfers
[    3.851260] PCI: CLS 0 bytes, default 64
[    3.852202] ACPI: bus type thunderbolt registered
[    3.853644] clocksource: tsc: mask: 0xffffffffffffffff max_cycles: 0xb9fb05486c, max_idle_ns: 440795231721 ns
[    3.860417] Initialise system trusted keyrings
[    3.861520] Key type blacklist registered
[    3.862690] workingset: timestamp_bits=36 max_order=19 bucket_order=0
[    3.864222] zbud: loaded
[    3.865713] squashfs: version 4.0 (2009/01/31) Phillip Lougher
[    3.868039] NFS: Registering the id_resolver key type
[    3.869189] Key type id_resolver registered
[    3.870120] Key type id_legacy registered
[    3.871029] nfs4filelayout_init: NFSv4 File Layout Driver Registering...
[    3.872538] nfs4flexfilelayout_init: NFSv4 Flexfile Layout Driver Registering...
[    3.874436] fuse: init (API version 7.38)
[    3.875543] SGI XFS with ACLs, security attributes, realtime, quota, no debug enabled
[    3.877927] 9p: Installing v9fs 9p2000 file system support
[    3.886494] Key type asymmetric registered
[    3.887459] Asymmetric key parser 'x509' registered
[    3.888600] Block layer SCSI generic (bsg) driver version 0.4 loaded (major 243)
[    3.890473] io scheduler mq-deadline registered
[    3.891619] io scheduler bfq registered
[    3.893306] shpchp: Standard Hot Plug PCI Controller Driver version: 0.4
[    3.895200] IPMI message handler: version 39.2
[    3.896229] ipmi device interface
[    3.899042] input: Power Button as /devices/LNXSYSTM:00/LNXPWRBN:00/input/input0
[    3.901058] ACPI: button: Power Button [PWRF]
[    3.903200] ERST DBG: ERST support is disabled.
[    3.905239] Serial: 8250/16550 driver, 32 ports, IRQ sharing enabled
[    3.907633] 00:04: ttyS0 at I/O 0x3f8 (irq = 4, base_baud = 115200) is a 16550A
[    3.919808] Linux agpgart interface v0.103
[    3.921714] ACPI: bus type drm_connector registered
[    3.936105] brd: module loaded
[    3.944488] loop: module loaded
[    3.950009] scsi host0: ata_piix
[    3.951314] scsi host1: ata_piix
[    3.952194] ata1: PATA max MWDMA2 cmd 0x1f0 ctl 0x3f6 bmdma 0xc040 irq 14
[    3.953585] ata2: PATA max MWDMA2 cmd 0x170 ctl 0x376 bmdma 0xc048 irq 15
[    3.955989] tun: Universal TUN/TAP device driver, 1.6
[    3.957327] e100: Intel(R) PRO/100 Network Driver
[    3.958291] e100: Copyright(c) 1999-2006 Intel Corporation
[    3.959472] e1000: Intel(R) PRO/1000 Network Driver
[    3.960470] e1000: Copyright (c) 1999-2006 Intel Corporation.
[    4.115670] ata1: found unknown device (class 0)
[    4.118008] ata2: found unknown device (class 0)
[    4.119531] ata1.00: ATA-7: QEMU HARDDISK, 2.5+, max UDMA/100
[    4.120918] ata1.00: 16777216 sectors, multi 16: LBA48 
[    4.122932] ata2.00: ATAPI: QEMU DVD-ROM, 2.5+, max UDMA/100
[    4.125529] scsi 0:0:0:0: Direct-Access     ATA      QEMU HARDDISK    2.5+ PQ: 0 ANSI: 5
[    4.128479] scsi 0:0:0:0: Attached scsi generic sg0 type 0
[    4.130545] sd 0:0:0:0: [sda] 16777216 512-byte logical blocks: (8.59 GB/8.00 GiB)
[    4.133717] scsi 1:0:0:0: CD-ROM            QEMU     QEMU DVD-ROM     2.5+ PQ: 0 ANSI: 5
[    4.137958] sd 0:0:0:0: [sda] Write Protect is off
[    4.139350] sd 0:0:0:0: [sda] Write cache: enabled, read cache: enabled, doesn't support DPO or FUA
[    4.141809] sd 0:0:0:0: [sda] Preferred minimum I/O size 512 bytes
[    4.155565] ACPI: \_SB_.LNKC: Enabled at IRQ 11
[    4.168670] scsi 1:0:0:0: Attached scsi generic sg1 type 5
[    4.173724] sd 0:0:0:0: [sda] Attached SCSI disk
[    4.529777] e1000 0000:00:03.0 eth0: (PCI:33MHz:32-bit) 52:54:00:12:34:56
[    4.531004] e1000 0000:00:03.0 eth0: Intel(R) PRO/1000 Network Connection
[    4.532306] e1000e: Intel(R) PRO/1000 Network Driver
[    4.533186] e1000e: Copyright(c) 1999 - 2015 Intel Corporation.
[    4.534267] igb: Intel(R) Gigabit Ethernet Network Driver
[    4.535219] igb: Copyright (c) 2007-2014 Intel Corporation.
[    4.536273] PPP generic driver version 2.4.2
[    4.537937] VFIO - User Level meta-driver version: 0.3
[    4.539522] usbcore: registered new interface driver uas
[    4.540504] usbcore: registered new interface driver usb-storage
[    4.541692] i8042: PNP: PS/2 Controller [PNP0303:KBD,PNP0f13:MOU] at 0x60,0x64 irq 1,12
[    4.544213] serio: i8042 KBD port at 0x60,0x64 irq 1
[    4.545132] serio: i8042 AUX port at 0x60,0x64 irq 12
[    4.546899] mousedev: PS/2 mouse device common for all mice
[    4.549185] input: AT Translated Set 2 keyboard as /devices/platform/i8042/serio0/input/input1
[    4.550878] rtc_cmos 00:05: RTC can wake from S4
[    4.552693] input: VirtualPS/2 VMware VMMouse as /devices/platform/i8042/serio1/input/input4
[    4.555284] input: VirtualPS/2 VMware VMMouse as /devices/platform/i8042/serio1/input/input3
[    4.557877] rtc_cmos 00:05: registered as rtc0
[    4.558835] rtc_cmos 00:05: setting system clock to 2023-03-07T13:48:11 UTC (1678196891)
[    4.560554] rtc_cmos 00:05: alarms up to one day, y3k, 242 bytes nvram, hpet irqs
[    4.561950] i2c_dev: i2c /dev entries driver
[    4.563047] device-mapper: core: CONFIG_IMA_DISABLE_HTABLE is disabled. Duplicate IMA measurements will not be recorded in the IMA log.
[    4.565301] device-mapper: uevent: version 1.0.3
[    4.566383] device-mapper: ioctl: 4.47.0-ioctl (2022-07-28) initialised: dm-devel@redhat.com
[    4.567947] intel_pstate: CPU model not supported
[    4.568915] sdhci: Secure Digital Host Controller Interface driver
[    4.570034] sdhci: Copyright(c) Pierre Ossman
[    4.570995] sdhci-pltfm: SDHCI platform and OF driver helper
[    4.572160] ledtrig-cpu: registered to indicate activity on CPUs
[    4.573654] drop_monitor: Initializing network drop monitor service
[    4.575004] NET: Registered PF_INET6 protocol family
[    4.578830] Segment Routing with IPv6
[    4.579600] In-situ OAM (IOAM) with IPv6
[    4.580387] NET: Registered PF_PACKET protocol family
[    4.581548] 9pnet: Installing 9P2000 support
[    4.582426] Key type dns_resolver registered
[    4.584210] IPI shorthand broadcast: enabled
[    4.599735] sched_clock: Marking stable (4352006339, 247158073)->(4711435327, -112270915)
[    4.602225] registered taskstats version 1
[    4.603325] Loading compiled-in X.509 certificates
[    4.604739] zswap: loaded using pool lzo/zbud
[    4.621026] Key type .fscrypt registered
[    4.621830] Key type fscrypt-provisioning registered
[    4.624531] Key type encrypted registered
[    4.625395] ima: No TPM chip found, activating TPM-bypass!
[    4.626479] ima: Allocated hash algorithm: sha1
[    4.627439] ima: No architecture policies found
[    4.628402] evm: Initialising EVM extended attributes:
[    4.629406] evm: security.selinux
[    4.630055] evm: security.SMACK64
[    4.630705] evm: security.SMACK64EXEC
[    4.631445] evm: security.SMACK64TRANSMUTE
[    4.632245] evm: security.SMACK64MMAP
[    4.632969] evm: security.apparmor
[    4.633632] evm: security.ima
[    4.634217] evm: security.capability
[    4.634915] evm: HMAC attrs: 0x1
[    4.636818] PM:   Magic number: 15:671:836
[    4.638224] RAS: Correctable Errors collector initialized.
[    4.640809] md: Waiting for all devices to be available before autodetect
[    4.641652] md: If you don't use raid, use raid=noautodetect
[    4.642349] md: Autodetecting RAID arrays.
[    4.642866] md: autorun ...
[    4.643298] md: ... autorun DONE.
[    4.651485] EXT4-fs (sda): mounted filesystem 23a53bb9-f815-47a5-b74c-5e08f7731193 with ordered data mode. Quota mode: none.
[    4.652989] VFS: Mounted root (ext4 filesystem) readonly on device 8:0.
[    4.656042] devtmpfs: mounted
[    4.665352] Freeing unused decrypted memory: 2036K
[    4.669149] Freeing unused kernel image (initmem) memory: 10508K
[    4.671269] Write protecting the kernel read-only data: 47104k
[    4.673313] Freeing unused kernel image (rodata/data gap) memory: 392K
[    4.763851] x86/mm: Checked W+X mappings: passed, no W+X pages found.
[    4.764811] Run /sbin/init as init process
[    4.901692] systemd[1]: RTC configured in localtime, applying delta of 0 minutes to system time.
[    4.933220] systemd[1]: systemd 239 (239-49.el8) running in system mode. (+PAM +AUDIT +SELINUX +IMA -APPARMOR +SMACK +SYSVINIT +UTMP +LIBCRYPTSETUP +GCRYPT +GNUTLS +ACL +XZ +LZ4 +SECCOMP +BLKID +ELFUTILS +KMOD +IDN2 -IDN +PCRE2 default-hierarchy=legacy)
[    4.936114] systemd[1]: Detected virtualization kvm.
[    4.936754] systemd[1]: Detected architecture x86-64.

Welcome to [0;31mCentOS Stream 8[0m!

[    5.006400] systemd[1]: Set hostname to <test>.
[    5.301115] systemd[1]: Listening on udev Kernel Socket.
[[0;32m  OK  [0m] Listening on udev Kernel Socket.
[    5.303209] systemd[1]: Reached target Swap.
[[0;32m  OK  [0m] Reached target Swap.
[    5.307615] systemd[1]: Created slice system-sshd\x2dkeygen.slice.
[[0;32m  OK  [0m] Created slice system-sshd\x2dkeygen.slice.
[    5.309969] systemd[1]: Listening on Journal Socket.
[[0;32m  OK  [0m] Listening on Journal Socket.
[    5.312967] systemd[1]: Created slice system-serial\x2dgetty.slice.
[[0;32m  OK  [0m] Created slice system-serial\x2dgetty.slice.
[    5.315280] systemd[1]: Started Forward Password Requests to Wall Directory Watch.
[[0;32m  OK  [0m] Started Forward Password Requests to Wall Directory Watch.
[[0;32m  OK  [0m] Listening on Process Core Dump Socket.
[[0;32m  OK  [0m] Listening on Device-mapper event daemon FIFOs.
[[0;32m  OK  [0m] Listening on initctl Compatibility Named Pipe.
         Starting Setup Virtual Console...
         Mounting Kernel Debug File System...
[[0;32m  OK  [0m] Created slice User and Session Slice.
[[0;32m  OK  [0m] Reached target Slices.
[[0;32m  OK  [0m] Listening on LVM2 poll daemon socket.
[[0;32m  OK  [0m] Listening on multipathd control socket.
[[0;32m  OK  [0m] Set up automount Arbitrary Executabâ€¦rmats File System Automount Point.
         Starting Remount Root and Kernel File Systems...
[[0;32m  OK  [0m] Created slice system-getty.slice.
[[0;32m  OK  [0m] Listening on RPCbind Server Activation Socket.
[[0;32m  OK  [0m] Reached target RPC Port Mapper.
         Starting Monitoring of LVM2 mirrorsâ€¦ng dmeventd or progress polling...
         Mounting POSIX Message Queue File System...
[    5.587959] EXT4-fs (sda): re-mounted 23a53bb9-f815-47a5-b74c-5e08f7731193. Quota mode: none.
         Starting Load Kernel Modules...
[[0;32m  OK  [0m] Listening on Journal Socket (/dev/log).
         Starting Journal Service...
[[0;32m  OK  [0m] Listening on udev Control Socket.
         Starting udev Coldplug all Devices...
         Mounting Huge Pages File System...
[[0;32m  OK  [0m] Mounted Kernel Debug File System.
[[0;32m  OK  [0m] Started Remount Root and Kernel File Systems.
[[0;32m  OK  [0m] Started Monitoring of LVM2 mirrors,â€¦sing dmeventd or progress polling.
[[0;32m  OK  [0m] Started Journal Service.
[[0;32m  OK  [0m] Started Setup Virtual Console.
[[0;32m  OK  [0m] Mounted POSIX Message Queue File System.
[[0;1;31mFAILED[0m] Failed to start Load Kernel Modules.
See 'systemctl status systemd-modules-load.service' for details.
[[0;32m  OK  [0m] Mounted Huge Pages File System.
         Mounting Kernel Configuration File System...
         Starting Apply Kernel Variables...
         Mounting FUSE Control File System...
         Starting Flush Journal to Persistent Storage...
         Starting Load/Save Random Seed...
         Starting Create Static Device Nodes in /dev...
[[0;32m  OK  [0m] Mounted Kernel Configuration File System.
[[0;32m  OK  [0m] Started Apply Kernel Variables.
[[0;32m  OK  [0m] Mounted FUSE Control File System.
[[0;32m  OK  [0m] Started Load/Save Random Seed.
[[0;32m  OK  [0m] Started Flush Journal to Persistent Storage.
[[0;32m  OK  [0m] Started Create Static Device Nodes in /dev.
         Starting udev Kernel Device Manager...
[[0;32m  OK  [0m] Started udev Coldplug all Devices.
         Starting udev Wait for Complete Device Initialization...
[[0;32m  OK  [0m] Started udev Kernel Device Manager.
         Starting Show Plymouth Boot Screen...
[[0;32m  OK  [0m] Started Show Plymouth Boot Screen.
[[0;32m  OK  [0m] Started Forward Password Requests to Plymouth Directory Watch.
[[0;32m  OK  [0m] Reached target Paths.
[[0;32m  OK  [0m] Reached target Local Encrypted Volumes.
[[0;32m  OK  [0m] Found device /dev/ttyS0.
[[0;32m  OK  [0m] Listening on Load/Save RF Kill Switch Status /dev/rfkill Watch.
[[0;32m  OK  [0m] Started udev Wait for Complete Device Initialization.
[[0;32m  OK  [0m] Reached target Local File Systems (Pre).
[[0;32m  OK  [0m] Reached target Local File Systems.
         Starting Tell Plymouth To Write Out Runtime Data...
         Starting Create Volatile Files and Directories...
         Starting Restore /run/initramfs on shutdown...
[[0;32m  OK  [0m] Started Tell Plymouth To Write Out Runtime Data.
[[0;32m  OK  [0m] Started Restore /run/initramfs on shutdown.
[[0;32m  OK  [0m] Started Create Volatile Files and Directories.
         Starting RPC Bind...
         Mounting RPC Pipe File System...
         Starting Security Auditing Service...
[[0;32m  OK  [0m] Mounted RPC Pipe File System.
[[0;32m  OK  [0m] Reached target rpc_pipefs.target.
[[0;32m  OK  [0m] Started RPC Bind.
[[0;32m  OK  [0m] Started Security Auditing Service.
         Starting Update UTMP about System Boot/Shutdown...
[[0;32m  OK  [0m] Started Update UTMP about System Boot/Shutdown.
[[0;32m  OK  [0m] Reached target System Initialization.
[[0;32m  OK  [0m] Listening on SSSD Kerberos Cache Manager responder socket.
[[0;32m  OK  [0m] Listening on D-Bus System Message Bus Socket.
[[0;32m  OK  [0m] Reached target Sockets.
[[0;32m  OK  [0m] Reached target Basic System.
[[0;32m  OK  [0m] Started irqbalance daemon.
         Starting Auto-connect to subsystemsâ€¦-NVME devices found during boot...
[[0;32m  OK  [0m] Started D-Bus System Message Bus.
         Starting Login Service...
         Starting Network Manager...
[[0;32m  OK  [0m] Started daily update of the root trust anchor for DNSSEC.
         Starting Authorization Manager...
[[0;32m  OK  [0m] Started Daily Cleanup of Temporary Directories.
[[0;32m  OK  [0m] Started dnf makecache --timer.
[[0;32m  OK  [0m] Reached target Timers.
[[0;32m  OK  [0m] Reached target sshd-keygen.target.
         Starting NTP client/server...
[[0;32m  OK  [0m] Started Machine Check Exception Logging Daemon.
         Starting Self Monitoring and Reporting Technology (SMART) Daemon...
[[0;32m  OK  [0m] Started Auto-connect to subsystems â€¦FC-NVME devices found during boot.
         Starting update of the root trust aâ€¦or DNSSEC validation in unbound...
[[0;32m  OK  [0m] Started Login Service.
[[0;32m  OK  [0m] Started Network Manager.
         Starting Network Manager Wait Online...
[[0;32m  OK  [0m] Reached target Network.
         Starting GSSAPI Proxy Daemon...
         Starting OpenSSH server daemon...
         Starting Dynamic System Tuning Daemon...
[[0;32m  OK  [0m] Started Self Monitoring and Reporting Technology (SMART) Daemon.
[[0;32m  OK  [0m] Started update of the root trust anâ€¦ for DNSSEC validation in unbound.
[[0;32m  OK  [0m] Started OpenSSH server daemon.
[[0;32m  OK  [0m] Started NTP client/server.
[[0;32m  OK  [0m] Started GSSAPI Proxy Daemon.
[[0;32m  OK  [0m] Started Authorization Manager.
         Starting Hostname Service...
[[0;32m  OK  [0m] Reached target NFS client services.
[[0;32m  OK  [0m] Reached target Remote File Systems (Pre).
[[0;32m  OK  [0m] Reached target Remote File Systems.
         Starting Permit User Sessions...
[[0;32m  OK  [0m] Started Permit User Sessions.
[[0;32m  OK  [0m] Started Command Scheduler.
         Starting Hold until boot process finishes up...
         Starting Terminate Plymouth Boot Screen...
[    8.595804] e1000: eth0 NIC Link is Up 1000 Mbps Full Duplex, Flow Control: RX
[    8.598274] IPv6: ADDRCONF(NETDEV_CHANGE): eth0: link becomes ready
[    8.876495] Spectre V2 : WARNING: Unprivileged eBPF is enabled with eIBRS on, data leaks possible via Spectre v2 BHB attacks!
[    8.878260] Spectre V2 : WARNING: Unprivileged eBPF is enabled with eIBRS on, data leaks possible via Spectre v2 BHB attacks!

CentOS Stream 8
Kernel 6.3.0-rc1-fe15c26ee26e+ on an x86_64

test login: root
[   12.400512] memfd_create() without MFD_EXEC nor MFD_NOEXEC_SEAL, pid=335 'systemd'
Last login: Tue Feb 21 09:05:59 on ttyS0
*******************************************************
Welcome to the Embargoed Overlay on CentOS

This content is for INTEL INTERNAL USE ONLY.

For support issues, please submit a request:
https://jira.devtools.intel.com/browse/LNXO
*******************************************************
[root@test ~]# 
[root@test ~]# ls[K[Krm -rf repro
[root@test ~]# /[K./repro
[   58.955232] ------------[ cut here ]------------
[   58.955976] refcount_t: addition on 0; use-after-free.
[   58.956752] WARNING: CPU: 0 PID: 9 at lib/refcount.c:25 refcount_warn_saturate+0xe6/0x1c0
[   58.957846] Modules linked in:
[   58.958278] CPU: 0 PID: 9 Comm: kworker/u4:0 Not tainted 6.3.0-rc1-fe15c26ee26e+ #1
[   58.959340] Hardware name: QEMU Standard PC (i440FX + PIIX, 1996), BIOS rel-1.16.0-0-gd239552ce722-prebuilt.qemu.org 04/01/2014
[   58.960854] Workqueue: events_unbound bpf_map_free_deferred
[   58.961630] RIP: 0010:refcount_warn_saturate+0xe6/0x1c0
[   58.962344] Code: 1d b8 c2 43 02 31 ff 89 de e8 c6 ab 52 ff 84 db 75 97 e8 5d aa 52 ff 48 c7 c7 d8 b6 be 83 c6 05 98 c2 43 02 01 e8 1a 55 36 ff <0f> 0b e9 78 ff ff ff e8 3e aa 52 ff 0f b6 1d 82 c2 43 02 31 ff 89
[   58.964836] RSP: 0018:ffffc90000053da0 EFLAGS: 00010286
[   58.965582] RAX: 0000000000000000 RBX: 0000000000000000 RCX: ffffffff8111b6fb
[   58.966570] RDX: 0000000000000000 RSI: ffff888007372340 RDI: 0000000000000002
[   58.967569] RBP: ffffc90000053db0 R08: 0000000000000000 R09: 0000000000000001
[   58.968547] R10: 0000000000000000 R11: 0000000000000001 R12: ffff88800ec16200
[   58.969532] R13: 0000000000000000 R14: ffff888015808000 R15: ffff88800ed6fc00
[   58.970500] FS:  0000000000000000(0000) GS:ffff88807dc00000(0000) knlGS:0000000000000000
[   58.971647] CS:  0010 DS: 0000 ES: 0000 CR0: 0000000080050033
[   58.972447] CR2: 0000000020000000 CR3: 0000000003e3a006 CR4: 0000000000770ef0
[   58.973461] PKRU: 55555554
[   58.973851] Call Trace:
[   58.974206]  <TASK>
[   58.974520]  sock_map_free+0x387/0x390
[   58.975077]  bpf_map_free_deferred+0x124/0x2d0
[   58.975753]  process_one_work+0x3b1/0x9e0
[   58.976350]  worker_thread+0x52/0x660
[   58.976895]  ? __pfx_worker_thread+0x10/0x10
[   58.977514]  kthread+0x161/0x1a0
[   58.977994]  ? __pfx_kthread+0x10/0x10
[   58.978529]  ret_from_fork+0x29/0x50
[   58.979073]  </TASK>
[   58.979448] irq event stamp: 25237
[   58.979940] hardirqs last  enabled at (25245): [<ffffffff811eac21>] __up_console_sem+0x91/0xb0
[   58.981151] hardirqs last disabled at (25252): [<ffffffff811eac06>] __up_console_sem+0x76/0xb0
[   58.982466] softirqs last  enabled at (25234): [<ffffffff83023a3c>] __do_softirq+0x31c/0x49c
[   58.983769] softirqs last disabled at (25229): [<ffffffff8112b5a4>] irq_exit_rcu+0xc4/0x100
[   58.985055] ---[ end trace 0000000000000000 ]---
[   58.985813] ------------[ cut here ]------------
[   58.986530] refcount_t: underflow; use-after-free.
[   58.987460] WARNING: CPU: 0 PID: 9 at lib/refcount.c:28 refcount_warn_saturate+0x15e/0x1c0
[   58.988714] Modules linked in:
[   58.989207] CPU: 0 PID: 9 Comm: kworker/u4:0 Tainted: G        W          6.3.0-rc1-fe15c26ee26e+ #1
[   58.990565] Hardware name: QEMU Standard PC (i440FX + PIIX, 1996), BIOS rel-1.16.0-0-gd239552ce722-prebuilt.qemu.org 04/01/2014
[   58.992351] Workqueue: events_unbound bpf_map_free_deferred
[   58.993213] RIP: 0010:refcount_warn_saturate+0x15e/0x1c0
[   58.994119] Code: 02 31 ff 89 de e8 52 ab 52 ff 84 db 0f 85 1f ff ff ff e8 e5 a9 52 ff 48 c7 c7 08 b7 be 83 c6 05 1f c2 43 02 01 e8 a2 54 36 ff <0f> 0b e9 00 ff ff ff e8 c6 a9 52 ff 0f b6 1d 05 c2 43 02 31 ff 89
[   58.997238] RSP: 0018:ffffc90000053da0 EFLAGS: 00010286
[   58.998124] RAX: 0000000000000000 RBX: 0000000000000000 RCX: ffffffff8111b6fb
[   58.999358] RDX: 0000000000000000 RSI: ffff888007372340 RDI: 0000000000000002
[   59.000558] RBP: ffffc90000053db0 R08: 0000000000000000 R09: 0000000000000001
[   59.001737] R10: 0000000000000000 R11: 0000000000000001 R12: ffff88800ec16200
[   59.002928] R13: 0000000000000000 R14: ffff888015808000 R15: ffff88800ed6fc00
[   59.004172] FS:  0000000000000000(0000) GS:ffff88807dc00000(0000) knlGS:0000000000000000
[   59.005541] CS:  0010 DS: 0000 ES: 0000 CR0: 0000000080050033
[   59.006521] CR2: 0000000020000000 CR3: 0000000003e3a006 CR4: 0000000000770ef0
[   59.007770] PKRU: 55555554
[   59.008260] Call Trace:
[   59.008709]  <TASK>
[   59.009094]  sock_map_free+0x36c/0x390
[   59.009745]  bpf_map_free_deferred+0x124/0x2d0
[   59.010543]  process_one_work+0x3b1/0x9e0
[   59.011288]  worker_thread+0x52/0x660
[   59.011947]  ? __pfx_worker_thread+0x10/0x10
[   59.012694]  kthread+0x161/0x1a0
[   59.013270]  ? __pfx_kthread+0x10/0x10
[   59.013925]  ret_from_fork+0x29/0x50
[   59.014570]  </TASK>
[   59.014959] irq event stamp: 25629
[   59.015589] hardirqs last  enabled at (25639): [<ffffffff811eac21>] __up_console_sem+0x91/0xb0
[   59.017047] hardirqs last disabled at (25646): [<ffffffff811eac06>] __up_console_sem+0x76/0xb0
[   59.018450] softirqs last  enabled at (25412): [<ffffffff83023a3c>] __do_softirq+0x31c/0x49c
[   59.019851] softirqs last disabled at (25367): [<ffffffff8112b5a4>] irq_exit_rcu+0xc4/0x100
[   59.021282] ---[ end trace 0000000000000000 ]---

[root@test ~]# 