c[?7l[2J[0mSeaBIOS (version rel-1.16.0-0-gd239552ce722-prebuilt.qemu.org)


iPXE (http://ipxe.org) 00:03.0 CA00 PCI2.10 PnP PMM+7FF91000+7FEF1000 CA00
Press Ctrl-B to configure iPXE (PCI 00:03.0)...                                                                               


Booting from ROM...
c[?7l[2J[    0.000000] Linux version 6.4.0-rc1-045957ee0a4e+ (root@p-rpls01) (gcc (GCC) 8.5.0 20210514 (Red Hat 8.5.0-19), GNU ld version 2.36.1-2.el8) #1 SMP PREEMPT_DYNAMIC Wed Jun 21 15:53:58 CST 2023
[    0.000000] Command line: console=ttyS0 root=/dev/sda earlyprintk=serial net.ifnames=0 quiet plymouth.enable=0
[    0.000000] KERNEL supported cpus:
[    0.000000]   Intel GenuineIntel
[    0.000000]   AMD AuthenticAMD
[    0.000000]   Hygon HygonGenuine
[    0.000000]   Centaur CentaurHauls
[    0.000000]   zhaoxin   Shanghai  
[    0.000000] x86/fpu: Supporting XSAVE feature 0x001: 'x87 floating point registers'
[    0.000000] x86/fpu: Supporting XSAVE feature 0x002: 'SSE registers'
[    0.000000] x86/fpu: Supporting XSAVE feature 0x004: 'AVX registers'
[    0.000000] x86/fpu: Supporting XSAVE feature 0x200: 'Protection Keys User registers'
[    0.000000] x86/fpu: xstate_offset[2]:  576, xstate_sizes[2]:  256
[    0.000000] x86/fpu: xstate_offset[9]:  832, xstate_sizes[9]:    8
[    0.000000] x86/fpu: Enabled xstate features 0x207, context size is 840 bytes, using 'compacted' format.
[    0.000000] signal: max sigframe size: 3632
[    0.000000] BIOS-provided physical RAM map:
[    0.000000] BIOS-e820: [mem 0x0000000000000000-0x000000000009fbff] usable
[    0.000000] BIOS-e820: [mem 0x000000000009fc00-0x000000000009ffff] reserved
[    0.000000] BIOS-e820: [mem 0x00000000000f0000-0x00000000000fffff] reserved
[    0.000000] BIOS-e820: [mem 0x0000000000100000-0x000000007ffdffff] usable
[    0.000000] BIOS-e820: [mem 0x000000007ffe0000-0x000000007fffffff] reserved
[    0.000000] BIOS-e820: [mem 0x00000000feffc000-0x00000000feffffff] reserved
[    0.000000] BIOS-e820: [mem 0x00000000fffc0000-0x00000000ffffffff] reserved
[    0.000000] printk: bootconsole [earlyser0] enabled
[    0.212499] Spectre V2 : WARNING: Unprivileged eBPF is enabled with eIBRS on, data leaks possible via Spectre v2 BHB attacks!
[   20.480819] systemd[1]: Failed to start Load Kernel Modules.
[[0;1;31mFAILED[0m] Failed to start [0;1;39mLoad Kernel Modules[0m.

CentOS Stream 9
Kernel 6.4.0-rc1-045957ee0a4e+ on an x86_64

Activate the web console with: systemctl enable --now cockpit.socket

test login: [   38.714109] loop0: detected capacity change from 0 to 2048
[   38.723566] EXT4-fs (loop0): mounted filesystem 00000000-0000-0000-0000-000000000000 without journal. Quota mode: none.
[   38.750134] EXT4-fs (loop0): unmounting filesystem 00000000-0000-0000-0000-000000000000.
[   38.786151] loop0: detected capacity change from 0 to 2048
[   38.801859] EXT4-fs (loop0): mounted filesystem 00000000-0000-0000-0000-000000000000 without journal. Quota mode: none.
[   38.822913] EXT4-fs (loop0): unmounting filesystem 00000000-0000-0000-0000-000000000000.
[   38.861409] loop0: detected capacity change from 0 to 2048
[   38.869628] EXT4-fs (loop0): mounted filesystem 00000000-0000-0000-0000-000000000000 without journal. Quota mode: none.
[   38.890198] EXT4-fs (loop0): unmounting filesystem 00000000-0000-0000-0000-000000000000.
[   38.909907] loop0: detected capacity change from 0 to 2048
[   38.931346] EXT4-fs (loop0): mounted filesystem 00000000-0000-0000-0000-000000000000 without journal. Quota mode: none.
[   38.943240] EXT4-fs (loop0): unmounting filesystem 00000000-0000-0000-0000-000000000000.
[   38.962649] loop0: detected capacity change from 0 to 2048
[   38.980254] EXT4-fs (loop0): mounted filesystem 00000000-0000-0000-0000-000000000000 without journal. Quota mode: none.
[   38.992227] EXT4-fs (loop0): unmounting filesystem 00000000-0000-0000-0000-000000000000.
[   39.023982] loop0: detected capacity change from 0 to 2048
[   39.037741] EXT4-fs (loop0): mounted filesystem 00000000-0000-0000-0000-000000000000 without journal. Quota mode: none.
[   39.048839] EXT4-fs (loop0): unmounting filesystem 00000000-0000-0000-0000-000000000000.
[   39.070731] loop0: detected capacity change from 0 to 2048
[   39.077176] EXT4-fs (loop0): mounted filesystem 00000000-0000-0000-0000-000000000000 without journal. Quota mode: none.
[   39.089295] EXT4-fs (loop0): unmounting filesystem 00000000-0000-0000-0000-000000000000.
[   39.109543] loop0: detected capacity change from 0 to 2048
[   39.117092] EXT4-fs (loop0): mounted filesystem 00000000-0000-0000-0000-000000000000 without journal. Quota mode: none.
[   39.132449] EXT4-fs (loop0): unmounting filesystem 00000000-0000-0000-0000-000000000000.
[   39.172189] loop0: detected capacity change from 0 to 2048
[   39.180916] EXT4-fs (loop0): mounted filesystem 00000000-0000-0000-0000-000000000000 without journal. Quota mode: none.
[   39.204797] EXT4-fs (loop0): unmounting filesystem 00000000-0000-0000-0000-000000000000.
[   39.241669] loop0: detected capacity change from 0 to 2048
[   39.250270] EXT4-fs (loop0): mounted filesystem 00000000-0000-0000-0000-000000000000 without journal. Quota mode: none.
[   39.260328] EXT4-fs (loop0): unmounting filesystem 00000000-0000-0000-0000-000000000000.
[   39.289956] loop0: detected capacity change from 0 to 2048
[   39.300067] EXT4-fs (loop0): mounted filesystem 00000000-0000-0000-0000-000000000000 without journal. Quota mode: none.
[   39.308283] EXT4-fs (loop0): unmounting filesystem 00000000-0000-0000-0000-000000000000.
[   39.332669] loop0: detected capacity change from 0 to 2048
[   39.341067] EXT4-fs (loop0): mounted filesystem 00000000-0000-0000-0000-000000000000 without journal. Quota mode: none.
[   39.353130] EXT4-fs (loop0): unmounting filesystem 00000000-0000-0000-0000-000000000000.
[   39.374405] loop0: detected capacity change from 0 to 2048
[   39.387331] EXT4-fs (loop0): mounted filesystem 00000000-0000-0000-0000-000000000000 without journal. Quota mode: none.
[   39.394325] EXT4-fs (loop0): unmounting filesystem 00000000-0000-0000-0000-000000000000.
[   39.439579] loop0: detected capacity change from 0 to 2048
[   39.444908] EXT4-fs (loop0): mounted filesystem 00000000-0000-0000-0000-000000000000 without journal. Quota mode: none.
[   39.461958] EXT4-fs (loop0): unmounting filesystem 00000000-0000-0000-0000-000000000000.
[   39.482780] loop0: detected capacity change from 0 to 2048
[   39.483582] I/O error, dev loop0, sector 0 op 0x0:(READ) flags 0x80700 phys_seg 1 prio class 2
[   39.503539] EXT4-fs (loop0): mounted filesystem 00000000-0000-0000-0000-000000000000 without journal. Quota mode: none.
[   39.510810] EXT4-fs (loop0): unmounting filesystem 00000000-0000-0000-0000-000000000000.
[   39.533732] loop0: detected capacity change from 0 to 2048
[   39.540985] EXT4-fs (loop0): mounted filesystem 00000000-0000-0000-0000-000000000000 without journal. Quota mode: none.
[   39.553381] EXT4-fs (loop0): unmounting filesystem 00000000-0000-0000-0000-000000000000.
[   39.582778] loop0: detected capacity change from 0 to 2048
[   39.589203] EXT4-fs (loop0): mounted filesystem 00000000-0000-0000-0000-000000000000 without journal. Quota mode: none.
[   39.600640] EXT4-fs (loop0): unmounting filesystem 00000000-0000-0000-0000-000000000000.
[   39.623703] loop0: detected capacity change from 0 to 2048
[   39.637526] EXT4-fs (loop0): mounted filesystem 00000000-0000-0000-0000-000000000000 without journal. Quota mode: none.
[   39.647648] EXT4-fs (loop0): unmounting filesystem 00000000-0000-0000-0000-000000000000.
[   39.671403] loop0: detected capacity change from 0 to 2048
[   39.677884] EXT4-fs (loop0): mounted filesystem 00000000-0000-0000-0000-000000000000 without journal. Quota mode: none.
[   39.688957] EXT4-fs (loop0): unmounting filesystem 00000000-0000-0000-0000-000000000000.
[   39.730426] loop0: detected capacity change from 0 to 2048
[   39.739722] EXT4-fs (loop0): mounted filesystem 00000000-0000-0000-0000-000000000000 without journal. Quota mode: none.
[   39.774207] EXT4-fs (loop0): unmounting filesystem 00000000-0000-0000-0000-000000000000.
[   39.795912] loop0: detected capacity change from 0 to 2048
[   39.804457] EXT4-fs (loop0): mounted filesystem 00000000-0000-0000-0000-000000000000 without journal. Quota mode: none.
[   39.825359] EXT4-fs (loop0): unmounting filesystem 00000000-0000-0000-0000-000000000000.
[   39.847795] loop0: detected capacity change from 0 to 2048
[   39.864363] EXT4-fs (loop0): mounted filesystem 00000000-0000-0000-0000-000000000000 without journal. Quota mode: none.
[   39.874632] EXT4-fs (loop0): unmounting filesystem 00000000-0000-0000-0000-000000000000.
[   39.894583] loop0: detected capacity change from 0 to 2048
[   39.921251] EXT4-fs (loop0): mounted filesystem 00000000-0000-0000-0000-000000000000 without journal. Quota mode: none.
[   39.929522] EXT4-fs (loop0): unmounting filesystem 00000000-0000-0000-0000-000000000000.
[   39.951087] loop0: detected capacity change from 0 to 2048
[   39.966625] EXT4-fs (loop0): mounted filesystem 00000000-0000-0000-0000-000000000000 without journal. Quota mode: none.
[   39.977732] EXT4-fs (loop0): unmounting filesystem 00000000-0000-0000-0000-000000000000.
[   39.998703] loop0: detected capacity change from 0 to 2048
[   40.009171] EXT4-fs (loop0): mounted filesystem 00000000-0000-0000-0000-000000000000 without journal. Quota mode: none.
[   40.017306] EXT4-fs (loop0): unmounting filesystem 00000000-0000-0000-0000-000000000000.
[   40.038721] loop0: detected capacity change from 0 to 2048
[   40.051843] EXT4-fs (loop0): mounted filesystem 00000000-0000-0000-0000-000000000000 without journal. Quota mode: none.
[   40.059551] EXT4-fs (loop0): unmounting filesystem 00000000-0000-0000-0000-000000000000.
[   40.081820] loop0: detected capacity change from 0 to 2048
[   40.094747] EXT4-fs (loop0): mounted filesystem 00000000-0000-0000-0000-000000000000 without journal. Quota mode: none.
[   40.113254] EXT4-fs (loop0): unmounting filesystem 00000000-0000-0000-0000-000000000000.
[   40.162906] loop0: detected capacity change from 0 to 2048
[   40.169665] EXT4-fs (loop0): mounted filesystem 00000000-0000-0000-0000-000000000000 without journal. Quota mode: none.
[   40.181299] EXT4-fs (loop0): unmounting filesystem 00000000-0000-0000-0000-000000000000.
[   40.204025] loop0: detected capacity change from 0 to 2048
[   40.220199] EXT4-fs (loop0): mounted filesystem 00000000-0000-0000-0000-000000000000 without journal. Quota mode: none.
[   40.231055] EXT4-fs (loop0): unmounting filesystem 00000000-0000-0000-0000-000000000000.
[   40.250904] loop0: detected capacity change from 0 to 2048
[   40.268539] EXT4-fs (loop0): mounted filesystem 00000000-0000-0000-0000-000000000000 without journal. Quota mode: none.
[   40.281856] EXT4-fs (loop0): unmounting filesystem 00000000-0000-0000-0000-000000000000.
[   40.304500] loop0: detected capacity change from 0 to 2048
[   40.317244] EXT4-fs (loop0): mounted filesystem 00000000-0000-0000-0000-000000000000 without journal. Quota mode: none.
[   40.335286] EXT4-fs (loop0): unmounting filesystem 00000000-0000-0000-0000-000000000000.
[   40.357794] loop0: detected capacity change from 0 to 2048
[   40.365560] EXT4-fs (loop0): mounted filesystem 00000000-0000-0000-0000-000000000000 without journal. Quota mode: none.
[   40.397176] loop0: detected capacity change from 0 to 2048
[   40.451698] loop0: detected capacity change from 0 to 2048
[   40.452704] I/O error, dev loop0, sector 0 op 0x0:(READ) flags 0x80700 phys_seg 1 prio class 2
[   40.516408] loop0: detected capacity change from 0 to 2048
[   40.517375] I/O error, dev loop0, sector 0 op 0x0:(READ) flags 0x80700 phys_seg 1 prio class 2
[   40.580416] loop0: detected capacity change from 0 to 2048
[   40.620397] loop0: detected capacity change from 0 to 2048
[   40.673059] loop0: detected capacity change from 0 to 2048
[   40.728508] loop0: detected capacity change from 0 to 2048
[   40.781567] loop0: detected capacity change from 0 to 2048
[   40.823031] loop0: detected capacity change from 0 to 2048
[   40.865238] loop0: detected capacity change from 0 to 2048
[   40.915360] loop0: detected capacity change from 0 to 2048
[   41.000267] loop0: detected capacity change from 0 to 2048
[   41.037630] loop0: detected capacity change from 0 to 2048
[   41.084082] loop0: detected capacity change from 0 to 2048
[   41.133757] loop0: detected capacity change from 0 to 2048
[   41.162136] loop0: detected capacity change from 0 to 2048
[   41.210652] loop0: detected capacity change from 0 to 2048
[   41.277209] loop0: detected capacity change from 0 to 2048
[   41.339469] loop0: detected capacity change from 0 to 2048
[   41.340511] I/O error, dev loop0, sector 0 op 0x0:(READ) flags 0x80700 phys_seg 1 prio class 2
[   41.400232] loop0: detected capacity change from 0 to 2048
[   41.453977] loop0: detected capacity change from 0 to 2048
[   41.509364] loop0: detected capacity change from 0 to 2048
[   41.562351] loop0: detected capacity change from 0 to 2048
[   41.613891] loop0: detected capacity change from 0 to 2048
[   41.665809] loop0: detected capacity change from 0 to 2048
[   41.713312] loop0: detected capacity change from 0 to 2048
[   41.776726] loop0: detected capacity change from 0 to 2048
[   41.824744] loop0: detected capacity change from 0 to 2048
[   41.882198] loop0: detected capacity change from 0 to 2048
[   41.918838] loop0: detected capacity change from 0 to 2048
[   41.960174] loop0: detected capacity change from 0 to 2048
[   42.021377] loop0: detected capacity change from 0 to 2048
[   42.074396] loop0: detected capacity change from 0 to 2048
[   42.109080] loop0: detected capacity change from 0 to 2048
[   42.170973] loop0: detected capacity change from 0 to 2048
[   42.221200] loop0: detected capacity change from 0 to 2048
[   42.261384] loop0: detected capacity change from 0 to 2048
[   42.261867] I/O error, dev loop0, sector 0 op 0x0:(READ) flags 0x80700 phys_seg 1 prio class 2
[   42.326834] loop0: detected capacity change from 0 to 2048
[   42.383405] loop0: detected capacity change from 0 to 2048
[   42.437581] loop0: detected capacity change from 0 to 2048
[   42.484988] loop0: detected capacity change from 0 to 2048
[   42.485987] I/O error, dev loop0, sector 0 op 0x0:(READ) flags 0x80700 phys_seg 1 prio class 2
[   42.531573] loop0: detected capacity change from 0 to 2048
[   42.598924] loop0: detected capacity change from 0 to 2048
[   42.599800] I/O error, dev loop0, sector 0 op 0x0:(READ) flags 0x80700 phys_seg 1 prio class 2
[   42.659675] loop0: detected capacity change from 0 to 2048
[   42.716130] loop0: detected capacity change from 0 to 2048
[   42.774291] loop0: detected capacity change from 0 to 2048
[   42.840657] loop0: detected capacity change from 0 to 2048
[   42.887641] loop0: detected capacity change from 0 to 2048
[   42.948697] loop0: detected capacity change from 0 to 2048
[   42.986113] loop0: detected capacity change from 0 to 2048
[   43.026376] loop0: detected capacity change from 0 to 2048
[   43.057277] loop0: detected capacity change from 0 to 2048
[   43.126005] loop0: detected capacity change from 0 to 2048
[   43.155322] loop0: detected capacity change from 0 to 2048
[   43.207799] loop0: detected capacity change from 0 to 2048
[   43.235772] loop0: detected capacity change from 0 to 2048
[   43.278274] loop0: detected capacity change from 0 to 2048
[   43.328515] loop0: detected capacity change from 0 to 2048
[   43.374451] loop0: detected capacity change from 0 to 2048
[   43.375550] I/O error, dev loop0, sector 0 op 0x0:(READ) flags 0x80700 phys_seg 1 prio class 2
[   43.375695] I/O error, dev loop0, sector 0 op 0x0:(READ) flags 0x0 phys_seg 1 prio class 2
[   43.375816] Buffer I/O error on dev loop0, logical block 0, async page read
[   43.375879] I/O error, dev loop0, sector 0 op 0x0:(READ) flags 0x0 phys_seg 1 prio class 2
[   43.381969] Buffer I/O error on dev loop0, logical block 0, async page read
[   43.448149] loop0: detected capacity change from 0 to 2048
[   43.449003] Buffer I/O error on dev loop0, logical block 0, async page read
[   43.504563] loop0: detected capacity change from 0 to 2048
[   43.544510] loop0: detected capacity change from 0 to 2048
[   43.581089] loop0: detected capacity change from 0 to 2048
[   43.625902] loop0: detected capacity change from 0 to 2048
[   43.668543] loop0: detected capacity change from 0 to 2048
[   43.710739] loop0: detected capacity change from 0 to 2048
[   43.777433] loop0: detected capacity change from 0 to 2048
[   43.825859] loop0: detected capacity change from 0 to 2048
[   43.862551] loop0: detected capacity change from 0 to 2048
[   43.908460] loop0: detected capacity change from 0 to 2048
[   43.938816] loop0: detected capacity change from 0 to 2048
[   43.939278] Buffer I/O error on dev loop0, logical block 0, async page read
[   43.978859] loop0: detected capacity change from 0 to 2048
[   44.038968] loop0: detected capacity change from 0 to 2048
[   44.080967] loop0: detected capacity change from 0 to 2048
[   44.153780] loop0: detected capacity change from 0 to 2048
[   44.207942] loop0: detected capacity change from 0 to 2048
[   44.242057] loop0: detected capacity change from 0 to 2048
[   44.281937] loop0: detected capacity change from 0 to 2048
[   44.318875] loop0: detected capacity change from 0 to 2048
[   44.356486] loop0: detected capacity change from 0 to 2048
[   44.356893] Buffer I/O error on dev loop0, logical block 0, async page read
[   44.386964] loop0: detected capacity change from 0 to 2048
[   44.426775] loop0: detected capacity change from 0 to 2048
[   44.459979] loop0: detected capacity change from 0 to 2048
[   44.525760] loop0: detected capacity change from 0 to 2048
[   44.576201] loop0: detected capacity change from 0 to 2048
[   44.612478] loop0: detected capacity change from 0 to 2048
[   44.644644] loop0: detected capacity change from 0 to 2048
[   44.675873] loop0: detected capacity change from 0 to 2048
[   44.709872] loop0: detected capacity change from 0 to 2048
[   44.744297] loop0: detected capacity change from 0 to 2048
[   44.787667] loop0: detected capacity change from 0 to 2048
[   44.788135] blk_print_req_error: 6 callbacks suppressed
[   44.788150] I/O error, dev loop0, sector 0 op 0x0:(READ) flags 0x80700 phys_seg 1 prio class 2
[   44.840254] loop0: detected capacity change from 0 to 2048
[   44.874431] loop0: detected capacity change from 0 to 2048
[   44.922703] loop0: detected capacity change from 0 to 2048
[   44.953021] loop0: detected capacity change from 0 to 2048
[   44.997621] loop0: detected capacity change from 0 to 2048
[   45.042265] loop0: detected capacity change from 0 to 2048
[   45.084127] loop0: detected capacity change from 0 to 2048
[   45.139859] loop0: detected capacity change from 0 to 2048
[   45.180345] loop0: detected capacity change from 0 to 2048
[   45.222757] loop0: detected capacity change from 0 to 2048
[   45.263979] loop0: detected capacity change from 0 to 2048
[   45.312397] loop0: detected capacity change from 0 to 2048
[   45.352676] loop0: detected capacity change from 0 to 2048
[   45.399884] loop0: detected capacity change from 0 to 2048
[   45.434623] loop0: detected capacity change from 0 to 2048
[   45.471144] loop0: detected capacity change from 0 to 2048
[   45.514830] loop0: detected capacity change from 0 to 2048
[   45.554167] loop0: detected capacity change from 0 to 2048
[   45.595471] loop0: detected capacity change from 0 to 2048
[   45.634431] loop0: detected capacity change from 0 to 2048
[   45.683886] loop0: detected capacity change from 0 to 2048
[   45.721297] loop0: detected capacity change from 0 to 2048
[   45.762007] loop0: detected capacity change from 0 to 2048
[   45.832875] loop0: detected capacity change from 0 to 2048
[   45.885576] loop0: detected capacity change from 0 to 2048
[   45.918886] loop0: detected capacity change from 0 to 2048
[   45.919383] I/O error, dev loop0, sector 0 op 0x0:(READ) flags 0x80700 phys_seg 1 prio class 2
[   45.958712] loop0: detected capacity change from 0 to 2048
[   45.997619] loop0: detected capacity change from 0 to 2048
[   46.035890] loop0: detected capacity change from 0 to 2048
[   46.065545] loop0: detected capacity change from 0 to 2048
[   46.065892] I/O error, dev loop0, sector 0 op 0x0:(READ) flags 0x80700 phys_seg 1 prio class 2
[   46.107440] loop0: detected capacity change from 0 to 2048
[   46.138307] loop0: detected capacity change from 0 to 2048
[   46.180910] loop0: detected capacity change from 0 to 2048
[   46.224626] loop0: detected capacity change from 0 to 2048
[   46.266972] loop0: detected capacity change from 0 to 2048
[   46.297446] loop0: detected capacity change from 0 to 2048
[   46.298070] I/O error, dev loop0, sector 0 op 0x0:(READ) flags 0x80700 phys_seg 1 prio class 2
[   46.330169] loop0: detected capacity change from 0 to 2048
[   46.372123] loop0: detected capacity change from 0 to 2048
[   46.402804] loop0: detected capacity change from 0 to 2048
[   46.442001] loop0: detected capacity change from 0 to 2048
[   46.480810] loop0: detected capacity change from 0 to 2048
[   46.515262] loop0: detected capacity change from 0 to 2048
[   46.550766] loop0: detected capacity change from 0 to 2048
[   46.582202] loop0: detected capacity change from 0 to 2048
[   46.621158] loop0: detected capacity change from 0 to 2048
[   46.655207] loop0: detected capacity change from 0 to 2048
[   46.691337] loop0: detected capacity change from 0 to 2048
[   46.726481] loop0: detected capacity change from 0 to 2048
[   46.771723] loop0: detected capacity change from 0 to 2048
[   46.824889] loop0: detected capacity change from 0 to 2048
[   46.865919] loop0: detected capacity change from 0 to 2048
[   46.911654] loop0: detected capacity change from 0 to 2048
[   46.964088] loop0: detected capacity change from 0 to 2048
[   47.021502] loop0: detected capacity change from 0 to 2048
[   47.067171] loop0: detected capacity change from 0 to 2048
[   47.100501] loop0: detected capacity change from 0 to 2048
[   47.150511] loop0: detected capacity change from 0 to 2048
[   47.186903] loop0: detected capacity change from 0 to 2048
[   47.232713] loop0: detected capacity change from 0 to 2048
[   47.288835] loop0: detected capacity change from 0 to 2048
[   47.289310] I/O error, dev loop0, sector 0 op 0x0:(READ) flags 0x80700 phys_seg 1 prio class 2
[   47.354006] loop0: detected capacity change from 0 to 2048
[   47.402344] loop0: detected capacity change from 0 to 2048
[   47.402853] I/O error, dev loop0, sector 0 op 0x0:(READ) flags 0x80700 phys_seg 1 prio class 2
[   47.471238] loop0: detected capacity change from 0 to 2048
[   47.509774] loop0: detected capacity change from 0 to 2048
[   47.543971] loop0: detected capacity change from 0 to 2048
[   47.573974] loop0: detected capacity change from 0 to 2048
[   47.608333] loop0: detected capacity change from 0 to 2048
[   47.645014] loop0: detected capacity change from 0 to 2048
[   47.645576] I/O error, dev loop0, sector 0 op 0x0:(READ) flags 0x80700 phys_seg 1 prio class 2
[   47.703909] loop0: detected capacity change from 0 to 2048
[   47.746444] loop0: detected capacity change from 0 to 2048
[   47.786967] loop0: detected capacity change from 0 to 2048
[   47.836600] loop0: detected capacity change from 0 to 2048
[   47.874865] loop0: detected capacity change from 0 to 2048
[   47.900287] loop0: detected capacity change from 0 to 2048
[   47.901374] I/O error, dev loop0, sector 0 op 0x0:(READ) flags 0x80700 phys_seg 1 prio class 2
[   47.960751] loop0: detected capacity change from 0 to 2048
[   48.020041] loop0: detected capacity change from 0 to 2048
[   48.020518] I/O error, dev loop0, sector 0 op 0x0:(READ) flags 0x80700 phys_seg 1 prio class 2
[   48.067577] loop0: detected capacity change from 0 to 2048
[   48.111669] loop0: detected capacity change from 0 to 2048
[   48.149090] loop0: detected capacity change from 0 to 2048
[   48.191754] loop0: detected capacity change from 0 to 2048
[   48.229311] loop0: detected capacity change from 0 to 2048
[   48.275912] loop0: detected capacity change from 0 to 2048
[   48.325879] loop0: detected capacity change from 0 to 2048
[   48.326274] I/O error, dev loop0, sector 0 op 0x0:(READ) flags 0x80700 phys_seg 1 prio class 2
[   48.365498] loop0: detected capacity change from 0 to 2048
[   48.402873] loop0: detected capacity change from 0 to 2048
[   48.451333] loop0: detected capacity change from 0 to 2048
[   48.508031] loop0: detected capacity change from 0 to 2048
[   48.550084] loop0: detected capacity change from 0 to 2048
[   48.578030] loop0: detected capacity change from 0 to 2048
[   48.625333] loop0: detected capacity change from 0 to 2048
[   48.654829] loop0: detected capacity change from 0 to 2048
[   48.719060] loop0: detected capacity change from 0 to 2048
[   48.739264] EXT4-fs mount: 365 callbacks suppressed
[   48.739284] EXT4-fs (loop0): mounted filesystem 00000000-0000-0000-0000-000000000000 without journal. Quota mode: none.
[   48.757349] EXT4-fs (loop0): unmounting filesystem 00000000-0000-0000-0000-000000000000.
[   48.784013] loop0: detected capacity change from 0 to 2048
[   48.797671] EXT4-fs (loop0): mounted filesystem 00000000-0000-0000-0000-000000000000 without journal. Quota mode: none.
[   48.822190] EXT4-fs (loop0): unmounting filesystem 00000000-0000-0000-0000-000000000000.
[   48.866347] loop0: detected capacity change from 0 to 2048
[   48.873341] EXT4-fs (loop0): mounted filesystem 00000000-0000-0000-0000-000000000000 without journal. Quota mode: none.
[   48.889812] EXT4-fs (loop0): unmounting filesystem 00000000-0000-0000-0000-000000000000.
[   48.918299] loop0: detected capacity change from 0 to 2048
[   48.925170] EXT4-fs (loop0): mounted filesystem 00000000-0000-0000-0000-000000000000 without journal. Quota mode: none.
[   48.933208] EXT4-fs (loop0): unmounting filesystem 00000000-0000-0000-0000-000000000000.
[   48.959114] loop0: detected capacity change from 0 to 2048
[   48.965447] EXT4-fs (loop0): mounted filesystem 00000000-0000-0000-0000-000000000000 without journal. Quota mode: none.
[   48.973101] EXT4-fs (loop0): unmounting filesystem 00000000-0000-0000-0000-000000000000.
[   48.991292] loop0: detected capacity change from 0 to 2048
[   49.013166] EXT4-fs (loop0): mounted filesystem 00000000-0000-0000-0000-000000000000 without journal. Quota mode: none.
[   49.021281] EXT4-fs (loop0): unmounting filesystem 00000000-0000-0000-0000-000000000000.
[   49.044948] loop0: detected capacity change from 0 to 2048
[   49.059264] EXT4-fs (loop0): mounted filesystem 00000000-0000-0000-0000-000000000000 without journal. Quota mode: none.
[   49.068877] EXT4-fs (loop0): unmounting filesystem 00000000-0000-0000-0000-000000000000.
[   49.105102] loop0: detected capacity change from 0 to 2048
[   49.113046] EXT4-fs (loop0): mounted filesystem 00000000-0000-0000-0000-000000000000 without journal. Quota mode: none.
[   49.124448] EXT4-fs (loop0): unmounting filesystem 00000000-0000-0000-0000-000000000000.
[   49.158180] loop0: detected capacity change from 0 to 2048
[   49.158933] Buffer I/O error on dev loop0, logical block 0, async page read
[   49.172792] EXT4-fs (loop0): mounted filesystem 00000000-0000-0000-0000-000000000000 without journal. Quota mode: none.
[   49.181231] EXT4-fs (loop0): unmounting filesystem 00000000-0000-0000-0000-000000000000.
[   49.212401] loop0: detected capacity change from 0 to 2048
[   49.221599] EXT4-fs (loop0): mounted filesystem 00000000-0000-0000-0000-000000000000 without journal. Quota mode: none.
[   49.232903] EXT4-fs (loop0): unmounting filesystem 00000000-0000-0000-0000-000000000000.
[   49.253459] loop0: detected capacity change from 0 to 2048
[   49.262341] EXT4-fs (loop0): mounted filesystem 00000000-0000-0000-0000-000000000000 without journal. Quota mode: none.
[   49.278238] EXT4-fs (loop0): unmounting filesystem 00000000-0000-0000-0000-000000000000.
[   49.310569] loop0: detected capacity change from 0 to 2048
[   49.316773] EXT4-fs (loop0): mounted filesystem 00000000-0000-0000-0000-000000000000 without journal. Quota mode: none.
[   49.330937] EXT4-fs (loop0): unmounting filesystem 00000000-0000-0000-0000-000000000000.
[   49.374654] loop0: detected capacity change from 0 to 2048
[   49.385038] EXT4-fs (loop0): mounted filesystem 00000000-0000-0000-0000-000000000000 without journal. Quota mode: none.
[   49.395347] EXT4-fs (loop0): unmounting filesystem 00000000-0000-0000-0000-000000000000.
[   49.417504] loop0: detected capacity change from 0 to 2048
[   49.424547] EXT4-fs (loop0): mounted filesystem 00000000-0000-0000-0000-000000000000 without journal. Quota mode: none.
[   49.438940] EXT4-fs (loop0): unmounting filesystem 00000000-0000-0000-0000-000000000000.
[   49.457616] loop0: detected capacity change from 0 to 2048
[   49.469424] EXT4-fs (loop0): mounted filesystem 00000000-0000-0000-0000-000000000000 without journal. Quota mode: none.
[   49.481685] EXT4-fs (loop0): unmounting filesystem 00000000-0000-0000-0000-000000000000.
[   49.513317] loop0: detected capacity change from 0 to 2048
[   49.516413] EXT4-fs (loop0): mounted filesystem 00000000-0000-0000-0000-000000000000 without journal. Quota mode: none.
[   49.530295] EXT4-fs (loop0): unmounting filesystem 00000000-0000-0000-0000-000000000000.
[   49.548257] loop0: detected capacity change from 0 to 2048
[   49.548628] Buffer I/O error on dev loop0, logical block 0, async page read
[   49.557915] EXT4-fs (loop0): mounted filesystem 00000000-0000-0000-0000-000000000000 without journal. Quota mode: none.
[   49.569769] EXT4-fs (loop0): unmounting filesystem 00000000-0000-0000-0000-000000000000.
[   49.598345] loop0: detected capacity change from 0 to 2048
[   49.604803] EXT4-fs (loop0): mounted filesystem 00000000-0000-0000-0000-000000000000 without journal. Quota mode: none.
[   49.609616] EXT4-fs (loop0): unmounting filesystem 00000000-0000-0000-0000-000000000000.
[   49.622047] loop0: detected capacity change from 0 to 2048
[   49.628689] EXT4-fs (loop0): mounted filesystem 00000000-0000-0000-0000-000000000000 without journal. Quota mode: none.
[   49.637843] EXT4-fs (loop0): unmounting filesystem 00000000-0000-0000-0000-000000000000.
[   49.666090] loop0: detected capacity change from 0 to 2048
[   49.676018] EXT4-fs (loop0): mounted filesystem 00000000-0000-0000-0000-000000000000 without journal. Quota mode: none.
[   49.682844] EXT4-fs (loop0): unmounting filesystem 00000000-0000-0000-0000-000000000000.
[   49.710730] loop0: detected capacity change from 0 to 2048
[   49.716344] EXT4-fs (loop0): mounted filesystem 00000000-0000-0000-0000-000000000000 without journal. Quota mode: none.
[   49.720802] EXT4-fs (loop0): unmounting filesystem 00000000-0000-0000-0000-000000000000.
[   49.766739] loop0: detected capacity change from 0 to 2048
[   49.772696] EXT4-fs (loop0): mounted filesystem 00000000-0000-0000-0000-000000000000 without journal. Quota mode: none.
[   49.787375] EXT4-fs (loop0): unmounting filesystem 00000000-0000-0000-0000-000000000000.
[   49.807906] loop0: detected capacity change from 0 to 2048
[   49.812795] EXT4-fs (loop0): mounted filesystem 00000000-0000-0000-0000-000000000000 without journal. Quota mode: none.
[   49.823773] EXT4-fs (loop0): unmounting filesystem 00000000-0000-0000-0000-000000000000.
[   49.853933] loop0: detected capacity change from 0 to 2048
[   49.861298] EXT4-fs (loop0): mounted filesystem 00000000-0000-0000-0000-000000000000 without journal. Quota mode: none.
[   49.868779] EXT4-fs (loop0): unmounting filesystem 00000000-0000-0000-0000-000000000000.
[   49.878909] loop0: detected capacity change from 0 to 2048
[   49.892674] EXT4-fs (loop0): mounted filesystem 00000000-0000-0000-0000-000000000000 without journal. Quota mode: none.
[   49.904765] EXT4-fs (loop0): unmounting filesystem 00000000-0000-0000-0000-000000000000.
[   49.922527] loop0: detected capacity change from 0 to 2048
[   49.928253] EXT4-fs (loop0): mounted filesystem 00000000-0000-0000-0000-000000000000 without journal. Quota mode: none.
[   49.936888] EXT4-fs (loop0): unmounting filesystem 00000000-0000-0000-0000-000000000000.
[   49.963769] loop0: detected capacity change from 0 to 2048
[   49.977842] EXT4-fs (loop0): mounted filesystem 00000000-0000-0000-0000-000000000000 without journal. Quota mode: none.
[   49.983629] EXT4-fs (loop0): unmounting filesystem 00000000-0000-0000-0000-000000000000.
[   49.996963] loop0: detected capacity change from 0 to 2048
[   50.012480] EXT4-fs (loop0): mounted filesystem 00000000-0000-0000-0000-000000000000 without journal. Quota mode: none.
[   50.024898] EXT4-fs (loop0): unmounting filesystem 00000000-0000-0000-0000-000000000000.
[   50.038848] loop0: detected capacity change from 0 to 2048
[   50.044051] EXT4-fs (loop0): mounted filesystem 00000000-0000-0000-0000-000000000000 without journal. Quota mode: none.
[   50.051656] EXT4-fs (loop0): unmounting filesystem 00000000-0000-0000-0000-000000000000.
[   50.073700] loop0: detected capacity change from 0 to 2048
[   50.080384] EXT4-fs (loop0): mounted filesystem 00000000-0000-0000-0000-000000000000 without journal. Quota mode: none.
[   50.088129] EXT4-fs (loop0): unmounting filesystem 00000000-0000-0000-0000-000000000000.
[   50.122259] loop0: detected capacity change from 0 to 2048
[   50.133093] EXT4-fs (loop0): mounted filesystem 00000000-0000-0000-0000-000000000000 without journal. Quota mode: none.
[   50.140482] EXT4-fs (loop0): unmounting filesystem 00000000-0000-0000-0000-000000000000.
[   50.171052] loop0: detected capacity change from 0 to 2048
[   50.176389] EXT4-fs (loop0): mounted filesystem 00000000-0000-0000-0000-000000000000 without journal. Quota mode: none.
[   50.181755] EXT4-fs (loop0): unmounting filesystem 00000000-0000-0000-0000-000000000000.
[   50.213985] loop0: detected capacity change from 0 to 2048
[   50.244314] loop0: detected capacity change from 0 to 2048
[   50.269463] loop0: detected capacity change from 0 to 2048
[   50.298058] loop0: detected capacity change from 0 to 2048
[   50.325548] loop0: detected capacity change from 0 to 2048
[   50.362215] loop0: detected capacity change from 0 to 2048
[   50.362597] blk_print_req_error: 4 callbacks suppressed
[   50.362608] I/O error, dev loop0, sector 0 op 0x0:(READ) flags 0x80700 phys_seg 1 prio class 2
[   50.401033] loop0: detected capacity change from 0 to 2048
[   50.446370] loop0: detected capacity change from 0 to 2048
[   50.482763] loop0: detected capacity change from 0 to 2048
[   50.524445] loop0: detected capacity change from 0 to 2048
[   50.552822] loop0: detected capacity change from 0 to 2048
[   50.581041] loop0: detected capacity change from 0 to 2048
[   50.616864] loop0: detected capacity change from 0 to 2048
[   50.645312] loop0: detected capacity change from 0 to 2048
[   50.679251] loop0: detected capacity change from 0 to 2048
[   50.708114] loop0: detected capacity change from 0 to 2048
[   50.751902] loop0: detected capacity change from 0 to 2048
[   50.800204] loop0: detected capacity change from 0 to 2048
[   50.842709] loop0: detected capacity change from 0 to 2048
[   50.876145] loop0: detected capacity change from 0 to 2048
[   50.876376] I/O error, dev loop0, sector 0 op 0x0:(READ) flags 0x80700 phys_seg 1 prio class 2
[   50.908628] loop0: detected capacity change from 0 to 2048
[   50.934253] loop0: detected capacity change from 0 to 2048
[   50.966065] loop0: detected capacity change from 0 to 2048
[   50.994210] loop0: detected capacity change from 0 to 2048
[   51.025759] loop0: detected capacity change from 0 to 2048
[   51.057133] loop0: detected capacity change from 0 to 2048
[   51.076884] loop0: detected capacity change from 0 to 2048
[   51.103815] loop0: detected capacity change from 0 to 2048
[   51.133041] loop0: detected capacity change from 0 to 2048
[   51.133611] I/O error, dev loop0, sector 0 op 0x0:(READ) flags 0x80700 phys_seg 1 prio class 2
[   51.167329] loop0: detected capacity change from 0 to 2048
[   51.201233] loop0: detected capacity change from 0 to 2048
[   51.227910] loop0: detected capacity change from 0 to 2048
[   51.256280] loop0: detected capacity change from 0 to 2048
[   51.292343] loop0: detected capacity change from 0 to 2048
[   51.325930] loop0: detected capacity change from 0 to 2048
[   51.370636] loop0: detected capacity change from 0 to 2048
[   51.398281] loop0: detected capacity change from 0 to 2048
[   51.432510] loop0: detected capacity change from 0 to 2048
[   51.472116] loop0: detected capacity change from 0 to 2048
[   51.517695] loop0: detected capacity change from 0 to 2048
[   51.562263] loop0: detected capacity change from 0 to 2048
[   51.589394] loop0: detected capacity change from 0 to 2048
[   51.621596] loop0: detected capacity change from 0 to 2048
[   51.622205] I/O error, dev loop0, sector 0 op 0x0:(READ) flags 0x80700 phys_seg 1 prio class 2
[   51.665204] loop0: detected capacity change from 0 to 2048
[   51.705355] loop0: detected capacity change from 0 to 2048
[   51.733945] loop0: detected capacity change from 0 to 2048
[   51.790482] loop0: detected capacity change from 0 to 2048
[   51.823558] loop0: detected capacity change from 0 to 2048
[   51.855484] loop0: detected capacity change from 0 to 2048
[   51.884137] loop0: detected capacity change from 0 to 2048
[   51.908653] loop0: detected capacity change from 0 to 2048
[   51.950494] loop0: detected capacity change from 0 to 2048
[   51.996549] loop0: detected capacity change from 0 to 2048
[   52.051915] loop0: detected capacity change from 0 to 2048
[   52.087392] loop0: detected capacity change from 0 to 2048
[   52.128640] loop0: detected capacity change from 0 to 2048
[   52.173209] loop0: detected capacity change from 0 to 2048
[   52.199218] loop0: detected capacity change from 0 to 2048
[   52.242859] loop0: detected capacity change from 0 to 2048
[   52.272071] loop0: detected capacity change from 0 to 2048
[   52.297799] loop0: detected capacity change from 0 to 2048
[   52.325924] loop0: detected capacity change from 0 to 2048
[   52.365207] loop0: detected capacity change from 0 to 2048
[   52.409898] loop0: detected capacity change from 0 to 2048
[   52.443971] loop0: detected capacity change from 0 to 2048
[   52.480182] loop0: detected capacity change from 0 to 2048
[   52.515540] loop0: detected capacity change from 0 to 2048
[   52.541149] loop0: detected capacity change from 0 to 2048
[   52.565021] loop0: detected capacity change from 0 to 2048
[   52.589889] loop0: detected capacity change from 0 to 2048
[   52.622075] loop0: detected capacity change from 0 to 2048
[   52.661838] loop0: detected capacity change from 0 to 2048
[   52.702687] loop0: detected capacity change from 0 to 2048
[   52.728446] loop0: detected capacity change from 0 to 2048
[   52.773596] loop0: detected capacity change from 0 to 2048
[   52.773868] I/O error, dev loop0, sector 0 op 0x0:(READ) flags 0x80700 phys_seg 1 prio class 2
[   52.826655] loop0: detected capacity change from 0 to 2048
[   52.865966] loop0: detected capacity change from 0 to 2048
[   52.905313] loop0: detected capacity change from 0 to 2048
[   52.905752] I/O error, dev loop0, sector 0 op 0x0:(READ) flags 0x80700 phys_seg 1 prio class 2
[   52.943312] loop0: detected capacity change from 0 to 2048
[   52.990567] loop0: detected capacity change from 0 to 2048
[   53.030964] loop0: detected capacity change from 0 to 2048
[   53.057180] loop0: detected capacity change from 0 to 2048
[   53.093936] loop0: detected capacity change from 0 to 2048
[   53.094295] I/O error, dev loop0, sector 0 op 0x0:(READ) flags 0x80700 phys_seg 1 prio class 2
[   53.136797] loop0: detected capacity change from 0 to 2048
[   53.169535] loop0: detected capacity change from 0 to 2048
[   53.194809] loop0: detected capacity change from 0 to 2048
[   53.195311] I/O error, dev loop0, sector 0 op 0x0:(READ) flags 0x80700 phys_seg 1 prio class 2
[   53.224821] loop0: detected capacity change from 0 to 2048
[   53.259334] loop0: detected capacity change from 0 to 2048
[   53.282688] loop0: detected capacity change from 0 to 2048
[   53.283200] I/O error, dev loop0, sector 0 op 0x0:(READ) flags 0x80700 phys_seg 1 prio class 2
[   53.313412] loop0: detected capacity change from 0 to 2048
[   53.336566] loop0: detected capacity change from 0 to 2048
[   53.368499] loop0: detected capacity change from 0 to 2048
[   53.410392] loop0: detected capacity change from 0 to 2048
[   53.461688] loop0: detected capacity change from 0 to 2048
[   53.502653] loop0: detected capacity change from 0 to 2048
[   53.525462] loop0: detected capacity change from 0 to 2048
[   53.569572] loop0: detected capacity change from 0 to 2048
[   53.601739] loop0: detected capacity change from 0 to 2048
[   53.629014] loop0: detected capacity change from 0 to 2048
[   53.652677] loop0: detected capacity change from 0 to 2048
[   53.680404] loop0: detected capacity change from 0 to 2048
[   53.705627] loop0: detected capacity change from 0 to 2048
[   53.733338] loop0: detected capacity change from 0 to 2048
[   53.761624] loop0: detected capacity change from 0 to 2048
[   53.804266] loop0: detected capacity change from 0 to 2048
[   53.835746] loop0: detected capacity change from 0 to 2048
[   53.868355] loop0: detected capacity change from 0 to 2048
[   53.900966] loop0: detected capacity change from 0 to 2048
[   53.931994] loop0: detected capacity change from 0 to 2048
[   53.965688] loop0: detected capacity change from 0 to 2048
[   53.998562] loop0: detected capacity change from 0 to 2048
[   54.040876] loop0: detected capacity change from 0 to 2048
[   54.095595] loop0: detected capacity change from 0 to 2048
[   54.128387] loop0: detected capacity change from 0 to 2048
[   54.144986] loop0: detected capacity change from 0 to 2048
[   54.171662] loop0: detected capacity change from 0 to 2048
[   54.200537] loop0: detected capacity change from 0 to 2048
[   54.249962] loop0: detected capacity change from 0 to 2048
[   54.250197] I/O error, dev loop0, sector 0 op 0x0:(READ) flags 0x80700 phys_seg 1 prio class 2
[   54.298389] loop0: detected capacity change from 0 to 2048
[   54.321933] loop0: detected capacity change from 0 to 2048
[   54.350202] loop0: detected capacity change from 0 to 2048
[   54.378205] loop0: detected capacity change from 0 to 2048
[   54.407659] loop0: detected capacity change from 0 to 2048
[   54.434194] loop0: detected capacity change from 0 to 2048
[   54.461977] loop0: detected capacity change from 0 to 2048
[   54.486856] loop0: detected capacity change from 0 to 2048
[   54.514392] loop0: detected capacity change from 0 to 2048
[   54.543117] loop0: detected capacity change from 0 to 2048
[   54.570349] loop0: detected capacity change from 0 to 2048
[   54.598693] loop0: detected capacity change from 0 to 2048
[   54.629282] loop0: detected capacity change from 0 to 2048
[   54.666602] loop0: detected capacity change from 0 to 2048
[   54.693622] loop0: detected capacity change from 0 to 2048
[   54.735757] loop0: detected capacity change from 0 to 2048
[   54.777658] loop0: detected capacity change from 0 to 2048
[   54.826687] loop0: detected capacity change from 0 to 2048
[   54.862044] loop0: detected capacity change from 0 to 2048
[   54.893541] loop0: detected capacity change from 0 to 2048
[   54.939377] loop0: detected capacity change from 0 to 2048
[   54.978911] loop0: detected capacity change from 0 to 2048
[   55.002878] loop0: detected capacity change from 0 to 2048
[   55.021274] loop0: detected capacity change from 0 to 2048
[   55.050965] loop0: detected capacity change from 0 to 2048
[   55.091692] loop0: detected capacity change from 0 to 2048
[   55.115707] loop0: detected capacity change from 0 to 2048
[   55.141059] loop0: detected capacity change from 0 to 2048
[   55.175895] loop0: detected capacity change from 0 to 2048
[   55.209620] loop0: detected capacity change from 0 to 2048
[   55.233170] loop0: detected capacity change from 0 to 2048
[   55.264388] loop0: detected capacity change from 0 to 2048
[   55.293979] loop0: detected capacity change from 0 to 2048
[   55.326286] loop0: detected capacity change from 0 to 2048
[   55.358862] loop0: detected capacity change from 0 to 2048
[   55.390364] loop0: detected capacity change from 0 to 2048
[   55.410624] loop0: detected capacity change from 0 to 2048
[   55.443427] loop0: detected capacity change from 0 to 2048
[   55.473112] loop0: detected capacity change from 0 to 2048
[   55.503776] loop0: detected capacity change from 0 to 2048
[   55.551319] loop0: detected capacity change from 0 to 2048
[   55.576386] loop0: detected capacity change from 0 to 2048
[   55.624277] loop0: detected capacity change from 0 to 2048
[   55.661612] loop0: detected capacity change from 0 to 2048
[   55.696504] loop0: detected capacity change from 0 to 2048
[   55.721752] loop0: detected capacity change from 0 to 2048
[   55.758383] loop0: detected capacity change from 0 to 2048
[   55.802166] loop0: detected capacity change from 0 to 2048
[   55.843233] loop0: detected capacity change from 0 to 2048
[   55.880549] loop0: detected capacity change from 0 to 2048
[   55.916023] loop0: detected capacity change from 0 to 2048
[   55.949682] loop0: detected capacity change from 0 to 2048
[   55.983528] loop0: detected capacity change from 0 to 2048
[   56.030141] loop0: detected capacity change from 0 to 2048
[   56.060079] loop0: detected capacity change from 0 to 2048
[   56.097042] loop0: detected capacity change from 0 to 2048
[   56.120311] loop0: detected capacity change from 0 to 2048
[   56.144247] loop0: detected capacity change from 0 to 2048
[   56.169081] loop0: detected capacity change from 0 to 2048
[   56.197079] loop0: detected capacity change from 0 to 2048
[   56.224385] loop0: detected capacity change from 0 to 2048
[   56.256568] loop0: detected capacity change from 0 to 2048
[   56.287652] loop0: detected capacity change from 0 to 2048
[   56.333824] loop0: detected capacity change from 0 to 2048
[   56.360361] loop0: detected capacity change from 0 to 2048
[   56.385438] loop0: detected capacity change from 0 to 2048
[   56.409196] loop0: detected capacity change from 0 to 2048
[   56.433307] loop0: detected capacity change from 0 to 2048
[   56.454056] loop0: detected capacity change from 0 to 2048
[   56.494384] loop0: detected capacity change from 0 to 2048
[   56.538189] loop0: detected capacity change from 0 to 2048
[   56.563304] loop0: detected capacity change from 0 to 2048
[   56.592088] loop0: detected capacity change from 0 to 2048
[   56.625105] loop0: detected capacity change from 0 to 2048
[   56.678683] loop0: detected capacity change from 0 to 2048
[   56.718443] loop0: detected capacity change from 0 to 2048
[   56.742617] loop0: detected capacity change from 0 to 2048
[   56.780302] loop0: detected capacity change from 0 to 2048
[   56.826771] loop0: detected capacity change from 0 to 2048
[   56.858475] loop0: detected capacity change from 0 to 2048
[   56.901934] loop0: detected capacity change from 0 to 2048
[   56.902164] I/O error, dev loop0, sector 0 op 0x0:(READ) flags 0x80700 phys_seg 1 prio class 2
[   56.945625] loop0: detected capacity change from 0 to 2048
[   56.946029] I/O error, dev loop0, sector 0 op 0x0:(READ) flags 0x80700 phys_seg 1 prio class 2
[   56.975947] loop0: detected capacity change from 0 to 2048
[   56.976278] I/O error, dev loop0, sector 0 op 0x0:(READ) flags 0x80700 phys_seg 1 prio class 2
[   57.000665] loop0: detected capacity change from 0 to 2048
[   57.029631] loop0: detected capacity change from 0 to 2048
[   57.058056] loop0: detected capacity change from 0 to 2048
[   57.097990] loop0: detected capacity change from 0 to 2048
[   57.137859] loop0: detected capacity change from 0 to 2048
[   57.163335] loop0: detected capacity change from 0 to 2048
[   57.186647] loop0: detected capacity change from 0 to 2048
[   57.214404] loop0: detected capacity change from 0 to 2048
[   57.247752] loop0: detected capacity change from 0 to 2048
[   57.289959] loop0: detected capacity change from 0 to 2048
[   57.322970] loop0: detected capacity change from 0 to 2048
[   57.350023] loop0: detected capacity change from 0 to 2048
[   57.390317] loop0: detected capacity change from 0 to 2048
[   57.422534] loop0: detected capacity change from 0 to 2048
[   57.450875] loop0: detected capacity change from 0 to 2048
[   57.479084] loop0: detected capacity change from 0 to 2048
[   57.511060] loop0: detected capacity change from 0 to 2048
[   57.544411] loop0: detected capacity change from 0 to 2048
[   57.570158] loop0: detected capacity change from 0 to 2048
[   57.598986] loop0: detected capacity change from 0 to 2048
[   57.630469] loop0: detected capacity change from 0 to 2048
[   57.659408] loop0: detected capacity change from 0 to 2048
[   57.686107] loop0: detected capacity change from 0 to 2048
[   57.713598] loop0: detected capacity change from 0 to 2048
[   57.760111] loop0: detected capacity change from 0 to 2048
[   57.802029] loop0: detected capacity change from 0 to 2048
[   57.841439] loop0: detected capacity change from 0 to 2048
[   57.874268] loop0: detected capacity change from 0 to 2048
[   57.899989] loop0: detected capacity change from 0 to 2048
[   57.953459] loop0: detected capacity change from 0 to 2048
[   57.986403] loop0: detected capacity change from 0 to 2048
[   58.021747] loop0: detected capacity change from 0 to 2048
[   58.044977] loop0: detected capacity change from 0 to 2048
[   58.092563] loop0: detected capacity change from 0 to 2048
[   58.143739] loop0: detected capacity change from 0 to 2048
[   58.177531] loop0: detected capacity change from 0 to 2048
[   58.206972] loop0: detected capacity change from 0 to 2048
[   58.237169] loop0: detected capacity change from 0 to 2048
[   58.271463] loop0: detected capacity change from 0 to 2048
[   58.303160] loop0: detected capacity change from 0 to 2048
[   58.346582] loop0: detected capacity change from 0 to 2048
[   58.381217] loop0: detected capacity change from 0 to 2048
[   58.417618] loop0: detected capacity change from 0 to 2048
[   58.448092] loop0: detected capacity change from 0 to 2048
[   58.486206] loop0: detected capacity change from 0 to 2048
[   58.531310] loop0: detected capacity change from 0 to 2048
[   58.563328] loop0: detected capacity change from 0 to 2048
[   58.605495] loop0: detected capacity change from 0 to 2048
[   58.645176] loop0: detected capacity change from 0 to 2048
[   58.685487] loop0: detected capacity change from 0 to 2048
[   58.685902] I/O error, dev loop0, sector 0 op 0x0:(READ) flags 0x80700 phys_seg 1 prio class 2
[   58.720001] loop0: detected capacity change from 0 to 2048
[   58.750313] loop0: detected capacity change from 0 to 2048
[   58.783958] loop0: detected capacity change from 0 to 2048
[   58.784579] I/O error, dev loop0, sector 0 op 0x0:(READ) flags 0x80700 phys_seg 1 prio class 2
[   58.816357] loop0: detected capacity change from 0 to 2048
[   58.816843] I/O error, dev loop0, sector 0 op 0x0:(READ) flags 0x80700 phys_seg 1 prio class 2
[   58.857091] loop0: detected capacity change from 0 to 2048
[   58.900081] loop0: detected capacity change from 0 to 2048
[   58.942797] loop0: detected capacity change from 0 to 2048
[   58.974784] loop0: detected capacity change from 0 to 2048
[   59.018777] loop0: detected capacity change from 0 to 2048
[   59.053795] loop0: detected capacity change from 0 to 2048
[   59.054096] I/O error, dev loop0, sector 0 op 0x0:(READ) flags 0x80700 phys_seg 1 prio class 2
[   59.102750] loop0: detected capacity change from 0 to 2048
[   59.146687] loop0: detected capacity change from 0 to 2048
[   59.176661] loop0: detected capacity change from 0 to 2048
[   59.198669] loop0: detected capacity change from 0 to 2048
[   59.239604] loop0: detected capacity change from 0 to 2048
[   59.283631] loop0: detected capacity change from 0 to 2048
[   59.308796] loop0: detected capacity change from 0 to 2048
[   59.336158] loop0: detected capacity change from 0 to 2048
[   59.379177] loop0: detected capacity change from 0 to 2048
[   59.417791] loop0: detected capacity change from 0 to 2048
[   59.451663] loop0: detected capacity change from 0 to 2048
[   59.477844] loop0: detected capacity change from 0 to 2048
[   59.523884] loop0: detected capacity change from 0 to 2048
[   59.552125] loop0: detected capacity change from 0 to 2048
[   59.580079] loop0: detected capacity change from 0 to 2048
[   59.608468] loop0: detected capacity change from 0 to 2048
[   59.635498] loop0: detected capacity change from 0 to 2048
[   59.678181] loop0: detected capacity change from 0 to 2048
[   59.718516] loop0: detected capacity change from 0 to 2048
[   59.752574] loop0: detected capacity change from 0 to 2048
[   59.793859] loop0: detected capacity change from 0 to 2048
[   59.827147] loop0: detected capacity change from 0 to 2048
[   59.857814] loop0: detected capacity change from 0 to 2048
[   59.902239] loop0: detected capacity change from 0 to 2048
[   59.902616] I/O error, dev loop0, sector 0 op 0x0:(READ) flags 0x80700 phys_seg 1 prio class 2
[   59.935908] loop0: detected capacity change from 0 to 2048
[   59.966914] loop0: detected capacity change from 0 to 2048
[   60.010460] loop0: detected capacity change from 0 to 2048
[   60.010916] I/O error, dev loop0, sector 0 op 0x0:(READ) flags 0x80700 phys_seg 1 prio class 2
[   60.048541] loop0: detected capacity change from 0 to 2048
[   60.079036] loop0: detected capacity change from 0 to 2048
[   60.125949] loop0: detected capacity change from 0 to 2048
[   60.170097] loop0: detected capacity change from 0 to 2048
[   60.203125] loop0: detected capacity change from 0 to 2048
[   60.243206] loop0: detected capacity change from 0 to 2048
[   60.281044] loop0: detected capacity change from 0 to 2048
[   60.302577] loop0: detected capacity change from 0 to 2048
[   60.334375] loop0: detected capacity change from 0 to 2048
[   60.358095] loop0: detected capacity change from 0 to 2048
[   60.393678] loop0: detected capacity change from 0 to 2048
[   60.428616] loop0: detected capacity change from 0 to 2048
[   60.453889] loop0: detected capacity change from 0 to 2048
[   60.485982] loop0: detected capacity change from 0 to 2048
[   60.528256] loop0: detected capacity change from 0 to 2048
[   60.528816] I/O error, dev loop0, sector 0 op 0x0:(READ) flags 0x80700 phys_seg 1 prio class 2
[   60.574559] loop0: detected capacity change from 0 to 2048
[   60.612537] loop0: detected capacity change from 0 to 2048
[   60.652077] loop0: detected capacity change from 0 to 2048
[   60.687942] loop0: detected capacity change from 0 to 2048
[   60.711884] loop0: detected capacity change from 0 to 2048
[   60.745746] loop0: detected capacity change from 0 to 2048
[   60.784975] loop0: detected capacity change from 0 to 2048
[   60.820090] loop0: detected capacity change from 0 to 2048
[   60.820650] Buffer I/O error on dev loop0, logical block 0, async page read
[   60.844740] loop0: detected capacity change from 0 to 2048
[   60.890295] loop0: detected capacity change from 0 to 2048
[   60.937506] loop0: detected capacity change from 0 to 2048
[   60.966184] loop0: detected capacity change from 0 to 2048
[   60.999814] loop0: detected capacity change from 0 to 2048
[   61.045956] loop0: detected capacity change from 0 to 2048
[   61.074299] loop0: detected capacity change from 0 to 2048
[   61.101427] loop0: detected capacity change from 0 to 2048
[   61.144974] loop0: detected capacity change from 0 to 2048
[   61.168858] loop0: detected capacity change from 0 to 2048
[   61.202170] loop0: detected capacity change from 0 to 2048
[   61.235093] loop0: detected capacity change from 0 to 2048
[   61.282184] loop0: detected capacity change from 0 to 2048
[   61.310705] loop0: detected capacity change from 0 to 2048
[   61.353979] loop0: detected capacity change from 0 to 2048
[   61.378139] loop0: detected capacity change from 0 to 2048
[   61.429938] loop0: detected capacity change from 0 to 2048
[   61.457690] loop0: detected capacity change from 0 to 2048
[   61.495940] loop0: detected capacity change from 0 to 2048
[   61.532796] loop0: detected capacity change from 0 to 2048
[   61.565614] loop0: detected capacity change from 0 to 2048
[   61.605022] loop0: detected capacity change from 0 to 2048
[   61.629921] loop0: detected capacity change from 0 to 2048
[   61.656750] loop0: detected capacity change from 0 to 2048
[   61.689025] loop0: detected capacity change from 0 to 2048
[   61.722719] loop0: detected capacity change from 0 to 2048
[   61.750504] loop0: detected capacity change from 0 to 2048
[   61.795209] loop0: detected capacity change from 0 to 2048
[   61.846867] loop0: detected capacity change from 0 to 2048
[   61.890012] loop0: detected capacity change from 0 to 2048
[   61.934277] loop0: detected capacity change from 0 to 2048
[   61.964042] loop0: detected capacity change from 0 to 2048
[   61.988959] loop0: detected capacity change from 0 to 2048
[   62.018208] loop0: detected capacity change from 0 to 2048
[   62.049299] loop0: detected capacity change from 0 to 2048
[   62.073060] loop0: detected capacity change from 0 to 2048
[   62.101357] loop0: detected capacity change from 0 to 2048
[   62.129678] loop0: detected capacity change from 0 to 2048
[   62.162428] loop0: detected capacity change from 0 to 2048
[   62.189821] loop0: detected capacity change from 0 to 2048
[   62.217920] loop0: detected capacity change from 0 to 2048
[   62.246259] loop0: detected capacity change from 0 to 2048
[   62.271809] loop0: detected capacity change from 0 to 2048
[   62.298993] loop0: detected capacity change from 0 to 2048
[   62.328979] loop0: detected capacity change from 0 to 2048
[   62.358784] loop0: detected capacity change from 0 to 2048
[   62.402115] loop0: detected capacity change from 0 to 2048
[   62.402666] blk_print_req_error: 2 callbacks suppressed
[   62.402677] I/O error, dev loop0, sector 0 op 0x0:(READ) flags 0x80700 phys_seg 1 prio class 2
[   62.434861] loop0: detected capacity change from 0 to 2048
[   62.466242] loop0: detected capacity change from 0 to 2048
[   62.501848] loop0: detected capacity change from 0 to 2048
[   62.535780] loop0: detected capacity change from 0 to 2048
[   62.581826] loop0: detected capacity change from 0 to 2048
[   62.633942] loop0: detected capacity change from 0 to 2048
[   62.634305] I/O error, dev loop0, sector 0 op 0x0:(READ) flags 0x80700 phys_seg 1 prio class 2
[   62.669084] loop0: detected capacity change from 0 to 2048
[   62.725472] loop0: detected capacity change from 0 to 2048
[   62.725947] I/O error, dev loop0, sector 0 op 0x0:(READ) flags 0x80700 phys_seg 1 prio class 2
[   62.772006] loop0: detected capacity change from 0 to 2048
[   62.807090] loop0: detected capacity change from 0 to 2048
[   62.866827] loop0: detected capacity change from 0 to 2048
[   62.913978] loop0: detected capacity change from 0 to 2048
[   62.943544] loop0: detected capacity change from 0 to 2048
[   62.976249] loop0: detected capacity change from 0 to 2048
[   63.006025] loop0: detected capacity change from 0 to 2048
[   63.042491] loop0: detected capacity change from 0 to 2048
[   63.075382] loop0: detected capacity change from 0 to 2048
[   63.103249] loop0: detected capacity change from 0 to 2048
[   63.149013] loop0: detected capacity change from 0 to 2048
[   63.178923] loop0: detected capacity change from 0 to 2048
[   63.212509] loop0: detected capacity change from 0 to 2048
[   63.254797] loop0: detected capacity change from 0 to 2048
[   63.307151] loop0: detected capacity change from 0 to 2048
[   63.349762] loop0: detected capacity change from 0 to 2048
[   63.386010] loop0: detected capacity change from 0 to 2048
[   63.421290] loop0: detected capacity change from 0 to 2048
[   63.421540] I/O error, dev loop0, sector 0 op 0x0:(READ) flags 0x80700 phys_seg 1 prio class 2
[   63.455750] loop0: detected capacity change from 0 to 2048
[   63.484572] loop0: detected capacity change from 0 to 2048
[   63.526147] loop0: detected capacity change from 0 to 2048
[   63.558910] loop0: detected capacity change from 0 to 2048
[   63.588316] loop0: detected capacity change from 0 to 2048
[   63.623998] loop0: detected capacity change from 0 to 2048
[   63.650482] loop0: detected capacity change from 0 to 2048
[   63.681794] loop0: detected capacity change from 0 to 2048
[   63.727743] loop0: detected capacity change from 0 to 2048
[   63.769946] loop0: detected capacity change from 0 to 2048
[   63.770567] I/O error, dev loop0, sector 0 op 0x0:(READ) flags 0x80700 phys_seg 1 prio class 2
[   63.770609] I/O error, dev loop0, sector 0 op 0x0:(READ) flags 0x0 phys_seg 1 prio class 2
[   63.772527] Buffer I/O error on dev loop0, logical block 0, async page read
[   63.817629] loop0: detected capacity change from 0 to 2048
[   63.817957] I/O error, dev loop0, sector 0 op 0x0:(READ) flags 0x80700 phys_seg 1 prio class 2
[   63.865661] loop0: detected capacity change from 0 to 2048
[   63.900219] loop0: detected capacity change from 0 to 2048
[   63.932068] loop0: detected capacity change from 0 to 2048
[   63.949664] loop0: detected capacity change from 0 to 2048
[   63.981061] loop0: detected capacity change from 0 to 2048
[   63.981311] I/O error, dev loop0, sector 0 op 0x0:(READ) flags 0x80700 phys_seg 1 prio class 2
[   64.030423] loop0: detected capacity change from 0 to 2048
[   64.059993] loop0: detected capacity change from 0 to 2048
[   64.060452] I/O error, dev loop0, sector 0 op 0x0:(READ) flags 0x80700 phys_seg 1 prio class 2
[   64.088776] loop0: detected capacity change from 0 to 2048
[   64.118068] loop0: detected capacity change from 0 to 2048
[   64.141977] loop0: detected capacity change from 0 to 2048
[   64.170410] loop0: detected capacity change from 0 to 2048
[   64.201097] loop0: detected capacity change from 0 to 2048
[   64.245899] loop0: detected capacity change from 0 to 2048
[   64.282057] loop0: detected capacity change from 0 to 2048
[   64.326231] loop0: detected capacity change from 0 to 2048
[   64.348799] loop0: detected capacity change from 0 to 2048
[   64.349154] I/O error, dev loop0, sector 0 op 0x0:(READ) flags 0x80700 phys_seg 1 prio class 2
[   64.393092] loop0: detected capacity change from 0 to 2048
[   64.440306] loop0: detected capacity change from 0 to 2048
[   64.480069] loop0: detected capacity change from 0 to 2048
[   64.510347] loop0: detected capacity change from 0 to 2048
[   64.547726] loop0: detected capacity change from 0 to 2048
[   64.575099] loop0: detected capacity change from 0 to 2048
[   64.614532] loop0: detected capacity change from 0 to 2048
[   64.634750] loop0: detected capacity change from 0 to 2048
[   64.681936] loop0: detected capacity change from 0 to 2048
[   64.707620] loop0: detected capacity change from 0 to 2048
[   64.737610] loop0: detected capacity change from 0 to 2048
[   64.777787] loop0: detected capacity change from 0 to 2048
[   64.814777] loop0: detected capacity change from 0 to 2048
[   64.815401] Buffer I/O error on dev loop0, logical block 0, async page read
[   64.864119] loop0: detected capacity change from 0 to 2048
[   64.905101] loop0: detected capacity change from 0 to 2048
[   64.940685] loop0: detected capacity change from 0 to 2048
[   64.957539] loop0: detected capacity change from 0 to 2048
[   64.995857] loop0: detected capacity change from 0 to 2048
[   65.042042] loop0: detected capacity change from 0 to 2048
[   65.075793] loop0: detected capacity change from 0 to 2048
[   65.076224] Buffer I/O error on dev loop0, logical block 0, async page read
[   65.104683] loop0: detected capacity change from 0 to 2048
[   65.128684] loop0: detected capacity change from 0 to 2048
[   65.129002] Buffer I/O error on dev loop0, logical block 0, async page read
[   65.165101] loop0: detected capacity change from 0 to 2048
[   65.193573] loop0: detected capacity change from 0 to 2048
[   65.221851] loop0: detected capacity change from 0 to 2048
[   65.250957] loop0: detected capacity change from 0 to 2048
[   65.293896] loop0: detected capacity change from 0 to 2048
[   65.321836] loop0: detected capacity change from 0 to 2048
[   65.350559] loop0: detected capacity change from 0 to 2048
[   65.376760] loop0: detected capacity change from 0 to 2048
[   65.400894] loop0: detected capacity change from 0 to 2048
[   65.426611] loop0: detected capacity change from 0 to 2048
[   65.426959] Buffer I/O error on dev loop0, logical block 0, async page read
[   65.452070] loop0: detected capacity change from 0 to 2048
[   65.486001] loop0: detected capacity change from 0 to 2048
[   65.513712] loop0: detected capacity change from 0 to 2048
[   65.514202] Buffer I/O error on dev loop0, logical block 0, async page read
[   65.564672] loop0: detected capacity change from 0 to 2048
[   65.594557] loop0: detected capacity change from 0 to 2048
[   65.641916] loop0: detected capacity change from 0 to 2048
[   65.642251] Buffer I/O error on dev loop0, logical block 0, async page read
[   65.672116] loop0: detected capacity change from 0 to 2048
[   65.713442] loop0: detected capacity change from 0 to 2048
[   65.741572] loop0: detected capacity change from 0 to 2048
[   65.788201] loop0: detected capacity change from 0 to 2048
[   65.817682] loop0: detected capacity change from 0 to 2048
[   65.867439] loop0: detected capacity change from 0 to 2048
[   65.912043] loop0: detected capacity change from 0 to 2048
[   65.940460] loop0: detected capacity change from 0 to 2048
[   65.983146] loop0: detected capacity change from 0 to 2048
[   66.012669] loop0: detected capacity change from 0 to 2048
[   66.038943] loop0: detected capacity change from 0 to 2048
[   66.067951] loop0: detected capacity change from 0 to 2048
[   66.096605] loop0: detected capacity change from 0 to 2048
[   66.123609] loop0: detected capacity change from 0 to 2048
[   66.151816] loop0: detected capacity change from 0 to 2048
[   66.198319] loop0: detected capacity change from 0 to 2048
[   66.227744] loop0: detected capacity change from 0 to 2048
[   66.249847] loop0: detected capacity change from 0 to 2048
[   66.250129] Buffer I/O error on dev loop0, logical block 0, async page read
[   66.274991] loop0: detected capacity change from 0 to 2048
[   66.299314] loop0: detected capacity change from 0 to 2048
[   66.329063] loop0: detected capacity change from 0 to 2048
[   66.363263] loop0: detected capacity change from 0 to 2048
[   66.390229] loop0: detected capacity change from 0 to 2048
[   66.425515] loop0: detected capacity change from 0 to 2048
[   66.464358] loop0: detected capacity change from 0 to 2048
[   66.498032] loop0: detected capacity change from 0 to 2048
[   66.530223] loop0: detected capacity change from 0 to 2048
[   66.558181] loop0: detected capacity change from 0 to 2048
[   66.590132] loop0: detected capacity change from 0 to 2048
[   66.621574] loop0: detected capacity change from 0 to 2048
[   66.665794] loop0: detected capacity change from 0 to 2048
[   66.697787] loop0: detected capacity change from 0 to 2048
[   66.731630] loop0: detected capacity change from 0 to 2048
[   66.777149] loop0: detected capacity change from 0 to 2048
[   66.777646] Buffer I/O error on dev loop0, logical block 0, async page read
[   66.807175] loop0: detected capacity change from 0 to 2048
[   66.842502] loop0: detected capacity change from 0 to 2048
[   66.888736] loop0: detected capacity change from 0 to 2048
[   66.932382] loop0: detected capacity change from 0 to 2048
[   66.932980] Buffer I/O error on dev loop0, logical block 0, async page read
[   66.982456] loop0: detected capacity change from 0 to 2048
[   67.008553] loop0: detected capacity change from 0 to 2048
[   67.049324] loop0: detected capacity change from 0 to 2048
[   67.072494] loop0: detected capacity change from 0 to 2048
[   67.102660] loop0: detected capacity change from 0 to 2048
[   67.135761] loop0: detected capacity change from 0 to 2048
[   67.165562] loop0: detected capacity change from 0 to 2048
[   67.190419] loop0: detected capacity change from 0 to 2048
[   67.218166] loop0: detected capacity change from 0 to 2048
[   67.218850] Buffer I/O error on dev loop0, logical block 0, async page read
[   67.250108] loop0: detected capacity change from 0 to 2048
[   67.278034] loop0: detected capacity change from 0 to 2048
[   67.278365] Buffer I/O error on dev loop0, logical block 0, async page read
[   67.305871] loop0: detected capacity change from 0 to 2048
[   67.338980] loop0: detected capacity change from 0 to 2048
[   67.386626] loop0: detected capacity change from 0 to 2048
[   67.409338] loop0: detected capacity change from 0 to 2048
[   67.440334] loop0: detected capacity change from 0 to 2048
[   67.462826] loop0: detected capacity change from 0 to 2048
[   67.495629] loop0: detected capacity change from 0 to 2048
[   67.527933] loop0: detected capacity change from 0 to 2048
[   67.550911] loop0: detected capacity change from 0 to 2048
[   67.551573] blk_print_req_error: 22 callbacks suppressed
[   67.551585] I/O error, dev loop0, sector 0 op 0x0:(READ) flags 0x80700 phys_seg 1 prio class 2
[   67.580496] loop0: detected capacity change from 0 to 2048
[   67.617640] loop0: detected capacity change from 0 to 2048
[   67.646204] loop0: detected capacity change from 0 to 2048
[   67.677509] loop0: detected capacity change from 0 to 2048
[   67.702281] loop0: detected capacity change from 0 to 2048
[   67.734474] loop0: detected capacity change from 0 to 2048
[   67.788555] loop0: detected capacity change from 0 to 2048
[   67.837295] loop0: detected capacity change from 0 to 2048
[   67.878037] loop0: detected capacity change from 0 to 2048
[   67.906287] loop0: detected capacity change from 0 to 2048
[   67.935565] loop0: detected capacity change from 0 to 2048
[   67.960978] loop0: detected capacity change from 0 to 2048
[   67.991596] loop0: detected capacity change from 0 to 2048
[   68.038760] loop0: detected capacity change from 0 to 2048
[   68.082318] loop0: detected capacity change from 0 to 2048
[   68.105742] loop0: detected capacity change from 0 to 2048
[   68.144302] loop0: detected capacity change from 0 to 2048
[   68.169841] loop0: detected capacity change from 0 to 2048
[   68.201041] loop0: detected capacity change from 0 to 2048
[   68.241838] loop0: detected capacity change from 0 to 2048
[   68.282059] loop0: detected capacity change from 0 to 2048
[   68.327680] loop0: detected capacity change from 0 to 2048
[   68.356639] loop0: detected capacity change from 0 to 2048
[   68.393067] loop0: detected capacity change from 0 to 2048
[   68.438285] loop0: detected capacity change from 0 to 2048
[   68.474095] loop0: detected capacity change from 0 to 2048
[   68.507601] loop0: detected capacity change from 0 to 2048
[   68.549912] loop0: detected capacity change from 0 to 2048
[   68.550249] I/O error, dev loop0, sector 0 op 0x0:(READ) flags 0x80700 phys_seg 1 prio class 2
[   68.579890] loop0: detected capacity change from 0 to 2048
[   68.611889] loop0: detected capacity change from 0 to 2048
[   68.636600] loop0: detected capacity change from 0 to 2048
[   68.667148] loop0: detected capacity change from 0 to 2048
[   68.695343] loop0: detected capacity change from 0 to 2048
[   68.723377] loop0: detected capacity change from 0 to 2048
[   68.759337] loop0: detected capacity change from 0 to 2048
[   68.793807] loop0: detected capacity change from 0 to 2048
[   68.828992] loop0: detected capacity change from 0 to 2048
[   68.829716] I/O error, dev loop0, sector 0 op 0x0:(READ) flags 0x80700 phys_seg 1 prio class 2
[   68.864453] loop0: detected capacity change from 0 to 2048
[   68.906795] loop0: detected capacity change from 0 to 2048
[   68.938281] loop0: detected capacity change from 0 to 2048
[   68.960657] loop0: detected capacity change from 0 to 2048
[   68.990083] loop0: detected capacity change from 0 to 2048
[   69.025860] loop0: detected capacity change from 0 to 2048
[   69.026509] I/O error, dev loop0, sector 0 op 0x0:(READ) flags 0x80700 phys_seg 1 prio class 2
[   69.057415] loop0: detected capacity change from 0 to 2048
[   69.057748] I/O error, dev loop0, sector 0 op 0x0:(READ) flags 0x80700 phys_seg 1 prio class 2
[   69.085432] loop0: detected capacity change from 0 to 2048
[   69.122491] loop0: detected capacity change from 0 to 2048
[   69.149600] loop0: detected capacity change from 0 to 2048
[   69.181783] loop0: detected capacity change from 0 to 2048
[   69.206482] loop0: detected capacity change from 0 to 2048
[   69.233697] loop0: detected capacity change from 0 to 2048
[   69.262589] loop0: detected capacity change from 0 to 2048
[   69.293449] loop0: detected capacity change from 0 to 2048
[   69.321978] loop0: detected capacity change from 0 to 2048
[   69.350272] loop0: detected capacity change from 0 to 2048
[   69.370521] loop0: detected capacity change from 0 to 2048
[   69.403943] loop0: detected capacity change from 0 to 2048
[   69.433108] loop0: detected capacity change from 0 to 2048
[   69.473576] loop0: detected capacity change from 0 to 2048
[   69.508500] loop0: detected capacity change from 0 to 2048
[   69.536431] loop0: detected capacity change from 0 to 2048
[   69.577673] loop0: detected capacity change from 0 to 2048
[   69.598272] loop0: detected capacity change from 0 to 2048
[   69.628257] loop0: detected capacity change from 0 to 2048
[   69.658442] loop0: detected capacity change from 0 to 2048
[   69.690864] loop0: detected capacity change from 0 to 2048
[   69.738168] loop0: detected capacity change from 0 to 2048
[   69.803425] loop0: detected capacity change from 0 to 2048
[   69.837263] loop0: detected capacity change from 0 to 2048
[   69.863758] loop0: detected capacity change from 0 to 2048
[   69.890867] loop0: detected capacity change from 0 to 2048
[   69.920704] loop0: detected capacity change from 0 to 2048
[   69.956040] loop0: detected capacity change from 0 to 2048
[   69.996091] loop0: detected capacity change from 0 to 2048
[   70.037719] loop0: detected capacity change from 0 to 2048
[   70.038443] I/O error, dev loop0, sector 0 op 0x0:(READ) flags 0x80700 phys_seg 1 prio class 2
[   70.085829] loop0: detected capacity change from 0 to 2048
[   70.117985] loop0: detected capacity change from 0 to 2048
[   70.140477] loop0: detected capacity change from 0 to 2048
[   70.162104] loop0: detected capacity change from 0 to 2048
[   70.184688] loop0: detected capacity change from 0 to 2048
[   70.209447] loop0: detected capacity change from 0 to 2048
[   70.253708] loop0: detected capacity change from 0 to 2048
[   70.291322] loop0: detected capacity change from 0 to 2048
[   70.326884] loop0: detected capacity change from 0 to 2048
[   70.362074] loop0: detected capacity change from 0 to 2048
[   70.398553] loop0: detected capacity change from 0 to 2048
[   70.434100] loop0: detected capacity change from 0 to 2048
[   70.470407] loop0: detected capacity change from 0 to 2048
[   70.506496] loop0: detected capacity change from 0 to 2048
[   70.542184] loop0: detected capacity change from 0 to 2048
[   70.578256] loop0: detected capacity change from 0 to 2048
[   70.613419] loop0: detected capacity change from 0 to 2048
[   70.632234] loop0: detected capacity change from 0 to 2048
[   70.658908] loop0: detected capacity change from 0 to 2048
[   70.683416] loop0: detected capacity change from 0 to 2048
[   70.720521] loop0: detected capacity change from 0 to 2048
[   70.746888] loop0: detected capacity change from 0 to 2048
[   70.790273] loop0: detected capacity change from 0 to 2048
[   70.790934] I/O error, dev loop0, sector 0 op 0x0:(READ) flags 0x80700 phys_seg 1 prio class 2
[   70.830809] loop0: detected capacity change from 0 to 2048
[   70.878183] loop0: detected capacity change from 0 to 2048
[   70.923647] loop0: detected capacity change from 0 to 2048
[   70.944774] loop0: detected capacity change from 0 to 2048
[   70.974191] loop0: detected capacity change from 0 to 2048
[   71.008086] loop0: detected capacity change from 0 to 2048
[   71.039312] loop0: detected capacity change from 0 to 2048
[   71.059300] loop0: detected capacity change from 0 to 2048
[   71.090866] loop0: detected capacity change from 0 to 2048
[   71.114638] loop0: detected capacity change from 0 to 2048
[   71.145736] loop0: detected capacity change from 0 to 2048
[   71.176972] loop0: detected capacity change from 0 to 2048
[   71.215166] loop0: detected capacity change from 0 to 2048
[   71.241860] loop0: detected capacity change from 0 to 2048
[   71.242458] I/O error, dev loop0, sector 0 op 0x0:(READ) flags 0x80700 phys_seg 1 prio class 2
[   71.268076] loop0: detected capacity change from 0 to 2048
[   71.318526] loop0: detected capacity change from 0 to 2048
[   71.341471] loop0: detected capacity change from 0 to 2048
[   71.361082] loop0: detected capacity change from 0 to 2048
[   71.390453] loop0: detected capacity change from 0 to 2048
[   71.419378] loop0: detected capacity change from 0 to 2048
[   71.452775] loop0: detected capacity change from 0 to 2048
[   71.489243] loop0: detected capacity change from 0 to 2048
[   71.524976] loop0: detected capacity change from 0 to 2048
[   71.577756] loop0: detected capacity change from 0 to 2048
[   71.622375] loop0: detected capacity change from 0 to 2048
[   71.652793] loop0: detected capacity change from 0 to 2048
[   71.697898] loop0: detected capacity change from 0 to 2048
[   71.718094] loop0: detected capacity change from 0 to 2048
[   71.718430] I/O error, dev loop0, sector 0 op 0x0:(READ) flags 0x80700 phys_seg 1 prio class 2
[   71.746722] loop0: detected capacity change from 0 to 2048
[   71.747530] I/O error, dev loop0, sector 0 op 0x0:(READ) flags 0x80700 phys_seg 1 prio class 2
[   71.747572] Buffer I/O error on dev loop0, logical block 0, async page read
[   71.747599] Buffer I/O error on dev loop0, logical block 0, async page read
[   71.747621] Buffer I/O error on dev loop0, logical block 0, async page read
[   71.747641] Buffer I/O error on dev loop0, logical block 0, async page read
[   71.747663] Buffer I/O error on dev loop0, logical block 0, async page read
[   71.804691] loop0: detected capacity change from 0 to 2048
[   71.835361] loop0: detected capacity change from 0 to 2048
[   71.875090] loop0: detected capacity change from 0 to 2048
[   71.920176] loop0: detected capacity change from 0 to 2048
[   71.962443] loop0: detected capacity change from 0 to 2048
[   72.006994] loop0: detected capacity change from 0 to 2048
[   72.054634] loop0: detected capacity change from 0 to 2048
[   72.076857] loop0: detected capacity change from 0 to 2048
[   72.129099] loop0: detected capacity change from 0 to 2048
[   72.161447] loop0: detected capacity change from 0 to 2048
[   72.185722] loop0: detected capacity change from 0 to 2048
[   72.244265] loop0: detected capacity change from 0 to 2048
[   72.285623] loop0: detected capacity change from 0 to 2048
[   72.314358] loop0: detected capacity change from 0 to 2048
[   72.360727] loop0: detected capacity change from 0 to 2048
[   72.384905] loop0: detected capacity change from 0 to 2048
[   72.407955] loop0: detected capacity change from 0 to 2048
[   72.433794] loop0: detected capacity change from 0 to 2048
[   72.461269] loop0: detected capacity change from 0 to 2048
[   72.485780] loop0: detected capacity change from 0 to 2048
[   72.513235] loop0: detected capacity change from 0 to 2048
[   72.537481] loop0: detected capacity change from 0 to 2048
[   72.576845] loop0: detected capacity change from 0 to 2048
[   72.614337] loop0: detected capacity change from 0 to 2048
[   72.659381] loop0: detected capacity change from 0 to 2048
[   72.686356] loop0: detected capacity change from 0 to 2048
[   72.714451] loop0: detected capacity change from 0 to 2048
[   72.742336] loop0: detected capacity change from 0 to 2048
[   72.798752] loop0: detected capacity change from 0 to 2048
[   72.831490] loop0: detected capacity change from 0 to 2048
[   72.831850] blk_print_req_error: 5 callbacks suppressed
[   72.831860] I/O error, dev loop0, sector 0 op 0x0:(READ) flags 0x80700 phys_seg 1 prio class 2
[   72.865272] loop0: detected capacity change from 0 to 2048
[   72.892904] loop0: detected capacity change from 0 to 2048
[   72.936835] loop0: detected capacity change from 0 to 2048
[   72.965365] loop0: detected capacity change from 0 to 2048
[   72.993259] loop0: detected capacity change from 0 to 2048
[   73.030208] loop0: detected capacity change from 0 to 2048
[   73.059647] loop0: detected capacity change from 0 to 2048
[   73.101671] loop0: detected capacity change from 0 to 2048
[   73.101934] I/O error, dev loop0, sector 0 op 0x0:(READ) flags 0x80700 phys_seg 1 prio class 2
[   73.130873] loop0: detected capacity change from 0 to 2048
[   73.162718] loop0: detected capacity change from 0 to 2048
[   73.209113] loop0: detected capacity change from 0 to 2048
[   73.209702] I/O error, dev loop0, sector 0 op 0x0:(READ) flags 0x80700 phys_seg 1 prio class 2
[   73.253524] loop0: detected capacity change from 0 to 2048
[   73.301961] loop0: detected capacity change from 0 to 2048
[   73.337275] loop0: detected capacity change from 0 to 2048
[   73.378133] loop0: detected capacity change from 0 to 2048
[   73.378800] I/O error, dev loop0, sector 0 op 0x0:(READ) flags 0x80700 phys_seg 1 prio class 2
[   73.378842] I/O error, dev loop0, sector 0 op 0x0:(READ) flags 0x0 phys_seg 1 prio class 2
[   73.380871] Buffer I/O error on dev loop0, logical block 0, async page read
[   73.422176] loop0: detected capacity change from 0 to 2048
[   73.463723] loop0: detected capacity change from 0 to 2048
[   73.498068] loop0: detected capacity change from 0 to 2048
[   73.535820] loop0: detected capacity change from 0 to 2048
[   73.582335] loop0: detected capacity change from 0 to 2048
[   73.611335] loop0: detected capacity change from 0 to 2048
[   73.639819] loop0: detected capacity change from 0 to 2048
[   73.679513] loop0: detected capacity change from 0 to 2048
[   73.727160] loop0: detected capacity change from 0 to 2048
[   73.772979] loop0: detected capacity change from 0 to 2048
[   73.825982] loop0: detected capacity change from 0 to 2048
[   73.870611] loop0: detected capacity change from 0 to 2048
[   73.900068] loop0: detected capacity change from 0 to 2048
[   73.928071] loop0: detected capacity change from 0 to 2048
[   73.953539] loop0: detected capacity change from 0 to 2048
[   73.985710] loop0: detected capacity change from 0 to 2048
[   74.018112] loop0: detected capacity change from 0 to 2048
[   74.062577] loop0: detected capacity change from 0 to 2048
[   74.092952] loop0: detected capacity change from 0 to 2048
[   74.123350] loop0: detected capacity change from 0 to 2048
[   74.159922] loop0: detected capacity change from 0 to 2048
[   74.200365] loop0: detected capacity change from 0 to 2048
[   74.222992] loop0: detected capacity change from 0 to 2048
[   74.268202] loop0: detected capacity change from 0 to 2048
[   74.313770] loop0: detected capacity change from 0 to 2048
[   74.314021] I/O error, dev loop0, sector 0 op 0x0:(READ) flags 0x80700 phys_seg 1 prio class 2
[   74.343893] loop0: detected capacity change from 0 to 2048
[   74.375425] loop0: detected capacity change from 0 to 2048
[   74.418781] loop0: detected capacity change from 0 to 2048
[   74.457959] loop0: detected capacity change from 0 to 2048
[   74.487362] loop0: detected capacity change from 0 to 2048
[   74.516387] loop0: detected capacity change from 0 to 2048
[   74.544818] loop0: detected capacity change from 0 to 2048
[   74.590236] loop0: detected capacity change from 0 to 2048
[   74.629091] loop0: detected capacity change from 0 to 2048
[   74.662138] loop0: detected capacity change from 0 to 2048
[   74.686874] loop0: detected capacity change from 0 to 2048
[   74.710272] loop0: detected capacity change from 0 to 2048
[   74.750875] loop0: detected capacity change from 0 to 2048
[   74.782722] loop0: detected capacity change from 0 to 2048
[   74.810547] loop0: detected capacity change from 0 to 2048
[   74.850034] loop0: detected capacity change from 0 to 2048
[   74.897972] loop0: detected capacity change from 0 to 2048
[   74.919480] loop0: detected capacity change from 0 to 2048
[   74.963810] loop0: detected capacity change from 0 to 2048
[   74.996810] loop0: detected capacity change from 0 to 2048
[   75.024244] loop0: detected capacity change from 0 to 2048
[   75.071960] loop0: detected capacity change from 0 to 2048
[   75.115848] loop0: detected capacity change from 0 to 2048
[   75.158246] loop0: detected capacity change from 0 to 2048
[   75.193985] loop0: detected capacity change from 0 to 2048
[   75.217268] loop0: detected capacity change from 0 to 2048
[   75.217832] I/O error, dev loop0, sector 0 op 0x0:(READ) flags 0x80700 phys_seg 1 prio class 2
[   75.259794] loop0: detected capacity change from 0 to 2048
[   75.287935] loop0: detected capacity change from 0 to 2048
[   75.329786] loop0: detected capacity change from 0 to 2048
[   75.370787] loop0: detected capacity change from 0 to 2048
[   75.410023] loop0: detected capacity change from 0 to 2048
[   75.434001] loop0: detected capacity change from 0 to 2048
[   75.470231] loop0: detected capacity change from 0 to 2048
[   75.511899] loop0: detected capacity change from 0 to 2048
[   75.538092] loop0: detected capacity change from 0 to 2048
[   75.573449] loop0: detected capacity change from 0 to 2048
[   75.615863] loop0: detected capacity change from 0 to 2048
[   75.638990] loop0: detected capacity change from 0 to 2048
[   75.686444] loop0: detected capacity change from 0 to 2048
[   75.709112] loop0: detected capacity change from 0 to 2048
[   75.755662] loop0: detected capacity change from 0 to 2048
[   75.797087] loop0: detected capacity change from 0 to 2048
[   75.846005] loop0: detected capacity change from 0 to 2048
[   75.846318] I/O error, dev loop0, sector 0 op 0x0:(READ) flags 0x80700 phys_seg 1 prio class 2
[   75.889419] loop0: detected capacity change from 0 to 2048
[   75.918170] loop0: detected capacity change from 0 to 2048
[   75.942832] loop0: detected capacity change from 0 to 2048
[   75.975471] loop0: detected capacity change from 0 to 2048
[   76.015101] loop0: detected capacity change from 0 to 2048
[   76.057615] loop0: detected capacity change from 0 to 2048
[   76.101793] loop0: detected capacity change from 0 to 2048
[   76.131614] loop0: detected capacity change from 0 to 2048
[   76.169776] loop0: detected capacity change from 0 to 2048
[   76.199199] loop0: detected capacity change from 0 to 2048
[   76.239733] loop0: detected capacity change from 0 to 2048
[   76.277657] loop0: detected capacity change from 0 to 2048
[   76.306122] loop0: detected capacity change from 0 to 2048
[   76.330426] loop0: detected capacity change from 0 to 2048
[   76.365547] loop0: detected capacity change from 0 to 2048
[   76.366217] I/O error, dev loop0, sector 0 op 0x0:(READ) flags 0x80700 phys_seg 1 prio class 2
[   76.400234] loop0: detected capacity change from 0 to 2048
[   76.430351] loop0: detected capacity change from 0 to 2048
[   76.469958] loop0: detected capacity change from 0 to 2048
[   76.506760] loop0: detected capacity change from 0 to 2048
[   76.548219] loop0: detected capacity change from 0 to 2048
[   76.585589] loop0: detected capacity change from 0 to 2048
[   76.633600] loop0: detected capacity change from 0 to 2048
[   76.678857] loop0: detected capacity change from 0 to 2048
[   76.715511] loop0: detected capacity change from 0 to 2048
[   76.746200] loop0: detected capacity change from 0 to 2048
[   76.794130] loop0: detected capacity change from 0 to 2048
[   76.844547] loop0: detected capacity change from 0 to 2048
[   76.868982] loop0: detected capacity change from 0 to 2048
[   76.904215] loop0: detected capacity change from 0 to 2048
[   76.926472] loop0: detected capacity change from 0 to 2048
[   76.964712] loop0: detected capacity change from 0 to 2048
[   76.982554] loop0: detected capacity change from 0 to 2048
[   77.005355] loop0: detected capacity change from 0 to 2048
[   77.024458] loop0: detected capacity change from 0 to 2048
[   77.066009] loop0: detected capacity change from 0 to 2048
[   77.104904] loop0: detected capacity change from 0 to 2048
[   77.136538] loop0: detected capacity change from 0 to 2048
[   77.173117] loop0: detected capacity change from 0 to 2048
[   77.217769] loop0: detected capacity change from 0 to 2048
[   77.251436] loop0: detected capacity change from 0 to 2048
[   77.298299] loop0: detected capacity change from 0 to 2048
[   77.326790] loop0: detected capacity change from 0 to 2048
[   77.354637] loop0: detected capacity change from 0 to 2048
[   77.383677] loop0: detected capacity change from 0 to 2048
[   77.425792] loop0: detected capacity change from 0 to 2048
[   77.452579] loop0: detected capacity change from 0 to 2048
[   77.493525] loop0: detected capacity change from 0 to 2048
[   77.493743] I/O error, dev loop0, sector 0 op 0x0:(READ) flags 0x80700 phys_seg 1 prio class 2
[   77.527429] loop0: detected capacity change from 0 to 2048
[   77.573029] loop0: detected capacity change from 0 to 2048
[   77.598038] loop0: detected capacity change from 0 to 2048
[   77.629862] loop0: detected capacity change from 0 to 2048
[   77.657317] loop0: detected capacity change from 0 to 2048
[   77.686536] loop0: detected capacity change from 0 to 2048
[   77.718477] loop0: detected capacity change from 0 to 2048
[   77.767481] loop0: detected capacity change from 0 to 2048
[   77.814533] loop0: detected capacity change from 0 to 2048
[   77.862138] loop0: detected capacity change from 0 to 2048
[   77.905025] loop0: detected capacity change from 0 to 2048
[   77.942753] loop0: detected capacity change from 0 to 2048
[   77.987785] loop0: detected capacity change from 0 to 2048
[   78.031759] loop0: detected capacity change from 0 to 2048
[   78.067726] loop0: detected capacity change from 0 to 2048
[   78.107471] loop0: detected capacity change from 0 to 2048
[   78.131296] loop0: detected capacity change from 0 to 2048
[   78.167869] loop0: detected capacity change from 0 to 2048
[   78.210509] loop0: detected capacity change from 0 to 2048
[   78.245508] loop0: detected capacity change from 0 to 2048
[   78.266795] loop0: detected capacity change from 0 to 2048
[   78.303968] loop0: detected capacity change from 0 to 2048
[   78.355069] loop0: detected capacity change from 0 to 2048
[   78.391353] loop0: detected capacity change from 0 to 2048
[   78.426928] loop0: detected capacity change from 0 to 2048
[   78.450038] loop0: detected capacity change from 0 to 2048
[   78.474429] loop0: detected capacity change from 0 to 2048
[   78.510986] loop0: detected capacity change from 0 to 2048
[   78.546625] loop0: detected capacity change from 0 to 2048
[   78.571201] loop0: detected capacity change from 0 to 2048
[   78.614043] loop0: detected capacity change from 0 to 2048
[   78.638205] loop0: detected capacity change from 0 to 2048
[   78.680026] loop0: detected capacity change from 0 to 2048
[   78.727690] loop0: detected capacity change from 0 to 2048
[   78.749736] EXT4-fs unmount: 1653 callbacks suppressed
[   78.749746] EXT4-fs (loop0): unmounting filesystem 00000000-0000-0000-0000-000000000000.
[   78.767445] loop0: detected capacity change from 0 to 2048
[   78.776280] EXT4-fs (loop0): mounted filesystem 00000000-0000-0000-0000-000000000000 without journal. Quota mode: none.
[   78.792582] EXT4-fs (loop0): unmounting filesystem 00000000-0000-0000-0000-000000000000.
[   78.830787] loop0: detected capacity change from 0 to 2048
[   78.836488] EXT4-fs (loop0): mounted filesystem 00000000-0000-0000-0000-000000000000 without journal. Quota mode: none.
[   78.850291] EXT4-fs (loop0): unmounting filesystem 00000000-0000-0000-0000-000000000000.
[   78.883187] loop0: detected capacity change from 0 to 2048
[   78.888557] EXT4-fs (loop0): mounted filesystem 00000000-0000-0000-0000-000000000000 without journal. Quota mode: none.
[   78.894964] EXT4-fs (loop0): unmounting filesystem 00000000-0000-0000-0000-000000000000.
[   78.923248] loop0: detected capacity change from 0 to 2048
[   78.928203] EXT4-fs (loop0): mounted filesystem 00000000-0000-0000-0000-000000000000 without journal. Quota mode: none.
[   78.936945] EXT4-fs (loop0): unmounting filesystem 00000000-0000-0000-0000-000000000000.
[   78.955820] loop0: detected capacity change from 0 to 2048
[   78.960520] EXT4-fs (loop0): mounted filesystem 00000000-0000-0000-0000-000000000000 without journal. Quota mode: none.
[   78.967591] EXT4-fs (loop0): unmounting filesystem 00000000-0000-0000-0000-000000000000.
[   78.982038] loop0: detected capacity change from 0 to 2048
[   78.992213] EXT4-fs (loop0): mounted filesystem 00000000-0000-0000-0000-000000000000 without journal. Quota mode: none.
[   78.996953] EXT4-fs (loop0): unmounting filesystem 00000000-0000-0000-0000-000000000000.
[   79.007090] loop0: detected capacity change from 0 to 2048
[   79.020475] EXT4-fs (loop0): mounted filesystem 00000000-0000-0000-0000-000000000000 without journal. Quota mode: none.
[   79.027625] EXT4-fs (loop0): unmounting filesystem 00000000-0000-0000-0000-000000000000.
[   79.039655] loop0: detected capacity change from 0 to 2048
[   79.050579] EXT4-fs (loop0): mounted filesystem 00000000-0000-0000-0000-000000000000 without journal. Quota mode: none.
[   79.055552] EXT4-fs (loop0): unmounting filesystem 00000000-0000-0000-0000-000000000000.
[   79.065811] loop0: detected capacity change from 0 to 2048
[   79.083466] EXT4-fs (loop0): mounted filesystem 00000000-0000-0000-0000-000000000000 without journal. Quota mode: none.
[   79.093118] EXT4-fs (loop0): unmounting filesystem 00000000-0000-0000-0000-000000000000.
[   79.111539] loop0: detected capacity change from 0 to 2048
[   79.112068] I/O error, dev loop0, sector 0 op 0x0:(READ) flags 0x80700 phys_seg 1 prio class 2
[   79.120157] EXT4-fs (loop0): mounted filesystem 00000000-0000-0000-0000-000000000000 without journal. Quota mode: none.
[   79.124632] EXT4-fs (loop0): unmounting filesystem 00000000-0000-0000-0000-000000000000.
[   79.152806] loop0: detected capacity change from 0 to 2048
[   79.160364] EXT4-fs (loop0): mounted filesystem 00000000-0000-0000-0000-000000000000 without journal. Quota mode: none.
[   79.173710] EXT4-fs (loop0): unmounting filesystem 00000000-0000-0000-0000-000000000000.
[   79.202536] loop0: detected capacity change from 0 to 2048
[   79.208403] EXT4-fs (loop0): mounted filesystem 00000000-0000-0000-0000-000000000000 without journal. Quota mode: none.
[   79.219692] EXT4-fs (loop0): unmounting filesystem 00000000-0000-0000-0000-000000000000.
[   79.247682] loop0: detected capacity change from 0 to 2048
[   79.252546] EXT4-fs (loop0): mounted filesystem 00000000-0000-0000-0000-000000000000 without journal. Quota mode: none.
[   79.258077] EXT4-fs (loop0): unmounting filesystem 00000000-0000-0000-0000-000000000000.
[   79.292426] loop0: detected capacity change from 0 to 2048
[   79.296152] EXT4-fs (loop0): mounted filesystem 00000000-0000-0000-0000-000000000000 without journal. Quota mode: none.
[   79.300824] EXT4-fs (loop0): unmounting filesystem 00000000-0000-0000-0000-000000000000.
[   79.330595] loop0: detected capacity change from 0 to 2048
[   79.336463] EXT4-fs (loop0): mounted filesystem 00000000-0000-0000-0000-000000000000 without journal. Quota mode: none.
[   79.341143] EXT4-fs (loop0): unmounting filesystem 00000000-0000-0000-0000-000000000000.
[   79.369110] loop0: detected capacity change from 0 to 2048
[   79.369678] I/O error, dev loop0, sector 0 op 0x0:(READ) flags 0x80700 phys_seg 1 prio class 2
[   79.376522] EXT4-fs (loop0): mounted filesystem 00000000-0000-0000-0000-000000000000 without journal. Quota mode: none.
[   79.388646] EXT4-fs (loop0): unmounting filesystem 00000000-0000-0000-0000-000000000000.
[   79.402959] loop0: detected capacity change from 0 to 2048
[   79.408219] EXT4-fs (loop0): mounted filesystem 00000000-0000-0000-0000-000000000000 without journal. Quota mode: none.
[   79.413318] EXT4-fs (loop0): unmounting filesystem 00000000-0000-0000-0000-000000000000.
[   79.443706] loop0: detected capacity change from 0 to 2048
[   79.448897] EXT4-fs (loop0): mounted filesystem 00000000-0000-0000-0000-000000000000 without journal. Quota mode: none.
[   79.454675] EXT4-fs (loop0): unmounting filesystem 00000000-0000-0000-0000-000000000000.
[   79.487937] loop0: detected capacity change from 0 to 2048
[   79.493856] EXT4-fs (loop0): mounted filesystem 00000000-0000-0000-0000-000000000000 without journal. Quota mode: none.
[   79.500370] EXT4-fs (loop0): unmounting filesystem 00000000-0000-0000-0000-000000000000.
[   79.529248] loop0: detected capacity change from 0 to 2048
[   79.532297] EXT4-fs (loop0): mounted filesystem 00000000-0000-0000-0000-000000000000 without journal. Quota mode: none.
[   79.540763] EXT4-fs (loop0): unmounting filesystem 00000000-0000-0000-0000-000000000000.
[   79.554885] loop0: detected capacity change from 0 to 2048
[   79.564172] EXT4-fs (loop0): mounted filesystem 00000000-0000-0000-0000-000000000000 without journal. Quota mode: none.
[   79.568965] EXT4-fs (loop0): unmounting filesystem 00000000-0000-0000-0000-000000000000.
[   79.587276] loop0: detected capacity change from 0 to 2048
[   79.592512] EXT4-fs (loop0): mounted filesystem 00000000-0000-0000-0000-000000000000 without journal. Quota mode: none.
[   79.597134] EXT4-fs (loop0): unmounting filesystem 00000000-0000-0000-0000-000000000000.
[   79.627794] loop0: detected capacity change from 0 to 2048
