c[?7l[2J[0mSeaBIOS (version rel-1.16.0-0-gd239552ce722-prebuilt.qemu.org)


iPXE (http://ipxe.org) 00:03.0 CA00 PCI2.10 PnP PMM+7FF91000+7FEF1000 CA00
Press Ctrl-B to configure iPXE (PCI 00:03.0)...                                                                               


Booting from ROM..c[?7l[2J[    0.000000] Linux version 6.3.0-rc1-0d70c93cfc64+ (root@p-rpls01) (gcc (GCC) 8.5.0 20210514 (Red Hat 8.5.0-19), GNU ld version 2.36.1-2.el8) #1 SMP PREEMPT_DYNAMIC Wed Jun 21 05:03:57 CST 2023
[    0.000000] ********************************************************************************************
[    0.000000] * WARNING: Project Intel Next sources and binaries include Intel Confidential information. *
[    0.000000] *          For use by Intel Employees only; do not distribute externally.                  *
[    0.000000] ********************************************************************************************
[    0.000000] Command line: console=ttyS0 root=/dev/sda earlyprintk=serial net.ifnames=0 quiet plymouth.enable=0
[    0.000000] KERNEL supported cpus:
[    0.000000]   Intel GenuineIntel
[    0.000000]   AMD AuthenticAMD
[    0.000000]   Hygon HygonGenuine
[    0.000000]   Centaur CentaurHauls
[    0.000000]   zhaoxin   Shanghai  
[    0.000000] x86/fpu: Supporting XSAVE feature 0x001: 'x87 floating point registers'
[    0.000000] x86/fpu: Supporting XSAVE feature 0x002: 'SSE registers'
[    0.000000] x86/fpu: Supporting XSAVE feature 0x004: 'AVX registers'
[    0.000000] x86/fpu: Supporting XSAVE feature 0x200: 'Protection Keys User registers'
[    0.000000] x86/fpu: xstate_offset[2]:  576, xstate_sizes[2]:  256
[    0.000000] x86/fpu: xstate_offset[9]:  832, xstate_sizes[9]:    8
[    0.000000] x86/fpu: Enabled xstate features 0x207, context size is 840 bytes, using 'compacted' format.
[    0.000000] signal: max sigframe size: 3632
[    0.000000] BIOS-provided physical RAM map:
[    0.000000] BIOS-e820: [mem 0x0000000000000000-0x000000000009fbff] usable
[    0.000000] BIOS-e820: [mem 0x000000000009fc00-0x000000000009ffff] reserved
[    0.000000] BIOS-e820: [mem 0x00000000000f0000-0x00000000000fffff] reserved
[    0.000000] BIOS-e820: [mem 0x0000000000100000-0x000000007ffdffff] usable
[    0.000000] BIOS-e820: [mem 0x000000007ffe0000-0x000000007fffffff] reserved
[    0.000000] BIOS-e820: [mem 0x00000000feffc000-0x00000000feffffff] reserved
[    0.000000] BIOS-e820: [mem 0x00000000fffc0000-0x00000000ffffffff] reserved
[    0.000000] printk: bootconsole [earlyser0] enabled
[    0.274992] Spectre V2 : WARNING: Unprivileged eBPF is enabled with eIBRS on, data leaks possible via Spectre v2 BHB attacks!
[    5.532925] systemd[1]: Failed to start Load Kernel Modules.
[[0;1;31mFAILED[0m] Failed to start [0;1;39mLoad Kernel Modules[0m.

CentOS Stream 9
Kernel 6.3.0-rc1-0d70c93cfc64+ on an x86_64

Activate the web console with: systemctl enable --now cockpit.socket

test login: [   17.955828] loop0: detected capacity change from 0 to 2048
[   17.961346] EXT4-fs (loop0): mounted filesystem 00000000-0000-0000-0000-000000000000 without journal. Quota mode: none.
[   17.972799] EXT4-fs (loop0): unmounting filesystem 00000000-0000-0000-0000-000000000000.
[   17.985021] loop0: detected capacity change from 0 to 2048
[   17.993249] EXT4-fs (loop0): mounted filesystem 00000000-0000-0000-0000-000000000000 without journal. Quota mode: none.
[   18.007883] EXT4-fs (loop0): unmounting filesystem 00000000-0000-0000-0000-000000000000.
[   18.019992] loop0: detected capacity change from 0 to 2048
[   18.028628] EXT4-fs (loop0): mounted filesystem 00000000-0000-0000-0000-000000000000 without journal. Quota mode: none.
[   18.038766] EXT4-fs (loop0): unmounting filesystem 00000000-0000-0000-0000-000000000000.
[   18.050083] loop0: detected capacity change from 0 to 2048
[   18.057006] EXT4-fs (loop0): mounted filesystem 00000000-0000-0000-0000-000000000000 without journal. Quota mode: none.
[   18.067345] EXT4-fs (loop0): unmounting filesystem 00000000-0000-0000-0000-000000000000.
[   18.081835] loop0: detected capacity change from 0 to 2048
[   18.091124] EXT4-fs (loop0): mounted filesystem 00000000-0000-0000-0000-000000000000 without journal. Quota mode: none.
[   18.096482] EXT4-fs (loop0): unmounting filesystem 00000000-0000-0000-0000-000000000000.
[   18.116263] loop0: detected capacity change from 0 to 2048
[   18.121167] EXT4-fs (loop0): mounted filesystem 00000000-0000-0000-0000-000000000000 without journal. Quota mode: none.
[   18.126053] EXT4-fs (loop0): unmounting filesystem 00000000-0000-0000-0000-000000000000.
[   18.140680] loop0: detected capacity change from 0 to 2048
[   18.151728] EXT4-fs (loop0): mounted filesystem 00000000-0000-0000-0000-000000000000 without journal. Quota mode: none.
[   18.157353] EXT4-fs (loop0): unmounting filesystem 00000000-0000-0000-0000-000000000000.
[   18.173715] loop0: detected capacity change from 0 to 2048
[   18.177179] EXT4-fs (loop0): mounted filesystem 00000000-0000-0000-0000-000000000000 without journal. Quota mode: none.
[   18.186059] EXT4-fs (loop0): unmounting filesystem 00000000-0000-0000-0000-000000000000.
[   18.202348] loop0: detected capacity change from 0 to 2048
[   18.208694] EXT4-fs (loop0): mounted filesystem 00000000-0000-0000-0000-000000000000 without journal. Quota mode: none.
[   18.228698] EXT4-fs (loop0): unmounting filesystem 00000000-0000-0000-0000-000000000000.
[   18.240853] loop0: detected capacity change from 0 to 2048
[   18.251834] EXT4-fs (loop0): mounted filesystem 00000000-0000-0000-0000-000000000000 without journal. Quota mode: none.
[   18.260379] EXT4-fs (loop0): unmounting filesystem 00000000-0000-0000-0000-000000000000.
[   18.272826] loop0: detected capacity change from 0 to 2048
[   18.285025] EXT4-fs (loop0): mounted filesystem 00000000-0000-0000-0000-000000000000 without journal. Quota mode: none.
[   18.293800] EXT4-fs (loop0): unmounting filesystem 00000000-0000-0000-0000-000000000000.
[   18.308639] loop0: detected capacity change from 0 to 2048
[   18.312932] EXT4-fs (loop0): mounted filesystem 00000000-0000-0000-0000-000000000000 without journal. Quota mode: none.
[   18.320912] EXT4-fs (loop0): unmounting filesystem 00000000-0000-0000-0000-000000000000.
[   18.342438] loop0: detected capacity change from 0 to 2048
[   18.348460] EXT4-fs (loop0): mounted filesystem 00000000-0000-0000-0000-000000000000 without journal. Quota mode: none.
[   18.357319] EXT4-fs (loop0): unmounting filesystem 00000000-0000-0000-0000-000000000000.
[   18.377634] loop0: detected capacity change from 0 to 2048
[   18.388889] EXT4-fs (loop0): mounted filesystem 00000000-0000-0000-0000-000000000000 without journal. Quota mode: none.
[   18.394200] EXT4-fs (loop0): unmounting filesystem 00000000-0000-0000-0000-000000000000.
[   18.407065] loop0: detected capacity change from 0 to 2048
[   18.415889] EXT4-fs (loop0): mounted filesystem 00000000-0000-0000-0000-000000000000 without journal. Quota mode: none.
[   18.424036] EXT4-fs (loop0): unmounting filesystem 00000000-0000-0000-0000-000000000000.
[   18.436212] loop0: detected capacity change from 0 to 2048
[   18.446223] EXT4-fs (loop0): mounted filesystem 00000000-0000-0000-0000-000000000000 without journal. Quota mode: none.
[   18.453815] EXT4-fs (loop0): unmounting filesystem 00000000-0000-0000-0000-000000000000.
[   18.468147] loop0: detected capacity change from 0 to 2048
[   18.468728] I/O error, dev loop0, sector 0 op 0x0:(READ) flags 0x80700 phys_seg 1 prio class 2
[   18.472725] EXT4-fs (loop0): mounted filesystem 00000000-0000-0000-0000-000000000000 without journal. Quota mode: none.
[   18.483208] EXT4-fs (loop0): unmounting filesystem 00000000-0000-0000-0000-000000000000.
[   18.499759] loop0: detected capacity change from 0 to 2048
[   18.508554] EXT4-fs (loop0): mounted filesystem 00000000-0000-0000-0000-000000000000 without journal. Quota mode: none.
[   18.513084] EXT4-fs (loop0): unmounting filesystem 00000000-0000-0000-0000-000000000000.
[   18.525195] loop0: detected capacity change from 0 to 2048
[   18.532700] EXT4-fs (loop0): mounted filesystem 00000000-0000-0000-0000-000000000000 without journal. Quota mode: none.
[   18.540825] EXT4-fs (loop0): unmounting filesystem 00000000-0000-0000-0000-000000000000.
[   18.558759] loop0: detected capacity change from 0 to 2048
[   18.564616] EXT4-fs (loop0): mounted filesystem 00000000-0000-0000-0000-000000000000 without journal. Quota mode: none.
[   18.569094] EXT4-fs (loop0): unmounting filesystem 00000000-0000-0000-0000-000000000000.
[   18.579221] loop0: detected capacity change from 0 to 2048
[   18.584636] EXT4-fs (loop0): mounted filesystem 00000000-0000-0000-0000-000000000000 without journal. Quota mode: none.
[   18.600444] EXT4-fs (loop0): unmounting filesystem 00000000-0000-0000-0000-000000000000.
[   18.619702] loop0: detected capacity change from 0 to 2048
[   18.629964] EXT4-fs (loop0): mounted filesystem 00000000-0000-0000-0000-000000000000 without journal. Quota mode: none.
[   18.635615] EXT4-fs (loop0): unmounting filesystem 00000000-0000-0000-0000-000000000000.
[   18.655105] loop0: detected capacity change from 0 to 2048
[   18.660789] EXT4-fs (loop0): mounted filesystem 00000000-0000-0000-0000-000000000000 without journal. Quota mode: none.
[   18.672691] EXT4-fs (loop0): unmounting filesystem 00000000-0000-0000-0000-000000000000.
[   18.692225] loop0: detected capacity change from 0 to 2048
[   18.700966] EXT4-fs (loop0): mounted filesystem 00000000-0000-0000-0000-000000000000 without journal. Quota mode: none.
[   18.706558] EXT4-fs (loop0): unmounting filesystem 00000000-0000-0000-0000-000000000000.
[   18.725235] loop0: detected capacity change from 0 to 2048
[   18.729245] EXT4-fs (loop0): mounted filesystem 00000000-0000-0000-0000-000000000000 without journal. Quota mode: none.
[   18.741051] EXT4-fs (loop0): unmounting filesystem 00000000-0000-0000-0000-000000000000.
[   18.758886] loop0: detected capacity change from 0 to 2048
[   18.765206] EXT4-fs (loop0): mounted filesystem 00000000-0000-0000-0000-000000000000 without journal. Quota mode: none.
[   18.773054] EXT4-fs (loop0): unmounting filesystem 00000000-0000-0000-0000-000000000000.
[   18.789962] loop0: detected capacity change from 0 to 2048
[   18.799923] EXT4-fs (loop0): mounted filesystem 00000000-0000-0000-0000-000000000000 without journal. Quota mode: none.
[   18.807693] EXT4-fs (loop0): unmounting filesystem 00000000-0000-0000-0000-000000000000.
[   18.822229] loop0: detected capacity change from 0 to 2048
[   18.832886] EXT4-fs (loop0): mounted filesystem 00000000-0000-0000-0000-000000000000 without journal. Quota mode: none.
[   18.837922] EXT4-fs (loop0): unmounting filesystem 00000000-0000-0000-0000-000000000000.
[   18.851173] loop0: detected capacity change from 0 to 2048
[   18.864929] EXT4-fs (loop0): mounted filesystem 00000000-0000-0000-0000-000000000000 without journal. Quota mode: none.
[   18.872866] EXT4-fs (loop0): unmounting filesystem 00000000-0000-0000-0000-000000000000.
[   18.886654] loop0: detected capacity change from 0 to 2048
[   18.893026] EXT4-fs (loop0): mounted filesystem 00000000-0000-0000-0000-000000000000 without journal. Quota mode: none.
[   18.897799] EXT4-fs (loop0): unmounting filesystem 00000000-0000-0000-0000-000000000000.
[   18.910021] loop0: detected capacity change from 0 to 2048
[   18.916442] EXT4-fs (loop0): mounted filesystem 00000000-0000-0000-0000-000000000000 without journal. Quota mode: none.
[   18.925239] EXT4-fs (loop0): unmounting filesystem 00000000-0000-0000-0000-000000000000.
[   18.940268] loop0: detected capacity change from 0 to 2048
[   18.944968] EXT4-fs (loop0): mounted filesystem 00000000-0000-0000-0000-000000000000 without journal. Quota mode: none.
[   18.961841] loop0: detected capacity change from 0 to 2048
[   19.002016] loop0: detected capacity change from 0 to 2048
[   19.033949] loop0: detected capacity change from 0 to 2048
[   19.057905] loop0: detected capacity change from 0 to 2048
[   19.088494] loop0: detected capacity change from 0 to 2048
[   19.088840] I/O error, dev loop0, sector 0 op 0x0:(READ) flags 0x80700 phys_seg 1 prio class 2
[   19.120356] loop0: detected capacity change from 0 to 2048
[   19.143086] loop0: detected capacity change from 0 to 2048
[   19.176568] loop0: detected capacity change from 0 to 2048
[   19.197263] loop0: detected capacity change from 0 to 2048
[   19.216960] loop0: detected capacity change from 0 to 2048
[   19.241251] loop0: detected capacity change from 0 to 2048
[   19.257741] loop0: detected capacity change from 0 to 2048
[   19.293560] loop0: detected capacity change from 0 to 2048
[   19.324143] loop0: detected capacity change from 0 to 2048
[   19.353273] loop0: detected capacity change from 0 to 2048
[   19.353955] I/O error, dev loop0, sector 0 op 0x0:(READ) flags 0x80700 phys_seg 1 prio class 2
[   19.392728] loop0: detected capacity change from 0 to 2048
[   19.424221] loop0: detected capacity change from 0 to 2048
[   19.458084] loop0: detected capacity change from 0 to 2048
[   19.493227] loop0: detected capacity change from 0 to 2048
[   19.521130] loop0: detected capacity change from 0 to 2048
[   19.554307] loop0: detected capacity change from 0 to 2048
[   19.591183] loop0: detected capacity change from 0 to 2048
[   19.624262] loop0: detected capacity change from 0 to 2048
[   19.659364] loop0: detected capacity change from 0 to 2048
[   19.680867] loop0: detected capacity change from 0 to 2048
[   19.681557] I/O error, dev loop0, sector 0 op 0x0:(READ) flags 0x80700 phys_seg 1 prio class 2
[   19.716264] loop0: detected capacity change from 0 to 2048
[   19.736451] loop0: detected capacity change from 0 to 2048
[   19.761900] loop0: detected capacity change from 0 to 2048
[   19.795141] loop0: detected capacity change from 0 to 2048
[   19.813992] loop0: detected capacity change from 0 to 2048
[   19.842023] loop0: detected capacity change from 0 to 2048
[   19.878432] loop0: detected capacity change from 0 to 2048
[   19.900330] loop0: detected capacity change from 0 to 2048
[   19.934241] loop0: detected capacity change from 0 to 2048
[   19.962975] loop0: detected capacity change from 0 to 2048
[   20.002195] loop0: detected capacity change from 0 to 2048
[   20.045965] loop0: detected capacity change from 0 to 2048
[   20.080952] loop0: detected capacity change from 0 to 2048
[   20.098877] loop0: detected capacity change from 0 to 2048
[   20.127957] loop0: detected capacity change from 0 to 2048
[   20.149628] loop0: detected capacity change from 0 to 2048
[   20.182527] loop0: detected capacity change from 0 to 2048
[   20.213392] loop0: detected capacity change from 0 to 2048
[   20.233226] loop0: detected capacity change from 0 to 2048
[   20.262828] loop0: detected capacity change from 0 to 2048
[   20.285340] loop0: detected capacity change from 0 to 2048
[   20.315019] loop0: detected capacity change from 0 to 2048
[   20.352745] loop0: detected capacity change from 0 to 2048
[   20.375771] loop0: detected capacity change from 0 to 2048
[   20.401800] loop0: detected capacity change from 0 to 2048
[   20.423334] loop0: detected capacity change from 0 to 2048
[   20.423910] I/O error, dev loop0, sector 0 op 0x0:(READ) flags 0x80700 phys_seg 1 prio class 2
[   20.453095] loop0: detected capacity change from 0 to 2048
[   20.473458] loop0: detected capacity change from 0 to 2048
[   20.496703] loop0: detected capacity change from 0 to 2048
[   20.526738] loop0: detected capacity change from 0 to 2048
[   20.557180] loop0: detected capacity change from 0 to 2048
[   20.586635] loop0: detected capacity change from 0 to 2048
[   20.610046] loop0: detected capacity change from 0 to 2048
[   20.640397] loop0: detected capacity change from 0 to 2048
[   20.674850] loop0: detected capacity change from 0 to 2048
[   20.702012] loop0: detected capacity change from 0 to 2048
[   20.726352] loop0: detected capacity change from 0 to 2048
[   20.765313] loop0: detected capacity change from 0 to 2048
[   20.789988] loop0: detected capacity change from 0 to 2048
[   20.818192] loop0: detected capacity change from 0 to 2048
[   20.843589] loop0: detected capacity change from 0 to 2048
[   20.870188] loop0: detected capacity change from 0 to 2048
[   20.903794] loop0: detected capacity change from 0 to 2048
[   20.931940] loop0: detected capacity change from 0 to 2048
[   20.968684] loop0: detected capacity change from 0 to 2048
[   21.014300] loop0: detected capacity change from 0 to 2048
[   21.051842] loop0: detected capacity change from 0 to 2048
[   21.073072] loop0: detected capacity change from 0 to 2048
[   21.101576] loop0: detected capacity change from 0 to 2048
[   21.126215] loop0: detected capacity change from 0 to 2048
[   21.163735] loop0: detected capacity change from 0 to 2048
[   21.196959] loop0: detected capacity change from 0 to 2048
[   21.221691] loop0: detected capacity change from 0 to 2048
[   21.256895] loop0: detected capacity change from 0 to 2048
[   21.281693] loop0: detected capacity change from 0 to 2048
[   21.309562] loop0: detected capacity change from 0 to 2048
[   21.344325] loop0: detected capacity change from 0 to 2048
[   21.370839] loop0: detected capacity change from 0 to 2048
[   21.404244] loop0: detected capacity change from 0 to 2048
[   21.430822] loop0: detected capacity change from 0 to 2048
[   21.457190] loop0: detected capacity change from 0 to 2048
[   21.485252] loop0: detected capacity change from 0 to 2048
[   21.522950] loop0: detected capacity change from 0 to 2048
[   21.545262] loop0: detected capacity change from 0 to 2048
[   21.572249] loop0: detected capacity change from 0 to 2048
[   21.602153] loop0: detected capacity change from 0 to 2048
[   21.640735] loop0: detected capacity change from 0 to 2048
[   21.662781] loop0: detected capacity change from 0 to 2048
[   21.691004] loop0: detected capacity change from 0 to 2048
[   21.710757] loop0: detected capacity change from 0 to 2048
[   21.740562] loop0: detected capacity change from 0 to 2048
[   21.770926] loop0: detected capacity change from 0 to 2048
[   21.795109] loop0: detected capacity change from 0 to 2048
[   21.818232] loop0: detected capacity change from 0 to 2048
[   21.844177] loop0: detected capacity change from 0 to 2048
[   21.870395] loop0: detected capacity change from 0 to 2048
[   21.896969] loop0: detected capacity change from 0 to 2048
[   21.933753] loop0: detected capacity change from 0 to 2048
[   21.961834] loop0: detected capacity change from 0 to 2048
[   21.997491] loop0: detected capacity change from 0 to 2048
[   22.033752] loop0: detected capacity change from 0 to 2048
[   22.056525] loop0: detected capacity change from 0 to 2048
[   22.084188] loop0: detected capacity change from 0 to 2048
[   22.110562] loop0: detected capacity change from 0 to 2048
[   22.145836] loop0: detected capacity change from 0 to 2048
[   22.166127] loop0: detected capacity change from 0 to 2048
[   22.202810] loop0: detected capacity change from 0 to 2048
[   22.203401] I/O error, dev loop0, sector 0 op 0x0:(READ) flags 0x80700 phys_seg 1 prio class 2
[   22.232840] loop0: detected capacity change from 0 to 2048
[   22.258022] loop0: detected capacity change from 0 to 2048
[   22.284690] loop0: detected capacity change from 0 to 2048
[   22.328016] loop0: detected capacity change from 0 to 2048
[   22.360836] loop0: detected capacity change from 0 to 2048
[   22.397819] loop0: detected capacity change from 0 to 2048
[   22.421474] loop0: detected capacity change from 0 to 2048
[   22.454267] loop0: detected capacity change from 0 to 2048
[   22.480878] loop0: detected capacity change from 0 to 2048
[   22.510330] loop0: detected capacity change from 0 to 2048
[   22.538629] loop0: detected capacity change from 0 to 2048
[   22.569663] loop0: detected capacity change from 0 to 2048
[   22.604228] loop0: detected capacity change from 0 to 2048
[   22.627231] loop0: detected capacity change from 0 to 2048
[   22.627816] I/O error, dev loop0, sector 0 op 0x0:(READ) flags 0x80700 phys_seg 1 prio class 2
[   22.653926] loop0: detected capacity change from 0 to 2048
[   22.684151] loop0: detected capacity change from 0 to 2048
[   22.710439] loop0: detected capacity change from 0 to 2048
[   22.738431] loop0: detected capacity change from 0 to 2048
[   22.768097] loop0: detected capacity change from 0 to 2048
[   22.805943] loop0: detected capacity change from 0 to 2048
[   22.830343] loop0: detected capacity change from 0 to 2048
[   22.861689] loop0: detected capacity change from 0 to 2048
[   22.886766] loop0: detected capacity change from 0 to 2048
[   22.917575] loop0: detected capacity change from 0 to 2048
[   22.952160] loop0: detected capacity change from 0 to 2048
[   22.999658] loop0: detected capacity change from 0 to 2048
[   23.030910] loop0: detected capacity change from 0 to 2048
[   23.064807] loop0: detected capacity change from 0 to 2048
[   23.090591] loop0: detected capacity change from 0 to 2048
[   23.123052] loop0: detected capacity change from 0 to 2048
[   23.156965] loop0: detected capacity change from 0 to 2048
[   23.195049] loop0: detected capacity change from 0 to 2048
[   23.220251] loop0: detected capacity change from 0 to 2048
[   23.254407] loop0: detected capacity change from 0 to 2048
[   23.254729] I/O error, dev loop0, sector 0 op 0x0:(READ) flags 0x80700 phys_seg 1 prio class 2
[   23.287286] loop0: detected capacity change from 0 to 2048
[   23.316878] loop0: detected capacity change from 0 to 2048
[   23.359596] loop0: detected capacity change from 0 to 2048
[   23.383267] loop0: detected capacity change from 0 to 2048
[   23.415812] loop0: detected capacity change from 0 to 2048
[   23.447333] loop0: detected capacity change from 0 to 2048
[   23.467535] loop0: detected capacity change from 0 to 2048
[   23.508281] loop0: detected capacity change from 0 to 2048
[   23.529032] loop0: detected capacity change from 0 to 2048
[   23.564830] loop0: detected capacity change from 0 to 2048
[   23.593222] loop0: detected capacity change from 0 to 2048
[   23.593945] I/O error, dev loop0, sector 0 op 0x0:(READ) flags 0x80700 phys_seg 1 prio class 2
[   23.593993] I/O error, dev loop0, sector 0 op 0x0:(READ) flags 0x0 phys_seg 1 prio class 2
[   23.596297] Buffer I/O error on dev loop0, logical block 0, async page read
[   23.628402] loop0: detected capacity change from 0 to 2048
[   23.659156] loop0: detected capacity change from 0 to 2048
[   23.659749] I/O error, dev loop0, sector 0 op 0x0:(READ) flags 0x80700 phys_seg 1 prio class 2
[   23.689673] loop0: detected capacity change from 0 to 2048
[   23.719241] loop0: detected capacity change from 0 to 2048
[   23.747006] loop0: detected capacity change from 0 to 2048
[   23.780619] loop0: detected capacity change from 0 to 2048
[   23.781131] I/O error, dev loop0, sector 0 op 0x0:(READ) flags 0x80700 phys_seg 1 prio class 2
[   23.813777] loop0: detected capacity change from 0 to 2048
[   23.840204] loop0: detected capacity change from 0 to 2048
[   23.860782] loop0: detected capacity change from 0 to 2048
[   23.889007] loop0: detected capacity change from 0 to 2048
[   23.925550] loop0: detected capacity change from 0 to 2048
[   23.954002] loop0: detected capacity change from 0 to 2048
[   23.982392] loop0: detected capacity change from 0 to 2048
[   24.020811] loop0: detected capacity change from 0 to 2048
[   24.045392] loop0: detected capacity change from 0 to 2048
[   24.073372] loop0: detected capacity change from 0 to 2048
[   24.073764] I/O error, dev loop0, sector 0 op 0x0:(READ) flags 0x80700 phys_seg 1 prio class 2
[   24.101595] loop0: detected capacity change from 0 to 2048
[   24.138436] loop0: detected capacity change from 0 to 2048
[   24.167065] loop0: detected capacity change from 0 to 2048
[   24.191048] loop0: detected capacity change from 0 to 2048
[   24.215036] loop0: detected capacity change from 0 to 2048
[   24.246507] loop0: detected capacity change from 0 to 2048
[   24.270355] loop0: detected capacity change from 0 to 2048
[   24.296858] loop0: detected capacity change from 0 to 2048
[   24.326710] loop0: detected capacity change from 0 to 2048
[   24.355734] loop0: detected capacity change from 0 to 2048
[   24.380037] loop0: detected capacity change from 0 to 2048
[   24.407277] loop0: detected capacity change from 0 to 2048
[   24.428628] loop0: detected capacity change from 0 to 2048
[   24.457407] loop0: detected capacity change from 0 to 2048
[   24.484372] loop0: detected capacity change from 0 to 2048
[   24.509811] loop0: detected capacity change from 0 to 2048
[   24.533483] loop0: detected capacity change from 0 to 2048
[   24.562455] loop0: detected capacity change from 0 to 2048
[   24.585184] loop0: detected capacity change from 0 to 2048
[   24.585646] I/O error, dev loop0, sector 0 op 0x0:(READ) flags 0x80700 phys_seg 1 prio class 2
[   24.616594] loop0: detected capacity change from 0 to 2048
[   24.644349] loop0: detected capacity change from 0 to 2048
[   24.662513] loop0: detected capacity change from 0 to 2048
[   24.693062] loop0: detected capacity change from 0 to 2048
[   24.710952] loop0: detected capacity change from 0 to 2048
[   24.733984] loop0: detected capacity change from 0 to 2048
[   24.754244] loop0: detected capacity change from 0 to 2048
[   24.782411] loop0: detected capacity change from 0 to 2048
[   24.808545] loop0: detected capacity change from 0 to 2048
[   24.831495] loop0: detected capacity change from 0 to 2048
[   24.851916] loop0: detected capacity change from 0 to 2048
[   24.885261] loop0: detected capacity change from 0 to 2048
[   24.908689] loop0: detected capacity change from 0 to 2048
[   24.937538] loop0: detected capacity change from 0 to 2048
[   24.953743] loop0: detected capacity change from 0 to 2048
[   24.992511] loop0: detected capacity change from 0 to 2048
[   24.993025] I/O error, dev loop0, sector 0 op 0x0:(READ) flags 0x80700 phys_seg 1 prio class 2
[   25.025780] loop0: detected capacity change from 0 to 2048
[   25.056692] loop0: detected capacity change from 0 to 2048
[   25.091155] loop0: detected capacity change from 0 to 2048
[   25.120267] loop0: detected capacity change from 0 to 2048
[   25.151285] loop0: detected capacity change from 0 to 2048
[   25.177722] loop0: detected capacity change from 0 to 2048
[   25.203870] loop0: detected capacity change from 0 to 2048
[   25.229327] loop0: detected capacity change from 0 to 2048
[   25.257918] loop0: detected capacity change from 0 to 2048
[   25.287804] loop0: detected capacity change from 0 to 2048
[   25.311884] loop0: detected capacity change from 0 to 2048
[   25.337333] loop0: detected capacity change from 0 to 2048
[   25.360090] loop0: detected capacity change from 0 to 2048
[   25.382201] loop0: detected capacity change from 0 to 2048
[   25.400869] loop0: detected capacity change from 0 to 2048
[   25.425752] loop0: detected capacity change from 0 to 2048
[   25.442911] loop0: detected capacity change from 0 to 2048
[   25.469722] loop0: detected capacity change from 0 to 2048
[   25.490905] loop0: detected capacity change from 0 to 2048
[   25.510838] loop0: detected capacity change from 0 to 2048
[   25.536558] loop0: detected capacity change from 0 to 2048
[   25.558355] loop0: detected capacity change from 0 to 2048
[   25.577563] loop0: detected capacity change from 0 to 2048
[   25.603747] loop0: detected capacity change from 0 to 2048
[   25.627380] loop0: detected capacity change from 0 to 2048
[   25.653106] loop0: detected capacity change from 0 to 2048
[   25.673556] loop0: detected capacity change from 0 to 2048
[   25.695360] loop0: detected capacity change from 0 to 2048
[   25.723235] loop0: detected capacity change from 0 to 2048
[   25.746887] loop0: detected capacity change from 0 to 2048
[   25.770209] loop0: detected capacity change from 0 to 2048
[   25.797828] loop0: detected capacity change from 0 to 2048
[   25.825650] loop0: detected capacity change from 0 to 2048
[   25.857126] loop0: detected capacity change from 0 to 2048
[   25.881187] loop0: detected capacity change from 0 to 2048
[   25.916592] loop0: detected capacity change from 0 to 2048
[   25.946600] loop0: detected capacity change from 0 to 2048
[   25.975736] loop0: detected capacity change from 0 to 2048
[   26.007078] loop0: detected capacity change from 0 to 2048
[   26.039157] loop0: detected capacity change from 0 to 2048
[   26.062828] loop0: detected capacity change from 0 to 2048
[   26.081563] loop0: detected capacity change from 0 to 2048
[   26.103302] loop0: detected capacity change from 0 to 2048
[   26.125420] loop0: detected capacity change from 0 to 2048
[   26.150515] loop0: detected capacity change from 0 to 2048
[   26.173868] loop0: detected capacity change from 0 to 2048
[   26.199928] loop0: detected capacity change from 0 to 2048
[   26.225691] loop0: detected capacity change from 0 to 2048
[   26.253142] loop0: detected capacity change from 0 to 2048
[   26.280281] loop0: detected capacity change from 0 to 2048
[   26.300613] loop0: detected capacity change from 0 to 2048
[   26.321093] loop0: detected capacity change from 0 to 2048
[   26.345209] loop0: detected capacity change from 0 to 2048
[   26.366777] loop0: detected capacity change from 0 to 2048
[   26.387456] loop0: detected capacity change from 0 to 2048
[   26.411972] loop0: detected capacity change from 0 to 2048
[   26.432076] loop0: detected capacity change from 0 to 2048
[   26.455811] loop0: detected capacity change from 0 to 2048
[   26.476483] loop0: detected capacity change from 0 to 2048
[   26.496635] loop0: detected capacity change from 0 to 2048
[   26.516585] loop0: detected capacity change from 0 to 2048
[   26.537704] loop0: detected capacity change from 0 to 2048
[   26.559942] loop0: detected capacity change from 0 to 2048
[   26.579890] loop0: detected capacity change from 0 to 2048
[   26.601846] loop0: detected capacity change from 0 to 2048
[   26.623269] loop0: detected capacity change from 0 to 2048
[   26.646220] loop0: detected capacity change from 0 to 2048
[   26.677326] loop0: detected capacity change from 0 to 2048
[   26.700835] loop0: detected capacity change from 0 to 2048
[   26.740589] loop0: detected capacity change from 0 to 2048
[   26.764863] loop0: detected capacity change from 0 to 2048
[   26.794536] loop0: detected capacity change from 0 to 2048
[   26.824638] loop0: detected capacity change from 0 to 2048
[   26.845872] loop0: detected capacity change from 0 to 2048
[   26.877173] loop0: detected capacity change from 0 to 2048
[   26.901957] loop0: detected capacity change from 0 to 2048
[   26.928735] loop0: detected capacity change from 0 to 2048
[   26.958651] loop0: detected capacity change from 0 to 2048
[   26.982092] loop0: detected capacity change from 0 to 2048
[   27.016618] loop0: detected capacity change from 0 to 2048
[   27.046440] loop0: detected capacity change from 0 to 2048
[   27.066650] loop0: detected capacity change from 0 to 2048
[   27.094969] loop0: detected capacity change from 0 to 2048
[   27.119390] loop0: detected capacity change from 0 to 2048
[   27.146802] loop0: detected capacity change from 0 to 2048
[   27.147141] I/O error, dev loop0, sector 0 op 0x0:(READ) flags 0x80700 phys_seg 1 prio class 2
[   27.173036] loop0: detected capacity change from 0 to 2048
[   27.194792] loop0: detected capacity change from 0 to 2048
[   27.216661] loop0: detected capacity change from 0 to 2048
[   27.242313] loop0: detected capacity change from 0 to 2048
[   27.264853] loop0: detected capacity change from 0 to 2048
[   27.284992] loop0: detected capacity change from 0 to 2048
[   27.305996] loop0: detected capacity change from 0 to 2048
[   27.328557] loop0: detected capacity change from 0 to 2048
[   27.349035] loop0: detected capacity change from 0 to 2048
[   27.364650] loop0: detected capacity change from 0 to 2048
[   27.383521] loop0: detected capacity change from 0 to 2048
[   27.407699] loop0: detected capacity change from 0 to 2048
[   27.433289] loop0: detected capacity change from 0 to 2048
[   27.460431] loop0: detected capacity change from 0 to 2048
[   27.478932] loop0: detected capacity change from 0 to 2048
[   27.504243] loop0: detected capacity change from 0 to 2048
[   27.531225] loop0: detected capacity change from 0 to 2048
[   27.559201] loop0: detected capacity change from 0 to 2048
[   27.584943] loop0: detected capacity change from 0 to 2048
[   27.614064] loop0: detected capacity change from 0 to 2048
[   27.639076] loop0: detected capacity change from 0 to 2048
[   27.661533] loop0: detected capacity change from 0 to 2048
[   27.662087] I/O error, dev loop0, sector 0 op 0x0:(READ) flags 0x80700 phys_seg 1 prio class 2
[   27.689934] loop0: detected capacity change from 0 to 2048
[   27.707980] loop0: detected capacity change from 0 to 2048
[   27.745577] loop0: detected capacity change from 0 to 2048
[   27.768291] loop0: detected capacity change from 0 to 2048
[   27.791637] loop0: detected capacity change from 0 to 2048
[   27.808361] loop0: detected capacity change from 0 to 2048
[   27.833231] loop0: detected capacity change from 0 to 2048
[   27.862310] loop0: detected capacity change from 0 to 2048
[   27.882874] loop0: detected capacity change from 0 to 2048
[   27.904874] loop0: detected capacity change from 0 to 2048
[   27.925495] loop0: detected capacity change from 0 to 2048
[   27.925783] I/O error, dev loop0, sector 0 op 0x0:(READ) flags 0x80700 phys_seg 1 prio class 2
[   27.951319] loop0: detected capacity change from 0 to 2048
[   27.981967] loop0: detected capacity change from 0 to 2048
[   28.009890] loop0: detected capacity change from 0 to 2048
[   28.035385] loop0: detected capacity change from 0 to 2048
[   28.052736] loop0: detected capacity change from 0 to 2048
[   28.053116] Buffer I/O error on dev loop0, logical block 0, async page read
[   28.072584] loop0: detected capacity change from 0 to 2048
[   28.097398] loop0: detected capacity change from 0 to 2048
[   28.118452] loop0: detected capacity change from 0 to 2048
[   28.143493] loop0: detected capacity change from 0 to 2048
[   28.170709] loop0: detected capacity change from 0 to 2048
[   28.196262] loop0: detected capacity change from 0 to 2048
[   28.218028] loop0: detected capacity change from 0 to 2048
[   28.240188] loop0: detected capacity change from 0 to 2048
[   28.268409] loop0: detected capacity change from 0 to 2048
[   28.290339] loop0: detected capacity change from 0 to 2048
[   28.314082] loop0: detected capacity change from 0 to 2048
[   28.331901] loop0: detected capacity change from 0 to 2048
[   28.363974] loop0: detected capacity change from 0 to 2048
[   28.382732] loop0: detected capacity change from 0 to 2048
[   28.418590] loop0: detected capacity change from 0 to 2048
[   28.439644] loop0: detected capacity change from 0 to 2048
[   28.467225] loop0: detected capacity change from 0 to 2048
[   28.486929] loop0: detected capacity change from 0 to 2048
[   28.511855] loop0: detected capacity change from 0 to 2048
[   28.542922] loop0: detected capacity change from 0 to 2048
[   28.561942] loop0: detected capacity change from 0 to 2048
[   28.582451] loop0: detected capacity change from 0 to 2048
[   28.609027] loop0: detected capacity change from 0 to 2048
[   28.644743] loop0: detected capacity change from 0 to 2048
[   28.645345] blk_print_req_error: 2 callbacks suppressed
[   28.645354] I/O error, dev loop0, sector 0 op 0x0:(READ) flags 0x80700 phys_seg 1 prio class 2
[   28.672451] loop0: detected capacity change from 0 to 2048
[   28.695086] loop0: detected capacity change from 0 to 2048
[   28.695576] I/O error, dev loop0, sector 0 op 0x0:(READ) flags 0x80700 phys_seg 1 prio class 2
[   28.722422] loop0: detected capacity change from 0 to 2048
[   28.755709] loop0: detected capacity change from 0 to 2048
[   28.774315] loop0: detected capacity change from 0 to 2048
[   28.804041] loop0: detected capacity change from 0 to 2048
[   28.824679] loop0: detected capacity change from 0 to 2048
[   28.839712] loop0: detected capacity change from 0 to 2048
[   28.868230] loop0: detected capacity change from 0 to 2048
[   28.888747] loop0: detected capacity change from 0 to 2048
[   28.923546] loop0: detected capacity change from 0 to 2048
[   28.947992] loop0: detected capacity change from 0 to 2048
[   28.976894] loop0: detected capacity change from 0 to 2048
[   29.004058] loop0: detected capacity change from 0 to 2048
[   29.033563] loop0: detected capacity change from 0 to 2048
[   29.033871] I/O error, dev loop0, sector 0 op 0x0:(READ) flags 0x80700 phys_seg 1 prio class 2
[   29.063088] loop0: detected capacity change from 0 to 2048
[   29.083679] loop0: detected capacity change from 0 to 2048
[   29.111196] loop0: detected capacity change from 0 to 2048
[   29.133322] loop0: detected capacity change from 0 to 2048
[   29.152775] loop0: detected capacity change from 0 to 2048
[   29.184175] loop0: detected capacity change from 0 to 2048
[   29.207676] loop0: detected capacity change from 0 to 2048
[   29.228560] loop0: detected capacity change from 0 to 2048
[   29.262546] loop0: detected capacity change from 0 to 2048
[   29.282621] loop0: detected capacity change from 0 to 2048
[   29.310684] loop0: detected capacity change from 0 to 2048
[   29.346181] loop0: detected capacity change from 0 to 2048
[   29.376221] loop0: detected capacity change from 0 to 2048
[   29.398819] loop0: detected capacity change from 0 to 2048
[   29.425047] loop0: detected capacity change from 0 to 2048
[   29.446584] loop0: detected capacity change from 0 to 2048
[   29.480406] loop0: detected capacity change from 0 to 2048
[   29.505085] loop0: detected capacity change from 0 to 2048
[   29.529564] loop0: detected capacity change from 0 to 2048
[   29.562869] loop0: detected capacity change from 0 to 2048
[   29.582055] loop0: detected capacity change from 0 to 2048
[   29.610734] loop0: detected capacity change from 0 to 2048
[   29.639392] loop0: detected capacity change from 0 to 2048
[   29.657590] loop0: detected capacity change from 0 to 2048
[   29.685379] loop0: detected capacity change from 0 to 2048
[   29.701537] loop0: detected capacity change from 0 to 2048
[   29.729776] loop0: detected capacity change from 0 to 2048
[   29.746402] loop0: detected capacity change from 0 to 2048
[   29.746635] I/O error, dev loop0, sector 0 op 0x0:(READ) flags 0x80700 phys_seg 1 prio class 2
[   29.767735] loop0: detected capacity change from 0 to 2048
[   29.788090] loop0: detected capacity change from 0 to 2048
[   29.809418] loop0: detected capacity change from 0 to 2048
[   29.843077] loop0: detected capacity change from 0 to 2048
[   29.872087] loop0: detected capacity change from 0 to 2048
[   29.889259] loop0: detected capacity change from 0 to 2048
[   29.918669] loop0: detected capacity change from 0 to 2048
[   29.919198] I/O error, dev loop0, sector 0 op 0x0:(READ) flags 0x80700 phys_seg 1 prio class 2
[   29.939474] loop0: detected capacity change from 0 to 2048
[   29.967726] loop0: detected capacity change from 0 to 2048
[   29.998293] loop0: detected capacity change from 0 to 2048
[   30.027309] loop0: detected capacity change from 0 to 2048
[   30.052367] loop0: detected capacity change from 0 to 2048
[   30.073216] loop0: detected capacity change from 0 to 2048
[   30.102292] loop0: detected capacity change from 0 to 2048
[   30.120556] loop0: detected capacity change from 0 to 2048
[   30.147815] loop0: detected capacity change from 0 to 2048
[   30.148146] I/O error, dev loop0, sector 0 op 0x0:(READ) flags 0x80700 phys_seg 1 prio class 2
[   30.184926] loop0: detected capacity change from 0 to 2048
[   30.185401] I/O error, dev loop0, sector 0 op 0x0:(READ) flags 0x80700 phys_seg 1 prio class 2
[   30.208048] loop0: detected capacity change from 0 to 2048
[   30.230226] loop0: detected capacity change from 0 to 2048
[   30.257626] loop0: detected capacity change from 0 to 2048
[   30.277872] loop0: detected capacity change from 0 to 2048
[   30.301473] loop0: detected capacity change from 0 to 2048
[   30.321400] loop0: detected capacity change from 0 to 2048
[   30.347923] loop0: detected capacity change from 0 to 2048
[   30.367116] loop0: detected capacity change from 0 to 2048
[   30.395334] loop0: detected capacity change from 0 to 2048
[   30.417639] loop0: detected capacity change from 0 to 2048
[   30.444624] loop0: detected capacity change from 0 to 2048
[   30.466860] loop0: detected capacity change from 0 to 2048
[   30.486660] loop0: detected capacity change from 0 to 2048
[   30.511253] loop0: detected capacity change from 0 to 2048
[   30.533802] loop0: detected capacity change from 0 to 2048
[   30.558050] loop0: detected capacity change from 0 to 2048
[   30.580010] loop0: detected capacity change from 0 to 2048
[   30.603406] loop0: detected capacity change from 0 to 2048
[   30.603858] I/O error, dev loop0, sector 0 op 0x0:(READ) flags 0x80700 phys_seg 1 prio class 2
[   30.626471] loop0: detected capacity change from 0 to 2048
[   30.650166] loop0: detected capacity change from 0 to 2048
[   30.668680] loop0: detected capacity change from 0 to 2048
[   30.687828] loop0: detected capacity change from 0 to 2048
[   30.714910] loop0: detected capacity change from 0 to 2048
[   30.744853] loop0: detected capacity change from 0 to 2048
[   30.763292] loop0: detected capacity change from 0 to 2048
[   30.790444] loop0: detected capacity change from 0 to 2048
[   30.825503] loop0: detected capacity change from 0 to 2048
[   30.854612] loop0: detected capacity change from 0 to 2048
[   30.891368] loop0: detected capacity change from 0 to 2048
[   30.914304] loop0: detected capacity change from 0 to 2048
[   30.948183] loop0: detected capacity change from 0 to 2048
[   30.973255] loop0: detected capacity change from 0 to 2048
[   30.973949] I/O error, dev loop0, sector 0 op 0x0:(READ) flags 0x80700 phys_seg 1 prio class 2
[   31.022899] loop0: detected capacity change from 0 to 2048
[   31.063401] loop0: detected capacity change from 0 to 2048
[   31.089554] loop0: detected capacity change from 0 to 2048
[   31.136632] loop0: detected capacity change from 0 to 2048
[   31.177449] loop0: detected capacity change from 0 to 2048
[   31.217973] loop0: detected capacity change from 0 to 2048
[   31.248752] loop0: detected capacity change from 0 to 2048
[   31.279368] loop0: detected capacity change from 0 to 2048
[   31.318673] loop0: detected capacity change from 0 to 2048
[   31.346957] loop0: detected capacity change from 0 to 2048
[   31.347830] I/O error, dev loop0, sector 0 op 0x0:(READ) flags 0x80700 phys_seg 1 prio class 2
[   31.380551] loop0: detected capacity change from 0 to 2048
[   31.412917] loop0: detected capacity change from 0 to 2048
[   31.447816] loop0: detected capacity change from 0 to 2048
[   31.484546] loop0: detected capacity change from 0 to 2048
[   31.506306] loop0: detected capacity change from 0 to 2048
[   31.541400] loop0: detected capacity change from 0 to 2048
[   31.574355] loop0: detected capacity change from 0 to 2048
[   31.598001] loop0: detected capacity change from 0 to 2048
[   31.637116] loop0: detected capacity change from 0 to 2048
[   31.661996] loop0: detected capacity change from 0 to 2048
[   31.694653] loop0: detected capacity change from 0 to 2048
[   31.730017] loop0: detected capacity change from 0 to 2048
[   31.767190] loop0: detected capacity change from 0 to 2048
[   31.808435] loop0: detected capacity change from 0 to 2048
[   31.840626] loop0: detected capacity change from 0 to 2048
[   31.874047] loop0: detected capacity change from 0 to 2048
[   31.907668] loop0: detected capacity change from 0 to 2048
[   31.940223] loop0: detected capacity change from 0 to 2048
[   31.985342] loop0: detected capacity change from 0 to 2048
[   32.033073] loop0: detected capacity change from 0 to 2048
[   32.075624] loop0: detected capacity change from 0 to 2048
[   32.110860] loop0: detected capacity change from 0 to 2048
[   32.143375] loop0: detected capacity change from 0 to 2048
[   32.172469] loop0: detected capacity change from 0 to 2048
[   32.200836] loop0: detected capacity change from 0 to 2048
[   32.222771] loop0: detected capacity change from 0 to 2048
[   32.255819] loop0: detected capacity change from 0 to 2048
[   32.296133] loop0: detected capacity change from 0 to 2048
[   32.336431] loop0: detected capacity change from 0 to 2048
[   32.375328] loop0: detected capacity change from 0 to 2048
[   32.397288] loop0: detected capacity change from 0 to 2048
[   32.431850] loop0: detected capacity change from 0 to 2048
[   32.454236] loop0: detected capacity change from 0 to 2048
[   32.484723] loop0: detected capacity change from 0 to 2048
[   32.517122] loop0: detected capacity change from 0 to 2048
[   32.550513] loop0: detected capacity change from 0 to 2048
[   32.582726] loop0: detected capacity change from 0 to 2048
[   32.608928] loop0: detected capacity change from 0 to 2048
[   32.643912] loop0: detected capacity change from 0 to 2048
[   32.670432] loop0: detected capacity change from 0 to 2048
[   32.714512] loop0: detected capacity change from 0 to 2048
[   32.742786] loop0: detected capacity change from 0 to 2048
[   32.778786] loop0: detected capacity change from 0 to 2048
[   32.816711] loop0: detected capacity change from 0 to 2048
[   32.817537] Buffer I/O error on dev loop0, logical block 0, async page read
[   32.859398] loop0: detected capacity change from 0 to 2048
[   32.890381] loop0: detected capacity change from 0 to 2048
[   32.923141] loop0: detected capacity change from 0 to 2048
[   32.959998] loop0: detected capacity change from 0 to 2048
[   32.986148] loop0: detected capacity change from 0 to 2048
[   33.024576] loop0: detected capacity change from 0 to 2048
[   33.066476] loop0: detected capacity change from 0 to 2048
[   33.096527] loop0: detected capacity change from 0 to 2048
[   33.121288] loop0: detected capacity change from 0 to 2048
[   33.159203] loop0: detected capacity change from 0 to 2048
[   33.184549] loop0: detected capacity change from 0 to 2048
[   33.211902] loop0: detected capacity change from 0 to 2048
[   33.248469] loop0: detected capacity change from 0 to 2048
[   33.285034] loop0: detected capacity change from 0 to 2048
[   33.313451] loop0: detected capacity change from 0 to 2048
[   33.350707] loop0: detected capacity change from 0 to 2048
[   33.374455] loop0: detected capacity change from 0 to 2048
[   33.407051] loop0: detected capacity change from 0 to 2048
[   33.444762] loop0: detected capacity change from 0 to 2048
[   33.480915] loop0: detected capacity change from 0 to 2048
[   33.502532] loop0: detected capacity change from 0 to 2048
[   33.535912] loop0: detected capacity change from 0 to 2048
[   33.562906] loop0: detected capacity change from 0 to 2048
[   33.595141] loop0: detected capacity change from 0 to 2048
[   33.633189] loop0: detected capacity change from 0 to 2048
[   33.669353] loop0: detected capacity change from 0 to 2048
[   33.694108] loop0: detected capacity change from 0 to 2048
[   33.733837] loop0: detected capacity change from 0 to 2048
[   33.771883] loop0: detected capacity change from 0 to 2048
[   33.807364] loop0: detected capacity change from 0 to 2048
[   33.808287] blk_print_req_error: 3 callbacks suppressed
[   33.808300] I/O error, dev loop0, sector 0 op 0x0:(READ) flags 0x80700 phys_seg 1 prio class 2
[   33.808350] I/O error, dev loop0, sector 0 op 0x0:(READ) flags 0x0 phys_seg 1 prio class 2
[   33.808367] Buffer I/O error on dev loop0, logical block 0, async page read
[   33.808401] I/O error, dev loop0, sector 0 op 0x0:(READ) flags 0x0 phys_seg 1 prio class 2
[   33.814141] Buffer I/O error on dev loop0, logical block 0, async page read
[   33.849390] loop0: detected capacity change from 0 to 2048
[   33.873441] loop0: detected capacity change from 0 to 2048
[   33.903024] loop0: detected capacity change from 0 to 2048
[   33.941502] loop0: detected capacity change from 0 to 2048
[   33.942249] I/O error, dev loop0, sector 0 op 0x0:(READ) flags 0x80700 phys_seg 1 prio class 2
[   33.978295] loop0: detected capacity change from 0 to 2048
[   34.018399] loop0: detected capacity change from 0 to 2048
[   34.061865] loop0: detected capacity change from 0 to 2048
[   34.093754] loop0: detected capacity change from 0 to 2048
[   34.117645] loop0: detected capacity change from 0 to 2048
[   34.156545] loop0: detected capacity change from 0 to 2048
[   34.157358] I/O error, dev loop0, sector 0 op 0x0:(READ) flags 0x80700 phys_seg 1 prio class 2
[   34.192732] loop0: detected capacity change from 0 to 2048
[   34.213450] loop0: detected capacity change from 0 to 2048
[   34.249272] loop0: detected capacity change from 0 to 2048
[   34.279360] loop0: detected capacity change from 0 to 2048
[   34.300129] loop0: detected capacity change from 0 to 2048
[   34.334484] loop0: detected capacity change from 0 to 2048
[   34.335202] I/O error, dev loop0, sector 0 op 0x0:(READ) flags 0x80700 phys_seg 1 prio class 2
[   34.370801] loop0: detected capacity change from 0 to 2048
[   34.371197] I/O error, dev loop0, sector 0 op 0x0:(READ) flags 0x80700 phys_seg 1 prio class 2
[   34.406618] loop0: detected capacity change from 0 to 2048
[   34.440834] loop0: detected capacity change from 0 to 2048
[   34.462901] loop0: detected capacity change from 0 to 2048
[   34.482214] EXT4-fs unmount: 1102 callbacks suppressed
[   34.482228] EXT4-fs (loop0): unmounting filesystem 00000000-0000-0000-0000-000000000000.
[   34.504611] loop0: detected capacity change from 0 to 2048
[   34.505047] I/O error, dev loop0, sector 0 op 0x0:(READ) flags 0x80700 phys_seg 1 prio class 2
[   34.516921] EXT4-fs (loop0): mounted filesystem 00000000-0000-0000-0000-000000000000 without journal. Quota mode: none.
[   34.522539] EXT4-fs (loop0): unmounting filesystem 00000000-0000-0000-0000-000000000000.
[   34.540362] loop0: detected capacity change from 0 to 2048
[   34.553948] EXT4-fs (loop0): mounted filesystem 00000000-0000-0000-0000-000000000000 without journal. Quota mode: none.
[   34.565341] EXT4-fs (loop0): unmounting filesystem 00000000-0000-0000-0000-000000000000.
[   34.586648] loop0: detected capacity change from 0 to 2048
[   34.593229] EXT4-fs (loop0): mounted filesystem 00000000-0000-0000-0000-000000000000 without journal. Quota mode: none.
[   34.599902] EXT4-fs (loop0): unmounting filesystem 00000000-0000-0000-0000-000000000000.
[   34.615254] loop0: detected capacity change from 0 to 2048
[   34.621154] EXT4-fs (loop0): mounted filesystem 00000000-0000-0000-0000-000000000000 without journal. Quota mode: none.
[   34.629089] EXT4-fs (loop0): unmounting filesystem 00000000-0000-0000-0000-000000000000.
[   34.644009] loop0: detected capacity change from 0 to 2048
[   34.644362] I/O error, dev loop0, sector 0 op 0x0:(READ) flags 0x80700 phys_seg 1 prio class 2
[   34.649110] EXT4-fs (loop0): mounted filesystem 00000000-0000-0000-0000-000000000000 without journal. Quota mode: none.
[   34.657423] EXT4-fs (loop0): unmounting filesystem 00000000-0000-0000-0000-000000000000.
[   34.676826] loop0: detected capacity change from 0 to 2048
[   34.692056] EXT4-fs (loop0): mounted filesystem 00000000-0000-0000-0000-000000000000 without journal. Quota mode: none.
[   34.701664] EXT4-fs (loop0): unmounting filesystem 00000000-0000-0000-0000-000000000000.
[   34.714389] loop0: detected capacity change from 0 to 2048
[   34.728496] EXT4-fs (loop0): mounted filesystem 00000000-0000-0000-0000-000000000000 without journal. Quota mode: none.
[   34.736613] EXT4-fs (loop0): unmounting filesystem 00000000-0000-0000-0000-000000000000.
[   34.753519] loop0: detected capacity change from 0 to 2048
[   34.760742] EXT4-fs (loop0): mounted filesystem 00000000-0000-0000-0000-000000000000 without journal. Quota mode: none.
[   34.767023] EXT4-fs (loop0): unmounting filesystem 00000000-0000-0000-0000-000000000000.
[   34.780804] loop0: detected capacity change from 0 to 2048
[   34.781437] I/O error, dev loop0, sector 0 op 0x0:(READ) flags 0x80700 phys_seg 1 prio class 2
[   34.784425] EXT4-fs (loop0): mounted filesystem 00000000-0000-0000-0000-000000000000 without journal. Quota mode: none.
[   34.793099] EXT4-fs (loop0): unmounting filesystem 00000000-0000-0000-0000-000000000000.
[   34.811865] loop0: detected capacity change from 0 to 2048
[   34.823672] EXT4-fs (loop0): mounted filesystem 00000000-0000-0000-0000-000000000000 without journal. Quota mode: none.
[   34.830991] EXT4-fs (loop0): unmounting filesystem 00000000-0000-0000-0000-000000000000.
[   34.846578] loop0: detected capacity change from 0 to 2048
[   34.857530] EXT4-fs (loop0): mounted filesystem 00000000-0000-0000-0000-000000000000 without journal. Quota mode: none.
[   34.863589] EXT4-fs (loop0): unmounting filesystem 00000000-0000-0000-0000-000000000000.
[   34.879255] loop0: detected capacity change from 0 to 2048
[   34.884700] EXT4-fs (loop0): mounted filesystem 00000000-0000-0000-0000-000000000000 without journal. Quota mode: none.
[   34.892675] EXT4-fs (loop0): unmounting filesystem 00000000-0000-0000-0000-000000000000.
[   34.908138] loop0: detected capacity change from 0 to 2048
[   34.913833] EXT4-fs (loop0): mounted filesystem 00000000-0000-0000-0000-000000000000 without journal. Quota mode: none.
[   34.920917] EXT4-fs (loop0): unmounting filesystem 00000000-0000-0000-0000-000000000000.
[   34.935200] loop0: detected capacity change from 0 to 2048
[   34.940582] EXT4-fs (loop0): mounted filesystem 00000000-0000-0000-0000-000000000000 without journal. Quota mode: none.
[   34.949537] EXT4-fs (loop0): unmounting filesystem 00000000-0000-0000-0000-000000000000.
[   34.964717] loop0: detected capacity change from 0 to 2048
[   34.969222] EXT4-fs (loop0): mounted filesystem 00000000-0000-0000-0000-000000000000 without journal. Quota mode: none.
[   34.979031] EXT4-fs (loop0): unmounting filesystem 00000000-0000-0000-0000-000000000000.
[   34.998950] loop0: detected capacity change from 0 to 2048
[   35.004701] EXT4-fs (loop0): mounted filesystem 00000000-0000-0000-0000-000000000000 without journal. Quota mode: none.
[   35.016554] EXT4-fs (loop0): unmounting filesystem 00000000-0000-0000-0000-000000000000.
[   35.030713] loop0: detected capacity change from 0 to 2048
[   35.036841] EXT4-fs (loop0): mounted filesystem 00000000-0000-0000-0000-000000000000 without journal. Quota mode: none.
[   35.044949] EXT4-fs (loop0): unmounting filesystem 00000000-0000-0000-0000-000000000000.
[   35.073071] loop0: detected capacity change from 0 to 2048
[   35.076727] EXT4-fs (loop0): mounted filesystem 00000000-0000-0000-0000-000000000000 without journal. Quota mode: none.
[   35.081914] EXT4-fs (loop0): unmounting filesystem 00000000-0000-0000-0000-000000000000.
[   35.094019] loop0: detected capacity change from 0 to 2048
[   35.100663] EXT4-fs (loop0): mounted filesystem 00000000-0000-0000-0000-000000000000 without journal. Quota mode: none.
[   35.109368] EXT4-fs (loop0): unmounting filesystem 00000000-0000-0000-0000-000000000000.
[   35.126386] loop0: detected capacity change from 0 to 2048
[   35.132650] EXT4-fs (loop0): mounted filesystem 00000000-0000-0000-0000-000000000000 without journal. Quota mode: none.
[   35.137106] EXT4-fs (loop0): unmounting filesystem 00000000-0000-0000-0000-000000000000.
[   35.150177] loop0: detected capacity change from 0 to 2048
[   35.159108] EXT4-fs (loop0): mounted filesystem 00000000-0000-0000-0000-000000000000 without journal. Quota mode: none.
[   35.163928] EXT4-fs (loop0): unmounting filesystem 00000000-0000-0000-0000-000000000000.
[   35.176265] loop0: detected capacity change from 0 to 2048
[   35.188829] EXT4-fs (loop0): mounted filesystem 00000000-0000-0000-0000-000000000000 without journal. Quota mode: none.
[   35.196027] EXT4-fs (loop0): unmounting filesystem 00000000-0000-0000-0000-000000000000.
[   35.209484] loop0: detected capacity change from 0 to 2048
[   35.214181] EXT4-fs (loop0): mounted filesystem 00000000-0000-0000-0000-000000000000 without journal. Quota mode: none.
[   35.222879] EXT4-fs (loop0): unmounting filesystem 00000000-0000-0000-0000-000000000000.
[   35.243177] loop0: detected capacity change from 0 to 2048
[   35.249071] EXT4-fs (loop0): mounted filesystem 00000000-0000-0000-0000-000000000000 without journal. Quota mode: none.
[   35.253959] EXT4-fs (loop0): unmounting filesystem 00000000-0000-0000-0000-000000000000.
[   35.265424] loop0: detected capacity change from 0 to 2048
[   35.272205] EXT4-fs (loop0): mounted filesystem 00000000-0000-0000-0000-000000000000 without journal. Quota mode: none.
[   35.285974] EXT4-fs (loop0): unmounting filesystem 00000000-0000-0000-0000-000000000000.
[   35.301389] loop0: detected capacity change from 0 to 2048
[   35.313023] EXT4-fs (loop0): mounted filesystem 00000000-0000-0000-0000-000000000000 without journal. Quota mode: none.
[   35.318161] EXT4-fs (loop0): unmounting filesystem 00000000-0000-0000-0000-000000000000.
[   35.333501] loop0: detected capacity change from 0 to 2048
[   35.344592] EXT4-fs (loop0): mounted filesystem 00000000-0000-0000-0000-000000000000 without journal. Quota mode: none.
[   35.350058] EXT4-fs (loop0): unmounting filesystem 00000000-0000-0000-0000-000000000000.
[   35.367724] loop0: detected capacity change from 0 to 2048
[   35.376828] EXT4-fs (loop0): mounted filesystem 00000000-0000-0000-0000-000000000000 without journal. Quota mode: none.
[   35.383729] EXT4-fs (loop0): unmounting filesystem 00000000-0000-0000-0000-000000000000.
[   35.399739] loop0: detected capacity change from 0 to 2048
[   35.410312] EXT4-fs (loop0): mounted filesystem 00000000-0000-0000-0000-000000000000 without journal. Quota mode: none.
[   35.416029] EXT4-fs (loop0): unmounting filesystem 00000000-0000-0000-0000-000000000000.
[   35.433079] loop0: detected capacity change from 0 to 2048
[   35.442166] EXT4-fs (loop0): mounted filesystem 00000000-0000-0000-0000-000000000000 without journal. Quota mode: none.
[   35.450982] EXT4-fs (loop0): unmounting filesystem 00000000-0000-0000-0000-000000000000.
[   35.469371] loop0: detected capacity change from 0 to 2048
[   35.473024] EXT4-fs (loop0): mounted filesystem 00000000-0000-0000-0000-000000000000 without journal. Quota mode: none.
[   35.479179] EXT4-fs (loop0): unmounting filesystem 00000000-0000-0000-0000-000000000000.
[   35.497712] loop0: detected capacity change from 0 to 2048
[   35.512117] EXT4-fs (loop0): mounted filesystem 00000000-0000-0000-0000-000000000000 without journal. Quota mode: none.
[   35.530655] loop0: detected capacity change from 0 to 2048
[   35.531241] Buffer I/O error on dev loop0, logical block 0, async page read
[   35.570741] loop0: detected capacity change from 0 to 2048
[   35.600480] loop0: detected capacity change from 0 to 2048
[   35.623888] loop0: detected capacity change from 0 to 2048
[   35.656990] loop0: detected capacity change from 0 to 2048
[   35.686622] loop0: detected capacity change from 0 to 2048
[   35.710641] loop0: detected capacity change from 0 to 2048
[   35.743841] loop0: detected capacity change from 0 to 2048
[   35.773517] loop0: detected capacity change from 0 to 2048
[   35.792474] loop0: detected capacity change from 0 to 2048
[   35.821509] loop0: detected capacity change from 0 to 2048
[   35.848137] loop0: detected capacity change from 0 to 2048
[   35.866727] loop0: detected capacity change from 0 to 2048
[   35.892844] loop0: detected capacity change from 0 to 2048
[   35.922756] loop0: detected capacity change from 0 to 2048
[   35.952901] loop0: detected capacity change from 0 to 2048
[   35.978930] loop0: detected capacity change from 0 to 2048
[   36.019852] loop0: detected capacity change from 0 to 2048
[   36.042675] loop0: detected capacity change from 0 to 2048
[   36.076226] loop0: detected capacity change from 0 to 2048
[   36.092843] loop0: detected capacity change from 0 to 2048
[   36.123033] loop0: detected capacity change from 0 to 2048
[   36.151181] loop0: detected capacity change from 0 to 2048
[   36.177818] loop0: detected capacity change from 0 to 2048
[   36.215565] loop0: detected capacity change from 0 to 2048
[   36.238940] loop0: detected capacity change from 0 to 2048
[   36.269970] loop0: detected capacity change from 0 to 2048
[   36.301719] loop0: detected capacity change from 0 to 2048
[   36.331779] loop0: detected capacity change from 0 to 2048
[   36.357408] loop0: detected capacity change from 0 to 2048
[   36.389370] loop0: detected capacity change from 0 to 2048
[   36.419348] loop0: detected capacity change from 0 to 2048
[   36.452990] loop0: detected capacity change from 0 to 2048
[   36.475777] loop0: detected capacity change from 0 to 2048
[   36.502291] loop0: detected capacity change from 0 to 2048
[   36.528432] loop0: detected capacity change from 0 to 2048
[   36.559338] loop0: detected capacity change from 0 to 2048
[   36.582071] loop0: detected capacity change from 0 to 2048
[   36.610989] loop0: detected capacity change from 0 to 2048
[   36.636513] loop0: detected capacity change from 0 to 2048
[   36.661119] loop0: detected capacity change from 0 to 2048
[   36.683928] loop0: detected capacity change from 0 to 2048
[   36.707334] loop0: detected capacity change from 0 to 2048
[   36.732103] loop0: detected capacity change from 0 to 2048
[   36.766535] loop0: detected capacity change from 0 to 2048
[   36.788889] loop0: detected capacity change from 0 to 2048
[   36.824255] loop0: detected capacity change from 0 to 2048
[   36.847055] loop0: detected capacity change from 0 to 2048
[   36.876195] loop0: detected capacity change from 0 to 2048
[   36.906939] loop0: detected capacity change from 0 to 2048
[   36.930411] loop0: detected capacity change from 0 to 2048
[   36.961052] loop0: detected capacity change from 0 to 2048
[   36.961648] Buffer I/O error on dev loop0, logical block 0, async page read
[   36.999252] loop0: detected capacity change from 0 to 2048
[   37.031988] loop0: detected capacity change from 0 to 2048
[   37.073670] loop0: detected capacity change from 0 to 2048
[   37.074123] Buffer I/O error on dev loop0, logical block 0, async page read
[   37.128966] loop0: detected capacity change from 0 to 2048
[   37.172496] loop0: detected capacity change from 0 to 2048
[   37.200758] loop0: detected capacity change from 0 to 2048
[   37.243272] loop0: detected capacity change from 0 to 2048
[   37.275996] loop0: detected capacity change from 0 to 2048
[   37.300823] loop0: detected capacity change from 0 to 2048
[   37.336452] loop0: detected capacity change from 0 to 2048
[   37.371682] loop0: detected capacity change from 0 to 2048
[   37.404151] loop0: detected capacity change from 0 to 2048
[   37.430512] loop0: detected capacity change from 0 to 2048
[   37.462035] loop0: detected capacity change from 0 to 2048
[   37.498498] loop0: detected capacity change from 0 to 2048
[   37.522145] loop0: detected capacity change from 0 to 2048
[   37.558023] loop0: detected capacity change from 0 to 2048
[   37.558657] Buffer I/O error on dev loop0, logical block 0, async page read
[   37.595796] loop0: detected capacity change from 0 to 2048
[   37.629755] loop0: detected capacity change from 0 to 2048
[   37.658759] loop0: detected capacity change from 0 to 2048
[   37.694051] loop0: detected capacity change from 0 to 2048
[   37.723159] loop0: detected capacity change from 0 to 2048
[   37.754620] loop0: detected capacity change from 0 to 2048
[   37.785338] loop0: detected capacity change from 0 to 2048
[   37.809897] loop0: detected capacity change from 0 to 2048
[   37.810281] Buffer I/O error on dev loop0, logical block 0, async page read
[   37.845468] loop0: detected capacity change from 0 to 2048
[   37.880407] loop0: detected capacity change from 0 to 2048
[   37.881348] Buffer I/O error on dev loop0, logical block 0, async page read
[   37.913952] loop0: detected capacity change from 0 to 2048
[   37.955776] loop0: detected capacity change from 0 to 2048
[   37.997153] loop0: detected capacity change from 0 to 2048
[   38.042937] loop0: detected capacity change from 0 to 2048
[   38.086417] loop0: detected capacity change from 0 to 2048
[   38.116728] loop0: detected capacity change from 0 to 2048
[   38.142860] loop0: detected capacity change from 0 to 2048
[   38.178746] loop0: detected capacity change from 0 to 2048
[   38.205087] loop0: detected capacity change from 0 to 2048
[   38.244463] loop0: detected capacity change from 0 to 2048
[   38.269008] loop0: detected capacity change from 0 to 2048
[   38.303043] loop0: detected capacity change from 0 to 2048
[   38.326133] loop0: detected capacity change from 0 to 2048
[   38.326426] Buffer I/O error on dev loop0, logical block 0, async page read
[   38.360050] loop0: detected capacity change from 0 to 2048
[   38.390822] loop0: detected capacity change from 0 to 2048
[   38.427176] loop0: detected capacity change from 0 to 2048
[   38.460254] loop0: detected capacity change from 0 to 2048
[   38.484434] loop0: detected capacity change from 0 to 2048
[   38.518140] loop0: detected capacity change from 0 to 2048
[   38.553732] loop0: detected capacity change from 0 to 2048
[   38.579165] loop0: detected capacity change from 0 to 2048
[   38.613299] loop0: detected capacity change from 0 to 2048
[   38.642345] loop0: detected capacity change from 0 to 2048
[   38.672485] loop0: detected capacity change from 0 to 2048
[   38.701432] loop0: detected capacity change from 0 to 2048
[   38.744383] loop0: detected capacity change from 0 to 2048
[   38.776227] loop0: detected capacity change from 0 to 2048
[   38.811334] loop0: detected capacity change from 0 to 2048
[   38.842875] loop0: detected capacity change from 0 to 2048
[   38.879310] loop0: detected capacity change from 0 to 2048
[   38.914036] loop0: detected capacity change from 0 to 2048
[   38.946775] loop0: detected capacity change from 0 to 2048
[   38.990895] loop0: detected capacity change from 0 to 2048
[   39.026153] loop0: detected capacity change from 0 to 2048
[   39.064540] loop0: detected capacity change from 0 to 2048
[   39.094284] loop0: detected capacity change from 0 to 2048
[   39.122610] loop0: detected capacity change from 0 to 2048
[   39.159100] loop0: detected capacity change from 0 to 2048
[   39.187650] loop0: detected capacity change from 0 to 2048
[   39.208443] loop0: detected capacity change from 0 to 2048
[   39.244926] loop0: detected capacity change from 0 to 2048
[   39.270313] loop0: detected capacity change from 0 to 2048
[   39.301731] loop0: detected capacity change from 0 to 2048
[   39.329441] loop0: detected capacity change from 0 to 2048
[   39.381218] loop0: detected capacity change from 0 to 2048
[   39.406995] loop0: detected capacity change from 0 to 2048
[   39.442895] loop0: detected capacity change from 0 to 2048
[   39.471605] loop0: detected capacity change from 0 to 2048
[   39.506278] loop0: detected capacity change from 0 to 2048
[   39.536256] loop0: detected capacity change from 0 to 2048
[   39.566244] loop0: detected capacity change from 0 to 2048
[   39.612041] loop0: detected capacity change from 0 to 2048
[   39.648459] loop0: detected capacity change from 0 to 2048
[   39.681391] loop0: detected capacity change from 0 to 2048
[   39.715784] loop0: detected capacity change from 0 to 2048
[   39.753530] loop0: detected capacity change from 0 to 2048
[   39.782245] loop0: detected capacity change from 0 to 2048
[   39.822530] loop0: detected capacity change from 0 to 2048
[   39.858058] loop0: detected capacity change from 0 to 2048
[   39.890425] loop0: detected capacity change from 0 to 2048
[   39.923215] loop0: detected capacity change from 0 to 2048
[   39.957641] loop0: detected capacity change from 0 to 2048
[   40.027687] loop0: detected capacity change from 0 to 2048
[   40.082542] loop0: detected capacity change from 0 to 2048
[   40.121399] loop0: detected capacity change from 0 to 2048
[   40.152184] loop0: detected capacity change from 0 to 2048
[   40.178995] loop0: detected capacity change from 0 to 2048
[   40.233197] loop0: detected capacity change from 0 to 2048
[   40.264696] loop0: detected capacity change from 0 to 2048
[   40.303067] loop0: detected capacity change from 0 to 2048
[   40.304025] blk_print_req_error: 14 callbacks suppressed
[   40.304040] I/O error, dev loop0, sector 0 op 0x0:(READ) flags 0x80700 phys_seg 1 prio class 2
[   40.345497] loop0: detected capacity change from 0 to 2048
[   40.376027] loop0: detected capacity change from 0 to 2048
[   40.414928] loop0: detected capacity change from 0 to 2048
[   40.447626] loop0: detected capacity change from 0 to 2048
[   40.485369] loop0: detected capacity change from 0 to 2048
[   40.527781] loop0: detected capacity change from 0 to 2048
[   40.564343] loop0: detected capacity change from 0 to 2048
[   40.603887] loop0: detected capacity change from 0 to 2048
[   40.632356] loop0: detected capacity change from 0 to 2048
[   40.663400] loop0: detected capacity change from 0 to 2048
[   40.704568] loop0: detected capacity change from 0 to 2048
[   40.705504] I/O error, dev loop0, sector 0 op 0x0:(READ) flags 0x80700 phys_seg 1 prio class 2
[   40.749872] loop0: detected capacity change from 0 to 2048
[   40.778866] loop0: detected capacity change from 0 to 2048
[   40.814465] loop0: detected capacity change from 0 to 2048
[   40.845940] loop0: detected capacity change from 0 to 2048
[   40.880456] loop0: detected capacity change from 0 to 2048
[   40.924181] loop0: detected capacity change from 0 to 2048
[   40.962758] loop0: detected capacity change from 0 to 2048
[   40.994845] loop0: detected capacity change from 0 to 2048
[   41.052156] loop0: detected capacity change from 0 to 2048
[   41.097644] loop0: detected capacity change from 0 to 2048
[   41.145234] loop0: detected capacity change from 0 to 2048
[   41.186105] loop0: detected capacity change from 0 to 2048
[   41.216896] loop0: detected capacity change from 0 to 2048
[   41.249374] loop0: detected capacity change from 0 to 2048
[   41.284791] loop0: detected capacity change from 0 to 2048
[   41.322453] loop0: detected capacity change from 0 to 2048
[   41.367271] loop0: detected capacity change from 0 to 2048
[   41.400846] loop0: detected capacity change from 0 to 2048
[   41.442857] loop0: detected capacity change from 0 to 2048
[   41.477820] loop0: detected capacity change from 0 to 2048
[   41.509927] loop0: detected capacity change from 0 to 2048
[   41.510461] I/O error, dev loop0, sector 0 op 0x0:(READ) flags 0x80700 phys_seg 1 prio class 2
[   41.544726] loop0: detected capacity change from 0 to 2048
[   41.545772] I/O error, dev loop0, sector 0 op 0x0:(READ) flags 0x80700 phys_seg 1 prio class 2
[   41.589803] loop0: detected capacity change from 0 to 2048
[   41.643285] loop0: detected capacity change from 0 to 2048
[   41.679847] loop0: detected capacity change from 0 to 2048
[   41.717829] loop0: detected capacity change from 0 to 2048
[   41.753664] loop0: detected capacity change from 0 to 2048
[   41.788071] loop0: detected capacity change from 0 to 2048
[   41.826624] loop0: detected capacity change from 0 to 2048
[   41.866939] loop0: detected capacity change from 0 to 2048
[   41.898792] loop0: detected capacity change from 0 to 2048
[   41.937189] loop0: detected capacity change from 0 to 2048
[   41.964550] loop0: detected capacity change from 0 to 2048
[   41.994799] loop0: detected capacity change from 0 to 2048
[   42.042739] loop0: detected capacity change from 0 to 2048
[   42.088393] loop0: detected capacity change from 0 to 2048
[   42.120938] loop0: detected capacity change from 0 to 2048
[   42.156986] loop0: detected capacity change from 0 to 2048
[   42.195485] loop0: detected capacity change from 0 to 2048
[   42.235905] loop0: detected capacity change from 0 to 2048
[   42.278632] loop0: detected capacity change from 0 to 2048
[   42.315695] loop0: detected capacity change from 0 to 2048
[   42.348919] loop0: detected capacity change from 0 to 2048
[   42.395025] loop0: detected capacity change from 0 to 2048
[   42.423889] loop0: detected capacity change from 0 to 2048
[   42.463021] loop0: detected capacity change from 0 to 2048
[   42.505497] loop0: detected capacity change from 0 to 2048
[   42.531363] loop0: detected capacity change from 0 to 2048
[   42.581795] loop0: detected capacity change from 0 to 2048
[   42.620775] loop0: detected capacity change from 0 to 2048
[   42.651519] loop0: detected capacity change from 0 to 2048
[   42.698489] loop0: detected capacity change from 0 to 2048
[   42.733807] loop0: detected capacity change from 0 to 2048
[   42.768163] loop0: detected capacity change from 0 to 2048
[   42.796061] loop0: detected capacity change from 0 to 2048
[   42.834663] loop0: detected capacity change from 0 to 2048
[   42.871914] loop0: detected capacity change from 0 to 2048
[   42.904835] loop0: detected capacity change from 0 to 2048
[   42.924736] loop0: detected capacity change from 0 to 2048
[   42.925475] I/O error, dev loop0, sector 0 op 0x0:(READ) flags 0x80700 phys_seg 1 prio class 2
[   42.960415] loop0: detected capacity change from 0 to 2048
[   42.994410] loop0: detected capacity change from 0 to 2048
[   43.040532] loop0: detected capacity change from 0 to 2048
[   43.084182] loop0: detected capacity change from 0 to 2048
[   43.112873] loop0: detected capacity change from 0 to 2048
[   43.147133] loop0: detected capacity change from 0 to 2048
[   43.189709] loop0: detected capacity change from 0 to 2048
[   43.214190] loop0: detected capacity change from 0 to 2048
[   43.269558] loop0: detected capacity change from 0 to 2048
[   43.296276] loop0: detected capacity change from 0 to 2048
[   43.342038] loop0: detected capacity change from 0 to 2048
[   43.376591] loop0: detected capacity change from 0 to 2048
[   43.400108] loop0: detected capacity change from 0 to 2048
[   43.438747] loop0: detected capacity change from 0 to 2048
[   43.479403] loop0: detected capacity change from 0 to 2048
[   43.504263] loop0: detected capacity change from 0 to 2048
[   43.536189] loop0: detected capacity change from 0 to 2048
[   43.536937] I/O error, dev loop0, sector 0 op 0x0:(READ) flags 0x80700 phys_seg 1 prio class 2
[   43.581406] loop0: detected capacity change from 0 to 2048
[   43.607327] loop0: detected capacity change from 0 to 2048
[   43.641262] loop0: detected capacity change from 0 to 2048
[   43.666425] loop0: detected capacity change from 0 to 2048
[   43.700757] loop0: detected capacity change from 0 to 2048
[   43.750423] loop0: detected capacity change from 0 to 2048
[   43.776622] loop0: detected capacity change from 0 to 2048
[   43.825631] loop0: detected capacity change from 0 to 2048
[   43.878567] loop0: detected capacity change from 0 to 2048
[   43.913658] loop0: detected capacity change from 0 to 2048
[   43.953516] loop0: detected capacity change from 0 to 2048
[   44.000776] loop0: detected capacity change from 0 to 2048
[   44.040978] loop0: detected capacity change from 0 to 2048
[   44.086949] loop0: detected capacity change from 0 to 2048
[   44.087359] I/O error, dev loop0, sector 0 op 0x0:(READ) flags 0x80700 phys_seg 1 prio class 2
[   44.130523] loop0: detected capacity change from 0 to 2048
[   44.171725] loop0: detected capacity change from 0 to 2048
[   44.172262] I/O error, dev loop0, sector 0 op 0x0:(READ) flags 0x80700 phys_seg 1 prio class 2
[   44.208162] loop0: detected capacity change from 0 to 2048
[   44.258485] loop0: detected capacity change from 0 to 2048
[   44.300961] loop0: detected capacity change from 0 to 2048
[   44.335395] loop0: detected capacity change from 0 to 2048
[   44.376453] loop0: detected capacity change from 0 to 2048
[   44.404743] loop0: detected capacity change from 0 to 2048
[   44.405160] I/O error, dev loop0, sector 0 op 0x0:(READ) flags 0x80700 phys_seg 1 prio class 2
[   44.447730] loop0: detected capacity change from 0 to 2048
[   44.484986] loop0: detected capacity change from 0 to 2048
[   44.516517] loop0: detected capacity change from 0 to 2048
[   44.553006] loop0: detected capacity change from 0 to 2048
[   44.589738] loop0: detected capacity change from 0 to 2048
[   44.622947] loop0: detected capacity change from 0 to 2048
[   44.669937] loop0: detected capacity change from 0 to 2048
[   44.708112] loop0: detected capacity change from 0 to 2048
[   44.754229] loop0: detected capacity change from 0 to 2048
[   44.791907] loop0: detected capacity change from 0 to 2048
[   44.826215] loop0: detected capacity change from 0 to 2048
[   44.866736] loop0: detected capacity change from 0 to 2048
[   44.908064] loop0: detected capacity change from 0 to 2048
[   44.949252] loop0: detected capacity change from 0 to 2048
[   44.949789] I/O error, dev loop0, sector 0 op 0x0:(READ) flags 0x80700 phys_seg 1 prio class 2
[   44.997707] loop0: detected capacity change from 0 to 2048
[   45.049324] loop0: detected capacity change from 0 to 2048
[   45.102567] loop0: detected capacity change from 0 to 2048
[   45.134173] loop0: detected capacity change from 0 to 2048
[   45.162924] loop0: detected capacity change from 0 to 2048
[   45.200496] loop0: detected capacity change from 0 to 2048
[   45.229422] loop0: detected capacity change from 0 to 2048
[   45.256892] loop0: detected capacity change from 0 to 2048
[   45.281176] loop0: detected capacity change from 0 to 2048
[   45.298434] loop0: detected capacity change from 0 to 2048
[   45.325678] loop0: detected capacity change from 0 to 2048
[   45.349592] loop0: detected capacity change from 0 to 2048
[   45.374492] loop0: detected capacity change from 0 to 2048
[   45.402294] loop0: detected capacity change from 0 to 2048
[   45.433155] loop0: detected capacity change from 0 to 2048
[   45.455997] loop0: detected capacity change from 0 to 2048
[   45.487398] loop0: detected capacity change from 0 to 2048
[   45.518612] loop0: detected capacity change from 0 to 2048
[   45.549597] loop0: detected capacity change from 0 to 2048
[   45.578440] loop0: detected capacity change from 0 to 2048
[   45.578757] blk_print_req_error: 1 callbacks suppressed
[   45.578766] I/O error, dev loop0, sector 0 op 0x0:(READ) flags 0x80700 phys_seg 1 prio class 2
[   45.607355] loop0: detected capacity change from 0 to 2048
[   45.645345] loop0: detected capacity change from 0 to 2048
[   45.681234] loop0: detected capacity change from 0 to 2048
[   45.718538] loop0: detected capacity change from 0 to 2048
[   45.750679] loop0: detected capacity change from 0 to 2048
[   45.774716] loop0: detected capacity change from 0 to 2048
[   45.775087] I/O error, dev loop0, sector 0 op 0x0:(READ) flags 0x80700 phys_seg 1 prio class 2
[   45.802982] I/O error, dev loop0, sector 24 op 0x0:(READ) flags 0x80700 phys_seg 1 prio class 2
[   45.814651] loop0: detected capacity change from 0 to 2048
[   45.838996] loop0: detected capacity change from 0 to 2048
[   45.871582] loop0: detected capacity change from 0 to 2048
[   45.909434] loop0: detected capacity change from 0 to 2048
[   45.945743] loop0: detected capacity change from 0 to 2048
[   45.983320] loop0: detected capacity change from 0 to 2048
[   46.030234] loop0: detected capacity change from 0 to 2048
[   46.069691] loop0: detected capacity change from 0 to 2048
[   46.106490] loop0: detected capacity change from 0 to 2048
[   46.130166] loop0: detected capacity change from 0 to 2048
[   46.158462] loop0: detected capacity change from 0 to 2048
[   46.184255] loop0: detected capacity change from 0 to 2048
[   46.213054] loop0: detected capacity change from 0 to 2048
[   46.236211] loop0: detected capacity change from 0 to 2048
[   46.269331] loop0: detected capacity change from 0 to 2048
[   46.302311] loop0: detected capacity change from 0 to 2048
[   46.324212] loop0: detected capacity change from 0 to 2048
[   46.356308] loop0: detected capacity change from 0 to 2048
[   46.376320] loop0: detected capacity change from 0 to 2048
[   46.406688] loop0: detected capacity change from 0 to 2048
[   46.438817] loop0: detected capacity change from 0 to 2048
[   46.439345] I/O error, dev loop0, sector 0 op 0x0:(READ) flags 0x80700 phys_seg 1 prio class 2
[   46.466279] loop0: detected capacity change from 0 to 2048
[   46.499693] loop0: detected capacity change from 0 to 2048
[   46.522937] loop0: detected capacity change from 0 to 2048
[   46.549794] loop0: detected capacity change from 0 to 2048
[   46.586776] loop0: detected capacity change from 0 to 2048
[   46.622186] loop0: detected capacity change from 0 to 2048
[   46.656868] loop0: detected capacity change from 0 to 2048
[   46.679940] loop0: detected capacity change from 0 to 2048
[   46.706166] loop0: detected capacity change from 0 to 2048
[   46.732150] loop0: detected capacity change from 0 to 2048
[   46.762995] loop0: detected capacity change from 0 to 2048
[   46.789344] loop0: detected capacity change from 0 to 2048
[   46.819949] loop0: detected capacity change from 0 to 2048
[   46.845316] loop0: detected capacity change from 0 to 2048
[   46.869202] loop0: detected capacity change from 0 to 2048
[   46.902258] loop0: detected capacity change from 0 to 2048
[   46.932634] loop0: detected capacity change from 0 to 2048
[   46.960246] loop0: detected capacity change from 0 to 2048
[   46.988026] loop0: detected capacity change from 0 to 2048
[   47.032550] loop0: detected capacity change from 0 to 2048
[   47.067987] loop0: detected capacity change from 0 to 2048
[   47.092893] loop0: detected capacity change from 0 to 2048
[   47.127001] loop0: detected capacity change from 0 to 2048
[   47.158718] loop0: detected capacity change from 0 to 2048
[   47.204500] loop0: detected capacity change from 0 to 2048
[   47.229798] loop0: detected capacity change from 0 to 2048
[   47.259637] loop0: detected capacity change from 0 to 2048
[   47.295662] loop0: detected capacity change from 0 to 2048
[   47.327579] loop0: detected capacity change from 0 to 2048
[   47.359871] loop0: detected capacity change from 0 to 2048
[   47.389437] loop0: detected capacity change from 0 to 2048
[   47.423826] loop0: detected capacity change from 0 to 2048
[   47.458518] loop0: detected capacity change from 0 to 2048
[   47.490758] loop0: detected capacity change from 0 to 2048
[   47.528275] loop0: detected capacity change from 0 to 2048
[   47.555068] loop0: detected capacity change from 0 to 2048
[   47.581951] loop0: detected capacity change from 0 to 2048
[   47.611959] loop0: detected capacity change from 0 to 2048
[   47.646771] loop0: detected capacity change from 0 to 2048
[   47.668539] loop0: detected capacity change from 0 to 2048
[   47.702308] loop0: detected capacity change from 0 to 2048
[   47.738099] loop0: detected capacity change from 0 to 2048
[   47.768016] loop0: detected capacity change from 0 to 2048
[   47.807151] loop0: detected capacity change from 0 to 2048
[   47.834848] loop0: detected capacity change from 0 to 2048
[   47.872159] loop0: detected capacity change from 0 to 2048
[   47.915766] loop0: detected capacity change from 0 to 2048
[   47.945007] loop0: detected capacity change from 0 to 2048
[   47.984532] loop0: detected capacity change from 0 to 2048
[   48.023951] loop0: detected capacity change from 0 to 2048
[   48.059983] loop0: detected capacity change from 0 to 2048
[   48.086603] loop0: detected capacity change from 0 to 2048
[   48.115006] loop0: detected capacity change from 0 to 2048
[   48.140534] loop0: detected capacity change from 0 to 2048
[   48.140866] I/O error, dev loop0, sector 0 op 0x0:(READ) flags 0x80700 phys_seg 1 prio class 2
[   48.181540] loop0: detected capacity change from 0 to 2048
[   48.207123] loop0: detected capacity change from 0 to 2048
[   48.235393] loop0: detected capacity change from 0 to 2048
[   48.268706] loop0: detected capacity change from 0 to 2048
[   48.298775] loop0: detected capacity change from 0 to 2048
[   48.322164] loop0: detected capacity change from 0 to 2048
[   48.362561] loop0: detected capacity change from 0 to 2048
[   48.394813] loop0: detected capacity change from 0 to 2048
[   48.427338] loop0: detected capacity change from 0 to 2048
[   48.428070] I/O error, dev loop0, sector 0 op 0x0:(READ) flags 0x80700 phys_seg 1 prio class 2
[   48.460103] loop0: detected capacity change from 0 to 2048
[   48.486979] loop0: detected capacity change from 0 to 2048
[   48.518870] loop0: detected capacity change from 0 to 2048
[   48.552258] loop0: detected capacity change from 0 to 2048
[   48.577687] loop0: detected capacity change from 0 to 2048
[   48.614611] loop0: detected capacity change from 0 to 2048
[   48.644242] loop0: detected capacity change from 0 to 2048
[   48.664824] loop0: detected capacity change from 0 to 2048
[   48.697299] loop0: detected capacity change from 0 to 2048
[   48.720689] loop0: detected capacity change from 0 to 2048
[   48.753415] loop0: detected capacity change from 0 to 2048
[   48.781931] loop0: detected capacity change from 0 to 2048
[   48.818685] loop0: detected capacity change from 0 to 2048
[   48.848910] loop0: detected capacity change from 0 to 2048
[   48.866873] loop0: detected capacity change from 0 to 2048
[   48.890635] loop0: detected capacity change from 0 to 2048
[   48.917257] loop0: detected capacity change from 0 to 2048
[   48.944083] loop0: detected capacity change from 0 to 2048
[   48.967028] loop0: detected capacity change from 0 to 2048
[   49.008058] loop0: detected capacity change from 0 to 2048
[   49.046036] loop0: detected capacity change from 0 to 2048
[   49.077962] loop0: detected capacity change from 0 to 2048
[   49.100360] loop0: detected capacity change from 0 to 2048
[   49.135129] loop0: detected capacity change from 0 to 2048
[   49.156453] loop0: detected capacity change from 0 to 2048
[   49.188904] loop0: detected capacity change from 0 to 2048
[   49.224815] loop0: detected capacity change from 0 to 2048
[   49.254784] loop0: detected capacity change from 0 to 2048
[   49.286710] loop0: detected capacity change from 0 to 2048
[   49.318027] loop0: detected capacity change from 0 to 2048
[   49.353586] loop0: detected capacity change from 0 to 2048
[   49.389540] loop0: detected capacity change from 0 to 2048
[   49.421987] loop0: detected capacity change from 0 to 2048
[   49.458259] loop0: detected capacity change from 0 to 2048
[   49.491703] loop0: detected capacity change from 0 to 2048
[   49.513849] loop0: detected capacity change from 0 to 2048
[   49.558419] loop0: detected capacity change from 0 to 2048
[   49.587330] loop0: detected capacity change from 0 to 2048
[   49.618874] loop0: detected capacity change from 0 to 2048
[   49.619394] I/O error, dev loop0, sector 0 op 0x0:(READ) flags 0x80700 phys_seg 1 prio class 2
[   49.649928] loop0: detected capacity change from 0 to 2048
[   49.684727] loop0: detected capacity change from 0 to 2048
[   49.685254] I/O error, dev loop0, sector 0 op 0x0:(READ) flags 0x80700 phys_seg 1 prio class 2
[   49.717255] loop0: detected capacity change from 0 to 2048
[   49.752721] loop0: detected capacity change from 0 to 2048
[   49.773682] loop0: detected capacity change from 0 to 2048
[   49.809753] loop0: detected capacity change from 0 to 2048
[   49.845922] loop0: detected capacity change from 0 to 2048
[   49.881932] loop0: detected capacity change from 0 to 2048
[   49.919072] loop0: detected capacity change from 0 to 2048
[   49.941090] loop0: detected capacity change from 0 to 2048
[   49.976057] loop0: detected capacity change from 0 to 2048
[   49.976457] I/O error, dev loop0, sector 0 op 0x0:(READ) flags 0x80700 phys_seg 1 prio class 2
[   50.017803] loop0: detected capacity change from 0 to 2048
[   50.052365] loop0: detected capacity change from 0 to 2048
[   50.089890] loop0: detected capacity change from 0 to 2048
[   50.114835] loop0: detected capacity change from 0 to 2048
[   50.115261] I/O error, dev loop0, sector 0 op 0x0:(READ) flags 0x80700 phys_seg 1 prio class 2
[   50.146994] loop0: detected capacity change from 0 to 2048
[   50.178845] loop0: detected capacity change from 0 to 2048
[   50.211459] loop0: detected capacity change from 0 to 2048
[   50.246119] loop0: detected capacity change from 0 to 2048
[   50.284406] loop0: detected capacity change from 0 to 2048
[   50.306937] loop0: detected capacity change from 0 to 2048
[   50.337391] loop0: detected capacity change from 0 to 2048
[   50.373384] loop0: detected capacity change from 0 to 2048
[   50.408555] loop0: detected capacity change from 0 to 2048
[   50.434681] loop0: detected capacity change from 0 to 2048
[   50.435149] Buffer I/O error on dev loop0, logical block 0, async page read
[   50.467509] loop0: detected capacity change from 0 to 2048
[   50.499186] loop0: detected capacity change from 0 to 2048
[   50.532208] loop0: detected capacity change from 0 to 2048
[   50.532558] Buffer I/O error on dev loop0, logical block 0, async page read
[   50.567605] loop0: detected capacity change from 0 to 2048
[   50.594386] loop0: detected capacity change from 0 to 2048
[   50.629583] loop0: detected capacity change from 0 to 2048
[   50.630158] blk_print_req_error: 4 callbacks suppressed
[   50.630170] I/O error, dev loop0, sector 0 op 0x0:(READ) flags 0x80700 phys_seg 1 prio class 2
[   50.666350] loop0: detected capacity change from 0 to 2048
[   50.691174] loop0: detected capacity change from 0 to 2048
[   50.724382] loop0: detected capacity change from 0 to 2048
[   50.752346] loop0: detected capacity change from 0 to 2048
[   50.787245] loop0: detected capacity change from 0 to 2048
[   50.814446] loop0: detected capacity change from 0 to 2048
[   50.854770] loop0: detected capacity change from 0 to 2048
[   50.886904] loop0: detected capacity change from 0 to 2048
[   50.921416] loop0: detected capacity change from 0 to 2048
[   50.953321] loop0: detected capacity change from 0 to 2048
[   50.995644] loop0: detected capacity change from 0 to 2048
[   51.034075] loop0: detected capacity change from 0 to 2048
[   51.072926] loop0: detected capacity change from 0 to 2048
[   51.121575] loop0: detected capacity change from 0 to 2048
[   51.156142] loop0: detected capacity change from 0 to 2048
[   51.190977] loop0: detected capacity change from 0 to 2048
[   51.222319] loop0: detected capacity change from 0 to 2048
[   51.246511] loop0: detected capacity change from 0 to 2048
[   51.281095] loop0: detected capacity change from 0 to 2048
[   51.281535] I/O error, dev loop0, sector 0 op 0x0:(READ) flags 0x80700 phys_seg 1 prio class 2
[   51.316295] loop0: detected capacity change from 0 to 2048
[   51.351788] loop0: detected capacity change from 0 to 2048
[   51.376310] loop0: detected capacity change from 0 to 2048
[   51.411952] loop0: detected capacity change from 0 to 2048
[   51.443047] loop0: detected capacity change from 0 to 2048
[   51.482867] loop0: detected capacity change from 0 to 2048
[   51.483212] I/O error, dev loop0, sector 0 op 0x0:(READ) flags 0x80700 phys_seg 1 prio class 2
[   51.517668] loop0: detected capacity change from 0 to 2048
[   51.548981] loop0: detected capacity change from 0 to 2048
[   51.581746] loop0: detected capacity change from 0 to 2048
[   51.614395] loop0: detected capacity change from 0 to 2048
[   51.645287] loop0: detected capacity change from 0 to 2048
[   51.645783] I/O error, dev loop0, sector 0 op 0x0:(READ) flags 0x80700 phys_seg 1 prio class 2
[   51.692291] loop0: detected capacity change from 0 to 2048
[   51.722787] loop0: detected capacity change from 0 to 2048
[   51.752271] loop0: detected capacity change from 0 to 2048
[   51.788338] loop0: detected capacity change from 0 to 2048
[   51.824161] loop0: detected capacity change from 0 to 2048
[   51.855240] loop0: detected capacity change from 0 to 2048
[   51.889797] loop0: detected capacity change from 0 to 2048
[   51.920899] loop0: detected capacity change from 0 to 2048
[   51.960049] loop0: detected capacity change from 0 to 2048
[   51.983756] loop0: detected capacity change from 0 to 2048
[   51.984398] I/O error, dev loop0, sector 0 op 0x0:(READ) flags 0x80700 phys_seg 1 prio class 2
[   52.039812] loop0: detected capacity change from 0 to 2048
[   52.078363] loop0: detected capacity change from 0 to 2048
[   52.110289] loop0: detected capacity change from 0 to 2048
[   52.142506] loop0: detected capacity change from 0 to 2048
[   52.175943] loop0: detected capacity change from 0 to 2048
[   52.210763] loop0: detected capacity change from 0 to 2048
[   52.245405] loop0: detected capacity change from 0 to 2048
[   52.277913] loop0: detected capacity change from 0 to 2048
[   52.314017] loop0: detected capacity change from 0 to 2048
[   52.350732] loop0: detected capacity change from 0 to 2048
[   52.379058] loop0: detected capacity change from 0 to 2048
[   52.409556] loop0: detected capacity change from 0 to 2048
[   52.432257] loop0: detected capacity change from 0 to 2048
[   52.468271] loop0: detected capacity change from 0 to 2048
[   52.493450] loop0: detected capacity change from 0 to 2048
[   52.533228] loop0: detected capacity change from 0 to 2048
[   52.555047] loop0: detected capacity change from 0 to 2048
[   52.586605] loop0: detected capacity change from 0 to 2048
[   52.610745] loop0: detected capacity change from 0 to 2048
[   52.640745] loop0: detected capacity change from 0 to 2048
[   52.670965] loop0: detected capacity change from 0 to 2048
[   52.696153] loop0: detected capacity change from 0 to 2048
[   52.731335] loop0: detected capacity change from 0 to 2048
[   52.757028] loop0: detected capacity change from 0 to 2048
[   52.771383] loop0: detected capacity change from 0 to 2048
[   52.800175] loop0: detected capacity change from 0 to 2048
[   52.830166] loop0: detected capacity change from 0 to 2048
[   52.861255] loop0: detected capacity change from 0 to 2048
[   52.882576] loop0: detected capacity change from 0 to 2048
[   52.911184] loop0: detected capacity change from 0 to 2048
[   52.911864] I/O error, dev loop0, sector 0 op 0x0:(READ) flags 0x80700 phys_seg 1 prio class 2
[   52.911928] I/O error, dev loop0, sector 0 op 0x0:(READ) flags 0x0 phys_seg 1 prio class 2
[   52.913886] Buffer I/O error on dev loop0, logical block 0, async page read
[   52.937807] loop0: detected capacity change from 0 to 2048
[   52.965238] loop0: detected capacity change from 0 to 2048
[   52.996488] loop0: detected capacity change from 0 to 2048
[   53.027613] loop0: detected capacity change from 0 to 2048
[   53.058270] loop0: detected capacity change from 0 to 2048
[   53.080278] loop0: detected capacity change from 0 to 2048
[   53.110163] loop0: detected capacity change from 0 to 2048
[   53.129230] loop0: detected capacity change from 0 to 2048
[   53.162728] loop0: detected capacity change from 0 to 2048
[   53.192862] loop0: detected capacity change from 0 to 2048
[   53.216179] loop0: detected capacity change from 0 to 2048
[   53.233908] loop0: detected capacity change from 0 to 2048
[   53.262315] loop0: detected capacity change from 0 to 2048
[   53.287903] loop0: detected capacity change from 0 to 2048
[   53.310592] loop0: detected capacity change from 0 to 2048
[   53.332940] loop0: detected capacity change from 0 to 2048
[   53.357808] loop0: detected capacity change from 0 to 2048
[   53.382221] loop0: detected capacity change from 0 to 2048
[   53.405386] loop0: detected capacity change from 0 to 2048
[   53.425566] loop0: detected capacity change from 0 to 2048
[   53.451967] loop0: detected capacity change from 0 to 2048
[   53.479358] loop0: detected capacity change from 0 to 2048
[   53.500680] loop0: detected capacity change from 0 to 2048
[   53.517504] loop0: detected capacity change from 0 to 2048
[   53.540997] loop0: detected capacity change from 0 to 2048
[   53.571667] loop0: detected capacity change from 0 to 2048
[   53.595127] loop0: detected capacity change from 0 to 2048
[   53.616790] loop0: detected capacity change from 0 to 2048
[   53.638734] loop0: detected capacity change from 0 to 2048
[   53.658598] loop0: detected capacity change from 0 to 2048
[   53.683377] loop0: detected capacity change from 0 to 2048
[   53.709721] loop0: detected capacity change from 0 to 2048
[   53.741415] loop0: detected capacity change from 0 to 2048
[   53.768181] loop0: detected capacity change from 0 to 2048
[   53.786963] loop0: detected capacity change from 0 to 2048
[   53.819953] loop0: detected capacity change from 0 to 2048
[   53.849989] loop0: detected capacity change from 0 to 2048
[   53.875903] loop0: detected capacity change from 0 to 2048
[   53.876234] I/O error, dev loop0, sector 0 op 0x0:(READ) flags 0x80700 phys_seg 1 prio class 2
[   53.904166] loop0: detected capacity change from 0 to 2048
[   53.925112] loop0: detected capacity change from 0 to 2048
[   53.954085] loop0: detected capacity change from 0 to 2048
[   53.976145] loop0: detected capacity change from 0 to 2048
[   54.006203] loop0: detected capacity change from 0 to 2048
[   54.035320] loop0: detected capacity change from 0 to 2048
[   54.073243] loop0: detected capacity change from 0 to 2048
[   54.094911] loop0: detected capacity change from 0 to 2048
[   54.123097] loop0: detected capacity change from 0 to 2048
[   54.143756] loop0: detected capacity change from 0 to 2048
[   54.166955] loop0: detected capacity change from 0 to 2048
[   54.193426] loop0: detected capacity change from 0 to 2048
[   54.218650] loop0: detected capacity change from 0 to 2048
[   54.235974] loop0: detected capacity change from 0 to 2048
[   54.255868] loop0: detected capacity change from 0 to 2048
[   54.273217] loop0: detected capacity change from 0 to 2048
[   54.297366] loop0: detected capacity change from 0 to 2048
