c[?7l[2J[0mSeaBIOS (version rel-1.16.0-0-gd239552ce722-prebuilt.qemu.org)


iPXE (http://ipxe.org) 00:03.0 CA00 PCI2.10 PnP PMM+7FF91000+7FEF1000 CA00
Press Ctrl-B to configure iPXE (PCI 00:03.0)...                                                                               


Booting from ROM...
c[?7l[2J[    0.000000] Linux version 6.3.0-428423e88a4e+ (root@p-rpls01) (gcc (GCC) 8.5.0 20210514 (Red Hat 8.5.0-19), GNU ld version 2.36.1-2.el8) #1 SMP PREEMPT_DYNAMIC Wed Jun 21 13:08:34 CST 2023
[    0.000000] Command line: console=ttyS0 root=/dev/sda earlyprintk=serial net.ifnames=0 quiet plymouth.enable=0
[    0.000000] KERNEL supported cpus:
[    0.000000]   Intel GenuineIntel
[    0.000000]   AMD AuthenticAMD
[    0.000000]   Hygon HygonGenuine
[    0.000000]   Centaur CentaurHauls
[    0.000000]   zhaoxin   Shanghai  
[    0.000000] x86/fpu: Supporting XSAVE feature 0x001: 'x87 floating point registers'
[    0.000000] x86/fpu: Supporting XSAVE feature 0x002: 'SSE registers'
[    0.000000] x86/fpu: Supporting XSAVE feature 0x004: 'AVX registers'
[    0.000000] x86/fpu: Supporting XSAVE feature 0x200: 'Protection Keys User registers'
[    0.000000] x86/fpu: xstate_offset[2]:  576, xstate_sizes[2]:  256
[    0.000000] x86/fpu: xstate_offset[9]:  832, xstate_sizes[9]:    8
[    0.000000] x86/fpu: Enabled xstate features 0x207, context size is 840 bytes, using 'compacted' format.
[    0.000000] signal: max sigframe size: 3632
[    0.000000] BIOS-provided physical RAM map:
[    0.000000] BIOS-e820: [mem 0x0000000000000000-0x000000000009fbff] usable
[    0.000000] BIOS-e820: [mem 0x000000000009fc00-0x000000000009ffff] reserved
[    0.000000] BIOS-e820: [mem 0x00000000000f0000-0x00000000000fffff] reserved
[    0.000000] BIOS-e820: [mem 0x0000000000100000-0x000000007ffdffff] usable
[    0.000000] BIOS-e820: [mem 0x000000007ffe0000-0x000000007fffffff] reserved
[    0.000000] BIOS-e820: [mem 0x00000000feffc000-0x00000000feffffff] reserved
[    0.000000] BIOS-e820: [mem 0x00000000fffc0000-0x00000000ffffffff] reserved
[    0.000000] printk: bootconsole [earlyser0] enabled
[    0.189859] Spectre V2 : WARNING: Unprivileged eBPF is enabled with eIBRS on, data leaks possible via Spectre v2 BHB attacks!
[    6.076054] systemd[1]: Failed to start Load Kernel Modules.
[[0;1;31mFAILED[0m] Failed to start [0;1;39mLoad Kernel Modules[0m.

CentOS Stream 9
Kernel 6.3.0-428423e88a4e+ on an x86_64

Activate the web console with: systemctl enable --now cockpit.socket

test login: [   21.887790] loop0: detected capacity change from 0 to 2048
[   21.893649] EXT4-fs (loop0): mounted filesystem 00000000-0000-0000-0000-000000000000 without journal. Quota mode: none.
[   21.917754] EXT4-fs (loop0): unmounting filesystem 00000000-0000-0000-0000-000000000000.
[   21.936941] loop0: detected capacity change from 0 to 2048
[   21.945039] EXT4-fs (loop0): mounted filesystem 00000000-0000-0000-0000-000000000000 without journal. Quota mode: none.
[   21.955920] EXT4-fs (loop0): unmounting filesystem 00000000-0000-0000-0000-000000000000.
[   21.967883] loop0: detected capacity change from 0 to 2048
[   21.977075] EXT4-fs (loop0): mounted filesystem 00000000-0000-0000-0000-000000000000 without journal. Quota mode: none.
[   21.987972] EXT4-fs (loop0): unmounting filesystem 00000000-0000-0000-0000-000000000000.
[   22.021022] loop0: detected capacity change from 0 to 2048
[   22.031954] EXT4-fs (loop0): mounted filesystem 00000000-0000-0000-0000-000000000000 without journal. Quota mode: none.
[   22.041192] EXT4-fs (loop0): unmounting filesystem 00000000-0000-0000-0000-000000000000.
[   22.055512] loop0: detected capacity change from 0 to 2048
[   22.065852] EXT4-fs (loop0): mounted filesystem 00000000-0000-0000-0000-000000000000 without journal. Quota mode: none.
[   22.078333] EXT4-fs (loop0): unmounting filesystem 00000000-0000-0000-0000-000000000000.
[   22.092284] loop0: detected capacity change from 0 to 2048
[   22.101818] EXT4-fs (loop0): mounted filesystem 00000000-0000-0000-0000-000000000000 without journal. Quota mode: none.
[   22.109573] EXT4-fs (loop0): unmounting filesystem 00000000-0000-0000-0000-000000000000.
[   22.129034] loop0: detected capacity change from 0 to 2048
[   22.136815] EXT4-fs (loop0): mounted filesystem 00000000-0000-0000-0000-000000000000 without journal. Quota mode: none.
[   22.143031] EXT4-fs (loop0): unmounting filesystem 00000000-0000-0000-0000-000000000000.
[   22.158384] loop0: detected capacity change from 0 to 2048
[   22.158709] I/O error, dev loop0, sector 0 op 0x0:(READ) flags 0x80700 phys_seg 1 prio class 2
[   22.168617] EXT4-fs (loop0): mounted filesystem 00000000-0000-0000-0000-000000000000 without journal. Quota mode: none.
[   22.174664] EXT4-fs (loop0): unmounting filesystem 00000000-0000-0000-0000-000000000000.
[   22.194578] loop0: detected capacity change from 0 to 2048
[   22.200916] EXT4-fs (loop0): mounted filesystem 00000000-0000-0000-0000-000000000000 without journal. Quota mode: none.
[   22.206292] EXT4-fs (loop0): unmounting filesystem 00000000-0000-0000-0000-000000000000.
[   22.223004] loop0: detected capacity change from 0 to 2048
[   22.234249] EXT4-fs (loop0): mounted filesystem 00000000-0000-0000-0000-000000000000 without journal. Quota mode: none.
[   22.240671] EXT4-fs (loop0): unmounting filesystem 00000000-0000-0000-0000-000000000000.
[   22.256091] loop0: detected capacity change from 0 to 2048
[   22.264867] EXT4-fs (loop0): mounted filesystem 00000000-0000-0000-0000-000000000000 without journal. Quota mode: none.
[   22.270099] EXT4-fs (loop0): unmounting filesystem 00000000-0000-0000-0000-000000000000.
[   22.281490] loop0: detected capacity change from 0 to 2048
[   22.294528] EXT4-fs (loop0): mounted filesystem 00000000-0000-0000-0000-000000000000 without journal. Quota mode: none.
[   22.301771] EXT4-fs (loop0): unmounting filesystem 00000000-0000-0000-0000-000000000000.
[   22.316480] loop0: detected capacity change from 0 to 2048
[   22.327478] EXT4-fs (loop0): mounted filesystem 00000000-0000-0000-0000-000000000000 without journal. Quota mode: none.
[   22.334528] EXT4-fs (loop0): unmounting filesystem 00000000-0000-0000-0000-000000000000.
[   22.349799] loop0: detected capacity change from 0 to 2048
[   22.352885] EXT4-fs (loop0): mounted filesystem 00000000-0000-0000-0000-000000000000 without journal. Quota mode: none.
[   22.360519] EXT4-fs (loop0): unmounting filesystem 00000000-0000-0000-0000-000000000000.
[   22.377778] loop0: detected capacity change from 0 to 2048
[   22.384984] EXT4-fs (loop0): mounted filesystem 00000000-0000-0000-0000-000000000000 without journal. Quota mode: none.
[   22.390017] EXT4-fs (loop0): unmounting filesystem 00000000-0000-0000-0000-000000000000.
[   22.403087] loop0: detected capacity change from 0 to 2048
[   22.408907] EXT4-fs (loop0): mounted filesystem 00000000-0000-0000-0000-000000000000 without journal. Quota mode: none.
[   22.414547] EXT4-fs (loop0): unmounting filesystem 00000000-0000-0000-0000-000000000000.
[   22.432736] loop0: detected capacity change from 0 to 2048
[   22.437659] EXT4-fs (loop0): mounted filesystem 00000000-0000-0000-0000-000000000000 without journal. Quota mode: none.
[   22.447076] EXT4-fs (loop0): unmounting filesystem 00000000-0000-0000-0000-000000000000.
[   22.466295] loop0: detected capacity change from 0 to 2048
[   22.479130] EXT4-fs (loop0): mounted filesystem 00000000-0000-0000-0000-000000000000 without journal. Quota mode: none.
[   22.487703] EXT4-fs (loop0): unmounting filesystem 00000000-0000-0000-0000-000000000000.
[   22.502271] loop0: detected capacity change from 0 to 2048
[   22.502533] I/O error, dev loop0, sector 0 op 0x0:(READ) flags 0x80700 phys_seg 1 prio class 2
[   22.511740] EXT4-fs (loop0): mounted filesystem 00000000-0000-0000-0000-000000000000 without journal. Quota mode: none.
[   22.521912] EXT4-fs (loop0): unmounting filesystem 00000000-0000-0000-0000-000000000000.
[   22.536767] loop0: detected capacity change from 0 to 2048
[   22.540958] EXT4-fs (loop0): mounted filesystem 00000000-0000-0000-0000-000000000000 without journal. Quota mode: none.
[   22.546042] EXT4-fs (loop0): unmounting filesystem 00000000-0000-0000-0000-000000000000.
[   22.561484] loop0: detected capacity change from 0 to 2048
[   22.565767] EXT4-fs (loop0): mounted filesystem 00000000-0000-0000-0000-000000000000 without journal. Quota mode: none.
[   22.572169] EXT4-fs (loop0): unmounting filesystem 00000000-0000-0000-0000-000000000000.
[   22.585420] loop0: detected capacity change from 0 to 2048
[   22.597266] EXT4-fs (loop0): mounted filesystem 00000000-0000-0000-0000-000000000000 without journal. Quota mode: none.
[   22.604790] EXT4-fs (loop0): unmounting filesystem 00000000-0000-0000-0000-000000000000.
[   22.620578] loop0: detected capacity change from 0 to 2048
[   22.629718] EXT4-fs (loop0): mounted filesystem 00000000-0000-0000-0000-000000000000 without journal. Quota mode: none.
[   22.635844] EXT4-fs (loop0): unmounting filesystem 00000000-0000-0000-0000-000000000000.
[   22.650555] loop0: detected capacity change from 0 to 2048
[   22.662776] EXT4-fs (loop0): mounted filesystem 00000000-0000-0000-0000-000000000000 without journal. Quota mode: none.
[   22.674591] EXT4-fs (loop0): unmounting filesystem 00000000-0000-0000-0000-000000000000.
[   22.689788] loop0: detected capacity change from 0 to 2048
[   22.699911] EXT4-fs (loop0): mounted filesystem 00000000-0000-0000-0000-000000000000 without journal. Quota mode: none.
[   22.706559] EXT4-fs (loop0): unmounting filesystem 00000000-0000-0000-0000-000000000000.
[   22.726428] loop0: detected capacity change from 0 to 2048
[   22.737431] EXT4-fs (loop0): mounted filesystem 00000000-0000-0000-0000-000000000000 without journal. Quota mode: none.
[   22.742499] EXT4-fs (loop0): unmounting filesystem 00000000-0000-0000-0000-000000000000.
[   22.757144] loop0: detected capacity change from 0 to 2048
[   22.760985] EXT4-fs (loop0): mounted filesystem 00000000-0000-0000-0000-000000000000 without journal. Quota mode: none.
[   22.769941] EXT4-fs (loop0): unmounting filesystem 00000000-0000-0000-0000-000000000000.
[   22.792598] loop0: detected capacity change from 0 to 2048
[   22.797534] EXT4-fs (loop0): mounted filesystem 00000000-0000-0000-0000-000000000000 without journal. Quota mode: none.
[   22.802505] EXT4-fs (loop0): unmounting filesystem 00000000-0000-0000-0000-000000000000.
[   22.816469] loop0: detected capacity change from 0 to 2048
[   22.827453] EXT4-fs (loop0): mounted filesystem 00000000-0000-0000-0000-000000000000 without journal. Quota mode: none.
[   22.835908] EXT4-fs (loop0): unmounting filesystem 00000000-0000-0000-0000-000000000000.
[   22.852530] loop0: detected capacity change from 0 to 2048
[   22.861404] EXT4-fs (loop0): mounted filesystem 00000000-0000-0000-0000-000000000000 without journal. Quota mode: none.
[   22.867565] EXT4-fs (loop0): unmounting filesystem 00000000-0000-0000-0000-000000000000.
[   22.883805] loop0: detected capacity change from 0 to 2048
[   22.884117] I/O error, dev loop0, sector 0 op 0x0:(READ) flags 0x80700 phys_seg 1 prio class 2
[   22.892668] EXT4-fs (loop0): mounted filesystem 00000000-0000-0000-0000-000000000000 without journal. Quota mode: none.
[   22.908839] EXT4-fs (loop0): unmounting filesystem 00000000-0000-0000-0000-000000000000.
[   22.928122] loop0: detected capacity change from 0 to 2048
[   22.932957] EXT4-fs (loop0): mounted filesystem 00000000-0000-0000-0000-000000000000 without journal. Quota mode: none.
[   22.959963] loop0: detected capacity change from 0 to 2048
[   22.960359] I/O error, dev loop0, sector 0 op 0x0:(READ) flags 0x80700 phys_seg 1 prio class 2
[   22.993218] loop0: detected capacity change from 0 to 2048
[   23.020599] loop0: detected capacity change from 0 to 2048
[   23.043985] loop0: detected capacity change from 0 to 2048
[   23.067753] loop0: detected capacity change from 0 to 2048
[   23.094127] loop0: detected capacity change from 0 to 2048
[   23.130379] loop0: detected capacity change from 0 to 2048
[   23.162112] loop0: detected capacity change from 0 to 2048
[   23.193118] loop0: detected capacity change from 0 to 2048
[   23.215180] loop0: detected capacity change from 0 to 2048
[   23.246412] loop0: detected capacity change from 0 to 2048
[   23.269241] loop0: detected capacity change from 0 to 2048
[   23.314944] loop0: detected capacity change from 0 to 2048
[   23.342287] loop0: detected capacity change from 0 to 2048
[   23.365423] loop0: detected capacity change from 0 to 2048
[   23.398051] loop0: detected capacity change from 0 to 2048
[   23.421804] loop0: detected capacity change from 0 to 2048
[   23.450053] loop0: detected capacity change from 0 to 2048
[   23.476497] loop0: detected capacity change from 0 to 2048
[   23.500883] loop0: detected capacity change from 0 to 2048
[   23.533962] loop0: detected capacity change from 0 to 2048
[   23.557848] loop0: detected capacity change from 0 to 2048
[   23.590036] loop0: detected capacity change from 0 to 2048
[   23.621948] loop0: detected capacity change from 0 to 2048
[   23.646716] loop0: detected capacity change from 0 to 2048
[   23.678292] loop0: detected capacity change from 0 to 2048
[   23.706450] loop0: detected capacity change from 0 to 2048
[   23.736885] loop0: detected capacity change from 0 to 2048
[   23.766739] loop0: detected capacity change from 0 to 2048
[   23.799964] loop0: detected capacity change from 0 to 2048
[   23.827866] loop0: detected capacity change from 0 to 2048
[   23.856652] loop0: detected capacity change from 0 to 2048
[   23.882039] loop0: detected capacity change from 0 to 2048
[   23.915858] loop0: detected capacity change from 0 to 2048
[   23.949726] loop0: detected capacity change from 0 to 2048
[   23.983443] loop0: detected capacity change from 0 to 2048
[   24.012575] loop0: detected capacity change from 0 to 2048
[   24.035071] loop0: detected capacity change from 0 to 2048
[   24.068374] loop0: detected capacity change from 0 to 2048
[   24.089779] loop0: detected capacity change from 0 to 2048
[   24.122101] loop0: detected capacity change from 0 to 2048
[   24.158861] loop0: detected capacity change from 0 to 2048
[   24.181582] loop0: detected capacity change from 0 to 2048
[   24.202279] loop0: detected capacity change from 0 to 2048
[   24.229619] loop0: detected capacity change from 0 to 2048
[   24.261416] loop0: detected capacity change from 0 to 2048
[   24.288085] loop0: detected capacity change from 0 to 2048
[   24.317965] loop0: detected capacity change from 0 to 2048
[   24.341511] loop0: detected capacity change from 0 to 2048
[   24.374597] loop0: detected capacity change from 0 to 2048
[   24.398120] loop0: detected capacity change from 0 to 2048
[   24.429480] loop0: detected capacity change from 0 to 2048
[   24.452462] loop0: detected capacity change from 0 to 2048
[   24.479666] loop0: detected capacity change from 0 to 2048
[   24.509083] loop0: detected capacity change from 0 to 2048
[   24.526640] loop0: detected capacity change from 0 to 2048
[   24.552022] loop0: detected capacity change from 0 to 2048
[   24.579465] loop0: detected capacity change from 0 to 2048
[   24.617212] loop0: detected capacity change from 0 to 2048
[   24.647244] loop0: detected capacity change from 0 to 2048
[   24.672250] loop0: detected capacity change from 0 to 2048
[   24.700647] loop0: detected capacity change from 0 to 2048
[   24.722557] loop0: detected capacity change from 0 to 2048
[   24.748194] loop0: detected capacity change from 0 to 2048
[   24.771128] loop0: detected capacity change from 0 to 2048
[   24.771442] I/O error, dev loop0, sector 0 op 0x0:(READ) flags 0x80700 phys_seg 1 prio class 2
[   24.797136] loop0: detected capacity change from 0 to 2048
[   24.821557] loop0: detected capacity change from 0 to 2048
[   24.855342] loop0: detected capacity change from 0 to 2048
[   24.882403] loop0: detected capacity change from 0 to 2048
[   24.904635] loop0: detected capacity change from 0 to 2048
[   24.905056] I/O error, dev loop0, sector 0 op 0x0:(READ) flags 0x80700 phys_seg 1 prio class 2
[   24.940417] loop0: detected capacity change from 0 to 2048
[   24.974276] loop0: detected capacity change from 0 to 2048
[   25.001542] loop0: detected capacity change from 0 to 2048
[   25.026216] loop0: detected capacity change from 0 to 2048
[   25.053027] loop0: detected capacity change from 0 to 2048
[   25.067965] loop0: detected capacity change from 0 to 2048
[   25.088563] loop0: detected capacity change from 0 to 2048
[   25.112278] loop0: detected capacity change from 0 to 2048
[   25.140346] loop0: detected capacity change from 0 to 2048
[   25.168447] loop0: detected capacity change from 0 to 2048
[   25.168885] I/O error, dev loop0, sector 0 op 0x0:(READ) flags 0x80700 phys_seg 1 prio class 2
[   25.187125] loop0: detected capacity change from 0 to 2048
[   25.226557] loop0: detected capacity change from 0 to 2048
[   25.253985] loop0: detected capacity change from 0 to 2048
[   25.285281] loop0: detected capacity change from 0 to 2048
[   25.302827] loop0: detected capacity change from 0 to 2048
[   25.332693] loop0: detected capacity change from 0 to 2048
[   25.364544] loop0: detected capacity change from 0 to 2048
[   25.398045] loop0: detected capacity change from 0 to 2048
[   25.428466] loop0: detected capacity change from 0 to 2048
[   25.446098] loop0: detected capacity change from 0 to 2048
[   25.480762] loop0: detected capacity change from 0 to 2048
[   25.481190] I/O error, dev loop0, sector 0 op 0x0:(READ) flags 0x80700 phys_seg 1 prio class 2
[   25.503815] loop0: detected capacity change from 0 to 2048
[   25.522549] loop0: detected capacity change from 0 to 2048
[   25.551952] loop0: detected capacity change from 0 to 2048
[   25.578000] loop0: detected capacity change from 0 to 2048
[   25.609409] loop0: detected capacity change from 0 to 2048
[   25.637856] loop0: detected capacity change from 0 to 2048
[   25.660523] loop0: detected capacity change from 0 to 2048
[   25.685356] loop0: detected capacity change from 0 to 2048
[   25.707175] loop0: detected capacity change from 0 to 2048
[   25.730911] loop0: detected capacity change from 0 to 2048
[   25.731196] I/O error, dev loop0, sector 0 op 0x0:(READ) flags 0x80700 phys_seg 1 prio class 2
[   25.757460] loop0: detected capacity change from 0 to 2048
[   25.778824] loop0: detected capacity change from 0 to 2048
[   25.799165] loop0: detected capacity change from 0 to 2048
[   25.828378] loop0: detected capacity change from 0 to 2048
[   25.855235] loop0: detected capacity change from 0 to 2048
[   25.884183] loop0: detected capacity change from 0 to 2048
[   25.913722] loop0: detected capacity change from 0 to 2048
[   25.941768] loop0: detected capacity change from 0 to 2048
[   25.980854] loop0: detected capacity change from 0 to 2048
[   25.999717] loop0: detected capacity change from 0 to 2048
[   26.024104] loop0: detected capacity change from 0 to 2048
[   26.049127] loop0: detected capacity change from 0 to 2048
[   26.049541] I/O error, dev loop0, sector 0 op 0x0:(READ) flags 0x80700 phys_seg 1 prio class 2
[   26.072462] loop0: detected capacity change from 0 to 2048
[   26.099272] loop0: detected capacity change from 0 to 2048
[   26.118911] loop0: detected capacity change from 0 to 2048
[   26.145147] loop0: detected capacity change from 0 to 2048
[   26.161313] loop0: detected capacity change from 0 to 2048
[   26.193410] loop0: detected capacity change from 0 to 2048
[   26.221830] loop0: detected capacity change from 0 to 2048
[   26.250918] loop0: detected capacity change from 0 to 2048
[   26.280376] loop0: detected capacity change from 0 to 2048
[   26.301929] loop0: detected capacity change from 0 to 2048
[   26.322200] loop0: detected capacity change from 0 to 2048
[   26.356118] loop0: detected capacity change from 0 to 2048
[   26.356962] Buffer I/O error on dev loop0, logical block 0, async page read
[   26.386878] loop0: detected capacity change from 0 to 2048
[   26.414766] loop0: detected capacity change from 0 to 2048
[   26.442920] loop0: detected capacity change from 0 to 2048
[   26.468983] loop0: detected capacity change from 0 to 2048
[   26.496639] loop0: detected capacity change from 0 to 2048
[   26.522565] loop0: detected capacity change from 0 to 2048
[   26.548990] loop0: detected capacity change from 0 to 2048
[   26.579322] loop0: detected capacity change from 0 to 2048
[   26.607884] loop0: detected capacity change from 0 to 2048
[   26.630206] loop0: detected capacity change from 0 to 2048
[   26.658882] loop0: detected capacity change from 0 to 2048
[   26.686019] loop0: detected capacity change from 0 to 2048
[   26.708684] loop0: detected capacity change from 0 to 2048
[   26.728526] loop0: detected capacity change from 0 to 2048
[   26.758054] loop0: detected capacity change from 0 to 2048
[   26.778180] loop0: detected capacity change from 0 to 2048
[   26.805115] loop0: detected capacity change from 0 to 2048
[   26.829990] loop0: detected capacity change from 0 to 2048
[   26.849396] loop0: detected capacity change from 0 to 2048
[   26.886788] loop0: detected capacity change from 0 to 2048
[   26.910768] loop0: detected capacity change from 0 to 2048
[   26.940887] loop0: detected capacity change from 0 to 2048
[   26.969776] loop0: detected capacity change from 0 to 2048
[   26.989546] loop0: detected capacity change from 0 to 2048
[   27.011777] loop0: detected capacity change from 0 to 2048
[   27.032046] loop0: detected capacity change from 0 to 2048
[   27.060612] loop0: detected capacity change from 0 to 2048
[   27.082643] loop0: detected capacity change from 0 to 2048
[   27.110009] loop0: detected capacity change from 0 to 2048
[   27.134989] loop0: detected capacity change from 0 to 2048
[   27.161492] loop0: detected capacity change from 0 to 2048
[   27.186360] loop0: detected capacity change from 0 to 2048
[   27.208782] loop0: detected capacity change from 0 to 2048
[   27.233086] loop0: detected capacity change from 0 to 2048
[   27.257617] loop0: detected capacity change from 0 to 2048
[   27.280691] loop0: detected capacity change from 0 to 2048
[   27.311128] loop0: detected capacity change from 0 to 2048
[   27.341778] loop0: detected capacity change from 0 to 2048
[   27.365147] loop0: detected capacity change from 0 to 2048
[   27.388980] loop0: detected capacity change from 0 to 2048
[   27.412049] loop0: detected capacity change from 0 to 2048
[   27.432932] loop0: detected capacity change from 0 to 2048
[   27.456079] loop0: detected capacity change from 0 to 2048
[   27.476558] loop0: detected capacity change from 0 to 2048
[   27.506699] loop0: detected capacity change from 0 to 2048
[   27.507118] blk_print_req_error: 2 callbacks suppressed
[   27.507129] I/O error, dev loop0, sector 0 op 0x0:(READ) flags 0x80700 phys_seg 1 prio class 2
[   27.539401] loop0: detected capacity change from 0 to 2048
[   27.561526] loop0: detected capacity change from 0 to 2048
[   27.594029] loop0: detected capacity change from 0 to 2048
[   27.621592] loop0: detected capacity change from 0 to 2048
[   27.657685] loop0: detected capacity change from 0 to 2048
[   27.678585] loop0: detected capacity change from 0 to 2048
[   27.718878] loop0: detected capacity change from 0 to 2048
[   27.742097] loop0: detected capacity change from 0 to 2048
[   27.766297] loop0: detected capacity change from 0 to 2048
[   27.801278] loop0: detected capacity change from 0 to 2048
[   27.821075] loop0: detected capacity change from 0 to 2048
[   27.850696] loop0: detected capacity change from 0 to 2048
[   27.879643] loop0: detected capacity change from 0 to 2048
[   27.897893] loop0: detected capacity change from 0 to 2048
[   27.937045] loop0: detected capacity change from 0 to 2048
[   27.976509] loop0: detected capacity change from 0 to 2048
[   28.000217] loop0: detected capacity change from 0 to 2048
[   28.028924] loop0: detected capacity change from 0 to 2048
[   28.050429] loop0: detected capacity change from 0 to 2048
[   28.076836] loop0: detected capacity change from 0 to 2048
[   28.105159] loop0: detected capacity change from 0 to 2048
[   28.124513] loop0: detected capacity change from 0 to 2048
[   28.125256] I/O error, dev loop0, sector 0 op 0x0:(READ) flags 0x80700 phys_seg 1 prio class 2
[   28.154391] loop0: detected capacity change from 0 to 2048
[   28.181465] loop0: detected capacity change from 0 to 2048
[   28.205831] loop0: detected capacity change from 0 to 2048
[   28.226629] loop0: detected capacity change from 0 to 2048
[   28.254985] loop0: detected capacity change from 0 to 2048
[   28.275383] loop0: detected capacity change from 0 to 2048
[   28.307234] loop0: detected capacity change from 0 to 2048
[   28.337073] loop0: detected capacity change from 0 to 2048
[   28.365138] loop0: detected capacity change from 0 to 2048
[   28.394600] loop0: detected capacity change from 0 to 2048
[   28.422853] loop0: detected capacity change from 0 to 2048
[   28.453685] loop0: detected capacity change from 0 to 2048
[   28.480890] loop0: detected capacity change from 0 to 2048
[   28.515018] loop0: detected capacity change from 0 to 2048
[   28.546725] loop0: detected capacity change from 0 to 2048
[   28.571625] loop0: detected capacity change from 0 to 2048
[   28.599448] loop0: detected capacity change from 0 to 2048
[   28.624278] loop0: detected capacity change from 0 to 2048
[   28.624565] I/O error, dev loop0, sector 0 op 0x0:(READ) flags 0x80700 phys_seg 1 prio class 2
[   28.656157] loop0: detected capacity change from 0 to 2048
[   28.676356] loop0: detected capacity change from 0 to 2048
[   28.701530] loop0: detected capacity change from 0 to 2048
[   28.733979] loop0: detected capacity change from 0 to 2048
[   28.758980] loop0: detected capacity change from 0 to 2048
[   28.781639] loop0: detected capacity change from 0 to 2048
[   28.824646] loop0: detected capacity change from 0 to 2048
[   28.846712] loop0: detected capacity change from 0 to 2048
[   28.873859] loop0: detected capacity change from 0 to 2048
[   28.911151] loop0: detected capacity change from 0 to 2048
[   28.961788] loop0: detected capacity change from 0 to 2048
[   29.003376] loop0: detected capacity change from 0 to 2048
[   29.033189] loop0: detected capacity change from 0 to 2048
[   29.066572] loop0: detected capacity change from 0 to 2048
[   29.100148] loop0: detected capacity change from 0 to 2048
[   29.133124] loop0: detected capacity change from 0 to 2048
[   29.169473] loop0: detected capacity change from 0 to 2048
[   29.196567] loop0: detected capacity change from 0 to 2048
[   29.196982] I/O error, dev loop0, sector 0 op 0x0:(READ) flags 0x80700 phys_seg 1 prio class 2
[   29.226817] loop0: detected capacity change from 0 to 2048
[   29.265427] loop0: detected capacity change from 0 to 2048
[   29.289212] loop0: detected capacity change from 0 to 2048
[   29.324360] loop0: detected capacity change from 0 to 2048
[   29.346922] loop0: detected capacity change from 0 to 2048
[   29.379209] loop0: detected capacity change from 0 to 2048
[   29.408449] loop0: detected capacity change from 0 to 2048
[   29.434380] loop0: detected capacity change from 0 to 2048
[   29.455311] loop0: detected capacity change from 0 to 2048
[   29.488701] loop0: detected capacity change from 0 to 2048
[   29.517504] loop0: detected capacity change from 0 to 2048
[   29.545163] loop0: detected capacity change from 0 to 2048
[   29.569232] loop0: detected capacity change from 0 to 2048
[   29.594549] loop0: detected capacity change from 0 to 2048
[   29.622769] loop0: detected capacity change from 0 to 2048
[   29.650354] loop0: detected capacity change from 0 to 2048
[   29.678480] loop0: detected capacity change from 0 to 2048
[   29.704167] loop0: detected capacity change from 0 to 2048
[   29.731161] loop0: detected capacity change from 0 to 2048
[   29.758394] loop0: detected capacity change from 0 to 2048
[   29.789366] loop0: detected capacity change from 0 to 2048
[   29.816699] loop0: detected capacity change from 0 to 2048
[   29.839934] loop0: detected capacity change from 0 to 2048
[   29.868434] loop0: detected capacity change from 0 to 2048
[   29.893136] loop0: detected capacity change from 0 to 2048
[   29.922818] loop0: detected capacity change from 0 to 2048
[   29.961532] loop0: detected capacity change from 0 to 2048
[   29.995684] loop0: detected capacity change from 0 to 2048
[   30.016693] loop0: detected capacity change from 0 to 2048
[   30.053874] loop0: detected capacity change from 0 to 2048
[   30.054546] I/O error, dev loop0, sector 0 op 0x0:(READ) flags 0x80700 phys_seg 1 prio class 2
[   30.081545] loop0: detected capacity change from 0 to 2048
[   30.115862] loop0: detected capacity change from 0 to 2048
[   30.151596] loop0: detected capacity change from 0 to 2048
[   30.182136] loop0: detected capacity change from 0 to 2048
[   30.210989] loop0: detected capacity change from 0 to 2048
[   30.234419] loop0: detected capacity change from 0 to 2048
[   30.267335] loop0: detected capacity change from 0 to 2048
[   30.297136] loop0: detected capacity change from 0 to 2048
[   30.322839] loop0: detected capacity change from 0 to 2048
[   30.348647] loop0: detected capacity change from 0 to 2048
[   30.377723] loop0: detected capacity change from 0 to 2048
[   30.405453] loop0: detected capacity change from 0 to 2048
[   30.444097] loop0: detected capacity change from 0 to 2048
[   30.465419] loop0: detected capacity change from 0 to 2048
[   30.494303] loop0: detected capacity change from 0 to 2048
[   30.494986] I/O error, dev loop0, sector 0 op 0x0:(READ) flags 0x80700 phys_seg 1 prio class 2
[   30.528721] loop0: detected capacity change from 0 to 2048
[   30.550317] loop0: detected capacity change from 0 to 2048
[   30.583326] loop0: detected capacity change from 0 to 2048
[   30.614280] loop0: detected capacity change from 0 to 2048
[   30.641727] loop0: detected capacity change from 0 to 2048
[   30.670938] loop0: detected capacity change from 0 to 2048
[   30.700768] loop0: detected capacity change from 0 to 2048
[   30.725005] loop0: detected capacity change from 0 to 2048
[   30.747524] loop0: detected capacity change from 0 to 2048
[   30.747865] I/O error, dev loop0, sector 0 op 0x0:(READ) flags 0x80700 phys_seg 1 prio class 2
[   30.770030] loop0: detected capacity change from 0 to 2048
[   30.790630] loop0: detected capacity change from 0 to 2048
[   30.813865] loop0: detected capacity change from 0 to 2048
[   30.835084] loop0: detected capacity change from 0 to 2048
[   30.866955] loop0: detected capacity change from 0 to 2048
[   30.892262] loop0: detected capacity change from 0 to 2048
[   30.927405] loop0: detected capacity change from 0 to 2048
[   30.971244] loop0: detected capacity change from 0 to 2048
[   30.996056] loop0: detected capacity change from 0 to 2048
[   31.025683] loop0: detected capacity change from 0 to 2048
[   31.053954] loop0: detected capacity change from 0 to 2048
[   31.087483] loop0: detected capacity change from 0 to 2048
[   31.087766] I/O error, dev loop0, sector 0 op 0x0:(READ) flags 0x80700 phys_seg 1 prio class 2
[   31.117647] loop0: detected capacity change from 0 to 2048
[   31.138815] loop0: detected capacity change from 0 to 2048
[   31.168970] loop0: detected capacity change from 0 to 2048
[   31.192269] loop0: detected capacity change from 0 to 2048
[   31.192955] I/O error, dev loop0, sector 0 op 0x0:(READ) flags 0x80700 phys_seg 1 prio class 2
[   31.219447] loop0: detected capacity change from 0 to 2048
[   31.247705] loop0: detected capacity change from 0 to 2048
[   31.276786] loop0: detected capacity change from 0 to 2048
[   31.277106] I/O error, dev loop0, sector 0 op 0x0:(READ) flags 0x80700 phys_seg 1 prio class 2
[   31.315204] loop0: detected capacity change from 0 to 2048
[   31.342860] loop0: detected capacity change from 0 to 2048
[   31.368754] loop0: detected capacity change from 0 to 2048
[   31.398108] loop0: detected capacity change from 0 to 2048
[   31.420487] loop0: detected capacity change from 0 to 2048
[   31.453526] loop0: detected capacity change from 0 to 2048
[   31.483947] loop0: detected capacity change from 0 to 2048
[   31.509560] loop0: detected capacity change from 0 to 2048
[   31.529615] loop0: detected capacity change from 0 to 2048
[   31.552265] loop0: detected capacity change from 0 to 2048
[   31.579917] loop0: detected capacity change from 0 to 2048
[   31.600902] loop0: detected capacity change from 0 to 2048
[   31.630922] loop0: detected capacity change from 0 to 2048
[   31.631263] Buffer I/O error on dev loop0, logical block 0, async page read
[   31.669399] loop0: detected capacity change from 0 to 2048
[   31.699711] loop0: detected capacity change from 0 to 2048
[   31.725182] loop0: detected capacity change from 0 to 2048
[   31.754908] loop0: detected capacity change from 0 to 2048
[   31.785338] loop0: detected capacity change from 0 to 2048
[   31.812640] loop0: detected capacity change from 0 to 2048
[   31.830596] loop0: detected capacity change from 0 to 2048
[   31.864371] loop0: detected capacity change from 0 to 2048
[   31.896407] loop0: detected capacity change from 0 to 2048
[   31.932114] loop0: detected capacity change from 0 to 2048
[   31.962356] loop0: detected capacity change from 0 to 2048
[   31.991461] loop0: detected capacity change from 0 to 2048
[   32.013481] loop0: detected capacity change from 0 to 2048
[   32.047819] loop0: detected capacity change from 0 to 2048
[   32.073407] loop0: detected capacity change from 0 to 2048
[   32.101201] loop0: detected capacity change from 0 to 2048
[   32.133341] loop0: detected capacity change from 0 to 2048
[   32.155786] loop0: detected capacity change from 0 to 2048
[   32.186983] loop0: detected capacity change from 0 to 2048
[   32.208528] loop0: detected capacity change from 0 to 2048
[   32.244673] loop0: detected capacity change from 0 to 2048
[   32.268044] loop0: detected capacity change from 0 to 2048
[   32.297350] loop0: detected capacity change from 0 to 2048
[   32.326531] loop0: detected capacity change from 0 to 2048
[   32.348257] loop0: detected capacity change from 0 to 2048
[   32.381556] loop0: detected capacity change from 0 to 2048
[   32.397887] loop0: detected capacity change from 0 to 2048
[   32.450011] loop0: detected capacity change from 0 to 2048
[   32.472431] loop0: detected capacity change from 0 to 2048
[   32.501366] loop0: detected capacity change from 0 to 2048
[   32.519833] loop0: detected capacity change from 0 to 2048
[   32.552047] loop0: detected capacity change from 0 to 2048
[   32.572197] loop0: detected capacity change from 0 to 2048
[   32.597552] loop0: detected capacity change from 0 to 2048
[   32.623711] loop0: detected capacity change from 0 to 2048
[   32.648108] loop0: detected capacity change from 0 to 2048
[   32.667483] loop0: detected capacity change from 0 to 2048
[   32.702217] loop0: detected capacity change from 0 to 2048
[   32.730287] loop0: detected capacity change from 0 to 2048
[   32.757680] loop0: detected capacity change from 0 to 2048
[   32.788767] loop0: detected capacity change from 0 to 2048
[   32.807945] loop0: detected capacity change from 0 to 2048
[   32.838378] loop0: detected capacity change from 0 to 2048
[   32.838674] blk_print_req_error: 2 callbacks suppressed
[   32.838685] I/O error, dev loop0, sector 0 op 0x0:(READ) flags 0x80700 phys_seg 1 prio class 2
[   32.871047] loop0: detected capacity change from 0 to 2048
[   32.904185] loop0: detected capacity change from 0 to 2048
[   32.939478] loop0: detected capacity change from 0 to 2048
[   32.976626] loop0: detected capacity change from 0 to 2048
[   33.002177] loop0: detected capacity change from 0 to 2048
[   33.044667] loop0: detected capacity change from 0 to 2048
[   33.076463] loop0: detected capacity change from 0 to 2048
[   33.107054] loop0: detected capacity change from 0 to 2048
[   33.129376] loop0: detected capacity change from 0 to 2048
[   33.159601] loop0: detected capacity change from 0 to 2048
[   33.183801] loop0: detected capacity change from 0 to 2048
[   33.206432] loop0: detected capacity change from 0 to 2048
[   33.232521] loop0: detected capacity change from 0 to 2048
[   33.253885] loop0: detected capacity change from 0 to 2048
[   33.281829] loop0: detected capacity change from 0 to 2048
[   33.304999] loop0: detected capacity change from 0 to 2048
[   33.324704] loop0: detected capacity change from 0 to 2048
[   33.348788] loop0: detected capacity change from 0 to 2048
[   33.382108] loop0: detected capacity change from 0 to 2048
[   33.412117] loop0: detected capacity change from 0 to 2048
[   33.438859] loop0: detected capacity change from 0 to 2048
[   33.462826] loop0: detected capacity change from 0 to 2048
[   33.497399] loop0: detected capacity change from 0 to 2048
[   33.519067] loop0: detected capacity change from 0 to 2048
[   33.544098] loop0: detected capacity change from 0 to 2048
[   33.577998] loop0: detected capacity change from 0 to 2048
[   33.602520] loop0: detected capacity change from 0 to 2048
[   33.634765] loop0: detected capacity change from 0 to 2048
[   33.660484] loop0: detected capacity change from 0 to 2048
[   33.686810] loop0: detected capacity change from 0 to 2048
[   33.708038] loop0: detected capacity change from 0 to 2048
[   33.740782] loop0: detected capacity change from 0 to 2048
[   33.762100] loop0: detected capacity change from 0 to 2048
[   33.792688] loop0: detected capacity change from 0 to 2048
[   33.812047] loop0: detected capacity change from 0 to 2048
[   33.839061] loop0: detected capacity change from 0 to 2048
[   33.839520] I/O error, dev loop0, sector 0 op 0x0:(READ) flags 0x80700 phys_seg 1 prio class 2
[   33.840015] I/O error, dev loop0, sector 0 op 0x0:(READ) flags 0x0 phys_seg 1 prio class 2
[   33.842181] Buffer I/O error on dev loop0, logical block 0, async page read
[   33.880724] loop0: detected capacity change from 0 to 2048
[   33.881039] I/O error, dev loop0, sector 0 op 0x0:(READ) flags 0x80700 phys_seg 1 prio class 2
[   33.915779] loop0: detected capacity change from 0 to 2048
[   33.952061] loop0: detected capacity change from 0 to 2048
[   33.991325] loop0: detected capacity change from 0 to 2048
[   34.012240] loop0: detected capacity change from 0 to 2048
[   34.043224] loop0: detected capacity change from 0 to 2048
[   34.071361] loop0: detected capacity change from 0 to 2048
[   34.106906] loop0: detected capacity change from 0 to 2048
[   34.129197] loop0: detected capacity change from 0 to 2048
[   34.158781] loop0: detected capacity change from 0 to 2048
[   34.189571] loop0: detected capacity change from 0 to 2048
[   34.220942] loop0: detected capacity change from 0 to 2048
[   34.253147] loop0: detected capacity change from 0 to 2048
[   34.284093] loop0: detected capacity change from 0 to 2048
[   34.312050] loop0: detected capacity change from 0 to 2048
[   34.341766] loop0: detected capacity change from 0 to 2048
[   34.363111] loop0: detected capacity change from 0 to 2048
[   34.391238] loop0: detected capacity change from 0 to 2048
[   34.391964] I/O error, dev loop0, sector 0 op 0x0:(READ) flags 0x80700 phys_seg 1 prio class 2
[   34.392009] I/O error, dev loop0, sector 0 op 0x0:(READ) flags 0x0 phys_seg 1 prio class 2
[   34.392024] Buffer I/O error on dev loop0, logical block 0, async page read
[   34.392052] I/O error, dev loop0, sector 0 op 0x0:(READ) flags 0x0 phys_seg 1 prio class 2
[   34.392066] Buffer I/O error on dev loop0, logical block 0, async page read
[   34.426552] loop0: detected capacity change from 0 to 2048
[   34.459257] loop0: detected capacity change from 0 to 2048
[   34.482456] loop0: detected capacity change from 0 to 2048
[   34.510761] loop0: detected capacity change from 0 to 2048
[   34.536876] loop0: detected capacity change from 0 to 2048
[   34.560310] loop0: detected capacity change from 0 to 2048
[   34.560981] I/O error, dev loop0, sector 0 op 0x0:(READ) flags 0x80700 phys_seg 1 prio class 2
[   34.593556] loop0: detected capacity change from 0 to 2048
[   34.626515] loop0: detected capacity change from 0 to 2048
[   34.626807] I/O error, dev loop0, sector 0 op 0x0:(READ) flags 0x80700 phys_seg 1 prio class 2
[   34.658303] loop0: detected capacity change from 0 to 2048
[   34.682627] loop0: detected capacity change from 0 to 2048
[   34.706961] loop0: detected capacity change from 0 to 2048
[   34.737801] loop0: detected capacity change from 0 to 2048
[   34.764049] loop0: detected capacity change from 0 to 2048
[   34.789296] loop0: detected capacity change from 0 to 2048
[   34.807599] loop0: detected capacity change from 0 to 2048
[   34.833276] loop0: detected capacity change from 0 to 2048
[   34.859894] loop0: detected capacity change from 0 to 2048
[   34.884068] loop0: detected capacity change from 0 to 2048
[   34.907925] loop0: detected capacity change from 0 to 2048
[   34.927778] EXT4-fs unmount: 860 callbacks suppressed
[   34.927788] EXT4-fs (loop0): unmounting filesystem 00000000-0000-0000-0000-000000000000.
[   34.941330] loop0: detected capacity change from 0 to 2048
[   34.944804] EXT4-fs (loop0): mounted filesystem 00000000-0000-0000-0000-000000000000 without journal. Quota mode: none.
[   34.962596] EXT4-fs (loop0): unmounting filesystem 00000000-0000-0000-0000-000000000000.
[   34.977508] loop0: detected capacity change from 0 to 2048
[   34.980788] EXT4-fs (loop0): mounted filesystem 00000000-0000-0000-0000-000000000000 without journal. Quota mode: none.
[   34.985582] EXT4-fs (loop0): unmounting filesystem 00000000-0000-0000-0000-000000000000.
[   34.997951] loop0: detected capacity change from 0 to 2048
[   35.004685] EXT4-fs (loop0): mounted filesystem 00000000-0000-0000-0000-000000000000 without journal. Quota mode: none.
[   35.011386] EXT4-fs (loop0): unmounting filesystem 00000000-0000-0000-0000-000000000000.
[   35.025147] loop0: detected capacity change from 0 to 2048
[   35.028764] EXT4-fs (loop0): mounted filesystem 00000000-0000-0000-0000-000000000000 without journal. Quota mode: none.
[   35.033698] EXT4-fs (loop0): unmounting filesystem 00000000-0000-0000-0000-000000000000.
[   35.050340] loop0: detected capacity change from 0 to 2048
[   35.059205] EXT4-fs (loop0): mounted filesystem 00000000-0000-0000-0000-000000000000 without journal. Quota mode: none.
[   35.064475] EXT4-fs (loop0): unmounting filesystem 00000000-0000-0000-0000-000000000000.
[   35.082098] loop0: detected capacity change from 0 to 2048
[   35.088677] EXT4-fs (loop0): mounted filesystem 00000000-0000-0000-0000-000000000000 without journal. Quota mode: none.
[   35.093605] EXT4-fs (loop0): unmounting filesystem 00000000-0000-0000-0000-000000000000.
[   35.108211] loop0: detected capacity change from 0 to 2048
[   35.118222] EXT4-fs (loop0): mounted filesystem 00000000-0000-0000-0000-000000000000 without journal. Quota mode: none.
[   35.128163] EXT4-fs (loop0): unmounting filesystem 00000000-0000-0000-0000-000000000000.
[   35.144896] loop0: detected capacity change from 0 to 2048
[   35.145344] I/O error, dev loop0, sector 0 op 0x0:(READ) flags 0x80700 phys_seg 1 prio class 2
[   35.154833] EXT4-fs (loop0): mounted filesystem 00000000-0000-0000-0000-000000000000 without journal. Quota mode: none.
[   35.164468] EXT4-fs (loop0): unmounting filesystem 00000000-0000-0000-0000-000000000000.
[   35.180674] loop0: detected capacity change from 0 to 2048
[   35.188779] EXT4-fs (loop0): mounted filesystem 00000000-0000-0000-0000-000000000000 without journal. Quota mode: none.
[   35.193904] EXT4-fs (loop0): unmounting filesystem 00000000-0000-0000-0000-000000000000.
[   35.204676] loop0: detected capacity change from 0 to 2048
[   35.208982] EXT4-fs (loop0): mounted filesystem 00000000-0000-0000-0000-000000000000 without journal. Quota mode: none.
[   35.217754] EXT4-fs (loop0): unmounting filesystem 00000000-0000-0000-0000-000000000000.
[   35.235185] loop0: detected capacity change from 0 to 2048
[   35.240808] EXT4-fs (loop0): mounted filesystem 00000000-0000-0000-0000-000000000000 without journal. Quota mode: none.
[   35.249010] EXT4-fs (loop0): unmounting filesystem 00000000-0000-0000-0000-000000000000.
[   35.262924] loop0: detected capacity change from 0 to 2048
[   35.269031] EXT4-fs (loop0): mounted filesystem 00000000-0000-0000-0000-000000000000 without journal. Quota mode: none.
[   35.274198] EXT4-fs (loop0): unmounting filesystem 00000000-0000-0000-0000-000000000000.
[   35.297480] loop0: detected capacity change from 0 to 2048
[   35.301374] EXT4-fs (loop0): mounted filesystem 00000000-0000-0000-0000-000000000000 without journal. Quota mode: none.
[   35.307932] EXT4-fs (loop0): unmounting filesystem 00000000-0000-0000-0000-000000000000.
[   35.328414] loop0: detected capacity change from 0 to 2048
[   35.333102] EXT4-fs (loop0): mounted filesystem 00000000-0000-0000-0000-000000000000 without journal. Quota mode: none.
[   35.339138] EXT4-fs (loop0): unmounting filesystem 00000000-0000-0000-0000-000000000000.
[   35.357281] loop0: detected capacity change from 0 to 2048
[   35.367137] EXT4-fs (loop0): mounted filesystem 00000000-0000-0000-0000-000000000000 without journal. Quota mode: none.
[   35.371922] EXT4-fs (loop0): unmounting filesystem 00000000-0000-0000-0000-000000000000.
[   35.390548] loop0: detected capacity change from 0 to 2048
[   35.398979] EXT4-fs (loop0): mounted filesystem 00000000-0000-0000-0000-000000000000 without journal. Quota mode: none.
[   35.409744] EXT4-fs (loop0): unmounting filesystem 00000000-0000-0000-0000-000000000000.
[   35.422654] loop0: detected capacity change from 0 to 2048
[   35.432975] EXT4-fs (loop0): mounted filesystem 00000000-0000-0000-0000-000000000000 without journal. Quota mode: none.
[   35.439890] EXT4-fs (loop0): unmounting filesystem 00000000-0000-0000-0000-000000000000.
[   35.460235] loop0: detected capacity change from 0 to 2048
[   35.464868] EXT4-fs (loop0): mounted filesystem 00000000-0000-0000-0000-000000000000 without journal. Quota mode: none.
[   35.470039] EXT4-fs (loop0): unmounting filesystem 00000000-0000-0000-0000-000000000000.
[   35.490126] loop0: detected capacity change from 0 to 2048
[   35.502512] EXT4-fs (loop0): mounted filesystem 00000000-0000-0000-0000-000000000000 without journal. Quota mode: none.
[   35.507117] EXT4-fs (loop0): unmounting filesystem 00000000-0000-0000-0000-000000000000.
[   35.519244] loop0: detected capacity change from 0 to 2048
[   35.530618] EXT4-fs (loop0): mounted filesystem 00000000-0000-0000-0000-000000000000 without journal. Quota mode: none.
[   35.537867] EXT4-fs (loop0): unmounting filesystem 00000000-0000-0000-0000-000000000000.
[   35.557547] loop0: detected capacity change from 0 to 2048
[   35.565270] EXT4-fs (loop0): mounted filesystem 00000000-0000-0000-0000-000000000000 without journal. Quota mode: none.
[   35.570721] EXT4-fs (loop0): unmounting filesystem 00000000-0000-0000-0000-000000000000.
[   35.583915] loop0: detected capacity change from 0 to 2048
[   35.588830] EXT4-fs (loop0): mounted filesystem 00000000-0000-0000-0000-000000000000 without journal. Quota mode: none.
[   35.594792] EXT4-fs (loop0): unmounting filesystem 00000000-0000-0000-0000-000000000000.
[   35.615844] loop0: detected capacity change from 0 to 2048
[   35.625387] EXT4-fs (loop0): mounted filesystem 00000000-0000-0000-0000-000000000000 without journal. Quota mode: none.
[   35.630564] EXT4-fs (loop0): unmounting filesystem 00000000-0000-0000-0000-000000000000.
[   35.649075] loop0: detected capacity change from 0 to 2048
[   35.653329] EXT4-fs (loop0): mounted filesystem 00000000-0000-0000-0000-000000000000 without journal. Quota mode: none.
[   35.660348] EXT4-fs (loop0): unmounting filesystem 00000000-0000-0000-0000-000000000000.
[   35.677321] loop0: detected capacity change from 0 to 2048
[   35.681454] EXT4-fs (loop0): mounted filesystem 00000000-0000-0000-0000-000000000000 without journal. Quota mode: none.
[   35.686197] EXT4-fs (loop0): unmounting filesystem 00000000-0000-0000-0000-000000000000.
[   35.714297] loop0: detected capacity change from 0 to 2048
[   35.720943] EXT4-fs (loop0): mounted filesystem 00000000-0000-0000-0000-000000000000 without journal. Quota mode: none.
[   35.725766] EXT4-fs (loop0): unmounting filesystem 00000000-0000-0000-0000-000000000000.
[   35.739749] loop0: detected capacity change from 0 to 2048
[   35.744610] EXT4-fs (loop0): mounted filesystem 00000000-0000-0000-0000-000000000000 without journal. Quota mode: none.
[   35.757211] EXT4-fs (loop0): unmounting filesystem 00000000-0000-0000-0000-000000000000.
[   35.768780] loop0: detected capacity change from 0 to 2048
[   35.779626] EXT4-fs (loop0): mounted filesystem 00000000-0000-0000-0000-000000000000 without journal. Quota mode: none.
[   35.786072] EXT4-fs (loop0): unmounting filesystem 00000000-0000-0000-0000-000000000000.
[   35.798776] loop0: detected capacity change from 0 to 2048
[   35.806321] EXT4-fs (loop0): mounted filesystem 00000000-0000-0000-0000-000000000000 without journal. Quota mode: none.
[   35.816099] EXT4-fs (loop0): unmounting filesystem 00000000-0000-0000-0000-000000000000.
[   35.832224] loop0: detected capacity change from 0 to 2048
[   35.836999] EXT4-fs (loop0): mounted filesystem 00000000-0000-0000-0000-000000000000 without journal. Quota mode: none.
[   35.845254] EXT4-fs (loop0): unmounting filesystem 00000000-0000-0000-0000-000000000000.
[   35.860125] loop0: detected capacity change from 0 to 2048
[   35.865155] EXT4-fs (loop0): mounted filesystem 00000000-0000-0000-0000-000000000000 without journal. Quota mode: none.
[   35.871928] EXT4-fs (loop0): unmounting filesystem 00000000-0000-0000-0000-000000000000.
[   35.887481] loop0: detected capacity change from 0 to 2048
[   35.898934] EXT4-fs (loop0): mounted filesystem 00000000-0000-0000-0000-000000000000 without journal. Quota mode: none.
[   35.935999] loop0: detected capacity change from 0 to 2048
[   35.968924] loop0: detected capacity change from 0 to 2048
[   35.993981] loop0: detected capacity change from 0 to 2048
[   36.028043] loop0: detected capacity change from 0 to 2048
[   36.052832] loop0: detected capacity change from 0 to 2048
[   36.075853] loop0: detected capacity change from 0 to 2048
[   36.101869] loop0: detected capacity change from 0 to 2048
[   36.132067] loop0: detected capacity change from 0 to 2048
[   36.155621] loop0: detected capacity change from 0 to 2048
[   36.183633] loop0: detected capacity change from 0 to 2048
[   36.210610] loop0: detected capacity change from 0 to 2048
[   36.240019] loop0: detected capacity change from 0 to 2048
[   36.269191] loop0: detected capacity change from 0 to 2048
[   36.269843] Buffer I/O error on dev loop0, logical block 0, async page read
[   36.304098] loop0: detected capacity change from 0 to 2048
[   36.325708] loop0: detected capacity change from 0 to 2048
[   36.357240] loop0: detected capacity change from 0 to 2048
[   36.385177] loop0: detected capacity change from 0 to 2048
[   36.414710] loop0: detected capacity change from 0 to 2048
[   36.415187] Buffer I/O error on dev loop0, logical block 0, async page read
[   36.441914] loop0: detected capacity change from 0 to 2048
[   36.473549] loop0: detected capacity change from 0 to 2048
[   36.499739] loop0: detected capacity change from 0 to 2048
[   36.518145] loop0: detected capacity change from 0 to 2048
[   36.552230] loop0: detected capacity change from 0 to 2048
[   36.574386] loop0: detected capacity change from 0 to 2048
[   36.602399] loop0: detected capacity change from 0 to 2048
[   36.631444] loop0: detected capacity change from 0 to 2048
[   36.649543] loop0: detected capacity change from 0 to 2048
[   36.681228] loop0: detected capacity change from 0 to 2048
[   36.712410] loop0: detected capacity change from 0 to 2048
[   36.736290] loop0: detected capacity change from 0 to 2048
[   36.770130] loop0: detected capacity change from 0 to 2048
[   36.796947] loop0: detected capacity change from 0 to 2048
[   36.828138] loop0: detected capacity change from 0 to 2048
[   36.828815] Buffer I/O error on dev loop0, logical block 0, async page read
[   36.856374] loop0: detected capacity change from 0 to 2048
[   36.883225] loop0: detected capacity change from 0 to 2048
[   36.884093] Buffer I/O error on dev loop0, logical block 0, async page read
[   36.884128] Buffer I/O error on dev loop0, logical block 0, async page read
[   36.914839] loop0: detected capacity change from 0 to 2048
[   36.956976] loop0: detected capacity change from 0 to 2048
[   36.995022] loop0: detected capacity change from 0 to 2048
[   37.013548] loop0: detected capacity change from 0 to 2048
[   37.046104] loop0: detected capacity change from 0 to 2048
[   37.079913] loop0: detected capacity change from 0 to 2048
[   37.107420] loop0: detected capacity change from 0 to 2048
[   37.131146] loop0: detected capacity change from 0 to 2048
[   37.162685] loop0: detected capacity change from 0 to 2048
[   37.186531] loop0: detected capacity change from 0 to 2048
[   37.212728] loop0: detected capacity change from 0 to 2048
[   37.252562] loop0: detected capacity change from 0 to 2048
[   37.274380] loop0: detected capacity change from 0 to 2048
[   37.301415] loop0: detected capacity change from 0 to 2048
[   37.325155] loop0: detected capacity change from 0 to 2048
[   37.357538] loop0: detected capacity change from 0 to 2048
[   37.383368] loop0: detected capacity change from 0 to 2048
[   37.405813] loop0: detected capacity change from 0 to 2048
[   37.439471] loop0: detected capacity change from 0 to 2048
[   37.458940] loop0: detected capacity change from 0 to 2048
[   37.489610] loop0: detected capacity change from 0 to 2048
[   37.517486] loop0: detected capacity change from 0 to 2048
[   37.548343] loop0: detected capacity change from 0 to 2048
[   37.576130] loop0: detected capacity change from 0 to 2048
[   37.602272] loop0: detected capacity change from 0 to 2048
[   37.602991] Buffer I/O error on dev loop0, logical block 0, async page read
[   37.634657] loop0: detected capacity change from 0 to 2048
[   37.663098] loop0: detected capacity change from 0 to 2048
[   37.691156] loop0: detected capacity change from 0 to 2048
[   37.708462] loop0: detected capacity change from 0 to 2048
[   37.741332] loop0: detected capacity change from 0 to 2048
[   37.774084] loop0: detected capacity change from 0 to 2048
[   37.794883] loop0: detected capacity change from 0 to 2048
[   37.818417] loop0: detected capacity change from 0 to 2048
[   37.838943] loop0: detected capacity change from 0 to 2048
[   37.864408] loop0: detected capacity change from 0 to 2048
[   37.885681] loop0: detected capacity change from 0 to 2048
[   37.916521] loop0: detected capacity change from 0 to 2048
[   37.952749] loop0: detected capacity change from 0 to 2048
[   37.980483] loop0: detected capacity change from 0 to 2048
[   38.009770] loop0: detected capacity change from 0 to 2048
[   38.036780] loop0: detected capacity change from 0 to 2048
[   38.064226] loop0: detected capacity change from 0 to 2048
[   38.086407] loop0: detected capacity change from 0 to 2048
[   38.116298] loop0: detected capacity change from 0 to 2048
[   38.135001] loop0: detected capacity change from 0 to 2048
[   38.166423] loop0: detected capacity change from 0 to 2048
[   38.192960] loop0: detected capacity change from 0 to 2048
[   38.223038] loop0: detected capacity change from 0 to 2048
[   38.250810] loop0: detected capacity change from 0 to 2048
[   38.280309] loop0: detected capacity change from 0 to 2048
[   38.302093] loop0: detected capacity change from 0 to 2048
[   38.335835] loop0: detected capacity change from 0 to 2048
[   38.363695] loop0: detected capacity change from 0 to 2048
[   38.364357] blk_print_req_error: 12 callbacks suppressed
[   38.364368] I/O error, dev loop0, sector 0 op 0x0:(READ) flags 0x80700 phys_seg 1 prio class 2
[   38.392674] loop0: detected capacity change from 0 to 2048
[   38.421814] loop0: detected capacity change from 0 to 2048
[   38.438883] loop0: detected capacity change from 0 to 2048
[   38.467335] loop0: detected capacity change from 0 to 2048
[   38.503050] loop0: detected capacity change from 0 to 2048
[   38.540215] loop0: detected capacity change from 0 to 2048
[   38.565077] loop0: detected capacity change from 0 to 2048
[   38.592089] loop0: detected capacity change from 0 to 2048
[   38.616425] loop0: detected capacity change from 0 to 2048
[   38.633209] loop0: detected capacity change from 0 to 2048
[   38.661419] loop0: detected capacity change from 0 to 2048
[   38.683830] loop0: detected capacity change from 0 to 2048
[   38.717775] loop0: detected capacity change from 0 to 2048
[   38.742594] loop0: detected capacity change from 0 to 2048
[   38.764219] loop0: detected capacity change from 0 to 2048
[   38.794439] loop0: detected capacity change from 0 to 2048
[   38.824500] loop0: detected capacity change from 0 to 2048
[   38.846304] loop0: detected capacity change from 0 to 2048
[   38.874430] loop0: detected capacity change from 0 to 2048
[   38.914679] loop0: detected capacity change from 0 to 2048
[   38.950031] loop0: detected capacity change from 0 to 2048
[   38.982369] loop0: detected capacity change from 0 to 2048
[   39.007998] loop0: detected capacity change from 0 to 2048
[   39.034525] loop0: detected capacity change from 0 to 2048
[   39.060082] loop0: detected capacity change from 0 to 2048
[   39.088094] loop0: detected capacity change from 0 to 2048
[   39.116494] loop0: detected capacity change from 0 to 2048
[   39.134971] loop0: detected capacity change from 0 to 2048
[   39.166294] loop0: detected capacity change from 0 to 2048
[   39.192355] loop0: detected capacity change from 0 to 2048
[   39.223133] loop0: detected capacity change from 0 to 2048
[   39.243961] loop0: detected capacity change from 0 to 2048
[   39.270427] loop0: detected capacity change from 0 to 2048
[   39.298431] loop0: detected capacity change from 0 to 2048
[   39.326937] loop0: detected capacity change from 0 to 2048
[   39.374318] loop0: detected capacity change from 0 to 2048
[   39.402900] loop0: detected capacity change from 0 to 2048
[   39.434677] loop0: detected capacity change from 0 to 2048
[   39.461553] loop0: detected capacity change from 0 to 2048
[   39.490923] loop0: detected capacity change from 0 to 2048
[   39.491604] I/O error, dev loop0, sector 0 op 0x0:(READ) flags 0x80700 phys_seg 1 prio class 2
[   39.518194] loop0: detected capacity change from 0 to 2048
[   39.542610] loop0: detected capacity change from 0 to 2048
[   39.567411] loop0: detected capacity change from 0 to 2048
[   39.592551] loop0: detected capacity change from 0 to 2048
[   39.616751] loop0: detected capacity change from 0 to 2048
[   39.642841] loop0: detected capacity change from 0 to 2048
[   39.665791] loop0: detected capacity change from 0 to 2048
[   39.666020] I/O error, dev loop0, sector 0 op 0x0:(READ) flags 0x80700 phys_seg 1 prio class 2
[   39.690532] loop0: detected capacity change from 0 to 2048
[   39.720613] loop0: detected capacity change from 0 to 2048
[   39.743414] loop0: detected capacity change from 0 to 2048
[   39.771672] loop0: detected capacity change from 0 to 2048
[   39.792015] loop0: detected capacity change from 0 to 2048
[   39.816765] loop0: detected capacity change from 0 to 2048
[   39.849527] loop0: detected capacity change from 0 to 2048
[   39.873766] loop0: detected capacity change from 0 to 2048
[   39.905419] loop0: detected capacity change from 0 to 2048
[   39.949130] loop0: detected capacity change from 0 to 2048
[   39.996002] loop0: detected capacity change from 0 to 2048
[   40.027329] loop0: detected capacity change from 0 to 2048
[   40.046753] loop0: detected capacity change from 0 to 2048
[   40.068349] loop0: detected capacity change from 0 to 2048
[   40.099369] loop0: detected capacity change from 0 to 2048
[   40.116260] loop0: detected capacity change from 0 to 2048
[   40.139356] loop0: detected capacity change from 0 to 2048
[   40.139990] I/O error, dev loop0, sector 0 op 0x0:(READ) flags 0x80700 phys_seg 1 prio class 2
[   40.167485] loop0: detected capacity change from 0 to 2048
[   40.168043] I/O error, dev loop0, sector 0 op 0x0:(READ) flags 0x80700 phys_seg 1 prio class 2
[   40.194898] loop0: detected capacity change from 0 to 2048
[   40.217496] loop0: detected capacity change from 0 to 2048
[   40.249275] loop0: detected capacity change from 0 to 2048
[   40.273980] loop0: detected capacity change from 0 to 2048
[   40.303254] loop0: detected capacity change from 0 to 2048
[   40.328653] loop0: detected capacity change from 0 to 2048
[   40.353157] loop0: detected capacity change from 0 to 2048
[   40.381533] loop0: detected capacity change from 0 to 2048
[   40.382020] I/O error, dev loop0, sector 0 op 0x0:(READ) flags 0x80700 phys_seg 1 prio class 2
[   40.413781] loop0: detected capacity change from 0 to 2048
[   40.437430] loop0: detected capacity change from 0 to 2048
[   40.438094] I/O error, dev loop0, sector 0 op 0x0:(READ) flags 0x80700 phys_seg 1 prio class 2
[   40.472802] loop0: detected capacity change from 0 to 2048
[   40.502360] loop0: detected capacity change from 0 to 2048
[   40.524491] loop0: detected capacity change from 0 to 2048
[   40.553383] loop0: detected capacity change from 0 to 2048
[   40.577388] loop0: detected capacity change from 0 to 2048
[   40.602613] loop0: detected capacity change from 0 to 2048
[   40.626906] loop0: detected capacity change from 0 to 2048
[   40.627634] I/O error, dev loop0, sector 0 op 0x0:(READ) flags 0x80700 phys_seg 1 prio class 2
[   40.653874] loop0: detected capacity change from 0 to 2048
[   40.677522] loop0: detected capacity change from 0 to 2048
[   40.698851] loop0: detected capacity change from 0 to 2048
[   40.732052] loop0: detected capacity change from 0 to 2048
[   40.763254] loop0: detected capacity change from 0 to 2048
[   40.789493] loop0: detected capacity change from 0 to 2048
[   40.805314] loop0: detected capacity change from 0 to 2048
[   40.831791] loop0: detected capacity change from 0 to 2048
[   40.857055] loop0: detected capacity change from 0 to 2048
[   40.857635] I/O error, dev loop0, sector 0 op 0x0:(READ) flags 0x80700 phys_seg 1 prio class 2
[   40.884298] loop0: detected capacity change from 0 to 2048
[   40.921955] loop0: detected capacity change from 0 to 2048
[   40.959863] loop0: detected capacity change from 0 to 2048
[   40.993969] loop0: detected capacity change from 0 to 2048
[   41.024475] loop0: detected capacity change from 0 to 2048
[   41.024752] I/O error, dev loop0, sector 0 op 0x0:(READ) flags 0x80700 phys_seg 1 prio class 2
[   41.056171] loop0: detected capacity change from 0 to 2048
[   41.056685] Buffer I/O error on dev loop0, logical block 0, async page read
[   41.079214] loop0: detected capacity change from 0 to 2048
[   41.109806] loop0: detected capacity change from 0 to 2048
[   41.144406] loop0: detected capacity change from 0 to 2048
[   41.173060] loop0: detected capacity change from 0 to 2048
[   41.201616] loop0: detected capacity change from 0 to 2048
[   41.225383] loop0: detected capacity change from 0 to 2048
[   41.244027] loop0: detected capacity change from 0 to 2048
[   41.277730] loop0: detected capacity change from 0 to 2048
[   41.308523] loop0: detected capacity change from 0 to 2048
[   41.332744] loop0: detected capacity change from 0 to 2048
[   41.360645] loop0: detected capacity change from 0 to 2048
[   41.393908] loop0: detected capacity change from 0 to 2048
[   41.424859] loop0: detected capacity change from 0 to 2048
[   41.458412] loop0: detected capacity change from 0 to 2048
[   41.508244] loop0: detected capacity change from 0 to 2048
[   41.541549] loop0: detected capacity change from 0 to 2048
[   41.557938] loop0: detected capacity change from 0 to 2048
[   41.585039] loop0: detected capacity change from 0 to 2048
[   41.612020] loop0: detected capacity change from 0 to 2048
[   41.636562] loop0: detected capacity change from 0 to 2048
[   41.660103] loop0: detected capacity change from 0 to 2048
[   41.682263] loop0: detected capacity change from 0 to 2048
[   41.682910] Buffer I/O error on dev loop0, logical block 0, async page read
[   41.707026] loop0: detected capacity change from 0 to 2048
[   41.732144] loop0: detected capacity change from 0 to 2048
[   41.758773] loop0: detected capacity change from 0 to 2048
[   41.776163] loop0: detected capacity change from 0 to 2048
[   41.807913] loop0: detected capacity change from 0 to 2048
[   41.832619] loop0: detected capacity change from 0 to 2048
[   41.856081] loop0: detected capacity change from 0 to 2048
[   41.878503] loop0: detected capacity change from 0 to 2048
[   41.906536] loop0: detected capacity change from 0 to 2048
[   41.945324] loop0: detected capacity change from 0 to 2048
[   41.983924] loop0: detected capacity change from 0 to 2048
[   42.013392] loop0: detected capacity change from 0 to 2048
[   42.039774] loop0: detected capacity change from 0 to 2048
[   42.059320] loop0: detected capacity change from 0 to 2048
[   42.087928] loop0: detected capacity change from 0 to 2048
[   42.088619] Buffer I/O error on dev loop0, logical block 0, async page read
[   42.116882] loop0: detected capacity change from 0 to 2048
[   42.145518] loop0: detected capacity change from 0 to 2048
[   42.167385] loop0: detected capacity change from 0 to 2048
[   42.196451] loop0: detected capacity change from 0 to 2048
[   42.224863] loop0: detected capacity change from 0 to 2048
[   42.253550] loop0: detected capacity change from 0 to 2048
[   42.280464] loop0: detected capacity change from 0 to 2048
[   42.309811] loop0: detected capacity change from 0 to 2048
[   42.332726] loop0: detected capacity change from 0 to 2048
[   42.361053] loop0: detected capacity change from 0 to 2048
[   42.394209] loop0: detected capacity change from 0 to 2048
[   42.416822] loop0: detected capacity change from 0 to 2048
[   42.443451] loop0: detected capacity change from 0 to 2048
[   42.473905] loop0: detected capacity change from 0 to 2048
[   42.474394] Buffer I/O error on dev loop0, logical block 0, async page read
[   42.506834] loop0: detected capacity change from 0 to 2048
[   42.531181] loop0: detected capacity change from 0 to 2048
[   42.558354] loop0: detected capacity change from 0 to 2048
[   42.585879] loop0: detected capacity change from 0 to 2048
[   42.610805] loop0: detected capacity change from 0 to 2048
[   42.635475] loop0: detected capacity change from 0 to 2048
[   42.656010] loop0: detected capacity change from 0 to 2048
[   42.694798] loop0: detected capacity change from 0 to 2048
[   42.717118] loop0: detected capacity change from 0 to 2048
[   42.748815] loop0: detected capacity change from 0 to 2048
[   42.778120] loop0: detected capacity change from 0 to 2048
[   42.800885] loop0: detected capacity change from 0 to 2048
[   42.836086] loop0: detected capacity change from 0 to 2048
[   42.863988] loop0: detected capacity change from 0 to 2048
[   42.886002] loop0: detected capacity change from 0 to 2048
[   42.922287] loop0: detected capacity change from 0 to 2048
[   42.953714] loop0: detected capacity change from 0 to 2048
[   42.986715] loop0: detected capacity change from 0 to 2048
[   43.016600] loop0: detected capacity change from 0 to 2048
[   43.049911] loop0: detected capacity change from 0 to 2048
[   43.066116] loop0: detected capacity change from 0 to 2048
[   43.098959] loop0: detected capacity change from 0 to 2048
[   43.118879] loop0: detected capacity change from 0 to 2048
[   43.144900] loop0: detected capacity change from 0 to 2048
[   43.171423] loop0: detected capacity change from 0 to 2048
[   43.172138] Buffer I/O error on dev loop0, logical block 0, async page read
[   43.172171] Buffer I/O error on dev loop0, logical block 0, async page read
[   43.172193] Buffer I/O error on dev loop0, logical block 0, async page read
[   43.172213] Buffer I/O error on dev loop0, logical block 0, async page read
[   43.172235] Buffer I/O error on dev loop0, logical block 0, async page read
[   43.175986] Buffer I/O error on dev loop0, logical block 0, async page read
[   43.203281] loop0: detected capacity change from 0 to 2048
[   43.231016] loop0: detected capacity change from 0 to 2048
[   43.260878] loop0: detected capacity change from 0 to 2048
[   43.261556] Buffer I/O error on dev loop0, logical block 0, async page read
[   43.296839] loop0: detected capacity change from 0 to 2048
[   43.320221] loop0: detected capacity change from 0 to 2048
[   43.340072] loop0: detected capacity change from 0 to 2048
[   43.369056] loop0: detected capacity change from 0 to 2048
[   43.397525] loop0: detected capacity change from 0 to 2048
[   43.418480] loop0: detected capacity change from 0 to 2048
[   43.451246] loop0: detected capacity change from 0 to 2048
[   43.475508] loop0: detected capacity change from 0 to 2048
[   43.502159] loop0: detected capacity change from 0 to 2048
[   43.543038] loop0: detected capacity change from 0 to 2048
[   43.584544] loop0: detected capacity change from 0 to 2048
[   43.619522] loop0: detected capacity change from 0 to 2048
[   43.645685] loop0: detected capacity change from 0 to 2048
[   43.674460] loop0: detected capacity change from 0 to 2048
[   43.700143] loop0: detected capacity change from 0 to 2048
[   43.724801] loop0: detected capacity change from 0 to 2048
[   43.757322] loop0: detected capacity change from 0 to 2048
[   43.778268] loop0: detected capacity change from 0 to 2048
[   43.805065] loop0: detected capacity change from 0 to 2048
[   43.836420] loop0: detected capacity change from 0 to 2048
[   43.858139] loop0: detected capacity change from 0 to 2048
[   43.884866] loop0: detected capacity change from 0 to 2048
[   43.918389] loop0: detected capacity change from 0 to 2048
[   43.962691] loop0: detected capacity change from 0 to 2048
[   43.998994] loop0: detected capacity change from 0 to 2048
[   44.019037] loop0: detected capacity change from 0 to 2048
[   44.048372] loop0: detected capacity change from 0 to 2048
[   44.073755] loop0: detected capacity change from 0 to 2048
[   44.104432] loop0: detected capacity change from 0 to 2048
[   44.126331] loop0: detected capacity change from 0 to 2048
[   44.158527] loop0: detected capacity change from 0 to 2048
[   44.186412] loop0: detected capacity change from 0 to 2048
[   44.210401] loop0: detected capacity change from 0 to 2048
[   44.240289] loop0: detected capacity change from 0 to 2048
[   44.256462] loop0: detected capacity change from 0 to 2048
[   44.278812] loop0: detected capacity change from 0 to 2048
[   44.305666] loop0: detected capacity change from 0 to 2048
[   44.329502] loop0: detected capacity change from 0 to 2048
[   44.355945] loop0: detected capacity change from 0 to 2048
[   44.381601] loop0: detected capacity change from 0 to 2048
[   44.407069] loop0: detected capacity change from 0 to 2048
[   44.407614] blk_print_req_error: 17 callbacks suppressed
[   44.407624] I/O error, dev loop0, sector 0 op 0x0:(READ) flags 0x80700 phys_seg 1 prio class 2
[   44.443667] loop0: detected capacity change from 0 to 2048
[   44.469177] loop0: detected capacity change from 0 to 2048
[   44.493985] loop0: detected capacity change from 0 to 2048
[   44.514284] loop0: detected capacity change from 0 to 2048
[   44.544374] loop0: detected capacity change from 0 to 2048
[   44.566018] loop0: detected capacity change from 0 to 2048
[   44.596842] loop0: detected capacity change from 0 to 2048
[   44.618516] loop0: detected capacity change from 0 to 2048
[   44.660669] loop0: detected capacity change from 0 to 2048
[   44.694615] loop0: detected capacity change from 0 to 2048
[   44.725719] loop0: detected capacity change from 0 to 2048
[   44.748497] loop0: detected capacity change from 0 to 2048
[   44.772029] loop0: detected capacity change from 0 to 2048
[   44.806678] loop0: detected capacity change from 0 to 2048
[   44.826109] loop0: detected capacity change from 0 to 2048
[   44.860960] loop0: detected capacity change from 0 to 2048
[   44.890762] loop0: detected capacity change from 0 to 2048
[   44.922340] loop0: detected capacity change from 0 to 2048
[   44.960081] loop0: detected capacity change from 0 to 2048
[   44.997464] loop0: detected capacity change from 0 to 2048
[   45.022262] loop0: detected capacity change from 0 to 2048
[   45.058579] loop0: detected capacity change from 0 to 2048
[   45.084862] loop0: detected capacity change from 0 to 2048
[   45.114213] loop0: detected capacity change from 0 to 2048
[   45.138874] loop0: detected capacity change from 0 to 2048
[   45.165885] loop0: detected capacity change from 0 to 2048
[   45.184728] loop0: detected capacity change from 0 to 2048
[   45.213854] loop0: detected capacity change from 0 to 2048
[   45.241675] loop0: detected capacity change from 0 to 2048
[   45.259755] loop0: detected capacity change from 0 to 2048
[   45.286505] loop0: detected capacity change from 0 to 2048
[   45.313055] loop0: detected capacity change from 0 to 2048
[   45.342283] loop0: detected capacity change from 0 to 2048
[   45.366069] loop0: detected capacity change from 0 to 2048
[   45.401196] loop0: detected capacity change from 0 to 2048
[   45.423149] loop0: detected capacity change from 0 to 2048
[   45.454151] loop0: detected capacity change from 0 to 2048
[   45.478314] loop0: detected capacity change from 0 to 2048
[   45.506826] loop0: detected capacity change from 0 to 2048
[   45.536130] loop0: detected capacity change from 0 to 2048
[   45.536797] I/O error, dev loop0, sector 0 op 0x0:(READ) flags 0x80700 phys_seg 1 prio class 2
[   45.568344] loop0: detected capacity change from 0 to 2048
[   45.599844] loop0: detected capacity change from 0 to 2048
[   45.600106] I/O error, dev loop0, sector 0 op 0x0:(READ) flags 0x80700 phys_seg 1 prio class 2
[   45.621532] loop0: detected capacity change from 0 to 2048
[   45.653419] loop0: detected capacity change from 0 to 2048
[   45.675524] loop0: detected capacity change from 0 to 2048
[   45.700427] loop0: detected capacity change from 0 to 2048
[   45.725927] loop0: detected capacity change from 0 to 2048
[   45.726425] I/O error, dev loop0, sector 0 op 0x0:(READ) flags 0x80700 phys_seg 1 prio class 2
[   45.756254] loop0: detected capacity change from 0 to 2048
[   45.786757] loop0: detected capacity change from 0 to 2048
[   45.813702] loop0: detected capacity change from 0 to 2048
[   45.814268] I/O error, dev loop0, sector 0 op 0x0:(READ) flags 0x80700 phys_seg 1 prio class 2
[   45.844366] loop0: detected capacity change from 0 to 2048
[   45.866878] loop0: detected capacity change from 0 to 2048
[   45.898266] loop0: detected capacity change from 0 to 2048
[   45.933613] loop0: detected capacity change from 0 to 2048
[   45.968258] loop0: detected capacity change from 0 to 2048
[   45.995205] loop0: detected capacity change from 0 to 2048
[   46.022229] loop0: detected capacity change from 0 to 2048
[   46.046134] loop0: detected capacity change from 0 to 2048
[   46.080740] loop0: detected capacity change from 0 to 2048
[   46.110855] loop0: detected capacity change from 0 to 2048
[   46.133276] loop0: detected capacity change from 0 to 2048
[   46.161020] loop0: detected capacity change from 0 to 2048
[   46.195126] loop0: detected capacity change from 0 to 2048
[   46.218270] loop0: detected capacity change from 0 to 2048
[   46.245971] loop0: detected capacity change from 0 to 2048
[   46.272664] loop0: detected capacity change from 0 to 2048
[   46.273273] I/O error, dev loop0, sector 0 op 0x0:(READ) flags 0x80700 phys_seg 1 prio class 2
[   46.306712] loop0: detected capacity change from 0 to 2048
[   46.307332] I/O error, dev loop0, sector 0 op 0x0:(READ) flags 0x80700 phys_seg 1 prio class 2
[   46.339553] loop0: detected capacity change from 0 to 2048
[   46.373227] loop0: detected capacity change from 0 to 2048
[   46.402017] loop0: detected capacity change from 0 to 2048
[   46.433242] loop0: detected capacity change from 0 to 2048
[   46.464504] loop0: detected capacity change from 0 to 2048
[   46.486690] loop0: detected capacity change from 0 to 2048
[   46.520626] loop0: detected capacity change from 0 to 2048
[   46.544640] loop0: detected capacity change from 0 to 2048
[   46.575302] loop0: detected capacity change from 0 to 2048
[   46.598540] loop0: detected capacity change from 0 to 2048
[   46.625782] loop0: detected capacity change from 0 to 2048
[   46.626441] I/O error, dev loop0, sector 0 op 0x0:(READ) flags 0x80700 phys_seg 1 prio class 2
[   46.661061] loop0: detected capacity change from 0 to 2048
[   46.685908] loop0: detected capacity change from 0 to 2048
[   46.686462] I/O error, dev loop0, sector 0 op 0x0:(READ) flags 0x80700 phys_seg 1 prio class 2
[   46.718786] loop0: detected capacity change from 0 to 2048
[   46.746537] loop0: detected capacity change from 0 to 2048
[   46.768360] loop0: detected capacity change from 0 to 2048
[   46.804093] loop0: detected capacity change from 0 to 2048
[   46.826236] loop0: detected capacity change from 0 to 2048
[   46.856449] loop0: detected capacity change from 0 to 2048
[   46.857030] I/O error, dev loop0, sector 0 op 0x0:(READ) flags 0x80700 phys_seg 1 prio class 2
[   46.888096] loop0: detected capacity change from 0 to 2048
[   46.920754] loop0: detected capacity change from 0 to 2048
[   46.948798] loop0: detected capacity change from 0 to 2048
[   46.993061] loop0: detected capacity change from 0 to 2048
[   47.023947] loop0: detected capacity change from 0 to 2048
[   47.050191] loop0: detected capacity change from 0 to 2048
[   47.078060] loop0: detected capacity change from 0 to 2048
[   47.106937] loop0: detected capacity change from 0 to 2048
[   47.137532] loop0: detected capacity change from 0 to 2048
[   47.165709] loop0: detected capacity change from 0 to 2048
[   47.192929] loop0: detected capacity change from 0 to 2048
[   47.218770] loop0: detected capacity change from 0 to 2048
[   47.245045] loop0: detected capacity change from 0 to 2048
[   47.245426] Buffer I/O error on dev loop0, logical block 0, async page read
[   47.277700] loop0: detected capacity change from 0 to 2048
[   47.278072] Buffer I/O error on dev loop0, logical block 0, async page read
[   47.306366] loop0: detected capacity change from 0 to 2048
[   47.332760] loop0: detected capacity change from 0 to 2048
[   47.368299] loop0: detected capacity change from 0 to 2048
[   47.396111] loop0: detected capacity change from 0 to 2048
[   47.427811] loop0: detected capacity change from 0 to 2048
[   47.448724] loop0: detected capacity change from 0 to 2048
[   47.472905] loop0: detected capacity change from 0 to 2048
[   47.499199] loop0: detected capacity change from 0 to 2048
[   47.524761] loop0: detected capacity change from 0 to 2048
[   47.552761] loop0: detected capacity change from 0 to 2048
[   47.575344] loop0: detected capacity change from 0 to 2048
[   47.598006] loop0: detected capacity change from 0 to 2048
[   47.629594] loop0: detected capacity change from 0 to 2048
[   47.655799] loop0: detected capacity change from 0 to 2048
[   47.687644] loop0: detected capacity change from 0 to 2048
[   47.719881] loop0: detected capacity change from 0 to 2048
[   47.744458] loop0: detected capacity change from 0 to 2048
[   47.771005] loop0: detected capacity change from 0 to 2048
[   47.797976] loop0: detected capacity change from 0 to 2048
[   47.833425] loop0: detected capacity change from 0 to 2048
[   47.860978] loop0: detected capacity change from 0 to 2048
[   47.885199] loop0: detected capacity change from 0 to 2048
[   47.915420] loop0: detected capacity change from 0 to 2048
[   47.952441] loop0: detected capacity change from 0 to 2048
[   47.990729] loop0: detected capacity change from 0 to 2048
[   48.020421] loop0: detected capacity change from 0 to 2048
[   48.050570] loop0: detected capacity change from 0 to 2048
[   48.081466] loop0: detected capacity change from 0 to 2048
[   48.109486] loop0: detected capacity change from 0 to 2048
[   48.143711] loop0: detected capacity change from 0 to 2048
[   48.169580] loop0: detected capacity change from 0 to 2048
[   48.193257] loop0: detected capacity change from 0 to 2048
[   48.213290] loop0: detected capacity change from 0 to 2048
[   48.233728] loop0: detected capacity change from 0 to 2048
[   48.250217] loop0: detected capacity change from 0 to 2048
[   48.280521] loop0: detected capacity change from 0 to 2048
[   48.313202] loop0: detected capacity change from 0 to 2048
[   48.340883] loop0: detected capacity change from 0 to 2048
[   48.361310] loop0: detected capacity change from 0 to 2048
[   48.394741] loop0: detected capacity change from 0 to 2048
[   48.425482] loop0: detected capacity change from 0 to 2048
[   48.449334] loop0: detected capacity change from 0 to 2048
[   48.473233] loop0: detected capacity change from 0 to 2048
[   48.498954] loop0: detected capacity change from 0 to 2048
[   48.518231] loop0: detected capacity change from 0 to 2048
[   48.551582] loop0: detected capacity change from 0 to 2048
[   48.572191] loop0: detected capacity change from 0 to 2048
[   48.596531] loop0: detected capacity change from 0 to 2048
[   48.629014] loop0: detected capacity change from 0 to 2048
[   48.646907] loop0: detected capacity change from 0 to 2048
[   48.674428] loop0: detected capacity change from 0 to 2048
[   48.699427] loop0: detected capacity change from 0 to 2048
[   48.728376] loop0: detected capacity change from 0 to 2048
[   48.756692] loop0: detected capacity change from 0 to 2048
[   48.785166] loop0: detected capacity change from 0 to 2048
[   48.808038] loop0: detected capacity change from 0 to 2048
[   48.836349] loop0: detected capacity change from 0 to 2048
[   48.858215] loop0: detected capacity change from 0 to 2048
[   48.879385] loop0: detected capacity change from 0 to 2048
[   48.879681] Buffer I/O error on dev loop0, logical block 0, async page read
[   48.912581] loop0: detected capacity change from 0 to 2048
[   48.943305] loop0: detected capacity change from 0 to 2048
[   48.980007] loop0: detected capacity change from 0 to 2048
[   48.980501] Buffer I/O error on dev loop0, logical block 0, async page read
[   49.007497] loop0: detected capacity change from 0 to 2048
[   49.040522] loop0: detected capacity change from 0 to 2048
[   49.069295] loop0: detected capacity change from 0 to 2048
[   49.089880] loop0: detected capacity change from 0 to 2048
[   49.117113] loop0: detected capacity change from 0 to 2048
[   49.142836] loop0: detected capacity change from 0 to 2048
[   49.165234] loop0: detected capacity change from 0 to 2048
[   49.184783] loop0: detected capacity change from 0 to 2048
[   49.213734] loop0: detected capacity change from 0 to 2048
[   49.230392] loop0: detected capacity change from 0 to 2048
[   49.257026] loop0: detected capacity change from 0 to 2048
[   49.277095] loop0: detected capacity change from 0 to 2048
[   49.303084] loop0: detected capacity change from 0 to 2048
[   49.325616] loop0: detected capacity change from 0 to 2048
[   49.342891] loop0: detected capacity change from 0 to 2048
[   49.370191] loop0: detected capacity change from 0 to 2048
[   49.398589] loop0: detected capacity change from 0 to 2048
[   49.425211] loop0: detected capacity change from 0 to 2048
[   49.441545] loop0: detected capacity change from 0 to 2048
[   49.464821] loop0: detected capacity change from 0 to 2048
[   49.494061] loop0: detected capacity change from 0 to 2048
[   49.522511] loop0: detected capacity change from 0 to 2048
[   49.561511] loop0: detected capacity change from 0 to 2048
[   49.586929] loop0: detected capacity change from 0 to 2048
[   49.614501] loop0: detected capacity change from 0 to 2048
[   49.644189] loop0: detected capacity change from 0 to 2048
[   49.670691] loop0: detected capacity change from 0 to 2048
[   49.705429] loop0: detected capacity change from 0 to 2048
[   49.739064] loop0: detected capacity change from 0 to 2048
[   49.739808] blk_print_req_error: 9 callbacks suppressed
[   49.739820] I/O error, dev loop0, sector 0 op 0x0:(READ) flags 0x80700 phys_seg 1 prio class 2
[   49.771944] loop0: detected capacity change from 0 to 2048
[   49.790908] loop0: detected capacity change from 0 to 2048
[   49.824165] loop0: detected capacity change from 0 to 2048
[   49.853379] loop0: detected capacity change from 0 to 2048
[   49.886634] loop0: detected capacity change from 0 to 2048
[   49.911960] loop0: detected capacity change from 0 to 2048
[   49.951765] loop0: detected capacity change from 0 to 2048
[   49.978266] loop0: detected capacity change from 0 to 2048
[   50.014787] loop0: detected capacity change from 0 to 2048
[   50.015354] I/O error, dev loop0, sector 0 op 0x0:(READ) flags 0x80700 phys_seg 1 prio class 2
[   50.042235] loop0: detected capacity change from 0 to 2048
[   50.078980] loop0: detected capacity change from 0 to 2048
[   50.105744] loop0: detected capacity change from 0 to 2048
[   50.133834] loop0: detected capacity change from 0 to 2048
[   50.164426] loop0: detected capacity change from 0 to 2048
[   50.189293] loop0: detected capacity change from 0 to 2048
[   50.206606] loop0: detected capacity change from 0 to 2048
[   50.236694] loop0: detected capacity change from 0 to 2048
[   50.269696] loop0: detected capacity change from 0 to 2048
[   50.288634] loop0: detected capacity change from 0 to 2048
[   50.316255] loop0: detected capacity change from 0 to 2048
[   50.351022] loop0: detected capacity change from 0 to 2048
[   50.373517] loop0: detected capacity change from 0 to 2048
[   50.400523] loop0: detected capacity change from 0 to 2048
[   50.429976] loop0: detected capacity change from 0 to 2048
[   50.452619] loop0: detected capacity change from 0 to 2048
[   50.483264] loop0: detected capacity change from 0 to 2048
[   50.508829] loop0: detected capacity change from 0 to 2048
[   50.539487] loop0: detected capacity change from 0 to 2048
[   50.565995] loop0: detected capacity change from 0 to 2048
[   50.593936] loop0: detected capacity change from 0 to 2048
[   50.616965] loop0: detected capacity change from 0 to 2048
[   50.637982] loop0: detected capacity change from 0 to 2048
[   50.661121] loop0: detected capacity change from 0 to 2048
[   50.680515] loop0: detected capacity change from 0 to 2048
[   50.706073] loop0: detected capacity change from 0 to 2048
[   50.737411] loop0: detected capacity change from 0 to 2048
[   50.766551] loop0: detected capacity change from 0 to 2048
[   50.803052] loop0: detected capacity change from 0 to 2048
[   50.825965] loop0: detected capacity change from 0 to 2048
[   50.851754] loop0: detected capacity change from 0 to 2048
[   50.880478] loop0: detected capacity change from 0 to 2048
[   50.910080] loop0: detected capacity change from 0 to 2048
[   50.948405] loop0: detected capacity change from 0 to 2048
[   50.977543] loop0: detected capacity change from 0 to 2048
[   51.007214] loop0: detected capacity change from 0 to 2048
[   51.040290] loop0: detected capacity change from 0 to 2048
[   51.070827] loop0: detected capacity change from 0 to 2048
[   51.071472] I/O error, dev loop0, sector 0 op 0x0:(READ) flags 0x80700 phys_seg 1 prio class 2
[   51.102694] loop0: detected capacity change from 0 to 2048
[   51.103258] I/O error, dev loop0, sector 0 op 0x0:(READ) flags 0x80700 phys_seg 1 prio class 2
[   51.135036] loop0: detected capacity change from 0 to 2048
[   51.162492] loop0: detected capacity change from 0 to 2048
[   51.182677] loop0: detected capacity change from 0 to 2048
[   51.208242] loop0: detected capacity change from 0 to 2048
[   51.224732] loop0: detected capacity change from 0 to 2048
[   51.253769] loop0: detected capacity change from 0 to 2048
[   51.281509] loop0: detected capacity change from 0 to 2048
[   51.309023] loop0: detected capacity change from 0 to 2048
[   51.337503] loop0: detected capacity change from 0 to 2048
[   51.373291] loop0: detected capacity change from 0 to 2048
[   51.389793] loop0: detected capacity change from 0 to 2048
[   51.421757] loop0: detected capacity change from 0 to 2048
[   51.455013] loop0: detected capacity change from 0 to 2048
[   51.483293] loop0: detected capacity change from 0 to 2048
[   51.514893] loop0: detected capacity change from 0 to 2048
[   51.547443] loop0: detected capacity change from 0 to 2048
[   51.573854] loop0: detected capacity change from 0 to 2048
[   51.610091] loop0: detected capacity change from 0 to 2048
[   51.610520] I/O error, dev loop0, sector 0 op 0x0:(READ) flags 0x80700 phys_seg 1 prio class 2
[   51.640866] loop0: detected capacity change from 0 to 2048
[   51.672985] loop0: detected capacity change from 0 to 2048
[   51.693546] loop0: detected capacity change from 0 to 2048
[   51.713111] loop0: detected capacity change from 0 to 2048
[   51.734805] loop0: detected capacity change from 0 to 2048
[   51.770384] loop0: detected capacity change from 0 to 2048
[   51.802218] loop0: detected capacity change from 0 to 2048
[   51.802870] I/O error, dev loop0, sector 0 op 0x0:(READ) flags 0x80700 phys_seg 1 prio class 2
[   51.829896] loop0: detected capacity change from 0 to 2048
[   51.858726] loop0: detected capacity change from 0 to 2048
[   51.884045] loop0: detected capacity change from 0 to 2048
[   51.909535] loop0: detected capacity change from 0 to 2048
[   51.946209] loop0: detected capacity change from 0 to 2048
[   51.989825] loop0: detected capacity change from 0 to 2048
[   52.010950] loop0: detected capacity change from 0 to 2048
[   52.046572] loop0: detected capacity change from 0 to 2048
[   52.074607] loop0: detected capacity change from 0 to 2048
[   52.095426] loop0: detected capacity change from 0 to 2048
[   52.125210] loop0: detected capacity change from 0 to 2048
[   52.150156] loop0: detected capacity change from 0 to 2048
[   52.184325] loop0: detected capacity change from 0 to 2048
[   52.207388] loop0: detected capacity change from 0 to 2048
[   52.239747] loop0: detected capacity change from 0 to 2048
[   52.269719] loop0: detected capacity change from 0 to 2048
[   52.270132] I/O error, dev loop0, sector 0 op 0x0:(READ) flags 0x80700 phys_seg 1 prio class 2
[   52.294801] loop0: detected capacity change from 0 to 2048
[   52.323815] loop0: detected capacity change from 0 to 2048
[   52.351653] loop0: detected capacity change from 0 to 2048
[   52.372908] loop0: detected capacity change from 0 to 2048
[   52.401021] loop0: detected capacity change from 0 to 2048
[   52.425141] loop0: detected capacity change from 0 to 2048
[   52.452696] loop0: detected capacity change from 0 to 2048
[   52.472588] loop0: detected capacity change from 0 to 2048
[   52.496804] loop0: detected capacity change from 0 to 2048
[   52.519346] loop0: detected capacity change from 0 to 2048
[   52.542437] loop0: detected capacity change from 0 to 2048
[   52.571868] loop0: detected capacity change from 0 to 2048
[   52.597770] loop0: detected capacity change from 0 to 2048
[   52.598104] I/O error, dev loop0, sector 0 op 0x0:(READ) flags 0x80700 phys_seg 1 prio class 2
[   52.630343] loop0: detected capacity change from 0 to 2048
[   52.656889] loop0: detected capacity change from 0 to 2048
[   52.679735] loop0: detected capacity change from 0 to 2048
[   52.706167] loop0: detected capacity change from 0 to 2048
[   52.728181] loop0: detected capacity change from 0 to 2048
[   52.754959] loop0: detected capacity change from 0 to 2048
[   52.779078] loop0: detected capacity change from 0 to 2048
[   52.811017] loop0: detected capacity change from 0 to 2048
[   52.843172] loop0: detected capacity change from 0 to 2048
[   52.864193] loop0: detected capacity change from 0 to 2048
[   52.897036] loop0: detected capacity change from 0 to 2048
[   52.927010] loop0: detected capacity change from 0 to 2048
[   52.967083] loop0: detected capacity change from 0 to 2048
[   53.002758] loop0: detected capacity change from 0 to 2048
[   53.026777] loop0: detected capacity change from 0 to 2048
[   53.053960] loop0: detected capacity change from 0 to 2048
[   53.082381] loop0: detected capacity change from 0 to 2048
[   53.110352] loop0: detected capacity change from 0 to 2048
[   53.131864] loop0: detected capacity change from 0 to 2048
[   53.162772] loop0: detected capacity change from 0 to 2048
[   53.188418] loop0: detected capacity change from 0 to 2048
[   53.217191] loop0: detected capacity change from 0 to 2048
[   53.243281] loop0: detected capacity change from 0 to 2048
[   53.270970] loop0: detected capacity change from 0 to 2048
[   53.290756] loop0: detected capacity change from 0 to 2048
[   53.321296] loop0: detected capacity change from 0 to 2048
[   53.346574] loop0: detected capacity change from 0 to 2048
[   53.375857] loop0: detected capacity change from 0 to 2048
[   53.397750] loop0: detected capacity change from 0 to 2048
[   53.426670] loop0: detected capacity change from 0 to 2048
[   53.446745] loop0: detected capacity change from 0 to 2048
[   53.478423] loop0: detected capacity change from 0 to 2048
[   53.507813] loop0: detected capacity change from 0 to 2048
[   53.527760] loop0: detected capacity change from 0 to 2048
[   53.552478] loop0: detected capacity change from 0 to 2048
[   53.578961] loop0: detected capacity change from 0 to 2048
[   53.611169] loop0: detected capacity change from 0 to 2048
[   53.636966] loop0: detected capacity change from 0 to 2048
[   53.663653] loop0: detected capacity change from 0 to 2048
[   53.689836] loop0: detected capacity change from 0 to 2048
[   53.713424] loop0: detected capacity change from 0 to 2048
[   53.729800] loop0: detected capacity change from 0 to 2048
[   53.747737] loop0: detected capacity change from 0 to 2048
[   53.783632] loop0: detected capacity change from 0 to 2048
[   53.810630] loop0: detected capacity change from 0 to 2048
[   53.843515] loop0: detected capacity change from 0 to 2048
[   53.867593] loop0: detected capacity change from 0 to 2048
[   53.868195] I/O error, dev loop0, sector 0 op 0x0:(READ) flags 0x80700 phys_seg 1 prio class 2
[   53.898233] loop0: detected capacity change from 0 to 2048
[   53.924660] loop0: detected capacity change from 0 to 2048
[   53.962882] loop0: detected capacity change from 0 to 2048
[   53.997654] loop0: detected capacity change from 0 to 2048
[   54.017253] loop0: detected capacity change from 0 to 2048
[   54.049728] loop0: detected capacity change from 0 to 2048
[   54.084586] loop0: detected capacity change from 0 to 2048
[   54.105468] loop0: detected capacity change from 0 to 2048
[   54.139990] loop0: detected capacity change from 0 to 2048
[   54.166517] loop0: detected capacity change from 0 to 2048
[   54.191963] loop0: detected capacity change from 0 to 2048
[   54.221945] loop0: detected capacity change from 0 to 2048
[   54.222562] I/O error, dev loop0, sector 0 op 0x0:(READ) flags 0x80700 phys_seg 1 prio class 2
[   54.249604] loop0: detected capacity change from 0 to 2048
[   54.272715] loop0: detected capacity change from 0 to 2048
[   54.291928] loop0: detected capacity change from 0 to 2048
[   54.321598] loop0: detected capacity change from 0 to 2048
[   54.341214] loop0: detected capacity change from 0 to 2048
[   54.373058] loop0: detected capacity change from 0 to 2048
[   54.373596] Buffer I/O error on dev loop0, logical block 0, async page read
[   54.398898] loop0: detected capacity change from 0 to 2048
[   54.426471] loop0: detected capacity change from 0 to 2048
[   54.448179] loop0: detected capacity change from 0 to 2048
[   54.465759] loop0: detected capacity change from 0 to 2048
[   54.492324] loop0: detected capacity change from 0 to 2048
[   54.517719] loop0: detected capacity change from 0 to 2048
[   54.544340] loop0: detected capacity change from 0 to 2048
[   54.568694] loop0: detected capacity change from 0 to 2048
[   54.585083] loop0: detected capacity change from 0 to 2048
[   54.613431] loop0: detected capacity change from 0 to 2048
[   54.635780] loop0: detected capacity change from 0 to 2048
[   54.656733] loop0: detected capacity change from 0 to 2048
[   54.681944] loop0: detected capacity change from 0 to 2048
[   54.702788] loop0: detected capacity change from 0 to 2048
[   54.725916] loop0: detected capacity change from 0 to 2048
[   54.751794] loop0: detected capacity change from 0 to 2048
[   54.786312] loop0: detected capacity change from 0 to 2048
[   54.816808] loop0: detected capacity change from 0 to 2048
[   54.841550] loop0: detected capacity change from 0 to 2048
[   54.842201] blk_print_req_error: 2 callbacks suppressed
[   54.842212] I/O error, dev loop0, sector 0 op 0x0:(READ) flags 0x80700 phys_seg 1 prio class 2
[   54.870063] loop0: detected capacity change from 0 to 2048
[   54.909326] loop0: detected capacity change from 0 to 2048
[   54.951315] loop0: detected capacity change from 0 to 2048
[   54.952115] I/O error, dev loop0, sector 0 op 0x0:(READ) flags 0x80700 phys_seg 1 prio class 2
[   54.989145] loop0: detected capacity change from 0 to 2048
[   55.012689] loop0: detected capacity change from 0 to 2048
[   55.038415] loop0: detected capacity change from 0 to 2048
[   55.058647] loop0: detected capacity change from 0 to 2048
[   55.088706] loop0: detected capacity change from 0 to 2048
[   55.107135] loop0: detected capacity change from 0 to 2048
[   55.134002] loop0: detected capacity change from 0 to 2048
[   55.165277] loop0: detected capacity change from 0 to 2048
[   55.194741] loop0: detected capacity change from 0 to 2048
[   55.222208] loop0: detected capacity change from 0 to 2048
