c[?7l[2J[0mSeaBIOS (version rel-1.16.0-0-gd239552ce722-prebuilt.qemu.org)


iPXE (http://ipxe.org) 00:03.0 CA00 PCI2.10 PnP PMM+7FF91000+7FEF1000 CA00
Press Ctrl-B to configure iPXE (PCI 00:03.0)...                                                                               


Booting from ROM...
c[?7l[2J[    0.000000] Linux version 6.3.0-7d385e57cfac+ (root@p-rpls01) (gcc (GCC) 8.5.0 20210514 (Red Hat 8.5.0-19), GNU ld version 2.36.1-2.el8) #1 SMP PREEMPT_DYNAMIC Wed Jun 21 11:50:29 CST 2023
[    0.000000] Command line: console=ttyS0 root=/dev/sda earlyprintk=serial net.ifnames=0 quiet plymouth.enable=0
[    0.000000] KERNEL supported cpus:
[    0.000000]   Intel GenuineIntel
[    0.000000]   AMD AuthenticAMD
[    0.000000]   Hygon HygonGenuine
[    0.000000]   Centaur CentaurHauls
[    0.000000]   zhaoxin   Shanghai  
[    0.000000] x86/fpu: Supporting XSAVE feature 0x001: 'x87 floating point registers'
[    0.000000] x86/fpu: Supporting XSAVE feature 0x002: 'SSE registers'
[    0.000000] x86/fpu: Supporting XSAVE feature 0x004: 'AVX registers'
[    0.000000] x86/fpu: Supporting XSAVE feature 0x200: 'Protection Keys User registers'
[    0.000000] x86/fpu: xstate_offset[2]:  576, xstate_sizes[2]:  256
[    0.000000] x86/fpu: xstate_offset[9]:  832, xstate_sizes[9]:    8
[    0.000000] x86/fpu: Enabled xstate features 0x207, context size is 840 bytes, using 'compacted' format.
[    0.000000] signal: max sigframe size: 3632
[    0.000000] BIOS-provided physical RAM map:
[    0.000000] BIOS-e820: [mem 0x0000000000000000-0x000000000009fbff] usable
[    0.000000] BIOS-e820: [mem 0x000000000009fc00-0x000000000009ffff] reserved
[    0.000000] BIOS-e820: [mem 0x00000000000f0000-0x00000000000fffff] reserved
[    0.000000] BIOS-e820: [mem 0x0000000000100000-0x000000007ffdffff] usable
[    0.000000] BIOS-e820: [mem 0x000000007ffe0000-0x000000007fffffff] reserved
[    0.000000] BIOS-e820: [mem 0x00000000feffc000-0x00000000feffffff] reserved
[    0.000000] BIOS-e820: [mem 0x00000000fffc0000-0x00000000ffffffff] reserved
[    0.000000] printk: bootconsole [earlyser0] enabled
[    0.193919] Spectre V2 : WARNING: Unprivileged eBPF is enabled with eIBRS on, data leaks possible via Spectre v2 BHB attacks!
[    6.778527] systemd[1]: Failed to start Load Kernel Modules.
[[0;1;31mFAILED[0m] Failed to start [0;1;39mLoad Kernel Modules[0m.

CentOS Stream 9
Kernel 6.3.0-7d385e57cfac+ on an x86_64

Activate the web console with: systemctl enable --now cockpit.socket

test login: [   24.838293] loop0: detected capacity change from 0 to 2048
[   24.847340] EXT4-fs (loop0): mounted filesystem 00000000-0000-0000-0000-000000000000 without journal. Quota mode: none.
[   24.872053] EXT4-fs (loop0): unmounting filesystem 00000000-0000-0000-0000-000000000000.
[   24.895162] loop0: detected capacity change from 0 to 2048
[   24.901481] EXT4-fs (loop0): mounted filesystem 00000000-0000-0000-0000-000000000000 without journal. Quota mode: none.
[   24.924851] EXT4-fs (loop0): unmounting filesystem 00000000-0000-0000-0000-000000000000.
[   24.947845] loop0: detected capacity change from 0 to 2048
[   24.961585] EXT4-fs (loop0): mounted filesystem 00000000-0000-0000-0000-000000000000 without journal. Quota mode: none.
[   24.989869] EXT4-fs (loop0): unmounting filesystem 00000000-0000-0000-0000-000000000000.
[   25.014417] loop0: detected capacity change from 0 to 2048
[   25.015782] I/O error, dev loop0, sector 0 op 0x0:(READ) flags 0x80700 phys_seg 1 prio class 2
[   25.029199] EXT4-fs (loop0): mounted filesystem 00000000-0000-0000-0000-000000000000 without journal. Quota mode: none.
[   25.037670] EXT4-fs (loop0): unmounting filesystem 00000000-0000-0000-0000-000000000000.
[   25.058007] loop0: detected capacity change from 0 to 2048
[   25.067057] EXT4-fs (loop0): mounted filesystem 00000000-0000-0000-0000-000000000000 without journal. Quota mode: none.
[   25.089306] EXT4-fs (loop0): unmounting filesystem 00000000-0000-0000-0000-000000000000.
[   25.108950] loop0: detected capacity change from 0 to 2048
[   25.119046] EXT4-fs (loop0): mounted filesystem 00000000-0000-0000-0000-000000000000 without journal. Quota mode: none.
[   25.129075] EXT4-fs (loop0): unmounting filesystem 00000000-0000-0000-0000-000000000000.
[   25.146095] loop0: detected capacity change from 0 to 2048
[   25.160012] EXT4-fs (loop0): mounted filesystem 00000000-0000-0000-0000-000000000000 without journal. Quota mode: none.
[   25.171296] EXT4-fs (loop0): unmounting filesystem 00000000-0000-0000-0000-000000000000.
[   25.196692] loop0: detected capacity change from 0 to 2048
[   25.205369] EXT4-fs (loop0): mounted filesystem 00000000-0000-0000-0000-000000000000 without journal. Quota mode: none.
[   25.212882] EXT4-fs (loop0): unmounting filesystem 00000000-0000-0000-0000-000000000000.
[   25.241919] loop0: detected capacity change from 0 to 2048
[   25.262125] EXT4-fs (loop0): mounted filesystem 00000000-0000-0000-0000-000000000000 without journal. Quota mode: none.
[   25.288361] EXT4-fs (loop0): unmounting filesystem 00000000-0000-0000-0000-000000000000.
[   25.309737] loop0: detected capacity change from 0 to 2048
[   25.317799] EXT4-fs (loop0): mounted filesystem 00000000-0000-0000-0000-000000000000 without journal. Quota mode: none.
[   25.325682] EXT4-fs (loop0): unmounting filesystem 00000000-0000-0000-0000-000000000000.
[   25.349470] loop0: detected capacity change from 0 to 2048
[   25.361443] EXT4-fs (loop0): mounted filesystem 00000000-0000-0000-0000-000000000000 without journal. Quota mode: none.
[   25.370062] EXT4-fs (loop0): unmounting filesystem 00000000-0000-0000-0000-000000000000.
[   25.388640] loop0: detected capacity change from 0 to 2048
[   25.398189] EXT4-fs (loop0): mounted filesystem 00000000-0000-0000-0000-000000000000 without journal. Quota mode: none.
[   25.409638] EXT4-fs (loop0): unmounting filesystem 00000000-0000-0000-0000-000000000000.
[   25.431285] loop0: detected capacity change from 0 to 2048
[   25.438160] EXT4-fs (loop0): mounted filesystem 00000000-0000-0000-0000-000000000000 without journal. Quota mode: none.
[   25.451712] EXT4-fs (loop0): unmounting filesystem 00000000-0000-0000-0000-000000000000.
[   25.477109] loop0: detected capacity change from 0 to 2048
[   25.485722] EXT4-fs (loop0): mounted filesystem 00000000-0000-0000-0000-000000000000 without journal. Quota mode: none.
[   25.496847] EXT4-fs (loop0): unmounting filesystem 00000000-0000-0000-0000-000000000000.
[   25.519961] loop0: detected capacity change from 0 to 2048
[   25.529601] EXT4-fs (loop0): mounted filesystem 00000000-0000-0000-0000-000000000000 without journal. Quota mode: none.
[   25.541249] EXT4-fs (loop0): unmounting filesystem 00000000-0000-0000-0000-000000000000.
[   25.564643] loop0: detected capacity change from 0 to 2048
[   25.576830] EXT4-fs (loop0): mounted filesystem 00000000-0000-0000-0000-000000000000 without journal. Quota mode: none.
[   25.588116] EXT4-fs (loop0): unmounting filesystem 00000000-0000-0000-0000-000000000000.
[   25.608902] loop0: detected capacity change from 0 to 2048
[   25.612946] EXT4-fs (loop0): mounted filesystem 00000000-0000-0000-0000-000000000000 without journal. Quota mode: none.
[   25.620884] EXT4-fs (loop0): unmounting filesystem 00000000-0000-0000-0000-000000000000.
[   25.637670] loop0: detected capacity change from 0 to 2048
[   25.645230] EXT4-fs (loop0): mounted filesystem 00000000-0000-0000-0000-000000000000 without journal. Quota mode: none.
[   25.657847] EXT4-fs (loop0): unmounting filesystem 00000000-0000-0000-0000-000000000000.
[   25.674258] loop0: detected capacity change from 0 to 2048
[   25.681841] EXT4-fs (loop0): mounted filesystem 00000000-0000-0000-0000-000000000000 without journal. Quota mode: none.
[   25.694018] EXT4-fs (loop0): unmounting filesystem 00000000-0000-0000-0000-000000000000.
[   25.717834] loop0: detected capacity change from 0 to 2048
[   25.725062] EXT4-fs (loop0): mounted filesystem 00000000-0000-0000-0000-000000000000 without journal. Quota mode: none.
[   25.737749] EXT4-fs (loop0): unmounting filesystem 00000000-0000-0000-0000-000000000000.
[   25.765372] loop0: detected capacity change from 0 to 2048
[   25.766065] I/O error, dev loop0, sector 0 op 0x0:(READ) flags 0x80700 phys_seg 1 prio class 2
[   25.778463] EXT4-fs (loop0): mounted filesystem 00000000-0000-0000-0000-000000000000 without journal. Quota mode: none.
[   25.788769] EXT4-fs (loop0): unmounting filesystem 00000000-0000-0000-0000-000000000000.
[   25.810428] loop0: detected capacity change from 0 to 2048
[   25.817311] EXT4-fs (loop0): mounted filesystem 00000000-0000-0000-0000-000000000000 without journal. Quota mode: none.
[   25.828242] EXT4-fs (loop0): unmounting filesystem 00000000-0000-0000-0000-000000000000.
[   25.855098] loop0: detected capacity change from 0 to 2048
[   25.861708] EXT4-fs (loop0): mounted filesystem 00000000-0000-0000-0000-000000000000 without journal. Quota mode: none.
[   25.881765] EXT4-fs (loop0): unmounting filesystem 00000000-0000-0000-0000-000000000000.
[   25.911251] loop0: detected capacity change from 0 to 2048
[   25.920567] EXT4-fs (loop0): mounted filesystem 00000000-0000-0000-0000-000000000000 without journal. Quota mode: none.
[   25.939590] EXT4-fs (loop0): unmounting filesystem 00000000-0000-0000-0000-000000000000.
[   25.974111] loop0: detected capacity change from 0 to 2048
[   25.981871] EXT4-fs (loop0): mounted filesystem 00000000-0000-0000-0000-000000000000 without journal. Quota mode: none.
[   25.991743] EXT4-fs (loop0): unmounting filesystem 00000000-0000-0000-0000-000000000000.
[   26.017279] loop0: detected capacity change from 0 to 2048
[   26.026127] EXT4-fs (loop0): mounted filesystem 00000000-0000-0000-0000-000000000000 without journal. Quota mode: none.
[   26.040015] EXT4-fs (loop0): unmounting filesystem 00000000-0000-0000-0000-000000000000.
[   26.065253] loop0: detected capacity change from 0 to 2048
[   26.073710] EXT4-fs (loop0): mounted filesystem 00000000-0000-0000-0000-000000000000 without journal. Quota mode: none.
[   26.085376] EXT4-fs (loop0): unmounting filesystem 00000000-0000-0000-0000-000000000000.
[   26.111363] loop0: detected capacity change from 0 to 2048
[   26.125705] EXT4-fs (loop0): mounted filesystem 00000000-0000-0000-0000-000000000000 without journal. Quota mode: none.
[   26.133375] EXT4-fs (loop0): unmounting filesystem 00000000-0000-0000-0000-000000000000.
[   26.152932] loop0: detected capacity change from 0 to 2048
[   26.165195] EXT4-fs (loop0): mounted filesystem 00000000-0000-0000-0000-000000000000 without journal. Quota mode: none.
[   26.178628] EXT4-fs (loop0): unmounting filesystem 00000000-0000-0000-0000-000000000000.
[   26.207039] loop0: detected capacity change from 0 to 2048
[   26.213495] EXT4-fs (loop0): mounted filesystem 00000000-0000-0000-0000-000000000000 without journal. Quota mode: none.
[   26.225119] EXT4-fs (loop0): unmounting filesystem 00000000-0000-0000-0000-000000000000.
[   26.250503] loop0: detected capacity change from 0 to 2048
[   26.258172] EXT4-fs (loop0): mounted filesystem 00000000-0000-0000-0000-000000000000 without journal. Quota mode: none.
[   26.267511] EXT4-fs (loop0): unmounting filesystem 00000000-0000-0000-0000-000000000000.
[   26.292069] loop0: detected capacity change from 0 to 2048
[   26.301342] EXT4-fs (loop0): mounted filesystem 00000000-0000-0000-0000-000000000000 without journal. Quota mode: none.
[   26.333934] loop0: detected capacity change from 0 to 2048
[   26.377211] loop0: detected capacity change from 0 to 2048
[   26.409693] loop0: detected capacity change from 0 to 2048
[   26.456516] loop0: detected capacity change from 0 to 2048
[   26.499078] loop0: detected capacity change from 0 to 2048
[   26.500001] I/O error, dev loop0, sector 0 op 0x0:(READ) flags 0x80700 phys_seg 1 prio class 2
[   26.536167] loop0: detected capacity change from 0 to 2048
[   26.568860] loop0: detected capacity change from 0 to 2048
[   26.569487] I/O error, dev loop0, sector 0 op 0x0:(READ) flags 0x80700 phys_seg 1 prio class 2
[   26.614446] loop0: detected capacity change from 0 to 2048
[   26.653048] loop0: detected capacity change from 0 to 2048
[   26.692527] loop0: detected capacity change from 0 to 2048
[   26.726912] loop0: detected capacity change from 0 to 2048
[   26.766436] loop0: detected capacity change from 0 to 2048
[   26.767146] I/O error, dev loop0, sector 0 op 0x0:(READ) flags 0x80700 phys_seg 1 prio class 2
[   26.811726] loop0: detected capacity change from 0 to 2048
[   26.849847] loop0: detected capacity change from 0 to 2048
[   26.911271] loop0: detected capacity change from 0 to 2048
[   26.973107] loop0: detected capacity change from 0 to 2048
[   27.022733] loop0: detected capacity change from 0 to 2048
[   27.050717] loop0: detected capacity change from 0 to 2048
[   27.082327] loop0: detected capacity change from 0 to 2048
[   27.138927] loop0: detected capacity change from 0 to 2048
[   27.187047] loop0: detected capacity change from 0 to 2048
[   27.187969] I/O error, dev loop0, sector 0 op 0x0:(READ) flags 0x80700 phys_seg 1 prio class 2
[   27.229854] loop0: detected capacity change from 0 to 2048
[   27.258580] loop0: detected capacity change from 0 to 2048
[   27.299182] loop0: detected capacity change from 0 to 2048
[   27.333446] loop0: detected capacity change from 0 to 2048
[   27.397030] loop0: detected capacity change from 0 to 2048
[   27.434528] loop0: detected capacity change from 0 to 2048
[   27.474390] loop0: detected capacity change from 0 to 2048
[   27.508266] loop0: detected capacity change from 0 to 2048
[   27.549968] loop0: detected capacity change from 0 to 2048
[   27.584759] loop0: detected capacity change from 0 to 2048
[   27.624394] loop0: detected capacity change from 0 to 2048
[   27.625233] I/O error, dev loop0, sector 0 op 0x0:(READ) flags 0x80700 phys_seg 1 prio class 2
[   27.666388] loop0: detected capacity change from 0 to 2048
[   27.712565] loop0: detected capacity change from 0 to 2048
[   27.741658] loop0: detected capacity change from 0 to 2048
[   27.776851] loop0: detected capacity change from 0 to 2048
[   27.813319] loop0: detected capacity change from 0 to 2048
[   27.840135] loop0: detected capacity change from 0 to 2048
[   27.876850] loop0: detected capacity change from 0 to 2048
[   27.930760] loop0: detected capacity change from 0 to 2048
[   27.973300] loop0: detected capacity change from 0 to 2048
[   27.974122] I/O error, dev loop0, sector 0 op 0x0:(READ) flags 0x80700 phys_seg 1 prio class 2
[   28.020786] loop0: detected capacity change from 0 to 2048
[   28.059859] loop0: detected capacity change from 0 to 2048
[   28.089127] loop0: detected capacity change from 0 to 2048
[   28.135952] loop0: detected capacity change from 0 to 2048
[   28.175947] loop0: detected capacity change from 0 to 2048
[   28.176388] I/O error, dev loop0, sector 0 op 0x0:(READ) flags 0x80700 phys_seg 1 prio class 2
[   28.226754] loop0: detected capacity change from 0 to 2048
[   28.261060] loop0: detected capacity change from 0 to 2048
[   28.302454] loop0: detected capacity change from 0 to 2048
[   28.330371] loop0: detected capacity change from 0 to 2048
[   28.365256] loop0: detected capacity change from 0 to 2048
[   28.409859] loop0: detected capacity change from 0 to 2048
[   28.450451] loop0: detected capacity change from 0 to 2048
[   28.492827] loop0: detected capacity change from 0 to 2048
[   28.529238] loop0: detected capacity change from 0 to 2048
[   28.563973] loop0: detected capacity change from 0 to 2048
[   28.593280] loop0: detected capacity change from 0 to 2048
[   28.634968] loop0: detected capacity change from 0 to 2048
[   28.663319] loop0: detected capacity change from 0 to 2048
[   28.712786] loop0: detected capacity change from 0 to 2048
[   28.757108] loop0: detected capacity change from 0 to 2048
[   28.803325] loop0: detected capacity change from 0 to 2048
[   28.848384] loop0: detected capacity change from 0 to 2048
[   28.849098] I/O error, dev loop0, sector 0 op 0x0:(READ) flags 0x80700 phys_seg 1 prio class 2
[   28.899384] loop0: detected capacity change from 0 to 2048
[   28.942132] loop0: detected capacity change from 0 to 2048
[   29.006376] loop0: detected capacity change from 0 to 2048
[   29.045895] loop0: detected capacity change from 0 to 2048
[   29.082468] loop0: detected capacity change from 0 to 2048
[   29.083326] Buffer I/O error on dev loop0, logical block 0, async page read
[   29.115934] loop0: detected capacity change from 0 to 2048
[   29.152430] loop0: detected capacity change from 0 to 2048
[   29.181246] loop0: detected capacity change from 0 to 2048
[   29.182358] Buffer I/O error on dev loop0, logical block 0, async page read
[   29.221350] loop0: detected capacity change from 0 to 2048
[   29.258914] loop0: detected capacity change from 0 to 2048
[   29.290870] loop0: detected capacity change from 0 to 2048
[   29.322776] loop0: detected capacity change from 0 to 2048
[   29.364698] loop0: detected capacity change from 0 to 2048
[   29.404735] loop0: detected capacity change from 0 to 2048
[   29.436811] loop0: detected capacity change from 0 to 2048
[   29.478342] loop0: detected capacity change from 0 to 2048
[   29.502534] loop0: detected capacity change from 0 to 2048
[   29.538224] loop0: detected capacity change from 0 to 2048
[   29.538922] Buffer I/O error on dev loop0, logical block 0, async page read
[   29.571325] loop0: detected capacity change from 0 to 2048
[   29.604936] loop0: detected capacity change from 0 to 2048
[   29.641143] loop0: detected capacity change from 0 to 2048
[   29.675916] loop0: detected capacity change from 0 to 2048
[   29.720180] loop0: detected capacity change from 0 to 2048
[   29.766113] loop0: detected capacity change from 0 to 2048
[   29.802676] loop0: detected capacity change from 0 to 2048
[   29.844206] loop0: detected capacity change from 0 to 2048
[   29.896751] loop0: detected capacity change from 0 to 2048
[   29.944038] loop0: detected capacity change from 0 to 2048
[   29.983127] loop0: detected capacity change from 0 to 2048
[   30.016620] loop0: detected capacity change from 0 to 2048
[   30.053101] loop0: detected capacity change from 0 to 2048
[   30.084530] loop0: detected capacity change from 0 to 2048
[   30.122098] loop0: detected capacity change from 0 to 2048
[   30.155266] loop0: detected capacity change from 0 to 2048
[   30.193245] loop0: detected capacity change from 0 to 2048
[   30.230821] loop0: detected capacity change from 0 to 2048
[   30.278348] loop0: detected capacity change from 0 to 2048
[   30.310617] loop0: detected capacity change from 0 to 2048
[   30.344441] loop0: detected capacity change from 0 to 2048
[   30.344804] blk_print_req_error: 6 callbacks suppressed
[   30.344818] I/O error, dev loop0, sector 0 op 0x0:(READ) flags 0x80700 phys_seg 1 prio class 2
[   30.381090] loop0: detected capacity change from 0 to 2048
[   30.424249] loop0: detected capacity change from 0 to 2048
[   30.463642] loop0: detected capacity change from 0 to 2048
[   30.506705] loop0: detected capacity change from 0 to 2048
[   30.549753] loop0: detected capacity change from 0 to 2048
[   30.584160] loop0: detected capacity change from 0 to 2048
[   30.619200] loop0: detected capacity change from 0 to 2048
[   30.659795] loop0: detected capacity change from 0 to 2048
[   30.701439] loop0: detected capacity change from 0 to 2048
[   30.702196] I/O error, dev loop0, sector 0 op 0x0:(READ) flags 0x80700 phys_seg 1 prio class 2
[   30.748727] loop0: detected capacity change from 0 to 2048
[   30.792578] loop0: detected capacity change from 0 to 2048
[   30.824226] loop0: detected capacity change from 0 to 2048
[   30.860163] loop0: detected capacity change from 0 to 2048
[   30.860645] I/O error, dev loop0, sector 0 op 0x0:(READ) flags 0x80700 phys_seg 1 prio class 2
[   30.914718] loop0: detected capacity change from 0 to 2048
[   30.975023] loop0: detected capacity change from 0 to 2048
[   31.008227] loop0: detected capacity change from 0 to 2048
[   31.054461] loop0: detected capacity change from 0 to 2048
[   31.094318] loop0: detected capacity change from 0 to 2048
[   31.127867] loop0: detected capacity change from 0 to 2048
[   31.167034] loop0: detected capacity change from 0 to 2048
[   31.204350] loop0: detected capacity change from 0 to 2048
[   31.252618] loop0: detected capacity change from 0 to 2048
[   31.285416] loop0: detected capacity change from 0 to 2048
[   31.326445] loop0: detected capacity change from 0 to 2048
[   31.356313] loop0: detected capacity change from 0 to 2048
[   31.416148] loop0: detected capacity change from 0 to 2048
[   31.442559] loop0: detected capacity change from 0 to 2048
[   31.490048] loop0: detected capacity change from 0 to 2048
[   31.527951] loop0: detected capacity change from 0 to 2048
[   31.561671] loop0: detected capacity change from 0 to 2048
[   31.594398] loop0: detected capacity change from 0 to 2048
[   31.637480] loop0: detected capacity change from 0 to 2048
[   31.684892] loop0: detected capacity change from 0 to 2048
[   31.725748] loop0: detected capacity change from 0 to 2048
[   31.754363] loop0: detected capacity change from 0 to 2048
[   31.796192] loop0: detected capacity change from 0 to 2048
[   31.829451] loop0: detected capacity change from 0 to 2048
[   31.863670] loop0: detected capacity change from 0 to 2048
[   31.898515] loop0: detected capacity change from 0 to 2048
[   31.969351] loop0: detected capacity change from 0 to 2048
[   32.012761] loop0: detected capacity change from 0 to 2048
[   32.037376] loop0: detected capacity change from 0 to 2048
[   32.079622] loop0: detected capacity change from 0 to 2048
[   32.118996] loop0: detected capacity change from 0 to 2048
[   32.155975] loop0: detected capacity change from 0 to 2048
[   32.198572] loop0: detected capacity change from 0 to 2048
[   32.199780] I/O error, dev loop0, sector 0 op 0x0:(READ) flags 0x80700 phys_seg 1 prio class 2
[   32.199849] I/O error, dev loop0, sector 0 op 0x0:(READ) flags 0x0 phys_seg 1 prio class 2
[   32.199870] Buffer I/O error on dev loop0, logical block 0, async page read
[   32.241317] loop0: detected capacity change from 0 to 2048
[   32.280288] loop0: detected capacity change from 0 to 2048
[   32.316759] loop0: detected capacity change from 0 to 2048
[   32.317890] I/O error, dev loop0, sector 0 op 0x0:(READ) flags 0x80700 phys_seg 1 prio class 2
[   32.317960] I/O error, dev loop0, sector 0 op 0x0:(READ) flags 0x0 phys_seg 1 prio class 2
[   32.321353] Buffer I/O error on dev loop0, logical block 0, async page read
[   32.367090] loop0: detected capacity change from 0 to 2048
[   32.412247] loop0: detected capacity change from 0 to 2048
[   32.449811] loop0: detected capacity change from 0 to 2048
[   32.485637] loop0: detected capacity change from 0 to 2048
[   32.521648] loop0: detected capacity change from 0 to 2048
[   32.522264] I/O error, dev loop0, sector 0 op 0x0:(READ) flags 0x80700 phys_seg 1 prio class 2
[   32.573175] loop0: detected capacity change from 0 to 2048
[   32.609304] loop0: detected capacity change from 0 to 2048
[   32.648593] loop0: detected capacity change from 0 to 2048
[   32.694375] loop0: detected capacity change from 0 to 2048
[   32.723682] loop0: detected capacity change from 0 to 2048
[   32.761762] loop0: detected capacity change from 0 to 2048
[   32.801749] loop0: detected capacity change from 0 to 2048
[   32.846384] loop0: detected capacity change from 0 to 2048
[   32.892077] loop0: detected capacity change from 0 to 2048
[   32.941966] loop0: detected capacity change from 0 to 2048
[   32.995056] loop0: detected capacity change from 0 to 2048
[   33.030933] loop0: detected capacity change from 0 to 2048
[   33.068448] loop0: detected capacity change from 0 to 2048
[   33.106529] loop0: detected capacity change from 0 to 2048
[   33.149610] loop0: detected capacity change from 0 to 2048
[   33.202488] loop0: detected capacity change from 0 to 2048
[   33.234202] loop0: detected capacity change from 0 to 2048
[   33.276355] loop0: detected capacity change from 0 to 2048
[   33.312974] loop0: detected capacity change from 0 to 2048
[   33.348221] loop0: detected capacity change from 0 to 2048
[   33.390257] loop0: detected capacity change from 0 to 2048
[   33.425893] loop0: detected capacity change from 0 to 2048
[   33.480201] loop0: detected capacity change from 0 to 2048
[   33.517412] loop0: detected capacity change from 0 to 2048
[   33.558093] loop0: detected capacity change from 0 to 2048
[   33.598023] loop0: detected capacity change from 0 to 2048
[   33.632590] loop0: detected capacity change from 0 to 2048
[   33.660666] loop0: detected capacity change from 0 to 2048
[   33.713951] loop0: detected capacity change from 0 to 2048
[   33.761138] loop0: detected capacity change from 0 to 2048
[   33.797704] loop0: detected capacity change from 0 to 2048
[   33.798474] I/O error, dev loop0, sector 0 op 0x0:(READ) flags 0x80700 phys_seg 1 prio class 2
[   33.839192] loop0: detected capacity change from 0 to 2048
[   33.880722] loop0: detected capacity change from 0 to 2048
[   33.936560] loop0: detected capacity change from 0 to 2048
[   33.984714] loop0: detected capacity change from 0 to 2048
[   34.018482] loop0: detected capacity change from 0 to 2048
[   34.064006] loop0: detected capacity change from 0 to 2048
[   34.106028] loop0: detected capacity change from 0 to 2048
[   34.135179] loop0: detected capacity change from 0 to 2048
[   34.182164] loop0: detected capacity change from 0 to 2048
[   34.222000] loop0: detected capacity change from 0 to 2048
[   34.250272] loop0: detected capacity change from 0 to 2048
[   34.251005] I/O error, dev loop0, sector 0 op 0x0:(READ) flags 0x80700 phys_seg 1 prio class 2
[   34.286804] loop0: detected capacity change from 0 to 2048
[   34.327236] loop0: detected capacity change from 0 to 2048
[   34.360693] loop0: detected capacity change from 0 to 2048
[   34.388878] loop0: detected capacity change from 0 to 2048
[   34.431148] loop0: detected capacity change from 0 to 2048
[   34.460067] loop0: detected capacity change from 0 to 2048
[   34.510695] loop0: detected capacity change from 0 to 2048
[   34.511660] Buffer I/O error on dev loop0, logical block 0, async page read
[   34.550805] loop0: detected capacity change from 0 to 2048
[   34.584883] loop0: detected capacity change from 0 to 2048
[   34.626056] loop0: detected capacity change from 0 to 2048
[   34.658518] loop0: detected capacity change from 0 to 2048
[   34.691888] loop0: detected capacity change from 0 to 2048
[   34.718736] loop0: detected capacity change from 0 to 2048
[   34.761178] loop0: detected capacity change from 0 to 2048
[   34.790505] loop0: detected capacity change from 0 to 2048
[   34.827988] loop0: detected capacity change from 0 to 2048
[   34.861439] loop0: detected capacity change from 0 to 2048
[   34.903484] loop0: detected capacity change from 0 to 2048
[   34.946743] loop0: detected capacity change from 0 to 2048
[   34.980047] loop0: detected capacity change from 0 to 2048
[   35.012791] loop0: detected capacity change from 0 to 2048
[   35.049443] loop0: detected capacity change from 0 to 2048
[   35.083939] loop0: detected capacity change from 0 to 2048
[   35.131263] loop0: detected capacity change from 0 to 2048
[   35.159349] loop0: detected capacity change from 0 to 2048
[   35.201729] loop0: detected capacity change from 0 to 2048
[   35.213372] EXT4-fs mount: 447 callbacks suppressed
[   35.213385] EXT4-fs (loop0): mounted filesystem 00000000-0000-0000-0000-000000000000 without journal. Quota mode: none.
[   35.224217] EXT4-fs (loop0): unmounting filesystem 00000000-0000-0000-0000-000000000000.
[   35.248343] loop0: detected capacity change from 0 to 2048
[   35.253521] EXT4-fs (loop0): mounted filesystem 00000000-0000-0000-0000-000000000000 without journal. Quota mode: none.
[   35.262102] EXT4-fs (loop0): unmounting filesystem 00000000-0000-0000-0000-000000000000.
[   35.288322] loop0: detected capacity change from 0 to 2048
[   35.297098] EXT4-fs (loop0): mounted filesystem 00000000-0000-0000-0000-000000000000 without journal. Quota mode: none.
[   35.304879] EXT4-fs (loop0): unmounting filesystem 00000000-0000-0000-0000-000000000000.
[   35.329116] loop0: detected capacity change from 0 to 2048
[   35.337027] EXT4-fs (loop0): mounted filesystem 00000000-0000-0000-0000-000000000000 without journal. Quota mode: none.
[   35.344452] EXT4-fs (loop0): unmounting filesystem 00000000-0000-0000-0000-000000000000.
[   35.358556] loop0: detected capacity change from 0 to 2048
[   35.374218] EXT4-fs (loop0): mounted filesystem 00000000-0000-0000-0000-000000000000 without journal. Quota mode: none.
[   35.385386] EXT4-fs (loop0): unmounting filesystem 00000000-0000-0000-0000-000000000000.
[   35.406317] loop0: detected capacity change from 0 to 2048
[   35.413253] EXT4-fs (loop0): mounted filesystem 00000000-0000-0000-0000-000000000000 without journal. Quota mode: none.
[   35.422273] EXT4-fs (loop0): unmounting filesystem 00000000-0000-0000-0000-000000000000.
[   35.444060] loop0: detected capacity change from 0 to 2048
[   35.444884] blk_print_req_error: 2 callbacks suppressed
[   35.444899] I/O error, dev loop0, sector 0 op 0x0:(READ) flags 0x80700 phys_seg 1 prio class 2
[   35.457030] EXT4-fs (loop0): mounted filesystem 00000000-0000-0000-0000-000000000000 without journal. Quota mode: none.
[   35.468152] EXT4-fs (loop0): unmounting filesystem 00000000-0000-0000-0000-000000000000.
[   35.485193] loop0: detected capacity change from 0 to 2048
[   35.507131] EXT4-fs (loop0): mounted filesystem 00000000-0000-0000-0000-000000000000 without journal. Quota mode: none.
[   35.513997] EXT4-fs (loop0): unmounting filesystem 00000000-0000-0000-0000-000000000000.
[   35.548731] loop0: detected capacity change from 0 to 2048
[   35.558028] EXT4-fs (loop0): mounted filesystem 00000000-0000-0000-0000-000000000000 without journal. Quota mode: none.
[   35.566097] EXT4-fs (loop0): unmounting filesystem 00000000-0000-0000-0000-000000000000.
[   35.580451] loop0: detected capacity change from 0 to 2048
[   35.597939] EXT4-fs (loop0): mounted filesystem 00000000-0000-0000-0000-000000000000 without journal. Quota mode: none.
[   35.606774] EXT4-fs (loop0): unmounting filesystem 00000000-0000-0000-0000-000000000000.
[   35.625299] loop0: detected capacity change from 0 to 2048
[   35.633232] EXT4-fs (loop0): mounted filesystem 00000000-0000-0000-0000-000000000000 without journal. Quota mode: none.
[   35.646152] EXT4-fs (loop0): unmounting filesystem 00000000-0000-0000-0000-000000000000.
[   35.666897] loop0: detected capacity change from 0 to 2048
[   35.673093] EXT4-fs (loop0): mounted filesystem 00000000-0000-0000-0000-000000000000 without journal. Quota mode: none.
[   35.680261] EXT4-fs (loop0): unmounting filesystem 00000000-0000-0000-0000-000000000000.
[   35.697583] loop0: detected capacity change from 0 to 2048
[   35.708951] EXT4-fs (loop0): mounted filesystem 00000000-0000-0000-0000-000000000000 without journal. Quota mode: none.
[   35.719877] EXT4-fs (loop0): unmounting filesystem 00000000-0000-0000-0000-000000000000.
[   35.745385] loop0: detected capacity change from 0 to 2048
[   35.758088] EXT4-fs (loop0): mounted filesystem 00000000-0000-0000-0000-000000000000 without journal. Quota mode: none.
[   35.764574] EXT4-fs (loop0): unmounting filesystem 00000000-0000-0000-0000-000000000000.
[   35.783852] loop0: detected capacity change from 0 to 2048
[   35.796558] EXT4-fs (loop0): mounted filesystem 00000000-0000-0000-0000-000000000000 without journal. Quota mode: none.
[   35.806732] EXT4-fs (loop0): unmounting filesystem 00000000-0000-0000-0000-000000000000.
[   35.822310] loop0: detected capacity change from 0 to 2048
[   35.833460] EXT4-fs (loop0): mounted filesystem 00000000-0000-0000-0000-000000000000 without journal. Quota mode: none.
[   35.844500] EXT4-fs (loop0): unmounting filesystem 00000000-0000-0000-0000-000000000000.
[   35.868294] loop0: detected capacity change from 0 to 2048
[   35.874365] EXT4-fs (loop0): mounted filesystem 00000000-0000-0000-0000-000000000000 without journal. Quota mode: none.
[   35.897505] EXT4-fs (loop0): unmounting filesystem 00000000-0000-0000-0000-000000000000.
[   35.921147] loop0: detected capacity change from 0 to 2048
[   35.929229] EXT4-fs (loop0): mounted filesystem 00000000-0000-0000-0000-000000000000 without journal. Quota mode: none.
[   35.945329] EXT4-fs (loop0): unmounting filesystem 00000000-0000-0000-0000-000000000000.
[   35.970779] loop0: detected capacity change from 0 to 2048
[   35.971531] I/O error, dev loop0, sector 0 op 0x0:(READ) flags 0x80700 phys_seg 1 prio class 2
[   35.981685] EXT4-fs (loop0): mounted filesystem 00000000-0000-0000-0000-000000000000 without journal. Quota mode: none.
[   35.991058] EXT4-fs (loop0): unmounting filesystem 00000000-0000-0000-0000-000000000000.
[   36.015826] loop0: detected capacity change from 0 to 2048
[   36.021023] EXT4-fs (loop0): mounted filesystem 00000000-0000-0000-0000-000000000000 without journal. Quota mode: none.
[   36.034163] EXT4-fs (loop0): unmounting filesystem 00000000-0000-0000-0000-000000000000.
[   36.057890] loop0: detected capacity change from 0 to 2048
[   36.068905] EXT4-fs (loop0): mounted filesystem 00000000-0000-0000-0000-000000000000 without journal. Quota mode: none.
[   36.077851] EXT4-fs (loop0): unmounting filesystem 00000000-0000-0000-0000-000000000000.
[   36.105070] loop0: detected capacity change from 0 to 2048
[   36.109111] EXT4-fs (loop0): mounted filesystem 00000000-0000-0000-0000-000000000000 without journal. Quota mode: none.
[   36.120005] EXT4-fs (loop0): unmounting filesystem 00000000-0000-0000-0000-000000000000.
[   36.144545] loop0: detected capacity change from 0 to 2048
[   36.156861] EXT4-fs (loop0): mounted filesystem 00000000-0000-0000-0000-000000000000 without journal. Quota mode: none.
[   36.164419] EXT4-fs (loop0): unmounting filesystem 00000000-0000-0000-0000-000000000000.
[   36.187459] loop0: detected capacity change from 0 to 2048
[   36.193450] EXT4-fs (loop0): mounted filesystem 00000000-0000-0000-0000-000000000000 without journal. Quota mode: none.
[   36.213758] EXT4-fs (loop0): unmounting filesystem 00000000-0000-0000-0000-000000000000.
[   36.235558] loop0: detected capacity change from 0 to 2048
[   36.241530] EXT4-fs (loop0): mounted filesystem 00000000-0000-0000-0000-000000000000 without journal. Quota mode: none.
[   36.249625] EXT4-fs (loop0): unmounting filesystem 00000000-0000-0000-0000-000000000000.
[   36.269425] loop0: detected capacity change from 0 to 2048
[   36.281935] EXT4-fs (loop0): mounted filesystem 00000000-0000-0000-0000-000000000000 without journal. Quota mode: none.
[   36.289835] EXT4-fs (loop0): unmounting filesystem 00000000-0000-0000-0000-000000000000.
[   36.310919] loop0: detected capacity change from 0 to 2048
[   36.317720] EXT4-fs (loop0): mounted filesystem 00000000-0000-0000-0000-000000000000 without journal. Quota mode: none.
[   36.329140] EXT4-fs (loop0): unmounting filesystem 00000000-0000-0000-0000-000000000000.
[   36.352365] loop0: detected capacity change from 0 to 2048
[   36.361265] EXT4-fs (loop0): mounted filesystem 00000000-0000-0000-0000-000000000000 without journal. Quota mode: none.
[   36.368987] EXT4-fs (loop0): unmounting filesystem 00000000-0000-0000-0000-000000000000.
[   36.386543] loop0: detected capacity change from 0 to 2048
[   36.401552] EXT4-fs (loop0): mounted filesystem 00000000-0000-0000-0000-000000000000 without journal. Quota mode: none.
[   36.415313] EXT4-fs (loop0): unmounting filesystem 00000000-0000-0000-0000-000000000000.
[   36.432807] loop0: detected capacity change from 0 to 2048
[   36.437066] EXT4-fs (loop0): mounted filesystem 00000000-0000-0000-0000-000000000000 without journal. Quota mode: none.
[   36.451857] EXT4-fs (loop0): unmounting filesystem 00000000-0000-0000-0000-000000000000.
[   36.475106] loop0: detected capacity change from 0 to 2048
[   36.481412] EXT4-fs (loop0): mounted filesystem 00000000-0000-0000-0000-000000000000 without journal. Quota mode: none.
[   36.490698] EXT4-fs (loop0): unmounting filesystem 00000000-0000-0000-0000-000000000000.
[   36.508574] loop0: detected capacity change from 0 to 2048
[   36.518057] EXT4-fs (loop0): mounted filesystem 00000000-0000-0000-0000-000000000000 without journal. Quota mode: none.
[   36.527265] EXT4-fs (loop0): unmounting filesystem 00000000-0000-0000-0000-000000000000.
[   36.541343] loop0: detected capacity change from 0 to 2048
[   36.585887] loop0: detected capacity change from 0 to 2048
[   36.620788] loop0: detected capacity change from 0 to 2048
[   36.665782] loop0: detected capacity change from 0 to 2048
[   36.707925] loop0: detected capacity change from 0 to 2048
[   36.739191] loop0: detected capacity change from 0 to 2048
[   36.773153] loop0: detected capacity change from 0 to 2048
[   36.806328] loop0: detected capacity change from 0 to 2048
[   36.838668] loop0: detected capacity change from 0 to 2048
[   36.897271] loop0: detected capacity change from 0 to 2048
[   36.946127] loop0: detected capacity change from 0 to 2048
[   36.987671] loop0: detected capacity change from 0 to 2048
[   36.988204] I/O error, dev loop0, sector 0 op 0x0:(READ) flags 0x80700 phys_seg 1 prio class 2
[   37.033812] loop0: detected capacity change from 0 to 2048
[   37.073457] loop0: detected capacity change from 0 to 2048
[   37.110048] loop0: detected capacity change from 0 to 2048
[   37.147934] loop0: detected capacity change from 0 to 2048
[   37.183322] loop0: detected capacity change from 0 to 2048
[   37.212953] loop0: detected capacity change from 0 to 2048
[   37.251111] loop0: detected capacity change from 0 to 2048
[   37.289837] loop0: detected capacity change from 0 to 2048
[   37.318998] loop0: detected capacity change from 0 to 2048
[   37.362705] loop0: detected capacity change from 0 to 2048
[   37.396895] loop0: detected capacity change from 0 to 2048
[   37.425266] loop0: detected capacity change from 0 to 2048
[   37.457604] loop0: detected capacity change from 0 to 2048
[   37.493618] loop0: detected capacity change from 0 to 2048
[   37.534737] loop0: detected capacity change from 0 to 2048
[   37.567274] loop0: detected capacity change from 0 to 2048
[   37.603511] loop0: detected capacity change from 0 to 2048
[   37.628566] loop0: detected capacity change from 0 to 2048
[   37.672273] loop0: detected capacity change from 0 to 2048
[   37.705864] loop0: detected capacity change from 0 to 2048
[   37.731471] loop0: detected capacity change from 0 to 2048
[   37.732514] I/O error, dev loop0, sector 0 op 0x0:(READ) flags 0x80700 phys_seg 1 prio class 2
[   37.732570] I/O error, dev loop0, sector 0 op 0x0:(READ) flags 0x0 phys_seg 1 prio class 2
[   37.735815] Buffer I/O error on dev loop0, logical block 0, async page read
[   37.765200] loop0: detected capacity change from 0 to 2048
[   37.765765] I/O error, dev loop0, sector 0 op 0x0:(READ) flags 0x80700 phys_seg 1 prio class 2
[   37.805253] loop0: detected capacity change from 0 to 2048
[   37.849073] loop0: detected capacity change from 0 to 2048
[   37.897286] loop0: detected capacity change from 0 to 2048
[   37.928394] loop0: detected capacity change from 0 to 2048
[   37.974281] loop0: detected capacity change from 0 to 2048
[   38.006509] loop0: detected capacity change from 0 to 2048
[   38.007067] I/O error, dev loop0, sector 0 op 0x0:(READ) flags 0x80700 phys_seg 1 prio class 2
[   38.041789] loop0: detected capacity change from 0 to 2048
[   38.085296] loop0: detected capacity change from 0 to 2048
[   38.121445] loop0: detected capacity change from 0 to 2048
[   38.155178] loop0: detected capacity change from 0 to 2048
[   38.194939] loop0: detected capacity change from 0 to 2048
[   38.228396] loop0: detected capacity change from 0 to 2048
[   38.272496] loop0: detected capacity change from 0 to 2048
[   38.302582] loop0: detected capacity change from 0 to 2048
[   38.344052] loop0: detected capacity change from 0 to 2048
[   38.382781] loop0: detected capacity change from 0 to 2048
[   38.410039] loop0: detected capacity change from 0 to 2048
[   38.454044] loop0: detected capacity change from 0 to 2048
[   38.497724] loop0: detected capacity change from 0 to 2048
[   38.523843] loop0: detected capacity change from 0 to 2048
[   38.558569] loop0: detected capacity change from 0 to 2048
[   38.585339] loop0: detected capacity change from 0 to 2048
[   38.630470] loop0: detected capacity change from 0 to 2048
[   38.630927] I/O error, dev loop0, sector 0 op 0x0:(READ) flags 0x80700 phys_seg 1 prio class 2
[   38.666518] loop0: detected capacity change from 0 to 2048
[   38.695232] loop0: detected capacity change from 0 to 2048
[   38.731307] loop0: detected capacity change from 0 to 2048
[   38.769875] loop0: detected capacity change from 0 to 2048
[   38.770501] I/O error, dev loop0, sector 0 op 0x0:(READ) flags 0x80700 phys_seg 1 prio class 2
[   38.801989] loop0: detected capacity change from 0 to 2048
[   38.832003] loop0: detected capacity change from 0 to 2048
[   38.860223] loop0: detected capacity change from 0 to 2048
[   38.897946] loop0: detected capacity change from 0 to 2048
[   38.898472] I/O error, dev loop0, sector 0 op 0x0:(READ) flags 0x80700 phys_seg 1 prio class 2
[   38.943320] loop0: detected capacity change from 0 to 2048
[   38.987608] loop0: detected capacity change from 0 to 2048
[   39.020182] loop0: detected capacity change from 0 to 2048
[   39.021041] Buffer I/O error on dev loop0, logical block 0, async page read
[   39.066286] loop0: detected capacity change from 0 to 2048
[   39.108820] loop0: detected capacity change from 0 to 2048
[   39.134787] loop0: detected capacity change from 0 to 2048
[   39.175638] loop0: detected capacity change from 0 to 2048
[   39.210599] loop0: detected capacity change from 0 to 2048
[   39.236204] loop0: detected capacity change from 0 to 2048
[   39.269339] loop0: detected capacity change from 0 to 2048
[   39.305225] loop0: detected capacity change from 0 to 2048
[   39.334139] loop0: detected capacity change from 0 to 2048
[   39.362028] loop0: detected capacity change from 0 to 2048
[   39.390654] loop0: detected capacity change from 0 to 2048
[   39.424776] loop0: detected capacity change from 0 to 2048
[   39.453590] loop0: detected capacity change from 0 to 2048
[   39.471218] loop0: detected capacity change from 0 to 2048
[   39.506076] loop0: detected capacity change from 0 to 2048
[   39.542566] loop0: detected capacity change from 0 to 2048
[   39.574008] loop0: detected capacity change from 0 to 2048
[   39.606750] loop0: detected capacity change from 0 to 2048
[   39.637812] loop0: detected capacity change from 0 to 2048
[   39.668705] loop0: detected capacity change from 0 to 2048
[   39.696355] loop0: detected capacity change from 0 to 2048
[   39.725407] loop0: detected capacity change from 0 to 2048
[   39.748277] loop0: detected capacity change from 0 to 2048
[   39.777107] loop0: detected capacity change from 0 to 2048
[   39.805129] loop0: detected capacity change from 0 to 2048
[   39.832550] loop0: detected capacity change from 0 to 2048
[   39.856092] loop0: detected capacity change from 0 to 2048
[   39.856543] Buffer I/O error on dev loop0, logical block 0, async page read
[   39.892475] loop0: detected capacity change from 0 to 2048
[   39.929615] loop0: detected capacity change from 0 to 2048
[   39.972223] loop0: detected capacity change from 0 to 2048
[   39.999249] loop0: detected capacity change from 0 to 2048
[   40.037267] loop0: detected capacity change from 0 to 2048
[   40.065737] loop0: detected capacity change from 0 to 2048
[   40.089557] loop0: detected capacity change from 0 to 2048
[   40.090384] Buffer I/O error on dev loop0, logical block 0, async page read
[   40.120913] loop0: detected capacity change from 0 to 2048
[   40.162919] loop0: detected capacity change from 0 to 2048
[   40.198191] loop0: detected capacity change from 0 to 2048
[   40.222149] loop0: detected capacity change from 0 to 2048
[   40.262924] loop0: detected capacity change from 0 to 2048
[   40.287109] loop0: detected capacity change from 0 to 2048
[   40.310603] loop0: detected capacity change from 0 to 2048
[   40.339154] loop0: detected capacity change from 0 to 2048
[   40.370232] loop0: detected capacity change from 0 to 2048
[   40.392870] loop0: detected capacity change from 0 to 2048
[   40.421633] loop0: detected capacity change from 0 to 2048
[   40.445312] loop0: detected capacity change from 0 to 2048
[   40.470613] loop0: detected capacity change from 0 to 2048
[   40.509950] loop0: detected capacity change from 0 to 2048
[   40.542700] loop0: detected capacity change from 0 to 2048
[   40.569677] loop0: detected capacity change from 0 to 2048
[   40.604391] loop0: detected capacity change from 0 to 2048
[   40.629622] loop0: detected capacity change from 0 to 2048
[   40.653970] loop0: detected capacity change from 0 to 2048
[   40.681656] loop0: detected capacity change from 0 to 2048
[   40.705592] loop0: detected capacity change from 0 to 2048
[   40.735873] loop0: detected capacity change from 0 to 2048
[   40.771690] loop0: detected capacity change from 0 to 2048
[   40.800368] loop0: detected capacity change from 0 to 2048
[   40.827367] loop0: detected capacity change from 0 to 2048
[   40.828145] blk_print_req_error: 6 callbacks suppressed
[   40.828156] I/O error, dev loop0, sector 0 op 0x0:(READ) flags 0x80700 phys_seg 1 prio class 2
[   40.860209] loop0: detected capacity change from 0 to 2048
[   40.893699] loop0: detected capacity change from 0 to 2048
[   40.930510] loop0: detected capacity change from 0 to 2048
[   40.965211] loop0: detected capacity change from 0 to 2048
[   40.989686] loop0: detected capacity change from 0 to 2048
[   41.017335] loop0: detected capacity change from 0 to 2048
[   41.050808] loop0: detected capacity change from 0 to 2048
[   41.084492] loop0: detected capacity change from 0 to 2048
[   41.117888] loop0: detected capacity change from 0 to 2048
[   41.139374] loop0: detected capacity change from 0 to 2048
[   41.173432] loop0: detected capacity change from 0 to 2048
[   41.198376] loop0: detected capacity change from 0 to 2048
[   41.221750] loop0: detected capacity change from 0 to 2048
[   41.245585] loop0: detected capacity change from 0 to 2048
[   41.270071] loop0: detected capacity change from 0 to 2048
[   41.293052] loop0: detected capacity change from 0 to 2048
[   41.320935] loop0: detected capacity change from 0 to 2048
[   41.343271] loop0: detected capacity change from 0 to 2048
[   41.362698] loop0: detected capacity change from 0 to 2048
[   41.389296] loop0: detected capacity change from 0 to 2048
[   41.415984] loop0: detected capacity change from 0 to 2048
[   41.441705] loop0: detected capacity change from 0 to 2048
[   41.470110] loop0: detected capacity change from 0 to 2048
[   41.500006] loop0: detected capacity change from 0 to 2048
[   41.519644] loop0: detected capacity change from 0 to 2048
[   41.545760] loop0: detected capacity change from 0 to 2048
[   41.570103] loop0: detected capacity change from 0 to 2048
[   41.590170] loop0: detected capacity change from 0 to 2048
[   41.617522] loop0: detected capacity change from 0 to 2048
[   41.640655] loop0: detected capacity change from 0 to 2048
[   41.660742] loop0: detected capacity change from 0 to 2048
[   41.660940] I/O error, dev loop0, sector 0 op 0x0:(READ) flags 0x80700 phys_seg 1 prio class 2
[   41.682078] loop0: detected capacity change from 0 to 2048
[   41.705666] loop0: detected capacity change from 0 to 2048
[   41.706010] I/O error, dev loop0, sector 0 op 0x0:(READ) flags 0x80700 phys_seg 1 prio class 2
[   41.729494] loop0: detected capacity change from 0 to 2048
[   41.753023] loop0: detected capacity change from 0 to 2048
[   41.781129] loop0: detected capacity change from 0 to 2048
[   41.803824] loop0: detected capacity change from 0 to 2048
[   41.827535] loop0: detected capacity change from 0 to 2048
[   41.851337] loop0: detected capacity change from 0 to 2048
[   41.881035] loop0: detected capacity change from 0 to 2048
[   41.907578] loop0: detected capacity change from 0 to 2048
[   41.929718] loop0: detected capacity change from 0 to 2048
[   41.951060] loop0: detected capacity change from 0 to 2048
[   41.981398] loop0: detected capacity change from 0 to 2048
[   42.008521] loop0: detected capacity change from 0 to 2048
[   42.028393] loop0: detected capacity change from 0 to 2048
[   42.053901] loop0: detected capacity change from 0 to 2048
[   42.088612] loop0: detected capacity change from 0 to 2048
[   42.107854] loop0: detected capacity change from 0 to 2048
[   42.108402] I/O error, dev loop0, sector 0 op 0x0:(READ) flags 0x80700 phys_seg 1 prio class 2
[   42.138648] loop0: detected capacity change from 0 to 2048
[   42.159334] loop0: detected capacity change from 0 to 2048
[   42.159919] I/O error, dev loop0, sector 0 op 0x0:(READ) flags 0x80700 phys_seg 1 prio class 2
[   42.189324] loop0: detected capacity change from 0 to 2048
[   42.217256] loop0: detected capacity change from 0 to 2048
[   42.253713] loop0: detected capacity change from 0 to 2048
[   42.283158] loop0: detected capacity change from 0 to 2048
[   42.317689] loop0: detected capacity change from 0 to 2048
[   42.342501] loop0: detected capacity change from 0 to 2048
[   42.375764] loop0: detected capacity change from 0 to 2048
[   42.407213] loop0: detected capacity change from 0 to 2048
[   42.438311] loop0: detected capacity change from 0 to 2048
[   42.469472] loop0: detected capacity change from 0 to 2048
[   42.493159] loop0: detected capacity change from 0 to 2048
[   42.528464] loop0: detected capacity change from 0 to 2048
[   42.558010] loop0: detected capacity change from 0 to 2048
[   42.589909] loop0: detected capacity change from 0 to 2048
[   42.620262] loop0: detected capacity change from 0 to 2048
[   42.650452] loop0: detected capacity change from 0 to 2048
[   42.676693] loop0: detected capacity change from 0 to 2048
[   42.713332] loop0: detected capacity change from 0 to 2048
[   42.756546] loop0: detected capacity change from 0 to 2048
[   42.793861] loop0: detected capacity change from 0 to 2048
[   42.820260] loop0: detected capacity change from 0 to 2048
[   42.843108] loop0: detected capacity change from 0 to 2048
[   42.872547] loop0: detected capacity change from 0 to 2048
[   42.913883] loop0: detected capacity change from 0 to 2048
[   42.914490] I/O error, dev loop0, sector 0 op 0x0:(READ) flags 0x80700 phys_seg 1 prio class 2
[   42.957938] loop0: detected capacity change from 0 to 2048
[   42.958434] I/O error, dev loop0, sector 0 op 0x0:(READ) flags 0x80700 phys_seg 1 prio class 2
[   42.996163] loop0: detected capacity change from 0 to 2048
[   43.021558] loop0: detected capacity change from 0 to 2048
[   43.063898] loop0: detected capacity change from 0 to 2048
[   43.093815] loop0: detected capacity change from 0 to 2048
[   43.116341] loop0: detected capacity change from 0 to 2048
[   43.149463] loop0: detected capacity change from 0 to 2048
[   43.168995] loop0: detected capacity change from 0 to 2048
[   43.194840] loop0: detected capacity change from 0 to 2048
[   43.227088] loop0: detected capacity change from 0 to 2048
[   43.258941] loop0: detected capacity change from 0 to 2048
[   43.285265] loop0: detected capacity change from 0 to 2048
[   43.314332] loop0: detected capacity change from 0 to 2048
[   43.346537] loop0: detected capacity change from 0 to 2048
[   43.377669] loop0: detected capacity change from 0 to 2048
[   43.404286] loop0: detected capacity change from 0 to 2048
[   43.430689] loop0: detected capacity change from 0 to 2048
[   43.461382] loop0: detected capacity change from 0 to 2048
[   43.487525] loop0: detected capacity change from 0 to 2048
[   43.516456] loop0: detected capacity change from 0 to 2048
[   43.546072] loop0: detected capacity change from 0 to 2048
[   43.573781] loop0: detected capacity change from 0 to 2048
[   43.600358] loop0: detected capacity change from 0 to 2048
[   43.628103] loop0: detected capacity change from 0 to 2048
[   43.660252] loop0: detected capacity change from 0 to 2048
[   43.690746] loop0: detected capacity change from 0 to 2048
[   43.716384] loop0: detected capacity change from 0 to 2048
[   43.748367] loop0: detected capacity change from 0 to 2048
[   43.772633] loop0: detected capacity change from 0 to 2048
[   43.804100] loop0: detected capacity change from 0 to 2048
[   43.804693] I/O error, dev loop0, sector 0 op 0x0:(READ) flags 0x80700 phys_seg 1 prio class 2
[   43.825943] loop0: detected capacity change from 0 to 2048
[   43.857843] loop0: detected capacity change from 0 to 2048
[   43.880938] loop0: detected capacity change from 0 to 2048
[   43.917859] loop0: detected capacity change from 0 to 2048
[   43.951948] loop0: detected capacity change from 0 to 2048
[   43.981454] loop0: detected capacity change from 0 to 2048
[   44.015893] loop0: detected capacity change from 0 to 2048
[   44.038761] loop0: detected capacity change from 0 to 2048
[   44.072509] loop0: detected capacity change from 0 to 2048
[   44.105840] loop0: detected capacity change from 0 to 2048
[   44.132130] loop0: detected capacity change from 0 to 2048
[   44.158625] loop0: detected capacity change from 0 to 2048
[   44.183931] loop0: detected capacity change from 0 to 2048
[   44.184669] I/O error, dev loop0, sector 0 op 0x0:(READ) flags 0x80700 phys_seg 1 prio class 2
[   44.223198] loop0: detected capacity change from 0 to 2048
[   44.248374] loop0: detected capacity change from 0 to 2048
[   44.275897] loop0: detected capacity change from 0 to 2048
[   44.302506] loop0: detected capacity change from 0 to 2048
[   44.329086] loop0: detected capacity change from 0 to 2048
[   44.354483] loop0: detected capacity change from 0 to 2048
[   44.354887] I/O error, dev loop0, sector 0 op 0x0:(READ) flags 0x80700 phys_seg 1 prio class 2
[   44.389587] loop0: detected capacity change from 0 to 2048
[   44.420101] loop0: detected capacity change from 0 to 2048
[   44.443922] loop0: detected capacity change from 0 to 2048
[   44.470328] loop0: detected capacity change from 0 to 2048
[   44.500200] loop0: detected capacity change from 0 to 2048
[   44.527847] loop0: detected capacity change from 0 to 2048
[   44.555861] loop0: detected capacity change from 0 to 2048
[   44.583774] loop0: detected capacity change from 0 to 2048
[   44.612486] loop0: detected capacity change from 0 to 2048
[   44.639292] loop0: detected capacity change from 0 to 2048
[   44.666917] loop0: detected capacity change from 0 to 2048
[   44.697046] loop0: detected capacity change from 0 to 2048
[   44.716541] loop0: detected capacity change from 0 to 2048
[   44.748912] loop0: detected capacity change from 0 to 2048
[   44.776170] loop0: detected capacity change from 0 to 2048
[   44.803854] loop0: detected capacity change from 0 to 2048
[   44.830344] loop0: detected capacity change from 0 to 2048
[   44.859290] loop0: detected capacity change from 0 to 2048
[   44.889172] loop0: detected capacity change from 0 to 2048
[   44.889711] Buffer I/O error on dev loop0, logical block 0, async page read
[   44.938188] loop0: detected capacity change from 0 to 2048
[   44.973707] loop0: detected capacity change from 0 to 2048
[   44.996342] loop0: detected capacity change from 0 to 2048
[   45.023936] loop0: detected capacity change from 0 to 2048
[   45.051645] loop0: detected capacity change from 0 to 2048
[   45.077107] loop0: detected capacity change from 0 to 2048
[   45.109041] loop0: detected capacity change from 0 to 2048
[   45.129329] loop0: detected capacity change from 0 to 2048
[   45.152935] loop0: detected capacity change from 0 to 2048
[   45.182898] loop0: detected capacity change from 0 to 2048
[   45.208058] loop0: detected capacity change from 0 to 2048
[   45.237599] loop0: detected capacity change from 0 to 2048
[   45.264593] loop0: detected capacity change from 0 to 2048
[   45.295535] loop0: detected capacity change from 0 to 2048
[   45.316529] loop0: detected capacity change from 0 to 2048
[   45.350760] loop0: detected capacity change from 0 to 2048
[   45.379957] loop0: detected capacity change from 0 to 2048
[   45.380565] Buffer I/O error on dev loop0, logical block 0, async page read
[   45.407074] loop0: detected capacity change from 0 to 2048
[   45.429566] loop0: detected capacity change from 0 to 2048
[   45.466662] loop0: detected capacity change from 0 to 2048
[   45.495939] loop0: detected capacity change from 0 to 2048
[   45.524544] loop0: detected capacity change from 0 to 2048
[   45.545719] loop0: detected capacity change from 0 to 2048
[   45.581596] loop0: detected capacity change from 0 to 2048
[   45.604534] loop0: detected capacity change from 0 to 2048
[   45.637029] loop0: detected capacity change from 0 to 2048
[   45.666917] loop0: detected capacity change from 0 to 2048
[   45.692375] loop0: detected capacity change from 0 to 2048
[   45.692650] Buffer I/O error on dev loop0, logical block 0, async page read
[   45.720592] loop0: detected capacity change from 0 to 2048
[   45.751291] loop0: detected capacity change from 0 to 2048
[   45.789217] loop0: detected capacity change from 0 to 2048
[   45.813637] loop0: detected capacity change from 0 to 2048
[   45.842024] loop0: detected capacity change from 0 to 2048
[   45.867551] loop0: detected capacity change from 0 to 2048
[   45.896571] loop0: detected capacity change from 0 to 2048
[   45.927689] loop0: detected capacity change from 0 to 2048
[   45.956905] loop0: detected capacity change from 0 to 2048
[   45.993285] loop0: detected capacity change from 0 to 2048
[   46.018901] loop0: detected capacity change from 0 to 2048
[   46.049348] loop0: detected capacity change from 0 to 2048
[   46.049778] blk_print_req_error: 6 callbacks suppressed
[   46.049789] I/O error, dev loop0, sector 0 op 0x0:(READ) flags 0x80700 phys_seg 1 prio class 2
[   46.081508] loop0: detected capacity change from 0 to 2048
[   46.109381] loop0: detected capacity change from 0 to 2048
[   46.135363] loop0: detected capacity change from 0 to 2048
[   46.136127] I/O error, dev loop0, sector 0 op 0x0:(READ) flags 0x80700 phys_seg 1 prio class 2
[   46.136172] I/O error, dev loop0, sector 0 op 0x0:(READ) flags 0x0 phys_seg 1 prio class 2
[   46.136188] Buffer I/O error on dev loop0, logical block 0, async page read
[   46.136215] I/O error, dev loop0, sector 0 op 0x0:(READ) flags 0x0 phys_seg 1 prio class 2
[   46.136229] Buffer I/O error on dev loop0, logical block 0, async page read
[   46.136249] I/O error, dev loop0, sector 0 op 0x0:(READ) flags 0x0 phys_seg 1 prio class 2
[   46.142683] Buffer I/O error on dev loop0, logical block 0, async page read
[   46.166876] loop0: detected capacity change from 0 to 2048
[   46.200420] loop0: detected capacity change from 0 to 2048
[   46.237276] loop0: detected capacity change from 0 to 2048
[   46.258907] loop0: detected capacity change from 0 to 2048
[   46.293080] loop0: detected capacity change from 0 to 2048
[   46.293421] I/O error, dev loop0, sector 0 op 0x0:(READ) flags 0x80700 phys_seg 1 prio class 2
[   46.326078] loop0: detected capacity change from 0 to 2048
[   46.349406] loop0: detected capacity change from 0 to 2048
[   46.350173] I/O error, dev loop0, sector 0 op 0x0:(READ) flags 0x80700 phys_seg 1 prio class 2
[   46.376234] loop0: detected capacity change from 0 to 2048
[   46.406313] loop0: detected capacity change from 0 to 2048
[   46.442214] loop0: detected capacity change from 0 to 2048
[   46.471386] loop0: detected capacity change from 0 to 2048
[   46.490218] loop0: detected capacity change from 0 to 2048
[   46.524788] loop0: detected capacity change from 0 to 2048
[   46.546808] loop0: detected capacity change from 0 to 2048
[   46.578738] loop0: detected capacity change from 0 to 2048
[   46.624892] loop0: detected capacity change from 0 to 2048
[   46.643592] loop0: detected capacity change from 0 to 2048
[   46.675751] loop0: detected capacity change from 0 to 2048
[   46.703943] loop0: detected capacity change from 0 to 2048
[   46.726345] loop0: detected capacity change from 0 to 2048
[   46.757685] loop0: detected capacity change from 0 to 2048
[   46.784877] loop0: detected capacity change from 0 to 2048
[   46.810707] loop0: detected capacity change from 0 to 2048
[   46.846142] loop0: detected capacity change from 0 to 2048
[   46.846418] I/O error, dev loop0, sector 0 op 0x0:(READ) flags 0x80700 phys_seg 1 prio class 2
[   46.884059] loop0: detected capacity change from 0 to 2048
[   46.926620] loop0: detected capacity change from 0 to 2048
[   46.965520] loop0: detected capacity change from 0 to 2048
[   46.986964] loop0: detected capacity change from 0 to 2048
[   47.015595] loop0: detected capacity change from 0 to 2048
[   47.043797] loop0: detected capacity change from 0 to 2048
[   47.070819] loop0: detected capacity change from 0 to 2048
[   47.097896] loop0: detected capacity change from 0 to 2048
[   47.124074] loop0: detected capacity change from 0 to 2048
[   47.147283] loop0: detected capacity change from 0 to 2048
[   47.173591] loop0: detected capacity change from 0 to 2048
[   47.194536] loop0: detected capacity change from 0 to 2048
[   47.225499] loop0: detected capacity change from 0 to 2048
[   47.248002] loop0: detected capacity change from 0 to 2048
[   47.276642] loop0: detected capacity change from 0 to 2048
[   47.303937] loop0: detected capacity change from 0 to 2048
[   47.327168] loop0: detected capacity change from 0 to 2048
[   47.354820] loop0: detected capacity change from 0 to 2048
[   47.380169] loop0: detected capacity change from 0 to 2048
[   47.404167] loop0: detected capacity change from 0 to 2048
[   47.431833] loop0: detected capacity change from 0 to 2048
[   47.455195] loop0: detected capacity change from 0 to 2048
[   47.483267] loop0: detected capacity change from 0 to 2048
[   47.503719] loop0: detected capacity change from 0 to 2048
[   47.529561] loop0: detected capacity change from 0 to 2048
[   47.555638] loop0: detected capacity change from 0 to 2048
[   47.586818] loop0: detected capacity change from 0 to 2048
[   47.610874] loop0: detected capacity change from 0 to 2048
[   47.611629] I/O error, dev loop0, sector 0 op 0x0:(READ) flags 0x80700 phys_seg 1 prio class 2
[   47.611674] I/O error, dev loop0, sector 0 op 0x0:(READ) flags 0x0 phys_seg 1 prio class 2
[   47.613961] Buffer I/O error on dev loop0, logical block 0, async page read
[   47.643820] loop0: detected capacity change from 0 to 2048
[   47.664156] loop0: detected capacity change from 0 to 2048
[   47.690287] loop0: detected capacity change from 0 to 2048
[   47.721697] loop0: detected capacity change from 0 to 2048
[   47.750518] loop0: detected capacity change from 0 to 2048
[   47.750841] Buffer I/O error on dev loop0, logical block 0, async page read
[   47.787866] loop0: detected capacity change from 0 to 2048
[   47.815442] loop0: detected capacity change from 0 to 2048
[   47.841076] loop0: detected capacity change from 0 to 2048
[   47.868111] loop0: detected capacity change from 0 to 2048
[   47.902426] loop0: detected capacity change from 0 to 2048
[   47.936595] loop0: detected capacity change from 0 to 2048
[   47.968760] loop0: detected capacity change from 0 to 2048
[   47.986066] loop0: detected capacity change from 0 to 2048
[   48.015012] loop0: detected capacity change from 0 to 2048
[   48.043892] loop0: detected capacity change from 0 to 2048
[   48.080636] loop0: detected capacity change from 0 to 2048
[   48.102175] loop0: detected capacity change from 0 to 2048
[   48.135444] loop0: detected capacity change from 0 to 2048
[   48.159384] loop0: detected capacity change from 0 to 2048
[   48.189432] loop0: detected capacity change from 0 to 2048
[   48.228808] loop0: detected capacity change from 0 to 2048
[   48.249398] loop0: detected capacity change from 0 to 2048
[   48.271605] loop0: detected capacity change from 0 to 2048
[   48.295324] loop0: detected capacity change from 0 to 2048
[   48.321747] loop0: detected capacity change from 0 to 2048
[   48.322148] Buffer I/O error on dev loop0, logical block 0, async page read
[   48.353441] loop0: detected capacity change from 0 to 2048
[   48.386309] loop0: detected capacity change from 0 to 2048
[   48.409826] loop0: detected capacity change from 0 to 2048
[   48.435777] loop0: detected capacity change from 0 to 2048
[   48.467122] loop0: detected capacity change from 0 to 2048
[   48.491910] loop0: detected capacity change from 0 to 2048
[   48.524077] loop0: detected capacity change from 0 to 2048
[   48.546459] loop0: detected capacity change from 0 to 2048
[   48.578950] loop0: detected capacity change from 0 to 2048
[   48.611911] loop0: detected capacity change from 0 to 2048
[   48.644087] loop0: detected capacity change from 0 to 2048
[   48.672138] loop0: detected capacity change from 0 to 2048
[   48.694610] loop0: detected capacity change from 0 to 2048
[   48.726055] loop0: detected capacity change from 0 to 2048
[   48.753573] loop0: detected capacity change from 0 to 2048
[   48.784962] loop0: detected capacity change from 0 to 2048
[   48.811287] loop0: detected capacity change from 0 to 2048
[   48.842605] loop0: detected capacity change from 0 to 2048
[   48.870439] loop0: detected capacity change from 0 to 2048
[   48.906212] loop0: detected capacity change from 0 to 2048
[   48.938246] loop0: detected capacity change from 0 to 2048
[   48.972351] loop0: detected capacity change from 0 to 2048
[   48.992156] loop0: detected capacity change from 0 to 2048
[   49.021455] loop0: detected capacity change from 0 to 2048
[   49.058439] loop0: detected capacity change from 0 to 2048
[   49.059259] Buffer I/O error on dev loop0, logical block 0, async page read
[   49.092329] loop0: detected capacity change from 0 to 2048
[   49.114956] loop0: detected capacity change from 0 to 2048
[   49.143996] loop0: detected capacity change from 0 to 2048
[   49.178404] loop0: detected capacity change from 0 to 2048
[   49.208142] loop0: detected capacity change from 0 to 2048
[   49.229932] loop0: detected capacity change from 0 to 2048
[   49.266089] loop0: detected capacity change from 0 to 2048
[   49.293950] loop0: detected capacity change from 0 to 2048
[   49.332557] loop0: detected capacity change from 0 to 2048
[   49.358534] loop0: detected capacity change from 0 to 2048
[   49.378220] loop0: detected capacity change from 0 to 2048
[   49.417088] loop0: detected capacity change from 0 to 2048
[   49.444128] loop0: detected capacity change from 0 to 2048
[   49.478329] loop0: detected capacity change from 0 to 2048
[   49.506964] loop0: detected capacity change from 0 to 2048
[   49.532467] loop0: detected capacity change from 0 to 2048
[   49.560129] loop0: detected capacity change from 0 to 2048
[   49.594569] loop0: detected capacity change from 0 to 2048
[   49.620516] loop0: detected capacity change from 0 to 2048
[   49.648305] loop0: detected capacity change from 0 to 2048
[   49.669296] loop0: detected capacity change from 0 to 2048
[   49.698858] loop0: detected capacity change from 0 to 2048
[   49.735750] loop0: detected capacity change from 0 to 2048
[   49.765662] loop0: detected capacity change from 0 to 2048
[   49.793613] loop0: detected capacity change from 0 to 2048
[   49.821001] loop0: detected capacity change from 0 to 2048
[   49.848200] loop0: detected capacity change from 0 to 2048
[   49.883987] loop0: detected capacity change from 0 to 2048
[   49.915699] loop0: detected capacity change from 0 to 2048
[   49.916372] buffer_io_error: 19 callbacks suppressed
[   49.916383] Buffer I/O error on dev loop0, logical block 0, async page read
[   49.953728] loop0: detected capacity change from 0 to 2048
[   49.978117] loop0: detected capacity change from 0 to 2048
[   49.978971] Buffer I/O error on dev loop0, logical block 0, async page read
[   49.979006] Buffer I/O error on dev loop0, logical block 0, async page read
[   50.011294] loop0: detected capacity change from 0 to 2048
[   50.050272] loop0: detected capacity change from 0 to 2048
[   50.082853] loop0: detected capacity change from 0 to 2048
[   50.108546] loop0: detected capacity change from 0 to 2048
[   50.135754] loop0: detected capacity change from 0 to 2048
[   50.161933] loop0: detected capacity change from 0 to 2048
[   50.189598] loop0: detected capacity change from 0 to 2048
[   50.216464] loop0: detected capacity change from 0 to 2048
[   50.216877] Buffer I/O error on dev loop0, logical block 0, async page read
[   50.252959] loop0: detected capacity change from 0 to 2048
[   50.273208] loop0: detected capacity change from 0 to 2048
[   50.309938] loop0: detected capacity change from 0 to 2048
[   50.341029] loop0: detected capacity change from 0 to 2048
[   50.341645] Buffer I/O error on dev loop0, logical block 0, async page read
[   50.375229] loop0: detected capacity change from 0 to 2048
[   50.405644] loop0: detected capacity change from 0 to 2048
[   50.438897] loop0: detected capacity change from 0 to 2048
[   50.466738] loop0: detected capacity change from 0 to 2048
[   50.498437] loop0: detected capacity change from 0 to 2048
[   50.523236] loop0: detected capacity change from 0 to 2048
[   50.556167] loop0: detected capacity change from 0 to 2048
[   50.585700] loop0: detected capacity change from 0 to 2048
[   50.614265] loop0: detected capacity change from 0 to 2048
[   50.643124] loop0: detected capacity change from 0 to 2048
[   50.669614] loop0: detected capacity change from 0 to 2048
[   50.701990] loop0: detected capacity change from 0 to 2048
[   50.721704] loop0: detected capacity change from 0 to 2048
[   50.757418] loop0: detected capacity change from 0 to 2048
[   50.776574] loop0: detected capacity change from 0 to 2048
[   50.805187] loop0: detected capacity change from 0 to 2048
[   50.836671] loop0: detected capacity change from 0 to 2048
[   50.870789] loop0: detected capacity change from 0 to 2048
[   50.909375] loop0: detected capacity change from 0 to 2048
[   50.948702] loop0: detected capacity change from 0 to 2048
[   50.949307] Buffer I/O error on dev loop0, logical block 0, async page read
[   50.977139] loop0: detected capacity change from 0 to 2048
[   51.009946] loop0: detected capacity change from 0 to 2048
[   51.037717] loop0: detected capacity change from 0 to 2048
[   51.068777] loop0: detected capacity change from 0 to 2048
[   51.093421] loop0: detected capacity change from 0 to 2048
[   51.120277] loop0: detected capacity change from 0 to 2048
[   51.145412] loop0: detected capacity change from 0 to 2048
[   51.174901] loop0: detected capacity change from 0 to 2048
[   51.210515] loop0: detected capacity change from 0 to 2048
[   51.240359] loop0: detected capacity change from 0 to 2048
[   51.273456] loop0: detected capacity change from 0 to 2048
[   51.273919] blk_print_req_error: 39 callbacks suppressed
[   51.273930] I/O error, dev loop0, sector 0 op 0x0:(READ) flags 0x80700 phys_seg 1 prio class 2
[   51.301059] loop0: detected capacity change from 0 to 2048
[   51.329091] loop0: detected capacity change from 0 to 2048
[   51.362313] loop0: detected capacity change from 0 to 2048
[   51.362748] I/O error, dev loop0, sector 0 op 0x0:(READ) flags 0x80700 phys_seg 1 prio class 2
[   51.389087] loop0: detected capacity change from 0 to 2048
[   51.415215] loop0: detected capacity change from 0 to 2048
[   51.441711] loop0: detected capacity change from 0 to 2048
[   51.474377] loop0: detected capacity change from 0 to 2048
[   51.503983] loop0: detected capacity change from 0 to 2048
[   51.540090] loop0: detected capacity change from 0 to 2048
[   51.566985] loop0: detected capacity change from 0 to 2048
[   51.591320] loop0: detected capacity change from 0 to 2048
[   51.616263] loop0: detected capacity change from 0 to 2048
[   51.648314] loop0: detected capacity change from 0 to 2048
[   51.676842] loop0: detected capacity change from 0 to 2048
[   51.708209] loop0: detected capacity change from 0 to 2048
[   51.737363] loop0: detected capacity change from 0 to 2048
[   51.738225] I/O error, dev loop0, sector 0 op 0x0:(READ) flags 0x80700 phys_seg 1 prio class 2
[   51.738296] I/O error, dev loop0, sector 0 op 0x0:(READ) flags 0x0 phys_seg 1 prio class 2
[   51.740741] Buffer I/O error on dev loop0, logical block 0, async page read
[   51.764927] loop0: detected capacity change from 0 to 2048
[   51.801914] loop0: detected capacity change from 0 to 2048
[   51.842663] loop0: detected capacity change from 0 to 2048
[   51.885306] loop0: detected capacity change from 0 to 2048
[   51.930671] loop0: detected capacity change from 0 to 2048
[   51.967256] loop0: detected capacity change from 0 to 2048
[   51.990670] loop0: detected capacity change from 0 to 2048
[   52.014672] loop0: detected capacity change from 0 to 2048
[   52.047747] loop0: detected capacity change from 0 to 2048
[   52.103047] loop0: detected capacity change from 0 to 2048
[   52.136450] loop0: detected capacity change from 0 to 2048
[   52.160322] loop0: detected capacity change from 0 to 2048
[   52.188927] loop0: detected capacity change from 0 to 2048
[   52.209932] loop0: detected capacity change from 0 to 2048
[   52.245267] loop0: detected capacity change from 0 to 2048
[   52.268838] loop0: detected capacity change from 0 to 2048
[   52.294847] loop0: detected capacity change from 0 to 2048
[   52.322485] loop0: detected capacity change from 0 to 2048
[   52.358683] loop0: detected capacity change from 0 to 2048
[   52.388481] loop0: detected capacity change from 0 to 2048
[   52.424722] loop0: detected capacity change from 0 to 2048
[   52.452757] loop0: detected capacity change from 0 to 2048
[   52.479632] loop0: detected capacity change from 0 to 2048
[   52.505302] loop0: detected capacity change from 0 to 2048
[   52.537896] loop0: detected capacity change from 0 to 2048
[   52.562194] loop0: detected capacity change from 0 to 2048
[   52.604429] loop0: detected capacity change from 0 to 2048
[   52.625574] loop0: detected capacity change from 0 to 2048
[   52.657534] loop0: detected capacity change from 0 to 2048
[   52.694044] loop0: detected capacity change from 0 to 2048
[   52.718937] loop0: detected capacity change from 0 to 2048
[   52.748891] loop0: detected capacity change from 0 to 2048
[   52.770515] loop0: detected capacity change from 0 to 2048
[   52.801133] loop0: detected capacity change from 0 to 2048
[   52.835965] loop0: detected capacity change from 0 to 2048
[   52.861824] loop0: detected capacity change from 0 to 2048
[   52.904492] loop0: detected capacity change from 0 to 2048
[   52.939813] loop0: detected capacity change from 0 to 2048
[   52.960556] loop0: detected capacity change from 0 to 2048
[   52.993220] loop0: detected capacity change from 0 to 2048
[   53.021898] loop0: detected capacity change from 0 to 2048
[   53.056414] loop0: detected capacity change from 0 to 2048
[   53.085877] loop0: detected capacity change from 0 to 2048
[   53.108778] loop0: detected capacity change from 0 to 2048
[   53.136736] loop0: detected capacity change from 0 to 2048
[   53.164925] loop0: detected capacity change from 0 to 2048
[   53.196429] loop0: detected capacity change from 0 to 2048
[   53.197089] I/O error, dev loop0, sector 0 op 0x0:(READ) flags 0x80700 phys_seg 1 prio class 2
[   53.225276] loop0: detected capacity change from 0 to 2048
[   53.253663] loop0: detected capacity change from 0 to 2048
[   53.285844] loop0: detected capacity change from 0 to 2048
[   53.306984] loop0: detected capacity change from 0 to 2048
[   53.346583] loop0: detected capacity change from 0 to 2048
[   53.373323] loop0: detected capacity change from 0 to 2048
[   53.403837] loop0: detected capacity change from 0 to 2048
[   53.426941] loop0: detected capacity change from 0 to 2048
[   53.458863] loop0: detected capacity change from 0 to 2048
[   53.491738] loop0: detected capacity change from 0 to 2048
[   53.522521] loop0: detected capacity change from 0 to 2048
[   53.544616] loop0: detected capacity change from 0 to 2048
[   53.577564] loop0: detected capacity change from 0 to 2048
[   53.599841] loop0: detected capacity change from 0 to 2048
[   53.633915] loop0: detected capacity change from 0 to 2048
[   53.660742] loop0: detected capacity change from 0 to 2048
[   53.679715] loop0: detected capacity change from 0 to 2048
[   53.707161] loop0: detected capacity change from 0 to 2048
[   53.731799] loop0: detected capacity change from 0 to 2048
[   53.754519] loop0: detected capacity change from 0 to 2048
[   53.778731] loop0: detected capacity change from 0 to 2048
[   53.810467] loop0: detected capacity change from 0 to 2048
[   53.835724] loop0: detected capacity change from 0 to 2048
[   53.862498] loop0: detected capacity change from 0 to 2048
[   53.895211] loop0: detected capacity change from 0 to 2048
[   53.925647] loop0: detected capacity change from 0 to 2048
[   53.955012] loop0: detected capacity change from 0 to 2048
[   53.980160] loop0: detected capacity change from 0 to 2048
[   53.999996] loop0: detected capacity change from 0 to 2048
[   54.028831] loop0: detected capacity change from 0 to 2048
[   54.055182] loop0: detected capacity change from 0 to 2048
[   54.080653] loop0: detected capacity change from 0 to 2048
[   54.103309] loop0: detected capacity change from 0 to 2048
[   54.125647] loop0: detected capacity change from 0 to 2048
[   54.154547] loop0: detected capacity change from 0 to 2048
[   54.181081] loop0: detected capacity change from 0 to 2048
[   54.204877] loop0: detected capacity change from 0 to 2048
[   54.230309] loop0: detected capacity change from 0 to 2048
[   54.259733] loop0: detected capacity change from 0 to 2048
[   54.260394] I/O error, dev loop0, sector 0 op 0x0:(READ) flags 0x80700 phys_seg 1 prio class 2
[   54.287752] loop0: detected capacity change from 0 to 2048
[   54.317706] loop0: detected capacity change from 0 to 2048
[   54.335559] loop0: detected capacity change from 0 to 2048
[   54.366000] loop0: detected capacity change from 0 to 2048
[   54.391208] loop0: detected capacity change from 0 to 2048
[   54.422149] loop0: detected capacity change from 0 to 2048
[   54.445269] loop0: detected capacity change from 0 to 2048
[   54.475219] loop0: detected capacity change from 0 to 2048
[   54.514261] loop0: detected capacity change from 0 to 2048
[   54.542818] loop0: detected capacity change from 0 to 2048
[   54.562833] loop0: detected capacity change from 0 to 2048
[   54.592601] loop0: detected capacity change from 0 to 2048
[   54.621104] loop0: detected capacity change from 0 to 2048
[   54.642876] loop0: detected capacity change from 0 to 2048
[   54.674301] loop0: detected capacity change from 0 to 2048
[   54.674930] I/O error, dev loop0, sector 0 op 0x0:(READ) flags 0x80700 phys_seg 1 prio class 2
[   54.705462] loop0: detected capacity change from 0 to 2048
[   54.728497] loop0: detected capacity change from 0 to 2048
[   54.752468] loop0: detected capacity change from 0 to 2048
[   54.784195] loop0: detected capacity change from 0 to 2048
[   54.809666] loop0: detected capacity change from 0 to 2048
[   54.830875] loop0: detected capacity change from 0 to 2048
[   54.852332] loop0: detected capacity change from 0 to 2048
[   54.878484] loop0: detected capacity change from 0 to 2048
[   54.905776] loop0: detected capacity change from 0 to 2048
[   54.936387] loop0: detected capacity change from 0 to 2048
[   54.966356] loop0: detected capacity change from 0 to 2048
[   55.003512] loop0: detected capacity change from 0 to 2048
[   55.028053] loop0: detected capacity change from 0 to 2048
[   55.056739] loop0: detected capacity change from 0 to 2048
[   55.057529] I/O error, dev loop0, sector 0 op 0x0:(READ) flags 0x80700 phys_seg 1 prio class 2
[   55.081489] loop0: detected capacity change from 0 to 2048
[   55.109182] loop0: detected capacity change from 0 to 2048
[   55.135705] loop0: detected capacity change from 0 to 2048
[   55.159475] loop0: detected capacity change from 0 to 2048
[   55.186376] loop0: detected capacity change from 0 to 2048
[   55.214946] loop0: detected capacity change from 0 to 2048
[   55.250930] loop0: detected capacity change from 0 to 2048
[   55.284271] loop0: detected capacity change from 0 to 2048
[   55.308481] loop0: detected capacity change from 0 to 2048
[   55.340327] loop0: detected capacity change from 0 to 2048
[   55.366488] loop0: detected capacity change from 0 to 2048
[   55.393754] loop0: detected capacity change from 0 to 2048
[   55.416975] loop0: detected capacity change from 0 to 2048
[   55.436801] loop0: detected capacity change from 0 to 2048
[   55.437058] I/O error, dev loop0, sector 0 op 0x0:(READ) flags 0x80700 phys_seg 1 prio class 2
[   55.468705] loop0: detected capacity change from 0 to 2048
[   55.497641] loop0: detected capacity change from 0 to 2048
[   55.528201] loop0: detected capacity change from 0 to 2048
[   55.558838] loop0: detected capacity change from 0 to 2048
[   55.580736] loop0: detected capacity change from 0 to 2048
[   55.614250] loop0: detected capacity change from 0 to 2048
[   55.638965] loop0: detected capacity change from 0 to 2048
[   55.666033] loop0: detected capacity change from 0 to 2048
[   55.689155] loop0: detected capacity change from 0 to 2048
[   55.715050] loop0: detected capacity change from 0 to 2048
[   55.752314] loop0: detected capacity change from 0 to 2048
[   55.770466] loop0: detected capacity change from 0 to 2048
[   55.798669] loop0: detected capacity change from 0 to 2048
[   55.829759] loop0: detected capacity change from 0 to 2048
[   55.857098] loop0: detected capacity change from 0 to 2048
[   55.902773] loop0: detected capacity change from 0 to 2048
[   55.943884] loop0: detected capacity change from 0 to 2048
[   55.978007] loop0: detected capacity change from 0 to 2048
[   56.012346] loop0: detected capacity change from 0 to 2048
[   56.038007] loop0: detected capacity change from 0 to 2048
[   56.058337] loop0: detected capacity change from 0 to 2048
[   56.096200] loop0: detected capacity change from 0 to 2048
[   56.116720] loop0: detected capacity change from 0 to 2048
[   56.148620] loop0: detected capacity change from 0 to 2048
[   56.177659] loop0: detected capacity change from 0 to 2048
[   56.205184] loop0: detected capacity change from 0 to 2048
[   56.230755] loop0: detected capacity change from 0 to 2048
[   56.269031] loop0: detected capacity change from 0 to 2048
[   56.293967] loop0: detected capacity change from 0 to 2048
[   56.318516] loop0: detected capacity change from 0 to 2048
[   56.348119] loop0: detected capacity change from 0 to 2048
[   56.374891] loop0: detected capacity change from 0 to 2048
[   56.405316] loop0: detected capacity change from 0 to 2048
[   56.428790] loop0: detected capacity change from 0 to 2048
[   56.459361] loop0: detected capacity change from 0 to 2048
[   56.482988] loop0: detected capacity change from 0 to 2048
[   56.519842] loop0: detected capacity change from 0 to 2048
[   56.564385] loop0: detected capacity change from 0 to 2048
[   56.591328] loop0: detected capacity change from 0 to 2048
[   56.622213] loop0: detected capacity change from 0 to 2048
[   56.641406] loop0: detected capacity change from 0 to 2048
[   56.669302] loop0: detected capacity change from 0 to 2048
[   56.699949] loop0: detected capacity change from 0 to 2048
[   56.725659] loop0: detected capacity change from 0 to 2048
[   56.757676] loop0: detected capacity change from 0 to 2048
[   56.784052] loop0: detected capacity change from 0 to 2048
[   56.808669] loop0: detected capacity change from 0 to 2048
[   56.832309] loop0: detected capacity change from 0 to 2048
[   56.863205] loop0: detected capacity change from 0 to 2048
[   56.900849] loop0: detected capacity change from 0 to 2048
[   56.942432] loop0: detected capacity change from 0 to 2048
[   56.973692] loop0: detected capacity change from 0 to 2048
[   57.000807] loop0: detected capacity change from 0 to 2048
[   57.029300] loop0: detected capacity change from 0 to 2048
[   57.055942] loop0: detected capacity change from 0 to 2048
[   57.084076] loop0: detected capacity change from 0 to 2048
[   57.118132] loop0: detected capacity change from 0 to 2048
[   57.147705] loop0: detected capacity change from 0 to 2048
[   57.175523] loop0: detected capacity change from 0 to 2048
[   57.199985] loop0: detected capacity change from 0 to 2048
[   57.231638] loop0: detected capacity change from 0 to 2048
[   57.265723] loop0: detected capacity change from 0 to 2048
[   57.285836] loop0: detected capacity change from 0 to 2048
[   57.313814] loop0: detected capacity change from 0 to 2048
[   57.345917] loop0: detected capacity change from 0 to 2048
[   57.370456] loop0: detected capacity change from 0 to 2048
[   57.370860] I/O error, dev loop0, sector 0 op 0x0:(READ) flags 0x80700 phys_seg 1 prio class 2
[   57.402135] loop0: detected capacity change from 0 to 2048
[   57.424711] loop0: detected capacity change from 0 to 2048
[   57.458324] loop0: detected capacity change from 0 to 2048
[   57.484884] loop0: detected capacity change from 0 to 2048
[   57.525970] loop0: detected capacity change from 0 to 2048
[   57.554170] loop0: detected capacity change from 0 to 2048
[   57.578023] loop0: detected capacity change from 0 to 2048
[   57.601989] loop0: detected capacity change from 0 to 2048
[   57.626244] loop0: detected capacity change from 0 to 2048
[   57.654274] loop0: detected capacity change from 0 to 2048
[   57.684105] loop0: detected capacity change from 0 to 2048
[   57.706802] loop0: detected capacity change from 0 to 2048
[   57.735860] loop0: detected capacity change from 0 to 2048
[   57.755743] loop0: detected capacity change from 0 to 2048
[   57.787735] loop0: detected capacity change from 0 to 2048
[   57.813023] loop0: detected capacity change from 0 to 2048
[   57.839219] loop0: detected capacity change from 0 to 2048
[   57.865624] loop0: detected capacity change from 0 to 2048
[   57.895085] loop0: detected capacity change from 0 to 2048
[   57.932733] loop0: detected capacity change from 0 to 2048
[   57.933395] I/O error, dev loop0, sector 0 op 0x0:(READ) flags 0x80700 phys_seg 1 prio class 2
[   57.966851] loop0: detected capacity change from 0 to 2048
[   57.988642] loop0: detected capacity change from 0 to 2048
[   58.013356] loop0: detected capacity change from 0 to 2048
[   58.038394] loop0: detected capacity change from 0 to 2048
[   58.068731] loop0: detected capacity change from 0 to 2048
[   58.069223] I/O error, dev loop0, sector 0 op 0x0:(READ) flags 0x80700 phys_seg 1 prio class 2
[   58.100510] loop0: detected capacity change from 0 to 2048
[   58.123179] loop0: detected capacity change from 0 to 2048
[   58.152827] loop0: detected capacity change from 0 to 2048
[   58.178881] loop0: detected capacity change from 0 to 2048
[   58.202263] loop0: detected capacity change from 0 to 2048
[   58.227960] loop0: detected capacity change from 0 to 2048
[   58.228555] I/O error, dev loop0, sector 0 op 0x0:(READ) flags 0x80700 phys_seg 1 prio class 2
[   58.254587] loop0: detected capacity change from 0 to 2048
[   58.287985] loop0: detected capacity change from 0 to 2048
[   58.319336] loop0: detected capacity change from 0 to 2048
[   58.340808] loop0: detected capacity change from 0 to 2048
[   58.378232] loop0: detected capacity change from 0 to 2048
[   58.404963] loop0: detected capacity change from 0 to 2048
[   58.435218] loop0: detected capacity change from 0 to 2048
[   58.459060] loop0: detected capacity change from 0 to 2048
[   58.484983] loop0: detected capacity change from 0 to 2048
[   58.515853] loop0: detected capacity change from 0 to 2048
[   58.540660] loop0: detected capacity change from 0 to 2048
[   58.562300] loop0: detected capacity change from 0 to 2048
[   58.593080] loop0: detected capacity change from 0 to 2048
[   58.622385] loop0: detected capacity change from 0 to 2048
[   58.647221] loop0: detected capacity change from 0 to 2048
[   58.673176] loop0: detected capacity change from 0 to 2048
[   58.673808] I/O error, dev loop0, sector 0 op 0x0:(READ) flags 0x80700 phys_seg 1 prio class 2
[   58.698254] loop0: detected capacity change from 0 to 2048
[   58.724862] loop0: detected capacity change from 0 to 2048
[   58.757350] loop0: detected capacity change from 0 to 2048
[   58.795227] loop0: detected capacity change from 0 to 2048
[   58.795699] I/O error, dev loop0, sector 0 op 0x0:(READ) flags 0x80700 phys_seg 1 prio class 2
[   58.824717] loop0: detected capacity change from 0 to 2048
[   58.859053] loop0: detected capacity change from 0 to 2048
[   58.888578] loop0: detected capacity change from 0 to 2048
[   58.930900] loop0: detected capacity change from 0 to 2048
[   58.964366] loop0: detected capacity change from 0 to 2048
[   58.998329] loop0: detected capacity change from 0 to 2048
[   59.024172] loop0: detected capacity change from 0 to 2048
[   59.045583] loop0: detected capacity change from 0 to 2048
[   59.076761] loop0: detected capacity change from 0 to 2048
[   59.103073] loop0: detected capacity change from 0 to 2048
[   59.133666] loop0: detected capacity change from 0 to 2048
[   59.165665] loop0: detected capacity change from 0 to 2048
[   59.191521] loop0: detected capacity change from 0 to 2048
[   59.219228] loop0: detected capacity change from 0 to 2048
[   59.247189] loop0: detected capacity change from 0 to 2048
[   59.274715] loop0: detected capacity change from 0 to 2048
[   59.297850] loop0: detected capacity change from 0 to 2048
[   59.325078] loop0: detected capacity change from 0 to 2048
[   59.357133] loop0: detected capacity change from 0 to 2048
[   59.382366] loop0: detected capacity change from 0 to 2048
[   59.413091] loop0: detected capacity change from 0 to 2048
[   59.436370] loop0: detected capacity change from 0 to 2048
[   59.475380] loop0: detected capacity change from 0 to 2048
[   59.504871] loop0: detected capacity change from 0 to 2048
[   59.505253] I/O error, dev loop0, sector 0 op 0x0:(READ) flags 0x80700 phys_seg 1 prio class 2
[   59.534107] loop0: detected capacity change from 0 to 2048
[   59.565196] loop0: detected capacity change from 0 to 2048
[   59.600235] loop0: detected capacity change from 0 to 2048
[   59.623976] loop0: detected capacity change from 0 to 2048
[   59.648411] loop0: detected capacity change from 0 to 2048
[   59.679447] loop0: detected capacity change from 0 to 2048
[   59.703763] loop0: detected capacity change from 0 to 2048
[   59.732135] loop0: detected capacity change from 0 to 2048
[   59.754749] loop0: detected capacity change from 0 to 2048
[   59.782074] loop0: detected capacity change from 0 to 2048
[   59.815444] loop0: detected capacity change from 0 to 2048
[   59.842081] loop0: detected capacity change from 0 to 2048
[   59.869544] loop0: detected capacity change from 0 to 2048
[   59.910205] loop0: detected capacity change from 0 to 2048
[   59.910518] I/O error, dev loop0, sector 0 op 0x0:(READ) flags 0x80700 phys_seg 1 prio class 2
[   59.942550] loop0: detected capacity change from 0 to 2048
[   59.975140] loop0: detected capacity change from 0 to 2048
[   59.999326] loop0: detected capacity change from 0 to 2048
[   60.025860] loop0: detected capacity change from 0 to 2048
[   60.026422] I/O error, dev loop0, sector 0 op 0x0:(READ) flags 0x80700 phys_seg 1 prio class 2
[   60.053102] loop0: detected capacity change from 0 to 2048
[   60.087891] loop0: detected capacity change from 0 to 2048
[   60.110054] loop0: detected capacity change from 0 to 2048
[   60.144296] loop0: detected capacity change from 0 to 2048
[   60.171967] loop0: detected capacity change from 0 to 2048
[   60.193627] loop0: detected capacity change from 0 to 2048
[   60.223365] loop0: detected capacity change from 0 to 2048
[   60.251349] loop0: detected capacity change from 0 to 2048
[   60.291961] loop0: detected capacity change from 0 to 2048
[   60.313106] loop0: detected capacity change from 0 to 2048
[   60.351156] loop0: detected capacity change from 0 to 2048
[   60.373214] loop0: detected capacity change from 0 to 2048
[   60.410513] loop0: detected capacity change from 0 to 2048
[   60.431867] loop0: detected capacity change from 0 to 2048
[   60.462550] loop0: detected capacity change from 0 to 2048
[   60.483168] loop0: detected capacity change from 0 to 2048
[   60.510624] loop0: detected capacity change from 0 to 2048
[   60.533236] loop0: detected capacity change from 0 to 2048
[   60.565937] loop0: detected capacity change from 0 to 2048
[   60.596666] loop0: detected capacity change from 0 to 2048
[   60.615687] loop0: detected capacity change from 0 to 2048
[   60.643113] loop0: detected capacity change from 0 to 2048
[   60.667762] loop0: detected capacity change from 0 to 2048
[   60.693341] loop0: detected capacity change from 0 to 2048
[   60.722914] loop0: detected capacity change from 0 to 2048
[   60.754313] loop0: detected capacity change from 0 to 2048
[   60.787367] loop0: detected capacity change from 0 to 2048
[   60.812953] loop0: detected capacity change from 0 to 2048
[   60.840508] loop0: detected capacity change from 0 to 2048
[   60.860997] loop0: detected capacity change from 0 to 2048
[   60.890905] loop0: detected capacity change from 0 to 2048
[   60.925401] loop0: detected capacity change from 0 to 2048
[   60.959698] loop0: detected capacity change from 0 to 2048
[   60.993465] loop0: detected capacity change from 0 to 2048
[   61.014739] loop0: detected capacity change from 0 to 2048
[   61.045815] loop0: detected capacity change from 0 to 2048
[   61.081234] loop0: detected capacity change from 0 to 2048
[   61.104567] loop0: detected capacity change from 0 to 2048
[   61.131757] loop0: detected capacity change from 0 to 2048
[   61.156333] loop0: detected capacity change from 0 to 2048
[   61.181915] loop0: detected capacity change from 0 to 2048
[   61.208965] loop0: detected capacity change from 0 to 2048
[   61.240364] loop0: detected capacity change from 0 to 2048
[   61.269692] loop0: detected capacity change from 0 to 2048
[   61.296266] loop0: detected capacity change from 0 to 2048
[   61.321568] loop0: detected capacity change from 0 to 2048
[   61.357725] loop0: detected capacity change from 0 to 2048
[   61.383020] loop0: detected capacity change from 0 to 2048
[   61.412815] loop0: detected capacity change from 0 to 2048
[   61.438269] loop0: detected capacity change from 0 to 2048
[   61.463954] loop0: detected capacity change from 0 to 2048
[   61.502591] loop0: detected capacity change from 0 to 2048
[   61.538946] loop0: detected capacity change from 0 to 2048
[   61.576240] loop0: detected capacity change from 0 to 2048
[   61.614701] loop0: detected capacity change from 0 to 2048
[   61.644218] loop0: detected capacity change from 0 to 2048
[   61.666302] loop0: detected capacity change from 0 to 2048
[   61.692875] loop0: detected capacity change from 0 to 2048
[   61.719357] loop0: detected capacity change from 0 to 2048
[   61.744658] loop0: detected capacity change from 0 to 2048
[   61.745095] I/O error, dev loop0, sector 0 op 0x0:(READ) flags 0x80700 phys_seg 1 prio class 2
[   61.769236] loop0: detected capacity change from 0 to 2048
[   61.795138] loop0: detected capacity change from 0 to 2048
[   61.795687] Buffer I/O error on dev loop0, logical block 0, async page read
[   61.829774] loop0: detected capacity change from 0 to 2048
[   61.868335] loop0: detected capacity change from 0 to 2048
[   61.902543] loop0: detected capacity change from 0 to 2048
[   61.942028] loop0: detected capacity change from 0 to 2048
[   61.977918] loop0: detected capacity change from 0 to 2048
[   62.002921] loop0: detected capacity change from 0 to 2048
[   62.032341] loop0: detected capacity change from 0 to 2048
[   62.064069] loop0: detected capacity change from 0 to 2048
[   62.096828] loop0: detected capacity change from 0 to 2048
[   62.121066] loop0: detected capacity change from 0 to 2048
[   62.154980] loop0: detected capacity change from 0 to 2048
[   62.174404] loop0: detected capacity change from 0 to 2048
[   62.208281] loop0: detected capacity change from 0 to 2048
[   62.232422] loop0: detected capacity change from 0 to 2048
[   62.267057] loop0: detected capacity change from 0 to 2048
[   62.293837] loop0: detected capacity change from 0 to 2048
[   62.322584] loop0: detected capacity change from 0 to 2048
[   62.350399] loop0: detected capacity change from 0 to 2048
[   62.375139] loop0: detected capacity change from 0 to 2048
[   62.400172] loop0: detected capacity change from 0 to 2048
[   62.425926] loop0: detected capacity change from 0 to 2048
[   62.454837] loop0: detected capacity change from 0 to 2048
[   62.481464] loop0: detected capacity change from 0 to 2048
[   62.509671] loop0: detected capacity change from 0 to 2048
[   62.539014] loop0: detected capacity change from 0 to 2048
[   62.563497] loop0: detected capacity change from 0 to 2048
[   62.564170] blk_print_req_error: 2 callbacks suppressed
[   62.564182] I/O error, dev loop0, sector 0 op 0x0:(READ) flags 0x80700 phys_seg 1 prio class 2
[   62.587385] loop0: detected capacity change from 0 to 2048
[   62.617094] loop0: detected capacity change from 0 to 2048
[   62.647456] loop0: detected capacity change from 0 to 2048
[   62.673992] loop0: detected capacity change from 0 to 2048
[   62.706812] loop0: detected capacity change from 0 to 2048
[   62.735799] loop0: detected capacity change from 0 to 2048
[   62.758840] loop0: detected capacity change from 0 to 2048
