c[?7l[2J[0mSeaBIOS (version rel-1.16.0-0-gd239552ce722-prebuilt.qemu.org)


iPXE (http://ipxe.org) 00:03.0 CA00 PCI2.10 PnP PMM+7FF91000+7FEF1000 CA00
Press Ctrl-B to configure iPXE (PCI 00:03.0)...                                                                               


Booting from ROM...
c[?7l[2J[    0.000000] Linux version 6.4.0-rc1-b3a0021804a7+ (root@p-rpls01) (gcc (GCC) 8.5.0 20210514 (Red Hat 8.5.0-19), GNU ld version 2.36.1-2.el8) #1 SMP PREEMPT_DYNAMIC Wed Jun 21 17:16:52 CST 2023
[    0.000000] Command line: console=ttyS0 root=/dev/sda earlyprintk=serial net.ifnames=0 quiet plymouth.enable=0
[    0.000000] KERNEL supported cpus:
[    0.000000]   Intel GenuineIntel
[    0.000000]   AMD AuthenticAMD
[    0.000000]   Hygon HygonGenuine
[    0.000000]   Centaur CentaurHauls
[    0.000000]   zhaoxin   Shanghai  
[    0.000000] x86/fpu: Supporting XSAVE feature 0x001: 'x87 floating point registers'
[    0.000000] x86/fpu: Supporting XSAVE feature 0x002: 'SSE registers'
[    0.000000] x86/fpu: Supporting XSAVE feature 0x004: 'AVX registers'
[    0.000000] x86/fpu: Supporting XSAVE feature 0x200: 'Protection Keys User registers'
[    0.000000] x86/fpu: xstate_offset[2]:  576, xstate_sizes[2]:  256
[    0.000000] x86/fpu: xstate_offset[9]:  832, xstate_sizes[9]:    8
[    0.000000] x86/fpu: Enabled xstate features 0x207, context size is 840 bytes, using 'compacted' format.
[    0.000000] signal: max sigframe size: 3632
[    0.000000] BIOS-provided physical RAM map:
[    0.000000] BIOS-e820: [mem 0x0000000000000000-0x000000000009fbff] usable
[    0.000000] BIOS-e820: [mem 0x000000000009fc00-0x000000000009ffff] reserved
[    0.000000] BIOS-e820: [mem 0x00000000000f0000-0x00000000000fffff] reserved
[    0.000000] BIOS-e820: [mem 0x0000000000100000-0x000000007ffdffff] usable
[    0.000000] BIOS-e820: [mem 0x000000007ffe0000-0x000000007fffffff] reserved
[    0.000000] BIOS-e820: [mem 0x00000000feffc000-0x00000000feffffff] reserved
[    0.000000] BIOS-e820: [mem 0x00000000fffc0000-0x00000000ffffffff] reserved
[    0.000000] printk: bootconsole [earlyser0] enabled
[    0.214538] Spectre V2 : WARNING: Unprivileged eBPF is enabled with eIBRS on, data leaks possible via Spectre v2 BHB attacks!
[    6.993354] systemd[1]: Failed to start Load Kernel Modules.
[[0;1;31mFAILED[0m] Failed to start [0;1;39mLoad Kernel Modules[0m.

CentOS Stream 9
Kernel 6.4.0-rc1-b3a0021804a7+ on an x86_64

Activate the web console with: systemctl enable --now cockpit.socket

test login: [   21.581912] loop0: detected capacity change from 0 to 2048
[   21.590967] EXT4-fs (loop0): mounted filesystem 00000000-0000-0000-0000-000000000000 without journal. Quota mode: none.
[   21.609346] EXT4-fs (loop0): unmounting filesystem 00000000-0000-0000-0000-000000000000.
[   21.656002] loop0: detected capacity change from 0 to 2048
[   21.661037] EXT4-fs (loop0): mounted filesystem 00000000-0000-0000-0000-000000000000 without journal. Quota mode: none.
[   21.679843] EXT4-fs (loop0): unmounting filesystem 00000000-0000-0000-0000-000000000000.
[   21.710266] loop0: detected capacity change from 0 to 2048
[   21.717161] EXT4-fs (loop0): mounted filesystem 00000000-0000-0000-0000-000000000000 without journal. Quota mode: none.
[   21.738695] EXT4-fs (loop0): unmounting filesystem 00000000-0000-0000-0000-000000000000.
[   21.768027] loop0: detected capacity change from 0 to 2048
[   21.774567] EXT4-fs (loop0): mounted filesystem 00000000-0000-0000-0000-000000000000 without journal. Quota mode: none.
[   21.783623] EXT4-fs (loop0): unmounting filesystem 00000000-0000-0000-0000-000000000000.
[   21.807833] loop0: detected capacity change from 0 to 2048
[   21.813074] EXT4-fs (loop0): mounted filesystem 00000000-0000-0000-0000-000000000000 without journal. Quota mode: none.
[   21.820044] EXT4-fs (loop0): unmounting filesystem 00000000-0000-0000-0000-000000000000.
[   21.848918] loop0: detected capacity change from 0 to 2048
[   21.855358] EXT4-fs (loop0): mounted filesystem 00000000-0000-0000-0000-000000000000 without journal. Quota mode: none.
[   21.864162] EXT4-fs (loop0): unmounting filesystem 00000000-0000-0000-0000-000000000000.
[   21.884110] loop0: detected capacity change from 0 to 2048
[   21.893352] EXT4-fs (loop0): mounted filesystem 00000000-0000-0000-0000-000000000000 without journal. Quota mode: none.
[   21.900551] EXT4-fs (loop0): unmounting filesystem 00000000-0000-0000-0000-000000000000.
[   21.915685] loop0: detected capacity change from 0 to 2048
[   21.928115] EXT4-fs (loop0): mounted filesystem 00000000-0000-0000-0000-000000000000 without journal. Quota mode: none.
[   21.933924] EXT4-fs (loop0): unmounting filesystem 00000000-0000-0000-0000-000000000000.
[   21.972910] loop0: detected capacity change from 0 to 2048
[   21.977239] EXT4-fs (loop0): mounted filesystem 00000000-0000-0000-0000-000000000000 without journal. Quota mode: none.
[   22.005015] EXT4-fs (loop0): unmounting filesystem 00000000-0000-0000-0000-000000000000.
[   22.041132] loop0: detected capacity change from 0 to 2048
[   22.049326] EXT4-fs (loop0): mounted filesystem 00000000-0000-0000-0000-000000000000 without journal. Quota mode: none.
[   22.055292] EXT4-fs (loop0): unmounting filesystem 00000000-0000-0000-0000-000000000000.
[   22.078015] loop0: detected capacity change from 0 to 2048
[   22.084804] EXT4-fs (loop0): mounted filesystem 00000000-0000-0000-0000-000000000000 without journal. Quota mode: none.
[   22.089902] EXT4-fs (loop0): unmounting filesystem 00000000-0000-0000-0000-000000000000.
[   22.107710] loop0: detected capacity change from 0 to 2048
[   22.108453] I/O error, dev loop0, sector 0 op 0x0:(READ) flags 0x80700 phys_seg 1 prio class 2
[   22.119607] EXT4-fs (loop0): mounted filesystem 00000000-0000-0000-0000-000000000000 without journal. Quota mode: none.
[   22.126108] EXT4-fs (loop0): unmounting filesystem 00000000-0000-0000-0000-000000000000.
[   22.147144] loop0: detected capacity change from 0 to 2048
[   22.153259] EXT4-fs (loop0): mounted filesystem 00000000-0000-0000-0000-000000000000 without journal. Quota mode: none.
[   22.162602] EXT4-fs (loop0): unmounting filesystem 00000000-0000-0000-0000-000000000000.
[   22.184742] loop0: detected capacity change from 0 to 2048
[   22.189484] EXT4-fs (loop0): mounted filesystem 00000000-0000-0000-0000-000000000000 without journal. Quota mode: none.
[   22.198492] EXT4-fs (loop0): unmounting filesystem 00000000-0000-0000-0000-000000000000.
[   22.225494] loop0: detected capacity change from 0 to 2048
[   22.233117] EXT4-fs (loop0): mounted filesystem 00000000-0000-0000-0000-000000000000 without journal. Quota mode: none.
[   22.241363] EXT4-fs (loop0): unmounting filesystem 00000000-0000-0000-0000-000000000000.
[   22.266127] loop0: detected capacity change from 0 to 2048
[   22.276026] EXT4-fs (loop0): mounted filesystem 00000000-0000-0000-0000-000000000000 without journal. Quota mode: none.
[   22.284359] EXT4-fs (loop0): unmounting filesystem 00000000-0000-0000-0000-000000000000.
[   22.317271] loop0: detected capacity change from 0 to 2048
[   22.326143] EXT4-fs (loop0): mounted filesystem 00000000-0000-0000-0000-000000000000 without journal. Quota mode: none.
[   22.334456] EXT4-fs (loop0): unmounting filesystem 00000000-0000-0000-0000-000000000000.
[   22.362430] loop0: detected capacity change from 0 to 2048
[   22.369124] EXT4-fs (loop0): mounted filesystem 00000000-0000-0000-0000-000000000000 without journal. Quota mode: none.
[   22.375121] EXT4-fs (loop0): unmounting filesystem 00000000-0000-0000-0000-000000000000.
[   22.410264] loop0: detected capacity change from 0 to 2048
[   22.417081] EXT4-fs (loop0): mounted filesystem 00000000-0000-0000-0000-000000000000 without journal. Quota mode: none.
[   22.424311] EXT4-fs (loop0): unmounting filesystem 00000000-0000-0000-0000-000000000000.
[   22.442860] loop0: detected capacity change from 0 to 2048
[   22.443669] I/O error, dev loop0, sector 0 op 0x0:(READ) flags 0x80700 phys_seg 1 prio class 2
[   22.455864] EXT4-fs (loop0): mounted filesystem 00000000-0000-0000-0000-000000000000 without journal. Quota mode: none.
[   22.464313] EXT4-fs (loop0): unmounting filesystem 00000000-0000-0000-0000-000000000000.
[   22.499544] loop0: detected capacity change from 0 to 2048
[   22.505294] EXT4-fs (loop0): mounted filesystem 00000000-0000-0000-0000-000000000000 without journal. Quota mode: none.
[   22.510752] EXT4-fs (loop0): unmounting filesystem 00000000-0000-0000-0000-000000000000.
[   22.538536] loop0: detected capacity change from 0 to 2048
[   22.548842] EXT4-fs (loop0): mounted filesystem 00000000-0000-0000-0000-000000000000 without journal. Quota mode: none.
[   22.554971] EXT4-fs (loop0): unmounting filesystem 00000000-0000-0000-0000-000000000000.
[   22.574073] loop0: detected capacity change from 0 to 2048
[   22.581014] EXT4-fs (loop0): mounted filesystem 00000000-0000-0000-0000-000000000000 without journal. Quota mode: none.
[   22.589140] EXT4-fs (loop0): unmounting filesystem 00000000-0000-0000-0000-000000000000.
[   22.624953] loop0: detected capacity change from 0 to 2048
[   22.628875] EXT4-fs (loop0): mounted filesystem 00000000-0000-0000-0000-000000000000 without journal. Quota mode: none.
[   22.643086] EXT4-fs (loop0): unmounting filesystem 00000000-0000-0000-0000-000000000000.
[   22.677606] loop0: detected capacity change from 0 to 2048
[   22.685262] EXT4-fs (loop0): mounted filesystem 00000000-0000-0000-0000-000000000000 without journal. Quota mode: none.
[   22.705124] EXT4-fs (loop0): unmounting filesystem 00000000-0000-0000-0000-000000000000.
[   22.738250] loop0: detected capacity change from 0 to 2048
[   22.745625] EXT4-fs (loop0): mounted filesystem 00000000-0000-0000-0000-000000000000 without journal. Quota mode: none.
[   22.753261] EXT4-fs (loop0): unmounting filesystem 00000000-0000-0000-0000-000000000000.
[   22.785430] loop0: detected capacity change from 0 to 2048
[   22.792967] EXT4-fs (loop0): mounted filesystem 00000000-0000-0000-0000-000000000000 without journal. Quota mode: none.
[   22.798626] EXT4-fs (loop0): unmounting filesystem 00000000-0000-0000-0000-000000000000.
[   22.828983] loop0: detected capacity change from 0 to 2048
[   22.833113] EXT4-fs (loop0): mounted filesystem 00000000-0000-0000-0000-000000000000 without journal. Quota mode: none.
[   22.839978] EXT4-fs (loop0): unmounting filesystem 00000000-0000-0000-0000-000000000000.
[   22.856821] loop0: detected capacity change from 0 to 2048
[   22.868890] EXT4-fs (loop0): mounted filesystem 00000000-0000-0000-0000-000000000000 without journal. Quota mode: none.
[   22.882433] EXT4-fs (loop0): unmounting filesystem 00000000-0000-0000-0000-000000000000.
[   22.904372] loop0: detected capacity change from 0 to 2048
[   22.909070] EXT4-fs (loop0): mounted filesystem 00000000-0000-0000-0000-000000000000 without journal. Quota mode: none.
[   22.921979] EXT4-fs (loop0): unmounting filesystem 00000000-0000-0000-0000-000000000000.
[   22.947671] loop0: detected capacity change from 0 to 2048
[   22.953245] EXT4-fs (loop0): mounted filesystem 00000000-0000-0000-0000-000000000000 without journal. Quota mode: none.
[   22.962969] EXT4-fs (loop0): unmounting filesystem 00000000-0000-0000-0000-000000000000.
[   22.990825] loop0: detected capacity change from 0 to 2048
[   22.997306] EXT4-fs (loop0): mounted filesystem 00000000-0000-0000-0000-000000000000 without journal. Quota mode: none.
[   23.026514] loop0: detected capacity change from 0 to 2048
[   23.052337] loop0: detected capacity change from 0 to 2048
[   23.081388] loop0: detected capacity change from 0 to 2048
[   23.082204] I/O error, dev loop0, sector 0 op 0x0:(READ) flags 0x80700 phys_seg 1 prio class 2
[   23.125480] loop0: detected capacity change from 0 to 2048
[   23.164184] loop0: detected capacity change from 0 to 2048
[   23.198782] loop0: detected capacity change from 0 to 2048
[   23.234503] loop0: detected capacity change from 0 to 2048
[   23.266966] loop0: detected capacity change from 0 to 2048
[   23.301549] loop0: detected capacity change from 0 to 2048
[   23.350689] loop0: detected capacity change from 0 to 2048
[   23.376358] loop0: detected capacity change from 0 to 2048
[   23.413137] loop0: detected capacity change from 0 to 2048
[   23.463043] loop0: detected capacity change from 0 to 2048
[   23.505125] loop0: detected capacity change from 0 to 2048
[   23.537319] loop0: detected capacity change from 0 to 2048
[   23.574874] loop0: detected capacity change from 0 to 2048
[   23.627829] loop0: detected capacity change from 0 to 2048
[   23.628207] I/O error, dev loop0, sector 0 op 0x0:(READ) flags 0x80700 phys_seg 1 prio class 2
[   23.672731] loop0: detected capacity change from 0 to 2048
[   23.726243] loop0: detected capacity change from 0 to 2048
[   23.773777] loop0: detected capacity change from 0 to 2048
[   23.804575] loop0: detected capacity change from 0 to 2048
[   23.849482] loop0: detected capacity change from 0 to 2048
[   23.894132] loop0: detected capacity change from 0 to 2048
[   23.926284] loop0: detected capacity change from 0 to 2048
[   23.972209] loop0: detected capacity change from 0 to 2048
[   24.016319] loop0: detected capacity change from 0 to 2048
[   24.058023] loop0: detected capacity change from 0 to 2048
[   24.087223] loop0: detected capacity change from 0 to 2048
[   24.142211] loop0: detected capacity change from 0 to 2048
[   24.181639] loop0: detected capacity change from 0 to 2048
[   24.226576] loop0: detected capacity change from 0 to 2048
[   24.269912] loop0: detected capacity change from 0 to 2048
[   24.308805] loop0: detected capacity change from 0 to 2048
[   24.335190] loop0: detected capacity change from 0 to 2048
[   24.370377] loop0: detected capacity change from 0 to 2048
[   24.423108] loop0: detected capacity change from 0 to 2048
[   24.449370] loop0: detected capacity change from 0 to 2048
[   24.508061] loop0: detected capacity change from 0 to 2048
[   24.542689] loop0: detected capacity change from 0 to 2048
[   24.573819] loop0: detected capacity change from 0 to 2048
[   24.603086] loop0: detected capacity change from 0 to 2048
[   24.634160] loop0: detected capacity change from 0 to 2048
[   24.692252] loop0: detected capacity change from 0 to 2048
[   24.730282] loop0: detected capacity change from 0 to 2048
[   24.774659] loop0: detected capacity change from 0 to 2048
[   24.802976] loop0: detected capacity change from 0 to 2048
[   24.840355] loop0: detected capacity change from 0 to 2048
[   24.871708] loop0: detected capacity change from 0 to 2048
[   24.872327] I/O error, dev loop0, sector 0 op 0x0:(READ) flags 0x80700 phys_seg 1 prio class 2
[   24.922121] loop0: detected capacity change from 0 to 2048
[   24.968397] loop0: detected capacity change from 0 to 2048
[   25.012617] loop0: detected capacity change from 0 to 2048
[   25.054000] loop0: detected capacity change from 0 to 2048
[   25.097845] loop0: detected capacity change from 0 to 2048
[   25.127576] loop0: detected capacity change from 0 to 2048
[   25.181727] loop0: detected capacity change from 0 to 2048
[   25.230139] loop0: detected capacity change from 0 to 2048
[   25.286155] loop0: detected capacity change from 0 to 2048
[   25.287133] I/O error, dev loop0, sector 0 op 0x0:(READ) flags 0x80700 phys_seg 1 prio class 2
[   25.321195] loop0: detected capacity change from 0 to 2048
[   25.356326] loop0: detected capacity change from 0 to 2048
[   25.390872] loop0: detected capacity change from 0 to 2048
[   25.415202] loop0: detected capacity change from 0 to 2048
[   25.455543] loop0: detected capacity change from 0 to 2048
[   25.497929] loop0: detected capacity change from 0 to 2048
[   25.544220] loop0: detected capacity change from 0 to 2048
[   25.575493] loop0: detected capacity change from 0 to 2048
[   25.624746] loop0: detected capacity change from 0 to 2048
[   25.665568] loop0: detected capacity change from 0 to 2048
[   25.715837] loop0: detected capacity change from 0 to 2048
[   25.749293] loop0: detected capacity change from 0 to 2048
[   25.750068] I/O error, dev loop0, sector 0 op 0x0:(READ) flags 0x80700 phys_seg 1 prio class 2
[   25.787979] loop0: detected capacity change from 0 to 2048
[   25.812314] loop0: detected capacity change from 0 to 2048
[   25.864994] loop0: detected capacity change from 0 to 2048
[   25.911529] loop0: detected capacity change from 0 to 2048
[   25.956007] loop0: detected capacity change from 0 to 2048
[   26.008672] loop0: detected capacity change from 0 to 2048
[   26.064393] loop0: detected capacity change from 0 to 2048
[   26.097455] loop0: detected capacity change from 0 to 2048
[   26.151710] loop0: detected capacity change from 0 to 2048
[   26.183239] loop0: detected capacity change from 0 to 2048
[   26.184036] I/O error, dev loop0, sector 0 op 0x0:(READ) flags 0x80700 phys_seg 1 prio class 2
[   26.237725] loop0: detected capacity change from 0 to 2048
[   26.285879] loop0: detected capacity change from 0 to 2048
[   26.317415] loop0: detected capacity change from 0 to 2048
[   26.372730] loop0: detected capacity change from 0 to 2048
[   26.407103] loop0: detected capacity change from 0 to 2048
[   26.444148] loop0: detected capacity change from 0 to 2048
[   26.490743] loop0: detected capacity change from 0 to 2048
[   26.522725] loop0: detected capacity change from 0 to 2048
[   26.574629] loop0: detected capacity change from 0 to 2048
[   26.605539] loop0: detected capacity change from 0 to 2048
[   26.652173] loop0: detected capacity change from 0 to 2048
[   26.703249] loop0: detected capacity change from 0 to 2048
[   26.727843] loop0: detected capacity change from 0 to 2048
[   26.776018] loop0: detected capacity change from 0 to 2048
[   26.802077] loop0: detected capacity change from 0 to 2048
[   26.831972] loop0: detected capacity change from 0 to 2048
[   26.884761] loop0: detected capacity change from 0 to 2048
[   26.934846] loop0: detected capacity change from 0 to 2048
[   26.965138] loop0: detected capacity change from 0 to 2048
[   27.001578] loop0: detected capacity change from 0 to 2048
[   27.038206] loop0: detected capacity change from 0 to 2048
[   27.073654] loop0: detected capacity change from 0 to 2048
[   27.123100] loop0: detected capacity change from 0 to 2048
[   27.158251] loop0: detected capacity change from 0 to 2048
[   27.200301] loop0: detected capacity change from 0 to 2048
[   27.248478] loop0: detected capacity change from 0 to 2048
[   27.269391] loop0: detected capacity change from 0 to 2048
[   27.314098] loop0: detected capacity change from 0 to 2048
[   27.352808] loop0: detected capacity change from 0 to 2048
[   27.382474] loop0: detected capacity change from 0 to 2048
[   27.422285] loop0: detected capacity change from 0 to 2048
[   27.469522] loop0: detected capacity change from 0 to 2048
[   27.514517] loop0: detected capacity change from 0 to 2048
[   27.557764] loop0: detected capacity change from 0 to 2048
[   27.583650] loop0: detected capacity change from 0 to 2048
[   27.650923] loop0: detected capacity change from 0 to 2048
[   27.697454] loop0: detected capacity change from 0 to 2048
[   27.753757] loop0: detected capacity change from 0 to 2048
[   27.800146] loop0: detected capacity change from 0 to 2048
[   27.839145] loop0: detected capacity change from 0 to 2048
[   27.875712] loop0: detected capacity change from 0 to 2048
[   27.900485] loop0: detected capacity change from 0 to 2048
[   27.959795] loop0: detected capacity change from 0 to 2048
[   27.992452] loop0: detected capacity change from 0 to 2048
[   28.022837] loop0: detected capacity change from 0 to 2048
[   28.061006] loop0: detected capacity change from 0 to 2048
[   28.094799] loop0: detected capacity change from 0 to 2048
[   28.153942] loop0: detected capacity change from 0 to 2048
[   28.179757] loop0: detected capacity change from 0 to 2048
[   28.214798] loop0: detected capacity change from 0 to 2048
[   28.268001] loop0: detected capacity change from 0 to 2048
[   28.311759] loop0: detected capacity change from 0 to 2048
[   28.355040] loop0: detected capacity change from 0 to 2048
[   28.398231] loop0: detected capacity change from 0 to 2048
[   28.429638] loop0: detected capacity change from 0 to 2048
[   28.463523] loop0: detected capacity change from 0 to 2048
[   28.510622] loop0: detected capacity change from 0 to 2048
[   28.554114] loop0: detected capacity change from 0 to 2048
[   28.612094] loop0: detected capacity change from 0 to 2048
[   28.646996] loop0: detected capacity change from 0 to 2048
[   28.681490] loop0: detected capacity change from 0 to 2048
[   28.721987] loop0: detected capacity change from 0 to 2048
[   28.763354] loop0: detected capacity change from 0 to 2048
[   28.797616] loop0: detected capacity change from 0 to 2048
[   28.845520] loop0: detected capacity change from 0 to 2048
[   28.873488] loop0: detected capacity change from 0 to 2048
[   28.916008] loop0: detected capacity change from 0 to 2048
[   28.959073] loop0: detected capacity change from 0 to 2048
[   28.982101] loop0: detected capacity change from 0 to 2048
[   29.030495] loop0: detected capacity change from 0 to 2048
[   29.055027] loop0: detected capacity change from 0 to 2048
[   29.089022] loop0: detected capacity change from 0 to 2048
[   29.126546] loop0: detected capacity change from 0 to 2048
[   29.161616] loop0: detected capacity change from 0 to 2048
[   29.182015] loop0: detected capacity change from 0 to 2048
[   29.233437] loop0: detected capacity change from 0 to 2048
[   29.266953] loop0: detected capacity change from 0 to 2048
[   29.286617] loop0: detected capacity change from 0 to 2048
[   29.331147] loop0: detected capacity change from 0 to 2048
[   29.358886] loop0: detected capacity change from 0 to 2048
[   29.380049] loop0: detected capacity change from 0 to 2048
[   29.421673] loop0: detected capacity change from 0 to 2048
[   29.454989] loop0: detected capacity change from 0 to 2048
[   29.478885] loop0: detected capacity change from 0 to 2048
[   29.505057] loop0: detected capacity change from 0 to 2048
[   29.529059] loop0: detected capacity change from 0 to 2048
[   29.570808] loop0: detected capacity change from 0 to 2048
[   29.599764] loop0: detected capacity change from 0 to 2048
[   29.600076] I/O error, dev loop0, sector 0 op 0x0:(READ) flags 0x80700 phys_seg 1 prio class 2
[   29.631100] loop0: detected capacity change from 0 to 2048
[   29.677977] loop0: detected capacity change from 0 to 2048
[   29.709493] loop0: detected capacity change from 0 to 2048
[   29.709859] I/O error, dev loop0, sector 0 op 0x0:(READ) flags 0x80700 phys_seg 1 prio class 2
[   29.751175] loop0: detected capacity change from 0 to 2048
[   29.789996] loop0: detected capacity change from 0 to 2048
[   29.826245] loop0: detected capacity change from 0 to 2048
[   29.869744] loop0: detected capacity change from 0 to 2048
[   29.902243] loop0: detected capacity change from 0 to 2048
[   29.926735] loop0: detected capacity change from 0 to 2048
[   29.950494] loop0: detected capacity change from 0 to 2048
[   29.984612] loop0: detected capacity change from 0 to 2048
[   30.026943] loop0: detected capacity change from 0 to 2048
[   30.052852] loop0: detected capacity change from 0 to 2048
[   30.072903] loop0: detected capacity change from 0 to 2048
[   30.099328] loop0: detected capacity change from 0 to 2048
[   30.100132] I/O error, dev loop0, sector 0 op 0x0:(READ) flags 0x80700 phys_seg 1 prio class 2
[   30.100174] I/O error, dev loop0, sector 0 op 0x0:(READ) flags 0x0 phys_seg 1 prio class 2
[   30.100218] Buffer I/O error on dev loop0, logical block 0, async page read
[   30.100258] I/O error, dev loop0, sector 0 op 0x0:(READ) flags 0x0 phys_seg 1 prio class 2
[   30.104213] Buffer I/O error on dev loop0, logical block 0, async page read
[   30.151540] loop0: detected capacity change from 0 to 2048
[   30.173465] loop0: detected capacity change from 0 to 2048
[   30.208594] loop0: detected capacity change from 0 to 2048
[   30.240379] loop0: detected capacity change from 0 to 2048
[   30.272110] loop0: detected capacity change from 0 to 2048
[   30.301642] loop0: detected capacity change from 0 to 2048
[   30.349523] loop0: detected capacity change from 0 to 2048
[   30.390665] loop0: detected capacity change from 0 to 2048
[   30.418096] loop0: detected capacity change from 0 to 2048
[   30.462884] loop0: detected capacity change from 0 to 2048
[   30.498449] loop0: detected capacity change from 0 to 2048
[   30.529802] loop0: detected capacity change from 0 to 2048
[   30.562490] loop0: detected capacity change from 0 to 2048
[   30.601946] loop0: detected capacity change from 0 to 2048
[   30.650268] loop0: detected capacity change from 0 to 2048
[   30.684475] loop0: detected capacity change from 0 to 2048
[   30.705435] loop0: detected capacity change from 0 to 2048
[   30.725469] loop0: detected capacity change from 0 to 2048
[   30.753694] loop0: detected capacity change from 0 to 2048
[   30.783048] loop0: detected capacity change from 0 to 2048
[   30.837265] loop0: detected capacity change from 0 to 2048
[   30.867171] loop0: detected capacity change from 0 to 2048
[   30.885564] loop0: detected capacity change from 0 to 2048
[   30.931115] loop0: detected capacity change from 0 to 2048
[   30.953166] loop0: detected capacity change from 0 to 2048
[   30.977061] loop0: detected capacity change from 0 to 2048
[   31.027011] loop0: detected capacity change from 0 to 2048
[   31.047625] loop0: detected capacity change from 0 to 2048
[   31.094701] loop0: detected capacity change from 0 to 2048
[   31.115072] loop0: detected capacity change from 0 to 2048
[   31.144636] loop0: detected capacity change from 0 to 2048
[   31.173669] loop0: detected capacity change from 0 to 2048
[   31.201164] loop0: detected capacity change from 0 to 2048
[   31.229825] loop0: detected capacity change from 0 to 2048
[   31.258487] loop0: detected capacity change from 0 to 2048
[   31.308045] loop0: detected capacity change from 0 to 2048
[   31.333360] loop0: detected capacity change from 0 to 2048
[   31.376215] loop0: detected capacity change from 0 to 2048
[   31.402469] loop0: detected capacity change from 0 to 2048
[   31.429409] loop0: detected capacity change from 0 to 2048
[   31.471085] loop0: detected capacity change from 0 to 2048
[   31.500831] loop0: detected capacity change from 0 to 2048
[   31.526779] loop0: detected capacity change from 0 to 2048
[   31.547120] loop0: detected capacity change from 0 to 2048
[   31.587549] loop0: detected capacity change from 0 to 2048
[   31.617408] loop0: detected capacity change from 0 to 2048
[   31.650222] loop0: detected capacity change from 0 to 2048
[   31.707283] loop0: detected capacity change from 0 to 2048
[   31.727272] loop0: detected capacity change from 0 to 2048
[   31.778774] loop0: detected capacity change from 0 to 2048
[   31.806251] loop0: detected capacity change from 0 to 2048
[   31.841185] loop0: detected capacity change from 0 to 2048
[   31.862636] loop0: detected capacity change from 0 to 2048
[   31.891886] loop0: detected capacity change from 0 to 2048
[   31.913018] loop0: detected capacity change from 0 to 2048
[   31.962877] loop0: detected capacity change from 0 to 2048
[   32.007021] loop0: detected capacity change from 0 to 2048
[   32.035507] loop0: detected capacity change from 0 to 2048
[   32.035857] I/O error, dev loop0, sector 0 op 0x0:(READ) flags 0x80700 phys_seg 1 prio class 2
[   32.086542] loop0: detected capacity change from 0 to 2048
[   32.116994] loop0: detected capacity change from 0 to 2048
[   32.140957] loop0: detected capacity change from 0 to 2048
[   32.165561] loop0: detected capacity change from 0 to 2048
[   32.194827] loop0: detected capacity change from 0 to 2048
[   32.224412] loop0: detected capacity change from 0 to 2048
[   32.270414] loop0: detected capacity change from 0 to 2048
[   32.308980] loop0: detected capacity change from 0 to 2048
[   32.342975] loop0: detected capacity change from 0 to 2048
[   32.378311] loop0: detected capacity change from 0 to 2048
[   32.397464] loop0: detected capacity change from 0 to 2048
[   32.426291] loop0: detected capacity change from 0 to 2048
[   32.463159] loop0: detected capacity change from 0 to 2048
[   32.497383] loop0: detected capacity change from 0 to 2048
[   32.539702] loop0: detected capacity change from 0 to 2048
[   32.576180] loop0: detected capacity change from 0 to 2048
[   32.610814] loop0: detected capacity change from 0 to 2048
[   32.657388] loop0: detected capacity change from 0 to 2048
[   32.702480] loop0: detected capacity change from 0 to 2048
[   32.729482] loop0: detected capacity change from 0 to 2048
[   32.757023] loop0: detected capacity change from 0 to 2048
[   32.783664] loop0: detected capacity change from 0 to 2048
[   32.784228] I/O error, dev loop0, sector 0 op 0x0:(READ) flags 0x80700 phys_seg 1 prio class 2
[   32.829854] loop0: detected capacity change from 0 to 2048
[   32.850799] loop0: detected capacity change from 0 to 2048
[   32.883734] loop0: detected capacity change from 0 to 2048
[   32.922946] loop0: detected capacity change from 0 to 2048
[   32.957014] loop0: detected capacity change from 0 to 2048
[   32.974389] loop0: detected capacity change from 0 to 2048
[   32.999952] loop0: detected capacity change from 0 to 2048
[   33.031440] loop0: detected capacity change from 0 to 2048
[   33.055093] loop0: detected capacity change from 0 to 2048
[   33.055748] I/O error, dev loop0, sector 0 op 0x0:(READ) flags 0x80700 phys_seg 1 prio class 2
[   33.085927] loop0: detected capacity change from 0 to 2048
[   33.114342] loop0: detected capacity change from 0 to 2048
[   33.158859] loop0: detected capacity change from 0 to 2048
[   33.182362] loop0: detected capacity change from 0 to 2048
[   33.227589] loop0: detected capacity change from 0 to 2048
[   33.268091] loop0: detected capacity change from 0 to 2048
[   33.309832] loop0: detected capacity change from 0 to 2048
[   33.348475] loop0: detected capacity change from 0 to 2048
[   33.375516] loop0: detected capacity change from 0 to 2048
[   33.413458] loop0: detected capacity change from 0 to 2048
[   33.444353] loop0: detected capacity change from 0 to 2048
[   33.470419] loop0: detected capacity change from 0 to 2048
[   33.519230] loop0: detected capacity change from 0 to 2048
[   33.561935] loop0: detected capacity change from 0 to 2048
[   33.583305] loop0: detected capacity change from 0 to 2048
[   33.627586] loop0: detected capacity change from 0 to 2048
[   33.672864] loop0: detected capacity change from 0 to 2048
[   33.700669] loop0: detected capacity change from 0 to 2048
[   33.739652] loop0: detected capacity change from 0 to 2048
[   33.760379] loop0: detected capacity change from 0 to 2048
[   33.807133] loop0: detected capacity change from 0 to 2048
[   33.842961] loop0: detected capacity change from 0 to 2048
[   33.878623] loop0: detected capacity change from 0 to 2048
[   33.901908] loop0: detected capacity change from 0 to 2048
[   33.939267] loop0: detected capacity change from 0 to 2048
[   33.979657] loop0: detected capacity change from 0 to 2048
[   34.006501] loop0: detected capacity change from 0 to 2048
[   34.049342] loop0: detected capacity change from 0 to 2048
[   34.086749] loop0: detected capacity change from 0 to 2048
[   34.109634] loop0: detected capacity change from 0 to 2048
[   34.132122] loop0: detected capacity change from 0 to 2048
[   34.132533] I/O error, dev loop0, sector 0 op 0x0:(READ) flags 0x80700 phys_seg 1 prio class 2
[   34.179975] loop0: detected capacity change from 0 to 2048
[   34.199926] loop0: detected capacity change from 0 to 2048
[   34.251154] loop0: detected capacity change from 0 to 2048
[   34.289975] loop0: detected capacity change from 0 to 2048
[   34.326623] loop0: detected capacity change from 0 to 2048
[   34.350050] loop0: detected capacity change from 0 to 2048
[   34.386758] loop0: detected capacity change from 0 to 2048
[   34.422817] loop0: detected capacity change from 0 to 2048
[   34.447667] loop0: detected capacity change from 0 to 2048
[   34.473772] loop0: detected capacity change from 0 to 2048
[   34.502571] loop0: detected capacity change from 0 to 2048
[   34.542515] loop0: detected capacity change from 0 to 2048
[   34.568105] loop0: detected capacity change from 0 to 2048
[   34.609499] loop0: detected capacity change from 0 to 2048
[   34.652916] loop0: detected capacity change from 0 to 2048
[   34.692937] loop0: detected capacity change from 0 to 2048
[   34.727179] loop0: detected capacity change from 0 to 2048
[   34.756780] loop0: detected capacity change from 0 to 2048
[   34.790720] loop0: detected capacity change from 0 to 2048
[   34.829890] loop0: detected capacity change from 0 to 2048
[   34.861366] loop0: detected capacity change from 0 to 2048
[   34.884070] loop0: detected capacity change from 0 to 2048
[   34.928456] loop0: detected capacity change from 0 to 2048
[   34.946953] loop0: detected capacity change from 0 to 2048
[   34.988217] loop0: detected capacity change from 0 to 2048
[   35.019801] loop0: detected capacity change from 0 to 2048
[   35.046222] loop0: detected capacity change from 0 to 2048
[   35.046794] I/O error, dev loop0, sector 0 op 0x0:(READ) flags 0x80700 phys_seg 1 prio class 2
[   35.077299] loop0: detected capacity change from 0 to 2048
[   35.108438] loop0: detected capacity change from 0 to 2048
[   35.148778] loop0: detected capacity change from 0 to 2048
[   35.175124] loop0: detected capacity change from 0 to 2048
[   35.203031] loop0: detected capacity change from 0 to 2048
[   35.234319] loop0: detected capacity change from 0 to 2048
[   35.266333] loop0: detected capacity change from 0 to 2048
[   35.298943] loop0: detected capacity change from 0 to 2048
[   35.326892] loop0: detected capacity change from 0 to 2048
[   35.369989] loop0: detected capacity change from 0 to 2048
[   35.407257] loop0: detected capacity change from 0 to 2048
[   35.431999] loop0: detected capacity change from 0 to 2048
[   35.464563] loop0: detected capacity change from 0 to 2048
[   35.488743] loop0: detected capacity change from 0 to 2048
[   35.522200] loop0: detected capacity change from 0 to 2048
[   35.556923] loop0: detected capacity change from 0 to 2048
[   35.584295] loop0: detected capacity change from 0 to 2048
[   35.619908] loop0: detected capacity change from 0 to 2048
[   35.654255] loop0: detected capacity change from 0 to 2048
[   35.693761] loop0: detected capacity change from 0 to 2048
[   35.720279] loop0: detected capacity change from 0 to 2048
[   35.762463] loop0: detected capacity change from 0 to 2048
[   35.768623] EXT4-fs mount: 701 callbacks suppressed
[   35.768634] EXT4-fs (loop0): mounted filesystem 00000000-0000-0000-0000-000000000000 without journal. Quota mode: none.
[   35.774357] EXT4-fs (loop0): unmounting filesystem 00000000-0000-0000-0000-000000000000.
[   35.803210] loop0: detected capacity change from 0 to 2048
[   35.808772] EXT4-fs (loop0): mounted filesystem 00000000-0000-0000-0000-000000000000 without journal. Quota mode: none.
[   35.815136] EXT4-fs (loop0): unmounting filesystem 00000000-0000-0000-0000-000000000000.
[   35.834773] loop0: detected capacity change from 0 to 2048
[   35.844664] EXT4-fs (loop0): mounted filesystem 00000000-0000-0000-0000-000000000000 without journal. Quota mode: none.
[   35.849651] EXT4-fs (loop0): unmounting filesystem 00000000-0000-0000-0000-000000000000.
[   35.869727] loop0: detected capacity change from 0 to 2048
[   35.876629] EXT4-fs (loop0): mounted filesystem 00000000-0000-0000-0000-000000000000 without journal. Quota mode: none.
[   35.887034] EXT4-fs (loop0): unmounting filesystem 00000000-0000-0000-0000-000000000000.
[   35.901315] loop0: detected capacity change from 0 to 2048
[   35.908653] EXT4-fs (loop0): mounted filesystem 00000000-0000-0000-0000-000000000000 without journal. Quota mode: none.
[   35.915152] EXT4-fs (loop0): unmounting filesystem 00000000-0000-0000-0000-000000000000.
[   35.946810] loop0: detected capacity change from 0 to 2048
[   35.952711] EXT4-fs (loop0): mounted filesystem 00000000-0000-0000-0000-000000000000 without journal. Quota mode: none.
[   35.957376] EXT4-fs (loop0): unmounting filesystem 00000000-0000-0000-0000-000000000000.
[   35.972025] loop0: detected capacity change from 0 to 2048
[   35.976548] EXT4-fs (loop0): mounted filesystem 00000000-0000-0000-0000-000000000000 without journal. Quota mode: none.
[   35.985412] EXT4-fs (loop0): unmounting filesystem 00000000-0000-0000-0000-000000000000.
[   36.014676] loop0: detected capacity change from 0 to 2048
[   36.020840] EXT4-fs (loop0): mounted filesystem 00000000-0000-0000-0000-000000000000 without journal. Quota mode: none.
[   36.025914] EXT4-fs (loop0): unmounting filesystem 00000000-0000-0000-0000-000000000000.
[   36.058327] loop0: detected capacity change from 0 to 2048
[   36.064722] EXT4-fs (loop0): mounted filesystem 00000000-0000-0000-0000-000000000000 without journal. Quota mode: none.
[   36.071523] EXT4-fs (loop0): unmounting filesystem 00000000-0000-0000-0000-000000000000.
[   36.101119] loop0: detected capacity change from 0 to 2048
[   36.104650] EXT4-fs (loop0): mounted filesystem 00000000-0000-0000-0000-000000000000 without journal. Quota mode: none.
[   36.110814] EXT4-fs (loop0): unmounting filesystem 00000000-0000-0000-0000-000000000000.
[   36.126280] loop0: detected capacity change from 0 to 2048
[   36.133633] EXT4-fs (loop0): mounted filesystem 00000000-0000-0000-0000-000000000000 without journal. Quota mode: none.
[   36.139651] EXT4-fs (loop0): unmounting filesystem 00000000-0000-0000-0000-000000000000.
[   36.173945] loop0: detected capacity change from 0 to 2048
[   36.180656] EXT4-fs (loop0): mounted filesystem 00000000-0000-0000-0000-000000000000 without journal. Quota mode: none.
[   36.185246] EXT4-fs (loop0): unmounting filesystem 00000000-0000-0000-0000-000000000000.
[   36.216858] loop0: detected capacity change from 0 to 2048
[   36.220791] EXT4-fs (loop0): mounted filesystem 00000000-0000-0000-0000-000000000000 without journal. Quota mode: none.
[   36.226966] EXT4-fs (loop0): unmounting filesystem 00000000-0000-0000-0000-000000000000.
[   36.245515] loop0: detected capacity change from 0 to 2048
[   36.252743] EXT4-fs (loop0): mounted filesystem 00000000-0000-0000-0000-000000000000 without journal. Quota mode: none.
[   36.260031] EXT4-fs (loop0): unmounting filesystem 00000000-0000-0000-0000-000000000000.
[   36.276510] loop0: detected capacity change from 0 to 2048
[   36.281019] EXT4-fs (loop0): mounted filesystem 00000000-0000-0000-0000-000000000000 without journal. Quota mode: none.
[   36.287429] EXT4-fs (loop0): unmounting filesystem 00000000-0000-0000-0000-000000000000.
[   36.319574] loop0: detected capacity change from 0 to 2048
[   36.324697] EXT4-fs (loop0): mounted filesystem 00000000-0000-0000-0000-000000000000 without journal. Quota mode: none.
[   36.331335] EXT4-fs (loop0): unmounting filesystem 00000000-0000-0000-0000-000000000000.
[   36.349999] loop0: detected capacity change from 0 to 2048
[   36.360974] EXT4-fs (loop0): mounted filesystem 00000000-0000-0000-0000-000000000000 without journal. Quota mode: none.
[   36.366081] EXT4-fs (loop0): unmounting filesystem 00000000-0000-0000-0000-000000000000.
[   36.382921] loop0: detected capacity change from 0 to 2048
[   36.388578] EXT4-fs (loop0): mounted filesystem 00000000-0000-0000-0000-000000000000 without journal. Quota mode: none.
[   36.393466] EXT4-fs (loop0): unmounting filesystem 00000000-0000-0000-0000-000000000000.
[   36.425865] loop0: detected capacity change from 0 to 2048
[   36.437019] EXT4-fs (loop0): mounted filesystem 00000000-0000-0000-0000-000000000000 without journal. Quota mode: none.
[   36.443557] EXT4-fs (loop0): unmounting filesystem 00000000-0000-0000-0000-000000000000.
[   36.473809] loop0: detected capacity change from 0 to 2048
[   36.476951] EXT4-fs (loop0): mounted filesystem 00000000-0000-0000-0000-000000000000 without journal. Quota mode: none.
[   36.483212] EXT4-fs (loop0): unmounting filesystem 00000000-0000-0000-0000-000000000000.
[   36.514229] loop0: detected capacity change from 0 to 2048
[   36.520725] EXT4-fs (loop0): mounted filesystem 00000000-0000-0000-0000-000000000000 without journal. Quota mode: none.
[   36.528937] EXT4-fs (loop0): unmounting filesystem 00000000-0000-0000-0000-000000000000.
[   36.549518] loop0: detected capacity change from 0 to 2048
[   36.549802] I/O error, dev loop0, sector 0 op 0x0:(READ) flags 0x80700 phys_seg 1 prio class 2
[   36.557968] EXT4-fs (loop0): mounted filesystem 00000000-0000-0000-0000-000000000000 without journal. Quota mode: none.
[   36.565834] EXT4-fs (loop0): unmounting filesystem 00000000-0000-0000-0000-000000000000.
[   36.584180] loop0: detected capacity change from 0 to 2048
[   36.593204] EXT4-fs (loop0): mounted filesystem 00000000-0000-0000-0000-000000000000 without journal. Quota mode: none.
[   36.608614] EXT4-fs (loop0): unmounting filesystem 00000000-0000-0000-0000-000000000000.
[   36.637634] loop0: detected capacity change from 0 to 2048
[   36.640668] EXT4-fs (loop0): mounted filesystem 00000000-0000-0000-0000-000000000000 without journal. Quota mode: none.
[   36.658682] EXT4-fs (loop0): unmounting filesystem 00000000-0000-0000-0000-000000000000.
[   36.672219] loop0: detected capacity change from 0 to 2048
[   36.676958] EXT4-fs (loop0): mounted filesystem 00000000-0000-0000-0000-000000000000 without journal. Quota mode: none.
[   36.693543] EXT4-fs (loop0): unmounting filesystem 00000000-0000-0000-0000-000000000000.
[   36.715522] loop0: detected capacity change from 0 to 2048
[   36.720723] EXT4-fs (loop0): mounted filesystem 00000000-0000-0000-0000-000000000000 without journal. Quota mode: none.
[   36.725939] EXT4-fs (loop0): unmounting filesystem 00000000-0000-0000-0000-000000000000.
[   36.741119] loop0: detected capacity change from 0 to 2048
[   36.741442] I/O error, dev loop0, sector 0 op 0x0:(READ) flags 0x80700 phys_seg 1 prio class 2
[   36.753964] EXT4-fs (loop0): mounted filesystem 00000000-0000-0000-0000-000000000000 without journal. Quota mode: none.
[   36.760768] EXT4-fs (loop0): unmounting filesystem 00000000-0000-0000-0000-000000000000.
[   36.789545] loop0: detected capacity change from 0 to 2048
[   36.792623] EXT4-fs (loop0): mounted filesystem 00000000-0000-0000-0000-000000000000 without journal. Quota mode: none.
[   36.800712] EXT4-fs (loop0): unmounting filesystem 00000000-0000-0000-0000-000000000000.
[   36.831786] loop0: detected capacity change from 0 to 2048
[   36.836545] EXT4-fs (loop0): mounted filesystem 00000000-0000-0000-0000-000000000000 without journal. Quota mode: none.
[   36.842800] EXT4-fs (loop0): unmounting filesystem 00000000-0000-0000-0000-000000000000.
[   36.873662] loop0: detected capacity change from 0 to 2048
[   36.876669] EXT4-fs (loop0): mounted filesystem 00000000-0000-0000-0000-000000000000 without journal. Quota mode: none.
[   36.883203] EXT4-fs (loop0): unmounting filesystem 00000000-0000-0000-0000-000000000000.
[   36.900402] loop0: detected capacity change from 0 to 2048
[   36.900932] I/O error, dev loop0, sector 0 op 0x0:(READ) flags 0x80700 phys_seg 1 prio class 2
[   36.908641] EXT4-fs (loop0): mounted filesystem 00000000-0000-0000-0000-000000000000 without journal. Quota mode: none.
[   36.919751] EXT4-fs (loop0): unmounting filesystem 00000000-0000-0000-0000-000000000000.
[   36.946127] loop0: detected capacity change from 0 to 2048
[   36.952665] EXT4-fs (loop0): mounted filesystem 00000000-0000-0000-0000-000000000000 without journal. Quota mode: none.
[   36.957174] EXT4-fs (loop0): unmounting filesystem 00000000-0000-0000-0000-000000000000.
[   36.971806] loop0: detected capacity change from 0 to 2048
[   37.003225] loop0: detected capacity change from 0 to 2048
[   37.042922] loop0: detected capacity change from 0 to 2048
[   37.066534] loop0: detected capacity change from 0 to 2048
[   37.110322] loop0: detected capacity change from 0 to 2048
[   37.140159] loop0: detected capacity change from 0 to 2048
[   37.163073] loop0: detected capacity change from 0 to 2048
[   37.185896] loop0: detected capacity change from 0 to 2048
[   37.218350] loop0: detected capacity change from 0 to 2048
[   37.218862] I/O error, dev loop0, sector 0 op 0x0:(READ) flags 0x80700 phys_seg 1 prio class 2
[   37.244468] loop0: detected capacity change from 0 to 2048
[   37.282661] loop0: detected capacity change from 0 to 2048
[   37.305620] loop0: detected capacity change from 0 to 2048
[   37.346086] loop0: detected capacity change from 0 to 2048
[   37.382514] loop0: detected capacity change from 0 to 2048
[   37.403496] loop0: detected capacity change from 0 to 2048
[   37.436280] loop0: detected capacity change from 0 to 2048
[   37.474655] loop0: detected capacity change from 0 to 2048
[   37.498269] loop0: detected capacity change from 0 to 2048
[   37.526997] loop0: detected capacity change from 0 to 2048
[   37.566397] loop0: detected capacity change from 0 to 2048
[   37.593181] loop0: detected capacity change from 0 to 2048
[   37.625655] loop0: detected capacity change from 0 to 2048
[   37.663744] loop0: detected capacity change from 0 to 2048
[   37.707210] loop0: detected capacity change from 0 to 2048
[   37.725188] loop0: detected capacity change from 0 to 2048
[   37.761876] loop0: detected capacity change from 0 to 2048
[   37.786727] loop0: detected capacity change from 0 to 2048
[   37.831046] loop0: detected capacity change from 0 to 2048
[   37.859304] loop0: detected capacity change from 0 to 2048
[   37.903185] loop0: detected capacity change from 0 to 2048
[   37.939086] loop0: detected capacity change from 0 to 2048
[   37.965103] loop0: detected capacity change from 0 to 2048
[   37.988707] loop0: detected capacity change from 0 to 2048
[   38.010256] loop0: detected capacity change from 0 to 2048
[   38.041129] loop0: detected capacity change from 0 to 2048
[   38.068132] loop0: detected capacity change from 0 to 2048
[   38.096601] loop0: detected capacity change from 0 to 2048
[   38.122094] loop0: detected capacity change from 0 to 2048
[   38.171519] loop0: detected capacity change from 0 to 2048
[   38.215341] loop0: detected capacity change from 0 to 2048
[   38.241365] loop0: detected capacity change from 0 to 2048
[   38.277205] loop0: detected capacity change from 0 to 2048
[   38.296166] loop0: detected capacity change from 0 to 2048
[   38.315590] loop0: detected capacity change from 0 to 2048
[   38.347588] loop0: detected capacity change from 0 to 2048
[   38.382383] loop0: detected capacity change from 0 to 2048
[   38.428380] loop0: detected capacity change from 0 to 2048
[   38.457376] loop0: detected capacity change from 0 to 2048
[   38.484373] loop0: detected capacity change from 0 to 2048
[   38.520663] loop0: detected capacity change from 0 to 2048
[   38.546342] loop0: detected capacity change from 0 to 2048
[   38.573470] loop0: detected capacity change from 0 to 2048
[   38.614443] loop0: detected capacity change from 0 to 2048
[   38.658504] loop0: detected capacity change from 0 to 2048
[   38.693598] loop0: detected capacity change from 0 to 2048
[   38.735668] loop0: detected capacity change from 0 to 2048
[   38.771828] loop0: detected capacity change from 0 to 2048
[   38.800605] loop0: detected capacity change from 0 to 2048
[   38.839767] loop0: detected capacity change from 0 to 2048
[   38.878697] loop0: detected capacity change from 0 to 2048
[   38.906583] loop0: detected capacity change from 0 to 2048
[   38.924654] loop0: detected capacity change from 0 to 2048
[   38.949111] loop0: detected capacity change from 0 to 2048
[   38.979772] loop0: detected capacity change from 0 to 2048
[   39.002833] loop0: detected capacity change from 0 to 2048
[   39.025955] loop0: detected capacity change from 0 to 2048
[   39.056647] loop0: detected capacity change from 0 to 2048
[   39.084117] loop0: detected capacity change from 0 to 2048
[   39.102447] loop0: detected capacity change from 0 to 2048
[   39.132652] loop0: detected capacity change from 0 to 2048
[   39.161244] loop0: detected capacity change from 0 to 2048
[   39.190249] loop0: detected capacity change from 0 to 2048
[   39.190764] I/O error, dev loop0, sector 0 op 0x0:(READ) flags 0x80700 phys_seg 1 prio class 2
[   39.220197] loop0: detected capacity change from 0 to 2048
[   39.248145] loop0: detected capacity change from 0 to 2048
[   39.294926] loop0: detected capacity change from 0 to 2048
[   39.315816] loop0: detected capacity change from 0 to 2048
[   39.354910] loop0: detected capacity change from 0 to 2048
[   39.380598] loop0: detected capacity change from 0 to 2048
[   39.407384] loop0: detected capacity change from 0 to 2048
[   39.430881] loop0: detected capacity change from 0 to 2048
[   39.460358] loop0: detected capacity change from 0 to 2048
[   39.485099] loop0: detected capacity change from 0 to 2048
[   39.515997] loop0: detected capacity change from 0 to 2048
[   39.539816] loop0: detected capacity change from 0 to 2048
[   39.565629] loop0: detected capacity change from 0 to 2048
[   39.588872] loop0: detected capacity change from 0 to 2048
[   39.629922] loop0: detected capacity change from 0 to 2048
[   39.666180] loop0: detected capacity change from 0 to 2048
[   39.695967] loop0: detected capacity change from 0 to 2048
[   39.724782] loop0: detected capacity change from 0 to 2048
[   39.753518] loop0: detected capacity change from 0 to 2048
[   39.780083] loop0: detected capacity change from 0 to 2048
[   39.808228] loop0: detected capacity change from 0 to 2048
[   39.842514] loop0: detected capacity change from 0 to 2048
[   39.883268] loop0: detected capacity change from 0 to 2048
[   39.906056] loop0: detected capacity change from 0 to 2048
[   39.939606] loop0: detected capacity change from 0 to 2048
[   39.980792] loop0: detected capacity change from 0 to 2048
[   40.010581] loop0: detected capacity change from 0 to 2048
[   40.030966] loop0: detected capacity change from 0 to 2048
[   40.071742] loop0: detected capacity change from 0 to 2048
[   40.094689] loop0: detected capacity change from 0 to 2048
[   40.138351] loop0: detected capacity change from 0 to 2048
[   40.181019] loop0: detected capacity change from 0 to 2048
[   40.205172] loop0: detected capacity change from 0 to 2048
[   40.232195] loop0: detected capacity change from 0 to 2048
[   40.261961] loop0: detected capacity change from 0 to 2048
[   40.311787] loop0: detected capacity change from 0 to 2048
[   40.354307] loop0: detected capacity change from 0 to 2048
[   40.394994] loop0: detected capacity change from 0 to 2048
[   40.421766] loop0: detected capacity change from 0 to 2048
[   40.449790] loop0: detected capacity change from 0 to 2048
[   40.474586] loop0: detected capacity change from 0 to 2048
[   40.502363] loop0: detected capacity change from 0 to 2048
[   40.542863] loop0: detected capacity change from 0 to 2048
[   40.582490] loop0: detected capacity change from 0 to 2048
[   40.605505] loop0: detected capacity change from 0 to 2048
[   40.632926] loop0: detected capacity change from 0 to 2048
[   40.687179] loop0: detected capacity change from 0 to 2048
[   40.718149] loop0: detected capacity change from 0 to 2048
[   40.749369] loop0: detected capacity change from 0 to 2048
[   40.775643] loop0: detected capacity change from 0 to 2048
[   40.817789] loop0: detected capacity change from 0 to 2048
[   40.851139] loop0: detected capacity change from 0 to 2048
[   40.895330] loop0: detected capacity change from 0 to 2048
[   40.924173] loop0: detected capacity change from 0 to 2048
[   40.962986] loop0: detected capacity change from 0 to 2048
[   40.988680] loop0: detected capacity change from 0 to 2048
[   41.014395] loop0: detected capacity change from 0 to 2048
[   41.053679] loop0: detected capacity change from 0 to 2048
[   41.077775] loop0: detected capacity change from 0 to 2048
[   41.105521] loop0: detected capacity change from 0 to 2048
[   41.137720] loop0: detected capacity change from 0 to 2048
[   41.164696] loop0: detected capacity change from 0 to 2048
[   41.198142] loop0: detected capacity change from 0 to 2048
[   41.225013] loop0: detected capacity change from 0 to 2048
[   41.270857] loop0: detected capacity change from 0 to 2048
[   41.310996] loop0: detected capacity change from 0 to 2048
[   41.347221] loop0: detected capacity change from 0 to 2048
[   41.369105] loop0: detected capacity change from 0 to 2048
[   41.410559] loop0: detected capacity change from 0 to 2048
[   41.439499] loop0: detected capacity change from 0 to 2048
[   41.479260] loop0: detected capacity change from 0 to 2048
[   41.526636] loop0: detected capacity change from 0 to 2048
[   41.566523] loop0: detected capacity change from 0 to 2048
[   41.602268] loop0: detected capacity change from 0 to 2048
[   41.633222] loop0: detected capacity change from 0 to 2048
[   41.674548] loop0: detected capacity change from 0 to 2048
[   41.715470] loop0: detected capacity change from 0 to 2048
[   41.750712] loop0: detected capacity change from 0 to 2048
[   41.772547] loop0: detected capacity change from 0 to 2048
[   41.814520] loop0: detected capacity change from 0 to 2048
[   41.835866] loop0: detected capacity change from 0 to 2048
[   41.879192] loop0: detected capacity change from 0 to 2048
[   41.918006] loop0: detected capacity change from 0 to 2048
[   41.946052] loop0: detected capacity change from 0 to 2048
[   41.978997] loop0: detected capacity change from 0 to 2048
[   42.019489] loop0: detected capacity change from 0 to 2048
[   42.055255] loop0: detected capacity change from 0 to 2048
[   42.079924] loop0: detected capacity change from 0 to 2048
[   42.114191] loop0: detected capacity change from 0 to 2048
[   42.155632] loop0: detected capacity change from 0 to 2048
[   42.178119] loop0: detected capacity change from 0 to 2048
[   42.219216] loop0: detected capacity change from 0 to 2048
[   42.240454] loop0: detected capacity change from 0 to 2048
[   42.283618] loop0: detected capacity change from 0 to 2048
[   42.308563] loop0: detected capacity change from 0 to 2048
[   42.355213] loop0: detected capacity change from 0 to 2048
[   42.376324] loop0: detected capacity change from 0 to 2048
[   42.425704] loop0: detected capacity change from 0 to 2048
[   42.441293] loop0: detected capacity change from 0 to 2048
[   42.479020] loop0: detected capacity change from 0 to 2048
[   42.499932] loop0: detected capacity change from 0 to 2048
[   42.528662] loop0: detected capacity change from 0 to 2048
[   42.555939] loop0: detected capacity change from 0 to 2048
[   42.583661] loop0: detected capacity change from 0 to 2048
[   42.584046] I/O error, dev loop0, sector 0 op 0x0:(READ) flags 0x80700 phys_seg 1 prio class 2
[   42.635105] loop0: detected capacity change from 0 to 2048
[   42.682871] loop0: detected capacity change from 0 to 2048
[   42.724457] loop0: detected capacity change from 0 to 2048
[   42.760708] loop0: detected capacity change from 0 to 2048
[   42.794994] loop0: detected capacity change from 0 to 2048
[   42.831364] loop0: detected capacity change from 0 to 2048
[   42.855856] loop0: detected capacity change from 0 to 2048
[   42.886302] loop0: detected capacity change from 0 to 2048
[   42.886643] I/O error, dev loop0, sector 0 op 0x0:(READ) flags 0x80700 phys_seg 1 prio class 2
[   42.929659] loop0: detected capacity change from 0 to 2048
[   42.945412] loop0: detected capacity change from 0 to 2048
[   42.982189] loop0: detected capacity change from 0 to 2048
[   43.011722] loop0: detected capacity change from 0 to 2048
[   43.057587] loop0: detected capacity change from 0 to 2048
[   43.091467] loop0: detected capacity change from 0 to 2048
[   43.109389] loop0: detected capacity change from 0 to 2048
[   43.151226] loop0: detected capacity change from 0 to 2048
[   43.176678] loop0: detected capacity change from 0 to 2048
[   43.206520] loop0: detected capacity change from 0 to 2048
[   43.235281] loop0: detected capacity change from 0 to 2048
[   43.257566] loop0: detected capacity change from 0 to 2048
[   43.304806] loop0: detected capacity change from 0 to 2048
[   43.343357] loop0: detected capacity change from 0 to 2048
[   43.375813] loop0: detected capacity change from 0 to 2048
[   43.417424] loop0: detected capacity change from 0 to 2048
[   43.443292] loop0: detected capacity change from 0 to 2048
[   43.482002] loop0: detected capacity change from 0 to 2048
[   43.505724] loop0: detected capacity change from 0 to 2048
[   43.530145] loop0: detected capacity change from 0 to 2048
[   43.572189] loop0: detected capacity change from 0 to 2048
[   43.598196] loop0: detected capacity change from 0 to 2048
[   43.656064] loop0: detected capacity change from 0 to 2048
[   43.701654] loop0: detected capacity change from 0 to 2048
[   43.743231] loop0: detected capacity change from 0 to 2048
[   43.785876] loop0: detected capacity change from 0 to 2048
[   43.818985] loop0: detected capacity change from 0 to 2048
[   43.845504] loop0: detected capacity change from 0 to 2048
[   43.872715] loop0: detected capacity change from 0 to 2048
[   43.914173] loop0: detected capacity change from 0 to 2048
[   43.958879] loop0: detected capacity change from 0 to 2048
[   44.002552] loop0: detected capacity change from 0 to 2048
[   44.025722] loop0: detected capacity change from 0 to 2048
[   44.075341] loop0: detected capacity change from 0 to 2048
[   44.094935] loop0: detected capacity change from 0 to 2048
[   44.124021] loop0: detected capacity change from 0 to 2048
[   44.167193] loop0: detected capacity change from 0 to 2048
[   44.188574] loop0: detected capacity change from 0 to 2048
[   44.244275] loop0: detected capacity change from 0 to 2048
[   44.286438] loop0: detected capacity change from 0 to 2048
[   44.331671] loop0: detected capacity change from 0 to 2048
[   44.370835] loop0: detected capacity change from 0 to 2048
[   44.411376] loop0: detected capacity change from 0 to 2048
[   44.436179] loop0: detected capacity change from 0 to 2048
[   44.453920] loop0: detected capacity change from 0 to 2048
[   44.485735] loop0: detected capacity change from 0 to 2048
[   44.513762] loop0: detected capacity change from 0 to 2048
[   44.542005] loop0: detected capacity change from 0 to 2048
[   44.572773] loop0: detected capacity change from 0 to 2048
[   44.604914] loop0: detected capacity change from 0 to 2048
[   44.637731] loop0: detected capacity change from 0 to 2048
[   44.683153] loop0: detected capacity change from 0 to 2048
[   44.726381] loop0: detected capacity change from 0 to 2048
[   44.757264] loop0: detected capacity change from 0 to 2048
[   44.785198] loop0: detected capacity change from 0 to 2048
[   44.813313] loop0: detected capacity change from 0 to 2048
[   44.840696] loop0: detected capacity change from 0 to 2048
[   44.866603] loop0: detected capacity change from 0 to 2048
[   44.866863] I/O error, dev loop0, sector 0 op 0x0:(READ) flags 0x80700 phys_seg 1 prio class 2
[   44.899052] loop0: detected capacity change from 0 to 2048
[   44.934583] loop0: detected capacity change from 0 to 2048
[   44.978467] loop0: detected capacity change from 0 to 2048
[   45.005147] loop0: detected capacity change from 0 to 2048
[   45.038266] loop0: detected capacity change from 0 to 2048
[   45.062303] loop0: detected capacity change from 0 to 2048
[   45.095143] loop0: detected capacity change from 0 to 2048
[   45.131203] loop0: detected capacity change from 0 to 2048
[   45.168095] loop0: detected capacity change from 0 to 2048
[   45.193539] loop0: detected capacity change from 0 to 2048
[   45.228236] loop0: detected capacity change from 0 to 2048
[   45.263727] loop0: detected capacity change from 0 to 2048
[   45.290202] loop0: detected capacity change from 0 to 2048
[   45.329375] loop0: detected capacity change from 0 to 2048
[   45.354277] loop0: detected capacity change from 0 to 2048
[   45.404360] loop0: detected capacity change from 0 to 2048
[   45.423998] loop0: detected capacity change from 0 to 2048
[   45.456076] loop0: detected capacity change from 0 to 2048
[   45.503231] loop0: detected capacity change from 0 to 2048
[   45.540065] loop0: detected capacity change from 0 to 2048
[   45.579319] loop0: detected capacity change from 0 to 2048
[   45.615298] loop0: detected capacity change from 0 to 2048
[   45.663118] loop0: detected capacity change from 0 to 2048
[   45.705838] loop0: detected capacity change from 0 to 2048
[   45.737715] loop0: detected capacity change from 0 to 2048
[   45.761683] loop0: detected capacity change from 0 to 2048
[   45.798665] loop0: detected capacity change from 0 to 2048
[   45.819090] loop0: detected capacity change from 0 to 2048
[   45.859795] loop0: detected capacity change from 0 to 2048
[   45.882873] loop0: detected capacity change from 0 to 2048
[   45.923580] loop0: detected capacity change from 0 to 2048
[   45.944130] loop0: detected capacity change from 0 to 2048
[   45.970997] loop0: detected capacity change from 0 to 2048
[   46.004185] loop0: detected capacity change from 0 to 2048
[   46.021501] loop0: detected capacity change from 0 to 2048
[   46.071119] loop0: detected capacity change from 0 to 2048
[   46.110770] loop0: detected capacity change from 0 to 2048
[   46.135445] loop0: detected capacity change from 0 to 2048
[   46.177881] loop0: detected capacity change from 0 to 2048
[   46.221962] loop0: detected capacity change from 0 to 2048
[   46.262241] loop0: detected capacity change from 0 to 2048
[   46.292308] loop0: detected capacity change from 0 to 2048
[   46.320732] loop0: detected capacity change from 0 to 2048
[   46.375115] loop0: detected capacity change from 0 to 2048
[   46.399846] loop0: detected capacity change from 0 to 2048
[   46.441475] loop0: detected capacity change from 0 to 2048
[   46.468923] loop0: detected capacity change from 0 to 2048
[   46.493181] loop0: detected capacity change from 0 to 2048
[   46.516273] loop0: detected capacity change from 0 to 2048
[   46.545713] loop0: detected capacity change from 0 to 2048
[   46.573632] loop0: detected capacity change from 0 to 2048
[   46.597199] loop0: detected capacity change from 0 to 2048
[   46.644542] loop0: detected capacity change from 0 to 2048
[   46.686612] loop0: detected capacity change from 0 to 2048
[   46.724964] loop0: detected capacity change from 0 to 2048
[   46.760722] loop0: detected capacity change from 0 to 2048
[   46.795983] loop0: detected capacity change from 0 to 2048
[   46.814918] loop0: detected capacity change from 0 to 2048
[   46.815595] I/O error, dev loop0, sector 0 op 0x0:(READ) flags 0x80700 phys_seg 1 prio class 2
[   46.847157] loop0: detected capacity change from 0 to 2048
[   46.875669] loop0: detected capacity change from 0 to 2048
[   46.904512] loop0: detected capacity change from 0 to 2048
[   46.931002] loop0: detected capacity change from 0 to 2048
[   46.979127] loop0: detected capacity change from 0 to 2048
[   47.004851] loop0: detected capacity change from 0 to 2048
[   47.026471] loop0: detected capacity change from 0 to 2048
[   47.055987] loop0: detected capacity change from 0 to 2048
[   47.082607] loop0: detected capacity change from 0 to 2048
[   47.108471] loop0: detected capacity change from 0 to 2048
[   47.142550] loop0: detected capacity change from 0 to 2048
[   47.190889] loop0: detected capacity change from 0 to 2048
[   47.214855] loop0: detected capacity change from 0 to 2048
[   47.257438] loop0: detected capacity change from 0 to 2048
[   47.288906] loop0: detected capacity change from 0 to 2048
[   47.328348] loop0: detected capacity change from 0 to 2048
[   47.367827] loop0: detected capacity change from 0 to 2048
[   47.396705] loop0: detected capacity change from 0 to 2048
[   47.425575] loop0: detected capacity change from 0 to 2048
[   47.453000] loop0: detected capacity change from 0 to 2048
[   47.478787] loop0: detected capacity change from 0 to 2048
[   47.515822] loop0: detected capacity change from 0 to 2048
[   47.556383] loop0: detected capacity change from 0 to 2048
[   47.576235] loop0: detected capacity change from 0 to 2048
[   47.576560] I/O error, dev loop0, sector 0 op 0x0:(READ) flags 0x80700 phys_seg 1 prio class 2
[   47.614906] loop0: detected capacity change from 0 to 2048
[   47.652453] loop0: detected capacity change from 0 to 2048
[   47.702806] loop0: detected capacity change from 0 to 2048
[   47.738304] loop0: detected capacity change from 0 to 2048
[   47.760288] loop0: detected capacity change from 0 to 2048
[   47.783727] loop0: detected capacity change from 0 to 2048
[   47.810648] loop0: detected capacity change from 0 to 2048
[   47.855186] loop0: detected capacity change from 0 to 2048
[   47.891822] loop0: detected capacity change from 0 to 2048
[   47.918253] loop0: detected capacity change from 0 to 2048
[   47.960092] loop0: detected capacity change from 0 to 2048
[   47.988849] loop0: detected capacity change from 0 to 2048
[   48.023480] loop0: detected capacity change from 0 to 2048
[   48.042204] loop0: detected capacity change from 0 to 2048
[   48.091322] loop0: detected capacity change from 0 to 2048
[   48.125507] loop0: detected capacity change from 0 to 2048
[   48.163218] loop0: detected capacity change from 0 to 2048
[   48.188305] loop0: detected capacity change from 0 to 2048
[   48.210038] loop0: detected capacity change from 0 to 2048
[   48.243710] loop0: detected capacity change from 0 to 2048
[   48.275542] loop0: detected capacity change from 0 to 2048
[   48.311661] loop0: detected capacity change from 0 to 2048
[   48.351258] loop0: detected capacity change from 0 to 2048
[   48.372554] loop0: detected capacity change from 0 to 2048
[   48.405992] loop0: detected capacity change from 0 to 2048
[   48.437663] loop0: detected capacity change from 0 to 2048
[   48.487196] loop0: detected capacity change from 0 to 2048
[   48.526938] loop0: detected capacity change from 0 to 2048
[   48.570459] loop0: detected capacity change from 0 to 2048
[   48.610001] loop0: detected capacity change from 0 to 2048
[   48.640492] loop0: detected capacity change from 0 to 2048
[   48.686562] loop0: detected capacity change from 0 to 2048
[   48.721562] loop0: detected capacity change from 0 to 2048
[   48.745200] loop0: detected capacity change from 0 to 2048
[   48.771940] loop0: detected capacity change from 0 to 2048
[   48.801056] loop0: detected capacity change from 0 to 2048
[   48.828403] loop0: detected capacity change from 0 to 2048
[   48.851756] loop0: detected capacity change from 0 to 2048
[   48.852132] I/O error, dev loop0, sector 0 op 0x0:(READ) flags 0x80700 phys_seg 1 prio class 2
[   48.899780] loop0: detected capacity change from 0 to 2048
[   48.938201] loop0: detected capacity change from 0 to 2048
[   48.965269] loop0: detected capacity change from 0 to 2048
[   48.990338] loop0: detected capacity change from 0 to 2048
[   49.042588] loop0: detected capacity change from 0 to 2048
[   49.086757] loop0: detected capacity change from 0 to 2048
[   49.108370] loop0: detected capacity change from 0 to 2048
[   49.142873] loop0: detected capacity change from 0 to 2048
[   49.179164] loop0: detected capacity change from 0 to 2048
[   49.200833] loop0: detected capacity change from 0 to 2048
[   49.201150] I/O error, dev loop0, sector 0 op 0x0:(READ) flags 0x80700 phys_seg 1 prio class 2
[   49.230169] loop0: detected capacity change from 0 to 2048
[   49.261091] loop0: detected capacity change from 0 to 2048
[   49.310637] loop0: detected capacity change from 0 to 2048
[   49.347033] loop0: detected capacity change from 0 to 2048
[   49.388093] loop0: detected capacity change from 0 to 2048
[   49.421680] loop0: detected capacity change from 0 to 2048
[   49.456124] loop0: detected capacity change from 0 to 2048
[   49.494774] loop0: detected capacity change from 0 to 2048
[   49.520404] loop0: detected capacity change from 0 to 2048
[   49.544496] loop0: detected capacity change from 0 to 2048
[   49.569520] loop0: detected capacity change from 0 to 2048
[   49.570127] I/O error, dev loop0, sector 0 op 0x0:(READ) flags 0x80700 phys_seg 1 prio class 2
[   49.619569] loop0: detected capacity change from 0 to 2048
[   49.651980] loop0: detected capacity change from 0 to 2048
[   49.697574] loop0: detected capacity change from 0 to 2048
[   49.735494] loop0: detected capacity change from 0 to 2048
[   49.755887] loop0: detected capacity change from 0 to 2048
[   49.756149] I/O error, dev loop0, sector 0 op 0x0:(READ) flags 0x80700 phys_seg 1 prio class 2
[   49.798029] loop0: detected capacity change from 0 to 2048
[   49.835810] loop0: detected capacity change from 0 to 2048
[   49.857706] loop0: detected capacity change from 0 to 2048
[   49.895373] loop0: detected capacity change from 0 to 2048
[   49.934541] loop0: detected capacity change from 0 to 2048
[   49.964583] loop0: detected capacity change from 0 to 2048
[   49.995918] loop0: detected capacity change from 0 to 2048
[   50.018155] loop0: detected capacity change from 0 to 2048
[   50.063634] loop0: detected capacity change from 0 to 2048
[   50.088649] loop0: detected capacity change from 0 to 2048
[   50.088896] I/O error, dev loop0, sector 0 op 0x0:(READ) flags 0x80700 phys_seg 1 prio class 2
[   50.131865] loop0: detected capacity change from 0 to 2048
[   50.158388] loop0: detected capacity change from 0 to 2048
[   50.188171] loop0: detected capacity change from 0 to 2048
[   50.229373] loop0: detected capacity change from 0 to 2048
[   50.266004] loop0: detected capacity change from 0 to 2048
[   50.297879] loop0: detected capacity change from 0 to 2048
[   50.323853] loop0: detected capacity change from 0 to 2048
[   50.349413] loop0: detected capacity change from 0 to 2048
[   50.376010] loop0: detected capacity change from 0 to 2048
[   50.401899] loop0: detected capacity change from 0 to 2048
[   50.448408] loop0: detected capacity change from 0 to 2048
[   50.474420] loop0: detected capacity change from 0 to 2048
[   50.498149] loop0: detected capacity change from 0 to 2048
[   50.525845] loop0: detected capacity change from 0 to 2048
[   50.557578] loop0: detected capacity change from 0 to 2048
[   50.586312] loop0: detected capacity change from 0 to 2048
[   50.623929] loop0: detected capacity change from 0 to 2048
[   50.663549] loop0: detected capacity change from 0 to 2048
[   50.694668] loop0: detected capacity change from 0 to 2048
[   50.727805] loop0: detected capacity change from 0 to 2048
[   50.758279] loop0: detected capacity change from 0 to 2048
[   50.800642] loop0: detected capacity change from 0 to 2048
[   50.825770] loop0: detected capacity change from 0 to 2048
[   50.826142] I/O error, dev loop0, sector 0 op 0x0:(READ) flags 0x80700 phys_seg 1 prio class 2
[   50.859303] loop0: detected capacity change from 0 to 2048
[   50.880302] loop0: detected capacity change from 0 to 2048
[   50.912944] loop0: detected capacity change from 0 to 2048
[   50.956009] loop0: detected capacity change from 0 to 2048
[   50.976292] loop0: detected capacity change from 0 to 2048
[   51.010958] loop0: detected capacity change from 0 to 2048
[   51.053238] loop0: detected capacity change from 0 to 2048
[   51.077497] loop0: detected capacity change from 0 to 2048
[   51.077979] I/O error, dev loop0, sector 0 op 0x0:(READ) flags 0x80700 phys_seg 1 prio class 2
[   51.119146] loop0: detected capacity change from 0 to 2048
[   51.138940] loop0: detected capacity change from 0 to 2048
[   51.183596] loop0: detected capacity change from 0 to 2048
[   51.211106] loop0: detected capacity change from 0 to 2048
[   51.244081] loop0: detected capacity change from 0 to 2048
[   51.287659] loop0: detected capacity change from 0 to 2048
[   51.313673] loop0: detected capacity change from 0 to 2048
[   51.345684] loop0: detected capacity change from 0 to 2048
[   51.389950] loop0: detected capacity change from 0 to 2048
[   51.415257] loop0: detected capacity change from 0 to 2048
[   51.441482] loop0: detected capacity change from 0 to 2048
[   51.474546] loop0: detected capacity change from 0 to 2048
[   51.500614] loop0: detected capacity change from 0 to 2048
[   51.524848] loop0: detected capacity change from 0 to 2048
[   51.549399] loop0: detected capacity change from 0 to 2048
[   51.580118] loop0: detected capacity change from 0 to 2048
[   51.608884] loop0: detected capacity change from 0 to 2048
[   51.641538] loop0: detected capacity change from 0 to 2048
[   51.677453] loop0: detected capacity change from 0 to 2048
[   51.724112] loop0: detected capacity change from 0 to 2048
[   51.757280] loop0: detected capacity change from 0 to 2048
[   51.798932] loop0: detected capacity change from 0 to 2048
[   51.837101] loop0: detected capacity change from 0 to 2048
[   51.873915] loop0: detected capacity change from 0 to 2048
[   51.899767] loop0: detected capacity change from 0 to 2048
[   51.926619] loop0: detected capacity change from 0 to 2048
[   51.963946] loop0: detected capacity change from 0 to 2048
[   51.991851] loop0: detected capacity change from 0 to 2048
[   52.014642] loop0: detected capacity change from 0 to 2048
[   52.038424] loop0: detected capacity change from 0 to 2048
[   52.075854] loop0: detected capacity change from 0 to 2048
[   52.115031] loop0: detected capacity change from 0 to 2048
[   52.155101] loop0: detected capacity change from 0 to 2048
[   52.178706] loop0: detected capacity change from 0 to 2048
[   52.219244] loop0: detected capacity change from 0 to 2048
[   52.242503] loop0: detected capacity change from 0 to 2048
[   52.267134] loop0: detected capacity change from 0 to 2048
[   52.290638] loop0: detected capacity change from 0 to 2048
[   52.316340] loop0: detected capacity change from 0 to 2048
[   52.344749] loop0: detected capacity change from 0 to 2048
[   52.372630] loop0: detected capacity change from 0 to 2048
[   52.402372] loop0: detected capacity change from 0 to 2048
[   52.434209] loop0: detected capacity change from 0 to 2048
[   52.434820] I/O error, dev loop0, sector 0 op 0x0:(READ) flags 0x80700 phys_seg 1 prio class 2
[   52.473963] loop0: detected capacity change from 0 to 2048
[   52.495902] loop0: detected capacity change from 0 to 2048
[   52.521397] loop0: detected capacity change from 0 to 2048
[   52.568589] loop0: detected capacity change from 0 to 2048
[   52.601882] loop0: detected capacity change from 0 to 2048
[   52.637016] loop0: detected capacity change from 0 to 2048
[   52.662183] loop0: detected capacity change from 0 to 2048
[   52.662535] I/O error, dev loop0, sector 0 op 0x0:(READ) flags 0x80700 phys_seg 1 prio class 2
[   52.714785] loop0: detected capacity change from 0 to 2048
[   52.735741] loop0: detected capacity change from 0 to 2048
[   52.765964] loop0: detected capacity change from 0 to 2048
[   52.788777] loop0: detected capacity change from 0 to 2048
[   52.816845] loop0: detected capacity change from 0 to 2048
[   52.857984] loop0: detected capacity change from 0 to 2048
[   52.894787] loop0: detected capacity change from 0 to 2048
[   52.916823] loop0: detected capacity change from 0 to 2048
[   52.942000] loop0: detected capacity change from 0 to 2048
[   52.974229] loop0: detected capacity change from 0 to 2048
[   53.002857] loop0: detected capacity change from 0 to 2048
[   53.032337] loop0: detected capacity change from 0 to 2048
[   53.032729] I/O error, dev loop0, sector 0 op 0x0:(READ) flags 0x80700 phys_seg 1 prio class 2
[   53.075065] loop0: detected capacity change from 0 to 2048
[   53.110925] loop0: detected capacity change from 0 to 2048
[   53.147034] loop0: detected capacity change from 0 to 2048
[   53.174900] loop0: detected capacity change from 0 to 2048
[   53.218903] loop0: detected capacity change from 0 to 2048
[   53.240126] loop0: detected capacity change from 0 to 2048
[   53.265123] loop0: detected capacity change from 0 to 2048
[   53.294262] loop0: detected capacity change from 0 to 2048
[   53.338911] loop0: detected capacity change from 0 to 2048
[   53.361145] loop0: detected capacity change from 0 to 2048
[   53.387250] loop0: detected capacity change from 0 to 2048
[   53.409379] loop0: detected capacity change from 0 to 2048
[   53.437006] loop0: detected capacity change from 0 to 2048
[   53.460700] loop0: detected capacity change from 0 to 2048
[   53.493241] loop0: detected capacity change from 0 to 2048
[   53.525079] loop0: detected capacity change from 0 to 2048
[   53.552466] loop0: detected capacity change from 0 to 2048
[   53.594582] loop0: detected capacity change from 0 to 2048
[   53.635567] loop0: detected capacity change from 0 to 2048
[   53.669975] loop0: detected capacity change from 0 to 2048
[   53.715371] loop0: detected capacity change from 0 to 2048
[   53.742151] loop0: detected capacity change from 0 to 2048
[   53.771810] loop0: detected capacity change from 0 to 2048
[   53.810097] loop0: detected capacity change from 0 to 2048
[   53.836804] loop0: detected capacity change from 0 to 2048
[   53.858615] loop0: detected capacity change from 0 to 2048
[   53.893136] loop0: detected capacity change from 0 to 2048
[   53.924257] loop0: detected capacity change from 0 to 2048
[   53.969567] loop0: detected capacity change from 0 to 2048
[   53.969916] I/O error, dev loop0, sector 0 op 0x0:(READ) flags 0x80700 phys_seg 1 prio class 2
[   54.011568] loop0: detected capacity change from 0 to 2048
[   54.038762] loop0: detected capacity change from 0 to 2048
[   54.079523] loop0: detected capacity change from 0 to 2048
[   54.105218] loop0: detected capacity change from 0 to 2048
[   54.147271] loop0: detected capacity change from 0 to 2048
[   54.170090] loop0: detected capacity change from 0 to 2048
[   54.170505] I/O error, dev loop0, sector 0 op 0x0:(READ) flags 0x80700 phys_seg 1 prio class 2
[   54.218982] loop0: detected capacity change from 0 to 2048
[   54.245607] loop0: detected capacity change from 0 to 2048
[   54.246054] I/O error, dev loop0, sector 0 op 0x0:(READ) flags 0x80700 phys_seg 1 prio class 2
[   54.275798] loop0: detected capacity change from 0 to 2048
[   54.294851] loop0: detected capacity change from 0 to 2048
[   54.329903] loop0: detected capacity change from 0 to 2048
[   54.365333] loop0: detected capacity change from 0 to 2048
[   54.397700] loop0: detected capacity change from 0 to 2048
[   54.419032] loop0: detected capacity change from 0 to 2048
[   54.460468] loop0: detected capacity change from 0 to 2048
[   54.485808] loop0: detected capacity change from 0 to 2048
[   54.513989] loop0: detected capacity change from 0 to 2048
[   54.563713] loop0: detected capacity change from 0 to 2048
[   54.584577] loop0: detected capacity change from 0 to 2048
[   54.635387] loop0: detected capacity change from 0 to 2048
[   54.667130] loop0: detected capacity change from 0 to 2048
[   54.708283] loop0: detected capacity change from 0 to 2048
[   54.728639] loop0: detected capacity change from 0 to 2048
[   54.758157] loop0: detected capacity change from 0 to 2048
[   54.788631] loop0: detected capacity change from 0 to 2048
[   54.827344] loop0: detected capacity change from 0 to 2048
[   54.853394] loop0: detected capacity change from 0 to 2048
[   54.899218] loop0: detected capacity change from 0 to 2048
[   54.926223] loop0: detected capacity change from 0 to 2048
[   54.950866] loop0: detected capacity change from 0 to 2048
[   54.976315] loop0: detected capacity change from 0 to 2048
[   55.000540] loop0: detected capacity change from 0 to 2048
[   55.034026] loop0: detected capacity change from 0 to 2048
[   55.072092] loop0: detected capacity change from 0 to 2048
[   55.096147] loop0: detected capacity change from 0 to 2048
[   55.096643] I/O error, dev loop0, sector 0 op 0x0:(READ) flags 0x80700 phys_seg 1 prio class 2
[   55.128776] loop0: detected capacity change from 0 to 2048
[   55.156329] loop0: detected capacity change from 0 to 2048
[   55.181779] loop0: detected capacity change from 0 to 2048
[   55.215015] loop0: detected capacity change from 0 to 2048
[   55.236557] loop0: detected capacity change from 0 to 2048
[   55.261276] loop0: detected capacity change from 0 to 2048
[   55.296720] loop0: detected capacity change from 0 to 2048
[   55.323510] loop0: detected capacity change from 0 to 2048
[   55.367053] loop0: detected capacity change from 0 to 2048
[   55.403229] loop0: detected capacity change from 0 to 2048
[   55.440195] loop0: detected capacity change from 0 to 2048
[   55.478167] loop0: detected capacity change from 0 to 2048
[   55.519393] loop0: detected capacity change from 0 to 2048
[   55.538949] loop0: detected capacity change from 0 to 2048
[   55.539757] I/O error, dev loop0, sector 0 op 0x0:(READ) flags 0x80700 phys_seg 1 prio class 2
[   55.539801] I/O error, dev loop0, sector 0 op 0x0:(READ) flags 0x0 phys_seg 1 prio class 2
[   55.539815] Buffer I/O error on dev loop0, logical block 0, async page read
[   55.539841] I/O error, dev loop0, sector 0 op 0x0:(READ) flags 0x0 phys_seg 1 prio class 2
[   55.539854] Buffer I/O error on dev loop0, logical block 0, async page read
[   55.539874] I/O error, dev loop0, sector 0 op 0x0:(READ) flags 0x0 phys_seg 1 prio class 2
[   55.539887] Buffer I/O error on dev loop0, logical block 0, async page read
[   55.539906] I/O error, dev loop0, sector 0 op 0x0:(READ) flags 0x0 phys_seg 1 prio class 2
[   55.547302] Buffer I/O error on dev loop0, logical block 0, async page read
[   55.577497] loop0: detected capacity change from 0 to 2048
[   55.610164] loop0: detected capacity change from 0 to 2048
[   55.658106] loop0: detected capacity change from 0 to 2048
[   55.707049] loop0: detected capacity change from 0 to 2048
[   55.746593] loop0: detected capacity change from 0 to 2048
[   55.792107] loop0: detected capacity change from 0 to 2048
[   55.818637] loop0: detected capacity change from 0 to 2048
[   55.818924] I/O error, dev loop0, sector 0 op 0x0:(READ) flags 0x80700 phys_seg 1 prio class 2
[   55.853437] loop0: detected capacity change from 0 to 2048
[   55.877925] loop0: detected capacity change from 0 to 2048
[   55.925041] loop0: detected capacity change from 0 to 2048
[   55.952792] loop0: detected capacity change from 0 to 2048
[   55.982223] loop0: detected capacity change from 0 to 2048
[   56.003968] loop0: detected capacity change from 0 to 2048
[   56.036456] loop0: detected capacity change from 0 to 2048
[   56.085087] loop0: detected capacity change from 0 to 2048
[   56.124138] loop0: detected capacity change from 0 to 2048
[   56.153035] loop0: detected capacity change from 0 to 2048
[   56.175188] loop0: detected capacity change from 0 to 2048
[   56.202904] loop0: detected capacity change from 0 to 2048
[   56.251301] loop0: detected capacity change from 0 to 2048
[   56.291568] loop0: detected capacity change from 0 to 2048
[   56.333105] loop0: detected capacity change from 0 to 2048
[   56.355558] loop0: detected capacity change from 0 to 2048
[   56.382937] loop0: detected capacity change from 0 to 2048
[   56.402928] loop0: detected capacity change from 0 to 2048
[   56.433784] loop0: detected capacity change from 0 to 2048
[   56.457739] loop0: detected capacity change from 0 to 2048
[   56.480152] loop0: detected capacity change from 0 to 2048
[   56.528667] loop0: detected capacity change from 0 to 2048
[   56.566829] loop0: detected capacity change from 0 to 2048
[   56.591055] loop0: detected capacity change from 0 to 2048
[   56.614239] loop0: detected capacity change from 0 to 2048
[   56.668279] loop0: detected capacity change from 0 to 2048
[   56.717510] loop0: detected capacity change from 0 to 2048
[   56.749333] loop0: detected capacity change from 0 to 2048
[   56.782393] loop0: detected capacity change from 0 to 2048
[   56.804163] loop0: detected capacity change from 0 to 2048
[   56.837022] loop0: detected capacity change from 0 to 2048
[   56.870300] loop0: detected capacity change from 0 to 2048
[   56.892739] loop0: detected capacity change from 0 to 2048
[   56.916238] loop0: detected capacity change from 0 to 2048
[   56.949618] loop0: detected capacity change from 0 to 2048
[   56.950140] Buffer I/O error on dev loop0, logical block 0, async page read
[   56.978336] loop0: detected capacity change from 0 to 2048
[   57.005893] loop0: detected capacity change from 0 to 2048
[   57.041605] loop0: detected capacity change from 0 to 2048
[   57.075884] loop0: detected capacity change from 0 to 2048
[   57.109737] loop0: detected capacity change from 0 to 2048
[   57.126779] loop0: detected capacity change from 0 to 2048
[   57.156163] loop0: detected capacity change from 0 to 2048
[   57.175152] loop0: detected capacity change from 0 to 2048
[   57.175670] Buffer I/O error on dev loop0, logical block 0, async page read
[   57.205930] loop0: detected capacity change from 0 to 2048
[   57.249959] loop0: detected capacity change from 0 to 2048
[   57.286152] loop0: detected capacity change from 0 to 2048
[   57.321258] loop0: detected capacity change from 0 to 2048
[   57.342926] loop0: detected capacity change from 0 to 2048
[   57.370187] loop0: detected capacity change from 0 to 2048
[   57.398327] loop0: detected capacity change from 0 to 2048
[   57.426098] loop0: detected capacity change from 0 to 2048
[   57.451351] loop0: detected capacity change from 0 to 2048
[   57.478718] loop0: detected capacity change from 0 to 2048
[   57.503908] loop0: detected capacity change from 0 to 2048
[   57.538822] loop0: detected capacity change from 0 to 2048
[   57.561944] loop0: detected capacity change from 0 to 2048
[   57.591907] loop0: detected capacity change from 0 to 2048
[   57.592211] Buffer I/O error on dev loop0, logical block 0, async page read
[   57.638617] loop0: detected capacity change from 0 to 2048
[   57.686342] loop0: detected capacity change from 0 to 2048
[   57.719983] loop0: detected capacity change from 0 to 2048
[   57.741748] loop0: detected capacity change from 0 to 2048
[   57.787378] loop0: detected capacity change from 0 to 2048
[   57.827286] loop0: detected capacity change from 0 to 2048
[   57.855340] loop0: detected capacity change from 0 to 2048
[   57.855668] Buffer I/O error on dev loop0, logical block 0, async page read
[   57.898469] loop0: detected capacity change from 0 to 2048
[   57.916598] loop0: detected capacity change from 0 to 2048
[   57.962125] loop0: detected capacity change from 0 to 2048
[   57.999286] loop0: detected capacity change from 0 to 2048
[   58.034140] loop0: detected capacity change from 0 to 2048
[   58.070749] loop0: detected capacity change from 0 to 2048
[   58.097095] loop0: detected capacity change from 0 to 2048
[   58.124102] loop0: detected capacity change from 0 to 2048
[   58.153291] loop0: detected capacity change from 0 to 2048
[   58.177807] loop0: detected capacity change from 0 to 2048
[   58.203466] loop0: detected capacity change from 0 to 2048
[   58.245109] loop0: detected capacity change from 0 to 2048
[   58.281857] loop0: detected capacity change from 0 to 2048
[   58.305208] loop0: detected capacity change from 0 to 2048
[   58.336186] loop0: detected capacity change from 0 to 2048
[   58.336582] Buffer I/O error on dev loop0, logical block 0, async page read
[   58.377199] loop0: detected capacity change from 0 to 2048
[   58.418172] loop0: detected capacity change from 0 to 2048
[   58.446520] loop0: detected capacity change from 0 to 2048
[   58.477259] loop0: detected capacity change from 0 to 2048
[   58.506620] loop0: detected capacity change from 0 to 2048
[   58.538088] loop0: detected capacity change from 0 to 2048
[   58.570053] loop0: detected capacity change from 0 to 2048
[   58.598533] loop0: detected capacity change from 0 to 2048
[   58.625842] loop0: detected capacity change from 0 to 2048
[   58.670505] loop0: detected capacity change from 0 to 2048
[   58.671092] Buffer I/O error on dev loop0, logical block 0, async page read
[   58.701657] loop0: detected capacity change from 0 to 2048
[   58.741611] loop0: detected capacity change from 0 to 2048
[   58.760860] loop0: detected capacity change from 0 to 2048
[   58.786845] loop0: detected capacity change from 0 to 2048
[   58.811128] loop0: detected capacity change from 0 to 2048
[   58.835825] loop0: detected capacity change from 0 to 2048
[   58.878867] loop0: detected capacity change from 0 to 2048
[   58.923834] loop0: detected capacity change from 0 to 2048
[   58.944205] loop0: detected capacity change from 0 to 2048
[   58.987157] loop0: detected capacity change from 0 to 2048
[   59.012255] loop0: detected capacity change from 0 to 2048
[   59.043927] loop0: detected capacity change from 0 to 2048
[   59.072494] loop0: detected capacity change from 0 to 2048
[   59.114141] loop0: detected capacity change from 0 to 2048
[   59.141500] loop0: detected capacity change from 0 to 2048
[   59.164556] loop0: detected capacity change from 0 to 2048
[   59.193896] loop0: detected capacity change from 0 to 2048
[   59.234737] loop0: detected capacity change from 0 to 2048
[   59.271688] loop0: detected capacity change from 0 to 2048
[   59.310877] loop0: detected capacity change from 0 to 2048
[   59.346558] loop0: detected capacity change from 0 to 2048
[   59.381361] loop0: detected capacity change from 0 to 2048
[   59.404219] loop0: detected capacity change from 0 to 2048
[   59.446102] loop0: detected capacity change from 0 to 2048
[   59.468460] loop0: detected capacity change from 0 to 2048
[   59.506953] loop0: detected capacity change from 0 to 2048
[   59.541573] loop0: detected capacity change from 0 to 2048
[   59.577961] loop0: detected capacity change from 0 to 2048
[   59.600569] loop0: detected capacity change from 0 to 2048
[   59.651097] loop0: detected capacity change from 0 to 2048
[   59.685082] loop0: detected capacity change from 0 to 2048
[   59.713423] loop0: detected capacity change from 0 to 2048
[   59.733162] loop0: detected capacity change from 0 to 2048
[   59.765579] loop0: detected capacity change from 0 to 2048
[   59.766330] blk_print_req_error: 12 callbacks suppressed
[   59.766341] I/O error, dev loop0, sector 0 op 0x0:(READ) flags 0x80700 phys_seg 1 prio class 2
[   59.811283] loop0: detected capacity change from 0 to 2048
[   59.851622] loop0: detected capacity change from 0 to 2048
[   59.890311] loop0: detected capacity change from 0 to 2048
[   59.913035] loop0: detected capacity change from 0 to 2048
[   59.955183] loop0: detected capacity change from 0 to 2048
[   59.991195] loop0: detected capacity change from 0 to 2048
[   60.011358] loop0: detected capacity change from 0 to 2048
[   60.051870] loop0: detected capacity change from 0 to 2048
[   60.071920] loop0: detected capacity change from 0 to 2048
[   60.097561] loop0: detected capacity change from 0 to 2048
[   60.129269] loop0: detected capacity change from 0 to 2048
[   60.148223] loop0: detected capacity change from 0 to 2048
[   60.148692] I/O error, dev loop0, sector 0 op 0x0:(READ) flags 0x80700 phys_seg 1 prio class 2
[   60.192312] loop0: detected capacity change from 0 to 2048
[   60.224690] loop0: detected capacity change from 0 to 2048
[   60.271149] loop0: detected capacity change from 0 to 2048
[   60.293404] loop0: detected capacity change from 0 to 2048
[   60.313693] loop0: detected capacity change from 0 to 2048
[   60.342830] loop0: detected capacity change from 0 to 2048
[   60.367690] loop0: detected capacity change from 0 to 2048
[   60.400797] loop0: detected capacity change from 0 to 2048
[   60.448539] loop0: detected capacity change from 0 to 2048
[   60.469427] loop0: detected capacity change from 0 to 2048
[   60.505434] loop0: detected capacity change from 0 to 2048
[   60.529523] loop0: detected capacity change from 0 to 2048
[   60.570742] loop0: detected capacity change from 0 to 2048
[   60.592392] loop0: detected capacity change from 0 to 2048
[   60.638769] loop0: detected capacity change from 0 to 2048
[   60.684364] loop0: detected capacity change from 0 to 2048
[   60.721374] loop0: detected capacity change from 0 to 2048
[   60.742603] loop0: detected capacity change from 0 to 2048
[   60.776453] loop0: detected capacity change from 0 to 2048
[   60.802255] loop0: detected capacity change from 0 to 2048
[   60.826717] loop0: detected capacity change from 0 to 2048
[   60.852080] loop0: detected capacity change from 0 to 2048
[   60.877942] loop0: detected capacity change from 0 to 2048
[   60.902533] loop0: detected capacity change from 0 to 2048
[   60.947045] loop0: detected capacity change from 0 to 2048
[   60.985725] loop0: detected capacity change from 0 to 2048
[   61.008961] loop0: detected capacity change from 0 to 2048
[   61.043933] loop0: detected capacity change from 0 to 2048
[   61.080635] loop0: detected capacity change from 0 to 2048
[   61.116992] loop0: detected capacity change from 0 to 2048
[   61.152151] loop0: detected capacity change from 0 to 2048
[   61.174852] loop0: detected capacity change from 0 to 2048
[   61.200445] loop0: detected capacity change from 0 to 2048
[   61.220457] loop0: detected capacity change from 0 to 2048
[   61.262920] loop0: detected capacity change from 0 to 2048
[   61.280931] loop0: detected capacity change from 0 to 2048
[   61.333683] loop0: detected capacity change from 0 to 2048
[   61.365647] loop0: detected capacity change from 0 to 2048
[   61.386730] loop0: detected capacity change from 0 to 2048
[   61.421190] loop0: detected capacity change from 0 to 2048
[   61.455334] loop0: detected capacity change from 0 to 2048
[   61.473250] loop0: detected capacity change from 0 to 2048
[   61.504795] loop0: detected capacity change from 0 to 2048
[   61.555636] loop0: detected capacity change from 0 to 2048
[   61.584205] loop0: detected capacity change from 0 to 2048
[   61.619240] loop0: detected capacity change from 0 to 2048
[   61.670122] loop0: detected capacity change from 0 to 2048
[   61.708294] loop0: detected capacity change from 0 to 2048
[   61.749850] loop0: detected capacity change from 0 to 2048
[   61.782629] loop0: detected capacity change from 0 to 2048
[   61.818840] loop0: detected capacity change from 0 to 2048
[   61.854574] loop0: detected capacity change from 0 to 2048
[   61.890961] loop0: detected capacity change from 0 to 2048
[   61.930703] loop0: detected capacity change from 0 to 2048
[   61.953043] loop0: detected capacity change from 0 to 2048
[   61.991906] loop0: detected capacity change from 0 to 2048
[   62.030086] loop0: detected capacity change from 0 to 2048
[   62.074707] loop0: detected capacity change from 0 to 2048
[   62.110267] loop0: detected capacity change from 0 to 2048
[   62.146438] loop0: detected capacity change from 0 to 2048
[   62.168184] loop0: detected capacity change from 0 to 2048
[   62.217998] loop0: detected capacity change from 0 to 2048
[   62.241429] loop0: detected capacity change from 0 to 2048
[   62.241675] I/O error, dev loop0, sector 0 op 0x0:(READ) flags 0x80700 phys_seg 1 prio class 2
[   62.268290] loop0: detected capacity change from 0 to 2048
[   62.298416] loop0: detected capacity change from 0 to 2048
[   62.324385] loop0: detected capacity change from 0 to 2048
[   62.353396] loop0: detected capacity change from 0 to 2048
[   62.390078] loop0: detected capacity change from 0 to 2048
[   62.426192] loop0: detected capacity change from 0 to 2048
[   62.463392] loop0: detected capacity change from 0 to 2048
[   62.489594] loop0: detected capacity change from 0 to 2048
[   62.523546] loop0: detected capacity change from 0 to 2048
[   62.549715] loop0: detected capacity change from 0 to 2048
[   62.591698] loop0: detected capacity change from 0 to 2048
[   62.618852] loop0: detected capacity change from 0 to 2048
[   62.666837] loop0: detected capacity change from 0 to 2048
[   62.702956] loop0: detected capacity change from 0 to 2048
[   62.733843] loop0: detected capacity change from 0 to 2048
[   62.762719] loop0: detected capacity change from 0 to 2048
[   62.788676] loop0: detected capacity change from 0 to 2048
[   62.814521] loop0: detected capacity change from 0 to 2048
[   62.859051] loop0: detected capacity change from 0 to 2048
[   62.877270] loop0: detected capacity change from 0 to 2048
[   62.909509] loop0: detected capacity change from 0 to 2048
[   62.944499] loop0: detected capacity change from 0 to 2048
[   62.977637] loop0: detected capacity change from 0 to 2048
[   62.997403] loop0: detected capacity change from 0 to 2048
[   63.033325] loop0: detected capacity change from 0 to 2048
[   63.074937] loop0: detected capacity change from 0 to 2048
[   63.097215] loop0: detected capacity change from 0 to 2048
[   63.097462] I/O error, dev loop0, sector 0 op 0x0:(READ) flags 0x80700 phys_seg 1 prio class 2
[   63.137851] loop0: detected capacity change from 0 to 2048
[   63.171585] loop0: detected capacity change from 0 to 2048
[   63.197726] loop0: detected capacity change from 0 to 2048
[   63.221311] loop0: detected capacity change from 0 to 2048
[   63.221954] I/O error, dev loop0, sector 0 op 0x0:(READ) flags 0x80700 phys_seg 1 prio class 2
[   63.266551] loop0: detected capacity change from 0 to 2048
[   63.303001] loop0: detected capacity change from 0 to 2048
[   63.339562] loop0: detected capacity change from 0 to 2048
[   63.364402] loop0: detected capacity change from 0 to 2048
[   63.388629] loop0: detected capacity change from 0 to 2048
[   63.419620] loop0: detected capacity change from 0 to 2048
[   63.440341] loop0: detected capacity change from 0 to 2048
[   63.477447] loop0: detected capacity change from 0 to 2048
