c[?7l[2J[0mSeaBIOS (version rel-1.16.0-0-gd239552ce722-prebuilt.qemu.org)


iPXE (http://ipxe.org) 00:03.0 CA00 PCI2.10 PnP PMM+7FF91000+7FEF1000 CA00
Press Ctrl-B to configure iPXE (PCI 00:03.0)...                                                                               


Booting from ROM...
c[?7l[2J[    0.000000] Linux version 6.4.0-rc6-bb5ab1fd61d6+ (root@p-rpls01) (gcc (GCC) 8.5.0 20210514 (Red Hat 8.5.0-19), GNU ld version 2.36.1-2.el8) #1 SMP PREEMPT_DYNAMIC Wed Jun 21 14:31:17 CST 2023
[    0.000000] Command line: console=ttyS0 root=/dev/sda earlyprintk=serial net.ifnames=0 quiet plymouth.enable=0
[    0.000000] KERNEL supported cpus:
[    0.000000]   Intel GenuineIntel
[    0.000000]   AMD AuthenticAMD
[    0.000000]   Hygon HygonGenuine
[    0.000000]   Centaur CentaurHauls
[    0.000000]   zhaoxin   Shanghai  
[    0.000000] x86/fpu: Supporting XSAVE feature 0x001: 'x87 floating point registers'
[    0.000000] x86/fpu: Supporting XSAVE feature 0x002: 'SSE registers'
[    0.000000] x86/fpu: Supporting XSAVE feature 0x004: 'AVX registers'
[    0.000000] x86/fpu: Supporting XSAVE feature 0x200: 'Protection Keys User registers'
[    0.000000] x86/fpu: xstate_offset[2]:  576, xstate_sizes[2]:  256
[    0.000000] x86/fpu: xstate_offset[9]:  832, xstate_sizes[9]:    8
[    0.000000] x86/fpu: Enabled xstate features 0x207, context size is 840 bytes, using 'compacted' format.
[    0.000000] signal: max sigframe size: 3632
[    0.000000] BIOS-provided physical RAM map:
[    0.000000] BIOS-e820: [mem 0x0000000000000000-0x000000000009fbff] usable
[    0.000000] BIOS-e820: [mem 0x000000000009fc00-0x000000000009ffff] reserved
[    0.000000] BIOS-e820: [mem 0x00000000000f0000-0x00000000000fffff] reserved
[    0.000000] BIOS-e820: [mem 0x0000000000100000-0x000000007ffdffff] usable
[    0.000000] BIOS-e820: [mem 0x000000007ffe0000-0x000000007fffffff] reserved
[    0.000000] BIOS-e820: [mem 0x00000000feffc000-0x00000000feffffff] reserved
[    0.000000] BIOS-e820: [mem 0x00000000fffc0000-0x00000000ffffffff] reserved
[    0.000000] printk: bootconsole [earlyser0] enabled
[    0.221200] Spectre V2 : WARNING: Unprivileged eBPF is enabled with eIBRS on, data leaks possible via Spectre v2 BHB attacks!
[   25.778264] systemd[1]: Failed to start Load Kernel Modules.
[[0;1;31mFAILED[0m] Failed to start [0;1;39mLoad Kernel Modules[0m.

CentOS Stream 9
Kernel 6.4.0-rc6-bb5ab1fd61d6+ on an x86_64

Activate the web console with: systemctl enable --now cockpit.socket

test login: [   40.590803] loop0: detected capacity change from 0 to 2048
[   40.598902] EXT4-fs (loop0): mounted filesystem 00000000-0000-0000-0000-000000000000 r/w without journal. Quota mode: none.
[   40.625038] EXT4-fs (loop0): unmounting filesystem 00000000-0000-0000-0000-000000000000.
[   40.660198] loop0: detected capacity change from 0 to 2048
[   40.664831] EXT4-fs (loop0): mounted filesystem 00000000-0000-0000-0000-000000000000 r/w without journal. Quota mode: none.
[   40.688291] EXT4-fs (loop0): unmounting filesystem 00000000-0000-0000-0000-000000000000.
[   40.710584] loop0: detected capacity change from 0 to 2048
[   40.720976] EXT4-fs (loop0): mounted filesystem 00000000-0000-0000-0000-000000000000 r/w without journal. Quota mode: none.
[   40.736838] EXT4-fs (loop0): unmounting filesystem 00000000-0000-0000-0000-000000000000.
[   40.760550] loop0: detected capacity change from 0 to 2048
[   40.765758] EXT4-fs (loop0): mounted filesystem 00000000-0000-0000-0000-000000000000 r/w without journal. Quota mode: none.
[   40.774382] EXT4-fs (loop0): unmounting filesystem 00000000-0000-0000-0000-000000000000.
[   40.810937] loop0: detected capacity change from 0 to 2048
[   40.817779] EXT4-fs (loop0): mounted filesystem 00000000-0000-0000-0000-000000000000 r/w without journal. Quota mode: none.
[   40.825117] EXT4-fs (loop0): unmounting filesystem 00000000-0000-0000-0000-000000000000.
[   40.840574] loop0: detected capacity change from 0 to 2048
[   40.848795] EXT4-fs (loop0): mounted filesystem 00000000-0000-0000-0000-000000000000 r/w without journal. Quota mode: none.
[   40.861469] EXT4-fs (loop0): unmounting filesystem 00000000-0000-0000-0000-000000000000.
[   40.878350] loop0: detected capacity change from 0 to 2048
[   40.889409] EXT4-fs (loop0): mounted filesystem 00000000-0000-0000-0000-000000000000 r/w without journal. Quota mode: none.
[   40.912164] EXT4-fs (loop0): unmounting filesystem 00000000-0000-0000-0000-000000000000.
[   40.956818] loop0: detected capacity change from 0 to 2048
[   40.961027] EXT4-fs (loop0): mounted filesystem 00000000-0000-0000-0000-000000000000 r/w without journal. Quota mode: none.
[   40.970447] EXT4-fs (loop0): unmounting filesystem 00000000-0000-0000-0000-000000000000.
[   41.017058] loop0: detected capacity change from 0 to 2048
[   41.029827] EXT4-fs (loop0): mounted filesystem 00000000-0000-0000-0000-000000000000 r/w without journal. Quota mode: none.
[   41.038722] EXT4-fs (loop0): unmounting filesystem 00000000-0000-0000-0000-000000000000.
[   41.079143] loop0: detected capacity change from 0 to 2048
[   41.085378] EXT4-fs (loop0): mounted filesystem 00000000-0000-0000-0000-000000000000 r/w without journal. Quota mode: none.
[   41.094829] EXT4-fs (loop0): unmounting filesystem 00000000-0000-0000-0000-000000000000.
[   41.119011] loop0: detected capacity change from 0 to 2048
[   41.125855] EXT4-fs (loop0): mounted filesystem 00000000-0000-0000-0000-000000000000 r/w without journal. Quota mode: none.
[   41.133714] EXT4-fs (loop0): unmounting filesystem 00000000-0000-0000-0000-000000000000.
[   41.167498] loop0: detected capacity change from 0 to 2048
[   41.172966] EXT4-fs (loop0): mounted filesystem 00000000-0000-0000-0000-000000000000 r/w without journal. Quota mode: none.
[   41.181255] EXT4-fs (loop0): unmounting filesystem 00000000-0000-0000-0000-000000000000.
[   41.200263] loop0: detected capacity change from 0 to 2048
[   41.208658] EXT4-fs (loop0): mounted filesystem 00000000-0000-0000-0000-000000000000 r/w without journal. Quota mode: none.
[   41.220593] EXT4-fs (loop0): unmounting filesystem 00000000-0000-0000-0000-000000000000.
[   41.244777] loop0: detected capacity change from 0 to 2048
[   41.249501] EXT4-fs (loop0): mounted filesystem 00000000-0000-0000-0000-000000000000 r/w without journal. Quota mode: none.
[   41.257298] EXT4-fs (loop0): unmounting filesystem 00000000-0000-0000-0000-000000000000.
[   41.283618] loop0: detected capacity change from 0 to 2048
[   41.284343] I/O error, dev loop0, sector 0 op 0x0:(READ) flags 0x80700 phys_seg 1 prio class 2
[   41.296402] EXT4-fs (loop0): mounted filesystem 00000000-0000-0000-0000-000000000000 r/w without journal. Quota mode: none.
[   41.304922] EXT4-fs (loop0): unmounting filesystem 00000000-0000-0000-0000-000000000000.
[   41.346496] loop0: detected capacity change from 0 to 2048
[   41.353000] EXT4-fs (loop0): mounted filesystem 00000000-0000-0000-0000-000000000000 r/w without journal. Quota mode: none.
[   41.361683] EXT4-fs (loop0): unmounting filesystem 00000000-0000-0000-0000-000000000000.
[   41.398177] loop0: detected capacity change from 0 to 2048
[   41.405879] EXT4-fs (loop0): mounted filesystem 00000000-0000-0000-0000-000000000000 r/w without journal. Quota mode: none.
[   41.413516] EXT4-fs (loop0): unmounting filesystem 00000000-0000-0000-0000-000000000000.
[   41.447421] loop0: detected capacity change from 0 to 2048
[   41.453121] EXT4-fs (loop0): mounted filesystem 00000000-0000-0000-0000-000000000000 r/w without journal. Quota mode: none.
[   41.461142] EXT4-fs (loop0): unmounting filesystem 00000000-0000-0000-0000-000000000000.
[   41.485677] loop0: detected capacity change from 0 to 2048
[   41.497046] EXT4-fs (loop0): mounted filesystem 00000000-0000-0000-0000-000000000000 r/w without journal. Quota mode: none.
[   41.504525] EXT4-fs (loop0): unmounting filesystem 00000000-0000-0000-0000-000000000000.
[   41.525134] loop0: detected capacity change from 0 to 2048
[   41.536807] EXT4-fs (loop0): mounted filesystem 00000000-0000-0000-0000-000000000000 r/w without journal. Quota mode: none.
[   41.551804] EXT4-fs (loop0): unmounting filesystem 00000000-0000-0000-0000-000000000000.
[   41.586528] loop0: detected capacity change from 0 to 2048
[   41.593128] EXT4-fs (loop0): mounted filesystem 00000000-0000-0000-0000-000000000000 r/w without journal. Quota mode: none.
[   41.600832] EXT4-fs (loop0): unmounting filesystem 00000000-0000-0000-0000-000000000000.
[   41.645923] loop0: detected capacity change from 0 to 2048
[   41.653170] EXT4-fs (loop0): mounted filesystem 00000000-0000-0000-0000-000000000000 r/w without journal. Quota mode: none.
[   41.670486] EXT4-fs (loop0): unmounting filesystem 00000000-0000-0000-0000-000000000000.
[   41.706877] loop0: detected capacity change from 0 to 2048
[   41.713751] EXT4-fs (loop0): mounted filesystem 00000000-0000-0000-0000-000000000000 r/w without journal. Quota mode: none.
[   41.738403] EXT4-fs (loop0): unmounting filesystem 00000000-0000-0000-0000-000000000000.
[   41.759945] loop0: detected capacity change from 0 to 2048
[   41.769764] EXT4-fs (loop0): mounted filesystem 00000000-0000-0000-0000-000000000000 r/w without journal. Quota mode: none.
[   41.789601] EXT4-fs (loop0): unmounting filesystem 00000000-0000-0000-0000-000000000000.
[   41.825362] loop0: detected capacity change from 0 to 2048
[   41.833250] EXT4-fs (loop0): mounted filesystem 00000000-0000-0000-0000-000000000000 r/w without journal. Quota mode: none.
[   41.839977] EXT4-fs (loop0): unmounting filesystem 00000000-0000-0000-0000-000000000000.
[   41.877263] loop0: detected capacity change from 0 to 2048
[   41.885602] EXT4-fs (loop0): mounted filesystem 00000000-0000-0000-0000-000000000000 r/w without journal. Quota mode: none.
[   41.892665] EXT4-fs (loop0): unmounting filesystem 00000000-0000-0000-0000-000000000000.
[   41.914401] loop0: detected capacity change from 0 to 2048
[   41.930509] EXT4-fs (loop0): mounted filesystem 00000000-0000-0000-0000-000000000000 r/w without journal. Quota mode: none.
[   41.939126] EXT4-fs (loop0): unmounting filesystem 00000000-0000-0000-0000-000000000000.
[   41.960157] loop0: detected capacity change from 0 to 2048
[   41.965224] EXT4-fs (loop0): mounted filesystem 00000000-0000-0000-0000-000000000000 r/w without journal. Quota mode: none.
[   41.973717] EXT4-fs (loop0): unmounting filesystem 00000000-0000-0000-0000-000000000000.
[   42.002342] loop0: detected capacity change from 0 to 2048
[   42.013853] EXT4-fs (loop0): mounted filesystem 00000000-0000-0000-0000-000000000000 r/w without journal. Quota mode: none.
[   42.022586] EXT4-fs (loop0): unmounting filesystem 00000000-0000-0000-0000-000000000000.
[   42.058969] loop0: detected capacity change from 0 to 2048
[   42.065389] EXT4-fs (loop0): mounted filesystem 00000000-0000-0000-0000-000000000000 r/w without journal. Quota mode: none.
[   42.072326] EXT4-fs (loop0): unmounting filesystem 00000000-0000-0000-0000-000000000000.
[   42.092240] loop0: detected capacity change from 0 to 2048
[   42.097427] EXT4-fs (loop0): mounted filesystem 00000000-0000-0000-0000-000000000000 r/w without journal. Quota mode: none.
[   42.109126] EXT4-fs (loop0): unmounting filesystem 00000000-0000-0000-0000-000000000000.
[   42.137361] loop0: detected capacity change from 0 to 2048
[   42.145423] EXT4-fs (loop0): mounted filesystem 00000000-0000-0000-0000-000000000000 r/w without journal. Quota mode: none.
[   42.172652] loop0: detected capacity change from 0 to 2048
[   42.220694] loop0: detected capacity change from 0 to 2048
[   42.259708] loop0: detected capacity change from 0 to 2048
[   42.309230] loop0: detected capacity change from 0 to 2048
[   42.348058] loop0: detected capacity change from 0 to 2048
[   42.398024] loop0: detected capacity change from 0 to 2048
[   42.438722] loop0: detected capacity change from 0 to 2048
[   42.476469] loop0: detected capacity change from 0 to 2048
[   42.506897] loop0: detected capacity change from 0 to 2048
[   42.551055] loop0: detected capacity change from 0 to 2048
[   42.603438] loop0: detected capacity change from 0 to 2048
[   42.651793] loop0: detected capacity change from 0 to 2048
[   42.716597] loop0: detected capacity change from 0 to 2048
[   42.748262] loop0: detected capacity change from 0 to 2048
[   42.792732] loop0: detected capacity change from 0 to 2048
[   42.831634] loop0: detected capacity change from 0 to 2048
[   42.858680] loop0: detected capacity change from 0 to 2048
[   42.859600] I/O error, dev loop0, sector 0 op 0x0:(READ) flags 0x80700 phys_seg 1 prio class 2
[   42.902110] loop0: detected capacity change from 0 to 2048
[   42.935571] loop0: detected capacity change from 0 to 2048
[   42.980624] loop0: detected capacity change from 0 to 2048
[   43.018271] loop0: detected capacity change from 0 to 2048
[   43.056367] loop0: detected capacity change from 0 to 2048
[   43.088710] loop0: detected capacity change from 0 to 2048
[   43.121710] loop0: detected capacity change from 0 to 2048
[   43.159769] loop0: detected capacity change from 0 to 2048
[   43.205878] loop0: detected capacity change from 0 to 2048
[   43.242760] loop0: detected capacity change from 0 to 2048
[   43.273379] loop0: detected capacity change from 0 to 2048
[   43.303780] loop0: detected capacity change from 0 to 2048
[   43.347310] loop0: detected capacity change from 0 to 2048
[   43.390563] loop0: detected capacity change from 0 to 2048
[   43.443326] loop0: detected capacity change from 0 to 2048
[   43.486525] loop0: detected capacity change from 0 to 2048
[   43.512334] loop0: detected capacity change from 0 to 2048
[   43.561870] loop0: detected capacity change from 0 to 2048
[   43.600240] loop0: detected capacity change from 0 to 2048
[   43.642338] loop0: detected capacity change from 0 to 2048
[   43.708684] loop0: detected capacity change from 0 to 2048
[   43.748747] loop0: detected capacity change from 0 to 2048
[   43.799031] loop0: detected capacity change from 0 to 2048
[   43.834333] loop0: detected capacity change from 0 to 2048
[   43.882496] loop0: detected capacity change from 0 to 2048
[   43.926083] loop0: detected capacity change from 0 to 2048
[   43.970897] loop0: detected capacity change from 0 to 2048
[   44.005276] loop0: detected capacity change from 0 to 2048
[   44.049238] loop0: detected capacity change from 0 to 2048
[   44.089254] loop0: detected capacity change from 0 to 2048
[   44.115090] loop0: detected capacity change from 0 to 2048
[   44.152475] loop0: detected capacity change from 0 to 2048
[   44.203883] loop0: detected capacity change from 0 to 2048
[   44.255592] loop0: detected capacity change from 0 to 2048
[   44.298442] loop0: detected capacity change from 0 to 2048
[   44.342095] loop0: detected capacity change from 0 to 2048
[   44.390283] loop0: detected capacity change from 0 to 2048
[   44.433462] loop0: detected capacity change from 0 to 2048
[   44.464912] loop0: detected capacity change from 0 to 2048
[   44.520224] loop0: detected capacity change from 0 to 2048
[   44.549669] loop0: detected capacity change from 0 to 2048
[   44.613942] loop0: detected capacity change from 0 to 2048
[   44.658420] loop0: detected capacity change from 0 to 2048
[   44.710865] loop0: detected capacity change from 0 to 2048
[   44.755857] loop0: detected capacity change from 0 to 2048
[   44.792545] loop0: detected capacity change from 0 to 2048
[   44.841078] loop0: detected capacity change from 0 to 2048
[   44.893977] loop0: detected capacity change from 0 to 2048
[   44.928892] loop0: detected capacity change from 0 to 2048
[   44.979379] loop0: detected capacity change from 0 to 2048
[   45.010058] loop0: detected capacity change from 0 to 2048
[   45.010622] I/O error, dev loop0, sector 0 op 0x0:(READ) flags 0x80700 phys_seg 1 prio class 2
[   45.062382] loop0: detected capacity change from 0 to 2048
[   45.089313] loop0: detected capacity change from 0 to 2048
[   45.138711] loop0: detected capacity change from 0 to 2048
[   45.174047] loop0: detected capacity change from 0 to 2048
[   45.231428] loop0: detected capacity change from 0 to 2048
[   45.266987] loop0: detected capacity change from 0 to 2048
[   45.323835] loop0: detected capacity change from 0 to 2048
[   45.360355] loop0: detected capacity change from 0 to 2048
[   45.409354] loop0: detected capacity change from 0 to 2048
[   45.439929] loop0: detected capacity change from 0 to 2048
[   45.480513] loop0: detected capacity change from 0 to 2048
[   45.534039] loop0: detected capacity change from 0 to 2048
[   45.560071] loop0: detected capacity change from 0 to 2048
[   45.590603] loop0: detected capacity change from 0 to 2048
[   45.638446] loop0: detected capacity change from 0 to 2048
[   45.702616] loop0: detected capacity change from 0 to 2048
[   45.745167] loop0: detected capacity change from 0 to 2048
[   45.745713] I/O error, dev loop0, sector 0 op 0x0:(READ) flags 0x80700 phys_seg 1 prio class 2
[   45.788539] loop0: detected capacity change from 0 to 2048
[   45.819542] loop0: detected capacity change from 0 to 2048
[   45.861083] loop0: detected capacity change from 0 to 2048
[   45.917109] loop0: detected capacity change from 0 to 2048
[   45.943184] loop0: detected capacity change from 0 to 2048
[   45.973753] loop0: detected capacity change from 0 to 2048
[   46.010604] loop0: detected capacity change from 0 to 2048
[   46.054034] loop0: detected capacity change from 0 to 2048
[   46.082683] loop0: detected capacity change from 0 to 2048
[   46.130567] loop0: detected capacity change from 0 to 2048
[   46.176118] loop0: detected capacity change from 0 to 2048
[   46.208359] loop0: detected capacity change from 0 to 2048
[   46.246626] loop0: detected capacity change from 0 to 2048
[   46.280895] loop0: detected capacity change from 0 to 2048
[   46.321627] loop0: detected capacity change from 0 to 2048
[   46.375069] loop0: detected capacity change from 0 to 2048
[   46.405157] loop0: detected capacity change from 0 to 2048
[   46.458252] loop0: detected capacity change from 0 to 2048
[   46.503936] loop0: detected capacity change from 0 to 2048
[   46.504379] I/O error, dev loop0, sector 0 op 0x0:(READ) flags 0x80700 phys_seg 1 prio class 2
[   46.540055] loop0: detected capacity change from 0 to 2048
[   46.603079] loop0: detected capacity change from 0 to 2048
[   46.651498] loop0: detected capacity change from 0 to 2048
[   46.714416] loop0: detected capacity change from 0 to 2048
[   46.754206] loop0: detected capacity change from 0 to 2048
[   46.784749] loop0: detected capacity change from 0 to 2048
[   46.830668] loop0: detected capacity change from 0 to 2048
[   46.873089] loop0: detected capacity change from 0 to 2048
[   46.917503] loop0: detected capacity change from 0 to 2048
[   46.969825] loop0: detected capacity change from 0 to 2048
[   47.013099] loop0: detected capacity change from 0 to 2048
[   47.062586] loop0: detected capacity change from 0 to 2048
[   47.092477] loop0: detected capacity change from 0 to 2048
[   47.137553] loop0: detected capacity change from 0 to 2048
[   47.182090] loop0: detected capacity change from 0 to 2048
[   47.227632] loop0: detected capacity change from 0 to 2048
[   47.277978] loop0: detected capacity change from 0 to 2048
[   47.327700] loop0: detected capacity change from 0 to 2048
[   47.356608] loop0: detected capacity change from 0 to 2048
[   47.410336] loop0: detected capacity change from 0 to 2048
[   47.458411] loop0: detected capacity change from 0 to 2048
[   47.506796] loop0: detected capacity change from 0 to 2048
[   47.532274] loop0: detected capacity change from 0 to 2048
[   47.587794] loop0: detected capacity change from 0 to 2048
[   47.619088] loop0: detected capacity change from 0 to 2048
[   47.669054] loop0: detected capacity change from 0 to 2048
[   47.722696] loop0: detected capacity change from 0 to 2048
[   47.774189] loop0: detected capacity change from 0 to 2048
[   47.808018] loop0: detected capacity change from 0 to 2048
[   47.848981] loop0: detected capacity change from 0 to 2048
[   47.878236] loop0: detected capacity change from 0 to 2048
[   47.879023] I/O error, dev loop0, sector 0 op 0x0:(READ) flags 0x80700 phys_seg 1 prio class 2
[   47.921628] loop0: detected capacity change from 0 to 2048
[   47.951020] loop0: detected capacity change from 0 to 2048
[   48.007102] loop0: detected capacity change from 0 to 2048
[   48.033720] loop0: detected capacity change from 0 to 2048
[   48.074437] loop0: detected capacity change from 0 to 2048
[   48.119685] loop0: detected capacity change from 0 to 2048
[   48.152544] loop0: detected capacity change from 0 to 2048
[   48.185899] loop0: detected capacity change from 0 to 2048
[   48.223998] loop0: detected capacity change from 0 to 2048
[   48.261231] loop0: detected capacity change from 0 to 2048
[   48.305780] loop0: detected capacity change from 0 to 2048
[   48.342760] loop0: detected capacity change from 0 to 2048
[   48.374229] loop0: detected capacity change from 0 to 2048
[   48.407595] loop0: detected capacity change from 0 to 2048
[   48.458861] loop0: detected capacity change from 0 to 2048
[   48.516022] loop0: detected capacity change from 0 to 2048
[   48.559809] loop0: detected capacity change from 0 to 2048
[   48.591457] loop0: detected capacity change from 0 to 2048
[   48.625419] loop0: detected capacity change from 0 to 2048
[   48.667465] loop0: detected capacity change from 0 to 2048
[   48.734225] loop0: detected capacity change from 0 to 2048
[   48.785831] loop0: detected capacity change from 0 to 2048
[   48.844935] loop0: detected capacity change from 0 to 2048
[   48.880366] loop0: detected capacity change from 0 to 2048
[   48.919774] loop0: detected capacity change from 0 to 2048
[   48.959487] loop0: detected capacity change from 0 to 2048
[   49.015553] loop0: detected capacity change from 0 to 2048
[   49.045826] loop0: detected capacity change from 0 to 2048
[   49.104448] loop0: detected capacity change from 0 to 2048
[   49.153121] loop0: detected capacity change from 0 to 2048
[   49.183829] loop0: detected capacity change from 0 to 2048
[   49.212489] loop0: detected capacity change from 0 to 2048
[   49.246224] loop0: detected capacity change from 0 to 2048
[   49.282952] loop0: detected capacity change from 0 to 2048
[   49.331933] loop0: detected capacity change from 0 to 2048
[   49.363950] loop0: detected capacity change from 0 to 2048
[   49.396029] loop0: detected capacity change from 0 to 2048
[   49.429248] loop0: detected capacity change from 0 to 2048
[   49.462578] loop0: detected capacity change from 0 to 2048
[   49.516031] loop0: detected capacity change from 0 to 2048
[   49.559906] loop0: detected capacity change from 0 to 2048
[   49.583863] loop0: detected capacity change from 0 to 2048
[   49.622015] loop0: detected capacity change from 0 to 2048
[   49.622622] I/O error, dev loop0, sector 0 op 0x0:(READ) flags 0x80700 phys_seg 1 prio class 2
[   49.666525] loop0: detected capacity change from 0 to 2048
[   49.722995] loop0: detected capacity change from 0 to 2048
[   49.764132] loop0: detected capacity change from 0 to 2048
[   49.815948] loop0: detected capacity change from 0 to 2048
[   49.867454] loop0: detected capacity change from 0 to 2048
[   49.909692] loop0: detected capacity change from 0 to 2048
[   49.943768] loop0: detected capacity change from 0 to 2048
[   49.972660] loop0: detected capacity change from 0 to 2048
[   49.999014] loop0: detected capacity change from 0 to 2048
[   50.035064] loop0: detected capacity change from 0 to 2048
[   50.094662] loop0: detected capacity change from 0 to 2048
[   50.139703] loop0: detected capacity change from 0 to 2048
[   50.167513] loop0: detected capacity change from 0 to 2048
[   50.202433] loop0: detected capacity change from 0 to 2048
[   50.252602] loop0: detected capacity change from 0 to 2048
[   50.283094] loop0: detected capacity change from 0 to 2048
[   50.314026] loop0: detected capacity change from 0 to 2048
[   50.350385] loop0: detected capacity change from 0 to 2048
[   50.396587] loop0: detected capacity change from 0 to 2048
[   50.427668] loop0: detected capacity change from 0 to 2048
[   50.486732] loop0: detected capacity change from 0 to 2048
[   50.521009] loop0: detected capacity change from 0 to 2048
[   50.560037] loop0: detected capacity change from 0 to 2048
[   50.593367] loop0: detected capacity change from 0 to 2048
[   50.593888] I/O error, dev loop0, sector 0 op 0x0:(READ) flags 0x80700 phys_seg 1 prio class 2
[   50.632582] loop0: detected capacity change from 0 to 2048
[   50.633018] I/O error, dev loop0, sector 0 op 0x0:(READ) flags 0x80700 phys_seg 1 prio class 2
[   50.680687] loop0: detected capacity change from 0 to 2048
[   50.732130] loop0: detected capacity change from 0 to 2048
[   50.782532] loop0: detected capacity change from 0 to 2048
[   50.815146] loop0: detected capacity change from 0 to 2048
[   50.850963] loop0: detected capacity change from 0 to 2048
[   50.900669] loop0: detected capacity change from 0 to 2048
[   50.944316] loop0: detected capacity change from 0 to 2048
[   50.994126] loop0: detected capacity change from 0 to 2048
[   51.023702] loop0: detected capacity change from 0 to 2048
[   51.069875] loop0: detected capacity change from 0 to 2048
[   51.096546] loop0: detected capacity change from 0 to 2048
[   51.097018] I/O error, dev loop0, sector 0 op 0x0:(READ) flags 0x80700 phys_seg 1 prio class 2
[   51.137985] loop0: detected capacity change from 0 to 2048
[   51.195444] loop0: detected capacity change from 0 to 2048
[   51.227474] loop0: detected capacity change from 0 to 2048
[   51.287310] loop0: detected capacity change from 0 to 2048
[   51.330770] loop0: detected capacity change from 0 to 2048
[   51.358300] loop0: detected capacity change from 0 to 2048
[   51.401184] loop0: detected capacity change from 0 to 2048
[   51.436246] loop0: detected capacity change from 0 to 2048
[   51.479625] loop0: detected capacity change from 0 to 2048
[   51.525921] loop0: detected capacity change from 0 to 2048
[   51.563407] loop0: detected capacity change from 0 to 2048
[   51.601513] loop0: detected capacity change from 0 to 2048
[   51.646886] loop0: detected capacity change from 0 to 2048
[   51.678600] loop0: detected capacity change from 0 to 2048
[   51.729729] loop0: detected capacity change from 0 to 2048
[   51.784836] loop0: detected capacity change from 0 to 2048
[   51.825064] loop0: detected capacity change from 0 to 2048
[   51.866138] loop0: detected capacity change from 0 to 2048
[   51.902093] loop0: detected capacity change from 0 to 2048
[   51.941340] loop0: detected capacity change from 0 to 2048
[   51.995365] loop0: detected capacity change from 0 to 2048
[   52.038440] loop0: detected capacity change from 0 to 2048
[   52.066698] loop0: detected capacity change from 0 to 2048
[   52.109521] loop0: detected capacity change from 0 to 2048
[   52.158815] loop0: detected capacity change from 0 to 2048
[   52.200646] loop0: detected capacity change from 0 to 2048
[   52.230753] loop0: detected capacity change from 0 to 2048
[   52.283660] loop0: detected capacity change from 0 to 2048
[   52.336126] loop0: detected capacity change from 0 to 2048
[   52.365883] loop0: detected capacity change from 0 to 2048
[   52.421007] loop0: detected capacity change from 0 to 2048
[   52.451192] loop0: detected capacity change from 0 to 2048
[   52.497967] loop0: detected capacity change from 0 to 2048
[   52.532849] loop0: detected capacity change from 0 to 2048
[   52.591126] loop0: detected capacity change from 0 to 2048
[   52.622205] loop0: detected capacity change from 0 to 2048
[   52.622683] I/O error, dev loop0, sector 0 op 0x0:(READ) flags 0x80700 phys_seg 1 prio class 2
[   52.677127] loop0: detected capacity change from 0 to 2048
[   52.721944] loop0: detected capacity change from 0 to 2048
[   52.774301] loop0: detected capacity change from 0 to 2048
[   52.818924] loop0: detected capacity change from 0 to 2048
[   52.819636] I/O error, dev loop0, sector 0 op 0x0:(READ) flags 0x80700 phys_seg 1 prio class 2
[   52.866543] loop0: detected capacity change from 0 to 2048
[   52.919830] loop0: detected capacity change from 0 to 2048
[   52.951668] loop0: detected capacity change from 0 to 2048
[   52.996661] loop0: detected capacity change from 0 to 2048
[   53.042891] loop0: detected capacity change from 0 to 2048
[   53.071774] loop0: detected capacity change from 0 to 2048
[   53.115438] loop0: detected capacity change from 0 to 2048
[   53.156624] loop0: detected capacity change from 0 to 2048
[   53.156964] I/O error, dev loop0, sector 0 op 0x0:(READ) flags 0x80700 phys_seg 1 prio class 2
[   53.216206] loop0: detected capacity change from 0 to 2048
[   53.244576] loop0: detected capacity change from 0 to 2048
[   53.300992] loop0: detected capacity change from 0 to 2048
[   53.351476] loop0: detected capacity change from 0 to 2048
[   53.403898] loop0: detected capacity change from 0 to 2048
[   53.454089] loop0: detected capacity change from 0 to 2048
[   53.497649] loop0: detected capacity change from 0 to 2048
[   53.532215] loop0: detected capacity change from 0 to 2048
[   53.576397] loop0: detected capacity change from 0 to 2048
[   53.620238] loop0: detected capacity change from 0 to 2048
[   53.679789] loop0: detected capacity change from 0 to 2048
[   53.742996] loop0: detected capacity change from 0 to 2048
[   53.777522] loop0: detected capacity change from 0 to 2048
[   53.805809] loop0: detected capacity change from 0 to 2048
[   53.853611] loop0: detected capacity change from 0 to 2048
[   53.897137] loop0: detected capacity change from 0 to 2048
[   53.933259] loop0: detected capacity change from 0 to 2048
[   53.971803] loop0: detected capacity change from 0 to 2048
[   54.004516] loop0: detected capacity change from 0 to 2048
[   54.032552] loop0: detected capacity change from 0 to 2048
[   54.084096] loop0: detected capacity change from 0 to 2048
[   54.117096] loop0: detected capacity change from 0 to 2048
[   54.117927] I/O error, dev loop0, sector 0 op 0x0:(READ) flags 0x80700 phys_seg 1 prio class 2
[   54.180555] loop0: detected capacity change from 0 to 2048
[   54.236513] loop0: detected capacity change from 0 to 2048
[   54.281351] loop0: detected capacity change from 0 to 2048
[   54.311314] loop0: detected capacity change from 0 to 2048
[   54.367563] loop0: detected capacity change from 0 to 2048
[   54.396936] loop0: detected capacity change from 0 to 2048
[   54.457677] loop0: detected capacity change from 0 to 2048
[   54.502563] loop0: detected capacity change from 0 to 2048
[   54.509181] EXT4-fs mount: 583 callbacks suppressed
[   54.509196] EXT4-fs (loop0): mounted filesystem 00000000-0000-0000-0000-000000000000 r/w without journal. Quota mode: none.
[   54.518967] EXT4-fs (loop0): unmounting filesystem 00000000-0000-0000-0000-000000000000.
[   54.556228] loop0: detected capacity change from 0 to 2048
[   54.561472] EXT4-fs (loop0): mounted filesystem 00000000-0000-0000-0000-000000000000 r/w without journal. Quota mode: none.
[   54.569416] EXT4-fs (loop0): unmounting filesystem 00000000-0000-0000-0000-000000000000.
[   54.603896] loop0: detected capacity change from 0 to 2048
[   54.613162] EXT4-fs (loop0): mounted filesystem 00000000-0000-0000-0000-000000000000 r/w without journal. Quota mode: none.
[   54.628957] EXT4-fs (loop0): unmounting filesystem 00000000-0000-0000-0000-000000000000.
[   54.654182] loop0: detected capacity change from 0 to 2048
[   54.664823] EXT4-fs (loop0): mounted filesystem 00000000-0000-0000-0000-000000000000 r/w without journal. Quota mode: none.
[   54.684308] EXT4-fs (loop0): unmounting filesystem 00000000-0000-0000-0000-000000000000.
[   54.707577] loop0: detected capacity change from 0 to 2048
[   54.713566] EXT4-fs (loop0): mounted filesystem 00000000-0000-0000-0000-000000000000 r/w without journal. Quota mode: none.
[   54.730517] EXT4-fs (loop0): unmounting filesystem 00000000-0000-0000-0000-000000000000.
[   54.762191] loop0: detected capacity change from 0 to 2048
[   54.769252] EXT4-fs (loop0): mounted filesystem 00000000-0000-0000-0000-000000000000 r/w without journal. Quota mode: none.
[   54.775783] EXT4-fs (loop0): unmounting filesystem 00000000-0000-0000-0000-000000000000.
[   54.810283] loop0: detected capacity change from 0 to 2048
[   54.817297] EXT4-fs (loop0): mounted filesystem 00000000-0000-0000-0000-000000000000 r/w without journal. Quota mode: none.
[   54.827432] EXT4-fs (loop0): unmounting filesystem 00000000-0000-0000-0000-000000000000.
[   54.867719] loop0: detected capacity change from 0 to 2048
[   54.873557] EXT4-fs (loop0): mounted filesystem 00000000-0000-0000-0000-000000000000 r/w without journal. Quota mode: none.
[   54.882749] EXT4-fs (loop0): unmounting filesystem 00000000-0000-0000-0000-000000000000.
[   54.903351] loop0: detected capacity change from 0 to 2048
[   54.913176] EXT4-fs (loop0): mounted filesystem 00000000-0000-0000-0000-000000000000 r/w without journal. Quota mode: none.
[   54.919599] EXT4-fs (loop0): unmounting filesystem 00000000-0000-0000-0000-000000000000.
[   54.954574] loop0: detected capacity change from 0 to 2048
[   54.961304] EXT4-fs (loop0): mounted filesystem 00000000-0000-0000-0000-000000000000 r/w without journal. Quota mode: none.
[   54.969047] EXT4-fs (loop0): unmounting filesystem 00000000-0000-0000-0000-000000000000.
[   54.987912] loop0: detected capacity change from 0 to 2048
[   54.999818] EXT4-fs (loop0): mounted filesystem 00000000-0000-0000-0000-000000000000 r/w without journal. Quota mode: none.
[   55.010299] EXT4-fs (loop0): unmounting filesystem 00000000-0000-0000-0000-000000000000.
[   55.032236] loop0: detected capacity change from 0 to 2048
[   55.041280] EXT4-fs (loop0): mounted filesystem 00000000-0000-0000-0000-000000000000 r/w without journal. Quota mode: none.
[   55.050038] EXT4-fs (loop0): unmounting filesystem 00000000-0000-0000-0000-000000000000.
[   55.074126] loop0: detected capacity change from 0 to 2048
[   55.086454] EXT4-fs (loop0): mounted filesystem 00000000-0000-0000-0000-000000000000 r/w without journal. Quota mode: none.
[   55.094915] EXT4-fs (loop0): unmounting filesystem 00000000-0000-0000-0000-000000000000.
[   55.120655] loop0: detected capacity change from 0 to 2048
[   55.124823] EXT4-fs (loop0): mounted filesystem 00000000-0000-0000-0000-000000000000 r/w without journal. Quota mode: none.
[   55.132362] EXT4-fs (loop0): unmounting filesystem 00000000-0000-0000-0000-000000000000.
[   55.154254] loop0: detected capacity change from 0 to 2048
[   55.155010] I/O error, dev loop0, sector 0 op 0x0:(READ) flags 0x80700 phys_seg 1 prio class 2
[   55.167817] EXT4-fs (loop0): mounted filesystem 00000000-0000-0000-0000-000000000000 r/w without journal. Quota mode: none.
[   55.181292] EXT4-fs (loop0): unmounting filesystem 00000000-0000-0000-0000-000000000000.
[   55.201357] loop0: detected capacity change from 0 to 2048
[   55.212659] EXT4-fs (loop0): mounted filesystem 00000000-0000-0000-0000-000000000000 r/w without journal. Quota mode: none.
[   55.221767] EXT4-fs (loop0): unmounting filesystem 00000000-0000-0000-0000-000000000000.
[   55.250614] loop0: detected capacity change from 0 to 2048
[   55.250994] I/O error, dev loop0, sector 0 op 0x0:(READ) flags 0x80700 phys_seg 1 prio class 2
[   55.264072] EXT4-fs (loop0): mounted filesystem 00000000-0000-0000-0000-000000000000 r/w without journal. Quota mode: none.
[   55.279569] EXT4-fs (loop0): unmounting filesystem 00000000-0000-0000-0000-000000000000.
[   55.316083] loop0: detected capacity change from 0 to 2048
[   55.316630] I/O error, dev loop0, sector 0 op 0x0:(READ) flags 0x80700 phys_seg 1 prio class 2
[   55.327895] EXT4-fs (loop0): mounted filesystem 00000000-0000-0000-0000-000000000000 r/w without journal. Quota mode: none.
[   55.335428] EXT4-fs (loop0): unmounting filesystem 00000000-0000-0000-0000-000000000000.
[   55.357260] loop0: detected capacity change from 0 to 2048
[   55.364645] EXT4-fs (loop0): mounted filesystem 00000000-0000-0000-0000-000000000000 r/w without journal. Quota mode: none.
[   55.371935] EXT4-fs (loop0): unmounting filesystem 00000000-0000-0000-0000-000000000000.
[   55.393393] loop0: detected capacity change from 0 to 2048
[   55.400771] EXT4-fs (loop0): mounted filesystem 00000000-0000-0000-0000-000000000000 r/w without journal. Quota mode: none.
[   55.408342] EXT4-fs (loop0): unmounting filesystem 00000000-0000-0000-0000-000000000000.
[   55.431943] loop0: detected capacity change from 0 to 2048
[   55.437528] EXT4-fs (loop0): mounted filesystem 00000000-0000-0000-0000-000000000000 r/w without journal. Quota mode: none.
[   55.445195] EXT4-fs (loop0): unmounting filesystem 00000000-0000-0000-0000-000000000000.
[   55.473164] loop0: detected capacity change from 0 to 2048
[   55.480984] EXT4-fs (loop0): mounted filesystem 00000000-0000-0000-0000-000000000000 r/w without journal. Quota mode: none.
[   55.491756] EXT4-fs (loop0): unmounting filesystem 00000000-0000-0000-0000-000000000000.
[   55.510521] loop0: detected capacity change from 0 to 2048
[   55.523799] EXT4-fs (loop0): mounted filesystem 00000000-0000-0000-0000-000000000000 r/w without journal. Quota mode: none.
[   55.530468] EXT4-fs (loop0): unmounting filesystem 00000000-0000-0000-0000-000000000000.
[   55.557420] loop0: detected capacity change from 0 to 2048
[   55.569133] EXT4-fs (loop0): mounted filesystem 00000000-0000-0000-0000-000000000000 r/w without journal. Quota mode: none.
[   55.579791] EXT4-fs (loop0): unmounting filesystem 00000000-0000-0000-0000-000000000000.
[   55.632804] loop0: detected capacity change from 0 to 2048
[   55.641112] EXT4-fs (loop0): mounted filesystem 00000000-0000-0000-0000-000000000000 r/w without journal. Quota mode: none.
[   55.655753] EXT4-fs (loop0): unmounting filesystem 00000000-0000-0000-0000-000000000000.
[   55.678574] loop0: detected capacity change from 0 to 2048
[   55.685160] EXT4-fs (loop0): mounted filesystem 00000000-0000-0000-0000-000000000000 r/w without journal. Quota mode: none.
[   55.700968] EXT4-fs (loop0): unmounting filesystem 00000000-0000-0000-0000-000000000000.
[   55.744239] loop0: detected capacity change from 0 to 2048
[   55.750211] EXT4-fs (loop0): mounted filesystem 00000000-0000-0000-0000-000000000000 r/w without journal. Quota mode: none.
[   55.757861] EXT4-fs (loop0): unmounting filesystem 00000000-0000-0000-0000-000000000000.
[   55.783130] loop0: detected capacity change from 0 to 2048
[   55.789091] EXT4-fs (loop0): mounted filesystem 00000000-0000-0000-0000-000000000000 r/w without journal. Quota mode: none.
[   55.797318] EXT4-fs (loop0): unmounting filesystem 00000000-0000-0000-0000-000000000000.
[   55.820521] loop0: detected capacity change from 0 to 2048
[   55.825382] EXT4-fs (loop0): mounted filesystem 00000000-0000-0000-0000-000000000000 r/w without journal. Quota mode: none.
[   55.840995] EXT4-fs (loop0): unmounting filesystem 00000000-0000-0000-0000-000000000000.
[   55.860466] loop0: detected capacity change from 0 to 2048
[   55.868896] EXT4-fs (loop0): mounted filesystem 00000000-0000-0000-0000-000000000000 r/w without journal. Quota mode: none.
[   55.880040] EXT4-fs (loop0): unmounting filesystem 00000000-0000-0000-0000-000000000000.
[   55.918293] loop0: detected capacity change from 0 to 2048
[   55.924975] EXT4-fs (loop0): mounted filesystem 00000000-0000-0000-0000-000000000000 r/w without journal. Quota mode: none.
[   55.932581] EXT4-fs (loop0): unmounting filesystem 00000000-0000-0000-0000-000000000000.
[   55.948951] loop0: detected capacity change from 0 to 2048
[   55.949428] I/O error, dev loop0, sector 0 op 0x0:(READ) flags 0x80700 phys_seg 1 prio class 2
[   55.960279] EXT4-fs (loop0): mounted filesystem 00000000-0000-0000-0000-000000000000 r/w without journal. Quota mode: none.
[   55.970482] EXT4-fs (loop0): unmounting filesystem 00000000-0000-0000-0000-000000000000.
[   56.014617] loop0: detected capacity change from 0 to 2048
[   56.067193] loop0: detected capacity change from 0 to 2048
[   56.118400] loop0: detected capacity change from 0 to 2048
[   56.144347] loop0: detected capacity change from 0 to 2048
[   56.199163] loop0: detected capacity change from 0 to 2048
[   56.257338] loop0: detected capacity change from 0 to 2048
[   56.301911] loop0: detected capacity change from 0 to 2048
[   56.331178] loop0: detected capacity change from 0 to 2048
[   56.332082] I/O error, dev loop0, sector 0 op 0x0:(READ) flags 0x80700 phys_seg 1 prio class 2
[   56.388584] loop0: detected capacity change from 0 to 2048
[   56.434129] loop0: detected capacity change from 0 to 2048
[   56.478744] loop0: detected capacity change from 0 to 2048
[   56.527665] loop0: detected capacity change from 0 to 2048
[   56.570708] loop0: detected capacity change from 0 to 2048
[   56.598914] loop0: detected capacity change from 0 to 2048
[   56.653366] loop0: detected capacity change from 0 to 2048
[   56.700152] loop0: detected capacity change from 0 to 2048
[   56.735643] loop0: detected capacity change from 0 to 2048
[   56.778132] loop0: detected capacity change from 0 to 2048
[   56.829715] loop0: detected capacity change from 0 to 2048
[   56.883335] loop0: detected capacity change from 0 to 2048
[   56.910978] loop0: detected capacity change from 0 to 2048
[   56.949140] loop0: detected capacity change from 0 to 2048
[   57.002727] loop0: detected capacity change from 0 to 2048
[   57.031813] loop0: detected capacity change from 0 to 2048
[   57.084249] loop0: detected capacity change from 0 to 2048
[   57.127783] loop0: detected capacity change from 0 to 2048
[   57.153533] loop0: detected capacity change from 0 to 2048
[   57.202815] loop0: detected capacity change from 0 to 2048
[   57.246965] loop0: detected capacity change from 0 to 2048
[   57.279727] loop0: detected capacity change from 0 to 2048
[   57.332919] loop0: detected capacity change from 0 to 2048
[   57.370251] loop0: detected capacity change from 0 to 2048
[   57.414341] loop0: detected capacity change from 0 to 2048
[   57.457264] loop0: detected capacity change from 0 to 2048
[   57.514212] loop0: detected capacity change from 0 to 2048
[   57.548087] loop0: detected capacity change from 0 to 2048
[   57.592588] loop0: detected capacity change from 0 to 2048
[   57.622035] loop0: detected capacity change from 0 to 2048
[   57.681102] loop0: detected capacity change from 0 to 2048
[   57.735672] loop0: detected capacity change from 0 to 2048
[   57.765456] loop0: detected capacity change from 0 to 2048
[   57.802478] loop0: detected capacity change from 0 to 2048
[   57.803595] I/O error, dev loop0, sector 0 op 0x0:(READ) flags 0x80700 phys_seg 1 prio class 2
[   57.803658] I/O error, dev loop0, sector 0 op 0x0:(READ) flags 0x0 phys_seg 1 prio class 2
[   57.806812] Buffer I/O error on dev loop0, logical block 0, async page read
[   57.842352] loop0: detected capacity change from 0 to 2048
[   57.885093] loop0: detected capacity change from 0 to 2048
[   57.917412] loop0: detected capacity change from 0 to 2048
[   57.953812] loop0: detected capacity change from 0 to 2048
[   57.998180] loop0: detected capacity change from 0 to 2048
[   58.050377] loop0: detected capacity change from 0 to 2048
[   58.104316] loop0: detected capacity change from 0 to 2048
[   58.149709] loop0: detected capacity change from 0 to 2048
[   58.179306] loop0: detected capacity change from 0 to 2048
[   58.210831] loop0: detected capacity change from 0 to 2048
[   58.248322] loop0: detected capacity change from 0 to 2048
[   58.292016] loop0: detected capacity change from 0 to 2048
[   58.329873] loop0: detected capacity change from 0 to 2048
[   58.370411] loop0: detected capacity change from 0 to 2048
[   58.403961] loop0: detected capacity change from 0 to 2048
[   58.452305] loop0: detected capacity change from 0 to 2048
[   58.496418] loop0: detected capacity change from 0 to 2048
[   58.529753] loop0: detected capacity change from 0 to 2048
[   58.567925] loop0: detected capacity change from 0 to 2048
[   58.622555] loop0: detected capacity change from 0 to 2048
[   58.691478] loop0: detected capacity change from 0 to 2048
[   58.736027] loop0: detected capacity change from 0 to 2048
[   58.777651] loop0: detected capacity change from 0 to 2048
[   58.832224] loop0: detected capacity change from 0 to 2048
[   58.861163] loop0: detected capacity change from 0 to 2048
[   58.886753] loop0: detected capacity change from 0 to 2048
[   58.925138] loop0: detected capacity change from 0 to 2048
[   58.986864] loop0: detected capacity change from 0 to 2048
[   59.034622] loop0: detected capacity change from 0 to 2048
[   59.082733] loop0: detected capacity change from 0 to 2048
[   59.127026] loop0: detected capacity change from 0 to 2048
[   59.172570] loop0: detected capacity change from 0 to 2048
[   59.205180] loop0: detected capacity change from 0 to 2048
[   59.244080] loop0: detected capacity change from 0 to 2048
[   59.283019] loop0: detected capacity change from 0 to 2048
[   59.312754] loop0: detected capacity change from 0 to 2048
[   59.360270] loop0: detected capacity change from 0 to 2048
[   59.390337] loop0: detected capacity change from 0 to 2048
[   59.443019] loop0: detected capacity change from 0 to 2048
[   59.465200] loop0: detected capacity change from 0 to 2048
[   59.500883] loop0: detected capacity change from 0 to 2048
[   59.534717] loop0: detected capacity change from 0 to 2048
[   59.584539] loop0: detected capacity change from 0 to 2048
[   59.618310] loop0: detected capacity change from 0 to 2048
[   59.678970] loop0: detected capacity change from 0 to 2048
[   59.718330] loop0: detected capacity change from 0 to 2048
[   59.766697] loop0: detected capacity change from 0 to 2048
[   59.807949] loop0: detected capacity change from 0 to 2048
[   59.844869] loop0: detected capacity change from 0 to 2048
[   59.874457] loop0: detected capacity change from 0 to 2048
[   59.919866] loop0: detected capacity change from 0 to 2048
[   59.959679] loop0: detected capacity change from 0 to 2048
[   60.011769] loop0: detected capacity change from 0 to 2048
[   60.056617] loop0: detected capacity change from 0 to 2048
[   60.092671] loop0: detected capacity change from 0 to 2048
[   60.133471] loop0: detected capacity change from 0 to 2048
[   60.172900] loop0: detected capacity change from 0 to 2048
[   60.213041] loop0: detected capacity change from 0 to 2048
[   60.260643] loop0: detected capacity change from 0 to 2048
[   60.334118] loop0: detected capacity change from 0 to 2048
[   60.396634] loop0: detected capacity change from 0 to 2048
[   60.425182] loop0: detected capacity change from 0 to 2048
[   60.426221] I/O error, dev loop0, sector 0 op 0x0:(READ) flags 0x80700 phys_seg 1 prio class 2
[   60.468496] loop0: detected capacity change from 0 to 2048
[   60.497921] loop0: detected capacity change from 0 to 2048
[   60.498513] I/O error, dev loop0, sector 0 op 0x0:(READ) flags 0x80700 phys_seg 1 prio class 2
[   60.559169] loop0: detected capacity change from 0 to 2048
[   60.587378] loop0: detected capacity change from 0 to 2048
[   60.630528] loop0: detected capacity change from 0 to 2048
[   60.676553] loop0: detected capacity change from 0 to 2048
[   60.720329] loop0: detected capacity change from 0 to 2048
[   60.771733] loop0: detected capacity change from 0 to 2048
[   60.799081] loop0: detected capacity change from 0 to 2048
[   60.845129] loop0: detected capacity change from 0 to 2048
[   60.884228] loop0: detected capacity change from 0 to 2048
[   60.915173] loop0: detected capacity change from 0 to 2048
[   60.968689] loop0: detected capacity change from 0 to 2048
[   61.015838] loop0: detected capacity change from 0 to 2048
[   61.067066] loop0: detected capacity change from 0 to 2048
[   61.093442] loop0: detected capacity change from 0 to 2048
[   61.150645] loop0: detected capacity change from 0 to 2048
[   61.195377] loop0: detected capacity change from 0 to 2048
[   61.228926] loop0: detected capacity change from 0 to 2048
[   61.229659] I/O error, dev loop0, sector 0 op 0x0:(READ) flags 0x80700 phys_seg 1 prio class 2
[   61.282879] loop0: detected capacity change from 0 to 2048
[   61.309468] loop0: detected capacity change from 0 to 2048
[   61.345905] loop0: detected capacity change from 0 to 2048
[   61.388946] loop0: detected capacity change from 0 to 2048
[   61.426711] loop0: detected capacity change from 0 to 2048
[   61.464332] loop0: detected capacity change from 0 to 2048
[   61.507707] loop0: detected capacity change from 0 to 2048
[   61.542679] loop0: detected capacity change from 0 to 2048
[   61.543802] I/O error, dev loop0, sector 0 op 0x0:(READ) flags 0x80700 phys_seg 1 prio class 2
[   61.544146] I/O error, dev loop0, sector 0 op 0x0:(READ) flags 0x0 phys_seg 1 prio class 2
[   61.547026] Buffer I/O error on dev loop0, logical block 0, async page read
[   61.588127] loop0: detected capacity change from 0 to 2048
[   61.621652] loop0: detected capacity change from 0 to 2048
[   61.680827] loop0: detected capacity change from 0 to 2048
[   61.746857] loop0: detected capacity change from 0 to 2048
[   61.777309] loop0: detected capacity change from 0 to 2048
[   61.836507] loop0: detected capacity change from 0 to 2048
[   61.882280] loop0: detected capacity change from 0 to 2048
[   61.910384] loop0: detected capacity change from 0 to 2048
[   61.910874] I/O error, dev loop0, sector 0 op 0x0:(READ) flags 0x80700 phys_seg 1 prio class 2
[   61.967445] loop0: detected capacity change from 0 to 2048
[   61.990581] loop0: detected capacity change from 0 to 2048
[   62.047499] loop0: detected capacity change from 0 to 2048
[   62.074465] loop0: detected capacity change from 0 to 2048
[   62.122617] loop0: detected capacity change from 0 to 2048
[   62.168348] loop0: detected capacity change from 0 to 2048
[   62.199621] loop0: detected capacity change from 0 to 2048
[   62.239646] loop0: detected capacity change from 0 to 2048
[   62.280582] loop0: detected capacity change from 0 to 2048
[   62.337026] loop0: detected capacity change from 0 to 2048
[   62.368655] loop0: detected capacity change from 0 to 2048
[   62.410615] loop0: detected capacity change from 0 to 2048
[   62.457097] loop0: detected capacity change from 0 to 2048
[   62.481434] loop0: detected capacity change from 0 to 2048
[   62.522132] loop0: detected capacity change from 0 to 2048
[   62.554355] loop0: detected capacity change from 0 to 2048
[   62.554883] I/O error, dev loop0, sector 0 op 0x0:(READ) flags 0x80700 phys_seg 1 prio class 2
[   62.597548] loop0: detected capacity change from 0 to 2048
[   62.639567] loop0: detected capacity change from 0 to 2048
[   62.688391] loop0: detected capacity change from 0 to 2048
[   62.730600] loop0: detected capacity change from 0 to 2048
[   62.766114] loop0: detected capacity change from 0 to 2048
[   62.813393] loop0: detected capacity change from 0 to 2048
[   62.863551] loop0: detected capacity change from 0 to 2048
[   62.893084] loop0: detected capacity change from 0 to 2048
[   62.894051] I/O error, dev loop0, sector 0 op 0x0:(READ) flags 0x80700 phys_seg 1 prio class 2
[   62.930721] loop0: detected capacity change from 0 to 2048
[   62.963029] loop0: detected capacity change from 0 to 2048
[   63.023678] loop0: detected capacity change from 0 to 2048
[   63.053408] loop0: detected capacity change from 0 to 2048
[   63.101962] loop0: detected capacity change from 0 to 2048
[   63.129570] loop0: detected capacity change from 0 to 2048
[   63.169723] loop0: detected capacity change from 0 to 2048
[   63.217962] loop0: detected capacity change from 0 to 2048
[   63.251095] loop0: detected capacity change from 0 to 2048
[   63.279170] loop0: detected capacity change from 0 to 2048
[   63.336018] loop0: detected capacity change from 0 to 2048
[   63.384454] loop0: detected capacity change from 0 to 2048
[   63.409470] loop0: detected capacity change from 0 to 2048
[   63.445123] loop0: detected capacity change from 0 to 2048
[   63.484904] loop0: detected capacity change from 0 to 2048
[   63.522989] loop0: detected capacity change from 0 to 2048
[   63.561286] loop0: detected capacity change from 0 to 2048
[   63.607185] loop0: detected capacity change from 0 to 2048
[   63.645450] loop0: detected capacity change from 0 to 2048
[   63.690624] loop0: detected capacity change from 0 to 2048
[   63.745276] loop0: detected capacity change from 0 to 2048
[   63.772936] loop0: detected capacity change from 0 to 2048
[   63.773427] I/O error, dev loop0, sector 0 op 0x0:(READ) flags 0x80700 phys_seg 1 prio class 2
[   63.815082] loop0: detected capacity change from 0 to 2048
[   63.862025] loop0: detected capacity change from 0 to 2048
[   63.909732] loop0: detected capacity change from 0 to 2048
[   63.952058] loop0: detected capacity change from 0 to 2048
[   64.000127] loop0: detected capacity change from 0 to 2048
[   64.021284] loop0: detected capacity change from 0 to 2048
[   64.057619] loop0: detected capacity change from 0 to 2048
[   64.108109] loop0: detected capacity change from 0 to 2048
[   64.146429] loop0: detected capacity change from 0 to 2048
[   64.200263] loop0: detected capacity change from 0 to 2048
[   64.244392] loop0: detected capacity change from 0 to 2048
[   64.281998] loop0: detected capacity change from 0 to 2048
[   64.316876] loop0: detected capacity change from 0 to 2048
[   64.364724] loop0: detected capacity change from 0 to 2048
[   64.417621] loop0: detected capacity change from 0 to 2048
[   64.470917] loop0: detected capacity change from 0 to 2048
[   64.520322] loop0: detected capacity change from 0 to 2048
[   64.571770] loop0: detected capacity change from 0 to 2048
[   64.615977] loop0: detected capacity change from 0 to 2048
[   64.672824] loop0: detected capacity change from 0 to 2048
[   64.717119] loop0: detected capacity change from 0 to 2048
[   64.717996] I/O error, dev loop0, sector 0 op 0x0:(READ) flags 0x80700 phys_seg 1 prio class 2
[   64.775122] loop0: detected capacity change from 0 to 2048
[   64.828251] loop0: detected capacity change from 0 to 2048
[   64.870550] loop0: detected capacity change from 0 to 2048
[   64.900762] loop0: detected capacity change from 0 to 2048
[   64.936027] loop0: detected capacity change from 0 to 2048
[   64.987145] loop0: detected capacity change from 0 to 2048
[   65.016394] loop0: detected capacity change from 0 to 2048
[   65.046246] loop0: detected capacity change from 0 to 2048
[   65.077333] loop0: detected capacity change from 0 to 2048
[   65.119689] loop0: detected capacity change from 0 to 2048
[   65.155417] loop0: detected capacity change from 0 to 2048
[   65.187818] loop0: detected capacity change from 0 to 2048
[   65.230633] loop0: detected capacity change from 0 to 2048
[   65.264755] loop0: detected capacity change from 0 to 2048
[   65.304811] loop0: detected capacity change from 0 to 2048
[   65.340486] loop0: detected capacity change from 0 to 2048
[   65.374083] loop0: detected capacity change from 0 to 2048
[   65.411181] loop0: detected capacity change from 0 to 2048
[   65.452630] loop0: detected capacity change from 0 to 2048
[   65.484581] loop0: detected capacity change from 0 to 2048
[   65.551618] loop0: detected capacity change from 0 to 2048
[   65.585845] loop0: detected capacity change from 0 to 2048
[   65.622389] loop0: detected capacity change from 0 to 2048
[   65.670223] loop0: detected capacity change from 0 to 2048
[   65.716406] loop0: detected capacity change from 0 to 2048
[   65.748896] loop0: detected capacity change from 0 to 2048
[   65.780664] loop0: detected capacity change from 0 to 2048
[   65.826289] loop0: detected capacity change from 0 to 2048
[   65.890679] loop0: detected capacity change from 0 to 2048
[   65.917432] loop0: detected capacity change from 0 to 2048
[   65.948017] loop0: detected capacity change from 0 to 2048
[   66.016535] loop0: detected capacity change from 0 to 2048
[   66.060750] loop0: detected capacity change from 0 to 2048
[   66.111552] loop0: detected capacity change from 0 to 2048
[   66.138932] loop0: detected capacity change from 0 to 2048
[   66.182861] loop0: detected capacity change from 0 to 2048
[   66.215077] loop0: detected capacity change from 0 to 2048
[   66.257682] loop0: detected capacity change from 0 to 2048
[   66.297863] loop0: detected capacity change from 0 to 2048
[   66.338879] loop0: detected capacity change from 0 to 2048
[   66.376056] loop0: detected capacity change from 0 to 2048
[   66.414979] loop0: detected capacity change from 0 to 2048
[   66.451618] loop0: detected capacity change from 0 to 2048
[   66.494065] loop0: detected capacity change from 0 to 2048
[   66.530993] loop0: detected capacity change from 0 to 2048
[   66.564928] loop0: detected capacity change from 0 to 2048
[   66.565471] I/O error, dev loop0, sector 0 op 0x0:(READ) flags 0x80700 phys_seg 1 prio class 2
[   66.603954] loop0: detected capacity change from 0 to 2048
[   66.604746] I/O error, dev loop0, sector 0 op 0x0:(READ) flags 0x80700 phys_seg 1 prio class 2
[   66.655340] loop0: detected capacity change from 0 to 2048
[   66.695075] loop0: detected capacity change from 0 to 2048
[   66.755778] loop0: detected capacity change from 0 to 2048
[   66.790946] loop0: detected capacity change from 0 to 2048
[   66.849154] loop0: detected capacity change from 0 to 2048
[   66.898541] loop0: detected capacity change from 0 to 2048
[   66.945869] loop0: detected capacity change from 0 to 2048
[   66.974973] loop0: detected capacity change from 0 to 2048
[   67.021020] loop0: detected capacity change from 0 to 2048
[   67.051041] loop0: detected capacity change from 0 to 2048
[   67.100037] loop0: detected capacity change from 0 to 2048
[   67.130412] loop0: detected capacity change from 0 to 2048
[   67.187857] loop0: detected capacity change from 0 to 2048
[   67.215575] loop0: detected capacity change from 0 to 2048
[   67.267603] loop0: detected capacity change from 0 to 2048
[   67.292772] loop0: detected capacity change from 0 to 2048
[   67.336336] loop0: detected capacity change from 0 to 2048
[   67.362785] loop0: detected capacity change from 0 to 2048
[   67.420919] loop0: detected capacity change from 0 to 2048
[   67.451753] loop0: detected capacity change from 0 to 2048
[   67.509372] loop0: detected capacity change from 0 to 2048
[   67.546719] loop0: detected capacity change from 0 to 2048
[   67.591885] loop0: detected capacity change from 0 to 2048
[   67.632856] loop0: detected capacity change from 0 to 2048
[   67.684716] loop0: detected capacity change from 0 to 2048
[   67.732168] loop0: detected capacity change from 0 to 2048
[   67.763872] loop0: detected capacity change from 0 to 2048
[   67.806200] loop0: detected capacity change from 0 to 2048
[   67.842685] loop0: detected capacity change from 0 to 2048
[   67.899470] loop0: detected capacity change from 0 to 2048
[   67.932489] loop0: detected capacity change from 0 to 2048
[   67.965316] loop0: detected capacity change from 0 to 2048
[   68.013613] loop0: detected capacity change from 0 to 2048
[   68.050713] loop0: detected capacity change from 0 to 2048
[   68.087668] loop0: detected capacity change from 0 to 2048
[   68.129065] loop0: detected capacity change from 0 to 2048
[   68.175100] loop0: detected capacity change from 0 to 2048
[   68.218994] loop0: detected capacity change from 0 to 2048
[   68.262753] loop0: detected capacity change from 0 to 2048
[   68.306647] loop0: detected capacity change from 0 to 2048
[   68.351504] loop0: detected capacity change from 0 to 2048
[   68.377726] loop0: detected capacity change from 0 to 2048
[   68.417806] loop0: detected capacity change from 0 to 2048
[   68.466798] loop0: detected capacity change from 0 to 2048
[   68.499765] loop0: detected capacity change from 0 to 2048
[   68.546883] loop0: detected capacity change from 0 to 2048
[   68.594371] loop0: detected capacity change from 0 to 2048
[   68.626317] loop0: detected capacity change from 0 to 2048
[   68.671140] loop0: detected capacity change from 0 to 2048
[   68.725722] loop0: detected capacity change from 0 to 2048
[   68.755920] loop0: detected capacity change from 0 to 2048
[   68.794736] loop0: detected capacity change from 0 to 2048
[   68.859979] loop0: detected capacity change from 0 to 2048
[   68.908365] loop0: detected capacity change from 0 to 2048
[   68.942619] loop0: detected capacity change from 0 to 2048
[   68.974513] loop0: detected capacity change from 0 to 2048
[   69.008784] loop0: detected capacity change from 0 to 2048
[   69.042484] loop0: detected capacity change from 0 to 2048
[   69.082090] loop0: detected capacity change from 0 to 2048
[   69.082673] I/O error, dev loop0, sector 0 op 0x0:(READ) flags 0x80700 phys_seg 1 prio class 2
[   69.122840] loop0: detected capacity change from 0 to 2048
[   69.157996] loop0: detected capacity change from 0 to 2048
[   69.183975] loop0: detected capacity change from 0 to 2048
[   69.184921] I/O error, dev loop0, sector 0 op 0x0:(READ) flags 0x80700 phys_seg 1 prio class 2
[   69.246662] loop0: detected capacity change from 0 to 2048
[   69.279682] loop0: detected capacity change from 0 to 2048
[   69.329658] loop0: detected capacity change from 0 to 2048
[   69.353575] loop0: detected capacity change from 0 to 2048
[   69.390387] loop0: detected capacity change from 0 to 2048
[   69.438796] loop0: detected capacity change from 0 to 2048
[   69.473772] loop0: detected capacity change from 0 to 2048
[   69.511668] loop0: detected capacity change from 0 to 2048
[   69.543447] loop0: detected capacity change from 0 to 2048
[   69.578285] loop0: detected capacity change from 0 to 2048
[   69.607182] loop0: detected capacity change from 0 to 2048
[   69.664557] loop0: detected capacity change from 0 to 2048
[   69.665098] I/O error, dev loop0, sector 0 op 0x0:(READ) flags 0x80700 phys_seg 1 prio class 2
[   69.716801] loop0: detected capacity change from 0 to 2048
[   69.717147] I/O error, dev loop0, sector 0 op 0x0:(READ) flags 0x80700 phys_seg 1 prio class 2
[   69.767327] loop0: detected capacity change from 0 to 2048
[   69.796732] loop0: detected capacity change from 0 to 2048
[   69.817119] loop0: detected capacity change from 0 to 2048
[   69.846277] loop0: detected capacity change from 0 to 2048
[   69.888738] loop0: detected capacity change from 0 to 2048
[   69.907563] loop0: detected capacity change from 0 to 2048
[   69.935049] loop0: detected capacity change from 0 to 2048
[   69.981117] loop0: detected capacity change from 0 to 2048
[   70.022341] loop0: detected capacity change from 0 to 2048
[   70.049238] loop0: detected capacity change from 0 to 2048
[   70.068488] loop0: detected capacity change from 0 to 2048
[   70.102186] loop0: detected capacity change from 0 to 2048
[   70.122715] loop0: detected capacity change from 0 to 2048
[   70.123457] I/O error, dev loop0, sector 0 op 0x0:(READ) flags 0x80700 phys_seg 1 prio class 2
[   70.123499] I/O error, dev loop0, sector 0 op 0x0:(READ) flags 0x0 phys_seg 1 prio class 2
[   70.123514] Buffer I/O error on dev loop0, logical block 0, async page read
[   70.123541] I/O error, dev loop0, sector 0 op 0x0:(READ) flags 0x0 phys_seg 1 prio class 2
[   70.127405] Buffer I/O error on dev loop0, logical block 0, async page read
[   70.170554] loop0: detected capacity change from 0 to 2048
[   70.198611] loop0: detected capacity change from 0 to 2048
[   70.226600] loop0: detected capacity change from 0 to 2048
[   70.263117] loop0: detected capacity change from 0 to 2048
[   70.286803] loop0: detected capacity change from 0 to 2048
[   70.317924] loop0: detected capacity change from 0 to 2048
[   70.341938] loop0: detected capacity change from 0 to 2048
[   70.385064] loop0: detected capacity change from 0 to 2048
[   70.406935] loop0: detected capacity change from 0 to 2048
[   70.439168] loop0: detected capacity change from 0 to 2048
[   70.479578] loop0: detected capacity change from 0 to 2048
[   70.502134] loop0: detected capacity change from 0 to 2048
[   70.550359] loop0: detected capacity change from 0 to 2048
[   70.573596] loop0: detected capacity change from 0 to 2048
[   70.615351] loop0: detected capacity change from 0 to 2048
[   70.662577] loop0: detected capacity change from 0 to 2048
[   70.663183] I/O error, dev loop0, sector 0 op 0x0:(READ) flags 0x80700 phys_seg 1 prio class 2
[   70.700718] loop0: detected capacity change from 0 to 2048
[   70.733376] loop0: detected capacity change from 0 to 2048
[   70.757220] loop0: detected capacity change from 0 to 2048
[   70.802346] loop0: detected capacity change from 0 to 2048
[   70.823979] loop0: detected capacity change from 0 to 2048
[   70.844229] loop0: detected capacity change from 0 to 2048
[   70.890763] loop0: detected capacity change from 0 to 2048
[   70.917113] loop0: detected capacity change from 0 to 2048
[   70.947560] loop0: detected capacity change from 0 to 2048
[   70.974311] loop0: detected capacity change from 0 to 2048
[   71.005060] loop0: detected capacity change from 0 to 2048
[   71.031177] loop0: detected capacity change from 0 to 2048
[   71.065811] loop0: detected capacity change from 0 to 2048
[   71.092610] loop0: detected capacity change from 0 to 2048
[   71.120583] loop0: detected capacity change from 0 to 2048
[   71.146033] loop0: detected capacity change from 0 to 2048
[   71.179237] loop0: detected capacity change from 0 to 2048
[   71.200866] loop0: detected capacity change from 0 to 2048
[   71.201408] I/O error, dev loop0, sector 0 op 0x0:(READ) flags 0x80700 phys_seg 1 prio class 2
[   71.236546] loop0: detected capacity change from 0 to 2048
[   71.283558] loop0: detected capacity change from 0 to 2048
[   71.319379] loop0: detected capacity change from 0 to 2048
[   71.354511] loop0: detected capacity change from 0 to 2048
[   71.376173] loop0: detected capacity change from 0 to 2048
[   71.406511] loop0: detected capacity change from 0 to 2048
[   71.443151] loop0: detected capacity change from 0 to 2048
[   71.482581] loop0: detected capacity change from 0 to 2048
[   71.507075] loop0: detected capacity change from 0 to 2048
[   71.535705] loop0: detected capacity change from 0 to 2048
[   71.559714] loop0: detected capacity change from 0 to 2048
[   71.588012] loop0: detected capacity change from 0 to 2048
[   71.621933] loop0: detected capacity change from 0 to 2048
[   71.622210] I/O error, dev loop0, sector 0 op 0x0:(READ) flags 0x80700 phys_seg 1 prio class 2
[   71.683355] loop0: detected capacity change from 0 to 2048
[   71.717217] loop0: detected capacity change from 0 to 2048
[   71.744622] loop0: detected capacity change from 0 to 2048
[   71.777984] loop0: detected capacity change from 0 to 2048
[   71.811592] loop0: detected capacity change from 0 to 2048
[   71.837385] loop0: detected capacity change from 0 to 2048
[   71.874390] loop0: detected capacity change from 0 to 2048
[   71.904453] loop0: detected capacity change from 0 to 2048
[   71.945608] loop0: detected capacity change from 0 to 2048
[   71.970645] loop0: detected capacity change from 0 to 2048
[   71.998274] loop0: detected capacity change from 0 to 2048
[   72.043631] loop0: detected capacity change from 0 to 2048
[   72.073570] loop0: detected capacity change from 0 to 2048
[   72.114877] loop0: detected capacity change from 0 to 2048
[   72.137568] loop0: detected capacity change from 0 to 2048
[   72.178956] loop0: detected capacity change from 0 to 2048
[   72.214048] loop0: detected capacity change from 0 to 2048
[   72.246010] loop0: detected capacity change from 0 to 2048
[   72.282919] loop0: detected capacity change from 0 to 2048
[   72.305558] loop0: detected capacity change from 0 to 2048
[   72.328976] loop0: detected capacity change from 0 to 2048
[   72.360024] loop0: detected capacity change from 0 to 2048
[   72.383001] loop0: detected capacity change from 0 to 2048
[   72.409476] loop0: detected capacity change from 0 to 2048
[   72.441805] loop0: detected capacity change from 0 to 2048
[   72.471761] loop0: detected capacity change from 0 to 2048
[   72.500276] loop0: detected capacity change from 0 to 2048
[   72.543537] loop0: detected capacity change from 0 to 2048
[   72.582943] loop0: detected capacity change from 0 to 2048
[   72.618655] loop0: detected capacity change from 0 to 2048
[   72.666327] loop0: detected capacity change from 0 to 2048
[   72.701680] loop0: detected capacity change from 0 to 2048
[   72.731071] loop0: detected capacity change from 0 to 2048
[   72.755813] loop0: detected capacity change from 0 to 2048
[   72.756263] Buffer I/O error on dev loop0, logical block 0, async page read
[   72.781082] loop0: detected capacity change from 0 to 2048
[   72.811738] loop0: detected capacity change from 0 to 2048
[   72.857350] loop0: detected capacity change from 0 to 2048
[   72.895298] loop0: detected capacity change from 0 to 2048
[   72.930021] loop0: detected capacity change from 0 to 2048
[   72.967152] loop0: detected capacity change from 0 to 2048
[   72.990669] loop0: detected capacity change from 0 to 2048
[   73.015322] loop0: detected capacity change from 0 to 2048
[   73.038924] loop0: detected capacity change from 0 to 2048
[   73.086353] loop0: detected capacity change from 0 to 2048
[   73.106783] loop0: detected capacity change from 0 to 2048
[   73.133532] loop0: detected capacity change from 0 to 2048
[   73.175520] loop0: detected capacity change from 0 to 2048
[   73.199899] loop0: detected capacity change from 0 to 2048
[   73.237766] loop0: detected capacity change from 0 to 2048
[   73.274251] loop0: detected capacity change from 0 to 2048
[   73.302463] loop0: detected capacity change from 0 to 2048
[   73.328212] loop0: detected capacity change from 0 to 2048
[   73.352946] loop0: detected capacity change from 0 to 2048
[   73.376767] loop0: detected capacity change from 0 to 2048
[   73.415992] loop0: detected capacity change from 0 to 2048
[   73.439395] loop0: detected capacity change from 0 to 2048
[   73.467470] loop0: detected capacity change from 0 to 2048
[   73.488972] loop0: detected capacity change from 0 to 2048
[   73.529116] loop0: detected capacity change from 0 to 2048
[   73.569171] loop0: detected capacity change from 0 to 2048
[   73.603966] loop0: detected capacity change from 0 to 2048
[   73.634511] loop0: detected capacity change from 0 to 2048
[   73.670810] loop0: detected capacity change from 0 to 2048
[   73.709451] loop0: detected capacity change from 0 to 2048
[   73.738805] loop0: detected capacity change from 0 to 2048
[   73.771403] loop0: detected capacity change from 0 to 2048
[   73.805305] loop0: detected capacity change from 0 to 2048
[   73.848411] loop0: detected capacity change from 0 to 2048
[   73.887699] loop0: detected capacity change from 0 to 2048
[   73.926362] loop0: detected capacity change from 0 to 2048
[   73.962771] loop0: detected capacity change from 0 to 2048
[   73.988963] loop0: detected capacity change from 0 to 2048
[   74.023386] loop0: detected capacity change from 0 to 2048
[   74.059758] loop0: detected capacity change from 0 to 2048
[   74.084151] loop0: detected capacity change from 0 to 2048
[   74.107861] loop0: detected capacity change from 0 to 2048
[   74.108128] blk_print_req_error: 2 callbacks suppressed
[   74.108138] I/O error, dev loop0, sector 0 op 0x0:(READ) flags 0x80700 phys_seg 1 prio class 2
[   74.151919] loop0: detected capacity change from 0 to 2048
[   74.171638] loop0: detected capacity change from 0 to 2048
[   74.199962] loop0: detected capacity change from 0 to 2048
[   74.233682] loop0: detected capacity change from 0 to 2048
[   74.234065] I/O error, dev loop0, sector 0 op 0x0:(READ) flags 0x80700 phys_seg 1 prio class 2
[   74.263121] loop0: detected capacity change from 0 to 2048
[   74.295175] loop0: detected capacity change from 0 to 2048
[   74.324688] loop0: detected capacity change from 0 to 2048
[   74.348481] loop0: detected capacity change from 0 to 2048
[   74.348898] I/O error, dev loop0, sector 0 op 0x0:(READ) flags 0x80700 phys_seg 1 prio class 2
[   74.388755] loop0: detected capacity change from 0 to 2048
[   74.412395] loop0: detected capacity change from 0 to 2048
[   74.441981] loop0: detected capacity change from 0 to 2048
[   74.471016] loop0: detected capacity change from 0 to 2048
[   74.497593] loop0: detected capacity change from 0 to 2048
[   74.527056] loop0: detected capacity change from 0 to 2048
[   74.527817] I/O error, dev loop0, sector 0 op 0x0:(READ) flags 0x80700 phys_seg 1 prio class 2
[   74.527866] I/O error, dev loop0, sector 0 op 0x0:(READ) flags 0x0 phys_seg 1 prio class 2
[   74.527882] Buffer I/O error on dev loop0, logical block 0, async page read
[   74.527910] I/O error, dev loop0, sector 0 op 0x0:(READ) flags 0x0 phys_seg 1 prio class 2
[   74.532345] Buffer I/O error on dev loop0, logical block 0, async page read
[   74.561246] loop0: detected capacity change from 0 to 2048
[   74.561887] I/O error, dev loop0, sector 0 op 0x0:(READ) flags 0x80700 phys_seg 1 prio class 2
[   74.606737] loop0: detected capacity change from 0 to 2048
[   74.634673] loop0: detected capacity change from 0 to 2048
[   74.670024] loop0: detected capacity change from 0 to 2048
[   74.696715] loop0: detected capacity change from 0 to 2048
[   74.740478] loop0: detected capacity change from 0 to 2048
[   74.771009] loop0: detected capacity change from 0 to 2048
[   74.795507] loop0: detected capacity change from 0 to 2048
[   74.839821] loop0: detected capacity change from 0 to 2048
[   74.869236] loop0: detected capacity change from 0 to 2048
[   74.896249] loop0: detected capacity change from 0 to 2048
[   74.937977] loop0: detected capacity change from 0 to 2048
[   74.963184] loop0: detected capacity change from 0 to 2048
[   75.018923] loop0: detected capacity change from 0 to 2048
[   75.048982] loop0: detected capacity change from 0 to 2048
[   75.078665] loop0: detected capacity change from 0 to 2048
[   75.123519] loop0: detected capacity change from 0 to 2048
[   75.148858] loop0: detected capacity change from 0 to 2048
[   75.199640] loop0: detected capacity change from 0 to 2048
[   75.226085] loop0: detected capacity change from 0 to 2048
[   75.253434] loop0: detected capacity change from 0 to 2048
[   75.281678] loop0: detected capacity change from 0 to 2048
[   75.309628] loop0: detected capacity change from 0 to 2048
[   75.346337] loop0: detected capacity change from 0 to 2048
[   75.370137] loop0: detected capacity change from 0 to 2048
[   75.370431] I/O error, dev loop0, sector 0 op 0x0:(READ) flags 0x80700 phys_seg 1 prio class 2
[   75.414905] loop0: detected capacity change from 0 to 2048
[   75.437879] loop0: detected capacity change from 0 to 2048
[   75.471455] loop0: detected capacity change from 0 to 2048
[   75.471917] I/O error, dev loop0, sector 0 op 0x0:(READ) flags 0x80700 phys_seg 1 prio class 2
[   75.512520] loop0: detected capacity change from 0 to 2048
[   75.547723] loop0: detected capacity change from 0 to 2048
[   75.567890] loop0: detected capacity change from 0 to 2048
[   75.605922] loop0: detected capacity change from 0 to 2048
[   75.634997] loop0: detected capacity change from 0 to 2048
[   75.669229] loop0: detected capacity change from 0 to 2048
[   75.707113] loop0: detected capacity change from 0 to 2048
[   75.727325] loop0: detected capacity change from 0 to 2048
[   75.760185] loop0: detected capacity change from 0 to 2048
[   75.786483] loop0: detected capacity change from 0 to 2048
[   75.819904] loop0: detected capacity change from 0 to 2048
[   75.849457] loop0: detected capacity change from 0 to 2048
[   75.894895] loop0: detected capacity change from 0 to 2048
[   75.934281] loop0: detected capacity change from 0 to 2048
[   75.955393] loop0: detected capacity change from 0 to 2048
[   76.001871] loop0: detected capacity change from 0 to 2048
[   76.038319] loop0: detected capacity change from 0 to 2048
[   76.079789] loop0: detected capacity change from 0 to 2048
[   76.114849] loop0: detected capacity change from 0 to 2048
[   76.140584] loop0: detected capacity change from 0 to 2048
[   76.162644] loop0: detected capacity change from 0 to 2048
[   76.198931] loop0: detected capacity change from 0 to 2048
[   76.220545] loop0: detected capacity change from 0 to 2048
[   76.243619] loop0: detected capacity change from 0 to 2048
[   76.273625] loop0: detected capacity change from 0 to 2048
[   76.315397] loop0: detected capacity change from 0 to 2048
[   76.333894] loop0: detected capacity change from 0 to 2048
[   76.363968] loop0: detected capacity change from 0 to 2048
[   76.396359] loop0: detected capacity change from 0 to 2048
[   76.443276] loop0: detected capacity change from 0 to 2048
[   76.464204] loop0: detected capacity change from 0 to 2048
[   76.507034] loop0: detected capacity change from 0 to 2048
[   76.542416] loop0: detected capacity change from 0 to 2048
[   76.562445] loop0: detected capacity change from 0 to 2048
[   76.595016] loop0: detected capacity change from 0 to 2048
[   76.595635] I/O error, dev loop0, sector 0 op 0x0:(READ) flags 0x80700 phys_seg 1 prio class 2
[   76.622808] loop0: detected capacity change from 0 to 2048
[   76.670715] loop0: detected capacity change from 0 to 2048
[   76.705374] loop0: detected capacity change from 0 to 2048
[   76.751055] loop0: detected capacity change from 0 to 2048
[   76.772813] loop0: detected capacity change from 0 to 2048
[   76.814977] loop0: detected capacity change from 0 to 2048
[   76.851046] loop0: detected capacity change from 0 to 2048
[   76.874593] loop0: detected capacity change from 0 to 2048
[   76.910010] loop0: detected capacity change from 0 to 2048
[   76.940551] loop0: detected capacity change from 0 to 2048
[   76.968867] loop0: detected capacity change from 0 to 2048
[   77.013572] loop0: detected capacity change from 0 to 2048
[   77.049539] loop0: detected capacity change from 0 to 2048
[   77.068014] loop0: detected capacity change from 0 to 2048
[   77.105359] loop0: detected capacity change from 0 to 2048
[   77.132558] loop0: detected capacity change from 0 to 2048
[   77.160779] loop0: detected capacity change from 0 to 2048
[   77.189757] loop0: detected capacity change from 0 to 2048
[   77.238976] loop0: detected capacity change from 0 to 2048
[   77.277733] loop0: detected capacity change from 0 to 2048
[   77.314361] loop0: detected capacity change from 0 to 2048
[   77.358943] loop0: detected capacity change from 0 to 2048
[   77.387598] loop0: detected capacity change from 0 to 2048
[   77.408665] loop0: detected capacity change from 0 to 2048
[   77.446378] loop0: detected capacity change from 0 to 2048
[   77.472987] loop0: detected capacity change from 0 to 2048
[   77.506561] loop0: detected capacity change from 0 to 2048
[   77.542454] loop0: detected capacity change from 0 to 2048
[   77.565753] loop0: detected capacity change from 0 to 2048
[   77.593306] loop0: detected capacity change from 0 to 2048
[   77.635197] loop0: detected capacity change from 0 to 2048
[   77.678771] loop0: detected capacity change from 0 to 2048
[   77.714789] loop0: detected capacity change from 0 to 2048
[   77.745890] loop0: detected capacity change from 0 to 2048
[   77.773488] loop0: detected capacity change from 0 to 2048
[   77.798333] loop0: detected capacity change from 0 to 2048
[   77.840857] loop0: detected capacity change from 0 to 2048
[   77.867592] loop0: detected capacity change from 0 to 2048
[   77.896520] loop0: detected capacity change from 0 to 2048
[   77.939497] loop0: detected capacity change from 0 to 2048
[   77.983715] loop0: detected capacity change from 0 to 2048
[   78.004312] loop0: detected capacity change from 0 to 2048
[   78.028212] loop0: detected capacity change from 0 to 2048
[   78.056766] loop0: detected capacity change from 0 to 2048
[   78.076644] loop0: detected capacity change from 0 to 2048
[   78.108793] loop0: detected capacity change from 0 to 2048
[   78.129451] loop0: detected capacity change from 0 to 2048
[   78.161495] loop0: detected capacity change from 0 to 2048
[   78.182651] loop0: detected capacity change from 0 to 2048
[   78.226325] loop0: detected capacity change from 0 to 2048
[   78.271548] loop0: detected capacity change from 0 to 2048
[   78.315785] loop0: detected capacity change from 0 to 2048
[   78.355253] loop0: detected capacity change from 0 to 2048
[   78.398242] loop0: detected capacity change from 0 to 2048
[   78.425815] loop0: detected capacity change from 0 to 2048
[   78.462216] loop0: detected capacity change from 0 to 2048
[   78.498936] loop0: detected capacity change from 0 to 2048
[   78.537989] loop0: detected capacity change from 0 to 2048
[   78.574162] loop0: detected capacity change from 0 to 2048
[   78.605268] loop0: detected capacity change from 0 to 2048
[   78.643352] loop0: detected capacity change from 0 to 2048
[   78.677859] loop0: detected capacity change from 0 to 2048
[   78.710413] loop0: detected capacity change from 0 to 2048
[   78.754930] loop0: detected capacity change from 0 to 2048
[   78.776469] loop0: detected capacity change from 0 to 2048
[   78.822435] loop0: detected capacity change from 0 to 2048
[   78.846485] loop0: detected capacity change from 0 to 2048
[   78.871160] loop0: detected capacity change from 0 to 2048
[   78.894371] loop0: detected capacity change from 0 to 2048
[   78.931715] loop0: detected capacity change from 0 to 2048
[   78.970889] loop0: detected capacity change from 0 to 2048
[   79.007014] loop0: detected capacity change from 0 to 2048
[   79.027376] loop0: detected capacity change from 0 to 2048
[   79.057511] loop0: detected capacity change from 0 to 2048
[   79.102834] loop0: detected capacity change from 0 to 2048
[   79.147953] loop0: detected capacity change from 0 to 2048
[   79.189840] loop0: detected capacity change from 0 to 2048
[   79.216281] loop0: detected capacity change from 0 to 2048
[   79.261423] loop0: detected capacity change from 0 to 2048
[   79.294661] loop0: detected capacity change from 0 to 2048
[   79.334646] loop0: detected capacity change from 0 to 2048
[   79.370650] loop0: detected capacity change from 0 to 2048
[   79.401018] loop0: detected capacity change from 0 to 2048
[   79.425155] loop0: detected capacity change from 0 to 2048
[   79.459197] loop0: detected capacity change from 0 to 2048
[   79.499984] loop0: detected capacity change from 0 to 2048
[   79.523841] loop0: detected capacity change from 0 to 2048
[   79.555062] loop0: detected capacity change from 0 to 2048
[   79.595704] loop0: detected capacity change from 0 to 2048
[   79.622180] loop0: detected capacity change from 0 to 2048
[   79.653017] loop0: detected capacity change from 0 to 2048
[   79.679765] loop0: detected capacity change from 0 to 2048
[   79.734119] loop0: detected capacity change from 0 to 2048
[   79.757922] loop0: detected capacity change from 0 to 2048
[   79.806380] loop0: detected capacity change from 0 to 2048
[   79.830463] loop0: detected capacity change from 0 to 2048
[   79.863796] loop0: detected capacity change from 0 to 2048
[   79.914425] loop0: detected capacity change from 0 to 2048
[   79.941924] loop0: detected capacity change from 0 to 2048
[   79.971921] loop0: detected capacity change from 0 to 2048
[   80.001617] loop0: detected capacity change from 0 to 2048
[   80.026580] loop0: detected capacity change from 0 to 2048
[   80.062940] loop0: detected capacity change from 0 to 2048
[   80.098621] loop0: detected capacity change from 0 to 2048
[   80.125987] loop0: detected capacity change from 0 to 2048
[   80.167052] loop0: detected capacity change from 0 to 2048
[   80.197924] loop0: detected capacity change from 0 to 2048
[   80.229429] loop0: detected capacity change from 0 to 2048
[   80.274353] loop0: detected capacity change from 0 to 2048
[   80.292937] loop0: detected capacity change from 0 to 2048
[   80.318823] loop0: detected capacity change from 0 to 2048
[   80.352101] loop0: detected capacity change from 0 to 2048
[   80.374697] loop0: detected capacity change from 0 to 2048
[   80.408080] loop0: detected capacity change from 0 to 2048
[   80.452338] loop0: detected capacity change from 0 to 2048
[   80.474951] loop0: detected capacity change from 0 to 2048
[   80.504466] loop0: detected capacity change from 0 to 2048
[   80.532687] loop0: detected capacity change from 0 to 2048
[   80.561719] loop0: detected capacity change from 0 to 2048
[   80.562246] I/O error, dev loop0, sector 0 op 0x0:(READ) flags 0x80700 phys_seg 1 prio class 2
[   80.595366] loop0: detected capacity change from 0 to 2048
[   80.621369] loop0: detected capacity change from 0 to 2048
[   80.648774] loop0: detected capacity change from 0 to 2048
[   80.649275] I/O error, dev loop0, sector 0 op 0x0:(READ) flags 0x80700 phys_seg 1 prio class 2
[   80.696431] loop0: detected capacity change from 0 to 2048
[   80.736508] loop0: detected capacity change from 0 to 2048
[   80.762339] loop0: detected capacity change from 0 to 2048
[   80.798800] loop0: detected capacity change from 0 to 2048
[   80.848776] loop0: detected capacity change from 0 to 2048
[   80.878519] loop0: detected capacity change from 0 to 2048
[   80.878819] I/O error, dev loop0, sector 0 op 0x0:(READ) flags 0x80700 phys_seg 1 prio class 2
[   80.912631] loop0: detected capacity change from 0 to 2048
[   80.913047] I/O error, dev loop0, sector 0 op 0x0:(READ) flags 0x80700 phys_seg 1 prio class 2
[   80.946940] loop0: detected capacity change from 0 to 2048
[   80.993516] loop0: detected capacity change from 0 to 2048
[   80.994071] I/O error, dev loop0, sector 0 op 0x0:(READ) flags 0x80700 phys_seg 1 prio class 2
[   81.024132] loop0: detected capacity change from 0 to 2048
[   81.076443] loop0: detected capacity change from 0 to 2048
[   81.099434] loop0: detected capacity change from 0 to 2048
[   81.124168] loop0: detected capacity change from 0 to 2048
[   81.163405] loop0: detected capacity change from 0 to 2048
[   81.183969] loop0: detected capacity change from 0 to 2048
[   81.184467] I/O error, dev loop0, sector 0 op 0x0:(READ) flags 0x80700 phys_seg 1 prio class 2
[   81.213491] loop0: detected capacity change from 0 to 2048
[   81.237073] loop0: detected capacity change from 0 to 2048
[   81.270688] loop0: detected capacity change from 0 to 2048
[   81.298622] loop0: detected capacity change from 0 to 2048
[   81.323983] loop0: detected capacity change from 0 to 2048
[   81.371564] loop0: detected capacity change from 0 to 2048
[   81.407489] loop0: detected capacity change from 0 to 2048
[   81.445993] loop0: detected capacity change from 0 to 2048
[   81.465345] loop0: detected capacity change from 0 to 2048
[   81.502312] loop0: detected capacity change from 0 to 2048
[   81.522520] loop0: detected capacity change from 0 to 2048
[   81.557237] loop0: detected capacity change from 0 to 2048
[   81.593513] loop0: detected capacity change from 0 to 2048
[   81.594087] I/O error, dev loop0, sector 0 op 0x0:(READ) flags 0x80700 phys_seg 1 prio class 2
[   81.624950] loop0: detected capacity change from 0 to 2048
[   81.653219] loop0: detected capacity change from 0 to 2048
[   81.688196] loop0: detected capacity change from 0 to 2048
[   81.717365] loop0: detected capacity change from 0 to 2048
[   81.752117] loop0: detected capacity change from 0 to 2048
[   81.752860] I/O error, dev loop0, sector 0 op 0x0:(READ) flags 0x80700 phys_seg 1 prio class 2
[   81.752906] I/O error, dev loop0, sector 0 op 0x0:(READ) flags 0x0 phys_seg 1 prio class 2
[   81.755056] Buffer I/O error on dev loop0, logical block 0, async page read
[   81.785291] loop0: detected capacity change from 0 to 2048
[   81.809391] loop0: detected capacity change from 0 to 2048
[   81.843481] loop0: detected capacity change from 0 to 2048
[   81.882929] loop0: detected capacity change from 0 to 2048
[   81.908148] loop0: detected capacity change from 0 to 2048
[   81.938566] loop0: detected capacity change from 0 to 2048
[   81.962729] loop0: detected capacity change from 0 to 2048
[   82.011517] loop0: detected capacity change from 0 to 2048
[   82.047138] loop0: detected capacity change from 0 to 2048
[   82.083185] loop0: detected capacity change from 0 to 2048
[   82.108195] loop0: detected capacity change from 0 to 2048
[   82.126160] loop0: detected capacity change from 0 to 2048
[   82.155081] loop0: detected capacity change from 0 to 2048
[   82.179248] loop0: detected capacity change from 0 to 2048
[   82.209169] loop0: detected capacity change from 0 to 2048
[   82.246917] loop0: detected capacity change from 0 to 2048
[   82.273875] loop0: detected capacity change from 0 to 2048
[   82.274281] I/O error, dev loop0, sector 0 op 0x0:(READ) flags 0x80700 phys_seg 1 prio class 2
[   82.300984] loop0: detected capacity change from 0 to 2048
[   82.336418] loop0: detected capacity change from 0 to 2048
[   82.367118] loop0: detected capacity change from 0 to 2048
[   82.401456] loop0: detected capacity change from 0 to 2048
[   82.442664] loop0: detected capacity change from 0 to 2048
[   82.479702] loop0: detected capacity change from 0 to 2048
[   82.507906] loop0: detected capacity change from 0 to 2048
[   82.547463] loop0: detected capacity change from 0 to 2048
[   82.575818] loop0: detected capacity change from 0 to 2048
[   82.600348] loop0: detected capacity change from 0 to 2048
[   82.643201] loop0: detected capacity change from 0 to 2048
[   82.681839] loop0: detected capacity change from 0 to 2048
[   82.714650] loop0: detected capacity change from 0 to 2048
[   82.736052] loop0: detected capacity change from 0 to 2048
[   82.774428] loop0: detected capacity change from 0 to 2048
[   82.810581] loop0: detected capacity change from 0 to 2048
[   82.832550] loop0: detected capacity change from 0 to 2048
[   82.865338] loop0: detected capacity change from 0 to 2048
[   82.899337] loop0: detected capacity change from 0 to 2048
[   82.936319] loop0: detected capacity change from 0 to 2048
[   82.954774] loop0: detected capacity change from 0 to 2048
[   82.984314] loop0: detected capacity change from 0 to 2048
[   83.016725] loop0: detected capacity change from 0 to 2048
[   83.037104] loop0: detected capacity change from 0 to 2048
[   83.072365] loop0: detected capacity change from 0 to 2048
[   83.089837] loop0: detected capacity change from 0 to 2048
[   83.135156] loop0: detected capacity change from 0 to 2048
[   83.169747] loop0: detected capacity change from 0 to 2048
[   83.195774] loop0: detected capacity change from 0 to 2048
[   83.242002] loop0: detected capacity change from 0 to 2048
[   83.267061] loop0: detected capacity change from 0 to 2048
[   83.306452] loop0: detected capacity change from 0 to 2048
[   83.334370] loop0: detected capacity change from 0 to 2048
[   83.373812] loop0: detected capacity change from 0 to 2048
[   83.410568] loop0: detected capacity change from 0 to 2048
[   83.431769] loop0: detected capacity change from 0 to 2048
[   83.468943] loop0: detected capacity change from 0 to 2048
[   83.469404] Buffer I/O error on dev loop0, logical block 0, async page read
[   83.503522] loop0: detected capacity change from 0 to 2048
[   83.531011] loop0: detected capacity change from 0 to 2048
[   83.557539] loop0: detected capacity change from 0 to 2048
[   83.607529] loop0: detected capacity change from 0 to 2048
[   83.633367] loop0: detected capacity change from 0 to 2048
[   83.679141] loop0: detected capacity change from 0 to 2048
[   83.706473] loop0: detected capacity change from 0 to 2048
[   83.743468] loop0: detected capacity change from 0 to 2048
[   83.769655] loop0: detected capacity change from 0 to 2048
[   83.770232] Buffer I/O error on dev loop0, logical block 0, async page read
[   83.799962] loop0: detected capacity change from 0 to 2048
[   83.838185] loop0: detected capacity change from 0 to 2048
[   83.858091] loop0: detected capacity change from 0 to 2048
[   83.894736] loop0: detected capacity change from 0 to 2048
[   83.920908] loop0: detected capacity change from 0 to 2048
[   83.975263] loop0: detected capacity change from 0 to 2048
[   84.015202] loop0: detected capacity change from 0 to 2048
[   84.042289] loop0: detected capacity change from 0 to 2048
[   84.071744] loop0: detected capacity change from 0 to 2048
[   84.095786] loop0: detected capacity change from 0 to 2048
[   84.121218] loop0: detected capacity change from 0 to 2048
[   84.162893] loop0: detected capacity change from 0 to 2048
[   84.206629] loop0: detected capacity change from 0 to 2048
[   84.242674] loop0: detected capacity change from 0 to 2048
[   84.264570] loop0: detected capacity change from 0 to 2048
[   84.303154] loop0: detected capacity change from 0 to 2048
[   84.326608] loop0: detected capacity change from 0 to 2048
[   84.367079] loop0: detected capacity change from 0 to 2048
[   84.390404] loop0: detected capacity change from 0 to 2048
[   84.428675] loop0: detected capacity change from 0 to 2048
[   84.471535] loop0: detected capacity change from 0 to 2048
[   84.494826] loop0: detected capacity change from 0 to 2048
[   84.512933] loop0: detected capacity change from 0 to 2048
[   84.524459] EXT4-fs mount: 1562 callbacks suppressed
[   84.524472] EXT4-fs (loop0): mounted filesystem 00000000-0000-0000-0000-000000000000 r/w without journal. Quota mode: none.
[   84.531290] EXT4-fs (loop0): unmounting filesystem 00000000-0000-0000-0000-000000000000.
[   84.546725] loop0: detected capacity change from 0 to 2048
[   84.555142] EXT4-fs (loop0): mounted filesystem 00000000-0000-0000-0000-000000000000 r/w without journal. Quota mode: none.
[   84.559943] EXT4-fs (loop0): unmounting filesystem 00000000-0000-0000-0000-000000000000.
[   84.577127] loop0: detected capacity change from 0 to 2048
[   84.581032] EXT4-fs (loop0): mounted filesystem 00000000-0000-0000-0000-000000000000 r/w without journal. Quota mode: none.
[   84.586687] EXT4-fs (loop0): unmounting filesystem 00000000-0000-0000-0000-000000000000.
[   84.605298] loop0: detected capacity change from 0 to 2048
[   84.608846] EXT4-fs (loop0): mounted filesystem 00000000-0000-0000-0000-000000000000 r/w without journal. Quota mode: none.
[   84.615505] EXT4-fs (loop0): unmounting filesystem 00000000-0000-0000-0000-000000000000.
[   84.634356] loop0: detected capacity change from 0 to 2048
[   84.644599] EXT4-fs (loop0): mounted filesystem 00000000-0000-0000-0000-000000000000 r/w without journal. Quota mode: none.
[   84.656926] EXT4-fs (loop0): unmounting filesystem 00000000-0000-0000-0000-000000000000.
[   84.675311] loop0: detected capacity change from 0 to 2048
[   84.680666] EXT4-fs (loop0): mounted filesystem 00000000-0000-0000-0000-000000000000 r/w without journal. Quota mode: none.
[   84.693952] EXT4-fs (loop0): unmounting filesystem 00000000-0000-0000-0000-000000000000.
[   84.722537] loop0: detected capacity change from 0 to 2048
[   84.729093] EXT4-fs (loop0): mounted filesystem 00000000-0000-0000-0000-000000000000 r/w without journal. Quota mode: none.
[   84.736192] EXT4-fs (loop0): unmounting filesystem 00000000-0000-0000-0000-000000000000.
[   84.756682] loop0: detected capacity change from 0 to 2048
[   84.762502] EXT4-fs (loop0): mounted filesystem 00000000-0000-0000-0000-000000000000 r/w without journal. Quota mode: none.
[   84.777977] EXT4-fs (loop0): unmounting filesystem 00000000-0000-0000-0000-000000000000.
[   84.795167] loop0: detected capacity change from 0 to 2048
[   84.805350] EXT4-fs (loop0): mounted filesystem 00000000-0000-0000-0000-000000000000 r/w without journal. Quota mode: none.
[   84.814044] EXT4-fs (loop0): unmounting filesystem 00000000-0000-0000-0000-000000000000.
[   84.833465] loop0: detected capacity change from 0 to 2048
[   84.836886] EXT4-fs (loop0): mounted filesystem 00000000-0000-0000-0000-000000000000 r/w without journal. Quota mode: none.
[   84.841995] EXT4-fs (loop0): unmounting filesystem 00000000-0000-0000-0000-000000000000.
[   84.875646] loop0: detected capacity change from 0 to 2048
[   84.880496] EXT4-fs (loop0): mounted filesystem 00000000-0000-0000-0000-000000000000 r/w without journal. Quota mode: none.
[   84.885309] EXT4-fs (loop0): unmounting filesystem 00000000-0000-0000-0000-000000000000.
[   84.900495] loop0: detected capacity change from 0 to 2048
[   84.913773] EXT4-fs (loop0): mounted filesystem 00000000-0000-0000-0000-000000000000 r/w without journal. Quota mode: none.
[   84.919544] EXT4-fs (loop0): unmounting filesystem 00000000-0000-0000-0000-000000000000.
[   84.950055] loop0: detected capacity change from 0 to 2048
[   84.956488] EXT4-fs (loop0): mounted filesystem 00000000-0000-0000-0000-000000000000 r/w without journal. Quota mode: none.
[   84.962602] EXT4-fs (loop0): unmounting filesystem 00000000-0000-0000-0000-000000000000.
[   84.977029] loop0: detected capacity change from 0 to 2048
[   84.980660] EXT4-fs (loop0): mounted filesystem 00000000-0000-0000-0000-000000000000 r/w without journal. Quota mode: none.
[   84.985369] EXT4-fs (loop0): unmounting filesystem 00000000-0000-0000-0000-000000000000.
[   85.014603] loop0: detected capacity change from 0 to 2048
[   85.020740] EXT4-fs (loop0): mounted filesystem 00000000-0000-0000-0000-000000000000 r/w without journal. Quota mode: none.
[   85.026052] EXT4-fs (loop0): unmounting filesystem 00000000-0000-0000-0000-000000000000.
[   85.045021] loop0: detected capacity change from 0 to 2048
[   85.052989] EXT4-fs (loop0): mounted filesystem 00000000-0000-0000-0000-000000000000 r/w without journal. Quota mode: none.
[   85.057789] EXT4-fs (loop0): unmounting filesystem 00000000-0000-0000-0000-000000000000.
[   85.078343] loop0: detected capacity change from 0 to 2048
