c[?7l[2J[0mSeaBIOS (version rel-1.16.0-0-gd239552ce722-prebuilt.qemu.org)


iPXE (http://ipxe.org) 00:03.0 CA00 PCI2.10 PnP PMM+7FF91000+7FEF1000 CA00
Press Ctrl-B to configure iPXE (PCI 00:03.0)...                                                                               


Booting from ROM..c[?7l[2J[0m.[    0.000000] Linux version 6.3.0-d3e6b65e7084+ (root@p-rpls01) (gcc (GCC) 8.5.0 20210514 (Red Hat 8.5.0-19), GNU ld version 2.36.1-2.el8) #1 SMP PREEMPT_DYNAMIC Wed Jun 21 02:26:12 CST 2023
[    0.000000] Command line: console=ttyS0 root=/dev/sda earlyprintk=serial net.ifnames=0 quiet plymouth.enable=0
[    0.000000] KERNEL supported cpus:
[    0.000000]   Intel GenuineIntel
[    0.000000]   AMD AuthenticAMD
[    0.000000]   Hygon HygonGenuine
[    0.000000]   Centaur CentaurHauls
[    0.000000]   zhaoxin   Shanghai  
[    0.000000] x86/fpu: Supporting XSAVE feature 0x001: 'x87 floating point registers'
[    0.000000] x86/fpu: Supporting XSAVE feature 0x002: 'SSE registers'
[    0.000000] x86/fpu: Supporting XSAVE feature 0x004: 'AVX registers'
[    0.000000] x86/fpu: Supporting XSAVE feature 0x200: 'Protection Keys User registers'
[    0.000000] x86/fpu: xstate_offset[2]:  576, xstate_sizes[2]:  256
[    0.000000] x86/fpu: xstate_offset[9]:  832, xstate_sizes[9]:    8
[    0.000000] x86/fpu: Enabled xstate features 0x207, context size is 840 bytes, using 'compacted' format.
[    0.000000] signal: max sigframe size: 3632
[    0.000000] BIOS-provided physical RAM map:
[    0.000000] BIOS-e820: [mem 0x0000000000000000-0x000000000009fbff] usable
[    0.000000] BIOS-e820: [mem 0x000000000009fc00-0x000000000009ffff] reserved
[    0.000000] BIOS-e820: [mem 0x00000000000f0000-0x00000000000fffff] reserved
[    0.000000] BIOS-e820: [mem 0x0000000000100000-0x000000007ffdffff] usable
[    0.000000] BIOS-e820: [mem 0x000000007ffe0000-0x000000007fffffff] reserved
[    0.000000] BIOS-e820: [mem 0x00000000feffc000-0x00000000feffffff] reserved
[    0.000000] BIOS-e820: [mem 0x00000000fffc0000-0x00000000ffffffff] reserved
[    0.000000] printk: bootconsole [earlyser0] enabled
[    0.312380] Spectre V2 : WARNING: Unprivileged eBPF is enabled with eIBRS on, data leaks possible via Spectre v2 BHB attacks!
[    8.029481] systemd[1]: Failed to start Load Kernel Modules.
[[0;1;31mFAILED[0m] Failed to start [0;1;39mLoad Kernel Modules[0m.

CentOS Stream 9
Kernel 6.3.0-d3e6b65e7084+ on an x86_64

Activate the web console with: systemctl enable --now cockpit.socket

test login: [   24.468672] loop0: detected capacity change from 0 to 2048
[   24.478366] EXT4-fs (loop0): mounted filesystem 00000000-0000-0000-0000-000000000000 without journal. Quota mode: none.
[   24.504101] EXT4-fs (loop0): unmounting filesystem 00000000-0000-0000-0000-000000000000.
[   24.523519] loop0: detected capacity change from 0 to 2048
[   24.524251] I/O error, dev loop0, sector 0 op 0x0:(READ) flags 0x80700 phys_seg 1 prio class 2
[   24.535595] EXT4-fs (loop0): mounted filesystem 00000000-0000-0000-0000-000000000000 without journal. Quota mode: none.
[   24.556758] EXT4-fs (loop0): unmounting filesystem 00000000-0000-0000-0000-000000000000.
[   24.577947] loop0: detected capacity change from 0 to 2048
[   24.584776] EXT4-fs (loop0): mounted filesystem 00000000-0000-0000-0000-000000000000 without journal. Quota mode: none.
[   24.599525] EXT4-fs (loop0): unmounting filesystem 00000000-0000-0000-0000-000000000000.
[   24.619562] loop0: detected capacity change from 0 to 2048
[   24.629139] EXT4-fs (loop0): mounted filesystem 00000000-0000-0000-0000-000000000000 without journal. Quota mode: none.
[   24.636510] EXT4-fs (loop0): unmounting filesystem 00000000-0000-0000-0000-000000000000.
[   24.657230] loop0: detected capacity change from 0 to 2048
[   24.664713] EXT4-fs (loop0): mounted filesystem 00000000-0000-0000-0000-000000000000 without journal. Quota mode: none.
[   24.672630] EXT4-fs (loop0): unmounting filesystem 00000000-0000-0000-0000-000000000000.
[   24.684485] loop0: detected capacity change from 0 to 2048
[   24.688311] EXT4-fs (loop0): mounted filesystem 00000000-0000-0000-0000-000000000000 without journal. Quota mode: none.
[   24.698213] EXT4-fs (loop0): unmounting filesystem 00000000-0000-0000-0000-000000000000.
[   24.716967] loop0: detected capacity change from 0 to 2048
[   24.730157] EXT4-fs (loop0): mounted filesystem 00000000-0000-0000-0000-000000000000 without journal. Quota mode: none.
[   24.739443] EXT4-fs (loop0): unmounting filesystem 00000000-0000-0000-0000-000000000000.
[   24.755502] loop0: detected capacity change from 0 to 2048
[   24.756003] I/O error, dev loop0, sector 0 op 0x0:(READ) flags 0x80700 phys_seg 1 prio class 2
[   24.760238] EXT4-fs (loop0): mounted filesystem 00000000-0000-0000-0000-000000000000 without journal. Quota mode: none.
[   24.774443] EXT4-fs (loop0): unmounting filesystem 00000000-0000-0000-0000-000000000000.
[   24.787438] loop0: detected capacity change from 0 to 2048
[   24.792495] EXT4-fs (loop0): mounted filesystem 00000000-0000-0000-0000-000000000000 without journal. Quota mode: none.
[   24.812351] EXT4-fs (loop0): unmounting filesystem 00000000-0000-0000-0000-000000000000.
[   24.828076] loop0: detected capacity change from 0 to 2048
[   24.831901] EXT4-fs (loop0): mounted filesystem 00000000-0000-0000-0000-000000000000 without journal. Quota mode: none.
[   24.836435] EXT4-fs (loop0): unmounting filesystem 00000000-0000-0000-0000-000000000000.
[   24.853541] loop0: detected capacity change from 0 to 2048
[   24.864373] EXT4-fs (loop0): mounted filesystem 00000000-0000-0000-0000-000000000000 without journal. Quota mode: none.
[   24.869656] EXT4-fs (loop0): unmounting filesystem 00000000-0000-0000-0000-000000000000.
[   24.887771] loop0: detected capacity change from 0 to 2048
[   24.892113] EXT4-fs (loop0): mounted filesystem 00000000-0000-0000-0000-000000000000 without journal. Quota mode: none.
[   24.900330] EXT4-fs (loop0): unmounting filesystem 00000000-0000-0000-0000-000000000000.
[   24.915503] loop0: detected capacity change from 0 to 2048
[   24.920453] EXT4-fs (loop0): mounted filesystem 00000000-0000-0000-0000-000000000000 without journal. Quota mode: none.
[   24.924969] EXT4-fs (loop0): unmounting filesystem 00000000-0000-0000-0000-000000000000.
[   24.940003] loop0: detected capacity change from 0 to 2048
[   24.944458] EXT4-fs (loop0): mounted filesystem 00000000-0000-0000-0000-000000000000 without journal. Quota mode: none.
[   24.949530] EXT4-fs (loop0): unmounting filesystem 00000000-0000-0000-0000-000000000000.
[   24.967543] loop0: detected capacity change from 0 to 2048
[   24.972226] EXT4-fs (loop0): mounted filesystem 00000000-0000-0000-0000-000000000000 without journal. Quota mode: none.
[   24.980691] EXT4-fs (loop0): unmounting filesystem 00000000-0000-0000-0000-000000000000.
[   24.996872] loop0: detected capacity change from 0 to 2048
[   25.003752] EXT4-fs (loop0): mounted filesystem 00000000-0000-0000-0000-000000000000 without journal. Quota mode: none.
[   25.012026] EXT4-fs (loop0): unmounting filesystem 00000000-0000-0000-0000-000000000000.
[   25.034576] loop0: detected capacity change from 0 to 2048
[   25.044286] EXT4-fs (loop0): mounted filesystem 00000000-0000-0000-0000-000000000000 without journal. Quota mode: none.
[   25.056347] EXT4-fs (loop0): unmounting filesystem 00000000-0000-0000-0000-000000000000.
[   25.070400] loop0: detected capacity change from 0 to 2048
[   25.076166] EXT4-fs (loop0): mounted filesystem 00000000-0000-0000-0000-000000000000 without journal. Quota mode: none.
[   25.088190] EXT4-fs (loop0): unmounting filesystem 00000000-0000-0000-0000-000000000000.
[   25.108091] loop0: detected capacity change from 0 to 2048
[   25.120217] EXT4-fs (loop0): mounted filesystem 00000000-0000-0000-0000-000000000000 without journal. Quota mode: none.
[   25.127757] EXT4-fs (loop0): unmounting filesystem 00000000-0000-0000-0000-000000000000.
[   25.146970] loop0: detected capacity change from 0 to 2048
[   25.152368] EXT4-fs (loop0): mounted filesystem 00000000-0000-0000-0000-000000000000 without journal. Quota mode: none.
[   25.158000] EXT4-fs (loop0): unmounting filesystem 00000000-0000-0000-0000-000000000000.
[   25.176140] loop0: detected capacity change from 0 to 2048
[   25.180082] EXT4-fs (loop0): mounted filesystem 00000000-0000-0000-0000-000000000000 without journal. Quota mode: none.
[   25.188033] EXT4-fs (loop0): unmounting filesystem 00000000-0000-0000-0000-000000000000.
[   25.204408] loop0: detected capacity change from 0 to 2048
[   25.208022] EXT4-fs (loop0): mounted filesystem 00000000-0000-0000-0000-000000000000 without journal. Quota mode: none.
[   25.214251] EXT4-fs (loop0): unmounting filesystem 00000000-0000-0000-0000-000000000000.
[   25.230182] loop0: detected capacity change from 0 to 2048
[   25.236096] EXT4-fs (loop0): mounted filesystem 00000000-0000-0000-0000-000000000000 without journal. Quota mode: none.
[   25.241513] EXT4-fs (loop0): unmounting filesystem 00000000-0000-0000-0000-000000000000.
[   25.256801] loop0: detected capacity change from 0 to 2048
[   25.261174] EXT4-fs (loop0): mounted filesystem 00000000-0000-0000-0000-000000000000 without journal. Quota mode: none.
[   25.272722] EXT4-fs (loop0): unmounting filesystem 00000000-0000-0000-0000-000000000000.
[   25.287835] loop0: detected capacity change from 0 to 2048
[   25.297813] EXT4-fs (loop0): mounted filesystem 00000000-0000-0000-0000-000000000000 without journal. Quota mode: none.
[   25.314686] EXT4-fs (loop0): unmounting filesystem 00000000-0000-0000-0000-000000000000.
[   25.337697] loop0: detected capacity change from 0 to 2048
[   25.344730] EXT4-fs (loop0): mounted filesystem 00000000-0000-0000-0000-000000000000 without journal. Quota mode: none.
[   25.351918] EXT4-fs (loop0): unmounting filesystem 00000000-0000-0000-0000-000000000000.
[   25.369145] loop0: detected capacity change from 0 to 2048
[   25.380583] EXT4-fs (loop0): mounted filesystem 00000000-0000-0000-0000-000000000000 without journal. Quota mode: none.
[   25.387809] EXT4-fs (loop0): unmounting filesystem 00000000-0000-0000-0000-000000000000.
[   25.408358] loop0: detected capacity change from 0 to 2048
[   25.412873] EXT4-fs (loop0): mounted filesystem 00000000-0000-0000-0000-000000000000 without journal. Quota mode: none.
[   25.420900] EXT4-fs (loop0): unmounting filesystem 00000000-0000-0000-0000-000000000000.
[   25.437894] loop0: detected capacity change from 0 to 2048
[   25.444430] EXT4-fs (loop0): mounted filesystem 00000000-0000-0000-0000-000000000000 without journal. Quota mode: none.
[   25.449944] EXT4-fs (loop0): unmounting filesystem 00000000-0000-0000-0000-000000000000.
[   25.467468] loop0: detected capacity change from 0 to 2048
[   25.472905] EXT4-fs (loop0): mounted filesystem 00000000-0000-0000-0000-000000000000 without journal. Quota mode: none.
[   25.480155] EXT4-fs (loop0): unmounting filesystem 00000000-0000-0000-0000-000000000000.
[   25.500613] loop0: detected capacity change from 0 to 2048
[   25.504069] EXT4-fs (loop0): mounted filesystem 00000000-0000-0000-0000-000000000000 without journal. Quota mode: none.
[   25.518466] EXT4-fs (loop0): unmounting filesystem 00000000-0000-0000-0000-000000000000.
[   25.540455] loop0: detected capacity change from 0 to 2048
[   25.545041] EXT4-fs (loop0): mounted filesystem 00000000-0000-0000-0000-000000000000 without journal. Quota mode: none.
[   25.577982] loop0: detected capacity change from 0 to 2048
[   25.612022] loop0: detected capacity change from 0 to 2048
[   25.635059] loop0: detected capacity change from 0 to 2048
[   25.664059] loop0: detected capacity change from 0 to 2048
[   25.696478] loop0: detected capacity change from 0 to 2048
[   25.728551] loop0: detected capacity change from 0 to 2048
[   25.757828] loop0: detected capacity change from 0 to 2048
[   25.792412] loop0: detected capacity change from 0 to 2048
[   25.815465] loop0: detected capacity change from 0 to 2048
[   25.841857] loop0: detected capacity change from 0 to 2048
[   25.877786] loop0: detected capacity change from 0 to 2048
[   25.905198] loop0: detected capacity change from 0 to 2048
[   25.931512] loop0: detected capacity change from 0 to 2048
[   25.962384] loop0: detected capacity change from 0 to 2048
[   25.988921] loop0: detected capacity change from 0 to 2048
[   26.020795] loop0: detected capacity change from 0 to 2048
[   26.051350] loop0: detected capacity change from 0 to 2048
[   26.078610] loop0: detected capacity change from 0 to 2048
[   26.100694] loop0: detected capacity change from 0 to 2048
[   26.141178] loop0: detected capacity change from 0 to 2048
[   26.178271] loop0: detected capacity change from 0 to 2048
[   26.207739] loop0: detected capacity change from 0 to 2048
[   26.240975] loop0: detected capacity change from 0 to 2048
[   26.241916] I/O error, dev loop0, sector 0 op 0x0:(READ) flags 0x80700 phys_seg 1 prio class 2
[   26.285377] loop0: detected capacity change from 0 to 2048
[   26.320759] loop0: detected capacity change from 0 to 2048
[   26.353686] loop0: detected capacity change from 0 to 2048
[   26.388062] loop0: detected capacity change from 0 to 2048
[   26.424490] loop0: detected capacity change from 0 to 2048
[   26.459712] loop0: detected capacity change from 0 to 2048
[   26.460104] I/O error, dev loop0, sector 0 op 0x0:(READ) flags 0x80700 phys_seg 1 prio class 2
[   26.508148] loop0: detected capacity change from 0 to 2048
[   26.555257] loop0: detected capacity change from 0 to 2048
[   26.592916] loop0: detected capacity change from 0 to 2048
[   26.630064] loop0: detected capacity change from 0 to 2048
[   26.652315] loop0: detected capacity change from 0 to 2048
[   26.684900] loop0: detected capacity change from 0 to 2048
[   26.717957] loop0: detected capacity change from 0 to 2048
[   26.750174] loop0: detected capacity change from 0 to 2048
[   26.777741] loop0: detected capacity change from 0 to 2048
[   26.806197] loop0: detected capacity change from 0 to 2048
[   26.829111] loop0: detected capacity change from 0 to 2048
[   26.859203] loop0: detected capacity change from 0 to 2048
[   26.887608] loop0: detected capacity change from 0 to 2048
[   26.923286] loop0: detected capacity change from 0 to 2048
[   26.923925] I/O error, dev loop0, sector 0 op 0x0:(READ) flags 0x80700 phys_seg 1 prio class 2
[   26.957123] loop0: detected capacity change from 0 to 2048
[   27.001272] loop0: detected capacity change from 0 to 2048
[   27.029342] loop0: detected capacity change from 0 to 2048
[   27.065196] loop0: detected capacity change from 0 to 2048
[   27.102085] loop0: detected capacity change from 0 to 2048
[   27.132826] loop0: detected capacity change from 0 to 2048
[   27.133812] I/O error, dev loop0, sector 0 op 0x0:(READ) flags 0x80700 phys_seg 1 prio class 2
[   27.166332] loop0: detected capacity change from 0 to 2048
[   27.200496] loop0: detected capacity change from 0 to 2048
[   27.233001] loop0: detected capacity change from 0 to 2048
[   27.261138] loop0: detected capacity change from 0 to 2048
[   27.292719] loop0: detected capacity change from 0 to 2048
[   27.326480] loop0: detected capacity change from 0 to 2048
[   27.356140] loop0: detected capacity change from 0 to 2048
[   27.385640] loop0: detected capacity change from 0 to 2048
[   27.414499] loop0: detected capacity change from 0 to 2048
[   27.445492] loop0: detected capacity change from 0 to 2048
[   27.474686] loop0: detected capacity change from 0 to 2048
[   27.503646] loop0: detected capacity change from 0 to 2048
[   27.504007] I/O error, dev loop0, sector 0 op 0x0:(READ) flags 0x80700 phys_seg 1 prio class 2
[   27.544644] loop0: detected capacity change from 0 to 2048
[   27.579925] loop0: detected capacity change from 0 to 2048
[   27.602887] loop0: detected capacity change from 0 to 2048
[   27.631782] loop0: detected capacity change from 0 to 2048
[   27.661932] loop0: detected capacity change from 0 to 2048
[   27.691350] loop0: detected capacity change from 0 to 2048
[   27.712909] loop0: detected capacity change from 0 to 2048
[   27.738084] loop0: detected capacity change from 0 to 2048
[   27.770633] loop0: detected capacity change from 0 to 2048
[   27.794644] loop0: detected capacity change from 0 to 2048
[   27.817937] loop0: detected capacity change from 0 to 2048
[   27.848536] loop0: detected capacity change from 0 to 2048
[   27.880413] loop0: detected capacity change from 0 to 2048
[   27.880978] I/O error, dev loop0, sector 0 op 0x0:(READ) flags 0x80700 phys_seg 1 prio class 2
[   27.933992] loop0: detected capacity change from 0 to 2048
[   27.962815] loop0: detected capacity change from 0 to 2048
[   28.008253] loop0: detected capacity change from 0 to 2048
[   28.048302] loop0: detected capacity change from 0 to 2048
[   28.081898] loop0: detected capacity change from 0 to 2048
[   28.115158] loop0: detected capacity change from 0 to 2048
[   28.147605] loop0: detected capacity change from 0 to 2048
[   28.175219] loop0: detected capacity change from 0 to 2048
[   28.206723] loop0: detected capacity change from 0 to 2048
[   28.239461] loop0: detected capacity change from 0 to 2048
[   28.269426] loop0: detected capacity change from 0 to 2048
[   28.301588] loop0: detected capacity change from 0 to 2048
[   28.333852] loop0: detected capacity change from 0 to 2048
[   28.364186] loop0: detected capacity change from 0 to 2048
[   28.387408] loop0: detected capacity change from 0 to 2048
[   28.422663] loop0: detected capacity change from 0 to 2048
[   28.449910] loop0: detected capacity change from 0 to 2048
[   28.476953] loop0: detected capacity change from 0 to 2048
[   28.504716] loop0: detected capacity change from 0 to 2048
[   28.504998] I/O error, dev loop0, sector 0 op 0x0:(READ) flags 0x80700 phys_seg 1 prio class 2
[   28.545334] loop0: detected capacity change from 0 to 2048
[   28.545883] I/O error, dev loop0, sector 0 op 0x0:(READ) flags 0x80700 phys_seg 1 prio class 2
[   28.578535] loop0: detected capacity change from 0 to 2048
[   28.605162] loop0: detected capacity change from 0 to 2048
[   28.631366] loop0: detected capacity change from 0 to 2048
[   28.659513] loop0: detected capacity change from 0 to 2048
[   28.693334] loop0: detected capacity change from 0 to 2048
[   28.727378] loop0: detected capacity change from 0 to 2048
[   28.755954] loop0: detected capacity change from 0 to 2048
[   28.756588] Buffer I/O error on dev loop0, logical block 0, async page read
[   28.792704] loop0: detected capacity change from 0 to 2048
[   28.830177] loop0: detected capacity change from 0 to 2048
[   28.871257] loop0: detected capacity change from 0 to 2048
[   28.904674] loop0: detected capacity change from 0 to 2048
[   28.944351] loop0: detected capacity change from 0 to 2048
[   28.945405] Buffer I/O error on dev loop0, logical block 0, async page read
[   28.945447] Buffer I/O error on dev loop0, logical block 0, async page read
[   28.978104] loop0: detected capacity change from 0 to 2048
[   29.014094] loop0: detected capacity change from 0 to 2048
[   29.039509] loop0: detected capacity change from 0 to 2048
[   29.067509] loop0: detected capacity change from 0 to 2048
[   29.093597] loop0: detected capacity change from 0 to 2048
[   29.116264] loop0: detected capacity change from 0 to 2048
[   29.155844] loop0: detected capacity change from 0 to 2048
[   29.156647] Buffer I/O error on dev loop0, logical block 0, async page read
[   29.188550] loop0: detected capacity change from 0 to 2048
[   29.222194] loop0: detected capacity change from 0 to 2048
[   29.223270] Buffer I/O error on dev loop0, logical block 0, async page read
[   29.223314] Buffer I/O error on dev loop0, logical block 0, async page read
[   29.223337] Buffer I/O error on dev loop0, logical block 0, async page read
[   29.223360] Buffer I/O error on dev loop0, logical block 0, async page read
[   29.223384] Buffer I/O error on dev loop0, logical block 0, async page read
[   29.254101] loop0: detected capacity change from 0 to 2048
[   29.291536] loop0: detected capacity change from 0 to 2048
[   29.327759] loop0: detected capacity change from 0 to 2048
[   29.360270] loop0: detected capacity change from 0 to 2048
[   29.394933] loop0: detected capacity change from 0 to 2048
[   29.429156] loop0: detected capacity change from 0 to 2048
[   29.457730] loop0: detected capacity change from 0 to 2048
[   29.500161] loop0: detected capacity change from 0 to 2048
[   29.544633] loop0: detected capacity change from 0 to 2048
[   29.587863] loop0: detected capacity change from 0 to 2048
[   29.618467] loop0: detected capacity change from 0 to 2048
[   29.645035] loop0: detected capacity change from 0 to 2048
[   29.681745] loop0: detected capacity change from 0 to 2048
[   29.721538] loop0: detected capacity change from 0 to 2048
[   29.760982] loop0: detected capacity change from 0 to 2048
[   29.790233] loop0: detected capacity change from 0 to 2048
[   29.829542] loop0: detected capacity change from 0 to 2048
[   29.880323] loop0: detected capacity change from 0 to 2048
[   29.912743] loop0: detected capacity change from 0 to 2048
[   29.913456] blk_print_req_error: 13 callbacks suppressed
[   29.913471] I/O error, dev loop0, sector 0 op 0x0:(READ) flags 0x80700 phys_seg 1 prio class 2
[   29.948117] loop0: detected capacity change from 0 to 2048
[   29.948435] I/O error, dev loop0, sector 0 op 0x0:(READ) flags 0x80700 phys_seg 1 prio class 2
[   29.989397] loop0: detected capacity change from 0 to 2048
[   30.031932] loop0: detected capacity change from 0 to 2048
[   30.055442] loop0: detected capacity change from 0 to 2048
[   30.090363] loop0: detected capacity change from 0 to 2048
[   30.128378] loop0: detected capacity change from 0 to 2048
[   30.166278] loop0: detected capacity change from 0 to 2048
[   30.202015] loop0: detected capacity change from 0 to 2048
[   30.241128] loop0: detected capacity change from 0 to 2048
[   30.288861] loop0: detected capacity change from 0 to 2048
[   30.289399] I/O error, dev loop0, sector 0 op 0x0:(READ) flags 0x80700 phys_seg 1 prio class 2
[   30.327435] loop0: detected capacity change from 0 to 2048
[   30.357628] loop0: detected capacity change from 0 to 2048
[   30.358624] I/O error, dev loop0, sector 0 op 0x0:(READ) flags 0x80700 phys_seg 1 prio class 2
[   30.400500] loop0: detected capacity change from 0 to 2048
[   30.434580] loop0: detected capacity change from 0 to 2048
[   30.473237] loop0: detected capacity change from 0 to 2048
[   30.520007] loop0: detected capacity change from 0 to 2048
[   30.520831] I/O error, dev loop0, sector 0 op 0x0:(READ) flags 0x80700 phys_seg 1 prio class 2
[   30.562969] loop0: detected capacity change from 0 to 2048
[   30.605780] loop0: detected capacity change from 0 to 2048
[   30.635373] loop0: detected capacity change from 0 to 2048
[   30.678546] loop0: detected capacity change from 0 to 2048
[   30.721969] loop0: detected capacity change from 0 to 2048
[   30.750776] loop0: detected capacity change from 0 to 2048
[   30.782194] loop0: detected capacity change from 0 to 2048
[   30.820022] loop0: detected capacity change from 0 to 2048
[   30.858046] loop0: detected capacity change from 0 to 2048
[   30.858355] I/O error, dev loop0, sector 0 op 0x0:(READ) flags 0x80700 phys_seg 1 prio class 2
[   30.896611] loop0: detected capacity change from 0 to 2048
[   30.923420] loop0: detected capacity change from 0 to 2048
[   30.954437] loop0: detected capacity change from 0 to 2048
[   30.987757] loop0: detected capacity change from 0 to 2048
[   31.019883] loop0: detected capacity change from 0 to 2048
[   31.057586] loop0: detected capacity change from 0 to 2048
[   31.101543] loop0: detected capacity change from 0 to 2048
[   31.129116] loop0: detected capacity change from 0 to 2048
[   31.129859] I/O error, dev loop0, sector 0 op 0x0:(READ) flags 0x80700 phys_seg 1 prio class 2
[   31.172534] loop0: detected capacity change from 0 to 2048
[   31.173329] I/O error, dev loop0, sector 0 op 0x0:(READ) flags 0x80700 phys_seg 1 prio class 2
[   31.211612] loop0: detected capacity change from 0 to 2048
[   31.240112] loop0: detected capacity change from 0 to 2048
[   31.277491] loop0: detected capacity change from 0 to 2048
[   31.314440] loop0: detected capacity change from 0 to 2048
[   31.345667] loop0: detected capacity change from 0 to 2048
[   31.378321] loop0: detected capacity change from 0 to 2048
[   31.413889] loop0: detected capacity change from 0 to 2048
[   31.414378] I/O error, dev loop0, sector 0 op 0x0:(READ) flags 0x80700 phys_seg 1 prio class 2
[   31.454115] loop0: detected capacity change from 0 to 2048
[   31.493643] loop0: detected capacity change from 0 to 2048
[   31.540834] loop0: detected capacity change from 0 to 2048
[   31.580675] loop0: detected capacity change from 0 to 2048
[   31.624017] loop0: detected capacity change from 0 to 2048
[   31.624745] I/O error, dev loop0, sector 0 op 0x0:(READ) flags 0x80700 phys_seg 1 prio class 2
[   31.667233] loop0: detected capacity change from 0 to 2048
[   31.702305] loop0: detected capacity change from 0 to 2048
[   31.736516] loop0: detected capacity change from 0 to 2048
[   31.776633] loop0: detected capacity change from 0 to 2048
[   31.816445] loop0: detected capacity change from 0 to 2048
[   31.853885] loop0: detected capacity change from 0 to 2048
[   31.890380] loop0: detected capacity change from 0 to 2048
[   31.921078] loop0: detected capacity change from 0 to 2048
[   31.953426] loop0: detected capacity change from 0 to 2048
[   31.984433] loop0: detected capacity change from 0 to 2048
[   32.005659] loop0: detected capacity change from 0 to 2048
[   32.038035] loop0: detected capacity change from 0 to 2048
[   32.071566] loop0: detected capacity change from 0 to 2048
[   32.103769] loop0: detected capacity change from 0 to 2048
[   32.132681] loop0: detected capacity change from 0 to 2048
[   32.157988] loop0: detected capacity change from 0 to 2048
[   32.192161] loop0: detected capacity change from 0 to 2048
[   32.224383] loop0: detected capacity change from 0 to 2048
[   32.256994] loop0: detected capacity change from 0 to 2048
[   32.297766] loop0: detected capacity change from 0 to 2048
[   32.336056] loop0: detected capacity change from 0 to 2048
[   32.369832] loop0: detected capacity change from 0 to 2048
[   32.404399] loop0: detected capacity change from 0 to 2048
[   32.434994] loop0: detected capacity change from 0 to 2048
[   32.456249] loop0: detected capacity change from 0 to 2048
[   32.489804] loop0: detected capacity change from 0 to 2048
[   32.535032] loop0: detected capacity change from 0 to 2048
[   32.570210] loop0: detected capacity change from 0 to 2048
[   32.595290] loop0: detected capacity change from 0 to 2048
[   32.624236] loop0: detected capacity change from 0 to 2048
[   32.642727] loop0: detected capacity change from 0 to 2048
[   32.672900] loop0: detected capacity change from 0 to 2048
[   32.699227] loop0: detected capacity change from 0 to 2048
[   32.733127] loop0: detected capacity change from 0 to 2048
[   32.758090] loop0: detected capacity change from 0 to 2048
[   32.789963] loop0: detected capacity change from 0 to 2048
[   32.814627] loop0: detected capacity change from 0 to 2048
[   32.851920] loop0: detected capacity change from 0 to 2048
[   32.873527] loop0: detected capacity change from 0 to 2048
[   32.905550] loop0: detected capacity change from 0 to 2048
[   32.938293] loop0: detected capacity change from 0 to 2048
[   32.970412] loop0: detected capacity change from 0 to 2048
[   32.991353] loop0: detected capacity change from 0 to 2048
[   33.025332] loop0: detected capacity change from 0 to 2048
[   33.056774] loop0: detected capacity change from 0 to 2048
[   33.103530] loop0: detected capacity change from 0 to 2048
[   33.142228] loop0: detected capacity change from 0 to 2048
[   33.168146] loop0: detected capacity change from 0 to 2048
[   33.206089] loop0: detected capacity change from 0 to 2048
[   33.240650] loop0: detected capacity change from 0 to 2048
[   33.269091] loop0: detected capacity change from 0 to 2048
[   33.301858] loop0: detected capacity change from 0 to 2048
[   33.328259] loop0: detected capacity change from 0 to 2048
[   33.356524] loop0: detected capacity change from 0 to 2048
[   33.388406] loop0: detected capacity change from 0 to 2048
[   33.410358] loop0: detected capacity change from 0 to 2048
[   33.436759] loop0: detected capacity change from 0 to 2048
[   33.463375] loop0: detected capacity change from 0 to 2048
[   33.495507] loop0: detected capacity change from 0 to 2048
[   33.539510] loop0: detected capacity change from 0 to 2048
[   33.588659] loop0: detected capacity change from 0 to 2048
[   33.609456] loop0: detected capacity change from 0 to 2048
[   33.641297] loop0: detected capacity change from 0 to 2048
[   33.664332] loop0: detected capacity change from 0 to 2048
[   33.692950] loop0: detected capacity change from 0 to 2048
[   33.714363] loop0: detected capacity change from 0 to 2048
[   33.749864] loop0: detected capacity change from 0 to 2048
[   33.785720] loop0: detected capacity change from 0 to 2048
[   33.811675] loop0: detected capacity change from 0 to 2048
[   33.841685] loop0: detected capacity change from 0 to 2048
[   33.884501] loop0: detected capacity change from 0 to 2048
[   33.911465] loop0: detected capacity change from 0 to 2048
[   33.952249] loop0: detected capacity change from 0 to 2048
[   33.983366] loop0: detected capacity change from 0 to 2048
[   34.026294] loop0: detected capacity change from 0 to 2048
[   34.067962] loop0: detected capacity change from 0 to 2048
[   34.096035] loop0: detected capacity change from 0 to 2048
[   34.096356] Buffer I/O error on dev loop0, logical block 0, async page read
[   34.129273] loop0: detected capacity change from 0 to 2048
[   34.130305] Buffer I/O error on dev loop0, logical block 0, async page read
[   34.158359] loop0: detected capacity change from 0 to 2048
[   34.197399] loop0: detected capacity change from 0 to 2048
[   34.230345] loop0: detected capacity change from 0 to 2048
[   34.258777] loop0: detected capacity change from 0 to 2048
[   34.281131] loop0: detected capacity change from 0 to 2048
[   34.315641] loop0: detected capacity change from 0 to 2048
[   34.334404] loop0: detected capacity change from 0 to 2048
[   34.371404] loop0: detected capacity change from 0 to 2048
[   34.400681] loop0: detected capacity change from 0 to 2048
[   34.437137] loop0: detected capacity change from 0 to 2048
[   34.460052] loop0: detected capacity change from 0 to 2048
[   34.493527] loop0: detected capacity change from 0 to 2048
[   34.539604] loop0: detected capacity change from 0 to 2048
[   34.572447] loop0: detected capacity change from 0 to 2048
[   34.573027] Buffer I/O error on dev loop0, logical block 0, async page read
[   34.606803] loop0: detected capacity change from 0 to 2048
[   34.645798] loop0: detected capacity change from 0 to 2048
[   34.675983] loop0: detected capacity change from 0 to 2048
[   34.715688] loop0: detected capacity change from 0 to 2048
[   34.755954] loop0: detected capacity change from 0 to 2048
[   34.785698] loop0: detected capacity change from 0 to 2048
[   34.816249] loop0: detected capacity change from 0 to 2048
[   34.851225] loop0: detected capacity change from 0 to 2048
[   34.896130] loop0: detected capacity change from 0 to 2048
[   34.922087] loop0: detected capacity change from 0 to 2048
[   34.958373] loop0: detected capacity change from 0 to 2048
[   35.000127] loop0: detected capacity change from 0 to 2048
[   35.000848] blk_print_req_error: 6 callbacks suppressed
[   35.000865] I/O error, dev loop0, sector 0 op 0x0:(READ) flags 0x80700 phys_seg 1 prio class 2
[   35.037059] loop0: detected capacity change from 0 to 2048
[   35.088855] loop0: detected capacity change from 0 to 2048
[   35.126710] loop0: detected capacity change from 0 to 2048
[   35.166453] loop0: detected capacity change from 0 to 2048
[   35.206451] loop0: detected capacity change from 0 to 2048
[   35.249860] loop0: detected capacity change from 0 to 2048
[   35.288079] loop0: detected capacity change from 0 to 2048
[   35.319244] loop0: detected capacity change from 0 to 2048
[   35.361328] loop0: detected capacity change from 0 to 2048
[   35.395858] loop0: detected capacity change from 0 to 2048
[   35.430700] loop0: detected capacity change from 0 to 2048
[   35.462492] loop0: detected capacity change from 0 to 2048
[   35.499424] loop0: detected capacity change from 0 to 2048
[   35.541959] loop0: detected capacity change from 0 to 2048
[   35.577313] loop0: detected capacity change from 0 to 2048
[   35.623926] loop0: detected capacity change from 0 to 2048
[   35.663467] loop0: detected capacity change from 0 to 2048
[   35.700740] loop0: detected capacity change from 0 to 2048
[   35.739679] loop0: detected capacity change from 0 to 2048
[   35.767946] loop0: detected capacity change from 0 to 2048
[   35.768351] I/O error, dev loop0, sector 0 op 0x0:(READ) flags 0x80700 phys_seg 1 prio class 2
[   35.808068] loop0: detected capacity change from 0 to 2048
[   35.837775] loop0: detected capacity change from 0 to 2048
[   35.873137] loop0: detected capacity change from 0 to 2048
[   35.903878] loop0: detected capacity change from 0 to 2048
[   35.904512] I/O error, dev loop0, sector 0 op 0x0:(READ) flags 0x80700 phys_seg 1 prio class 2
[   35.943742] loop0: detected capacity change from 0 to 2048
[   35.979283] loop0: detected capacity change from 0 to 2048
[   35.980183] I/O error, dev loop0, sector 0 op 0x0:(READ) flags 0x80700 phys_seg 1 prio class 2
[   36.015429] loop0: detected capacity change from 0 to 2048
[   36.053903] loop0: detected capacity change from 0 to 2048
[   36.093561] loop0: detected capacity change from 0 to 2048
[   36.125672] loop0: detected capacity change from 0 to 2048
[   36.126457] I/O error, dev loop0, sector 0 op 0x0:(READ) flags 0x80700 phys_seg 1 prio class 2
[   36.159871] loop0: detected capacity change from 0 to 2048
[   36.202340] loop0: detected capacity change from 0 to 2048
[   36.238774] loop0: detected capacity change from 0 to 2048
[   36.251376] EXT4-fs mount: 633 callbacks suppressed
[   36.251392] EXT4-fs (loop0): mounted filesystem 00000000-0000-0000-0000-000000000000 without journal. Quota mode: none.
[   36.263979] EXT4-fs (loop0): unmounting filesystem 00000000-0000-0000-0000-000000000000.
[   36.283227] loop0: detected capacity change from 0 to 2048
[   36.294487] EXT4-fs (loop0): mounted filesystem 00000000-0000-0000-0000-000000000000 without journal. Quota mode: none.
[   36.301645] EXT4-fs (loop0): unmounting filesystem 00000000-0000-0000-0000-000000000000.
[   36.323773] loop0: detected capacity change from 0 to 2048
[   36.329024] EXT4-fs (loop0): mounted filesystem 00000000-0000-0000-0000-000000000000 without journal. Quota mode: none.
[   36.338169] EXT4-fs (loop0): unmounting filesystem 00000000-0000-0000-0000-000000000000.
[   36.359335] loop0: detected capacity change from 0 to 2048
[   36.364730] EXT4-fs (loop0): mounted filesystem 00000000-0000-0000-0000-000000000000 without journal. Quota mode: none.
[   36.378691] EXT4-fs (loop0): unmounting filesystem 00000000-0000-0000-0000-000000000000.
[   36.395668] loop0: detected capacity change from 0 to 2048
[   36.412581] EXT4-fs (loop0): mounted filesystem 00000000-0000-0000-0000-000000000000 without journal. Quota mode: none.
[   36.429744] EXT4-fs (loop0): unmounting filesystem 00000000-0000-0000-0000-000000000000.
[   36.447499] loop0: detected capacity change from 0 to 2048
[   36.452470] EXT4-fs (loop0): mounted filesystem 00000000-0000-0000-0000-000000000000 without journal. Quota mode: none.
[   36.460439] EXT4-fs (loop0): unmounting filesystem 00000000-0000-0000-0000-000000000000.
[   36.474447] loop0: detected capacity change from 0 to 2048
[   36.484136] EXT4-fs (loop0): mounted filesystem 00000000-0000-0000-0000-000000000000 without journal. Quota mode: none.
[   36.491335] EXT4-fs (loop0): unmounting filesystem 00000000-0000-0000-0000-000000000000.
[   36.514991] loop0: detected capacity change from 0 to 2048
[   36.539595] EXT4-fs (loop0): mounted filesystem 00000000-0000-0000-0000-000000000000 without journal. Quota mode: none.
[   36.546462] EXT4-fs (loop0): unmounting filesystem 00000000-0000-0000-0000-000000000000.
[   36.566459] loop0: detected capacity change from 0 to 2048
[   36.588110] EXT4-fs (loop0): mounted filesystem 00000000-0000-0000-0000-000000000000 without journal. Quota mode: none.
[   36.611410] EXT4-fs (loop0): unmounting filesystem 00000000-0000-0000-0000-000000000000.
[   36.630453] loop0: detected capacity change from 0 to 2048
[   36.642637] EXT4-fs (loop0): mounted filesystem 00000000-0000-0000-0000-000000000000 without journal. Quota mode: none.
[   36.652830] EXT4-fs (loop0): unmounting filesystem 00000000-0000-0000-0000-000000000000.
[   36.677662] loop0: detected capacity change from 0 to 2048
[   36.684779] EXT4-fs (loop0): mounted filesystem 00000000-0000-0000-0000-000000000000 without journal. Quota mode: none.
[   36.692259] EXT4-fs (loop0): unmounting filesystem 00000000-0000-0000-0000-000000000000.
[   36.730053] loop0: detected capacity change from 0 to 2048
[   36.736888] EXT4-fs (loop0): mounted filesystem 00000000-0000-0000-0000-000000000000 without journal. Quota mode: none.
[   36.747745] EXT4-fs (loop0): unmounting filesystem 00000000-0000-0000-0000-000000000000.
[   36.769799] loop0: detected capacity change from 0 to 2048
[   36.780862] EXT4-fs (loop0): mounted filesystem 00000000-0000-0000-0000-000000000000 without journal. Quota mode: none.
[   36.789814] EXT4-fs (loop0): unmounting filesystem 00000000-0000-0000-0000-000000000000.
[   36.814382] loop0: detected capacity change from 0 to 2048
[   36.820886] EXT4-fs (loop0): mounted filesystem 00000000-0000-0000-0000-000000000000 without journal. Quota mode: none.
[   36.829131] EXT4-fs (loop0): unmounting filesystem 00000000-0000-0000-0000-000000000000.
[   36.843943] loop0: detected capacity change from 0 to 2048
[   36.848500] EXT4-fs (loop0): mounted filesystem 00000000-0000-0000-0000-000000000000 without journal. Quota mode: none.
[   36.856825] EXT4-fs (loop0): unmounting filesystem 00000000-0000-0000-0000-000000000000.
[   36.876022] loop0: detected capacity change from 0 to 2048
[   36.908700] EXT4-fs (loop0): mounted filesystem 00000000-0000-0000-0000-000000000000 without journal. Quota mode: none.
[   36.916282] EXT4-fs (loop0): unmounting filesystem 00000000-0000-0000-0000-000000000000.
[   36.931480] loop0: detected capacity change from 0 to 2048
[   36.937583] EXT4-fs (loop0): mounted filesystem 00000000-0000-0000-0000-000000000000 without journal. Quota mode: none.
[   36.953573] EXT4-fs (loop0): unmounting filesystem 00000000-0000-0000-0000-000000000000.
[   36.968160] loop0: detected capacity change from 0 to 2048
[   36.988628] EXT4-fs (loop0): mounted filesystem 00000000-0000-0000-0000-000000000000 without journal. Quota mode: none.
[   36.996269] EXT4-fs (loop0): unmounting filesystem 00000000-0000-0000-0000-000000000000.
[   37.015944] loop0: detected capacity change from 0 to 2048
[   37.028860] EXT4-fs (loop0): mounted filesystem 00000000-0000-0000-0000-000000000000 without journal. Quota mode: none.
[   37.037041] EXT4-fs (loop0): unmounting filesystem 00000000-0000-0000-0000-000000000000.
[   37.062595] loop0: detected capacity change from 0 to 2048
[   37.069166] EXT4-fs (loop0): mounted filesystem 00000000-0000-0000-0000-000000000000 without journal. Quota mode: none.
[   37.075640] EXT4-fs (loop0): unmounting filesystem 00000000-0000-0000-0000-000000000000.
[   37.100836] loop0: detected capacity change from 0 to 2048
[   37.101498] I/O error, dev loop0, sector 0 op 0x0:(READ) flags 0x80700 phys_seg 1 prio class 2
[   37.113368] EXT4-fs (loop0): mounted filesystem 00000000-0000-0000-0000-000000000000 without journal. Quota mode: none.
[   37.121503] EXT4-fs (loop0): unmounting filesystem 00000000-0000-0000-0000-000000000000.
[   37.147183] loop0: detected capacity change from 0 to 2048
[   37.152887] EXT4-fs (loop0): mounted filesystem 00000000-0000-0000-0000-000000000000 without journal. Quota mode: none.
[   37.162495] EXT4-fs (loop0): unmounting filesystem 00000000-0000-0000-0000-000000000000.
[   37.187642] loop0: detected capacity change from 0 to 2048
[   37.192734] EXT4-fs (loop0): mounted filesystem 00000000-0000-0000-0000-000000000000 without journal. Quota mode: none.
[   37.202093] EXT4-fs (loop0): unmounting filesystem 00000000-0000-0000-0000-000000000000.
[   37.219998] loop0: detected capacity change from 0 to 2048
[   37.224894] EXT4-fs (loop0): mounted filesystem 00000000-0000-0000-0000-000000000000 without journal. Quota mode: none.
[   37.237772] EXT4-fs (loop0): unmounting filesystem 00000000-0000-0000-0000-000000000000.
[   37.254234] loop0: detected capacity change from 0 to 2048
[   37.260637] EXT4-fs (loop0): mounted filesystem 00000000-0000-0000-0000-000000000000 without journal. Quota mode: none.
[   37.268577] EXT4-fs (loop0): unmounting filesystem 00000000-0000-0000-0000-000000000000.
[   37.282208] loop0: detected capacity change from 0 to 2048
[   37.292760] EXT4-fs (loop0): mounted filesystem 00000000-0000-0000-0000-000000000000 without journal. Quota mode: none.
[   37.300761] EXT4-fs (loop0): unmounting filesystem 00000000-0000-0000-0000-000000000000.
[   37.325232] loop0: detected capacity change from 0 to 2048
[   37.341005] EXT4-fs (loop0): mounted filesystem 00000000-0000-0000-0000-000000000000 without journal. Quota mode: none.
[   37.349299] EXT4-fs (loop0): unmounting filesystem 00000000-0000-0000-0000-000000000000.
[   37.373615] loop0: detected capacity change from 0 to 2048
[   37.380899] EXT4-fs (loop0): mounted filesystem 00000000-0000-0000-0000-000000000000 without journal. Quota mode: none.
[   37.386750] EXT4-fs (loop0): unmounting filesystem 00000000-0000-0000-0000-000000000000.
[   37.410718] loop0: detected capacity change from 0 to 2048
[   37.420514] EXT4-fs (loop0): mounted filesystem 00000000-0000-0000-0000-000000000000 without journal. Quota mode: none.
[   37.427839] EXT4-fs (loop0): unmounting filesystem 00000000-0000-0000-0000-000000000000.
[   37.451943] loop0: detected capacity change from 0 to 2048
[   37.456686] EXT4-fs (loop0): mounted filesystem 00000000-0000-0000-0000-000000000000 without journal. Quota mode: none.
[   37.465946] EXT4-fs (loop0): unmounting filesystem 00000000-0000-0000-0000-000000000000.
[   37.487743] loop0: detected capacity change from 0 to 2048
[   37.496400] EXT4-fs (loop0): mounted filesystem 00000000-0000-0000-0000-000000000000 without journal. Quota mode: none.
[   37.513888] EXT4-fs (loop0): unmounting filesystem 00000000-0000-0000-0000-000000000000.
[   37.534027] loop0: detected capacity change from 0 to 2048
[   37.540624] EXT4-fs (loop0): mounted filesystem 00000000-0000-0000-0000-000000000000 without journal. Quota mode: none.
[   37.560446] EXT4-fs (loop0): unmounting filesystem 00000000-0000-0000-0000-000000000000.
[   37.581497] loop0: detected capacity change from 0 to 2048
[   37.610252] loop0: detected capacity change from 0 to 2048
[   37.646320] loop0: detected capacity change from 0 to 2048
[   37.646969] I/O error, dev loop0, sector 0 op 0x0:(READ) flags 0x80700 phys_seg 1 prio class 2
[   37.673720] loop0: detected capacity change from 0 to 2048
[   37.699324] loop0: detected capacity change from 0 to 2048
[   37.728773] loop0: detected capacity change from 0 to 2048
[   37.760935] loop0: detected capacity change from 0 to 2048
[   37.793639] loop0: detected capacity change from 0 to 2048
[   37.826734] loop0: detected capacity change from 0 to 2048
[   37.868500] loop0: detected capacity change from 0 to 2048
[   37.905525] loop0: detected capacity change from 0 to 2048
[   37.933656] loop0: detected capacity change from 0 to 2048
[   37.968221] loop0: detected capacity change from 0 to 2048
[   38.002925] loop0: detected capacity change from 0 to 2048
[   38.044786] loop0: detected capacity change from 0 to 2048
[   38.080136] loop0: detected capacity change from 0 to 2048
[   38.111364] loop0: detected capacity change from 0 to 2048
[   38.112085] I/O error, dev loop0, sector 0 op 0x0:(READ) flags 0x80700 phys_seg 1 prio class 2
[   38.148698] loop0: detected capacity change from 0 to 2048
[   38.185160] loop0: detected capacity change from 0 to 2048
[   38.222677] loop0: detected capacity change from 0 to 2048
[   38.223525] I/O error, dev loop0, sector 0 op 0x0:(READ) flags 0x80700 phys_seg 1 prio class 2
[   38.261349] loop0: detected capacity change from 0 to 2048
[   38.305594] loop0: detected capacity change from 0 to 2048
[   38.340446] loop0: detected capacity change from 0 to 2048
[   38.377463] loop0: detected capacity change from 0 to 2048
[   38.425334] loop0: detected capacity change from 0 to 2048
[   38.468886] loop0: detected capacity change from 0 to 2048
[   38.516543] loop0: detected capacity change from 0 to 2048
[   38.517598] I/O error, dev loop0, sector 0 op 0x0:(READ) flags 0x80700 phys_seg 1 prio class 2
[   38.569230] loop0: detected capacity change from 0 to 2048
[   38.630198] loop0: detected capacity change from 0 to 2048
[   38.656977] loop0: detected capacity change from 0 to 2048
[   38.688450] loop0: detected capacity change from 0 to 2048
[   38.712303] loop0: detected capacity change from 0 to 2048
[   38.748029] loop0: detected capacity change from 0 to 2048
[   38.772651] loop0: detected capacity change from 0 to 2048
[   38.803410] loop0: detected capacity change from 0 to 2048
[   38.840202] loop0: detected capacity change from 0 to 2048
[   38.883328] loop0: detected capacity change from 0 to 2048
[   38.943202] loop0: detected capacity change from 0 to 2048
[   38.981439] loop0: detected capacity change from 0 to 2048
[   39.013001] loop0: detected capacity change from 0 to 2048
[   39.057140] loop0: detected capacity change from 0 to 2048
[   39.058081] Buffer I/O error on dev loop0, logical block 0, async page read
[   39.091411] loop0: detected capacity change from 0 to 2048
[   39.130184] loop0: detected capacity change from 0 to 2048
[   39.163918] loop0: detected capacity change from 0 to 2048
[   39.196119] loop0: detected capacity change from 0 to 2048
[   39.227948] loop0: detected capacity change from 0 to 2048
[   39.255722] loop0: detected capacity change from 0 to 2048
[   39.287587] loop0: detected capacity change from 0 to 2048
[   39.319341] loop0: detected capacity change from 0 to 2048
[   39.358037] loop0: detected capacity change from 0 to 2048
[   39.394370] loop0: detected capacity change from 0 to 2048
[   39.424766] loop0: detected capacity change from 0 to 2048
[   39.460265] loop0: detected capacity change from 0 to 2048
[   39.461043] Buffer I/O error on dev loop0, logical block 0, async page read
[   39.499673] loop0: detected capacity change from 0 to 2048
[   39.539469] loop0: detected capacity change from 0 to 2048
[   39.588202] loop0: detected capacity change from 0 to 2048
[   39.628832] loop0: detected capacity change from 0 to 2048
[   39.661849] loop0: detected capacity change from 0 to 2048
[   39.696945] loop0: detected capacity change from 0 to 2048
[   39.725292] loop0: detected capacity change from 0 to 2048
[   39.756014] loop0: detected capacity change from 0 to 2048
[   39.797744] loop0: detected capacity change from 0 to 2048
[   39.827982] loop0: detected capacity change from 0 to 2048
[   39.864187] loop0: detected capacity change from 0 to 2048
[   39.892622] loop0: detected capacity change from 0 to 2048
[   39.923797] loop0: detected capacity change from 0 to 2048
[   39.957487] loop0: detected capacity change from 0 to 2048
[   39.987660] loop0: detected capacity change from 0 to 2048
[   40.009228] loop0: detected capacity change from 0 to 2048
[   40.009742] blk_print_req_error: 4 callbacks suppressed
[   40.009753] I/O error, dev loop0, sector 0 op 0x0:(READ) flags 0x80700 phys_seg 1 prio class 2
[   40.047907] loop0: detected capacity change from 0 to 2048
[   40.079141] loop0: detected capacity change from 0 to 2048
[   40.110044] loop0: detected capacity change from 0 to 2048
[   40.143767] loop0: detected capacity change from 0 to 2048
[   40.170167] loop0: detected capacity change from 0 to 2048
[   40.197684] loop0: detected capacity change from 0 to 2048
[   40.222462] loop0: detected capacity change from 0 to 2048
[   40.252890] loop0: detected capacity change from 0 to 2048
[   40.289608] loop0: detected capacity change from 0 to 2048
[   40.319924] loop0: detected capacity change from 0 to 2048
[   40.355609] loop0: detected capacity change from 0 to 2048
[   40.390614] loop0: detected capacity change from 0 to 2048
[   40.424381] loop0: detected capacity change from 0 to 2048
[   40.455468] loop0: detected capacity change from 0 to 2048
[   40.495623] loop0: detected capacity change from 0 to 2048
[   40.534082] loop0: detected capacity change from 0 to 2048
[   40.569765] loop0: detected capacity change from 0 to 2048
[   40.605562] loop0: detected capacity change from 0 to 2048
[   40.630696] loop0: detected capacity change from 0 to 2048
[   40.664019] loop0: detected capacity change from 0 to 2048
[   40.680941] loop0: detected capacity change from 0 to 2048
[   40.710467] loop0: detected capacity change from 0 to 2048
[   40.732168] loop0: detected capacity change from 0 to 2048
[   40.756561] loop0: detected capacity change from 0 to 2048
[   40.757277] I/O error, dev loop0, sector 0 op 0x0:(READ) flags 0x80700 phys_seg 1 prio class 2
[   40.788358] loop0: detected capacity change from 0 to 2048
[   40.819907] loop0: detected capacity change from 0 to 2048
[   40.844135] loop0: detected capacity change from 0 to 2048
[   40.879832] loop0: detected capacity change from 0 to 2048
[   40.915930] loop0: detected capacity change from 0 to 2048
[   40.936107] loop0: detected capacity change from 0 to 2048
[   40.964872] loop0: detected capacity change from 0 to 2048
[   40.996760] loop0: detected capacity change from 0 to 2048
[   41.013586] loop0: detected capacity change from 0 to 2048
[   41.048465] loop0: detected capacity change from 0 to 2048
[   41.079327] loop0: detected capacity change from 0 to 2048
[   41.105854] loop0: detected capacity change from 0 to 2048
[   41.137117] loop0: detected capacity change from 0 to 2048
[   41.172749] loop0: detected capacity change from 0 to 2048
[   41.216778] loop0: detected capacity change from 0 to 2048
[   41.258217] loop0: detected capacity change from 0 to 2048
[   41.287036] loop0: detected capacity change from 0 to 2048
[   41.322226] loop0: detected capacity change from 0 to 2048
[   41.354079] loop0: detected capacity change from 0 to 2048
[   41.384110] loop0: detected capacity change from 0 to 2048
[   41.412767] loop0: detected capacity change from 0 to 2048
[   41.436063] loop0: detected capacity change from 0 to 2048
[   41.468573] loop0: detected capacity change from 0 to 2048
[   41.497623] loop0: detected capacity change from 0 to 2048
[   41.526124] loop0: detected capacity change from 0 to 2048
[   41.561821] loop0: detected capacity change from 0 to 2048
[   41.562545] I/O error, dev loop0, sector 0 op 0x0:(READ) flags 0x80700 phys_seg 1 prio class 2
[   41.594320] loop0: detected capacity change from 0 to 2048
[   41.626386] loop0: detected capacity change from 0 to 2048
[   41.651720] loop0: detected capacity change from 0 to 2048
[   41.678335] loop0: detected capacity change from 0 to 2048
[   41.705663] loop0: detected capacity change from 0 to 2048
[   41.739436] loop0: detected capacity change from 0 to 2048
[   41.770440] loop0: detected capacity change from 0 to 2048
[   41.792911] loop0: detected capacity change from 0 to 2048
[   41.825354] loop0: detected capacity change from 0 to 2048
[   41.856429] loop0: detected capacity change from 0 to 2048
[   41.885353] loop0: detected capacity change from 0 to 2048
[   41.909270] loop0: detected capacity change from 0 to 2048
[   41.952481] loop0: detected capacity change from 0 to 2048
[   41.983119] loop0: detected capacity change from 0 to 2048
[   42.012518] loop0: detected capacity change from 0 to 2048
[   42.049512] loop0: detected capacity change from 0 to 2048
[   42.086953] loop0: detected capacity change from 0 to 2048
[   42.132046] loop0: detected capacity change from 0 to 2048
[   42.157124] loop0: detected capacity change from 0 to 2048
[   42.203341] loop0: detected capacity change from 0 to 2048
[   42.234330] loop0: detected capacity change from 0 to 2048
[   42.265305] loop0: detected capacity change from 0 to 2048
[   42.292528] loop0: detected capacity change from 0 to 2048
[   42.315692] loop0: detected capacity change from 0 to 2048
[   42.340210] loop0: detected capacity change from 0 to 2048
[   42.365124] loop0: detected capacity change from 0 to 2048
[   42.386053] loop0: detected capacity change from 0 to 2048
[   42.412247] loop0: detected capacity change from 0 to 2048
[   42.412935] I/O error, dev loop0, sector 0 op 0x0:(READ) flags 0x80700 phys_seg 1 prio class 2
[   42.450157] loop0: detected capacity change from 0 to 2048
[   42.450704] I/O error, dev loop0, sector 0 op 0x0:(READ) flags 0x80700 phys_seg 1 prio class 2
[   42.478309] loop0: detected capacity change from 0 to 2048
[   42.512017] loop0: detected capacity change from 0 to 2048
[   42.542091] loop0: detected capacity change from 0 to 2048
[   42.581023] loop0: detected capacity change from 0 to 2048
[   42.609207] loop0: detected capacity change from 0 to 2048
[   42.637628] loop0: detected capacity change from 0 to 2048
[   42.673857] loop0: detected capacity change from 0 to 2048
[   42.716143] loop0: detected capacity change from 0 to 2048
[   42.743553] loop0: detected capacity change from 0 to 2048
[   42.770261] loop0: detected capacity change from 0 to 2048
[   42.802095] loop0: detected capacity change from 0 to 2048
[   42.835887] loop0: detected capacity change from 0 to 2048
[   42.861126] loop0: detected capacity change from 0 to 2048
[   42.901877] loop0: detected capacity change from 0 to 2048
[   42.944959] loop0: detected capacity change from 0 to 2048
[   42.973739] loop0: detected capacity change from 0 to 2048
[   43.009645] loop0: detected capacity change from 0 to 2048
[   43.040477] loop0: detected capacity change from 0 to 2048
[   43.041501] I/O error, dev loop0, sector 0 op 0x0:(READ) flags 0x80700 phys_seg 1 prio class 2
[   43.041560] I/O error, dev loop0, sector 0 op 0x0:(READ) flags 0x0 phys_seg 1 prio class 2
[   43.044849] Buffer I/O error on dev loop0, logical block 0, async page read
[   43.080955] loop0: detected capacity change from 0 to 2048
[   43.115800] loop0: detected capacity change from 0 to 2048
[   43.141526] loop0: detected capacity change from 0 to 2048
[   43.141947] I/O error, dev loop0, sector 0 op 0x0:(READ) flags 0x80700 phys_seg 1 prio class 2
[   43.175292] loop0: detected capacity change from 0 to 2048
[   43.208034] loop0: detected capacity change from 0 to 2048
[   43.231714] loop0: detected capacity change from 0 to 2048
[   43.270441] loop0: detected capacity change from 0 to 2048
[   43.306761] loop0: detected capacity change from 0 to 2048
[   43.328968] loop0: detected capacity change from 0 to 2048
[   43.329729] I/O error, dev loop0, sector 0 op 0x0:(READ) flags 0x80700 phys_seg 1 prio class 2
[   43.366248] loop0: detected capacity change from 0 to 2048
[   43.392987] loop0: detected capacity change from 0 to 2048
[   43.423821] loop0: detected capacity change from 0 to 2048
[   43.456711] loop0: detected capacity change from 0 to 2048
[   43.485222] loop0: detected capacity change from 0 to 2048
[   43.523891] loop0: detected capacity change from 0 to 2048
[   43.564973] loop0: detected capacity change from 0 to 2048
[   43.596679] loop0: detected capacity change from 0 to 2048
[   43.597003] I/O error, dev loop0, sector 0 op 0x0:(READ) flags 0x80700 phys_seg 1 prio class 2
[   43.638692] loop0: detected capacity change from 0 to 2048
[   43.670170] loop0: detected capacity change from 0 to 2048
[   43.692571] loop0: detected capacity change from 0 to 2048
[   43.727004] loop0: detected capacity change from 0 to 2048
[   43.757232] loop0: detected capacity change from 0 to 2048
[   43.802029] loop0: detected capacity change from 0 to 2048
[   43.833745] loop0: detected capacity change from 0 to 2048
[   43.869734] loop0: detected capacity change from 0 to 2048
[   43.904257] loop0: detected capacity change from 0 to 2048
[   43.952104] loop0: detected capacity change from 0 to 2048
[   43.999702] loop0: detected capacity change from 0 to 2048
[   44.031452] loop0: detected capacity change from 0 to 2048
[   44.052355] loop0: detected capacity change from 0 to 2048
[   44.086596] loop0: detected capacity change from 0 to 2048
[   44.113620] loop0: detected capacity change from 0 to 2048
[   44.148209] loop0: detected capacity change from 0 to 2048
[   44.181629] loop0: detected capacity change from 0 to 2048
[   44.216835] loop0: detected capacity change from 0 to 2048
[   44.244427] loop0: detected capacity change from 0 to 2048
[   44.244826] Buffer I/O error on dev loop0, logical block 0, async page read
[   44.271867] loop0: detected capacity change from 0 to 2048
[   44.293867] loop0: detected capacity change from 0 to 2048
[   44.322665] loop0: detected capacity change from 0 to 2048
[   44.349573] loop0: detected capacity change from 0 to 2048
[   44.378781] loop0: detected capacity change from 0 to 2048
[   44.410073] loop0: detected capacity change from 0 to 2048
[   44.432650] loop0: detected capacity change from 0 to 2048
[   44.461731] loop0: detected capacity change from 0 to 2048
[   44.490087] loop0: detected capacity change from 0 to 2048
[   44.525906] loop0: detected capacity change from 0 to 2048
[   44.560734] loop0: detected capacity change from 0 to 2048
[   44.561131] Buffer I/O error on dev loop0, logical block 0, async page read
[   44.603529] loop0: detected capacity change from 0 to 2048
[   44.624736] loop0: detected capacity change from 0 to 2048
[   44.668677] loop0: detected capacity change from 0 to 2048
[   44.700301] loop0: detected capacity change from 0 to 2048
[   44.732207] loop0: detected capacity change from 0 to 2048
[   44.757454] loop0: detected capacity change from 0 to 2048
[   44.791588] loop0: detected capacity change from 0 to 2048
[   44.825963] loop0: detected capacity change from 0 to 2048
[   44.856088] loop0: detected capacity change from 0 to 2048
[   44.886119] loop0: detected capacity change from 0 to 2048
[   44.909246] loop0: detected capacity change from 0 to 2048
[   44.937999] loop0: detected capacity change from 0 to 2048
[   44.961695] loop0: detected capacity change from 0 to 2048
[   44.962022] Buffer I/O error on dev loop0, logical block 0, async page read
[   44.992659] loop0: detected capacity change from 0 to 2048
[   45.022897] loop0: detected capacity change from 0 to 2048
[   45.046228] loop0: detected capacity change from 0 to 2048
[   45.072760] loop0: detected capacity change from 0 to 2048
[   45.099629] loop0: detected capacity change from 0 to 2048
[   45.136950] loop0: detected capacity change from 0 to 2048
[   45.162651] loop0: detected capacity change from 0 to 2048
[   45.189710] loop0: detected capacity change from 0 to 2048
[   45.220178] loop0: detected capacity change from 0 to 2048
[   45.243648] loop0: detected capacity change from 0 to 2048
[   45.270669] loop0: detected capacity change from 0 to 2048
[   45.298379] loop0: detected capacity change from 0 to 2048
[   45.334789] loop0: detected capacity change from 0 to 2048
[   45.365032] loop0: detected capacity change from 0 to 2048
[   45.407317] loop0: detected capacity change from 0 to 2048
[   45.443913] loop0: detected capacity change from 0 to 2048
[   45.467739] loop0: detected capacity change from 0 to 2048
[   45.495508] loop0: detected capacity change from 0 to 2048
[   45.530587] loop0: detected capacity change from 0 to 2048
[   45.571787] loop0: detected capacity change from 0 to 2048
[   45.617086] loop0: detected capacity change from 0 to 2048
[   45.617653] blk_print_req_error: 6 callbacks suppressed
[   45.617667] I/O error, dev loop0, sector 0 op 0x0:(READ) flags 0x80700 phys_seg 1 prio class 2
[   45.663670] loop0: detected capacity change from 0 to 2048
[   45.688894] loop0: detected capacity change from 0 to 2048
[   45.689603] I/O error, dev loop0, sector 0 op 0x0:(READ) flags 0x80700 phys_seg 1 prio class 2
[   45.720885] loop0: detected capacity change from 0 to 2048
[   45.751508] loop0: detected capacity change from 0 to 2048
[   45.782318] loop0: detected capacity change from 0 to 2048
[   45.782734] I/O error, dev loop0, sector 0 op 0x0:(READ) flags 0x80700 phys_seg 1 prio class 2
[   45.819008] loop0: detected capacity change from 0 to 2048
[   45.842632] loop0: detected capacity change from 0 to 2048
[   45.876343] loop0: detected capacity change from 0 to 2048
[   45.903752] loop0: detected capacity change from 0 to 2048
[   45.931674] loop0: detected capacity change from 0 to 2048
[   45.965481] loop0: detected capacity change from 0 to 2048
[   45.996124] loop0: detected capacity change from 0 to 2048
[   46.023818] loop0: detected capacity change from 0 to 2048
[   46.052700] loop0: detected capacity change from 0 to 2048
[   46.079546] loop0: detected capacity change from 0 to 2048
[   46.107981] loop0: detected capacity change from 0 to 2048
[   46.135365] loop0: detected capacity change from 0 to 2048
[   46.160859] loop0: detected capacity change from 0 to 2048
[   46.186788] loop0: detected capacity change from 0 to 2048
[   46.217789] loop0: detected capacity change from 0 to 2048
[   46.248083] loop0: detected capacity change from 0 to 2048
[   46.276812] loop0: detected capacity change from 0 to 2048
[   46.310386] loop0: detected capacity change from 0 to 2048
[   46.334637] loop0: detected capacity change from 0 to 2048
[   46.366837] loop0: detected capacity change from 0 to 2048
[   46.396784] loop0: detected capacity change from 0 to 2048
[   46.434444] loop0: detected capacity change from 0 to 2048
[   46.472534] loop0: detected capacity change from 0 to 2048
[   46.518419] loop0: detected capacity change from 0 to 2048
[   46.559629] loop0: detected capacity change from 0 to 2048
[   46.603637] loop0: detected capacity change from 0 to 2048
[   46.633764] loop0: detected capacity change from 0 to 2048
[   46.634569] I/O error, dev loop0, sector 0 op 0x0:(READ) flags 0x80700 phys_seg 1 prio class 2
[   46.661360] loop0: detected capacity change from 0 to 2048
[   46.697238] loop0: detected capacity change from 0 to 2048
[   46.722282] loop0: detected capacity change from 0 to 2048
[   46.760110] loop0: detected capacity change from 0 to 2048
[   46.784532] loop0: detected capacity change from 0 to 2048
[   46.812746] loop0: detected capacity change from 0 to 2048
[   46.846082] loop0: detected capacity change from 0 to 2048
[   46.869608] loop0: detected capacity change from 0 to 2048
[   46.901112] loop0: detected capacity change from 0 to 2048
[   46.933106] loop0: detected capacity change from 0 to 2048
[   46.933478] I/O error, dev loop0, sector 0 op 0x0:(READ) flags 0x80700 phys_seg 1 prio class 2
[   46.969023] loop0: detected capacity change from 0 to 2048
[   46.991453] loop0: detected capacity change from 0 to 2048
[   46.991981] I/O error, dev loop0, sector 0 op 0x0:(READ) flags 0x80700 phys_seg 1 prio class 2
[   47.022799] loop0: detected capacity change from 0 to 2048
[   47.049477] loop0: detected capacity change from 0 to 2048
[   47.080898] loop0: detected capacity change from 0 to 2048
[   47.107519] loop0: detected capacity change from 0 to 2048
[   47.143891] loop0: detected capacity change from 0 to 2048
[   47.171360] loop0: detected capacity change from 0 to 2048
[   47.218498] loop0: detected capacity change from 0 to 2048
[   47.256011] loop0: detected capacity change from 0 to 2048
[   47.289937] loop0: detected capacity change from 0 to 2048
[   47.323738] loop0: detected capacity change from 0 to 2048
[   47.324465] I/O error, dev loop0, sector 0 op 0x0:(READ) flags 0x80700 phys_seg 1 prio class 2
[   47.364182] loop0: detected capacity change from 0 to 2048
[   47.394789] loop0: detected capacity change from 0 to 2048
[   47.437823] loop0: detected capacity change from 0 to 2048
[   47.472282] loop0: detected capacity change from 0 to 2048
[   47.504798] loop0: detected capacity change from 0 to 2048
[   47.556291] loop0: detected capacity change from 0 to 2048
[   47.598781] loop0: detected capacity change from 0 to 2048
[   47.599960] I/O error, dev loop0, sector 0 op 0x0:(READ) flags 0x80700 phys_seg 1 prio class 2
[   47.600014] I/O error, dev loop0, sector 0 op 0x0:(READ) flags 0x0 phys_seg 1 prio class 2
[   47.600030] Buffer I/O error on dev loop0, logical block 0, async page read
[   47.600061] I/O error, dev loop0, sector 0 op 0x0:(READ) flags 0x0 phys_seg 1 prio class 2
[   47.600076] Buffer I/O error on dev loop0, logical block 0, async page read
[   47.600100] Buffer I/O error on dev loop0, logical block 0, async page read
[   47.600122] Buffer I/O error on dev loop0, logical block 0, async page read
[   47.643895] loop0: detected capacity change from 0 to 2048
[   47.672374] loop0: detected capacity change from 0 to 2048
[   47.705698] loop0: detected capacity change from 0 to 2048
[   47.743104] loop0: detected capacity change from 0 to 2048
[   47.766765] loop0: detected capacity change from 0 to 2048
[   47.815955] loop0: detected capacity change from 0 to 2048
[   47.846289] loop0: detected capacity change from 0 to 2048
[   47.874101] loop0: detected capacity change from 0 to 2048
[   47.907096] loop0: detected capacity change from 0 to 2048
[   47.929362] loop0: detected capacity change from 0 to 2048
[   47.964870] loop0: detected capacity change from 0 to 2048
[   47.994782] loop0: detected capacity change from 0 to 2048
[   47.995275] Buffer I/O error on dev loop0, logical block 0, async page read
[   48.031626] loop0: detected capacity change from 0 to 2048
[   48.063921] loop0: detected capacity change from 0 to 2048
[   48.101984] loop0: detected capacity change from 0 to 2048
[   48.140368] loop0: detected capacity change from 0 to 2048
[   48.179868] loop0: detected capacity change from 0 to 2048
[   48.220483] loop0: detected capacity change from 0 to 2048
[   48.260164] loop0: detected capacity change from 0 to 2048
[   48.291763] loop0: detected capacity change from 0 to 2048
[   48.316874] loop0: detected capacity change from 0 to 2048
[   48.366416] loop0: detected capacity change from 0 to 2048
[   48.404653] loop0: detected capacity change from 0 to 2048
[   48.445536] loop0: detected capacity change from 0 to 2048
[   48.484688] loop0: detected capacity change from 0 to 2048
[   48.526653] loop0: detected capacity change from 0 to 2048
[   48.575479] loop0: detected capacity change from 0 to 2048
[   48.606472] loop0: detected capacity change from 0 to 2048
[   48.637115] loop0: detected capacity change from 0 to 2048
[   48.672015] loop0: detected capacity change from 0 to 2048
[   48.694503] loop0: detected capacity change from 0 to 2048
[   48.726269] loop0: detected capacity change from 0 to 2048
[   48.757357] loop0: detected capacity change from 0 to 2048
[   48.794715] loop0: detected capacity change from 0 to 2048
[   48.827615] loop0: detected capacity change from 0 to 2048
[   48.860621] loop0: detected capacity change from 0 to 2048
[   48.891877] loop0: detected capacity change from 0 to 2048
[   48.918365] loop0: detected capacity change from 0 to 2048
[   48.918823] Buffer I/O error on dev loop0, logical block 0, async page read
[   48.956819] loop0: detected capacity change from 0 to 2048
[   48.982773] loop0: detected capacity change from 0 to 2048
[   49.013431] loop0: detected capacity change from 0 to 2048
[   49.044320] loop0: detected capacity change from 0 to 2048
[   49.063712] loop0: detected capacity change from 0 to 2048
[   49.098202] loop0: detected capacity change from 0 to 2048
[   49.132211] loop0: detected capacity change from 0 to 2048
[   49.171739] loop0: detected capacity change from 0 to 2048
[   49.203808] loop0: detected capacity change from 0 to 2048
[   49.237932] loop0: detected capacity change from 0 to 2048
[   49.262132] loop0: detected capacity change from 0 to 2048
[   49.298188] loop0: detected capacity change from 0 to 2048
[   49.330623] loop0: detected capacity change from 0 to 2048
[   49.352107] loop0: detected capacity change from 0 to 2048
[   49.391256] loop0: detected capacity change from 0 to 2048
[   49.416753] loop0: detected capacity change from 0 to 2048
[   49.446457] loop0: detected capacity change from 0 to 2048
[   49.478424] loop0: detected capacity change from 0 to 2048
[   49.505730] loop0: detected capacity change from 0 to 2048
[   49.546440] loop0: detected capacity change from 0 to 2048
[   49.585382] loop0: detected capacity change from 0 to 2048
[   49.618496] loop0: detected capacity change from 0 to 2048
[   49.643249] loop0: detected capacity change from 0 to 2048
[   49.675841] loop0: detected capacity change from 0 to 2048
[   49.707495] loop0: detected capacity change from 0 to 2048
[   49.738196] loop0: detected capacity change from 0 to 2048
[   49.764949] loop0: detected capacity change from 0 to 2048
[   49.789820] loop0: detected capacity change from 0 to 2048
[   49.815889] loop0: detected capacity change from 0 to 2048
[   49.848140] loop0: detected capacity change from 0 to 2048
[   49.875521] loop0: detected capacity change from 0 to 2048
[   49.899898] loop0: detected capacity change from 0 to 2048
[   49.926252] loop0: detected capacity change from 0 to 2048
[   49.956029] loop0: detected capacity change from 0 to 2048
[   49.987409] loop0: detected capacity change from 0 to 2048
[   50.018084] loop0: detected capacity change from 0 to 2048
[   50.044321] loop0: detected capacity change from 0 to 2048
[   50.076238] loop0: detected capacity change from 0 to 2048
[   50.098220] loop0: detected capacity change from 0 to 2048
[   50.129239] loop0: detected capacity change from 0 to 2048
[   50.158771] loop0: detected capacity change from 0 to 2048
[   50.191059] loop0: detected capacity change from 0 to 2048
[   50.191545] Buffer I/O error on dev loop0, logical block 0, async page read
[   50.228046] loop0: detected capacity change from 0 to 2048
[   50.255290] loop0: detected capacity change from 0 to 2048
[   50.278225] loop0: detected capacity change from 0 to 2048
[   50.305820] loop0: detected capacity change from 0 to 2048
[   50.306215] Buffer I/O error on dev loop0, logical block 0, async page read
[   50.336593] loop0: detected capacity change from 0 to 2048
[   50.363403] loop0: detected capacity change from 0 to 2048
[   50.363775] Buffer I/O error on dev loop0, logical block 0, async page read
[   50.391811] loop0: detected capacity change from 0 to 2048
[   50.418743] loop0: detected capacity change from 0 to 2048
[   50.452475] loop0: detected capacity change from 0 to 2048
[   50.478920] loop0: detected capacity change from 0 to 2048
[   50.504940] loop0: detected capacity change from 0 to 2048
[   50.538633] loop0: detected capacity change from 0 to 2048
[   50.577204] loop0: detected capacity change from 0 to 2048
[   50.594694] loop0: detected capacity change from 0 to 2048
[   50.623859] loop0: detected capacity change from 0 to 2048
[   50.650012] loop0: detected capacity change from 0 to 2048
[   50.674211] loop0: detected capacity change from 0 to 2048
[   50.705224] loop0: detected capacity change from 0 to 2048
[   50.730236] loop0: detected capacity change from 0 to 2048
[   50.757150] loop0: detected capacity change from 0 to 2048
[   50.785457] loop0: detected capacity change from 0 to 2048
[   50.808555] loop0: detected capacity change from 0 to 2048
[   50.829029] loop0: detected capacity change from 0 to 2048
[   50.861054] loop0: detected capacity change from 0 to 2048
[   50.885502] loop0: detected capacity change from 0 to 2048
[   50.910530] loop0: detected capacity change from 0 to 2048
[   50.934805] loop0: detected capacity change from 0 to 2048
[   50.961643] loop0: detected capacity change from 0 to 2048
[   50.986638] loop0: detected capacity change from 0 to 2048
[   51.014229] loop0: detected capacity change from 0 to 2048
[   51.039633] loop0: detected capacity change from 0 to 2048
[   51.058530] loop0: detected capacity change from 0 to 2048
[   51.088842] loop0: detected capacity change from 0 to 2048
[   51.112720] loop0: detected capacity change from 0 to 2048
[   51.137028] loop0: detected capacity change from 0 to 2048
[   51.153757] loop0: detected capacity change from 0 to 2048
[   51.182278] loop0: detected capacity change from 0 to 2048
[   51.204136] loop0: detected capacity change from 0 to 2048
[   51.224757] loop0: detected capacity change from 0 to 2048
[   51.248464] loop0: detected capacity change from 0 to 2048
[   51.268999] loop0: detected capacity change from 0 to 2048
[   51.292093] loop0: detected capacity change from 0 to 2048
[   51.313573] loop0: detected capacity change from 0 to 2048
[   51.334401] loop0: detected capacity change from 0 to 2048
[   51.357043] loop0: detected capacity change from 0 to 2048
[   51.376617] loop0: detected capacity change from 0 to 2048
[   51.395365] loop0: detected capacity change from 0 to 2048
[   51.412844] loop0: detected capacity change from 0 to 2048
[   51.430649] loop0: detected capacity change from 0 to 2048
[   51.452099] loop0: detected capacity change from 0 to 2048
[   51.452386] blk_print_req_error: 13 callbacks suppressed
[   51.452393] I/O error, dev loop0, sector 0 op 0x0:(READ) flags 0x80700 phys_seg 1 prio class 2
[   51.476601] loop0: detected capacity change from 0 to 2048
[   51.489863] loop0: detected capacity change from 0 to 2048
[   51.527536] loop0: detected capacity change from 0 to 2048
[   51.552881] loop0: detected capacity change from 0 to 2048
[   51.553271] I/O error, dev loop0, sector 0 op 0x0:(READ) flags 0x80700 phys_seg 1 prio class 2
[   51.577413] loop0: detected capacity change from 0 to 2048
[   51.596457] loop0: detected capacity change from 0 to 2048
[   51.624400] loop0: detected capacity change from 0 to 2048
[   51.642455] loop0: detected capacity change from 0 to 2048
[   51.666996] loop0: detected capacity change from 0 to 2048
[   51.690229] loop0: detected capacity change from 0 to 2048
[   51.708151] loop0: detected capacity change from 0 to 2048
[   51.733866] loop0: detected capacity change from 0 to 2048
[   51.756596] loop0: detected capacity change from 0 to 2048
[   51.779495] loop0: detected capacity change from 0 to 2048
[   51.803680] loop0: detected capacity change from 0 to 2048
[   51.835699] loop0: detected capacity change from 0 to 2048
[   51.862822] loop0: detected capacity change from 0 to 2048
[   51.887472] loop0: detected capacity change from 0 to 2048
[   51.913953] loop0: detected capacity change from 0 to 2048
[   51.933909] loop0: detected capacity change from 0 to 2048
[   51.960507] loop0: detected capacity change from 0 to 2048
[   51.979690] loop0: detected capacity change from 0 to 2048
[   52.002062] loop0: detected capacity change from 0 to 2048
[   52.026434] loop0: detected capacity change from 0 to 2048
[   52.042412] loop0: detected capacity change from 0 to 2048
[   52.067282] loop0: detected capacity change from 0 to 2048
[   52.086662] loop0: detected capacity change from 0 to 2048
[   52.104053] loop0: detected capacity change from 0 to 2048
[   52.129236] loop0: detected capacity change from 0 to 2048
[   52.152054] loop0: detected capacity change from 0 to 2048
[   52.175975] loop0: detected capacity change from 0 to 2048
[   52.196557] loop0: detected capacity change from 0 to 2048
[   52.211559] loop0: detected capacity change from 0 to 2048
[   52.236222] loop0: detected capacity change from 0 to 2048
[   52.260412] loop0: detected capacity change from 0 to 2048
[   52.281034] loop0: detected capacity change from 0 to 2048
[   52.298835] loop0: detected capacity change from 0 to 2048
[   52.321609] loop0: detected capacity change from 0 to 2048
[   52.341093] loop0: detected capacity change from 0 to 2048
[   52.360986] loop0: detected capacity change from 0 to 2048
[   52.381055] loop0: detected capacity change from 0 to 2048
[   52.398059] loop0: detected capacity change from 0 to 2048
[   52.398313] I/O error, dev loop0, sector 0 op 0x0:(READ) flags 0x80700 phys_seg 1 prio class 2
[   52.421325] loop0: detected capacity change from 0 to 2048
[   52.442787] loop0: detected capacity change from 0 to 2048
[   52.463330] loop0: detected capacity change from 0 to 2048
[   52.483346] loop0: detected capacity change from 0 to 2048
[   52.507743] loop0: detected capacity change from 0 to 2048
[   52.540048] loop0: detected capacity change from 0 to 2048
[   52.571746] loop0: detected capacity change from 0 to 2048
[   52.594614] loop0: detected capacity change from 0 to 2048
[   52.621281] loop0: detected capacity change from 0 to 2048
[   52.649103] loop0: detected capacity change from 0 to 2048
[   52.675817] loop0: detected capacity change from 0 to 2048
[   52.698934] loop0: detected capacity change from 0 to 2048
[   52.718410] loop0: detected capacity change from 0 to 2048
[   52.738144] loop0: detected capacity change from 0 to 2048
[   52.759032] loop0: detected capacity change from 0 to 2048
[   52.780663] loop0: detected capacity change from 0 to 2048
[   52.799307] loop0: detected capacity change from 0 to 2048
[   52.817055] loop0: detected capacity change from 0 to 2048
[   52.817337] I/O error, dev loop0, sector 0 op 0x0:(READ) flags 0x80700 phys_seg 1 prio class 2
[   52.840032] loop0: detected capacity change from 0 to 2048
[   52.857443] loop0: detected capacity change from 0 to 2048
[   52.877330] loop0: detected capacity change from 0 to 2048
[   52.893607] loop0: detected capacity change from 0 to 2048
[   52.915787] loop0: detected capacity change from 0 to 2048
[   52.935968] loop0: detected capacity change from 0 to 2048
[   52.953463] loop0: detected capacity change from 0 to 2048
[   52.977259] loop0: detected capacity change from 0 to 2048
[   52.992822] loop0: detected capacity change from 0 to 2048
[   53.010420] loop0: detected capacity change from 0 to 2048
[   53.010944] I/O error, dev loop0, sector 0 op 0x0:(READ) flags 0x80700 phys_seg 1 prio class 2
[   53.010975] I/O error, dev loop0, sector 0 op 0x0:(READ) flags 0x0 phys_seg 1 prio class 2
[   53.012490] Buffer I/O error on dev loop0, logical block 0, async page read
[   53.031226] loop0: detected capacity change from 0 to 2048
[   53.051355] loop0: detected capacity change from 0 to 2048
[   53.073660] loop0: detected capacity change from 0 to 2048
[   53.093185] loop0: detected capacity change from 0 to 2048
[   53.111538] loop0: detected capacity change from 0 to 2048
[   53.127025] loop0: detected capacity change from 0 to 2048
[   53.152958] loop0: detected capacity change from 0 to 2048
[   53.171275] loop0: detected capacity change from 0 to 2048
[   53.189630] loop0: detected capacity change from 0 to 2048
[   53.190091] I/O error, dev loop0, sector 0 op 0x0:(READ) flags 0x80700 phys_seg 1 prio class 2
[   53.215995] loop0: detected capacity change from 0 to 2048
[   53.233567] loop0: detected capacity change from 0 to 2048
[   53.259537] loop0: detected capacity change from 0 to 2048
[   53.277135] loop0: detected capacity change from 0 to 2048
[   53.295162] loop0: detected capacity change from 0 to 2048
[   53.295440] I/O error, dev loop0, sector 0 op 0x0:(READ) flags 0x80700 phys_seg 1 prio class 2
[   53.315840] loop0: detected capacity change from 0 to 2048
[   53.333373] loop0: detected capacity change from 0 to 2048
[   53.356387] loop0: detected capacity change from 0 to 2048
[   53.377401] loop0: detected capacity change from 0 to 2048
[   53.392661] loop0: detected capacity change from 0 to 2048
[   53.393062] I/O error, dev loop0, sector 0 op 0x0:(READ) flags 0x80700 phys_seg 1 prio class 2
[   53.414121] loop0: detected capacity change from 0 to 2048
[   53.439790] loop0: detected capacity change from 0 to 2048
[   53.463232] loop0: detected capacity change from 0 to 2048
[   53.488891] loop0: detected capacity change from 0 to 2048
[   53.521070] loop0: detected capacity change from 0 to 2048
[   53.552956] loop0: detected capacity change from 0 to 2048
[   53.582050] loop0: detected capacity change from 0 to 2048
[   53.606407] loop0: detected capacity change from 0 to 2048
[   53.629183] loop0: detected capacity change from 0 to 2048
[   53.654180] loop0: detected capacity change from 0 to 2048
[   53.672608] loop0: detected capacity change from 0 to 2048
[   53.692632] loop0: detected capacity change from 0 to 2048
[   53.717232] loop0: detected capacity change from 0 to 2048
[   53.736305] loop0: detected capacity change from 0 to 2048
[   53.755843] loop0: detected capacity change from 0 to 2048
[   53.776409] loop0: detected capacity change from 0 to 2048
[   53.798957] loop0: detected capacity change from 0 to 2048
[   53.823718] loop0: detected capacity change from 0 to 2048
[   53.844819] loop0: detected capacity change from 0 to 2048
[   53.865841] loop0: detected capacity change from 0 to 2048
[   53.888580] loop0: detected capacity change from 0 to 2048
[   53.926828] loop0: detected capacity change from 0 to 2048
[   53.944383] loop0: detected capacity change from 0 to 2048
[   53.966321] loop0: detected capacity change from 0 to 2048
[   53.984335] loop0: detected capacity change from 0 to 2048
[   54.004801] loop0: detected capacity change from 0 to 2048
[   54.024033] loop0: detected capacity change from 0 to 2048
[   54.044498] loop0: detected capacity change from 0 to 2048
[   54.062285] loop0: detected capacity change from 0 to 2048
[   54.084014] loop0: detected capacity change from 0 to 2048
[   54.098783] loop0: detected capacity change from 0 to 2048
[   54.117127] loop0: detected capacity change from 0 to 2048
[   54.137686] loop0: detected capacity change from 0 to 2048
[   54.157261] loop0: detected capacity change from 0 to 2048
[   54.177748] loop0: detected capacity change from 0 to 2048
[   54.197074] loop0: detected capacity change from 0 to 2048
[   54.217849] loop0: detected capacity change from 0 to 2048
[   54.237445] loop0: detected capacity change from 0 to 2048
[   54.258106] loop0: detected capacity change from 0 to 2048
[   54.278807] loop0: detected capacity change from 0 to 2048
[   54.298922] loop0: detected capacity change from 0 to 2048
[   54.320749] loop0: detected capacity change from 0 to 2048
[   54.343844] loop0: detected capacity change from 0 to 2048
[   54.369582] loop0: detected capacity change from 0 to 2048
[   54.395649] loop0: detected capacity change from 0 to 2048
[   54.418617] loop0: detected capacity change from 0 to 2048
[   54.442019] loop0: detected capacity change from 0 to 2048
[   54.466185] loop0: detected capacity change from 0 to 2048
[   54.489449] loop0: detected capacity change from 0 to 2048
[   54.510554] loop0: detected capacity change from 0 to 2048
[   54.544177] loop0: detected capacity change from 0 to 2048
[   54.573153] loop0: detected capacity change from 0 to 2048
[   54.596670] loop0: detected capacity change from 0 to 2048
[   54.609668] loop0: detected capacity change from 0 to 2048
[   54.637726] loop0: detected capacity change from 0 to 2048
[   54.652537] loop0: detected capacity change from 0 to 2048
[   54.671215] loop0: detected capacity change from 0 to 2048
[   54.692207] loop0: detected capacity change from 0 to 2048
[   54.707986] loop0: detected capacity change from 0 to 2048
[   54.734840] loop0: detected capacity change from 0 to 2048
[   54.752475] loop0: detected capacity change from 0 to 2048
[   54.773778] loop0: detected capacity change from 0 to 2048
[   54.774104] I/O error, dev loop0, sector 0 op 0x0:(READ) flags 0x80700 phys_seg 1 prio class 2
[   54.799334] loop0: detected capacity change from 0 to 2048
[   54.820922] loop0: detected capacity change from 0 to 2048
[   54.839936] loop0: detected capacity change from 0 to 2048
[   54.861654] loop0: detected capacity change from 0 to 2048
[   54.882195] loop0: detected capacity change from 0 to 2048
[   54.900770] loop0: detected capacity change from 0 to 2048
[   54.919989] loop0: detected capacity change from 0 to 2048
[   54.946327] loop0: detected capacity change from 0 to 2048
[   54.972060] loop0: detected capacity change from 0 to 2048
[   54.988929] loop0: detected capacity change from 0 to 2048
[   55.002147] loop0: detected capacity change from 0 to 2048
[   55.026112] loop0: detected capacity change from 0 to 2048
[   55.048268] loop0: detected capacity change from 0 to 2048
[   55.069246] loop0: detected capacity change from 0 to 2048
[   55.089148] loop0: detected capacity change from 0 to 2048
[   55.111499] loop0: detected capacity change from 0 to 2048
[   55.111884] Buffer I/O error on dev loop0, logical block 0, async page read
[   55.137520] loop0: detected capacity change from 0 to 2048
[   55.165007] loop0: detected capacity change from 0 to 2048
[   55.190026] loop0: detected capacity change from 0 to 2048
[   55.190360] Buffer I/O error on dev loop0, logical block 0, async page read
[   55.217186] loop0: detected capacity change from 0 to 2048
[   55.236646] loop0: detected capacity change from 0 to 2048
[   55.263619] loop0: detected capacity change from 0 to 2048
[   55.292244] loop0: detected capacity change from 0 to 2048
[   55.314310] loop0: detected capacity change from 0 to 2048
[   55.341084] loop0: detected capacity change from 0 to 2048
[   55.360844] loop0: detected capacity change from 0 to 2048
[   55.384625] loop0: detected capacity change from 0 to 2048
[   55.401413] loop0: detected capacity change from 0 to 2048
[   55.424420] loop0: detected capacity change from 0 to 2048
[   55.449117] loop0: detected capacity change from 0 to 2048
[   55.467344] loop0: detected capacity change from 0 to 2048
[   55.488039] loop0: detected capacity change from 0 to 2048
[   55.518246] loop0: detected capacity change from 0 to 2048
[   55.553188] loop0: detected capacity change from 0 to 2048
[   55.578250] loop0: detected capacity change from 0 to 2048
[   55.599163] loop0: detected capacity change from 0 to 2048
[   55.620037] loop0: detected capacity change from 0 to 2048
[   55.642396] loop0: detected capacity change from 0 to 2048
[   55.664255] loop0: detected capacity change from 0 to 2048
[   55.687260] loop0: detected capacity change from 0 to 2048
[   55.708442] loop0: detected capacity change from 0 to 2048
[   55.729580] loop0: detected capacity change from 0 to 2048
[   55.749016] loop0: detected capacity change from 0 to 2048
[   55.768208] loop0: detected capacity change from 0 to 2048
[   55.785187] loop0: detected capacity change from 0 to 2048
[   55.805893] loop0: detected capacity change from 0 to 2048
[   55.822351] loop0: detected capacity change from 0 to 2048
[   55.843838] loop0: detected capacity change from 0 to 2048
[   55.844087] Buffer I/O error on dev loop0, logical block 0, async page read
[   55.863207] loop0: detected capacity change from 0 to 2048
[   55.887096] loop0: detected capacity change from 0 to 2048
[   55.909987] loop0: detected capacity change from 0 to 2048
[   55.933652] loop0: detected capacity change from 0 to 2048
[   55.933961] Buffer I/O error on dev loop0, logical block 0, async page read
[   55.966589] loop0: detected capacity change from 0 to 2048
[   55.997332] loop0: detected capacity change from 0 to 2048
[   56.023714] loop0: detected capacity change from 0 to 2048
[   56.052065] loop0: detected capacity change from 0 to 2048
[   56.072715] loop0: detected capacity change from 0 to 2048
[   56.095440] loop0: detected capacity change from 0 to 2048
[   56.117849] loop0: detected capacity change from 0 to 2048
[   56.141791] loop0: detected capacity change from 0 to 2048
[   56.164998] loop0: detected capacity change from 0 to 2048
[   56.182535] loop0: detected capacity change from 0 to 2048
[   56.203509] loop0: detected capacity change from 0 to 2048
[   56.227043] loop0: detected capacity change from 0 to 2048
[   56.227238] Buffer I/O error on dev loop0, logical block 0, async page read
[   56.244439] loop0: detected capacity change from 0 to 2048
[   56.267472] loop0: detected capacity change from 0 to 2048
[   56.289782] loop0: detected capacity change from 0 to 2048
[   56.290104] Buffer I/O error on dev loop0, logical block 0, async page read
[   56.315089] loop0: detected capacity change from 0 to 2048
[   56.343448] loop0: detected capacity change from 0 to 2048
[   56.363950] loop0: detected capacity change from 0 to 2048
[   56.380282] loop0: detected capacity change from 0 to 2048
[   56.405850] loop0: detected capacity change from 0 to 2048
[   56.423239] loop0: detected capacity change from 0 to 2048
[   56.446623] loop0: detected capacity change from 0 to 2048
[   56.447029] Buffer I/O error on dev loop0, logical block 0, async page read
[   56.466467] loop0: detected capacity change from 0 to 2048
[   56.490711] loop0: detected capacity change from 0 to 2048
[   56.517550] loop0: detected capacity change from 0 to 2048
[   56.548192] loop0: detected capacity change from 0 to 2048
[   56.571437] loop0: detected capacity change from 0 to 2048
[   56.593629] loop0: detected capacity change from 0 to 2048
[   56.613737] loop0: detected capacity change from 0 to 2048
[   56.631634] loop0: detected capacity change from 0 to 2048
[   56.662609] loop0: detected capacity change from 0 to 2048
[   56.682311] loop0: detected capacity change from 0 to 2048
[   56.709165] loop0: detected capacity change from 0 to 2048
[   56.730243] loop0: detected capacity change from 0 to 2048
[   56.752834] loop0: detected capacity change from 0 to 2048
[   56.772458] loop0: detected capacity change from 0 to 2048
[   56.793229] loop0: detected capacity change from 0 to 2048
[   56.813718] loop0: detected capacity change from 0 to 2048
[   56.831851] loop0: detected capacity change from 0 to 2048
[   56.854279] loop0: detected capacity change from 0 to 2048
[   56.878169] loop0: detected capacity change from 0 to 2048
[   56.895322] loop0: detected capacity change from 0 to 2048
[   56.895622] blk_print_req_error: 14 callbacks suppressed
[   56.895629] I/O error, dev loop0, sector 0 op 0x0:(READ) flags 0x80700 phys_seg 1 prio class 2
[   56.917447] loop0: detected capacity change from 0 to 2048
[   56.942154] loop0: detected capacity change from 0 to 2048
[   56.967110] loop0: detected capacity change from 0 to 2048
[   56.988118] loop0: detected capacity change from 0 to 2048
[   57.008793] loop0: detected capacity change from 0 to 2048
[   57.028639] loop0: detected capacity change from 0 to 2048
[   57.048995] loop0: detected capacity change from 0 to 2048
[   57.067827] loop0: detected capacity change from 0 to 2048
[   57.083854] loop0: detected capacity change from 0 to 2048
[   57.104006] loop0: detected capacity change from 0 to 2048
[   57.123045] loop0: detected capacity change from 0 to 2048
[   57.146752] loop0: detected capacity change from 0 to 2048
[   57.163752] loop0: detected capacity change from 0 to 2048
[   57.183725] loop0: detected capacity change from 0 to 2048
[   57.198245] loop0: detected capacity change from 0 to 2048
[   57.217491] loop0: detected capacity change from 0 to 2048
[   57.233496] loop0: detected capacity change from 0 to 2048
[   57.259161] loop0: detected capacity change from 0 to 2048
[   57.273036] loop0: detected capacity change from 0 to 2048
[   57.294479] loop0: detected capacity change from 0 to 2048
[   57.319079] loop0: detected capacity change from 0 to 2048
[   57.338041] loop0: detected capacity change from 0 to 2048
[   57.357496] loop0: detected capacity change from 0 to 2048
[   57.372641] loop0: detected capacity change from 0 to 2048
[   57.372996] I/O error, dev loop0, sector 0 op 0x0:(READ) flags 0x80700 phys_seg 1 prio class 2
[   57.396589] loop0: detected capacity change from 0 to 2048
[   57.419389] loop0: detected capacity change from 0 to 2048
[   57.441829] loop0: detected capacity change from 0 to 2048
[   57.469697] loop0: detected capacity change from 0 to 2048
[   57.490701] loop0: detected capacity change from 0 to 2048
[   57.513000] loop0: detected capacity change from 0 to 2048
[   57.537129] loop0: detected capacity change from 0 to 2048
[   57.558372] loop0: detected capacity change from 0 to 2048
[   57.578191] loop0: detected capacity change from 0 to 2048
[   57.604451] loop0: detected capacity change from 0 to 2048
[   57.627167] loop0: detected capacity change from 0 to 2048
[   57.645806] loop0: detected capacity change from 0 to 2048
[   57.668975] loop0: detected capacity change from 0 to 2048
[   57.691160] loop0: detected capacity change from 0 to 2048
[   57.709361] loop0: detected capacity change from 0 to 2048
[   57.709680] I/O error, dev loop0, sector 0 op 0x0:(READ) flags 0x80700 phys_seg 1 prio class 2
[   57.735866] loop0: detected capacity change from 0 to 2048
[   57.761343] loop0: detected capacity change from 0 to 2048
[   57.782806] loop0: detected capacity change from 0 to 2048
[   57.811853] loop0: detected capacity change from 0 to 2048
[   57.834537] loop0: detected capacity change from 0 to 2048
[   57.856673] loop0: detected capacity change from 0 to 2048
[   57.884655] loop0: detected capacity change from 0 to 2048
[   57.884877] I/O error, dev loop0, sector 0 op 0x0:(READ) flags 0x80700 phys_seg 1 prio class 2
[   57.905505] loop0: detected capacity change from 0 to 2048
[   57.928435] loop0: detected capacity change from 0 to 2048
[   57.948711] loop0: detected capacity change from 0 to 2048
[   57.969429] loop0: detected capacity change from 0 to 2048
[   57.985909] loop0: detected capacity change from 0 to 2048
[   58.009321] loop0: detected capacity change from 0 to 2048
[   58.028450] loop0: detected capacity change from 0 to 2048
[   58.049399] loop0: detected capacity change from 0 to 2048
[   58.064107] loop0: detected capacity change from 0 to 2048
[   58.081585] loop0: detected capacity change from 0 to 2048
[   58.103469] loop0: detected capacity change from 0 to 2048
[   58.124981] loop0: detected capacity change from 0 to 2048
[   58.144564] loop0: detected capacity change from 0 to 2048
[   58.164018] loop0: detected capacity change from 0 to 2048
[   58.183587] loop0: detected capacity change from 0 to 2048
[   58.206749] loop0: detected capacity change from 0 to 2048
[   58.231614] loop0: detected capacity change from 0 to 2048
[   58.253181] loop0: detected capacity change from 0 to 2048
[   58.274164] loop0: detected capacity change from 0 to 2048
[   58.299386] loop0: detected capacity change from 0 to 2048
[   58.313980] loop0: detected capacity change from 0 to 2048
[   58.346004] loop0: detected capacity change from 0 to 2048
[   58.346306] I/O error, dev loop0, sector 0 op 0x0:(READ) flags 0x80700 phys_seg 1 prio class 2
[   58.368456] loop0: detected capacity change from 0 to 2048
[   58.389061] loop0: detected capacity change from 0 to 2048
[   58.403822] loop0: detected capacity change from 0 to 2048
[   58.425745] loop0: detected capacity change from 0 to 2048
[   58.444960] loop0: detected capacity change from 0 to 2048
[   58.445319] I/O error, dev loop0, sector 0 op 0x0:(READ) flags 0x80700 phys_seg 1 prio class 2
[   58.468078] loop0: detected capacity change from 0 to 2048
[   58.490993] loop0: detected capacity change from 0 to 2048
[   58.514457] loop0: detected capacity change from 0 to 2048
[   58.543671] loop0: detected capacity change from 0 to 2048
[   58.570799] loop0: detected capacity change from 0 to 2048
[   58.599393] loop0: detected capacity change from 0 to 2048
[   58.622344] loop0: detected capacity change from 0 to 2048
[   58.645824] loop0: detected capacity change from 0 to 2048
[   58.669709] loop0: detected capacity change from 0 to 2048
[   58.687984] loop0: detected capacity change from 0 to 2048
[   58.717074] loop0: detected capacity change from 0 to 2048
[   58.743902] loop0: detected capacity change from 0 to 2048
[   58.763973] loop0: detected capacity change from 0 to 2048
[   58.780698] loop0: detected capacity change from 0 to 2048
[   58.810695] loop0: detected capacity change from 0 to 2048
[   58.837470] loop0: detected capacity change from 0 to 2048
[   58.837750] I/O error, dev loop0, sector 0 op 0x0:(READ) flags 0x80700 phys_seg 1 prio class 2
[   58.863671] loop0: detected capacity change from 0 to 2048
[   58.887213] loop0: detected capacity change from 0 to 2048
[   58.903054] loop0: detected capacity change from 0 to 2048
[   58.927845] loop0: detected capacity change from 0 to 2048
[   58.949042] loop0: detected capacity change from 0 to 2048
[   58.969142] loop0: detected capacity change from 0 to 2048
[   58.988460] loop0: detected capacity change from 0 to 2048
[   58.988673] I/O error, dev loop0, sector 0 op 0x0:(READ) flags 0x80700 phys_seg 1 prio class 2
[   59.012931] loop0: detected capacity change from 0 to 2048
[   59.029891] loop0: detected capacity change from 0 to 2048
[   59.055855] loop0: detected capacity change from 0 to 2048
[   59.080521] loop0: detected capacity change from 0 to 2048
[   59.099866] loop0: detected capacity change from 0 to 2048
[   59.114221] loop0: detected capacity change from 0 to 2048
[   59.135703] loop0: detected capacity change from 0 to 2048
[   59.158887] loop0: detected capacity change from 0 to 2048
[   59.179050] loop0: detected capacity change from 0 to 2048
[   59.196758] loop0: detected capacity change from 0 to 2048
[   59.212475] loop0: detected capacity change from 0 to 2048
