c[?7l[2J[0mSeaBIOS (version rel-1.16.0-0-gd239552ce722-prebuilt.qemu.org)


iPXE (http://ipxe.org) 00:03.0 CA00 PCI2.10 PnP PMM+7FF91000+7FEF1000 CA00
Press Ctrl-B to configure iPXE (PCI 00:03.0)...                                                                               


Booting from ROM...
c[?7l[2J[    0.000000] Linux version 6.4.0-rc6-d80a4b3ad136+ (root@p-rpls01) (gcc (GCC) 8.5.0 20210514 (Red Hat 8.5.0-19), GNU ld version 2.36.1-2.el8) #1 SMP PREEMPT_DYNAMIC Fri Jun 23 03:37:19 CST 2023
[    0.000000] Command line: console=ttyS0 root=/dev/sda earlyprintk=serial net.ifnames=0 quiet plymouth.enable=0
[    0.000000] KERNEL supported cpus:
[    0.000000]   Intel GenuineIntel
[    0.000000]   AMD AuthenticAMD
[    0.000000]   Hygon HygonGenuine
[    0.000000]   Centaur CentaurHauls
[    0.000000]   zhaoxin   Shanghai  
[    0.000000] x86/fpu: Supporting XSAVE feature 0x001: 'x87 floating point registers'
[    0.000000] x86/fpu: Supporting XSAVE feature 0x002: 'SSE registers'
[    0.000000] x86/fpu: Supporting XSAVE feature 0x004: 'AVX registers'
[    0.000000] x86/fpu: Supporting XSAVE feature 0x200: 'Protection Keys User registers'
[    0.000000] x86/fpu: xstate_offset[2]:  576, xstate_sizes[2]:  256
[    0.000000] x86/fpu: xstate_offset[9]:  832, xstate_sizes[9]:    8
[    0.000000] x86/fpu: Enabled xstate features 0x207, context size is 840 bytes, using 'compacted' format.
[    0.000000] signal: max sigframe size: 3632
[    0.000000] BIOS-provided physical RAM map:
[    0.000000] BIOS-e820: [mem 0x0000000000000000-0x000000000009fbff] usable
[    0.000000] BIOS-e820: [mem 0x000000000009fc00-0x000000000009ffff] reserved
[    0.000000] BIOS-e820: [mem 0x00000000000f0000-0x00000000000fffff] reserved
[    0.000000] BIOS-e820: [mem 0x0000000000100000-0x000000007ffdffff] usable
[    0.000000] BIOS-e820: [mem 0x000000007ffe0000-0x000000007fffffff] reserved
[    0.000000] BIOS-e820: [mem 0x00000000feffc000-0x00000000feffffff] reserved
[    0.000000] BIOS-e820: [mem 0x00000000fffc0000-0x00000000ffffffff] reserved
[    0.000000] printk: bootconsole [earlyser0] enabled
[    0.234917] Spectre V2 : WARNING: Unprivileged eBPF is enabled with eIBRS on, data leaks possible via Spectre v2 BHB attacks!
[    6.595059] systemd[1]: Failed to start Load Kernel Modules.
[[0;1;31mFAILED[0m] Failed to start [0;1;39mLoad Kernel Modules[0m.

CentOS Stream 9
Kernel 6.4.0-rc6-d80a4b3ad136+ on an x86_64

Activate the web console with: systemctl enable --now cockpit.socket

test login: [   20.622684] loop0: detected capacity change from 0 to 2048
[   20.630235] EXT4-fs (loop0): mounted filesystem 00000000-0000-0000-0000-000000000000 r/w without journal. Quota mode: none.
[   20.645889] EXT4-fs (loop0): unmounting filesystem 00000000-0000-0000-0000-000000000000.
[   20.678468] loop0: detected capacity change from 0 to 2048
[   20.689811] EXT4-fs (loop0): mounted filesystem 00000000-0000-0000-0000-000000000000 r/w without journal. Quota mode: none.
[   20.699964] EXT4-fs (loop0): unmounting filesystem 00000000-0000-0000-0000-000000000000.
[   20.714601] loop0: detected capacity change from 0 to 2048
[   20.715250] I/O error, dev loop0, sector 0 op 0x0:(READ) flags 0x80700 phys_seg 1 prio class 2
[   20.727556] EXT4-fs (loop0): mounted filesystem 00000000-0000-0000-0000-000000000000 r/w without journal. Quota mode: none.
[   20.741823] EXT4-fs (loop0): unmounting filesystem 00000000-0000-0000-0000-000000000000.
[   20.770682] loop0: detected capacity change from 0 to 2048
[   20.777456] EXT4-fs (loop0): mounted filesystem 00000000-0000-0000-0000-000000000000 r/w without journal. Quota mode: none.
[   20.782539] EXT4-fs (loop0): unmounting filesystem 00000000-0000-0000-0000-000000000000.
[   20.802241] loop0: detected capacity change from 0 to 2048
[   20.805525] EXT4-fs (loop0): mounted filesystem 00000000-0000-0000-0000-000000000000 r/w without journal. Quota mode: none.
[   20.811551] EXT4-fs (loop0): unmounting filesystem 00000000-0000-0000-0000-000000000000.
[   20.840111] loop0: detected capacity change from 0 to 2048
[   20.845689] EXT4-fs (loop0): mounted filesystem 00000000-0000-0000-0000-000000000000 r/w without journal. Quota mode: none.
[   20.852907] EXT4-fs (loop0): unmounting filesystem 00000000-0000-0000-0000-000000000000.
[   20.883724] loop0: detected capacity change from 0 to 2048
[   20.889391] EXT4-fs (loop0): mounted filesystem 00000000-0000-0000-0000-000000000000 r/w without journal. Quota mode: none.
[   20.896749] EXT4-fs (loop0): unmounting filesystem 00000000-0000-0000-0000-000000000000.
[   20.927542] loop0: detected capacity change from 0 to 2048
[   20.937313] EXT4-fs (loop0): mounted filesystem 00000000-0000-0000-0000-000000000000 r/w without journal. Quota mode: none.
[   20.944604] EXT4-fs (loop0): unmounting filesystem 00000000-0000-0000-0000-000000000000.
[   20.961193] loop0: detected capacity change from 0 to 2048
[   20.973131] EXT4-fs (loop0): mounted filesystem 00000000-0000-0000-0000-000000000000 r/w without journal. Quota mode: none.
[   20.997524] EXT4-fs (loop0): unmounting filesystem 00000000-0000-0000-0000-000000000000.
[   21.026627] loop0: detected capacity change from 0 to 2048
[   21.033930] EXT4-fs (loop0): mounted filesystem 00000000-0000-0000-0000-000000000000 r/w without journal. Quota mode: none.
[   21.038746] EXT4-fs (loop0): unmounting filesystem 00000000-0000-0000-0000-000000000000.
[   21.067287] loop0: detected capacity change from 0 to 2048
[   21.073476] EXT4-fs (loop0): mounted filesystem 00000000-0000-0000-0000-000000000000 r/w without journal. Quota mode: none.
[   21.079764] EXT4-fs (loop0): unmounting filesystem 00000000-0000-0000-0000-000000000000.
[   21.110689] loop0: detected capacity change from 0 to 2048
[   21.117657] EXT4-fs (loop0): mounted filesystem 00000000-0000-0000-0000-000000000000 r/w without journal. Quota mode: none.
[   21.122218] EXT4-fs (loop0): unmounting filesystem 00000000-0000-0000-0000-000000000000.
[   21.151222] loop0: detected capacity change from 0 to 2048
[   21.161395] EXT4-fs (loop0): mounted filesystem 00000000-0000-0000-0000-000000000000 r/w without journal. Quota mode: none.
[   21.165775] EXT4-fs (loop0): unmounting filesystem 00000000-0000-0000-0000-000000000000.
[   21.180953] loop0: detected capacity change from 0 to 2048
[   21.185291] EXT4-fs (loop0): mounted filesystem 00000000-0000-0000-0000-000000000000 r/w without journal. Quota mode: none.
[   21.190027] EXT4-fs (loop0): unmounting filesystem 00000000-0000-0000-0000-000000000000.
[   21.223712] loop0: detected capacity change from 0 to 2048
[   21.229324] EXT4-fs (loop0): mounted filesystem 00000000-0000-0000-0000-000000000000 r/w without journal. Quota mode: none.
[   21.233992] EXT4-fs (loop0): unmounting filesystem 00000000-0000-0000-0000-000000000000.
[   21.263835] loop0: detected capacity change from 0 to 2048
[   21.269386] EXT4-fs (loop0): mounted filesystem 00000000-0000-0000-0000-000000000000 r/w without journal. Quota mode: none.
[   21.275339] EXT4-fs (loop0): unmounting filesystem 00000000-0000-0000-0000-000000000000.
[   21.306534] loop0: detected capacity change from 0 to 2048
[   21.313544] EXT4-fs (loop0): mounted filesystem 00000000-0000-0000-0000-000000000000 r/w without journal. Quota mode: none.
[   21.319758] EXT4-fs (loop0): unmounting filesystem 00000000-0000-0000-0000-000000000000.
[   21.351128] loop0: detected capacity change from 0 to 2048
[   21.361505] EXT4-fs (loop0): mounted filesystem 00000000-0000-0000-0000-000000000000 r/w without journal. Quota mode: none.
[   21.368318] EXT4-fs (loop0): unmounting filesystem 00000000-0000-0000-0000-000000000000.
[   21.383720] loop0: detected capacity change from 0 to 2048
[   21.389319] EXT4-fs (loop0): mounted filesystem 00000000-0000-0000-0000-000000000000 r/w without journal. Quota mode: none.
[   21.394752] EXT4-fs (loop0): unmounting filesystem 00000000-0000-0000-0000-000000000000.
[   21.422870] loop0: detected capacity change from 0 to 2048
[   21.433259] EXT4-fs (loop0): mounted filesystem 00000000-0000-0000-0000-000000000000 r/w without journal. Quota mode: none.
[   21.437756] EXT4-fs (loop0): unmounting filesystem 00000000-0000-0000-0000-000000000000.
[   21.466317] loop0: detected capacity change from 0 to 2048
[   21.469040] EXT4-fs (loop0): mounted filesystem 00000000-0000-0000-0000-000000000000 r/w without journal. Quota mode: none.
[   21.473743] EXT4-fs (loop0): unmounting filesystem 00000000-0000-0000-0000-000000000000.
[   21.503817] loop0: detected capacity change from 0 to 2048
[   21.513765] EXT4-fs (loop0): mounted filesystem 00000000-0000-0000-0000-000000000000 r/w without journal. Quota mode: none.
[   21.518320] EXT4-fs (loop0): unmounting filesystem 00000000-0000-0000-0000-000000000000.
[   21.531327] loop0: detected capacity change from 0 to 2048
[   21.538173] EXT4-fs (loop0): mounted filesystem 00000000-0000-0000-0000-000000000000 r/w without journal. Quota mode: none.
[   21.547356] EXT4-fs (loop0): unmounting filesystem 00000000-0000-0000-0000-000000000000.
[   21.574856] loop0: detected capacity change from 0 to 2048
[   21.581411] EXT4-fs (loop0): mounted filesystem 00000000-0000-0000-0000-000000000000 r/w without journal. Quota mode: none.
[   21.586348] EXT4-fs (loop0): unmounting filesystem 00000000-0000-0000-0000-000000000000.
[   21.615318] loop0: detected capacity change from 0 to 2048
[   21.621432] EXT4-fs (loop0): mounted filesystem 00000000-0000-0000-0000-000000000000 r/w without journal. Quota mode: none.
[   21.627406] EXT4-fs (loop0): unmounting filesystem 00000000-0000-0000-0000-000000000000.
[   21.659206] loop0: detected capacity change from 0 to 2048
[   21.665350] EXT4-fs (loop0): mounted filesystem 00000000-0000-0000-0000-000000000000 r/w without journal. Quota mode: none.
[   21.679299] EXT4-fs (loop0): unmounting filesystem 00000000-0000-0000-0000-000000000000.
[   21.698801] loop0: detected capacity change from 0 to 2048
[   21.709149] EXT4-fs (loop0): mounted filesystem 00000000-0000-0000-0000-000000000000 r/w without journal. Quota mode: none.
[   21.721754] EXT4-fs (loop0): unmounting filesystem 00000000-0000-0000-0000-000000000000.
[   21.739754] loop0: detected capacity change from 0 to 2048
[   21.749206] EXT4-fs (loop0): mounted filesystem 00000000-0000-0000-0000-000000000000 r/w without journal. Quota mode: none.
[   21.755049] EXT4-fs (loop0): unmounting filesystem 00000000-0000-0000-0000-000000000000.
[   21.769704] loop0: detected capacity change from 0 to 2048
[   21.778053] EXT4-fs (loop0): mounted filesystem 00000000-0000-0000-0000-000000000000 r/w without journal. Quota mode: none.
[   21.786452] EXT4-fs (loop0): unmounting filesystem 00000000-0000-0000-0000-000000000000.
[   21.805368] loop0: detected capacity change from 0 to 2048
[   21.809280] EXT4-fs (loop0): mounted filesystem 00000000-0000-0000-0000-000000000000 r/w without journal. Quota mode: none.
[   21.814419] EXT4-fs (loop0): unmounting filesystem 00000000-0000-0000-0000-000000000000.
[   21.844469] loop0: detected capacity change from 0 to 2048
[   21.849273] EXT4-fs (loop0): mounted filesystem 00000000-0000-0000-0000-000000000000 r/w without journal. Quota mode: none.
[   21.854677] EXT4-fs (loop0): unmounting filesystem 00000000-0000-0000-0000-000000000000.
[   21.884550] loop0: detected capacity change from 0 to 2048
[   21.889282] EXT4-fs (loop0): mounted filesystem 00000000-0000-0000-0000-000000000000 r/w without journal. Quota mode: none.
[   21.919575] loop0: detected capacity change from 0 to 2048
[   21.949023] loop0: detected capacity change from 0 to 2048
[   21.984210] loop0: detected capacity change from 0 to 2048
[   22.024329] loop0: detected capacity change from 0 to 2048
[   22.067656] loop0: detected capacity change from 0 to 2048
[   22.089100] loop0: detected capacity change from 0 to 2048
[   22.118421] loop0: detected capacity change from 0 to 2048
[   22.144407] loop0: detected capacity change from 0 to 2048
[   22.184582] loop0: detected capacity change from 0 to 2048
[   22.221586] loop0: detected capacity change from 0 to 2048
[   22.246332] loop0: detected capacity change from 0 to 2048
[   22.278155] loop0: detected capacity change from 0 to 2048
[   22.309614] loop0: detected capacity change from 0 to 2048
[   22.330251] loop0: detected capacity change from 0 to 2048
[   22.365511] loop0: detected capacity change from 0 to 2048
[   22.396818] loop0: detected capacity change from 0 to 2048
[   22.426723] loop0: detected capacity change from 0 to 2048
[   22.468544] loop0: detected capacity change from 0 to 2048
[   22.497729] loop0: detected capacity change from 0 to 2048
[   22.519360] loop0: detected capacity change from 0 to 2048
[   22.552335] loop0: detected capacity change from 0 to 2048
[   22.591922] loop0: detected capacity change from 0 to 2048
[   22.617891] loop0: detected capacity change from 0 to 2048
[   22.653145] loop0: detected capacity change from 0 to 2048
[   22.692613] loop0: detected capacity change from 0 to 2048
[   22.732299] loop0: detected capacity change from 0 to 2048
[   22.771243] loop0: detected capacity change from 0 to 2048
[   22.771670] I/O error, dev loop0, sector 0 op 0x0:(READ) flags 0x80700 phys_seg 1 prio class 2
[   22.803156] loop0: detected capacity change from 0 to 2048
[   22.834621] loop0: detected capacity change from 0 to 2048
[   22.869818] loop0: detected capacity change from 0 to 2048
[   22.903937] loop0: detected capacity change from 0 to 2048
[   22.948292] loop0: detected capacity change from 0 to 2048
[   22.970593] loop0: detected capacity change from 0 to 2048
[   22.996980] loop0: detected capacity change from 0 to 2048
[   23.040142] loop0: detected capacity change from 0 to 2048
[   23.069321] loop0: detected capacity change from 0 to 2048
[   23.089570] loop0: detected capacity change from 0 to 2048
[   23.126116] loop0: detected capacity change from 0 to 2048
[   23.170208] loop0: detected capacity change from 0 to 2048
[   23.207232] loop0: detected capacity change from 0 to 2048
[   23.241277] loop0: detected capacity change from 0 to 2048
[   23.269822] loop0: detected capacity change from 0 to 2048
[   23.309529] loop0: detected capacity change from 0 to 2048
[   23.339857] loop0: detected capacity change from 0 to 2048
[   23.386403] loop0: detected capacity change from 0 to 2048
[   23.409956] loop0: detected capacity change from 0 to 2048
[   23.438776] loop0: detected capacity change from 0 to 2048
[   23.465392] loop0: detected capacity change from 0 to 2048
[   23.505780] loop0: detected capacity change from 0 to 2048
[   23.549978] loop0: detected capacity change from 0 to 2048
[   23.580756] loop0: detected capacity change from 0 to 2048
[   23.604752] loop0: detected capacity change from 0 to 2048
[   23.647109] loop0: detected capacity change from 0 to 2048
[   23.696873] loop0: detected capacity change from 0 to 2048
[   23.731013] loop0: detected capacity change from 0 to 2048
[   23.759823] loop0: detected capacity change from 0 to 2048
[   23.760513] I/O error, dev loop0, sector 0 op 0x0:(READ) flags 0x80700 phys_seg 1 prio class 2
[   23.808754] loop0: detected capacity change from 0 to 2048
[   23.836723] loop0: detected capacity change from 0 to 2048
[   23.877205] loop0: detected capacity change from 0 to 2048
[   23.901570] loop0: detected capacity change from 0 to 2048
[   23.934146] loop0: detected capacity change from 0 to 2048
[   23.965242] loop0: detected capacity change from 0 to 2048
[   23.991555] loop0: detected capacity change from 0 to 2048
[   24.019293] loop0: detected capacity change from 0 to 2048
[   24.067232] loop0: detected capacity change from 0 to 2048
[   24.092412] loop0: detected capacity change from 0 to 2048
[   24.134894] loop0: detected capacity change from 0 to 2048
[   24.164999] loop0: detected capacity change from 0 to 2048
[   24.187544] loop0: detected capacity change from 0 to 2048
[   24.230012] loop0: detected capacity change from 0 to 2048
[   24.271835] loop0: detected capacity change from 0 to 2048
[   24.293375] loop0: detected capacity change from 0 to 2048
[   24.324981] loop0: detected capacity change from 0 to 2048
[   24.351576] loop0: detected capacity change from 0 to 2048
[   24.398754] loop0: detected capacity change from 0 to 2048
[   24.429648] loop0: detected capacity change from 0 to 2048
[   24.476585] loop0: detected capacity change from 0 to 2048
[   24.499551] loop0: detected capacity change from 0 to 2048
[   24.531653] loop0: detected capacity change from 0 to 2048
[   24.579119] loop0: detected capacity change from 0 to 2048
[   24.616240] loop0: detected capacity change from 0 to 2048
[   24.670525] loop0: detected capacity change from 0 to 2048
[   24.715728] loop0: detected capacity change from 0 to 2048
[   24.756219] loop0: detected capacity change from 0 to 2048
[   24.785301] loop0: detected capacity change from 0 to 2048
[   24.818776] loop0: detected capacity change from 0 to 2048
[   24.852131] loop0: detected capacity change from 0 to 2048
[   24.896340] loop0: detected capacity change from 0 to 2048
[   24.919189] loop0: detected capacity change from 0 to 2048
[   24.919680] I/O error, dev loop0, sector 0 op 0x0:(READ) flags 0x80700 phys_seg 1 prio class 2
[   24.950467] loop0: detected capacity change from 0 to 2048
[   24.997178] loop0: detected capacity change from 0 to 2048
[   25.022297] loop0: detected capacity change from 0 to 2048
[   25.064666] loop0: detected capacity change from 0 to 2048
[   25.107252] loop0: detected capacity change from 0 to 2048
[   25.135127] loop0: detected capacity change from 0 to 2048
[   25.165870] loop0: detected capacity change from 0 to 2048
[   25.166288] I/O error, dev loop0, sector 0 op 0x0:(READ) flags 0x80700 phys_seg 1 prio class 2
[   25.190937] loop0: detected capacity change from 0 to 2048
[   25.231732] loop0: detected capacity change from 0 to 2048
[   25.256673] loop0: detected capacity change from 0 to 2048
[   25.283254] loop0: detected capacity change from 0 to 2048
[   25.315544] loop0: detected capacity change from 0 to 2048
[   25.349101] loop0: detected capacity change from 0 to 2048
[   25.382697] loop0: detected capacity change from 0 to 2048
[   25.415470] loop0: detected capacity change from 0 to 2048
[   25.438304] loop0: detected capacity change from 0 to 2048
[   25.483564] loop0: detected capacity change from 0 to 2048
[   25.507006] loop0: detected capacity change from 0 to 2048
[   25.538186] loop0: detected capacity change from 0 to 2048
[   25.566675] loop0: detected capacity change from 0 to 2048
[   25.617185] loop0: detected capacity change from 0 to 2048
[   25.645698] loop0: detected capacity change from 0 to 2048
[   25.691652] loop0: detected capacity change from 0 to 2048
[   25.741575] loop0: detected capacity change from 0 to 2048
[   25.775908] loop0: detected capacity change from 0 to 2048
[   25.805897] loop0: detected capacity change from 0 to 2048
[   25.847629] loop0: detected capacity change from 0 to 2048
[   25.868554] loop0: detected capacity change from 0 to 2048
[   25.913742] loop0: detected capacity change from 0 to 2048
[   25.934488] loop0: detected capacity change from 0 to 2048
[   25.981444] loop0: detected capacity change from 0 to 2048
[   26.002504] loop0: detected capacity change from 0 to 2048
[   26.032879] loop0: detected capacity change from 0 to 2048
[   26.033172] I/O error, dev loop0, sector 0 op 0x0:(READ) flags 0x80700 phys_seg 1 prio class 2
[   26.075975] loop0: detected capacity change from 0 to 2048
[   26.113088] loop0: detected capacity change from 0 to 2048
[   26.149653] loop0: detected capacity change from 0 to 2048
[   26.188333] loop0: detected capacity change from 0 to 2048
[   26.228639] loop0: detected capacity change from 0 to 2048
[   26.249994] loop0: detected capacity change from 0 to 2048
[   26.272966] loop0: detected capacity change from 0 to 2048
[   26.298705] loop0: detected capacity change from 0 to 2048
[   26.330692] loop0: detected capacity change from 0 to 2048
[   26.357067] loop0: detected capacity change from 0 to 2048
[   26.385788] loop0: detected capacity change from 0 to 2048
[   26.416861] loop0: detected capacity change from 0 to 2048
[   26.445580] loop0: detected capacity change from 0 to 2048
[   26.473250] loop0: detected capacity change from 0 to 2048
[   26.516401] loop0: detected capacity change from 0 to 2048
[   26.552356] loop0: detected capacity change from 0 to 2048
[   26.572068] loop0: detected capacity change from 0 to 2048
[   26.602280] loop0: detected capacity change from 0 to 2048
[   26.602867] I/O error, dev loop0, sector 0 op 0x0:(READ) flags 0x80700 phys_seg 1 prio class 2
[   26.631985] loop0: detected capacity change from 0 to 2048
[   26.683670] loop0: detected capacity change from 0 to 2048
[   26.726586] loop0: detected capacity change from 0 to 2048
[   26.764762] loop0: detected capacity change from 0 to 2048
[   26.786708] loop0: detected capacity change from 0 to 2048
[   26.837117] loop0: detected capacity change from 0 to 2048
[   26.861904] loop0: detected capacity change from 0 to 2048
[   26.894122] loop0: detected capacity change from 0 to 2048
[   26.937421] loop0: detected capacity change from 0 to 2048
[   26.980607] loop0: detected capacity change from 0 to 2048
[   27.019632] loop0: detected capacity change from 0 to 2048
[   27.064120] loop0: detected capacity change from 0 to 2048
[   27.087463] loop0: detected capacity change from 0 to 2048
[   27.127803] loop0: detected capacity change from 0 to 2048
[   27.151857] loop0: detected capacity change from 0 to 2048
[   27.184689] loop0: detected capacity change from 0 to 2048
[   27.219664] loop0: detected capacity change from 0 to 2048
[   27.256071] loop0: detected capacity change from 0 to 2048
[   27.291034] loop0: detected capacity change from 0 to 2048
[   27.328164] loop0: detected capacity change from 0 to 2048
[   27.367644] loop0: detected capacity change from 0 to 2048
[   27.394380] loop0: detected capacity change from 0 to 2048
[   27.417469] loop0: detected capacity change from 0 to 2048
[   27.453430] loop0: detected capacity change from 0 to 2048
[   27.485310] loop0: detected capacity change from 0 to 2048
[   27.524905] loop0: detected capacity change from 0 to 2048
[   27.565302] loop0: detected capacity change from 0 to 2048
[   27.603804] loop0: detected capacity change from 0 to 2048
[   27.645792] loop0: detected capacity change from 0 to 2048
[   27.691849] loop0: detected capacity change from 0 to 2048
[   27.746715] loop0: detected capacity change from 0 to 2048
[   27.769982] loop0: detected capacity change from 0 to 2048
[   27.820391] loop0: detected capacity change from 0 to 2048
[   27.857711] loop0: detected capacity change from 0 to 2048
[   27.891296] loop0: detected capacity change from 0 to 2048
[   27.935869] loop0: detected capacity change from 0 to 2048
[   27.972180] loop0: detected capacity change from 0 to 2048
[   28.008478] loop0: detected capacity change from 0 to 2048
[   28.032554] loop0: detected capacity change from 0 to 2048
[   28.071483] loop0: detected capacity change from 0 to 2048
[   28.096452] loop0: detected capacity change from 0 to 2048
[   28.133441] loop0: detected capacity change from 0 to 2048
[   28.164727] loop0: detected capacity change from 0 to 2048
[   28.204706] loop0: detected capacity change from 0 to 2048
[   28.229119] loop0: detected capacity change from 0 to 2048
[   28.257137] loop0: detected capacity change from 0 to 2048
[   28.303987] loop0: detected capacity change from 0 to 2048
[   28.339866] loop0: detected capacity change from 0 to 2048
[   28.379864] loop0: detected capacity change from 0 to 2048
[   28.419410] loop0: detected capacity change from 0 to 2048
[   28.459622] loop0: detected capacity change from 0 to 2048
[   28.480443] loop0: detected capacity change from 0 to 2048
[   28.516982] loop0: detected capacity change from 0 to 2048
[   28.563916] loop0: detected capacity change from 0 to 2048
[   28.607508] loop0: detected capacity change from 0 to 2048
[   28.640796] loop0: detected capacity change from 0 to 2048
[   28.691858] loop0: detected capacity change from 0 to 2048
[   28.736881] loop0: detected capacity change from 0 to 2048
[   28.768273] loop0: detected capacity change from 0 to 2048
[   28.799588] loop0: detected capacity change from 0 to 2048
[   28.830538] loop0: detected capacity change from 0 to 2048
[   28.863039] loop0: detected capacity change from 0 to 2048
[   28.894765] loop0: detected capacity change from 0 to 2048
[   28.924412] loop0: detected capacity change from 0 to 2048
[   28.949546] loop0: detected capacity change from 0 to 2048
[   28.950120] I/O error, dev loop0, sector 0 op 0x0:(READ) flags 0x80700 phys_seg 1 prio class 2
[   28.985885] loop0: detected capacity change from 0 to 2048
[   28.986245] I/O error, dev loop0, sector 0 op 0x0:(READ) flags 0x80700 phys_seg 1 prio class 2
[   29.017613] loop0: detected capacity change from 0 to 2048
[   29.046508] loop0: detected capacity change from 0 to 2048
[   29.073218] loop0: detected capacity change from 0 to 2048
[   29.073844] I/O error, dev loop0, sector 0 op 0x0:(READ) flags 0x80700 phys_seg 1 prio class 2
[   29.120633] loop0: detected capacity change from 0 to 2048
[   29.156367] loop0: detected capacity change from 0 to 2048
[   29.181929] loop0: detected capacity change from 0 to 2048
[   29.214037] loop0: detected capacity change from 0 to 2048
[   29.244826] loop0: detected capacity change from 0 to 2048
[   29.280396] loop0: detected capacity change from 0 to 2048
[   29.308886] loop0: detected capacity change from 0 to 2048
[   29.344824] loop0: detected capacity change from 0 to 2048
[   29.365523] loop0: detected capacity change from 0 to 2048
[   29.398725] loop0: detected capacity change from 0 to 2048
[   29.426050] loop0: detected capacity change from 0 to 2048
[   29.462071] loop0: detected capacity change from 0 to 2048
[   29.462492] I/O error, dev loop0, sector 0 op 0x0:(READ) flags 0x80700 phys_seg 1 prio class 2
[   29.490966] loop0: detected capacity change from 0 to 2048
[   29.524671] loop0: detected capacity change from 0 to 2048
[   29.553382] loop0: detected capacity change from 0 to 2048
[   29.599985] loop0: detected capacity change from 0 to 2048
[   29.647421] loop0: detected capacity change from 0 to 2048
[   29.703375] loop0: detected capacity change from 0 to 2048
[   29.738966] loop0: detected capacity change from 0 to 2048
[   29.783327] loop0: detected capacity change from 0 to 2048
[   29.813718] loop0: detected capacity change from 0 to 2048
[   29.852290] loop0: detected capacity change from 0 to 2048
[   29.872960] loop0: detected capacity change from 0 to 2048
[   29.901343] loop0: detected capacity change from 0 to 2048
[   29.931474] loop0: detected capacity change from 0 to 2048
[   29.975753] loop0: detected capacity change from 0 to 2048
[   30.003210] loop0: detected capacity change from 0 to 2048
[   30.040501] loop0: detected capacity change from 0 to 2048
[   30.084056] loop0: detected capacity change from 0 to 2048
[   30.106889] loop0: detected capacity change from 0 to 2048
[   30.107155] I/O error, dev loop0, sector 0 op 0x0:(READ) flags 0x80700 phys_seg 1 prio class 2
[   30.147890] loop0: detected capacity change from 0 to 2048
[   30.184628] loop0: detected capacity change from 0 to 2048
[   30.203570] loop0: detected capacity change from 0 to 2048
[   30.235344] loop0: detected capacity change from 0 to 2048
[   30.262336] loop0: detected capacity change from 0 to 2048
[   30.295523] loop0: detected capacity change from 0 to 2048
[   30.343659] loop0: detected capacity change from 0 to 2048
[   30.379392] loop0: detected capacity change from 0 to 2048
[   30.409547] loop0: detected capacity change from 0 to 2048
[   30.437565] loop0: detected capacity change from 0 to 2048
[   30.461275] loop0: detected capacity change from 0 to 2048
[   30.461514] I/O error, dev loop0, sector 0 op 0x0:(READ) flags 0x80700 phys_seg 1 prio class 2
[   30.493016] loop0: detected capacity change from 0 to 2048
[   30.513006] loop0: detected capacity change from 0 to 2048
[   30.549339] loop0: detected capacity change from 0 to 2048
[   30.596453] loop0: detected capacity change from 0 to 2048
[   30.636117] loop0: detected capacity change from 0 to 2048
[   30.688574] loop0: detected capacity change from 0 to 2048
[   30.736547] loop0: detected capacity change from 0 to 2048
[   30.763097] loop0: detected capacity change from 0 to 2048
[   30.793342] loop0: detected capacity change from 0 to 2048
[   30.818361] loop0: detected capacity change from 0 to 2048
[   30.860130] loop0: detected capacity change from 0 to 2048
[   30.890311] loop0: detected capacity change from 0 to 2048
[   30.918811] loop0: detected capacity change from 0 to 2048
[   30.950746] loop0: detected capacity change from 0 to 2048
[   30.979072] loop0: detected capacity change from 0 to 2048
[   31.007185] loop0: detected capacity change from 0 to 2048
[   31.031971] loop0: detected capacity change from 0 to 2048
[   31.080367] loop0: detected capacity change from 0 to 2048
[   31.103778] loop0: detected capacity change from 0 to 2048
[   31.132152] loop0: detected capacity change from 0 to 2048
[   31.156266] loop0: detected capacity change from 0 to 2048
[   31.156661] I/O error, dev loop0, sector 0 op 0x0:(READ) flags 0x80700 phys_seg 1 prio class 2
[   31.200200] loop0: detected capacity change from 0 to 2048
[   31.220922] loop0: detected capacity change from 0 to 2048
[   31.255650] loop0: detected capacity change from 0 to 2048
[   31.300477] loop0: detected capacity change from 0 to 2048
[   31.339594] loop0: detected capacity change from 0 to 2048
[   31.363171] loop0: detected capacity change from 0 to 2048
[   31.399863] loop0: detected capacity change from 0 to 2048
[   31.437104] loop0: detected capacity change from 0 to 2048
[   31.470628] loop0: detected capacity change from 0 to 2048
[   31.512952] loop0: detected capacity change from 0 to 2048
[   31.539313] loop0: detected capacity change from 0 to 2048
[   31.573027] loop0: detected capacity change from 0 to 2048
[   31.595860] loop0: detected capacity change from 0 to 2048
[   31.633442] loop0: detected capacity change from 0 to 2048
[   31.679033] loop0: detected capacity change from 0 to 2048
[   31.706351] loop0: detected capacity change from 0 to 2048
[   31.756528] loop0: detected capacity change from 0 to 2048
[   31.791421] loop0: detected capacity change from 0 to 2048
[   31.816133] loop0: detected capacity change from 0 to 2048
[   31.859603] loop0: detected capacity change from 0 to 2048
[   31.889892] loop0: detected capacity change from 0 to 2048
[   31.911430] loop0: detected capacity change from 0 to 2048
[   31.946703] loop0: detected capacity change from 0 to 2048
[   31.974068] loop0: detected capacity change from 0 to 2048
[   32.001537] loop0: detected capacity change from 0 to 2048
[   32.041126] loop0: detected capacity change from 0 to 2048
[   32.084148] loop0: detected capacity change from 0 to 2048
[   32.111003] loop0: detected capacity change from 0 to 2048
[   32.129807] loop0: detected capacity change from 0 to 2048
[   32.161135] loop0: detected capacity change from 0 to 2048
[   32.161738] I/O error, dev loop0, sector 0 op 0x0:(READ) flags 0x80700 phys_seg 1 prio class 2
[   32.191285] loop0: detected capacity change from 0 to 2048
[   32.225374] loop0: detected capacity change from 0 to 2048
[   32.272356] loop0: detected capacity change from 0 to 2048
[   32.306800] loop0: detected capacity change from 0 to 2048
[   32.342909] loop0: detected capacity change from 0 to 2048
[   32.379021] loop0: detected capacity change from 0 to 2048
[   32.418557] loop0: detected capacity change from 0 to 2048
[   32.454179] loop0: detected capacity change from 0 to 2048
[   32.472728] loop0: detected capacity change from 0 to 2048
[   32.511876] loop0: detected capacity change from 0 to 2048
[   32.540573] loop0: detected capacity change from 0 to 2048
[   32.583428] loop0: detected capacity change from 0 to 2048
[   32.619149] loop0: detected capacity change from 0 to 2048
[   32.644298] loop0: detected capacity change from 0 to 2048
[   32.698835] loop0: detected capacity change from 0 to 2048
[   32.699327] I/O error, dev loop0, sector 0 op 0x0:(READ) flags 0x80700 phys_seg 1 prio class 2
[   32.747000] loop0: detected capacity change from 0 to 2048
[   32.787112] loop0: detected capacity change from 0 to 2048
[   32.823445] loop0: detected capacity change from 0 to 2048
[   32.850901] loop0: detected capacity change from 0 to 2048
[   32.892504] loop0: detected capacity change from 0 to 2048
[   32.927509] loop0: detected capacity change from 0 to 2048
[   32.948169] loop0: detected capacity change from 0 to 2048
[   32.983970] loop0: detected capacity change from 0 to 2048
[   33.009600] loop0: detected capacity change from 0 to 2048
[   33.047582] loop0: detected capacity change from 0 to 2048
[   33.067175] loop0: detected capacity change from 0 to 2048
[   33.120387] loop0: detected capacity change from 0 to 2048
[   33.141008] loop0: detected capacity change from 0 to 2048
[   33.167545] loop0: detected capacity change from 0 to 2048
[   33.201742] loop0: detected capacity change from 0 to 2048
[   33.244257] loop0: detected capacity change from 0 to 2048
[   33.270285] loop0: detected capacity change from 0 to 2048
[   33.298143] loop0: detected capacity change from 0 to 2048
[   33.323244] loop0: detected capacity change from 0 to 2048
[   33.354331] loop0: detected capacity change from 0 to 2048
[   33.396719] loop0: detected capacity change from 0 to 2048
[   33.422322] loop0: detected capacity change from 0 to 2048
[   33.471750] loop0: detected capacity change from 0 to 2048
[   33.511422] loop0: detected capacity change from 0 to 2048
[   33.538922] loop0: detected capacity change from 0 to 2048
[   33.564810] loop0: detected capacity change from 0 to 2048
[   33.599941] loop0: detected capacity change from 0 to 2048
[   33.623833] loop0: detected capacity change from 0 to 2048
[   33.671795] loop0: detected capacity change from 0 to 2048
[   33.719700] loop0: detected capacity change from 0 to 2048
[   33.751496] loop0: detected capacity change from 0 to 2048
[   33.780227] loop0: detected capacity change from 0 to 2048
[   33.815530] loop0: detected capacity change from 0 to 2048
[   33.848974] loop0: detected capacity change from 0 to 2048
[   33.874241] loop0: detected capacity change from 0 to 2048
[   33.905151] loop0: detected capacity change from 0 to 2048
[   33.930776] loop0: detected capacity change from 0 to 2048
[   33.959285] loop0: detected capacity change from 0 to 2048
[   33.987044] loop0: detected capacity change from 0 to 2048
[   34.019182] loop0: detected capacity change from 0 to 2048
[   34.048909] loop0: detected capacity change from 0 to 2048
[   34.072324] loop0: detected capacity change from 0 to 2048
[   34.112725] loop0: detected capacity change from 0 to 2048
[   34.133261] loop0: detected capacity change from 0 to 2048
[   34.167014] loop0: detected capacity change from 0 to 2048
[   34.190875] loop0: detected capacity change from 0 to 2048
[   34.237613] loop0: detected capacity change from 0 to 2048
[   34.267219] loop0: detected capacity change from 0 to 2048
[   34.295252] loop0: detected capacity change from 0 to 2048
[   34.324163] loop0: detected capacity change from 0 to 2048
[   34.351347] loop0: detected capacity change from 0 to 2048
[   34.380539] loop0: detected capacity change from 0 to 2048
[   34.405800] loop0: detected capacity change from 0 to 2048
[   34.451525] loop0: detected capacity change from 0 to 2048
[   34.477937] loop0: detected capacity change from 0 to 2048
[   34.511357] loop0: detected capacity change from 0 to 2048
[   34.542676] loop0: detected capacity change from 0 to 2048
[   34.567055] loop0: detected capacity change from 0 to 2048
[   34.567514] I/O error, dev loop0, sector 0 op 0x0:(READ) flags 0x80700 phys_seg 1 prio class 2
[   34.612329] loop0: detected capacity change from 0 to 2048
[   34.653468] loop0: detected capacity change from 0 to 2048
[   34.699145] loop0: detected capacity change from 0 to 2048
[   34.740454] loop0: detected capacity change from 0 to 2048
[   34.759293] loop0: detected capacity change from 0 to 2048
[   34.792201] loop0: detected capacity change from 0 to 2048
[   34.820837] loop0: detected capacity change from 0 to 2048
[   34.856326] loop0: detected capacity change from 0 to 2048
[   34.880235] loop0: detected capacity change from 0 to 2048
[   34.924181] loop0: detected capacity change from 0 to 2048
[   34.959201] loop0: detected capacity change from 0 to 2048
[   34.991765] loop0: detected capacity change from 0 to 2048
[   35.018182] loop0: detected capacity change from 0 to 2048
[   35.018646] I/O error, dev loop0, sector 0 op 0x0:(READ) flags 0x80700 phys_seg 1 prio class 2
[   35.063384] loop0: detected capacity change from 0 to 2048
[   35.099690] loop0: detected capacity change from 0 to 2048
[   35.135677] loop0: detected capacity change from 0 to 2048
[   35.171997] loop0: detected capacity change from 0 to 2048
[   35.208282] loop0: detected capacity change from 0 to 2048
[   35.236812] loop0: detected capacity change from 0 to 2048
[   35.263915] loop0: detected capacity change from 0 to 2048
[   35.307281] loop0: detected capacity change from 0 to 2048
[   35.343900] loop0: detected capacity change from 0 to 2048
[   35.349363] EXT4-fs mount: 791 callbacks suppressed
[   35.349373] EXT4-fs (loop0): mounted filesystem 00000000-0000-0000-0000-000000000000 r/w without journal. Quota mode: none.
[   35.360607] EXT4-fs (loop0): unmounting filesystem 00000000-0000-0000-0000-000000000000.
[   35.374683] loop0: detected capacity change from 0 to 2048
[   35.385596] EXT4-fs (loop0): mounted filesystem 00000000-0000-0000-0000-000000000000 r/w without journal. Quota mode: none.
[   35.390923] EXT4-fs (loop0): unmounting filesystem 00000000-0000-0000-0000-000000000000.
[   35.420142] loop0: detected capacity change from 0 to 2048
[   35.425500] EXT4-fs (loop0): mounted filesystem 00000000-0000-0000-0000-000000000000 r/w without journal. Quota mode: none.
[   35.431047] EXT4-fs (loop0): unmounting filesystem 00000000-0000-0000-0000-000000000000.
[   35.447166] loop0: detected capacity change from 0 to 2048
[   35.447485] I/O error, dev loop0, sector 0 op 0x0:(READ) flags 0x80700 phys_seg 1 prio class 2
[   35.458138] EXT4-fs (loop0): mounted filesystem 00000000-0000-0000-0000-000000000000 r/w without journal. Quota mode: none.
[   35.465082] EXT4-fs (loop0): unmounting filesystem 00000000-0000-0000-0000-000000000000.
[   35.496791] loop0: detected capacity change from 0 to 2048
[   35.501527] EXT4-fs (loop0): mounted filesystem 00000000-0000-0000-0000-000000000000 r/w without journal. Quota mode: none.
[   35.507966] EXT4-fs (loop0): unmounting filesystem 00000000-0000-0000-0000-000000000000.
[   35.525385] loop0: detected capacity change from 0 to 2048
[   35.529216] EXT4-fs (loop0): mounted filesystem 00000000-0000-0000-0000-000000000000 r/w without journal. Quota mode: none.
[   35.536630] EXT4-fs (loop0): unmounting filesystem 00000000-0000-0000-0000-000000000000.
[   35.554773] loop0: detected capacity change from 0 to 2048
[   35.561334] EXT4-fs (loop0): mounted filesystem 00000000-0000-0000-0000-000000000000 r/w without journal. Quota mode: none.
[   35.566167] EXT4-fs (loop0): unmounting filesystem 00000000-0000-0000-0000-000000000000.
[   35.579019] loop0: detected capacity change from 0 to 2048
[   35.593285] EXT4-fs (loop0): mounted filesystem 00000000-0000-0000-0000-000000000000 r/w without journal. Quota mode: none.
[   35.601390] EXT4-fs (loop0): unmounting filesystem 00000000-0000-0000-0000-000000000000.
[   35.639596] loop0: detected capacity change from 0 to 2048
[   35.645353] EXT4-fs (loop0): mounted filesystem 00000000-0000-0000-0000-000000000000 r/w without journal. Quota mode: none.
[   35.660083] EXT4-fs (loop0): unmounting filesystem 00000000-0000-0000-0000-000000000000.
[   35.676970] loop0: detected capacity change from 0 to 2048
[   35.681275] EXT4-fs (loop0): mounted filesystem 00000000-0000-0000-0000-000000000000 r/w without journal. Quota mode: none.
[   35.694133] EXT4-fs (loop0): unmounting filesystem 00000000-0000-0000-0000-000000000000.
[   35.728373] loop0: detected capacity change from 0 to 2048
[   35.733524] EXT4-fs (loop0): mounted filesystem 00000000-0000-0000-0000-000000000000 r/w without journal. Quota mode: none.
[   35.741769] EXT4-fs (loop0): unmounting filesystem 00000000-0000-0000-0000-000000000000.
[   35.773178] loop0: detected capacity change from 0 to 2048
[   35.777409] EXT4-fs (loop0): mounted filesystem 00000000-0000-0000-0000-000000000000 r/w without journal. Quota mode: none.
[   35.783582] EXT4-fs (loop0): unmounting filesystem 00000000-0000-0000-0000-000000000000.
[   35.819575] loop0: detected capacity change from 0 to 2048
[   35.825459] EXT4-fs (loop0): mounted filesystem 00000000-0000-0000-0000-000000000000 r/w without journal. Quota mode: none.
[   35.830040] EXT4-fs (loop0): unmounting filesystem 00000000-0000-0000-0000-000000000000.
[   35.849236] loop0: detected capacity change from 0 to 2048
[   35.853119] EXT4-fs (loop0): mounted filesystem 00000000-0000-0000-0000-000000000000 r/w without journal. Quota mode: none.
[   35.859703] EXT4-fs (loop0): unmounting filesystem 00000000-0000-0000-0000-000000000000.
[   35.895340] loop0: detected capacity change from 0 to 2048
[   35.901224] EXT4-fs (loop0): mounted filesystem 00000000-0000-0000-0000-000000000000 r/w without journal. Quota mode: none.
[   35.906071] EXT4-fs (loop0): unmounting filesystem 00000000-0000-0000-0000-000000000000.
[   35.939150] loop0: detected capacity change from 0 to 2048
[   35.949551] EXT4-fs (loop0): mounted filesystem 00000000-0000-0000-0000-000000000000 r/w without journal. Quota mode: none.
[   35.954031] EXT4-fs (loop0): unmounting filesystem 00000000-0000-0000-0000-000000000000.
[   35.973556] loop0: detected capacity change from 0 to 2048
[   35.983150] EXT4-fs (loop0): mounted filesystem 00000000-0000-0000-0000-000000000000 r/w without journal. Quota mode: none.
[   35.988937] EXT4-fs (loop0): unmounting filesystem 00000000-0000-0000-0000-000000000000.
[   36.023568] loop0: detected capacity change from 0 to 2048
[   36.029149] EXT4-fs (loop0): mounted filesystem 00000000-0000-0000-0000-000000000000 r/w without journal. Quota mode: none.
[   36.033727] EXT4-fs (loop0): unmounting filesystem 00000000-0000-0000-0000-000000000000.
[   36.045946] loop0: detected capacity change from 0 to 2048
[   36.053389] EXT4-fs (loop0): mounted filesystem 00000000-0000-0000-0000-000000000000 r/w without journal. Quota mode: none.
[   36.062610] EXT4-fs (loop0): unmounting filesystem 00000000-0000-0000-0000-000000000000.
[   36.091581] loop0: detected capacity change from 0 to 2048
[   36.097278] EXT4-fs (loop0): mounted filesystem 00000000-0000-0000-0000-000000000000 r/w without journal. Quota mode: none.
[   36.103122] EXT4-fs (loop0): unmounting filesystem 00000000-0000-0000-0000-000000000000.
[   36.118019] loop0: detected capacity change from 0 to 2048
[   36.122669] EXT4-fs (loop0): mounted filesystem 00000000-0000-0000-0000-000000000000 r/w without journal. Quota mode: none.
[   36.132652] EXT4-fs (loop0): unmounting filesystem 00000000-0000-0000-0000-000000000000.
[   36.160330] loop0: detected capacity change from 0 to 2048
[   36.165123] EXT4-fs (loop0): mounted filesystem 00000000-0000-0000-0000-000000000000 r/w without journal. Quota mode: none.
[   36.172620] EXT4-fs (loop0): unmounting filesystem 00000000-0000-0000-0000-000000000000.
[   36.187290] loop0: detected capacity change from 0 to 2048
[   36.199022] EXT4-fs (loop0): mounted filesystem 00000000-0000-0000-0000-000000000000 r/w without journal. Quota mode: none.
[   36.207294] EXT4-fs (loop0): unmounting filesystem 00000000-0000-0000-0000-000000000000.
[   36.238024] loop0: detected capacity change from 0 to 2048
[   36.245296] EXT4-fs (loop0): mounted filesystem 00000000-0000-0000-0000-000000000000 r/w without journal. Quota mode: none.
[   36.250220] EXT4-fs (loop0): unmounting filesystem 00000000-0000-0000-0000-000000000000.
[   36.279317] loop0: detected capacity change from 0 to 2048
[   36.285468] EXT4-fs (loop0): mounted filesystem 00000000-0000-0000-0000-000000000000 r/w without journal. Quota mode: none.
[   36.291809] EXT4-fs (loop0): unmounting filesystem 00000000-0000-0000-0000-000000000000.
[   36.319391] loop0: detected capacity change from 0 to 2048
[   36.325156] EXT4-fs (loop0): mounted filesystem 00000000-0000-0000-0000-000000000000 r/w without journal. Quota mode: none.
[   36.330025] EXT4-fs (loop0): unmounting filesystem 00000000-0000-0000-0000-000000000000.
[   36.359483] loop0: detected capacity change from 0 to 2048
[   36.365169] EXT4-fs (loop0): mounted filesystem 00000000-0000-0000-0000-000000000000 r/w without journal. Quota mode: none.
[   36.370066] EXT4-fs (loop0): unmounting filesystem 00000000-0000-0000-0000-000000000000.
[   36.399157] loop0: detected capacity change from 0 to 2048
[   36.405461] EXT4-fs (loop0): mounted filesystem 00000000-0000-0000-0000-000000000000 r/w without journal. Quota mode: none.
[   36.410120] EXT4-fs (loop0): unmounting filesystem 00000000-0000-0000-0000-000000000000.
[   36.440082] loop0: detected capacity change from 0 to 2048
[   36.445772] EXT4-fs (loop0): mounted filesystem 00000000-0000-0000-0000-000000000000 r/w without journal. Quota mode: none.
[   36.453943] EXT4-fs (loop0): unmounting filesystem 00000000-0000-0000-0000-000000000000.
[   36.469942] loop0: detected capacity change from 0 to 2048
[   36.473104] EXT4-fs (loop0): mounted filesystem 00000000-0000-0000-0000-000000000000 r/w without journal. Quota mode: none.
[   36.480989] EXT4-fs (loop0): unmounting filesystem 00000000-0000-0000-0000-000000000000.
[   36.501401] loop0: detected capacity change from 0 to 2048
[   36.505784] EXT4-fs (loop0): mounted filesystem 00000000-0000-0000-0000-000000000000 r/w without journal. Quota mode: none.
[   36.511172] EXT4-fs (loop0): unmounting filesystem 00000000-0000-0000-0000-000000000000.
[   36.544051] loop0: detected capacity change from 0 to 2048
[   36.549712] EXT4-fs (loop0): mounted filesystem 00000000-0000-0000-0000-000000000000 r/w without journal. Quota mode: none.
[   36.554577] EXT4-fs (loop0): unmounting filesystem 00000000-0000-0000-0000-000000000000.
[   36.567213] loop0: detected capacity change from 0 to 2048
[   36.604356] loop0: detected capacity change from 0 to 2048
[   36.629517] loop0: detected capacity change from 0 to 2048
[   36.667649] loop0: detected capacity change from 0 to 2048
[   36.704838] loop0: detected capacity change from 0 to 2048
[   36.741607] loop0: detected capacity change from 0 to 2048
[   36.766281] loop0: detected capacity change from 0 to 2048
[   36.807472] loop0: detected capacity change from 0 to 2048
[   36.849184] loop0: detected capacity change from 0 to 2048
[   36.875404] loop0: detected capacity change from 0 to 2048
[   36.906985] loop0: detected capacity change from 0 to 2048
[   36.944255] loop0: detected capacity change from 0 to 2048
[   36.992656] loop0: detected capacity change from 0 to 2048
[   37.032086] loop0: detected capacity change from 0 to 2048
[   37.070734] loop0: detected capacity change from 0 to 2048
[   37.092680] loop0: detected capacity change from 0 to 2048
[   37.133618] loop0: detected capacity change from 0 to 2048
[   37.152940] loop0: detected capacity change from 0 to 2048
[   37.178801] loop0: detected capacity change from 0 to 2048
[   37.201921] loop0: detected capacity change from 0 to 2048
[   37.250666] loop0: detected capacity change from 0 to 2048
[   37.277406] loop0: detected capacity change from 0 to 2048
[   37.299797] loop0: detected capacity change from 0 to 2048
[   37.348158] loop0: detected capacity change from 0 to 2048
[   37.373836] loop0: detected capacity change from 0 to 2048
[   37.415471] loop0: detected capacity change from 0 to 2048
[   37.451816] loop0: detected capacity change from 0 to 2048
[   37.473020] loop0: detected capacity change from 0 to 2048
[   37.503436] loop0: detected capacity change from 0 to 2048
[   37.531201] loop0: detected capacity change from 0 to 2048
[   37.531629] I/O error, dev loop0, sector 0 op 0x0:(READ) flags 0x80700 phys_seg 1 prio class 2
[   37.572251] loop0: detected capacity change from 0 to 2048
[   37.595070] loop0: detected capacity change from 0 to 2048
[   37.617642] loop0: detected capacity change from 0 to 2048
[   37.660596] loop0: detected capacity change from 0 to 2048
[   37.703675] loop0: detected capacity change from 0 to 2048
[   37.738688] loop0: detected capacity change from 0 to 2048
[   37.763431] loop0: detected capacity change from 0 to 2048
[   37.802968] loop0: detected capacity change from 0 to 2048
[   37.840343] loop0: detected capacity change from 0 to 2048
[   37.879316] loop0: detected capacity change from 0 to 2048
[   37.919346] loop0: detected capacity change from 0 to 2048
[   37.950398] loop0: detected capacity change from 0 to 2048
[   37.951022] I/O error, dev loop0, sector 0 op 0x0:(READ) flags 0x80700 phys_seg 1 prio class 2
[   37.995879] loop0: detected capacity change from 0 to 2048
[   38.020078] loop0: detected capacity change from 0 to 2048
[   38.047972] loop0: detected capacity change from 0 to 2048
[   38.078622] loop0: detected capacity change from 0 to 2048
[   38.123621] loop0: detected capacity change from 0 to 2048
[   38.142174] loop0: detected capacity change from 0 to 2048
[   38.172896] loop0: detected capacity change from 0 to 2048
[   38.197952] loop0: detected capacity change from 0 to 2048
[   38.231471] loop0: detected capacity change from 0 to 2048
[   38.255371] loop0: detected capacity change from 0 to 2048
[   38.291137] loop0: detected capacity change from 0 to 2048
[   38.315058] loop0: detected capacity change from 0 to 2048
[   38.360102] loop0: detected capacity change from 0 to 2048
[   38.384191] loop0: detected capacity change from 0 to 2048
[   38.412788] loop0: detected capacity change from 0 to 2048
[   38.439548] loop0: detected capacity change from 0 to 2048
[   38.464214] loop0: detected capacity change from 0 to 2048
[   38.496948] loop0: detected capacity change from 0 to 2048
[   38.524316] loop0: detected capacity change from 0 to 2048
[   38.550750] loop0: detected capacity change from 0 to 2048
[   38.578347] loop0: detected capacity change from 0 to 2048
[   38.600585] loop0: detected capacity change from 0 to 2048
[   38.620513] loop0: detected capacity change from 0 to 2048
[   38.661407] loop0: detected capacity change from 0 to 2048
[   38.700404] loop0: detected capacity change from 0 to 2048
[   38.757001] loop0: detected capacity change from 0 to 2048
[   38.804978] loop0: detected capacity change from 0 to 2048
[   38.840334] loop0: detected capacity change from 0 to 2048
[   38.876200] loop0: detected capacity change from 0 to 2048
[   38.898513] loop0: detected capacity change from 0 to 2048
[   38.943937] loop0: detected capacity change from 0 to 2048
[   38.962162] loop0: detected capacity change from 0 to 2048
[   39.003872] loop0: detected capacity change from 0 to 2048
[   39.024563] loop0: detected capacity change from 0 to 2048
[   39.067757] loop0: detected capacity change from 0 to 2048
[   39.089891] loop0: detected capacity change from 0 to 2048
[   39.132731] loop0: detected capacity change from 0 to 2048
[   39.157264] loop0: detected capacity change from 0 to 2048
[   39.207598] loop0: detected capacity change from 0 to 2048
[   39.228674] loop0: detected capacity change from 0 to 2048
[   39.268736] loop0: detected capacity change from 0 to 2048
[   39.295268] loop0: detected capacity change from 0 to 2048
[   39.336752] loop0: detected capacity change from 0 to 2048
[   39.371866] loop0: detected capacity change from 0 to 2048
[   39.407796] loop0: detected capacity change from 0 to 2048
[   39.446932] loop0: detected capacity change from 0 to 2048
[   39.484627] loop0: detected capacity change from 0 to 2048
[   39.527204] loop0: detected capacity change from 0 to 2048
[   39.553194] loop0: detected capacity change from 0 to 2048
[   39.587876] loop0: detected capacity change from 0 to 2048
[   39.606899] loop0: detected capacity change from 0 to 2048
[   39.607382] I/O error, dev loop0, sector 0 op 0x0:(READ) flags 0x80700 phys_seg 1 prio class 2
[   39.633825] loop0: detected capacity change from 0 to 2048
[   39.688393] loop0: detected capacity change from 0 to 2048
[   39.736320] loop0: detected capacity change from 0 to 2048
[   39.766679] loop0: detected capacity change from 0 to 2048
[   39.807441] loop0: detected capacity change from 0 to 2048
[   39.831133] loop0: detected capacity change from 0 to 2048
[   39.852702] loop0: detected capacity change from 0 to 2048
[   39.853181] I/O error, dev loop0, sector 0 op 0x0:(READ) flags 0x80700 phys_seg 1 prio class 2
[   39.889360] loop0: detected capacity change from 0 to 2048
[   39.914643] loop0: detected capacity change from 0 to 2048
[   39.941665] loop0: detected capacity change from 0 to 2048
[   39.977555] loop0: detected capacity change from 0 to 2048
[   39.999393] loop0: detected capacity change from 0 to 2048
[   40.027370] loop0: detected capacity change from 0 to 2048
[   40.072517] loop0: detected capacity change from 0 to 2048
[   40.093559] loop0: detected capacity change from 0 to 2048
[   40.143358] loop0: detected capacity change from 0 to 2048
[   40.180333] loop0: detected capacity change from 0 to 2048
[   40.224085] loop0: detected capacity change from 0 to 2048
[   40.264197] loop0: detected capacity change from 0 to 2048
[   40.286089] loop0: detected capacity change from 0 to 2048
[   40.317664] loop0: detected capacity change from 0 to 2048
[   40.356849] loop0: detected capacity change from 0 to 2048
[   40.383954] loop0: detected capacity change from 0 to 2048
[   40.408921] loop0: detected capacity change from 0 to 2048
[   40.441559] loop0: detected capacity change from 0 to 2048
[   40.480861] loop0: detected capacity change from 0 to 2048
[   40.518928] loop0: detected capacity change from 0 to 2048
[   40.555564] loop0: detected capacity change from 0 to 2048
[   40.581437] loop0: detected capacity change from 0 to 2048
[   40.614805] loop0: detected capacity change from 0 to 2048
[   40.657037] loop0: detected capacity change from 0 to 2048
[   40.692366] loop0: detected capacity change from 0 to 2048
[   40.743948] loop0: detected capacity change from 0 to 2048
[   40.775188] loop0: detected capacity change from 0 to 2048
[   40.807494] loop0: detected capacity change from 0 to 2048
[   40.863481] loop0: detected capacity change from 0 to 2048
[   40.886481] loop0: detected capacity change from 0 to 2048
[   40.924306] loop0: detected capacity change from 0 to 2048
[   40.944329] loop0: detected capacity change from 0 to 2048
[   40.984529] loop0: detected capacity change from 0 to 2048
[   41.027111] loop0: detected capacity change from 0 to 2048
[   41.052706] loop0: detected capacity change from 0 to 2048
[   41.078018] loop0: detected capacity change from 0 to 2048
[   41.105583] loop0: detected capacity change from 0 to 2048
[   41.132112] loop0: detected capacity change from 0 to 2048
[   41.161255] loop0: detected capacity change from 0 to 2048
[   41.199687] loop0: detected capacity change from 0 to 2048
[   41.252961] loop0: detected capacity change from 0 to 2048
[   41.282718] loop0: detected capacity change from 0 to 2048
[   41.310104] loop0: detected capacity change from 0 to 2048
[   41.348911] loop0: detected capacity change from 0 to 2048
[   41.388309] loop0: detected capacity change from 0 to 2048
[   41.428064] loop0: detected capacity change from 0 to 2048
[   41.453095] loop0: detected capacity change from 0 to 2048
[   41.488405] loop0: detected capacity change from 0 to 2048
[   41.523844] loop0: detected capacity change from 0 to 2048
[   41.559985] loop0: detected capacity change from 0 to 2048
[   41.602855] loop0: detected capacity change from 0 to 2048
[   41.622846] loop0: detected capacity change from 0 to 2048
[   41.673079] loop0: detected capacity change from 0 to 2048
[   41.706514] loop0: detected capacity change from 0 to 2048
[   41.755487] loop0: detected capacity change from 0 to 2048
[   41.776215] loop0: detected capacity change from 0 to 2048
[   41.818680] loop0: detected capacity change from 0 to 2048
[   41.841456] loop0: detected capacity change from 0 to 2048
[   41.876402] loop0: detected capacity change from 0 to 2048
[   41.901670] loop0: detected capacity change from 0 to 2048
[   41.940390] loop0: detected capacity change from 0 to 2048
[   41.960597] loop0: detected capacity change from 0 to 2048
[   41.983568] loop0: detected capacity change from 0 to 2048
[   42.006924] loop0: detected capacity change from 0 to 2048
[   42.038812] loop0: detected capacity change from 0 to 2048
[   42.039468] I/O error, dev loop0, sector 0 op 0x0:(READ) flags 0x80700 phys_seg 1 prio class 2
[   42.068859] loop0: detected capacity change from 0 to 2048
[   42.102826] loop0: detected capacity change from 0 to 2048
[   42.137080] loop0: detected capacity change from 0 to 2048
[   42.161216] loop0: detected capacity change from 0 to 2048
[   42.200211] loop0: detected capacity change from 0 to 2048
[   42.236160] loop0: detected capacity change from 0 to 2048
[   42.271921] loop0: detected capacity change from 0 to 2048
[   42.307265] loop0: detected capacity change from 0 to 2048
[   42.327783] loop0: detected capacity change from 0 to 2048
[   42.374774] loop0: detected capacity change from 0 to 2048
[   42.412070] loop0: detected capacity change from 0 to 2048
[   42.448701] loop0: detected capacity change from 0 to 2048
[   42.475288] loop0: detected capacity change from 0 to 2048
[   42.511985] loop0: detected capacity change from 0 to 2048
[   42.547375] loop0: detected capacity change from 0 to 2048
[   42.584679] loop0: detected capacity change from 0 to 2048
[   42.613984] loop0: detected capacity change from 0 to 2048
[   42.649753] loop0: detected capacity change from 0 to 2048
[   42.696472] loop0: detected capacity change from 0 to 2048
[   42.743307] loop0: detected capacity change from 0 to 2048
[   42.783405] loop0: detected capacity change from 0 to 2048
[   42.807880] loop0: detected capacity change from 0 to 2048
[   42.856139] loop0: detected capacity change from 0 to 2048
[   42.890920] loop0: detected capacity change from 0 to 2048
[   42.928216] loop0: detected capacity change from 0 to 2048
[   42.948285] loop0: detected capacity change from 0 to 2048
[   42.986857] loop0: detected capacity change from 0 to 2048
[   43.023707] loop0: detected capacity change from 0 to 2048
[   43.044535] loop0: detected capacity change from 0 to 2048
[   43.082628] loop0: detected capacity change from 0 to 2048
[   43.103741] loop0: detected capacity change from 0 to 2048
[   43.150588] loop0: detected capacity change from 0 to 2048
[   43.194732] loop0: detected capacity change from 0 to 2048
[   43.216505] loop0: detected capacity change from 0 to 2048
[   43.250375] loop0: detected capacity change from 0 to 2048
[   43.277787] loop0: detected capacity change from 0 to 2048
[   43.327422] loop0: detected capacity change from 0 to 2048
[   43.367761] loop0: detected capacity change from 0 to 2048
[   43.407445] loop0: detected capacity change from 0 to 2048
[   43.447412] loop0: detected capacity change from 0 to 2048
[   43.490470] loop0: detected capacity change from 0 to 2048
[   43.522773] loop0: detected capacity change from 0 to 2048
[   43.546964] loop0: detected capacity change from 0 to 2048
[   43.577194] loop0: detected capacity change from 0 to 2048
[   43.602270] loop0: detected capacity change from 0 to 2048
[   43.640421] loop0: detected capacity change from 0 to 2048
[   43.671246] loop0: detected capacity change from 0 to 2048
[   43.703256] loop0: detected capacity change from 0 to 2048
[   43.747862] loop0: detected capacity change from 0 to 2048
[   43.766008] loop0: detected capacity change from 0 to 2048
[   43.797462] loop0: detected capacity change from 0 to 2048
[   43.821951] loop0: detected capacity change from 0 to 2048
[   43.847764] loop0: detected capacity change from 0 to 2048
[   43.892160] loop0: detected capacity change from 0 to 2048
[   43.928773] loop0: detected capacity change from 0 to 2048
[   43.957224] loop0: detected capacity change from 0 to 2048
[   43.986020] loop0: detected capacity change from 0 to 2048
[   44.019802] loop0: detected capacity change from 0 to 2048
[   44.042529] loop0: detected capacity change from 0 to 2048
[   44.070744] loop0: detected capacity change from 0 to 2048
[   44.101898] loop0: detected capacity change from 0 to 2048
[   44.143860] loop0: detected capacity change from 0 to 2048
[   44.182981] loop0: detected capacity change from 0 to 2048
[   44.210150] loop0: detected capacity change from 0 to 2048
[   44.247667] loop0: detected capacity change from 0 to 2048
[   44.286834] loop0: detected capacity change from 0 to 2048
[   44.306744] loop0: detected capacity change from 0 to 2048
[   44.307311] I/O error, dev loop0, sector 0 op 0x0:(READ) flags 0x80700 phys_seg 1 prio class 2
[   44.340192] loop0: detected capacity change from 0 to 2048
[   44.370332] loop0: detected capacity change from 0 to 2048
[   44.418837] loop0: detected capacity change from 0 to 2048
[   44.463214] loop0: detected capacity change from 0 to 2048
[   44.499574] loop0: detected capacity change from 0 to 2048
[   44.535217] loop0: detected capacity change from 0 to 2048
[   44.569859] loop0: detected capacity change from 0 to 2048
[   44.603422] loop0: detected capacity change from 0 to 2048
[   44.627636] loop0: detected capacity change from 0 to 2048
[   44.673119] loop0: detected capacity change from 0 to 2048
[   44.717706] loop0: detected capacity change from 0 to 2048
[   44.763344] loop0: detected capacity change from 0 to 2048
[   44.798708] loop0: detected capacity change from 0 to 2048
[   44.835499] loop0: detected capacity change from 0 to 2048
[   44.853620] loop0: detected capacity change from 0 to 2048
[   44.886252] loop0: detected capacity change from 0 to 2048
[   44.925177] loop0: detected capacity change from 0 to 2048
[   44.925455] I/O error, dev loop0, sector 0 op 0x0:(READ) flags 0x80700 phys_seg 1 prio class 2
[   44.963645] loop0: detected capacity change from 0 to 2048
[   44.990375] loop0: detected capacity change from 0 to 2048
[   45.021266] loop0: detected capacity change from 0 to 2048
[   45.045443] loop0: detected capacity change from 0 to 2048
[   45.087997] loop0: detected capacity change from 0 to 2048
[   45.127614] loop0: detected capacity change from 0 to 2048
[   45.162446] loop0: detected capacity change from 0 to 2048
[   45.185164] loop0: detected capacity change from 0 to 2048
[   45.214791] loop0: detected capacity change from 0 to 2048
[   45.245360] loop0: detected capacity change from 0 to 2048
[   45.272733] loop0: detected capacity change from 0 to 2048
[   45.315512] loop0: detected capacity change from 0 to 2048
[   45.354976] loop0: detected capacity change from 0 to 2048
[   45.381597] loop0: detected capacity change from 0 to 2048
[   45.408413] loop0: detected capacity change from 0 to 2048
[   45.431276] loop0: detected capacity change from 0 to 2048
[   45.431877] I/O error, dev loop0, sector 0 op 0x0:(READ) flags 0x80700 phys_seg 1 prio class 2
[   45.458389] loop0: detected capacity change from 0 to 2048
[   45.498612] loop0: detected capacity change from 0 to 2048
[   45.522792] loop0: detected capacity change from 0 to 2048
[   45.554756] loop0: detected capacity change from 0 to 2048
[   45.555497] I/O error, dev loop0, sector 0 op 0x0:(READ) flags 0x80700 phys_seg 1 prio class 2
[   45.586086] loop0: detected capacity change from 0 to 2048
[   45.605421] loop0: detected capacity change from 0 to 2048
[   45.651642] loop0: detected capacity change from 0 to 2048
[   45.682941] loop0: detected capacity change from 0 to 2048
[   45.719966] loop0: detected capacity change from 0 to 2048
[   45.760636] loop0: detected capacity change from 0 to 2048
[   45.803974] loop0: detected capacity change from 0 to 2048
[   45.826775] loop0: detected capacity change from 0 to 2048
[   45.875961] loop0: detected capacity change from 0 to 2048
[   45.915522] loop0: detected capacity change from 0 to 2048
[   45.951059] loop0: detected capacity change from 0 to 2048
[   45.976574] loop0: detected capacity change from 0 to 2048
[   46.019068] loop0: detected capacity change from 0 to 2048
[   46.054326] loop0: detected capacity change from 0 to 2048
[   46.073266] loop0: detected capacity change from 0 to 2048
[   46.115846] loop0: detected capacity change from 0 to 2048
[   46.136790] loop0: detected capacity change from 0 to 2048
[   46.161498] loop0: detected capacity change from 0 to 2048
[   46.180361] loop0: detected capacity change from 0 to 2048
[   46.231276] loop0: detected capacity change from 0 to 2048
[   46.254972] loop0: detected capacity change from 0 to 2048
[   46.282868] loop0: detected capacity change from 0 to 2048
[   46.302522] loop0: detected capacity change from 0 to 2048
[   46.346828] loop0: detected capacity change from 0 to 2048
[   46.384529] loop0: detected capacity change from 0 to 2048
[   46.406862] loop0: detected capacity change from 0 to 2048
[   46.437029] loop0: detected capacity change from 0 to 2048
[   46.462595] loop0: detected capacity change from 0 to 2048
[   46.503474] loop0: detected capacity change from 0 to 2048
[   46.540191] loop0: detected capacity change from 0 to 2048
[   46.565986] loop0: detected capacity change from 0 to 2048
[   46.604515] loop0: detected capacity change from 0 to 2048
[   46.639764] loop0: detected capacity change from 0 to 2048
[   46.679462] loop0: detected capacity change from 0 to 2048
[   46.712767] loop0: detected capacity change from 0 to 2048
[   46.746456] loop0: detected capacity change from 0 to 2048
[   46.768193] loop0: detected capacity change from 0 to 2048
[   46.812603] loop0: detected capacity change from 0 to 2048
[   46.848231] loop0: detected capacity change from 0 to 2048
[   46.887824] loop0: detected capacity change from 0 to 2048
[   46.923322] loop0: detected capacity change from 0 to 2048
[   46.951458] loop0: detected capacity change from 0 to 2048
[   46.973365] loop0: detected capacity change from 0 to 2048
[   47.000171] loop0: detected capacity change from 0 to 2048
[   47.048566] loop0: detected capacity change from 0 to 2048
[   47.085123] loop0: detected capacity change from 0 to 2048
[   47.106466] loop0: detected capacity change from 0 to 2048
[   47.137316] loop0: detected capacity change from 0 to 2048
[   47.159645] loop0: detected capacity change from 0 to 2048
[   47.203345] loop0: detected capacity change from 0 to 2048
[   47.226647] loop0: detected capacity change from 0 to 2048
[   47.259513] loop0: detected capacity change from 0 to 2048
[   47.286845] loop0: detected capacity change from 0 to 2048
[   47.328322] loop0: detected capacity change from 0 to 2048
[   47.351665] loop0: detected capacity change from 0 to 2048
[   47.380617] loop0: detected capacity change from 0 to 2048
[   47.429849] loop0: detected capacity change from 0 to 2048
[   47.468465] loop0: detected capacity change from 0 to 2048
[   47.494664] loop0: detected capacity change from 0 to 2048
[   47.517451] loop0: detected capacity change from 0 to 2048
[   47.550390] loop0: detected capacity change from 0 to 2048
[   47.588475] loop0: detected capacity change from 0 to 2048
[   47.635144] loop0: detected capacity change from 0 to 2048
[   47.677213] loop0: detected capacity change from 0 to 2048
[   47.710126] loop0: detected capacity change from 0 to 2048
[   47.749980] loop0: detected capacity change from 0 to 2048
[   47.768474] loop0: detected capacity change from 0 to 2048
[   47.793016] loop0: detected capacity change from 0 to 2048
[   47.822140] loop0: detected capacity change from 0 to 2048
[   47.846886] loop0: detected capacity change from 0 to 2048
[   47.884179] loop0: detected capacity change from 0 to 2048
[   47.918667] loop0: detected capacity change from 0 to 2048
[   47.945069] loop0: detected capacity change from 0 to 2048
[   47.945742] I/O error, dev loop0, sector 0 op 0x0:(READ) flags 0x80700 phys_seg 1 prio class 2
[   47.970093] loop0: detected capacity change from 0 to 2048
[   47.991778] loop0: detected capacity change from 0 to 2048
[   48.018685] loop0: detected capacity change from 0 to 2048
[   48.050717] loop0: detected capacity change from 0 to 2048
[   48.081284] loop0: detected capacity change from 0 to 2048
[   48.082003] I/O error, dev loop0, sector 0 op 0x0:(READ) flags 0x80700 phys_seg 1 prio class 2
[   48.108768] loop0: detected capacity change from 0 to 2048
[   48.143394] loop0: detected capacity change from 0 to 2048
[   48.184284] loop0: detected capacity change from 0 to 2048
[   48.211691] loop0: detected capacity change from 0 to 2048
[   48.231307] loop0: detected capacity change from 0 to 2048
[   48.285356] loop0: detected capacity change from 0 to 2048
[   48.310306] loop0: detected capacity change from 0 to 2048
[   48.351201] loop0: detected capacity change from 0 to 2048
[   48.379160] loop0: detected capacity change from 0 to 2048
[   48.402391] loop0: detected capacity change from 0 to 2048
[   48.432213] loop0: detected capacity change from 0 to 2048
[   48.460440] loop0: detected capacity change from 0 to 2048
[   48.487971] loop0: detected capacity change from 0 to 2048
[   48.516371] loop0: detected capacity change from 0 to 2048
[   48.550496] loop0: detected capacity change from 0 to 2048
[   48.588927] loop0: detected capacity change from 0 to 2048
[   48.628944] loop0: detected capacity change from 0 to 2048
[   48.656537] loop0: detected capacity change from 0 to 2048
[   48.688090] loop0: detected capacity change from 0 to 2048
[   48.688472] I/O error, dev loop0, sector 0 op 0x0:(READ) flags 0x80700 phys_seg 1 prio class 2
[   48.724288] loop0: detected capacity change from 0 to 2048
[   48.724953] I/O error, dev loop0, sector 0 op 0x0:(READ) flags 0x80700 phys_seg 1 prio class 2
[   48.766618] loop0: detected capacity change from 0 to 2048
[   48.812065] loop0: detected capacity change from 0 to 2048
[   48.847985] loop0: detected capacity change from 0 to 2048
[   48.884765] loop0: detected capacity change from 0 to 2048
[   48.910423] loop0: detected capacity change from 0 to 2048
[   48.953667] loop0: detected capacity change from 0 to 2048
[   48.992799] loop0: detected capacity change from 0 to 2048
[   49.019459] loop0: detected capacity change from 0 to 2048
[   49.047372] loop0: detected capacity change from 0 to 2048
[   49.080827] loop0: detected capacity change from 0 to 2048
[   49.109245] loop0: detected capacity change from 0 to 2048
[   49.155747] loop0: detected capacity change from 0 to 2048
[   49.192252] loop0: detected capacity change from 0 to 2048
[   49.215096] loop0: detected capacity change from 0 to 2048
[   49.252628] loop0: detected capacity change from 0 to 2048
[   49.274408] loop0: detected capacity change from 0 to 2048
[   49.308387] loop0: detected capacity change from 0 to 2048
[   49.332783] loop0: detected capacity change from 0 to 2048
[   49.357369] loop0: detected capacity change from 0 to 2048
[   49.387639] loop0: detected capacity change from 0 to 2048
[   49.429167] loop0: detected capacity change from 0 to 2048
[   49.472729] loop0: detected capacity change from 0 to 2048
[   49.516545] loop0: detected capacity change from 0 to 2048
[   49.541112] loop0: detected capacity change from 0 to 2048
[   49.567302] loop0: detected capacity change from 0 to 2048
[   49.605236] loop0: detected capacity change from 0 to 2048
[   49.635477] loop0: detected capacity change from 0 to 2048
[   49.663145] loop0: detected capacity change from 0 to 2048
[   49.710393] loop0: detected capacity change from 0 to 2048
[   49.749351] loop0: detected capacity change from 0 to 2048
[   49.749612] I/O error, dev loop0, sector 0 op 0x0:(READ) flags 0x80700 phys_seg 1 prio class 2
[   49.786909] loop0: detected capacity change from 0 to 2048
[   49.815530] loop0: detected capacity change from 0 to 2048
[   49.847190] loop0: detected capacity change from 0 to 2048
[   49.896563] loop0: detected capacity change from 0 to 2048
[   49.921747] loop0: detected capacity change from 0 to 2048
[   49.949869] loop0: detected capacity change from 0 to 2048
[   49.978365] loop0: detected capacity change from 0 to 2048
[   50.010037] loop0: detected capacity change from 0 to 2048
[   50.037370] loop0: detected capacity change from 0 to 2048
[   50.066370] loop0: detected capacity change from 0 to 2048
[   50.104187] loop0: detected capacity change from 0 to 2048
[   50.128484] loop0: detected capacity change from 0 to 2048
[   50.152953] loop0: detected capacity change from 0 to 2048
[   50.153663] I/O error, dev loop0, sector 0 op 0x0:(READ) flags 0x80700 phys_seg 1 prio class 2
[   50.175022] loop0: detected capacity change from 0 to 2048
[   50.223803] loop0: detected capacity change from 0 to 2048
[   50.264724] loop0: detected capacity change from 0 to 2048
[   50.289728] loop0: detected capacity change from 0 to 2048
[   50.314202] loop0: detected capacity change from 0 to 2048
[   50.346224] loop0: detected capacity change from 0 to 2048
[   50.383924] loop0: detected capacity change from 0 to 2048
[   50.418297] loop0: detected capacity change from 0 to 2048
[   50.438989] loop0: detected capacity change from 0 to 2048
[   50.461202] loop0: detected capacity change from 0 to 2048
[   50.461779] I/O error, dev loop0, sector 0 op 0x0:(READ) flags 0x80700 phys_seg 1 prio class 2
[   50.493664] loop0: detected capacity change from 0 to 2048
[   50.539245] loop0: detected capacity change from 0 to 2048
[   50.561915] loop0: detected capacity change from 0 to 2048
[   50.594508] loop0: detected capacity change from 0 to 2048
[   50.619891] loop0: detected capacity change from 0 to 2048
[   50.620643] I/O error, dev loop0, sector 0 op 0x0:(READ) flags 0x80700 phys_seg 1 prio class 2
[   50.664406] loop0: detected capacity change from 0 to 2048
[   50.709241] loop0: detected capacity change from 0 to 2048
[   50.741204] loop0: detected capacity change from 0 to 2048
[   50.779100] loop0: detected capacity change from 0 to 2048
[   50.779820] I/O error, dev loop0, sector 0 op 0x0:(READ) flags 0x80700 phys_seg 1 prio class 2
[   50.828924] loop0: detected capacity change from 0 to 2048
[   50.851291] loop0: detected capacity change from 0 to 2048
[   50.882086] loop0: detected capacity change from 0 to 2048
[   50.919767] loop0: detected capacity change from 0 to 2048
[   50.959761] loop0: detected capacity change from 0 to 2048
[   50.996193] loop0: detected capacity change from 0 to 2048
[   51.019950] loop0: detected capacity change from 0 to 2048
[   51.060042] loop0: detected capacity change from 0 to 2048
[   51.084677] loop0: detected capacity change from 0 to 2048
[   51.132930] loop0: detected capacity change from 0 to 2048
[   51.159264] loop0: detected capacity change from 0 to 2048
[   51.196074] loop0: detected capacity change from 0 to 2048
[   51.215356] loop0: detected capacity change from 0 to 2048
[   51.260170] loop0: detected capacity change from 0 to 2048
[   51.296728] loop0: detected capacity change from 0 to 2048
[   51.318937] loop0: detected capacity change from 0 to 2048
[   51.349455] loop0: detected capacity change from 0 to 2048
[   51.370191] loop0: detected capacity change from 0 to 2048
[   51.404135] loop0: detected capacity change from 0 to 2048
[   51.430686] loop0: detected capacity change from 0 to 2048
[   51.471669] loop0: detected capacity change from 0 to 2048
[   51.497971] loop0: detected capacity change from 0 to 2048
[   51.543231] loop0: detected capacity change from 0 to 2048
[   51.569348] loop0: detected capacity change from 0 to 2048
[   51.598327] loop0: detected capacity change from 0 to 2048
[   51.624564] loop0: detected capacity change from 0 to 2048
[   51.648593] loop0: detected capacity change from 0 to 2048
[   51.649113] I/O error, dev loop0, sector 0 op 0x0:(READ) flags 0x80700 phys_seg 1 prio class 2
[   51.682227] loop0: detected capacity change from 0 to 2048
[   51.734704] loop0: detected capacity change from 0 to 2048
[   51.776680] loop0: detected capacity change from 0 to 2048
[   51.797362] loop0: detected capacity change from 0 to 2048
[   51.844696] loop0: detected capacity change from 0 to 2048
[   51.881715] loop0: detected capacity change from 0 to 2048
[   51.906241] loop0: detected capacity change from 0 to 2048
[   51.952432] loop0: detected capacity change from 0 to 2048
[   51.970453] loop0: detected capacity change from 0 to 2048
[   52.003183] loop0: detected capacity change from 0 to 2048
[   52.028304] loop0: detected capacity change from 0 to 2048
[   52.054168] loop0: detected capacity change from 0 to 2048
[   52.054788] I/O error, dev loop0, sector 0 op 0x0:(READ) flags 0x80700 phys_seg 1 prio class 2
[   52.100731] loop0: detected capacity change from 0 to 2048
[   52.136115] loop0: detected capacity change from 0 to 2048
[   52.159581] loop0: detected capacity change from 0 to 2048
[   52.202041] loop0: detected capacity change from 0 to 2048
[   52.225341] loop0: detected capacity change from 0 to 2048
[   52.251768] loop0: detected capacity change from 0 to 2048
[   52.304518] loop0: detected capacity change from 0 to 2048
[   52.341110] loop0: detected capacity change from 0 to 2048
[   52.359297] loop0: detected capacity change from 0 to 2048
[   52.406137] loop0: detected capacity change from 0 to 2048
[   52.435225] loop0: detected capacity change from 0 to 2048
[   52.460112] loop0: detected capacity change from 0 to 2048
[   52.460610] I/O error, dev loop0, sector 0 op 0x0:(READ) flags 0x80700 phys_seg 1 prio class 2
[   52.508038] loop0: detected capacity change from 0 to 2048
[   52.538409] loop0: detected capacity change from 0 to 2048
[   52.563368] loop0: detected capacity change from 0 to 2048
[   52.563731] I/O error, dev loop0, sector 0 op 0x0:(READ) flags 0x80700 phys_seg 1 prio class 2
[   52.594489] loop0: detected capacity change from 0 to 2048
[   52.640583] loop0: detected capacity change from 0 to 2048
[   52.688088] loop0: detected capacity change from 0 to 2048
[   52.729365] loop0: detected capacity change from 0 to 2048
[   52.768464] loop0: detected capacity change from 0 to 2048
[   52.789501] loop0: detected capacity change from 0 to 2048
[   52.816508] loop0: detected capacity change from 0 to 2048
[   52.864717] loop0: detected capacity change from 0 to 2048
[   52.900203] loop0: detected capacity change from 0 to 2048
[   52.926877] loop0: detected capacity change from 0 to 2048
[   52.958116] loop0: detected capacity change from 0 to 2048
[   52.982727] loop0: detected capacity change from 0 to 2048
[   53.014004] loop0: detected capacity change from 0 to 2048
[   53.041996] loop0: detected capacity change from 0 to 2048
[   53.070089] loop0: detected capacity change from 0 to 2048
[   53.095320] loop0: detected capacity change from 0 to 2048
[   53.122951] loop0: detected capacity change from 0 to 2048
[   53.152908] loop0: detected capacity change from 0 to 2048
[   53.193638] loop0: detected capacity change from 0 to 2048
[   53.216966] loop0: detected capacity change from 0 to 2048
[   53.241276] loop0: detected capacity change from 0 to 2048
[   53.279699] loop0: detected capacity change from 0 to 2048
[   53.301525] loop0: detected capacity change from 0 to 2048
[   53.330380] loop0: detected capacity change from 0 to 2048
[   53.379853] loop0: detected capacity change from 0 to 2048
[   53.410902] loop0: detected capacity change from 0 to 2048
[   53.437799] loop0: detected capacity change from 0 to 2048
[   53.488333] loop0: detected capacity change from 0 to 2048
[   53.512464] loop0: detected capacity change from 0 to 2048
[   53.533493] loop0: detected capacity change from 0 to 2048
[   53.566713] loop0: detected capacity change from 0 to 2048
[   53.611649] loop0: detected capacity change from 0 to 2048
[   53.655471] loop0: detected capacity change from 0 to 2048
[   53.679105] loop0: detected capacity change from 0 to 2048
[   53.732769] loop0: detected capacity change from 0 to 2048
[   53.761222] loop0: detected capacity change from 0 to 2048
[   53.784775] loop0: detected capacity change from 0 to 2048
[   53.826797] loop0: detected capacity change from 0 to 2048
[   53.863987] loop0: detected capacity change from 0 to 2048
[   53.889501] loop0: detected capacity change from 0 to 2048
[   53.931356] loop0: detected capacity change from 0 to 2048
[   53.959742] loop0: detected capacity change from 0 to 2048
[   53.985911] loop0: detected capacity change from 0 to 2048
[   54.010496] loop0: detected capacity change from 0 to 2048
[   54.032539] loop0: detected capacity change from 0 to 2048
[   54.062083] loop0: detected capacity change from 0 to 2048
[   54.094148] loop0: detected capacity change from 0 to 2048
[   54.135897] loop0: detected capacity change from 0 to 2048
[   54.157833] loop0: detected capacity change from 0 to 2048
[   54.210125] loop0: detected capacity change from 0 to 2048
[   54.230637] loop0: detected capacity change from 0 to 2048
[   54.275912] loop0: detected capacity change from 0 to 2048
[   54.297421] loop0: detected capacity change from 0 to 2048
[   54.330695] loop0: detected capacity change from 0 to 2048
[   54.360244] loop0: detected capacity change from 0 to 2048
[   54.388931] loop0: detected capacity change from 0 to 2048
[   54.389360] I/O error, dev loop0, sector 0 op 0x0:(READ) flags 0x80700 phys_seg 1 prio class 2
[   54.421583] loop0: detected capacity change from 0 to 2048
[   54.464791] loop0: detected capacity change from 0 to 2048
[   54.492562] loop0: detected capacity change from 0 to 2048
[   54.536641] loop0: detected capacity change from 0 to 2048
[   54.563819] loop0: detected capacity change from 0 to 2048
[   54.584752] loop0: detected capacity change from 0 to 2048
[   54.624370] loop0: detected capacity change from 0 to 2048
[   54.663492] loop0: detected capacity change from 0 to 2048
[   54.714484] loop0: detected capacity change from 0 to 2048
[   54.747563] loop0: detected capacity change from 0 to 2048
[   54.768500] loop0: detected capacity change from 0 to 2048
[   54.800790] loop0: detected capacity change from 0 to 2048
[   54.843862] loop0: detected capacity change from 0 to 2048
[   54.867816] loop0: detected capacity change from 0 to 2048
[   54.903429] loop0: detected capacity change from 0 to 2048
[   54.935010] loop0: detected capacity change from 0 to 2048
[   54.973014] loop0: detected capacity change from 0 to 2048
[   55.011714] loop0: detected capacity change from 0 to 2048
[   55.037695] loop0: detected capacity change from 0 to 2048
[   55.060728] loop0: detected capacity change from 0 to 2048
[   55.087438] loop0: detected capacity change from 0 to 2048
[   55.114934] loop0: detected capacity change from 0 to 2048
[   55.146549] loop0: detected capacity change from 0 to 2048
[   55.184331] loop0: detected capacity change from 0 to 2048
[   55.221021] loop0: detected capacity change from 0 to 2048
[   55.259637] loop0: detected capacity change from 0 to 2048
[   55.297155] loop0: detected capacity change from 0 to 2048
[   55.321502] loop0: detected capacity change from 0 to 2048
[   55.354144] loop0: detected capacity change from 0 to 2048
[   55.371008] loop0: detected capacity change from 0 to 2048
[   55.415847] loop0: detected capacity change from 0 to 2048
[   55.451753] loop0: detected capacity change from 0 to 2048
[   55.488729] loop0: detected capacity change from 0 to 2048
[   55.523932] loop0: detected capacity change from 0 to 2048
[   55.559395] loop0: detected capacity change from 0 to 2048
[   55.599878] loop0: detected capacity change from 0 to 2048
[   55.619572] loop0: detected capacity change from 0 to 2048
[   55.664145] loop0: detected capacity change from 0 to 2048
[   55.715195] loop0: detected capacity change from 0 to 2048
[   55.747863] loop0: detected capacity change from 0 to 2048
[   55.775843] loop0: detected capacity change from 0 to 2048
[   55.799071] loop0: detected capacity change from 0 to 2048
[   55.799535] I/O error, dev loop0, sector 0 op 0x0:(READ) flags 0x80700 phys_seg 1 prio class 2
[   55.844687] loop0: detected capacity change from 0 to 2048
[   55.883632] loop0: detected capacity change from 0 to 2048
[   55.905054] loop0: detected capacity change from 0 to 2048
[   55.943744] loop0: detected capacity change from 0 to 2048
[   55.964274] loop0: detected capacity change from 0 to 2048
[   55.964647] I/O error, dev loop0, sector 0 op 0x0:(READ) flags 0x80700 phys_seg 1 prio class 2
[   55.991686] loop0: detected capacity change from 0 to 2048
[   56.017008] loop0: detected capacity change from 0 to 2048
[   56.055509] loop0: detected capacity change from 0 to 2048
[   56.087828] loop0: detected capacity change from 0 to 2048
[   56.113415] loop0: detected capacity change from 0 to 2048
[   56.152367] loop0: detected capacity change from 0 to 2048
[   56.175693] loop0: detected capacity change from 0 to 2048
[   56.215915] loop0: detected capacity change from 0 to 2048
[   56.252490] loop0: detected capacity change from 0 to 2048
[   56.280607] loop0: detected capacity change from 0 to 2048
[   56.318245] loop0: detected capacity change from 0 to 2048
[   56.351840] loop0: detected capacity change from 0 to 2048
[   56.381713] loop0: detected capacity change from 0 to 2048
[   56.403588] loop0: detected capacity change from 0 to 2048
[   56.432076] loop0: detected capacity change from 0 to 2048
[   56.456300] loop0: detected capacity change from 0 to 2048
[   56.493287] loop0: detected capacity change from 0 to 2048
[   56.514972] loop0: detected capacity change from 0 to 2048
[   56.560337] loop0: detected capacity change from 0 to 2048
[   56.577894] loop0: detected capacity change from 0 to 2048
[   56.611424] loop0: detected capacity change from 0 to 2048
[   56.638189] loop0: detected capacity change from 0 to 2048
[   56.683154] loop0: detected capacity change from 0 to 2048
[   56.735116] loop0: detected capacity change from 0 to 2048
[   56.779945] loop0: detected capacity change from 0 to 2048
[   56.814162] loop0: detected capacity change from 0 to 2048
[   56.852588] loop0: detected capacity change from 0 to 2048
[   56.872120] loop0: detected capacity change from 0 to 2048
[   56.911296] loop0: detected capacity change from 0 to 2048
[   56.947217] loop0: detected capacity change from 0 to 2048
[   56.970832] loop0: detected capacity change from 0 to 2048
[   56.996978] loop0: detected capacity change from 0 to 2048
[   57.039859] loop0: detected capacity change from 0 to 2048
[   57.079969] loop0: detected capacity change from 0 to 2048
[   57.105056] loop0: detected capacity change from 0 to 2048
[   57.128379] loop0: detected capacity change from 0 to 2048
[   57.171398] loop0: detected capacity change from 0 to 2048
[   57.191696] loop0: detected capacity change from 0 to 2048
[   57.224506] loop0: detected capacity change from 0 to 2048
[   57.247182] loop0: detected capacity change from 0 to 2048
[   57.294533] loop0: detected capacity change from 0 to 2048
[   57.326717] loop0: detected capacity change from 0 to 2048
[   57.375322] loop0: detected capacity change from 0 to 2048
[   57.419601] loop0: detected capacity change from 0 to 2048
[   57.442250] loop0: detected capacity change from 0 to 2048
[   57.442865] I/O error, dev loop0, sector 0 op 0x0:(READ) flags 0x80700 phys_seg 1 prio class 2
[   57.484385] loop0: detected capacity change from 0 to 2048
[   57.519742] loop0: detected capacity change from 0 to 2048
[   57.555144] loop0: detected capacity change from 0 to 2048
[   57.594704] loop0: detected capacity change from 0 to 2048
[   57.614089] loop0: detected capacity change from 0 to 2048
[   57.642231] loop0: detected capacity change from 0 to 2048
[   57.666997] loop0: detected capacity change from 0 to 2048
[   57.727394] loop0: detected capacity change from 0 to 2048
[   57.760269] loop0: detected capacity change from 0 to 2048
[   57.780924] loop0: detected capacity change from 0 to 2048
[   57.820175] loop0: detected capacity change from 0 to 2048
[   57.855979] loop0: detected capacity change from 0 to 2048
[   57.891033] loop0: detected capacity change from 0 to 2048
[   57.931574] loop0: detected capacity change from 0 to 2048
[   57.955607] loop0: detected capacity change from 0 to 2048
[   57.991447] loop0: detected capacity change from 0 to 2048
[   58.028204] loop0: detected capacity change from 0 to 2048
[   58.054036] loop0: detected capacity change from 0 to 2048
[   58.085036] loop0: detected capacity change from 0 to 2048
[   58.128097] loop0: detected capacity change from 0 to 2048
[   58.153306] loop0: detected capacity change from 0 to 2048
[   58.178414] loop0: detected capacity change from 0 to 2048
[   58.178821] I/O error, dev loop0, sector 0 op 0x0:(READ) flags 0x80700 phys_seg 1 prio class 2
[   58.223959] loop0: detected capacity change from 0 to 2048
[   58.259811] loop0: detected capacity change from 0 to 2048
[   58.295382] loop0: detected capacity change from 0 to 2048
[   58.331471] loop0: detected capacity change from 0 to 2048
[   58.367106] loop0: detected capacity change from 0 to 2048
[   58.393047] loop0: detected capacity change from 0 to 2048
[   58.440125] loop0: detected capacity change from 0 to 2048
[   58.467918] loop0: detected capacity change from 0 to 2048
[   58.507339] loop0: detected capacity change from 0 to 2048
[   58.531530] loop0: detected capacity change from 0 to 2048
[   58.555074] loop0: detected capacity change from 0 to 2048
[   58.590876] loop0: detected capacity change from 0 to 2048
[   58.614375] loop0: detected capacity change from 0 to 2048
[   58.641119] loop0: detected capacity change from 0 to 2048
[   58.681425] loop0: detected capacity change from 0 to 2048
[   58.739467] loop0: detected capacity change from 0 to 2048
[   58.771856] loop0: detected capacity change from 0 to 2048
[   58.798296] loop0: detected capacity change from 0 to 2048
[   58.843918] loop0: detected capacity change from 0 to 2048
[   58.887887] loop0: detected capacity change from 0 to 2048
[   58.916136] loop0: detected capacity change from 0 to 2048
[   58.956106] loop0: detected capacity change from 0 to 2048
[   58.986734] loop0: detected capacity change from 0 to 2048
[   59.018921] loop0: detected capacity change from 0 to 2048
[   59.063648] loop0: detected capacity change from 0 to 2048
[   59.088243] loop0: detected capacity change from 0 to 2048
[   59.115188] loop0: detected capacity change from 0 to 2048
[   59.147733] loop0: detected capacity change from 0 to 2048
[   59.183716] loop0: detected capacity change from 0 to 2048
[   59.208920] loop0: detected capacity change from 0 to 2048
[   59.231703] loop0: detected capacity change from 0 to 2048
[   59.232405] I/O error, dev loop0, sector 0 op 0x0:(READ) flags 0x80700 phys_seg 1 prio class 2
[   59.232448] I/O error, dev loop0, sector 0 op 0x0:(READ) flags 0x0 phys_seg 1 prio class 2
[   59.234622] Buffer I/O error on dev loop0, logical block 0, async page read
[   59.279215] loop0: detected capacity change from 0 to 2048
[   59.300446] loop0: detected capacity change from 0 to 2048
[   59.342546] loop0: detected capacity change from 0 to 2048
[   59.379469] loop0: detected capacity change from 0 to 2048
[   59.404376] loop0: detected capacity change from 0 to 2048
[   59.443861] loop0: detected capacity change from 0 to 2048
[   59.491291] loop0: detected capacity change from 0 to 2048
[   59.519219] loop0: detected capacity change from 0 to 2048
[   59.545573] loop0: detected capacity change from 0 to 2048
[   59.583815] loop0: detected capacity change from 0 to 2048
[   59.607069] loop0: detected capacity change from 0 to 2048
[   59.607657] I/O error, dev loop0, sector 0 op 0x0:(READ) flags 0x80700 phys_seg 1 prio class 2
[   59.648458] loop0: detected capacity change from 0 to 2048
[   59.691914] loop0: detected capacity change from 0 to 2048
[   59.727408] loop0: detected capacity change from 0 to 2048
[   59.760582] loop0: detected capacity change from 0 to 2048
[   59.788938] loop0: detected capacity change from 0 to 2048
[   59.813735] loop0: detected capacity change from 0 to 2048
[   59.814485] I/O error, dev loop0, sector 0 op 0x0:(READ) flags 0x80700 phys_seg 1 prio class 2
[   59.844992] loop0: detected capacity change from 0 to 2048
[   59.888611] loop0: detected capacity change from 0 to 2048
[   59.905848] loop0: detected capacity change from 0 to 2048
[   59.943071] loop0: detected capacity change from 0 to 2048
[   59.980521] loop0: detected capacity change from 0 to 2048
[   60.003738] loop0: detected capacity change from 0 to 2048
[   60.046041] loop0: detected capacity change from 0 to 2048
[   60.082595] loop0: detected capacity change from 0 to 2048
[   60.120080] loop0: detected capacity change from 0 to 2048
[   60.143634] loop0: detected capacity change from 0 to 2048
[   60.174264] loop0: detected capacity change from 0 to 2048
[   60.207037] loop0: detected capacity change from 0 to 2048
[   60.252158] loop0: detected capacity change from 0 to 2048
[   60.290435] loop0: detected capacity change from 0 to 2048
[   60.336287] loop0: detected capacity change from 0 to 2048
[   60.374151] loop0: detected capacity change from 0 to 2048
[   60.390254] loop0: detected capacity change from 0 to 2048
[   60.426873] loop0: detected capacity change from 0 to 2048
[   60.453227] loop0: detected capacity change from 0 to 2048
[   60.494467] loop0: detected capacity change from 0 to 2048
[   60.516092] loop0: detected capacity change from 0 to 2048
[   60.563155] loop0: detected capacity change from 0 to 2048
[   60.591813] loop0: detected capacity change from 0 to 2048
[   60.631281] loop0: detected capacity change from 0 to 2048
[   60.655143] loop0: detected capacity change from 0 to 2048
[   60.706253] loop0: detected capacity change from 0 to 2048
[   60.747967] loop0: detected capacity change from 0 to 2048
[   60.789631] loop0: detected capacity change from 0 to 2048
[   60.809728] loop0: detected capacity change from 0 to 2048
[   60.843216] loop0: detected capacity change from 0 to 2048
[   60.887678] loop0: detected capacity change from 0 to 2048
[   60.914066] loop0: detected capacity change from 0 to 2048
[   60.956165] loop0: detected capacity change from 0 to 2048
[   61.000160] loop0: detected capacity change from 0 to 2048
[   61.018427] loop0: detected capacity change from 0 to 2048
[   61.058953] loop0: detected capacity change from 0 to 2048
[   61.100557] loop0: detected capacity change from 0 to 2048
[   61.136884] loop0: detected capacity change from 0 to 2048
[   61.171005] loop0: detected capacity change from 0 to 2048
[   61.198393] loop0: detected capacity change from 0 to 2048
[   61.229679] loop0: detected capacity change from 0 to 2048
[   61.254549] loop0: detected capacity change from 0 to 2048
[   61.285429] loop0: detected capacity change from 0 to 2048
[   61.309684] loop0: detected capacity change from 0 to 2048
[   61.354744] loop0: detected capacity change from 0 to 2048
[   61.376864] loop0: detected capacity change from 0 to 2048
[   61.408565] loop0: detected capacity change from 0 to 2048
[   61.442295] loop0: detected capacity change from 0 to 2048
[   61.471572] loop0: detected capacity change from 0 to 2048
[   61.497919] loop0: detected capacity change from 0 to 2048
[   61.525496] loop0: detected capacity change from 0 to 2048
[   61.553572] loop0: detected capacity change from 0 to 2048
[   61.587360] loop0: detected capacity change from 0 to 2048
[   61.614874] loop0: detected capacity change from 0 to 2048
[   61.645871] loop0: detected capacity change from 0 to 2048
[   61.696201] loop0: detected capacity change from 0 to 2048
[   61.748298] loop0: detected capacity change from 0 to 2048
[   61.778049] loop0: detected capacity change from 0 to 2048
[   61.802955] loop0: detected capacity change from 0 to 2048
[   61.825204] loop0: detected capacity change from 0 to 2048
[   61.850020] loop0: detected capacity change from 0 to 2048
[   61.888290] loop0: detected capacity change from 0 to 2048
[   61.905912] loop0: detected capacity change from 0 to 2048
[   61.953218] loop0: detected capacity change from 0 to 2048
[   61.995875] loop0: detected capacity change from 0 to 2048
[   62.024405] loop0: detected capacity change from 0 to 2048
[   62.067866] loop0: detected capacity change from 0 to 2048
[   62.098324] loop0: detected capacity change from 0 to 2048
[   62.136357] loop0: detected capacity change from 0 to 2048
[   62.161401] loop0: detected capacity change from 0 to 2048
[   62.189043] loop0: detected capacity change from 0 to 2048
[   62.213871] loop0: detected capacity change from 0 to 2048
[   62.242180] loop0: detected capacity change from 0 to 2048
[   62.272786] loop0: detected capacity change from 0 to 2048
[   62.297875] loop0: detected capacity change from 0 to 2048
[   62.329337] loop0: detected capacity change from 0 to 2048
[   62.347565] loop0: detected capacity change from 0 to 2048
[   62.372736] loop0: detected capacity change from 0 to 2048
[   62.396877] loop0: detected capacity change from 0 to 2048
[   62.430843] loop0: detected capacity change from 0 to 2048
[   62.458475] loop0: detected capacity change from 0 to 2048
[   62.508720] loop0: detected capacity change from 0 to 2048
