c[?7l[2J[0mSeaBIOS (version rel-1.16.0-0-gd239552ce722-prebuilt.qemu.org)


iPXE (http://ipxe.org) 00:03.0 CA00 PCI2.10 PnP PMM+7FF91000+7FEF1000 CA00
Press Ctrl-B to configure iPXE (PCI 00:03.0)...                                                                               


Booting from ROM...
c[?7l[2J[    0.000000] Linux version 6.4.0-rc3-e85f8fffed2f+ (root@p-rpls01) (gcc (GCC) 8.5.0 20210514 (Red Hat 8.5.0-19), GNU ld version 2.36.1-2.el8) #1 SMP PREEMPT_DYNAMIC Wed Jun 21 03:45:24 CST 2023
[    0.000000] Command line: console=ttyS0 root=/dev/sda earlyprintk=serial net.ifnames=0 quiet plymouth.enable=0
[    0.000000] KERNEL supported cpus:
[    0.000000]   Intel GenuineIntel
[    0.000000]   AMD AuthenticAMD
[    0.000000]   Hygon HygonGenuine
[    0.000000]   Centaur CentaurHauls
[    0.000000]   zhaoxin   Shanghai  
[    0.000000] x86/fpu: Supporting XSAVE feature 0x001: 'x87 floating point registers'
[    0.000000] x86/fpu: Supporting XSAVE feature 0x002: 'SSE registers'
[    0.000000] x86/fpu: Supporting XSAVE feature 0x004: 'AVX registers'
[    0.000000] x86/fpu: Supporting XSAVE feature 0x200: 'Protection Keys User registers'
[    0.000000] x86/fpu: xstate_offset[2]:  576, xstate_sizes[2]:  256
[    0.000000] x86/fpu: xstate_offset[9]:  832, xstate_sizes[9]:    8
[    0.000000] x86/fpu: Enabled xstate features 0x207, context size is 840 bytes, using 'compacted' format.
[    0.000000] signal: max sigframe size: 3632
[    0.000000] BIOS-provided physical RAM map:
[    0.000000] BIOS-e820: [mem 0x0000000000000000-0x000000000009fbff] usable
[    0.000000] BIOS-e820: [mem 0x000000000009fc00-0x000000000009ffff] reserved
[    0.000000] BIOS-e820: [mem 0x00000000000f0000-0x00000000000fffff] reserved
[    0.000000] BIOS-e820: [mem 0x0000000000100000-0x000000007ffdffff] usable
[    0.000000] BIOS-e820: [mem 0x000000007ffe0000-0x000000007fffffff] reserved
[    0.000000] BIOS-e820: [mem 0x00000000feffc000-0x00000000feffffff] reserved
[    0.000000] BIOS-e820: [mem 0x00000000fffc0000-0x00000000ffffffff] reserved
[    0.000000] printk: bootconsole [earlyser0] enabled
[    0.223892] Spectre V2 : WARNING: Unprivileged eBPF is enabled with eIBRS on, data leaks possible via Spectre v2 BHB attacks!
[   12.355909] systemd[1]: Failed to start Load Kernel Modules.
[[0;1;31mFAILED[0m] Failed to start [0;1;39mLoad Kernel Modules[0m.

CentOS Stream 9
Kernel 6.4.0-rc3-e85f8fffed2f+ on an x86_64

Activate the web console with: systemctl enable --now cockpit.socket

test login: [   25.951655] loop0: detected capacity change from 0 to 2048
[   25.964412] EXT4-fs (loop0): mounted filesystem 00000000-0000-0000-0000-000000000000 r/w without journal. Quota mode: none.
[   25.980292] EXT4-fs (loop0): unmounting filesystem 00000000-0000-0000-0000-000000000000.
[   26.010117] loop0: detected capacity change from 0 to 2048
[   26.015863] EXT4-fs (loop0): mounted filesystem 00000000-0000-0000-0000-000000000000 r/w without journal. Quota mode: none.
[   26.024708] EXT4-fs (loop0): unmounting filesystem 00000000-0000-0000-0000-000000000000.
[   26.036965] loop0: detected capacity change from 0 to 2048
[   26.040086] EXT4-fs (loop0): mounted filesystem 00000000-0000-0000-0000-000000000000 r/w without journal. Quota mode: none.
[   26.048476] EXT4-fs (loop0): unmounting filesystem 00000000-0000-0000-0000-000000000000.
[   26.075520] loop0: detected capacity change from 0 to 2048
[   26.081770] EXT4-fs (loop0): mounted filesystem 00000000-0000-0000-0000-000000000000 r/w without journal. Quota mode: none.
[   26.086051] EXT4-fs (loop0): unmounting filesystem 00000000-0000-0000-0000-000000000000.
[   26.094998] loop0: detected capacity change from 0 to 2048
[   26.102315] EXT4-fs (loop0): mounted filesystem 00000000-0000-0000-0000-000000000000 r/w without journal. Quota mode: none.
[   26.110193] EXT4-fs (loop0): unmounting filesystem 00000000-0000-0000-0000-000000000000.
[   26.123311] loop0: detected capacity change from 0 to 2048
[   26.128291] EXT4-fs (loop0): mounted filesystem 00000000-0000-0000-0000-000000000000 r/w without journal. Quota mode: none.
[   26.132145] EXT4-fs (loop0): unmounting filesystem 00000000-0000-0000-0000-000000000000.
[   26.159162] loop0: detected capacity change from 0 to 2048
[   26.163894] EXT4-fs (loop0): mounted filesystem 00000000-0000-0000-0000-000000000000 r/w without journal. Quota mode: none.
[   26.167174] EXT4-fs (loop0): unmounting filesystem 00000000-0000-0000-0000-000000000000.
[   26.191037] loop0: detected capacity change from 0 to 2048
[   26.195718] EXT4-fs (loop0): mounted filesystem 00000000-0000-0000-0000-000000000000 r/w without journal. Quota mode: none.
[   26.199842] EXT4-fs (loop0): unmounting filesystem 00000000-0000-0000-0000-000000000000.
[   26.208939] loop0: detected capacity change from 0 to 2048
[   26.216793] EXT4-fs (loop0): mounted filesystem 00000000-0000-0000-0000-000000000000 r/w without journal. Quota mode: none.
[   26.247375] EXT4-fs (loop0): unmounting filesystem 00000000-0000-0000-0000-000000000000.
[   26.275536] loop0: detected capacity change from 0 to 2048
[   26.279753] EXT4-fs (loop0): mounted filesystem 00000000-0000-0000-0000-000000000000 r/w without journal. Quota mode: none.
[   26.289242] EXT4-fs (loop0): unmounting filesystem 00000000-0000-0000-0000-000000000000.
[   26.300653] loop0: detected capacity change from 0 to 2048
[   26.306082] EXT4-fs (loop0): mounted filesystem 00000000-0000-0000-0000-000000000000 r/w without journal. Quota mode: none.
[   26.311227] EXT4-fs (loop0): unmounting filesystem 00000000-0000-0000-0000-000000000000.
[   26.342709] loop0: detected capacity change from 0 to 2048
[   26.349514] EXT4-fs (loop0): mounted filesystem 00000000-0000-0000-0000-000000000000 r/w without journal. Quota mode: none.
[   26.353392] EXT4-fs (loop0): unmounting filesystem 00000000-0000-0000-0000-000000000000.
[   26.385568] loop0: detected capacity change from 0 to 2048
[   26.396509] EXT4-fs (loop0): mounted filesystem 00000000-0000-0000-0000-000000000000 r/w without journal. Quota mode: none.
[   26.400411] EXT4-fs (loop0): unmounting filesystem 00000000-0000-0000-0000-000000000000.
[   26.431445] loop0: detected capacity change from 0 to 2048
[   26.435724] EXT4-fs (loop0): mounted filesystem 00000000-0000-0000-0000-000000000000 r/w without journal. Quota mode: none.
[   26.439570] EXT4-fs (loop0): unmounting filesystem 00000000-0000-0000-0000-000000000000.
[   26.471308] loop0: detected capacity change from 0 to 2048
[   26.475837] EXT4-fs (loop0): mounted filesystem 00000000-0000-0000-0000-000000000000 r/w without journal. Quota mode: none.
[   26.480736] EXT4-fs (loop0): unmounting filesystem 00000000-0000-0000-0000-000000000000.
[   26.507631] loop0: detected capacity change from 0 to 2048
[   26.511710] EXT4-fs (loop0): mounted filesystem 00000000-0000-0000-0000-000000000000 r/w without journal. Quota mode: none.
[   26.515968] EXT4-fs (loop0): unmounting filesystem 00000000-0000-0000-0000-000000000000.
[   26.543330] loop0: detected capacity change from 0 to 2048
[   26.547770] EXT4-fs (loop0): mounted filesystem 00000000-0000-0000-0000-000000000000 r/w without journal. Quota mode: none.
[   26.555757] EXT4-fs (loop0): unmounting filesystem 00000000-0000-0000-0000-000000000000.
[   26.587416] loop0: detected capacity change from 0 to 2048
[   26.591730] EXT4-fs (loop0): mounted filesystem 00000000-0000-0000-0000-000000000000 r/w without journal. Quota mode: none.
[   26.598361] EXT4-fs (loop0): unmounting filesystem 00000000-0000-0000-0000-000000000000.
[   26.622748] loop0: detected capacity change from 0 to 2048
[   26.627746] EXT4-fs (loop0): mounted filesystem 00000000-0000-0000-0000-000000000000 r/w without journal. Quota mode: none.
[   26.631496] EXT4-fs (loop0): unmounting filesystem 00000000-0000-0000-0000-000000000000.
[   26.644859] loop0: detected capacity change from 0 to 2048
[   26.647863] EXT4-fs (loop0): mounted filesystem 00000000-0000-0000-0000-000000000000 r/w without journal. Quota mode: none.
[   26.655996] EXT4-fs (loop0): unmounting filesystem 00000000-0000-0000-0000-000000000000.
[   26.678074] loop0: detected capacity change from 0 to 2048
[   26.690845] EXT4-fs (loop0): mounted filesystem 00000000-0000-0000-0000-000000000000 r/w without journal. Quota mode: none.
[   26.694109] EXT4-fs (loop0): unmounting filesystem 00000000-0000-0000-0000-000000000000.
[   26.719516] loop0: detected capacity change from 0 to 2048
[   26.724117] EXT4-fs (loop0): mounted filesystem 00000000-0000-0000-0000-000000000000 r/w without journal. Quota mode: none.
[   26.732686] EXT4-fs (loop0): unmounting filesystem 00000000-0000-0000-0000-000000000000.
[   26.755467] loop0: detected capacity change from 0 to 2048
[   26.761581] EXT4-fs (loop0): mounted filesystem 00000000-0000-0000-0000-000000000000 r/w without journal. Quota mode: none.
[   26.770325] EXT4-fs (loop0): unmounting filesystem 00000000-0000-0000-0000-000000000000.
[   26.780615] loop0: detected capacity change from 0 to 2048
[   26.781009] I/O error, dev loop0, sector 0 op 0x0:(READ) flags 0x80700 phys_seg 1 prio class 2
[   26.789631] EXT4-fs (loop0): mounted filesystem 00000000-0000-0000-0000-000000000000 r/w without journal. Quota mode: none.
[   26.797552] EXT4-fs (loop0): unmounting filesystem 00000000-0000-0000-0000-000000000000.
[   26.823393] loop0: detected capacity change from 0 to 2048
[   26.829989] EXT4-fs (loop0): mounted filesystem 00000000-0000-0000-0000-000000000000 r/w without journal. Quota mode: none.
[   26.833037] EXT4-fs (loop0): unmounting filesystem 00000000-0000-0000-0000-000000000000.
[   26.842908] loop0: detected capacity change from 0 to 2048
[   26.851531] EXT4-fs (loop0): mounted filesystem 00000000-0000-0000-0000-000000000000 r/w without journal. Quota mode: none.
[   26.860248] EXT4-fs (loop0): unmounting filesystem 00000000-0000-0000-0000-000000000000.
[   26.882759] loop0: detected capacity change from 0 to 2048
[   26.887755] EXT4-fs (loop0): mounted filesystem 00000000-0000-0000-0000-000000000000 r/w without journal. Quota mode: none.
[   26.894049] EXT4-fs (loop0): unmounting filesystem 00000000-0000-0000-0000-000000000000.
[   26.918558] loop0: detected capacity change from 0 to 2048
[   26.923835] EXT4-fs (loop0): mounted filesystem 00000000-0000-0000-0000-000000000000 r/w without journal. Quota mode: none.
[   26.928151] EXT4-fs (loop0): unmounting filesystem 00000000-0000-0000-0000-000000000000.
[   26.949976] loop0: detected capacity change from 0 to 2048
[   26.956388] EXT4-fs (loop0): mounted filesystem 00000000-0000-0000-0000-000000000000 r/w without journal. Quota mode: none.
[   26.962384] EXT4-fs (loop0): unmounting filesystem 00000000-0000-0000-0000-000000000000.
[   26.986903] loop0: detected capacity change from 0 to 2048
[   26.991692] EXT4-fs (loop0): mounted filesystem 00000000-0000-0000-0000-000000000000 r/w without journal. Quota mode: none.
[   26.998683] EXT4-fs (loop0): unmounting filesystem 00000000-0000-0000-0000-000000000000.
[   27.029155] loop0: detected capacity change from 0 to 2048
[   27.035987] EXT4-fs (loop0): mounted filesystem 00000000-0000-0000-0000-000000000000 r/w without journal. Quota mode: none.
[   27.047572] EXT4-fs (loop0): unmounting filesystem 00000000-0000-0000-0000-000000000000.
[   27.070580] loop0: detected capacity change from 0 to 2048
[   27.075859] EXT4-fs (loop0): mounted filesystem 00000000-0000-0000-0000-000000000000 r/w without journal. Quota mode: none.
[   27.103640] loop0: detected capacity change from 0 to 2048
[   27.141473] loop0: detected capacity change from 0 to 2048
[   27.185440] loop0: detected capacity change from 0 to 2048
[   27.223034] loop0: detected capacity change from 0 to 2048
[   27.223387] I/O error, dev loop0, sector 0 op 0x0:(READ) flags 0x80700 phys_seg 1 prio class 2
[   27.255432] loop0: detected capacity change from 0 to 2048
[   27.290431] loop0: detected capacity change from 0 to 2048
[   27.326436] loop0: detected capacity change from 0 to 2048
[   27.362890] loop0: detected capacity change from 0 to 2048
[   27.379595] loop0: detected capacity change from 0 to 2048
[   27.409494] loop0: detected capacity change from 0 to 2048
[   27.442510] loop0: detected capacity change from 0 to 2048
[   27.481048] loop0: detected capacity change from 0 to 2048
[   27.510307] loop0: detected capacity change from 0 to 2048
[   27.549311] loop0: detected capacity change from 0 to 2048
[   27.584154] loop0: detected capacity change from 0 to 2048
[   27.616392] loop0: detected capacity change from 0 to 2048
[   27.651196] loop0: detected capacity change from 0 to 2048
[   27.675829] loop0: detected capacity change from 0 to 2048
[   27.719540] loop0: detected capacity change from 0 to 2048
[   27.742018] loop0: detected capacity change from 0 to 2048
[   27.779501] loop0: detected capacity change from 0 to 2048
[   27.810737] loop0: detected capacity change from 0 to 2048
[   27.841809] loop0: detected capacity change from 0 to 2048
[   27.859788] loop0: detected capacity change from 0 to 2048
[   27.888382] loop0: detected capacity change from 0 to 2048
[   27.907839] loop0: detected capacity change from 0 to 2048
[   27.945692] loop0: detected capacity change from 0 to 2048
[   27.983199] loop0: detected capacity change from 0 to 2048
[   28.018611] loop0: detected capacity change from 0 to 2048
[   28.063344] loop0: detected capacity change from 0 to 2048
[   28.102854] loop0: detected capacity change from 0 to 2048
[   28.143817] loop0: detected capacity change from 0 to 2048
[   28.178604] loop0: detected capacity change from 0 to 2048
[   28.215635] loop0: detected capacity change from 0 to 2048
[   28.250795] loop0: detected capacity change from 0 to 2048
[   28.286663] loop0: detected capacity change from 0 to 2048
[   28.328104] loop0: detected capacity change from 0 to 2048
[   28.366349] loop0: detected capacity change from 0 to 2048
[   28.406786] loop0: detected capacity change from 0 to 2048
[   28.432176] loop0: detected capacity change from 0 to 2048
[   28.474158] loop0: detected capacity change from 0 to 2048
[   28.518286] loop0: detected capacity change from 0 to 2048
[   28.562258] loop0: detected capacity change from 0 to 2048
[   28.614161] loop0: detected capacity change from 0 to 2048
[   28.647936] loop0: detected capacity change from 0 to 2048
[   28.670120] loop0: detected capacity change from 0 to 2048
[   28.694147] loop0: detected capacity change from 0 to 2048
[   28.732658] loop0: detected capacity change from 0 to 2048
[   28.732819] I/O error, dev loop0, sector 0 op 0x0:(READ) flags 0x80700 phys_seg 1 prio class 2
[   28.750154] loop0: detected capacity change from 0 to 2048
[   28.788126] loop0: detected capacity change from 0 to 2048
[   28.831883] loop0: detected capacity change from 0 to 2048
[   28.874820] loop0: detected capacity change from 0 to 2048
[   28.914605] loop0: detected capacity change from 0 to 2048
[   28.945690] loop0: detected capacity change from 0 to 2048
[   28.979789] loop0: detected capacity change from 0 to 2048
[   29.019228] loop0: detected capacity change from 0 to 2048
[   29.063806] loop0: detected capacity change from 0 to 2048
[   29.095901] loop0: detected capacity change from 0 to 2048
[   29.113310] loop0: detected capacity change from 0 to 2048
[   29.150073] loop0: detected capacity change from 0 to 2048
[   29.186868] loop0: detected capacity change from 0 to 2048
[   29.210415] loop0: detected capacity change from 0 to 2048
[   29.241802] loop0: detected capacity change from 0 to 2048
[   29.282280] loop0: detected capacity change from 0 to 2048
[   29.319653] loop0: detected capacity change from 0 to 2048
[   29.354653] loop0: detected capacity change from 0 to 2048
[   29.378549] loop0: detected capacity change from 0 to 2048
[   29.417829] loop0: detected capacity change from 0 to 2048
[   29.459644] loop0: detected capacity change from 0 to 2048
[   29.491248] loop0: detected capacity change from 0 to 2048
[   29.523114] loop0: detected capacity change from 0 to 2048
[   29.554957] loop0: detected capacity change from 0 to 2048
[   29.590807] loop0: detected capacity change from 0 to 2048
[   29.626895] loop0: detected capacity change from 0 to 2048
[   29.663420] loop0: detected capacity change from 0 to 2048
[   29.682385] loop0: detected capacity change from 0 to 2048
[   29.716079] loop0: detected capacity change from 0 to 2048
[   29.750676] loop0: detected capacity change from 0 to 2048
[   29.769120] loop0: detected capacity change from 0 to 2048
[   29.799395] loop0: detected capacity change from 0 to 2048
[   29.830858] loop0: detected capacity change from 0 to 2048
[   29.862884] loop0: detected capacity change from 0 to 2048
[   29.894335] loop0: detected capacity change from 0 to 2048
[   29.926826] loop0: detected capacity change from 0 to 2048
[   29.962707] loop0: detected capacity change from 0 to 2048
[   29.999415] loop0: detected capacity change from 0 to 2048
[   30.035123] loop0: detected capacity change from 0 to 2048
[   30.080762] loop0: detected capacity change from 0 to 2048
[   30.110943] loop0: detected capacity change from 0 to 2048
[   30.142004] loop0: detected capacity change from 0 to 2048
[   30.178586] loop0: detected capacity change from 0 to 2048
[   30.211163] loop0: detected capacity change from 0 to 2048
[   30.248268] loop0: detected capacity change from 0 to 2048
[   30.277399] loop0: detected capacity change from 0 to 2048
[   30.307583] loop0: detected capacity change from 0 to 2048
[   30.323831] loop0: detected capacity change from 0 to 2048
[   30.345765] loop0: detected capacity change from 0 to 2048
[   30.374622] loop0: detected capacity change from 0 to 2048
[   30.394422] loop0: detected capacity change from 0 to 2048
[   30.427077] loop0: detected capacity change from 0 to 2048
[   30.462318] loop0: detected capacity change from 0 to 2048
[   30.498173] loop0: detected capacity change from 0 to 2048
[   30.525155] loop0: detected capacity change from 0 to 2048
[   30.551271] loop0: detected capacity change from 0 to 2048
[   30.574263] loop0: detected capacity change from 0 to 2048
[   30.574677] I/O error, dev loop0, sector 0 op 0x0:(READ) flags 0x80700 phys_seg 1 prio class 2
[   30.614853] loop0: detected capacity change from 0 to 2048
[   30.630244] loop0: detected capacity change from 0 to 2048
[   30.655173] loop0: detected capacity change from 0 to 2048
[   30.694246] loop0: detected capacity change from 0 to 2048
[   30.730013] loop0: detected capacity change from 0 to 2048
[   30.756383] loop0: detected capacity change from 0 to 2048
[   30.797022] loop0: detected capacity change from 0 to 2048
[   30.815439] loop0: detected capacity change from 0 to 2048
[   30.852507] loop0: detected capacity change from 0 to 2048
[   30.884292] loop0: detected capacity change from 0 to 2048
[   30.915550] loop0: detected capacity change from 0 to 2048
[   30.950174] loop0: detected capacity change from 0 to 2048
[   30.967909] loop0: detected capacity change from 0 to 2048
[   31.006559] loop0: detected capacity change from 0 to 2048
[   31.032163] loop0: detected capacity change from 0 to 2048
[   31.067478] loop0: detected capacity change from 0 to 2048
[   31.101538] loop0: detected capacity change from 0 to 2048
[   31.123531] loop0: detected capacity change from 0 to 2048
[   31.159031] loop0: detected capacity change from 0 to 2048
[   31.191311] loop0: detected capacity change from 0 to 2048
[   31.226153] loop0: detected capacity change from 0 to 2048
[   31.262194] loop0: detected capacity change from 0 to 2048
[   31.300687] loop0: detected capacity change from 0 to 2048
[   31.323179] loop0: detected capacity change from 0 to 2048
[   31.357541] loop0: detected capacity change from 0 to 2048
[   31.397218] loop0: detected capacity change from 0 to 2048
[   31.437352] loop0: detected capacity change from 0 to 2048
[   31.466622] loop0: detected capacity change from 0 to 2048
[   31.488263] loop0: detected capacity change from 0 to 2048
[   31.518923] loop0: detected capacity change from 0 to 2048
[   31.554776] loop0: detected capacity change from 0 to 2048
[   31.574495] loop0: detected capacity change from 0 to 2048
[   31.595675] loop0: detected capacity change from 0 to 2048
[   31.632808] loop0: detected capacity change from 0 to 2048
[   31.669696] loop0: detected capacity change from 0 to 2048
[   31.700706] loop0: detected capacity change from 0 to 2048
[   31.732679] loop0: detected capacity change from 0 to 2048
[   31.766634] loop0: detected capacity change from 0 to 2048
[   31.802662] loop0: detected capacity change from 0 to 2048
[   31.825072] loop0: detected capacity change from 0 to 2048
[   31.850696] loop0: detected capacity change from 0 to 2048
[   31.892916] loop0: detected capacity change from 0 to 2048
[   31.910357] loop0: detected capacity change from 0 to 2048
[   31.950132] loop0: detected capacity change from 0 to 2048
[   31.988829] loop0: detected capacity change from 0 to 2048
[   32.007515] loop0: detected capacity change from 0 to 2048
[   32.051284] loop0: detected capacity change from 0 to 2048
[   32.082630] loop0: detected capacity change from 0 to 2048
[   32.130398] loop0: detected capacity change from 0 to 2048
[   32.179271] loop0: detected capacity change from 0 to 2048
[   32.215282] loop0: detected capacity change from 0 to 2048
[   32.232912] loop0: detected capacity change from 0 to 2048
[   32.269732] loop0: detected capacity change from 0 to 2048
[   32.314857] loop0: detected capacity change from 0 to 2048
[   32.351389] loop0: detected capacity change from 0 to 2048
[   32.383132] loop0: detected capacity change from 0 to 2048
[   32.422071] loop0: detected capacity change from 0 to 2048
[   32.458731] loop0: detected capacity change from 0 to 2048
[   32.494555] loop0: detected capacity change from 0 to 2048
[   32.542859] loop0: detected capacity change from 0 to 2048
[   32.579689] loop0: detected capacity change from 0 to 2048
[   32.602542] loop0: detected capacity change from 0 to 2048
[   32.647503] loop0: detected capacity change from 0 to 2048
[   32.682687] loop0: detected capacity change from 0 to 2048
[   32.703858] loop0: detected capacity change from 0 to 2048
[   32.751135] loop0: detected capacity change from 0 to 2048
[   32.770291] loop0: detected capacity change from 0 to 2048
[   32.813528] loop0: detected capacity change from 0 to 2048
[   32.836282] loop0: detected capacity change from 0 to 2048
[   32.853119] loop0: detected capacity change from 0 to 2048
[   32.885736] loop0: detected capacity change from 0 to 2048
[   32.925850] loop0: detected capacity change from 0 to 2048
[   32.961352] loop0: detected capacity change from 0 to 2048
[   33.010769] loop0: detected capacity change from 0 to 2048
[   33.059927] loop0: detected capacity change from 0 to 2048
[   33.081367] loop0: detected capacity change from 0 to 2048
[   33.111648] loop0: detected capacity change from 0 to 2048
[   33.147768] loop0: detected capacity change from 0 to 2048
[   33.184043] loop0: detected capacity change from 0 to 2048
[   33.226052] loop0: detected capacity change from 0 to 2048
[   33.265163] loop0: detected capacity change from 0 to 2048
[   33.294640] loop0: detected capacity change from 0 to 2048
[   33.331803] loop0: detected capacity change from 0 to 2048
[   33.364382] loop0: detected capacity change from 0 to 2048
[   33.393928] loop0: detected capacity change from 0 to 2048
[   33.438825] loop0: detected capacity change from 0 to 2048
[   33.470265] loop0: detected capacity change from 0 to 2048
[   33.507761] loop0: detected capacity change from 0 to 2048
[   33.543917] loop0: detected capacity change from 0 to 2048
[   33.561203] loop0: detected capacity change from 0 to 2048
[   33.590363] loop0: detected capacity change from 0 to 2048
[   33.624578] loop0: detected capacity change from 0 to 2048
[   33.655194] loop0: detected capacity change from 0 to 2048
[   33.691297] loop0: detected capacity change from 0 to 2048
[   33.744934] loop0: detected capacity change from 0 to 2048
[   33.779292] loop0: detected capacity change from 0 to 2048
[   33.813750] loop0: detected capacity change from 0 to 2048
[   33.843419] loop0: detected capacity change from 0 to 2048
[   33.886582] loop0: detected capacity change from 0 to 2048
[   33.919767] loop0: detected capacity change from 0 to 2048
[   33.958300] loop0: detected capacity change from 0 to 2048
[   34.002415] loop0: detected capacity change from 0 to 2048
[   34.050802] loop0: detected capacity change from 0 to 2048
[   34.076840] loop0: detected capacity change from 0 to 2048
[   34.090477] loop0: detected capacity change from 0 to 2048
[   34.123778] loop0: detected capacity change from 0 to 2048
[   34.155185] loop0: detected capacity change from 0 to 2048
[   34.178832] loop0: detected capacity change from 0 to 2048
[   34.211266] loop0: detected capacity change from 0 to 2048
[   34.245666] loop0: detected capacity change from 0 to 2048
[   34.275947] loop0: detected capacity change from 0 to 2048
[   34.299838] loop0: detected capacity change from 0 to 2048
[   34.315246] loop0: detected capacity change from 0 to 2048
[   34.335935] loop0: detected capacity change from 0 to 2048
[   34.370426] loop0: detected capacity change from 0 to 2048
[   34.410121] loop0: detected capacity change from 0 to 2048
[   34.445822] loop0: detected capacity change from 0 to 2048
[   34.479367] loop0: detected capacity change from 0 to 2048
[   34.511393] loop0: detected capacity change from 0 to 2048
[   34.546606] loop0: detected capacity change from 0 to 2048
[   34.564722] loop0: detected capacity change from 0 to 2048
[   34.594432] loop0: detected capacity change from 0 to 2048
[   34.618585] loop0: detected capacity change from 0 to 2048
[   34.644725] loop0: detected capacity change from 0 to 2048
[   34.681136] loop0: detected capacity change from 0 to 2048
[   34.720950] loop0: detected capacity change from 0 to 2048
[   34.754102] loop0: detected capacity change from 0 to 2048
[   34.793015] loop0: detected capacity change from 0 to 2048
[   34.821527] loop0: detected capacity change from 0 to 2048
[   34.853321] loop0: detected capacity change from 0 to 2048
[   34.893211] loop0: detected capacity change from 0 to 2048
[   34.914161] loop0: detected capacity change from 0 to 2048
[   34.952056] loop0: detected capacity change from 0 to 2048
[   34.982311] loop0: detected capacity change from 0 to 2048
[   34.997986] loop0: detected capacity change from 0 to 2048
[   35.037630] loop0: detected capacity change from 0 to 2048
[   35.080242] loop0: detected capacity change from 0 to 2048
[   35.109236] loop0: detected capacity change from 0 to 2048
[   35.145589] loop0: detected capacity change from 0 to 2048
[   35.178434] loop0: detected capacity change from 0 to 2048
[   35.224008] loop0: detected capacity change from 0 to 2048
[   35.255986] loop0: detected capacity change from 0 to 2048
[   35.288138] loop0: detected capacity change from 0 to 2048
[   35.306231] loop0: detected capacity change from 0 to 2048
[   35.347037] loop0: detected capacity change from 0 to 2048
[   35.383466] loop0: detected capacity change from 0 to 2048
[   35.419366] loop0: detected capacity change from 0 to 2048
[   35.436111] loop0: detected capacity change from 0 to 2048
[   35.459618] loop0: detected capacity change from 0 to 2048
[   35.491841] loop0: detected capacity change from 0 to 2048
[   35.508150] loop0: detected capacity change from 0 to 2048
[   35.552166] loop0: detected capacity change from 0 to 2048
[   35.592320] loop0: detected capacity change from 0 to 2048
[   35.622266] loop0: detected capacity change from 0 to 2048
[   35.649076] loop0: detected capacity change from 0 to 2048
[   35.649420] I/O error, dev loop0, sector 0 op 0x0:(READ) flags 0x80700 phys_seg 1 prio class 2
[   35.686736] loop0: detected capacity change from 0 to 2048
[   35.722718] loop0: detected capacity change from 0 to 2048
[   35.740047] loop0: detected capacity change from 0 to 2048
[   35.770823] loop0: detected capacity change from 0 to 2048
[   35.807781] loop0: detected capacity change from 0 to 2048
[   35.827213] loop0: detected capacity change from 0 to 2048
[   35.858749] loop0: detected capacity change from 0 to 2048
[   35.894395] loop0: detected capacity change from 0 to 2048
[   35.930398] loop0: detected capacity change from 0 to 2048
[   35.962808] loop0: detected capacity change from 0 to 2048
[   35.998803] loop0: detected capacity change from 0 to 2048
[   36.038343] loop0: detected capacity change from 0 to 2048
[   36.086543] loop0: detected capacity change from 0 to 2048
[   36.108122] loop0: detected capacity change from 0 to 2048
[   36.123662] loop0: detected capacity change from 0 to 2048
[   36.147235] loop0: detected capacity change from 0 to 2048
[   36.182128] loop0: detected capacity change from 0 to 2048
[   36.214673] loop0: detected capacity change from 0 to 2048
[   36.247095] loop0: detected capacity change from 0 to 2048
[   36.263202] loop0: detected capacity change from 0 to 2048
[   36.299012] loop0: detected capacity change from 0 to 2048
[   36.333178] loop0: detected capacity change from 0 to 2048
[   36.363517] loop0: detected capacity change from 0 to 2048
[   36.405228] loop0: detected capacity change from 0 to 2048
[   36.439562] loop0: detected capacity change from 0 to 2048
[   36.488273] loop0: detected capacity change from 0 to 2048
[   36.521414] loop0: detected capacity change from 0 to 2048
[   36.559047] loop0: detected capacity change from 0 to 2048
[   36.598912] loop0: detected capacity change from 0 to 2048
[   36.634387] loop0: detected capacity change from 0 to 2048
[   36.634821] I/O error, dev loop0, sector 0 op 0x0:(READ) flags 0x80700 phys_seg 1 prio class 2
[   36.666753] loop0: detected capacity change from 0 to 2048
[   36.701834] loop0: detected capacity change from 0 to 2048
[   36.737767] loop0: detected capacity change from 0 to 2048
[   36.771164] loop0: detected capacity change from 0 to 2048
[   36.801299] loop0: detected capacity change from 0 to 2048
[   36.826927] loop0: detected capacity change from 0 to 2048
[   36.866139] loop0: detected capacity change from 0 to 2048
[   36.903127] loop0: detected capacity change from 0 to 2048
[   36.939226] loop0: detected capacity change from 0 to 2048
[   36.956384] loop0: detected capacity change from 0 to 2048
[   36.990065] loop0: detected capacity change from 0 to 2048
[   36.990404] I/O error, dev loop0, sector 0 op 0x0:(READ) flags 0x80700 phys_seg 1 prio class 2
[   37.031596] loop0: detected capacity change from 0 to 2048
[   37.071105] loop0: detected capacity change from 0 to 2048
[   37.085799] loop0: detected capacity change from 0 to 2048
[   37.107192] loop0: detected capacity change from 0 to 2048
[   37.139258] loop0: detected capacity change from 0 to 2048
[   37.156279] loop0: detected capacity change from 0 to 2048
[   37.193598] loop0: detected capacity change from 0 to 2048
[   37.225577] loop0: detected capacity change from 0 to 2048
[   37.267621] loop0: detected capacity change from 0 to 2048
[   37.297965] loop0: detected capacity change from 0 to 2048
[   37.334588] loop0: detected capacity change from 0 to 2048
[   37.369384] loop0: detected capacity change from 0 to 2048
[   37.381226] loop0: detected capacity change from 0 to 2048
[   37.394300] loop0: detected capacity change from 0 to 2048
[   37.442168] loop0: detected capacity change from 0 to 2048
[   37.486588] loop0: detected capacity change from 0 to 2048
[   37.520324] loop0: detected capacity change from 0 to 2048
[   37.552965] loop0: detected capacity change from 0 to 2048
[   37.587132] loop0: detected capacity change from 0 to 2048
[   37.618772] loop0: detected capacity change from 0 to 2048
[   37.660341] loop0: detected capacity change from 0 to 2048
[   37.684979] loop0: detected capacity change from 0 to 2048
[   37.711074] loop0: detected capacity change from 0 to 2048
[   37.749379] loop0: detected capacity change from 0 to 2048
[   37.791917] loop0: detected capacity change from 0 to 2048
[   37.824201] loop0: detected capacity change from 0 to 2048
[   37.858040] loop0: detected capacity change from 0 to 2048
[   37.898758] loop0: detected capacity change from 0 to 2048
[   37.931543] loop0: detected capacity change from 0 to 2048
[   37.961456] loop0: detected capacity change from 0 to 2048
[   37.991134] loop0: detected capacity change from 0 to 2048
[   38.032018] loop0: detected capacity change from 0 to 2048
[   38.073524] loop0: detected capacity change from 0 to 2048
[   38.109254] loop0: detected capacity change from 0 to 2048
[   38.138800] loop0: detected capacity change from 0 to 2048
[   38.155913] loop0: detected capacity change from 0 to 2048
[   38.199954] loop0: detected capacity change from 0 to 2048
[   38.213176] loop0: detected capacity change from 0 to 2048
[   38.251124] loop0: detected capacity change from 0 to 2048
[   38.286507] loop0: detected capacity change from 0 to 2048
[   38.332917] loop0: detected capacity change from 0 to 2048
[   38.362101] loop0: detected capacity change from 0 to 2048
[   38.377258] loop0: detected capacity change from 0 to 2048
[   38.407397] loop0: detected capacity change from 0 to 2048
[   38.447132] loop0: detected capacity change from 0 to 2048
[   38.481172] loop0: detected capacity change from 0 to 2048
[   38.514557] loop0: detected capacity change from 0 to 2048
[   38.514899] I/O error, dev loop0, sector 0 op 0x0:(READ) flags 0x80700 phys_seg 1 prio class 2
[   38.545925] loop0: detected capacity change from 0 to 2048
[   38.578663] loop0: detected capacity change from 0 to 2048
[   38.579097] I/O error, dev loop0, sector 0 op 0x0:(READ) flags 0x80700 phys_seg 1 prio class 2
[   38.598892] loop0: detected capacity change from 0 to 2048
[   38.635367] loop0: detected capacity change from 0 to 2048
[   38.670895] loop0: detected capacity change from 0 to 2048
[   38.703819] loop0: detected capacity change from 0 to 2048
[   38.736304] loop0: detected capacity change from 0 to 2048
[   38.736530] I/O error, dev loop0, sector 0 op 0x0:(READ) flags 0x80700 phys_seg 1 prio class 2
[   38.770090] loop0: detected capacity change from 0 to 2048
[   38.811151] loop0: detected capacity change from 0 to 2048
[   38.845292] loop0: detected capacity change from 0 to 2048
[   38.887920] loop0: detected capacity change from 0 to 2048
[   38.923434] loop0: detected capacity change from 0 to 2048
[   38.958998] loop0: detected capacity change from 0 to 2048
[   38.998340] loop0: detected capacity change from 0 to 2048
[   39.043270] loop0: detected capacity change from 0 to 2048
[   39.078956] loop0: detected capacity change from 0 to 2048
[   39.105308] loop0: detected capacity change from 0 to 2048
[   39.144943] loop0: detected capacity change from 0 to 2048
[   39.175655] loop0: detected capacity change from 0 to 2048
[   39.211462] loop0: detected capacity change from 0 to 2048
[   39.244451] loop0: detected capacity change from 0 to 2048
[   39.283061] loop0: detected capacity change from 0 to 2048
[   39.318629] loop0: detected capacity change from 0 to 2048
[   39.336502] loop0: detected capacity change from 0 to 2048
[   39.355959] loop0: detected capacity change from 0 to 2048
[   39.386582] loop0: detected capacity change from 0 to 2048
[   39.409283] loop0: detected capacity change from 0 to 2048
[   39.444335] loop0: detected capacity change from 0 to 2048
[   39.477687] loop0: detected capacity change from 0 to 2048
[   39.515633] loop0: detected capacity change from 0 to 2048
[   39.550889] loop0: detected capacity change from 0 to 2048
[   39.592187] loop0: detected capacity change from 0 to 2048
[   39.648398] loop0: detected capacity change from 0 to 2048
[   39.683743] loop0: detected capacity change from 0 to 2048
[   39.701627] loop0: detected capacity change from 0 to 2048
[   39.719852] loop0: detected capacity change from 0 to 2048
[   39.755752] loop0: detected capacity change from 0 to 2048
[   39.791669] loop0: detected capacity change from 0 to 2048
[   39.829251] loop0: detected capacity change from 0 to 2048
[   39.852897] loop0: detected capacity change from 0 to 2048
[   39.899101] loop0: detected capacity change from 0 to 2048
[   39.916645] loop0: detected capacity change from 0 to 2048
[   39.937703] loop0: detected capacity change from 0 to 2048
[   39.983702] loop0: detected capacity change from 0 to 2048
[   40.015228] loop0: detected capacity change from 0 to 2048
[   40.058124] loop0: detected capacity change from 0 to 2048
[   40.096623] loop0: detected capacity change from 0 to 2048
[   40.123189] loop0: detected capacity change from 0 to 2048
[   40.165738] loop0: detected capacity change from 0 to 2048
[   40.205826] loop0: detected capacity change from 0 to 2048
[   40.243205] loop0: detected capacity change from 0 to 2048
[   40.277982] loop0: detected capacity change from 0 to 2048
[   40.303166] loop0: detected capacity change from 0 to 2048
[   40.346474] loop0: detected capacity change from 0 to 2048
[   40.370121] loop0: detected capacity change from 0 to 2048
[   40.406517] loop0: detected capacity change from 0 to 2048
[   40.442066] loop0: detected capacity change from 0 to 2048
[   40.467539] loop0: detected capacity change from 0 to 2048
[   40.468115] I/O error, dev loop0, sector 0 op 0x0:(READ) flags 0x80700 phys_seg 1 prio class 2
[   40.506463] loop0: detected capacity change from 0 to 2048
[   40.527525] loop0: detected capacity change from 0 to 2048
[   40.572016] loop0: detected capacity change from 0 to 2048
[   40.620414] loop0: detected capacity change from 0 to 2048
[   40.667316] loop0: detected capacity change from 0 to 2048
[   40.705085] loop0: detected capacity change from 0 to 2048
[   40.746027] loop0: detected capacity change from 0 to 2048
[   40.774115] loop0: detected capacity change from 0 to 2048
[   40.803242] loop0: detected capacity change from 0 to 2048
[   40.844422] loop0: detected capacity change from 0 to 2048
[   40.892494] loop0: detected capacity change from 0 to 2048
[   40.925651] loop0: detected capacity change from 0 to 2048
[   40.925928] I/O error, dev loop0, sector 0 op 0x0:(READ) flags 0x80700 phys_seg 1 prio class 2
[   40.950603] loop0: detected capacity change from 0 to 2048
[   40.981334] loop0: detected capacity change from 0 to 2048
[   41.013045] EXT4-fs unmount: 840 callbacks suppressed
[   41.013057] EXT4-fs (loop0): unmounting filesystem 00000000-0000-0000-0000-000000000000.
[   41.028413] loop0: detected capacity change from 0 to 2048
[   41.032066] EXT4-fs (loop0): mounted filesystem 00000000-0000-0000-0000-000000000000 r/w without journal. Quota mode: none.
[   41.043593] EXT4-fs (loop0): unmounting filesystem 00000000-0000-0000-0000-000000000000.
[   41.063016] loop0: detected capacity change from 0 to 2048
[   41.068587] EXT4-fs (loop0): mounted filesystem 00000000-0000-0000-0000-000000000000 r/w without journal. Quota mode: none.
[   41.073648] EXT4-fs (loop0): unmounting filesystem 00000000-0000-0000-0000-000000000000.
[   41.100669] loop0: detected capacity change from 0 to 2048
[   41.111987] EXT4-fs (loop0): mounted filesystem 00000000-0000-0000-0000-000000000000 r/w without journal. Quota mode: none.
[   41.121361] EXT4-fs (loop0): unmounting filesystem 00000000-0000-0000-0000-000000000000.
[   41.138056] loop0: detected capacity change from 0 to 2048
[   41.148406] EXT4-fs (loop0): mounted filesystem 00000000-0000-0000-0000-000000000000 r/w without journal. Quota mode: none.
[   41.153458] EXT4-fs (loop0): unmounting filesystem 00000000-0000-0000-0000-000000000000.
[   41.185942] loop0: detected capacity change from 0 to 2048
[   41.196704] EXT4-fs (loop0): mounted filesystem 00000000-0000-0000-0000-000000000000 r/w without journal. Quota mode: none.
[   41.208308] EXT4-fs (loop0): unmounting filesystem 00000000-0000-0000-0000-000000000000.
[   41.225200] loop0: detected capacity change from 0 to 2048
[   41.229931] EXT4-fs (loop0): mounted filesystem 00000000-0000-0000-0000-000000000000 r/w without journal. Quota mode: none.
[   41.238546] EXT4-fs (loop0): unmounting filesystem 00000000-0000-0000-0000-000000000000.
[   41.254219] loop0: detected capacity change from 0 to 2048
[   41.261540] EXT4-fs (loop0): mounted filesystem 00000000-0000-0000-0000-000000000000 r/w without journal. Quota mode: none.
[   41.271197] EXT4-fs (loop0): unmounting filesystem 00000000-0000-0000-0000-000000000000.
[   41.286919] loop0: detected capacity change from 0 to 2048
[   41.292492] EXT4-fs (loop0): mounted filesystem 00000000-0000-0000-0000-000000000000 r/w without journal. Quota mode: none.
[   41.298442] EXT4-fs (loop0): unmounting filesystem 00000000-0000-0000-0000-000000000000.
[   41.325940] loop0: detected capacity change from 0 to 2048
[   41.336269] EXT4-fs (loop0): mounted filesystem 00000000-0000-0000-0000-000000000000 r/w without journal. Quota mode: none.
[   41.342540] EXT4-fs (loop0): unmounting filesystem 00000000-0000-0000-0000-000000000000.
[   41.373695] loop0: detected capacity change from 0 to 2048
[   41.380218] EXT4-fs (loop0): mounted filesystem 00000000-0000-0000-0000-000000000000 r/w without journal. Quota mode: none.
[   41.392284] EXT4-fs (loop0): unmounting filesystem 00000000-0000-0000-0000-000000000000.
[   41.421183] loop0: detected capacity change from 0 to 2048
[   41.423974] EXT4-fs (loop0): mounted filesystem 00000000-0000-0000-0000-000000000000 r/w without journal. Quota mode: none.
[   41.433689] EXT4-fs (loop0): unmounting filesystem 00000000-0000-0000-0000-000000000000.
[   41.473670] loop0: detected capacity change from 0 to 2048
[   41.481883] EXT4-fs (loop0): mounted filesystem 00000000-0000-0000-0000-000000000000 r/w without journal. Quota mode: none.
[   41.488210] EXT4-fs (loop0): unmounting filesystem 00000000-0000-0000-0000-000000000000.
[   41.521829] loop0: detected capacity change from 0 to 2048
[   41.530365] EXT4-fs (loop0): mounted filesystem 00000000-0000-0000-0000-000000000000 r/w without journal. Quota mode: none.
[   41.537172] EXT4-fs (loop0): unmounting filesystem 00000000-0000-0000-0000-000000000000.
[   41.565965] loop0: detected capacity change from 0 to 2048
[   41.574913] EXT4-fs (loop0): mounted filesystem 00000000-0000-0000-0000-000000000000 r/w without journal. Quota mode: none.
[   41.585241] EXT4-fs (loop0): unmounting filesystem 00000000-0000-0000-0000-000000000000.
[   41.614125] loop0: detected capacity change from 0 to 2048
[   41.622862] EXT4-fs (loop0): mounted filesystem 00000000-0000-0000-0000-000000000000 r/w without journal. Quota mode: none.
[   41.633526] EXT4-fs (loop0): unmounting filesystem 00000000-0000-0000-0000-000000000000.
[   41.648633] loop0: detected capacity change from 0 to 2048
[   41.652340] EXT4-fs (loop0): mounted filesystem 00000000-0000-0000-0000-000000000000 r/w without journal. Quota mode: none.
[   41.658535] EXT4-fs (loop0): unmounting filesystem 00000000-0000-0000-0000-000000000000.
[   41.684268] loop0: detected capacity change from 0 to 2048
[   41.696419] EXT4-fs (loop0): mounted filesystem 00000000-0000-0000-0000-000000000000 r/w without journal. Quota mode: none.
[   41.705214] EXT4-fs (loop0): unmounting filesystem 00000000-0000-0000-0000-000000000000.
[   41.743514] loop0: detected capacity change from 0 to 2048
[   41.748535] EXT4-fs (loop0): mounted filesystem 00000000-0000-0000-0000-000000000000 r/w without journal. Quota mode: none.
[   41.760698] EXT4-fs (loop0): unmounting filesystem 00000000-0000-0000-0000-000000000000.
[   41.788364] loop0: detected capacity change from 0 to 2048
[   41.792029] EXT4-fs (loop0): mounted filesystem 00000000-0000-0000-0000-000000000000 r/w without journal. Quota mode: none.
[   41.804700] EXT4-fs (loop0): unmounting filesystem 00000000-0000-0000-0000-000000000000.
[   41.831997] loop0: detected capacity change from 0 to 2048
[   41.836098] EXT4-fs (loop0): mounted filesystem 00000000-0000-0000-0000-000000000000 r/w without journal. Quota mode: none.
[   41.841524] EXT4-fs (loop0): unmounting filesystem 00000000-0000-0000-0000-000000000000.
[   41.866516] loop0: detected capacity change from 0 to 2048
[   41.875998] EXT4-fs (loop0): mounted filesystem 00000000-0000-0000-0000-000000000000 r/w without journal. Quota mode: none.
[   41.882308] EXT4-fs (loop0): unmounting filesystem 00000000-0000-0000-0000-000000000000.
[   41.911357] loop0: detected capacity change from 0 to 2048
[   41.915970] EXT4-fs (loop0): mounted filesystem 00000000-0000-0000-0000-000000000000 r/w without journal. Quota mode: none.
[   41.923866] EXT4-fs (loop0): unmounting filesystem 00000000-0000-0000-0000-000000000000.
[   41.956624] loop0: detected capacity change from 0 to 2048
[   41.964291] EXT4-fs (loop0): mounted filesystem 00000000-0000-0000-0000-000000000000 r/w without journal. Quota mode: none.
[   41.968223] EXT4-fs (loop0): unmounting filesystem 00000000-0000-0000-0000-000000000000.
[   41.998032] loop0: detected capacity change from 0 to 2048
[   42.004189] EXT4-fs (loop0): mounted filesystem 00000000-0000-0000-0000-000000000000 r/w without journal. Quota mode: none.
[   42.021362] EXT4-fs (loop0): unmounting filesystem 00000000-0000-0000-0000-000000000000.
[   42.033652] loop0: detected capacity change from 0 to 2048
[   42.043068] EXT4-fs (loop0): mounted filesystem 00000000-0000-0000-0000-000000000000 r/w without journal. Quota mode: none.
[   42.053388] EXT4-fs (loop0): unmounting filesystem 00000000-0000-0000-0000-000000000000.
[   42.069670] loop0: detected capacity change from 0 to 2048
[   42.080260] EXT4-fs (loop0): mounted filesystem 00000000-0000-0000-0000-000000000000 r/w without journal. Quota mode: none.
[   42.084091] EXT4-fs (loop0): unmounting filesystem 00000000-0000-0000-0000-000000000000.
[   42.094895] loop0: detected capacity change from 0 to 2048
[   42.107229] EXT4-fs (loop0): mounted filesystem 00000000-0000-0000-0000-000000000000 r/w without journal. Quota mode: none.
[   42.112098] EXT4-fs (loop0): unmounting filesystem 00000000-0000-0000-0000-000000000000.
[   42.126810] loop0: detected capacity change from 0 to 2048
[   42.132064] EXT4-fs (loop0): mounted filesystem 00000000-0000-0000-0000-000000000000 r/w without journal. Quota mode: none.
[   42.136669] EXT4-fs (loop0): unmounting filesystem 00000000-0000-0000-0000-000000000000.
[   42.159110] loop0: detected capacity change from 0 to 2048
[   42.166551] EXT4-fs (loop0): mounted filesystem 00000000-0000-0000-0000-000000000000 r/w without journal. Quota mode: none.
[   42.173520] EXT4-fs (loop0): unmounting filesystem 00000000-0000-0000-0000-000000000000.
[   42.189197] loop0: detected capacity change from 0 to 2048
[   42.192941] EXT4-fs (loop0): mounted filesystem 00000000-0000-0000-0000-000000000000 r/w without journal. Quota mode: none.
[   42.198412] EXT4-fs (loop0): unmounting filesystem 00000000-0000-0000-0000-000000000000.
[   42.230342] loop0: detected capacity change from 0 to 2048
[   42.240782] EXT4-fs (loop0): mounted filesystem 00000000-0000-0000-0000-000000000000 r/w without journal. Quota mode: none.
[   42.245498] EXT4-fs (loop0): unmounting filesystem 00000000-0000-0000-0000-000000000000.
[   42.277911] loop0: detected capacity change from 0 to 2048
[   42.284018] EXT4-fs (loop0): mounted filesystem 00000000-0000-0000-0000-000000000000 r/w without journal. Quota mode: none.
[   42.320557] loop0: detected capacity change from 0 to 2048
[   42.351405] loop0: detected capacity change from 0 to 2048
[   42.404813] loop0: detected capacity change from 0 to 2048
[   42.424233] loop0: detected capacity change from 0 to 2048
[   42.424829] I/O error, dev loop0, sector 0 op 0x0:(READ) flags 0x80700 phys_seg 1 prio class 2
[   42.446139] loop0: detected capacity change from 0 to 2048
[   42.493207] loop0: detected capacity change from 0 to 2048
[   42.523812] loop0: detected capacity change from 0 to 2048
[   42.542289] loop0: detected capacity change from 0 to 2048
[   42.542628] I/O error, dev loop0, sector 0 op 0x0:(READ) flags 0x80700 phys_seg 1 prio class 2
[   42.567433] loop0: detected capacity change from 0 to 2048
[   42.591836] loop0: detected capacity change from 0 to 2048
[   42.624335] loop0: detected capacity change from 0 to 2048
[   42.664362] loop0: detected capacity change from 0 to 2048
[   42.693294] loop0: detected capacity change from 0 to 2048
[   42.725417] loop0: detected capacity change from 0 to 2048
[   42.763279] loop0: detected capacity change from 0 to 2048
[   42.794749] loop0: detected capacity change from 0 to 2048
[   42.829767] loop0: detected capacity change from 0 to 2048
[   42.866876] loop0: detected capacity change from 0 to 2048
[   42.902658] loop0: detected capacity change from 0 to 2048
[   42.940200] loop0: detected capacity change from 0 to 2048
[   42.968376] loop0: detected capacity change from 0 to 2048
[   43.000579] loop0: detected capacity change from 0 to 2048
[   43.043452] loop0: detected capacity change from 0 to 2048
[   43.043667] I/O error, dev loop0, sector 0 op 0x0:(READ) flags 0x80700 phys_seg 1 prio class 2
[   43.082742] loop0: detected capacity change from 0 to 2048
[   43.100292] loop0: detected capacity change from 0 to 2048
[   43.142564] loop0: detected capacity change from 0 to 2048
[   43.190468] loop0: detected capacity change from 0 to 2048
[   43.227392] loop0: detected capacity change from 0 to 2048
[   43.268609] loop0: detected capacity change from 0 to 2048
[   43.299788] loop0: detected capacity change from 0 to 2048
[   43.322591] loop0: detected capacity change from 0 to 2048
[   43.358149] loop0: detected capacity change from 0 to 2048
[   43.395722] loop0: detected capacity change from 0 to 2048
[   43.437116] loop0: detected capacity change from 0 to 2048
[   43.469208] loop0: detected capacity change from 0 to 2048
[   43.513017] loop0: detected capacity change from 0 to 2048
[   43.551779] loop0: detected capacity change from 0 to 2048
[   43.581300] loop0: detected capacity change from 0 to 2048
[   43.606812] loop0: detected capacity change from 0 to 2048
[   43.621824] loop0: detected capacity change from 0 to 2048
[   43.661227] loop0: detected capacity change from 0 to 2048
[   43.687292] loop0: detected capacity change from 0 to 2048
[   43.721551] loop0: detected capacity change from 0 to 2048
[   43.737833] loop0: detected capacity change from 0 to 2048
[   43.778723] loop0: detected capacity change from 0 to 2048
[   43.810801] loop0: detected capacity change from 0 to 2048
[   43.842790] loop0: detected capacity change from 0 to 2048
[   43.881024] loop0: detected capacity change from 0 to 2048
[   43.919006] loop0: detected capacity change from 0 to 2048
[   43.954213] loop0: detected capacity change from 0 to 2048
[   43.989351] loop0: detected capacity change from 0 to 2048
[   44.028057] loop0: detected capacity change from 0 to 2048
[   44.071880] loop0: detected capacity change from 0 to 2048
[   44.091641] loop0: detected capacity change from 0 to 2048
[   44.115404] loop0: detected capacity change from 0 to 2048
[   44.139483] loop0: detected capacity change from 0 to 2048
[   44.180235] loop0: detected capacity change from 0 to 2048
[   44.207798] loop0: detected capacity change from 0 to 2048
[   44.232288] loop0: detected capacity change from 0 to 2048
[   44.253055] loop0: detected capacity change from 0 to 2048
[   44.275957] loop0: detected capacity change from 0 to 2048
[   44.312775] loop0: detected capacity change from 0 to 2048
[   44.352763] loop0: detected capacity change from 0 to 2048
[   44.374176] loop0: detected capacity change from 0 to 2048
[   44.374662] I/O error, dev loop0, sector 0 op 0x0:(READ) flags 0x80700 phys_seg 1 prio class 2
[   44.400011] loop0: detected capacity change from 0 to 2048
[   44.436111] loop0: detected capacity change from 0 to 2048
[   44.436492] I/O error, dev loop0, sector 0 op 0x0:(READ) flags 0x80700 phys_seg 1 prio class 2
[   44.459459] loop0: detected capacity change from 0 to 2048
[   44.496692] loop0: detected capacity change from 0 to 2048
[   44.532178] loop0: detected capacity change from 0 to 2048
[   44.560523] loop0: detected capacity change from 0 to 2048
[   44.581202] loop0: detected capacity change from 0 to 2048
[   44.608434] loop0: detected capacity change from 0 to 2048
[   44.644584] loop0: detected capacity change from 0 to 2048
[   44.686364] loop0: detected capacity change from 0 to 2048
[   44.719456] loop0: detected capacity change from 0 to 2048
[   44.753247] loop0: detected capacity change from 0 to 2048
[   44.786069] loop0: detected capacity change from 0 to 2048
[   44.786444] I/O error, dev loop0, sector 0 op 0x0:(READ) flags 0x80700 phys_seg 1 prio class 2
[   44.807727] loop0: detected capacity change from 0 to 2048
[   44.839467] loop0: detected capacity change from 0 to 2048
[   44.859259] loop0: detected capacity change from 0 to 2048
[   44.881957] loop0: detected capacity change from 0 to 2048
[   44.919381] loop0: detected capacity change from 0 to 2048
[   44.955504] loop0: detected capacity change from 0 to 2048
[   44.992179] loop0: detected capacity change from 0 to 2048
[   45.036326] loop0: detected capacity change from 0 to 2048
[   45.077353] loop0: detected capacity change from 0 to 2048
[   45.105192] loop0: detected capacity change from 0 to 2048
[   45.148688] loop0: detected capacity change from 0 to 2048
[   45.165132] loop0: detected capacity change from 0 to 2048
[   45.209609] loop0: detected capacity change from 0 to 2048
[   45.233575] loop0: detected capacity change from 0 to 2048
[   45.276353] loop0: detected capacity change from 0 to 2048
[   45.298401] loop0: detected capacity change from 0 to 2048
[   45.322952] loop0: detected capacity change from 0 to 2048
[   45.355711] loop0: detected capacity change from 0 to 2048
[   45.402594] loop0: detected capacity change from 0 to 2048
[   45.402863] I/O error, dev loop0, sector 0 op 0x0:(READ) flags 0x80700 phys_seg 1 prio class 2
[   45.425268] loop0: detected capacity change from 0 to 2048
[   45.456618] loop0: detected capacity change from 0 to 2048
[   45.491517] loop0: detected capacity change from 0 to 2048
[   45.530268] loop0: detected capacity change from 0 to 2048
[   45.566321] loop0: detected capacity change from 0 to 2048
[   45.603215] loop0: detected capacity change from 0 to 2048
[   45.638427] loop0: detected capacity change from 0 to 2048
[   45.675719] loop0: detected capacity change from 0 to 2048
[   45.706784] loop0: detected capacity change from 0 to 2048
[   45.744270] loop0: detected capacity change from 0 to 2048
[   45.774923] loop0: detected capacity change from 0 to 2048
[   45.808259] loop0: detected capacity change from 0 to 2048
[   45.843409] loop0: detected capacity change from 0 to 2048
[   45.879593] loop0: detected capacity change from 0 to 2048
[   45.910536] loop0: detected capacity change from 0 to 2048
[   45.948034] loop0: detected capacity change from 0 to 2048
[   45.979650] loop0: detected capacity change from 0 to 2048
[   46.010334] loop0: detected capacity change from 0 to 2048
[   46.042276] loop0: detected capacity change from 0 to 2048
[   46.059472] loop0: detected capacity change from 0 to 2048
[   46.080979] loop0: detected capacity change from 0 to 2048
[   46.117413] loop0: detected capacity change from 0 to 2048
[   46.154920] loop0: detected capacity change from 0 to 2048
[   46.190625] loop0: detected capacity change from 0 to 2048
[   46.213733] loop0: detected capacity change from 0 to 2048
[   46.231429] loop0: detected capacity change from 0 to 2048
[   46.263362] loop0: detected capacity change from 0 to 2048
[   46.299150] loop0: detected capacity change from 0 to 2048
[   46.333208] loop0: detected capacity change from 0 to 2048
[   46.363194] loop0: detected capacity change from 0 to 2048
[   46.407136] loop0: detected capacity change from 0 to 2048
[   46.451748] loop0: detected capacity change from 0 to 2048
[   46.469711] loop0: detected capacity change from 0 to 2048
[   46.503695] loop0: detected capacity change from 0 to 2048
[   46.538475] loop0: detected capacity change from 0 to 2048
[   46.538665] I/O error, dev loop0, sector 0 op 0x0:(READ) flags 0x80700 phys_seg 1 prio class 2
[   46.573571] loop0: detected capacity change from 0 to 2048
[   46.602216] loop0: detected capacity change from 0 to 2048
[   46.624006] loop0: detected capacity change from 0 to 2048
[   46.638451] loop0: detected capacity change from 0 to 2048
[   46.685467] loop0: detected capacity change from 0 to 2048
[   46.717361] loop0: detected capacity change from 0 to 2048
[   46.763354] loop0: detected capacity change from 0 to 2048
[   46.796841] loop0: detected capacity change from 0 to 2048
[   46.828889] loop0: detected capacity change from 0 to 2048
[   46.848366] loop0: detected capacity change from 0 to 2048
[   46.886700] loop0: detected capacity change from 0 to 2048
[   46.935556] loop0: detected capacity change from 0 to 2048
[   46.970040] loop0: detected capacity change from 0 to 2048
[   47.006347] loop0: detected capacity change from 0 to 2048
[   47.054323] loop0: detected capacity change from 0 to 2048
[   47.095745] loop0: detected capacity change from 0 to 2048
[   47.132361] loop0: detected capacity change from 0 to 2048
[   47.132813] I/O error, dev loop0, sector 0 op 0x0:(READ) flags 0x80700 phys_seg 1 prio class 2
[   47.154465] loop0: detected capacity change from 0 to 2048
[   47.169406] loop0: detected capacity change from 0 to 2048
[   47.198957] loop0: detected capacity change from 0 to 2048
[   47.237915] loop0: detected capacity change from 0 to 2048
[   47.274634] loop0: detected capacity change from 0 to 2048
[   47.308486] loop0: detected capacity change from 0 to 2048
[   47.325450] loop0: detected capacity change from 0 to 2048
[   47.355295] loop0: detected capacity change from 0 to 2048
[   47.387103] loop0: detected capacity change from 0 to 2048
[   47.404644] loop0: detected capacity change from 0 to 2048
[   47.405016] I/O error, dev loop0, sector 0 op 0x0:(READ) flags 0x80700 phys_seg 1 prio class 2
[   47.435016] loop0: detected capacity change from 0 to 2048
[   47.470613] loop0: detected capacity change from 0 to 2048
[   47.471084] I/O error, dev loop0, sector 0 op 0x0:(READ) flags 0x80700 phys_seg 1 prio class 2
[   47.471113] I/O error, dev loop0, sector 0 op 0x0:(READ) flags 0x0 phys_seg 1 prio class 2
[   47.472444] Buffer I/O error on dev loop0, logical block 0, async page read
[   47.507628] loop0: detected capacity change from 0 to 2048
[   47.542046] loop0: detected capacity change from 0 to 2048
[   47.578665] loop0: detected capacity change from 0 to 2048
[   47.616149] loop0: detected capacity change from 0 to 2048
[   47.638076] loop0: detected capacity change from 0 to 2048
[   47.672636] loop0: detected capacity change from 0 to 2048
[   47.692592] loop0: detected capacity change from 0 to 2048
[   47.724156] loop0: detected capacity change from 0 to 2048
[   47.762453] loop0: detected capacity change from 0 to 2048
[   47.786828] loop0: detected capacity change from 0 to 2048
[   47.808888] loop0: detected capacity change from 0 to 2048
[   47.831098] loop0: detected capacity change from 0 to 2048
[   47.863351] loop0: detected capacity change from 0 to 2048
[   47.897444] loop0: detected capacity change from 0 to 2048
[   47.915389] loop0: detected capacity change from 0 to 2048
[   47.946684] loop0: detected capacity change from 0 to 2048
[   47.962370] loop0: detected capacity change from 0 to 2048
[   47.981851] loop0: detected capacity change from 0 to 2048
[   48.007925] loop0: detected capacity change from 0 to 2048
[   48.043319] loop0: detected capacity change from 0 to 2048
[   48.079126] loop0: detected capacity change from 0 to 2048
[   48.115981] loop0: detected capacity change from 0 to 2048
[   48.149943] loop0: detected capacity change from 0 to 2048
[   48.150326] I/O error, dev loop0, sector 0 op 0x0:(READ) flags 0x80700 phys_seg 1 prio class 2
[   48.183107] loop0: detected capacity change from 0 to 2048
[   48.217935] loop0: detected capacity change from 0 to 2048
[   48.248328] loop0: detected capacity change from 0 to 2048
[   48.277364] loop0: detected capacity change from 0 to 2048
[   48.310740] loop0: detected capacity change from 0 to 2048
[   48.345209] loop0: detected capacity change from 0 to 2048
[   48.390739] loop0: detected capacity change from 0 to 2048
[   48.436017] loop0: detected capacity change from 0 to 2048
[   48.480687] loop0: detected capacity change from 0 to 2048
[   48.521483] loop0: detected capacity change from 0 to 2048
[   48.554307] loop0: detected capacity change from 0 to 2048
[   48.576898] loop0: detected capacity change from 0 to 2048
[   48.611062] loop0: detected capacity change from 0 to 2048
[   48.651085] loop0: detected capacity change from 0 to 2048
[   48.683252] loop0: detected capacity change from 0 to 2048
[   48.722350] loop0: detected capacity change from 0 to 2048
[   48.765771] loop0: detected capacity change from 0 to 2048
[   48.802762] loop0: detected capacity change from 0 to 2048
[   48.842810] loop0: detected capacity change from 0 to 2048
[   48.883077] loop0: detected capacity change from 0 to 2048
[   48.915015] loop0: detected capacity change from 0 to 2048
[   48.949409] loop0: detected capacity change from 0 to 2048
[   48.966790] loop0: detected capacity change from 0 to 2048
[   49.006728] loop0: detected capacity change from 0 to 2048
[   49.048437] loop0: detected capacity change from 0 to 2048
[   49.077461] loop0: detected capacity change from 0 to 2048
[   49.111407] loop0: detected capacity change from 0 to 2048
[   49.150947] loop0: detected capacity change from 0 to 2048
[   49.190737] loop0: detected capacity change from 0 to 2048
[   49.212429] loop0: detected capacity change from 0 to 2048
[   49.253931] loop0: detected capacity change from 0 to 2048
[   49.296187] loop0: detected capacity change from 0 to 2048
[   49.325516] loop0: detected capacity change from 0 to 2048
[   49.352758] loop0: detected capacity change from 0 to 2048
[   49.378860] loop0: detected capacity change from 0 to 2048
[   49.415108] loop0: detected capacity change from 0 to 2048
[   49.449530] loop0: detected capacity change from 0 to 2048
[   49.476049] loop0: detected capacity change from 0 to 2048
[   49.505342] loop0: detected capacity change from 0 to 2048
[   49.544933] loop0: detected capacity change from 0 to 2048
[   49.583693] loop0: detected capacity change from 0 to 2048
[   49.619089] loop0: detected capacity change from 0 to 2048
[   49.661414] loop0: detected capacity change from 0 to 2048
[   49.705561] loop0: detected capacity change from 0 to 2048
[   49.740754] loop0: detected capacity change from 0 to 2048
[   49.775513] loop0: detected capacity change from 0 to 2048
[   49.796078] loop0: detected capacity change from 0 to 2048
[   49.839386] loop0: detected capacity change from 0 to 2048
[   49.860344] loop0: detected capacity change from 0 to 2048
[   49.899312] loop0: detected capacity change from 0 to 2048
[   49.935370] loop0: detected capacity change from 0 to 2048
[   49.971290] loop0: detected capacity change from 0 to 2048
[   50.017333] loop0: detected capacity change from 0 to 2048
[   50.059654] loop0: detected capacity change from 0 to 2048
[   50.095404] loop0: detected capacity change from 0 to 2048
[   50.136329] loop0: detected capacity change from 0 to 2048
[   50.175870] loop0: detected capacity change from 0 to 2048
[   50.212453] loop0: detected capacity change from 0 to 2048
[   50.247230] loop0: detected capacity change from 0 to 2048
[   50.262952] loop0: detected capacity change from 0 to 2048
[   50.295531] loop0: detected capacity change from 0 to 2048
[   50.327792] loop0: detected capacity change from 0 to 2048
[   50.347984] loop0: detected capacity change from 0 to 2048
[   50.383369] loop0: detected capacity change from 0 to 2048
[   50.420320] loop0: detected capacity change from 0 to 2048
[   50.456321] loop0: detected capacity change from 0 to 2048
[   50.473457] loop0: detected capacity change from 0 to 2048
[   50.502453] loop0: detected capacity change from 0 to 2048
[   50.537966] loop0: detected capacity change from 0 to 2048
[   50.571346] loop0: detected capacity change from 0 to 2048
[   50.602604] loop0: detected capacity change from 0 to 2048
[   50.616990] loop0: detected capacity change from 0 to 2048
[   50.655107] loop0: detected capacity change from 0 to 2048
[   50.686695] loop0: detected capacity change from 0 to 2048
[   50.707828] loop0: detected capacity change from 0 to 2048
[   50.739807] loop0: detected capacity change from 0 to 2048
[   50.770705] loop0: detected capacity change from 0 to 2048
[   50.806696] loop0: detected capacity change from 0 to 2048
[   50.829543] loop0: detected capacity change from 0 to 2048
[   50.842293] loop0: detected capacity change from 0 to 2048
[   50.882024] loop0: detected capacity change from 0 to 2048
[   50.917891] loop0: detected capacity change from 0 to 2048
[   50.941394] loop0: detected capacity change from 0 to 2048
[   50.978411] loop0: detected capacity change from 0 to 2048
[   51.023771] loop0: detected capacity change from 0 to 2048
[   51.083148] loop0: detected capacity change from 0 to 2048
[   51.128999] loop0: detected capacity change from 0 to 2048
[   51.151857] loop0: detected capacity change from 0 to 2048
[   51.187278] loop0: detected capacity change from 0 to 2048
[   51.212618] loop0: detected capacity change from 0 to 2048
[   51.238492] loop0: detected capacity change from 0 to 2048
[   51.262044] loop0: detected capacity change from 0 to 2048
[   51.285378] loop0: detected capacity change from 0 to 2048
[   51.306310] loop0: detected capacity change from 0 to 2048
[   51.338506] loop0: detected capacity change from 0 to 2048
[   51.364388] loop0: detected capacity change from 0 to 2048
[   51.397073] loop0: detected capacity change from 0 to 2048
[   51.430288] loop0: detected capacity change from 0 to 2048
[   51.463050] loop0: detected capacity change from 0 to 2048
[   51.477829] loop0: detected capacity change from 0 to 2048
[   51.511040] loop0: detected capacity change from 0 to 2048
[   51.511408] I/O error, dev loop0, sector 0 op 0x0:(READ) flags 0x80700 phys_seg 1 prio class 2
[   51.531294] loop0: detected capacity change from 0 to 2048
[   51.574609] loop0: detected capacity change from 0 to 2048
[   51.607563] loop0: detected capacity change from 0 to 2048
[   51.640529] loop0: detected capacity change from 0 to 2048
[   51.659243] loop0: detected capacity change from 0 to 2048
[   51.692676] loop0: detected capacity change from 0 to 2048
[   51.724482] loop0: detected capacity change from 0 to 2048
[   51.753342] loop0: detected capacity change from 0 to 2048
[   51.795620] loop0: detected capacity change from 0 to 2048
[   51.827358] loop0: detected capacity change from 0 to 2048
[   51.847728] loop0: detected capacity change from 0 to 2048
[   51.869434] loop0: detected capacity change from 0 to 2048
[   51.911254] loop0: detected capacity change from 0 to 2048
[   51.941700] loop0: detected capacity change from 0 to 2048
[   51.977837] loop0: detected capacity change from 0 to 2048
[   52.010658] loop0: detected capacity change from 0 to 2048
[   52.037212] loop0: detected capacity change from 0 to 2048
[   52.066507] loop0: detected capacity change from 0 to 2048
[   52.094372] loop0: detected capacity change from 0 to 2048
[   52.118302] loop0: detected capacity change from 0 to 2048
[   52.141343] loop0: detected capacity change from 0 to 2048
[   52.155644] loop0: detected capacity change from 0 to 2048
[   52.198943] loop0: detected capacity change from 0 to 2048
[   52.216611] loop0: detected capacity change from 0 to 2048
[   52.250806] loop0: detected capacity change from 0 to 2048
[   52.272521] loop0: detected capacity change from 0 to 2048
[   52.287728] loop0: detected capacity change from 0 to 2048
[   52.330737] loop0: detected capacity change from 0 to 2048
[   52.348127] loop0: detected capacity change from 0 to 2048
[   52.379357] loop0: detected capacity change from 0 to 2048
[   52.411203] loop0: detected capacity change from 0 to 2048
[   52.442301] loop0: detected capacity change from 0 to 2048
[   52.480727] loop0: detected capacity change from 0 to 2048
[   52.497473] loop0: detected capacity change from 0 to 2048
[   52.527409] loop0: detected capacity change from 0 to 2048
[   52.561185] loop0: detected capacity change from 0 to 2048
[   52.584847] loop0: detected capacity change from 0 to 2048
[   52.620930] loop0: detected capacity change from 0 to 2048
[   52.658682] loop0: detected capacity change from 0 to 2048
[   52.675760] loop0: detected capacity change from 0 to 2048
[   52.711296] loop0: detected capacity change from 0 to 2048
[   52.747028] loop0: detected capacity change from 0 to 2048
[   52.783523] loop0: detected capacity change from 0 to 2048
[   52.818706] loop0: detected capacity change from 0 to 2048
[   52.842525] loop0: detected capacity change from 0 to 2048
[   52.868101] loop0: detected capacity change from 0 to 2048
[   52.890706] loop0: detected capacity change from 0 to 2048
[   52.910788] loop0: detected capacity change from 0 to 2048
[   52.935905] loop0: detected capacity change from 0 to 2048
[   52.959271] loop0: detected capacity change from 0 to 2048
[   52.978787] loop0: detected capacity change from 0 to 2048
[   53.023855] loop0: detected capacity change from 0 to 2048
[   53.052011] loop0: detected capacity change from 0 to 2048
[   53.094117] loop0: detected capacity change from 0 to 2048
[   53.119540] loop0: detected capacity change from 0 to 2048
[   53.159460] loop0: detected capacity change from 0 to 2048
[   53.195326] loop0: detected capacity change from 0 to 2048
[   53.230603] loop0: detected capacity change from 0 to 2048
[   53.230911] I/O error, dev loop0, sector 0 op 0x0:(READ) flags 0x80700 phys_seg 1 prio class 2
[   53.250484] loop0: detected capacity change from 0 to 2048
[   53.287399] loop0: detected capacity change from 0 to 2048
[   53.323203] loop0: detected capacity change from 0 to 2048
[   53.353466] loop0: detected capacity change from 0 to 2048
[   53.379289] loop0: detected capacity change from 0 to 2048
[   53.416763] loop0: detected capacity change from 0 to 2048
[   53.447965] loop0: detected capacity change from 0 to 2048
[   53.479774] loop0: detected capacity change from 0 to 2048
[   53.515014] loop0: detected capacity change from 0 to 2048
[   53.551122] loop0: detected capacity change from 0 to 2048
[   53.590959] loop0: detected capacity change from 0 to 2048
[   53.621897] loop0: detected capacity change from 0 to 2048
[   53.647818] loop0: detected capacity change from 0 to 2048
[   53.687527] loop0: detected capacity change from 0 to 2048
[   53.725119] loop0: detected capacity change from 0 to 2048
[   53.745901] loop0: detected capacity change from 0 to 2048
[   53.779728] loop0: detected capacity change from 0 to 2048
[   53.815255] loop0: detected capacity change from 0 to 2048
[   53.852300] loop0: detected capacity change from 0 to 2048
[   53.894084] loop0: detected capacity change from 0 to 2048
[   53.935504] loop0: detected capacity change from 0 to 2048
[   53.965271] loop0: detected capacity change from 0 to 2048
[   54.005965] loop0: detected capacity change from 0 to 2048
[   54.043256] loop0: detected capacity change from 0 to 2048
[   54.082994] loop0: detected capacity change from 0 to 2048
[   54.118796] loop0: detected capacity change from 0 to 2048
[   54.151216] loop0: detected capacity change from 0 to 2048
[   54.182302] loop0: detected capacity change from 0 to 2048
[   54.208639] loop0: detected capacity change from 0 to 2048
[   54.240610] loop0: detected capacity change from 0 to 2048
[   54.253236] loop0: detected capacity change from 0 to 2048
[   54.269743] loop0: detected capacity change from 0 to 2048
[   54.303391] loop0: detected capacity change from 0 to 2048
[   54.339816] loop0: detected capacity change from 0 to 2048
[   54.367211] loop0: detected capacity change from 0 to 2048
[   54.398525] loop0: detected capacity change from 0 to 2048
[   54.423664] loop0: detected capacity change from 0 to 2048
[   54.465818] loop0: detected capacity change from 0 to 2048
[   54.499363] loop0: detected capacity change from 0 to 2048
[   54.542772] loop0: detected capacity change from 0 to 2048
[   54.582871] loop0: detected capacity change from 0 to 2048
[   54.630486] loop0: detected capacity change from 0 to 2048
[   54.660707] loop0: detected capacity change from 0 to 2048
[   54.697642] loop0: detected capacity change from 0 to 2048
[   54.727732] loop0: detected capacity change from 0 to 2048
[   54.757273] loop0: detected capacity change from 0 to 2048
[   54.790169] loop0: detected capacity change from 0 to 2048
[   54.820618] loop0: detected capacity change from 0 to 2048
[   54.848733] loop0: detected capacity change from 0 to 2048
[   54.893323] loop0: detected capacity change from 0 to 2048
[   54.932724] loop0: detected capacity change from 0 to 2048
[   54.956631] loop0: detected capacity change from 0 to 2048
[   54.985677] loop0: detected capacity change from 0 to 2048
[   55.020933] loop0: detected capacity change from 0 to 2048
[   55.059975] loop0: detected capacity change from 0 to 2048
[   55.084297] loop0: detected capacity change from 0 to 2048
[   55.133469] loop0: detected capacity change from 0 to 2048
[   55.183087] loop0: detected capacity change from 0 to 2048
[   55.233463] loop0: detected capacity change from 0 to 2048
[   55.264462] loop0: detected capacity change from 0 to 2048
[   55.285868] loop0: detected capacity change from 0 to 2048
[   55.323485] loop0: detected capacity change from 0 to 2048
[   55.360026] loop0: detected capacity change from 0 to 2048
[   55.389881] loop0: detected capacity change from 0 to 2048
[   55.424363] loop0: detected capacity change from 0 to 2048
[   55.459530] loop0: detected capacity change from 0 to 2048
[   55.508140] loop0: detected capacity change from 0 to 2048
[   55.546234] loop0: detected capacity change from 0 to 2048
[   55.607265] loop0: detected capacity change from 0 to 2048
[   55.658811] loop0: detected capacity change from 0 to 2048
[   55.692649] loop0: detected capacity change from 0 to 2048
[   55.748988] loop0: detected capacity change from 0 to 2048
[   55.789555] loop0: detected capacity change from 0 to 2048
[   55.821410] loop0: detected capacity change from 0 to 2048
[   55.821757] I/O error, dev loop0, sector 0 op 0x0:(READ) flags 0x80700 phys_seg 1 prio class 2
[   55.863094] loop0: detected capacity change from 0 to 2048
[   55.918087] loop0: detected capacity change from 0 to 2048
[   55.967635] loop0: detected capacity change from 0 to 2048
[   56.015524] loop0: detected capacity change from 0 to 2048
[   56.046210] loop0: detected capacity change from 0 to 2048
[   56.108593] loop0: detected capacity change from 0 to 2048
[   56.148486] loop0: detected capacity change from 0 to 2048
[   56.174872] loop0: detected capacity change from 0 to 2048
[   56.211736] loop0: detected capacity change from 0 to 2048
[   56.248357] loop0: detected capacity change from 0 to 2048
[   56.285901] loop0: detected capacity change from 0 to 2048
[   56.342525] loop0: detected capacity change from 0 to 2048
[   56.381293] loop0: detected capacity change from 0 to 2048
[   56.416865] loop0: detected capacity change from 0 to 2048
[   56.453877] loop0: detected capacity change from 0 to 2048
[   56.488557] loop0: detected capacity change from 0 to 2048
[   56.525966] loop0: detected capacity change from 0 to 2048
[   56.559597] loop0: detected capacity change from 0 to 2048
[   56.560034] I/O error, dev loop0, sector 0 op 0x0:(READ) flags 0x80700 phys_seg 1 prio class 2
[   56.597957] loop0: detected capacity change from 0 to 2048
[   56.635693] loop0: detected capacity change from 0 to 2048
[   56.666680] loop0: detected capacity change from 0 to 2048
[   56.713946] loop0: detected capacity change from 0 to 2048
[   56.759602] loop0: detected capacity change from 0 to 2048
[   56.810440] loop0: detected capacity change from 0 to 2048
[   56.853360] loop0: detected capacity change from 0 to 2048
[   56.898285] loop0: detected capacity change from 0 to 2048
[   56.945220] loop0: detected capacity change from 0 to 2048
[   56.972560] loop0: detected capacity change from 0 to 2048
[   56.997207] loop0: detected capacity change from 0 to 2048
[   57.059873] loop0: detected capacity change from 0 to 2048
[   57.105325] loop0: detected capacity change from 0 to 2048
[   57.137893] loop0: detected capacity change from 0 to 2048
[   57.172855] loop0: detected capacity change from 0 to 2048
[   57.206240] loop0: detected capacity change from 0 to 2048
[   57.247383] loop0: detected capacity change from 0 to 2048
[   57.275799] loop0: detected capacity change from 0 to 2048
[   57.334774] loop0: detected capacity change from 0 to 2048
[   57.358358] loop0: detected capacity change from 0 to 2048
[   57.400721] loop0: detected capacity change from 0 to 2048
[   57.441138] loop0: detected capacity change from 0 to 2048
[   57.487641] loop0: detected capacity change from 0 to 2048
[   57.536101] loop0: detected capacity change from 0 to 2048
[   57.565509] loop0: detected capacity change from 0 to 2048
[   57.598582] loop0: detected capacity change from 0 to 2048
[   57.630868] loop0: detected capacity change from 0 to 2048
[   57.685927] loop0: detected capacity change from 0 to 2048
[   57.729341] loop0: detected capacity change from 0 to 2048
[   57.761909] loop0: detected capacity change from 0 to 2048
[   57.792107] loop0: detected capacity change from 0 to 2048
[   57.819200] loop0: detected capacity change from 0 to 2048
[   57.849341] loop0: detected capacity change from 0 to 2048
[   57.900574] loop0: detected capacity change from 0 to 2048
[   57.944442] loop0: detected capacity change from 0 to 2048
[   57.973476] loop0: detected capacity change from 0 to 2048
[   58.014172] loop0: detected capacity change from 0 to 2048
[   58.062381] loop0: detected capacity change from 0 to 2048
[   58.110952] loop0: detected capacity change from 0 to 2048
[   58.158063] loop0: detected capacity change from 0 to 2048
[   58.212805] loop0: detected capacity change from 0 to 2048
[   58.250575] loop0: detected capacity change from 0 to 2048
[   58.250899] I/O error, dev loop0, sector 0 op 0x0:(READ) flags 0x80700 phys_seg 1 prio class 2
[   58.284954] loop0: detected capacity change from 0 to 2048
[   58.322317] loop0: detected capacity change from 0 to 2048
[   58.352356] loop0: detected capacity change from 0 to 2048
[   58.392724] loop0: detected capacity change from 0 to 2048
[   58.424732] loop0: detected capacity change from 0 to 2048
[   58.425625] I/O error, dev loop0, sector 0 op 0x0:(READ) flags 0x80700 phys_seg 1 prio class 2
[   58.462553] loop0: detected capacity change from 0 to 2048
[   58.488877] loop0: detected capacity change from 0 to 2048
[   58.538308] loop0: detected capacity change from 0 to 2048
[   58.578112] loop0: detected capacity change from 0 to 2048
[   58.631428] loop0: detected capacity change from 0 to 2048
[   58.678285] loop0: detected capacity change from 0 to 2048
[   58.716803] loop0: detected capacity change from 0 to 2048
[   58.753250] loop0: detected capacity change from 0 to 2048
[   58.802162] loop0: detected capacity change from 0 to 2048
[   58.850494] loop0: detected capacity change from 0 to 2048
[   58.884006] loop0: detected capacity change from 0 to 2048
[   58.935737] loop0: detected capacity change from 0 to 2048
[   58.964459] loop0: detected capacity change from 0 to 2048
[   59.021731] loop0: detected capacity change from 0 to 2048
[   59.082389] loop0: detected capacity change from 0 to 2048
[   59.125217] loop0: detected capacity change from 0 to 2048
[   59.160750] loop0: detected capacity change from 0 to 2048
[   59.188226] loop0: detected capacity change from 0 to 2048
[   59.223622] loop0: detected capacity change from 0 to 2048
[   59.262834] loop0: detected capacity change from 0 to 2048
[   59.300649] loop0: detected capacity change from 0 to 2048
[   59.336519] loop0: detected capacity change from 0 to 2048
[   59.388732] loop0: detected capacity change from 0 to 2048
[   59.430324] loop0: detected capacity change from 0 to 2048
[   59.464880] loop0: detected capacity change from 0 to 2048
[   59.465197] I/O error, dev loop0, sector 0 op 0x0:(READ) flags 0x80700 phys_seg 1 prio class 2
[   59.514097] loop0: detected capacity change from 0 to 2048
[   59.562002] loop0: detected capacity change from 0 to 2048
[   59.562588] I/O error, dev loop0, sector 0 op 0x0:(READ) flags 0x80700 phys_seg 1 prio class 2
[   59.596960] loop0: detected capacity change from 0 to 2048
[   59.628828] loop0: detected capacity change from 0 to 2048
[   59.658651] loop0: detected capacity change from 0 to 2048
[   59.695056] loop0: detected capacity change from 0 to 2048
[   59.730923] loop0: detected capacity change from 0 to 2048
[   59.780964] loop0: detected capacity change from 0 to 2048
[   59.781690] I/O error, dev loop0, sector 0 op 0x0:(READ) flags 0x80700 phys_seg 1 prio class 2
[   59.828670] loop0: detected capacity change from 0 to 2048
[   59.849159] loop0: detected capacity change from 0 to 2048
[   59.888246] loop0: detected capacity change from 0 to 2048
[   59.920720] loop0: detected capacity change from 0 to 2048
[   59.960257] loop0: detected capacity change from 0 to 2048
[   60.018372] loop0: detected capacity change from 0 to 2048
[   60.063641] loop0: detected capacity change from 0 to 2048
[   60.093547] loop0: detected capacity change from 0 to 2048
[   60.142193] loop0: detected capacity change from 0 to 2048
[   60.142555] I/O error, dev loop0, sector 0 op 0x0:(READ) flags 0x80700 phys_seg 1 prio class 2
[   60.177484] loop0: detected capacity change from 0 to 2048
[   60.177776] I/O error, dev loop0, sector 0 op 0x0:(READ) flags 0x80700 phys_seg 1 prio class 2
[   60.209955] loop0: detected capacity change from 0 to 2048
[   60.244403] loop0: detected capacity change from 0 to 2048
[   60.276643] loop0: detected capacity change from 0 to 2048
[   60.320020] loop0: detected capacity change from 0 to 2048
[   60.343943] loop0: detected capacity change from 0 to 2048
[   60.367987] loop0: detected capacity change from 0 to 2048
[   60.390520] loop0: detected capacity change from 0 to 2048
[   60.432673] loop0: detected capacity change from 0 to 2048
[   60.433201] I/O error, dev loop0, sector 0 op 0x0:(READ) flags 0x80700 phys_seg 1 prio class 2
[   60.468546] loop0: detected capacity change from 0 to 2048
[   60.490676] loop0: detected capacity change from 0 to 2048
[   60.511473] loop0: detected capacity change from 0 to 2048
[   60.511947] I/O error, dev loop0, sector 0 op 0x0:(READ) flags 0x80700 phys_seg 1 prio class 2
[   60.555288] loop0: detected capacity change from 0 to 2048
[   60.586254] loop0: detected capacity change from 0 to 2048
[   60.612119] loop0: detected capacity change from 0 to 2048
[   60.633921] loop0: detected capacity change from 0 to 2048
[   60.672677] loop0: detected capacity change from 0 to 2048
[   60.702181] loop0: detected capacity change from 0 to 2048
[   60.724397] loop0: detected capacity change from 0 to 2048
[   60.750552] loop0: detected capacity change from 0 to 2048
[   60.776641] loop0: detected capacity change from 0 to 2048
[   60.814247] loop0: detected capacity change from 0 to 2048
[   60.864011] loop0: detected capacity change from 0 to 2048
[   60.892821] loop0: detected capacity change from 0 to 2048
[   60.914689] loop0: detected capacity change from 0 to 2048
[   60.965604] loop0: detected capacity change from 0 to 2048
[   61.018571] loop0: detected capacity change from 0 to 2048
[   61.048101] loop0: detected capacity change from 0 to 2048
[   61.093662] loop0: detected capacity change from 0 to 2048
[   61.094114] I/O error, dev loop0, sector 0 op 0x0:(READ) flags 0x80700 phys_seg 1 prio class 2
[   61.141494] loop0: detected capacity change from 0 to 2048
[   61.142006] Buffer I/O error on dev loop0, logical block 0, async page read
[   61.190475] loop0: detected capacity change from 0 to 2048
[   61.216043] loop0: detected capacity change from 0 to 2048
[   61.216506] Buffer I/O error on dev loop0, logical block 0, async page read
[   61.243480] loop0: detected capacity change from 0 to 2048
[   61.273506] loop0: detected capacity change from 0 to 2048
[   61.298425] loop0: detected capacity change from 0 to 2048
[   61.333680] loop0: detected capacity change from 0 to 2048
[   61.359100] loop0: detected capacity change from 0 to 2048
[   61.359592] Buffer I/O error on dev loop0, logical block 0, async page read
[   61.389116] loop0: detected capacity change from 0 to 2048
[   61.423968] loop0: detected capacity change from 0 to 2048
[   61.452335] loop0: detected capacity change from 0 to 2048
[   61.498017] loop0: detected capacity change from 0 to 2048
[   61.542193] loop0: detected capacity change from 0 to 2048
[   61.571565] loop0: detected capacity change from 0 to 2048
[   61.616072] loop0: detected capacity change from 0 to 2048
[   61.665871] loop0: detected capacity change from 0 to 2048
[   61.697575] loop0: detected capacity change from 0 to 2048
[   61.698486] Buffer I/O error on dev loop0, logical block 0, async page read
[   61.727470] loop0: detected capacity change from 0 to 2048
[   61.757244] loop0: detected capacity change from 0 to 2048
[   61.796485] loop0: detected capacity change from 0 to 2048
[   61.834583] loop0: detected capacity change from 0 to 2048
[   61.870684] loop0: detected capacity change from 0 to 2048
[   61.914181] loop0: detected capacity change from 0 to 2048
[   61.962075] loop0: detected capacity change from 0 to 2048
[   62.002767] loop0: detected capacity change from 0 to 2048
[   62.003261] Buffer I/O error on dev loop0, logical block 0, async page read
[   62.060807] loop0: detected capacity change from 0 to 2048
[   62.093155] loop0: detected capacity change from 0 to 2048
[   62.136410] loop0: detected capacity change from 0 to 2048
[   62.160713] loop0: detected capacity change from 0 to 2048
[   62.204599] loop0: detected capacity change from 0 to 2048
[   62.246921] loop0: detected capacity change from 0 to 2048
[   62.263633] loop0: detected capacity change from 0 to 2048
[   62.296349] loop0: detected capacity change from 0 to 2048
[   62.340449] loop0: detected capacity change from 0 to 2048
[   62.365607] loop0: detected capacity change from 0 to 2048
[   62.417069] loop0: detected capacity change from 0 to 2048
[   62.446050] loop0: detected capacity change from 0 to 2048
[   62.490643] loop0: detected capacity change from 0 to 2048
[   62.538817] loop0: detected capacity change from 0 to 2048
[   62.540085] Buffer I/O error on dev loop0, logical block 0, async page read
[   62.562115] loop0: detected capacity change from 0 to 2048
[   62.597880] loop0: detected capacity change from 0 to 2048
[   62.637087] loop0: detected capacity change from 0 to 2048
[   62.677659] loop0: detected capacity change from 0 to 2048
[   62.706397] loop0: detected capacity change from 0 to 2048
[   62.755751] loop0: detected capacity change from 0 to 2048
[   62.793043] loop0: detected capacity change from 0 to 2048
[   62.836181] loop0: detected capacity change from 0 to 2048
[   62.860869] loop0: detected capacity change from 0 to 2048
[   62.861696] Buffer I/O error on dev loop0, logical block 0, async page read
[   62.914010] loop0: detected capacity change from 0 to 2048
[   62.949463] loop0: detected capacity change from 0 to 2048
[   62.986850] loop0: detected capacity change from 0 to 2048
[   63.044036] loop0: detected capacity change from 0 to 2048
[   63.044320] Buffer I/O error on dev loop0, logical block 0, async page read
[   63.076432] loop0: detected capacity change from 0 to 2048
[   63.122350] loop0: detected capacity change from 0 to 2048
[   63.165886] loop0: detected capacity change from 0 to 2048
[   63.198299] loop0: detected capacity change from 0 to 2048
[   63.236860] loop0: detected capacity change from 0 to 2048
[   63.261690] loop0: detected capacity change from 0 to 2048
[   63.312921] loop0: detected capacity change from 0 to 2048
[   63.341427] loop0: detected capacity change from 0 to 2048
[   63.377977] loop0: detected capacity change from 0 to 2048
[   63.426521] loop0: detected capacity change from 0 to 2048
[   63.459924] loop0: detected capacity change from 0 to 2048
[   63.502476] loop0: detected capacity change from 0 to 2048
[   63.533614] loop0: detected capacity change from 0 to 2048
[   63.587396] loop0: detected capacity change from 0 to 2048
[   63.631695] loop0: detected capacity change from 0 to 2048
[   63.657979] loop0: detected capacity change from 0 to 2048
[   63.708382] loop0: detected capacity change from 0 to 2048
[   63.741630] loop0: detected capacity change from 0 to 2048
[   63.778906] loop0: detected capacity change from 0 to 2048
[   63.828711] loop0: detected capacity change from 0 to 2048
[   63.872488] loop0: detected capacity change from 0 to 2048
[   63.928879] loop0: detected capacity change from 0 to 2048
[   63.963241] loop0: detected capacity change from 0 to 2048
[   64.018555] loop0: detected capacity change from 0 to 2048
[   64.059769] loop0: detected capacity change from 0 to 2048
[   64.102909] loop0: detected capacity change from 0 to 2048
[   64.131479] loop0: detected capacity change from 0 to 2048
[   64.186168] loop0: detected capacity change from 0 to 2048
[   64.233449] loop0: detected capacity change from 0 to 2048
[   64.282232] loop0: detected capacity change from 0 to 2048
[   64.332732] loop0: detected capacity change from 0 to 2048
[   64.383648] loop0: detected capacity change from 0 to 2048
[   64.415389] loop0: detected capacity change from 0 to 2048
[   64.459679] loop0: detected capacity change from 0 to 2048
[   64.502244] loop0: detected capacity change from 0 to 2048
[   64.550710] loop0: detected capacity change from 0 to 2048
[   64.578446] loop0: detected capacity change from 0 to 2048
[   64.638446] loop0: detected capacity change from 0 to 2048
[   64.683070] loop0: detected capacity change from 0 to 2048
[   64.719534] loop0: detected capacity change from 0 to 2048
[   64.720314] blk_print_req_error: 16 callbacks suppressed
[   64.720333] I/O error, dev loop0, sector 0 op 0x0:(READ) flags 0x80700 phys_seg 1 prio class 2
[   64.766030] loop0: detected capacity change from 0 to 2048
[   64.815465] loop0: detected capacity change from 0 to 2048
[   64.852584] loop0: detected capacity change from 0 to 2048
[   64.902950] loop0: detected capacity change from 0 to 2048
[   64.952775] loop0: detected capacity change from 0 to 2048
[   65.008709] loop0: detected capacity change from 0 to 2048
[   65.071335] loop0: detected capacity change from 0 to 2048
[   65.113367] loop0: detected capacity change from 0 to 2048
[   65.159384] loop0: detected capacity change from 0 to 2048
[   65.200747] loop0: detected capacity change from 0 to 2048
[   65.244209] loop0: detected capacity change from 0 to 2048
[   65.288394] loop0: detected capacity change from 0 to 2048
[   65.332535] loop0: detected capacity change from 0 to 2048
[   65.390043] loop0: detected capacity change from 0 to 2048
[   65.440466] loop0: detected capacity change from 0 to 2048
[   65.478185] loop0: detected capacity change from 0 to 2048
[   65.521571] loop0: detected capacity change from 0 to 2048
[   65.556960] loop0: detected capacity change from 0 to 2048
[   65.599293] loop0: detected capacity change from 0 to 2048
[   65.638091] loop0: detected capacity change from 0 to 2048
[   65.682715] loop0: detected capacity change from 0 to 2048
[   65.729125] loop0: detected capacity change from 0 to 2048
[   65.730063] I/O error, dev loop0, sector 0 op 0x0:(READ) flags 0x80700 phys_seg 1 prio class 2
[   65.774091] loop0: detected capacity change from 0 to 2048
[   65.830710] loop0: detected capacity change from 0 to 2048
[   65.870166] loop0: detected capacity change from 0 to 2048
[   65.904297] loop0: detected capacity change from 0 to 2048
[   65.948676] loop0: detected capacity change from 0 to 2048
[   65.979916] loop0: detected capacity change from 0 to 2048
[   66.048870] loop0: detected capacity change from 0 to 2048
[   66.110338] loop0: detected capacity change from 0 to 2048
[   66.149546] loop0: detected capacity change from 0 to 2048
[   66.193475] loop0: detected capacity change from 0 to 2048
[   66.237541] loop0: detected capacity change from 0 to 2048
[   66.287626] loop0: detected capacity change from 0 to 2048
[   66.332509] loop0: detected capacity change from 0 to 2048
[   66.365656] loop0: detected capacity change from 0 to 2048
[   66.421791] loop0: detected capacity change from 0 to 2048
[   66.459534] loop0: detected capacity change from 0 to 2048
[   66.485160] loop0: detected capacity change from 0 to 2048
[   66.531581] loop0: detected capacity change from 0 to 2048
[   66.584365] loop0: detected capacity change from 0 to 2048
[   66.628001] loop0: detected capacity change from 0 to 2048
[   66.672115] loop0: detected capacity change from 0 to 2048
[   66.708337] loop0: detected capacity change from 0 to 2048
[   66.751122] loop0: detected capacity change from 0 to 2048
[   66.781029] loop0: detected capacity change from 0 to 2048
[   66.836637] loop0: detected capacity change from 0 to 2048
[   66.877390] loop0: detected capacity change from 0 to 2048
[   66.921767] loop0: detected capacity change from 0 to 2048
[   66.966594] loop0: detected capacity change from 0 to 2048
[   66.993981] loop0: detected capacity change from 0 to 2048
[   67.047001] loop0: detected capacity change from 0 to 2048
[   67.111430] loop0: detected capacity change from 0 to 2048
[   67.134909] loop0: detected capacity change from 0 to 2048
[   67.176715] loop0: detected capacity change from 0 to 2048
[   67.225826] loop0: detected capacity change from 0 to 2048
[   67.283900] loop0: detected capacity change from 0 to 2048
[   67.311885] loop0: detected capacity change from 0 to 2048
[   67.356760] loop0: detected capacity change from 0 to 2048
[   67.414502] loop0: detected capacity change from 0 to 2048
[   67.463029] loop0: detected capacity change from 0 to 2048
[   67.520355] loop0: detected capacity change from 0 to 2048
[   67.560924] loop0: detected capacity change from 0 to 2048
[   67.592275] loop0: detected capacity change from 0 to 2048
[   67.638581] loop0: detected capacity change from 0 to 2048
[   67.663113] loop0: detected capacity change from 0 to 2048
[   67.708300] loop0: detected capacity change from 0 to 2048
[   67.755583] loop0: detected capacity change from 0 to 2048
[   67.799583] loop0: detected capacity change from 0 to 2048
[   67.854180] loop0: detected capacity change from 0 to 2048
[   67.890357] loop0: detected capacity change from 0 to 2048
[   67.947208] loop0: detected capacity change from 0 to 2048
[   68.002713] loop0: detected capacity change from 0 to 2048
[   68.055671] loop0: detected capacity change from 0 to 2048
[   68.114380] loop0: detected capacity change from 0 to 2048
[   68.162810] loop0: detected capacity change from 0 to 2048
[   68.207672] loop0: detected capacity change from 0 to 2048
[   68.249278] loop0: detected capacity change from 0 to 2048
[   68.294892] loop0: detected capacity change from 0 to 2048
[   68.330176] loop0: detected capacity change from 0 to 2048
[   68.374060] loop0: detected capacity change from 0 to 2048
[   68.434603] loop0: detected capacity change from 0 to 2048
[   68.486509] loop0: detected capacity change from 0 to 2048
[   68.534244] loop0: detected capacity change from 0 to 2048
[   68.578742] loop0: detected capacity change from 0 to 2048
[   68.615039] loop0: detected capacity change from 0 to 2048
[   68.659302] loop0: detected capacity change from 0 to 2048
[   68.706084] loop0: detected capacity change from 0 to 2048
[   68.751497] loop0: detected capacity change from 0 to 2048
[   68.795393] loop0: detected capacity change from 0 to 2048
[   68.837234] loop0: detected capacity change from 0 to 2048
[   68.884605] loop0: detected capacity change from 0 to 2048
[   68.928668] loop0: detected capacity change from 0 to 2048
[   68.975340] loop0: detected capacity change from 0 to 2048
[   69.020431] loop0: detected capacity change from 0 to 2048
[   69.059062] loop0: detected capacity change from 0 to 2048
[   69.059929] I/O error, dev loop0, sector 0 op 0x0:(READ) flags 0x80700 phys_seg 1 prio class 2
[   69.119234] loop0: detected capacity change from 0 to 2048
[   69.158685] loop0: detected capacity change from 0 to 2048
[   69.198574] loop0: detected capacity change from 0 to 2048
[   69.233658] loop0: detected capacity change from 0 to 2048
[   69.280456] loop0: detected capacity change from 0 to 2048
[   69.320563] loop0: detected capacity change from 0 to 2048
[   69.356519] loop0: detected capacity change from 0 to 2048
[   69.401026] loop0: detected capacity change from 0 to 2048
[   69.460582] loop0: detected capacity change from 0 to 2048
[   69.506911] loop0: detected capacity change from 0 to 2048
[   69.555243] loop0: detected capacity change from 0 to 2048
[   69.591309] loop0: detected capacity change from 0 to 2048
[   69.628352] loop0: detected capacity change from 0 to 2048
[   69.676959] loop0: detected capacity change from 0 to 2048
[   69.712151] loop0: detected capacity change from 0 to 2048
[   69.743596] loop0: detected capacity change from 0 to 2048
[   69.799629] loop0: detected capacity change from 0 to 2048
[   69.830444] loop0: detected capacity change from 0 to 2048
[   69.885190] loop0: detected capacity change from 0 to 2048
[   69.920703] loop0: detected capacity change from 0 to 2048
