c[?7l[2J[0mSeaBIOS (version rel-1.16.0-0-gd239552ce722-prebuilt.qemu.org)


iPXE (http://ipxe.org) 00:03.0 CA00 PCI2.10 PnP PMM+7FF91000+7FEF1000 CA00
Press Ctrl-B to configure iPXE (PCI 00:03.0)...                                                                               


Booting from ROM..c[?7l[2J[    0.000000] Linux version 5.16.0-3bad80dab94a+ (root@p-adls01) (gcc (GCC) 8.5.0 20210514 (Red Hat 8.5.0-18), GNU ld version 2.36.1-2.el8) #1 SMP PREEMPT Tue Feb 21 00:27:20 CST 2023
[    0.000000] Command line: console=ttyS0 root=/dev/sda earlyprintk=serial net.ifnames=0
[    0.000000] KERNEL supported cpus:
[    0.000000]   Intel GenuineIntel
[    0.000000]   AMD AuthenticAMD
[    0.000000]   Hygon HygonGenuine
[    0.000000]   Centaur CentaurHauls
[    0.000000]   zhaoxin   Shanghai  
[    0.000000] x86/fpu: Supporting XSAVE feature 0x001: 'x87 floating point registers'
[    0.000000] x86/fpu: Supporting XSAVE feature 0x002: 'SSE registers'
[    0.000000] x86/fpu: Supporting XSAVE feature 0x004: 'AVX registers'
[    0.000000] x86/fpu: Supporting XSAVE feature 0x200: 'Protection Keys User registers'
[    0.000000] x86/fpu: xstate_offset[2]:  576, xstate_sizes[2]:  256
[    0.000000] x86/fpu: xstate_offset[9]:  832, xstate_sizes[9]:    8
[    0.000000] x86/fpu: Enabled xstate features 0x207, context size is 840 bytes, using 'compacted' format.
[    0.000000] signal: max sigframe size: 3632
[    0.000000] BIOS-provided physical RAM map:
[    0.000000] BIOS-e820: [mem 0x0000000000000000-0x000000000009fbff] usable
[    0.000000] BIOS-e820: [mem 0x000000000009fc00-0x000000000009ffff] reserved
[    0.000000] BIOS-e820: [mem 0x00000000000f0000-0x00000000000fffff] reserved
[    0.000000] BIOS-e820: [mem 0x0000000000100000-0x000000007ffdffff] usable
[    0.000000] BIOS-e820: [mem 0x000000007ffe0000-0x000000007fffffff] reserved
[    0.000000] BIOS-e820: [mem 0x00000000feffc000-0x00000000feffffff] reserved
[    0.000000] BIOS-e820: [mem 0x00000000fffc0000-0x00000000ffffffff] reserved
[    0.000000] printk: bootconsole [earlyser0] enabled
[    0.000000] NX (Execute Disable) protection: active
[    0.000000] SMBIOS 2.8 present.
[    0.000000] DMI: QEMU Standard PC (i440FX + PIIX, 1996), BIOS rel-1.16.0-0-gd239552ce722-prebuilt.qemu.org 04/01/2014
[    0.000000] Hypervisor detected: KVM
[    0.000000] kvm-clock: Using msrs 4b564d01 and 4b564d00
[    0.000000] kvm-clock: cpu 0, msr 5601001, primary cpu clock
[    0.000002] kvm-clock: using sched offset of 314771185 cycles
[    0.000360] clocksource: kvm-clock: mask: 0xffffffffffffffff max_cycles: 0x1cd42e4dffb, max_idle_ns: 881590591483 ns
[    0.001385] tsc: Detected 3609.600 MHz processor
[    0.006434] last_pfn = 0x7ffe0 max_arch_pfn = 0x400000000
[    0.006846] x86/PAT: Configuration [0-7]: WB  WC  UC- UC  WB  WP  UC- WT  
[    0.014126] found SMP MP-table at [mem 0x000f5ba0-0x000f5baf]
[    0.014629] Using GB pages for direct mapping
[    0.015793] ACPI: Early table checksum verification disabled
[    0.016175] ACPI: RSDP 0x00000000000F59C0 000014 (v00 BOCHS )
[    0.016552] ACPI: RSDT 0x000000007FFE1951 000034 (v01 BOCHS  BXPC     00000001 BXPC 00000001)
[    0.017106] ACPI: FACP 0x000000007FFE17FD 000074 (v01 BOCHS  BXPC     00000001 BXPC 00000001)
[    0.017658] ACPI: DSDT 0x000000007FFE0040 0017BD (v01 BOCHS  BXPC     00000001 BXPC 00000001)
[    0.018209] ACPI: FACS 0x000000007FFE0000 000040
[    0.018510] ACPI: APIC 0x000000007FFE1871 000080 (v01 BOCHS  BXPC     00000001 BXPC 00000001)
[    0.019055] ACPI: HPET 0x000000007FFE18F1 000038 (v01 BOCHS  BXPC     00000001 BXPC 00000001)
[    0.019610] ACPI: WAET 0x000000007FFE1929 000028 (v01 BOCHS  BXPC     00000001 BXPC 00000001)
[    0.020176] ACPI: Reserving FACP table memory at [mem 0x7ffe17fd-0x7ffe1870]
[    0.020627] ACPI: Reserving DSDT table memory at [mem 0x7ffe0040-0x7ffe17fc]
[    0.021068] ACPI: Reserving FACS table memory at [mem 0x7ffe0000-0x7ffe003f]
[    0.021519] ACPI: Reserving APIC table memory at [mem 0x7ffe1871-0x7ffe18f0]
[    0.021963] ACPI: Reserving HPET table memory at [mem 0x7ffe18f1-0x7ffe1928]
[    0.022404] ACPI: Reserving WAET table memory at [mem 0x7ffe1929-0x7ffe1950]
[    0.023052] ACPI: CEDT not present
[    0.023596] No NUMA configuration found
[    0.023835] Faking a node at [mem 0x0000000000000000-0x000000007ffdffff]
[    0.024288] NODE_DATA(0) allocated [mem 0x7ffb5000-0x7ffdffff]
[    0.027196] Zone ranges:
[    0.027394]   DMA      [mem 0x0000000000001000-0x0000000000ffffff]
[    0.027803]   DMA32    [mem 0x0000000001000000-0x000000007ffdffff]
[    0.028193]   Normal   empty
[    0.028377]   Device   empty
[    0.028562] Movable zone start for each node
[    0.028831] Early memory node ranges
[    0.029055]   node   0: [mem 0x0000000000001000-0x000000000009efff]
[    0.029458]   node   0: [mem 0x0000000000100000-0x000000007ffdffff]
[    0.029854] Initmem setup node 0 [mem 0x0000000000001000-0x000000007ffdffff]
[    0.030627] On node 0, zone DMA: 1 pages in unavailable ranges
[    0.030732] On node 0, zone DMA: 97 pages in unavailable ranges
[    0.047265] On node 0, zone DMA32: 32 pages in unavailable ranges
[    0.047874] ACPI: PM-Timer IO Port: 0x608
[    0.048535] ACPI: LAPIC_NMI (acpi_id[0xff] dfl dfl lint[0x1])
[    0.048949] IOAPIC[0]: apic_id 0, version 17, address 0xfec00000, GSI 0-23
[    0.049395] ACPI: INT_SRC_OVR (bus 0 bus_irq 0 global_irq 2 dfl dfl)
[    0.049800] ACPI: INT_SRC_OVR (bus 0 bus_irq 5 global_irq 5 high level)
[    0.050220] ACPI: INT_SRC_OVR (bus 0 bus_irq 9 global_irq 9 high level)
[    0.050649] ACPI: INT_SRC_OVR (bus 0 bus_irq 10 global_irq 10 high level)
[    0.051077] ACPI: INT_SRC_OVR (bus 0 bus_irq 11 global_irq 11 high level)
[    0.051525] ACPI: Using ACPI (MADT) for SMP configuration information
[    0.051925] ACPI: HPET id: 0x8086a201 base: 0xfed00000
[    0.052254] TSC deadline timer available
[    0.052498] smpboot: Allowing 2 CPUs, 0 hotplug CPUs
[    0.052873] kvm-guest: KVM setup pv remote TLB flush
[    0.053187] kvm-guest: setup PV sched yield
[    0.053502] PM: hibernation: Registered nosave memory: [mem 0x00000000-0x00000fff]
[    0.053983] PM: hibernation: Registered nosave memory: [mem 0x0009f000-0x0009ffff]
[    0.054457] PM: hibernation: Registered nosave memory: [mem 0x000a0000-0x000effff]
[    0.054930] PM: hibernation: Registered nosave memory: [mem 0x000f0000-0x000fffff]
[    0.055409] [mem 0x80000000-0xfeffbfff] available for PCI devices
[    0.055792] Booting paravirtualized kernel on KVM
[    0.056109] clocksource: refined-jiffies: mask: 0xffffffff max_cycles: 0xffffffff, max_idle_ns: 7645519600211568 ns
[    0.056777] setup_percpu: NR_CPUS:8192 nr_cpumask_bits:2 nr_cpu_ids:2 nr_node_ids:1
[    0.058416] percpu: Embedded 63 pages/cpu s221184 r8192 d28672 u1048576
[    0.058989] kvm-guest: setup async PF for cpu 0
[    0.059277] kvm-guest: stealtime: cpu 0, msr 7dc35080
[    0.059602] kvm-guest: PV spinlocks enabled
[    0.059875] PV qspinlock hash table entries: 256 (order: 0, 4096 bytes, linear)
[    0.060368] Fallback order for Node 0: 0 
[    0.060639] Built 1 zonelists, mobility grouping on.  Total pages: 515808
[    0.061073] Policy zone: DMA32
[    0.061270] Kernel command line: net.ifnames=0 console=ttyS0 root=/dev/sda earlyprintk=serial net.ifnames=0
[    0.063283] Dentry cache hash table entries: 262144 (order: 9, 2097152 bytes, linear)
[    0.063862] Inode-cache hash table entries: 131072 (order: 8, 1048576 bytes, linear)
[    0.064440] mem auto-init: stack:off, heap alloc:off, heap free:off
[    0.067726] Memory: 1985392K/2096632K available (32783K kernel code, 5318K rwdata, 7868K rodata, 3168K init, 22012K bss, 110984K reserved, 0K cma-reserved)
[    0.068641] random: get_random_u64 called from __kmem_cache_create+0x2f/0x4e0 with crng_init=0
[    0.069139] SLUB: HWalign=64, Order=0-3, MinObjects=0, CPUs=2, Nodes=1
[    0.070059] kmemleak: Kernel memory leak detector disabled
[    0.070426] ftrace: allocating 65795 entries in 258 pages
[    0.140828] ftrace: allocated 258 pages with 2 groups
[    0.143468] Dynamic Preempt: voluntary
[    0.143854] Running RCU self tests
[    0.144068] rcu: Preemptible hierarchical RCU implementation.
[    0.144416] rcu: 	RCU lockdep checking is enabled.
[    0.144705] rcu: 	RCU restricting CPUs from NR_CPUS=8192 to nr_cpu_ids=2.
[    0.145115] 	Trampoline variant of Tasks RCU enabled.
[    0.145419] 	Rude variant of Tasks RCU enabled.
[    0.145692] 	Tracing variant of Tasks RCU enabled.
[    0.145983] rcu: RCU calculated value of scheduler-enlistment delay is 25 jiffies.
[    0.146441] rcu: Adjusting geometry for rcu_fanout_leaf=16, nr_cpu_ids=2
[    0.164229] NR_IRQS: 524544, nr_irqs: 440, preallocated irqs: 16
[    0.170645] Console: colour VGA+ 80x25
[    0.170923] printk: console [ttyS0] enabled
[    0.170923] printk: console [ttyS0] enabled
[    0.171454] printk: bootconsole [earlyser0] disabled
[    0.171454] printk: bootconsole [earlyser0] disabled
[    0.172067] Lock dependency validator: Copyright (c) 2006 Red Hat, Inc., Ingo Molnar
[    0.172555] ... MAX_LOCKDEP_SUBCLASSES:  8
[    0.172815] ... MAX_LOCK_DEPTH:          48
[    0.173080] ... MAX_LOCKDEP_KEYS:        8192
[    0.173355] ... CLASSHASH_SIZE:          4096
[    0.173643] ... MAX_LOCKDEP_ENTRIES:     32768
[    0.173924] ... MAX_LOCKDEP_CHAINS:      65536
[    0.174198] ... CHAINHASH_SIZE:          32768
[    0.174472]  memory used by lock dependency info: 6365 kB
[    0.174810]  memory used for stack traces: 4224 kB
[    0.175113]  per task-struct memory footprint: 1920 bytes
[    0.175484] ACPI: Core revision 20211217
[    0.175905] clocksource: hpet: mask: 0xffffffff max_cycles: 0xffffffff, max_idle_ns: 19112604467 ns
[    0.176585] APIC: Switch to symmetric I/O mode setup
[    0.177029] x2apic enabled
[    0.177336] Switched APIC routing to physical x2apic.
[    0.177653] kvm-guest: setup PV IPIs
[    0.178548] ..TIMER: vector=0x30 apic1=0 pin1=2 apic2=-1 pin2=-1
[    0.178942] clocksource: tsc-early: mask: 0xffffffffffffffff max_cycles: 0x3407c077a8d, max_idle_ns: 440795342283 ns
[    0.179607] Calibrating delay loop (skipped) preset value.. 7219.20 BogoMIPS (lpj=14438400)
[    0.180128] pid_max: default: 32768 minimum: 301
[    0.180486] LSM: Security Framework initializing
[    0.183610] Yama: becoming mindful.
[    0.183912] Mount-cache hash table entries: 4096 (order: 3, 32768 bytes, linear)
[    0.184387] Mountpoint-cache hash table entries: 4096 (order: 3, 32768 bytes, linear)
[    0.187224] x86/cpu: User Mode Instruction Prevention (UMIP) activated
[    0.187925] Last level iTLB entries: 4KB 0, 2MB 0, 4MB 0
[    0.188295] Last level dTLB entries: 4KB 0, 2MB 0, 4MB 0, 1GB 0
[    0.188705] Spectre V1 : Mitigation: usercopy/swapgs barriers and __user pointer sanitization
[    0.189236] Spectre V2 : Mitigation: Enhanced IBRS
[    0.189525] Spectre V2 : Spectre v2 / SpectreRSB mitigation: Filling RSB on context switch
[    0.190017] Spectre V2 : mitigation: Enabling conditional Indirect Branch Prediction Barrier
[    0.190518] Speculative Store Bypass: Mitigation: Speculative Store Bypass disabled via prctl
[    0.225538] Freeing SMP alternatives memory: 56K
[    0.226212] smpboot: CPU0: 12th Gen Intel(R) Core(TM) i7-12700K (family: 0x6, model: 0x97, stepping: 0x2)
[    0.227087] cblist_init_generic: Setting adjustable number of callback queues.
[    0.227530] cblist_init_generic: Setting shift to 1 and lim to 1.
[    0.227596] cblist_init_generic: Setting shift to 1 and lim to 1.
[    0.227596] cblist_init_generic: Setting shift to 1 and lim to 1.
[    0.227596] Running RCU-tasks wait API self tests
[    0.327742] Performance Events: Alderlake Hybrid events, full-width counters, Intel PMU driver.
[    0.328644] core: cpu_core PMU driver: 
[    0.328884] ... version:                2
[    0.329122] ... bit width:              48
[    0.329364] ... generic registers:      6
[    0.329602] ... value mask:             0000ffffffffffff
[    0.329914] ... max period:             00007fffffffffff
[    0.330226] ... fixed-purpose events:   3
[    0.330473] ... event mask:             0001000f0000003f
[    0.330936] rcu: Hierarchical SRCU implementation.
[    0.333317] unchecked MSR access error: WRMSR to 0x38f (tried to write 0x0001000f0000003f) at rIP: 0xffffffff810c0f28 (native_write_msr+0x8/0x20)
[    0.334106] Call Trace:
[    0.334256]  <TASK>
[    0.334391]  __intel_pmu_enable_all.constprop.48+0x68/0x100
[    0.334728]  intel_pmu_enable_all+0x1a/0x20
[    0.334983]  x86_pmu_enable+0x469/0x5a0
[    0.335216]  ? write_comp_data+0x2f/0x90
[    0.335460]  perf_pmu_enable+0x4f/0x60
[    0.335596]  ctx_resched+0xb4/0xf0
[    0.335596]  __perf_install_in_context+0x34b/0x490
[    0.335596]  ? write_comp_data+0x2f/0x90
[    0.335596]  ? perf_duration_warn+0x40/0x40
[    0.335596]  remote_function+0x78/0x90
[    0.335596]  ? perf_duration_warn+0x40/0x40
[    0.335596]  generic_exec_single+0x11e/0x190
[    0.335596]  smp_call_function_single+0x119/0x240
[    0.335596]  ? perf_duration_warn+0x40/0x40
[    0.335596]  ? __sanitizer_cov_trace_pc+0x21/0x50
[    0.335596]  ? write_comp_data+0x2f/0x90
[    0.335596]  perf_install_in_context+0x2d0/0x300
[    0.335596]  ? ctx_resched+0xf0/0xf0
[    0.335596]  perf_event_create_kernel_counter+0x162/0x1f0
[    0.335596]  ? hardlockup_detector_event_create+0xc0/0xc0
[    0.335596]  hardlockup_detector_event_create+0x46/0xc0
[    0.335596]  hardlockup_detector_perf_init+0x14/0x5e
[    0.335596]  watchdog_nmi_probe+0x13/0x15
[    0.335596]  lockup_detector_init+0x3f/0x90
[    0.335596]  kernel_init_freeable+0x267/0x410
[    0.335596]  ? rest_init+0x360/0x360
[    0.335596]  kernel_init+0x20/0x1d0
[    0.335596]  ? rest_init+0x360/0x360
[    0.335596]  ret_from_fork+0x1f/0x30
[    0.335596]  </TASK>
[    0.335633] Callback from call_rcu_tasks_trace() invoked.
[    0.336104] smp: Bringing up secondary CPUs ...
[    0.336733] x86: Booting SMP configuration:
[    0.336991] .... node  #0, CPUs:      #1
[    0.014740] kvm-clock: cpu 1, msr 5601041, secondary cpu clock
[    0.337493] kvm-guest: setup async PF for cpu 1
[    0.337493] kvm-guest: stealtime: cpu 1, msr 7dd35080
[    0.337493] smp: Brought up 1 node, 2 CPUs
[    0.337493] smpboot: Max logical packages: 1
[    0.337493] smpboot: Total of 2 processors activated (14438.40 BogoMIPS)
[    0.343743] devtmpfs: initialized
[    0.344102] x86/mm: Memory block size: 128MB
[    0.347907] clocksource: jiffies: mask: 0xffffffff max_cycles: 0xffffffff, max_idle_ns: 7645041785100000 ns
[    0.348203] futex hash table entries: 512 (order: 4, 65536 bytes, linear)
[    0.348854] pinctrl core: initialized pinctrl subsystem
[    0.349610] 
[    0.349708] *************************************************************
[    0.350105] **     NOTICE NOTICE NOTICE NOTICE NOTICE NOTICE NOTICE    **
[    0.350501] **                                                         **
[    0.350898] **  IOMMU DebugFS SUPPORT HAS BEEN ENABLED IN THIS KERNEL  **
[    0.351602] **                                                         **
[    0.351998] ** This means that this kernel is built to expose internal **
[    0.352395] ** IOMMU data structures, which may compromise security on **
[    0.352791] ** your system.                                            **
[    0.353188] **                                                         **
[    0.353584] ** If you see this message and you are not debugging the   **
[    0.353982] ** kernel, report this immediately to your vendor!         **
[    0.354378] **                                                         **
[    0.354775] **     NOTICE NOTICE NOTICE NOTICE NOTICE NOTICE NOTICE    **
[    0.355171] *************************************************************
[    0.355599] PM: RTC time: 20:44:53, date: 2023-02-23
[    0.356754] NET: Registered PF_NETLINK/PF_ROUTE protocol family
[    0.357581] DMA: preallocated 256 KiB GFP_KERNEL pool for atomic allocations
[    0.358029] DMA: preallocated 256 KiB GFP_KERNEL|GFP_DMA pool for atomic allocations
[    0.358504] DMA: preallocated 256 KiB GFP_KERNEL|GFP_DMA32 pool for atomic allocations
[    0.359009] audit: initializing netlink subsys (disabled)
[    0.359371] audit: type=2000 audit(1677185094.376:1): state=initialized audit_enabled=0 res=1
[    0.359371] thermal_sys: Registered thermal governor 'fair_share'
[    0.359371] thermal_sys: Registered thermal governor 'bang_bang'
[    0.359371] thermal_sys: Registered thermal governor 'step_wise'
[    0.359371] thermal_sys: Registered thermal governor 'user_space'
[    0.359643] cpuidle: using governor ladder
[    0.360259] cpuidle: using governor menu
[    0.360719] acpiphp: ACPI Hot Plug PCI Controller Driver version: 0.5
[    0.361349] PCI: Using configuration type 1 for base access
[    0.373205] kprobes: kprobe jump-optimization is enabled. All kprobes are optimized if possible.
[    0.373743] HugeTLB registered 1.00 GiB page size, pre-allocated 0 pages
[    0.375604] HugeTLB registered 2.00 MiB page size, pre-allocated 0 pages
[    0.376943] ACPI: Added _OSI(Module Device)
[    0.376943] ACPI: Added _OSI(Processor Device)
[    0.376943] ACPI: Added _OSI(3.0 _SCP Extensions)
[    0.376943] ACPI: Added _OSI(Processor Aggregator Device)
[    0.377082] ACPI: Added _OSI(Linux-Dell-Video)
[    0.377345] ACPI: Added _OSI(Linux-Lenovo-NV-HDMI-Audio)
[    0.377656] ACPI: Added _OSI(Linux-HPI-Hybrid-Graphics)
[    0.384084] ACPI: 1 ACPI AML tables successfully acquired and loaded
[    0.387173] ACPI: Interpreter enabled
[    0.387468] ACPI: PM: (supports S0 S3 S4 S5)
[    0.387650] ACPI: Using IOAPIC for interrupt routing
[    0.387976] PCI: Using host bridge windows from ACPI; if necessary, use "pci=nocrs" and report a bug
[    0.389047] ACPI: Enabled 2 GPEs in block 00 to 0F
[    0.402350] ACPI: PCI Root Bridge [PCI0] (domain 0000 [bus 00-ff])
[    0.402750] acpi PNP0A03:00: _OSC: OS supports [ASPM ClockPM Segments MSI EDR HPX-Type3]
[    0.403221] acpi PNP0A03:00: _OSC: not requesting OS control; OS requires [ExtendedConfig ASPM ClockPM MSI]
[    0.403671] acpi PNP0A03:00: fail to add MMCONFIG information, can't access extended PCI configuration space under this bridge.
[    0.405863] acpiphp: Slot [3] registered
[    0.406155] acpiphp: Slot [4] registered
[    0.406439] acpiphp: Slot [5] registered
[    0.406719] acpiphp: Slot [6] registered
[    0.407000] acpiphp: Slot [7] registered
[    0.407280] acpiphp: Slot [8] registered
[    0.407565] acpiphp: Slot [9] registered
[    0.407657] acpiphp: Slot [10] registered
[    0.407944] acpiphp: Slot [11] registered
[    0.408231] acpiphp: Slot [12] registered
[    0.408523] acpiphp: Slot [13] registered
[    0.408810] acpiphp: Slot [14] registered
[    0.409096] acpiphp: Slot [15] registered
[    0.409381] acpiphp: Slot [16] registered
[    0.409667] acpiphp: Slot [17] registered
[    0.409954] acpiphp: Slot [18] registered
[    0.410241] acpiphp: Slot [19] registered
[    0.410527] acpiphp: Slot [20] registered
[    0.410813] acpiphp: Slot [21] registered
[    0.411098] acpiphp: Slot [22] registered
[    0.411387] acpiphp: Slot [23] registered
[    0.411652] acpiphp: Slot [24] registered
[    0.411946] acpiphp: Slot [25] registered
[    0.412231] acpiphp: Slot [26] registered
[    0.412524] acpiphp: Slot [27] registered
[    0.412814] acpiphp: Slot [28] registered
[    0.413100] acpiphp: Slot [29] registered
[    0.413387] acpiphp: Slot [30] registered
[    0.413678] acpiphp: Slot [31] registered
[    0.413930] PCI host bridge to bus 0000:00
[    0.414176] pci_bus 0000:00: root bus resource [io  0x0000-0x0cf7 window]
[    0.414572] pci_bus 0000:00: root bus resource [io  0x0d00-0xffff window]
[    0.414967] pci_bus 0000:00: root bus resource [mem 0x000a0000-0x000bffff window]
[    0.415412] pci_bus 0000:00: root bus resource [mem 0x80000000-0xfebfffff window]
[    0.415601] pci_bus 0000:00: root bus resource [mem 0x100000000-0x17fffffff window]
[    0.416046] pci_bus 0000:00: root bus resource [bus 00-ff]
[    0.416441] pci 0000:00:00.0: [8086:1237] type 00 class 0x060000
[    0.419340] pci 0000:00:01.0: [8086:7000] type 00 class 0x060100
[    0.420111] pci 0000:00:01.1: [8086:7010] type 00 class 0x010180
[    0.421561] pci 0000:00:01.1: reg 0x20: [io  0xc040-0xc04f]
[    0.422313] pci 0000:00:01.1: legacy IDE quirk: reg 0x10: [io  0x01f0-0x01f7]
[    0.422728] pci 0000:00:01.1: legacy IDE quirk: reg 0x14: [io  0x03f6]
[    0.423107] pci 0000:00:01.1: legacy IDE quirk: reg 0x18: [io  0x0170-0x0177]
[    0.423524] pci 0000:00:01.1: legacy IDE quirk: reg 0x1c: [io  0x0376]
[    0.423797] pci 0000:00:01.3: [8086:7113] type 00 class 0x068000
[    0.424387] pci 0000:00:01.3: quirk: [io  0x0600-0x063f] claimed by PIIX4 ACPI
[    0.424810] pci 0000:00:01.3: quirk: [io  0x0700-0x070f] claimed by PIIX4 SMB
[    0.425748] pci 0000:00:02.0: [1234:1111] type 00 class 0x030000
[    0.427453] pci 0000:00:02.0: reg 0x10: [mem 0xfd000000-0xfdffffff pref]
[    0.428638] pci 0000:00:02.0: reg 0x18: [mem 0xfebf0000-0xfebf0fff]
[    0.432290] pci 0000:00:02.0: reg 0x30: [mem 0xfebe0000-0xfebeffff pref]
[    0.432306] Callback from call_rcu_tasks_rude() invoked.
[    0.434738] pci 0000:00:03.0: [8086:100e] type 00 class 0x020000
[    0.435423] pci 0000:00:03.0: reg 0x10: [mem 0xfebc0000-0xfebdffff]
[    0.435891] pci 0000:00:03.0: reg 0x14: [io  0xc000-0xc03f]
[    0.437772] pci 0000:00:03.0: reg 0x30: [mem 0xfeb80000-0xfebbffff pref]
[    0.445958] ACPI: PCI: Interrupt link LNKA configured for IRQ 10
[    0.446630] ACPI: PCI: Interrupt link LNKB configured for IRQ 10
[    0.447287] ACPI: PCI: Interrupt link LNKC configured for IRQ 11
[    0.447884] ACPI: PCI: Interrupt link LNKD configured for IRQ 11
[    0.448369] ACPI: PCI: Interrupt link LNKS configured for IRQ 9
[    0.451760] iommu: Default domain type: Translated 
[    0.451918] iommu: DMA domain TLB invalidation policy: lazy mode 
[    0.452403] pci 0000:00:02.0: vgaarb: setting as boot VGA device
[    0.452403] pci 0000:00:02.0: vgaarb: VGA device added: decodes=io+mem,owns=io+mem,locks=none
[    0.452502] pci 0000:00:02.0: vgaarb: bridge control possible
[    0.452847] vgaarb: loaded
[    0.453890] SCSI subsystem initialized
[    0.455817] ACPI: bus type USB registered
[    0.456128] usbcore: registered new interface driver usbfs
[    0.456483] usbcore: registered new interface driver hub
[    0.456824] usbcore: registered new device driver usb
[    0.457213] pps_core: LinuxPPS API ver. 1 registered
[    0.457513] pps_core: Software ver. 5.3.6 - Copyright 2005-2007 Rodolfo Giometti <giometti@linux.it>
[    0.457513] PTP clock support registered
[    0.457513] EDAC MC: Ver: 3.0.0
[    0.459929] NetLabel: Initializing
[    0.460146] NetLabel:  domain hash size = 128
[    0.460414] NetLabel:  protocols = UNLABELED CIPSOv4 CALIPSO
[    0.460796] NetLabel:  unlabeled traffic allowed by default
[    0.461197] PCI: Using ACPI for IRQ routing
[    0.461197] hpet0: at MMIO 0xfed00000, IRQs 2, 8, 0
[    0.461197] hpet0: 3 comparators, 64-bit 100.000000 MHz counter
[    0.467611] clocksource: Switched to clocksource kvm-clock
[    0.531722] Callback from call_rcu_tasks() invoked.
[    0.554270] VFS: Disk quotas dquot_6.6.0
[    0.554585] VFS: Dquot-cache hash table entries: 512 (order 0, 4096 bytes)
[    0.555255] pnp: PnP ACPI init
[    0.556929] pnp: PnP ACPI: found 6 devices
[    0.566510] clocksource: acpi_pm: mask: 0xffffff max_cycles: 0xffffff, max_idle_ns: 2085701024 ns
[    0.567319] NET: Registered PF_INET protocol family
[    0.567785] IP idents hash table entries: 32768 (order: 6, 262144 bytes, linear)
[    0.568752] tcp_listen_portaddr_hash hash table entries: 1024 (order: 4, 81920 bytes, linear)
[    0.569290] TCP established hash table entries: 16384 (order: 5, 131072 bytes, linear)
[    0.569917] TCP bind hash table entries: 16384 (order: 8, 1179648 bytes, linear)
[    0.571154] TCP: Hash tables configured (established 16384 bind 16384)
[    0.571680] UDP hash table entries: 1024 (order: 5, 163840 bytes, linear)
[    0.572168] UDP-Lite hash table entries: 1024 (order: 5, 163840 bytes, linear)
[    0.573010] NET: Registered PF_UNIX/PF_LOCAL protocol family
[    0.573839] RPC: Registered named UNIX socket transport module.
[    0.574200] RPC: Registered udp transport module.
[    0.574480] RPC: Registered tcp transport module.
[    0.574761] RPC: Registered tcp NFSv4.1 backchannel transport module.
[    0.575160] pci_bus 0000:00: resource 4 [io  0x0000-0x0cf7 window]
[    0.575543] pci_bus 0000:00: resource 5 [io  0x0d00-0xffff window]
[    0.575926] pci_bus 0000:00: resource 6 [mem 0x000a0000-0x000bffff window]
[    0.576341] pci_bus 0000:00: resource 7 [mem 0x80000000-0xfebfffff window]
[    0.576750] pci_bus 0000:00: resource 8 [mem 0x100000000-0x17fffffff window]
[    0.577352] pci 0000:00:01.0: PIIX3: Enabling Passive Release
[    0.577697] pci 0000:00:00.0: Limiting direct PCI/PCI transfers
[    0.578057] pci 0000:00:01.0: Activating ISA DMA hang workarounds
[    0.578473] pci 0000:00:02.0: Video device with shadowed ROM at [mem 0x000c0000-0x000dffff]
[    0.578974] PCI: CLS 0 bytes, default 64
[    0.579245] ACPI: bus type thunderbolt registered
[    0.580076] clocksource: tsc: mask: 0xffffffffffffffff max_cycles: 0x3407c077a8d, max_idle_ns: 440795342283 ns
[    2.574942] Initialise system trusted keyrings
[    2.575304] Key type blacklist registered
[    2.575688] workingset: timestamp_bits=36 max_order=19 bucket_order=0
[    2.583413] zbud: loaded
[    2.585093] squashfs: version 4.0 (2009/01/31) Phillip Lougher
[    2.586433] NFS: Registering the id_resolver key type
[    2.586747] Key type id_resolver registered
[    2.586998] Key type id_legacy registered
[    2.587322] nfs4filelayout_init: NFSv4 File Layout Driver Registering...
[    2.587748] nfs4flexfilelayout_init: NFSv4 Flexfile Layout Driver Registering...
[    2.588322] fuse: init (API version 7.36)
[    2.588830] SGI XFS with ACLs, security attributes, realtime, quota, no debug enabled
[    2.590668] 9p: Installing v9fs 9p2000 file system support
[    2.596554] Key type asymmetric registered
[    2.596849] Asymmetric key parser 'x509' registered
[    2.598156] alg: self-tests for CTR-KDF (hmac(sha256)) passed
[    2.598633] Block layer SCSI generic (bsg) driver version 0.4 loaded (major 243)
[    2.599162] io scheduler mq-deadline registered
[    2.599473] io scheduler bfq registered
[    2.600409] shpchp: Standard Hot Plug PCI Controller Driver version: 0.4
[    2.601144] IPMI message handler: version 39.2
[    2.601450] ipmi device interface
[    2.602977] input: Power Button as /devices/LNXSYSTM:00/LNXPWRBN:00/input/input0
[    2.603682] ACPI: button: Power Button [PWRF]
[    2.604692] ERST DBG: ERST support is disabled.
[    2.605366] Serial: 8250/16550 driver, 32 ports, IRQ sharing enabled
[    2.606098] 00:04: ttyS0 at I/O 0x3f8 (irq = 4, base_baud = 115200) is a 16550A
[    2.612910] Linux agpgart interface v0.103
[    2.613550] ACPI: bus type drm_connector registered
[    2.623283] brd: module loaded
[    2.629394] loop: module loaded
[    2.633490] scsi host0: ata_piix
[    2.634371] scsi host1: ata_piix
[    2.634792] ata1: PATA max MWDMA2 cmd 0x1f0 ctl 0x3f6 bmdma 0xc040 irq 14
[    2.635281] ata2: PATA max MWDMA2 cmd 0x170 ctl 0x376 bmdma 0xc048 irq 15
[    2.637395] tun: Universal TUN/TAP device driver, 1.6
[    2.638015] e100: Intel(R) PRO/100 Network Driver
[    2.638379] e100: Copyright(c) 1999-2006 Intel Corporation
[    2.638842] e1000: Intel(R) PRO/1000 Network Driver
[    2.639218] e1000: Copyright (c) 1999-2006 Intel Corporation.
[    2.796213] ata1.00: ATA-7: QEMU HARDDISK, 2.5+, max UDMA/100
[    2.796482] ata1.00: 16777216 sectors, multi 16: LBA48 
[    2.796828] ata1.00: Read log 0x00 page 0x00 failed, Emask 0x1
[    2.797872] scsi 0:0:0:0: Direct-Access     ATA      QEMU HARDDISK    2.5+ PQ: 0 ANSI: 5
[    2.798866] sd 0:0:0:0: Attached scsi generic sg0 type 0
[    2.799062] sd 0:0:0:0: [sda] 16777216 512-byte logical blocks: (8.59 GB/8.00 GiB)
[    2.799528] sd 0:0:0:0: [sda] Write Protect is off
[    2.799881] sd 0:0:0:0: [sda] Write cache: enabled, read cache: enabled, doesn't support DPO or FUA
[    2.799984] ata2.00: ATAPI: QEMU DVD-ROM, 2.5+, max UDMA/100
[    2.801034] ACPI: \_SB_.LNKC: Enabled at IRQ 11
[    2.801742] scsi 1:0:0:0: CD-ROM            QEMU     QEMU DVD-ROM     2.5+ PQ: 0 ANSI: 5
[    2.802896] scsi 1:0:0:0: Attached scsi generic sg1 type 5
[    2.855822] sd 0:0:0:0: [sda] Attached SCSI disk
[    3.126318] e1000 0000:00:03.0 eth0: (PCI:33MHz:32-bit) 52:54:00:12:34:56
[    3.126642] e1000 0000:00:03.0 eth0: Intel(R) PRO/1000 Network Connection
[    3.127008] e1000e: Intel(R) PRO/1000 Network Driver
[    3.127216] e1000e: Copyright(c) 1999 - 2015 Intel Corporation.
[    3.127513] igb: Intel(R) Gigabit Ethernet Network Driver
[    3.127747] igb: Copyright (c) 2007-2014 Intel Corporation.
[    3.128060] PPP generic driver version 2.4.2
[    3.128685] VFIO - User Level meta-driver version: 0.3
[    3.128946] ehci_hcd: USB 2.0 'Enhanced' Host Controller (EHCI) Driver
[    3.129221] ehci-pci: EHCI PCI platform driver
[    3.129429] ehci-platform: EHCI generic platform driver
[    3.129664] ohci_hcd: USB 1.1 'Open' Host Controller (OHCI) Driver
[    3.129917] ohci-pci: OHCI PCI platform driver
[    3.130122] ohci-platform: OHCI generic platform driver
[    3.130353] uhci_hcd: USB Universal Host Controller Interface driver
[    3.130913] usbcore: registered new interface driver uas
[    3.131385] usbcore: registered new interface driver usb-storage
[    3.132025] i8042: PNP: PS/2 Controller [PNP0303:KBD,PNP0f13:MOU] at 0x60,0x64 irq 1,12
[    3.133509] serio: i8042 KBD port at 0x60,0x64 irq 1
[    3.133945] serio: i8042 AUX port at 0x60,0x64 irq 12
[    3.135101] mousedev: PS/2 mouse device common for all mice
[    3.136390] input: AT Translated Set 2 keyboard as /devices/platform/i8042/serio0/input/input1
[    3.137489] input: VirtualPS/2 VMware VMMouse as /devices/platform/i8042/serio1/input/input4
[    3.138256] input: VirtualPS/2 VMware VMMouse as /devices/platform/i8042/serio1/input/input3
[    3.138852] rtc_cmos 00:05: RTC can wake from S4
[    3.139917] rtc_cmos 00:05: registered as rtc0
[    3.140162] rtc_cmos 00:05: setting system clock to 2023-02-23T20:44:56 UTC (1677185096)
[    3.140595] rtc_cmos 00:05: alarms up to one day, y3k, 242 bytes nvram, hpet irqs
[    3.140926] i2c_dev: i2c /dev entries driver
[    3.141142] device-mapper: core: CONFIG_IMA_DISABLE_HTABLE is disabled. Duplicate IMA measurements will not be recorded in the IMA log.
[    3.141709] device-mapper: uevent: version 1.0.3
[    3.142114] device-mapper: ioctl: 4.45.0-ioctl (2021-03-22) initialised: dm-devel@redhat.com
[    3.142451] intel_pstate: CPU model not supported
[    3.142724] sdhci: Secure Digital Host Controller Interface driver
[    3.142969] sdhci: Copyright(c) Pierre Ossman
[    3.143204] sdhci-pltfm: SDHCI platform and OF driver helper
[    3.143467] ledtrig-cpu: registered to indicate activity on CPUs
[    3.143918] drop_monitor: Initializing network drop monitor service
[    3.144667] NET: Registered PF_INET6 protocol family
[    3.146275] Segment Routing with IPv6
[    3.146455] In-situ OAM (IOAM) with IPv6
[    3.146641] NET: Registered PF_PACKET protocol family
[    3.147047] 9pnet: Installing 9P2000 support
[    3.147280] Key type dns_resolver registered
[    3.148065] IPI shorthand broadcast: enabled
[    3.148285] sched_clock: Marking stable (3137157639, 10740082)->(3157755908, -9858187)
[    3.149075] registered taskstats version 1
[    3.149331] Loading compiled-in X.509 certificates
[    3.149723] zswap: loaded using pool lzo/zbud
[    3.150501] Key type ._fscrypt registered
[    3.150688] Key type .fscrypt registered
[    3.150848] Key type fscrypt-provisioning registered
[    3.151747] Key type encrypted registered
[    3.151950] ima: No TPM chip found, activating TPM-bypass!
[    3.152177] ima: Allocated hash algorithm: sha1
[    3.152404] ima: No architecture policies found
[    3.152641] evm: Initialising EVM extended attributes:
[    3.152861] evm: security.selinux
[    3.153000] evm: security.SMACK64
[    3.153138] evm: security.SMACK64EXEC
[    3.153286] evm: security.SMACK64TRANSMUTE
[    3.153465] evm: security.SMACK64MMAP
[    3.153615] evm: security.apparmor
[    3.153755] evm: security.ima
[    3.153879] evm: security.capability
[    3.154026] evm: HMAC attrs: 0x1
[    3.157620] PM:   Magic number: 11:510:751
[    3.157816] misc uinput: hash matches
[    3.157996] ata_link link2: hash matches
[    3.158161]  link2: hash matches
[    3.158303] fcloop ctl: hash matches
[    3.158454] nvme-fabrics ctl: hash matches
[    3.158637] tty ttyS2: hash matches
[    3.159100] RAS: Correctable Errors collector initialized.
[    3.160082] md: Waiting for all devices to be available before autodetect
[    3.160355] md: If you don't use raid, use raid=noautodetect
[    3.160584] md: Autodetecting RAID arrays.
[    3.160763] md: autorun ...
[    3.160881] md: ... autorun DONE.
[    3.164846] EXT4-fs (sda): mounted filesystem with ordered data mode. Quota mode: none.
[    3.165227] VFS: Mounted root (ext4 filesystem) readonly on device 8:0.
[    3.166670] devtmpfs: mounted
[    3.176939] Freeing unused decrypted memory: 2036K
[    3.178361] Freeing unused kernel image (initmem) memory: 3168K
[    3.191785] Write protecting the kernel read-only data: 43008k
[    3.194220] Freeing unused kernel image (text/rodata gap) memory: 2032K
[    3.194723] Freeing unused kernel image (rodata/data gap) memory: 324K
[    3.269521] x86/mm: Checked W+X mappings: passed, no W+X pages found.
[    3.269840] Run /sbin/init as init process
[    3.319639] random: fast init done
[    3.334575] systemd[1]: RTC configured in localtime, applying delta of 0 minutes to system time.
[    3.355549] systemd[1]: systemd 239 (239-49.el8) running in system mode. (+PAM +AUDIT +SELINUX +IMA -APPARMOR +SMACK +SYSVINIT +UTMP +LIBCRYPTSETUP +GCRYPT +GNUTLS +ACL +XZ +LZ4 +SECCOMP +BLKID +ELFUTILS +KMOD +IDN2 -IDN +PCRE2 default-hierarchy=legacy)
[    3.356643] systemd[1]: Detected virtualization kvm.
[    3.356860] systemd[1]: Detected architecture x86-64.

Welcome to [0;31mCentOS Stream 8[0m!

[    3.381943] systemd[1]: Set hostname to <test>.
[    3.484813] random: lvmconfig: uninitialized urandom read (4 bytes read)
[    3.569243] random: systemd: uninitialized urandom read (16 bytes read)
[    3.569826] systemd[1]: Listening on udev Control Socket.
[[0;32m  OK  [0m] Listening on udev Control Socket.
[    3.570564] random: systemd: uninitialized urandom read (16 bytes read)
[    3.572711] systemd[1]: Created slice User and Session Slice.
[[0;32m  OK  [0m] Created slice User and Session Slice.
[    3.573360] systemd[1]: Reached target Slices.
[[0;32m  OK  [0m] Reached target Slices.
[    3.574375] systemd[1]: Listening on RPCbind Server Activation Socket.
[[0;32m  OK  [0m] Listening on RPCbind Server Activation Socket.
[    3.575082] systemd[1]: Reached target RPC Port Mapper.
[[0;32m  OK  [0m] Reached target RPC Port Mapper.
[    3.575847] systemd[1]: Listening on LVM2 poll daemon socket.
[[0;32m  OK  [0m] Listening on LVM2 poll daemon socket.
[[0;32m  OK  [0m] Created slice system-serial\x2dgetty.slice.
[[0;32m  OK  [0m] Set up automount Arbitrary Executabâ€¦rmats File System Automount Point.
[[0;32m  OK  [0m] Listening on Journal Socket (/dev/log).
[[0;32m  OK  [0m] Listening on Process Core Dump Socket.
[[0;32m  OK  [0m] Listening on Journal Socket.
         Starting Load Kernel Modules...
         Mounting Huge Pages File System...
[[0;32m  OK  [0m] Listening on Device-mapper event daemon FIFOs.
         Starting Monitoring of LVM2 mirrorsâ€¦ng dmeventd or progress polling...
[[0;32m  OK  [0m] Listening on udev Kernel Socket.
         Starting udev Coldplug all Devices...
[[0;32m  OK  [0m] Created slice system-getty.slice.
[[0;32m  OK  [0m] Reached target Swap.
         Starting Journal Service...
[[0;32m  OK  [0m] Listening on multipathd control socket.
         Starting Setup Virtual Console...
         Mounting POSIX Message Queue File System...
[[0;32m  OK  [0m] Started Forward Password Requests to Wall Directory Watch.
         Starting Remount Root and Kernel File Systems...
         Mounting Kernel Debug File System...
[[0;32m  OK  [0m] Created slice system-sshd\x2dkeygen.slice.
[[0;32m  OK  [0m] Listening on initctl Compatibility Named Pipe.
[[0;1;31mFAILED[0m] Failed to start Load Kernel Modules.
See 'systemctl status systemd-modules-load.service' for details.
[[0;32m  OK  [0m] Mounted Huge Pages File System.
[[0;32m  OK  [0m] Mounted POSIX Message Queue File System.
[[0;32m  OK  [0m] Mounted Kernel Debug File System.
         Starting Apply Kernel Variables...
         Mounting FUSE Control File System...
         Mounting Kernel Configuration File System...
[[0;32m  OK  [0m] Started Journal Service.
[[0;32m  OK  [0m] Started Apply Kernel Variables.
[[0;32m  OK  [0m] Mounted FUSE Control File System.
[[0;32m  OK  [0m] Mounted Kernel Configuration File System.
[    3.890166] EXT4-fs (sda): re-mounted. Quota mode: none.
[[0;32m  OK  [0m] Started Remount Root and Kernel File Systems.
         Starting Flush Journal to Persistent Storage...
         Starting Create Static Device Nodes in /dev...
         Starting Load/Save Random Seed...
[[0;32m  OK  [0m] Started Setup Virtual Console.
[[0;32m  OK  [0m] Started Flush Journal to Persistent Storage.
[[0;32m  OK  [0m] Started Load/Save Random Seed.
[[0;32m  OK  [0m] Started Create Static Device Nodes in /dev.
         Starting udev Kernel Device Manager...
[[0;32m  OK  [0m] Started udev Coldplug all Devices.
         Starting udev Wait for Complete Device Initialization...
[[0;32m  OK  [0m] Started udev Kernel Device Manager.
         Starting Show Plymouth Boot Screen...
[[0;32m  OK  [0m] Started Show Plymouth Boot Screen.
[[0;32m  OK  [0m] Started Forward Password Requests to Plymouth Directory Watch.
[[0;32m  OK  [0m] Reached target Paths.
[[0;32m  OK  [0m] Reached target Local Encrypted Volumes.
[[0;32m  OK  [0m] Found device /dev/ttyS0.
[[0;32m  OK  [0m] Started Monitoring of LVM2 mirrors,â€¦sing dmeventd or progress polling.
[[0;32m  OK  [0m] Started udev Wait for Complete Device Initialization.
[[0;32m  OK  [0m] Reached target Local File Systems (Pre).
[[0;32m  OK  [0m] Reached target Local File Systems.
         Starting Tell Plymouth To Write Out Runtime Data...
         Starting Restore /run/initramfs on shutdown...
         Starting Create Volatile Files and Directories...
[[0;32m  OK  [0m] Listening on Load/Save RF Kill Switch Status /dev/rfkill Watch.
[[0;32m  OK  [0m] Started Tell Plymouth To Write Out Runtime Data.
[[0;32m  OK  [0m] Started Restore /run/initramfs on shutdown.
[[0;32m  OK  [0m] Started Create Volatile Files and Directories.
         Mounting RPC Pipe File System...
         Starting Security Auditing Service...
         Starting RPC Bind...
[[0;32m  OK  [0m] Mounted RPC Pipe File System.
[[0;32m  OK  [0m] Reached target rpc_pipefs.target.
[[0;32m  OK  [0m] Started RPC Bind.
[[0;32m  OK  [0m] Started Security Auditing Service.
         Starting Update UTMP about System Boot/Shutdown...
[[0;32m  OK  [0m] Started Update UTMP about System Boot/Shutdown.
[[0;32m  OK  [0m] Reached target System Initialization.
[[0;32m  OK  [0m] Listening on SSSD Kerberos Cache Manager responder socket.
[[0;32m  OK  [0m] Started dnf makecache --timer.
[[0;32m  OK  [0m] Started Daily Cleanup of Temporary Directories.
[[0;32m  OK  [0m] Started daily update of the root trust anchor for DNSSEC.
[[0;32m  OK  [0m] Reached target Timers.
[[0;32m  OK  [0m] Listening on D-Bus System Message Bus Socket.
[[0;32m  OK  [0m] Reached target Sockets.
[[0;32m  OK  [0m] Reached target Basic System.
         Starting NTP client/server...
[[0;32m  OK  [0m] Started irqbalance daemon.
[[0;32m  OK  [0m] Started Machine Check Exception Logging Daemon.
[[0;32m  OK  [0m] Started D-Bus System Message Bus.
[[0;32m  OK  [0m] Reached target sshd-keygen.target.
         Starting Authorization Manager...
         Starting Network Manager...
         Starting Auto-connect to subsystemsâ€¦-NVME devices found during boot...
         Starting Self Monitoring and Reporting Technology (SMART) Daemon...
         Starting Login Service...
[[0;32m  OK  [0m] Started Auto-connect to subsystems â€¦FC-NVME devices found during boot.
         Starting update of the root trust aâ€¦or DNSSEC validation in unbound...
[[0;32m  OK  [0m] Started Self Monitoring and Reporting Technology (SMART) Daemon.
[[0;32m  OK  [0m] Started NTP client/server.
[[0;32m  OK  [0m] Started Login Service.
[[0;32m  OK  [0m] Started Network Manager.
[[0;32m  OK  [0m] Reached target Network.
         Starting Dynamic System Tuning Daemon...
         Starting GSSAPI Proxy Daemon...
         Starting OpenSSH server daemon...
         Starting Network Manager Wait Online...
         Starting Hostname Service...
[[0;32m  OK  [0m] Started Authorization Manager.
[[0;32m  OK  [0m] Started Hostname Service.
         Starting Network Manager Script Dispatcher Service...
[    5.259761] e1000: eth0 NIC Link is Up 1000 Mbps Full Duplex, Flow Control: RX
[    5.260440] IPv6: ADDRCONF(NETDEV_CHANGE): eth0: link becomes ready
[[0;32m  OK  [0m] Started Network Manager Script Dispatcher Service.
[[0;32m  OK  [0m] Started Dynamic System Tuning Daemon.
[    6.243796] random: crng init done
[    6.244060] random: 7 urandom warning(s) missed due to ratelimiting
[[0;32m  OK  [0m] Started update of the root trust anâ€¦ for DNSSEC validation in unbound.
[[0;32m  OK  [0m] Started OpenSSH server daemon.
[[0;32m  OK  [0m] Started GSSAPI Proxy Daemon.
[[0;32m  OK  [0m] Reached target NFS client services.
[[0;32m  OK  [0m] Reached target Remote File Systems (Pre).
[[0;32m  OK  [0m] Reached target Remote File Systems.
         Starting Permit User Sessions...
[[0;32m  OK  [0m] Started Permit User Sessions.
         Starting Terminate Plymouth Boot Screen...
[[0;32m  OK  [0m] Started Command Scheduler.
         Starting Hold until boot process finishes up...

CentOS Stream 8
Kernel 5.16.0-3bad80dab94a+ on an x86_64

test login: 