c[?7l[2J[0mSeaBIOS (version rel-1.16.0-0-gd239552ce722-prebuilt.qemu.org)


iPXE (http://ipxe.org) 00:03.0 CA00 PCI2.10 PnP PMM+7FF91000+7FEF1000 CA00
Press Ctrl-B to configure iPXE (PCI 00:03.0)...                                                                               


Booting from ROM..c[?7l[2J[    0.000000] Linux version 6.1.0-rc3-725349f8ba1e+ (root@p-adls01) (gcc (GCC) 8.5.0 20210514 (Red Hat 8.5.0-18), GNU ld version 2.36.1-2.el8) #1 SMP PREEMPT_DYNAMIC Fri Feb 24 07:46:04 CST 2023
[    0.000000] Command line: console=ttyS0 root=/dev/sda earlyprintk=serial net.ifnames=0
[    0.000000] KERNEL supported cpus:
[    0.000000]   Intel GenuineIntel
[    0.000000]   AMD AuthenticAMD
[    0.000000]   Hygon HygonGenuine
[    0.000000]   Centaur CentaurHauls
[    0.000000]   zhaoxin   Shanghai  
[    0.000000] x86/fpu: Supporting XSAVE feature 0x001: 'x87 floating point registers'
[    0.000000] x86/fpu: Supporting XSAVE feature 0x002: 'SSE registers'
[    0.000000] x86/fpu: Supporting XSAVE feature 0x004: 'AVX registers'
[    0.000000] x86/fpu: Supporting XSAVE feature 0x200: 'Protection Keys User registers'
[    0.000000] x86/fpu: xstate_offset[2]:  576, xstate_sizes[2]:  256
[    0.000000] x86/fpu: xstate_offset[9]:  832, xstate_sizes[9]:    8
[    0.000000] x86/fpu: Enabled xstate features 0x207, context size is 840 bytes, using 'compacted' format.
[    0.000000] signal: max sigframe size: 3632
[    0.000000] BIOS-provided physical RAM map:
[    0.000000] BIOS-e820: [mem 0x0000000000000000-0x000000000009fbff] usable
[    0.000000] BIOS-e820: [mem 0x000000000009fc00-0x000000000009ffff] reserved
[    0.000000] BIOS-e820: [mem 0x00000000000f0000-0x00000000000fffff] reserved
[    0.000000] BIOS-e820: [mem 0x0000000000100000-0x000000007ffdffff] usable
[    0.000000] BIOS-e820: [mem 0x000000007ffe0000-0x000000007fffffff] reserved
[    0.000000] BIOS-e820: [mem 0x00000000feffc000-0x00000000feffffff] reserved
[    0.000000] BIOS-e820: [mem 0x00000000fffc0000-0x00000000ffffffff] reserved
[    0.000000] printk: bootconsole [earlyser0] enabled
[    0.000000] NX (Execute Disable) protection: active
[    0.000000] SMBIOS 2.8 present.
[    0.000000] DMI: QEMU Standard PC (i440FX + PIIX, 1996), BIOS rel-1.16.0-0-gd239552ce722-prebuilt.qemu.org 04/01/2014
[    0.000000] Hypervisor detected: KVM
[    0.000000] kvm-clock: Using msrs 4b564d01 and 4b564d00
[    0.000003] kvm-clock: using sched offset of 350619807 cycles
[    0.000328] clocksource: kvm-clock: mask: 0xffffffffffffffff max_cycles: 0x1cd42e4dffb, max_idle_ns: 881590591483 ns
[    0.001338] tsc: Detected 3609.600 MHz processor
[    0.007618] last_pfn = 0x7ffe0 max_arch_pfn = 0x400000000
[    0.007996] x86/PAT: Configuration [0-7]: WB  WC  UC- UC  WB  WP  UC- WT  
[    0.016608] found SMP MP-table at [mem 0x000f5ba0-0x000f5baf]
[    0.017079] Using GB pages for direct mapping
[    0.018473] ACPI: Early table checksum verification disabled
[    0.018851] ACPI: RSDP 0x00000000000F59C0 000014 (v00 BOCHS )
[    0.019223] ACPI: RSDT 0x000000007FFE1951 000034 (v01 BOCHS  BXPC     00000001 BXPC 00000001)
[    0.019771] ACPI: FACP 0x000000007FFE17FD 000074 (v01 BOCHS  BXPC     00000001 BXPC 00000001)
[    0.020314] ACPI: DSDT 0x000000007FFE0040 0017BD (v01 BOCHS  BXPC     00000001 BXPC 00000001)
[    0.020864] ACPI: FACS 0x000000007FFE0000 000040
[    0.021170] ACPI: APIC 0x000000007FFE1871 000080 (v01 BOCHS  BXPC     00000001 BXPC 00000001)
[    0.021711] ACPI: HPET 0x000000007FFE18F1 000038 (v01 BOCHS  BXPC     00000001 BXPC 00000001)
[    0.022252] ACPI: WAET 0x000000007FFE1929 000028 (v01 BOCHS  BXPC     00000001 BXPC 00000001)
[    0.022791] ACPI: Reserving FACP table memory at [mem 0x7ffe17fd-0x7ffe1870]
[    0.023230] ACPI: Reserving DSDT table memory at [mem 0x7ffe0040-0x7ffe17fc]
[    0.023665] ACPI: Reserving FACS table memory at [mem 0x7ffe0000-0x7ffe003f]
[    0.024103] ACPI: Reserving APIC table memory at [mem 0x7ffe1871-0x7ffe18f0]
[    0.024539] ACPI: Reserving HPET table memory at [mem 0x7ffe18f1-0x7ffe1928]
[    0.024978] ACPI: Reserving WAET table memory at [mem 0x7ffe1929-0x7ffe1950]
[    0.025976] No NUMA configuration found
[    0.026217] Faking a node at [mem 0x0000000000000000-0x000000007ffdffff]
[    0.026681] NODE_DATA(0) allocated [mem 0x7ffb5000-0x7ffdffff]
[    0.029958] Zone ranges:
[    0.030137]   DMA      [mem 0x0000000000001000-0x0000000000ffffff]
[    0.030522]   DMA32    [mem 0x0000000001000000-0x000000007ffdffff]
[    0.030906]   Normal   empty
[    0.031088]   Device   empty
[    0.031270] Movable zone start for each node
[    0.031543] Early memory node ranges
[    0.031769]   node   0: [mem 0x0000000000001000-0x000000000009efff]
[    0.032158]   node   0: [mem 0x0000000000100000-0x000000007ffdffff]
[    0.032551] Initmem setup node 0 [mem 0x0000000000001000-0x000000007ffdffff]
[    0.033982] On node 0, zone DMA: 1 pages in unavailable ranges
[    0.034089] On node 0, zone DMA: 97 pages in unavailable ranges
[    0.057437] On node 0, zone DMA32: 32 pages in unavailable ranges
[    0.058050] ACPI: PM-Timer IO Port: 0x608
[    0.058708] ACPI: LAPIC_NMI (acpi_id[0xff] dfl dfl lint[0x1])
[    0.059123] IOAPIC[0]: apic_id 0, version 17, address 0xfec00000, GSI 0-23
[    0.059570] ACPI: INT_SRC_OVR (bus 0 bus_irq 0 global_irq 2 dfl dfl)
[    0.059969] ACPI: INT_SRC_OVR (bus 0 bus_irq 5 global_irq 5 high level)
[    0.060384] ACPI: INT_SRC_OVR (bus 0 bus_irq 9 global_irq 9 high level)
[    0.060803] ACPI: INT_SRC_OVR (bus 0 bus_irq 10 global_irq 10 high level)
[    0.061228] ACPI: INT_SRC_OVR (bus 0 bus_irq 11 global_irq 11 high level)
[    0.061677] ACPI: Using ACPI (MADT) for SMP configuration information
[    0.062077] ACPI: HPET id: 0x8086a201 base: 0xfed00000
[    0.062414] TSC deadline timer available
[    0.062659] smpboot: Allowing 2 CPUs, 0 hotplug CPUs
[    0.063032] kvm-guest: KVM setup pv remote TLB flush
[    0.063342] kvm-guest: setup PV sched yield
[    0.063663] PM: hibernation: Registered nosave memory: [mem 0x00000000-0x00000fff]
[    0.064137] PM: hibernation: Registered nosave memory: [mem 0x0009f000-0x0009ffff]
[    0.064604] PM: hibernation: Registered nosave memory: [mem 0x000a0000-0x000effff]
[    0.065078] PM: hibernation: Registered nosave memory: [mem 0x000f0000-0x000fffff]
[    0.065550] [mem 0x80000000-0xfeffbfff] available for PCI devices
[    0.065931] Booting paravirtualized kernel on KVM
[    0.066241] clocksource: refined-jiffies: mask: 0xffffffff max_cycles: 0xffffffff, max_idle_ns: 7645519600211568 ns
[    0.066904] setup_percpu: NR_CPUS:8192 nr_cpumask_bits:2 nr_cpu_ids:2 nr_node_ids:1
[    0.068523] percpu: Embedded 64 pages/cpu s225280 r8192 d28672 u1048576
[    0.069137] kvm-guest: PV spinlocks enabled
[    0.069408] PV qspinlock hash table entries: 256 (order: 0, 4096 bytes, linear)
[    0.069904] Fallback order for Node 0: 0 
[    0.070172] Built 1 zonelists, mobility grouping on.  Total pages: 515808
[    0.070599] Policy zone: DMA32
[    0.070795] Kernel command line: net.ifnames=0 console=ttyS0 root=/dev/sda earlyprintk=serial net.ifnames=0
[    0.073129] Dentry cache hash table entries: 262144 (order: 9, 2097152 bytes, linear)
[    0.074053] Inode-cache hash table entries: 131072 (order: 8, 1048576 bytes, linear)
[    0.074649] mem auto-init: stack:off, heap alloc:off, heap free:off
[    0.078198] Memory: 1985384K/2096632K available (32784K kernel code, 4691K rwdata, 7816K rodata, 3672K init, 22124K bss, 110992K reserved, 0K cma-reserved)
[    0.080015] SLUB: HWalign=64, Order=0-3, MinObjects=0, CPUs=2, Nodes=1
[    0.080415] kmemleak: Kernel memory leak detector disabled
[    0.080782] ftrace: allocating 67270 entries in 263 pages
[    0.101488] ftrace: allocated 263 pages with 4 groups
[    0.104395] Dynamic Preempt: voluntary
[    0.104814] Running RCU self tests
[    0.105028] rcu: Preemptible hierarchical RCU implementation.
[    0.105373] rcu: 	RCU lockdep checking is enabled.
[    0.105666] rcu: 	RCU restricting CPUs from NR_CPUS=8192 to nr_cpu_ids=2.
[    0.106073] 	Trampoline variant of Tasks RCU enabled.
[    0.106376] 	Rude variant of Tasks RCU enabled.
[    0.106647] 	Tracing variant of Tasks RCU enabled.
[    0.106934] rcu: RCU calculated value of scheduler-enlistment delay is 25 jiffies.
[    0.107387] rcu: Adjusting geometry for rcu_fanout_leaf=16, nr_cpu_ids=2
[    0.130674] NR_IRQS: 524544, nr_irqs: 440, preallocated irqs: 16
[    0.131338] rcu: srcu_init: Setting srcu_struct sizes based on contention.
[    0.137460] Console: colour VGA+ 80x25
[    0.137738] printk: console [ttyS0] enabled
[    0.137738] printk: console [ttyS0] enabled
[    0.138264] printk: bootconsole [earlyser0] disabled
[    0.138264] printk: bootconsole [earlyser0] disabled
[    0.138880] Lock dependency validator: Copyright (c) 2006 Red Hat, Inc., Ingo Molnar
[    0.139354] ... MAX_LOCKDEP_SUBCLASSES:  8
[    0.139612] ... MAX_LOCK_DEPTH:          48
[    0.139874] ... MAX_LOCKDEP_KEYS:        8192
[    0.140146] ... CLASSHASH_SIZE:          4096
[    0.140418] ... MAX_LOCKDEP_ENTRIES:     32768
[    0.140696] ... MAX_LOCKDEP_CHAINS:      65536
[    0.140975] ... CHAINHASH_SIZE:          32768
[    0.141253]  memory used by lock dependency info: 6365 kB
[    0.141589]  memory used for stack traces: 4224 kB
[    0.141889]  per task-struct memory footprint: 1920 bytes
[    0.142265] ACPI: Core revision 20220331
[    0.142713] clocksource: hpet: mask: 0xffffffff max_cycles: 0xffffffff, max_idle_ns: 19112604467 ns
[    0.143392] APIC: Switch to symmetric I/O mode setup
[    0.143828] x2apic enabled
[    0.144131] Switched APIC routing to physical x2apic.
[    0.144449] kvm-guest: setup PV IPIs
[    0.145361] ..TIMER: vector=0x30 apic1=0 pin1=2 apic2=-1 pin2=-1
[    0.145752] clocksource: tsc-early: mask: 0xffffffffffffffff max_cycles: 0x3407c077a8d, max_idle_ns: 440795342283 ns
[    0.146412] Calibrating delay loop (skipped) preset value.. 7219.20 BogoMIPS (lpj=14438400)
[    0.146926] pid_max: default: 32768 minimum: 301
[    0.150418] LSM: Security Framework initializing
[    0.150712] Yama: becoming mindful.
[    0.151118] Mount-cache hash table entries: 4096 (order: 3, 32768 bytes, linear)
[    0.151585] Mountpoint-cache hash table entries: 4096 (order: 3, 32768 bytes, linear)
[    0.154310] x86/cpu: User Mode Instruction Prevention (UMIP) activated
[    0.154722] Last level iTLB entries: 4KB 0, 2MB 0, 4MB 0
[    0.155090] Last level dTLB entries: 4KB 0, 2MB 0, 4MB 0, 1GB 0
[    0.155499] Spectre V1 : Mitigation: usercopy/swapgs barriers and __user pointer sanitization
[    0.156023] Spectre V2 : WARNING: Unprivileged eBPF is enabled with eIBRS on, data leaks possible via Spectre v2 BHB attacks!
[    0.156705] Spectre V2 : Mitigation: Enhanced IBRS
[    0.156991] Spectre V2 : Spectre v2 / SpectreRSB mitigation: Filling RSB on context switch
[    0.157477] Spectre V2 : Spectre v2 / PBRSB-eIBRS: Retire a single CALL on VMEXIT
[    0.157920] Spectre V2 : mitigation: Enabling conditional Indirect Branch Prediction Barrier
[    0.158412] Speculative Store Bypass: Mitigation: Speculative Store Bypass disabled via prctl
[    0.250458] Freeing SMP alternatives memory: 56K
[    0.251122] smpboot: CPU0: 12th Gen Intel(R) Core(TM) i7-12700K (family: 0x6, model: 0x97, stepping: 0x2)
[    0.252085] cblist_init_generic: Setting adjustable number of callback queues.
[    0.252528] cblist_init_generic: Setting shift to 1 and lim to 1.
[    0.252934] cblist_init_generic: Setting shift to 1 and lim to 1.
[    0.253336] cblist_init_generic: Setting shift to 1 and lim to 1.
[    0.253738] Running RCU-tasks wait API self tests
[    0.354555] Performance Events: Alderlake Hybrid events, full-width counters, Intel PMU driver.
[    0.356409] core: cpu_core PMU driver: 
[    0.356865] ... version:                2
[    0.357327] ... bit width:              48
[    0.357796] ... generic registers:      6
[    0.358258] ... value mask:             0000ffffffffffff
[    0.358410] ... max period:             00007fffffffffff
[    0.359006] ... fixed-purpose events:   3
[    0.359460] ... event mask:             0001000f0000003f
[    0.360376] rcu: Hierarchical SRCU implementation.
[    0.360930] rcu: 	Max phase no-delay instances is 1000.
[    0.363733] unchecked MSR access error: WRMSR to 0x38f (tried to write 0x0001000f0000003f) at rIP: 0xffffffff810ce49c (native_write_msr+0xc/0x30)
[    0.364534] Call Trace:
[    0.364683]  <TASK>
[    0.364815]  __intel_pmu_enable_all.constprop.46+0xb5/0x140
[    0.365151]  intel_pmu_enable_all+0x1e/0x30
[    0.365407]  x86_pmu_enable+0x46d/0x5a0
[    0.365651]  ? write_comp_data+0x2f/0x90
[    0.365894]  perf_pmu_enable+0x53/0x70
[    0.366129]  ctx_resched+0xab/0xf0
[    0.366343]  __perf_install_in_context+0x31b/0x480
[    0.366398]  ? perf_duration_warn+0x50/0x50
[    0.366398]  ? perf_duration_warn+0x50/0x50
[    0.366398]  remote_function+0x80/0xa0
[    0.366398]  ? perf_duration_warn+0x50/0x50
[    0.366398]  generic_exec_single+0x124/0x190
[    0.366398]  smp_call_function_single+0x11c/0x240
[    0.366398]  ? perf_duration_warn+0x50/0x50
[    0.366398]  ? __sanitizer_cov_trace_pc+0x25/0x60
[    0.366398]  ? write_comp_data+0x2f/0x90
[    0.366398]  perf_install_in_context+0x2e8/0x310
[    0.366398]  ? ctx_resched+0xf0/0xf0
[    0.366398]  perf_event_create_kernel_counter+0x16a/0x200
[    0.366398]  ? find_next_bit+0x30/0x30
[    0.366398]  hardlockup_detector_event_create+0x46/0xd0
[    0.366398]  hardlockup_detector_perf_init+0x18/0x66
[    0.366398]  watchdog_nmi_probe+0x17/0x1d
[    0.366398]  lockup_detector_init+0x40/0xaf
[    0.366398]  kernel_init_freeable+0x264/0x42e
[    0.366398]  ? rest_init+0x240/0x240
[    0.366398]  kernel_init+0x24/0x1e0
[    0.366398]  ? rest_init+0x240/0x240
[    0.366398]  ret_from_fork+0x1f/0x30
[    0.366398]  </TASK>
[    0.366421] Callback from call_rcu_tasks_trace() invoked.
[    0.366920] smp: Bringing up secondary CPUs ...
[    0.367920] x86: Booting SMP configuration:
[    0.368185] .... node  #0, CPUs:      #1
[    0.368452] smp: Brought up 1 node, 2 CPUs
[    0.368452] smpboot: Max logical packages: 1
[    0.368452] smpboot: Total of 2 processors activated (14438.40 BogoMIPS)
[    0.372104] devtmpfs: initialized
[    0.372104] x86/mm: Memory block size: 128MB
[    0.374754] clocksource: jiffies: mask: 0xffffffff max_cycles: 0xffffffff, max_idle_ns: 7645041785100000 ns
[    0.375337] futex hash table entries: 512 (order: 4, 65536 bytes, linear)
[    0.375942] pinctrl core: initialized pinctrl subsystem
[    0.376690] 
[    0.376787] *************************************************************
[    0.377181] **     NOTICE NOTICE NOTICE NOTICE NOTICE NOTICE NOTICE    **
[    0.377574] **                                                         **
[    0.377967] **  IOMMU DebugFS SUPPORT HAS BEEN ENABLED IN THIS KERNEL  **
[    0.378412] **                                                         **
[    0.378806] ** This means that this kernel is built to expose internal **
[    0.379203] ** IOMMU data structures, which may compromise security on **
[    0.379596] ** your system.                                            **
[    0.379989] **                                                         **
[    0.380383] ** If you see this message and you are not debugging the   **
[    0.380776] ** kernel, report this immediately to your vendor!         **
[    0.381168] **                                                         **
[    0.381561] **     NOTICE NOTICE NOTICE NOTICE NOTICE NOTICE NOTICE    **
[    0.381955] *************************************************************
[    0.382386] PM: RTC time: 23:46:39, date: 2023-02-23
[    0.385109] NET: Registered PF_NETLINK/PF_ROUTE protocol family
[    0.385974] DMA: preallocated 256 KiB GFP_KERNEL pool for atomic allocations
[    0.386398] DMA: preallocated 256 KiB GFP_KERNEL|GFP_DMA pool for atomic allocations
[    0.386860] DMA: preallocated 256 KiB GFP_KERNEL|GFP_DMA32 pool for atomic allocations
[    0.387363] audit: initializing netlink subsys (disabled)
[    0.387750] audit: type=2000 audit(1677195999.844:1): state=initialized audit_enabled=0 res=1
[    0.387750] thermal_sys: Registered thermal governor 'fair_share'
[    0.387750] thermal_sys: Registered thermal governor 'bang_bang'
[    0.387750] thermal_sys: Registered thermal governor 'step_wise'
[    0.387750] thermal_sys: Registered thermal governor 'user_space'
[    0.388054] cpuidle: using governor ladder
[    0.388660] cpuidle: using governor menu
[    0.390524] acpiphp: ACPI Hot Plug PCI Controller Driver version: 0.5
[    0.391188] PCI: Using configuration type 1 for base access
[    0.403568] kprobes: kprobe jump-optimization is enabled. All kprobes are optimized if possible.
[    0.573984] HugeTLB: registered 1.00 GiB page size, pre-allocated 0 pages
[    0.574437] HugeTLB: 16380 KiB vmemmap can be freed for a 1.00 GiB page
[    0.574849] HugeTLB: registered 2.00 MiB page size, pre-allocated 0 pages
[    0.575252] HugeTLB: 28 KiB vmemmap can be freed for a 2.00 MiB page
[    0.577044] ACPI: Added _OSI(Module Device)
[    0.577314] ACPI: Added _OSI(Processor Device)
[    0.577583] ACPI: Added _OSI(3.0 _SCP Extensions)
[    0.577867] ACPI: Added _OSI(Processor Aggregator Device)
[    0.583907] ACPI: 1 ACPI AML tables successfully acquired and loaded
[    0.586818] ACPI: Interpreter enabled
[    0.587116] ACPI: PM: (supports S0 S3 S4 S5)
[    0.587371] ACPI: Using IOAPIC for interrupt routing
[    0.587707] PCI: Using host bridge windows from ACPI; if necessary, use "pci=nocrs" and report a bug
[    0.588242] PCI: Using E820 reservations for host bridge windows
[    0.589122] ACPI: Enabled 2 GPEs in block 00 to 0F
[    0.602468] ACPI: PCI Root Bridge [PCI0] (domain 0000 [bus 00-ff])
[    0.602873] acpi PNP0A03:00: _OSC: OS supports [ASPM ClockPM Segments MSI EDR HPX-Type3]
[    0.603350] acpi PNP0A03:00: _OSC: not requesting OS control; OS requires [ExtendedConfig ASPM ClockPM MSI]
[    0.603970] acpi PNP0A03:00: fail to add MMCONFIG information, can't access extended PCI configuration space under this bridge.
[    0.606504] acpiphp: Slot [3] registered
[    0.606815] acpiphp: Slot [4] registered
[    0.607107] acpiphp: Slot [5] registered
[    0.607398] acpiphp: Slot [6] registered
[    0.607692] acpiphp: Slot [7] registered
[    0.607983] acpiphp: Slot [8] registered
[    0.608279] acpiphp: Slot [9] registered
[    0.608571] acpiphp: Slot [10] registered
[    0.608880] acpiphp: Slot [11] registered
[    0.609176] acpiphp: Slot [12] registered
[    0.609479] acpiphp: Slot [13] registered
[    0.609771] acpiphp: Slot [14] registered
[    0.610060] acpiphp: Slot [15] registered
[    0.610355] acpiphp: Slot [16] registered
[    0.610454] acpiphp: Slot [17] registered
[    0.610756] acpiphp: Slot [18] registered
[    0.611046] acpiphp: Slot [19] registered
[    0.611336] acpiphp: Slot [20] registered
[    0.611631] acpiphp: Slot [21] registered
[    0.611926] acpiphp: Slot [22] registered
[    0.612227] acpiphp: Slot [23] registered
[    0.612522] acpiphp: Slot [24] registered
[    0.612817] acpiphp: Slot [25] registered
[    0.613112] acpiphp: Slot [26] registered
[    0.613418] acpiphp: Slot [27] registered
[    0.613720] acpiphp: Slot [28] registered
[    0.614015] acpiphp: Slot [29] registered
[    0.614317] acpiphp: Slot [30] registered
[    0.614453] acpiphp: Slot [31] registered
[    0.614706] PCI host bridge to bus 0000:00
[    0.614950] pci_bus 0000:00: root bus resource [io  0x0000-0x0cf7 window]
[    0.615350] pci_bus 0000:00: root bus resource [io  0x0d00-0xffff window]
[    0.615750] pci_bus 0000:00: root bus resource [mem 0x000a0000-0x000bffff window]
[    0.616199] pci_bus 0000:00: root bus resource [mem 0x80000000-0xfebfffff window]
[    0.616638] pci_bus 0000:00: root bus resource [mem 0x100000000-0x17fffffff window]
[    0.617088] pci_bus 0000:00: root bus resource [bus 00-ff]
[    0.617491] pci 0000:00:00.0: [8086:1237] type 00 class 0x060000
[    0.620194] pci 0000:00:01.0: [8086:7000] type 00 class 0x060100
[    0.621099] pci 0000:00:01.1: [8086:7010] type 00 class 0x010180
[    0.622404] pci 0000:00:01.1: reg 0x20: [io  0xc040-0xc04f]
[    0.623163] pci 0000:00:01.1: legacy IDE quirk: reg 0x10: [io  0x01f0-0x01f7]
[    0.623584] pci 0000:00:01.1: legacy IDE quirk: reg 0x14: [io  0x03f6]
[    0.623967] pci 0000:00:01.1: legacy IDE quirk: reg 0x18: [io  0x0170-0x0177]
[    0.624386] pci 0000:00:01.1: legacy IDE quirk: reg 0x1c: [io  0x0376]
[    0.624985] pci 0000:00:01.3: [8086:7113] type 00 class 0x068000
[    0.625727] pci 0000:00:01.3: quirk: [io  0x0600-0x063f] claimed by PIIX4 ACPI
[    0.626160] pci 0000:00:01.3: quirk: [io  0x0700-0x070f] claimed by PIIX4 SMB
[    0.626626] pci 0000:00:02.0: [1234:1111] type 00 class 0x030000
[    0.628438] pci 0000:00:02.0: reg 0x10: [mem 0xfd000000-0xfdffffff pref]
[    0.629988] pci 0000:00:02.0: reg 0x18: [mem 0xfebf0000-0xfebf0fff]
[    0.632989] pci 0000:00:02.0: reg 0x30: [mem 0xfebe0000-0xfebeffff pref]
[    0.633561] pci 0000:00:02.0: Video device with shadowed ROM at [mem 0x000c0000-0x000dffff]
[    0.636476] pci 0000:00:03.0: [8086:100e] type 00 class 0x020000
[    0.637210] pci 0000:00:03.0: reg 0x10: [mem 0xfebc0000-0xfebdffff]
[    0.637899] pci 0000:00:03.0: reg 0x14: [io  0xc000-0xc03f]
[    0.639580] pci 0000:00:03.0: reg 0x30: [mem 0xfeb80000-0xfebbffff pref]
[    0.647901] ACPI: PCI: Interrupt link LNKA configured for IRQ 10
[    0.648562] ACPI: PCI: Interrupt link LNKB configured for IRQ 10
[    0.649195] ACPI: PCI: Interrupt link LNKC configured for IRQ 11
[    0.649831] ACPI: PCI: Interrupt link LNKD configured for IRQ 11
[    0.650321] ACPI: PCI: Interrupt link LNKS configured for IRQ 9
[    0.651492] iommu: Default domain type: Translated 
[    0.651794] iommu: DMA domain TLB invalidation policy: lazy mode 
[    0.653076] SCSI subsystem initialized
[    0.653534] ACPI: bus type USB registered
[    0.653827] usbcore: registered new interface driver usbfs
[    0.654187] usbcore: registered new interface driver hub
[    0.654453] usbcore: registered new device driver usb
[    0.654847] pps_core: LinuxPPS API ver. 1 registered
[    0.655142] pps_core: Software ver. 5.3.6 - Copyright 2005-2007 Rodolfo Giometti <giometti@linux.it>
[    0.655708] PTP clock support registered
[    0.656075] EDAC MC: Ver: 3.0.0
[    0.657417] NetLabel: Initializing
[    0.657632] NetLabel:  domain hash size = 128
[    0.657892] NetLabel:  protocols = UNLABELED CIPSOv4 CALIPSO
[    0.658412] NetLabel:  unlabeled traffic allowed by default
[    0.659049] PCI: Using ACPI for IRQ routing
[    0.659476] pci 0000:00:02.0: vgaarb: setting as boot VGA device
[    0.659842] pci 0000:00:02.0: vgaarb: bridge control possible
[    0.660182] pci 0000:00:02.0: vgaarb: VGA device added: decodes=io+mem,owns=io+mem,locks=none
[    0.660682] vgaarb: loaded
[    0.661251] hpet0: at MMIO 0xfed00000, IRQs 2, 8, 0
[    0.661556] hpet0: 3 comparators, 64-bit 100.000000 MHz counter
[    2.641674] clocksource: Switched to clocksource kvm-clock
[    2.642398] VFS: Disk quotas dquot_6.6.0
[    2.642398] VFS: Dquot-cache hash table entries: 512 (order 0, 4096 bytes)
[    2.642398] pnp: PnP ACPI init
[    2.642465] pnp: PnP ACPI: found 6 devices
[    2.652677] clocksource: acpi_pm: mask: 0xffffff max_cycles: 0xffffff, max_idle_ns: 2085701024 ns
[    2.653631] NET: Registered PF_INET protocol family
[    2.654129] IP idents hash table entries: 32768 (order: 6, 262144 bytes, linear)
[    2.655501] tcp_listen_portaddr_hash hash table entries: 1024 (order: 4, 73728 bytes, linear)
[    2.656072] Table-perturb hash table entries: 65536 (order: 6, 262144 bytes, linear)
[    2.656550] TCP established hash table entries: 16384 (order: 5, 131072 bytes, linear)
[    2.657229] TCP bind hash table entries: 16384 (order: 9, 2359296 bytes, linear)
[    2.659383] TCP: Hash tables configured (established 16384 bind 16384)
[    2.659946] UDP hash table entries: 1024 (order: 5, 163840 bytes, linear)
[    2.660454] UDP-Lite hash table entries: 1024 (order: 5, 163840 bytes, linear)
[    2.661113] NET: Registered PF_UNIX/PF_LOCAL protocol family
[    2.670678] RPC: Registered named UNIX socket transport module.
[    2.671096] RPC: Registered udp transport module.
[    2.671381] RPC: Registered tcp transport module.
[    2.671665] RPC: Registered tcp NFSv4.1 backchannel transport module.
[    2.672072] pci_bus 0000:00: resource 4 [io  0x0000-0x0cf7 window]
[    2.672449] pci_bus 0000:00: resource 5 [io  0x0d00-0xffff window]
[    2.672825] pci_bus 0000:00: resource 6 [mem 0x000a0000-0x000bffff window]
[    2.673252] pci_bus 0000:00: resource 7 [mem 0x80000000-0xfebfffff window]
[    2.673677] pci_bus 0000:00: resource 8 [mem 0x100000000-0x17fffffff window]
[    2.674310] pci 0000:00:01.0: PIIX3: Enabling Passive Release
[    2.674690] pci 0000:00:00.0: Limiting direct PCI/PCI transfers
[    2.675139] PCI: CLS 0 bytes, default 64
[    2.675444] ACPI: bus type thunderbolt registered
[    2.676014] clocksource: tsc: mask: 0xffffffffffffffff max_cycles: 0x3407c077a8d, max_idle_ns: 440795342283 ns
[    2.680367] Callback from call_rcu_tasks_rude() invoked.
[    2.746465] Callback from call_rcu_tasks() invoked.
[    2.791541] Initialise system trusted keyrings
[    2.791899] Key type blacklist registered
[    2.792409] workingset: timestamp_bits=36 max_order=19 bucket_order=0
[    2.801186] zbud: loaded
[    2.803220] squashfs: version 4.0 (2009/01/31) Phillip Lougher
[    2.804737] NFS: Registering the id_resolver key type
[    2.805070] Key type id_resolver registered
[    2.805325] Key type id_legacy registered
[    2.805660] nfs4filelayout_init: NFSv4 File Layout Driver Registering...
[    2.806083] nfs4flexfilelayout_init: NFSv4 Flexfile Layout Driver Registering...
[    2.806638] fuse: init (API version 7.37)
[    2.807144] SGI XFS with ACLs, security attributes, realtime, quota, no debug enabled
[    2.809369] 9p: Installing v9fs 9p2000 file system support
[    2.815318] Key type asymmetric registered
[    2.815605] Asymmetric key parser 'x509' registered
[    2.816979] alg: self-tests for CTR-KDF (hmac(sha256)) passed
[    2.817395] Block layer SCSI generic (bsg) driver version 0.4 loaded (major 243)
[    2.817964] io scheduler mq-deadline registered
[    2.818345] io scheduler bfq registered
[    2.819359] shpchp: Standard Hot Plug PCI Controller Driver version: 0.4
[    2.820102] IPMI message handler: version 39.2
[    2.820410] ipmi device interface
[    2.821884] input: Power Button as /devices/LNXSYSTM:00/LNXPWRBN:00/input/input0
[    2.822528] ACPI: button: Power Button [PWRF]
[    2.823576] ERST DBG: ERST support is disabled.
[    2.824363] Serial: 8250/16550 driver, 32 ports, IRQ sharing enabled
[    2.825200] 00:04: ttyS0 at I/O 0x3f8 (irq = 4, base_baud = 115200) is a 16550A
[    2.832486] Linux agpgart interface v0.103
[    2.833217] ACPI: bus type drm_connector registered
[    2.844652] brd: module loaded
[    2.850604] loop: module loaded
[    2.854071] scsi host0: ata_piix
[    2.854783] scsi host1: ata_piix
[    2.855125] ata1: PATA max MWDMA2 cmd 0x1f0 ctl 0x3f6 bmdma 0xc040 irq 14
[    2.855533] ata2: PATA max MWDMA2 cmd 0x170 ctl 0x376 bmdma 0xc048 irq 15
[    2.857039] tun: Universal TUN/TAP device driver, 1.6
[    2.857468] e100: Intel(R) PRO/100 Network Driver
[    2.857754] e100: Copyright(c) 1999-2006 Intel Corporation
[    2.858112] e1000: Intel(R) PRO/1000 Network Driver
[    2.858423] e1000: Copyright (c) 1999-2006 Intel Corporation.
[    3.010028] ACPI: \_SB_.LNKC: Enabled at IRQ 11
[    3.014527] ata2: found unknown device (class 0)
[    3.015065] ata1: found unknown device (class 0)
[    3.015829] ata2.00: ATAPI: QEMU DVD-ROM, 2.5+, max UDMA/100
[    3.016304] ata1.00: ATA-7: QEMU HARDDISK, 2.5+, max UDMA/100
[    3.016667] ata1.00: 16777216 sectors, multi 16: LBA48 
[    3.018023] scsi 0:0:0:0: Direct-Access     ATA      QEMU HARDDISK    2.5+ PQ: 0 ANSI: 5
[    3.019450] sd 0:0:0:0: Attached scsi generic sg0 type 0
[    3.019609] sd 0:0:0:0: [sda] 16777216 512-byte logical blocks: (8.59 GB/8.00 GiB)
[    3.020246] scsi 1:0:0:0: CD-ROM            QEMU     QEMU DVD-ROM     2.5+ PQ: 0 ANSI: 5
[    3.020313] sd 0:0:0:0: [sda] Write Protect is off
[    3.021113] sd 0:0:0:0: [sda] Write cache: enabled, read cache: enabled, doesn't support DPO or FUA
[    3.021723] sd 0:0:0:0: [sda] Preferred minimum I/O size 512 bytes
[    3.055081] scsi 1:0:0:0: Attached scsi generic sg1 type 5
[    3.056493] sd 0:0:0:0: [sda] Attached SCSI disk
[    3.332904] e1000 0000:00:03.0 eth0: (PCI:33MHz:32-bit) 52:54:00:12:34:56
[    3.333352] e1000 0000:00:03.0 eth0: Intel(R) PRO/1000 Network Connection
[    3.333854] e1000e: Intel(R) PRO/1000 Network Driver
[    3.334149] e1000e: Copyright(c) 1999 - 2015 Intel Corporation.
[    3.334559] igb: Intel(R) Gigabit Ethernet Network Driver
[    3.334881] igb: Copyright (c) 2007-2014 Intel Corporation.
[    3.335293] PPP generic driver version 2.4.2
[    3.336045] VFIO - User Level meta-driver version: 0.3
[    3.336760] usbcore: registered new interface driver uas
[    3.337432] usbcore: registered new interface driver usb-storage
[    3.338267] i8042: PNP: PS/2 Controller [PNP0303:KBD,PNP0f13:MOU] at 0x60,0x64 irq 1,12
[    3.340149] serio: i8042 KBD port at 0x60,0x64 irq 1
[    3.340769] serio: i8042 AUX port at 0x60,0x64 irq 12
[    3.342197] mousedev: PS/2 mouse device common for all mice
[    3.343509] input: AT Translated Set 2 keyboard as /devices/platform/i8042/serio0/input/input1
[    3.344832] input: VirtualPS/2 VMware VMMouse as /devices/platform/i8042/serio1/input/input4
[    3.345643] rtc_cmos 00:05: RTC can wake from S4
[    3.346096] input: VirtualPS/2 VMware VMMouse as /devices/platform/i8042/serio1/input/input3
[    3.347426] rtc_cmos 00:05: registered as rtc0
[    3.347751] rtc_cmos 00:05: setting system clock to 2023-02-23T23:46:42 UTC (1677196002)
[    3.348355] rtc_cmos 00:05: alarms up to one day, y3k, 242 bytes nvram, hpet irqs
[    3.348859] i2c_dev: i2c /dev entries driver
[    3.349164] device-mapper: core: CONFIG_IMA_DISABLE_HTABLE is disabled. Duplicate IMA measurements will not be recorded in the IMA log.
[    3.351104] device-mapper: uevent: version 1.0.3
[    3.351669] device-mapper: ioctl: 4.47.0-ioctl (2022-07-28) initialised: dm-devel@redhat.com
[    3.352168] intel_pstate: CPU model not supported
[    3.352540] sdhci: Secure Digital Host Controller Interface driver
[    3.352911] sdhci: Copyright(c) Pierre Ossman
[    3.353233] sdhci-pltfm: SDHCI platform and OF driver helper
[    3.353622] ledtrig-cpu: registered to indicate activity on CPUs
[    3.354300] drop_monitor: Initializing network drop monitor service
[    3.355139] NET: Registered PF_INET6 protocol family
[    3.356935] Segment Routing with IPv6
[    3.357189] In-situ OAM (IOAM) with IPv6
[    3.357475] NET: Registered PF_PACKET protocol family
[    3.357962] 9pnet: Installing 9P2000 support
[    3.358278] Key type dns_resolver registered
[    3.359185] IPI shorthand broadcast: enabled
[    3.359488] sched_clock: Marking stable (3348356100, 10642252)->(3372930461, -13932109)
[    3.360478] registered taskstats version 1
[    3.360890] Loading compiled-in X.509 certificates
[    3.361405] zswap: loaded using pool lzo/zbud
[    3.362169] Key type .fscrypt registered
[    3.362421] Key type fscrypt-provisioning registered
[    3.363584] Key type encrypted registered
[    3.363871] ima: No TPM chip found, activating TPM-bypass!
[    3.364203] ima: Allocated hash algorithm: sha1
[    3.364508] ima: No architecture policies found
[    3.364848] evm: Initialising EVM extended attributes:
[    3.365152] evm: security.selinux
[    3.365353] evm: security.SMACK64
[    3.365552] evm: security.SMACK64EXEC
[    3.365772] evm: security.SMACK64TRANSMUTE
[    3.366023] evm: security.SMACK64MMAP
[    3.366242] evm: security.apparmor
[    3.366464] evm: security.ima
[    3.366645] evm: security.capability
[    3.366865] evm: HMAC attrs: 0x1
[    3.374869] PM:   Magic number: 11:381:808
[    3.375496] RAS: Correctable Errors collector initialized.
[    3.376729] md: Waiting for all devices to be available before autodetect
[    3.377002] md: If you don't use raid, use raid=noautodetect
[    3.377233] md: Autodetecting RAID arrays.
[    3.377409] md: autorun ...
[    3.377530] md: ... autorun DONE.
[    3.382198] EXT4-fs (sda): mounted filesystem with ordered data mode. Quota mode: none.
[    3.382901] VFS: Mounted root (ext4 filesystem) readonly on device 8:0.
[    3.384477] devtmpfs: mounted
[    3.390306] Freeing unused decrypted memory: 2036K
[    3.392127] Freeing unused kernel image (initmem) memory: 3672K
[    3.406512] Write protecting the kernel read-only data: 43008k
[    3.409068] Freeing unused kernel image (text/rodata gap) memory: 2028K
[    3.409629] Freeing unused kernel image (rodata/data gap) memory: 376K
[    3.484239] x86/mm: Checked W+X mappings: passed, no W+X pages found.
[    3.484574] Run /sbin/init as init process
[    3.559848] systemd[1]: RTC configured in localtime, applying delta of 0 minutes to system time.
[    3.582318] systemd[1]: systemd 239 (239-49.el8) running in system mode. (+PAM +AUDIT +SELINUX +IMA -APPARMOR +SMACK +SYSVINIT +UTMP +LIBCRYPTSETUP +GCRYPT +GNUTLS +ACL +XZ +LZ4 +SECCOMP +BLKID +ELFUTILS +KMOD +IDN2 -IDN +PCRE2 default-hierarchy=legacy)
[    3.583429] systemd[1]: Detected virtualization kvm.
[    3.583638] systemd[1]: Detected architecture x86-64.

Welcome to [0;31mCentOS Stream 8[0m!

[    3.629482] systemd[1]: Set hostname to <test>.
[    4.658457] random: crng init done
[    4.939867] systemd[1]: Listening on Journal Socket (/dev/log).
[[0;32m  OK  [0m] Listening on Journal Socket (/dev/log).
[    4.941192] systemd[1]: Listening on RPCbind Server Activation Socket.
[[0;32m  OK  [0m] Listening on RPCbind Server Activation Socket.
[    4.942353] systemd[1]: Set up automount Arbitrary Executable File Formats File System Automount Point.
[[0;32m  OK  [0m] Set up automount Arbitrary Executabâ€¦rmats File System Automount Point.
[    4.943474] systemd[1]: Listening on udev Control Socket.
[[0;32m  OK  [0m] Listening on udev Control Socket.
[    4.944050] systemd[1]: Reached target RPC Port Mapper.
[[0;32m  OK  [0m] Reached target RPC Port Mapper.
[    4.944712] systemd[1]: Listening on multipathd control socket.
[[0;32m  OK  [0m] Listening on multipathd control socket.
[[0;32m  OK  [0m] Listening on initctl Compatibility Named Pipe.
[[0;32m  OK  [0m] Listening on Process Core Dump Socket.
[[0;32m  OK  [0m] Created slice User and Session Slice.
[[0;32m  OK  [0m] Reached target Slices.
[[0;32m  OK  [0m] Created slice system-sshd\x2dkeygen.slice.
[[0;32m  OK  [0m] Created slice system-getty.slice.
[[0;32m  OK  [0m] Reached target Swap.
[[0;32m  OK  [0m] Listening on Journal Socket.
         Starting Remount Root and Kernel File Systems...
         Starting Journal Service...
         Starting Setup Virtual Console...
         Mounting POSIX Message Queue File System...
[[0;32m  OK  [0m] Created slice system-serial\x2dgetty.slice.
         Starting Load Kernel Modules...
[[0;32m  OK  [0m] Listening on Device-mapper event daemon FIFOs.
         Starting Monitoring of LVM2 mirrorsâ€¦ng dmeventd or progress polling...
[[0;32m  OK  [0m] Started Forward Password Requests to Wall Directory Watch.
         Mounting Huge Pages File System...
[[0;32m  OK  [0m] Listening on udev Kernel Socket.
         Starting udev Coldplug all Devices...
         Mounting Kernel Debug File System...
[[0;32m  OK  [0m] Listening on LVM2 poll daemon socket.
[    5.210662] EXT4-fs (sda): re-mounted. Quota mode: none.
[[0;32m  OK  [0m] Started Journal Service.
[[0;32m  OK  [0m] Started Remount Root and Kernel File Systems.
[[0;32m  OK  [0m] Mounted POSIX Message Queue File System.
[[0;1;31mFAILED[0m] Failed to start Load Kernel Modules.
See 'systemctl status systemd-modules-load.service' for details.
[[0;32m  OK  [0m] Mounted Huge Pages File System.
[[0;32m  OK  [0m] Mounted Kernel Debug File System.
         Mounting Kernel Configuration File System...
         Starting Apply Kernel Variables...
         Mounting FUSE Control File System...
         Starting Create Static Device Nodes in /dev...
         Starting Load/Save Random Seed...
         Starting Flush Journal to Persistent Storage...
[[0;32m  OK  [0m] Started Setup Virtual Console.
[[0;32m  OK  [0m] Mounted Kernel Configuration File System.
[[0;32m  OK  [0m] Started Apply Kernel Variables.
[[0;32m  OK  [0m] Mounted FUSE Control File System.
[[0;32m  OK  [0m] Started Create Static Device Nodes in /dev.
[[0;32m  OK  [0m] Started udev Coldplug all Devices.
         Starting udev Wait for Complete Device Initialization...
         Starting udev Kernel Device Manager...
[[0;32m  OK  [0m] Started Load/Save Random Seed.
[[0;32m  OK  [0m] Started Flush Journal to Persistent Storage.
[[0;32m  OK  [0m] Started udev Kernel Device Manager.
         Starting Show Plymouth Boot Screen...
[[0;32m  OK  [0m] Started Show Plymouth Boot Screen.
[[0;32m  OK  [0m] Reached target Local Encrypted Volumes.
[[0;32m  OK  [0m] Reached target Paths.
[[0;32m  OK  [0m] Started Forward Password Requests to Plymouth Directory Watch.
[[0;32m  OK  [0m] Found device /dev/ttyS0.
[[0;32m  OK  [0m] Started Monitoring of LVM2 mirrors,â€¦sing dmeventd or progress polling.
[[0;32m  OK  [0m] Started udev Wait for Complete Device Initialization.
[[0;32m  OK  [0m] Listening on Load/Save RF Kill Switch Status /dev/rfkill Watch.
[[0;32m  OK  [0m] Reached target Local File Systems (Pre).
[[0;32m  OK  [0m] Reached target Local File Systems.
         Starting Restore /run/initramfs on shutdown...
         Starting Tell Plymouth To Write Out Runtime Data...
         Starting Create Volatile Files and Directories...
[[0;32m  OK  [0m] Started Restore /run/initramfs on shutdown.
[[0;32m  OK  [0m] Started Tell Plymouth To Write Out Runtime Data.
[[0;32m  OK  [0m] Started Create Volatile Files and Directories.
         Mounting RPC Pipe File System...
         Starting Security Auditing Service...
         Starting RPC Bind...
[[0;32m  OK  [0m] Mounted RPC Pipe File System.
[[0;32m  OK  [0m] Reached target rpc_pipefs.target.
[[0;32m  OK  [0m] Started RPC Bind.
[[0;32m  OK  [0m] Started Security Auditing Service.
         Starting Update UTMP about System Boot/Shutdown...
[[0;32m  OK  [0m] Started Update UTMP about System Boot/Shutdown.
[[0;32m  OK  [0m] Reached target System Initialization.
[[0;32m  OK  [0m] Started Daily Cleanup of Temporary Directories.
[[0;32m  OK  [0m] Listening on D-Bus System Message Bus Socket.
[[0;32m  OK  [0m] Listening on SSSD Kerberos Cache Manager responder socket.
[[0;32m  OK  [0m] Reached target Sockets.
[[0;32m  OK  [0m] Reached target Basic System.
         Starting Auto-connect to subsystemsâ€¦-NVME devices found during boot...
         Starting Authorization Manager...
         Starting NTP client/server...
[[0;32m  OK  [0m] Started Machine Check Exception Logging Daemon.
[[0;32m  OK  [0m] Started D-Bus System Message Bus.
         Starting Network Manager...
[[0;32m  OK  [0m] Started irqbalance daemon.
         Starting Login Service...
         Starting Self Monitoring and Reporting Technology (SMART) Daemon...
[[0;32m  OK  [0m] Started daily update of the root trust anchor for DNSSEC.
[[0;32m  OK  [0m] Reached target sshd-keygen.target.
[[0;32m  OK  [0m] Started dnf makecache --timer.
[[0;32m  OK  [0m] Reached target Timers.
[[0;32m  OK  [0m] Started Auto-connect to subsystems â€¦FC-NVME devices found during boot.
         Starting update of the root trust aâ€¦or DNSSEC validation in unbound...
[[0;32m  OK  [0m] Started NTP client/server.
[[0;32m  OK  [0m] Started Self Monitoring and Reporting Technology (SMART) Daemon.
[[0;32m  OK  [0m] Started Login Service.
[[0;32m  OK  [0m] Started Network Manager.
[[0;32m  OK  [0m] Reached target Network.
         Starting OpenSSH server daemon...
         Starting GSSAPI Proxy Daemon...
         Starting Dynamic System Tuning Daemon...
         Starting Network Manager Wait Online...
         Starting Hostname Service...
[[0;32m  OK  [0m] Started update of the root trust anâ€¦ for DNSSEC validation in unbound.
[[0;32m  OK  [0m] Started OpenSSH server daemon.
[[0;32m  OK  [0m] Started GSSAPI Proxy Daemon.
[[0;32m  OK  [0m] Reached target NFS client services.
[[0;32m  OK  [0m] Reached target Remote File Systems (Pre).
[[0;32m  OK  [0m] Reached target Remote File Systems.
         Starting Permit User Sessions...
[[0;32m  OK  [0m] Started Authorization Manager.
[[0;32m  OK  [0m] Started Permit User Sessions.
[[0;32m  OK  [0m] Started Command Scheduler.
         Starting Terminate Plymouth Boot Screen...
         Starting Hold until boot process finishes up...
[[0;32m  OK  [0m] Started Terminate Plymouth Boot Screen.
[[0;32m  OK  [0m] Started Hold until boot process finishes up.
[    7.034529] e1000: eth0 NIC Link is Up 1000 Mbps Full Duplex, Flow Control: RX
[    7.035272] IPv6: ADDRCONF(NETDEV_CHANGE): eth0: link becomes ready
[    7.224117] Spectre V2 : WARNING: Unprivileged eBPF is enabled with eIBRS on, data leaks possible via Spectre v2 BHB attacks!
[    7.224629] Spectre V2 : WARNING: Unprivileged eBPF is enabled with eIBRS on, data leaks possible via Spectre v2 BHB attacks!

CentOS Stream 8
Kernel 6.1.0-rc3-725349f8ba1e+ on an x86_64

test login: 