c[?7l[2J[0mSeaBIOS (version rel-1.16.0-0-gd239552ce722-prebuilt.qemu.org)


iPXE (http://ipxe.org) 00:03.0 CA00 PCI2.10 PnP PMM+7FF91000+7FEF1000 CA00
Press Ctrl-B to configure iPXE (PCI 00:03.0)...                                                                               


Booting from ROM..c[?7l[2J[    0.000000] Linux version 6.1.0-rc8-7c4a6309e27f+ (root@p-adls01) (gcc (GCC) 8.5.0 20210514 (Red Hat 8.5.0-18), GNU ld version 2.36.1-2.el8) #1 SMP PREEMPT_DYNAMIC Fri Feb 24 05:43:31 CST 2023
[    0.000000] Command line: console=ttyS0 root=/dev/sda earlyprintk=serial net.ifnames=0
[    0.000000] KERNEL supported cpus:
[    0.000000]   Intel GenuineIntel
[    0.000000]   AMD AuthenticAMD
[    0.000000]   Hygon HygonGenuine
[    0.000000]   Centaur CentaurHauls
[    0.000000]   zhaoxin   Shanghai  
[    0.000000] x86/fpu: Supporting XSAVE feature 0x001: 'x87 floating point registers'
[    0.000000] x86/fpu: Supporting XSAVE feature 0x002: 'SSE registers'
[    0.000000] x86/fpu: Supporting XSAVE feature 0x004: 'AVX registers'
[    0.000000] x86/fpu: Supporting XSAVE feature 0x200: 'Protection Keys User registers'
[    0.000000] x86/fpu: xstate_offset[2]:  576, xstate_sizes[2]:  256
[    0.000000] x86/fpu: xstate_offset[9]:  832, xstate_sizes[9]:    8
[    0.000000] x86/fpu: Enabled xstate features 0x207, context size is 840 bytes, using 'compacted' format.
[    0.000000] signal: max sigframe size: 3632
[    0.000000] BIOS-provided physical RAM map:
[    0.000000] BIOS-e820: [mem 0x0000000000000000-0x000000000009fbff] usable
[    0.000000] BIOS-e820: [mem 0x000000000009fc00-0x000000000009ffff] reserved
[    0.000000] BIOS-e820: [mem 0x00000000000f0000-0x00000000000fffff] reserved
[    0.000000] BIOS-e820: [mem 0x0000000000100000-0x000000007ffdffff] usable
[    0.000000] BIOS-e820: [mem 0x000000007ffe0000-0x000000007fffffff] reserved
[    0.000000] BIOS-e820: [mem 0x00000000feffc000-0x00000000feffffff] reserved
[    0.000000] BIOS-e820: [mem 0x00000000fffc0000-0x00000000ffffffff] reserved
[    0.000000] printk: bootconsole [earlyser0] enabled
[    0.000000] NX (Execute Disable) protection: active
[    0.000000] SMBIOS 2.8 present.
[    0.000000] DMI: QEMU Standard PC (i440FX + PIIX, 1996), BIOS rel-1.16.0-0-gd239552ce722-prebuilt.qemu.org 04/01/2014
[    0.000000] Hypervisor detected: KVM
[    0.000000] kvm-clock: Using msrs 4b564d01 and 4b564d00
[    0.000002] kvm-clock: using sched offset of 343099114 cycles
[    0.000335] clocksource: kvm-clock: mask: 0xffffffffffffffff max_cycles: 0x1cd42e4dffb, max_idle_ns: 881590591483 ns
[    0.001366] tsc: Detected 3609.600 MHz processor
[    0.007942] last_pfn = 0x7ffe0 max_arch_pfn = 0x400000000
[    0.008360] x86/PAT: Configuration [0-7]: WB  WC  UC- UC  WB  WP  UC- WT  
[    0.016417] found SMP MP-table at [mem 0x000f5ba0-0x000f5baf]
[    0.016890] Using GB pages for direct mapping
[    0.018299] ACPI: Early table checksum verification disabled
[    0.018683] ACPI: RSDP 0x00000000000F59C0 000014 (v00 BOCHS )
[    0.019062] ACPI: RSDT 0x000000007FFE1951 000034 (v01 BOCHS  BXPC     00000001 BXPC 00000001)
[    0.019624] ACPI: FACP 0x000000007FFE17FD 000074 (v01 BOCHS  BXPC     00000001 BXPC 00000001)
[    0.020183] ACPI: DSDT 0x000000007FFE0040 0017BD (v01 BOCHS  BXPC     00000001 BXPC 00000001)
[    0.020741] ACPI: FACS 0x000000007FFE0000 000040
[    0.021048] ACPI: APIC 0x000000007FFE1871 000080 (v01 BOCHS  BXPC     00000001 BXPC 00000001)
[    0.021599] ACPI: HPET 0x000000007FFE18F1 000038 (v01 BOCHS  BXPC     00000001 BXPC 00000001)
[    0.022150] ACPI: WAET 0x000000007FFE1929 000028 (v01 BOCHS  BXPC     00000001 BXPC 00000001)
[    0.022698] ACPI: Reserving FACP table memory at [mem 0x7ffe17fd-0x7ffe1870]
[    0.023148] ACPI: Reserving DSDT table memory at [mem 0x7ffe0040-0x7ffe17fc]
[    0.023607] ACPI: Reserving FACS table memory at [mem 0x7ffe0000-0x7ffe003f]
[    0.024042] ACPI: Reserving APIC table memory at [mem 0x7ffe1871-0x7ffe18f0]
[    0.024477] ACPI: Reserving HPET table memory at [mem 0x7ffe18f1-0x7ffe1928]
[    0.024921] ACPI: Reserving WAET table memory at [mem 0x7ffe1929-0x7ffe1950]
[    0.025905] No NUMA configuration found
[    0.026145] Faking a node at [mem 0x0000000000000000-0x000000007ffdffff]
[    0.026608] NODE_DATA(0) allocated [mem 0x7ffb5000-0x7ffdffff]
[    0.029880] Zone ranges:
[    0.030064]   DMA      [mem 0x0000000000001000-0x0000000000ffffff]
[    0.030458]   DMA32    [mem 0x0000000001000000-0x000000007ffdffff]
[    0.030850]   Normal   empty
[    0.031035]   Device   empty
[    0.031223] Movable zone start for each node
[    0.031493] Early memory node ranges
[    0.031726]   node   0: [mem 0x0000000000001000-0x000000000009efff]
[    0.032124]   node   0: [mem 0x0000000000100000-0x000000007ffdffff]
[    0.032524] Initmem setup node 0 [mem 0x0000000000001000-0x000000007ffdffff]
[    0.033245] On node 0, zone DMA: 1 pages in unavailable ranges
[    0.033345] On node 0, zone DMA: 97 pages in unavailable ranges
[    0.050178] On node 0, zone DMA32: 32 pages in unavailable ranges
[    0.050784] ACPI: PM-Timer IO Port: 0x608
[    0.051438] ACPI: LAPIC_NMI (acpi_id[0xff] dfl dfl lint[0x1])
[    0.051845] IOAPIC[0]: apic_id 0, version 17, address 0xfec00000, GSI 0-23
[    0.052291] ACPI: INT_SRC_OVR (bus 0 bus_irq 0 global_irq 2 dfl dfl)
[    0.052689] ACPI: INT_SRC_OVR (bus 0 bus_irq 5 global_irq 5 high level)
[    0.053101] ACPI: INT_SRC_OVR (bus 0 bus_irq 9 global_irq 9 high level)
[    0.053512] ACPI: INT_SRC_OVR (bus 0 bus_irq 10 global_irq 10 high level)
[    0.053933] ACPI: INT_SRC_OVR (bus 0 bus_irq 11 global_irq 11 high level)
[    0.054368] ACPI: Using ACPI (MADT) for SMP configuration information
[    0.054774] ACPI: HPET id: 0x8086a201 base: 0xfed00000
[    0.055112] TSC deadline timer available
[    0.055365] smpboot: Allowing 2 CPUs, 0 hotplug CPUs
[    0.055737] kvm-guest: KVM setup pv remote TLB flush
[    0.056052] kvm-guest: setup PV sched yield
[    0.056371] PM: hibernation: Registered nosave memory: [mem 0x00000000-0x00000fff]
[    0.056850] PM: hibernation: Registered nosave memory: [mem 0x0009f000-0x0009ffff]
[    0.057325] PM: hibernation: Registered nosave memory: [mem 0x000a0000-0x000effff]
[    0.057800] PM: hibernation: Registered nosave memory: [mem 0x000f0000-0x000fffff]
[    0.058278] [mem 0x80000000-0xfeffbfff] available for PCI devices
[    0.058663] Booting paravirtualized kernel on KVM
[    0.058976] clocksource: refined-jiffies: mask: 0xffffffff max_cycles: 0xffffffff, max_idle_ns: 7645519600211568 ns
[    0.059649] setup_percpu: NR_CPUS:8192 nr_cpumask_bits:2 nr_cpu_ids:2 nr_node_ids:1
[    0.061235] percpu: Embedded 64 pages/cpu s225280 r8192 d28672 u1048576
[    0.061857] kvm-guest: PV spinlocks enabled
[    0.062133] PV qspinlock hash table entries: 256 (order: 0, 4096 bytes, linear)
[    0.062627] Fallback order for Node 0: 0 
[    0.062900] Built 1 zonelists, mobility grouping on.  Total pages: 515808
[    0.063338] Policy zone: DMA32
[    0.063536] Kernel command line: net.ifnames=0 console=ttyS0 root=/dev/sda earlyprintk=serial net.ifnames=0
[    0.065523] Dentry cache hash table entries: 262144 (order: 9, 2097152 bytes, linear)
[    0.066465] Inode-cache hash table entries: 131072 (order: 8, 1048576 bytes, linear)
[    0.067078] mem auto-init: stack:off, heap alloc:off, heap free:off
[    0.070287] Memory: 1985384K/2096632K available (32784K kernel code, 4694K rwdata, 7832K rodata, 3672K init, 22120K bss, 110992K reserved, 0K cma-reserved)
[    0.072083] SLUB: HWalign=64, Order=0-3, MinObjects=0, CPUs=2, Nodes=1
[    0.072488] kmemleak: Kernel memory leak detector disabled
[    0.072858] ftrace: allocating 67363 entries in 264 pages
[    0.093287] ftrace: allocated 264 pages with 2 groups
[    0.096113] Dynamic Preempt: voluntary
[    0.096535] Running RCU self tests
[    0.096750] rcu: Preemptible hierarchical RCU implementation.
[    0.097100] rcu: 	RCU lockdep checking is enabled.
[    0.097391] rcu: 	RCU restricting CPUs from NR_CPUS=8192 to nr_cpu_ids=2.
[    0.097804] 	Trampoline variant of Tasks RCU enabled.
[    0.098111] 	Rude variant of Tasks RCU enabled.
[    0.098386] 	Tracing variant of Tasks RCU enabled.
[    0.098677] rcu: RCU calculated value of scheduler-enlistment delay is 25 jiffies.
[    0.099137] rcu: Adjusting geometry for rcu_fanout_leaf=16, nr_cpu_ids=2
[    0.122107] NR_IRQS: 524544, nr_irqs: 440, preallocated irqs: 16
[    0.122768] rcu: srcu_init: Setting srcu_struct sizes based on contention.
[    0.128936] Console: colour VGA+ 80x25
[    0.129211] printk: console [ttyS0] enabled
[    0.129211] printk: console [ttyS0] enabled
[    0.129727] printk: bootconsole [earlyser0] disabled
[    0.129727] printk: bootconsole [earlyser0] disabled
[    0.130339] Lock dependency validator: Copyright (c) 2006 Red Hat, Inc., Ingo Molnar
[    0.130825] ... MAX_LOCKDEP_SUBCLASSES:  8
[    0.131088] ... MAX_LOCK_DEPTH:          48
[    0.131358] ... MAX_LOCKDEP_KEYS:        8192
[    0.131638] ... CLASSHASH_SIZE:          4096
[    0.131917] ... MAX_LOCKDEP_ENTRIES:     32768
[    0.132201] ... MAX_LOCKDEP_CHAINS:      65536
[    0.132486] ... CHAINHASH_SIZE:          32768
[    0.132780]  memory used by lock dependency info: 6365 kB
[    0.133123]  memory used for stack traces: 4224 kB
[    0.133429]  per task-struct memory footprint: 1920 bytes
[    0.133811] ACPI: Core revision 20220331
[    0.134258] clocksource: hpet: mask: 0xffffffff max_cycles: 0xffffffff, max_idle_ns: 19112604467 ns
[    0.134943] APIC: Switch to symmetric I/O mode setup
[    0.135376] x2apic enabled
[    0.135678] Switched APIC routing to physical x2apic.
[    0.135994] kvm-guest: setup PV IPIs
[    0.136898] ..TIMER: vector=0x30 apic1=0 pin1=2 apic2=-1 pin2=-1
[    0.137296] clocksource: tsc-early: mask: 0xffffffffffffffff max_cycles: 0x3407c077a8d, max_idle_ns: 440795342283 ns
[    0.137968] Calibrating delay loop (skipped) preset value.. 7219.20 BogoMIPS (lpj=14438400)
[    0.138496] pid_max: default: 32768 minimum: 301
[    0.142003] LSM: Security Framework initializing
[    0.142306] Yama: becoming mindful.
[    0.142716] Mount-cache hash table entries: 4096 (order: 3, 32768 bytes, linear)
[    0.143194] Mountpoint-cache hash table entries: 4096 (order: 3, 32768 bytes, linear)
[    0.145803] x86/cpu: User Mode Instruction Prevention (UMIP) activated
[    0.146266] Last level iTLB entries: 4KB 0, 2MB 0, 4MB 0
[    0.146631] Last level dTLB entries: 4KB 0, 2MB 0, 4MB 0, 1GB 0
[    0.147034] Spectre V1 : Mitigation: usercopy/swapgs barriers and __user pointer sanitization
[    0.147561] Spectre V2 : WARNING: Unprivileged eBPF is enabled with eIBRS on, data leaks possible via Spectre v2 BHB attacks!
[    0.148260] Spectre V2 : Mitigation: Enhanced IBRS
[    0.148554] Spectre V2 : Spectre v2 / SpectreRSB mitigation: Filling RSB on context switch
[    0.149051] Spectre V2 : Spectre v2 / PBRSB-eIBRS: Retire a single CALL on VMEXIT
[    0.149514] Spectre V2 : mitigation: Enabling conditional Indirect Branch Prediction Barrier
[    0.150476] Speculative Store Bypass: Mitigation: Speculative Store Bypass disabled via prctl
[    0.241168] Freeing SMP alternatives memory: 56K
[    0.241795] smpboot: CPU0: 12th Gen Intel(R) Core(TM) i7-12700K (family: 0x6, model: 0x97, stepping: 0x2)
[    0.241955] cblist_init_generic: Setting adjustable number of callback queues.
[    0.241955] cblist_init_generic: Setting shift to 1 and lim to 1.
[    0.241955] cblist_init_generic: Setting shift to 1 and lim to 1.
[    0.241955] cblist_init_generic: Setting shift to 1 and lim to 1.
[    0.241955] Running RCU-tasks wait API self tests
[    0.342066] Performance Events: Alderlake Hybrid events, full-width counters, Intel PMU driver.
[    0.343093] core: cpu_core PMU driver: 
[    0.343336] ... version:                2
[    0.343581] ... bit width:              48
[    0.343829] ... generic registers:      6
[    0.344072] ... value mask:             0000ffffffffffff
[    0.344405] ... max period:             00007fffffffffff
[    0.344723] ... fixed-purpose events:   3
[    0.344966] ... event mask:             0001000f0000003f
[    0.345458] rcu: Hierarchical SRCU implementation.
[    0.345743] rcu: 	Max phase no-delay instances is 1000.
[    0.348077] unchecked MSR access error: WRMSR to 0x38f (tried to write 0x0001000f0000003f) at rIP: 0xffffffff810ce49c (native_write_msr+0xc/0x30)
[    0.348877] Call Trace:
[    0.349032]  <TASK>
[    0.349167]  __intel_pmu_enable_all.constprop.46+0xb5/0x140
[    0.349512]  intel_pmu_enable_all+0x1e/0x30
[    0.349778]  x86_pmu_enable+0x46d/0x5a0
[    0.349955]  ? write_comp_data+0x2f/0x90
[    0.349955]  perf_pmu_enable+0x53/0x70
[    0.349955]  ctx_resched+0xab/0xf0
[    0.349955]  __perf_install_in_context+0x31b/0x480
[    0.349955]  ? perf_duration_warn+0x50/0x50
[    0.349955]  ? perf_duration_warn+0x50/0x50
[    0.349955]  remote_function+0x80/0xa0
[    0.349955]  ? perf_duration_warn+0x50/0x50
[    0.349955]  generic_exec_single+0x124/0x190
[    0.349955]  smp_call_function_single+0x11c/0x240
[    0.349955]  ? perf_duration_warn+0x50/0x50
[    0.349955]  ? __sanitizer_cov_trace_pc+0x25/0x60
[    0.349955]  ? write_comp_data+0x2f/0x90
[    0.349955]  perf_install_in_context+0x2e8/0x310
[    0.349955]  ? ctx_resched+0xf0/0xf0
[    0.349955]  perf_event_create_kernel_counter+0x16a/0x200
[    0.349955]  ? find_next_bit+0x30/0x30
[    0.349955]  hardlockup_detector_event_create+0x46/0xd0
[    0.349955]  hardlockup_detector_perf_init+0x18/0x66
[    0.349955]  watchdog_nmi_probe+0x17/0x1d
[    0.349955]  lockup_detector_init+0x40/0xaf
[    0.349955]  kernel_init_freeable+0x264/0x42e
[    0.349955]  ? __wait_for_common+0x19d/0x1f0
[    0.349955]  ? rest_init+0x240/0x240
[    0.349955]  kernel_init+0x24/0x1e0
[    0.349955]  ? rest_init+0x240/0x240
[    0.349955]  ret_from_fork+0x1f/0x30
[    0.349955]  </TASK>
[    0.349979] Callback from call_rcu_tasks_trace() invoked.
[    0.350473] smp: Bringing up secondary CPUs ...
[    0.351952] x86: Booting SMP configuration:
[    0.352228] .... node  #0, CPUs:      #1
[    0.352620] smp: Brought up 1 node, 2 CPUs
[    0.352620] smpboot: Max logical packages: 1
[    0.352620] smpboot: Total of 2 processors activated (14438.40 BogoMIPS)
[    0.356033] devtmpfs: initialized
[    0.356033] x86/mm: Memory block size: 128MB
[    0.358970] clocksource: jiffies: mask: 0xffffffff max_cycles: 0xffffffff, max_idle_ns: 7645041785100000 ns
[    0.358970] futex hash table entries: 512 (order: 4, 65536 bytes, linear)
[    0.359538] pinctrl core: initialized pinctrl subsystem
[    0.360290] 
[    0.360389] *************************************************************
[    0.360787] **     NOTICE NOTICE NOTICE NOTICE NOTICE NOTICE NOTICE    **
[    0.361968] **                                                         **
[    0.362374] **  IOMMU DebugFS SUPPORT HAS BEEN ENABLED IN THIS KERNEL  **
[    0.362779] **                                                         **
[    0.363185] ** This means that this kernel is built to expose internal **
[    0.363590] ** IOMMU data structures, which may compromise security on **
[    0.363996] ** your system.                                            **
[    0.364402] **                                                         **
[    0.364807] ** If you see this message and you are not debugging the   **
[    0.365213] ** kernel, report this immediately to your vendor!         **
[    0.365619] **                                                         **
[    0.365958] **     NOTICE NOTICE NOTICE NOTICE NOTICE NOTICE NOTICE    **
[    0.366363] *************************************************************
[    0.366805] PM: RTC time: 21:44:04, date: 2023-02-23
[    0.369833] NET: Registered PF_NETLINK/PF_ROUTE protocol family
[    0.370447] DMA: preallocated 256 KiB GFP_KERNEL pool for atomic allocations
[    0.370893] DMA: preallocated 256 KiB GFP_KERNEL|GFP_DMA pool for atomic allocations
[    0.371368] DMA: preallocated 256 KiB GFP_KERNEL|GFP_DMA32 pool for atomic allocations
[    0.371887] audit: initializing netlink subsys (disabled)
[    0.372285] audit: type=2000 audit(1677188644.993:1): state=initialized audit_enabled=0 res=1
[    0.372285] thermal_sys: Registered thermal governor 'fair_share'
[    0.372285] thermal_sys: Registered thermal governor 'bang_bang'
[    0.372285] thermal_sys: Registered thermal governor 'step_wise'
[    0.373960] thermal_sys: Registered thermal governor 'user_space'
[    0.374344] cpuidle: using governor ladder
[    0.374956] cpuidle: using governor menu
[    0.375391] acpiphp: ACPI Hot Plug PCI Controller Driver version: 0.5
[    0.376053] PCI: Using configuration type 1 for base access
[    0.388671] kprobes: kprobe jump-optimization is enabled. All kprobes are optimized if possible.
[    0.578018] HugeTLB: registered 1.00 GiB page size, pre-allocated 0 pages
[    0.578480] HugeTLB: 16380 KiB vmemmap can be freed for a 1.00 GiB page
[    0.578908] HugeTLB: registered 2.00 MiB page size, pre-allocated 0 pages
[    0.579344] HugeTLB: 28 KiB vmemmap can be freed for a 2.00 MiB page
[    0.581239] ACPI: Added _OSI(Module Device)
[    0.581516] ACPI: Added _OSI(Processor Device)
[    0.581809] ACPI: Added _OSI(3.0 _SCP Extensions)
[    0.581966] ACPI: Added _OSI(Processor Aggregator Device)
[    0.588832] ACPI: 1 ACPI AML tables successfully acquired and loaded
[    0.591946] ACPI: Interpreter enabled
[    0.592263] ACPI: PM: (supports S0 S3 S4 S5)
[    0.592542] ACPI: Using IOAPIC for interrupt routing
[    0.592892] PCI: Using host bridge windows from ACPI; if necessary, use "pci=nocrs" and report a bug
[    0.593453] PCI: Using E820 reservations for host bridge windows
[    0.594382] ACPI: Enabled 2 GPEs in block 00 to 0F
[    0.608282] ACPI: PCI Root Bridge [PCI0] (domain 0000 [bus 00-ff])
[    0.608723] acpi PNP0A03:00: _OSC: OS supports [ASPM ClockPM Segments MSI EDR HPX-Type3]
[    0.609238] acpi PNP0A03:00: _OSC: not requesting OS control; OS requires [ExtendedConfig ASPM ClockPM MSI]
[    0.609909] acpi PNP0A03:00: fail to add MMCONFIG information, can't access extended PCI configuration space under this bridge.
[    0.611975] acpiphp: Slot [3] registered
[    0.612287] acpiphp: Slot [4] registered
[    0.612591] acpiphp: Slot [5] registered
[    0.612891] acpiphp: Slot [6] registered
[    0.613192] acpiphp: Slot [7] registered
[    0.613492] acpiphp: Slot [8] registered
[    0.613798] acpiphp: Slot [9] registered
[    0.614015] acpiphp: Slot [10] registered
[    0.614320] acpiphp: Slot [11] registered
[    0.614627] acpiphp: Slot [12] registered
[    0.614946] acpiphp: Slot [13] registered
[    0.615258] acpiphp: Slot [14] registered
[    0.615569] acpiphp: Slot [15] registered
[    0.615900] acpiphp: Slot [16] registered
[    0.616221] acpiphp: Slot [17] registered
[    0.616539] acpiphp: Slot [18] registered
[    0.616848] acpiphp: Slot [19] registered
[    0.617152] acpiphp: Slot [20] registered
[    0.617457] acpiphp: Slot [21] registered
[    0.617772] acpiphp: Slot [22] registered
[    0.618019] acpiphp: Slot [23] registered
[    0.618324] acpiphp: Slot [24] registered
[    0.618632] acpiphp: Slot [25] registered
[    0.618944] acpiphp: Slot [26] registered
[    0.619255] acpiphp: Slot [27] registered
[    0.619572] acpiphp: Slot [28] registered
[    0.619883] acpiphp: Slot [29] registered
[    0.620196] acpiphp: Slot [30] registered
[    0.620507] acpiphp: Slot [31] registered
[    0.620780] PCI host bridge to bus 0000:00
[    0.621042] pci_bus 0000:00: root bus resource [io  0x0000-0x0cf7 window]
[    0.621473] pci_bus 0000:00: root bus resource [io  0x0d00-0xffff window]
[    0.621913] pci_bus 0000:00: root bus resource [mem 0x000a0000-0x000bffff window]
[    0.621959] pci_bus 0000:00: root bus resource [mem 0x80000000-0xfebfffff window]
[    0.622430] pci_bus 0000:00: root bus resource [mem 0x100000000-0x17fffffff window]
[    0.622903] pci_bus 0000:00: root bus resource [bus 00-ff]
[    0.623340] pci 0000:00:00.0: [8086:1237] type 00 class 0x060000
[    0.626162] pci 0000:00:01.0: [8086:7000] type 00 class 0x060100
[    0.627150] pci 0000:00:01.1: [8086:7010] type 00 class 0x010180
[    0.628668] pci 0000:00:01.1: reg 0x20: [io  0xc040-0xc04f]
[    0.629492] pci 0000:00:01.1: legacy IDE quirk: reg 0x10: [io  0x01f0-0x01f7]
[    0.629961] pci 0000:00:01.1: legacy IDE quirk: reg 0x14: [io  0x03f6]
[    0.630374] pci 0000:00:01.1: legacy IDE quirk: reg 0x18: [io  0x0170-0x0177]
[    0.630824] pci 0000:00:01.1: legacy IDE quirk: reg 0x1c: [io  0x0376]
[    0.631468] pci 0000:00:01.3: [8086:7113] type 00 class 0x068000
[    0.632133] pci 0000:00:01.3: quirk: [io  0x0600-0x063f] claimed by PIIX4 ACPI
[    0.632604] pci 0000:00:01.3: quirk: [io  0x0700-0x070f] claimed by PIIX4 SMB
[    0.633317] pci 0000:00:02.0: [1234:1111] type 00 class 0x030000
[    0.634292] pci 0000:00:02.0: reg 0x10: [mem 0xfd000000-0xfdffffff pref]
[    0.636531] pci 0000:00:02.0: reg 0x18: [mem 0xfebf0000-0xfebf0fff]
[    0.640072] pci 0000:00:02.0: reg 0x30: [mem 0xfebe0000-0xfebeffff pref]
[    0.640717] pci 0000:00:02.0: Video device with shadowed ROM at [mem 0x000c0000-0x000dffff]
[    0.643850] pci 0000:00:03.0: [8086:100e] type 00 class 0x020000
[    0.644686] pci 0000:00:03.0: reg 0x10: [mem 0xfebc0000-0xfebdffff]
[    0.645575] pci 0000:00:03.0: reg 0x14: [io  0xc000-0xc03f]
[    0.648708] pci 0000:00:03.0: reg 0x30: [mem 0xfeb80000-0xfebbffff pref]
[    0.658280] ACPI: PCI: Interrupt link LNKA configured for IRQ 10
[    0.659078] ACPI: PCI: Interrupt link LNKB configured for IRQ 10
[    0.659826] ACPI: PCI: Interrupt link LNKC configured for IRQ 11
[    0.660535] ACPI: PCI: Interrupt link LNKD configured for IRQ 11
[    0.661078] ACPI: PCI: Interrupt link LNKS configured for IRQ 9
[    0.662659] iommu: Default domain type: Translated 
[    0.662994] iommu: DMA domain TLB invalidation policy: lazy mode 
[    0.664447] SCSI subsystem initialized
[    0.664964] ACPI: bus type USB registered
[    0.665293] usbcore: registered new interface driver usbfs
[    0.665691] usbcore: registered new interface driver hub
[    0.665994] usbcore: registered new device driver usb
[    0.666406] pps_core: LinuxPPS API ver. 1 registered
[    0.666728] pps_core: Software ver. 5.3.6 - Copyright 2005-2007 Rodolfo Giometti <giometti@linux.it>
[    0.667304] PTP clock support registered
[    0.667697] EDAC MC: Ver: 3.0.0
[    0.669722] NetLabel: Initializing
[    0.669962] NetLabel:  domain hash size = 128
[    0.670250] NetLabel:  protocols = UNLABELED CIPSOv4 CALIPSO
[    0.670687] NetLabel:  unlabeled traffic allowed by default
[    0.671363] PCI: Using ACPI for IRQ routing
[    0.671817] pci 0000:00:02.0: vgaarb: setting as boot VGA device
[    0.672209] pci 0000:00:02.0: vgaarb: bridge control possible
[    0.672573] pci 0000:00:02.0: vgaarb: VGA device added: decodes=io+mem,owns=io+mem,locks=none
[    0.673119] vgaarb: loaded
[    0.673743] hpet0: at MMIO 0xfed00000, IRQs 2, 8, 0
[    0.673960] hpet0: 3 comparators, 64-bit 100.000000 MHz counter
[    2.771753] clocksource: Switched to clocksource kvm-clock
[    2.772214] Callback from call_rcu_tasks_rude() invoked.
[    2.874175] Callback from call_rcu_tasks() invoked.
[    2.921078] VFS: Disk quotas dquot_6.6.0
[    2.921645] VFS: Dquot-cache hash table entries: 512 (order 0, 4096 bytes)
[    2.922811] pnp: PnP ACPI init
[    2.925470] pnp: PnP ACPI: found 6 devices
[    2.937356] clocksource: acpi_pm: mask: 0xffffff max_cycles: 0xffffff, max_idle_ns: 2085701024 ns
[    2.938261] NET: Registered PF_INET protocol family
[    2.938749] IP idents hash table entries: 32768 (order: 6, 262144 bytes, linear)
[    2.940150] tcp_listen_portaddr_hash hash table entries: 1024 (order: 4, 73728 bytes, linear)
[    2.940721] Table-perturb hash table entries: 65536 (order: 6, 262144 bytes, linear)
[    2.941202] TCP established hash table entries: 16384 (order: 5, 131072 bytes, linear)
[    2.941885] TCP bind hash table entries: 16384 (order: 9, 2359296 bytes, linear)
[    2.947998] TCP: Hash tables configured (established 16384 bind 16384)
[    2.948560] UDP hash table entries: 1024 (order: 5, 163840 bytes, linear)
[    2.949075] UDP-Lite hash table entries: 1024 (order: 5, 163840 bytes, linear)
[    2.949736] NET: Registered PF_UNIX/PF_LOCAL protocol family
[    2.950535] RPC: Registered named UNIX socket transport module.
[    2.950919] RPC: Registered udp transport module.
[    2.951212] RPC: Registered tcp transport module.
[    2.951504] RPC: Registered tcp NFSv4.1 backchannel transport module.
[    2.951920] pci_bus 0000:00: resource 4 [io  0x0000-0x0cf7 window]
[    2.952307] pci_bus 0000:00: resource 5 [io  0x0d00-0xffff window]
[    2.952691] pci_bus 0000:00: resource 6 [mem 0x000a0000-0x000bffff window]
[    2.953118] pci_bus 0000:00: resource 7 [mem 0x80000000-0xfebfffff window]
[    2.953549] pci_bus 0000:00: resource 8 [mem 0x100000000-0x17fffffff window]
[    2.954192] pci 0000:00:01.0: PIIX3: Enabling Passive Release
[    2.954560] pci 0000:00:00.0: Limiting direct PCI/PCI transfers
[    2.955011] PCI: CLS 0 bytes, default 64
[    2.955299] ACPI: bus type thunderbolt registered
[    2.955851] clocksource: tsc: mask: 0xffffffffffffffff max_cycles: 0x3407c077a8d, max_idle_ns: 440795342283 ns
[    2.959499] Initialise system trusted keyrings
[    2.959865] Key type blacklist registered
[    2.960267] workingset: timestamp_bits=36 max_order=19 bucket_order=0
[    2.969313] zbud: loaded
[    2.971373] squashfs: version 4.0 (2009/01/31) Phillip Lougher
[    2.972823] NFS: Registering the id_resolver key type
[    2.973157] Key type id_resolver registered
[    2.973419] Key type id_legacy registered
[    2.973761] nfs4filelayout_init: NFSv4 File Layout Driver Registering...
[    2.974205] nfs4flexfilelayout_init: NFSv4 Flexfile Layout Driver Registering...
[    2.974777] fuse: init (API version 7.37)
[    2.975304] SGI XFS with ACLs, security attributes, realtime, quota, no debug enabled
[    2.977248] 9p: Installing v9fs 9p2000 file system support
[    2.983407] Key type asymmetric registered
[    2.983722] Asymmetric key parser 'x509' registered
[    2.985566] alg: self-tests for CTR-KDF (hmac(sha256)) passed
[    2.986003] Block layer SCSI generic (bsg) driver version 0.4 loaded (major 243)
[    2.986581] io scheduler mq-deadline registered
[    2.986968] io scheduler bfq registered
[    2.987981] shpchp: Standard Hot Plug PCI Controller Driver version: 0.4
[    2.988762] IPMI message handler: version 39.2
[    2.989079] ipmi device interface
[    2.990665] input: Power Button as /devices/LNXSYSTM:00/LNXPWRBN:00/input/input0
[    2.991333] ACPI: button: Power Button [PWRF]
[    2.992407] ERST DBG: ERST support is disabled.
[    2.993216] Serial: 8250/16550 driver, 32 ports, IRQ sharing enabled
[    2.994047] 00:04: ttyS0 at I/O 0x3f8 (irq = 4, base_baud = 115200) is a 16550A
[    3.002163] Linux agpgart interface v0.103
[    3.002922] ACPI: bus type drm_connector registered
[    3.014148] brd: module loaded
[    3.020907] loop: module loaded
[    3.024512] scsi host0: ata_piix
[    3.025259] scsi host1: ata_piix
[    3.025612] ata1: PATA max MWDMA2 cmd 0x1f0 ctl 0x3f6 bmdma 0xc040 irq 14
[    3.026058] ata2: PATA max MWDMA2 cmd 0x170 ctl 0x376 bmdma 0xc048 irq 15
[    3.027600] tun: Universal TUN/TAP device driver, 1.6
[    3.028072] e100: Intel(R) PRO/100 Network Driver
[    3.028363] e100: Copyright(c) 1999-2006 Intel Corporation
[    3.028729] e1000: Intel(R) PRO/1000 Network Driver
[    3.029030] e1000: Copyright (c) 1999-2006 Intel Corporation.
[    3.171184] ACPI: \_SB_.LNKC: Enabled at IRQ 11
[    3.186115] ata2: found unknown device (class 0)
[    3.186719] ata1: found unknown device (class 0)
[    3.187859] ata2.00: ATAPI: QEMU DVD-ROM, 2.5+, max UDMA/100
[    3.188409] ata1.00: ATA-7: QEMU HARDDISK, 2.5+, max UDMA/100
[    3.189072] ata1.00: 16777216 sectors, multi 16: LBA48 
[    3.191136] scsi 0:0:0:0: Direct-Access     ATA      QEMU HARDDISK    2.5+ PQ: 0 ANSI: 5
[    3.193353] sd 0:0:0:0: Attached scsi generic sg0 type 0
[    3.193529] sd 0:0:0:0: [sda] 16777216 512-byte logical blocks: (8.59 GB/8.00 GiB)
[    3.194547] sd 0:0:0:0: [sda] Write Protect is off
[    3.194938] scsi 1:0:0:0: CD-ROM            QEMU     QEMU DVD-ROM     2.5+ PQ: 0 ANSI: 5
[    3.194952] sd 0:0:0:0: [sda] Write cache: enabled, read cache: enabled, doesn't support DPO or FUA
[    3.196577] sd 0:0:0:0: [sda] Preferred minimum I/O size 512 bytes
[    3.223101] scsi 1:0:0:0: Attached scsi generic sg1 type 5
[    3.224102] sd 0:0:0:0: [sda] Attached SCSI disk
[    3.492586] e1000 0000:00:03.0 eth0: (PCI:33MHz:32-bit) 52:54:00:12:34:56
[    3.493060] e1000 0000:00:03.0 eth0: Intel(R) PRO/1000 Network Connection
[    3.493589] e1000e: Intel(R) PRO/1000 Network Driver
[    3.493905] e1000e: Copyright(c) 1999 - 2015 Intel Corporation.
[    3.494353] igb: Intel(R) Gigabit Ethernet Network Driver
[    3.494694] igb: Copyright (c) 2007-2014 Intel Corporation.
[    3.495146] PPP generic driver version 2.4.2
[    3.496061] VFIO - User Level meta-driver version: 0.3
[    3.496852] usbcore: registered new interface driver uas
[    3.497511] usbcore: registered new interface driver usb-storage
[    3.498356] i8042: PNP: PS/2 Controller [PNP0303:KBD,PNP0f13:MOU] at 0x60,0x64 irq 1,12
[    3.500057] serio: i8042 KBD port at 0x60,0x64 irq 1
[    3.500669] serio: i8042 AUX port at 0x60,0x64 irq 12
[    3.502056] mousedev: PS/2 mouse device common for all mice
[    3.503875] input: AT Translated Set 2 keyboard as /devices/platform/i8042/serio0/input/input1
[    3.506036] input: VirtualPS/2 VMware VMMouse as /devices/platform/i8042/serio1/input/input4
[    3.506096] rtc_cmos 00:05: RTC can wake from S4
[    3.507758] input: VirtualPS/2 VMware VMMouse as /devices/platform/i8042/serio1/input/input3
[    3.509032] rtc_cmos 00:05: registered as rtc0
[    3.509670] rtc_cmos 00:05: setting system clock to 2023-02-23T21:44:07 UTC (1677188647)
[    3.510791] rtc_cmos 00:05: alarms up to one day, y3k, 242 bytes nvram, hpet irqs
[    3.511740] i2c_dev: i2c /dev entries driver
[    3.512323] device-mapper: core: CONFIG_IMA_DISABLE_HTABLE is disabled. Duplicate IMA measurements will not be recorded in the IMA log.
[    3.513751] device-mapper: uevent: version 1.0.3
[    3.514351] device-mapper: ioctl: 4.47.0-ioctl (2022-07-28) initialised: dm-devel@redhat.com
[    3.514888] intel_pstate: CPU model not supported
[    3.515258] sdhci: Secure Digital Host Controller Interface driver
[    3.515640] sdhci: Copyright(c) Pierre Ossman
[    3.515975] sdhci-pltfm: SDHCI platform and OF driver helper
[    3.516376] ledtrig-cpu: registered to indicate activity on CPUs
[    3.517027] drop_monitor: Initializing network drop monitor service
[    3.517841] NET: Registered PF_INET6 protocol family
[    3.520706] Segment Routing with IPv6
[    3.520989] In-situ OAM (IOAM) with IPv6
[    3.521283] NET: Registered PF_PACKET protocol family
[    3.521803] 9pnet: Installing 9P2000 support
[    3.522155] Key type dns_resolver registered
[    3.523131] IPI shorthand broadcast: enabled
[    3.523471] sched_clock: Marking stable (3512184404, 10768899)->(3540680731, -17727428)
[    3.524531] registered taskstats version 1
[    3.524944] Loading compiled-in X.509 certificates
[    3.525490] zswap: loaded using pool lzo/zbud
[    3.526174] Key type .fscrypt registered
[    3.526425] Key type fscrypt-provisioning registered
[    3.527612] Key type encrypted registered
[    3.527898] ima: No TPM chip found, activating TPM-bypass!
[    3.528249] ima: Allocated hash algorithm: sha1
[    3.528561] ima: No architecture policies found
[    3.528907] evm: Initialising EVM extended attributes:
[    3.529225] evm: security.selinux
[    3.529435] evm: security.SMACK64
[    3.529649] evm: security.SMACK64EXEC
[    3.529879] evm: security.SMACK64TRANSMUTE
[    3.530150] evm: security.SMACK64MMAP
[    3.530382] evm: security.apparmor
[    3.530597] evm: security.ima
[    3.530786] evm: security.capability
[    3.531011] evm: HMAC attrs: 0x1
[    3.535254] PM:   Magic number: 11:616:753
[    3.535552] tty ttyS4: hash matches
[    3.536083] RAS: Correctable Errors collector initialized.
[    3.537326] md: Waiting for all devices to be available before autodetect
[    3.537618] md: If you don't use raid, use raid=noautodetect
[    3.537859] md: Autodetecting RAID arrays.
[    3.538056] md: autorun ...
[    3.538179] md: ... autorun DONE.
[    3.547718] EXT4-fs (sda): mounted filesystem with ordered data mode. Quota mode: none.
[    3.548133] VFS: Mounted root (ext4 filesystem) readonly on device 8:0.
[    3.549899] devtmpfs: mounted
[    3.557489] Freeing unused decrypted memory: 2036K
[    3.559276] Freeing unused kernel image (initmem) memory: 3672K
[    3.566041] Write protecting the kernel read-only data: 43008k
[    3.568629] Freeing unused kernel image (text/rodata gap) memory: 2028K
[    3.569174] Freeing unused kernel image (rodata/data gap) memory: 360K
[    3.651844] x86/mm: Checked W+X mappings: passed, no W+X pages found.
[    3.652170] Run /sbin/init as init process
[    3.734076] systemd[1]: RTC configured in localtime, applying delta of 0 minutes to system time.
[    3.761105] systemd[1]: systemd 239 (239-49.el8) running in system mode. (+PAM +AUDIT +SELINUX +IMA -APPARMOR +SMACK +SYSVINIT +UTMP +LIBCRYPTSETUP +GCRYPT +GNUTLS +ACL +XZ +LZ4 +SECCOMP +BLKID +ELFUTILS +KMOD +IDN2 -IDN +PCRE2 default-hierarchy=legacy)
[    3.762276] systemd[1]: Detected virtualization kvm.
[    3.762501] systemd[1]: Detected architecture x86-64.

Welcome to [0;31mCentOS Stream 8[0m!

[    3.822565] systemd[1]: Set hostname to <test>.
[    4.866056] random: crng init done
[    4.959117] systemd[1]: Created slice system-serial\x2dgetty.slice.
[[0;32m  OK  [0m] Created slice system-serial\x2dgetty.slice.
[    4.960843] systemd[1]: Created slice system-getty.slice.
[[0;32m  OK  [0m] Created slice system-getty.slice.
[    4.961779] systemd[1]: Listening on Device-mapper event daemon FIFOs.
[[0;32m  OK  [0m] Listening on Device-mapper event daemon FIFOs.
[    4.962888] systemd[1]: Listening on multipathd control socket.
[[0;32m  OK  [0m] Listening on multipathd control socket.
[    4.963685] systemd[1]: Listening on udev Kernel Socket.
[[0;32m  OK  [0m] Listening on udev Kernel Socket.
[    4.964632] systemd[1]: Listening on Journal Socket (/dev/log).
[[0;32m  OK  [0m] Listening on Journal Socket (/dev/log).
[[0;32m  OK  [0m] Listening on Journal Socket.
         Mounting POSIX Message Queue File System...
         Starting Journal Service...
[[0;32m  OK  [0m] Set up automount Arbitrary Executabâ€¦rmats File System Automount Point.
[[0;32m  OK  [0m] Listening on RPCbind Server Activation Socket.
[[0;32m  OK  [0m] Listening on udev Control Socket.
         Mounting Huge Pages File System...
         Starting udev Coldplug all Devices...
         Mounting Kernel Debug File System...
         Starting Monitoring of LVM2 mirrorsâ€¦ng dmeventd or progress polling...
         Starting Remount Root and Kernel File Systems...
[[0;32m  OK  [0m] Created slice User and Session Slice.
[[0;32m  OK  [0m] Reached target Slices.
[[0;32m  OK  [0m] Started Forward Password Requests to Wall Directory Watch.
         Starting Setup Virtual Console...
[[0;32m  OK  [0m] Listening on initctl Compatibility Named Pipe.
[[0;32m  OK  [0m] Reached target RPC Port Mapper.
[[0;32m  OK  [0m] Reached target Swap.
         Starting Load Kernel Modules...
[[0;32m  OK  [0m] Created slice system-sshd\x2dkeygen.slice.
[[0;32m  OK  [0m] Listening on Process Core Dump Socket.
[[0;32m  OK  [0m] Listening on LVM2 poll daemon socket.
[[0;32m  OK  [0m] Started Journal Service.
[[0;32m  OK  [0m] Mounted POSIX Message Queue File System.
[[0;32m  OK  [0m] Mounted Huge Pages File System.
[[0;32m  OK  [0m] Mounted Kernel Debug File System.
[[0;1;31mFAILED[0m] Failed to start Load Kernel Modules.
See 'systemctl status systemd-modules-load.service' for details.
[    5.249994] EXT4-fs (sda): re-mounted. Quota mode: none.
         Mounting Kernel Configuration File System...
         Mounting FUSE Control File System...
         Starting Apply Kernel Variables...
[[0;32m  OK  [0m] Started Remount Root and Kernel File Systems.
[[0;32m  OK  [0m] Mounted Kernel Configuration File System.
[[0;32m  OK  [0m] Mounted FUSE Control File System.
         Starting Flush Journal to Persistent Storage...
         Starting Create Static Device Nodes in /dev...
         Starting Load/Save Random Seed...
[[0;32m  OK  [0m] Started Setup Virtual Console.
[[0;32m  OK  [0m] Started udev Coldplug all Devices.
[[0;32m  OK  [0m] Started Apply Kernel Variables.
[[0;32m  OK  [0m] Started Create Static Device Nodes in /dev.
[[0;32m  OK  [0m] Started Flush Journal to Persistent Storage.
[[0;32m  OK  [0m] Started Load/Save Random Seed.
         Starting udev Kernel Device Manager...
         Starting udev Wait for Complete Device Initialization...
[[0;32m  OK  [0m] Started udev Kernel Device Manager.
         Starting Show Plymouth Boot Screen...
[[0;32m  OK  [0m] Started Show Plymouth Boot Screen.
[[0;32m  OK  [0m] Reached target Local Encrypted Volumes.
[[0;32m  OK  [0m] Reached target Paths.
[[0;32m  OK  [0m] Started Forward Password Requests to Plymouth Directory Watch.
[[0;32m  OK  [0m] Found device /dev/ttyS0.
[[0;32m  OK  [0m] Started Monitoring of LVM2 mirrors,â€¦sing dmeventd or progress polling.
[[0;32m  OK  [0m] Started udev Wait for Complete Device Initialization.
[[0;32m  OK  [0m] Listening on Load/Save RF Kill Switch Status /dev/rfkill Watch.
[[0;32m  OK  [0m] Reached target Local File Systems (Pre).
[[0;32m  OK  [0m] Reached target Local File Systems.
         Starting Tell Plymouth To Write Out Runtime Data...
         Starting Restore /run/initramfs on shutdown...
         Starting Create Volatile Files and Directories...
[[0;32m  OK  [0m] Started Tell Plymouth To Write Out Runtime Data.
[[0;32m  OK  [0m] Started Restore /run/initramfs on shutdown.
[[0;32m  OK  [0m] Started Create Volatile Files and Directories.
         Mounting RPC Pipe File System...
         Starting RPC Bind...
         Starting Security Auditing Service...
[[0;32m  OK  [0m] Mounted RPC Pipe File System.
[[0;32m  OK  [0m] Reached target rpc_pipefs.target.
[[0;32m  OK  [0m] Started RPC Bind.
[[0;32m  OK  [0m] Started Security Auditing Service.
         Starting Update UTMP about System Boot/Shutdown...
[[0;32m  OK  [0m] Started Update UTMP about System Boot/Shutdown.
[[0;32m  OK  [0m] Reached target System Initialization.
[[0;32m  OK  [0m] Listening on SSSD Kerberos Cache Manager responder socket.
[[0;32m  OK  [0m] Started daily update of the root trust anchor for DNSSEC.
[[0;32m  OK  [0m] Started dnf makecache --timer.
[[0;32m  OK  [0m] Listening on D-Bus System Message Bus Socket.
[[0;32m  OK  [0m] Reached target Sockets.
[[0;32m  OK  [0m] Reached target Basic System.
         Starting NTP client/server...
[[0;32m  OK  [0m] Started irqbalance daemon.
         Starting Self Monitoring and Reporting Technology (SMART) Daemon...
[[0;32m  OK  [0m] Reached target sshd-keygen.target.
         Starting Auto-connect to subsystemsâ€¦-NVME devices found during boot...
[[0;32m  OK  [0m] Started Machine Check Exception Logging Daemon.
         Starting Authorization Manager...
         Starting Login Service...
[[0;32m  OK  [0m] Started Daily Cleanup of Temporary Directories.
[[0;32m  OK  [0m] Reached target Timers.
[[0;32m  OK  [0m] Started D-Bus System Message Bus.
         Starting Network Manager...
[[0;32m  OK  [0m] Started Auto-connect to subsystems â€¦FC-NVME devices found during boot.
         Starting update of the root trust aâ€¦or DNSSEC validation in unbound...
[[0;32m  OK  [0m] Started Self Monitoring and Reporting Technology (SMART) Daemon.
[[0;32m  OK  [0m] Started Login Service.
[[0;32m  OK  [0m] Started Network Manager.
[[0;32m  OK  [0m] Reached target Network.
         Starting GSSAPI Proxy Daemon...
         Starting Dynamic System Tuning Daemon...
         Starting OpenSSH server daemon...
         Starting Network Manager Wait Online...
[[0;32m  OK  [0m] Started update of the root trust anâ€¦ for DNSSEC validation in unbound.
[[0;32m  OK  [0m] Started NTP client/server.
[[0;32m  OK  [0m] Started OpenSSH server daemon.
[[0;32m  OK  [0m] Started Authorization Manager.
         Starting Hostname Service...
[[0;32m  OK  [0m] Started GSSAPI Proxy Daemon.
[[0;32m  OK  [0m] Reached target NFS client services.
[[0;32m  OK  [0m] Reached target Remote File Systems (Pre).
[[0;32m  OK  [0m] Reached target Remote File Systems.
         Starting Permit User Sessions...
[[0;32m  OK  [0m] Started Permit User Sessions.
         Starting Terminate Plymouth Boot Screen...
         Starting Hold until boot process finishes up...
[[0;32m  OK  [0m] Started Command Scheduler.
[    7.054090] e1000: eth0 NIC Link is Up 1000 Mbps Full Duplex, Flow Control: RX
[    7.054776] IPv6: ADDRCONF(NETDEV_CHANGE): eth0: link becomes ready
[    7.252516] Spectre V2 : WARNING: Unprivileged eBPF is enabled with eIBRS on, data leaks possible via Spectre v2 BHB attacks!
[    7.253094] Spectre V2 : WARNING: Unprivileged eBPF is enabled with eIBRS on, data leaks possible via Spectre v2 BHB attacks!

CentOS Stream 8
Kernel 6.1.0-rc8-7c4a6309e27f+ on an x86_64

test login: 