c[?7l[2J[0mSeaBIOS (version rel-1.16.0-0-gd239552ce722-prebuilt.qemu.org)


iPXE (http://ipxe.org) 00:03.0 CA00 PCI2.10 PnP PMM+7FF91000+7FEF1000 CA00
Press Ctrl-B to configure iPXE (PCI 00:03.0)...                                                                               


Booting from ROM..c[?7l[2J[    0.000000] Linux version 6.1.0-rc3-aad37e71d5c4+ (root@p-adls01) (gcc (GCC) 8.5.0 20210514 (Red Hat 8.5.0-18), GNU ld version 2.36.1-2.el8) #1 SMP PREEMPT_DYNAMIC Fri Feb 24 09:22:43 CST 2023
[    0.000000] Command line: console=ttyS0 root=/dev/sda earlyprintk=serial net.ifnames=0
[    0.000000] KERNEL supported cpus:
[    0.000000]   Intel GenuineIntel
[    0.000000]   AMD AuthenticAMD
[    0.000000]   Hygon HygonGenuine
[    0.000000]   Centaur CentaurHauls
[    0.000000]   zhaoxin   Shanghai  
[    0.000000] x86/fpu: Supporting XSAVE feature 0x001: 'x87 floating point registers'
[    0.000000] x86/fpu: Supporting XSAVE feature 0x002: 'SSE registers'
[    0.000000] x86/fpu: Supporting XSAVE feature 0x004: 'AVX registers'
[    0.000000] x86/fpu: Supporting XSAVE feature 0x200: 'Protection Keys User registers'
[    0.000000] x86/fpu: xstate_offset[2]:  576, xstate_sizes[2]:  256
[    0.000000] x86/fpu: xstate_offset[9]:  832, xstate_sizes[9]:    8
[    0.000000] x86/fpu: Enabled xstate features 0x207, context size is 840 bytes, using 'compacted' format.
[    0.000000] signal: max sigframe size: 3632
[    0.000000] BIOS-provided physical RAM map:
[    0.000000] BIOS-e820: [mem 0x0000000000000000-0x000000000009fbff] usable
[    0.000000] BIOS-e820: [mem 0x000000000009fc00-0x000000000009ffff] reserved
[    0.000000] BIOS-e820: [mem 0x00000000000f0000-0x00000000000fffff] reserved
[    0.000000] BIOS-e820: [mem 0x0000000000100000-0x000000007ffdffff] usable
[    0.000000] BIOS-e820: [mem 0x000000007ffe0000-0x000000007fffffff] reserved
[    0.000000] BIOS-e820: [mem 0x00000000feffc000-0x00000000feffffff] reserved
[    0.000000] BIOS-e820: [mem 0x00000000fffc0000-0x00000000ffffffff] reserved
[    0.000000] printk: bootconsole [earlyser0] enabled
[    0.000000] NX (Execute Disable) protection: active
[    0.000000] SMBIOS 2.8 present.
[    0.000000] DMI: QEMU Standard PC (i440FX + PIIX, 1996), BIOS rel-1.16.0-0-gd239552ce722-prebuilt.qemu.org 04/01/2014
[    0.000000] Hypervisor detected: KVM
[    0.000000] kvm-clock: Using msrs 4b564d01 and 4b564d00
[    0.000002] kvm-clock: using sched offset of 348752207 cycles
[    0.000307] clocksource: kvm-clock: mask: 0xffffffffffffffff max_cycles: 0x1cd42e4dffb, max_idle_ns: 881590591483 ns
[    0.001253] tsc: Detected 3609.600 MHz processor
[    0.007613] last_pfn = 0x7ffe0 max_arch_pfn = 0x400000000
[    0.007993] x86/PAT: Configuration [0-7]: WB  WC  UC- UC  WB  WP  UC- WT  
[    0.016413] found SMP MP-table at [mem 0x000f5ba0-0x000f5baf]
[    0.016873] Using GB pages for direct mapping
[    0.018210] ACPI: Early table checksum verification disabled
[    0.018563] ACPI: RSDP 0x00000000000F59C0 000014 (v00 BOCHS )
[    0.018911] ACPI: RSDT 0x000000007FFE1951 000034 (v01 BOCHS  BXPC     00000001 BXPC 00000001)
[    0.019423] ACPI: FACP 0x000000007FFE17FD 000074 (v01 BOCHS  BXPC     00000001 BXPC 00000001)
[    0.019943] ACPI: DSDT 0x000000007FFE0040 0017BD (v01 BOCHS  BXPC     00000001 BXPC 00000001)
[    0.020449] ACPI: FACS 0x000000007FFE0000 000040
[    0.020729] ACPI: APIC 0x000000007FFE1871 000080 (v01 BOCHS  BXPC     00000001 BXPC 00000001)
[    0.021234] ACPI: HPET 0x000000007FFE18F1 000038 (v01 BOCHS  BXPC     00000001 BXPC 00000001)
[    0.021738] ACPI: WAET 0x000000007FFE1929 000028 (v01 BOCHS  BXPC     00000001 BXPC 00000001)
[    0.022241] ACPI: Reserving FACP table memory at [mem 0x7ffe17fd-0x7ffe1870]
[    0.022650] ACPI: Reserving DSDT table memory at [mem 0x7ffe0040-0x7ffe17fc]
[    0.023057] ACPI: Reserving FACS table memory at [mem 0x7ffe0000-0x7ffe003f]
[    0.023464] ACPI: Reserving APIC table memory at [mem 0x7ffe1871-0x7ffe18f0]
[    0.023876] ACPI: Reserving HPET table memory at [mem 0x7ffe18f1-0x7ffe1928]
[    0.024284] ACPI: Reserving WAET table memory at [mem 0x7ffe1929-0x7ffe1950]
[    0.025224] No NUMA configuration found
[    0.025448] Faking a node at [mem 0x0000000000000000-0x000000007ffdffff]
[    0.025884] NODE_DATA(0) allocated [mem 0x7ffb5000-0x7ffdffff]
[    0.028974] Zone ranges:
[    0.029144]   DMA      [mem 0x0000000000001000-0x0000000000ffffff]
[    0.029505]   DMA32    [mem 0x0000000001000000-0x000000007ffdffff]
[    0.029865]   Normal   empty
[    0.030034]   Device   empty
[    0.030205] Movable zone start for each node
[    0.030453] Early memory node ranges
[    0.030659]   node   0: [mem 0x0000000000001000-0x000000000009efff]
[    0.031023]   node   0: [mem 0x0000000000100000-0x000000007ffdffff]
[    0.031389] Initmem setup node 0 [mem 0x0000000000001000-0x000000007ffdffff]
[    0.032048] On node 0, zone DMA: 1 pages in unavailable ranges
[    0.032149] On node 0, zone DMA: 97 pages in unavailable ranges
[    0.046970] On node 0, zone DMA32: 32 pages in unavailable ranges
[    0.047517] ACPI: PM-Timer IO Port: 0x608
[    0.048136] ACPI: LAPIC_NMI (acpi_id[0xff] dfl dfl lint[0x1])
[    0.048519] IOAPIC[0]: apic_id 0, version 17, address 0xfec00000, GSI 0-23
[    0.048941] ACPI: INT_SRC_OVR (bus 0 bus_irq 0 global_irq 2 dfl dfl)
[    0.049319] ACPI: INT_SRC_OVR (bus 0 bus_irq 5 global_irq 5 high level)
[    0.049712] ACPI: INT_SRC_OVR (bus 0 bus_irq 9 global_irq 9 high level)
[    0.050105] ACPI: INT_SRC_OVR (bus 0 bus_irq 10 global_irq 10 high level)
[    0.050507] ACPI: INT_SRC_OVR (bus 0 bus_irq 11 global_irq 11 high level)
[    0.050924] ACPI: Using ACPI (MADT) for SMP configuration information
[    0.051294] ACPI: HPET id: 0x8086a201 base: 0xfed00000
[    0.051603] TSC deadline timer available
[    0.051835] smpboot: Allowing 2 CPUs, 0 hotplug CPUs
[    0.052183] kvm-guest: KVM setup pv remote TLB flush
[    0.052471] kvm-guest: setup PV sched yield
[    0.052771] PM: hibernation: Registered nosave memory: [mem 0x00000000-0x00000fff]
[    0.053215] PM: hibernation: Registered nosave memory: [mem 0x0009f000-0x0009ffff]
[    0.053658] PM: hibernation: Registered nosave memory: [mem 0x000a0000-0x000effff]
[    0.054101] PM: hibernation: Registered nosave memory: [mem 0x000f0000-0x000fffff]
[    0.054543] [mem 0x80000000-0xfeffbfff] available for PCI devices
[    0.054896] Booting paravirtualized kernel on KVM
[    0.055183] clocksource: refined-jiffies: mask: 0xffffffff max_cycles: 0xffffffff, max_idle_ns: 7645519600211568 ns
[    0.055811] setup_percpu: NR_CPUS:8192 nr_cpumask_bits:2 nr_cpu_ids:2 nr_node_ids:1
[    0.057337] percpu: Embedded 64 pages/cpu s225280 r8192 d28672 u1048576
[    0.057918] kvm-guest: PV spinlocks enabled
[    0.058176] PV qspinlock hash table entries: 256 (order: 0, 4096 bytes, linear)
[    0.058634] Fallback order for Node 0: 0 
[    0.058888] Built 1 zonelists, mobility grouping on.  Total pages: 515808
[    0.059286] Policy zone: DMA32
[    0.059468] Kernel command line: net.ifnames=0 console=ttyS0 root=/dev/sda earlyprintk=serial net.ifnames=0
[    0.063929] Dentry cache hash table entries: 262144 (order: 9, 2097152 bytes, linear)
[    0.064813] Inode-cache hash table entries: 131072 (order: 8, 1048576 bytes, linear)
[    0.065380] mem auto-init: stack:off, heap alloc:off, heap free:off
[    0.068698] Memory: 1985384K/2096632K available (32784K kernel code, 4691K rwdata, 7820K rodata, 3672K init, 22124K bss, 110992K reserved, 0K cma-reserved)
[    0.070430] SLUB: HWalign=64, Order=0-3, MinObjects=0, CPUs=2, Nodes=1
[    0.070801] kmemleak: Kernel memory leak detector disabled
[    0.071139] ftrace: allocating 67374 entries in 264 pages
[    0.090880] ftrace: allocated 264 pages with 2 groups
[    0.093622] Dynamic Preempt: voluntary
[    0.094004] Running RCU self tests
[    0.094202] rcu: Preemptible hierarchical RCU implementation.
[    0.094521] rcu: 	RCU lockdep checking is enabled.
[    0.094787] rcu: 	RCU restricting CPUs from NR_CPUS=8192 to nr_cpu_ids=2.
[    0.095164] 	Trampoline variant of Tasks RCU enabled.
[    0.095445] 	Rude variant of Tasks RCU enabled.
[    0.095696] 	Tracing variant of Tasks RCU enabled.
[    0.095968] rcu: RCU calculated value of scheduler-enlistment delay is 25 jiffies.
[    0.096386] rcu: Adjusting geometry for rcu_fanout_leaf=16, nr_cpu_ids=2
[    0.119091] NR_IRQS: 524544, nr_irqs: 440, preallocated irqs: 16
[    0.119697] rcu: srcu_init: Setting srcu_struct sizes based on contention.
[    0.125426] Console: colour VGA+ 80x25
[    0.125685] printk: console [ttyS0] enabled
[    0.125685] printk: console [ttyS0] enabled
[    0.126175] printk: bootconsole [earlyser0] disabled
[    0.126175] printk: bootconsole [earlyser0] disabled
[    0.126748] Lock dependency validator: Copyright (c) 2006 Red Hat, Inc., Ingo Molnar
[    0.127197] ... MAX_LOCKDEP_SUBCLASSES:  8
[    0.127440] ... MAX_LOCK_DEPTH:          48
[    0.127688] ... MAX_LOCKDEP_KEYS:        8192
[    0.127948] ... CLASSHASH_SIZE:          4096
[    0.128201] ... MAX_LOCKDEP_ENTRIES:     32768
[    0.128458] ... MAX_LOCKDEP_CHAINS:      65536
[    0.128716] ... CHAINHASH_SIZE:          32768
[    0.128974]  memory used by lock dependency info: 6365 kB
[    0.129284]  memory used for stack traces: 4224 kB
[    0.129561]  per task-struct memory footprint: 1920 bytes
[    0.129908] ACPI: Core revision 20220331
[    0.130322] clocksource: hpet: mask: 0xffffffff max_cycles: 0xffffffff, max_idle_ns: 19112604467 ns
[    0.130945] APIC: Switch to symmetric I/O mode setup
[    0.131352] x2apic enabled
[    0.131638] Switched APIC routing to physical x2apic.
[    0.131937] kvm-guest: setup PV IPIs
[    0.132811] ..TIMER: vector=0x30 apic1=0 pin1=2 apic2=-1 pin2=-1
[    0.133172] clocksource: tsc-early: mask: 0xffffffffffffffff max_cycles: 0x3407c077a8d, max_idle_ns: 440795342283 ns
[    0.133783] Calibrating delay loop (skipped) preset value.. 7219.20 BogoMIPS (lpj=14438400)
[    0.134262] pid_max: default: 32768 minimum: 301
[    0.134660] LSM: Security Framework initializing
[    0.137792] Yama: becoming mindful.
[    0.138175] Mount-cache hash table entries: 4096 (order: 3, 32768 bytes, linear)
[    0.138612] Mountpoint-cache hash table entries: 4096 (order: 3, 32768 bytes, linear)
[    0.140827] x86/cpu: User Mode Instruction Prevention (UMIP) activated
[    0.141554] Last level iTLB entries: 4KB 0, 2MB 0, 4MB 0
[    0.141795] Last level dTLB entries: 4KB 0, 2MB 0, 4MB 0, 1GB 0
[    0.142175] Spectre V1 : Mitigation: usercopy/swapgs barriers and __user pointer sanitization
[    0.142673] Spectre V2 : WARNING: Unprivileged eBPF is enabled with eIBRS on, data leaks possible via Spectre v2 BHB attacks!
[    0.143308] Spectre V2 : Mitigation: Enhanced IBRS
[    0.143573] Spectre V2 : Spectre v2 / SpectreRSB mitigation: Filling RSB on context switch
[    0.144021] Spectre V2 : Spectre v2 / PBRSB-eIBRS: Retire a single CALL on VMEXIT
[    0.144432] Spectre V2 : mitigation: Enabling conditional Indirect Branch Prediction Barrier
[    0.144889] Speculative Store Bypass: Mitigation: Speculative Store Bypass disabled via prctl
[    0.233833] Freeing SMP alternatives memory: 56K
[    0.234430] smpboot: CPU0: 12th Gen Intel(R) Core(TM) i7-12700K (family: 0x6, model: 0x97, stepping: 0x2)
[    0.235336] cblist_init_generic: Setting adjustable number of callback queues.
[    0.235746] cblist_init_generic: Setting shift to 1 and lim to 1.
[    0.236122] cblist_init_generic: Setting shift to 1 and lim to 1.
[    0.236498] cblist_init_generic: Setting shift to 1 and lim to 1.
[    0.236873] Running RCU-tasks wait API self tests
[    0.337863] Performance Events: Alderlake Hybrid events, full-width counters, Intel PMU driver.
[    0.338755] core: cpu_core PMU driver: 
[    0.338976] ... version:                2
[    0.339200] ... bit width:              48
[    0.339428] ... generic registers:      6
[    0.339651] ... value mask:             0000ffffffffffff
[    0.339944] ... max period:             00007fffffffffff
[    0.340236] ... fixed-purpose events:   3
[    0.340459] ... event mask:             0001000f0000003f
[    0.340877] rcu: Hierarchical SRCU implementation.
[    0.341142] rcu: 	Max phase no-delay instances is 1000.
[    0.343466] unchecked MSR access error: WRMSR to 0x38f (tried to write 0x0001000f0000003f) at rIP: 0xffffffff810ce49c (native_write_msr+0xc/0x30)
[    0.344193] Call Trace:
[    0.344333]  <TASK>
[    0.344456]  __intel_pmu_enable_all.constprop.46+0xb5/0x140
[    0.344771]  intel_pmu_enable_all+0x1e/0x30
[    0.345010]  x86_pmu_enable+0x46d/0x5a0
[    0.345236]  ? write_comp_data+0x2f/0x90
[    0.345467]  perf_pmu_enable+0x53/0x70
[    0.345687]  ctx_resched+0xab/0xf0
[    0.345771]  __perf_install_in_context+0x31b/0x480
[    0.345771]  ? perf_duration_warn+0x50/0x50
[    0.345771]  ? perf_duration_warn+0x50/0x50
[    0.345771]  remote_function+0x80/0xa0
[    0.345771]  ? perf_duration_warn+0x50/0x50
[    0.345771]  generic_exec_single+0x124/0x190
[    0.345771]  smp_call_function_single+0x11c/0x240
[    0.345771]  ? perf_duration_warn+0x50/0x50
[    0.345771]  ? __sanitizer_cov_trace_pc+0x25/0x60
[    0.345771]  ? write_comp_data+0x2f/0x90
[    0.345771]  perf_install_in_context+0x2e8/0x310
[    0.345771]  ? ctx_resched+0xf0/0xf0
[    0.345771]  perf_event_create_kernel_counter+0x16a/0x200
[    0.345771]  ? find_next_bit+0x30/0x30
[    0.345771]  hardlockup_detector_event_create+0x46/0xd0
[    0.345771]  hardlockup_detector_perf_init+0x18/0x66
[    0.345771]  watchdog_nmi_probe+0x17/0x1d
[    0.345771]  lockup_detector_init+0x40/0xaf
[    0.345771]  kernel_init_freeable+0x264/0x42e
[    0.345771]  ? rest_init+0x240/0x240
[    0.345771]  kernel_init+0x24/0x1e0
[    0.345771]  ? rest_init+0x240/0x240
[    0.345771]  ret_from_fork+0x1f/0x30
[    0.345771]  </TASK>
[    0.345787] Callback from call_rcu_tasks_trace() invoked.
[    0.346238] smp: Bringing up secondary CPUs ...
[    0.347370] x86: Booting SMP configuration:
[    0.347622] .... node  #0, CPUs:      #1
[    0.347933] smp: Brought up 1 node, 2 CPUs
[    0.347933] smpboot: Max logical packages: 1
[    0.347933] smpboot: Total of 2 processors activated (14438.40 BogoMIPS)
[    0.351350] devtmpfs: initialized
[    0.351350] x86/mm: Memory block size: 128MB
[    0.354143] clocksource: jiffies: mask: 0xffffffff max_cycles: 0xffffffff, max_idle_ns: 7645041785100000 ns
[    0.354702] futex hash table entries: 512 (order: 4, 65536 bytes, linear)
[    0.355308] pinctrl core: initialized pinctrl subsystem
[    0.356046] 
[    0.356137] *************************************************************
[    0.356508] **     NOTICE NOTICE NOTICE NOTICE NOTICE NOTICE NOTICE    **
[    0.356878] **                                                         **
[    0.357247] **  IOMMU DebugFS SUPPORT HAS BEEN ENABLED IN THIS KERNEL  **
[    0.357784] **                                                         **
[    0.358155] ** This means that this kernel is built to expose internal **
[    0.358524] ** IOMMU data structures, which may compromise security on **
[    0.358894] ** your system.                                            **
[    0.359268] **                                                         **
[    0.359645] ** If you see this message and you are not debugging the   **
[    0.360020] ** kernel, report this immediately to your vendor!         **
[    0.360390] **                                                         **
[    0.360759] **     NOTICE NOTICE NOTICE NOTICE NOTICE NOTICE NOTICE    **
[    0.361129] *************************************************************
[    0.361531] PM: RTC time: 01:23:13, date: 2023-02-24
[    0.364414] NET: Registered PF_NETLINK/PF_ROUTE protocol family
[    0.365226] DMA: preallocated 256 KiB GFP_KERNEL pool for atomic allocations
[    0.365626] DMA: preallocated 256 KiB GFP_KERNEL|GFP_DMA pool for atomic allocations
[    0.365784] DMA: preallocated 256 KiB GFP_KERNEL|GFP_DMA32 pool for atomic allocations
[    0.366259] audit: initializing netlink subsys (disabled)
[    0.366623] audit: type=2000 audit(1677201794.397:1): state=initialized audit_enabled=0 res=1
[    0.366623] thermal_sys: Registered thermal governor 'fair_share'
[    0.366623] thermal_sys: Registered thermal governor 'bang_bang'
[    0.366659] thermal_sys: Registered thermal governor 'step_wise'
[    0.366989] thermal_sys: Registered thermal governor 'user_space'
[    0.367350] cpuidle: using governor ladder
[    0.367924] cpuidle: using governor menu
[    0.368432] acpiphp: ACPI Hot Plug PCI Controller Driver version: 0.5
[    0.370003] PCI: Using configuration type 1 for base access
[    0.382137] kprobes: kprobe jump-optimization is enabled. All kprobes are optimized if possible.
[    0.550282] HugeTLB: registered 1.00 GiB page size, pre-allocated 0 pages
[    0.550695] HugeTLB: 16380 KiB vmemmap can be freed for a 1.00 GiB page
[    0.551072] HugeTLB: registered 2.00 MiB page size, pre-allocated 0 pages
[    0.551452] HugeTLB: 28 KiB vmemmap can be freed for a 2.00 MiB page
[    0.553207] ACPI: Added _OSI(Module Device)
[    0.553457] ACPI: Added _OSI(Processor Device)
[    0.553709] ACPI: Added _OSI(3.0 _SCP Extensions)
[    0.553812] ACPI: Added _OSI(Processor Aggregator Device)
[    0.559724] ACPI: 1 ACPI AML tables successfully acquired and loaded
[    0.562636] ACPI: Interpreter enabled
[    0.562930] ACPI: PM: (supports S0 S3 S4 S5)
[    0.563174] ACPI: Using IOAPIC for interrupt routing
[    0.563492] PCI: Using host bridge windows from ACPI; if necessary, use "pci=nocrs" and report a bug
[    0.563999] PCI: Using E820 reservations for host bridge windows
[    0.564862] ACPI: Enabled 2 GPEs in block 00 to 0F
[    0.577974] ACPI: PCI Root Bridge [PCI0] (domain 0000 [bus 00-ff])
[    0.578349] acpi PNP0A03:00: _OSC: OS supports [ASPM ClockPM Segments MSI EDR HPX-Type3]
[    0.578808] acpi PNP0A03:00: _OSC: not requesting OS control; OS requires [ExtendedConfig ASPM ClockPM MSI]
[    0.579398] acpi PNP0A03:00: fail to add MMCONFIG information, can't access extended PCI configuration space under this bridge.
[    0.581908] acpiphp: Slot [3] registered
[    0.582192] acpiphp: Slot [4] registered
[    0.582466] acpiphp: Slot [5] registered
[    0.582743] acpiphp: Slot [6] registered
[    0.583016] acpiphp: Slot [7] registered
[    0.583290] acpiphp: Slot [8] registered
[    0.583570] acpiphp: Slot [9] registered
[    0.583845] acpiphp: Slot [10] registered
[    0.584123] acpiphp: Slot [11] registered
[    0.584401] acpiphp: Slot [12] registered
[    0.584688] acpiphp: Slot [13] registered
[    0.584966] acpiphp: Slot [14] registered
[    0.585245] acpiphp: Slot [15] registered
[    0.585531] acpiphp: Slot [16] registered
[    0.585811] acpiphp: Slot [17] registered
[    0.586102] acpiphp: Slot [18] registered
[    0.586381] acpiphp: Slot [19] registered
[    0.586662] acpiphp: Slot [20] registered
[    0.586942] acpiphp: Slot [21] registered
[    0.587220] acpiphp: Slot [22] registered
[    0.587505] acpiphp: Slot [23] registered
[    0.587784] acpiphp: Slot [24] registered
[    0.588062] acpiphp: Slot [25] registered
[    0.588342] acpiphp: Slot [26] registered
[    0.588621] acpiphp: Slot [27] registered
[    0.588906] acpiphp: Slot [28] registered
[    0.589185] acpiphp: Slot [29] registered
[    0.589464] acpiphp: Slot [30] registered
[    0.589743] acpiphp: Slot [31] registered
[    0.589791] PCI host bridge to bus 0000:00
[    0.590025] pci_bus 0000:00: root bus resource [io  0x0000-0x0cf7 window]
[    0.590411] pci_bus 0000:00: root bus resource [io  0x0d00-0xffff window]
[    0.590793] pci_bus 0000:00: root bus resource [mem 0x000a0000-0x000bffff window]
[    0.591215] pci_bus 0000:00: root bus resource [mem 0x80000000-0xfebfffff window]
[    0.591638] pci_bus 0000:00: root bus resource [mem 0x100000000-0x17fffffff window]
[    0.592071] pci_bus 0000:00: root bus resource [bus 00-ff]
[    0.592467] pci 0000:00:00.0: [8086:1237] type 00 class 0x060000
[    0.595154] pci 0000:00:01.0: [8086:7000] type 00 class 0x060100
[    0.596024] pci 0000:00:01.1: [8086:7010] type 00 class 0x010180
[    0.597335] pci 0000:00:01.1: reg 0x20: [io  0xc040-0xc04f]
[    0.597990] pci 0000:00:01.1: legacy IDE quirk: reg 0x10: [io  0x01f0-0x01f7]
[    0.598400] pci 0000:00:01.1: legacy IDE quirk: reg 0x14: [io  0x03f6]
[    0.598769] pci 0000:00:01.1: legacy IDE quirk: reg 0x18: [io  0x0170-0x0177]
[    0.599170] pci 0000:00:01.1: legacy IDE quirk: reg 0x1c: [io  0x0376]
[    0.599758] pci 0000:00:01.3: [8086:7113] type 00 class 0x068000
[    0.600328] pci 0000:00:01.3: quirk: [io  0x0600-0x063f] claimed by PIIX4 ACPI
[    0.600740] pci 0000:00:01.3: quirk: [io  0x0700-0x070f] claimed by PIIX4 SMB
[    0.601556] pci 0000:00:02.0: [1234:1111] type 00 class 0x030000
[    0.603091] pci 0000:00:02.0: reg 0x10: [mem 0xfd000000-0xfdffffff pref]
[    0.604616] pci 0000:00:02.0: reg 0x18: [mem 0xfebf0000-0xfebf0fff]
[    0.607421] pci 0000:00:02.0: reg 0x30: [mem 0xfebe0000-0xfebeffff pref]
[    0.607981] pci 0000:00:02.0: Video device with shadowed ROM at [mem 0x000c0000-0x000dffff]
[    0.610896] pci 0000:00:03.0: [8086:100e] type 00 class 0x020000
[    0.611845] pci 0000:00:03.0: reg 0x10: [mem 0xfebc0000-0xfebdffff]
[    0.612492] pci 0000:00:03.0: reg 0x14: [io  0xc000-0xc03f]
[    0.614378] pci 0000:00:03.0: reg 0x30: [mem 0xfeb80000-0xfebbffff pref]
[    0.622479] ACPI: PCI: Interrupt link LNKA configured for IRQ 10
[    0.623129] ACPI: PCI: Interrupt link LNKB configured for IRQ 10
[    0.623748] ACPI: PCI: Interrupt link LNKC configured for IRQ 11
[    0.624362] ACPI: PCI: Interrupt link LNKD configured for IRQ 11
[    0.624832] ACPI: PCI: Interrupt link LNKS configured for IRQ 9
[    0.626269] iommu: Default domain type: Translated 
[    0.626560] iommu: DMA domain TLB invalidation policy: lazy mode 
[    0.627841] SCSI subsystem initialized
[    0.628291] ACPI: bus type USB registered
[    0.628578] usbcore: registered new interface driver usbfs
[    0.628935] usbcore: registered new interface driver hub
[    0.629262] usbcore: registered new device driver usb
[    0.629647] pps_core: LinuxPPS API ver. 1 registered
[    0.629778] pps_core: Software ver. 5.3.6 - Copyright 2005-2007 Rodolfo Giometti <giometti@linux.it>
[    0.630289] PTP clock support registered
[    0.630655] EDAC MC: Ver: 3.0.0
[    0.632313] NetLabel: Initializing
[    0.632522] NetLabel:  domain hash size = 128
[    0.632769] NetLabel:  protocols = UNLABELED CIPSOv4 CALIPSO
[    0.633137] NetLabel:  unlabeled traffic allowed by default
[    0.633760] PCI: Using ACPI for IRQ routing
[    0.633958] pci 0000:00:02.0: vgaarb: setting as boot VGA device
[    0.634308] pci 0000:00:02.0: vgaarb: bridge control possible
[    0.634633] pci 0000:00:02.0: vgaarb: VGA device added: decodes=io+mem,owns=io+mem,locks=none
[    0.635109] vgaarb: loaded
[    0.635682] hpet0: at MMIO 0xfed00000, IRQs 2, 8, 0
[    0.635975] hpet0: 3 comparators, 64-bit 100.000000 MHz counter
[    2.580985] clocksource: Switched to clocksource kvm-clock
[    2.617580] Callback from call_rcu_tasks_rude() invoked.
[    2.685857] Callback from call_rcu_tasks() invoked.
[    2.710787] VFS: Disk quotas dquot_6.6.0
[    2.711060] VFS: Dquot-cache hash table entries: 512 (order 0, 4096 bytes)
[    2.711667] pnp: PnP ACPI init
[    2.713295] pnp: PnP ACPI: found 6 devices
[    2.723928] clocksource: acpi_pm: mask: 0xffffff max_cycles: 0xffffff, max_idle_ns: 2085701024 ns
[    2.724714] NET: Registered PF_INET protocol family
[    2.725154] IP idents hash table entries: 32768 (order: 6, 262144 bytes, linear)
[    2.726351] tcp_listen_portaddr_hash hash table entries: 1024 (order: 4, 73728 bytes, linear)
[    2.726860] Table-perturb hash table entries: 65536 (order: 6, 262144 bytes, linear)
[    2.727331] TCP established hash table entries: 16384 (order: 5, 131072 bytes, linear)
[    2.727949] TCP bind hash table entries: 16384 (order: 9, 2359296 bytes, linear)
[    2.729752] TCP: Hash tables configured (established 16384 bind 16384)
[    2.730242] UDP hash table entries: 1024 (order: 5, 163840 bytes, linear)
[    2.730695] UDP-Lite hash table entries: 1024 (order: 5, 163840 bytes, linear)
[    2.731279] NET: Registered PF_UNIX/PF_LOCAL protocol family
[    2.732158] RPC: Registered named UNIX socket transport module.
[    2.732501] RPC: Registered udp transport module.
[    2.732762] RPC: Registered tcp transport module.
[    2.733023] RPC: Registered tcp NFSv4.1 backchannel transport module.
[    2.733398] pci_bus 0000:00: resource 4 [io  0x0000-0x0cf7 window]
[    2.733746] pci_bus 0000:00: resource 5 [io  0x0d00-0xffff window]
[    2.734104] pci_bus 0000:00: resource 6 [mem 0x000a0000-0x000bffff window]
[    2.734487] pci_bus 0000:00: resource 7 [mem 0x80000000-0xfebfffff window]
[    2.734870] pci_bus 0000:00: resource 8 [mem 0x100000000-0x17fffffff window]
[    2.735438] pci 0000:00:01.0: PIIX3: Enabling Passive Release
[    2.735766] pci 0000:00:00.0: Limiting direct PCI/PCI transfers
[    2.736174] PCI: CLS 0 bytes, default 64
[    2.736432] ACPI: bus type thunderbolt registered
[    2.736945] clocksource: tsc: mask: 0xffffffffffffffff max_cycles: 0x3407c077a8d, max_idle_ns: 440795342283 ns
[    2.740311] Initialise system trusted keyrings
[    2.740647] Key type blacklist registered
[    2.741037] workingset: timestamp_bits=36 max_order=19 bucket_order=0
[    2.749441] zbud: loaded
[    2.751251] squashfs: version 4.0 (2009/01/31) Phillip Lougher
[    2.752679] NFS: Registering the id_resolver key type
[    2.752989] Key type id_resolver registered
[    2.753229] Key type id_legacy registered
[    2.753541] nfs4filelayout_init: NFSv4 File Layout Driver Registering...
[    2.753974] nfs4flexfilelayout_init: NFSv4 Flexfile Layout Driver Registering...
[    2.754491] fuse: init (API version 7.37)
[    2.754968] SGI XFS with ACLs, security attributes, realtime, quota, no debug enabled
[    2.767289] 9p: Installing v9fs 9p2000 file system support
[    2.773154] Key type asymmetric registered
[    2.773429] Asymmetric key parser 'x509' registered
[    2.774680] alg: self-tests for CTR-KDF (hmac(sha256)) passed
[    2.775066] Block layer SCSI generic (bsg) driver version 0.4 loaded (major 243)
[    2.775615] io scheduler mq-deadline registered
[    2.775987] io scheduler bfq registered
[    2.776948] shpchp: Standard Hot Plug PCI Controller Driver version: 0.4
[    2.777678] IPMI message handler: version 39.2
[    2.777984] ipmi device interface
[    2.779423] input: Power Button as /devices/LNXSYSTM:00/LNXPWRBN:00/input/input0
[    2.780019] ACPI: button: Power Button [PWRF]
[    2.781045] ERST DBG: ERST support is disabled.
[    2.781752] Serial: 8250/16550 driver, 32 ports, IRQ sharing enabled
[    2.782506] 00:04: ttyS0 at I/O 0x3f8 (irq = 4, base_baud = 115200) is a 16550A
[    2.789412] Linux agpgart interface v0.103
[    2.790149] ACPI: bus type drm_connector registered
[    2.799865] brd: module loaded
[    2.805956] loop: module loaded
[    2.809198] scsi host0: ata_piix
[    2.809871] scsi host1: ata_piix
[    2.810187] ata1: PATA max MWDMA2 cmd 0x1f0 ctl 0x3f6 bmdma 0xc040 irq 14
[    2.810572] ata2: PATA max MWDMA2 cmd 0x170 ctl 0x376 bmdma 0xc048 irq 15
[    2.811971] tun: Universal TUN/TAP device driver, 1.6
[    2.812379] e100: Intel(R) PRO/100 Network Driver
[    2.812647] e100: Copyright(c) 1999-2006 Intel Corporation
[    2.812983] e1000: Intel(R) PRO/1000 Network Driver
[    2.813260] e1000: Copyright (c) 1999-2006 Intel Corporation.
[    2.958592] ACPI: \_SB_.LNKC: Enabled at IRQ 11
[    2.969926] ata1: found unknown device (class 0)
[    2.970414] ata2: found unknown device (class 0)
[    2.971132] ata1.00: ATA-7: QEMU HARDDISK, 2.5+, max UDMA/100
[    2.971480] ata1.00: 16777216 sectors, multi 16: LBA48 
[    2.971900] ata2.00: ATAPI: QEMU DVD-ROM, 2.5+, max UDMA/100
[    2.973089] scsi 0:0:0:0: Direct-Access     ATA      QEMU HARDDISK    2.5+ PQ: 0 ANSI: 5
[    2.974337] sd 0:0:0:0: Attached scsi generic sg0 type 0
[    2.974648] sd 0:0:0:0: [sda] 16777216 512-byte logical blocks: (8.59 GB/8.00 GiB)
[    2.975182] scsi 1:0:0:0: CD-ROM            QEMU     QEMU DVD-ROM     2.5+ PQ: 0 ANSI: 5
[    2.975187] sd 0:0:0:0: [sda] Write Protect is off
[    2.976113] sd 0:0:0:0: [sda] Write cache: enabled, read cache: enabled, doesn't support DPO or FUA
[    2.976714] sd 0:0:0:0: [sda] Preferred minimum I/O size 512 bytes
[    3.003227] scsi 1:0:0:0: Attached scsi generic sg1 type 5
[    3.003720] sd 0:0:0:0: [sda] Attached SCSI disk
[    3.276178] e1000 0000:00:03.0 eth0: (PCI:33MHz:32-bit) 52:54:00:12:34:56
[    3.276606] e1000 0000:00:03.0 eth0: Intel(R) PRO/1000 Network Connection
[    3.277083] e1000e: Intel(R) PRO/1000 Network Driver
[    3.277361] e1000e: Copyright(c) 1999 - 2015 Intel Corporation.
[    3.277740] igb: Intel(R) Gigabit Ethernet Network Driver
[    3.278048] igb: Copyright (c) 2007-2014 Intel Corporation.
[    3.278442] PPP generic driver version 2.4.2
[    3.279222] VFIO - User Level meta-driver version: 0.3
[    3.279997] usbcore: registered new interface driver uas
[    3.280679] usbcore: registered new interface driver usb-storage
[    3.281526] i8042: PNP: PS/2 Controller [PNP0303:KBD,PNP0f13:MOU] at 0x60,0x64 irq 1,12
[    3.283309] serio: i8042 KBD port at 0x60,0x64 irq 1
[    3.283941] serio: i8042 AUX port at 0x60,0x64 irq 12
[    3.284993] mousedev: PS/2 mouse device common for all mice
[    3.286061] input: AT Translated Set 2 keyboard as /devices/platform/i8042/serio0/input/input1
[    3.287338] input: VirtualPS/2 VMware VMMouse as /devices/platform/i8042/serio1/input/input4
[    3.288432] rtc_cmos 00:05: RTC can wake from S4
[    3.288929] input: VirtualPS/2 VMware VMMouse as /devices/platform/i8042/serio1/input/input3
[    3.290274] rtc_cmos 00:05: registered as rtc0
[    3.290601] rtc_cmos 00:05: setting system clock to 2023-02-24T01:23:16 UTC (1677201796)
[    3.291209] rtc_cmos 00:05: alarms up to one day, y3k, 242 bytes nvram, hpet irqs
[    3.291708] i2c_dev: i2c /dev entries driver
[    3.292013] device-mapper: core: CONFIG_IMA_DISABLE_HTABLE is disabled. Duplicate IMA measurements will not be recorded in the IMA log.
[    3.292813] device-mapper: uevent: version 1.0.3
[    3.293314] device-mapper: ioctl: 4.47.0-ioctl (2022-07-28) initialised: dm-devel@redhat.com
[    3.293832] intel_pstate: CPU model not supported
[    3.294193] sdhci: Secure Digital Host Controller Interface driver
[    3.294560] sdhci: Copyright(c) Pierre Ossman
[    3.294877] sdhci-pltfm: SDHCI platform and OF driver helper
[    3.295292] ledtrig-cpu: registered to indicate activity on CPUs
[    3.295940] drop_monitor: Initializing network drop monitor service
[    3.296728] NET: Registered PF_INET6 protocol family
[    3.298602] Segment Routing with IPv6
[    3.298859] In-situ OAM (IOAM) with IPv6
[    3.299136] NET: Registered PF_PACKET protocol family
[    3.299639] 9pnet: Installing 9P2000 support
[    3.299955] Key type dns_resolver registered
[    3.300823] IPI shorthand broadcast: enabled
[    3.301124] sched_clock: Marking stable (3290962529, 9682337)->(3312580332, -11935466)
[    3.302056] registered taskstats version 1
[    3.302435] Loading compiled-in X.509 certificates
[    3.302944] zswap: loaded using pool lzo/zbud
[    3.303682] Key type .fscrypt registered
[    3.303934] Key type fscrypt-provisioning registered
[    3.305009] Key type encrypted registered
[    3.305275] ima: No TPM chip found, activating TPM-bypass!
[    3.305638] ima: Allocated hash algorithm: sha1
[    3.305950] ima: No architecture policies found
[    3.306252] evm: Initialising EVM extended attributes:
[    3.306541] evm: security.selinux
[    3.306731] evm: security.SMACK64
[    3.306922] evm: security.SMACK64EXEC
[    3.307131] evm: security.SMACK64TRANSMUTE
[    3.307363] evm: security.SMACK64MMAP
[    3.307573] evm: security.apparmor
[    3.307769] evm: security.ima
[    3.307944] evm: security.capability
[    3.308148] evm: HMAC attrs: 0x1
[    3.311945] PM:   Magic number: 11:703:357
[    3.312200] input event3: hash matches
[    3.312768] RAS: Correctable Errors collector initialized.
[    3.314047] md: Waiting for all devices to be available before autodetect
[    3.314310] md: If you don't use raid, use raid=noautodetect
[    3.314531] md: Autodetecting RAID arrays.
[    3.314698] md: autorun ...
[    3.314811] md: ... autorun DONE.
[    3.327066] EXT4-fs (sda): mounted filesystem with ordered data mode. Quota mode: none.
[    3.327444] VFS: Mounted root (ext4 filesystem) readonly on device 8:0.
[    3.329013] devtmpfs: mounted
[    3.336219] Freeing unused decrypted memory: 2036K
[    3.337875] Freeing unused kernel image (initmem) memory: 3672K
[    3.345855] Write protecting the kernel read-only data: 43008k
[    3.348270] Freeing unused kernel image (text/rodata gap) memory: 2028K
[    3.348786] Freeing unused kernel image (rodata/data gap) memory: 372K
[    3.420858] x86/mm: Checked W+X mappings: passed, no W+X pages found.
[    3.421165] Run /sbin/init as init process
[    3.493424] systemd[1]: RTC configured in localtime, applying delta of 0 minutes to system time.
[    3.514756] systemd[1]: systemd 239 (239-49.el8) running in system mode. (+PAM +AUDIT +SELINUX +IMA -APPARMOR +SMACK +SYSVINIT +UTMP +LIBCRYPTSETUP +GCRYPT +GNUTLS +ACL +XZ +LZ4 +SECCOMP +BLKID +ELFUTILS +KMOD +IDN2 -IDN +PCRE2 default-hierarchy=legacy)
[    3.515744] systemd[1]: Detected virtualization kvm.
[    3.515949] systemd[1]: Detected architecture x86-64.

Welcome to [0;31mCentOS Stream 8[0m!

[    3.582072] systemd[1]: Set hostname to <test>.
[    4.629815] random: crng init done
[    4.717863] systemd[1]: Set up automount Arbitrary Executable File Formats File System Automount Point.
[[0;32m  OK  [0m] Set up automount Arbitrary Executabâ€¦rmats File System Automount Point.
[    4.719527] systemd[1]: Listening on Journal Socket.
[[0;32m  OK  [0m] Listening on Journal Socket.
[    4.742182] systemd[1]: Starting Remount Root and Kernel File Systems...
         Starting Remount Root and Kernel File Systems...
[    4.743635] systemd[1]: Created slice User and Session Slice.
[[0;32m  OK  [0m] Created slice User and Session Slice.
[    4.746452] systemd[1]: Listening on udev Kernel Socket.
[[0;32m  OK  [0m] Listening on udev Kernel Socket.
[    4.747041] systemd[1]: Reached target Slices.
[[0;32m  OK  [0m] Reached target Slices.
         Starting Setup Virtual Console...
[[0;32m  OK  [0m] Started Forward Password Requests to Wall Directory Watch.
[[0;32m  OK  [0m] Listening on Journal Socket (/dev/log).
         Starting Journal Service...
[[0;32m  OK  [0m] Created slice system-sshd\x2dkeygen.slice.
         Mounting POSIX Message Queue File System...
[[0;32m  OK  [0m] Listening on multipathd control socket.
[[0;32m  OK  [0m] Created slice system-getty.slice.
         Mounting Kernel Debug File System...
[[0;32m  OK  [0m] Listening on udev Control Socket.
         Starting udev Coldplug all Devices...
         Starting Load Kernel Modules...
[[0;32m  OK  [0m] Listening on Process Core Dump Socket.
[[0;32m  OK  [0m] Listening on Device-mapper event daemon FIFOs.
         Starting Monitoring of LVM2 mirrorsâ€¦ng dmeventd or progress polling...
[[0;32m  OK  [0m] Listening on initctl Compatibility Named Pipe.
[[0;32m  OK  [0m] Listening on LVM2 poll daemon socket.
         Mounting Huge Pages File System...
[[0;32m  OK  [0m] Reached target Swap.
[[0;32m  OK  [0m] Listening on RPCbind Server Activation Socket.
[[0;32m  OK  [0m] Reached target RPC Port Mapper.
[[0;32m  OK  [0m] Created slice system-serial\x2dgetty.slice.
[[0;32m  OK  [0m] Started Journal Service.
[[0;32m  OK  [0m] Mounted POSIX Message Queue File System.
[    5.017902] EXT4-fs (sda): re-mounted. Quota mode: none.
[[0;32m  OK  [0m] Mounted Kernel Debug File System.
[[0;32m  OK  [0m] Started Remount Root and Kernel File Systems.
[[0;32m  OK  [0m] Started Setup Virtual Console.
[[0;1;31mFAILED[0m] Failed to start Load Kernel Modules.
See 'systemctl status systemd-modules-load.service' for details.
[[0;32m  OK  [0m] Mounted Huge Pages File System.
         Starting Apply Kernel Variables...
         Mounting FUSE Control File System...
         Mounting Kernel Configuration File System...
         Starting Create Static Device Nodes in /dev...
         Starting Load/Save Random Seed...
         Starting Flush Journal to Persistent Storage...
[[0;32m  OK  [0m] Started Apply Kernel Variables.
[[0;32m  OK  [0m] Mounted FUSE Control File System.
[[0;32m  OK  [0m] Mounted Kernel Configuration File System.
[[0;32m  OK  [0m] Started Create Static Device Nodes in /dev.
[[0;32m  OK  [0m] Started Load/Save Random Seed.
         Starting udev Kernel Device Manager...
[[0;32m  OK  [0m] Started Flush Journal to Persistent Storage.
[[0;32m  OK  [0m] Started udev Coldplug all Devices.
         Starting udev Wait for Complete Device Initialization...
[[0;32m  OK  [0m] Started udev Kernel Device Manager.
         Starting Show Plymouth Boot Screen...
[[0;32m  OK  [0m] Started Show Plymouth Boot Screen.
[[0;32m  OK  [0m] Reached target Paths.
[[0;32m  OK  [0m] Reached target Local Encrypted Volumes.
[[0;32m  OK  [0m] Started Forward Password Requests to Plymouth Directory Watch.
[[0;32m  OK  [0m] Found device /dev/ttyS0.
[[0;32m  OK  [0m] Started Monitoring of LVM2 mirrors,â€¦sing dmeventd or progress polling.
[[0;32m  OK  [0m] Started udev Wait for Complete Device Initialization.
[[0;32m  OK  [0m] Listening on Load/Save RF Kill Switch Status /dev/rfkill Watch.
[[0;32m  OK  [0m] Reached target Local File Systems (Pre).
[[0;32m  OK  [0m] Reached target Local File Systems.
         Starting Restore /run/initramfs on shutdown...
         Starting Create Volatile Files and Directories...
         Starting Tell Plymouth To Write Out Runtime Data...
[[0;32m  OK  [0m] Started Restore /run/initramfs on shutdown.
[[0;32m  OK  [0m] Started Tell Plymouth To Write Out Runtime Data.
[[0;32m  OK  [0m] Started Create Volatile Files and Directories.
         Starting Security Auditing Service...
         Mounting RPC Pipe File System...
         Starting RPC Bind...
[[0;32m  OK  [0m] Mounted RPC Pipe File System.
[[0;32m  OK  [0m] Reached target rpc_pipefs.target.
[[0;32m  OK  [0m] Started RPC Bind.
[[0;32m  OK  [0m] Started Security Auditing Service.
         Starting Update UTMP about System Boot/Shutdown...
[[0;32m  OK  [0m] Started Update UTMP about System Boot/Shutdown.
[[0;32m  OK  [0m] Reached target System Initialization.
[[0;32m  OK  [0m] Started Daily Cleanup of Temporary Directories.
[[0;32m  OK  [0m] Listening on SSSD Kerberos Cache Manager responder socket.
[[0;32m  OK  [0m] Listening on D-Bus System Message Bus Socket.
[[0;32m  OK  [0m] Reached target Sockets.
[[0;32m  OK  [0m] Started dnf makecache --timer.
[[0;32m  OK  [0m] Started daily update of the root trust anchor for DNSSEC.
[[0;32m  OK  [0m] Reached target Timers.
[[0;32m  OK  [0m] Reached target Basic System.
         Starting Authorization Manager...
         Starting Self Monitoring and Reporting Technology (SMART) Daemon...
         Starting NTP client/server...
[[0;32m  OK  [0m] Started D-Bus System Message Bus.
         Starting Network Manager...
[[0;32m  OK  [0m] Started irqbalance daemon.
         Starting Auto-connect to subsystemsâ€¦-NVME devices found during boot...
[[0;32m  OK  [0m] Started Machine Check Exception Logging Daemon.
[[0;32m  OK  [0m] Reached target sshd-keygen.target.
         Starting Login Service...
         Starting update of the root trust aâ€¦or DNSSEC validation in unbound...
[[0;32m  OK  [0m] Started Auto-connect to subsystems â€¦FC-NVME devices found during boot.
[[0;32m  OK  [0m] Started Self Monitoring and Reporting Technology (SMART) Daemon.
[[0;32m  OK  [0m] Started Login Service.
[[0;32m  OK  [0m] Started NTP client/server.
[[0;32m  OK  [0m] Started Network Manager.
         Starting Network Manager Wait Online...
[[0;32m  OK  [0m] Reached target Network.
         Starting Dynamic System Tuning Daemon...
         Starting GSSAPI Proxy Daemon...
         Starting OpenSSH server daemon...
[[0;32m  OK  [0m] Started update of the root trust anâ€¦ for DNSSEC validation in unbound.
[[0;32m  OK  [0m] Started OpenSSH server daemon.
[[0;32m  OK  [0m] Started GSSAPI Proxy Daemon.
[[0;32m  OK  [0m] Started Authorization Manager.
[[0;32m  OK  [0m] Reached target NFS client services.
[[0;32m  OK  [0m] Reached target Remote File Systems (Pre).
[[0;32m  OK  [0m] Reached target Remote File Systems.
         Starting Permit User Sessions...
         Starting Hostname Service...
[[0;32m  OK  [0m] Started Permit User Sessions.
         Starting Hold until boot process finishes up...
         Starting Terminate Plymouth Boot Screen...
[[0;32m  OK  [0m] Started Command Scheduler.
[    6.641919] e1000: eth0 NIC Link is Up 1000 Mbps Full Duplex, Flow Control: RX
[    6.642578] IPv6: ADDRCONF(NETDEV_CHANGE): eth0: link becomes ready
[    6.797320] Spectre V2 : WARNING: Unprivileged eBPF is enabled with eIBRS on, data leaks possible via Spectre v2 BHB attacks!
[    6.797898] Spectre V2 : WARNING: Unprivileged eBPF is enabled with eIBRS on, data leaks possible via Spectre v2 BHB attacks!

CentOS Stream 8
Kernel 6.1.0-rc3-aad37e71d5c4+ on an x86_64

test login: 