c[?7l[2J[0mSeaBIOS (version rel-1.16.0-0-gd239552ce722-prebuilt.qemu.org)


iPXE (http://ipxe.org) 00:03.0 CA00 PCI2.10 PnP PMM+7FF91000+7FEF1000 CA00
Press Ctrl-B to configure iPXE (PCI 00:03.0)...                                                                               


Booting from ROM..c[?7l[2J[    0.000000] Linux version 6.2.0-rc8-ceaa837f96ad+ (root@p-adls01) (gcc (GCC) 8.5.0 20210514 (Red Hat 8.5.0-18), GNU ld version 2.36.1-2.el8) #1 SMP PREEMPT_DYNAMIC Tue Feb 21 00:02:13 CST 2023
[    0.000000] Command line: console=ttyS0 root=/dev/sda earlyprintk=serial net.ifnames=0
[    0.000000] KERNEL supported cpus:
[    0.000000]   Intel GenuineIntel
[    0.000000]   AMD AuthenticAMD
[    0.000000]   Hygon HygonGenuine
[    0.000000]   Centaur CentaurHauls
[    0.000000]   zhaoxin   Shanghai  
[    0.000000] x86/fpu: Supporting XSAVE feature 0x001: 'x87 floating point registers'
[    0.000000] x86/fpu: Supporting XSAVE feature 0x002: 'SSE registers'
[    0.000000] x86/fpu: Supporting XSAVE feature 0x004: 'AVX registers'
[    0.000000] x86/fpu: Supporting XSAVE feature 0x200: 'Protection Keys User registers'
[    0.000000] x86/fpu: xstate_offset[2]:  576, xstate_sizes[2]:  256
[    0.000000] x86/fpu: xstate_offset[9]:  832, xstate_sizes[9]:    8
[    0.000000] x86/fpu: Enabled xstate features 0x207, context size is 840 bytes, using 'compacted' format.
[    0.000000] signal: max sigframe size: 3632
[    0.000000] BIOS-provided physical RAM map:
[    0.000000] BIOS-e820: [mem 0x0000000000000000-0x000000000009fbff] usable
[    0.000000] BIOS-e820: [mem 0x000000000009fc00-0x000000000009ffff] reserved
[    0.000000] BIOS-e820: [mem 0x00000000000f0000-0x00000000000fffff] reserved
[    0.000000] BIOS-e820: [mem 0x0000000000100000-0x000000007ffdffff] usable
[    0.000000] BIOS-e820: [mem 0x000000007ffe0000-0x000000007fffffff] reserved
[    0.000000] BIOS-e820: [mem 0x00000000feffc000-0x00000000feffffff] reserved
[    0.000000] BIOS-e820: [mem 0x00000000fffc0000-0x00000000ffffffff] reserved
[    0.000000] printk: bootconsole [earlyser0] enabled
[    0.000000] NX (Execute Disable) protection: active
[    0.000000] SMBIOS 2.8 present.
[    0.000000] DMI: QEMU Standard PC (i440FX + PIIX, 1996), BIOS rel-1.16.0-0-gd239552ce722-prebuilt.qemu.org 04/01/2014
[    0.000000] Hypervisor detected: KVM
[    0.000000] kvm-clock: Using msrs 4b564d01 and 4b564d00
[    0.000002] kvm-clock: using sched offset of 351770600 cycles
[    0.000318] clocksource: kvm-clock: mask: 0xffffffffffffffff max_cycles: 0x1cd42e4dffb, max_idle_ns: 881590591483 ns
[    0.001308] tsc: Detected 3609.600 MHz processor
[    0.007764] last_pfn = 0x7ffe0 max_arch_pfn = 0x400000000
[    0.008159] x86/PAT: Configuration [0-7]: WB  WC  UC- UC  WB  WP  UC- WT  
[    0.015497] found SMP MP-table at [mem 0x000f5ba0-0x000f5baf]
[    0.015945] Using GB pages for direct mapping
[    0.017320] ACPI: Early table checksum verification disabled
[    0.017686] ACPI: RSDP 0x00000000000F59C0 000014 (v00 BOCHS )
[    0.018050] ACPI: RSDT 0x000000007FFE1951 000034 (v01 BOCHS  BXPC     00000001 BXPC 00000001)
[    0.018584] ACPI: FACP 0x000000007FFE17FD 000074 (v01 BOCHS  BXPC     00000001 BXPC 00000001)
[    0.019114] ACPI: DSDT 0x000000007FFE0040 0017BD (v01 BOCHS  BXPC     00000001 BXPC 00000001)
[    0.019639] ACPI: FACS 0x000000007FFE0000 000040
[    0.019929] ACPI: APIC 0x000000007FFE1871 000080 (v01 BOCHS  BXPC     00000001 BXPC 00000001)
[    0.020454] ACPI: HPET 0x000000007FFE18F1 000038 (v01 BOCHS  BXPC     00000001 BXPC 00000001)
[    0.020984] ACPI: WAET 0x000000007FFE1929 000028 (v01 BOCHS  BXPC     00000001 BXPC 00000001)
[    0.021506] ACPI: Reserving FACP table memory at [mem 0x7ffe17fd-0x7ffe1870]
[    0.021930] ACPI: Reserving DSDT table memory at [mem 0x7ffe0040-0x7ffe17fc]
[    0.022354] ACPI: Reserving FACS table memory at [mem 0x7ffe0000-0x7ffe003f]
[    0.022777] ACPI: Reserving APIC table memory at [mem 0x7ffe1871-0x7ffe18f0]
[    0.023199] ACPI: Reserving HPET table memory at [mem 0x7ffe18f1-0x7ffe1928]
[    0.023621] ACPI: Reserving WAET table memory at [mem 0x7ffe1929-0x7ffe1950]
[    0.024586] No NUMA configuration found
[    0.024823] Faking a node at [mem 0x0000000000000000-0x000000007ffdffff]
[    0.025276] NODE_DATA(0) allocated [mem 0x7ffb5000-0x7ffdffff]
[    0.028461] Zone ranges:
[    0.028649]   DMA      [mem 0x0000000000001000-0x0000000000ffffff]
[    0.029032]   DMA32    [mem 0x0000000001000000-0x000000007ffdffff]
[    0.029404]   Normal   empty
[    0.029580]   Device   empty
[    0.029756] Movable zone start for each node
[    0.030010] Early memory node ranges
[    0.030223]   node   0: [mem 0x0000000000001000-0x000000000009efff]
[    0.030598]   node   0: [mem 0x0000000000100000-0x000000007ffdffff]
[    0.030974] Initmem setup node 0 [mem 0x0000000000001000-0x000000007ffdffff]
[    0.031680] On node 0, zone DMA: 1 pages in unavailable ranges
[    0.031782] On node 0, zone DMA: 97 pages in unavailable ranges
[    0.059936] On node 0, zone DMA32: 32 pages in unavailable ranges
[    0.060546] ACPI: PM-Timer IO Port: 0x608
[    0.061196] ACPI: LAPIC_NMI (acpi_id[0xff] dfl dfl lint[0x1])
[    0.061609] IOAPIC[0]: apic_id 0, version 17, address 0xfec00000, GSI 0-23
[    0.062054] ACPI: INT_SRC_OVR (bus 0 bus_irq 0 global_irq 2 dfl dfl)
[    0.062448] ACPI: INT_SRC_OVR (bus 0 bus_irq 5 global_irq 5 high level)
[    0.062853] ACPI: INT_SRC_OVR (bus 0 bus_irq 9 global_irq 9 high level)
[    0.063258] ACPI: INT_SRC_OVR (bus 0 bus_irq 10 global_irq 10 high level)
[    0.063680] ACPI: INT_SRC_OVR (bus 0 bus_irq 11 global_irq 11 high level)
[    0.064112] ACPI: Using ACPI (MADT) for SMP configuration information
[    0.064507] ACPI: HPET id: 0x8086a201 base: 0xfed00000
[    0.064840] TSC deadline timer available
[    0.065084] smpboot: Allowing 2 CPUs, 0 hotplug CPUs
[    0.065439] kvm-guest: KVM setup pv remote TLB flush
[    0.065746] kvm-guest: setup PV sched yield
[    0.066054] PM: hibernation: Registered nosave memory: [mem 0x00000000-0x00000fff]
[    0.066523] PM: hibernation: Registered nosave memory: [mem 0x0009f000-0x0009ffff]
[    0.066983] PM: hibernation: Registered nosave memory: [mem 0x000a0000-0x000effff]
[    0.067451] PM: hibernation: Registered nosave memory: [mem 0x000f0000-0x000fffff]
[    0.067923] [mem 0x80000000-0xfeffbfff] available for PCI devices
[    0.068302] Booting paravirtualized kernel on KVM
[    0.068608] clocksource: refined-jiffies: mask: 0xffffffff max_cycles: 0xffffffff, max_idle_ns: 7645519600211568 ns
[    0.069271] setup_percpu: NR_CPUS:8192 nr_cpumask_bits:2 nr_cpu_ids:2 nr_node_ids:1
[    0.070854] percpu: Embedded 64 pages/cpu s225280 r8192 d28672 u1048576
[    0.071451] kvm-guest: PV spinlocks enabled
[    0.071724] PV qspinlock hash table entries: 256 (order: 0, 4096 bytes, linear)
[    0.072208] Fallback order for Node 0: 0 
[    0.072480] Built 1 zonelists, mobility grouping on.  Total pages: 515808
[    0.072912] Policy zone: DMA32
[    0.073108] Kernel command line: net.ifnames=0 console=ttyS0 root=/dev/sda earlyprintk=serial net.ifnames=0
[    0.074147] random: crng init done
[    0.075378] Dentry cache hash table entries: 262144 (order: 9, 2097152 bytes, linear)
[    0.075948] Inode-cache hash table entries: 131072 (order: 8, 1048576 bytes, linear)
[    0.076552] mem auto-init: stack:off, heap alloc:off, heap free:off
[    0.079940] Memory: 1979232K/2096632K available (34816K kernel code, 4680K rwdata, 10004K rodata, 10180K init, 19720K bss, 117144K reserved, 0K cma-reserved)
[    0.081200] SLUB: HWalign=64, Order=0-3, MinObjects=0, CPUs=2, Nodes=1
[    0.081595] kmemleak: Kernel memory leak detector disabled
[    0.081992] ftrace: allocating 68263 entries in 267 pages
[    0.102512] ftrace: allocated 267 pages with 4 groups
[    0.105366] Dynamic Preempt: voluntary
[    0.105741] Running RCU self tests
[    0.105951] rcu: Preemptible hierarchical RCU implementation.
[    0.106291] rcu: 	RCU lockdep checking is enabled.
[    0.106598] rcu: 	RCU restricting CPUs from NR_CPUS=8192 to nr_cpu_ids=2.
[    0.107000] 	Trampoline variant of Tasks RCU enabled.
[    0.107298] 	Rude variant of Tasks RCU enabled.
[    0.107586] 	Tracing variant of Tasks RCU enabled.
[    0.107871] rcu: RCU calculated value of scheduler-enlistment delay is 25 jiffies.
[    0.108319] rcu: Adjusting geometry for rcu_fanout_leaf=16, nr_cpu_ids=2
[    0.133294] NR_IRQS: 524544, nr_irqs: 440, preallocated irqs: 16
[    0.133948] rcu: srcu_init: Setting srcu_struct sizes based on contention.
[    0.140040] Console: colour VGA+ 80x25
[    0.140322] printk: console [ttyS0] enabled
[    0.140322] printk: console [ttyS0] enabled
[    0.140839] printk: bootconsole [earlyser0] disabled
[    0.140839] printk: bootconsole [earlyser0] disabled
[    0.141447] Lock dependency validator: Copyright (c) 2006 Red Hat, Inc., Ingo Molnar
[    0.141921] ... MAX_LOCKDEP_SUBCLASSES:  8
[    0.142176] ... MAX_LOCK_DEPTH:          48
[    0.142438] ... MAX_LOCKDEP_KEYS:        8192
[    0.142709] ... CLASSHASH_SIZE:          4096
[    0.142980] ... MAX_LOCKDEP_ENTRIES:     32768
[    0.143257] ... MAX_LOCKDEP_CHAINS:      65536
[    0.143533] ... CHAINHASH_SIZE:          32768
[    0.143810]  memory used by lock dependency info: 6365 kB
[    0.144143]  memory used for stack traces: 4224 kB
[    0.144440]  per task-struct memory footprint: 1920 bytes
[    0.144810] ACPI: Core revision 20221020
[    0.145232] clocksource: hpet: mask: 0xffffffff max_cycles: 0xffffffff, max_idle_ns: 19112604467 ns
[    0.145897] APIC: Switch to symmetric I/O mode setup
[    0.146325] x2apic enabled
[    0.146627] Switched APIC routing to physical x2apic.
[    0.146942] kvm-guest: setup PV IPIs
[    0.147845] ..TIMER: vector=0x30 apic1=0 pin1=2 apic2=-1 pin2=-1
[    0.148236] clocksource: tsc-early: mask: 0xffffffffffffffff max_cycles: 0x3407c077a8d, max_idle_ns: 440795342283 ns
[    0.148895] Calibrating delay loop (skipped) preset value.. 7219.20 BogoMIPS (lpj=14438400)
[    0.149409] pid_max: default: 32768 minimum: 301
[    0.149757] LSM: initializing lsm=capability,yama,integrity
[    0.152899] Yama: becoming mindful.
[    0.153259] Mount-cache hash table entries: 4096 (order: 3, 32768 bytes, linear)
[    0.153728] Mountpoint-cache hash table entries: 4096 (order: 3, 32768 bytes, linear)
[    0.155663] x86/cpu: User Mode Instruction Prevention (UMIP) activated
[    0.156347] Last level iTLB entries: 4KB 0, 2MB 0, 4MB 0
[    0.156894] Last level dTLB entries: 4KB 0, 2MB 0, 4MB 0, 1GB 0
[    0.157285] Spectre V1 : Mitigation: usercopy/swapgs barriers and __user pointer sanitization
[    0.157809] Spectre V2 : WARNING: Unprivileged eBPF is enabled with eIBRS on, data leaks possible via Spectre v2 BHB attacks!
[    0.158492] Spectre V2 : Mitigation: Enhanced IBRS
[    0.158779] Spectre V2 : Spectre v2 / SpectreRSB mitigation: Filling RSB on context switch
[    0.159264] Spectre V2 : Spectre v2 / PBRSB-eIBRS: Retire a single CALL on VMEXIT
[    0.159710] Spectre V2 : mitigation: Enabling conditional Indirect Branch Prediction Barrier
[    0.160205] Speculative Store Bypass: Mitigation: Speculative Store Bypass disabled via prctl
[    0.252249] Freeing SMP alternatives memory: 56K
[    0.252827] smpboot: CPU0: 12th Gen Intel(R) Core(TM) i7-12700K (family: 0x6, model: 0x97, stepping: 0x2)
[    0.252882] cblist_init_generic: Setting adjustable number of callback queues.
[    0.252882] cblist_init_generic: Setting shift to 1 and lim to 1.
[    0.252882] cblist_init_generic: Setting shift to 1 and lim to 1.
[    0.252882] cblist_init_generic: Setting shift to 1 and lim to 1.
[    0.252882] Running RCU-tasks wait API self tests
[    0.352958] Performance Events: Alderlake Hybrid events, full-width counters, Intel PMU driver.
[    0.353896] core: cpu_core PMU driver: 
[    0.354131] ... version:                2
[    0.354366] ... bit width:              48
[    0.354606] ... generic registers:      6
[    0.354840] ... value mask:             0000ffffffffffff
[    0.355148] ... max period:             00007fffffffffff
[    0.355456] ... fixed-purpose events:   3
[    0.355690] ... event mask:             0001000f0000003f
[    0.356127] rcu: Hierarchical SRCU implementation.
[    0.356407] rcu: 	Max phase no-delay instances is 1000.
[    0.357952] unchecked MSR access error: WRMSR to 0x38f (tried to write 0x0001000f0000003f) at rIP: 0xffffffff810dc90c (native_write_msr+0xc/0x30)
[    0.358710] Call Trace:
[    0.358857]  <TASK>
[    0.358986]  __intel_pmu_enable_all.constprop.46+0xb5/0x140
[    0.359321]  intel_pmu_enable_all+0x1e/0x30
[    0.359576]  x86_pmu_enable+0x46d/0x5a0
[    0.359809]  ? write_comp_data+0x2f/0x90
[    0.360050]  perf_pmu_enable+0x53/0x70
[    0.360281]  ctx_resched+0x14d/0x1e0
[    0.360502]  __perf_install_in_context+0x2f7/0x450
[    0.360790]  ? __pfx_remote_function+0x10/0x10
[    0.360882]  ? __pfx_remote_function+0x10/0x10
[    0.360882]  remote_function+0x80/0xa0
[    0.360882]  ? __pfx_remote_function+0x10/0x10
[    0.360882]  generic_exec_single+0x124/0x190
[    0.360882]  smp_call_function_single+0x11c/0x240
[    0.360882]  ? __pfx_remote_function+0x10/0x10
[    0.360882]  ? __sanitizer_cov_trace_pc+0x25/0x60
[    0.360882]  ? write_comp_data+0x2f/0x90
[    0.360882]  perf_install_in_context+0x2d8/0x300
[    0.360882]  ? __pfx___perf_install_in_context+0x10/0x10
[    0.360882]  perf_event_create_kernel_counter+0x284/0x2b0
[    0.360882]  ? __pfx_watchdog_overflow_callback+0x10/0x10
[    0.360882]  hardlockup_detector_event_create+0x46/0xd0
[    0.360882]  hardlockup_detector_perf_init+0x18/0x66
[    0.360882]  watchdog_nmi_probe+0x17/0x1d
[    0.360882]  lockup_detector_init+0x40/0xaf
[    0.360882]  kernel_init_freeable+0x264/0x422
[    0.360882]  ? __pfx_kernel_init+0x10/0x10
[    0.360882]  kernel_init+0x24/0x1e0
[    0.360882]  ? __pfx_kernel_init+0x10/0x10
[    0.360882]  ret_from_fork+0x29/0x50
[    0.360882]  </TASK>
[    0.360898] Callback from call_rcu_tasks_trace() invoked.
[    0.361372] smp: Bringing up secondary CPUs ...
[    0.361989] x86: Booting SMP configuration:
[    0.362246] .... node  #0, CPUs:      #1
[    0.362554] smp: Brought up 1 node, 2 CPUs
[    0.362554] smpboot: Max logical packages: 1
[    0.362554] smpboot: Total of 2 processors activated (14438.40 BogoMIPS)
[    0.366117] devtmpfs: initialized
[    0.366117] x86/mm: Memory block size: 128MB
[    0.369022] clocksource: jiffies: mask: 0xffffffff max_cycles: 0xffffffff, max_idle_ns: 7645041785100000 ns
[    0.369604] futex hash table entries: 512 (order: 4, 65536 bytes, linear)
[    0.370181] pinctrl core: initialized pinctrl subsystem
[    0.370916] 
[    0.371013] *************************************************************
[    0.371410] **     NOTICE NOTICE NOTICE NOTICE NOTICE NOTICE NOTICE    **
[    0.371809] **                                                         **
[    0.372205] **  IOMMU DebugFS SUPPORT HAS BEEN ENABLED IN THIS KERNEL  **
[    0.372600] **                                                         **
[    0.372893] ** This means that this kernel is built to expose internal **
[    0.373289] ** IOMMU data structures, which may compromise security on **
[    0.373684] ** your system.                                            **
[    0.374080] **                                                         **
[    0.374475] ** If you see this message and you are not debugging the   **
[    0.374871] ** kernel, report this immediately to your vendor!         **
[    0.375267] **                                                         **
[    0.375665] **     NOTICE NOTICE NOTICE NOTICE NOTICE NOTICE NOTICE    **
[    0.376061] *************************************************************
[    0.376494] PM: RTC time: 20:40:15, date: 2023-02-23
[    0.379226] NET: Registered PF_NETLINK/PF_ROUTE protocol family
[    0.380069] DMA: preallocated 256 KiB GFP_KERNEL pool for atomic allocations
[    0.380496] DMA: preallocated 256 KiB GFP_KERNEL|GFP_DMA pool for atomic allocations
[    0.380896] DMA: preallocated 256 KiB GFP_KERNEL|GFP_DMA32 pool for atomic allocations
[    0.381389] audit: initializing netlink subsys (disabled)
[    0.381756] audit: type=2000 audit(1677184816.603:1): state=initialized audit_enabled=0 res=1
[    0.381756] thermal_sys: Registered thermal governor 'fair_share'
[    0.381756] thermal_sys: Registered thermal governor 'bang_bang'
[    0.381784] thermal_sys: Registered thermal governor 'step_wise'
[    0.382135] thermal_sys: Registered thermal governor 'user_space'
[    0.382520] cpuidle: using governor ladder
[    0.383129] cpuidle: using governor menu
[    0.383648] acpiphp: ACPI Hot Plug PCI Controller Driver version: 0.5
[    0.385115] PCI: Using configuration type 1 for base access
[    0.386186] kprobes: kprobe jump-optimization is enabled. All kprobes are optimized if possible.
[    0.584323] HugeTLB: registered 1.00 GiB page size, pre-allocated 0 pages
[    0.584745] HugeTLB: 16380 KiB vmemmap can be freed for a 1.00 GiB page
[    0.584891] HugeTLB: registered 2.00 MiB page size, pre-allocated 0 pages
[    0.585283] HugeTLB: 28 KiB vmemmap can be freed for a 2.00 MiB page
[    0.588056] ACPI: Added _OSI(Module Device)
[    0.588323] ACPI: Added _OSI(Processor Device)
[    0.588582] ACPI: Added _OSI(3.0 _SCP Extensions)
[    0.588861] ACPI: Added _OSI(Processor Aggregator Device)
[    0.593457] ACPI: 1 ACPI AML tables successfully acquired and loaded
[    0.596465] ACPI: Interpreter enabled
[    0.596767] ACPI: PM: (supports S0 S3 S4 S5)
[    0.596887] ACPI: Using IOAPIC for interrupt routing
[    0.597209] PCI: Using host bridge windows from ACPI; if necessary, use "pci=nocrs" and report a bug
[    0.597739] PCI: Using E820 reservations for host bridge windows
[    0.598657] ACPI: Enabled 2 GPEs in block 00 to 0F
[    0.612386] ACPI: PCI Root Bridge [PCI0] (domain 0000 [bus 00-ff])
[    0.612778] acpi PNP0A03:00: _OSC: OS supports [ASPM ClockPM Segments MSI EDR HPX-Type3]
[    0.612893] acpi PNP0A03:00: _OSC: not requesting OS control; OS requires [ExtendedConfig ASPM ClockPM MSI]
[    0.613504] acpi PNP0A03:00: fail to add MMCONFIG information, can't access extended configuration space under this bridge
[    0.616055] acpiphp: Slot [3] registered
[    0.616343] acpiphp: Slot [4] registered
[    0.616628] acpiphp: Slot [5] registered
[    0.616918] acpiphp: Slot [6] registered
[    0.617203] acpiphp: Slot [7] registered
[    0.617487] acpiphp: Slot [8] registered
[    0.617771] acpiphp: Slot [9] registered
[    0.618058] acpiphp: Slot [10] registered
[    0.618348] acpiphp: Slot [11] registered
[    0.618640] acpiphp: Slot [12] registered
[    0.618930] acpiphp: Slot [13] registered
[    0.619219] acpiphp: Slot [14] registered
[    0.619509] acpiphp: Slot [15] registered
[    0.619798] acpiphp: Slot [16] registered
[    0.620087] acpiphp: Slot [17] registered
[    0.620380] acpiphp: Slot [18] registered
[    0.620670] acpiphp: Slot [19] registered
[    0.620936] acpiphp: Slot [20] registered
[    0.621225] acpiphp: Slot [21] registered
[    0.621515] acpiphp: Slot [22] registered
[    0.621803] acpiphp: Slot [23] registered
[    0.622098] acpiphp: Slot [24] registered
[    0.622386] acpiphp: Slot [25] registered
[    0.622676] acpiphp: Slot [26] registered
[    0.622965] acpiphp: Slot [27] registered
[    0.623258] acpiphp: Slot [28] registered
[    0.623547] acpiphp: Slot [29] registered
[    0.623839] acpiphp: Slot [30] registered
[    0.624128] acpiphp: Slot [31] registered
[    0.624382] PCI host bridge to bus 0000:00
[    0.624627] pci_bus 0000:00: root bus resource [io  0x0000-0x0cf7 window]
[    0.624887] pci_bus 0000:00: root bus resource [io  0x0d00-0xffff window]
[    0.625287] pci_bus 0000:00: root bus resource [mem 0x000a0000-0x000bffff window]
[    0.625728] pci_bus 0000:00: root bus resource [mem 0x80000000-0xfebfffff window]
[    0.626168] pci_bus 0000:00: root bus resource [mem 0x100000000-0x17fffffff window]
[    0.626618] pci_bus 0000:00: root bus resource [bus 00-ff]
[    0.627023] pci 0000:00:00.0: [8086:1237] type 00 class 0x060000
[    0.629788] pci 0000:00:01.0: [8086:7000] type 00 class 0x060100
[    0.630696] pci 0000:00:01.1: [8086:7010] type 00 class 0x010180
[    0.631995] pci 0000:00:01.1: reg 0x20: [io  0xc040-0xc04f]
[    0.632758] pci 0000:00:01.1: legacy IDE quirk: reg 0x10: [io  0x01f0-0x01f7]
[    0.632888] pci 0000:00:01.1: legacy IDE quirk: reg 0x14: [io  0x03f6]
[    0.633270] pci 0000:00:01.1: legacy IDE quirk: reg 0x18: [io  0x0170-0x0177]
[    0.633688] pci 0000:00:01.1: legacy IDE quirk: reg 0x1c: [io  0x0376]
[    0.634270] pci 0000:00:01.3: [8086:7113] type 00 class 0x068000
[    0.635088] pci 0000:00:01.3: quirk: [io  0x0600-0x063f] claimed by PIIX4 ACPI
[    0.635524] pci 0000:00:01.3: quirk: [io  0x0700-0x070f] claimed by PIIX4 SMB
[    0.636186] pci 0000:00:02.0: [1234:1111] type 00 class 0x030000
[    0.637299] pci 0000:00:02.0: reg 0x10: [mem 0xfd000000-0xfdffffff pref]
[    0.639371] pci 0000:00:02.0: reg 0x18: [mem 0xfebf0000-0xfebf0fff]
[    0.642165] pci 0000:00:02.0: reg 0x30: [mem 0xfebe0000-0xfebeffff pref]
[    0.642726] pci 0000:00:02.0: Video device with shadowed ROM at [mem 0x000c0000-0x000dffff]
[    0.645708] pci 0000:00:03.0: [8086:100e] type 00 class 0x020000
[    0.646476] pci 0000:00:03.0: reg 0x10: [mem 0xfebc0000-0xfebdffff]
[    0.647134] pci 0000:00:03.0: reg 0x14: [io  0xc000-0xc03f]
[    0.648888] pci 0000:00:03.0: reg 0x30: [mem 0xfeb80000-0xfebbffff pref]
[    0.657087] ACPI: PCI: Interrupt link LNKA configured for IRQ 10
[    0.657768] ACPI: PCI: Interrupt link LNKB configured for IRQ 10
[    0.658421] ACPI: PCI: Interrupt link LNKC configured for IRQ 11
[    0.659075] ACPI: PCI: Interrupt link LNKD configured for IRQ 11
[    0.659571] ACPI: PCI: Interrupt link LNKS configured for IRQ 9
[    0.660912] iommu: Default domain type: Translated 
[    0.661217] iommu: DMA domain TLB invalidation policy: lazy mode 
[    0.662412] SCSI subsystem initialized
[    0.662860] ACPI: bus type USB registered
[    0.663146] usbcore: registered new interface driver usbfs
[    0.663502] usbcore: registered new interface driver hub
[    0.663872] usbcore: registered new device driver usb
[    0.664272] pps_core: LinuxPPS API ver. 1 registered
[    0.664574] pps_core: Software ver. 5.3.6 - Copyright 2005-2007 Rodolfo Giometti <giometti@linux.it>
[    0.664897] PTP clock support registered
[    0.665268] EDAC MC: Ver: 3.0.0
[    0.666718] NetLabel: Initializing
[    0.666936] NetLabel:  domain hash size = 128
[    0.667201] NetLabel:  protocols = UNLABELED CIPSOv4 CALIPSO
[    0.667587] NetLabel:  unlabeled traffic allowed by default
[    0.668221] PCI: Using ACPI for IRQ routing
[    0.668662] pci 0000:00:02.0: vgaarb: setting as boot VGA device
[    0.668882] pci 0000:00:02.0: vgaarb: bridge control possible
[    0.668882] pci 0000:00:02.0: vgaarb: VGA device added: decodes=io+mem,owns=io+mem,locks=none
[    0.668887] vgaarb: loaded
[    0.669666] hpet0: at MMIO 0xfed00000, IRQs 2, 8, 0
[    0.669981] hpet0: 3 comparators, 64-bit 100.000000 MHz counter
[    2.648234] clocksource: Switched to clocksource kvm-clock
[    2.648657] Callback from call_rcu_tasks_rude() invoked.
[    2.760252] Callback from call_rcu_tasks() invoked.
[    2.783228] VFS: Disk quotas dquot_6.6.0
[    2.783519] VFS: Dquot-cache hash table entries: 512 (order 0, 4096 bytes)
[    2.784126] pnp: PnP ACPI init
[    2.785807] pnp: PnP ACPI: found 6 devices
[    2.796725] clocksource: acpi_pm: mask: 0xffffff max_cycles: 0xffffff, max_idle_ns: 2085701024 ns
[    2.797524] NET: Registered PF_INET protocol family
[    2.797961] IP idents hash table entries: 32768 (order: 6, 262144 bytes, linear)
[    2.799113] tcp_listen_portaddr_hash hash table entries: 1024 (order: 4, 73728 bytes, linear)
[    2.799643] Table-perturb hash table entries: 65536 (order: 6, 262144 bytes, linear)
[    2.800135] TCP established hash table entries: 16384 (order: 5, 131072 bytes, linear)
[    2.800768] TCP bind hash table entries: 16384 (order: 9, 2359296 bytes, linear)
[    2.802718] TCP: Hash tables configured (established 16384 bind 16384)
[    2.803231] UDP hash table entries: 1024 (order: 5, 163840 bytes, linear)
[    2.803711] UDP-Lite hash table entries: 1024 (order: 5, 163840 bytes, linear)
[    2.804302] NET: Registered PF_UNIX/PF_LOCAL protocol family
[    2.805168] RPC: Registered named UNIX socket transport module.
[    2.805542] RPC: Registered udp transport module.
[    2.805821] RPC: Registered tcp transport module.
[    2.806098] RPC: Registered tcp NFSv4.1 backchannel transport module.
[    2.806492] pci_bus 0000:00: resource 4 [io  0x0000-0x0cf7 window]
[    2.806861] pci_bus 0000:00: resource 5 [io  0x0d00-0xffff window]
[    2.807227] pci_bus 0000:00: resource 6 [mem 0x000a0000-0x000bffff window]
[    2.807633] pci_bus 0000:00: resource 7 [mem 0x80000000-0xfebfffff window]
[    2.808037] pci_bus 0000:00: resource 8 [mem 0x100000000-0x17fffffff window]
[    2.808640] pci 0000:00:01.0: PIIX3: Enabling Passive Release
[    2.809002] pci 0000:00:00.0: Limiting direct PCI/PCI transfers
[    2.809435] PCI: CLS 0 bytes, default 64
[    2.809707] ACPI: bus type thunderbolt registered
[    2.810242] clocksource: tsc: mask: 0xffffffffffffffff max_cycles: 0x3407c077a8d, max_idle_ns: 440795342283 ns
[    2.813474] Initialise system trusted keyrings
[    2.813800] Key type blacklist registered
[    2.814248] workingset: timestamp_bits=36 max_order=19 bucket_order=0
[    2.815024] zbud: loaded
[    2.816089] squashfs: version 4.0 (2009/01/31) Phillip Lougher
[    2.817478] NFS: Registering the id_resolver key type
[    2.818042] Key type id_resolver registered
[    2.818495] Key type id_legacy registered
[    2.818962] nfs4filelayout_init: NFSv4 File Layout Driver Registering...
[    2.819702] nfs4flexfilelayout_init: NFSv4 Flexfile Layout Driver Registering...
[    2.820631] fuse: init (API version 7.38)
[    2.821275] SGI XFS with ACLs, security attributes, realtime, quota, no debug enabled
[    2.822806] 9p: Installing v9fs 9p2000 file system support
[    2.829516] Key type asymmetric registered
[    2.829810] Asymmetric key parser 'x509' registered
[    2.830174] Block layer SCSI generic (bsg) driver version 0.4 loaded (major 243)
[    2.830839] io scheduler mq-deadline registered
[    2.831150] io scheduler bfq registered
[    2.831704] shpchp: Standard Hot Plug PCI Controller Driver version: 0.4
[    2.832426] IPMI message handler: version 39.2
[    2.832728] ipmi device interface
[    2.834273] input: Power Button as /devices/LNXSYSTM:00/LNXPWRBN:00/input/input0
[    2.834893] ACPI: button: Power Button [PWRF]
[    2.835978] ERST DBG: ERST support is disabled.
[    2.836779] Serial: 8250/16550 driver, 32 ports, IRQ sharing enabled
[    2.837606] 00:04: ttyS0 at I/O 0x3f8 (irq = 4, base_baud = 115200) is a 16550A
[    2.844378] Linux agpgart interface v0.103
[    2.845328] ACPI: bus type drm_connector registered
[    2.855944] brd: module loaded
[    2.861923] loop: module loaded
[    2.865158] scsi host0: ata_piix
[    2.865757] scsi host1: ata_piix
[    2.866085] ata1: PATA max MWDMA2 cmd 0x1f0 ctl 0x3f6 bmdma 0xc040 irq 14
[    2.866494] ata2: PATA max MWDMA2 cmd 0x170 ctl 0x376 bmdma 0xc048 irq 15
[    2.868150] tun: Universal TUN/TAP device driver, 1.6
[    2.868562] e100: Intel(R) PRO/100 Network Driver
[    2.868842] e100: Copyright(c) 1999-2006 Intel Corporation
[    2.869210] e1000: Intel(R) PRO/1000 Network Driver
[    2.869502] e1000: Copyright (c) 1999-2006 Intel Corporation.
[    3.021520] ACPI: \_SB_.LNKC: Enabled at IRQ 11
[    3.025053] ata2: found unknown device (class 0)
[    3.025849] ata1: found unknown device (class 0)
[    3.026776] ata2.00: ATAPI: QEMU DVD-ROM, 2.5+, max UDMA/100
[    3.027569] ata1.00: ATA-7: QEMU HARDDISK, 2.5+, max UDMA/100
[    3.027937] ata1.00: 16777216 sectors, multi 16: LBA48 
[    3.029361] scsi 0:0:0:0: Direct-Access     ATA      QEMU HARDDISK    2.5+ PQ: 0 ANSI: 5
[    3.030866] sd 0:0:0:0: Attached scsi generic sg0 type 0
[    3.031450] sd 0:0:0:0: [sda] 16777216 512-byte logical blocks: (8.59 GB/8.00 GiB)
[    3.032431] sd 0:0:0:0: [sda] Write Protect is off
[    3.032439] scsi 1:0:0:0: CD-ROM            QEMU     QEMU DVD-ROM     2.5+ PQ: 0 ANSI: 5
[    3.033536] sd 0:0:0:0: [sda] Write cache: enabled, read cache: enabled, doesn't support DPO or FUA
[    3.034166] sd 0:0:0:0: [sda] Preferred minimum I/O size 512 bytes
[    3.058098] scsi 1:0:0:0: Attached scsi generic sg1 type 5
[    3.058585] sd 0:0:0:0: [sda] Attached SCSI disk
[    3.339332] e1000 0000:00:03.0 eth0: (PCI:33MHz:32-bit) 52:54:00:12:34:56
[    3.339762] e1000 0000:00:03.0 eth0: Intel(R) PRO/1000 Network Connection
[    3.340232] e1000e: Intel(R) PRO/1000 Network Driver
[    3.340526] e1000e: Copyright(c) 1999 - 2015 Intel Corporation.
[    3.340924] igb: Intel(R) Gigabit Ethernet Network Driver
[    3.341241] igb: Copyright (c) 2007-2014 Intel Corporation.
[    3.341648] PPP generic driver version 2.4.2
[    3.342491] VFIO - User Level meta-driver version: 0.3
[    3.343313] usbcore: registered new interface driver uas
[    3.343666] usbcore: registered new interface driver usb-storage
[    3.344130] i8042: PNP: PS/2 Controller [PNP0303:KBD,PNP0f13:MOU] at 0x60,0x64 irq 1,12
[    3.345139] serio: i8042 KBD port at 0x60,0x64 irq 1
[    3.345467] serio: i8042 AUX port at 0x60,0x64 irq 12
[    3.346425] mousedev: PS/2 mouse device common for all mice
[    3.347585] input: AT Translated Set 2 keyboard as /devices/platform/i8042/serio0/input/input1
[    3.348832] input: VirtualPS/2 VMware VMMouse as /devices/platform/i8042/serio1/input/input4
[    3.349026] rtc_cmos 00:05: RTC can wake from S4
[    3.349791] input: VirtualPS/2 VMware VMMouse as /devices/platform/i8042/serio1/input/input3
[    3.350621] rtc_cmos 00:05: registered as rtc0
[    3.350945] rtc_cmos 00:05: setting system clock to 2023-02-23T20:40:18 UTC (1677184818)
[    3.351572] rtc_cmos 00:05: alarms up to one day, y3k, 242 bytes nvram, hpet irqs
[    3.352035] i2c_dev: i2c /dev entries driver
[    3.352344] device-mapper: core: CONFIG_IMA_DISABLE_HTABLE is disabled. Duplicate IMA measurements will not be recorded in the IMA log.
[    3.353076] device-mapper: uevent: version 1.0.3
[    3.353507] device-mapper: ioctl: 4.47.0-ioctl (2022-07-28) initialised: dm-devel@redhat.com
[    3.354004] intel_pstate: CPU model not supported
[    3.354352] sdhci: Secure Digital Host Controller Interface driver
[    3.354715] sdhci: Copyright(c) Pierre Ossman
[    3.355026] sdhci-pltfm: SDHCI platform and OF driver helper
[    3.355482] ledtrig-cpu: registered to indicate activity on CPUs
[    3.356099] drop_monitor: Initializing network drop monitor service
[    3.356627] NET: Registered PF_INET6 protocol family
[    3.358805] Segment Routing with IPv6
[    3.359057] In-situ OAM (IOAM) with IPv6
[    3.359337] NET: Registered PF_PACKET protocol family
[    3.359775] 9pnet: Installing 9P2000 support
[    3.360068] Key type dns_resolver registered
[    3.360956] IPI shorthand broadcast: enabled
[    3.372639] sched_clock: Marking stable (3358368478, 10517605)->(3388150484, -19264401)
[    3.373557] registered taskstats version 1
[    3.373962] Loading compiled-in X.509 certificates
[    3.374396] zswap: loaded using pool lzo/zbud
[    3.386893] Key type .fscrypt registered
[    3.387141] Key type fscrypt-provisioning registered
[    3.388036] Key type encrypted registered
[    3.388323] ima: No TPM chip found, activating TPM-bypass!
[    3.388654] ima: Allocated hash algorithm: sha1
[    3.388963] ima: No architecture policies found
[    3.389274] evm: Initialising EVM extended attributes:
[    3.389581] evm: security.selinux
[    3.389781] evm: security.SMACK64
[    3.389980] evm: security.SMACK64EXEC
[    3.390200] evm: security.SMACK64TRANSMUTE
[    3.390444] evm: security.SMACK64MMAP
[    3.390663] evm: security.apparmor
[    3.390867] evm: security.ima
[    3.391047] evm: security.capability
[    3.391262] evm: HMAC attrs: 0x1
[    3.392516] PM:   Magic number: 11:957:700
[    3.393078] RAS: Correctable Errors collector initialized.
[    3.393904] md: Waiting for all devices to be available before autodetect
[    3.394175] md: If you don't use raid, use raid=noautodetect
[    3.394403] md: Autodetecting RAID arrays.
[    3.394576] md: autorun ...
[    3.394694] md: ... autorun DONE.
[    3.407410] EXT4-fs (sda): mounted filesystem 23a53bb9-f815-47a5-b74c-5e08f7731193 with ordered data mode. Quota mode: none.
[    3.407908] VFS: Mounted root (ext4 filesystem) readonly on device 8:0.
[    3.409493] devtmpfs: mounted
[    3.416973] Freeing unused decrypted memory: 2036K
[    3.420831] Freeing unused kernel image (initmem) memory: 10180K
[    3.421132] Write protecting the kernel read-only data: 45056k
[    3.422679] Freeing unused kernel image (rodata/data gap) memory: 236K
[    3.500236] x86/mm: Checked W+X mappings: passed, no W+X pages found.
[    3.500530] Run /sbin/init as init process
[    3.576052] systemd[1]: RTC configured in localtime, applying delta of 0 minutes to system time.
[    3.597492] systemd[1]: systemd 239 (239-49.el8) running in system mode. (+PAM +AUDIT +SELINUX +IMA -APPARMOR +SMACK +SYSVINIT +UTMP +LIBCRYPTSETUP +GCRYPT +GNUTLS +ACL +XZ +LZ4 +SECCOMP +BLKID +ELFUTILS +KMOD +IDN2 -IDN +PCRE2 default-hierarchy=legacy)
[    3.598520] systemd[1]: Detected virtualization kvm.
[    3.598731] systemd[1]: Detected architecture x86-64.

Welcome to [0;31mCentOS Stream 8[0m!

[    3.664163] systemd[1]: Set hostname to <test>.
[    3.884343] systemd[1]: Listening on RPCbind Server Activation Socket.
[[0;32m  OK  [0m] Listening on RPCbind Server Activation Socket.
[    3.885326] systemd[1]: Listening on udev Kernel Socket.
[[0;32m  OK  [0m] Listening on udev Kernel Socket.
[    3.891360] systemd[1]: Listening on Process Core Dump Socket.
[[0;32m  OK  [0m] Listening on Process Core Dump Socket.
[    3.894003] systemd[1]: Created slice system-serial\x2dgetty.slice.
[[0;32m  OK  [0m] Created slice system-serial\x2dgetty.slice.
[    3.894841] systemd[1]: Listening on Journal Socket (/dev/log).
[[0;32m  OK  [0m] Listening on Journal Socket (/dev/log).
[    3.896033] systemd[1]: Created slice User and Session Slice.
[[0;32m  OK  [0m] Created slice User and Session Slice.
[[0;32m  OK  [0m] Listening on udev Control Socket.
[[0;32m  OK  [0m] Started Forward Password Requests to Wall Directory Watch.
[[0;32m  OK  [0m] Listening on initctl Compatibility Named Pipe.
[[0;32m  OK  [0m] Set up automount Arbitrary Executabâ€¦rmats File System Automount Point.
[[0;32m  OK  [0m] Listening on Device-mapper event daemon FIFOs.
[[0;32m  OK  [0m] Listening on multipathd control socket.
[[0;32m  OK  [0m] Reached target RPC Port Mapper.
[[0;32m  OK  [0m] Listening on LVM2 poll daemon socket.
[[0;32m  OK  [0m] Listening on Journal Socket.
         Starting Remount Root and Kernel File Systems...
         Mounting Kernel Debug File System...
         Starting Setup Virtual Console...
         Starting Load Kernel Modules...
         Starting Journal Service...
         Mounting Huge Pages File System...
         Starting Monitoring of LVM2 mirrorsâ€¦ng dmeventd or progress polling...
         Mounting POSIX Message Queue File System...
[[0;32m  OK  [0m] Reached target Swap.
[[0;32m  OK  [0m] Reached target Slices.
         Starting udev Coldplug all Devices...
[[0;32m  OK  [0m] Created slice system-sshd\x2dkeygen.slice.
[[0;32m  OK  [0m] Created slice system-getty.slice.
[[0;32m  OK  [0m] Started Journal Service.
[    4.124928] EXT4-fs (sda): re-mounted 23a53bb9-f815-47a5-b74c-5e08f7731193. Quota mode: none.
[[0;32m  OK  [0m] Mounted Kernel Debug File System.
[[0;1;31mFAILED[0m] Failed to start Load Kernel Modules.
See 'systemctl status systemd-modules-load.service' for details.
[[0;32m  OK  [0m] Started Remount Root and Kernel File Systems.
[[0;32m  OK  [0m] Mounted Huge Pages File System.
[[0;32m  OK  [0m] Mounted POSIX Message Queue File System.
         Starting Load/Save Random Seed...
         Starting Create Static Device Nodes in /dev...
         Mounting FUSE Control File System...
         Starting Apply Kernel Variables...
         Mounting Kernel Configuration File System...
         Starting Flush Journal to Persistent Storage...
[[0;32m  OK  [0m] Started Setup Virtual Console.
[[0;32m  OK  [0m] Started Load/Save Random Seed.
[[0;32m  OK  [0m] Started Create Static Device Nodes in /dev.
[[0;32m  OK  [0m] Mounted FUSE Control File System.
[[0;32m  OK  [0m] Started Apply Kernel Variables.
[[0;32m  OK  [0m] Mounted Kernel Configuration File System.
[[0;32m  OK  [0m] Started Flush Journal to Persistent Storage.
         Starting udev Kernel Device Manager...
[[0;32m  OK  [0m] Started udev Kernel Device Manager.
[[0;32m  OK  [0m] Started udev Coldplug all Devices.
         Starting udev Wait for Complete Device Initialization...
         Starting Show Plymouth Boot Screen...
[[0;32m  OK  [0m] Started Show Plymouth Boot Screen.
[[0;32m  OK  [0m] Started Forward Password Requests to Plymouth Directory Watch.
[[0;32m  OK  [0m] Reached target Paths.
[[0;32m  OK  [0m] Reached target Local Encrypted Volumes.
[[0;32m  OK  [0m] Found device /dev/ttyS0.
[[0;32m  OK  [0m] Listening on Load/Save RF Kill Switch Status /dev/rfkill Watch.
[[0;32m  OK  [0m] Started Monitoring of LVM2 mirrors,â€¦sing dmeventd or progress polling.
[[0;32m  OK  [0m] Started udev Wait for Complete Device Initialization.
[[0;32m  OK  [0m] Reached target Local File Systems (Pre).
[[0;32m  OK  [0m] Reached target Local File Systems.
         Starting Tell Plymouth To Write Out Runtime Data...
         Starting Create Volatile Files and Directories...
         Starting Restore /run/initramfs on shutdown...
[[0;32m  OK  [0m] Started Tell Plymouth To Write Out Runtime Data.
[[0;32m  OK  [0m] Started Create Volatile Files and Directories.
[[0;32m  OK  [0m] Started Restore /run/initramfs on shutdown.
         Starting Security Auditing Service...
         Starting RPC Bind...
         Mounting RPC Pipe File System...
[[0;32m  OK  [0m] Mounted RPC Pipe File System.
[[0;32m  OK  [0m] Reached target rpc_pipefs.target.
[[0;32m  OK  [0m] Started RPC Bind.
[[0;32m  OK  [0m] Started Security Auditing Service.
         Starting Update UTMP about System Boot/Shutdown...
[[0;32m  OK  [0m] Started Update UTMP about System Boot/Shutdown.
[[0;32m  OK  [0m] Reached target System Initialization.
[[0;32m  OK  [0m] Started dnf makecache --timer.
[[0;32m  OK  [0m] Started Daily Cleanup of Temporary Directories.
[[0;32m  OK  [0m] Started daily update of the root trust anchor for DNSSEC.
[[0;32m  OK  [0m] Reached target Timers.
[[0;32m  OK  [0m] Listening on SSSD Kerberos Cache Manager responder socket.
[[0;32m  OK  [0m] Listening on D-Bus System Message Bus Socket.
[[0;32m  OK  [0m] Reached target Sockets.
[[0;32m  OK  [0m] Reached target Basic System.
[[0;32m  OK  [0m] Started Machine Check Exception Logging Daemon.
         Starting NTP client/server...
         Starting Auto-connect to subsystemsâ€¦-NVME devices found during boot...
[[0;32m  OK  [0m] Reached target sshd-keygen.target.
         Starting Login Service...
         Starting Authorization Manager...
[[0;32m  OK  [0m] Started D-Bus System Message Bus.
         Starting Network Manager...
[[0;32m  OK  [0m] Started irqbalance daemon.
         Starting Self Monitoring and Reporting Technology (SMART) Daemon...
[[0;32m  OK  [0m] Started Auto-connect to subsystems â€¦FC-NVME devices found during boot.
         Starting update of the root trust aâ€¦or DNSSEC validation in unbound...
[[0;32m  OK  [0m] Started Login Service.
[[0;32m  OK  [0m] Started NTP client/server.
[[0;32m  OK  [0m] Started Self Monitoring and Reporting Technology (SMART) Daemon.
[[0;32m  OK  [0m] Started Network Manager.
[[0;32m  OK  [0m] Reached target Network.
         Starting OpenSSH server daemon...
         Starting Dynamic System Tuning Daemon...
         Starting GSSAPI Proxy Daemon...
         Starting Network Manager Wait Online...
[[0;32m  OK  [0m] Started update of the root trust anâ€¦ for DNSSEC validation in unbound.
[[0;32m  OK  [0m] Started OpenSSH server daemon.
[[0;32m  OK  [0m] Started Authorization Manager.
         Starting Hostname Service...
[[0;32m  OK  [0m] Started GSSAPI Proxy Daemon.
[[0;32m  OK  [0m] Reached target NFS client services.
[[0;32m  OK  [0m] Reached target Remote File Systems (Pre).
[[0;32m  OK  [0m] Reached target Remote File Systems.
         Starting Permit User Sessions...
[[0;32m  OK  [0m] Started Permit User Sessions.
[[0;32m  OK  [0m] Started Command Scheduler.
         Starting Hold until boot process finishes up...
         Starting Terminate Plymouth Boot Screen...
[    5.825003] e1000: eth0 NIC Link is Up 1000 Mbps Full Duplex, Flow Control: RX
[    5.825656] IPv6: ADDRCONF(NETDEV_CHANGE): eth0: link becomes ready
[    5.960560] Spectre V2 : WARNING: Unprivileged eBPF is enabled with eIBRS on, data leaks possible via Spectre v2 BHB attacks!
[    5.961080] Spectre V2 : WARNING: Unprivileged eBPF is enabled with eIBRS on, data leaks possible via Spectre v2 BHB attacks!

CentOS Stream 8
Kernel 6.2.0-rc8-ceaa837f96ad+ on an x86_64

test login: [   28.237342] ------------[ cut here ]------------
[   28.237557] WARNING: CPU: 1 PID: 533 at drivers/iommu/iommufd/selftest.c:403 iommufd_test+0xb19/0x16f0
[   28.237949] Modules linked in:
[   28.238081] CPU: 1 PID: 533 Comm: repro Not tainted 6.2.0-rc8-ceaa837f96ad+ #1
[   28.238376] Hardware name: QEMU Standard PC (i440FX + PIIX, 1996), BIOS rel-1.16.0-0-gd239552ce722-prebuilt.qemu.org 04/01/2014
[   28.238830] RIP: 0010:iommufd_test+0xb19/0x16f0
[   28.239027] Code: 94 c4 31 ff 44 89 e6 e8 15 59 17 ff 45 84 e4 0f 85 bb 0b 00 00 41 be fb ff ff ff e8 a1 57 17 ff e9 a0 f7 ff ff e8 97 57 17 ff <0f> 0b 41 be f2 ff ff ff eb e7 e8 88 57 17 ff 48 8b 13 48 8b 43 08
[   28.239758] RSP: 0018:ffffc90000ff7dc0 EFLAGS: 00010246
[   28.239976] RAX: 0000000000000000 RBX: 0000000000000000 RCX: ffffffff8214bfe7
[   28.240265] RDX: 0000000000000000 RSI: ffff888014832340 RDI: 0000000000000002
[   28.240553] RBP: ffffc90000ff7e48 R08: 0000000000000000 R09: 0000000000000001
[   28.240841] R10: 0000000000000001 R11: 0000000000000000 R12: 00000000cd2b0000
[   28.241257] R13: 00000000cd2af000 R14: 0000000000000000 R15: ffffc90000ff7e68
[   28.241551] FS:  00007fca3cd7f740(0000) GS:ffff88807dd00000(0000) knlGS:0000000000000000
[   28.241876] CS:  0010 DS: 0000 ES: 0000 CR0: 0000000080050033
[   28.242112] CR2: 0000000020000043 CR3: 000000000d8fc002 CR4: 0000000000770ee0
[   28.242403] PKRU: 55555554
[   28.242521] Call Trace:
[   28.242629]  <TASK>
[   28.242725]  ? write_comp_data+0x2f/0x90
[   28.242904]  iommufd_fops_ioctl+0x1ef/0x310
[   28.243094]  __x64_sys_ioctl+0x10e/0x160
[   28.243269]  ? __pfx_iommufd_fops_ioctl+0x10/0x10
[   28.243472]  do_syscall_64+0x3b/0x90
[   28.243639]  entry_SYSCALL_64_after_hwframe+0x72/0xdc
[   28.243866] RIP: 0033:0x7fca3cea459d
[   28.244021] Code: 00 c3 66 2e 0f 1f 84 00 00 00 00 00 90 f3 0f 1e fa 48 89 f8 48 89 f7 48 89 d6 48 89 ca 4d 89 c2 4d 89 c8 4c 8b 4c 24 08 0f 05 <48> 3d 01 f0 ff ff 73 01 c3 48 8b 0d d3 08 0d 00 f7 d8 64 89 01 48
[   28.244756] RSP: 002b:00007ffcc152d838 EFLAGS: 00000213 ORIG_RAX: 0000000000000010
[   28.245079] RAX: ffffffffffffffda RBX: 0000000000000000 RCX: 00007fca3cea459d
[   28.245368] RDX: 0000000020000000 RSI: 0000000000003ba0 RDI: 0000000000000003
[   28.245663] RBP: 00007ffcc152d850 R08: 00007ffcc152d930 R09: 00007ffcc152d930
[   28.245951] R10: 0000000000000000 R11: 0000000000000213 R12: 0000000000401060
[   28.246240] R13: 00007ffcc152d930 R14: 0000000000000000 R15: 0000000000000000
[   28.246537]  </TASK>
[   28.246636] irq event stamp: 4353
[   28.246776] hardirqs last  enabled at (4361): [<ffffffff811d4a91>] __up_console_sem+0x91/0xb0
[   28.247132] hardirqs last disabled at (4368): [<ffffffff811d4a76>] __up_console_sem+0x76/0xb0
[   28.247485] softirqs last  enabled at (4166): [<ffffffff82fa4233>] __do_softirq+0x323/0x48a
[   28.247823] softirqs last disabled at (4101): [<ffffffff81123172>] irq_exit_rcu+0xd2/0x100
[   28.248160] ---[ end trace 0000000000000000 ]---
[   28.252654] ------------[ cut here ]------------
[   28.253119] WARNING: CPU: 0 PID: 534 at drivers/iommu/iommufd/selftest.c:403 iommufd_test+0xb19/0x16f0
[   28.253690] Modules linked in:
[   28.253828] CPU: 0 PID: 534 Comm: repro Tainted: G        W          6.2.0-rc8-ceaa837f96ad+ #1
[   28.254188] Hardware name: QEMU Standard PC (i440FX + PIIX, 1996), BIOS rel-1.16.0-0-gd239552ce722-prebuilt.qemu.org 04/01/2014
[   28.254649] RIP: 0010:iommufd_test+0xb19/0x16f0
[   28.254852] Code: 94 c4 31 ff 44 89 e6 e8 15 59 17 ff 45 84 e4 0f 85 bb 0b 00 00 41 be fb ff ff ff e8 a1 57 17 ff e9 a0 f7 ff ff e8 97 57 17 ff <0f> 0b 41 be f2 ff ff ff eb e7 e8 88 57 17 ff 48 8b 13 48 8b 43 08
[   28.255591] RSP: 0018:ffffc9000100fdc0 EFLAGS: 00010246
[   28.255810] RAX: 0000000000000000 RBX: 0000000000000000 RCX: ffffffff8214bfe7
[   28.256100] RDX: 0000000000000000 RSI: ffff888014830000 RDI: 0000000000000002
[   28.256392] RBP: ffffc9000100fe48 R08: 0000000000000000 R09: 0000000000000001
[   28.256684] R10: 0000000000000001 R11: 0000000000000000 R12: 00000000cd2b0000
[   28.256993] R13: 00000000cd2af000 R14: 0000000000000000 R15: ffffc9000100fe68
[   28.257288] FS:  00007f8541178740(0000) GS:ffff88807dc00000(0000) knlGS:0000000000000000
[   28.257622] CS:  0010 DS: 0000 ES: 0000 CR0: 0000000080050033
[   28.257864] CR2: 0000000020000043 CR3: 000000000dabc006 CR4: 0000000000770ef0
[   28.258159] PKRU: 55555554
[   28.258282] Call Trace:
[   28.258390]  <TASK>
[   28.258488]  ? write_comp_data+0x2f/0x90
[   28.258666]  iommufd_fops_ioctl+0x1ef/0x310
[   28.258856]  __x64_sys_ioctl+0x10e/0x160
[   28.259030]  ? __pfx_iommufd_fops_ioctl+0x10/0x10
[   28.259236]  do_syscall_64+0x3b/0x90
[   28.259400]  entry_SYSCALL_64_after_hwframe+0x72/0xdc
[   28.259623] RIP: 0033:0x7f854129d59d
[   28.259780] Code: 00 c3 66 2e 0f 1f 84 00 00 00 00 00 90 f3 0f 1e fa 48 89 f8 48 89 f7 48 89 d6 48 89 ca 4d 89 c2 4d 89 c8 4c 8b 4c 24 08 0f 05 <48> 3d 01 f0 ff ff 73 01 c3 48 8b 0d d3 08 0d 00 f7 d8 64 89 01 48
[   28.260525] RSP: 002b:00007ffda5878d78 EFLAGS: 00000213 ORIG_RAX: 0000000000000010
[   28.260838] RAX: ffffffffffffffda RBX: 0000000000000000 RCX: 00007f854129d59d
[   28.261141] RDX: 0000000020000000 RSI: 0000000000003ba0 RDI: 0000000000000003
[   28.261436] RBP: 00007ffda5878d90 R08: 00007ffda5878e70 R09: 00007ffda5878e70
[   28.261725] R10: 0000000000000000 R11: 0000000000000213 R12: 0000000000401060
[   28.262011] R13: 00007ffda5878e70 R14: 0000000000000000 R15: 0000000000000000
[   28.262306]  </TASK>
[   28.262402] irq event stamp: 4633
[   28.262541] hardirqs last  enabled at (4641): [<ffffffff811d4a91>] __up_console_sem+0x91/0xb0
[   28.262893] hardirqs last disabled at (4648): [<ffffffff811d4a76>] __up_console_sem+0x76/0xb0
[   28.263245] softirqs last  enabled at (4344): [<ffffffff82fa4233>] __do_softirq+0x323/0x48a
[   28.263584] softirqs last disabled at (3973): [<ffffffff81123172>] irq_exit_rcu+0xd2/0x100
[   28.263918] ---[ end trace 0000000000000000 ]---
[   28.266926] ------------[ cut here ]------------
[   28.267124] WARNING: CPU: 1 PID: 535 at drivers/iommu/iommufd/selftest.c:403 iommufd_test+0xb19/0x16f0
[   28.267496] Modules linked in:
[   28.267624] CPU: 1 PID: 535 Comm: repro Tainted: G        W          6.2.0-rc8-ceaa837f96ad+ #1
[   28.267965] Hardware name: QEMU Standard PC (i440FX + PIIX, 1996), BIOS rel-1.16.0-0-gd239552ce722-prebuilt.qemu.org 04/01/2014
[   28.268406] RIP: 0010:iommufd_test+0xb19/0x16f0
[   28.268598] Code: 94 c4 31 ff 44 89 e6 e8 15 59 17 ff 45 84 e4 0f 85 bb 0b 00 00 41 be fb ff ff ff e8 a1 57 17 ff e9 a0 f7 ff ff e8 97 57 17 ff <0f> 0b 41 be f2 ff ff ff eb e7 e8 88 57 17 ff 48 8b 13 48 8b 43 08
[   28.269367] RSP: 0018:ffffc90001007dc0 EFLAGS: 00010246
[   28.269590] RAX: 0000000000000000 RBX: 0000000000000000 RCX: ffffffff8214bfe7
[   28.269873] RDX: 0000000000000000 RSI: ffff88801484c680 RDI: 0000000000000002
[   28.270156] RBP: ffffc90001007e48 R08: 0000000000000000 R09: 0000000000000001
[   28.270438] R10: 0000000000000001 R11: 0000000000000000 R12: 00000000cd2b0000
[   28.270723] R13: 00000000cd2af000 R14: 0000000000000000 R15: ffffc90001007e68
[   28.271006] FS:  00007f527cdca740(0000) GS:ffff88807dd00000(0000) knlGS:0000000000000000
[   28.271324] CS:  0010 DS: 0000 ES: 0000 CR0: 0000000080050033
[   28.271551] CR2: 0000000020000043 CR3: 000000000da52001 CR4: 0000000000770ee0
[   28.271828] PKRU: 55555554
[   28.271940] Call Trace:
[   28.272042]  <TASK>
[   28.272134]  ? write_comp_data+0x2f/0x90
[   28.272303]  iommufd_fops_ioctl+0x1ef/0x310
[   28.272482]  __x64_sys_ioctl+0x10e/0x160
[   28.272647]  ? __pfx_iommufd_fops_ioctl+0x10/0x10
[   28.272841]  do_syscall_64+0x3b/0x90
[   28.273062]  entry_SYSCALL_64_after_hwframe+0x72/0xdc
[   28.273276] RIP: 0033:0x7f527ceef59d
[   28.273428] Code: 00 c3 66 2e 0f 1f 84 00 00 00 00 00 90 f3 0f 1e fa 48 89 f8 48 89 f7 48 89 d6 48 89 ca 4d 89 c2 4d 89 c8 4c 8b 4c 24 08 0f 05 <48> 3d 01 f0 ff ff 73 01 c3 48 8b 0d d3 08 0d 00 f7 d8 64 89 01 48
[   28.274135] RSP: 002b:00007ffe4956d848 EFLAGS: 00000213 ORIG_RAX: 0000000000000010
[   28.274430] RAX: ffffffffffffffda RBX: 0000000000000000 RCX: 00007f527ceef59d
[   28.274711] RDX: 0000000020000000 RSI: 0000000000003ba0 RDI: 0000000000000003
[   28.274986] RBP: 00007ffe4956d860 R08: 00007ffe4956d940 R09: 00007ffe4956d940
[   28.275264] R10: 0000000000000000 R11: 0000000000000213 R12: 0000000000401060
[   28.275543] R13: 00007ffe4956d940 R14: 0000000000000000 R15: 0000000000000000
[   28.275832]  </TASK>
[   28.275927] irq event stamp: 4877
[   28.276063] hardirqs last  enabled at (4885): [<ffffffff811d4a91>] __up_console_sem+0x91/0xb0
[   28.276408] hardirqs last disabled at (4892): [<ffffffff811d4a76>] __up_console_sem+0x76/0xb0
[   28.276752] softirqs last  enabled at (4788): [<ffffffff82fa4233>] __do_softirq+0x323/0x48a
[   28.277093] softirqs last disabled at (4379): [<ffffffff81123172>] irq_exit_rcu+0xd2/0x100
[   28.277423] ---[ end trace 0000000000000000 ]---
[   28.280194] ------------[ cut here ]------------
[   28.280392] WARNING: CPU: 1 PID: 536 at drivers/iommu/iommufd/selftest.c:403 iommufd_test+0xb19/0x16f0
[   28.280766] Modules linked in:
[   28.280916] CPU: 1 PID: 536 Comm: repro Tainted: G        W          6.2.0-rc8-ceaa837f96ad+ #1
[   28.281261] Hardware name: QEMU Standard PC (i440FX + PIIX, 1996), BIOS rel-1.16.0-0-gd239552ce722-prebuilt.qemu.org 04/01/2014
[   28.281707] RIP: 0010:iommufd_test+0xb19/0x16f0
[   28.281899] Code: 94 c4 31 ff 44 89 e6 e8 15 59 17 ff 45 84 e4 0f 85 bb 0b 00 00 41 be fb ff ff ff e8 a1 57 17 ff e9 a0 f7 ff ff e8 97 57 17 ff <0f> 0b 41 be f2 ff ff ff eb e7 e8 88 57 17 ff 48 8b 13 48 8b 43 08
[   28.282612] RSP: 0018:ffffc9000100fdc0 EFLAGS: 00010246
[   28.282824] RAX: 0000000000000000 RBX: 0000000000000000 RCX: ffffffff8214bfe7
[   28.283105] RDX: 0000000000000000 RSI: ffff888014832340 RDI: 0000000000000002
[   28.283386] RBP: ffffc9000100fe48 R08: 0000000000000000 R09: 0000000000000001
[   28.283666] R10: 0000000000000001 R11: 0000000000000000 R12: 00000000cd2b0000
[   28.283950] R13: 00000000cd2af000 R14: 0000000000000000 R15: ffffc9000100fe68
[   28.284231] FS:  00007f2b87659740(0000) GS:ffff88807dd00000(0000) knlGS:0000000000000000
[   28.284548] CS:  0010 DS: 0000 ES: 0000 CR0: 0000000080050033
[   28.284778] CR2: 0000000020000043 CR3: 000000000da52004 CR4: 0000000000770ee0
[   28.285091] PKRU: 55555554
[   28.285205] Call Trace:
[   28.285308]  <TASK>
[   28.285401]  ? write_comp_data+0x2f/0x90
[   28.285579]  iommufd_fops_ioctl+0x1ef/0x310
[   28.285764]  __x64_sys_ioctl+0x10e/0x160
[   28.285935]  ? __pfx_iommufd_fops_ioctl+0x10/0x10
[   28.286131]  do_syscall_64+0x3b/0x90
[   28.286287]  entry_SYSCALL_64_after_hwframe+0x72/0xdc
[   28.286500] RIP: 0033:0x7f2b8777e59d
[   28.286650] Code: 00 c3 66 2e 0f 1f 84 00 00 00 00 00 90 f3 0f 1e fa 48 89 f8 48 89 f7 48 89 d6 48 89 ca 4d 89 c2 4d 89 c8 4c 8b 4c 24 08 0f 05 <48> 3d 01 f0 ff ff 73 01 c3 48 8b 0d d3 08 0d 00 f7 d8 64 89 01 48
[   28.287362] RSP: 002b:00007ffd811abf68 EFLAGS: 00000213 ORIG_RAX: 0000000000000010
[   28.287662] RAX: ffffffffffffffda RBX: 0000000000000000 RCX: 00007f2b8777e59d
[   28.287943] RDX: 0000000020000000 RSI: 0000000000003ba0 RDI: 0000000000000003
[   28.288226] RBP: 00007ffd811abf80 R08: 00007ffd811ac060 R09: 00007ffd811ac060
[   28.288506] R10: 0000000000000000 R11: 0000000000000213 R12: 0000000000401060
[   28.288787] R13: 00007ffd811ac060 R14: 0000000000000000 R15: 0000000000000000
[   28.289085]  </TASK>
[   28.289180] irq event stamp: 4323
[   28.289316] hardirqs last  enabled at (4331): [<ffffffff811d4a91>] __up_console_sem+0x91/0xb0
[   28.289672] hardirqs last disabled at (4338): [<ffffffff811d4a76>] __up_console_sem+0x76/0xb0
[   28.290016] softirqs last  enabled at (4168): [<ffffffff82fa4233>] __do_softirq+0x323/0x48a
[   28.290348] softirqs last disabled at (4103): [<ffffffff81123172>] irq_exit_rcu+0xd2/0x100
[   28.290674] ---[ end trace 0000000000000000 ]---
[   28.293423] ------------[ cut here ]------------
[   28.293622] WARNING: CPU: 1 PID: 537 at drivers/iommu/iommufd/selftest.c:403 iommufd_test+0xb19/0x16f0
[   28.293996] Modules linked in:
[   28.294124] CPU: 1 PID: 537 Comm: repro Tainted: G        W          6.2.0-rc8-ceaa837f96ad+ #1
[   28.294467] Hardware name: QEMU Standard PC (i440FX + PIIX, 1996), BIOS rel-1.16.0-0-gd239552ce722-prebuilt.qemu.org 04/01/2014
[   28.294908] RIP: 0010:iommufd_test+0xb19/0x16f0
[   28.295101] Code: 94 c4 31 ff 44 89 e6 e8 15 59 17 ff 45 84 e4 0f 85 bb 0b 00 00 41 be fb ff ff ff e8 a1 57 17 ff e9 a0 f7 ff ff e8 97 57 17 ff <0f> 0b 41 be f2 ff ff ff eb e7 e8 88 57 17 ff 48 8b 13 48 8b 43 08
[   28.295815] RSP: 0018:ffffc90001017dc0 EFLAGS: 00010246
[   28.296026] RAX: 0000000000000000 RBX: 0000000000000000 RCX: ffffffff8214bfe7
[   28.296308] RDX: 0000000000000000 RSI: ffff888014834680 RDI: 0000000000000002
[   28.296589] RBP: ffffc90001017e48 R08: 0000000000000000 R09: 0000000000000001
[   28.296870] R10: 0000000000000001 R11: 0000000000000000 R12: 00000000cd2b0000
[   28.297213] R13: 00000000cd2af000 R14: 0000000000000000 R15: ffffc90001017e68
[   28.297500] FS:  00007fb5595ba740(0000) GS:ffff88807dd00000(0000) knlGS:0000000000000000
[   28.297820] CS:  0010 DS: 0000 ES: 0000 CR0: 0000000080050033
[   28.298051] CR2: 0000000020000043 CR3: 000000000da52001 CR4: 0000000000770ee0
[   28.298334] PKRU: 55555554
[   28.298448] Call Trace:
[   28.298551]  <TASK>
[   28.298645]  ? write_comp_data+0x2f/0x90
[   28.298816]  iommufd_fops_ioctl+0x1ef/0x310
[   28.298999]  __x64_sys_ioctl+0x10e/0x160
[   28.299165]  ? __pfx_iommufd_fops_ioctl+0x10/0x10
[   28.299362]  do_syscall_64+0x3b/0x90
[   28.299518]  entry_SYSCALL_64_after_hwframe+0x72/0xdc
[   28.299733] RIP: 0033:0x7fb5596df59d
[   28.299883] Code: 00 c3 66 2e 0f 1f 84 00 00 00 00 00 90 f3 0f 1e fa 48 89 f8 48 89 f7 48 89 d6 48 89 ca 4d 89 c2 4d 89 c8 4c 8b 4c 24 08 0f 05 <48> 3d 01 f0 ff ff 73 01 c3 48 8b 0d d3 08 0d 00 f7 d8 64 89 01 48
[   28.300598] RSP: 002b:00007ffcfde0c6c8 EFLAGS: 00000213 ORIG_RAX: 0000000000000010
[   28.300908] RAX: ffffffffffffffda RBX: 0000000000000000 RCX: 00007fb5596df59d
[   28.301191] RDX: 0000000020000000 RSI: 0000000000003ba0 RDI: 0000000000000003
[   28.301479] RBP: 00007ffcfde0c6e0 R08: 00007ffcfde0c7c0 R09: 00007ffcfde0c7c0
[   28.301763] R10: 0000000000000000 R11: 0000000000000213 R12: 0000000000401060
[   28.302044] R13: 00007ffcfde0c7c0 R14: 0000000000000000 R15: 0000000000000000
[   28.302334]  </TASK>
[   28.302429] irq event stamp: 4385
[   28.302566] hardirqs last  enabled at (4393): [<ffffffff811d4a91>] __up_console_sem+0x91/0xb0
[   28.302910] hardirqs last disabled at (4400): [<ffffffff811d4a76>] __up_console_sem+0x76/0xb0
[   28.303256] softirqs last  enabled at (4198): [<ffffffff82fa4233>] __do_softirq+0x323/0x48a
[   28.303587] softirqs last disabled at (4055): [<ffffffff81123172>] irq_exit_rcu+0xd2/0x100
[   28.303914] ---[ end trace 0000000000000000 ]---
[   28.306630] ------------[ cut here ]------------
[   28.306829] WARNING: CPU: 1 PID: 538 at drivers/iommu/iommufd/selftest.c:403 iommufd_test+0xb19/0x16f0
[   28.307204] Modules linked in:
[   28.307333] CPU: 1 PID: 538 Comm: repro Tainted: G        W          6.2.0-rc8-ceaa837f96ad+ #1
[   28.307677] Hardware name: QEMU Standard PC (i440FX + PIIX, 1996), BIOS rel-1.16.0-0-gd239552ce722-prebuilt.qemu.org 04/01/2014
[   28.308120] RIP: 0010:iommufd_test+0xb19/0x16f0
[   28.308312] Code: 94 c4 31 ff 44 89 e6 e8 15 59 17 ff 45 84 e4 0f 85 bb 0b 00 00 41 be fb ff ff ff e8 a1 57 17 ff e9 a0 f7 ff ff e8 97 57 17 ff <0f> 0b 41 be f2 ff ff ff eb e7 e8 88 57 17 ff 48 8b 13 48 8b 43 08
[   28.309050] RSP: 0018:ffffc9000101fdc0 EFLAGS: 00010246
[   28.309262] RAX: 0000000000000000 RBX: 0000000000000000 RCX: ffffffff8214bfe7
[   28.309551] RDX: 0000000000000000 RSI: ffff888014830000 RDI: 0000000000000002
[   28.309834] RBP: ffffc9000101fe48 R08: 0000000000000000 R09: 0000000000000001
[   28.310115] R10: 0000000000000001 R11: 0000000000000000 R12: 00000000cd2b0000
[   28.310398] R13: 00000000cd2af000 R14: 0000000000000000 R15: ffffc9000101fe68
[   28.310680] FS:  00007f0aaa5fe740(0000) GS:ffff88807dd00000(0000) knlGS:0000000000000000
[   28.310999] CS:  0010 DS: 0000 ES: 0000 CR0: 0000000080050033
[   28.311230] CR2: 0000000020000043 CR3: 000000000da52003 CR4: 0000000000770ee0
[   28.311514] PKRU: 55555554
[   28.311628] Call Trace:
[   28.311731]  <TASK>
[   28.311825]  ? write_comp_data+0x2f/0x90
[   28.311996]  iommufd_fops_ioctl+0x1ef/0x310
[   28.312178]  __x64_sys_ioctl+0x10e/0x160
[   28.312345]  ? __pfx_iommufd_fops_ioctl+0x10/0x10
[   28.312542]  do_syscall_64+0x3b/0x90
[   28.312697]  entry_SYSCALL_64_after_hwframe+0x72/0xdc
[   28.312926] RIP: 0033:0x7f0aaa72359d
[   28.313077] Code: 00 c3 66 2e 0f 1f 84 00 00 00 00 00 90 f3 0f 1e fa 48 89 f8 48 89 f7 48 89 d6 48 89 ca 4d 89 c2 4d 89 c8 4c 8b 4c 24 08 0f 05 <48> 3d 01 f0 ff ff 73 01 c3 48 8b 0d d3 08 0d 00 f7 d8 64 89 01 48
[   28.313796] RSP: 002b:00007ffd16a1bc18 EFLAGS: 00000213 ORIG_RAX: 0000000000000010
[   28.314096] RAX: ffffffffffffffda RBX: 0000000000000000 RCX: 00007f0aaa72359d
[   28.314378] RDX: 0000000020000000 RSI: 0000000000003ba0 RDI: 0000000000000003
[   28.314660] RBP: 00007ffd16a1bc30 R08: 00007ffd16a1bd10 R09: 00007ffd16a1bd10
[   28.314942] R10: 0000000000000000 R11: 0000000000000213 R12: 0000000000401060
[   28.315222] R13: 00007ffd16a1bd10 R14: 0000000000000000 R15: 0000000000000000
[   28.315512]  </TASK>
[   28.315606] irq event stamp: 4435
[   28.315743] hardirqs last  enabled at (4443): [<ffffffff811d4a91>] __up_console_sem+0x91/0xb0
[   28.316088] hardirqs last disabled at (4450): [<ffffffff811d4a76>] __up_console_sem+0x76/0xb0
[   28.316432] softirqs last  enabled at (4354): [<ffffffff82fa4233>] __do_softirq+0x323/0x48a
[   28.316763] softirqs last disabled at (4327): [<ffffffff81123172>] irq_exit_rcu+0xd2/0x100
[   28.317104] ---[ end trace 0000000000000000 ]---
[   28.319785] ------------[ cut here ]------------
[   28.319981] WARNING: CPU: 1 PID: 539 at drivers/iommu/iommufd/selftest.c:403 iommufd_test+0xb19/0x16f0
[   28.320355] Modules linked in:
[   28.320484] CPU: 1 PID: 539 Comm: repro Tainted: G        W          6.2.0-rc8-ceaa837f96ad+ #1
[   28.320831] Hardware name: QEMU Standard PC (i440FX + PIIX, 1996), BIOS rel-1.16.0-0-gd239552ce722-prebuilt.qemu.org 04/01/2014
[   28.321297] RIP: 0010:iommufd_test+0xb19/0x16f0
[   28.321497] Code: 94 c4 31 ff 44 89 e6 e8 15 59 17 ff 45 84 e4 0f 85 bb 0b 00 00 41 be fb ff ff ff e8 a1 57 17 ff e9 a0 f7 ff ff e8 97 57 17 ff <0f> 0b 41 be f2 ff ff ff eb e7 e8 88 57 17 ff 48 8b 13 48 8b 43 08
[   28.322215] RSP: 0018:ffffc90001027dc0 EFLAGS: 00010246
[   28.322427] RAX: 0000000000000000 RBX: 0000000000000000 RCX: ffffffff8214bfe7
[   28.322709] RDX: 0000000000000000 RSI: ffff888014832340 RDI: 0000000000000002
[   28.322990] RBP: ffffc90001027e48 R08: 0000000000000000 R09: 0000000000000001
[   28.323272] R10: 0000000000000001 R11: 0000000000000000 R12: 00000000cd2b0000
[   28.323554] R13: 00000000cd2af000 R14: 0000000000000000 R15: ffffc90001027e68
[   28.323836] FS:  00007f405f6ad740(0000) GS:ffff88807dd00000(0000) knlGS:0000000000000000
[   28.324153] CS:  0010 DS: 0000 ES: 0000 CR0: 0000000080050033
[   28.324384] CR2: 0000000020000043 CR3: 000000000da52001 CR4: 0000000000770ee0
[   28.324667] PKRU: 55555554
[   28.324781] Call Trace:
[   28.324936]  <TASK>
[   28.325031]  ? write_comp_data+0x2f/0x90
[   28.325202]  iommufd_fops_ioctl+0x1ef/0x310
[   28.325385]  __x64_sys_ioctl+0x10e/0x160
[   28.325557]  ? __pfx_iommufd_fops_ioctl+0x10/0x10
[   28.325754]  do_syscall_64+0x3b/0x90
[   28.325909]  entry_SYSCALL_64_after_hwframe+0x72/0xdc
[   28.326124] RIP: 0033:0x7f405f7d259d
[   28.326274] Code: 00 c3 66 2e 0f 1f 84 00 00 00 00 00 90 f3 0f 1e fa 48 89 f8 48 89 f7 48 89 d6 48 89 ca 4d 89 c2 4d 89 c8 4c 8b 4c 24 08 0f 05 <48> 3d 01 f0 ff ff 73 01 c3 48 8b 0d d3 08 0d 00 f7 d8 64 89 01 48
[   28.326988] RSP: 002b:00007ffe5212c518 EFLAGS: 00000213 ORIG_RAX: 0000000000000010
[   28.327289] RAX: ffffffffffffffda RBX: 0000000000000000 RCX: 00007f405f7d259d
[   28.327570] RDX: 0000000020000000 RSI: 0000000000003ba0 RDI: 0000000000000003
[   28.327852] RBP: 00007ffe5212c530 R08: 00007ffe5212c610 R09: 00007ffe5212c610
[   28.328134] R10: 0000000000000000 R11: 0000000000000213 R12: 0000000000401060
[   28.328416] R13: 00007ffe5212c610 R14: 0000000000000000 R15: 0000000000000000
[   28.328707]  </TASK>
[   28.328802] irq event stamp: 4363
[   28.328947] hardirqs last  enabled at (4373): [<ffffffff811d4a91>] __up_console_sem+0x91/0xb0
[   28.329293] hardirqs last disabled at (4380): [<ffffffff811d4a76>] __up_console_sem+0x76/0xb0
[   28.329643] softirqs last  enabled at (4226): [<ffffffff82fa4233>] __do_softirq+0x323/0x48a
[   28.329976] softirqs last disabled at (4085): [<ffffffff81123172>] irq_exit_rcu+0xd2/0x100
[   28.330304] ---[ end trace 0000000000000000 ]---
[   28.333079] ------------[ cut here ]------------
[   28.333275] WARNING: CPU: 1 PID: 540 at drivers/iommu/iommufd/selftest.c:403 iommufd_test+0xb19/0x16f0
[   28.333653] Modules linked in:
[   28.333782] CPU: 1 PID: 540 Comm: repro Tainted: G        W          6.2.0-rc8-ceaa837f96ad+ #1
[   28.334125] Hardware name: QEMU Standard PC (i440FX + PIIX, 1996), BIOS rel-1.16.0-0-gd239552ce722-prebuilt.qemu.org 04/01/2014
[   28.334568] RIP: 0010:iommufd_test+0xb19/0x16f0
[   28.334760] Code: 94 c4 31 ff 44 89 e6 e8 15 59 17 ff 45 84 e4 0f 85 bb 0b 00 00 41 be fb ff ff ff e8 a1 57 17 ff e9 a0 f7 ff ff e8 97 57 17 ff <0f> 0b 41 be f2 ff ff ff eb e7 e8 88 57 17 ff 48 8b 13 48 8b 43 08
[   28.335474] RSP: 0018:ffffc9000102fdc0 EFLAGS: 00010246
[   28.335685] RAX: 0000000000000000 RBX: 0000000000000000 RCX: ffffffff8214bfe7
[   28.335966] RDX: 0000000000000000 RSI: ffff888014834680 RDI: 0000000000000002
[   28.336249] RBP: ffffc9000102fe48 R08: 0000000000000000 R09: 0000000000000001
[   28.336530] R10: 0000000000000001 R11: 0000000000000000 R12: 00000000cd2b0000
[   28.336811] R13: 00000000cd2af000 R14: 0000000000000000 R15: ffffc9000102fe68
[   28.337107] FS:  00007fe9dae80740(0000) GS:ffff88807dd00000(0000) knlGS:0000000000000000
[   28.337428] CS:  0010 DS: 0000 ES: 0000 CR0: 0000000080050033
[   28.337662] CR2: 0000000020000043 CR3: 000000000da52004 CR4: 0000000000770ee0
[   28.337944] PKRU: 55555554
[   28.338058] Call Trace:
[   28.338161]  <TASK>
[   28.338254]  ? write_comp_data+0x2f/0x90
[   28.338425]  iommufd_fops_ioctl+0x1ef/0x310
[   28.338607]  __x64_sys_ioctl+0x10e/0x160
[   28.338773]  ? __pfx_iommufd_fops_ioctl+0x10/0x10
[   28.338971]  do_syscall_64+0x3b/0x90
[   28.339126]  entry_SYSCALL_64_after_hwframe+0x72/0xdc
[   28.339340] RIP: 0033:0x7fe9dafa559d
[   28.339490] Code: 00 c3 66 2e 0f 1f 84 00 00 00 00 00 90 f3 0f 1e fa 48 89 f8 48 89 f7 48 89 d6 48 89 ca 4d 89 c2 4d 89 c8 4c 8b 4c 24 08 0f 05 <48> 3d 01 f0 ff ff 73 01 c3 48 8b 0d d3 08 0d 00 f7 d8 64 89 01 48
[   28.340204] RSP: 002b:00007ffc76b264d8 EFLAGS: 00000213 ORIG_RAX: 0000000000000010
[   28.340505] RAX: ffffffffffffffda RBX: 0000000000000000 RCX: 00007fe9dafa559d
[   28.340786] RDX: 0000000020000000 RSI: 0000000000003ba0 RDI: 0000000000000003
[   28.341076] RBP: 00007ffc76b264f0 R08: 00007ffc76b265d0 R09: 00007ffc76b265d0
[   28.341358] R10: 0000000000000000 R11: 0000000000000213 R12: 0000000000401060
[   28.341645] R13: 00007ffc76b265d0 R14: 0000000000000000 R15: 0000000000000000
[   28.341935]  </TASK>
[   28.342030] irq event stamp: 4349
[   28.342167] hardirqs last  enabled at (4357): [<ffffffff811d4a91>] __up_console_sem+0x91/0xb0
[   28.342511] hardirqs last disabled at (4364): [<ffffffff811d4a76>] __up_console_sem+0x76/0xb0
[   28.342856] softirqs last  enabled at (4170): [<ffffffff82fa4233>] __do_softirq+0x323/0x48a
[   28.343187] softirqs last disabled at (4157): [<ffffffff81123172>] irq_exit_rcu+0xd2/0x100
[   28.343515] ---[ end trace 0000000000000000 ]---
[   28.346244] ------------[ cut here ]------------
[   28.346442] WARNING: CPU: 1 PID: 541 at drivers/iommu/iommufd/selftest.c:403 iommufd_test+0xb19/0x16f0
[   28.346816] Modules linked in:
[   28.346946] CPU: 1 PID: 541 Comm: repro Tainted: G        W          6.2.0-rc8-ceaa837f96ad+ #1
[   28.347289] Hardware name: QEMU Standard PC (i440FX + PIIX, 1996), BIOS rel-1.16.0-0-gd239552ce722-prebuilt.qemu.org 04/01/2014
[   28.347732] RIP: 0010:iommufd_test+0xb19/0x16f0
[   28.347924] Code: 94 c4 31 ff 44 89 e6 e8 15 59 17 ff 45 84 e4 0f 85 bb 0b 00 00 41 be fb ff ff ff e8 a1 57 17 ff e9 a0 f7 ff ff e8 97 57 17 ff <0f> 0b 41 be f2 ff ff ff eb e7 e8 88 57 17 ff 48 8b 13 48 8b 43 08
[   28.348638] RSP: 0018:ffffc90001037dc0 EFLAGS: 00010246
[   28.348850] RAX: 0000000000000000 RBX: 0000000000000000 RCX: ffffffff8214bfe7
[   28.349194] RDX: 0000000000000000 RSI: ffff888014830000 RDI: 0000000000000002
[   28.349481] RBP: ffffc90001037e48 R08: 0000000000000000 R09: 0000000000000001
[   28.349764] R10: 0000000000000001 R11: 0000000000000000 R12: 00000000cd2b0000
[   28.350046] R13: 00000000cd2af000 R14: 0000000000000000 R15: ffffc90001037e68
[   28.350327] FS:  00007f3f8c059740(0000) GS:ffff88807dd00000(0000) knlGS:0000000000000000
[   28.350646] CS:  0010 DS: 0000 ES: 0000 CR0: 0000000080050033
[   28.350876] CR2: 0000000020000043 CR3: 000000000da52006 CR4: 0000000000770ee0
[   28.351159] PKRU: 55555554
[   28.351274] Call Trace:
[   28.351377]  <TASK>
[   28.351471]  ? write_comp_data+0x2f/0x90
[   28.351642]  iommufd_fops_ioctl+0x1ef/0x310
[   28.351824]  __x64_sys_ioctl+0x10e/0x160
[   28.351990]  ? __pfx_iommufd_fops_ioctl+0x10/0x10
[   28.352187]  do_syscall_64+0x3b/0x90
[   28.352343]  entry_SYSCALL_64_after_hwframe+0x72/0xdc
[   28.352556] RIP: 0033:0x7f3f8c17e59d
[   28.352706] Code: 00 c3 66 2e 0f 1f 84 00 00 00 00 00 90 f3 0f 1e fa 48 89 f8 48 89 f7 48 89 d6 48 89 ca 4d 89 c2 4d 89 c8 4c 8b 4c 24 08 0f 05 <48> 3d 01 f0 ff ff 73 01 c3 48 8b 0d d3 08 0d 00 f7 d8 64 89 01 48
[   28.353434] RSP: 002b:00007ffe8f637e88 EFLAGS: 00000213 ORIG_RAX: 0000000000000010
[   28.353738] RAX: ffffffffffffffda RBX: 0000000000000000 RCX: 00007f3f8c17e59d
[   28.354020] RDX: 0000000020000000 RSI: 0000000000003ba0 RDI: 0000000000000003
[   28.354303] RBP: 00007ffe8f637ea0 R08: 00007ffe8f637f80 R09: 00007ffe8f637f80
[   28.354584] R10: 0000000000000000 R11: 0000000000000213 R12: 0000000000401060
[   28.354866] R13: 00007ffe8f637f80 R14: 0000000000000000 R15: 0000000000000000
[   28.355157]  </TASK>
[   28.355252] irq event stamp: 4397
[   28.355389] hardirqs last  enabled at (4405): [<ffffffff811d4a91>] __up_console_sem+0x91/0xb0
[   28.355733] hardirqs last disabled at (4412): [<ffffffff811d4a76>] __up_console_sem+0x76/0xb0
[   28.356078] softirqs last  enabled at (4186): [<ffffffff82fa4233>] __do_softirq+0x323/0x48a
[   28.356410] softirqs last disabled at (4045): [<ffffffff81123172>] irq_exit_rcu+0xd2/0x100
[   28.356738] ---[ end trace 0000000000000000 ]---
[   28.359492] ------------[ cut here ]------------
[   28.359782] WARNING: CPU: 1 PID: 542 at drivers/iommu/iommufd/selftest.c:403 iommufd_test+0xb19/0x16f0
[   28.360182] Modules linked in:
[   28.360328] CPU: 1 PID: 542 Comm: repro Tainted: G        W          6.2.0-rc8-ceaa837f96ad+ #1
[   28.360691] Hardware name: QEMU Standard PC (i440FX + PIIX, 1996), BIOS rel-1.16.0-0-gd239552ce722-prebuilt.qemu.org 04/01/2014
[   28.361199] RIP: 0010:iommufd_test+0xb19/0x16f0
[   28.361400] Code: 94 c4 31 ff 44 89 e6 e8 15 59 17 ff 45 84 e4 0f 85 bb 0b 00 00 41 be fb ff ff ff e8 a1 57 17 ff e9 a0 f7 ff ff e8 97 57 17 ff <0f> 0b 41 be f2 ff ff ff eb e7 e8 88 57 17 ff 48 8b 13 48 8b 43 08
[   28.362185] RSP: 0018:ffffc9000103fdc0 EFLAGS: 00010246
[   28.362400] RAX: 0000000000000000 RBX: 0000000000000000 RCX: ffffffff8214bfe7
[   28.362688] RDX: 0000000000000000 RSI: ffff888014832340 RDI: 0000000000000002
[   28.363000] RBP: ffffc9000103fe48 R08: 0000000000000000 R09: 0000000000000001
[   28.363282] R10: 0000000000000001 R11: 0000000000000000 R12: 00000000cd2b0000
[   28.363593] R13: 00000000cd2af000 R14: 0000000000000000 R15: ffffc9000103fe68
[   28.363875] FS:  00007f58fbdea740(0000) GS:ffff88807dd00000(0000) knlGS:0000000000000000
[   28.364220] CS:  0010 DS: 0000 ES: 0000 CR0: 0000000080050033
[   28.364451] CR2: 0000000020000043 CR3: 000000000da52003 CR4: 0000000000770ee0
[   28.364752] PKRU: 55555554
[   28.364892] Call Trace:
[   28.364996]  <TASK>
[   28.365090]  ? write_comp_data+0x2f/0x90
[   28.365262]  iommufd_fops_ioctl+0x1ef/0x310
[   28.365477]  __x64_sys_ioctl+0x10e/0x160
[   28.365645]  ? __pfx_iommufd_fops_ioctl+0x10/0x10
[   28.365846]  do_syscall_64+0x3b/0x90
[   28.366002]  entry_SYSCALL_64_after_hwframe+0x72/0xdc
[   28.366218] RIP: 0033:0x7f58fbf0f59d
[   28.366369] Code: 00 c3 66 2e 0f 1f 84 00 00 00 00 00 90 f3 0f 1e fa 48 89 f8 48 89 f7 48 89 d6 48 89 ca 4d 89 c2 4d 89 c8 4c 8b 4c 24 08 0f 05 <48> 3d 01 f0 ff ff 73 01 c3 48 8b 0d d3 08 0d 00 f7 d8 64 89 01 48
[   28.367095] RSP: 002b:00007ffcba428858 EFLAGS: 00000213 ORIG_RAX: 0000000000000010
[   28.367425] RAX: ffffffffffffffda RBX: 0000000000000000 RCX: 00007f58fbf0f59d
[   28.367708] RDX: 0000000020000000 RSI: 0000000000003ba0 RDI: 0000000000000003
[   28.368047] RBP: 00007ffcba428870 R08: 00007ffcba428950 R09: 00007ffcba428950
[   28.368333] R10: 0000000000000000 R11: 0000000000000213 R12: 0000000000401060
[   28.368658] R13: 00007ffcba428950 R14: 0000000000000000 R15: 0000000000000000
[   28.368961]  </TASK>
[   28.369061] irq event stamp: 4331
[   28.369233] hardirqs last  enabled at (4339): [<ffffffff811d4a91>] __up_console_sem+0x91/0xb0
[   28.369585] hardirqs last disabled at (4346): [<ffffffff811d4a76>] __up_console_sem+0x76/0xb0
[   28.369931] softirqs last  enabled at (4080): [<ffffffff82fa4233>] __do_softirq+0x323/0x48a
[   28.370303] softirqs last disabled at (4001): [<ffffffff81123172>] irq_exit_rcu+0xd2/0x100
[   28.370633] ---[ end trace 0000000000000000 ]---
[   28.373312] ------------[ cut here ]------------
[   28.373544] WARNING: CPU: 1 PID: 543 at drivers/iommu/iommufd/selftest.c:403 iommufd_test+0xb19/0x16f0
[   28.373927] Modules linked in:
[   28.374058] CPU: 1 PID: 543 Comm: repro Tainted: G        W          6.2.0-rc8-ceaa837f96ad+ #1
[   28.374444] Hardware name: QEMU Standard PC (i440FX + PIIX, 1996), BIOS rel-1.16.0-0-gd239552ce722-prebuilt.qemu.org 04/01/2014
[   28.374930] RIP: 0010:iommufd_test+0xb19/0x16f0
[   28.375124] Code: 94 c4 31 ff 44 89 e6 e8 15 59 17 ff 45 84 e4 0f 85 bb 0b 00 00 41 be fb ff ff ff e8 a1 57 17 ff e9 a0 f7 ff ff e8 97 57 17 ff <0f> 0b 41 be f2 ff ff ff eb e7 e8 88 57 17 ff 48 8b 13 48 8b 43 08
[   28.375883] RSP: 0018:ffffc90001047dc0 EFLAGS: 00010246
[   28.376103] RAX: 0000000000000000 RBX: 0000000000000000 RCX: ffffffff8214bfe7
[   28.376418] RDX: 0000000000000000 RSI: ffff888014834680 RDI: 0000000000000002
[   28.376706] RBP: ffffc90001047e48 R08: 0000000000000000 R09: 0000000000000001
[   28.377065] R10: 0000000000000001 R11: 0000000000000000 R12: 00000000cd2b0000
[   28.377352] R13: 00000000cd2af000 R14: 0000000000000000 R15: ffffc90001047e68
[   28.377642] FS:  00007fadb45c6740(0000) GS:ffff88807dd00000(0000) knlGS:0000000000000000
[   28.377965] CS:  0010 DS: 0000 ES: 0000 CR0: 0000000080050033
[   28.378244] CR2: 0000000020000043 CR3: 000000000da52001 CR4: 0000000000770ee0
[   28.378528] PKRU: 55555554
[   28.378643] Call Trace:
[   28.378755]  <TASK>
[   28.378876]  ? write_comp_data+0x2f/0x90
[   28.379050]  iommufd_fops_ioctl+0x1ef/0x310
[   28.379235]  __x64_sys_ioctl+0x10e/0x160
[   28.379410]  ? __pfx_iommufd_fops_ioctl+0x10/0x10
[   28.379632]  do_syscall_64+0x3b/0x90
[   28.379789]  entry_SYSCALL_64_after_hwframe+0x72/0xdc
[   28.380010] RIP: 0033:0x7fadb46eb59d
[   28.380191] Code: 00 c3 66 2e 0f 1f 84 00 00 00 00 00 90 f3 0f 1e fa 48 89 f8 48 89 f7 48 89 d6 48 89 ca 4d 89 c2 4d 89 c8 4c 8b 4c 24 08 0f 05 <48> 3d 01 f0 ff ff 73 01 c3 48 8b 0d d3 08 0d 00 f7 d8 64 89 01 48
[   28.380956] RSP: 002b:00007ffd10258cf8 EFLAGS: 00000213 ORIG_RAX: 0000000000000010
[   28.381259] RAX: ffffffffffffffda RBX: 0000000000000000 RCX: 00007fadb46eb59d
[   28.381549] RDX: 0000000020000000 RSI: 0000000000003ba0 RDI: 0000000000000003
[   28.381835] RBP: 00007ffd10258d10 R08: 00007ffd10258df0 R09: 00007ffd10258df0
[   28.382133] R10: 0000000000000000 R11: 0000000000000213 R12: 0000000000401060
[   28.382442] R13: 00007ffd10258df0 R14: 0000000000000000 R15: 0000000000000000
[   28.382736]  </TASK>
[   28.382844] irq event stamp: 4365
[   28.383004] hardirqs last  enabled at (4373): [<ffffffff811d4a91>] __up_console_sem+0x91/0xb0
[   28.383354] hardirqs last disabled at (4380): [<ffffffff811d4a76>] __up_console_sem+0x76/0xb0
[   28.383743] softirqs last  enabled at (4170): [<ffffffff82fa4233>] __do_softirq+0x323/0x48a
[   28.384084] softirqs last disabled at (4097): [<ffffffff81123172>] irq_exit_rcu+0xd2/0x100
[   28.384453] ---[ end trace 0000000000000000 ]---
[   28.387458] ------------[ cut here ]------------
[   28.387657] WARNING: CPU: 1 PID: 544 at drivers/iommu/iommufd/selftest.c:403 iommufd_test+0xb19/0x16f0
[   28.388074] Modules linked in:
[   28.388205] CPU: 1 PID: 544 Comm: repro Tainted: G        W          6.2.0-rc8-ceaa837f96ad+ #1
[   28.388589] Hardware name: QEMU Standard PC (i440FX + PIIX, 1996), BIOS rel-1.16.0-0-gd239552ce722-prebuilt.qemu.org 04/01/2014
[   28.389060] RIP: 0010:iommufd_test+0xb19/0x16f0
[   28.389256] Code: 94 c4 31 ff 44 89 e6 e8 15 59 17 ff 45 84 e4 0f 85 bb 0b 00 00 41 be fb ff ff ff e8 a1 57 17 ff e9 a0 f7 ff ff e8 97 57 17 ff <0f> 0b 41 be f2 ff ff ff eb e7 e8 88 57 17 ff 48 8b 13 48 8b 43 08
[   28.390021] RSP: 0018:ffffc90000ff7dc0 EFLAGS: 00010246
[   28.390265] RAX: 0000000000000000 RBX: 0000000000000000 RCX: ffffffff8214bfe7
[   28.390575] RDX: 0000000000000000 RSI: ffff88801484c680 RDI: 0000000000000002
[   28.390862] RBP: ffffc90000ff7e48 R08: 0000000000000000 R09: 0000000000000001
[   28.391175] R10: 0000000000000001 R11: 0000000000000000 R12: 00000000cd2b0000
[   28.391460] R13: 00000000cd2af000 R14: 0000000000000000 R15: ffffc90000ff7e68
[   28.391785] FS:  00007f89e3b31740(0000) GS:ffff88807dd00000(0000) knlGS:0000000000000000
[   28.392106] CS:  0010 DS: 0000 ES: 0000 CR0: 0000000080050033
[   28.392339] CR2: 0000000020000043 CR3: 000000000da38005 CR4: 0000000000770ee0
[   28.392625] PKRU: 55555554
[   28.392740] Call Trace:
[   28.392844]  <TASK>
[   28.392988]  ? write_comp_data+0x2f/0x90
[   28.393162]  iommufd_fops_ioctl+0x1ef/0x310
[   28.393347]  __x64_sys_ioctl+0x10e/0x160
[   28.393518]  ? __pfx_iommufd_fops_ioctl+0x10/0x10
[   28.393717]  do_syscall_64+0x3b/0x90
[   28.393874]  entry_SYSCALL_64_after_hwframe+0x72/0xdc
[   28.394090] RIP: 0033:0x7f89e3c5659d
[   28.394241] Code: 00 c3 66 2e 0f 1f 84 00 00 00 00 00 90 f3 0f 1e fa 48 89 f8 48 89 f7 48 89 d6 48 89 ca 4d 89 c2 4d 89 c8 4c 8b 4c 24 08 0f 05 <48> 3d 01 f0 ff ff 73 01 c3 48 8b 0d d3 08 0d 00 f7 d8 64 89 01 48
[   28.394962] RSP: 002b:00007ffd8cc9b178 EFLAGS: 00000213 ORIG_RAX: 0000000000000010
[   28.395266] RAX: ffffffffffffffda RBX: 0000000000000000 RCX: 00007f89e3c5659d
[   28.395551] RDX: 0000000020000000 RSI: 0000000000003ba0 RDI: 0000000000000003
[   28.395838] RBP: 00007ffd8cc9b190 R08: 00007ffd8cc9b270 R09: 00007ffd8cc9b270
[   28.396122] R10: 0000000000000000 R11: 0000000000000213 R12: 0000000000401060
[   28.396407] R13: 00007ffd8cc9b270 R14: 0000000000000000 R15: 0000000000000000
[   28.396700]  </TASK>
[   28.396796] irq event stamp: 4421
[   28.396943] hardirqs last  enabled at (4431): [<ffffffff811d4a91>] __up_console_sem+0x91/0xb0
[   28.397293] hardirqs last disabled at (4438): [<ffffffff811d4a76>] __up_console_sem+0x76/0xb0
[   28.397643] softirqs last  enabled at (4292): [<ffffffff82fa4233>] __do_softirq+0x323/0x48a
[   28.397977] softirqs last disabled at (4149): [<ffffffff81123172>] irq_exit_rcu+0xd2/0x100
[   28.398308] ---[ end trace 0000000000000000 ]---
[   28.401215] ------------[ cut here ]------------
[   28.401435] WARNING: CPU: 0 PID: 545 at drivers/iommu/iommufd/selftest.c:403 iommufd_test+0xb19/0x16f0
[   28.401823] Modules linked in:
[   28.401954] CPU: 0 PID: 545 Comm: repro Tainted: G        W          6.2.0-rc8-ceaa837f96ad+ #1
[   28.402303] Hardware name: QEMU Standard PC (i440FX + PIIX, 1996), BIOS rel-1.16.0-0-gd239552ce722-prebuilt.qemu.org 04/01/2014
[   28.402752] RIP: 0010:iommufd_test+0xb19/0x16f0
[   28.402947] Code: 94 c4 31 ff 44 89 e6 e8 15 59 17 ff 45 84 e4 0f 85 bb 0b 00 00 41 be fb ff ff ff e8 a1 57 17 ff e9 a0 f7 ff ff e8 97 57 17 ff <0f> 0b 41 be f2 ff ff ff eb e7 e8 88 57 17 ff 48 8b 13 48 8b 43 08
[   28.403673] RSP: 0018:ffffc90001037dc0 EFLAGS: 00010246
[   28.403888] RAX: 0000000000000000 RBX: 0000000000000000 RCX: ffffffff8214bfe7
[   28.404174] RDX: 0000000000000000 RSI: ffff888014848000 RDI: 0000000000000002
[   28.404459] RBP: ffffc90001037e48 R08: 0000000000000000 R09: 0000000000000001
[   28.404745] R10: 0000000000000001 R11: 0000000000000000 R12: 00000000cd2b0000
[   28.405100] R13: 00000000cd2af000 R14: 0000000000000000 R15: ffffc90001037e68
[   28.405386] FS:  00007fb9eeafa740(0000) GS:ffff88807dc00000(0000) knlGS:0000000000000000
[   28.405720] CS:  0010 DS: 0000 ES: 0000 CR0: 0000000080050033
[   28.405955] CR2: 0000000020000043 CR3: 000000000da38002 CR4: 0000000000770ef0
[   28.406244] PKRU: 55555554
[   28.406360] Call Trace:
[   28.406465]  <TASK>
[   28.406563]  ? write_comp_data+0x2f/0x90
[   28.406738]  iommufd_fops_ioctl+0x1ef/0x310
[   28.406923]  __x64_sys_ioctl+0x10e/0x160
[   28.407093]  ? __pfx_iommufd_fops_ioctl+0x10/0x10
[   28.407294]  do_syscall_64+0x3b/0x90
[   28.407452]  entry_SYSCALL_64_after_hwframe+0x72/0xdc
[   28.407671] RIP: 0033:0x7fb9eec1f59d
[   28.407824] Code: 00 c3 66 2e 0f 1f 84 00 00 00 00 00 90 f3 0f 1e fa 48 89 f8 48 89 f7 48 89 d6 48 89 ca 4d 89 c2 4d 89 c8 4c 8b 4c 24 08 0f 05 <48> 3d 01 f0 ff ff 73 01 c3 48 8b 0d d3 08 0d 00 f7 d8 64 89 01 48
[   28.408553] RSP: 002b:00007fff99612818 EFLAGS: 00000213 ORIG_RAX: 0000000000000010
[   28.408859] RAX: ffffffffffffffda RBX: 0000000000000000 RCX: 00007fb9eec1f59d
[   28.409153] RDX: 0000000020000000 RSI: 0000000000003ba0 RDI: 0000000000000003
[   28.409441] RBP: 00007fff99612830 R08: 00007fff99612910 R09: 00007fff99612910
[   28.409729] R10: 0000000000000000 R11: 0000000000000213 R12: 0000000000401060
[   28.410016] R13: 00007fff99612910 R14: 0000000000000000 R15: 0000000000000000
[   28.410311]  </TASK>
[   28.410407] irq event stamp: 4913
[   28.410546] hardirqs last  enabled at (4921): [<ffffffff811d4a91>] __up_console_sem+0x91/0xb0
[   28.410894] hardirqs last disabled at (4928): [<ffffffff811d4a76>] __up_console_sem+0x76/0xb0
[   28.411241] softirqs last  enabled at (4726): [<ffffffff82fa4233>] __do_softirq+0x323/0x48a
[   28.411575] softirqs last disabled at (4287): [<ffffffff81123172>] irq_exit_rcu+0xd2/0x100
[   28.411905] ---[ end trace 0000000000000000 ]---
[   28.414758] ------------[ cut here ]------------
[   28.414960] WARNING: CPU: 1 PID: 546 at drivers/iommu/iommufd/selftest.c:403 iommufd_test+0xb19/0x16f0
[   28.415338] Modules linked in:
[   28.415471] CPU: 1 PID: 546 Comm: repro Tainted: G        W          6.2.0-rc8-ceaa837f96ad+ #1
[   28.415817] Hardware name: QEMU Standard PC (i440FX + PIIX, 1996), BIOS rel-1.16.0-0-gd239552ce722-prebuilt.qemu.org 04/01/2014
[   28.416256] RIP: 0010:iommufd_test+0xb19/0x16f0
[   28.416448] Code: 94 c4 31 ff 44 89 e6 e8 15 59 17 ff 45 84 e4 0f 85 bb 0b 00 00 41 be fb ff ff ff e8 a1 57 17 ff e9 a0 f7 ff ff e8 97 57 17 ff <0f> 0b 41 be f2 ff ff ff eb e7 e8 88 57 17 ff 48 8b 13 48 8b 43 08
[   28.417187] RSP: 0018:ffffc90001047dc0 EFLAGS: 00010246
[   28.417399] RAX: 0000000000000000 RBX: 0000000000000000 RCX: ffffffff8214bfe7
[   28.417682] RDX: 0000000000000000 RSI: ffff88801484a340 RDI: 0000000000000002
[   28.417961] RBP: ffffc90001047e48 R08: 0000000000000000 R09: 0000000000000001
[   28.418239] R10: 0000000000000001 R11: 0000000000000000 R12: 00000000cd2b0000
[   28.418518] R13: 00000000cd2af000 R14: 0000000000000000 R15: ffffc90001047e68
[   28.418796] FS:  00007fcec917e740(0000) GS:ffff88807dd00000(0000) knlGS:0000000000000000
[   28.419111] CS:  0010 DS: 0000 ES: 0000 CR0: 0000000080050033
[   28.419339] CR2: 0000000020000043 CR3: 000000000a178003 CR4: 0000000000770ee0
[   28.419619] PKRU: 55555554
[   28.419732] Call Trace:
[   28.419835]  <TASK>
[   28.419927]  ? write_comp_data+0x2f/0x90
[   28.420097]  iommufd_fops_ioctl+0x1ef/0x310
[   28.420277]  __x64_sys_ioctl+0x10e/0x160
[   28.420442]  ? __pfx_iommufd_fops_ioctl+0x10/0x10
[   28.420637]  do_syscall_64+0x3b/0x90
[   28.420791]  entry_SYSCALL_64_after_hwframe+0x72/0xdc
[   28.421061] RIP: 0033:0x7fcec92a359d
[   28.421210] Code: 00 c3 66 2e 0f 1f 84 00 00 00 00 00 90 f3 0f 1e fa 48 89 f8 48 89 f7 48 89 d6 48 89 ca 4d 89 c2 4d 89 c8 4c 8b 4c 24 08 0f 05 <48> 3d 01 f0 ff ff 73 01 c3 48 8b 0d d3 08 0d 00 f7 d8 64 89 01 48
[   28.421915] RSP: 002b:00007ffc424a64e8 EFLAGS: 00000213 ORIG_RAX: 0000000000000010
[   28.422211] RAX: ffffffffffffffda RBX: 0000000000000000 RCX: 00007fcec92a359d
[   28.422487] RDX: 0000000020000000 RSI: 0000000000003ba0 RDI: 0000000000000003
[   28.422764] RBP: 00007ffc424a6500 R08: 00007ffc424a65e0 R09: 00007ffc424a65e0
[   28.423040] R10: 0000000000000000 R11: 0000000000000213 R12: 0000000000401060
[   28.423317] R13: 00007ffc424a65e0 R14: 0000000000000000 R15: 0000000000000000
[   28.423602]  </TASK>
[   28.423695] irq event stamp: 4735
[   28.423829] hardirqs last  enabled at (4743): [<ffffffff811d4a91>] __up_console_sem+0x91/0xb0
[   28.424168] hardirqs last disabled at (4750): [<ffffffff811d4a76>] __up_console_sem+0x76/0xb0
[   28.424507] softirqs last  enabled at (4654): [<ffffffff82fa4233>] __do_softirq+0x323/0x48a
[   28.424832] softirqs last disabled at (4249): [<ffffffff81123172>] irq_exit_rcu+0xd2/0x100
[   28.425162] ---[ end trace 0000000000000000 ]---
[   28.427786] ------------[ cut here ]------------
[   28.427985] WARNING: CPU: 1 PID: 547 at drivers/iommu/iommufd/selftest.c:403 iommufd_test+0xb19/0x16f0
[   28.428357] Modules linked in:
[   28.428486] CPU: 1 PID: 547 Comm: repro Tainted: G        W          6.2.0-rc8-ceaa837f96ad+ #1
[   28.428828] Hardware name: QEMU Standard PC (i440FX + PIIX, 1996), BIOS rel-1.16.0-0-gd239552ce722-prebuilt.qemu.org 04/01/2014
[   28.429290] RIP: 0010:iommufd_test+0xb19/0x16f0
[   28.429487] Code: 94 c4 31 ff 44 89 e6 e8 15 59 17 ff 45 84 e4 0f 85 bb 0b 00 00 41 be fb ff ff ff e8 a1 57 17 ff e9 a0 f7 ff ff e8 97 57 17 ff <0f> 0b 41 be f2 ff ff ff eb e7 e8 88 57 17 ff 48 8b 13 48 8b 43 08
[   28.430197] RSP: 0018:ffffc90000ff7dc0 EFLAGS: 00010246
[   28.430409] RAX: 0000000000000000 RBX: 0000000000000000 RCX: ffffffff8214bfe7
[   28.430693] RDX: 0000000000000000 RSI: ffff888014832340 RDI: 0000000000000002
[   28.430973] RBP: ffffc90000ff7e48 R08: 0000000000000000 R09: 0000000000000001
[   28.431253] R10: 0000000000000001 R11: 0000000000000000 R12: 00000000cd2b0000
[   28.431533] R13: 00000000cd2af000 R14: 0000000000000000 R15: ffffc90000ff7e68
[   28.431814] FS:  00007f51ebb65740(0000) GS:ffff88807dd00000(0000) knlGS:0000000000000000
[   28.432130] CS:  0010 DS: 0000 ES: 0000 CR0: 0000000080050033
[   28.432360] CR2: 0000000020000043 CR3: 000000000a178006 CR4: 0000000000770ee0
[   28.432642] PKRU: 55555554
[   28.432755] Call Trace:
[   28.432858]  <TASK>
[   28.432980]  ? write_comp_data+0x2f/0x90
[   28.433152]  iommufd_fops_ioctl+0x1ef/0x310
[   28.433333]  __x64_sys_ioctl+0x10e/0x160
[   28.433501]  ? __pfx_iommufd_fops_ioctl+0x10/0x10
[   28.433699]  do_syscall_64+0x3b/0x90
[   28.433853]  entry_SYSCALL_64_after_hwframe+0x72/0xdc
[   28.434066] RIP: 0033:0x7f51ebc8a59d
[   28.434216] Code: 00 c3 66 2e 0f 1f 84 00 00 00 00 00 90 f3 0f 1e fa 48 89 f8 48 89 f7 48 89 d6 48 89 ca 4d 89 c2 4d 89 c8 4c 8b 4c 24 08 0f 05 <48> 3d 01 f0 ff ff 73 01 c3 48 8b 0d d3 08 0d 00 f7 d8 64 89 01 48
[   28.434926] RSP: 002b:00007fffb45c0e28 EFLAGS: 00000213 ORIG_RAX: 0000000000000010
[   28.435225] RAX: ffffffffffffffda RBX: 0000000000000000 RCX: 00007f51ebc8a59d
[   28.435505] RDX: 0000000020000000 RSI: 0000000000003ba0 RDI: 0000000000000003
[   28.435785] RBP: 00007fffb45c0e40 R08: 00007fffb45c0f20 R09: 00007fffb45c0f20
[   28.436065] R10: 0000000000000000 R11: 0000000000000213 R12: 0000000000401060
[   28.436345] R13: 00007fffb45c0f20 R14: 0000000000000000 R15: 0000000000000000
[   28.436634]  </TASK>
[   28.436729] irq event stamp: 4345
[   28.436864] hardirqs last  enabled at (4353): [<ffffffff811d4a91>] __up_console_sem+0x91/0xb0
[   28.437218] hardirqs last disabled at (4372): [<ffffffff811d4a76>] __up_console_sem+0x76/0xb0
[   28.437561] softirqs last  enabled at (4366): [<ffffffff82fa4233>] __do_softirq+0x323/0x48a
[   28.437890] softirqs last disabled at (4357): [<ffffffff81123172>] irq_exit_rcu+0xd2/0x100
[   28.438214] ---[ end trace 0000000000000000 ]---
[   28.440982] ------------[ cut here ]------------
[   28.441179] WARNING: CPU: 1 PID: 548 at drivers/iommu/iommufd/selftest.c:403 iommufd_test+0xb19/0x16f0
[   28.441554] Modules linked in:
[   28.441683] CPU: 1 PID: 548 Comm: repro Tainted: G        W          6.2.0-rc8-ceaa837f96ad+ #1
[   28.442024] Hardware name: QEMU Standard PC (i440FX + PIIX, 1996), BIOS rel-1.16.0-0-gd239552ce722-prebuilt.qemu.org 04/01/2014
[   28.442463] RIP: 0010:iommufd_test+0xb19/0x16f0
[   28.442654] Code: 94 c4 31 ff 44 89 e6 e8 15 59 17 ff 45 84 e4 0f 85 bb 0b 00 00 41 be fb ff ff ff e8 a1 57 17 ff e9 a0 f7 ff ff e8 97 57 17 ff <0f> 0b 41 be f2 ff ff ff eb e7 e8 88 57 17 ff 48 8b 13 48 8b 43 08
[   28.443362] RSP: 0018:ffffc90001037dc0 EFLAGS: 00010246
[   28.443573] RAX: 0000000000000000 RBX: 0000000000000000 RCX: ffffffff8214bfe7
[   28.443852] RDX: 0000000000000000 RSI: ffff888014830000 RDI: 0000000000000002
[   28.444132] RBP: ffffc90001037e48 R08: 0000000000000000 R09: 0000000000000001
[   28.444411] R10: 0000000000000001 R11: 0000000000000000 R12: 00000000cd2b0000
[   28.444691] R13: 00000000cd2af000 R14: 0000000000000000 R15: ffffc90001037e68
[   28.444982] FS:  00007f4496572740(0000) GS:ffff88807dd00000(0000) knlGS:0000000000000000
[   28.445299] CS:  0010 DS: 0000 ES: 0000 CR0: 0000000080050033
[   28.445530] CR2: 0000000020000043 CR3: 000000000a178003 CR4: 0000000000770ee0
[   28.445813] PKRU: 55555554
[   28.445926] Call Trace:
[   28.446029]  <TASK>
[   28.446121]  ? write_comp_data+0x2f/0x90
[   28.446291]  iommufd_fops_ioctl+0x1ef/0x310
[   28.446472]  __x64_sys_ioctl+0x10e/0x160
[   28.446638]  ? __pfx_iommufd_fops_ioctl+0x10/0x10
[   28.446833]  do_syscall_64+0x3b/0x90
[   28.446987]  entry_SYSCALL_64_after_hwframe+0x72/0xdc
[   28.447196] RIP: 0033:0x7f449669759d
[   28.447347] Code: 00 c3 66 2e 0f 1f 84 00 00 00 00 00 90 f3 0f 1e fa 48 89 f8 48 89 f7 48 89 d6 48 89 ca 4d 89 c2 4d 89 c8 4c 8b 4c 24 08 0f 05 <48> 3d 01 f0 ff ff 73 01 c3 48 8b 0d d3 08 0d 00 f7 d8 64 89 01 48
[   28.448060] RSP: 002b:00007fff3904f368 EFLAGS: 00000213 ORIG_RAX: 0000000000000010
[   28.448360] RAX: ffffffffffffffda RBX: 0000000000000000 RCX: 00007f449669759d
[   28.448641] RDX: 0000000020000000 RSI: 0000000000003ba0 RDI: 0000000000000003
[   28.448931] RBP: 00007fff3904f380 R08: 00007fff3904f460 R09: 00007fff3904f460
[   28.449219] R10: 0000000000000000 R11: 0000000000000213 R12: 0000000000401060
[   28.449508] R13: 00007fff3904f460 R14: 0000000000000000 R15: 0000000000000000
[   28.449804]  </TASK>
[   28.449899] irq event stamp: 4361
[   28.450036] hardirqs last  enabled at (4369): [<ffffffff811d4a91>] __up_console_sem+0x91/0xb0
[   28.450380] hardirqs last disabled at (4376): [<ffffffff811d4a76>] __up_console_sem+0x76/0xb0
[   28.450724] softirqs last  enabled at (4052): [<ffffffff82fa4233>] __do_softirq+0x323/0x48a
[   28.451057] softirqs last disabled at (3911): [<ffffffff81123172>] irq_exit_rcu+0xd2/0x100
[   28.451384] ---[ end trace 0000000000000000 ]---
[   28.454133] ------------[ cut here ]------------
[   28.454329] WARNING: CPU: 1 PID: 549 at drivers/iommu/iommufd/selftest.c:403 iommufd_test+0xb19/0x16f0
[   28.454702] Modules linked in:
[   28.454832] CPU: 1 PID: 549 Comm: repro Tainted: G        W          6.2.0-rc8-ceaa837f96ad+ #1
[   28.455175] Hardware name: QEMU Standard PC (i440FX + PIIX, 1996), BIOS rel-1.16.0-0-gd239552ce722-prebuilt.qemu.org 04/01/2014
[   28.455617] RIP: 0010:iommufd_test+0xb19/0x16f0
[   28.455809] Code: 94 c4 31 ff 44 89 e6 e8 15 59 17 ff 45 84 e4 0f 85 bb 0b 00 00 41 be fb ff ff ff e8 a1 57 17 ff e9 a0 f7 ff ff e8 97 57 17 ff <0f> 0b 41 be f2 ff ff ff eb e7 e8 88 57 17 ff 48 8b 13 48 8b 43 08
[   28.456523] RSP: 0018:ffffc9000104fdc0 EFLAGS: 00010246
[   28.456735] RAX: 0000000000000000 RBX: 0000000000000000 RCX: ffffffff8214bfe7
[   28.457036] RDX: 0000000000000000 RSI: ffff888014834680 RDI: 0000000000000002
[   28.457323] RBP: ffffc9000104fe48 R08: 0000000000000000 R09: 0000000000000001
[   28.457615] R10: 0000000000000001 R11: 0000000000000000 R12: 00000000cd2b0000
[   28.457896] R13: 00000000cd2af000 R14: 0000000000000000 R15: ffffc9000104fe68
[   28.458178] FS:  00007f7d1c300740(0000) GS:ffff88807dd00000(0000) knlGS:0000000000000000
[   28.458496] CS:  0010 DS: 0000 ES: 0000 CR0: 0000000080050033
[   28.458727] CR2: 0000000020000043 CR3: 000000000a178005 CR4: 0000000000770ee0
[   28.459010] PKRU: 55555554
[   28.459123] Call Trace:
[   28.459227]  <TASK>
[   28.459320]  ? write_comp_data+0x2f/0x90
[   28.459491]  iommufd_fops_ioctl+0x1ef/0x310
[   28.459673]  __x64_sys_ioctl+0x10e/0x160
[   28.459842]  ? __pfx_iommufd_fops_ioctl+0x10/0x10
[   28.460039]  do_syscall_64+0x3b/0x90
[   28.460195]  entry_SYSCALL_64_after_hwframe+0x72/0xdc
[   28.460408] RIP: 0033:0x7f7d1c42559d
[   28.460558] Code: 00 c3 66 2e 0f 1f 84 00 00 00 00 00 90 f3 0f 1e fa 48 89 f8 48 89 f7 48 89 d6 48 89 ca 4d 89 c2 4d 89 c8 4c 8b 4c 24 08 0f 05 <48> 3d 01 f0 ff ff 73 01 c3 48 8b 0d d3 08 0d 00 f7 d8 64 89 01 48
[   28.461293] RSP: 002b:00007ffca158f2b8 EFLAGS: 00000213 ORIG_RAX: 0000000000000010
[   28.461602] RAX: ffffffffffffffda RBX: 0000000000000000 RCX: 00007f7d1c42559d
[   28.461889] RDX: 0000000020000000 RSI: 0000000000003ba0 RDI: 0000000000000003
[   28.462177] RBP: 00007ffca158f2d0 R08: 00007ffca158f3b0 R09: 00007ffca158f3b0
[   28.462459] R10: 0000000000000000 R11: 0000000000000213 R12: 0000000000401060
[   28.462740] R13: 00007ffca158f3b0 R14: 0000000000000000 R15: 0000000000000000
[   28.463030]  </TASK>
[   28.463125] irq event stamp: 4283
[   28.463262] hardirqs last  enabled at (4291): [<ffffffff811d4a91>] __up_console_sem+0x91/0xb0
[   28.463606] hardirqs last disabled at (4298): [<ffffffff811d4a76>] __up_console_sem+0x76/0xb0
[   28.463950] softirqs last  enabled at (4072): [<ffffffff82fa4233>] __do_softirq+0x323/0x48a
[   28.464280] softirqs last disabled at (4067): [<ffffffff81123172>] irq_exit_rcu+0xd2/0x100
[   28.464608] ---[ end trace 0000000000000000 ]---
[   28.467236] ------------[ cut here ]------------
[   28.467431] WARNING: CPU: 1 PID: 550 at drivers/iommu/iommufd/selftest.c:403 iommufd_test+0xb19/0x16f0
[   28.467804] Modules linked in:
[   28.467934] CPU: 1 PID: 550 Comm: repro Tainted: G        W          6.2.0-rc8-ceaa837f96ad+ #1
[   28.468277] Hardware name: QEMU Standard PC (i440FX + PIIX, 1996), BIOS rel-1.16.0-0-gd239552ce722-prebuilt.qemu.org 04/01/2014
[   28.468718] RIP: 0010:iommufd_test+0xb19/0x16f0
[   28.468932] Code: 94 c4 31 ff 44 89 e6 e8 15 59 17 ff 45 84 e4 0f 85 bb 0b 00 00 41 be fb ff ff ff e8 a1 57 17 ff e9 a0 f7 ff ff e8 97 57 17 ff <0f> 0b 41 be f2 ff ff ff eb e7 e8 88 57 17 ff 48 8b 13 48 8b 43 08
[   28.469689] RSP: 0018:ffffc90001057dc0 EFLAGS: 00010246
[   28.469907] RAX: 0000000000000000 RBX: 0000000000000000 RCX: ffffffff8214bfe7
[   28.470194] RDX: 0000000000000000 RSI: ffff888010c72340 RDI: 0000000000000002
[   28.470481] RBP: ffffc90001057e48 R08: 0000000000000000 R09: 0000000000000001
[   28.470767] R10: 0000000000000001 R11: 0000000000000000 R12: 00000000cd2b0000
[   28.471054] R13: 00000000cd2af000 R14: 0000000000000000 R15: ffffc90001057e68
[   28.471339] FS:  00007fdeaef91740(0000) GS:ffff88807dd00000(0000) knlGS:0000000000000000
[   28.471662] CS:  0010 DS: 0000 ES: 0000 CR0: 0000000080050033
[   28.471897] CR2: 0000000020000043 CR3: 000000000a178002 CR4: 0000000000770ee0
[   28.472184] PKRU: 55555554
[   28.472300] Call Trace:
[   28.472405]  <TASK>
[   28.472500]  ? write_comp_data+0x2f/0x90
[   28.472675]  iommufd_fops_ioctl+0x1ef/0x310
[   28.472860]  __x64_sys_ioctl+0x10e/0x160
[   28.473093]  ? __pfx_iommufd_fops_ioctl+0x10/0x10
[   28.473295]  do_syscall_64+0x3b/0x90
[   28.473456]  entry_SYSCALL_64_after_hwframe+0x72/0xdc
[   28.473674] RIP: 0033:0x7fdeaf0b659d
[   28.473827] Code: 00 c3 66 2e 0f 1f 84 00 00 00 00 00 90 f3 0f 1e fa 48 89 f8 48 89 f7 48 89 d6 48 89 ca 4d 89 c2 4d 89 c8 4c 8b 4c 24 08 0f 05 <48> 3d 01 f0 ff ff 73 01 c3 48 8b 0d d3 08 0d 00 f7 d8 64 89 01 48
[   28.474551] RSP: 002b:00007ffe104edf48 EFLAGS: 00000213 ORIG_RAX: 0000000000000010
[   28.474851] RAX: ffffffffffffffda RBX: 0000000000000000 RCX: 00007fdeaf0b659d
[   28.475134] RDX: 0000000020000000 RSI: 0000000000003ba0 RDI: 0000000000000003
[   28.475415] RBP: 00007ffe104edf60 R08: 00007ffe104ee040 R09: 00007ffe104ee040
[   28.475696] R10: 0000000000000000 R11: 0000000000000213 R12: 0000000000401060
[   28.475977] R13: 00007ffe104ee040 R14: 0000000000000000 R15: 0000000000000000
[   28.476267]  </TASK>
[   28.476362] irq event stamp: 4389
[   28.476498] hardirqs last  enabled at (4397): [<ffffffff811d4a91>] __up_console_sem+0x91/0xb0
[   28.476841] hardirqs last disabled at (4404): [<ffffffff811d4a76>] __up_console_sem+0x76/0xb0
[   28.477200] softirqs last  enabled at (4284): [<ffffffff82fa4233>] __do_softirq+0x323/0x48a
[   28.477540] softirqs last disabled at (4139): [<ffffffff81123172>] irq_exit_rcu+0xd2/0x100
[   28.477872] ---[ end trace 0000000000000000 ]---
[   28.480652] ------------[ cut here ]------------
[   28.480852] WARNING: CPU: 1 PID: 551 at drivers/iommu/iommufd/selftest.c:403 iommufd_test+0xb19/0x16f0
[   28.481293] Modules linked in:
[   28.481430] CPU: 1 PID: 551 Comm: repro Tainted: G        W          6.2.0-rc8-ceaa837f96ad+ #1
[   28.481776] Hardware name: QEMU Standard PC (i440FX + PIIX, 1996), BIOS rel-1.16.0-0-gd239552ce722-prebuilt.qemu.org 04/01/2014
[   28.482219] RIP: 0010:iommufd_test+0xb19/0x16f0
[   28.482412] Code: 94 c4 31 ff 44 89 e6 e8 15 59 17 ff 45 84 e4 0f 85 bb 0b 00 00 41 be fb ff ff ff e8 a1 57 17 ff e9 a0 f7 ff ff e8 97 57 17 ff <0f> 0b 41 be f2 ff ff ff eb e7 e8 88 57 17 ff 48 8b 13 48 8b 43 08
[   28.483127] RSP: 0018:ffffc9000105fdc0 EFLAGS: 00010246
[   28.483338] RAX: 0000000000000000 RBX: 0000000000000000 RCX: ffffffff8214bfe7
[   28.483620] RDX: 0000000000000000 RSI: ffff888014830000 RDI: 0000000000000002
[   28.483902] RBP: ffffc9000105fe48 R08: 0000000000000000 R09: 0000000000000001
[   28.484184] R10: 0000000000000001 R11: 0000000000000000 R12: 00000000cd2b0000
[   28.484466] R13: 00000000cd2af000 R14: 0000000000000000 R15: ffffc9000105fe68
[   28.484747] FS:  00007f0b473cc740(0000) GS:ffff88807dd00000(0000) knlGS:0000000000000000
[   28.485080] CS:  0010 DS: 0000 ES: 0000 CR0: 0000000080050033
[   28.485316] CR2: 0000000020000043 CR3: 000000000a178005 CR4: 0000000000770ee0
[   28.485607] PKRU: 55555554
[   28.485723] Call Trace:
[   28.485829]  <TASK>
[   28.485922]  ? write_comp_data+0x2f/0x90
[   28.486093]  iommufd_fops_ioctl+0x1ef/0x310
[   28.486276]  __x64_sys_ioctl+0x10e/0x160
[   28.486443]  ? __pfx_iommufd_fops_ioctl+0x10/0x10
[   28.486641]  do_syscall_64+0x3b/0x90
[   28.486796]  entry_SYSCALL_64_after_hwframe+0x72/0xdc
[   28.487010] RIP: 0033:0x7f0b474f159d
[   28.487160] Code: 00 c3 66 2e 0f 1f 84 00 00 00 00 00 90 f3 0f 1e fa 48 89 f8 48 89 f7 48 89 d6 48 89 ca 4d 89 c2 4d 89 c8 4c 8b 4c 24 08 0f 05 <48> 3d 01 f0 ff ff 73 01 c3 48 8b 0d d3 08 0d 00 f7 d8 64 89 01 48
[   28.487877] RSP: 002b:00007ffc2bfc7998 EFLAGS: 00000213 ORIG_RAX: 0000000000000010
[   28.488178] RAX: ffffffffffffffda RBX: 0000000000000000 RCX: 00007f0b474f159d
[   28.488460] RDX: 0000000020000000 RSI: 0000000000003ba0 RDI: 0000000000000003
[   28.488745] RBP: 00007ffc2bfc79b0 R08: 00007ffc2bfc7a90 R09: 00007ffc2bfc7a90
[   28.489035] R10: 0000000000000000 R11: 0000000000000213 R12: 0000000000401060
[   28.489317] R13: 00007ffc2bfc7a90 R14: 0000000000000000 R15: 0000000000000000
[   28.489614]  </TASK>
[   28.489711] irq event stamp: 4327
[   28.489851] hardirqs last  enabled at (4335): [<ffffffff811d4a91>] __up_console_sem+0x91/0xb0
[   28.490198] hardirqs last disabled at (4342): [<ffffffff811d4a76>] __up_console_sem+0x76/0xb0
[   28.490542] softirqs last  enabled at (4046): [<ffffffff82fa4233>] __do_softirq+0x323/0x48a
[   28.490874] softirqs last disabled at (3903): [<ffffffff81123172>] irq_exit_rcu+0xd2/0x100
[   28.491202] ---[ end trace 0000000000000000 ]---
[   28.493914] ------------[ cut here ]------------
