c[?7l[2J[0mSeaBIOS (version rel-1.16.0-0-gd239552ce722-prebuilt.qemu.org)


iPXE (http://ipxe.org) 00:03.0 CA00 PCI2.10 PnP PMM+7FF91000+7FEF1000 CA00
Press Ctrl-B to configure iPXE (PCI 00:03.0)...                                                                               


Booting from ROM..c[?7l[2J[    0.000000] Linux version 6.1.0-rc3-d624d6652a65+ (root@p-adls01) (gcc (GCC) 8.5.0 20210514 (Red Hat 8.5.0-18), GNU ld version 2.36.1-2.el8) #1 SMP PREEMPT_DYNAMIC Fri Feb 24 10:32:33 CST 2023
[    0.000000] Command line: console=ttyS0 root=/dev/sda earlyprintk=serial net.ifnames=0
[    0.000000] KERNEL supported cpus:
[    0.000000]   Intel GenuineIntel
[    0.000000]   AMD AuthenticAMD
[    0.000000]   Hygon HygonGenuine
[    0.000000]   Centaur CentaurHauls
[    0.000000]   zhaoxin   Shanghai  
[    0.000000] x86/fpu: Supporting XSAVE feature 0x001: 'x87 floating point registers'
[    0.000000] x86/fpu: Supporting XSAVE feature 0x002: 'SSE registers'
[    0.000000] x86/fpu: Supporting XSAVE feature 0x004: 'AVX registers'
[    0.000000] x86/fpu: Supporting XSAVE feature 0x200: 'Protection Keys User registers'
[    0.000000] x86/fpu: xstate_offset[2]:  576, xstate_sizes[2]:  256
[    0.000000] x86/fpu: xstate_offset[9]:  832, xstate_sizes[9]:    8
[    0.000000] x86/fpu: Enabled xstate features 0x207, context size is 840 bytes, using 'compacted' format.
[    0.000000] signal: max sigframe size: 3632
[    0.000000] BIOS-provided physical RAM map:
[    0.000000] BIOS-e820: [mem 0x0000000000000000-0x000000000009fbff] usable
[    0.000000] BIOS-e820: [mem 0x000000000009fc00-0x000000000009ffff] reserved
[    0.000000] BIOS-e820: [mem 0x00000000000f0000-0x00000000000fffff] reserved
[    0.000000] BIOS-e820: [mem 0x0000000000100000-0x000000007ffdffff] usable
[    0.000000] BIOS-e820: [mem 0x000000007ffe0000-0x000000007fffffff] reserved
[    0.000000] BIOS-e820: [mem 0x00000000feffc000-0x00000000feffffff] reserved
[    0.000000] BIOS-e820: [mem 0x00000000fffc0000-0x00000000ffffffff] reserved
[    0.000000] printk: bootconsole [earlyser0] enabled
[    0.000000] NX (Execute Disable) protection: active
[    0.000000] SMBIOS 2.8 present.
[    0.000000] DMI: QEMU Standard PC (i440FX + PIIX, 1996), BIOS rel-1.16.0-0-gd239552ce722-prebuilt.qemu.org 04/01/2014
[    0.000000] Hypervisor detected: KVM
[    0.000000] kvm-clock: Using msrs 4b564d01 and 4b564d00
[    0.000003] kvm-clock: using sched offset of 323124446 cycles
[    0.000300] clocksource: kvm-clock: mask: 0xffffffffffffffff max_cycles: 0x1cd42e4dffb, max_idle_ns: 881590591483 ns
[    0.001219] tsc: Detected 3609.600 MHz processor
[    0.007429] last_pfn = 0x7ffe0 max_arch_pfn = 0x400000000
[    0.007805] x86/PAT: Configuration [0-7]: WB  WC  UC- UC  WB  WP  UC- WT  
[    0.016132] found SMP MP-table at [mem 0x000f5ba0-0x000f5baf]
[    0.016566] Using GB pages for direct mapping
[    0.017894] ACPI: Early table checksum verification disabled
[    0.018246] ACPI: RSDP 0x00000000000F59C0 000014 (v00 BOCHS )
[    0.018591] ACPI: RSDT 0x000000007FFE1951 000034 (v01 BOCHS  BXPC     00000001 BXPC 00000001)
[    0.019099] ACPI: FACP 0x000000007FFE17FD 000074 (v01 BOCHS  BXPC     00000001 BXPC 00000001)
[    0.019607] ACPI: DSDT 0x000000007FFE0040 0017BD (v01 BOCHS  BXPC     00000001 BXPC 00000001)
[    0.020128] ACPI: FACS 0x000000007FFE0000 000040
[    0.020400] ACPI: APIC 0x000000007FFE1871 000080 (v01 BOCHS  BXPC     00000001 BXPC 00000001)
[    0.020893] ACPI: HPET 0x000000007FFE18F1 000038 (v01 BOCHS  BXPC     00000001 BXPC 00000001)
[    0.021385] ACPI: WAET 0x000000007FFE1929 000028 (v01 BOCHS  BXPC     00000001 BXPC 00000001)
[    0.021876] ACPI: Reserving FACP table memory at [mem 0x7ffe17fd-0x7ffe1870]
[    0.022274] ACPI: Reserving DSDT table memory at [mem 0x7ffe0040-0x7ffe17fc]
[    0.022671] ACPI: Reserving FACS table memory at [mem 0x7ffe0000-0x7ffe003f]
[    0.023067] ACPI: Reserving APIC table memory at [mem 0x7ffe1871-0x7ffe18f0]
[    0.023463] ACPI: Reserving HPET table memory at [mem 0x7ffe18f1-0x7ffe1928]
[    0.023859] ACPI: Reserving WAET table memory at [mem 0x7ffe1929-0x7ffe1950]
[    0.024784] No NUMA configuration found
[    0.025005] Faking a node at [mem 0x0000000000000000-0x000000007ffdffff]
[    0.025430] NODE_DATA(0) allocated [mem 0x7ffb5000-0x7ffdffff]
[    0.028424] Zone ranges:
[    0.028602]   DMA      [mem 0x0000000000001000-0x0000000000ffffff]
[    0.028959]   DMA32    [mem 0x0000000001000000-0x000000007ffdffff]
[    0.029309]   Normal   empty
[    0.029475]   Device   empty
[    0.029640] Movable zone start for each node
[    0.029880] Early memory node ranges
[    0.030081]   node   0: [mem 0x0000000000001000-0x000000000009efff]
[    0.030435]   node   0: [mem 0x0000000000100000-0x000000007ffdffff]
[    0.030791] Initmem setup node 0 [mem 0x0000000000001000-0x000000007ffdffff]
[    0.031645] On node 0, zone DMA: 1 pages in unavailable ranges
[    0.031744] On node 0, zone DMA: 97 pages in unavailable ranges
[    0.055756] On node 0, zone DMA32: 32 pages in unavailable ranges
[    0.056313] ACPI: PM-Timer IO Port: 0x608
[    0.056909] ACPI: LAPIC_NMI (acpi_id[0xff] dfl dfl lint[0x1])
[    0.057290] IOAPIC[0]: apic_id 0, version 17, address 0xfec00000, GSI 0-23
[    0.057696] ACPI: INT_SRC_OVR (bus 0 bus_irq 0 global_irq 2 dfl dfl)
[    0.058058] ACPI: INT_SRC_OVR (bus 0 bus_irq 5 global_irq 5 high level)
[    0.058432] ACPI: INT_SRC_OVR (bus 0 bus_irq 9 global_irq 9 high level)
[    0.058810] ACPI: INT_SRC_OVR (bus 0 bus_irq 10 global_irq 10 high level)
[    0.059195] ACPI: INT_SRC_OVR (bus 0 bus_irq 11 global_irq 11 high level)
[    0.059593] ACPI: Using ACPI (MADT) for SMP configuration information
[    0.059957] ACPI: HPET id: 0x8086a201 base: 0xfed00000
[    0.060261] TSC deadline timer available
[    0.060485] smpboot: Allowing 2 CPUs, 0 hotplug CPUs
[    0.060826] kvm-guest: KVM setup pv remote TLB flush
[    0.061108] kvm-guest: setup PV sched yield
[    0.061401] PM: hibernation: Registered nosave memory: [mem 0x00000000-0x00000fff]
[    0.061831] PM: hibernation: Registered nosave memory: [mem 0x0009f000-0x0009ffff]
[    0.062255] PM: hibernation: Registered nosave memory: [mem 0x000a0000-0x000effff]
[    0.062680] PM: hibernation: Registered nosave memory: [mem 0x000f0000-0x000fffff]
[    0.063109] [mem 0x80000000-0xfeffbfff] available for PCI devices
[    0.063453] Booting paravirtualized kernel on KVM
[    0.063734] clocksource: refined-jiffies: mask: 0xffffffff max_cycles: 0xffffffff, max_idle_ns: 7645519600211568 ns
[    0.064339] setup_percpu: NR_CPUS:8192 nr_cpumask_bits:2 nr_cpu_ids:2 nr_node_ids:1
[    0.065891] percpu: Embedded 64 pages/cpu s225280 r8192 d28672 u1048576
[    0.066463] kvm-guest: PV spinlocks enabled
[    0.066712] PV qspinlock hash table entries: 256 (order: 0, 4096 bytes, linear)
[    0.067152] Fallback order for Node 0: 0 
[    0.067398] Built 1 zonelists, mobility grouping on.  Total pages: 515808
[    0.067786] Policy zone: DMA32
[    0.067967] Kernel command line: net.ifnames=0 console=ttyS0 root=/dev/sda earlyprintk=serial net.ifnames=0
[    0.070822] Dentry cache hash table entries: 262144 (order: 9, 2097152 bytes, linear)
[    0.071375] Inode-cache hash table entries: 131072 (order: 8, 1048576 bytes, linear)
[    0.071918] mem auto-init: stack:off, heap alloc:off, heap free:off
[    0.074728] Memory: 1985384K/2096632K available (32784K kernel code, 4691K rwdata, 7820K rodata, 3672K init, 22124K bss, 110992K reserved, 0K cma-reserved)
[    0.076397] SLUB: HWalign=64, Order=0-3, MinObjects=0, CPUs=2, Nodes=1
[    0.076757] kmemleak: Kernel memory leak detector disabled
[    0.077086] ftrace: allocating 67395 entries in 264 pages
[    0.096344] ftrace: allocated 264 pages with 2 groups
[    0.099000] Dynamic Preempt: voluntary
[    0.099395] Running RCU self tests
[    0.099588] rcu: Preemptible hierarchical RCU implementation.
[    0.099898] rcu: 	RCU lockdep checking is enabled.
[    0.100159] rcu: 	RCU restricting CPUs from NR_CPUS=8192 to nr_cpu_ids=2.
[    0.100535] 	Trampoline variant of Tasks RCU enabled.
[    0.100808] 	Rude variant of Tasks RCU enabled.
[    0.101052] 	Tracing variant of Tasks RCU enabled.
[    0.101311] rcu: RCU calculated value of scheduler-enlistment delay is 25 jiffies.
[    0.101719] rcu: Adjusting geometry for rcu_fanout_leaf=16, nr_cpu_ids=2
[    0.123768] NR_IRQS: 524544, nr_irqs: 440, preallocated irqs: 16
[    0.124400] rcu: srcu_init: Setting srcu_struct sizes based on contention.
[    0.129951] Console: colour VGA+ 80x25
[    0.130204] printk: console [ttyS0] enabled
[    0.130204] printk: console [ttyS0] enabled
[    0.130672] printk: bootconsole [earlyser0] disabled
[    0.130672] printk: bootconsole [earlyser0] disabled
[    0.131221] Lock dependency validator: Copyright (c) 2006 Red Hat, Inc., Ingo Molnar
[    0.131650] ... MAX_LOCKDEP_SUBCLASSES:  8
[    0.131883] ... MAX_LOCK_DEPTH:          48
[    0.132123] ... MAX_LOCKDEP_KEYS:        8192
[    0.132370] ... CLASSHASH_SIZE:          4096
[    0.132617] ... MAX_LOCKDEP_ENTRIES:     32768
[    0.132868] ... MAX_LOCKDEP_CHAINS:      65536
[    0.133120] ... CHAINHASH_SIZE:          32768
[    0.133372]  memory used by lock dependency info: 6365 kB
[    0.133676]  memory used for stack traces: 4224 kB
[    0.133946]  per task-struct memory footprint: 1920 bytes
[    0.134285] ACPI: Core revision 20220331
[    0.134688] clocksource: hpet: mask: 0xffffffff max_cycles: 0xffffffff, max_idle_ns: 19112604467 ns
[    0.135300] APIC: Switch to symmetric I/O mode setup
[    0.135699] x2apic enabled
[    0.135986] Switched APIC routing to physical x2apic.
[    0.136275] kvm-guest: setup PV IPIs
[    0.137136] ..TIMER: vector=0x30 apic1=0 pin1=2 apic2=-1 pin2=-1
[    0.137489] clocksource: tsc-early: mask: 0xffffffffffffffff max_cycles: 0x3407c077a8d, max_idle_ns: 440795342283 ns
[    0.138085] Calibrating delay loop (skipped) preset value.. 7219.20 BogoMIPS (lpj=14438400)
[    0.138553] pid_max: default: 32768 minimum: 301
[    0.138941] LSM: Security Framework initializing
[    0.139205] Yama: becoming mindful.
[    0.142264] Mount-cache hash table entries: 4096 (order: 3, 32768 bytes, linear)
[    0.142694] Mountpoint-cache hash table entries: 4096 (order: 3, 32768 bytes, linear)
[    0.144199] x86/cpu: User Mode Instruction Prevention (UMIP) activated
[    0.145693] Last level iTLB entries: 4KB 0, 2MB 0, 4MB 0
[    0.146097] Last level dTLB entries: 4KB 0, 2MB 0, 4MB 0, 1GB 0
[    0.146472] Spectre V1 : Mitigation: usercopy/swapgs barriers and __user pointer sanitization
[    0.146954] Spectre V2 : WARNING: Unprivileged eBPF is enabled with eIBRS on, data leaks possible via Spectre v2 BHB attacks!
[    0.147577] Spectre V2 : Mitigation: Enhanced IBRS
[    0.147837] Spectre V2 : Spectre v2 / SpectreRSB mitigation: Filling RSB on context switch
[    0.148277] Spectre V2 : Spectre v2 / PBRSB-eIBRS: Retire a single CALL on VMEXIT
[    0.148680] Spectre V2 : mitigation: Enabling conditional Indirect Branch Prediction Barrier
[    0.149130] Speculative Store Bypass: Mitigation: Speculative Store Bypass disabled via prctl
[    0.236090] Freeing SMP alternatives memory: 56K
[    0.236674] smpboot: CPU0: 12th Gen Intel(R) Core(TM) i7-12700K (family: 0x6, model: 0x97, stepping: 0x2)
[    0.237557] cblist_init_generic: Setting adjustable number of callback queues.
[    0.237957] cblist_init_generic: Setting shift to 1 and lim to 1.
[    0.238074] cblist_init_generic: Setting shift to 1 and lim to 1.
[    0.238074] cblist_init_generic: Setting shift to 1 and lim to 1.
[    0.238074] Running RCU-tasks wait API self tests
[    0.338166] Performance Events: Alderlake Hybrid events, full-width counters, Intel PMU driver.
[    0.339043] core: cpu_core PMU driver: 
[    0.339254] ... version:                2
[    0.339465] ... bit width:              48
[    0.339683] ... generic registers:      6
[    0.339894] ... value mask:             0000ffffffffffff
[    0.340170] ... max period:             00007fffffffffff
[    0.340446] ... fixed-purpose events:   3
[    0.340656] ... event mask:             0001000f0000003f
[    0.341060] rcu: Hierarchical SRCU implementation.
[    0.341311] rcu: 	Max phase no-delay instances is 1000.
[    0.343538] unchecked MSR access error: WRMSR to 0x38f (tried to write 0x0001000f0000003f) at rIP: 0xffffffff810ce49c (native_write_msr+0xc/0x30)
[    0.344225] Call Trace:
[    0.344357]  <TASK>
[    0.344472]  __intel_pmu_enable_all.constprop.46+0xb5/0x140
[    0.344769]  intel_pmu_enable_all+0x1e/0x30
[    0.344994]  x86_pmu_enable+0x46d/0x5a0
[    0.345207]  ? write_comp_data+0x2f/0x90
[    0.345421]  perf_pmu_enable+0x53/0x70
[    0.345627]  ctx_resched+0xab/0xf0
[    0.345817]  __perf_install_in_context+0x31b/0x480
[    0.346074]  ? perf_duration_warn+0x50/0x50
[    0.346074]  ? perf_duration_warn+0x50/0x50
[    0.346074]  remote_function+0x80/0xa0
[    0.346074]  ? perf_duration_warn+0x50/0x50
[    0.346074]  generic_exec_single+0x124/0x190
[    0.346074]  smp_call_function_single+0x11c/0x240
[    0.346074]  ? perf_duration_warn+0x50/0x50
[    0.346074]  ? __sanitizer_cov_trace_pc+0x25/0x60
[    0.346074]  ? write_comp_data+0x2f/0x90
[    0.346074]  perf_install_in_context+0x2e8/0x310
[    0.346074]  ? ctx_resched+0xf0/0xf0
[    0.346074]  perf_event_create_kernel_counter+0x16a/0x200
[    0.346074]  ? find_next_bit+0x30/0x30
[    0.346074]  hardlockup_detector_event_create+0x46/0xd0
[    0.346074]  hardlockup_detector_perf_init+0x18/0x66
[    0.346074]  watchdog_nmi_probe+0x17/0x1d
[    0.346074]  lockup_detector_init+0x40/0xaf
[    0.346074]  kernel_init_freeable+0x264/0x42e
[    0.346074]  ? rest_init+0x240/0x240
[    0.346074]  kernel_init+0x24/0x1e0
[    0.346074]  ? rest_init+0x240/0x240
[    0.346074]  ret_from_fork+0x1f/0x30
[    0.346074]  </TASK>
[    0.346089] Callback from call_rcu_tasks_trace() invoked.
[    0.346517] smp: Bringing up secondary CPUs ...
[    0.347567] x86: Booting SMP configuration:
[    0.347801] .... node  #0, CPUs:      #1
[    0.348103] smp: Brought up 1 node, 2 CPUs
[    0.348103] smpboot: Max logical packages: 1
[    0.348103] smpboot: Total of 2 processors activated (14438.40 BogoMIPS)
[    0.350833] devtmpfs: initialized
[    0.350833] x86/mm: Memory block size: 128MB
[    0.352257] clocksource: jiffies: mask: 0xffffffff max_cycles: 0xffffffff, max_idle_ns: 7645041785100000 ns
[    0.354090] futex hash table entries: 512 (order: 4, 65536 bytes, linear)
[    0.354638] pinctrl core: initialized pinctrl subsystem
[    0.355323] 
[    0.355410] *************************************************************
[    0.355760] **     NOTICE NOTICE NOTICE NOTICE NOTICE NOTICE NOTICE    **
[    0.356111] **                                                         **
[    0.356460] **  IOMMU DebugFS SUPPORT HAS BEEN ENABLED IN THIS KERNEL  **
[    0.356809] **                                                         **
[    0.357158] ** This means that this kernel is built to expose internal **
[    0.357518] ** IOMMU data structures, which may compromise security on **
[    0.357867] ** your system.                                            **
[    0.358085] **                                                         **
[    0.358435] ** If you see this message and you are not debugging the   **
[    0.358784] ** kernel, report this immediately to your vendor!         **
[    0.359133] **                                                         **
[    0.359481] **     NOTICE NOTICE NOTICE NOTICE NOTICE NOTICE NOTICE    **
[    0.359830] *************************************************************
[    0.360210] PM: RTC time: 02:33:03, date: 2023-02-24
[    0.363198] NET: Registered PF_NETLINK/PF_ROUTE protocol family
[    0.363991] DMA: preallocated 256 KiB GFP_KERNEL pool for atomic allocations
[    0.364371] DMA: preallocated 256 KiB GFP_KERNEL|GFP_DMA pool for atomic allocations
[    0.364781] DMA: preallocated 256 KiB GFP_KERNEL|GFP_DMA32 pool for atomic allocations
[    0.365237] audit: initializing netlink subsys (disabled)
[    0.365584] audit: type=2000 audit(1677205983.722:1): state=initialized audit_enabled=0 res=1
[    0.366150] thermal_sys: Registered thermal governor 'fair_share'
[    0.366186] thermal_sys: Registered thermal governor 'bang_bang'
[    0.366506] thermal_sys: Registered thermal governor 'step_wise'
[    0.366818] thermal_sys: Registered thermal governor 'user_space'
[    0.367157] cpuidle: using governor ladder
[    0.367697] cpuidle: using governor menu
[    0.368096] acpiphp: ACPI Hot Plug PCI Controller Driver version: 0.5
[    0.368685] PCI: Using configuration type 1 for base access
[    0.380462] kprobes: kprobe jump-optimization is enabled. All kprobes are optimized if possible.
[    0.542355] HugeTLB: registered 1.00 GiB page size, pre-allocated 0 pages
[    0.542714] HugeTLB: 16380 KiB vmemmap can be freed for a 1.00 GiB page
[    0.543059] HugeTLB: registered 2.00 MiB page size, pre-allocated 0 pages
[    0.543410] HugeTLB: 28 KiB vmemmap can be freed for a 2.00 MiB page
[    0.545010] ACPI: Added _OSI(Module Device)
[    0.545240] ACPI: Added _OSI(Processor Device)
[    0.545474] ACPI: Added _OSI(3.0 _SCP Extensions)
[    0.545721] ACPI: Added _OSI(Processor Aggregator Device)
[    0.551362] ACPI: 1 ACPI AML tables successfully acquired and loaded
[    0.554113] ACPI: Interpreter enabled
[    0.554379] ACPI: PM: (supports S0 S3 S4 S5)
[    0.554603] ACPI: Using IOAPIC for interrupt routing
[    0.554890] PCI: Using host bridge windows from ACPI; if necessary, use "pci=nocrs" and report a bug
[    0.555359] PCI: Using E820 reservations for host bridge windows
[    0.556171] ACPI: Enabled 2 GPEs in block 00 to 0F
[    0.568757] ACPI: PCI Root Bridge [PCI0] (domain 0000 [bus 00-ff])
[    0.569110] acpi PNP0A03:00: _OSC: OS supports [ASPM ClockPM Segments MSI EDR HPX-Type3]
[    0.569533] acpi PNP0A03:00: _OSC: not requesting OS control; OS requires [ExtendedConfig ASPM ClockPM MSI]
[    0.570078] acpi PNP0A03:00: fail to add MMCONFIG information, can't access extended PCI configuration space under this bridge.
[    0.572451] acpiphp: Slot [3] registered
[    0.572709] acpiphp: Slot [4] registered
[    0.572971] acpiphp: Slot [5] registered
[    0.573227] acpiphp: Slot [6] registered
[    0.573482] acpiphp: Slot [7] registered
[    0.573744] acpiphp: Slot [8] registered
[    0.574000] acpiphp: Slot [9] registered
[    0.574126] acpiphp: Slot [10] registered
[    0.574386] acpiphp: Slot [11] registered
[    0.574646] acpiphp: Slot [12] registered
[    0.574914] acpiphp: Slot [13] registered
[    0.575174] acpiphp: Slot [14] registered
[    0.575441] acpiphp: Slot [15] registered
[    0.575700] acpiphp: Slot [16] registered
[    0.575965] acpiphp: Slot [17] registered
[    0.576231] acpiphp: Slot [18] registered
[    0.576491] acpiphp: Slot [19] registered
[    0.576750] acpiphp: Slot [20] registered
[    0.577014] acpiphp: Slot [21] registered
[    0.577279] acpiphp: Slot [22] registered
[    0.577539] acpiphp: Slot [23] registered
[    0.577799] acpiphp: Slot [24] registered
[    0.578059] acpiphp: Slot [25] registered
[    0.578126] acpiphp: Slot [26] registered
[    0.578391] acpiphp: Slot [27] registered
[    0.578651] acpiphp: Slot [28] registered
[    0.578911] acpiphp: Slot [29] registered
[    0.579171] acpiphp: Slot [30] registered
[    0.579431] acpiphp: Slot [31] registered
[    0.579656] PCI host bridge to bus 0000:00
[    0.579874] pci_bus 0000:00: root bus resource [io  0x0000-0x0cf7 window]
[    0.580229] pci_bus 0000:00: root bus resource [io  0x0d00-0xffff window]
[    0.580588] pci_bus 0000:00: root bus resource [mem 0x000a0000-0x000bffff window]
[    0.580979] pci_bus 0000:00: root bus resource [mem 0x80000000-0xfebfffff window]
[    0.581370] pci_bus 0000:00: root bus resource [mem 0x100000000-0x17fffffff window]
[    0.581770] pci_bus 0000:00: root bus resource [bus 00-ff]
[    0.582131] pci 0000:00:00.0: [8086:1237] type 00 class 0x060000
[    0.584654] pci 0000:00:01.0: [8086:7000] type 00 class 0x060100
[    0.585474] pci 0000:00:01.1: [8086:7010] type 00 class 0x010180
[    0.586683] pci 0000:00:01.1: reg 0x20: [io  0xc040-0xc04f]
[    0.587385] pci 0000:00:01.1: legacy IDE quirk: reg 0x10: [io  0x01f0-0x01f7]
[    0.587762] pci 0000:00:01.1: legacy IDE quirk: reg 0x14: [io  0x03f6]
[    0.588103] pci 0000:00:01.1: legacy IDE quirk: reg 0x18: [io  0x0170-0x0177]
[    0.588476] pci 0000:00:01.1: legacy IDE quirk: reg 0x1c: [io  0x0376]
[    0.589108] pci 0000:00:01.3: [8086:7113] type 00 class 0x068000
[    0.589645] pci 0000:00:01.3: quirk: [io  0x0600-0x063f] claimed by PIIX4 ACPI
[    0.590032] pci 0000:00:01.3: quirk: [io  0x0700-0x070f] claimed by PIIX4 SMB
[    0.590286] pci 0000:00:02.0: [1234:1111] type 00 class 0x030000
[    0.592524] pci 0000:00:02.0: reg 0x10: [mem 0xfd000000-0xfdffffff pref]
[    0.594055] pci 0000:00:02.0: reg 0x18: [mem 0xfebf0000-0xfebf0fff]
[    0.596539] pci 0000:00:02.0: reg 0x30: [mem 0xfebe0000-0xfebeffff pref]
[    0.597059] pci 0000:00:02.0: Video device with shadowed ROM at [mem 0x000c0000-0x000dffff]
[    0.599793] pci 0000:00:03.0: [8086:100e] type 00 class 0x020000
[    0.600635] pci 0000:00:03.0: reg 0x10: [mem 0xfebc0000-0xfebdffff]
[    0.601418] pci 0000:00:03.0: reg 0x14: [io  0xc000-0xc03f]
[    0.603690] pci 0000:00:03.0: reg 0x30: [mem 0xfeb80000-0xfebbffff pref]
[    0.611430] ACPI: PCI: Interrupt link LNKA configured for IRQ 10
[    0.612063] ACPI: PCI: Interrupt link LNKB configured for IRQ 10
[    0.612662] ACPI: PCI: Interrupt link LNKC configured for IRQ 11
[    0.613347] ACPI: PCI: Interrupt link LNKD configured for IRQ 11
[    0.613805] ACPI: PCI: Interrupt link LNKS configured for IRQ 9
[    0.615064] iommu: Default domain type: Translated 
[    0.615341] iommu: DMA domain TLB invalidation policy: lazy mode 
[    0.616543] SCSI subsystem initialized
[    0.616978] ACPI: bus type USB registered
[    0.617257] usbcore: registered new interface driver usbfs
[    0.617590] usbcore: registered new interface driver hub
[    0.617902] usbcore: registered new device driver usb
[    0.618167] pps_core: LinuxPPS API ver. 1 registered
[    0.618438] pps_core: Software ver. 5.3.6 - Copyright 2005-2007 Rodolfo Giometti <giometti@linux.it>
[    0.618936] PTP clock support registered
[    0.619282] EDAC MC: Ver: 3.0.0
[    0.620848] NetLabel: Initializing
[    0.621049] NetLabel:  domain hash size = 128
[    0.621289] NetLabel:  protocols = UNLABELED CIPSOv4 CALIPSO
[    0.621634] NetLabel:  unlabeled traffic allowed by default
[    0.622222] PCI: Using ACPI for IRQ routing
[    0.622619] pci 0000:00:02.0: vgaarb: setting as boot VGA device
[    0.622954] pci 0000:00:02.0: vgaarb: bridge control possible
[    0.623281] pci 0000:00:02.0: vgaarb: VGA device added: decodes=io+mem,owns=io+mem,locks=none
[    0.623745] vgaarb: loaded
[    0.624280] hpet0: at MMIO 0xfed00000, IRQs 2, 8, 0
[    0.624559] hpet0: 3 comparators, 64-bit 100.000000 MHz counter
[    2.509776] clocksource: Switched to clocksource kvm-clock
[    2.510074] VFS: Disk quotas dquot_6.6.0
[    2.510074] VFS: Dquot-cache hash table entries: 512 (order 0, 4096 bytes)
[    2.510074] pnp: PnP ACPI init
[    2.510074] pnp: PnP ACPI: found 6 devices
[    2.519435] clocksource: acpi_pm: mask: 0xffffff max_cycles: 0xffffff, max_idle_ns: 2085701024 ns
[    2.520222] NET: Registered PF_INET protocol family
[    2.520653] IP idents hash table entries: 32768 (order: 6, 262144 bytes, linear)
[    2.521890] tcp_listen_portaddr_hash hash table entries: 1024 (order: 4, 73728 bytes, linear)
[    2.522405] Table-perturb hash table entries: 65536 (order: 6, 262144 bytes, linear)
[    2.522853] TCP established hash table entries: 16384 (order: 5, 131072 bytes, linear)
[    2.523463] TCP bind hash table entries: 16384 (order: 9, 2359296 bytes, linear)
[    2.525502] TCP: Hash tables configured (established 16384 bind 16384)
[    2.525989] UDP hash table entries: 1024 (order: 5, 163840 bytes, linear)
[    2.526450] UDP-Lite hash table entries: 1024 (order: 5, 163840 bytes, linear)
[    2.527023] NET: Registered PF_UNIX/PF_LOCAL protocol family
[    2.527626] RPC: Registered named UNIX socket transport module.
[    2.527960] RPC: Registered udp transport module.
[    2.528216] RPC: Registered tcp transport module.
[    2.528473] RPC: Registered tcp NFSv4.1 backchannel transport module.
[    2.528833] pci_bus 0000:00: resource 4 [io  0x0000-0x0cf7 window]
[    2.529173] pci_bus 0000:00: resource 5 [io  0x0d00-0xffff window]
[    2.529511] pci_bus 0000:00: resource 6 [mem 0x000a0000-0x000bffff window]
[    2.529886] pci_bus 0000:00: resource 7 [mem 0x80000000-0xfebfffff window]
[    2.530270] pci_bus 0000:00: resource 8 [mem 0x100000000-0x17fffffff window]
[    2.530830] pci 0000:00:01.0: PIIX3: Enabling Passive Release
[    2.531150] pci 0000:00:00.0: Limiting direct PCI/PCI transfers
[    2.531547] PCI: CLS 0 bytes, default 64
[    2.531806] ACPI: bus type thunderbolt registered
[    2.532299] clocksource: tsc: mask: 0xffffffffffffffff max_cycles: 0x3407c077a8d, max_idle_ns: 440795342283 ns
[    2.545301] Callback from call_rcu_tasks_rude() invoked.
[    2.614301] Callback from call_rcu_tasks() invoked.
[    2.636455] Initialise system trusted keyrings
[    2.636782] Key type blacklist registered
[    2.637254] workingset: timestamp_bits=36 max_order=19 bucket_order=0
[    2.645514] zbud: loaded
[    2.647342] squashfs: version 4.0 (2009/01/31) Phillip Lougher
[    2.649290] NFS: Registering the id_resolver key type
[    2.649593] Key type id_resolver registered
[    2.649832] Key type id_legacy registered
[    2.650176] nfs4filelayout_init: NFSv4 File Layout Driver Registering...
[    2.650578] nfs4flexfilelayout_init: NFSv4 Flexfile Layout Driver Registering...
[    2.651089] fuse: init (API version 7.37)
[    2.651540] SGI XFS with ACLs, security attributes, realtime, quota, no debug enabled
[    2.653525] 9p: Installing v9fs 9p2000 file system support
[    2.659240] Key type asymmetric registered
[    2.659527] Asymmetric key parser 'x509' registered
[    2.661203] alg: self-tests for CTR-KDF (hmac(sha256)) passed
[    2.661593] Block layer SCSI generic (bsg) driver version 0.4 loaded (major 243)
[    2.662154] io scheduler mq-deadline registered
[    2.662513] io scheduler bfq registered
[    2.663678] shpchp: Standard Hot Plug PCI Controller Driver version: 0.4
[    2.664908] IPMI message handler: version 39.2
[    2.665452] ipmi device interface
[    2.667169] input: Power Button as /devices/LNXSYSTM:00/LNXPWRBN:00/input/input0
[    2.667766] ACPI: button: Power Button [PWRF]
[    2.668781] ERST DBG: ERST support is disabled.
[    2.669535] Serial: 8250/16550 driver, 32 ports, IRQ sharing enabled
[    2.670344] 00:04: ttyS0 at I/O 0x3f8 (irq = 4, base_baud = 115200) is a 16550A
[    2.677641] Linux agpgart interface v0.103
[    2.678392] ACPI: bus type drm_connector registered
[    2.688586] brd: module loaded
[    2.694745] loop: module loaded
[    2.698053] scsi host0: ata_piix
[    2.698736] scsi host1: ata_piix
[    2.699051] ata1: PATA max MWDMA2 cmd 0x1f0 ctl 0x3f6 bmdma 0xc040 irq 14
[    2.699437] ata2: PATA max MWDMA2 cmd 0x170 ctl 0x376 bmdma 0xc048 irq 15
[    2.700599] tun: Universal TUN/TAP device driver, 1.6
[    2.701058] e100: Intel(R) PRO/100 Network Driver
[    2.701328] e100: Copyright(c) 1999-2006 Intel Corporation
[    2.701671] e1000: Intel(R) PRO/1000 Network Driver
[    2.701949] e1000: Copyright (c) 1999-2006 Intel Corporation.
[    2.844395] ACPI: \_SB_.LNKC: Enabled at IRQ 11
[    2.858344] ata2: found unknown device (class 0)
[    2.859181] ata1: found unknown device (class 0)
[    2.860327] ata2.00: ATAPI: QEMU DVD-ROM, 2.5+, max UDMA/100
[    2.861134] ata1.00: ATA-7: QEMU HARDDISK, 2.5+, max UDMA/100
[    2.861761] ata1.00: 16777216 sectors, multi 16: LBA48 
[    2.863508] scsi 0:0:0:0: Direct-Access     ATA      QEMU HARDDISK    2.5+ PQ: 0 ANSI: 5
[    2.865054] sd 0:0:0:0: Attached scsi generic sg0 type 0
[    2.865421] sd 0:0:0:0: [sda] 16777216 512-byte logical blocks: (8.59 GB/8.00 GiB)
[    2.866408] scsi 1:0:0:0: CD-ROM            QEMU     QEMU DVD-ROM     2.5+ PQ: 0 ANSI: 5
[    2.866426] sd 0:0:0:0: [sda] Write Protect is off
[    2.867365] sd 0:0:0:0: [sda] Write cache: enabled, read cache: enabled, doesn't support DPO or FUA
[    2.867965] sd 0:0:0:0: [sda] Preferred minimum I/O size 512 bytes
[    2.883085] sd 0:0:0:0: [sda] Attached SCSI disk
[    2.898611] scsi 1:0:0:0: Attached scsi generic sg1 type 5
[    3.160961] e1000 0000:00:03.0 eth0: (PCI:33MHz:32-bit) 52:54:00:12:34:56
[    3.161375] e1000 0000:00:03.0 eth0: Intel(R) PRO/1000 Network Connection
[    3.161832] e1000e: Intel(R) PRO/1000 Network Driver
[    3.162126] e1000e: Copyright(c) 1999 - 2015 Intel Corporation.
[    3.162529] igb: Intel(R) Gigabit Ethernet Network Driver
[    3.162839] igb: Copyright (c) 2007-2014 Intel Corporation.
[    3.163235] PPP generic driver version 2.4.2
[    3.164064] VFIO - User Level meta-driver version: 0.3
[    3.164847] usbcore: registered new interface driver uas
[    3.165195] usbcore: registered new interface driver usb-storage
[    3.165645] i8042: PNP: PS/2 Controller [PNP0303:KBD,PNP0f13:MOU] at 0x60,0x64 irq 1,12
[    3.166677] serio: i8042 KBD port at 0x60,0x64 irq 1
[    3.166996] serio: i8042 AUX port at 0x60,0x64 irq 12
[    3.167926] mousedev: PS/2 mouse device common for all mice
[    3.168909] input: AT Translated Set 2 keyboard as /devices/platform/i8042/serio0/input/input1
[    3.170160] input: VirtualPS/2 VMware VMMouse as /devices/platform/i8042/serio1/input/input4
[    3.170253] rtc_cmos 00:05: RTC can wake from S4
[    3.171109] input: VirtualPS/2 VMware VMMouse as /devices/platform/i8042/serio1/input/input3
[    3.172155] rtc_cmos 00:05: registered as rtc0
[    3.172470] rtc_cmos 00:05: setting system clock to 2023-02-24T02:33:06 UTC (1677205986)
[    3.173044] rtc_cmos 00:05: alarms up to one day, y3k, 242 bytes nvram, hpet irqs
[    3.173526] i2c_dev: i2c /dev entries driver
[    3.173822] device-mapper: core: CONFIG_IMA_DISABLE_HTABLE is disabled. Duplicate IMA measurements will not be recorded in the IMA log.
[    3.174611] device-mapper: uevent: version 1.0.3
[    3.175163] device-mapper: ioctl: 4.47.0-ioctl (2022-07-28) initialised: dm-devel@redhat.com
[    3.175650] intel_pstate: CPU model not supported
[    3.175991] sdhci: Secure Digital Host Controller Interface driver
[    3.176347] sdhci: Copyright(c) Pierre Ossman
[    3.176656] sdhci-pltfm: SDHCI platform and OF driver helper
[    3.177051] ledtrig-cpu: registered to indicate activity on CPUs
[    3.177656] drop_monitor: Initializing network drop monitor service
[    3.178442] NET: Registered PF_INET6 protocol family
[    3.180160] Segment Routing with IPv6
[    3.180401] In-situ OAM (IOAM) with IPv6
[    3.180663] NET: Registered PF_PACKET protocol family
[    3.181155] 9pnet: Installing 9P2000 support
[    3.181467] Key type dns_resolver registered
[    3.182351] IPI shorthand broadcast: enabled
[    3.182649] sched_clock: Marking stable (3172863934, 9295265)->(3195769649, -13610450)
[    3.183601] registered taskstats version 1
[    3.183955] Loading compiled-in X.509 certificates
[    3.184461] zswap: loaded using pool lzo/zbud
[    3.185189] Key type .fscrypt registered
[    3.185423] Key type fscrypt-provisioning registered
[    3.186497] Key type encrypted registered
[    3.186767] ima: No TPM chip found, activating TPM-bypass!
[    3.187113] ima: Allocated hash algorithm: sha1
[    3.187438] ima: No architecture policies found
[    3.187766] evm: Initialising EVM extended attributes:
[    3.188062] evm: security.selinux
[    3.188257] evm: security.SMACK64
[    3.188452] evm: security.SMACK64EXEC
[    3.188666] evm: security.SMACK64TRANSMUTE
[    3.188904] evm: security.SMACK64MMAP
[    3.189119] evm: security.apparmor
[    3.189320] evm: security.ima
[    3.189495] evm: security.capability
[    3.189705] evm: HMAC attrs: 0x1
[    3.193501] PM:   Magic number: 11:18:562
[    3.194047] RAS: Correctable Errors collector initialized.
[    3.195219] md: Waiting for all devices to be available before autodetect
[    3.195485] md: If you don't use raid, use raid=noautodetect
[    3.195708] md: Autodetecting RAID arrays.
[    3.195877] md: autorun ...
[    3.195991] md: ... autorun DONE.
[    3.209210] EXT4-fs (sda): mounted filesystem with ordered data mode. Quota mode: none.
[    3.209580] VFS: Mounted root (ext4 filesystem) readonly on device 8:0.
[    3.211701] devtmpfs: mounted
[    3.218880] Freeing unused decrypted memory: 2036K
[    3.220563] Freeing unused kernel image (initmem) memory: 3672K
[    3.226208] Write protecting the kernel read-only data: 43008k
[    3.228665] Freeing unused kernel image (text/rodata gap) memory: 2028K
[    3.229198] Freeing unused kernel image (rodata/data gap) memory: 372K
[    3.300329] x86/mm: Checked W+X mappings: passed, no W+X pages found.
[    3.300631] Run /sbin/init as init process
[    3.374413] systemd[1]: RTC configured in localtime, applying delta of 0 minutes to system time.
[    3.397273] systemd[1]: systemd 239 (239-49.el8) running in system mode. (+PAM +AUDIT +SELINUX +IMA -APPARMOR +SMACK +SYSVINIT +UTMP +LIBCRYPTSETUP +GCRYPT +GNUTLS +ACL +XZ +LZ4 +SECCOMP +BLKID +ELFUTILS +KMOD +IDN2 -IDN +PCRE2 default-hierarchy=legacy)
[    3.398314] systemd[1]: Detected virtualization kvm.
[    3.398521] systemd[1]: Detected architecture x86-64.

Welcome to [0;31mCentOS Stream 8[0m!

[    3.450304] systemd[1]: Set hostname to <test>.
[    4.462118] random: crng init done
[    4.556743] systemd[1]: Listening on udev Kernel Socket.
[[0;32m  OK  [0m] Listening on udev Kernel Socket.
[    4.557971] systemd[1]: Listening on Journal Socket.
[[0;32m  OK  [0m] Listening on Journal Socket.
[    4.558750] systemd[1]: Reached target Swap.
[[0;32m  OK  [0m] Reached target Swap.
[    4.586477] systemd[1]: Starting Remount Root and Kernel File Systems...
         Starting Remount Root and Kernel File Systems...
[    4.587565] systemd[1]: Listening on initctl Compatibility Named Pipe.
[[0;32m  OK  [0m] Listening on initctl Compatibility Named Pipe.
[    4.588725] systemd[1]: Listening on LVM2 poll daemon socket.
[[0;32m  OK  [0m] Listening on LVM2 poll daemon socket.
[[0;32m  OK  [0m] Listening on udev Control Socket.
         Starting udev Coldplug all Devices...
[[0;32m  OK  [0m] Listening on multipathd control socket.
[[0;32m  OK  [0m] Started Forward Password Requests to Wall Directory Watch.
[[0;32m  OK  [0m] Created slice system-serial\x2dgetty.slice.
         Starting Load Kernel Modules...
[[0;32m  OK  [0m] Set up automount Arbitrary Executabâ€¦rmats File System Automount Point.
[[0;32m  OK  [0m] Listening on Process Core Dump Socket.
[[0;32m  OK  [0m] Created slice system-sshd\x2dkeygen.slice.
[[0;32m  OK  [0m] Created slice User and Session Slice.
[[0;32m  OK  [0m] Reached target Slices.
         Mounting Kernel Debug File System...
         Mounting Huge Pages File System...
         Mounting POSIX Message Queue File System...
[[0;32m  OK  [0m] Listening on RPCbind Server Activation Socket.
[[0;32m  OK  [0m] Reached target RPC Port Mapper.
[[0;32m  OK  [0m] Listening on Device-mapper event daemon FIFOs.
[[0;32m  OK  [0m] Created slice system-getty.slice.
[[0;32m  OK  [0m] Listening on Journal Socket (/dev/log).
         Starting Journal Service...
         Starting Monitoring of LVM2 mirrorsâ€¦ng dmeventd or progress polling...
         Starting Setup Virtual Console...
[[0;1;31mFAILED[0m] Failed to start Load Kernel Modules.
See 'systemctl status systemd-modules-load.service' for details.
[    4.796418] EXT4-fs (sda): re-mounted. Quota mode: none.
[[0;32m  OK  [0m] Mounted Kernel Debug File System.
[[0;32m  OK  [0m] Started Remount Root and Kernel File Systems.
[[0;32m  OK  [0m] Mounted Huge Pages File System.
[[0;32m  OK  [0m] Mounted POSIX Message Queue File System.
         Starting Load/Save Random Seed...
         Starting Create Static Device Nodes in /dev...
         Mounting Kernel Configuration File System...
         Mounting FUSE Control File System...
         Starting Apply Kernel Variables...
[[0;32m  OK  [0m] Started Load/Save Random Seed.
[[0;32m  OK  [0m] Started Create Static Device Nodes in /dev.
[[0;32m  OK  [0m] Started Journal Service.
[[0;32m  OK  [0m] Mounted Kernel Configuration File System.
[[0;32m  OK  [0m] Mounted FUSE Control File System.
         Starting Flush Journal to Persistent Storage...
         Starting udev Kernel Device Manager...
[[0;32m  OK  [0m] Started Apply Kernel Variables.
[[0;32m  OK  [0m] Started udev Coldplug all Devices.
         Starting udev Wait for Complete Device Initialization...
[[0;32m  OK  [0m] Started udev Kernel Device Manager.
[[0;32m  OK  [0m] Started Setup Virtual Console.
[[0;32m  OK  [0m] Started Flush Journal to Persistent Storage.
         Starting Show Plymouth Boot Screen...
[[0;32m  OK  [0m] Started Show Plymouth Boot Screen.
[[0;32m  OK  [0m] Started Forward Password Requests to Plymouth Directory Watch.
[[0;32m  OK  [0m] Reached target Local Encrypted Volumes.
[[0;32m  OK  [0m] Reached target Paths.
[[0;32m  OK  [0m] Found device /dev/ttyS0.
[[0;32m  OK  [0m] Started Monitoring of LVM2 mirrors,â€¦sing dmeventd or progress polling.
[[0;32m  OK  [0m] Started udev Wait for Complete Device Initialization.
[[0;32m  OK  [0m] Listening on Load/Save RF Kill Switch Status /dev/rfkill Watch.
[[0;32m  OK  [0m] Reached target Local File Systems (Pre).
[[0;32m  OK  [0m] Reached target Local File Systems.
         Starting Tell Plymouth To Write Out Runtime Data...
         Starting Create Volatile Files and Directories...
         Starting Restore /run/initramfs on shutdown...
[[0;32m  OK  [0m] Started Tell Plymouth To Write Out Runtime Data.
[[0;32m  OK  [0m] Started Restore /run/initramfs on shutdown.
[[0;32m  OK  [0m] Started Create Volatile Files and Directories.
         Starting RPC Bind...
         Starting Security Auditing Service...
         Mounting RPC Pipe File System...
[[0;32m  OK  [0m] Mounted RPC Pipe File System.
[[0;32m  OK  [0m] Reached target rpc_pipefs.target.
[[0;32m  OK  [0m] Started RPC Bind.
[[0;32m  OK  [0m] Started Security Auditing Service.
         Starting Update UTMP about System Boot/Shutdown...
[[0;32m  OK  [0m] Started Update UTMP about System Boot/Shutdown.
[[0;32m  OK  [0m] Reached target System Initialization.
[[0;32m  OK  [0m] Listening on SSSD Kerberos Cache Manager responder socket.
[[0;32m  OK  [0m] Started daily update of the root trust anchor for DNSSEC.
[[0;32m  OK  [0m] Listening on D-Bus System Message Bus Socket.
[[0;32m  OK  [0m] Reached target Sockets.
[[0;32m  OK  [0m] Started Daily Cleanup of Temporary Directories.
[[0;32m  OK  [0m] Reached target Basic System.
         Starting NTP client/server...
         Starting Self Monitoring and Reporting Technology (SMART) Daemon...
         Starting Authorization Manager...
         Starting Auto-connect to subsystemsâ€¦-NVME devices found during boot...
[[0;32m  OK  [0m] Started Machine Check Exception Logging Daemon.
[[0;32m  OK  [0m] Started irqbalance daemon.
[[0;32m  OK  [0m] Reached target sshd-keygen.target.
[[0;32m  OK  [0m] Started dnf makecache --timer.
[[0;32m  OK  [0m] Reached target Timers.
         Starting Login Service...
[[0;32m  OK  [0m] Started D-Bus System Message Bus.
         Starting Network Manager...
[[0;32m  OK  [0m] Started Auto-connect to subsystems â€¦FC-NVME devices found during boot.
         Starting update of the root trust aâ€¦or DNSSEC validation in unbound...
[[0;32m  OK  [0m] Started Self Monitoring and Reporting Technology (SMART) Daemon.
[[0;32m  OK  [0m] Started Login Service.
[[0;32m  OK  [0m] Started NTP client/server.
[[0;32m  OK  [0m] Started update of the root trust anâ€¦ for DNSSEC validation in unbound.
[[0;32m  OK  [0m] Started Network Manager.
         Starting Network Manager Wait Online...
[[0;32m  OK  [0m] Reached target Network.
         Starting Dynamic System Tuning Daemon...
         Starting OpenSSH server daemon...
         Starting GSSAPI Proxy Daemon...
[[0;32m  OK  [0m] Started Authorization Manager.
         Starting Hostname Service...
[[0;32m  OK  [0m] Started OpenSSH server daemon.
[[0;32m  OK  [0m] Started GSSAPI Proxy Daemon.
[[0;32m  OK  [0m] Reached target NFS client services.
[[0;32m  OK  [0m] Reached target Remote File Systems (Pre).
[[0;32m  OK  [0m] Reached target Remote File Systems.
         Starting Permit User Sessions...
[[0;32m  OK  [0m] Started Permit User Sessions.
         Starting Hold until boot process finishes up...
         Starting Terminate Plymouth Boot Screen...
[[0;32m  OK  [0m] Started Command Scheduler.
[    6.403016] e1000: eth0 NIC Link is Up 1000 Mbps Full Duplex, Flow Control: RX
[    6.403711] IPv6: ADDRCONF(NETDEV_CHANGE): eth0: link becomes ready
[    6.563947] Spectre V2 : WARNING: Unprivileged eBPF is enabled with eIBRS on, data leaks possible via Spectre v2 BHB attacks!
[    6.564432] Spectre V2 : WARNING: Unprivileged eBPF is enabled with eIBRS on, data leaks possible via Spectre v2 BHB attacks!

CentOS Stream 8
Kernel 6.1.0-rc3-d624d6652a65+ on an x86_64

test login: 