c[?7l[2J[0mSeaBIOS (version rel-1.16.0-0-gd239552ce722-prebuilt.qemu.org)


iPXE (http://ipxe.org) 00:03.0 CA00 PCI2.10 PnP PMM+7FF91000+7FEF1000 CA00
Press Ctrl-B to configure iPXE (PCI 00:03.0)...                                                                               


Booting from ROM..c[?7l[2J[    0.000000] Linux version 5.11.0-f40ddce88593+ (root@p-adls01) (gcc (GCC) 8.5.0 20210514 (Red Hat 8.5.0-18), GNU ld version 2.36.1-2.el8) #1 SMP Tue Feb 21 00:07:07 CST 2023
[    0.000000] Command line: console=ttyS0 root=/dev/sda earlyprintk=serial net.ifnames=0
[    0.000000] KERNEL supported cpus:
[    0.000000]   Intel GenuineIntel
[    0.000000]   AMD AuthenticAMD
[    0.000000]   Hygon HygonGenuine
[    0.000000]   Centaur CentaurHauls
[    0.000000]   zhaoxin   Shanghai  
[    0.000000] x86/fpu: Supporting XSAVE feature 0x001: 'x87 floating point registers'
[    0.000000] x86/fpu: Supporting XSAVE feature 0x002: 'SSE registers'
[    0.000000] x86/fpu: Supporting XSAVE feature 0x004: 'AVX registers'
[    0.000000] x86/fpu: Supporting XSAVE feature 0x200: 'Protection Keys User registers'
[    0.000000] x86/fpu: xstate_offset[2]:  576, xstate_sizes[2]:  256
[    0.000000] x86/fpu: xstate_offset[9]:  832, xstate_sizes[9]:    8
[    0.000000] x86/fpu: Enabled xstate features 0x207, context size is 840 bytes, using 'compacted' format.
[    0.000000] BIOS-provided physical RAM map:
[    0.000000] BIOS-e820: [mem 0x0000000000000000-0x000000000009fbff] usable
[    0.000000] BIOS-e820: [mem 0x000000000009fc00-0x000000000009ffff] reserved
[    0.000000] BIOS-e820: [mem 0x00000000000f0000-0x00000000000fffff] reserved
[    0.000000] BIOS-e820: [mem 0x0000000000100000-0x000000007ffdffff] usable
[    0.000000] BIOS-e820: [mem 0x000000007ffe0000-0x000000007fffffff] reserved
[    0.000000] BIOS-e820: [mem 0x00000000feffc000-0x00000000feffffff] reserved
[    0.000000] BIOS-e820: [mem 0x00000000fffc0000-0x00000000ffffffff] reserved
[    0.000000] printk: bootconsole [earlyser0] enabled
[    0.000000] NX (Execute Disable) protection: active
[    0.000000] SMBIOS 2.8 present.
[    0.000000] DMI: QEMU Standard PC (i440FX + PIIX, 1996), BIOS rel-1.16.0-0-gd239552ce722-prebuilt.qemu.org 04/01/2014
[    0.000000] Hypervisor detected: KVM
[    0.000000] kvm-clock: Using msrs 4b564d01 and 4b564d00
[    0.000000] kvm-clock: cpu 0, msr 5401001, primary cpu clock
[    0.000000] kvm-clock: using sched offset of 279394651 cycles
[    0.000333] clocksource: kvm-clock: mask: 0xffffffffffffffff max_cycles: 0x1cd42e4dffb, max_idle_ns: 881590591483 ns
[    0.001288] tsc: Detected 3609.600 MHz processor
[    0.006494] last_pfn = 0x7ffe0 max_arch_pfn = 0x400000000
[    0.006952] x86/PAT: Configuration [0-7]: WB  WC  UC- UC  WB  WP  UC- WT  
[    0.014222] found SMP MP-table at [mem 0x000f5ba0-0x000f5baf]
[    0.015253] check: Scanning 1 areas for low memory corruption
[    0.015644] Using GB pages for direct mapping
[    0.016718] ACPI: Early table checksum verification disabled
[    0.017070] ACPI: RSDP 0x00000000000F59C0 000014 (v00 BOCHS )
[    0.017424] ACPI: RSDT 0x000000007FFE1951 000034 (v01 BOCHS  BXPC     00000001 BXPC 00000001)
[    0.017933] ACPI: FACP 0x000000007FFE17FD 000074 (v01 BOCHS  BXPC     00000001 BXPC 00000001)
[    0.018441] ACPI: DSDT 0x000000007FFE0040 0017BD (v01 BOCHS  BXPC     00000001 BXPC 00000001)
[    0.018945] ACPI: FACS 0x000000007FFE0000 000040
[    0.019223] ACPI: APIC 0x000000007FFE1871 000080 (v01 BOCHS  BXPC     00000001 BXPC 00000001)
[    0.019728] ACPI: HPET 0x000000007FFE18F1 000038 (v01 BOCHS  BXPC     00000001 BXPC 00000001)
[    0.020234] ACPI: WAET 0x000000007FFE1929 000028 (v01 BOCHS  BXPC     00000001 BXPC 00000001)
[    0.021266] No NUMA configuration found
[    0.021494] Faking a node at [mem 0x0000000000000000-0x000000007ffdffff]
[    0.021935] NODE_DATA(0) allocated [mem 0x7ffb5000-0x7ffdffff]
[    0.024757] Zone ranges:
[    0.024923]   DMA      [mem 0x0000000000001000-0x0000000000ffffff]
[    0.025285]   DMA32    [mem 0x0000000001000000-0x000000007ffdffff]
[    0.025645]   Normal   empty
[    0.025815]   Device   empty
[    0.025987] Movable zone start for each node
[    0.026234] Early memory node ranges
[    0.026440]   node   0: [mem 0x0000000000001000-0x000000000009efff]
[    0.026805]   node   0: [mem 0x0000000000100000-0x000000007ffdffff]
[    0.028221] Zeroed struct page in unavailable ranges: 130 pages
[    0.028228] Initmem setup node 0 [mem 0x0000000000001000-0x000000007ffdffff]
[    0.044094] ACPI: PM-Timer IO Port: 0x608
[    0.044362] ACPI: LAPIC_NMI (acpi_id[0xff] dfl dfl lint[0x1])
[    0.044743] IOAPIC[0]: apic_id 0, version 17, address 0xfec00000, GSI 0-23
[    0.045165] ACPI: INT_SRC_OVR (bus 0 bus_irq 0 global_irq 2 dfl dfl)
[    0.045542] ACPI: INT_SRC_OVR (bus 0 bus_irq 5 global_irq 5 high level)
[    0.045933] ACPI: INT_SRC_OVR (bus 0 bus_irq 9 global_irq 9 high level)
[    0.046323] ACPI: INT_SRC_OVR (bus 0 bus_irq 10 global_irq 10 high level)
[    0.046722] ACPI: INT_SRC_OVR (bus 0 bus_irq 11 global_irq 11 high level)
[    0.047149] Using ACPI (MADT) for SMP configuration information
[    0.047498] ACPI: HPET id: 0x8086a201 base: 0xfed00000
[    0.047812] TSC deadline timer available
[    0.048044] smpboot: Allowing 2 CPUs, 0 hotplug CPUs
[    0.048359] kvm-guest: KVM setup pv remote TLB flush
[    0.048676] kvm-guest: setup PV sched yield
[    0.048962] PM: hibernation: Registered nosave memory: [mem 0x00000000-0x00000fff]
[    0.049410] PM: hibernation: Registered nosave memory: [mem 0x0009f000-0x0009ffff]
[    0.049852] PM: hibernation: Registered nosave memory: [mem 0x000a0000-0x000effff]
[    0.050294] PM: hibernation: Registered nosave memory: [mem 0x000f0000-0x000fffff]
[    0.050739] [mem 0x80000000-0xfeffbfff] available for PCI devices
[    0.051097] Booting paravirtualized kernel on KVM
[    0.051389] clocksource: refined-jiffies: mask: 0xffffffff max_cycles: 0xffffffff, max_idle_ns: 7645519600211568 ns
[    0.052014] setup_percpu: NR_CPUS:8192 nr_cpumask_bits:2 nr_cpu_ids:2 nr_node_ids:1
[    0.053560] percpu: Embedded 58 pages/cpu s200704 r8192 d28672 u1048576
[    0.054101] kvm-guest: KVM setup async PF for cpu 0
[    0.054390] kvm-guest: stealtime: cpu 0, msr 7dc30080
[    0.054693] kvm-guest: PV spinlocks enabled
[    0.054947] PV qspinlock hash table entries: 256 (order: 0, 4096 bytes, linear)
[    0.055404] Built 1 zonelists, mobility grouping on.  Total pages: 515945
[    0.055809] Policy zone: DMA32
[    0.055994] Kernel command line: net.ifnames=0 console=ttyS0 root=/dev/sda earlyprintk=serial net.ifnames=0
[    0.057877] Dentry cache hash table entries: 262144 (order: 9, 2097152 bytes, linear)
[    0.058422] Inode-cache hash table entries: 131072 (order: 8, 1048576 bytes, linear)
[    0.058955] mem auto-init: stack:off, heap alloc:off, heap free:off
[    0.062047] Memory: 1988036K/2096632K available (30736K kernel code, 5159K rwdata, 7444K rodata, 2980K init, 22372K bss, 108340K reserved, 0K cma-reserved)
[    0.062920] random: get_random_u64 called from __kmem_cache_create+0x33/0x460 with crng_init=0
[    0.063252] SLUB: HWalign=64, Order=0-3, MinObjects=0, CPUs=2, Nodes=1
[    0.064130] kmemleak: Kernel memory leak detector disabled
[    0.064482] ftrace: allocating 62788 entries in 246 pages
[    0.126709] ftrace: allocated 246 pages with 6 groups
[    0.127251] Running RCU self tests
[    0.127457] rcu: Hierarchical RCU implementation.
[    0.127731] rcu: 	RCU lockdep checking is enabled.
[    0.128007] rcu: 	RCU restricting CPUs from NR_CPUS=8192 to nr_cpu_ids=2.
[    0.128401] 	Trampoline variant of Tasks RCU enabled.
[    0.128695] 	Rude variant of Tasks RCU enabled.
[    0.128956] 	Tracing variant of Tasks RCU enabled.
[    0.129233] rcu: RCU calculated value of scheduler-enlistment delay is 25 jiffies.
[    0.129669] rcu: Adjusting geometry for rcu_fanout_leaf=16, nr_cpu_ids=2
[    0.141320] NR_IRQS: 524544, nr_irqs: 440, preallocated irqs: 16
[    0.147488] Console: colour VGA+ 80x25
[    0.147744] printk: console [ttyS0] enabled
[    0.147744] printk: console [ttyS0] enabled
[    0.148242] printk: bootconsole [earlyser0] disabled
[    0.148242] printk: bootconsole [earlyser0] disabled
[    0.148827] Lock dependency validator: Copyright (c) 2006 Red Hat, Inc., Ingo Molnar
[    0.149287] ... MAX_LOCKDEP_SUBCLASSES:  8
[    0.149536] ... MAX_LOCK_DEPTH:          48
[    0.149790] ... MAX_LOCKDEP_KEYS:        8192
[    0.150054] ... CLASSHASH_SIZE:          4096
[    0.150318] ... MAX_LOCKDEP_ENTRIES:     32768
[    0.150586] ... MAX_LOCKDEP_CHAINS:      65536
[    0.150856] ... CHAINHASH_SIZE:          32768
[    0.151124]  memory used by lock dependency info: 6365 kB
[    0.151448]  memory used for stack traces: 4224 kB
[    0.151736]  per task-struct memory footprint: 1920 bytes
[    0.152084] ACPI: Core revision 20201113
[    0.152464] clocksource: hpet: mask: 0xffffffff max_cycles: 0xffffffff, max_idle_ns: 19112604467 ns
[    0.153099] APIC: Switch to symmetric I/O mode setup
[    0.153519] x2apic enabled
[    0.153815] Switched APIC routing to physical x2apic.
[    0.154119] kvm-guest: setup PV IPIs
[    0.154963] ..TIMER: vector=0x30 apic1=0 pin1=2 apic2=-1 pin2=-1
[    0.155338] clocksource: tsc-early: mask: 0xffffffffffffffff max_cycles: 0x3407c077a8d, max_idle_ns: 440795342283 ns
[    0.155971] Calibrating delay loop (skipped) preset value.. 7219.20 BogoMIPS (lpj=14438400)
[    0.156469] pid_max: default: 32768 minimum: 301
[    0.156799] LSM: Security Framework initializing
[    0.159979] Yama: becoming mindful.
[    0.160338] Mount-cache hash table entries: 4096 (order: 3, 32768 bytes, linear)
[    0.160787] Mountpoint-cache hash table entries: 4096 (order: 3, 32768 bytes, linear)
[    0.161983] x86/cpu: User Mode Instruction Prevention (UMIP) activated
[    0.163116] Last level iTLB entries: 4KB 0, 2MB 0, 4MB 0
[    0.163471] Last level dTLB entries: 4KB 0, 2MB 0, 4MB 0, 1GB 0
[    0.163855] Spectre V1 : Mitigation: usercopy/swapgs barriers and __user pointer sanitization
[    0.164493] Spectre V2 : Mitigation: Enhanced IBRS
[    0.164772] Spectre V2 : Spectre v2 / SpectreRSB mitigation: Filling RSB on context switch
[    0.165237] Spectre V2 : mitigation: Enabling conditional Indirect Branch Prediction Barrier
[    0.165718] Speculative Store Bypass: Mitigation: Speculative Store Bypass disabled via prctl and seccomp
[    0.166685] Freeing SMP alternatives memory: 52K
[    0.168023] smpboot: CPU0: 12th Gen Intel(R) Core(TM) i7-12700K (family: 0x6, model: 0x97, stepping: 0x2)
[    0.168963] Performance Events: generic architected perfmon, full-width counters, Intel PMU driver.
[    0.169505] ... version:                2
[    0.169738] ... bit width:              48
[    0.169975] ... generic registers:      6
[    0.170209] ... value mask:             0000ffffffffffff
[    0.170514] ... max period:             00007fffffffffff
[    0.170818] ... fixed-purpose events:   3
[    0.171051] ... event mask:             000000070000003f
[    0.171571] rcu: Hierarchical SRCU implementation.
[    0.173837] smp: Bringing up secondary CPUs ...
[    0.174414] x86: Booting SMP configuration:
[    0.174667] .... node  #0, CPUs:      #1
[    0.014067] kvm-clock: cpu 1, msr 5401041, secondary cpu clock
[    0.175172] kvm-guest: KVM setup async PF for cpu 1
[    0.175172] kvm-guest: stealtime: cpu 1, msr 7dd30080
[    0.176005] smp: Brought up 1 node, 2 CPUs
[    0.176258] smpboot: Max logical packages: 1
[    0.176507] smpboot: Total of 2 processors activated (14438.40 BogoMIPS)
[    0.178852] devtmpfs: initialized
[    0.178852] x86/mm: Memory block size: 128MB
[    0.180368] clocksource: jiffies: mask: 0xffffffff max_cycles: 0xffffffff, max_idle_ns: 7645041785100000 ns
[    0.180550] futex hash table entries: 512 (order: 4, 65536 bytes, linear)
[    0.181140] pinctrl core: initialized pinctrl subsystem
[    0.181783] 
[    0.181879] *************************************************************
[    0.183977] **     NOTICE NOTICE NOTICE NOTICE NOTICE NOTICE NOTICE    **
[    0.184366] **                                                         **
[    0.184755] **  IOMMU DebugFS SUPPORT HAS BEEN ENABLED IN THIS KERNEL  **
[    0.185144] **                                                         **
[    0.185533] ** This means that this kernel is built to expose internal **
[    0.185922] ** IOMMU data structures, which may compromise security on **
[    0.186311] ** your system.                                            **
[    0.186700] **                                                         **
[    0.187090] ** If you see this message and you are not debugging the   **
[    0.187479] ** kernel, report this immediately to your vendor!         **
[    0.187860] **                                                         **
[    0.187967] **     NOTICE NOTICE NOTICE NOTICE NOTICE NOTICE NOTICE    **
[    0.188349] *************************************************************
[    0.188777] PM: RTC time: 20:41:10, date: 2023-02-23
[    0.189859] NET: Registered protocol family 16
[    0.190540] DMA: preallocated 256 KiB GFP_KERNEL pool for atomic allocations
[    0.190949] DMA: preallocated 256 KiB GFP_KERNEL|GFP_DMA pool for atomic allocations
[    0.191394] DMA: preallocated 256 KiB GFP_KERNEL|GFP_DMA32 pool for atomic allocations
[    0.191867] audit: initializing netlink subsys (disabled)
[    0.192012] audit: type=2000 audit(1677184871.082:1): state=initialized audit_enabled=0 res=1
[    0.192492] thermal_sys: Registered thermal governor 'fair_share'
[    0.192498] thermal_sys: Registered thermal governor 'bang_bang'
[    0.192850] thermal_sys: Registered thermal governor 'step_wise'
[    0.193189] thermal_sys: Registered thermal governor 'user_space'
[    0.193563] cpuidle: using governor ladder
[    0.194153] cpuidle: using governor menu
[    0.194153] ACPI: bus type PCI registered
[    0.194153] acpiphp: ACPI Hot Plug PCI Controller Driver version: 0.5
[    0.194153] PCI: Using configuration type 1 for base access
[    0.204048] HugeTLB registered 1.00 GiB page size, pre-allocated 0 pages
[    0.204382] HugeTLB registered 2.00 MiB page size, pre-allocated 0 pages
[    0.208272] ACPI: Added _OSI(Module Device)
[    0.208525] ACPI: Added _OSI(Processor Device)
[    0.208785] ACPI: Added _OSI(3.0 _SCP Extensions)
[    0.209098] ACPI: Added _OSI(Processor Aggregator Device)
[    0.209408] ACPI: Added _OSI(Linux-Dell-Video)
[    0.209663] ACPI: Added _OSI(Linux-Lenovo-NV-HDMI-Audio)
[    0.209965] ACPI: Added _OSI(Linux-HPI-Hybrid-Graphics)
[    0.216345] ACPI: 1 ACPI AML tables successfully acquired and loaded
[    0.219097] ACPI: Interpreter enabled
[    0.219373] ACPI: (supports S0 S3 S4 S5)
[    0.219601] ACPI: Using IOAPIC for interrupt routing
[    0.219921] PCI: Using host bridge windows from ACPI; if necessary, use "pci=nocrs" and report a bug
[    0.220489] ACPI: Enabled 2 GPEs in block 00 to 0F
[    0.233092] ACPI: PCI Root Bridge [PCI0] (domain 0000 [bus 00-ff])
[    0.233472] acpi PNP0A03:00: _OSC: OS supports [ASPM ClockPM Segments MSI EDR HPX-Type3]
[    0.233995] acpi PNP0A03:00: fail to add MMCONFIG information, can't access extended PCI configuration space under this bridge.
[    0.236055] acpiphp: Slot [3] registered
[    0.236331] acpiphp: Slot [4] registered
[    0.236605] acpiphp: Slot [5] registered
[    0.236882] acpiphp: Slot [6] registered
[    0.237156] acpiphp: Slot [7] registered
[    0.237430] acpiphp: Slot [8] registered
[    0.237703] acpiphp: Slot [9] registered
[    0.237980] acpiphp: Slot [10] registered
[    0.238262] acpiphp: Slot [11] registered
[    0.238540] acpiphp: Slot [12] registered
[    0.238819] acpiphp: Slot [13] registered
[    0.239097] acpiphp: Slot [14] registered
[    0.239379] acpiphp: Slot [15] registered
[    0.239657] acpiphp: Slot [16] registered
[    0.239936] acpiphp: Slot [17] registered
[    0.240017] acpiphp: Slot [18] registered
[    0.240296] acpiphp: Slot [19] registered
[    0.240577] acpiphp: Slot [20] registered
[    0.240855] acpiphp: Slot [21] registered
[    0.241133] acpiphp: Slot [22] registered
[    0.241411] acpiphp: Slot [23] registered
[    0.241692] acpiphp: Slot [24] registered
[    0.241978] acpiphp: Slot [25] registered
[    0.242256] acpiphp: Slot [26] registered
[    0.242534] acpiphp: Slot [27] registered
[    0.242812] acpiphp: Slot [28] registered
[    0.243091] acpiphp: Slot [29] registered
[    0.243375] acpiphp: Slot [30] registered
[    0.243653] acpiphp: Slot [31] registered
[    0.243899] PCI host bridge to bus 0000:00
[    0.243969] pci_bus 0000:00: root bus resource [io  0x0000-0x0cf7 window]
[    0.244355] pci_bus 0000:00: root bus resource [io  0x0d00-0xffff window]
[    0.244742] pci_bus 0000:00: root bus resource [mem 0x000a0000-0x000bffff window]
[    0.245165] pci_bus 0000:00: root bus resource [mem 0x80000000-0xfebfffff window]
[    0.245591] pci_bus 0000:00: root bus resource [mem 0x100000000-0x17fffffff window]
[    0.246025] pci_bus 0000:00: root bus resource [bus 00-ff]
[    0.246378] pci 0000:00:00.0: [8086:1237] type 00 class 0x060000
[    0.248119] pci 0000:00:01.0: [8086:7000] type 00 class 0x060100
[    0.249174] pci 0000:00:01.1: [8086:7010] type 00 class 0x010180
[    0.250444] pci 0000:00:01.1: reg 0x20: [io  0xc040-0xc04f]
[    0.251186] pci 0000:00:01.1: legacy IDE quirk: reg 0x10: [io  0x01f0-0x01f7]
[    0.251593] pci 0000:00:01.1: legacy IDE quirk: reg 0x14: [io  0x03f6]
[    0.251963] pci 0000:00:01.1: legacy IDE quirk: reg 0x18: [io  0x0170-0x0177]
[    0.252366] pci 0000:00:01.1: legacy IDE quirk: reg 0x1c: [io  0x0376]
[    0.253179] pci 0000:00:01.3: [8086:7113] type 00 class 0x068000
[    0.253754] pci 0000:00:01.3: quirk: [io  0x0600-0x063f] claimed by PIIX4 ACPI
[    0.254167] pci 0000:00:01.3: quirk: [io  0x0700-0x070f] claimed by PIIX4 SMB
[    0.255161] pci 0000:00:02.0: [1234:1111] type 00 class 0x030000
[    0.256250] pci 0000:00:02.0: reg 0x10: [mem 0xfd000000-0xfdffffff pref]
[    0.257891] pci 0000:00:02.0: reg 0x18: [mem 0xfebf0000-0xfebf0fff]
[    0.260000] pci 0000:00:02.0: reg 0x30: [mem 0xfebe0000-0xfebeffff pref]
[    0.261893] pci 0000:00:03.0: [8086:100e] type 00 class 0x020000
[    0.262752] pci 0000:00:03.0: reg 0x10: [mem 0xfebc0000-0xfebdffff]
[    0.263562] pci 0000:00:03.0: reg 0x14: [io  0xc000-0xc03f]
[    0.265945] pci 0000:00:03.0: reg 0x30: [mem 0xfeb80000-0xfebbffff pref]
[    0.273163] ACPI: PCI Interrupt Link [LNKA] (IRQs 5 *10 11)
[    0.273802] ACPI: PCI Interrupt Link [LNKB] (IRQs 5 *10 11)
[    0.274419] ACPI: PCI Interrupt Link [LNKC] (IRQs 5 10 *11)
[    0.275033] ACPI: PCI Interrupt Link [LNKD] (IRQs 5 10 *11)
[    0.275501] ACPI: PCI Interrupt Link [LNKS] (IRQs *9)
[    0.276621] iommu: Default domain type: Translated 
[    0.276621] pci 0000:00:02.0: vgaarb: setting as boot VGA device
[    0.276621] pci 0000:00:02.0: vgaarb: VGA device added: decodes=io+mem,owns=io+mem,locks=none
[    0.276881] pci 0000:00:02.0: vgaarb: bridge control possible
[    0.277212] vgaarb: loaded
[    0.278187] SCSI subsystem initialized
[    0.278428] ACPI: bus type USB registered
[    0.280025] usbcore: registered new interface driver usbfs
[    0.280377] usbcore: registered new interface driver hub
[    0.280709] usbcore: registered new device driver usb
[    0.281074] pps_core: LinuxPPS API ver. 1 registered
[    0.281358] pps_core: Software ver. 5.3.6 - Copyright 2005-2007 Rodolfo Giometti <giometti@linux.it>
[    0.281877] PTP clock support registered
[    0.282150] EDAC MC: Ver: 3.0.0
[    0.282150] NetLabel: Initializing
[    0.282150] NetLabel:  domain hash size = 128
[    0.282150] NetLabel:  protocols = UNLABELED CIPSOv4 CALIPSO
[    0.282150] NetLabel:  unlabeled traffic allowed by default
[    0.284022] PCI: Using ACPI for IRQ routing
[    0.284202] hpet0: at MMIO 0xfed00000, IRQs 2, 8, 0
[    0.284509] hpet0: 3 comparators, 64-bit 100.000000 MHz counter
[    0.289024] clocksource: Switched to clocksource kvm-clock
[    0.376808] VFS: Disk quotas dquot_6.6.0
[    0.377092] VFS: Dquot-cache hash table entries: 512 (order 0, 4096 bytes)
[    0.377742] pnp: PnP ACPI init
[    0.379344] pnp: PnP ACPI: found 6 devices
[    0.388742] clocksource: acpi_pm: mask: 0xffffff max_cycles: 0xffffff, max_idle_ns: 2085701024 ns
[    0.389500] NET: Registered protocol family 2
[    2.140431] tcp_listen_portaddr_hash hash table entries: 1024 (order: 4, 81920 bytes, linear)
[    2.141564] TCP established hash table entries: 16384 (order: 5, 131072 bytes, linear)
[    2.142653] TCP bind hash table entries: 16384 (order: 8, 1179648 bytes, linear)
[    2.144462] TCP: Hash tables configured (established 16384 bind 16384)
[    2.144985] UDP hash table entries: 1024 (order: 5, 163840 bytes, linear)
[    2.145488] UDP-Lite hash table entries: 1024 (order: 5, 163840 bytes, linear)
[    2.146099] NET: Registered protocol family 1
[    2.146887] RPC: Registered named UNIX socket transport module.
[    2.147274] RPC: Registered udp transport module.
[    2.147557] RPC: Registered tcp transport module.
[    2.147840] RPC: Registered tcp NFSv4.1 backchannel transport module.
[    2.148254] pci_bus 0000:00: resource 4 [io  0x0000-0x0cf7 window]
[    2.148638] pci_bus 0000:00: resource 5 [io  0x0d00-0xffff window]
[    2.149019] pci_bus 0000:00: resource 6 [mem 0x000a0000-0x000bffff window]
[    2.149441] pci_bus 0000:00: resource 7 [mem 0x80000000-0xfebfffff window]
[    2.149863] pci_bus 0000:00: resource 8 [mem 0x100000000-0x17fffffff window]
[    2.150479] pci 0000:00:01.0: PIIX3: Enabling Passive Release
[    2.150841] pci 0000:00:00.0: Limiting direct PCI/PCI transfers
[    2.151218] pci 0000:00:01.0: Activating ISA DMA hang workarounds
[    2.151656] pci 0000:00:02.0: Video device with shadowed ROM at [mem 0x000c0000-0x000dffff]
[    2.152188] PCI: CLS 0 bytes, default 64
[    2.152840] clocksource: tsc: mask: 0xffffffffffffffff max_cycles: 0x3407c077a8d, max_idle_ns: 440795342283 ns
[    2.154512] check: Scanning for low memory corruption every 60 seconds
[    2.157537] Initialise system trusted keyrings
[    2.157876] Key type blacklist registered
[    2.158302] workingset: timestamp_bits=36 max_order=19 bucket_order=0
[    2.165189] zbud: loaded
[    2.166685] squashfs: version 4.0 (2009/01/31) Phillip Lougher
[    2.168032] NFS: Registering the id_resolver key type
[    2.168359] Key type id_resolver registered
[    2.168613] Key type id_legacy registered
[    2.168933] nfs4filelayout_init: NFSv4 File Layout Driver Registering...
[    2.169550] fuse: init (API version 7.33)
[    2.170098] SGI XFS with ACLs, security attributes, realtime, quota, no debug enabled
[    2.171582] 9p: Installing v9fs 9p2000 file system support
[    2.177980] Key type asymmetric registered
[    2.178268] Asymmetric key parser 'x509' registered
[    2.178596] Block layer SCSI generic (bsg) driver version 0.4 loaded (major 244)
[    2.179150] io scheduler mq-deadline registered
[    2.179526] io scheduler bfq registered
[    2.180092] shpchp: Standard Hot Plug PCI Controller Driver version: 0.4
[    2.180790] IPMI message handler: version 39.2
[    2.181098] ipmi device interface
[    2.182406] input: Power Button as /devices/LNXSYSTM:00/LNXPWRBN:00/input/input0
[    2.183135] ACPI: Power Button [PWRF]
[    2.184075] ERST DBG: ERST support is disabled.
[    2.184756] Serial: 8250/16550 driver, 32 ports, IRQ sharing enabled
[    2.185514] 00:04: ttyS0 at I/O 0x3f8 (irq = 4, base_baud = 115200) is a 16550A
[    2.192664] Linux agpgart interface v0.103
[    2.204110] brd: module loaded
[    2.211689] loop: module loaded
[    2.215429] scsi host0: ata_piix
[    2.216083] scsi host1: ata_piix
[    2.216402] ata1: PATA max MWDMA2 cmd 0x1f0 ctl 0x3f6 bmdma 0xc040 irq 14
[    2.216807] ata2: PATA max MWDMA2 cmd 0x170 ctl 0x376 bmdma 0xc048 irq 15
[    2.218113] libphy: Fixed MDIO Bus: probed
[    2.218569] tun: Universal TUN/TAP device driver, 1.6
[    2.219021] e100: Intel(R) PRO/100 Network Driver
[    2.219310] e100: Copyright(c) 1999-2006 Intel Corporation
[    2.219664] e1000: Intel(R) PRO/1000 Network Driver
[    2.219957] e1000: Copyright (c) 1999-2006 Intel Corporation.
[    2.374788] PCI Interrupt Link [LNKC] enabled at IRQ 11
[    2.376845] ata2.00: ATAPI: QEMU DVD-ROM, 2.5+, max UDMA/100
[    2.377337] ata1.00: ATA-7: QEMU HARDDISK, 2.5+, max UDMA/100
[    2.377703] ata1.00: 16777216 sectors, multi 16: LBA48 
[    2.379034] scsi 0:0:0:0: Direct-Access     ATA      QEMU HARDDISK    2.5+ PQ: 0 ANSI: 5
[    2.380210] scsi 0:0:0:0: Attached scsi generic sg0 type 0
[    2.380763] sd 0:0:0:0: [sda] 16777216 512-byte logical blocks: (8.59 GB/8.00 GiB)
[    2.381169] scsi 1:0:0:0: CD-ROM            QEMU     QEMU DVD-ROM     2.5+ PQ: 0 ANSI: 5
[    2.381694] sd 0:0:0:0: [sda] Write Protect is off
[    2.382776] sd 0:0:0:0: [sda] Write cache: enabled, read cache: enabled, doesn't support DPO or FUA
[    2.382855] scsi 1:0:0:0: Attached scsi generic sg1 type 5
[    2.385884] sd 0:0:0:0: [sda] Attached SCSI disk
[    2.696299] e1000 0000:00:03.0 eth0: (PCI:33MHz:32-bit) 52:54:00:12:34:56
[    2.697107] e1000 0000:00:03.0 eth0: Intel(R) PRO/1000 Network Connection
[    2.697992] e1000e: Intel(R) PRO/1000 Network Driver
[    2.698561] e1000e: Copyright(c) 1999 - 2015 Intel Corporation.
[    2.699314] igb: Intel(R) Gigabit Ethernet Network Driver
[    2.699928] igb: Copyright (c) 2007-2014 Intel Corporation.
[    2.700689] PPP generic driver version 2.4.2
[    2.701844] VFIO - User Level meta-driver version: 0.3
[    2.702524] ehci_hcd: USB 2.0 'Enhanced' Host Controller (EHCI) Driver
[    2.703349] ehci-pci: EHCI PCI platform driver
[    2.703659] ehci-platform: EHCI generic platform driver
[    2.704005] ohci_hcd: USB 1.1 'Open' Host Controller (OHCI) Driver
[    2.704387] ohci-pci: OHCI PCI platform driver
[    2.704670] ohci-platform: OHCI generic platform driver
[    2.704989] uhci_hcd: USB Universal Host Controller Interface driver
[    2.705668] usbcore: registered new interface driver uas
[    2.706028] usbcore: registered new interface driver usb-storage
[    2.706476] i8042: PNP: PS/2 Controller [PNP0303:KBD,PNP0f13:MOU] at 0x60,0x64 irq 1,12
[    2.707537] serio: i8042 KBD port at 0x60,0x64 irq 1
[    2.707869] serio: i8042 AUX port at 0x60,0x64 irq 12
[    2.708712] mousedev: PS/2 mouse device common for all mice
[    2.709657] input: AT Translated Set 2 keyboard as /devices/platform/i8042/serio0/input/input1
[    2.710900] input: VirtualPS/2 VMware VMMouse as /devices/platform/i8042/serio1/input/input4
[    2.711814] input: VirtualPS/2 VMware VMMouse as /devices/platform/i8042/serio1/input/input3
[    2.712431] rtc_cmos 00:05: RTC can wake from S4
[    2.713459] rtc_cmos 00:05: registered as rtc0
[    2.713811] rtc_cmos 00:05: setting system clock to 2023-02-23T20:41:12 UTC (1677184872)
[    2.714402] rtc_cmos 00:05: alarms up to one day, y3k, 242 bytes nvram, hpet irqs
[    2.714864] i2c /dev entries driver
[    2.715194] device-mapper: uevent: version 1.0.3
[    2.715704] device-mapper: ioctl: 4.43.0-ioctl (2020-10-01) initialised: dm-devel@redhat.com
[    2.716221] intel_pstate: CPU model not supported
[    2.716567] sdhci: Secure Digital Host Controller Interface driver
[    2.716934] sdhci: Copyright(c) Pierre Ossman
[    2.717252] sdhci-pltfm: SDHCI platform and OF driver helper
[    2.717721] ledtrig-cpu: registered to indicate activity on CPUs
[    2.718178] drop_monitor: Initializing network drop monitor service
[    2.719022] NET: Registered protocol family 10
[    2.721618] Segment Routing with IPv6
[    2.721892] NET: Registered protocol family 17
[    2.722361] 9pnet: Installing 9P2000 support
[    2.722680] Key type dns_resolver registered
[    2.723503] IPI shorthand broadcast: enabled
[    2.723795] sched_clock: Marking stable (2713287447, 10067678)->(2724713301, -1358176)
[    2.724496] registered taskstats version 1
[    2.724781] Loading compiled-in X.509 certificates
[    2.725215] zswap: loaded using pool lzo/zbud
[    2.725880] Key type ._fscrypt registered
[    2.726137] Key type .fscrypt registered
[    2.726377] Key type fscrypt-provisioning registered
[    2.727179] Key type encrypted registered
[    2.727450] ima: No TPM chip found, activating TPM-bypass!
[    2.727784] ima: Allocated hash algorithm: sha1
[    2.728091] ima: No architecture policies found
[    2.728416] evm: Initialising EVM extended attributes:
[    2.728756] evm: security.selinux
[    2.728958] evm: security.SMACK64
[    2.729158] evm: security.SMACK64EXEC
[    2.729378] evm: security.SMACK64TRANSMUTE
[    2.729623] evm: security.SMACK64MMAP
[    2.729843] evm: security.apparmor
[    2.730048] evm: security.ima
[    2.730230] evm: security.capability
[    2.730445] evm: HMAC attrs: 0x1
[    2.732611] PM:   Magic number: 11:957:700
[    2.733210] RAS: Correctable Errors collector initialized.
[    2.734231] md: Waiting for all devices to be available before autodetect
[    2.734640] md: If you don't use raid, use raid=noautodetect
[    2.734980] md: Autodetecting RAID arrays.
[    2.735238] md: autorun ...
[    2.735411] md: ... autorun DONE.
[    2.739173] EXT4-fs (sda): mounted filesystem with ordered data mode. Opts: (null). Quota mode: none.
[    2.739776] VFS: Mounted root (ext4 filesystem) readonly on device 8:0.
[    2.741257] devtmpfs: mounted
[    2.746782] Freeing unused decrypted memory: 2036K
[    2.748197] Freeing unused kernel image (initmem) memory: 2980K
[    2.764048] Write protecting the kernel read-only data: 40960k
[    2.766504] Freeing unused kernel image (text/rodata gap) memory: 2028K
[    2.767359] Freeing unused kernel image (rodata/data gap) memory: 748K
[    2.843761] x86/mm: Checked W+X mappings: passed, no W+X pages found.
[    2.844213] Run /sbin/init as init process
[    2.904253] random: fast init done
[    2.918087] systemd[1]: RTC configured in localtime, applying delta of 0 minutes to system time.
[    2.949566] systemd[1]: systemd 239 (239-49.el8) running in system mode. (+PAM +AUDIT +SELINUX +IMA -APPARMOR +SMACK +SYSVINIT +UTMP +LIBCRYPTSETUP +GCRYPT +GNUTLS +ACL +XZ +LZ4 +SECCOMP +BLKID +ELFUTILS +KMOD +IDN2 -IDN +PCRE2 default-hierarchy=legacy)
[    2.951054] systemd[1]: Detected virtualization kvm.
[    2.951374] systemd[1]: Detected architecture x86-64.

Welcome to [0;31mCentOS Stream 8[0m!

[    2.971055] systemd[1]: Set hostname to <test>.
[    3.068131] random: lvmconfig: uninitialized urandom read (4 bytes read)
[    3.148955] random: systemd: uninitialized urandom read (16 bytes read)
[    3.149547] systemd[1]: Started Forward Password Requests to Wall Directory Watch.
[[0;32m  OK  [0m] Started Forward Password Requests to Wall Directory Watch.
[    3.150551] random: systemd: uninitialized urandom read (16 bytes read)
[    3.153610] systemd[1]: Created slice system-getty.slice.
[[0;32m  OK  [0m] Created slice system-getty.slice.
[    3.154899] systemd[1]: Listening on Journal Socket.
[[0;32m  OK  [0m] Listening on Journal Socket.
[    3.159128] systemd[1]: Starting Load Kernel Modules...
         Starting Load Kernel Modules...
[    3.161673] systemd[1]: Starting Setup Virtual Console...
         Starting Setup Virtual Console...
[    3.162391] systemd[1]: Reached target Swap.
[[0;32m  OK  [0m] Reached target Swap.
[[0;32m  OK  [0m] Listening on Device-mapper event daemon FIFOs.
         Starting Remount Root and Kernel File Systems...
[[0;32m  OK  [0m] Created slice system-serial\x2dgetty.slice.
[[0;32m  OK  [0m] Listening on RPCbind Server Activation Socket.
[[0;32m  OK  [0m] Reached target RPC Port Mapper.
[[0;32m  OK  [0m] Listening on Process Core Dump Socket.
[[0;32m  OK  [0m] Set up automount Arbitrary Executabâ€¦rmats File System Automount Point.
[[0;32m  OK  [0m] Created slice system-sshd\x2dkeygen.slice.
[[0;32m  OK  [0m] Listening on Journal Socket (/dev/log).
         Starting Journal Service...
[[0;32m  OK  [0m] Listening on udev Control Socket.
[[0;32m  OK  [0m] Listening on multipathd control socket.
[[0;32m  OK  [0m] Listening on LVM2 poll daemon socket.
         Starting Monitoring of LVM2 mirrorsâ€¦ng dmeventd or progress polling...
[[0;32m  OK  [0m] Listening on udev Kernel Socket.
         Starting udev Coldplug all Devices...
[[0;32m  OK  [0m] Created slice User and Session Slice.
[[0;32m  OK  [0m] Reached target Slices.
         Mounting POSIX Message Queue File System...
[[0;32m  OK  [0m] Listening on initctl Compatibility Named Pipe.
         Mounting Kernel Debug File System...
         Mounting Huge Pages File System...
[[0;1;31mFAILED[0m] Failed to start Load Kernel Modules.
[    3.380232] EXT4-fs (sda): re-mounted. Opts: (null). Quota mode: none.
See 'systemctl status systemd-modules-load.service' for details.
[[0;32m  OK  [0m] Started Remount Root and Kernel File Systems.
[[0;32m  OK  [0m] Mounted POSIX Message Queue File System.
[[0;32m  OK  [0m] Started Journal Service.
[[0;32m  OK  [0m] Mounted Kernel Debug File System.
[[0;32m  OK  [0m] Mounted Huge Pages File System.
         Starting Load/Save Random Seed...
         Starting Create Static Device Nodes in /dev...
         Starting Flush Journal to Persistent Storage...
         Mounting Kernel Configuration File System...
         Mounting FUSE Control File System...
         Starting Apply Kernel Variables...
[[0;32m  OK  [0m] Started Setup Virtual Console.
[[0;32m  OK  [0m] Started Load/Save Random Seed.
[[0;32m  OK  [0m] Started Create Static Device Nodes in /dev.
[[0;32m  OK  [0m] Mounted Kernel Configuration File System.
[[0;32m  OK  [0m] Mounted FUSE Control File System.
         Starting udev Kernel Device Manager...
[[0;32m  OK  [0m] Started Apply Kernel Variables.
[[0;32m  OK  [0m] Started udev Coldplug all Devices.
         Starting udev Wait for Complete Device Initialization...
[[0;32m  OK  [0m] Started Flush Journal to Persistent Storage.
[[0;32m  OK  [0m] Started udev Kernel Device Manager.
         Starting Show Plymouth Boot Screen...
[[0;32m  OK  [0m] Started Show Plymouth Boot Screen.
[[0;32m  OK  [0m] Reached target Paths.
[[0;32m  OK  [0m] Reached target Local Encrypted Volumes.
[[0;32m  OK  [0m] Started Forward Password Requests to Plymouth Directory Watch.
[[0;32m  OK  [0m] Found device /dev/ttyS0.
[[0;32m  OK  [0m] Started Monitoring of LVM2 mirrors,â€¦sing dmeventd or progress polling.
[[0;32m  OK  [0m] Started udev Wait for Complete Device Initialization.
[[0;32m  OK  [0m] Listening on Load/Save RF Kill Switch Status /dev/rfkill Watch.
[[0;32m  OK  [0m] Reached target Local File Systems (Pre).
[[0;32m  OK  [0m] Reached target Local File Systems.
         Starting Create Volatile Files and Directories...
         Starting Restore /run/initramfs on shutdown...
         Starting Tell Plymouth To Write Out Runtime Data...
[[0;32m  OK  [0m] Started Restore /run/initramfs on shutdown.
[[0;32m  OK  [0m] Started Tell Plymouth To Write Out Runtime Data.
[[0;32m  OK  [0m] Started Create Volatile Files and Directories.
         Starting RPC Bind...
         Starting Security Auditing Service...
         Mounting RPC Pipe File System...
[[0;32m  OK  [0m] Mounted RPC Pipe File System.
[[0;32m  OK  [0m] Reached target rpc_pipefs.target.
[[0;32m  OK  [0m] Started RPC Bind.
[[0;32m  OK  [0m] Started Security Auditing Service.
         Starting Update UTMP about System Boot/Shutdown...
[[0;32m  OK  [0m] Started Update UTMP about System Boot/Shutdown.
[[0;32m  OK  [0m] Reached target System Initialization.
[[0;32m  OK  [0m] Listening on D-Bus System Message Bus Socket.
[[0;32m  OK  [0m] Started daily update of the root trust anchor for DNSSEC.
[[0;32m  OK  [0m] Started dnf makecache --timer.
[[0;32m  OK  [0m] Listening on SSSD Kerberos Cache Manager responder socket.
[[0;32m  OK  [0m] Reached target Sockets.
[[0;32m  OK  [0m] Reached target Basic System.
         Starting Authorization Manager...
         Starting Login Service...
[[0;32m  OK  [0m] Started Machine Check Exception Logging Daemon.
         Starting NTP client/server...
[[0;32m  OK  [0m] Started D-Bus System Message Bus.
         Starting Self Monitoring and Reporting Technology (SMART) Daemon...
[[0;32m  OK  [0m] Started irqbalance daemon.
[[0;32m  OK  [0m] Started Daily Cleanup of Temporary Directories.
[[0;32m  OK  [0m] Reached target Timers.
[[0;32m  OK  [0m] Reached target sshd-keygen.target.
         Starting Auto-connect to subsystemsâ€¦-NVME devices found during boot...
         Starting Network Manager...
[[0;32m  OK  [0m] Started Auto-connect to subsystems â€¦FC-NVME devices found during boot.
         Starting update of the root trust aâ€¦or DNSSEC validation in unbound...
[[0;32m  OK  [0m] Started Login Service.
[[0;32m  OK  [0m] Started Self Monitoring and Reporting Technology (SMART) Daemon.
[[0;32m  OK  [0m] Started Network Manager.
         Starting Network Manager Wait Online...
[[0;32m  OK  [0m] Reached target Network.
         Starting OpenSSH server daemon...
         Starting GSSAPI Proxy Daemon...
         Starting Dynamic System Tuning Daemon...
[[0;32m  OK  [0m] Started NTP client/server.
         Starting Hostname Service...
[[0;32m  OK  [0m] Started Authorization Manager.
[[0;32m  OK  [0m] Started Hostname Service.
         Starting Network Manager Script Dispatcher Service...
[    4.780884] e1000: eth0 NIC Link is Up 1000 Mbps Full Duplex, Flow Control: RX
[    4.781713] IPv6: ADDRCONF(NETDEV_CHANGE): eth0: link becomes ready
[[0;32m  OK  [0m] Started Network Manager Script Dispatcher Service.
[[0;32m  OK  [0m] Started Dynamic System Tuning Daemon.
[    5.728138] random: crng init done
[    5.728457] random: 7 urandom warning(s) missed due to ratelimiting
[[0;32m  OK  [0m] Started update of the root trust anâ€¦ for DNSSEC validation in unbound.
[[0;32m  OK  [0m] Started GSSAPI Proxy Daemon.
[[0;32m  OK  [0m] Reached target NFS client services.
[[0;32m  OK  [0m] Reached target Remote File Systems (Pre).
[[0;32m  OK  [0m] Reached target Remote File Systems.
         Starting Permit User Sessions...
[[0;32m  OK  [0m] Started OpenSSH server daemon.
[[0;32m  OK  [0m] Started Permit User Sessions.
         Starting Terminate Plymouth Boot Screen...
[[0;32m  OK  [0m] Started Command Scheduler.
         Starting Hold until boot process finishes up...

CentOS Stream 8
Kernel 5.11.0-f40ddce88593+ on an x86_64

test login: 