c[?7l[2J[0mSeaBIOS (version rel-1.16.0-0-gd239552ce722-prebuilt.qemu.org)


iPXE (http://ipxe.org) 00:03.0 CA00 PCI2.10 PnP PMM+7FF91000+7FEF1000 CA00
Press Ctrl-B to configure iPXE (PCI 00:03.0)...                                                                               


Booting from ROM..c[?7l[2J[    0.000000] Linux version 6.2.0-rc6-326a9e482e21+ (root@p-adls01) (gcc (GCC) 8.5.0 20210514 (Red Hat 8.5.0-18), GNU ld version 2.36.1-2.el8) #1 SMP PREEMPT_DYNAMIC Sun Mar 19 12:52:32 CST 2023
[    0.000000] Command line: console=ttyS0 root=/dev/sda earlyprintk=serial net.ifnames=0
[    0.000000] KERNEL supported cpus:
[    0.000000]   Intel GenuineIntel
[    0.000000]   AMD AuthenticAMD
[    0.000000]   Hygon HygonGenuine
[    0.000000]   Centaur CentaurHauls
[    0.000000]   zhaoxin   Shanghai  
[    0.000000] x86/fpu: Supporting XSAVE feature 0x001: 'x87 floating point registers'
[    0.000000] x86/fpu: Supporting XSAVE feature 0x002: 'SSE registers'
[    0.000000] x86/fpu: Supporting XSAVE feature 0x004: 'AVX registers'
[    0.000000] x86/fpu: Supporting XSAVE feature 0x200: 'Protection Keys User registers'
[    0.000000] x86/fpu: xstate_offset[2]:  576, xstate_sizes[2]:  256
[    0.000000] x86/fpu: xstate_offset[9]:  832, xstate_sizes[9]:    8
[    0.000000] x86/fpu: Enabled xstate features 0x207, context size is 840 bytes, using 'compacted' format.
[    0.000000] signal: max sigframe size: 3632
[    0.000000] BIOS-provided physical RAM map:
[    0.000000] BIOS-e820: [mem 0x0000000000000000-0x000000000009fbff] usable
[    0.000000] BIOS-e820: [mem 0x000000000009fc00-0x000000000009ffff] reserved
[    0.000000] BIOS-e820: [mem 0x00000000000f0000-0x00000000000fffff] reserved
[    0.000000] BIOS-e820: [mem 0x0000000000100000-0x000000007ffdffff] usable
[    0.000000] BIOS-e820: [mem 0x000000007ffe0000-0x000000007fffffff] reserved
[    0.000000] BIOS-e820: [mem 0x00000000feffc000-0x00000000feffffff] reserved
[    0.000000] BIOS-e820: [mem 0x00000000fffc0000-0x00000000ffffffff] reserved
[    0.000000] printk: bootconsole [earlyser0] enabled
[    0.000000] NX (Execute Disable) protection: active
[    0.000000] SMBIOS 2.8 present.
[    0.000000] DMI: QEMU Standard PC (i440FX + PIIX, 1996), BIOS rel-1.16.0-0-gd239552ce722-prebuilt.qemu.org 04/01/2014
[    0.000000] Hypervisor detected: KVM
[    0.000000] kvm-clock: Using msrs 4b564d01 and 4b564d00
[    0.000003] kvm-clock: using sched offset of 370833001 cycles
[    0.000327] clocksource: kvm-clock: mask: 0xffffffffffffffff max_cycles: 0x1cd42e4dffb, max_idle_ns: 881590591483 ns
[    0.001326] tsc: Detected 3609.600 MHz processor
[    0.007462] last_pfn = 0x7ffe0 max_arch_pfn = 0x400000000
[    0.007839] x86/PAT: Configuration [0-7]: WB  WC  UC- UC  WB  WP  UC- WT  
[    0.015858] found SMP MP-table at [mem 0x000f5ba0-0x000f5baf]
[    0.016330] Using GB pages for direct mapping
[    0.017645] ACPI: Early table checksum verification disabled
[    0.018012] ACPI: RSDP 0x00000000000F59C0 000014 (v00 BOCHS )
[    0.018371] ACPI: RSDT 0x000000007FFE1951 000034 (v01 BOCHS  BXPC     00000001 BXPC 00000001)
[    0.018922] ACPI: FACP 0x000000007FFE17FD 000074 (v01 BOCHS  BXPC     00000001 BXPC 00000001)
[    0.019448] ACPI: DSDT 0x000000007FFE0040 0017BD (v01 BOCHS  BXPC     00000001 BXPC 00000001)
[    0.019969] ACPI: FACS 0x000000007FFE0000 000040
[    0.020256] ACPI: APIC 0x000000007FFE1871 000080 (v01 BOCHS  BXPC     00000001 BXPC 00000001)
[    0.020776] ACPI: HPET 0x000000007FFE18F1 000038 (v01 BOCHS  BXPC     00000001 BXPC 00000001)
[    0.021297] ACPI: WAET 0x000000007FFE1929 000028 (v01 BOCHS  BXPC     00000001 BXPC 00000001)
[    0.021817] ACPI: Reserving FACP table memory at [mem 0x7ffe17fd-0x7ffe1870]
[    0.022245] ACPI: Reserving DSDT table memory at [mem 0x7ffe0040-0x7ffe17fc]
[    0.022667] ACPI: Reserving FACS table memory at [mem 0x7ffe0000-0x7ffe003f]
[    0.023090] ACPI: Reserving APIC table memory at [mem 0x7ffe1871-0x7ffe18f0]
[    0.023510] ACPI: Reserving HPET table memory at [mem 0x7ffe18f1-0x7ffe1928]
[    0.023948] ACPI: Reserving WAET table memory at [mem 0x7ffe1929-0x7ffe1950]
[    0.024939] No NUMA configuration found
[    0.025172] Faking a node at [mem 0x0000000000000000-0x000000007ffdffff]
[    0.025649] NODE_DATA(0) allocated [mem 0x7ffb5000-0x7ffdffff]
[    0.028669] Zone ranges:
[    0.028855]   DMA      [mem 0x0000000000001000-0x0000000000ffffff]
[    0.029234]   DMA32    [mem 0x0000000001000000-0x000000007ffdffff]
[    0.029608]   Normal   empty
[    0.029785]   Device   empty
[    0.029968] Movable zone start for each node
[    0.030223] Early memory node ranges
[    0.030458]   node   0: [mem 0x0000000000001000-0x000000000009efff]
[    0.030832]   node   0: [mem 0x0000000000100000-0x000000007ffdffff]
[    0.031210] Initmem setup node 0 [mem 0x0000000000001000-0x000000007ffdffff]
[    0.041799] On node 0, zone DMA: 1 pages in unavailable ranges
[    0.041935] On node 0, zone DMA: 97 pages in unavailable ranges
[    0.057015] On node 0, zone DMA32: 32 pages in unavailable ranges
[    0.057593] ACPI: PM-Timer IO Port: 0x608
[    0.058228] ACPI: LAPIC_NMI (acpi_id[0xff] dfl dfl lint[0x1])
[    0.058623] IOAPIC[0]: apic_id 0, version 17, address 0xfec00000, GSI 0-23
[    0.059051] ACPI: INT_SRC_OVR (bus 0 bus_irq 0 global_irq 2 dfl dfl)
[    0.059437] ACPI: INT_SRC_OVR (bus 0 bus_irq 5 global_irq 5 high level)
[    0.059839] ACPI: INT_SRC_OVR (bus 0 bus_irq 9 global_irq 9 high level)
[    0.060237] ACPI: INT_SRC_OVR (bus 0 bus_irq 10 global_irq 10 high level)
[    0.060645] ACPI: INT_SRC_OVR (bus 0 bus_irq 11 global_irq 11 high level)
[    0.061066] ACPI: Using ACPI (MADT) for SMP configuration information
[    0.061450] ACPI: HPET id: 0x8086a201 base: 0xfed00000
[    0.061773] TSC deadline timer available
[    0.062016] smpboot: Allowing 2 CPUs, 0 hotplug CPUs
[    0.062376] kvm-guest: KVM setup pv remote TLB flush
[    0.062674] kvm-guest: setup PV sched yield
[    0.062973] PM: hibernation: Registered nosave memory: [mem 0x00000000-0x00000fff]
[    0.063428] PM: hibernation: Registered nosave memory: [mem 0x0009f000-0x0009ffff]
[    0.063878] PM: hibernation: Registered nosave memory: [mem 0x000a0000-0x000effff]
[    0.064328] PM: hibernation: Registered nosave memory: [mem 0x000f0000-0x000fffff]
[    0.064783] [mem 0x80000000-0xfeffbfff] available for PCI devices
[    0.065148] Booting paravirtualized kernel on KVM
[    0.065446] clocksource: refined-jiffies: mask: 0xffffffff max_cycles: 0xffffffff, max_idle_ns: 7645519600211568 ns
[    0.066089] setup_percpu: NR_CPUS:8192 nr_cpumask_bits:2 nr_cpu_ids:2 nr_node_ids:1
[    0.067698] percpu: Embedded 64 pages/cpu s225280 r8192 d28672 u1048576
[    0.068283] kvm-guest: PV spinlocks enabled
[    0.068548] PV qspinlock hash table entries: 256 (order: 0, 4096 bytes, linear)
[    0.069020] Fallback order for Node 0: 0 
[    0.069280] Built 1 zonelists, mobility grouping on.  Total pages: 515808
[    0.069697] Policy zone: DMA32
[    0.069886] Kernel command line: net.ifnames=0 console=ttyS0 root=/dev/sda earlyprintk=serial net.ifnames=0
[    0.070903] random: crng init done
[    0.072137] Dentry cache hash table entries: 262144 (order: 9, 2097152 bytes, linear)
[    0.073042] Inode-cache hash table entries: 131072 (order: 8, 1048576 bytes, linear)
[    0.073651] mem auto-init: stack:off, heap alloc:off, heap free:off
[    0.077025] Memory: 1979232K/2096632K available (34816K kernel code, 4628K rwdata, 10004K rodata, 10176K init, 19776K bss, 117144K reserved, 0K cma-reserved)
[    0.078266] SLUB: HWalign=64, Order=0-3, MinObjects=0, CPUs=2, Nodes=1
[    0.078652] kmemleak: Kernel memory leak detector disabled
[    0.079054] ftrace: allocating 68262 entries in 267 pages
[    0.098852] ftrace: allocated 267 pages with 4 groups
[    0.101735] Dynamic Preempt: voluntary
[    0.102125] Running RCU self tests
[    0.102328] rcu: Preemptible hierarchical RCU implementation.
[    0.102661] rcu: 	RCU lockdep checking is enabled.
[    0.102939] rcu: 	RCU restricting CPUs from NR_CPUS=8192 to nr_cpu_ids=2.
[    0.103333] 	Trampoline variant of Tasks RCU enabled.
[    0.103627] 	Rude variant of Tasks RCU enabled.
[    0.103894] 	Tracing variant of Tasks RCU enabled.
[    0.104178] rcu: RCU calculated value of scheduler-enlistment delay is 25 jiffies.
[    0.104624] rcu: Adjusting geometry for rcu_fanout_leaf=16, nr_cpu_ids=2
[    0.129250] NR_IRQS: 524544, nr_irqs: 440, preallocated irqs: 16
[    0.129907] rcu: srcu_init: Setting srcu_struct sizes based on contention.
[    0.135860] Console: colour VGA+ 80x25
[    0.136133] printk: console [ttyS0] enabled
[    0.136133] printk: console [ttyS0] enabled
[    0.136632] printk: bootconsole [earlyser0] disabled
[    0.136632] printk: bootconsole [earlyser0] disabled
[    0.137227] Lock dependency validator: Copyright (c) 2006 Red Hat, Inc., Ingo Molnar
[    0.137690] ... MAX_LOCKDEP_SUBCLASSES:  8
[    0.137943] ... MAX_LOCK_DEPTH:          48
[    0.138197] ... MAX_LOCKDEP_KEYS:        8192
[    0.138461] ... CLASSHASH_SIZE:          4096
[    0.138725] ... MAX_LOCKDEP_ENTRIES:     32768
[    0.138994] ... MAX_LOCKDEP_CHAINS:      65536
[    0.139263] ... CHAINHASH_SIZE:          32768
[    0.139534]  memory used by lock dependency info: 6365 kB
[    0.139859]  memory used for stack traces: 4224 kB
[    0.140148]  per task-struct memory footprint: 1920 bytes
[    0.140507] ACPI: Core revision 20221020
[    0.140919] clocksource: hpet: mask: 0xffffffff max_cycles: 0xffffffff, max_idle_ns: 19112604467 ns
[    0.141576] APIC: Switch to symmetric I/O mode setup
[    0.142008] x2apic enabled
[    0.142307] Switched APIC routing to physical x2apic.
[    0.142613] kvm-guest: setup PV IPIs
[    0.143515] ..TIMER: vector=0x30 apic1=0 pin1=2 apic2=-1 pin2=-1
[    0.143896] clocksource: tsc-early: mask: 0xffffffffffffffff max_cycles: 0x3407c077a8d, max_idle_ns: 440795342283 ns
[    0.144552] Calibrating delay loop (skipped) preset value.. 7219.20 BogoMIPS (lpj=14438400)
[    0.145066] pid_max: default: 32768 minimum: 301
[    0.145427] LSM: initializing lsm=capability,yama,integrity
[    0.148555] Yama: becoming mindful.
[    0.148927] Mount-cache hash table entries: 4096 (order: 3, 32768 bytes, linear)
[    0.149403] Mountpoint-cache hash table entries: 4096 (order: 3, 32768 bytes, linear)
[    0.151832] x86/cpu: User Mode Instruction Prevention (UMIP) activated
[    0.152767] Last level iTLB entries: 4KB 0, 2MB 0, 4MB 0
[    0.153114] Last level dTLB entries: 4KB 0, 2MB 0, 4MB 0, 1GB 0
[    0.153506] Spectre V1 : Mitigation: usercopy/swapgs barriers and __user pointer sanitization
[    0.154025] Spectre V2 : WARNING: Unprivileged eBPF is enabled with eIBRS on, data leaks possible via Spectre v2 BHB attacks!
[    0.154703] Spectre V2 : Mitigation: Enhanced IBRS
[    0.154987] Spectre V2 : Spectre v2 / SpectreRSB mitigation: Filling RSB on context switch
[    0.155476] Spectre V2 : Spectre v2 / PBRSB-eIBRS: Retire a single CALL on VMEXIT
[    0.155915] Spectre V2 : mitigation: Enabling conditional Indirect Branch Prediction Barrier
[    0.156541] Speculative Store Bypass: Mitigation: Speculative Store Bypass disabled via prctl
[    0.247114] Freeing SMP alternatives memory: 56K
[    0.247732] smpboot: CPU0: 12th Gen Intel(R) Core(TM) i7-12700K (family: 0x6, model: 0x97, stepping: 0x2)
[    0.248537] cblist_init_generic: Setting adjustable number of callback queues.
[    0.248537] cblist_init_generic: Setting shift to 1 and lim to 1.
[    0.248537] cblist_init_generic: Setting shift to 1 and lim to 1.
[    0.248537] cblist_init_generic: Setting shift to 1 and lim to 1.
[    0.248537] Running RCU-tasks wait API self tests
[    0.348654] Performance Events: Alderlake Hybrid events, full-width counters, Intel PMU driver.
[    0.349613] core: cpu_core PMU driver: 
[    0.349846] ... version:                2
[    0.350080] ... bit width:              48
[    0.350317] ... generic registers:      6
[    0.350549] ... value mask:             0000ffffffffffff
[    0.350852] ... max period:             00007fffffffffff
[    0.351156] ... fixed-purpose events:   3
[    0.351387] ... event mask:             0001000f0000003f
[    0.351874] rcu: Hierarchical SRCU implementation.
[    0.352159] rcu: 	Max phase no-delay instances is 1000.
[    0.353717] unchecked MSR access error: WRMSR to 0x38f (tried to write 0x0001000f0000003f) at rIP: 0xffffffff810dc90c (native_write_msr+0xc/0x30)
[    0.354495] Call Trace:
[    0.354644]  <TASK>
[    0.354775]  __intel_pmu_enable_all.constprop.46+0xb5/0x140
[    0.355115]  intel_pmu_enable_all+0x1e/0x30
[    0.355370]  x86_pmu_enable+0x46d/0x5a0
[    0.355625]  ? write_comp_data+0x2f/0x90
[    0.355868]  perf_pmu_enable+0x53/0x70
[    0.356100]  ctx_resched+0x14d/0x1e0
[    0.356323]  __perf_install_in_context+0x2f7/0x450
[    0.356537]  ? __pfx_remote_function+0x10/0x10
[    0.356537]  ? __pfx_remote_function+0x10/0x10
[    0.356537]  remote_function+0x80/0xa0
[    0.356537]  ? __pfx_remote_function+0x10/0x10
[    0.356537]  generic_exec_single+0x124/0x190
[    0.356537]  smp_call_function_single+0x11c/0x240
[    0.356537]  ? __pfx_remote_function+0x10/0x10
[    0.356537]  ? __sanitizer_cov_trace_pc+0x25/0x60
[    0.356537]  ? write_comp_data+0x2f/0x90
[    0.356537]  perf_install_in_context+0x2d8/0x300
[    0.356537]  ? __pfx___perf_install_in_context+0x10/0x10
[    0.356537]  perf_event_create_kernel_counter+0x284/0x2b0
[    0.356537]  ? __pfx_watchdog_overflow_callback+0x10/0x10
[    0.356537]  hardlockup_detector_event_create+0x46/0xd0
[    0.356537]  hardlockup_detector_perf_init+0x18/0x66
[    0.356537]  watchdog_nmi_probe+0x17/0x1d
[    0.356537]  lockup_detector_init+0x40/0xaf
[    0.356537]  kernel_init_freeable+0x264/0x422
[    0.356537]  ? __pfx_kernel_init+0x10/0x10
[    0.356537]  kernel_init+0x24/0x1e0
[    0.356537]  ? __pfx_kernel_init+0x10/0x10
[    0.356537]  ret_from_fork+0x29/0x50
[    0.356537]  </TASK>
[    0.356561] Callback from call_rcu_tasks_trace() invoked.
[    0.357043] smp: Bringing up secondary CPUs ...
[    0.357708] x86: Booting SMP configuration:
[    0.357960] .... node  #0, CPUs:      #1
[    0.358206] smp: Brought up 1 node, 2 CPUs
[    0.358206] smpboot: Max logical packages: 1
[    0.358206] smpboot: Total of 2 processors activated (14438.40 BogoMIPS)
[    0.361638] devtmpfs: initialized
[    0.361638] x86/mm: Memory block size: 128MB
[    0.364562] clocksource: jiffies: mask: 0xffffffff max_cycles: 0xffffffff, max_idle_ns: 7645041785100000 ns
[    0.365127] futex hash table entries: 512 (order: 4, 65536 bytes, linear)
[    0.365716] pinctrl core: initialized pinctrl subsystem
[    0.366441] 
[    0.366538] *************************************************************
[    0.366937] **     NOTICE NOTICE NOTICE NOTICE NOTICE NOTICE NOTICE    **
[    0.367321] **                                                         **
[    0.367706] **  IOMMU DebugFS SUPPORT HAS BEEN ENABLED IN THIS KERNEL  **
[    0.368089] **                                                         **
[    0.368494] ** This means that this kernel is built to expose internal **
[    0.368549] ** IOMMU data structures, which may compromise security on **
[    0.368933] ** your system.                                            **
[    0.369330] **                                                         **
[    0.369714] ** If you see this message and you are not debugging the   **
[    0.370101] ** kernel, report this immediately to your vendor!         **
[    0.370488] **                                                         **
[    0.370871] **     NOTICE NOTICE NOTICE NOTICE NOTICE NOTICE NOTICE    **
[    0.371253] *************************************************************
[    0.371674] PM: RTC time: 04:53:11, date: 2023-03-19
[    0.374509] NET: Registered PF_NETLINK/PF_ROUTE protocol family
[    0.375343] DMA: preallocated 256 KiB GFP_KERNEL pool for atomic allocations
[    0.375759] DMA: preallocated 256 KiB GFP_KERNEL|GFP_DMA pool for atomic allocations
[    0.376207] DMA: preallocated 256 KiB GFP_KERNEL|GFP_DMA32 pool for atomic allocations
[    0.376581] audit: initializing netlink subsys (disabled)
[    0.376967] audit: type=2000 audit(1679201591.741:1): state=initialized audit_enabled=0 res=1
[    0.377069] thermal_sys: Registered thermal governor 'fair_share'
[    0.377107] thermal_sys: Registered thermal governor 'bang_bang'
[    0.377491] thermal_sys: Registered thermal governor 'step_wise'
[    0.377839] thermal_sys: Registered thermal governor 'user_space'
[    0.378216] cpuidle: using governor ladder
[    0.378808] cpuidle: using governor menu
[    0.379264] acpiphp: ACPI Hot Plug PCI Controller Driver version: 0.5
[    0.379872] PCI: Using configuration type 1 for base access
[    0.381260] kprobes: kprobe jump-optimization is enabled. All kprobes are optimized if possible.
[    0.550925] HugeTLB: registered 1.00 GiB page size, pre-allocated 0 pages
[    0.551339] HugeTLB: 16380 KiB vmemmap can be freed for a 1.00 GiB page
[    0.551718] HugeTLB: registered 2.00 MiB page size, pre-allocated 0 pages
[    0.552104] HugeTLB: 28 KiB vmemmap can be freed for a 2.00 MiB page
[    0.555098] ACPI: Added _OSI(Module Device)
[    0.555361] ACPI: Added _OSI(Processor Device)
[    0.555618] ACPI: Added _OSI(3.0 _SCP Extensions)
[    0.555889] ACPI: Added _OSI(Processor Aggregator Device)
[    0.560632] ACPI: 1 ACPI AML tables successfully acquired and loaded
[    0.563544] ACPI: Interpreter enabled
[    0.563837] ACPI: PM: (supports S0 S3 S4 S5)
[    0.564085] ACPI: Using IOAPIC for interrupt routing
[    0.564402] PCI: Using host bridge windows from ACPI; if necessary, use "pci=nocrs" and report a bug
[    0.564543] PCI: Using E820 reservations for host bridge windows
[    0.565425] ACPI: Enabled 2 GPEs in block 00 to 0F
[    0.578561] ACPI: PCI Root Bridge [PCI0] (domain 0000 [bus 00-ff])
[    0.578949] acpi PNP0A03:00: _OSC: OS supports [ASPM ClockPM Segments MSI EDR HPX-Type3]
[    0.579415] acpi PNP0A03:00: _OSC: not requesting OS control; OS requires [ExtendedConfig ASPM ClockPM MSI]
[    0.580017] acpi PNP0A03:00: fail to add MMCONFIG information, can't access extended configuration space under this bridge
[    0.582380] acpiphp: Slot [3] registered
[    0.582662] acpiphp: Slot [4] registered
[    0.582940] acpiphp: Slot [5] registered
[    0.583221] acpiphp: Slot [6] registered
[    0.583498] acpiphp: Slot [7] registered
[    0.583775] acpiphp: Slot [8] registered
[    0.584051] acpiphp: Slot [9] registered
[    0.584328] acpiphp: Slot [10] registered
[    0.584591] acpiphp: Slot [11] registered
[    0.584877] acpiphp: Slot [12] registered
[    0.585159] acpiphp: Slot [13] registered
[    0.585445] acpiphp: Slot [14] registered
[    0.585729] acpiphp: Slot [15] registered
[    0.586011] acpiphp: Slot [16] registered
[    0.586294] acpiphp: Slot [17] registered
[    0.586579] acpiphp: Slot [18] registered
[    0.586860] acpiphp: Slot [19] registered
[    0.587142] acpiphp: Slot [20] registered
[    0.587424] acpiphp: Slot [21] registered
[    0.587705] acpiphp: Slot [22] registered
[    0.587987] acpiphp: Slot [23] registered
[    0.588277] acpiphp: Slot [24] registered
[    0.588560] acpiphp: Slot [25] registered
[    0.588842] acpiphp: Slot [26] registered
[    0.589128] acpiphp: Slot [27] registered
[    0.589413] acpiphp: Slot [28] registered
[    0.589694] acpiphp: Slot [29] registered
[    0.589979] acpiphp: Slot [30] registered
[    0.590260] acpiphp: Slot [31] registered
[    0.590509] PCI host bridge to bus 0000:00
[    0.590750] pci_bus 0000:00: root bus resource [io  0x0000-0x0cf7 window]
[    0.591144] pci_bus 0000:00: root bus resource [io  0x0d00-0xffff window]
[    0.591537] pci_bus 0000:00: root bus resource [mem 0x000a0000-0x000bffff window]
[    0.591968] pci_bus 0000:00: root bus resource [mem 0x80000000-0xfebfffff window]
[    0.592399] pci_bus 0000:00: root bus resource [mem 0x100000000-0x17fffffff window]
[    0.592542] pci_bus 0000:00: root bus resource [bus 00-ff]
[    0.592942] pci 0000:00:00.0: [8086:1237] type 00 class 0x060000
[    0.595593] pci 0000:00:01.0: [8086:7000] type 00 class 0x060100
[    0.596470] pci 0000:00:01.1: [8086:7010] type 00 class 0x010180
[    0.597492] pci 0000:00:01.1: reg 0x20: [io  0xc040-0xc04f]
[    0.598247] pci 0000:00:01.1: legacy IDE quirk: reg 0x10: [io  0x01f0-0x01f7]
[    0.598661] pci 0000:00:01.1: legacy IDE quirk: reg 0x14: [io  0x03f6]
[    0.599039] pci 0000:00:01.1: legacy IDE quirk: reg 0x18: [io  0x0170-0x0177]
[    0.599458] pci 0000:00:01.1: legacy IDE quirk: reg 0x1c: [io  0x0376]
[    0.600048] pci 0000:00:01.3: [8086:7113] type 00 class 0x068000
[    0.600658] pci 0000:00:01.3: quirk: [io  0x0600-0x063f] claimed by PIIX4 ACPI
[    0.601106] pci 0000:00:01.3: quirk: [io  0x0700-0x070f] claimed by PIIX4 SMB
[    0.601878] pci 0000:00:02.0: [1234:1111] type 00 class 0x030000
[    0.603746] pci 0000:00:02.0: reg 0x10: [mem 0xfd000000-0xfdffffff pref]
[    0.605379] pci 0000:00:02.0: reg 0x18: [mem 0xfebf0000-0xfebf0fff]
[    0.608405] pci 0000:00:02.0: reg 0x30: [mem 0xfebe0000-0xfebeffff pref]
[    0.608648] pci 0000:00:02.0: Video device with shadowed ROM at [mem 0x000c0000-0x000dffff]
[    0.611751] pci 0000:00:03.0: [8086:100e] type 00 class 0x020000
[    0.612470] pci 0000:00:03.0: reg 0x10: [mem 0xfebc0000-0xfebdffff]
[    0.612807] pci 0000:00:03.0: reg 0x14: [io  0xc000-0xc03f]
[    0.614501] pci 0000:00:03.0: reg 0x30: [mem 0xfeb80000-0xfebbffff pref]
[    0.622521] ACPI: PCI: Interrupt link LNKA configured for IRQ 10
[    0.623171] ACPI: PCI: Interrupt link LNKB configured for IRQ 10
[    0.623791] ACPI: PCI: Interrupt link LNKC configured for IRQ 11
[    0.624430] ACPI: PCI: Interrupt link LNKD configured for IRQ 11
[    0.624680] ACPI: PCI: Interrupt link LNKS configured for IRQ 9
[    0.626120] iommu: Default domain type: Translated 
[    0.626433] iommu: DMA domain TLB invalidation policy: lazy mode 
[    0.627640] SCSI subsystem initialized
[    0.628092] ACPI: bus type USB registered
[    0.628371] usbcore: registered new interface driver usbfs
[    0.628567] usbcore: registered new interface driver hub
[    0.628899] usbcore: registered new device driver usb
[    0.629278] pps_core: LinuxPPS API ver. 1 registered
[    0.629562] pps_core: Software ver. 5.3.6 - Copyright 2005-2007 Rodolfo Giometti <giometti@linux.it>
[    0.630080] PTP clock support registered
[    0.630444] EDAC MC: Ver: 3.0.0
[    0.631941] NetLabel: Initializing
[    0.632154] NetLabel:  domain hash size = 128
[    0.632408] NetLabel:  protocols = UNLABELED CIPSOv4 CALIPSO
[    0.632593] NetLabel:  unlabeled traffic allowed by default
[    0.633522] PCI: Using ACPI for IRQ routing
[    0.633950] pci 0000:00:02.0: vgaarb: setting as boot VGA device
[    0.634307] pci 0000:00:02.0: vgaarb: bridge control possible
[    0.634637] pci 0000:00:02.0: vgaarb: VGA device added: decodes=io+mem,owns=io+mem,locks=none
[    0.635122] vgaarb: loaded
[    0.635658] hpet0: at MMIO 0xfed00000, IRQs 2, 8, 0
[    0.635957] hpet0: 3 comparators, 64-bit 100.000000 MHz counter
[    2.512342] clocksource: Switched to clocksource kvm-clock
[    2.512537] VFS: Disk quotas dquot_6.6.0
[    2.512537] VFS: Dquot-cache hash table entries: 512 (order 0, 4096 bytes)
[    2.512537] pnp: PnP ACPI init
[    2.512537] pnp: PnP ACPI: found 6 devices
[    2.521610] clocksource: acpi_pm: mask: 0xffffff max_cycles: 0xffffff, max_idle_ns: 2085701024 ns
[    2.522400] NET: Registered PF_INET protocol family
[    2.522839] IP idents hash table entries: 32768 (order: 6, 262144 bytes, linear)
[    2.524002] tcp_listen_portaddr_hash hash table entries: 1024 (order: 4, 73728 bytes, linear)
[    2.524534] Table-perturb hash table entries: 65536 (order: 6, 262144 bytes, linear)
[    2.525035] TCP established hash table entries: 16384 (order: 5, 131072 bytes, linear)
[    2.525673] TCP bind hash table entries: 16384 (order: 9, 2359296 bytes, linear)
[    2.538836] TCP: Hash tables configured (established 16384 bind 16384)
[    2.539425] UDP hash table entries: 1024 (order: 5, 163840 bytes, linear)
[    2.539898] UDP-Lite hash table entries: 1024 (order: 5, 163840 bytes, linear)
[    2.540485] NET: Registered PF_UNIX/PF_LOCAL protocol family
[    2.549039] Callback from call_rcu_tasks_rude() invoked.
[    2.549703] RPC: Registered named UNIX socket transport module.
[    2.550066] RPC: Registered udp transport module.
[    2.550345] RPC: Registered tcp transport module.
[    2.550622] RPC: Registered tcp NFSv4.1 backchannel transport module.
[    2.551015] pci_bus 0000:00: resource 4 [io  0x0000-0x0cf7 window]
[    2.551384] pci_bus 0000:00: resource 5 [io  0x0d00-0xffff window]
[    2.551751] pci_bus 0000:00: resource 6 [mem 0x000a0000-0x000bffff window]
[    2.552157] pci_bus 0000:00: resource 7 [mem 0x80000000-0xfebfffff window]
[    2.552573] pci_bus 0000:00: resource 8 [mem 0x100000000-0x17fffffff window]
[    2.553180] pci 0000:00:01.0: PIIX3: Enabling Passive Release
[    2.553529] pci 0000:00:00.0: Limiting direct PCI/PCI transfers
[    2.553955] PCI: CLS 0 bytes, default 64
[    2.554227] ACPI: bus type thunderbolt registered
[    2.554932] clocksource: tsc: mask: 0xffffffffffffffff max_cycles: 0x3407c077a8d, max_idle_ns: 440795342283 ns
[    2.616604] Callback from call_rcu_tasks() invoked.
[    2.638013] Initialise system trusted keyrings
[    2.638370] Key type blacklist registered
[    2.638786] workingset: timestamp_bits=36 max_order=19 bucket_order=0
[    2.639211] zbud: loaded
[    2.639909] squashfs: version 4.0 (2009/01/31) Phillip Lougher
[    2.640809] NFS: Registering the id_resolver key type
[    2.641129] Key type id_resolver registered
[    2.641379] Key type id_legacy registered
[    2.641642] nfs4filelayout_init: NFSv4 File Layout Driver Registering...
[    2.642054] nfs4flexfilelayout_init: NFSv4 Flexfile Layout Driver Registering...
[    2.642579] fuse: init (API version 7.38)
[    2.642918] SGI XFS with ACLs, security attributes, realtime, quota, no debug enabled
[    2.643898] 9p: Installing v9fs 9p2000 file system support
[    2.649403] Key type asymmetric registered
[    2.649684] Asymmetric key parser 'x509' registered
[    2.650029] Block layer SCSI generic (bsg) driver version 0.4 loaded (major 243)
[    2.650614] io scheduler mq-deadline registered
[    2.650914] io scheduler bfq registered
[    2.651576] shpchp: Standard Hot Plug PCI Controller Driver version: 0.4
[    2.652269] IPMI message handler: version 39.2
[    2.652593] ipmi device interface
[    2.654075] input: Power Button as /devices/LNXSYSTM:00/LNXPWRBN:00/input/input0
[    2.654804] ACPI: button: Power Button [PWRF]
[    2.655857] ERST DBG: ERST support is disabled.
[    2.656583] Serial: 8250/16550 driver, 32 ports, IRQ sharing enabled
[    2.657317] 00:04: ttyS0 at I/O 0x3f8 (irq = 4, base_baud = 115200) is a 16550A
[    2.664134] Linux agpgart interface v0.103
[    2.665009] ACPI: bus type drm_connector registered
[    2.674470] brd: module loaded
[    2.679908] loop: module loaded
[    2.683133] scsi host0: ata_piix
[    2.683735] scsi host1: ata_piix
[    2.684071] ata1: PATA max MWDMA2 cmd 0x1f0 ctl 0x3f6 bmdma 0xc040 irq 14
[    2.684472] ata2: PATA max MWDMA2 cmd 0x170 ctl 0x376 bmdma 0xc048 irq 15
[    2.685898] tun: Universal TUN/TAP device driver, 1.6
[    2.686582] e100: Intel(R) PRO/100 Network Driver
[    2.686869] e100: Copyright(c) 1999-2006 Intel Corporation
[    2.687220] e1000: Intel(R) PRO/1000 Network Driver
[    2.687509] e1000: Copyright (c) 1999-2006 Intel Corporation.
[    2.837066] ACPI: \_SB_.LNKC: Enabled at IRQ 11
[    2.844677] ata2: found unknown device (class 0)
[    2.845185] ata1: found unknown device (class 0)
[    2.845918] ata2.00: ATAPI: QEMU DVD-ROM, 2.5+, max UDMA/100
[    2.846381] ata1.00: ATA-7: QEMU HARDDISK, 2.5+, max UDMA/100
[    2.846729] ata1.00: 16777216 sectors, multi 16: LBA48 
[    2.847959] scsi 0:0:0:0: Direct-Access     ATA      QEMU HARDDISK    2.5+ PQ: 0 ANSI: 5
[    2.849545] sd 0:0:0:0: [sda] 16777216 512-byte logical blocks: (8.59 GB/8.00 GiB)
[    2.850015] sd 0:0:0:0: [sda] Write Protect is off
[    2.850334] sd 0:0:0:0: [sda] Write cache: enabled, read cache: enabled, doesn't support DPO or FUA
[    2.850887] sd 0:0:0:0: Attached scsi generic sg0 type 0
[    2.851311] sd 0:0:0:0: [sda] Preferred minimum I/O size 512 bytes
[    2.852097] scsi 1:0:0:0: CD-ROM            QEMU     QEMU DVD-ROM     2.5+ PQ: 0 ANSI: 5
[    2.873235] scsi 1:0:0:0: Attached scsi generic sg1 type 5
[    2.874242] sd 0:0:0:0: [sda] Attached SCSI disk
[    3.154914] e1000 0000:00:03.0 eth0: (PCI:33MHz:32-bit) 52:54:00:12:34:56
[    3.155346] e1000 0000:00:03.0 eth0: Intel(R) PRO/1000 Network Connection
[    3.155800] e1000e: Intel(R) PRO/1000 Network Driver
[    3.156083] e1000e: Copyright(c) 1999 - 2015 Intel Corporation.
[    3.156463] igb: Intel(R) Gigabit Ethernet Network Driver
[    3.156784] igb: Copyright (c) 2007-2014 Intel Corporation.
[    3.157173] PPP generic driver version 2.4.2
[    3.158049] VFIO - User Level meta-driver version: 0.3
[    3.158820] usbcore: registered new interface driver uas
[    3.159154] usbcore: registered new interface driver usb-storage
[    3.159598] i8042: PNP: PS/2 Controller [PNP0303:KBD,PNP0f13:MOU] at 0x60,0x64 irq 1,12
[    3.160592] serio: i8042 KBD port at 0x60,0x64 irq 1
[    3.160916] serio: i8042 AUX port at 0x60,0x64 irq 12
[    3.161951] mousedev: PS/2 mouse device common for all mice
[    3.162955] input: AT Translated Set 2 keyboard as /devices/platform/i8042/serio0/input/input1
[    3.164142] input: VirtualPS/2 VMware VMMouse as /devices/platform/i8042/serio1/input/input4
[    3.164691] rtc_cmos 00:05: RTC can wake from S4
[    3.165102] input: VirtualPS/2 VMware VMMouse as /devices/platform/i8042/serio1/input/input3
[    3.165701] rtc_cmos 00:05: registered as rtc0
[    3.166025] rtc_cmos 00:05: setting system clock to 2023-03-19T04:53:14 UTC (1679201594)
[    3.166645] rtc_cmos 00:05: alarms up to one day, y3k, 242 bytes nvram, hpet irqs
[    3.167107] i2c_dev: i2c /dev entries driver
[    3.167407] device-mapper: core: CONFIG_IMA_DISABLE_HTABLE is disabled. Duplicate IMA measurements will not be recorded in the IMA log.
[    3.168123] device-mapper: uevent: version 1.0.3
[    3.168567] device-mapper: ioctl: 4.47.0-ioctl (2022-07-28) initialised: dm-devel@redhat.com
[    3.169075] intel_pstate: CPU model not supported
[    3.169422] sdhci: Secure Digital Host Controller Interface driver
[    3.169784] sdhci: Copyright(c) Pierre Ossman
[    3.170092] sdhci-pltfm: SDHCI platform and OF driver helper
[    3.170493] ledtrig-cpu: registered to indicate activity on CPUs
[    3.171106] drop_monitor: Initializing network drop monitor service
[    3.171615] NET: Registered PF_INET6 protocol family
[    3.173872] Segment Routing with IPv6
[    3.174130] In-situ OAM (IOAM) with IPv6
[    3.174398] NET: Registered PF_PACKET protocol family
[    3.174845] 9pnet: Installing 9P2000 support
[    3.175147] Key type dns_resolver registered
[    3.176011] IPI shorthand broadcast: enabled
[    3.187766] sched_clock: Marking stable (3174322912, 10219901)->(3201626752, -17083939)
[    3.188738] registered taskstats version 1
[    3.189185] Loading compiled-in X.509 certificates
[    3.189657] zswap: loaded using pool lzo/zbud
[    3.202083] Key type .fscrypt registered
[    3.202325] Key type fscrypt-provisioning registered
[    3.203252] Key type encrypted registered
[    3.203534] ima: No TPM chip found, activating TPM-bypass!
[    3.203866] ima: Allocated hash algorithm: sha1
[    3.204158] ima: No architecture policies found
[    3.204462] evm: Initialising EVM extended attributes:
[    3.204774] evm: security.selinux
[    3.204977] evm: security.SMACK64
[    3.205176] evm: security.SMACK64EXEC
[    3.205394] evm: security.SMACK64TRANSMUTE
[    3.205636] evm: security.SMACK64MMAP
[    3.205854] evm: security.apparmor
[    3.206057] evm: security.ima
[    3.206237] evm: security.capability
[    3.206450] evm: HMAC attrs: 0x1
[    3.207674] PM:   Magic number: 15:170:869
[    3.208520] RAS: Correctable Errors collector initialized.
[    3.209706] md: Waiting for all devices to be available before autodetect
[    3.209979] md: If you don't use raid, use raid=noautodetect
[    3.210209] md: Autodetecting RAID arrays.
[    3.210379] md: autorun ...
[    3.210496] md: ... autorun DONE.
[    3.221447] EXT4-fs (sda): INFO: recovery required on readonly filesystem
[    3.221734] EXT4-fs (sda): write access will be enabled during recovery
[    3.271983] EXT4-fs (sda): recovery complete
[    3.277834] EXT4-fs (sda): mounted filesystem 23a53bb9-f815-47a5-b74c-5e08f7731193 with ordered data mode. Quota mode: none.
[    3.278333] VFS: Mounted root (ext4 filesystem) readonly on device 8:0.
[    3.279093] devtmpfs: mounted
[    3.286448] Freeing unused decrypted memory: 2036K
[    3.290153] Freeing unused kernel image (initmem) memory: 10176K
[    3.290466] Write protecting the kernel read-only data: 45056k
[    3.291672] Freeing unused kernel image (rodata/data gap) memory: 236K
[    3.361209] x86/mm: Checked W+X mappings: passed, no W+X pages found.
[    3.361521] Run /sbin/init as init process
[    3.426340] systemd[1]: RTC configured in localtime, applying delta of 0 minutes to system time.
[    3.447206] systemd[1]: systemd 239 (239-49.el8) running in system mode. (+PAM +AUDIT +SELINUX +IMA -APPARMOR +SMACK +SYSVINIT +UTMP +LIBCRYPTSETUP +GCRYPT +GNUTLS +ACL +XZ +LZ4 +SECCOMP +BLKID +ELFUTILS +KMOD +IDN2 -IDN +PCRE2 default-hierarchy=legacy)
[    3.448246] systemd[1]: Detected virtualization kvm.
[    3.448458] systemd[1]: Detected architecture x86-64.

Welcome to [0;31mCentOS Stream 8[0m!

[    3.502855] systemd[1]: Set hostname to <test>.
[    3.729316] systemd[1]: Created slice system-sshd\x2dkeygen.slice.
[[0;32m  OK  [0m] Created slice system-sshd\x2dkeygen.slice.
[    3.730688] systemd[1]: Created slice system-serial\x2dgetty.slice.
[[0;32m  OK  [0m] Created slice system-serial\x2dgetty.slice.
[    3.731520] systemd[1]: Listening on Journal Socket (/dev/log).
[[0;32m  OK  [0m] Listening on Journal Socket (/dev/log).
[    3.732254] systemd[1]: Listening on multipathd control socket.
[[0;32m  OK  [0m] Listening on multipathd control socket.
[    3.733004] systemd[1]: Listening on udev Kernel Socket.
[[0;32m  OK  [0m] Listening on udev Kernel Socket.
[    3.734066] systemd[1]: Listening on RPCbind Server Activation Socket.
[[0;32m  OK  [0m] Listening on RPCbind Server Activation Socket.
[[0;32m  OK  [0m] Listening on Journal Socket.
         Starting Journal Service...
         Starting Load Kernel Modules...
         Starting Setup Virtual Console...
[[0;32m  OK  [0m] Listening on initctl Compatibility Named Pipe.
         Mounting POSIX Message Queue File System...
         Starting Remount Root and Kernel File Systems...
[[0;32m  OK  [0m] Listening on Process Core Dump Socket.
[[0;32m  OK  [0m] Reached target Swap.
[[0;32m  OK  [0m] Started Forward Password Requests to Wall Directory Watch.
[[0;32m  OK  [0m] Created slice User and Session Slice.
[[0;32m  OK  [0m] Reached target Slices.
[[0;32m  OK  [0m] Listening on udev Control Socket.
         Starting udev Coldplug all Devices...
[[0;32m  OK  [0m] Created slice system-getty.slice.
[[0;32m  OK  [0m] Set up automount Arbitrary Executabâ€¦rmats File System Automount Point.
         Mounting Kernel Debug File System...
[[0;32m  OK  [0m] Listening on LVM2 poll daemon socket.
         Mounting Huge Pages File System...
[[0;32m  OK  [0m] Listening on Device-mapper event daemon FIFOs.
         Starting Monitoring of LVM2 mirrorsâ€¦ng dmeventd or progress polling...
[[0;32m  OK  [0m] Reached target RPC Port Mapper.
[    4.008764] EXT4-fs (sda): re-mounted 23a53bb9-f815-47a5-b74c-5e08f7731193. Quota mode: none.
[[0;32m  OK  [0m] Started Journal Service.
[[0;1;31mFAILED[0m] Failed to start Load Kernel Modules.
See 'systemctl status systemd-modules-load.service' for details.
[[0;32m  OK  [0m] Mounted POSIX Message Queue File System.
[[0;32m  OK  [0m] Started Remount Root and Kernel File Systems.
[[0;32m  OK  [0m] Started Setup Virtual Console.
[[0;32m  OK  [0m] Mounted Kernel Debug File System.
[[0;32m  OK  [0m] Mounted Huge Pages File System.
         Starting Load/Save Random Seed...
         Starting Create Static Device Nodes in /dev...
         Mounting FUSE Control File System...
         Mounting Kernel Configuration File System...
         Starting Apply Kernel Variables...
         Starting Flush Journal to Persistent Storage...
[[0;32m  OK  [0m] Started Load/Save Random Seed.
[[0;32m  OK  [0m] Started Create Static Device Nodes in /dev.
[[0;32m  OK  [0m] Mounted FUSE Control File System.
[[0;32m  OK  [0m] Mounted Kernel Configuration File System.
[[0;32m  OK  [0m] Started Apply Kernel Variables.
         Starting udev Kernel Device Manager...
[[0;32m  OK  [0m] Started Flush Journal to Persistent Storage.
[[0;32m  OK  [0m] Started udev Coldplug all Devices.
         Starting udev Wait for Complete Device Initialization...
[[0;32m  OK  [0m] Started udev Kernel Device Manager.
         Starting Show Plymouth Boot Screen...
[[0;32m  OK  [0m] Started Show Plymouth Boot Screen.
[[0;32m  OK  [0m] Reached target Paths.
[[0;32m  OK  [0m] Reached target Local Encrypted Volumes.
[[0;32m  OK  [0m] Started Forward Password Requests to Plymouth Directory Watch.
[[0;32m  OK  [0m] Found device /dev/ttyS0.
[[0;32m  OK  [0m] Started Monitoring of LVM2 mirrors,â€¦sing dmeventd or progress polling.
[[0;32m  OK  [0m] Started udev Wait for Complete Device Initialization.
[[0;32m  OK  [0m] Listening on Load/Save RF Kill Switch Status /dev/rfkill Watch.
[[0;32m  OK  [0m] Reached target Local File Systems (Pre).
[[0;32m  OK  [0m] Reached target Local File Systems.
         Starting Create Volatile Files and Directories...
         Starting Tell Plymouth To Write Out Runtime Data...
         Starting Restore /run/initramfs on shutdown...
[[0;32m  OK  [0m] Started Tell Plymouth To Write Out Runtime Data.
[[0;32m  OK  [0m] Started Restore /run/initramfs on shutdown.
[[0;32m  OK  [0m] Started Create Volatile Files and Directories.
         Mounting RPC Pipe File System...
         Starting RPC Bind...
         Starting Security Auditing Service...
[[0;32m  OK  [0m] Mounted RPC Pipe File System.
[[0;32m  OK  [0m] Reached target rpc_pipefs.target.
[[0;32m  OK  [0m] Started RPC Bind.
[[0;32m  OK  [0m] Started Security Auditing Service.
         Starting Update UTMP about System Boot/Shutdown...
[[0;32m  OK  [0m] Started Update UTMP about System Boot/Shutdown.
[[0;32m  OK  [0m] Reached target System Initialization.
[[0;32m  OK  [0m] Started dnf makecache --timer.
[[0;32m  OK  [0m] Started Daily Cleanup of Temporary Directories.
[[0;32m  OK  [0m] Listening on D-Bus System Message Bus Socket.
[[0;32m  OK  [0m] Started daily update of the root trust anchor for DNSSEC.
[[0;32m  OK  [0m] Reached target Timers.
[[0;32m  OK  [0m] Listening on SSSD Kerberos Cache Manager responder socket.
[[0;32m  OK  [0m] Reached target Sockets.
[[0;32m  OK  [0m] Reached target Basic System.
[[0;32m  OK  [0m] Started Machine Check Exception Logging Daemon.
[[0;32m  OK  [0m] Started irqbalance daemon.
[[0;32m  OK  [0m] Started D-Bus System Message Bus.
         Starting NTP client/server...
[[0;32m  OK  [0m] Reached target sshd-keygen.target.
         Starting Login Service...
         Starting Network Manager...
         Starting Auto-connect to subsystemsâ€¦-NVME devices found during boot...
         Starting Authorization Manager...
         Starting Self Monitoring and Reporting Technology (SMART) Daemon...
[[0;32m  OK  [0m] Started Auto-connect to subsystems â€¦FC-NVME devices found during boot.
         Starting update of the root trust aâ€¦or DNSSEC validation in unbound...
[[0;32m  OK  [0m] Started Self Monitoring and Reporting Technology (SMART) Daemon.
[[0;32m  OK  [0m] Started Login Service.
[[0;32m  OK  [0m] Started update of the root trust anâ€¦ for DNSSEC validation in unbound.
[[0;32m  OK  [0m] Started Network Manager.
         Starting Network Manager Wait Online...
[[0;32m  OK  [0m] Reached target Network.
         Starting OpenSSH server daemon...
         Starting Dynamic System Tuning Daemon...
         Starting GSSAPI Proxy Daemon...
[[0;32m  OK  [0m] Started NTP client/server.
         Starting Hostname Service...
[[0;32m  OK  [0m] Started OpenSSH server daemon.
[[0;32m  OK  [0m] Started Authorization Manager.
[[0;32m  OK  [0m] Started GSSAPI Proxy Daemon.
[[0;32m  OK  [0m] Reached target NFS client services.
[[0;32m  OK  [0m] Reached target Remote File Systems (Pre).
[[0;32m  OK  [0m] Reached target Remote File Systems.
         Starting Permit User Sessions...
[[0;32m  OK  [0m] Started Permit User Sessions.
         Starting Terminate Plymouth Boot Screen...
[[0;32m  OK  [0m] Started Command Scheduler.
         Starting Hold until boot process finishes up...[[0;32m  OK  [0m] Started Terminate Plymouth Boot Screen.
[[0;32m  OK  [0m] Started Hold until boot process finishes up.
[    5.683092] e1000: eth0 NIC Link is Up 1000 Mbps Full Duplex, Flow Control: RX
[    5.683791] IPv6: ADDRCONF(NETDEV_CHANGE): eth0: link becomes ready
[    5.839440] Spectre V2 : WARNING: Unprivileged eBPF is enabled with eIBRS on, data leaks possible via Spectre v2 BHB attacks!
[    5.840108] Spectre V2 : WARNING: Unprivileged eBPF is enabled with eIBRS on, data leaks possible via Spectre v2 BHB attacks!

CentOS Stream 8
Kernel 6.2.0-rc6-326a9e482e21+ on an x86_64

test login: [   30.442057] hrtimer: interrupt took 11362713 ns
[   40.655442] rcu_tasks_wait_gp: rcu_tasks grace period number 9 (since boot) is 2569 jiffies old.
[   70.703379] rcu_tasks_wait_gp: rcu_tasks grace period number 9 (since boot) is 10081 jiffies old.
[  161.394711] rcu_tasks_wait_gp: rcu_tasks grace period number 9 (since boot) is 32754 jiffies old.
[  300.143601] INFO: task repro:541 blocked for more than 147 seconds.
[  300.146442]       Not tainted 6.2.0-rc6-326a9e482e21+ #1
[  300.147785] "echo 0 > /proc/sys/kernel/hung_task_timeout_secs" disables this message.
[  300.151126] task:repro           state:D stack:0     pid:541   ppid:520    flags:0x00004002
[  300.154375] Call Trace:
[  300.155429]  <TASK>
[  300.157675]  __schedule+0x385/0xb00
[  300.161197]  ? wait_for_completion+0x7b/0x180
[  300.162728]  schedule+0x5b/0xe0
[  300.164272]  schedule_timeout+0x561/0x650
[  300.167619]  ? schedule_timeout+0x9/0x650
[  300.171340]  ? wait_for_completion+0x7b/0x180
[  300.173908]  wait_for_completion+0xa6/0x180
[  300.177096]  __wait_rcu_gp+0x136/0x160
[  300.178920]  ? __pfx_arch_ftrace_ops_list_func+0x10/0x10
[  300.180325]  ? __pfx_arch_ftrace_ops_list_func+0x10/0x10
[  300.182291]  synchronize_rcu_tasks_generic.part.24+0x3b/0x60
[  300.183746]  ? __pfx_call_rcu_tasks+0x10/0x10
[  300.186310]  ? __pfx_wakeme_after_rcu+0x10/0x10
[  300.189187]  ? verify_cpu+0x90/0x100
[  300.191118]  synchronize_rcu_tasks_generic+0x2b/0x70
[  300.193045]  synchronize_rcu_tasks+0x19/0x20
[  300.194541]  ftrace_shutdown+0x1d2/0x410
[  300.197382]  unregister_ftrace_function+0x35/0x220
[  300.199307]  ? __sanitizer_cov_trace_switch+0x57/0xa0
[  300.203191]  perf_ftrace_event_register+0x95/0xf0
[  300.204972]  ? __pfx_tp_perf_event_destroy+0x10/0x10
[  300.206522]  perf_trace_destroy+0x3a/0xa0
[  300.207973]  ? __pfx_tp_perf_event_destroy+0x10/0x10
[  300.210628]  tp_perf_event_destroy+0x1e/0x30
[  300.212280]  _free_event+0x101/0x7e0
[  300.214765]  put_event+0x3c/0x50
[  300.216475]  perf_event_release_kernel+0x2de/0x360
[  300.218928]  ? perf_event_release_kernel+0x9/0x360
[  300.221508]  ? __pfx_perf_release+0x10/0x10
[  300.223309]  perf_release+0x22/0x30
[  300.225114]  __fput+0x11f/0x450
[  300.228015]  ____fput+0x1e/0x30
[  300.230676]  task_work_run+0xb6/0x120
[  300.233316]  do_exit+0x521/0x1340
[  300.235434]  ? write_comp_data+0x2f/0x90
[  300.239101]  do_group_exit+0x5e/0xf0
[  300.241595]  get_signal+0x14b6/0x14c0
[  300.246196]  arch_do_signal_or_restart+0x33/0x280
[  300.249491]  ? syscall_exit_to_user_mode+0x2d/0x60
[  300.251896]  exit_to_user_mode_prepare+0x13b/0x210
[  300.254881]  syscall_exit_to_user_mode+0x2d/0x60
[  300.256833]  do_syscall_64+0x4a/0x90
[  300.258425]  entry_SYSCALL_64_after_hwframe+0x72/0xdc
[  300.259825] RIP: 0033:0x7fc2b262659d
[  300.262712] RSP: 002b:00007fc2b24ffca8 EFLAGS: 00000246 ORIG_RAX: 000000000000012a
[  300.264937] RAX: 0000000000000003 RBX: 0000000000000000 RCX: 00007fc2b262659d
[  300.266453] RDX: 0000000000000000 RSI: 00000000ffffffff RDI: 00000000200004c0
[  300.267970] RBP: 00007fc2b24ffe00 R08: 0000000000000000 R09: 0000000000000000
[  300.270609] R10: 00000000ffffffff R11: 0000000000000246 R12: 00007ffd4b23581e
[  300.272124] R13: 00007ffd4b23581f R14: 00007ffd4b2358b0 R15: 00007fc2b2500700
[  300.278518]  </TASK>
[  300.282188] INFO: task repro:545 blocked for more than 147 seconds.
[  300.283669]       Not tainted 6.2.0-rc6-326a9e482e21+ #1
[  300.286886] "echo 0 > /proc/sys/kernel/hung_task_timeout_secs" disables this message.
[  300.288502] task:repro           state:D stack:0     pid:545   ppid:527    flags:0x00004002
[  300.291662] Call Trace:
[  300.292940]  <TASK>
[  300.294959]  __schedule+0x385/0xb00
[  300.298758]  schedule+0x5b/0xe0
[  300.300357]  schedule_preempt_disabled+0x1c/0x30
[  300.302988]  __mutex_lock+0x880/0xf30
[  300.305123]  ? perf_trace_destroy+0x21/0xa0
[  300.306588]  ? perf_trace_destroy+0x21/0xa0
[  300.310419]  ? __pfx_tp_perf_event_destroy+0x10/0x10
[  300.312506]  mutex_lock_nested+0x1f/0x30
[  300.314893]  ? mutex_lock_nested+0x1f/0x30
[  300.316332]  perf_trace_destroy+0x21/0xa0
[  300.318003]  ? __pfx_tp_perf_event_destroy+0x10/0x10
[  300.319536]  tp_perf_event_destroy+0x1e/0x30
[  300.322670]  _free_event+0x101/0x7e0
[  300.325146]  put_event+0x3c/0x50
[  300.326872]  perf_event_release_kernel+0x2de/0x360
[  300.328239]  ? perf_event_release_kernel+0x9/0x360
[  300.330825]  ? __pfx_perf_release+0x10/0x10
[  300.332830]  perf_release+0x22/0x30
[  300.334411]  __fput+0x11f/0x450
[  300.337500]  ____fput+0x1e/0x30
[  300.339091]  task_work_run+0xb6/0x120
[  300.341732]  do_exit+0x521/0x1340
[  300.343838]  ? write_comp_data+0x2f/0x90
[  300.347530]  do_group_exit+0x5e/0xf0
[  300.351265]  get_signal+0x14b6/0x14c0
[  300.356900]  arch_do_signal_or_restart+0x33/0x280
[  300.359979]  ? syscall_exit_to_user_mode+0x2d/0x60
[  300.363472]  exit_to_user_mode_prepare+0x13b/0x210
[  300.366426]  syscall_exit_to_user_mode+0x2d/0x60
[  300.368148]  do_syscall_64+0x4a/0x90
[  300.370846]  entry_SYSCALL_64_after_hwframe+0x72/0xdc
[  300.372282] RIP: 0033:0x7fc2b262659d
[  300.374688] RSP: 002b:00007fc2b24ffca8 EFLAGS: 00000246 ORIG_RAX: 000000000000012a
[  300.377717] RAX: 0000000000000003 RBX: 0000000000000000 RCX: 00007fc2b262659d
[  300.379234] RDX: 0000000000000000 RSI: 00000000ffffffff RDI: 00000000200004c0
[  300.381058] RBP: 00007fc2b24ffe00 R08: 0000000000000000 R09: 0000000000000000
[  300.382571] R10: 00000000ffffffff R11: 0000000000000246 R12: 00007ffd4b23581e
[  300.384086] R13: 00007ffd4b23581f R14: 00007ffd4b2358b0 R15: 00007fc2b2500700
[  300.390447]  </TASK>
[  300.394900] INFO: task repro:554 blocked for more than 147 seconds.
[  300.396368]       Not tainted 6.2.0-rc6-326a9e482e21+ #1
[  300.398037] "echo 0 > /proc/sys/kernel/hung_task_timeout_secs" disables this message.
[  300.399622] task:repro           state:D stack:0     pid:554   ppid:524    flags:0x00004002
[  300.403260] Call Trace:
[  300.404310]  <TASK>
[  300.406549]  __schedule+0x385/0xb00
[  300.410333]  schedule+0x5b/0xe0
[  300.411899]  schedule_preempt_disabled+0x1c/0x30
[  300.414520]  __mutex_lock+0x880/0xf30
[  300.416447]  ? perf_trace_destroy+0x21/0xa0
[  300.419011]  ? perf_trace_destroy+0x21/0xa0
[  300.422041]  ? __pfx_tp_perf_event_destroy+0x10/0x10
[  300.424127]  mutex_lock_nested+0x1f/0x30
[  300.426511]  ? mutex_lock_nested+0x1f/0x30
[  300.427956]  perf_trace_destroy+0x21/0xa0
[  300.430500]  ? __pfx_tp_perf_event_destroy+0x10/0x10
[  300.432032]  tp_perf_event_destroy+0x1e/0x30
[  300.434792]  _free_event+0x101/0x7e0
[  300.437286]  put_event+0x3c/0x50
[  300.439012]  perf_event_release_kernel+0x2de/0x360
[  300.440379]  ? perf_event_release_kernel+0x9/0x360
[  300.444235]  ? __pfx_perf_release+0x10/0x10
[  300.446255]  perf_release+0x22/0x30
[  300.447824]  __fput+0x11f/0x450
[  300.451776]  ____fput+0x1e/0x30
[  300.454847]  task_work_run+0xb6/0x120
[  300.458327]  do_exit+0x521/0x1340
[  300.460432]  ? write_comp_data+0x2f/0x90
[  300.464087]  do_group_exit+0x5e/0xf0
[  300.467446]  get_signal+0x14b6/0x14c0
[  300.472001]  arch_do_signal_or_restart+0x33/0x280
[  300.476164]  ? syscall_exit_to_user_mode+0x2d/0x60
[  300.479671]  exit_to_user_mode_prepare+0x13b/0x210
[  300.482622]  syscall_exit_to_user_mode+0x2d/0x60
[  300.484342]  do_syscall_64+0x4a/0x90
[  300.486150]  entry_SYSCALL_64_after_hwframe+0x72/0xdc
[  300.487543] RIP: 0033:0x7fc2b262659d
[  300.489966] RSP: 002b:00007fc2b24ffca8 EFLAGS: 00000246 ORIG_RAX: 000000000000012a
[  300.491931] RAX: 0000000000000003 RBX: 0000000000000000 RCX: 00007fc2b262659d
[  300.494575] RDX: 0000000000000000 RSI: 00000000ffffffff RDI: 00000000200004c0
[  300.496093] RBP: 00007fc2b24ffe00 R08: 0000000000000000 R09: 0000000000000000
[  300.498751] R10: 00000000ffffffff R11: 0000000000000246 R12: 00007ffd4b23581e
[  300.500274] R13: 00007ffd4b23581f R14: 00007ffd4b2358b0 R15: 00007fc2b2500700
[  300.507036]  </TASK>
[  300.509973] INFO: task repro:550 blocked for more than 147 seconds.
[  300.511439]       Not tainted 6.2.0-rc6-326a9e482e21+ #1
[  300.513023] "echo 0 > /proc/sys/kernel/hung_task_timeout_secs" disables this message.
[  300.514642] task:repro           state:D stack:0     pid:550   ppid:529    flags:0x00004002
[  300.517061] Call Trace:
[  300.518112]  <TASK>
[  300.520132]  __schedule+0x385/0xb00
[  300.525198]  schedule+0x5b/0xe0
[  300.526792]  schedule_preempt_disabled+0x1c/0x30
[  300.528310]  __mutex_lock+0x880/0xf30
[  300.530450]  ? perf_trace_destroy+0x21/0xa0
[  300.531897]  ? perf_trace_destroy+0x21/0xa0
[  300.535766]  ? __pfx_tp_perf_event_destroy+0x10/0x10
[  300.538921]  mutex_lock_nested+0x1f/0x30
[  300.540241]  ? mutex_lock_nested+0x1f/0x30
[  300.541910]  perf_trace_destroy+0x21/0xa0
[  300.543356]  ? __pfx_tp_perf_event_destroy+0x10/0x10
[  300.545121]  tp_perf_event_destroy+0x1e/0x30
[  300.546776]  _free_event+0x101/0x7e0
[  300.549238]  put_event+0x3c/0x50
[  300.550958]  perf_event_release_kernel+0x2de/0x360
[  300.552327]  ? perf_event_release_kernel+0x9/0x360
[  300.555712]  ? __pfx_perf_release+0x10/0x10
[  300.559016]  perf_release+0x22/0x30
[  300.562013]  __fput+0x11f/0x450
[  300.565160]  ____fput+0x1e/0x30
[  300.566736]  task_work_run+0xb6/0x120
[  300.569369]  do_exit+0x521/0x1340
[  300.571482]  ? write_comp_data+0x2f/0x90
[  300.574322]  do_group_exit+0x5e/0xf0
[  300.576817]  get_signal+0x14b6/0x14c0
[  300.581309]  arch_do_signal_or_restart+0x33/0x280
[  300.584418]  ? syscall_exit_to_user_mode+0x2d/0x60
[  300.587031]  exit_to_user_mode_prepare+0x13b/0x210
[  300.589113]  syscall_exit_to_user_mode+0x2d/0x60
[  300.590815]  do_syscall_64+0x4a/0x90
[  300.592396]  entry_SYSCALL_64_after_hwframe+0x72/0xdc
[  300.594897] RIP: 0033:0x7fc2b262659d
[  300.596243] RSP: 002b:00007fc2b24ffca8 EFLAGS: 00000246 ORIG_RAX: 000000000000012a
[  300.599254] RAX: 0000000000000003 RBX: 0000000000000000 RCX: 00007fc2b262659d
[  300.601003] RDX: 0000000000000000 RSI: 00000000ffffffff RDI: 00000000200004c0
[  300.602519] RBP: 00007fc2b24ffe00 R08: 0000000000000000 R09: 0000000000000000
[  300.604038] R10: 00000000ffffffff R11: 0000000000000246 R12: 00007ffd4b23581e
[  300.606683] R13: 00007ffd4b23581f R14: 00007ffd4b2358b0 R15: 00007fc2b2500700
[  300.612967]  </TASK>
[  300.615727] INFO: task repro:551 blocked for more than 147 seconds.
[  300.619104]       Not tainted 6.2.0-rc6-326a9e482e21+ #1
[  300.620468] "echo 0 > /proc/sys/kernel/hung_task_timeout_secs" disables this message.
[  300.626690] task:repro           state:D stack:0     pid:551   ppid:531    flags:0x00004002
[  300.629032] Call Trace:
[  300.630084]  <TASK>
[  300.632112]  __schedule+0x385/0xb00
[  300.638485]  schedule+0x5b/0xe0
[  300.640054]  schedule_preempt_disabled+0x1c/0x30
[  300.642681]  __mutex_lock+0x880/0xf30
[  300.645638]  ? perf_trace_destroy+0x21/0xa0
[  300.647143]  ? perf_trace_destroy+0x21/0xa0
[  300.650241]  ? __pfx_tp_perf_event_destroy+0x10/0x10
[  300.652313]  mutex_lock_nested+0x1f/0x30
[  300.654035]  ? mutex_lock_nested+0x1f/0x30
[  300.655476]  perf_trace_destroy+0x21/0xa0
[  300.657153]  ? __pfx_tp_perf_event_destroy+0x10/0x10
[  300.658683]  tp_perf_event_destroy+0x1e/0x30
[  300.660337]  _free_event+0x101/0x7e0
[  300.664081]  put_event+0x3c/0x50
[  300.666887]  perf_event_release_kernel+0x2de/0x360
[  300.668273]  ? perf_event_release_kernel+0x9/0x360
[  300.670865]  ? __pfx_perf_release+0x10/0x10
[  300.672873]  perf_release+0x22/0x30
[  300.674463]  __fput+0x11f/0x450
[  300.677562]  ____fput+0x1e/0x30
[  300.679150]  task_work_run+0xb6/0x120
[  300.681784]  do_exit+0x521/0x1340
[  300.683894]  ? write_comp_data+0x2f/0x90
[  300.687605]  do_group_exit+0x5e/0xf0
[  300.690931]  get_signal+0x14b6/0x14c0
[  300.695451]  arch_do_signal_or_restart+0x33/0x280
[  300.699930]  exit_to_user_mode_prepare+0x13b/0x210
[  300.702918]  syscall_exit_to_user_mode+0x2d/0x60
[  300.704853]  do_syscall_64+0x4a/0x90
[  300.706454]  entry_SYSCALL_64_after_hwframe+0x72/0xdc
[  300.707860] RIP: 0033:0x7fc2b262659d
[  300.710757] RSP: 002b:00007fc2b24ffca8 EFLAGS: 00000246 ORIG_RAX: 000000000000012a
[  300.712993] RAX: 0000000000000003 RBX: 0000000000000000 RCX: 00007fc2b262659d
[  300.714512] RDX: 0000000000000000 RSI: 00000000ffffffff RDI: 00000000200004c0
[  300.716032] RBP: 00007fc2b24ffe00 R08: 0000000000000000 R09: 0000000000000000
[  300.718696] R10: 00000000ffffffff R11: 0000000000000246 R12: 00007ffd4b23581e
[  300.720218] R13: 00007ffd4b23581f R14: 00007ffd4b2358b0 R15: 00007fc2b2500700
[  300.726631]  </TASK>
[  300.732095] INFO: task repro:556 blocked for more than 148 seconds.
[  300.735292]       Not tainted 6.2.0-rc6-326a9e482e21+ #1
[  300.738113] "echo 0 > /proc/sys/kernel/hung_task_timeout_secs" disables this message.
[  300.739696] task:repro           state:D stack:0     pid:556   ppid:528    flags:0x00004002
[  300.742969] Call Trace:
[  300.744030]  <TASK>
[  300.747121]  __schedule+0x385/0xb00
[  300.750941]  schedule+0x5b/0xe0
[  300.752519]  schedule_preempt_disabled+0x1c/0x30
[  300.755106]  __mutex_lock+0x880/0xf30
[  300.757229]  ? perf_trace_destroy+0x21/0xa0
[  300.758687]  ? perf_trace_destroy+0x21/0xa0
[  300.761665]  ? __pfx_tp_perf_event_destroy+0x10/0x10
[  300.763745]  mutex_lock_nested+0x1f/0x30
[  300.766519]  ? mutex_lock_nested+0x1f/0x30
[  300.767998]  perf_trace_destroy+0x21/0xa0
[  300.770971]  ? __pfx_tp_perf_event_destroy+0x10/0x10
[  300.772755]  tp_perf_event_destroy+0x1e/0x30
[  300.774422]  _free_event+0x101/0x7e0
[  300.776874]  put_event+0x3c/0x50
[  300.778598]  perf_event_release_kernel+0x2de/0x360
[  300.779968]  ? perf_event_release_kernel+0x9/0x360
[  300.783437]  ? __pfx_perf_release+0x10/0x10
[  300.786273]  perf_release+0x22/0x30
[  300.787857]  __fput+0x11f/0x450
[  300.791792]  ____fput+0x1e/0x30
[  300.794481]  task_work_run+0xb6/0x120
[  300.797140]  do_exit+0x521/0x1340
[  300.799200]  ? write_comp_data+0x2f/0x90
[  300.802824]  do_group_exit+0x5e/0xf0
[  300.806113]  get_signal+0x14b6/0x14c0
[  300.810615]  arch_do_signal_or_restart+0x33/0x280
[  300.813880]  ? syscall_exit_to_user_mode+0x2d/0x60
[  300.816269]  exit_to_user_mode_prepare+0x13b/0x210
[  300.819201]  syscall_exit_to_user_mode+0x2d/0x60
[  300.821929]  do_syscall_64+0x4a/0x90
[  300.823550]  entry_SYSCALL_64_after_hwframe+0x72/0xdc
[  300.826019] RIP: 0033:0x7fc2b262659d
[  300.827360] RSP: 002b:00007fc2b24ffca8 EFLAGS: 00000246 ORIG_RAX: 000000000000012a
[  300.830881] RAX: 0000000000000003 RBX: 0000000000000000 RCX: 00007fc2b262659d
[  300.832432] RDX: 0000000000000000 RSI: 00000000ffffffff RDI: 00000000200004c0
[  300.835022] RBP: 00007fc2b24ffe00 R08: 0000000000000000 R09: 0000000000000000
[  300.836539] R10: 00000000ffffffff R11: 0000000000000246 R12: 00007ffd4b23581e
[  300.839109] R13: 00007ffd4b23581f R14: 00007ffd4b2358b0 R15: 00007fc2b2500700
[  300.845412]  </TASK>
[  300.848146] INFO: task repro:558 blocked for more than 148 seconds.
[  300.850934]       Not tainted 6.2.0-rc6-326a9e482e21+ #1
[  300.852253] "echo 0 > /proc/sys/kernel/hung_task_timeout_secs" disables this message.
[  300.855789] task:repro           state:D stack:0     pid:558   ppid:533    flags:0x00004002
[  300.859092] Call Trace:
[  300.860144]  <TASK>
[  300.863242]  __schedule+0x385/0xb00
[  300.867091]  schedule+0x5b/0xe0
[  300.868972]  schedule_preempt_disabled+0x1c/0x30
[  300.870503]  __mutex_lock+0x880/0xf30
[  300.872418]  ? perf_trace_destroy+0x21/0xa0
[  300.874084]  ? perf_trace_destroy+0x21/0xa0
[  300.877088]  ? __pfx_tp_perf_event_destroy+0x10/0x10
[  300.879145]  mutex_lock_nested+0x1f/0x30
[  300.880408]  ? mutex_lock_nested+0x1f/0x30
[  300.882913]  perf_trace_destroy+0x21/0xa0
[  300.884368]  ? __pfx_tp_perf_event_destroy+0x10/0x10
[  300.886968]  tp_perf_event_destroy+0x1e/0x30
[  300.888923]  _free_event+0x101/0x7e0
[  300.891191]  put_event+0x3c/0x50
[  300.893110]  perf_event_release_kernel+0x2de/0x360
[  300.894488]  ? perf_event_release_kernel+0x9/0x360
[  300.897860]  ? __pfx_perf_release+0x10/0x10
[  300.899680]  perf_release+0x22/0x30
[  300.902311]  __fput+0x11f/0x450
[  300.906213]  ____fput+0x1e/0x30
[  300.907807]  task_work_run+0xb6/0x120
[  300.911321]  do_exit+0x521/0x1340
[  300.913630]  ? write_comp_data+0x2f/0x90
[  300.916252]  do_group_exit+0x5e/0xf0
[  300.918746]  get_signal+0x14b6/0x14c0
[  300.923202]  arch_do_signal_or_restart+0x33/0x280
[  300.927177]  ? syscall_exit_to_user_mode+0x2d/0x60
[  300.929788]  exit_to_user_mode_prepare+0x13b/0x210
[  300.931681]  syscall_exit_to_user_mode+0x2d/0x60
[  300.934438]  do_syscall_64+0x4a/0x90
[  300.936007]  entry_SYSCALL_64_after_hwframe+0x72/0xdc
[  300.938507] RIP: 0033:0x7fc2b262659d
[  300.939849] RSP: 002b:00007fc2b24ffca8 EFLAGS: 00000246 ORIG_RAX: 000000000000012a
[  300.942973] RAX: 0000000000000003 RBX: 0000000000000000 RCX: 00007fc2b262659d
[  300.944495] RDX: 0000000000000000 RSI: 00000000ffffffff RDI: 00000000200004c0
[  300.947083] RBP: 00007fc2b24ffe00 R08: 0000000000000000 R09: 0000000000000000
[  300.948909] R10: 00000000ffffffff R11: 0000000000000246 R12: 00007ffd4b23581e
[  300.950422] R13: 00007ffd4b23581f R14: 00007ffd4b2358b0 R15: 00007fc2b2500700
[  300.955651]  </TASK>
[  300.957635] 
[  300.957635] Showing all locks held in the system:
[  300.959065] 1 lock held by rcu_tasks_kthre/11:
[  300.960303]  #0: ffffffff83d617b0 (rcu_tasks.tasks_gp_mutex){+.+.}-{3:3}, at: rcu_tasks_one_gp+0x2d/0x3d0
[  300.966299] 1 lock held by rcu_tasks_rude_/12:
[  300.967543]  #0: ffffffff83d61530 (rcu_tasks_rude.tasks_gp_mutex){+.+.}-{3:3}, at: rcu_tasks_one_gp+0x2d/0x3d0
[  300.972501] 1 lock held by rcu_tasks_trace/13:
[  300.975962]  #0: ffffffff83d61270 (rcu_tasks_trace.tasks_gp_mutex){+.+.}-{3:3}, at: rcu_tasks_one_gp+0x2d/0x3d0
[  300.980100] 1 lock held by khungtaskd/29:
[  300.982402]  #0: ffffffff83d621c0 (rcu_read_lock){....}-{1:2}, at: debug_show_all_locks+0x27/0x18c
[  300.987267] 2 locks held by repro/541:
[  300.988438]  #0: ffffffff83e1e348 (event_mutex){+.+.}-{3:3}, at: perf_trace_destroy+0x21/0xa0
[  300.994388]  #1: ffffffff83e1aa28 (ftrace_lock){+.+.}-{3:3}, at: unregister_ftrace_function+0x2b/0x220
[  300.999320] 1 lock held by repro/545:
[  301.000473]  #0: ffffffff83e1e348 (event_mutex){+.+.}-{3:3}, at: perf_trace_destroy+0x21/0xa0
[  301.006397] 1 lock held by repro/554:
[  301.007548]  #0: ffffffff83e1e348 (event_mutex){+.+.}-{3:3}, at: perf_trace_destroy+0x21/0xa0
[  301.011630] 1 lock held by repro/550:
[  301.013012]  #0: ffffffff83e1e348 (event_mutex){+.+.}-{3:3}, at: perf_trace_destroy+0x21/0xa0
[  301.017018] 1 lock held by repro/551:
[  301.018169]  #0: ffffffff83e1e348 (event_mutex){+.+.}-{3:3}, at: perf_trace_destroy+0x21/0xa0
[  301.023077] 1 lock held by repro/556:
[  301.024231]  #0: ffffffff83e1e348 (event_mutex){+.+.}-{3:3}, at: perf_trace_destroy+0x21/0xa0
[  301.031066] 1 lock held by repro/558:
[  301.032219]  #0: ffffffff83e1e348 (event_mutex){+.+.}-{3:3}, at: perf_trace_destroy+0x21/0xa0
[  301.043094] 
[  301.044056] =============================================
[  301.044056] 
[  431.729919] rcu_tasks_wait_gp: rcu_tasks grace period number 9 (since boot) is 100338 jiffies old.
[  447.599420] INFO: task repro:541 blocked for more than 294 seconds.
[  447.602162]       Not tainted 6.2.0-rc6-326a9e482e21+ #1
[  447.603444] "echo 0 > /proc/sys/kernel/hung_task_timeout_secs" disables this message.
[  447.606679] task:repro           state:D stack:0     pid:541   ppid:520    flags:0x00004002
[  447.608969] Call Trace:
[  447.609985]  <TASK>
[  447.611926]  __schedule+0x385/0xb00
[  447.616111]  ? wait_for_completion+0x7b/0x180
[  447.618646]  schedule+0x5b/0xe0
[  447.620121]  schedule_timeout+0x561/0x650
[  447.624194]  ? schedule_timeout+0x9/0x650
[  447.627847]  ? wait_for_completion+0x7b/0x180
[  447.631180]  wait_for_completion+0xa6/0x180
[  447.634303]  __wait_rcu_gp+0x136/0x160
[  447.636079]  ? __pfx_arch_ftrace_ops_list_func+0x10/0x10
[  447.638549]  ? __pfx_arch_ftrace_ops_list_func+0x10/0x10
[  447.640253]  synchronize_rcu_tasks_generic.part.24+0x3b/0x60
[  447.641895]  ? __pfx_call_rcu_tasks+0x10/0x10
[  447.643350]  ? __pfx_wakeme_after_rcu+0x10/0x10
[  447.647048]  ? verify_cpu+0x90/0x100
[  447.649154]  synchronize_rcu_tasks_generic+0x2b/0x70
[  447.650870]  synchronize_rcu_tasks+0x19/0x20
[  447.652319]  ftrace_shutdown+0x1d2/0x410
[  447.655118]  unregister_ftrace_function+0x35/0x220
[  447.657253]  ? __sanitizer_cov_trace_switch+0x57/0xa0
[  447.659613]  perf_ftrace_event_register+0x95/0xf0
[  447.662698]  ? __pfx_tp_perf_event_destroy+0x10/0x10
[  447.664239]  perf_trace_destroy+0x3a/0xa0
[  447.666772]  ? __pfx_tp_perf_event_destroy+0x10/0x10
[  447.668276]  tp_perf_event_destroy+0x1e/0x30
[  447.670122]  _free_event+0x101/0x7e0
[  447.672340]  put_event+0x3c/0x50
[  447.674251]  perf_event_release_kernel+0x2de/0x360
[  447.675594]  ? perf_event_release_kernel+0x9/0x360
[  447.678965]  ? __pfx_perf_release+0x10/0x10
[  447.680971]  perf_release+0x22/0x30
[  447.682530]  __fput+0x11f/0x450
[  447.686374]  ____fput+0x1e/0x30
[  447.687914]  task_work_run+0xb6/0x120
[  447.691372]  do_exit+0x521/0x1340
[  447.693659]  ? write_comp_data+0x2f/0x90
[  447.696238]  do_group_exit+0x5e/0xf0
[  447.698680]  get_signal+0x14b6/0x14c0
[  447.703124]  arch_do_signal_or_restart+0x33/0x280
[  447.706322]  ? syscall_exit_to_user_mode+0x2d/0x60
[  447.708892]  exit_to_user_mode_prepare+0x13b/0x210
[  447.710729]  syscall_exit_to_user_mode+0x2d/0x60
[  447.712382]  do_syscall_64+0x4a/0x90
[  447.714971]  entry_SYSCALL_64_after_hwframe+0x72/0xdc
[  447.716340] RIP: 0033:0x7fc2b262659d
[  447.719287] RSP: 002b:00007fc2b24ffca8 EFLAGS: 00000246 ORIG_RAX: 000000000000012a
[  447.722309] RAX: 0000000000000003 RBX: 0000000000000000 RCX: 00007fc2b262659d
[  447.723794] RDX: 0000000000000000 RSI: 00000000ffffffff RDI: 00000000200004c0
[  447.726376] RBP: 00007fc2b24ffe00 R08: 0000000000000000 R09: 0000000000000000
[  447.727871] R10: 00000000ffffffff R11: 0000000000000246 R12: 00007ffd4b23581e
[  447.730466] R13: 00007ffd4b23581f R14: 00007ffd4b2358b0 R15: 00007fc2b2500700
[  447.735591]  </TASK>
[  447.738833] INFO: task repro:545 blocked for more than 295 seconds.
[  447.740260]       Not tainted 6.2.0-rc6-326a9e482e21+ #1
[  447.742873] "echo 0 > /proc/sys/kernel/hung_task_timeout_secs" disables this message.
[  447.744426] task:repro           state:D stack:0     pid:545   ppid:527    flags:0x00004002
[  447.749909] Call Trace:
[  447.750952]  <TASK>
[  447.753191]  __schedule+0x385/0xb00
[  447.757712]  schedule+0x5b/0xe0
[  447.759283]  schedule_preempt_disabled+0x1c/0x30
[  447.761015]  __mutex_lock+0x880/0xf30
[  447.762903]  ? perf_trace_destroy+0x21/0xa0
[  447.764328]  ? perf_trace_destroy+0x21/0xa0
[  447.767302]  ? __pfx_tp_perf_event_destroy+0x10/0x10
[  447.770388]  mutex_lock_nested+0x1f/0x30
[  447.771656]  ? mutex_lock_nested+0x1f/0x30
[  447.774531]  perf_trace_destroy+0x21/0xa0
[  447.775984]  ? __pfx_tp_perf_event_destroy+0x10/0x10
[  447.778578]  tp_perf_event_destroy+0x1e/0x30
[  447.780205]  _free_event+0x101/0x7e0
[  447.783513]  put_event+0x3c/0x50
[  447.785424]  perf_event_release_kernel+0x2de/0x360
[  447.786760]  ? perf_event_release_kernel+0x9/0x360
[  447.789287]  ? __pfx_perf_release+0x10/0x10
[  447.791056]  perf_release+0x22/0x30
[  447.792808]  __fput+0x11f/0x450
[  447.795654]  ____fput+0x1e/0x30
[  447.798265]  task_work_run+0xb6/0x120
[  447.801618]  do_exit+0x521/0x1340
[  447.803682]  ? write_comp_data+0x2f/0x90
[  447.807686]  do_group_exit+0x5e/0xf0
[  447.810976]  get_signal+0x14b6/0x14c0
[  447.815378]  arch_do_signal_or_restart+0x33/0x280
[  447.819255]  ? syscall_exit_to_user_mode+0x2d/0x60
[  447.821812]  exit_to_user_mode_prepare+0x13b/0x210
[  447.823648]  syscall_exit_to_user_mode+0x2d/0x60
[  447.826341]  do_syscall_64+0x4a/0x90
[  447.827885]  entry_SYSCALL_64_after_hwframe+0x72/0xdc
[  447.830323] RIP: 0033:0x7fc2b262659d
[  447.831642] RSP: 002b:00007fc2b24ffca8 EFLAGS: 00000246 ORIG_RAX: 000000000000012a
[  447.835075] RAX: 0000000000000003 RBX: 0000000000000000 RCX: 00007fc2b262659d
[  447.836781] RDX: 0000000000000000 RSI: 00000000ffffffff RDI: 00000000200004c0
[  447.838286] RBP: 00007fc2b24ffe00 R08: 0000000000000000 R09: 0000000000000000
[  447.839778] R10: 00000000ffffffff R11: 0000000000000246 R12: 00007ffd4b23581e
[  447.842368] R13: 00007ffd4b23581f R14: 00007ffd4b2358b0 R15: 00007fc2b2500700
[  447.848275]  </TASK>
[  447.851901] INFO: task repro:554 blocked for more than 295 seconds.
[  447.854598]       Not tainted 6.2.0-rc6-326a9e482e21+ #1
[  447.855886] "echo 0 > /proc/sys/kernel/hung_task_timeout_secs" disables this message.
[  447.858967] task:repro           state:D stack:0     pid:554   ppid:524    flags:0x00004002
[  447.862140] Call Trace:
[  447.863169]  <TASK>
[  447.865364]  __schedule+0x385/0xb00
[  447.869097]  schedule+0x5b/0xe0
[  447.870656]  schedule_preempt_disabled+0x1c/0x30
[  447.872154]  __mutex_lock+0x880/0xf30
[  447.875117]  ? perf_trace_destroy+0x21/0xa0
[  447.876765]  ? perf_trace_destroy+0x21/0xa0
[  447.879514]  ? __pfx_tp_perf_event_destroy+0x10/0x10
[  447.882593]  mutex_lock_nested+0x1f/0x30
[  447.883861]  ? mutex_lock_nested+0x1f/0x30
[  447.888132]  perf_trace_destroy+0x21/0xa0
[  447.890653]  ? __pfx_tp_perf_event_destroy+0x10/0x10
[  447.892159]  tp_perf_event_destroy+0x1e/0x30
[  447.895299]  _free_event+0x101/0x7e0
[  447.898540]  put_event+0x3c/0x50
[  447.900271]  perf_event_release_kernel+0x2de/0x360
[  447.901840]  ? perf_event_release_kernel+0x9/0x360
[  447.904153]  ? __pfx_perf_release+0x10/0x10
[  447.906994]  perf_release+0x22/0x30
[  447.909958]  __fput+0x11f/0x450
[  447.913046]  ____fput+0x1e/0x30
[  447.914585]  task_work_run+0xb6/0x120
[  447.917162]  do_exit+0x521/0x1340
[  447.919190]  ? write_comp_data+0x2f/0x90
[  447.921944]  do_group_exit+0x5e/0xf0
[  447.924174]  get_signal+0x14b6/0x14c0
[  447.929626]  arch_do_signal_or_restart+0x33/0x280
[  447.933634]  ? syscall_exit_to_user_mode+0x2d/0x60
[  447.935976]  exit_to_user_mode_prepare+0x13b/0x210
[  447.938878]  syscall_exit_to_user_mode+0x2d/0x60
[  447.940753]  do_syscall_64+0x4a/0x90
[  447.942315]  entry_SYSCALL_64_after_hwframe+0x72/0xdc
[  447.943684] RIP: 0033:0x7fc2b262659d
[  447.946062] RSP: 002b:00007fc2b24ffca8 EFLAGS: 00000246 ORIG_RAX: 000000000000012a
[  447.947986] RAX: 0000000000000003 RBX: 0000000000000000 RCX: 00007fc2b262659d
[  447.950565] RDX: 0000000000000000 RSI: 00000000ffffffff RDI: 00000000200004c0
[  447.952061] RBP: 00007fc2b24ffe00 R08: 0000000000000000 R09: 0000000000000000
[  447.955052] R10: 00000000ffffffff R11: 0000000000000246 R12: 00007ffd4b23581e
[  447.956514] R13: 00007ffd4b23581f R14: 00007ffd4b2358b0 R15: 00007fc2b2500700
[  447.962553]  </TASK>
[  447.966670] 
[  447.966670] Showing all locks held in the system:
[  447.968062] 1 lock held by rcu_tasks_kthre/11:
[  447.971061]  #0: ffffffff83d617b0 (rcu_tasks.tasks_gp_mutex){+.+.}-{3:3}, at: rcu_tasks_one_gp+0x2d/0x3d0
[  447.975046] 1 lock held by rcu_tasks_rude_/12:
[  447.976240]  #0: ffffffff83d61530 (rcu_tasks_rude.tasks_gp_mutex){+.+.}-{3:3}, at: rcu_tasks_one_gp+0x2d/0x3d0
[  447.983035] 1 lock held by rcu_tasks_trace/13:
[  447.984262]  #0: ffffffff83d61270 (rcu_tasks_trace.tasks_gp_mutex){+.+.}-{3:3}, at: rcu_tasks_one_gp+0x2d/0x3d0
[  447.990209] 1 lock held by khungtaskd/29:
[  447.991377]  #0: ffffffff83d621c0 (rcu_read_lock){....}-{1:2}, at: debug_show_all_locks+0x27/0x18c
[  447.995368] 1 lock held by systemd-journal/117:
[  447.997623] 2 locks held by repro/541:
[  447.998763]  #0: ffffffff83e1e348 (event_mutex){+.+.}-{3:3}, at: perf_trace_destroy+0x21/0xa0
[  448.002684]  #1: ffffffff83e1aa28 (ftrace_lock){+.+.}-{3:3}, at: unregister_ftrace_function+0x2b/0x220
[  448.006709] 1 lock held by repro/545:
[  448.007843]  #0: ffffffff83e1e348 (event_mutex){+.+.}-{3:3}, at: perf_trace_destroy+0x21/0xa0
[  448.015239] 1 lock held by repro/554:
[  448.016395]  #0: ffffffff83e1e348 (event_mutex){+.+.}-{3:3}, at: perf_trace_destroy+0x21/0xa0
[  448.020296] 1 lock held by repro/550:
[  448.022545]  #0: ffffffff83e1e348 (event_mutex){+.+.}-{3:3}, at: perf_trace_destroy+0x21/0xa0
[  448.027278] 1 lock held by repro/551:
[  448.028418]  #0: ffffffff83e1e348 (event_mutex){+.+.}-{3:3}, at: perf_trace_destroy+0x21/0xa0
[  448.034209] 1 lock held by repro/556:
[  448.035342]  #0: ffffffff83e1e348 (event_mutex){+.+.}-{3:3}, at: perf_trace_destroy+0x21/0xa0
[  448.040050] 1 lock held by repro/558:
[  448.042258]  #0: ffffffff83e1e348 (event_mutex){+.+.}-{3:3}, at: perf_trace_destroy+0x21/0xa0
[  448.047094] 
[  448.048010] =============================================
[  448.048010] 
[  630.415518] INFO: rcu_tasks detected stalls on tasks:
[  630.418266] 00000000cc863abe: .. nvcsw: 1/1 holdout: 1 idle_cpu: -1/1
[  630.419723] task:repro           state:R  running task     stack:0     pid:581   ppid:532    flags:0x00004004
[  630.422878] Call Trace:
[  630.423951]  <TASK>
[  630.426316]  ? __io_get_cqe+0x9/0x170
[  630.428122]  ? _raw_spin_unlock+0x26/0x50
[  630.430567]  __wake_up+0x17/0x20
[  630.431974]  io_cq_unlock_post+0x8a/0xb0
[  630.434400]  ? __io_cqring_overflow_flush+0x8a/0x370
[  630.436147]  ? __io_cqring_overflow_flush+0x213/0x370
[  630.438720]  ? write_comp_data+0x2f/0x90
[  630.440530]  ? prepare_to_wait_exclusive+0x63/0xa0
[  630.443341]  ? io_cqring_wait+0x36f/0x820
[  630.445729]  ? __might_resched+0x9/0x170
[  630.447672]  ? io_cqring_wait+0x70e/0x820
[  630.451069]  ? __pfx_io_wake_function+0x10/0x10
[  630.454490]  ? __x64_sys_io_uring_enter+0x27b/0x760
[  630.455939]  ? __pfx___x64_sys_io_uring_enter+0x10/0x10
[  630.461399]  ? do_syscall_64+0x3b/0x90
[  630.463055]  ? entry_SYSCALL_64_after_hwframe+0x72/0xdc
[  630.468318]  </TASK>
[ 1230.575137] INFO: rcu_tasks detected stalls on tasks:
[ 1230.576499] 00000000cc863abe: .. nvcsw: 1/1 holdout: 1 idle_cpu: -1/1
[ 1230.580232] task:repro           state:R  running task     stack:0     pid:581   ppid:532    flags:0x00004004
[ 1230.584429] Call Trace:
[ 1230.586552]  <TASK>
[ 1230.587563]  ? do_raw_spin_unlock+0x9/0xd0
[ 1230.590137]  ? _raw_spin_unlock+0x26/0x50
[ 1230.592162]  ? lockdep_hardirqs_off+0xa9/0xf0
[ 1230.594649]  ? _raw_spin_lock+0x36/0x50
[ 1230.596302]  ? do_raw_spin_unlock+0x9/0xd0
[ 1230.597846]  ? __io_cqring_overflow_flush+0x8a/0x370
[ 1230.599243]  ? _raw_spin_unlock_irqrestore+0x49/0x70
[ 1230.602818]  ? io_cqring_wait+0x36f/0x820
[ 1230.604375]  ? io_cqring_do_overflow_flush+0x38/0x90
[ 1230.607419]  ? io_cqring_wait+0x2c6/0x820
[ 1230.609972]  ? __pfx_io_wake_function+0x10/0x10
[ 1230.613495]  ? __x64_sys_io_uring_enter+0x27b/0x760
[ 1230.614968]  ? __pfx___x64_sys_io_uring_enter+0x10/0x10
[ 1230.619376]  ? do_syscall_64+0x3b/0x90
[ 1230.622035]  ? entry_SYSCALL_64_after_hwframe+0x72/0xdc
[ 1230.627364]  </TASK>
[ 1830.735653] INFO: rcu_tasks detected stalls on tasks:
[ 1830.738391] 00000000cc863abe: .. nvcsw: 1/1 holdout: 1 idle_cpu: -1/1
[ 1830.739817] task:repro           state:R  running task     stack:0     pid:581   ppid:532    flags:0x00004004
[ 1830.744258] Call Trace:
[ 1830.746421]  <TASK>
[ 1830.749671]  ? __io_cqring_overflow_flush+0x213/0x370
[ 1830.751309]  ? do_raw_spin_lock+0x9/0xd0
[ 1830.753630]  ? io_cqring_wait+0x36f/0x820
[ 1830.755077]  ? io_cqring_do_overflow_flush+0x38/0x90
[ 1830.757171]  ? io_cqring_wait+0x559/0x820
[ 1830.759449]  ? __pfx_io_wake_function+0x10/0x10
[ 1830.762861]  ? __x64_sys_io_uring_enter+0x27b/0x760
[ 1830.764271]  ? __pfx___x64_sys_io_uring_enter+0x10/0x10
[ 1830.768819]  ? do_syscall_64+0x3b/0x90
[ 1830.770456]  ? entry_SYSCALL_64_after_hwframe+0x72/0xdc
[ 1830.775635]  </TASK>
