c[?7l[2J[0mSeaBIOS (version rel-1.16.0-0-gd239552ce722-prebuilt.qemu.org)


iPXE (http://ipxe.org) 00:03.0 CA00 PCI2.10 PnP PMM+7FF91000+7FEF1000 CA00
Press Ctrl-B to configure iPXE (PCI 00:03.0)...                                                                               


Booting from ROM..c[?7l[2J[    0.000000] Linux version 6.2.0-rc8-79b02ec1d8ce+ (root@p-adls01) (gcc (GCC) 8.5.0 20210514 (Red Hat 8.5.0-18), GNU ld version 2.36.1-2.el8) #1 SMP PREEMPT_DYNAMIC Sun Mar 19 07:41:48 CST 2023
[    0.000000] Command line: console=ttyS0 root=/dev/sda earlyprintk=serial net.ifnames=0
[    0.000000] KERNEL supported cpus:
[    0.000000]   Intel GenuineIntel
[    0.000000]   AMD AuthenticAMD
[    0.000000]   Hygon HygonGenuine
[    0.000000]   Centaur CentaurHauls
[    0.000000]   zhaoxin   Shanghai  
[    0.000000] x86/fpu: Supporting XSAVE feature 0x001: 'x87 floating point registers'
[    0.000000] x86/fpu: Supporting XSAVE feature 0x002: 'SSE registers'
[    0.000000] x86/fpu: Supporting XSAVE feature 0x004: 'AVX registers'
[    0.000000] x86/fpu: Supporting XSAVE feature 0x200: 'Protection Keys User registers'
[    0.000000] x86/fpu: xstate_offset[2]:  576, xstate_sizes[2]:  256
[    0.000000] x86/fpu: xstate_offset[9]:  832, xstate_sizes[9]:    8
[    0.000000] x86/fpu: Enabled xstate features 0x207, context size is 840 bytes, using 'compacted' format.
[    0.000000] signal: max sigframe size: 3632
[    0.000000] BIOS-provided physical RAM map:
[    0.000000] BIOS-e820: [mem 0x0000000000000000-0x000000000009fbff] usable
[    0.000000] BIOS-e820: [mem 0x000000000009fc00-0x000000000009ffff] reserved
[    0.000000] BIOS-e820: [mem 0x00000000000f0000-0x00000000000fffff] reserved
[    0.000000] BIOS-e820: [mem 0x0000000000100000-0x000000007ffdffff] usable
[    0.000000] BIOS-e820: [mem 0x000000007ffe0000-0x000000007fffffff] reserved
[    0.000000] BIOS-e820: [mem 0x00000000feffc000-0x00000000feffffff] reserved
[    0.000000] BIOS-e820: [mem 0x00000000fffc0000-0x00000000ffffffff] reserved
[    0.000000] printk: bootconsole [earlyser0] enabled
[    0.000000] NX (Execute Disable) protection: active
[    0.000000] SMBIOS 2.8 present.
[    0.000000] DMI: QEMU Standard PC (i440FX + PIIX, 1996), BIOS rel-1.16.0-0-gd239552ce722-prebuilt.qemu.org 04/01/2014
[    0.000000] Hypervisor detected: KVM
[    0.000000] kvm-clock: Using msrs 4b564d01 and 4b564d00
[    0.000003] kvm-clock: using sched offset of 375151629 cycles
[    0.000329] clocksource: kvm-clock: mask: 0xffffffffffffffff max_cycles: 0x1cd42e4dffb, max_idle_ns: 881590591483 ns
[    0.001336] tsc: Detected 3609.600 MHz processor
[    0.007809] last_pfn = 0x7ffe0 max_arch_pfn = 0x400000000
[    0.008209] x86/PAT: Configuration [0-7]: WB  WC  UC- UC  WB  WP  UC- WT  
[    0.016699] found SMP MP-table at [mem 0x000f5ba0-0x000f5baf]
[    0.017176] Using GB pages for direct mapping
[    0.018602] ACPI: Early table checksum verification disabled
[    0.018979] ACPI: RSDP 0x00000000000F59C0 000014 (v00 BOCHS )
[    0.019351] ACPI: RSDT 0x000000007FFE1951 000034 (v01 BOCHS  BXPC     00000001 BXPC 00000001)
[    0.019898] ACPI: FACP 0x000000007FFE17FD 000074 (v01 BOCHS  BXPC     00000001 BXPC 00000001)
[    0.020441] ACPI: DSDT 0x000000007FFE0040 0017BD (v01 BOCHS  BXPC     00000001 BXPC 00000001)
[    0.020979] ACPI: FACS 0x000000007FFE0000 000040
[    0.021275] ACPI: APIC 0x000000007FFE1871 000080 (v01 BOCHS  BXPC     00000001 BXPC 00000001)
[    0.021812] ACPI: HPET 0x000000007FFE18F1 000038 (v01 BOCHS  BXPC     00000001 BXPC 00000001)
[    0.022349] ACPI: WAET 0x000000007FFE1929 000028 (v01 BOCHS  BXPC     00000001 BXPC 00000001)
[    0.022886] ACPI: Reserving FACP table memory at [mem 0x7ffe17fd-0x7ffe1870]
[    0.023320] ACPI: Reserving DSDT table memory at [mem 0x7ffe0040-0x7ffe17fc]
[    0.023752] ACPI: Reserving FACS table memory at [mem 0x7ffe0000-0x7ffe003f]
[    0.024184] ACPI: Reserving APIC table memory at [mem 0x7ffe1871-0x7ffe18f0]
[    0.024617] ACPI: Reserving HPET table memory at [mem 0x7ffe18f1-0x7ffe1928]
[    0.025049] ACPI: Reserving WAET table memory at [mem 0x7ffe1929-0x7ffe1950]
[    0.026030] No NUMA configuration found
[    0.026268] Faking a node at [mem 0x0000000000000000-0x000000007ffdffff]
[    0.026733] NODE_DATA(0) allocated [mem 0x7ffb5000-0x7ffdffff]
[    0.029960] Zone ranges:
[    0.030153]   DMA      [mem 0x0000000000001000-0x0000000000ffffff]
[    0.030548]   DMA32    [mem 0x0000000001000000-0x000000007ffdffff]
[    0.030932]   Normal   empty
[    0.031114]   Device   empty
[    0.031297] Movable zone start for each node
[    0.031560] Early memory node ranges
[    0.031780]   node   0: [mem 0x0000000000001000-0x000000000009efff]
[    0.032166]   node   0: [mem 0x0000000000100000-0x000000007ffdffff]
[    0.032554] Initmem setup node 0 [mem 0x0000000000001000-0x000000007ffdffff]
[    0.033272] On node 0, zone DMA: 1 pages in unavailable ranges
[    0.033374] On node 0, zone DMA: 97 pages in unavailable ranges
[    0.048505] On node 0, zone DMA32: 32 pages in unavailable ranges
[    0.049093] ACPI: PM-Timer IO Port: 0x608
[    0.049739] ACPI: LAPIC_NMI (acpi_id[0xff] dfl dfl lint[0x1])
[    0.050147] IOAPIC[0]: apic_id 0, version 17, address 0xfec00000, GSI 0-23
[    0.050590] ACPI: INT_SRC_OVR (bus 0 bus_irq 0 global_irq 2 dfl dfl)
[    0.050988] ACPI: INT_SRC_OVR (bus 0 bus_irq 5 global_irq 5 high level)
[    0.051400] ACPI: INT_SRC_OVR (bus 0 bus_irq 9 global_irq 9 high level)
[    0.051812] ACPI: INT_SRC_OVR (bus 0 bus_irq 10 global_irq 10 high level)
[    0.052232] ACPI: INT_SRC_OVR (bus 0 bus_irq 11 global_irq 11 high level)
[    0.052665] ACPI: Using ACPI (MADT) for SMP configuration information
[    0.053060] ACPI: HPET id: 0x8086a201 base: 0xfed00000
[    0.053392] TSC deadline timer available
[    0.053638] smpboot: Allowing 2 CPUs, 0 hotplug CPUs
[    0.054010] kvm-guest: KVM setup pv remote TLB flush
[    0.054318] kvm-guest: setup PV sched yield
[    0.054630] PM: hibernation: Registered nosave memory: [mem 0x00000000-0x00000fff]
[    0.055102] PM: hibernation: Registered nosave memory: [mem 0x0009f000-0x0009ffff]
[    0.055566] PM: hibernation: Registered nosave memory: [mem 0x000a0000-0x000effff]
[    0.056030] PM: hibernation: Registered nosave memory: [mem 0x000f0000-0x000fffff]
[    0.056499] [mem 0x80000000-0xfeffbfff] available for PCI devices
[    0.056875] Booting paravirtualized kernel on KVM
[    0.057183] clocksource: refined-jiffies: mask: 0xffffffff max_cycles: 0xffffffff, max_idle_ns: 7645519600211568 ns
[    0.057840] setup_percpu: NR_CPUS:8192 nr_cpumask_bits:2 nr_cpu_ids:2 nr_node_ids:1
[    0.059409] percpu: Embedded 64 pages/cpu s225280 r8192 d28672 u1048576
[    0.060023] kvm-guest: PV spinlocks enabled
[    0.060294] PV qspinlock hash table entries: 256 (order: 0, 4096 bytes, linear)
[    0.060775] Fallback order for Node 0: 0 
[    0.061048] Built 1 zonelists, mobility grouping on.  Total pages: 515808
[    0.061474] Policy zone: DMA32
[    0.061668] Kernel command line: net.ifnames=0 console=ttyS0 root=/dev/sda earlyprintk=serial net.ifnames=0
[    0.062706] random: crng init done
[    0.064168] Dentry cache hash table entries: 262144 (order: 9, 2097152 bytes, linear)
[    0.065085] Inode-cache hash table entries: 131072 (order: 8, 1048576 bytes, linear)
[    0.065709] mem auto-init: stack:off, heap alloc:off, heap free:off
[    0.068985] Memory: 1979232K/2096632K available (34816K kernel code, 4680K rwdata, 10004K rodata, 10180K init, 19720K bss, 117144K reserved, 0K cma-reserved)
[    0.070264] SLUB: HWalign=64, Order=0-3, MinObjects=0, CPUs=2, Nodes=1
[    0.070665] kmemleak: Kernel memory leak detector disabled
[    0.071075] ftrace: allocating 68264 entries in 267 pages
[    0.091609] ftrace: allocated 267 pages with 4 groups
[    0.094503] Dynamic Preempt: voluntary
[    0.094913] Running RCU self tests
[    0.095123] rcu: Preemptible hierarchical RCU implementation.
[    0.095462] rcu: 	RCU lockdep checking is enabled.
[    0.095745] rcu: 	RCU restricting CPUs from NR_CPUS=8192 to nr_cpu_ids=2.
[    0.096145] 	Trampoline variant of Tasks RCU enabled.
[    0.096446] 	Rude variant of Tasks RCU enabled.
[    0.096711] 	Tracing variant of Tasks RCU enabled.
[    0.096992] rcu: RCU calculated value of scheduler-enlistment delay is 25 jiffies.
[    0.097434] rcu: Adjusting geometry for rcu_fanout_leaf=16, nr_cpu_ids=2
[    0.122322] NR_IRQS: 524544, nr_irqs: 440, preallocated irqs: 16
[    0.122986] rcu: srcu_init: Setting srcu_struct sizes based on contention.
[    0.129021] Console: colour VGA+ 80x25
[    0.129300] printk: console [ttyS0] enabled
[    0.129300] printk: console [ttyS0] enabled
[    0.129810] printk: bootconsole [earlyser0] disabled
[    0.129810] printk: bootconsole [earlyser0] disabled
[    0.130414] Lock dependency validator: Copyright (c) 2006 Red Hat, Inc., Ingo Molnar
[    0.130887] ... MAX_LOCKDEP_SUBCLASSES:  8
[    0.131141] ... MAX_LOCK_DEPTH:          48
[    0.131400] ... MAX_LOCKDEP_KEYS:        8192
[    0.131672] ... CLASSHASH_SIZE:          4096
[    0.131943] ... MAX_LOCKDEP_ENTRIES:     32768
[    0.132219] ... MAX_LOCKDEP_CHAINS:      65536
[    0.132494] ... CHAINHASH_SIZE:          32768
[    0.132769]  memory used by lock dependency info: 6365 kB
[    0.133100]  memory used for stack traces: 4224 kB
[    0.133395]  per task-struct memory footprint: 1920 bytes
[    0.133763] ACPI: Core revision 20221020
[    0.134184] clocksource: hpet: mask: 0xffffffff max_cycles: 0xffffffff, max_idle_ns: 19112604467 ns
[    0.134850] APIC: Switch to symmetric I/O mode setup
[    0.135296] x2apic enabled
[    0.135598] Switched APIC routing to physical x2apic.
[    0.135912] kvm-guest: setup PV IPIs
[    0.136818] ..TIMER: vector=0x30 apic1=0 pin1=2 apic2=-1 pin2=-1
[    0.137205] clocksource: tsc-early: mask: 0xffffffffffffffff max_cycles: 0x3407c077a8d, max_idle_ns: 440795342283 ns
[    0.137861] Calibrating delay loop (skipped) preset value.. 7219.20 BogoMIPS (lpj=14438400)
[    0.138375] pid_max: default: 32768 minimum: 301
[    0.138734] LSM: initializing lsm=capability,yama,integrity
[    0.141865] Yama: becoming mindful.
[    0.142223] Mount-cache hash table entries: 4096 (order: 3, 32768 bytes, linear)
[    0.142688] Mountpoint-cache hash table entries: 4096 (order: 3, 32768 bytes, linear)
[    0.144124] x86/cpu: User Mode Instruction Prevention (UMIP) activated
[    0.145195] Last level iTLB entries: 4KB 0, 2MB 0, 4MB 0
[    0.145873] Last level dTLB entries: 4KB 0, 2MB 0, 4MB 0, 1GB 0
[    0.146273] Spectre V1 : Mitigation: usercopy/swapgs barriers and __user pointer sanitization
[    0.146793] Spectre V2 : WARNING: Unprivileged eBPF is enabled with eIBRS on, data leaks possible via Spectre v2 BHB attacks!
[    0.147472] Spectre V2 : Mitigation: Enhanced IBRS
[    0.147756] Spectre V2 : Spectre v2 / SpectreRSB mitigation: Filling RSB on context switch
[    0.148237] Spectre V2 : Spectre v2 / PBRSB-eIBRS: Retire a single CALL on VMEXIT
[    0.148678] Spectre V2 : mitigation: Enabling conditional Indirect Branch Prediction Barrier
[    0.149170] Speculative Store Bypass: Mitigation: Speculative Store Bypass disabled via prctl
[    0.241038] Freeing SMP alternatives memory: 56K
[    0.241678] smpboot: CPU0: 12th Gen Intel(R) Core(TM) i7-12700K (family: 0x6, model: 0x97, stepping: 0x2)
[    0.241848] cblist_init_generic: Setting adjustable number of callback queues.
[    0.241848] cblist_init_generic: Setting shift to 1 and lim to 1.
[    0.241848] cblist_init_generic: Setting shift to 1 and lim to 1.
[    0.241848] cblist_init_generic: Setting shift to 1 and lim to 1.
[    0.241848] Running RCU-tasks wait API self tests
[    0.341974] Performance Events: Alderlake Hybrid events, full-width counters, Intel PMU driver.
[    0.342949] core: cpu_core PMU driver: 
[    0.343188] ... version:                2
[    0.343427] ... bit width:              48
[    0.343669] ... generic registers:      6
[    0.343907] ... value mask:             0000ffffffffffff
[    0.344218] ... max period:             00007fffffffffff
[    0.344528] ... fixed-purpose events:   3
[    0.344765] ... event mask:             0001000f0000003f
[    0.345236] rcu: Hierarchical SRCU implementation.
[    0.345546] rcu: 	Max phase no-delay instances is 1000.
[    0.347156] unchecked MSR access error: WRMSR to 0x38f (tried to write 0x0001000f0000003f) at rIP: 0xffffffff810dc90c (native_write_msr+0xc/0x30)
[    0.347937] Call Trace:
[    0.348085]  <TASK>
[    0.348217]  __intel_pmu_enable_all.constprop.46+0xb5/0x140
[    0.348556]  intel_pmu_enable_all+0x1e/0x30
[    0.348814]  x86_pmu_enable+0x46d/0x5a0
[    0.349049]  ? write_comp_data+0x2f/0x90
[    0.349293]  perf_pmu_enable+0x53/0x70
[    0.349531]  ctx_resched+0x14d/0x1e0
[    0.349757]  __perf_install_in_context+0x2f7/0x450
[    0.349848]  ? __pfx_remote_function+0x10/0x10
[    0.349848]  ? __pfx_remote_function+0x10/0x10
[    0.349848]  remote_function+0x80/0xa0
[    0.349848]  ? __pfx_remote_function+0x10/0x10
[    0.349848]  generic_exec_single+0x124/0x190
[    0.349848]  smp_call_function_single+0x11c/0x240
[    0.349848]  ? __pfx_remote_function+0x10/0x10
[    0.349848]  ? __sanitizer_cov_trace_pc+0x25/0x60
[    0.349848]  ? write_comp_data+0x2f/0x90
[    0.349848]  perf_install_in_context+0x2d8/0x300
[    0.349848]  ? __pfx___perf_install_in_context+0x10/0x10
[    0.349848]  perf_event_create_kernel_counter+0x284/0x2b0
[    0.349848]  ? __pfx_watchdog_overflow_callback+0x10/0x10
[    0.349848]  hardlockup_detector_event_create+0x46/0xd0
[    0.349848]  hardlockup_detector_perf_init+0x18/0x66
[    0.349848]  watchdog_nmi_probe+0x17/0x1d
[    0.349848]  lockup_detector_init+0x40/0xaf
[    0.349848]  kernel_init_freeable+0x264/0x422
[    0.349848]  ? __pfx_kernel_init+0x10/0x10
[    0.349848]  kernel_init+0x24/0x1e0
[    0.349848]  ? __pfx_kernel_init+0x10/0x10
[    0.349848]  ret_from_fork+0x29/0x50
[    0.349848]  </TASK>
[    0.349873] Callback from call_rcu_tasks_trace() invoked.
[    0.350356] smp: Bringing up secondary CPUs ...
[    0.351011] x86: Booting SMP configuration:
[    0.351280] .... node  #0, CPUs:      #1
[    0.351523] smp: Brought up 1 node, 2 CPUs
[    0.351523] smpboot: Max logical packages: 1
[    0.351523] smpboot: Total of 2 processors activated (14438.40 BogoMIPS)
[    0.355059] devtmpfs: initialized
[    0.355059] x86/mm: Memory block size: 128MB
[    0.357979] clocksource: jiffies: mask: 0xffffffff max_cycles: 0xffffffff, max_idle_ns: 7645041785100000 ns
[    0.358563] futex hash table entries: 512 (order: 4, 65536 bytes, linear)
[    0.359172] pinctrl core: initialized pinctrl subsystem
[    0.359924] 
[    0.360022] *************************************************************
[    0.360419] **     NOTICE NOTICE NOTICE NOTICE NOTICE NOTICE NOTICE    **
[    0.360815] **                                                         **
[    0.361210] **  IOMMU DebugFS SUPPORT HAS BEEN ENABLED IN THIS KERNEL  **
[    0.361605] **                                                         **
[    0.361859] ** This means that this kernel is built to expose internal **
[    0.362255] ** IOMMU data structures, which may compromise security on **
[    0.362649] ** your system.                                            **
[    0.363047] **                                                         **
[    0.363443] ** If you see this message and you are not debugging the   **
[    0.363838] ** kernel, report this immediately to your vendor!         **
[    0.364234] **                                                         **
[    0.364628] **     NOTICE NOTICE NOTICE NOTICE NOTICE NOTICE NOTICE    **
[    0.365023] *************************************************************
[    0.365455] PM: RTC time: 23:42:27, date: 2023-03-18
[    0.368617] NET: Registered PF_NETLINK/PF_ROUTE protocol family
[    0.369468] DMA: preallocated 256 KiB GFP_KERNEL pool for atomic allocations
[    0.369863] DMA: preallocated 256 KiB GFP_KERNEL|GFP_DMA pool for atomic allocations
[    0.370328] DMA: preallocated 256 KiB GFP_KERNEL|GFP_DMA32 pool for atomic allocations
[    0.370827] audit: initializing netlink subsys (disabled)
[    0.371214] audit: type=2000 audit(1679182948.493:1): state=initialized audit_enabled=0 res=1
[    0.371214] thermal_sys: Registered thermal governor 'fair_share'
[    0.371214] thermal_sys: Registered thermal governor 'bang_bang'
[    0.371214] thermal_sys: Registered thermal governor 'step_wise'
[    0.371214] thermal_sys: Registered thermal governor 'user_space'
[    0.371503] cpuidle: using governor ladder
[    0.372116] cpuidle: using governor menu
[    0.373972] acpiphp: ACPI Hot Plug PCI Controller Driver version: 0.5
[    0.374596] PCI: Using configuration type 1 for base access
[    0.375687] kprobes: kprobe jump-optimization is enabled. All kprobes are optimized if possible.
[    0.569922] HugeTLB: registered 1.00 GiB page size, pre-allocated 0 pages
[    0.570341] HugeTLB: 16380 KiB vmemmap can be freed for a 1.00 GiB page
[    0.570730] HugeTLB: registered 2.00 MiB page size, pre-allocated 0 pages
[    0.571128] HugeTLB: 28 KiB vmemmap can be freed for a 2.00 MiB page
[    0.574828] ACPI: Added _OSI(Module Device)
[    0.575101] ACPI: Added _OSI(Processor Device)
[    0.575366] ACPI: Added _OSI(3.0 _SCP Extensions)
[    0.575648] ACPI: Added _OSI(Processor Aggregator Device)
[    0.580508] ACPI: 1 ACPI AML tables successfully acquired and loaded
[    0.583515] ACPI: Interpreter enabled
[    0.583830] ACPI: PM: (supports S0 S3 S4 S5)
[    0.584086] ACPI: Using IOAPIC for interrupt routing
[    0.584413] PCI: Using host bridge windows from ACPI; if necessary, use "pci=nocrs" and report a bug
[    0.584944] PCI: Using E820 reservations for host bridge windows
[    0.585848] ACPI: Enabled 2 GPEs in block 00 to 0F
[    0.599083] ACPI: PCI Root Bridge [PCI0] (domain 0000 [bus 00-ff])
[    0.599485] acpi PNP0A03:00: _OSC: OS supports [ASPM ClockPM Segments MSI EDR HPX-Type3]
[    0.599965] acpi PNP0A03:00: _OSC: not requesting OS control; OS requires [ExtendedConfig ASPM ClockPM MSI]
[    0.600584] acpi PNP0A03:00: fail to add MMCONFIG information, can't access extended configuration space under this bridge
[    0.603129] acpiphp: Slot [3] registered
[    0.603423] acpiphp: Slot [4] registered
[    0.603708] acpiphp: Slot [5] registered
[    0.603996] acpiphp: Slot [6] registered
[    0.604281] acpiphp: Slot [7] registered
[    0.604566] acpiphp: Slot [8] registered
[    0.604852] acpiphp: Slot [9] registered
[    0.605137] acpiphp: Slot [10] registered
[    0.605426] acpiphp: Slot [11] registered
[    0.605719] acpiphp: Slot [12] registered
[    0.605903] acpiphp: Slot [13] registered
[    0.606193] acpiphp: Slot [14] registered
[    0.606484] acpiphp: Slot [15] registered
[    0.606774] acpiphp: Slot [16] registered
[    0.607065] acpiphp: Slot [17] registered
[    0.607361] acpiphp: Slot [18] registered
[    0.607653] acpiphp: Slot [19] registered
[    0.607944] acpiphp: Slot [20] registered
[    0.608234] acpiphp: Slot [21] registered
[    0.608524] acpiphp: Slot [22] registered
[    0.608814] acpiphp: Slot [23] registered
[    0.609106] acpiphp: Slot [24] registered
[    0.609396] acpiphp: Slot [25] registered
[    0.609686] acpiphp: Slot [26] registered
[    0.609902] acpiphp: Slot [27] registered
[    0.610196] acpiphp: Slot [28] registered
[    0.610486] acpiphp: Slot [29] registered
[    0.610778] acpiphp: Slot [30] registered
[    0.611070] acpiphp: Slot [31] registered
[    0.611326] PCI host bridge to bus 0000:00
[    0.611572] pci_bus 0000:00: root bus resource [io  0x0000-0x0cf7 window]
[    0.611975] pci_bus 0000:00: root bus resource [io  0x0d00-0xffff window]
[    0.612378] pci_bus 0000:00: root bus resource [mem 0x000a0000-0x000bffff window]
[    0.612820] pci_bus 0000:00: root bus resource [mem 0x80000000-0xfebfffff window]
[    0.613263] pci_bus 0000:00: root bus resource [mem 0x100000000-0x17fffffff window]
[    0.613716] pci_bus 0000:00: root bus resource [bus 00-ff]
[    0.613931] pci 0000:00:00.0: [8086:1237] type 00 class 0x060000
[    0.616701] pci 0000:00:01.0: [8086:7000] type 00 class 0x060100
[    0.617594] pci 0000:00:01.1: [8086:7010] type 00 class 0x010180
[    0.618820] pci 0000:00:01.1: reg 0x20: [io  0xc040-0xc04f]
[    0.619597] pci 0000:00:01.1: legacy IDE quirk: reg 0x10: [io  0x01f0-0x01f7]
[    0.620024] pci 0000:00:01.1: legacy IDE quirk: reg 0x14: [io  0x03f6]
[    0.620409] pci 0000:00:01.1: legacy IDE quirk: reg 0x18: [io  0x0170-0x0177]
[    0.620830] pci 0000:00:01.1: legacy IDE quirk: reg 0x1c: [io  0x0376]
[    0.621415] pci 0000:00:01.3: [8086:7113] type 00 class 0x068000
[    0.622087] pci 0000:00:01.3: quirk: [io  0x0600-0x063f] claimed by PIIX4 ACPI
[    0.622516] pci 0000:00:01.3: quirk: [io  0x0700-0x070f] claimed by PIIX4 SMB
[    0.623157] pci 0000:00:02.0: [1234:1111] type 00 class 0x030000
[    0.624803] pci 0000:00:02.0: reg 0x10: [mem 0xfd000000-0xfdffffff pref]
[    0.626044] pci 0000:00:02.0: reg 0x18: [mem 0xfebf0000-0xfebf0fff]
[    0.630134] pci 0000:00:02.0: reg 0x30: [mem 0xfebe0000-0xfebeffff pref]
[    0.630712] pci 0000:00:02.0: Video device with shadowed ROM at [mem 0x000c0000-0x000dffff]
[    0.633810] pci 0000:00:03.0: [8086:100e] type 00 class 0x020000
[    0.634216] pci 0000:00:03.0: reg 0x10: [mem 0xfebc0000-0xfebdffff]
[    0.634892] pci 0000:00:03.0: reg 0x14: [io  0xc000-0xc03f]
[    0.636694] pci 0000:00:03.0: reg 0x30: [mem 0xfeb80000-0xfebbffff pref]
[    0.644875] ACPI: PCI: Interrupt link LNKA configured for IRQ 10
[    0.645558] ACPI: PCI: Interrupt link LNKB configured for IRQ 10
[    0.646179] ACPI: PCI: Interrupt link LNKC configured for IRQ 11
[    0.646829] ACPI: PCI: Interrupt link LNKD configured for IRQ 11
[    0.647325] ACPI: PCI: Interrupt link LNKS configured for IRQ 9
[    0.648758] iommu: Default domain type: Translated 
[    0.649061] iommu: DMA domain TLB invalidation policy: lazy mode 
[    0.650271] SCSI subsystem initialized
[    0.650714] ACPI: bus type USB registered
[    0.650995] usbcore: registered new interface driver usbfs
[    0.651366] usbcore: registered new interface driver hub
[    0.651702] usbcore: registered new device driver usb
[    0.652089] pps_core: LinuxPPS API ver. 1 registered
[    0.652383] pps_core: Software ver. 5.3.6 - Copyright 2005-2007 Rodolfo Giometti <giometti@linux.it>
[    0.652921] PTP clock support registered
[    0.653273] EDAC MC: Ver: 3.0.0
[    0.654723] NetLabel: Initializing
[    0.654941] NetLabel:  domain hash size = 128
[    0.655202] NetLabel:  protocols = UNLABELED CIPSOv4 CALIPSO
[    0.655587] NetLabel:  unlabeled traffic allowed by default
[    0.656189] PCI: Using ACPI for IRQ routing
[    0.656621] pci 0000:00:02.0: vgaarb: setting as boot VGA device
[    0.656988] pci 0000:00:02.0: vgaarb: bridge control possible
[    0.657328] pci 0000:00:02.0: vgaarb: VGA device added: decodes=io+mem,owns=io+mem,locks=none
[    0.657833] vgaarb: loaded
[    0.660126] hpet0: at MMIO 0xfed00000, IRQs 2, 8, 0
[    0.660440] hpet0: 3 comparators, 64-bit 100.000000 MHz counter
[    2.622796] clocksource: Switched to clocksource kvm-clock
[    2.664032] Callback from call_rcu_tasks_rude() invoked.
[    2.730037] Callback from call_rcu_tasks() invoked.
[    2.755889] VFS: Disk quotas dquot_6.6.0
[    2.756156] VFS: Dquot-cache hash table entries: 512 (order 0, 4096 bytes)
[    2.756780] pnp: PnP ACPI init
[    2.758445] pnp: PnP ACPI: found 6 devices
[    2.769070] clocksource: acpi_pm: mask: 0xffffff max_cycles: 0xffffff, max_idle_ns: 2085701024 ns
[    2.769875] NET: Registered PF_INET protocol family
[    2.770240] IP idents hash table entries: 32768 (order: 6, 262144 bytes, linear)
[    2.771352] tcp_listen_portaddr_hash hash table entries: 1024 (order: 4, 73728 bytes, linear)
[    2.771859] Table-perturb hash table entries: 65536 (order: 6, 262144 bytes, linear)
[    2.772343] TCP established hash table entries: 16384 (order: 5, 131072 bytes, linear)
[    2.772937] TCP bind hash table entries: 16384 (order: 9, 2359296 bytes, linear)
[    2.774779] TCP: Hash tables configured (established 16384 bind 16384)
[    2.775224] UDP hash table entries: 1024 (order: 5, 163840 bytes, linear)
[    2.775697] UDP-Lite hash table entries: 1024 (order: 5, 163840 bytes, linear)
[    2.776272] NET: Registered PF_UNIX/PF_LOCAL protocol family
[    2.776966] RPC: Registered named UNIX socket transport module.
[    2.777322] RPC: Registered udp transport module.
[    2.777596] RPC: Registered tcp transport module.
[    2.777886] RPC: Registered tcp NFSv4.1 backchannel transport module.
[    2.778284] pci_bus 0000:00: resource 4 [io  0x0000-0x0cf7 window]
[    2.778656] pci_bus 0000:00: resource 5 [io  0x0d00-0xffff window]
[    2.779020] pci_bus 0000:00: resource 6 [mem 0x000a0000-0x000bffff window]
[    2.779420] pci_bus 0000:00: resource 7 [mem 0x80000000-0xfebfffff window]
[    2.779819] pci_bus 0000:00: resource 8 [mem 0x100000000-0x17fffffff window]
[    2.780410] pci 0000:00:01.0: PIIX3: Enabling Passive Release
[    2.780753] pci 0000:00:00.0: Limiting direct PCI/PCI transfers
[    2.781176] PCI: CLS 0 bytes, default 64
[    2.781447] ACPI: bus type thunderbolt registered
[    2.781984] clocksource: tsc: mask: 0xffffffffffffffff max_cycles: 0x3407c077a8d, max_idle_ns: 440795342283 ns
[    2.785465] Initialise system trusted keyrings
[    2.785799] Key type blacklist registered
[    2.786182] workingset: timestamp_bits=36 max_order=19 bucket_order=0
[    2.786623] zbud: loaded
[    2.787370] squashfs: version 4.0 (2009/01/31) Phillip Lougher
[    2.788208] NFS: Registering the id_resolver key type
[    2.788518] Key type id_resolver registered
[    2.788763] Key type id_legacy registered
[    2.789018] nfs4filelayout_init: NFSv4 File Layout Driver Registering...
[    2.789420] nfs4flexfilelayout_init: NFSv4 Flexfile Layout Driver Registering...
[    2.789973] fuse: init (API version 7.38)
[    2.790432] SGI XFS with ACLs, security attributes, realtime, quota, no debug enabled
[    2.791305] 9p: Installing v9fs 9p2000 file system support
[    2.797034] Key type asymmetric registered
[    2.797313] Asymmetric key parser 'x509' registered
[    2.797649] Block layer SCSI generic (bsg) driver version 0.4 loaded (major 243)
[    2.798284] io scheduler mq-deadline registered
[    2.798594] io scheduler bfq registered
[    2.799126] shpchp: Standard Hot Plug PCI Controller Driver version: 0.4
[    2.799823] IPMI message handler: version 39.2
[    2.800118] ipmi device interface
[    2.801585] input: Power Button as /devices/LNXSYSTM:00/LNXPWRBN:00/input/input0
[    2.802262] ACPI: button: Power Button [PWRF]
[    2.803325] ERST DBG: ERST support is disabled.
[    2.804074] Serial: 8250/16550 driver, 32 ports, IRQ sharing enabled
[    2.804839] 00:04: ttyS0 at I/O 0x3f8 (irq = 4, base_baud = 115200) is a 16550A
[    2.811901] Linux agpgart interface v0.103
[    2.812748] ACPI: bus type drm_connector registered
[    2.822906] brd: module loaded
[    2.828809] loop: module loaded
[    2.832162] scsi host0: ata_piix
[    2.832750] scsi host1: ata_piix
[    2.833064] ata1: PATA max MWDMA2 cmd 0x1f0 ctl 0x3f6 bmdma 0xc040 irq 14
[    2.833455] ata2: PATA max MWDMA2 cmd 0x170 ctl 0x376 bmdma 0xc048 irq 15
[    2.834617] tun: Universal TUN/TAP device driver, 1.6
[    2.835075] e100: Intel(R) PRO/100 Network Driver
[    2.835353] e100: Copyright(c) 1999-2006 Intel Corporation
[    2.835706] e1000: Intel(R) PRO/1000 Network Driver
[    2.835993] e1000: Copyright (c) 1999-2006 Intel Corporation.
[    2.991009] ACPI: \_SB_.LNKC: Enabled at IRQ 11
[    2.994134] ata2: found unknown device (class 0)
[    2.994949] ata1: found unknown device (class 0)
[    2.995853] ata2.00: ATAPI: QEMU DVD-ROM, 2.5+, max UDMA/100
[    2.996639] ata1.00: ATA-7: QEMU HARDDISK, 2.5+, max UDMA/100
[    2.996999] ata1.00: 16777216 sectors, multi 16: LBA48 
[    2.998434] scsi 0:0:0:0: Direct-Access     ATA      QEMU HARDDISK    2.5+ PQ: 0 ANSI: 5
[    2.999923] sd 0:0:0:0: Attached scsi generic sg0 type 0
[    3.000193] sd 0:0:0:0: [sda] 16777216 512-byte logical blocks: (8.59 GB/8.00 GiB)
[    3.000819] scsi 1:0:0:0: CD-ROM            QEMU     QEMU DVD-ROM     2.5+ PQ: 0 ANSI: 5
[    3.000823] sd 0:0:0:0: [sda] Write Protect is off
[    3.001713] sd 0:0:0:0: [sda] Write cache: enabled, read cache: enabled, doesn't support DPO or FUA
[    3.002353] sd 0:0:0:0: [sda] Preferred minimum I/O size 512 bytes
[    3.018681] scsi 1:0:0:0: Attached scsi generic sg1 type 5
[    3.020691] sd 0:0:0:0: [sda] Attached SCSI disk
[    3.308420] e1000 0000:00:03.0 eth0: (PCI:33MHz:32-bit) 52:54:00:12:34:56
[    3.308855] e1000 0000:00:03.0 eth0: Intel(R) PRO/1000 Network Connection
[    3.309327] e1000e: Intel(R) PRO/1000 Network Driver
[    3.309618] e1000e: Copyright(c) 1999 - 2015 Intel Corporation.
[    3.310020] igb: Intel(R) Gigabit Ethernet Network Driver
[    3.310335] igb: Copyright (c) 2007-2014 Intel Corporation.
[    3.310754] PPP generic driver version 2.4.2
[    3.311528] VFIO - User Level meta-driver version: 0.3
[    3.312642] usbcore: registered new interface driver uas
[    3.312979] usbcore: registered new interface driver usb-storage
[    3.313466] i8042: PNP: PS/2 Controller [PNP0303:KBD,PNP0f13:MOU] at 0x60,0x64 irq 1,12
[    3.314534] serio: i8042 KBD port at 0x60,0x64 irq 1
[    3.314863] serio: i8042 AUX port at 0x60,0x64 irq 12
[    3.315840] mousedev: PS/2 mouse device common for all mice
[    3.317047] input: AT Translated Set 2 keyboard as /devices/platform/i8042/serio0/input/input1
[    3.317708] rtc_cmos 00:05: RTC can wake from S4
[    3.318951] input: VirtualPS/2 VMware VMMouse as /devices/platform/i8042/serio1/input/input4
[    3.319844] rtc_cmos 00:05: registered as rtc0
[    3.320166] rtc_cmos 00:05: setting system clock to 2023-03-18T23:42:30 UTC (1679182950)
[    3.320806] rtc_cmos 00:05: alarms up to one day, y3k, 242 bytes nvram, hpet irqs
[    3.321275] i2c_dev: i2c /dev entries driver
[    3.321578] device-mapper: core: CONFIG_IMA_DISABLE_HTABLE is disabled. Duplicate IMA measurements will not be recorded in the IMA log.
[    3.322327] device-mapper: uevent: version 1.0.3
[    3.322756] device-mapper: ioctl: 4.47.0-ioctl (2022-07-28) initialised: dm-devel@redhat.com
[    3.323048] input: VirtualPS/2 VMware VMMouse as /devices/platform/i8042/serio1/input/input3
[    3.323718] intel_pstate: CPU model not supported
[    3.324819] sdhci: Secure Digital Host Controller Interface driver
[    3.325486] sdhci: Copyright(c) Pierre Ossman
[    3.326100] sdhci-pltfm: SDHCI platform and OF driver helper
[    3.326806] ledtrig-cpu: registered to indicate activity on CPUs
[    3.327872] drop_monitor: Initializing network drop monitor service
[    3.328826] NET: Registered PF_INET6 protocol family
[    3.331540] Segment Routing with IPv6
[    3.331797] In-situ OAM (IOAM) with IPv6
[    3.332073] NET: Registered PF_PACKET protocol family
[    3.332520] 9pnet: Installing 9P2000 support
[    3.332836] Key type dns_resolver registered
[    3.333718] IPI shorthand broadcast: enabled
[    3.345539] sched_clock: Marking stable (3331402188, 10450466)->(3358634732, -16782078)
[    3.346530] registered taskstats version 1
[    3.346936] Loading compiled-in X.509 certificates
[    3.347360] zswap: loaded using pool lzo/zbud
[    3.359923] Key type .fscrypt registered
[    3.360170] Key type fscrypt-provisioning registered
[    3.361178] Key type encrypted registered
[    3.361467] ima: No TPM chip found, activating TPM-bypass!
[    3.361804] ima: Allocated hash algorithm: sha1
[    3.362118] ima: No architecture policies found
[    3.362450] evm: Initialising EVM extended attributes:
[    3.362757] evm: security.selinux
[    3.362959] evm: security.SMACK64
[    3.363162] evm: security.SMACK64EXEC
[    3.363384] evm: security.SMACK64TRANSMUTE
[    3.363631] evm: security.SMACK64MMAP
[    3.363853] evm: security.apparmor
[    3.364060] evm: security.ima
[    3.364242] evm: security.capability
[    3.364459] evm: HMAC attrs: 0x1
[    3.365711] PM:   Magic number: 15:459:757
[    3.366009] tty ttyS8: hash matches
[    3.366554] RAS: Correctable Errors collector initialized.
[    3.367821] md: Waiting for all devices to be available before autodetect
[    3.368099] md: If you don't use raid, use raid=noautodetect
[    3.368331] md: Autodetecting RAID arrays.
[    3.368507] md: autorun ...
[    3.368626] md: ... autorun DONE.
[    3.372572] EXT4-fs (sda): INFO: recovery required on readonly filesystem
[    3.372874] EXT4-fs (sda): write access will be enabled during recovery
[    3.414420] EXT4-fs (sda): recovery complete
[    3.420602] EXT4-fs (sda): mounted filesystem 23a53bb9-f815-47a5-b74c-5e08f7731193 with ordered data mode. Quota mode: none.
[    3.421100] VFS: Mounted root (ext4 filesystem) readonly on device 8:0.
[    3.421891] devtmpfs: mounted
[    3.429202] Freeing unused decrypted memory: 2036K
[    3.432947] Freeing unused kernel image (initmem) memory: 10180K
[    3.433252] Write protecting the kernel read-only data: 45056k
[    3.434514] Freeing unused kernel image (rodata/data gap) memory: 236K
[    3.510313] x86/mm: Checked W+X mappings: passed, no W+X pages found.
[    3.510653] Run /sbin/init as init process
[    3.579282] systemd[1]: RTC configured in localtime, applying delta of 0 minutes to system time.
[    3.600215] systemd[1]: systemd 239 (239-49.el8) running in system mode. (+PAM +AUDIT +SELINUX +IMA -APPARMOR +SMACK +SYSVINIT +UTMP +LIBCRYPTSETUP +GCRYPT +GNUTLS +ACL +XZ +LZ4 +SECCOMP +BLKID +ELFUTILS +KMOD +IDN2 -IDN +PCRE2 default-hierarchy=legacy)
[    3.601243] systemd[1]: Detected virtualization kvm.
[    3.601454] systemd[1]: Detected architecture x86-64.

Welcome to [0;31mCentOS Stream 8[0m!

[    3.668804] systemd[1]: Set hostname to <test>.
[    3.887928] systemd[1]: Listening on udev Control Socket.
[[0;32m  OK  [0m] Listening on udev Control Socket.
[    3.889090] systemd[1]: Listening on RPCbind Server Activation Socket.
[[0;32m  OK  [0m] Listening on RPCbind Server Activation Socket.
[    3.889770] systemd[1]: Reached target Swap.
[[0;32m  OK  [0m] Reached target Swap.
[    3.890451] systemd[1]: Listening on Journal Socket (/dev/log).
[[0;32m  OK  [0m] Listening on Journal Socket (/dev/log).
[    3.893086] systemd[1]: Created slice system-serial\x2dgetty.slice.
[[0;32m  OK  [0m] Created slice system-serial\x2dgetty.slice.
[    3.893886] systemd[1]: Started Forward Password Requests to Wall Directory Watch.
[[0;32m  OK  [0m] Started Forward Password Requests to Wall Directory Watch.
[[0;32m  OK  [0m] Listening on initctl Compatibility Named Pipe.
[[0;32m  OK  [0m] Listening on LVM2 poll daemon socket.
[[0;32m  OK  [0m] Listening on udev Kernel Socket.
[[0;32m  OK  [0m] Created slice User and Session Slice.
[[0;32m  OK  [0m] Set up automount Arbitrary Executabâ€¦rmats File System Automount Point.
[[0;32m  OK  [0m] Created slice system-getty.slice.
[[0;32m  OK  [0m] Created slice system-sshd\x2dkeygen.slice.
[[0;32m  OK  [0m] Reached target RPC Port Mapper.
[[0;32m  OK  [0m] Reached target Slices.
[[0;32m  OK  [0m] Listening on Device-mapper event daemon FIFOs.
[[0;32m  OK  [0m] Listening on multipathd control socket.
[[0;32m  OK  [0m] Listening on Journal Socket.
         Starting Load Kernel Modules...
         Starting Setup Virtual Console...
         Mounting Kernel Debug File System...
         Starting Remount Root and Kernel File Systems...
         Starting Monitoring of LVM2 mirrorsâ€¦ng dmeventd or progress polling...
         Mounting POSIX Message Queue File System...
[[0;32m  OK  [0m] Listening on Process Core Dump Socket.
         Mounting Huge Pages File System...
         Starting udev Coldplug all Devices...
         Starting Journal Service...
[[0;1;31mFAILED[0m] Failed to start Load Kernel Modules.
See 'systemctl status systemd-modules-load.service' for details.
[[0;32m  OK  [0m] Mounted Kernel Debug File System.
[[0;32m  OK  [0m] Mounted POSIX Message Queue File System.
[[0;32m  OK  [0m] Mounted Huge Pages File System.
[    4.153456] EXT4-fs (sda): re-mounted 23a53bb9-f815-47a5-b74c-5e08f7731193. Quota mode: none.
         Mounting FUSE Control File System...
         Starting Apply Kernel Variables...
         Mounting Kernel Configuration File System...
[[0;32m  OK  [0m] Started Journal Service.
[[0;32m  OK  [0m] Started Setup Virtual Console.
[[0;32m  OK  [0m] Started Remount Root and Kernel File Systems.
[[0;32m  OK  [0m] Mounted FUSE Control File System.
         Starting Load/Save Random Seed...
         Starting Create Static Device Nodes in /dev...
         Starting Flush Journal to Persistent Storage...
[[0;32m  OK  [0m] Started Apply Kernel Variables.
[[0;32m  OK  [0m] Mounted Kernel Configuration File System.
[[0;32m  OK  [0m] Started Load/Save Random Seed.
[[0;32m  OK  [0m] Started Create Static Device Nodes in /dev.
         Starting udev Kernel Device Manager...
[[0;32m  OK  [0m] Started Flush Journal to Persistent Storage.
[[0;32m  OK  [0m] Started udev Coldplug all Devices.
         Starting udev Wait for Complete Device Initialization...
[[0;32m  OK  [0m] Started udev Kernel Device Manager.
         Starting Show Plymouth Boot Screen...
[[0;32m  OK  [0m] Started Show Plymouth Boot Screen.
[[0;32m  OK  [0m] Started Forward Password Requests to Plymouth Directory Watch.
[[0;32m  OK  [0m] Reached target Local Encrypted Volumes.
[[0;32m  OK  [0m] Reached target Paths.
[[0;32m  OK  [0m] Found device /dev/ttyS0.
[[0;32m  OK  [0m] Started Monitoring of LVM2 mirrors,â€¦sing dmeventd or progress polling.
[[0;32m  OK  [0m] Started udev Wait for Complete Device Initialization.
[[0;32m  OK  [0m] Reached target Local File Systems (Pre).
[[0;32m  OK  [0m] Reached target Local File Systems.
         Starting Restore /run/initramfs on shutdown...
         Starting Tell Plymouth To Write Out Runtime Data...
         Starting Create Volatile Files and Directories...
[[0;32m  OK  [0m] Listening on Load/Save RF Kill Switch Status /dev/rfkill Watch.
[[0;32m  OK  [0m] Started Restore /run/initramfs on shutdown.
[[0;32m  OK  [0m] Started Tell Plymouth To Write Out Runtime Data.
[[0;32m  OK  [0m] Started Create Volatile Files and Directories.
         Starting Security Auditing Service...
         Mounting RPC Pipe File System...
         Starting RPC Bind...
[[0;32m  OK  [0m] Mounted RPC Pipe File System.
[[0;32m  OK  [0m] Reached target rpc_pipefs.target.
[[0;32m  OK  [0m] Started RPC Bind.
[[0;32m  OK  [0m] Started Security Auditing Service.
         Starting Update UTMP about System Boot/Shutdown...
[[0;32m  OK  [0m] Started Update UTMP about System Boot/Shutdown.
[[0;32m  OK  [0m] Reached target System Initialization.
[[0;32m  OK  [0m] Started daily update of the root trust anchor for DNSSEC.
[[0;32m  OK  [0m] Started dnf makecache --timer.
[[0;32m  OK  [0m] Listening on D-Bus System Message Bus Socket.
[[0;32m  OK  [0m] Listening on SSSD Kerberos Cache Manager responder socket.
[[0;32m  OK  [0m] Reached target Sockets.
[[0;32m  OK  [0m] Reached target Basic System.
[[0;32m  OK  [0m] Started Machine Check Exception Logging Daemon.
         Starting Auto-connect to subsystemsâ€¦-NVME devices found during boot...
         Starting Authorization Manager...
[[0;32m  OK  [0m] Started irqbalance daemon.
         Starting NTP client/server...
         Starting Login Service...
[[0;32m  OK  [0m] Started D-Bus System Message Bus.
         Starting Network Manager...
[[0;32m  OK  [0m] Reached target sshd-keygen.target.
         Starting Self Monitoring and Reporting Technology (SMART) Daemon...
[[0;32m  OK  [0m] Started Daily Cleanup of Temporary Directories.
[[0;32m  OK  [0m] Reached target Timers.
[[0;32m  OK  [0m] Started Auto-connect to subsystems â€¦FC-NVME devices found during boot.
         Starting update of the root trust aâ€¦or DNSSEC validation in unbound...
[[0;32m  OK  [0m] Started NTP client/server.
[[0;32m  OK  [0m] Started Login Service.
[[0;32m  OK  [0m] Started update of the root trust anâ€¦ for DNSSEC validation in unbound.
[[0;32m  OK  [0m] Started Self Monitoring and Reporting Technology (SMART) Daemon.
[[0;32m  OK  [0m] Started Network Manager.
         Starting Network Manager Wait Online...
[[0;32m  OK  [0m] Reached target Network.
         Starting OpenSSH server daemon...
         Starting GSSAPI Proxy Daemon...
         Starting Dynamic System Tuning Daemon...
[[0;32m  OK  [0m] Started Authorization Manager.
         Starting Hostname Service...
[[0;32m  OK  [0m] Started OpenSSH server daemon.
[[0;32m  OK  [0m] Started GSSAPI Proxy Daemon.
[[0;32m  OK  [0m] Reached target NFS client services.
[[0;32m  OK  [0m] Reached target Remote File Systems (Pre).
[[0;32m  OK  [0m] Reached target Remote File Systems.
         Starting Permit User Sessions...
[[0;32m  OK  [0m] Started Permit User Sessions.
[[0;32m  OK  [0m] Started Command Scheduler.
         Starting Terminate Plymouth Boot Screen...
         Starting Hold until boot process finishes up...
[    5.790054] e1000: eth0 NIC Link is Up 1000 Mbps Full Duplex, Flow Control: RX
[    5.790708] IPv6: ADDRCONF(NETDEV_CHANGE): eth0: link becomes ready
[    5.964647] Spectre V2 : WARNING: Unprivileged eBPF is enabled with eIBRS on, data leaks possible via Spectre v2 BHB attacks!
[    5.965161] Spectre V2 : WARNING: Unprivileged eBPF is enabled with eIBRS on, data leaks possible via Spectre v2 BHB attacks!

CentOS Stream 8
Kernel 6.2.0-rc8-79b02ec1d8ce+ on an x86_64

test login: [   30.832660] hrtimer: interrupt took 11426025 ns
