c[?7l[2J[0mSeaBIOS (version rel-1.16.0-0-gd239552ce722-prebuilt.qemu.org)


iPXE (http://ipxe.org) 00:03.0 CA00 PCI2.10 PnP PMM+7FF91000+7FEF1000 CA00
Press Ctrl-B to configure iPXE (PCI 00:03.0)...                                                                               


Booting from ROM..c[?7l[2J[    0.000000] Linux version 6.2.0-rc6-846072f16eed+ (root@p-adls01) (gcc (GCC) 8.5.0 20210514 (Red Hat 8.5.0-18), GNU ld version 2.36.1-2.el8) #1 SMP PREEMPT_DYNAMIC Sun Mar 19 14:56:46 CST 2023
[    0.000000] Command line: console=ttyS0 root=/dev/sda earlyprintk=serial net.ifnames=0
[    0.000000] KERNEL supported cpus:
[    0.000000]   Intel GenuineIntel
[    0.000000]   AMD AuthenticAMD
[    0.000000]   Hygon HygonGenuine
[    0.000000]   Centaur CentaurHauls
[    0.000000]   zhaoxin   Shanghai  
[    0.000000] x86/fpu: Supporting XSAVE feature 0x001: 'x87 floating point registers'
[    0.000000] x86/fpu: Supporting XSAVE feature 0x002: 'SSE registers'
[    0.000000] x86/fpu: Supporting XSAVE feature 0x004: 'AVX registers'
[    0.000000] x86/fpu: Supporting XSAVE feature 0x200: 'Protection Keys User registers'
[    0.000000] x86/fpu: xstate_offset[2]:  576, xstate_sizes[2]:  256
[    0.000000] x86/fpu: xstate_offset[9]:  832, xstate_sizes[9]:    8
[    0.000000] x86/fpu: Enabled xstate features 0x207, context size is 840 bytes, using 'compacted' format.
[    0.000000] signal: max sigframe size: 3632
[    0.000000] BIOS-provided physical RAM map:
[    0.000000] BIOS-e820: [mem 0x0000000000000000-0x000000000009fbff] usable
[    0.000000] BIOS-e820: [mem 0x000000000009fc00-0x000000000009ffff] reserved
[    0.000000] BIOS-e820: [mem 0x00000000000f0000-0x00000000000fffff] reserved
[    0.000000] BIOS-e820: [mem 0x0000000000100000-0x000000007ffdffff] usable
[    0.000000] BIOS-e820: [mem 0x000000007ffe0000-0x000000007fffffff] reserved
[    0.000000] BIOS-e820: [mem 0x00000000feffc000-0x00000000feffffff] reserved
[    0.000000] BIOS-e820: [mem 0x00000000fffc0000-0x00000000ffffffff] reserved
[    0.000000] printk: bootconsole [earlyser0] enabled
[    0.000000] NX (Execute Disable) protection: active
[    0.000000] SMBIOS 2.8 present.
[    0.000000] DMI: QEMU Standard PC (i440FX + PIIX, 1996), BIOS rel-1.16.0-0-gd239552ce722-prebuilt.qemu.org 04/01/2014
[    0.000000] Hypervisor detected: KVM
[    0.000000] kvm-clock: Using msrs 4b564d01 and 4b564d00
[    0.000004] kvm-clock: using sched offset of 377516544 cycles
[    0.000330] clocksource: kvm-clock: mask: 0xffffffffffffffff max_cycles: 0x1cd42e4dffb, max_idle_ns: 881590591483 ns
[    0.001339] tsc: Detected 3609.600 MHz processor
[    0.007738] last_pfn = 0x7ffe0 max_arch_pfn = 0x400000000
[    0.008133] x86/PAT: Configuration [0-7]: WB  WC  UC- UC  WB  WP  UC- WT  
[    0.016141] found SMP MP-table at [mem 0x000f5ba0-0x000f5baf]
[    0.016631] Using GB pages for direct mapping
[    0.017968] ACPI: Early table checksum verification disabled
[    0.018341] ACPI: RSDP 0x00000000000F59C0 000014 (v00 BOCHS )
[    0.018709] ACPI: RSDT 0x000000007FFE1951 000034 (v01 BOCHS  BXPC     00000001 BXPC 00000001)
[    0.019257] ACPI: FACP 0x000000007FFE17FD 000074 (v01 BOCHS  BXPC     00000001 BXPC 00000001)
[    0.019796] ACPI: DSDT 0x000000007FFE0040 0017BD (v01 BOCHS  BXPC     00000001 BXPC 00000001)
[    0.020333] ACPI: FACS 0x000000007FFE0000 000040
[    0.020630] ACPI: APIC 0x000000007FFE1871 000080 (v01 BOCHS  BXPC     00000001 BXPC 00000001)
[    0.021166] ACPI: HPET 0x000000007FFE18F1 000038 (v01 BOCHS  BXPC     00000001 BXPC 00000001)
[    0.021702] ACPI: WAET 0x000000007FFE1929 000028 (v01 BOCHS  BXPC     00000001 BXPC 00000001)
[    0.022232] ACPI: Reserving FACP table memory at [mem 0x7ffe17fd-0x7ffe1870]
[    0.022664] ACPI: Reserving DSDT table memory at [mem 0x7ffe0040-0x7ffe17fc]
[    0.023094] ACPI: Reserving FACS table memory at [mem 0x7ffe0000-0x7ffe003f]
[    0.023526] ACPI: Reserving APIC table memory at [mem 0x7ffe1871-0x7ffe18f0]
[    0.023955] ACPI: Reserving HPET table memory at [mem 0x7ffe18f1-0x7ffe1928]
[    0.024387] ACPI: Reserving WAET table memory at [mem 0x7ffe1929-0x7ffe1950]
[    0.025377] No NUMA configuration found
[    0.025606] Faking a node at [mem 0x0000000000000000-0x000000007ffdffff]
[    0.026059] NODE_DATA(0) allocated [mem 0x7ffb5000-0x7ffdffff]
[    0.029171] Zone ranges:
[    0.029361]   DMA      [mem 0x0000000000001000-0x0000000000ffffff]
[    0.029744]   DMA32    [mem 0x0000000001000000-0x000000007ffdffff]
[    0.030126]   Normal   empty
[    0.030306]   Device   empty
[    0.030486] Movable zone start for each node
[    0.030748] Early memory node ranges
[    0.030968]   node   0: [mem 0x0000000000001000-0x000000000009efff]
[    0.031353]   node   0: [mem 0x0000000000100000-0x000000007ffdffff]
[    0.031742] Initmem setup node 0 [mem 0x0000000000001000-0x000000007ffdffff]
[    0.032447] On node 0, zone DMA: 1 pages in unavailable ranges
[    0.032559] On node 0, zone DMA: 97 pages in unavailable ranges
[    0.047412] On node 0, zone DMA32: 32 pages in unavailable ranges
[    0.047998] ACPI: PM-Timer IO Port: 0x608
[    0.048640] ACPI: LAPIC_NMI (acpi_id[0xff] dfl dfl lint[0x1])
[    0.049047] IOAPIC[0]: apic_id 0, version 17, address 0xfec00000, GSI 0-23
[    0.049506] ACPI: INT_SRC_OVR (bus 0 bus_irq 0 global_irq 2 dfl dfl)
[    0.049890] ACPI: INT_SRC_OVR (bus 0 bus_irq 5 global_irq 5 high level)
[    0.050297] ACPI: INT_SRC_OVR (bus 0 bus_irq 9 global_irq 9 high level)
[    0.050695] ACPI: INT_SRC_OVR (bus 0 bus_irq 10 global_irq 10 high level)
[    0.051101] ACPI: INT_SRC_OVR (bus 0 bus_irq 11 global_irq 11 high level)
[    0.051529] ACPI: Using ACPI (MADT) for SMP configuration information
[    0.051913] ACPI: HPET id: 0x8086a201 base: 0xfed00000
[    0.052234] TSC deadline timer available
[    0.052472] smpboot: Allowing 2 CPUs, 0 hotplug CPUs
[    0.052833] kvm-guest: KVM setup pv remote TLB flush
[    0.053131] kvm-guest: setup PV sched yield
[    0.053431] PM: hibernation: Registered nosave memory: [mem 0x00000000-0x00000fff]
[    0.053887] PM: hibernation: Registered nosave memory: [mem 0x0009f000-0x0009ffff]
[    0.054344] PM: hibernation: Registered nosave memory: [mem 0x000a0000-0x000effff]
[    0.054794] PM: hibernation: Registered nosave memory: [mem 0x000f0000-0x000fffff]
[    0.055258] [mem 0x80000000-0xfeffbfff] available for PCI devices
[    0.055626] Booting paravirtualized kernel on KVM
[    0.055926] clocksource: refined-jiffies: mask: 0xffffffff max_cycles: 0xffffffff, max_idle_ns: 7645519600211568 ns
[    0.056563] setup_percpu: NR_CPUS:8192 nr_cpumask_bits:2 nr_cpu_ids:2 nr_node_ids:1
[    0.058091] percpu: Embedded 64 pages/cpu s225280 r8192 d28672 u1048576
[    0.058664] kvm-guest: PV spinlocks enabled
[    0.058924] PV qspinlock hash table entries: 256 (order: 0, 4096 bytes, linear)
[    0.059409] Fallback order for Node 0: 0 
[    0.059669] Built 1 zonelists, mobility grouping on.  Total pages: 515808
[    0.060082] Policy zone: DMA32
[    0.060269] Kernel command line: net.ifnames=0 console=ttyS0 root=/dev/sda earlyprintk=serial net.ifnames=0
[    0.061267] random: crng init done
[    0.064799] Dentry cache hash table entries: 262144 (order: 9, 2097152 bytes, linear)
[    0.065376] Inode-cache hash table entries: 131072 (order: 8, 1048576 bytes, linear)
[    0.065990] mem auto-init: stack:off, heap alloc:off, heap free:off
[    0.069325] Memory: 1979232K/2096632K available (34816K kernel code, 4628K rwdata, 10004K rodata, 10176K init, 19776K bss, 117144K reserved, 0K cma-reserved)
[    0.070593] SLUB: HWalign=64, Order=0-3, MinObjects=0, CPUs=2, Nodes=1
[    0.070984] kmemleak: Kernel memory leak detector disabled
[    0.071405] ftrace: allocating 68262 entries in 267 pages
[    0.092237] ftrace: allocated 267 pages with 4 groups
[    0.095169] Dynamic Preempt: voluntary
[    0.095541] Running RCU self tests
[    0.095748] rcu: Preemptible hierarchical RCU implementation.
[    0.096084] rcu: 	RCU lockdep checking is enabled.
[    0.096364] rcu: 	RCU restricting CPUs from NR_CPUS=8192 to nr_cpu_ids=2.
[    0.096761] 	Trampoline variant of Tasks RCU enabled.
[    0.097055] 	Rude variant of Tasks RCU enabled.
[    0.097320] 	Tracing variant of Tasks RCU enabled.
[    0.097601] rcu: RCU calculated value of scheduler-enlistment delay is 25 jiffies.
[    0.098041] rcu: Adjusting geometry for rcu_fanout_leaf=16, nr_cpu_ids=2
[    0.122334] NR_IRQS: 524544, nr_irqs: 440, preallocated irqs: 16
[    0.122979] rcu: srcu_init: Setting srcu_struct sizes based on contention.
[    0.128964] Console: colour VGA+ 80x25
[    0.129236] printk: console [ttyS0] enabled
[    0.129236] printk: console [ttyS0] enabled
[    0.129733] printk: bootconsole [earlyser0] disabled
[    0.129733] printk: bootconsole [earlyser0] disabled
[    0.130321] Lock dependency validator: Copyright (c) 2006 Red Hat, Inc., Ingo Molnar
[    0.130779] ... MAX_LOCKDEP_SUBCLASSES:  8
[    0.131027] ... MAX_LOCK_DEPTH:          48
[    0.131287] ... MAX_LOCKDEP_KEYS:        8192
[    0.131552] ... CLASSHASH_SIZE:          4096
[    0.131815] ... MAX_LOCKDEP_ENTRIES:     32768
[    0.132083] ... MAX_LOCKDEP_CHAINS:      65536
[    0.132350] ... CHAINHASH_SIZE:          32768
[    0.132617]  memory used by lock dependency info: 6365 kB
[    0.132939]  memory used for stack traces: 4224 kB
[    0.133226]  per task-struct memory footprint: 1920 bytes
[    0.133580] ACPI: Core revision 20221020
[    0.133987] clocksource: hpet: mask: 0xffffffff max_cycles: 0xffffffff, max_idle_ns: 19112604467 ns
[    0.134650] APIC: Switch to symmetric I/O mode setup
[    0.135096] x2apic enabled
[    0.135414] Switched APIC routing to physical x2apic.
[    0.135725] kvm-guest: setup PV IPIs
[    0.136628] ..TIMER: vector=0x30 apic1=0 pin1=2 apic2=-1 pin2=-1
[    0.137013] clocksource: tsc-early: mask: 0xffffffffffffffff max_cycles: 0x3407c077a8d, max_idle_ns: 440795342283 ns
[    0.137662] Calibrating delay loop (skipped) preset value.. 7219.20 BogoMIPS (lpj=14438400)
[    0.138169] pid_max: default: 32768 minimum: 301
[    0.138514] LSM: initializing lsm=capability,yama,integrity
[    0.141664] Yama: becoming mindful.
[    0.142027] Mount-cache hash table entries: 4096 (order: 3, 32768 bytes, linear)
[    0.142489] Mountpoint-cache hash table entries: 4096 (order: 3, 32768 bytes, linear)
[    0.144918] x86/cpu: User Mode Instruction Prevention (UMIP) activated
[    0.145960] Last level iTLB entries: 4KB 0, 2MB 0, 4MB 0
[    0.146349] Last level dTLB entries: 4KB 0, 2MB 0, 4MB 0, 1GB 0
[    0.146747] Spectre V1 : Mitigation: usercopy/swapgs barriers and __user pointer sanitization
[    0.147264] Spectre V2 : WARNING: Unprivileged eBPF is enabled with eIBRS on, data leaks possible via Spectre v2 BHB attacks!
[    0.147935] Spectre V2 : Mitigation: Enhanced IBRS
[    0.148218] Spectre V2 : Spectre v2 / SpectreRSB mitigation: Filling RSB on context switch
[    0.148694] Spectre V2 : Spectre v2 / PBRSB-eIBRS: Retire a single CALL on VMEXIT
[    0.149130] Spectre V2 : mitigation: Enabling conditional Indirect Branch Prediction Barrier
[    0.149664] Speculative Store Bypass: Mitigation: Speculative Store Bypass disabled via prctl
[    0.239546] Freeing SMP alternatives memory: 56K
[    0.240156] smpboot: CPU0: 12th Gen Intel(R) Core(TM) i7-12700K (family: 0x6, model: 0x97, stepping: 0x2)
[    0.241083] cblist_init_generic: Setting adjustable number of callback queues.
[    0.241521] cblist_init_generic: Setting shift to 1 and lim to 1.
[    0.241647] cblist_init_generic: Setting shift to 1 and lim to 1.
[    0.241647] cblist_init_generic: Setting shift to 1 and lim to 1.
[    0.241647] Running RCU-tasks wait API self tests
[    0.341749] Performance Events: Alderlake Hybrid events, full-width counters, Intel PMU driver.
[    0.342707] core: cpu_core PMU driver: 
[    0.342941] ... version:                2
[    0.343175] ... bit width:              48
[    0.343412] ... generic registers:      6
[    0.343644] ... value mask:             0000ffffffffffff
[    0.343948] ... max period:             00007fffffffffff
[    0.344253] ... fixed-purpose events:   3
[    0.344484] ... event mask:             0001000f0000003f
[    0.344943] rcu: Hierarchical SRCU implementation.
[    0.345221] rcu: 	Max phase no-delay instances is 1000.
[    0.346711] unchecked MSR access error: WRMSR to 0x38f (tried to write 0x0001000f0000003f) at rIP: 0xffffffff810dc90c (native_write_msr+0xc/0x30)
[    0.347473] Call Trace:
[    0.347619]  <TASK>
[    0.347747]  __intel_pmu_enable_all.constprop.46+0xb5/0x140
[    0.348078]  intel_pmu_enable_all+0x1e/0x30
[    0.348330]  x86_pmu_enable+0x46d/0x5a0
[    0.348561]  ? write_comp_data+0x2f/0x90
[    0.348798]  perf_pmu_enable+0x53/0x70
[    0.349026]  ctx_resched+0x14d/0x1e0
[    0.349244]  __perf_install_in_context+0x2f7/0x450
[    0.349527]  ? __pfx_remote_function+0x10/0x10
[    0.349647]  ? __pfx_remote_function+0x10/0x10
[    0.349647]  remote_function+0x80/0xa0
[    0.349647]  ? __pfx_remote_function+0x10/0x10
[    0.349647]  generic_exec_single+0x124/0x190
[    0.349647]  smp_call_function_single+0x11c/0x240
[    0.349647]  ? __pfx_remote_function+0x10/0x10
[    0.349647]  ? __sanitizer_cov_trace_pc+0x25/0x60
[    0.349647]  ? write_comp_data+0x2f/0x90
[    0.349647]  perf_install_in_context+0x2d8/0x300
[    0.349647]  ? __pfx___perf_install_in_context+0x10/0x10
[    0.349647]  perf_event_create_kernel_counter+0x284/0x2b0
[    0.349647]  ? __pfx_watchdog_overflow_callback+0x10/0x10
[    0.349647]  hardlockup_detector_event_create+0x46/0xd0
[    0.349647]  hardlockup_detector_perf_init+0x18/0x66
[    0.349647]  watchdog_nmi_probe+0x17/0x1d
[    0.349647]  lockup_detector_init+0x40/0xaf
[    0.349647]  kernel_init_freeable+0x264/0x422
[    0.349647]  ? __pfx_kernel_init+0x10/0x10
[    0.349647]  kernel_init+0x24/0x1e0
[    0.349647]  ? __pfx_kernel_init+0x10/0x10
[    0.349647]  ret_from_fork+0x29/0x50
[    0.349647]  </TASK>
[    0.349666] Callback from call_rcu_tasks_trace() invoked.
[    0.350147] smp: Bringing up secondary CPUs ...
[    0.350799] x86: Booting SMP configuration:
[    0.351055] .... node  #0, CPUs:      #1
[    0.351293] smp: Brought up 1 node, 2 CPUs
[    0.351293] smpboot: Max logical packages: 1
[    0.351293] smpboot: Total of 2 processors activated (14438.40 BogoMIPS)
[    0.354751] devtmpfs: initialized
[    0.354751] x86/mm: Memory block size: 128MB
[    0.355849] clocksource: jiffies: mask: 0xffffffff max_cycles: 0xffffffff, max_idle_ns: 7645041785100000 ns
[    0.357666] futex hash table entries: 512 (order: 4, 65536 bytes, linear)
[    0.358264] pinctrl core: initialized pinctrl subsystem
[    0.358993] 
[    0.359094] *************************************************************
[    0.359507] **     NOTICE NOTICE NOTICE NOTICE NOTICE NOTICE NOTICE    **
[    0.359897] **                                                         **
[    0.360289] **  IOMMU DebugFS SUPPORT HAS BEEN ENABLED IN THIS KERNEL  **
[    0.360679] **                                                         **
[    0.361069] ** This means that this kernel is built to expose internal **
[    0.361459] ** IOMMU data structures, which may compromise security on **
[    0.361658] ** your system.                                            **
[    0.362051] **                                                         **
[    0.362441] ** If you see this message and you are not debugging the   **
[    0.362834] ** kernel, report this immediately to your vendor!         **
[    0.363230] **                                                         **
[    0.363622] **     NOTICE NOTICE NOTICE NOTICE NOTICE NOTICE NOTICE    **
[    0.364014] *************************************************************
[    0.364442] PM: RTC time: 06:57:24, date: 2023-03-19
[    0.366667] NET: Registered PF_NETLINK/PF_ROUTE protocol family
[    0.367497] DMA: preallocated 256 KiB GFP_KERNEL pool for atomic allocations
[    0.367923] DMA: preallocated 256 KiB GFP_KERNEL|GFP_DMA pool for atomic allocations
[    0.368380] DMA: preallocated 256 KiB GFP_KERNEL|GFP_DMA32 pool for atomic allocations
[    0.368873] audit: initializing netlink subsys (disabled)
[    0.369266] audit: type=2000 audit(1679209045.589:1): state=initialized audit_enabled=0 res=1
[    0.369832] thermal_sys: Registered thermal governor 'fair_share'
[    0.369859] thermal_sys: Registered thermal governor 'bang_bang'
[    0.370221] thermal_sys: Registered thermal governor 'step_wise'
[    0.370571] thermal_sys: Registered thermal governor 'user_space'
[    0.370955] cpuidle: using governor ladder
[    0.371564] cpuidle: using governor menu
[    0.372026] acpiphp: ACPI Hot Plug PCI Controller Driver version: 0.5
[    0.372636] PCI: Using configuration type 1 for base access
[    0.373709] kprobes: kprobe jump-optimization is enabled. All kprobes are optimized if possible.
[    0.541745] HugeTLB: registered 1.00 GiB page size, pre-allocated 0 pages
[    0.542178] HugeTLB: 16380 KiB vmemmap can be freed for a 1.00 GiB page
[    0.542565] HugeTLB: registered 2.00 MiB page size, pre-allocated 0 pages
[    0.542960] HugeTLB: 28 KiB vmemmap can be freed for a 2.00 MiB page
[    0.546474] ACPI: Added _OSI(Module Device)
[    0.546744] ACPI: Added _OSI(Processor Device)
[    0.547007] ACPI: Added _OSI(3.0 _SCP Extensions)
[    0.547295] ACPI: Added _OSI(Processor Aggregator Device)
[    0.552057] ACPI: 1 ACPI AML tables successfully acquired and loaded
[    0.555011] ACPI: Interpreter enabled
[    0.555316] ACPI: PM: (supports S0 S3 S4 S5)
[    0.555575] ACPI: Using IOAPIC for interrupt routing
[    0.555901] PCI: Using host bridge windows from ACPI; if necessary, use "pci=nocrs" and report a bug
[    0.556430] PCI: Using E820 reservations for host bridge windows
[    0.557316] ACPI: Enabled 2 GPEs in block 00 to 0F
[    0.570467] ACPI: PCI Root Bridge [PCI0] (domain 0000 [bus 00-ff])
[    0.570860] acpi PNP0A03:00: _OSC: OS supports [ASPM ClockPM Segments MSI EDR HPX-Type3]
[    0.571338] acpi PNP0A03:00: _OSC: not requesting OS control; OS requires [ExtendedConfig ASPM ClockPM MSI]
[    0.571957] acpi PNP0A03:00: fail to add MMCONFIG information, can't access extended configuration space under this bridge
[    0.574433] acpiphp: Slot [3] registered
[    0.574717] acpiphp: Slot [4] registered
[    0.574996] acpiphp: Slot [5] registered
[    0.575276] acpiphp: Slot [6] registered
[    0.575559] acpiphp: Slot [7] registered
[    0.575836] acpiphp: Slot [8] registered
[    0.576113] acpiphp: Slot [9] registered
[    0.576390] acpiphp: Slot [10] registered
[    0.576673] acpiphp: Slot [11] registered
[    0.576958] acpiphp: Slot [12] registered
[    0.577240] acpiphp: Slot [13] registered
[    0.577522] acpiphp: Slot [14] registered
[    0.577699] acpiphp: Slot [15] registered
[    0.577981] acpiphp: Slot [16] registered
[    0.578263] acpiphp: Slot [17] registered
[    0.578555] acpiphp: Slot [18] registered
[    0.578842] acpiphp: Slot [19] registered
[    0.579130] acpiphp: Slot [20] registered
[    0.579418] acpiphp: Slot [21] registered
[    0.579705] acpiphp: Slot [22] registered
[    0.579992] acpiphp: Slot [23] registered
[    0.580284] acpiphp: Slot [24] registered
[    0.580571] acpiphp: Slot [25] registered
[    0.580859] acpiphp: Slot [26] registered
[    0.581147] acpiphp: Slot [27] registered
[    0.581439] acpiphp: Slot [28] registered
[    0.581699] acpiphp: Slot [29] registered
[    0.581990] acpiphp: Slot [30] registered
[    0.582277] acpiphp: Slot [31] registered
[    0.582532] PCI host bridge to bus 0000:00
[    0.582777] pci_bus 0000:00: root bus resource [io  0x0000-0x0cf7 window]
[    0.583180] pci_bus 0000:00: root bus resource [io  0x0d00-0xffff window]
[    0.583584] pci_bus 0000:00: root bus resource [mem 0x000a0000-0x000bffff window]
[    0.584025] pci_bus 0000:00: root bus resource [mem 0x80000000-0xfebfffff window]
[    0.584466] pci_bus 0000:00: root bus resource [mem 0x100000000-0x17fffffff window]
[    0.584917] pci_bus 0000:00: root bus resource [bus 00-ff]
[    0.585324] pci 0000:00:00.0: [8086:1237] type 00 class 0x060000
[    0.587958] pci 0000:00:01.0: [8086:7000] type 00 class 0x060100
[    0.588857] pci 0000:00:01.1: [8086:7010] type 00 class 0x010180
[    0.590113] pci 0000:00:01.1: reg 0x20: [io  0xc040-0xc04f]
[    0.590875] pci 0000:00:01.1: legacy IDE quirk: reg 0x10: [io  0x01f0-0x01f7]
[    0.591301] pci 0000:00:01.1: legacy IDE quirk: reg 0x14: [io  0x03f6]
[    0.591687] pci 0000:00:01.1: legacy IDE quirk: reg 0x18: [io  0x0170-0x0177]
[    0.592105] pci 0000:00:01.1: legacy IDE quirk: reg 0x1c: [io  0x0376]
[    0.592693] pci 0000:00:01.3: [8086:7113] type 00 class 0x068000
[    0.593284] pci 0000:00:01.3: quirk: [io  0x0600-0x063f] claimed by PIIX4 ACPI
[    0.593657] pci 0000:00:01.3: quirk: [io  0x0700-0x070f] claimed by PIIX4 SMB
[    0.594435] pci 0000:00:02.0: [1234:1111] type 00 class 0x030000
[    0.596481] pci 0000:00:02.0: reg 0x10: [mem 0xfd000000-0xfdffffff pref]
[    0.597826] pci 0000:00:02.0: reg 0x18: [mem 0xfebf0000-0xfebf0fff]
[    0.600853] pci 0000:00:02.0: reg 0x30: [mem 0xfebe0000-0xfebeffff pref]
[    0.601412] pci 0000:00:02.0: Video device with shadowed ROM at [mem 0x000c0000-0x000dffff]
[    0.604139] pci 0000:00:03.0: [8086:100e] type 00 class 0x020000
[    0.604842] pci 0000:00:03.0: reg 0x10: [mem 0xfebc0000-0xfebdffff]
[    0.605483] pci 0000:00:03.0: reg 0x14: [io  0xc000-0xc03f]
[    0.607115] pci 0000:00:03.0: reg 0x30: [mem 0xfeb80000-0xfebbffff pref]
[    0.615270] ACPI: PCI: Interrupt link LNKA configured for IRQ 10
[    0.615928] ACPI: PCI: Interrupt link LNKB configured for IRQ 10
[    0.616559] ACPI: PCI: Interrupt link LNKC configured for IRQ 11
[    0.617189] ACPI: PCI: Interrupt link LNKD configured for IRQ 11
[    0.617678] ACPI: PCI: Interrupt link LNKS configured for IRQ 9
[    0.619104] iommu: Default domain type: Translated 
[    0.619404] iommu: DMA domain TLB invalidation policy: lazy mode 
[    0.620619] SCSI subsystem initialized
[    0.621061] ACPI: bus type USB registered
[    0.621342] usbcore: registered new interface driver usbfs
[    0.621676] usbcore: registered new interface driver hub
[    0.622011] usbcore: registered new device driver usb
[    0.622402] pps_core: LinuxPPS API ver. 1 registered
[    0.622695] pps_core: Software ver. 5.3.6 - Copyright 2005-2007 Rodolfo Giometti <giometti@linux.it>
[    0.623229] PTP clock support registered
[    0.623594] EDAC MC: Ver: 3.0.0
[    0.625124] NetLabel: Initializing
[    0.625340] NetLabel:  domain hash size = 128
[    0.625598] NetLabel:  protocols = UNLABELED CIPSOv4 CALIPSO
[    0.625703] NetLabel:  unlabeled traffic allowed by default
[    0.626332] PCI: Using ACPI for IRQ routing
[    0.626782] pci 0000:00:02.0: vgaarb: setting as boot VGA device
[    0.627146] pci 0000:00:02.0: vgaarb: bridge control possible
[    0.627484] pci 0000:00:02.0: vgaarb: VGA device added: decodes=io+mem,owns=io+mem,locks=none
[    0.627980] vgaarb: loaded
[    0.628828] hpet0: at MMIO 0xfed00000, IRQs 2, 8, 0
[    0.629135] hpet0: 3 comparators, 64-bit 100.000000 MHz counter
[    2.520262] clocksource: Switched to clocksource kvm-clock
[    2.521234] VFS: Disk quotas dquot_6.6.0
[    2.521509] VFS: Dquot-cache hash table entries: 512 (order 0, 4096 bytes)
[    2.521509] pnp: PnP ACPI init
[    2.521509] pnp: PnP ACPI: found 6 devices
[    2.530647] clocksource: acpi_pm: mask: 0xffffff max_cycles: 0xffffff, max_idle_ns: 2085701024 ns
[    2.531486] NET: Registered PF_INET protocol family
[    2.531936] IP idents hash table entries: 32768 (order: 6, 262144 bytes, linear)
[    2.533134] tcp_listen_portaddr_hash hash table entries: 1024 (order: 4, 73728 bytes, linear)
[    2.533688] Table-perturb hash table entries: 65536 (order: 6, 262144 bytes, linear)
[    2.534144] TCP established hash table entries: 16384 (order: 5, 131072 bytes, linear)
[    2.534793] TCP bind hash table entries: 16384 (order: 9, 2359296 bytes, linear)
[    2.541116] TCP: Hash tables configured (established 16384 bind 16384)
[    2.541699] UDP hash table entries: 1024 (order: 5, 163840 bytes, linear)
[    2.542186] UDP-Lite hash table entries: 1024 (order: 5, 163840 bytes, linear)
[    2.542780] NET: Registered PF_UNIX/PF_LOCAL protocol family
[    2.549964] RPC: Registered named UNIX socket transport module.
[    2.550332] RPC: Registered udp transport module.
[    2.550610] RPC: Registered tcp transport module.
[    2.550887] RPC: Registered tcp NFSv4.1 backchannel transport module.
[    2.551280] pci_bus 0000:00: resource 4 [io  0x0000-0x0cf7 window]
[    2.551648] pci_bus 0000:00: resource 5 [io  0x0d00-0xffff window]
[    2.552015] pci_bus 0000:00: resource 6 [mem 0x000a0000-0x000bffff window]
[    2.552419] pci_bus 0000:00: resource 7 [mem 0x80000000-0xfebfffff window]
[    2.552825] pci_bus 0000:00: resource 8 [mem 0x100000000-0x17fffffff window]
[    2.553427] pci 0000:00:01.0: PIIX3: Enabling Passive Release
[    2.553787] pci 0000:00:00.0: Limiting direct PCI/PCI transfers
[    2.554213] PCI: CLS 0 bytes, default 64
[    2.554487] ACPI: bus type thunderbolt registered
[    2.555027] clocksource: tsc: mask: 0xffffffffffffffff max_cycles: 0x3407c077a8d, max_idle_ns: 440795342283 ns
[    2.561845] Callback from call_rcu_tasks_rude() invoked.
[    2.621711] Callback from call_rcu_tasks() invoked.
[    2.648208] Initialise system trusted keyrings
[    2.648814] Key type blacklist registered
[    2.649580] workingset: timestamp_bits=36 max_order=19 bucket_order=0
[    2.650356] zbud: loaded
[    2.651558] squashfs: version 4.0 (2009/01/31) Phillip Lougher
[    2.652960] NFS: Registering the id_resolver key type
[    2.653520] Key type id_resolver registered
[    2.654011] Key type id_legacy registered
[    2.654482] nfs4filelayout_init: NFSv4 File Layout Driver Registering...
[    2.655219] nfs4flexfilelayout_init: NFSv4 Flexfile Layout Driver Registering...
[    2.656199] fuse: init (API version 7.38)
[    2.656845] SGI XFS with ACLs, security attributes, realtime, quota, no debug enabled
[    2.658342] 9p: Installing v9fs 9p2000 file system support
[    2.664697] Key type asymmetric registered
[    2.664986] Asymmetric key parser 'x509' registered
[    2.665334] Block layer SCSI generic (bsg) driver version 0.4 loaded (major 243)
[    2.665865] io scheduler mq-deadline registered
[    2.666163] io scheduler bfq registered
[    2.666707] shpchp: Standard Hot Plug PCI Controller Driver version: 0.4
[    2.667397] IPMI message handler: version 39.2
[    2.667696] ipmi device interface
[    2.669153] input: Power Button as /devices/LNXSYSTM:00/LNXPWRBN:00/input/input0
[    2.669784] ACPI: button: Power Button [PWRF]
[    2.670758] ERST DBG: ERST support is disabled.
[    2.671464] Serial: 8250/16550 driver, 32 ports, IRQ sharing enabled
[    2.672284] 00:04: ttyS0 at I/O 0x3f8 (irq = 4, base_baud = 115200) is a 16550A
[    2.679289] Linux agpgart interface v0.103
[    2.680131] ACPI: bus type drm_connector registered
[    2.690497] brd: module loaded
[    2.696253] loop: module loaded
[    2.699413] scsi host0: ata_piix
[    2.699982] scsi host1: ata_piix
[    2.700308] ata1: PATA max MWDMA2 cmd 0x1f0 ctl 0x3f6 bmdma 0xc040 irq 14
[    2.700715] ata2: PATA max MWDMA2 cmd 0x170 ctl 0x376 bmdma 0xc048 irq 15
[    2.701889] tun: Universal TUN/TAP device driver, 1.6
[    2.702348] e100: Intel(R) PRO/100 Network Driver
[    2.702631] e100: Copyright(c) 1999-2006 Intel Corporation
[    2.702986] e1000: Intel(R) PRO/1000 Network Driver
[    2.703278] e1000: Copyright (c) 1999-2006 Intel Corporation.
[    2.850506] ACPI: \_SB_.LNKC: Enabled at IRQ 11
[    2.857861] ata2: found unknown device (class 0)
[    2.858442] ata1: found unknown device (class 0)
[    2.859239] ata1.00: ATA-7: QEMU HARDDISK, 2.5+, max UDMA/100
[    2.859581] ata1.00: 16777216 sectors, multi 16: LBA48 
[    2.860048] ata2.00: ATAPI: QEMU DVD-ROM, 2.5+, max UDMA/100
[    2.861463] scsi 0:0:0:0: Direct-Access     ATA      QEMU HARDDISK    2.5+ PQ: 0 ANSI: 5
[    2.863174] sd 0:0:0:0: Attached scsi generic sg0 type 0
[    2.863392] sd 0:0:0:0: [sda] 16777216 512-byte logical blocks: (8.59 GB/8.00 GiB)
[    2.864024] sd 0:0:0:0: [sda] Write Protect is off
[    2.864359] sd 0:0:0:0: [sda] Write cache: enabled, read cache: enabled, doesn't support DPO or FUA
[    2.864988] scsi 1:0:0:0: CD-ROM            QEMU     QEMU DVD-ROM     2.5+ PQ: 0 ANSI: 5
[    2.865011] sd 0:0:0:0: [sda] Preferred minimum I/O size 512 bytes
[    2.890762] scsi 1:0:0:0: Attached scsi generic sg1 type 5
[    2.891665] sd 0:0:0:0: [sda] Attached SCSI disk
[    3.168142] e1000 0000:00:03.0 eth0: (PCI:33MHz:32-bit) 52:54:00:12:34:56
[    3.168586] e1000 0000:00:03.0 eth0: Intel(R) PRO/1000 Network Connection
[    3.169065] e1000e: Intel(R) PRO/1000 Network Driver
[    3.169357] e1000e: Copyright(c) 1999 - 2015 Intel Corporation.
[    3.169753] igb: Intel(R) Gigabit Ethernet Network Driver
[    3.170069] igb: Copyright (c) 2007-2014 Intel Corporation.
[    3.170466] PPP generic driver version 2.4.2
[    3.171194] VFIO - User Level meta-driver version: 0.3
[    3.171901] usbcore: registered new interface driver uas
[    3.172234] usbcore: registered new interface driver usb-storage
[    3.172688] i8042: PNP: PS/2 Controller [PNP0303:KBD,PNP0f13:MOU] at 0x60,0x64 irq 1,12
[    3.173730] serio: i8042 KBD port at 0x60,0x64 irq 1
[    3.174049] serio: i8042 AUX port at 0x60,0x64 irq 12
[    3.174948] mousedev: PS/2 mouse device common for all mice
[    3.175828] input: AT Translated Set 2 keyboard as /devices/platform/i8042/serio0/input/input1
[    3.177146] input: VirtualPS/2 VMware VMMouse as /devices/platform/i8042/serio1/input/input4
[    3.177742] rtc_cmos 00:05: RTC can wake from S4
[    3.178256] input: VirtualPS/2 VMware VMMouse as /devices/platform/i8042/serio1/input/input3
[    3.178791] rtc_cmos 00:05: registered as rtc0
[    3.179135] rtc_cmos 00:05: setting system clock to 2023-03-19T06:57:27 UTC (1679209047)
[    3.179761] rtc_cmos 00:05: alarms up to one day, y3k, 242 bytes nvram, hpet irqs
[    3.180225] i2c_dev: i2c /dev entries driver
[    3.180535] device-mapper: core: CONFIG_IMA_DISABLE_HTABLE is disabled. Duplicate IMA measurements will not be recorded in the IMA log.
[    3.181256] device-mapper: uevent: version 1.0.3
[    3.181728] device-mapper: ioctl: 4.47.0-ioctl (2022-07-28) initialised: dm-devel@redhat.com
[    3.182228] intel_pstate: CPU model not supported
[    3.182571] sdhci: Secure Digital Host Controller Interface driver
[    3.182928] sdhci: Copyright(c) Pierre Ossman
[    3.183237] sdhci-pltfm: SDHCI platform and OF driver helper
[    3.183638] ledtrig-cpu: registered to indicate activity on CPUs
[    3.184238] drop_monitor: Initializing network drop monitor service
[    3.184743] NET: Registered PF_INET6 protocol family
[    3.187090] Segment Routing with IPv6
[    3.187343] In-situ OAM (IOAM) with IPv6
[    3.187616] NET: Registered PF_PACKET protocol family
[    3.188057] 9pnet: Installing 9P2000 support
[    3.188371] Key type dns_resolver registered
[    3.189239] IPI shorthand broadcast: enabled
[    3.200752] sched_clock: Marking stable (3187398869, 10251852)->(3220034303, -22383582)
[    3.201802] registered taskstats version 1
[    3.202202] Loading compiled-in X.509 certificates
[    3.202633] zswap: loaded using pool lzo/zbud
[    3.216474] Key type .fscrypt registered
[    3.216735] Key type fscrypt-provisioning registered
[    3.217734] Key type encrypted registered
[    3.218015] ima: No TPM chip found, activating TPM-bypass!
[    3.218351] ima: Allocated hash algorithm: sha1
[    3.218648] ima: No architecture policies found
[    3.218972] evm: Initialising EVM extended attributes:
[    3.219278] evm: security.selinux
[    3.219479] evm: security.SMACK64
[    3.219680] evm: security.SMACK64EXEC
[    3.219901] evm: security.SMACK64TRANSMUTE
[    3.220147] evm: security.SMACK64MMAP
[    3.220368] evm: security.apparmor
[    3.220574] evm: security.ima
[    3.220756] evm: security.capability
[    3.220975] evm: HMAC attrs: 0x1
[    3.222272] PM:   Magic number: 15:485:974
[    3.222925] RAS: Correctable Errors collector initialized.
[    3.224154] md: Waiting for all devices to be available before autodetect
[    3.224433] md: If you don't use raid, use raid=noautodetect
[    3.224668] md: Autodetecting RAID arrays.
[    3.224850] md: autorun ...
[    3.224970] md: ... autorun DONE.
[    3.228337] EXT4-fs (sda): INFO: recovery required on readonly filesystem
[    3.228640] EXT4-fs (sda): write access will be enabled during recovery
[    3.277154] EXT4-fs (sda): recovery complete
[    3.283213] EXT4-fs (sda): mounted filesystem 23a53bb9-f815-47a5-b74c-5e08f7731193 with ordered data mode. Quota mode: none.
[    3.283724] VFS: Mounted root (ext4 filesystem) readonly on device 8:0.
[    3.284448] devtmpfs: mounted
[    3.291796] Freeing unused decrypted memory: 2036K
[    3.295592] Freeing unused kernel image (initmem) memory: 10176K
[    3.295881] Write protecting the kernel read-only data: 45056k
[    3.297077] Freeing unused kernel image (rodata/data gap) memory: 236K
[    3.366384] x86/mm: Checked W+X mappings: passed, no W+X pages found.
[    3.366690] Run /sbin/init as init process
[    3.430977] systemd[1]: RTC configured in localtime, applying delta of 0 minutes to system time.
[    3.452205] systemd[1]: systemd 239 (239-49.el8) running in system mode. (+PAM +AUDIT +SELINUX +IMA -APPARMOR +SMACK +SYSVINIT +UTMP +LIBCRYPTSETUP +GCRYPT +GNUTLS +ACL +XZ +LZ4 +SECCOMP +BLKID +ELFUTILS +KMOD +IDN2 -IDN +PCRE2 default-hierarchy=legacy)
[    3.453267] systemd[1]: Detected virtualization kvm.
[    3.453482] systemd[1]: Detected architecture x86-64.

Welcome to [0;31mCentOS Stream 8[0m!

[    3.519737] systemd[1]: Set hostname to <test>.
[    3.755178] systemd[1]: Listening on udev Control Socket.
[[0;32m  OK  [0m] Listening on udev Control Socket.
[    3.757932] systemd[1]: Created slice system-serial\x2dgetty.slice.
[[0;32m  OK  [0m] Created slice system-serial\x2dgetty.slice.
[    3.759148] systemd[1]: Created slice User and Session Slice.
[[0;32m  OK  [0m] Created slice User and Session Slice.
[    3.759733] systemd[1]: Reached target Swap.
[[0;32m  OK  [0m] Reached target Swap.
[    3.760309] systemd[1]: Listening on multipathd control socket.
[[0;32m  OK  [0m] Listening on multipathd control socket.
[    3.761004] systemd[1]: Listening on initctl Compatibility Named Pipe.
[[0;32m  OK  [0m] Listening on initctl Compatibility Named Pipe.
[[0;32m  OK  [0m] Reached target Slices.
[[0;32m  OK  [0m] Listening on Journal Socket.
         Mounting Huge Pages File System...
         Mounting POSIX Message Queue File System...
         Mounting Kernel Debug File System...
[[0;32m  OK  [0m] Listening on LVM2 poll daemon socket.
[[0;32m  OK  [0m] Listening on Process Core Dump Socket.
[[0;32m  OK  [0m] Created slice system-sshd\x2dkeygen.slice.
[[0;32m  OK  [0m] Listening on udev Kernel Socket.
         Starting udev Coldplug all Devices...
[[0;32m  OK  [0m] Listening on Device-mapper event daemon FIFOs.
         Starting Monitoring of LVM2 mirrorsâ€¦ng dmeventd or progress polling...
[[0;32m  OK  [0m] Created slice system-getty.slice.
         Starting Remount Root and Kernel File Systems...
[[0;32m  OK  [0m] Listening on RPCbind Server Activation Socket.
[[0;32m  OK  [0m] Reached target RPC Port Mapper.
         Starting Setup Virtual Console...
         Starting Load Kernel Modules...
[[0;32m  OK  [0m] Started Forward Password Requests to Wall Directory Watch.
[[0;32m  OK  [0m] Set up automount Arbitrary Executabâ€¦rmats File System Automount Point.
[[0;32m  OK  [0m] Listening on Journal Socket (/dev/log).
         Starting Journal Service...
[[0;32m  OK  [0m] Mounted Huge Pages File System.
[[0;32m  OK  [0m] Mounted POSIX Message Queue File System.
[[0;32m  OK  [0m] Mounted Kernel Debug File System.
[[0;1;31mFAILED[0m] Failed to start Load Kernel Modules.
See 'systemctl status systemd-modules-load.service' for details.
         Mounting FUSE Control File System...
[    4.225694] EXT4-fs (sda): re-mounted 23a53bb9-f815-47a5-b74c-5e08f7731193. Quota mode: none.
         Mounting Kernel Configuration File System...
         Starting Apply Kernel Variables...
[[0;32m  OK  [0m] Started Journal Service.
[[0;32m  OK  [0m] Started Remount Root and Kernel File Systems.
[[0;32m  OK  [0m] Started Setup Virtual Console.
[[0;32m  OK  [0m] Mounted FUSE Control File System.
[[0;32m  OK  [0m] Mounted Kernel Configuration File System.
         Starting Load/Save Random Seed...
         Starting Create Static Device Nodes in /dev...
         Starting Flush Journal to Persistent Storage...
[[0;32m  OK  [0m] Started Apply Kernel Variables.
[[0;32m  OK  [0m] Started Load/Save Random Seed.
[[0;32m  OK  [0m] Started Create Static Device Nodes in /dev.
         Starting udev Kernel Device Manager...
[[0;32m  OK  [0m] Started Flush Journal to Persistent Storage.
[[0;32m  OK  [0m] Started udev Kernel Device Manager.
[[0;32m  OK  [0m] Started udev Coldplug all Devices.
         Starting udev Wait for Complete Device Initialization...
         Starting Show Plymouth Boot Screen...
[[0;32m  OK  [0m] Started Show Plymouth Boot Screen.
[[0;32m  OK  [0m] Started Forward Password Requests to Plymouth Directory Watch.
[[0;32m  OK  [0m] Reached target Local Encrypted Volumes.
[[0;32m  OK  [0m] Reached target Paths.
[[0;32m  OK  [0m] Found device /dev/ttyS0.
[[0;32m  OK  [0m] Started Monitoring of LVM2 mirrors,â€¦sing dmeventd or progress polling.
[[0;32m  OK  [0m] Started udev Wait for Complete Device Initialization.
[[0;32m  OK  [0m] Listening on Load/Save RF Kill Switch Status /dev/rfkill Watch.
[[0;32m  OK  [0m] Reached target Local File Systems (Pre).
[[0;32m  OK  [0m] Reached target Local File Systems.
         Starting Restore /run/initramfs on shutdown...
         Starting Create Volatile Files and Directories...
         Starting Tell Plymouth To Write Out Runtime Data...
[[0;32m  OK  [0m] Started Restore /run/initramfs on shutdown.
[[0;32m  OK  [0m] Started Create Volatile Files and Directories.
[[0;32m  OK  [0m] Started Tell Plymouth To Write Out Runtime Data.
         Starting Security Auditing Service...
         Starting RPC Bind...
         Mounting RPC Pipe File System...
[[0;32m  OK  [0m] Mounted RPC Pipe File System.
[[0;32m  OK  [0m] Reached target rpc_pipefs.target.
[[0;32m  OK  [0m] Started RPC Bind.
[[0;32m  OK  [0m] Started Security Auditing Service.
         Starting Update UTMP about System Boot/Shutdown...
[[0;32m  OK  [0m] Started Update UTMP about System Boot/Shutdown.
[[0;32m  OK  [0m] Reached target System Initialization.
[[0;32m  OK  [0m] Started dnf makecache --timer.
[[0;32m  OK  [0m] Listening on D-Bus System Message Bus Socket.
[[0;32m  OK  [0m] Listening on SSSD Kerberos Cache Manager responder socket.
[[0;32m  OK  [0m] Reached target Sockets.
[[0;32m  OK  [0m] Started Daily Cleanup of Temporary Directories.
[[0;32m  OK  [0m] Started daily update of the root trust anchor for DNSSEC.
[[0;32m  OK  [0m] Reached target Timers.
[[0;32m  OK  [0m] Reached target Basic System.
[[0;32m  OK  [0m] Reached target sshd-keygen.target.
[[0;32m  OK  [0m] Started Machine Check Exception Logging Daemon.
[[0;32m  OK  [0m] Started irqbalance daemon.
         Starting Self Monitoring and Reporting Technology (SMART) Daemon...
         Starting Login Service...
         Starting NTP client/server...
         Starting Auto-connect to subsystemsâ€¦-NVME devices found during boot...
         Starting Authorization Manager...
[[0;32m  OK  [0m] Started D-Bus System Message Bus.
         Starting Network Manager...
[[0;32m  OK  [0m] Started Self Monitoring and Reporting Technology (SMART) Daemon.
[[0;32m  OK  [0m] Started Auto-connect to subsystems â€¦FC-NVME devices found during boot.
         Starting update of the root trust aâ€¦or DNSSEC validation in unbound...
[[0;32m  OK  [0m] Started Login Service.
[[0;32m  OK  [0m] Started update of the root trust anâ€¦ for DNSSEC validation in unbound.
[[0;32m  OK  [0m] Started NTP client/server.
[[0;32m  OK  [0m] Started Network Manager.
[[0;32m  OK  [0m] Reached target Network.
         Starting OpenSSH server daemon...
         Starting Dynamic System Tuning Daemon...
         Starting GSSAPI Proxy Daemon...
         Starting Network Manager Wait Online...
         Starting Hostname Service...
[[0;32m  OK  [0m] Started OpenSSH server daemon.
[[0;32m  OK  [0m] Started Authorization Manager.
[[0;32m  OK  [0m] Started GSSAPI Proxy Daemon.
[[0;32m  OK  [0m] Reached target NFS client services.
[[0;32m  OK  [0m] Reached target Remote File Systems (Pre).
[[0;32m  OK  [0m] Reached target Remote File Systems.
         Starting Permit User Sessions...
[[0;32m  OK  [0m] Started Permit User Sessions.
         Starting Terminate Plymouth Boot Screen...
[[0;32m  OK  [0m] Started Command Scheduler.
         Starting Hold until boot process finishes up...[[0;32m  OK  [0m] Started Terminate Plymouth Boot Screen.
[[0;32m  OK  [0m] Started Hold until boot process finishes up.
[    5.842262] e1000: eth0 NIC Link is Up 1000 Mbps Full Duplex, Flow Control: RX
[    5.843018] IPv6: ADDRCONF(NETDEV_CHANGE): eth0: link becomes ready
[    6.037544] Spectre V2 : WARNING: Unprivileged eBPF is enabled with eIBRS on, data leaks possible via Spectre v2 BHB attacks!
[    6.038132] Spectre V2 : WARNING: Unprivileged eBPF is enabled with eIBRS on, data leaks possible via Spectre v2 BHB attacks!

CentOS Stream 8
Kernel 6.2.0-rc6-846072f16eed+ on an x86_64

test login: [   30.395010] hrtimer: interrupt took 16620159 ns
[   51.938084] rcu_tasks_wait_gp: rcu_tasks grace period number 49 (since boot) is 2580 jiffies old.
[   82.082118] rcu_tasks_wait_gp: rcu_tasks grace period number 49 (since boot) is 10116 jiffies old.
[  172.577977] rcu_tasks_wait_gp: rcu_tasks grace period number 49 (since boot) is 32740 jiffies old.
[  300.130125] INFO: task repro:608 blocked for more than 147 seconds.
[  300.130890]       Not tainted 6.2.0-rc6-846072f16eed+ #1
[  300.131476] "echo 0 > /proc/sys/kernel/hung_task_timeout_secs" disables this message.
[  300.132271] task:repro           state:D stack:0     pid:608   ppid:539    flags:0x00004002
[  300.133183] Call Trace:
[  300.133522]  <TASK>
[  300.134318]  __schedule+0x385/0xb00
[  300.135097]  ? wait_for_completion+0x7b/0x180
[  300.135641]  schedule+0x5b/0xe0
[  300.136115]  schedule_timeout+0x561/0x650
[  300.136881]  ? schedule_timeout+0x9/0x650
[  300.137565]  ? wait_for_completion+0x7b/0x180
[  300.138268]  wait_for_completion+0xa6/0x180
[  300.139010]  __wait_rcu_gp+0x136/0x160
[  300.139562]  ? __pfx_arch_ftrace_ops_list_func+0x10/0x10
[  300.140156]  ? __pfx_arch_ftrace_ops_list_func+0x10/0x10
[  300.140798]  synchronize_rcu_tasks_generic.part.24+0x3b/0x60
[  300.141420]  ? __pfx_call_rcu_tasks+0x10/0x10
[  300.142121]  ? __pfx_wakeme_after_rcu+0x10/0x10
[  300.142848]  ? verify_cpu+0x90/0x100
[  300.143397]  synchronize_rcu_tasks_generic+0x2b/0x70
[  300.144010]  synchronize_rcu_tasks+0x19/0x20
[  300.144541]  ftrace_shutdown+0x1d2/0x410
[  300.145224]  unregister_ftrace_function+0x35/0x220
[  300.146013]  ? __sanitizer_cov_trace_switch+0x57/0xa0
[  300.146732]  perf_ftrace_event_register+0x95/0xf0
[  300.147301]  ? __pfx_tp_perf_event_destroy+0x10/0x10
[  300.147892]  perf_trace_destroy+0x3a/0xa0
[  300.148398]  ? __pfx_tp_perf_event_destroy+0x10/0x10
[  300.148984]  tp_perf_event_destroy+0x1e/0x30
[  300.149539]  _free_event+0x101/0x7e0
[  300.150305]  put_event+0x3c/0x50
[  300.150803]  perf_event_release_kernel+0x2de/0x360
[  300.151355]  ? perf_event_release_kernel+0x9/0x360
[  300.152050]  ? __pfx_perf_release+0x10/0x10
[  300.152619]  perf_release+0x22/0x30
[  300.153116]  __fput+0x11f/0x450
[  300.153940]  ____fput+0x1e/0x30
[  300.154408]  task_work_run+0xb6/0x120
[  300.155037]  do_exit+0x521/0x1340
[  300.155596]  ? write_comp_data+0x2f/0x90
[  300.156263]  do_group_exit+0x5e/0xf0
[  300.156864]  get_signal+0x14b6/0x14c0
[  300.157921]  arch_do_signal_or_restart+0x33/0x280
[  300.158714]  ? syscall_exit_to_user_mode+0x2d/0x60
[  300.159412]  exit_to_user_mode_prepare+0x13b/0x210
[  300.160041]  syscall_exit_to_user_mode+0x2d/0x60
[  300.160631]  do_syscall_64+0x4a/0x90
[  300.161138]  entry_SYSCALL_64_after_hwframe+0x72/0xdc
[  300.161971] RIP: 0033:0x7f7673cd159d
[  300.162435] RSP: 002b:00007f7673baaca8 EFLAGS: 00000246 ORIG_RAX: 000000000000012a
[  300.163256] RAX: 0000000000000003 RBX: 0000000000000000 RCX: 00007f7673cd159d
[  300.163980] RDX: 0000000000000000 RSI: 00000000ffffffff RDI: 00000000200004c0
[  300.164701] RBP: 00007f7673baae00 R08: 0000000000000000 R09: 0000000000000000
[  300.165426] R10: 00000000ffffffff R11: 0000000000000246 R12: 00007ffc5c59d88e
[  300.166308] R13: 00007ffc5c59d88f R14: 00007ffc5c59d920 R15: 00007f7673bab700
[  300.167545]  </TASK>
[  300.167862] INFO: task repro:614 blocked for more than 147 seconds.
[  300.168510]       Not tainted 6.2.0-rc6-846072f16eed+ #1
[  300.168988] "echo 0 > /proc/sys/kernel/hung_task_timeout_secs" disables this message.
[  300.169432] task:repro           state:D stack:0     pid:614   ppid:541    flags:0x00004002
[  300.170069] Call Trace:
[  300.170270]  <TASK>
[  300.170558]  __schedule+0x385/0xb00
[  300.171064]  schedule+0x5b/0xe0
[  300.171348]  schedule_preempt_disabled+0x1c/0x30
[  300.171681]  __mutex_lock+0x880/0xf30
[  300.172020]  ? perf_trace_destroy+0x21/0xa0
[  300.172325]  ? perf_trace_destroy+0x21/0xa0
[  300.172767]  ? __pfx_tp_perf_event_destroy+0x10/0x10
[  300.173162]  mutex_lock_nested+0x1f/0x30
[  300.173441]  ? mutex_lock_nested+0x1f/0x30
[  300.173854]  perf_trace_destroy+0x21/0xa0
[  300.174153]  ? __pfx_tp_perf_event_destroy+0x10/0x10
[  300.174493]  tp_perf_event_destroy+0x1e/0x30
[  300.174822]  _free_event+0x101/0x7e0
[  300.175190]  put_event+0x3c/0x50
[  300.175493]  perf_event_release_kernel+0x2de/0x360
[  300.175815]  ? perf_event_release_kernel+0x9/0x360
[  300.176238]  ? __pfx_perf_release+0x10/0x10
[  300.176579]  perf_release+0x22/0x30
[  300.176879]  __fput+0x11f/0x450
[  300.177296]  ____fput+0x1e/0x30
[  300.177575]  task_work_run+0xb6/0x120
[  300.178076]  do_exit+0x521/0x1340
[  300.178417]  ? write_comp_data+0x2f/0x90
[  300.178829]  do_group_exit+0x5e/0xf0
[  300.179201]  get_signal+0x14b6/0x14c0
[  300.179780]  arch_do_signal_or_restart+0x33/0x280
[  300.180265]  ? syscall_exit_to_user_mode+0x2d/0x60
[  300.180685]  exit_to_user_mode_prepare+0x13b/0x210
[  300.181058]  syscall_exit_to_user_mode+0x2d/0x60
[  300.181407]  do_syscall_64+0x4a/0x90
[  300.181818]  entry_SYSCALL_64_after_hwframe+0x72/0xdc
[  300.182165] RIP: 0033:0x7f7673cd159d
[  300.182439] RSP: 002b:00007f7673baaca8 EFLAGS: 00000246 ORIG_RAX: 000000000000012a
[  300.182914] RAX: 0000000000000003 RBX: 0000000000000000 RCX: 00007f7673cd159d
[  300.183326] RDX: 0000000000000000 RSI: 00000000ffffffff RDI: 00000000200004c0
[  300.183737] RBP: 00007f7673baae00 R08: 0000000000000000 R09: 0000000000000000
[  300.184147] R10: 00000000ffffffff R11: 0000000000000246 R12: 00007ffc5c59d88e
[  300.184559] R13: 00007ffc5c59d88f R14: 00007ffc5c59d920 R15: 00007f7673bab700
[  300.185330]  </TASK>
[  300.185518] INFO: task repro:619 blocked for more than 147 seconds.
[  300.186003]       Not tainted 6.2.0-rc6-846072f16eed+ #1
[  300.186327] "echo 0 > /proc/sys/kernel/hung_task_timeout_secs" disables this message.
[  300.186762] task:repro           state:D stack:0     pid:619   ppid:540    flags:0x00004002
[  300.187273] Call Trace:
[  300.187472]  <TASK>
[  300.187759]  __schedule+0x385/0xb00
[  300.188273]  schedule+0x5b/0xe0
[  300.188558]  schedule_preempt_disabled+0x1c/0x30
[  300.188895]  __mutex_lock+0x880/0xf30
[  300.189230]  ? perf_trace_destroy+0x21/0xa0
[  300.189534]  ? perf_trace_destroy+0x21/0xa0
[  300.190081]  ? __pfx_tp_perf_event_destroy+0x10/0x10
[  300.190471]  mutex_lock_nested+0x1f/0x30
[  300.190751]  ? mutex_lock_nested+0x1f/0x30
[  300.191052]  perf_trace_destroy+0x21/0xa0
[  300.191350]  ? __pfx_tp_perf_event_destroy+0x10/0x10
[  300.191692]  tp_perf_event_destroy+0x1e/0x30
[  300.192023]  _free_event+0x101/0x7e0
[  300.192393]  put_event+0x3c/0x50
[  300.192698]  perf_event_release_kernel+0x2de/0x360
[  300.193022]  ? perf_event_release_kernel+0x9/0x360
[  300.193443]  ? __pfx_perf_release+0x10/0x10
[  300.193948]  perf_release+0x22/0x30
[  300.194247]  __fput+0x11f/0x450
[  300.194665]  ____fput+0x1e/0x30
[  300.194945]  task_work_run+0xb6/0x120
[  300.195332]  do_exit+0x521/0x1340
[  300.195674]  ? write_comp_data+0x2f/0x90
[  300.196088]  do_group_exit+0x5e/0xf0
[  300.196459]  get_signal+0x14b6/0x14c0
[  300.197031]  arch_do_signal_or_restart+0x33/0x280
[  300.197514]  ? syscall_exit_to_user_mode+0x2d/0x60
[  300.198050]  exit_to_user_mode_prepare+0x13b/0x210
[  300.198424]  syscall_exit_to_user_mode+0x2d/0x60
[  300.198772]  do_syscall_64+0x4a/0x90
[  300.199072]  entry_SYSCALL_64_after_hwframe+0x72/0xdc
[  300.199408] RIP: 0033:0x7f7673cd159d
[  300.199680] RSP: 002b:00007f7673baaca8 EFLAGS: 00000246 ORIG_RAX: 000000000000012a
[  300.200149] RAX: 0000000000000003 RBX: 0000000000000000 RCX: 00007f7673cd159d
[  300.200559] RDX: 0000000000000000 RSI: 00000000ffffffff RDI: 00000000200004c0
[  300.200970] RBP: 00007f7673baae00 R08: 0000000000000000 R09: 0000000000000000
[  300.201380] R10: 00000000ffffffff R11: 0000000000000246 R12: 00007ffc5c59d88e
[  300.201904] R13: 00007ffc5c59d88f R14: 00007ffc5c59d920 R15: 00007f7673bab700
[  300.202672]  </TASK>
[  300.202865] INFO: task repro:627 blocked for more than 147 seconds.
[  300.203235]       Not tainted 6.2.0-rc6-846072f16eed+ #1
[  300.203562] "echo 0 > /proc/sys/kernel/hung_task_timeout_secs" disables this message.
[  300.203998] task:repro           state:D stack:0     pid:627   ppid:545    flags:0x00004002
[  300.204508] Call Trace:
[  300.204706]  <TASK>
[  300.204997]  __schedule+0x385/0xb00
[  300.205499]  schedule+0x5b/0xe0
[  300.205895]  schedule_preempt_disabled+0x1c/0x30
[  300.206228]  __mutex_lock+0x880/0xf30
[  300.206562]  ? perf_trace_destroy+0x21/0xa0
[  300.206864]  ? perf_trace_destroy+0x21/0xa0
[  300.207307]  ? __pfx_tp_perf_event_destroy+0x10/0x10
[  300.207698]  mutex_lock_nested+0x1f/0x30
[  300.207974]  ? mutex_lock_nested+0x1f/0x30
[  300.208275]  perf_trace_destroy+0x21/0xa0
[  300.208571]  ? __pfx_tp_perf_event_destroy+0x10/0x10
[  300.208911]  tp_perf_event_destroy+0x1e/0x30
[  300.209238]  _free_event+0x101/0x7e0
[  300.209606]  put_event+0x3c/0x50
[  300.210021]  perf_event_release_kernel+0x2de/0x360
[  300.210342]  ? perf_event_release_kernel+0x9/0x360
[  300.210764]  ? __pfx_perf_release+0x10/0x10
[  300.211107]  perf_release+0x22/0x30
[  300.211402]  __fput+0x11f/0x450
[  300.211816]  ____fput+0x1e/0x30
[  300.212094]  task_work_run+0xb6/0x120
[  300.212476]  do_exit+0x521/0x1340
[  300.212817]  ? write_comp_data+0x2f/0x90
[  300.213235]  do_group_exit+0x5e/0xf0
[  300.213602]  get_signal+0x14b6/0x14c0
[  300.214290]  arch_do_signal_or_restart+0x33/0x280
[  300.214773]  ? syscall_exit_to_user_mode+0x2d/0x60
[  300.215194]  exit_to_user_mode_prepare+0x13b/0x210
[  300.215565]  syscall_exit_to_user_mode+0x2d/0x60
[  300.215911]  do_syscall_64+0x4a/0x90
[  300.216211]  entry_SYSCALL_64_after_hwframe+0x72/0xdc
[  300.216546] RIP: 0033:0x7f7673cd159d
[  300.216815] RSP: 002b:00007f7673baaca8 EFLAGS: 00000246 ORIG_RAX: 000000000000012a
[  300.217280] RAX: 0000000000000003 RBX: 0000000000000000 RCX: 00007f7673cd159d
[  300.217807] RDX: 0000000000000000 RSI: 00000000ffffffff RDI: 00000000200004c0
[  300.218216] RBP: 00007f7673baae00 R08: 0000000000000000 R09: 0000000000000000
[  300.218624] R10: 00000000ffffffff R11: 0000000000000246 R12: 00007ffc5c59d88e
[  300.219033] R13: 00007ffc5c59d88f R14: 00007ffc5c59d920 R15: 00007f7673bab700
[  300.219792]  </TASK>
[  300.219978] INFO: task repro:632 blocked for more than 147 seconds.
[  300.220346]       Not tainted 6.2.0-rc6-846072f16eed+ #1
[  300.220669] "echo 0 > /proc/sys/kernel/hung_task_timeout_secs" disables this message.
[  300.221106] task:repro           state:D stack:0     pid:632   ppid:542    flags:0x00004002
[  300.221619] Call Trace:
[  300.221932]  <TASK>
[  300.222216]  __schedule+0x385/0xb00
[  300.222715]  schedule+0x5b/0xe0
[  300.222999]  schedule_preempt_disabled+0x1c/0x30
[  300.223333]  __mutex_lock+0x880/0xf30
[  300.223667]  ? perf_trace_destroy+0x21/0xa0
[  300.223974]  ? perf_trace_destroy+0x21/0xa0
[  300.224419]  ? __pfx_tp_perf_event_destroy+0x10/0x10
[  300.224813]  mutex_lock_nested+0x1f/0x30
[  300.225092]  ? mutex_lock_nested+0x1f/0x30
[  300.225394]  perf_trace_destroy+0x21/0xa0
[  300.225805]  ? __pfx_tp_perf_event_destroy+0x10/0x10
[  300.226146]  tp_perf_event_destroy+0x1e/0x30
[  300.226475]  _free_event+0x101/0x7e0
[  300.226848]  put_event+0x3c/0x50
[  300.227151]  perf_event_release_kernel+0x2de/0x360
[  300.227474]  ? perf_event_release_kernel+0x9/0x360
[  300.227901]  ? __pfx_perf_release+0x10/0x10
[  300.228248]  perf_release+0x22/0x30
[  300.228547]  __fput+0x11f/0x450
[  300.228963]  ____fput+0x1e/0x30
[  300.229241]  task_work_run+0xb6/0x120
[  300.229628]  do_exit+0x521/0x1340
[  300.230081]  ? write_comp_data+0x2f/0x90
[  300.230492]  do_group_exit+0x5e/0xf0
[  300.230861]  get_signal+0x14b6/0x14c0
[  300.231432]  arch_do_signal_or_restart+0x33/0x280
[  300.232032]  exit_to_user_mode_prepare+0x13b/0x210
[  300.232406]  syscall_exit_to_user_mode+0x2d/0x60
[  300.232752]  do_syscall_64+0x4a/0x90
[  300.233052]  entry_SYSCALL_64_after_hwframe+0x72/0xdc
[  300.233386] RIP: 0033:0x7f7673cd159d
[  300.233770] RSP: 002b:00007f7673baaca8 EFLAGS: 00000246 ORIG_RAX: 000000000000012a
[  300.234241] RAX: 0000000000000003 RBX: 0000000000000000 RCX: 00007f7673cd159d
[  300.234651] RDX: 0000000000000000 RSI: 00000000ffffffff RDI: 00000000200004c0
[  300.235063] RBP: 00007f7673baae00 R08: 0000000000000000 R09: 0000000000000000
[  300.235476] R10: 00000000ffffffff R11: 0000000000000246 R12: 00007ffc5c59d88e
[  300.235887] R13: 00007ffc5c59d88f R14: 00007ffc5c59d920 R15: 00007f7673bab700
[  300.236649]  </TASK>
[  300.236860] INFO: task repro:637 blocked for more than 147 seconds.
[  300.237231]       Not tainted 6.2.0-rc6-846072f16eed+ #1
[  300.237556] "echo 0 > /proc/sys/kernel/hung_task_timeout_secs" disables this message.
[  300.238112] task:repro           state:D stack:0     pid:637   ppid:531    flags:0x00004002
[  300.238626] Call Trace:
[  300.238824]  <TASK>
[  300.239108]  __schedule+0x385/0xb00
[  300.239609]  schedule+0x5b/0xe0
[  300.239892]  schedule_preempt_disabled+0x1c/0x30
[  300.240225]  __mutex_lock+0x880/0xf30
[  300.240563]  ? perf_trace_destroy+0x21/0xa0
[  300.240871]  ? perf_trace_destroy+0x21/0xa0
[  300.241312]  ? __pfx_tp_perf_event_destroy+0x10/0x10
[  300.241821]  mutex_lock_nested+0x1f/0x30
[  300.242102]  ? mutex_lock_nested+0x1f/0x30
[  300.242402]  perf_trace_destroy+0x21/0xa0
[  300.242703]  ? __pfx_tp_perf_event_destroy+0x10/0x10
[  300.243047]  tp_perf_event_destroy+0x1e/0x30
[  300.243377]  _free_event+0x101/0x7e0
[  300.243745]  put_event+0x3c/0x50
[  300.244048]  perf_event_release_kernel+0x2de/0x360
[  300.244370]  ? perf_event_release_kernel+0x9/0x360
[  300.244792]  ? __pfx_perf_release+0x10/0x10
[  300.245135]  perf_release+0x22/0x30
[  300.245432]  __fput+0x11f/0x450
[  300.245953]  ____fput+0x1e/0x30
[  300.246231]  task_work_run+0xb6/0x120
[  300.246615]  do_exit+0x521/0x1340
[  300.246954]  ? write_comp_data+0x2f/0x90
[  300.247364]  do_group_exit+0x5e/0xf0
[  300.247732]  get_signal+0x14b6/0x14c0
[  300.248306]  arch_do_signal_or_restart+0x33/0x280
[  300.248791]  ? syscall_exit_to_user_mode+0x2d/0x60
[  300.249211]  exit_to_user_mode_prepare+0x13b/0x210
[  300.249582]  syscall_exit_to_user_mode+0x2d/0x60
[  300.250041]  do_syscall_64+0x4a/0x90
[  300.250340]  entry_SYSCALL_64_after_hwframe+0x72/0xdc
[  300.250675] RIP: 0033:0x7f7673cd159d
[  300.250949] RSP: 002b:00007f7673baaca8 EFLAGS: 00000246 ORIG_RAX: 000000000000012a
[  300.251422] RAX: 0000000000000003 RBX: 0000000000000000 RCX: 00007f7673cd159d
[  300.251831] RDX: 0000000000000000 RSI: 00000000ffffffff RDI: 00000000200004c0
[  300.252242] RBP: 00007f7673baae00 R08: 0000000000000000 R09: 0000000000000000
[  300.252651] R10: 00000000ffffffff R11: 0000000000000246 R12: 00007ffc5c59d88e
[  300.253064] R13: 00007ffc5c59d88f R14: 00007ffc5c59d920 R15: 00007f7673bab700
[  300.254000]  </TASK>
[  300.254190] INFO: task repro:642 blocked for more than 147 seconds.
[  300.254562]       Not tainted 6.2.0-rc6-846072f16eed+ #1
[  300.254888] "echo 0 > /proc/sys/kernel/hung_task_timeout_secs" disables this message.
[  300.255327] task:repro           state:D stack:0     pid:642   ppid:538    flags:0x00000004
[  300.255841] Call Trace:
[  300.256040]  <TASK>
[  300.256329]  __schedule+0x385/0xb00
[  300.256836]  schedule+0x5b/0xe0
[  300.257120]  schedule_preempt_disabled+0x1c/0x30
[  300.257454]  __mutex_lock+0x880/0xf30
[  300.257936]  ? perf_trace_init+0x2c/0x170
[  300.258454]  mutex_lock_nested+0x1f/0x30
[  300.258733]  ? __mutex_lock+0x5/0xf30
[  300.258999]  ? mutex_lock_nested+0x1f/0x30
[  300.259300]  perf_trace_init+0x2c/0x170
[  300.259660]  perf_tp_event_init+0x60/0xa0
[  300.259995]  perf_try_init_event+0x88/0x280
[  300.260410]  perf_event_alloc+0xf0a/0x1c50
[  300.260771]  ? perf_event_alloc+0x5/0x1c50
[  300.261230]  __do_sys_perf_event_open+0x3b6/0x1870
[  300.261588]  ? __x64_sys_perf_event_open+0x4/0x40
[  300.262545]  __x64_sys_perf_event_open+0x2f/0x40
[  300.262895]  do_syscall_64+0x3b/0x90
[  300.263196]  entry_SYSCALL_64_after_hwframe+0x72/0xdc
[  300.263531] RIP: 0033:0x7f7673cd159d
[  300.263802] RSP: 002b:00007f7673baaca8 EFLAGS: 00000246 ORIG_RAX: 000000000000012a
[  300.264275] RAX: ffffffffffffffda RBX: 0000000000000000 RCX: 00007f7673cd159d
[  300.264686] RDX: 0000000000000000 RSI: 00000000ffffffff RDI: 00000000200004c0
[  300.265098] RBP: 00007f7673baae00 R08: 0000000000000000 R09: 0000000000000000
[  300.265510] R10: 00000000ffffffff R11: 0000000000000246 R12: 00007ffc5c59d88e
[  300.266036] R13: 00007ffc5c59d88f R14: 00007ffc5c59d920 R15: 00007f7673bab700
[  300.266809]  </TASK>
[  300.266999] INFO: task repro:648 blocked for more than 147 seconds.
[  300.267368]       Not tainted 6.2.0-rc6-846072f16eed+ #1
[  300.267693] "echo 0 > /proc/sys/kernel/hung_task_timeout_secs" disables this message.
[  300.268129] task:repro           state:D stack:0     pid:648   ppid:535    flags:0x00000004
[  300.268642] Call Trace:
[  300.268843]  <TASK>
[  300.269130]  __schedule+0x385/0xb00
[  300.269635]  schedule+0x5b/0xe0
[  300.270033]  schedule_preempt_disabled+0x1c/0x30
[  300.270368]  __mutex_lock+0x880/0xf30
[  300.270741]  ? perf_trace_init+0x2c/0x170
[  300.271266]  mutex_lock_nested+0x1f/0x30
[  300.271545]  ? __mutex_lock+0x5/0xf30
[  300.271812]  ? mutex_lock_nested+0x1f/0x30
[  300.272114]  perf_trace_init+0x2c/0x170
[  300.272472]  perf_tp_event_init+0x60/0xa0
[  300.272809]  perf_try_init_event+0x88/0x280
[  300.273226]  perf_event_alloc+0xf0a/0x1c50
[  300.273586]  ? perf_event_alloc+0x5/0x1c50
[  300.274164]  __do_sys_perf_event_open+0x3b6/0x1870
[  300.274521]  ? __x64_sys_perf_event_open+0x4/0x40
[  300.275360]  __x64_sys_perf_event_open+0x2f/0x40
[  300.275709]  do_syscall_64+0x3b/0x90
[  300.276008]  entry_SYSCALL_64_after_hwframe+0x72/0xdc
[  300.276346] RIP: 0033:0x7f7673cd159d
[  300.276618] RSP: 002b:00007f7673baaca8 EFLAGS: 00000246 ORIG_RAX: 000000000000012a
[  300.277091] RAX: ffffffffffffffda RBX: 0000000000000000 RCX: 00007f7673cd159d
[  300.277499] RDX: 0000000000000000 RSI: 00000000ffffffff RDI: 00000000200004c0
[  300.278024] RBP: 00007f7673baae00 R08: 0000000000000000 R09: 0000000000000000
[  300.278432] R10: 00000000ffffffff R11: 0000000000000246 R12: 00007ffc5c59d88e
[  300.278842] R13: 00007ffc5c59d88f R14: 00007ffc5c59d920 R15: 00007f7673bab700
[  300.279610]  </TASK>
[  300.279798] 
[  300.279798] Showing all locks held in the system:
[  300.280171] 1 lock held by rcu_tasks_kthre/11:
[  300.280461]  #0: ffffffff83d617b0 (rcu_tasks.tasks_gp_mutex){+.+.}-{3:3}, at: rcu_tasks_one_gp+0x2d/0x3d0
[  300.281199] 1 lock held by rcu_tasks_rude_/12:
[  300.281488]  #0: ffffffff83d61530 (rcu_tasks_rude.tasks_gp_mutex){+.+.}-{3:3}, at: rcu_tasks_one_gp+0x2d/0x3d0
[  300.282428] 1 lock held by rcu_tasks_trace/13:
[  300.282718]  #0: ffffffff83d61270 (rcu_tasks_trace.tasks_gp_mutex){+.+.}-{3:3}, at: rcu_tasks_one_gp+0x2d/0x3d0
[  300.283482] 1 lock held by khungtaskd/29:
[  300.283750]  #0: ffffffff83d621c0 (rcu_read_lock){....}-{1:2}, at: debug_show_all_locks+0x27/0x18c
[  300.284483] 2 locks held by systemd-journal/131:
[  300.284794] 2 locks held by repro/608:
[  300.285052]  #0: ffffffff83e1e348 (event_mutex){+.+.}-{3:3}, at: perf_trace_destroy+0x21/0xa0
[  300.285860]  #1: ffffffff83e1aa28 (ftrace_lock){+.+.}-{3:3}, at: unregister_ftrace_function+0x2b/0x220
[  300.286593] 1 lock held by repro/614:
[  300.286848]  #0: ffffffff83e1e348 (event_mutex){+.+.}-{3:3}, at: perf_trace_destroy+0x21/0xa0
[  300.287545] 1 lock held by repro/619:
[  300.287799]  #0: ffffffff83e1e348 (event_mutex){+.+.}-{3:3}, at: perf_trace_destroy+0x21/0xa0
[  300.288494] 1 lock held by repro/627:
[  300.288748]  #0: ffffffff83e1e348 (event_mutex){+.+.}-{3:3}, at: perf_trace_destroy+0x21/0xa0
[  300.289447] 1 lock held by repro/632:
[  300.289818]  #0: ffffffff83e1e348 (event_mutex){+.+.}-{3:3}, at: perf_trace_destroy+0x21/0xa0
[  300.290513] 1 lock held by repro/637:
[  300.290768]  #0: ffffffff83e1e348 (event_mutex){+.+.}-{3:3}, at: perf_trace_destroy+0x21/0xa0
[  300.291463] 2 locks held by repro/642:
[  300.291720]  #0: ffffffff85676f98 (&pmus_srcu){....}-{0:0}, at: perf_event_alloc+0x532/0x1c50
[  300.292425]  #1: ffffffff83e1e348 (event_mutex){+.+.}-{3:3}, at: perf_trace_init+0x2c/0x170
[  300.293113] 2 locks held by repro/648:
[  300.293371]  #0: ffffffff85676f98 (&pmus_srcu){....}-{0:0}, at: perf_event_alloc+0x532/0x1c50
[  300.294190]  #1: ffffffff83e1e348 (event_mutex){+.+.}-{3:3}, at: perf_trace_init+0x2c/0x170
[  300.294875] 
[  300.295031] =============================================
[  300.295031] 
[  442.914177] rcu_tasks_wait_gp: rcu_tasks grace period number 49 (since boot) is 100324 jiffies old.
[  447.586032] INFO: task repro:608 blocked for more than 294 seconds.
[  447.586439]       Not tainted 6.2.0-rc6-846072f16eed+ #1
[  447.586770] "echo 0 > /proc/sys/kernel/hung_task_timeout_secs" disables this message.
[  447.587211] task:repro           state:D stack:0     pid:608   ppid:539    flags:0x00004002
[  447.587728] Call Trace:
[  447.587928]  <TASK>
[  447.588216]  __schedule+0x385/0xb00
[  447.588693]  ? wait_for_completion+0x7b/0x180
[  447.589012]  schedule+0x5b/0xe0
[  447.589297]  schedule_timeout+0x561/0x650
[  447.590013]  ? schedule_timeout+0x9/0x650
[  447.590435]  ? wait_for_completion+0x7b/0x180
[  447.590751]  wait_for_completion+0xa6/0x180
[  447.591208]  __wait_rcu_gp+0x136/0x160
[  447.591537]  ? __pfx_arch_ftrace_ops_list_func+0x10/0x10
[  447.591885]  ? __pfx_arch_ftrace_ops_list_func+0x10/0x10
[  447.592262]  synchronize_rcu_tasks_generic.part.24+0x3b/0x60
[  447.592621]  ? __pfx_call_rcu_tasks+0x10/0x10
[  447.592940]  ? __pfx_wakeme_after_rcu+0x10/0x10
[  447.593390]  ? verify_cpu+0x90/0x100
[  447.593833]  synchronize_rcu_tasks_generic+0x2b/0x70
[  447.594201]  synchronize_rcu_tasks+0x19/0x20
[  447.594516]  ftrace_shutdown+0x1d2/0x410
[  447.594938]  unregister_ftrace_function+0x35/0x220
[  447.595314]  ? __sanitizer_cov_trace_switch+0x57/0xa0
[  447.595749]  perf_ftrace_event_register+0x95/0xf0
[  447.596082]  ? __pfx_tp_perf_event_destroy+0x10/0x10
[  447.596424]  perf_trace_destroy+0x3a/0xa0
[  447.596722]  ? __pfx_tp_perf_event_destroy+0x10/0x10
[  447.597067]  tp_perf_event_destroy+0x1e/0x30
[  447.597397]  _free_event+0x101/0x7e0
[  447.597876]  put_event+0x3c/0x50
[  447.598178]  perf_event_release_kernel+0x2de/0x360
[  447.598501]  ? perf_event_release_kernel+0x9/0x360
[  447.598923]  ? __pfx_perf_release+0x10/0x10
[  447.599268]  perf_release+0x22/0x30
[  447.599565]  __fput+0x11f/0x450
[  447.599979]  ____fput+0x1e/0x30
[  447.600257]  task_work_run+0xb6/0x120
[  447.600644]  do_exit+0x521/0x1340
[  447.600987]  ? write_comp_data+0x2f/0x90
[  447.601400]  do_group_exit+0x5e/0xf0
[  447.601880]  get_signal+0x14b6/0x14c0
[  447.602455]  arch_do_signal_or_restart+0x33/0x280
[  447.602938]  ? syscall_exit_to_user_mode+0x2d/0x60
[  447.603360]  exit_to_user_mode_prepare+0x13b/0x210
[  447.603734]  syscall_exit_to_user_mode+0x2d/0x60
[  447.604080]  do_syscall_64+0x4a/0x90
[  447.604381]  entry_SYSCALL_64_after_hwframe+0x72/0xdc
[  447.604719] RIP: 0033:0x7f7673cd159d
[  447.604996] RSP: 002b:00007f7673baaca8 EFLAGS: 00000246 ORIG_RAX: 000000000000012a
[  447.605475] RAX: 0000000000000003 RBX: 0000000000000000 RCX: 00007f7673cd159d
[  447.606008] RDX: 0000000000000000 RSI: 00000000ffffffff RDI: 00000000200004c0
[  447.606420] RBP: 00007f7673baae00 R08: 0000000000000000 R09: 0000000000000000
[  447.606834] R10: 00000000ffffffff R11: 0000000000000246 R12: 00007ffc5c59d88e
[  447.607247] R13: 00007ffc5c59d88f R14: 00007ffc5c59d920 R15: 00007f7673bab700
[  447.608018]  </TASK>
[  447.608210] INFO: task repro:614 blocked for more than 294 seconds.
[  447.608583]       Not tainted 6.2.0-rc6-846072f16eed+ #1
[  447.608920] "echo 0 > /proc/sys/kernel/hung_task_timeout_secs" disables this message.
[  447.609359] task:repro           state:D stack:0     pid:614   ppid:541    flags:0x00004002
[  447.609987] Call Trace:
[  447.610186]  <TASK>
[  447.610476]  __schedule+0x385/0xb00
[  447.610980]  schedule+0x5b/0xe0
[  447.611264]  schedule_preempt_disabled+0x1c/0x30
[  447.611599]  __mutex_lock+0x880/0xf30
[  447.611935]  ? perf_trace_destroy+0x21/0xa0
[  447.612240]  ? perf_trace_destroy+0x21/0xa0
[  447.612685]  ? __pfx_tp_perf_event_destroy+0x10/0x10
[  447.613082]  mutex_lock_nested+0x1f/0x30
[  447.613361]  ? mutex_lock_nested+0x1f/0x30
[  447.613775]  perf_trace_destroy+0x21/0xa0
[  447.614078]  ? __pfx_tp_perf_event_destroy+0x10/0x10
[  447.614419]  tp_perf_event_destroy+0x1e/0x30
[  447.614748]  _free_event+0x101/0x7e0
[  447.615117]  put_event+0x3c/0x50
[  447.615420]  perf_event_release_kernel+0x2de/0x360
[  447.615744]  ? perf_event_release_kernel+0x9/0x360
[  447.616168]  ? __pfx_perf_release+0x10/0x10
[  447.616514]  perf_release+0x22/0x30
[  447.616816]  __fput+0x11f/0x450
[  447.617234]  ____fput+0x1e/0x30
[  447.617513]  task_work_run+0xb6/0x120
[  447.618007]  do_exit+0x521/0x1340
[  447.618348]  ? write_comp_data+0x2f/0x90
[  447.618763]  do_group_exit+0x5e/0xf0
[  447.619134]  get_signal+0x14b6/0x14c0
[  447.619715]  arch_do_signal_or_restart+0x33/0x280
[  447.620201]  ? syscall_exit_to_user_mode+0x2d/0x60
[  447.620623]  exit_to_user_mode_prepare+0x13b/0x210
[  447.620998]  syscall_exit_to_user_mode+0x2d/0x60
[  447.621345]  do_syscall_64+0x4a/0x90
[  447.621644]  entry_SYSCALL_64_after_hwframe+0x72/0xdc
[  447.622091] RIP: 0033:0x7f7673cd159d
[  447.622365] RSP: 002b:00007f7673baaca8 EFLAGS: 00000246 ORIG_RAX: 000000000000012a
[  447.622840] RAX: 0000000000000003 RBX: 0000000000000000 RCX: 00007f7673cd159d
[  447.623253] RDX: 0000000000000000 RSI: 00000000ffffffff RDI: 00000000200004c0
[  447.623665] RBP: 00007f7673baae00 R08: 0000000000000000 R09: 0000000000000000
[  447.624078] R10: 00000000ffffffff R11: 0000000000000246 R12: 00007ffc5c59d88e
[  447.624492] R13: 00007ffc5c59d88f R14: 00007ffc5c59d920 R15: 00007f7673bab700
[  447.625264]  </TASK>
[  447.625463] 
[  447.625463] Showing all locks held in the system:
[  447.625947] 1 lock held by rcu_tasks_kthre/11:
[  447.626237]  #0: ffffffff83d617b0 (rcu_tasks.tasks_gp_mutex){+.+.}-{3:3}, at: rcu_tasks_one_gp+0x2d/0x3d0
[  447.626976] 1 lock held by rcu_tasks_rude_/12:
[  447.627267]  #0: ffffffff83d61530 (rcu_tasks_rude.tasks_gp_mutex){+.+.}-{3:3}, at: rcu_tasks_one_gp+0x2d/0x3d0
[  447.628030] 1 lock held by rcu_tasks_trace/13:
[  447.628323]  #0: ffffffff83d61270 (rcu_tasks_trace.tasks_gp_mutex){+.+.}-{3:3}, at: rcu_tasks_one_gp+0x2d/0x3d0
[  447.629103] 1 lock held by khungtaskd/29:
[  447.629373]  #0: ffffffff83d621c0 (rcu_read_lock){....}-{1:2}, at: debug_show_all_locks+0x27/0x18c
[  447.630228] 2 locks held by repro/608:
[  447.630488]  #0: ffffffff83e1e348 (event_mutex){+.+.}-{3:3}, at: perf_trace_destroy+0x21/0xa0
[  447.631182]  #1: ffffffff83e1aa28 (ftrace_lock){+.+.}-{3:3}, at: unregister_ftrace_function+0x2b/0x220
[  447.631916] 1 lock held by repro/614:
[  447.632170]  #0: ffffffff83e1e348 (event_mutex){+.+.}-{3:3}, at: perf_trace_destroy+0x21/0xa0
[  447.632867] 1 lock held by repro/619:
[  447.633123]  #0: ffffffff83e1e348 (event_mutex){+.+.}-{3:3}, at: perf_trace_destroy+0x21/0xa0
[  447.633934] 1 lock held by repro/627:
[  447.634190]  #0: ffffffff83e1e348 (event_mutex){+.+.}-{3:3}, at: perf_trace_destroy+0x21/0xa0
[  447.634889] 1 lock held by repro/632:
[  447.635143]  #0: ffffffff83e1e348 (event_mutex){+.+.}-{3:3}, at: perf_trace_destroy+0x21/0xa0
[  447.635838] 1 lock held by repro/637:
[  447.636093]  #0: ffffffff83e1e348 (event_mutex){+.+.}-{3:3}, at: perf_trace_destroy+0x21/0xa0
[  447.636788] 2 locks held by repro/642:
[  447.637048]  #0: ffffffff85676f98 (&pmus_srcu){....}-{0:0}, at: perf_event_alloc+0x532/0x1c50
[  447.637863]  #1: ffffffff83e1e348 (event_mutex){+.+.}-{3:3}, at: perf_trace_init+0x2c/0x170
[  447.638545] 1 lock held by repro/644:
[  447.638802] 2 locks held by repro/648:
[  447.639060]  #0: ffffffff85676f98 (&pmus_srcu){....}-{0:0}, at: perf_event_alloc+0x532/0x1c50
[  447.639759]  #1: ffffffff83e1e348 (event_mutex){+.+.}-{3:3}, at: perf_trace_init+0x2c/0x170
[  447.640443] 
[  447.640599] =============================================
[  447.640599] 
[  642.594093] INFO: rcu_tasks detected stalls on tasks:
[  642.594690] 000000003493c27a: .. nvcsw: 1/1 holdout: 1 idle_cpu: -1/0
[  642.595367] task:repro           state:R  running task     stack:0     pid:644   ppid:538    flags:0x00004004
[  642.596454] Call Trace:
[  642.596789]  <TASK>
[  642.597131]  ? lock_acquire+0x1a1/0x2f0
[  642.598021]  ? lock_release+0x202/0x2c0
[  642.598499]  ? do_raw_spin_unlock+0x9/0xd0
[  642.599137]  ? do_raw_spin_unlock+0x9/0xd0
[  642.599772]  ? _raw_spin_lock_irqsave+0x9/0x70
[  642.600448]  ? io_cqring_wait+0x6f6/0x810
[  642.601087]  ? __pfx_io_wake_function+0x10/0x10
[  642.602053]  ? __x64_sys_io_uring_enter+0x27b/0x760
[  642.602614]  ? __pfx___x64_sys_io_uring_enter+0x10/0x10
[  642.603587]  ? do_syscall_64+0x3b/0x90
[  642.604101]  ? entry_SYSCALL_64_after_hwframe+0x72/0xdc
[  642.605220]  </TASK>
[ 1242.690011] INFO: rcu_tasks detected stalls on tasks:
[ 1242.690383] 000000003493c27a: .. nvcsw: 1/1 holdout: 1 idle_cpu: -1/0
[ 1242.690767] task:repro           state:S  running task     stack:0     pid:644   ppid:538    flags:0x00004004
[ 1242.691396] Call Trace:
[ 1242.691595]  <TASK>
[ 1242.691881]  preempt_count_add+0x9/0xc0
[ 1242.692170]  ? lock_release+0x202/0x2c0
[ 1242.692698]  ? io_cqring_wait+0x6ee/0x810
[ 1242.693034]  ? io_cqring_wait+0x6ee/0x810
[ 1242.693416]  ? __pfx_io_wake_function+0x10/0x10
[ 1242.694115]  ? __x64_sys_io_uring_enter+0x27b/0x760
[ 1242.694434]  ? __pfx___x64_sys_io_uring_enter+0x10/0x10
[ 1242.695036]  ? do_syscall_64+0x3b/0x90
[ 1242.695342]  ? entry_SYSCALL_64_after_hwframe+0x72/0xdc
[ 1242.696036]  </TASK>
[ 1842.754123] INFO: rcu_tasks detected stalls on tasks:
[ 1842.754704] 000000003493c27a: .. nvcsw: 1/1 holdout: 1 idle_cpu: -1/1
[ 1842.755374] task:repro           state:R  running task     stack:0     pid:644   ppid:538    flags:0x00004004
[ 1842.756457] Call Trace:
[ 1842.756792]  <TASK>
[ 1842.757226]  ? io_cq_unlock_post+0x34/0xb0
[ 1842.758074]  do_raw_spin_unlock+0x9/0xd0
[ 1842.758749]  ? io_cqring_do_overflow_flush+0x5/0x90
[ 1842.759432]  ? __cond_resched+0x9/0x30
[ 1842.759994]  ? io_cqring_wait+0x6f6/0x810
[ 1842.760637]  ? __pfx_io_wake_function+0x10/0x10
[ 1842.761436]  ? __x64_sys_io_uring_enter+0x27b/0x760
[ 1842.762223]  ? __pfx___x64_sys_io_uring_enter+0x10/0x10
[ 1842.763199]  ? do_syscall_64+0x3b/0x90
[ 1842.763708]  ? entry_SYSCALL_64_after_hwframe+0x72/0xdc
[ 1842.764804]  </TASK>
