c[?7l[2J[0mSeaBIOS (version rel-1.16.0-0-gd239552ce722-prebuilt.qemu.org)


iPXE (http://ipxe.org) 00:03.0 CA00 PCI2.10 PnP PMM+7FF91000+7FEF1000 CA00
Press Ctrl-B to configure iPXE (PCI 00:03.0)...                                                                               


Booting from ROM..c[?7l[2J[    0.000000] Linux version 6.2.0-c72e04c26fae+ (root@p-adls01) (gcc (GCC) 8.5.0 20210514 (Red Hat 8.5.0-18), GNU ld version 2.36.1-2.el8) #1 SMP PREEMPT_DYNAMIC Sun Mar 19 03:34:41 CST 2023
[    0.000000] Command line: console=ttyS0 root=/dev/sda earlyprintk=serial net.ifnames=0
[    0.000000] KERNEL supported cpus:
[    0.000000]   Intel GenuineIntel
[    0.000000]   AMD AuthenticAMD
[    0.000000]   Hygon HygonGenuine
[    0.000000]   Centaur CentaurHauls
[    0.000000]   zhaoxin   Shanghai  
[    0.000000] x86/fpu: Supporting XSAVE feature 0x001: 'x87 floating point registers'
[    0.000000] x86/fpu: Supporting XSAVE feature 0x002: 'SSE registers'
[    0.000000] x86/fpu: Supporting XSAVE feature 0x004: 'AVX registers'
[    0.000000] x86/fpu: Supporting XSAVE feature 0x200: 'Protection Keys User registers'
[    0.000000] x86/fpu: xstate_offset[2]:  576, xstate_sizes[2]:  256
[    0.000000] x86/fpu: xstate_offset[9]:  832, xstate_sizes[9]:    8
[    0.000000] x86/fpu: Enabled xstate features 0x207, context size is 840 bytes, using 'compacted' format.
[    0.000000] signal: max sigframe size: 3632
[    0.000000] BIOS-provided physical RAM map:
[    0.000000] BIOS-e820: [mem 0x0000000000000000-0x000000000009fbff] usable
[    0.000000] BIOS-e820: [mem 0x000000000009fc00-0x000000000009ffff] reserved
[    0.000000] BIOS-e820: [mem 0x00000000000f0000-0x00000000000fffff] reserved
[    0.000000] BIOS-e820: [mem 0x0000000000100000-0x000000007ffdffff] usable
[    0.000000] BIOS-e820: [mem 0x000000007ffe0000-0x000000007fffffff] reserved
[    0.000000] BIOS-e820: [mem 0x00000000feffc000-0x00000000feffffff] reserved
[    0.000000] BIOS-e820: [mem 0x00000000fffc0000-0x00000000ffffffff] reserved
[    0.000000] printk: bootconsole [earlyser0] enabled
[    0.000000] NX (Execute Disable) protection: active
[    0.000000] SMBIOS 2.8 present.
[    0.000000] DMI: QEMU Standard PC (i440FX + PIIX, 1996), BIOS rel-1.16.0-0-gd239552ce722-prebuilt.qemu.org 04/01/2014
[    0.000000] Hypervisor detected: KVM
[    0.000000] kvm-clock: Using msrs 4b564d01 and 4b564d00
[    0.000002] kvm-clock: using sched offset of 343418530 cycles
[    0.000306] clocksource: kvm-clock: mask: 0xffffffffffffffff max_cycles: 0x1cd42e4dffb, max_idle_ns: 881590591483 ns
[    0.001254] tsc: Detected 3609.600 MHz processor
[    0.007464] last_pfn = 0x7ffe0 max_arch_pfn = 0x400000000
[    0.007852] x86/PAT: Configuration [0-7]: WB  WC  UC- UC  WB  WP  UC- WT  
[    0.014390] found SMP MP-table at [mem 0x000f5ba0-0x000f5baf]
[    0.014806] Using GB pages for direct mapping
[    0.016051] ACPI: Early table checksum verification disabled
[    0.016392] ACPI: RSDP 0x00000000000F59C0 000014 (v00 BOCHS )
[    0.016740] ACPI: RSDT 0x000000007FFE1951 000034 (v01 BOCHS  BXPC     00000001 BXPC 00000001)
[    0.017256] ACPI: FACP 0x000000007FFE17FD 000074 (v01 BOCHS  BXPC     00000001 BXPC 00000001)
[    0.017794] ACPI: DSDT 0x000000007FFE0040 0017BD (v01 BOCHS  BXPC     00000001 BXPC 00000001)
[    0.018302] ACPI: FACS 0x000000007FFE0000 000040
[    0.018582] ACPI: APIC 0x000000007FFE1871 000080 (v01 BOCHS  BXPC     00000001 BXPC 00000001)
[    0.019088] ACPI: HPET 0x000000007FFE18F1 000038 (v01 BOCHS  BXPC     00000001 BXPC 00000001)
[    0.019595] ACPI: WAET 0x000000007FFE1929 000028 (v01 BOCHS  BXPC     00000001 BXPC 00000001)
[    0.020099] ACPI: Reserving FACP table memory at [mem 0x7ffe17fd-0x7ffe1870]
[    0.020510] ACPI: Reserving DSDT table memory at [mem 0x7ffe0040-0x7ffe17fc]
[    0.020918] ACPI: Reserving FACS table memory at [mem 0x7ffe0000-0x7ffe003f]
[    0.021326] ACPI: Reserving APIC table memory at [mem 0x7ffe1871-0x7ffe18f0]
[    0.021744] ACPI: Reserving HPET table memory at [mem 0x7ffe18f1-0x7ffe1928]
[    0.022152] ACPI: Reserving WAET table memory at [mem 0x7ffe1929-0x7ffe1950]
[    0.023049] No NUMA configuration found
[    0.023273] Faking a node at [mem 0x0000000000000000-0x000000007ffdffff]
[    0.023707] NODE_DATA(0) allocated [mem 0x7ffb5000-0x7ffdffff]
[    0.026645] Zone ranges:
[    0.026816]   DMA      [mem 0x0000000000001000-0x0000000000ffffff]
[    0.027179]   DMA32    [mem 0x0000000001000000-0x000000007ffdffff]
[    0.027540]   Normal   empty
[    0.027711]   Device   empty
[    0.027882] Movable zone start for each node
[    0.028130] Early memory node ranges
[    0.028337]   node   0: [mem 0x0000000000001000-0x000000000009efff]
[    0.028703]   node   0: [mem 0x0000000000100000-0x000000007ffdffff]
[    0.029069] Initmem setup node 0 [mem 0x0000000000001000-0x000000007ffdffff]
[    0.030187] On node 0, zone DMA: 1 pages in unavailable ranges
[    0.030286] On node 0, zone DMA: 97 pages in unavailable ranges
[    0.049872] On node 0, zone DMA32: 32 pages in unavailable ranges
[    0.050417] ACPI: PM-Timer IO Port: 0x608
[    0.051021] ACPI: LAPIC_NMI (acpi_id[0xff] dfl dfl lint[0x1])
[    0.051402] IOAPIC[0]: apic_id 0, version 17, address 0xfec00000, GSI 0-23
[    0.051817] ACPI: INT_SRC_OVR (bus 0 bus_irq 0 global_irq 2 dfl dfl)
[    0.052191] ACPI: INT_SRC_OVR (bus 0 bus_irq 5 global_irq 5 high level)
[    0.052575] ACPI: INT_SRC_OVR (bus 0 bus_irq 9 global_irq 9 high level)
[    0.052962] ACPI: INT_SRC_OVR (bus 0 bus_irq 10 global_irq 10 high level)
[    0.053359] ACPI: INT_SRC_OVR (bus 0 bus_irq 11 global_irq 11 high level)
[    0.053767] ACPI: Using ACPI (MADT) for SMP configuration information
[    0.054140] ACPI: HPET id: 0x8086a201 base: 0xfed00000
[    0.054448] TSC deadline timer available
[    0.054678] smpboot: Allowing 2 CPUs, 0 hotplug CPUs
[    0.055000] kvm-guest: KVM setup pv remote TLB flush
[    0.055290] kvm-guest: setup PV sched yield
[    0.055571] PM: hibernation: Registered nosave memory: [mem 0x00000000-0x00000fff]
[    0.056003] PM: hibernation: Registered nosave memory: [mem 0x0009f000-0x0009ffff]
[    0.056430] PM: hibernation: Registered nosave memory: [mem 0x000a0000-0x000effff]
[    0.056865] PM: hibernation: Registered nosave memory: [mem 0x000f0000-0x000fffff]
[    0.057312] [mem 0x80000000-0xfeffbfff] available for PCI devices
[    0.057672] Booting paravirtualized kernel on KVM
[    0.057953] clocksource: refined-jiffies: mask: 0xffffffff max_cycles: 0xffffffff, max_idle_ns: 7645519600211568 ns
[    0.058567] setup_percpu: NR_CPUS:8192 nr_cpumask_bits:2 nr_cpu_ids:2 nr_node_ids:1
[    0.060021] percpu: Embedded 64 pages/cpu s225280 r8192 d28672 u1048576
[    0.060571] kvm-guest: PV spinlocks enabled
[    0.060826] PV qspinlock hash table entries: 256 (order: 0, 4096 bytes, linear)
[    0.061276] Fallback order for Node 0: 0 
[    0.061559] Built 1 zonelists, mobility grouping on.  Total pages: 515808
[    0.061959] Policy zone: DMA32
[    0.062141] Kernel command line: net.ifnames=0 console=ttyS0 root=/dev/sda earlyprintk=serial net.ifnames=0
[    0.063099] random: crng init done
[    0.064253] Dentry cache hash table entries: 262144 (order: 9, 2097152 bytes, linear)
[    0.064797] Inode-cache hash table entries: 131072 (order: 8, 1048576 bytes, linear)
[    0.065387] mem auto-init: stack:off, heap alloc:off, heap free:off
[    0.068512] Memory: 1979232K/2096632K available (34816K kernel code, 4554K rwdata, 9876K rodata, 10160K init, 19864K bss, 117144K reserved, 0K cma-reserved)
[    0.069681] SLUB: HWalign=64, Order=0-3, MinObjects=0, CPUs=2, Nodes=1
[    0.070054] kmemleak: Kernel memory leak detector disabled
[    0.070422] ftrace: allocating 68274 entries in 267 pages
[    0.089165] ftrace: allocated 267 pages with 4 groups
[    0.091804] Dynamic Preempt: voluntary
[    0.092164] Running RCU self tests
[    0.092361] rcu: Preemptible hierarchical RCU implementation.
[    0.092680] rcu: 	RCU lockdep checking is enabled.
[    0.092948] rcu: 	RCU restricting CPUs from NR_CPUS=8192 to nr_cpu_ids=2.
[    0.093326] 	Trampoline variant of Tasks RCU enabled.
[    0.093610] 	Rude variant of Tasks RCU enabled.
[    0.093862] 	Tracing variant of Tasks RCU enabled.
[    0.094130] rcu: RCU calculated value of scheduler-enlistment delay is 25 jiffies.
[    0.094550] rcu: Adjusting geometry for rcu_fanout_leaf=16, nr_cpu_ids=2
[    0.118170] NR_IRQS: 524544, nr_irqs: 440, preallocated irqs: 16
[    0.118797] rcu: srcu_init: Setting srcu_struct sizes based on contention.
[    0.124501] Console: colour VGA+ 80x25
[    0.124767] printk: console [ttyS0] enabled
[    0.124767] printk: console [ttyS0] enabled
[    0.125250] printk: bootconsole [earlyser0] disabled
[    0.125250] printk: bootconsole [earlyser0] disabled
[    0.125831] Lock dependency validator: Copyright (c) 2006 Red Hat, Inc., Ingo Molnar
[    0.126280] ... MAX_LOCKDEP_SUBCLASSES:  8
[    0.126527] ... MAX_LOCK_DEPTH:          48
[    0.126772] ... MAX_LOCKDEP_KEYS:        8192
[    0.127027] ... CLASSHASH_SIZE:          4096
[    0.127281] ... MAX_LOCKDEP_ENTRIES:     32768
[    0.127542] ... MAX_LOCKDEP_CHAINS:      65536
[    0.127804] ... CHAINHASH_SIZE:          32768
[    0.128064]  memory used by lock dependency info: 6365 kB
[    0.128376]  memory used for stack traces: 4224 kB
[    0.128655]  per task-struct memory footprint: 1920 bytes
[    0.129000] ACPI: Core revision 20221020
[    0.129403] clocksource: hpet: mask: 0xffffffff max_cycles: 0xffffffff, max_idle_ns: 19112604467 ns
[    0.130041] APIC: Switch to symmetric I/O mode setup
[    0.130449] x2apic enabled
[    0.130736] Switched APIC routing to physical x2apic.
[    0.131031] kvm-guest: setup PV IPIs
[    0.131916] ..TIMER: vector=0x30 apic1=0 pin1=2 apic2=-1 pin2=-1
[    0.132282] clocksource: tsc-early: mask: 0xffffffffffffffff max_cycles: 0x3407c077a8d, max_idle_ns: 440795342283 ns
[    0.132900] Calibrating delay loop (skipped) preset value.. 7219.20 BogoMIPS (lpj=14438400)
[    0.133394] pid_max: default: 32768 minimum: 301
[    0.133722] LSM: initializing lsm=capability,yama,integrity
[    0.136906] Yama: becoming mindful.
[    0.137244] Mount-cache hash table entries: 4096 (order: 3, 32768 bytes, linear)
[    0.137694] Mountpoint-cache hash table entries: 4096 (order: 3, 32768 bytes, linear)
[    0.139037] x86/cpu: User Mode Instruction Prevention (UMIP) activated
[    0.140356] Last level iTLB entries: 4KB 0, 2MB 0, 4MB 0
[    0.140694] Last level dTLB entries: 4KB 0, 2MB 0, 4MB 0, 1GB 0
[    0.140915] Spectre V1 : Mitigation: usercopy/swapgs barriers and __user pointer sanitization
[    0.141402] Spectre V2 : WARNING: Unprivileged eBPF is enabled with eIBRS on, data leaks possible via Spectre v2 BHB attacks!
[    0.142045] Spectre V2 : Mitigation: Enhanced IBRS
[    0.142317] Spectre V2 : Spectre v2 / SpectreRSB mitigation: Filling RSB on context switch
[    0.142772] Spectre V2 : Spectre v2 / PBRSB-eIBRS: Retire a single CALL on VMEXIT
[    0.143185] Spectre V2 : mitigation: Enabling conditional Indirect Branch Prediction Barrier
[    0.143649] Speculative Store Bypass: Mitigation: Speculative Store Bypass disabled via prctl
[    0.232787] Freeing SMP alternatives memory: 56K
[    0.233159] smpboot: CPU0: 12th Gen Intel(R) Core(TM) i7-12700K (family: 0x6, model: 0x97, stepping: 0x2)
[    0.234030] cblist_init_generic: Setting adjustable number of callback queues.
[    0.234468] cblist_init_generic: Setting shift to 1 and lim to 1.
[    0.234848] cblist_init_generic: Setting shift to 1 and lim to 1.
[    0.235225] cblist_init_generic: Setting shift to 1 and lim to 1.
[    0.235601] Running RCU-tasks wait API self tests
[    0.336991] Performance Events: Alderlake Hybrid events, full-width counters, Intel PMU driver.
[    0.338024] core: cpu_core PMU driver: 
[    0.338300] ... version:                2
[    0.338576] ... bit width:              48
[    0.338868] ... generic registers:      6
[    0.339145] ... value mask:             0000ffffffffffff
[    0.339518] ... max period:             00007fffffffffff
[    0.339877] ... fixed-purpose events:   3
[    0.340150] ... event mask:             0001000f0000003f
[    0.340643] rcu: Hierarchical SRCU implementation.
[    0.340893] rcu: 	Max phase no-delay instances is 1000.
[    0.342246] unchecked MSR access error: WRMSR to 0x38f (tried to write 0x0001000f0000003f) at rIP: 0xffffffff810dc90c (native_write_msr+0xc/0x30)
[    0.343155] Call Trace:
[    0.343332]  <TASK>
[    0.343482]  __intel_pmu_enable_all.constprop.46+0xb5/0x140
[    0.343871]  intel_pmu_enable_all+0x1e/0x30
[    0.344168]  x86_pmu_enable+0x46d/0x5a0
[    0.344440]  ? write_comp_data+0x2f/0x90
[    0.344719]  perf_pmu_enable+0x53/0x70
[    0.344890]  ctx_resched+0x14d/0x1e0
[    0.344890]  __perf_install_in_context+0x2f7/0x450
[    0.344890]  ? __pfx_remote_function+0x10/0x10
[    0.344890]  ? __pfx_remote_function+0x10/0x10
[    0.344890]  remote_function+0x80/0xa0
[    0.344890]  ? __pfx_remote_function+0x10/0x10
[    0.344890]  generic_exec_single+0x124/0x190
[    0.344890]  smp_call_function_single+0x11c/0x240
[    0.344890]  ? __pfx_remote_function+0x10/0x10
[    0.344890]  ? __sanitizer_cov_trace_pc+0x25/0x60
[    0.344890]  ? write_comp_data+0x2f/0x90
[    0.344890]  perf_install_in_context+0x2d8/0x300
[    0.344890]  ? __pfx___perf_install_in_context+0x10/0x10
[    0.344890]  perf_event_create_kernel_counter+0x284/0x2b0
[    0.344890]  ? __pfx_watchdog_overflow_callback+0x10/0x10
[    0.344890]  hardlockup_detector_event_create+0x46/0xd0
[    0.344890]  hardlockup_detector_perf_init+0x18/0x66
[    0.344890]  watchdog_nmi_probe+0x17/0x1d
[    0.344890]  lockup_detector_init+0x40/0xaf
[    0.344890]  kernel_init_freeable+0x264/0x422
[    0.344890]  ? __pfx_kernel_init+0x10/0x10
[    0.344890]  kernel_init+0x24/0x1e0
[    0.344890]  ? __pfx_kernel_init+0x10/0x10
[    0.344890]  ret_from_fork+0x29/0x50
[    0.344890]  </TASK>
[    0.344913] Callback from call_rcu_tasks_trace() invoked.
[    0.345439] smp: Bringing up secondary CPUs ...
[    0.346128] x86: Booting SMP configuration:
[    0.346422] .... node  #0, CPUs:      #1
[    0.346711] smp: Brought up 1 node, 2 CPUs
[    0.346711] smpboot: Max logical packages: 1
[    0.346711] smpboot: Total of 2 processors activated (14438.40 BogoMIPS)
[    0.350293] devtmpfs: initialized
[    0.350293] x86/mm: Memory block size: 128MB
[    0.353118] clocksource: jiffies: mask: 0xffffffff max_cycles: 0xffffffff, max_idle_ns: 7645041785100000 ns
[    0.353785] futex hash table entries: 512 (order: 4, 65536 bytes, linear)
[    0.354415] pinctrl core: initialized pinctrl subsystem
[    0.355274] 
[    0.355389] *************************************************************
[    0.355845] **     NOTICE NOTICE NOTICE NOTICE NOTICE NOTICE NOTICE    **
[    0.356301] **                                                         **
[    0.356757] **  IOMMU DebugFS SUPPORT HAS BEEN ENABLED IN THIS KERNEL  **
[    0.356901] **                                                         **
[    0.357359] ** This means that this kernel is built to expose internal **
[    0.357816] ** IOMMU data structures, which may compromise security on **
[    0.358273] ** your system.                                            **
[    0.358737] **                                                         **
[    0.359202] ** If you see this message and you are not debugging the   **
[    0.359658] ** kernel, report this immediately to your vendor!         **
[    0.360117] **                                                         **
[    0.360583] **     NOTICE NOTICE NOTICE NOTICE NOTICE NOTICE NOTICE    **
[    0.360892] *************************************************************
[    0.361391] PM: RTC time: 19:35:19, date: 2023-03-18
[    0.364387] NET: Registered PF_NETLINK/PF_ROUTE protocol family
[    0.365252] DMA: preallocated 256 KiB GFP_KERNEL pool for atomic allocations
[    0.365743] DMA: preallocated 256 KiB GFP_KERNEL|GFP_DMA pool for atomic allocations
[    0.366277] DMA: preallocated 256 KiB GFP_KERNEL|GFP_DMA32 pool for atomic allocations
[    0.366872] audit: initializing netlink subsys (disabled)
[    0.367300] audit: type=2000 audit(1679168120.263:1): state=initialized audit_enabled=0 res=1
[    0.367300] thermal_sys: Registered thermal governor 'fair_share'
[    0.367300] thermal_sys: Registered thermal governor 'bang_bang'
[    0.367300] thermal_sys: Registered thermal governor 'step_wise'
[    0.367300] thermal_sys: Registered thermal governor 'user_space'
[    0.368925] cpuidle: using governor ladder
[    0.369636] cpuidle: using governor menu
[    0.370117] acpiphp: ACPI Hot Plug PCI Controller Driver version: 0.5
[    0.370796] PCI: Using configuration type 1 for base access
[    0.371843] kprobes: kprobe jump-optimization is enabled. All kprobes are optimized if possible.
[    0.541019] HugeTLB: registered 1.00 GiB page size, pre-allocated 0 pages
[    0.541542] HugeTLB: 16380 KiB vmemmap can be freed for a 1.00 GiB page
[    0.542002] HugeTLB: registered 2.00 MiB page size, pre-allocated 0 pages
[    0.542485] HugeTLB: 28 KiB vmemmap can be freed for a 2.00 MiB page
[    0.545834] ACPI: Added _OSI(Module Device)
[    0.546165] ACPI: Added _OSI(Processor Device)
[    0.546482] ACPI: Added _OSI(3.0 _SCP Extensions)
[    0.546822] ACPI: Added _OSI(Processor Aggregator Device)
[    0.551438] ACPI: 1 ACPI AML tables successfully acquired and loaded
[    0.554351] ACPI: Interpreter enabled
[    0.554705] ACPI: PM: (supports S0 S3 S4 S5)
[    0.555004] ACPI: Using IOAPIC for interrupt routing
[    0.555383] PCI: Using host bridge windows from ACPI; if necessary, use "pci=nocrs" and report a bug
[    0.556019] PCI: Using E820 reservations for host bridge windows
[    0.556943] ACPI: Enabled 2 GPEs in block 00 to 0F
[    0.569848] ACPI: PCI Root Bridge [PCI0] (domain 0000 [bus 00-ff])
[    0.570310] acpi PNP0A03:00: _OSC: OS supports [ASPM ClockPM Segments MSI EDR HPX-Type3]
[    0.570882] acpi PNP0A03:00: _OSC: not requesting OS control; OS requires [ExtendedConfig ASPM ClockPM MSI]
[    0.571633] acpi PNP0A03:00: fail to add MMCONFIG information, can't access extended configuration space under this bridge
[    0.574213] acpiphp: Slot [3] registered
[    0.574553] acpiphp: Slot [4] registered
[    0.574884] acpiphp: Slot [5] registered
[    0.575220] acpiphp: Slot [6] registered
[    0.575546] acpiphp: Slot [7] registered
[    0.575874] acpiphp: Slot [8] registered
[    0.576198] acpiphp: Slot [9] registered
[    0.576525] acpiphp: Slot [10] registered
[    0.576857] acpiphp: Slot [11] registered
[    0.576952] acpiphp: Slot [12] registered
[    0.577306] acpiphp: Slot [13] registered
[    0.577640] acpiphp: Slot [14] registered
[    0.577977] acpiphp: Slot [15] registered
[    0.578316] acpiphp: Slot [16] registered
[    0.578655] acpiphp: Slot [17] registered
[    0.579002] acpiphp: Slot [18] registered
[    0.579340] acpiphp: Slot [19] registered
[    0.579694] acpiphp: Slot [20] registered
[    0.580052] acpiphp: Slot [21] registered
[    0.580392] acpiphp: Slot [22] registered
[    0.580735] acpiphp: Slot [23] registered
[    0.580954] acpiphp: Slot [24] registered
[    0.581318] acpiphp: Slot [25] registered
[    0.581664] acpiphp: Slot [26] registered
[    0.582000] acpiphp: Slot [27] registered
[    0.582358] acpiphp: Slot [28] registered
[    0.582719] acpiphp: Slot [29] registered
[    0.583065] acpiphp: Slot [30] registered
[    0.583406] acpiphp: Slot [31] registered
[    0.583709] PCI host bridge to bus 0000:00
[    0.584005] pci_bus 0000:00: root bus resource [io  0x0000-0x0cf7 window]
[    0.584490] pci_bus 0000:00: root bus resource [io  0x0d00-0xffff window]
[    0.584895] pci_bus 0000:00: root bus resource [mem 0x000a0000-0x000bffff window]
[    0.585424] pci_bus 0000:00: root bus resource [mem 0x80000000-0xfebfffff window]
[    0.585960] pci_bus 0000:00: root bus resource [mem 0x100000000-0x17fffffff window]
[    0.586528] pci_bus 0000:00: root bus resource [bus 00-ff]
[    0.587017] pci 0000:00:00.0: [8086:1237] type 00 class 0x060000
[    0.589769] pci 0000:00:01.0: [8086:7000] type 00 class 0x060100
[    0.590763] pci 0000:00:01.1: [8086:7010] type 00 class 0x010180
[    0.592103] pci 0000:00:01.1: reg 0x20: [io  0xc040-0xc04f]
[    0.592906] pci 0000:00:01.1: legacy IDE quirk: reg 0x10: [io  0x01f0-0x01f7]
[    0.593554] pci 0000:00:01.1: legacy IDE quirk: reg 0x14: [io  0x03f6]
[    0.594030] pci 0000:00:01.1: legacy IDE quirk: reg 0x18: [io  0x0170-0x0177]
[    0.594528] pci 0000:00:01.1: legacy IDE quirk: reg 0x1c: [io  0x0376]
[    0.595207] pci 0000:00:01.3: [8086:7113] type 00 class 0x068000
[    0.595891] pci 0000:00:01.3: quirk: [io  0x0600-0x063f] claimed by PIIX4 ACPI
[    0.596397] pci 0000:00:01.3: quirk: [io  0x0700-0x070f] claimed by PIIX4 SMB
[    0.597159] pci 0000:00:02.0: [1234:1111] type 00 class 0x030000
[    0.599436] pci 0000:00:02.0: reg 0x10: [mem 0xfd000000-0xfdffffff pref]
[    0.601074] pci 0000:00:02.0: reg 0x18: [mem 0xfebf0000-0xfebf0fff]
[    0.604045] pci 0000:00:02.0: reg 0x30: [mem 0xfebe0000-0xfebeffff pref]
[    0.604554] pci 0000:00:02.0: Video device with shadowed ROM at [mem 0x000c0000-0x000dffff]
[    0.607218] pci 0000:00:03.0: [8086:100e] type 00 class 0x020000
[    0.607934] pci 0000:00:03.0: reg 0x10: [mem 0xfebc0000-0xfebdffff]
[    0.608582] pci 0000:00:03.0: reg 0x14: [io  0xc000-0xc03f]
[    0.611015] pci 0000:00:03.0: reg 0x30: [mem 0xfeb80000-0xfebbffff pref]
[    0.618975] ACPI: PCI: Interrupt link LNKA configured for IRQ 10
[    0.619615] ACPI: PCI: Interrupt link LNKB configured for IRQ 10
[    0.620235] ACPI: PCI: Interrupt link LNKC configured for IRQ 11
[    0.620848] ACPI: PCI: Interrupt link LNKD configured for IRQ 11
[    0.621026] ACPI: PCI: Interrupt link LNKS configured for IRQ 9
[    0.622276] iommu: Default domain type: Translated 
[    0.622565] iommu: DMA domain TLB invalidation policy: lazy mode 
[    0.623724] SCSI subsystem initialized
[    0.624149] ACPI: bus type USB registered
[    0.624415] usbcore: registered new interface driver usbfs
[    0.624746] usbcore: registered new interface driver hub
[    0.624920] usbcore: registered new device driver usb
[    0.625301] pps_core: LinuxPPS API ver. 1 registered
[    0.625583] pps_core: Software ver. 5.3.6 - Copyright 2005-2007 Rodolfo Giometti <giometti@linux.it>
[    0.626095] PTP clock support registered
[    0.626438] EDAC MC: Ver: 3.0.0
[    0.627810] NetLabel: Initializing
[    0.628014] NetLabel:  domain hash size = 128
[    0.628262] NetLabel:  protocols = UNLABELED CIPSOv4 CALIPSO
[    0.628631] NetLabel:  unlabeled traffic allowed by default
[    0.629179] PCI: Using ACPI for IRQ routing
[    0.629582] pci 0000:00:02.0: vgaarb: setting as boot VGA device
[    0.629933] pci 0000:00:02.0: vgaarb: bridge control possible
[    0.630259] pci 0000:00:02.0: vgaarb: VGA device added: decodes=io+mem,owns=io+mem,locks=none
[    0.630737] vgaarb: loaded
[    0.631596] hpet0: at MMIO 0xfed00000, IRQs 2, 8, 0
[    0.631895] hpet0: 3 comparators, 64-bit 100.000000 MHz counter
[    2.438557] clocksource: Switched to clocksource kvm-clock
[    2.438989] Callback from call_rcu_tasks_rude() invoked.
[    2.544982] Callback from call_rcu_tasks() invoked.
[    2.563165] VFS: Disk quotas dquot_6.6.0
[    2.563494] VFS: Dquot-cache hash table entries: 512 (order 0, 4096 bytes)
[    2.564178] pnp: PnP ACPI init
[    2.565815] pnp: PnP ACPI: found 6 devices
[    2.576419] clocksource: acpi_pm: mask: 0xffffff max_cycles: 0xffffff, max_idle_ns: 2085701024 ns
[    2.577315] NET: Registered PF_INET protocol family
[    2.577805] IP idents hash table entries: 32768 (order: 6, 262144 bytes, linear)
[    2.579022] tcp_listen_portaddr_hash hash table entries: 1024 (order: 4, 73728 bytes, linear)
[    2.579665] Table-perturb hash table entries: 65536 (order: 6, 262144 bytes, linear)
[    2.580206] TCP established hash table entries: 16384 (order: 5, 131072 bytes, linear)
[    2.581006] TCP bind hash table entries: 16384 (order: 9, 2359296 bytes, linear)
[    2.582913] TCP: Hash tables configured (established 16384 bind 16384)
[    2.583501] UDP hash table entries: 1024 (order: 5, 163840 bytes, linear)
[    2.584079] UDP-Lite hash table entries: 1024 (order: 5, 163840 bytes, linear)
[    2.584771] NET: Registered PF_UNIX/PF_LOCAL protocol family
[    2.585634] RPC: Registered named UNIX socket transport module.
[    2.586063] RPC: Registered udp transport module.
[    2.586391] RPC: Registered tcp transport module.
[    2.586717] RPC: Registered tcp NFSv4.1 backchannel transport module.
[    2.587179] pci_bus 0000:00: resource 4 [io  0x0000-0x0cf7 window]
[    2.587613] pci_bus 0000:00: resource 5 [io  0x0d00-0xffff window]
[    2.588041] pci_bus 0000:00: resource 6 [mem 0x000a0000-0x000bffff window]
[    2.588517] pci_bus 0000:00: resource 7 [mem 0x80000000-0xfebfffff window]
[    2.589006] pci_bus 0000:00: resource 8 [mem 0x100000000-0x17fffffff window]
[    2.589693] pci 0000:00:01.0: PIIX3: Enabling Passive Release
[    2.590106] pci 0000:00:00.0: Limiting direct PCI/PCI transfers
[    2.590591] PCI: CLS 0 bytes, default 64
[    2.590899] ACPI: bus type thunderbolt registered
[    2.591470] clocksource: tsc: mask: 0xffffffffffffffff max_cycles: 0x3407c077a8d, max_idle_ns: 440795342283 ns
[    2.594369] Initialise system trusted keyrings
[    2.594751] Key type blacklist registered
[    2.595261] workingset: timestamp_bits=36 max_order=19 bucket_order=0
[    2.595675] zbud: loaded
[    2.596346] squashfs: version 4.0 (2009/01/31) Phillip Lougher
[    2.597183] NFS: Registering the id_resolver key type
[    2.597481] Key type id_resolver registered
[    2.597716] Key type id_legacy registered
[    2.597968] nfs4filelayout_init: NFSv4 File Layout Driver Registering...
[    2.598353] nfs4flexfilelayout_init: NFSv4 Flexfile Layout Driver Registering...
[    2.598857] fuse: init (API version 7.38)
[    2.599190] SGI XFS with ACLs, security attributes, realtime, quota, no debug enabled
[    2.599968] 9p: Installing v9fs 9p2000 file system support
[    2.605688] Key type asymmetric registered
[    2.605931] Asymmetric key parser 'x509' registered
[    2.606254] Block layer SCSI generic (bsg) driver version 0.4 loaded (major 243)
[    2.606756] io scheduler mq-deadline registered
[    2.607045] io scheduler bfq registered
[    2.607569] shpchp: Standard Hot Plug PCI Controller Driver version: 0.4
[    2.608230] IPMI message handler: version 39.2
[    2.608517] ipmi device interface
[    2.609987] input: Power Button as /devices/LNXSYSTM:00/LNXPWRBN:00/input/input0
[    2.610613] ACPI: button: Power Button [PWRF]
[    2.611583] ERST DBG: ERST support is disabled.
[    2.612305] Serial: 8250/16550 driver, 32 ports, IRQ sharing enabled
[    2.613047] 00:04: ttyS0 at I/O 0x3f8 (irq = 4, base_baud = 115200) is a 16550A
[    2.620050] Linux agpgart interface v0.103
[    2.620876] ACPI: bus type drm_connector registered
[    2.630795] brd: module loaded
[    2.636791] loop: module loaded
[    2.639947] scsi host0: ata_piix
[    2.640538] scsi host1: ata_piix
[    2.640850] ata1: PATA max MWDMA2 cmd 0x1f0 ctl 0x3f6 bmdma 0xc040 irq 14
[    2.641247] ata2: PATA max MWDMA2 cmd 0x170 ctl 0x376 bmdma 0xc048 irq 15
[    2.642596] tun: Universal TUN/TAP device driver, 1.6
[    2.643047] e100: Intel(R) PRO/100 Network Driver
[    2.643314] e100: Copyright(c) 1999-2006 Intel Corporation
[    2.643648] e1000: Intel(R) PRO/1000 Network Driver
[    2.643923] e1000: Copyright (c) 1999-2006 Intel Corporation.
[    2.792265] ACPI: \_SB_.LNKC: Enabled at IRQ 11
[    2.801006] ata1: found unknown device (class 0)
[    2.801481] ata2: found unknown device (class 0)
[    2.802196] ata1.00: ATA-7: QEMU HARDDISK, 2.5+, max UDMA/100
[    2.802536] ata1.00: 16777216 sectors, multi 16: LBA48 
[    2.802948] ata2.00: ATAPI: QEMU DVD-ROM, 2.5+, max UDMA/100
[    2.804162] scsi 0:0:0:0: Direct-Access     ATA      QEMU HARDDISK    2.5+ PQ: 0 ANSI: 5
[    2.805463] sd 0:0:0:0: Attached scsi generic sg0 type 0
[    2.805715] sd 0:0:0:0: [sda] 16777216 512-byte logical blocks: (8.59 GB/8.00 GiB)
[    2.806192] scsi 1:0:0:0: CD-ROM            QEMU     QEMU DVD-ROM     2.5+ PQ: 0 ANSI: 5
[    2.806263] sd 0:0:0:0: [sda] Write Protect is off
[    2.807023] sd 0:0:0:0: [sda] Write cache: enabled, read cache: enabled, doesn't support DPO or FUA
[    2.807599] sd 0:0:0:0: [sda] Preferred minimum I/O size 512 bytes
[    2.825807] sd 0:0:0:0: [sda] Attached SCSI disk
[    2.829630] scsi 1:0:0:0: Attached scsi generic sg1 type 5
[    3.115229] e1000 0000:00:03.0 eth0: (PCI:33MHz:32-bit) 52:54:00:12:34:56
[    3.115641] e1000 0000:00:03.0 eth0: Intel(R) PRO/1000 Network Connection
[    3.116083] e1000e: Intel(R) PRO/1000 Network Driver
[    3.116360] e1000e: Copyright(c) 1999 - 2015 Intel Corporation.
[    3.116729] igb: Intel(R) Gigabit Ethernet Network Driver
[    3.117038] igb: Copyright (c) 2007-2014 Intel Corporation.
[    3.117416] PPP generic driver version 2.4.2
[    3.118263] VFIO - User Level meta-driver version: 0.3
[    3.119007] usbcore: registered new interface driver uas
[    3.119345] usbcore: registered new interface driver usb-storage
[    3.119783] i8042: PNP: PS/2 Controller [PNP0303:KBD,PNP0f13:MOU] at 0x60,0x64 irq 1,12
[    3.120798] serio: i8042 KBD port at 0x60,0x64 irq 1
[    3.121121] serio: i8042 AUX port at 0x60,0x64 irq 12
[    3.121927] mousedev: PS/2 mouse device common for all mice
[    3.122801] input: AT Translated Set 2 keyboard as /devices/platform/i8042/serio0/input/input1
[    3.124017] input: VirtualPS/2 VMware VMMouse as /devices/platform/i8042/serio1/input/input4
[    3.124903] input: VirtualPS/2 VMware VMMouse as /devices/platform/i8042/serio1/input/input3
[    3.125437] rtc_cmos 00:05: RTC can wake from S4
[    3.126500] rtc_cmos 00:05: registered as rtc0
[    3.126801] rtc_cmos 00:05: setting system clock to 2023-03-18T19:35:22 UTC (1679168122)
[    3.127386] rtc_cmos 00:05: alarms up to one day, y3k, 242 bytes nvram, hpet irqs
[    3.127821] i2c_dev: i2c /dev entries driver
[    3.128102] device-mapper: core: CONFIG_IMA_DISABLE_HTABLE is disabled. Duplicate IMA measurements will not be recorded in the IMA log.
[    3.128777] device-mapper: uevent: version 1.0.3
[    3.129153] device-mapper: ioctl: 4.47.0-ioctl (2022-07-28) initialised: dm-devel@redhat.com
[    3.129624] intel_pstate: CPU model not supported
[    3.129962] sdhci: Secure Digital Host Controller Interface driver
[    3.130302] sdhci: Copyright(c) Pierre Ossman
[    3.130595] sdhci-pltfm: SDHCI platform and OF driver helper
[    3.130976] ledtrig-cpu: registered to indicate activity on CPUs
[    3.131561] drop_monitor: Initializing network drop monitor service
[    3.132051] NET: Registered PF_INET6 protocol family
[    3.134157] Segment Routing with IPv6
[    3.134394] In-situ OAM (IOAM) with IPv6
[    3.134649] NET: Registered PF_PACKET protocol family
[    3.135066] 9pnet: Installing 9P2000 support
[    3.135357] Key type dns_resolver registered
[    3.136152] IPI shorthand broadcast: enabled
[    3.147235] sched_clock: Marking stable (3135195919, 9697418)->(3168447384, -23554047)
[    3.148249] registered taskstats version 1
[    3.148652] Loading compiled-in X.509 certificates
[    3.149047] zswap: loaded using pool lzo/zbud
[    3.165289] Key type .fscrypt registered
[    3.165526] Key type fscrypt-provisioning registered
[    3.166421] Key type encrypted registered
[    3.166689] ima: No TPM chip found, activating TPM-bypass!
[    3.167005] ima: Allocated hash algorithm: sha1
[    3.167292] ima: No architecture policies found
[    3.167602] evm: Initialising EVM extended attributes:
[    3.167887] evm: security.selinux
[    3.168075] evm: security.SMACK64
[    3.168263] evm: security.SMACK64EXEC
[    3.168469] evm: security.SMACK64TRANSMUTE
[    3.168699] evm: security.SMACK64MMAP
[    3.168921] evm: security.apparmor
[    3.169113] evm: security.ima
[    3.169279] evm: security.capability
[    3.169477] evm: HMAC attrs: 0x1
[    3.170712] PM:   Magic number: 15:379:597
[    3.171281] RAS: Correctable Errors collector initialized.
[    3.172477] md: Waiting for all devices to be available before autodetect
[    3.172740] md: If you don't use raid, use raid=noautodetect
[    3.172972] md: Autodetecting RAID arrays.
[    3.173138] md: autorun ...
[    3.173250] md: ... autorun DONE.
[    3.176182] EXT4-fs (sda): INFO: recovery required on readonly filesystem
[    3.176462] EXT4-fs (sda): write access will be enabled during recovery
[    3.232493] EXT4-fs (sda): recovery complete
[    3.238662] EXT4-fs (sda): mounted filesystem 23a53bb9-f815-47a5-b74c-5e08f7731193 with ordered data mode. Quota mode: none.
[    3.239148] VFS: Mounted root (ext4 filesystem) readonly on device 8:0.
[    3.239959] devtmpfs: mounted
[    3.247271] Freeing unused decrypted memory: 2036K
[    3.249794] Freeing unused kernel image (initmem) memory: 10160K
[    3.250063] Write protecting the kernel read-only data: 45056k
[    3.251243] Freeing unused kernel image (rodata/data gap) memory: 364K
[    3.321206] x86/mm: Checked W+X mappings: passed, no W+X pages found.
[    3.321513] Run /sbin/init as init process
[    3.386043] systemd[1]: RTC configured in localtime, applying delta of 0 minutes to system time.
[    3.407013] systemd[1]: systemd 239 (239-49.el8) running in system mode. (+PAM +AUDIT +SELINUX +IMA -APPARMOR +SMACK +SYSVINIT +UTMP +LIBCRYPTSETUP +GCRYPT +GNUTLS +ACL +XZ +LZ4 +SECCOMP +BLKID +ELFUTILS +KMOD +IDN2 -IDN +PCRE2 default-hierarchy=legacy)
[    3.408007] systemd[1]: Detected virtualization kvm.
[    3.408210] systemd[1]: Detected architecture x86-64.

Welcome to [0;31mCentOS Stream 8[0m!

[    3.466764] systemd[1]: Set hostname to <test>.
[    3.677318] systemd[1]: Listening on RPCbind Server Activation Socket.
[[0;32m  OK  [0m] Listening on RPCbind Server Activation Socket.
[    3.683271] systemd[1]: Listening on Process Core Dump Socket.
[[0;32m  OK  [0m] Listening on Process Core Dump Socket.
[    3.684011] systemd[1]: Listening on udev Kernel Socket.
[[0;32m  OK  [0m] Listening on udev Kernel Socket.
[    3.684995] systemd[1]: Listening on udev Control Socket.
[[0;32m  OK  [0m] Listening on udev Control Socket.
[    3.685919] systemd[1]: Started Forward Password Requests to Wall Directory Watch.
[[0;32m  OK  [0m] Started Forward Password Requests to Wall Directory Watch.
[    3.687014] systemd[1]: Listening on initctl Compatibility Named Pipe.
[[0;32m  OK  [0m] Listening on initctl Compatibility Named Pipe.
[[0;32m  OK  [0m] Created slice system-sshd\x2dkeygen.slice.
[[0;32m  OK  [0m] Listening on multipathd control socket.
[[0;32m  OK  [0m] Created slice system-serial\x2dgetty.slice.
[[0;32m  OK  [0m] Listening on Device-mapper event daemon FIFOs.
[[0;32m  OK  [0m] Listening on LVM2 poll daemon socket.
[[0;32m  OK  [0m] Listening on Journal Socket (/dev/log).
[[0;32m  OK  [0m] Listening on Journal Socket.
         Mounting Kernel Debug File System...
         Starting udev Coldplug all Devices...
         Starting Monitoring of LVM2 mirrorsâ€¦ng dmeventd or progress polling...
         Starting Load Kernel Modules...
         Starting Remount Root and Kernel File Systems...
         Mounting POSIX Message Queue File System...
         Starting Setup Virtual Console...
[[0;32m  OK  [0m] Reached target Swap.
[[0;32m  OK  [0m] Created slice User and Session Slice.
[[0;32m  OK  [0m] Created slice system-getty.slice.
[[0;32m  OK  [0m] Set up automount Arbitrary Executabâ€¦rmats File System Automount Point.
         Mounting Huge Pages File System...
[[0;32m  OK  [0m] Reached target Slices.
         Starting Journal Service...
[[0;32m  OK  [0m] Reached target RPC Port Mapper.
[[0;32m  OK  [0m] Mounted Kernel Debug File System.
[[0;1;31mFAILED[0m] Failed to start Load Kernel Modules.
See 'systemctl status systemd-modules-load.service' for details.
[[0;32m  OK  [0m] Mounted POSIX Message Queue File System.
[[0;32m  OK  [0m] Mounted Huge Pages File System.
         Mounting Kernel Configuration File System...
         Starting Apply Kernel Variables...
         Mounting FUSE Control File System...
[[0;32m  OK  [0m] Mounted Kernel Configuration File System.
[    3.978007] EXT4-fs (sda): re-mounted 23a53bb9-f815-47a5-b74c-5e08f7731193. Quota mode: none.
[[0;32m  OK  [0m] Started Remount Root and Kernel File Systems.
[[0;32m  OK  [0m] Started Apply Kernel Variables.
[[0;32m  OK  [0m] Mounted FUSE Control File System.
         Starting Load/Save Random Seed...
         Starting Create Static Device Nodes in /dev...
[[0;32m  OK  [0m] Started Journal Service.
[[0;32m  OK  [0m] Started Load/Save Random Seed.
[[0;32m  OK  [0m] Started Create Static Device Nodes in /dev.
         Starting udev Kernel Device Manager...
         Starting Flush Journal to Persistent Storage...
[[0;32m  OK  [0m] Started Setup Virtual Console.
[[0;32m  OK  [0m] Started udev Coldplug all Devices.
         Starting udev Wait for Complete Device Initialization...
[[0;32m  OK  [0m] Started Flush Journal to Persistent Storage.
[[0;32m  OK  [0m] Started udev Kernel Device Manager.
         Starting Show Plymouth Boot Screen...
[[0;32m  OK  [0m] Started Show Plymouth Boot Screen.
[[0;32m  OK  [0m] Reached target Local Encrypted Volumes.
[[0;32m  OK  [0m] Reached target Paths.
[[0;32m  OK  [0m] Started Forward Password Requests to Plymouth Directory Watch.
[[0;32m  OK  [0m] Found device /dev/ttyS0.
[[0;32m  OK  [0m] Started Monitoring of LVM2 mirrors,â€¦sing dmeventd or progress polling.
[[0;32m  OK  [0m] Started udev Wait for Complete Device Initialization.
[[0;32m  OK  [0m] Listening on Load/Save RF Kill Switch Status /dev/rfkill Watch.
[[0;32m  OK  [0m] Reached target Local File Systems (Pre).
[[0;32m  OK  [0m] Reached target Local File Systems.
         Starting Tell Plymouth To Write Out Runtime Data...
         Starting Create Volatile Files and Directories...
         Starting Restore /run/initramfs on shutdown...
[[0;32m  OK  [0m] Started Tell Plymouth To Write Out Runtime Data.
[[0;32m  OK  [0m] Started Restore /run/initramfs on shutdown.
[[0;32m  OK  [0m] Started Create Volatile Files and Directories.
         Starting RPC Bind...
         Starting Security Auditing Service...
         Mounting RPC Pipe File System...
[[0;32m  OK  [0m] Started RPC Bind.
[[0;32m  OK  [0m] Mounted RPC Pipe File System.
[[0;32m  OK  [0m] Reached target rpc_pipefs.target.
[[0;32m  OK  [0m] Started Security Auditing Service.
         Starting Update UTMP about System Boot/Shutdown...
[[0;32m  OK  [0m] Started Update UTMP about System Boot/Shutdown.
[[0;32m  OK  [0m] Reached target System Initialization.
[[0;32m  OK  [0m] Started Daily Cleanup of Temporary Directories.
[[0;32m  OK  [0m] Listening on SSSD Kerberos Cache Manager responder socket.
[[0;32m  OK  [0m] Listening on D-Bus System Message Bus Socket.
[[0;32m  OK  [0m] Reached target Sockets.
[[0;32m  OK  [0m] Started daily update of the root trust anchor for DNSSEC.
[[0;32m  OK  [0m] Reached target Basic System.
         Starting Authorization Manager...
         Starting Auto-connect to subsystemsâ€¦-NVME devices found during boot...
         Starting Login Service...
[[0;32m  OK  [0m] Started irqbalance daemon.
[[0;32m  OK  [0m] Started D-Bus System Message Bus.
[[0;32m  OK  [0m] Started Machine Check Exception Logging Daemon.
         Starting NTP client/server...
         Starting Network Manager...
         Starting Self Monitoring and Reporting Technology (SMART) Daemon...
[[0;32m  OK  [0m] Reached target sshd-keygen.target.
[[0;32m  OK  [0m] Started dnf makecache --timer.
[[0;32m  OK  [0m] Reached target Timers.
[[0;32m  OK  [0m] Started Auto-connect to subsystems â€¦FC-NVME devices found during boot.
         Starting update of the root trust aâ€¦or DNSSEC validation in unbound...
[[0;32m  OK  [0m] Started Login Service.
[[0;32m  OK  [0m] Started Self Monitoring and Reporting Technology (SMART) Daemon.
[[0;32m  OK  [0m] Started NTP client/server.
[[0;32m  OK  [0m] Started Network Manager.
[[0;32m  OK  [0m] Reached target Network.
         Starting OpenSSH server daemon...
         Starting GSSAPI Proxy Daemon...
         Starting Dynamic System Tuning Daemon...
         Starting Network Manager Wait Online...
         Starting Hostname Service...
[[0;32m  OK  [0m] Started update of the root trust anâ€¦ for DNSSEC validation in unbound.
[[0;32m  OK  [0m] Started Authorization Manager.
[[0;32m  OK  [0m] Started OpenSSH server daemon.
[[0;32m  OK  [0m] Started GSSAPI Proxy Daemon.
[[0;32m  OK  [0m] Reached target NFS client services.
[[0;32m  OK  [0m] Reached target Remote File Systems (Pre).
[[0;32m  OK  [0m] Reached target Remote File Systems.
         Starting Permit User Sessions...
[[0;32m  OK  [0m] Started Permit User Sessions.
         Starting Hold until boot process finishes up...
[[0;32m  OK  [0m] Started Command Scheduler.
         Starting Terminate Plymouth Boot Screen...
[    5.485019] e1000: eth0 NIC Link is Up 1000 Mbps Full Duplex, Flow Control: RX
[    5.485693] IPv6: ADDRCONF(NETDEV_CHANGE): eth0: link becomes ready
[    5.653448] Spectre V2 : WARNING: Unprivileged eBPF is enabled with eIBRS on, data leaks possible via Spectre v2 BHB attacks!
[    5.653952] Spectre V2 : WARNING: Unprivileged eBPF is enabled with eIBRS on, data leaks possible via Spectre v2 BHB attacks!

CentOS Stream 8
Kernel 6.2.0-c72e04c26fae+ on an x86_64

test login: [   30.632323] hrtimer: interrupt took 14048667 ns
[  297.633256] rcu_tasks_wait_gp: rcu_tasks grace period number 1217 (since boot) is 2583 jiffies old.
[  327.777163] rcu_tasks_wait_gp: rcu_tasks grace period number 1217 (since boot) is 10119 jiffies old.
[  418.273164] rcu_tasks_wait_gp: rcu_tasks grace period number 1217 (since boot) is 32743 jiffies old.
[  447.585190] INFO: task repro:2081 blocked for more than 147 seconds.
[  447.585641]       Not tainted 6.2.0-c72e04c26fae+ #1
[  447.585912] "echo 0 > /proc/sys/kernel/hung_task_timeout_secs" disables this message.
[  447.586304] task:repro           state:D stack:0     pid:2081  ppid:548    flags:0x00004002
[  447.586751] Call Trace:
[  447.586915]  <TASK>
[  447.587134]  __schedule+0x385/0xb00
[  447.587520]  schedule+0x5b/0xe0
[  447.587745]  schedule_preempt_disabled+0x1c/0x30
[  447.588021]  __mutex_lock+0x880/0xf30
[  447.588290]  ? perf_trace_destroy+0x21/0xa0
[  447.588553]  ? perf_trace_destroy+0x21/0xa0
[  447.589045]  ? __pfx_tp_perf_event_destroy+0x10/0x10
[  447.589373]  mutex_lock_nested+0x1f/0x30
[  447.589610]  ? mutex_lock_nested+0x1f/0x30
[  447.589866]  perf_trace_destroy+0x21/0xa0
[  447.590119]  ? __pfx_tp_perf_event_destroy+0x10/0x10
[  447.590408]  tp_perf_event_destroy+0x1e/0x30
[  447.590682]  _free_event+0x101/0x7e0
[  447.590976]  put_event+0x3c/0x50
[  447.591219]  perf_event_release_kernel+0x2de/0x360
[  447.591498]  ? perf_event_release_kernel+0x9/0x360
[  447.591840]  ? __pfx_perf_release+0x10/0x10
[  447.592122]  perf_release+0x22/0x30
[  447.592365]  __fput+0x11f/0x450
[  447.592686]  ____fput+0x1e/0x30
[  447.592984]  task_work_run+0xb6/0x120
[  447.593295]  do_exit+0x521/0x1340
[  447.593568]  ? write_comp_data+0x2f/0x90
[  447.593910]  do_group_exit+0x5e/0xf0
[  447.594215]  get_signal+0x14b6/0x14c0
[  447.594642]  arch_do_signal_or_restart+0x33/0x280
[  447.595017]  ? syscall_exit_to_user_mode+0x2d/0x60
[  447.595352]  exit_to_user_mode_prepare+0x13b/0x210
[  447.595659]  syscall_exit_to_user_mode+0x2d/0x60
[  447.595946]  do_syscall_64+0x4a/0x90
[  447.596187]  entry_SYSCALL_64_after_hwframe+0x72/0xdc
[  447.596470] RIP: 0033:0x7facc227c59d
[  447.596694] RSP: 002b:00007facc2155ca8 EFLAGS: 00000246 ORIG_RAX: 000000000000012a
[  447.597175] RAX: 0000000000000003 RBX: 0000000000000000 RCX: 00007facc227c59d
[  447.597532] RDX: 0000000000000000 RSI: 00000000ffffffff RDI: 00000000200004c0
[  447.597890] RBP: 00007facc2155e00 R08: 0000000000000000 R09: 0000000000000000
[  447.598248] R10: 00000000ffffffff R11: 0000000000000246 R12: 00007ffee5f9a63e
[  447.598602] R13: 00007ffee5f9a63f R14: 00007ffee5f9a6d0 R15: 00007facc2156700
[  447.599185]  </TASK>
[  447.599338] INFO: task repro:2091 blocked for more than 147 seconds.
[  447.599660]       Not tainted 6.2.0-c72e04c26fae+ #1
[  447.599924] "echo 0 > /proc/sys/kernel/hung_task_timeout_secs" disables this message.
[  447.600304] task:repro           state:D stack:0     pid:2091  ppid:553    flags:0x00004002
[  447.600742] Call Trace:
[  447.600974]  <TASK>
[  447.601185]  __schedule+0x385/0xb00
[  447.601528]  ? wait_for_completion+0x7b/0x180
[  447.601790]  schedule+0x5b/0xe0
[  447.602016]  schedule_timeout+0x561/0x650
[  447.602375]  ? schedule_timeout+0x9/0x650
[  447.602701]  ? wait_for_completion+0x7b/0x180
[  447.602962]  wait_for_completion+0xa6/0x180
[  447.603310]  __wait_rcu_gp+0x136/0x160
[  447.603576]  ? __pfx_arch_ftrace_ops_list_func+0x10/0x10
[  447.603870]  ? __pfx_arch_ftrace_ops_list_func+0x10/0x10
[  447.604181]  synchronize_rcu_tasks_generic.part.24+0x3b/0x60
[  447.604486]  ? __pfx_call_rcu_tasks+0x10/0x10
[  447.604747]  ? __pfx_wakeme_after_rcu+0x10/0x10
[  447.605169]  ? verify_cpu+0x90/0x100
[  447.605437]  synchronize_rcu_tasks_generic+0x2b/0x70
[  447.605733]  synchronize_rcu_tasks+0x19/0x20
[  447.605997]  ftrace_shutdown+0x1d2/0x410
[  447.606321]  unregister_ftrace_function+0x35/0x220
[  447.606625]  ? __sanitizer_cov_trace_switch+0x57/0xa0
[  447.606965]  perf_ftrace_event_register+0x95/0xf0
[  447.607241]  ? __pfx_tp_perf_event_destroy+0x10/0x10
[  447.607524]  perf_trace_destroy+0x3a/0xa0
[  447.607769]  ? __pfx_tp_perf_event_destroy+0x10/0x10
[  447.608052]  tp_perf_event_destroy+0x1e/0x30
[  447.608319]  _free_event+0x101/0x7e0
[  447.608603]  put_event+0x3c/0x50
[  447.608842]  perf_event_release_kernel+0x2de/0x360
[  447.609185]  ? perf_event_release_kernel+0x9/0x360
[  447.609520]  ? __pfx_perf_release+0x10/0x10
[  447.609796]  perf_release+0x22/0x30
[  447.610040]  __fput+0x11f/0x450
[  447.610346]  ____fput+0x1e/0x30
[  447.610569]  task_work_run+0xb6/0x120
[  447.610863]  do_exit+0x521/0x1340
[  447.611127]  ? write_comp_data+0x2f/0x90
[  447.611443]  do_group_exit+0x5e/0xf0
[  447.611728]  get_signal+0x14b6/0x14c0
[  447.612147]  arch_do_signal_or_restart+0x33/0x280
[  447.612514]  ? syscall_exit_to_user_mode+0x2d/0x60
[  447.612848]  exit_to_user_mode_prepare+0x13b/0x210
[  447.613224]  syscall_exit_to_user_mode+0x2d/0x60
[  447.613508]  do_syscall_64+0x4a/0x90
[  447.613748]  entry_SYSCALL_64_after_hwframe+0x72/0xdc
[  447.614029] RIP: 0033:0x7facc227c59d
[  447.614249] RSP: 002b:00007facc2155ca8 EFLAGS: 00000246 ORIG_RAX: 000000000000012a
[  447.614650] RAX: 0000000000000003 RBX: 0000000000000000 RCX: 00007facc227c59d
[  447.615004] RDX: 0000000000000000 RSI: 00000000ffffffff RDI: 00000000200004c0
[  447.615358] RBP: 00007facc2155e00 R08: 0000000000000000 R09: 0000000000000000
[  447.615712] R10: 00000000ffffffff R11: 0000000000000246 R12: 00007ffee5f9a63e
[  447.616070] R13: 00007ffee5f9a63f R14: 00007ffee5f9a6d0 R15: 00007facc2156700
[  447.616651]  </TASK>
[  447.616802] INFO: task repro:2106 blocked for more than 147 seconds.
[  447.617195]       Not tainted 6.2.0-c72e04c26fae+ #1
[  447.617461] "echo 0 > /proc/sys/kernel/hung_task_timeout_secs" disables this message.
[  447.617849] task:repro           state:D stack:0     pid:2106  ppid:555    flags:0x00004002
[  447.618288] Call Trace:
[  447.618448]  <TASK>
[  447.618659]  __schedule+0x385/0xb00
[  447.619023]  schedule+0x5b/0xe0
[  447.619244]  schedule_preempt_disabled+0x1c/0x30
[  447.619515]  __mutex_lock+0x880/0xf30
[  447.619779]  ? perf_trace_destroy+0x21/0xa0
[  447.620029]  ? perf_trace_destroy+0x21/0xa0
[  447.620365]  ? __pfx_tp_perf_event_destroy+0x10/0x10
[  447.620679]  mutex_lock_nested+0x1f/0x30
[  447.620982]  ? mutex_lock_nested+0x1f/0x30
[  447.621229]  perf_trace_destroy+0x21/0xa0
[  447.621473]  ? __pfx_tp_perf_event_destroy+0x10/0x10
[  447.621756]  tp_perf_event_destroy+0x1e/0x30
[  447.622028]  _free_event+0x101/0x7e0
[  447.622311]  put_event+0x3c/0x50
[  447.622548]  perf_event_release_kernel+0x2de/0x360
[  447.622820]  ? perf_event_release_kernel+0x9/0x360
[  447.623154]  ? __pfx_perf_release+0x10/0x10
[  447.623429]  perf_release+0x22/0x30
[  447.623668]  __fput+0x11f/0x450
[  447.623973]  ____fput+0x1e/0x30
[  447.624194]  task_work_run+0xb6/0x120
[  447.624488]  do_exit+0x521/0x1340
[  447.624755]  ? write_comp_data+0x2f/0x90
[  447.625142]  do_group_exit+0x5e/0xf0
[  447.625425]  get_signal+0x14b6/0x14c0
[  447.625846]  arch_do_signal_or_restart+0x33/0x280
[  447.626223]  ? syscall_exit_to_user_mode+0x2d/0x60
[  447.626559]  exit_to_user_mode_prepare+0x13b/0x210
[  447.626861]  syscall_exit_to_user_mode+0x2d/0x60
[  447.627147]  do_syscall_64+0x4a/0x90
[  447.627389]  entry_SYSCALL_64_after_hwframe+0x72/0xdc
[  447.627667] RIP: 0033:0x7facc227c59d
[  447.627888] RSP: 002b:00007facc2155ca8 EFLAGS: 00000246 ORIG_RAX: 000000000000012a
[  447.628287] RAX: 0000000000000003 RBX: 0000000000000000 RCX: 00007facc227c59d
[  447.628641] RDX: 0000000000000000 RSI: 00000000ffffffff RDI: 00000000200004c0
[  447.629069] RBP: 00007facc2155e00 R08: 0000000000000000 R09: 0000000000000000
[  447.629423] R10: 00000000ffffffff R11: 0000000000000246 R12: 00007ffee5f9a63e
[  447.629777] R13: 00007ffee5f9a63f R14: 00007ffee5f9a6d0 R15: 00007facc2156700
[  447.630369]  </TASK>
[  447.630523] INFO: task repro:2111 blocked for more than 147 seconds.
[  447.630850]       Not tainted 6.2.0-c72e04c26fae+ #1
[  447.631119] "echo 0 > /proc/sys/kernel/hung_task_timeout_secs" disables this message.
[  447.631506] task:repro           state:D stack:0     pid:2111  ppid:551    flags:0x00004002
[  447.631950] Call Trace:
[  447.632114]  <TASK>
[  447.632331]  __schedule+0x385/0xb00
[  447.632704]  schedule+0x5b/0xe0
[  447.633002]  schedule_preempt_disabled+0x1c/0x30
[  447.633278]  __mutex_lock+0x880/0xf30
[  447.633547]  ? perf_trace_destroy+0x21/0xa0
[  447.633803]  ? perf_trace_destroy+0x21/0xa0
[  447.634147]  ? __pfx_tp_perf_event_destroy+0x10/0x10
[  447.634469]  mutex_lock_nested+0x1f/0x30
[  447.634705]  ? mutex_lock_nested+0x1f/0x30
[  447.634959]  perf_trace_destroy+0x21/0xa0
[  447.635207]  ? __pfx_tp_perf_event_destroy+0x10/0x10
[  447.635497]  tp_perf_event_destroy+0x1e/0x30
[  447.635772]  _free_event+0x101/0x7e0
[  447.636062]  put_event+0x3c/0x50
[  447.636307]  perf_event_release_kernel+0x2de/0x360
[  447.636584]  ? perf_event_release_kernel+0x9/0x360
[  447.636998]  ? __pfx_perf_release+0x10/0x10
[  447.637281]  perf_release+0x22/0x30
[  447.637524]  __fput+0x11f/0x450
[  447.637841]  ____fput+0x1e/0x30
[  447.638068]  task_work_run+0xb6/0x120
[  447.638371]  do_exit+0x521/0x1340
[  447.638640]  ? write_comp_data+0x2f/0x90
[  447.638961]  do_group_exit+0x5e/0xf0
[  447.639251]  get_signal+0x14b6/0x14c0
[  447.639675]  arch_do_signal_or_restart+0x33/0x280
[  447.640055]  ? syscall_exit_to_user_mode+0x2d/0x60
[  447.640395]  exit_to_user_mode_prepare+0x13b/0x210
[  447.640703]  syscall_exit_to_user_mode+0x2d/0x60
[  447.641068]  do_syscall_64+0x4a/0x90
[  447.641313]  entry_SYSCALL_64_after_hwframe+0x72/0xdc
[  447.641596] RIP: 0033:0x7facc227c59d
[  447.641825] RSP: 002b:00007facc2155ca8 EFLAGS: 00000246 ORIG_RAX: 000000000000012a
[  447.642232] RAX: 0000000000000003 RBX: 0000000000000000 RCX: 00007facc227c59d
[  447.642593] RDX: 0000000000000000 RSI: 00000000ffffffff RDI: 00000000200004c0
[  447.642955] RBP: 00007facc2155e00 R08: 0000000000000000 R09: 0000000000000000
[  447.643316] R10: 00000000ffffffff R11: 0000000000000246 R12: 00007ffee5f9a63e
[  447.643678] R13: 00007ffee5f9a63f R14: 00007ffee5f9a6d0 R15: 00007facc2156700
[  447.644267]  </TASK>
[  447.644422] INFO: task repro:2116 blocked for more than 147 seconds.
[  447.644750]       Not tainted 6.2.0-c72e04c26fae+ #1
[  447.645123] "echo 0 > /proc/sys/kernel/hung_task_timeout_secs" disables this message.
[  447.645510] task:repro           state:D stack:0     pid:2116  ppid:554    flags:0x00000004
[  447.645953] Call Trace:
[  447.646117]  <TASK>
[  447.646330]  __schedule+0x385/0xb00
[  447.646698]  schedule+0x5b/0xe0
[  447.646921]  schedule_preempt_disabled+0x1c/0x30
[  447.647196]  __mutex_lock+0x880/0xf30
[  447.647487]  ? perf_trace_init+0x2c/0x170
[  447.647874]  mutex_lock_nested+0x1f/0x30
[  447.648110]  ? __mutex_lock+0x5/0xf30
[  447.648333]  ? mutex_lock_nested+0x1f/0x30
[  447.648585]  perf_trace_init+0x2c/0x170
[  447.648871]  perf_tp_event_init+0x60/0xa0
[  447.649214]  perf_try_init_event+0x88/0x280
[  447.649543]  perf_event_alloc+0xf0a/0x1c50
[  447.649836]  ? perf_event_alloc+0x5/0x1c50
[  447.650195]  __do_sys_perf_event_open+0x3b6/0x1870
[  447.650496]  ? __x64_sys_perf_event_open+0x4/0x40
[  447.651110]  __x64_sys_perf_event_open+0x2f/0x40
[  447.651401]  do_syscall_64+0x3b/0x90
[  447.651646]  entry_SYSCALL_64_after_hwframe+0x72/0xdc
[  447.651929] RIP: 0033:0x7facc227c59d
[  447.652155] RSP: 002b:00007facc2155ca8 EFLAGS: 00000246 ORIG_RAX: 000000000000012a
[  447.652561] RAX: ffffffffffffffda RBX: 0000000000000000 RCX: 00007facc227c59d
[  447.652997] RDX: 0000000000000000 RSI: 00000000ffffffff RDI: 00000000200004c0
[  447.653357] RBP: 00007facc2155e00 R08: 0000000000000000 R09: 0000000000000000
[  447.653719] R10: 00000000ffffffff R11: 0000000000000246 R12: 00007ffee5f9a63e
[  447.654083] R13: 00007ffee5f9a63f R14: 00007ffee5f9a6d0 R15: 00007facc2156700
[  447.654677]  </TASK>
[  447.654830] INFO: task repro:2122 blocked for more than 147 seconds.
[  447.655158]       Not tainted 6.2.0-c72e04c26fae+ #1
[  447.655428] "echo 0 > /proc/sys/kernel/hung_task_timeout_secs" disables this message.
[  447.655814] task:repro           state:D stack:0     pid:2122  ppid:556    flags:0x00000004
[  447.656258] Call Trace:
[  447.656422]  <TASK>
[  447.656637]  __schedule+0x385/0xb00
[  447.657076]  schedule+0x5b/0xe0
[  447.657302]  schedule_preempt_disabled+0x1c/0x30
[  447.657579]  __mutex_lock+0x880/0xf30
[  447.657872]  ? perf_trace_init+0x2c/0x170
[  447.658266]  mutex_lock_nested+0x1f/0x30
[  447.658502]  ? __mutex_lock+0x5/0xf30
[  447.658726]  ? mutex_lock_nested+0x1f/0x30
[  447.658978]  perf_trace_init+0x2c/0x170
[  447.659263]  perf_tp_event_init+0x60/0xa0
[  447.659533]  perf_try_init_event+0x88/0x280
[  447.659858]  perf_event_alloc+0xf0a/0x1c50
[  447.660149]  ? perf_event_alloc+0x5/0x1c50
[  447.660506]  __do_sys_perf_event_open+0x3b6/0x1870
[  447.660804]  ? __x64_sys_perf_event_open+0x4/0x40
[  447.661491]  __x64_sys_perf_event_open+0x2f/0x40
[  447.661783]  do_syscall_64+0x3b/0x90
[  447.662032]  entry_SYSCALL_64_after_hwframe+0x72/0xdc
[  447.662316] RIP: 0033:0x7facc227c59d
[  447.662543] RSP: 002b:00007facc2155ca8 EFLAGS: 00000246 ORIG_RAX: 000000000000012a
[  447.662951] RAX: ffffffffffffffda RBX: 0000000000000000 RCX: 00007facc227c59d
[  447.663312] RDX: 0000000000000000 RSI: 00000000ffffffff RDI: 00000000200004c0
[  447.663672] RBP: 00007facc2155e00 R08: 0000000000000000 R09: 0000000000000000
[  447.664033] R10: 00000000ffffffff R11: 0000000000000246 R12: 00007ffee5f9a63e
[  447.664395] R13: 00007ffee5f9a63f R14: 00007ffee5f9a6d0 R15: 00007facc2156700
[  447.665057]  </TASK>
[  447.665213] INFO: task repro:2127 blocked for more than 147 seconds.
[  447.665540]       Not tainted 6.2.0-c72e04c26fae+ #1
[  447.665809] "echo 0 > /proc/sys/kernel/hung_task_timeout_secs" disables this message.
[  447.666197] task:repro           state:D stack:0     pid:2127  ppid:544    flags:0x00000004
[  447.666641] Call Trace:
[  447.666804]  <TASK>
[  447.667021]  __schedule+0x385/0xb00
[  447.667389]  schedule+0x5b/0xe0
[  447.667613]  schedule_preempt_disabled+0x1c/0x30
[  447.667889]  __mutex_lock+0x880/0xf30
[  447.668179]  ? perf_trace_init+0x2c/0x170
[  447.668568]  mutex_lock_nested+0x1f/0x30
[  447.668803]  ? __mutex_lock+0x5/0xf30
[  447.669101]  ? mutex_lock_nested+0x1f/0x30
[  447.669354]  perf_trace_init+0x2c/0x170
[  447.669639]  perf_tp_event_init+0x60/0xa0
[  447.669912]  perf_try_init_event+0x88/0x280
[  447.670239]  perf_event_alloc+0xf0a/0x1c50
[  447.670530]  ? perf_event_alloc+0x5/0x1c50
[  447.670890]  __do_sys_perf_event_open+0x3b6/0x1870
[  447.671189]  ? __x64_sys_perf_event_open+0x4/0x40
[  447.671803]  __x64_sys_perf_event_open+0x2f/0x40
[  447.672094]  do_syscall_64+0x3b/0x90
[  447.672341]  entry_SYSCALL_64_after_hwframe+0x72/0xdc
[  447.672623] RIP: 0033:0x7facc227c59d
[  447.672849] RSP: 002b:00007facc2155ca8 EFLAGS: 00000246 ORIG_RAX: 000000000000012a
[  447.673327] RAX: ffffffffffffffda RBX: 0000000000000000 RCX: 00007facc227c59d
[  447.673688] RDX: 0000000000000000 RSI: 00000000ffffffff RDI: 00000000200004c0
[  447.674051] RBP: 00007facc2155e00 R08: 0000000000000000 R09: 0000000000000000
[  447.674412] R10: 00000000ffffffff R11: 0000000000000246 R12: 00007ffee5f9a63e
[  447.674772] R13: 00007ffee5f9a63f R14: 00007ffee5f9a6d0 R15: 00007facc2156700
[  447.675360]  </TASK>
[  447.675513] INFO: task repro:2132 blocked for more than 147 seconds.
[  447.675839]       Not tainted 6.2.0-c72e04c26fae+ #1
[  447.676106] "echo 0 > /proc/sys/kernel/hung_task_timeout_secs" disables this message.
[  447.676490] task:repro           state:D stack:0     pid:2132  ppid:552    flags:0x00000004
[  447.677003] Call Trace:
[  447.677166]  <TASK>
[  447.677381]  __schedule+0x385/0xb00
[  447.677749]  schedule+0x5b/0xe0
[  447.677973]  schedule_preempt_disabled+0x1c/0x30
[  447.678247]  __mutex_lock+0x880/0xf30
[  447.678536]  ? perf_trace_init+0x2c/0x170
[  447.678923]  mutex_lock_nested+0x1f/0x30
[  447.679158]  ? __mutex_lock+0x5/0xf30
[  447.679380]  ? mutex_lock_nested+0x1f/0x30
[  447.679632]  perf_trace_init+0x2c/0x170
[  447.679916]  perf_tp_event_init+0x60/0xa0
[  447.680186]  perf_try_init_event+0x88/0x280
[  447.680512]  perf_event_alloc+0xf0a/0x1c50
[  447.680802]  ? perf_event_alloc+0x5/0x1c50
[  447.681225]  __do_sys_perf_event_open+0x3b6/0x1870
[  447.681522]  ? __x64_sys_perf_event_open+0x4/0x40
[  447.682131]  __x64_sys_perf_event_open+0x2f/0x40
[  447.682422]  do_syscall_64+0x3b/0x90
[  447.682667]  entry_SYSCALL_64_after_hwframe+0x72/0xdc
[  447.682948] RIP: 0033:0x7facc227c59d
[  447.683175] RSP: 002b:00007facc2155ca8 EFLAGS: 00000246 ORIG_RAX: 000000000000012a
[  447.683586] RAX: ffffffffffffffda RBX: 0000000000000000 RCX: 00007facc227c59d
[  447.683951] RDX: 0000000000000000 RSI: 00000000ffffffff RDI: 00000000200004c0
[  447.684312] RBP: 00007facc2155e00 R08: 0000000000000000 R09: 0000000000000000
[  447.684674] R10: 00000000ffffffff R11: 0000000000000246 R12: 00007ffee5f9a63e
[  447.685109] R13: 00007ffee5f9a63f R14: 00007ffee5f9a6d0 R15: 00007facc2156700
[  447.685705]  </TASK>
[  447.685861] 
[  447.685861] Showing all locks held in the system:
[  447.686188] 1 lock held by rcu_tasks_kthre/11:
[  447.686437]  #0: ffffffff83d62790 (rcu_tasks.tasks_gp_mutex){+.+.}-{3:3}, at: rcu_tasks_one_gp+0x2d/0x3d0
[  447.687047] 1 lock held by rcu_tasks_rude_/12:
[  447.687296]  #0: ffffffff83d62510 (rcu_tasks_rude.tasks_gp_mutex){+.+.}-{3:3}, at: rcu_tasks_one_gp+0x2d/0x3d0
[  447.687922] 1 lock held by rcu_tasks_trace/13:
[  447.688170]  #0: ffffffff83d62250 (rcu_tasks_trace.tasks_gp_mutex){+.+.}-{3:3}, at: rcu_tasks_one_gp+0x2d/0x3d0
[  447.688801] 1 lock held by khungtaskd/29:
[  447.689103]  #0: ffffffff83d631a0 (rcu_read_lock){....}-{1:2}, at: debug_show_all_locks+0x27/0x18c
[  447.689706] 1 lock held by repro/2081:
[  447.689927]  #0: ffffffff83e1f788 (event_mutex){+.+.}-{3:3}, at: perf_trace_destroy+0x21/0xa0
[  447.690489] 2 locks held by repro/2091:
[  447.690710]  #0: ffffffff83e1f788 (event_mutex){+.+.}-{3:3}, at: perf_trace_destroy+0x21/0xa0
[  447.691272]  #1: ffffffff83e1be48 (ftrace_lock){+.+.}-{3:3}, at: unregister_ftrace_function+0x2b/0x220
[  447.691872] 1 lock held by repro/2106:
[  447.692090]  #0: ffffffff83e1f788 (event_mutex){+.+.}-{3:3}, at: perf_trace_destroy+0x21/0xa0
[  447.692651] 1 lock held by repro/2111:
[  447.692868]  #0: ffffffff83e1f788 (event_mutex){+.+.}-{3:3}, at: perf_trace_destroy+0x21/0xa0
[  447.693511] 2 locks held by repro/2116:
[  447.693732]  #0: ffffffff85660f98 (&pmus_srcu){....}-{0:0}, at: perf_event_alloc+0x532/0x1c50
[  447.694304]  #1: ffffffff83e1f788 (event_mutex){+.+.}-{3:3}, at: perf_trace_init+0x2c/0x170
[  447.694859] 2 locks held by repro/2122:
[  447.695081]  #0: ffffffff85660f98 (&pmus_srcu){....}-{0:0}, at: perf_event_alloc+0x532/0x1c50
[  447.695650]  #1: ffffffff83e1f788 (event_mutex){+.+.}-{3:3}, at: perf_trace_init+0x2c/0x170
[  447.696206] 2 locks held by repro/2127:
[  447.696427]  #0: ffffffff85660f98 (&pmus_srcu){....}-{0:0}, at: perf_event_alloc+0x532/0x1c50
[  447.697071]  #1: ffffffff83e1f788 (event_mutex){+.+.}-{3:3}, at: perf_trace_init+0x2c/0x170
[  447.697625] 2 locks held by repro/2132:
[  447.697848]  #0: ffffffff85660f98 (&pmus_srcu){....}-{0:0}, at: perf_event_alloc+0x532/0x1c50
[  447.698420]  #1: ffffffff83e1f788 (event_mutex){+.+.}-{3:3}, at: perf_trace_init+0x2c/0x170
[  447.698977] 
[  447.699101] =============================================
[  447.699101] 
[  595.041271] INFO: task repro:2081 blocked for more than 294 seconds.
[  595.041653]       Not tainted 6.2.0-c72e04c26fae+ #1
[  595.042009] "echo 0 > /proc/sys/kernel/hung_task_timeout_secs" disables this message.
[  595.042405] task:repro           state:D stack:0     pid:2081  ppid:548    flags:0x00004002
[  595.042848] Call Trace:
[  595.043013]  <TASK>
[  595.043229]  __schedule+0x385/0xb00
[  595.043600]  schedule+0x5b/0xe0
[  595.043824]  schedule_preempt_disabled+0x1c/0x30
[  595.044107]  __mutex_lock+0x880/0xf30
[  595.044378]  ? perf_trace_destroy+0x21/0xa0
[  595.044639]  ? perf_trace_destroy+0x21/0xa0
[  595.045214]  ? __pfx_tp_perf_event_destroy+0x10/0x10
[  595.045537]  mutex_lock_nested+0x1f/0x30
[  595.045774]  ? mutex_lock_nested+0x1f/0x30
[  595.046035]  perf_trace_destroy+0x21/0xa0
[  595.046290]  ? __pfx_tp_perf_event_destroy+0x10/0x10
[  595.046585]  tp_perf_event_destroy+0x1e/0x30
[  595.046863]  _free_event+0x101/0x7e0
[  595.047160]  put_event+0x3c/0x50
[  595.047409]  perf_event_release_kernel+0x2de/0x360
[  595.047691]  ? perf_event_release_kernel+0x9/0x360
[  595.048039]  ? __pfx_perf_release+0x10/0x10
[  595.048327]  perf_release+0x22/0x30
[  595.048575]  __fput+0x11f/0x450
[  595.048970]  ____fput+0x1e/0x30
[  595.049202]  task_work_run+0xb6/0x120
[  595.049510]  do_exit+0x521/0x1340
[  595.049785]  ? write_comp_data+0x2f/0x90
[  595.050117]  do_group_exit+0x5e/0xf0
[  595.050414]  get_signal+0x14b6/0x14c0
[  595.050847]  arch_do_signal_or_restart+0x33/0x280
[  595.051236]  ? syscall_exit_to_user_mode+0x2d/0x60
[  595.051583]  exit_to_user_mode_prepare+0x13b/0x210
[  595.051897]  syscall_exit_to_user_mode+0x2d/0x60
[  595.052193]  do_syscall_64+0x4a/0x90
[  595.052444]  entry_SYSCALL_64_after_hwframe+0x72/0xdc
[  595.052733] RIP: 0033:0x7facc227c59d
[  595.053040] RSP: 002b:00007facc2155ca8 EFLAGS: 00000246 ORIG_RAX: 000000000000012a
[  595.053453] RAX: 0000000000000003 RBX: 0000000000000000 RCX: 00007facc227c59d
[  595.053821] RDX: 0000000000000000 RSI: 00000000ffffffff RDI: 00000000200004c0
[  595.054191] RBP: 00007facc2155e00 R08: 0000000000000000 R09: 0000000000000000
[  595.054559] R10: 00000000ffffffff R11: 0000000000000246 R12: 00007ffee5f9a63e
[  595.054926] R13: 00007ffee5f9a63f R14: 00007ffee5f9a6d0 R15: 00007facc2156700
[  595.055530]  </TASK>
[  595.055687] INFO: task repro:2091 blocked for more than 294 seconds.
[  595.056025]       Not tainted 6.2.0-c72e04c26fae+ #1
[  595.056299] "echo 0 > /proc/sys/kernel/hung_task_timeout_secs" disables this message.
[  595.056691] task:repro           state:D stack:0     pid:2091  ppid:553    flags:0x00004002
[  595.057219] Call Trace:
[  595.057384]  <TASK>
[  595.057604]  __schedule+0x385/0xb00
[  595.057962]  ? wait_for_completion+0x7b/0x180
[  595.058232]  schedule+0x5b/0xe0
[  595.058461]  schedule_timeout+0x561/0x650
[  595.058829]  ? schedule_timeout+0x9/0x650
[  595.059164]  ? wait_for_completion+0x7b/0x180
[  595.059434]  wait_for_completion+0xa6/0x180
[  595.059795]  __wait_rcu_gp+0x136/0x160
[  595.060066]  ? __pfx_arch_ftrace_ops_list_func+0x10/0x10
[  595.060367]  ? __pfx_arch_ftrace_ops_list_func+0x10/0x10
[  595.060689]  synchronize_rcu_tasks_generic.part.24+0x3b/0x60
[  595.061077]  ? __pfx_call_rcu_tasks+0x10/0x10
[  595.061348]  ? __pfx_wakeme_after_rcu+0x10/0x10
[  595.061708]  ? verify_cpu+0x90/0x100
[  595.061976]  synchronize_rcu_tasks_generic+0x2b/0x70
[  595.062275]  synchronize_rcu_tasks+0x19/0x20
[  595.062537]  ftrace_shutdown+0x1d2/0x410
[  595.062870]  unregister_ftrace_function+0x35/0x220
[  595.063179]  ? __sanitizer_cov_trace_switch+0x57/0xa0
[  595.063526]  perf_ftrace_event_register+0x95/0xf0
[  595.063805]  ? __pfx_tp_perf_event_destroy+0x10/0x10
[  595.064098]  perf_trace_destroy+0x3a/0xa0
[  595.064352]  ? __pfx_tp_perf_event_destroy+0x10/0x10
[  595.064639]  tp_perf_event_destroy+0x1e/0x30
[  595.064982]  _free_event+0x101/0x7e0
[  595.065271]  put_event+0x3c/0x50
[  595.065513]  perf_event_release_kernel+0x2de/0x360
[  595.065788]  ? perf_event_release_kernel+0x9/0x360
[  595.066131]  ? __pfx_perf_release+0x10/0x10
[  595.066411]  perf_release+0x22/0x30
[  595.066653]  __fput+0x11f/0x450
[  595.066963]  ____fput+0x1e/0x30
[  595.067188]  task_work_run+0xb6/0x120
[  595.067487]  do_exit+0x521/0x1340
[  595.067753]  ? write_comp_data+0x2f/0x90
[  595.068072]  do_group_exit+0x5e/0xf0
[  595.068361]  get_signal+0x14b6/0x14c0
[  595.068782]  arch_do_signal_or_restart+0x33/0x280
[  595.069229]  ? syscall_exit_to_user_mode+0x2d/0x60
[  595.069565]  exit_to_user_mode_prepare+0x13b/0x210
[  595.069873]  syscall_exit_to_user_mode+0x2d/0x60
[  595.070161]  do_syscall_64+0x4a/0x90
[  595.070406]  entry_SYSCALL_64_after_hwframe+0x72/0xdc
[  595.070687] RIP: 0033:0x7facc227c59d
[  595.070912] RSP: 002b:00007facc2155ca8 EFLAGS: 00000246 ORIG_RAX: 000000000000012a
[  595.071321] RAX: 0000000000000003 RBX: 0000000000000000 RCX: 00007facc227c59d
[  595.071682] RDX: 0000000000000000 RSI: 00000000ffffffff RDI: 00000000200004c0
[  595.072041] RBP: 00007facc2155e00 R08: 0000000000000000 R09: 0000000000000000
[  595.072411] R10: 00000000ffffffff R11: 0000000000000246 R12: 00007ffee5f9a63e
[  595.072777] R13: 00007ffee5f9a63f R14: 00007ffee5f9a6d0 R15: 00007facc2156700
[  595.073434]  </TASK>
[  595.073595] 
[  595.073595] Showing all locks held in the system:
[  595.073920] 1 lock held by rcu_tasks_kthre/11:
[  595.074170]  #0: ffffffff83d62790 (rcu_tasks.tasks_gp_mutex){+.+.}-{3:3}, at: rcu_tasks_one_gp+0x2d/0x3d0
[  595.074774] 1 lock held by rcu_tasks_rude_/12:
[  595.075021]  #0: ffffffff83d62510 (rcu_tasks_rude.tasks_gp_mutex){+.+.}-{3:3}, at: rcu_tasks_one_gp+0x2d/0x3d0
[  595.075646] 1 lock held by rcu_tasks_trace/13:
[  595.075895]  #0: ffffffff83d62250 (rcu_tasks_trace.tasks_gp_mutex){+.+.}-{3:3}, at: rcu_tasks_one_gp+0x2d/0x3d0
[  595.076531] 1 lock held by khungtaskd/29:
[  595.076759]  #0: ffffffff83d631a0 (rcu_read_lock){....}-{1:2}, at: debug_show_all_locks+0x27/0x18c
[  595.077426] 1 lock held by repro/2081:
[  595.077643]  #0: ffffffff83e1f788 (event_mutex){+.+.}-{3:3}, at: perf_trace_destroy+0x21/0xa0
[  595.078208] 2 locks held by repro/2091:
[  595.078429]  #0: ffffffff83e1f788 (event_mutex){+.+.}-{3:3}, at: perf_trace_destroy+0x21/0xa0
[  595.078992]  #1: ffffffff83e1be48 (ftrace_lock){+.+.}-{3:3}, at: unregister_ftrace_function+0x2b/0x220
[  595.079593] 1 lock held by repro/2106:
[  595.079870]  #0: ffffffff83e1f788 (event_mutex){+.+.}-{3:3}, at: perf_trace_destroy+0x21/0xa0
[  595.080433] 1 lock held by repro/2111:
[  595.080651]  #0: ffffffff83e1f788 (event_mutex){+.+.}-{3:3}, at: perf_trace_destroy+0x21/0xa0
[  595.081425] 2 locks held by repro/2116:
[  595.081651]  #0: ffffffff85660f98 (&pmus_srcu){....}-{0:0}, at: perf_event_alloc+0x532/0x1c50
[  595.082239]  #1: ffffffff83e1f788 (event_mutex){+.+.}-{3:3}, at: perf_trace_init+0x2c/0x170
[  595.082806] 2 locks held by repro/2122:
[  595.083028]  #0: ffffffff85660f98 (&pmus_srcu){....}-{0:0}, at: perf_event_alloc+0x532/0x1c50
[  595.083599]  #1: ffffffff83e1f788 (event_mutex){+.+.}-{3:3}, at: perf_trace_init+0x2c/0x170
[  595.084156] 2 locks held by repro/2127:
[  595.084377]  #0: ffffffff85660f98 (&pmus_srcu){....}-{0:0}, at: perf_event_alloc+0x532/0x1c50
[  595.085019]  #1: ffffffff83e1f788 (event_mutex){+.+.}-{3:3}, at: perf_trace_init+0x2c/0x170
[  595.085571] 2 locks held by repro/2132:
[  595.085792]  #0: ffffffff85660f98 (&pmus_srcu){....}-{0:0}, at: perf_event_alloc+0x532/0x1c50
[  595.086368]  #1: ffffffff83e1f788 (event_mutex){+.+.}-{3:3}, at: perf_trace_init+0x2c/0x170
[  595.086924] 1 lock held by repro/2134:
[  595.087144] 
[  595.087268] =============================================
[  595.087268] 
[  688.609157] rcu_tasks_wait_gp: rcu_tasks grace period number 1217 (since boot) is 100327 jiffies old.
[  888.289102] INFO: rcu_tasks detected stalls on tasks:
[  888.289419] 00000000b85f1774: .. nvcsw: 1/1 holdout: 1 idle_cpu: -1/1
[  888.289753] task:repro           state:R  running task     stack:0     pid:2134  ppid:552    flags:0x00004004
[  888.290305] Call Trace:
[  888.290469]  <TASK>
[  888.290617]  ? lock_acquire+0x1a1/0x2f0
[  888.290862]  ? __io_get_cqe+0x9/0x170
[  888.291128]  ? preempt_count_add+0x9/0xc0
[  888.291390]  ? io_cq_unlock_post+0x34/0xb0
[  888.291675]  ? _raw_spin_lock+0x1b/0x50
[  888.291917]  ? io_cq_unlock_post+0x9/0xb0
[  888.292157]  ? __io_cqring_overflow_flush+0x210/0x360
[  888.292441]  ? write_comp_data+0x2f/0x90
[  888.292722]  ? io_cqring_wait+0x403/0xba0
[  888.293121]  ? prepare_to_wait_exclusive+0x63/0xa0
[  888.293450]  ? io_cqring_wait+0x707/0xba0
[  888.293778]  ? __pfx_io_wake_function+0x10/0x10
[  888.294234]  ? __x64_sys_io_uring_enter+0x207/0x680
[  888.294719]  ? do_syscall_64+0x3b/0x90
[  888.294971]  ? entry_SYSCALL_64_after_hwframe+0x72/0xdc
[  888.295493]  </TASK>
[ 1488.353192] INFO: rcu_tasks detected stalls on tasks:
[ 1488.353487] 00000000b85f1774: .. nvcsw: 1/1 holdout: 1 idle_cpu: -1/1
[ 1488.353823] task:repro           state:R  running task     stack:0     pid:2134  ppid:552    flags:0x00004004
[ 1488.354366] Call Trace:
[ 1488.354530]  <TASK>
[ 1488.354692]  ? __wake_up_common_lock+0x5/0xd0
[ 1488.354990]  ? io_cq_unlock_post+0x34/0xb0
[ 1488.355234]  __wake_up+0x17/0x20
[ 1488.355455]  ? io_cq_unlock_post+0x8a/0xb0
[ 1488.355713]  ? do_raw_spin_unlock+0x9/0xd0
[ 1488.355953]  ? __io_cqring_overflow_flush+0x33a/0x360
[ 1488.356289]  ? io_cqring_wait+0x403/0xba0
[ 1488.356609]  ? io_cqring_wait+0x9ee/0xba0
[ 1488.357084]  ? __pfx_io_wake_function+0x10/0x10
[ 1488.357479]  ? __x64_sys_io_uring_enter+0x207/0x680
[ 1488.357948]  ? do_syscall_64+0x3b/0x90
[ 1488.358203]  ? entry_SYSCALL_64_after_hwframe+0x72/0xdc
[ 1488.358723]  </TASK>
[ 2088.417237] INFO: rcu_tasks detected stalls on tasks:
[ 2088.417765] 00000000b85f1774: .. nvcsw: 1/1 holdout: 1 idle_cpu: -1/1
[ 2088.418391] task:repro           state:R  running task     stack:0     pid:2134  ppid:552    flags:0x00004004
[ 2088.419373] Call Trace:
[ 2088.419664]  <TASK>
[ 2088.420024]  io_cqring_do_overflow_flush+0x25/0x90
[ 2088.420569]  ? io_cqring_wait+0x6c2/0xba0
[ 2088.421236]  ? __io_cqring_overflow_flush+0x89/0x360
[ 2088.421791]  ? _raw_spin_unlock_irqrestore+0x9/0x70
[ 2088.422227]  ? io_cqring_do_overflow_flush+0x37/0x90
[ 2088.422552]  ? io_cqring_wait+0x9ee/0xba0
[ 2088.422884]  ? __pfx_io_wake_function+0x10/0x10
[ 2088.423283]  ? __x64_sys_io_uring_enter+0x207/0x680
[ 2088.423752]  ? do_syscall_64+0x3b/0x90
[ 2088.424006]  ? entry_SYSCALL_64_after_hwframe+0x72/0xdc
[ 2088.424530]  </TASK>
