c[?7l[2J[0mSeaBIOS (version rel-1.16.0-0-gd239552ce722-prebuilt.qemu.org)


iPXE (http://ipxe.org) 00:03.0 CA00 PCI2.10 PnP PMM+7FF91000+7FEF1000 CA00
Press Ctrl-B to configure iPXE (PCI 00:03.0)...                                                                               


Booting from ROM..c[?7l[2J[    0.000000] Linux version 6.2.0-rc6-cbeb47a7b5f0+ (root@p-adls01) (gcc (GCC) 8.5.0 20210514 (Red Hat 8.5.0-18), GNU ld version 2.36.1-2.el8) #1 SMP PREEMPT_DYNAMIC Sun Mar 19 10:48:04 CST 2023
[    0.000000] Command line: console=ttyS0 root=/dev/sda earlyprintk=serial net.ifnames=0
[    0.000000] KERNEL supported cpus:
[    0.000000]   Intel GenuineIntel
[    0.000000]   AMD AuthenticAMD
[    0.000000]   Hygon HygonGenuine
[    0.000000]   Centaur CentaurHauls
[    0.000000]   zhaoxin   Shanghai  
[    0.000000] x86/fpu: Supporting XSAVE feature 0x001: 'x87 floating point registers'
[    0.000000] x86/fpu: Supporting XSAVE feature 0x002: 'SSE registers'
[    0.000000] x86/fpu: Supporting XSAVE feature 0x004: 'AVX registers'
[    0.000000] x86/fpu: Supporting XSAVE feature 0x200: 'Protection Keys User registers'
[    0.000000] x86/fpu: xstate_offset[2]:  576, xstate_sizes[2]:  256
[    0.000000] x86/fpu: xstate_offset[9]:  832, xstate_sizes[9]:    8
[    0.000000] x86/fpu: Enabled xstate features 0x207, context size is 840 bytes, using 'compacted' format.
[    0.000000] signal: max sigframe size: 3632
[    0.000000] BIOS-provided physical RAM map:
[    0.000000] BIOS-e820: [mem 0x0000000000000000-0x000000000009fbff] usable
[    0.000000] BIOS-e820: [mem 0x000000000009fc00-0x000000000009ffff] reserved
[    0.000000] BIOS-e820: [mem 0x00000000000f0000-0x00000000000fffff] reserved
[    0.000000] BIOS-e820: [mem 0x0000000000100000-0x000000007ffdffff] usable
[    0.000000] BIOS-e820: [mem 0x000000007ffe0000-0x000000007fffffff] reserved
[    0.000000] BIOS-e820: [mem 0x00000000feffc000-0x00000000feffffff] reserved
[    0.000000] BIOS-e820: [mem 0x00000000fffc0000-0x00000000ffffffff] reserved
[    0.000000] printk: bootconsole [earlyser0] enabled
[    0.000000] NX (Execute Disable) protection: active
[    0.000000] SMBIOS 2.8 present.
[    0.000000] DMI: QEMU Standard PC (i440FX + PIIX, 1996), BIOS rel-1.16.0-0-gd239552ce722-prebuilt.qemu.org 04/01/2014
[    0.000000] Hypervisor detected: KVM
[    0.000000] kvm-clock: Using msrs 4b564d01 and 4b564d00
[    0.000003] kvm-clock: using sched offset of 381990737 cycles
[    0.000332] clocksource: kvm-clock: mask: 0xffffffffffffffff max_cycles: 0x1cd42e4dffb, max_idle_ns: 881590591483 ns
[    0.001349] tsc: Detected 3609.600 MHz processor
[    0.007796] last_pfn = 0x7ffe0 max_arch_pfn = 0x400000000
[    0.008171] x86/PAT: Configuration [0-7]: WB  WC  UC- UC  WB  WP  UC- WT  
[    0.016703] found SMP MP-table at [mem 0x000f5ba0-0x000f5baf]
[    0.017234] Using GB pages for direct mapping
[    0.018741] ACPI: Early table checksum verification disabled
[    0.019116] ACPI: RSDP 0x00000000000F59C0 000014 (v00 BOCHS )
[    0.019485] ACPI: RSDT 0x000000007FFE1951 000034 (v01 BOCHS  BXPC     00000001 BXPC 00000001)
[    0.020029] ACPI: FACP 0x000000007FFE17FD 000074 (v01 BOCHS  BXPC     00000001 BXPC 00000001)
[    0.020570] ACPI: DSDT 0x000000007FFE0040 0017BD (v01 BOCHS  BXPC     00000001 BXPC 00000001)
[    0.021103] ACPI: FACS 0x000000007FFE0000 000040
[    0.021399] ACPI: APIC 0x000000007FFE1871 000080 (v01 BOCHS  BXPC     00000001 BXPC 00000001)
[    0.021939] ACPI: HPET 0x000000007FFE18F1 000038 (v01 BOCHS  BXPC     00000001 BXPC 00000001)
[    0.022483] ACPI: WAET 0x000000007FFE1929 000028 (v01 BOCHS  BXPC     00000001 BXPC 00000001)
[    0.023020] ACPI: Reserving FACP table memory at [mem 0x7ffe17fd-0x7ffe1870]
[    0.023449] ACPI: Reserving DSDT table memory at [mem 0x7ffe0040-0x7ffe17fc]
[    0.023877] ACPI: Reserving FACS table memory at [mem 0x7ffe0000-0x7ffe003f]
[    0.024296] ACPI: Reserving APIC table memory at [mem 0x7ffe1871-0x7ffe18f0]
[    0.024716] ACPI: Reserving HPET table memory at [mem 0x7ffe18f1-0x7ffe1928]
[    0.025137] ACPI: Reserving WAET table memory at [mem 0x7ffe1929-0x7ffe1950]
[    0.026090] No NUMA configuration found
[    0.026321] Faking a node at [mem 0x0000000000000000-0x000000007ffdffff]
[    0.026770] NODE_DATA(0) allocated [mem 0x7ffb5000-0x7ffdffff]
[    0.029799] Zone ranges:
[    0.029978]   DMA      [mem 0x0000000000001000-0x0000000000ffffff]
[    0.030359]   DMA32    [mem 0x0000000001000000-0x000000007ffdffff]
[    0.030742]   Normal   empty
[    0.030924]   Device   empty
[    0.031108] Movable zone start for each node
[    0.031375] Early memory node ranges
[    0.031597]   node   0: [mem 0x0000000000001000-0x000000000009efff]
[    0.031985]   node   0: [mem 0x0000000000100000-0x000000007ffdffff]
[    0.032379] Initmem setup node 0 [mem 0x0000000000001000-0x000000007ffdffff]
[    0.033048] On node 0, zone DMA: 1 pages in unavailable ranges
[    0.033151] On node 0, zone DMA: 97 pages in unavailable ranges
[    0.047974] On node 0, zone DMA32: 32 pages in unavailable ranges
[    0.048554] ACPI: PM-Timer IO Port: 0x608
[    0.049205] ACPI: LAPIC_NMI (acpi_id[0xff] dfl dfl lint[0x1])
[    0.049618] IOAPIC[0]: apic_id 0, version 17, address 0xfec00000, GSI 0-23
[    0.050064] ACPI: INT_SRC_OVR (bus 0 bus_irq 0 global_irq 2 dfl dfl)
[    0.050465] ACPI: INT_SRC_OVR (bus 0 bus_irq 5 global_irq 5 high level)
[    0.050882] ACPI: INT_SRC_OVR (bus 0 bus_irq 9 global_irq 9 high level)
[    0.051296] ACPI: INT_SRC_OVR (bus 0 bus_irq 10 global_irq 10 high level)
[    0.051719] ACPI: INT_SRC_OVR (bus 0 bus_irq 11 global_irq 11 high level)
[    0.052156] ACPI: Using ACPI (MADT) for SMP configuration information
[    0.052556] ACPI: HPET id: 0x8086a201 base: 0xfed00000
[    0.052889] TSC deadline timer available
[    0.053136] smpboot: Allowing 2 CPUs, 0 hotplug CPUs
[    0.053510] kvm-guest: KVM setup pv remote TLB flush
[    0.053821] kvm-guest: setup PV sched yield
[    0.054134] PM: hibernation: Registered nosave memory: [mem 0x00000000-0x00000fff]
[    0.054606] PM: hibernation: Registered nosave memory: [mem 0x0009f000-0x0009ffff]
[    0.055076] PM: hibernation: Registered nosave memory: [mem 0x000a0000-0x000effff]
[    0.055544] PM: hibernation: Registered nosave memory: [mem 0x000f0000-0x000fffff]
[    0.056017] [mem 0x80000000-0xfeffbfff] available for PCI devices
[    0.056397] Booting paravirtualized kernel on KVM
[    0.056709] clocksource: refined-jiffies: mask: 0xffffffff max_cycles: 0xffffffff, max_idle_ns: 7645519600211568 ns
[    0.057371] setup_percpu: NR_CPUS:8192 nr_cpumask_bits:2 nr_cpu_ids:2 nr_node_ids:1
[    0.059395] percpu: Embedded 64 pages/cpu s225280 r8192 d28672 u1048576
[    0.059990] kvm-guest: PV spinlocks enabled
[    0.060262] PV qspinlock hash table entries: 256 (order: 0, 4096 bytes, linear)
[    0.060747] Fallback order for Node 0: 0 
[    0.061018] Built 1 zonelists, mobility grouping on.  Total pages: 515808
[    0.061448] Policy zone: DMA32
[    0.061643] Kernel command line: net.ifnames=0 console=ttyS0 root=/dev/sda earlyprintk=serial net.ifnames=0
[    0.062681] random: crng init done
[    0.063905] Dentry cache hash table entries: 262144 (order: 9, 2097152 bytes, linear)
[    0.064822] Inode-cache hash table entries: 131072 (order: 8, 1048576 bytes, linear)
[    0.065445] mem auto-init: stack:off, heap alloc:off, heap free:off
[    0.068680] Memory: 1979228K/2096632K available (34816K kernel code, 4628K rwdata, 10004K rodata, 10176K init, 19776K bss, 117148K reserved, 0K cma-reserved)
[    0.069936] SLUB: HWalign=64, Order=0-3, MinObjects=0, CPUs=2, Nodes=1
[    0.070326] kmemleak: Kernel memory leak detector disabled
[    0.070737] ftrace: allocating 68262 entries in 267 pages
[    0.091893] ftrace: allocated 267 pages with 4 groups
[    0.094768] Dynamic Preempt: voluntary
[    0.095164] Running RCU self tests
[    0.095377] rcu: Preemptible hierarchical RCU implementation.
[    0.095721] rcu: 	RCU lockdep checking is enabled.
[    0.096007] rcu: 	RCU restricting CPUs from NR_CPUS=8192 to nr_cpu_ids=2.
[    0.096414] 	Trampoline variant of Tasks RCU enabled.
[    0.096717] 	Rude variant of Tasks RCU enabled.
[    0.096988] 	Tracing variant of Tasks RCU enabled.
[    0.097275] rcu: RCU calculated value of scheduler-enlistment delay is 25 jiffies.
[    0.097726] rcu: Adjusting geometry for rcu_fanout_leaf=16, nr_cpu_ids=2
[    0.123237] NR_IRQS: 524544, nr_irqs: 440, preallocated irqs: 16
[    0.123900] rcu: srcu_init: Setting srcu_struct sizes based on contention.
[    0.130023] Console: colour VGA+ 80x25
[    0.130308] printk: console [ttyS0] enabled
[    0.130308] printk: console [ttyS0] enabled
[    0.130828] printk: bootconsole [earlyser0] disabled
[    0.130828] printk: bootconsole [earlyser0] disabled
[    0.131441] Lock dependency validator: Copyright (c) 2006 Red Hat, Inc., Ingo Molnar
[    0.131918] ... MAX_LOCKDEP_SUBCLASSES:  8
[    0.132176] ... MAX_LOCK_DEPTH:          48
[    0.132438] ... MAX_LOCKDEP_KEYS:        8192
[    0.132711] ... CLASSHASH_SIZE:          4096
[    0.132984] ... MAX_LOCKDEP_ENTRIES:     32768
[    0.133263] ... MAX_LOCKDEP_CHAINS:      65536
[    0.133542] ... CHAINHASH_SIZE:          32768
[    0.133819]  memory used by lock dependency info: 6365 kB
[    0.134155]  memory used for stack traces: 4224 kB
[    0.134454]  per task-struct memory footprint: 1920 bytes
[    0.134824] ACPI: Core revision 20221020
[    0.135249] clocksource: hpet: mask: 0xffffffff max_cycles: 0xffffffff, max_idle_ns: 19112604467 ns
[    0.135942] APIC: Switch to symmetric I/O mode setup
[    0.136374] x2apic enabled
[    0.136677] Switched APIC routing to physical x2apic.
[    0.136994] kvm-guest: setup PV IPIs
[    0.137898] ..TIMER: vector=0x30 apic1=0 pin1=2 apic2=-1 pin2=-1
[    0.138289] clocksource: tsc-early: mask: 0xffffffffffffffff max_cycles: 0x3407c077a8d, max_idle_ns: 440795342283 ns
[    0.138954] Calibrating delay loop (skipped) preset value.. 7219.20 BogoMIPS (lpj=14438400)
[    0.139472] pid_max: default: 32768 minimum: 301
[    0.139824] LSM: initializing lsm=capability,yama,integrity
[    0.142956] Yama: becoming mindful.
[    0.143319] Mount-cache hash table entries: 4096 (order: 3, 32768 bytes, linear)
[    0.143790] Mountpoint-cache hash table entries: 4096 (order: 3, 32768 bytes, linear)
[    0.145738] x86/cpu: User Mode Instruction Prevention (UMIP) activated
[    0.146497] Last level iTLB entries: 4KB 0, 2MB 0, 4MB 0
[    0.146965] Last level dTLB entries: 4KB 0, 2MB 0, 4MB 0, 1GB 0
[    0.147363] Spectre V1 : Mitigation: usercopy/swapgs barriers and __user pointer sanitization
[    0.147876] Spectre V2 : WARNING: Unprivileged eBPF is enabled with eIBRS on, data leaks possible via Spectre v2 BHB attacks!
[    0.148545] Spectre V2 : Mitigation: Enhanced IBRS
[    0.148827] Spectre V2 : Spectre v2 / SpectreRSB mitigation: Filling RSB on context switch
[    0.149302] Spectre V2 : Spectre v2 / PBRSB-eIBRS: Retire a single CALL on VMEXIT
[    0.149752] Spectre V2 : mitigation: Enabling conditional Indirect Branch Prediction Barrier
[    0.150248] Speculative Store Bypass: Mitigation: Speculative Store Bypass disabled via prctl
[    0.241036] Freeing SMP alternatives memory: 56K
[    0.241658] smpboot: CPU0: 12th Gen Intel(R) Core(TM) i7-12700K (family: 0x6, model: 0x97, stepping: 0x2)
[    0.242598] cblist_init_generic: Setting adjustable number of callback queues.
[    0.242940] cblist_init_generic: Setting shift to 1 and lim to 1.
[    0.242940] cblist_init_generic: Setting shift to 1 and lim to 1.
[    0.242940] cblist_init_generic: Setting shift to 1 and lim to 1.
[    0.242940] Running RCU-tasks wait API self tests
[    0.343089] Performance Events: Alderlake Hybrid events, full-width counters, Intel PMU driver.
[    0.344964] core: cpu_core PMU driver: 
[    0.345427] ... version:                2
[    0.345887] ... bit width:              48
[    0.346354] ... generic registers:      6
[    0.346822] ... value mask:             0000ffffffffffff
[    0.346953] ... max period:             00007fffffffffff
[    0.347556] ... fixed-purpose events:   3
[    0.348014] ... event mask:             0001000f0000003f
[    0.348918] rcu: Hierarchical SRCU implementation.
[    0.349471] rcu: 	Max phase no-delay instances is 1000.
[    0.352033] unchecked MSR access error: WRMSR to 0x38f (tried to write 0x0001000f0000003f) at rIP: 0xffffffff810dc90c (native_write_msr+0xc/0x30)
[    0.353512] Call Trace:
[    0.353803]  <TASK>
[    0.354045]  __intel_pmu_enable_all.constprop.46+0xb5/0x140
[    0.354378]  intel_pmu_enable_all+0x1e/0x30
[    0.354626]  x86_pmu_enable+0x46d/0x5a0
[    0.354854]  ? write_comp_data+0x2f/0x90
[    0.354940]  perf_pmu_enable+0x53/0x70
[    0.354940]  ctx_resched+0x14d/0x1e0
[    0.354940]  __perf_install_in_context+0x2f7/0x450
[    0.354940]  ? __pfx_remote_function+0x10/0x10
[    0.354940]  ? __pfx_remote_function+0x10/0x10
[    0.354940]  remote_function+0x80/0xa0
[    0.354940]  ? __pfx_remote_function+0x10/0x10
[    0.354940]  generic_exec_single+0x124/0x190
[    0.354940]  smp_call_function_single+0x11c/0x240
[    0.354940]  ? __pfx_remote_function+0x10/0x10
[    0.354940]  ? __sanitizer_cov_trace_pc+0x25/0x60
[    0.354940]  ? write_comp_data+0x2f/0x90
[    0.354940]  perf_install_in_context+0x2d8/0x300
[    0.354940]  ? __pfx___perf_install_in_context+0x10/0x10
[    0.354940]  perf_event_create_kernel_counter+0x284/0x2b0
[    0.354940]  ? __pfx_watchdog_overflow_callback+0x10/0x10
[    0.354940]  hardlockup_detector_event_create+0x46/0xd0
[    0.354940]  hardlockup_detector_perf_init+0x18/0x66
[    0.354940]  watchdog_nmi_probe+0x17/0x1d
[    0.354940]  lockup_detector_init+0x40/0xaf
[    0.354940]  kernel_init_freeable+0x264/0x422
[    0.354940]  ? __pfx_kernel_init+0x10/0x10
[    0.354940]  kernel_init+0x24/0x1e0
[    0.354940]  ? __pfx_kernel_init+0x10/0x10
[    0.354940]  ret_from_fork+0x29/0x50
[    0.354940]  </TASK>
[    0.354975] Callback from call_rcu_tasks_trace() invoked.
[    0.355500] smp: Bringing up secondary CPUs ...
[    0.356161] x86: Booting SMP configuration:
[    0.356416] .... node  #0, CPUs:      #1
[    0.356845] smp: Brought up 1 node, 2 CPUs
[    0.356845] smpboot: Max logical packages: 1
[    0.356845] smpboot: Total of 2 processors activated (14438.40 BogoMIPS)
[    0.360439] devtmpfs: initialized
[    0.360439] x86/mm: Memory block size: 128MB
[    0.363907] clocksource: jiffies: mask: 0xffffffff max_cycles: 0xffffffff, max_idle_ns: 7645041785100000 ns
[    0.363907] futex hash table entries: 512 (order: 4, 65536 bytes, linear)
[    0.364498] pinctrl core: initialized pinctrl subsystem
[    0.365250] 
[    0.365349] *************************************************************
[    0.365758] **     NOTICE NOTICE NOTICE NOTICE NOTICE NOTICE NOTICE    **
[    0.366954] **                                                         **
[    0.367357] **  IOMMU DebugFS SUPPORT HAS BEEN ENABLED IN THIS KERNEL  **
[    0.367759] **                                                         **
[    0.368161] ** This means that this kernel is built to expose internal **
[    0.368562] ** IOMMU data structures, which may compromise security on **
[    0.368965] ** your system.                                            **
[    0.369367] **                                                         **
[    0.369768] ** If you see this message and you are not debugging the   **
[    0.370170] ** kernel, report this immediately to your vendor!         **
[    0.370575] **                                                         **
[    0.370944] **     NOTICE NOTICE NOTICE NOTICE NOTICE NOTICE NOTICE    **
[    0.371347] *************************************************************
[    0.371787] PM: RTC time: 02:48:42, date: 2023-03-19
[    0.374468] NET: Registered PF_NETLINK/PF_ROUTE protocol family
[    0.375310] DMA: preallocated 256 KiB GFP_KERNEL pool for atomic allocations
[    0.375736] DMA: preallocated 256 KiB GFP_KERNEL|GFP_DMA pool for atomic allocations
[    0.376198] DMA: preallocated 256 KiB GFP_KERNEL|GFP_DMA32 pool for atomic allocations
[    0.376695] audit: initializing netlink subsys (disabled)
[    0.377086] audit: type=2000 audit(1679194123.486:1): state=initialized audit_enabled=0 res=1
[    0.377086] thermal_sys: Registered thermal governor 'fair_share'
[    0.377086] thermal_sys: Registered thermal governor 'bang_bang'
[    0.377086] thermal_sys: Registered thermal governor 'step_wise'
[    0.377086] thermal_sys: Registered thermal governor 'user_space'
[    0.377086] cpuidle: using governor ladder
[    0.379194] cpuidle: using governor menu
[    0.379653] acpiphp: ACPI Hot Plug PCI Controller Driver version: 0.5
[    0.380282] PCI: Using configuration type 1 for base access
[    0.381317] kprobes: kprobe jump-optimization is enabled. All kprobes are optimized if possible.
[    0.549034] HugeTLB: registered 1.00 GiB page size, pre-allocated 0 pages
[    0.549462] HugeTLB: 16380 KiB vmemmap can be freed for a 1.00 GiB page
[    0.549858] HugeTLB: registered 2.00 MiB page size, pre-allocated 0 pages
[    0.550267] HugeTLB: 28 KiB vmemmap can be freed for a 2.00 MiB page
[    0.553191] ACPI: Added _OSI(Module Device)
[    0.553465] ACPI: Added _OSI(Processor Device)
[    0.553734] ACPI: Added _OSI(3.0 _SCP Extensions)
[    0.554022] ACPI: Added _OSI(Processor Aggregator Device)
[    0.558767] ACPI: 1 ACPI AML tables successfully acquired and loaded
[    0.561494] ACPI: Interpreter enabled
[    0.561804] ACPI: PM: (supports S0 S3 S4 S5)
[    0.562064] ACPI: Using IOAPIC for interrupt routing
[    0.562395] PCI: Using host bridge windows from ACPI; if necessary, use "pci=nocrs" and report a bug
[    0.562934] PCI: Using E820 reservations for host bridge windows
[    0.563479] ACPI: Enabled 2 GPEs in block 00 to 0F
[    0.576726] ACPI: PCI Root Bridge [PCI0] (domain 0000 [bus 00-ff])
[    0.577132] acpi PNP0A03:00: _OSC: OS supports [ASPM ClockPM Segments MSI EDR HPX-Type3]
[    0.577622] acpi PNP0A03:00: _OSC: not requesting OS control; OS requires [ExtendedConfig ASPM ClockPM MSI]
[    0.578245] acpi PNP0A03:00: fail to add MMCONFIG information, can't access extended configuration space under this bridge
[    0.580728] acpiphp: Slot [3] registered
[    0.581017] acpiphp: Slot [4] registered
[    0.581306] acpiphp: Slot [5] registered
[    0.581596] acpiphp: Slot [6] registered
[    0.581883] acpiphp: Slot [7] registered
[    0.582169] acpiphp: Slot [8] registered
[    0.582456] acpiphp: Slot [9] registered
[    0.582742] acpiphp: Slot [10] registered
[    0.582994] acpiphp: Slot [11] registered
[    0.583288] acpiphp: Slot [12] registered
[    0.583578] acpiphp: Slot [13] registered
[    0.583869] acpiphp: Slot [14] registered
[    0.584161] acpiphp: Slot [15] registered
[    0.584452] acpiphp: Slot [16] registered
[    0.584743] acpiphp: Slot [17] registered
[    0.585037] acpiphp: Slot [18] registered
[    0.585330] acpiphp: Slot [19] registered
[    0.585621] acpiphp: Slot [20] registered
[    0.585911] acpiphp: Slot [21] registered
[    0.586201] acpiphp: Slot [22] registered
[    0.586492] acpiphp: Slot [23] registered
[    0.586786] acpiphp: Slot [24] registered
[    0.586994] acpiphp: Slot [25] registered
[    0.587285] acpiphp: Slot [26] registered
[    0.587576] acpiphp: Slot [27] registered
[    0.587873] acpiphp: Slot [28] registered
[    0.588164] acpiphp: Slot [29] registered
[    0.588461] acpiphp: Slot [30] registered
[    0.588752] acpiphp: Slot [31] registered
[    0.589011] PCI host bridge to bus 0000:00
[    0.589264] pci_bus 0000:00: root bus resource [io  0x0000-0x0cf7 window]
[    0.589673] pci_bus 0000:00: root bus resource [io  0x0d00-0xffff window]
[    0.590080] pci_bus 0000:00: root bus resource [mem 0x000a0000-0x000bffff window]
[    0.590526] pci_bus 0000:00: root bus resource [mem 0x80000000-0xfebfffff window]
[    0.590946] pci_bus 0000:00: root bus resource [mem 0x100000000-0x17fffffff window]
[    0.591402] pci_bus 0000:00: root bus resource [bus 00-ff]
[    0.591812] pci 0000:00:00.0: [8086:1237] type 00 class 0x060000
[    0.594520] pci 0000:00:01.0: [8086:7000] type 00 class 0x060100
[    0.595432] pci 0000:00:01.1: [8086:7010] type 00 class 0x010180
[    0.596764] pci 0000:00:01.1: reg 0x20: [io  0xc040-0xc04f]
[    0.597543] pci 0000:00:01.1: legacy IDE quirk: reg 0x10: [io  0x01f0-0x01f7]
[    0.597970] pci 0000:00:01.1: legacy IDE quirk: reg 0x14: [io  0x03f6]
[    0.598359] pci 0000:00:01.1: legacy IDE quirk: reg 0x18: [io  0x0170-0x0177]
[    0.598782] pci 0000:00:01.1: legacy IDE quirk: reg 0x1c: [io  0x0376]
[    0.599153] pci 0000:00:01.3: [8086:7113] type 00 class 0x068000
[    0.599936] pci 0000:00:01.3: quirk: [io  0x0600-0x063f] claimed by PIIX4 ACPI
[    0.600383] pci 0000:00:01.3: quirk: [io  0x0700-0x070f] claimed by PIIX4 SMB
[    0.601053] pci 0000:00:02.0: [1234:1111] type 00 class 0x030000
[    0.603155] pci 0000:00:02.0: reg 0x10: [mem 0xfd000000-0xfdffffff pref]
[    0.604890] pci 0000:00:02.0: reg 0x18: [mem 0xfebf0000-0xfebf0fff]
[    0.607915] pci 0000:00:02.0: reg 0x30: [mem 0xfebe0000-0xfebeffff pref]
[    0.608505] pci 0000:00:02.0: Video device with shadowed ROM at [mem 0x000c0000-0x000dffff]
[    0.611487] pci 0000:00:03.0: [8086:100e] type 00 class 0x020000
[    0.612230] pci 0000:00:03.0: reg 0x10: [mem 0xfebc0000-0xfebdffff]
[    0.612933] pci 0000:00:03.0: reg 0x14: [io  0xc000-0xc03f]
[    0.614861] pci 0000:00:03.0: reg 0x30: [mem 0xfeb80000-0xfebbffff pref]
[    0.622752] ACPI: PCI: Interrupt link LNKA configured for IRQ 10
[    0.623232] ACPI: PCI: Interrupt link LNKB configured for IRQ 10
[    0.623877] ACPI: PCI: Interrupt link LNKC configured for IRQ 11
[    0.624515] ACPI: PCI: Interrupt link LNKD configured for IRQ 11
[    0.625009] ACPI: PCI: Interrupt link LNKS configured for IRQ 9
[    0.626485] iommu: Default domain type: Translated 
[    0.626793] iommu: DMA domain TLB invalidation policy: lazy mode 
[    0.627823] SCSI subsystem initialized
[    0.628294] ACPI: bus type USB registered
[    0.628581] usbcore: registered new interface driver usbfs
[    0.628936] usbcore: registered new interface driver hub
[    0.629294] usbcore: registered new device driver usb
[    0.629697] pps_core: LinuxPPS API ver. 1 registered
[    0.629997] pps_core: Software ver. 5.3.6 - Copyright 2005-2007 Rodolfo Giometti <giometti@linux.it>
[    0.630542] PTP clock support registered
[    0.630913] EDAC MC: Ver: 3.0.0
[    0.632249] NetLabel: Initializing
[    0.632468] NetLabel:  domain hash size = 128
[    0.632732] NetLabel:  protocols = UNLABELED CIPSOv4 CALIPSO
[    0.633118] NetLabel:  unlabeled traffic allowed by default
[    0.633758] PCI: Using ACPI for IRQ routing
[    0.634194] pci 0000:00:02.0: vgaarb: setting as boot VGA device
[    0.634568] pci 0000:00:02.0: vgaarb: bridge control possible
[    0.634911] pci 0000:00:02.0: vgaarb: VGA device added: decodes=io+mem,owns=io+mem,locks=none
[    0.634946] vgaarb: loaded
[    0.639470] hpet0: at MMIO 0xfed00000, IRQs 2, 8, 0
[    0.639814] hpet0: 3 comparators, 64-bit 100.000000 MHz counter
[    2.476766] clocksource: Switched to clocksource kvm-clock
[    2.477153] Callback from call_rcu_tasks_rude() invoked.
[    2.583040] Callback from call_rcu_tasks() invoked.
[    2.605319] VFS: Disk quotas dquot_6.6.0
[    2.605595] VFS: Dquot-cache hash table entries: 512 (order 0, 4096 bytes)
[    2.606215] pnp: PnP ACPI init
[    2.607850] pnp: PnP ACPI: found 6 devices
[    2.617351] clocksource: acpi_pm: mask: 0xffffff max_cycles: 0xffffff, max_idle_ns: 2085701024 ns
[    2.618183] NET: Registered PF_INET protocol family
[    2.618638] IP idents hash table entries: 32768 (order: 6, 262144 bytes, linear)
[    2.619796] tcp_listen_portaddr_hash hash table entries: 1024 (order: 4, 73728 bytes, linear)
[    2.620347] Table-perturb hash table entries: 65536 (order: 6, 262144 bytes, linear)
[    2.620859] TCP established hash table entries: 16384 (order: 5, 131072 bytes, linear)
[    2.621514] TCP bind hash table entries: 16384 (order: 9, 2359296 bytes, linear)
[    2.623398] TCP: Hash tables configured (established 16384 bind 16384)
[    2.623908] UDP hash table entries: 1024 (order: 5, 163840 bytes, linear)
[    2.624396] UDP-Lite hash table entries: 1024 (order: 5, 163840 bytes, linear)
[    2.624991] NET: Registered PF_UNIX/PF_LOCAL protocol family
[    2.626062] RPC: Registered named UNIX socket transport module.
[    2.626753] RPC: Registered udp transport module.
[    2.627307] RPC: Registered tcp transport module.
[    2.627833] RPC: Registered tcp NFSv4.1 backchannel transport module.
[    2.628572] pci_bus 0000:00: resource 4 [io  0x0000-0x0cf7 window]
[    2.629086] pci_bus 0000:00: resource 5 [io  0x0d00-0xffff window]
[    2.629459] pci_bus 0000:00: resource 6 [mem 0x000a0000-0x000bffff window]
[    2.629869] pci_bus 0000:00: resource 7 [mem 0x80000000-0xfebfffff window]
[    2.630277] pci_bus 0000:00: resource 8 [mem 0x100000000-0x17fffffff window]
[    2.630887] pci 0000:00:01.0: PIIX3: Enabling Passive Release
[    2.631251] pci 0000:00:00.0: Limiting direct PCI/PCI transfers
[    2.631669] PCI: CLS 0 bytes, default 64
[    2.631951] ACPI: bus type thunderbolt registered
[    2.632496] clocksource: tsc: mask: 0xffffffffffffffff max_cycles: 0x3407c077a8d, max_idle_ns: 440795342283 ns
[    2.635491] Initialise system trusted keyrings
[    2.635837] Key type blacklist registered
[    2.636198] workingset: timestamp_bits=36 max_order=19 bucket_order=0
[    2.636631] zbud: loaded
[    2.637316] squashfs: version 4.0 (2009/01/31) Phillip Lougher
[    2.638123] NFS: Registering the id_resolver key type
[    2.638438] Key type id_resolver registered
[    2.638692] Key type id_legacy registered
[    2.638973] nfs4filelayout_init: NFSv4 File Layout Driver Registering...
[    2.639390] nfs4flexfilelayout_init: NFSv4 Flexfile Layout Driver Registering...
[    2.639922] fuse: init (API version 7.38)
[    2.640269] SGI XFS with ACLs, security attributes, realtime, quota, no debug enabled
[    2.641093] 9p: Installing v9fs 9p2000 file system support
[    2.646670] Key type asymmetric registered
[    2.646965] Asymmetric key parser 'x509' registered
[    2.647323] Block layer SCSI generic (bsg) driver version 0.4 loaded (major 243)
[    2.647890] io scheduler mq-deadline registered
[    2.648222] io scheduler bfq registered
[    2.648815] shpchp: Standard Hot Plug PCI Controller Driver version: 0.4
[    2.649628] IPMI message handler: version 39.2
[    2.649969] ipmi device interface
[    2.651427] input: Power Button as /devices/LNXSYSTM:00/LNXPWRBN:00/input/input0
[    2.652070] ACPI: button: Power Button [PWRF]
[    2.653182] ERST DBG: ERST support is disabled.
[    2.654014] Serial: 8250/16550 driver, 32 ports, IRQ sharing enabled
[    2.654883] 00:04: ttyS0 at I/O 0x3f8 (irq = 4, base_baud = 115200) is a 16550A
[    2.663655] Linux agpgart interface v0.103
[    2.664999] ACPI: bus type drm_connector registered
[    2.680668] brd: module loaded
[    2.689582] loop: module loaded
[    2.692819] scsi host0: ata_piix
[    2.693459] scsi host1: ata_piix
[    2.693795] ata1: PATA max MWDMA2 cmd 0x1f0 ctl 0x3f6 bmdma 0xc040 irq 14
[    2.694200] ata2: PATA max MWDMA2 cmd 0x170 ctl 0x376 bmdma 0xc048 irq 15
[    2.695389] tun: Universal TUN/TAP device driver, 1.6
[    2.695877] e100: Intel(R) PRO/100 Network Driver
[    2.696160] e100: Copyright(c) 1999-2006 Intel Corporation
[    2.696512] e1000: Intel(R) PRO/1000 Network Driver
[    2.696803] e1000: Copyright (c) 1999-2006 Intel Corporation.
[    2.847281] ACPI: \_SB_.LNKC: Enabled at IRQ 11
[    2.855054] ata2: found unknown device (class 0)
[    2.855567] ata1: found unknown device (class 0)
[    2.856336] ata2.00: ATAPI: QEMU DVD-ROM, 2.5+, max UDMA/100
[    2.856810] ata1.00: ATA-7: QEMU HARDDISK, 2.5+, max UDMA/100
[    2.857173] ata1.00: 16777216 sectors, multi 16: LBA48 
[    2.858448] scsi 0:0:0:0: Direct-Access     ATA      QEMU HARDDISK    2.5+ PQ: 0 ANSI: 5
[    2.859805] sd 0:0:0:0: Attached scsi generic sg0 type 0
[    2.860048] sd 0:0:0:0: [sda] 16777216 512-byte logical blocks: (8.59 GB/8.00 GiB)
[    2.860577] scsi 1:0:0:0: CD-ROM            QEMU     QEMU DVD-ROM     2.5+ PQ: 0 ANSI: 5
[    2.860655] sd 0:0:0:0: [sda] Write Protect is off
[    2.861460] sd 0:0:0:0: [sda] Write cache: enabled, read cache: enabled, doesn't support DPO or FUA
[    2.862064] sd 0:0:0:0: [sda] Preferred minimum I/O size 512 bytes
[    2.895541] scsi 1:0:0:0: Attached scsi generic sg1 type 5
[    2.903457] sd 0:0:0:0: [sda] Attached SCSI disk
[    3.173396] e1000 0000:00:03.0 eth0: (PCI:33MHz:32-bit) 52:54:00:12:34:56
[    3.173850] e1000 0000:00:03.0 eth0: Intel(R) PRO/1000 Network Connection
[    3.174329] e1000e: Intel(R) PRO/1000 Network Driver
[    3.174628] e1000e: Copyright(c) 1999 - 2015 Intel Corporation.
[    3.175036] igb: Intel(R) Gigabit Ethernet Network Driver
[    3.175359] igb: Copyright (c) 2007-2014 Intel Corporation.
[    3.175758] PPP generic driver version 2.4.2
[    3.176553] VFIO - User Level meta-driver version: 0.3
[    3.177456] usbcore: registered new interface driver uas
[    3.177806] usbcore: registered new interface driver usb-storage
[    3.178275] i8042: PNP: PS/2 Controller [PNP0303:KBD,PNP0f13:MOU] at 0x60,0x64 irq 1,12
[    3.179306] serio: i8042 KBD port at 0x60,0x64 irq 1
[    3.179633] serio: i8042 AUX port at 0x60,0x64 irq 12
[    3.180529] mousedev: PS/2 mouse device common for all mice
[    3.181533] input: AT Translated Set 2 keyboard as /devices/platform/i8042/serio0/input/input1
[    3.182751] input: VirtualPS/2 VMware VMMouse as /devices/platform/i8042/serio1/input/input4
[    3.183083] rtc_cmos 00:05: RTC can wake from S4
[    3.183708] input: VirtualPS/2 VMware VMMouse as /devices/platform/i8042/serio1/input/input3
[    3.184572] rtc_cmos 00:05: registered as rtc0
[    3.184903] rtc_cmos 00:05: setting system clock to 2023-03-19T02:48:45 UTC (1679194125)
[    3.185542] rtc_cmos 00:05: alarms up to one day, y3k, 242 bytes nvram, hpet irqs
[    3.186015] i2c_dev: i2c /dev entries driver
[    3.186320] device-mapper: core: CONFIG_IMA_DISABLE_HTABLE is disabled. Duplicate IMA measurements will not be recorded in the IMA log.
[    3.187073] device-mapper: uevent: version 1.0.3
[    3.187513] device-mapper: ioctl: 4.47.0-ioctl (2022-07-28) initialised: dm-devel@redhat.com
[    3.188026] intel_pstate: CPU model not supported
[    3.188378] sdhci: Secure Digital Host Controller Interface driver
[    3.188746] sdhci: Copyright(c) Pierre Ossman
[    3.189065] sdhci-pltfm: SDHCI platform and OF driver helper
[    3.189529] ledtrig-cpu: registered to indicate activity on CPUs
[    3.190169] drop_monitor: Initializing network drop monitor service
[    3.190703] NET: Registered PF_INET6 protocol family
[    3.192874] Segment Routing with IPv6
[    3.193128] In-situ OAM (IOAM) with IPv6
[    3.193405] NET: Registered PF_PACKET protocol family
[    3.193855] 9pnet: Installing 9P2000 support
[    3.194154] Key type dns_resolver registered
[    3.195000] IPI shorthand broadcast: enabled
[    3.206557] sched_clock: Marking stable (3192323324, 10622133)->(3240822348, -37876891)
[    3.208088] registered taskstats version 1
[    3.208556] Loading compiled-in X.509 certificates
[    3.209037] zswap: loaded using pool lzo/zbud
[    3.221891] Key type .fscrypt registered
[    3.222146] Key type fscrypt-provisioning registered
[    3.223256] Key type encrypted registered
[    3.223534] ima: No TPM chip found, activating TPM-bypass!
[    3.223869] ima: Allocated hash algorithm: sha1
[    3.224167] ima: No architecture policies found
[    3.224485] evm: Initialising EVM extended attributes:
[    3.224790] evm: security.selinux
[    3.225001] evm: security.SMACK64
[    3.225203] evm: security.SMACK64EXEC
[    3.225423] evm: security.SMACK64TRANSMUTE
[    3.225669] evm: security.SMACK64MMAP
[    3.225890] evm: security.apparmor
[    3.226095] evm: security.ima
[    3.226278] evm: security.capability
[    3.226494] evm: HMAC attrs: 0x1
[    3.227732] PM:   Magic number: 15:405:814
[    3.228324] RAS: Correctable Errors collector initialized.
[    3.229164] md: Waiting for all devices to be available before autodetect
[    3.229440] md: If you don't use raid, use raid=noautodetect
[    3.229672] md: Autodetecting RAID arrays.
[    3.229845] md: autorun ...
[    3.229963] md: ... autorun DONE.
[    3.233638] EXT4-fs (sda): INFO: recovery required on readonly filesystem
[    3.233937] EXT4-fs (sda): write access will be enabled during recovery
[    3.282293] EXT4-fs (sda): recovery complete
[    3.288448] EXT4-fs (sda): mounted filesystem 23a53bb9-f815-47a5-b74c-5e08f7731193 with ordered data mode. Quota mode: none.
[    3.288961] VFS: Mounted root (ext4 filesystem) readonly on device 8:0.
[    3.289758] devtmpfs: mounted
[    3.297113] Freeing unused decrypted memory: 2036K
[    3.300867] Freeing unused kernel image (initmem) memory: 10176K
[    3.301192] Write protecting the kernel read-only data: 45056k
[    3.302382] Freeing unused kernel image (rodata/data gap) memory: 236K
[    3.373610] x86/mm: Checked W+X mappings: passed, no W+X pages found.
[    3.373938] Run /sbin/init as init process
[    3.453452] systemd[1]: RTC configured in localtime, applying delta of 0 minutes to system time.
[    3.477562] systemd[1]: systemd 239 (239-49.el8) running in system mode. (+PAM +AUDIT +SELINUX +IMA -APPARMOR +SMACK +SYSVINIT +UTMP +LIBCRYPTSETUP +GCRYPT +GNUTLS +ACL +XZ +LZ4 +SECCOMP +BLKID +ELFUTILS +KMOD +IDN2 -IDN +PCRE2 default-hierarchy=legacy)
[    3.479511] systemd[1]: Detected virtualization kvm.
[    3.479915] systemd[1]: Detected architecture x86-64.

Welcome to [0;31mCentOS Stream 8[0m!

[    3.533509] systemd[1]: Set hostname to <test>.
[    3.800645] systemd[1]: Listening on Journal Socket.
[[0;32m  OK  [0m] Listening on Journal Socket.
[    3.806668] systemd[1]: Listening on Process Core Dump Socket.
[[0;32m  OK  [0m] Listening on Process Core Dump Socket.
[    3.807922] systemd[1]: Reached target Swap.
[[0;32m  OK  [0m] Reached target Swap.
[    3.808717] systemd[1]: Started Forward Password Requests to Wall Directory Watch.
[[0;32m  OK  [0m] Started Forward Password Requests to Wall Directory Watch.
[    3.831193] systemd[1]: Mounting Huge Pages File System...
         Mounting Huge Pages File System...
[    3.837273] systemd[1]: Starting Load Kernel Modules...
         Starting Load Kernel Modules...
[[0;32m  OK  [0m] Listening on initctl Compatibility Named Pipe.
[[0;32m  OK  [0m] Listening on multipathd control socket.
[[0;32m  OK  [0m] Created slice User and Session Slice.
[[0;32m  OK  [0m] Created slice system-sshd\x2dkeygen.slice.
[[0;32m  OK  [0m] Created slice system-getty.slice.
[[0;32m  OK  [0m] Listening on RPCbind Server Activation Socket.
[[0;32m  OK  [0m] Reached target RPC Port Mapper.
[[0;32m  OK  [0m] Listening on udev Kernel Socket.
         Mounting POSIX Message Queue File System...
[[0;32m  OK  [0m] Listening on Device-mapper event daemon FIFOs.
[[0;32m  OK  [0m] Created slice system-serial\x2dgetty.slice.
[[0;32m  OK  [0m] Reached target Slices.
         Starting Monitoring of LVM2 mirrorsâ€¦ng dmeventd or progress polling...
[[0;32m  OK  [0m] Listening on LVM2 poll daemon socket.
[[0;32m  OK  [0m] Listening on udev Control Socket.
         Starting udev Coldplug all Devices...
[[0;32m  OK  [0m] Set up automount Arbitrary Executabâ€¦rmats File System Automount Point.
         Starting Remount Root and Kernel File Systems...
         Mounting Kernel Debug File System...
         Starting Setup Virtual Console...
[[0;32m  OK  [0m] Listening on Journal Socket (/dev/log).
         Starting Journal Service...
[[0;32m  OK  [0m] Mounted Huge Pages File System.
[[0;1;31mFAILED[0m] Failed to start Load Kernel Modules.
See 'systemctl status systemd-modules-load.service' for details.
[[0;32m  OK  [0m] Mounted POSIX Message Queue File System.
[[0;32m  OK  [0m] Mounted Kernel Debug File System.
         Starting Apply Kernel Variables...
         Mounting Kernel Configuration File System...
         Mounting FUSE Control File System...
[[0;32m  OK  [0m] Started Apply Kernel Variables.
[[0;32m  OK  [0m] Mounted Kernel Configuration File System.
[[0;32m  OK  [0m] Mounted FUSE Control File System.
[[0;32m  OK  [0m] Started Journal Service.
[    4.158988] EXT4-fs (sda): re-mounted 23a53bb9-f815-47a5-b74c-5e08f7731193. Quota mode: none.
[[0;32m  OK  [0m] Started Remount Root and Kernel File Systems.
         Starting Flush Journal to Persistent Storage...
         Starting Load/Save Random Seed...
         Starting Create Static Device Nodes in /dev...
[[0;32m  OK  [0m] Started Setup Virtual Console.
[[0;32m  OK  [0m] Started Load/Save Random Seed.
[[0;32m  OK  [0m] Started Flush Journal to Persistent Storage.
[[0;32m  OK  [0m] Started Create Static Device Nodes in /dev.
         Starting udev Kernel Device Manager...
[[0;32m  OK  [0m] Started udev Coldplug all Devices.
         Starting udev Wait for Complete Device Initialization...
[[0;32m  OK  [0m] Started udev Kernel Device Manager.
         Starting Show Plymouth Boot Screen...
[[0;32m  OK  [0m] Started Show Plymouth Boot Screen.
[[0;32m  OK  [0m] Reached target Paths.
[[0;32m  OK  [0m] Reached target Local Encrypted Volumes.
[[0;32m  OK  [0m] Started Forward Password Requests to Plymouth Directory Watch.
[[0;32m  OK  [0m] Found device /dev/ttyS0.
[[0;32m  OK  [0m] Started Monitoring of LVM2 mirrors,â€¦sing dmeventd or progress polling.
[[0;32m  OK  [0m] Started udev Wait for Complete Device Initialization.
[[0;32m  OK  [0m] Reached target Local File Systems (Pre).
[[0;32m  OK  [0m] Reached target Local File Systems.
         Starting Restore /run/initramfs on shutdown...
         Starting Create Volatile Files and Directories...
         Starting Tell Plymouth To Write Out Runtime Data...
[[0;32m  OK  [0m] Listening on Load/Save RF Kill Switch Status /dev/rfkill Watch.
[[0;32m  OK  [0m] Started Restore /run/initramfs on shutdown.
[[0;32m  OK  [0m] Started Tell Plymouth To Write Out Runtime Data.
[[0;32m  OK  [0m] Started Create Volatile Files and Directories.
         Starting Security Auditing Service...
         Mounting RPC Pipe File System...
         Starting RPC Bind...
[[0;32m  OK  [0m] Mounted RPC Pipe File System.
[[0;32m  OK  [0m] Reached target rpc_pipefs.target.
[[0;32m  OK  [0m] Started RPC Bind.
[[0;32m  OK  [0m] Started Security Auditing Service.
         Starting Update UTMP about System Boot/Shutdown...
[[0;32m  OK  [0m] Started Update UTMP about System Boot/Shutdown.
[[0;32m  OK  [0m] Reached target System Initialization.
[[0;32m  OK  [0m] Started daily update of the root trust anchor for DNSSEC.
[[0;32m  OK  [0m] Started dnf makecache --timer.
[[0;32m  OK  [0m] Listening on SSSD Kerberos Cache Manager responder socket.
[[0;32m  OK  [0m] Started Daily Cleanup of Temporary Directories.
[[0;32m  OK  [0m] Reached target Timers.
[[0;32m  OK  [0m] Listening on D-Bus System Message Bus Socket.
[[0;32m  OK  [0m] Reached target Sockets.
[[0;32m  OK  [0m] Reached target Basic System.
[[0;32m  OK  [0m] Started Machine Check Exception Logging Daemon.
         Starting Auto-connect to subsystemsâ€¦-NVME devices found during boot...
[[0;32m  OK  [0m] Started irqbalance daemon.
[[0;32m  OK  [0m] Reached target sshd-keygen.target.
         Starting Self Monitoring and Reporting Technology (SMART) Daemon...
         Starting Authorization Manager...
[[0;32m  OK  [0m] Started D-Bus System Message Bus.
         Starting Network Manager...
         Starting Login Service...
         Starting NTP client/server...
[[0;32m  OK  [0m] Started Auto-connect to subsystems â€¦FC-NVME devices found during boot.
         Starting update of the root trust aâ€¦or DNSSEC validation in unbound...
[[0;32m  OK  [0m] Started Login Service.
[[0;32m  OK  [0m] Started Self Monitoring and Reporting Technology (SMART) Daemon.
[[0;32m  OK  [0m] Started Network Manager.
[[0;32m  OK  [0m] Reached target Network.
         Starting OpenSSH server daemon...
         Starting GSSAPI Proxy Daemon...
         Starting Dynamic System Tuning Daemon...
         Starting Network Manager Wait Online...
[[0;32m  OK  [0m] Started update of the root trust anâ€¦ for DNSSEC validation in unbound.
[[0;32m  OK  [0m] Started NTP client/server.
[[0;32m  OK  [0m] Started GSSAPI Proxy Daemon.
[[0;32m  OK  [0m] Started Authorization Manager.
         Starting Hostname Service...
[[0;32m  OK  [0m] Reached target NFS client services.
[[0;32m  OK  [0m] Reached target Remote File Systems (Pre).
[[0;32m  OK  [0m] Reached target Remote File Systems.
         Starting Permit User Sessions...
[[0;32m  OK  [0m] Started OpenSSH server daemon.
[[0;32m  OK  [0m] Started Permit User Sessions.
         Starting Terminate Plymouth Boot Screen...
[[0;32m  OK  [0m] Started Command Scheduler.
[[0;32m  OK  [0m] Started Terminate Plymouth Boot Screen.
[[0;32m  OK  [0m] Started Hold until boot process finishes up.
[    5.751068] e1000: eth0 NIC Link is Up 1000 Mbps Full Duplex, Flow Control: RX
[    5.751792] IPv6: ADDRCONF(NETDEV_CHANGE): eth0: link becomes ready
[    5.915283] Spectre V2 : WARNING: Unprivileged eBPF is enabled with eIBRS on, data leaks possible via Spectre v2 BHB attacks!
[    5.915809] Spectre V2 : WARNING: Unprivileged eBPF is enabled with eIBRS on, data leaks possible via Spectre v2 BHB attacks!

CentOS Stream 8
Kernel 6.2.0-rc6-cbeb47a7b5f0+ on an x86_64

test login: [   30.373892] hrtimer: interrupt took 18257721 ns
[  197.735358] rcu_tasks_wait_gp: rcu_tasks grace period number 817 (since boot) is 2581 jiffies old.
[  227.879289] rcu_tasks_wait_gp: rcu_tasks grace period number 817 (since boot) is 10117 jiffies old.
[  318.375316] rcu_tasks_wait_gp: rcu_tasks grace period number 817 (since boot) is 32741 jiffies old.
[  447.591377] INFO: task repro:1597 blocked for more than 147 seconds.
[  447.591808]       Not tainted 6.2.0-rc6-cbeb47a7b5f0+ #1
[  447.592130] "echo 0 > /proc/sys/kernel/hung_task_timeout_secs" disables this message.
[  447.592560] task:repro           state:D stack:0     pid:1597  ppid:543    flags:0x00004002
[  447.593070] Call Trace:
[  447.593266]  <TASK>
[  447.593548]  __schedule+0x385/0xb00
[  447.594057]  schedule+0x5b/0xe0
[  447.594335]  schedule_preempt_disabled+0x1c/0x30
[  447.594663]  __mutex_lock+0x880/0xf30
[  447.595211]  ? perf_trace_destroy+0x21/0xa0
[  447.595519]  ? perf_trace_destroy+0x21/0xa0
[  447.595952]  ? __pfx_tp_perf_event_destroy+0x10/0x10
[  447.596341]  mutex_lock_nested+0x1f/0x30
[  447.596615]  ? mutex_lock_nested+0x1f/0x30
[  447.596912]  perf_trace_destroy+0x21/0xa0
[  447.597206]  ? __pfx_tp_perf_event_destroy+0x10/0x10
[  447.597540]  tp_perf_event_destroy+0x1e/0x30
[  447.597863]  _free_event+0x101/0x7e0
[  447.598229]  put_event+0x3c/0x50
[  447.598526]  perf_event_release_kernel+0x2de/0x360
[  447.598842]  ? perf_event_release_kernel+0x9/0x360
[  447.599366]  ? __pfx_perf_release+0x10/0x10
[  447.599701]  perf_release+0x22/0x30
[  447.599992]  __fput+0x11f/0x450
[  447.600404]  ____fput+0x1e/0x30
[  447.600680]  task_work_run+0xb6/0x120
[  447.601064]  do_exit+0x521/0x1340
[  447.601401]  ? write_comp_data+0x2f/0x90
[  447.601808]  do_group_exit+0x5e/0xf0
[  447.602175]  get_signal+0x14b6/0x14c0
[  447.602747]  arch_do_signal_or_restart+0x33/0x280
[  447.603333]  ? syscall_exit_to_user_mode+0x2d/0x60
[  447.603747]  exit_to_user_mode_prepare+0x13b/0x210
[  447.604113]  syscall_exit_to_user_mode+0x2d/0x60
[  447.604454]  do_syscall_64+0x4a/0x90
[  447.604748]  entry_SYSCALL_64_after_hwframe+0x72/0xdc
[  447.605091] RIP: 0033:0x7f20b842859d
[  447.605358] RSP: 002b:00007f20b8301ca8 EFLAGS: 00000246 ORIG_RAX: 000000000000012a
[  447.605821] RAX: 0000000000000003 RBX: 0000000000000000 RCX: 00007f20b842859d
[  447.606225] RDX: 0000000000000000 RSI: 00000000ffffffff RDI: 00000000200004c0
[  447.606632] RBP: 00007f20b8301e00 R08: 0000000000000000 R09: 0000000000000000
[  447.607146] R10: 00000000ffffffff R11: 0000000000000246 R12: 00007ffe4114f20e
[  447.607547] R13: 00007ffe4114f20f R14: 00007ffe4114f2a0 R15: 00007f20b8302700
[  447.608295]  </TASK>
[  447.608480] INFO: task repro:1607 blocked for more than 147 seconds.
[  447.608849]       Not tainted 6.2.0-rc6-cbeb47a7b5f0+ #1
[  447.609170] "echo 0 > /proc/sys/kernel/hung_task_timeout_secs" disables this message.
[  447.609597] task:repro           state:D stack:0     pid:1607  ppid:552    flags:0x00004002
[  447.610099] Call Trace:
[  447.610294]  <TASK>
[  447.610574]  __schedule+0x385/0xb00
[  447.611143]  ? wait_for_completion+0x7b/0x180
[  447.611453]  schedule+0x5b/0xe0
[  447.611732]  schedule_timeout+0x561/0x650
[  447.612192]  ? schedule_timeout+0x9/0x650
[  447.612604]  ? wait_for_completion+0x7b/0x180
[  447.612914]  wait_for_completion+0xa6/0x180
[  447.613362]  __wait_rcu_gp+0x136/0x160
[  447.613685]  ? __pfx_arch_ftrace_ops_list_func+0x10/0x10
[  447.614022]  ? __pfx_arch_ftrace_ops_list_func+0x10/0x10
[  447.614390]  synchronize_rcu_tasks_generic.part.24+0x3b/0x60
[  447.614741]  ? __pfx_call_rcu_tasks+0x10/0x10
[  447.615163]  ? __pfx_wakeme_after_rcu+0x10/0x10
[  447.615602]  ? verify_cpu+0x90/0x100
[  447.615931]  synchronize_rcu_tasks_generic+0x2b/0x70
[  447.616284]  synchronize_rcu_tasks+0x19/0x20
[  447.616592]  ftrace_shutdown+0x1d2/0x410
[  447.617010]  unregister_ftrace_function+0x35/0x220
[  447.617379]  ? __sanitizer_cov_trace_switch+0x57/0xa0
[  447.617800]  perf_ftrace_event_register+0x95/0xf0
[  447.618125]  ? __pfx_tp_perf_event_destroy+0x10/0x10
[  447.618460]  perf_trace_destroy+0x3a/0xa0
[  447.618752]  ? __pfx_tp_perf_event_destroy+0x10/0x10
[  447.619199]  tp_perf_event_destroy+0x1e/0x30
[  447.619527]  _free_event+0x101/0x7e0
[  447.619892]  put_event+0x3c/0x50
[  447.620190]  perf_event_release_kernel+0x2de/0x360
[  447.620506]  ? perf_event_release_kernel+0x9/0x360
[  447.620923]  ? __pfx_perf_release+0x10/0x10
[  447.621260]  perf_release+0x22/0x30
[  447.621553]  __fput+0x11f/0x450
[  447.621960]  ____fput+0x1e/0x30
[  447.622234]  task_work_run+0xb6/0x120
[  447.622615]  do_exit+0x521/0x1340
[  447.623062]  ? write_comp_data+0x2f/0x90
[  447.623471]  do_group_exit+0x5e/0xf0
[  447.623836]  get_signal+0x14b6/0x14c0
[  447.624408]  arch_do_signal_or_restart+0x33/0x280
[  447.624894]  ? syscall_exit_to_user_mode+0x2d/0x60
[  447.625307]  exit_to_user_mode_prepare+0x13b/0x210
[  447.625670]  syscall_exit_to_user_mode+0x2d/0x60
[  447.626009]  do_syscall_64+0x4a/0x90
[  447.626299]  entry_SYSCALL_64_after_hwframe+0x72/0xdc
[  447.626629] RIP: 0033:0x7f20b842859d
[  447.626894] RSP: 002b:00007f20b8301ca8 EFLAGS: 00000246 ORIG_RAX: 000000000000012a
[  447.627465] RAX: 0000000000000003 RBX: 0000000000000000 RCX: 00007f20b842859d
[  447.627872] RDX: 0000000000000000 RSI: 00000000ffffffff RDI: 00000000200004c0
[  447.628277] RBP: 00007f20b8301e00 R08: 0000000000000000 R09: 0000000000000000
[  447.628680] R10: 00000000ffffffff R11: 0000000000000246 R12: 00007ffe4114f20e
[  447.629085] R13: 00007ffe4114f20f R14: 00007ffe4114f2a0 R15: 00007f20b8302700
[  447.629835]  </TASK>
[  447.630022] INFO: task repro:1612 blocked for more than 147 seconds.
[  447.630388]       Not tainted 6.2.0-rc6-cbeb47a7b5f0+ #1
[  447.630707] "echo 0 > /proc/sys/kernel/hung_task_timeout_secs" disables this message.
[  447.631248] task:repro           state:D stack:0     pid:1612  ppid:551    flags:0x00004002
[  447.631762] Call Trace:
[  447.631958]  <TASK>
[  447.632241]  __schedule+0x385/0xb00
[  447.632733]  schedule+0x5b/0xe0
[  447.633013]  schedule_preempt_disabled+0x1c/0x30
[  447.633339]  __mutex_lock+0x880/0xf30
[  447.633666]  ? perf_trace_destroy+0x21/0xa0
[  447.633964]  ? perf_trace_destroy+0x21/0xa0
[  447.634396]  ? __pfx_tp_perf_event_destroy+0x10/0x10
[  447.634780]  mutex_lock_nested+0x1f/0x30
[  447.635162]  ? mutex_lock_nested+0x1f/0x30
[  447.635457]  perf_trace_destroy+0x21/0xa0
[  447.635749]  ? __pfx_tp_perf_event_destroy+0x10/0x10
[  447.636081]  tp_perf_event_destroy+0x1e/0x30
[  447.636419]  _free_event+0x101/0x7e0
[  447.636788]  put_event+0x3c/0x50
[  447.637088]  perf_event_release_kernel+0x2de/0x360
[  447.637402]  ? perf_event_release_kernel+0x9/0x360
[  447.637818]  ? __pfx_perf_release+0x10/0x10
[  447.638154]  perf_release+0x22/0x30
[  447.638446]  __fput+0x11f/0x450
[  447.638852]  ____fput+0x1e/0x30
[  447.639237]  task_work_run+0xb6/0x120
[  447.639616]  do_exit+0x521/0x1340
[  447.639952]  ? write_comp_data+0x2f/0x90
[  447.640358]  do_group_exit+0x5e/0xf0
[  447.640722]  get_signal+0x14b6/0x14c0
[  447.641317]  arch_do_signal_or_restart+0x33/0x280
[  447.641794]  ? syscall_exit_to_user_mode+0x2d/0x60
[  447.642208]  exit_to_user_mode_prepare+0x13b/0x210
[  447.642574]  syscall_exit_to_user_mode+0x2d/0x60
[  447.642913]  do_syscall_64+0x4a/0x90
[  447.643317]  entry_SYSCALL_64_after_hwframe+0x72/0xdc
[  447.643647] RIP: 0033:0x7f20b842859d
[  447.643912] RSP: 002b:00007f20b8301ca8 EFLAGS: 00000246 ORIG_RAX: 000000000000012a
[  447.644373] RAX: 0000000000000003 RBX: 0000000000000000 RCX: 00007f20b842859d
[  447.644775] RDX: 0000000000000000 RSI: 00000000ffffffff RDI: 00000000200004c0
[  447.645184] RBP: 00007f20b8301e00 R08: 0000000000000000 R09: 0000000000000000
[  447.645588] R10: 00000000ffffffff R11: 0000000000000246 R12: 00007ffe4114f20e
[  447.646005] R13: 00007ffe4114f20f R14: 00007ffe4114f2a0 R15: 00007f20b8302700
[  447.646759]  </TASK>
[  447.647054] INFO: task repro:1617 blocked for more than 147 seconds.
[  447.647426]       Not tainted 6.2.0-rc6-cbeb47a7b5f0+ #1
[  447.647749] "echo 0 > /proc/sys/kernel/hung_task_timeout_secs" disables this message.
[  447.648184] task:repro           state:D stack:0     pid:1617  ppid:539    flags:0x00004002
[  447.648694] Call Trace:
[  447.648893]  <TASK>
[  447.649176]  __schedule+0x385/0xb00
[  447.649673]  schedule+0x5b/0xe0
[  447.649952]  schedule_preempt_disabled+0x1c/0x30
[  447.650281]  __mutex_lock+0x880/0xf30
[  447.650613]  ? perf_trace_destroy+0x21/0xa0
[  447.650916]  ? perf_trace_destroy+0x21/0xa0
[  447.651508]  ? __pfx_tp_perf_event_destroy+0x10/0x10
[  447.651896]  mutex_lock_nested+0x1f/0x30
[  447.652170]  ? mutex_lock_nested+0x1f/0x30
[  447.652469]  perf_trace_destroy+0x21/0xa0
[  447.652763]  ? __pfx_tp_perf_event_destroy+0x10/0x10
[  447.653101]  tp_perf_event_destroy+0x1e/0x30
[  447.653427]  _free_event+0x101/0x7e0
[  447.653791]  put_event+0x3c/0x50
[  447.654090]  perf_event_release_kernel+0x2de/0x360
[  447.654409]  ? perf_event_release_kernel+0x9/0x360
[  447.654823]  ? __pfx_perf_release+0x10/0x10
[  447.655274]  perf_release+0x22/0x30
[  447.655568]  __fput+0x11f/0x450
[  447.655980]  ____fput+0x1e/0x30
[  447.656255]  task_work_run+0xb6/0x120
[  447.656636]  do_exit+0x521/0x1340
[  447.656975]  ? write_comp_data+0x2f/0x90
[  447.657382]  do_group_exit+0x5e/0xf0
[  447.657746]  get_signal+0x14b6/0x14c0
[  447.658310]  arch_do_signal_or_restart+0x33/0x280
[  447.658787]  ? syscall_exit_to_user_mode+0x2d/0x60
[  447.659313]  exit_to_user_mode_prepare+0x13b/0x210
[  447.659680]  syscall_exit_to_user_mode+0x2d/0x60
[  447.660026]  do_syscall_64+0x4a/0x90
[  447.660323]  entry_SYSCALL_64_after_hwframe+0x72/0xdc
[  447.660654] RIP: 0033:0x7f20b842859d
[  447.660925] RSP: 002b:00007f20b8301ca8 EFLAGS: 00000246 ORIG_RAX: 000000000000012a
[  447.661396] RAX: 0000000000000003 RBX: 0000000000000000 RCX: 00007f20b842859d
[  447.661804] RDX: 0000000000000000 RSI: 00000000ffffffff RDI: 00000000200004c0
[  447.662212] RBP: 00007f20b8301e00 R08: 0000000000000000 R09: 0000000000000000
[  447.662618] R10: 00000000ffffffff R11: 0000000000000246 R12: 00007ffe4114f20e
[  447.663136] R13: 00007ffe4114f20f R14: 00007ffe4114f2a0 R15: 00007f20b8302700
[  447.663887]  </TASK>
[  447.664072] INFO: task repro:1622 blocked for more than 147 seconds.
[  447.664443]       Not tainted 6.2.0-rc6-cbeb47a7b5f0+ #1
[  447.664767] "echo 0 > /proc/sys/kernel/hung_task_timeout_secs" disables this message.
[  447.665202] task:repro           state:D stack:0     pid:1622  ppid:546    flags:0x00004002
[  447.665708] Call Trace:
[  447.665903]  <TASK>
[  447.666184]  __schedule+0x385/0xb00
[  447.666678]  schedule+0x5b/0xe0
[  447.667067]  schedule_preempt_disabled+0x1c/0x30
[  447.667398]  __mutex_lock+0x880/0xf30
[  447.667727]  ? perf_trace_destroy+0x21/0xa0
[  447.668028]  ? perf_trace_destroy+0x21/0xa0
[  447.668462]  ? __pfx_tp_perf_event_destroy+0x10/0x10
[  447.668849]  mutex_lock_nested+0x1f/0x30
[  447.669123]  ? mutex_lock_nested+0x1f/0x30
[  447.669421]  perf_trace_destroy+0x21/0xa0
[  447.669715]  ? __pfx_tp_perf_event_destroy+0x10/0x10
[  447.670051]  tp_perf_event_destroy+0x1e/0x30
[  447.670377]  _free_event+0x101/0x7e0
[  447.670740]  put_event+0x3c/0x50
[  447.671149]  perf_event_release_kernel+0x2de/0x360
[  447.671468]  ? perf_event_release_kernel+0x9/0x360
[  447.671886]  ? __pfx_perf_release+0x10/0x10
[  447.672225]  perf_release+0x22/0x30
[  447.672517]  __fput+0x11f/0x450
[  447.672926]  ____fput+0x1e/0x30
[  447.673202]  task_work_run+0xb6/0x120
[  447.673583]  do_exit+0x521/0x1340
[  447.673918]  ? write_comp_data+0x2f/0x90
[  447.674325]  do_group_exit+0x5e/0xf0
[  447.674692]  get_signal+0x14b6/0x14c0
[  447.675368]  arch_do_signal_or_restart+0x33/0x280
[  447.675847]  ? syscall_exit_to_user_mode+0x2d/0x60
[  447.676265]  exit_to_user_mode_prepare+0x13b/0x210
[  447.676633]  syscall_exit_to_user_mode+0x2d/0x60
[  447.676977]  do_syscall_64+0x4a/0x90
[  447.677273]  entry_SYSCALL_64_after_hwframe+0x72/0xdc
[  447.677605] RIP: 0033:0x7f20b842859d
[  447.677874] RSP: 002b:00007f20b8301ca8 EFLAGS: 00000246 ORIG_RAX: 000000000000012a
[  447.678344] RAX: 0000000000000003 RBX: 0000000000000000 RCX: 00007f20b842859d
[  447.678749] RDX: 0000000000000000 RSI: 00000000ffffffff RDI: 00000000200004c0
[  447.679273] RBP: 00007f20b8301e00 R08: 0000000000000000 R09: 0000000000000000
[  447.679682] R10: 00000000ffffffff R11: 0000000000000246 R12: 00007ffe4114f20e
[  447.680092] R13: 00007ffe4114f20f R14: 00007ffe4114f2a0 R15: 00007f20b8302700
[  447.680856]  </TASK>
[  447.681043] INFO: task repro:1627 blocked for more than 147 seconds.
[  447.681417]       Not tainted 6.2.0-rc6-cbeb47a7b5f0+ #1
[  447.681739] "echo 0 > /proc/sys/kernel/hung_task_timeout_secs" disables this message.
[  447.682173] task:repro           state:D stack:0     pid:1627  ppid:547    flags:0x00004002
[  447.682680] Call Trace:
[  447.682877]  <TASK>
[  447.683271]  __schedule+0x385/0xb00
[  447.683761]  schedule+0x5b/0xe0
[  447.684041]  schedule_preempt_disabled+0x1c/0x30
[  447.684371]  __mutex_lock+0x880/0xf30
[  447.684704]  ? perf_trace_destroy+0x21/0xa0
[  447.685007]  ? perf_trace_destroy+0x21/0xa0
[  447.685444]  ? __pfx_tp_perf_event_destroy+0x10/0x10
[  447.685833]  mutex_lock_nested+0x1f/0x30
[  447.686108]  ? mutex_lock_nested+0x1f/0x30
[  447.686405]  perf_trace_destroy+0x21/0xa0
[  447.686702]  ? __pfx_tp_perf_event_destroy+0x10/0x10
[  447.687232]  tp_perf_event_destroy+0x1e/0x30
[  447.687557]  _free_event+0x101/0x7e0
[  447.687922]  put_event+0x3c/0x50
[  447.688221]  perf_event_release_kernel+0x2de/0x360
[  447.688539]  ? perf_event_release_kernel+0x9/0x360
[  447.688957]  ? __pfx_perf_release+0x10/0x10
[  447.689295]  perf_release+0x22/0x30
[  447.689590]  __fput+0x11f/0x450
[  447.689998]  ____fput+0x1e/0x30
[  447.690274]  task_work_run+0xb6/0x120
[  447.690653]  do_exit+0x521/0x1340
[  447.691099]  ? write_comp_data+0x2f/0x90
[  447.691509]  do_group_exit+0x5e/0xf0
[  447.691876]  get_signal+0x14b6/0x14c0
[  447.692443]  arch_do_signal_or_restart+0x33/0x280
[  447.692922]  ? syscall_exit_to_user_mode+0x2d/0x60
[  447.693340]  exit_to_user_mode_prepare+0x13b/0x210
[  447.693706]  syscall_exit_to_user_mode+0x2d/0x60
[  447.694048]  do_syscall_64+0x4a/0x90
[  447.694342]  entry_SYSCALL_64_after_hwframe+0x72/0xdc
[  447.694673] RIP: 0033:0x7f20b842859d
[  447.695051] RSP: 002b:00007f20b8301ca8 EFLAGS: 00000246 ORIG_RAX: 000000000000012a
[  447.695521] RAX: 0000000000000003 RBX: 0000000000000000 RCX: 00007f20b842859d
[  447.695927] RDX: 0000000000000000 RSI: 00000000ffffffff RDI: 00000000200004c0
[  447.696333] RBP: 00007f20b8301e00 R08: 0000000000000000 R09: 0000000000000000
[  447.696740] R10: 00000000ffffffff R11: 0000000000000246 R12: 00007ffe4114f20e
[  447.697150] R13: 00007ffe4114f20f R14: 00007ffe4114f2a0 R15: 00007f20b8302700
[  447.697911]  </TASK>
[  447.698119] INFO: task repro:1632 blocked for more than 147 seconds.
[  447.698489]       Not tainted 6.2.0-rc6-cbeb47a7b5f0+ #1
[  447.698813] "echo 0 > /proc/sys/kernel/hung_task_timeout_secs" disables this message.
[  447.699362] task:repro           state:D stack:0     pid:1632  ppid:548    flags:0x00000004
[  447.699870] Call Trace:
[  447.700066]  <TASK>
[  447.700347]  __schedule+0x385/0xb00
[  447.700842]  schedule+0x5b/0xe0
[  447.701122]  schedule_preempt_disabled+0x1c/0x30
[  447.701452]  __mutex_lock+0x880/0xf30
[  447.701816]  ? perf_trace_init+0x2c/0x170
[  447.702327]  mutex_lock_nested+0x1f/0x30
[  447.702602]  ? __mutex_lock+0x5/0xf30
[  447.702863]  ? mutex_lock_nested+0x1f/0x30
[  447.703273]  perf_trace_init+0x2c/0x170
[  447.703629]  perf_tp_event_init+0x60/0xa0
[  447.703956]  perf_try_init_event+0x88/0x280
[  447.704363]  perf_event_alloc+0xf0a/0x1c50
[  447.704717]  ? perf_event_alloc+0x5/0x1c50
[  447.705174]  __do_sys_perf_event_open+0x3b6/0x1870
[  447.705611]  ? __x64_sys_perf_event_open+0x4/0x40
[  447.706438]  __x64_sys_perf_event_open+0x2f/0x40
[  447.706783]  do_syscall_64+0x3b/0x90
[  447.707190]  entry_SYSCALL_64_after_hwframe+0x72/0xdc
[  447.707521] RIP: 0033:0x7f20b842859d
[  447.707788] RSP: 002b:00007f20b8301ca8 EFLAGS: 00000246 ORIG_RAX: 000000000000012a
[  447.708254] RAX: ffffffffffffffda RBX: 0000000000000000 RCX: 00007f20b842859d
[  447.708660] RDX: 0000000000000000 RSI: 00000000ffffffff RDI: 00000000200004c0
[  447.709068] RBP: 00007f20b8301e00 R08: 0000000000000000 R09: 0000000000000000
[  447.709475] R10: 00000000ffffffff R11: 0000000000000246 R12: 00007ffe4114f20e
[  447.709882] R13: 00007ffe4114f20f R14: 00007ffe4114f2a0 R15: 00007f20b8302700
[  447.710643]  </TASK>
[  447.710829] INFO: task repro:1638 blocked for more than 147 seconds.
[  447.711375]       Not tainted 6.2.0-rc6-cbeb47a7b5f0+ #1
[  447.711698] "echo 0 > /proc/sys/kernel/hung_task_timeout_secs" disables this message.
[  447.712132] task:repro           state:D stack:0     pid:1638  ppid:550    flags:0x00000004
[  447.712641] Call Trace:
[  447.712841]  <TASK>
[  447.713123]  __schedule+0x385/0xb00
[  447.713618]  schedule+0x5b/0xe0
[  447.713897]  schedule_preempt_disabled+0x1c/0x30
[  447.714226]  __mutex_lock+0x880/0xf30
[  447.714590]  ? perf_trace_init+0x2c/0x170
[  447.715213]  mutex_lock_nested+0x1f/0x30
[  447.715492]  ? __mutex_lock+0x5/0xf30
[  447.715756]  ? mutex_lock_nested+0x1f/0x30
[  447.716053]  perf_trace_init+0x2c/0x170
[  447.716407]  perf_tp_event_init+0x60/0xa0
[  447.716734]  perf_try_init_event+0x88/0x280
[  447.717143]  perf_event_alloc+0xf0a/0x1c50
[  447.717495]  ? perf_event_alloc+0x5/0x1c50
[  447.717949]  __do_sys_perf_event_open+0x3b6/0x1870
[  447.718302]  ? __x64_sys_perf_event_open+0x4/0x40
[  447.719235]  __x64_sys_perf_event_open+0x2f/0x40
[  447.719583]  do_syscall_64+0x3b/0x90
[  447.719880]  entry_SYSCALL_64_after_hwframe+0x72/0xdc
[  447.720213] RIP: 0033:0x7f20b842859d
[  447.720485] RSP: 002b:00007f20b8301ca8 EFLAGS: 00000246 ORIG_RAX: 000000000000012a
[  447.720959] RAX: ffffffffffffffda RBX: 0000000000000000 RCX: 00007f20b842859d
[  447.721369] RDX: 0000000000000000 RSI: 00000000ffffffff RDI: 00000000200004c0
[  447.721779] RBP: 00007f20b8301e00 R08: 0000000000000000 R09: 0000000000000000
[  447.722188] R10: 00000000ffffffff R11: 0000000000000246 R12: 00007ffe4114f20e
[  447.722595] R13: 00007ffe4114f20f R14: 00007ffe4114f2a0 R15: 00007f20b8302700
[  447.723460]  </TASK>
[  447.723647] 
[  447.723647] Showing all locks held in the system:
[  447.724015] 1 lock held by rcu_tasks_kthre/11:
[  447.724302]  #0: ffffffff83d617b0 (rcu_tasks.tasks_gp_mutex){+.+.}-{3:3}, at: rcu_tasks_one_gp+0x2d/0x3d0
[  447.725037] 1 lock held by rcu_tasks_rude_/12:
[  447.725324]  #0: ffffffff83d61530 (rcu_tasks_rude.tasks_gp_mutex){+.+.}-{3:3}, at: rcu_tasks_one_gp+0x2d/0x3d0
[  447.726080] 1 lock held by rcu_tasks_trace/13:
[  447.726368]  #0: ffffffff83d61270 (rcu_tasks_trace.tasks_gp_mutex){+.+.}-{3:3}, at: rcu_tasks_one_gp+0x2d/0x3d0
[  447.727243] 1 lock held by khungtaskd/29:
[  447.727509]  #0: ffffffff83d621c0 (rcu_read_lock){....}-{1:2}, at: debug_show_all_locks+0x27/0x18c
[  447.728246] 1 lock held by repro/1597:
[  447.728502]  #0: ffffffff83e1e348 (event_mutex){+.+.}-{3:3}, at: perf_trace_destroy+0x21/0xa0
[  447.729189] 2 locks held by repro/1607:
[  447.729448]  #0: ffffffff83e1e348 (event_mutex){+.+.}-{3:3}, at: perf_trace_destroy+0x21/0xa0
[  447.730133]  #1: ffffffff83e1aa28 (ftrace_lock){+.+.}-{3:3}, at: unregister_ftrace_function+0x2b/0x220
[  447.730856] 1 lock held by repro/1612:
[  447.731224]  #0: ffffffff83e1e348 (event_mutex){+.+.}-{3:3}, at: perf_trace_destroy+0x21/0xa0
[  447.731906] 1 lock held by repro/1617:
[  447.732161]  #0: ffffffff83e1e348 (event_mutex){+.+.}-{3:3}, at: perf_trace_destroy+0x21/0xa0
[  447.732849] 1 lock held by repro/1622:
[  447.733104]  #0: ffffffff83e1e348 (event_mutex){+.+.}-{3:3}, at: perf_trace_destroy+0x21/0xa0
[  447.733786] 1 lock held by repro/1627:
[  447.734041]  #0: ffffffff83e1e348 (event_mutex){+.+.}-{3:3}, at: perf_trace_destroy+0x21/0xa0
[  447.734726] 2 locks held by repro/1632:
[  447.735100]  #0: ffffffff85676f98 (&pmus_srcu){....}-{0:0}, at: perf_event_alloc+0x532/0x1c50
[  447.735790]  #1: ffffffff83e1e348 (event_mutex){+.+.}-{3:3}, at: perf_trace_init+0x2c/0x170
[  447.736464] 1 lock held by repro/1634:
[  447.736720] 2 locks held by repro/1638:
[  447.736982]  #0: ffffffff85676f98 (&pmus_srcu){....}-{0:0}, at: perf_event_alloc+0x532/0x1c50
[  447.737669]  #1: ffffffff83e1e348 (event_mutex){+.+.}-{3:3}, at: perf_trace_init+0x2c/0x170
[  447.738346] 
[  447.738501] =============================================
[  447.738501] 
[  588.711271] rcu_tasks_wait_gp: rcu_tasks grace period number 817 (since boot) is 100325 jiffies old.
[  595.047600] INFO: task repro:1597 blocked for more than 294 seconds.
[  595.048251]       Not tainted 6.2.0-rc6-cbeb47a7b5f0+ #1
[  595.048786] "echo 0 > /proc/sys/kernel/hung_task_timeout_secs" disables this message.
[  595.049518] task:repro           state:D stack:0     pid:1597  ppid:543    flags:0x00004002
[  595.050355] Call Trace:
[  595.050671]  <TASK>
[  595.051418]  __schedule+0x385/0xb00
[  595.052168]  schedule+0x5b/0xe0
[  595.052608]  schedule_preempt_disabled+0x1c/0x30
[  595.053144]  __mutex_lock+0x880/0xf30
[  595.053663]  ? perf_trace_destroy+0x21/0xa0
[  595.054151]  ? perf_trace_destroy+0x21/0xa0
[  595.054821]  ? __pfx_tp_perf_event_destroy+0x10/0x10
[  595.055592]  mutex_lock_nested+0x1f/0x30
[  595.056044]  ? mutex_lock_nested+0x1f/0x30
[  595.056527]  perf_trace_destroy+0x21/0xa0
[  595.057010]  ? __pfx_tp_perf_event_destroy+0x10/0x10
[  595.057559]  tp_perf_event_destroy+0x1e/0x30
[  595.058081]  _free_event+0x101/0x7e0
[  595.058644]  put_event+0x3c/0x50
[  595.059264]  perf_event_release_kernel+0x2de/0x360
[  595.059785]  ? perf_event_release_kernel+0x9/0x360
[  595.060461]  ? __pfx_perf_release+0x10/0x10
[  595.061009]  perf_release+0x22/0x30
[  595.061475]  __fput+0x11f/0x450
[  595.062096]  ____fput+0x1e/0x30
[  595.062531]  task_work_run+0xb6/0x120
[  595.063280]  do_exit+0x521/0x1340
[  595.063803]  ? write_comp_data+0x2f/0x90
[  595.064435]  do_group_exit+0x5e/0xf0
[  595.065006]  get_signal+0x14b6/0x14c0
[  595.065610]  arch_do_signal_or_restart+0x33/0x280
[  595.066100]  ? syscall_exit_to_user_mode+0x2d/0x60
[  595.066536]  exit_to_user_mode_prepare+0x13b/0x210
[  595.066919]  syscall_exit_to_user_mode+0x2d/0x60
[  595.067391]  do_syscall_64+0x4a/0x90
[  595.067696]  entry_SYSCALL_64_after_hwframe+0x72/0xdc
[  595.068036] RIP: 0033:0x7f20b842859d
[  595.068309] RSP: 002b:00007f20b8301ca8 EFLAGS: 00000246 ORIG_RAX: 000000000000012a
[  595.068780] RAX: 0000000000000003 RBX: 0000000000000000 RCX: 00007f20b842859d
[  595.069195] RDX: 0000000000000000 RSI: 00000000ffffffff RDI: 00000000200004c0
[  595.069613] RBP: 00007f20b8301e00 R08: 0000000000000000 R09: 0000000000000000
[  595.070032] R10: 00000000ffffffff R11: 0000000000000246 R12: 00007ffe4114f20e
[  595.070445] R13: 00007ffe4114f20f R14: 00007ffe4114f2a0 R15: 00007f20b8302700
[  595.071315]  </TASK>
[  595.071508] INFO: task repro:1607 blocked for more than 294 seconds.
[  595.071887]       Not tainted 6.2.0-rc6-cbeb47a7b5f0+ #1
[  595.072217] "echo 0 > /proc/sys/kernel/hung_task_timeout_secs" disables this message.
[  595.072660] task:repro           state:D stack:0     pid:1607  ppid:552    flags:0x00004002
[  595.073181] Call Trace:
[  595.073382]  <TASK>
[  595.073671]  __schedule+0x385/0xb00
[  595.074153]  ? wait_for_completion+0x7b/0x180
[  595.074472]  schedule+0x5b/0xe0
[  595.074757]  schedule_timeout+0x561/0x650
[  595.075344]  ? schedule_timeout+0x9/0x650
[  595.075766]  ? wait_for_completion+0x7b/0x180
[  595.076082]  wait_for_completion+0xa6/0x180
[  595.076545]  __wait_rcu_gp+0x136/0x160
[  595.076877]  ? __pfx_arch_ftrace_ops_list_func+0x10/0x10
[  595.077222]  ? __pfx_arch_ftrace_ops_list_func+0x10/0x10
[  595.077599]  synchronize_rcu_tasks_generic.part.24+0x3b/0x60
[  595.077959]  ? __pfx_call_rcu_tasks+0x10/0x10
[  595.078278]  ? __pfx_wakeme_after_rcu+0x10/0x10
[  595.078730]  ? verify_cpu+0x90/0x100
[  595.079166]  synchronize_rcu_tasks_generic+0x2b/0x70
[  595.079524]  synchronize_rcu_tasks+0x19/0x20
[  595.079839]  ftrace_shutdown+0x1d2/0x410
[  595.080275]  unregister_ftrace_function+0x35/0x220
[  595.080672]  ? __sanitizer_cov_trace_switch+0x57/0xa0
[  595.081124]  perf_ftrace_event_register+0x95/0xf0
[  595.081459]  ? __pfx_tp_perf_event_destroy+0x10/0x10
[  595.081807]  perf_trace_destroy+0x3a/0xa0
[  595.082105]  ? __pfx_tp_perf_event_destroy+0x10/0x10
[  595.082455]  tp_perf_event_destroy+0x1e/0x30
[  595.082792]  _free_event+0x101/0x7e0
[  595.083282]  put_event+0x3c/0x50
[  595.083592]  perf_event_release_kernel+0x2de/0x360
[  595.083923]  ? perf_event_release_kernel+0x9/0x360
[  595.084361]  ? __pfx_perf_release+0x10/0x10
[  595.084715]  perf_release+0x22/0x30
[  595.085020]  __fput+0x11f/0x450
[  595.085446]  ____fput+0x1e/0x30
[  595.085731]  task_work_run+0xb6/0x120
[  595.086127]  do_exit+0x521/0x1340
[  595.086477]  ? write_comp_data+0x2f/0x90
[  595.086905]  do_group_exit+0x5e/0xf0
[  595.087396]  get_signal+0x14b6/0x14c0
[  595.087987]  arch_do_signal_or_restart+0x33/0x280
[  595.088515]  ? syscall_exit_to_user_mode+0x2d/0x60
[  595.088956]  exit_to_user_mode_prepare+0x13b/0x210
[  595.089337]  syscall_exit_to_user_mode+0x2d/0x60
[  595.089686]  do_syscall_64+0x4a/0x90
[  595.089988]  entry_SYSCALL_64_after_hwframe+0x72/0xdc
[  595.090325] RIP: 0033:0x7f20b842859d
[  595.090598] RSP: 002b:00007f20b8301ca8 EFLAGS: 00000246 ORIG_RAX: 000000000000012a
[  595.091190] RAX: 0000000000000003 RBX: 0000000000000000 RCX: 00007f20b842859d
[  595.091601] RDX: 0000000000000000 RSI: 00000000ffffffff RDI: 00000000200004c0
[  595.092012] RBP: 00007f20b8301e00 R08: 0000000000000000 R09: 0000000000000000
[  595.092424] R10: 00000000ffffffff R11: 0000000000000246 R12: 00007ffe4114f20e
[  595.092839] R13: 00007ffe4114f20f R14: 00007ffe4114f2a0 R15: 00007f20b8302700
[  595.093621]  </TASK>
[  595.093833] 
[  595.093833] Showing all locks held in the system:
[  595.094211] 1 lock held by rcu_tasks_kthre/11:
[  595.094508]  #0: ffffffff83d617b0 (rcu_tasks.tasks_gp_mutex){+.+.}-{3:3}, at: rcu_tasks_one_gp+0x2d/0x3d0
[  595.095383] 1 lock held by rcu_tasks_rude_/12:
[  595.095679]  #0: ffffffff83d61530 (rcu_tasks_rude.tasks_gp_mutex){+.+.}-{3:3}, at: rcu_tasks_one_gp+0x2d/0x3d0
[  595.096432] 1 lock held by rcu_tasks_trace/13:
[  595.096723]  #0: ffffffff83d61270 (rcu_tasks_trace.tasks_gp_mutex){+.+.}-{3:3}, at: rcu_tasks_one_gp+0x2d/0x3d0
[  595.097501] 1 lock held by khungtaskd/29:
[  595.097775]  #0: ffffffff83d621c0 (rcu_read_lock){....}-{1:2}, at: debug_show_all_locks+0x27/0x18c
[  595.098522] 1 lock held by repro/1597:
[  595.098787]  #0: ffffffff83e1e348 (event_mutex){+.+.}-{3:3}, at: perf_trace_destroy+0x21/0xa0
[  595.099612] 2 locks held by repro/1607:
[  595.099876]  #0: ffffffff83e1e348 (event_mutex){+.+.}-{3:3}, at: perf_trace_destroy+0x21/0xa0
[  595.100592]  #1: ffffffff83e1aa28 (ftrace_lock){+.+.}-{3:3}, at: unregister_ftrace_function+0x2b/0x220
[  595.101343] 1 lock held by repro/1612:
[  595.101604]  #0: ffffffff83e1e348 (event_mutex){+.+.}-{3:3}, at: perf_trace_destroy+0x21/0xa0
[  595.102305] 1 lock held by repro/1617:
[  595.102565]  #0: ffffffff83e1e348 (event_mutex){+.+.}-{3:3}, at: perf_trace_destroy+0x21/0xa0
[  595.103380] 1 lock held by repro/1622:
[  595.103659]  #0: ffffffff83e1e348 (event_mutex){+.+.}-{3:3}, at: perf_trace_destroy+0x21/0xa0
[  595.104356] 1 lock held by repro/1627:
[  595.104613]  #0: ffffffff83e1e348 (event_mutex){+.+.}-{3:3}, at: perf_trace_destroy+0x21/0xa0
[  595.105339] 2 locks held by repro/1632:
[  595.105613]  #0: ffffffff85676f98 (&pmus_srcu){....}-{0:0}, at: perf_event_alloc+0x532/0x1c50
[  595.106330]  #1: ffffffff83e1e348 (event_mutex){+.+.}-{3:3}, at: perf_trace_init+0x2c/0x170
[  595.107209] 2 locks held by repro/1638:
[  595.107476]  #0: ffffffff85676f98 (&pmus_srcu){....}-{0:0}, at: perf_event_alloc+0x532/0x1c50
[  595.108191]  #1: ffffffff83e1e348 (event_mutex){+.+.}-{3:3}, at: perf_trace_init+0x2c/0x170
[  595.108894] 
[  595.109053] =============================================
[  595.109053] 
[  788.391475] INFO: rcu_tasks detected stalls on tasks:
[  788.392020] 000000008fb8b3f4: .. nvcsw: 1/1 holdout: 1 idle_cpu: -1/1
[  788.392663] task:repro           state:R  running task     stack:0     pid:1634  ppid:548    flags:0x00004004
[  788.393383] Call Trace:
[  788.393586]  <TASK>
[  788.393907]  ? io_cq_unlock_post+0x8a/0xb0
[  788.394207]  ? __io_cqring_overflow_flush+0x8a/0x370
[  788.394531]  ? io_cqring_wait+0x572/0x890
[  788.394830]  ? __io_cqring_overflow_flush+0x213/0x370
[  788.395383]  ? write_comp_data+0x2f/0x90
[  788.395761]  ? io_cqring_wait+0x3a5/0x890
[  788.396059]  ? io_cqring_do_overflow_flush+0x38/0x90
[  788.396432]  ? io_cqring_wait+0x781/0x890
[  788.396845]  ? __pfx_io_wake_function+0x10/0x10
[  788.397347]  ? __x64_sys_io_uring_enter+0x27b/0x760
[  788.397670]  ? __pfx___x64_sys_io_uring_enter+0x10/0x10
[  788.398277]  ? do_syscall_64+0x3b/0x90
[  788.398579]  ? entry_SYSCALL_64_after_hwframe+0x72/0xdc
[  788.399373]  </TASK>
[ 1388.455320] INFO: rcu_tasks detected stalls on tasks:
[ 1388.455669] 000000008fb8b3f4: .. nvcsw: 1/1 holdout: 1 idle_cpu: -1/1
[ 1388.456061] task:repro           state:R  running task     stack:0     pid:1634  ppid:548    flags:0x00004004
[ 1388.456703] Call Trace:
[ 1388.456914]  <TASK>
[ 1388.457127]  ? rcu_read_lock_held_common+0x5/0x50
[ 1388.457516]  ? preempt_count_add+0x9/0xc0
[ 1388.457840]  ? _raw_spin_lock+0x3e/0x50
[ 1388.458249]  ? _raw_spin_unlock_irqrestore+0x9/0x70
[ 1388.458648]  ? io_cqring_wait+0x3a5/0x890
[ 1388.459181]  ? io_cqring_do_overflow_flush+0x38/0x90
[ 1388.459514]  ? io_cqring_wait+0x2fc/0x890
[ 1388.459836]  ? io_cqring_wait+0x2fc/0x890
[ 1388.460265]  ? __pfx_io_wake_function+0x10/0x10
[ 1388.460783]  ? __x64_sys_io_uring_enter+0x27b/0x760
[ 1388.461115]  ? __pfx___x64_sys_io_uring_enter+0x10/0x10
[ 1388.461740]  ? do_syscall_64+0x3b/0x90
[ 1388.462050]  ? entry_SYSCALL_64_after_hwframe+0x72/0xdc
[ 1388.462763]  </TASK>
[ 1988.519420] INFO: rcu_tasks detected stalls on tasks:
[ 1988.519986] 000000008fb8b3f4: .. nvcsw: 1/1 holdout: 1 idle_cpu: -1/1
[ 1988.520618] task:repro           state:R  running task     stack:0     pid:1634  ppid:548    flags:0x00004004
[ 1988.534483] Call Trace:
[ 1988.534826]  <TASK>
[ 1988.535460]  __wake_up+0x17/0x20
[ 1988.535923]  ? preempt_count_add+0x9/0xc0
[ 1988.536504]  ? io_cqring_wait+0x3a5/0x890
[ 1988.537002]  ? io_cqring_wait+0x3a5/0x890
[ 1988.537483]  ? preempt_count_add+0x9/0xc0
[ 1988.538059]  ? io_cqring_wait+0x3a5/0x890
[ 1988.538669]  ? io_cqring_wait+0x2fc/0x890
[ 1988.539523]  ? __pfx_io_wake_function+0x10/0x10
[ 1988.540348]  ? __x64_sys_io_uring_enter+0x27b/0x760
[ 1988.540913]  ? __pfx___x64_sys_io_uring_enter+0x10/0x10
[ 1988.541590]  ? do_syscall_64+0x3b/0x90
[ 1988.541919]  ? entry_SYSCALL_64_after_hwframe+0x72/0xdc
[ 1988.542635]  </TASK>
