c[?7l[2J[0mSeaBIOS (version rel-1.16.0-0-gd239552ce722-prebuilt.qemu.org)


iPXE (http://ipxe.org) 00:03.0 CA00 PCI2.10 PnP PMM+7FF91000+7FEF1000 CA00
Press Ctrl-B to configure iPXE (PCI 00:03.0)...                                                                               


Booting from ROM..c[?7l[2J[    0.000000] Linux version 6.2.0-rc6-d80c0f00d047+ (root@p-adls01) (gcc (GCC) 8.5.0 20210514 (Red Hat 8.5.0-18), GNU ld version 2.36.1-2.el8) #1 SMP PREEMPT_DYNAMIC Sun Mar 19 09:46:00 CST 2023
[    0.000000] Command line: console=ttyS0 root=/dev/sda earlyprintk=serial net.ifnames=0
[    0.000000] KERNEL supported cpus:
[    0.000000]   Intel GenuineIntel
[    0.000000]   AMD AuthenticAMD
[    0.000000]   Hygon HygonGenuine
[    0.000000]   Centaur CentaurHauls
[    0.000000]   zhaoxin   Shanghai  
[    0.000000] x86/fpu: Supporting XSAVE feature 0x001: 'x87 floating point registers'
[    0.000000] x86/fpu: Supporting XSAVE feature 0x002: 'SSE registers'
[    0.000000] x86/fpu: Supporting XSAVE feature 0x004: 'AVX registers'
[    0.000000] x86/fpu: Supporting XSAVE feature 0x200: 'Protection Keys User registers'
[    0.000000] x86/fpu: xstate_offset[2]:  576, xstate_sizes[2]:  256
[    0.000000] x86/fpu: xstate_offset[9]:  832, xstate_sizes[9]:    8
[    0.000000] x86/fpu: Enabled xstate features 0x207, context size is 840 bytes, using 'compacted' format.
[    0.000000] signal: max sigframe size: 3632
[    0.000000] BIOS-provided physical RAM map:
[    0.000000] BIOS-e820: [mem 0x0000000000000000-0x000000000009fbff] usable
[    0.000000] BIOS-e820: [mem 0x000000000009fc00-0x000000000009ffff] reserved
[    0.000000] BIOS-e820: [mem 0x00000000000f0000-0x00000000000fffff] reserved
[    0.000000] BIOS-e820: [mem 0x0000000000100000-0x000000007ffdffff] usable
[    0.000000] BIOS-e820: [mem 0x000000007ffe0000-0x000000007fffffff] reserved
[    0.000000] BIOS-e820: [mem 0x00000000feffc000-0x00000000feffffff] reserved
[    0.000000] BIOS-e820: [mem 0x00000000fffc0000-0x00000000ffffffff] reserved
[    0.000000] printk: bootconsole [earlyser0] enabled
[    0.000000] NX (Execute Disable) protection: active
[    0.000000] SMBIOS 2.8 present.
[    0.000000] DMI: QEMU Standard PC (i440FX + PIIX, 1996), BIOS rel-1.16.0-0-gd239552ce722-prebuilt.qemu.org 04/01/2014
[    0.000000] Hypervisor detected: KVM
[    0.000000] kvm-clock: Using msrs 4b564d01 and 4b564d00
[    0.000002] kvm-clock: using sched offset of 363496530 cycles
[    0.000317] clocksource: kvm-clock: mask: 0xffffffffffffffff max_cycles: 0x1cd42e4dffb, max_idle_ns: 881590591483 ns
[    0.001298] tsc: Detected 3609.600 MHz processor
[    0.007513] last_pfn = 0x7ffe0 max_arch_pfn = 0x400000000
[    0.007911] x86/PAT: Configuration [0-7]: WB  WC  UC- UC  WB  WP  UC- WT  
[    0.015220] found SMP MP-table at [mem 0x000f5ba0-0x000f5baf]
[    0.015666] Using GB pages for direct mapping
[    0.016967] ACPI: Early table checksum verification disabled
[    0.017332] ACPI: RSDP 0x00000000000F59C0 000014 (v00 BOCHS )
[    0.017695] ACPI: RSDT 0x000000007FFE1951 000034 (v01 BOCHS  BXPC     00000001 BXPC 00000001)
[    0.018235] ACPI: FACP 0x000000007FFE17FD 000074 (v01 BOCHS  BXPC     00000001 BXPC 00000001)
[    0.018765] ACPI: DSDT 0x000000007FFE0040 0017BD (v01 BOCHS  BXPC     00000001 BXPC 00000001)
[    0.019290] ACPI: FACS 0x000000007FFE0000 000040
[    0.019580] ACPI: APIC 0x000000007FFE1871 000080 (v01 BOCHS  BXPC     00000001 BXPC 00000001)
[    0.020106] ACPI: HPET 0x000000007FFE18F1 000038 (v01 BOCHS  BXPC     00000001 BXPC 00000001)
[    0.020631] ACPI: WAET 0x000000007FFE1929 000028 (v01 BOCHS  BXPC     00000001 BXPC 00000001)
[    0.021154] ACPI: Reserving FACP table memory at [mem 0x7ffe17fd-0x7ffe1870]
[    0.021583] ACPI: Reserving DSDT table memory at [mem 0x7ffe0040-0x7ffe17fc]
[    0.022009] ACPI: Reserving FACS table memory at [mem 0x7ffe0000-0x7ffe003f]
[    0.022432] ACPI: Reserving APIC table memory at [mem 0x7ffe1871-0x7ffe18f0]
[    0.022855] ACPI: Reserving HPET table memory at [mem 0x7ffe18f1-0x7ffe1928]
[    0.023280] ACPI: Reserving WAET table memory at [mem 0x7ffe1929-0x7ffe1950]
[    0.024234] No NUMA configuration found
[    0.024466] Faking a node at [mem 0x0000000000000000-0x000000007ffdffff]
[    0.024913] NODE_DATA(0) allocated [mem 0x7ffb5000-0x7ffdffff]
[    0.027882] Zone ranges:
[    0.028070]   DMA      [mem 0x0000000000001000-0x0000000000ffffff]
[    0.028460]   DMA32    [mem 0x0000000001000000-0x000000007ffdffff]
[    0.028835]   Normal   empty
[    0.029011]   Device   empty
[    0.029189] Movable zone start for each node
[    0.029446] Early memory node ranges
[    0.029663]   node   0: [mem 0x0000000000001000-0x000000000009efff]
[    0.030041]   node   0: [mem 0x0000000000100000-0x000000007ffdffff]
[    0.030420] Initmem setup node 0 [mem 0x0000000000001000-0x000000007ffdffff]
[    0.031084] On node 0, zone DMA: 1 pages in unavailable ranges
[    0.031183] On node 0, zone DMA: 97 pages in unavailable ranges
[    0.051792] On node 0, zone DMA32: 32 pages in unavailable ranges
[    0.052359] ACPI: PM-Timer IO Port: 0x608
[    0.052985] ACPI: LAPIC_NMI (acpi_id[0xff] dfl dfl lint[0x1])
[    0.053380] IOAPIC[0]: apic_id 0, version 17, address 0xfec00000, GSI 0-23
[    0.053815] ACPI: INT_SRC_OVR (bus 0 bus_irq 0 global_irq 2 dfl dfl)
[    0.054200] ACPI: INT_SRC_OVR (bus 0 bus_irq 5 global_irq 5 high level)
[    0.054601] ACPI: INT_SRC_OVR (bus 0 bus_irq 9 global_irq 9 high level)
[    0.055003] ACPI: INT_SRC_OVR (bus 0 bus_irq 10 global_irq 10 high level)
[    0.055413] ACPI: INT_SRC_OVR (bus 0 bus_irq 11 global_irq 11 high level)
[    0.055835] ACPI: Using ACPI (MADT) for SMP configuration information
[    0.056223] ACPI: HPET id: 0x8086a201 base: 0xfed00000
[    0.056544] TSC deadline timer available
[    0.056783] smpboot: Allowing 2 CPUs, 0 hotplug CPUs
[    0.057125] kvm-guest: KVM setup pv remote TLB flush
[    0.057426] kvm-guest: setup PV sched yield
[    0.057726] PM: hibernation: Registered nosave memory: [mem 0x00000000-0x00000fff]
[    0.058185] PM: hibernation: Registered nosave memory: [mem 0x0009f000-0x0009ffff]
[    0.058639] PM: hibernation: Registered nosave memory: [mem 0x000a0000-0x000effff]
[    0.059091] PM: hibernation: Registered nosave memory: [mem 0x000f0000-0x000fffff]
[    0.059547] [mem 0x80000000-0xfeffbfff] available for PCI devices
[    0.059914] Booting paravirtualized kernel on KVM
[    0.060211] clocksource: refined-jiffies: mask: 0xffffffff max_cycles: 0xffffffff, max_idle_ns: 7645519600211568 ns
[    0.060849] setup_percpu: NR_CPUS:8192 nr_cpumask_bits:2 nr_cpu_ids:2 nr_node_ids:1
[    0.062371] percpu: Embedded 64 pages/cpu s225280 r8192 d28672 u1048576
[    0.062956] kvm-guest: PV spinlocks enabled
[    0.063218] PV qspinlock hash table entries: 256 (order: 0, 4096 bytes, linear)
[    0.063685] Fallback order for Node 0: 0 
[    0.063949] Built 1 zonelists, mobility grouping on.  Total pages: 515808
[    0.064363] Policy zone: DMA32
[    0.064551] Kernel command line: net.ifnames=0 console=ttyS0 root=/dev/sda earlyprintk=serial net.ifnames=0
[    0.065540] random: crng init done
[    0.066693] Dentry cache hash table entries: 262144 (order: 9, 2097152 bytes, linear)
[    0.067248] Inode-cache hash table entries: 131072 (order: 8, 1048576 bytes, linear)
[    0.067832] mem auto-init: stack:off, heap alloc:off, heap free:off
[    0.070934] Memory: 1979232K/2096632K available (34816K kernel code, 4628K rwdata, 10004K rodata, 10176K init, 19776K bss, 117144K reserved, 0K cma-reserved)
[    0.072156] SLUB: HWalign=64, Order=0-3, MinObjects=0, CPUs=2, Nodes=1
[    0.072540] kmemleak: Kernel memory leak detector disabled
[    0.072927] ftrace: allocating 68264 entries in 267 pages
[    0.091510] ftrace: allocated 267 pages with 4 groups
[    0.094212] Dynamic Preempt: voluntary
[    0.094574] Running RCU self tests
[    0.094783] rcu: Preemptible hierarchical RCU implementation.
[    0.095121] rcu: 	RCU lockdep checking is enabled.
[    0.095403] rcu: 	RCU restricting CPUs from NR_CPUS=8192 to nr_cpu_ids=2.
[    0.095803] 	Trampoline variant of Tasks RCU enabled.
[    0.096102] 	Rude variant of Tasks RCU enabled.
[    0.096368] 	Tracing variant of Tasks RCU enabled.
[    0.096650] rcu: RCU calculated value of scheduler-enlistment delay is 25 jiffies.
[    0.097094] rcu: Adjusting geometry for rcu_fanout_leaf=16, nr_cpu_ids=2
[    0.121746] NR_IRQS: 524544, nr_irqs: 440, preallocated irqs: 16
[    0.122409] rcu: srcu_init: Setting srcu_struct sizes based on contention.
[    0.128323] Console: colour VGA+ 80x25
[    0.128595] printk: console [ttyS0] enabled
[    0.128595] printk: console [ttyS0] enabled
[    0.129094] printk: bootconsole [earlyser0] disabled
[    0.129094] printk: bootconsole [earlyser0] disabled
[    0.129688] Lock dependency validator: Copyright (c) 2006 Red Hat, Inc., Ingo Molnar
[    0.130149] ... MAX_LOCKDEP_SUBCLASSES:  8
[    0.130398] ... MAX_LOCK_DEPTH:          48
[    0.130652] ... MAX_LOCKDEP_KEYS:        8192
[    0.130916] ... CLASSHASH_SIZE:          4096
[    0.131180] ... MAX_LOCKDEP_ENTRIES:     32768
[    0.131449] ... MAX_LOCKDEP_CHAINS:      65536
[    0.131718] ... CHAINHASH_SIZE:          32768
[    0.131986]  memory used by lock dependency info: 6365 kB
[    0.132311]  memory used for stack traces: 4224 kB
[    0.132600]  per task-struct memory footprint: 1920 bytes
[    0.132952] ACPI: Core revision 20221020
[    0.133354] clocksource: hpet: mask: 0xffffffff max_cycles: 0xffffffff, max_idle_ns: 19112604467 ns
[    0.134001] APIC: Switch to symmetric I/O mode setup
[    0.134418] x2apic enabled
[    0.134713] Switched APIC routing to physical x2apic.
[    0.135018] kvm-guest: setup PV IPIs
[    0.135900] ..TIMER: vector=0x30 apic1=0 pin1=2 apic2=-1 pin2=-1
[    0.136277] clocksource: tsc-early: mask: 0xffffffffffffffff max_cycles: 0x3407c077a8d, max_idle_ns: 440795342283 ns
[    0.136914] Calibrating delay loop (skipped) preset value.. 7219.20 BogoMIPS (lpj=14438400)
[    0.137413] pid_max: default: 32768 minimum: 301
[    0.137756] LSM: initializing lsm=capability,yama,integrity
[    0.140922] Yama: becoming mindful.
[    0.141277] Mount-cache hash table entries: 4096 (order: 3, 32768 bytes, linear)
[    0.141732] Mountpoint-cache hash table entries: 4096 (order: 3, 32768 bytes, linear)
[    0.143092] x86/cpu: User Mode Instruction Prevention (UMIP) activated
[    0.144039] Last level iTLB entries: 4KB 0, 2MB 0, 4MB 0
[    0.144399] Last level dTLB entries: 4KB 0, 2MB 0, 4MB 0, 1GB 0
[    0.144938] Spectre V1 : Mitigation: usercopy/swapgs barriers and __user pointer sanitization
[    0.145453] Spectre V2 : WARNING: Unprivileged eBPF is enabled with eIBRS on, data leaks possible via Spectre v2 BHB attacks!
[    0.146119] Spectre V2 : Mitigation: Enhanced IBRS
[    0.146398] Spectre V2 : Spectre v2 / SpectreRSB mitigation: Filling RSB on context switch
[    0.146870] Spectre V2 : Spectre v2 / PBRSB-eIBRS: Retire a single CALL on VMEXIT
[    0.147302] Spectre V2 : mitigation: Enabling conditional Indirect Branch Prediction Barrier
[    0.147785] Speculative Store Bypass: Mitigation: Speculative Store Bypass disabled via prctl
[    0.235431] Freeing SMP alternatives memory: 56K
[    0.235987] smpboot: CPU0: 12th Gen Intel(R) Core(TM) i7-12700K (family: 0x6, model: 0x97, stepping: 0x2)
[    0.236899] cblist_init_generic: Setting adjustable number of callback queues.
[    0.236902] cblist_init_generic: Setting shift to 1 and lim to 1.
[    0.236902] cblist_init_generic: Setting shift to 1 and lim to 1.
[    0.236902] cblist_init_generic: Setting shift to 1 and lim to 1.
[    0.236902] Running RCU-tasks wait API self tests
[    0.337036] Performance Events: Alderlake Hybrid events, full-width counters, Intel PMU driver.
[    0.338720] core: cpu_core PMU driver: 
[    0.339157] ... version:                2
[    0.339591] ... bit width:              48
[    0.340021] ... generic registers:      6
[    0.340452] ... value mask:             0000ffffffffffff
[    0.340818] ... max period:             00007fffffffffff
[    0.340909] ... fixed-purpose events:   3
[    0.341152] ... event mask:             0001000f0000003f
[    0.341641] rcu: Hierarchical SRCU implementation.
[    0.341932] rcu: 	Max phase no-delay instances is 1000.
[    0.343435] unchecked MSR access error: WRMSR to 0x38f (tried to write 0x0001000f0000003f) at rIP: 0xffffffff810dc90c (native_write_msr+0xc/0x30)
[    0.344227] Call Trace:
[    0.344384]  <TASK>
[    0.344517]  __intel_pmu_enable_all.constprop.46+0xb5/0x140
[    0.344863]  intel_pmu_enable_all+0x1e/0x30
[    0.344902]  x86_pmu_enable+0x46d/0x5a0
[    0.344902]  ? write_comp_data+0x2f/0x90
[    0.344902]  perf_pmu_enable+0x53/0x70
[    0.344902]  ctx_resched+0x14d/0x1e0
[    0.344902]  __perf_install_in_context+0x2f7/0x450
[    0.344902]  ? __pfx_remote_function+0x10/0x10
[    0.344902]  ? __pfx_remote_function+0x10/0x10
[    0.344902]  remote_function+0x80/0xa0
[    0.344902]  ? __pfx_remote_function+0x10/0x10
[    0.344902]  generic_exec_single+0x124/0x190
[    0.344902]  smp_call_function_single+0x11c/0x240
[    0.344902]  ? __pfx_remote_function+0x10/0x10
[    0.344902]  ? __sanitizer_cov_trace_pc+0x25/0x60
[    0.344902]  ? write_comp_data+0x2f/0x90
[    0.344902]  perf_install_in_context+0x2d8/0x300
[    0.344902]  ? __pfx___perf_install_in_context+0x10/0x10
[    0.344902]  perf_event_create_kernel_counter+0x284/0x2b0
[    0.344902]  ? __pfx_watchdog_overflow_callback+0x10/0x10
[    0.344902]  hardlockup_detector_event_create+0x46/0xd0
[    0.344902]  hardlockup_detector_perf_init+0x18/0x66
[    0.344902]  watchdog_nmi_probe+0x17/0x1d
[    0.344902]  lockup_detector_init+0x40/0xaf
[    0.344902]  kernel_init_freeable+0x264/0x422
[    0.344902]  ? __pfx_kernel_init+0x10/0x10
[    0.344902]  kernel_init+0x24/0x1e0
[    0.344902]  ? __pfx_kernel_init+0x10/0x10
[    0.344902]  ret_from_fork+0x29/0x50
[    0.344902]  </TASK>
[    0.345077] smp: Bringing up secondary CPUs ...
[    0.345726] x86: Booting SMP configuration:
[    0.345991] .... node  #0, CPUs:      #1
[    0.346259] smp: Brought up 1 node, 2 CPUs
[    0.346259] smpboot: Max logical packages: 1
[    0.346259] smpboot: Total of 2 processors activated (14438.40 BogoMIPS)
[    0.349671] devtmpfs: initialized
[    0.349671] x86/mm: Memory block size: 128MB
[    0.351064] clocksource: jiffies: mask: 0xffffffff max_cycles: 0xffffffff, max_idle_ns: 7645041785100000 ns
[    0.352912] futex hash table entries: 512 (order: 4, 65536 bytes, linear)
[    0.353522] pinctrl core: initialized pinctrl subsystem
[    0.354267] 
[    0.354367] *************************************************************
[    0.354771] **     NOTICE NOTICE NOTICE NOTICE NOTICE NOTICE NOTICE    **
[    0.355173] **                                                         **
[    0.355575] **  IOMMU DebugFS SUPPORT HAS BEEN ENABLED IN THIS KERNEL  **
[    0.355977] **                                                         **
[    0.356382] ** This means that this kernel is built to expose internal **
[    0.356783] ** IOMMU data structures, which may compromise security on **
[    0.356917] ** your system.                                            **
[    0.357319] **                                                         **
[    0.357723] ** If you see this message and you are not debugging the   **
[    0.357723] Callback from call_rcu_tasks_trace() invoked.
[    0.358122] ** kernel, report this immediately to your vendor!         **
[    0.358125] **                                                         **
[    0.359249] **     NOTICE NOTICE NOTICE NOTICE NOTICE NOTICE NOTICE    **
[    0.359649] *************************************************************
[    0.360089] PM: RTC time: 01:46:38, date: 2023-03-19
[    0.363079] NET: Registered PF_NETLINK/PF_ROUTE protocol family
[    0.363910] DMA: preallocated 256 KiB GFP_KERNEL pool for atomic allocations
[    0.364348] DMA: preallocated 256 KiB GFP_KERNEL|GFP_DMA pool for atomic allocations
[    0.364815] DMA: preallocated 256 KiB GFP_KERNEL|GFP_DMA32 pool for atomic allocations
[    0.364942] audit: initializing netlink subsys (disabled)
[    0.365329] audit: type=2000 audit(1679190399.046:1): state=initialized audit_enabled=0 res=1
[    0.365389] thermal_sys: Registered thermal governor 'fair_share'
[    0.365436] thermal_sys: Registered thermal governor 'bang_bang'
[    0.365802] thermal_sys: Registered thermal governor 'step_wise'
[    0.366157] thermal_sys: Registered thermal governor 'user_space'
[    0.366544] cpuidle: using governor ladder
[    0.367162] cpuidle: using governor menu
[    0.367620] acpiphp: ACPI Hot Plug PCI Controller Driver version: 0.5
[    0.368244] PCI: Using configuration type 1 for base access
[    0.369614] kprobes: kprobe jump-optimization is enabled. All kprobes are optimized if possible.
[    0.538129] HugeTLB: registered 1.00 GiB page size, pre-allocated 0 pages
[    0.538554] HugeTLB: 16380 KiB vmemmap can be freed for a 1.00 GiB page
[    0.538947] HugeTLB: registered 2.00 MiB page size, pre-allocated 0 pages
[    0.539346] HugeTLB: 28 KiB vmemmap can be freed for a 2.00 MiB page
[    0.542187] ACPI: Added _OSI(Module Device)
[    0.542456] ACPI: Added _OSI(Processor Device)
[    0.542722] ACPI: Added _OSI(3.0 _SCP Extensions)
[    0.543002] ACPI: Added _OSI(Processor Aggregator Device)
[    0.547682] ACPI: 1 ACPI AML tables successfully acquired and loaded
[    0.550583] ACPI: Interpreter enabled
[    0.550882] ACPI: PM: (supports S0 S3 S4 S5)
[    0.551139] ACPI: Using IOAPIC for interrupt routing
[    0.551469] PCI: Using host bridge windows from ACPI; if necessary, use "pci=nocrs" and report a bug
[    0.552002] PCI: Using E820 reservations for host bridge windows
[    0.552883] ACPI: Enabled 2 GPEs in block 00 to 0F
[    0.565697] ACPI: PCI Root Bridge [PCI0] (domain 0000 [bus 00-ff])
[    0.566095] acpi PNP0A03:00: _OSC: OS supports [ASPM ClockPM Segments MSI EDR HPX-Type3]
[    0.566575] acpi PNP0A03:00: _OSC: not requesting OS control; OS requires [ExtendedConfig ASPM ClockPM MSI]
[    0.567194] acpi PNP0A03:00: fail to add MMCONFIG information, can't access extended configuration space under this bridge
[    0.569665] acpiphp: Slot [3] registered
[    0.569955] acpiphp: Slot [4] registered
[    0.570239] acpiphp: Slot [5] registered
[    0.570526] acpiphp: Slot [6] registered
[    0.570811] acpiphp: Slot [7] registered
[    0.571097] acpiphp: Slot [8] registered
[    0.571381] acpiphp: Slot [9] registered
[    0.571664] acpiphp: Slot [10] registered
[    0.571953] acpiphp: Slot [11] registered
[    0.572245] acpiphp: Slot [12] registered
[    0.572534] acpiphp: Slot [13] registered
[    0.572823] acpiphp: Slot [14] registered
[    0.572955] acpiphp: Slot [15] registered
[    0.573245] acpiphp: Slot [16] registered
[    0.573534] acpiphp: Slot [17] registered
[    0.573826] acpiphp: Slot [18] registered
[    0.574115] acpiphp: Slot [19] registered
[    0.574403] acpiphp: Slot [20] registered
[    0.574692] acpiphp: Slot [21] registered
[    0.574983] acpiphp: Slot [22] registered
[    0.575272] acpiphp: Slot [23] registered
[    0.575565] acpiphp: Slot [24] registered
[    0.575853] acpiphp: Slot [25] registered
[    0.576141] acpiphp: Slot [26] registered
[    0.576431] acpiphp: Slot [27] registered
[    0.576723] acpiphp: Slot [28] registered
[    0.576954] acpiphp: Slot [29] registered
[    0.577246] acpiphp: Slot [30] registered
[    0.577535] acpiphp: Slot [31] registered
[    0.577791] PCI host bridge to bus 0000:00
[    0.578038] pci_bus 0000:00: root bus resource [io  0x0000-0x0cf7 window]
[    0.578442] pci_bus 0000:00: root bus resource [io  0x0d00-0xffff window]
[    0.578853] pci_bus 0000:00: root bus resource [mem 0x000a0000-0x000bffff window]
[    0.579295] pci_bus 0000:00: root bus resource [mem 0x80000000-0xfebfffff window]
[    0.579738] pci_bus 0000:00: root bus resource [mem 0x100000000-0x17fffffff window]
[    0.580191] pci_bus 0000:00: root bus resource [bus 00-ff]
[    0.580596] pci 0000:00:00.0: [8086:1237] type 00 class 0x060000
[    0.583212] pci 0000:00:01.0: [8086:7000] type 00 class 0x060100
[    0.584115] pci 0000:00:01.1: [8086:7010] type 00 class 0x010180
[    0.585361] pci 0000:00:01.1: reg 0x20: [io  0xc040-0xc04f]
[    0.586125] pci 0000:00:01.1: legacy IDE quirk: reg 0x10: [io  0x01f0-0x01f7]
[    0.586549] pci 0000:00:01.1: legacy IDE quirk: reg 0x14: [io  0x03f6]
[    0.586939] pci 0000:00:01.1: legacy IDE quirk: reg 0x18: [io  0x0170-0x0177]
[    0.587361] pci 0000:00:01.1: legacy IDE quirk: reg 0x1c: [io  0x0376]
[    0.587945] pci 0000:00:01.3: [8086:7113] type 00 class 0x068000
[    0.588544] pci 0000:00:01.3: quirk: [io  0x0600-0x063f] claimed by PIIX4 ACPI
[    0.588917] pci 0000:00:01.3: quirk: [io  0x0700-0x070f] claimed by PIIX4 SMB
[    0.589583] pci 0000:00:02.0: [1234:1111] type 00 class 0x030000
[    0.591240] pci 0000:00:02.0: reg 0x10: [mem 0xfd000000-0xfdffffff pref]
[    0.592614] pci 0000:00:02.0: reg 0x18: [mem 0xfebf0000-0xfebf0fff]
[    0.595319] pci 0000:00:02.0: reg 0x30: [mem 0xfebe0000-0xfebeffff pref]
[    0.595861] pci 0000:00:02.0: Video device with shadowed ROM at [mem 0x000c0000-0x000dffff]
[    0.598686] pci 0000:00:03.0: [8086:100e] type 00 class 0x020000
[    0.599605] pci 0000:00:03.0: reg 0x10: [mem 0xfebc0000-0xfebdffff]
[    0.600216] pci 0000:00:03.0: reg 0x14: [io  0xc000-0xc03f]
[    0.601750] pci 0000:00:03.0: reg 0x30: [mem 0xfeb80000-0xfebbffff pref]
[    0.609724] ACPI: PCI: Interrupt link LNKA configured for IRQ 10
[    0.610559] ACPI: PCI: Interrupt link LNKB configured for IRQ 10
[    0.611200] ACPI: PCI: Interrupt link LNKC configured for IRQ 11
[    0.611826] ACPI: PCI: Interrupt link LNKD configured for IRQ 11
[    0.612308] ACPI: PCI: Interrupt link LNKS configured for IRQ 9
[    0.613583] iommu: Default domain type: Translated 
[    0.613881] iommu: DMA domain TLB invalidation policy: lazy mode 
[    0.615039] SCSI subsystem initialized
[    0.615471] ACPI: bus type USB registered
[    0.615749] usbcore: registered new interface driver usbfs
[    0.616094] usbcore: registered new interface driver hub
[    0.616429] usbcore: registered new device driver usb
[    0.616810] pps_core: LinuxPPS API ver. 1 registered
[    0.616907] pps_core: Software ver. 5.3.6 - Copyright 2005-2007 Rodolfo Giometti <giometti@linux.it>
[    0.617440] PTP clock support registered
[    0.617795] EDAC MC: Ver: 3.0.0
[    0.619226] NetLabel: Initializing
[    0.619444] NetLabel:  domain hash size = 128
[    0.619702] NetLabel:  protocols = UNLABELED CIPSOv4 CALIPSO
[    0.620077] NetLabel:  unlabeled traffic allowed by default
[    0.620676] PCI: Using ACPI for IRQ routing
[    0.621084] pci 0000:00:02.0: vgaarb: setting as boot VGA device
[    0.621450] pci 0000:00:02.0: vgaarb: bridge control possible
[    0.621789] pci 0000:00:02.0: vgaarb: VGA device added: decodes=io+mem,owns=io+mem,locks=none
[    0.622289] vgaarb: loaded
[    0.623339] hpet0: at MMIO 0xfed00000, IRQs 2, 8, 0
[    0.623648] hpet0: 3 comparators, 64-bit 100.000000 MHz counter
[    2.487452] clocksource: Switched to clocksource kvm-clock
[    2.488419] VFS: Disk quotas dquot_6.6.0
[    2.488695] VFS: Dquot-cache hash table entries: 512 (order 0, 4096 bytes)
[    2.488695] pnp: PnP ACPI init
[    2.488695] pnp: PnP ACPI: found 6 devices
[    2.497944] clocksource: acpi_pm: mask: 0xffffff max_cycles: 0xffffff, max_idle_ns: 2085701024 ns
[    2.498788] NET: Registered PF_INET protocol family
[    2.499229] IP idents hash table entries: 32768 (order: 6, 262144 bytes, linear)
[    2.500397] tcp_listen_portaddr_hash hash table entries: 1024 (order: 4, 73728 bytes, linear)
[    2.500959] Table-perturb hash table entries: 65536 (order: 6, 262144 bytes, linear)
[    2.501421] TCP established hash table entries: 16384 (order: 5, 131072 bytes, linear)
[    2.502076] TCP bind hash table entries: 16384 (order: 9, 2359296 bytes, linear)
[    2.504075] TCP: Hash tables configured (established 16384 bind 16384)
[    2.504587] UDP hash table entries: 1024 (order: 5, 163840 bytes, linear)
[    2.505082] UDP-Lite hash table entries: 1024 (order: 5, 163840 bytes, linear)
[    2.505668] NET: Registered PF_UNIX/PF_LOCAL protocol family
[    2.513117] RPC: Registered named UNIX socket transport module.
[    2.513485] RPC: Registered udp transport module.
[    2.513765] RPC: Registered tcp transport module.
[    2.514059] RPC: Registered tcp NFSv4.1 backchannel transport module.
[    2.514457] pci_bus 0000:00: resource 4 [io  0x0000-0x0cf7 window]
[    2.514828] pci_bus 0000:00: resource 5 [io  0x0d00-0xffff window]
[    2.515199] pci_bus 0000:00: resource 6 [mem 0x000a0000-0x000bffff window]
[    2.515607] pci_bus 0000:00: resource 7 [mem 0x80000000-0xfebfffff window]
[    2.516015] pci_bus 0000:00: resource 8 [mem 0x100000000-0x17fffffff window]
[    2.516619] pci 0000:00:01.0: PIIX3: Enabling Passive Release
[    2.516981] pci 0000:00:00.0: Limiting direct PCI/PCI transfers
[    2.517410] PCI: CLS 0 bytes, default 64
[    2.517682] ACPI: bus type thunderbolt registered
[    2.518213] clocksource: tsc: mask: 0xffffffffffffffff max_cycles: 0x3407c077a8d, max_idle_ns: 440795342283 ns
[    2.529131] Callback from call_rcu_tasks_rude() invoked.
[    2.589018] Callback from call_rcu_tasks() invoked.
[    2.633959] Initialise system trusted keyrings
[    2.634309] Key type blacklist registered
[    2.634823] workingset: timestamp_bits=36 max_order=19 bucket_order=0
[    2.635266] zbud: loaded
[    2.636067] squashfs: version 4.0 (2009/01/31) Phillip Lougher
[    2.636949] NFS: Registering the id_resolver key type
[    2.637269] Key type id_resolver registered
[    2.637523] Key type id_legacy registered
[    2.637785] nfs4filelayout_init: NFSv4 File Layout Driver Registering...
[    2.638206] nfs4flexfilelayout_init: NFSv4 Flexfile Layout Driver Registering...
[    2.638776] fuse: init (API version 7.38)
[    2.639166] SGI XFS with ACLs, security attributes, realtime, quota, no debug enabled
[    2.640039] 9p: Installing v9fs 9p2000 file system support
[    2.645676] Key type asymmetric registered
[    2.645960] Asymmetric key parser 'x509' registered
[    2.646314] Block layer SCSI generic (bsg) driver version 0.4 loaded (major 243)
[    2.646892] io scheduler mq-deadline registered
[    2.647201] io scheduler bfq registered
[    2.647887] shpchp: Standard Hot Plug PCI Controller Driver version: 0.4
[    2.648580] IPMI message handler: version 39.2
[    2.648880] ipmi device interface
[    2.650373] input: Power Button as /devices/LNXSYSTM:00/LNXPWRBN:00/input/input0
[    2.651010] ACPI: button: Power Button [PWRF]
[    2.652026] ERST DBG: ERST support is disabled.
[    2.652773] Serial: 8250/16550 driver, 32 ports, IRQ sharing enabled
[    2.653655] 00:04: ttyS0 at I/O 0x3f8 (irq = 4, base_baud = 115200) is a 16550A
[    2.660817] Linux agpgart interface v0.103
[    2.661681] ACPI: bus type drm_connector registered
[    2.671937] brd: module loaded
[    2.677644] loop: module loaded
[    2.682030] scsi host0: ata_piix
[    2.682696] scsi host1: ata_piix
[    2.683016] ata1: PATA max MWDMA2 cmd 0x1f0 ctl 0x3f6 bmdma 0xc040 irq 14
[    2.683411] ata2: PATA max MWDMA2 cmd 0x170 ctl 0x376 bmdma 0xc048 irq 15
[    2.684755] tun: Universal TUN/TAP device driver, 1.6
[    2.685186] e100: Intel(R) PRO/100 Network Driver
[    2.685461] e100: Copyright(c) 1999-2006 Intel Corporation
[    2.685808] e1000: Intel(R) PRO/1000 Network Driver
[    2.686097] e1000: Copyright (c) 1999-2006 Intel Corporation.
[    2.835425] ACPI: \_SB_.LNKC: Enabled at IRQ 11
[    2.841060] ata2: found unknown device (class 0)
[    2.841577] ata1: found unknown device (class 0)
[    2.842335] ata2.00: ATAPI: QEMU DVD-ROM, 2.5+, max UDMA/100
[    2.842799] ata1.00: ATA-7: QEMU HARDDISK, 2.5+, max UDMA/100
[    2.843150] ata1.00: 16777216 sectors, multi 16: LBA48 
[    2.844383] scsi 0:0:0:0: Direct-Access     ATA      QEMU HARDDISK    2.5+ PQ: 0 ANSI: 5
[    2.845908] sd 0:0:0:0: Attached scsi generic sg0 type 0
[    2.846046] sd 0:0:0:0: [sda] 16777216 512-byte logical blocks: (8.59 GB/8.00 GiB)
[    2.846688] scsi 1:0:0:0: CD-ROM            QEMU     QEMU DVD-ROM     2.5+ PQ: 0 ANSI: 5
[    2.846749] sd 0:0:0:0: [sda] Write Protect is off
[    2.847541] sd 0:0:0:0: [sda] Write cache: enabled, read cache: enabled, doesn't support DPO or FUA
[    2.848139] sd 0:0:0:0: [sda] Preferred minimum I/O size 512 bytes
[    2.861875] scsi 1:0:0:0: Attached scsi generic sg1 type 5
[    2.873500] sd 0:0:0:0: [sda] Attached SCSI disk
[    3.153236] e1000 0000:00:03.0 eth0: (PCI:33MHz:32-bit) 52:54:00:12:34:56
[    3.154041] e1000 0000:00:03.0 eth0: Intel(R) PRO/1000 Network Connection
[    3.154909] e1000e: Intel(R) PRO/1000 Network Driver
[    3.155475] e1000e: Copyright(c) 1999 - 2015 Intel Corporation.
[    3.156201] igb: Intel(R) Gigabit Ethernet Network Driver
[    3.156809] igb: Copyright (c) 2007-2014 Intel Corporation.
[    3.157567] PPP generic driver version 2.4.2
[    3.158813] VFIO - User Level meta-driver version: 0.3
[    3.159669] usbcore: registered new interface driver uas
[    3.160318] usbcore: registered new interface driver usb-storage
[    3.161175] i8042: PNP: PS/2 Controller [PNP0303:KBD,PNP0f13:MOU] at 0x60,0x64 irq 1,12
[    3.162663] serio: i8042 KBD port at 0x60,0x64 irq 1
[    3.162986] serio: i8042 AUX port at 0x60,0x64 irq 12
[    3.163870] mousedev: PS/2 mouse device common for all mice
[    3.164895] input: AT Translated Set 2 keyboard as /devices/platform/i8042/serio0/input/input1
[    3.166218] input: VirtualPS/2 VMware VMMouse as /devices/platform/i8042/serio1/input/input4
[    3.166844] rtc_cmos 00:05: RTC can wake from S4
[    3.167447] input: VirtualPS/2 VMware VMMouse as /devices/platform/i8042/serio1/input/input3
[    3.168735] rtc_cmos 00:05: registered as rtc0
[    3.169070] rtc_cmos 00:05: setting system clock to 2023-03-19T01:46:41 UTC (1679190401)
[    3.169697] rtc_cmos 00:05: alarms up to one day, y3k, 242 bytes nvram, hpet irqs
[    3.170214] i2c_dev: i2c /dev entries driver
[    3.170543] device-mapper: core: CONFIG_IMA_DISABLE_HTABLE is disabled. Duplicate IMA measurements will not be recorded in the IMA log.
[    3.171271] device-mapper: uevent: version 1.0.3
[    3.171726] device-mapper: ioctl: 4.47.0-ioctl (2022-07-28) initialised: dm-devel@redhat.com
[    3.172238] intel_pstate: CPU model not supported
[    3.172590] sdhci: Secure Digital Host Controller Interface driver
[    3.172971] sdhci: Copyright(c) Pierre Ossman
[    3.173291] sdhci-pltfm: SDHCI platform and OF driver helper
[    3.173696] ledtrig-cpu: registered to indicate activity on CPUs
[    3.174321] drop_monitor: Initializing network drop monitor service
[    3.174837] NET: Registered PF_INET6 protocol family
[    3.177173] Segment Routing with IPv6
[    3.177429] In-situ OAM (IOAM) with IPv6
[    3.177701] NET: Registered PF_PACKET protocol family
[    3.178120] 9pnet: Installing 9P2000 support
[    3.178426] Key type dns_resolver registered
[    3.179308] IPI shorthand broadcast: enabled
[    3.190828] sched_clock: Marking stable (3178821461, 10082923)->(3204510678, -15606294)
[    3.191800] registered taskstats version 1
[    3.192243] Loading compiled-in X.509 certificates
[    3.192649] zswap: loaded using pool lzo/zbud
[    3.204830] Key type .fscrypt registered
[    3.205326] Key type fscrypt-provisioning registered
[    3.206813] Key type encrypted registered
[    3.207089] ima: No TPM chip found, activating TPM-bypass!
[    3.207414] ima: Allocated hash algorithm: sha1
[    3.207705] ima: No architecture policies found
[    3.208029] evm: Initialising EVM extended attributes:
[    3.208326] evm: security.selinux
[    3.208520] evm: security.SMACK64
[    3.208716] evm: security.SMACK64EXEC
[    3.208945] evm: security.SMACK64TRANSMUTE
[    3.209184] evm: security.SMACK64MMAP
[    3.209398] evm: security.apparmor
[    3.209598] evm: security.ima
[    3.209774] evm: security.capability
[    3.209988] evm: HMAC attrs: 0x1
[    3.211155] PM:   Magic number: 15:746:761
[    3.211767] RAS: Correctable Errors collector initialized.
[    3.213747] md: Waiting for all devices to be available before autodetect
[    3.214110] md: If you don't use raid, use raid=noautodetect
[    3.214349] md: Autodetecting RAID arrays.
[    3.214529] md: autorun ...
[    3.214647] md: ... autorun DONE.
[    3.225357] EXT4-fs (sda): INFO: recovery required on readonly filesystem
[    3.225658] EXT4-fs (sda): write access will be enabled during recovery
[    3.288955] EXT4-fs (sda): recovery complete
[    3.295211] EXT4-fs (sda): mounted filesystem 23a53bb9-f815-47a5-b74c-5e08f7731193 with ordered data mode. Quota mode: none.
[    3.295712] VFS: Mounted root (ext4 filesystem) readonly on device 8:0.
[    3.296534] devtmpfs: mounted
[    3.303811] Freeing unused decrypted memory: 2036K
[    3.307412] Freeing unused kernel image (initmem) memory: 10176K
[    3.307708] Write protecting the kernel read-only data: 45056k
[    3.308891] Freeing unused kernel image (rodata/data gap) memory: 236K
[    3.379173] x86/mm: Checked W+X mappings: passed, no W+X pages found.
[    3.379478] Run /sbin/init as init process
[    3.444895] systemd[1]: RTC configured in localtime, applying delta of 0 minutes to system time.
[    3.465326] systemd[1]: systemd 239 (239-49.el8) running in system mode. (+PAM +AUDIT +SELINUX +IMA -APPARMOR +SMACK +SYSVINIT +UTMP +LIBCRYPTSETUP +GCRYPT +GNUTLS +ACL +XZ +LZ4 +SECCOMP +BLKID +ELFUTILS +KMOD +IDN2 -IDN +PCRE2 default-hierarchy=legacy)
[    3.466380] systemd[1]: Detected virtualization kvm.
[    3.466591] systemd[1]: Detected architecture x86-64.

Welcome to [0;31mCentOS Stream 8[0m!

[    3.522146] systemd[1]: Set hostname to <test>.
[    3.739157] systemd[1]: Set up automount Arbitrary Executable File Formats File System Automount Point.
[[0;32m  OK  [0m] Set up automount Arbitrary Executabâ€¦rmats File System Automount Point.
[    3.742402] systemd[1]: Created slice system-serial\x2dgetty.slice.
[[0;32m  OK  [0m] Created slice system-serial\x2dgetty.slice.
[    3.743398] systemd[1]: Listening on Journal Socket.
[[0;32m  OK  [0m] Listening on Journal Socket.
[    3.745141] systemd[1]: Listening on multipathd control socket.
[[0;32m  OK  [0m] Listening on multipathd control socket.
[    3.746420] systemd[1]: Created slice User and Session Slice.
[[0;32m  OK  [0m] Created slice User and Session Slice.
[    3.747019] systemd[1]: Reached target Slices.
[[0;32m  OK  [0m] Reached target Slices.
[[0;32m  OK  [0m] Listening on Device-mapper event daemon FIFOs.
[[0;32m  OK  [0m] Listening on LVM2 poll daemon socket.
[[0;32m  OK  [0m] Listening on udev Control Socket.
[[0;32m  OK  [0m] Reached target Swap.
         Starting Monitoring of LVM2 mirrorsâ€¦ng dmeventd or progress polling...
[[0;32m  OK  [0m] Started Forward Password Requests to Wall Directory Watch.
[[0;32m  OK  [0m] Listening on Journal Socket (/dev/log).
         Starting Journal Service...
         Mounting Kernel Debug File System...
         Mounting POSIX Message Queue File System...
[[0;32m  OK  [0m] Listening on RPCbind Server Activation Socket.
[[0;32m  OK  [0m] Reached target RPC Port Mapper.
[[0;32m  OK  [0m] Listening on Process Core Dump Socket.
         Starting Load Kernel Modules...
         Starting Remount Root and Kernel File Systems...
[[0;32m  OK  [0m] Created slice system-getty.slice.
         Mounting Huge Pages File System...
[[0;32m  OK  [0m] Listening on udev Kernel Socket.
         Starting udev Coldplug all Devices...
[[0;32m  OK  [0m] Listening on initctl Compatibility Named Pipe.
[[0;32m  OK  [0m] Created slice system-sshd\x2dkeygen.slice.
         Starting Setup Virtual Console...
[[0;32m  OK  [0m] Started Journal Service.
[[0;32m  OK  [0m] Mounted Kernel Debug File System.
[[0;32m  OK  [0m] Mounted POSIX Message Queue File System.
[[0;1;31mFAILED[0m] Failed to start Load Kernel Modules.
See 'systemctl status systemd-modules-load.service' for details.
[[0;32m  OK  [0m] Mounted Huge Pages File System.
         Starting Apply Kernel Variables...
         Mounting Kernel Configuration File System...
         Mounting FUSE Control File System...
[    4.044954] EXT4-fs (sda): re-mounted 23a53bb9-f815-47a5-b74c-5e08f7731193. Quota mode: none.
[[0;32m  OK  [0m] Started Remount Root and Kernel File Systems.
[[0;32m  OK  [0m] Started Apply Kernel Variables.
[[0;32m  OK  [0m] Mounted Kernel Configuration File System.
[[0;32m  OK  [0m] Mounted FUSE Control File System.
         Starting Flush Journal to Persistent Storage...
         Starting Load/Save Random Seed...
         Starting Create Static Device Nodes in /dev...
[[0;32m  OK  [0m] Started Setup Virtual Console.
[[0;32m  OK  [0m] Started Load/Save Random Seed.
[[0;32m  OK  [0m] Started Create Static Device Nodes in /dev.
         Starting udev Kernel Device Manager...
[[0;32m  OK  [0m] Started Flush Journal to Persistent Storage.
[[0;32m  OK  [0m] Started udev Coldplug all Devices.
         Starting udev Wait for Complete Device Initialization...
[[0;32m  OK  [0m] Started udev Kernel Device Manager.
         Starting Show Plymouth Boot Screen...
[[0;32m  OK  [0m] Started Show Plymouth Boot Screen.
[[0;32m  OK  [0m] Reached target Local Encrypted Volumes.
[[0;32m  OK  [0m] Reached target Paths.
[[0;32m  OK  [0m] Started Forward Password Requests to Plymouth Directory Watch.
[[0;32m  OK  [0m] Found device /dev/ttyS0.
[[0;32m  OK  [0m] Started Monitoring of LVM2 mirrors,â€¦sing dmeventd or progress polling.
[[0;32m  OK  [0m] Started udev Wait for Complete Device Initialization.
[[0;32m  OK  [0m] Listening on Load/Save RF Kill Switch Status /dev/rfkill Watch.
[[0;32m  OK  [0m] Reached target Local File Systems (Pre).
[[0;32m  OK  [0m] Reached target Local File Systems.
         Starting Restore /run/initramfs on shutdown...
         Starting Tell Plymouth To Write Out Runtime Data...
         Starting Create Volatile Files and Directories...
[[0;32m  OK  [0m] Started Restore /run/initramfs on shutdown.
[[0;32m  OK  [0m] Started Tell Plymouth To Write Out Runtime Data.
[[0;32m  OK  [0m] Started Create Volatile Files and Directories.
         Starting RPC Bind...
         Mounting RPC Pipe File System...
         Starting Security Auditing Service...
[[0;32m  OK  [0m] Mounted RPC Pipe File System.
[[0;32m  OK  [0m] Reached target rpc_pipefs.target.
[[0;32m  OK  [0m] Started RPC Bind.
[[0;32m  OK  [0m] Started Security Auditing Service.
         Starting Update UTMP about System Boot/Shutdown...
[[0;32m  OK  [0m] Started Update UTMP about System Boot/Shutdown.
[[0;32m  OK  [0m] Reached target System Initialization.
[[0;32m  OK  [0m] Started daily update of the root trust anchor for DNSSEC.
[[0;32m  OK  [0m] Started dnf makecache --timer.
[[0;32m  OK  [0m] Listening on SSSD Kerberos Cache Manager responder socket.
[[0;32m  OK  [0m] Listening on D-Bus System Message Bus Socket.
[[0;32m  OK  [0m] Reached target Sockets.
[[0;32m  OK  [0m] Reached target Basic System.
[[0;32m  OK  [0m] Started Machine Check Exception Logging Daemon.
[[0;32m  OK  [0m] Started D-Bus System Message Bus.
[[0;32m  OK  [0m] Started irqbalance daemon.
         Starting Auto-connect to subsystemsâ€¦-NVME devices found during boot...
         Starting Authorization Manager...
         Starting NTP client/server...
         Starting Self Monitoring and Reporting Technology (SMART) Daemon...
[[0;32m  OK  [0m] Reached target sshd-keygen.target.
         Starting Network Manager...
[[0;32m  OK  [0m] Started Daily Cleanup of Temporary Directories.
[[0;32m  OK  [0m] Reached target Timers.
         Starting Login Service...
[[0;32m  OK  [0m] Started Auto-connect to subsystems â€¦FC-NVME devices found during boot.
         Starting update of the root trust aâ€¦or DNSSEC validation in unbound...
[[0;32m  OK  [0m] Started Self Monitoring and Reporting Technology (SMART) Daemon.
[[0;32m  OK  [0m] Started Login Service.
[[0;32m  OK  [0m] Started update of the root trust anâ€¦ for DNSSEC validation in unbound.
[[0;32m  OK  [0m] Started Network Manager.
[[0;32m  OK  [0m] Reached target Network.
         Starting OpenSSH server daemon...
         Starting Dynamic System Tuning Daemon...
         Starting GSSAPI Proxy Daemon...
         Starting Network Manager Wait Online...
[[0;32m  OK  [0m] Started NTP client/server.
[[0;32m  OK  [0m] Started Authorization Manager.
[[0;32m  OK  [0m] Started OpenSSH server daemon.
         Starting Hostname Service...
[[0;32m  OK  [0m] Started GSSAPI Proxy Daemon.
[[0;32m  OK  [0m] Reached target NFS client services.
[[0;32m  OK  [0m] Reached target Remote File Systems (Pre).
[[0;32m  OK  [0m] Reached target Remote File Systems.
         Starting Permit User Sessions...
[[0;32m  OK  [0m] Started Permit User Sessions.
         Starting Terminate Plymouth Boot Screen...
[[0;32m  OK  [0m] Started Command Scheduler.
         Starting Hold until boot process finishes up...
[    5.681046] e1000: eth0 NIC Link is Up 1000 Mbps Full Duplex, Flow Control: RX
[    5.681735] IPv6: ADDRCONF(NETDEV_CHANGE): eth0: link becomes ready
[    5.824996] Spectre V2 : WARNING: Unprivileged eBPF is enabled with eIBRS on, data leaks possible via Spectre v2 BHB attacks!
[    5.825513] Spectre V2 : WARNING: Unprivileged eBPF is enabled with eIBRS on, data leaks possible via Spectre v2 BHB attacks!

CentOS Stream 8
Kernel 6.2.0-rc6-d80c0f00d047+ on an x86_64

test login: [   30.342448] hrtimer: interrupt took 14618952 ns
[   41.124889] rcu_tasks_wait_gp: rcu_tasks grace period number 9 (since boot) is 2599 jiffies old.
[   71.139467] rcu_tasks_wait_gp: rcu_tasks grace period number 9 (since boot) is 10103 jiffies old.
[  161.286816] rcu_tasks_wait_gp: rcu_tasks grace period number 9 (since boot) is 32640 jiffies old.
[  300.131591] INFO: task repro:543 blocked for more than 147 seconds.
[  300.133457]       Not tainted 6.2.0-rc6-d80c0f00d047+ #1
[  300.134837] "echo 0 > /proc/sys/kernel/hung_task_timeout_secs" disables this message.
[  300.136488] task:repro           state:D stack:0     pid:543   ppid:520    flags:0x00004002
[  300.139079] Call Trace:
[  300.140181]  <TASK>
[  300.143456]  __schedule+0x385/0xb00
[  300.147608]  schedule+0x5b/0xe0
[  300.149500]  schedule_preempt_disabled+0x1c/0x30
[  300.151106]  __mutex_lock+0x880/0xf30
[  300.153337]  ? perf_trace_destroy+0x21/0xa0
[  300.154879]  ? perf_trace_destroy+0x21/0xa0
[  300.158116]  ? __pfx_tp_perf_event_destroy+0x10/0x10
[  300.160385]  mutex_lock_nested+0x1f/0x30
[  300.162911]  ? mutex_lock_nested+0x1f/0x30
[  300.164464]  perf_trace_destroy+0x21/0xa0
[  300.167242]  ? __pfx_tp_perf_event_destroy+0x10/0x10
[  300.170489]  tp_perf_event_destroy+0x1e/0x30
[  300.172364]  _free_event+0x101/0x7e0
[  300.176015]  put_event+0x3c/0x50
[  300.179026]  perf_event_release_kernel+0x2de/0x360
[  300.180502]  ? perf_event_release_kernel+0x9/0x360
[  300.184221]  ? __pfx_perf_release+0x10/0x10
[  300.187348]  perf_release+0x22/0x30
[  300.190670]  __fput+0x11f/0x450
[  300.195739]  ____fput+0x1e/0x30
[  300.198395]  task_work_run+0xb6/0x120
[  300.201274]  do_exit+0x521/0x1340
[  300.203478]  ? write_comp_data+0x2f/0x90
[  300.206544]  do_group_exit+0x5e/0xf0
[  300.209258]  get_signal+0x14b6/0x14c0
[  300.214889]  arch_do_signal_or_restart+0x33/0x280
[  300.218429]  ? syscall_exit_to_user_mode+0x2d/0x60
[  300.222217]  exit_to_user_mode_prepare+0x13b/0x210
[  300.224323]  syscall_exit_to_user_mode+0x2d/0x60
[  300.227276]  do_syscall_64+0x4a/0x90
[  300.229253]  entry_SYSCALL_64_after_hwframe+0x72/0xdc
[  300.230818] RIP: 0033:0x7f3dbeccd59d
[  300.232293] RSP: 002b:00007f3dbeba6ca8 EFLAGS: 00000246 ORIG_RAX: 000000000000012a
[  300.234593] RAX: 0000000000000003 RBX: 0000000000000000 RCX: 00007f3dbeccd59d
[  300.236190] RDX: 0000000000000000 RSI: 00000000ffffffff RDI: 00000000200004c0
[  300.239050] RBP: 00007f3dbeba6e00 R08: 0000000000000000 R09: 0000000000000000
[  300.240708] R10: 00000000ffffffff R11: 0000000000000246 R12: 00007fff455a89fe
[  300.242538] R13: 00007fff455a89ff R14: 00007fff455a8a90 R15: 00007f3dbeba7700
[  300.248132]  </TASK>
[  300.276513] INFO: task repro:547 blocked for more than 147 seconds.
[  300.279476]       Not tainted 6.2.0-rc6-d80c0f00d047+ #1
[  300.282544] "echo 0 > /proc/sys/kernel/hung_task_timeout_secs" disables this message.
[  300.284312] task:repro           state:D stack:0     pid:547   ppid:526    flags:0x00004002
[  300.287802] Call Trace:
[  300.289161]  <TASK>
[  300.291367]  __schedule+0x385/0xb00
[  300.296373]  schedule+0x5b/0xe0
[  300.299139]  schedule_preempt_disabled+0x1c/0x30
[  300.300847]  __mutex_lock+0x880/0xf30
[  300.304136]  ? perf_trace_destroy+0x21/0xa0
[  300.306890]  ? perf_trace_destroy+0x21/0xa0
[  300.310270]  ? __pfx_tp_perf_event_destroy+0x10/0x10
[  300.312531]  mutex_lock_nested+0x1f/0x30
[  300.315157]  ? mutex_lock_nested+0x1f/0x30
[  300.316735]  perf_trace_destroy+0x21/0xa0
[  300.319479]  ? __pfx_tp_perf_event_destroy+0x10/0x10
[  300.321405]  tp_perf_event_destroy+0x1e/0x30
[  300.323207]  _free_event+0x101/0x7e0
[  300.326796]  put_event+0x3c/0x50
[  300.328716]  perf_event_release_kernel+0x2de/0x360
[  300.331393]  ? perf_event_release_kernel+0x9/0x360
[  300.334183]  ? __pfx_perf_release+0x10/0x10
[  300.336165]  perf_release+0x22/0x30
[  300.339057]  __fput+0x11f/0x450
[  300.342419]  ____fput+0x1e/0x30
[  300.344137]  task_work_run+0xb6/0x120
[  300.348518]  do_exit+0x521/0x1340
[  300.352001]  ? write_comp_data+0x2f/0x90
[  300.356898]  do_group_exit+0x5e/0xf0
[  300.360577]  get_signal+0x14b6/0x14c0
[  300.365734]  arch_do_signal_or_restart+0x33/0x280
[  300.370649]  ? syscall_exit_to_user_mode+0x2d/0x60
[  300.373522]  exit_to_user_mode_prepare+0x13b/0x210
[  300.375583]  syscall_exit_to_user_mode+0x2d/0x60
[  300.379062]  do_syscall_64+0x4a/0x90
[  300.380805]  entry_SYSCALL_64_after_hwframe+0x72/0xdc
[  300.383541] RIP: 0033:0x7f3dbeccd59d
[  300.387256] RSP: 002b:00007f3dbeba6ca8 EFLAGS: 00000246 ORIG_RAX: 000000000000012a
[  300.390600] RAX: 0000000000000003 RBX: 0000000000000000 RCX: 00007f3dbeccd59d
[  300.392256] RDX: 0000000000000000 RSI: 00000000ffffffff RDI: 00000000200004c0
[  300.395105] RBP: 00007f3dbeba6e00 R08: 0000000000000000 R09: 0000000000000000
[  300.396763] R10: 00000000ffffffff R11: 0000000000000246 R12: 00007fff455a89fe
[  300.399605] R13: 00007fff455a89ff R14: 00007fff455a8a90 R15: 00007f3dbeba7700
[  300.406462]  </TASK>
[  300.412277] INFO: task iou-sqp-576:578 blocked for more than 147 seconds.
[  300.415219]       Not tainted 6.2.0-rc6-d80c0f00d047+ #1
[  300.416660] "echo 0 > /proc/sys/kernel/hung_task_timeout_secs" disables this message.
[  300.418741] task:iou-sqp-576     state:D stack:0     pid:578   ppid:527    flags:0x00004002
[  300.422238] Call Trace:
[  300.423379]  <TASK>
[  300.425702]  __schedule+0x385/0xb00
[  300.429977]  schedule+0x5b/0xe0
[  300.431744]  schedule_preempt_disabled+0x1c/0x30
[  300.434655]  __mutex_lock+0x880/0xf30
[  300.436833]  ? perf_trace_destroy+0x21/0xa0
[  300.439541]  ? perf_trace_destroy+0x21/0xa0
[  300.443796]  ? __pfx_tp_perf_event_destroy+0x10/0x10
[  300.447275]  mutex_lock_nested+0x1f/0x30
[  300.448771]  ? mutex_lock_nested+0x1f/0x30
[  300.451539]  perf_trace_destroy+0x21/0xa0
[  300.454269]  ? __pfx_tp_perf_event_destroy+0x10/0x10
[  300.456034]  tp_perf_event_destroy+0x1e/0x30
[  300.459184]  _free_event+0x101/0x7e0
[  300.461941]  put_event+0x3c/0x50
[  300.463857]  perf_event_release_kernel+0x2de/0x360
[  300.467704]  ? perf_event_release_kernel+0x9/0x360
[  300.471489]  ? __pfx_perf_release+0x10/0x10
[  300.473762]  perf_release+0x22/0x30
[  300.475520]  __fput+0x11f/0x450
[  300.479803]  ____fput+0x1e/0x30
[  300.481852]  task_work_run+0xb6/0x120
[  300.484561]  do_exit+0x521/0x1340
[  300.488088]  ? _raw_spin_unlock_irqrestore+0x49/0x70
[  300.492895]  io_sq_thread.cold.15+0x104/0x104
[  300.497510]  ? __pfx_autoremove_wake_function+0x10/0x10
[  300.500083]  ? __pfx_io_sq_thread+0x10/0x10
[  300.503648]  ret_from_fork+0x29/0x50
[  300.506277] RIP: 0033:0x0
[  300.507673] RSP: 002b:0000000000000000 EFLAGS: 00000203 ORIG_RAX: 00000000000001a9
[  300.511152] RAX: 0000000000000000 RBX: 0000000000000000 RCX: 00007f3dbeccd59d
[  300.513147] RDX: 0000000020ffe000 RSI: 0000000020000080 RDI: 0000000000000169
[  300.514931] RBP: 00007f3dbeb85ca0 R08: 0000000020000000 R09: 0000000020000000
[  300.516691] R10: 0000000020000040 R11: 0000000000000203 R12: 00007fff455a89fe
[  300.519590] R13: 00007fff455a89ff R14: 00007fff455a8a90 R15: 00007f3dbeb86700
[  300.526529]  </TASK>
[  300.529771] INFO: task repro:557 blocked for more than 147 seconds.
[  300.531475]       Not tainted 6.2.0-rc6-d80c0f00d047+ #1
[  300.535428] "echo 0 > /proc/sys/kernel/hung_task_timeout_secs" disables this message.
[  300.538496] task:repro           state:D stack:0     pid:557   ppid:528    flags:0x00004002
[  300.541210] Call Trace:
[  300.542407]  <TASK>
[  300.544645]  __schedule+0x385/0xb00
[  300.549390]  schedule+0x5b/0xe0
[  300.551203]  schedule_preempt_disabled+0x1c/0x30
[  300.553162]  __mutex_lock+0x880/0xf30
[  300.555317]  ? perf_trace_destroy+0x21/0xa0
[  300.558073]  ? perf_trace_destroy+0x21/0xa0
[  300.561426]  ? __pfx_tp_perf_event_destroy+0x10/0x10
[  300.563766]  mutex_lock_nested+0x1f/0x30
[  300.565462]  ? mutex_lock_nested+0x1f/0x30
[  300.567111]  perf_trace_destroy+0x21/0xa0
[  300.568748]  ? __pfx_tp_perf_event_destroy+0x10/0x10
[  300.571658]  tp_perf_event_destroy+0x1e/0x30
[  300.573782]  _free_event+0x101/0x7e0
[  300.576302]  put_event+0x3c/0x50
[  300.579854]  perf_event_release_kernel+0x2de/0x360
[  300.582619]  ? perf_event_release_kernel+0x9/0x360
[  300.585618]  ? __pfx_perf_release+0x10/0x10
[  300.587692]  perf_release+0x22/0x30
[  300.590613]  __fput+0x11f/0x450
[  300.594044]  ____fput+0x1e/0x30
[  300.595806]  task_work_run+0xb6/0x120
[  300.599665]  do_exit+0x521/0x1340
[  300.603153]  ? write_comp_data+0x2f/0x90
[  300.606281]  do_group_exit+0x5e/0xf0
[  300.608837]  get_signal+0x14b6/0x14c0
[  300.614920]  arch_do_signal_or_restart+0x33/0x280
[  300.618575]  ? syscall_exit_to_user_mode+0x2d/0x60
[  300.621518]  exit_to_user_mode_prepare+0x13b/0x210
[  300.623700]  syscall_exit_to_user_mode+0x2d/0x60
[  300.626774]  do_syscall_64+0x4a/0x90
[  300.628581]  entry_SYSCALL_64_after_hwframe+0x72/0xdc
[  300.630415] RIP: 0033:0x7f3dbeccd59d
[  300.631944] RSP: 002b:00007f3dbeba6ca8 EFLAGS: 00000246 ORIG_RAX: 000000000000012a
[  300.635427] RAX: 0000000000000003 RBX: 0000000000000000 RCX: 00007f3dbeccd59d
[  300.638890] RDX: 0000000000000000 RSI: 00000000ffffffff RDI: 00000000200004c0
[  300.640676] RBP: 00007f3dbeba6e00 R08: 0000000000000000 R09: 0000000000000000
[  300.642797] R10: 00000000ffffffff R11: 0000000000000246 R12: 00007fff455a89fe
[  300.644565] R13: 00007fff455a89ff R14: 00007fff455a8a90 R15: 00007f3dbeba7700
[  300.651632]  </TASK>
[  300.655792] INFO: task repro:556 blocked for more than 147 seconds.
[  300.659393]       Not tainted 6.2.0-rc6-d80c0f00d047+ #1
[  300.661291] "echo 0 > /proc/sys/kernel/hung_task_timeout_secs" disables this message.
[  300.663144] task:repro           state:D stack:0     pid:556   ppid:531    flags:0x00004002
[  300.667382] Call Trace:
[  300.668594]  <TASK>
[  300.672060]  __schedule+0x385/0xb00
[  300.677464]  schedule+0x5b/0xe0
[  300.679250]  schedule_preempt_disabled+0x1c/0x30
[  300.681203]  __mutex_lock+0x880/0xf30
[  300.683366]  ? perf_trace_destroy+0x21/0xa0
[  300.686176]  ? perf_trace_destroy+0x21/0xa0
[  300.689662]  ? __pfx_tp_perf_event_destroy+0x10/0x10
[  300.692016]  mutex_lock_nested+0x1f/0x30
[  300.695108]  ? mutex_lock_nested+0x1f/0x30
[  300.696791]  perf_trace_destroy+0x21/0xa0
[  300.699624]  ? __pfx_tp_perf_event_destroy+0x10/0x10
[  300.701629]  tp_perf_event_destroy+0x1e/0x30
[  300.703485]  _free_event+0x101/0x7e0
[  300.706232]  put_event+0x3c/0x50
[  300.708208]  perf_event_release_kernel+0x2de/0x360
[  300.710992]  ? perf_event_release_kernel+0x9/0x360
[  300.713883]  ? __pfx_perf_release+0x10/0x10
[  300.715957]  perf_release+0x22/0x30
[  300.718897]  __fput+0x11f/0x450
[  300.722306]  ____fput+0x1e/0x30
[  300.724060]  task_work_run+0xb6/0x120
[  300.727936]  do_exit+0x521/0x1340
[  300.731426]  ? write_comp_data+0x2f/0x90
[  300.734546]  do_group_exit+0x5e/0xf0
[  300.738219]  get_signal+0x14b6/0x14c0
[  300.743215]  arch_do_signal_or_restart+0x33/0x280
[  300.746858]  ? syscall_exit_to_user_mode+0x2d/0x60
[  300.749810]  exit_to_user_mode_prepare+0x13b/0x210
[  300.753317]  syscall_exit_to_user_mode+0x2d/0x60
[  300.755293]  do_syscall_64+0x4a/0x90
[  300.757296]  entry_SYSCALL_64_after_hwframe+0x72/0xdc
[  300.758925] RIP: 0033:0x7f3dbeccd59d
[  300.760444] RSP: 002b:00007f3dbeba6ca8 EFLAGS: 00000246 ORIG_RAX: 000000000000012a
[  300.763868] RAX: 0000000000000003 RBX: 0000000000000000 RCX: 00007f3dbeccd59d
[  300.766831] RDX: 0000000000000000 RSI: 00000000ffffffff RDI: 00000000200004c0
[  300.768597] RBP: 00007f3dbeba6e00 R08: 0000000000000000 R09: 0000000000000000
[  300.771605] R10: 00000000ffffffff R11: 0000000000000246 R12: 00007fff455a89fe
[  300.774568] R13: 00007fff455a89ff R14: 00007fff455a8a90 R15: 00007f3dbeba7700
[  300.780348]  </TASK>
[  300.785993] INFO: task repro:555 blocked for more than 148 seconds.
[  300.787671]       Not tainted 6.2.0-rc6-d80c0f00d047+ #1
[  300.789547] "echo 0 > /proc/sys/kernel/hung_task_timeout_secs" disables this message.
[  300.791382] task:repro           state:D stack:0     pid:555   ppid:532    flags:0x00004002
[  300.795503] Call Trace:
[  300.796622]  <TASK>
[  300.799882]  __schedule+0x385/0xb00
[  300.803893]  schedule+0x5b/0xe0
[  300.805745]  schedule_preempt_disabled+0x1c/0x30
[  300.807344]  __mutex_lock+0x880/0xf30
[  300.810413]  ? perf_trace_destroy+0x21/0xa0
[  300.811982]  ? perf_trace_destroy+0x21/0xa0
[  300.816461]  ? __pfx_tp_perf_event_destroy+0x10/0x10
[  300.819769]  mutex_lock_nested+0x1f/0x30
[  300.821372]  ? mutex_lock_nested+0x1f/0x30
[  300.822875]  perf_trace_destroy+0x21/0xa0
[  300.824384]  ? __pfx_tp_perf_event_destroy+0x10/0x10
[  300.827145]  tp_perf_event_destroy+0x1e/0x30
[  300.828894]  _free_event+0x101/0x7e0
[  300.832436]  put_event+0x3c/0x50
[  300.835366]  perf_event_release_kernel+0x2de/0x360
[  300.836846]  ? perf_event_release_kernel+0x9/0x360
[  300.840486]  ? __pfx_perf_release+0x10/0x10
[  300.843496]  perf_release+0x22/0x30
[  300.845372]  __fput+0x11f/0x450
[  300.848439]  ____fput+0x1e/0x30
[  300.851272]  task_work_run+0xb6/0x120
[  300.854044]  do_exit+0x521/0x1340
[  300.856231]  ? write_comp_data+0x2f/0x90
[  300.860141]  do_group_exit+0x5e/0xf0
[  300.863701]  get_signal+0x14b6/0x14c0
[  300.870322]  arch_do_signal_or_restart+0x33/0x280
[  300.873851]  ? syscall_exit_to_user_mode+0x2d/0x60
[  300.876400]  exit_to_user_mode_prepare+0x13b/0x210
[  300.879494]  syscall_exit_to_user_mode+0x2d/0x60
[  300.881518]  do_syscall_64+0x4a/0x90
[  300.883214]  entry_SYSCALL_64_after_hwframe+0x72/0xdc
[  300.884695] RIP: 0033:0x7f3dbeccd59d
[  300.887207] RSP: 002b:00007f3dbeba6ca8 EFLAGS: 00000246 ORIG_RAX: 000000000000012a
[  300.890370] RAX: 0000000000000003 RBX: 0000000000000000 RCX: 00007f3dbeccd59d
[  300.891989] RDX: 0000000000000000 RSI: 00000000ffffffff RDI: 00000000200004c0
[  300.894765] RBP: 00007f3dbeba6e00 R08: 0000000000000000 R09: 0000000000000000
[  300.896341] R10: 00000000ffffffff R11: 0000000000000246 R12: 00007fff455a89fe
[  300.899528] R13: 00007fff455a89ff R14: 00007fff455a8a90 R15: 00007f3dbeba7700
[  300.905322]  </TASK>
[  300.908263] INFO: task repro:559 blocked for more than 148 seconds.
[  300.911205]       Not tainted 6.2.0-rc6-d80c0f00d047+ #1
[  300.912609] "echo 0 > /proc/sys/kernel/hung_task_timeout_secs" disables this message.
[  300.916295] task:repro           state:D stack:0     pid:559   ppid:535    flags:0x00004002
[  300.919715] Call Trace:
[  300.920830]  <TASK>
[  300.924106]  __schedule+0x385/0xb00
[  300.928626]  ? wait_for_completion+0x7b/0x180
[  300.930470]  schedule+0x5b/0xe0
[  300.932094]  schedule_timeout+0x561/0x650
[  300.937206]  ? schedule_timeout+0x9/0x650
[  300.940009]  ? wait_for_completion+0x7b/0x180
[  300.942737]  wait_for_completion+0xa6/0x180
[  300.946115]  __wait_rcu_gp+0x136/0x160
[  300.948049]  ? __pfx_arch_ftrace_ops_list_func+0x10/0x10
[  300.950709]  ? __pfx_arch_ftrace_ops_list_func+0x10/0x10
[  300.952533]  synchronize_rcu_tasks_generic.part.24+0x3b/0x60
[  300.955254]  ? __pfx_call_rcu_tasks+0x10/0x10
[  300.956864]  ? __pfx_wakeme_after_rcu+0x10/0x10
[  300.960872]  ? verify_cpu+0x90/0x100
[  300.966115]  synchronize_rcu_tasks_generic+0x2b/0x70
[  300.967972]  synchronize_rcu_tasks+0x19/0x20
[  300.970692]  ftrace_shutdown+0x1d2/0x410
[  300.973685]  unregister_ftrace_function+0x35/0x220
[  300.975744]  ? __sanitizer_cov_trace_switch+0x57/0xa0
[  300.979397]  perf_ftrace_event_register+0x95/0xf0
[  300.981278]  ? __pfx_tp_perf_event_destroy+0x10/0x10
[  300.982920]  perf_trace_destroy+0x3a/0xa0
[  300.984468]  ? __pfx_tp_perf_event_destroy+0x10/0x10
[  300.987251]  tp_perf_event_destroy+0x1e/0x30
[  300.990091]  _free_event+0x101/0x7e0
[  300.992531]  put_event+0x3c/0x50
[  300.995997]  perf_event_release_kernel+0x2de/0x360
[  300.998661]  ? perf_event_release_kernel+0x9/0x360
[  301.001494]  ? __pfx_perf_release+0x10/0x10
[  301.003444]  perf_release+0x22/0x30
[  301.005298]  __fput+0x11f/0x450
[  301.008352]  ____fput+0x1e/0x30
[  301.011187]  task_work_run+0xb6/0x120
[  301.014017]  do_exit+0x521/0x1340
[  301.016228]  ? write_comp_data+0x2f/0x90
[  301.020155]  do_group_exit+0x5e/0xf0
[  301.023728]  get_signal+0x14b6/0x14c0
[  301.029651]  arch_do_signal_or_restart+0x33/0x280
[  301.034048]  ? syscall_exit_to_user_mode+0x2d/0x60
[  301.036596]  exit_to_user_mode_prepare+0x13b/0x210
[  301.038799]  syscall_exit_to_user_mode+0x2d/0x60
[  301.040580]  do_syscall_64+0x4a/0x90
[  301.042504]  entry_SYSCALL_64_after_hwframe+0x72/0xdc
[  301.043962] RIP: 0033:0x7f3dbeccd59d
[  301.046509] RSP: 002b:00007f3dbeba6ca8 EFLAGS: 00000246 ORIG_RAX: 000000000000012a
[  301.048605] RAX: 0000000000000003 RBX: 0000000000000000 RCX: 00007f3dbeccd59d
[  301.051417] RDX: 0000000000000000 RSI: 00000000ffffffff RDI: 00000000200004c0
[  301.054787] RBP: 00007f3dbeba6e00 R08: 0000000000000000 R09: 0000000000000000
[  301.056456] R10: 00000000ffffffff R11: 0000000000000246 R12: 00007fff455a89fe
[  301.059502] R13: 00007fff455a89ff R14: 00007fff455a8a90 R15: 00007f3dbeba7700
[  301.065290]  </TASK>
[  301.066441] 
[  301.066441] Showing all locks held in the system:
[  301.067976] 1 lock held by rcu_tasks_kthre/11:
[  301.070376]  #0: ffffffff83d617b0 (rcu_tasks.tasks_gp_mutex){+.+.}-{3:3}, at: rcu_tasks_one_gp+0x2d/0x3d0
[  301.075697] 1 lock held by rcu_tasks_rude_/12:
[  301.078134]  #0: ffffffff83d61530 (rcu_tasks_rude.tasks_gp_mutex){+.+.}-{3:3}, at: rcu_tasks_one_gp+0x2d/0x3d0
[  301.084094] 1 lock held by rcu_tasks_trace/13:
[  301.086564]  #0: ffffffff83d61270 (rcu_tasks_trace.tasks_gp_mutex){+.+.}-{3:3}, at: rcu_tasks_one_gp+0x2d/0x3d0
[  301.091933] 1 lock held by khungtaskd/29:
[  301.094341]  #0: ffffffff83d621c0 (rcu_read_lock){....}-{1:2}, at: debug_show_all_locks+0x27/0x18c
[  301.099643] 1 lock held by repro/543:
[  301.100876]  #0: ffffffff83e1e348 (event_mutex){+.+.}-{3:3}, at: perf_trace_destroy+0x21/0xa0
[  301.107567] 1 lock held by repro/547:
[  301.108826]  #0: ffffffff83e1e348 (event_mutex){+.+.}-{3:3}, at: perf_trace_destroy+0x21/0xa0
[  301.115723] 1 lock held by iou-sqp-576/578:
[  301.118132]  #0: ffffffff83e1e348 (event_mutex){+.+.}-{3:3}, at: perf_trace_destroy+0x21/0xa0
[  301.123305] 1 lock held by repro/557:
[  301.124511]  #0: ffffffff83e1e348 (event_mutex){+.+.}-{3:3}, at: perf_trace_destroy+0x21/0xa0
[  301.128720] 1 lock held by repro/556:
[  301.130173]  #0: ffffffff83e1e348 (event_mutex){+.+.}-{3:3}, at: perf_trace_destroy+0x21/0xa0
[  301.135354] 1 lock held by repro/555:
[  301.142699]  #0: ffffffff83e1e348 (event_mutex){+.+.}-{3:3}, at: perf_trace_destroy+0x21/0xa0
[  301.147891] 2 locks held by repro/559:
[  301.150993]  #0: ffffffff83e1e348 (event_mutex){+.+.}-{3:3}, at: perf_trace_destroy+0x21/0xa0
[  301.156130]  #1: ffffffff83e1aa28 (ftrace_lock){+.+.}-{3:3}, at: unregister_ftrace_function+0x2b/0x220
[  301.162583] 
[  301.163586] =============================================
[  301.163586] 
[  431.683546] rcu_tasks_wait_gp: rcu_tasks grace period number 9 (since boot) is 100239 jiffies old.
[  447.588021] INFO: task repro:543 blocked for more than 294 seconds.
[  447.591120]       Not tainted 6.2.0-rc6-d80c0f00d047+ #1
[  447.592600] "echo 0 > /proc/sys/kernel/hung_task_timeout_secs" disables this message.
[  447.596210] task:repro           state:D stack:0     pid:543   ppid:520    flags:0x00004002
[  447.598912] Call Trace:
[  447.600075]  <TASK>
[  447.603314]  __schedule+0x385/0xb00
[  447.607452]  schedule+0x5b/0xe0
[  447.610328]  schedule_preempt_disabled+0x1c/0x30
[  447.612105]  __mutex_lock+0x880/0xf30
[  447.615433]  ? perf_trace_destroy+0x21/0xa0
[  447.617336]  ? perf_trace_destroy+0x21/0xa0
[  447.620470]  ? __pfx_tp_perf_event_destroy+0x10/0x10
[  447.623960]  mutex_lock_nested+0x1f/0x30
[  447.626532]  ? mutex_lock_nested+0x1f/0x30
[  447.628171]  perf_trace_destroy+0x21/0xa0
[  447.630935]  ? __pfx_tp_perf_event_destroy+0x10/0x10
[  447.632676]  tp_perf_event_destroy+0x1e/0x30
[  447.634721]  _free_event+0x101/0x7e0
[  447.637367]  put_event+0x3c/0x50
[  447.639302]  perf_event_release_kernel+0x2de/0x360
[  447.640831]  ? perf_event_release_kernel+0x9/0x360
[  447.644637]  ? __pfx_perf_release+0x10/0x10
[  447.648220]  perf_release+0x22/0x30
[  447.651731]  __fput+0x11f/0x450
[  447.655199]  ____fput+0x1e/0x30
[  447.657211]  task_work_run+0xb6/0x120
[  447.659924]  do_exit+0x521/0x1340
[  447.663407]  ? write_comp_data+0x2f/0x90
[  447.667461]  do_group_exit+0x5e/0xf0
[  447.670243]  get_signal+0x14b6/0x14c0
[  447.675174]  arch_do_signal_or_restart+0x33/0x280
[  447.678783]  ? syscall_exit_to_user_mode+0x2d/0x60
[  447.682523]  exit_to_user_mode_prepare+0x13b/0x210
[  447.684660]  syscall_exit_to_user_mode+0x2d/0x60
[  447.686821]  do_syscall_64+0x4a/0x90
[  447.688605]  entry_SYSCALL_64_after_hwframe+0x72/0xdc
[  447.690565] RIP: 0033:0x7f3dbeccd59d
[  447.692085] RSP: 002b:00007f3dbeba6ca8 EFLAGS: 00000246 ORIG_RAX: 000000000000012a
[  447.695598] RAX: 0000000000000003 RBX: 0000000000000000 RCX: 00007f3dbeccd59d
[  447.698478] RDX: 0000000000000000 RSI: 00000000ffffffff RDI: 00000000200004c0
[  447.700237] RBP: 00007f3dbeba6e00 R08: 0000000000000000 R09: 0000000000000000
[  447.703247] R10: 00000000ffffffff R11: 0000000000000246 R12: 00007fff455a89fe
[  447.706851] R13: 00007fff455a89ff R14: 00007fff455a8a90 R15: 00007f3dbeba7700
[  447.712704]  </TASK>
[  447.715565] INFO: task repro:547 blocked for more than 295 seconds.
[  447.718648]       Not tainted 6.2.0-rc6-d80c0f00d047+ #1
[  447.720213] "echo 0 > /proc/sys/kernel/hung_task_timeout_secs" disables this message.
[  447.723761] task:repro           state:D stack:0     pid:547   ppid:526    flags:0x00004002
[  447.727440] Call Trace:
[  447.728623]  <TASK>
[  447.732046]  __schedule+0x385/0xb00
[  447.738051]  schedule+0x5b/0xe0
[  447.739841]  schedule_preempt_disabled+0x1c/0x30
[  447.742780]  __mutex_lock+0x880/0xf30
[  447.746029]  ? perf_trace_destroy+0x21/0xa0
[  447.747713]  ? perf_trace_destroy+0x21/0xa0
[  447.751066]  ? __pfx_tp_perf_event_destroy+0x10/0x10
[  447.753619]  mutex_lock_nested+0x1f/0x30
[  447.755077]  ? mutex_lock_nested+0x1f/0x30
[  447.756712]  perf_trace_destroy+0x21/0xa0
[  447.759543]  ? __pfx_tp_perf_event_destroy+0x10/0x10
[  447.761605]  tp_perf_event_destroy+0x1e/0x30
[  447.763470]  _free_event+0x101/0x7e0
[  447.766214]  put_event+0x3c/0x50
[  447.768176]  perf_event_release_kernel+0x2de/0x360
[  447.770936]  ? perf_event_release_kernel+0x9/0x360
[  447.773806]  ? __pfx_perf_release+0x10/0x10
[  447.775874]  perf_release+0x22/0x30
[  447.778820]  __fput+0x11f/0x450
[  447.782270]  ____fput+0x1e/0x30
[  447.784035]  task_work_run+0xb6/0x120
[  447.787876]  do_exit+0x521/0x1340
[  447.791372]  ? write_comp_data+0x2f/0x90
[  447.794636]  do_group_exit+0x5e/0xf0
[  447.797424]  get_signal+0x14b6/0x14c0
[  447.802416]  arch_do_signal_or_restart+0x33/0x280
[  447.806144]  ? syscall_exit_to_user_mode+0x2d/0x60
[  447.808874]  exit_to_user_mode_prepare+0x13b/0x210
[  447.812217]  syscall_exit_to_user_mode+0x2d/0x60
[  447.815333]  do_syscall_64+0x4a/0x90
[  447.817387]  entry_SYSCALL_64_after_hwframe+0x72/0xdc
[  447.819006] RIP: 0033:0x7f3dbeccd59d
[  447.820522] RSP: 002b:00007f3dbeba6ca8 EFLAGS: 00000246 ORIG_RAX: 000000000000012a
[  447.824422] RAX: 0000000000000003 RBX: 0000000000000000 RCX: 00007f3dbeccd59d
[  447.827454] RDX: 0000000000000000 RSI: 00000000ffffffff RDI: 00000000200004c0
[  447.830367] RBP: 00007f3dbeba6e00 R08: 0000000000000000 R09: 0000000000000000
[  447.832130] R10: 00000000ffffffff R11: 0000000000000246 R12: 00007fff455a89fe
[  447.835110] R13: 00007fff455a89ff R14: 00007fff455a8a90 R15: 00007f3dbeba7700
[  447.842005]  </TASK>
[  447.849207] INFO: task iou-sqp-576:578 blocked for more than 295 seconds.
[  447.850977]       Not tainted 6.2.0-rc6-d80c0f00d047+ #1
[  447.852510] "echo 0 > /proc/sys/kernel/hung_task_timeout_secs" disables this message.
[  447.856483] task:iou-sqp-576     state:D stack:0     pid:578   ppid:527    flags:0x00004002
[  447.860117] Call Trace:
[  447.862460]  <TASK>
[  447.864692]  __schedule+0x385/0xb00
[  447.870901]  schedule+0x5b/0xe0
[  447.872673]  schedule_preempt_disabled+0x1c/0x30
[  447.874648]  __mutex_lock+0x880/0xf30
[  447.876810]  ? perf_trace_destroy+0x21/0xa0
[  447.879644]  ? perf_trace_destroy+0x21/0xa0
[  447.882966]  ? __pfx_tp_perf_event_destroy+0x10/0x10
[  447.885581]  mutex_lock_nested+0x1f/0x30
[  447.887058]  ? mutex_lock_nested+0x1f/0x30
[  447.888692]  perf_trace_destroy+0x21/0xa0
[  447.891558]  ? __pfx_tp_perf_event_destroy+0x10/0x10
[  447.893517]  tp_perf_event_destroy+0x1e/0x30
[  447.895377]  _free_event+0x101/0x7e0
[  447.898211]  put_event+0x3c/0x50
[  447.900210]  perf_event_release_kernel+0x2de/0x360
[  447.902939]  ? perf_event_release_kernel+0x9/0x360
[  447.905775]  ? __pfx_perf_release+0x10/0x10
[  447.907805]  perf_release+0x22/0x30
[  447.910664]  __fput+0x11f/0x450
[  447.914077]  ____fput+0x1e/0x30
[  447.915847]  task_work_run+0xb6/0x120
[  447.919688]  do_exit+0x521/0x1340
[  447.922278]  ? _raw_spin_unlock_irqrestore+0x49/0x70
[  447.926339]  io_sq_thread.cold.15+0x104/0x104
[  447.929723]  ? __pfx_autoremove_wake_function+0x10/0x10
[  447.932311]  ? __pfx_io_sq_thread+0x10/0x10
[  447.935898]  ret_from_fork+0x29/0x50
[  447.938539] RIP: 0033:0x0
[  447.939971] RSP: 002b:0000000000000000 EFLAGS: 00000203 ORIG_RAX: 00000000000001a9
[  447.943784] RAX: 0000000000000000 RBX: 0000000000000000 RCX: 00007f3dbeccd59d
[  447.946754] RDX: 0000000020ffe000 RSI: 0000000020000080 RDI: 0000000000000169
[  447.948519] RBP: 00007f3dbeb85ca0 R08: 0000000020000000 R09: 0000000020000000
[  447.951507] R10: 0000000020000040 R11: 0000000000000203 R12: 00007fff455a89fe
[  447.954399] R13: 00007fff455a89ff R14: 00007fff455a8a90 R15: 00007f3dbeb86700
[  447.960226]  </TASK>
[  447.964303] 
[  447.964303] Showing all locks held in the system:
[  447.968054] 1 lock held by rcu_tasks_kthre/11:
[  447.971938]  #0: ffffffff83d617b0 (rcu_tasks.tasks_gp_mutex){+.+.}-{3:3}, at: rcu_tasks_one_gp+0x2d/0x3d0
[  447.978576] 1 lock held by rcu_tasks_rude_/12:
[  447.979974]  #0: ffffffff83d61530 (rcu_tasks_rude.tasks_gp_mutex){+.+.}-{3:3}, at: rcu_tasks_one_gp+0x2d/0x3d0
[  447.984666] 1 lock held by rcu_tasks_trace/13:
[  447.986295]  #0: ffffffff83d61270 (rcu_tasks_trace.tasks_gp_mutex){+.+.}-{3:3}, at: rcu_tasks_one_gp+0x2d/0x3d0
[  447.991785] 1 lock held by khungtaskd/29:
[  447.993395]  #0: ffffffff83d621c0 (rcu_read_lock){....}-{1:2}, at: debug_show_all_locks+0x27/0x18c
[  447.998897] 1 lock held by systemd-journal/118:
[  448.000356] 1 lock held by repro/543:
[  448.004361]  #0: ffffffff83e1e348 (event_mutex){+.+.}-{3:3}, at: perf_trace_destroy+0x21/0xa0
[  448.010997] 1 lock held by repro/547:
[  448.012321]  #0: ffffffff83e1e348 (event_mutex){+.+.}-{3:3}, at: perf_trace_destroy+0x21/0xa0
[  448.018941] 1 lock held by iou-sqp-576/578:
[  448.020339]  #0: ffffffff83e1e348 (event_mutex){+.+.}-{3:3}, at: perf_trace_destroy+0x21/0xa0
[  448.026953] 1 lock held by repro/557:
[  448.028273]  #0: ffffffff83e1e348 (event_mutex){+.+.}-{3:3}, at: perf_trace_destroy+0x21/0xa0
[  448.032781] 1 lock held by repro/556:
[  448.035264]  #0: ffffffff83e1e348 (event_mutex){+.+.}-{3:3}, at: perf_trace_destroy+0x21/0xa0
[  448.040696] 1 lock held by repro/555:
[  448.042262]  #0: ffffffff83e1e348 (event_mutex){+.+.}-{3:3}, at: perf_trace_destroy+0x21/0xa0
[  448.047712] 2 locks held by repro/559:
[  448.050192]  #0: ffffffff83e1e348 (event_mutex){+.+.}-{3:3}, at: perf_trace_destroy+0x21/0xa0
[  448.055658]  #1: ffffffff83e1aa28 (ftrace_lock){+.+.}-{3:3}, at: unregister_ftrace_function+0x2b/0x220
[  448.060242] 
[  448.062817] =============================================
[  448.062817] 
[  631.364464] INFO: rcu_tasks detected stalls on tasks:
[  631.367220] 00000000e5101cbc: .. nvcsw: 1/1 holdout: 1 idle_cpu: -1/1
[  631.368756] task:repro           state:R  running task     stack:0     pid:583   ppid:529    flags:0x00004004
[  631.371970] Call Trace:
[  631.374131]  <TASK>
[  631.375172]  ? preempt_count_sub+0x9/0xb0
[  631.377717]  ? io_cq_unlock_post+0x9/0xb0
[  631.379383]  ? io_cqring_wait+0x2f9/0xa20
[  631.382929]  ? io_cqring_wait+0x3e9/0xa20
[  631.384887]  ? io_cqring_do_overflow_flush+0x37/0x90
[  631.387995]  ? io_cqring_wait+0x6c3/0xa20
[  631.391802]  ? __pfx_io_wake_function+0x10/0x10
[  631.396445]  ? __x64_sys_io_uring_enter+0x27a/0x760
[  631.399067]  ? __pfx___x64_sys_io_uring_enter+0x10/0x10
[  631.403522]  ? do_syscall_64+0x3b/0x90
[  631.405478]  ? entry_SYSCALL_64_after_hwframe+0x72/0xdc
[  631.410820]  </TASK>
[ 1231.459826] INFO: rcu_tasks detected stalls on tasks:
[ 1231.462508] 00000000e5101cbc: .. nvcsw: 1/1 holdout: 1 idle_cpu: -1/1
[ 1231.463960] task:repro           state:R  running task     stack:0     pid:583   ppid:529    flags:0x00004004
[ 1231.468421] Call Trace:
[ 1231.470561]  <TASK>
[ 1231.473128]  ? io_cq_unlock_post+0x8d/0xb0
[ 1231.474630]  ? lock_is_held_type+0xe6/0x140
[ 1231.476097]  ? __io_cqring_overflow_flush+0x89/0x360
[ 1231.479398]  ? io_cqring_wait+0x3e9/0xa20
[ 1231.481419]  ? io_cqring_do_overflow_flush+0x37/0x90
[ 1231.483320]  ? io_cqring_wait+0x881/0xa20
[ 1231.486958]  ? __pfx_io_wake_function+0x10/0x10
[ 1231.490688]  ? __x64_sys_io_uring_enter+0x27a/0x760
[ 1231.492105]  ? __pfx___x64_sys_io_uring_enter+0x10/0x10
[ 1231.497498]  ? do_syscall_64+0x3b/0x90
[ 1231.499118]  ? entry_SYSCALL_64_after_hwframe+0x72/0xdc
[ 1231.504244]  </TASK>
[ 1831.620553] INFO: rcu_tasks detected stalls on tasks:
[ 1831.623235] 00000000e5101cbc: .. nvcsw: 1/1 holdout: 1 idle_cpu: -1/1
[ 1831.624661] task:repro           state:R  running task     stack:0     pid:583   ppid:529    flags:0x00004004
[ 1831.627673] Call Trace:
[ 1831.628712]  <TASK>
[ 1831.630962]  __wake_up+0x17/0x20
[ 1831.632358]  ? io_cq_unlock_post+0x8d/0xb0
[ 1831.635392]  ? _raw_spin_lock_irqsave+0x31/0x70
[ 1831.637144]  ? __cond_resched+0x9/0x30
[ 1831.638760]  ? io_cqring_wait+0x3e9/0xa20
[ 1831.640534]  ? io_cqring_do_overflow_flush+0x37/0x90
[ 1831.643522]  ? io_cqring_wait+0x881/0xa20
[ 1831.646371]  ? __pfx_io_wake_function+0x10/0x10
[ 1831.650086]  ? __x64_sys_io_uring_enter+0x27a/0x760
[ 1831.651510]  ? __pfx___x64_sys_io_uring_enter+0x10/0x10
[ 1831.655775]  ? do_syscall_64+0x3b/0x90
[ 1831.657590]  ? entry_SYSCALL_64_after_hwframe+0x72/0xdc
[ 1831.662722]  </TASK>
