c[?7l[2J[0mSeaBIOS (version rel-1.16.0-0-gd239552ce722-prebuilt.qemu.org)


iPXE (http://ipxe.org) 00:03.0 CA00 PCI2.10 PnP PMM+7FF91000+7FEF1000 CA00
Press Ctrl-B to configure iPXE (PCI 00:03.0)...                                                                               


Booting from ROM..c[?7l[2J[    0.000000] Linux version 6.3.0-rc2-eeac8ede1755+ (root@p-adls01) (gcc (GCC) 8.5.0 20210514 (Red Hat 8.5.0-18), GNU ld version 2.36.1-2.el8) #1 SMP PREEMPT_DYNAMIC Mon Mar 13 19:17:17 CST 2023
[    0.000000] Command line: console=ttyS0 root=/dev/sda earlyprintk=serial net.ifnames=0
[    0.000000] KERNEL supported cpus:
[    0.000000]   Intel GenuineIntel
[    0.000000]   AMD AuthenticAMD
[    0.000000]   Hygon HygonGenuine
[    0.000000]   Centaur CentaurHauls
[    0.000000]   zhaoxin   Shanghai  
[    0.000000] x86/fpu: Supporting XSAVE feature 0x001: 'x87 floating point registers'
[    0.000000] x86/fpu: Supporting XSAVE feature 0x002: 'SSE registers'
[    0.000000] x86/fpu: Supporting XSAVE feature 0x004: 'AVX registers'
[    0.000000] x86/fpu: Supporting XSAVE feature 0x200: 'Protection Keys User registers'
[    0.000000] x86/fpu: xstate_offset[2]:  576, xstate_sizes[2]:  256
[    0.000000] x86/fpu: xstate_offset[9]:  832, xstate_sizes[9]:    8
[    0.000000] x86/fpu: Enabled xstate features 0x207, context size is 840 bytes, using 'compacted' format.
[    0.000000] signal: max sigframe size: 3632
[    0.000000] BIOS-provided physical RAM map:
[    0.000000] BIOS-e820: [mem 0x0000000000000000-0x000000000009fbff] usable
[    0.000000] BIOS-e820: [mem 0x000000000009fc00-0x000000000009ffff] reserved
[    0.000000] BIOS-e820: [mem 0x00000000000f0000-0x00000000000fffff] reserved
[    0.000000] BIOS-e820: [mem 0x0000000000100000-0x000000007ffdffff] usable
[    0.000000] BIOS-e820: [mem 0x000000007ffe0000-0x000000007fffffff] reserved
[    0.000000] BIOS-e820: [mem 0x00000000feffc000-0x00000000feffffff] reserved
[    0.000000] BIOS-e820: [mem 0x00000000fffc0000-0x00000000ffffffff] reserved
[    0.000000] printk: bootconsole [earlyser0] enabled
[    0.000000] NX (Execute Disable) protection: active
[    0.000000] SMBIOS 2.8 present.
[    0.000000] DMI: QEMU Standard PC (i440FX + PIIX, 1996), BIOS rel-1.16.0-0-gd239552ce722-prebuilt.qemu.org 04/01/2014
[    0.000000] Hypervisor detected: KVM
[    0.000000] kvm-clock: Using msrs 4b564d01 and 4b564d00
[    0.000001] kvm-clock: using sched offset of 396822986 cycles
[    0.000322] clocksource: kvm-clock: mask: 0xffffffffffffffff max_cycles: 0x1cd42e4dffb, max_idle_ns: 881590591483 ns
[    0.001346] tsc: Detected 3609.600 MHz processor
[    0.004000] last_pfn = 0x7ffe0 max_arch_pfn = 0x400000000
[    0.004000] x86/PAT: Configuration [0-7]: WB  WC  UC- UC  WB  WP  UC- WT  
[    0.004000] found SMP MP-table at [mem 0x000f5ba0-0x000f5baf]
[    0.004000] Using GB pages for direct mapping
[    0.004000] ACPI: Early table checksum verification disabled
[    0.004000] ACPI: RSDP 0x00000000000F59C0 000014 (v00 BOCHS )
[    0.004000] ACPI: RSDT 0x000000007FFE1951 000034 (v01 BOCHS  BXPC     00000001 BXPC 00000001)
[    0.004000] ACPI: FACP 0x000000007FFE17FD 000074 (v01 BOCHS  BXPC     00000001 BXPC 00000001)
[    0.004000] ACPI: DSDT 0x000000007FFE0040 0017BD (v01 BOCHS  BXPC     00000001 BXPC 00000001)
[    0.004000] ACPI: FACS 0x000000007FFE0000 000040
[    0.004000] ACPI: APIC 0x000000007FFE1871 000080 (v01 BOCHS  BXPC     00000001 BXPC 00000001)
[    0.004000] ACPI: HPET 0x000000007FFE18F1 000038 (v01 BOCHS  BXPC     00000001 BXPC 00000001)
[    0.004000] ACPI: WAET 0x000000007FFE1929 000028 (v01 BOCHS  BXPC     00000001 BXPC 00000001)
[    0.004000] ACPI: Reserving FACP table memory at [mem 0x7ffe17fd-0x7ffe1870]
[    0.004000] ACPI: Reserving DSDT table memory at [mem 0x7ffe0040-0x7ffe17fc]
[    0.004000] ACPI: Reserving FACS table memory at [mem 0x7ffe0000-0x7ffe003f]
[    0.004000] ACPI: Reserving APIC table memory at [mem 0x7ffe1871-0x7ffe18f0]
[    0.004000] ACPI: Reserving HPET table memory at [mem 0x7ffe18f1-0x7ffe1928]
[    0.004000] ACPI: Reserving WAET table memory at [mem 0x7ffe1929-0x7ffe1950]
[    0.004000] No NUMA configuration found
[    0.004000] Faking a node at [mem 0x0000000000000000-0x000000007ffdffff]
[    0.004000] NODE_DATA(0) allocated [mem 0x7ffb5000-0x7ffdffff]
[    0.004000] Zone ranges:
[    0.004000]   DMA      [mem 0x0000000000001000-0x0000000000ffffff]
[    0.004000]   DMA32    [mem 0x0000000001000000-0x000000007ffdffff]
[    0.004000]   Normal   empty
[    0.004000]   Device   empty
[    0.004000] Movable zone start for each node
[    0.004000] Early memory node ranges
[    0.004000]   node   0: [mem 0x0000000000001000-0x000000000009efff]
[    0.004000]   node   0: [mem 0x0000000000100000-0x000000007ffdffff]
[    0.004000] Initmem setup node 0 [mem 0x0000000000001000-0x000000007ffdffff]
[    0.004000] On node 0, zone DMA: 1 pages in unavailable ranges
[    0.004000] On node 0, zone DMA: 97 pages in unavailable ranges
[    0.004000] On node 0, zone DMA32: 32 pages in unavailable ranges
[    0.004000] ACPI: PM-Timer IO Port: 0x608
[    0.004000] ACPI: LAPIC_NMI (acpi_id[0xff] dfl dfl lint[0x1])
[    0.004000] IOAPIC[0]: apic_id 0, version 17, address 0xfec00000, GSI 0-23
[    0.004000] ACPI: INT_SRC_OVR (bus 0 bus_irq 0 global_irq 2 dfl dfl)
[    0.004000] ACPI: INT_SRC_OVR (bus 0 bus_irq 5 global_irq 5 high level)
[    0.004000] ACPI: INT_SRC_OVR (bus 0 bus_irq 9 global_irq 9 high level)
[    0.004000] ACPI: INT_SRC_OVR (bus 0 bus_irq 10 global_irq 10 high level)
[    0.004000] ACPI: INT_SRC_OVR (bus 0 bus_irq 11 global_irq 11 high level)
[    0.004000] ACPI: Using ACPI (MADT) for SMP configuration information
[    0.004000] ACPI: HPET id: 0x8086a201 base: 0xfed00000
[    0.004000] TSC deadline timer available
[    0.004000] smpboot: Allowing 2 CPUs, 0 hotplug CPUs
[    0.004000] kvm-guest: KVM setup pv remote TLB flush
[    0.004000] kvm-guest: setup PV sched yield
[    0.004000] PM: hibernation: Registered nosave memory: [mem 0x00000000-0x00000fff]
[    0.004000] PM: hibernation: Registered nosave memory: [mem 0x0009f000-0x0009ffff]
[    0.004000] PM: hibernation: Registered nosave memory: [mem 0x000a0000-0x000effff]
[    0.004000] PM: hibernation: Registered nosave memory: [mem 0x000f0000-0x000fffff]
[    0.004000] [mem 0x80000000-0xfeffbfff] available for PCI devices
[    0.004000] Booting paravirtualized kernel on KVM
[    0.004000] clocksource: refined-jiffies: mask: 0xffffffff max_cycles: 0xffffffff, max_idle_ns: 7645519600211568 ns
[    0.004000] setup_percpu: NR_CPUS:8192 nr_cpumask_bits:2 nr_cpu_ids:2 nr_node_ids:1
[    0.004000] percpu: Embedded 65 pages/cpu s229376 r8192 d28672 u1048576
[    0.004000] kvm-guest: PV spinlocks enabled
[    0.004000] PV qspinlock hash table entries: 256 (order: 0, 4096 bytes, linear)
[    0.004000] Fallback order for Node 0: 0 
[    0.004000] Built 1 zonelists, mobility grouping on.  Total pages: 515808
[    0.004000] Policy zone: DMA32
[    0.004000] Kernel command line: net.ifnames=0 console=ttyS0 root=/dev/sda earlyprintk=serial net.ifnames=0
[    0.004000] random: crng init done
[    0.004000] Dentry cache hash table entries: 262144 (order: 9, 2097152 bytes, linear)
[    0.004000] Inode-cache hash table entries: 131072 (order: 8, 1048576 bytes, linear)
[    0.004000] mem auto-init: stack:off, heap alloc:off, heap free:off
[    0.004000] Memory: 1964888K/2096632K available (36864K kernel code, 4578K rwdata, 9848K rodata, 10508K init, 31780K bss, 131488K reserved, 0K cma-reserved)
[    0.004000] SLUB: HWalign=64, Order=0-3, MinObjects=0, CPUs=2, Nodes=1
[    0.004000] kmemleak: Kernel memory leak detector disabled
[    0.004000] ftrace: allocating 68737 entries in 269 pages
[    0.004000] ftrace: allocated 269 pages with 4 groups
[    0.004000] Dynamic Preempt: voluntary
[    0.004000] Running RCU self tests
[    0.004000] Running RCU synchronous self tests
[    0.004000] rcu: Preemptible hierarchical RCU implementation.
[    0.004000] rcu: 	RCU lockdep checking is enabled.
[    0.004000] rcu: 	RCU restricting CPUs from NR_CPUS=8192 to nr_cpu_ids=2.
[    0.004000] 	Trampoline variant of Tasks RCU enabled.
[    0.004000] 	Rude variant of Tasks RCU enabled.
[    0.004000] 	Tracing variant of Tasks RCU enabled.
[    0.004000] rcu: RCU calculated value of scheduler-enlistment delay is 25 jiffies.
[    0.004000] rcu: Adjusting geometry for rcu_fanout_leaf=16, nr_cpu_ids=2
[    0.004000] Running RCU synchronous self tests
[    0.004000] NR_IRQS: 524544, nr_irqs: 440, preallocated irqs: 16
[    0.004000] rcu: srcu_init: Setting srcu_struct sizes based on contention.
[    0.004000] Console: colour VGA+ 80x25
[    0.004000] printk: console [ttyS0] enabled
[    0.004000] printk: console [ttyS0] enabled
[    0.004000] printk: bootconsole [earlyser0] disabled
[    0.004000] printk: bootconsole [earlyser0] disabled
[    0.004000] Lock dependency validator: Copyright (c) 2006 Red Hat, Inc., Ingo Molnar
[    0.004000] ... MAX_LOCKDEP_SUBCLASSES:  8
[    0.004000] ... MAX_LOCK_DEPTH:          48
[    0.004000] ... MAX_LOCKDEP_KEYS:        8192
[    0.004000] ... CLASSHASH_SIZE:          4096
[    0.004000] ... MAX_LOCKDEP_ENTRIES:     32768
[    0.004000] ... MAX_LOCKDEP_CHAINS:      65536
[    0.004000] ... CHAINHASH_SIZE:          32768
[    0.004000]  memory used by lock dependency info: 6365 kB
[    0.004000]  memory used for stack traces: 4224 kB
[    0.004000]  per task-struct memory footprint: 1920 bytes
[    0.004000] ACPI: Core revision 20221020
[    0.004000] clocksource: hpet: mask: 0xffffffff max_cycles: 0xffffffff, max_idle_ns: 19112604467 ns
[    0.004000] APIC: Switch to symmetric I/O mode setup
[    0.004000] x2apic enabled
[    0.004000] Switched APIC routing to physical x2apic.
[    0.004000] kvm-guest: setup PV IPIs
[    0.004000] ..TIMER: vector=0x30 apic1=0 pin1=2 apic2=-1 pin2=-1
[    0.004000] clocksource: tsc-early: mask: 0xffffffffffffffff max_cycles: 0x3407c077a8d, max_idle_ns: 440795342283 ns
[    0.140396] Calibrating delay loop (skipped) preset value.. 7219.20 BogoMIPS (lpj=14438400)
[    0.140912] pid_max: default: 32768 minimum: 301
[    0.141284] LSM: initializing lsm=capability,yama,integrity
[    0.144400] Yama: becoming mindful.
[    0.144753] Mount-cache hash table entries: 4096 (order: 3, 32768 bytes, linear)
[    0.145215] Mountpoint-cache hash table entries: 4096 (order: 3, 32768 bytes, linear)
[    0.147659] x86/cpu: User Mode Instruction Prevention (UMIP) activated
[    0.148645] Last level iTLB entries: 4KB 0, 2MB 0, 4MB 0
[    0.149003] Last level dTLB entries: 4KB 0, 2MB 0, 4MB 0, 1GB 0
[    0.149386] Spectre V1 : Mitigation: usercopy/swapgs barriers and __user pointer sanitization
[    0.149903] Spectre V2 : WARNING: Unprivileged eBPF is enabled with eIBRS on, data leaks possible via Spectre v2 BHB attacks!
[    0.150580] Spectre V2 : Mitigation: Enhanced / Automatic IBRS
[    0.150922] Spectre V2 : Spectre v2 / SpectreRSB mitigation: Filling RSB on context switch
[    0.151401] Spectre V2 : Spectre v2 / PBRSB-eIBRS: Retire a single CALL on VMEXIT
[    0.151840] Spectre V2 : mitigation: Enabling conditional Indirect Branch Prediction Barrier
[    0.152391] Speculative Store Bypass: Mitigation: Speculative Store Bypass disabled via prctl
[    0.245048] Freeing SMP alternatives memory: 56K
[    0.245389] Running RCU synchronous self tests
[    0.245654] Running RCU synchronous self tests
[    0.246218] smpboot: CPU0: 12th Gen Intel(R) Core(TM) i7-12700K (family: 0x6, model: 0x97, stepping: 0x2)
[    0.247176] cblist_init_generic: Setting adjustable number of callback queues.
[    0.247611] cblist_init_generic: Setting shift to 1 and lim to 1.
[    0.248019] cblist_init_generic: Setting shift to 1 and lim to 1.
[    0.248384] cblist_init_generic: Setting shift to 1 and lim to 1.
[    0.248384] Running RCU-tasks wait API self tests
[    0.348539] Performance Events: Alderlake Hybrid events, full-width counters, Intel PMU driver.
[    0.349554] core: cpu_core PMU driver: 
[    0.349793] ... version:                2
[    0.350033] ... bit width:              48
[    0.350275] ... generic registers:      6
[    0.350513] ... value mask:             0000ffffffffffff
[    0.350825] ... max period:             00007fffffffffff
[    0.351136] ... fixed-purpose events:   3
[    0.351374] ... event mask:             0001000f0000003f
[    0.351858] rcu: Hierarchical SRCU implementation.
[    0.352155] rcu: 	Max phase no-delay instances is 1000.
[    0.353683] unchecked MSR access error: WRMSR to 0x38f (tried to write 0x0001000f0000003f) at rIP: 0xffffffff810e0c2c (native_write_msr+0xc/0x30)
[    0.354461] Call Trace:
[    0.354610]  <TASK>
[    0.354741]  __intel_pmu_enable_all.constprop.49+0xb5/0x140
[    0.355082]  intel_pmu_enable_all+0x1e/0x30
[    0.355339]  x86_pmu_enable+0x46d/0x5a0
[    0.355575]  ? write_comp_data+0x2f/0x90
[    0.355826]  perf_pmu_enable+0x53/0x70
[    0.356059]  ctx_resched+0x14d/0x1e0
[    0.356287]  __perf_install_in_context+0x2f7/0x470
[    0.356384]  ? lock_is_held_type+0xe6/0x140
[    0.356384]  ? __pfx_remote_function+0x10/0x10
[    0.356384]  remote_function+0x80/0xa0
[    0.356384]  ? __pfx_remote_function+0x10/0x10
[    0.356384]  generic_exec_single+0x124/0x190
[    0.356384]  smp_call_function_single+0x11c/0x240
[    0.356384]  ? __pfx_remote_function+0x10/0x10
[    0.356384]  ? __sanitizer_cov_trace_pc+0x25/0x60
[    0.356384]  ? write_comp_data+0x2f/0x90
[    0.356384]  perf_install_in_context+0x2d8/0x300
[    0.356384]  ? __pfx___perf_install_in_context+0x10/0x10
[    0.356384]  perf_event_create_kernel_counter+0x284/0x2b0
[    0.356384]  ? __pfx_watchdog_overflow_callback+0x10/0x10
[    0.356384]  hardlockup_detector_event_create+0x46/0xd0
[    0.356384]  hardlockup_detector_perf_init+0x18/0x80
[    0.356384]  watchdog_nmi_probe+0x17/0x20
[    0.356384]  lockup_detector_init+0x40/0xb0
[    0.356384]  kernel_init_freeable+0x37e/0x8c0
[    0.356384]  ? __pfx_kernel_init+0x10/0x10
[    0.356384]  kernel_init+0x24/0x1e0
[    0.356384]  ? __pfx_kernel_init+0x10/0x10
[    0.356384]  ret_from_fork+0x29/0x50
[    0.356384]  </TASK>
[    0.356410] Callback from call_rcu_tasks_trace() invoked.
[    0.356919] smp: Bringing up secondary CPUs ...
[    0.357921] x86: Booting SMP configuration:
[    0.358189] .... node  #0, CPUs:      #1
[    0.358453] smp: Brought up 1 node, 2 CPUs
[    0.358453] smpboot: Max logical packages: 1
[    0.358453] smpboot: Total of 2 processors activated (14438.40 BogoMIPS)
[    0.362057] devtmpfs: initialized
[    0.362057] x86/mm: Memory block size: 128MB
[    0.364692] Running RCU synchronous self tests
[    0.364963] Running RCU synchronous self tests
[    0.365258] clocksource: jiffies: mask: 0xffffffff max_cycles: 0xffffffff, max_idle_ns: 7645041785100000 ns
[    0.365836] futex hash table entries: 512 (order: 4, 65536 bytes, linear)
[    0.366443] pinctrl core: initialized pinctrl subsystem
[    0.367203] 
[    0.367300] *************************************************************
[    0.367696] **     NOTICE NOTICE NOTICE NOTICE NOTICE NOTICE NOTICE    **
[    0.368398] **                                                         **
[    0.368792] **  IOMMU DebugFS SUPPORT HAS BEEN ENABLED IN THIS KERNEL  **
[    0.369187] **                                                         **
[    0.369581] ** This means that this kernel is built to expose internal **
[    0.369979] ** IOMMU data structures, which may compromise security on **
[    0.370373] ** your system.                                            **
[    0.370769] **                                                         **
[    0.371164] ** If you see this message and you are not debugging the   **
[    0.371558] ** kernel, report this immediately to your vendor!         **
[    0.371953] **                                                         **
[    0.372348] **     NOTICE NOTICE NOTICE NOTICE NOTICE NOTICE NOTICE    **
[    0.372388] *************************************************************
[    0.372819] PM: RTC time: 13:58:34, date: 2023-03-18
[    0.375570] NET: Registered PF_NETLINK/PF_ROUTE protocol family
[    0.376432] DMA: preallocated 256 KiB GFP_KERNEL pool for atomic allocations
[    0.376860] DMA: preallocated 256 KiB GFP_KERNEL|GFP_DMA pool for atomic allocations
[    0.377321] DMA: preallocated 256 KiB GFP_KERNEL|GFP_DMA32 pool for atomic allocations
[    0.377821] audit: initializing netlink subsys (disabled)
[    0.378206] audit: type=2000 audit(1679147915.478:1): state=initialized audit_enabled=0 res=1
[    0.378206] thermal_sys: Registered thermal governor 'fair_share'
[    0.378206] thermal_sys: Registered thermal governor 'bang_bang'
[    0.378206] thermal_sys: Registered thermal governor 'step_wise'
[    0.378206] thermal_sys: Registered thermal governor 'user_space'
[    0.378206] cpuidle: using governor ladder
[    0.380399] cpuidle: using governor menu
[    0.380860] acpiphp: ACPI Hot Plug PCI Controller Driver version: 0.5
[    0.381489] PCI: Using configuration type 1 for base access
[    0.382576] kprobes: kprobe jump-optimization is enabled. All kprobes are optimized if possible.
[    0.575783] HugeTLB: registered 1.00 GiB page size, pre-allocated 0 pages
[    0.576235] HugeTLB: 16380 KiB vmemmap can be freed for a 1.00 GiB page
[    0.576391] HugeTLB: registered 2.00 MiB page size, pre-allocated 0 pages
[    0.576792] HugeTLB: 28 KiB vmemmap can be freed for a 2.00 MiB page
[    0.579809] ACPI: Added _OSI(Module Device)
[    0.580076] ACPI: Added _OSI(Processor Device)
[    0.580341] ACPI: Added _OSI(3.0 _SCP Extensions)
[    0.580393] ACPI: Added _OSI(Processor Aggregator Device)
[    0.585098] ACPI: 1 ACPI AML tables successfully acquired and loaded
[    2.620784] Callback from call_rcu_tasks_rude() invoked.
[    2.665962] ACPI: Interpreter enabled
[    2.665962] ACPI: PM: (supports S0 S3 S4 S5)
[    2.665962] ACPI: Using IOAPIC for interrupt routing
[    2.665962] PCI: Using host bridge windows from ACPI; if necessary, use "pci=nocrs" and report a bug
[    2.665962] PCI: Using E820 reservations for host bridge windows
[    2.666889] ACPI: Enabled 2 GPEs in block 00 to 0F
[    2.680435] ACPI: PCI Root Bridge [PCI0] (domain 0000 [bus 00-ff])
[    2.680828] acpi PNP0A03:00: _OSC: OS supports [ASPM ClockPM Segments MSI EDR HPX-Type3]
[    2.681308] acpi PNP0A03:00: _OSC: not requesting OS control; OS requires [ExtendedConfig ASPM ClockPM MSI]
[    2.681924] acpi PNP0A03:00: fail to add MMCONFIG information, can't access extended configuration space under this bridge
[    2.684483] acpiphp: Slot [3] registered
[    2.684773] acpiphp: Slot [4] registered
[    2.685060] acpiphp: Slot [5] registered
[    2.685343] acpiphp: Slot [6] registered
[    2.685632] acpiphp: Slot [7] registered
[    2.685915] acpiphp: Slot [8] registered
[    2.686199] acpiphp: Slot [9] registered
[    2.686484] acpiphp: Slot [10] registered
[    2.686772] acpiphp: Slot [11] registered
[    2.687061] acpiphp: Slot [12] registered
[    2.687352] acpiphp: Slot [13] registered
[    2.687641] acpiphp: Slot [14] registered
[    2.687931] acpiphp: Slot [15] registered
[    2.688222] acpiphp: Slot [16] registered
[    2.688441] acpiphp: Slot [17] registered
[    2.688730] acpiphp: Slot [18] registered
[    2.689024] acpiphp: Slot [19] registered
[    2.689314] acpiphp: Slot [20] registered
[    2.689602] acpiphp: Slot [21] registered
[    2.689890] acpiphp: Slot [22] registered
[    2.690178] acpiphp: Slot [23] registered
[    2.690466] acpiphp: Slot [24] registered
[    2.690763] acpiphp: Slot [25] registered
[    2.691052] acpiphp: Slot [26] registered
[    2.691340] acpiphp: Slot [27] registered
[    2.691632] acpiphp: Slot [28] registered
[    2.691920] acpiphp: Slot [29] registered
[    2.692208] acpiphp: Slot [30] registered
[    2.692441] acpiphp: Slot [31] registered
[    2.692696] PCI host bridge to bus 0000:00
[    2.692943] pci_bus 0000:00: root bus resource [io  0x0000-0x0cf7 window]
[    2.693344] pci_bus 0000:00: root bus resource [io  0x0d00-0xffff window]
[    2.693745] pci_bus 0000:00: root bus resource [mem 0x000a0000-0x000bffff window]
[    2.694185] pci_bus 0000:00: root bus resource [mem 0x80000000-0xfebfffff window]
[    2.694625] pci_bus 0000:00: root bus resource [mem 0x100000000-0x17fffffff window]
[    2.695075] pci_bus 0000:00: root bus resource [bus 00-ff]
[    2.695483] pci 0000:00:00.0: [8086:1237] type 00 class 0x060000
[    2.698212] pci 0000:00:01.0: [8086:7000] type 00 class 0x060100
[    2.699121] pci 0000:00:01.1: [8086:7010] type 00 class 0x010180
[    2.700497] pci 0000:00:01.1: reg 0x20: [io  0xc040-0xc04f]
[    2.701256] pci 0000:00:01.1: legacy IDE quirk: reg 0x10: [io  0x01f0-0x01f7]
[    2.701676] pci 0000:00:01.1: legacy IDE quirk: reg 0x14: [io  0x03f6]
[    2.702060] pci 0000:00:01.1: legacy IDE quirk: reg 0x18: [io  0x0170-0x0177]
[    2.702478] pci 0000:00:01.1: legacy IDE quirk: reg 0x1c: [io  0x0376]
[    2.703072] pci 0000:00:01.3: [8086:7113] type 00 class 0x068000
[    2.703664] pci 0000:00:01.3: quirk: [io  0x0600-0x063f] claimed by PIIX4 ACPI
[    2.704093] pci 0000:00:01.3: quirk: [io  0x0700-0x070f] claimed by PIIX4 SMB
[    2.704614] pci 0000:00:02.0: [1234:1111] type 00 class 0x030000
[    2.706579] pci 0000:00:02.0: reg 0x10: [mem 0xfd000000-0xfdffffff pref]
[    2.708420] pci 0000:00:02.0: reg 0x18: [mem 0xfebf0000-0xfebf0fff]
[    2.711010] pci 0000:00:02.0: reg 0x30: [mem 0xfebe0000-0xfebeffff pref]
[    2.711581] pci 0000:00:02.0: Video device with shadowed ROM at [mem 0x000c0000-0x000dffff]
[    2.714567] pci 0000:00:03.0: [8086:100e] type 00 class 0x020000
[    2.715342] pci 0000:00:03.0: reg 0x10: [mem 0xfebc0000-0xfebdffff]
[    2.716002] pci 0000:00:03.0: reg 0x14: [io  0xc000-0xc03f]
[    2.718089] pci 0000:00:03.0: reg 0x30: [mem 0xfeb80000-0xfebbffff pref]
[    2.720567] Callback from call_rcu_tasks() invoked.
[    2.726361] ACPI: PCI: Interrupt link LNKA configured for IRQ 10
[    2.727034] ACPI: PCI: Interrupt link LNKB configured for IRQ 10
[    2.727682] ACPI: PCI: Interrupt link LNKC configured for IRQ 11
[    2.728330] ACPI: PCI: Interrupt link LNKD configured for IRQ 11
[    2.728528] ACPI: PCI: Interrupt link LNKS configured for IRQ 9
[    2.732512] iommu: Default domain type: Translated 
[    2.732718] iommu: DMA domain TLB invalidation policy: lazy mode 
[    2.733979] SCSI subsystem initialized
[    2.734230] ACPI: bus type USB registered
[    2.734230] usbcore: registered new interface driver usbfs
[    2.736416] usbcore: registered new interface driver hub
[    2.736757] usbcore: registered new device driver usb
[    2.737148] pps_core: LinuxPPS API ver. 1 registered
[    2.737448] pps_core: Software ver. 5.3.6 - Copyright 2005-2007 Rodolfo Giometti <giometti@linux.it>
[    2.737995] PTP clock support registered
[    2.738287] EDAC MC: Ver: 3.0.0
[    2.738287] NetLabel: Initializing
[    2.738287] NetLabel:  domain hash size = 128
[    2.740391] NetLabel:  protocols = UNLABELED CIPSOv4 CALIPSO
[    2.740773] NetLabel:  unlabeled traffic allowed by default
[    2.741194] PCI: Using ACPI for IRQ routing
[    2.741194] pci 0000:00:02.0: vgaarb: setting as boot VGA device
[    2.741194] pci 0000:00:02.0: vgaarb: bridge control possible
[    2.741194] pci 0000:00:02.0: vgaarb: VGA device added: decodes=io+mem,owns=io+mem,locks=none
[    2.741599] vgaarb: loaded
[    2.741767] hpet0: at MMIO 0xfed00000, IRQs 2, 8, 0
[    2.741767] hpet0: 3 comparators, 64-bit 100.000000 MHz counter
[    2.748522] clocksource: Switched to clocksource kvm-clock
[    2.843448] VFS: Disk quotas dquot_6.6.0
[    2.843748] VFS: Dquot-cache hash table entries: 512 (order 0, 4096 bytes)
[    2.844424] pnp: PnP ACPI init
[    2.846079] pnp: PnP ACPI: found 6 devices
[    2.858067] clocksource: acpi_pm: mask: 0xffffff max_cycles: 0xffffff, max_idle_ns: 2085701024 ns
[    2.858876] NET: Registered PF_INET protocol family
[    2.859325] IP idents hash table entries: 32768 (order: 6, 262144 bytes, linear)
[    2.860508] tcp_listen_portaddr_hash hash table entries: 1024 (order: 4, 73728 bytes, linear)
[    2.861047] Table-perturb hash table entries: 65536 (order: 6, 262144 bytes, linear)
[    2.861552] TCP established hash table entries: 16384 (order: 5, 131072 bytes, linear)
[    2.862229] TCP bind hash table entries: 16384 (order: 9, 2359296 bytes, linear)
[    2.864031] TCP: Hash tables configured (established 16384 bind 16384)
[    2.864536] UDP hash table entries: 1024 (order: 5, 163840 bytes, linear)
[    2.865030] UDP-Lite hash table entries: 1024 (order: 5, 163840 bytes, linear)
[    2.865613] NET: Registered PF_UNIX/PF_LOCAL protocol family
[    2.866499] RPC: Registered named UNIX socket transport module.
[    2.866865] RPC: Registered udp transport module.
[    2.867143] RPC: Registered tcp transport module.
[    2.867428] RPC: Registered tcp NFSv4.1 backchannel transport module.
[    2.867826] pci_bus 0000:00: resource 4 [io  0x0000-0x0cf7 window]
[    2.868194] pci_bus 0000:00: resource 5 [io  0x0d00-0xffff window]
[    2.868574] pci_bus 0000:00: resource 6 [mem 0x000a0000-0x000bffff window]
[    2.868981] pci_bus 0000:00: resource 7 [mem 0x80000000-0xfebfffff window]
[    2.869387] pci_bus 0000:00: resource 8 [mem 0x100000000-0x17fffffff window]
[    2.869990] pci 0000:00:01.0: PIIX3: Enabling Passive Release
[    2.870339] pci 0000:00:00.0: Limiting direct PCI/PCI transfers
[    2.870772] PCI: CLS 0 bytes, default 64
[    2.871046] ACPI: bus type thunderbolt registered
[    2.871568] clocksource: tsc: mask: 0xffffffffffffffff max_cycles: 0x3407c077a8d, max_idle_ns: 440795342283 ns
[    2.874556] Initialise system trusted keyrings
[    2.874897] Key type blacklist registered
[    2.875316] workingset: timestamp_bits=36 max_order=19 bucket_order=0
[    2.875767] zbud: loaded
[    2.876529] squashfs: version 4.0 (2009/01/31) Phillip Lougher
[    2.877663] NFS: Registering the id_resolver key type
[    2.877976] Key type id_resolver registered
[    2.878225] Key type id_legacy registered
[    2.878486] nfs4filelayout_init: NFSv4 File Layout Driver Registering...
[    2.878892] nfs4flexfilelayout_init: NFSv4 Flexfile Layout Driver Registering...
[    2.879456] fuse: init (API version 7.38)
[    2.879843] SGI XFS with ACLs, security attributes, realtime, quota, no debug enabled
[    2.880854] 9p: Installing v9fs 9p2000 file system support
[    2.886468] Key type asymmetric registered
[    2.886725] Asymmetric key parser 'x509' registered
[    2.887081] Block layer SCSI generic (bsg) driver version 0.4 loaded (major 243)
[    2.887663] io scheduler mq-deadline registered
[    2.887986] io scheduler bfq registered
[    2.888554] shpchp: Standard Hot Plug PCI Controller Driver version: 0.4
[    2.889299] IPMI message handler: version 39.2
[    2.889611] ipmi device interface
[    2.891225] input: Power Button as /devices/LNXSYSTM:00/LNXPWRBN:00/input/input0
[    2.891834] ACPI: button: Power Button [PWRF]
[    2.892932] ERST DBG: ERST support is disabled.
[    2.893836] Serial: 8250/16550 driver, 32 ports, IRQ sharing enabled
[    2.894650] 00:04: ttyS0 at I/O 0x3f8 (irq = 4, base_baud = 115200) is a 16550A
[    2.902228] Linux agpgart interface v0.103
[    2.903135] ACPI: bus type drm_connector registered
[    2.921888] brd: module loaded
[    2.928257] loop: module loaded
[    2.931750] scsi host0: ata_piix
[    2.932411] scsi host1: ata_piix
[    2.932743] ata1: PATA max MWDMA2 cmd 0x1f0 ctl 0x3f6 bmdma 0xc040 irq 14
[    2.933147] ata2: PATA max MWDMA2 cmd 0x170 ctl 0x376 bmdma 0xc048 irq 15
[    2.934850] tun: Universal TUN/TAP device driver, 1.6
[    2.935335] e100: Intel(R) PRO/100 Network Driver
[    2.935618] e100: Copyright(c) 1999-2006 Intel Corporation
[    2.935972] e1000: Intel(R) PRO/1000 Network Driver
[    2.936262] e1000: Copyright (c) 1999-2006 Intel Corporation.
[    3.092138] ACPI: \_SB_.LNKC: Enabled at IRQ 11
[    3.092759] ata1: found unknown device (class 0)
[    3.093585] ata2: found unknown device (class 0)
[    3.094480] ata1.00: ATA-7: QEMU HARDDISK, 2.5+, max UDMA/100
[    3.095118] ata1.00: 16777216 sectors, multi 16: LBA48 
[    3.095711] ata2.00: ATAPI: QEMU DVD-ROM, 2.5+, max UDMA/100
[    3.097000] scsi 0:0:0:0: Direct-Access     ATA      QEMU HARDDISK    2.5+ PQ: 0 ANSI: 5
[    3.098741] sd 0:0:0:0: Attached scsi generic sg0 type 0
[    3.099045] sd 0:0:0:0: [sda] 16777216 512-byte logical blocks: (8.59 GB/8.00 GiB)
[    3.099554] scsi 1:0:0:0: CD-ROM            QEMU     QEMU DVD-ROM     2.5+ PQ: 0 ANSI: 5
[    3.099619] sd 0:0:0:0: [sda] Write Protect is off
[    3.100449] sd 0:0:0:0: [sda] Write cache: enabled, read cache: enabled, doesn't support DPO or FUA
[    3.101069] sd 0:0:0:0: [sda] Preferred minimum I/O size 512 bytes
[    3.125109] scsi 1:0:0:0: Attached scsi generic sg1 type 5
[    3.126148] sd 0:0:0:0: [sda] Attached SCSI disk
[    3.414833] e1000 0000:00:03.0 eth0: (PCI:33MHz:32-bit) 52:54:00:12:34:56
[    3.415273] e1000 0000:00:03.0 eth0: Intel(R) PRO/1000 Network Connection
[    3.415751] e1000e: Intel(R) PRO/1000 Network Driver
[    3.416052] e1000e: Copyright(c) 1999 - 2015 Intel Corporation.
[    3.416462] igb: Intel(R) Gigabit Ethernet Network Driver
[    3.416787] igb: Copyright (c) 2007-2014 Intel Corporation.
[    3.417198] PPP generic driver version 2.4.2
[    3.417891] VFIO - User Level meta-driver version: 0.3
[    3.418611] usbcore: registered new interface driver uas
[    3.418956] usbcore: registered new interface driver usb-storage
[    3.419437] i8042: PNP: PS/2 Controller [PNP0303:KBD,PNP0f13:MOU] at 0x60,0x64 irq 1,12
[    3.420468] serio: i8042 KBD port at 0x60,0x64 irq 1
[    3.420796] serio: i8042 AUX port at 0x60,0x64 irq 12
[    3.421769] mousedev: PS/2 mouse device common for all mice
[    3.422851] input: AT Translated Set 2 keyboard as /devices/platform/i8042/serio0/input/input1
[    3.423682] rtc_cmos 00:05: RTC can wake from S4
[    3.424184] input: VirtualPS/2 VMware VMMouse as /devices/platform/i8042/serio1/input/input4
[    3.424823] rtc_cmos 00:05: registered as rtc0
[    3.425170] rtc_cmos 00:05: setting system clock to 2023-03-18T13:58:37 UTC (1679147917)
[    3.425202] input: VirtualPS/2 VMware VMMouse as /devices/platform/i8042/serio1/input/input3
[    3.426285] rtc_cmos 00:05: alarms up to one day, y3k, 242 bytes nvram, hpet irqs
[    3.426760] i2c_dev: i2c /dev entries driver
[    3.427063] device-mapper: core: CONFIG_IMA_DISABLE_HTABLE is disabled. Duplicate IMA measurements will not be recorded in the IMA log.
[    3.427811] device-mapper: uevent: version 1.0.3
[    3.428300] device-mapper: ioctl: 4.47.0-ioctl (2022-07-28) initialised: dm-devel@redhat.com
[    3.428829] intel_pstate: CPU model not supported
[    3.429197] sdhci: Secure Digital Host Controller Interface driver
[    3.429567] sdhci: Copyright(c) Pierre Ossman
[    3.429890] sdhci-pltfm: SDHCI platform and OF driver helper
[    3.430374] ledtrig-cpu: registered to indicate activity on CPUs
[    3.431076] drop_monitor: Initializing network drop monitor service
[    3.431615] NET: Registered PF_INET6 protocol family
[    3.434392] Segment Routing with IPv6
[    3.434649] In-situ OAM (IOAM) with IPv6
[    3.434926] NET: Registered PF_PACKET protocol family
[    3.435413] 9pnet: Installing 9P2000 support
[    3.435713] Key type dns_resolver registered
[    3.436656] IPI shorthand broadcast: enabled
[    3.448900] sched_clock: Marking stable (3316003420, 132384820)->(3482002388, -33614148)
[    3.450009] registered taskstats version 1
[    3.450459] Loading compiled-in X.509 certificates
[    3.451109] zswap: loaded using pool lzo/zbud
[    3.463571] Key type .fscrypt registered
[    3.463820] Key type fscrypt-provisioning registered
[    3.464986] Key type encrypted registered
[    3.465265] ima: No TPM chip found, activating TPM-bypass!
[    3.465602] ima: Allocated hash algorithm: sha1
[    3.465909] ima: No architecture policies found
[    3.466250] evm: Initialising EVM extended attributes:
[    3.466560] evm: security.selinux
[    3.466765] evm: security.SMACK64
[    3.466970] evm: security.SMACK64EXEC
[    3.467198] evm: security.SMACK64TRANSMUTE
[    3.467448] evm: security.SMACK64MMAP
[    3.467673] evm: security.apparmor
[    3.467883] evm: security.ima
[    3.468068] evm: security.capability
[    3.468287] evm: HMAC attrs: 0x1
[    3.469562] PM:   Magic number: 15:155:989
[    3.470128] RAS: Correctable Errors collector initialized.
[    3.470963] md: Waiting for all devices to be available before autodetect
[    3.471249] md: If you don't use raid, use raid=noautodetect
[    3.471485] md: Autodetecting RAID arrays.
[    3.471665] md: autorun ...
[    3.471786] md: ... autorun DONE.
[    3.476121] EXT4-fs (sda): INFO: recovery required on readonly filesystem
[    3.476442] EXT4-fs (sda): write access will be enabled during recovery
[    3.556844] EXT4-fs (sda): recovery complete
[    3.563054] EXT4-fs (sda): mounted filesystem 23a53bb9-f815-47a5-b74c-5e08f7731193 with ordered data mode. Quota mode: none.
[    3.563546] VFS: Mounted root (ext4 filesystem) readonly on device 8:0.
[    3.564286] devtmpfs: mounted
[    3.571551] Freeing unused decrypted memory: 2036K
[    3.575558] Freeing unused kernel image (initmem) memory: 10508K
[    3.575857] Write protecting the kernel read-only data: 47104k
[    3.577211] Freeing unused kernel image (rodata/data gap) memory: 392K
[    3.656464] x86/mm: Checked W+X mappings: passed, no W+X pages found.
[    3.656775] Run /sbin/init as init process
[    3.727980] systemd[1]: RTC configured in localtime, applying delta of 0 minutes to system time.
[    3.751134] systemd[1]: systemd 239 (239-49.el8) running in system mode. (+PAM +AUDIT +SELINUX +IMA -APPARMOR +SMACK +SYSVINIT +UTMP +LIBCRYPTSETUP +GCRYPT +GNUTLS +ACL +XZ +LZ4 +SECCOMP +BLKID +ELFUTILS +KMOD +IDN2 -IDN +PCRE2 default-hierarchy=legacy)
[    3.752172] systemd[1]: Detected virtualization kvm.
[    3.752409] systemd[1]: Detected architecture x86-64.

Welcome to [0;31mCentOS Stream 8[0m!

[    3.819519] systemd[1]: Set hostname to <test>.
[    4.048233] systemd[1]: Listening on Process Core Dump Socket.
[[0;32m  OK  [0m] Listening on Process Core Dump Socket.
[    4.051494] systemd[1]: Created slice system-sshd\x2dkeygen.slice.
[[0;32m  OK  [0m] Created slice system-sshd\x2dkeygen.slice.
[    4.052628] systemd[1]: Listening on Journal Socket (/dev/log).
[[0;32m  OK  [0m] Listening on Journal Socket (/dev/log).
[    4.053687] systemd[1]: Listening on Journal Socket.
[[0;32m  OK  [0m] Listening on Journal Socket.
[    4.072575] systemd[1]: Mounting POSIX Message Queue File System...
         Mounting POSIX Message Queue File System...
[    4.075940] systemd[1]: Starting Remount Root and Kernel File Systems...
         Starting Remount Root and Kernel File Systems...
         Mounting Kernel Debug File System...
[[0;32m  OK  [0m] Listening on Device-mapper event daemon FIFOs.
[[0;32m  OK  [0m] Listening on RPCbind Server Activation Socket.
[[0;32m  OK  [0m] Reached target RPC Port Mapper.
[[0;32m  OK  [0m] Listening on initctl Compatibility Named Pipe.
[[0;32m  OK  [0m] Set up automount Arbitrary Executabâ€¦rmats File System Automount Point.
         Starting Load Kernel Modules...
[[0;32m  OK  [0m] Listening on udev Control Socket.
[[0;32m  OK  [0m] Started Forward Password Requests to Wall Directory Watch.
[[0;32m  OK  [0m] Listening on LVM2 poll daemon socket.
[[0;32m  OK  [0m] Created slice User and Session Slice.
[[0;32m  OK  [0m] Created slice system-getty.slice.
[[0;32m  OK  [0m] Reached target Swap.
         Starting Setup Virtual Console...
[[0;32m  OK  [0m] Listening on udev Kernel Socket.
         Starting udev Coldplug all Devices...
[[0;32m  OK  [0m] Listening on multipathd control socket.
         Starting Journal Service...
[[0;32m  OK  [0m] Reached target Slices.
[[0;32m  OK  [0m] Created slice system-serial\x2dgetty.slice.
         Starting Monitoring of LVM2 mirrorsâ€¦ng dmeventd or progress polling...
         Mounting Huge Pages File System...
[[0;32m  OK  [0m] Mounted POSIX Message Queue File System.
[[0;32m  OK  [0m] Started Journal Service.
[[0;32m  OK  [0m] Mounted Kernel Debug File System.
[[0;1;31mFAILED[0m] Failed to start Load Kernel Modules.
See 'systemctl status systemd-modules-load.service' for details.
[[0;32m  OK  [0m] Mounted Huge Pages File System.
[    4.310210] EXT4-fs (sda): re-mounted 23a53bb9-f815-47a5-b74c-5e08f7731193. Quota mode: none.
         Starting Apply Kernel Variables...
         Mounting FUSE Control File System...
         Mounting Kernel Configuration File System...
[[0;32m  OK  [0m] Started Remount Root and Kernel File Systems.
[[0;32m  OK  [0m] Mounted FUSE Control File System.
[[0;32m  OK  [0m] Mounted Kernel Configuration File System.
         Starting Flush Journal to Persistent Storage...
         Starting Load/Save Random Seed...
         Starting Create Static Device Nodes in /dev...
[[0;32m  OK  [0m] Started Apply Kernel Variables.
[[0;32m  OK  [0m] Started Load/Save Random Seed.
[[0;32m  OK  [0m] Started Flush Journal to Persistent Storage.
[[0;32m  OK  [0m] Started Create Static Device Nodes in /dev.
         Starting udev Kernel Device Manager...
[[0;32m  OK  [0m] Started Setup Virtual Console.
[[0;32m  OK  [0m] Started udev Coldplug all Devices.
         Starting udev Wait for Complete Device Initialization...
[[0;32m  OK  [0m] Started udev Kernel Device Manager.
         Starting Show Plymouth Boot Screen...
[[0;32m  OK  [0m] Started Show Plymouth Boot Screen.
[[0;32m  OK  [0m] Reached target Local Encrypted Volumes.
[[0;32m  OK  [0m] Reached target Paths.
[[0;32m  OK  [0m] Started Forward Password Requests to Plymouth Directory Watch.
[[0;32m  OK  [0m] Found device /dev/ttyS0.
[[0;32m  OK  [0m] Started Monitoring of LVM2 mirrors,â€¦sing dmeventd or progress polling.
[[0;32m  OK  [0m] Started udev Wait for Complete Device Initialization.
[[0;32m  OK  [0m] Listening on Load/Save RF Kill Switch Status /dev/rfkill Watch.
[[0;32m  OK  [0m] Reached target Local File Systems (Pre).
[[0;32m  OK  [0m] Reached target Local File Systems.
         Starting Tell Plymouth To Write Out Runtime Data...
         Starting Restore /run/initramfs on shutdown...
         Starting Create Volatile Files and Directories...
[[0;32m  OK  [0m] Started Tell Plymouth To Write Out Runtime Data.
[[0;32m  OK  [0m] Started Restore /run/initramfs on shutdown.
[[0;32m  OK  [0m] Started Create Volatile Files and Directories.
         Starting RPC Bind...
         Mounting RPC Pipe File System...
         Starting Security Auditing Service...
[[0;32m  OK  [0m] Mounted RPC Pipe File System.
[[0;32m  OK  [0m] Reached target rpc_pipefs.target.
[[0;32m  OK  [0m] Started RPC Bind.
[[0;32m  OK  [0m] Started Security Auditing Service.
         Starting Update UTMP about System Boot/Shutdown...
[[0;32m  OK  [0m] Started Update UTMP about System Boot/Shutdown.
[[0;32m  OK  [0m] Reached target System Initialization.
[[0;32m  OK  [0m] Listening on D-Bus System Message Bus Socket.
[[0;32m  OK  [0m] Started daily update of the root trust anchor for DNSSEC.
[[0;32m  OK  [0m] Started dnf makecache --timer.
[[0;32m  OK  [0m] Started Daily Cleanup of Temporary Directories.
[[0;32m  OK  [0m] Reached target Timers.
[[0;32m  OK  [0m] Listening on SSSD Kerberos Cache Manager responder socket.
[[0;32m  OK  [0m] Reached target Sockets.
[[0;32m  OK  [0m] Reached target Basic System.
         Starting Login Service...
         Starting Auto-connect to subsystemsâ€¦-NVME devices found during boot...
[[0;32m  OK  [0m] Started Machine Check Exception Logging Daemon.
         Starting NTP client/server...
         Starting Authorization Manager...
[[0;32m  OK  [0m] Started D-Bus System Message Bus.
         Starting Network Manager...
[[0;32m  OK  [0m] Reached target sshd-keygen.target.
[[0;32m  OK  [0m] Started irqbalance daemon.
         Starting Self Monitoring and Reporting Technology (SMART) Daemon...
[[0;32m  OK  [0m] Started Auto-connect to subsystems â€¦FC-NVME devices found during boot.
         Starting update of the root trust aâ€¦or DNSSEC validation in unbound...
[[0;32m  OK  [0m] Started Login Service.
[[0;32m  OK  [0m] Started Network Manager.
[[0;32m  OK  [0m] Reached target Network.
         Starting Dynamic System Tuning Daemon...
         Starting GSSAPI Proxy Daemon...
         Starting OpenSSH server daemon...
         Starting Network Manager Wait Online...
[[0;32m  OK  [0m] Started Self Monitoring and Reporting Technology (SMART) Daemon.
[[0;32m  OK  [0m] Started NTP client/server.
         Starting Hostname Service...
[[0;32m  OK  [0m] Started update of the root trust anâ€¦ for DNSSEC validation in unbound.
[[0;32m  OK  [0m] Started GSSAPI Proxy Daemon.
[[0;32m  OK  [0m] Reached target NFS client services.
[[0;32m  OK  [0m] Reached target Remote File Systems (Pre).
[[0;32m  OK  [0m] Reached target Remote File Systems.
         Starting Permit User Sessions...
[[0;32m  OK  [0m] Started OpenSSH server daemon.
[[0;32m  OK  [0m] Started Authorization Manager.
[[0;32m  OK  [0m] Started Permit User Sessions.
[[0;32m  OK  [0m] Started Command Scheduler.
         Starting Terminate Plymouth Boot Screen...
         Starting Hold until boot process finishes up...
[    6.076528] e1000: eth0 NIC Link is Up 1000 Mbps Full Duplex, Flow Control: RX
[    6.077269] IPv6: ADDRCONF(NETDEV_CHANGE): eth0: link becomes ready
[    6.221808] Spectre V2 : WARNING: Unprivileged eBPF is enabled with eIBRS on, data leaks possible via Spectre v2 BHB attacks!
[    6.222320] Spectre V2 : WARNING: Unprivileged eBPF is enabled with eIBRS on, data leaks possible via Spectre v2 BHB attacks!

CentOS Stream 8
Kernel 6.3.0-rc2-eeac8ede1755+ on an x86_64

test login: [   24.773309] memfd_create() without MFD_EXEC nor MFD_NOEXEC_SEAL, pid=331 'systemd'
[   31.898716] hrtimer: interrupt took 13304315 ns
[  403.112986] rcu_tasks_wait_gp: rcu_tasks grace period number 1157 (since boot) is 2573 jiffies old.
[  433.256834] rcu_tasks_wait_gp: rcu_tasks grace period number 1157 (since boot) is 10109 jiffies old.
[  523.752841] rcu_tasks_wait_gp: rcu_tasks grace period number 1157 (since boot) is 32733 jiffies old.
[  595.048800] INFO: task repro:2014 blocked for more than 147 seconds.
[  595.049570]       Not tainted 6.3.0-rc2-eeac8ede1755+ #1
[  595.050150] "echo 0 > /proc/sys/kernel/hung_task_timeout_secs" disables this message.
[  595.050929] task:repro           state:D stack:0     pid:2014  ppid:533    flags:0x00004002
[  595.051839] Call Trace:
[  595.052173]  <TASK>
[  595.053074]  __schedule+0x40a/0xc90
[  595.053803]  ? wait_for_completion+0x7b/0x180
[  595.054351]  schedule+0x5b/0xe0
[  595.054811]  schedule_timeout+0x50b/0x670
[  595.055543]  ? schedule_timeout+0x9/0x670
[  595.055967]  ? wait_for_completion+0x7b/0x180
[  595.056296]  wait_for_completion+0xa6/0x180
[  595.056853]  __wait_rcu_gp+0x136/0x160
[  595.057197]  ? __pfx_arch_ftrace_ops_list_func+0x10/0x10
[  595.057602]  synchronize_rcu_tasks_generic.part.24+0x3b/0x60
[  595.057993]  ? __pfx_call_rcu_tasks+0x10/0x10
[  595.058316]  ? __pfx_wakeme_after_rcu+0x10/0x10
[  595.058748]  ? verify_cpu+0x10/0x100
[  595.059088]  synchronize_rcu_tasks_generic+0x24/0x70
[  595.059450]  synchronize_rcu_tasks+0x19/0x20
[  595.059773]  ftrace_shutdown+0x1cc/0x410
[  595.060162]  unregister_ftrace_function+0x35/0x230
[  595.060626]  ? __sanitizer_cov_trace_switch+0x57/0xa0
[  595.061057]  perf_ftrace_event_register+0x95/0xf0
[  595.061399]  ? __pfx_tp_perf_event_destroy+0x10/0x10
[  595.061745]  perf_trace_destroy+0x3a/0xa0
[  595.062053]  ? __pfx_tp_perf_event_destroy+0x10/0x10
[  595.062396]  tp_perf_event_destroy+0x1e/0x30
[  595.062724]  _free_event+0x101/0x810
[  595.063093]  put_event+0x3c/0x50
[  595.063404]  perf_event_release_kernel+0x2de/0x360
[  595.063740]  ? perf_event_release_kernel+0x9/0x360
[  595.064164]  ? __pfx_perf_release+0x10/0x10
[  595.064610]  perf_release+0x22/0x30
[  595.064911]  __fput+0x11f/0x450
[  595.065323]  ____fput+0x1e/0x30
[  595.065609]  task_work_run+0xb6/0x120
[  595.065997]  do_exit+0x547/0x1360
[  595.066330]  ? write_comp_data+0x2f/0x90
[  595.066741]  do_group_exit+0x5e/0xf0
[  595.067098]  get_signal+0x15d1/0x1600
[  595.067649]  arch_do_signal_or_restart+0x33/0x280
[  595.068238]  exit_to_user_mode_prepare+0x13b/0x210
[  595.068708]  syscall_exit_to_user_mode+0x2d/0x60
[  595.069057]  do_syscall_64+0x4a/0x90
[  595.069356]  entry_SYSCALL_64_after_hwframe+0x72/0xdc
[  595.069711] RIP: 0033:0x7f2f2f07459d
[  595.069985] RSP: 002b:00007f2f2ef4dca8 EFLAGS: 00000246 ORIG_RAX: 000000000000012a
[  595.070472] RAX: 0000000000000003 RBX: 0000000000000000 RCX: 00007f2f2f07459d
[  595.070898] RDX: 0000000000000000 RSI: 00000000ffffffff RDI: 00000000200004c0
[  595.071319] RBP: 00007f2f2ef4de00 R08: 0000000000000000 R09: 0000000000000000
[  595.071745] R10: 00000000ffffffff R11: 0000000000000246 R12: 00007ffe4aa454fe
[  595.072164] R13: 00007ffe4aa454ff R14: 00007ffe4aa45590 R15: 00007f2f2ef4e700
[  595.072978]  </TASK>
[  595.073172] INFO: task repro:2029 blocked for more than 147 seconds.
[  595.073554]       Not tainted 6.3.0-rc2-eeac8ede1755+ #1
[  595.073886] "echo 0 > /proc/sys/kernel/hung_task_timeout_secs" disables this message.
[  595.074331] task:repro           state:D stack:0     pid:2029  ppid:529    flags:0x00004002
[  595.074856] Call Trace:
[  595.075058]  <TASK>
[  595.075335]  __schedule+0x40a/0xc90
[  595.075799]  schedule+0x5b/0xe0
[  595.076071]  schedule_preempt_disabled+0x1c/0x30
[  595.076493]  __mutex_lock+0x88d/0xf80
[  595.076821]  ? perf_trace_destroy+0x21/0xa0
[  595.077134]  ? perf_trace_destroy+0x21/0xa0
[  595.077560]  ? __pfx_tp_perf_event_destroy+0x10/0x10
[  595.077948]  mutex_lock_nested+0x1f/0x30
[  595.078233]  ? mutex_lock_nested+0x1f/0x30
[  595.078537]  perf_trace_destroy+0x21/0xa0
[  595.078840]  ? __pfx_tp_perf_event_destroy+0x10/0x10
[  595.079183]  tp_perf_event_destroy+0x1e/0x30
[  595.079515]  _free_event+0x101/0x810
[  595.079871]  put_event+0x3c/0x50
[  595.080169]  perf_event_release_kernel+0x2de/0x360
[  595.080588]  ? perf_event_release_kernel+0x9/0x360
[  595.081006]  ? __pfx_perf_release+0x10/0x10
[  595.081355]  perf_release+0x22/0x30
[  595.081660]  __fput+0x11f/0x450
[  595.082067]  ____fput+0x1e/0x30
[  595.082354]  task_work_run+0xb6/0x120
[  595.082740]  do_exit+0x547/0x1360
[  595.083069]  ? write_comp_data+0x2f/0x90
[  595.083478]  do_group_exit+0x5e/0xf0
[  595.083832]  get_signal+0x15d1/0x1600
[  595.084370]  arch_do_signal_or_restart+0x33/0x280
[  595.085041]  exit_to_user_mode_prepare+0x13b/0x210
[  595.085412]  syscall_exit_to_user_mode+0x2d/0x60
[  595.085767]  do_syscall_64+0x4a/0x90
[  595.086078]  entry_SYSCALL_64_after_hwframe+0x72/0xdc
[  595.086423] RIP: 0033:0x7f2f2f07459d
[  595.086702] RSP: 002b:00007f2f2ef4dca8 EFLAGS: 00000246 ORIG_RAX: 000000000000012a
[  595.087193] RAX: 0000000000000003 RBX: 0000000000000000 RCX: 00007f2f2f07459d
[  595.087614] RDX: 0000000000000000 RSI: 00000000ffffffff RDI: 00000000200004c0
[  595.088041] RBP: 00007f2f2ef4de00 R08: 0000000000000000 R09: 0000000000000000
[  595.088554] R10: 00000000ffffffff R11: 0000000000000246 R12: 00007ffe4aa454fe
[  595.088972] R13: 00007ffe4aa454ff R14: 00007ffe4aa45590 R15: 00007f2f2ef4e700
[  595.089694]  </TASK>
[  595.089884] INFO: task repro:2034 blocked for more than 147 seconds.
[  595.090265]       Not tainted 6.3.0-rc2-eeac8ede1755+ #1
[  595.090596] "echo 0 > /proc/sys/kernel/hung_task_timeout_secs" disables this message.
[  595.091048] task:repro           state:D stack:0     pid:2034  ppid:521    flags:0x00004002
[  595.091584] Call Trace:
[  595.091790]  <TASK>
[  595.092069]  __schedule+0x40a/0xc90
[  595.092639]  schedule+0x5b/0xe0
[  595.092922]  schedule_preempt_disabled+0x1c/0x30
[  595.093259]  __mutex_lock+0x88d/0xf80
[  595.093597]  ? perf_trace_destroy+0x21/0xa0
[  595.093914]  ? perf_trace_destroy+0x21/0xa0
[  595.094350]  ? __pfx_tp_perf_event_destroy+0x10/0x10
[  595.094744]  mutex_lock_nested+0x1f/0x30
[  595.095033]  ? mutex_lock_nested+0x1f/0x30
[  595.095346]  perf_trace_destroy+0x21/0xa0
[  595.095657]  ? __pfx_tp_perf_event_destroy+0x10/0x10
[  595.096016]  tp_perf_event_destroy+0x1e/0x30
[  595.096352]  _free_event+0x101/0x810
[  595.096805]  put_event+0x3c/0x50
[  595.097103]  perf_event_release_kernel+0x2de/0x360
[  595.097432]  ? perf_event_release_kernel+0x9/0x360
[  595.097843]  ? __pfx_perf_release+0x10/0x10
[  595.098189]  perf_release+0x22/0x30
[  595.098484]  __fput+0x11f/0x450
[  595.098876]  ____fput+0x1e/0x30
[  595.099154]  task_work_run+0xb6/0x120
[  595.099540]  do_exit+0x547/0x1360
[  595.099870]  ? write_comp_data+0x2f/0x90
[  595.100288]  do_group_exit+0x5e/0xf0
[  595.100746]  get_signal+0x15d1/0x1600
[  595.101289]  arch_do_signal_or_restart+0x33/0x280
[  595.101858]  exit_to_user_mode_prepare+0x13b/0x210
[  595.102227]  syscall_exit_to_user_mode+0x2d/0x60
[  595.102574]  do_syscall_64+0x4a/0x90
[  595.102876]  entry_SYSCALL_64_after_hwframe+0x72/0xdc
[  595.103210] RIP: 0033:0x7f2f2f07459d
[  595.103481] RSP: 002b:00007f2f2ef4dca8 EFLAGS: 00000246 ORIG_RAX: 000000000000012a
[  595.103959] RAX: 0000000000000003 RBX: 0000000000000000 RCX: 00007f2f2f07459d
[  595.104369] RDX: 0000000000000000 RSI: 00000000ffffffff RDI: 00000000200004c0
[  595.104883] RBP: 00007f2f2ef4de00 R08: 0000000000000000 R09: 0000000000000000
[  595.105299] R10: 00000000ffffffff R11: 0000000000000246 R12: 00007ffe4aa454fe
[  595.105711] R13: 00007ffe4aa454ff R14: 00007ffe4aa45590 R15: 00007f2f2ef4e700
[  595.106437]  </TASK>
[  595.106626] INFO: task repro:2039 blocked for more than 147 seconds.
[  595.107012]       Not tainted 6.3.0-rc2-eeac8ede1755+ #1
[  595.107354] "echo 0 > /proc/sys/kernel/hung_task_timeout_secs" disables this message.
[  595.107809] task:repro           state:D stack:0     pid:2039  ppid:525    flags:0x00004002
[  595.108345] Call Trace:
[  595.108650]  <TASK>
[  595.108940]  __schedule+0x40a/0xc90
[  595.109420]  schedule+0x5b/0xe0
[  595.109703]  schedule_preempt_disabled+0x1c/0x30
[  595.110036]  __mutex_lock+0x88d/0xf80
[  595.110369]  ? perf_trace_destroy+0x21/0xa0
[  595.110679]  ? perf_trace_destroy+0x21/0xa0
[  595.111114]  ? __pfx_tp_perf_event_destroy+0x10/0x10
[  595.111501]  mutex_lock_nested+0x1f/0x30
[  595.111784]  ? mutex_lock_nested+0x1f/0x30
[  595.112089]  perf_trace_destroy+0x21/0xa0
[  595.112531]  ? __pfx_tp_perf_event_destroy+0x10/0x10
[  595.112873]  tp_perf_event_destroy+0x1e/0x30
[  595.113200]  _free_event+0x101/0x810
[  595.113557]  put_event+0x3c/0x50
[  595.113852]  perf_event_release_kernel+0x2de/0x360
[  595.114178]  ? perf_event_release_kernel+0x9/0x360
[  595.114591]  ? __pfx_perf_release+0x10/0x10
[  595.114929]  perf_release+0x22/0x30
[  595.115225]  __fput+0x11f/0x450
[  595.115621]  ____fput+0x1e/0x30
[  595.115900]  task_work_run+0xb6/0x120
[  595.116271]  do_exit+0x547/0x1360
[  595.116687]  ? write_comp_data+0x2f/0x90
[  595.117087]  do_group_exit+0x5e/0xf0
[  595.117438]  get_signal+0x15d1/0x1600
[  595.117973]  arch_do_signal_or_restart+0x33/0x280
[  595.118539]  exit_to_user_mode_prepare+0x13b/0x210
[  595.118907]  syscall_exit_to_user_mode+0x2d/0x60
[  595.119261]  do_syscall_64+0x4a/0x90
[  595.119561]  entry_SYSCALL_64_after_hwframe+0x72/0xdc
[  595.119901] RIP: 0033:0x7f2f2f07459d
[  595.120176] RSP: 002b:00007f2f2ef4dca8 EFLAGS: 00000246 ORIG_RAX: 000000000000012a
[  595.120761] RAX: 0000000000000003 RBX: 0000000000000000 RCX: 00007f2f2f07459d
[  595.121187] RDX: 0000000000000000 RSI: 00000000ffffffff RDI: 00000000200004c0
[  595.121612] RBP: 00007f2f2ef4de00 R08: 0000000000000000 R09: 0000000000000000
[  595.122046] R10: 00000000ffffffff R11: 0000000000000246 R12: 00007ffe4aa454fe
[  595.122474] R13: 00007ffe4aa454ff R14: 00007ffe4aa45590 R15: 00007f2f2ef4e700
[  595.123223]  </TASK>
[  595.123414] INFO: task repro:2044 blocked for more than 147 seconds.
[  595.123796]       Not tainted 6.3.0-rc2-eeac8ede1755+ #1
[  595.124128] "echo 0 > /proc/sys/kernel/hung_task_timeout_secs" disables this message.
[  595.124664] task:repro           state:D stack:0     pid:2044  ppid:534    flags:0x00000004
[  595.125186] Call Trace:
[  595.125388]  <TASK>
[  595.125661]  __schedule+0x40a/0xc90
[  595.126126]  schedule+0x5b/0xe0
[  595.126403]  schedule_preempt_disabled+0x1c/0x30
[  595.126734]  __mutex_lock+0x88d/0xf80
[  595.127069]  ? perf_trace_init+0x2c/0x170
[  595.127373]  ? perf_trace_init+0x2c/0x170
[  595.127868]  mutex_lock_nested+0x1f/0x30
[  595.128148]  ? mutex_lock_nested+0x1f/0x30
[  595.128546]  perf_trace_init+0x2c/0x170
[  595.128900]  perf_tp_event_init+0x60/0xa0
[  595.129233]  perf_try_init_event+0x88/0x280
[  595.129628]  perf_event_alloc+0xe25/0x1c00
[  595.129971]  ? perf_event_alloc+0x5/0x1c00
[  595.130402]  __do_sys_perf_event_open+0x3b6/0x1910
[  595.130775]  ? __x64_sys_perf_event_open+0x4/0x40
[  595.131562]  __x64_sys_perf_event_open+0x2f/0x40
[  595.131911]  do_syscall_64+0x3b/0x90
[  595.132206]  entry_SYSCALL_64_after_hwframe+0x72/0xdc
[  595.132630] RIP: 0033:0x7f2f2f07459d
[  595.132900] RSP: 002b:00007f2f2ef4dca8 EFLAGS: 00000246 ORIG_RAX: 000000000000012a
[  595.133377] RAX: ffffffffffffffda RBX: 0000000000000000 RCX: 00007f2f2f07459d
[  595.133791] RDX: 0000000000000000 RSI: 00000000ffffffff RDI: 00000000200004c0
[  595.134204] RBP: 00007f2f2ef4de00 R08: 0000000000000000 R09: 0000000000000000
[  595.134617] R10: 00000000ffffffff R11: 0000000000000246 R12: 00007ffe4aa454fe
[  595.135030] R13: 00007ffe4aa454ff R14: 00007ffe4aa45590 R15: 00007f2f2ef4e700
[  595.135753]  </TASK>
[  595.135942] INFO: task repro:2049 blocked for more than 147 seconds.
[  595.136321]       Not tainted 6.3.0-rc2-eeac8ede1755+ #1
[  595.136748] "echo 0 > /proc/sys/kernel/hung_task_timeout_secs" disables this message.
[  595.137189] task:repro           state:D stack:0     pid:2049  ppid:532    flags:0x00000004
[  595.137708] Call Trace:
[  595.137908]  <TASK>
[  595.138176]  __schedule+0x40a/0xc90
[  595.138642]  schedule+0x5b/0xe0
[  595.138918]  schedule_preempt_disabled+0x1c/0x30
[  595.139250]  __mutex_lock+0x88d/0xf80
[  595.139579]  ? perf_trace_init+0x2c/0x170
[  595.139881]  ? perf_trace_init+0x2c/0x170
[  595.140370]  mutex_lock_nested+0x1f/0x30
[  595.140747]  ? mutex_lock_nested+0x1f/0x30
[  595.141053]  perf_trace_init+0x2c/0x170
[  595.141407]  perf_tp_event_init+0x60/0xa0
[  595.141732]  perf_try_init_event+0x88/0x280
[  595.142122]  perf_event_alloc+0xe25/0x1c00
[  595.142466]  ? perf_event_alloc+0x5/0x1c00
[  595.142897]  __do_sys_perf_event_open+0x3b6/0x1910
[  595.143268]  ? __x64_sys_perf_event_open+0x4/0x40
[  595.144043]  __x64_sys_perf_event_open+0x2f/0x40
[  595.144538]  do_syscall_64+0x3b/0x90
[  595.144835]  entry_SYSCALL_64_after_hwframe+0x72/0xdc
[  595.145168] RIP: 0033:0x7f2f2f07459d
[  595.145438] RSP: 002b:00007f2f2ef4dca8 EFLAGS: 00000246 ORIG_RAX: 000000000000012a
[  595.145917] RAX: ffffffffffffffda RBX: 0000000000000000 RCX: 00007f2f2f07459d
[  595.146331] RDX: 0000000000000000 RSI: 00000000ffffffff RDI: 00000000200004c0
[  595.146747] RBP: 00007f2f2ef4de00 R08: 0000000000000000 R09: 0000000000000000
[  595.147162] R10: 00000000ffffffff R11: 0000000000000246 R12: 00007ffe4aa454fe
[  595.147579] R13: 00007ffe4aa454ff R14: 00007ffe4aa45590 R15: 00007f2f2ef4e700
[  595.148300]  </TASK>
[  595.148582] INFO: task repro:2054 blocked for more than 147 seconds.
[  595.148961]       Not tainted 6.3.0-rc2-eeac8ede1755+ #1
[  595.149298] "echo 0 > /proc/sys/kernel/hung_task_timeout_secs" disables this message.
[  595.149752] task:repro           state:D stack:0     pid:2054  ppid:530    flags:0x00000004
[  595.150292] Call Trace:
[  595.150498]  <TASK>
[  595.150777]  __schedule+0x40a/0xc90
[  595.151246]  schedule+0x5b/0xe0
[  595.151524]  schedule_preempt_disabled+0x1c/0x30
[  595.151872]  __mutex_lock+0x88d/0xf80
[  595.152200]  ? perf_trace_init+0x2c/0x170
[  595.152596]  ? perf_trace_init+0x2c/0x170
[  595.153090]  mutex_lock_nested+0x1f/0x30
[  595.153372]  ? mutex_lock_nested+0x1f/0x30
[  595.153674]  perf_trace_init+0x2c/0x170
[  595.154033]  perf_tp_event_init+0x60/0xa0
[  595.154367]  perf_try_init_event+0x88/0x280
[  595.154766]  perf_event_alloc+0xe25/0x1c00
[  595.155118]  ? perf_event_alloc+0x5/0x1c00
[  595.155575]  __do_sys_perf_event_open+0x3b6/0x1910
[  595.155956]  ? __x64_sys_perf_event_open+0x4/0x40
[  595.156882]  __x64_sys_perf_event_open+0x2f/0x40
[  595.157243]  do_syscall_64+0x3b/0x90
[  595.157547]  entry_SYSCALL_64_after_hwframe+0x72/0xdc
[  595.157899] RIP: 0033:0x7f2f2f07459d
[  595.158176] RSP: 002b:00007f2f2ef4dca8 EFLAGS: 00000246 ORIG_RAX: 000000000000012a
[  595.158671] RAX: ffffffffffffffda RBX: 0000000000000000 RCX: 00007f2f2f07459d
[  595.159092] RDX: 0000000000000000 RSI: 00000000ffffffff RDI: 00000000200004c0
[  595.159515] RBP: 00007f2f2ef4de00 R08: 0000000000000000 R09: 0000000000000000
[  595.159950] R10: 00000000ffffffff R11: 0000000000000246 R12: 00007ffe4aa454fe
[  595.160372] R13: 00007ffe4aa454ff R14: 00007ffe4aa45590 R15: 00007f2f2ef4e700
[  595.161195]  </TASK>
[  595.161579] INFO: task repro:2060 blocked for more than 147 seconds.
[  595.161960]       Not tainted 6.3.0-rc2-eeac8ede1755+ #1
[  595.162298] "echo 0 > /proc/sys/kernel/hung_task_timeout_secs" disables this message.
[  595.162742] task:repro           state:D stack:0     pid:2060  ppid:528    flags:0x00000004
[  595.163271] Call Trace:
[  595.163480]  <TASK>
[  595.163753]  __schedule+0x40a/0xc90
[  595.164218]  schedule+0x5b/0xe0
[  595.164607]  schedule_preempt_disabled+0x1c/0x30
[  595.164936]  __mutex_lock+0x88d/0xf80
[  595.165263]  ? perf_trace_init+0x2c/0x170
[  595.165564]  ? perf_trace_init+0x2c/0x170
[  595.166067]  mutex_lock_nested+0x1f/0x30
[  595.166356]  ? mutex_lock_nested+0x1f/0x30
[  595.166668]  perf_trace_init+0x2c/0x170
[  595.167040]  perf_tp_event_init+0x60/0xa0
[  595.167380]  perf_try_init_event+0x88/0x280
[  595.167783]  perf_event_alloc+0xe25/0x1c00
[  595.168128]  ? perf_event_alloc+0x5/0x1c00
[  595.168726]  __do_sys_perf_event_open+0x3b6/0x1910
[  595.169105]  ? __x64_sys_perf_event_open+0x4/0x40
[  595.169885]  __x64_sys_perf_event_open+0x2f/0x40
[  595.170236]  do_syscall_64+0x3b/0x90
[  595.170537]  entry_SYSCALL_64_after_hwframe+0x72/0xdc
[  595.170871] RIP: 0033:0x7f2f2f07459d
[  595.171141] RSP: 002b:00007f2f2ef4dca8 EFLAGS: 00000246 ORIG_RAX: 000000000000012a
[  595.171627] RAX: ffffffffffffffda RBX: 0000000000000000 RCX: 00007f2f2f07459d
[  595.172049] RDX: 0000000000000000 RSI: 00000000ffffffff RDI: 00000000200004c0
[  595.172606] RBP: 00007f2f2ef4de00 R08: 0000000000000000 R09: 0000000000000000
[  595.173023] R10: 00000000ffffffff R11: 0000000000000246 R12: 00007ffe4aa454fe
[  595.173441] R13: 00007ffe4aa454ff R14: 00007ffe4aa45590 R15: 00007f2f2ef4e700
[  595.174169]  </TASK>
[  595.174363] 
[  595.174363] Showing all locks held in the system:
[  595.174750] 1 lock held by rcu_tasks_kthre/11:
[  595.175060]  #0: ffffffff83f63490 (rcu_tasks.tasks_gp_mutex){+.+.}-{3:3}, at: rcu_tasks_one_gp+0x31/0x420
[  595.175850] 1 lock held by rcu_tasks_rude_/12:
[  595.176152]  #0: ffffffff83f63210 (rcu_tasks_rude.tasks_gp_mutex){+.+.}-{3:3}, at: rcu_tasks_one_gp+0x31/0x420
[  595.177072] 1 lock held by rcu_tasks_trace/13:
[  595.177372]  #0: ffffffff83f62f50 (rcu_tasks_trace.tasks_gp_mutex){+.+.}-{3:3}, at: rcu_tasks_one_gp+0x31/0x420
[  595.178176] 1 lock held by khungtaskd/29:
[  595.178448]  #0: ffffffff83f63ea0 (rcu_read_lock){....}-{1:2}, at: debug_show_all_locks+0x1b/0x1e0
[  595.179215] 2 locks held by repro/2014:
[  595.179483]  #0: ffffffff840206a8 (event_mutex){+.+.}-{3:3}, at: perf_trace_destroy+0x21/0xa0
[  595.180211]  #1: ffffffff8401cd68 (ftrace_lock){+.+.}-{3:3}, at: unregister_ftrace_function+0x2b/0x230
[  595.181066] 1 lock held by repro/2029:
[  595.181334]  #0: ffffffff840206a8 (event_mutex){+.+.}-{3:3}, at: perf_trace_destroy+0x21/0xa0
[  595.182074] 1 lock held by repro/2034:
[  595.182343]  #0: ffffffff840206a8 (event_mutex){+.+.}-{3:3}, at: perf_trace_destroy+0x21/0xa0
[  595.183083] 1 lock held by repro/2039:
[  595.183352]  #0: ffffffff840206a8 (event_mutex){+.+.}-{3:3}, at: perf_trace_destroy+0x21/0xa0
[  595.184110] 2 locks held by repro/2044:
[  595.184383]  #0: ffffffff864b8fd8 (&pmus_srcu){....}-{0:0}, at: perf_event_alloc+0x49e/0x1c00
[  595.185193]  #1: ffffffff840206a8 (event_mutex){+.+.}-{3:3}, at: perf_trace_init+0x2c/0x170
[  595.185917] 2 locks held by repro/2049:
[  595.186184]  #0: ffffffff864b8fd8 (&pmus_srcu){....}-{0:0}, at: perf_event_alloc+0x49e/0x1c00
[  595.186899]  #1: ffffffff840206a8 (event_mutex){+.+.}-{3:3}, at: perf_trace_init+0x2c/0x170
[  595.187616] 2 locks held by repro/2054:
[  595.187884]  #0: ffffffff864b8fd8 (&pmus_srcu){....}-{0:0}, at: perf_event_alloc+0x49e/0x1c00
[  595.188717]  #1: ffffffff840206a8 (event_mutex){+.+.}-{3:3}, at: perf_trace_init+0x2c/0x170
[  595.189442] 2 locks held by repro/2060:
[  595.189712]  #0: ffffffff864b8fd8 (&pmus_srcu){....}-{0:0}, at: perf_event_alloc+0x49e/0x1c00
[  595.190424]  #1: ffffffff840206a8 (event_mutex){+.+.}-{3:3}, at: perf_trace_init+0x2c/0x170
[  595.191143] 
[  595.191305] =============================================
[  595.191305] 
