c[?7l[2J[0mSeaBIOS (version rel-1.16.0-0-gd239552ce722-prebuilt.qemu.org)


iPXE (http://ipxe.org) 00:03.0 CA00 PCI2.10 PnP PMM+7FF91000+7FEF1000 CA00
Press Ctrl-B to configure iPXE (PCI 00:03.0)...                                                                               


Booting from ROM..c[?7l[2J[    0.000000] Linux version 5.16.0-rc5-099eac91bcda+ (root@984fee00a1f6.jf.intel.com) (gcc (GCC) 8.5.0 20210514 (Red Hat 8.5.0-17), GNU ld version 2.36.1-3.el8) #1 SMP PREEMPT Mon Dec 12 23:51:54 PST 2022
[    0.000000] Command line: console=ttyS0 root=/dev/sda earlyprintk=serial net.ifnames=0
[    0.000000] KERNEL supported cpus:
[    0.000000]   Intel GenuineIntel
[    0.000000]   AMD AuthenticAMD
[    0.000000]   Hygon HygonGenuine
[    0.000000]   Centaur CentaurHauls
[    0.000000]   zhaoxin   Shanghai  
[    0.000000] x86/split lock detection: #DB: warning on user-space bus_locks
[    0.000000] x86/fpu: Supporting XSAVE feature 0x001: 'x87 floating point registers'
[    0.000000] x86/fpu: Supporting XSAVE feature 0x002: 'SSE registers'
[    0.000000] x86/fpu: Supporting XSAVE feature 0x004: 'AVX registers'
[    0.000000] x86/fpu: Supporting XSAVE feature 0x020: 'AVX-512 opmask'
[    0.000000] x86/fpu: Supporting XSAVE feature 0x040: 'AVX-512 Hi256'
[    0.000000] x86/fpu: Supporting XSAVE feature 0x080: 'AVX-512 ZMM_Hi256'
[    0.000000] x86/fpu: Supporting XSAVE feature 0x200: 'Protection Keys User registers'
[    0.000000] x86/fpu: Supporting XSAVE feature 0x20000: 'AMX Tile config'
[    0.000000] x86/fpu: Supporting XSAVE feature 0x40000: 'AMX Tile data'
[    0.000000] x86/fpu: xstate_offset[2]:  576, xstate_sizes[2]:  256
[    0.000000] x86/fpu: xstate_offset[5]:  832, xstate_sizes[5]:   64
[    0.000000] x86/fpu: xstate_offset[6]:  896, xstate_sizes[6]:  512
[    0.000000] x86/fpu: xstate_offset[7]: 1408, xstate_sizes[7]: 1024
[    0.000000] x86/fpu: xstate_offset[9]: 2432, xstate_sizes[9]:    8
[    0.000000] x86/fpu: xstate_offset[17]: 2496, xstate_sizes[17]:   64
[    0.000000] x86/fpu: xstate_offset[18]: 2560, xstate_sizes[18]: 8192
[    0.000000] x86/fpu: Enabled xstate features 0x602e7, context size is 10752 bytes, using 'compacted' format.
[    0.000000] signal: max sigframe size: 11952
[    0.000000] printk: bootconsole [earlyser0] enabled
[    0.000000] BIOS-provided physical RAM map:
[    0.000000] BIOS-e820: [mem 0x0000000000000000-0x000000000009fbff] usable
[    0.000000] BIOS-e820: [mem 0x000000000009fc00-0x000000000009ffff] reserved
[    0.000000] BIOS-e820: [mem 0x00000000000f0000-0x00000000000fffff] reserved
[    0.000000] BIOS-e820: [mem 0x0000000000100000-0x000000007ffdffff] usable
[    0.000000] BIOS-e820: [mem 0x000000007ffe0000-0x000000007fffffff] reserved
[    0.000000] BIOS-e820: [mem 0x00000000feffc000-0x00000000feffffff] reserved
[    0.000000] BIOS-e820: [mem 0x00000000fffc0000-0x00000000ffffffff] reserved
[    0.000000] NX (Execute Disable) protection: active
[    0.000000] SMBIOS 2.8 present.
[    0.000000] DMI: QEMU Standard PC (i440FX + PIIX, 1996), BIOS rel-1.16.0-0-gd239552ce722-prebuilt.qemu.org 04/01/2014
[    0.000000] Hypervisor detected: KVM
[    0.000000] kvm-clock: Using msrs 4b564d01 and 4b564d00
[    0.000000] kvm-clock: cpu 0, msr 5601001, primary cpu clock
[    0.000003] kvm-clock: using sched offset of 348540233 cycles
[    0.000498] clocksource: kvm-clock: mask: 0xffffffffffffffff max_cycles: 0x1cd42e4dffb, max_idle_ns: 881590591483 ns
[    0.001920] tsc: Detected 1700.000 MHz processor
[    0.008640] last_pfn = 0x7ffe0 max_arch_pfn = 0x10000000000
[    0.009170] x86/PAT: Configuration [0-7]: WB  WC  UC- UC  WB  WP  UC- WT  
[    0.014783] found SMP MP-table at [mem 0x000f5ba0-0x000f5baf]
[    0.015338] Using GB pages for direct mapping
[    0.016725] ACPI: Early table checksum verification disabled
[    0.017223] ACPI: RSDP 0x00000000000F59C0 000014 (v00 BOCHS )
[    0.017742] ACPI: RSDT 0x000000007FFE1951 000034 (v01 BOCHS  BXPC     00000001 BXPC 00000001)
[    0.018499] ACPI: FACP 0x000000007FFE17FD 000074 (v01 BOCHS  BXPC     00000001 BXPC 00000001)
[    0.019258] ACPI: DSDT 0x000000007FFE0040 0017BD (v01 BOCHS  BXPC     00000001 BXPC 00000001)
[    0.020015] ACPI: FACS 0x000000007FFE0000 000040
[    0.020430] ACPI: APIC 0x000000007FFE1871 000080 (v01 BOCHS  BXPC     00000001 BXPC 00000001)
[    0.021188] ACPI: HPET 0x000000007FFE18F1 000038 (v01 BOCHS  BXPC     00000001 BXPC 00000001)
[    0.021944] ACPI: WAET 0x000000007FFE1929 000028 (v01 BOCHS  BXPC     00000001 BXPC 00000001)
[    0.022700] ACPI: Reserving FACP table memory at [mem 0x7ffe17fd-0x7ffe1870]
[    0.023317] ACPI: Reserving DSDT table memory at [mem 0x7ffe0040-0x7ffe17fc]
[    0.023936] ACPI: Reserving FACS table memory at [mem 0x7ffe0000-0x7ffe003f]
[    0.024551] ACPI: Reserving APIC table memory at [mem 0x7ffe1871-0x7ffe18f0]
[    0.025170] ACPI: Reserving HPET table memory at [mem 0x7ffe18f1-0x7ffe1928]
[    0.025788] ACPI: Reserving WAET table memory at [mem 0x7ffe1929-0x7ffe1950]
[    0.027246] No NUMA configuration found
[    0.027581] Faking a node at [mem 0x0000000000000000-0x000000007ffdffff]
[    0.028227] NODE_DATA(0) allocated [mem 0x7ffb5000-0x7ffdffff]
[    0.032829] Zone ranges:
[    0.033070]   DMA      [mem 0x0000000000001000-0x0000000000ffffff]
[    0.033613]   DMA32    [mem 0x0000000001000000-0x000000007ffdffff]
[    0.034162]   Normal   empty
[    0.034414]   Device   empty
[    0.034671] Movable zone start for each node
[    0.035044] Early memory node ranges
[    0.035353]   node   0: [mem 0x0000000000001000-0x000000000009efff]
[    0.035905]   node   0: [mem 0x0000000000100000-0x000000007ffdffff]
[    0.036454] Initmem setup node 0 [mem 0x0000000000001000-0x000000007ffdffff]
[    0.037484] On node 0, zone DMA: 1 pages in unavailable ranges
[    0.037503] On node 0, zone DMA: 97 pages in unavailable ranges
[    0.046317] On node 0, zone DMA32: 32 pages in unavailable ranges
[    0.047101] ACPI: PM-Timer IO Port: 0x608
[    0.047985] ACPI: LAPIC_NMI (acpi_id[0xff] dfl dfl lint[0x1])
[    0.048530] IOAPIC[0]: apic_id 0, version 17, address 0xfec00000, GSI 0-23
[    0.049135] ACPI: INT_SRC_OVR (bus 0 bus_irq 0 global_irq 2 dfl dfl)
[    0.049686] ACPI: INT_SRC_OVR (bus 0 bus_irq 5 global_irq 5 high level)
[    0.050256] ACPI: INT_SRC_OVR (bus 0 bus_irq 9 global_irq 9 high level)
[    0.050829] ACPI: INT_SRC_OVR (bus 0 bus_irq 10 global_irq 10 high level)
[    0.051414] ACPI: INT_SRC_OVR (bus 0 bus_irq 11 global_irq 11 high level)
[    0.052015] ACPI: Using ACPI (MADT) for SMP configuration information
[    0.052566] ACPI: HPET id: 0x8086a201 base: 0xfed00000
[    0.053018] TSC deadline timer available
[    0.053355] smpboot: Allowing 2 CPUs, 0 hotplug CPUs
[    0.053810] kvm-guest: KVM setup pv remote TLB flush
[    0.054239] kvm-guest: setup PV sched yield
[    0.054641] PM: hibernation: Registered nosave memory: [mem 0x00000000-0x00000fff]
[    0.055293] PM: hibernation: Registered nosave memory: [mem 0x0009f000-0x0009ffff]
[    0.055942] PM: hibernation: Registered nosave memory: [mem 0x000a0000-0x000effff]
[    0.056588] PM: hibernation: Registered nosave memory: [mem 0x000f0000-0x000fffff]
[    0.057241] [mem 0x80000000-0xfeffbfff] available for PCI devices
[    0.057768] Booting paravirtualized kernel on KVM
[    0.058174] clocksource: refined-jiffies: mask: 0xffffffff max_cycles: 0xffffffff, max_idle_ns: 7645519600211568 ns
[    0.059084] setup_percpu: NR_CPUS:8192 nr_cpumask_bits:2 nr_cpu_ids:2 nr_node_ids:1
[    0.060287] percpu: Embedded 63 pages/cpu s221184 r8192 d28672 u1048576
[    0.061049] kvm-guest: setup async PF for cpu 0
[    0.061443] kvm-guest: stealtime: cpu 0, msr 7da35080
[    0.061889] kvm-guest: PV spinlocks enabled
[    0.062263] PV qspinlock hash table entries: 256 (order: 0, 4096 bytes, linear)
[    0.062914] Fallback order for Node 0: 0 
[    0.063276] Built 1 zonelists, mobility grouping on.  Total pages: 515808
[    0.063870] Policy zone: DMA32
[    0.064137] Kernel command line: net.ifnames=0 console=ttyS0 root=/dev/sda earlyprintk=serial net.ifnames=0
[    0.065772] Dentry cache hash table entries: 262144 (order: 9, 2097152 bytes, linear)
[    0.066601] Inode-cache hash table entries: 131072 (order: 8, 1048576 bytes, linear)
[    0.067375] mem auto-init: stack:off, heap alloc:off, heap free:off
[    0.072429] Memory: 1983428K/2096632K available (32785K kernel code, 5312K rwdata, 7832K rodata, 3176K init, 22012K bss, 113004K reserved, 0K cma-reserved)
[    0.073623] random: get_random_u64 called from __kmem_cache_create+0x2f/0x4e0 with crng_init=0
[    0.074230] SLUB: HWalign=64, Order=0-3, MinObjects=0, CPUs=2, Nodes=1
[    0.075507] kmemleak: Kernel memory leak detector disabled
[    0.075995] ftrace: allocating 65539 entries in 257 pages
[    0.168377] ftrace: allocated 257 pages with 2 groups
[    0.171679] Dynamic Preempt: voluntary
[    0.172114] Running RCU self tests
[    0.172408] rcu: Preemptible hierarchical RCU implementation.
[    0.172890] rcu: 	RCU lockdep checking is enabled.
[    0.173287] rcu: 	RCU restricting CPUs from NR_CPUS=8192 to nr_cpu_ids=2.
[    0.173855] 	Trampoline variant of Tasks RCU enabled.
[    0.174273] 	Rude variant of Tasks RCU enabled.
[    0.174650] 	Tracing variant of Tasks RCU enabled.
[    0.175047] rcu: RCU calculated value of scheduler-enlistment delay is 25 jiffies.
[    0.175677] rcu: Adjusting geometry for rcu_fanout_leaf=16, nr_cpu_ids=2
[    0.199465] NR_IRQS: 524544, nr_irqs: 440, preallocated irqs: 16
[    0.208005] Console: colour VGA+ 80x25
[    0.208381] printk: console [ttyS0] enabled
[    0.208381] printk: console [ttyS0] enabled
[    0.209094] printk: bootconsole [earlyser0] disabled
[    0.209094] printk: bootconsole [earlyser0] disabled
[    0.209936] Lock dependency validator: Copyright (c) 2006 Red Hat, Inc., Ingo Molnar
[    0.210592] ... MAX_LOCKDEP_SUBCLASSES:  8
[    0.210950] ... MAX_LOCK_DEPTH:          48
[    0.211314] ... MAX_LOCKDEP_KEYS:        8192
[    0.211694] ... CLASSHASH_SIZE:          4096
[    0.212070] ... MAX_LOCKDEP_ENTRIES:     32768
[    0.212455] ... MAX_LOCKDEP_CHAINS:      65536
[    0.212843] ... CHAINHASH_SIZE:          32768
[    0.213226]  memory used by lock dependency info: 6365 kB
[    0.213695]  memory used for stack traces: 4224 kB
[    0.214109]  per task-struct memory footprint: 1920 bytes
[    0.214611] ACPI: Core revision 20210930
[    0.215189] clocksource: hpet: mask: 0xffffffff max_cycles: 0xffffffff, max_idle_ns: 19112604467 ns
[    0.216093] APIC: Switch to symmetric I/O mode setup
[    0.216730] x2apic enabled
[    0.217157] Switched APIC routing to physical x2apic.
[    0.217592] kvm-guest: setup PV IPIs
[    0.218778] ..TIMER: vector=0x30 apic1=0 pin1=2 apic2=-1 pin2=-1
[    0.219316] clocksource: tsc-early: mask: 0xffffffffffffffff max_cycles: 0x1881273ac8e, max_idle_ns: 440795257284 ns
[    0.220254] Calibrating delay loop (skipped) preset value.. 3400.00 BogoMIPS (lpj=6800000)
[    0.220964] pid_max: default: 32768 minimum: 301
[    0.221430] LSM: Security Framework initializing
[    0.221838] Yama: becoming mindful.
[    0.222243] Mount-cache hash table entries: 4096 (order: 3, 32768 bytes, linear)
[    0.222883] Mountpoint-cache hash table entries: 4096 (order: 3, 32768 bytes, linear)
[    0.224788] x86/cpu: User Mode Instruction Prevention (UMIP) activated
[    0.225571] Last level iTLB entries: 4KB 0, 2MB 0, 4MB 0
[    0.226038] Last level dTLB entries: 4KB 0, 2MB 0, 4MB 0, 1GB 0
[    0.226556] Spectre V1 : Mitigation: usercopy/swapgs barriers and __user pointer sanitization
[    0.227284] Spectre V2 : Mitigation: Enhanced IBRS
[    0.227668] Spectre V2 : Spectre v2 / SpectreRSB mitigation: Filling RSB on context switch
[    0.228252] Spectre V2 : mitigation: Enabling conditional Indirect Branch Prediction Barrier
[    0.228921] Speculative Store Bypass: Mitigation: Speculative Store Bypass disabled via prctl
[    0.269619] Freeing SMP alternatives memory: 56K
[    0.270296] smpboot: CPU0: Intel(R) Xeon(R) Gold 6414TDX (family: 0x6, model: 0x8f, stepping: 0x6)
[    0.271523] Running RCU-tasks wait API self tests
[    0.372406] Performance Events: Sapphire Rapids events, full-width counters, Intel PMU driver.
[    0.373177] ... version:                2
[    0.373507] ... bit width:              48
[    0.373843] ... generic registers:      8
[    0.374169] ... value mask:             0000ffffffffffff
[    0.374593] ... max period:             00007fffffffffff
[    0.375021] ... fixed-purpose events:   3
[    0.375344] ... event mask:             00000007000000ff
[    0.376124] rcu: Hierarchical SRCU implementation.
[    0.379029] smp: Bringing up secondary CPUs ...
[    0.379892] x86: Booting SMP configuration:
[    0.380264] .... node  #0, CPUs:      #1
[    0.016024] kvm-clock: cpu 1, msr 5601041, secondary cpu clock
[    0.381099] kvm-guest: setup async PF for cpu 1
[    0.381224] kvm-guest: stealtime: cpu 1, msr 7db35080
[    0.381692] smp: Brought up 1 node, 2 CPUs
[    0.381692] smpboot: Max logical packages: 1
[    0.381692] smpboot: Total of 2 processors activated (6800.00 BogoMIPS)
[    0.384718] devtmpfs: initialized
[    0.384818] x86/mm: Memory block size: 128MB
[    0.388260] Callback from call_rcu_tasks_trace() invoked.
[    0.388735] clocksource: jiffies: mask: 0xffffffff max_cycles: 0xffffffff, max_idle_ns: 7645041785100000 ns
[    0.389054] futex hash table entries: 512 (order: 4, 65536 bytes, linear)
[    0.389895] pinctrl core: initialized pinctrl subsystem
[    0.390933] 
[    0.391066] *************************************************************
[    0.391605] **     NOTICE NOTICE NOTICE NOTICE NOTICE NOTICE NOTICE    **
[    0.392257] **                                                         **
[    0.392799] **  IOMMU DebugFS SUPPORT HAS BEEN ENABLED IN THIS KERNEL  **
[    0.393342] **                                                         **
[    0.393887] ** This means that this kernel is built to expose internal **
[    0.394433] ** IOMMU data structures, which may compromise security on **
[    0.394980] ** your system.                                            **
[    0.395522] **                                                         **
[    0.396067] ** If you see this message and you are not debugging the   **
[    0.396258] ** kernel, report this immediately to your vendor!         **
[    0.396816] **                                                         **
[    0.397372] **     NOTICE NOTICE NOTICE NOTICE NOTICE NOTICE NOTICE    **
[    0.397931] *************************************************************
[    0.398543] PM: RTC time: 00:08:14, date: 2022-12-14
[    0.400100] NET: Registered PF_NETLINK/PF_ROUTE protocol family
[    0.400897] DMA: preallocated 256 KiB GFP_KERNEL pool for atomic allocations
[    0.401492] DMA: preallocated 256 KiB GFP_KERNEL|GFP_DMA pool for atomic allocations
[    0.402133] DMA: preallocated 256 KiB GFP_KERNEL|GFP_DMA32 pool for atomic allocations
[    0.402817] audit: initializing netlink subsys (disabled)
[    0.403282] audit: type=2000 audit(1670976495.575:1): state=initialized audit_enabled=0 res=1
[    0.403282] thermal_sys: Registered thermal governor 'fair_share'
[    0.403282] thermal_sys: Registered thermal governor 'bang_bang'
[    0.403282] thermal_sys: Registered thermal governor 'step_wise'
[    0.403282] thermal_sys: Registered thermal governor 'user_space'
[    0.403282] cpuidle: using governor ladder
[    0.403451] cpuidle: using governor menu
[    0.404175] acpiphp: ACPI Hot Plug PCI Controller Driver version: 0.5
[    0.404387] PCI: Using configuration type 1 for base access
[    0.420056] kprobes: kprobe jump-optimization is enabled. All kprobes are optimized if possible.
[    0.424359] HugeTLB registered 1.00 GiB page size, pre-allocated 0 pages
[    0.424865] HugeTLB registered 2.00 MiB page size, pre-allocated 0 pages
[    0.428299] ACPI: Added _OSI(Module Device)
[    0.428674] ACPI: Added _OSI(Processor Device)
[    0.429044] ACPI: Added _OSI(3.0 _SCP Extensions)
[    0.429423] ACPI: Added _OSI(Processor Aggregator Device)
[    0.429859] ACPI: Added _OSI(Linux-Dell-Video)
[    0.430215] ACPI: Added _OSI(Linux-Lenovo-NV-HDMI-Audio)
[    0.430641] ACPI: Added _OSI(Linux-HPI-Hybrid-Graphics)
[    0.436847] ACPI: 1 ACPI AML tables successfully acquired and loaded
[    0.441177] ACPI: Interpreter enabled
[    0.441572] ACPI: PM: (supports S0 S3 S4 S5)
[    0.441932] ACPI: Using IOAPIC for interrupt routing
[    0.442370] PCI: Using host bridge windows from ACPI; if necessary, use "pci=nocrs" and report a bug
[    0.443847] ACPI: Enabled 2 GPEs in block 00 to 0F
[    0.461798] ACPI: PCI Root Bridge [PCI0] (domain 0000 [bus 00-ff])
[    0.462373] acpi PNP0A03:00: _OSC: OS supports [ASPM ClockPM Segments MSI EDR HPX-Type3]
[    0.463086] acpi PNP0A03:00: _OSC: not requesting OS control; OS requires [ExtendedConfig ASPM ClockPM MSI]
[    0.464002] acpi PNP0A03:00: fail to add MMCONFIG information, can't access extended PCI configuration space under this bridge.
[    0.466532] acpiphp: Slot [3] registered
[    0.466962] acpiphp: Slot [4] registered
[    0.467394] acpiphp: Slot [5] registered
[    0.467812] acpiphp: Slot [6] registered
[    0.468205] acpiphp: Slot [7] registered
[    0.468316] acpiphp: Slot [8] registered
[    0.468709] acpiphp: Slot [9] registered
[    0.469105] acpiphp: Slot [10] registered
[    0.469503] acpiphp: Slot [11] registered
[    0.469906] acpiphp: Slot [12] registered
[    0.470303] acpiphp: Slot [13] registered
[    0.470704] acpiphp: Slot [14] registered
[    0.471107] acpiphp: Slot [15] registered
[    0.471503] acpiphp: Slot [16] registered
[    0.471903] acpiphp: Slot [17] registered
[    0.472303] acpiphp: Slot [18] registered
[    0.472703] acpiphp: Slot [19] registered
[    0.473106] acpiphp: Slot [20] registered
[    0.473504] acpiphp: Slot [21] registered
[    0.473904] acpiphp: Slot [22] registered
[    0.474301] acpiphp: Slot [23] registered
[    0.474701] acpiphp: Slot [24] registered
[    0.476318] Callback from call_rcu_tasks_rude() invoked.
[    0.476318] acpiphp: Slot [25] registered
[    0.476318] acpiphp: Slot [26] registered
[    0.476322] acpiphp: Slot [27] registered
[    0.476721] acpiphp: Slot [28] registered
[    0.477124] acpiphp: Slot [29] registered
[    0.477520] acpiphp: Slot [30] registered
[    0.477930] acpiphp: Slot [31] registered
[    0.478277] PCI host bridge to bus 0000:00
[    0.478612] pci_bus 0000:00: root bus resource [io  0x0000-0x0cf7 window]
[    0.479161] pci_bus 0000:00: root bus resource [io  0x0d00-0xffff window]
[    0.479710] pci_bus 0000:00: root bus resource [mem 0x000a0000-0x000bffff window]
[    0.480248] pci_bus 0000:00: root bus resource [mem 0x80000000-0xfebfffff window]
[    0.480853] pci_bus 0000:00: root bus resource [mem 0x100000000-0x17fffffff window]
[    0.481471] pci_bus 0000:00: root bus resource [bus 00-ff]
[    0.481984] pci 0000:00:00.0: [8086:1237] type 00 class 0x060000
[    0.485772] pci 0000:00:01.0: [8086:7000] type 00 class 0x060100
[    0.486941] pci 0000:00:01.1: [8086:7010] type 00 class 0x010180
[    0.489178] pci 0000:00:01.1: reg 0x20: [io  0xc040-0xc04f]
[    0.490091] pci 0000:00:01.1: legacy IDE quirk: reg 0x10: [io  0x01f0-0x01f7]
[    0.490674] pci 0000:00:01.1: legacy IDE quirk: reg 0x14: [io  0x03f6]
[    0.491196] pci 0000:00:01.1: legacy IDE quirk: reg 0x18: [io  0x0170-0x0177]
[    0.491771] pci 0000:00:01.1: legacy IDE quirk: reg 0x1c: [io  0x0376]
[    0.492540] pci 0000:00:01.3: [8086:7113] type 00 class 0x068000
[    0.493338] pci 0000:00:01.3: quirk: [io  0x0600-0x063f] claimed by PIIX4 ACPI
[    0.493923] pci 0000:00:01.3: quirk: [io  0x0700-0x070f] claimed by PIIX4 SMB
[    0.494968] pci 0000:00:02.0: [1234:1111] type 00 class 0x030000
[    0.496254] pci 0000:00:02.0: reg 0x10: [mem 0xfd000000-0xfdffffff pref]
[    0.498208] pci 0000:00:02.0: reg 0x18: [mem 0xfebf0000-0xfebf0fff]
[    0.500973] pci 0000:00:02.0: reg 0x30: [mem 0xfebe0000-0xfebeffff pref]
[    0.504608] pci 0000:00:03.0: [8086:100e] type 00 class 0x020000
[    0.505598] pci 0000:00:03.0: reg 0x10: [mem 0xfebc0000-0xfebdffff]
[    0.506754] pci 0000:00:03.0: reg 0x14: [io  0xc000-0xc03f]
[    0.510008] pci 0000:00:03.0: reg 0x30: [mem 0xfeb80000-0xfebbffff pref]
[    0.521634] ACPI: PCI: Interrupt link LNKA configured for IRQ 10
[    0.522526] ACPI: PCI: Interrupt link LNKB configured for IRQ 10
[    0.523385] ACPI: PCI: Interrupt link LNKC configured for IRQ 11
[    0.524248] ACPI: PCI: Interrupt link LNKD configured for IRQ 11
[    0.524916] ACPI: PCI: Interrupt link LNKS configured for IRQ 9
[    0.528294] iommu: Default domain type: Translated 
[    0.528674] iommu: DMA domain TLB invalidation policy: lazy mode 
[    0.529352] pci 0000:00:02.0: vgaarb: setting as boot VGA device
[    0.529352] pci 0000:00:02.0: vgaarb: VGA device added: decodes=io+mem,owns=io+mem,locks=none
[    0.529517] pci 0000:00:02.0: vgaarb: bridge control possible
[    0.530001] vgaarb: loaded
[    0.532881] SCSI subsystem initialized
[    0.533217] ACPI: bus type USB registered
[    0.533217] usbcore: registered new interface driver usbfs
[    0.533217] usbcore: registered new interface driver hub
[    0.533217] usbcore: registered new device driver usb
[    0.533276] pps_core: LinuxPPS API ver. 1 registered
[    0.533690] pps_core: Software ver. 5.3.6 - Copyright 2005-2007 Rodolfo Giometti <giometti@linux.it>
[    0.534434] PTP clock support registered
[    0.536289] EDAC MC: Ver: 3.0.0
[    0.537120] NetLabel: Initializing
[    0.537411] NetLabel:  domain hash size = 128
[    0.537771] NetLabel:  protocols = UNLABELED CIPSOv4 CALIPSO
[    0.538293] NetLabel:  unlabeled traffic allowed by default
[    0.540318] PCI: Using ACPI for IRQ routing
[    0.540780] hpet0: at MMIO 0xfed00000, IRQs 2, 8, 0
[    0.540908] hpet0: 3 comparators, 64-bit 100.000000 MHz counter
[    0.544255] clocksource: Switched to clocksource kvm-clock
[    0.576349] Callback from call_rcu_tasks() invoked.
[    0.654192] VFS: Disk quotas dquot_6.6.0
[    0.654576] VFS: Dquot-cache hash table entries: 512 (order 0, 4096 bytes)
[    0.655459] pnp: PnP ACPI init
[    0.657708] pnp: PnP ACPI: found 6 devices
[    0.669246] clocksource: acpi_pm: mask: 0xffffff max_cycles: 0xffffff, max_idle_ns: 2085701024 ns
[    0.670317] NET: Registered PF_INET protocol family
[    0.670808] IP idents hash table entries: 32768 (order: 6, 262144 bytes, linear)
[    0.672003] tcp_listen_portaddr_hash hash table entries: 1024 (order: 4, 81920 bytes, linear)
[    0.672738] TCP established hash table entries: 16384 (order: 5, 131072 bytes, linear)
[    0.673533] TCP bind hash table entries: 16384 (order: 8, 1179648 bytes, linear)
[    0.674791] TCP: Hash tables configured (established 16384 bind 16384)
[    0.675432] UDP hash table entries: 1024 (order: 5, 163840 bytes, linear)
[    0.676090] UDP-Lite hash table entries: 1024 (order: 5, 163840 bytes, linear)
[    0.676914] NET: Registered PF_UNIX/PF_LOCAL protocol family
[    0.677958] RPC: Registered named UNIX socket transport module.
[    0.678459] RPC: Registered udp transport module.
[    0.678838] RPC: Registered tcp transport module.
[    0.679215] RPC: Registered tcp NFSv4.1 backchannel transport module.
[    0.679755] pci_bus 0000:00: resource 4 [io  0x0000-0x0cf7 window]
[    0.680277] pci_bus 0000:00: resource 5 [io  0x0d00-0xffff window]
[    0.680784] pci_bus 0000:00: resource 6 [mem 0x000a0000-0x000bffff window]
[    0.681339] pci_bus 0000:00: resource 7 [mem 0x80000000-0xfebfffff window]
[    0.681896] pci_bus 0000:00: resource 8 [mem 0x100000000-0x17fffffff window]
[    0.682726] pci 0000:00:01.0: PIIX3: Enabling Passive Release
[    0.683202] pci 0000:00:00.0: Limiting direct PCI/PCI transfers
[    0.683698] pci 0000:00:01.0: Activating ISA DMA hang workarounds
[    0.684279] pci 0000:00:02.0: Video device with shadowed ROM at [mem 0x000c0000-0x000dffff]
[    0.684974] PCI: CLS 0 bytes, default 64
[    0.685647] ACPI: bus type thunderbolt registered
[    0.686331] clocksource: tsc: mask: 0xffffffffffffffff max_cycles: 0x1881273ac8e, max_idle_ns: 440795257284 ns
[    3.405342] sgx: There are zero EPC sections.
[    3.409573] Initialise system trusted keyrings
[    3.410042] Key type blacklist registered
[    3.410591] workingset: timestamp_bits=36 max_order=19 bucket_order=0
[    3.421666] zbud: loaded
[    3.423885] squashfs: version 4.0 (2009/01/31) Phillip Lougher
[    3.425873] NFS: Registering the id_resolver key type
[    3.426330] Key type id_resolver registered
[    3.426682] Key type id_legacy registered
[    3.427137] nfs4filelayout_init: NFSv4 File Layout Driver Registering...
[    3.427715] nfs4flexfilelayout_init: NFSv4 Flexfile Layout Driver Registering...
[    3.428474] fuse: init (API version 7.35)
[    3.429132] SGI XFS with ACLs, security attributes, realtime, quota, no debug enabled
[    3.431605] 9p: Installing v9fs 9p2000 file system support
[    3.439472] Key type asymmetric registered
[    3.439820] Asymmetric key parser 'x509' registered
[    3.440395] Block layer SCSI generic (bsg) driver version 0.4 loaded (major 243)
[    3.441139] io scheduler mq-deadline registered
[    3.441645] io scheduler bfq registered
[    3.443247] shpchp: Standard Hot Plug PCI Controller Driver version: 0.4
[    3.444277] IPMI message handler: version 39.2
[    3.444701] ipmi device interface
[    3.447258] input: Power Button as /devices/LNXSYSTM:00/LNXPWRBN:00/input/input0
[    3.448307] ACPI: button: Power Button [PWRF]
[    3.449702] ERST DBG: ERST support is disabled.
[    3.450612] Serial: 8250/16550 driver, 32 ports, IRQ sharing enabled
[    3.451636] 00:04: ttyS0 at I/O 0x3f8 (irq = 4, base_baud = 115200) is a 16550A
[    3.461549] Linux agpgart interface v0.103
[    3.462514] ACPI: bus type drm_connector registered
[    3.474737] brd: module loaded
[    3.482671] loop: module loaded
[    3.487306] scsi host0: ata_piix
[    3.488201] scsi host1: ata_piix
[    3.488659] ata1: PATA max MWDMA2 cmd 0x1f0 ctl 0x3f6 bmdma 0xc040 irq 14
[    3.489218] ata2: PATA max MWDMA2 cmd 0x170 ctl 0x376 bmdma 0xc048 irq 15
[    3.490814] libphy: Fixed MDIO Bus: probed
[    3.491489] tun: Universal TUN/TAP device driver, 1.6
[    3.492060] e100: Intel(R) PRO/100 Network Driver
[    3.492466] e100: Copyright(c) 1999-2006 Intel Corporation
[    3.492962] e1000: Intel(R) PRO/1000 Network Driver
[    3.493365] e1000: Copyright (c) 1999-2006 Intel Corporation.
[    3.648975] ata1.00: ATA-7: QEMU HARDDISK, 2.5+, max UDMA/100
[    3.649471] ata1.00: 16777216 sectors, multi 16: LBA48 
[    3.650242] ata1.00: Read log 0x00 page 0x00 failed, Emask 0x1
[    3.651320] ata2.00: ATAPI: QEMU DVD-ROM, 2.5+, max UDMA/100
[    3.652736] scsi 0:0:0:0: Direct-Access     ATA      QEMU HARDDISK    2.5+ PQ: 0 ANSI: 5
[    3.654276] scsi 0:0:0:0: Attached scsi generic sg0 type 0
[    3.655403] scsi 1:0:0:0: CD-ROM            QEMU     QEMU DVD-ROM     2.5+ PQ: 0 ANSI: 5
[    3.657126] scsi 1:0:0:0: Attached scsi generic sg1 type 5
[    3.657833] sd 0:0:0:0: [sda] 16777216 512-byte logical blocks: (8.59 GB/8.00 GiB)
[    3.658480] sd 0:0:0:0: [sda] Write Protect is off
[    3.658915] sd 0:0:0:0: [sda] Write cache: enabled, read cache: enabled, doesn't support DPO or FUA
[    3.691135] ACPI: \_SB_.LNKC: Enabled at IRQ 11
[    3.704425] sd 0:0:0:0: [sda] Attached SCSI disk
[    4.015445] e1000 0000:00:03.0 eth0: (PCI:33MHz:32-bit) 52:54:00:12:34:56
[    4.016043] e1000 0000:00:03.0 eth0: Intel(R) PRO/1000 Network Connection
[    4.016746] e1000e: Intel(R) PRO/1000 Network Driver
[    4.017153] e1000e: Copyright(c) 1999 - 2015 Intel Corporation.
[    4.017711] igb: Intel(R) Gigabit Ethernet Network Driver
[    4.018152] igb: Copyright (c) 2007-2014 Intel Corporation.
[    4.018721] PPP generic driver version 2.4.2
[    4.019654] VFIO - User Level meta-driver version: 0.3
[    4.020137] ehci_hcd: USB 2.0 'Enhanced' Host Controller (EHCI) Driver
[    4.020705] ehci-pci: EHCI PCI platform driver
[    4.021095] ehci-platform: EHCI generic platform driver
[    4.021537] ohci_hcd: USB 1.1 'Open' Host Controller (OHCI) Driver
[    4.022033] ohci-pci: OHCI PCI platform driver
[    4.022415] ohci-platform: OHCI generic platform driver
[    4.022867] uhci_hcd: USB Universal Host Controller Interface driver
[    4.023655] usbcore: registered new interface driver uas
[    4.024156] usbcore: registered new interface driver usb-storage
[    4.024810] i8042: PNP: PS/2 Controller [PNP0303:KBD,PNP0f13:MOU] at 0x60,0x64 irq 1,12
[    4.026167] serio: i8042 KBD port at 0x60,0x64 irq 1
[    4.026612] serio: i8042 AUX port at 0x60,0x64 irq 12
[    4.027707] mousedev: PS/2 mouse device common for all mice
[    4.029141] input: AT Translated Set 2 keyboard as /devices/platform/i8042/serio0/input/input1
[    4.031225] input: VirtualPS/2 VMware VMMouse as /devices/platform/i8042/serio1/input/input4
[    4.032557] input: VirtualPS/2 VMware VMMouse as /devices/platform/i8042/serio1/input/input3
[    4.033520] rtc_cmos 00:05: RTC can wake from S4
[    4.034867] rtc_cmos 00:05: registered as rtc0
[    4.035304] rtc_cmos 00:05: setting system clock to 2022-12-14T00:08:18 UTC (1670976498)
[    4.036133] rtc_cmos 00:05: alarms up to one day, y3k, 242 bytes nvram, hpet irqs
[    4.036799] i2c_dev: i2c /dev entries driver
[    4.037220] device-mapper: core: CONFIG_IMA_DISABLE_HTABLE is disabled. Duplicate IMA measurements will not be recorded in the IMA log.
[    4.038313] device-mapper: uevent: version 1.0.3
[    4.038994] device-mapper: ioctl: 4.45.0-ioctl (2021-03-22) initialised: dm-devel@redhat.com
[    4.039691] intel_pstate: CPU model not supported
[    4.040173] sdhci: Secure Digital Host Controller Interface driver
[    4.040687] sdhci: Copyright(c) Pierre Ossman
[    4.041117] sdhci-pltfm: SDHCI platform and OF driver helper
[    4.041649] ledtrig-cpu: registered to indicate activity on CPUs
[    4.042412] drop_monitor: Initializing network drop monitor service
[    4.043636] NET: Registered PF_INET6 protocol family
[    4.047104] Segment Routing with IPv6
[    4.047468] In-situ OAM (IOAM) with IPv6
[    4.047842] NET: Registered PF_PACKET protocol family
[    4.048522] 9pnet: Installing 9P2000 support
[    4.048936] Key type dns_resolver registered
[    4.050070] IPI shorthand broadcast: enabled
[    4.050467] sched_clock: Marking stable (4037806992, 12024547)->(4055080364, -5248825)
[    4.051713] registered taskstats version 1
[    4.052169] Loading compiled-in X.509 certificates
[    4.052918] zswap: loaded using pool lzo/zbud
[    4.054274] Key type ._fscrypt registered
[    4.054617] Key type .fscrypt registered
[    4.054933] Key type fscrypt-provisioning registered
[    4.056424] Key type encrypted registered
[    4.056813] ima: No TPM chip found, activating TPM-bypass!
[    4.057264] ima: Allocated hash algorithm: sha1
[    4.057685] ima: No architecture policies found
[    4.058130] evm: Initialising EVM extended attributes:
[    4.058546] evm: security.selinux
[    4.058815] evm: security.SMACK64
[    4.059088] evm: security.SMACK64EXEC
[    4.059387] evm: security.SMACK64TRANSMUTE
[    4.059725] evm: security.SMACK64MMAP
[    4.060023] evm: security.apparmor
[    4.060321] evm: security.ima
[    4.060574] evm: security.capability
[    4.060863] evm: HMAC attrs: 0x1
[    4.065928] PM:   Magic number: 2:151:102
[    4.066754] RAS: Correctable Errors collector initialized.
[    4.068344] md: Waiting for all devices to be available before autodetect
[    4.068895] md: If you don't use raid, use raid=noautodetect
[    4.069348] md: Autodetecting RAID arrays.
[    4.069688] md: autorun ...
[    4.069918] md: ... autorun DONE.
[    4.075017] EXT4-fs (sda): mounted filesystem with ordered data mode. Opts: (null). Quota mode: none.
[    4.075857] VFS: Mounted root (ext4 filesystem) readonly on device 8:0.
[    4.077683] devtmpfs: mounted
[    4.093807] Freeing unused decrypted memory: 2036K
[    4.095537] Freeing unused kernel image (initmem) memory: 3176K
[    4.096298] Write protecting the kernel read-only data: 43008k
[    4.099462] Freeing unused kernel image (text/rodata gap) memory: 2028K
[    4.100321] Freeing unused kernel image (rodata/data gap) memory: 360K
[    4.201791] x86/mm: Checked W+X mappings: passed, no W+X pages found.
[    4.202317] Run /sbin/init as init process
[    4.260916] random: fast init done
[    4.278011] systemd[1]: RTC configured in localtime, applying delta of 0 minutes to system time.
[    4.302634] systemd[1]: systemd 239 (239-49.el8) running in system mode. (+PAM +AUDIT +SELINUX +IMA -APPARMOR +SMACK +SYSVINIT +UTMP +LIBCRYPTSETUP +GCRYPT +GNUTLS +ACL +XZ +LZ4 +SECCOMP +BLKID +ELFUTILS +KMOD +IDN2 -IDN +PCRE2 default-hierarchy=legacy)
[    4.304662] systemd[1]: Detected virtualization kvm.
[    4.305083] systemd[1]: Detected architecture x86-64.

Welcome to [0;31mCentOS Stream 8[0m!

[    4.327172] systemd[1]: Set hostname to <test>.
[    4.457713] random: lvmconfig: uninitialized urandom read (4 bytes read)
[    4.545719] random: systemd: uninitialized urandom read (16 bytes read)
[    4.546560] systemd[1]: Listening on Device-mapper event daemon FIFOs.
[[0;32m  OK  [0m] Listening on Device-mapper event daemon FIFOs.
[    4.547828] random: systemd: uninitialized urandom read (16 bytes read)
[    4.548681] systemd[1]: Listening on LVM2 poll daemon socket.
[[0;32m  OK  [0m] Listening on LVM2 poll daemon socket.
[    4.549759] systemd[1]: Listening on initctl Compatibility Named Pipe.
[[0;32m  OK  [0m] Listening on initctl Compatibility Named Pipe.
[    4.551142] systemd[1]: Listening on Journal Socket.
[[0;32m  OK  [0m] Listening on Journal Socket.
[    4.554355] systemd[1]: Created slice User and Session Slice.
[[0;32m  OK  [0m] Created slice User and Session Slice.
[    4.555361] systemd[1]: Reached target Slices.
[[0;32m  OK  [0m] Reached target Slices.
[[0;32m  OK  [0m] Listening on Journal Socket (/dev/log).
[[0;32m  OK  [0m] Listening on multipathd control socket.
[[0;32m  OK  [0m] Started Forward Password Requests to Wall Directory Watch.
         Starting Setup Virtual Console...
[[0;32m  OK  [0m] Listening on udev Kernel Socket.
         Mounting POSIX Message Queue File System...
[[0;32m  OK  [0m] Set up automount Arbitrary Executabâ€¦rmats File System Automount Point.
         Starting Monitoring of LVM2 mirrorsâ€¦ng dmeventd or progress polling...
         Mounting Huge Pages File System...
[[0;32m  OK  [0m] Created slice system-getty.slice.
[[0;32m  OK  [0m] Reached target Swap.
         Starting Load Kernel Modules...
[[0;32m  OK  [0m] Created slice system-sshd\x2dkeygen.slice.
         Starting Journal Service...
         Mounting Kernel Debug File System...
[[0;32m  OK  [0m] Listening on RPCbind Server Activation Socket.
[[0;32m  OK  [0m] Listening on udev Control Socket.
         Starting udev Coldplug all Devices...
[[0;32m  OK  [0m] Created slice system-serial\x2dgetty.slice.
[[0;32m  OK  [0m] Reached target RPC Port Mapper.
[[0;32m  OK  [0m] Listening on Process Core Dump Socket.
         Starting Remount Root and Kernel File Systems...
[[0;32m  OK  [0m] Mounted POSIX Message Queue File System.
[[0;32m  OK  [0m] Started Monitoring of LVM2 mirrors,â€¦sing dmeventd or progress polling.
[[0;32m  OK  [0m] Mounted Huge Pages File System.
[[0;1;31mFAILED[0m] Failed to start Load Kernel Modules.
See 'systemctl status systemd-modules-load.service' for details.
[[0;32m  OK  [0m] Started Journal Service.
[[0;32m  OK  [0m] Mounted Kernel Debug File System.
[[0;32m  OK  [0m] Started Setup Virtual Console.
         Mounting Kernel Configuration File System...
         Starting Apply Kernel Variables...
[    4.954331] EXT4-fs (sda): re-mounted. Opts: (null). Quota mode: none.
         Mounting FUSE Control File System...
[[0;32m  OK  [0m] Started Remount Root and Kernel File Systems.
[[0;32m  OK  [0m] Mounted Kernel Configuration File System.
         Starting Flush Journal to Persistent Storage...
         Starting Load/Save Random Seed...
         Starting Create Static Device Nodes in /dev...
[[0;32m  OK  [0m] Started Apply Kernel Variables.
[[0;32m  OK  [0m] Mounted FUSE Control File System.
[[0;32m  OK  [0m] Started Load/Save Random Seed.
[[0;32m  OK  [0m] Started Flush Journal to Persistent Storage.
[[0;32m  OK  [0m] Started Create Static Device Nodes in /dev.
         Starting udev Kernel Device Manager...
[[0;32m  OK  [0m] Started udev Coldplug all Devices.
         Starting udev Wait for Complete Device Initialization...
[[0;32m  OK  [0m] Started udev Kernel Device Manager.
         Starting Show Plymouth Boot Screen...
[[0;32m  OK  [0m] Started Show Plymouth Boot Screen.
[[0;32m  OK  [0m] Started Forward Password Requests to Plymouth Directory Watch.
[[0;32m  OK  [0m] Reached target Paths.
[[0;32m  OK  [0m] Reached target Local Encrypted Volumes.
[[0;32m  OK  [0m] Found device /dev/ttyS0.
[[0;32m  OK  [0m] Started udev Wait for Complete Device Initialization.
[[0;32m  OK  [0m] Listening on Load/Save RF Kill Switch Status /dev/rfkill Watch.
[[0;32m  OK  [0m] Reached target Local File Systems (Pre).
[[0;32m  OK  [0m] Reached target Local File Systems.
         Starting Tell Plymouth To Write Out Runtime Data...
         Starting Create Volatile Files and Directories...
         Starting Restore /run/initramfs on shutdown...
[[0;32m  OK  [0m] Started Tell Plymouth To Write Out Runtime Data.
[[0;32m  OK  [0m] Started Create Volatile Files and Directories.
[[0;32m  OK  [0m] Started Restore /run/initramfs on shutdown.
         Mounting RPC Pipe File System...
         Starting RPC Bind...
         Starting Security Auditing Service...
[[0;32m  OK  [0m] Mounted RPC Pipe File System.
[[0;32m  OK  [0m] Reached target rpc_pipefs.target.
[[0;32m  OK  [0m] Started RPC Bind.
[[0;32m  OK  [0m] Started Security Auditing Service.
         Starting Update UTMP about System Boot/Shutdown...
[[0;32m  OK  [0m] Started Update UTMP about System Boot/Shutdown.
[[0;32m  OK  [0m] Reached target System Initialization.
[[0;32m  OK  [0m] Started Daily Cleanup of Temporary Directories.
[[0;32m  OK  [0m] Listening on D-Bus System Message Bus Socket.
[[0;32m  OK  [0m] Listening on SSSD Kerberos Cache Manager responder socket.
[[0;32m  OK  [0m] Reached target Sockets.
[[0;32m  OK  [0m] Reached target Basic System.
[[0;32m  OK  [0m] Started irqbalance daemon.
         Starting Login Service...
         Starting NTP client/server...
         Starting Self Monitoring and Reporting Technology (SMART) Daemon...
[[0;32m  OK  [0m] Started dnf makecache --timer.
         Starting Auto-connect to subsystemsâ€¦-NVME devices found during boot...
[[0;32m  OK  [0m] Started Machine Check Exception Logging Daemon.
[[0;32m  OK  [0m] Started D-Bus System Message Bus.
[[0;32m  OK  [0m] Started daily update of the root trust anchor for DNSSEC.
[[0;32m  OK  [0m] Reached target Timers.
         Starting Authorization Manager...
         Starting Network Manager...
[[0;32m  OK  [0m] Reached target sshd-keygen.target.
[[0;32m  OK  [0m] Started Auto-connect to subsystems â€¦FC-NVME devices found during boot.
[[0;32m  OK  [0m] Started Self Monitoring and Reporting Technology (SMART) Daemon.
         Starting update of the root trust aâ€¦or DNSSEC validation in unbound...
[[0;32m  OK  [0m] Started Login Service.
[[0;32m  OK  [0m] Started Network Manager.
[[0;32m  OK  [0m] Reached target Network.
         Starting GSSAPI Proxy Daemon...
         Starting Dynamic System Tuning Daemon...
         Starting OpenSSH server daemon...
         Starting Network Manager Wait Online...
         Starting Hostname Service...
[[0;32m  OK  [0m] Started NTP client/server.
[[0;32m  OK  [0m] Started Authorization Manager.
[[0;32m  OK  [0m] Started Hostname Service.
         Starting Network Manager Script Dispatcher Service...
[    6.700850] e1000: eth0 NIC Link is Up 1000 Mbps Full Duplex, Flow Control: RX
[    6.702028] IPv6: ADDRCONF(NETDEV_CHANGE): eth0: link becomes ready
[[0;32m  OK  [0m] Started Network Manager Script Dispatcher Service.
[[0;32m  OK  [0m] Started Dynamic System Tuning Daemon.
[    7.672406] random: crng init done
[    7.672750] random: 7 urandom warning(s) missed due to ratelimiting
[[0;32m  OK  [0m] Started OpenSSH server daemon.
[[0;32m  OK  [0m] Started GSSAPI Proxy Daemon.
[[0;32m  OK  [0m] Reached target NFS client services.
[[0;32m  OK  [0m] Reached target Remote File Systems (Pre).
[[0;32m  OK  [0m] Reached target Remote File Systems.
         Starting Permit User Sessions...
[[0;32m  OK  [0m] Started update of the root trust anâ€¦ for DNSSEC validation in unbound.
[[0;32m  OK  [0m] Started Permit User Sessions.
         Starting Terminate Plymouth Boot Screen...
[[0;32m  OK  [0m] Started Command Scheduler.
         Starting Hold until boot process finishes up...

CentOS Stream 8
Kernel 5.16.0-rc5-099eac91bcda+ on an x86_64

test login: [   28.297909] warning: checkpointing journal with EXT4_IOC_CHECKPOINT_FLAG_ZEROOUT can be slow
[   28.572901] warning: checkpointing journal with EXT4_IOC_CHECKPOINT_FLAG_ZEROOUT can be slow
[   28.791273] warning: checkpointing journal with EXT4_IOC_CHECKPOINT_FLAG_ZEROOUT can be slow
[   29.009148] warning: checkpointing journal with EXT4_IOC_CHECKPOINT_FLAG_ZEROOUT can be slow
[   29.227662] warning: checkpointing journal with EXT4_IOC_CHECKPOINT_FLAG_ZEROOUT can be slow
[   29.446226] warning: checkpointing journal with EXT4_IOC_CHECKPOINT_FLAG_ZEROOUT can be slow
[   29.663500] warning: checkpointing journal with EXT4_IOC_CHECKPOINT_FLAG_ZEROOUT can be slow
[   29.879668] warning: checkpointing journal with EXT4_IOC_CHECKPOINT_FLAG_ZEROOUT can be slow
[   30.096233] warning: checkpointing journal with EXT4_IOC_CHECKPOINT_FLAG_ZEROOUT can be slow
[   30.313825] warning: checkpointing journal with EXT4_IOC_CHECKPOINT_FLAG_ZEROOUT can be slow
[   33.429240] ext4_ioctl_checkpoint: 13 callbacks suppressed
[   33.429252] warning: checkpointing journal with EXT4_IOC_CHECKPOINT_FLAG_ZEROOUT can be slow
[   33.646736] warning: checkpointing journal with EXT4_IOC_CHECKPOINT_FLAG_ZEROOUT can be slow
[   33.865027] warning: checkpointing journal with EXT4_IOC_CHECKPOINT_FLAG_ZEROOUT can be slow
[   34.084533] warning: checkpointing journal with EXT4_IOC_CHECKPOINT_FLAG_ZEROOUT can be slow
[   34.302267] warning: checkpointing journal with EXT4_IOC_CHECKPOINT_FLAG_ZEROOUT can be slow
[   34.519165] warning: checkpointing journal with EXT4_IOC_CHECKPOINT_FLAG_ZEROOUT can be slow
[   34.735015] warning: checkpointing journal with EXT4_IOC_CHECKPOINT_FLAG_ZEROOUT can be slow
[   34.951555] warning: checkpointing journal with EXT4_IOC_CHECKPOINT_FLAG_ZEROOUT can be slow
[   35.167843] warning: checkpointing journal with EXT4_IOC_CHECKPOINT_FLAG_ZEROOUT can be slow
[   35.383950] warning: checkpointing journal with EXT4_IOC_CHECKPOINT_FLAG_ZEROOUT can be slow
[   38.625663] ext4_ioctl_checkpoint: 14 callbacks suppressed
[   38.625675] warning: checkpointing journal with EXT4_IOC_CHECKPOINT_FLAG_ZEROOUT can be slow
[   38.842686] warning: checkpointing journal with EXT4_IOC_CHECKPOINT_FLAG_ZEROOUT can be slow
[   39.060963] warning: checkpointing journal with EXT4_IOC_CHECKPOINT_FLAG_ZEROOUT can be slow
[   39.277934] warning: checkpointing journal with EXT4_IOC_CHECKPOINT_FLAG_ZEROOUT can be slow
[   39.494707] warning: checkpointing journal with EXT4_IOC_CHECKPOINT_FLAG_ZEROOUT can be slow
[   39.710178] warning: checkpointing journal with EXT4_IOC_CHECKPOINT_FLAG_ZEROOUT can be slow
[   39.926046] warning: checkpointing journal with EXT4_IOC_CHECKPOINT_FLAG_ZEROOUT can be slow
[   40.143177] warning: checkpointing journal with EXT4_IOC_CHECKPOINT_FLAG_ZEROOUT can be slow
[   40.360156] warning: checkpointing journal with EXT4_IOC_CHECKPOINT_FLAG_ZEROOUT can be slow
[   40.576404] warning: checkpointing journal with EXT4_IOC_CHECKPOINT_FLAG_ZEROOUT can be slow
[   43.810797] ext4_ioctl_checkpoint: 14 callbacks suppressed
[   43.810808] warning: checkpointing journal with EXT4_IOC_CHECKPOINT_FLAG_ZEROOUT can be slow
[   44.028603] warning: checkpointing journal with EXT4_IOC_CHECKPOINT_FLAG_ZEROOUT can be slow
[   44.245552] warning: checkpointing journal with EXT4_IOC_CHECKPOINT_FLAG_ZEROOUT can be slow
[   44.462773] warning: checkpointing journal with EXT4_IOC_CHECKPOINT_FLAG_ZEROOUT can be slow
[   44.680092] warning: checkpointing journal with EXT4_IOC_CHECKPOINT_FLAG_ZEROOUT can be slow
[   44.896682] warning: checkpointing journal with EXT4_IOC_CHECKPOINT_FLAG_ZEROOUT can be slow
[   45.113515] warning: checkpointing journal with EXT4_IOC_CHECKPOINT_FLAG_ZEROOUT can be slow
[   45.330377] warning: checkpointing journal with EXT4_IOC_CHECKPOINT_FLAG_ZEROOUT can be slow
[   45.547192] warning: checkpointing journal with EXT4_IOC_CHECKPOINT_FLAG_ZEROOUT can be slow
[   45.764062] warning: checkpointing journal with EXT4_IOC_CHECKPOINT_FLAG_ZEROOUT can be slow
[   48.995031] ext4_ioctl_checkpoint: 14 callbacks suppressed
[   48.995043] warning: checkpointing journal with EXT4_IOC_CHECKPOINT_FLAG_ZEROOUT can be slow
[   49.212378] warning: checkpointing journal with EXT4_IOC_CHECKPOINT_FLAG_ZEROOUT can be slow
[   49.428724] warning: checkpointing journal with EXT4_IOC_CHECKPOINT_FLAG_ZEROOUT can be slow
[   49.645248] warning: checkpointing journal with EXT4_IOC_CHECKPOINT_FLAG_ZEROOUT can be slow
[   49.862371] warning: checkpointing journal with EXT4_IOC_CHECKPOINT_FLAG_ZEROOUT can be slow
[   50.079429] warning: checkpointing journal with EXT4_IOC_CHECKPOINT_FLAG_ZEROOUT can be slow
[   50.296466] warning: checkpointing journal with EXT4_IOC_CHECKPOINT_FLAG_ZEROOUT can be slow
[   50.512994] warning: checkpointing journal with EXT4_IOC_CHECKPOINT_FLAG_ZEROOUT can be slow
[   50.729658] warning: checkpointing journal with EXT4_IOC_CHECKPOINT_FLAG_ZEROOUT can be slow
[   50.946468] warning: checkpointing journal with EXT4_IOC_CHECKPOINT_FLAG_ZEROOUT can be slow
[   54.203063] ext4_ioctl_checkpoint: 14 callbacks suppressed
[   54.203074] warning: checkpointing journal with EXT4_IOC_CHECKPOINT_FLAG_ZEROOUT can be slow
[   54.421560] warning: checkpointing journal with EXT4_IOC_CHECKPOINT_FLAG_ZEROOUT can be slow
[   54.638977] warning: checkpointing journal with EXT4_IOC_CHECKPOINT_FLAG_ZEROOUT can be slow
[   54.858552] warning: checkpointing journal with EXT4_IOC_CHECKPOINT_FLAG_ZEROOUT can be slow
[   55.076981] warning: checkpointing journal with EXT4_IOC_CHECKPOINT_FLAG_ZEROOUT can be slow
[   55.292838] warning: checkpointing journal with EXT4_IOC_CHECKPOINT_FLAG_ZEROOUT can be slow
[   55.509485] warning: checkpointing journal with EXT4_IOC_CHECKPOINT_FLAG_ZEROOUT can be slow
[   55.732088] warning: checkpointing journal with EXT4_IOC_CHECKPOINT_FLAG_ZEROOUT can be slow
[   55.951061] warning: checkpointing journal with EXT4_IOC_CHECKPOINT_FLAG_ZEROOUT can be slow
[   56.167399] warning: checkpointing journal with EXT4_IOC_CHECKPOINT_FLAG_ZEROOUT can be slow
[   59.237723] ext4_ioctl_checkpoint: 13 callbacks suppressed
[   59.237735] warning: checkpointing journal with EXT4_IOC_CHECKPOINT_FLAG_ZEROOUT can be slow
[   59.462989] warning: checkpointing journal with EXT4_IOC_CHECKPOINT_FLAG_ZEROOUT can be slow
[   59.680469] warning: checkpointing journal with EXT4_IOC_CHECKPOINT_FLAG_ZEROOUT can be slow
[   59.898205] warning: checkpointing journal with EXT4_IOC_CHECKPOINT_FLAG_ZEROOUT can be slow
[   60.120280] warning: checkpointing journal with EXT4_IOC_CHECKPOINT_FLAG_ZEROOUT can be slow
[   60.341105] warning: checkpointing journal with EXT4_IOC_CHECKPOINT_FLAG_ZEROOUT can be slow
[   60.559864] warning: checkpointing journal with EXT4_IOC_CHECKPOINT_FLAG_ZEROOUT can be slow
[   60.777726] warning: checkpointing journal with EXT4_IOC_CHECKPOINT_FLAG_ZEROOUT can be slow
[   60.994797] warning: checkpointing journal with EXT4_IOC_CHECKPOINT_FLAG_ZEROOUT can be slow
[   61.211661] warning: checkpointing journal with EXT4_IOC_CHECKPOINT_FLAG_ZEROOUT can be slow
[   64.288510] ext4_ioctl_checkpoint: 10 callbacks suppressed
[   64.288521] warning: checkpointing journal with EXT4_IOC_CHECKPOINT_FLAG_ZEROOUT can be slow
[   64.506117] warning: checkpointing journal with EXT4_IOC_CHECKPOINT_FLAG_ZEROOUT can be slow
[   64.724077] warning: checkpointing journal with EXT4_IOC_CHECKPOINT_FLAG_ZEROOUT can be slow
[   64.942399] warning: checkpointing journal with EXT4_IOC_CHECKPOINT_FLAG_ZEROOUT can be slow
[   65.160032] warning: checkpointing journal with EXT4_IOC_CHECKPOINT_FLAG_ZEROOUT can be slow
[   65.377389] warning: checkpointing journal with EXT4_IOC_CHECKPOINT_FLAG_ZEROOUT can be slow
[   65.596204] warning: checkpointing journal with EXT4_IOC_CHECKPOINT_FLAG_ZEROOUT can be slow
[   65.814233] warning: checkpointing journal with EXT4_IOC_CHECKPOINT_FLAG_ZEROOUT can be slow
[   66.031717] warning: checkpointing journal with EXT4_IOC_CHECKPOINT_FLAG_ZEROOUT can be slow
[   66.249420] warning: checkpointing journal with EXT4_IOC_CHECKPOINT_FLAG_ZEROOUT can be slow
[   69.490841] ext4_ioctl_checkpoint: 14 callbacks suppressed
[   69.490853] warning: checkpointing journal with EXT4_IOC_CHECKPOINT_FLAG_ZEROOUT can be slow
[   69.708350] warning: checkpointing journal with EXT4_IOC_CHECKPOINT_FLAG_ZEROOUT can be slow
[   69.925309] warning: checkpointing journal with EXT4_IOC_CHECKPOINT_FLAG_ZEROOUT can be slow
[   70.143471] warning: checkpointing journal with EXT4_IOC_CHECKPOINT_FLAG_ZEROOUT can be slow
[   70.360364] warning: checkpointing journal with EXT4_IOC_CHECKPOINT_FLAG_ZEROOUT can be slow
[   70.578592] warning: checkpointing journal with EXT4_IOC_CHECKPOINT_FLAG_ZEROOUT can be slow
[   70.795845] warning: checkpointing journal with EXT4_IOC_CHECKPOINT_FLAG_ZEROOUT can be slow
[   71.013951] warning: checkpointing journal with EXT4_IOC_CHECKPOINT_FLAG_ZEROOUT can be slow
[   71.231455] warning: checkpointing journal with EXT4_IOC_CHECKPOINT_FLAG_ZEROOUT can be slow
[   71.448018] warning: checkpointing journal with EXT4_IOC_CHECKPOINT_FLAG_ZEROOUT can be slow
[   74.815213] ext4_ioctl_checkpoint: 13 callbacks suppressed
[   74.815225] warning: checkpointing journal with EXT4_IOC_CHECKPOINT_FLAG_ZEROOUT can be slow
[   75.033927] warning: checkpointing journal with EXT4_IOC_CHECKPOINT_FLAG_ZEROOUT can be slow
[   75.252576] warning: checkpointing journal with EXT4_IOC_CHECKPOINT_FLAG_ZEROOUT can be slow
[   75.471093] warning: checkpointing journal with EXT4_IOC_CHECKPOINT_FLAG_ZEROOUT can be slow
[   75.689531] warning: checkpointing journal with EXT4_IOC_CHECKPOINT_FLAG_ZEROOUT can be slow
[   75.907920] warning: checkpointing journal with EXT4_IOC_CHECKPOINT_FLAG_ZEROOUT can be slow
[   76.126907] warning: checkpointing journal with EXT4_IOC_CHECKPOINT_FLAG_ZEROOUT can be slow
[   76.344477] warning: checkpointing journal with EXT4_IOC_CHECKPOINT_FLAG_ZEROOUT can be slow
[   76.562899] warning: checkpointing journal with EXT4_IOC_CHECKPOINT_FLAG_ZEROOUT can be slow
[   76.780459] warning: checkpointing journal with EXT4_IOC_CHECKPOINT_FLAG_ZEROOUT can be slow
[   79.831962] ext4_ioctl_checkpoint: 13 callbacks suppressed
[   79.831974] warning: checkpointing journal with EXT4_IOC_CHECKPOINT_FLAG_ZEROOUT can be slow
[   80.049189] warning: checkpointing journal with EXT4_IOC_CHECKPOINT_FLAG_ZEROOUT can be slow
[   80.266344] warning: checkpointing journal with EXT4_IOC_CHECKPOINT_FLAG_ZEROOUT can be slow
[   80.483839] warning: checkpointing journal with EXT4_IOC_CHECKPOINT_FLAG_ZEROOUT can be slow
[   80.701991] warning: checkpointing journal with EXT4_IOC_CHECKPOINT_FLAG_ZEROOUT can be slow
[   80.919825] warning: checkpointing journal with EXT4_IOC_CHECKPOINT_FLAG_ZEROOUT can be slow
[   81.137969] warning: checkpointing journal with EXT4_IOC_CHECKPOINT_FLAG_ZEROOUT can be slow
[   81.356077] warning: checkpointing journal with EXT4_IOC_CHECKPOINT_FLAG_ZEROOUT can be slow
[   81.575110] warning: checkpointing journal with EXT4_IOC_CHECKPOINT_FLAG_ZEROOUT can be slow
[   81.793995] warning: checkpointing journal with EXT4_IOC_CHECKPOINT_FLAG_ZEROOUT can be slow
[   85.046192] ext4_ioctl_checkpoint: 14 callbacks suppressed
[   85.046204] warning: checkpointing journal with EXT4_IOC_CHECKPOINT_FLAG_ZEROOUT can be slow
[   85.263335] warning: checkpointing journal with EXT4_IOC_CHECKPOINT_FLAG_ZEROOUT can be slow
[   85.480223] warning: checkpointing journal with EXT4_IOC_CHECKPOINT_FLAG_ZEROOUT can be slow
[   85.697485] warning: checkpointing journal with EXT4_IOC_CHECKPOINT_FLAG_ZEROOUT can be slow
[   85.917483] warning: checkpointing journal with EXT4_IOC_CHECKPOINT_FLAG_ZEROOUT can be slow
[   86.137071] warning: checkpointing journal with EXT4_IOC_CHECKPOINT_FLAG_ZEROOUT can be slow
[   86.356570] warning: checkpointing journal with EXT4_IOC_CHECKPOINT_FLAG_ZEROOUT can be slow
[   86.575363] warning: checkpointing journal with EXT4_IOC_CHECKPOINT_FLAG_ZEROOUT can be slow
[   86.794260] warning: checkpointing journal with EXT4_IOC_CHECKPOINT_FLAG_ZEROOUT can be slow
[   87.012642] warning: checkpointing journal with EXT4_IOC_CHECKPOINT_FLAG_ZEROOUT can be slow
[   90.068956] ext4_ioctl_checkpoint: 13 callbacks suppressed
[   90.068968] warning: checkpointing journal with EXT4_IOC_CHECKPOINT_FLAG_ZEROOUT can be slow
[   90.289431] warning: checkpointing journal with EXT4_IOC_CHECKPOINT_FLAG_ZEROOUT can be slow
[   90.509250] warning: checkpointing journal with EXT4_IOC_CHECKPOINT_FLAG_ZEROOUT can be slow
[   90.729174] warning: checkpointing journal with EXT4_IOC_CHECKPOINT_FLAG_ZEROOUT can be slow
[   90.949754] warning: checkpointing journal with EXT4_IOC_CHECKPOINT_FLAG_ZEROOUT can be slow
[   91.169292] warning: checkpointing journal with EXT4_IOC_CHECKPOINT_FLAG_ZEROOUT can be slow
[   91.388929] warning: checkpointing journal with EXT4_IOC_CHECKPOINT_FLAG_ZEROOUT can be slow
[   91.608632] warning: checkpointing journal with EXT4_IOC_CHECKPOINT_FLAG_ZEROOUT can be slow
[   91.828335] warning: checkpointing journal with EXT4_IOC_CHECKPOINT_FLAG_ZEROOUT can be slow
[   92.047576] warning: checkpointing journal with EXT4_IOC_CHECKPOINT_FLAG_ZEROOUT can be slow
[   95.119045] ext4_ioctl_checkpoint: 13 callbacks suppressed
[   95.119057] warning: checkpointing journal with EXT4_IOC_CHECKPOINT_FLAG_ZEROOUT can be slow
[   95.425536] warning: checkpointing journal with EXT4_IOC_CHECKPOINT_FLAG_ZEROOUT can be slow
[   95.643102] warning: checkpointing journal with EXT4_IOC_CHECKPOINT_FLAG_ZEROOUT can be slow
[   95.861513] warning: checkpointing journal with EXT4_IOC_CHECKPOINT_FLAG_ZEROOUT can be slow
[   96.081572] warning: checkpointing journal with EXT4_IOC_CHECKPOINT_FLAG_ZEROOUT can be slow
[   96.301545] warning: checkpointing journal with EXT4_IOC_CHECKPOINT_FLAG_ZEROOUT can be slow
[   96.520832] warning: checkpointing journal with EXT4_IOC_CHECKPOINT_FLAG_ZEROOUT can be slow
[   96.740532] warning: checkpointing journal with EXT4_IOC_CHECKPOINT_FLAG_ZEROOUT can be slow
[   96.958734] warning: checkpointing journal with EXT4_IOC_CHECKPOINT_FLAG_ZEROOUT can be slow
[   97.177488] warning: checkpointing journal with EXT4_IOC_CHECKPOINT_FLAG_ZEROOUT can be slow
[  100.222571] ext4_ioctl_checkpoint: 13 callbacks suppressed
[  100.222583] warning: checkpointing journal with EXT4_IOC_CHECKPOINT_FLAG_ZEROOUT can be slow
[  100.852736] warning: checkpointing journal with EXT4_IOC_CHECKPOINT_FLAG_ZEROOUT can be slow
[  101.069515] warning: checkpointing journal with EXT4_IOC_CHECKPOINT_FLAG_ZEROOUT can be slow
[  101.285639] warning: checkpointing journal with EXT4_IOC_CHECKPOINT_FLAG_ZEROOUT can be slow
[  101.501752] warning: checkpointing journal with EXT4_IOC_CHECKPOINT_FLAG_ZEROOUT can be slow
[  101.717556] warning: checkpointing journal with EXT4_IOC_CHECKPOINT_FLAG_ZEROOUT can be slow
[  101.932795] warning: checkpointing journal with EXT4_IOC_CHECKPOINT_FLAG_ZEROOUT can be slow
[  102.148551] warning: checkpointing journal with EXT4_IOC_CHECKPOINT_FLAG_ZEROOUT can be slow
[  102.365054] warning: checkpointing journal with EXT4_IOC_CHECKPOINT_FLAG_ZEROOUT can be slow
[  102.582345] warning: checkpointing journal with EXT4_IOC_CHECKPOINT_FLAG_ZEROOUT can be slow
[  105.383529] ext4_ioctl_checkpoint: 12 callbacks suppressed
[  105.383541] warning: checkpointing journal with EXT4_IOC_CHECKPOINT_FLAG_ZEROOUT can be slow
[  105.601499] warning: checkpointing journal with EXT4_IOC_CHECKPOINT_FLAG_ZEROOUT can be slow
[  105.820225] warning: checkpointing journal with EXT4_IOC_CHECKPOINT_FLAG_ZEROOUT can be slow
[  106.040119] warning: checkpointing journal with EXT4_IOC_CHECKPOINT_FLAG_ZEROOUT can be slow
[  106.363349] warning: checkpointing journal with EXT4_IOC_CHECKPOINT_FLAG_ZEROOUT can be slow
[  106.581788] warning: checkpointing journal with EXT4_IOC_CHECKPOINT_FLAG_ZEROOUT can be slow
[  106.799109] warning: checkpointing journal with EXT4_IOC_CHECKPOINT_FLAG_ZEROOUT can be slow
[  107.016863] warning: checkpointing journal with EXT4_IOC_CHECKPOINT_FLAG_ZEROOUT can be slow
[  107.235395] warning: checkpointing journal with EXT4_IOC_CHECKPOINT_FLAG_ZEROOUT can be slow
[  107.455140] warning: checkpointing journal with EXT4_IOC_CHECKPOINT_FLAG_ZEROOUT can be slow
[  110.494283] ext4_ioctl_checkpoint: 13 callbacks suppressed
[  110.494295] warning: checkpointing journal with EXT4_IOC_CHECKPOINT_FLAG_ZEROOUT can be slow
[  110.710555] warning: checkpointing journal with EXT4_IOC_CHECKPOINT_FLAG_ZEROOUT can be slow
[  110.925898] warning: checkpointing journal with EXT4_IOC_CHECKPOINT_FLAG_ZEROOUT can be slow
[  111.141391] warning: checkpointing journal with EXT4_IOC_CHECKPOINT_FLAG_ZEROOUT can be slow
[  111.356971] warning: checkpointing journal with EXT4_IOC_CHECKPOINT_FLAG_ZEROOUT can be slow
[  111.574390] warning: checkpointing journal with EXT4_IOC_CHECKPOINT_FLAG_ZEROOUT can be slow
[  111.790993] warning: checkpointing journal with EXT4_IOC_CHECKPOINT_FLAG_ZEROOUT can be slow
[  112.007167] warning: checkpointing journal with EXT4_IOC_CHECKPOINT_FLAG_ZEROOUT can be slow
[  112.222365] warning: checkpointing journal with EXT4_IOC_CHECKPOINT_FLAG_ZEROOUT can be slow
[  112.437440] warning: checkpointing journal with EXT4_IOC_CHECKPOINT_FLAG_ZEROOUT can be slow
[  115.665263] ext4_ioctl_checkpoint: 14 callbacks suppressed
[  115.665275] warning: checkpointing journal with EXT4_IOC_CHECKPOINT_FLAG_ZEROOUT can be slow
[  115.882386] warning: checkpointing journal with EXT4_IOC_CHECKPOINT_FLAG_ZEROOUT can be slow
[  116.098083] warning: checkpointing journal with EXT4_IOC_CHECKPOINT_FLAG_ZEROOUT can be slow
[  116.313542] warning: checkpointing journal with EXT4_IOC_CHECKPOINT_FLAG_ZEROOUT can be slow
[  116.527921] warning: checkpointing journal with EXT4_IOC_CHECKPOINT_FLAG_ZEROOUT can be slow
[  116.742670] warning: checkpointing journal with EXT4_IOC_CHECKPOINT_FLAG_ZEROOUT can be slow
[  116.957788] warning: checkpointing journal with EXT4_IOC_CHECKPOINT_FLAG_ZEROOUT can be slow
[  117.174643] warning: checkpointing journal with EXT4_IOC_CHECKPOINT_FLAG_ZEROOUT can be slow
[  117.393687] warning: checkpointing journal with EXT4_IOC_CHECKPOINT_FLAG_ZEROOUT can be slow
[  117.616944] warning: checkpointing journal with EXT4_IOC_CHECKPOINT_FLAG_ZEROOUT can be slow
[  120.876656] ext4_ioctl_checkpoint: 14 callbacks suppressed
[  120.876668] warning: checkpointing journal with EXT4_IOC_CHECKPOINT_FLAG_ZEROOUT can be slow
[  121.092901] warning: checkpointing journal with EXT4_IOC_CHECKPOINT_FLAG_ZEROOUT can be slow
[  121.308404] warning: checkpointing journal with EXT4_IOC_CHECKPOINT_FLAG_ZEROOUT can be slow
[  121.523792] warning: checkpointing journal with EXT4_IOC_CHECKPOINT_FLAG_ZEROOUT can be slow
[  121.738697] warning: checkpointing journal with EXT4_IOC_CHECKPOINT_FLAG_ZEROOUT can be slow
[  121.953508] warning: checkpointing journal with EXT4_IOC_CHECKPOINT_FLAG_ZEROOUT can be slow
[  122.169649] warning: checkpointing journal with EXT4_IOC_CHECKPOINT_FLAG_ZEROOUT can be slow
[  122.385383] warning: checkpointing journal with EXT4_IOC_CHECKPOINT_FLAG_ZEROOUT can be slow
[  122.603040] warning: checkpointing journal with EXT4_IOC_CHECKPOINT_FLAG_ZEROOUT can be slow
[  122.818556] warning: checkpointing journal with EXT4_IOC_CHECKPOINT_FLAG_ZEROOUT can be slow
[  126.060422] ext4_ioctl_checkpoint: 14 callbacks suppressed
[  126.060433] warning: checkpointing journal with EXT4_IOC_CHECKPOINT_FLAG_ZEROOUT can be slow
[  126.278387] warning: checkpointing journal with EXT4_IOC_CHECKPOINT_FLAG_ZEROOUT can be slow
[  126.496395] warning: checkpointing journal with EXT4_IOC_CHECKPOINT_FLAG_ZEROOUT can be slow
[  126.714800] warning: checkpointing journal with EXT4_IOC_CHECKPOINT_FLAG_ZEROOUT can be slow
[  126.936705] warning: checkpointing journal with EXT4_IOC_CHECKPOINT_FLAG_ZEROOUT can be slow
[  127.155400] warning: checkpointing journal with EXT4_IOC_CHECKPOINT_FLAG_ZEROOUT can be slow
[  127.374761] warning: checkpointing journal with EXT4_IOC_CHECKPOINT_FLAG_ZEROOUT can be slow
[  127.593629] warning: checkpointing journal with EXT4_IOC_CHECKPOINT_FLAG_ZEROOUT can be slow
[  127.812461] warning: checkpointing journal with EXT4_IOC_CHECKPOINT_FLAG_ZEROOUT can be slow
[  128.029251] warning: checkpointing journal with EXT4_IOC_CHECKPOINT_FLAG_ZEROOUT can be slow
[  131.064862] ext4_ioctl_checkpoint: 13 callbacks suppressed
[  131.064874] warning: checkpointing journal with EXT4_IOC_CHECKPOINT_FLAG_ZEROOUT can be slow
[  131.282849] warning: checkpointing journal with EXT4_IOC_CHECKPOINT_FLAG_ZEROOUT can be slow
[  131.500994] warning: checkpointing journal with EXT4_IOC_CHECKPOINT_FLAG_ZEROOUT can be slow
[  131.719174] warning: checkpointing journal with EXT4_IOC_CHECKPOINT_FLAG_ZEROOUT can be slow
[  131.937815] warning: checkpointing journal with EXT4_IOC_CHECKPOINT_FLAG_ZEROOUT can be slow
[  132.226233] warning: checkpointing journal with EXT4_IOC_CHECKPOINT_FLAG_ZEROOUT can be slow
[  132.564535] warning: checkpointing journal with EXT4_IOC_CHECKPOINT_FLAG_ZEROOUT can be slow
[  132.782011] warning: checkpointing journal with EXT4_IOC_CHECKPOINT_FLAG_ZEROOUT can be slow
[  132.999654] warning: checkpointing journal with EXT4_IOC_CHECKPOINT_FLAG_ZEROOUT can be slow
[  133.216522] warning: checkpointing journal with EXT4_IOC_CHECKPOINT_FLAG_ZEROOUT can be slow
[  136.239484] ext4_ioctl_checkpoint: 13 callbacks suppressed
[  136.239496] warning: checkpointing journal with EXT4_IOC_CHECKPOINT_FLAG_ZEROOUT can be slow
[  136.458942] warning: checkpointing journal with EXT4_IOC_CHECKPOINT_FLAG_ZEROOUT can be slow
[  136.678318] warning: checkpointing journal with EXT4_IOC_CHECKPOINT_FLAG_ZEROOUT can be slow
[  136.898876] warning: checkpointing journal with EXT4_IOC_CHECKPOINT_FLAG_ZEROOUT can be slow
[  137.118457] warning: checkpointing journal with EXT4_IOC_CHECKPOINT_FLAG_ZEROOUT can be slow
[  137.338408] warning: checkpointing journal with EXT4_IOC_CHECKPOINT_FLAG_ZEROOUT can be slow
[  137.558113] warning: checkpointing journal with EXT4_IOC_CHECKPOINT_FLAG_ZEROOUT can be slow
[  137.779295] warning: checkpointing journal with EXT4_IOC_CHECKPOINT_FLAG_ZEROOUT can be slow
[  137.999076] warning: checkpointing journal with EXT4_IOC_CHECKPOINT_FLAG_ZEROOUT can be slow
[  138.218875] warning: checkpointing journal with EXT4_IOC_CHECKPOINT_FLAG_ZEROOUT can be slow
[  141.282038] ext4_ioctl_checkpoint: 13 callbacks suppressed
[  141.282050] warning: checkpointing journal with EXT4_IOC_CHECKPOINT_FLAG_ZEROOUT can be slow
[  141.503898] warning: checkpointing journal with EXT4_IOC_CHECKPOINT_FLAG_ZEROOUT can be slow
[  141.722217] warning: checkpointing journal with EXT4_IOC_CHECKPOINT_FLAG_ZEROOUT can be slow
[  141.941669] warning: checkpointing journal with EXT4_IOC_CHECKPOINT_FLAG_ZEROOUT can be slow
[  142.161702] warning: checkpointing journal with EXT4_IOC_CHECKPOINT_FLAG_ZEROOUT can be slow
[  142.379694] warning: checkpointing journal with EXT4_IOC_CHECKPOINT_FLAG_ZEROOUT can be slow
[  142.598701] warning: checkpointing journal with EXT4_IOC_CHECKPOINT_FLAG_ZEROOUT can be slow
[  142.829972] warning: checkpointing journal with EXT4_IOC_CHECKPOINT_FLAG_ZEROOUT can be slow
[  143.048154] warning: checkpointing journal with EXT4_IOC_CHECKPOINT_FLAG_ZEROOUT can be slow
[  143.267583] warning: checkpointing journal with EXT4_IOC_CHECKPOINT_FLAG_ZEROOUT can be slow
[  146.322423] ext4_ioctl_checkpoint: 13 callbacks suppressed
[  146.322435] warning: checkpointing journal with EXT4_IOC_CHECKPOINT_FLAG_ZEROOUT can be slow
[  146.541852] warning: checkpointing journal with EXT4_IOC_CHECKPOINT_FLAG_ZEROOUT can be slow
[  146.760188] warning: checkpointing journal with EXT4_IOC_CHECKPOINT_FLAG_ZEROOUT can be slow
[  146.979716] warning: checkpointing journal with EXT4_IOC_CHECKPOINT_FLAG_ZEROOUT can be slow
[  147.198464] warning: checkpointing journal with EXT4_IOC_CHECKPOINT_FLAG_ZEROOUT can be slow
[  147.416468] warning: checkpointing journal with EXT4_IOC_CHECKPOINT_FLAG_ZEROOUT can be slow
[  147.635373] warning: checkpointing journal with EXT4_IOC_CHECKPOINT_FLAG_ZEROOUT can be slow
[  147.853717] warning: checkpointing journal with EXT4_IOC_CHECKPOINT_FLAG_ZEROOUT can be slow
[  148.072836] warning: checkpointing journal with EXT4_IOC_CHECKPOINT_FLAG_ZEROOUT can be slow
[  148.290923] warning: checkpointing journal with EXT4_IOC_CHECKPOINT_FLAG_ZEROOUT can be slow
[  151.348165] ext4_ioctl_checkpoint: 13 callbacks suppressed
[  151.348183] warning: checkpointing journal with EXT4_IOC_CHECKPOINT_FLAG_ZEROOUT can be slow
[  151.566353] warning: checkpointing journal with EXT4_IOC_CHECKPOINT_FLAG_ZEROOUT can be slow
[  151.785297] warning: checkpointing journal with EXT4_IOC_CHECKPOINT_FLAG_ZEROOUT can be slow
[  152.006189] warning: checkpointing journal with EXT4_IOC_CHECKPOINT_FLAG_ZEROOUT can be slow
[  152.224206] warning: checkpointing journal with EXT4_IOC_CHECKPOINT_FLAG_ZEROOUT can be slow
[  152.443405] warning: checkpointing journal with EXT4_IOC_CHECKPOINT_FLAG_ZEROOUT can be slow
[  152.661328] warning: checkpointing journal with EXT4_IOC_CHECKPOINT_FLAG_ZEROOUT can be slow
[  152.880799] warning: checkpointing journal with EXT4_IOC_CHECKPOINT_FLAG_ZEROOUT can be slow
[  153.110191] warning: checkpointing journal with EXT4_IOC_CHECKPOINT_FLAG_ZEROOUT can be slow
[  153.327500] warning: checkpointing journal with EXT4_IOC_CHECKPOINT_FLAG_ZEROOUT can be slow
[  156.392322] ext4_ioctl_checkpoint: 13 callbacks suppressed
[  156.392334] warning: checkpointing journal with EXT4_IOC_CHECKPOINT_FLAG_ZEROOUT can be slow
[  156.610995] warning: checkpointing journal with EXT4_IOC_CHECKPOINT_FLAG_ZEROOUT can be slow
[  156.829035] warning: checkpointing journal with EXT4_IOC_CHECKPOINT_FLAG_ZEROOUT can be slow
[  157.047952] warning: checkpointing journal with EXT4_IOC_CHECKPOINT_FLAG_ZEROOUT can be slow
[  157.266646] warning: checkpointing journal with EXT4_IOC_CHECKPOINT_FLAG_ZEROOUT can be slow
[  157.485746] warning: checkpointing journal with EXT4_IOC_CHECKPOINT_FLAG_ZEROOUT can be slow
[  157.705000] warning: checkpointing journal with EXT4_IOC_CHECKPOINT_FLAG_ZEROOUT can be slow
[  157.925015] warning: checkpointing journal with EXT4_IOC_CHECKPOINT_FLAG_ZEROOUT can be slow
[  158.144736] warning: checkpointing journal with EXT4_IOC_CHECKPOINT_FLAG_ZEROOUT can be slow
[  158.363296] warning: checkpointing journal with EXT4_IOC_CHECKPOINT_FLAG_ZEROOUT can be slow
[  161.603354] ext4_ioctl_checkpoint: 14 callbacks suppressed
[  161.603366] warning: checkpointing journal with EXT4_IOC_CHECKPOINT_FLAG_ZEROOUT can be slow
[  161.820332] warning: checkpointing journal with EXT4_IOC_CHECKPOINT_FLAG_ZEROOUT can be slow
[  162.036986] warning: checkpointing journal with EXT4_IOC_CHECKPOINT_FLAG_ZEROOUT can be slow
[  162.254041] warning: checkpointing journal with EXT4_IOC_CHECKPOINT_FLAG_ZEROOUT can be slow
[  162.472076] warning: checkpointing journal with EXT4_IOC_CHECKPOINT_FLAG_ZEROOUT can be slow
[  162.690508] warning: checkpointing journal with EXT4_IOC_CHECKPOINT_FLAG_ZEROOUT can be slow
[  162.909003] warning: checkpointing journal with EXT4_IOC_CHECKPOINT_FLAG_ZEROOUT can be slow
[  163.126758] warning: checkpointing journal with EXT4_IOC_CHECKPOINT_FLAG_ZEROOUT can be slow
[  163.361130] warning: checkpointing journal with EXT4_IOC_CHECKPOINT_FLAG_ZEROOUT can be slow
[  164.246892] warning: checkpointing journal with EXT4_IOC_CHECKPOINT_FLAG_ZEROOUT can be slow
[  166.639958] ext4_ioctl_checkpoint: 7 callbacks suppressed
[  166.639970] warning: checkpointing journal with EXT4_IOC_CHECKPOINT_FLAG_ZEROOUT can be slow
[  166.859263] warning: checkpointing journal with EXT4_IOC_CHECKPOINT_FLAG_ZEROOUT can be slow
[  167.076949] warning: checkpointing journal with EXT4_IOC_CHECKPOINT_FLAG_ZEROOUT can be slow
[  167.294718] warning: checkpointing journal with EXT4_IOC_CHECKPOINT_FLAG_ZEROOUT can be slow
[  167.511470] warning: checkpointing journal with EXT4_IOC_CHECKPOINT_FLAG_ZEROOUT can be slow
[  167.731141] warning: checkpointing journal with EXT4_IOC_CHECKPOINT_FLAG_ZEROOUT can be slow
[  167.951499] warning: checkpointing journal with EXT4_IOC_CHECKPOINT_FLAG_ZEROOUT can be slow
[  168.170359] warning: checkpointing journal with EXT4_IOC_CHECKPOINT_FLAG_ZEROOUT can be slow
[  168.389856] warning: checkpointing journal with EXT4_IOC_CHECKPOINT_FLAG_ZEROOUT can be slow
[  168.608507] warning: checkpointing journal with EXT4_IOC_CHECKPOINT_FLAG_ZEROOUT can be slow
[  171.647321] ext4_ioctl_checkpoint: 13 callbacks suppressed
[  171.647332] warning: checkpointing journal with EXT4_IOC_CHECKPOINT_FLAG_ZEROOUT can be slow
[  171.865370] warning: checkpointing journal with EXT4_IOC_CHECKPOINT_FLAG_ZEROOUT can be slow
[  172.083168] warning: checkpointing journal with EXT4_IOC_CHECKPOINT_FLAG_ZEROOUT can be slow
[  172.301388] warning: checkpointing journal with EXT4_IOC_CHECKPOINT_FLAG_ZEROOUT can be slow
[  172.520903] warning: checkpointing journal with EXT4_IOC_CHECKPOINT_FLAG_ZEROOUT can be slow
[  172.741631] warning: checkpointing journal with EXT4_IOC_CHECKPOINT_FLAG_ZEROOUT can be slow
[  172.964518] warning: checkpointing journal with EXT4_IOC_CHECKPOINT_FLAG_ZEROOUT can be slow
[  173.183959] warning: checkpointing journal with EXT4_IOC_CHECKPOINT_FLAG_ZEROOUT can be slow
[  173.404299] warning: checkpointing journal with EXT4_IOC_CHECKPOINT_FLAG_ZEROOUT can be slow
