c[?7l[2J[0mSeaBIOS (version rel-1.16.0-0-gd239552ce722-prebuilt.qemu.org)


iPXE (http://ipxe.org) 00:03.0 CA00 PCI2.10 PnP PMM+7FF91000+7FEF1000 CA00
Press Ctrl-B to configure iPXE (PCI 00:03.0)...                                                                               


Booting from ROM..c[?7l[2J[    0.000000] Linux version 5.19.0-rc5-67d7d8ad99be+ (root@984fee00a1f6.jf.intel.com) (gcc (GCC) 8.5.0 20210514 (Red Hat 8.5.0-17), GNU ld version 2.36.1-3.el8) #1 SMP PREEMPT_DYNAMIC Tue Dec 13 06:57:10 PST 2022
[    0.000000] Command line: console=ttyS0 root=/dev/sda earlyprintk=serial net.ifnames=0
[    0.000000] KERNEL supported cpus:
[    0.000000]   Intel GenuineIntel
[    0.000000]   AMD AuthenticAMD
[    0.000000]   Hygon HygonGenuine
[    0.000000]   Centaur CentaurHauls
[    0.000000]   zhaoxin   Shanghai  
[    0.000000] x86/split lock detection: #DB: warning on user-space bus_locks
[    0.000000] x86/fpu: Supporting XSAVE feature 0x001: 'x87 floating point registers'
[    0.000000] x86/fpu: Supporting XSAVE feature 0x002: 'SSE registers'
[    0.000000] x86/fpu: Supporting XSAVE feature 0x004: 'AVX registers'
[    0.000000] x86/fpu: Supporting XSAVE feature 0x020: 'AVX-512 opmask'
[    0.000000] x86/fpu: Supporting XSAVE feature 0x040: 'AVX-512 Hi256'
[    0.000000] x86/fpu: Supporting XSAVE feature 0x080: 'AVX-512 ZMM_Hi256'
[    0.000000] x86/fpu: Supporting XSAVE feature 0x200: 'Protection Keys User registers'
[    0.000000] x86/fpu: Supporting XSAVE feature 0x20000: 'AMX Tile config'
[    0.000000] x86/fpu: Supporting XSAVE feature 0x40000: 'AMX Tile data'
[    0.000000] x86/fpu: xstate_offset[2]:  576, xstate_sizes[2]:  256
[    0.000000] x86/fpu: xstate_offset[5]:  832, xstate_sizes[5]:   64
[    0.000000] x86/fpu: xstate_offset[6]:  896, xstate_sizes[6]:  512
[    0.000000] x86/fpu: xstate_offset[7]: 1408, xstate_sizes[7]: 1024
[    0.000000] x86/fpu: xstate_offset[9]: 2432, xstate_sizes[9]:    8
[    0.000000] x86/fpu: xstate_offset[17]: 2496, xstate_sizes[17]:   64
[    0.000000] x86/fpu: xstate_offset[18]: 2560, xstate_sizes[18]: 8192
[    0.000000] x86/fpu: Enabled xstate features 0x602e7, context size is 10752 bytes, using 'compacted' format.
[    0.000000] signal: max sigframe size: 11952
[    0.000000] BIOS-provided physical RAM map:
[    0.000000] BIOS-e820: [mem 0x0000000000000000-0x000000000009fbff] usable
[    0.000000] BIOS-e820: [mem 0x000000000009fc00-0x000000000009ffff] reserved
[    0.000000] BIOS-e820: [mem 0x00000000000f0000-0x00000000000fffff] reserved
[    0.000000] BIOS-e820: [mem 0x0000000000100000-0x000000007ffdffff] usable
[    0.000000] BIOS-e820: [mem 0x000000007ffe0000-0x000000007fffffff] reserved
[    0.000000] BIOS-e820: [mem 0x00000000feffc000-0x00000000feffffff] reserved
[    0.000000] BIOS-e820: [mem 0x00000000fffc0000-0x00000000ffffffff] reserved
[    0.000000] printk: bootconsole [earlyser0] enabled
[    0.000000] NX (Execute Disable) protection: active
[    0.000000] SMBIOS 2.8 present.
[    0.000000] DMI: QEMU Standard PC (i440FX + PIIX, 1996), BIOS rel-1.16.0-0-gd239552ce722-prebuilt.qemu.org 04/01/2014
[    0.000000] Hypervisor detected: KVM
[    0.000000] kvm-clock: Using msrs 4b564d01 and 4b564d00
[    0.000002] kvm-clock: using sched offset of 352004097 cycles
[    0.000466] clocksource: kvm-clock: mask: 0xffffffffffffffff max_cycles: 0x1cd42e4dffb, max_idle_ns: 881590591483 ns
[    0.001904] tsc: Detected 1700.000 MHz processor
[    0.009130] last_pfn = 0x7ffe0 max_arch_pfn = 0x10000000000
[    0.009668] x86/PAT: Configuration [0-7]: WB  WC  UC- UC  WB  WP  UC- WT  
[    0.015529] found SMP MP-table at [mem 0x000f5ba0-0x000f5baf]
[    0.016087] Using GB pages for direct mapping
[    0.017505] ACPI: Early table checksum verification disabled
[    0.018009] ACPI: RSDP 0x00000000000F59C0 000014 (v00 BOCHS )
[    0.018535] ACPI: RSDT 0x000000007FFE1951 000034 (v01 BOCHS  BXPC     00000001 BXPC 00000001)
[    0.019302] ACPI: FACP 0x000000007FFE17FD 000074 (v01 BOCHS  BXPC     00000001 BXPC 00000001)
[    0.020071] ACPI: DSDT 0x000000007FFE0040 0017BD (v01 BOCHS  BXPC     00000001 BXPC 00000001)
[    0.020835] ACPI: FACS 0x000000007FFE0000 000040
[    0.021255] ACPI: APIC 0x000000007FFE1871 000080 (v01 BOCHS  BXPC     00000001 BXPC 00000001)
[    0.022022] ACPI: HPET 0x000000007FFE18F1 000038 (v01 BOCHS  BXPC     00000001 BXPC 00000001)
[    0.022787] ACPI: WAET 0x000000007FFE1929 000028 (v01 BOCHS  BXPC     00000001 BXPC 00000001)
[    0.023552] ACPI: Reserving FACP table memory at [mem 0x7ffe17fd-0x7ffe1870]
[    0.024173] ACPI: Reserving DSDT table memory at [mem 0x7ffe0040-0x7ffe17fc]
[    0.024797] ACPI: Reserving FACS table memory at [mem 0x7ffe0000-0x7ffe003f]
[    0.025421] ACPI: Reserving APIC table memory at [mem 0x7ffe1871-0x7ffe18f0]
[    0.026042] ACPI: Reserving HPET table memory at [mem 0x7ffe18f1-0x7ffe1928]
[    0.026666] ACPI: Reserving WAET table memory at [mem 0x7ffe1929-0x7ffe1950]
[    0.028124] No NUMA configuration found
[    0.028466] Faking a node at [mem 0x0000000000000000-0x000000007ffdffff]
[    0.029124] NODE_DATA(0) allocated [mem 0x7ffb5000-0x7ffdffff]
[    0.033922] Zone ranges:
[    0.034164]   DMA      [mem 0x0000000000001000-0x0000000000ffffff]
[    0.034720]   DMA32    [mem 0x0000000001000000-0x000000007ffdffff]
[    0.035267]   Normal   empty
[    0.035528]   Device   empty
[    0.035784] Movable zone start for each node
[    0.036161] Early memory node ranges
[    0.036476]   node   0: [mem 0x0000000000001000-0x000000000009efff]
[    0.037028]   node   0: [mem 0x0000000000100000-0x000000007ffdffff]
[    0.037588] Initmem setup node 0 [mem 0x0000000000001000-0x000000007ffdffff]
[    0.038572] On node 0, zone DMA: 1 pages in unavailable ranges
[    0.038590] On node 0, zone DMA: 97 pages in unavailable ranges
[    0.046187] On node 0, zone DMA32: 32 pages in unavailable ranges
[    0.046990] ACPI: PM-Timer IO Port: 0x608
[    0.047897] ACPI: LAPIC_NMI (acpi_id[0xff] dfl dfl lint[0x1])
[    0.048455] IOAPIC[0]: apic_id 0, version 17, address 0xfec00000, GSI 0-23
[    0.049072] ACPI: INT_SRC_OVR (bus 0 bus_irq 0 global_irq 2 dfl dfl)
[    0.049629] ACPI: INT_SRC_OVR (bus 0 bus_irq 5 global_irq 5 high level)
[    0.050204] ACPI: INT_SRC_OVR (bus 0 bus_irq 9 global_irq 9 high level)
[    0.050781] ACPI: INT_SRC_OVR (bus 0 bus_irq 10 global_irq 10 high level)
[    0.051375] ACPI: INT_SRC_OVR (bus 0 bus_irq 11 global_irq 11 high level)
[    0.051978] ACPI: Using ACPI (MADT) for SMP configuration information
[    0.052538] ACPI: HPET id: 0x8086a201 base: 0xfed00000
[    0.052989] TSC deadline timer available
[    0.053330] smpboot: Allowing 2 CPUs, 0 hotplug CPUs
[    0.053788] kvm-guest: KVM setup pv remote TLB flush
[    0.054219] kvm-guest: setup PV sched yield
[    0.054624] PM: hibernation: Registered nosave memory: [mem 0x00000000-0x00000fff]
[    0.055285] PM: hibernation: Registered nosave memory: [mem 0x0009f000-0x0009ffff]
[    0.055943] PM: hibernation: Registered nosave memory: [mem 0x000a0000-0x000effff]
[    0.056598] PM: hibernation: Registered nosave memory: [mem 0x000f0000-0x000fffff]
[    0.057253] [mem 0x80000000-0xfeffbfff] available for PCI devices
[    0.057784] Booting paravirtualized kernel on KVM
[    0.058192] clocksource: refined-jiffies: mask: 0xffffffff max_cycles: 0xffffffff, max_idle_ns: 7645519600211568 ns
[    0.059111] setup_percpu: NR_CPUS:8192 nr_cpumask_bits:2 nr_cpu_ids:2 nr_node_ids:1
[    0.060242] percpu: Embedded 64 pages/cpu s225280 r8192 d28672 u1048576
[    0.061023] kvm-guest: PV spinlocks enabled
[    0.061401] PV qspinlock hash table entries: 256 (order: 0, 4096 bytes, linear)
[    0.062054] Fallback order for Node 0: 0 
[    0.062422] Built 1 zonelists, mobility grouping on.  Total pages: 515808
[    0.063017] Policy zone: DMA32
[    0.063286] Kernel command line: net.ifnames=0 console=ttyS0 root=/dev/sda earlyprintk=serial net.ifnames=0
[    0.064878] Dentry cache hash table entries: 262144 (order: 9, 2097152 bytes, linear)
[    0.065709] Inode-cache hash table entries: 131072 (order: 8, 1048576 bytes, linear)
[    0.066487] mem auto-init: stack:off, heap alloc:off, heap free:off
[    0.071631] Memory: 1983420K/2096632K available (32784K kernel code, 4463K rwdata, 8052K rodata, 3292K init, 22736K bss, 113012K reserved, 0K cma-reserved)
[    0.073710] SLUB: HWalign=64, Order=0-3, MinObjects=0, CPUs=2, Nodes=1
[    0.074272] kmemleak: Kernel memory leak detector disabled
[    0.074768] ftrace: allocating 66260 entries in 259 pages
[    0.097454] ftrace: allocated 259 pages with 3 groups
[    0.101023] Dynamic Preempt: voluntary
[    0.101479] Running RCU self tests
[    0.101777] rcu: Preemptible hierarchical RCU implementation.
[    0.102258] rcu: 	RCU lockdep checking is enabled.
[    0.102660] rcu: 	RCU restricting CPUs from NR_CPUS=8192 to nr_cpu_ids=2.
[    0.103228] 	Trampoline variant of Tasks RCU enabled.
[    0.103657] 	Rude variant of Tasks RCU enabled.
[    0.104035] 	Tracing variant of Tasks RCU enabled.
[    0.104447] rcu: RCU calculated value of scheduler-enlistment delay is 25 jiffies.
[    0.105075] rcu: Adjusting geometry for rcu_fanout_leaf=16, nr_cpu_ids=2
[    0.130486] NR_IRQS: 524544, nr_irqs: 440, preallocated irqs: 16
[    0.131289] rcu: srcu_init: Setting srcu_struct sizes based on contention.
[    0.139637] Console: colour VGA+ 80x25
[    0.140005] printk: console [ttyS0] enabled
[    0.140005] printk: console [ttyS0] enabled
[    0.140730] printk: bootconsole [earlyser0] disabled
[    0.140730] printk: bootconsole [earlyser0] disabled
[    0.141579] Lock dependency validator: Copyright (c) 2006 Red Hat, Inc., Ingo Molnar
[    0.142246] ... MAX_LOCKDEP_SUBCLASSES:  8
[    0.142608] ... MAX_LOCK_DEPTH:          48
[    0.142976] ... MAX_LOCKDEP_KEYS:        8192
[    0.143362] ... CLASSHASH_SIZE:          4096
[    0.143744] ... MAX_LOCKDEP_ENTRIES:     32768
[    0.144134] ... MAX_LOCKDEP_CHAINS:      65536
[    0.144527] ... CHAINHASH_SIZE:          32768
[    0.144916]  memory used by lock dependency info: 6365 kB
[    0.145389]  memory used for stack traces: 4224 kB
[    0.145807]  per task-struct memory footprint: 1920 bytes
[    0.146322] ACPI: Core revision 20220331
[    0.146919] clocksource: hpet: mask: 0xffffffff max_cycles: 0xffffffff, max_idle_ns: 19112604467 ns
[    0.147830] APIC: Switch to symmetric I/O mode setup
[    0.148475] x2apic enabled
[    0.148904] Switched APIC routing to physical x2apic.
[    0.149350] kvm-guest: setup PV IPIs
[    0.150579] ..TIMER: vector=0x30 apic1=0 pin1=2 apic2=-1 pin2=-1
[    0.151122] clocksource: tsc-early: mask: 0xffffffffffffffff max_cycles: 0x1881273ac8e, max_idle_ns: 440795257284 ns
[    0.152069] Calibrating delay loop (skipped) preset value.. 3400.00 BogoMIPS (lpj=6800000)
[    0.152787] pid_max: default: 32768 minimum: 301
[    0.153326] LSM: Security Framework initializing
[    0.153737] Yama: becoming mindful.
[    0.154221] Mount-cache hash table entries: 4096 (order: 3, 32768 bytes, linear)
[    0.154866] Mountpoint-cache hash table entries: 4096 (order: 3, 32768 bytes, linear)
[    0.156871] x86/cpu: User Mode Instruction Prevention (UMIP) activated
[    0.157598] Last level iTLB entries: 4KB 0, 2MB 0, 4MB 0
[    0.158072] Last level dTLB entries: 4KB 0, 2MB 0, 4MB 0, 1GB 0
[    0.158600] Spectre V1 : Mitigation: usercopy/swapgs barriers and __user pointer sanitization
[    0.159333] Spectre V2 : WARNING: Unprivileged eBPF is enabled with eIBRS on, data leaks possible via Spectre v2 BHB attacks!
[    0.160065] Spectre V2 : Mitigation: Enhanced IBRS
[    0.160456] Spectre V2 : Spectre v2 / SpectreRSB mitigation: Filling RSB on context switch
[    0.161126] Spectre V2 : mitigation: Enabling conditional Indirect Branch Prediction Barrier
[    0.161803] Speculative Store Bypass: Mitigation: Speculative Store Bypass disabled via prctl
[    0.208493] Freeing SMP alternatives memory: 56K
[    0.209146] smpboot: CPU0: Intel(R) Xeon(R) Gold 6414TDX (family: 0x6, model: 0x8f, stepping: 0x6)
[    0.210363] cblist_init_generic: Setting adjustable number of callback queues.
[    0.210973] cblist_init_generic: Setting shift to 1 and lim to 1.
[    0.211526] cblist_init_generic: Setting shift to 1 and lim to 1.
[    0.212056] cblist_init_generic: Setting shift to 1 and lim to 1.
[    0.212056] Running RCU-tasks wait API self tests
[    0.312129] Performance Events: Sapphire Rapids events, full-width counters, Intel PMU driver.
[    0.312882] ... version:                2
[    0.313209] ... bit width:              48
[    0.313546] ... generic registers:      8
[    0.313876] ... value mask:             0000ffffffffffff
[    0.314301] ... max period:             00007fffffffffff
[    0.314730] ... fixed-purpose events:   3
[    0.315056] ... event mask:             00000007000000ff
[    0.315872] rcu: Hierarchical SRCU implementation.
[    0.318882] smp: Bringing up secondary CPUs ...
[    0.319730] x86: Booting SMP configuration:
[    0.320076] .... node  #0, CPUs:      #1
[    0.320502] smp: Brought up 1 node, 2 CPUs
[    0.320797] smpboot: Max logical packages: 1
[    0.321148] smpboot: Total of 2 processors activated (6800.00 BogoMIPS)
[    0.322447] devtmpfs: initialized
[    0.322447] x86/mm: Memory block size: 128MB
[    0.326012] clocksource: jiffies: mask: 0xffffffff max_cycles: 0xffffffff, max_idle_ns: 7645041785100000 ns
[    0.328066] Callback from call_rcu_tasks_trace() invoked.
[    0.328081] futex hash table entries: 512 (order: 4, 65536 bytes, linear)
[    0.328323] pinctrl core: initialized pinctrl subsystem
[    0.330106] 
[    0.330240] *************************************************************
[    0.330795] **     NOTICE NOTICE NOTICE NOTICE NOTICE NOTICE NOTICE    **
[    0.331352] **                                                         **
[    0.331903] **  IOMMU DebugFS SUPPORT HAS BEEN ENABLED IN THIS KERNEL  **
[    0.332068] **                                                         **
[    0.332625] ** This means that this kernel is built to expose internal **
[    0.333177] ** IOMMU data structures, which may compromise security on **
[    0.333734] ** your system.                                            **
[    0.334285] **                                                         **
[    0.334840] ** If you see this message and you are not debugging the   **
[    0.335392] ** kernel, report this immediately to your vendor!         **
[    0.335948] **                                                         **
[    0.336060] **     NOTICE NOTICE NOTICE NOTICE NOTICE NOTICE NOTICE    **
[    0.336616] *************************************************************
[    0.337218] PM: RTC time: 00:52:16, date: 2022-12-14
[    0.339652] NET: Registered PF_NETLINK/PF_ROUTE protocol family
[    0.340712] DMA: preallocated 256 KiB GFP_KERNEL pool for atomic allocations
[    0.341306] DMA: preallocated 256 KiB GFP_KERNEL|GFP_DMA pool for atomic allocations
[    0.341951] DMA: preallocated 256 KiB GFP_KERNEL|GFP_DMA32 pool for atomic allocations
[    0.342668] audit: initializing netlink subsys (disabled)
[    0.343140] audit: type=2000 audit(1670979136.964:1): state=initialized audit_enabled=0 res=1
[    0.343140] thermal_sys: Registered thermal governor 'fair_share'
[    0.343140] thermal_sys: Registered thermal governor 'bang_bang'
[    0.343140] thermal_sys: Registered thermal governor 'step_wise'
[    0.343140] thermal_sys: Registered thermal governor 'user_space'
[    0.344126] cpuidle: using governor ladder
[    0.344970] cpuidle: using governor menu
[    0.345634] HugeTLB: can optimize 4095 vmemmap pages for hugepages-1048576kB
[    0.346230] acpiphp: ACPI Hot Plug PCI Controller Driver version: 0.5
[    0.348423] PCI: Using configuration type 1 for base access
[    0.365880] kprobes: kprobe jump-optimization is enabled. All kprobes are optimized if possible.
[    0.516644] HugeTLB: can optimize 7 vmemmap pages for hugepages-2048kB
[    0.517190] HugeTLB registered 1.00 GiB page size, pre-allocated 0 pages
[    0.517737] HugeTLB registered 2.00 MiB page size, pre-allocated 0 pages
[    0.520561] ACPI: Added _OSI(Module Device)
[    0.520924] ACPI: Added _OSI(Processor Device)
[    0.521285] ACPI: Added _OSI(3.0 _SCP Extensions)
[    0.521671] ACPI: Added _OSI(Processor Aggregator Device)
[    0.522107] ACPI: Added _OSI(Linux-Dell-Video)
[    0.522471] ACPI: Added _OSI(Linux-Lenovo-NV-HDMI-Audio)
[    0.522900] ACPI: Added _OSI(Linux-HPI-Hybrid-Graphics)
[    0.529158] ACPI: 1 ACPI AML tables successfully acquired and loaded
[    0.533255] ACPI: Interpreter enabled
[    0.533660] ACPI: PM: (supports S0 S3 S4 S5)
[    0.534009] ACPI: Using IOAPIC for interrupt routing
[    0.534463] PCI: Using host bridge windows from ACPI; if necessary, use "pci=nocrs" and report a bug
[    0.535196] PCI: Using E820 reservations for host bridge windows
[    0.536420] ACPI: Enabled 2 GPEs in block 00 to 0F
[    0.554427] ACPI: PCI Root Bridge [PCI0] (domain 0000 [bus 00-ff])
[    0.554949] acpi PNP0A03:00: _OSC: OS supports [ASPM ClockPM Segments MSI EDR HPX-Type3]
[    0.555610] acpi PNP0A03:00: _OSC: not requesting OS control; OS requires [ExtendedConfig ASPM ClockPM MSI]
[    0.556125] acpi PNP0A03:00: fail to add MMCONFIG information, can't access extended PCI configuration space under this bridge.
[    0.559193] acpiphp: Slot [3] registered
[    0.559590] acpiphp: Slot [4] registered
[    0.559983] acpiphp: Slot [5] registered
[    0.560131] acpiphp: Slot [6] registered
[    0.560522] acpiphp: Slot [7] registered
[    0.560927] acpiphp: Slot [8] registered
[    0.561319] acpiphp: Slot [9] registered
[    0.561709] acpiphp: Slot [10] registered
[    0.562109] acpiphp: Slot [11] registered
[    0.562506] acpiphp: Slot [12] registered
[    0.562915] acpiphp: Slot [13] registered
[    0.563311] acpiphp: Slot [14] registered
[    0.563708] acpiphp: Slot [15] registered
[    0.564112] acpiphp: Slot [16] registered
[    0.564518] acpiphp: Slot [17] registered
[    0.564923] acpiphp: Slot [18] registered
[    0.565321] acpiphp: Slot [19] registered
[    0.565729] acpiphp: Slot [20] registered
[    0.566131] acpiphp: Slot [21] registered
[    0.566538] acpiphp: Slot [22] registered
[    0.566942] acpiphp: Slot [23] registered
[    0.567340] acpiphp: Slot [24] registered
[    0.567739] acpiphp: Slot [25] registered
[    0.568131] acpiphp: Slot [26] registered
[    0.568547] acpiphp: Slot [27] registered
[    0.568949] acpiphp: Slot [28] registered
[    0.569349] acpiphp: Slot [29] registered
[    0.569748] acpiphp: Slot [30] registered
[    0.570150] acpiphp: Slot [31] registered
[    0.570499] PCI host bridge to bus 0000:00
[    0.570836] pci_bus 0000:00: root bus resource [io  0x0000-0x0cf7 window]
[    0.571389] pci_bus 0000:00: root bus resource [io  0x0d00-0xffff window]
[    0.571946] pci_bus 0000:00: root bus resource [mem 0x000a0000-0x000bffff window]
[    0.572061] pci_bus 0000:00: root bus resource [mem 0x80000000-0xfebfffff window]
[    0.572669] pci_bus 0000:00: root bus resource [mem 0x100000000-0x17fffffff window]
[    0.573291] pci_bus 0000:00: root bus resource [bus 00-ff]
[    0.573815] pci 0000:00:00.0: [8086:1237] type 00 class 0x060000
[    0.577590] pci 0000:00:01.0: [8086:7000] type 00 class 0x060100
[    0.578752] pci 0000:00:01.1: [8086:7010] type 00 class 0x010180
[    0.580864] pci 0000:00:01.1: reg 0x20: [io  0xc040-0xc04f]
[    0.581999] pci 0000:00:01.1: legacy IDE quirk: reg 0x10: [io  0x01f0-0x01f7]
[    0.582587] pci 0000:00:01.1: legacy IDE quirk: reg 0x14: [io  0x03f6]
[    0.583115] pci 0000:00:01.1: legacy IDE quirk: reg 0x18: [io  0x0170-0x0177]
[    0.583697] pci 0000:00:01.1: legacy IDE quirk: reg 0x1c: [io  0x0376]
[    0.584359] pci 0000:00:01.3: [8086:7113] type 00 class 0x068000
[    0.585161] pci 0000:00:01.3: quirk: [io  0x0600-0x063f] claimed by PIIX4 ACPI
[    0.585753] pci 0000:00:01.3: quirk: [io  0x0700-0x070f] claimed by PIIX4 SMB
[    0.586823] pci 0000:00:02.0: [1234:1111] type 00 class 0x030000
[    0.588065] pci 0000:00:02.0: reg 0x10: [mem 0xfd000000-0xfdffffff pref]
[    0.589920] pci 0000:00:02.0: reg 0x18: [mem 0xfebf0000-0xfebf0fff]
[    0.592720] pci 0000:00:02.0: reg 0x30: [mem 0xfebe0000-0xfebeffff pref]
[    0.593355] pci 0000:00:02.0: Video device with shadowed ROM at [mem 0x000c0000-0x000dffff]
[    0.597064] pci 0000:00:03.0: [8086:100e] type 00 class 0x020000
[    0.598101] pci 0000:00:03.0: reg 0x10: [mem 0xfebc0000-0xfebdffff]
[    0.599178] pci 0000:00:03.0: reg 0x14: [io  0xc000-0xc03f]
[    0.602546] pci 0000:00:03.0: reg 0x30: [mem 0xfeb80000-0xfebbffff pref]
[    0.614032] ACPI: PCI: Interrupt link LNKA configured for IRQ 10
[    0.614931] ACPI: PCI: Interrupt link LNKB configured for IRQ 10
[    0.615806] ACPI: PCI: Interrupt link LNKC configured for IRQ 11
[    0.616435] ACPI: PCI: Interrupt link LNKD configured for IRQ 11
[    0.617106] ACPI: PCI: Interrupt link LNKS configured for IRQ 9
[    0.618628] iommu: Default domain type: Translated 
[    0.619033] iommu: DMA domain TLB invalidation policy: lazy mode 
[    0.620583] SCSI subsystem initialized
[    0.621173] ACPI: bus type USB registered
[    0.621578] usbcore: registered new interface driver usbfs
[    0.622106] usbcore: registered new interface driver hub
[    0.622579] usbcore: registered new device driver usb
[    0.623091] pps_core: LinuxPPS API ver. 1 registered
[    0.623507] pps_core: Software ver. 5.3.6 - Copyright 2005-2007 Rodolfo Giometti <giometti@linux.it>
[    0.624082] PTP clock support registered
[    0.624550] EDAC MC: Ver: 3.0.0
[    0.626101] NetLabel: Initializing
[    0.626388] NetLabel:  domain hash size = 128
[    0.626750] NetLabel:  protocols = UNLABELED CIPSOv4 CALIPSO
[    0.627276] NetLabel:  unlabeled traffic allowed by default
[    0.628022] PCI: Using ACPI for IRQ routing
[    0.628266] pci 0000:00:02.0: vgaarb: setting as boot VGA device
[    0.628780] pci 0000:00:02.0: vgaarb: bridge control possible
[    0.629250] pci 0000:00:02.0: vgaarb: VGA device added: decodes=io+mem,owns=io+mem,locks=none
[    0.629951] vgaarb: loaded
[    0.630478] hpet0: at MMIO 0xfed00000, IRQs 2, 8, 0
[    0.630904] hpet0: 3 comparators, 64-bit 100.000000 MHz counter
[    3.404717] Callback from call_rcu_tasks_rude() invoked.
[    3.405215] clocksource: Switched to clocksource kvm-clock
[    3.512215] Callback from call_rcu_tasks() invoked.
[    3.580337] VFS: Disk quotas dquot_6.6.0
[    3.580733] VFS: Dquot-cache hash table entries: 512 (order 0, 4096 bytes)
[    3.581600] pnp: PnP ACPI init
[    3.583916] pnp: PnP ACPI: found 6 devices
[    3.596766] clocksource: acpi_pm: mask: 0xffffff max_cycles: 0xffffff, max_idle_ns: 2085701024 ns
[    3.597852] NET: Registered PF_INET protocol family
[    3.598378] IP idents hash table entries: 32768 (order: 6, 262144 bytes, linear)
[    3.599947] tcp_listen_portaddr_hash hash table entries: 1024 (order: 4, 73728 bytes, linear)
[    3.600688] Table-perturb hash table entries: 65536 (order: 6, 262144 bytes, linear)
[    3.601363] TCP established hash table entries: 16384 (order: 5, 131072 bytes, linear)
[    3.602199] TCP bind hash table entries: 16384 (order: 8, 1179648 bytes, linear)
[    3.603433] TCP: Hash tables configured (established 16384 bind 16384)
[    3.604078] UDP hash table entries: 1024 (order: 5, 163840 bytes, linear)
[    3.604726] UDP-Lite hash table entries: 1024 (order: 5, 163840 bytes, linear)
[    3.605849] NET: Registered PF_UNIX/PF_LOCAL protocol family
[    3.606863] RPC: Registered named UNIX socket transport module.
[    3.607374] RPC: Registered udp transport module.
[    3.607750] RPC: Registered tcp transport module.
[    3.608143] RPC: Registered tcp NFSv4.1 backchannel transport module.
[    3.608677] pci_bus 0000:00: resource 4 [io  0x0000-0x0cf7 window]
[    3.609178] pci_bus 0000:00: resource 5 [io  0x0d00-0xffff window]
[    3.609681] pci_bus 0000:00: resource 6 [mem 0x000a0000-0x000bffff window]
[    3.610234] pci_bus 0000:00: resource 7 [mem 0x80000000-0xfebfffff window]
[    3.610788] pci_bus 0000:00: resource 8 [mem 0x100000000-0x17fffffff window]
[    3.611607] pci 0000:00:01.0: PIIX3: Enabling Passive Release
[    3.612091] pci 0000:00:00.0: Limiting direct PCI/PCI transfers
[    3.612653] pci 0000:00:01.0: Activating ISA DMA hang workarounds
[    3.613253] PCI: CLS 0 bytes, default 64
[    3.613639] ACPI: bus type thunderbolt registered
[    3.614352] clocksource: tsc: mask: 0xffffffffffffffff max_cycles: 0x1881273ac8e, max_idle_ns: 440795257284 ns
[    3.615236] sgx: There are zero EPC sections.
[    3.618479] Initialise system trusted keyrings
[    3.618934] Key type blacklist registered
[    3.619417] workingset: timestamp_bits=36 max_order=19 bucket_order=0
[    3.630777] zbud: loaded
[    3.633678] squashfs: version 4.0 (2009/01/31) Phillip Lougher
[    3.635839] NFS: Registering the id_resolver key type
[    3.636328] Key type id_resolver registered
[    3.636669] Key type id_legacy registered
[    3.637103] nfs4filelayout_init: NFSv4 File Layout Driver Registering...
[    3.637679] nfs4flexfilelayout_init: NFSv4 Flexfile Layout Driver Registering...
[    3.638471] fuse: init (API version 7.36)
[    3.639137] SGI XFS with ACLs, security attributes, realtime, quota, no debug enabled
[    3.641747] 9p: Installing v9fs 9p2000 file system support
[    3.649960] Key type asymmetric registered
[    3.650311] Asymmetric key parser 'x509' registered
[    3.651925] alg: self-tests for CTR-KDF (hmac(sha256)) passed
[    3.652471] Block layer SCSI generic (bsg) driver version 0.4 loaded (major 243)
[    3.653225] io scheduler mq-deadline registered
[    3.653671] io scheduler bfq registered
[    3.655133] shpchp: Standard Hot Plug PCI Controller Driver version: 0.4
[    3.656210] IPMI message handler: version 39.2
[    3.656629] ipmi device interface
[    3.658630] input: Power Button as /devices/LNXSYSTM:00/LNXPWRBN:00/input/input0
[    3.659599] ACPI: button: Power Button [PWRF]
[    3.660970] ERST DBG: ERST support is disabled.
[    3.661987] Serial: 8250/16550 driver, 32 ports, IRQ sharing enabled
[    3.662974] 00:04: ttyS0 at I/O 0x3f8 (irq = 4, base_baud = 115200) is a 16550A
[    3.672941] Linux agpgart interface v0.103
[    3.673810] ACPI: bus type drm_connector registered
[    3.687533] brd: module loaded
[    3.695684] loop: module loaded
[    3.700436] scsi host0: ata_piix
[    3.701354] scsi host1: ata_piix
[    3.701793] ata1: PATA max MWDMA2 cmd 0x1f0 ctl 0x3f6 bmdma 0xc040 irq 14
[    3.702357] ata2: PATA max MWDMA2 cmd 0x170 ctl 0x376 bmdma 0xc048 irq 15
[    3.704295] tun: Universal TUN/TAP device driver, 1.6
[    3.704883] e100: Intel(R) PRO/100 Network Driver
[    3.705278] e100: Copyright(c) 1999-2006 Intel Corporation
[    3.705765] e1000: Intel(R) PRO/1000 Network Driver
[    3.706165] e1000: Copyright (c) 1999-2006 Intel Corporation.
[    3.860216] ata1: found unknown device (class 0)
[    3.861118] ata1.00: ATA-7: QEMU HARDDISK, 2.5+, max UDMA/100
[    3.861592] ata1.00: 16777216 sectors, multi 16: LBA48 
[    3.862874] scsi 0:0:0:0: Direct-Access     ATA      QEMU HARDDISK    2.5+ PQ: 0 ANSI: 5
[    3.864479] scsi 0:0:0:0: Attached scsi generic sg0 type 0
[    3.865598] sd 0:0:0:0: [sda] 16777216 512-byte logical blocks: (8.59 GB/8.00 GiB)
[    3.866253] sd 0:0:0:0: [sda] Write Protect is off
[    3.866688] sd 0:0:0:0: [sda] Write cache: enabled, read cache: enabled, doesn't support DPO or FUA
[    3.867503] ata2: found unknown device (class 0)
[    3.868118] sd 0:0:0:0: [sda] Preferred minimum I/O size 512 bytes
[    3.869018] ata2.00: ATAPI: QEMU DVD-ROM, 2.5+, max UDMA/100
[    3.871316] scsi 1:0:0:0: CD-ROM            QEMU     QEMU DVD-ROM     2.5+ PQ: 0 ANSI: 5
[    3.888353] ACPI: \_SB_.LNKC: Enabled at IRQ 11
[    3.889710] sd 0:0:0:0: [sda] Attached SCSI disk
[    3.900911] scsi 1:0:0:0: Attached scsi generic sg1 type 5
[    4.215326] e1000 0000:00:03.0 eth0: (PCI:33MHz:32-bit) 52:54:00:12:34:56
[    4.215942] e1000 0000:00:03.0 eth0: Intel(R) PRO/1000 Network Connection
[    4.216639] e1000e: Intel(R) PRO/1000 Network Driver
[    4.217045] e1000e: Copyright(c) 1999 - 2015 Intel Corporation.
[    4.217600] igb: Intel(R) Gigabit Ethernet Network Driver
[    4.218037] igb: Copyright (c) 2007-2014 Intel Corporation.
[    4.218614] PPP generic driver version 2.4.2
[    4.219570] VFIO - User Level meta-driver version: 0.3
[    4.220089] ehci_hcd: USB 2.0 'Enhanced' Host Controller (EHCI) Driver
[    4.220648] ehci-pci: EHCI PCI platform driver
[    4.221043] ehci-platform: EHCI generic platform driver
[    4.221495] ohci_hcd: USB 1.1 'Open' Host Controller (OHCI) Driver
[    4.221999] ohci-pci: OHCI PCI platform driver
[    4.222398] ohci-platform: OHCI generic platform driver
[    4.222848] uhci_hcd: USB Universal Host Controller Interface driver
[    4.223682] usbcore: registered new interface driver uas
[    4.224200] usbcore: registered new interface driver usb-storage
[    4.224821] i8042: PNP: PS/2 Controller [PNP0303:KBD,PNP0f13:MOU] at 0x60,0x64 irq 1,12
[    4.226238] serio: i8042 KBD port at 0x60,0x64 irq 1
[    4.226690] serio: i8042 AUX port at 0x60,0x64 irq 12
[    4.228226] mousedev: PS/2 mouse device common for all mice
[    4.229542] input: AT Translated Set 2 keyboard as /devices/platform/i8042/serio0/input/input1
[    4.231380] input: VirtualPS/2 VMware VMMouse as /devices/platform/i8042/serio1/input/input4
[    4.232271] rtc_cmos 00:05: RTC can wake from S4
[    4.232975] input: VirtualPS/2 VMware VMMouse as /devices/platform/i8042/serio1/input/input3
[    4.233862] rtc_cmos 00:05: registered as rtc0
[    4.234349] rtc_cmos 00:05: setting system clock to 2022-12-14T00:52:20 UTC (1670979140)
[    4.235183] rtc_cmos 00:05: alarms up to one day, y3k, 242 bytes nvram, hpet irqs
[    4.235835] i2c_dev: i2c /dev entries driver
[    4.236276] device-mapper: core: CONFIG_IMA_DISABLE_HTABLE is disabled. Duplicate IMA measurements will not be recorded in the IMA log.
[    4.237385] device-mapper: uevent: version 1.0.3
[    4.238054] device-mapper: ioctl: 4.46.0-ioctl (2022-02-22) initialised: dm-devel@redhat.com
[    4.238746] intel_pstate: CPU model not supported
[    4.239236] sdhci: Secure Digital Host Controller Interface driver
[    4.239735] sdhci: Copyright(c) Pierre Ossman
[    4.240182] sdhci-pltfm: SDHCI platform and OF driver helper
[    4.240712] ledtrig-cpu: registered to indicate activity on CPUs
[    4.241621] drop_monitor: Initializing network drop monitor service
[    4.242875] NET: Registered PF_INET6 protocol family
[    4.245251] Segment Routing with IPv6
[    4.245625] In-situ OAM (IOAM) with IPv6
[    4.245995] NET: Registered PF_PACKET protocol family
[    4.246674] 9pnet: Installing 9P2000 support
[    4.247104] Key type dns_resolver registered
[    4.248359] IPI shorthand broadcast: enabled
[    4.248821] sched_clock: Marking stable (4235893192, 12169489)->(4257285255, -9222574)
[    4.250118] registered taskstats version 1
[    4.250633] Loading compiled-in X.509 certificates
[    4.251377] zswap: loaded using pool lzo/zbud
[    4.252536] Key type ._fscrypt registered
[    4.252868] Key type .fscrypt registered
[    4.253185] Key type fscrypt-provisioning registered
[    4.254666] Key type encrypted registered
[    4.255048] ima: No TPM chip found, activating TPM-bypass!
[    4.255509] ima: Allocated hash algorithm: sha1
[    4.255932] ima: No architecture policies found
[    4.256424] evm: Initialising EVM extended attributes:
[    4.256848] evm: security.selinux
[    4.257125] evm: security.SMACK64
[    4.257403] evm: security.SMACK64EXEC
[    4.257707] evm: security.SMACK64TRANSMUTE
[    4.258047] evm: security.SMACK64MMAP
[    4.258358] evm: security.apparmor
[    4.258643] evm: security.ima
[    4.258891] evm: security.capability
[    4.259188] evm: HMAC attrs: 0x1
[    4.264369] PM:   Magic number: 2:425:860
[    4.265179] RAS: Correctable Errors collector initialized.
[    4.267038] md: Waiting for all devices to be available before autodetect
[    4.267439] md: If you don't use raid, use raid=noautodetect
[    4.267771] md: Autodetecting RAID arrays.
[    4.268022] md: autorun ...
[    4.268229] md: ... autorun DONE.
[    4.273354] EXT4-fs (sda): mounted filesystem with ordered data mode. Quota mode: none.
[    4.273887] VFS: Mounted root (ext4 filesystem) readonly on device 8:0.
[    4.276043] devtmpfs: mounted
[    4.287035] Freeing unused decrypted memory: 2036K
[    4.289586] Freeing unused kernel image (initmem) memory: 3292K
[    4.300121] Write protecting the kernel read-only data: 43008k
[    4.303138] Freeing unused kernel image (text/rodata gap) memory: 2028K
[    4.303685] Freeing unused kernel image (rodata/data gap) memory: 140K
[    4.411713] x86/mm: Checked W+X mappings: passed, no W+X pages found.
[    4.412099] Run /sbin/init as init process
[    4.489233] systemd[1]: RTC configured in localtime, applying delta of 0 minutes to system time.
[    4.514607] systemd[1]: systemd 239 (239-49.el8) running in system mode. (+PAM +AUDIT +SELINUX +IMA -APPARMOR +SMACK +SYSVINIT +UTMP +LIBCRYPTSETUP +GCRYPT +GNUTLS +ACL +XZ +LZ4 +SECCOMP +BLKID +ELFUTILS +KMOD +IDN2 -IDN +PCRE2 default-hierarchy=legacy)
[    4.516029] systemd[1]: Detected virtualization kvm.
[    4.516355] systemd[1]: Detected architecture x86-64.

Welcome to [0;31mCentOS Stream 8[0m!

[    4.539751] systemd[1]: Set hostname to <test>.
[    6.480128] random: crng init done
[    6.575285] systemd[1]: Listening on Process Core Dump Socket.
[[0;32m  OK  [0m] Listening on Process Core Dump Socket.
[    6.579180] systemd[1]: Created slice system-serial\x2dgetty.slice.
[[0;32m  OK  [0m] Created slice system-serial\x2dgetty.slice.
[    6.580416] systemd[1]: Listening on LVM2 poll daemon socket.
[[0;32m  OK  [0m] Listening on LVM2 poll daemon socket.
[    6.581385] systemd[1]: Listening on udev Kernel Socket.
[[0;32m  OK  [0m] Listening on udev Kernel Socket.
[    6.582411] systemd[1]: Listening on Journal Socket.
[[0;32m  OK  [0m] Listening on Journal Socket.
[    6.587928] systemd[1]: Starting Load Kernel Modules...
         Starting Load Kernel Modules...
[[0;32m  OK  [0m] Set up automount Arbitrary Executabâ€¦rmats File System Automount Point.
[[0;32m  OK  [0m] Started Forward Password Requests to Wall Directory Watch.
         Starting Setup Virtual Console...
         Mounting Kernel Debug File System...
         Mounting Huge Pages File System...
[[0;32m  OK  [0m] Listening on Journal Socket (/dev/log).
[[0;32m  OK  [0m] Reached target Swap.
[[0;32m  OK  [0m] Created slice system-getty.slice.
[[0;32m  OK  [0m] Listening on Device-mapper event daemon FIFOs.
[[0;32m  OK  [0m] Listening on initctl Compatibility Named Pipe.
[[0;32m  OK  [0m] Created slice system-sshd\x2dkeygen.slice.
[[0;32m  OK  [0m] Listening on RPCbind Server Activation Socket.
[[0;32m  OK  [0m] Reached target RPC Port Mapper.
         Starting Monitoring of LVM2 mirrorsâ€¦ng dmeventd or progress polling...
         Starting Journal Service...
[[0;32m  OK  [0m] Listening on multipathd control socket.
[[0;32m  OK  [0m] Created slice User and Session Slice.
[[0;32m  OK  [0m] Reached target Slices.
[[0;32m  OK  [0m] Listening on udev Control Socket.
         Starting udev Coldplug all Devices...
         Starting Remount Root and Kernel File Systems...
         Mounting POSIX Message Queue File System...
[[0;1;31mFAILED[0m] Failed to start Load Kernel Modules.
See 'systemctl status systemd-modules-load.service' for details.
[[0;32m  OK  [0m] Mounted Kernel Debug File System.
[[0;32m  OK  [0m] Mounted Huge Pages File System.
[[0;32m  OK  [0m] Started Monitoring of LVM2 mirrors,â€¦sing dmeventd or progress polling.
[[0;32m  OK  [0m] Mounted POSIX Message Queue File System.
         Starting Apply Kernel Variables...
         Mounting FUSE Control File System...
         Mounting Kernel Configuration File System...
[[0;32m  OK  [0m] Started Apply Kernel Variables.
[[0;32m  OK  [0m] Started Journal Service.
[[0;32m  OK  [0m] Mounted FUSE Control File System.
[[0;32m  OK  [0m] Mounted Kernel Configuration File System.
[    7.012441] EXT4-fs (sda): re-mounted. Quota mode: none.
[[0;32m  OK  [0m] Started Setup Virtual Console.
[[0;32m  OK  [0m] Started Remount Root and Kernel File Systems.
         Starting Load/Save Random Seed...
         Starting Create Static Device Nodes in /dev...
         Starting Flush Journal to Persistent Storage...
[[0;32m  OK  [0m] Started Load/Save Random Seed.
[[0;32m  OK  [0m] Started Flush Journal to Persistent Storage.
[[0;32m  OK  [0m] Started Create Static Device Nodes in /dev.
         Starting udev Kernel Device Manager...
[[0;32m  OK  [0m] Started udev Coldplug all Devices.
         Starting udev Wait for Complete Device Initialization...
[[0;32m  OK  [0m] Started udev Kernel Device Manager.
         Starting Show Plymouth Boot Screen...
[[0;32m  OK  [0m] Started Show Plymouth Boot Screen.
[[0;32m  OK  [0m] Reached target Local Encrypted Volumes.
[[0;32m  OK  [0m] Reached target Paths.
[[0;32m  OK  [0m] Started Forward Password Requests to Plymouth Directory Watch.
[[0;32m  OK  [0m] Found device /dev/ttyS0.
[[0;32m  OK  [0m] Started udev Wait for Complete Device Initialization.
[[0;32m  OK  [0m] Listening on Load/Save RF Kill Switch Status /dev/rfkill Watch.
[[0;32m  OK  [0m] Reached target Local File Systems (Pre).
[[0;32m  OK  [0m] Reached target Local File Systems.
         Starting Tell Plymouth To Write Out Runtime Data...
         Starting Restore /run/initramfs on shutdown...
         Starting Create Volatile Files and Directories...
[[0;32m  OK  [0m] Started Tell Plymouth To Write Out Runtime Data.
[[0;32m  OK  [0m] Started Restore /run/initramfs on shutdown.
[[0;32m  OK  [0m] Started Create Volatile Files and Directories.
         Mounting RPC Pipe File System...
         Starting RPC Bind...
         Starting Security Auditing Service...
[[0;32m  OK  [0m] Mounted RPC Pipe File System.
[[0;32m  OK  [0m] Reached target rpc_pipefs.target.
[[0;32m  OK  [0m] Started RPC Bind.
[[0;32m  OK  [0m] Started Security Auditing Service.
         Starting Update UTMP about System Boot/Shutdown...
[[0;32m  OK  [0m] Started Update UTMP about System Boot/Shutdown.
[[0;32m  OK  [0m] Reached target System Initialization.
[[0;32m  OK  [0m] Started daily update of the root trust anchor for DNSSEC.
[[0;32m  OK  [0m] Started dnf makecache --timer.
[[0;32m  OK  [0m] Started Daily Cleanup of Temporary Directories.
[[0;32m  OK  [0m] Reached target Timers.
[[0;32m  OK  [0m] Listening on SSSD Kerberos Cache Manager responder socket.
[[0;32m  OK  [0m] Listening on D-Bus System Message Bus Socket.
[[0;32m  OK  [0m] Reached target Sockets.
[[0;32m  OK  [0m] Reached target Basic System.
         Starting Authorization Manager...
         Starting NTP client/server...
         Starting Login Service...
         Starting Self Monitoring and Reporting Technology (SMART) Daemon...
[[0;32m  OK  [0m] Started irqbalance daemon.
[[0;32m  OK  [0m] Reached target sshd-keygen.target.
[[0;32m  OK  [0m] Started D-Bus System Message Bus.
[[0;32m  OK  [0m] Started Machine Check Exception Logging Daemon.
         Starting Auto-connect to subsystemsâ€¦-NVME devices found during boot...
         Starting Network Manager...
[[0;32m  OK  [0m] Started Auto-connect to subsystems â€¦FC-NVME devices found during boot.
         Starting update of the root trust aâ€¦or DNSSEC validation in unbound...
[[0;32m  OK  [0m] Started Login Service.
[[0;32m  OK  [0m] Started Self Monitoring and Reporting Technology (SMART) Daemon.
[[0;32m  OK  [0m] Started NTP client/server.
[[0;32m  OK  [0m] Started Network Manager.
[[0;32m  OK  [0m] Reached target Network.
         Starting GSSAPI Proxy Daemon...
         Starting Dynamic System Tuning Daemon...
         Starting OpenSSH server daemon...
         Starting Network Manager Wait Online...
[[0;32m  OK  [0m] Started update of the root trust anâ€¦ for DNSSEC validation in unbound.
[[0;32m  OK  [0m] Started OpenSSH server daemon.
[[0;32m  OK  [0m] Started GSSAPI Proxy Daemon.
[[0;32m  OK  [0m] Started Authorization Manager.
[[0;32m  OK  [0m] Reached target NFS client services.
[[0;32m  OK  [0m] Reached target Remote File Systems (Pre).
[[0;32m  OK  [0m] Reached target Remote File Systems.
         Starting Permit User Sessions...
         Starting Hostname Service...
[[0;32m  OK  [0m] Started Permit User Sessions.
         Starting Terminate Plymouth Boot Screen...
[[0;32m  OK  [0m] Started Command Scheduler.
         Starting Hold until boot process finishes up...
[[0;32m  OK  [0m] Started Terminate Plymouth Boot Screen.
[[0;32m  OK  [0m] Started Hold until boot process finishes up.
[    8.852273] e1000: eth0 NIC Link is Up 1000 Mbps Full Duplex, Flow Control: RX
[    8.853125] IPv6: ADDRCONF(NETDEV_CHANGE): eth0: link becomes ready
[    9.011796] Spectre V2 : WARNING: Unprivileged eBPF is enabled with eIBRS on, data leaks possible via Spectre v2 BHB attacks!
[    9.012514] Spectre V2 : WARNING: Unprivileged eBPF is enabled with eIBRS on, data leaks possible via Spectre v2 BHB attacks!

CentOS Stream 8
Kernel 5.19.0-rc5-67d7d8ad99be+ on an x86_64

test login: [   28.307215] warning: checkpointing journal with EXT4_IOC_CHECKPOINT_FLAG_ZEROOUT can be slow
[   28.589087] warning: checkpointing journal with EXT4_IOC_CHECKPOINT_FLAG_ZEROOUT can be slow
[   28.810896] warning: checkpointing journal with EXT4_IOC_CHECKPOINT_FLAG_ZEROOUT can be slow
[   29.031284] warning: checkpointing journal with EXT4_IOC_CHECKPOINT_FLAG_ZEROOUT can be slow
[   29.249943] warning: checkpointing journal with EXT4_IOC_CHECKPOINT_FLAG_ZEROOUT can be slow
[   29.469376] warning: checkpointing journal with EXT4_IOC_CHECKPOINT_FLAG_ZEROOUT can be slow
[   29.687855] warning: checkpointing journal with EXT4_IOC_CHECKPOINT_FLAG_ZEROOUT can be slow
[   29.905320] warning: checkpointing journal with EXT4_IOC_CHECKPOINT_FLAG_ZEROOUT can be slow
[   30.123967] warning: checkpointing journal with EXT4_IOC_CHECKPOINT_FLAG_ZEROOUT can be slow
[   30.342059] warning: checkpointing journal with EXT4_IOC_CHECKPOINT_FLAG_ZEROOUT can be slow
[   33.366720] ext4_ioctl_checkpoint: 13 callbacks suppressed
[   33.366732] warning: checkpointing journal with EXT4_IOC_CHECKPOINT_FLAG_ZEROOUT can be slow
[   33.585379] warning: checkpointing journal with EXT4_IOC_CHECKPOINT_FLAG_ZEROOUT can be slow
[   33.803352] warning: checkpointing journal with EXT4_IOC_CHECKPOINT_FLAG_ZEROOUT can be slow
[   34.022155] warning: checkpointing journal with EXT4_IOC_CHECKPOINT_FLAG_ZEROOUT can be slow
[   34.241539] warning: checkpointing journal with EXT4_IOC_CHECKPOINT_FLAG_ZEROOUT can be slow
[   34.459954] warning: checkpointing journal with EXT4_IOC_CHECKPOINT_FLAG_ZEROOUT can be slow
[   34.677797] warning: checkpointing journal with EXT4_IOC_CHECKPOINT_FLAG_ZEROOUT can be slow
[   34.896294] warning: checkpointing journal with EXT4_IOC_CHECKPOINT_FLAG_ZEROOUT can be slow
[   35.114331] warning: checkpointing journal with EXT4_IOC_CHECKPOINT_FLAG_ZEROOUT can be slow
[   35.332128] warning: checkpointing journal with EXT4_IOC_CHECKPOINT_FLAG_ZEROOUT can be slow
[   38.379265] ext4_ioctl_checkpoint: 13 callbacks suppressed
[   38.379278] warning: checkpointing journal with EXT4_IOC_CHECKPOINT_FLAG_ZEROOUT can be slow
[   38.597077] warning: checkpointing journal with EXT4_IOC_CHECKPOINT_FLAG_ZEROOUT can be slow
[   38.814618] warning: checkpointing journal with EXT4_IOC_CHECKPOINT_FLAG_ZEROOUT can be slow
[   39.034388] warning: checkpointing journal with EXT4_IOC_CHECKPOINT_FLAG_ZEROOUT can be slow
[   39.253559] warning: checkpointing journal with EXT4_IOC_CHECKPOINT_FLAG_ZEROOUT can be slow
[   39.473140] warning: checkpointing journal with EXT4_IOC_CHECKPOINT_FLAG_ZEROOUT can be slow
[   39.693000] warning: checkpointing journal with EXT4_IOC_CHECKPOINT_FLAG_ZEROOUT can be slow
[   39.911760] warning: checkpointing journal with EXT4_IOC_CHECKPOINT_FLAG_ZEROOUT can be slow
[   40.130032] warning: checkpointing journal with EXT4_IOC_CHECKPOINT_FLAG_ZEROOUT can be slow
[   40.347980] warning: checkpointing journal with EXT4_IOC_CHECKPOINT_FLAG_ZEROOUT can be slow
[   43.411937] ext4_ioctl_checkpoint: 13 callbacks suppressed
[   43.411948] warning: checkpointing journal with EXT4_IOC_CHECKPOINT_FLAG_ZEROOUT can be slow
[   43.632750] warning: checkpointing journal with EXT4_IOC_CHECKPOINT_FLAG_ZEROOUT can be slow
[   43.852341] warning: checkpointing journal with EXT4_IOC_CHECKPOINT_FLAG_ZEROOUT can be slow
[   44.072465] warning: checkpointing journal with EXT4_IOC_CHECKPOINT_FLAG_ZEROOUT can be slow
[   44.293100] warning: checkpointing journal with EXT4_IOC_CHECKPOINT_FLAG_ZEROOUT can be slow
[   44.514323] warning: checkpointing journal with EXT4_IOC_CHECKPOINT_FLAG_ZEROOUT can be slow
[   44.735014] warning: checkpointing journal with EXT4_IOC_CHECKPOINT_FLAG_ZEROOUT can be slow
[   44.956579] warning: checkpointing journal with EXT4_IOC_CHECKPOINT_FLAG_ZEROOUT can be slow
[   45.177328] warning: checkpointing journal with EXT4_IOC_CHECKPOINT_FLAG_ZEROOUT can be slow
[   45.397416] warning: checkpointing journal with EXT4_IOC_CHECKPOINT_FLAG_ZEROOUT can be slow
[   48.480973] ext4_ioctl_checkpoint: 13 callbacks suppressed
[   48.480985] warning: checkpointing journal with EXT4_IOC_CHECKPOINT_FLAG_ZEROOUT can be slow
[   48.701326] warning: checkpointing journal with EXT4_IOC_CHECKPOINT_FLAG_ZEROOUT can be slow
[   48.921254] warning: checkpointing journal with EXT4_IOC_CHECKPOINT_FLAG_ZEROOUT can be slow
[   49.141736] warning: checkpointing journal with EXT4_IOC_CHECKPOINT_FLAG_ZEROOUT can be slow
[   49.362180] warning: checkpointing journal with EXT4_IOC_CHECKPOINT_FLAG_ZEROOUT can be slow
[   49.582762] warning: checkpointing journal with EXT4_IOC_CHECKPOINT_FLAG_ZEROOUT can be slow
[   49.801900] warning: checkpointing journal with EXT4_IOC_CHECKPOINT_FLAG_ZEROOUT can be slow
[   50.023211] warning: checkpointing journal with EXT4_IOC_CHECKPOINT_FLAG_ZEROOUT can be slow
[   50.244585] warning: checkpointing journal with EXT4_IOC_CHECKPOINT_FLAG_ZEROOUT can be slow
[   50.465289] warning: checkpointing journal with EXT4_IOC_CHECKPOINT_FLAG_ZEROOUT can be slow
[   53.545947] ext4_ioctl_checkpoint: 13 callbacks suppressed
[   53.545959] warning: checkpointing journal with EXT4_IOC_CHECKPOINT_FLAG_ZEROOUT can be slow
[   53.767536] warning: checkpointing journal with EXT4_IOC_CHECKPOINT_FLAG_ZEROOUT can be slow
[   53.987748] warning: checkpointing journal with EXT4_IOC_CHECKPOINT_FLAG_ZEROOUT can be slow
[   54.209500] warning: checkpointing journal with EXT4_IOC_CHECKPOINT_FLAG_ZEROOUT can be slow
[   54.431779] warning: checkpointing journal with EXT4_IOC_CHECKPOINT_FLAG_ZEROOUT can be slow
[   54.652862] warning: checkpointing journal with EXT4_IOC_CHECKPOINT_FLAG_ZEROOUT can be slow
[   54.874255] warning: checkpointing journal with EXT4_IOC_CHECKPOINT_FLAG_ZEROOUT can be slow
[   55.096279] warning: checkpointing journal with EXT4_IOC_CHECKPOINT_FLAG_ZEROOUT can be slow
[   55.317438] warning: checkpointing journal with EXT4_IOC_CHECKPOINT_FLAG_ZEROOUT can be slow
[   55.538206] warning: checkpointing journal with EXT4_IOC_CHECKPOINT_FLAG_ZEROOUT can be slow
[   58.621743] ext4_ioctl_checkpoint: 13 callbacks suppressed
[   58.621755] warning: checkpointing journal with EXT4_IOC_CHECKPOINT_FLAG_ZEROOUT can be slow
[   58.842875] warning: checkpointing journal with EXT4_IOC_CHECKPOINT_FLAG_ZEROOUT can be slow
[   59.063473] warning: checkpointing journal with EXT4_IOC_CHECKPOINT_FLAG_ZEROOUT can be slow
[   59.286132] warning: checkpointing journal with EXT4_IOC_CHECKPOINT_FLAG_ZEROOUT can be slow
[   59.507411] warning: checkpointing journal with EXT4_IOC_CHECKPOINT_FLAG_ZEROOUT can be slow
[   59.728050] warning: checkpointing journal with EXT4_IOC_CHECKPOINT_FLAG_ZEROOUT can be slow
[   59.948407] warning: checkpointing journal with EXT4_IOC_CHECKPOINT_FLAG_ZEROOUT can be slow
[   60.170220] warning: checkpointing journal with EXT4_IOC_CHECKPOINT_FLAG_ZEROOUT can be slow
[   60.391255] warning: checkpointing journal with EXT4_IOC_CHECKPOINT_FLAG_ZEROOUT can be slow
[   60.611677] warning: checkpointing journal with EXT4_IOC_CHECKPOINT_FLAG_ZEROOUT can be slow
[   63.654248] ext4_ioctl_checkpoint: 13 callbacks suppressed
[   63.654260] warning: checkpointing journal with EXT4_IOC_CHECKPOINT_FLAG_ZEROOUT can be slow
[   63.873431] warning: checkpointing journal with EXT4_IOC_CHECKPOINT_FLAG_ZEROOUT can be slow
[   64.092041] warning: checkpointing journal with EXT4_IOC_CHECKPOINT_FLAG_ZEROOUT can be slow
[   64.309237] warning: checkpointing journal with EXT4_IOC_CHECKPOINT_FLAG_ZEROOUT can be slow
[   64.527957] warning: checkpointing journal with EXT4_IOC_CHECKPOINT_FLAG_ZEROOUT can be slow
[   64.746065] warning: checkpointing journal with EXT4_IOC_CHECKPOINT_FLAG_ZEROOUT can be slow
[   64.963929] warning: checkpointing journal with EXT4_IOC_CHECKPOINT_FLAG_ZEROOUT can be slow
[   65.181336] warning: checkpointing journal with EXT4_IOC_CHECKPOINT_FLAG_ZEROOUT can be slow
[   65.400106] warning: checkpointing journal with EXT4_IOC_CHECKPOINT_FLAG_ZEROOUT can be slow
[   65.618117] warning: checkpointing journal with EXT4_IOC_CHECKPOINT_FLAG_ZEROOUT can be slow
[   68.663150] ext4_ioctl_checkpoint: 13 callbacks suppressed
[   68.663162] warning: checkpointing journal with EXT4_IOC_CHECKPOINT_FLAG_ZEROOUT can be slow
[   68.881587] warning: checkpointing journal with EXT4_IOC_CHECKPOINT_FLAG_ZEROOUT can be slow
[   69.099489] warning: checkpointing journal with EXT4_IOC_CHECKPOINT_FLAG_ZEROOUT can be slow
[   69.317056] warning: checkpointing journal with EXT4_IOC_CHECKPOINT_FLAG_ZEROOUT can be slow
[   69.536547] warning: checkpointing journal with EXT4_IOC_CHECKPOINT_FLAG_ZEROOUT can be slow
[   69.755441] warning: checkpointing journal with EXT4_IOC_CHECKPOINT_FLAG_ZEROOUT can be slow
[   69.973929] warning: checkpointing journal with EXT4_IOC_CHECKPOINT_FLAG_ZEROOUT can be slow
[   70.191754] warning: checkpointing journal with EXT4_IOC_CHECKPOINT_FLAG_ZEROOUT can be slow
[   70.410695] warning: checkpointing journal with EXT4_IOC_CHECKPOINT_FLAG_ZEROOUT can be slow
[   70.628712] warning: checkpointing journal with EXT4_IOC_CHECKPOINT_FLAG_ZEROOUT can be slow
[   73.681798] ext4_ioctl_checkpoint: 13 callbacks suppressed
[   73.681810] warning: checkpointing journal with EXT4_IOC_CHECKPOINT_FLAG_ZEROOUT can be slow
[   73.901200] warning: checkpointing journal with EXT4_IOC_CHECKPOINT_FLAG_ZEROOUT can be slow
[   74.120449] warning: checkpointing journal with EXT4_IOC_CHECKPOINT_FLAG_ZEROOUT can be slow
[   74.338863] warning: checkpointing journal with EXT4_IOC_CHECKPOINT_FLAG_ZEROOUT can be slow
[   74.557458] warning: checkpointing journal with EXT4_IOC_CHECKPOINT_FLAG_ZEROOUT can be slow
[   74.776493] warning: checkpointing journal with EXT4_IOC_CHECKPOINT_FLAG_ZEROOUT can be slow
[   74.994275] warning: checkpointing journal with EXT4_IOC_CHECKPOINT_FLAG_ZEROOUT can be slow
[   75.211510] warning: checkpointing journal with EXT4_IOC_CHECKPOINT_FLAG_ZEROOUT can be slow
[   75.430324] warning: checkpointing journal with EXT4_IOC_CHECKPOINT_FLAG_ZEROOUT can be slow
[   75.649134] warning: checkpointing journal with EXT4_IOC_CHECKPOINT_FLAG_ZEROOUT can be slow
[   78.695148] ext4_ioctl_checkpoint: 13 callbacks suppressed
[   78.695161] warning: checkpointing journal with EXT4_IOC_CHECKPOINT_FLAG_ZEROOUT can be slow
[   78.914207] warning: checkpointing journal with EXT4_IOC_CHECKPOINT_FLAG_ZEROOUT can be slow
[   79.131614] warning: checkpointing journal with EXT4_IOC_CHECKPOINT_FLAG_ZEROOUT can be slow
[   79.349590] warning: checkpointing journal with EXT4_IOC_CHECKPOINT_FLAG_ZEROOUT can be slow
[   79.566485] warning: checkpointing journal with EXT4_IOC_CHECKPOINT_FLAG_ZEROOUT can be slow
[   79.784916] warning: checkpointing journal with EXT4_IOC_CHECKPOINT_FLAG_ZEROOUT can be slow
[   80.001893] warning: checkpointing journal with EXT4_IOC_CHECKPOINT_FLAG_ZEROOUT can be slow
[   80.219272] warning: checkpointing journal with EXT4_IOC_CHECKPOINT_FLAG_ZEROOUT can be slow
[   80.437911] warning: checkpointing journal with EXT4_IOC_CHECKPOINT_FLAG_ZEROOUT can be slow
[   80.656992] warning: checkpointing journal with EXT4_IOC_CHECKPOINT_FLAG_ZEROOUT can be slow
[   83.704245] ext4_ioctl_checkpoint: 13 callbacks suppressed
[   83.704259] warning: checkpointing journal with EXT4_IOC_CHECKPOINT_FLAG_ZEROOUT can be slow
[   83.923509] warning: checkpointing journal with EXT4_IOC_CHECKPOINT_FLAG_ZEROOUT can be slow
[   84.141938] warning: checkpointing journal with EXT4_IOC_CHECKPOINT_FLAG_ZEROOUT can be slow
[   84.359998] warning: checkpointing journal with EXT4_IOC_CHECKPOINT_FLAG_ZEROOUT can be slow
[   84.577310] warning: checkpointing journal with EXT4_IOC_CHECKPOINT_FLAG_ZEROOUT can be slow
[   84.795610] warning: checkpointing journal with EXT4_IOC_CHECKPOINT_FLAG_ZEROOUT can be slow
[   85.013099] warning: checkpointing journal with EXT4_IOC_CHECKPOINT_FLAG_ZEROOUT can be slow
[   85.231972] warning: checkpointing journal with EXT4_IOC_CHECKPOINT_FLAG_ZEROOUT can be slow
[   85.450345] warning: checkpointing journal with EXT4_IOC_CHECKPOINT_FLAG_ZEROOUT can be slow
[   85.669383] warning: checkpointing journal with EXT4_IOC_CHECKPOINT_FLAG_ZEROOUT can be slow
[   88.710516] ext4_ioctl_checkpoint: 13 callbacks suppressed
[   88.710528] warning: checkpointing journal with EXT4_IOC_CHECKPOINT_FLAG_ZEROOUT can be slow
[   88.929252] warning: checkpointing journal with EXT4_IOC_CHECKPOINT_FLAG_ZEROOUT can be slow
[   89.147944] warning: checkpointing journal with EXT4_IOC_CHECKPOINT_FLAG_ZEROOUT can be slow
[   89.366004] warning: checkpointing journal with EXT4_IOC_CHECKPOINT_FLAG_ZEROOUT can be slow
[   89.582505] warning: checkpointing journal with EXT4_IOC_CHECKPOINT_FLAG_ZEROOUT can be slow
[   89.801167] warning: checkpointing journal with EXT4_IOC_CHECKPOINT_FLAG_ZEROOUT can be slow
[   90.019474] warning: checkpointing journal with EXT4_IOC_CHECKPOINT_FLAG_ZEROOUT can be slow
[   90.237991] warning: checkpointing journal with EXT4_IOC_CHECKPOINT_FLAG_ZEROOUT can be slow
[   90.456836] warning: checkpointing journal with EXT4_IOC_CHECKPOINT_FLAG_ZEROOUT can be slow
[   90.675447] warning: checkpointing journal with EXT4_IOC_CHECKPOINT_FLAG_ZEROOUT can be slow
[   93.718782] ext4_ioctl_checkpoint: 13 callbacks suppressed
[   93.718795] warning: checkpointing journal with EXT4_IOC_CHECKPOINT_FLAG_ZEROOUT can be slow
[   93.935928] warning: checkpointing journal with EXT4_IOC_CHECKPOINT_FLAG_ZEROOUT can be slow
[   94.154949] warning: checkpointing journal with EXT4_IOC_CHECKPOINT_FLAG_ZEROOUT can be slow
[   94.372808] warning: checkpointing journal with EXT4_IOC_CHECKPOINT_FLAG_ZEROOUT can be slow
[   94.591065] warning: checkpointing journal with EXT4_IOC_CHECKPOINT_FLAG_ZEROOUT can be slow
[   94.809863] warning: checkpointing journal with EXT4_IOC_CHECKPOINT_FLAG_ZEROOUT can be slow
[   95.027398] warning: checkpointing journal with EXT4_IOC_CHECKPOINT_FLAG_ZEROOUT can be slow
[   95.244805] warning: checkpointing journal with EXT4_IOC_CHECKPOINT_FLAG_ZEROOUT can be slow
[   95.462714] warning: checkpointing journal with EXT4_IOC_CHECKPOINT_FLAG_ZEROOUT can be slow
[   95.681443] warning: checkpointing journal with EXT4_IOC_CHECKPOINT_FLAG_ZEROOUT can be slow
[   98.723677] ext4_ioctl_checkpoint: 13 callbacks suppressed
[   98.723690] warning: checkpointing journal with EXT4_IOC_CHECKPOINT_FLAG_ZEROOUT can be slow
[   98.941426] warning: checkpointing journal with EXT4_IOC_CHECKPOINT_FLAG_ZEROOUT can be slow
[   99.159913] warning: checkpointing journal with EXT4_IOC_CHECKPOINT_FLAG_ZEROOUT can be slow
[   99.379007] warning: checkpointing journal with EXT4_IOC_CHECKPOINT_FLAG_ZEROOUT can be slow
[   99.596707] warning: checkpointing journal with EXT4_IOC_CHECKPOINT_FLAG_ZEROOUT can be slow
[   99.814683] warning: checkpointing journal with EXT4_IOC_CHECKPOINT_FLAG_ZEROOUT can be slow
[  100.032625] warning: checkpointing journal with EXT4_IOC_CHECKPOINT_FLAG_ZEROOUT can be slow
[  100.251135] warning: checkpointing journal with EXT4_IOC_CHECKPOINT_FLAG_ZEROOUT can be slow
[  100.469114] warning: checkpointing journal with EXT4_IOC_CHECKPOINT_FLAG_ZEROOUT can be slow
[  100.686728] warning: checkpointing journal with EXT4_IOC_CHECKPOINT_FLAG_ZEROOUT can be slow
[  103.735996] ext4_ioctl_checkpoint: 13 callbacks suppressed
[  103.736007] warning: checkpointing journal with EXT4_IOC_CHECKPOINT_FLAG_ZEROOUT can be slow
[  103.953784] warning: checkpointing journal with EXT4_IOC_CHECKPOINT_FLAG_ZEROOUT can be slow
[  104.172254] warning: checkpointing journal with EXT4_IOC_CHECKPOINT_FLAG_ZEROOUT can be slow
[  104.390945] warning: checkpointing journal with EXT4_IOC_CHECKPOINT_FLAG_ZEROOUT can be slow
[  104.608552] warning: checkpointing journal with EXT4_IOC_CHECKPOINT_FLAG_ZEROOUT can be slow
[  104.826503] warning: checkpointing journal with EXT4_IOC_CHECKPOINT_FLAG_ZEROOUT can be slow
[  105.046770] warning: checkpointing journal with EXT4_IOC_CHECKPOINT_FLAG_ZEROOUT can be slow
[  105.266019] warning: checkpointing journal with EXT4_IOC_CHECKPOINT_FLAG_ZEROOUT can be slow
[  105.485130] warning: checkpointing journal with EXT4_IOC_CHECKPOINT_FLAG_ZEROOUT can be slow
[  105.703830] warning: checkpointing journal with EXT4_IOC_CHECKPOINT_FLAG_ZEROOUT can be slow
[  108.746781] ext4_ioctl_checkpoint: 13 callbacks suppressed
[  108.746793] warning: checkpointing journal with EXT4_IOC_CHECKPOINT_FLAG_ZEROOUT can be slow
[  108.964293] warning: checkpointing journal with EXT4_IOC_CHECKPOINT_FLAG_ZEROOUT can be slow
[  109.182684] warning: checkpointing journal with EXT4_IOC_CHECKPOINT_FLAG_ZEROOUT can be slow
[  109.401153] warning: checkpointing journal with EXT4_IOC_CHECKPOINT_FLAG_ZEROOUT can be slow
[  109.618764] warning: checkpointing journal with EXT4_IOC_CHECKPOINT_FLAG_ZEROOUT can be slow
[  109.836443] warning: checkpointing journal with EXT4_IOC_CHECKPOINT_FLAG_ZEROOUT can be slow
[  110.053597] warning: checkpointing journal with EXT4_IOC_CHECKPOINT_FLAG_ZEROOUT can be slow
[  110.271339] warning: checkpointing journal with EXT4_IOC_CHECKPOINT_FLAG_ZEROOUT can be slow
[  110.489133] warning: checkpointing journal with EXT4_IOC_CHECKPOINT_FLAG_ZEROOUT can be slow
[  110.707470] warning: checkpointing journal with EXT4_IOC_CHECKPOINT_FLAG_ZEROOUT can be slow
[  113.750834] ext4_ioctl_checkpoint: 13 callbacks suppressed
[  113.750846] warning: checkpointing journal with EXT4_IOC_CHECKPOINT_FLAG_ZEROOUT can be slow
[  113.968480] warning: checkpointing journal with EXT4_IOC_CHECKPOINT_FLAG_ZEROOUT can be slow
[  114.186080] warning: checkpointing journal with EXT4_IOC_CHECKPOINT_FLAG_ZEROOUT can be slow
[  114.405394] warning: checkpointing journal with EXT4_IOC_CHECKPOINT_FLAG_ZEROOUT can be slow
[  114.623298] warning: checkpointing journal with EXT4_IOC_CHECKPOINT_FLAG_ZEROOUT can be slow
[  114.841417] warning: checkpointing journal with EXT4_IOC_CHECKPOINT_FLAG_ZEROOUT can be slow
[  115.058100] warning: checkpointing journal with EXT4_IOC_CHECKPOINT_FLAG_ZEROOUT can be slow
[  115.276050] warning: checkpointing journal with EXT4_IOC_CHECKPOINT_FLAG_ZEROOUT can be slow
[  115.493061] warning: checkpointing journal with EXT4_IOC_CHECKPOINT_FLAG_ZEROOUT can be slow
[  115.710848] warning: checkpointing journal with EXT4_IOC_CHECKPOINT_FLAG_ZEROOUT can be slow
[  118.968852] ext4_ioctl_checkpoint: 14 callbacks suppressed
[  118.968865] warning: checkpointing journal with EXT4_IOC_CHECKPOINT_FLAG_ZEROOUT can be slow
[  119.186855] warning: checkpointing journal with EXT4_IOC_CHECKPOINT_FLAG_ZEROOUT can be slow
[  119.403862] warning: checkpointing journal with EXT4_IOC_CHECKPOINT_FLAG_ZEROOUT can be slow
[  119.621120] warning: checkpointing journal with EXT4_IOC_CHECKPOINT_FLAG_ZEROOUT can be slow
[  119.839648] warning: checkpointing journal with EXT4_IOC_CHECKPOINT_FLAG_ZEROOUT can be slow
[  120.057718] warning: checkpointing journal with EXT4_IOC_CHECKPOINT_FLAG_ZEROOUT can be slow
[  120.275372] warning: checkpointing journal with EXT4_IOC_CHECKPOINT_FLAG_ZEROOUT can be slow
[  120.492686] warning: checkpointing journal with EXT4_IOC_CHECKPOINT_FLAG_ZEROOUT can be slow
[  120.712020] warning: checkpointing journal with EXT4_IOC_CHECKPOINT_FLAG_ZEROOUT can be slow
[  120.931359] warning: checkpointing journal with EXT4_IOC_CHECKPOINT_FLAG_ZEROOUT can be slow
[  123.983440] ext4_ioctl_checkpoint: 13 callbacks suppressed
[  123.983453] warning: checkpointing journal with EXT4_IOC_CHECKPOINT_FLAG_ZEROOUT can be slow
[  124.202195] warning: checkpointing journal with EXT4_IOC_CHECKPOINT_FLAG_ZEROOUT can be slow
[  124.419946] warning: checkpointing journal with EXT4_IOC_CHECKPOINT_FLAG_ZEROOUT can be slow
[  124.637113] warning: checkpointing journal with EXT4_IOC_CHECKPOINT_FLAG_ZEROOUT can be slow
[  124.853998] warning: checkpointing journal with EXT4_IOC_CHECKPOINT_FLAG_ZEROOUT can be slow
[  125.072635] warning: checkpointing journal with EXT4_IOC_CHECKPOINT_FLAG_ZEROOUT can be slow
[  125.291270] warning: checkpointing journal with EXT4_IOC_CHECKPOINT_FLAG_ZEROOUT can be slow
[  125.509449] warning: checkpointing journal with EXT4_IOC_CHECKPOINT_FLAG_ZEROOUT can be slow
[  125.727391] warning: checkpointing journal with EXT4_IOC_CHECKPOINT_FLAG_ZEROOUT can be slow
[  125.946003] warning: checkpointing journal with EXT4_IOC_CHECKPOINT_FLAG_ZEROOUT can be slow
[  128.990032] ext4_ioctl_checkpoint: 13 callbacks suppressed
[  128.990044] warning: checkpointing journal with EXT4_IOC_CHECKPOINT_FLAG_ZEROOUT can be slow
[  129.207980] warning: checkpointing journal with EXT4_IOC_CHECKPOINT_FLAG_ZEROOUT can be slow
[  129.425409] warning: checkpointing journal with EXT4_IOC_CHECKPOINT_FLAG_ZEROOUT can be slow
[  129.642867] warning: checkpointing journal with EXT4_IOC_CHECKPOINT_FLAG_ZEROOUT can be slow
[  129.860358] warning: checkpointing journal with EXT4_IOC_CHECKPOINT_FLAG_ZEROOUT can be slow
[  130.078899] warning: checkpointing journal with EXT4_IOC_CHECKPOINT_FLAG_ZEROOUT can be slow
[  130.296247] warning: checkpointing journal with EXT4_IOC_CHECKPOINT_FLAG_ZEROOUT can be slow
[  130.513918] warning: checkpointing journal with EXT4_IOC_CHECKPOINT_FLAG_ZEROOUT can be slow
[  130.733021] warning: checkpointing journal with EXT4_IOC_CHECKPOINT_FLAG_ZEROOUT can be slow
[  130.954690] warning: checkpointing journal with EXT4_IOC_CHECKPOINT_FLAG_ZEROOUT can be slow
[  133.997132] ext4_ioctl_checkpoint: 13 callbacks suppressed
[  133.997145] warning: checkpointing journal with EXT4_IOC_CHECKPOINT_FLAG_ZEROOUT can be slow
[  134.215100] warning: checkpointing journal with EXT4_IOC_CHECKPOINT_FLAG_ZEROOUT can be slow
[  134.432214] warning: checkpointing journal with EXT4_IOC_CHECKPOINT_FLAG_ZEROOUT can be slow
[  134.649620] warning: checkpointing journal with EXT4_IOC_CHECKPOINT_FLAG_ZEROOUT can be slow
[  134.868236] warning: checkpointing journal with EXT4_IOC_CHECKPOINT_FLAG_ZEROOUT can be slow
[  135.086914] warning: checkpointing journal with EXT4_IOC_CHECKPOINT_FLAG_ZEROOUT can be slow
[  135.304969] warning: checkpointing journal with EXT4_IOC_CHECKPOINT_FLAG_ZEROOUT can be slow
[  135.523197] warning: checkpointing journal with EXT4_IOC_CHECKPOINT_FLAG_ZEROOUT can be slow
[  135.741509] warning: checkpointing journal with EXT4_IOC_CHECKPOINT_FLAG_ZEROOUT can be slow
[  135.959329] warning: checkpointing journal with EXT4_IOC_CHECKPOINT_FLAG_ZEROOUT can be slow
[  139.212356] ext4_ioctl_checkpoint: 14 callbacks suppressed
[  139.212367] warning: checkpointing journal with EXT4_IOC_CHECKPOINT_FLAG_ZEROOUT can be slow
[  139.430464] warning: checkpointing journal with EXT4_IOC_CHECKPOINT_FLAG_ZEROOUT can be slow
[  139.647874] warning: checkpointing journal with EXT4_IOC_CHECKPOINT_FLAG_ZEROOUT can be slow
[  139.866055] warning: checkpointing journal with EXT4_IOC_CHECKPOINT_FLAG_ZEROOUT can be slow
[  140.083862] warning: checkpointing journal with EXT4_IOC_CHECKPOINT_FLAG_ZEROOUT can be slow
[  140.301684] warning: checkpointing journal with EXT4_IOC_CHECKPOINT_FLAG_ZEROOUT can be slow
[  140.519495] warning: checkpointing journal with EXT4_IOC_CHECKPOINT_FLAG_ZEROOUT can be slow
[  140.737228] warning: checkpointing journal with EXT4_IOC_CHECKPOINT_FLAG_ZEROOUT can be slow
[  140.956863] warning: checkpointing journal with EXT4_IOC_CHECKPOINT_FLAG_ZEROOUT can be slow
[  141.176244] warning: checkpointing journal with EXT4_IOC_CHECKPOINT_FLAG_ZEROOUT can be slow
[  144.218631] ext4_ioctl_checkpoint: 13 callbacks suppressed
[  144.218644] warning: checkpointing journal with EXT4_IOC_CHECKPOINT_FLAG_ZEROOUT can be slow
[  144.436648] warning: checkpointing journal with EXT4_IOC_CHECKPOINT_FLAG_ZEROOUT can be slow
[  144.654411] warning: checkpointing journal with EXT4_IOC_CHECKPOINT_FLAG_ZEROOUT can be slow
[  144.871296] warning: checkpointing journal with EXT4_IOC_CHECKPOINT_FLAG_ZEROOUT can be slow
[  145.088641] warning: checkpointing journal with EXT4_IOC_CHECKPOINT_FLAG_ZEROOUT can be slow
[  145.309273] warning: checkpointing journal with EXT4_IOC_CHECKPOINT_FLAG_ZEROOUT can be slow
[  145.527827] warning: checkpointing journal with EXT4_IOC_CHECKPOINT_FLAG_ZEROOUT can be slow
[  145.745985] warning: checkpointing journal with EXT4_IOC_CHECKPOINT_FLAG_ZEROOUT can be slow
[  145.964237] warning: checkpointing journal with EXT4_IOC_CHECKPOINT_FLAG_ZEROOUT can be slow
[  146.181737] warning: checkpointing journal with EXT4_IOC_CHECKPOINT_FLAG_ZEROOUT can be slow
[  149.222767] ext4_ioctl_checkpoint: 13 callbacks suppressed
[  149.222779] warning: checkpointing journal with EXT4_IOC_CHECKPOINT_FLAG_ZEROOUT can be slow
[  149.441003] warning: checkpointing journal with EXT4_IOC_CHECKPOINT_FLAG_ZEROOUT can be slow
[  149.658927] warning: checkpointing journal with EXT4_IOC_CHECKPOINT_FLAG_ZEROOUT can be slow
[  149.876523] warning: checkpointing journal with EXT4_IOC_CHECKPOINT_FLAG_ZEROOUT can be slow
[  150.094285] warning: checkpointing journal with EXT4_IOC_CHECKPOINT_FLAG_ZEROOUT can be slow
[  150.312587] warning: checkpointing journal with EXT4_IOC_CHECKPOINT_FLAG_ZEROOUT can be slow
[  150.529622] warning: checkpointing journal with EXT4_IOC_CHECKPOINT_FLAG_ZEROOUT can be slow
[  150.746448] warning: checkpointing journal with EXT4_IOC_CHECKPOINT_FLAG_ZEROOUT can be slow
[  150.964586] warning: checkpointing journal with EXT4_IOC_CHECKPOINT_FLAG_ZEROOUT can be slow
[  151.183713] warning: checkpointing journal with EXT4_IOC_CHECKPOINT_FLAG_ZEROOUT can be slow
[  154.227872] ext4_ioctl_checkpoint: 13 callbacks suppressed
[  154.227884] warning: checkpointing journal with EXT4_IOC_CHECKPOINT_FLAG_ZEROOUT can be slow
[  154.445799] warning: checkpointing journal with EXT4_IOC_CHECKPOINT_FLAG_ZEROOUT can be slow
[  154.664236] warning: checkpointing journal with EXT4_IOC_CHECKPOINT_FLAG_ZEROOUT can be slow
[  154.882395] warning: checkpointing journal with EXT4_IOC_CHECKPOINT_FLAG_ZEROOUT can be slow
[  155.099142] warning: checkpointing journal with EXT4_IOC_CHECKPOINT_FLAG_ZEROOUT can be slow
[  155.316567] warning: checkpointing journal with EXT4_IOC_CHECKPOINT_FLAG_ZEROOUT can be slow
[  155.534399] warning: checkpointing journal with EXT4_IOC_CHECKPOINT_FLAG_ZEROOUT can be slow
[  155.751527] warning: checkpointing journal with EXT4_IOC_CHECKPOINT_FLAG_ZEROOUT can be slow
[  155.969249] warning: checkpointing journal with EXT4_IOC_CHECKPOINT_FLAG_ZEROOUT can be slow
[  156.187388] warning: checkpointing journal with EXT4_IOC_CHECKPOINT_FLAG_ZEROOUT can be slow
[  159.445036] ext4_ioctl_checkpoint: 14 callbacks suppressed
[  159.445048] warning: checkpointing journal with EXT4_IOC_CHECKPOINT_FLAG_ZEROOUT can be slow
[  159.663007] warning: checkpointing journal with EXT4_IOC_CHECKPOINT_FLAG_ZEROOUT can be slow
[  159.881949] warning: checkpointing journal with EXT4_IOC_CHECKPOINT_FLAG_ZEROOUT can be slow
[  160.101033] warning: checkpointing journal with EXT4_IOC_CHECKPOINT_FLAG_ZEROOUT can be slow
[  160.318044] warning: checkpointing journal with EXT4_IOC_CHECKPOINT_FLAG_ZEROOUT can be slow
[  160.535051] warning: checkpointing journal with EXT4_IOC_CHECKPOINT_FLAG_ZEROOUT can be slow
[  160.751735] warning: checkpointing journal with EXT4_IOC_CHECKPOINT_FLAG_ZEROOUT can be slow
[  160.969392] warning: checkpointing journal with EXT4_IOC_CHECKPOINT_FLAG_ZEROOUT can be slow
[  161.188311] warning: checkpointing journal with EXT4_IOC_CHECKPOINT_FLAG_ZEROOUT can be slow
[  161.408327] warning: checkpointing journal with EXT4_IOC_CHECKPOINT_FLAG_ZEROOUT can be slow
[  164.457618] ext4_ioctl_checkpoint: 13 callbacks suppressed
[  164.457629] warning: checkpointing journal with EXT4_IOC_CHECKPOINT_FLAG_ZEROOUT can be slow
[  164.675775] warning: checkpointing journal with EXT4_IOC_CHECKPOINT_FLAG_ZEROOUT can be slow
[  164.893104] warning: checkpointing journal with EXT4_IOC_CHECKPOINT_FLAG_ZEROOUT can be slow
[  165.110920] warning: checkpointing journal with EXT4_IOC_CHECKPOINT_FLAG_ZEROOUT can be slow
[  165.328126] warning: checkpointing journal with EXT4_IOC_CHECKPOINT_FLAG_ZEROOUT can be slow
[  165.545598] warning: checkpointing journal with EXT4_IOC_CHECKPOINT_FLAG_ZEROOUT can be slow
[  165.763109] warning: checkpointing journal with EXT4_IOC_CHECKPOINT_FLAG_ZEROOUT can be slow
[  165.982005] warning: checkpointing journal with EXT4_IOC_CHECKPOINT_FLAG_ZEROOUT can be slow
[  166.200199] warning: checkpointing journal with EXT4_IOC_CHECKPOINT_FLAG_ZEROOUT can be slow
[  166.417685] warning: checkpointing journal with EXT4_IOC_CHECKPOINT_FLAG_ZEROOUT can be slow
[  169.673786] ext4_ioctl_checkpoint: 14 callbacks suppressed
[  169.673798] warning: checkpointing journal with EXT4_IOC_CHECKPOINT_FLAG_ZEROOUT can be slow
[  169.890860] warning: checkpointing journal with EXT4_IOC_CHECKPOINT_FLAG_ZEROOUT can be slow
[  170.108559] warning: checkpointing journal with EXT4_IOC_CHECKPOINT_FLAG_ZEROOUT can be slow
[  170.326493] warning: checkpointing journal with EXT4_IOC_CHECKPOINT_FLAG_ZEROOUT can be slow
[  170.543397] warning: checkpointing journal with EXT4_IOC_CHECKPOINT_FLAG_ZEROOUT can be slow
[  170.759914] warning: checkpointing journal with EXT4_IOC_CHECKPOINT_FLAG_ZEROOUT can be slow
[  170.978475] warning: checkpointing journal with EXT4_IOC_CHECKPOINT_FLAG_ZEROOUT can be slow
[  171.198118] warning: checkpointing journal with EXT4_IOC_CHECKPOINT_FLAG_ZEROOUT can be slow
[  171.416762] warning: checkpointing journal with EXT4_IOC_CHECKPOINT_FLAG_ZEROOUT can be slow
[  171.635445] warning: checkpointing journal with EXT4_IOC_CHECKPOINT_FLAG_ZEROOUT can be slow
[  174.683980] ext4_ioctl_checkpoint: 13 callbacks suppressed
[  174.683993] warning: checkpointing journal with EXT4_IOC_CHECKPOINT_FLAG_ZEROOUT can be slow
[  174.903666] warning: checkpointing journal with EXT4_IOC_CHECKPOINT_FLAG_ZEROOUT can be slow
[  175.122158] warning: checkpointing journal with EXT4_IOC_CHECKPOINT_FLAG_ZEROOUT can be slow
[  175.340959] warning: checkpointing journal with EXT4_IOC_CHECKPOINT_FLAG_ZEROOUT can be slow
[  175.558461] warning: checkpointing journal with EXT4_IOC_CHECKPOINT_FLAG_ZEROOUT can be slow
