c[?7l[2J[0mSeaBIOS (version rel-1.16.0-0-gd239552ce722-prebuilt.qemu.org)


iPXE (http://ipxe.org) 00:03.0 CA00 PCI2.10 PnP PMM+7FF91000+7FEF1000 CA00
Press Ctrl-B to configure iPXE (PCI 00:03.0)...                                                                               


Booting from ROM..c[?7l[2J[    0.000000] Linux version 5.19.0-e495274793ea+ (root@984fee00a1f6.jf.intel.com) (gcc (GCC) 8.5.0 20210514 (Red Hat 8.5.0-17), GNU ld version 2.36.1-3.el8) #1 SMP PREEMPT_DYNAMIC Tue Dec 13 04:15:38 PST 2022
[    0.000000] Command line: console=ttyS0 root=/dev/sda earlyprintk=serial net.ifnames=0
[    0.000000] KERNEL supported cpus:
[    0.000000]   Intel GenuineIntel
[    0.000000]   AMD AuthenticAMD
[    0.000000]   Hygon HygonGenuine
[    0.000000]   Centaur CentaurHauls
[    0.000000]   zhaoxin   Shanghai  
[    0.000000] x86/split lock detection: #DB: warning on user-space bus_locks
[    0.000000] x86/fpu: Supporting XSAVE feature 0x001: 'x87 floating point registers'
[    0.000000] x86/fpu: Supporting XSAVE feature 0x002: 'SSE registers'
[    0.000000] x86/fpu: Supporting XSAVE feature 0x004: 'AVX registers'
[    0.000000] x86/fpu: Supporting XSAVE feature 0x020: 'AVX-512 opmask'
[    0.000000] x86/fpu: Supporting XSAVE feature 0x040: 'AVX-512 Hi256'
[    0.000000] x86/fpu: Supporting XSAVE feature 0x080: 'AVX-512 ZMM_Hi256'
[    0.000000] x86/fpu: Supporting XSAVE feature 0x200: 'Protection Keys User registers'
[    0.000000] x86/fpu: Supporting XSAVE feature 0x20000: 'AMX Tile config'
[    0.000000] x86/fpu: Supporting XSAVE feature 0x40000: 'AMX Tile data'
[    0.000000] x86/fpu: xstate_offset[2]:  576, xstate_sizes[2]:  256
[    0.000000] x86/fpu: xstate_offset[5]:  832, xstate_sizes[5]:   64
[    0.000000] x86/fpu: xstate_offset[6]:  896, xstate_sizes[6]:  512
[    0.000000] x86/fpu: xstate_offset[7]: 1408, xstate_sizes[7]: 1024
[    0.000000] x86/fpu: xstate_offset[9]: 2432, xstate_sizes[9]:    8
[    0.000000] x86/fpu: xstate_offset[17]: 2496, xstate_sizes[17]:   64
[    0.000000] x86/fpu: xstate_offset[18]: 2560, xstate_sizes[18]: 8192
[    0.000000] x86/fpu: Enabled xstate features 0x602e7, context size is 10752 bytes, using 'compacted' format.
[    0.000000] signal: max sigframe size: 11952
[    0.000000] BIOS-provided physical RAM map:
[    0.000000] BIOS-e820: [mem 0x0000000000000000-0x000000000009fbff] usable
[    0.000000] BIOS-e820: [mem 0x000000000009fc00-0x000000000009ffff] reserved
[    0.000000] BIOS-e820: [mem 0x00000000000f0000-0x00000000000fffff] reserved
[    0.000000] BIOS-e820: [mem 0x0000000000100000-0x000000007ffdffff] usable
[    0.000000] BIOS-e820: [mem 0x000000007ffe0000-0x000000007fffffff] reserved
[    0.000000] BIOS-e820: [mem 0x00000000feffc000-0x00000000feffffff] reserved
[    0.000000] BIOS-e820: [mem 0x00000000fffc0000-0x00000000ffffffff] reserved
[    0.000000] printk: bootconsole [earlyser0] enabled
[    0.000000] NX (Execute Disable) protection: active
[    0.000000] SMBIOS 2.8 present.
[    0.000000] DMI: QEMU Standard PC (i440FX + PIIX, 1996), BIOS rel-1.16.0-0-gd239552ce722-prebuilt.qemu.org 04/01/2014
[    0.000000] Hypervisor detected: KVM
[    0.000000] kvm-clock: Using msrs 4b564d01 and 4b564d00
[    0.000003] kvm-clock: using sched offset of 359566022 cycles
[    0.000464] clocksource: kvm-clock: mask: 0xffffffffffffffff max_cycles: 0x1cd42e4dffb, max_idle_ns: 881590591483 ns
[    0.001896] tsc: Detected 1700.000 MHz processor
[    0.011132] last_pfn = 0x7ffe0 max_arch_pfn = 0x10000000000
[    0.011672] x86/PAT: Configuration [0-7]: WB  WC  UC- UC  WB  WP  UC- WT  
[    0.018298] found SMP MP-table at [mem 0x000f5ba0-0x000f5baf]
[    0.018868] Using GB pages for direct mapping
[    0.020574] ACPI: Early table checksum verification disabled
[    0.021091] ACPI: RSDP 0x00000000000F59C0 000014 (v00 BOCHS )
[    0.021620] ACPI: RSDT 0x000000007FFE1951 000034 (v01 BOCHS  BXPC     00000001 BXPC 00000001)
[    0.022404] ACPI: FACP 0x000000007FFE17FD 000074 (v01 BOCHS  BXPC     00000001 BXPC 00000001)
[    0.023188] ACPI: DSDT 0x000000007FFE0040 0017BD (v01 BOCHS  BXPC     00000001 BXPC 00000001)
[    0.023966] ACPI: FACS 0x000000007FFE0000 000040
[    0.024394] ACPI: APIC 0x000000007FFE1871 000080 (v01 BOCHS  BXPC     00000001 BXPC 00000001)
[    0.025171] ACPI: HPET 0x000000007FFE18F1 000038 (v01 BOCHS  BXPC     00000001 BXPC 00000001)
[    0.025951] ACPI: WAET 0x000000007FFE1929 000028 (v01 BOCHS  BXPC     00000001 BXPC 00000001)
[    0.026720] ACPI: Reserving FACP table memory at [mem 0x7ffe17fd-0x7ffe1870]
[    0.027355] ACPI: Reserving DSDT table memory at [mem 0x7ffe0040-0x7ffe17fc]
[    0.027990] ACPI: Reserving FACS table memory at [mem 0x7ffe0000-0x7ffe003f]
[    0.028617] ACPI: Reserving APIC table memory at [mem 0x7ffe1871-0x7ffe18f0]
[    0.029249] ACPI: Reserving HPET table memory at [mem 0x7ffe18f1-0x7ffe1928]
[    0.029875] ACPI: Reserving WAET table memory at [mem 0x7ffe1929-0x7ffe1950]
[    0.031556] No NUMA configuration found
[    0.031903] Faking a node at [mem 0x0000000000000000-0x000000007ffdffff]
[    0.032578] NODE_DATA(0) allocated [mem 0x7ffb5000-0x7ffdffff]
[    0.038117] Zone ranges:
[    0.038361]   DMA      [mem 0x0000000000001000-0x0000000000ffffff]
[    0.038919]   DMA32    [mem 0x0000000001000000-0x000000007ffdffff]
[    0.039472]   Normal   empty
[    0.039733]   Device   empty
[    0.039999] Movable zone start for each node
[    0.040377] Early memory node ranges
[    0.040694]   node   0: [mem 0x0000000000001000-0x000000000009efff]
[    0.041256]   node   0: [mem 0x0000000000100000-0x000000007ffdffff]
[    0.041819] Initmem setup node 0 [mem 0x0000000000001000-0x000000007ffdffff]
[    0.042895] On node 0, zone DMA: 1 pages in unavailable ranges
[    0.042915] On node 0, zone DMA: 97 pages in unavailable ranges
[    0.051711] On node 0, zone DMA32: 32 pages in unavailable ranges
[    0.052515] ACPI: PM-Timer IO Port: 0x608
[    0.053421] ACPI: LAPIC_NMI (acpi_id[0xff] dfl dfl lint[0x1])
[    0.053980] IOAPIC[0]: apic_id 0, version 17, address 0xfec00000, GSI 0-23
[    0.054598] ACPI: INT_SRC_OVR (bus 0 bus_irq 0 global_irq 2 dfl dfl)
[    0.055164] ACPI: INT_SRC_OVR (bus 0 bus_irq 5 global_irq 5 high level)
[    0.055746] ACPI: INT_SRC_OVR (bus 0 bus_irq 9 global_irq 9 high level)
[    0.056332] ACPI: INT_SRC_OVR (bus 0 bus_irq 10 global_irq 10 high level)
[    0.056935] ACPI: INT_SRC_OVR (bus 0 bus_irq 11 global_irq 11 high level)
[    0.057550] ACPI: Using ACPI (MADT) for SMP configuration information
[    0.058118] ACPI: HPET id: 0x8086a201 base: 0xfed00000
[    0.058580] TSC deadline timer available
[    0.058928] smpboot: Allowing 2 CPUs, 0 hotplug CPUs
[    0.059396] kvm-guest: KVM setup pv remote TLB flush
[    0.059832] kvm-guest: setup PV sched yield
[    0.060258] PM: hibernation: Registered nosave memory: [mem 0x00000000-0x00000fff]
[    0.060925] PM: hibernation: Registered nosave memory: [mem 0x0009f000-0x0009ffff]
[    0.061585] PM: hibernation: Registered nosave memory: [mem 0x000a0000-0x000effff]
[    0.062250] PM: hibernation: Registered nosave memory: [mem 0x000f0000-0x000fffff]
[    0.062920] [mem 0x80000000-0xfeffbfff] available for PCI devices
[    0.063453] Booting paravirtualized kernel on KVM
[    0.063869] clocksource: refined-jiffies: mask: 0xffffffff max_cycles: 0xffffffff, max_idle_ns: 7645519600211568 ns
[    0.064800] setup_percpu: NR_CPUS:8192 nr_cpumask_bits:2 nr_cpu_ids:2 nr_node_ids:1
[    0.066191] percpu: Embedded 64 pages/cpu s225280 r8192 d28672 u1048576
[    0.067034] kvm-guest: PV spinlocks enabled
[    0.067417] PV qspinlock hash table entries: 256 (order: 0, 4096 bytes, linear)
[    0.068085] Fallback order for Node 0: 0 
[    0.068458] Built 1 zonelists, mobility grouping on.  Total pages: 515808
[    0.069066] Policy zone: DMA32
[    0.069341] Kernel command line: net.ifnames=0 console=ttyS0 root=/dev/sda earlyprintk=serial net.ifnames=0
[    0.071114] Dentry cache hash table entries: 262144 (order: 9, 2097152 bytes, linear)
[    0.071961] Inode-cache hash table entries: 131072 (order: 8, 1048576 bytes, linear)
[    0.072761] mem auto-init: stack:off, heap alloc:off, heap free:off
[    0.078148] Memory: 1983420K/2096632K available (32784K kernel code, 4524K rwdata, 8068K rodata, 3644K init, 22324K bss, 113012K reserved, 0K cma-reserved)
[    0.080430] SLUB: HWalign=64, Order=0-3, MinObjects=0, CPUs=2, Nodes=1
[    0.080994] kmemleak: Kernel memory leak detector disabled
[    0.081489] ftrace: allocating 66615 entries in 261 pages
[    0.106777] ftrace: allocated 261 pages with 3 groups
[    0.110475] Dynamic Preempt: voluntary
[    0.110955] Running RCU self tests
[    0.111250] rcu: Preemptible hierarchical RCU implementation.
[    0.111735] rcu: 	RCU lockdep checking is enabled.
[    0.112142] rcu: 	RCU restricting CPUs from NR_CPUS=8192 to nr_cpu_ids=2.
[    0.112715] 	Trampoline variant of Tasks RCU enabled.
[    0.113142] 	Rude variant of Tasks RCU enabled.
[    0.113523] 	Tracing variant of Tasks RCU enabled.
[    0.113929] rcu: RCU calculated value of scheduler-enlistment delay is 25 jiffies.
[    0.114566] rcu: Adjusting geometry for rcu_fanout_leaf=16, nr_cpu_ids=2
[    0.144872] NR_IRQS: 524544, nr_irqs: 440, preallocated irqs: 16
[    0.145715] rcu: srcu_init: Setting srcu_struct sizes based on contention.
[    0.154159] Console: colour VGA+ 80x25
[    0.154535] printk: console [ttyS0] enabled
[    0.154535] printk: console [ttyS0] enabled
[    0.155264] printk: bootconsole [earlyser0] disabled
[    0.155264] printk: bootconsole [earlyser0] disabled
[    0.156122] Lock dependency validator: Copyright (c) 2006 Red Hat, Inc., Ingo Molnar
[    0.156794] ... MAX_LOCKDEP_SUBCLASSES:  8
[    0.157163] ... MAX_LOCK_DEPTH:          48
[    0.157536] ... MAX_LOCKDEP_KEYS:        8192
[    0.157929] ... CLASSHASH_SIZE:          4096
[    0.158316] ... MAX_LOCKDEP_ENTRIES:     32768
[    0.158710] ... MAX_LOCKDEP_CHAINS:      65536
[    0.159111] ... CHAINHASH_SIZE:          32768
[    0.159504]  memory used by lock dependency info: 6365 kB
[    0.159984]  memory used for stack traces: 4224 kB
[    0.160408]  per task-struct memory footprint: 1920 bytes
[    0.160943] ACPI: Core revision 20220331
[    0.161581] clocksource: hpet: mask: 0xffffffff max_cycles: 0xffffffff, max_idle_ns: 19112604467 ns
[    0.162520] APIC: Switch to symmetric I/O mode setup
[    0.163172] x2apic enabled
[    0.163603] Switched APIC routing to physical x2apic.
[    0.164055] kvm-guest: setup PV IPIs
[    0.165309] ..TIMER: vector=0x30 apic1=0 pin1=2 apic2=-1 pin2=-1
[    0.165858] clocksource: tsc-early: mask: 0xffffffffffffffff max_cycles: 0x1881273ac8e, max_idle_ns: 440795257284 ns
[    0.166820] Calibrating delay loop (skipped) preset value.. 3400.00 BogoMIPS (lpj=6800000)
[    0.167549] pid_max: default: 32768 minimum: 301
[    0.168123] LSM: Security Framework initializing
[    0.168534] Yama: becoming mindful.
[    0.169072] Mount-cache hash table entries: 4096 (order: 3, 32768 bytes, linear)
[    0.169722] Mountpoint-cache hash table entries: 4096 (order: 3, 32768 bytes, linear)
[    0.172096] x86/cpu: User Mode Instruction Prevention (UMIP) activated
[    0.172837] Last level iTLB entries: 4KB 0, 2MB 0, 4MB 0
[    0.173312] Last level dTLB entries: 4KB 0, 2MB 0, 4MB 0, 1GB 0
[    0.173844] Spectre V1 : Mitigation: usercopy/swapgs barriers and __user pointer sanitization
[    0.174581] Spectre V2 : WARNING: Unprivileged eBPF is enabled with eIBRS on, data leaks possible via Spectre v2 BHB attacks!
[    0.174817] Spectre V2 : Mitigation: Enhanced IBRS
[    0.175207] Spectre V2 : Spectre v2 / SpectreRSB mitigation: Filling RSB on context switch
[    0.175875] Spectre V2 : mitigation: Enabling conditional Indirect Branch Prediction Barrier
[    0.176559] Speculative Store Bypass: Mitigation: Speculative Store Bypass disabled via prctl
[    0.295525] Freeing SMP alternatives memory: 56K
[    0.296188] smpboot: CPU0: Intel(R) Xeon(R) Gold 6414TDX (family: 0x6, model: 0x8f, stepping: 0x6)
[    0.297426] cblist_init_generic: Setting adjustable number of callback queues.
[    0.298037] cblist_init_generic: Setting shift to 1 and lim to 1.
[    0.298604] cblist_init_generic: Setting shift to 1 and lim to 1.
[    0.298805] cblist_init_generic: Setting shift to 1 and lim to 1.
[    0.298805] Running RCU-tasks wait API self tests
[    0.402892] Performance Events: Sapphire Rapids events, full-width counters, Intel PMU driver.
[    0.403660] ... version:                2
[    0.403990] ... bit width:              48
[    0.404323] ... generic registers:      8
[    0.404652] ... value mask:             0000ffffffffffff
[    0.405081] ... max period:             00007fffffffffff
[    0.405509] ... fixed-purpose events:   3
[    0.405845] ... event mask:             00000007000000ff
[    0.406675] rcu: Hierarchical SRCU implementation.
[    0.406810] rcu: 	Max phase no-delay instances is 1000.
[    0.410160] smp: Bringing up secondary CPUs ...
[    0.411070] x86: Booting SMP configuration:
[    0.411436] .... node  #0, CPUs:      #1
[    0.411872] smp: Brought up 1 node, 2 CPUs
[    0.411872] smpboot: Max logical packages: 1
[    0.412036] smpboot: Total of 2 processors activated (6800.00 BogoMIPS)
[    0.415263] devtmpfs: initialized
[    0.415403] x86/mm: Memory block size: 128MB
[    0.418829] Callback from call_rcu_tasks_trace() invoked.
[    0.419554] clocksource: jiffies: mask: 0xffffffff max_cycles: 0xffffffff, max_idle_ns: 7645041785100000 ns
[    0.420366] futex hash table entries: 512 (order: 4, 65536 bytes, linear)
[    0.421168] pinctrl core: initialized pinctrl subsystem
[    0.422217] 
[    0.422354] *************************************************************
[    0.422816] **     NOTICE NOTICE NOTICE NOTICE NOTICE NOTICE NOTICE    **
[    0.423367] **                                                         **
[    0.423912] **  IOMMU DebugFS SUPPORT HAS BEEN ENABLED IN THIS KERNEL  **
[    0.424463] **                                                         **
[    0.425010] ** This means that this kernel is built to expose internal **
[    0.425560] ** IOMMU data structures, which may compromise security on **
[    0.426105] ** your system.                                            **
[    0.426653] **                                                         **
[    0.426814] ** If you see this message and you are not debugging the   **
[    0.427367] ** kernel, report this immediately to your vendor!         **
[    0.427919] **                                                         **
[    0.428468] **     NOTICE NOTICE NOTICE NOTICE NOTICE NOTICE NOTICE    **
[    0.429017] *************************************************************
[    0.429611] PM: RTC time: 00:35:42, date: 2022-12-14
[    0.432848] NET: Registered PF_NETLINK/PF_ROUTE protocol family
[    0.434069] DMA: preallocated 256 KiB GFP_KERNEL pool for atomic allocations
[    0.434667] DMA: preallocated 256 KiB GFP_KERNEL|GFP_DMA pool for atomic allocations
[    0.434819] DMA: preallocated 256 KiB GFP_KERNEL|GFP_DMA32 pool for atomic allocations
[    0.435538] audit: initializing netlink subsys (disabled)
[    0.436061] audit: type=2000 audit(1670978142.815:1): state=initialized audit_enabled=0 res=1
[    0.436061] thermal_sys: Registered thermal governor 'fair_share'
[    0.436061] thermal_sys: Registered thermal governor 'bang_bang'
[    0.436111] thermal_sys: Registered thermal governor 'step_wise'
[    0.436610] thermal_sys: Registered thermal governor 'user_space'
[    0.437164] cpuidle: using governor ladder
[    0.439172] cpuidle: using governor menu
[    0.439818] HugeTLB: can optimize 4095 vmemmap pages for hugepages-1048576kB
[    0.440419] acpiphp: ACPI Hot Plug PCI Controller Driver version: 0.5
[    0.441298] PCI: Using configuration type 1 for base access
[    0.458568] kprobes: kprobe jump-optimization is enabled. All kprobes are optimized if possible.
[    0.609604] HugeTLB: can optimize 7 vmemmap pages for hugepages-2048kB
[    0.610154] HugeTLB registered 1.00 GiB page size, pre-allocated 0 pages
[    0.610719] HugeTLB registered 2.00 MiB page size, pre-allocated 0 pages
[    0.613216] ACPI: Added _OSI(Module Device)
[    0.613587] ACPI: Added _OSI(Processor Device)
[    0.613952] ACPI: Added _OSI(3.0 _SCP Extensions)
[    0.614355] ACPI: Added _OSI(Processor Aggregator Device)
[    0.614795] ACPI: Added _OSI(Linux-Dell-Video)
[    0.614816] ACPI: Added _OSI(Linux-Lenovo-NV-HDMI-Audio)
[    0.615251] ACPI: Added _OSI(Linux-HPI-Hybrid-Graphics)
[    0.621753] ACPI: 1 ACPI AML tables successfully acquired and loaded
[    0.625921] ACPI: Interpreter enabled
[    0.626327] ACPI: PM: (supports S0 S3 S4 S5)
[    0.626684] ACPI: Using IOAPIC for interrupt routing
[    0.626858] PCI: Using host bridge windows from ACPI; if necessary, use "pci=nocrs" and report a bug
[    0.627596] PCI: Using E820 reservations for host bridge windows
[    0.628837] ACPI: Enabled 2 GPEs in block 00 to 0F
[    0.647431] ACPI: PCI Root Bridge [PCI0] (domain 0000 [bus 00-ff])
[    0.647956] acpi PNP0A03:00: _OSC: OS supports [ASPM ClockPM Segments MSI EDR HPX-Type3]
[    0.648619] acpi PNP0A03:00: _OSC: not requesting OS control; OS requires [ExtendedConfig ASPM ClockPM MSI]
[    0.649472] acpi PNP0A03:00: fail to add MMCONFIG information, can't access extended PCI configuration space under this bridge.
[    0.653039] acpiphp: Slot [3] registered
[    0.653448] acpiphp: Slot [4] registered
[    0.653844] acpiphp: Slot [5] registered
[    0.654240] acpiphp: Slot [6] registered
[    0.654637] acpiphp: Slot [7] registered
[    0.654881] acpiphp: Slot [8] registered
[    0.655287] acpiphp: Slot [9] registered
[    0.655682] acpiphp: Slot [10] registered
[    0.656083] acpiphp: Slot [11] registered
[    0.656487] acpiphp: Slot [12] registered
[    0.656888] acpiphp: Slot [13] registered
[    0.657302] acpiphp: Slot [14] registered
[    0.657704] acpiphp: Slot [15] registered
[    0.658105] acpiphp: Slot [16] registered
[    0.658509] acpiphp: Slot [17] registered
[    0.658893] acpiphp: Slot [18] registered
[    0.659307] acpiphp: Slot [19] registered
[    0.659709] acpiphp: Slot [20] registered
[    0.660113] acpiphp: Slot [21] registered
[    0.660513] acpiphp: Slot [22] registered
[    0.660932] acpiphp: Slot [23] registered
[    0.661336] acpiphp: Slot [24] registered
[    0.661737] acpiphp: Slot [25] registered
[    0.662140] acpiphp: Slot [26] registered
[    0.662541] acpiphp: Slot [27] registered
[    0.662890] acpiphp: Slot [28] registered
[    0.663293] acpiphp: Slot [29] registered
[    0.663695] acpiphp: Slot [30] registered
[    0.664100] acpiphp: Slot [31] registered
[    0.664450] PCI host bridge to bus 0000:00
[    0.664786] pci_bus 0000:00: root bus resource [io  0x0000-0x0cf7 window]
[    0.665343] pci_bus 0000:00: root bus resource [io  0x0d00-0xffff window]
[    0.665894] pci_bus 0000:00: root bus resource [mem 0x000a0000-0x000bffff window]
[    0.666502] pci_bus 0000:00: root bus resource [mem 0x80000000-0xfebfffff window]
[    0.666810] pci_bus 0000:00: root bus resource [mem 0x100000000-0x17fffffff window]
[    0.667436] pci_bus 0000:00: root bus resource [bus 00-ff]
[    0.667990] pci 0000:00:00.0: [8086:1237] type 00 class 0x060000
[    0.671721] pci 0000:00:01.0: [8086:7000] type 00 class 0x060100
[    0.672933] pci 0000:00:01.1: [8086:7010] type 00 class 0x010180
[    0.675145] pci 0000:00:01.1: reg 0x20: [io  0xc040-0xc04f]
[    0.676249] pci 0000:00:01.1: legacy IDE quirk: reg 0x10: [io  0x01f0-0x01f7]
[    0.676837] pci 0000:00:01.1: legacy IDE quirk: reg 0x14: [io  0x03f6]
[    0.677366] pci 0000:00:01.1: legacy IDE quirk: reg 0x18: [io  0x0170-0x0177]
[    0.677949] pci 0000:00:01.1: legacy IDE quirk: reg 0x1c: [io  0x0376]
[    0.678777] pci 0000:00:01.3: [8086:7113] type 00 class 0x068000
[    0.679122] pci 0000:00:01.3: quirk: [io  0x0600-0x063f] claimed by PIIX4 ACPI
[    0.679721] pci 0000:00:01.3: quirk: [io  0x0700-0x070f] claimed by PIIX4 SMB
[    0.680596] pci 0000:00:02.0: [1234:1111] type 00 class 0x030000
[    0.682039] pci 0000:00:02.0: reg 0x10: [mem 0xfd000000-0xfdffffff pref]
[    0.684014] pci 0000:00:02.0: reg 0x18: [mem 0xfebf0000-0xfebf0fff]
[    0.686641] pci 0000:00:02.0: reg 0x30: [mem 0xfebe0000-0xfebeffff pref]
[    0.686875] pci 0000:00:02.0: Video device with shadowed ROM at [mem 0x000c0000-0x000dffff]
[    0.690461] pci 0000:00:03.0: [8086:100e] type 00 class 0x020000
[    0.691328] pci 0000:00:03.0: reg 0x10: [mem 0xfebc0000-0xfebdffff]
[    0.692530] pci 0000:00:03.0: reg 0x14: [io  0xc000-0xc03f]
[    0.695510] pci 0000:00:03.0: reg 0x30: [mem 0xfeb80000-0xfebbffff pref]
[    0.706981] ACPI: PCI: Interrupt link LNKA configured for IRQ 10
[    0.707892] ACPI: PCI: Interrupt link LNKB configured for IRQ 10
[    0.708769] ACPI: PCI: Interrupt link LNKC configured for IRQ 11
[    0.709644] ACPI: PCI: Interrupt link LNKD configured for IRQ 11
[    0.710327] ACPI: PCI: Interrupt link LNKS configured for IRQ 9
[    0.711920] iommu: Default domain type: Translated 
[    0.712331] iommu: DMA domain TLB invalidation policy: lazy mode 
[    0.713889] SCSI subsystem initialized
[    0.714490] ACPI: bus type USB registered
[    0.714873] usbcore: registered new interface driver usbfs
[    0.715372] usbcore: registered new interface driver hub
[    0.715851] usbcore: registered new device driver usb
[    0.716373] pps_core: LinuxPPS API ver. 1 registered
[    0.716785] pps_core: Software ver. 5.3.6 - Copyright 2005-2007 Rodolfo Giometti <giometti@linux.it>
[    0.717541] PTP clock support registered
[    0.718020] EDAC MC: Ver: 3.0.0
[    0.719641] NetLabel: Initializing
[    0.719934] NetLabel:  domain hash size = 128
[    0.720301] NetLabel:  protocols = UNLABELED CIPSOv4 CALIPSO
[    0.720820] NetLabel:  unlabeled traffic allowed by default
[    0.721616] PCI: Using ACPI for IRQ routing
[    0.722166] pci 0000:00:02.0: vgaarb: setting as boot VGA device
[    0.722680] pci 0000:00:02.0: vgaarb: bridge control possible
[    0.722805] pci 0000:00:02.0: vgaarb: VGA device added: decodes=io+mem,owns=io+mem,locks=none
[    0.722812] vgaarb: loaded
[    0.723784] hpet0: at MMIO 0xfed00000, IRQs 2, 8, 0
[    0.724219] hpet0: 3 comparators, 64-bit 100.000000 MHz counter
[    3.648396] clocksource: Switched to clocksource kvm-clock
[    3.708238] Callback from call_rcu_tasks_rude() invoked.
[    3.754937] Callback from call_rcu_tasks() invoked.
[    3.829228] VFS: Disk quotas dquot_6.6.0
[    3.829626] VFS: Dquot-cache hash table entries: 512 (order 0, 4096 bytes)
[    3.830506] pnp: PnP ACPI init
[    3.832912] pnp: PnP ACPI: found 6 devices
[    3.846060] clocksource: acpi_pm: mask: 0xffffff max_cycles: 0xffffff, max_idle_ns: 2085701024 ns
[    3.847192] NET: Registered PF_INET protocol family
[    3.847728] IP idents hash table entries: 32768 (order: 6, 262144 bytes, linear)
[    3.849430] tcp_listen_portaddr_hash hash table entries: 1024 (order: 4, 73728 bytes, linear)
[    3.850180] Table-perturb hash table entries: 65536 (order: 6, 262144 bytes, linear)
[    3.850822] TCP established hash table entries: 16384 (order: 5, 131072 bytes, linear)
[    3.851632] TCP bind hash table entries: 16384 (order: 8, 1179648 bytes, linear)
[    3.852930] TCP: Hash tables configured (established 16384 bind 16384)
[    3.853573] UDP hash table entries: 1024 (order: 5, 163840 bytes, linear)
[    3.854576] UDP-Lite hash table entries: 1024 (order: 5, 163840 bytes, linear)
[    3.855358] NET: Registered PF_UNIX/PF_LOCAL protocol family
[    3.856260] RPC: Registered named UNIX socket transport module.
[    3.856758] RPC: Registered udp transport module.
[    3.857146] RPC: Registered tcp transport module.
[    3.857526] RPC: Registered tcp NFSv4.1 backchannel transport module.
[    3.858070] pci_bus 0000:00: resource 4 [io  0x0000-0x0cf7 window]
[    3.858577] pci_bus 0000:00: resource 5 [io  0x0d00-0xffff window]
[    3.859108] pci_bus 0000:00: resource 6 [mem 0x000a0000-0x000bffff window]
[    3.859666] pci_bus 0000:00: resource 7 [mem 0x80000000-0xfebfffff window]
[    3.860228] pci_bus 0000:00: resource 8 [mem 0x100000000-0x17fffffff window]
[    3.861062] pci 0000:00:01.0: PIIX3: Enabling Passive Release
[    3.861542] pci 0000:00:00.0: Limiting direct PCI/PCI transfers
[    3.862156] PCI: CLS 0 bytes, default 64
[    3.862529] ACPI: bus type thunderbolt registered
[    3.863281] clocksource: tsc: mask: 0xffffffffffffffff max_cycles: 0x1881273ac8e, max_idle_ns: 440795257284 ns
[    3.864181] sgx: There are zero EPC sections.
[    3.867743] Initialise system trusted keyrings
[    3.868215] Key type blacklist registered
[    3.868674] workingset: timestamp_bits=36 max_order=19 bucket_order=0
[    3.880515] zbud: loaded
[    3.882934] squashfs: version 4.0 (2009/01/31) Phillip Lougher
[    3.884750] NFS: Registering the id_resolver key type
[    3.885183] Key type id_resolver registered
[    3.885524] Key type id_legacy registered
[    3.885964] nfs4filelayout_init: NFSv4 File Layout Driver Registering...
[    3.886526] nfs4flexfilelayout_init: NFSv4 Flexfile Layout Driver Registering...
[    3.887264] fuse: init (API version 7.36)
[    3.887928] SGI XFS with ACLs, security attributes, realtime, quota, no debug enabled
[    3.890492] 9p: Installing v9fs 9p2000 file system support
[    3.898580] Key type asymmetric registered
[    3.898942] Asymmetric key parser 'x509' registered
[    3.900766] alg: self-tests for CTR-KDF (hmac(sha256)) passed
[    3.901317] Block layer SCSI generic (bsg) driver version 0.4 loaded (major 243)
[    3.902066] io scheduler mq-deadline registered
[    3.902483] io scheduler bfq registered
[    3.903878] shpchp: Standard Hot Plug PCI Controller Driver version: 0.4
[    3.904895] IPMI message handler: version 39.2
[    3.905306] ipmi device interface
[    3.907325] input: Power Button as /devices/LNXSYSTM:00/LNXPWRBN:00/input/input0
[    3.908278] ACPI: button: Power Button [PWRF]
[    3.909584] ERST DBG: ERST support is disabled.
[    3.910571] Serial: 8250/16550 driver, 32 ports, IRQ sharing enabled
[    3.911614] 00:04: ttyS0 at I/O 0x3f8 (irq = 4, base_baud = 115200) is a 16550A
[    3.922011] Linux agpgart interface v0.103
[    3.922958] ACPI: bus type drm_connector registered
[    3.937183] brd: module loaded
[    3.945009] loop: module loaded
[    3.949861] scsi host0: ata_piix
[    3.950749] scsi host1: ata_piix
[    3.951235] ata1: PATA max MWDMA2 cmd 0x1f0 ctl 0x3f6 bmdma 0xc040 irq 14
[    3.951786] ata2: PATA max MWDMA2 cmd 0x170 ctl 0x376 bmdma 0xc048 irq 15
[    3.953749] tun: Universal TUN/TAP device driver, 1.6
[    3.954321] e100: Intel(R) PRO/100 Network Driver
[    3.954705] e100: Copyright(c) 1999-2006 Intel Corporation
[    3.955215] e1000: Intel(R) PRO/1000 Network Driver
[    3.955612] e1000: Copyright (c) 1999-2006 Intel Corporation.
[    4.110966] ata2: found unknown device (class 0)
[    4.111730] ata1: found unknown device (class 0)
[    4.112531] ata2.00: ATAPI: QEMU DVD-ROM, 2.5+, max UDMA/100
[    4.113389] ata1.00: ATA-7: QEMU HARDDISK, 2.5+, max UDMA/100
[    4.113863] ata1.00: 16777216 sectors, multi 16: LBA48 
[    4.115554] scsi 0:0:0:0: Direct-Access     ATA      QEMU HARDDISK    2.5+ PQ: 0 ANSI: 5
[    4.117236] scsi 0:0:0:0: Attached scsi generic sg0 type 0
[    4.118276] scsi 1:0:0:0: CD-ROM            QEMU     QEMU DVD-ROM     2.5+ PQ: 0 ANSI: 5
[    4.118477] sd 0:0:0:0: [sda] 16777216 512-byte logical blocks: (8.59 GB/8.00 GiB)
[    4.119853] sd 0:0:0:0: [sda] Write Protect is off
[    4.120374] sd 0:0:0:0: [sda] Write cache: enabled, read cache: enabled, doesn't support DPO or FUA
[    4.121173] sd 0:0:0:0: [sda] Preferred minimum I/O size 512 bytes
[    4.140000] sd 0:0:0:0: [sda] Attached SCSI disk
[    4.147618] ACPI: \_SB_.LNKC: Enabled at IRQ 11
[    4.151701] scsi 1:0:0:0: Attached scsi generic sg1 type 5
[    4.474054] e1000 0000:00:03.0 eth0: (PCI:33MHz:32-bit) 52:54:00:12:34:56
[    4.474658] e1000 0000:00:03.0 eth0: Intel(R) PRO/1000 Network Connection
[    4.475341] e1000e: Intel(R) PRO/1000 Network Driver
[    4.475745] e1000e: Copyright(c) 1999 - 2015 Intel Corporation.
[    4.476293] igb: Intel(R) Gigabit Ethernet Network Driver
[    4.476730] igb: Copyright (c) 2007-2014 Intel Corporation.
[    4.477317] PPP generic driver version 2.4.2
[    4.478108] VFIO - User Level meta-driver version: 0.3
[    4.478567] ehci_hcd: USB 2.0 'Enhanced' Host Controller (EHCI) Driver
[    4.479122] ehci-pci: EHCI PCI platform driver
[    4.479516] ehci-platform: EHCI generic platform driver
[    4.479963] ohci_hcd: USB 1.1 'Open' Host Controller (OHCI) Driver
[    4.480464] ohci-pci: OHCI PCI platform driver
[    4.480862] ohci-platform: OHCI generic platform driver
[    4.481312] uhci_hcd: USB Universal Host Controller Interface driver
[    4.482117] usbcore: registered new interface driver uas
[    4.482633] usbcore: registered new interface driver usb-storage
[    4.483292] i8042: PNP: PS/2 Controller [PNP0303:KBD,PNP0f13:MOU] at 0x60,0x64 irq 1,12
[    4.484661] serio: i8042 KBD port at 0x60,0x64 irq 1
[    4.485113] serio: i8042 AUX port at 0x60,0x64 irq 12
[    4.486363] mousedev: PS/2 mouse device common for all mice
[    4.487848] input: AT Translated Set 2 keyboard as /devices/platform/i8042/serio0/input/input1
[    4.489562] input: VirtualPS/2 VMware VMMouse as /devices/platform/i8042/serio1/input/input4
[    4.490883] input: VirtualPS/2 VMware VMMouse as /devices/platform/i8042/serio1/input/input3
[    4.491832] rtc_cmos 00:05: RTC can wake from S4
[    4.493229] rtc_cmos 00:05: registered as rtc0
[    4.493670] rtc_cmos 00:05: setting system clock to 2022-12-14T00:35:46 UTC (1670978146)
[    4.494506] rtc_cmos 00:05: alarms up to one day, y3k, 242 bytes nvram, hpet irqs
[    4.495174] i2c_dev: i2c /dev entries driver
[    4.495600] device-mapper: core: CONFIG_IMA_DISABLE_HTABLE is disabled. Duplicate IMA measurements will not be recorded in the IMA log.
[    4.496701] device-mapper: uevent: version 1.0.3
[    4.497376] device-mapper: ioctl: 4.47.0-ioctl (2022-07-28) initialised: dm-devel@redhat.com
[    4.498086] intel_pstate: CPU model not supported
[    4.498579] sdhci: Secure Digital Host Controller Interface driver
[    4.499107] sdhci: Copyright(c) Pierre Ossman
[    4.499537] sdhci-pltfm: SDHCI platform and OF driver helper
[    4.500057] ledtrig-cpu: registered to indicate activity on CPUs
[    4.500925] drop_monitor: Initializing network drop monitor service
[    4.502215] NET: Registered PF_INET6 protocol family
[    4.504522] Segment Routing with IPv6
[    4.504874] In-situ OAM (IOAM) with IPv6
[    4.505245] NET: Registered PF_PACKET protocol family
[    4.505947] 9pnet: Installing 9P2000 support
[    4.506382] Key type dns_resolver registered
[    4.507627] IPI shorthand broadcast: enabled
[    4.508067] sched_clock: Marking stable (4494868462, 12494086)->(4520485411, -13122863)
[    4.509396] registered taskstats version 1
[    4.509915] Loading compiled-in X.509 certificates
[    4.510641] zswap: loaded using pool lzo/zbud
[    4.511789] Key type ._fscrypt registered
[    4.512128] Key type .fscrypt registered
[    4.512449] Key type fscrypt-provisioning registered
[    4.513856] Key type encrypted registered
[    4.514224] ima: No TPM chip found, activating TPM-bypass!
[    4.514680] ima: Allocated hash algorithm: sha1
[    4.515115] ima: No architecture policies found
[    4.515543] evm: Initialising EVM extended attributes:
[    4.515964] evm: security.selinux
[    4.516235] evm: security.SMACK64
[    4.516507] evm: security.SMACK64EXEC
[    4.516811] evm: security.SMACK64TRANSMUTE
[    4.517150] evm: security.SMACK64MMAP
[    4.517453] evm: security.apparmor
[    4.517731] evm: security.ima
[    4.517980] evm: security.capability
[    4.518271] evm: HMAC attrs: 0x1
[    4.523495] PM:   Magic number: 2:116:557
[    4.524324] RAS: Correctable Errors collector initialized.
[    4.526134] md: Waiting for all devices to be available before autodetect
[    4.526524] md: If you don't use raid, use raid=noautodetect
[    4.526892] md: Autodetecting RAID arrays.
[    4.527137] md: autorun ...
[    4.527303] md: ... autorun DONE.
[    4.532390] EXT4-fs (sda): mounted filesystem with ordered data mode. Quota mode: none.
[    4.532924] VFS: Mounted root (ext4 filesystem) readonly on device 8:0.
[    4.534915] devtmpfs: mounted
[    4.545124] Freeing unused decrypted memory: 2036K
[    4.547138] Freeing unused kernel image (initmem) memory: 3644K
[    4.558862] Write protecting the kernel read-only data: 43008k
[    4.562006] Freeing unused kernel image (text/rodata gap) memory: 2028K
[    4.562541] Freeing unused kernel image (rodata/data gap) memory: 124K
[    4.673245] x86/mm: Checked W+X mappings: passed, no W+X pages found.
[    4.673602] Run /sbin/init as init process
[    4.754443] systemd[1]: RTC configured in localtime, applying delta of 0 minutes to system time.
[    4.779671] systemd[1]: systemd 239 (239-49.el8) running in system mode. (+PAM +AUDIT +SELINUX +IMA -APPARMOR +SMACK +SYSVINIT +UTMP +LIBCRYPTSETUP +GCRYPT +GNUTLS +ACL +XZ +LZ4 +SECCOMP +BLKID +ELFUTILS +KMOD +IDN2 -IDN +PCRE2 default-hierarchy=legacy)
[    4.781097] systemd[1]: Detected virtualization kvm.
[    4.781391] systemd[1]: Detected architecture x86-64.

Welcome to [0;31mCentOS Stream 8[0m!

[    4.803975] systemd[1]: Set hostname to <test>.
[    6.714964] random: crng init done
[    6.806972] systemd[1]: Listening on Journal Socket.
[[0;32m  OK  [0m] Listening on Journal Socket.
[    6.835046] systemd[1]: Mounting Kernel Debug File System...
         Mounting Kernel Debug File System...
[    6.838948] systemd[1]: Mounting Huge Pages File System...
         Mounting Huge Pages File System...
[    6.840277] systemd[1]: Listening on udev Control Socket.
[[0;32m  OK  [0m] Listening on udev Control Socket.
[    6.841399] systemd[1]: Listening on LVM2 poll daemon socket.
[[0;32m  OK  [0m] Listening on LVM2 poll daemon socket.
[    6.842606] systemd[1]: Listening on udev Kernel Socket.
[[0;32m  OK  [0m] Listening on udev Kernel Socket.
[[0;32m  OK  [0m] Created slice system-sshd\x2dkeygen.slice.
[[0;32m  OK  [0m] Listening on RPCbind Server Activation Socket.
[[0;32m  OK  [0m] Reached target RPC Port Mapper.
[[0;32m  OK  [0m] Listening on initctl Compatibility Named Pipe.
[[0;32m  OK  [0m] Listening on Process Core Dump Socket.
[[0;32m  OK  [0m] Set up automount Arbitrary Executabâ€¦rmats File System Automount Point.
         Starting udev Coldplug all Devices...
[[0;32m  OK  [0m] Listening on multipathd control socket.
[[0;32m  OK  [0m] Listening on Device-mapper event daemon FIFOs.
         Starting Remount Root and Kernel File Systems...
         Starting Setup Virtual Console...
[[0;32m  OK  [0m] Reached target Swap.
         Starting Load Kernel Modules...
[[0;32m  OK  [0m] Started Forward Password Requests to Wall Directory Watch.
         Starting Monitoring of LVM2 mirrorsâ€¦ng dmeventd or progress polling...
[[0;32m  OK  [0m] Created slice User and Session Slice.
[[0;32m  OK  [0m] Reached target Slices.
[[0;32m  OK  [0m] Created slice system-getty.slice.
[[0;32m  OK  [0m] Listening on Journal Socket (/dev/log).
         Starting Journal Service...
         Mounting POSIX Message Queue File System...
[[0;32m  OK  [0m] Created slice system-serial\x2dgetty.slice.
[[0;32m  OK  [0m] Mounted Kernel Debug File System.
[[0;32m  OK  [0m] Mounted Huge Pages File System.
[[0;1;31mFAILED[0m] Failed to start Load Kernel Modules.
See 'systemctl status systemd-modules-load.service' for details.
[[0;32m  OK  [0m] Mounted POSIX Message Queue File System.
         Mounting FUSE Control File System...
         Mounting Kernel Configuration File System...
         Starting Apply Kernel Variables...
[[0;32m  OK  [0m] Mounted FUSE Control File System.
[[0;32m  OK  [0m] Mounted Kernel Configuration File System.
[[0;32m  OK  [0m] Started Journal Service.
[[0;32m  OK  [0m] Started Apply Kernel Variables.[    7.271612] EXT4-fs (sda): re-mounted. Quota mode: none.

[[0;32m  OK  [0m] Started Remount Root and Kernel File Systems.
[[0;32m  OK  [0m] Started Setup Virtual Console.
         Starting Load/Save Random Seed...
         Starting Create Static Device Nodes in /dev...
         Starting Flush Journal to Persistent Storage...
[[0;32m  OK  [0m] Started Load/Save Random Seed.
[[0;32m  OK  [0m] Started Create Static Device Nodes in /dev.
         Starting udev Kernel Device Manager...
[[0;32m  OK  [0m] Started udev Coldplug all Devices.
[[0;32m  OK  [0m] Started Flush Journal to Persistent Storage.
         Starting udev Wait for Complete Device Initialization...
[[0;32m  OK  [0m] Started udev Kernel Device Manager.
         Starting Show Plymouth Boot Screen...
[[0;32m  OK  [0m] Started Show Plymouth Boot Screen.
[[0;32m  OK  [0m] Reached target Local Encrypted Volumes.
[[0;32m  OK  [0m] Reached target Paths.
[[0;32m  OK  [0m] Started Forward Password Requests to Plymouth Directory Watch.
[[0;32m  OK  [0m] Found device /dev/ttyS0.
[[0;32m  OK  [0m] Started Monitoring of LVM2 mirrors,â€¦sing dmeventd or progress polling.
[[0;32m  OK  [0m] Listening on Load/Save RF Kill Switch Status /dev/rfkill Watch.
[[0;32m  OK  [0m] Started udev Wait for Complete Device Initialization.
[[0;32m  OK  [0m] Reached target Local File Systems (Pre).
[[0;32m  OK  [0m] Reached target Local File Systems.
         Starting Restore /run/initramfs on shutdown...
         Starting Tell Plymouth To Write Out Runtime Data...
         Starting Create Volatile Files and Directories...
[[0;32m  OK  [0m] Started Restore /run/initramfs on shutdown.
[[0;32m  OK  [0m] Started Tell Plymouth To Write Out Runtime Data.
[[0;32m  OK  [0m] Started Create Volatile Files and Directories.
         Starting Security Auditing Service...
         Starting RPC Bind...
         Mounting RPC Pipe File System...
[[0;32m  OK  [0m] Mounted RPC Pipe File System.
[[0;32m  OK  [0m] Reached target rpc_pipefs.target.
[[0;32m  OK  [0m] Started RPC Bind.
[[0;32m  OK  [0m] Started Security Auditing Service.
         Starting Update UTMP about System Boot/Shutdown...
[[0;32m  OK  [0m] Started Update UTMP about System Boot/Shutdown.
[[0;32m  OK  [0m] Reached target System Initialization.
[[0;32m  OK  [0m] Listening on SSSD Kerberos Cache Manager responder socket.
[[0;32m  OK  [0m] Started Daily Cleanup of Temporary Directories.
[[0;32m  OK  [0m] Started daily update of the root trust anchor for DNSSEC.
[[0;32m  OK  [0m] Listening on D-Bus System Message Bus Socket.
[[0;32m  OK  [0m] Reached target Sockets.
[[0;32m  OK  [0m] Started dnf makecache --timer.
[[0;32m  OK  [0m] Reached target Timers.
[[0;32m  OK  [0m] Reached target Basic System.
         Starting Login Service...
[[0;32m  OK  [0m] Started Machine Check Exception Logging Daemon.
         Starting Auto-connect to subsystemsâ€¦-NVME devices found during boot...
[[0;32m  OK  [0m] Started D-Bus System Message Bus.
         Starting NTP client/server...
[[0;32m  OK  [0m] Started irqbalance daemon.
         Starting Authorization Manager...
         Starting Network Manager...
         Starting Self Monitoring and Reporting Technology (SMART) Daemon...
[[0;32m  OK  [0m] Reached target sshd-keygen.target.
[[0;32m  OK  [0m] Started Auto-connect to subsystems â€¦FC-NVME devices found during boot.
         Starting update of the root trust aâ€¦or DNSSEC validation in unbound...
[[0;32m  OK  [0m] Started Login Service.
[[0;32m  OK  [0m] Started Self Monitoring and Reporting Technology (SMART) Daemon.
[[0;32m  OK  [0m] Started update of the root trust anâ€¦ for DNSSEC validation in unbound.
[[0;32m  OK  [0m] Started Network Manager.
[[0;32m  OK  [0m] Reached target Network.
         Starting Dynamic System Tuning Daemon...
         Starting GSSAPI Proxy Daemon...
         Starting OpenSSH server daemon...
         Starting Network Manager Wait Online...
[[0;32m  OK  [0m] Started NTP client/server.
[[0;32m  OK  [0m] Started Authorization Manager.
         Starting Hostname Service...
[[0;32m  OK  [0m] Started OpenSSH server daemon.
[[0;32m  OK  [0m] Started GSSAPI Proxy Daemon.
[[0;32m  OK  [0m] Reached target NFS client services.
[[0;32m  OK  [0m] Reached target Remote File Systems (Pre).
[[0;32m  OK  [0m] Reached target Remote File Systems.
         Starting Permit User Sessions...
[[0;32m  OK  [0m] Started Permit User Sessions.
[[0;32m  OK  [0m] Started Command Scheduler.
         Starting Hold until boot process finishes up...
         Starting Terminate Plymouth Boot Screen...
[    9.239006] e1000: eth0 NIC Link is Up 1000 Mbps Full Duplex, Flow Control: RX
[    9.239836] IPv6: ADDRCONF(NETDEV_CHANGE): eth0: link becomes ready
[    9.412345] Spectre V2 : WARNING: Unprivileged eBPF is enabled with eIBRS on, data leaks possible via Spectre v2 BHB attacks!
[    9.413047] Spectre V2 : WARNING: Unprivileged eBPF is enabled with eIBRS on, data leaks possible via Spectre v2 BHB attacks!

CentOS Stream 8
Kernel 5.19.0-e495274793ea+ on an x86_64

test login: [   28.357228] warning: checkpointing journal with EXT4_IOC_CHECKPOINT_FLAG_ZEROOUT can be slow
[   28.639733] warning: checkpointing journal with EXT4_IOC_CHECKPOINT_FLAG_ZEROOUT can be slow
[   28.862589] warning: checkpointing journal with EXT4_IOC_CHECKPOINT_FLAG_ZEROOUT can be slow
[   29.084256] warning: checkpointing journal with EXT4_IOC_CHECKPOINT_FLAG_ZEROOUT can be slow
[   29.306298] warning: checkpointing journal with EXT4_IOC_CHECKPOINT_FLAG_ZEROOUT can be slow
[   29.528872] warning: checkpointing journal with EXT4_IOC_CHECKPOINT_FLAG_ZEROOUT can be slow
[   29.750572] warning: checkpointing journal with EXT4_IOC_CHECKPOINT_FLAG_ZEROOUT can be slow
[   29.971610] warning: checkpointing journal with EXT4_IOC_CHECKPOINT_FLAG_ZEROOUT can be slow
[   30.193713] warning: checkpointing journal with EXT4_IOC_CHECKPOINT_FLAG_ZEROOUT can be slow
[   30.414534] warning: checkpointing journal with EXT4_IOC_CHECKPOINT_FLAG_ZEROOUT can be slow
[   33.505436] ext4_ioctl_checkpoint: 13 callbacks suppressed
[   33.505450] warning: checkpointing journal with EXT4_IOC_CHECKPOINT_FLAG_ZEROOUT can be slow
[   33.727439] warning: checkpointing journal with EXT4_IOC_CHECKPOINT_FLAG_ZEROOUT can be slow
[   33.948513] warning: checkpointing journal with EXT4_IOC_CHECKPOINT_FLAG_ZEROOUT can be slow
[   34.172524] warning: checkpointing journal with EXT4_IOC_CHECKPOINT_FLAG_ZEROOUT can be slow
[   34.395334] warning: checkpointing journal with EXT4_IOC_CHECKPOINT_FLAG_ZEROOUT can be slow
[   34.616998] warning: checkpointing journal with EXT4_IOC_CHECKPOINT_FLAG_ZEROOUT can be slow
[   34.838410] warning: checkpointing journal with EXT4_IOC_CHECKPOINT_FLAG_ZEROOUT can be slow
[   35.059186] warning: checkpointing journal with EXT4_IOC_CHECKPOINT_FLAG_ZEROOUT can be slow
[   35.280702] warning: checkpointing journal with EXT4_IOC_CHECKPOINT_FLAG_ZEROOUT can be slow
[   35.501248] warning: checkpointing journal with EXT4_IOC_CHECKPOINT_FLAG_ZEROOUT can be slow
[   38.583648] ext4_ioctl_checkpoint: 13 callbacks suppressed
[   38.583660] warning: checkpointing journal with EXT4_IOC_CHECKPOINT_FLAG_ZEROOUT can be slow
[   38.803919] warning: checkpointing journal with EXT4_IOC_CHECKPOINT_FLAG_ZEROOUT can be slow
[   39.024721] warning: checkpointing journal with EXT4_IOC_CHECKPOINT_FLAG_ZEROOUT can be slow
[   39.245760] warning: checkpointing journal with EXT4_IOC_CHECKPOINT_FLAG_ZEROOUT can be slow
[   39.469615] warning: checkpointing journal with EXT4_IOC_CHECKPOINT_FLAG_ZEROOUT can be slow
[   39.691068] warning: checkpointing journal with EXT4_IOC_CHECKPOINT_FLAG_ZEROOUT can be slow
[   39.911643] warning: checkpointing journal with EXT4_IOC_CHECKPOINT_FLAG_ZEROOUT can be slow
[   40.133447] warning: checkpointing journal with EXT4_IOC_CHECKPOINT_FLAG_ZEROOUT can be slow
[   40.355949] warning: checkpointing journal with EXT4_IOC_CHECKPOINT_FLAG_ZEROOUT can be slow
[   40.576966] warning: checkpointing journal with EXT4_IOC_CHECKPOINT_FLAG_ZEROOUT can be slow
[   43.662067] ext4_ioctl_checkpoint: 13 callbacks suppressed
[   43.662080] warning: checkpointing journal with EXT4_IOC_CHECKPOINT_FLAG_ZEROOUT can be slow
[   43.882855] warning: checkpointing journal with EXT4_IOC_CHECKPOINT_FLAG_ZEROOUT can be slow
[   44.103241] warning: checkpointing journal with EXT4_IOC_CHECKPOINT_FLAG_ZEROOUT can be slow
[   44.323426] warning: checkpointing journal with EXT4_IOC_CHECKPOINT_FLAG_ZEROOUT can be slow
[   44.543924] warning: checkpointing journal with EXT4_IOC_CHECKPOINT_FLAG_ZEROOUT can be slow
[   44.764563] warning: checkpointing journal with EXT4_IOC_CHECKPOINT_FLAG_ZEROOUT can be slow
[   44.984901] warning: checkpointing journal with EXT4_IOC_CHECKPOINT_FLAG_ZEROOUT can be slow
[   45.207306] warning: checkpointing journal with EXT4_IOC_CHECKPOINT_FLAG_ZEROOUT can be slow
[   45.427946] warning: checkpointing journal with EXT4_IOC_CHECKPOINT_FLAG_ZEROOUT can be slow
[   45.648270] warning: checkpointing journal with EXT4_IOC_CHECKPOINT_FLAG_ZEROOUT can be slow
[   48.738641] ext4_ioctl_checkpoint: 13 callbacks suppressed
[   48.738653] warning: checkpointing journal with EXT4_IOC_CHECKPOINT_FLAG_ZEROOUT can be slow
[   48.959379] warning: checkpointing journal with EXT4_IOC_CHECKPOINT_FLAG_ZEROOUT can be slow
[   49.180391] warning: checkpointing journal with EXT4_IOC_CHECKPOINT_FLAG_ZEROOUT can be slow
[   49.401015] warning: checkpointing journal with EXT4_IOC_CHECKPOINT_FLAG_ZEROOUT can be slow
[   49.621977] warning: checkpointing journal with EXT4_IOC_CHECKPOINT_FLAG_ZEROOUT can be slow
[   49.842460] warning: checkpointing journal with EXT4_IOC_CHECKPOINT_FLAG_ZEROOUT can be slow
[   50.063213] warning: checkpointing journal with EXT4_IOC_CHECKPOINT_FLAG_ZEROOUT can be slow
[   50.284147] warning: checkpointing journal with EXT4_IOC_CHECKPOINT_FLAG_ZEROOUT can be slow
[   50.505031] warning: checkpointing journal with EXT4_IOC_CHECKPOINT_FLAG_ZEROOUT can be slow
[   50.726010] warning: checkpointing journal with EXT4_IOC_CHECKPOINT_FLAG_ZEROOUT can be slow
[   53.814105] ext4_ioctl_checkpoint: 13 callbacks suppressed
[   53.814118] warning: checkpointing journal with EXT4_IOC_CHECKPOINT_FLAG_ZEROOUT can be slow
[   54.035440] warning: checkpointing journal with EXT4_IOC_CHECKPOINT_FLAG_ZEROOUT can be slow
[   54.255460] warning: checkpointing journal with EXT4_IOC_CHECKPOINT_FLAG_ZEROOUT can be slow
[   54.476643] warning: checkpointing journal with EXT4_IOC_CHECKPOINT_FLAG_ZEROOUT can be slow
[   54.697604] warning: checkpointing journal with EXT4_IOC_CHECKPOINT_FLAG_ZEROOUT can be slow
[   54.919986] warning: checkpointing journal with EXT4_IOC_CHECKPOINT_FLAG_ZEROOUT can be slow
[   55.143065] warning: checkpointing journal with EXT4_IOC_CHECKPOINT_FLAG_ZEROOUT can be slow
[   55.362980] warning: checkpointing journal with EXT4_IOC_CHECKPOINT_FLAG_ZEROOUT can be slow
[   55.583581] warning: checkpointing journal with EXT4_IOC_CHECKPOINT_FLAG_ZEROOUT can be slow
[   55.804678] warning: checkpointing journal with EXT4_IOC_CHECKPOINT_FLAG_ZEROOUT can be slow
[   58.890895] ext4_ioctl_checkpoint: 13 callbacks suppressed
[   58.890909] warning: checkpointing journal with EXT4_IOC_CHECKPOINT_FLAG_ZEROOUT can be slow
[   59.113293] warning: checkpointing journal with EXT4_IOC_CHECKPOINT_FLAG_ZEROOUT can be slow
[   59.334921] warning: checkpointing journal with EXT4_IOC_CHECKPOINT_FLAG_ZEROOUT can be slow
[   59.556478] warning: checkpointing journal with EXT4_IOC_CHECKPOINT_FLAG_ZEROOUT can be slow
[   59.777854] warning: checkpointing journal with EXT4_IOC_CHECKPOINT_FLAG_ZEROOUT can be slow
[   59.999481] warning: checkpointing journal with EXT4_IOC_CHECKPOINT_FLAG_ZEROOUT can be slow
[   60.219497] warning: checkpointing journal with EXT4_IOC_CHECKPOINT_FLAG_ZEROOUT can be slow
[   60.440206] warning: checkpointing journal with EXT4_IOC_CHECKPOINT_FLAG_ZEROOUT can be slow
[   60.660976] warning: checkpointing journal with EXT4_IOC_CHECKPOINT_FLAG_ZEROOUT can be slow
[   60.880827] warning: checkpointing journal with EXT4_IOC_CHECKPOINT_FLAG_ZEROOUT can be slow
[   63.968987] ext4_ioctl_checkpoint: 13 callbacks suppressed
[   63.969000] warning: checkpointing journal with EXT4_IOC_CHECKPOINT_FLAG_ZEROOUT can be slow
[   64.191263] warning: checkpointing journal with EXT4_IOC_CHECKPOINT_FLAG_ZEROOUT can be slow
[   64.412639] warning: checkpointing journal with EXT4_IOC_CHECKPOINT_FLAG_ZEROOUT can be slow
[   64.634171] warning: checkpointing journal with EXT4_IOC_CHECKPOINT_FLAG_ZEROOUT can be slow
[   64.855615] warning: checkpointing journal with EXT4_IOC_CHECKPOINT_FLAG_ZEROOUT can be slow
[   65.077862] warning: checkpointing journal with EXT4_IOC_CHECKPOINT_FLAG_ZEROOUT can be slow
[   65.299055] warning: checkpointing journal with EXT4_IOC_CHECKPOINT_FLAG_ZEROOUT can be slow
[   65.519571] warning: checkpointing journal with EXT4_IOC_CHECKPOINT_FLAG_ZEROOUT can be slow
[   65.739630] warning: checkpointing journal with EXT4_IOC_CHECKPOINT_FLAG_ZEROOUT can be slow
[   65.961320] warning: checkpointing journal with EXT4_IOC_CHECKPOINT_FLAG_ZEROOUT can be slow
[   69.048015] ext4_ioctl_checkpoint: 13 callbacks suppressed
[   69.048026] warning: checkpointing journal with EXT4_IOC_CHECKPOINT_FLAG_ZEROOUT can be slow
[   69.269074] warning: checkpointing journal with EXT4_IOC_CHECKPOINT_FLAG_ZEROOUT can be slow
[   69.492363] warning: checkpointing journal with EXT4_IOC_CHECKPOINT_FLAG_ZEROOUT can be slow
[   69.714132] warning: checkpointing journal with EXT4_IOC_CHECKPOINT_FLAG_ZEROOUT can be slow
[   69.935679] warning: checkpointing journal with EXT4_IOC_CHECKPOINT_FLAG_ZEROOUT can be slow
[   70.157017] warning: checkpointing journal with EXT4_IOC_CHECKPOINT_FLAG_ZEROOUT can be slow
[   70.378404] warning: checkpointing journal with EXT4_IOC_CHECKPOINT_FLAG_ZEROOUT can be slow
[   70.599061] warning: checkpointing journal with EXT4_IOC_CHECKPOINT_FLAG_ZEROOUT can be slow
[   70.819837] warning: checkpointing journal with EXT4_IOC_CHECKPOINT_FLAG_ZEROOUT can be slow
[   71.040116] warning: checkpointing journal with EXT4_IOC_CHECKPOINT_FLAG_ZEROOUT can be slow
[   74.123290] ext4_ioctl_checkpoint: 13 callbacks suppressed
[   74.123303] warning: checkpointing journal with EXT4_IOC_CHECKPOINT_FLAG_ZEROOUT can be slow
[   74.344996] warning: checkpointing journal with EXT4_IOC_CHECKPOINT_FLAG_ZEROOUT can be slow
[   74.566684] warning: checkpointing journal with EXT4_IOC_CHECKPOINT_FLAG_ZEROOUT can be slow
[   74.788506] warning: checkpointing journal with EXT4_IOC_CHECKPOINT_FLAG_ZEROOUT can be slow
[   75.009092] warning: checkpointing journal with EXT4_IOC_CHECKPOINT_FLAG_ZEROOUT can be slow
[   75.228851] warning: checkpointing journal with EXT4_IOC_CHECKPOINT_FLAG_ZEROOUT can be slow
[   75.449512] warning: checkpointing journal with EXT4_IOC_CHECKPOINT_FLAG_ZEROOUT can be slow
[   75.669445] warning: checkpointing journal with EXT4_IOC_CHECKPOINT_FLAG_ZEROOUT can be slow
[   75.889958] warning: checkpointing journal with EXT4_IOC_CHECKPOINT_FLAG_ZEROOUT can be slow
[   76.110302] warning: checkpointing journal with EXT4_IOC_CHECKPOINT_FLAG_ZEROOUT can be slow
[   79.194321] ext4_ioctl_checkpoint: 13 callbacks suppressed
[   79.194332] warning: checkpointing journal with EXT4_IOC_CHECKPOINT_FLAG_ZEROOUT can be slow
[   79.415094] warning: checkpointing journal with EXT4_IOC_CHECKPOINT_FLAG_ZEROOUT can be slow
[   79.635168] warning: checkpointing journal with EXT4_IOC_CHECKPOINT_FLAG_ZEROOUT can be slow
[   79.856063] warning: checkpointing journal with EXT4_IOC_CHECKPOINT_FLAG_ZEROOUT can be slow
[   80.075861] warning: checkpointing journal with EXT4_IOC_CHECKPOINT_FLAG_ZEROOUT can be slow
[   80.297063] warning: checkpointing journal with EXT4_IOC_CHECKPOINT_FLAG_ZEROOUT can be slow
[   80.517785] warning: checkpointing journal with EXT4_IOC_CHECKPOINT_FLAG_ZEROOUT can be slow
[   80.739293] warning: checkpointing journal with EXT4_IOC_CHECKPOINT_FLAG_ZEROOUT can be slow
[   80.959420] warning: checkpointing journal with EXT4_IOC_CHECKPOINT_FLAG_ZEROOUT can be slow
[   81.179634] warning: checkpointing journal with EXT4_IOC_CHECKPOINT_FLAG_ZEROOUT can be slow
[   84.266642] ext4_ioctl_checkpoint: 13 callbacks suppressed
[   84.266654] warning: checkpointing journal with EXT4_IOC_CHECKPOINT_FLAG_ZEROOUT can be slow
[   84.486785] warning: checkpointing journal with EXT4_IOC_CHECKPOINT_FLAG_ZEROOUT can be slow
[   84.707334] warning: checkpointing journal with EXT4_IOC_CHECKPOINT_FLAG_ZEROOUT can be slow
[   84.928543] warning: checkpointing journal with EXT4_IOC_CHECKPOINT_FLAG_ZEROOUT can be slow
[   85.148686] warning: checkpointing journal with EXT4_IOC_CHECKPOINT_FLAG_ZEROOUT can be slow
[   85.370042] warning: checkpointing journal with EXT4_IOC_CHECKPOINT_FLAG_ZEROOUT can be slow
[   85.590308] warning: checkpointing journal with EXT4_IOC_CHECKPOINT_FLAG_ZEROOUT can be slow
[   85.811009] warning: checkpointing journal with EXT4_IOC_CHECKPOINT_FLAG_ZEROOUT can be slow
[   86.031659] warning: checkpointing journal with EXT4_IOC_CHECKPOINT_FLAG_ZEROOUT can be slow
[   86.252330] warning: checkpointing journal with EXT4_IOC_CHECKPOINT_FLAG_ZEROOUT can be slow
[   89.331056] ext4_ioctl_checkpoint: 13 callbacks suppressed
[   89.331069] warning: checkpointing journal with EXT4_IOC_CHECKPOINT_FLAG_ZEROOUT can be slow
[   89.551224] warning: checkpointing journal with EXT4_IOC_CHECKPOINT_FLAG_ZEROOUT can be slow
[   89.772256] warning: checkpointing journal with EXT4_IOC_CHECKPOINT_FLAG_ZEROOUT can be slow
[   89.994576] warning: checkpointing journal with EXT4_IOC_CHECKPOINT_FLAG_ZEROOUT can be slow
[   90.214999] warning: checkpointing journal with EXT4_IOC_CHECKPOINT_FLAG_ZEROOUT can be slow
[   90.435733] warning: checkpointing journal with EXT4_IOC_CHECKPOINT_FLAG_ZEROOUT can be slow
[   90.655951] warning: checkpointing journal with EXT4_IOC_CHECKPOINT_FLAG_ZEROOUT can be slow
[   90.877640] warning: checkpointing journal with EXT4_IOC_CHECKPOINT_FLAG_ZEROOUT can be slow
[   91.098882] warning: checkpointing journal with EXT4_IOC_CHECKPOINT_FLAG_ZEROOUT can be slow
[   91.319855] warning: checkpointing journal with EXT4_IOC_CHECKPOINT_FLAG_ZEROOUT can be slow
[   94.400845] ext4_ioctl_checkpoint: 13 callbacks suppressed
[   94.400858] warning: checkpointing journal with EXT4_IOC_CHECKPOINT_FLAG_ZEROOUT can be slow
[   94.621058] warning: checkpointing journal with EXT4_IOC_CHECKPOINT_FLAG_ZEROOUT can be slow
[   94.841989] warning: checkpointing journal with EXT4_IOC_CHECKPOINT_FLAG_ZEROOUT can be slow
[   95.063019] warning: checkpointing journal with EXT4_IOC_CHECKPOINT_FLAG_ZEROOUT can be slow
[   95.284313] warning: checkpointing journal with EXT4_IOC_CHECKPOINT_FLAG_ZEROOUT can be slow
[   95.505018] warning: checkpointing journal with EXT4_IOC_CHECKPOINT_FLAG_ZEROOUT can be slow
[   95.725389] warning: checkpointing journal with EXT4_IOC_CHECKPOINT_FLAG_ZEROOUT can be slow
[   95.948235] warning: checkpointing journal with EXT4_IOC_CHECKPOINT_FLAG_ZEROOUT can be slow
[   96.168670] warning: checkpointing journal with EXT4_IOC_CHECKPOINT_FLAG_ZEROOUT can be slow
[   96.389881] warning: checkpointing journal with EXT4_IOC_CHECKPOINT_FLAG_ZEROOUT can be slow
[   99.477378] ext4_ioctl_checkpoint: 13 callbacks suppressed
[   99.477391] warning: checkpointing journal with EXT4_IOC_CHECKPOINT_FLAG_ZEROOUT can be slow
[   99.698704] warning: checkpointing journal with EXT4_IOC_CHECKPOINT_FLAG_ZEROOUT can be slow
[   99.920614] warning: checkpointing journal with EXT4_IOC_CHECKPOINT_FLAG_ZEROOUT can be slow
[  100.142269] warning: checkpointing journal with EXT4_IOC_CHECKPOINT_FLAG_ZEROOUT can be slow
[  100.363568] warning: checkpointing journal with EXT4_IOC_CHECKPOINT_FLAG_ZEROOUT can be slow
[  100.586151] warning: checkpointing journal with EXT4_IOC_CHECKPOINT_FLAG_ZEROOUT can be slow
[  100.808076] warning: checkpointing journal with EXT4_IOC_CHECKPOINT_FLAG_ZEROOUT can be slow
[  101.028884] warning: checkpointing journal with EXT4_IOC_CHECKPOINT_FLAG_ZEROOUT can be slow
[  101.249809] warning: checkpointing journal with EXT4_IOC_CHECKPOINT_FLAG_ZEROOUT can be slow
[  101.470861] warning: checkpointing journal with EXT4_IOC_CHECKPOINT_FLAG_ZEROOUT can be slow
[  104.566220] ext4_ioctl_checkpoint: 13 callbacks suppressed
[  104.566233] warning: checkpointing journal with EXT4_IOC_CHECKPOINT_FLAG_ZEROOUT can be slow
[  104.788324] warning: checkpointing journal with EXT4_IOC_CHECKPOINT_FLAG_ZEROOUT can be slow
[  105.010388] warning: checkpointing journal with EXT4_IOC_CHECKPOINT_FLAG_ZEROOUT can be slow
[  105.232516] warning: checkpointing journal with EXT4_IOC_CHECKPOINT_FLAG_ZEROOUT can be slow
[  105.455656] warning: checkpointing journal with EXT4_IOC_CHECKPOINT_FLAG_ZEROOUT can be slow
[  105.678346] warning: checkpointing journal with EXT4_IOC_CHECKPOINT_FLAG_ZEROOUT can be slow
[  105.900367] warning: checkpointing journal with EXT4_IOC_CHECKPOINT_FLAG_ZEROOUT can be slow
[  106.121202] warning: checkpointing journal with EXT4_IOC_CHECKPOINT_FLAG_ZEROOUT can be slow
[  106.343839] warning: checkpointing journal with EXT4_IOC_CHECKPOINT_FLAG_ZEROOUT can be slow
[  106.566135] warning: checkpointing journal with EXT4_IOC_CHECKPOINT_FLAG_ZEROOUT can be slow
[  109.652352] ext4_ioctl_checkpoint: 13 callbacks suppressed
[  109.652365] warning: checkpointing journal with EXT4_IOC_CHECKPOINT_FLAG_ZEROOUT can be slow
[  109.873107] warning: checkpointing journal with EXT4_IOC_CHECKPOINT_FLAG_ZEROOUT can be slow
[  110.095080] warning: checkpointing journal with EXT4_IOC_CHECKPOINT_FLAG_ZEROOUT can be slow
[  110.315487] warning: checkpointing journal with EXT4_IOC_CHECKPOINT_FLAG_ZEROOUT can be slow
[  110.537228] warning: checkpointing journal with EXT4_IOC_CHECKPOINT_FLAG_ZEROOUT can be slow
[  110.758707] warning: checkpointing journal with EXT4_IOC_CHECKPOINT_FLAG_ZEROOUT can be slow
[  110.980396] warning: checkpointing journal with EXT4_IOC_CHECKPOINT_FLAG_ZEROOUT can be slow
[  111.201167] warning: checkpointing journal with EXT4_IOC_CHECKPOINT_FLAG_ZEROOUT can be slow
[  111.421714] warning: checkpointing journal with EXT4_IOC_CHECKPOINT_FLAG_ZEROOUT can be slow
[  111.642388] warning: checkpointing journal with EXT4_IOC_CHECKPOINT_FLAG_ZEROOUT can be slow
[  114.738147] ext4_ioctl_checkpoint: 13 callbacks suppressed
[  114.738160] warning: checkpointing journal with EXT4_IOC_CHECKPOINT_FLAG_ZEROOUT can be slow
[  114.958959] warning: checkpointing journal with EXT4_IOC_CHECKPOINT_FLAG_ZEROOUT can be slow
[  115.179615] warning: checkpointing journal with EXT4_IOC_CHECKPOINT_FLAG_ZEROOUT can be slow
[  115.401542] warning: checkpointing journal with EXT4_IOC_CHECKPOINT_FLAG_ZEROOUT can be slow
[  115.624511] warning: checkpointing journal with EXT4_IOC_CHECKPOINT_FLAG_ZEROOUT can be slow
[  115.845100] warning: checkpointing journal with EXT4_IOC_CHECKPOINT_FLAG_ZEROOUT can be slow
[  116.065708] warning: checkpointing journal with EXT4_IOC_CHECKPOINT_FLAG_ZEROOUT can be slow
[  116.287124] warning: checkpointing journal with EXT4_IOC_CHECKPOINT_FLAG_ZEROOUT can be slow
[  116.508964] warning: checkpointing journal with EXT4_IOC_CHECKPOINT_FLAG_ZEROOUT can be slow
[  116.729767] warning: checkpointing journal with EXT4_IOC_CHECKPOINT_FLAG_ZEROOUT can be slow
[  119.821777] ext4_ioctl_checkpoint: 13 callbacks suppressed
[  119.821789] warning: checkpointing journal with EXT4_IOC_CHECKPOINT_FLAG_ZEROOUT can be slow
[  120.044012] warning: checkpointing journal with EXT4_IOC_CHECKPOINT_FLAG_ZEROOUT can be slow
[  120.265768] warning: checkpointing journal with EXT4_IOC_CHECKPOINT_FLAG_ZEROOUT can be slow
[  120.487305] warning: checkpointing journal with EXT4_IOC_CHECKPOINT_FLAG_ZEROOUT can be slow
[  120.709725] warning: checkpointing journal with EXT4_IOC_CHECKPOINT_FLAG_ZEROOUT can be slow
[  120.932268] warning: checkpointing journal with EXT4_IOC_CHECKPOINT_FLAG_ZEROOUT can be slow
[  121.154189] warning: checkpointing journal with EXT4_IOC_CHECKPOINT_FLAG_ZEROOUT can be slow
[  121.374773] warning: checkpointing journal with EXT4_IOC_CHECKPOINT_FLAG_ZEROOUT can be slow
[  121.596451] warning: checkpointing journal with EXT4_IOC_CHECKPOINT_FLAG_ZEROOUT can be slow
[  121.817522] warning: checkpointing journal with EXT4_IOC_CHECKPOINT_FLAG_ZEROOUT can be slow
[  124.910479] ext4_ioctl_checkpoint: 13 callbacks suppressed
[  124.910492] warning: checkpointing journal with EXT4_IOC_CHECKPOINT_FLAG_ZEROOUT can be slow
[  125.131667] warning: checkpointing journal with EXT4_IOC_CHECKPOINT_FLAG_ZEROOUT can be slow
[  125.352949] warning: checkpointing journal with EXT4_IOC_CHECKPOINT_FLAG_ZEROOUT can be slow
[  125.573807] warning: checkpointing journal with EXT4_IOC_CHECKPOINT_FLAG_ZEROOUT can be slow
[  125.794383] warning: checkpointing journal with EXT4_IOC_CHECKPOINT_FLAG_ZEROOUT can be slow
[  126.015401] warning: checkpointing journal with EXT4_IOC_CHECKPOINT_FLAG_ZEROOUT can be slow
[  126.236618] warning: checkpointing journal with EXT4_IOC_CHECKPOINT_FLAG_ZEROOUT can be slow
[  126.457226] warning: checkpointing journal with EXT4_IOC_CHECKPOINT_FLAG_ZEROOUT can be slow
[  126.678286] warning: checkpointing journal with EXT4_IOC_CHECKPOINT_FLAG_ZEROOUT can be slow
[  126.899471] warning: checkpointing journal with EXT4_IOC_CHECKPOINT_FLAG_ZEROOUT can be slow
[  129.992066] ext4_ioctl_checkpoint: 13 callbacks suppressed
[  129.992084] warning: checkpointing journal with EXT4_IOC_CHECKPOINT_FLAG_ZEROOUT can be slow
[  130.213877] warning: checkpointing journal with EXT4_IOC_CHECKPOINT_FLAG_ZEROOUT can be slow
[  130.435283] warning: checkpointing journal with EXT4_IOC_CHECKPOINT_FLAG_ZEROOUT can be slow
[  130.655966] warning: checkpointing journal with EXT4_IOC_CHECKPOINT_FLAG_ZEROOUT can be slow
[  130.877134] warning: checkpointing journal with EXT4_IOC_CHECKPOINT_FLAG_ZEROOUT can be slow
[  131.099893] warning: checkpointing journal with EXT4_IOC_CHECKPOINT_FLAG_ZEROOUT can be slow
[  131.321299] warning: checkpointing journal with EXT4_IOC_CHECKPOINT_FLAG_ZEROOUT can be slow
[  131.542491] warning: checkpointing journal with EXT4_IOC_CHECKPOINT_FLAG_ZEROOUT can be slow
[  131.764390] warning: checkpointing journal with EXT4_IOC_CHECKPOINT_FLAG_ZEROOUT can be slow
[  131.986797] warning: checkpointing journal with EXT4_IOC_CHECKPOINT_FLAG_ZEROOUT can be slow
[  135.095775] ext4_ioctl_checkpoint: 13 callbacks suppressed
[  135.095788] warning: checkpointing journal with EXT4_IOC_CHECKPOINT_FLAG_ZEROOUT can be slow
[  135.318132] warning: checkpointing journal with EXT4_IOC_CHECKPOINT_FLAG_ZEROOUT can be slow
[  135.540243] warning: checkpointing journal with EXT4_IOC_CHECKPOINT_FLAG_ZEROOUT can be slow
[  135.762064] warning: checkpointing journal with EXT4_IOC_CHECKPOINT_FLAG_ZEROOUT can be slow
[  135.984167] warning: checkpointing journal with EXT4_IOC_CHECKPOINT_FLAG_ZEROOUT can be slow
[  136.206948] warning: checkpointing journal with EXT4_IOC_CHECKPOINT_FLAG_ZEROOUT can be slow
[  136.429228] warning: checkpointing journal with EXT4_IOC_CHECKPOINT_FLAG_ZEROOUT can be slow
[  136.651047] warning: checkpointing journal with EXT4_IOC_CHECKPOINT_FLAG_ZEROOUT can be slow
[  136.873817] warning: checkpointing journal with EXT4_IOC_CHECKPOINT_FLAG_ZEROOUT can be slow
[  137.096574] warning: checkpointing journal with EXT4_IOC_CHECKPOINT_FLAG_ZEROOUT can be slow
[  140.194693] ext4_ioctl_checkpoint: 13 callbacks suppressed
[  140.194707] warning: checkpointing journal with EXT4_IOC_CHECKPOINT_FLAG_ZEROOUT can be slow
[  140.416805] warning: checkpointing journal with EXT4_IOC_CHECKPOINT_FLAG_ZEROOUT can be slow
[  140.638414] warning: checkpointing journal with EXT4_IOC_CHECKPOINT_FLAG_ZEROOUT can be slow
[  140.859704] warning: checkpointing journal with EXT4_IOC_CHECKPOINT_FLAG_ZEROOUT can be slow
[  141.081004] warning: checkpointing journal with EXT4_IOC_CHECKPOINT_FLAG_ZEROOUT can be slow
[  141.302646] warning: checkpointing journal with EXT4_IOC_CHECKPOINT_FLAG_ZEROOUT can be slow
[  141.523400] warning: checkpointing journal with EXT4_IOC_CHECKPOINT_FLAG_ZEROOUT can be slow
[  141.745037] warning: checkpointing journal with EXT4_IOC_CHECKPOINT_FLAG_ZEROOUT can be slow
[  141.966499] warning: checkpointing journal with EXT4_IOC_CHECKPOINT_FLAG_ZEROOUT can be slow
[  142.189285] warning: checkpointing journal with EXT4_IOC_CHECKPOINT_FLAG_ZEROOUT can be slow
[  145.286834] ext4_ioctl_checkpoint: 13 callbacks suppressed
[  145.286847] warning: checkpointing journal with EXT4_IOC_CHECKPOINT_FLAG_ZEROOUT can be slow
[  145.509807] warning: checkpointing journal with EXT4_IOC_CHECKPOINT_FLAG_ZEROOUT can be slow
[  145.731776] warning: checkpointing journal with EXT4_IOC_CHECKPOINT_FLAG_ZEROOUT can be slow
[  145.952995] warning: checkpointing journal with EXT4_IOC_CHECKPOINT_FLAG_ZEROOUT can be slow
[  146.175869] warning: checkpointing journal with EXT4_IOC_CHECKPOINT_FLAG_ZEROOUT can be slow
[  146.398860] warning: checkpointing journal with EXT4_IOC_CHECKPOINT_FLAG_ZEROOUT can be slow
[  146.621643] warning: checkpointing journal with EXT4_IOC_CHECKPOINT_FLAG_ZEROOUT can be slow
[  146.844809] warning: checkpointing journal with EXT4_IOC_CHECKPOINT_FLAG_ZEROOUT can be slow
[  147.067972] warning: checkpointing journal with EXT4_IOC_CHECKPOINT_FLAG_ZEROOUT can be slow
[  147.289907] warning: checkpointing journal with EXT4_IOC_CHECKPOINT_FLAG_ZEROOUT can be slow
[  150.396777] ext4_ioctl_checkpoint: 13 callbacks suppressed
[  150.396791] warning: checkpointing journal with EXT4_IOC_CHECKPOINT_FLAG_ZEROOUT can be slow
[  150.620254] warning: checkpointing journal with EXT4_IOC_CHECKPOINT_FLAG_ZEROOUT can be slow
[  150.843529] warning: checkpointing journal with EXT4_IOC_CHECKPOINT_FLAG_ZEROOUT can be slow
[  151.065470] warning: checkpointing journal with EXT4_IOC_CHECKPOINT_FLAG_ZEROOUT can be slow
[  151.287873] warning: checkpointing journal with EXT4_IOC_CHECKPOINT_FLAG_ZEROOUT can be slow
[  151.510066] warning: checkpointing journal with EXT4_IOC_CHECKPOINT_FLAG_ZEROOUT can be slow
[  151.733491] warning: checkpointing journal with EXT4_IOC_CHECKPOINT_FLAG_ZEROOUT can be slow
[  151.956686] warning: checkpointing journal with EXT4_IOC_CHECKPOINT_FLAG_ZEROOUT can be slow
[  152.179711] warning: checkpointing journal with EXT4_IOC_CHECKPOINT_FLAG_ZEROOUT can be slow
[  152.402112] warning: checkpointing journal with EXT4_IOC_CHECKPOINT_FLAG_ZEROOUT can be slow
[  155.512771] ext4_ioctl_checkpoint: 13 callbacks suppressed
[  155.512784] warning: checkpointing journal with EXT4_IOC_CHECKPOINT_FLAG_ZEROOUT can be slow
[  155.733876] warning: checkpointing journal with EXT4_IOC_CHECKPOINT_FLAG_ZEROOUT can be slow
[  155.955064] warning: checkpointing journal with EXT4_IOC_CHECKPOINT_FLAG_ZEROOUT can be slow
[  156.176642] warning: checkpointing journal with EXT4_IOC_CHECKPOINT_FLAG_ZEROOUT can be slow
[  156.397510] warning: checkpointing journal with EXT4_IOC_CHECKPOINT_FLAG_ZEROOUT can be slow
[  156.618436] warning: checkpointing journal with EXT4_IOC_CHECKPOINT_FLAG_ZEROOUT can be slow
[  156.839503] warning: checkpointing journal with EXT4_IOC_CHECKPOINT_FLAG_ZEROOUT can be slow
[  157.060532] warning: checkpointing journal with EXT4_IOC_CHECKPOINT_FLAG_ZEROOUT can be slow
[  157.282359] warning: checkpointing journal with EXT4_IOC_CHECKPOINT_FLAG_ZEROOUT can be slow
[  157.503756] warning: checkpointing journal with EXT4_IOC_CHECKPOINT_FLAG_ZEROOUT can be slow
[  160.592773] ext4_ioctl_checkpoint: 13 callbacks suppressed
[  160.592785] warning: checkpointing journal with EXT4_IOC_CHECKPOINT_FLAG_ZEROOUT can be slow
[  160.819161] warning: checkpointing journal with EXT4_IOC_CHECKPOINT_FLAG_ZEROOUT can be slow
[  161.042038] warning: checkpointing journal with EXT4_IOC_CHECKPOINT_FLAG_ZEROOUT can be slow
[  161.264330] warning: checkpointing journal with EXT4_IOC_CHECKPOINT_FLAG_ZEROOUT can be slow
[  161.485704] warning: checkpointing journal with EXT4_IOC_CHECKPOINT_FLAG_ZEROOUT can be slow
[  161.707690] warning: checkpointing journal with EXT4_IOC_CHECKPOINT_FLAG_ZEROOUT can be slow
[  161.927984] warning: checkpointing journal with EXT4_IOC_CHECKPOINT_FLAG_ZEROOUT can be slow
[  162.148503] warning: checkpointing journal with EXT4_IOC_CHECKPOINT_FLAG_ZEROOUT can be slow
[  162.369760] warning: checkpointing journal with EXT4_IOC_CHECKPOINT_FLAG_ZEROOUT can be slow
[  162.590467] warning: checkpointing journal with EXT4_IOC_CHECKPOINT_FLAG_ZEROOUT can be slow
[  165.682451] ext4_ioctl_checkpoint: 13 callbacks suppressed
[  165.682464] warning: checkpointing journal with EXT4_IOC_CHECKPOINT_FLAG_ZEROOUT can be slow
[  165.903363] warning: checkpointing journal with EXT4_IOC_CHECKPOINT_FLAG_ZEROOUT can be slow
[  166.124812] warning: checkpointing journal with EXT4_IOC_CHECKPOINT_FLAG_ZEROOUT can be slow
[  166.346130] warning: checkpointing journal with EXT4_IOC_CHECKPOINT_FLAG_ZEROOUT can be slow
[  166.567284] warning: checkpointing journal with EXT4_IOC_CHECKPOINT_FLAG_ZEROOUT can be slow
[  166.788713] warning: checkpointing journal with EXT4_IOC_CHECKPOINT_FLAG_ZEROOUT can be slow
[  167.009111] warning: checkpointing journal with EXT4_IOC_CHECKPOINT_FLAG_ZEROOUT can be slow
[  167.229841] warning: checkpointing journal with EXT4_IOC_CHECKPOINT_FLAG_ZEROOUT can be slow
[  167.452171] warning: checkpointing journal with EXT4_IOC_CHECKPOINT_FLAG_ZEROOUT can be slow
[  167.674278] warning: checkpointing journal with EXT4_IOC_CHECKPOINT_FLAG_ZEROOUT can be slow
[  170.768309] ext4_ioctl_checkpoint: 13 callbacks suppressed
[  170.768322] warning: checkpointing journal with EXT4_IOC_CHECKPOINT_FLAG_ZEROOUT can be slow
[  170.988927] warning: checkpointing journal with EXT4_IOC_CHECKPOINT_FLAG_ZEROOUT can be slow
[  171.208566] warning: checkpointing journal with EXT4_IOC_CHECKPOINT_FLAG_ZEROOUT can be slow
[  171.429306] warning: checkpointing journal with EXT4_IOC_CHECKPOINT_FLAG_ZEROOUT can be slow
[  171.651094] warning: checkpointing journal with EXT4_IOC_CHECKPOINT_FLAG_ZEROOUT can be slow
[  171.872391] warning: checkpointing journal with EXT4_IOC_CHECKPOINT_FLAG_ZEROOUT can be slow
[  172.093632] warning: checkpointing journal with EXT4_IOC_CHECKPOINT_FLAG_ZEROOUT can be slow
[  172.314977] warning: checkpointing journal with EXT4_IOC_CHECKPOINT_FLAG_ZEROOUT can be slow
[  172.536650] warning: checkpointing journal with EXT4_IOC_CHECKPOINT_FLAG_ZEROOUT can be slow
[  172.757571] warning: checkpointing journal with EXT4_IOC_CHECKPOINT_FLAG_ZEROOUT can be slow
[  175.855947] ext4_ioctl_checkpoint: 13 callbacks suppressed
