c[?7l[2J[0mSeaBIOS (version rel-1.16.0-0-gd239552ce722-prebuilt.qemu.org)


iPXE (http://ipxe.org) 00:03.0 CA00 PCI2.10 PnP PMM+7FF91000+7FEF1000 CA00
Press Ctrl-B to configure iPXE (PCI 00:03.0)...                                                                               


Booting from ROM..c[?7l[2J[    0.000000] Linux version 5.19.0-eff0cb3d91c0+ (root@984fee00a1f6.jf.intel.com) (gcc (GCC) 8.5.0 20210514 (Red Hat 8.5.0-17), GNU ld version 2.36.1-3.el8) #1 SMP PREEMPT_DYNAMIC Tue Dec 13 02:37:53 PST 2022
[    0.000000] Command line: console=ttyS0 root=/dev/sda earlyprintk=serial net.ifnames=0
[    0.000000] KERNEL supported cpus:
[    0.000000]   Intel GenuineIntel
[    0.000000]   AMD AuthenticAMD
[    0.000000]   Hygon HygonGenuine
[    0.000000]   Centaur CentaurHauls
[    0.000000]   zhaoxin   Shanghai  
[    0.000000] x86/split lock detection: #DB: warning on user-space bus_locks
[    0.000000] x86/fpu: Supporting XSAVE feature 0x001: 'x87 floating point registers'
[    0.000000] x86/fpu: Supporting XSAVE feature 0x002: 'SSE registers'
[    0.000000] x86/fpu: Supporting XSAVE feature 0x004: 'AVX registers'
[    0.000000] x86/fpu: Supporting XSAVE feature 0x020: 'AVX-512 opmask'
[    0.000000] x86/fpu: Supporting XSAVE feature 0x040: 'AVX-512 Hi256'
[    0.000000] x86/fpu: Supporting XSAVE feature 0x080: 'AVX-512 ZMM_Hi256'
[    0.000000] x86/fpu: Supporting XSAVE feature 0x200: 'Protection Keys User registers'
[    0.000000] x86/fpu: Supporting XSAVE feature 0x20000: 'AMX Tile config'
[    0.000000] x86/fpu: Supporting XSAVE feature 0x40000: 'AMX Tile data'
[    0.000000] x86/fpu: xstate_offset[2]:  576, xstate_sizes[2]:  256
[    0.000000] x86/fpu: xstate_offset[5]:  832, xstate_sizes[5]:   64
[    0.000000] x86/fpu: xstate_offset[6]:  896, xstate_sizes[6]:  512
[    0.000000] x86/fpu: xstate_offset[7]: 1408, xstate_sizes[7]: 1024
[    0.000000] x86/fpu: xstate_offset[9]: 2432, xstate_sizes[9]:    8
[    0.000000] x86/fpu: xstate_offset[17]: 2496, xstate_sizes[17]:   64
[    0.000000] x86/fpu: xstate_offset[18]: 2560, xstate_sizes[18]: 8192
[    0.000000] x86/fpu: Enabled xstate features 0x602e7, context size is 10752 bytes, using 'compacted' format.
[    0.000000] signal: max sigframe size: 11952
[    0.000000] BIOS-provided physical RAM map:
[    0.000000] BIOS-e820: [mem 0x0000000000000000-0x000000000009fbff] usable
[    0.000000] BIOS-e820: [mem 0x000000000009fc00-0x000000000009ffff] reserved
[    0.000000] BIOS-e820: [mem 0x00000000000f0000-0x00000000000fffff] reserved
[    0.000000] BIOS-e820: [mem 0x0000000000100000-0x000000007ffdffff] usable
[    0.000000] BIOS-e820: [mem 0x000000007ffe0000-0x000000007fffffff] reserved
[    0.000000] BIOS-e820: [mem 0x00000000feffc000-0x00000000feffffff] reserved
[    0.000000] BIOS-e820: [mem 0x00000000fffc0000-0x00000000ffffffff] reserved
[    0.000000] printk: bootconsole [earlyser0] enabled
[    0.000000] NX (Execute Disable) protection: active
[    0.000000] SMBIOS 2.8 present.
[    0.000000] DMI: QEMU Standard PC (i440FX + PIIX, 1996), BIOS rel-1.16.0-0-gd239552ce722-prebuilt.qemu.org 04/01/2014
[    0.000000] Hypervisor detected: KVM
[    0.000000] kvm-clock: Using msrs 4b564d01 and 4b564d00
[    0.000003] kvm-clock: using sched offset of 369302978 cycles
[    0.000459] clocksource: kvm-clock: mask: 0xffffffffffffffff max_cycles: 0x1cd42e4dffb, max_idle_ns: 881590591483 ns
[    0.001873] tsc: Detected 1700.000 MHz processor
[    0.011278] last_pfn = 0x7ffe0 max_arch_pfn = 0x10000000000
[    0.011814] x86/PAT: Configuration [0-7]: WB  WC  UC- UC  WB  WP  UC- WT  
[    0.018466] found SMP MP-table at [mem 0x000f5ba0-0x000f5baf]
[    0.019023] Using GB pages for direct mapping
[    0.020718] ACPI: Early table checksum verification disabled
[    0.021217] ACPI: RSDP 0x00000000000F59C0 000014 (v00 BOCHS )
[    0.021733] ACPI: RSDT 0x000000007FFE1951 000034 (v01 BOCHS  BXPC     00000001 BXPC 00000001)
[    0.022494] ACPI: FACP 0x000000007FFE17FD 000074 (v01 BOCHS  BXPC     00000001 BXPC 00000001)
[    0.023254] ACPI: DSDT 0x000000007FFE0040 0017BD (v01 BOCHS  BXPC     00000001 BXPC 00000001)
[    0.024008] ACPI: FACS 0x000000007FFE0000 000040
[    0.024423] ACPI: APIC 0x000000007FFE1871 000080 (v01 BOCHS  BXPC     00000001 BXPC 00000001)
[    0.025183] ACPI: HPET 0x000000007FFE18F1 000038 (v01 BOCHS  BXPC     00000001 BXPC 00000001)
[    0.025941] ACPI: WAET 0x000000007FFE1929 000028 (v01 BOCHS  BXPC     00000001 BXPC 00000001)
[    0.026693] ACPI: Reserving FACP table memory at [mem 0x7ffe17fd-0x7ffe1870]
[    0.027307] ACPI: Reserving DSDT table memory at [mem 0x7ffe0040-0x7ffe17fc]
[    0.027922] ACPI: Reserving FACS table memory at [mem 0x7ffe0000-0x7ffe003f]
[    0.028533] ACPI: Reserving APIC table memory at [mem 0x7ffe1871-0x7ffe18f0]
[    0.029148] ACPI: Reserving HPET table memory at [mem 0x7ffe18f1-0x7ffe1928]
[    0.029758] ACPI: Reserving WAET table memory at [mem 0x7ffe1929-0x7ffe1950]
[    0.031422] No NUMA configuration found
[    0.031756] Faking a node at [mem 0x0000000000000000-0x000000007ffdffff]
[    0.032421] NODE_DATA(0) allocated [mem 0x7ffb5000-0x7ffdffff]
[    0.038056] Zone ranges:
[    0.038297]   DMA      [mem 0x0000000000001000-0x0000000000ffffff]
[    0.038844]   DMA32    [mem 0x0000000001000000-0x000000007ffdffff]
[    0.039385]   Normal   empty
[    0.039640]   Device   empty
[    0.039900] Movable zone start for each node
[    0.040268] Early memory node ranges
[    0.040577]   node   0: [mem 0x0000000000001000-0x000000000009efff]
[    0.041126]   node   0: [mem 0x0000000000100000-0x000000007ffdffff]
[    0.041672] Initmem setup node 0 [mem 0x0000000000001000-0x000000007ffdffff]
[    0.042735] On node 0, zone DMA: 1 pages in unavailable ranges
[    0.042755] On node 0, zone DMA: 97 pages in unavailable ranges
[    0.051406] On node 0, zone DMA32: 32 pages in unavailable ranges
[    0.052200] ACPI: PM-Timer IO Port: 0x608
[    0.053092] ACPI: LAPIC_NMI (acpi_id[0xff] dfl dfl lint[0x1])
[    0.053646] IOAPIC[0]: apic_id 0, version 17, address 0xfec00000, GSI 0-23
[    0.054261] ACPI: INT_SRC_OVR (bus 0 bus_irq 0 global_irq 2 dfl dfl)
[    0.054817] ACPI: INT_SRC_OVR (bus 0 bus_irq 5 global_irq 5 high level)
[    0.055393] ACPI: INT_SRC_OVR (bus 0 bus_irq 9 global_irq 9 high level)
[    0.055974] ACPI: INT_SRC_OVR (bus 0 bus_irq 10 global_irq 10 high level)
[    0.056566] ACPI: INT_SRC_OVR (bus 0 bus_irq 11 global_irq 11 high level)
[    0.057180] ACPI: Using ACPI (MADT) for SMP configuration information
[    0.057736] ACPI: HPET id: 0x8086a201 base: 0xfed00000
[    0.058197] TSC deadline timer available
[    0.058539] smpboot: Allowing 2 CPUs, 0 hotplug CPUs
[    0.059009] kvm-guest: KVM setup pv remote TLB flush
[    0.059441] kvm-guest: setup PV sched yield
[    0.059861] PM: hibernation: Registered nosave memory: [mem 0x00000000-0x00000fff]
[    0.060522] PM: hibernation: Registered nosave memory: [mem 0x0009f000-0x0009ffff]
[    0.061179] PM: hibernation: Registered nosave memory: [mem 0x000a0000-0x000effff]
[    0.061835] PM: hibernation: Registered nosave memory: [mem 0x000f0000-0x000fffff]
[    0.062493] [mem 0x80000000-0xfeffbfff] available for PCI devices
[    0.063026] Booting paravirtualized kernel on KVM
[    0.063437] clocksource: refined-jiffies: mask: 0xffffffff max_cycles: 0xffffffff, max_idle_ns: 7645519600211568 ns
[    0.064359] setup_percpu: NR_CPUS:8192 nr_cpumask_bits:2 nr_cpu_ids:2 nr_node_ids:1
[    0.065505] percpu: Embedded 64 pages/cpu s225280 r8192 d28672 u1048576
[    0.066341] kvm-guest: PV spinlocks enabled
[    0.066718] PV qspinlock hash table entries: 256 (order: 0, 4096 bytes, linear)
[    0.067379] Fallback order for Node 0: 0 
[    0.067750] Built 1 zonelists, mobility grouping on.  Total pages: 515808
[    0.068349] Policy zone: DMA32
[    0.068619] Kernel command line: net.ifnames=0 console=ttyS0 root=/dev/sda earlyprintk=serial net.ifnames=0
[    0.070236] Dentry cache hash table entries: 262144 (order: 9, 2097152 bytes, linear)
[    0.071079] Inode-cache hash table entries: 131072 (order: 8, 1048576 bytes, linear)
[    0.071871] mem auto-init: stack:off, heap alloc:off, heap free:off
[    0.077102] Memory: 1983420K/2096632K available (32784K kernel code, 4524K rwdata, 8068K rodata, 3644K init, 22324K bss, 113012K reserved, 0K cma-reserved)
[    0.079342] SLUB: HWalign=64, Order=0-3, MinObjects=0, CPUs=2, Nodes=1
[    0.079899] kmemleak: Kernel memory leak detector disabled
[    0.080386] ftrace: allocating 66607 entries in 261 pages
[    0.105634] ftrace: allocated 261 pages with 3 groups
[    0.109310] Dynamic Preempt: voluntary
[    0.109779] Running RCU self tests
[    0.110076] rcu: Preemptible hierarchical RCU implementation.
[    0.110556] rcu: 	RCU lockdep checking is enabled.
[    0.110960] rcu: 	RCU restricting CPUs from NR_CPUS=8192 to nr_cpu_ids=2.
[    0.111527] 	Trampoline variant of Tasks RCU enabled.
[    0.111952] 	Rude variant of Tasks RCU enabled.
[    0.112330] 	Tracing variant of Tasks RCU enabled.
[    0.112729] rcu: RCU calculated value of scheduler-enlistment delay is 25 jiffies.
[    0.113366] rcu: Adjusting geometry for rcu_fanout_leaf=16, nr_cpu_ids=2
[    0.143556] NR_IRQS: 524544, nr_irqs: 440, preallocated irqs: 16
[    0.144397] rcu: srcu_init: Setting srcu_struct sizes based on contention.
[    0.152614] Console: colour VGA+ 80x25
[    0.152986] printk: console [ttyS0] enabled
[    0.152986] printk: console [ttyS0] enabled
[    0.153705] printk: bootconsole [earlyser0] disabled
[    0.153705] printk: bootconsole [earlyser0] disabled
[    0.154558] Lock dependency validator: Copyright (c) 2006 Red Hat, Inc., Ingo Molnar
[    0.155226] ... MAX_LOCKDEP_SUBCLASSES:  8
[    0.155587] ... MAX_LOCK_DEPTH:          48
[    0.155956] ... MAX_LOCKDEP_KEYS:        8192
[    0.156341] ... CLASSHASH_SIZE:          4096
[    0.156724] ... MAX_LOCKDEP_ENTRIES:     32768
[    0.157117] ... MAX_LOCKDEP_CHAINS:      65536
[    0.157508] ... CHAINHASH_SIZE:          32768
[    0.157905]  memory used by lock dependency info: 6365 kB
[    0.158376]  memory used for stack traces: 4224 kB
[    0.158796]  per task-struct memory footprint: 1920 bytes
[    0.159330] ACPI: Core revision 20220331
[    0.159965] clocksource: hpet: mask: 0xffffffff max_cycles: 0xffffffff, max_idle_ns: 19112604467 ns
[    0.160894] APIC: Switch to symmetric I/O mode setup
[    0.161541] x2apic enabled
[    0.161974] Switched APIC routing to physical x2apic.
[    0.162417] kvm-guest: setup PV IPIs
[    0.163670] ..TIMER: vector=0x30 apic1=0 pin1=2 apic2=-1 pin2=-1
[    0.164219] clocksource: tsc-early: mask: 0xffffffffffffffff max_cycles: 0x1881273ac8e, max_idle_ns: 440795257284 ns
[    0.165175] Calibrating delay loop (skipped) preset value.. 3400.00 BogoMIPS (lpj=6800000)
[    0.165898] pid_max: default: 32768 minimum: 301
[    0.166460] LSM: Security Framework initializing
[    0.166873] Yama: becoming mindful.
[    0.167396] Mount-cache hash table entries: 4096 (order: 3, 32768 bytes, linear)
[    0.168049] Mountpoint-cache hash table entries: 4096 (order: 3, 32768 bytes, linear)
[    0.170359] x86/cpu: User Mode Instruction Prevention (UMIP) activated
[    0.171085] Last level iTLB entries: 4KB 0, 2MB 0, 4MB 0
[    0.171558] Last level dTLB entries: 4KB 0, 2MB 0, 4MB 0, 1GB 0
[    0.172087] Spectre V1 : Mitigation: usercopy/swapgs barriers and __user pointer sanitization
[    0.172818] Spectre V2 : WARNING: Unprivileged eBPF is enabled with eIBRS on, data leaks possible via Spectre v2 BHB attacks!
[    0.173171] Spectre V2 : Mitigation: Enhanced IBRS
[    0.173569] Spectre V2 : Spectre v2 / SpectreRSB mitigation: Filling RSB on context switch
[    0.174229] Spectre V2 : mitigation: Enabling conditional Indirect Branch Prediction Barrier
[    0.174905] Speculative Store Bypass: Mitigation: Speculative Store Bypass disabled via prctl
[    0.293652] Freeing SMP alternatives memory: 56K
[    0.294308] smpboot: CPU0: Intel(R) Xeon(R) Gold 6414TDX (family: 0x6, model: 0x8f, stepping: 0x6)
[    0.295511] cblist_init_generic: Setting adjustable number of callback queues.
[    0.296102] cblist_init_generic: Setting shift to 1 and lim to 1.
[    0.296649] cblist_init_generic: Setting shift to 1 and lim to 1.
[    0.297160] cblist_init_generic: Setting shift to 1 and lim to 1.
[    0.297160] Running RCU-tasks wait API self tests
[    0.397245] Performance Events: Sapphire Rapids events, full-width counters, Intel PMU driver.
[    0.398008] ... version:                2
[    0.398334] ... bit width:              48
[    0.398665] ... generic registers:      8
[    0.398994] ... value mask:             0000ffffffffffff
[    0.399419] ... max period:             00007fffffffffff
[    0.399849] ... fixed-purpose events:   3
[    0.400175] ... event mask:             00000007000000ff
[    0.401004] rcu: Hierarchical SRCU implementation.
[    0.401165] rcu: 	Max phase no-delay instances is 1000.
[    0.404474] smp: Bringing up secondary CPUs ...
[    0.405360] x86: Booting SMP configuration:
[    0.405715] .... node  #0, CPUs:      #1
[    0.406151] smp: Brought up 1 node, 2 CPUs
[    0.406151] smpboot: Max logical packages: 1
[    0.406295] smpboot: Total of 2 processors activated (6800.00 BogoMIPS)
[    0.409444] devtmpfs: initialized
[    0.409748] x86/mm: Memory block size: 128MB
[    0.412066] clocksource: jiffies: mask: 0xffffffff max_cycles: 0xffffffff, max_idle_ns: 7645041785100000 ns
[    0.413184] Callback from call_rcu_tasks_trace() invoked.
[    0.413638] futex hash table entries: 512 (order: 4, 65536 bytes, linear)
[    0.414439] pinctrl core: initialized pinctrl subsystem
[    0.415472] 
[    0.415604] *************************************************************
[    0.416149] **     NOTICE NOTICE NOTICE NOTICE NOTICE NOTICE NOTICE    **
[    0.416695] **                                                         **
[    0.417170] **  IOMMU DebugFS SUPPORT HAS BEEN ENABLED IN THIS KERNEL  **
[    0.417712] **                                                         **
[    0.418257] ** This means that this kernel is built to expose internal **
[    0.418802] ** IOMMU data structures, which may compromise security on **
[    0.419352] ** your system.                                            **
[    0.419899] **                                                         **
[    0.420443] ** If you see this message and you are not debugging the   **
[    0.420992] ** kernel, report this immediately to your vendor!         **
[    0.421170] **                                                         **
[    0.421713] **     NOTICE NOTICE NOTICE NOTICE NOTICE NOTICE NOTICE    **
[    0.422257] *************************************************************
[    0.422859] PM: RTC time: 00:25:46, date: 2022-12-14
[    0.426030] NET: Registered PF_NETLINK/PF_ROUTE protocol family
[    0.427213] DMA: preallocated 256 KiB GFP_KERNEL pool for atomic allocations
[    0.427799] DMA: preallocated 256 KiB GFP_KERNEL|GFP_DMA pool for atomic allocations
[    0.428426] DMA: preallocated 256 KiB GFP_KERNEL|GFP_DMA32 pool for atomic allocations
[    0.429119] audit: initializing netlink subsys (disabled)
[    0.429241] audit: type=2000 audit(1670977547.701:1): state=initialized audit_enabled=0 res=1
[    0.429837] thermal_sys: Registered thermal governor 'fair_share'
[    0.429948] thermal_sys: Registered thermal governor 'bang_bang'
[    0.430450] thermal_sys: Registered thermal governor 'step_wise'
[    0.430930] thermal_sys: Registered thermal governor 'user_space'
[    0.431463] cpuidle: using governor ladder
[    0.432307] cpuidle: using governor menu
[    0.432936] HugeTLB: can optimize 4095 vmemmap pages for hugepages-1048576kB
[    0.433179] acpiphp: ACPI Hot Plug PCI Controller Driver version: 0.5
[    0.434037] PCI: Using configuration type 1 for base access
[    0.451314] kprobes: kprobe jump-optimization is enabled. All kprobes are optimized if possible.
[    0.603096] HugeTLB: can optimize 7 vmemmap pages for hugepages-2048kB
[    0.603641] HugeTLB registered 1.00 GiB page size, pre-allocated 0 pages
[    0.604180] HugeTLB registered 2.00 MiB page size, pre-allocated 0 pages
[    0.606961] ACPI: Added _OSI(Module Device)
[    0.607324] ACPI: Added _OSI(Processor Device)
[    0.607693] ACPI: Added _OSI(3.0 _SCP Extensions)
[    0.608078] ACPI: Added _OSI(Processor Aggregator Device)
[    0.608519] ACPI: Added _OSI(Linux-Dell-Video)
[    0.608880] ACPI: Added _OSI(Linux-Lenovo-NV-HDMI-Audio)
[    0.609171] ACPI: Added _OSI(Linux-HPI-Hybrid-Graphics)
[    0.615652] ACPI: 1 ACPI AML tables successfully acquired and loaded
[    0.619793] ACPI: Interpreter enabled
[    0.620194] ACPI: PM: (supports S0 S3 S4 S5)
[    0.620548] ACPI: Using IOAPIC for interrupt routing
[    0.620994] PCI: Using host bridge windows from ACPI; if necessary, use "pci=nocrs" and report a bug
[    0.621165] PCI: Using E820 reservations for host bridge windows
[    0.622399] ACPI: Enabled 2 GPEs in block 00 to 0F
[    0.640934] ACPI: PCI Root Bridge [PCI0] (domain 0000 [bus 00-ff])
[    0.641178] acpi PNP0A03:00: _OSC: OS supports [ASPM ClockPM Segments MSI EDR HPX-Type3]
[    0.641837] acpi PNP0A03:00: _OSC: not requesting OS control; OS requires [ExtendedConfig ASPM ClockPM MSI]
[    0.642683] acpi PNP0A03:00: fail to add MMCONFIG information, can't access extended PCI configuration space under this bridge.
[    0.646236] acpiphp: Slot [3] registered
[    0.646645] acpiphp: Slot [4] registered
[    0.647038] acpiphp: Slot [5] registered
[    0.647436] acpiphp: Slot [6] registered
[    0.647829] acpiphp: Slot [7] registered
[    0.648221] acpiphp: Slot [8] registered
[    0.648625] acpiphp: Slot [9] registered
[    0.649018] acpiphp: Slot [10] registered
[    0.649240] acpiphp: Slot [11] registered
[    0.649639] acpiphp: Slot [12] registered
[    0.650038] acpiphp: Slot [13] registered
[    0.650449] acpiphp: Slot [14] registered
[    0.650848] acpiphp: Slot [15] registered
[    0.651253] acpiphp: Slot [16] registered
[    0.651652] acpiphp: Slot [17] registered
[    0.652062] acpiphp: Slot [18] registered
[    0.652473] acpiphp: Slot [19] registered
[    0.652873] acpiphp: Slot [20] registered
[    0.653237] acpiphp: Slot [21] registered
[    0.653635] acpiphp: Slot [22] registered
[    0.654052] acpiphp: Slot [23] registered
[    0.654455] acpiphp: Slot [24] registered
[    0.654854] acpiphp: Slot [25] registered
[    0.655256] acpiphp: Slot [26] registered
[    0.655655] acpiphp: Slot [27] registered
[    0.656064] acpiphp: Slot [28] registered
[    0.656467] acpiphp: Slot [29] registered
[    0.656866] acpiphp: Slot [30] registered
[    0.657237] acpiphp: Slot [31] registered
[    0.657584] PCI host bridge to bus 0000:00
[    0.657917] pci_bus 0000:00: root bus resource [io  0x0000-0x0cf7 window]
[    0.658474] pci_bus 0000:00: root bus resource [io  0x0d00-0xffff window]
[    0.659023] pci_bus 0000:00: root bus resource [mem 0x000a0000-0x000bffff window]
[    0.659638] pci_bus 0000:00: root bus resource [mem 0x80000000-0xfebfffff window]
[    0.660246] pci_bus 0000:00: root bus resource [mem 0x100000000-0x17fffffff window]
[    0.660863] pci_bus 0000:00: root bus resource [bus 00-ff]
[    0.661265] pci 0000:00:00.0: [8086:1237] type 00 class 0x060000
[    0.664945] pci 0000:00:01.0: [8086:7000] type 00 class 0x060100
[    0.665877] pci 0000:00:01.1: [8086:7010] type 00 class 0x010180
[    0.668008] pci 0000:00:01.1: reg 0x20: [io  0xc040-0xc04f]
[    0.669154] pci 0000:00:01.1: legacy IDE quirk: reg 0x10: [io  0x01f0-0x01f7]
[    0.669773] pci 0000:00:01.1: legacy IDE quirk: reg 0x14: [io  0x03f6]
[    0.670298] pci 0000:00:01.1: legacy IDE quirk: reg 0x18: [io  0x0170-0x0177]
[    0.670878] pci 0000:00:01.1: legacy IDE quirk: reg 0x1c: [io  0x0376]
[    0.671703] pci 0000:00:01.3: [8086:7113] type 00 class 0x068000
[    0.672503] pci 0000:00:01.3: quirk: [io  0x0600-0x063f] claimed by PIIX4 ACPI
[    0.673100] pci 0000:00:01.3: quirk: [io  0x0700-0x070f] claimed by PIIX4 SMB
[    0.673455] pci 0000:00:02.0: [1234:1111] type 00 class 0x030000
[    0.674865] pci 0000:00:02.0: reg 0x10: [mem 0xfd000000-0xfdffffff pref]
[    0.677022] pci 0000:00:02.0: reg 0x18: [mem 0xfebf0000-0xfebf0fff]
[    0.679161] pci 0000:00:02.0: reg 0x30: [mem 0xfebe0000-0xfebeffff pref]
[    0.679788] pci 0000:00:02.0: Video device with shadowed ROM at [mem 0x000c0000-0x000dffff]
[    0.683381] pci 0000:00:03.0: [8086:100e] type 00 class 0x020000
[    0.684442] pci 0000:00:03.0: reg 0x10: [mem 0xfebc0000-0xfebdffff]
[    0.685504] pci 0000:00:03.0: reg 0x14: [io  0xc000-0xc03f]
[    0.688673] pci 0000:00:03.0: reg 0x30: [mem 0xfeb80000-0xfebbffff pref]
[    0.700054] ACPI: PCI: Interrupt link LNKA configured for IRQ 10
[    0.700959] ACPI: PCI: Interrupt link LNKB configured for IRQ 10
[    0.701549] ACPI: PCI: Interrupt link LNKC configured for IRQ 11
[    0.702424] ACPI: PCI: Interrupt link LNKD configured for IRQ 11
[    0.703097] ACPI: PCI: Interrupt link LNKS configured for IRQ 9
[    0.704651] iommu: Default domain type: Translated 
[    0.705055] iommu: DMA domain TLB invalidation policy: lazy mode 
[    0.706225] SCSI subsystem initialized
[    0.706807] ACPI: bus type USB registered
[    0.707208] usbcore: registered new interface driver usbfs
[    0.707690] usbcore: registered new interface driver hub
[    0.708159] usbcore: registered new device driver usb
[    0.708670] pps_core: LinuxPPS API ver. 1 registered
[    0.709076] pps_core: Software ver. 5.3.6 - Copyright 2005-2007 Rodolfo Giometti <giometti@linux.it>
[    0.709177] PTP clock support registered
[    0.709651] EDAC MC: Ver: 3.0.0
[    0.711256] NetLabel: Initializing
[    0.711542] NetLabel:  domain hash size = 128
[    0.711900] NetLabel:  protocols = UNLABELED CIPSOv4 CALIPSO
[    0.712416] NetLabel:  unlabeled traffic allowed by default
[    0.713199] PCI: Using ACPI for IRQ routing
[    0.713738] pci 0000:00:02.0: vgaarb: setting as boot VGA device
[    0.714242] pci 0000:00:02.0: vgaarb: bridge control possible
[    0.714704] pci 0000:00:02.0: vgaarb: VGA device added: decodes=io+mem,owns=io+mem,locks=none
[    0.715390] vgaarb: loaded
[    0.716290] hpet0: at MMIO 0xfed00000, IRQs 2, 8, 0
[    0.716710] hpet0: 3 comparators, 64-bit 100.000000 MHz counter
[    3.637500] clocksource: Switched to clocksource kvm-clock
[    3.638773] VFS: Disk quotas dquot_6.6.0
[    3.639145] VFS: Dquot-cache hash table entries: 512 (order 0, 4096 bytes)
[    3.639986] pnp: PnP ACPI init
[    3.642064] pnp: PnP ACPI: found 6 devices
[    3.653786] clocksource: acpi_pm: mask: 0xffffff max_cycles: 0xffffff, max_idle_ns: 2085701024 ns
[    3.654913] NET: Registered PF_INET protocol family
[    3.655443] IP idents hash table entries: 32768 (order: 6, 262144 bytes, linear)
[    3.657007] tcp_listen_portaddr_hash hash table entries: 1024 (order: 4, 73728 bytes, linear)
[    3.657759] Table-perturb hash table entries: 65536 (order: 6, 262144 bytes, linear)
[    3.658388] TCP established hash table entries: 16384 (order: 5, 131072 bytes, linear)
[    3.659214] TCP bind hash table entries: 16384 (order: 8, 1179648 bytes, linear)
[    3.660466] TCP: Hash tables configured (established 16384 bind 16384)
[    3.661108] UDP hash table entries: 1024 (order: 5, 163840 bytes, linear)
[    3.662125] UDP-Lite hash table entries: 1024 (order: 5, 163840 bytes, linear)
[    3.662894] NET: Registered PF_UNIX/PF_LOCAL protocol family
[    3.669545] RPC: Registered named UNIX socket transport module.
[    3.670045] RPC: Registered udp transport module.
[    3.670431] RPC: Registered tcp transport module.
[    3.670809] RPC: Registered tcp NFSv4.1 backchannel transport module.
[    3.671347] pci_bus 0000:00: resource 4 [io  0x0000-0x0cf7 window]
[    3.671849] pci_bus 0000:00: resource 5 [io  0x0d00-0xffff window]
[    3.672352] pci_bus 0000:00: resource 6 [mem 0x000a0000-0x000bffff window]
[    3.672907] pci_bus 0000:00: resource 7 [mem 0x80000000-0xfebfffff window]
[    3.673480] pci_bus 0000:00: resource 8 [mem 0x100000000-0x17fffffff window]
[    3.674305] pci 0000:00:01.0: PIIX3: Enabling Passive Release
[    3.674782] pci 0000:00:00.0: Limiting direct PCI/PCI transfers
[    3.675386] PCI: CLS 0 bytes, default 64
[    3.675751] ACPI: bus type thunderbolt registered
[    3.676430] clocksource: tsc: mask: 0xffffffffffffffff max_cycles: 0x1881273ac8e, max_idle_ns: 440795257284 ns
[    3.699252] sgx: There are zero EPC sections.
[    3.699777] Callback from call_rcu_tasks_rude() invoked.
[    3.745293] Callback from call_rcu_tasks() invoked.
[    3.819655] Initialise system trusted keyrings
[    3.820130] Key type blacklist registered
[    3.820744] workingset: timestamp_bits=36 max_order=19 bucket_order=0
[    3.832583] zbud: loaded
[    3.835020] squashfs: version 4.0 (2009/01/31) Phillip Lougher
[    3.837114] NFS: Registering the id_resolver key type
[    3.837593] Key type id_resolver registered
[    3.837943] Key type id_legacy registered
[    3.838407] nfs4filelayout_init: NFSv4 File Layout Driver Registering...
[    3.838975] nfs4flexfilelayout_init: NFSv4 Flexfile Layout Driver Registering...
[    3.839728] fuse: init (API version 7.36)
[    3.840413] SGI XFS with ACLs, security attributes, realtime, quota, no debug enabled
[    3.843056] 9p: Installing v9fs 9p2000 file system support
[    3.851425] Key type asymmetric registered
[    3.851768] Asymmetric key parser 'x509' registered
[    3.853550] alg: self-tests for CTR-KDF (hmac(sha256)) passed
[    3.854090] Block layer SCSI generic (bsg) driver version 0.4 loaded (major 243)
[    3.854813] io scheduler mq-deadline registered
[    3.855230] io scheduler bfq registered
[    3.856622] shpchp: Standard Hot Plug PCI Controller Driver version: 0.4
[    3.857674] IPMI message handler: version 39.2
[    3.858087] ipmi device interface
[    3.860055] input: Power Button as /devices/LNXSYSTM:00/LNXPWRBN:00/input/input0
[    3.861006] ACPI: button: Power Button [PWRF]
[    3.862459] ERST DBG: ERST support is disabled.
[    3.863406] Serial: 8250/16550 driver, 32 ports, IRQ sharing enabled
[    3.864452] 00:04: ttyS0 at I/O 0x3f8 (irq = 4, base_baud = 115200) is a 16550A
[    3.874889] Linux agpgart interface v0.103
[    3.875837] ACPI: bus type drm_connector registered
[    3.890227] brd: module loaded
[    3.897957] loop: module loaded
[    3.902423] scsi host0: ata_piix
[    3.903297] scsi host1: ata_piix
[    3.903731] ata1: PATA max MWDMA2 cmd 0x1f0 ctl 0x3f6 bmdma 0xc040 irq 14
[    3.904290] ata2: PATA max MWDMA2 cmd 0x170 ctl 0x376 bmdma 0xc048 irq 15
[    3.906392] tun: Universal TUN/TAP device driver, 1.6
[    3.906981] e100: Intel(R) PRO/100 Network Driver
[    3.907371] e100: Copyright(c) 1999-2006 Intel Corporation
[    3.907865] e1000: Intel(R) PRO/1000 Network Driver
[    3.908267] e1000: Copyright (c) 1999-2006 Intel Corporation.
[    4.061312] ata1: found unknown device (class 0)
[    4.062228] ata1.00: ATA-7: QEMU HARDDISK, 2.5+, max UDMA/100
[    4.062703] ata1.00: 16777216 sectors, multi 16: LBA48 
[    4.064011] scsi 0:0:0:0: Direct-Access     ATA      QEMU HARDDISK    2.5+ PQ: 0 ANSI: 5
[    4.065819] sd 0:0:0:0: Attached scsi generic sg0 type 0
[    4.066058] sd 0:0:0:0: [sda] 16777216 512-byte logical blocks: (8.59 GB/8.00 GiB)
[    4.066651] ata2: found unknown device (class 0)
[    4.067020] sd 0:0:0:0: [sda] Write Protect is off
[    4.067951] ata2.00: ATAPI: QEMU DVD-ROM, 2.5+, max UDMA/100
[    4.067968] sd 0:0:0:0: [sda] Write cache: enabled, read cache: enabled, doesn't support DPO or FUA
[    4.069513] sd 0:0:0:0: [sda] Preferred minimum I/O size 512 bytes
[    4.070632] scsi 1:0:0:0: CD-ROM            QEMU     QEMU DVD-ROM     2.5+ PQ: 0 ANSI: 5
[    4.094418] sd 0:0:0:0: [sda] Attached SCSI disk
[    4.101701] ACPI: \_SB_.LNKC: Enabled at IRQ 11
[    4.101879] scsi 1:0:0:0: Attached scsi generic sg1 type 5
[    4.428415] e1000 0000:00:03.0 eth0: (PCI:33MHz:32-bit) 52:54:00:12:34:56
[    4.429030] e1000 0000:00:03.0 eth0: Intel(R) PRO/1000 Network Connection
[    4.429716] e1000e: Intel(R) PRO/1000 Network Driver
[    4.430127] e1000e: Copyright(c) 1999 - 2015 Intel Corporation.
[    4.430674] igb: Intel(R) Gigabit Ethernet Network Driver
[    4.431114] igb: Copyright (c) 2007-2014 Intel Corporation.
[    4.431687] PPP generic driver version 2.4.2
[    4.432651] VFIO - User Level meta-driver version: 0.3
[    4.433146] ehci_hcd: USB 2.0 'Enhanced' Host Controller (EHCI) Driver
[    4.433704] ehci-pci: EHCI PCI platform driver
[    4.434104] ehci-platform: EHCI generic platform driver
[    4.434557] ohci_hcd: USB 1.1 'Open' Host Controller (OHCI) Driver
[    4.435063] ohci-pci: OHCI PCI platform driver
[    4.435452] ohci-platform: OHCI generic platform driver
[    4.435892] uhci_hcd: USB Universal Host Controller Interface driver
[    4.436705] usbcore: registered new interface driver uas
[    4.437232] usbcore: registered new interface driver usb-storage
[    4.437847] i8042: PNP: PS/2 Controller [PNP0303:KBD,PNP0f13:MOU] at 0x60,0x64 irq 1,12
[    4.439232] serio: i8042 KBD port at 0x60,0x64 irq 1
[    4.439680] serio: i8042 AUX port at 0x60,0x64 irq 12
[    4.440840] mousedev: PS/2 mouse device common for all mice
[    4.442284] input: AT Translated Set 2 keyboard as /devices/platform/i8042/serio0/input/input1
[    4.443406] rtc_cmos 00:05: RTC can wake from S4
[    4.444242] input: VirtualPS/2 VMware VMMouse as /devices/platform/i8042/serio1/input/input4
[    4.445356] rtc_cmos 00:05: registered as rtc0
[    4.445882] input: VirtualPS/2 VMware VMMouse as /devices/platform/i8042/serio1/input/input3
[    4.445892] rtc_cmos 00:05: setting system clock to 2022-12-14T00:25:50 UTC (1670977550)
[    4.447398] rtc_cmos 00:05: alarms up to one day, y3k, 242 bytes nvram, hpet irqs
[    4.448033] i2c_dev: i2c /dev entries driver
[    4.448443] device-mapper: core: CONFIG_IMA_DISABLE_HTABLE is disabled. Duplicate IMA measurements will not be recorded in the IMA log.
[    4.449545] device-mapper: uevent: version 1.0.3
[    4.450210] device-mapper: ioctl: 4.47.0-ioctl (2022-07-28) initialised: dm-devel@redhat.com
[    4.450896] intel_pstate: CPU model not supported
[    4.451381] sdhci: Secure Digital Host Controller Interface driver
[    4.451878] sdhci: Copyright(c) Pierre Ossman
[    4.452328] sdhci-pltfm: SDHCI platform and OF driver helper
[    4.452860] ledtrig-cpu: registered to indicate activity on CPUs
[    4.453775] drop_monitor: Initializing network drop monitor service
[    4.455062] NET: Registered PF_INET6 protocol family
[    4.457299] Segment Routing with IPv6
[    4.457638] In-situ OAM (IOAM) with IPv6
[    4.457999] NET: Registered PF_PACKET protocol family
[    4.458654] 9pnet: Installing 9P2000 support
[    4.459068] Key type dns_resolver registered
[    4.460302] IPI shorthand broadcast: enabled
[    4.460718] sched_clock: Marking stable (4447840023, 12176187)->(4470911175, -10894965)
[    4.462035] registered taskstats version 1
[    4.462518] Loading compiled-in X.509 certificates
[    4.463209] zswap: loaded using pool lzo/zbud
[    4.464226] Key type ._fscrypt registered
[    4.464560] Key type .fscrypt registered
[    4.464882] Key type fscrypt-provisioning registered
[    4.466204] Key type encrypted registered
[    4.466567] ima: No TPM chip found, activating TPM-bypass!
[    4.467025] ima: Allocated hash algorithm: sha1
[    4.467430] ima: No architecture policies found
[    4.467877] evm: Initialising EVM extended attributes:
[    4.468299] evm: security.selinux
[    4.468571] evm: security.SMACK64
[    4.468843] evm: security.SMACK64EXEC
[    4.469147] evm: security.SMACK64TRANSMUTE
[    4.469494] evm: security.SMACK64MMAP
[    4.469792] evm: security.apparmor
[    4.470073] evm: security.ima
[    4.470317] evm: security.capability
[    4.470609] evm: HMAC attrs: 0x1
[    4.475493] PM:   Magic number: 2:460:405
[    4.476284] RAS: Correctable Errors collector initialized.
[    4.477444] md: Waiting for all devices to be available before autodetect
[    4.477829] md: If you don't use raid, use raid=noautodetect
[    4.478160] md: Autodetecting RAID arrays.
[    4.478406] md: autorun ...
[    4.478570] md: ... autorun DONE.
[    4.484387] EXT4-fs (sda): mounted filesystem with ordered data mode. Quota mode: none.
[    4.484920] VFS: Mounted root (ext4 filesystem) readonly on device 8:0.
[    4.486878] devtmpfs: mounted
[    4.497079] Freeing unused decrypted memory: 2036K
[    4.499131] Freeing unused kernel image (initmem) memory: 3644K
[    4.505248] Write protecting the kernel read-only data: 43008k
[    4.508429] Freeing unused kernel image (text/rodata gap) memory: 2028K
[    4.508966] Freeing unused kernel image (rodata/data gap) memory: 124K
[    4.621109] x86/mm: Checked W+X mappings: passed, no W+X pages found.
[    4.621474] Run /sbin/init as init process
[    4.703263] systemd[1]: RTC configured in localtime, applying delta of 0 minutes to system time.
[    4.728459] systemd[1]: systemd 239 (239-49.el8) running in system mode. (+PAM +AUDIT +SELINUX +IMA -APPARMOR +SMACK +SYSVINIT +UTMP +LIBCRYPTSETUP +GCRYPT +GNUTLS +ACL +XZ +LZ4 +SECCOMP +BLKID +ELFUTILS +KMOD +IDN2 -IDN +PCRE2 default-hierarchy=legacy)
[    4.729921] systemd[1]: Detected virtualization kvm.
[    4.730220] systemd[1]: Detected architecture x86-64.

Welcome to [0;31mCentOS Stream 8[0m!

[    4.751471] systemd[1]: Set hostname to <test>.
[    6.585211] random: crng init done
[    6.674564] systemd[1]: Listening on initctl Compatibility Named Pipe.
[[0;32m  OK  [0m] Listening on initctl Compatibility Named Pipe.
[    6.676211] systemd[1]: Set up automount Arbitrary Executable File Formats File System Automount Point.
[[0;32m  OK  [0m] Set up automount Arbitrary Executabâ€¦rmats File System Automount Point.
[    6.680204] systemd[1]: Created slice system-serial\x2dgetty.slice.
[[0;32m  OK  [0m] Created slice system-serial\x2dgetty.slice.
[    6.681270] systemd[1]: Listening on Device-mapper event daemon FIFOs.
[[0;32m  OK  [0m] Listening on Device-mapper event daemon FIFOs.
[    6.682440] systemd[1]: Listening on udev Control Socket.
[[0;32m  OK  [0m] Listening on udev Control Socket.
[    6.683355] systemd[1]: Listening on multipathd control socket.
[[0;32m  OK  [0m] Listening on multipathd control socket.
[[0;32m  OK  [0m] Listening on Journal Socket (/dev/log).
[[0;32m  OK  [0m] Created slice User and Session Slice.
[[0;32m  OK  [0m] Reached target Slices.
[[0;32m  OK  [0m] Reached target Swap.
[[0;32m  OK  [0m] Listening on Process Core Dump Socket.
[[0;32m  OK  [0m] Created slice system-sshd\x2dkeygen.slice.
[[0;32m  OK  [0m] Created slice system-getty.slice.
[[0;32m  OK  [0m] Listening on udev Kernel Socket.
[[0;32m  OK  [0m] Listening on LVM2 poll daemon socket.
[[0;32m  OK  [0m] Listening on RPCbind Server Activation Socket.
[[0;32m  OK  [0m] Reached target RPC Port Mapper.
[[0;32m  OK  [0m] Listening on Journal Socket.
         Starting Setup Virtual Console...
         Mounting POSIX Message Queue File System...
         Starting udev Coldplug all Devices...
         Starting Monitoring of LVM2 mirrorsâ€¦ng dmeventd or progress polling...
         Mounting Huge Pages File System...
         Starting Load Kernel Modules...
         Mounting Kernel Debug File System...
         Starting Remount Root and Kernel File Systems...
[[0;32m  OK  [0m] Started Forward Password Requests to Wall Directory Watch.
         Starting Journal Service...
[[0;32m  OK  [0m] Mounted POSIX Message Queue File System.
[[0;32m  OK  [0m] Mounted Huge Pages File System.
[[0;1;31mFAILED[0m] Failed to start Load Kernel Modules.
See 'systemctl status systemd-modules-load.service' for details.
[[0;32m  OK  [0m] Mounted Kernel Debug File System.
         Starting Apply Kernel Variables...
         Mounting FUSE Control File System...
         Mounting Kernel Configuration File System...
[    7.121586] EXT4-fs (sda): re-mounted. Quota mode: none.
[[0;32m  OK  [0m] Started Journal Service.
[[0;32m  OK  [0m] Started Setup Virtual Console.
[[0;32m  OK  [0m] Started Remount Root and Kernel File Systems.
[[0;32m  OK  [0m] Started Apply Kernel Variables.
[[0;32m  OK  [0m] Mounted FUSE Control File System.
[[0;32m  OK  [0m] Mounted Kernel Configuration File System.
         Starting Load/Save Random Seed...
         Starting Create Static Device Nodes in /dev...
         Starting Flush Journal to Persistent Storage...
[[0;32m  OK  [0m] Started udev Coldplug all Devices.
[[0;32m  OK  [0m] Started Load/Save Random Seed.
         Starting udev Wait for Complete Device Initialization...
[[0;32m  OK  [0m] Started Create Static Device Nodes in /dev.
[[0;32m  OK  [0m] Started Flush Journal to Persistent Storage.
         Starting udev Kernel Device Manager...
[[0;32m  OK  [0m] Started udev Kernel Device Manager.
         Starting Show Plymouth Boot Screen...
[[0;32m  OK  [0m] Started Show Plymouth Boot Screen.
[[0;32m  OK  [0m] Reached target Local Encrypted Volumes.
[[0;32m  OK  [0m] Reached target Paths.
[[0;32m  OK  [0m] Started Forward Password Requests to Plymouth Directory Watch.
[[0;32m  OK  [0m] Started Monitoring of LVM2 mirrors,â€¦sing dmeventd or progress polling.
[[0;32m  OK  [0m] Found device /dev/ttyS0.
[[0;32m  OK  [0m] Started udev Wait for Complete Device Initialization.
[[0;32m  OK  [0m] Listening on Load/Save RF Kill Switch Status /dev/rfkill Watch.
[[0;32m  OK  [0m] Reached target Local File Systems (Pre).
[[0;32m  OK  [0m] Reached target Local File Systems.
         Starting Tell Plymouth To Write Out Runtime Data...
         Starting Create Volatile Files and Directories...
         Starting Restore /run/initramfs on shutdown...
[[0;32m  OK  [0m] Started Tell Plymouth To Write Out Runtime Data.
[[0;32m  OK  [0m] Started Restore /run/initramfs on shutdown.
[[0;32m  OK  [0m] Started Create Volatile Files and Directories.
         Starting Security Auditing Service...
         Mounting RPC Pipe File System...
         Starting RPC Bind...
[[0;32m  OK  [0m] Mounted RPC Pipe File System.
[[0;32m  OK  [0m] Reached target rpc_pipefs.target.
[[0;32m  OK  [0m] Started RPC Bind.
[[0;32m  OK  [0m] Started Security Auditing Service.
         Starting Update UTMP about System Boot/Shutdown...
[[0;32m  OK  [0m] Started Update UTMP about System Boot/Shutdown.
[[0;32m  OK  [0m] Reached target System Initialization.
[[0;32m  OK  [0m] Started dnf makecache --timer.
[[0;32m  OK  [0m] Started daily update of the root trust anchor for DNSSEC.
[[0;32m  OK  [0m] Started Daily Cleanup of Temporary Directories.
[[0;32m  OK  [0m] Reached target Timers.
[[0;32m  OK  [0m] Listening on D-Bus System Message Bus Socket.
[[0;32m  OK  [0m] Listening on SSSD Kerberos Cache Manager responder socket.
[[0;32m  OK  [0m] Reached target Sockets.
[[0;32m  OK  [0m] Reached target Basic System.
         Starting Authorization Manager...
[[0;32m  OK  [0m] Started irqbalance daemon.
         Starting Self Monitoring and Reporting Technology (SMART) Daemon...
         Starting NTP client/server...
         Starting Auto-connect to subsystemsâ€¦-NVME devices found during boot...
[[0;32m  OK  [0m] Started Machine Check Exception Logging Daemon.
         Starting Login Service...
[[0;32m  OK  [0m] Reached target sshd-keygen.target.
[[0;32m  OK  [0m] Started D-Bus System Message Bus.
         Starting Network Manager...
[[0;32m  OK  [0m] Started Self Monitoring and Reporting Technology (SMART) Daemon.
[[0;32m  OK  [0m] Started Auto-connect to subsystems â€¦FC-NVME devices found during boot.
         Starting update of the root trust aâ€¦or DNSSEC validation in unbound...
[[0;32m  OK  [0m] Started Login Service.
[[0;32m  OK  [0m] Started NTP client/server.
[[0;32m  OK  [0m] Started update of the root trust anâ€¦ for DNSSEC validation in unbound.
[[0;32m  OK  [0m] Started Authorization Manager.
[[0;32m  OK  [0m] Started Network Manager.
         Starting Network Manager Wait Online...
[[0;32m  OK  [0m] Reached target Network.
         Starting GSSAPI Proxy Daemon...
         Starting Dynamic System Tuning Daemon...
         Starting OpenSSH server daemon...
         Starting Hostname Service...
[[0;32m  OK  [0m] Started GSSAPI Proxy Daemon.
[[0;32m  OK  [0m] Reached target NFS client services.
[[0;32m  OK  [0m] Reached target Remote File Systems (Pre).
[[0;32m  OK  [0m] Reached target Remote File Systems.
         Starting Permit User Sessions...
[[0;32m  OK  [0m] Started OpenSSH server daemon.
[[0;32m  OK  [0m] Started Permit User Sessions.
[[0;32m  OK  [0m] Started Command Scheduler.
         Starting Hold until boot process finishes up...
         Starting Terminate Plymouth Boot Screen...
[    9.141464] e1000: eth0 NIC Link is Up 1000 Mbps Full Duplex, Flow Control: RX
[    9.142292] IPv6: ADDRCONF(NETDEV_CHANGE): eth0: link becomes ready
[    9.307926] Spectre V2 : WARNING: Unprivileged eBPF is enabled with eIBRS on, data leaks possible via Spectre v2 BHB attacks!
[    9.308625] Spectre V2 : WARNING: Unprivileged eBPF is enabled with eIBRS on, data leaks possible via Spectre v2 BHB attacks!

CentOS Stream 8
Kernel 5.19.0-eff0cb3d91c0+ on an x86_64

test login: [   28.423154] warning: checkpointing journal with EXT4_IOC_CHECKPOINT_FLAG_ZEROOUT can be slow
[   28.706491] warning: checkpointing journal with EXT4_IOC_CHECKPOINT_FLAG_ZEROOUT can be slow
[   28.929372] warning: checkpointing journal with EXT4_IOC_CHECKPOINT_FLAG_ZEROOUT can be slow
[   29.153599] warning: checkpointing journal with EXT4_IOC_CHECKPOINT_FLAG_ZEROOUT can be slow
[   29.376070] warning: checkpointing journal with EXT4_IOC_CHECKPOINT_FLAG_ZEROOUT can be slow
[   29.596711] warning: checkpointing journal with EXT4_IOC_CHECKPOINT_FLAG_ZEROOUT can be slow
[   29.817380] warning: checkpointing journal with EXT4_IOC_CHECKPOINT_FLAG_ZEROOUT can be slow
[   30.038461] warning: checkpointing journal with EXT4_IOC_CHECKPOINT_FLAG_ZEROOUT can be slow
[   30.258934] warning: checkpointing journal with EXT4_IOC_CHECKPOINT_FLAG_ZEROOUT can be slow
[   30.480409] warning: checkpointing journal with EXT4_IOC_CHECKPOINT_FLAG_ZEROOUT can be slow
[   33.566982] ext4_ioctl_checkpoint: 13 callbacks suppressed
[   33.566995] warning: checkpointing journal with EXT4_IOC_CHECKPOINT_FLAG_ZEROOUT can be slow
[   33.788273] warning: checkpointing journal with EXT4_IOC_CHECKPOINT_FLAG_ZEROOUT can be slow
[   34.008692] warning: checkpointing journal with EXT4_IOC_CHECKPOINT_FLAG_ZEROOUT can be slow
[   34.228466] warning: checkpointing journal with EXT4_IOC_CHECKPOINT_FLAG_ZEROOUT can be slow
[   34.449330] warning: checkpointing journal with EXT4_IOC_CHECKPOINT_FLAG_ZEROOUT can be slow
[   34.670097] warning: checkpointing journal with EXT4_IOC_CHECKPOINT_FLAG_ZEROOUT can be slow
[   34.891274] warning: checkpointing journal with EXT4_IOC_CHECKPOINT_FLAG_ZEROOUT can be slow
[   35.113407] warning: checkpointing journal with EXT4_IOC_CHECKPOINT_FLAG_ZEROOUT can be slow
[   35.335877] warning: checkpointing journal with EXT4_IOC_CHECKPOINT_FLAG_ZEROOUT can be slow
[   35.556344] warning: checkpointing journal with EXT4_IOC_CHECKPOINT_FLAG_ZEROOUT can be slow
[   38.648746] ext4_ioctl_checkpoint: 13 callbacks suppressed
[   38.648759] warning: checkpointing journal with EXT4_IOC_CHECKPOINT_FLAG_ZEROOUT can be slow
[   38.871100] warning: checkpointing journal with EXT4_IOC_CHECKPOINT_FLAG_ZEROOUT can be slow
[   39.092370] warning: checkpointing journal with EXT4_IOC_CHECKPOINT_FLAG_ZEROOUT can be slow
[   39.314958] warning: checkpointing journal with EXT4_IOC_CHECKPOINT_FLAG_ZEROOUT can be slow
[   39.538990] warning: checkpointing journal with EXT4_IOC_CHECKPOINT_FLAG_ZEROOUT can be slow
[   39.761862] warning: checkpointing journal with EXT4_IOC_CHECKPOINT_FLAG_ZEROOUT can be slow
[   39.984951] warning: checkpointing journal with EXT4_IOC_CHECKPOINT_FLAG_ZEROOUT can be slow
[   40.206634] warning: checkpointing journal with EXT4_IOC_CHECKPOINT_FLAG_ZEROOUT can be slow
[   40.429415] warning: checkpointing journal with EXT4_IOC_CHECKPOINT_FLAG_ZEROOUT can be slow
[   40.650945] warning: checkpointing journal with EXT4_IOC_CHECKPOINT_FLAG_ZEROOUT can be slow
[   43.751568] ext4_ioctl_checkpoint: 13 callbacks suppressed
[   43.751581] warning: checkpointing journal with EXT4_IOC_CHECKPOINT_FLAG_ZEROOUT can be slow
[   43.974485] warning: checkpointing journal with EXT4_IOC_CHECKPOINT_FLAG_ZEROOUT can be slow
[   44.196947] warning: checkpointing journal with EXT4_IOC_CHECKPOINT_FLAG_ZEROOUT can be slow
[   44.418197] warning: checkpointing journal with EXT4_IOC_CHECKPOINT_FLAG_ZEROOUT can be slow
[   44.640677] warning: checkpointing journal with EXT4_IOC_CHECKPOINT_FLAG_ZEROOUT can be slow
[   44.862146] warning: checkpointing journal with EXT4_IOC_CHECKPOINT_FLAG_ZEROOUT can be slow
[   45.092065] warning: checkpointing journal with EXT4_IOC_CHECKPOINT_FLAG_ZEROOUT can be slow
[   45.314370] warning: checkpointing journal with EXT4_IOC_CHECKPOINT_FLAG_ZEROOUT can be slow
[   45.537093] warning: checkpointing journal with EXT4_IOC_CHECKPOINT_FLAG_ZEROOUT can be slow
[   45.759602] warning: checkpointing journal with EXT4_IOC_CHECKPOINT_FLAG_ZEROOUT can be slow
[   48.855491] ext4_ioctl_checkpoint: 13 callbacks suppressed
[   48.855503] warning: checkpointing journal with EXT4_IOC_CHECKPOINT_FLAG_ZEROOUT can be slow
[   49.078584] warning: checkpointing journal with EXT4_IOC_CHECKPOINT_FLAG_ZEROOUT can be slow
[   49.301257] warning: checkpointing journal with EXT4_IOC_CHECKPOINT_FLAG_ZEROOUT can be slow
[   49.524471] warning: checkpointing journal with EXT4_IOC_CHECKPOINT_FLAG_ZEROOUT can be slow
[   49.746790] warning: checkpointing journal with EXT4_IOC_CHECKPOINT_FLAG_ZEROOUT can be slow
[   49.970280] warning: checkpointing journal with EXT4_IOC_CHECKPOINT_FLAG_ZEROOUT can be slow
[   50.193924] warning: checkpointing journal with EXT4_IOC_CHECKPOINT_FLAG_ZEROOUT can be slow
[   50.416297] warning: checkpointing journal with EXT4_IOC_CHECKPOINT_FLAG_ZEROOUT can be slow
[   50.638762] warning: checkpointing journal with EXT4_IOC_CHECKPOINT_FLAG_ZEROOUT can be slow
[   50.859548] warning: checkpointing journal with EXT4_IOC_CHECKPOINT_FLAG_ZEROOUT can be slow
[   53.973087] ext4_ioctl_checkpoint: 13 callbacks suppressed
[   53.973100] warning: checkpointing journal with EXT4_IOC_CHECKPOINT_FLAG_ZEROOUT can be slow
[   54.196588] warning: checkpointing journal with EXT4_IOC_CHECKPOINT_FLAG_ZEROOUT can be slow
[   54.418668] warning: checkpointing journal with EXT4_IOC_CHECKPOINT_FLAG_ZEROOUT can be slow
[   54.641609] warning: checkpointing journal with EXT4_IOC_CHECKPOINT_FLAG_ZEROOUT can be slow
[   54.864581] warning: checkpointing journal with EXT4_IOC_CHECKPOINT_FLAG_ZEROOUT can be slow
[   55.087617] warning: checkpointing journal with EXT4_IOC_CHECKPOINT_FLAG_ZEROOUT can be slow
[   55.310478] warning: checkpointing journal with EXT4_IOC_CHECKPOINT_FLAG_ZEROOUT can be slow
[   55.533038] warning: checkpointing journal with EXT4_IOC_CHECKPOINT_FLAG_ZEROOUT can be slow
[   55.755518] warning: checkpointing journal with EXT4_IOC_CHECKPOINT_FLAG_ZEROOUT can be slow
[   55.977812] warning: checkpointing journal with EXT4_IOC_CHECKPOINT_FLAG_ZEROOUT can be slow
[   59.143834] ext4_ioctl_checkpoint: 12 callbacks suppressed
[   59.143845] warning: checkpointing journal with EXT4_IOC_CHECKPOINT_FLAG_ZEROOUT can be slow
[   59.364461] warning: checkpointing journal with EXT4_IOC_CHECKPOINT_FLAG_ZEROOUT can be slow
[   59.584382] warning: checkpointing journal with EXT4_IOC_CHECKPOINT_FLAG_ZEROOUT can be slow
[   59.804972] warning: checkpointing journal with EXT4_IOC_CHECKPOINT_FLAG_ZEROOUT can be slow
[   60.025711] warning: checkpointing journal with EXT4_IOC_CHECKPOINT_FLAG_ZEROOUT can be slow
[   60.245438] warning: checkpointing journal with EXT4_IOC_CHECKPOINT_FLAG_ZEROOUT can be slow
[   60.464657] warning: checkpointing journal with EXT4_IOC_CHECKPOINT_FLAG_ZEROOUT can be slow
[   60.684596] warning: checkpointing journal with EXT4_IOC_CHECKPOINT_FLAG_ZEROOUT can be slow
[   60.905026] warning: checkpointing journal with EXT4_IOC_CHECKPOINT_FLAG_ZEROOUT can be slow
[   61.124887] warning: checkpointing journal with EXT4_IOC_CHECKPOINT_FLAG_ZEROOUT can be slow
[   64.200201] ext4_ioctl_checkpoint: 13 callbacks suppressed
[   64.200214] warning: checkpointing journal with EXT4_IOC_CHECKPOINT_FLAG_ZEROOUT can be slow
[   64.421011] warning: checkpointing journal with EXT4_IOC_CHECKPOINT_FLAG_ZEROOUT can be slow
[   64.641883] warning: checkpointing journal with EXT4_IOC_CHECKPOINT_FLAG_ZEROOUT can be slow
[   64.863113] warning: checkpointing journal with EXT4_IOC_CHECKPOINT_FLAG_ZEROOUT can be slow
[   65.084888] warning: checkpointing journal with EXT4_IOC_CHECKPOINT_FLAG_ZEROOUT can be slow
[   65.305371] warning: checkpointing journal with EXT4_IOC_CHECKPOINT_FLAG_ZEROOUT can be slow
[   65.525074] warning: checkpointing journal with EXT4_IOC_CHECKPOINT_FLAG_ZEROOUT can be slow
[   65.745206] warning: checkpointing journal with EXT4_IOC_CHECKPOINT_FLAG_ZEROOUT can be slow
[   65.967170] warning: checkpointing journal with EXT4_IOC_CHECKPOINT_FLAG_ZEROOUT can be slow
[   66.188176] warning: checkpointing journal with EXT4_IOC_CHECKPOINT_FLAG_ZEROOUT can be slow
[   69.281774] ext4_ioctl_checkpoint: 13 callbacks suppressed
[   69.281787] warning: checkpointing journal with EXT4_IOC_CHECKPOINT_FLAG_ZEROOUT can be slow
[   69.504602] warning: checkpointing journal with EXT4_IOC_CHECKPOINT_FLAG_ZEROOUT can be slow
[   69.727938] warning: checkpointing journal with EXT4_IOC_CHECKPOINT_FLAG_ZEROOUT can be slow
[   69.949323] warning: checkpointing journal with EXT4_IOC_CHECKPOINT_FLAG_ZEROOUT can be slow
[   70.170596] warning: checkpointing journal with EXT4_IOC_CHECKPOINT_FLAG_ZEROOUT can be slow
[   70.393527] warning: checkpointing journal with EXT4_IOC_CHECKPOINT_FLAG_ZEROOUT can be slow
[   70.617928] warning: checkpointing journal with EXT4_IOC_CHECKPOINT_FLAG_ZEROOUT can be slow
[   70.841050] warning: checkpointing journal with EXT4_IOC_CHECKPOINT_FLAG_ZEROOUT can be slow
[   71.063178] warning: checkpointing journal with EXT4_IOC_CHECKPOINT_FLAG_ZEROOUT can be slow
[   71.285764] warning: checkpointing journal with EXT4_IOC_CHECKPOINT_FLAG_ZEROOUT can be slow
[   74.394139] ext4_ioctl_checkpoint: 13 callbacks suppressed
[   74.394151] warning: checkpointing journal with EXT4_IOC_CHECKPOINT_FLAG_ZEROOUT can be slow
[   74.616258] warning: checkpointing journal with EXT4_IOC_CHECKPOINT_FLAG_ZEROOUT can be slow
[   74.837868] warning: checkpointing journal with EXT4_IOC_CHECKPOINT_FLAG_ZEROOUT can be slow
[   75.060024] warning: checkpointing journal with EXT4_IOC_CHECKPOINT_FLAG_ZEROOUT can be slow
[   75.281409] warning: checkpointing journal with EXT4_IOC_CHECKPOINT_FLAG_ZEROOUT can be slow
[   75.502350] warning: checkpointing journal with EXT4_IOC_CHECKPOINT_FLAG_ZEROOUT can be slow
[   75.722767] warning: checkpointing journal with EXT4_IOC_CHECKPOINT_FLAG_ZEROOUT can be slow
[   75.943659] warning: checkpointing journal with EXT4_IOC_CHECKPOINT_FLAG_ZEROOUT can be slow
[   76.164003] warning: checkpointing journal with EXT4_IOC_CHECKPOINT_FLAG_ZEROOUT can be slow
[   76.384181] warning: checkpointing journal with EXT4_IOC_CHECKPOINT_FLAG_ZEROOUT can be slow
[   79.463879] ext4_ioctl_checkpoint: 13 callbacks suppressed
[   79.463892] warning: checkpointing journal with EXT4_IOC_CHECKPOINT_FLAG_ZEROOUT can be slow
[   79.685019] warning: checkpointing journal with EXT4_IOC_CHECKPOINT_FLAG_ZEROOUT can be slow
[   79.905146] warning: checkpointing journal with EXT4_IOC_CHECKPOINT_FLAG_ZEROOUT can be slow
[   80.124697] warning: checkpointing journal with EXT4_IOC_CHECKPOINT_FLAG_ZEROOUT can be slow
[   80.345607] warning: checkpointing journal with EXT4_IOC_CHECKPOINT_FLAG_ZEROOUT can be slow
[   80.565840] warning: checkpointing journal with EXT4_IOC_CHECKPOINT_FLAG_ZEROOUT can be slow
[   80.785912] warning: checkpointing journal with EXT4_IOC_CHECKPOINT_FLAG_ZEROOUT can be slow
[   81.006273] warning: checkpointing journal with EXT4_IOC_CHECKPOINT_FLAG_ZEROOUT can be slow
[   81.226700] warning: checkpointing journal with EXT4_IOC_CHECKPOINT_FLAG_ZEROOUT can be slow
[   81.447258] warning: checkpointing journal with EXT4_IOC_CHECKPOINT_FLAG_ZEROOUT can be slow
[   84.519925] ext4_ioctl_checkpoint: 13 callbacks suppressed
[   84.519938] warning: checkpointing journal with EXT4_IOC_CHECKPOINT_FLAG_ZEROOUT can be slow
[   84.739999] warning: checkpointing journal with EXT4_IOC_CHECKPOINT_FLAG_ZEROOUT can be slow
[   84.959604] warning: checkpointing journal with EXT4_IOC_CHECKPOINT_FLAG_ZEROOUT can be slow
[   85.179489] warning: checkpointing journal with EXT4_IOC_CHECKPOINT_FLAG_ZEROOUT can be slow
[   85.399358] warning: checkpointing journal with EXT4_IOC_CHECKPOINT_FLAG_ZEROOUT can be slow
[   85.619149] warning: checkpointing journal with EXT4_IOC_CHECKPOINT_FLAG_ZEROOUT can be slow
[   85.838567] warning: checkpointing journal with EXT4_IOC_CHECKPOINT_FLAG_ZEROOUT can be slow
[   86.057797] warning: checkpointing journal with EXT4_IOC_CHECKPOINT_FLAG_ZEROOUT can be slow
[   86.278827] warning: checkpointing journal with EXT4_IOC_CHECKPOINT_FLAG_ZEROOUT can be slow
[   86.498047] warning: checkpointing journal with EXT4_IOC_CHECKPOINT_FLAG_ZEROOUT can be slow
[   89.713327] ext4_ioctl_checkpoint: 13 callbacks suppressed
[   89.713340] warning: checkpointing journal with EXT4_IOC_CHECKPOINT_FLAG_ZEROOUT can be slow
[   89.933997] warning: checkpointing journal with EXT4_IOC_CHECKPOINT_FLAG_ZEROOUT can be slow
[   90.153314] warning: checkpointing journal with EXT4_IOC_CHECKPOINT_FLAG_ZEROOUT can be slow
[   90.372498] warning: checkpointing journal with EXT4_IOC_CHECKPOINT_FLAG_ZEROOUT can be slow
[   90.593604] warning: checkpointing journal with EXT4_IOC_CHECKPOINT_FLAG_ZEROOUT can be slow
[   90.814375] warning: checkpointing journal with EXT4_IOC_CHECKPOINT_FLAG_ZEROOUT can be slow
[   91.034189] warning: checkpointing journal with EXT4_IOC_CHECKPOINT_FLAG_ZEROOUT can be slow
[   91.254892] warning: checkpointing journal with EXT4_IOC_CHECKPOINT_FLAG_ZEROOUT can be slow
[   91.476184] warning: checkpointing journal with EXT4_IOC_CHECKPOINT_FLAG_ZEROOUT can be slow
[   91.697193] warning: checkpointing journal with EXT4_IOC_CHECKPOINT_FLAG_ZEROOUT can be slow
[   94.768083] ext4_ioctl_checkpoint: 13 callbacks suppressed
[   94.768096] warning: checkpointing journal with EXT4_IOC_CHECKPOINT_FLAG_ZEROOUT can be slow
[   94.986646] warning: checkpointing journal with EXT4_IOC_CHECKPOINT_FLAG_ZEROOUT can be slow
[   95.204369] warning: checkpointing journal with EXT4_IOC_CHECKPOINT_FLAG_ZEROOUT can be slow
[   95.422149] warning: checkpointing journal with EXT4_IOC_CHECKPOINT_FLAG_ZEROOUT can be slow
[   95.641450] warning: checkpointing journal with EXT4_IOC_CHECKPOINT_FLAG_ZEROOUT can be slow
[   95.860203] warning: checkpointing journal with EXT4_IOC_CHECKPOINT_FLAG_ZEROOUT can be slow
[   96.079390] warning: checkpointing journal with EXT4_IOC_CHECKPOINT_FLAG_ZEROOUT can be slow
[   96.297304] warning: checkpointing journal with EXT4_IOC_CHECKPOINT_FLAG_ZEROOUT can be slow
[   96.516341] warning: checkpointing journal with EXT4_IOC_CHECKPOINT_FLAG_ZEROOUT can be slow
[   96.735965] warning: checkpointing journal with EXT4_IOC_CHECKPOINT_FLAG_ZEROOUT can be slow
[   99.844922] ext4_ioctl_checkpoint: 13 callbacks suppressed
[   99.844936] warning: checkpointing journal with EXT4_IOC_CHECKPOINT_FLAG_ZEROOUT can be slow
[  100.068555] warning: checkpointing journal with EXT4_IOC_CHECKPOINT_FLAG_ZEROOUT can be slow
[  100.291496] warning: checkpointing journal with EXT4_IOC_CHECKPOINT_FLAG_ZEROOUT can be slow
[  100.515049] warning: checkpointing journal with EXT4_IOC_CHECKPOINT_FLAG_ZEROOUT can be slow
[  100.739117] warning: checkpointing journal with EXT4_IOC_CHECKPOINT_FLAG_ZEROOUT can be slow
[  100.963373] warning: checkpointing journal with EXT4_IOC_CHECKPOINT_FLAG_ZEROOUT can be slow
[  101.186734] warning: checkpointing journal with EXT4_IOC_CHECKPOINT_FLAG_ZEROOUT can be slow
[  101.409007] warning: checkpointing journal with EXT4_IOC_CHECKPOINT_FLAG_ZEROOUT can be slow
[  101.631794] warning: checkpointing journal with EXT4_IOC_CHECKPOINT_FLAG_ZEROOUT can be slow
[  101.854159] warning: checkpointing journal with EXT4_IOC_CHECKPOINT_FLAG_ZEROOUT can be slow
[  104.969715] ext4_ioctl_checkpoint: 13 callbacks suppressed
[  104.969728] warning: checkpointing journal with EXT4_IOC_CHECKPOINT_FLAG_ZEROOUT can be slow
[  105.192838] warning: checkpointing journal with EXT4_IOC_CHECKPOINT_FLAG_ZEROOUT can be slow
[  105.414547] warning: checkpointing journal with EXT4_IOC_CHECKPOINT_FLAG_ZEROOUT can be slow
[  105.636881] warning: checkpointing journal with EXT4_IOC_CHECKPOINT_FLAG_ZEROOUT can be slow
[  105.858831] warning: checkpointing journal with EXT4_IOC_CHECKPOINT_FLAG_ZEROOUT can be slow
[  106.080102] warning: checkpointing journal with EXT4_IOC_CHECKPOINT_FLAG_ZEROOUT can be slow
[  106.301831] warning: checkpointing journal with EXT4_IOC_CHECKPOINT_FLAG_ZEROOUT can be slow
[  106.522452] warning: checkpointing journal with EXT4_IOC_CHECKPOINT_FLAG_ZEROOUT can be slow
[  106.742142] warning: checkpointing journal with EXT4_IOC_CHECKPOINT_FLAG_ZEROOUT can be slow
[  106.962090] warning: checkpointing journal with EXT4_IOC_CHECKPOINT_FLAG_ZEROOUT can be slow
[  110.051032] ext4_ioctl_checkpoint: 13 callbacks suppressed
[  110.051045] warning: checkpointing journal with EXT4_IOC_CHECKPOINT_FLAG_ZEROOUT can be slow
[  110.271065] warning: checkpointing journal with EXT4_IOC_CHECKPOINT_FLAG_ZEROOUT can be slow
[  110.491604] warning: checkpointing journal with EXT4_IOC_CHECKPOINT_FLAG_ZEROOUT can be slow
[  110.712761] warning: checkpointing journal with EXT4_IOC_CHECKPOINT_FLAG_ZEROOUT can be slow
[  110.932987] warning: checkpointing journal with EXT4_IOC_CHECKPOINT_FLAG_ZEROOUT can be slow
[  111.152007] warning: checkpointing journal with EXT4_IOC_CHECKPOINT_FLAG_ZEROOUT can be slow
[  111.371318] warning: checkpointing journal with EXT4_IOC_CHECKPOINT_FLAG_ZEROOUT can be slow
[  111.590998] warning: checkpointing journal with EXT4_IOC_CHECKPOINT_FLAG_ZEROOUT can be slow
[  111.810784] warning: checkpointing journal with EXT4_IOC_CHECKPOINT_FLAG_ZEROOUT can be slow
[  112.029884] warning: checkpointing journal with EXT4_IOC_CHECKPOINT_FLAG_ZEROOUT can be slow
[  115.114161] ext4_ioctl_checkpoint: 13 callbacks suppressed
[  115.114174] warning: checkpointing journal with EXT4_IOC_CHECKPOINT_FLAG_ZEROOUT can be slow
[  115.336606] warning: checkpointing journal with EXT4_IOC_CHECKPOINT_FLAG_ZEROOUT can be slow
[  115.560112] warning: checkpointing journal with EXT4_IOC_CHECKPOINT_FLAG_ZEROOUT can be slow
[  115.782659] warning: checkpointing journal with EXT4_IOC_CHECKPOINT_FLAG_ZEROOUT can be slow
[  116.005438] warning: checkpointing journal with EXT4_IOC_CHECKPOINT_FLAG_ZEROOUT can be slow
[  116.227374] warning: checkpointing journal with EXT4_IOC_CHECKPOINT_FLAG_ZEROOUT can be slow
[  116.448889] warning: checkpointing journal with EXT4_IOC_CHECKPOINT_FLAG_ZEROOUT can be slow
[  116.670377] warning: checkpointing journal with EXT4_IOC_CHECKPOINT_FLAG_ZEROOUT can be slow
[  116.893417] warning: checkpointing journal with EXT4_IOC_CHECKPOINT_FLAG_ZEROOUT can be slow
[  117.116878] warning: checkpointing journal with EXT4_IOC_CHECKPOINT_FLAG_ZEROOUT can be slow
[  120.200945] ext4_ioctl_checkpoint: 13 callbacks suppressed
[  120.200958] warning: checkpointing journal with EXT4_IOC_CHECKPOINT_FLAG_ZEROOUT can be slow
[  120.419596] warning: checkpointing journal with EXT4_IOC_CHECKPOINT_FLAG_ZEROOUT can be slow
[  120.638300] warning: checkpointing journal with EXT4_IOC_CHECKPOINT_FLAG_ZEROOUT can be slow
[  120.856824] warning: checkpointing journal with EXT4_IOC_CHECKPOINT_FLAG_ZEROOUT can be slow
[  121.074974] warning: checkpointing journal with EXT4_IOC_CHECKPOINT_FLAG_ZEROOUT can be slow
[  121.293731] warning: checkpointing journal with EXT4_IOC_CHECKPOINT_FLAG_ZEROOUT can be slow
[  121.511997] warning: checkpointing journal with EXT4_IOC_CHECKPOINT_FLAG_ZEROOUT can be slow
[  121.730827] warning: checkpointing journal with EXT4_IOC_CHECKPOINT_FLAG_ZEROOUT can be slow
[  121.949259] warning: checkpointing journal with EXT4_IOC_CHECKPOINT_FLAG_ZEROOUT can be slow
[  122.168511] warning: checkpointing journal with EXT4_IOC_CHECKPOINT_FLAG_ZEROOUT can be slow
[  125.220400] ext4_ioctl_checkpoint: 13 callbacks suppressed
[  125.220413] warning: checkpointing journal with EXT4_IOC_CHECKPOINT_FLAG_ZEROOUT can be slow
[  125.440683] warning: checkpointing journal with EXT4_IOC_CHECKPOINT_FLAG_ZEROOUT can be slow
[  125.660778] warning: checkpointing journal with EXT4_IOC_CHECKPOINT_FLAG_ZEROOUT can be slow
[  125.883066] warning: checkpointing journal with EXT4_IOC_CHECKPOINT_FLAG_ZEROOUT can be slow
[  126.106043] warning: checkpointing journal with EXT4_IOC_CHECKPOINT_FLAG_ZEROOUT can be slow
[  126.328467] warning: checkpointing journal with EXT4_IOC_CHECKPOINT_FLAG_ZEROOUT can be slow
[  126.550607] warning: checkpointing journal with EXT4_IOC_CHECKPOINT_FLAG_ZEROOUT can be slow
[  126.773453] warning: checkpointing journal with EXT4_IOC_CHECKPOINT_FLAG_ZEROOUT can be slow
[  126.996699] warning: checkpointing journal with EXT4_IOC_CHECKPOINT_FLAG_ZEROOUT can be slow
[  127.220784] warning: checkpointing journal with EXT4_IOC_CHECKPOINT_FLAG_ZEROOUT can be slow
[  130.329747] ext4_ioctl_checkpoint: 13 callbacks suppressed
[  130.329760] warning: checkpointing journal with EXT4_IOC_CHECKPOINT_FLAG_ZEROOUT can be slow
[  130.551152] warning: checkpointing journal with EXT4_IOC_CHECKPOINT_FLAG_ZEROOUT can be slow
[  130.773196] warning: checkpointing journal with EXT4_IOC_CHECKPOINT_FLAG_ZEROOUT can be slow
[  130.995522] warning: checkpointing journal with EXT4_IOC_CHECKPOINT_FLAG_ZEROOUT can be slow
[  131.218121] warning: checkpointing journal with EXT4_IOC_CHECKPOINT_FLAG_ZEROOUT can be slow
[  131.439581] warning: checkpointing journal with EXT4_IOC_CHECKPOINT_FLAG_ZEROOUT can be slow
[  131.661191] warning: checkpointing journal with EXT4_IOC_CHECKPOINT_FLAG_ZEROOUT can be slow
[  131.882274] warning: checkpointing journal with EXT4_IOC_CHECKPOINT_FLAG_ZEROOUT can be slow
[  132.105607] warning: checkpointing journal with EXT4_IOC_CHECKPOINT_FLAG_ZEROOUT can be slow
[  132.326935] warning: checkpointing journal with EXT4_IOC_CHECKPOINT_FLAG_ZEROOUT can be slow
[  135.416908] ext4_ioctl_checkpoint: 13 callbacks suppressed
[  135.416920] warning: checkpointing journal with EXT4_IOC_CHECKPOINT_FLAG_ZEROOUT can be slow
[  135.640029] warning: checkpointing journal with EXT4_IOC_CHECKPOINT_FLAG_ZEROOUT can be slow
[  135.864999] warning: checkpointing journal with EXT4_IOC_CHECKPOINT_FLAG_ZEROOUT can be slow
[  136.095885] warning: checkpointing journal with EXT4_IOC_CHECKPOINT_FLAG_ZEROOUT can be slow
[  136.318876] warning: checkpointing journal with EXT4_IOC_CHECKPOINT_FLAG_ZEROOUT can be slow
[  136.548525] warning: checkpointing journal with EXT4_IOC_CHECKPOINT_FLAG_ZEROOUT can be slow
[  136.779088] warning: checkpointing journal with EXT4_IOC_CHECKPOINT_FLAG_ZEROOUT can be slow
[  137.003553] warning: checkpointing journal with EXT4_IOC_CHECKPOINT_FLAG_ZEROOUT can be slow
[  137.227329] warning: checkpointing journal with EXT4_IOC_CHECKPOINT_FLAG_ZEROOUT can be slow
[  137.452898] warning: checkpointing journal with EXT4_IOC_CHECKPOINT_FLAG_ZEROOUT can be slow
[  140.582991] ext4_ioctl_checkpoint: 13 callbacks suppressed
[  140.583004] warning: checkpointing journal with EXT4_IOC_CHECKPOINT_FLAG_ZEROOUT can be slow
[  140.804841] warning: checkpointing journal with EXT4_IOC_CHECKPOINT_FLAG_ZEROOUT can be slow
[  141.031840] warning: checkpointing journal with EXT4_IOC_CHECKPOINT_FLAG_ZEROOUT can be slow
[  141.264494] warning: checkpointing journal with EXT4_IOC_CHECKPOINT_FLAG_ZEROOUT can be slow
[  141.491239] warning: checkpointing journal with EXT4_IOC_CHECKPOINT_FLAG_ZEROOUT can be slow
[  141.720617] warning: checkpointing journal with EXT4_IOC_CHECKPOINT_FLAG_ZEROOUT can be slow
[  141.942492] warning: checkpointing journal with EXT4_IOC_CHECKPOINT_FLAG_ZEROOUT can be slow
[  142.170153] warning: checkpointing journal with EXT4_IOC_CHECKPOINT_FLAG_ZEROOUT can be slow
[  142.402056] warning: checkpointing journal with EXT4_IOC_CHECKPOINT_FLAG_ZEROOUT can be slow
[  142.624112] warning: checkpointing journal with EXT4_IOC_CHECKPOINT_FLAG_ZEROOUT can be slow
[  145.780934] ext4_ioctl_checkpoint: 13 callbacks suppressed
[  145.780951] warning: checkpointing journal with EXT4_IOC_CHECKPOINT_FLAG_ZEROOUT can be slow
[  146.003955] warning: checkpointing journal with EXT4_IOC_CHECKPOINT_FLAG_ZEROOUT can be slow
[  146.231076] warning: checkpointing journal with EXT4_IOC_CHECKPOINT_FLAG_ZEROOUT can be slow
[  146.454441] warning: checkpointing journal with EXT4_IOC_CHECKPOINT_FLAG_ZEROOUT can be slow
[  146.677613] warning: checkpointing journal with EXT4_IOC_CHECKPOINT_FLAG_ZEROOUT can be slow
[  146.901111] warning: checkpointing journal with EXT4_IOC_CHECKPOINT_FLAG_ZEROOUT can be slow
[  147.124902] warning: checkpointing journal with EXT4_IOC_CHECKPOINT_FLAG_ZEROOUT can be slow
[  147.349031] warning: checkpointing journal with EXT4_IOC_CHECKPOINT_FLAG_ZEROOUT can be slow
[  147.585819] warning: checkpointing journal with EXT4_IOC_CHECKPOINT_FLAG_ZEROOUT can be slow
[  147.823389] warning: checkpointing journal with EXT4_IOC_CHECKPOINT_FLAG_ZEROOUT can be slow
[  150.816420] ext4_ioctl_checkpoint: 12 callbacks suppressed
[  150.816438] warning: checkpointing journal with EXT4_IOC_CHECKPOINT_FLAG_ZEROOUT can be slow
[  151.044898] warning: checkpointing journal with EXT4_IOC_CHECKPOINT_FLAG_ZEROOUT can be slow
[  151.279924] warning: checkpointing journal with EXT4_IOC_CHECKPOINT_FLAG_ZEROOUT can be slow
[  151.521121] warning: checkpointing journal with EXT4_IOC_CHECKPOINT_FLAG_ZEROOUT can be slow
[  151.756043] warning: checkpointing journal with EXT4_IOC_CHECKPOINT_FLAG_ZEROOUT can be slow
[  151.977254] warning: checkpointing journal with EXT4_IOC_CHECKPOINT_FLAG_ZEROOUT can be slow
[  152.198100] warning: checkpointing journal with EXT4_IOC_CHECKPOINT_FLAG_ZEROOUT can be slow
[  152.434373] warning: checkpointing journal with EXT4_IOC_CHECKPOINT_FLAG_ZEROOUT can be slow
[  152.655367] warning: checkpointing journal with EXT4_IOC_CHECKPOINT_FLAG_ZEROOUT can be slow
[  152.875911] warning: checkpointing journal with EXT4_IOC_CHECKPOINT_FLAG_ZEROOUT can be slow
[  155.908979] ext4_ioctl_checkpoint: 12 callbacks suppressed
[  155.908997] warning: checkpointing journal with EXT4_IOC_CHECKPOINT_FLAG_ZEROOUT can be slow
[  156.145829] warning: checkpointing journal with EXT4_IOC_CHECKPOINT_FLAG_ZEROOUT can be slow
[  156.382606] warning: checkpointing journal with EXT4_IOC_CHECKPOINT_FLAG_ZEROOUT can be slow
[  156.621785] warning: checkpointing journal with EXT4_IOC_CHECKPOINT_FLAG_ZEROOUT can be slow
[  156.860201] warning: checkpointing journal with EXT4_IOC_CHECKPOINT_FLAG_ZEROOUT can be slow
[  157.098147] warning: checkpointing journal with EXT4_IOC_CHECKPOINT_FLAG_ZEROOUT can be slow
[  157.322526] warning: checkpointing journal with EXT4_IOC_CHECKPOINT_FLAG_ZEROOUT can be slow
[  157.545733] warning: checkpointing journal with EXT4_IOC_CHECKPOINT_FLAG_ZEROOUT can be slow
[  157.770364] warning: checkpointing journal with EXT4_IOC_CHECKPOINT_FLAG_ZEROOUT can be slow
[  157.993774] warning: checkpointing journal with EXT4_IOC_CHECKPOINT_FLAG_ZEROOUT can be slow
[  160.932631] ext4_ioctl_checkpoint: 12 callbacks suppressed
[  160.932648] warning: checkpointing journal with EXT4_IOC_CHECKPOINT_FLAG_ZEROOUT can be slow
[  161.169976] warning: checkpointing journal with EXT4_IOC_CHECKPOINT_FLAG_ZEROOUT can be slow
[  161.394548] warning: checkpointing journal with EXT4_IOC_CHECKPOINT_FLAG_ZEROOUT can be slow
[  161.617075] warning: checkpointing journal with EXT4_IOC_CHECKPOINT_FLAG_ZEROOUT can be slow
[  161.839707] warning: checkpointing journal with EXT4_IOC_CHECKPOINT_FLAG_ZEROOUT can be slow
[  162.076546] warning: checkpointing journal with EXT4_IOC_CHECKPOINT_FLAG_ZEROOUT can be slow
[  162.312735] warning: checkpointing journal with EXT4_IOC_CHECKPOINT_FLAG_ZEROOUT can be slow
[  162.549557] warning: checkpointing journal with EXT4_IOC_CHECKPOINT_FLAG_ZEROOUT can be slow
[  162.785037] warning: checkpointing journal with EXT4_IOC_CHECKPOINT_FLAG_ZEROOUT can be slow
[  163.020530] warning: checkpointing journal with EXT4_IOC_CHECKPOINT_FLAG_ZEROOUT can be slow
[  165.959475] ext4_ioctl_checkpoint: 12 callbacks suppressed
[  165.959488] warning: checkpointing journal with EXT4_IOC_CHECKPOINT_FLAG_ZEROOUT can be slow
[  166.198098] warning: checkpointing journal with EXT4_IOC_CHECKPOINT_FLAG_ZEROOUT can be slow
[  166.435342] warning: checkpointing journal with EXT4_IOC_CHECKPOINT_FLAG_ZEROOUT can be slow
[  166.673570] warning: checkpointing journal with EXT4_IOC_CHECKPOINT_FLAG_ZEROOUT can be slow
[  166.909746] warning: checkpointing journal with EXT4_IOC_CHECKPOINT_FLAG_ZEROOUT can be slow
[  167.133091] warning: checkpointing journal with EXT4_IOC_CHECKPOINT_FLAG_ZEROOUT can be slow
[  167.356240] warning: checkpointing journal with EXT4_IOC_CHECKPOINT_FLAG_ZEROOUT can be slow
[  167.580163] warning: checkpointing journal with EXT4_IOC_CHECKPOINT_FLAG_ZEROOUT can be slow
[  167.804046] warning: checkpointing journal with EXT4_IOC_CHECKPOINT_FLAG_ZEROOUT can be slow
[  168.028384] warning: checkpointing journal with EXT4_IOC_CHECKPOINT_FLAG_ZEROOUT can be slow
[  171.009643] ext4_ioctl_checkpoint: 12 callbacks suppressed
[  171.009661] warning: checkpointing journal with EXT4_IOC_CHECKPOINT_FLAG_ZEROOUT can be slow
[  171.247139] warning: checkpointing journal with EXT4_IOC_CHECKPOINT_FLAG_ZEROOUT can be slow
[  171.469383] warning: checkpointing journal with EXT4_IOC_CHECKPOINT_FLAG_ZEROOUT can be slow
[  171.691452] warning: checkpointing journal with EXT4_IOC_CHECKPOINT_FLAG_ZEROOUT can be slow
[  171.913583] warning: checkpointing journal with EXT4_IOC_CHECKPOINT_FLAG_ZEROOUT can be slow
[  172.136209] warning: checkpointing journal with EXT4_IOC_CHECKPOINT_FLAG_ZEROOUT can be slow
[  172.373671] warning: checkpointing journal with EXT4_IOC_CHECKPOINT_FLAG_ZEROOUT can be slow
[  172.610332] warning: checkpointing journal with EXT4_IOC_CHECKPOINT_FLAG_ZEROOUT can be slow
[  172.847003] warning: checkpointing journal with EXT4_IOC_CHECKPOINT_FLAG_ZEROOUT can be slow
