c[?7l[2J[0mSeaBIOS (version rel-1.16.0-0-gd239552ce722-prebuilt.qemu.org)


iPXE (http://ipxe.org) 00:03.0 CA00 PCI2.10 PnP PMM+7FF91000+7FEF1000 CA00
Press Ctrl-B to configure iPXE (PCI 00:03.0)...                                                                               


Booting from ROM..c[?7l[2J[    0.000000] Linux version 5.19.0-fa9db655d0e1+ (root@984fee00a1f6.jf.intel.com) (gcc (GCC) 8.5.0 20210514 (Red Hat 8.5.0-17), GNU ld version 2.36.1-3.el8) #1 SMP PREEMPT_DYNAMIC Tue Dec 13 04:48:24 PST 2022
[    0.000000] Command line: console=ttyS0 root=/dev/sda earlyprintk=serial net.ifnames=0
[    0.000000] KERNEL supported cpus:
[    0.000000]   Intel GenuineIntel
[    0.000000]   AMD AuthenticAMD
[    0.000000]   Hygon HygonGenuine
[    0.000000]   Centaur CentaurHauls
[    0.000000]   zhaoxin   Shanghai  
[    0.000000] x86/split lock detection: #DB: warning on user-space bus_locks
[    0.000000] x86/fpu: Supporting XSAVE feature 0x001: 'x87 floating point registers'
[    0.000000] x86/fpu: Supporting XSAVE feature 0x002: 'SSE registers'
[    0.000000] x86/fpu: Supporting XSAVE feature 0x004: 'AVX registers'
[    0.000000] x86/fpu: Supporting XSAVE feature 0x020: 'AVX-512 opmask'
[    0.000000] x86/fpu: Supporting XSAVE feature 0x040: 'AVX-512 Hi256'
[    0.000000] x86/fpu: Supporting XSAVE feature 0x080: 'AVX-512 ZMM_Hi256'
[    0.000000] x86/fpu: Supporting XSAVE feature 0x200: 'Protection Keys User registers'
[    0.000000] x86/fpu: Supporting XSAVE feature 0x20000: 'AMX Tile config'
[    0.000000] x86/fpu: Supporting XSAVE feature 0x40000: 'AMX Tile data'
[    0.000000] x86/fpu: xstate_offset[2]:  576, xstate_sizes[2]:  256
[    0.000000] x86/fpu: xstate_offset[5]:  832, xstate_sizes[5]:   64
[    0.000000] x86/fpu: xstate_offset[6]:  896, xstate_sizes[6]:  512
[    0.000000] x86/fpu: xstate_offset[7]: 1408, xstate_sizes[7]: 1024
[    0.000000] x86/fpu: xstate_offset[9]: 2432, xstate_sizes[9]:    8
[    0.000000] x86/fpu: xstate_offset[17]: 2496, xstate_sizes[17]:   64
[    0.000000] x86/fpu: xstate_offset[18]: 2560, xstate_sizes[18]: 8192
[    0.000000] x86/fpu: Enabled xstate features 0x602e7, context size is 10752 bytes, using 'compacted' format.
[    0.000000] signal: max sigframe size: 11952
[    0.000000] BIOS-provided physical RAM map:
[    0.000000] BIOS-e820: [mem 0x0000000000000000-0x000000000009fbff] usable
[    0.000000] BIOS-e820: [mem 0x000000000009fc00-0x000000000009ffff] reserved
[    0.000000] BIOS-e820: [mem 0x00000000000f0000-0x00000000000fffff] reserved
[    0.000000] BIOS-e820: [mem 0x0000000000100000-0x000000007ffdffff] usable
[    0.000000] BIOS-e820: [mem 0x000000007ffe0000-0x000000007fffffff] reserved
[    0.000000] BIOS-e820: [mem 0x00000000feffc000-0x00000000feffffff] reserved
[    0.000000] BIOS-e820: [mem 0x00000000fffc0000-0x00000000ffffffff] reserved
[    0.000000] printk: bootconsole [earlyser0] enabled
[    0.000000] NX (Execute Disable) protection: active
[    0.000000] SMBIOS 2.8 present.
[    0.000000] DMI: QEMU Standard PC (i440FX + PIIX, 1996), BIOS rel-1.16.0-0-gd239552ce722-prebuilt.qemu.org 04/01/2014
[    0.000000] Hypervisor detected: KVM
[    0.000000] kvm-clock: Using msrs 4b564d01 and 4b564d00
[    0.000003] kvm-clock: using sched offset of 363440659 cycles
[    0.000463] clocksource: kvm-clock: mask: 0xffffffffffffffff max_cycles: 0x1cd42e4dffb, max_idle_ns: 881590591483 ns
[    0.001881] tsc: Detected 1700.000 MHz processor
[    0.011358] last_pfn = 0x7ffe0 max_arch_pfn = 0x10000000000
[    0.011899] x86/PAT: Configuration [0-7]: WB  WC  UC- UC  WB  WP  UC- WT  
[    0.018513] found SMP MP-table at [mem 0x000f5ba0-0x000f5baf]
[    0.019073] Using GB pages for direct mapping
[    0.020794] ACPI: Early table checksum verification disabled
[    0.021289] ACPI: RSDP 0x00000000000F59C0 000014 (v00 BOCHS )
[    0.021810] ACPI: RSDT 0x000000007FFE1951 000034 (v01 BOCHS  BXPC     00000001 BXPC 00000001)
[    0.022572] ACPI: FACP 0x000000007FFE17FD 000074 (v01 BOCHS  BXPC     00000001 BXPC 00000001)
[    0.023332] ACPI: DSDT 0x000000007FFE0040 0017BD (v01 BOCHS  BXPC     00000001 BXPC 00000001)
[    0.024086] ACPI: FACS 0x000000007FFE0000 000040
[    0.024503] ACPI: APIC 0x000000007FFE1871 000080 (v01 BOCHS  BXPC     00000001 BXPC 00000001)
[    0.025256] ACPI: HPET 0x000000007FFE18F1 000038 (v01 BOCHS  BXPC     00000001 BXPC 00000001)
[    0.026014] ACPI: WAET 0x000000007FFE1929 000028 (v01 BOCHS  BXPC     00000001 BXPC 00000001)
[    0.026771] ACPI: Reserving FACP table memory at [mem 0x7ffe17fd-0x7ffe1870]
[    0.027383] ACPI: Reserving DSDT table memory at [mem 0x7ffe0040-0x7ffe17fc]
[    0.028001] ACPI: Reserving FACS table memory at [mem 0x7ffe0000-0x7ffe003f]
[    0.028618] ACPI: Reserving APIC table memory at [mem 0x7ffe1871-0x7ffe18f0]
[    0.029228] ACPI: Reserving HPET table memory at [mem 0x7ffe18f1-0x7ffe1928]
[    0.029841] ACPI: Reserving WAET table memory at [mem 0x7ffe1929-0x7ffe1950]
[    0.031495] No NUMA configuration found
[    0.031829] Faking a node at [mem 0x0000000000000000-0x000000007ffdffff]
[    0.032496] NODE_DATA(0) allocated [mem 0x7ffb5000-0x7ffdffff]
[    0.038056] Zone ranges:
[    0.038294]   DMA      [mem 0x0000000000001000-0x0000000000ffffff]
[    0.038840]   DMA32    [mem 0x0000000001000000-0x000000007ffdffff]
[    0.039380]   Normal   empty
[    0.039641]   Device   empty
[    0.039895] Movable zone start for each node
[    0.040264] Early memory node ranges
[    0.040578]   node   0: [mem 0x0000000000001000-0x000000000009efff]
[    0.041123]   node   0: [mem 0x0000000000100000-0x000000007ffdffff]
[    0.041677] Initmem setup node 0 [mem 0x0000000000001000-0x000000007ffdffff]
[    0.042663] On node 0, zone DMA: 1 pages in unavailable ranges
[    0.042683] On node 0, zone DMA: 97 pages in unavailable ranges
[    0.050263] On node 0, zone DMA32: 32 pages in unavailable ranges
[    0.051056] ACPI: PM-Timer IO Port: 0x608
[    0.051954] ACPI: LAPIC_NMI (acpi_id[0xff] dfl dfl lint[0x1])
[    0.052507] IOAPIC[0]: apic_id 0, version 17, address 0xfec00000, GSI 0-23
[    0.053118] ACPI: INT_SRC_OVR (bus 0 bus_irq 0 global_irq 2 dfl dfl)
[    0.053677] ACPI: INT_SRC_OVR (bus 0 bus_irq 5 global_irq 5 high level)
[    0.054255] ACPI: INT_SRC_OVR (bus 0 bus_irq 9 global_irq 9 high level)
[    0.054837] ACPI: INT_SRC_OVR (bus 0 bus_irq 10 global_irq 10 high level)
[    0.055425] ACPI: INT_SRC_OVR (bus 0 bus_irq 11 global_irq 11 high level)
[    0.056038] ACPI: Using ACPI (MADT) for SMP configuration information
[    0.056597] ACPI: HPET id: 0x8086a201 base: 0xfed00000
[    0.057052] TSC deadline timer available
[    0.057393] smpboot: Allowing 2 CPUs, 0 hotplug CPUs
[    0.057859] kvm-guest: KVM setup pv remote TLB flush
[    0.058292] kvm-guest: setup PV sched yield
[    0.058713] PM: hibernation: Registered nosave memory: [mem 0x00000000-0x00000fff]
[    0.059370] PM: hibernation: Registered nosave memory: [mem 0x0009f000-0x0009ffff]
[    0.060027] PM: hibernation: Registered nosave memory: [mem 0x000a0000-0x000effff]
[    0.060683] PM: hibernation: Registered nosave memory: [mem 0x000f0000-0x000fffff]
[    0.061338] [mem 0x80000000-0xfeffbfff] available for PCI devices
[    0.061870] Booting paravirtualized kernel on KVM
[    0.062279] clocksource: refined-jiffies: mask: 0xffffffff max_cycles: 0xffffffff, max_idle_ns: 7645519600211568 ns
[    0.063201] setup_percpu: NR_CPUS:8192 nr_cpumask_bits:2 nr_cpu_ids:2 nr_node_ids:1
[    0.064337] percpu: Embedded 64 pages/cpu s225280 r8192 d28672 u1048576
[    0.065167] kvm-guest: PV spinlocks enabled
[    0.065550] PV qspinlock hash table entries: 256 (order: 0, 4096 bytes, linear)
[    0.066206] Fallback order for Node 0: 0 
[    0.066583] Built 1 zonelists, mobility grouping on.  Total pages: 515808
[    0.067178] Policy zone: DMA32
[    0.067449] Kernel command line: net.ifnames=0 console=ttyS0 root=/dev/sda earlyprintk=serial net.ifnames=0
[    0.069099] Dentry cache hash table entries: 262144 (order: 9, 2097152 bytes, linear)
[    0.069931] Inode-cache hash table entries: 131072 (order: 8, 1048576 bytes, linear)
[    0.070724] mem auto-init: stack:off, heap alloc:off, heap free:off
[    0.076042] Memory: 1983420K/2096632K available (32784K kernel code, 4524K rwdata, 8068K rodata, 3644K init, 22324K bss, 113012K reserved, 0K cma-reserved)
[    0.078315] SLUB: HWalign=64, Order=0-3, MinObjects=0, CPUs=2, Nodes=1
[    0.078875] kmemleak: Kernel memory leak detector disabled
[    0.079368] ftrace: allocating 66619 entries in 261 pages
[    0.104734] ftrace: allocated 261 pages with 3 groups
[    0.108607] Dynamic Preempt: voluntary
[    0.109084] Running RCU self tests
[    0.109376] rcu: Preemptible hierarchical RCU implementation.
[    0.109860] rcu: 	RCU lockdep checking is enabled.
[    0.110258] rcu: 	RCU restricting CPUs from NR_CPUS=8192 to nr_cpu_ids=2.
[    0.110833] 	Trampoline variant of Tasks RCU enabled.
[    0.111252] 	Rude variant of Tasks RCU enabled.
[    0.111633] 	Tracing variant of Tasks RCU enabled.
[    0.112032] rcu: RCU calculated value of scheduler-enlistment delay is 25 jiffies.
[    0.112667] rcu: Adjusting geometry for rcu_fanout_leaf=16, nr_cpu_ids=2
[    0.143010] NR_IRQS: 524544, nr_irqs: 440, preallocated irqs: 16
[    0.143852] rcu: srcu_init: Setting srcu_struct sizes based on contention.
[    0.152138] Console: colour VGA+ 80x25
[    0.152517] printk: console [ttyS0] enabled
[    0.152517] printk: console [ttyS0] enabled
[    0.153240] printk: bootconsole [earlyser0] disabled
[    0.153240] printk: bootconsole [earlyser0] disabled
[    0.154093] Lock dependency validator: Copyright (c) 2006 Red Hat, Inc., Ingo Molnar
[    0.154766] ... MAX_LOCKDEP_SUBCLASSES:  8
[    0.155128] ... MAX_LOCK_DEPTH:          48
[    0.155501] ... MAX_LOCKDEP_KEYS:        8192
[    0.155884] ... CLASSHASH_SIZE:          4096
[    0.156268] ... MAX_LOCKDEP_ENTRIES:     32768
[    0.156664] ... MAX_LOCKDEP_CHAINS:      65536
[    0.157055] ... CHAINHASH_SIZE:          32768
[    0.157446]  memory used by lock dependency info: 6365 kB
[    0.157920]  memory used for stack traces: 4224 kB
[    0.158339]  per task-struct memory footprint: 1920 bytes
[    0.158873] ACPI: Core revision 20220331
[    0.159510] clocksource: hpet: mask: 0xffffffff max_cycles: 0xffffffff, max_idle_ns: 19112604467 ns
[    0.160438] APIC: Switch to symmetric I/O mode setup
[    0.161081] x2apic enabled
[    0.161518] Switched APIC routing to physical x2apic.
[    0.161959] kvm-guest: setup PV IPIs
[    0.163219] ..TIMER: vector=0x30 apic1=0 pin1=2 apic2=-1 pin2=-1
[    0.163772] clocksource: tsc-early: mask: 0xffffffffffffffff max_cycles: 0x1881273ac8e, max_idle_ns: 440795257284 ns
[    0.164725] Calibrating delay loop (skipped) preset value.. 3400.00 BogoMIPS (lpj=6800000)
[    0.165441] pid_max: default: 32768 minimum: 301
[    0.166008] LSM: Security Framework initializing
[    0.166415] Yama: becoming mindful.
[    0.166949] Mount-cache hash table entries: 4096 (order: 3, 32768 bytes, linear)
[    0.167600] Mountpoint-cache hash table entries: 4096 (order: 3, 32768 bytes, linear)
[    0.169965] x86/cpu: User Mode Instruction Prevention (UMIP) activated
[    0.170696] Last level iTLB entries: 4KB 0, 2MB 0, 4MB 0
[    0.171170] Last level dTLB entries: 4KB 0, 2MB 0, 4MB 0, 1GB 0
[    0.171697] Spectre V1 : Mitigation: usercopy/swapgs barriers and __user pointer sanitization
[    0.172434] Spectre V2 : WARNING: Unprivileged eBPF is enabled with eIBRS on, data leaks possible via Spectre v2 BHB attacks!
[    0.172721] Spectre V2 : Mitigation: Enhanced IBRS
[    0.173113] Spectre V2 : Spectre v2 / SpectreRSB mitigation: Filling RSB on context switch
[    0.173773] Spectre V2 : mitigation: Enabling conditional Indirect Branch Prediction Barrier
[    0.174453] Speculative Store Bypass: Mitigation: Speculative Store Bypass disabled via prctl
[    0.293294] Freeing SMP alternatives memory: 56K
[    0.293957] smpboot: CPU0: Intel(R) Xeon(R) Gold 6414TDX (family: 0x6, model: 0x8f, stepping: 0x6)
[    0.295174] cblist_init_generic: Setting adjustable number of callback queues.
[    0.295768] cblist_init_generic: Setting shift to 1 and lim to 1.
[    0.296316] cblist_init_generic: Setting shift to 1 and lim to 1.
[    0.296710] cblist_init_generic: Setting shift to 1 and lim to 1.
[    0.296710] Running RCU-tasks wait API self tests
[    0.396799] Performance Events: Sapphire Rapids events, full-width counters, Intel PMU driver.
[    0.397562] ... version:                2
[    0.397887] ... bit width:              48
[    0.398217] ... generic registers:      8
[    0.398547] ... value mask:             0000ffffffffffff
[    0.398973] ... max period:             00007fffffffffff
[    0.399401] ... fixed-purpose events:   3
[    0.399727] ... event mask:             00000007000000ff
[    0.400556] rcu: Hierarchical SRCU implementation.
[    0.400715] rcu: 	Max phase no-delay instances is 1000.
[    0.404016] smp: Bringing up secondary CPUs ...
[    0.404917] x86: Booting SMP configuration:
[    0.405274] .... node  #0, CPUs:      #1
[    0.405722] smp: Brought up 1 node, 2 CPUs
[    0.405722] smpboot: Max logical packages: 1
[    0.405910] smpboot: Total of 2 processors activated (6800.00 BogoMIPS)
[    0.409080] devtmpfs: initialized
[    0.409297] x86/mm: Memory block size: 128MB
[    0.412734] Callback from call_rcu_tasks_trace() invoked.
[    0.413305] clocksource: jiffies: mask: 0xffffffff max_cycles: 0xffffffff, max_idle_ns: 7645041785100000 ns
[    0.414101] futex hash table entries: 512 (order: 4, 65536 bytes, linear)
[    0.414903] pinctrl core: initialized pinctrl subsystem
[    0.415955] 
[    0.416091] *************************************************************
[    0.416635] **     NOTICE NOTICE NOTICE NOTICE NOTICE NOTICE NOTICE    **
[    0.416721] **                                                         **
[    0.417264] **  IOMMU DebugFS SUPPORT HAS BEEN ENABLED IN THIS KERNEL  **
[    0.417815] **                                                         **
[    0.418356] ** This means that this kernel is built to expose internal **
[    0.418901] ** IOMMU data structures, which may compromise security on **
[    0.419443] ** your system.                                            **
[    0.419990] **                                                         **
[    0.420531] ** If you see this message and you are not debugging the   **
[    0.420719] ** kernel, report this immediately to your vendor!         **
[    0.421266] **                                                         **
[    0.421805] **     NOTICE NOTICE NOTICE NOTICE NOTICE NOTICE NOTICE    **
[    0.422350] *************************************************************
[    0.422944] PM: RTC time: 00:38:58, date: 2022-12-14
[    0.426137] NET: Registered PF_NETLINK/PF_ROUTE protocol family
[    0.427343] DMA: preallocated 256 KiB GFP_KERNEL pool for atomic allocations
[    0.427923] DMA: preallocated 256 KiB GFP_KERNEL|GFP_DMA pool for atomic allocations
[    0.428556] DMA: preallocated 256 KiB GFP_KERNEL|GFP_DMA32 pool for atomic allocations
[    0.428775] audit: initializing netlink subsys (disabled)
[    0.429288] audit: type=2000 audit(1670978338.905:1): state=initialized audit_enabled=0 res=1
[    0.429410] thermal_sys: Registered thermal governor 'fair_share'
[    0.429513] thermal_sys: Registered thermal governor 'bang_bang'
[    0.430007] thermal_sys: Registered thermal governor 'step_wise'
[    0.430498] thermal_sys: Registered thermal governor 'user_space'
[    0.431027] cpuidle: using governor ladder
[    0.431876] cpuidle: using governor menu
[    0.433034] HugeTLB: can optimize 4095 vmemmap pages for hugepages-1048576kB
[    0.433625] acpiphp: ACPI Hot Plug PCI Controller Driver version: 0.5
[    0.434486] PCI: Using configuration type 1 for base access
[    0.451704] kprobes: kprobe jump-optimization is enabled. All kprobes are optimized if possible.
[    0.603505] HugeTLB: can optimize 7 vmemmap pages for hugepages-2048kB
[    0.604044] HugeTLB registered 1.00 GiB page size, pre-allocated 0 pages
[    0.604590] HugeTLB registered 2.00 MiB page size, pre-allocated 0 pages
[    0.607023] ACPI: Added _OSI(Module Device)
[    0.607386] ACPI: Added _OSI(Processor Device)
[    0.607748] ACPI: Added _OSI(3.0 _SCP Extensions)
[    0.608138] ACPI: Added _OSI(Processor Aggregator Device)
[    0.608574] ACPI: Added _OSI(Linux-Dell-Video)
[    0.608720] ACPI: Added _OSI(Linux-Lenovo-NV-HDMI-Audio)
[    0.609151] ACPI: Added _OSI(Linux-HPI-Hybrid-Graphics)
[    0.615667] ACPI: 1 ACPI AML tables successfully acquired and loaded
[    0.619850] ACPI: Interpreter enabled
[    0.620252] ACPI: PM: (supports S0 S3 S4 S5)
[    0.620607] ACPI: Using IOAPIC for interrupt routing
[    0.620763] PCI: Using host bridge windows from ACPI; if necessary, use "pci=nocrs" and report a bug
[    0.621499] PCI: Using E820 reservations for host bridge windows
[    0.622734] ACPI: Enabled 2 GPEs in block 00 to 0F
[    0.641318] ACPI: PCI Root Bridge [PCI0] (domain 0000 [bus 00-ff])
[    0.641844] acpi PNP0A03:00: _OSC: OS supports [ASPM ClockPM Segments MSI EDR HPX-Type3]
[    0.642504] acpi PNP0A03:00: _OSC: not requesting OS control; OS requires [ExtendedConfig ASPM ClockPM MSI]
[    0.643364] acpi PNP0A03:00: fail to add MMCONFIG information, can't access extended PCI configuration space under this bridge.
[    0.646936] acpiphp: Slot [3] registered
[    0.647347] acpiphp: Slot [4] registered
[    0.647740] acpiphp: Slot [5] registered
[    0.648135] acpiphp: Slot [6] registered
[    0.648533] acpiphp: Slot [7] registered
[    0.648787] acpiphp: Slot [8] registered
[    0.649194] acpiphp: Slot [9] registered
[    0.649589] acpiphp: Slot [10] registered
[    0.649990] acpiphp: Slot [11] registered
[    0.650394] acpiphp: Slot [12] registered
[    0.650794] acpiphp: Slot [13] registered
[    0.651208] acpiphp: Slot [14] registered
[    0.651608] acpiphp: Slot [15] registered
[    0.652007] acpiphp: Slot [16] registered
[    0.652424] acpiphp: Slot [17] registered
[    0.652787] acpiphp: Slot [18] registered
[    0.653203] acpiphp: Slot [19] registered
[    0.653605] acpiphp: Slot [20] registered
[    0.654010] acpiphp: Slot [21] registered
[    0.654417] acpiphp: Slot [22] registered
[    0.654837] acpiphp: Slot [23] registered
[    0.655243] acpiphp: Slot [24] registered
[    0.655643] acpiphp: Slot [25] registered
[    0.656045] acpiphp: Slot [26] registered
[    0.656446] acpiphp: Slot [27] registered
[    0.656794] acpiphp: Slot [28] registered
[    0.657200] acpiphp: Slot [29] registered
[    0.657601] acpiphp: Slot [30] registered
[    0.658005] acpiphp: Slot [31] registered
[    0.658354] PCI host bridge to bus 0000:00
[    0.658688] pci_bus 0000:00: root bus resource [io  0x0000-0x0cf7 window]
[    0.659244] pci_bus 0000:00: root bus resource [io  0x0d00-0xffff window]
[    0.659793] pci_bus 0000:00: root bus resource [mem 0x000a0000-0x000bffff window]
[    0.660401] pci_bus 0000:00: root bus resource [mem 0x80000000-0xfebfffff window]
[    0.660715] pci_bus 0000:00: root bus resource [mem 0x100000000-0x17fffffff window]
[    0.661334] pci_bus 0000:00: root bus resource [bus 00-ff]
[    0.661886] pci 0000:00:00.0: [8086:1237] type 00 class 0x060000
[    0.665602] pci 0000:00:01.0: [8086:7000] type 00 class 0x060100
[    0.666812] pci 0000:00:01.1: [8086:7010] type 00 class 0x010180
[    0.668909] pci 0000:00:01.1: reg 0x20: [io  0xc040-0xc04f]
[    0.670010] pci 0000:00:01.1: legacy IDE quirk: reg 0x10: [io  0x01f0-0x01f7]
[    0.670594] pci 0000:00:01.1: legacy IDE quirk: reg 0x14: [io  0x03f6]
[    0.671119] pci 0000:00:01.1: legacy IDE quirk: reg 0x18: [io  0x0170-0x0177]
[    0.671696] pci 0000:00:01.1: legacy IDE quirk: reg 0x1c: [io  0x0376]
[    0.672524] pci 0000:00:01.3: [8086:7113] type 00 class 0x068000
[    0.673026] pci 0000:00:01.3: quirk: [io  0x0600-0x063f] claimed by PIIX4 ACPI
[    0.673621] pci 0000:00:01.3: quirk: [io  0x0700-0x070f] claimed by PIIX4 SMB
[    0.674490] pci 0000:00:02.0: [1234:1111] type 00 class 0x030000
[    0.675923] pci 0000:00:02.0: reg 0x10: [mem 0xfd000000-0xfdffffff pref]
[    0.677747] pci 0000:00:02.0: reg 0x18: [mem 0xfebf0000-0xfebf0fff]
[    0.680649] pci 0000:00:02.0: reg 0x30: [mem 0xfebe0000-0xfebeffff pref]
[    0.680780] pci 0000:00:02.0: Video device with shadowed ROM at [mem 0x000c0000-0x000dffff]
[    0.684392] pci 0000:00:03.0: [8086:100e] type 00 class 0x020000
[    0.685304] pci 0000:00:03.0: reg 0x10: [mem 0xfebc0000-0xfebdffff]
[    0.686411] pci 0000:00:03.0: reg 0x14: [io  0xc000-0xc03f]
[    0.689583] pci 0000:00:03.0: reg 0x30: [mem 0xfeb80000-0xfebbffff pref]
[    0.701137] ACPI: PCI: Interrupt link LNKA configured for IRQ 10
[    0.702042] ACPI: PCI: Interrupt link LNKB configured for IRQ 10
[    0.702915] ACPI: PCI: Interrupt link LNKC configured for IRQ 11
[    0.703785] ACPI: PCI: Interrupt link LNKD configured for IRQ 11
[    0.704461] ACPI: PCI: Interrupt link LNKS configured for IRQ 9
[    0.705830] iommu: Default domain type: Translated 
[    0.706242] iommu: DMA domain TLB invalidation policy: lazy mode 
[    0.707821] SCSI subsystem initialized
[    0.708419] ACPI: bus type USB registered
[    0.708777] usbcore: registered new interface driver usbfs
[    0.709266] usbcore: registered new interface driver hub
[    0.709732] usbcore: registered new device driver usb
[    0.710242] pps_core: LinuxPPS API ver. 1 registered
[    0.710646] pps_core: Software ver. 5.3.6 - Copyright 2005-2007 Rodolfo Giometti <giometti@linux.it>
[    0.711386] PTP clock support registered
[    0.711861] EDAC MC: Ver: 3.0.0
[    0.713506] NetLabel: Initializing
[    0.713793] NetLabel:  domain hash size = 128
[    0.714149] NetLabel:  protocols = UNLABELED CIPSOv4 CALIPSO
[    0.714678] NetLabel:  unlabeled traffic allowed by default
[    0.715457] PCI: Using ACPI for IRQ routing
[    0.716004] pci 0000:00:02.0: vgaarb: setting as boot VGA device
[    0.716502] pci 0000:00:02.0: vgaarb: bridge control possible
[    0.716710] pci 0000:00:02.0: vgaarb: VGA device added: decodes=io+mem,owns=io+mem,locks=none
[    0.716718] vgaarb: loaded
[    0.717655] hpet0: at MMIO 0xfed00000, IRQs 2, 8, 0
[    0.718085] hpet0: 3 comparators, 64-bit 100.000000 MHz counter
[    3.734941] clocksource: Switched to clocksource kvm-clock
[    3.736266] VFS: Disk quotas dquot_6.6.0
[    3.736651] VFS: Dquot-cache hash table entries: 512 (order 0, 4096 bytes)
[    3.736710] pnp: PnP ACPI init
[    3.737924] pnp: PnP ACPI: found 6 devices
[    3.749699] clocksource: acpi_pm: mask: 0xffffff max_cycles: 0xffffff, max_idle_ns: 2085701024 ns
[    3.750881] NET: Registered PF_INET protocol family
[    3.751422] IP idents hash table entries: 32768 (order: 6, 262144 bytes, linear)
[    3.753017] tcp_listen_portaddr_hash hash table entries: 1024 (order: 4, 73728 bytes, linear)
[    3.753770] Table-perturb hash table entries: 65536 (order: 6, 262144 bytes, linear)
[    3.754410] TCP established hash table entries: 16384 (order: 5, 131072 bytes, linear)
[    3.755234] TCP bind hash table entries: 16384 (order: 8, 1179648 bytes, linear)
[    3.756575] TCP: Hash tables configured (established 16384 bind 16384)
[    3.757248] UDP hash table entries: 1024 (order: 5, 163840 bytes, linear)
[    3.758207] UDP-Lite hash table entries: 1024 (order: 5, 163840 bytes, linear)
[    3.759002] NET: Registered PF_UNIX/PF_LOCAL protocol family
[    3.769112] RPC: Registered named UNIX socket transport module.
[    3.769619] RPC: Registered udp transport module.
[    3.770007] RPC: Registered tcp transport module.
[    3.770400] RPC: Registered tcp NFSv4.1 backchannel transport module.
[    3.770944] pci_bus 0000:00: resource 4 [io  0x0000-0x0cf7 window]
[    3.771462] pci_bus 0000:00: resource 5 [io  0x0d00-0xffff window]
[    3.771974] pci_bus 0000:00: resource 6 [mem 0x000a0000-0x000bffff window]
[    3.772541] pci_bus 0000:00: resource 7 [mem 0x80000000-0xfebfffff window]
[    3.773120] pci_bus 0000:00: resource 8 [mem 0x100000000-0x17fffffff window]
[    3.773968] pci 0000:00:01.0: PIIX3: Enabling Passive Release
[    3.774460] pci 0000:00:00.0: Limiting direct PCI/PCI transfers
[    3.775071] PCI: CLS 0 bytes, default 64
[    3.775446] ACPI: bus type thunderbolt registered
[    3.776173] clocksource: tsc: mask: 0xffffffffffffffff max_cycles: 0x1881273ac8e, max_idle_ns: 440795257284 ns
[    3.797935] sgx: There are zero EPC sections.
[    3.798450] Callback from call_rcu_tasks_rude() invoked.
[    3.844863] Callback from call_rcu_tasks() invoked.
[    3.918186] Initialise system trusted keyrings
[    3.918670] Key type blacklist registered
[    3.919282] workingset: timestamp_bits=36 max_order=19 bucket_order=0
[    3.931113] zbud: loaded
[    3.933552] squashfs: version 4.0 (2009/01/31) Phillip Lougher
[    3.935622] NFS: Registering the id_resolver key type
[    3.936082] Key type id_resolver registered
[    3.936435] Key type id_legacy registered
[    3.936905] nfs4filelayout_init: NFSv4 File Layout Driver Registering...
[    3.937483] nfs4flexfilelayout_init: NFSv4 Flexfile Layout Driver Registering...
[    3.938228] fuse: init (API version 7.36)
[    3.938909] SGI XFS with ACLs, security attributes, realtime, quota, no debug enabled
[    3.941571] 9p: Installing v9fs 9p2000 file system support
[    3.950099] Key type asymmetric registered
[    3.950449] Asymmetric key parser 'x509' registered
[    3.952185] alg: self-tests for CTR-KDF (hmac(sha256)) passed
[    3.952758] Block layer SCSI generic (bsg) driver version 0.4 loaded (major 243)
[    3.953484] io scheduler mq-deadline registered
[    3.953897] io scheduler bfq registered
[    3.955321] shpchp: Standard Hot Plug PCI Controller Driver version: 0.4
[    3.956372] IPMI message handler: version 39.2
[    3.956810] ipmi device interface
[    3.958838] input: Power Button as /devices/LNXSYSTM:00/LNXPWRBN:00/input/input0
[    3.959796] ACPI: button: Power Button [PWRF]
[    3.961255] ERST DBG: ERST support is disabled.
[    3.962210] Serial: 8250/16550 driver, 32 ports, IRQ sharing enabled
[    3.963246] 00:04: ttyS0 at I/O 0x3f8 (irq = 4, base_baud = 115200) is a 16550A
[    3.973689] Linux agpgart interface v0.103
[    3.974610] ACPI: bus type drm_connector registered
[    3.988828] brd: module loaded
[    3.996574] loop: module loaded
[    4.001122] scsi host0: ata_piix
[    4.002378] scsi host1: ata_piix
[    4.002834] ata1: PATA max MWDMA2 cmd 0x1f0 ctl 0x3f6 bmdma 0xc040 irq 14
[    4.003396] ata2: PATA max MWDMA2 cmd 0x170 ctl 0x376 bmdma 0xc048 irq 15
[    4.005149] tun: Universal TUN/TAP device driver, 1.6
[    4.005728] e100: Intel(R) PRO/100 Network Driver
[    4.006118] e100: Copyright(c) 1999-2006 Intel Corporation
[    4.006622] e1000: Intel(R) PRO/1000 Network Driver
[    4.007025] e1000: Copyright (c) 1999-2006 Intel Corporation.
[    4.160869] ata1: found unknown device (class 0)
[    4.161784] ata1.00: ATA-7: QEMU HARDDISK, 2.5+, max UDMA/100
[    4.162261] ata1.00: 16777216 sectors, multi 16: LBA48 
[    4.163118] ata2: found unknown device (class 0)
[    4.163946] ata2.00: ATAPI: QEMU DVD-ROM, 2.5+, max UDMA/100
[    4.164143] scsi 0:0:0:0: Direct-Access     ATA      QEMU HARDDISK    2.5+ PQ: 0 ANSI: 5
[    4.166542] sd 0:0:0:0: [sda] 16777216 512-byte logical blocks: (8.59 GB/8.00 GiB)
[    4.167212] sd 0:0:0:0: [sda] Write Protect is off
[    4.167669] sd 0:0:0:0: [sda] Write cache: enabled, read cache: enabled, doesn't support DPO or FUA
[    4.168760] sd 0:0:0:0: Attached scsi generic sg0 type 0
[    4.169399] sd 0:0:0:0: [sda] Preferred minimum I/O size 512 bytes
[    4.170483] scsi 1:0:0:0: CD-ROM            QEMU     QEMU DVD-ROM     2.5+ PQ: 0 ANSI: 5
[    4.194035] sd 0:0:0:0: [sda] Attached SCSI disk
[    4.198921] ACPI: \_SB_.LNKC: Enabled at IRQ 11
[    4.201423] scsi 1:0:0:0: Attached scsi generic sg1 type 5
[    4.523865] e1000 0000:00:03.0 eth0: (PCI:33MHz:32-bit) 52:54:00:12:34:56
[    4.524464] e1000 0000:00:03.0 eth0: Intel(R) PRO/1000 Network Connection
[    4.525151] e1000e: Intel(R) PRO/1000 Network Driver
[    4.525563] e1000e: Copyright(c) 1999 - 2015 Intel Corporation.
[    4.526111] igb: Intel(R) Gigabit Ethernet Network Driver
[    4.526555] igb: Copyright (c) 2007-2014 Intel Corporation.
[    4.527122] PPP generic driver version 2.4.2
[    4.527887] VFIO - User Level meta-driver version: 0.3
[    4.528365] ehci_hcd: USB 2.0 'Enhanced' Host Controller (EHCI) Driver
[    4.528920] ehci-pci: EHCI PCI platform driver
[    4.529323] ehci-platform: EHCI generic platform driver
[    4.529768] ohci_hcd: USB 1.1 'Open' Host Controller (OHCI) Driver
[    4.530284] ohci-pci: OHCI PCI platform driver
[    4.530676] ohci-platform: OHCI generic platform driver
[    4.531126] uhci_hcd: USB Universal Host Controller Interface driver
[    4.531937] usbcore: registered new interface driver uas
[    4.532460] usbcore: registered new interface driver usb-storage
[    4.533095] i8042: PNP: PS/2 Controller [PNP0303:KBD,PNP0f13:MOU] at 0x60,0x64 irq 1,12
[    4.534504] serio: i8042 KBD port at 0x60,0x64 irq 1
[    4.534947] serio: i8042 AUX port at 0x60,0x64 irq 12
[    4.536097] mousedev: PS/2 mouse device common for all mice
[    4.537433] input: AT Translated Set 2 keyboard as /devices/platform/i8042/serio0/input/input1
[    4.539272] input: VirtualPS/2 VMware VMMouse as /devices/platform/i8042/serio1/input/input4
[    4.540485] rtc_cmos 00:05: RTC can wake from S4
[    4.541049] input: VirtualPS/2 VMware VMMouse as /devices/platform/i8042/serio1/input/input3
[    4.542893] rtc_cmos 00:05: registered as rtc0
[    4.543339] rtc_cmos 00:05: setting system clock to 2022-12-14T00:39:02 UTC (1670978342)
[    4.544165] rtc_cmos 00:05: alarms up to one day, y3k, 242 bytes nvram, hpet irqs
[    4.544832] i2c_dev: i2c /dev entries driver
[    4.545241] device-mapper: core: CONFIG_IMA_DISABLE_HTABLE is disabled. Duplicate IMA measurements will not be recorded in the IMA log.
[    4.546333] device-mapper: uevent: version 1.0.3
[    4.546976] device-mapper: ioctl: 4.47.0-ioctl (2022-07-28) initialised: dm-devel@redhat.com
[    4.547675] intel_pstate: CPU model not supported
[    4.548159] sdhci: Secure Digital Host Controller Interface driver
[    4.548667] sdhci: Copyright(c) Pierre Ossman
[    4.549121] sdhci-pltfm: SDHCI platform and OF driver helper
[    4.549651] ledtrig-cpu: registered to indicate activity on CPUs
[    4.550510] drop_monitor: Initializing network drop monitor service
[    4.551791] NET: Registered PF_INET6 protocol family
[    4.554225] Segment Routing with IPv6
[    4.554580] In-situ OAM (IOAM) with IPv6
[    4.554941] NET: Registered PF_PACKET protocol family
[    4.555625] 9pnet: Installing 9P2000 support
[    4.556059] Key type dns_resolver registered
[    4.557302] IPI shorthand broadcast: enabled
[    4.557719] sched_clock: Marking stable (4544763208, 12274247)->(4571329632, -14292177)
[    4.559067] registered taskstats version 1
[    4.559566] Loading compiled-in X.509 certificates
[    4.560236] zswap: loaded using pool lzo/zbud
[    4.561388] Key type ._fscrypt registered
[    4.561726] Key type .fscrypt registered
[    4.562050] Key type fscrypt-provisioning registered
[    4.563499] Key type encrypted registered
[    4.563878] ima: No TPM chip found, activating TPM-bypass!
[    4.564357] ima: Allocated hash algorithm: sha1
[    4.564817] ima: No architecture policies found
[    4.565299] evm: Initialising EVM extended attributes:
[    4.565720] evm: security.selinux
[    4.565998] evm: security.SMACK64
[    4.566283] evm: security.SMACK64EXEC
[    4.566589] evm: security.SMACK64TRANSMUTE
[    4.566931] evm: security.SMACK64MMAP
[    4.567239] evm: security.apparmor
[    4.567527] evm: security.ima
[    4.567777] evm: security.capability
[    4.568077] evm: HMAC attrs: 0x1
[    4.573231] PM:   Magic number: 2:666:607
[    4.574036] RAS: Correctable Errors collector initialized.
[    4.575830] md: Waiting for all devices to be available before autodetect
[    4.576222] md: If you don't use raid, use raid=noautodetect
[    4.576556] md: Autodetecting RAID arrays.
[    4.576825] md: autorun ...
[    4.576995] md: ... autorun DONE.
[    4.582310] EXT4-fs (sda): mounted filesystem with ordered data mode. Quota mode: none.
[    4.582854] VFS: Mounted root (ext4 filesystem) readonly on device 8:0.
[    4.584944] devtmpfs: mounted
[    4.595468] Freeing unused decrypted memory: 2036K
[    4.597489] Freeing unused kernel image (initmem) memory: 3644K
[    4.612786] Write protecting the kernel read-only data: 43008k
[    4.615969] Freeing unused kernel image (text/rodata gap) memory: 2028K
[    4.616516] Freeing unused kernel image (rodata/data gap) memory: 124K
[    4.726790] x86/mm: Checked W+X mappings: passed, no W+X pages found.
[    4.727143] Run /sbin/init as init process
[    4.807222] systemd[1]: RTC configured in localtime, applying delta of 0 minutes to system time.
[    4.832223] systemd[1]: systemd 239 (239-49.el8) running in system mode. (+PAM +AUDIT +SELINUX +IMA -APPARMOR +SMACK +SYSVINIT +UTMP +LIBCRYPTSETUP +GCRYPT +GNUTLS +ACL +XZ +LZ4 +SECCOMP +BLKID +ELFUTILS +KMOD +IDN2 -IDN +PCRE2 default-hierarchy=legacy)
[    4.833678] systemd[1]: Detected virtualization kvm.
[    4.833971] systemd[1]: Detected architecture x86-64.

Welcome to [0;31mCentOS Stream 8[0m!

[    4.856764] systemd[1]: Set hostname to <test>.
[    6.628771] random: crng init done
[    6.727386] systemd[1]: Listening on Process Core Dump Socket.
[[0;32m  OK  [0m] Listening on Process Core Dump Socket.
[    6.728597] systemd[1]: Listening on udev Kernel Socket.
[[0;32m  OK  [0m] Listening on udev Kernel Socket.
[    6.729648] systemd[1]: Listening on udev Control Socket.
[[0;32m  OK  [0m] Listening on udev Control Socket.
[    6.730979] systemd[1]: Listening on RPCbind Server Activation Socket.
[[0;32m  OK  [0m] Listening on RPCbind Server Activation Socket.
[    6.732018] systemd[1]: Listening on initctl Compatibility Named Pipe.
[[0;32m  OK  [0m] Listening on initctl Compatibility Named Pipe.
[    6.732944] systemd[1]: Reached target RPC Port Mapper.
[[0;32m  OK  [0m] Reached target RPC Port Mapper.
[[0;32m  OK  [0m] Reached target Swap.
[[0;32m  OK  [0m] Listening on Device-mapper event daemon FIFOs.
[[0;32m  OK  [0m] Started Forward Password Requests to Wall Directory Watch.
[[0;32m  OK  [0m] Created slice system-sshd\x2dkeygen.slice.
[[0;32m  OK  [0m] Created slice system-getty.slice.
[[0;32m  OK  [0m] Listening on multipathd control socket.
[[0;32m  OK  [0m] Listening on LVM2 poll daemon socket.
[[0;32m  OK  [0m] Created slice User and Session Slice.
[[0;32m  OK  [0m] Set up automount Arbitrary Executabâ€¦rmats File System Automount Point.
[[0;32m  OK  [0m] Reached target Slices.
[[0;32m  OK  [0m] Listening on Journal Socket.
         Starting Load Kernel Modules...
         Mounting Kernel Debug File System...
         Starting Monitoring of LVM2 mirrorsâ€¦ng dmeventd or progress polling...
         Mounting Huge Pages File System...
         Mounting POSIX Message Queue File System...
         Starting Setup Virtual Console...
         Starting Remount Root and Kernel File Systems...
[[0;32m  OK  [0m] Created slice system-serial\x2dgetty.slice.
         Starting udev Coldplug all Devices...
[[0;32m  OK  [0m] Listening on Journal Socket (/dev/log).
         Starting Journal Service...
[[0;1;31mFAILED[0m] Failed to start Load Kernel Modules.
See 'systemctl status systemd-modules-load.service' for details.
[[0;32m  OK  [0m] Mounted Kernel Debug File System.
[[0;32m  OK  [0m] Mounted Huge Pages File System.
[[0;32m  OK  [0m] Mounted POSIX Message Queue File System.
         Mounting FUSE Control File System...
         Starting Apply Kernel Variables...
         Mounting Kernel Configuration File System...
[    7.064775] EXT4-fs (sda): re-mounted. Quota mode: none.
[[0;32m  OK  [0m] Started Remount Root and Kernel File Systems.
[[0;32m  OK  [0m] Mounted FUSE Control File System.
[[0;32m  OK  [0m] Started Apply Kernel Variables.
[[0;32m  OK  [0m] Mounted Kernel Configuration File System.
         Starting Load/Save Random Seed...
         Starting Create Static Device Nodes in /dev...
[[0;32m  OK  [0m] Started Journal Service.
[[0;32m  OK  [0m] Started Setup Virtual Console.
[[0;32m  OK  [0m] Started Load/Save Random Seed.
         Starting Flush Journal to Persistent Storage...
[[0;32m  OK  [0m] Started Create Static Device Nodes in /dev.
         Starting udev Kernel Device Manager...
[[0;32m  OK  [0m] Started Flush Journal to Persistent Storage.
[[0;32m  OK  [0m] Started udev Coldplug all Devices.
         Starting udev Wait for Complete Device Initialization...
[[0;32m  OK  [0m] Started udev Kernel Device Manager.
         Starting Show Plymouth Boot Screen...
[[0;32m  OK  [0m] Started Show Plymouth Boot Screen.
[[0;32m  OK  [0m] Reached target Paths.
[[0;32m  OK  [0m] Reached target Local Encrypted Volumes.
[[0;32m  OK  [0m] Started Forward Password Requests to Plymouth Directory Watch.
[[0;32m  OK  [0m] Found device /dev/ttyS0.
[[0;32m  OK  [0m] Started udev Wait for Complete Device Initialization.
[[0;32m  OK  [0m] Started Monitoring of LVM2 mirrors,â€¦sing dmeventd or progress polling.
[[0;32m  OK  [0m] Listening on Load/Save RF Kill Switch Status /dev/rfkill Watch.
[[0;32m  OK  [0m] Reached target Local File Systems (Pre).
[[0;32m  OK  [0m] Reached target Local File Systems.
         Starting Tell Plymouth To Write Out Runtime Data...
         Starting Create Volatile Files and Directories...
         Starting Restore /run/initramfs on shutdown...
[[0;32m  OK  [0m] Started Tell Plymouth To Write Out Runtime Data.
[[0;32m  OK  [0m] Started Create Volatile Files and Directories.
[[0;32m  OK  [0m] Started Restore /run/initramfs on shutdown.
         Starting Security Auditing Service...
         Starting RPC Bind...
         Mounting RPC Pipe File System...
[[0;32m  OK  [0m] Mounted RPC Pipe File System.
[[0;32m  OK  [0m] Reached target rpc_pipefs.target.
[[0;32m  OK  [0m] Started RPC Bind.
[[0;32m  OK  [0m] Started Security Auditing Service.
         Starting Update UTMP about System Boot/Shutdown...
[[0;32m  OK  [0m] Started Update UTMP about System Boot/Shutdown.
[[0;32m  OK  [0m] Reached target System Initialization.
[[0;32m  OK  [0m] Started daily update of the root trust anchor for DNSSEC.
[[0;32m  OK  [0m] Listening on SSSD Kerberos Cache Manager responder socket.
[[0;32m  OK  [0m] Started Daily Cleanup of Temporary Directories.
[[0;32m  OK  [0m] Started dnf makecache --timer.
[[0;32m  OK  [0m] Reached target Timers.
[[0;32m  OK  [0m] Listening on D-Bus System Message Bus Socket.
[[0;32m  OK  [0m] Reached target Sockets.
[[0;32m  OK  [0m] Reached target Basic System.
         Starting Authorization Manager...
         Starting NTP client/server...
         Starting Auto-connect to subsystemsâ€¦-NVME devices found during boot...
         Starting Login Service...
         Starting Self Monitoring and Reporting Technology (SMART) Daemon...
[[0;32m  OK  [0m] Started D-Bus System Message Bus.
         Starting Network Manager...
[[0;32m  OK  [0m] Started irqbalance daemon.
[[0;32m  OK  [0m] Reached target sshd-keygen.target.
[[0;32m  OK  [0m] Started Machine Check Exception Logging Daemon.
[[0;32m  OK  [0m] Started Auto-connect to subsystems â€¦FC-NVME devices found during boot.
         Starting update of the root trust aâ€¦or DNSSEC validation in unbound...
[[0;32m  OK  [0m] Started Self Monitoring and Reporting Technology (SMART) Daemon.
[[0;32m  OK  [0m] Started Login Service.
[[0;32m  OK  [0m] Started Network Manager.
[[0;32m  OK  [0m] Reached target Network.
         Starting Dynamic System Tuning Daemon...
         Starting GSSAPI Proxy Daemon...
         Starting OpenSSH server daemon...
         Starting Network Manager Wait Online...
[[0;32m  OK  [0m] Started update of the root trust anâ€¦ for DNSSEC validation in unbound.
[[0;32m  OK  [0m] Started NTP client/server.
[[0;32m  OK  [0m] Started Authorization Manager.
         Starting Hostname Service...
[[0;32m  OK  [0m] Started OpenSSH server daemon.
[[0;32m  OK  [0m] Started GSSAPI Proxy Daemon.
[[0;32m  OK  [0m] Reached target NFS client services.
[[0;32m  OK  [0m] Reached target Remote File Systems (Pre).
[[0;32m  OK  [0m] Reached target Remote File Systems.
         Starting Permit User Sessions...
[[0;32m  OK  [0m] Started Permit User Sessions.
         Starting Terminate Plymouth Boot Screen...
[[0;32m  OK  [0m] Started Command Scheduler.
         Starting Hold until boot process finishes up...
[    9.170810] e1000: eth0 NIC Link is Up 1000 Mbps Full Duplex, Flow Control: RX
[    9.171791] IPv6: ADDRCONF(NETDEV_CHANGE): eth0: link becomes ready
[    9.313148] Spectre V2 : WARNING: Unprivileged eBPF is enabled with eIBRS on, data leaks possible via Spectre v2 BHB attacks!
[    9.313851] Spectre V2 : WARNING: Unprivileged eBPF is enabled with eIBRS on, data leaks possible via Spectre v2 BHB attacks!

CentOS Stream 8
Kernel 5.19.0-fa9db655d0e1+ on an x86_64

test login: [   28.259647] warning: checkpointing journal with EXT4_IOC_CHECKPOINT_FLAG_ZEROOUT can be slow
[   28.545852] warning: checkpointing journal with EXT4_IOC_CHECKPOINT_FLAG_ZEROOUT can be slow
[   28.771389] warning: checkpointing journal with EXT4_IOC_CHECKPOINT_FLAG_ZEROOUT can be slow
[   28.996089] warning: checkpointing journal with EXT4_IOC_CHECKPOINT_FLAG_ZEROOUT can be slow
[   29.219586] warning: checkpointing journal with EXT4_IOC_CHECKPOINT_FLAG_ZEROOUT can be slow
[   29.442783] warning: checkpointing journal with EXT4_IOC_CHECKPOINT_FLAG_ZEROOUT can be slow
[   29.665445] warning: checkpointing journal with EXT4_IOC_CHECKPOINT_FLAG_ZEROOUT can be slow
[   29.886437] warning: checkpointing journal with EXT4_IOC_CHECKPOINT_FLAG_ZEROOUT can be slow
[   30.106717] warning: checkpointing journal with EXT4_IOC_CHECKPOINT_FLAG_ZEROOUT can be slow
[   30.327181] warning: checkpointing journal with EXT4_IOC_CHECKPOINT_FLAG_ZEROOUT can be slow
[   33.420405] ext4_ioctl_checkpoint: 13 callbacks suppressed
[   33.420419] warning: checkpointing journal with EXT4_IOC_CHECKPOINT_FLAG_ZEROOUT can be slow
[   33.642409] warning: checkpointing journal with EXT4_IOC_CHECKPOINT_FLAG_ZEROOUT can be slow
[   33.864867] warning: checkpointing journal with EXT4_IOC_CHECKPOINT_FLAG_ZEROOUT can be slow
[   34.086518] warning: checkpointing journal with EXT4_IOC_CHECKPOINT_FLAG_ZEROOUT can be slow
[   34.307346] warning: checkpointing journal with EXT4_IOC_CHECKPOINT_FLAG_ZEROOUT can be slow
[   34.530471] warning: checkpointing journal with EXT4_IOC_CHECKPOINT_FLAG_ZEROOUT can be slow
[   34.752605] warning: checkpointing journal with EXT4_IOC_CHECKPOINT_FLAG_ZEROOUT can be slow
[   34.974803] warning: checkpointing journal with EXT4_IOC_CHECKPOINT_FLAG_ZEROOUT can be slow
[   35.197009] warning: checkpointing journal with EXT4_IOC_CHECKPOINT_FLAG_ZEROOUT can be slow
[   35.418930] warning: checkpointing journal with EXT4_IOC_CHECKPOINT_FLAG_ZEROOUT can be slow
[   38.507122] ext4_ioctl_checkpoint: 13 callbacks suppressed
[   38.507135] warning: checkpointing journal with EXT4_IOC_CHECKPOINT_FLAG_ZEROOUT can be slow
[   38.729639] warning: checkpointing journal with EXT4_IOC_CHECKPOINT_FLAG_ZEROOUT can be slow
[   38.951704] warning: checkpointing journal with EXT4_IOC_CHECKPOINT_FLAG_ZEROOUT can be slow
[   39.175346] warning: checkpointing journal with EXT4_IOC_CHECKPOINT_FLAG_ZEROOUT can be slow
[   39.398734] warning: checkpointing journal with EXT4_IOC_CHECKPOINT_FLAG_ZEROOUT can be slow
[   39.621894] warning: checkpointing journal with EXT4_IOC_CHECKPOINT_FLAG_ZEROOUT can be slow
[   39.844545] warning: checkpointing journal with EXT4_IOC_CHECKPOINT_FLAG_ZEROOUT can be slow
[   40.067031] warning: checkpointing journal with EXT4_IOC_CHECKPOINT_FLAG_ZEROOUT can be slow
[   40.288677] warning: checkpointing journal with EXT4_IOC_CHECKPOINT_FLAG_ZEROOUT can be slow
[   40.511834] warning: checkpointing journal with EXT4_IOC_CHECKPOINT_FLAG_ZEROOUT can be slow
[   43.594952] ext4_ioctl_checkpoint: 13 callbacks suppressed
[   43.594964] warning: checkpointing journal with EXT4_IOC_CHECKPOINT_FLAG_ZEROOUT can be slow
[   43.816367] warning: checkpointing journal with EXT4_IOC_CHECKPOINT_FLAG_ZEROOUT can be slow
[   44.037712] warning: checkpointing journal with EXT4_IOC_CHECKPOINT_FLAG_ZEROOUT can be slow
[   44.259471] warning: checkpointing journal with EXT4_IOC_CHECKPOINT_FLAG_ZEROOUT can be slow
[   44.479829] warning: checkpointing journal with EXT4_IOC_CHECKPOINT_FLAG_ZEROOUT can be slow
[   44.701250] warning: checkpointing journal with EXT4_IOC_CHECKPOINT_FLAG_ZEROOUT can be slow
[   44.922767] warning: checkpointing journal with EXT4_IOC_CHECKPOINT_FLAG_ZEROOUT can be slow
[   45.143775] warning: checkpointing journal with EXT4_IOC_CHECKPOINT_FLAG_ZEROOUT can be slow
[   45.364648] warning: checkpointing journal with EXT4_IOC_CHECKPOINT_FLAG_ZEROOUT can be slow
[   45.585040] warning: checkpointing journal with EXT4_IOC_CHECKPOINT_FLAG_ZEROOUT can be slow
[   48.670945] ext4_ioctl_checkpoint: 13 callbacks suppressed
[   48.670958] warning: checkpointing journal with EXT4_IOC_CHECKPOINT_FLAG_ZEROOUT can be slow
[   48.891438] warning: checkpointing journal with EXT4_IOC_CHECKPOINT_FLAG_ZEROOUT can be slow
[   49.111744] warning: checkpointing journal with EXT4_IOC_CHECKPOINT_FLAG_ZEROOUT can be slow
[   49.332060] warning: checkpointing journal with EXT4_IOC_CHECKPOINT_FLAG_ZEROOUT can be slow
[   49.552947] warning: checkpointing journal with EXT4_IOC_CHECKPOINT_FLAG_ZEROOUT can be slow
[   49.773919] warning: checkpointing journal with EXT4_IOC_CHECKPOINT_FLAG_ZEROOUT can be slow
[   49.994820] warning: checkpointing journal with EXT4_IOC_CHECKPOINT_FLAG_ZEROOUT can be slow
[   50.215168] warning: checkpointing journal with EXT4_IOC_CHECKPOINT_FLAG_ZEROOUT can be slow
[   50.435168] warning: checkpointing journal with EXT4_IOC_CHECKPOINT_FLAG_ZEROOUT can be slow
[   50.655985] warning: checkpointing journal with EXT4_IOC_CHECKPOINT_FLAG_ZEROOUT can be slow
[   53.741093] ext4_ioctl_checkpoint: 13 callbacks suppressed
[   53.741106] warning: checkpointing journal with EXT4_IOC_CHECKPOINT_FLAG_ZEROOUT can be slow
[   53.962733] warning: checkpointing journal with EXT4_IOC_CHECKPOINT_FLAG_ZEROOUT can be slow
[   54.183568] warning: checkpointing journal with EXT4_IOC_CHECKPOINT_FLAG_ZEROOUT can be slow
[   54.404607] warning: checkpointing journal with EXT4_IOC_CHECKPOINT_FLAG_ZEROOUT can be slow
[   54.624779] warning: checkpointing journal with EXT4_IOC_CHECKPOINT_FLAG_ZEROOUT can be slow
[   54.847058] warning: checkpointing journal with EXT4_IOC_CHECKPOINT_FLAG_ZEROOUT can be slow
[   55.068502] warning: checkpointing journal with EXT4_IOC_CHECKPOINT_FLAG_ZEROOUT can be slow
[   55.289861] warning: checkpointing journal with EXT4_IOC_CHECKPOINT_FLAG_ZEROOUT can be slow
[   55.510623] warning: checkpointing journal with EXT4_IOC_CHECKPOINT_FLAG_ZEROOUT can be slow
[   55.731564] warning: checkpointing journal with EXT4_IOC_CHECKPOINT_FLAG_ZEROOUT can be slow
[   58.816982] ext4_ioctl_checkpoint: 13 callbacks suppressed
[   58.816995] warning: checkpointing journal with EXT4_IOC_CHECKPOINT_FLAG_ZEROOUT can be slow
[   59.038200] warning: checkpointing journal with EXT4_IOC_CHECKPOINT_FLAG_ZEROOUT can be slow
[   59.259105] warning: checkpointing journal with EXT4_IOC_CHECKPOINT_FLAG_ZEROOUT can be slow
[   59.479304] warning: checkpointing journal with EXT4_IOC_CHECKPOINT_FLAG_ZEROOUT can be slow
[   59.700235] warning: checkpointing journal with EXT4_IOC_CHECKPOINT_FLAG_ZEROOUT can be slow
[   59.920974] warning: checkpointing journal with EXT4_IOC_CHECKPOINT_FLAG_ZEROOUT can be slow
[   60.142621] warning: checkpointing journal with EXT4_IOC_CHECKPOINT_FLAG_ZEROOUT can be slow
[   60.363267] warning: checkpointing journal with EXT4_IOC_CHECKPOINT_FLAG_ZEROOUT can be slow
[   60.585461] warning: checkpointing journal with EXT4_IOC_CHECKPOINT_FLAG_ZEROOUT can be slow
[   60.806443] warning: checkpointing journal with EXT4_IOC_CHECKPOINT_FLAG_ZEROOUT can be slow
[   63.901805] ext4_ioctl_checkpoint: 13 callbacks suppressed
[   63.901817] warning: checkpointing journal with EXT4_IOC_CHECKPOINT_FLAG_ZEROOUT can be slow
[   64.123768] warning: checkpointing journal with EXT4_IOC_CHECKPOINT_FLAG_ZEROOUT can be slow
[   64.344632] warning: checkpointing journal with EXT4_IOC_CHECKPOINT_FLAG_ZEROOUT can be slow
[   64.566191] warning: checkpointing journal with EXT4_IOC_CHECKPOINT_FLAG_ZEROOUT can be slow
[   64.787302] warning: checkpointing journal with EXT4_IOC_CHECKPOINT_FLAG_ZEROOUT can be slow
[   65.008514] warning: checkpointing journal with EXT4_IOC_CHECKPOINT_FLAG_ZEROOUT can be slow
[   65.229822] warning: checkpointing journal with EXT4_IOC_CHECKPOINT_FLAG_ZEROOUT can be slow
[   65.452103] warning: checkpointing journal with EXT4_IOC_CHECKPOINT_FLAG_ZEROOUT can be slow
[   65.675069] warning: checkpointing journal with EXT4_IOC_CHECKPOINT_FLAG_ZEROOUT can be slow
[   65.896667] warning: checkpointing journal with EXT4_IOC_CHECKPOINT_FLAG_ZEROOUT can be slow
[   68.988303] ext4_ioctl_checkpoint: 13 callbacks suppressed
[   68.988316] warning: checkpointing journal with EXT4_IOC_CHECKPOINT_FLAG_ZEROOUT can be slow
[   69.209716] warning: checkpointing journal with EXT4_IOC_CHECKPOINT_FLAG_ZEROOUT can be slow
[   69.430703] warning: checkpointing journal with EXT4_IOC_CHECKPOINT_FLAG_ZEROOUT can be slow
[   69.653615] warning: checkpointing journal with EXT4_IOC_CHECKPOINT_FLAG_ZEROOUT can be slow
[   69.874173] warning: checkpointing journal with EXT4_IOC_CHECKPOINT_FLAG_ZEROOUT can be slow
[   70.095154] warning: checkpointing journal with EXT4_IOC_CHECKPOINT_FLAG_ZEROOUT can be slow
[   70.316938] warning: checkpointing journal with EXT4_IOC_CHECKPOINT_FLAG_ZEROOUT can be slow
[   70.540444] warning: checkpointing journal with EXT4_IOC_CHECKPOINT_FLAG_ZEROOUT can be slow
[   70.763455] warning: checkpointing journal with EXT4_IOC_CHECKPOINT_FLAG_ZEROOUT can be slow
[   70.985302] warning: checkpointing journal with EXT4_IOC_CHECKPOINT_FLAG_ZEROOUT can be slow
[   74.099162] ext4_ioctl_checkpoint: 13 callbacks suppressed
[   74.099176] warning: checkpointing journal with EXT4_IOC_CHECKPOINT_FLAG_ZEROOUT can be slow
[   74.322203] warning: checkpointing journal with EXT4_IOC_CHECKPOINT_FLAG_ZEROOUT can be slow
[   74.543693] warning: checkpointing journal with EXT4_IOC_CHECKPOINT_FLAG_ZEROOUT can be slow
[   74.765769] warning: checkpointing journal with EXT4_IOC_CHECKPOINT_FLAG_ZEROOUT can be slow
[   74.988375] warning: checkpointing journal with EXT4_IOC_CHECKPOINT_FLAG_ZEROOUT can be slow
[   75.211174] warning: checkpointing journal with EXT4_IOC_CHECKPOINT_FLAG_ZEROOUT can be slow
[   75.434835] warning: checkpointing journal with EXT4_IOC_CHECKPOINT_FLAG_ZEROOUT can be slow
[   75.656810] warning: checkpointing journal with EXT4_IOC_CHECKPOINT_FLAG_ZEROOUT can be slow
[   75.879500] warning: checkpointing journal with EXT4_IOC_CHECKPOINT_FLAG_ZEROOUT can be slow
[   76.102207] warning: checkpointing journal with EXT4_IOC_CHECKPOINT_FLAG_ZEROOUT can be slow
[   79.214916] ext4_ioctl_checkpoint: 13 callbacks suppressed
[   79.214927] warning: checkpointing journal with EXT4_IOC_CHECKPOINT_FLAG_ZEROOUT can be slow
[   79.439399] warning: checkpointing journal with EXT4_IOC_CHECKPOINT_FLAG_ZEROOUT can be slow
[   79.663486] warning: checkpointing journal with EXT4_IOC_CHECKPOINT_FLAG_ZEROOUT can be slow
[   79.886489] warning: checkpointing journal with EXT4_IOC_CHECKPOINT_FLAG_ZEROOUT can be slow
[   80.109114] warning: checkpointing journal with EXT4_IOC_CHECKPOINT_FLAG_ZEROOUT can be slow
[   80.333511] warning: checkpointing journal with EXT4_IOC_CHECKPOINT_FLAG_ZEROOUT can be slow
[   80.556786] warning: checkpointing journal with EXT4_IOC_CHECKPOINT_FLAG_ZEROOUT can be slow
[   80.779214] warning: checkpointing journal with EXT4_IOC_CHECKPOINT_FLAG_ZEROOUT can be slow
[   81.000540] warning: checkpointing journal with EXT4_IOC_CHECKPOINT_FLAG_ZEROOUT can be slow
[   81.223182] warning: checkpointing journal with EXT4_IOC_CHECKPOINT_FLAG_ZEROOUT can be slow
[   84.343645] ext4_ioctl_checkpoint: 13 callbacks suppressed
[   84.343658] warning: checkpointing journal with EXT4_IOC_CHECKPOINT_FLAG_ZEROOUT can be slow
[   84.568134] warning: checkpointing journal with EXT4_IOC_CHECKPOINT_FLAG_ZEROOUT can be slow
[   84.791393] warning: checkpointing journal with EXT4_IOC_CHECKPOINT_FLAG_ZEROOUT can be slow
[   85.015187] warning: checkpointing journal with EXT4_IOC_CHECKPOINT_FLAG_ZEROOUT can be slow
[   85.237060] warning: checkpointing journal with EXT4_IOC_CHECKPOINT_FLAG_ZEROOUT can be slow
[   85.461036] warning: checkpointing journal with EXT4_IOC_CHECKPOINT_FLAG_ZEROOUT can be slow
[   85.684581] warning: checkpointing journal with EXT4_IOC_CHECKPOINT_FLAG_ZEROOUT can be slow
[   85.907379] warning: checkpointing journal with EXT4_IOC_CHECKPOINT_FLAG_ZEROOUT can be slow
[   86.130335] warning: checkpointing journal with EXT4_IOC_CHECKPOINT_FLAG_ZEROOUT can be slow
[   86.354108] warning: checkpointing journal with EXT4_IOC_CHECKPOINT_FLAG_ZEROOUT can be slow
[   89.470918] ext4_ioctl_checkpoint: 13 callbacks suppressed
[   89.470931] warning: checkpointing journal with EXT4_IOC_CHECKPOINT_FLAG_ZEROOUT can be slow
[   89.694877] warning: checkpointing journal with EXT4_IOC_CHECKPOINT_FLAG_ZEROOUT can be slow
[   89.917870] warning: checkpointing journal with EXT4_IOC_CHECKPOINT_FLAG_ZEROOUT can be slow
[   90.139466] warning: checkpointing journal with EXT4_IOC_CHECKPOINT_FLAG_ZEROOUT can be slow
[   90.362210] warning: checkpointing journal with EXT4_IOC_CHECKPOINT_FLAG_ZEROOUT can be slow
[   90.587214] warning: checkpointing journal with EXT4_IOC_CHECKPOINT_FLAG_ZEROOUT can be slow
[   90.808657] warning: checkpointing journal with EXT4_IOC_CHECKPOINT_FLAG_ZEROOUT can be slow
[   91.031441] warning: checkpointing journal with EXT4_IOC_CHECKPOINT_FLAG_ZEROOUT can be slow
[   91.254653] warning: checkpointing journal with EXT4_IOC_CHECKPOINT_FLAG_ZEROOUT can be slow
[   91.478294] warning: checkpointing journal with EXT4_IOC_CHECKPOINT_FLAG_ZEROOUT can be slow
[   94.597229] ext4_ioctl_checkpoint: 13 callbacks suppressed
[   94.597242] warning: checkpointing journal with EXT4_IOC_CHECKPOINT_FLAG_ZEROOUT can be slow
[   94.821926] warning: checkpointing journal with EXT4_IOC_CHECKPOINT_FLAG_ZEROOUT can be slow
[   95.045822] warning: checkpointing journal with EXT4_IOC_CHECKPOINT_FLAG_ZEROOUT can be slow
[   95.269881] warning: checkpointing journal with EXT4_IOC_CHECKPOINT_FLAG_ZEROOUT can be slow
[   95.494236] warning: checkpointing journal with EXT4_IOC_CHECKPOINT_FLAG_ZEROOUT can be slow
[   95.719838] warning: checkpointing journal with EXT4_IOC_CHECKPOINT_FLAG_ZEROOUT can be slow
[   95.942298] warning: checkpointing journal with EXT4_IOC_CHECKPOINT_FLAG_ZEROOUT can be slow
[   96.165096] warning: checkpointing journal with EXT4_IOC_CHECKPOINT_FLAG_ZEROOUT can be slow
[   96.389684] warning: checkpointing journal with EXT4_IOC_CHECKPOINT_FLAG_ZEROOUT can be slow
[   96.614078] warning: checkpointing journal with EXT4_IOC_CHECKPOINT_FLAG_ZEROOUT can be slow
[   99.748612] ext4_ioctl_checkpoint: 13 callbacks suppressed
[   99.748625] warning: checkpointing journal with EXT4_IOC_CHECKPOINT_FLAG_ZEROOUT can be slow
[   99.974338] warning: checkpointing journal with EXT4_IOC_CHECKPOINT_FLAG_ZEROOUT can be slow
[  100.199198] warning: checkpointing journal with EXT4_IOC_CHECKPOINT_FLAG_ZEROOUT can be slow
[  100.423649] warning: checkpointing journal with EXT4_IOC_CHECKPOINT_FLAG_ZEROOUT can be slow
[  100.648351] warning: checkpointing journal with EXT4_IOC_CHECKPOINT_FLAG_ZEROOUT can be slow
[  100.873233] warning: checkpointing journal with EXT4_IOC_CHECKPOINT_FLAG_ZEROOUT can be slow
[  101.097630] warning: checkpointing journal with EXT4_IOC_CHECKPOINT_FLAG_ZEROOUT can be slow
[  101.322333] warning: checkpointing journal with EXT4_IOC_CHECKPOINT_FLAG_ZEROOUT can be slow
[  101.546850] warning: checkpointing journal with EXT4_IOC_CHECKPOINT_FLAG_ZEROOUT can be slow
[  101.771579] warning: checkpointing journal with EXT4_IOC_CHECKPOINT_FLAG_ZEROOUT can be slow
[  104.912276] ext4_ioctl_checkpoint: 13 callbacks suppressed
[  104.912289] warning: checkpointing journal with EXT4_IOC_CHECKPOINT_FLAG_ZEROOUT can be slow
[  105.136982] warning: checkpointing journal with EXT4_IOC_CHECKPOINT_FLAG_ZEROOUT can be slow
[  105.361999] warning: checkpointing journal with EXT4_IOC_CHECKPOINT_FLAG_ZEROOUT can be slow
[  105.586140] warning: checkpointing journal with EXT4_IOC_CHECKPOINT_FLAG_ZEROOUT can be slow
[  105.809970] warning: checkpointing journal with EXT4_IOC_CHECKPOINT_FLAG_ZEROOUT can be slow
[  106.035402] warning: checkpointing journal with EXT4_IOC_CHECKPOINT_FLAG_ZEROOUT can be slow
[  106.260046] warning: checkpointing journal with EXT4_IOC_CHECKPOINT_FLAG_ZEROOUT can be slow
[  106.484375] warning: checkpointing journal with EXT4_IOC_CHECKPOINT_FLAG_ZEROOUT can be slow
[  106.709097] warning: checkpointing journal with EXT4_IOC_CHECKPOINT_FLAG_ZEROOUT can be slow
[  106.933493] warning: checkpointing journal with EXT4_IOC_CHECKPOINT_FLAG_ZEROOUT can be slow
[  110.057899] ext4_ioctl_checkpoint: 13 callbacks suppressed
[  110.057912] warning: checkpointing journal with EXT4_IOC_CHECKPOINT_FLAG_ZEROOUT can be slow
[  110.281224] warning: checkpointing journal with EXT4_IOC_CHECKPOINT_FLAG_ZEROOUT can be slow
[  110.504567] warning: checkpointing journal with EXT4_IOC_CHECKPOINT_FLAG_ZEROOUT can be slow
[  110.727428] warning: checkpointing journal with EXT4_IOC_CHECKPOINT_FLAG_ZEROOUT can be slow
[  110.949984] warning: checkpointing journal with EXT4_IOC_CHECKPOINT_FLAG_ZEROOUT can be slow
[  111.172979] warning: checkpointing journal with EXT4_IOC_CHECKPOINT_FLAG_ZEROOUT can be slow
[  111.396916] warning: checkpointing journal with EXT4_IOC_CHECKPOINT_FLAG_ZEROOUT can be slow
[  111.620400] warning: checkpointing journal with EXT4_IOC_CHECKPOINT_FLAG_ZEROOUT can be slow
[  111.845508] warning: checkpointing journal with EXT4_IOC_CHECKPOINT_FLAG_ZEROOUT can be slow
[  112.068213] warning: checkpointing journal with EXT4_IOC_CHECKPOINT_FLAG_ZEROOUT can be slow
[  115.188814] ext4_ioctl_checkpoint: 13 callbacks suppressed
[  115.188827] warning: checkpointing journal with EXT4_IOC_CHECKPOINT_FLAG_ZEROOUT can be slow
[  115.413777] warning: checkpointing journal with EXT4_IOC_CHECKPOINT_FLAG_ZEROOUT can be slow
[  115.639194] warning: checkpointing journal with EXT4_IOC_CHECKPOINT_FLAG_ZEROOUT can be slow
[  115.863886] warning: checkpointing journal with EXT4_IOC_CHECKPOINT_FLAG_ZEROOUT can be slow
[  116.088478] warning: checkpointing journal with EXT4_IOC_CHECKPOINT_FLAG_ZEROOUT can be slow
[  116.312835] warning: checkpointing journal with EXT4_IOC_CHECKPOINT_FLAG_ZEROOUT can be slow
[  116.536162] warning: checkpointing journal with EXT4_IOC_CHECKPOINT_FLAG_ZEROOUT can be slow
[  116.760832] warning: checkpointing journal with EXT4_IOC_CHECKPOINT_FLAG_ZEROOUT can be slow
[  116.983687] warning: checkpointing journal with EXT4_IOC_CHECKPOINT_FLAG_ZEROOUT can be slow
[  117.207485] warning: checkpointing journal with EXT4_IOC_CHECKPOINT_FLAG_ZEROOUT can be slow
[  120.327994] ext4_ioctl_checkpoint: 13 callbacks suppressed
[  120.328007] warning: checkpointing journal with EXT4_IOC_CHECKPOINT_FLAG_ZEROOUT can be slow
[  120.551634] warning: checkpointing journal with EXT4_IOC_CHECKPOINT_FLAG_ZEROOUT can be slow
[  120.774376] warning: checkpointing journal with EXT4_IOC_CHECKPOINT_FLAG_ZEROOUT can be slow
[  120.998502] warning: checkpointing journal with EXT4_IOC_CHECKPOINT_FLAG_ZEROOUT can be slow
[  121.222544] warning: checkpointing journal with EXT4_IOC_CHECKPOINT_FLAG_ZEROOUT can be slow
[  121.445853] warning: checkpointing journal with EXT4_IOC_CHECKPOINT_FLAG_ZEROOUT can be slow
[  121.669056] warning: checkpointing journal with EXT4_IOC_CHECKPOINT_FLAG_ZEROOUT can be slow
[  121.890450] warning: checkpointing journal with EXT4_IOC_CHECKPOINT_FLAG_ZEROOUT can be slow
[  122.111854] warning: checkpointing journal with EXT4_IOC_CHECKPOINT_FLAG_ZEROOUT can be slow
[  122.333491] warning: checkpointing journal with EXT4_IOC_CHECKPOINT_FLAG_ZEROOUT can be slow
[  125.452080] ext4_ioctl_checkpoint: 13 callbacks suppressed
[  125.452093] warning: checkpointing journal with EXT4_IOC_CHECKPOINT_FLAG_ZEROOUT can be slow
[  125.674339] warning: checkpointing journal with EXT4_IOC_CHECKPOINT_FLAG_ZEROOUT can be slow
[  125.896779] warning: checkpointing journal with EXT4_IOC_CHECKPOINT_FLAG_ZEROOUT can be slow
[  126.119347] warning: checkpointing journal with EXT4_IOC_CHECKPOINT_FLAG_ZEROOUT can be slow
[  126.352223] warning: checkpointing journal with EXT4_IOC_CHECKPOINT_FLAG_ZEROOUT can be slow
[  126.576331] warning: checkpointing journal with EXT4_IOC_CHECKPOINT_FLAG_ZEROOUT can be slow
[  126.799437] warning: checkpointing journal with EXT4_IOC_CHECKPOINT_FLAG_ZEROOUT can be slow
[  127.024099] warning: checkpointing journal with EXT4_IOC_CHECKPOINT_FLAG_ZEROOUT can be slow
[  127.248071] warning: checkpointing journal with EXT4_IOC_CHECKPOINT_FLAG_ZEROOUT can be slow
[  127.471798] warning: checkpointing journal with EXT4_IOC_CHECKPOINT_FLAG_ZEROOUT can be slow
[  130.589618] ext4_ioctl_checkpoint: 13 callbacks suppressed
[  130.589631] warning: checkpointing journal with EXT4_IOC_CHECKPOINT_FLAG_ZEROOUT can be slow
[  130.813018] warning: checkpointing journal with EXT4_IOC_CHECKPOINT_FLAG_ZEROOUT can be slow
[  131.035999] warning: checkpointing journal with EXT4_IOC_CHECKPOINT_FLAG_ZEROOUT can be slow
[  131.258442] warning: checkpointing journal with EXT4_IOC_CHECKPOINT_FLAG_ZEROOUT can be slow
[  131.480691] warning: checkpointing journal with EXT4_IOC_CHECKPOINT_FLAG_ZEROOUT can be slow
[  131.704987] warning: checkpointing journal with EXT4_IOC_CHECKPOINT_FLAG_ZEROOUT can be slow
[  131.929590] warning: checkpointing journal with EXT4_IOC_CHECKPOINT_FLAG_ZEROOUT can be slow
[  132.152640] warning: checkpointing journal with EXT4_IOC_CHECKPOINT_FLAG_ZEROOUT can be slow
[  132.376976] warning: checkpointing journal with EXT4_IOC_CHECKPOINT_FLAG_ZEROOUT can be slow
[  132.599879] warning: checkpointing journal with EXT4_IOC_CHECKPOINT_FLAG_ZEROOUT can be slow
[  135.719946] ext4_ioctl_checkpoint: 13 callbacks suppressed
[  135.719959] warning: checkpointing journal with EXT4_IOC_CHECKPOINT_FLAG_ZEROOUT can be slow
[  135.944900] warning: checkpointing journal with EXT4_IOC_CHECKPOINT_FLAG_ZEROOUT can be slow
[  136.169841] warning: checkpointing journal with EXT4_IOC_CHECKPOINT_FLAG_ZEROOUT can be slow
[  136.394980] warning: checkpointing journal with EXT4_IOC_CHECKPOINT_FLAG_ZEROOUT can be slow
[  136.618398] warning: checkpointing journal with EXT4_IOC_CHECKPOINT_FLAG_ZEROOUT can be slow
[  136.840694] warning: checkpointing journal with EXT4_IOC_CHECKPOINT_FLAG_ZEROOUT can be slow
[  137.064058] warning: checkpointing journal with EXT4_IOC_CHECKPOINT_FLAG_ZEROOUT can be slow
[  137.288589] warning: checkpointing journal with EXT4_IOC_CHECKPOINT_FLAG_ZEROOUT can be slow
[  137.513670] warning: checkpointing journal with EXT4_IOC_CHECKPOINT_FLAG_ZEROOUT can be slow
[  137.738082] warning: checkpointing journal with EXT4_IOC_CHECKPOINT_FLAG_ZEROOUT can be slow
[  140.866480] ext4_ioctl_checkpoint: 13 callbacks suppressed
[  140.866493] warning: checkpointing journal with EXT4_IOC_CHECKPOINT_FLAG_ZEROOUT can be slow
[  141.091745] warning: checkpointing journal with EXT4_IOC_CHECKPOINT_FLAG_ZEROOUT can be slow
[  141.316555] warning: checkpointing journal with EXT4_IOC_CHECKPOINT_FLAG_ZEROOUT can be slow
[  141.540851] warning: checkpointing journal with EXT4_IOC_CHECKPOINT_FLAG_ZEROOUT can be slow
[  141.766045] warning: checkpointing journal with EXT4_IOC_CHECKPOINT_FLAG_ZEROOUT can be slow
[  141.990285] warning: checkpointing journal with EXT4_IOC_CHECKPOINT_FLAG_ZEROOUT can be slow
[  142.214752] warning: checkpointing journal with EXT4_IOC_CHECKPOINT_FLAG_ZEROOUT can be slow
[  142.439486] warning: checkpointing journal with EXT4_IOC_CHECKPOINT_FLAG_ZEROOUT can be slow
[  142.663501] warning: checkpointing journal with EXT4_IOC_CHECKPOINT_FLAG_ZEROOUT can be slow
[  142.887588] warning: checkpointing journal with EXT4_IOC_CHECKPOINT_FLAG_ZEROOUT can be slow
[  146.011220] ext4_ioctl_checkpoint: 13 callbacks suppressed
[  146.011234] warning: checkpointing journal with EXT4_IOC_CHECKPOINT_FLAG_ZEROOUT can be slow
[  146.236190] warning: checkpointing journal with EXT4_IOC_CHECKPOINT_FLAG_ZEROOUT can be slow
[  146.462276] warning: checkpointing journal with EXT4_IOC_CHECKPOINT_FLAG_ZEROOUT can be slow
[  146.688307] warning: checkpointing journal with EXT4_IOC_CHECKPOINT_FLAG_ZEROOUT can be slow
[  146.912967] warning: checkpointing journal with EXT4_IOC_CHECKPOINT_FLAG_ZEROOUT can be slow
[  147.137495] warning: checkpointing journal with EXT4_IOC_CHECKPOINT_FLAG_ZEROOUT can be slow
[  147.360542] warning: checkpointing journal with EXT4_IOC_CHECKPOINT_FLAG_ZEROOUT can be slow
[  147.583865] warning: checkpointing journal with EXT4_IOC_CHECKPOINT_FLAG_ZEROOUT can be slow
[  147.807961] warning: checkpointing journal with EXT4_IOC_CHECKPOINT_FLAG_ZEROOUT can be slow
[  148.032264] warning: checkpointing journal with EXT4_IOC_CHECKPOINT_FLAG_ZEROOUT can be slow
[  151.164833] ext4_ioctl_checkpoint: 13 callbacks suppressed
[  151.164846] warning: checkpointing journal with EXT4_IOC_CHECKPOINT_FLAG_ZEROOUT can be slow
[  151.389623] warning: checkpointing journal with EXT4_IOC_CHECKPOINT_FLAG_ZEROOUT can be slow
[  151.613879] warning: checkpointing journal with EXT4_IOC_CHECKPOINT_FLAG_ZEROOUT can be slow
[  151.837485] warning: checkpointing journal with EXT4_IOC_CHECKPOINT_FLAG_ZEROOUT can be slow
[  152.061265] warning: checkpointing journal with EXT4_IOC_CHECKPOINT_FLAG_ZEROOUT can be slow
[  152.285559] warning: checkpointing journal with EXT4_IOC_CHECKPOINT_FLAG_ZEROOUT can be slow
[  152.510048] warning: checkpointing journal with EXT4_IOC_CHECKPOINT_FLAG_ZEROOUT can be slow
[  152.733588] warning: checkpointing journal with EXT4_IOC_CHECKPOINT_FLAG_ZEROOUT can be slow
[  152.958594] warning: checkpointing journal with EXT4_IOC_CHECKPOINT_FLAG_ZEROOUT can be slow
[  153.183126] warning: checkpointing journal with EXT4_IOC_CHECKPOINT_FLAG_ZEROOUT can be slow
[  156.317401] ext4_ioctl_checkpoint: 13 callbacks suppressed
[  156.317414] warning: checkpointing journal with EXT4_IOC_CHECKPOINT_FLAG_ZEROOUT can be slow
[  156.542065] warning: checkpointing journal with EXT4_IOC_CHECKPOINT_FLAG_ZEROOUT can be slow
[  156.766016] warning: checkpointing journal with EXT4_IOC_CHECKPOINT_FLAG_ZEROOUT can be slow
[  156.988495] warning: checkpointing journal with EXT4_IOC_CHECKPOINT_FLAG_ZEROOUT can be slow
[  157.210689] warning: checkpointing journal with EXT4_IOC_CHECKPOINT_FLAG_ZEROOUT can be slow
[  157.432210] warning: checkpointing journal with EXT4_IOC_CHECKPOINT_FLAG_ZEROOUT can be slow
[  157.656535] warning: checkpointing journal with EXT4_IOC_CHECKPOINT_FLAG_ZEROOUT can be slow
[  157.880223] warning: checkpointing journal with EXT4_IOC_CHECKPOINT_FLAG_ZEROOUT can be slow
[  158.103778] warning: checkpointing journal with EXT4_IOC_CHECKPOINT_FLAG_ZEROOUT can be slow
[  158.326530] warning: checkpointing journal with EXT4_IOC_CHECKPOINT_FLAG_ZEROOUT can be slow
[  161.444226] ext4_ioctl_checkpoint: 13 callbacks suppressed
[  161.444238] warning: checkpointing journal with EXT4_IOC_CHECKPOINT_FLAG_ZEROOUT can be slow
[  161.668179] warning: checkpointing journal with EXT4_IOC_CHECKPOINT_FLAG_ZEROOUT can be slow
[  161.891604] warning: checkpointing journal with EXT4_IOC_CHECKPOINT_FLAG_ZEROOUT can be slow
[  162.114824] warning: checkpointing journal with EXT4_IOC_CHECKPOINT_FLAG_ZEROOUT can be slow
[  162.337686] warning: checkpointing journal with EXT4_IOC_CHECKPOINT_FLAG_ZEROOUT can be slow
[  162.559850] warning: checkpointing journal with EXT4_IOC_CHECKPOINT_FLAG_ZEROOUT can be slow
[  162.781360] warning: checkpointing journal with EXT4_IOC_CHECKPOINT_FLAG_ZEROOUT can be slow
[  163.004043] warning: checkpointing journal with EXT4_IOC_CHECKPOINT_FLAG_ZEROOUT can be slow
[  163.226165] warning: checkpointing journal with EXT4_IOC_CHECKPOINT_FLAG_ZEROOUT can be slow
[  163.448328] warning: checkpointing journal with EXT4_IOC_CHECKPOINT_FLAG_ZEROOUT can be slow
[  166.562460] ext4_ioctl_checkpoint: 13 callbacks suppressed
[  166.562473] warning: checkpointing journal with EXT4_IOC_CHECKPOINT_FLAG_ZEROOUT can be slow
[  166.787564] warning: checkpointing journal with EXT4_IOC_CHECKPOINT_FLAG_ZEROOUT can be slow
[  167.011066] warning: checkpointing journal with EXT4_IOC_CHECKPOINT_FLAG_ZEROOUT can be slow
[  167.234016] warning: checkpointing journal with EXT4_IOC_CHECKPOINT_FLAG_ZEROOUT can be slow
[  167.457553] warning: checkpointing journal with EXT4_IOC_CHECKPOINT_FLAG_ZEROOUT can be slow
[  167.680286] warning: checkpointing journal with EXT4_IOC_CHECKPOINT_FLAG_ZEROOUT can be slow
[  167.904929] warning: checkpointing journal with EXT4_IOC_CHECKPOINT_FLAG_ZEROOUT can be slow
[  168.128362] warning: checkpointing journal with EXT4_IOC_CHECKPOINT_FLAG_ZEROOUT can be slow
[  168.351463] warning: checkpointing journal with EXT4_IOC_CHECKPOINT_FLAG_ZEROOUT can be slow
[  168.573785] warning: checkpointing journal with EXT4_IOC_CHECKPOINT_FLAG_ZEROOUT can be slow
[  171.696459] ext4_ioctl_checkpoint: 13 callbacks suppressed
[  171.696473] warning: checkpointing journal with EXT4_IOC_CHECKPOINT_FLAG_ZEROOUT can be slow
[  171.919467] warning: checkpointing journal with EXT4_IOC_CHECKPOINT_FLAG_ZEROOUT can be slow
[  172.142590] warning: checkpointing journal with EXT4_IOC_CHECKPOINT_FLAG_ZEROOUT can be slow
[  172.364972] warning: checkpointing journal with EXT4_IOC_CHECKPOINT_FLAG_ZEROOUT can be slow
[  172.587967] warning: checkpointing journal with EXT4_IOC_CHECKPOINT_FLAG_ZEROOUT can be slow
[  172.814163] warning: checkpointing journal with EXT4_IOC_CHECKPOINT_FLAG_ZEROOUT can be slow
[  173.038324] warning: checkpointing journal with EXT4_IOC_CHECKPOINT_FLAG_ZEROOUT can be slow
[  173.262887] warning: checkpointing journal with EXT4_IOC_CHECKPOINT_FLAG_ZEROOUT can be slow
[  173.487344] warning: checkpointing journal with EXT4_IOC_CHECKPOINT_FLAG_ZEROOUT can be slow
