c[?7l[2J[0mSeaBIOS (version rel-1.14.0-0-g155821a1990b-prebuilt.qemu.org)


iPXE (http://ipxe.org) 00:03.0 CA00 PCI2.10 PnP PMM+7FF8F030+7FEEF030 CA00
Press Ctrl-B to configure iPXE (PCI 00:03.0)...                                                                               


Booting from ROM..c[?7l[2J[    0.000000] Linux version 6.1.0-13c574fec815+ (root@p-mtlp02) (gcc (GCC) 8.5.0 20210514 (Red Hat 8.5.0-17), GNU ld version 2.36.1-2.el8) #1 SMP PREEMPT_DYNAMIC Thu Dec 29 01:03:07 CST 2022
[    0.000000] Command line: console=ttyS0 root=/dev/sda earlyprintk=serial net.ifnames=0
[    0.000000] KERNEL supported cpus:
[    0.000000]   Intel GenuineIntel
[    0.000000]   AMD AuthenticAMD
[    0.000000]   Hygon HygonGenuine
[    0.000000]   Centaur CentaurHauls
[    0.000000]   zhaoxin   Shanghai  
[    0.000000] x86/split lock detection: #DB: warning on user-space bus_locks
[    0.000000] x86/fpu: Supporting XSAVE feature 0x001: 'x87 floating point registers'
[    0.000000] x86/fpu: Supporting XSAVE feature 0x002: 'SSE registers'
[    0.000000] x86/fpu: Supporting XSAVE feature 0x004: 'AVX registers'
[    0.000000] x86/fpu: Supporting XSAVE feature 0x200: 'Protection Keys User registers'
[    0.000000] x86/fpu: xstate_offset[2]:  576, xstate_sizes[2]:  256
[    0.000000] x86/fpu: xstate_offset[9]:  832, xstate_sizes[9]:    8
[    0.000000] x86/fpu: Enabled xstate features 0x207, context size is 840 bytes, using 'compacted' format.
[    0.000000] signal: max sigframe size: 3632
[    0.000000] BIOS-provided physical RAM map:
[    0.000000] BIOS-e820: [mem 0x0000000000000000-0x000000000009fbff] usable
[    0.000000] BIOS-e820: [mem 0x000000000009fc00-0x000000000009ffff] reserved
[    0.000000] BIOS-e820: [mem 0x00000000000f0000-0x00000000000fffff] reserved
[    0.000000] BIOS-e820: [mem 0x0000000000100000-0x000000007ffdffff] usable
[    0.000000] BIOS-e820: [mem 0x000000007ffe0000-0x000000007fffffff] reserved
[    0.000000] BIOS-e820: [mem 0x00000000feffc000-0x00000000feffffff] reserved
[    0.000000] BIOS-e820: [mem 0x00000000fffc0000-0x00000000ffffffff] reserved
[    0.000000] printk: bootconsole [earlyser0] enabled
[    0.000000] NX (Execute Disable) protection: active
[    0.000000] SMBIOS 2.8 present.
[    0.000000] DMI: QEMU Standard PC (i440FX + PIIX, 1996), BIOS rel-1.14.0-0-g155821a1990b-prebuilt.qemu.org 04/01/2014
[    0.000000] Hypervisor detected: KVM
[    0.000000] kvm-clock: Using msrs 4b564d01 and 4b564d00
[    0.000003] kvm-clock: using sched offset of 379425294 cycles
[    0.000406] clocksource: kvm-clock: mask: 0xffffffffffffffff max_cycles: 0x1cd42e4dffb, max_idle_ns: 881590591483 ns
[    0.001664] tsc: Detected 2188.800 MHz processor
[    0.007964] last_pfn = 0x7ffe0 max_arch_pfn = 0x400000000
[    0.008417] x86/PAT: Configuration [0-7]: WB  WC  UC- UC  WB  WP  UC- WT  
[    0.017742] found SMP MP-table at [mem 0x000f5a90-0x000f5a9f]
[    0.018294] Using GB pages for direct mapping
[    0.019868] ACPI: Early table checksum verification disabled
[    0.020328] ACPI: RSDP 0x00000000000F5870 000014 (v00 BOCHS )
[    0.020783] ACPI: RSDT 0x000000007FFE1959 000034 (v01 BOCHS  BXPC     00000001 BXPC 00000001)
[    0.021459] ACPI: FACP 0x000000007FFE1805 000074 (v01 BOCHS  BXPC     00000001 BXPC 00000001)
[    0.022132] ACPI: DSDT 0x000000007FFE0040 0017C5 (v01 BOCHS  BXPC     00000001 BXPC 00000001)
[    0.022813] ACPI: FACS 0x000000007FFE0000 000040
[    0.023178] ACPI: APIC 0x000000007FFE1879 000080 (v01 BOCHS  BXPC     00000001 BXPC 00000001)
[    0.023846] ACPI: HPET 0x000000007FFE18F9 000038 (v01 BOCHS  BXPC     00000001 BXPC 00000001)
[    0.024524] ACPI: WAET 0x000000007FFE1931 000028 (v01 BOCHS  BXPC     00000001 BXPC 00000001)
[    0.025190] ACPI: Reserving FACP table memory at [mem 0x7ffe1805-0x7ffe1878]
[    0.025728] ACPI: Reserving DSDT table memory at [mem 0x7ffe0040-0x7ffe1804]
[    0.026275] ACPI: Reserving FACS table memory at [mem 0x7ffe0000-0x7ffe003f]
[    0.026833] ACPI: Reserving APIC table memory at [mem 0x7ffe1879-0x7ffe18f8]
[    0.027370] ACPI: Reserving HPET table memory at [mem 0x7ffe18f9-0x7ffe1930]
[    0.027907] ACPI: Reserving WAET table memory at [mem 0x7ffe1931-0x7ffe1958]
[    0.029269] No NUMA configuration found
[    0.029545] Faking a node at [mem 0x0000000000000000-0x000000007ffdffff]
[    0.030102] NODE_DATA(0) allocated [mem 0x7ffb5000-0x7ffdffff]
[    0.033511] Zone ranges:
[    0.033695]   DMA      [mem 0x0000000000001000-0x0000000000ffffff]
[    0.034188]   DMA32    [mem 0x0000000001000000-0x000000007ffdffff]
[    0.034695]   Normal   empty
[    0.034937]   Device   empty
[    0.035162] Movable zone start for each node
[    0.035498] Early memory node ranges
[    0.035769]   node   0: [mem 0x0000000000001000-0x000000000009efff]
[    0.036242]   node   0: [mem 0x0000000000100000-0x000000007ffdffff]
[    0.036718] Initmem setup node 0 [mem 0x0000000000001000-0x000000007ffdffff]
[    0.037853] On node 0, zone DMA: 1 pages in unavailable ranges
[    0.037992] On node 0, zone DMA: 97 pages in unavailable ranges
[    0.063377] On node 0, zone DMA32: 32 pages in unavailable ranges
[    0.064101] ACPI: PM-Timer IO Port: 0x608
[    0.064892] ACPI: LAPIC_NMI (acpi_id[0xff] dfl dfl lint[0x1])
[    0.065402] IOAPIC[0]: apic_id 0, version 17, address 0xfec00000, GSI 0-23
[    0.065953] ACPI: INT_SRC_OVR (bus 0 bus_irq 0 global_irq 2 dfl dfl)
[    0.066446] ACPI: INT_SRC_OVR (bus 0 bus_irq 5 global_irq 5 high level)
[    0.066972] ACPI: INT_SRC_OVR (bus 0 bus_irq 9 global_irq 9 high level)
[    0.067491] ACPI: INT_SRC_OVR (bus 0 bus_irq 10 global_irq 10 high level)
[    0.068027] ACPI: INT_SRC_OVR (bus 0 bus_irq 11 global_irq 11 high level)
[    0.068563] ACPI: Using ACPI (MADT) for SMP configuration information
[    0.069069] ACPI: HPET id: 0x8086a201 base: 0xfed00000
[    0.069482] TSC deadline timer available
[    0.069784] smpboot: Allowing 2 CPUs, 0 hotplug CPUs
[    0.070238] kvm-guest: KVM setup pv remote TLB flush
[    0.070671] kvm-guest: setup PV sched yield
[    0.071064] PM: hibernation: Registered nosave memory: [mem 0x00000000-0x00000fff]
[    0.071633] PM: hibernation: Registered nosave memory: [mem 0x0009f000-0x0009ffff]
[    0.072206] PM: hibernation: Registered nosave memory: [mem 0x000a0000-0x000effff]
[    0.072776] PM: hibernation: Registered nosave memory: [mem 0x000f0000-0x000fffff]
[    0.073354] [mem 0x80000000-0xfeffbfff] available for PCI devices
[    0.073817] Booting paravirtualized kernel on KVM
[    0.074195] clocksource: refined-jiffies: mask: 0xffffffff max_cycles: 0xffffffff, max_idle_ns: 7645519600211568 ns
[    0.075023] setup_percpu: NR_CPUS:8192 nr_cpumask_bits:2 nr_cpu_ids:2 nr_node_ids:1
[    0.077395] percpu: Embedded 64 pages/cpu s225280 r8192 d28672 u1048576
[    0.078135] kvm-guest: PV spinlocks enabled
[    0.078467] PV qspinlock hash table entries: 256 (order: 0, 4096 bytes, linear)
[    0.079072] Fallback order for Node 0: 0 
[    0.079393] Built 1 zonelists, mobility grouping on.  Total pages: 515808
[    0.079911] Policy zone: DMA32
[    0.080148] Kernel command line: net.ifnames=0 console=ttyS0 root=/dev/sda earlyprintk=serial net.ifnames=0
[    0.081246] random: crng init done
[    0.083177] Dentry cache hash table entries: 262144 (order: 9, 2097152 bytes, linear)
[    0.083854] Inode-cache hash table entries: 131072 (order: 8, 1048576 bytes, linear)
[    0.084599] mem auto-init: stack:off, heap alloc:off, heap free:off
[    0.088470] Memory: 1985384K/2096632K available (32784K kernel code, 4695K rwdata, 7828K rodata, 3668K init, 22124K bss, 110992K reserved, 0K cma-reserved)
[    0.090206] SLUB: HWalign=64, Order=0-3, MinObjects=0, CPUs=2, Nodes=1
[    0.090700] kmemleak: Kernel memory leak detector disabled
[    0.091144] ftrace: allocating 67399 entries in 264 pages
[    0.114126] ftrace: allocated 264 pages with 2 groups
[    0.117842] Dynamic Preempt: voluntary
[    0.118218] Running RCU self tests
[    0.118459] rcu: Preemptible hierarchical RCU implementation.
[    0.118878] rcu: 	RCU lockdep checking is enabled.
[    0.119215] rcu: 	RCU restricting CPUs from NR_CPUS=8192 to nr_cpu_ids=2.
[    0.119686] 	Trampoline variant of Tasks RCU enabled.
[    0.120037] 	Rude variant of Tasks RCU enabled.
[    0.120368] 	Tracing variant of Tasks RCU enabled.
[    0.120709] rcu: RCU calculated value of scheduler-enlistment delay is 25 jiffies.
[    0.121235] rcu: Adjusting geometry for rcu_fanout_leaf=16, nr_cpu_ids=2
[    0.145988] NR_IRQS: 524544, nr_irqs: 440, preallocated irqs: 16
[    0.146773] rcu: srcu_init: Setting srcu_struct sizes based on contention.
[    0.153832] Console: colour VGA+ 80x25
[    0.154159] printk: console [ttyS0] enabled
[    0.154159] printk: console [ttyS0] enabled
[    0.154788] printk: bootconsole [earlyser0] disabled
[    0.154788] printk: bootconsole [earlyser0] disabled
[    0.155525] Lock dependency validator: Copyright (c) 2006 Red Hat, Inc., Ingo Molnar
[    0.156084] ... MAX_LOCKDEP_SUBCLASSES:  8
[    0.156385] ... MAX_LOCK_DEPTH:          48
[    0.156691] ... MAX_LOCKDEP_KEYS:        8192
[    0.157009] ... CLASSHASH_SIZE:          4096
[    0.157327] ... MAX_LOCKDEP_ENTRIES:     32768
[    0.157653] ... MAX_LOCKDEP_CHAINS:      65536
[    0.157980] ... CHAINHASH_SIZE:          32768
[    0.158308]  memory used by lock dependency info: 6365 kB
[    0.158722]  memory used for stack traces: 4224 kB
[    0.159082]  per task-struct memory footprint: 1920 bytes
[    0.159514] ACPI: Core revision 20221020
[    0.160026] clocksource: hpet: mask: 0xffffffff max_cycles: 0xffffffff, max_idle_ns: 19112604467 ns
[    0.160818] APIC: Switch to symmetric I/O mode setup
[    0.161377] x2apic enabled
[    0.161743] Switched APIC routing to physical x2apic.
[    0.162113] kvm-guest: setup PV IPIs
[    0.163241] ..TIMER: vector=0x30 apic1=0 pin1=2 apic2=-1 pin2=-1
[    0.163705] clocksource: tsc-early: mask: 0xffffffffffffffff max_cycles: 0x1f8cde9f8f9, max_idle_ns: 440795224246 ns
[    0.164485] Calibrating delay loop (skipped) preset value.. 4377.60 BogoMIPS (lpj=8755200)
[    0.168489] pid_max: default: 32768 minimum: 301
[    0.168908] LSM: Security Framework initializing
[    0.169252] Yama: becoming mindful.
[    0.169673] Mount-cache hash table entries: 4096 (order: 3, 32768 bytes, linear)
[    0.170288] Mountpoint-cache hash table entries: 4096 (order: 3, 32768 bytes, linear)
[    0.171970] CPU0: Thermal monitoring enabled (TM1)
[    0.172604] x86/cpu: User Mode Instruction Prevention (UMIP) activated
[    0.174278] Last level iTLB entries: 4KB 0, 2MB 0, 4MB 0
[    0.174689] Last level dTLB entries: 4KB 0, 2MB 0, 4MB 0, 1GB 0
[    0.175156] Spectre V1 : Mitigation: usercopy/swapgs barriers and __user pointer sanitization
[    0.175766] Spectre V2 : WARNING: Unprivileged eBPF is enabled with eIBRS on, data leaks possible via Spectre v2 BHB attacks!
[    0.176491] Spectre V2 : Mitigation: Enhanced IBRS
[    0.176833] Spectre V2 : Spectre v2 / SpectreRSB mitigation: Filling RSB on context switch
[    0.177402] Spectre V2 : Spectre v2 / PBRSB-eIBRS: Retire a single CALL on VMEXIT
[    0.177939] Spectre V2 : mitigation: Enabling conditional Indirect Branch Prediction Barrier
[    0.178525] Speculative Store Bypass: Mitigation: Speculative Store Bypass disabled via prctl
[    0.179120] MMIO Stale Data: Unknown: No mitigations
[    0.278532] Freeing SMP alternatives memory: 56K
[    0.279284] smpboot: CPU0: Genuine Intel(R) 0000 (family: 0x6, model: 0xaa, stepping: 0x2)
[    0.280299] cblist_init_generic: Setting adjustable number of callback queues.
[    0.280467] cblist_init_generic: Setting shift to 1 and lim to 1.
[    0.280467] cblist_init_generic: Setting shift to 1 and lim to 1.
[    0.280467] cblist_init_generic: Setting shift to 1 and lim to 1.
[    0.280467] Running RCU-tasks wait API self tests
[    0.380658] Performance Events: generic architected perfmon, full-width counters, Intel PMU driver.
[    0.381430] ... version:                2
[    0.381731] ... bit width:              48
[    0.382038] ... generic registers:      8
[    0.382340] ... value mask:             0000ffffffffffff
[    0.382734] ... max period:             00007fffffffffff
[    0.383131] ... fixed-purpose events:   3
[    0.383434] ... event mask:             00000007000000ff
[    0.384312] rcu: Hierarchical SRCU implementation.
[    0.384473] rcu: 	Max phase no-delay instances is 1000.
[    0.387656] smp: Bringing up secondary CPUs ...
[    0.388556] x86: Booting SMP configuration:
[    0.388873] .... node  #0, CPUs:      #1
[    0.017179] smpboot: CPU 1 Converting physical 0 to logical die 1
[    0.392623] smp: Brought up 1 node, 2 CPUs
[    0.392930] smpboot: Max logical packages: 2
[    0.393216] smpboot: Total of 2 processors activated (8755.20 BogoMIPS)
[    0.397602] devtmpfs: initialized
[    0.397602] x86/mm: Memory block size: 128MB
[    0.400487] Callback from call_rcu_tasks_trace() invoked.
[    0.401486] clocksource: jiffies: mask: 0xffffffff max_cycles: 0xffffffff, max_idle_ns: 7645041785100000 ns
[    0.401629] futex hash table entries: 512 (order: 4, 65536 bytes, linear)
[    0.402361] pinctrl core: initialized pinctrl subsystem
[    0.404594] 
[    0.404710] *************************************************************
[    0.405221] **     NOTICE NOTICE NOTICE NOTICE NOTICE NOTICE NOTICE    **
[    0.405717] **                                                         **
[    0.406194] **  IOMMU DebugFS SUPPORT HAS BEEN ENABLED IN THIS KERNEL  **
[    0.406670] **                                                         **
[    0.407145] ** This means that this kernel is built to expose internal **
[    0.407622] ** IOMMU data structures, which may compromise security on **
[    0.408100] ** your system.                                            **
[    0.408477] **                                                         **
[    0.408949] ** If you see this message and you are not debugging the   **
[    0.409442] ** kernel, report this immediately to your vendor!         **
[    0.409910] **                                                         **
[    0.410397] **     NOTICE NOTICE NOTICE NOTICE NOTICE NOTICE NOTICE    **
[    0.410868] *************************************************************
[    0.411382] PM: RTC time: 10:49:29, date: 2023-02-20
[    0.415170] NET: Registered PF_NETLINK/PF_ROUTE protocol family
[    0.416115] DMA: preallocated 256 KiB GFP_KERNEL pool for atomic allocations
[    0.416487] DMA: preallocated 256 KiB GFP_KERNEL|GFP_DMA pool for atomic allocations
[    0.417052] DMA: preallocated 256 KiB GFP_KERNEL|GFP_DMA32 pool for atomic allocations
[    0.417651] audit: initializing netlink subsys (disabled)
[    0.418104] audit: type=2000 audit(1676890170.482:1): state=initialized audit_enabled=0 res=1
[    0.418104] thermal_sys: Registered thermal governor 'fair_share'
[    0.418104] thermal_sys: Registered thermal governor 'bang_bang'
[    0.418104] thermal_sys: Registered thermal governor 'step_wise'
[    0.418194] thermal_sys: Registered thermal governor 'user_space'
[    0.420518] cpuidle: using governor ladder
[    0.421256] cpuidle: using governor menu
[    0.421961] acpiphp: ACPI Hot Plug PCI Controller Driver version: 0.5
[    0.422717] PCI: Using configuration type 1 for base access
[    0.436141] kprobes: kprobe jump-optimization is enabled. All kprobes are optimized if possible.
[    0.640771] HugeTLB: registered 1.00 GiB page size, pre-allocated 0 pages
[    0.641269] HugeTLB: 16380 KiB vmemmap can be freed for a 1.00 GiB page
[    0.641764] HugeTLB: registered 2.00 MiB page size, pre-allocated 0 pages
[    0.642270] HugeTLB: 28 KiB vmemmap can be freed for a 2.00 MiB page
[    0.645569] ACPI: Added _OSI(Module Device)
[    0.645871] ACPI: Added _OSI(Processor Device)
[    0.646204] ACPI: Added _OSI(3.0 _SCP Extensions)
[    0.646554] ACPI: Added _OSI(Processor Aggregator Device)
[    0.652044] ACPI: 1 ACPI AML tables successfully acquired and loaded
[    0.655450] ACPI: Interpreter enabled
[    0.655784] ACPI: PM: (supports S0 S3 S4 S5)
[    0.656100] ACPI: Using IOAPIC for interrupt routing
[    0.656504] PCI: Using host bridge windows from ACPI; if necessary, use "pci=nocrs" and report a bug
[    0.657163] PCI: Using E820 reservations for host bridge windows
[    0.658220] ACPI: Enabled 2 GPEs in block 00 to 0F
[    0.673257] ACPI: PCI Root Bridge [PCI0] (domain 0000 [bus 00-ff])
[    0.673722] acpi PNP0A03:00: _OSC: OS supports [ASPM ClockPM Segments MSI EDR HPX-Type3]
[    0.674316] acpi PNP0A03:00: _OSC: not requesting OS control; OS requires [ExtendedConfig ASPM ClockPM MSI]
[    0.675079] acpi PNP0A03:00: fail to add MMCONFIG information, can't access extended PCI configuration space under this bridge.
[    0.678133] acpiphp: Slot [3] registered
[    0.678489] acpiphp: Slot [4] registered
[    0.678843] acpiphp: Slot [5] registered
[    0.679205] acpiphp: Slot [6] registered
[    0.679557] acpiphp: Slot [7] registered
[    0.679910] acpiphp: Slot [8] registered
[    0.680261] acpiphp: Slot [9] registered
[    0.680532] acpiphp: Slot [10] registered
[    0.680896] acpiphp: Slot [11] registered
[    0.681256] acpiphp: Slot [12] registered
[    0.681612] acpiphp: Slot [13] registered
[    0.681971] acpiphp: Slot [14] registered
[    0.682330] acpiphp: Slot [15] registered
[    0.682692] acpiphp: Slot [16] registered
[    0.683097] acpiphp: Slot [17] registered
[    0.683459] acpiphp: Slot [18] registered
[    0.683820] acpiphp: Slot [19] registered
[    0.684179] acpiphp: Slot [20] registered
[    0.684536] acpiphp: Slot [21] registered
[    0.684907] acpiphp: Slot [22] registered
[    0.685264] acpiphp: Slot [23] registered
[    0.685623] acpiphp: Slot [24] registered
[    0.685985] acpiphp: Slot [25] registered
[    0.686344] acpiphp: Slot [26] registered
[    0.686704] acpiphp: Slot [27] registered
[    0.687066] acpiphp: Slot [28] registered
[    0.687428] acpiphp: Slot [29] registered
[    0.687789] acpiphp: Slot [30] registered
[    0.688147] acpiphp: Slot [31] registered
[    0.688461] PCI host bridge to bus 0000:00
[    0.688474] pci_bus 0000:00: root bus resource [io  0x0000-0x0cf7 window]
[    0.688977] pci_bus 0000:00: root bus resource [io  0x0d00-0xffff window]
[    0.689485] pci_bus 0000:00: root bus resource [mem 0x000a0000-0x000bffff window]
[    0.690040] pci_bus 0000:00: root bus resource [mem 0x80000000-0xfebfffff window]
[    0.690586] pci_bus 0000:00: root bus resource [mem 0x100000000-0x17fffffff window]
[    0.691150] pci_bus 0000:00: root bus resource [bus 00-ff]
[    0.691646] pci 0000:00:00.0: [8086:1237] type 00 class 0x060000
[    0.694768] pci 0000:00:01.0: [8086:7000] type 00 class 0x060100
[    0.695814] pci 0000:00:01.1: [8086:7010] type 00 class 0x010180
[    0.697362] pci 0000:00:01.1: reg 0x20: [io  0xc040-0xc04f]
[    0.698292] pci 0000:00:01.1: legacy IDE quirk: reg 0x10: [io  0x01f0-0x01f7]
[    0.698823] pci 0000:00:01.1: legacy IDE quirk: reg 0x14: [io  0x03f6]
[    0.699302] pci 0000:00:01.1: legacy IDE quirk: reg 0x18: [io  0x0170-0x0177]
[    0.699824] pci 0000:00:01.1: legacy IDE quirk: reg 0x1c: [io  0x0376]
[    0.700564] pci 0000:00:01.3: [8086:7113] type 00 class 0x068000
[    0.701291] pci 0000:00:01.3: quirk: [io  0x0600-0x063f] claimed by PIIX4 ACPI
[    0.701826] pci 0000:00:01.3: quirk: [io  0x0700-0x070f] claimed by PIIX4 SMB
[    0.702604] pci 0000:00:02.0: [1234:1111] type 00 class 0x030000
[    0.705495] pci 0000:00:02.0: reg 0x10: [mem 0xfd000000-0xfdffffff pref]
[    0.709240] pci 0000:00:02.0: reg 0x18: [mem 0xfebf0000-0xfebf0fff]
[    0.713394] pci 0000:00:02.0: reg 0x30: [mem 0xfebe0000-0xfebeffff pref]
[    0.714293] pci 0000:00:02.0: Video device with shadowed ROM at [mem 0x000c0000-0x000dffff]
[    0.717445] pci 0000:00:03.0: [8086:100e] type 00 class 0x020000
[    0.718665] pci 0000:00:03.0: reg 0x10: [mem 0xfebc0000-0xfebdffff]
[    0.719462] pci 0000:00:03.0: reg 0x14: [io  0xc000-0xc03f]
[    0.721575] pci 0000:00:03.0: reg 0x30: [mem 0xfeb80000-0xfebbffff pref]
[    0.732560] ACPI: PCI: Interrupt link LNKA configured for IRQ 10
[    0.733328] ACPI: PCI: Interrupt link LNKB configured for IRQ 10
[    0.734086] ACPI: PCI: Interrupt link LNKC configured for IRQ 11
[    0.734876] ACPI: PCI: Interrupt link LNKD configured for IRQ 11
[    0.735472] ACPI: PCI: Interrupt link LNKS configured for IRQ 9
[    0.737104] iommu: Default domain type: Translated 
[    0.737471] iommu: DMA domain TLB invalidation policy: lazy mode 
[    0.738904] SCSI subsystem initialized
[    0.739437] ACPI: bus type USB registered
[    0.739804] usbcore: registered new interface driver usbfs
[    0.740286] usbcore: registered new interface driver hub
[    0.740528] usbcore: registered new device driver usb
[    0.741004] pps_core: LinuxPPS API ver. 1 registered
[    0.741369] pps_core: Software ver. 5.3.6 - Copyright 2005-2007 Rodolfo Giometti <giometti@linux.it>
[    0.742035] PTP clock support registered
[    0.742479] EDAC MC: Ver: 3.0.0
[    0.744665] NetLabel: Initializing
[    0.744909] NetLabel:  domain hash size = 128
[    0.745212] NetLabel:  protocols = UNLABELED CIPSOv4 CALIPSO
[    0.745680] NetLabel:  unlabeled traffic allowed by default
[    0.776718] PCI: Using ACPI for IRQ routing
[    0.777252] pci 0000:00:02.0: vgaarb: setting as boot VGA device
[    0.777702] pci 0000:00:02.0: vgaarb: bridge control possible
[    0.778148] pci 0000:00:02.0: vgaarb: VGA device added: decodes=io+mem,owns=io+mem,locks=none
[    0.778805] vgaarb: loaded
[    0.779381] hpet0: at MMIO 0xfed00000, IRQs 2, 8, 0
[    0.779777] hpet0: 3 comparators, 64-bit 100.000000 MHz counter
[    3.193128] clocksource: Switched to clocksource kvm-clock
[    3.193346] Callback from call_rcu_tasks_rude() invoked.
[    3.193651] VFS: Disk quotas dquot_6.6.0
[    3.194332] VFS: Dquot-cache hash table entries: 512 (order 0, 4096 bytes)
[    3.195101] pnp: PnP ACPI init
[    3.197032] pnp: PnP ACPI: found 6 devices
[    3.207514] clocksource: acpi_pm: mask: 0xffffff max_cycles: 0xffffff, max_idle_ns: 2085701024 ns
[    3.208437] NET: Registered PF_INET protocol family
[    3.209048] IP idents hash table entries: 32768 (order: 6, 262144 bytes, linear)
[    3.210464] tcp_listen_portaddr_hash hash table entries: 1024 (order: 4, 73728 bytes, linear)
[    3.211145] Table-perturb hash table entries: 65536 (order: 6, 262144 bytes, linear)
[    3.211734] TCP established hash table entries: 16384 (order: 5, 131072 bytes, linear)
[    3.212576] TCP bind hash table entries: 16384 (order: 9, 2359296 bytes, linear)
[    3.215668] TCP: Hash tables configured (established 16384 bind 16384)
[    3.216294] UDP hash table entries: 1024 (order: 5, 163840 bytes, linear)
[    3.217009] UDP-Lite hash table entries: 1024 (order: 5, 163840 bytes, linear)
[    3.217759] NET: Registered PF_UNIX/PF_LOCAL protocol family
[    3.218516] RPC: Registered named UNIX socket transport module.
[    3.218990] RPC: Registered udp transport module.
[    3.219365] RPC: Registered tcp transport module.
[    3.219736] RPC: Registered tcp NFSv4.1 backchannel transport module.
[    3.220248] pci_bus 0000:00: resource 4 [io  0x0000-0x0cf7 window]
[    3.220764] pci_bus 0000:00: resource 5 [io  0x0d00-0xffff window]
[    3.221247] pci_bus 0000:00: resource 6 [mem 0x000a0000-0x000bffff window]
[    3.221780] pci_bus 0000:00: resource 7 [mem 0x80000000-0xfebfffff window]
[    3.222315] pci_bus 0000:00: resource 8 [mem 0x100000000-0x17fffffff window]
[    3.223084] pci 0000:00:01.0: PIIX3: Enabling Passive Release
[    3.223549] pci 0000:00:00.0: Limiting direct PCI/PCI transfers
[    3.224105] PCI: CLS 0 bytes, default 64
[    3.224460] ACPI: bus type thunderbolt registered
[    3.225115] clocksource: tsc: mask: 0xffffffffffffffff max_cycles: 0x1f8cde9f8f9, max_idle_ns: 440795224246 ns
[    3.300524] Callback from call_rcu_tasks() invoked.
[    3.356001] Initialise system trusted keyrings
[    3.356408] Key type blacklist registered
[    3.357099] workingset: timestamp_bits=36 max_order=19 bucket_order=0
[    3.357627] zbud: loaded
[    3.358482] squashfs: version 4.0 (2009/01/31) Phillip Lougher
[    3.359720] NFS: Registering the id_resolver key type
[    3.360083] Key type id_resolver registered
[    3.360381] Key type id_legacy registered
[    3.360708] nfs4filelayout_init: NFSv4 File Layout Driver Registering...
[    3.361191] nfs4flexfilelayout_init: NFSv4 Flexfile Layout Driver Registering...
[    3.361814] fuse: init (API version 7.37)
[    3.362218] SGI XFS with ACLs, security attributes, realtime, quota, no debug enabled
[    3.363315] 9p: Installing v9fs 9p2000 file system support
[    3.369869] Key type asymmetric registered
[    3.370155] Asymmetric key parser 'x509' registered
[    3.372640] alg: self-tests for CTR-KDF (hmac(sha256)) passed
[    3.373157] Block layer SCSI generic (bsg) driver version 0.4 loaded (major 243)
[    3.373805] io scheduler mq-deadline registered
[    3.374164] io scheduler bfq registered
[    3.375283] shpchp: Standard Hot Plug PCI Controller Driver version: 0.4
[    3.376101] IPMI message handler: version 39.2
[    3.376460] ipmi device interface
[    3.378103] input: Power Button as /devices/LNXSYSTM:00/LNXPWRBN:00/input/input0
[    3.378868] ACPI: button: Power Button [PWRF]
[    3.380009] ERST DBG: ERST support is disabled.
[    3.381321] Serial: 8250/16550 driver, 32 ports, IRQ sharing enabled
[    3.382235] 00:04: ttyS0 at I/O 0x3f8 (irq = 4, base_baud = 115200) is a 16550A
[    3.392873] Linux agpgart interface v0.103
[    3.393844] ACPI: bus type drm_connector registered
[    3.404070] brd: module loaded
[    3.409803] loop: module loaded
[    3.419052] scsi host0: ata_piix
[    3.420503] scsi host1: ata_piix
[    3.420899] ata1: PATA max MWDMA2 cmd 0x1f0 ctl 0x3f6 bmdma 0xc040 irq 14
[    3.421362] ata2: PATA max MWDMA2 cmd 0x170 ctl 0x376 bmdma 0xc048 irq 15
[    3.422703] tun: Universal TUN/TAP device driver, 1.6
[    3.423403] e100: Intel(R) PRO/100 Network Driver
[    3.423829] e100: Copyright(c) 1999-2006 Intel Corporation
[    3.424239] e1000: Intel(R) PRO/1000 Network Driver
[    3.424595] e1000: Copyright (c) 1999-2006 Intel Corporation.
[    3.580566] ata2: found unknown device (class 0)
[    3.581190] ata1: found unknown device (class 0)
[    3.582050] ata2.00: ATAPI: QEMU DVD-ROM, 2.5+, max UDMA/100
[    3.582632] ata1.00: ATA-7: QEMU HARDDISK, 2.5+, max UDMA/100
[    3.583100] ata1.00: 16777216 sectors, multi 16: LBA48 
[    3.584487] scsi 0:0:0:0: Direct-Access     ATA      QEMU HARDDISK    2.5+ PQ: 0 ANSI: 5
[    3.586166] sd 0:0:0:0: [sda] 16777216 512-byte logical blocks: (8.59 GB/8.00 GiB)
[    3.586709] sd 0:0:0:0: [sda] Write Protect is off
[    3.587086] sd 0:0:0:0: [sda] Write cache: enabled, read cache: enabled, doesn't support DPO or FUA
[    3.587785] sd 0:0:0:0: Attached scsi generic sg0 type 0
[    3.588299] sd 0:0:0:0: [sda] Preferred minimum I/O size 512 bytes
[    3.589231] scsi 1:0:0:0: CD-ROM            QEMU     QEMU DVD-ROM     2.5+ PQ: 0 ANSI: 5
[    3.594590] ACPI: \_SB_.LNKC: Enabled at IRQ 11
[    3.611416] sd 0:0:0:0: [sda] Attached SCSI disk
[    3.617594] scsi 1:0:0:0: Attached scsi generic sg1 type 5
[    3.915719] e1000 0000:00:03.0 eth0: (PCI:33MHz:32-bit) 52:54:00:12:34:56
[    3.916252] e1000 0000:00:03.0 eth0: Intel(R) PRO/1000 Network Connection
[    3.916869] e1000e: Intel(R) PRO/1000 Network Driver
[    3.917228] e1000e: Copyright(c) 1999 - 2015 Intel Corporation.
[    3.917708] igb: Intel(R) Gigabit Ethernet Network Driver
[    3.918084] igb: Copyright (c) 2007-2014 Intel Corporation.
[    3.918571] PPP generic driver version 2.4.2
[    3.919197] VFIO - User Level meta-driver version: 0.3
[    3.920300] usbcore: registered new interface driver uas
[    3.920759] usbcore: registered new interface driver usb-storage
[    3.921326] i8042: PNP: PS/2 Controller [PNP0303:KBD,PNP0f13:MOU] at 0x60,0x64 irq 1,12
[    3.922747] serio: i8042 KBD port at 0x60,0x64 irq 1
[    3.923132] serio: i8042 AUX port at 0x60,0x64 irq 12
[    3.924033] mousedev: PS/2 mouse device common for all mice
[    3.925088] input: AT Translated Set 2 keyboard as /devices/platform/i8042/serio0/input/input1
[    3.926106] rtc_cmos 00:05: RTC can wake from S4
[    3.927732] input: VirtualPS/2 VMware VMMouse as /devices/platform/i8042/serio1/input/input4
[    3.928570] rtc_cmos 00:05: registered as rtc0
[    3.928999] rtc_cmos 00:05: setting system clock to 2023-02-20T10:49:33 UTC (1676890173)
[    3.929754] rtc_cmos 00:05: alarms up to one day, y3k, 242 bytes nvram, hpet irqs
[    3.930362] i2c_dev: i2c /dev entries driver
[    3.930914] device-mapper: core: CONFIG_IMA_DISABLE_HTABLE is disabled. Duplicate IMA measurements will not be recorded in the IMA log.
[    3.931077] input: VirtualPS/2 VMware VMMouse as /devices/platform/i8042/serio1/input/input3
[    3.931816] device-mapper: uevent: version 1.0.3
[    3.933004] device-mapper: ioctl: 4.47.0-ioctl (2022-07-28) initialised: dm-devel@redhat.com
[    3.933604] intel_pstate: CPU model not supported
[    3.934022] sdhci: Secure Digital Host Controller Interface driver
[    3.934452] sdhci: Copyright(c) Pierre Ossman
[    3.934817] sdhci-pltfm: SDHCI platform and OF driver helper
[    3.935431] ledtrig-cpu: registered to indicate activity on CPUs
[    3.936181] drop_monitor: Initializing network drop monitor service
[    3.936812] NET: Registered PF_INET6 protocol family
[    3.940061] Segment Routing with IPv6
[    3.940343] In-situ OAM (IOAM) with IPv6
[    3.940667] NET: Registered PF_PACKET protocol family
[    3.941446] 9pnet: Installing 9P2000 support
[    3.941809] Key type dns_resolver registered
[    3.943058] IPI shorthand broadcast: enabled
[    3.943447] sched_clock: Marking stable (3929630559, 13179758)->(3978055420, -35245103)
[    3.946311] registered taskstats version 1
[    3.946966] Loading compiled-in X.509 certificates
[    3.947671] zswap: loaded using pool lzo/zbud
[    3.962502] Key type .fscrypt registered
[    3.962786] Key type fscrypt-provisioning registered
[    3.964465] Key type encrypted registered
[    3.964817] ima: No TPM chip found, activating TPM-bypass!
[    3.965226] ima: Allocated hash algorithm: sha1
[    3.965599] ima: No architecture policies found
[    3.965994] evm: Initialising EVM extended attributes:
[    3.966368] evm: security.selinux
[    3.966618] evm: security.SMACK64
[    3.966865] evm: security.SMACK64EXEC
[    3.967139] evm: security.SMACK64TRANSMUTE
[    3.967456] evm: security.SMACK64MMAP
[    3.967733] evm: security.apparmor
[    3.967989] evm: security.ima
[    3.968214] evm: security.capability
[    3.968494] evm: HMAC attrs: 0x1
[    3.976453] PM:   Magic number: 11:325:831
[    3.976786] scsi target0:0:0: hash matches
[    3.977492] RAS: Correctable Errors collector initialized.
[    3.978953] md: Waiting for all devices to be available before autodetect
[    3.979299] md: If you don't use raid, use raid=noautodetect
[    3.979578] md: Autodetecting RAID arrays.
[    3.979794] md: autorun ...
[    3.979937] md: ... autorun DONE.
[    3.991795] EXT4-fs (sda): mounted filesystem with ordered data mode. Quota mode: none.
[    3.992244] VFS: Mounted root (ext4 filesystem) readonly on device 8:0.
[    3.995329] devtmpfs: mounted
[    4.004385] Freeing unused decrypted memory: 2036K
[    4.006331] Freeing unused kernel image (initmem) memory: 3668K
[    4.008586] Write protecting the kernel read-only data: 43008k
[    4.011861] Freeing unused kernel image (text/rodata gap) memory: 2028K
[    4.013052] Freeing unused kernel image (rodata/data gap) memory: 364K
[    4.098765] x86/mm: Checked W+X mappings: passed, no W+X pages found.
[    4.099061] Run /sbin/init as init process
[    4.285071] systemd[1]: RTC configured in localtime, applying delta of 0 minutes to system time.
[    4.328289] systemd[1]: systemd 239 (239-49.el8) running in system mode. (+PAM +AUDIT +SELINUX +IMA -APPARMOR +SMACK +SYSVINIT +UTMP +LIBCRYPTSETUP +GCRYPT +GNUTLS +ACL +XZ +LZ4 +SECCOMP +BLKID +ELFUTILS +KMOD +IDN2 -IDN +PCRE2 default-hierarchy=legacy)
[    4.329540] systemd[1]: Detected virtualization kvm.
[    4.329790] systemd[1]: Detected architecture x86-64.

Welcome to [0;31mCentOS Stream 8[0m!

[    4.393214] systemd[1]: Set hostname to <test>.
[    4.740457] systemd[1]: Created slice User and Session Slice.
[[0;32m  OK  [0m] Created slice User and Session Slice.
[    4.741805] systemd[1]: Listening on Journal Socket.
[[0;32m  OK  [0m] Listening on Journal Socket.
[    4.742739] systemd[1]: Listening on udev Kernel Socket.
[[0;32m  OK  [0m] Listening on udev Kernel Socket.
[    4.743606] systemd[1]: Reached target Slices.
[[0;32m  OK  [0m] Reached target Slices.
[    4.765104] systemd[1]: Starting Load Kernel Modules...
         Starting Load Kernel Modules...
[    4.766863] systemd[1]: Created slice system-serial\x2dgetty.slice.
[[0;32m  OK  [0m] Created slice system-serial\x2dgetty.slice.
[[0;32m  OK  [0m] Listening on udev Control Socket.
[[0;32m  OK  [0m] Set up automount Arbitrary Executabâ€¦rmats File System Automount Point.
         Mounting Kernel Debug File System...
         Mounting Huge Pages File System...
         Starting Remount Root and Kernel File Systems...
         Starting Setup Virtual Console...
[[0;32m  OK  [0m] Started Forward Password Requests to Wall Directory Watch.
[[0;32m  OK  [0m] Listening on RPCbind Server Activation Socket.
[[0;32m  OK  [0m] Listening on Journal Socket (/dev/log).
         Starting udev Coldplug all Devices...
[[0;32m  OK  [0m] Reached target Swap.
[[0;32m  OK  [0m] Listening on initctl Compatibility Named Pipe.
[[0;32m  OK  [0m] Created slice system-sshd\x2dkeygen.slice.
[[0;32m  OK  [0m] Listening on Device-mapper event daemon FIFOs.
         Starting Monitoring of LVM2 mirrorsâ€¦ng dmeventd or progress polling...
[[0;32m  OK  [0m] Listening on LVM2 poll daemon socket.
         Mounting POSIX Message Queue File System...
[[0;32m  OK  [0m] Created slice system-getty.slice.
[[0;32m  OK  [0m] Listening on Process Core Dump Socket.
[[0;32m  OK  [0m] Listening on multipathd control socket.
         Starting Journal Service...
[[0;32m  OK  [0m] Reached target RPC Port Mapper.
[[0;1;31mFAILED[0m] Failed to start Load Kernel Modules.
See 'systemctl status systemd-modules-load.service' for details.
[[0;32m  OK  [0m] Mounted Kernel Debug File System.
[[0;32m  OK  [0m] Mounted Huge Pages File System.
[[0;32m  OK  [0m] Mounted POSIX Message Queue File System.
[    5.046068] EXT4-fs (sda): re-mounted. Quota mode: none.
         Mounting FUSE Control File System...
         Starting Apply Kernel Variables...
         Mounting Kernel Configuration File System...
[[0;32m  OK  [0m] Started Journal Service.
[[0;32m  OK  [0m] Started Remount Root and Kernel File Systems.
[[0;32m  OK  [0m] Started Setup Virtual Console.
[[0;32m  OK  [0m] Mounted FUSE Control File System.
         Starting Create Static Device Nodes in /dev...
         Starting Load/Save Random Seed...
         Starting Flush Journal to Persistent Storage...
[[0;32m  OK  [0m] Started Apply Kernel Variables.
[[0;32m  OK  [0m] Mounted Kernel Configuration File System.
[[0;32m  OK  [0m] Started Load/Save Random Seed.
[[0;32m  OK  [0m] Started Flush Journal to Persistent Storage.
[[0;32m  OK  [0m] Started Create Static Device Nodes in /dev.
         Starting udev Kernel Device Manager...
[[0;32m  OK  [0m] Started udev Coldplug all Devices.
         Starting udev Wait for Complete Device Initialization...
[[0;32m  OK  [0m] Started udev Kernel Device Manager.
         Starting Show Plymouth Boot Screen...
[[0;32m  OK  [0m] Started Show Plymouth Boot Screen.
[[0;32m  OK  [0m] Started Forward Password Requests to Plymouth Directory Watch.
[[0;32m  OK  [0m] Reached target Paths.
[[0;32m  OK  [0m] Reached target Local Encrypted Volumes.
[[0;32m  OK  [0m] Found device /dev/ttyS0.
[[0;32m  OK  [0m] Started Monitoring of LVM2 mirrors,â€¦sing dmeventd or progress polling.
[[0;32m  OK  [0m] Started udev Wait for Complete Device Initialization.
[[0;32m  OK  [0m] Listening on Load/Save RF Kill Switch Status /dev/rfkill Watch.
[[0;32m  OK  [0m] Reached target Local File Systems (Pre).
[[0;32m  OK  [0m] Reached target Local File Systems.
         Starting Create Volatile Files and Directories...
         Starting Tell Plymouth To Write Out Runtime Data...
         Starting Restore /run/initramfs on shutdown...
[[0;32m  OK  [0m] Started Tell Plymouth To Write Out Runtime Data.
[[0;32m  OK  [0m] Started Restore /run/initramfs on shutdown.
[[0;32m  OK  [0m] Started Create Volatile Files and Directories.
         Starting Security Auditing Service...
         Starting RPC Bind...
         Mounting RPC Pipe File System...
[[0;32m  OK  [0m] Mounted RPC Pipe File System.
[[0;32m  OK  [0m] Reached target rpc_pipefs.target.
[[0;32m  OK  [0m] Started RPC Bind.
[[0;32m  OK  [0m] Started Security Auditing Service.
         Starting Update UTMP about System Boot/Shutdown...
[[0;32m  OK  [0m] Started Update UTMP about System Boot/Shutdown.
[[0;32m  OK  [0m] Reached target System Initialization.
[[0;32m  OK  [0m] Started Daily Cleanup of Temporary Directories.
[[0;32m  OK  [0m] Listening on SSSD Kerberos Cache Manager responder socket.
[[0;32m  OK  [0m] Started daily update of the root trust anchor for DNSSEC.
[[0;32m  OK  [0m] Listening on D-Bus System Message Bus Socket.
[[0;32m  OK  [0m] Reached target Sockets.
[[0;32m  OK  [0m] Reached target Basic System.
[[0;32m  OK  [0m] Started Machine Check Exception Logging Daemon.
[[0;32m  OK  [0m] Reached target sshd-keygen.target.
[[0;32m  OK  [0m] Started irqbalance daemon.
[[0;32m  OK  [0m] Started D-Bus System Message Bus.
         Starting Login Service...
         Starting NTP client/server...
         Starting Auto-connect to subsystemsâ€¦-NVME devices found during boot...
         Starting Self Monitoring and Reporting Technology (SMART) Daemon...
         Starting Authorization Manager...
         Starting Network Manager...
[[0;32m  OK  [0m] Started dnf makecache --timer.
[[0;32m  OK  [0m] Reached target Timers.
[[0;32m  OK  [0m] Started Auto-connect to subsystems â€¦FC-NVME devices found during boot.
         Starting update of the root trust aâ€¦or DNSSEC validation in unbound...
[[0;32m  OK  [0m] Started Login Service.
[[0;32m  OK  [0m] Started Self Monitoring and Reporting Technology (SMART) Daemon.
[[0;32m  OK  [0m] Started NTP client/server.
[[0;32m  OK  [0m] Started update of the root trust anâ€¦ for DNSSEC validation in unbound.
[[0;32m  OK  [0m] Started Network Manager.
         Starting Network Manager Wait Online...
[[0;32m  OK  [0m] Reached target Network.
         Starting Dynamic System Tuning Daemon...
         Starting GSSAPI Proxy Daemon...
         Starting OpenSSH server daemon...
         Starting Hostname Service...
[[0;32m  OK  [0m] Started OpenSSH server daemon.
[[0;32m  OK  [0m] Started Authorization Manager.
[[0;32m  OK  [0m] Started GSSAPI Proxy Daemon.
[[0;32m  OK  [0m] Reached target NFS client services.
[[0;32m  OK  [0m] Reached target Remote File Systems (Pre).
[[0;32m  OK  [0m] Reached target Remote File Systems.
         Starting Permit User Sessions...
[[0;32m  OK  [0m] Started Permit User Sessions.
         Starting Hold until boot process finishes up...
[[0;32m  OK  [0m] Started Command Scheduler.
         Starting Terminate Plymouth Boot Screen...
[    7.084718] e1000: eth0 NIC Link is Up 1000 Mbps Full Duplex, Flow Control: RX
[    7.085415] IPv6: ADDRCONF(NETDEV_CHANGE): eth0: link becomes ready
[    7.426399] Spectre V2 : WARNING: Unprivileged eBPF is enabled with eIBRS on, data leaks possible via Spectre v2 BHB attacks!
[    7.427239] Spectre V2 : WARNING: Unprivileged eBPF is enabled with eIBRS on, data leaks possible via Spectre v2 BHB attacks!

CentOS Stream 8
Kernel 6.1.0-13c574fec815+ on an x86_64

test login: [   28.818048] ------------[ cut here ]------------
[   28.818283] WARNING: CPU: 0 PID: 582 at lib/iov_iter.c:629 _copy_from_iter+0x130/0xa60
[   28.818660] Modules linked in:
[   28.818814] CPU: 0 PID: 582 Comm: repro Not tainted 6.1.0-13c574fec815+ #1
[   28.819138] Hardware name: QEMU Standard PC (i440FX + PIIX, 1996), BIOS rel-1.14.0-0-g155821a1990b-prebuilt.qemu.org 04/01/2014
[   28.819695] RIP: 0010:_copy_from_iter+0x130/0xa60
[   28.819935] Code: 41 5e 41 5f 5d c3 cc cc cc cc e8 6b 0b 5f ff be 79 02 00 00 48 c7 c7 6c 1e 73 83 e8 4a 45 7f ff e9 3f ff ff ff e8 50 0b 5f ff <0f> 0b 31 db eb ac e8 45 0b 5f ff 31 ff 44 89 f6 e8 4b 0c 5f ff 45
[   28.820827] RSP: 0018:ffffc90000fdf9a8 EFLAGS: 00010246
[   28.821089] RAX: 0000000000000000 RBX: 00000000000000c3 RCX: ffffffff81caadd3
[   28.821425] RDX: 0000000000000000 RSI: ffff888013c70000 RDI: 0000000000000002
[   28.821759] RBP: ffffc90000fdfa38 R08: 0000000000000000 R09: 000000000000ffff
[   28.822095] R10: ffffc90000fdfc28 R11: 0000000000000000 R12: ffffc90000fdfaf0
[   28.822427] R13: 0000000000000000 R14: ffffea00004f2e00 R15: 0000000000000000
[   28.822759] FS:  00007f052418b740(0000) GS:ffff88807dc00000(0000) knlGS:0000000000000000
[   28.823138] CS:  0010 DS: 0000 ES: 0000 CR0: 0000000080050033
[   28.823425] CR2: 0000000020000041 CR3: 000000000da3e005 CR4: 0000000000770ef0
[   28.823769] DR0: 0000000000000000 DR1: 0000000000000000 DR2: 0000000000000000
[   28.824104] DR3: 0000000000000000 DR6: 00000000ffff07f0 DR7: 0000000000000400
[   28.824436] PKRU: 55555554
[   28.824585] Call Trace:
[   28.824715]  <TASK>
[   28.824834]  ? __sanitizer_cov_trace_pc+0x25/0x60
[   28.825080]  ? bio_add_hw_page+0x234/0x2e0
[   28.825296]  ? write_comp_data+0x2f/0x90
[   28.825507]  copy_page_from_iter+0x1aa/0x370
[   28.825735]  ? write_comp_data+0x2f/0x90
[   28.825943]  blk_rq_map_user_iov+0x531/0xa70
[   28.826179]  blk_rq_map_user+0x86/0xc0
[   28.826381]  blk_rq_map_user_io+0xbe/0xd0
[   28.826607]  sg_common_write.isra.20+0x5fd/0xb10
[   28.826887]  sg_new_write.isra.21+0x24d/0x460
[   28.827227]  ? __this_cpu_preempt_check+0x20/0x30
[   28.827513]  ? lock_is_held_type+0xe6/0x140
[   28.827789]  ? write_comp_data+0x2f/0x90
[   28.828063]  ? __sanitizer_cov_trace_pc+0x25/0x60
[   28.828304]  ? scsi_block_when_processing_errors+0x152/0x190
[   28.828673]  ? write_comp_data+0x2f/0x90
[   28.828909]  sg_ioctl+0xc2f/0x1340
[   28.829104]  ? __sanitizer_cov_trace_pc+0x25/0x60
[   28.829459]  ? __sanitizer_cov_trace_pc+0x25/0x60
[   28.829703]  ? write_comp_data+0x2f/0x90
[   28.829988]  __x64_sys_ioctl+0x10e/0x160
[   28.830206]  ? sg_new_write.isra.21+0x460/0x460
[   28.830570]  do_syscall_64+0x3b/0x90
[   28.830758]  entry_SYSCALL_64_after_hwframe+0x63/0xcd
[   28.831017] RIP: 0033:0x7f05242b059d
[   28.831204] Code: 00 c3 66 2e 0f 1f 84 00 00 00 00 00 90 f3 0f 1e fa 48 89 f8 48 89 f7 48 89 d6 48 89 ca 4d 89 c2 4d 89 c8 4c 8b 4c 24 08 0f 05 <48> 3d 01 f0 ff ff 73 01 c3 48 8b 0d d3 08 0d 00 f7 d8 64 89 01 48
[   28.832097] RSP: 002b:00007ffd8f7ff3e8 EFLAGS: 00000202 ORIG_RAX: 0000000000000010
[   28.832452] RAX: ffffffffffffffda RBX: 0000000000000000 RCX: 00007f05242b059d
[   28.832808] RDX: 0000000020000240 RSI: 0000000000002285 RDI: 0000000000000003
[   28.833156] RBP: 00007ffd8f7ff400 R08: 002367732f766564 R09: 00007ffd8f7ff4e0
[   28.833508] R10: 000000000000000f R11: 0000000000000202 R12: 00000000004010a0
[   28.833853] R13: 00007ffd8f7ff4e0 R14: 0000000000000000 R15: 0000000000000000
[   28.834199]  </TASK>
[   28.834311] irq event stamp: 4573
[   28.834475] hardirqs last  enabled at (4581): [<ffffffff811b9341>] __up_console_sem+0x91/0xb0
[   28.834874] hardirqs last disabled at (4588): [<ffffffff811b9326>] __up_console_sem+0x76/0xb0
[   28.835276] softirqs last  enabled at (4164): [<ffffffff83000329>] __do_softirq+0x329/0x490
[   28.835684] softirqs last disabled at (4101): [<ffffffff811125e2>] irq_exit_rcu+0xd2/0x100
[   28.836070] ---[ end trace 0000000000000000 ]---
