c[?7l[2J[0mSeaBIOS (version rel-1.14.0-0-g155821a1990b-prebuilt.qemu.org)


iPXE (http://ipxe.org) 00:03.0 CA00 PCI2.10 PnP PMM+7FF8F030+7FEEF030 CA00
Press Ctrl-B to configure iPXE (PCI 00:03.0)...                                                                               


Booting from ROM..c[?7l[2J[    0.000000] Linux version 6.1.0-rc6-66efff515a65+ (root@p-mtlp02) (gcc (GCC) 8.5.0 20210514 (Red Hat 8.5.0-18), GNU ld version 2.36.1-2.el8) #1 SMP PREEMPT_DYNAMIC Mon Feb 20 17:51:14 CST 2023
[    0.000000] Command line: console=ttyS0 root=/dev/sda earlyprintk=serial net.ifnames=0
[    0.000000] KERNEL supported cpus:
[    0.000000]   Intel GenuineIntel
[    0.000000]   AMD AuthenticAMD
[    0.000000]   Hygon HygonGenuine
[    0.000000]   Centaur CentaurHauls
[    0.000000]   zhaoxin   Shanghai  
[    0.000000] x86/split lock detection: #DB: warning on user-space bus_locks
[    0.000000] x86/fpu: Supporting XSAVE feature 0x001: 'x87 floating point registers'
[    0.000000] x86/fpu: Supporting XSAVE feature 0x002: 'SSE registers'
[    0.000000] x86/fpu: Supporting XSAVE feature 0x004: 'AVX registers'
[    0.000000] x86/fpu: Supporting XSAVE feature 0x200: 'Protection Keys User registers'
[    0.000000] x86/fpu: xstate_offset[2]:  576, xstate_sizes[2]:  256
[    0.000000] x86/fpu: xstate_offset[9]:  832, xstate_sizes[9]:    8
[    0.000000] x86/fpu: Enabled xstate features 0x207, context size is 840 bytes, using 'compacted' format.
[    0.000000] signal: max sigframe size: 3632
[    0.000000] BIOS-provided physical RAM map:
[    0.000000] BIOS-e820: [mem 0x0000000000000000-0x000000000009fbff] usable
[    0.000000] BIOS-e820: [mem 0x000000000009fc00-0x000000000009ffff] reserved
[    0.000000] BIOS-e820: [mem 0x00000000000f0000-0x00000000000fffff] reserved
[    0.000000] BIOS-e820: [mem 0x0000000000100000-0x000000007ffdffff] usable
[    0.000000] BIOS-e820: [mem 0x000000007ffe0000-0x000000007fffffff] reserved
[    0.000000] BIOS-e820: [mem 0x00000000feffc000-0x00000000feffffff] reserved
[    0.000000] BIOS-e820: [mem 0x00000000fffc0000-0x00000000ffffffff] reserved
[    0.000000] printk: bootconsole [earlyser0] enabled
[    0.000000] NX (Execute Disable) protection: active
[    0.000000] SMBIOS 2.8 present.
[    0.000000] DMI: QEMU Standard PC (i440FX + PIIX, 1996), BIOS rel-1.14.0-0-g155821a1990b-prebuilt.qemu.org 04/01/2014
[    0.000000] Hypervisor detected: KVM
[    0.000000] kvm-clock: Using msrs 4b564d01 and 4b564d00
[    0.000003] kvm-clock: using sched offset of 379978197 cycles
[    0.000397] clocksource: kvm-clock: mask: 0xffffffffffffffff max_cycles: 0x1cd42e4dffb, max_idle_ns: 881590591483 ns
[    0.001594] tsc: Detected 2188.800 MHz processor
[    0.008084] last_pfn = 0x7ffe0 max_arch_pfn = 0x400000000
[    0.008560] x86/PAT: Configuration [0-7]: WB  WC  UC- UC  WB  WP  UC- WT  
[    0.017689] found SMP MP-table at [mem 0x000f5a90-0x000f5a9f]
[    0.018168] Using GB pages for direct mapping
[    0.019684] ACPI: Early table checksum verification disabled
[    0.020118] ACPI: RSDP 0x00000000000F5870 000014 (v00 BOCHS )
[    0.020601] ACPI: RSDT 0x000000007FFE1959 000034 (v01 BOCHS  BXPC     00000001 BXPC 00000001)
[    0.021257] ACPI: FACP 0x000000007FFE1805 000074 (v01 BOCHS  BXPC     00000001 BXPC 00000001)
[    0.021902] ACPI: DSDT 0x000000007FFE0040 0017C5 (v01 BOCHS  BXPC     00000001 BXPC 00000001)
[    0.022540] ACPI: FACS 0x000000007FFE0000 000040
[    0.022892] ACPI: APIC 0x000000007FFE1879 000080 (v01 BOCHS  BXPC     00000001 BXPC 00000001)
[    0.023522] ACPI: HPET 0x000000007FFE18F9 000038 (v01 BOCHS  BXPC     00000001 BXPC 00000001)
[    0.024156] ACPI: WAET 0x000000007FFE1931 000028 (v01 BOCHS  BXPC     00000001 BXPC 00000001)
[    0.024820] ACPI: Reserving FACP table memory at [mem 0x7ffe1805-0x7ffe1878]
[    0.025335] ACPI: Reserving DSDT table memory at [mem 0x7ffe0040-0x7ffe1804]
[    0.025847] ACPI: Reserving FACS table memory at [mem 0x7ffe0000-0x7ffe003f]
[    0.026360] ACPI: Reserving APIC table memory at [mem 0x7ffe1879-0x7ffe18f8]
[    0.026877] ACPI: Reserving HPET table memory at [mem 0x7ffe18f9-0x7ffe1930]
[    0.027393] ACPI: Reserving WAET table memory at [mem 0x7ffe1931-0x7ffe1958]
[    0.028683] No NUMA configuration found
[    0.028946] Faking a node at [mem 0x0000000000000000-0x000000007ffdffff]
[    0.029500] NODE_DATA(0) allocated [mem 0x7ffb5000-0x7ffdffff]
[    0.032822] Zone ranges:
[    0.032993]   DMA      [mem 0x0000000000001000-0x0000000000ffffff]
[    0.033434]   DMA32    [mem 0x0000000001000000-0x000000007ffdffff]
[    0.033887]   Normal   empty
[    0.034105]   Device   empty
[    0.034319] Movable zone start for each node
[    0.034634] Early memory node ranges
[    0.034895]   node   0: [mem 0x0000000000001000-0x000000000009efff]
[    0.035353]   node   0: [mem 0x0000000000100000-0x000000007ffdffff]
[    0.035813] Initmem setup node 0 [mem 0x0000000000001000-0x000000007ffdffff]
[    0.036514] On node 0, zone DMA: 1 pages in unavailable ranges
[    0.036532] On node 0, zone DMA: 97 pages in unavailable ranges
[    0.060397] On node 0, zone DMA32: 32 pages in unavailable ranges
[    0.061075] ACPI: PM-Timer IO Port: 0x608
[    0.061852] ACPI: LAPIC_NMI (acpi_id[0xff] dfl dfl lint[0x1])
[    0.062335] IOAPIC[0]: apic_id 0, version 17, address 0xfec00000, GSI 0-23
[    0.062857] ACPI: INT_SRC_OVR (bus 0 bus_irq 0 global_irq 2 dfl dfl)
[    0.063328] ACPI: INT_SRC_OVR (bus 0 bus_irq 5 global_irq 5 high level)
[    0.063816] ACPI: INT_SRC_OVR (bus 0 bus_irq 9 global_irq 9 high level)
[    0.064308] ACPI: INT_SRC_OVR (bus 0 bus_irq 10 global_irq 10 high level)
[    0.064822] ACPI: INT_SRC_OVR (bus 0 bus_irq 11 global_irq 11 high level)
[    0.065330] ACPI: Using ACPI (MADT) for SMP configuration information
[    0.065797] ACPI: HPET id: 0x8086a201 base: 0xfed00000
[    0.066190] TSC deadline timer available
[    0.066476] smpboot: Allowing 2 CPUs, 0 hotplug CPUs
[    0.066889] kvm-guest: KVM setup pv remote TLB flush
[    0.067252] kvm-guest: setup PV sched yield
[    0.067616] PM: hibernation: Registered nosave memory: [mem 0x00000000-0x00000fff]
[    0.068173] PM: hibernation: Registered nosave memory: [mem 0x0009f000-0x0009ffff]
[    0.068731] PM: hibernation: Registered nosave memory: [mem 0x000a0000-0x000effff]
[    0.069286] PM: hibernation: Registered nosave memory: [mem 0x000f0000-0x000fffff]
[    0.069839] [mem 0x80000000-0xfeffbfff] available for PCI devices
[    0.070288] Booting paravirtualized kernel on KVM
[    0.070640] clocksource: refined-jiffies: mask: 0xffffffff max_cycles: 0xffffffff, max_idle_ns: 7645519600211568 ns
[    0.071411] setup_percpu: NR_CPUS:8192 nr_cpumask_bits:2 nr_cpu_ids:2 nr_node_ids:1
[    0.073395] percpu: Embedded 64 pages/cpu s225280 r8192 d28672 u1048576
[    0.074070] kvm-guest: PV spinlocks enabled
[    0.074393] PV qspinlock hash table entries: 256 (order: 0, 4096 bytes, linear)
[    0.074961] Fallback order for Node 0: 0 
[    0.075272] Built 1 zonelists, mobility grouping on.  Total pages: 515808
[    0.075776] Policy zone: DMA32
[    0.076004] Kernel command line: net.ifnames=0 console=ttyS0 root=/dev/sda earlyprintk=serial net.ifnames=0
[    0.078366] Dentry cache hash table entries: 262144 (order: 9, 2097152 bytes, linear)
[    0.079036] Inode-cache hash table entries: 131072 (order: 8, 1048576 bytes, linear)
[    0.079728] mem auto-init: stack:off, heap alloc:off, heap free:off
[    0.083690] Memory: 1985384K/2096632K available (32784K kernel code, 4695K rwdata, 7852K rodata, 3668K init, 22124K bss, 110992K reserved, 0K cma-reserved)
[    0.085702] SLUB: HWalign=64, Order=0-3, MinObjects=0, CPUs=2, Nodes=1
[    0.086152] kmemleak: Kernel memory leak detector disabled
[    0.086559] ftrace: allocating 67427 entries in 264 pages
[    0.113507] ftrace: allocated 264 pages with 2 groups
[    0.117271] Dynamic Preempt: voluntary
[    0.117661] Running RCU self tests
[    0.117900] rcu: Preemptible hierarchical RCU implementation.
[    0.118293] rcu: 	RCU lockdep checking is enabled.
[    0.118618] rcu: 	RCU restricting CPUs from NR_CPUS=8192 to nr_cpu_ids=2.
[    0.119082] 	Trampoline variant of Tasks RCU enabled.
[    0.119424] 	Rude variant of Tasks RCU enabled.
[    0.119736] 	Tracing variant of Tasks RCU enabled.
[    0.120067] rcu: RCU calculated value of scheduler-enlistment delay is 25 jiffies.
[    0.120602] rcu: Adjusting geometry for rcu_fanout_leaf=16, nr_cpu_ids=2
[    0.145364] NR_IRQS: 524544, nr_irqs: 440, preallocated irqs: 16
[    0.146106] rcu: srcu_init: Setting srcu_struct sizes based on contention.
[    0.152854] Console: colour VGA+ 80x25
[    0.153152] printk: console [ttyS0] enabled
[    0.153152] printk: console [ttyS0] enabled
[    0.153734] printk: bootconsole [earlyser0] disabled
[    0.153734] printk: bootconsole [earlyser0] disabled
[    0.154424] Lock dependency validator: Copyright (c) 2006 Red Hat, Inc., Ingo Molnar
[    0.154966] ... MAX_LOCKDEP_SUBCLASSES:  8
[    0.155262] ... MAX_LOCK_DEPTH:          48
[    0.155562] ... MAX_LOCKDEP_KEYS:        8192
[    0.155878] ... CLASSHASH_SIZE:          4096
[    0.156190] ... MAX_LOCKDEP_ENTRIES:     32768
[    0.156518] ... MAX_LOCKDEP_CHAINS:      65536
[    0.156833] ... CHAINHASH_SIZE:          32768
[    0.157148]  memory used by lock dependency info: 6365 kB
[    0.157527]  memory used for stack traces: 4224 kB
[    0.157865]  per task-struct memory footprint: 1920 bytes
[    0.158290] ACPI: Core revision 20220331
[    0.158797] clocksource: hpet: mask: 0xffffffff max_cycles: 0xffffffff, max_idle_ns: 19112604467 ns
[    0.159577] APIC: Switch to symmetric I/O mode setup
[    0.160094] x2apic enabled
[    0.160470] Switched APIC routing to physical x2apic.
[    0.160841] kvm-guest: setup PV IPIs
[    0.161919] ..TIMER: vector=0x30 apic1=0 pin1=2 apic2=-1 pin2=-1
[    0.162359] clocksource: tsc-early: mask: 0xffffffffffffffff max_cycles: 0x1f8cde9f8f9, max_idle_ns: 440795224246 ns
[    0.163111] Calibrating delay loop (skipped) preset value.. 4377.60 BogoMIPS (lpj=8755200)
[    0.167113] pid_max: default: 32768 minimum: 301
[    0.167589] LSM: Security Framework initializing
[    0.167935] Yama: becoming mindful.
[    0.168388] Mount-cache hash table entries: 4096 (order: 3, 32768 bytes, linear)
[    0.168924] Mountpoint-cache hash table entries: 4096 (order: 3, 32768 bytes, linear)
[    0.170726] CPU0: Thermal monitoring enabled (TM1)
[    0.171181] x86/cpu: User Mode Instruction Prevention (UMIP) activated
[    0.172567] Last level iTLB entries: 4KB 0, 2MB 0, 4MB 0
[    0.173026] Last level dTLB entries: 4KB 0, 2MB 0, 4MB 0, 1GB 0
[    0.173487] Spectre V1 : Mitigation: usercopy/swapgs barriers and __user pointer sanitization
[    0.174107] Spectre V2 : WARNING: Unprivileged eBPF is enabled with eIBRS on, data leaks possible via Spectre v2 BHB attacks!
[    0.175111] Spectre V2 : Mitigation: Enhanced IBRS
[    0.175456] Spectre V2 : Spectre v2 / SpectreRSB mitigation: Filling RSB on context switch
[    0.176045] Spectre V2 : Spectre v2 / PBRSB-eIBRS: Retire a single CALL on VMEXIT
[    0.176576] Spectre V2 : mitigation: Enabling conditional Indirect Branch Prediction Barrier
[    0.177170] Speculative Store Bypass: Mitigation: Speculative Store Bypass disabled via prctl
[    0.177770] MMIO Stale Data: Unknown: No mitigations
[    0.280928] Freeing SMP alternatives memory: 56K
[    0.281642] smpboot: CPU0: Genuine Intel(R) 0000 (family: 0x6, model: 0xaa, stepping: 0x2)
[    0.282693] cblist_init_generic: Setting adjustable number of callback queues.
[    0.283095] cblist_init_generic: Setting shift to 1 and lim to 1.
[    0.283095] cblist_init_generic: Setting shift to 1 and lim to 1.
[    0.283095] cblist_init_generic: Setting shift to 1 and lim to 1.
[    0.283095] Running RCU-tasks wait API self tests
[    0.383239] Performance Events: generic architected perfmon, full-width counters, Intel PMU driver.
[    0.383947] ... version:                2
[    0.384227] ... bit width:              48
[    0.384518] ... generic registers:      8
[    0.384797] ... value mask:             0000ffffffffffff
[    0.385159] ... max period:             00007fffffffffff
[    0.385519] ... fixed-purpose events:   3
[    0.385802] ... event mask:             00000007000000ff
[    0.386637] rcu: Hierarchical SRCU implementation.
[    0.386982] rcu: 	Max phase no-delay instances is 1000.
[    0.389569] smp: Bringing up secondary CPUs ...
[    0.390944] x86: Booting SMP configuration:
[    0.391128] .... node  #0, CPUs:      #1
[    0.016525] smpboot: CPU 1 Converting physical 0 to logical die 1
[    0.395228] smp: Brought up 1 node, 2 CPUs
[    0.395476] smpboot: Max logical packages: 2
[    0.395764] smpboot: Total of 2 processors activated (8755.20 BogoMIPS)
[    0.399717] devtmpfs: initialized
[    0.399717] x86/mm: Memory block size: 128MB
[    0.403212] Callback from call_rcu_tasks_trace() invoked.
[    0.403690] clocksource: jiffies: mask: 0xffffffff max_cycles: 0xffffffff, max_idle_ns: 7645041785100000 ns
[    0.404203] futex hash table entries: 512 (order: 4, 65536 bytes, linear)
[    0.404925] pinctrl core: initialized pinctrl subsystem
[    0.405822] 
[    0.405938] *************************************************************
[    0.407105] **     NOTICE NOTICE NOTICE NOTICE NOTICE NOTICE NOTICE    **
[    0.407570] **                                                         **
[    0.408029] **  IOMMU DebugFS SUPPORT HAS BEEN ENABLED IN THIS KERNEL  **
[    0.408494] **                                                         **
[    0.408963] ** This means that this kernel is built to expose internal **
[    0.409420] ** IOMMU data structures, which may compromise security on **
[    0.409876] ** your system.                                            **
[    0.410341] **                                                         **
[    0.410796] ** If you see this message and you are not debugging the   **
[    0.411103] ** kernel, report this immediately to your vendor!         **
[    0.411580] **                                                         **
[    0.412058] **     NOTICE NOTICE NOTICE NOTICE NOTICE NOTICE NOTICE    **
[    0.412546] *************************************************************
[    0.413052] PM: RTC time: 09:51:40, date: 2023-02-20
[    0.417092] NET: Registered PF_NETLINK/PF_ROUTE protocol family
[    0.418165] DMA: preallocated 256 KiB GFP_KERNEL pool for atomic allocations
[    0.418719] DMA: preallocated 256 KiB GFP_KERNEL|GFP_DMA pool for atomic allocations
[    0.419108] DMA: preallocated 256 KiB GFP_KERNEL|GFP_DMA32 pool for atomic allocations
[    0.419801] audit: initializing netlink subsys (disabled)
[    0.420401] audit: type=2000 audit(1676886701.224:1): state=initialized audit_enabled=0 res=1
[    0.420401] thermal_sys: Registered thermal governor 'fair_share'
[    0.420401] thermal_sys: Registered thermal governor 'bang_bang'
[    0.420401] thermal_sys: Registered thermal governor 'step_wise'
[    0.420795] thermal_sys: Registered thermal governor 'user_space'
[    0.421265] cpuidle: using governor ladder
[    0.423112] cpuidle: using governor menu
[    0.423667] acpiphp: ACPI Hot Plug PCI Controller Driver version: 0.5
[    0.424467] PCI: Using configuration type 1 for base access
[    0.438332] kprobes: kprobe jump-optimization is enabled. All kprobes are optimized if possible.
[    0.643391] HugeTLB: registered 1.00 GiB page size, pre-allocated 0 pages
[    0.643876] HugeTLB: 16380 KiB vmemmap can be freed for a 1.00 GiB page
[    0.644349] HugeTLB: registered 2.00 MiB page size, pre-allocated 0 pages
[    0.644828] HugeTLB: 28 KiB vmemmap can be freed for a 2.00 MiB page
[    0.646853] ACPI: Added _OSI(Module Device)
[    0.647102] ACPI: Added _OSI(Processor Device)
[    0.647423] ACPI: Added _OSI(3.0 _SCP Extensions)
[    0.647762] ACPI: Added _OSI(Processor Aggregator Device)
[    0.654970] ACPI: 1 ACPI AML tables successfully acquired and loaded
[    0.658085] ACPI: Interpreter enabled
[    0.658436] ACPI: PM: (supports S0 S3 S4 S5)
[    0.658750] ACPI: Using IOAPIC for interrupt routing
[    0.659143] PCI: Using host bridge windows from ACPI; if necessary, use "pci=nocrs" and report a bug
[    0.659786] PCI: Using E820 reservations for host bridge windows
[    0.660833] ACPI: Enabled 2 GPEs in block 00 to 0F
[    0.676182] ACPI: PCI Root Bridge [PCI0] (domain 0000 [bus 00-ff])
[    0.676650] acpi PNP0A03:00: _OSC: OS supports [ASPM ClockPM Segments MSI EDR HPX-Type3]
[    0.677225] acpi PNP0A03:00: _OSC: not requesting OS control; OS requires [ExtendedConfig ASPM ClockPM MSI]
[    0.677970] acpi PNP0A03:00: fail to add MMCONFIG information, can't access extended PCI configuration space under this bridge.
[    0.681060] acpiphp: Slot [3] registered
[    0.681406] acpiphp: Slot [4] registered
[    0.681748] acpiphp: Slot [5] registered
[    0.682092] acpiphp: Slot [6] registered
[    0.682442] acpiphp: Slot [7] registered
[    0.682791] acpiphp: Slot [8] registered
[    0.683137] acpiphp: Slot [9] registered
[    0.683481] acpiphp: Slot [10] registered
[    0.683837] acpiphp: Slot [11] registered
[    0.684187] acpiphp: Slot [12] registered
[    0.684534] acpiphp: Slot [13] registered
[    0.684882] acpiphp: Slot [14] registered
[    0.685232] acpiphp: Slot [15] registered
[    0.685597] acpiphp: Slot [16] registered
[    0.685959] acpiphp: Slot [17] registered
[    0.686313] acpiphp: Slot [18] registered
[    0.686670] acpiphp: Slot [19] registered
[    0.687016] acpiphp: Slot [20] registered
[    0.687166] acpiphp: Slot [21] registered
[    0.687514] acpiphp: Slot [22] registered
[    0.687864] acpiphp: Slot [23] registered
[    0.688214] acpiphp: Slot [24] registered
[    0.688563] acpiphp: Slot [25] registered
[    0.688922] acpiphp: Slot [26] registered
[    0.689272] acpiphp: Slot [27] registered
[    0.689620] acpiphp: Slot [28] registered
[    0.689969] acpiphp: Slot [29] registered
[    0.690319] acpiphp: Slot [30] registered
[    0.690677] acpiphp: Slot [31] registered
[    0.690983] PCI host bridge to bus 0000:00
[    0.691100] pci_bus 0000:00: root bus resource [io  0x0000-0x0cf7 window]
[    0.691583] pci_bus 0000:00: root bus resource [io  0x0d00-0xffff window]
[    0.692065] pci_bus 0000:00: root bus resource [mem 0x000a0000-0x000bffff window]
[    0.692599] pci_bus 0000:00: root bus resource [mem 0x80000000-0xfebfffff window]
[    0.693134] pci_bus 0000:00: root bus resource [mem 0x100000000-0x17fffffff window]
[    0.693683] pci_bus 0000:00: root bus resource [bus 00-ff]
[    0.694168] pci 0000:00:00.0: [8086:1237] type 00 class 0x060000
[    0.697246] pci 0000:00:01.0: [8086:7000] type 00 class 0x060100
[    0.698294] pci 0000:00:01.1: [8086:7010] type 00 class 0x010180
[    0.699968] pci 0000:00:01.1: reg 0x20: [io  0xc040-0xc04f]
[    0.700888] pci 0000:00:01.1: legacy IDE quirk: reg 0x10: [io  0x01f0-0x01f7]
[    0.701396] pci 0000:00:01.1: legacy IDE quirk: reg 0x14: [io  0x03f6]
[    0.701862] pci 0000:00:01.1: legacy IDE quirk: reg 0x18: [io  0x0170-0x0177]
[    0.702375] pci 0000:00:01.1: legacy IDE quirk: reg 0x1c: [io  0x0376]
[    0.703094] pci 0000:00:01.3: [8086:7113] type 00 class 0x068000
[    0.703790] pci 0000:00:01.3: quirk: [io  0x0600-0x063f] claimed by PIIX4 ACPI
[    0.704309] pci 0000:00:01.3: quirk: [io  0x0700-0x070f] claimed by PIIX4 SMB
[    0.705073] pci 0000:00:02.0: [1234:1111] type 00 class 0x030000
[    0.708146] pci 0000:00:02.0: reg 0x10: [mem 0xfd000000-0xfdffffff pref]
[    0.711902] pci 0000:00:02.0: reg 0x18: [mem 0xfebf0000-0xfebf0fff]
[    0.719845] pci 0000:00:02.0: reg 0x30: [mem 0xfebe0000-0xfebeffff pref]
[    0.720672] pci 0000:00:02.0: Video device with shadowed ROM at [mem 0x000c0000-0x000dffff]
[    0.724023] pci 0000:00:03.0: [8086:100e] type 00 class 0x020000
[    0.726415] pci 0000:00:03.0: reg 0x10: [mem 0xfebc0000-0xfebdffff]
[    0.727263] pci 0000:00:03.0: reg 0x14: [io  0xc000-0xc03f]
[    0.729755] pci 0000:00:03.0: reg 0x30: [mem 0xfeb80000-0xfebbffff pref]
[    0.741118] ACPI: PCI: Interrupt link LNKA configured for IRQ 10
[    0.741872] ACPI: PCI: Interrupt link LNKB configured for IRQ 10
[    0.742636] ACPI: PCI: Interrupt link LNKC configured for IRQ 11
[    0.743443] ACPI: PCI: Interrupt link LNKD configured for IRQ 11
[    0.744029] ACPI: PCI: Interrupt link LNKS configured for IRQ 9
[    0.745577] iommu: Default domain type: Translated 
[    0.745926] iommu: DMA domain TLB invalidation policy: lazy mode 
[    0.747375] SCSI subsystem initialized
[    0.747916] ACPI: bus type USB registered
[    0.748279] usbcore: registered new interface driver usbfs
[    0.748708] usbcore: registered new interface driver hub
[    0.749113] usbcore: registered new device driver usb
[    0.749572] pps_core: LinuxPPS API ver. 1 registered
[    0.749926] pps_core: Software ver. 5.3.6 - Copyright 2005-2007 Rodolfo Giometti <giometti@linux.it>
[    0.750578] PTP clock support registered
[    0.751003] EDAC MC: Ver: 3.0.0
[    0.752870] NetLabel: Initializing
[    0.753126] NetLabel:  domain hash size = 128
[    0.753439] NetLabel:  protocols = UNLABELED CIPSOv4 CALIPSO
[    0.753896] NetLabel:  unlabeled traffic allowed by default
[    0.787331] PCI: Using ACPI for IRQ routing
[    0.787834] pci 0000:00:02.0: vgaarb: setting as boot VGA device
[    0.788255] pci 0000:00:02.0: vgaarb: bridge control possible
[    0.788666] pci 0000:00:02.0: vgaarb: VGA device added: decodes=io+mem,owns=io+mem,locks=none
[    0.789271] vgaarb: loaded
[    0.789786] hpet0: at MMIO 0xfed00000, IRQs 2, 8, 0
[    0.790150] hpet0: 3 comparators, 64-bit 100.000000 MHz counter
[    2.960827] clocksource: Switched to clocksource kvm-clock
[    3.002071] Callback from call_rcu_tasks_rude() invoked.
[    3.071162] Callback from call_rcu_tasks() invoked.
[    3.114058] VFS: Disk quotas dquot_6.6.0
[    3.114378] VFS: Dquot-cache hash table entries: 512 (order 0, 4096 bytes)
[    3.115134] pnp: PnP ACPI init
[    3.117114] pnp: PnP ACPI: found 6 devices
[    3.127708] clocksource: acpi_pm: mask: 0xffffff max_cycles: 0xffffff, max_idle_ns: 2085701024 ns
[    3.128644] NET: Registered PF_INET protocol family
[    3.129194] IP idents hash table entries: 32768 (order: 6, 262144 bytes, linear)
[    3.130687] tcp_listen_portaddr_hash hash table entries: 1024 (order: 4, 73728 bytes, linear)
[    3.131337] Table-perturb hash table entries: 65536 (order: 6, 262144 bytes, linear)
[    3.131919] TCP established hash table entries: 16384 (order: 5, 131072 bytes, linear)
[    3.132681] TCP bind hash table entries: 16384 (order: 9, 2359296 bytes, linear)
[    3.135138] TCP: Hash tables configured (established 16384 bind 16384)
[    3.135784] UDP hash table entries: 1024 (order: 5, 163840 bytes, linear)
[    3.136358] UDP-Lite hash table entries: 1024 (order: 5, 163840 bytes, linear)
[    3.137112] NET: Registered PF_UNIX/PF_LOCAL protocol family
[    3.138318] RPC: Registered named UNIX socket transport module.
[    3.138738] RPC: Registered udp transport module.
[    3.139074] RPC: Registered tcp transport module.
[    3.139427] RPC: Registered tcp NFSv4.1 backchannel transport module.
[    3.139920] pci_bus 0000:00: resource 4 [io  0x0000-0x0cf7 window]
[    3.140369] pci_bus 0000:00: resource 5 [io  0x0d00-0xffff window]
[    3.140818] pci_bus 0000:00: resource 6 [mem 0x000a0000-0x000bffff window]
[    3.141319] pci_bus 0000:00: resource 7 [mem 0x80000000-0xfebfffff window]
[    3.141808] pci_bus 0000:00: resource 8 [mem 0x100000000-0x17fffffff window]
[    3.142527] pci 0000:00:01.0: PIIX3: Enabling Passive Release
[    3.142952] pci 0000:00:00.0: Limiting direct PCI/PCI transfers
[    3.143482] PCI: CLS 0 bytes, default 64
[    3.143819] ACPI: bus type thunderbolt registered
[    3.144431] clocksource: tsc: mask: 0xffffffffffffffff max_cycles: 0x1f8cde9f8f9, max_idle_ns: 440795224246 ns
[    3.149053] Initialise system trusted keyrings
[    3.149462] Key type blacklist registered
[    3.150225] workingset: timestamp_bits=36 max_order=19 bucket_order=0
[    3.160264] zbud: loaded
[    3.162390] squashfs: version 4.0 (2009/01/31) Phillip Lougher
[    3.164688] NFS: Registering the id_resolver key type
[    3.165065] Key type id_resolver registered
[    3.165370] Key type id_legacy registered
[    3.165757] nfs4filelayout_init: NFSv4 File Layout Driver Registering...
[    3.166229] nfs4flexfilelayout_init: NFSv4 Flexfile Layout Driver Registering...
[    3.166837] fuse: init (API version 7.37)
[    3.167413] SGI XFS with ACLs, security attributes, realtime, quota, no debug enabled
[    3.169959] 9p: Installing v9fs 9p2000 file system support
[    3.177249] Key type asymmetric registered
[    3.177520] Asymmetric key parser 'x509' registered
[    3.181213] alg: self-tests for CTR-KDF (hmac(sha256)) passed
[    3.181972] Block layer SCSI generic (bsg) driver version 0.4 loaded (major 243)
[    3.182727] io scheduler mq-deadline registered
[    3.183192] io scheduler bfq registered
[    3.185392] shpchp: Standard Hot Plug PCI Controller Driver version: 0.4
[    3.186236] IPMI message handler: version 39.2
[    3.186610] ipmi device interface
[    3.188421] input: Power Button as /devices/LNXSYSTM:00/LNXPWRBN:00/input/input0
[    3.189134] ACPI: button: Power Button [PWRF]
[    3.190451] ERST DBG: ERST support is disabled.
[    3.191302] Serial: 8250/16550 driver, 32 ports, IRQ sharing enabled
[    3.192126] 00:04: ttyS0 at I/O 0x3f8 (irq = 4, base_baud = 115200) is a 16550A
[    3.200341] Linux agpgart interface v0.103
[    3.201332] ACPI: bus type drm_connector registered
[    3.212800] brd: module loaded
[    3.219843] loop: module loaded
[    3.224982] scsi host0: ata_piix
[    3.226088] scsi host1: ata_piix
[    3.226463] ata1: PATA max MWDMA2 cmd 0x1f0 ctl 0x3f6 bmdma 0xc040 irq 14
[    3.226936] ata2: PATA max MWDMA2 cmd 0x170 ctl 0x376 bmdma 0xc048 irq 15
[    3.228357] tun: Universal TUN/TAP device driver, 1.6
[    3.228823] e100: Intel(R) PRO/100 Network Driver
[    3.229150] e100: Copyright(c) 1999-2006 Intel Corporation
[    3.229566] e1000: Intel(R) PRO/1000 Network Driver
[    3.229899] e1000: Copyright (c) 1999-2006 Intel Corporation.
[    3.381484] ACPI: \_SB_.LNKC: Enabled at IRQ 11
[    3.387947] ata1: found unknown device (class 0)
[    3.388816] ata1.00: ATA-7: QEMU HARDDISK, 2.5+, max UDMA/100
[    3.389241] ata1.00: 16777216 sectors, multi 16: LBA48 
[    3.390463] scsi 0:0:0:0: Direct-Access     ATA      QEMU HARDDISK    2.5+ PQ: 0 ANSI: 5
[    3.391406] ata2: found unknown device (class 0)
[    3.391883] scsi 0:0:0:0: Attached scsi generic sg0 type 0
[    3.392313] ata2.00: ATAPI: QEMU DVD-ROM, 2.5+, max UDMA/100
[    3.393004] sd 0:0:0:0: [sda] 16777216 512-byte logical blocks: (8.59 GB/8.00 GiB)
[    3.393918] scsi 1:0:0:0: CD-ROM            QEMU     QEMU DVD-ROM     2.5+ PQ: 0 ANSI: 5
[    3.395230] sd 0:0:0:0: [sda] Write Protect is off
[    3.395657] sd 0:0:0:0: [sda] Write cache: enabled, read cache: enabled, doesn't support DPO or FUA
[    3.396302] sd 0:0:0:0: [sda] Preferred minimum I/O size 512 bytes
[    3.425152] scsi 1:0:0:0: Attached scsi generic sg1 type 5
[    3.427616] sd 0:0:0:0: [sda] Attached SCSI disk
[    3.710715] e1000 0000:00:03.0 eth0: (PCI:33MHz:32-bit) 52:54:00:12:34:56
[    3.711251] e1000 0000:00:03.0 eth0: Intel(R) PRO/1000 Network Connection
[    3.711834] e1000e: Intel(R) PRO/1000 Network Driver
[    3.712178] e1000e: Copyright(c) 1999 - 2015 Intel Corporation.
[    3.712646] igb: Intel(R) Gigabit Ethernet Network Driver
[    3.713013] igb: Copyright (c) 2007-2014 Intel Corporation.
[    3.713505] PPP generic driver version 2.4.2
[    3.714642] VFIO - User Level meta-driver version: 0.3
[    3.715707] usbcore: registered new interface driver uas
[    3.716125] usbcore: registered new interface driver usb-storage
[    3.716675] i8042: PNP: PS/2 Controller [PNP0303:KBD,PNP0f13:MOU] at 0x60,0x64 irq 1,12
[    3.717857] serio: i8042 KBD port at 0x60,0x64 irq 1
[    3.718224] serio: i8042 AUX port at 0x60,0x64 irq 12
[    3.719825] mousedev: PS/2 mouse device common for all mice
[    3.721481] rtc_cmos 00:05: RTC can wake from S4
[    3.722455] input: AT Translated Set 2 keyboard as /devices/platform/i8042/serio0/input/input1
[    3.723794] rtc_cmos 00:05: registered as rtc0
[    3.724208] rtc_cmos 00:05: setting system clock to 2023-02-20T09:51:44 UTC (1676886704)
[    3.724924] input: VirtualPS/2 VMware VMMouse as /devices/platform/i8042/serio1/input/input4
[    3.726107] rtc_cmos 00:05: alarms up to one day, y3k, 242 bytes nvram, hpet irqs
[    3.726730] i2c_dev: i2c /dev entries driver
[    3.726957] input: VirtualPS/2 VMware VMMouse as /devices/platform/i8042/serio1/input/input3
[    3.727937] device-mapper: core: CONFIG_IMA_DISABLE_HTABLE is disabled. Duplicate IMA measurements will not be recorded in the IMA log.
[    3.728941] device-mapper: uevent: version 1.0.3
[    3.729504] device-mapper: ioctl: 4.47.0-ioctl (2022-07-28) initialised: dm-devel@redhat.com
[    3.730103] intel_pstate: CPU model not supported
[    3.730518] sdhci: Secure Digital Host Controller Interface driver
[    3.730953] sdhci: Copyright(c) Pierre Ossman
[    3.731359] sdhci-pltfm: SDHCI platform and OF driver helper
[    3.732163] ledtrig-cpu: registered to indicate activity on CPUs
[    3.732917] drop_monitor: Initializing network drop monitor service
[    3.733855] NET: Registered PF_INET6 protocol family
[    3.737192] Segment Routing with IPv6
[    3.737470] In-situ OAM (IOAM) with IPv6
[    3.737761] NET: Registered PF_PACKET protocol family
[    3.738723] 9pnet: Installing 9P2000 support
[    3.739087] Key type dns_resolver registered
[    3.740263] IPI shorthand broadcast: enabled
[    3.740605] sched_clock: Marking stable (3727264229, 12525705)->(3774918349, -35128415)
[    3.741846] registered taskstats version 1
[    3.742393] Loading compiled-in X.509 certificates
[    3.743187] zswap: loaded using pool lzo/zbud
[    3.744448] Key type .fscrypt registered
[    3.744733] Key type fscrypt-provisioning registered
[    3.746243] Key type encrypted registered
[    3.746549] ima: No TPM chip found, activating TPM-bypass!
[    3.746939] ima: Allocated hash algorithm: sha1
[    3.747317] ima: No architecture policies found
[    3.747713] evm: Initialising EVM extended attributes:
[    3.748078] evm: security.selinux
[    3.748320] evm: security.SMACK64
[    3.748574] evm: security.SMACK64EXEC
[    3.748839] evm: security.SMACK64TRANSMUTE
[    3.749140] evm: security.SMACK64MMAP
[    3.749414] evm: security.apparmor
[    3.749661] evm: security.ima
[    3.749884] evm: security.capability
[    3.750144] evm: HMAC attrs: 0x1
[    3.755441] PM:   Magic number: 11:769:879
[    3.756154] RAS: Correctable Errors collector initialized.
[    3.757129] md: Waiting for all devices to be available before autodetect
[    3.757448] md: If you don't use raid, use raid=noautodetect
[    3.757718] md: Autodetecting RAID arrays.
[    3.757923] md: autorun ...
[    3.758064] md: ... autorun DONE.
[    3.770214] EXT4-fs (sda): mounted filesystem with ordered data mode. Quota mode: none.
[    3.770639] VFS: Mounted root (ext4 filesystem) readonly on device 8:0.
[    3.774474] devtmpfs: mounted
[    3.783236] Freeing unused decrypted memory: 2036K
[    3.784928] Freeing unused kernel image (initmem) memory: 3668K
[    3.787207] Write protecting the kernel read-only data: 43008k
[    3.790414] Freeing unused kernel image (text/rodata gap) memory: 2028K
[    3.791477] Freeing unused kernel image (rodata/data gap) memory: 340K
[    3.876996] x86/mm: Checked W+X mappings: passed, no W+X pages found.
[    3.877295] Run /sbin/init as init process
[    4.101684] systemd[1]: RTC configured in localtime, applying delta of 0 minutes to system time.
[    4.146746] systemd[1]: systemd 239 (239-49.el8) running in system mode. (+PAM +AUDIT +SELINUX +IMA -APPARMOR +SMACK +SYSVINIT +UTMP +LIBCRYPTSETUP +GCRYPT +GNUTLS +ACL +XZ +LZ4 +SECCOMP +BLKID +ELFUTILS +KMOD +IDN2 -IDN +PCRE2 default-hierarchy=legacy)
[    4.147900] systemd[1]: Detected virtualization kvm.
[    4.148135] systemd[1]: Detected architecture x86-64.

Welcome to [0;31mCentOS Stream 8[0m!

[    4.213904] systemd[1]: Set hostname to <test>.
[    5.291150] random: crng init done
[    5.526490] systemd[1]: Listening on LVM2 poll daemon socket.
[[0;32m  OK  [0m] Listening on LVM2 poll daemon socket.
[    5.529963] systemd[1]: Created slice system-sshd\x2dkeygen.slice.
[[0;32m  OK  [0m] Created slice system-sshd\x2dkeygen.slice.
[    5.530866] systemd[1]: Listening on Journal Socket (/dev/log).
[[0;32m  OK  [0m] Listening on Journal Socket (/dev/log).
[    5.538560] systemd[1]: Listening on Process Core Dump Socket.
[[0;32m  OK  [0m] Listening on Process Core Dump Socket.
[    5.539397] systemd[1]: Listening on Device-mapper event daemon FIFOs.
[[0;32m  OK  [0m] Listening on Device-mapper event daemon FIFOs.
[    5.540787] systemd[1]: Created slice User and Session Slice.
[[0;32m  OK  [0m] Created slice User and Session Slice.
[[0;32m  OK  [0m] Listening on RPCbind Server Activation Socket.
[[0;32m  OK  [0m] Listening on Journal Socket.
         Mounting Kernel Debug File System...
         Starting Monitoring of LVM2 mirrorsâ€¦ng dmeventd or progress polling...
         Starting Load Kernel Modules...
         Mounting POSIX Message Queue File System...
         Starting Journal Service...
[[0;32m  OK  [0m] Reached target RPC Port Mapper.
[[0;32m  OK  [0m] Listening on udev Control Socket.
[[0;32m  OK  [0m] Created slice system-serial\x2dgetty.slice.
[[0;32m  OK  [0m] Started Forward Password Requests to Wall Directory Watch.
         Mounting Huge Pages File System...
[[0;32m  OK  [0m] Set up automount Arbitrary Executabâ€¦rmats File System Automount Point.
[[0;32m  OK  [0m] Reached target Swap.
[[0;32m  OK  [0m] Listening on multipathd control socket.
         Starting Setup Virtual Console...
[[0;32m  OK  [0m] Listening on udev Kernel Socket.
         Starting udev Coldplug all Devices...
[[0;32m  OK  [0m] Reached target Slices.
         Starting Remount Root and Kernel File Systems...
[[0;32m  OK  [0m] Listening on initctl Compatibility Named Pipe.
[[0;32m  OK  [0m] Created slice system-getty.slice.
[[0;32m  OK  [0m] Mounted Kernel Debug File System.
[[0;1;31mFAILED[0m] Failed to start Load Kernel Modules.
See 'systemctl status systemd-modules-load.service' for details.
[[0;32m  OK  [0m] Mounted POSIX Message Queue File System.
[[0;32m  OK  [0m] Mounted Huge Pages File System.
         Mounting FUSE Control File System...
         Mounting Kernel Configuration File System...
         Starting Apply Kernel Variables...
[[0;32m  OK  [0m] Started Journal Service.
[[0;32m  OK  [0m] Mounted FUSE Control File System.
[[0;32m  OK  [0m] Mounted Kernel Configuration File System.
[[0;32m  OK  [0m] Started Apply Kernel Variables.
[    5.947140] EXT4-fs (sda): re-mounted. Quota mode: none.
[[0;32m  OK  [0m] Started Remount Root and Kernel File Systems.
         Starting Flush Journal to Persistent Storage...
         Starting Load/Save Random Seed...
         Starting Create Static Device Nodes in /dev...
[[0;32m  OK  [0m] Started Setup Virtual Console.
[[0;32m  OK  [0m] Started udev Coldplug all Devices.
[[0;32m  OK  [0m] Started Load/Save Random Seed.
         Starting udev Wait for Complete Device Initialization...
[[0;32m  OK  [0m] Started Flush Journal to Persistent Storage.
[[0;32m  OK  [0m] Started Create Static Device Nodes in /dev.
         Starting udev Kernel Device Manager...
[[0;32m  OK  [0m] Started udev Kernel Device Manager.
         Starting Show Plymouth Boot Screen...
[[0;32m  OK  [0m] Started Show Plymouth Boot Screen.
[[0;32m  OK  [0m] Started Forward Password Requests to Plymouth Directory Watch.
[[0;32m  OK  [0m] Reached target Local Encrypted Volumes.
[[0;32m  OK  [0m] Reached target Paths.
[[0;32m  OK  [0m] Found device /dev/ttyS0.
[[0;32m  OK  [0m] Started udev Wait for Complete Device Initialization.
[[0;32m  OK  [0m] Started Monitoring of LVM2 mirrors,â€¦sing dmeventd or progress polling.
[[0;32m  OK  [0m] Listening on Load/Save RF Kill Switch Status /dev/rfkill Watch.
[[0;32m  OK  [0m] Reached target Local File Systems (Pre).
[[0;32m  OK  [0m] Reached target Local File Systems.
         Starting Tell Plymouth To Write Out Runtime Data...
         Starting Restore /run/initramfs on shutdown...
         Starting Create Volatile Files and Directories...
[[0;32m  OK  [0m] Started Tell Plymouth To Write Out Runtime Data.
[[0;32m  OK  [0m] Started Restore /run/initramfs on shutdown.
[[0;32m  OK  [0m] Started Create Volatile Files and Directories.
         Starting Security Auditing Service...
         Starting RPC Bind...
         Mounting RPC Pipe File System...
[[0;32m  OK  [0m] Started RPC Bind.
[[0;32m  OK  [0m] Mounted RPC Pipe File System.
[[0;32m  OK  [0m] Reached target rpc_pipefs.target.
[[0;32m  OK  [0m] Started Security Auditing Service.
         Starting Update UTMP about System Boot/Shutdown...
[[0;32m  OK  [0m] Started Update UTMP about System Boot/Shutdown.
[[0;32m  OK  [0m] Reached target System Initialization.
[[0;32m  OK  [0m] Started Daily Cleanup of Temporary Directories.
[[0;32m  OK  [0m] Started daily update of the root trust anchor for DNSSEC.
[[0;32m  OK  [0m] Listening on SSSD Kerberos Cache Manager responder socket.
[[0;32m  OK  [0m] Listening on D-Bus System Message Bus Socket.
[[0;32m  OK  [0m] Reached target Sockets.
[[0;32m  OK  [0m] Reached target Basic System.
[[0;32m  OK  [0m] Started D-Bus System Message Bus.
         Starting Login Service...
         Starting Network Manager...
         Starting Self Monitoring and Reporting Technology (SMART) Daemon...
         Starting NTP client/server...
[[0;32m  OK  [0m] Reached target sshd-keygen.target.
[[0;32m  OK  [0m] Started irqbalance daemon.
         Starting Auto-connect to subsystemsâ€¦-NVME devices found during boot...
         Starting Authorization Manager...
[[0;32m  OK  [0m] Started dnf makecache --timer.
[[0;32m  OK  [0m] Reached target Timers.
[[0;32m  OK  [0m] Started Machine Check Exception Logging Daemon.
[[0;32m  OK  [0m] Started Auto-connect to subsystems â€¦FC-NVME devices found during boot.
         Starting update of the root trust aâ€¦or DNSSEC validation in unbound...
[[0;32m  OK  [0m] Started Self Monitoring and Reporting Technology (SMART) Daemon.
[[0;32m  OK  [0m] Started Login Service.
[[0;32m  OK  [0m] Started NTP client/server.
[[0;32m  OK  [0m] Started Network Manager.
[[0;32m  OK  [0m] Reached target Network.
         Starting OpenSSH server daemon...
         Starting Dynamic System Tuning Daemon...
         Starting GSSAPI Proxy Daemon...
         Starting Network Manager Wait Online...
[[0;32m  OK  [0m] Started update of the root trust anâ€¦ for DNSSEC validation in unbound.
         Starting Hostname Service...
[[0;32m  OK  [0m] Started OpenSSH server daemon.
[[0;32m  OK  [0m] Started GSSAPI Proxy Daemon.
[[0;32m  OK  [0m] Reached target NFS client services.
[[0;32m  OK  [0m] Reached target Remote File Systems (Pre).
[[0;32m  OK  [0m] Reached target Remote File Systems.
         Starting Permit User Sessions...
[[0;32m  OK  [0m] Started Authorization Manager.
[[0;32m  OK  [0m] Started Permit User Sessions.
         Starting Terminate Plymouth Boot Screen...
         Starting Hold until boot process finishes up...
[[0;32m  OK  [0m] Started Command Scheduler.
[    7.871418] e1000: eth0 NIC Link is Up 1000 Mbps Full Duplex, Flow Control: RX
[    7.872192] IPv6: ADDRCONF(NETDEV_CHANGE): eth0: link becomes ready
[    8.177869] Spectre V2 : WARNING: Unprivileged eBPF is enabled with eIBRS on, data leaks possible via Spectre v2 BHB attacks!
[    8.178705] Spectre V2 : WARNING: Unprivileged eBPF is enabled with eIBRS on, data leaks possible via Spectre v2 BHB attacks!

CentOS Stream 8
Kernel 6.1.0-rc6-66efff515a65+ on an x86_64

test login: 