c[?7l[2J[0mSeaBIOS (version rel-1.14.0-0-g155821a1990b-prebuilt.qemu.org)


iPXE (http://ipxe.org) 00:03.0 CA00 PCI2.10 PnP PMM+7FF8F030+7FEEF030 CA00
Press Ctrl-B to configure iPXE (PCI 00:03.0)...                                                                               


Booting from ROM..c[?7l[2J[    0.000000] Linux version 6.1.0-rc6-a41dad905e5a+ (root@p-mtlp02) (gcc (GCC) 8.5.0 20210514 (Red Hat 8.5.0-17), GNU ld version 2.36.1-2.el8) #1 SMP PREEMPT_DYNAMIC Thu Dec 29 01:46:11 CST 2022
[    0.000000] Command line: console=ttyS0 root=/dev/sda earlyprintk=serial net.ifnames=0
[    0.000000] KERNEL supported cpus:
[    0.000000]   Intel GenuineIntel
[    0.000000]   AMD AuthenticAMD
[    0.000000]   Hygon HygonGenuine
[    0.000000]   Centaur CentaurHauls
[    0.000000]   zhaoxin   Shanghai  
[    0.000000] x86/split lock detection: #DB: warning on user-space bus_locks
[    0.000000] x86/fpu: Supporting XSAVE feature 0x001: 'x87 floating point registers'
[    0.000000] x86/fpu: Supporting XSAVE feature 0x002: 'SSE registers'
[    0.000000] x86/fpu: Supporting XSAVE feature 0x004: 'AVX registers'
[    0.000000] x86/fpu: Supporting XSAVE feature 0x200: 'Protection Keys User registers'
[    0.000000] x86/fpu: xstate_offset[2]:  576, xstate_sizes[2]:  256
[    0.000000] x86/fpu: xstate_offset[9]:  832, xstate_sizes[9]:    8
[    0.000000] x86/fpu: Enabled xstate features 0x207, context size is 840 bytes, using 'compacted' format.
[    0.000000] signal: max sigframe size: 3632
[    0.000000] BIOS-provided physical RAM map:
[    0.000000] BIOS-e820: [mem 0x0000000000000000-0x000000000009fbff] usable
[    0.000000] BIOS-e820: [mem 0x000000000009fc00-0x000000000009ffff] reserved
[    0.000000] BIOS-e820: [mem 0x00000000000f0000-0x00000000000fffff] reserved
[    0.000000] BIOS-e820: [mem 0x0000000000100000-0x000000007ffdffff] usable
[    0.000000] BIOS-e820: [mem 0x000000007ffe0000-0x000000007fffffff] reserved
[    0.000000] BIOS-e820: [mem 0x00000000feffc000-0x00000000feffffff] reserved
[    0.000000] BIOS-e820: [mem 0x00000000fffc0000-0x00000000ffffffff] reserved
[    0.000000] printk: bootconsole [earlyser0] enabled
[    0.000000] NX (Execute Disable) protection: active
[    0.000000] SMBIOS 2.8 present.
[    0.000000] DMI: QEMU Standard PC (i440FX + PIIX, 1996), BIOS rel-1.14.0-0-g155821a1990b-prebuilt.qemu.org 04/01/2014
[    0.000000] Hypervisor detected: KVM
[    0.000000] kvm-clock: Using msrs 4b564d01 and 4b564d00
[    0.000003] kvm-clock: using sched offset of 388866229 cycles
[    0.000457] clocksource: kvm-clock: mask: 0xffffffffffffffff max_cycles: 0x1cd42e4dffb, max_idle_ns: 881590591483 ns
[    0.001856] tsc: Detected 2188.800 MHz processor
[    0.008122] last_pfn = 0x7ffe0 max_arch_pfn = 0x400000000
[    0.008645] x86/PAT: Configuration [0-7]: WB  WC  UC- UC  WB  WP  UC- WT  
[    0.018101] found SMP MP-table at [mem 0x000f5a90-0x000f5a9f]
[    0.018701] Using GB pages for direct mapping
[    0.020361] ACPI: Early table checksum verification disabled
[    0.020875] ACPI: RSDP 0x00000000000F5870 000014 (v00 BOCHS )
[    0.021386] ACPI: RSDT 0x000000007FFE1959 000034 (v01 BOCHS  BXPC     00000001 BXPC 00000001)
[    0.022149] ACPI: FACP 0x000000007FFE1805 000074 (v01 BOCHS  BXPC     00000001 BXPC 00000001)
[    0.022895] ACPI: DSDT 0x000000007FFE0040 0017C5 (v01 BOCHS  BXPC     00000001 BXPC 00000001)
[    0.023637] ACPI: FACS 0x000000007FFE0000 000040
[    0.024046] ACPI: APIC 0x000000007FFE1879 000080 (v01 BOCHS  BXPC     00000001 BXPC 00000001)
[    0.024789] ACPI: HPET 0x000000007FFE18F9 000038 (v01 BOCHS  BXPC     00000001 BXPC 00000001)
[    0.025533] ACPI: WAET 0x000000007FFE1931 000028 (v01 BOCHS  BXPC     00000001 BXPC 00000001)
[    0.026286] ACPI: Reserving FACP table memory at [mem 0x7ffe1805-0x7ffe1878]
[    0.026889] ACPI: Reserving DSDT table memory at [mem 0x7ffe0040-0x7ffe1804]
[    0.027490] ACPI: Reserving FACS table memory at [mem 0x7ffe0000-0x7ffe003f]
[    0.028091] ACPI: Reserving APIC table memory at [mem 0x7ffe1879-0x7ffe18f8]
[    0.028690] ACPI: Reserving HPET table memory at [mem 0x7ffe18f9-0x7ffe1930]
[    0.029292] ACPI: Reserving WAET table memory at [mem 0x7ffe1931-0x7ffe1958]
[    0.030769] No NUMA configuration found
[    0.031098] Faking a node at [mem 0x0000000000000000-0x000000007ffdffff]
[    0.031734] NODE_DATA(0) allocated [mem 0x7ffb5000-0x7ffdffff]
[    0.035078] Zone ranges:
[    0.035297]   DMA      [mem 0x0000000000001000-0x0000000000ffffff]
[    0.035825]   DMA32    [mem 0x0000000001000000-0x000000007ffdffff]
[    0.036350]   Normal   empty
[    0.036596]   Device   empty
[    0.036844] Movable zone start for each node
[    0.037204] Early memory node ranges
[    0.037504]   node   0: [mem 0x0000000000001000-0x000000000009efff]
[    0.038043]   node   0: [mem 0x0000000000100000-0x000000007ffdffff]
[    0.038574] Initmem setup node 0 [mem 0x0000000000001000-0x000000007ffdffff]
[    0.039669] On node 0, zone DMA: 1 pages in unavailable ranges
[    0.039810] On node 0, zone DMA: 97 pages in unavailable ranges
[    0.062054] On node 0, zone DMA32: 32 pages in unavailable ranges
[    0.062810] ACPI: PM-Timer IO Port: 0x608
[    0.063693] ACPI: LAPIC_NMI (acpi_id[0xff] dfl dfl lint[0x1])
[    0.064261] IOAPIC[0]: apic_id 0, version 17, address 0xfec00000, GSI 0-23
[    0.064873] ACPI: INT_SRC_OVR (bus 0 bus_irq 0 global_irq 2 dfl dfl)
[    0.065421] ACPI: INT_SRC_OVR (bus 0 bus_irq 5 global_irq 5 high level)
[    0.065995] ACPI: INT_SRC_OVR (bus 0 bus_irq 9 global_irq 9 high level)
[    0.066563] ACPI: INT_SRC_OVR (bus 0 bus_irq 10 global_irq 10 high level)
[    0.067144] ACPI: INT_SRC_OVR (bus 0 bus_irq 11 global_irq 11 high level)
[    0.067741] ACPI: Using ACPI (MADT) for SMP configuration information
[    0.068291] ACPI: HPET id: 0x8086a201 base: 0xfed00000
[    0.068751] TSC deadline timer available
[    0.069093] smpboot: Allowing 2 CPUs, 0 hotplug CPUs
[    0.069603] kvm-guest: KVM setup pv remote TLB flush
[    0.070034] kvm-guest: setup PV sched yield
[    0.070464] PM: hibernation: Registered nosave memory: [mem 0x00000000-0x00000fff]
[    0.071113] PM: hibernation: Registered nosave memory: [mem 0x0009f000-0x0009ffff]
[    0.071759] PM: hibernation: Registered nosave memory: [mem 0x000a0000-0x000effff]
[    0.072403] PM: hibernation: Registered nosave memory: [mem 0x000f0000-0x000fffff]
[    0.073056] [mem 0x80000000-0xfeffbfff] available for PCI devices
[    0.073580] Booting paravirtualized kernel on KVM
[    0.074014] clocksource: refined-jiffies: mask: 0xffffffff max_cycles: 0xffffffff, max_idle_ns: 7645519600211568 ns
[    0.074926] setup_percpu: NR_CPUS:8192 nr_cpumask_bits:2 nr_cpu_ids:2 nr_node_ids:1
[    0.077139] percpu: Embedded 64 pages/cpu s225280 r8192 d28672 u1048576
[    0.077925] kvm-guest: PV spinlocks enabled
[    0.078295] PV qspinlock hash table entries: 256 (order: 0, 4096 bytes, linear)
[    0.078953] Fallback order for Node 0: 0 
[    0.079321] Built 1 zonelists, mobility grouping on.  Total pages: 515808
[    0.079906] Policy zone: DMA32
[    0.080172] Kernel command line: net.ifnames=0 console=ttyS0 root=/dev/sda earlyprintk=serial net.ifnames=0
[    0.082900] Dentry cache hash table entries: 262144 (order: 9, 2097152 bytes, linear)
[    0.083656] Inode-cache hash table entries: 131072 (order: 8, 1048576 bytes, linear)
[    0.084429] mem auto-init: stack:off, heap alloc:off, heap free:off
[    0.088572] Memory: 1985384K/2096632K available (32784K kernel code, 4692K rwdata, 7820K rodata, 3672K init, 22124K bss, 110992K reserved, 0K cma-reserved)
[    0.090806] SLUB: HWalign=64, Order=0-3, MinObjects=0, CPUs=2, Nodes=1
[    0.091341] kmemleak: Kernel memory leak detector disabled
[    0.091824] ftrace: allocating 67267 entries in 263 pages
[    0.116479] ftrace: allocated 263 pages with 4 groups
[    0.120372] Dynamic Preempt: voluntary
[    0.120861] Running RCU self tests
[    0.121147] rcu: Preemptible hierarchical RCU implementation.
[    0.121609] rcu: 	RCU lockdep checking is enabled.
[    0.122005] rcu: 	RCU restricting CPUs from NR_CPUS=8192 to nr_cpu_ids=2.
[    0.122547] 	Trampoline variant of Tasks RCU enabled.
[    0.122952] 	Rude variant of Tasks RCU enabled.
[    0.123315] 	Tracing variant of Tasks RCU enabled.
[    0.123698] rcu: RCU calculated value of scheduler-enlistment delay is 25 jiffies.
[    0.124305] rcu: Adjusting geometry for rcu_fanout_leaf=16, nr_cpu_ids=2
[    0.149970] NR_IRQS: 524544, nr_irqs: 440, preallocated irqs: 16
[    0.150839] rcu: srcu_init: Setting srcu_struct sizes based on contention.
[    0.157655] Console: colour VGA+ 80x25
[    0.158049] printk: console [ttyS0] enabled
[    0.158049] printk: console [ttyS0] enabled
[    0.158736] printk: bootconsole [earlyser0] disabled
[    0.158736] printk: bootconsole [earlyser0] disabled
[    0.159544] Lock dependency validator: Copyright (c) 2006 Red Hat, Inc., Ingo Molnar
[    0.160181] ... MAX_LOCKDEP_SUBCLASSES:  8
[    0.160524] ... MAX_LOCK_DEPTH:          48
[    0.160874] ... MAX_LOCKDEP_KEYS:        8192
[    0.161238] ... CLASSHASH_SIZE:          4096
[    0.161601] ... MAX_LOCKDEP_ENTRIES:     32768
[    0.161981] ... MAX_LOCKDEP_CHAINS:      65536
[    0.162375] ... CHAINHASH_SIZE:          32768
[    0.162746]  memory used by lock dependency info: 6365 kB
[    0.163192]  memory used for stack traces: 4224 kB
[    0.163590]  per task-struct memory footprint: 1920 bytes
[    0.164081] ACPI: Core revision 20220331
[    0.164649] clocksource: hpet: mask: 0xffffffff max_cycles: 0xffffffff, max_idle_ns: 19112604467 ns
[    0.165534] APIC: Switch to symmetric I/O mode setup
[    0.166140] x2apic enabled
[    0.166534] Switched APIC routing to physical x2apic.
[    0.166959] kvm-guest: setup PV IPIs
[    0.168103] ..TIMER: vector=0x30 apic1=0 pin1=2 apic2=-1 pin2=-1
[    0.168627] clocksource: tsc-early: mask: 0xffffffffffffffff max_cycles: 0x1f8cde9f8f9, max_idle_ns: 440795224246 ns
[    0.169512] Calibrating delay loop (skipped) preset value.. 4377.60 BogoMIPS (lpj=8755200)
[    0.173513] pid_max: default: 32768 minimum: 301
[    0.174046] LSM: Security Framework initializing
[    0.174439] Yama: becoming mindful.
[    0.174963] Mount-cache hash table entries: 4096 (order: 3, 32768 bytes, linear)
[    0.175598] Mountpoint-cache hash table entries: 4096 (order: 3, 32768 bytes, linear)
[    0.178170] CPU0: Thermal monitoring enabled (TM1)
[    0.178721] x86/cpu: User Mode Instruction Prevention (UMIP) activated
[    0.180436] Last level iTLB entries: 4KB 0, 2MB 0, 4MB 0
[    0.180917] Last level dTLB entries: 4KB 0, 2MB 0, 4MB 0, 1GB 0
[    0.181457] Spectre V1 : Mitigation: usercopy/swapgs barriers and __user pointer sanitization
[    0.181528] Spectre V2 : WARNING: Unprivileged eBPF is enabled with eIBRS on, data leaks possible via Spectre v2 BHB attacks!
[    0.182455] Spectre V2 : Mitigation: Enhanced IBRS
[    0.182843] Spectre V2 : Spectre v2 / SpectreRSB mitigation: Filling RSB on context switch
[    0.183499] Spectre V2 : Spectre v2 / PBRSB-eIBRS: Retire a single CALL on VMEXIT
[    0.184102] Spectre V2 : mitigation: Enabling conditional Indirect Branch Prediction Barrier
[    0.185497] Speculative Store Bypass: Mitigation: Speculative Store Bypass disabled via prctl
[    0.186199] MMIO Stale Data: Unknown: No mitigations
[    0.286553] Freeing SMP alternatives memory: 56K
[    0.287397] smpboot: CPU0: Genuine Intel(R) 0000 (family: 0x6, model: 0xaa, stepping: 0x2)
[    0.288572] cblist_init_generic: Setting adjustable number of callback queues.
[    0.289175] cblist_init_generic: Setting shift to 1 and lim to 1.
[    0.289494] cblist_init_generic: Setting shift to 1 and lim to 1.
[    0.289494] cblist_init_generic: Setting shift to 1 and lim to 1.
[    0.289494] Running RCU-tasks wait API self tests
[    0.393676] Performance Events: generic architected perfmon, full-width counters, Intel PMU driver.
[    0.394532] ... version:                2
[    0.394864] ... bit width:              48
[    0.395201] ... generic registers:      8
[    0.395529] ... value mask:             0000ffffffffffff
[    0.395959] ... max period:             00007fffffffffff
[    0.396403] ... fixed-purpose events:   3
[    0.396739] ... event mask:             00000007000000ff
[    0.397651] rcu: Hierarchical SRCU implementation.
[    0.398047] rcu: 	Max phase no-delay instances is 1000.
[    0.401302] smp: Bringing up secondary CPUs ...
[    0.402673] x86: Booting SMP configuration:
[    0.403076] .... node  #0, CPUs:      #1
[    0.018092] smpboot: CPU 1 Converting physical 0 to logical die 1
[    0.405751] smp: Brought up 1 node, 2 CPUs
[    0.406115] smpboot: Max logical packages: 2
[    0.406467] smpboot: Total of 2 processors activated (8755.20 BogoMIPS)
[    0.411172] devtmpfs: initialized
[    0.411172] x86/mm: Memory block size: 128MB
[    0.413517] Callback from call_rcu_tasks_trace() invoked.
[    0.415454] clocksource: jiffies: mask: 0xffffffff max_cycles: 0xffffffff, max_idle_ns: 7645041785100000 ns
[    0.415454] futex hash table entries: 512 (order: 4, 65536 bytes, linear)
[    0.417646] pinctrl core: initialized pinctrl subsystem
[    0.418609] 
[    0.418743] *************************************************************
[    0.419293] **     NOTICE NOTICE NOTICE NOTICE NOTICE NOTICE NOTICE    **
[    0.419842] **                                                         **
[    0.420391] **  IOMMU DebugFS SUPPORT HAS BEEN ENABLED IN THIS KERNEL  **
[    0.420943] **                                                         **
[    0.421504] ** This means that this kernel is built to expose internal **
[    0.422069] ** IOMMU data structures, which may compromise security on **
[    0.422618] ** your system.                                            **
[    0.423174] **                                                         **
[    0.423733] ** If you see this message and you are not debugging the   **
[    0.424283] ** kernel, report this immediately to your vendor!         **
[    0.424831] **                                                         **
[    0.425396] **     NOTICE NOTICE NOTICE NOTICE NOTICE NOTICE NOTICE    **
[    0.425498] *************************************************************
[    0.426094] PM: RTC time: 13:40:19, date: 2023-02-20
[    0.430413] NET: Registered PF_NETLINK/PF_ROUTE protocol family
[    0.431469] DMA: preallocated 256 KiB GFP_KERNEL pool for atomic allocations
[    0.432058] DMA: preallocated 256 KiB GFP_KERNEL|GFP_DMA pool for atomic allocations
[    0.432701] DMA: preallocated 256 KiB GFP_KERNEL|GFP_DMA32 pool for atomic allocations
[    0.433425] audit: initializing netlink subsys (disabled)
[    0.433598] audit: type=2000 audit(1676900419.995:1): state=initialized audit_enabled=0 res=1
[    0.434232] thermal_sys: Registered thermal governor 'fair_share'
[    0.434240] thermal_sys: Registered thermal governor 'bang_bang'
[    0.434739] thermal_sys: Registered thermal governor 'step_wise'
[    0.435226] thermal_sys: Registered thermal governor 'user_space'
[    0.435752] cpuidle: using governor ladder
[    0.436627] cpuidle: using governor menu
[    0.437598] acpiphp: ACPI Hot Plug PCI Controller Driver version: 0.5
[    0.438469] PCI: Using configuration type 1 for base access
[    0.452228] kprobes: kprobe jump-optimization is enabled. All kprobes are optimized if possible.
[    0.661639] HugeTLB: registered 1.00 GiB page size, pre-allocated 0 pages
[    0.662233] HugeTLB: 16380 KiB vmemmap can be freed for a 1.00 GiB page
[    0.662792] HugeTLB: registered 2.00 MiB page size, pre-allocated 0 pages
[    0.663358] HugeTLB: 28 KiB vmemmap can be freed for a 2.00 MiB page
[    0.665507] ACPI: Added _OSI(Module Device)
[    0.665804] ACPI: Added _OSI(Processor Device)
[    0.666127] ACPI: Added _OSI(3.0 _SCP Extensions)
[    0.666467] ACPI: Added _OSI(Processor Aggregator Device)
[    0.673702] ACPI: 1 ACPI AML tables successfully acquired and loaded
[    0.677187] ACPI: Interpreter enabled
[    0.677538] ACPI: PM: (supports S0 S3 S4 S5)
[    0.677831] ACPI: Using IOAPIC for interrupt routing
[    0.678233] PCI: Using host bridge windows from ACPI; if necessary, use "pci=nocrs" and report a bug
[    0.678877] PCI: Using E820 reservations for host bridge windows
[    0.679929] ACPI: Enabled 2 GPEs in block 00 to 0F
[    0.695156] ACPI: PCI Root Bridge [PCI0] (domain 0000 [bus 00-ff])
[    0.695632] acpi PNP0A03:00: _OSC: OS supports [ASPM ClockPM Segments MSI EDR HPX-Type3]
[    0.696231] acpi PNP0A03:00: _OSC: not requesting OS control; OS requires [ExtendedConfig ASPM ClockPM MSI]
[    0.696976] acpi PNP0A03:00: fail to add MMCONFIG information, can't access extended PCI configuration space under this bridge.
[    0.699750] acpiphp: Slot [3] registered
[    0.700099] acpiphp: Slot [4] registered
[    0.700444] acpiphp: Slot [5] registered
[    0.700789] acpiphp: Slot [6] registered
[    0.701139] acpiphp: Slot [7] registered
[    0.701483] acpiphp: Slot [8] registered
[    0.701559] acpiphp: Slot [9] registered
[    0.701905] acpiphp: Slot [10] registered
[    0.702262] acpiphp: Slot [11] registered
[    0.702615] acpiphp: Slot [12] registered
[    0.702966] acpiphp: Slot [13] registered
[    0.703319] acpiphp: Slot [14] registered
[    0.703672] acpiphp: Slot [15] registered
[    0.704039] acpiphp: Slot [16] registered
[    0.704397] acpiphp: Slot [17] registered
[    0.704748] acpiphp: Slot [18] registered
[    0.705100] acpiphp: Slot [19] registered
[    0.705452] acpiphp: Slot [20] registered
[    0.705565] acpiphp: Slot [21] registered
[    0.705915] acpiphp: Slot [22] registered
[    0.706264] acpiphp: Slot [23] registered
[    0.706617] acpiphp: Slot [24] registered
[    0.707007] acpiphp: Slot [25] registered
[    0.707364] acpiphp: Slot [26] registered
[    0.707715] acpiphp: Slot [27] registered
[    0.708066] acpiphp: Slot [28] registered
[    0.708417] acpiphp: Slot [29] registered
[    0.708768] acpiphp: Slot [30] registered
[    0.709124] acpiphp: Slot [31] registered
[    0.709433] PCI host bridge to bus 0000:00
[    0.709500] pci_bus 0000:00: root bus resource [io  0x0000-0x0cf7 window]
[    0.709989] pci_bus 0000:00: root bus resource [io  0x0d00-0xffff window]
[    0.710478] pci_bus 0000:00: root bus resource [mem 0x000a0000-0x000bffff window]
[    0.711015] pci_bus 0000:00: root bus resource [mem 0x80000000-0xfebfffff window]
[    0.711554] pci_bus 0000:00: root bus resource [mem 0x100000000-0x17fffffff window]
[    0.712107] pci_bus 0000:00: root bus resource [bus 00-ff]
[    0.712594] pci 0000:00:00.0: [8086:1237] type 00 class 0x060000
[    0.715686] pci 0000:00:01.0: [8086:7000] type 00 class 0x060100
[    0.716723] pci 0000:00:01.1: [8086:7010] type 00 class 0x010180
[    0.718303] pci 0000:00:01.1: reg 0x20: [io  0xc040-0xc04f]
[    0.719227] pci 0000:00:01.1: legacy IDE quirk: reg 0x10: [io  0x01f0-0x01f7]
[    0.719738] pci 0000:00:01.1: legacy IDE quirk: reg 0x14: [io  0x03f6]
[    0.720210] pci 0000:00:01.1: legacy IDE quirk: reg 0x18: [io  0x0170-0x0177]
[    0.720727] pci 0000:00:01.1: legacy IDE quirk: reg 0x1c: [io  0x0376]
[    0.721439] pci 0000:00:01.3: [8086:7113] type 00 class 0x068000
[    0.721770] pci 0000:00:01.3: quirk: [io  0x0600-0x063f] claimed by PIIX4 ACPI
[    0.722296] pci 0000:00:01.3: quirk: [io  0x0700-0x070f] claimed by PIIX4 SMB
[    0.723072] pci 0000:00:02.0: [1234:1111] type 00 class 0x030000
[    0.726561] pci 0000:00:02.0: reg 0x10: [mem 0xfd000000-0xfdffffff pref]
[    0.729749] pci 0000:00:02.0: reg 0x18: [mem 0xfebf0000-0xfebf0fff]
[    0.735893] pci 0000:00:02.0: reg 0x30: [mem 0xfebe0000-0xfebeffff pref]
[    0.736557] pci 0000:00:02.0: Video device with shadowed ROM at [mem 0x000c0000-0x000dffff]
[    0.739855] pci 0000:00:03.0: [8086:100e] type 00 class 0x020000
[    0.741501] pci 0000:00:03.0: reg 0x10: [mem 0xfebc0000-0xfebdffff]
[    0.742384] pci 0000:00:03.0: reg 0x14: [io  0xc000-0xc03f]
[    0.744622] pci 0000:00:03.0: reg 0x30: [mem 0xfeb80000-0xfebbffff pref]
[    0.755838] ACPI: PCI: Interrupt link LNKA configured for IRQ 10
[    0.756598] ACPI: PCI: Interrupt link LNKB configured for IRQ 10
[    0.757351] ACPI: PCI: Interrupt link LNKC configured for IRQ 11
[    0.757892] ACPI: PCI: Interrupt link LNKD configured for IRQ 11
[    0.758488] ACPI: PCI: Interrupt link LNKS configured for IRQ 9
[    0.760137] iommu: Default domain type: Translated 
[    0.760495] iommu: DMA domain TLB invalidation policy: lazy mode 
[    0.762033] SCSI subsystem initialized
[    0.762590] ACPI: bus type USB registered
[    0.762955] usbcore: registered new interface driver usbfs
[    0.763384] usbcore: registered new interface driver hub
[    0.763790] usbcore: registered new device driver usb
[    0.764301] pps_core: LinuxPPS API ver. 1 registered
[    0.764664] pps_core: Software ver. 5.3.6 - Copyright 2005-2007 Rodolfo Giometti <giometti@linux.it>
[    0.765324] PTP clock support registered
[    0.765704] EDAC MC: Ver: 3.0.0
[    0.767793] NetLabel: Initializing
[    0.768052] NetLabel:  domain hash size = 128
[    0.768367] NetLabel:  protocols = UNLABELED CIPSOv4 CALIPSO
[    0.768835] NetLabel:  unlabeled traffic allowed by default
[    0.801773] PCI: Using ACPI for IRQ routing
[    0.802306] pci 0000:00:02.0: vgaarb: setting as boot VGA device
[    0.802760] pci 0000:00:02.0: vgaarb: bridge control possible
[    0.803182] pci 0000:00:02.0: vgaarb: VGA device added: decodes=io+mem,owns=io+mem,locks=none
[    0.803801] vgaarb: loaded
[    0.804493] hpet0: at MMIO 0xfed00000, IRQs 2, 8, 0
[    0.804871] hpet0: 3 comparators, 64-bit 100.000000 MHz counter
[    3.304136] clocksource: Switched to clocksource kvm-clock
[    3.350029] Callback from call_rcu_tasks_rude() invoked.
[    3.413794] Callback from call_rcu_tasks() invoked.
[    3.476767] VFS: Disk quotas dquot_6.6.0
[    3.477117] VFS: Dquot-cache hash table entries: 512 (order 0, 4096 bytes)
[    3.477891] pnp: PnP ACPI init
[    3.479840] pnp: PnP ACPI: found 6 devices
[    3.490448] clocksource: acpi_pm: mask: 0xffffff max_cycles: 0xffffff, max_idle_ns: 2085701024 ns
[    3.491394] NET: Registered PF_INET protocol family
[    3.491985] IP idents hash table entries: 32768 (order: 6, 262144 bytes, linear)
[    3.493505] tcp_listen_portaddr_hash hash table entries: 1024 (order: 4, 73728 bytes, linear)
[    3.494172] Table-perturb hash table entries: 65536 (order: 6, 262144 bytes, linear)
[    3.494770] TCP established hash table entries: 16384 (order: 5, 131072 bytes, linear)
[    3.495571] TCP bind hash table entries: 16384 (order: 9, 2359296 bytes, linear)
[    3.499166] TCP: Hash tables configured (established 16384 bind 16384)
[    3.499809] UDP hash table entries: 1024 (order: 5, 163840 bytes, linear)
[    3.500407] UDP-Lite hash table entries: 1024 (order: 5, 163840 bytes, linear)
[    3.501073] NET: Registered PF_UNIX/PF_LOCAL protocol family
[    3.502671] RPC: Registered named UNIX socket transport module.
[    3.503150] RPC: Registered udp transport module.
[    3.503485] RPC: Registered tcp transport module.
[    3.503825] RPC: Registered tcp NFSv4.1 backchannel transport module.
[    3.504301] pci_bus 0000:00: resource 4 [io  0x0000-0x0cf7 window]
[    3.504732] pci_bus 0000:00: resource 5 [io  0x0d00-0xffff window]
[    3.505164] pci_bus 0000:00: resource 6 [mem 0x000a0000-0x000bffff window]
[    3.505655] pci_bus 0000:00: resource 7 [mem 0x80000000-0xfebfffff window]
[    3.506147] pci_bus 0000:00: resource 8 [mem 0x100000000-0x17fffffff window]
[    3.506849] pci 0000:00:01.0: PIIX3: Enabling Passive Release
[    3.507262] pci 0000:00:00.0: Limiting direct PCI/PCI transfers
[    3.507802] PCI: CLS 0 bytes, default 64
[    3.508150] ACPI: bus type thunderbolt registered
[    3.508802] clocksource: tsc: mask: 0xffffffffffffffff max_cycles: 0x1f8cde9f8f9, max_idle_ns: 440795224246 ns
[    3.517145] Initialise system trusted keyrings
[    3.517548] Key type blacklist registered
[    3.518355] workingset: timestamp_bits=36 max_order=19 bucket_order=0
[    3.527743] zbud: loaded
[    3.529785] squashfs: version 4.0 (2009/01/31) Phillip Lougher
[    3.532011] NFS: Registering the id_resolver key type
[    3.532367] Key type id_resolver registered
[    3.532664] Key type id_legacy registered
[    3.533049] nfs4filelayout_init: NFSv4 File Layout Driver Registering...
[    3.533553] nfs4flexfilelayout_init: NFSv4 Flexfile Layout Driver Registering...
[    3.534181] fuse: init (API version 7.37)
[    3.534727] SGI XFS with ACLs, security attributes, realtime, quota, no debug enabled
[    3.538757] 9p: Installing v9fs 9p2000 file system support
[    3.545346] Key type asymmetric registered
[    3.545638] Asymmetric key parser 'x509' registered
[    3.548614] alg: self-tests for CTR-KDF (hmac(sha256)) passed
[    3.549047] Block layer SCSI generic (bsg) driver version 0.4 loaded (major 243)
[    3.549960] io scheduler mq-deadline registered
[    3.550399] io scheduler bfq registered
[    3.552105] shpchp: Standard Hot Plug PCI Controller Driver version: 0.4
[    3.552961] IPMI message handler: version 39.2
[    3.553336] ipmi device interface
[    3.555167] input: Power Button as /devices/LNXSYSTM:00/LNXPWRBN:00/input/input0
[    3.555874] ACPI: button: Power Button [PWRF]
[    3.557088] ERST DBG: ERST support is disabled.
[    3.558212] Serial: 8250/16550 driver, 32 ports, IRQ sharing enabled
[    3.559270] 00:04: ttyS0 at I/O 0x3f8 (irq = 4, base_baud = 115200) is a 16550A
[    3.567267] Linux agpgart interface v0.103
[    3.568341] ACPI: bus type drm_connector registered
[    3.580454] brd: module loaded
[    3.586554] loop: module loaded
[    3.591475] scsi host0: ata_piix
[    3.592272] scsi host1: ata_piix
[    3.592632] ata1: PATA max MWDMA2 cmd 0x1f0 ctl 0x3f6 bmdma 0xc040 irq 14
[    3.593093] ata2: PATA max MWDMA2 cmd 0x170 ctl 0x376 bmdma 0xc048 irq 15
[    3.594527] tun: Universal TUN/TAP device driver, 1.6
[    3.594993] e100: Intel(R) PRO/100 Network Driver
[    3.595321] e100: Copyright(c) 1999-2006 Intel Corporation
[    3.595734] e1000: Intel(R) PRO/1000 Network Driver
[    3.596084] e1000: Copyright (c) 1999-2006 Intel Corporation.
[    3.746095] ACPI: \_SB_.LNKC: Enabled at IRQ 11
[    3.753790] ata2: found unknown device (class 0)
[    3.754431] ata1: found unknown device (class 0)
[    3.755326] ata2.00: ATAPI: QEMU DVD-ROM, 2.5+, max UDMA/100
[    3.755924] ata1.00: ATA-7: QEMU HARDDISK, 2.5+, max UDMA/100
[    3.756336] ata1.00: 16777216 sectors, multi 16: LBA48 
[    3.757737] scsi 0:0:0:0: Direct-Access     ATA      QEMU HARDDISK    2.5+ PQ: 0 ANSI: 5
[    3.759037] sd 0:0:0:0: Attached scsi generic sg0 type 0
[    3.759398] sd 0:0:0:0: [sda] 16777216 512-byte logical blocks: (8.59 GB/8.00 GiB)
[    3.759976] scsi 1:0:0:0: CD-ROM            QEMU     QEMU DVD-ROM     2.5+ PQ: 0 ANSI: 5
[    3.760317] sd 0:0:0:0: [sda] Write Protect is off
[    3.761361] sd 0:0:0:0: [sda] Write cache: enabled, read cache: enabled, doesn't support DPO or FUA
[    3.762105] sd 0:0:0:0: [sda] Preferred minimum I/O size 512 bytes
[    3.780736] sd 0:0:0:0: [sda] Attached SCSI disk
[    3.786443] scsi 1:0:0:0: Attached scsi generic sg1 type 5
[    4.073042] e1000 0000:00:03.0 eth0: (PCI:33MHz:32-bit) 52:54:00:12:34:56
[    4.073560] e1000 0000:00:03.0 eth0: Intel(R) PRO/1000 Network Connection
[    4.074146] e1000e: Intel(R) PRO/1000 Network Driver
[    4.074490] e1000e: Copyright(c) 1999 - 2015 Intel Corporation.
[    4.074965] igb: Intel(R) Gigabit Ethernet Network Driver
[    4.075336] igb: Copyright (c) 2007-2014 Intel Corporation.
[    4.075826] PPP generic driver version 2.4.2
[    4.077250] VFIO - User Level meta-driver version: 0.3
[    4.078442] usbcore: registered new interface driver uas
[    4.078862] usbcore: registered new interface driver usb-storage
[    4.079413] i8042: PNP: PS/2 Controller [PNP0303:KBD,PNP0f13:MOU] at 0x60,0x64 irq 1,12
[    4.080619] serio: i8042 KBD port at 0x60,0x64 irq 1
[    4.081001] serio: i8042 AUX port at 0x60,0x64 irq 12
[    4.082325] mousedev: PS/2 mouse device common for all mice
[    4.084689] rtc_cmos 00:05: RTC can wake from S4
[    4.085489] input: AT Translated Set 2 keyboard as /devices/platform/i8042/serio0/input/input1
[    4.087087] input: VirtualPS/2 VMware VMMouse as /devices/platform/i8042/serio1/input/input4
[    4.088355] rtc_cmos 00:05: registered as rtc0
[    4.088738] rtc_cmos 00:05: setting system clock to 2023-02-20T13:40:23 UTC (1676900423)
[    4.089452] rtc_cmos 00:05: alarms up to one day, y3k, 242 bytes nvram, hpet irqs
[    4.090046] i2c_dev: i2c /dev entries driver
[    4.090970] input: VirtualPS/2 VMware VMMouse as /devices/platform/i8042/serio1/input/input3
[    4.091614] device-mapper: core: CONFIG_IMA_DISABLE_HTABLE is disabled. Duplicate IMA measurements will not be recorded in the IMA log.
[    4.092623] device-mapper: uevent: version 1.0.3
[    4.093310] device-mapper: ioctl: 4.47.0-ioctl (2022-07-28) initialised: dm-devel@redhat.com
[    4.093953] intel_pstate: CPU model not supported
[    4.094363] sdhci: Secure Digital Host Controller Interface driver
[    4.094783] sdhci: Copyright(c) Pierre Ossman
[    4.095152] sdhci-pltfm: SDHCI platform and OF driver helper
[    4.095749] ledtrig-cpu: registered to indicate activity on CPUs
[    4.096479] drop_monitor: Initializing network drop monitor service
[    4.097357] NET: Registered PF_INET6 protocol family
[    4.099888] Segment Routing with IPv6
[    4.100193] In-situ OAM (IOAM) with IPv6
[    4.100521] NET: Registered PF_PACKET protocol family
[    4.101279] 9pnet: Installing 9P2000 support
[    4.101659] Key type dns_resolver registered
[    4.103397] IPI shorthand broadcast: enabled
[    4.103785] sched_clock: Marking stable (4089070573, 14092703)->(4141159547, -37996271)
[    4.105262] registered taskstats version 1
[    4.106057] Loading compiled-in X.509 certificates
[    4.107011] zswap: loaded using pool lzo/zbud
[    4.108046] Key type .fscrypt registered
[    4.108315] Key type fscrypt-provisioning registered
[    4.110974] Key type encrypted registered
[    4.111307] ima: No TPM chip found, activating TPM-bypass!
[    4.111699] ima: Allocated hash algorithm: sha1
[    4.112064] ima: No architecture policies found
[    4.112458] evm: Initialising EVM extended attributes:
[    4.112835] evm: security.selinux
[    4.113081] evm: security.SMACK64
[    4.113333] evm: security.SMACK64EXEC
[    4.113638] evm: security.SMACK64TRANSMUTE
[    4.113923] evm: security.SMACK64MMAP
[    4.114181] evm: security.apparmor
[    4.114422] evm: security.ima
[    4.114633] evm: security.capability
[    4.114881] evm: HMAC attrs: 0x1
[    4.119632] PM:   Magic number: 11:987:685
[    4.119941] PM:   hash matches drivers/base/power/main.c:657
[    4.120395]  clocksource: hash matches
[    4.121075] RAS: Correctable Errors collector initialized.
[    4.122028] md: Waiting for all devices to be available before autodetect
[    4.122363] md: If you don't use raid, use raid=noautodetect
[    4.122642] md: Autodetecting RAID arrays.
[    4.122848] md: autorun ...
[    4.122992] md: ... autorun DONE.
[    4.140128] EXT4-fs (sda): mounted filesystem with ordered data mode. Quota mode: none.
[    4.140576] VFS: Mounted root (ext4 filesystem) readonly on device 8:0.
[    4.143697] devtmpfs: mounted
[    4.150184] Freeing unused decrypted memory: 2036K
[    4.152806] Freeing unused kernel image (initmem) memory: 3672K
[    4.157606] Write protecting the kernel read-only data: 43008k
[    4.161466] Freeing unused kernel image (text/rodata gap) memory: 2028K
[    4.162572] Freeing unused kernel image (rodata/data gap) memory: 372K
[    4.246789] x86/mm: Checked W+X mappings: passed, no W+X pages found.
[    4.247075] Run /sbin/init as init process
[    4.419083] systemd[1]: RTC configured in localtime, applying delta of 0 minutes to system time.
[    4.462936] systemd[1]: systemd 239 (239-49.el8) running in system mode. (+PAM +AUDIT +SELINUX +IMA -APPARMOR +SMACK +SYSVINIT +UTMP +LIBCRYPTSETUP +GCRYPT +GNUTLS +ACL +XZ +LZ4 +SECCOMP +BLKID +ELFUTILS +KMOD +IDN2 -IDN +PCRE2 default-hierarchy=legacy)
[    4.464155] systemd[1]: Detected virtualization kvm.
[    4.464402] systemd[1]: Detected architecture x86-64.

Welcome to [0;31mCentOS Stream 8[0m!

[    4.522372] systemd[1]: Set hostname to <test>.
[    5.589556] random: crng init done
[    5.789372] systemd[1]: Listening on udev Kernel Socket.
[[0;32m  OK  [0m] Listening on udev Kernel Socket.
[    5.790995] systemd[1]: Set up automount Arbitrary Executable File Formats File System Automount Point.
[[0;32m  OK  [0m] Set up automount Arbitrary Executabâ€¦rmats File System Automount Point.
[    5.794752] systemd[1]: Created slice system-getty.slice.
[[0;32m  OK  [0m] Created slice system-getty.slice.
[    5.795915] systemd[1]: Listening on Journal Socket (/dev/log).
[[0;32m  OK  [0m] Listening on Journal Socket (/dev/log).
[    5.797093] systemd[1]: Started Forward Password Requests to Wall Directory Watch.
[[0;32m  OK  [0m] Started Forward Password Requests to Wall Directory Watch.
[    5.798671] systemd[1]: Created slice system-serial\x2dgetty.slice.
[[0;32m  OK  [0m] Created slice system-serial\x2dgetty.slice.
[[0;32m  OK  [0m] Reached target Swap.
[[0;32m  OK  [0m] Created slice system-sshd\x2dkeygen.slice.
[[0;32m  OK  [0m] Created slice User and Session Slice.
[[0;32m  OK  [0m] Listening on Journal Socket.
         Mounting Kernel Debug File System...
         Starting Remount Root and Kernel File Systems...
         Starting Setup Virtual Console...
         Starting Load Kernel Modules...
[[0;32m  OK  [0m] Listening on Device-mapper event daemon FIFOs.
         Starting Monitoring of LVM2 mirrorsâ€¦ng dmeventd or progress polling...
[[0;32m  OK  [0m] Listening on initctl Compatibility Named Pipe.
[[0;32m  OK  [0m] Listening on Process Core Dump Socket.
[[0;32m  OK  [0m] Listening on udev Control Socket.
[[0;32m  OK  [0m] Listening on multipathd control socket.
         Starting udev Coldplug all Devices...
         Starting Journal Service...
         Mounting POSIX Message Queue File System...
[[0;32m  OK  [0m] Reached target Slices.
[[0;32m  OK  [0m] Listening on LVM2 poll daemon socket.
[[0;32m  OK  [0m] Listening on RPCbind Server Activation Socket.
[[0;32m  OK  [0m] Reached target RPC Port Mapper.
         Mounting Huge Pages File System...
[[0;32m  OK  [0m] Mounted Kernel Debug File System.
[[0;1;31mFAILED[0m] Failed to start Load Kernel Modules.
See 'systemctl status systemd-modules-load.service' for details.
[[0;32m  OK  [0m] Started Monitoring of LVM2 mirrors,â€¦sing dmeventd or progress polling.
[    6.116765] EXT4-fs (sda): re-mounted. Quota mode: none.
[[0;32m  OK  [0m] Started Remount Root and Kernel File Systems.
[[0;32m  OK  [0m] Mounted POSIX Message Queue File System.
[[0;32m  OK  [0m] Mounted Huge Pages File System.
         Starting Create Static Device Nodes in /dev...
         Starting Load/Save Random Seed...
         Mounting Kernel Configuration File System...
         Mounting FUSE Control File System...
         Starting Apply Kernel Variables...
[[0;32m  OK  [0m] Started Journal Service.
[[0;32m  OK  [0m] Started Setup Virtual Console.
[[0;32m  OK  [0m] Started Create Static Device Nodes in /dev.
[[0;32m  OK  [0m] Started Load/Save Random Seed.
[[0;32m  OK  [0m] Mounted Kernel Configuration File System.
[[0;32m  OK  [0m] Mounted FUSE Control File System.
         Starting udev Kernel Device Manager...
         Starting Flush Journal to Persistent Storage...
[[0;32m  OK  [0m] Started Apply Kernel Variables.
[[0;32m  OK  [0m] Started udev Coldplug all Devices.
         Starting udev Wait for Complete Device Initialization...
[[0;32m  OK  [0m] Started Flush Journal to Persistent Storage.
[[0;32m  OK  [0m] Started udev Kernel Device Manager.
         Starting Show Plymouth Boot Screen...
[[0;32m  OK  [0m] Started Show Plymouth Boot Screen.
[[0;32m  OK  [0m] Started Forward Password Requests to Plymouth Directory Watch.
[[0;32m  OK  [0m] Reached target Paths.
[[0;32m  OK  [0m] Reached target Local Encrypted Volumes.
[[0;32m  OK  [0m] Found device /dev/ttyS0.
[[0;32m  OK  [0m] Started udev Wait for Complete Device Initialization.
[[0;32m  OK  [0m] Listening on Load/Save RF Kill Switch Status /dev/rfkill Watch.
[[0;32m  OK  [0m] Reached target Local File Systems (Pre).
[[0;32m  OK  [0m] Reached target Local File Systems.
         Starting Tell Plymouth To Write Out Runtime Data...
         Starting Restore /run/initramfs on shutdown...
         Starting Create Volatile Files and Directories...
[[0;32m  OK  [0m] Started Tell Plymouth To Write Out Runtime Data.
[[0;32m  OK  [0m] Started Restore /run/initramfs on shutdown.
[[0;32m  OK  [0m] Started Create Volatile Files and Directories.
         Starting Security Auditing Service...
         Starting RPC Bind...
         Mounting RPC Pipe File System...
[[0;32m  OK  [0m] Mounted RPC Pipe File System.
[[0;32m  OK  [0m] Reached target rpc_pipefs.target.
[[0;32m  OK  [0m] Started RPC Bind.
[[0;32m  OK  [0m] Started Security Auditing Service.
         Starting Update UTMP about System Boot/Shutdown...
[[0;32m  OK  [0m] Started Update UTMP about System Boot/Shutdown.
[[0;32m  OK  [0m] Reached target System Initialization.
[[0;32m  OK  [0m] Listening on D-Bus System Message Bus Socket.
[[0;32m  OK  [0m] Started Daily Cleanup of Temporary Directories.
[[0;32m  OK  [0m] Started dnf makecache --timer.
[[0;32m  OK  [0m] Listening on SSSD Kerberos Cache Manager responder socket.
[[0;32m  OK  [0m] Reached target Sockets.
[[0;32m  OK  [0m] Reached target Basic System.
         Starting NTP client/server...
         Starting Auto-connect to subsystemsâ€¦-NVME devices found during boot...
         Starting Self Monitoring and Reporting Technology (SMART) Daemon...
[[0;32m  OK  [0m] Reached target sshd-keygen.target.
         Starting Login Service...
[[0;32m  OK  [0m] Started D-Bus System Message Bus.
         Starting Network Manager...
[[0;32m  OK  [0m] Started Machine Check Exception Logging Daemon.
         Starting Authorization Manager...
[[0;32m  OK  [0m] Started irqbalance daemon.
[[0;32m  OK  [0m] Started daily update of the root trust anchor for DNSSEC.
[[0;32m  OK  [0m] Reached target Timers.
[[0;32m  OK  [0m] Started Auto-connect to subsystems â€¦FC-NVME devices found during boot.
[[0;32m  OK  [0m] Started Self Monitoring and Reporting Technology (SMART) Daemon.
         Starting update of the root trust aâ€¦or DNSSEC validation in unbound...
[[0;32m  OK  [0m] Started Login Service.
[[0;32m  OK  [0m] Started NTP client/server.
[[0;32m  OK  [0m] Started Network Manager.
         Starting Network Manager Wait Online...
[[0;32m  OK  [0m] Reached target Network.
         Starting Dynamic System Tuning Daemon...
         Starting GSSAPI Proxy Daemon...
         Starting OpenSSH server daemon...
[[0;32m  OK  [0m] Started update of the root trust anâ€¦ for DNSSEC validation in unbound.
         Starting Hostname Service...
[[0;32m  OK  [0m] Started Authorization Manager.
[[0;32m  OK  [0m] Started GSSAPI Proxy Daemon.
[[0;32m  OK  [0m] Reached target NFS client services.
[[0;32m  OK  [0m] Reached target Remote File Systems (Pre).
[[0;32m  OK  [0m] Reached target Remote File Systems.
         Starting Permit User Sessions...
[[0;32m  OK  [0m] Started OpenSSH server daemon.
[[0;32m  OK  [0m] Started Permit User Sessions.
         Starting Hold until boot process finishes up...
         Starting Terminate Plymouth Boot Screen...
[[0;32m  OK  [0m] Started Command Scheduler.
[    8.301674] e1000: eth0 NIC Link is Up 1000 Mbps Full Duplex, Flow Control: RX
[    8.304478] IPv6: ADDRCONF(NETDEV_CHANGE): eth0: link becomes ready
[    8.599846] Spectre V2 : WARNING: Unprivileged eBPF is enabled with eIBRS on, data leaks possible via Spectre v2 BHB attacks!
[    8.600405] Spectre V2 : WARNING: Unprivileged eBPF is enabled with eIBRS on, data leaks possible via Spectre v2 BHB attacks!

CentOS Stream 8
Kernel 6.1.0-rc6-a41dad905e5a+ on an x86_64

test login: [   28.796868] ------------[ cut here ]------------
[   28.797110] WARNING: CPU: 1 PID: 588 at lib/iov_iter.c:629 _copy_from_iter+0x130/0xa60
[   28.797487] Modules linked in:
[   28.797687] CPU: 1 PID: 588 Comm: repro Not tainted 6.1.0-rc6-a41dad905e5a+ #1
[   28.798035] Hardware name: QEMU Standard PC (i440FX + PIIX, 1996), BIOS rel-1.14.0-0-g155821a1990b-prebuilt.qemu.org 04/01/2014
[   28.798583] RIP: 0010:_copy_from_iter+0x130/0xa60
[   28.798930] Code: 41 5e 41 5f 5d c3 cc cc cc cc e8 0b 20 5f ff be 79 02 00 00 48 c7 c7 1b 03 73 83 e8 4a 5b 7f ff e9 3f ff ff ff e8 f0 1f 5f ff <0f> 0b 31 db eb ac e8 e5 1f 5f ff 31 ff 44 89 f6 e8 eb 20 5f ff 45
[   28.799866] RSP: 0018:ffffc9000108b9a8 EFLAGS: 00010246
[   28.800126] RAX: 0000000000000000 RBX: 00000000000000c3 RCX: ffffffff81ca6eb3
[   28.800456] RDX: 0000000000000000 RSI: ffff888011f7a380 RDI: 0000000000000002
[   28.800789] RBP: ffffc9000108ba38 R08: 0000000000000000 R09: 000000000000ffff
[   28.801123] R10: ffffc9000108bc28 R11: 0000000000000000 R12: ffffc9000108baf0
[   28.801455] R13: 0000000000000000 R14: ffffea00004d9a00 R15: 0000000000000000
[   28.801802] FS:  00007f9a09ccd740(0000) GS:ffff88807dd00000(0000) knlGS:0000000000000000
[   28.802174] CS:  0010 DS: 0000 ES: 0000 CR0: 0000000080050033
[   28.802443] CR2: 0000000020000041 CR3: 000000000ae30002 CR4: 0000000000770ee0
[   28.802775] DR0: 0000000000000000 DR1: 0000000000000000 DR2: 0000000000000000
[   28.803107] DR3: 0000000000000000 DR6: 00000000ffff07f0 DR7: 0000000000000400
[   28.803440] PKRU: 55555554
[   28.803578] Call Trace:
[   28.803702]  <TASK>
[   28.803821]  ? __sanitizer_cov_trace_pc+0x25/0x60
[   28.804067]  ? bio_add_hw_page+0x234/0x2e0
[   28.804280]  ? write_comp_data+0x2f/0x90
[   28.804486]  copy_page_from_iter+0x1aa/0x370
[   28.804711]  ? write_comp_data+0x2f/0x90
[   28.804918]  blk_rq_map_user_iov+0x531/0xa70
[   28.805151]  blk_rq_map_user+0x86/0xc0
[   28.805350]  blk_rq_map_user_io+0xbe/0xd0
[   28.805563]  sg_common_write.isra.20+0x5fd/0xb10
[   28.805804]  sg_new_write.isra.21+0x24d/0x460
[   28.806024]  ? __this_cpu_preempt_check+0x20/0x30
[   28.806260]  ? lock_is_held_type+0xe6/0x140
[   28.806479]  ? write_comp_data+0x2f/0x90
[   28.806684]  ? __sanitizer_cov_trace_pc+0x25/0x60
[   28.806926]  ? scsi_block_when_processing_errors+0x152/0x190
[   28.807217]  ? write_comp_data+0x2f/0x90
[   28.807423]  sg_ioctl+0xc2f/0x1340
[   28.807609]  ? __sanitizer_cov_trace_pc+0x25/0x60
[   28.807850]  ? __sanitizer_cov_trace_pc+0x25/0x60
[   28.808091]  ? write_comp_data+0x2f/0x90
[   28.808301]  __x64_sys_ioctl+0x10e/0x160
[   28.808505]  ? sg_new_write.isra.21+0x460/0x460
[   28.808743]  do_syscall_64+0x3b/0x90
[   28.808938]  entry_SYSCALL_64_after_hwframe+0x63/0xcd
[   28.809202] RIP: 0033:0x7f9a09df259d
[   28.809392] Code: 00 c3 66 2e 0f 1f 84 00 00 00 00 00 90 f3 0f 1e fa 48 89 f8 48 89 f7 48 89 d6 48 89 ca 4d 89 c2 4d 89 c8 4c 8b 4c 24 08 0f 05 <48> 3d 01 f0 ff ff 73 01 c3 48 8b 0d d3 08 0d 00 f7 d8 64 89 01 48
[   28.810284] RSP: 002b:00007ffe6aa2d758 EFLAGS: 00000202 ORIG_RAX: 0000000000000010
[   28.810656] RAX: ffffffffffffffda RBX: 0000000000000000 RCX: 00007f9a09df259d
[   28.811012] RDX: 0000000020000240 RSI: 0000000000002285 RDI: 0000000000000003
[   28.811367] RBP: 00007ffe6aa2d770 R08: 002367732f766564 R09: 00007ffe6aa2d850
[   28.811721] R10: 000000000000001f R11: 0000000000000202 R12: 00000000004010a0
[   28.812077] R13: 00007ffe6aa2d850 R14: 0000000000000000 R15: 0000000000000000
[   28.812435]  </TASK>
[   28.812553] irq event stamp: 4689
[   28.812724] hardirqs last  enabled at (4697): [<ffffffff811b8b31>] __up_console_sem+0x91/0xb0
[   28.813144] hardirqs last disabled at (4704): [<ffffffff811b8b16>] __up_console_sem+0x76/0xb0
[   28.813566] softirqs last  enabled at (4256): [<ffffffff83000329>] __do_softirq+0x329/0x490
[   28.813983] softirqs last disabled at (4185): [<ffffffff811123c2>] irq_exit_rcu+0xd2/0x100
[   28.814388] ---[ end trace 0000000000000000 ]---
