c[?7l[2J[0mSeaBIOS (version rel-1.14.0-0-g155821a1990b-prebuilt.qemu.org)


iPXE (http://ipxe.org) 00:03.0 CA00 PCI2.10 PnP PMM+7FF8F030+7FEEF030 CA00
Press Ctrl-B to configure iPXE (PCI 00:03.0)...                                                                               


Booting from ROM..c[?7l[2J[    0.000000] Linux version 6.2.0-c9c3395d5e3d (root@p-mtlp02) (gcc (GCC) 8.5.0 20210514 (Red Hat 8.5.0-18), GNU ld version 2.36.1-2.el8) #1 SMP PREEMPT_DYNAMIC Mon Feb 20 12:01:53 CST 2023
[    0.000000] Command line: console=ttyS0 root=/dev/sda earlyprintk=serial net.ifnames=0
[    0.000000] KERNEL supported cpus:
[    0.000000]   Intel GenuineIntel
[    0.000000]   AMD AuthenticAMD
[    0.000000]   Hygon HygonGenuine
[    0.000000]   Centaur CentaurHauls
[    0.000000]   zhaoxin   Shanghai  
[    0.000000] x86/split lock detection: #DB: warning on user-space bus_locks
[    0.000000] x86/fpu: Supporting XSAVE feature 0x001: 'x87 floating point registers'
[    0.000000] x86/fpu: Supporting XSAVE feature 0x002: 'SSE registers'
[    0.000000] x86/fpu: Supporting XSAVE feature 0x004: 'AVX registers'
[    0.000000] x86/fpu: Supporting XSAVE feature 0x200: 'Protection Keys User registers'
[    0.000000] x86/fpu: xstate_offset[2]:  576, xstate_sizes[2]:  256
[    0.000000] x86/fpu: xstate_offset[9]:  832, xstate_sizes[9]:    8
[    0.000000] x86/fpu: Enabled xstate features 0x207, context size is 840 bytes, using 'compacted' format.
[    0.000000] signal: max sigframe size: 3632
[    0.000000] BIOS-provided physical RAM map:
[    0.000000] BIOS-e820: [mem 0x0000000000000000-0x000000000009fbff] usable
[    0.000000] BIOS-e820: [mem 0x000000000009fc00-0x000000000009ffff] reserved
[    0.000000] BIOS-e820: [mem 0x00000000000f0000-0x00000000000fffff] reserved
[    0.000000] BIOS-e820: [mem 0x0000000000100000-0x000000007ffdffff] usable
[    0.000000] BIOS-e820: [mem 0x000000007ffe0000-0x000000007fffffff] reserved
[    0.000000] BIOS-e820: [mem 0x00000000feffc000-0x00000000feffffff] reserved
[    0.000000] BIOS-e820: [mem 0x00000000fffc0000-0x00000000ffffffff] reserved
[    0.000000] printk: bootconsole [earlyser0] enabled
[    0.000000] NX (Execute Disable) protection: active
[    0.000000] SMBIOS 2.8 present.
[    0.000000] DMI: QEMU Standard PC (i440FX + PIIX, 1996), BIOS rel-1.14.0-0-g155821a1990b-prebuilt.qemu.org 04/01/2014
[    0.000000] Hypervisor detected: KVM
[    0.000000] kvm-clock: Using msrs 4b564d01 and 4b564d00
[    0.000003] kvm-clock: using sched offset of 367500614 cycles
[    0.000383] clocksource: kvm-clock: mask: 0xffffffffffffffff max_cycles: 0x1cd42e4dffb, max_idle_ns: 881590591483 ns
[    0.001559] tsc: Detected 2188.800 MHz processor
[    0.008152] last_pfn = 0x7ffe0 max_arch_pfn = 0x400000000
[    0.008575] x86/PAT: Configuration [0-7]: WB  WC  UC- UC  WB  WP  UC- WT  
[    0.014013] found SMP MP-table at [mem 0x000f5a90-0x000f5a9f]
[    0.014495] Using GB pages for direct mapping
[    0.015913] ACPI: Early table checksum verification disabled
[    0.016356] ACPI: RSDP 0x00000000000F5870 000014 (v00 BOCHS )
[    0.016805] ACPI: RSDT 0x000000007FFE1959 000034 (v01 BOCHS  BXPC     00000001 BXPC 00000001)
[    0.017471] ACPI: FACP 0x000000007FFE1805 000074 (v01 BOCHS  BXPC     00000001 BXPC 00000001)
[    0.018140] ACPI: DSDT 0x000000007FFE0040 0017C5 (v01 BOCHS  BXPC     00000001 BXPC 00000001)
[    0.018809] ACPI: FACS 0x000000007FFE0000 000040
[    0.019176] ACPI: APIC 0x000000007FFE1879 000080 (v01 BOCHS  BXPC     00000001 BXPC 00000001)
[    0.019840] ACPI: HPET 0x000000007FFE18F9 000038 (v01 BOCHS  BXPC     00000001 BXPC 00000001)
[    0.020510] ACPI: WAET 0x000000007FFE1931 000028 (v01 BOCHS  BXPC     00000001 BXPC 00000001)
[    0.021179] ACPI: Reserving FACP table memory at [mem 0x7ffe1805-0x7ffe1878]
[    0.021724] ACPI: Reserving DSDT table memory at [mem 0x7ffe0040-0x7ffe1804]
[    0.022267] ACPI: Reserving FACS table memory at [mem 0x7ffe0000-0x7ffe003f]
[    0.022805] ACPI: Reserving APIC table memory at [mem 0x7ffe1879-0x7ffe18f8]
[    0.023348] ACPI: Reserving HPET table memory at [mem 0x7ffe18f9-0x7ffe1930]
[    0.023888] ACPI: Reserving WAET table memory at [mem 0x7ffe1931-0x7ffe1958]
[    0.025211] No NUMA configuration found
[    0.025505] Faking a node at [mem 0x0000000000000000-0x000000007ffdffff]
[    0.026094] NODE_DATA(0) allocated [mem 0x7ffb5000-0x7ffdffff]
[    0.029690] Zone ranges:
[    0.029886]   DMA      [mem 0x0000000000001000-0x0000000000ffffff]
[    0.030386]   DMA32    [mem 0x0000000001000000-0x000000007ffdffff]
[    0.030866]   Normal   empty
[    0.031095]   Device   empty
[    0.031319] Movable zone start for each node
[    0.031646] Early memory node ranges
[    0.031920]   node   0: [mem 0x0000000000001000-0x000000000009efff]
[    0.032401]   node   0: [mem 0x0000000000100000-0x000000007ffdffff]
[    0.032889] Initmem setup node 0 [mem 0x0000000000001000-0x000000007ffdffff]
[    0.034136] On node 0, zone DMA: 1 pages in unavailable ranges
[    0.034155] On node 0, zone DMA: 97 pages in unavailable ranges
[    0.055468] On node 0, zone DMA32: 32 pages in unavailable ranges
[    0.056177] ACPI: PM-Timer IO Port: 0x608
[    0.056930] ACPI: LAPIC_NMI (acpi_id[0xff] dfl dfl lint[0x1])
[    0.057402] IOAPIC[0]: apic_id 0, version 17, address 0xfec00000, GSI 0-23
[    0.057920] ACPI: INT_SRC_OVR (bus 0 bus_irq 0 global_irq 2 dfl dfl)
[    0.058394] ACPI: INT_SRC_OVR (bus 0 bus_irq 5 global_irq 5 high level)
[    0.058874] ACPI: INT_SRC_OVR (bus 0 bus_irq 9 global_irq 9 high level)
[    0.059355] ACPI: INT_SRC_OVR (bus 0 bus_irq 10 global_irq 10 high level)
[    0.059855] ACPI: INT_SRC_OVR (bus 0 bus_irq 11 global_irq 11 high level)
[    0.060366] ACPI: Using ACPI (MADT) for SMP configuration information
[    0.060838] ACPI: HPET id: 0x8086a201 base: 0xfed00000
[    0.061223] TSC deadline timer available
[    0.061510] smpboot: Allowing 2 CPUs, 0 hotplug CPUs
[    0.061912] kvm-guest: KVM setup pv remote TLB flush
[    0.062286] kvm-guest: setup PV sched yield
[    0.062625] PM: hibernation: Registered nosave memory: [mem 0x00000000-0x00000fff]
[    0.063184] PM: hibernation: Registered nosave memory: [mem 0x0009f000-0x0009ffff]
[    0.063761] PM: hibernation: Registered nosave memory: [mem 0x000a0000-0x000effff]
[    0.064314] PM: hibernation: Registered nosave memory: [mem 0x000f0000-0x000fffff]
[    0.064863] [mem 0x80000000-0xfeffbfff] available for PCI devices
[    0.065323] Booting paravirtualized kernel on KVM
[    0.065674] clocksource: refined-jiffies: mask: 0xffffffff max_cycles: 0xffffffff, max_idle_ns: 7645519600211568 ns
[    0.066452] setup_percpu: NR_CPUS:8192 nr_cpumask_bits:2 nr_cpu_ids:2 nr_node_ids:1
[    0.068328] percpu: Embedded 64 pages/cpu s225280 r8192 d28672 u1048576
[    0.069011] kvm-guest: PV spinlocks enabled
[    0.069334] PV qspinlock hash table entries: 256 (order: 0, 4096 bytes, linear)
[    0.069891] Fallback order for Node 0: 0 
[    0.070217] Built 1 zonelists, mobility grouping on.  Total pages: 515808
[    0.070726] Policy zone: DMA32
[    0.070959] Kernel command line: net.ifnames=0 console=ttyS0 root=/dev/sda earlyprintk=serial net.ifnames=0
[    0.071997] random: crng init done
[    0.073049] Dentry cache hash table entries: 262144 (order: 9, 2097152 bytes, linear)
[    0.073724] Inode-cache hash table entries: 131072 (order: 8, 1048576 bytes, linear)
[    0.074433] mem auto-init: stack:off, heap alloc:off, heap free:off
[    0.078117] Memory: 1979228K/2096632K available (34816K kernel code, 4554K rwdata, 9872K rodata, 10164K init, 19860K bss, 117148K reserved, 0K cma-reserved)
[    0.079440] SLUB: HWalign=64, Order=0-3, MinObjects=0, CPUs=2, Nodes=1
[    0.079906] kmemleak: Kernel memory leak detector disabled
[    0.080348] ftrace: allocating 68264 entries in 267 pages
[    0.101484] ftrace: allocated 267 pages with 4 groups
[    0.105032] Dynamic Preempt: voluntary
[    0.105421] Running RCU self tests
[    0.105678] rcu: Preemptible hierarchical RCU implementation.
[    0.106102] rcu: 	RCU lockdep checking is enabled.
[    0.106459] rcu: 	RCU restricting CPUs from NR_CPUS=8192 to nr_cpu_ids=2.
[    0.106959] 	Trampoline variant of Tasks RCU enabled.
[    0.107331] 	Rude variant of Tasks RCU enabled.
[    0.107653] 	Tracing variant of Tasks RCU enabled.
[    0.107987] rcu: RCU calculated value of scheduler-enlistment delay is 25 jiffies.
[    0.108514] rcu: Adjusting geometry for rcu_fanout_leaf=16, nr_cpu_ids=2
[    0.134724] NR_IRQS: 524544, nr_irqs: 440, preallocated irqs: 16
[    0.135502] rcu: srcu_init: Setting srcu_struct sizes based on contention.
[    0.142432] Console: colour VGA+ 80x25
[    0.142734] printk: console [ttyS0] enabled
[    0.142734] printk: console [ttyS0] enabled
[    0.143328] printk: bootconsole [earlyser0] disabled
[    0.143328] printk: bootconsole [earlyser0] disabled
[    0.144052] Lock dependency validator: Copyright (c) 2006 Red Hat, Inc., Ingo Molnar
[    0.144617] ... MAX_LOCKDEP_SUBCLASSES:  8
[    0.144924] ... MAX_LOCK_DEPTH:          48
[    0.145238] ... MAX_LOCKDEP_KEYS:        8192
[    0.145560] ... CLASSHASH_SIZE:          4096
[    0.145883] ... MAX_LOCKDEP_ENTRIES:     32768
[    0.146224] ... MAX_LOCKDEP_CHAINS:      65536
[    0.146555] ... CHAINHASH_SIZE:          32768
[    0.146881]  memory used by lock dependency info: 6365 kB
[    0.147279]  memory used for stack traces: 4224 kB
[    0.147634]  per task-struct memory footprint: 1920 bytes
[    0.148071] ACPI: Core revision 20221020
[    0.148577] clocksource: hpet: mask: 0xffffffff max_cycles: 0xffffffff, max_idle_ns: 19112604467 ns
[    0.149366] APIC: Switch to symmetric I/O mode setup
[    0.149994] x2apic enabled
[    0.150382] Switched APIC routing to physical x2apic.
[    0.150750] kvm-guest: setup PV IPIs
[    0.151839] ..TIMER: vector=0x30 apic1=0 pin1=2 apic2=-1 pin2=-1
[    0.152277] clocksource: tsc-early: mask: 0xffffffffffffffff max_cycles: 0x1f8cde9f8f9, max_idle_ns: 440795224246 ns
[    0.153048] Calibrating delay loop (skipped) preset value.. 4377.60 BogoMIPS (lpj=8755200)
[    0.157052] pid_max: default: 32768 minimum: 301
[    0.157485] LSM: initializing lsm=capability,yama,integrity
[    0.157904] Yama: becoming mindful.
[    0.158287] Mount-cache hash table entries: 4096 (order: 3, 32768 bytes, linear)
[    0.158829] Mountpoint-cache hash table entries: 4096 (order: 3, 32768 bytes, linear)
[    0.160270] CPU0: Thermal monitoring enabled (TM1)
[    0.160668] x86/cpu: User Mode Instruction Prevention (UMIP) activated
[    0.161186] Last level iTLB entries: 4KB 0, 2MB 0, 4MB 0
[    0.161581] Last level dTLB entries: 4KB 0, 2MB 0, 4MB 0, 1GB 0
[    0.162019] Spectre V1 : Mitigation: usercopy/swapgs barriers and __user pointer sanitization
[    0.162640] Spectre V2 : WARNING: Unprivileged eBPF is enabled with eIBRS on, data leaks possible via Spectre v2 BHB attacks!
[    0.163441] Spectre V2 : Mitigation: Enhanced IBRS
[    0.163778] Spectre V2 : Spectre v2 / SpectreRSB mitigation: Filling RSB on context switch
[    0.164349] Spectre V2 : Spectre v2 / PBRSB-eIBRS: Retire a single CALL on VMEXIT
[    0.165040] Spectre V2 : mitigation: Enabling conditional Indirect Branch Prediction Barrier
[    0.165686] Speculative Store Bypass: Mitigation: Speculative Store Bypass disabled via prctl
[    0.166275] MMIO Stale Data: Unknown: No mitigations
[    0.262164] Freeing SMP alternatives memory: 56K
[    0.262754] smpboot: CPU0: Genuine Intel(R) 0000 (family: 0x6, model: 0xaa, stepping: 0x2)
[    0.263672] cblist_init_generic: Setting adjustable number of callback queues.
[    0.264189] cblist_init_generic: Setting shift to 1 and lim to 1.
[    0.264665] cblist_init_generic: Setting shift to 1 and lim to 1.
[    0.265034] cblist_init_generic: Setting shift to 1 and lim to 1.
[    0.265034] Running RCU-tasks wait API self tests
[    0.365175] Performance Events: generic architected perfmon, full-width counters, Intel PMU driver.
[    0.365905] ... version:                2
[    0.366218] ... bit width:              48
[    0.366514] ... generic registers:      8
[    0.366796] ... value mask:             0000ffffffffffff
[    0.367171] ... max period:             00007fffffffffff
[    0.367541] ... fixed-purpose events:   3
[    0.367824] ... event mask:             00000007000000ff
[    0.368588] rcu: Hierarchical SRCU implementation.
[    0.368930] rcu: 	Max phase no-delay instances is 1000.
[    0.370321] smp: Bringing up secondary CPUs ...
[    0.370973] x86: Booting SMP configuration:
[    0.371275] .... node  #0, CPUs:      #1
[    0.017044] smpboot: CPU 1 Converting physical 0 to logical die 1
[    0.373180] smp: Brought up 1 node, 2 CPUs
[    0.373422] smpboot: Max logical packages: 2
[    0.373722] smpboot: Total of 2 processors activated (8755.20 BogoMIPS)
[    0.375080] devtmpfs: initialized
[    0.375080] x86/mm: Memory block size: 128MB
[    0.378511] clocksource: jiffies: mask: 0xffffffff max_cycles: 0xffffffff, max_idle_ns: 7645041785100000 ns
[    0.378511] futex hash table entries: 512 (order: 4, 65536 bytes, linear)
[    0.378811] pinctrl core: initialized pinctrl subsystem
[    0.381057] Callback from call_rcu_tasks_trace() invoked.
[    0.381836] 
[    0.381956] *************************************************************
[    0.382434] **     NOTICE NOTICE NOTICE NOTICE NOTICE NOTICE NOTICE    **
[    0.382918] **                                                         **
[    0.383393] **  IOMMU DebugFS SUPPORT HAS BEEN ENABLED IN THIS KERNEL  **
[    0.383861] **                                                         **
[    0.384331] ** This means that this kernel is built to expose internal **
[    0.384808] ** IOMMU data structures, which may compromise security on **
[    0.385043] ** your system.                                            **
[    0.385517] **                                                         **
[    0.385985] ** If you see this message and you are not debugging the   **
[    0.386468] ** kernel, report this immediately to your vendor!         **
[    0.386944] **                                                         **
[    0.387415] **     NOTICE NOTICE NOTICE NOTICE NOTICE NOTICE NOTICE    **
[    0.387882] *************************************************************
[    0.388394] PM: RTC time: 08:21:04, date: 2023-02-20
[    0.391598] NET: Registered PF_NETLINK/PF_ROUTE protocol family
[    0.392567] DMA: preallocated 256 KiB GFP_KERNEL pool for atomic allocations
[    0.393050] DMA: preallocated 256 KiB GFP_KERNEL|GFP_DMA pool for atomic allocations
[    0.393594] DMA: preallocated 256 KiB GFP_KERNEL|GFP_DMA32 pool for atomic allocations
[    0.394184] audit: initializing netlink subsys (disabled)
[    0.394614] audit: type=2000 audit(1676881264.888:1): state=initialized audit_enabled=0 res=1
[    0.394614] thermal_sys: Registered thermal governor 'fair_share'
[    0.394614] thermal_sys: Registered thermal governor 'bang_bang'
[    0.394614] thermal_sys: Registered thermal governor 'step_wise'
[    0.394776] thermal_sys: Registered thermal governor 'user_space'
[    0.397078] cpuidle: using governor ladder
[    0.397800] cpuidle: using governor menu
[    0.398457] acpiphp: ACPI Hot Plug PCI Controller Driver version: 0.5
[    0.399139] PCI: Using configuration type 1 for base access
[    0.400320] kprobes: kprobe jump-optimization is enabled. All kprobes are optimized if possible.
[    0.653233] HugeTLB: registered 1.00 GiB page size, pre-allocated 0 pages
[    0.653723] HugeTLB: 16380 KiB vmemmap can be freed for a 1.00 GiB page
[    0.654217] HugeTLB: registered 2.00 MiB page size, pre-allocated 0 pages
[    0.654717] HugeTLB: 28 KiB vmemmap can be freed for a 2.00 MiB page
[    0.657401] ACPI: Added _OSI(Module Device)
[    0.657723] ACPI: Added _OSI(Processor Device)
[    0.658052] ACPI: Added _OSI(3.0 _SCP Extensions)
[    0.658401] ACPI: Added _OSI(Processor Aggregator Device)
[    0.664013] ACPI: 1 ACPI AML tables successfully acquired and loaded
[    0.667480] ACPI: Interpreter enabled
[    0.667840] ACPI: PM: (supports S0 S3 S4 S5)
[    0.668158] ACPI: Using IOAPIC for interrupt routing
[    0.668556] PCI: Using host bridge windows from ACPI; if necessary, use "pci=nocrs" and report a bug
[    0.669039] PCI: Using E820 reservations for host bridge windows
[    0.670092] ACPI: Enabled 2 GPEs in block 00 to 0F
[    0.685069] ACPI: PCI Root Bridge [PCI0] (domain 0000 [bus 00-ff])
[    0.685549] acpi PNP0A03:00: _OSC: OS supports [ASPM ClockPM Segments MSI EDR HPX-Type3]
[    0.686143] acpi PNP0A03:00: _OSC: not requesting OS control; OS requires [ExtendedConfig ASPM ClockPM MSI]
[    0.686904] acpi PNP0A03:00: fail to add MMCONFIG information, can't access extended configuration space under this bridge
[    0.689857] acpiphp: Slot [3] registered
[    0.690212] acpiphp: Slot [4] registered
[    0.690560] acpiphp: Slot [5] registered
[    0.690910] acpiphp: Slot [6] registered
[    0.691258] acpiphp: Slot [7] registered
[    0.691607] acpiphp: Slot [8] registered
[    0.691959] acpiphp: Slot [9] registered
[    0.692313] acpiphp: Slot [10] registered
[    0.692714] acpiphp: Slot [11] registered
[    0.693071] acpiphp: Slot [12] registered
[    0.693424] acpiphp: Slot [13] registered
[    0.693780] acpiphp: Slot [14] registered
[    0.694134] acpiphp: Slot [15] registered
[    0.694492] acpiphp: Slot [16] registered
[    0.694847] acpiphp: Slot [17] registered
[    0.695203] acpiphp: Slot [18] registered
[    0.695559] acpiphp: Slot [19] registered
[    0.695914] acpiphp: Slot [20] registered
[    0.696270] acpiphp: Slot [21] registered
[    0.696631] acpiphp: Slot [22] registered
[    0.696990] acpiphp: Slot [23] registered
[    0.697095] acpiphp: Slot [24] registered
[    0.697451] acpiphp: Slot [25] registered
[    0.697805] acpiphp: Slot [26] registered
[    0.698159] acpiphp: Slot [27] registered
[    0.698520] acpiphp: Slot [28] registered
[    0.698874] acpiphp: Slot [29] registered
[    0.699231] acpiphp: Slot [30] registered
[    0.699586] acpiphp: Slot [31] registered
[    0.699901] PCI host bridge to bus 0000:00
[    0.700207] pci_bus 0000:00: root bus resource [io  0x0000-0x0cf7 window]
[    0.700719] pci_bus 0000:00: root bus resource [io  0x0d00-0xffff window]
[    0.701039] pci_bus 0000:00: root bus resource [mem 0x000a0000-0x000bffff window]
[    0.701586] pci_bus 0000:00: root bus resource [mem 0x80000000-0xfebfffff window]
[    0.702135] pci_bus 0000:00: root bus resource [mem 0x100000000-0x17fffffff window]
[    0.702701] pci_bus 0000:00: root bus resource [bus 00-ff]
[    0.703203] pci 0000:00:00.0: [8086:1237] type 00 class 0x060000
[    0.706298] pci 0000:00:01.0: [8086:7000] type 00 class 0x060100
[    0.707348] pci 0000:00:01.1: [8086:7010] type 00 class 0x010180
[    0.709041] pci 0000:00:01.1: reg 0x20: [io  0xc040-0xc04f]
[    0.710018] pci 0000:00:01.1: legacy IDE quirk: reg 0x10: [io  0x01f0-0x01f7]
[    0.710538] pci 0000:00:01.1: legacy IDE quirk: reg 0x14: [io  0x03f6]
[    0.711016] pci 0000:00:01.1: legacy IDE quirk: reg 0x18: [io  0x0170-0x0177]
[    0.711533] pci 0000:00:01.1: legacy IDE quirk: reg 0x1c: [io  0x0376]
[    0.712255] pci 0000:00:01.3: [8086:7113] type 00 class 0x068000
[    0.712975] pci 0000:00:01.3: quirk: [io  0x0600-0x063f] claimed by PIIX4 ACPI
[    0.713052] pci 0000:00:01.3: quirk: [io  0x0700-0x070f] claimed by PIIX4 SMB
[    0.713830] pci 0000:00:02.0: [1234:1111] type 00 class 0x030000
[    0.717044] pci 0000:00:02.0: reg 0x10: [mem 0xfd000000-0xfdffffff pref]
[    0.719724] pci 0000:00:02.0: reg 0x18: [mem 0xfebf0000-0xfebf0fff]
[    0.725717] pci 0000:00:02.0: reg 0x30: [mem 0xfebe0000-0xfebeffff pref]
[    0.726269] pci 0000:00:02.0: Video device with shadowed ROM at [mem 0x000c0000-0x000dffff]
[    0.729439] pci 0000:00:03.0: [8086:100e] type 00 class 0x020000
[    0.731201] pci 0000:00:03.0: reg 0x10: [mem 0xfebc0000-0xfebdffff]
[    0.732069] pci 0000:00:03.0: reg 0x14: [io  0xc000-0xc03f]
[    0.734239] pci 0000:00:03.0: reg 0x30: [mem 0xfeb80000-0xfebbffff pref]
[    0.745280] ACPI: PCI: Interrupt link LNKA configured for IRQ 10
[    0.746056] ACPI: PCI: Interrupt link LNKB configured for IRQ 10
[    0.746819] ACPI: PCI: Interrupt link LNKC configured for IRQ 11
[    0.747582] ACPI: PCI: Interrupt link LNKD configured for IRQ 11
[    0.748194] ACPI: PCI: Interrupt link LNKS configured for IRQ 9
[    0.749514] iommu: Default domain type: Translated 
[    0.749881] iommu: DMA domain TLB invalidation policy: lazy mode 
[    0.751105] SCSI subsystem initialized
[    0.751586] ACPI: bus type USB registered
[    0.751926] usbcore: registered new interface driver usbfs
[    0.752353] usbcore: registered new interface driver hub
[    0.752766] usbcore: registered new device driver usb
[    0.753129] pps_core: LinuxPPS API ver. 1 registered
[    0.753493] pps_core: Software ver. 5.3.6 - Copyright 2005-2007 Rodolfo Giometti <giometti@linux.it>
[    0.754160] PTP clock support registered
[    0.754563] EDAC MC: Ver: 3.0.0
[    0.756046] NetLabel: Initializing
[    0.756306] NetLabel:  domain hash size = 128
[    0.756628] NetLabel:  protocols = UNLABELED CIPSOv4 CALIPSO
[    0.757091] NetLabel:  unlabeled traffic allowed by default
[    0.789195] PCI: Using ACPI for IRQ routing
[    0.789698] pci 0000:00:02.0: vgaarb: setting as boot VGA device
[    0.790156] pci 0000:00:02.0: vgaarb: bridge control possible
[    0.790590] pci 0000:00:02.0: vgaarb: VGA device added: decodes=io+mem,owns=io+mem,locks=none
[    0.791208] vgaarb: loaded
[    0.791696] hpet0: at MMIO 0xfed00000, IRQs 2, 8, 0
[    0.792072] hpet0: 3 comparators, 64-bit 100.000000 MHz counter
[    3.086503] clocksource: Switched to clocksource kvm-clock
[    3.131555] Callback from call_rcu_tasks_rude() invoked.
[    3.193299] Callback from call_rcu_tasks() invoked.
[    3.227588] VFS: Disk quotas dquot_6.6.0
[    3.227914] VFS: Dquot-cache hash table entries: 512 (order 0, 4096 bytes)
[    3.228623] pnp: PnP ACPI init
[    3.230524] pnp: PnP ACPI: found 6 devices
[    3.240299] clocksource: acpi_pm: mask: 0xffffff max_cycles: 0xffffff, max_idle_ns: 2085701024 ns
[    3.241176] NET: Registered PF_INET protocol family
[    3.241592] IP idents hash table entries: 32768 (order: 6, 262144 bytes, linear)
[    3.242971] tcp_listen_portaddr_hash hash table entries: 1024 (order: 4, 73728 bytes, linear)
[    3.243583] Table-perturb hash table entries: 65536 (order: 6, 262144 bytes, linear)
[    3.244127] TCP established hash table entries: 16384 (order: 5, 131072 bytes, linear)
[    3.244844] TCP bind hash table entries: 16384 (order: 9, 2359296 bytes, linear)
[    3.247817] TCP: Hash tables configured (established 16384 bind 16384)
[    3.248322] UDP hash table entries: 1024 (order: 5, 163840 bytes, linear)
[    3.248832] UDP-Lite hash table entries: 1024 (order: 5, 163840 bytes, linear)
[    3.249454] NET: Registered PF_UNIX/PF_LOCAL protocol family
[    3.250512] RPC: Registered named UNIX socket transport module.
[    3.250926] RPC: Registered udp transport module.
[    3.251248] RPC: Registered tcp transport module.
[    3.251580] RPC: Registered tcp NFSv4.1 backchannel transport module.
[    3.252047] pci_bus 0000:00: resource 4 [io  0x0000-0x0cf7 window]
[    3.252482] pci_bus 0000:00: resource 5 [io  0x0d00-0xffff window]
[    3.252917] pci_bus 0000:00: resource 6 [mem 0x000a0000-0x000bffff window]
[    3.253413] pci_bus 0000:00: resource 7 [mem 0x80000000-0xfebfffff window]
[    3.253925] pci_bus 0000:00: resource 8 [mem 0x100000000-0x17fffffff window]
[    3.254621] pci 0000:00:01.0: PIIX3: Enabling Passive Release
[    3.255034] pci 0000:00:00.0: Limiting direct PCI/PCI transfers
[    3.255533] PCI: CLS 0 bytes, default 64
[    3.255842] ACPI: bus type thunderbolt registered
[    3.256437] clocksource: tsc: mask: 0xffffffffffffffff max_cycles: 0x1f8cde9f8f9, max_idle_ns: 440795224246 ns
[    3.261988] Initialise system trusted keyrings
[    3.262363] Key type blacklist registered
[    3.262978] workingset: timestamp_bits=36 max_order=19 bucket_order=0
[    3.263487] zbud: loaded
[    3.264211] squashfs: version 4.0 (2009/01/31) Phillip Lougher
[    3.265564] NFS: Registering the id_resolver key type
[    3.265947] Key type id_resolver registered
[    3.266247] Key type id_legacy registered
[    3.266552] nfs4filelayout_init: NFSv4 File Layout Driver Registering...
[    3.267030] nfs4flexfilelayout_init: NFSv4 Flexfile Layout Driver Registering...
[    3.267627] fuse: init (API version 7.38)
[    3.268030] SGI XFS with ACLs, security attributes, realtime, quota, no debug enabled
[    3.269209] 9p: Installing v9fs 9p2000 file system support
[    3.275416] Key type asymmetric registered
[    3.275693] Asymmetric key parser 'x509' registered
[    3.276048] Block layer SCSI generic (bsg) driver version 0.4 loaded (major 243)
[    3.276864] io scheduler mq-deadline registered
[    3.277230] io scheduler bfq registered
[    3.278876] shpchp: Standard Hot Plug PCI Controller Driver version: 0.4
[    3.279657] IPMI message handler: version 39.2
[    3.280010] ipmi device interface
[    3.281852] input: Power Button as /devices/LNXSYSTM:00/LNXPWRBN:00/input/input0
[    3.282567] ACPI: button: Power Button [PWRF]
[    3.283833] ERST DBG: ERST support is disabled.
[    3.284806] Serial: 8250/16550 driver, 32 ports, IRQ sharing enabled
[    3.285640] 00:04: ttyS0 at I/O 0x3f8 (irq = 4, base_baud = 115200) is a 16550A
[    3.293338] Linux agpgart interface v0.103
[    3.294641] ACPI: bus type drm_connector registered
[    3.306154] brd: module loaded
[    3.311737] loop: module loaded
[    3.316605] scsi host0: ata_piix
[    3.317719] scsi host1: ata_piix
[    3.318795] ata1: PATA max MWDMA2 cmd 0x1f0 ctl 0x3f6 bmdma 0xc040 irq 14
[    3.319271] ata2: PATA max MWDMA2 cmd 0x170 ctl 0x376 bmdma 0xc048 irq 15
[    3.320588] tun: Universal TUN/TAP device driver, 1.6
[    3.321075] e100: Intel(R) PRO/100 Network Driver
[    3.321423] e100: Copyright(c) 1999-2006 Intel Corporation
[    3.321862] e1000: Intel(R) PRO/1000 Network Driver
[    3.322219] e1000: Copyright (c) 1999-2006 Intel Corporation.
[    3.471726] ACPI: \_SB_.LNKC: Enabled at IRQ 11
[    3.477302] ata1: found unknown device (class 0)
[    3.478083] ata1.00: ATA-7: QEMU HARDDISK, 2.5+, max UDMA/100
[    3.478495] ata1.00: 16777216 sectors, multi 16: LBA48 
[    3.479491] scsi 0:0:0:0: Direct-Access     ATA      QEMU HARDDISK    2.5+ PQ: 0 ANSI: 5
[    3.480735] ata2: found unknown device (class 0)
[    3.481245] sd 0:0:0:0: [sda] 16777216 512-byte logical blocks: (8.59 GB/8.00 GiB)
[    3.481289] sd 0:0:0:0: Attached scsi generic sg0 type 0
[    3.481852] sd 0:0:0:0: [sda] Write Protect is off
[    3.482573] ata2.00: ATAPI: QEMU DVD-ROM, 2.5+, max UDMA/100
[    3.483152] sd 0:0:0:0: [sda] Write cache: enabled, read cache: enabled, doesn't support DPO or FUA
[    3.483910] sd 0:0:0:0: [sda] Preferred minimum I/O size 512 bytes
[    3.483910] scsi 1:0:0:0: CD-ROM            QEMU     QEMU DVD-ROM     2.5+ PQ: 0 ANSI: 5
[    3.514546] scsi 1:0:0:0: Attached scsi generic sg1 type 5
[    3.516180] sd 0:0:0:0: [sda] Attached SCSI disk
[    3.792853] e1000 0000:00:03.0 eth0: (PCI:33MHz:32-bit) 52:54:00:12:34:56
[    3.793403] e1000 0000:00:03.0 eth0: Intel(R) PRO/1000 Network Connection
[    3.793995] e1000e: Intel(R) PRO/1000 Network Driver
[    3.794356] e1000e: Copyright(c) 1999 - 2015 Intel Corporation.
[    3.794829] igb: Intel(R) Gigabit Ethernet Network Driver
[    3.795207] igb: Copyright (c) 2007-2014 Intel Corporation.
[    3.795681] PPP generic driver version 2.4.2
[    3.797067] VFIO - User Level meta-driver version: 0.3
[    3.798068] usbcore: registered new interface driver uas
[    3.798447] usbcore: registered new interface driver usb-storage
[    3.799000] i8042: PNP: PS/2 Controller [PNP0303:KBD,PNP0f13:MOU] at 0x60,0x64 irq 1,12
[    3.800176] serio: i8042 KBD port at 0x60,0x64 irq 1
[    3.800544] serio: i8042 AUX port at 0x60,0x64 irq 12
[    3.801525] mousedev: PS/2 mouse device common for all mice
[    3.803079] rtc_cmos 00:05: RTC can wake from S4
[    3.804491] input: AT Translated Set 2 keyboard as /devices/platform/i8042/serio0/input/input1
[    3.805587] rtc_cmos 00:05: registered as rtc0
[    3.806065] input: VirtualPS/2 VMware VMMouse as /devices/platform/i8042/serio1/input/input4
[    3.806319] rtc_cmos 00:05: setting system clock to 2023-02-20T08:21:08 UTC (1676881268)
[    3.807697] rtc_cmos 00:05: alarms up to one day, y3k, 242 bytes nvram, hpet irqs
[    3.807840] input: VirtualPS/2 VMware VMMouse as /devices/platform/i8042/serio1/input/input3
[    3.808276] i2c_dev: i2c /dev entries driver
[    3.809393] device-mapper: core: CONFIG_IMA_DISABLE_HTABLE is disabled. Duplicate IMA measurements will not be recorded in the IMA log.
[    3.810356] device-mapper: uevent: version 1.0.3
[    3.810814] device-mapper: ioctl: 4.47.0-ioctl (2022-07-28) initialised: dm-devel@redhat.com
[    3.811432] intel_pstate: CPU model not supported
[    3.811858] sdhci: Secure Digital Host Controller Interface driver
[    3.812307] sdhci: Copyright(c) Pierre Ossman
[    3.812691] sdhci-pltfm: SDHCI platform and OF driver helper
[    3.813182] ledtrig-cpu: registered to indicate activity on CPUs
[    3.813932] drop_monitor: Initializing network drop monitor service
[    3.814520] NET: Registered PF_INET6 protocol family
[    3.818937] Segment Routing with IPv6
[    3.819249] In-situ OAM (IOAM) with IPv6
[    3.819891] NET: Registered PF_PACKET protocol family
[    3.820509] 9pnet: Installing 9P2000 support
[    3.820879] Key type dns_resolver registered
[    3.822004] IPI shorthand broadcast: enabled
[    3.834451] sched_clock: Marking stable (3819993653, 13044440)->(3865248759, -32210666)
[    3.835677] registered taskstats version 1
[    3.836344] Loading compiled-in X.509 certificates
[    3.837641] zswap: loaded using pool lzo/zbud
[    3.851545] Key type .fscrypt registered
[    3.851844] Key type fscrypt-provisioning registered
[    3.853758] Key type encrypted registered
[    3.854125] ima: No TPM chip found, activating TPM-bypass!
[    3.854529] ima: Allocated hash algorithm: sha1
[    3.854888] ima: No architecture policies found
[    3.855274] evm: Initialising EVM extended attributes:
[    3.855631] evm: security.selinux
[    3.855868] evm: security.SMACK64
[    3.856105] evm: security.SMACK64EXEC
[    3.856365] evm: security.SMACK64TRANSMUTE
[    3.856656] evm: security.SMACK64MMAP
[    3.856915] evm: security.apparmor
[    3.857173] evm: security.ima
[    3.857394] evm: security.capability
[    3.857650] evm: HMAC attrs: 0x1
[    3.858911] PM:   Magic number: 11:148:372
[    3.859737] RAS: Correctable Errors collector initialized.
[    3.861142] md: Waiting for all devices to be available before autodetect
[    3.861460] md: If you don't use raid, use raid=noautodetect
[    3.861732] md: Autodetecting RAID arrays.
[    3.861943] md: autorun ...
[    3.862080] md: ... autorun DONE.
[    3.879994] EXT4-fs (sda): mounted filesystem 23a53bb9-f815-47a5-b74c-5e08f7731193 with ordered data mode. Quota mode: none.
[    3.880593] VFS: Mounted root (ext4 filesystem) readonly on device 8:0.
[    3.883940] devtmpfs: mounted
[    3.893570] Freeing unused decrypted memory: 2036K
[    3.896583] Freeing unused kernel image (initmem) memory: 10164K
[    3.909976] Write protecting the kernel read-only data: 45056k
[    3.912037] Freeing unused kernel image (rodata/data gap) memory: 368K
[    3.997950] x86/mm: Checked W+X mappings: passed, no W+X pages found.
[    3.998280] Run /sbin/init as init process
[    4.182041] systemd[1]: RTC configured in localtime, applying delta of 0 minutes to system time.
[    4.223079] systemd[1]: systemd 239 (239-49.el8) running in system mode. (+PAM +AUDIT +SELINUX +IMA -APPARMOR +SMACK +SYSVINIT +UTMP +LIBCRYPTSETUP +GCRYPT +GNUTLS +ACL +XZ +LZ4 +SECCOMP +BLKID +ELFUTILS +KMOD +IDN2 -IDN +PCRE2 default-hierarchy=legacy)
[    4.224262] systemd[1]: Detected virtualization kvm.
[    4.224514] systemd[1]: Detected architecture x86-64.

Welcome to [0;31mCentOS Stream 8[0m!

[    4.283084] systemd[1]: Set hostname to <test>.
[    4.670205] systemd[1]: Listening on Device-mapper event daemon FIFOs.
[[0;32m  OK  [0m] Listening on Device-mapper event daemon FIFOs.
[    4.671249] systemd[1]: Listening on multipathd control socket.
[[0;32m  OK  [0m] Listening on multipathd control socket.
[    4.674401] systemd[1]: Created slice system-sshd\x2dkeygen.slice.
[[0;32m  OK  [0m] Created slice system-sshd\x2dkeygen.slice.
[    4.675131] systemd[1]: Reached target Swap.
[[0;32m  OK  [0m] Reached target Swap.
[    4.676269] systemd[1]: Created slice User and Session Slice.
[[0;32m  OK  [0m] Created slice User and Session Slice.
[    4.677693] systemd[1]: Created slice system-serial\x2dgetty.slice.
[[0;32m  OK  [0m] Created slice system-serial\x2dgetty.slice.
[[0;32m  OK  [0m] Listening on Journal Socket.
         Starting Monitoring of LVM2 mirrorsâ€¦ng dmeventd or progress polling...
         Mounting POSIX Message Queue File System...
[[0;32m  OK  [0m] Created slice system-getty.slice.
[[0;32m  OK  [0m] Listening on udev Kernel Socket.
[[0;32m  OK  [0m] Set up automount Arbitrary Executabâ€¦rmats File System Automount Point.
[[0;32m  OK  [0m] Listening on Process Core Dump Socket.
[[0;32m  OK  [0m] Started Forward Password Requests to Wall Directory Watch.
[[0;32m  OK  [0m] Listening on udev Control Socket.
         Mounting Huge Pages File System...
[[0;32m  OK  [0m] Listening on Journal Socket (/dev/log).
         Starting Journal Service...
         Starting Remount Root and Kernel File Systems...
[[0;32m  OK  [0m] Listening on LVM2 poll daemon socket.
[[0;32m  OK  [0m] Reached target Slices.
         Starting udev Coldplug all Devices...
[[0;32m  OK  [0m] Listening on RPCbind Server Activation Socket.
[[0;32m  OK  [0m] Reached target RPC Port Mapper.
         Starting Load Kernel Modules...
         Mounting Kernel Debug File System...
[[0;32m  OK  [0m] Listening on initctl Compatibility Named Pipe.
         Starting Setup Virtual Console...
[[0;32m  OK  [0m] Mounted POSIX Message Queue File System.
[[0;32m  OK  [0m] Mounted Huge Pages File System.
[[0;1;31mFAILED[0m] Failed to start Load Kernel Modules.
See 'systemctl status systemd-modules-load.service' for details.
[[0;32m  OK  [0m] Mounted Kernel Debug File System.
         Mounting FUSE Control File System...
         Mounting Kernel Configuration File System...
         Starting Apply Kernel Variables...
[[0;32m  OK  [0m] Mounted FUSE Control File System.
[[0;32m  OK  [0m] Mounted Kernel Configuration File System.
[    4.999478] EXT4-fs (sda): re-mounted 23a53bb9-f815-47a5-b74c-5e08f7731193. Quota mode: none.
[[0;32m  OK  [0m] Started Remount Root and Kernel File Systems.
[[0;32m  OK  [0m] Started Journal Service.
         Starting Flush Journal to Persistent Storage...
         Starting Load/Save Random Seed...
         Starting Create Static Device Nodes in /dev...
[[0;32m  OK  [0m] Started Apply Kernel Variables.
[[0;32m  OK  [0m] Started Flush Journal to Persistent Storage.
[[0;32m  OK  [0m] Started Load/Save Random Seed.
[[0;32m  OK  [0m] Started Create Static Device Nodes in /dev.
         Starting udev Kernel Device Manager...
[[0;32m  OK  [0m] Started Setup Virtual Console.
[[0;32m  OK  [0m] Started udev Coldplug all Devices.
         Starting udev Wait for Complete Device Initialization...
[[0;32m  OK  [0m] Started udev Kernel Device Manager.
         Starting Show Plymouth Boot Screen...
[[0;32m  OK  [0m] Started Show Plymouth Boot Screen.
[[0;32m  OK  [0m] Reached target Paths.
[[0;32m  OK  [0m] Reached target Local Encrypted Volumes.
[[0;32m  OK  [0m] Started Forward Password Requests to Plymouth Directory Watch.
[[0;32m  OK  [0m] Found device /dev/ttyS0.
[[0;32m  OK  [0m] Started Monitoring of LVM2 mirrors,â€¦sing dmeventd or progress polling.
[[0;32m  OK  [0m] Started udev Wait for Complete Device Initialization.
[[0;32m  OK  [0m] Reached target Local File Systems (Pre).
[[0;32m  OK  [0m] Reached target Local File Systems.
         Starting Tell Plymouth To Write Out Runtime Data...
         Starting Create Volatile Files and Directories...
         Starting Restore /run/initramfs on shutdown...
[[0;32m  OK  [0m] Listening on Load/Save RF Kill Switch Status /dev/rfkill Watch.
[[0;32m  OK  [0m] Started Tell Plymouth To Write Out Runtime Data.
[[0;32m  OK  [0m] Started Restore /run/initramfs on shutdown.
[[0;32m  OK  [0m] Started Create Volatile Files and Directories.
         Starting RPC Bind...
         Starting Security Auditing Service...
         Mounting RPC Pipe File System...
[[0;32m  OK  [0m] Mounted RPC Pipe File System.
[[0;32m  OK  [0m] Reached target rpc_pipefs.target.
[[0;32m  OK  [0m] Started RPC Bind.
[[0;32m  OK  [0m] Started Security Auditing Service.
         Starting Update UTMP about System Boot/Shutdown...
[[0;32m  OK  [0m] Started Update UTMP about System Boot/Shutdown.
[[0;32m  OK  [0m] Reached target System Initialization.
[[0;32m  OK  [0m] Started dnf makecache --timer.
[[0;32m  OK  [0m] Started Daily Cleanup of Temporary Directories.
[[0;32m  OK  [0m] Listening on SSSD Kerberos Cache Manager responder socket.
[[0;32m  OK  [0m] Listening on D-Bus System Message Bus Socket.
[[0;32m  OK  [0m] Reached target Sockets.
[[0;32m  OK  [0m] Reached target Basic System.
         Starting Self Monitoring and Reporting Technology (SMART) Daemon...
[[0;32m  OK  [0m] Reached target sshd-keygen.target.
         Starting Authorization Manager...
         Starting NTP client/server...
[[0;32m  OK  [0m] Started irqbalance daemon.
[[0;32m  OK  [0m] Started D-Bus System Message Bus.
         Starting Network Manager...
[[0;32m  OK  [0m] Started Machine Check Exception Logging Daemon.
[[0;32m  OK  [0m] Started daily update of the root trust anchor for DNSSEC.
[[0;32m  OK  [0m] Reached target Timers.
         Starting Auto-connect to subsystemsâ€¦-NVME devices found during boot...
         Starting Login Service...
[[0;32m  OK  [0m] Started Self Monitoring and Reporting Technology (SMART) Daemon.
[[0;32m  OK  [0m] Started Auto-connect to subsystems â€¦FC-NVME devices found during boot.
         Starting update of the root trust aâ€¦or DNSSEC validation in unbound...
[[0;32m  OK  [0m] Started Login Service.
[[0;32m  OK  [0m] Started Network Manager.
[[0;32m  OK  [0m] Reached target Network.
         Starting Dynamic System Tuning Daemon...
         Starting GSSAPI Proxy Daemon...
         Starting OpenSSH server daemon...
         Starting Network Manager Wait Online...
[[0;32m  OK  [0m] Started NTP client/server.
[[0;32m  OK  [0m] Started Authorization Manager.
[[0;32m  OK  [0m] Started update of the root trust anâ€¦ for DNSSEC validation in unbound.
         Starting Hostname Service...
[[0;32m  OK  [0m] Started OpenSSH server daemon.
[[0;32m  OK  [0m] Started GSSAPI Proxy Daemon.
[[0;32m  OK  [0m] Reached target NFS client services.
[[0;32m  OK  [0m] Reached target Remote File Systems (Pre).
[[0;32m  OK  [0m] Reached target Remote File Systems.
         Starting Permit User Sessions...
[[0;32m  OK  [0m] Started Permit User Sessions.
         Starting Terminate Plymouth Boot Screen...
[[0;32m  OK  [0m] Started Command Scheduler.
         Starting Hold until boot process finishes up...
[    6.961198] e1000: eth0 NIC Link is Up 1000 Mbps Full Duplex, Flow Control: RX
[    6.961979] IPv6: ADDRCONF(NETDEV_CHANGE): eth0: link becomes ready
[    7.269324] Spectre V2 : WARNING: Unprivileged eBPF is enabled with eIBRS on, data leaks possible via Spectre v2 BHB attacks!
[    7.270246] Spectre V2 : WARNING: Unprivileged eBPF is enabled with eIBRS on, data leaks possible via Spectre v2 BHB attacks!

CentOS Stream 8
Kernel 6.2.0-c9c3395d5e3d on an x86_64

test login: [   28.628154] ------------[ cut here ]------------
[   28.628394] WARNING: CPU: 0 PID: 550 at lib/iov_iter.c:629 _copy_from_iter+0x130/0xa60
[   28.628778] Modules linked in:
[   28.628940] CPU: 0 PID: 550 Comm: repro Not tainted 6.2.0-c9c3395d5e3d #1
[   28.629300] Hardware name: QEMU Standard PC (i440FX + PIIX, 1996), BIOS rel-1.14.0-0-g155821a1990b-prebuilt.qemu.org 04/01/2014
[   28.629849] RIP: 0010:_copy_from_iter+0x130/0xa60
[   28.630090] Code: 41 5e 41 5f 5d c3 cc cc cc cc e8 2b e6 57 ff be 79 02 00 00 48 c7 c7 4d f3 92 83 e8 ca ec 79 ff e9 3f ff ff ff e8 10 e6 57 ff <0f> 0b 31 db eb ac e8 05 e6 57 ff 31 ff 44 89 f6 e8 5b e7 57 ff 45
[   28.630968] RSP: 0018:ffffc900010079a8 EFLAGS: 00010246
[   28.631234] RAX: 0000000000000000 RBX: 00000000000000c3 RCX: ffffffff81d43a43
[   28.631584] RDX: 0000000000000000 RSI: ffff88800c4f8000 RDI: 0000000000000002
[   28.631932] RBP: ffffc90001007a38 R08: 0000000000000000 R09: 000000000000ffff
[   28.632278] R10: ffffc90001007c28 R11: 0000000000000000 R12: ffffc90001007af0
[   28.632623] R13: 0000000000000000 R14: ffffea0000314200 R15: 0000000000000000
[   28.632971] FS:  00007f264dd6b740(0000) GS:ffff88807dc00000(0000) knlGS:0000000000000000
[   28.633377] CS:  0010 DS: 0000 ES: 0000 CR0: 0000000080050033
[   28.633662] CR2: 0000000020000041 CR3: 000000000a360004 CR4: 0000000000770ef0
[   28.634030] DR0: 0000000000000000 DR1: 0000000000000000 DR2: 0000000000000000
[   28.634377] DR3: 0000000000000000 DR6: 00000000ffff07f0 DR7: 0000000000000400
[   28.634725] PKRU: 55555554
[   28.634868] Call Trace:
[   28.634996]  <TASK>
[   28.635113]  ? __sanitizer_cov_trace_pc+0x25/0x60
[   28.635356]  ? bio_add_hw_page+0x234/0x2e0
[   28.635576]  ? write_comp_data+0x2f/0x90
[   28.635782]  copy_page_from_iter+0x1aa/0x370
[   28.636001]  ? write_comp_data+0x2f/0x90
[   28.636211]  blk_rq_map_user_iov+0x531/0xa70
[   28.636446]  blk_rq_map_user+0x86/0xc0
[   28.636645]  blk_rq_map_user_io+0xbe/0xd0
[   28.636855]  sg_common_write.isra.22+0x5fd/0xb10
[   28.637113]  sg_new_write.isra.23+0x24d/0x460
[   28.637342]  ? __this_cpu_preempt_check+0x20/0x30
[   28.637589]  ? lock_is_held_type+0xe6/0x140
[   28.637815]  ? write_comp_data+0x2f/0x90
[   28.638017]  ? __sanitizer_cov_trace_pc+0x25/0x60
[   28.638258]  ? scsi_block_when_processing_errors+0x152/0x190
[   28.638547]  ? write_comp_data+0x2f/0x90
[   28.638752]  sg_ioctl+0xc2f/0x1340
[   28.638934]  ? __sanitizer_cov_trace_pc+0x25/0x60
[   28.639175]  ? __sanitizer_cov_trace_pc+0x25/0x60
[   28.639414]  ? write_comp_data+0x2f/0x90
[   28.639620]  __x64_sys_ioctl+0x10e/0x160
[   28.639824]  ? __pfx_sg_ioctl+0x10/0x10
[   28.640025]  do_syscall_64+0x3b/0x90
[   28.640321]  entry_SYSCALL_64_after_hwframe+0x72/0xdc
[   28.640839] RIP: 0033:0x7f264de9059d
[   28.641073] Code: 00 c3 66 2e 0f 1f 84 00 00 00 00 00 90 f3 0f 1e fa 48 89 f8 48 89 f7 48 89 d6 48 89 ca 4d 89 c2 4d 89 c8 4c 8b 4c 24 08 0f 05 <48> 3d 01 f0 ff ff 73 01 c3 48 8b 0d d3 08 0d 00 f7 d8 64 89 01 48
[   28.641990] RSP: 002b:00007fff4573c498 EFLAGS: 00000202 ORIG_RAX: 0000000000000010
[   28.642432] RAX: ffffffffffffffda RBX: 0000000000000000 RCX: 00007f264de9059d
[   28.642843] RDX: 0000000020000240 RSI: 0000000000002285 RDI: 0000000000000003
[   28.643217] RBP: 00007fff4573c4b0 R08: 002367732f766564 R09: 00007fff4573c590
[   28.643607] R10: 000000000000001f R11: 0000000000000202 R12: 00000000004010a0
[   28.644018] R13: 00007fff4573c590 R14: 0000000000000000 R15: 0000000000000000
[   28.644372]  </TASK>
[   28.644489] irq event stamp: 4933
[   28.644660] hardirqs last  enabled at (4941): [<ffffffff811d4a61>] __up_console_sem+0x91/0xb0
[   28.645094] hardirqs last disabled at (4950): [<ffffffff811d4a46>] __up_console_sem+0x76/0xb0
[   28.645514] softirqs last  enabled at (4850): [<ffffffff82f9c233>] __do_softirq+0x323/0x48a
[   28.645924] softirqs last disabled at (4845): [<ffffffff81123152>] irq_exit_rcu+0xd2/0x100
[   28.646327] ---[ end trace 0000000000000000 ]---
