c[?7l[2J[0mSeaBIOS (version rel-1.14.0-0-g155821a1990b-prebuilt.qemu.org)


iPXE (http://ipxe.org) 00:03.0 CA00 PCI2.10 PnP PMM+7FF8F030+7FEEF030 CA00
Press Ctrl-B to configure iPXE (PCI 00:03.0)...                                                                               


Booting from ROM..c[?7l[2J[    0.000000] Linux version 6.1.0-rc6-e3bf3df82467+ (root@p-mtlp02) (gcc (GCC) 8.5.0 20210514 (Red Hat 8.5.0-18), GNU ld version 2.36.1-2.el8) #1 SMP PREEMPT_DYNAMIC Mon Feb 20 22:07:18 CST 2023
[    0.000000] Command line: console=ttyS0 root=/dev/sda earlyprintk=serial net.ifnames=0
[    0.000000] KERNEL supported cpus:
[    0.000000]   Intel GenuineIntel
[    0.000000]   AMD AuthenticAMD
[    0.000000]   Hygon HygonGenuine
[    0.000000]   Centaur CentaurHauls
[    0.000000]   zhaoxin   Shanghai  
[    0.000000] x86/split lock detection: #DB: warning on user-space bus_locks
[    0.000000] x86/fpu: Supporting XSAVE feature 0x001: 'x87 floating point registers'
[    0.000000] x86/fpu: Supporting XSAVE feature 0x002: 'SSE registers'
[    0.000000] x86/fpu: Supporting XSAVE feature 0x004: 'AVX registers'
[    0.000000] x86/fpu: Supporting XSAVE feature 0x200: 'Protection Keys User registers'
[    0.000000] x86/fpu: xstate_offset[2]:  576, xstate_sizes[2]:  256
[    0.000000] x86/fpu: xstate_offset[9]:  832, xstate_sizes[9]:    8
[    0.000000] x86/fpu: Enabled xstate features 0x207, context size is 840 bytes, using 'compacted' format.
[    0.000000] signal: max sigframe size: 3632
[    0.000000] BIOS-provided physical RAM map:
[    0.000000] BIOS-e820: [mem 0x0000000000000000-0x000000000009fbff] usable
[    0.000000] BIOS-e820: [mem 0x000000000009fc00-0x000000000009ffff] reserved
[    0.000000] BIOS-e820: [mem 0x00000000000f0000-0x00000000000fffff] reserved
[    0.000000] BIOS-e820: [mem 0x0000000000100000-0x000000007ffdffff] usable
[    0.000000] BIOS-e820: [mem 0x000000007ffe0000-0x000000007fffffff] reserved
[    0.000000] BIOS-e820: [mem 0x00000000feffc000-0x00000000feffffff] reserved
[    0.000000] BIOS-e820: [mem 0x00000000fffc0000-0x00000000ffffffff] reserved
[    0.000000] printk: bootconsole [earlyser0] enabled
[    0.000000] NX (Execute Disable) protection: active
[    0.000000] SMBIOS 2.8 present.
[    0.000000] DMI: QEMU Standard PC (i440FX + PIIX, 1996), BIOS rel-1.14.0-0-g155821a1990b-prebuilt.qemu.org 04/01/2014
[    0.000000] Hypervisor detected: KVM
[    0.000000] kvm-clock: Using msrs 4b564d01 and 4b564d00
[    0.000003] kvm-clock: using sched offset of 424837386 cycles
[    0.000400] clocksource: kvm-clock: mask: 0xffffffffffffffff max_cycles: 0x1cd42e4dffb, max_idle_ns: 881590591483 ns
[    0.001614] tsc: Detected 2188.800 MHz processor
[    0.007920] last_pfn = 0x7ffe0 max_arch_pfn = 0x400000000
[    0.008360] x86/PAT: Configuration [0-7]: WB  WC  UC- UC  WB  WP  UC- WT  
[    0.017747] found SMP MP-table at [mem 0x000f5a90-0x000f5a9f]
[    0.018307] Using GB pages for direct mapping
[    0.019959] ACPI: Early table checksum verification disabled
[    0.020417] ACPI: RSDP 0x00000000000F5870 000014 (v00 BOCHS )
[    0.020863] ACPI: RSDT 0x000000007FFE1959 000034 (v01 BOCHS  BXPC     00000001 BXPC 00000001)
[    0.021522] ACPI: FACP 0x000000007FFE1805 000074 (v01 BOCHS  BXPC     00000001 BXPC 00000001)
[    0.022175] ACPI: DSDT 0x000000007FFE0040 0017C5 (v01 BOCHS  BXPC     00000001 BXPC 00000001)
[    0.022849] ACPI: FACS 0x000000007FFE0000 000040
[    0.023211] ACPI: APIC 0x000000007FFE1879 000080 (v01 BOCHS  BXPC     00000001 BXPC 00000001)
[    0.023862] ACPI: HPET 0x000000007FFE18F9 000038 (v01 BOCHS  BXPC     00000001 BXPC 00000001)
[    0.024516] ACPI: WAET 0x000000007FFE1931 000028 (v01 BOCHS  BXPC     00000001 BXPC 00000001)
[    0.025161] ACPI: Reserving FACP table memory at [mem 0x7ffe1805-0x7ffe1878]
[    0.025689] ACPI: Reserving DSDT table memory at [mem 0x7ffe0040-0x7ffe1804]
[    0.026214] ACPI: Reserving FACS table memory at [mem 0x7ffe0000-0x7ffe003f]
[    0.026752] ACPI: Reserving APIC table memory at [mem 0x7ffe1879-0x7ffe18f8]
[    0.027277] ACPI: Reserving HPET table memory at [mem 0x7ffe18f9-0x7ffe1930]
[    0.027800] ACPI: Reserving WAET table memory at [mem 0x7ffe1931-0x7ffe1958]
[    0.029162] No NUMA configuration found
[    0.029455] Faking a node at [mem 0x0000000000000000-0x000000007ffdffff]
[    0.030017] NODE_DATA(0) allocated [mem 0x7ffb5000-0x7ffdffff]
[    0.033423] Zone ranges:
[    0.033614]   DMA      [mem 0x0000000000001000-0x0000000000ffffff]
[    0.034077]   DMA32    [mem 0x0000000001000000-0x000000007ffdffff]
[    0.034551]   Normal   empty
[    0.034779]   Device   empty
[    0.035001] Movable zone start for each node
[    0.035325] Early memory node ranges
[    0.035592]   node   0: [mem 0x0000000000001000-0x000000000009efff]
[    0.036061]   node   0: [mem 0x0000000000100000-0x000000007ffdffff]
[    0.036527] Initmem setup node 0 [mem 0x0000000000001000-0x000000007ffdffff]
[    0.037561] On node 0, zone DMA: 1 pages in unavailable ranges
[    0.037703] On node 0, zone DMA: 97 pages in unavailable ranges
[    0.063167] On node 0, zone DMA32: 32 pages in unavailable ranges
[    0.063903] ACPI: PM-Timer IO Port: 0x608
[    0.064685] ACPI: LAPIC_NMI (acpi_id[0xff] dfl dfl lint[0x1])
[    0.065207] IOAPIC[0]: apic_id 0, version 17, address 0xfec00000, GSI 0-23
[    0.065739] ACPI: INT_SRC_OVR (bus 0 bus_irq 0 global_irq 2 dfl dfl)
[    0.066215] ACPI: INT_SRC_OVR (bus 0 bus_irq 5 global_irq 5 high level)
[    0.066721] ACPI: INT_SRC_OVR (bus 0 bus_irq 9 global_irq 9 high level)
[    0.067219] ACPI: INT_SRC_OVR (bus 0 bus_irq 10 global_irq 10 high level)
[    0.067726] ACPI: INT_SRC_OVR (bus 0 bus_irq 11 global_irq 11 high level)
[    0.068251] ACPI: Using ACPI (MADT) for SMP configuration information
[    0.068727] ACPI: HPET id: 0x8086a201 base: 0xfed00000
[    0.069134] TSC deadline timer available
[    0.069431] smpboot: Allowing 2 CPUs, 0 hotplug CPUs
[    0.069893] kvm-guest: KVM setup pv remote TLB flush
[    0.070265] kvm-guest: setup PV sched yield
[    0.070688] PM: hibernation: Registered nosave memory: [mem 0x00000000-0x00000fff]
[    0.071275] PM: hibernation: Registered nosave memory: [mem 0x0009f000-0x0009ffff]
[    0.071827] PM: hibernation: Registered nosave memory: [mem 0x000a0000-0x000effff]
[    0.072373] PM: hibernation: Registered nosave memory: [mem 0x000f0000-0x000fffff]
[    0.072927] [mem 0x80000000-0xfeffbfff] available for PCI devices
[    0.073371] Booting paravirtualized kernel on KVM
[    0.073739] clocksource: refined-jiffies: mask: 0xffffffff max_cycles: 0xffffffff, max_idle_ns: 7645519600211568 ns
[    0.074573] setup_percpu: NR_CPUS:8192 nr_cpumask_bits:2 nr_cpu_ids:2 nr_node_ids:1
[    0.076806] percpu: Embedded 64 pages/cpu s225280 r8192 d28672 u1048576
[    0.077509] kvm-guest: PV spinlocks enabled
[    0.077830] PV qspinlock hash table entries: 256 (order: 0, 4096 bytes, linear)
[    0.078412] Fallback order for Node 0: 0 
[    0.078740] Built 1 zonelists, mobility grouping on.  Total pages: 515808
[    0.079241] Policy zone: DMA32
[    0.079469] Kernel command line: net.ifnames=0 console=ttyS0 root=/dev/sda earlyprintk=serial net.ifnames=0
[    0.082062] Dentry cache hash table entries: 262144 (order: 9, 2097152 bytes, linear)
[    0.082763] Inode-cache hash table entries: 131072 (order: 8, 1048576 bytes, linear)
[    0.083460] mem auto-init: stack:off, heap alloc:off, heap free:off
[    0.087711] Memory: 1985384K/2096632K available (32784K kernel code, 4692K rwdata, 7820K rodata, 3672K init, 22124K bss, 110992K reserved, 0K cma-reserved)
[    0.089739] SLUB: HWalign=64, Order=0-3, MinObjects=0, CPUs=2, Nodes=1
[    0.090197] kmemleak: Kernel memory leak detector disabled
[    0.090633] ftrace: allocating 67271 entries in 263 pages
[    0.120125] ftrace: allocated 263 pages with 4 groups
[    0.124077] Dynamic Preempt: voluntary
[    0.124499] Running RCU self tests
[    0.124748] rcu: Preemptible hierarchical RCU implementation.
[    0.125137] rcu: 	RCU lockdep checking is enabled.
[    0.125461] rcu: 	RCU restricting CPUs from NR_CPUS=8192 to nr_cpu_ids=2.
[    0.125923] 	Trampoline variant of Tasks RCU enabled.
[    0.126271] 	Rude variant of Tasks RCU enabled.
[    0.126591] 	Tracing variant of Tasks RCU enabled.
[    0.126917] rcu: RCU calculated value of scheduler-enlistment delay is 25 jiffies.
[    0.127432] rcu: Adjusting geometry for rcu_fanout_leaf=16, nr_cpu_ids=2
[    0.152759] NR_IRQS: 524544, nr_irqs: 440, preallocated irqs: 16
[    0.153525] rcu: srcu_init: Setting srcu_struct sizes based on contention.
[    0.160383] Console: colour VGA+ 80x25
[    0.160698] printk: console [ttyS0] enabled
[    0.160698] printk: console [ttyS0] enabled
[    0.161302] printk: bootconsole [earlyser0] disabled
[    0.161302] printk: bootconsole [earlyser0] disabled
[    0.161996] Lock dependency validator: Copyright (c) 2006 Red Hat, Inc., Ingo Molnar
[    0.162554] ... MAX_LOCKDEP_SUBCLASSES:  8
[    0.162853] ... MAX_LOCK_DEPTH:          48
[    0.163152] ... MAX_LOCKDEP_KEYS:        8192
[    0.163464] ... CLASSHASH_SIZE:          4096
[    0.163785] ... MAX_LOCKDEP_ENTRIES:     32768
[    0.164102] ... MAX_LOCKDEP_CHAINS:      65536
[    0.164418] ... CHAINHASH_SIZE:          32768
[    0.164735]  memory used by lock dependency info: 6365 kB
[    0.165115]  memory used for stack traces: 4224 kB
[    0.165461]  per task-struct memory footprint: 1920 bytes
[    0.165889] ACPI: Core revision 20220331
[    0.166423] clocksource: hpet: mask: 0xffffffff max_cycles: 0xffffffff, max_idle_ns: 19112604467 ns
[    0.167227] APIC: Switch to symmetric I/O mode setup
[    0.167768] x2apic enabled
[    0.168132] Switched APIC routing to physical x2apic.
[    0.168499] kvm-guest: setup PV IPIs
[    0.169596] ..TIMER: vector=0x30 apic1=0 pin1=2 apic2=-1 pin2=-1
[    0.170052] clocksource: tsc-early: mask: 0xffffffffffffffff max_cycles: 0x1f8cde9f8f9, max_idle_ns: 440795224246 ns
[    0.170936] Calibrating delay loop (skipped) preset value.. 4377.60 BogoMIPS (lpj=8755200)
[    0.174936] pid_max: default: 32768 minimum: 301
[    0.175418] LSM: Security Framework initializing
[    0.175760] Yama: becoming mindful.
[    0.176243] Mount-cache hash table entries: 4096 (order: 3, 32768 bytes, linear)
[    0.176788] Mountpoint-cache hash table entries: 4096 (order: 3, 32768 bytes, linear)
[    0.179045] CPU0: Thermal monitoring enabled (TM1)
[    0.179527] x86/cpu: User Mode Instruction Prevention (UMIP) activated
[    0.181711] Last level iTLB entries: 4KB 0, 2MB 0, 4MB 0
[    0.182176] Last level dTLB entries: 4KB 0, 2MB 0, 4MB 0, 1GB 0
[    0.182677] Spectre V1 : Mitigation: usercopy/swapgs barriers and __user pointer sanitization
[    0.182942] Spectre V2 : WARNING: Unprivileged eBPF is enabled with eIBRS on, data leaks possible via Spectre v2 BHB attacks!
[    0.183740] Spectre V2 : Mitigation: Enhanced IBRS
[    0.184075] Spectre V2 : Spectre v2 / SpectreRSB mitigation: Filling RSB on context switch
[    0.184644] Spectre V2 : Spectre v2 / PBRSB-eIBRS: Retire a single CALL on VMEXIT
[    0.185170] Spectre V2 : mitigation: Enabling conditional Indirect Branch Prediction Barrier
[    0.185794] Speculative Store Bypass: Mitigation: Speculative Store Bypass disabled via prctl
[    0.186920] MMIO Stale Data: Unknown: No mitigations
[    0.292539] Freeing SMP alternatives memory: 56K
[    0.293331] smpboot: CPU0: Genuine Intel(R) 0000 (family: 0x6, model: 0xaa, stepping: 0x2)
[    0.294434] cblist_init_generic: Setting adjustable number of callback queues.
[    0.294917] cblist_init_generic: Setting shift to 1 and lim to 1.
[    0.294917] cblist_init_generic: Setting shift to 1 and lim to 1.
[    0.294917] cblist_init_generic: Setting shift to 1 and lim to 1.
[    0.294917] Running RCU-tasks wait API self tests
[    0.395112] Performance Events: generic architected perfmon, full-width counters, Intel PMU driver.
[    0.395836] ... version:                2
[    0.396110] ... bit width:              48
[    0.396403] ... generic registers:      8
[    0.396675] ... value mask:             0000ffffffffffff
[    0.397031] ... max period:             00007fffffffffff
[    0.397390] ... fixed-purpose events:   3
[    0.397661] ... event mask:             00000007000000ff
[    0.398520] rcu: Hierarchical SRCU implementation.
[    0.398847] rcu: 	Max phase no-delay instances is 1000.
[    0.401663] smp: Bringing up secondary CPUs ...
[    0.402977] x86: Booting SMP configuration:
[    0.403317] .... node  #0, CPUs:      #1
[    0.016908] smpboot: CPU 1 Converting physical 0 to logical die 1
[    0.407084] smp: Brought up 1 node, 2 CPUs
[    0.407327] smpboot: Max logical packages: 2
[    0.407617] smpboot: Total of 2 processors activated (8755.20 BogoMIPS)
[    0.411960] devtmpfs: initialized
[    0.411960] x86/mm: Memory block size: 128MB
[    0.414935] Callback from call_rcu_tasks_trace() invoked.
[    0.415730] clocksource: jiffies: mask: 0xffffffff max_cycles: 0xffffffff, max_idle_ns: 7645041785100000 ns
[    0.416015] futex hash table entries: 512 (order: 4, 65536 bytes, linear)
[    0.416742] pinctrl core: initialized pinctrl subsystem
[    0.417616] 
[    0.417726] *************************************************************
[    0.418927] **     NOTICE NOTICE NOTICE NOTICE NOTICE NOTICE NOTICE    **
[    0.419407] **                                                         **
[    0.419864] **  IOMMU DebugFS SUPPORT HAS BEEN ENABLED IN THIS KERNEL  **
[    0.420317] **                                                         **
[    0.420769] ** This means that this kernel is built to expose internal **
[    0.421220] ** IOMMU data structures, which may compromise security on **
[    0.421675] ** your system.                                            **
[    0.422130] **                                                         **
[    0.422587] ** If you see this message and you are not debugging the   **
[    0.422925] ** kernel, report this immediately to your vendor!         **
[    0.423449] **                                                         **
[    0.423916] **     NOTICE NOTICE NOTICE NOTICE NOTICE NOTICE NOTICE    **
[    0.424367] *************************************************************
[    0.424862] PM: RTC time: 14:07:44, date: 2023-02-20
[    0.429414] NET: Registered PF_NETLINK/PF_ROUTE protocol family
[    0.430378] DMA: preallocated 256 KiB GFP_KERNEL pool for atomic allocations
[    0.430867] DMA: preallocated 256 KiB GFP_KERNEL|GFP_DMA pool for atomic allocations
[    0.430936] DMA: preallocated 256 KiB GFP_KERNEL|GFP_DMA32 pool for atomic allocations
[    0.431527] audit: initializing netlink subsys (disabled)
[    0.431979] audit: type=2000 audit(1676902065.109:1): state=initialized audit_enabled=0 res=1
[    0.431979] thermal_sys: Registered thermal governor 'fair_share'
[    0.431979] thermal_sys: Registered thermal governor 'bang_bang'
[    0.432150] thermal_sys: Registered thermal governor 'step_wise'
[    0.432553] thermal_sys: Registered thermal governor 'user_space'
[    0.433040] cpuidle: using governor ladder
[    0.434934] cpuidle: using governor menu
[    0.435601] acpiphp: ACPI Hot Plug PCI Controller Driver version: 0.5
[    0.436374] PCI: Using configuration type 1 for base access
[    0.453435] kprobes: kprobe jump-optimization is enabled. All kprobes are optimized if possible.
[    0.711241] HugeTLB: registered 1.00 GiB page size, pre-allocated 0 pages
[    0.711735] HugeTLB: 16380 KiB vmemmap can be freed for a 1.00 GiB page
[    0.712228] HugeTLB: registered 2.00 MiB page size, pre-allocated 0 pages
[    0.712722] HugeTLB: 28 KiB vmemmap can be freed for a 2.00 MiB page
[    0.714775] ACPI: Added _OSI(Module Device)
[    0.714926] ACPI: Added _OSI(Processor Device)
[    0.715253] ACPI: Added _OSI(3.0 _SCP Extensions)
[    0.715601] ACPI: Added _OSI(Processor Aggregator Device)
[    0.722948] ACPI: 1 ACPI AML tables successfully acquired and loaded
[    0.726318] ACPI: Interpreter enabled
[    0.726659] ACPI: PM: (supports S0 S3 S4 S5)
[    0.726923] ACPI: Using IOAPIC for interrupt routing
[    0.727335] PCI: Using host bridge windows from ACPI; if necessary, use "pci=nocrs" and report a bug
[    0.728005] PCI: Using E820 reservations for host bridge windows
[    0.729064] ACPI: Enabled 2 GPEs in block 00 to 0F
[    0.744393] ACPI: PCI Root Bridge [PCI0] (domain 0000 [bus 00-ff])
[    0.744874] acpi PNP0A03:00: _OSC: OS supports [ASPM ClockPM Segments MSI EDR HPX-Type3]
[    0.745468] acpi PNP0A03:00: _OSC: not requesting OS control; OS requires [ExtendedConfig ASPM ClockPM MSI]
[    0.746231] acpi PNP0A03:00: fail to add MMCONFIG information, can't access extended PCI configuration space under this bridge.
[    0.749195] acpiphp: Slot [3] registered
[    0.749545] acpiphp: Slot [4] registered
[    0.749899] acpiphp: Slot [5] registered
[    0.750253] acpiphp: Slot [6] registered
[    0.750614] acpiphp: Slot [7] registered
[    0.750970] acpiphp: Slot [8] registered
[    0.751322] acpiphp: Slot [9] registered
[    0.751680] acpiphp: Slot [10] registered
[    0.752045] acpiphp: Slot [11] registered
[    0.752404] acpiphp: Slot [12] registered
[    0.752764] acpiphp: Slot [13] registered
[    0.753123] acpiphp: Slot [14] registered
[    0.753483] acpiphp: Slot [15] registered
[    0.753857] acpiphp: Slot [16] registered
[    0.754226] acpiphp: Slot [17] registered
[    0.754587] acpiphp: Slot [18] registered
[    0.754967] acpiphp: Slot [19] registered
[    0.755327] acpiphp: Slot [20] registered
[    0.755697] acpiphp: Slot [21] registered
[    0.756055] acpiphp: Slot [22] registered
[    0.756415] acpiphp: Slot [23] registered
[    0.756777] acpiphp: Slot [24] registered
[    0.757135] acpiphp: Slot [25] registered
[    0.757501] acpiphp: Slot [26] registered
[    0.757862] acpiphp: Slot [27] registered
[    0.758223] acpiphp: Slot [28] registered
[    0.758580] acpiphp: Slot [29] registered
[    0.758942] acpiphp: Slot [30] registered
[    0.759312] acpiphp: Slot [31] registered
[    0.759635] PCI host bridge to bus 0000:00
[    0.759939] pci_bus 0000:00: root bus resource [io  0x0000-0x0cf7 window]
[    0.760440] pci_bus 0000:00: root bus resource [io  0x0d00-0xffff window]
[    0.760939] pci_bus 0000:00: root bus resource [mem 0x000a0000-0x000bffff window]
[    0.761485] pci_bus 0000:00: root bus resource [mem 0x80000000-0xfebfffff window]
[    0.762033] pci_bus 0000:00: root bus resource [mem 0x100000000-0x17fffffff window]
[    0.762600] pci_bus 0000:00: root bus resource [bus 00-ff]
[    0.763012] pci 0000:00:00.0: [8086:1237] type 00 class 0x060000
[    0.766134] pci 0000:00:01.0: [8086:7000] type 00 class 0x060100
[    0.767224] pci 0000:00:01.1: [8086:7010] type 00 class 0x010180
[    0.768856] pci 0000:00:01.1: reg 0x20: [io  0xc040-0xc04f]
[    0.769808] pci 0000:00:01.1: legacy IDE quirk: reg 0x10: [io  0x01f0-0x01f7]
[    0.770336] pci 0000:00:01.1: legacy IDE quirk: reg 0x14: [io  0x03f6]
[    0.770818] pci 0000:00:01.1: legacy IDE quirk: reg 0x18: [io  0x0170-0x0177]
[    0.770923] pci 0000:00:01.1: legacy IDE quirk: reg 0x1c: [io  0x0376]
[    0.771665] pci 0000:00:01.3: [8086:7113] type 00 class 0x068000
[    0.772394] pci 0000:00:01.3: quirk: [io  0x0600-0x063f] claimed by PIIX4 ACPI
[    0.772931] pci 0000:00:01.3: quirk: [io  0x0700-0x070f] claimed by PIIX4 SMB
[    0.773736] pci 0000:00:02.0: [1234:1111] type 00 class 0x030000
[    0.775630] pci 0000:00:02.0: reg 0x10: [mem 0xfd000000-0xfdffffff pref]
[    0.779575] pci 0000:00:02.0: reg 0x18: [mem 0xfebf0000-0xfebf0fff]
[    0.786611] pci 0000:00:02.0: reg 0x30: [mem 0xfebe0000-0xfebeffff pref]
[    0.787119] pci 0000:00:02.0: Video device with shadowed ROM at [mem 0x000c0000-0x000dffff]
[    0.790618] pci 0000:00:03.0: [8086:100e] type 00 class 0x020000
[    0.791802] pci 0000:00:03.0: reg 0x10: [mem 0xfebc0000-0xfebdffff]
[    0.792658] pci 0000:00:03.0: reg 0x14: [io  0xc000-0xc03f]
[    0.794924] pci 0000:00:03.0: reg 0x30: [mem 0xfeb80000-0xfebbffff pref]
[    0.805742] ACPI: PCI: Interrupt link LNKA configured for IRQ 10
[    0.806520] ACPI: PCI: Interrupt link LNKB configured for IRQ 10
[    0.807248] ACPI: PCI: Interrupt link LNKC configured for IRQ 11
[    0.808009] ACPI: PCI: Interrupt link LNKD configured for IRQ 11
[    0.808604] ACPI: PCI: Interrupt link LNKS configured for IRQ 9
[    0.810389] iommu: Default domain type: Translated 
[    0.810737] iommu: DMA domain TLB invalidation policy: lazy mode 
[    0.812045] SCSI subsystem initialized
[    0.812618] ACPI: bus type USB registered
[    0.812992] usbcore: registered new interface driver usbfs
[    0.813448] usbcore: registered new interface driver hub
[    0.813865] usbcore: registered new device driver usb
[    0.814345] pps_core: LinuxPPS API ver. 1 registered
[    0.814711] pps_core: Software ver. 5.3.6 - Copyright 2005-2007 Rodolfo Giometti <giometti@linux.it>
[    0.814932] PTP clock support registered
[    0.815377] EDAC MC: Ver: 3.0.0
[    0.817667] NetLabel: Initializing
[    0.817933] NetLabel:  domain hash size = 128
[    0.818256] NetLabel:  protocols = UNLABELED CIPSOv4 CALIPSO
[    0.818735] NetLabel:  unlabeled traffic allowed by default
[    0.851203] PCI: Using ACPI for IRQ routing
[    0.851730] pci 0000:00:02.0: vgaarb: setting as boot VGA device
[    0.852190] pci 0000:00:02.0: vgaarb: bridge control possible
[    0.852611] pci 0000:00:02.0: vgaarb: VGA device added: decodes=io+mem,owns=io+mem,locks=none
[    0.853228] vgaarb: loaded
[    0.853788] hpet0: at MMIO 0xfed00000, IRQs 2, 8, 0
[    0.854164] hpet0: 3 comparators, 64-bit 100.000000 MHz counter
[    2.907839] clocksource: Switched to clocksource kvm-clock
[    2.949538] Callback from call_rcu_tasks_rude() invoked.
[    3.019002] Callback from call_rcu_tasks() invoked.
[    3.064608] VFS: Disk quotas dquot_6.6.0
[    3.064949] VFS: Dquot-cache hash table entries: 512 (order 0, 4096 bytes)
[    3.065734] pnp: PnP ACPI init
[    3.067792] pnp: PnP ACPI: found 6 devices
[    3.078667] clocksource: acpi_pm: mask: 0xffffff max_cycles: 0xffffff, max_idle_ns: 2085701024 ns
[    3.079629] NET: Registered PF_INET protocol family
[    3.080209] IP idents hash table entries: 32768 (order: 6, 262144 bytes, linear)
[    3.081797] tcp_listen_portaddr_hash hash table entries: 1024 (order: 4, 73728 bytes, linear)
[    3.082453] Table-perturb hash table entries: 65536 (order: 6, 262144 bytes, linear)
[    3.083066] TCP established hash table entries: 16384 (order: 5, 131072 bytes, linear)
[    3.083867] TCP bind hash table entries: 16384 (order: 9, 2359296 bytes, linear)
[    3.090038] TCP: Hash tables configured (established 16384 bind 16384)
[    3.090697] UDP hash table entries: 1024 (order: 5, 163840 bytes, linear)
[    3.091228] UDP-Lite hash table entries: 1024 (order: 5, 163840 bytes, linear)
[    3.091928] NET: Registered PF_UNIX/PF_LOCAL protocol family
[    3.093137] RPC: Registered named UNIX socket transport module.
[    3.093577] RPC: Registered udp transport module.
[    3.093909] RPC: Registered tcp transport module.
[    3.094237] RPC: Registered tcp NFSv4.1 backchannel transport module.
[    3.094714] pci_bus 0000:00: resource 4 [io  0x0000-0x0cf7 window]
[    3.095165] pci_bus 0000:00: resource 5 [io  0x0d00-0xffff window]
[    3.095615] pci_bus 0000:00: resource 6 [mem 0x000a0000-0x000bffff window]
[    3.096106] pci_bus 0000:00: resource 7 [mem 0x80000000-0xfebfffff window]
[    3.096608] pci_bus 0000:00: resource 8 [mem 0x100000000-0x17fffffff window]
[    3.097308] pci 0000:00:01.0: PIIX3: Enabling Passive Release
[    3.097727] pci 0000:00:00.0: Limiting direct PCI/PCI transfers
[    3.098229] PCI: CLS 0 bytes, default 64
[    3.098594] ACPI: bus type thunderbolt registered
[    3.099263] clocksource: tsc: mask: 0xffffffffffffffff max_cycles: 0x1f8cde9f8f9, max_idle_ns: 440795224246 ns
[    3.106397] Initialise system trusted keyrings
[    3.106787] Key type blacklist registered
[    3.107575] workingset: timestamp_bits=36 max_order=19 bucket_order=0
[    3.117256] zbud: loaded
[    3.119426] squashfs: version 4.0 (2009/01/31) Phillip Lougher
[    3.121601] NFS: Registering the id_resolver key type
[    3.121962] Key type id_resolver registered
[    3.122257] Key type id_legacy registered
[    3.122642] nfs4filelayout_init: NFSv4 File Layout Driver Registering...
[    3.123154] nfs4flexfilelayout_init: NFSv4 Flexfile Layout Driver Registering...
[    3.123770] fuse: init (API version 7.37)
[    3.124342] SGI XFS with ACLs, security attributes, realtime, quota, no debug enabled
[    3.126846] 9p: Installing v9fs 9p2000 file system support
[    3.133528] Key type asymmetric registered
[    3.133843] Asymmetric key parser 'x509' registered
[    3.137322] alg: self-tests for CTR-KDF (hmac(sha256)) passed
[    3.138837] Block layer SCSI generic (bsg) driver version 0.4 loaded (major 243)
[    3.139798] io scheduler mq-deadline registered
[    3.140263] io scheduler bfq registered
[    3.141744] shpchp: Standard Hot Plug PCI Controller Driver version: 0.4
[    3.142597] IPMI message handler: version 39.2
[    3.143026] ipmi device interface
[    3.144771] input: Power Button as /devices/LNXSYSTM:00/LNXPWRBN:00/input/input0
[    3.145507] ACPI: button: Power Button [PWRF]
[    3.146705] ERST DBG: ERST support is disabled.
[    3.147802] Serial: 8250/16550 driver, 32 ports, IRQ sharing enabled
[    3.148918] 00:04: ttyS0 at I/O 0x3f8 (irq = 4, base_baud = 115200) is a 16550A
[    3.157079] Linux agpgart interface v0.103
[    3.158112] ACPI: bus type drm_connector registered
[    3.169800] brd: module loaded
[    3.177651] loop: module loaded
[    3.184366] scsi host0: ata_piix
[    3.185654] scsi host1: ata_piix
[    3.186068] ata1: PATA max MWDMA2 cmd 0x1f0 ctl 0x3f6 bmdma 0xc040 irq 14
[    3.186548] ata2: PATA max MWDMA2 cmd 0x170 ctl 0x376 bmdma 0xc048 irq 15
[    3.187952] tun: Universal TUN/TAP device driver, 1.6
[    3.188448] e100: Intel(R) PRO/100 Network Driver
[    3.188782] e100: Copyright(c) 1999-2006 Intel Corporation
[    3.189196] e1000: Intel(R) PRO/1000 Network Driver
[    3.189550] e1000: Copyright (c) 1999-2006 Intel Corporation.
[    3.347176] ata1: found unknown device (class 0)
[    3.347963] ata1.00: ATA-7: QEMU HARDDISK, 2.5+, max UDMA/100
[    3.348391] ata1.00: 16777216 sectors, multi 16: LBA48 
[    3.349505] scsi 0:0:0:0: Direct-Access     ATA      QEMU HARDDISK    2.5+ PQ: 0 ANSI: 5
[    3.350839] ata2: found unknown device (class 0)
[    3.351381] scsi 0:0:0:0: Attached scsi generic sg0 type 0
[    3.352492] sd 0:0:0:0: [sda] 16777216 512-byte logical blocks: (8.59 GB/8.00 GiB)
[    3.353073] ata2.00: ATAPI: QEMU DVD-ROM, 2.5+, max UDMA/100
[    3.353641] sd 0:0:0:0: [sda] Write Protect is off
[    3.354586] scsi 1:0:0:0: CD-ROM            QEMU     QEMU DVD-ROM     2.5+ PQ: 0 ANSI: 5
[    3.355958] sd 0:0:0:0: [sda] Write cache: enabled, read cache: enabled, doesn't support DPO or FUA
[    3.356647] sd 0:0:0:0: [sda] Preferred minimum I/O size 512 bytes
[    3.358134] ACPI: \_SB_.LNKC: Enabled at IRQ 11
[    3.374652] sd 0:0:0:0: [sda] Attached SCSI disk
[    3.388880] scsi 1:0:0:0: Attached scsi generic sg1 type 5
[    3.678495] e1000 0000:00:03.0 eth0: (PCI:33MHz:32-bit) 52:54:00:12:34:56
[    3.679060] e1000 0000:00:03.0 eth0: Intel(R) PRO/1000 Network Connection
[    3.679672] e1000e: Intel(R) PRO/1000 Network Driver
[    3.680028] e1000e: Copyright(c) 1999 - 2015 Intel Corporation.
[    3.680583] igb: Intel(R) Gigabit Ethernet Network Driver
[    3.680983] igb: Copyright (c) 2007-2014 Intel Corporation.
[    3.681486] PPP generic driver version 2.4.2
[    3.682152] VFIO - User Level meta-driver version: 0.3
[    3.683296] usbcore: registered new interface driver uas
[    3.683756] usbcore: registered new interface driver usb-storage
[    3.684341] i8042: PNP: PS/2 Controller [PNP0303:KBD,PNP0f13:MOU] at 0x60,0x64 irq 1,12
[    3.685545] serio: i8042 KBD port at 0x60,0x64 irq 1
[    3.685933] serio: i8042 AUX port at 0x60,0x64 irq 12
[    3.686866] mousedev: PS/2 mouse device common for all mice
[    3.687835] rtc_cmos 00:05: RTC can wake from S4
[    3.690635] rtc_cmos 00:05: registered as rtc0
[    3.691082] rtc_cmos 00:05: setting system clock to 2023-02-20T14:07:48 UTC (1676902068)
[    3.691899] input: AT Translated Set 2 keyboard as /devices/platform/i8042/serio0/input/input1
[    3.693329] input: VirtualPS/2 VMware VMMouse as /devices/platform/i8042/serio1/input/input4
[    3.694383] input: VirtualPS/2 VMware VMMouse as /devices/platform/i8042/serio1/input/input3
[    3.695383] rtc_cmos 00:05: alarms up to one day, y3k, 242 bytes nvram, hpet irqs
[    3.695969] i2c_dev: i2c /dev entries driver
[    3.696853] device-mapper: core: CONFIG_IMA_DISABLE_HTABLE is disabled. Duplicate IMA measurements will not be recorded in the IMA log.
[    3.697854] device-mapper: uevent: version 1.0.3
[    3.698470] device-mapper: ioctl: 4.47.0-ioctl (2022-07-28) initialised: dm-devel@redhat.com
[    3.699104] intel_pstate: CPU model not supported
[    3.699535] sdhci: Secure Digital Host Controller Interface driver
[    3.699970] sdhci: Copyright(c) Pierre Ossman
[    3.700360] sdhci-pltfm: SDHCI platform and OF driver helper
[    3.701147] ledtrig-cpu: registered to indicate activity on CPUs
[    3.701945] drop_monitor: Initializing network drop monitor service
[    3.702837] NET: Registered PF_INET6 protocol family
[    3.706515] Segment Routing with IPv6
[    3.706825] In-situ OAM (IOAM) with IPv6
[    3.707190] NET: Registered PF_PACKET protocol family
[    3.708118] 9pnet: Installing 9P2000 support
[    3.708517] Key type dns_resolver registered
[    3.709762] IPI shorthand broadcast: enabled
[    3.710134] sched_clock: Marking stable (3696538618, 12908573)->(3751644848, -42197657)
[    3.711318] registered taskstats version 1
[    3.711975] Loading compiled-in X.509 certificates
[    3.713155] zswap: loaded using pool lzo/zbud
[    3.714218] Key type .fscrypt registered
[    3.714514] Key type fscrypt-provisioning registered
[    3.717022] Key type encrypted registered
[    3.717380] ima: No TPM chip found, activating TPM-bypass!
[    3.717801] ima: Allocated hash algorithm: sha1
[    3.718189] ima: No architecture policies found
[    3.718598] evm: Initialising EVM extended attributes:
[    3.719008] evm: security.selinux
[    3.719250] evm: security.SMACK64
[    3.719489] evm: security.SMACK64EXEC
[    3.719757] evm: security.SMACK64TRANSMUTE
[    3.720072] evm: security.SMACK64MMAP
[    3.720346] evm: security.apparmor
[    3.720607] evm: security.ima
[    3.720833] evm: security.capability
[    3.721102] evm: HMAC attrs: 0x1
[    3.726042] PM:   Magic number: 11:28:132
[    3.726449] acpi device:07: hash matches
[    3.727139] RAS: Correctable Errors collector initialized.
[    3.728575] md: Waiting for all devices to be available before autodetect
[    3.728914] md: If you don't use raid, use raid=noautodetect
[    3.729203] md: Autodetecting RAID arrays.
[    3.729420] md: autorun ...
[    3.729565] md: ... autorun DONE.
[    3.740353] EXT4-fs (sda): mounted filesystem with ordered data mode. Quota mode: none.
[    3.740804] VFS: Mounted root (ext4 filesystem) readonly on device 8:0.
[    3.743904] devtmpfs: mounted
[    3.751299] Freeing unused decrypted memory: 2036K
[    3.753821] Freeing unused kernel image (initmem) memory: 3672K
[    3.763186] Write protecting the kernel read-only data: 43008k
[    3.767109] Freeing unused kernel image (text/rodata gap) memory: 2028K
[    3.768268] Freeing unused kernel image (rodata/data gap) memory: 372K
[    3.854818] x86/mm: Checked W+X mappings: passed, no W+X pages found.
[    3.855161] Run /sbin/init as init process
[    4.031435] systemd[1]: RTC configured in localtime, applying delta of 0 minutes to system time.
[    4.072564] systemd[1]: systemd 239 (239-49.el8) running in system mode. (+PAM +AUDIT +SELINUX +IMA -APPARMOR +SMACK +SYSVINIT +UTMP +LIBCRYPTSETUP +GCRYPT +GNUTLS +ACL +XZ +LZ4 +SECCOMP +BLKID +ELFUTILS +KMOD +IDN2 -IDN +PCRE2 default-hierarchy=legacy)
[    4.073731] systemd[1]: Detected virtualization kvm.
[    4.073972] systemd[1]: Detected architecture x86-64.

Welcome to [0;31mCentOS Stream 8[0m!

[    4.139403] systemd[1]: Set hostname to <test>.
[    5.210971] random: crng init done
[    5.400851] systemd[1]: Listening on LVM2 poll daemon socket.
[[0;32m  OK  [0m] Listening on LVM2 poll daemon socket.
[    5.404528] systemd[1]: Created slice system-getty.slice.
[[0;32m  OK  [0m] Created slice system-getty.slice.
[    5.406139] systemd[1]: Created slice system-serial\x2dgetty.slice.
[[0;32m  OK  [0m] Created slice system-serial\x2dgetty.slice.
[    5.407247] systemd[1]: Listening on multipathd control socket.
[[0;32m  OK  [0m] Listening on multipathd control socket.
[    5.414492] systemd[1]: Listening on Process Core Dump Socket.
[[0;32m  OK  [0m] Listening on Process Core Dump Socket.
[    5.416048] systemd[1]: Created slice User and Session Slice.
[[0;32m  OK  [0m] Created slice User and Session Slice.
[[0;32m  OK  [0m] Started Forward Password Requests to Wall Directory Watch.
[[0;32m  OK  [0m] Listening on Journal Socket (/dev/log).
[[0;32m  OK  [0m] Reached target Slices.
[[0;32m  OK  [0m] Created slice system-sshd\x2dkeygen.slice.
[[0;32m  OK  [0m] Listening on RPCbind Server Activation Socket.
[[0;32m  OK  [0m] Reached target RPC Port Mapper.
[[0;32m  OK  [0m] Listening on udev Control Socket.
[[0;32m  OK  [0m] Set up automount Arbitrary Executabâ€¦rmats File System Automount Point.
[[0;32m  OK  [0m] Listening on Journal Socket.
         Mounting Huge Pages File System...
         Starting Load Kernel Modules...
         Starting Journal Service...
         Mounting POSIX Message Queue File System...
         Starting Setup Virtual Console...
[[0;32m  OK  [0m] Listening on udev Kernel Socket.
         Starting Remount Root and Kernel File Systems...
         Starting udev Coldplug all Devices...
         Mounting Kernel Debug File System...
[[0;32m  OK  [0m] Listening on Device-mapper event daemon FIFOs.
         Starting Monitoring of LVM2 mirrorsâ€¦ng dmeventd or progress polling...
[[0;32m  OK  [0m] Listening on initctl Compatibility Named Pipe.
[[0;32m  OK  [0m] Reached target Swap.
[[0;32m  OK  [0m] Mounted Huge Pages File System.
[[0;1;31mFAILED[0m] Failed to start Load Kernel Modules.
See 'systemctl status systemd-modules-load.service' for details.
[[0;32m  OK  [0m] Started Journal Service.
[[0;32m  OK  [0m] Mounted POSIX Message Queue File System.
[[0;32m  OK  [0m] Mounted Kernel Debug File System.
         Mounting Kernel Configuration File System...
         Mounting FUSE Control File System...
         Starting Apply Kernel Variables...
[[0;32m  OK  [0m] Mounted FUSE Control File System.
[    5.816458] EXT4-fs (sda): re-mounted. Quota mode: none.
[[0;32m  OK  [0m] Mounted Kernel Configuration File System.
[[0;32m  OK  [0m] Started Remount Root and Kernel File Systems.
[[0;32m  OK  [0m] Started Apply Kernel Variables.
         Starting Flush Journal to Persistent Storage...
         Starting Load/Save Random Seed...
         Starting Create Static Device Nodes in /dev...
[[0;32m  OK  [0m] Started Setup Virtual Console.
[[0;32m  OK  [0m] Started Load/Save Random Seed.
[[0;32m  OK  [0m] Started Flush Journal to Persistent Storage.
[[0;32m  OK  [0m] Started Create Static Device Nodes in /dev.
         Starting udev Kernel Device Manager...
[[0;32m  OK  [0m] Started udev Coldplug all Devices.
         Starting udev Wait for Complete Device Initialization...
[[0;32m  OK  [0m] Started udev Kernel Device Manager.
         Starting Show Plymouth Boot Screen...
[[0;32m  OK  [0m] Started Show Plymouth Boot Screen.
[[0;32m  OK  [0m] Started Forward Password Requests to Plymouth Directory Watch.
[[0;32m  OK  [0m] Reached target Paths.
[[0;32m  OK  [0m] Reached target Local Encrypted Volumes.
[[0;32m  OK  [0m] Started Monitoring of LVM2 mirrors,â€¦sing dmeventd or progress polling.
[[0;32m  OK  [0m] Found device /dev/ttyS0.
[[0;32m  OK  [0m] Started udev Wait for Complete Device Initialization.
[[0;32m  OK  [0m] Listening on Load/Save RF Kill Switch Status /dev/rfkill Watch.
[[0;32m  OK  [0m] Reached target Local File Systems (Pre).
[[0;32m  OK  [0m] Reached target Local File Systems.
         Starting Restore /run/initramfs on shutdown...
         Starting Create Volatile Files and Directories...
         Starting Tell Plymouth To Write Out Runtime Data...
[[0;32m  OK  [0m] Started Restore /run/initramfs on shutdown.
[[0;32m  OK  [0m] Started Tell Plymouth To Write Out Runtime Data.
[[0;32m  OK  [0m] Started Create Volatile Files and Directories.
         Starting RPC Bind...
         Mounting RPC Pipe File System...
         Starting Security Auditing Service...
[[0;32m  OK  [0m] Mounted RPC Pipe File System.
[[0;32m  OK  [0m] Reached target rpc_pipefs.target.
[[0;32m  OK  [0m] Started RPC Bind.
[[0;32m  OK  [0m] Started Security Auditing Service.
         Starting Update UTMP about System Boot/Shutdown...
[[0;32m  OK  [0m] Started Update UTMP about System Boot/Shutdown.
[[0;32m  OK  [0m] Reached target System Initialization.
[[0;32m  OK  [0m] Started dnf makecache --timer.
[[0;32m  OK  [0m] Started Daily Cleanup of Temporary Directories.
[[0;32m  OK  [0m] Started daily update of the root trust anchor for DNSSEC.
[[0;32m  OK  [0m] Reached target Timers.
[[0;32m  OK  [0m] Listening on SSSD Kerberos Cache Manager responder socket.
[[0;32m  OK  [0m] Listening on D-Bus System Message Bus Socket.
[[0;32m  OK  [0m] Reached target Sockets.
[[0;32m  OK  [0m] Reached target Basic System.
         Starting Authorization Manager...
         Starting Self Monitoring and Reporting Technology (SMART) Daemon...
[[0;32m  OK  [0m] Started Machine Check Exception Logging Daemon.
         Starting NTP client/server...
[[0;32m  OK  [0m] Started irqbalance daemon.
         Starting Login Service...
[[0;32m  OK  [0m] Started D-Bus System Message Bus.
         Starting Network Manager...
         Starting Auto-connect to subsystemsâ€¦-NVME devices found during boot...
[[0;32m  OK  [0m] Reached target sshd-keygen.target.
[[0;32m  OK  [0m] Started Self Monitoring and Reporting Technology (SMART) Daemon.
[[0;32m  OK  [0m] Started Auto-connect to subsystems â€¦FC-NVME devices found during boot.
         Starting update of the root trust aâ€¦or DNSSEC validation in unbound...
[[0;32m  OK  [0m] Started Login Service.
[[0;32m  OK  [0m] Started NTP client/server.
[[0;32m  OK  [0m] Started update of the root trust anâ€¦ for DNSSEC validation in unbound.
[[0;32m  OK  [0m] Started Network Manager.
         Starting Network Manager Wait Online...
[[0;32m  OK  [0m] Reached target Network.
         Starting GSSAPI Proxy Daemon...
         Starting Dynamic System Tuning Daemon...
         Starting OpenSSH server daemon...
         Starting Hostname Service...
[[0;32m  OK  [0m] Started Authorization Manager.
[[0;32m  OK  [0m] Started GSSAPI Proxy Daemon.
[[0;32m  OK  [0m] Reached target NFS client services.
[[0;32m  OK  [0m] Reached target Remote File Systems (Pre).
[[0;32m  OK  [0m] Reached target Remote File Systems.
         Starting Permit User Sessions...
[[0;32m  OK  [0m] Started OpenSSH server daemon.
[[0;32m  OK  [0m] Started Permit User Sessions.
[[0;32m  OK  [0m] Started Command Scheduler.
         Starting Terminate Plymouth Boot Screen...
         Starting Hold until boot process finishes up...
[[0;32m  OK  [0m] Started Terminate Plymouth Boot Screen.
[[0;32m  OK  [0m] Started Hold until boot process finishes up.
[    7.851928] e1000: eth0 NIC Link is Up 1000 Mbps Full Duplex, Flow Control: RX
[    7.852873] IPv6: ADDRCONF(NETDEV_CHANGE): eth0: link becomes ready
[    8.221150] Spectre V2 : WARNING: Unprivileged eBPF is enabled with eIBRS on, data leaks possible via Spectre v2 BHB attacks!
[    8.221750] Spectre V2 : WARNING: Unprivileged eBPF is enabled with eIBRS on, data leaks possible via Spectre v2 BHB attacks!

CentOS Stream 8
Kernel 6.1.0-rc6-e3bf3df82467+ on an x86_64

test login: 