c[?7l[2J[0mSeaBIOS (version rel-1.16.0-0-gd239552ce722-prebuilt.qemu.org)


iPXE (http://ipxe.org) 00:03.0 CA00 PCI2.10 PnP PMM+7FF91000+7FEF1000 CA00
Press Ctrl-B to configure iPXE (PCI 00:03.0)...                                                                               


Booting from ROM..c[?7l[2J[    0.000000] Linux version 6.1.0-1ca06f1c1ace+ (root@p-tglh01.sh.intel.com) (gcc (GCC) 8.5.0 20210514 (Red Hat 8.5.0-18), GNU ld version 2.36.1-2.el8) #1 SMP PREEMPT_DYNAMIC Tue Mar 14 11:46:43 CST 2023
[    0.000000] Command line: console=ttyS0 root=/dev/sda earlyprintk=serial net.ifnames=0
[    0.000000] KERNEL supported cpus:
[    0.000000]   Intel GenuineIntel
[    0.000000]   AMD AuthenticAMD
[    0.000000]   Hygon HygonGenuine
[    0.000000]   Centaur CentaurHauls
[    0.000000]   zhaoxin   Shanghai  
[    0.000000] x86/fpu: Supporting XSAVE feature 0x001: 'x87 floating point registers'
[    0.000000] x86/fpu: Supporting XSAVE feature 0x002: 'SSE registers'
[    0.000000] x86/fpu: Supporting XSAVE feature 0x004: 'AVX registers'
[    0.000000] x86/fpu: Supporting XSAVE feature 0x020: 'AVX-512 opmask'
[    0.000000] x86/fpu: Supporting XSAVE feature 0x040: 'AVX-512 Hi256'
[    0.000000] x86/fpu: Supporting XSAVE feature 0x080: 'AVX-512 ZMM_Hi256'
[    0.000000] x86/fpu: Supporting XSAVE feature 0x200: 'Protection Keys User registers'
[    0.000000] x86/fpu: xstate_offset[2]:  576, xstate_sizes[2]:  256
[    0.000000] x86/fpu: xstate_offset[5]:  832, xstate_sizes[5]:   64
[    0.000000] x86/fpu: xstate_offset[6]:  896, xstate_sizes[6]:  512
[    0.000000] x86/fpu: xstate_offset[7]: 1408, xstate_sizes[7]: 1024
[    0.000000] x86/fpu: xstate_offset[9]: 2432, xstate_sizes[9]:    8
[    0.000000] x86/fpu: Enabled xstate features 0x2e7, context size is 2440 bytes, using 'compacted' format.
[    0.000000] signal: max sigframe size: 3632
[    0.000000] BIOS-provided physical RAM map:
[    0.000000] BIOS-e820: [mem 0x0000000000000000-0x000000000009fbff] usable
[    0.000000] BIOS-e820: [mem 0x000000000009fc00-0x000000000009ffff] reserved
[    0.000000] BIOS-e820: [mem 0x00000000000f0000-0x00000000000fffff] reserved
[    0.000000] BIOS-e820: [mem 0x0000000000100000-0x000000007ffdffff] usable
[    0.000000] BIOS-e820: [mem 0x000000007ffe0000-0x000000007fffffff] reserved
[    0.000000] BIOS-e820: [mem 0x00000000feffc000-0x00000000feffffff] reserved
[    0.000000] BIOS-e820: [mem 0x00000000fffc0000-0x00000000ffffffff] reserved
[    0.000000] printk: bootconsole [earlyser0] enabled
[    0.000000] NX (Execute Disable) protection: active
[    0.000000] SMBIOS 2.8 present.
[    0.000000] DMI: QEMU Standard PC (i440FX + PIIX, 1996), BIOS rel-1.16.0-0-gd239552ce722-prebuilt.qemu.org 04/01/2014
[    0.000000] Hypervisor detected: KVM
[    0.000000] kvm-clock: Using msrs 4b564d01 and 4b564d00
[    0.000005] kvm-clock: using sched offset of 485733510 cycles
[    0.000587] clocksource: kvm-clock: mask: 0xffffffffffffffff max_cycles: 0x1cd42e4dffb, max_idle_ns: 881590591483 ns
[    0.002413] tsc: Detected 3110.400 MHz processor
[    0.012644] last_pfn = 0x7ffe0 max_arch_pfn = 0x400000000
[    0.013362] x86/PAT: Configuration [0-7]: WB  WC  UC- UC  WB  WP  UC- WT  
[    0.024878] found SMP MP-table at [mem 0x000f5ba0-0x000f5baf]
[    0.025694] Using GB pages for direct mapping
[    0.027790] ACPI: Early table checksum verification disabled
[    0.028455] ACPI: RSDP 0x00000000000F59C0 000014 (v00 BOCHS )
[    0.029145] ACPI: RSDT 0x000000007FFE1951 000034 (v01 BOCHS  BXPC     00000001 BXPC 00000001)
[    0.030164] ACPI: FACP 0x000000007FFE17FD 000074 (v01 BOCHS  BXPC     00000001 BXPC 00000001)
[    0.031152] ACPI: DSDT 0x000000007FFE0040 0017BD (v01 BOCHS  BXPC     00000001 BXPC 00000001)
[    0.032160] ACPI: FACS 0x000000007FFE0000 000040
[    0.032710] ACPI: APIC 0x000000007FFE1871 000080 (v01 BOCHS  BXPC     00000001 BXPC 00000001)
[    0.033693] ACPI: HPET 0x000000007FFE18F1 000038 (v01 BOCHS  BXPC     00000001 BXPC 00000001)
[    0.034678] ACPI: WAET 0x000000007FFE1929 000028 (v01 BOCHS  BXPC     00000001 BXPC 00000001)
[    0.035657] ACPI: Reserving FACP table memory at [mem 0x7ffe17fd-0x7ffe1870]
[    0.036468] ACPI: Reserving DSDT table memory at [mem 0x7ffe0040-0x7ffe17fc]
[    0.037269] ACPI: Reserving FACS table memory at [mem 0x7ffe0000-0x7ffe003f]
[    0.038054] ACPI: Reserving APIC table memory at [mem 0x7ffe1871-0x7ffe18f0]
[    0.038873] ACPI: Reserving HPET table memory at [mem 0x7ffe18f1-0x7ffe1928]
[    0.039671] ACPI: Reserving WAET table memory at [mem 0x7ffe1929-0x7ffe1950]
[    0.041750] No NUMA configuration found
[    0.042204] Faking a node at [mem 0x0000000000000000-0x000000007ffdffff]
[    0.043064] NODE_DATA(0) allocated [mem 0x7ffb5000-0x7ffdffff]
[    0.047971] Zone ranges:
[    0.048291]   DMA      [mem 0x0000000000001000-0x0000000000ffffff]
[    0.049053]   DMA32    [mem 0x0000000001000000-0x000000007ffdffff]
[    0.049802]   Normal   empty
[    0.050152]   Device   empty
[    0.050525] Movable zone start for each node
[    0.051002] Early memory node ranges
[    0.051404]   node   0: [mem 0x0000000000001000-0x000000000009efff]
[    0.052129]   node   0: [mem 0x0000000000100000-0x000000007ffdffff]
[    0.052848] Initmem setup node 0 [mem 0x0000000000001000-0x000000007ffdffff]
[    0.054711] On node 0, zone DMA: 1 pages in unavailable ranges
[    0.054742] On node 0, zone DMA: 97 pages in unavailable ranges
[    0.082985] On node 0, zone DMA32: 32 pages in unavailable ranges
[    0.084025] ACPI: PM-Timer IO Port: 0x608
[    0.085221] ACPI: LAPIC_NMI (acpi_id[0xff] dfl dfl lint[0x1])
[    0.085923] IOAPIC[0]: apic_id 0, version 17, address 0xfec00000, GSI 0-23
[    0.086777] ACPI: INT_SRC_OVR (bus 0 bus_irq 0 global_irq 2 dfl dfl)
[    0.087538] ACPI: INT_SRC_OVR (bus 0 bus_irq 5 global_irq 5 high level)
[    0.088306] ACPI: INT_SRC_OVR (bus 0 bus_irq 9 global_irq 9 high level)
[    0.089072] ACPI: INT_SRC_OVR (bus 0 bus_irq 10 global_irq 10 high level)
[    0.089887] ACPI: INT_SRC_OVR (bus 0 bus_irq 11 global_irq 11 high level)
[    0.090681] ACPI: Using ACPI (MADT) for SMP configuration information
[    0.091469] ACPI: HPET id: 0x8086a201 base: 0xfed00000
[    0.092075] TSC deadline timer available
[    0.092534] smpboot: Allowing 2 CPUs, 0 hotplug CPUs
[    0.093155] kvm-guest: KVM setup pv remote TLB flush
[    0.093707] kvm-guest: setup PV sched yield
[    0.094251] PM: hibernation: Registered nosave memory: [mem 0x00000000-0x00000fff]
[    0.095126] PM: hibernation: Registered nosave memory: [mem 0x0009f000-0x0009ffff]
[    0.095965] PM: hibernation: Registered nosave memory: [mem 0x000a0000-0x000effff]
[    0.096803] PM: hibernation: Registered nosave memory: [mem 0x000f0000-0x000fffff]
[    0.097675] [mem 0x80000000-0xfeffbfff] available for PCI devices
[    0.098376] Booting paravirtualized kernel on KVM
[    0.098908] clocksource: refined-jiffies: mask: 0xffffffff max_cycles: 0xffffffff, max_idle_ns: 7645519600211568 ns
[    0.100121] setup_percpu: NR_CPUS:8192 nr_cpumask_bits:2 nr_cpu_ids:2 nr_node_ids:1
[    0.102348] percpu: Embedded 64 pages/cpu s225280 r8192 d28672 u1048576
[    0.103458] kvm-guest: PV spinlocks enabled
[    0.103951] PV qspinlock hash table entries: 256 (order: 0, 4096 bytes, linear)
[    0.104903] Fallback order for Node 0: 0 
[    0.105416] Built 1 zonelists, mobility grouping on.  Total pages: 515808
[    0.106223] Policy zone: DMA32
[    0.106565] Kernel command line: net.ifnames=0 console=ttyS0 root=/dev/sda earlyprintk=serial net.ifnames=0
[    0.108436] random: crng init done
[    0.110286] Dentry cache hash table entries: 262144 (order: 9, 2097152 bytes, linear)
[    0.111278] Inode-cache hash table entries: 131072 (order: 8, 1048576 bytes, linear)
[    0.112294] mem auto-init: stack:off, heap alloc:off, heap free:off
[    0.117315] Memory: 1983336K/2096632K available (32784K kernel code, 4700K rwdata, 8352K rodata, 3676K init, 22112K bss, 113040K reserved, 0K cma-reserved)
[    0.119771] SLUB: HWalign=64, Order=0-3, MinObjects=0, CPUs=2, Nodes=1
[    0.120475] kmemleak: Kernel memory leak detector disabled
[    0.121108] ftrace: allocating 67623 entries in 265 pages
[    0.153951] ftrace: allocated 265 pages with 3 groups
[    0.158819] Dynamic Preempt: voluntary
[    0.159445] Running RCU self tests
[    0.159840] rcu: Preemptible hierarchical RCU implementation.
[    0.160483] rcu: 	RCU lockdep checking is enabled.
[    0.161017] rcu: 	RCU restricting CPUs from NR_CPUS=8192 to nr_cpu_ids=2.
[    0.161775] 	Trampoline variant of Tasks RCU enabled.
[    0.162334] 	Rude variant of Tasks RCU enabled.
[    0.162811] 	Tracing variant of Tasks RCU enabled.
[    0.163329] rcu: RCU calculated value of scheduler-enlistment delay is 25 jiffies.
[    0.164185] rcu: Adjusting geometry for rcu_fanout_leaf=16, nr_cpu_ids=2
[    0.199348] NR_IRQS: 524544, nr_irqs: 440, preallocated irqs: 16
[    0.200455] rcu: srcu_init: Setting srcu_struct sizes based on contention.
[    0.211064] Console: colour VGA+ 80x25
[    0.211579] printk: console [ttyS0] enabled
[    0.211579] printk: console [ttyS0] enabled
[    0.212532] printk: bootconsole [earlyser0] disabled
[    0.212532] printk: bootconsole [earlyser0] disabled
[    0.213657] Lock dependency validator: Copyright (c) 2006 Red Hat, Inc., Ingo Molnar
[    0.214537] ... MAX_LOCKDEP_SUBCLASSES:  8
[    0.215001] ... MAX_LOCK_DEPTH:          48
[    0.215486] ... MAX_LOCKDEP_KEYS:        8192
[    0.215992] ... CLASSHASH_SIZE:          4096
[    0.216498] ... MAX_LOCKDEP_ENTRIES:     32768
[    0.217015] ... MAX_LOCKDEP_CHAINS:      65536
[    0.217537] ... CHAINHASH_SIZE:          32768
[    0.218044]  memory used by lock dependency info: 6365 kB
[    0.218670]  memory used for stack traces: 4224 kB
[    0.219204]  per task-struct memory footprint: 1920 bytes
[    0.219878] ACPI: Core revision 20221020
[    0.220664] clocksource: hpet: mask: 0xffffffff max_cycles: 0xffffffff, max_idle_ns: 19112604467 ns
[    0.221956] APIC: Switch to symmetric I/O mode setup
[    0.222744] x2apic enabled
[    0.223301] Switched APIC routing to physical x2apic.
[    0.223934] kvm-guest: setup PV IPIs
[    0.225681] ..TIMER: vector=0x30 apic1=0 pin1=2 apic2=-1 pin2=-1
[    0.226633] clocksource: tsc-early: mask: 0xffffffffffffffff max_cycles: 0x2cd5a8bb032, max_idle_ns: 440795365915 ns
[    0.228090] Calibrating delay loop (skipped) preset value.. 6220.80 BogoMIPS (lpj=12441600)
[    0.229169] pid_max: default: 32768 minimum: 301
[    0.232196] LSM: initializing lsm=capability,yama,integrity
[    0.232958] Yama: becoming mindful.
[    0.233802] Mount-cache hash table entries: 4096 (order: 3, 32768 bytes, linear)
[    0.234668] Mountpoint-cache hash table entries: 4096 (order: 3, 32768 bytes, linear)
[    0.238206] x86/cpu: User Mode Instruction Prevention (UMIP) activated
[    0.239486] Last level iTLB entries: 4KB 0, 2MB 0, 4MB 0
[    0.240072] Last level dTLB entries: 4KB 0, 2MB 0, 4MB 0, 1GB 0
[    0.240777] Spectre V1 : Mitigation: usercopy/swapgs barriers and __user pointer sanitization
[    0.241737] Spectre V2 : WARNING: Unprivileged eBPF is enabled with eIBRS on, data leaks possible via Spectre v2 BHB attacks!
[    0.243120] Spectre V2 : Mitigation: Enhanced IBRS
[    0.243640] Spectre V2 : Spectre v2 / SpectreRSB mitigation: Filling RSB on context switch
[    0.244060] Spectre V2 : Spectre v2 / PBRSB-eIBRS: Retire a single CALL on VMEXIT
[    0.244867] Spectre V2 : mitigation: Enabling conditional Indirect Branch Prediction Barrier
[    0.245787] Speculative Store Bypass: Mitigation: Speculative Store Bypass disabled via prctl
[    0.388326] Freeing SMP alternatives memory: 56K
[    0.389190] smpboot: CPU0: Genuine Intel(R) CPU 0000 @ 2.20GHz (family: 0x6, model: 0x8d, stepping: 0x0)
[    0.390730] cblist_init_generic: Setting adjustable number of callback queues.
[    0.391487] cblist_init_generic: Setting shift to 1 and lim to 1.
[    0.392054] cblist_init_generic: Setting shift to 1 and lim to 1.
[    0.392054] cblist_init_generic: Setting shift to 1 and lim to 1.
[    0.392126] Running RCU-tasks wait API self tests
[    0.496264] Performance Events: Icelake events, full-width counters, Intel PMU driver.
[    0.497847] ... version:                2
[    0.498474] ... bit width:              48
[    0.499095] ... generic registers:      8
[    0.499701] ... value mask:             0000ffffffffffff
[    0.500070] ... max period:             00007fffffffffff
[    0.500885] ... fixed-purpose events:   3
[    0.501510] ... event mask:             00000007000000ff
[    0.503069] rcu: Hierarchical SRCU implementation.
[    0.503825] rcu: 	Max phase no-delay instances is 1000.
[    0.507081] smp: Bringing up secondary CPUs ...
[    0.508759] x86: Booting SMP configuration:
[    0.509428] .... node  #0, CPUs:      #1
[    0.510033] smp: Brought up 1 node, 2 CPUs
[    0.510033] smpboot: Max logical packages: 1
[    0.512082] smpboot: Total of 2 processors activated (12441.60 BogoMIPS)
[    0.514503] devtmpfs: initialized
[    0.514503] x86/mm: Memory block size: 128MB
[    0.516765] Callback from call_rcu_tasks_trace() invoked.
[    0.520884] clocksource: jiffies: mask: 0xffffffff max_cycles: 0xffffffff, max_idle_ns: 7645041785100000 ns
[    0.524105] futex hash table entries: 512 (order: 4, 65536 bytes, linear)
[    0.525580] pinctrl core: initialized pinctrl subsystem
[    0.527529] 
[    0.527789] *************************************************************
[    0.528066] **     NOTICE NOTICE NOTICE NOTICE NOTICE NOTICE NOTICE    **
[    0.529119] **                                                         **
[    0.530165] **  IOMMU DebugFS SUPPORT HAS BEEN ENABLED IN THIS KERNEL  **
[    0.531225] **                                                         **
[    0.532065] ** This means that this kernel is built to expose internal **
[    0.533100] ** IOMMU data structures, which may compromise security on **
[    0.534165] ** your system.                                            **
[    0.535251] **                                                         **
[    0.536067] ** If you see this message and you are not debugging the   **
[    0.537119] ** kernel, report this immediately to your vendor!         **
[    0.538186] **                                                         **
[    0.539272] **     NOTICE NOTICE NOTICE NOTICE NOTICE NOTICE NOTICE    **
[    0.540066] *************************************************************
[    0.541253] PM: RTC time: 03:47:28, date: 2023-03-14
[    0.546925] NET: Registered PF_NETLINK/PF_ROUTE protocol family
[    0.549322] DMA: preallocated 256 KiB GFP_KERNEL pool for atomic allocations
[    0.550496] DMA: preallocated 256 KiB GFP_KERNEL|GFP_DMA pool for atomic allocations
[    0.551743] DMA: preallocated 256 KiB GFP_KERNEL|GFP_DMA32 pool for atomic allocations
[    0.552178] audit: initializing netlink subsys (disabled)
[    0.553129] audit: type=2000 audit(1678765649.902:1): state=initialized audit_enabled=0 res=1
[    0.553470] thermal_sys: Registered thermal governor 'fair_share'
[    0.553505] thermal_sys: Registered thermal governor 'bang_bang'
[    0.554502] thermal_sys: Registered thermal governor 'step_wise'
[    0.555474] thermal_sys: Registered thermal governor 'user_space'
[    0.556220] cpuidle: using governor ladder
[    0.557660] cpuidle: using governor menu
[    0.560663] acpiphp: ACPI Hot Plug PCI Controller Driver version: 0.5
[    0.562335] PCI: Using configuration type 1 for base access
[    0.565156] kprobes: kprobe jump-optimization is enabled. All kprobes are optimized if possible.
[    0.924984] HugeTLB: registered 1.00 GiB page size, pre-allocated 0 pages
[    0.926114] HugeTLB: 16380 KiB vmemmap can be freed for a 1.00 GiB page
[    0.927205] HugeTLB: registered 2.00 MiB page size, pre-allocated 0 pages
[    0.928074] HugeTLB: 28 KiB vmemmap can be freed for a 2.00 MiB page
[    0.938244] ACPI: Added _OSI(Module Device)
[    0.939106] ACPI: Added _OSI(Processor Device)
[    0.939839] ACPI: Added _OSI(3.0 _SCP Extensions)
[    0.940079] ACPI: Added _OSI(Processor Aggregator Device)
[    0.953199] ACPI: 1 ACPI AML tables successfully acquired and loaded
[    0.961679] ACPI: Interpreter enabled
[    0.962557] ACPI: PM: (supports S0 S3 S4 S5)
[    0.963239] ACPI: Using IOAPIC for interrupt routing
[    0.964198] PCI: Using host bridge windows from ACPI; if necessary, use "pci=nocrs" and report a bug
[    0.965679] PCI: Using E820 reservations for host bridge windows
[    0.968258] ACPI: Enabled 2 GPEs in block 00 to 0F
[    1.007721] ACPI: PCI Root Bridge [PCI0] (domain 0000 [bus 00-ff])
[    1.008104] acpi PNP0A03:00: _OSC: OS supports [ASPM ClockPM Segments MSI EDR HPX-Type3]
[    1.009393] acpi PNP0A03:00: _OSC: not requesting OS control; OS requires [ExtendedConfig ASPM ClockPM MSI]
[    1.011118] acpi PNP0A03:00: fail to add MMCONFIG information, can't access extended PCI configuration space under this bridge.
[    1.017801] acpiphp: Slot [3] registered
[    1.018623] acpiphp: Slot [4] registered
[    1.019400] acpiphp: Slot [5] registered
[    1.020186] acpiphp: Slot [6] registered
[    1.020999] acpiphp: Slot [7] registered
[    1.021805] acpiphp: Slot [8] registered
[    1.022585] acpiphp: Slot [9] registered
[    1.023396] acpiphp: Slot [10] registered
[    1.024221] acpiphp: Slot [11] registered
[    1.025019] acpiphp: Slot [12] registered
[    1.025824] acpiphp: Slot [13] registered
[    1.026597] acpiphp: Slot [14] registered
[    1.027408] acpiphp: Slot [15] registered
[    1.028281] acpiphp: Slot [16] registered
[    1.029152] acpiphp: Slot [17] registered
[    1.029930] acpiphp: Slot [18] registered
[    1.030746] acpiphp: Slot [19] registered
[    1.031533] acpiphp: Slot [20] registered
[    1.032216] acpiphp: Slot [21] registered
[    1.033035] acpiphp: Slot [22] registered
[    1.033872] acpiphp: Slot [23] registered
[    1.034730] acpiphp: Slot [24] registered
[    1.035632] acpiphp: Slot [25] registered
[    1.036222] acpiphp: Slot [26] registered
[    1.037116] acpiphp: Slot [27] registered
[    1.037964] acpiphp: Slot [28] registered
[    1.038804] acpiphp: Slot [29] registered
[    1.039651] acpiphp: Slot [30] registered
[    1.040226] acpiphp: Slot [31] registered
[    1.040921] PCI host bridge to bus 0000:00
[    1.041619] pci_bus 0000:00: root bus resource [io  0x0000-0x0cf7 window]
[    1.042751] pci_bus 0000:00: root bus resource [io  0x0d00-0xffff window]
[    1.043851] pci_bus 0000:00: root bus resource [mem 0x000a0000-0x000bffff window]
[    1.044073] pci_bus 0000:00: root bus resource [mem 0x80000000-0xfebfffff window]
[    1.045295] pci_bus 0000:00: root bus resource [mem 0x100000000-0x17fffffff window]
[    1.046555] pci_bus 0000:00: root bus resource [bus 00-ff]
[    1.047730] pci 0000:00:00.0: [8086:1237] type 00 class 0x060000
[    1.055013] pci 0000:00:01.0: [8086:7000] type 00 class 0x060100
[    1.057678] pci 0000:00:01.1: [8086:7010] type 00 class 0x010180
[    1.061295] pci 0000:00:01.1: reg 0x20: [io  0xc040-0xc04f]
[    1.063440] pci 0000:00:01.1: legacy IDE quirk: reg 0x10: [io  0x01f0-0x01f7]
[    1.064072] pci 0000:00:01.1: legacy IDE quirk: reg 0x14: [io  0x03f6]
[    1.065131] pci 0000:00:01.1: legacy IDE quirk: reg 0x18: [io  0x0170-0x0177]
[    1.066300] pci 0000:00:01.1: legacy IDE quirk: reg 0x1c: [io  0x0376]
[    1.068026] pci 0000:00:01.3: [8086:7113] type 00 class 0x068000
[    1.068697] pci 0000:00:01.3: quirk: [io  0x0600-0x063f] claimed by PIIX4 ACPI
[    1.069890] pci 0000:00:01.3: quirk: [io  0x0700-0x070f] claimed by PIIX4 SMB
[    1.071680] pci 0000:00:02.0: [1234:1111] type 00 class 0x030000
[    1.074594] pci 0000:00:02.0: reg 0x10: [mem 0xfd000000-0xfdffffff pref]
[    1.077787] pci 0000:00:02.0: reg 0x18: [mem 0xfebf0000-0xfebf0fff]
[    1.084098] pci 0000:00:02.0: reg 0x30: [mem 0xfebe0000-0xfebeffff pref]
[    1.085461] pci 0000:00:02.0: Video device with shadowed ROM at [mem 0x000c0000-0x000dffff]
[    1.094223] pci 0000:00:03.0: [8086:100e] type 00 class 0x020000
[    1.096069] pci 0000:00:03.0: reg 0x10: [mem 0xfebc0000-0xfebdffff]
[    1.097929] pci 0000:00:03.0: reg 0x14: [io  0xc000-0xc03f]
[    1.103548] pci 0000:00:03.0: reg 0x30: [mem 0xfeb80000-0xfebbffff pref]
[    1.126816] ACPI: PCI: Interrupt link LNKA configured for IRQ 10
[    1.128723] ACPI: PCI: Interrupt link LNKB configured for IRQ 10
[    1.130542] ACPI: PCI: Interrupt link LNKC configured for IRQ 11
[    1.132358] ACPI: PCI: Interrupt link LNKD configured for IRQ 11
[    1.133734] ACPI: PCI: Interrupt link LNKS configured for IRQ 9
[    1.137353] iommu: Default domain type: Translated 
[    1.138130] iommu: DMA domain TLB invalidation policy: lazy mode 
[    1.141275] SCSI subsystem initialized
[    1.142556] ACPI: bus type USB registered
[    1.143361] usbcore: registered new interface driver usbfs
[    1.144163] usbcore: registered new interface driver hub
[    1.145103] usbcore: registered new device driver usb
[    1.146202] pps_core: LinuxPPS API ver. 1 registered
[    1.147064] pps_core: Software ver. 5.3.6 - Copyright 2005-2007 Rodolfo Giometti <giometti@linux.it>
[    1.148098] PTP clock support registered
[    1.149103] EDAC MC: Ver: 3.0.0
[    1.152726] NetLabel: Initializing
[    1.153318] NetLabel:  domain hash size = 128
[    1.154044] NetLabel:  protocols = UNLABELED CIPSOv4 CALIPSO
[    1.155057] NetLabel:  unlabeled traffic allowed by default
[    1.156569] PCI: Using ACPI for IRQ routing
[    1.157744] pci 0000:00:02.0: vgaarb: setting as boot VGA device
[    1.158716] pci 0000:00:02.0: vgaarb: bridge control possible
[    1.159643] pci 0000:00:02.0: vgaarb: VGA device added: decodes=io+mem,owns=io+mem,locks=none
[    1.160070] vgaarb: loaded
[    1.161510] hpet0: at MMIO 0xfed00000, IRQs 2, 8, 0
[    1.162398] hpet0: 3 comparators, 64-bit 100.000000 MHz counter
[    4.823320] Callback from call_rcu_tasks_rude() invoked.
[    4.823952] clocksource: Switched to clocksource kvm-clock
[    4.936220] Callback from call_rcu_tasks() invoked.
[    5.077737] VFS: Disk quotas dquot_6.6.0
[    5.078514] VFS: Dquot-cache hash table entries: 512 (order 0, 4096 bytes)
[    5.080371] pnp: PnP ACPI init
[    5.085154] pnp: PnP ACPI: found 6 devices
[    5.106394] clocksource: acpi_pm: mask: 0xffffff max_cycles: 0xffffff, max_idle_ns: 2085701024 ns
[    5.108579] NET: Registered PF_INET protocol family
[    5.109573] IP idents hash table entries: 32768 (order: 6, 262144 bytes, linear)
[    5.113123] tcp_listen_portaddr_hash hash table entries: 1024 (order: 4, 73728 bytes, linear)
[    5.114575] Table-perturb hash table entries: 65536 (order: 6, 262144 bytes, linear)
[    5.115827] TCP established hash table entries: 16384 (order: 5, 131072 bytes, linear)
[    5.117685] TCP bind hash table entries: 16384 (order: 9, 2359296 bytes, linear)
[    5.126874] TCP: Hash tables configured (established 16384 bind 16384)
[    5.128114] UDP hash table entries: 1024 (order: 5, 163840 bytes, linear)
[    5.129419] UDP-Lite hash table entries: 1024 (order: 5, 163840 bytes, linear)
[    5.131030] NET: Registered PF_UNIX/PF_LOCAL protocol family
[    5.132943] RPC: Registered named UNIX socket transport module.
[    5.133890] RPC: Registered udp transport module.
[    5.134633] RPC: Registered tcp transport module.
[    5.135386] RPC: Registered tcp NFSv4.1 backchannel transport module.
[    5.136484] pci_bus 0000:00: resource 4 [io  0x0000-0x0cf7 window]
[    5.137460] pci_bus 0000:00: resource 5 [io  0x0d00-0xffff window]
[    5.138415] pci_bus 0000:00: resource 6 [mem 0x000a0000-0x000bffff window]
[    5.139496] pci_bus 0000:00: resource 7 [mem 0x80000000-0xfebfffff window]
[    5.140590] pci_bus 0000:00: resource 8 [mem 0x100000000-0x17fffffff window]
[    5.142211] pci 0000:00:01.0: PIIX3: Enabling Passive Release
[    5.143158] pci 0000:00:00.0: Limiting direct PCI/PCI transfers
[    5.144311] PCI: CLS 0 bytes, default 64
[    5.145079] ACPI: bus type thunderbolt registered
[    5.146397] clocksource: tsc: mask: 0xffffffffffffffff max_cycles: 0x2cd5a8bb032, max_idle_ns: 440795365915 ns
[    5.158464] Initialise system trusted keyrings
[    5.159302] Key type blacklist registered
[    5.160330] workingset: timestamp_bits=36 max_order=19 bucket_order=0
[    5.161102] zbud: loaded
[    5.162421] squashfs: version 4.0 (2009/01/31) Phillip Lougher
[    5.164167] NFS: Registering the id_resolver key type
[    5.164704] Key type id_resolver registered
[    5.165130] Key type id_legacy registered
[    5.165571] nfs4filelayout_init: NFSv4 File Layout Driver Registering...
[    5.166274] nfs4flexfilelayout_init: NFSv4 Flexfile Layout Driver Registering...
[    5.167259] fuse: init (API version 7.38)
[    5.167931] SGI XFS with ACLs, security attributes, realtime, quota, no debug enabled
[    5.169491] 9p: Installing v9fs 9p2000 file system support
[    5.179700] Key type asymmetric registered
[    5.180206] Asymmetric key parser 'x509' registered
[    5.182809] alg: self-tests for CTR-KDF (hmac(sha256)) passed
[    5.183854] Block layer SCSI generic (bsg) driver version 0.4 loaded (major 243)
[    5.185231] io scheduler mq-deadline registered
[    5.185899] io scheduler bfq registered
[    5.188166] shpchp: Standard Hot Plug PCI Controller Driver version: 0.4
[    5.189594] IPMI message handler: version 39.2
[    5.190228] ipmi device interface
[    5.194368] input: Power Button as /devices/LNXSYSTM:00/LNXPWRBN:00/input/input0
[    5.196038] ACPI: button: Power Button [PWRF]
[    5.198566] ERST DBG: ERST support is disabled.
[    5.200142] Serial: 8250/16550 driver, 32 ports, IRQ sharing enabled
[    5.202056] 00:04: ttyS0 at I/O 0x3f8 (irq = 4, base_baud = 115200) is a 16550A
[    5.223045] Linux agpgart interface v0.103
[    5.225096] ACPI: bus type drm_connector registered
[    5.242581] brd: module loaded
[    5.253016] loop: module loaded
[    5.261659] scsi host0: ata_piix
[    5.263236] scsi host1: ata_piix
[    5.264260] ata1: PATA max MWDMA2 cmd 0x1f0 ctl 0x3f6 bmdma 0xc040 irq 14
[    5.265329] ata2: PATA max MWDMA2 cmd 0x170 ctl 0x376 bmdma 0xc048 irq 15
[    5.269433] tun: Universal TUN/TAP device driver, 1.6
[    5.270736] e100: Intel(R) PRO/100 Network Driver
[    5.271513] e100: Copyright(c) 1999-2006 Intel Corporation
[    5.272540] e1000: Intel(R) PRO/1000 Network Driver
[    5.273326] e1000: Copyright (c) 1999-2006 Intel Corporation.
[    5.424321] ata1: found unknown device (class 0)
[    5.425972] ata1.00: ATA-7: QEMU HARDDISK, 2.5+, max UDMA/100
[    5.427018] ata1.00: 16777216 sectors, multi 16: LBA48 
[    5.428356] ata2: found unknown device (class 0)
[    5.430626] scsi 0:0:0:0: Direct-Access     ATA      QEMU HARDDISK    2.5+ PQ: 0 ANSI: 5
[    5.433917] scsi 0:0:0:0: Attached scsi generic sg0 type 0
[    5.435645] ata2.00: ATAPI: QEMU DVD-ROM, 2.5+, max UDMA/100
[    5.438729] sd 0:0:0:0: [sda] 16777216 512-byte logical blocks: (8.59 GB/8.00 GiB)
[    5.439563] scsi 1:0:0:0: CD-ROM            QEMU     QEMU DVD-ROM     2.5+ PQ: 0 ANSI: 5
[    5.440218] sd 0:0:0:0: [sda] Write Protect is off
[    5.442690] sd 0:0:0:0: [sda] Write cache: enabled, read cache: enabled, doesn't support DPO or FUA
[    5.444395] sd 0:0:0:0: [sda] Preferred minimum I/O size 512 bytes
[    5.466471] sd 0:0:0:0: [sda] Attached SCSI disk
[    5.473633] scsi 1:0:0:0: Attached scsi generic sg1 type 5
[    5.717068] ACPI: \_SB_.LNKC: Enabled at IRQ 11
[    6.069963] e1000 0000:00:03.0 eth0: (PCI:33MHz:32-bit) 52:54:00:12:34:56
[    6.071118] e1000 0000:00:03.0 eth0: Intel(R) PRO/1000 Network Connection
[    6.072436] e1000e: Intel(R) PRO/1000 Network Driver
[    6.073243] e1000e: Copyright(c) 1999 - 2015 Intel Corporation.
[    6.074306] igb: Intel(R) Gigabit Ethernet Network Driver
[    6.075175] igb: Copyright (c) 2007-2014 Intel Corporation.
[    6.076330] PPP generic driver version 2.4.2
[    6.077984] VFIO - User Level meta-driver version: 0.3
[    6.079767] usbcore: registered new interface driver uas
[    6.080801] usbcore: registered new interface driver usb-storage
[    6.082024] i8042: PNP: PS/2 Controller [PNP0303:KBD,PNP0f13:MOU] at 0x60,0x64 irq 1,12
[    6.084480] serio: i8042 KBD port at 0x60,0x64 irq 1
[    6.085371] serio: i8042 AUX port at 0x60,0x64 irq 12
[    6.087590] mousedev: PS/2 mouse device common for all mice
[    6.090087] input: AT Translated Set 2 keyboard as /devices/platform/i8042/serio0/input/input1
[    6.093542] input: VirtualPS/2 VMware VMMouse as /devices/platform/i8042/serio1/input/input4
[    6.095522] rtc_cmos 00:05: RTC can wake from S4
[    6.098265] rtc_cmos 00:05: registered as rtc0
[    6.099105] rtc_cmos 00:05: setting system clock to 2023-03-14T03:47:34 UTC (1678765654)
[    6.100668] rtc_cmos 00:05: alarms up to one day, y3k, 242 bytes nvram, hpet irqs
[    6.101974] i2c_dev: i2c /dev entries driver
[    6.102780] device-mapper: core: CONFIG_IMA_DISABLE_HTABLE is disabled. Duplicate IMA measurements will not be recorded in the IMA log.
[    6.104732] device-mapper: uevent: version 1.0.3
[    6.105815] input: VirtualPS/2 VMware VMMouse as /devices/platform/i8042/serio1/input/input3
[    6.107953] device-mapper: ioctl: 4.47.0-ioctl (2022-07-28) initialised: dm-devel@redhat.com
[    6.109332] intel_pstate: CPU model not supported
[    6.110267] sdhci: Secure Digital Host Controller Interface driver
[    6.111241] sdhci: Copyright(c) Pierre Ossman
[    6.112196] sdhci-pltfm: SDHCI platform and OF driver helper
[    6.113378] ledtrig-cpu: registered to indicate activity on CPUs
[    6.115127] drop_monitor: Initializing network drop monitor service
[    6.116471] NET: Registered PF_INET6 protocol family
[    6.120708] Segment Routing with IPv6
[    6.121341] In-situ OAM (IOAM) with IPv6
[    6.122032] NET: Registered PF_PACKET protocol family
[    6.123145] 9pnet: Installing 9P2000 support
[    6.123936] Key type dns_resolver registered
[    6.126292] IPI shorthand broadcast: enabled
[    6.162179] sched_clock: Marking stable (6137283320, 22782929)->(6194381145, -34314896)
[    6.165005] registered taskstats version 1
[    6.166162] Loading compiled-in X.509 certificates
[    6.167564] zswap: loaded using pool lzo/zbud
[    6.207706] Key type .fscrypt registered
[    6.208429] Key type fscrypt-provisioning registered
[    6.211766] Key type encrypted registered
[    6.212556] ima: No TPM chip found, activating TPM-bypass!
[    6.213469] ima: Allocated hash algorithm: sha1
[    6.214303] ima: No architecture policies found
[    6.215177] evm: Initialising EVM extended attributes:
[    6.215996] evm: security.selinux
[    6.216562] evm: security.SMACK64
[    6.217115] evm: security.SMACK64EXEC
[    6.217688] evm: security.SMACK64TRANSMUTE
[    6.218328] evm: security.SMACK64MMAP
[    6.218940] evm: security.apparmor
[    6.219509] evm: security.ima
[    6.220022] evm: security.capability
[    6.220622] evm: HMAC attrs: 0x1
[    6.230958] PM:   Magic number: 15:583:765
[    6.232657] RAS: Correctable Errors collector initialized.
[    6.235919] md: Waiting for all devices to be available before autodetect
[    6.236881] md: If you don't use raid, use raid=noautodetect
[    6.237539] md: Autodetecting RAID arrays.
[    6.238053] md: autorun ...
[    6.238374] md: ... autorun DONE.
[    6.248688] EXT4-fs (sda): mounted filesystem 23a53bb9-f815-47a5-b74c-5e08f7731193 with ordered data mode. Quota mode: none.
[    6.250065] VFS: Mounted root (ext4 filesystem) readonly on device 8:0.
[    6.253794] devtmpfs: mounted
[    6.274666] Freeing unused decrypted memory: 2036K
[    6.277953] Freeing unused kernel image (initmem) memory: 3676K
[    6.278744] Write protecting the kernel read-only data: 45056k
[    6.285924] Freeing unused kernel image (text/rodata gap) memory: 2028K
[    6.288722] Freeing unused kernel image (rodata/data gap) memory: 1888K
[    6.433349] x86/mm: Checked W+X mappings: passed, no W+X pages found.
[    6.433861] Run /sbin/init as init process
[    6.548772] systemd[1]: RTC configured in localtime, applying delta of 0 minutes to system time.
[    6.586067] systemd[1]: systemd 239 (239-49.el8) running in system mode. (+PAM +AUDIT +SELINUX +IMA -APPARMOR +SMACK +SYSVINIT +UTMP +LIBCRYPTSETUP +GCRYPT +GNUTLS +ACL +XZ +LZ4 +SECCOMP +BLKID +ELFUTILS +KMOD +IDN2 -IDN +PCRE2 default-hierarchy=legacy)
[    6.587928] systemd[1]: Detected virtualization kvm.
[    6.588341] systemd[1]: Detected architecture x86-64.

Welcome to [0;31mCentOS Stream 8[0m!

[    6.649012] systemd[1]: Set hostname to <test>.
[    7.171169] systemd[1]: Listening on RPCbind Server Activation Socket.
[[0;32m  OK  [0m] Listening on RPCbind Server Activation Socket.
[    7.173030] systemd[1]: Reached target RPC Port Mapper.
[[0;32m  OK  [0m] Reached target RPC Port Mapper.
[    7.174979] systemd[1]: Started Forward Password Requests to Wall Directory Watch.
[[0;32m  OK  [0m] Started Forward Password Requests to Wall Directory Watch.
[    7.194982] systemd[1]: Listening on Process Core Dump Socket.
[[0;32m  OK  [0m] Listening on Process Core Dump Socket.
[    7.197473] systemd[1]: Listening on Journal Socket (/dev/log).
[[0;32m  OK  [0m] Listening on Journal Socket (/dev/log).
[    7.199729] systemd[1]: Listening on udev Kernel Socket.
[[0;32m  OK  [0m] Listening on udev Kernel Socket.
[[0;32m  OK  [0m] Set up automount Arbitrary Executabâ€¦rmats File System Automount Point.
[[0;32m  OK  [0m] Listening on udev Control Socket.
[[0;32m  OK  [0m] Created slice system-sshd\x2dkeygen.slice.
[[0;32m  OK  [0m] Listening on Journal Socket.
         Starting Setup Virtual Console...
         Starting udev Coldplug all Devices...
         Mounting Huge Pages File System...
[[0;32m  OK  [0m] Created slice system-getty.slice.
[[0;32m  OK  [0m] Listening on initctl Compatibility Named Pipe.
         Starting Journal Service...
[[0;32m  OK  [0m] Created slice system-serial\x2dgetty.slice.
         Starting Remount Root and Kernel File Systems...
[[0;32m  OK  [0m] Created slice User and Session Slice.
[[0;32m  OK  [0m] Reached target Slices.
         Mounting POSIX Message Queue File System...
[[0;32m  OK  [0m] Reached target Swap.
[[0;32m  OK  [0m] Listening on multipathd control socket.
[[0;32m  OK  [0m] Listening on Device-mapper event daemon FIFOs.
         Starting Monitoring of LVM2 mirrorsâ€¦ng dmeventd or progress polling...
[[0;32m  OK  [0m] Listening on LVM2 poll daemon socket.
         Starting Load Kernel Modules...
         Mounting Kernel Debug File System...
[[0;32m  OK  [0m] Started Journal Service.
[[0;32m  OK  [0m] Mounted Huge Pages File System.
[[0;32m  OK  [0m] Mounted POSIX Message Queue File System.
[[0;1;31mFAILED[0m] Failed to start Load Kernel Modules.
See 'systemctl status systemd-modules-load.service' for details.
[[0;32m  OK  [0m] Mounted Kernel Debug File System.
         Starting Apply Kernel Variables...
[    8.045241] EXT4-fs (sda): re-mounted 23a53bb9-f815-47a5-b74c-5e08f7731193. Quota mode: none.
         Mounting FUSE Control File System...
         Mounting Kernel Configuration File System...
[[0;32m  OK  [0m] Started Setup Virtual Console.
[[0;32m  OK  [0m] Started Remount Root and Kernel File Systems.
[[0;32m  OK  [0m] Started Apply Kernel Variables.
[[0;32m  OK  [0m] Mounted FUSE Control File System.
[[0;32m  OK  [0m] Mounted Kernel Configuration File System.
         Starting Load/Save Random Seed...
         Starting Flush Journal to Persistent Storage...
         Starting Create Static Device Nodes in /dev...
[[0;32m  OK  [0m] Started udev Coldplug all Devices.
[[0;32m  OK  [0m] Started Load/Save Random Seed.
         Starting udev Wait for Complete Device Initialization...
[[0;32m  OK  [0m] Started Flush Journal to Persistent Storage.
[[0;32m  OK  [0m] Started Create Static Device Nodes in /dev.
         Starting udev Kernel Device Manager...
[[0;32m  OK  [0m] Started udev Kernel Device Manager.
         Starting Show Plymouth Boot Screen...
[[0;32m  OK  [0m] Started Show Plymouth Boot Screen.
[[0;32m  OK  [0m] Reached target Local Encrypted Volumes.
[[0;32m  OK  [0m] Reached target Paths.
[[0;32m  OK  [0m] Started Forward Password Requests to Plymouth Directory Watch.
[[0;32m  OK  [0m] Found device /dev/ttyS0.
[[0;32m  OK  [0m] Listening on Load/Save RF Kill Switch Status /dev/rfkill Watch.
[[0;32m  OK  [0m] Started Monitoring of LVM2 mirrors,â€¦sing dmeventd or progress polling.
[[0;32m  OK  [0m] Started udev Wait for Complete Device Initialization.
[[0;32m  OK  [0m] Reached target Local File Systems (Pre).
[[0;32m  OK  [0m] Reached target Local File Systems.
         Starting Restore /run/initramfs on shutdown...
         Starting Tell Plymouth To Write Out Runtime Data...
         Starting Create Volatile Files and Directories...
[[0;32m  OK  [0m] Started Restore /run/initramfs on shutdown.
[[0;32m  OK  [0m] Started Tell Plymouth To Write Out Runtime Data.
[[0;32m  OK  [0m] Started Create Volatile Files and Directories.
         Mounting RPC Pipe File System...
         Starting Security Auditing Service...
         Starting RPC Bind...
[[0;32m  OK  [0m] Mounted RPC Pipe File System.
[[0;32m  OK  [0m] Reached target rpc_pipefs.target.
[[0;32m  OK  [0m] Started RPC Bind.
[[0;32m  OK  [0m] Started Security Auditing Service.
         Starting Update UTMP about System Boot/Shutdown...
[[0;32m  OK  [0m] Started Update UTMP about System Boot/Shutdown.
[[0;32m  OK  [0m] Reached target System Initialization.
[[0;32m  OK  [0m] Started Daily Cleanup of Temporary Directories.
[[0;32m  OK  [0m] Started dnf makecache --timer.
[[0;32m  OK  [0m] Listening on SSSD Kerberos Cache Manager responder socket.
[[0;32m  OK  [0m] Started daily update of the root trust anchor for DNSSEC.
[[0;32m  OK  [0m] Reached target Timers.
[[0;32m  OK  [0m] Listening on D-Bus System Message Bus Socket.
[[0;32m  OK  [0m] Reached target Sockets.
[[0;32m  OK  [0m] Reached target Basic System.
[[0;32m  OK  [0m] Started D-Bus System Message Bus.
         Starting Network Manager...
[[0;32m  OK  [0m] Started irqbalance daemon.
         Starting Authorization Manager...
         Starting Self Monitoring and Reporting Technology (SMART) Daemon...
         Starting Login Service...
         Starting Auto-connect to subsystemsâ€¦-NVME devices found during boot...
[[0;32m  OK  [0m] Started Machine Check Exception Logging Daemon.
[[0;32m  OK  [0m] Reached target sshd-keygen.target.
         Starting NTP client/server...
[[0;32m  OK  [0m] Started Auto-connect to subsystems â€¦FC-NVME devices found during boot.
[[0;32m  OK  [0m] Started Self Monitoring and Reporting Technology (SMART) Daemon.
         Starting update of the root trust aâ€¦or DNSSEC validation in unbound...
[[0;32m  OK  [0m] Started Network Manager.
[[0;32m  OK  [0m] Reached target Network.
         Starting GSSAPI Proxy Daemon...
         Starting Dynamic System Tuning Daemon...
         Starting OpenSSH server daemon...
         Starting Network Manager Wait Online...
[[0;32m  OK  [0m] Started Login Service.
         Starting Hostname Service...
[[0;32m  OK  [0m] Started GSSAPI Proxy Daemon.
[[0;32m  OK  [0m] Started OpenSSH server daemon.
[[0;32m  OK  [0m] Reached target NFS client services.
[[0;32m  OK  [0m] Reached target Remote File Systems (Pre).
[[0;32m  OK  [0m] Reached target Remote File Systems.
         Starting Permit User Sessions...
[[0;32m  OK  [0m] Started Authorization Manager.
[[0;32m  OK  [0m] Started update of the root trust anâ€¦ for DNSSEC validation in unbound.
[[0;32m  OK  [0m] Started NTP client/server.
[[0;32m  OK  [0m] Started Permit User Sessions.
         Starting Terminate Plymouth Boot Screen...
[[0;32m  OK  [0m] Started Command Scheduler.
         Starting Hold until boot process finishes up...
[[0;32m  OK  [0m] Started Terminate Plymouth Boot Screen.
[[0;32m  OK  [0m] Started Hold until boot process finishes up.
[   11.976359] e1000: eth0 NIC Link is Up 1000 Mbps Full Duplex, Flow Control: RX
[   11.977959] IPv6: ADDRCONF(NETDEV_CHANGE): eth0: link becomes ready
[   12.410904] Spectre V2 : WARNING: Unprivileged eBPF is enabled with eIBRS on, data leaks possible via Spectre v2 BHB attacks!
[   12.412380] Spectre V2 : WARNING: Unprivileged eBPF is enabled with eIBRS on, data leaks possible via Spectre v2 BHB attacks!

CentOS Stream 8
Kernel 6.1.0-1ca06f1c1ace+ on an x86_64

test login: 