c[?7l[2J[0mSeaBIOS (version rel-1.16.0-0-gd239552ce722-prebuilt.qemu.org)


iPXE (http://ipxe.org) 00:03.0 CA00 PCI2.10 PnP PMM+7FF91000+7FEF1000 CA00
Press Ctrl-B to configure iPXE (PCI 00:03.0)...                                                                               


Booting from ROM...
c[?7l[2J[    0.000000] Linux version 6.1.0-rc3-81ab9890da97+ (root@p-tglh01.sh.intel.com) (gcc (GCC) 8.5.0 20210514 (Red Hat 8.5.0-18), GNU ld version 2.36.1-2.el8) #1 SMP PREEMPT_DYNAMIC Tue Mar 14 18:00:08 CST 2023
[    0.000000] Command line: console=ttyS0 root=/dev/sda earlyprintk=serial net.ifnames=0
[    0.000000] KERNEL supported cpus:
[    0.000000]   Intel GenuineIntel
[    0.000000]   AMD AuthenticAMD
[    0.000000]   Hygon HygonGenuine
[    0.000000]   Centaur CentaurHauls
[    0.000000]   zhaoxin   Shanghai  
[    0.000000] x86/fpu: Supporting XSAVE feature 0x001: 'x87 floating point registers'
[    0.000000] x86/fpu: Supporting XSAVE feature 0x002: 'SSE registers'
[    0.000000] x86/fpu: Supporting XSAVE feature 0x004: 'AVX registers'
[    0.000000] x86/fpu: Supporting XSAVE feature 0x020: 'AVX-512 opmask'
[    0.000000] x86/fpu: Supporting XSAVE feature 0x040: 'AVX-512 Hi256'
[    0.000000] x86/fpu: Supporting XSAVE feature 0x080: 'AVX-512 ZMM_Hi256'
[    0.000000] x86/fpu: Supporting XSAVE feature 0x200: 'Protection Keys User registers'
[    0.000000] x86/fpu: xstate_offset[2]:  576, xstate_sizes[2]:  256
[    0.000000] x86/fpu: xstate_offset[5]:  832, xstate_sizes[5]:   64
[    0.000000] x86/fpu: xstate_offset[6]:  896, xstate_sizes[6]:  512
[    0.000000] x86/fpu: xstate_offset[7]: 1408, xstate_sizes[7]: 1024
[    0.000000] x86/fpu: xstate_offset[9]: 2432, xstate_sizes[9]:    8
[    0.000000] x86/fpu: Enabled xstate features 0x2e7, context size is 2440 bytes, using 'compacted' format.
[    0.000000] signal: max sigframe size: 3632
[    0.000000] BIOS-provided physical RAM map:
[    0.000000] BIOS-e820: [mem 0x0000000000000000-0x000000000009fbff] usable
[    0.000000] BIOS-e820: [mem 0x000000000009fc00-0x000000000009ffff] reserved
[    0.000000] BIOS-e820: [mem 0x00000000000f0000-0x00000000000fffff] reserved
[    0.000000] BIOS-e820: [mem 0x0000000000100000-0x000000007ffdffff] usable
[    0.000000] BIOS-e820: [mem 0x000000007ffe0000-0x000000007fffffff] reserved
[    0.000000] BIOS-e820: [mem 0x00000000feffc000-0x00000000feffffff] reserved
[    0.000000] BIOS-e820: [mem 0x00000000fffc0000-0x00000000ffffffff] reserved
[    0.000000] printk: bootconsole [earlyser0] enabled
[    0.000000] NX (Execute Disable) protection: active
[    0.000000] SMBIOS 2.8 present.
[    0.000000] DMI: QEMU Standard PC (i440FX + PIIX, 1996), BIOS rel-1.16.0-0-gd239552ce722-prebuilt.qemu.org 04/01/2014
[    0.000000] Hypervisor detected: KVM
[    0.000000] kvm-clock: Using msrs 4b564d01 and 4b564d00
[    0.000005] kvm-clock: using sched offset of 511245521 cycles
[    0.000579] clocksource: kvm-clock: mask: 0xffffffffffffffff max_cycles: 0x1cd42e4dffb, max_idle_ns: 881590591483 ns
[    0.002327] tsc: Detected 3110.400 MHz processor
[    0.011706] last_pfn = 0x7ffe0 max_arch_pfn = 0x400000000
[    0.012342] x86/PAT: Configuration [0-7]: WB  WC  UC- UC  WB  WP  UC- WT  
[    0.021898] found SMP MP-table at [mem 0x000f5ba0-0x000f5baf]
[    0.022600] Using GB pages for direct mapping
[    0.024497] ACPI: Early table checksum verification disabled
[    0.025124] ACPI: RSDP 0x00000000000F59C0 000014 (v00 BOCHS )
[    0.025764] ACPI: RSDT 0x000000007FFE1951 000034 (v01 BOCHS  BXPC     00000001 BXPC 00000001)
[    0.026706] ACPI: FACP 0x000000007FFE17FD 000074 (v01 BOCHS  BXPC     00000001 BXPC 00000001)
[    0.027658] ACPI: DSDT 0x000000007FFE0040 0017BD (v01 BOCHS  BXPC     00000001 BXPC 00000001)
[    0.028573] ACPI: FACS 0x000000007FFE0000 000040
[    0.029090] ACPI: APIC 0x000000007FFE1871 000080 (v01 BOCHS  BXPC     00000001 BXPC 00000001)
[    0.030027] ACPI: HPET 0x000000007FFE18F1 000038 (v01 BOCHS  BXPC     00000001 BXPC 00000001)
[    0.030963] ACPI: WAET 0x000000007FFE1929 000028 (v01 BOCHS  BXPC     00000001 BXPC 00000001)
[    0.031911] ACPI: Reserving FACP table memory at [mem 0x7ffe17fd-0x7ffe1870]
[    0.032699] ACPI: Reserving DSDT table memory at [mem 0x7ffe0040-0x7ffe17fc]
[    0.033495] ACPI: Reserving FACS table memory at [mem 0x7ffe0000-0x7ffe003f]
[    0.034291] ACPI: Reserving APIC table memory at [mem 0x7ffe1871-0x7ffe18f0]
[    0.035087] ACPI: Reserving HPET table memory at [mem 0x7ffe18f1-0x7ffe1928]
[    0.035875] ACPI: Reserving WAET table memory at [mem 0x7ffe1929-0x7ffe1950]
[    0.037810] No NUMA configuration found
[    0.038224] Faking a node at [mem 0x0000000000000000-0x000000007ffdffff]
[    0.039030] NODE_DATA(0) allocated [mem 0x7ffb5000-0x7ffdffff]
[    0.043728] Zone ranges:
[    0.043998]   DMA      [mem 0x0000000000001000-0x0000000000ffffff]
[    0.044664]   DMA32    [mem 0x0000000001000000-0x000000007ffdffff]
[    0.045336]   Normal   empty
[    0.045653]   Device   empty
[    0.045969] Movable zone start for each node
[    0.046432] Early memory node ranges
[    0.046816]   node   0: [mem 0x0000000000001000-0x000000000009efff]
[    0.047493]   node   0: [mem 0x0000000000100000-0x000000007ffdffff]
[    0.048164] Initmem setup node 0 [mem 0x0000000000001000-0x000000007ffdffff]
[    0.049177] On node 0, zone DMA: 1 pages in unavailable ranges
[    0.049203] On node 0, zone DMA: 97 pages in unavailable ranges
[    0.054491] On node 0, zone DMA32: 32 pages in unavailable ranges
[    0.055437] ACPI: PM-Timer IO Port: 0x608
[    0.056506] ACPI: LAPIC_NMI (acpi_id[0xff] dfl dfl lint[0x1])
[    0.057176] IOAPIC[0]: apic_id 0, version 17, address 0xfec00000, GSI 0-23
[    0.057928] ACPI: INT_SRC_OVR (bus 0 bus_irq 0 global_irq 2 dfl dfl)
[    0.058595] ACPI: INT_SRC_OVR (bus 0 bus_irq 5 global_irq 5 high level)
[    0.059286] ACPI: INT_SRC_OVR (bus 0 bus_irq 9 global_irq 9 high level)
[    0.059972] ACPI: INT_SRC_OVR (bus 0 bus_irq 10 global_irq 10 high level)
[    0.060682] ACPI: INT_SRC_OVR (bus 0 bus_irq 11 global_irq 11 high level)
[    0.061406] ACPI: Using ACPI (MADT) for SMP configuration information
[    0.062075] ACPI: HPET id: 0x8086a201 base: 0xfed00000
[    0.062624] TSC deadline timer available
[    0.063032] smpboot: Allowing 2 CPUs, 0 hotplug CPUs
[    0.063587] kvm-guest: KVM setup pv remote TLB flush
[    0.064106] kvm-guest: setup PV sched yield
[    0.064596] PM: hibernation: Registered nosave memory: [mem 0x00000000-0x00000fff]
[    0.065392] PM: hibernation: Registered nosave memory: [mem 0x0009f000-0x0009ffff]
[    0.066185] PM: hibernation: Registered nosave memory: [mem 0x000a0000-0x000effff]
[    0.066970] PM: hibernation: Registered nosave memory: [mem 0x000f0000-0x000fffff]
[    0.067765] [mem 0x80000000-0xfeffbfff] available for PCI devices
[    0.068380] Booting paravirtualized kernel on KVM
[    0.068912] clocksource: refined-jiffies: mask: 0xffffffff max_cycles: 0xffffffff, max_idle_ns: 7645519600211568 ns
[    0.070076] setup_percpu: NR_CPUS:8192 nr_cpumask_bits:2 nr_cpu_ids:2 nr_node_ids:1
[    0.071334] percpu: Embedded 64 pages/cpu s225280 r8192 d28672 u1048576
[    0.072294] kvm-guest: PV spinlocks enabled
[    0.072746] PV qspinlock hash table entries: 256 (order: 0, 4096 bytes, linear)
[    0.073536] Fallback order for Node 0: 0 
[    0.073984] Built 1 zonelists, mobility grouping on.  Total pages: 515808
[    0.074700] Policy zone: DMA32
[    0.075025] Kernel command line: net.ifnames=0 console=ttyS0 root=/dev/sda earlyprintk=serial net.ifnames=0
[    0.076737] Dentry cache hash table entries: 262144 (order: 9, 2097152 bytes, linear)
[    0.077685] Inode-cache hash table entries: 131072 (order: 8, 1048576 bytes, linear)
[    0.078627] mem auto-init: stack:off, heap alloc:off, heap free:off
[    0.083169] Memory: 1985384K/2096632K available (32784K kernel code, 4691K rwdata, 7824K rodata, 3672K init, 22124K bss, 110992K reserved, 0K cma-reserved)
[    0.085908] SLUB: HWalign=64, Order=0-3, MinObjects=0, CPUs=2, Nodes=1
[    0.086575] kmemleak: Kernel memory leak detector disabled
[    0.087166] ftrace: allocating 67426 entries in 264 pages
[    0.112893] ftrace: allocated 264 pages with 2 groups
[    0.117502] Dynamic Preempt: voluntary
[    0.118096] Running RCU self tests
[    0.118455] rcu: Preemptible hierarchical RCU implementation.
[    0.119045] rcu: 	RCU lockdep checking is enabled.
[    0.119532] rcu: 	RCU restricting CPUs from NR_CPUS=8192 to nr_cpu_ids=2.
[    0.120219] 	Trampoline variant of Tasks RCU enabled.
[    0.120729] 	Rude variant of Tasks RCU enabled.
[    0.121190] 	Tracing variant of Tasks RCU enabled.
[    0.121672] rcu: RCU calculated value of scheduler-enlistment delay is 25 jiffies.
[    0.122431] rcu: Adjusting geometry for rcu_fanout_leaf=16, nr_cpu_ids=2
[    0.154838] NR_IRQS: 524544, nr_irqs: 440, preallocated irqs: 16
[    0.155819] rcu: srcu_init: Setting srcu_struct sizes based on contention.
[    0.165668] Console: colour VGA+ 80x25
[    0.166108] printk: console [ttyS0] enabled
[    0.166108] printk: console [ttyS0] enabled
[    0.166979] printk: bootconsole [earlyser0] disabled
[    0.166979] printk: bootconsole [earlyser0] disabled
[    0.168024] Lock dependency validator: Copyright (c) 2006 Red Hat, Inc., Ingo Molnar
[    0.168817] ... MAX_LOCKDEP_SUBCLASSES:  8
[    0.169251] ... MAX_LOCK_DEPTH:          48
[    0.169692] ... MAX_LOCKDEP_KEYS:        8192
[    0.170151] ... CLASSHASH_SIZE:          4096
[    0.170610] ... MAX_LOCKDEP_ENTRIES:     32768
[    0.171079] ... MAX_LOCKDEP_CHAINS:      65536
[    0.171547] ... CHAINHASH_SIZE:          32768
[    0.172010]  memory used by lock dependency info: 6365 kB
[    0.172567]  memory used for stack traces: 4224 kB
[    0.173073]  per task-struct memory footprint: 1920 bytes
[    0.173702] ACPI: Core revision 20220331
[    0.174446] clocksource: hpet: mask: 0xffffffff max_cycles: 0xffffffff, max_idle_ns: 19112604467 ns
[    0.175573] APIC: Switch to symmetric I/O mode setup
[    0.176323] x2apic enabled
[    0.176841] Switched APIC routing to physical x2apic.
[    0.177372] kvm-guest: setup PV IPIs
[    0.178885] ..TIMER: vector=0x30 apic1=0 pin1=2 apic2=-1 pin2=-1
[    0.179570] clocksource: tsc-early: mask: 0xffffffffffffffff max_cycles: 0x2cd5a8bb032, max_idle_ns: 440795365915 ns
[    0.180677] Calibrating delay loop (skipped) preset value.. 6220.80 BogoMIPS (lpj=12441600)
[    0.181549] pid_max: default: 32768 minimum: 301
[    0.182247] LSM: Security Framework initializing
[    0.182766] Yama: becoming mindful.
[    0.183389] Mount-cache hash table entries: 4096 (order: 3, 32768 bytes, linear)
[    0.184691] Mountpoint-cache hash table entries: 4096 (order: 3, 32768 bytes, linear)
[    0.187068] x86/cpu: User Mode Instruction Prevention (UMIP) activated
[    0.188700] Last level iTLB entries: 4KB 0, 2MB 0, 4MB 0
[    0.189261] Last level dTLB entries: 4KB 0, 2MB 0, 4MB 0, 1GB 0
[    0.189874] Spectre V1 : Mitigation: usercopy/swapgs barriers and __user pointer sanitization
[    0.190794] Spectre V2 : WARNING: Unprivileged eBPF is enabled with eIBRS on, data leaks possible via Spectre v2 BHB attacks!
[    0.191948] Spectre V2 : Mitigation: Enhanced IBRS
[    0.192417] Spectre V2 : Spectre v2 / SpectreRSB mitigation: Filling RSB on context switch
[    0.192663] Spectre V2 : Spectre v2 / PBRSB-eIBRS: Retire a single CALL on VMEXIT
[    0.193388] Spectre V2 : mitigation: Enabling conditional Indirect Branch Prediction Barrier
[    0.194204] Speculative Store Bypass: Mitigation: Speculative Store Bypass disabled via prctl
[    0.320879] Freeing SMP alternatives memory: 56K
[    0.321699] smpboot: CPU0: Genuine Intel(R) CPU 0000 @ 2.20GHz (family: 0x6, model: 0x8d, stepping: 0x0)
[    0.323152] cblist_init_generic: Setting adjustable number of callback queues.
[    0.323874] cblist_init_generic: Setting shift to 1 and lim to 1.
[    0.324533] cblist_init_generic: Setting shift to 1 and lim to 1.
[    0.324659] cblist_init_generic: Setting shift to 1 and lim to 1.
[    0.324732] Running RCU-tasks wait API self tests
[    0.428796] Performance Events: Icelake events, full-width counters, Intel PMU driver.
[    0.429691] ... version:                2
[    0.430056] ... bit width:              48
[    0.430428] ... generic registers:      8
[    0.430777] ... value mask:             0000ffffffffffff
[    0.431241] ... max period:             00007fffffffffff
[    0.431706] ... fixed-purpose events:   3
[    0.432060] ... event mask:             00000007000000ff
[    0.432967] rcu: Hierarchical SRCU implementation.
[    0.433401] rcu: 	Max phase no-delay instances is 1000.
[    0.436627] smp: Bringing up secondary CPUs ...
[    0.437464] x86: Booting SMP configuration:
[    0.437867] .... node  #0, CPUs:      #1
[    0.438375] smp: Brought up 1 node, 2 CPUs
[    0.438375] smpboot: Max logical packages: 1
[    0.438375] smpboot: Total of 2 processors activated (12441.60 BogoMIPS)
[    0.441408] devtmpfs: initialized
[    0.441408] x86/mm: Memory block size: 128MB
[    0.445114] clocksource: jiffies: mask: 0xffffffff max_cycles: 0xffffffff, max_idle_ns: 7645041785100000 ns
[    0.446015] futex hash table entries: 512 (order: 4, 65536 bytes, linear)
[    0.446906] pinctrl core: initialized pinctrl subsystem
[    0.448026] 
[    0.448175] *************************************************************
[    0.448679] **     NOTICE NOTICE NOTICE NOTICE NOTICE NOTICE NOTICE    **
[    0.449307] **                                                         **
[    0.449307] Callback from call_rcu_tasks_trace() invoked.
[    0.449918] **  IOMMU DebugFS SUPPORT HAS BEEN ENABLED IN THIS KERNEL  **
[    0.449923] **                                                         **
[    0.451674] ** This means that this kernel is built to expose internal **
[    0.452291] ** IOMMU data structures, which may compromise security on **
[    0.452664] ** your system.                                            **
[    0.453295] **                                                         **
[    0.453907] ** If you see this message and you are not debugging the   **
[    0.454523] ** kernel, report this immediately to your vendor!         **
[    0.455135] **                                                         **
[    0.455747] **     NOTICE NOTICE NOTICE NOTICE NOTICE NOTICE NOTICE    **
[    0.456358] *************************************************************
[    0.456722] PM: RTC time: 10:00:55, date: 2023-03-14
[    0.460036] NET: Registered PF_NETLINK/PF_ROUTE protocol family
[    0.461334] DMA: preallocated 256 KiB GFP_KERNEL pool for atomic allocations
[    0.461994] DMA: preallocated 256 KiB GFP_KERNEL|GFP_DMA pool for atomic allocations
[    0.462703] DMA: preallocated 256 KiB GFP_KERNEL|GFP_DMA32 pool for atomic allocations
[    0.463481] audit: initializing netlink subsys (disabled)
[    0.464063] audit: type=2000 audit(1678788056.068:1): state=initialized audit_enabled=0 res=1
[    0.464828] thermal_sys: Registered thermal governor 'fair_share'
[    0.464952] thermal_sys: Registered thermal governor 'bang_bang'
[    0.465520] thermal_sys: Registered thermal governor 'step_wise'
[    0.466073] thermal_sys: Registered thermal governor 'user_space'
[    0.466670] cpuidle: using governor ladder
[    0.467633] cpuidle: using governor menu
[    0.468331] acpiphp: ACPI Hot Plug PCI Controller Driver version: 0.5
[    0.469041] PCI: Using configuration type 1 for base access
[    0.487833] kprobes: kprobe jump-optimization is enabled. All kprobes are optimized if possible.
[    0.726720] HugeTLB: registered 1.00 GiB page size, pre-allocated 0 pages
[    0.727444] HugeTLB: 16380 KiB vmemmap can be freed for a 1.00 GiB page
[    0.728117] HugeTLB: registered 2.00 MiB page size, pre-allocated 0 pages
[    0.728728] HugeTLB: 28 KiB vmemmap can be freed for a 2.00 MiB page
[    0.731581] ACPI: Added _OSI(Module Device)
[    0.732028] ACPI: Added _OSI(Processor Device)
[    0.732477] ACPI: Added _OSI(3.0 _SCP Extensions)
[    0.732672] ACPI: Added _OSI(Processor Aggregator Device)
[    0.740677] ACPI: 1 ACPI AML tables successfully acquired and loaded
[    0.745401] ACPI: Interpreter enabled
[    0.745900] ACPI: PM: (supports S0 S3 S4 S5)
[    0.746340] ACPI: Using IOAPIC for interrupt routing
[    0.746898] PCI: Using host bridge windows from ACPI; if necessary, use "pci=nocrs" and report a bug
[    0.747863] PCI: Using E820 reservations for host bridge windows
[    0.749292] ACPI: Enabled 2 GPEs in block 00 to 0F
[    0.771049] ACPI: PCI Root Bridge [PCI0] (domain 0000 [bus 00-ff])
[    0.771721] acpi PNP0A03:00: _OSC: OS supports [ASPM ClockPM Segments MSI EDR HPX-Type3]
[    0.772517] acpi PNP0A03:00: _OSC: not requesting OS control; OS requires [ExtendedConfig ASPM ClockPM MSI]
[    0.772748] acpi PNP0A03:00: fail to add MMCONFIG information, can't access extended PCI configuration space under this bridge.
[    0.777020] acpiphp: Slot [3] registered
[    0.777549] acpiphp: Slot [4] registered
[    0.778035] acpiphp: Slot [5] registered
[    0.778551] acpiphp: Slot [6] registered
[    0.779026] acpiphp: Slot [7] registered
[    0.779519] acpiphp: Slot [8] registered
[    0.780006] acpiphp: Slot [9] registered
[    0.780508] acpiphp: Slot [10] registered
[    0.780752] acpiphp: Slot [11] registered
[    0.781244] acpiphp: Slot [12] registered
[    0.781749] acpiphp: Slot [13] registered
[    0.782263] acpiphp: Slot [14] registered
[    0.782748] acpiphp: Slot [15] registered
[    0.783242] acpiphp: Slot [16] registered
[    0.783766] acpiphp: Slot [17] registered
[    0.784266] acpiphp: Slot [18] registered
[    0.784751] acpiphp: Slot [19] registered
[    0.785266] acpiphp: Slot [20] registered
[    0.785762] acpiphp: Slot [21] registered
[    0.786283] acpiphp: Slot [22] registered
[    0.786764] acpiphp: Slot [23] registered
[    0.787261] acpiphp: Slot [24] registered
[    0.787754] acpiphp: Slot [25] registered
[    0.788250] acpiphp: Slot [26] registered
[    0.788753] acpiphp: Slot [27] registered
[    0.789248] acpiphp: Slot [28] registered
[    0.789752] acpiphp: Slot [29] registered
[    0.790253] acpiphp: Slot [30] registered
[    0.790751] acpiphp: Slot [31] registered
[    0.791208] PCI host bridge to bus 0000:00
[    0.791636] pci_bus 0000:00: root bus resource [io  0x0000-0x0cf7 window]
[    0.792330] pci_bus 0000:00: root bus resource [io  0x0d00-0xffff window]
[    0.792682] pci_bus 0000:00: root bus resource [mem 0x000a0000-0x000bffff window]
[    0.793452] pci_bus 0000:00: root bus resource [mem 0x80000000-0xfebfffff window]
[    0.794227] pci_bus 0000:00: root bus resource [mem 0x100000000-0x17fffffff window]
[    0.795012] pci_bus 0000:00: root bus resource [bus 00-ff]
[    0.795758] pci 0000:00:00.0: [8086:1237] type 00 class 0x060000
[    0.800232] pci 0000:00:01.0: [8086:7000] type 00 class 0x060100
[    0.801563] pci 0000:00:01.1: [8086:7010] type 00 class 0x010180
[    0.803976] pci 0000:00:01.1: reg 0x20: [io  0xc040-0xc04f]
[    0.805273] pci 0000:00:01.1: legacy IDE quirk: reg 0x10: [io  0x01f0-0x01f7]
[    0.805990] pci 0000:00:01.1: legacy IDE quirk: reg 0x14: [io  0x03f6]
[    0.806667] pci 0000:00:01.1: legacy IDE quirk: reg 0x18: [io  0x0170-0x0177]
[    0.807391] pci 0000:00:01.1: legacy IDE quirk: reg 0x1c: [io  0x0376]
[    0.808432] pci 0000:00:01.3: [8086:7113] type 00 class 0x068000
[    0.809060] pci 0000:00:01.3: quirk: [io  0x0600-0x063f] claimed by PIIX4 ACPI
[    0.809830] pci 0000:00:01.3: quirk: [io  0x0700-0x070f] claimed by PIIX4 SMB
[    0.810927] pci 0000:00:02.0: [1234:1111] type 00 class 0x030000
[    0.812671] pci 0000:00:02.0: reg 0x10: [mem 0xfd000000-0xfdffffff pref]
[    0.814823] pci 0000:00:02.0: reg 0x18: [mem 0xfebf0000-0xfebf0fff]
[    0.818883] pci 0000:00:02.0: reg 0x30: [mem 0xfebe0000-0xfebeffff pref]
[    0.819670] pci 0000:00:02.0: Video device with shadowed ROM at [mem 0x000c0000-0x000dffff]
[    0.824359] pci 0000:00:03.0: [8086:100e] type 00 class 0x020000
[    0.825401] pci 0000:00:03.0: reg 0x10: [mem 0xfebc0000-0xfebdffff]
[    0.826654] pci 0000:00:03.0: reg 0x14: [io  0xc000-0xc03f]
[    0.830411] pci 0000:00:03.0: reg 0x30: [mem 0xfeb80000-0xfebbffff pref]
[    0.844892] ACPI: PCI: Interrupt link LNKA configured for IRQ 10
[    0.846005] ACPI: PCI: Interrupt link LNKB configured for IRQ 10
[    0.847091] ACPI: PCI: Interrupt link LNKC configured for IRQ 11
[    0.848199] ACPI: PCI: Interrupt link LNKD configured for IRQ 11
[    0.848895] ACPI: PCI: Interrupt link LNKS configured for IRQ 9
[    0.850884] iommu: Default domain type: Translated 
[    0.851400] iommu: DMA domain TLB invalidation policy: lazy mode 
[    0.853248] SCSI subsystem initialized
[    0.853949] ACPI: bus type USB registered
[    0.854432] usbcore: registered new interface driver usbfs
[    0.855051] usbcore: registered new interface driver hub
[    0.855647] usbcore: registered new device driver usb
[    0.856292] pps_core: LinuxPPS API ver. 1 registered
[    0.856668] pps_core: Software ver. 5.3.6 - Copyright 2005-2007 Rodolfo Giometti <giometti@linux.it>
[    0.857632] PTP clock support registered
[    0.858227] EDAC MC: Ver: 3.0.0
[    0.860425] NetLabel: Initializing
[    0.860671] NetLabel:  domain hash size = 128
[    0.861131] NetLabel:  protocols = UNLABELED CIPSOv4 CALIPSO
[    0.861782] NetLabel:  unlabeled traffic allowed by default
[    0.862759] PCI: Using ACPI for IRQ routing
[    0.863474] pci 0000:00:02.0: vgaarb: setting as boot VGA device
[    0.864085] pci 0000:00:02.0: vgaarb: bridge control possible
[    0.864659] pci 0000:00:02.0: vgaarb: VGA device added: decodes=io+mem,owns=io+mem,locks=none
[    0.864669] vgaarb: loaded
[    0.865391] hpet0: at MMIO 0xfed00000, IRQs 2, 8, 0
[    0.865920] hpet0: 3 comparators, 64-bit 100.000000 MHz counter
[    3.474077] clocksource: Switched to clocksource kvm-clock
[    3.520070] Callback from call_rcu_tasks_rude() invoked.
[    3.580846] Callback from call_rcu_tasks() invoked.
[    3.644253] VFS: Disk quotas dquot_6.6.0
[    3.644682] VFS: Dquot-cache hash table entries: 512 (order 0, 4096 bytes)
[    3.645514] pnp: PnP ACPI init
[    3.647669] pnp: PnP ACPI: found 6 devices
[    3.661408] clocksource: acpi_pm: mask: 0xffffff max_cycles: 0xffffff, max_idle_ns: 2085701024 ns
[    3.662471] NET: Registered PF_INET protocol family
[    3.662983] IP idents hash table entries: 32768 (order: 6, 262144 bytes, linear)
[    3.664734] tcp_listen_portaddr_hash hash table entries: 1024 (order: 4, 73728 bytes, linear)
[    3.665429] Table-perturb hash table entries: 65536 (order: 6, 262144 bytes, linear)
[    3.666039] TCP established hash table entries: 16384 (order: 5, 131072 bytes, linear)
[    3.667029] TCP bind hash table entries: 16384 (order: 9, 2359296 bytes, linear)
[    3.668365] TCP: Hash tables configured (established 16384 bind 16384)
[    3.668966] UDP hash table entries: 1024 (order: 5, 163840 bytes, linear)
[    3.669538] UDP-Lite hash table entries: 1024 (order: 5, 163840 bytes, linear)
[    3.670272] NET: Registered PF_UNIX/PF_LOCAL protocol family
[    3.671272] RPC: Registered named UNIX socket transport module.
[    3.671754] RPC: Registered udp transport module.
[    3.672134] RPC: Registered tcp transport module.
[    3.672519] RPC: Registered tcp NFSv4.1 backchannel transport module.
[    3.673059] pci_bus 0000:00: resource 4 [io  0x0000-0x0cf7 window]
[    3.673566] pci_bus 0000:00: resource 5 [io  0x0d00-0xffff window]
[    3.674063] pci_bus 0000:00: resource 6 [mem 0x000a0000-0x000bffff window]
[    3.674618] pci_bus 0000:00: resource 7 [mem 0x80000000-0xfebfffff window]
[    3.675165] pci_bus 0000:00: resource 8 [mem 0x100000000-0x17fffffff window]
[    3.675961] pci 0000:00:01.0: PIIX3: Enabling Passive Release
[    3.676434] pci 0000:00:00.0: Limiting direct PCI/PCI transfers
[    3.677014] PCI: CLS 0 bytes, default 64
[    3.677376] ACPI: bus type thunderbolt registered
[    3.678043] clocksource: tsc: mask: 0xffffffffffffffff max_cycles: 0x2cd5a8bb032, max_idle_ns: 440795365915 ns
[    3.681558] Initialise system trusted keyrings
[    3.682007] Key type blacklist registered
[    3.682535] workingset: timestamp_bits=36 max_order=19 bucket_order=0
[    3.693797] zbud: loaded
[    3.696190] squashfs: version 4.0 (2009/01/31) Phillip Lougher
[    3.698407] NFS: Registering the id_resolver key type
[    3.698837] Key type id_resolver registered
[    3.699166] Key type id_legacy registered
[    3.699640] nfs4filelayout_init: NFSv4 File Layout Driver Registering...
[    3.700201] nfs4flexfilelayout_init: NFSv4 Flexfile Layout Driver Registering...
[    3.700928] fuse: init (API version 7.37)
[    3.701553] SGI XFS with ACLs, security attributes, realtime, quota, no debug enabled
[    3.704190] 9p: Installing v9fs 9p2000 file system support
[    3.712640] Key type asymmetric registered
[    3.713004] Asymmetric key parser 'x509' registered
[    3.714876] alg: self-tests for CTR-KDF (hmac(sha256)) passed
[    3.715399] Block layer SCSI generic (bsg) driver version 0.4 loaded (major 243)
[    3.716108] io scheduler mq-deadline registered
[    3.716615] io scheduler bfq registered
[    3.717761] shpchp: Standard Hot Plug PCI Controller Driver version: 0.4
[    3.718704] IPMI message handler: version 39.2
[    3.719129] ipmi device interface
[    3.721023] input: Power Button as /devices/LNXSYSTM:00/LNXPWRBN:00/input/input0
[    3.721844] ACPI: button: Power Button [PWRF]
[    3.723092] ERST DBG: ERST support is disabled.
[    3.724082] Serial: 8250/16550 driver, 32 ports, IRQ sharing enabled
[    3.725067] 00:04: ttyS0 at I/O 0x3f8 (irq = 4, base_baud = 115200) is a 16550A
[    3.734508] Linux agpgart interface v0.103
[    3.735495] ACPI: bus type drm_connector registered
[    3.748045] brd: module loaded
[    3.755582] loop: module loaded
[    3.760082] scsi host0: ata_piix
[    3.761048] scsi host1: ata_piix
[    3.761490] ata1: PATA max MWDMA2 cmd 0x1f0 ctl 0x3f6 bmdma 0xc040 irq 14
[    3.762045] ata2: PATA max MWDMA2 cmd 0x170 ctl 0x376 bmdma 0xc048 irq 15
[    3.763648] tun: Universal TUN/TAP device driver, 1.6
[    3.764266] e100: Intel(R) PRO/100 Network Driver
[    3.764784] e100: Copyright(c) 1999-2006 Intel Corporation
[    3.765286] e1000: Intel(R) PRO/1000 Network Driver
[    3.765688] e1000: Copyright (c) 1999-2006 Intel Corporation.
[    3.920837] ata2: found unknown device (class 0)
[    3.921751] ata2.00: ATAPI: QEMU DVD-ROM, 2.5+, max UDMA/100
[    3.924782] ata1: found unknown device (class 0)
[    3.925549] ata1.00: ATA-7: QEMU HARDDISK, 2.5+, max UDMA/100
[    3.926011] ata1.00: 16777216 sectors, multi 16: LBA48 
[    3.927257] scsi 0:0:0:0: Direct-Access     ATA      QEMU HARDDISK    2.5+ PQ: 0 ANSI: 5
[    3.928891] scsi 0:0:0:0: Attached scsi generic sg0 type 0
[    3.929412] sd 0:0:0:0: [sda] 16777216 512-byte logical blocks: (8.59 GB/8.00 GiB)
[    3.930154] scsi 1:0:0:0: CD-ROM            QEMU     QEMU DVD-ROM     2.5+ PQ: 0 ANSI: 5
[    3.930177] sd 0:0:0:0: [sda] Write Protect is off
[    3.931446] sd 0:0:0:0: [sda] Write cache: enabled, read cache: enabled, doesn't support DPO or FUA
[    3.932411] sd 0:0:0:0: [sda] Preferred minimum I/O size 512 bytes
[    3.946120] ACPI: \_SB_.LNKC: Enabled at IRQ 11
[    3.950186] sd 0:0:0:0: [sda] Attached SCSI disk
[    3.961474] scsi 1:0:0:0: Attached scsi generic sg1 type 5
[    4.267791] e1000 0000:00:03.0 eth0: (PCI:33MHz:32-bit) 52:54:00:12:34:56
[    4.268432] e1000 0000:00:03.0 eth0: Intel(R) PRO/1000 Network Connection
[    4.269112] e1000e: Intel(R) PRO/1000 Network Driver
[    4.269516] e1000e: Copyright(c) 1999 - 2015 Intel Corporation.
[    4.270060] igb: Intel(R) Gigabit Ethernet Network Driver
[    4.270496] igb: Copyright (c) 2007-2014 Intel Corporation.
[    4.271060] PPP generic driver version 2.4.2
[    4.272005] VFIO - User Level meta-driver version: 0.3
[    4.272932] usbcore: registered new interface driver uas
[    4.273439] usbcore: registered new interface driver usb-storage
[    4.274042] i8042: PNP: PS/2 Controller [PNP0303:KBD,PNP0f13:MOU] at 0x60,0x64 irq 1,12
[    4.275478] serio: i8042 KBD port at 0x60,0x64 irq 1
[    4.276073] serio: i8042 AUX port at 0x60,0x64 irq 12
[    4.277905] mousedev: PS/2 mouse device common for all mice
[    4.280038] input: AT Translated Set 2 keyboard as /devices/platform/i8042/serio0/input/input1
[    4.281476] rtc_cmos 00:05: RTC can wake from S4
[    4.283063] rtc_cmos 00:05: registered as rtc0
[    4.283294] input: VirtualPS/2 VMware VMMouse as /devices/platform/i8042/serio1/input/input4
[    4.283537] rtc_cmos 00:05: setting system clock to 2023-03-14T10:00:59 UTC (1678788059)
[    4.285369] rtc_cmos 00:05: alarms up to one day, y3k, 242 bytes nvram, hpet irqs
[    4.285538] input: VirtualPS/2 VMware VMMouse as /devices/platform/i8042/serio1/input/input3
[    4.286045] i2c_dev: i2c /dev entries driver
[    4.287396] device-mapper: core: CONFIG_IMA_DISABLE_HTABLE is disabled. Duplicate IMA measurements will not be recorded in the IMA log.
[    4.288475] device-mapper: uevent: version 1.0.3
[    4.289199] device-mapper: ioctl: 4.47.0-ioctl (2022-07-28) initialised: dm-devel@redhat.com
[    4.289875] intel_pstate: CPU model not supported
[    4.290345] sdhci: Secure Digital Host Controller Interface driver
[    4.290847] sdhci: Copyright(c) Pierre Ossman
[    4.291279] sdhci-pltfm: SDHCI platform and OF driver helper
[    4.291806] ledtrig-cpu: registered to indicate activity on CPUs
[    4.292638] drop_monitor: Initializing network drop monitor service
[    4.293695] NET: Registered PF_INET6 protocol family
[    4.296518] Segment Routing with IPv6
[    4.297079] In-situ OAM (IOAM) with IPv6
[    4.297623] NET: Registered PF_PACKET protocol family
[    4.298601] 9pnet: Installing 9P2000 support
[    4.299047] Key type dns_resolver registered
[    4.300215] IPI shorthand broadcast: enabled
[    4.300649] sched_clock: Marking stable (4279852572, 20147397)->(4315419141, -15419172)
[    4.302031] registered taskstats version 1
[    4.302523] Loading compiled-in X.509 certificates
[    4.303206] zswap: loaded using pool lzo/zbud
[    4.304263] Key type .fscrypt registered
[    4.304584] Key type fscrypt-provisioning registered
[    4.305986] Key type encrypted registered
[    4.306347] ima: No TPM chip found, activating TPM-bypass!
[    4.306802] ima: Allocated hash algorithm: sha1
[    4.307214] ima: No architecture policies found
[    4.307668] evm: Initialising EVM extended attributes:
[    4.308095] evm: security.selinux
[    4.308380] evm: security.SMACK64
[    4.308650] evm: security.SMACK64EXEC
[    4.308977] evm: security.SMACK64TRANSMUTE
[    4.309384] evm: security.SMACK64MMAP
[    4.309677] evm: security.apparmor
[    4.309947] evm: security.ima
[    4.310186] evm: security.capability
[    4.310469] evm: HMAC attrs: 0x1
[    4.314980] PM:   Magic number: 15:54:22
[    4.315742] RAS: Correctable Errors collector initialized.
[    4.316803] md: Waiting for all devices to be available before autodetect
[    4.317225] md: If you don't use raid, use raid=noautodetect
[    4.317567] md: Autodetecting RAID arrays.
[    4.317824] md: autorun ...
[    4.317997] md: ... autorun DONE.
[    4.325276] EXT4-fs (sda): mounted filesystem with ordered data mode. Quota mode: none.
[    4.325989] VFS: Mounted root (ext4 filesystem) readonly on device 8:0.
[    4.328355] devtmpfs: mounted
[    4.344009] Freeing unused decrypted memory: 2036K
[    4.346469] Freeing unused kernel image (initmem) memory: 3672K
[    4.352725] Write protecting the kernel read-only data: 43008k
[    4.357194] Freeing unused kernel image (text/rodata gap) memory: 2028K
[    4.358015] Freeing unused kernel image (rodata/data gap) memory: 368K
[    4.448127] x86/mm: Checked W+X mappings: passed, no W+X pages found.
[    4.448527] Run /sbin/init as init process
[    4.535250] systemd[1]: RTC configured in localtime, applying delta of 0 minutes to system time.
[    4.562290] systemd[1]: systemd 239 (239-49.el8) running in system mode. (+PAM +AUDIT +SELINUX +IMA -APPARMOR +SMACK +SYSVINIT +UTMP +LIBCRYPTSETUP +GCRYPT +GNUTLS +ACL +XZ +LZ4 +SECCOMP +BLKID +ELFUTILS +KMOD +IDN2 -IDN +PCRE2 default-hierarchy=legacy)
[    4.563782] systemd[1]: Detected virtualization kvm.
[    4.564090] systemd[1]: Detected architecture x86-64.

Welcome to [0;31mCentOS Stream 8[0m!

[    4.617370] systemd[1]: Set hostname to <test>.
[    5.656742] random: crng init done
[    5.773050] systemd[1]: Listening on Device-mapper event daemon FIFOs.
[[0;32m  OK  [0m] Listening on Device-mapper event daemon FIFOs.
[    5.774294] systemd[1]: Listening on multipathd control socket.
[[0;32m  OK  [0m] Listening on multipathd control socket.
[    5.775105] systemd[1]: Reached target Swap.
[[0;32m  OK  [0m] Reached target Swap.
[    5.775991] systemd[1]: Listening on Journal Socket (/dev/log).
[[0;32m  OK  [0m] Listening on Journal Socket (/dev/log).
[    5.777412] systemd[1]: Listening on RPCbind Server Activation Socket.
[[0;32m  OK  [0m] Listening on RPCbind Server Activation Socket.
[    5.778318] systemd[1]: Reached target RPC Port Mapper.
[[0;32m  OK  [0m] Reached target RPC Port Mapper.
[[0;32m  OK  [0m] Listening on udev Kernel Socket.
[[0;32m  OK  [0m] Created slice system-serial\x2dgetty.slice.
[[0;32m  OK  [0m] Listening on udev Control Socket.
[[0;32m  OK  [0m] Created slice system-getty.slice.
[[0;32m  OK  [0m] Listening on Process Core Dump Socket.
[[0;32m  OK  [0m] Created slice system-sshd\x2dkeygen.slice.
[[0;32m  OK  [0m] Started Forward Password Requests to Wall Directory Watch.
[[0;32m  OK  [0m] Listening on Journal Socket.
         Starting Remount Root and Kernel File Systems...
         Starting udev Coldplug all Devices...
         Starting Monitoring of LVM2 mirrorsâ€¦ng dmeventd or progress polling...
         Mounting POSIX Message Queue File System...
         Starting Setup Virtual Console...
         Mounting Huge Pages File System...
[[0;32m  OK  [0m] Listening on LVM2 poll daemon socket.
[[0;32m  OK  [0m] Listening on initctl Compatibility Named Pipe.
[[0;32m  OK  [0m] Set up automount Arbitrary Executabâ€¦rmats File System Automount Point.
         Starting Load Kernel Modules...
         Mounting Kernel Debug File System...
[[0;32m  OK  [0m] Created slice User and Session Slice.
         Starting Journal Service...
[[0;32m  OK  [0m] Reached target Slices.
[[0;32m  OK  [0m] Mounted POSIX Message Queue File System.
[[0;32m  OK  [0m] Mounted Huge Pages File System.
[[0;1;31mFAILED[0m] Failed to start Load Kernel Modules.
See 'systemctl status systemd-modules-load.service' for details.
[[0;32m  OK  [0m] Mounted Kernel Debug File System.
         Mounting Kernel Configuration File System...
         Mounting FUSE Control File System...
[    6.240842] EXT4-fs (sda): re-mounted. Quota mode: none.
         Starting Apply Kernel Variables...
[[0;32m  OK  [0m] Started Remount Root and Kernel File Systems.
[[0;32m  OK  [0m] Mounted Kernel Configuration File System.
[[0;32m  OK  [0m] Mounted FUSE Control File System.
[[0;32m  OK  [0m] Started Journal Service.
[[0;32m  OK  [0m] Started Apply Kernel Variables.
[[0;32m  OK  [0m] Started Setup Virtual Console.
         Starting Load/Save Random Seed...
         Starting Flush Journal to Persistent Storage...
         Starting Create Static Device Nodes in /dev...
[[0;32m  OK  [0m] Started Load/Save Random Seed.
[[0;32m  OK  [0m] Started Flush Journal to Persistent Storage.
[[0;32m  OK  [0m] Started Create Static Device Nodes in /dev.
         Starting udev Kernel Device Manager...
[[0;32m  OK  [0m] Started udev Coldplug all Devices.
         Starting udev Wait for Complete Device Initialization...
[[0;32m  OK  [0m] Started udev Kernel Device Manager.
         Starting Show Plymouth Boot Screen...
[[0;32m  OK  [0m] Started Show Plymouth Boot Screen.
[[0;32m  OK  [0m] Reached target Paths.
[[0;32m  OK  [0m] Reached target Local Encrypted Volumes.
[[0;32m  OK  [0m] Started Forward Password Requests to Plymouth Directory Watch.
[[0;32m  OK  [0m] Found device /dev/ttyS0.
[[0;32m  OK  [0m] Started Monitoring of LVM2 mirrors,â€¦sing dmeventd or progress polling.
[[0;32m  OK  [0m] Started udev Wait for Complete Device Initialization.
[[0;32m  OK  [0m] Listening on Load/Save RF Kill Switch Status /dev/rfkill Watch.
[[0;32m  OK  [0m] Reached target Local File Systems (Pre).
[[0;32m  OK  [0m] Reached target Local File Systems.
         Starting Restore /run/initramfs on shutdown...
         Starting Create Volatile Files and Directories...
         Starting Tell Plymouth To Write Out Runtime Data...
[[0;32m  OK  [0m] Started Restore /run/initramfs on shutdown.
[[0;32m  OK  [0m] Started Create Volatile Files and Directories.
[[0;32m  OK  [0m] Started Tell Plymouth To Write Out Runtime Data.
         Starting RPC Bind...
         Starting Security Auditing Service...
         Mounting RPC Pipe File System...
[[0;32m  OK  [0m] Mounted RPC Pipe File System.
[[0;32m  OK  [0m] Reached target rpc_pipefs.target.
[[0;32m  OK  [0m] Started RPC Bind.
[[0;32m  OK  [0m] Started Security Auditing Service.
         Starting Update UTMP about System Boot/Shutdown...
[[0;32m  OK  [0m] Started Update UTMP about System Boot/Shutdown.
[[0;32m  OK  [0m] Reached target System Initialization.
[[0;32m  OK  [0m] Started dnf makecache --timer.
[[0;32m  OK  [0m] Listening on D-Bus System Message Bus Socket.
[[0;32m  OK  [0m] Listening on SSSD Kerberos Cache Manager responder socket.
[[0;32m  OK  [0m] Reached target Sockets.
[[0;32m  OK  [0m] Reached target Basic System.
         Starting Auto-connect to subsystemsâ€¦-NVME devices found during boot...
[[0;32m  OK  [0m] Started D-Bus System Message Bus.
         Starting Self Monitoring and Reporting Technology (SMART) Daemon...
[[0;32m  OK  [0m] Reached target sshd-keygen.target.
         Starting Network Manager...
[[0;32m  OK  [0m] Started daily update of the root trust anchor for DNSSEC.
         Starting NTP client/server...
[[0;32m  OK  [0m] Started Machine Check Exception Logging Daemon.
[[0;32m  OK  [0m] Started irqbalance daemon.
         Starting Authorization Manager...
[[0;32m  OK  [0m] Started Daily Cleanup of Temporary Directories.
[[0;32m  OK  [0m] Reached target Timers.
         Starting Login Service...
[[0;32m  OK  [0m] Started Auto-connect to subsystems â€¦FC-NVME devices found during boot.
[[0;32m  OK  [0m] Started Self Monitoring and Reporting Technology (SMART) Daemon.
         Starting update of the root trust aâ€¦or DNSSEC validation in unbound...
[[0;32m  OK  [0m] Started Login Service.
[[0;32m  OK  [0m] Started Network Manager.
[[0;32m  OK  [0m] Reached target Network.
         Starting Dynamic System Tuning Daemon...
         Starting GSSAPI Proxy Daemon...
         Starting OpenSSH server daemon...
         Starting Network Manager Wait Online...
[[0;32m  OK  [0m] Started update of the root trust anâ€¦ for DNSSEC validation in unbound.
[[0;32m  OK  [0m] Started NTP client/server.
[[0;32m  OK  [0m] Started GSSAPI Proxy Daemon.
[[0;32m  OK  [0m] Started OpenSSH server daemon.
         Starting Hostname Service...
[[0;32m  OK  [0m] Reached target NFS client services.
[[0;32m  OK  [0m] Reached target Remote File Systems (Pre).
[[0;32m  OK  [0m] Reached target Remote File Systems.
         Starting Permit User Sessions...
[[0;32m  OK  [0m] Started Authorization Manager.
[[0;32m  OK  [0m] Started Permit User Sessions.
         Starting Terminate Plymouth Boot Screen...
         Starting Hold until boot process finishes up...
[[0;32m  OK  [0m] Started Command Scheduler.
[[0;32m  OK  [0m] Started Terminate Plymouth Boot Screen.
[[0;32m  OK  [0m] Started Hold until boot process finishes up.
[    8.992876] e1000: eth0 NIC Link is Up 1000 Mbps Full Duplex, Flow Control: RX
[    8.993957] IPv6: ADDRCONF(NETDEV_CHANGE): eth0: link becomes ready
[    9.230229] Spectre V2 : WARNING: Unprivileged eBPF is enabled with eIBRS on, data leaks possible via Spectre v2 BHB attacks!
[    9.231134] Spectre V2 : WARNING: Unprivileged eBPF is enabled with eIBRS on, data leaks possible via Spectre v2 BHB attacks!

CentOS Stream 8
Kernel 6.1.0-rc3-81ab9890da97+ on an x86_64

test login: [   30.524987] ------------[ cut here ]------------
[   30.525450] WARNING: CPU: 1 PID: 585 at drivers/iommu/iommufd/pages.c:1294 __iopt_area_unfill_domain+0x4e0/0x4f0
[   30.526221] Modules linked in:
[   30.526457] CPU: 1 PID: 585 Comm: repro Not tainted 6.1.0-rc3-81ab9890da97+ #1
[   30.527003] Hardware name: QEMU Standard PC (i440FX + PIIX, 1996), BIOS rel-1.16.0-0-gd239552ce722-prebuilt.qemu.org 04/01/2014
[   30.527809] RIP: 0010:__iopt_area_unfill_domain+0x4e0/0x4f0
[   30.528254] Code: e8 f5 1d 2d ff 85 db 0f 85 a2 fb ff ff e8 78 1c 2d ff 0f 0b e9 96 fb ff ff e8 6c 1c 2d ff 0f 0b e9 6f fe ff ff e8 60 1c 2d ff <0f> 0b e9 58 ff ff ff e8 74 28 db 00 0f 1f 40 00 0f 1f 44 00 00 55
[   30.529646] RSP: 0018:ffffc90000ff7af0 EFLAGS: 00010246
[   30.530262] RAX: 0000000000000000 RBX: 00000000ffffffff RCX: ffffffff81fc7267
[   30.531041] RDX: 0000000000000000 RSI: ffff8880135b8000 RDI: 0000000000000002
[   30.531554] RBP: ffffc90000ff7d10 R08: 000000000003b3e5 R09: 0000000000000010
[   30.532080] R10: 000000000003b3c0 R11: 0000000000000024 R12: 00000000000007ff
[   30.532594] R13: 0000000000000800 R14: 0000000000000801 R15: 00000000000007ff
[   30.533173] FS:  00007f0d95744740(0000) GS:ffff88807dd00000(0000) knlGS:0000000000000000
[   30.533991] CS:  0010 DS: 0000 ES: 0000 CR0: 0000000080050033
[   30.534426] CR2: 00007f0d95869580 CR3: 000000000e05c001 CR4: 0000000000770ee0
[   30.534938] PKRU: 55555554
[   30.535142] Call Trace:
[   30.535344]  <TASK>
[   30.535556]  ? __this_cpu_preempt_check+0x20/0x30
[   30.535920]  ? lock_is_held_type+0xe6/0x140
[   30.536279]  ? rcu_read_lock_sched_held+0x57/0x80
[   30.536648]  ? __mutex_lock+0x13a/0xf30
[   30.537171]  ? write_comp_data+0x2f/0x90
[   30.537663]  ? __sanitizer_cov_trace_pc+0x25/0x60
[   30.538197]  iopt_area_unfill_domain+0x32/0x40
[   30.538552]  iopt_table_remove_domain+0x23f/0x4c0
[   30.538910]  iommufd_device_selftest_detach+0x3a/0x90
[   30.539321]  iommufd_selftest_destroy+0x55/0x70
[   30.539670]  iommufd_object_destroy_user+0xce/0x130
[   30.540037]  iommufd_destroy+0xa2/0xc0
[   30.540353]  iommufd_fops_ioctl+0x1ef/0x310
[   30.540784]  ? __sanitizer_cov_trace_pc+0x25/0x60
[   30.541356]  ? write_comp_data+0x2f/0x90
[   30.541836]  __x64_sys_ioctl+0x10e/0x160
[   30.542135]  ? iommufd_get_object.part.6+0x1c0/0x1c0
[   30.542508]  do_syscall_64+0x3b/0x90
[   30.542785]  entry_SYSCALL_64_after_hwframe+0x63/0xcd
[   30.543180] RIP: 0033:0x7f0d9586959d
[   30.543452] Code: 00 c3 66 2e 0f 1f 84 00 00 00 00 00 90 f3 0f 1e fa 48 89 f8 48 89 f7 48 89 d6 48 89 ca 4d 89 c2 4d 89 c8 4c 8b 4c 24 08 0f 05 <48> 3d 01 f0 ff ff 73 01 c3 48 8b 0d d3 08 0d 00 f7 d8 64 89 01 48
[   30.544821] RSP: 002b:00007ffcdfaf82a8 EFLAGS: 00000213 ORIG_RAX: 0000000000000010
[   30.545709] RAX: ffffffffffffffda RBX: 0000000000000000 RCX: 00007f0d9586959d
[   30.546233] RDX: 0000000020000140 RSI: 0000000000003b80 RDI: 0000000000000003
[   30.546759] RBP: 00007ffcdfaf82c0 R08: 00007ffcdfaf82c0 R09: 00007ffcdfaf82c0
[   30.547271] R10: 00007ffcdfaf82c0 R11: 0000000000000213 R12: 0000000000401180
[   30.547782] R13: 00007ffcdfaf83e0 R14: 0000000000000000 R15: 0000000000000000
[   30.548341]  </TASK>
[   30.548512] irq event stamp: 18823
[   30.548814] hardirqs last  enabled at (18839): [<ffffffff811b8b21>] __up_console_sem+0x91/0xb0
[   30.549804] hardirqs last disabled at (18846): [<ffffffff811b8b06>] __up_console_sem+0x76/0xb0
[   30.550420] softirqs last  enabled at (18836): [<ffffffff83000329>] __do_softirq+0x329/0x490
[   30.551051] softirqs last disabled at (18831): [<ffffffff811123c2>] irq_exit_rcu+0xd2/0x100
[   30.551664] ---[ end trace 0000000000000000 ]---
[   30.556407] ------------[ cut here ]------------
[   30.556859] WARNING: CPU: 1 PID: 585 at drivers/iommu/iommufd/pages.c:178 batch_unpin.isra.23+0x151/0x1a0
[   30.557558] Modules linked in:
[   30.557812] CPU: 1 PID: 585 Comm: repro Tainted: G        W          6.1.0-rc3-81ab9890da97+ #1
[   30.558435] Hardware name: QEMU Standard PC (i440FX + PIIX, 1996), BIOS rel-1.16.0-0-gd239552ce722-prebuilt.qemu.org 04/01/2014
[   30.559257] RIP: 0010:batch_unpin.isra.23+0x151/0x1a0
[   30.559631] Code: e8 d4 3d 2d ff 48 8b 45 d0 48 85 c0 75 17 e8 36 3c 2d ff 48 8b 7d c8 48 89 de e8 0a 3d 2d ff 48 39 5d c8 73 07 e8 1f 3c 2d ff <0f> 0b e8 18 3c 2d ff 4d 29 e5 31 ff 41 83 c6 01 4c 89 ee 31 db e8
[   30.561025] RSP: 0018:ffffc90000ff79d8 EFLAGS: 00010246
[   30.561644] RAX: 0000000000000000 RBX: ffffffffffffffff RCX: ffffffff81fc532c
[   30.562374] RDX: 0000000000000000 RSI: ffff8880135b8000 RDI: 0000000000000002
[   30.562882] RBP: ffffc90000ff7a20 R08: 0000000000000001 R09: 0000000000000001
[   30.563402] R10: ffff88807dd3b2d0 R11: 0000000000000000 R12: 0000000000000001
[   30.563919] R13: 0000000000000001 R14: 0000000000000000 R15: ffff888009f16000
[   30.564457] FS:  0000000000000000(0000) GS:ffff88807dd00000(0000) knlGS:0000000000000000
[   30.565072] CS:  0010 DS: 0000 ES: 0000 CR0: 0000000080050033
[   30.565738] CR2: 00007f0d9593b500 CR3: 0000000003a12003 CR4: 0000000000770ee0
[   30.566344] PKRU: 55555554
[   30.566553] Call Trace:
[   30.566742]  <TASK>
[   30.566912]  iopt_pages_unfill_xarray+0x39f/0x5c0
[   30.567324]  ? write_comp_data+0x2f/0x90
[   30.567633]  ? __sanitizer_cov_trace_pc+0x25/0x60
[   30.567985]  ? write_comp_data+0x2f/0x90
[   30.568308]  ? __sanitizer_cov_trace_pc+0x25/0x60
[   30.568696]  ? interval_tree_remove+0x291/0x4e0
[   30.569260]  ? write_comp_data+0x2f/0x90
[   30.569759]  iopt_area_remove_access+0x108/0x120
[   30.570235]  iommufd_access_unpin_pages+0x177/0x210
[   30.570630]  iommufd_test_access_unmap+0xe0/0x130
[   30.570992]  ? iommufd_test_access_unmap+0x130/0x130
[   30.571388]  iommufd_test_staccess_release+0x39/0x60
[   30.571764]  __fput+0x11f/0x450
[   30.572023]  ____fput+0x1e/0x30
[   30.572289]  task_work_run+0xb6/0x120
[   30.572589]  do_exit+0x547/0x1360
[   30.572945]  ? lockdep_hardirqs_on+0x8a/0x110
[   30.573490]  ? trace_hardirqs_on+0x3f/0xe0
[   30.574018]  do_group_exit+0x5e/0xf0
[   30.574413]  __x64_sys_exit_group+0x25/0x30
[   30.574757]  do_syscall_64+0x3b/0x90
[   30.575036]  entry_SYSCALL_64_after_hwframe+0x63/0xcd
[   30.575420] RIP: 0033:0x7f0d95831cf6
[   30.575708] Code: Unable to access opcode bytes at 0x7f0d95831ccc.
[   30.576151] RSP: 002b:00007ffcdfaf8268 EFLAGS: 00000246 ORIG_RAX: 00000000000000e7
[   30.576759] RAX: ffffffffffffffda RBX: 00007f0d9593c490 RCX: 00007f0d95831cf6
[   30.577588] RDX: 0000000000000000 RSI: 000000000000003c RDI: 0000000000000000
[   30.578132] RBP: 0000000000000000 R08: 00000000000000e7 R09: ffffffffffffff80
[   30.578657] R10: 0000000000000004 R11: 0000000000000246 R12: 00007f0d9593c490
[   30.579189] R13: 0000000000000001 R14: 00007f0d9593fe88 R15: 0000000000000000
[   30.579721]  </TASK>
[   30.579893] irq event stamp: 24875
[   30.580162] hardirqs last  enabled at (24883): [<ffffffff811b8b21>] __up_console_sem+0x91/0xb0
[   30.580844] hardirqs last disabled at (24892): [<ffffffff811b8b06>] __up_console_sem+0x76/0xb0
[   30.581852] softirqs last  enabled at (24824): [<ffffffff83000329>] __do_softirq+0x329/0x490
[   30.582482] softirqs last disabled at (24815): [<ffffffff811123c2>] irq_exit_rcu+0xd2/0x100
[   30.583094] ---[ end trace 0000000000000000 ]---
[   30.583535] ------------[ cut here ]------------
[   30.583885] WARNING: CPU: 1 PID: 585 at drivers/iommu/iommufd/pages.c:890 update_unpinned+0x75/0x80
[   30.584567] Modules linked in:
[   30.584844] CPU: 1 PID: 585 Comm: repro Tainted: G        W          6.1.0-rc3-81ab9890da97+ #1
[   30.585812] Hardware name: QEMU Standard PC (i440FX + PIIX, 1996), BIOS rel-1.16.0-0-gd239552ce722-prebuilt.qemu.org 04/01/2014
[   30.586641] RIP: 0010:update_unpinned+0x75/0x80
[   30.586983] Code: 2b 2d ff 48 89 de 31 c9 31 d2 4c 29 e6 4c 89 ef e8 60 fb ff ff e8 bb 2b 2d ff 5b 41 5c 41 5d 5d c3 cc cc cc cc e8 ab 2b 2d ff <0f> 0b eb e7 0f 1f 80 00 00 00 00 0f 1f 44 00 00 55 48 89 e5 41 57
[   30.588289] RSP: 0018:ffffc90000ff7a08 EFLAGS: 00010246
[   30.588718] RAX: 0000000000000000 RBX: 0000000000000000 RCX: ffffffff81fc637f
[   30.589489] RDX: 0000000000000000 RSI: ffff8880135b8000 RDI: 0000000000000002
[   30.590025] RBP: ffffc90000ff7a20 R08: 0000000000000001 R09: 0000000000000001
[   30.590551] R10: ffff88807dd3b2d0 R11: 0000000000000000 R12: ffffffffffffffff
[   30.591093] R13: ffff888009f16000 R14: 0000000000000002 R15: 0000000000000002
[   30.591605] FS:  0000000000000000(0000) GS:ffff88807dd00000(0000) knlGS:0000000000000000
[   30.592198] CS:  0010 DS: 0000 ES: 0000 CR0: 0000000080050033
[   30.592636] CR2: 00007f0d9593b500 CR3: 0000000003a12003 CR4: 0000000000770ee0
[   30.593211] PKRU: 55555554
[   30.593553] Call Trace:
[   30.593863]  <TASK>
[   30.594140]  iopt_pages_unfill_xarray+0x522/0x5c0
[   30.594690]  ? write_comp_data+0x2f/0x90
[   30.595009]  ? __sanitizer_cov_trace_pc+0x25/0x60
[   30.595391]  ? write_comp_data+0x2f/0x90
[   30.595795]  ? __sanitizer_cov_trace_pc+0x25/0x60
[   30.596164]  ? interval_tree_remove+0x291/0x4e0
[   30.596534]  ? write_comp_data+0x2f/0x90
[   30.596874]  iopt_area_remove_access+0x108/0x120
[   30.597442]  iommufd_access_unpin_pages+0x177/0x210
[   30.598008]  iommufd_test_access_unmap+0xe0/0x130
[   30.598386]  ? iommufd_test_access_unmap+0x130/0x130
[   30.598763]  iommufd_test_staccess_release+0x39/0x60
[   30.599136]  __fput+0x11f/0x450
[   30.599411]  ____fput+0x1e/0x30
[   30.599711]  task_work_run+0xb6/0x120
[   30.599994]  do_exit+0x547/0x1360
[   30.600273]  ? lockdep_hardirqs_on+0x8a/0x110
[   30.600625]  ? trace_hardirqs_on+0x3f/0xe0
[   30.600996]  do_group_exit+0x5e/0xf0
[   30.601453]  __x64_sys_exit_group+0x25/0x30
[   30.601973]  do_syscall_64+0x3b/0x90
[   30.602427]  entry_SYSCALL_64_after_hwframe+0x63/0xcd
[   30.602838] RIP: 0033:0x7f0d95831cf6
[   30.603109] Code: Unable to access opcode bytes at 0x7f0d95831ccc.
[   30.603572] RSP: 002b:00007ffcdfaf8268 EFLAGS: 00000246 ORIG_RAX: 00000000000000e7
[   30.604126] RAX: ffffffffffffffda RBX: 00007f0d9593c490 RCX: 00007f0d95831cf6
[   30.604713] RDX: 0000000000000000 RSI: 000000000000003c RDI: 0000000000000000
[   30.605504] RBP: 0000000000000000 R08: 00000000000000e7 R09: ffffffffffffff80
[   30.606042] R10: 0000000000000004 R11: 0000000000000246 R12: 00007f0d9593c490
[   30.606566] R13: 0000000000000001 R14: 00007f0d9593fe88 R15: 0000000000000000
[   30.607127]  </TASK>
[   30.607298] irq event stamp: 25369
[   30.607549] hardirqs last  enabled at (25377): [<ffffffff811b8b21>] __up_console_sem+0x91/0xb0
[   30.608179] hardirqs last disabled at (25384): [<ffffffff811b8b06>] __up_console_sem+0x76/0xb0
[   30.608860] softirqs last  enabled at (25398): [<ffffffff83000329>] __do_softirq+0x329/0x490
[   30.609865] softirqs last disabled at (25393): [<ffffffff811123c2>] irq_exit_rcu+0xd2/0x100
[   30.610492] ---[ end trace 0000000000000000 ]---
[   30.610987] ------------[ cut here ]------------
[   30.611412] WARNING: CPU: 1 PID: 585 at drivers/iommu/iommufd/pages.c:1185 iopt_release_pages+0x159/0x190
[   30.612104] Modules linked in:
[   30.612362] CPU: 1 PID: 585 Comm: repro Tainted: G        W          6.1.0-rc3-81ab9890da97+ #1
[   30.613036] Hardware name: QEMU Standard PC (i440FX + PIIX, 1996), BIOS rel-1.16.0-0-gd239552ce722-prebuilt.qemu.org 04/01/2014
[   30.614196] RIP: 0010:iopt_release_pages+0x159/0x190
[   30.614592] Code: 64 13 ff eb cb e8 f7 0f 2d ff be 03 00 00 00 4c 89 f7 e8 3a c5 ce ff eb b7 e8 e3 0f 2d ff 0f 0b e9 ed fe ff ff e8 d7 0f 2d ff <0f> 0b e9 00 ff ff ff e8 cb 0f 2d ff 0f 0b e9 07 ff ff ff e8 bf 0f
[   30.615908] RSP: 0018:ffffc90000ff7c88 EFLAGS: 00010246
[   30.616302] RAX: 0000000000000000 RBX: ffff888009f16000 RCX: ffffffff81fc7e97
[   30.617030] RDX: 0000000000000000 RSI: ffff8880135b8000 RDI: 0000000000000002
[   30.617764] RBP: ffffc90000ff7ca8 R08: 000000000000001a R09: 0000000000000001
[   30.618274] R10: ffff8880135b8db0 R11: 0000000000000000 R12: ffffffffffffffff
[   30.618826] R13: 0000000001000000 R14: 00000000017fffff R15: 0000000000000000
[   30.619329] FS:  0000000000000000(0000) GS:ffff88807dd00000(0000) knlGS:0000000000000000
[   30.619899] CS:  0010 DS: 0000 ES: 0000 CR0: 0000000080050033
[   30.620328] CR2: 00007f0d9593b500 CR3: 0000000003a12003 CR4: 0000000000770ee0
[   30.620846] PKRU: 55555554
[   30.621051] Call Trace:
[   30.621239]  <TASK>
[   30.621407]  iopt_unmap_iova_range+0x1ef/0x2e0
[   30.621766]  iopt_unmap_all+0x2f/0x60
[   30.622049]  iommufd_ioas_destroy+0x2c/0x70
[   30.622368]  iommufd_fops_release+0xd4/0x170
[   30.622715]  ? iommufd_ctx_get+0x30/0x30
[   30.623020]  __fput+0x11f/0x450
[   30.623281]  ____fput+0x1e/0x30
[   30.623534]  task_work_run+0xb6/0x120
[   30.623827]  do_exit+0x547/0x1360
[   30.624111]  ? lockdep_hardirqs_on+0x8a/0x110
[   30.624467]  ? trace_hardirqs_on+0x3f/0xe0
[   30.624803]  do_group_exit+0x5e/0xf0
[   30.625093]  __x64_sys_exit_group+0x25/0x30
[   30.625413]  do_syscall_64+0x3b/0x90
[   30.625684]  entry_SYSCALL_64_after_hwframe+0x63/0xcd
[   30.626059] RIP: 0033:0x7f0d95831cf6
[   30.626329] Code: Unable to access opcode bytes at 0x7f0d95831ccc.
[   30.626775] RSP: 002b:00007ffcdfaf8268 EFLAGS: 00000246 ORIG_RAX: 00000000000000e7
[   30.627313] RAX: ffffffffffffffda RBX: 00007f0d9593c490 RCX: 00007f0d95831cf6
[   30.627813] RDX: 0000000000000000 RSI: 000000000000003c RDI: 0000000000000000
[   30.628326] RBP: 0000000000000000 R08: 00000000000000e7 R09: ffffffffffffff80
[   30.628934] R10: 0000000000000004 R11: 0000000000000246 R12: 00007f0d9593c490
[   30.629491] R13: 0000000000000001 R14: 00007f0d9593fe88 R15: 0000000000000000
[   30.630017]  </TASK>
[   30.630187] irq event stamp: 25967
[   30.630438] hardirqs last  enabled at (25975): [<ffffffff811b8b21>] __up_console_sem+0x91/0xb0
[   30.631068] hardirqs last disabled at (25982): [<ffffffff811b8b06>] __up_console_sem+0x76/0xb0
[   30.631667] softirqs last  enabled at (25680): [<ffffffff83000329>] __do_softirq+0x329/0x490
[   30.632287] softirqs last disabled at (25559): [<ffffffff811123c2>] irq_exit_rcu+0xd2/0x100
[   30.632907] ---[ end trace 0000000000000000 ]---
[   30.697502] ------------[ cut here ]------------
[   30.697914] WARNING: CPU: 1 PID: 587 at drivers/iommu/iommufd/pages.c:1294 __iopt_area_unfill_domain+0x4e0/0x4f0
[   30.698733] Modules linked in:
[   30.698966] CPU: 1 PID: 587 Comm: repro Tainted: G        W          6.1.0-rc3-81ab9890da97+ #1
[   30.699595] Hardware name: QEMU Standard PC (i440FX + PIIX, 1996), BIOS rel-1.16.0-0-gd239552ce722-prebuilt.qemu.org 04/01/2014
[   30.700413] RIP: 0010:__iopt_area_unfill_domain+0x4e0/0x4f0
[   30.700880] Code: e8 f5 1d 2d ff 85 db 0f 85 a2 fb ff ff e8 78 1c 2d ff 0f 0b e9 96 fb ff ff e8 6c 1c 2d ff 0f 0b e9 6f fe ff ff e8 60 1c 2d ff <0f> 0b e9 58 ff ff ff e8 74 28 db 00 0f 1f 40 00 0f 1f 44 00 00 55
[   30.702491] RSP: 0018:ffffc90001007af0 EFLAGS: 00010246
[   30.702879] RAX: 0000000000000000 RBX: 00000000ffffffff RCX: ffffffff81fc7267
[   30.703384] RDX: 0000000000000000 RSI: ffff8880135b8000 RDI: 0000000000000002
[   30.703897] RBP: ffffc90001007d10 R08: 000000000003b3e5 R09: 0000000000000012
[   30.704407] R10: 000000000003b3c0 R11: 0000000000000024 R12: 00000000000007ff
[   30.704966] R13: 0000000000000800 R14: 0000000000000801 R15: 00000000000007ff
[   30.705759] FS:  00007f0d95744740(0000) GS:ffff88807dd00000(0000) knlGS:0000000000000000
[   30.706302] CS:  0010 DS: 0000 ES: 0000 CR0: 0000000080050033
[   30.706725] CR2: 00007f0d95869580 CR3: 000000000e052003 CR4: 0000000000770ee0
[   30.707250] PKRU: 55555554
[   30.707453] Call Trace:
[   30.707633]  <TASK>
[   30.707820]  ? __this_cpu_preempt_check+0x20/0x30
[   30.708190]  ? lock_is_held_type+0xe6/0x140
[   30.708520]  ? rcu_read_lock_sched_held+0x57/0x80
[   30.708905]  ? __mutex_lock+0x13a/0xf30
[   30.709360]  ? write_comp_data+0x2f/0x90
[   30.709810]  ? __sanitizer_cov_trace_pc+0x25/0x60
[   30.710357]  iopt_area_unfill_domain+0x32/0x40
[   30.710690]  iopt_table_remove_domain+0x23f/0x4c0
[   30.711034]  iommufd_device_selftest_detach+0x3a/0x90
[   30.711424]  iommufd_selftest_destroy+0x55/0x70
[   30.711767]  iommufd_object_destroy_user+0xce/0x130
[   30.712123]  iommufd_destroy+0xa2/0xc0
[   30.712413]  iommufd_fops_ioctl+0x1ef/0x310
[   30.712793]  ? __sanitizer_cov_trace_pc+0x25/0x60
[   30.713339]  ? write_comp_data+0x2f/0x90
[   30.713803]  __x64_sys_ioctl+0x10e/0x160
[   30.714160]  ? iommufd_get_object.part.6+0x1c0/0x1c0
[   30.714527]  do_syscall_64+0x3b/0x90
[   30.714819]  entry_SYSCALL_64_after_hwframe+0x63/0xcd
[   30.715183] RIP: 0033:0x7f0d9586959d
[   30.715444] Code: 00 c3 66 2e 0f 1f 84 00 00 00 00 00 90 f3 0f 1e fa 48 89 f8 48 89 f7 48 89 d6 48 89 ca 4d 89 c2 4d 89 c8 4c 8b 4c 24 08 0f 05 <48> 3d 01 f0 ff ff 73 01 c3 48 8b 0d d3 08 0d 00 f7 d8 64 89 01 48
[   30.716781] RSP: 002b:00007ffcdfaf82a8 EFLAGS: 00000213 ORIG_RAX: 0000000000000010
[   30.717583] RAX: ffffffffffffffda RBX: 0000000000000000 RCX: 00007f0d9586959d
[   30.718113] RDX: 0000000020000140 RSI: 0000000000003b80 RDI: 0000000000000003
[   30.718618] RBP: 00007ffcdfaf82c0 R08: 00007ffcdfaf82c0 R09: 00007ffcdfaf82c0
[   30.719132] R10: 00007ffcdfaf82c0 R11: 0000000000000213 R12: 0000000000401180
[   30.719625] R13: 00007ffcdfaf83e0 R14: 0000000000000000 R15: 0000000000000000
[   30.720149]  </TASK>
[   30.720320] irq event stamp: 18701
[   30.720565] hardirqs last  enabled at (18709): [<ffffffff811b8b21>] __up_console_sem+0x91/0xb0
[   30.721229] hardirqs last disabled at (18718): [<ffffffff811b8b06>] __up_console_sem+0x76/0xb0
[   30.722210] softirqs last  enabled at (17986): [<ffffffff83000329>] __do_softirq+0x329/0x490
[   30.722900] softirqs last disabled at (17973): [<ffffffff811123c2>] irq_exit_rcu+0xd2/0x100
[   30.723490] ---[ end trace 0000000000000000 ]---
[   30.728000] ------------[ cut here ]------------
[   30.728361] WARNING: CPU: 1 PID: 587 at drivers/iommu/iommufd/pages.c:178 batch_unpin.isra.23+0x151/0x1a0
[   30.729190] Modules linked in:
[   30.729557] CPU: 1 PID: 587 Comm: repro Tainted: G        W          6.1.0-rc3-81ab9890da97+ #1
[   30.730247] Hardware name: QEMU Standard PC (i440FX + PIIX, 1996), BIOS rel-1.16.0-0-gd239552ce722-prebuilt.qemu.org 04/01/2014
[   30.731061] RIP: 0010:batch_unpin.isra.23+0x151/0x1a0
[   30.731443] Code: e8 d4 3d 2d ff 48 8b 45 d0 48 85 c0 75 17 e8 36 3c 2d ff 48 8b 7d c8 48 89 de e8 0a 3d 2d ff 48 39 5d c8 73 07 e8 1f 3c 2d ff <0f> 0b e8 18 3c 2d ff 4d 29 e5 31 ff 41 83 c6 01 4c 89 ee 31 db e8
[   30.732797] RSP: 0018:ffffc900010079d8 EFLAGS: 00010246
[   30.733388] RAX: 0000000000000000 RBX: ffffffffffffffff RCX: ffffffff81fc532c
[   30.733896] RDX: 0000000000000000 RSI: ffff8880135b8000 RDI: 0000000000000002
[   30.734423] RBP: ffffc90001007a20 R08: 0000000000000001 R09: 0000000000000001
[   30.734938] R10: ffff88807dd3b2d0 R11: 0000000000000000 R12: 0000000000000001
[   30.735467] R13: 0000000000000001 R14: 0000000000000000 R15: ffff888009f16000
[   30.735975] FS:  0000000000000000(0000) GS:ffff88807dd00000(0000) knlGS:0000000000000000
[   30.736576] CS:  0010 DS: 0000 ES: 0000 CR0: 0000000080050033
[   30.737098] CR2: 00007f0d9593b500 CR3: 0000000003a12004 CR4: 0000000000770ee0
[   30.737925] PKRU: 55555554
[   30.738258] Call Trace:
[   30.738450]  <TASK>
[   30.738624]  iopt_pages_unfill_xarray+0x39f/0x5c0
[   30.739023]  ? write_comp_data+0x2f/0x90
[   30.739346]  ? __sanitizer_cov_trace_pc+0x25/0x60
[   30.739697]  ? write_comp_data+0x2f/0x90
[   30.739994]  ? __sanitizer_cov_trace_pc+0x25/0x60
[   30.740352]  ? interval_tree_remove+0x291/0x4e0
[   30.740752]  ? write_comp_data+0x2f/0x90
[   30.741247]  iopt_area_remove_access+0x108/0x120
[   30.741838]  iommufd_access_unpin_pages+0x177/0x210
[   30.742321]  iommufd_test_access_unmap+0xe0/0x130
[   30.742705]  ? iommufd_test_access_unmap+0x130/0x130
[   30.743077]  iommufd_test_staccess_release+0x39/0x60
[   30.743449]  __fput+0x11f/0x450
[   30.743723]  ____fput+0x1e/0x30
[   30.743977]  task_work_run+0xb6/0x120
[   30.744276]  do_exit+0x547/0x1360
[   30.744539]  ? lockdep_hardirqs_on+0x8a/0x110
[   30.744937]  ? trace_hardirqs_on+0x3f/0xe0
[   30.745451]  do_group_exit+0x5e/0xf0
[   30.745914]  __x64_sys_exit_group+0x25/0x30
[   30.746374]  do_syscall_64+0x3b/0x90
[   30.746648]  entry_SYSCALL_64_after_hwframe+0x63/0xcd
[   30.747048] RIP: 0033:0x7f0d95831cf6
[   30.747322] Code: Unable to access opcode bytes at 0x7f0d95831ccc.
[   30.747767] RSP: 002b:00007ffcdfaf8268 EFLAGS: 00000246 ORIG_RAX: 00000000000000e7
[   30.748340] RAX: ffffffffffffffda RBX: 00007f0d9593c490 RCX: 00007f0d95831cf6
[   30.748891] RDX: 0000000000000000 RSI: 000000000000003c RDI: 0000000000000000
[   30.749720] RBP: 0000000000000000 R08: 00000000000000e7 R09: ffffffffffffff80
[   30.750265] R10: 0000000000000004 R11: 0000000000000246 R12: 00007f0d9593c490
[   30.750778] R13: 0000000000000001 R14: 00007f0d9593fe88 R15: 0000000000000000
[   30.751322]  </TASK>
[   30.751493] irq event stamp: 24725
[   30.751742] hardirqs last  enabled at (24733): [<ffffffff811b8b21>] __up_console_sem+0x91/0xb0
[   30.752381] hardirqs last disabled at (24740): [<ffffffff811b8b06>] __up_console_sem+0x76/0xb0
[   30.753043] softirqs last  enabled at (24310): [<ffffffff83000329>] __do_softirq+0x329/0x490
[   30.754045] softirqs last disabled at (24305): [<ffffffff811123c2>] irq_exit_rcu+0xd2/0x100
[   30.754658] ---[ end trace 0000000000000000 ]---
[   30.755082] ------------[ cut here ]------------
[   30.755417] WARNING: CPU: 1 PID: 587 at drivers/iommu/iommufd/pages.c:890 update_unpinned+0x75/0x80
[   30.756087] Modules linked in:
[   30.756330] CPU: 1 PID: 587 Comm: repro Tainted: G        W          6.1.0-rc3-81ab9890da97+ #1
[   30.757018] Hardware name: QEMU Standard PC (i440FX + PIIX, 1996), BIOS rel-1.16.0-0-gd239552ce722-prebuilt.qemu.org 04/01/2014
[   30.758165] RIP: 0010:update_unpinned+0x75/0x80
[   30.758508] Code: 2b 2d ff 48 89 de 31 c9 31 d2 4c 29 e6 4c 89 ef e8 60 fb ff ff e8 bb 2b 2d ff 5b 41 5c 41 5d 5d c3 cc cc cc cc e8 ab 2b 2d ff <0f> 0b eb e7 0f 1f 80 00 00 00 00 0f 1f 44 00 00 55 48 89 e5 41 57
[   30.759826] RSP: 0018:ffffc90001007a08 EFLAGS: 00010246
[   30.760206] RAX: 0000000000000000 RBX: 0000000000000000 RCX: ffffffff81fc637f
[   30.760775] RDX: 0000000000000000 RSI: ffff8880135b8000 RDI: 0000000000000002
[   30.761540] RBP: ffffc90001007a20 R08: 0000000000000001 R09: 0000000000000001
[   30.762064] R10: ffff88807dd3b2d0 R11: 0000000000000000 R12: ffffffffffffffff
[   30.762677] R13: ffff888009f16000 R14: 0000000000000002 R15: 0000000000000002
[   30.763200] FS:  0000000000000000(0000) GS:ffff88807dd00000(0000) knlGS:0000000000000000
[   30.763769] CS:  0010 DS: 0000 ES: 0000 CR0: 0000000080050033
[   30.764196] CR2: 00007f0d9593b500 CR3: 0000000003a12004 CR4: 0000000000770ee0
[   30.764756] PKRU: 55555554
[   30.765087] Call Trace:
[   30.765393]  <TASK>
[   30.765671]  iopt_pages_unfill_xarray+0x522/0x5c0
[   30.766175]  ? write_comp_data+0x2f/0x90
[   30.766498]  ? __sanitizer_cov_trace_pc+0x25/0x60
[   30.766856]  ? write_comp_data+0x2f/0x90
[   30.767158]  ? __sanitizer_cov_trace_pc+0x25/0x60
[   30.767532]  ? interval_tree_remove+0x291/0x4e0
[   30.767879]  ? write_comp_data+0x2f/0x90
[   30.768184]  iopt_area_remove_access+0x108/0x120
[   30.768563]  iommufd_access_unpin_pages+0x177/0x210
[   30.769003]  iommufd_test_access_unmap+0xe0/0x130
[   30.769598]  ? iommufd_test_access_unmap+0x130/0x130
[   30.770207]  iommufd_test_staccess_release+0x39/0x60
[   30.770598]  __fput+0x11f/0x450
[   30.770862]  ____fput+0x1e/0x30
[   30.771119]  task_work_run+0xb6/0x120
[   30.771411]  do_exit+0x547/0x1360
[   30.771696]  ? lockdep_hardirqs_on+0x8a/0x110
[   30.772033]  ? trace_hardirqs_on+0x3f/0xe0
[   30.772357]  do_group_exit+0x5e/0xf0
[   30.772688]  __x64_sys_exit_group+0x25/0x30
[   30.773212]  do_syscall_64+0x3b/0x90
[   30.773668]  entry_SYSCALL_64_after_hwframe+0x63/0xcd
[   30.774179] RIP: 0033:0x7f0d95831cf6
[   30.774454] Code: Unable to access opcode bytes at 0x7f0d95831ccc.
[   30.774911] RSP: 002b:00007ffcdfaf8268 EFLAGS: 00000246 ORIG_RAX: 00000000000000e7
[   30.775447] RAX: ffffffffffffffda RBX: 00007f0d9593c490 RCX: 00007f0d95831cf6
[   30.775969] RDX: 0000000000000000 RSI: 000000000000003c RDI: 0000000000000000
[   30.776485] RBP: 0000000000000000 R08: 00000000000000e7 R09: ffffffffffffff80
[   30.777041] R10: 0000000000000004 R11: 0000000000000246 R12: 00007f0d9593c490
[   30.777875] R13: 0000000000000001 R14: 00007f0d9593fe88 R15: 0000000000000000
[   30.778435]  </TASK>
[   30.778606] irq event stamp: 25205
[   30.778859] hardirqs last  enabled at (25213): [<ffffffff811b8b21>] __up_console_sem+0x91/0xb0
[   30.779493] hardirqs last disabled at (25220): [<ffffffff811b8b06>] __up_console_sem+0x76/0xb0
[   30.780111] softirqs last  enabled at (24310): [<ffffffff83000329>] __do_softirq+0x329/0x490
[   30.780798] softirqs last disabled at (24305): [<ffffffff811123c2>] irq_exit_rcu+0xd2/0x100
[   30.781771] ---[ end trace 0000000000000000 ]---
[   30.782504] ------------[ cut here ]------------
[   30.783169] WARNING: CPU: 1 PID: 587 at drivers/iommu/iommufd/pages.c:1185 iopt_release_pages+0x159/0x190
[   30.784372] Modules linked in:
[   30.784769] CPU: 1 PID: 587 Comm: repro Tainted: G        W          6.1.0-rc3-81ab9890da97+ #1
[   30.785780] Hardware name: QEMU Standard PC (i440FX + PIIX, 1996), BIOS rel-1.16.0-0-gd239552ce722-prebuilt.qemu.org 04/01/2014
[   30.787142] RIP: 0010:iopt_release_pages+0x159/0x190
[   30.787756] Code: 64 13 ff eb cb e8 f7 0f 2d ff be 03 00 00 00 4c 89 f7 e8 3a c5 ce ff eb b7 e8 e3 0f 2d ff 0f 0b e9 ed fe ff ff e8 d7 0f 2d ff <0f> 0b e9 00 ff ff ff e8 cb 0f 2d ff 0f 0b e9 07 ff ff ff e8 bf 0f
[   30.789935] RSP: 0018:ffffc90001007c88 EFLAGS: 00010246
[   30.790550] RAX: 0000000000000000 RBX: ffff888009f16000 RCX: ffffffff81fc7e97
[   30.791374] RDX: 0000000000000000 RSI: ffff8880135b8000 RDI: 0000000000000002
[   30.792179] RBP: ffffc90001007ca8 R08: 000000000000001a R09: 0000000000000001
[   30.793046] R10: ffff8880135b8db0 R11: 0000000000000000 R12: ffffffffffffffff
[   30.793899] R13: 0000000001000000 R14: 00000000017fffff R15: 0000000000000000
[   30.794704] FS:  0000000000000000(0000) GS:ffff88807dd00000(0000) knlGS:0000000000000000
[   30.795654] CS:  0010 DS: 0000 ES: 0000 CR0: 0000000080050033
[   30.796343] CR2: 00007f0d9593b500 CR3: 0000000003a12004 CR4: 0000000000770ee0
[   30.797192] PKRU: 55555554
[   30.797528] Call Trace:
[   30.797831]  <TASK>
[   30.798111]  iopt_unmap_iova_range+0x1ef/0x2e0
[   30.798677]  iopt_unmap_all+0x2f/0x60
[   30.799129]  iommufd_ioas_destroy+0x2c/0x70
[   30.799648]  iommufd_fops_release+0xd4/0x170
[   30.800241]  ? iommufd_ctx_get+0x30/0x30
[   30.800748]  __fput+0x11f/0x450
[   30.801164]  ____fput+0x1e/0x30
[   30.801575]  task_work_run+0xb6/0x120
[   30.802053]  do_exit+0x547/0x1360
[   30.802480]  ? lockdep_hardirqs_on+0x8a/0x110
[   30.803038]  ? trace_hardirqs_on+0x3f/0xe0
[   30.803555]  do_group_exit+0x5e/0xf0
[   30.804018]  __x64_sys_exit_group+0x25/0x30
[   30.804614]  do_syscall_64+0x3b/0x90
[   30.805028]  entry_SYSCALL_64_after_hwframe+0x63/0xcd
[   30.805623] RIP: 0033:0x7f0d95831cf6
[   30.806063] Code: Unable to access opcode bytes at 0x7f0d95831ccc.
[   30.806785] RSP: 002b:00007ffcdfaf8268 EFLAGS: 00000246 ORIG_RAX: 00000000000000e7
[   30.807687] RAX: ffffffffffffffda RBX: 00007f0d9593c490 RCX: 00007f0d95831cf6
[   30.808538] RDX: 0000000000000000 RSI: 000000000000003c RDI: 0000000000000000
[   30.809367] RBP: 0000000000000000 R08: 00000000000000e7 R09: ffffffffffffff80
[   30.810243] R10: 0000000000000004 R11: 0000000000000246 R12: 00007f0d9593c490
[   30.811060] R13: 0000000000000001 R14: 00007f0d9593fe88 R15: 0000000000000000
[   30.811942]  </TASK>
[   30.812219] irq event stamp: 25683
[   30.812631] hardirqs last  enabled at (25691): [<ffffffff811b8b21>] __up_console_sem+0x91/0xb0
[   30.813677] hardirqs last disabled at (25710): [<ffffffff811b8b06>] __up_console_sem+0x76/0xb0
[   30.814697] softirqs last  enabled at (25704): [<ffffffff83000329>] __do_softirq+0x329/0x490
[   30.815688] softirqs last disabled at (25695): [<ffffffff811123c2>] irq_exit_rcu+0xd2/0x100
[   30.816737] ---[ end trace 0000000000000000 ]---
[   30.972646] ------------[ cut here ]------------
[   30.973038] WARNING: CPU: 1 PID: 591 at drivers/iommu/iommufd/pages.c:178 batch_unpin.isra.23+0x151/0x1a0
[   30.973710] Modules linked in:
[   30.973934] CPU: 1 PID: 591 Comm: repro Tainted: G        W          6.1.0-rc3-81ab9890da97+ #1
[   30.974534] Hardware name: QEMU Standard PC (i440FX + PIIX, 1996), BIOS rel-1.16.0-0-gd239552ce722-prebuilt.qemu.org 04/01/2014
[   30.975306] RIP: 0010:batch_unpin.isra.23+0x151/0x1a0
[   30.975674] Code: e8 d4 3d 2d ff 48 8b 45 d0 48 85 c0 75 17 e8 36 3c 2d ff 48 8b 7d c8 48 89 de e8 0a 3d 2d ff 48 39 5d c8 73 07 e8 1f 3c 2d ff <0f> 0b e8 18 3c 2d ff 4d 29 e5 31 ff 41 83 c6 01 4c 89 ee 31 db e8
[   30.976966] RSP: 0018:ffffc90001027a98 EFLAGS: 00010246
[   30.977336] RAX: 0000000000000000 RBX: ffffffffffffffff RCX: ffffffff81fc532c
[   30.977831] RDX: 0000000000000000 RSI: ffff8880135b8000 RDI: 0000000000000002
[   30.978321] RBP: ffffc90001027ae0 R08: 000000000003b3e5 R09: 0000000000000001
[   30.978813] R10: 000000000003b3c0 R11: 0000000000000024 R12: 0000000000000003
[   30.979305] R13: 0000000000000003 R14: 0000000000000499 R15: ffff888009f16000
[   30.979803] FS:  00007f0d95744740(0000) GS:ffff88807dd00000(0000) knlGS:0000000000000000
[   30.980376] CS:  0010 DS: 0000 ES: 0000 CR0: 0000000080050033
[   30.980799] CR2: 00007f0d95869580 CR3: 000000000e13c002 CR4: 0000000000770ee0
[   30.981307] PKRU: 55555554
[   30.981508] Call Trace:
[   30.981690]  <TASK>
[   30.981859]  __iopt_area_unfill_domain+0x21d/0x4f0
[   30.982232]  ? __this_cpu_preempt_check+0x20/0x30
[   30.982581]  ? lock_is_held_type+0xe6/0x140
[   30.982907]  ? rcu_read_lock_sched_held+0x57/0x80
[   30.983246]  ? __mutex_lock+0x13a/0xf30
[   30.983530]  ? write_comp_data+0x2f/0x90
[   30.983816]  ? __sanitizer_cov_trace_pc+0x25/0x60
[   30.984155]  iopt_area_unfill_domain+0x32/0x40
[   30.984486]  iopt_table_remove_domain+0x23f/0x4c0
[   30.984854]  iommufd_device_selftest_detach+0x3a/0x90
[   30.985225]  iommufd_selftest_destroy+0x55/0x70
[   30.985571]  iommufd_object_destroy_user+0xce/0x130
[   30.985923]  iommufd_destroy+0xa2/0xc0
[   30.986200]  iommufd_fops_ioctl+0x1ef/0x310
[   30.986507]  ? __sanitizer_cov_trace_pc+0x25/0x60
[   30.986842]  ? write_comp_data+0x2f/0x90
[   30.987130]  __x64_sys_ioctl+0x10e/0x160
[   30.987416]  ? iommufd_get_object.part.6+0x1c0/0x1c0
[   30.987776]  do_syscall_64+0x3b/0x90
[   30.988044]  entry_SYSCALL_64_after_hwframe+0x63/0xcd
[   30.988416] RIP: 0033:0x7f0d9586959d
[   30.988707] Code: 00 c3 66 2e 0f 1f 84 00 00 00 00 00 90 f3 0f 1e fa 48 89 f8 48 89 f7 48 89 d6 48 89 ca 4d 89 c2 4d 89 c8 4c 8b 4c 24 08 0f 05 <48> 3d 01 f0 ff ff 73 01 c3 48 8b 0d d3 08 0d 00 f7 d8 64 89 01 48
[   30.990003] RSP: 002b:00007ffcdfaf82a8 EFLAGS: 00000213 ORIG_RAX: 0000000000000010
[   30.990526] RAX: ffffffffffffffda RBX: 0000000000000000 RCX: 00007f0d9586959d
[   30.991015] RDX: 0000000020000140 RSI: 0000000000003b80 RDI: 0000000000000003
[   30.991507] RBP: 00007ffcdfaf82c0 R08: 00007ffcdfaf82c0 R09: 00007ffcdfaf82c0
[   30.991997] R10: 00007ffcdfaf82c0 R11: 0000000000000213 R12: 0000000000401180
[   30.992508] R13: 00007ffcdfaf83e0 R14: 0000000000000000 R15: 0000000000000000
[   30.993050]  </TASK>
[   30.993224] irq event stamp: 18737
[   30.993468] hardirqs last  enabled at (18745): [<ffffffff811b8b21>] __up_console_sem+0x91/0xb0
[   30.994070] hardirqs last disabled at (18752): [<ffffffff811b8b06>] __up_console_sem+0x76/0xb0
[   30.994671] softirqs last  enabled at (18726): [<ffffffff83000329>] __do_softirq+0x329/0x490
[   30.995270] softirqs last disabled at (18717): [<ffffffff811123c2>] irq_exit_rcu+0xd2/0x100
[   30.995858] ---[ end trace 0000000000000000 ]---
[   30.996289] ------------[ cut here ]------------
[   30.996632] WARNING: CPU: 1 PID: 591 at drivers/iommu/iommufd/pages.c:1294 __iopt_area_unfill_domain+0x4e0/0x4f0
[   30.997377] Modules linked in:
[   30.997612] CPU: 1 PID: 591 Comm: repro Tainted: G        W          6.1.0-rc3-81ab9890da97+ #1
[   30.998234] Hardware name: QEMU Standard PC (i440FX + PIIX, 1996), BIOS rel-1.16.0-0-gd239552ce722-prebuilt.qemu.org 04/01/2014
[   30.999077] RIP: 0010:__iopt_area_unfill_domain+0x4e0/0x4f0
[   30.999532] Code: e8 f5 1d 2d ff 85 db 0f 85 a2 fb ff ff e8 78 1c 2d ff 0f 0b e9 96 fb ff ff e8 6c 1c 2d ff 0f 0b e9 6f fe ff ff e8 60 1c 2d ff <0f> 0b e9 58 ff ff ff e8 74 28 db 00 0f 1f 40 00 0f 1f 44 00 00 55
[   31.000954] RSP: 0018:ffffc90001027af0 EFLAGS: 00010246
[   31.001355] RAX: 0000000000000000 RBX: 00000000fffffffe RCX: ffffffff81fc7267
[   31.001882] RDX: 0000000000000000 RSI: ffff8880135b8000 RDI: 0000000000000002
[   31.002414] RBP: ffffc90001027d10 R08: 000000000003b3e5 R09: 0000000000000001
[   31.002950] R10: 000000000003b3c0 R11: 0000000000000024 R12: 00000000000007ff
[   31.003470] R13: 0000000000000800 R14: 0000000000000802 R15: 00000000000007ff
[   31.004007] FS:  00007f0d95744740(0000) GS:ffff88807dd00000(0000) knlGS:0000000000000000
[   31.004598] CS:  0010 DS: 0000 ES: 0000 CR0: 0000000080050033
[   31.005069] CR2: 00007f0d95869580 CR3: 000000000e13c002 CR4: 0000000000770ee0
[   31.005588] PKRU: 55555554
[   31.005819] Call Trace:
[   31.006007]  <TASK>
[   31.006196]  ? __this_cpu_preempt_check+0x20/0x30
[   31.006558]  ? lock_is_held_type+0xe6/0x140
[   31.006916]  ? rcu_read_lock_sched_held+0x57/0x80
[   31.007268]  ? __mutex_lock+0x13a/0xf30
[   31.007563]  ? write_comp_data+0x2f/0x90
[   31.007858]  ? __sanitizer_cov_trace_pc+0x25/0x60
[   31.008258]  iopt_area_unfill_domain+0x32/0x40
[   31.008598]  iopt_table_remove_domain+0x23f/0x4c0
[   31.009001]  iommufd_device_selftest_detach+0x3a/0x90
[   31.009395]  iommufd_selftest_destroy+0x55/0x70
[   31.009748]  iommufd_object_destroy_user+0xce/0x130
[   31.010130]  iommufd_destroy+0xa2/0xc0
[   31.010447]  iommufd_fops_ioctl+0x1ef/0x310
[   31.010794]  ? __sanitizer_cov_trace_pc+0x25/0x60
[   31.011207]  ? write_comp_data+0x2f/0x90
[   31.011659]  __x64_sys_ioctl+0x10e/0x160
[   31.011971]  ? iommufd_get_object.part.6+0x1c0/0x1c0
[   31.012369]  do_syscall_64+0x3b/0x90
[   31.012645]  entry_SYSCALL_64_after_hwframe+0x63/0xcd
[   31.013062] RIP: 0033:0x7f0d9586959d
[   31.013344] Code: 00 c3 66 2e 0f 1f 84 00 00 00 00 00 90 f3 0f 1e fa 48 89 f8 48 89 f7 48 89 d6 48 89 ca 4d 89 c2 4d 89 c8 4c 8b 4c 24 08 0f 05 <48> 3d 01 f0 ff ff 73 01 c3 48 8b 0d d3 08 0d 00 f7 d8 64 89 01 48
[   31.014656] RSP: 002b:00007ffcdfaf82a8 EFLAGS: 00000213 ORIG_RAX: 0000000000000010
[   31.015225] RAX: ffffffffffffffda RBX: 0000000000000000 RCX: 00007f0d9586959d
[   31.015732] RDX: 0000000020000140 RSI: 0000000000003b80 RDI: 0000000000000003
[   31.016247] RBP: 00007ffcdfaf82c0 R08: 00007ffcdfaf82c0 R09: 00007ffcdfaf82c0
[   31.016796] R10: 00007ffcdfaf82c0 R11: 0000000000000213 R12: 0000000000401180
[   31.017319] R13: 00007ffcdfaf83e0 R14: 0000000000000000 R15: 0000000000000000
[   31.017851]  </TASK>
[   31.018022] irq event stamp: 19225
[   31.018284] hardirqs last  enabled at (19233): [<ffffffff811b8b21>] __up_console_sem+0x91/0xb0
[   31.018936] hardirqs last disabled at (19240): [<ffffffff811b8b06>] __up_console_sem+0x76/0xb0
[   31.019569] softirqs last  enabled at (19198): [<ffffffff83000329>] __do_softirq+0x329/0x490
[   31.020198] softirqs last disabled at (19181): [<ffffffff811123c2>] irq_exit_rcu+0xd2/0x100
[   31.020811] ---[ end trace 0000000000000000 ]---
[   31.021266] ------------[ cut here ]------------
[   31.021602] WARNING: CPU: 1 PID: 591 at drivers/iommu/iommufd/pages.c:890 update_unpinned+0x75/0x80
[   31.022269] Modules linked in:
[   31.022504] CPU: 1 PID: 591 Comm: repro Tainted: G        W          6.1.0-rc3-81ab9890da97+ #1
[   31.023129] Hardware name: QEMU Standard PC (i440FX + PIIX, 1996), BIOS rel-1.16.0-0-gd239552ce722-prebuilt.qemu.org 04/01/2014
[   31.023923] RIP: 0010:update_unpinned+0x75/0x80
[   31.024270] Code: 2b 2d ff 48 89 de 31 c9 31 d2 4c 29 e6 4c 89 ef e8 60 fb ff ff e8 bb 2b 2d ff 5b 41 5c 41 5d 5d c3 cc cc cc cc e8 ab 2b 2d ff <0f> 0b eb e7 0f 1f 80 00 00 00 00 0f 1f 44 00 00 55 48 89 e5 41 57
[   31.025607] RSP: 0018:ffffc90001027ac8 EFLAGS: 00010246
[   31.025987] RAX: 0000000000000000 RBX: 0000000000000800 RCX: ffffffff81fc637f
[   31.026488] RDX: 0000000000000000 RSI: ffff8880135b8000 RDI: 0000000000000002
[   31.026993] RBP: ffffc90001027ae0 R08: 0000000000000001 R09: 0000000000000001
[   31.027495] R10: ffff88807dd3b360 R11: 0000000000000009 R12: ffffffffffffffff
[   31.027997] R13: ffff888009f16000 R14: 0000000000000802 R15: 00000000000007ff
[   31.028555] FS:  00007f0d95744740(0000) GS:ffff88807dd00000(0000) knlGS:0000000000000000
[   31.029161] CS:  0010 DS: 0000 ES: 0000 CR0: 0000000080050033
[   31.029578] CR2: 00007f0d95869580 CR3: 000000000e13c002 CR4: 0000000000770ee0
[   31.030097] PKRU: 55555554
[   31.030307] Call Trace:
[   31.030496]  <TASK>
[   31.030670]  __iopt_area_unfill_domain+0x472/0x4f0
[   31.031060]  ? __this_cpu_preempt_check+0x20/0x30
[   31.031422]  ? lock_is_held_type+0xe6/0x140
[   31.031745]  ? rcu_read_lock_sched_held+0x57/0x80
[   31.032095]  ? __mutex_lock+0x13a/0xf30
[   31.032411]  ? write_comp_data+0x2f/0x90
[   31.032723]  ? __sanitizer_cov_trace_pc+0x25/0x60
[   31.033084]  iopt_area_unfill_domain+0x32/0x40
[   31.033431]  iopt_table_remove_domain+0x23f/0x4c0
[   31.033792]  iommufd_device_selftest_detach+0x3a/0x90
[   31.034175]  iommufd_selftest_destroy+0x55/0x70
[   31.034521]  iommufd_object_destroy_user+0xce/0x130
[   31.034886]  iommufd_destroy+0xa2/0xc0
[   31.035179]  iommufd_fops_ioctl+0x1ef/0x310
[   31.035500]  ? __sanitizer_cov_trace_pc+0x25/0x60
[   31.035849]  ? write_comp_data+0x2f/0x90
[   31.036150]  __x64_sys_ioctl+0x10e/0x160
[   31.036457]  ? iommufd_get_object.part.6+0x1c0/0x1c0
[   31.036861]  do_syscall_64+0x3b/0x90
[   31.037137]  entry_SYSCALL_64_after_hwframe+0x63/0xcd
[   31.037518] RIP: 0033:0x7f0d9586959d
[   31.037789] Code: 00 c3 66 2e 0f 1f 84 00 00 00 00 00 90 f3 0f 1e fa 48 89 f8 48 89 f7 48 89 d6 48 89 ca 4d 89 c2 4d 89 c8 4c 8b 4c 24 08 0f 05 <48> 3d 01 f0 ff ff 73 01 c3 48 8b 0d d3 08 0d 00 f7 d8 64 89 01 48
[   31.039083] RSP: 002b:00007ffcdfaf82a8 EFLAGS: 00000213 ORIG_RAX: 0000000000000010
[   31.039623] RAX: ffffffffffffffda RBX: 0000000000000000 RCX: 00007f0d9586959d
[   31.040129] RDX: 0000000020000140 RSI: 0000000000003b80 RDI: 0000000000000003
[   31.040650] RBP: 00007ffcdfaf82c0 R08: 00007ffcdfaf82c0 R09: 00007ffcdfaf82c0
[   31.041214] R10: 00007ffcdfaf82c0 R11: 0000000000000213 R12: 0000000000401180
[   31.041727] R13: 00007ffcdfaf83e0 R14: 0000000000000000 R15: 0000000000000000
[   31.042259]  </TASK>
[   31.042431] irq event stamp: 19701
[   31.042805] hardirqs last  enabled at (19709): [<ffffffff811b8b21>] __up_console_sem+0x91/0xb0
[   31.043479] hardirqs last disabled at (19716): [<ffffffff811b8b06>] __up_console_sem+0x76/0xb0
[   31.044202] softirqs last  enabled at (19670): [<ffffffff83000329>] __do_softirq+0x329/0x490
[   31.044886] softirqs last disabled at (19733): [<ffffffff811123c2>] irq_exit_rcu+0xd2/0x100
[   31.045486] ---[ end trace 0000000000000000 ]---
[   31.049967] ------------[ cut here ]------------
[   31.050319] WARNING: CPU: 1 PID: 591 at drivers/iommu/iommufd/pages.c:178 batch_unpin.isra.23+0x151/0x1a0
[   31.051140] Modules linked in:
[   31.051372] CPU: 1 PID: 591 Comm: repro Tainted: G        W          6.1.0-rc3-81ab9890da97+ #1
[   31.051980] Hardware name: QEMU Standard PC (i440FX + PIIX, 1996), BIOS rel-1.16.0-0-gd239552ce722-prebuilt.qemu.org 04/01/2014
[   31.052808] RIP: 0010:batch_unpin.isra.23+0x151/0x1a0
[   31.053191] Code: e8 d4 3d 2d ff 48 8b 45 d0 48 85 c0 75 17 e8 36 3c 2d ff 48 8b 7d c8 48 89 de e8 0a 3d 2d ff 48 39 5d c8 73 07 e8 1f 3c 2d ff <0f> 0b e8 18 3c 2d ff 4d 29 e5 31 ff 41 83 c6 01 4c 89 ee 31 db e8
[   31.054508] RSP: 0018:ffffc900010279d8 EFLAGS: 00010246
[   31.055053] RAX: 0000000000000000 RBX: fffffffffffffffe RCX: ffffffff81fc5346
[   31.055555] RDX: 0000000000000000 RSI: ffff8880135b8000 RDI: 0000000000000002
[   31.056062] RBP: ffffc90001027a20 R08: 0000000000000001 R09: 0000000000000001
[   31.056589] R10: ffff88807dd3b2d0 R11: 0000000000000000 R12: 0000000000000001
[   31.057121] R13: 0000000000000001 R14: 0000000000000000 R15: ffff888009f16000
[   31.057814] FS:  0000000000000000(0000) GS:ffff88807dd00000(0000) knlGS:0000000000000000
[   31.058388] CS:  0010 DS: 0000 ES: 0000 CR0: 0000000080050033
[   31.058800] CR2: 00007f0d9593b500 CR3: 0000000003a12004 CR4: 0000000000770ee0
[   31.059302] PKRU: 55555554
[   31.059504] Call Trace:
[   31.059690]  <TASK>
[   31.059860]  iopt_pages_unfill_xarray+0x39f/0x5c0
[   31.060406]  ? write_comp_data+0x2f/0x90
[   31.060728]  ? __sanitizer_cov_trace_pc+0x25/0x60
[   31.061083]  ? write_comp_data+0x2f/0x90
[   31.061375]  ? __sanitizer_cov_trace_pc+0x25/0x60
[   31.061727]  ? interval_tree_remove+0x291/0x4e0
[   31.062067]  ? write_comp_data+0x2f/0x90
[   31.062366]  iopt_area_remove_access+0x108/0x120
[   31.062717]  iommufd_access_unpin_pages+0x177/0x210
[   31.063096]  iommufd_test_access_unmap+0xe0/0x130
[   31.063536]  ? iommufd_test_access_unmap+0x130/0x130
[   31.063984]  iommufd_test_staccess_release+0x39/0x60
[   31.064353]  __fput+0x11f/0x450
[   31.064608]  ____fput+0x1e/0x30
[   31.064891]  task_work_run+0xb6/0x120
[   31.065195]  do_exit+0x547/0x1360
[   31.065452]  ? lockdep_hardirqs_on+0x8a/0x110
[   31.065792]  ? trace_hardirqs_on+0x3f/0xe0
[   31.066108]  do_group_exit+0x5e/0xf0
[   31.066396]  __x64_sys_exit_group+0x25/0x30
[   31.066729]  do_syscall_64+0x3b/0x90
[   31.067004]  entry_SYSCALL_64_after_hwframe+0x63/0xcd
[   31.067374] RIP: 0033:0x7f0d95831cf6
[   31.067772] Code: Unable to access opcode bytes at 0x7f0d95831ccc.
[   31.068219] RSP: 002b:00007ffcdfaf8268 EFLAGS: 00000246 ORIG_RAX: 00000000000000e7
[   31.068806] RAX: ffffffffffffffda RBX: 00007f0d9593c490 RCX: 00007f0d95831cf6
[   31.069467] RDX: 0000000000000000 RSI: 000000000000003c RDI: 0000000000000000
[   31.069962] RBP: 0000000000000000 R08: 00000000000000e7 R09: ffffffffffffff80
[   31.070569] R10: 0000000000000004 R11: 0000000000000246 R12: 00007f0d9593c490
[   31.071070] R13: 0000000000000001 R14: 00007f0d9593fe88 R15: 0000000000000000
[   31.071589]  </TASK>
[   31.071754] irq event stamp: 25741
[   31.071995] hardirqs last  enabled at (25749): [<ffffffff811b8b21>] __up_console_sem+0x91/0xb0
[   31.072797] hardirqs last disabled at (25758): [<ffffffff811b8b06>] __up_console_sem+0x76/0xb0
[   31.073412] softirqs last  enabled at (25594): [<ffffffff83000329>] __do_softirq+0x329/0x490
[   31.074014] softirqs last disabled at (25589): [<ffffffff811123c2>] irq_exit_rcu+0xd2/0x100
[   31.074600] ---[ end trace 0000000000000000 ]---
[   31.075009] ------------[ cut here ]------------
[   31.075451] WARNING: CPU: 1 PID: 591 at drivers/iommu/iommufd/pages.c:890 update_unpinned+0x75/0x80
[   31.076079] Modules linked in:
[   31.076319] CPU: 1 PID: 591 Comm: repro Tainted: G        W          6.1.0-rc3-81ab9890da97+ #1
[   31.077005] Hardware name: QEMU Standard PC (i440FX + PIIX, 1996), BIOS rel-1.16.0-0-gd239552ce722-prebuilt.qemu.org 04/01/2014
[   31.077860] RIP: 0010:update_unpinned+0x75/0x80
[   31.078189] Code: 2b 2d ff 48 89 de 31 c9 31 d2 4c 29 e6 4c 89 ef e8 60 fb ff ff e8 bb 2b 2d ff 5b 41 5c 41 5d 5d c3 cc cc cc cc e8 ab 2b 2d ff <0f> 0b eb e7 0f 1f 80 00 00 00 00 0f 1f 44 00 00 55 48 89 e5 41 57
[   31.079430] RSP: 0018:ffffc90001027a08 EFLAGS: 00010246
[   31.079798] RAX: 0000000000000000 RBX: 0000000000000800 RCX: ffffffff81fc637f
[   31.080384] RDX: 0000000000000000 RSI: ffff8880135b8000 RDI: 0000000000000002
[   31.080881] RBP: ffffc90001027a20 R08: 0000000000000001 R09: 0000000000000001
[   31.081386] R10: ffff88807dd3b2d0 R11: 0000000000000000 R12: fffffffffffffffe
[   31.081880] R13: ffff888009f16000 R14: 0000000000000002 R15: 0000000000000002
[   31.082386] FS:  0000000000000000(0000) GS:ffff88807dd00000(0000) knlGS:0000000000000000
[   31.083065] CS:  0010 DS: 0000 ES: 0000 CR0: 0000000080050033
[   31.083466] CR2: 00007f0d9593b500 CR3: 0000000003a12004 CR4: 0000000000770ee0
[   31.083956] PKRU: 55555554
[   31.084154] Call Trace:
[   31.084370]  <TASK>
[   31.084582]  iopt_pages_unfill_xarray+0x522/0x5c0
[   31.084986]  ? write_comp_data+0x2f/0x90
[   31.085281]  ? __sanitizer_cov_trace_pc+0x25/0x60
[   31.085624]  ? write_comp_data+0x2f/0x90
[   31.085912]  ? __sanitizer_cov_trace_pc+0x25/0x60
[   31.086251]  ? interval_tree_remove+0x291/0x4e0
[   31.086585]  ? write_comp_data+0x2f/0x90
[   31.086877]  iopt_area_remove_access+0x108/0x120
[   31.087220]  iommufd_access_unpin_pages+0x177/0x210
[   31.087598]  iommufd_test_access_unmap+0xe0/0x130
[   31.088007]  ? iommufd_test_access_unmap+0x130/0x130
[   31.088424]  iommufd_test_staccess_release+0x39/0x60
[   31.088806]  __fput+0x11f/0x450
[   31.089055]  ____fput+0x1e/0x30
[   31.089295]  task_work_run+0xb6/0x120
[   31.089572]  do_exit+0x547/0x1360
[   31.089826]  ? lockdep_hardirqs_on+0x8a/0x110
[   31.090149]  ? trace_hardirqs_on+0x3f/0xe0
[   31.090474]  do_group_exit+0x5e/0xf0
[   31.090752]  __x64_sys_exit_group+0x25/0x30
[   31.091078]  do_syscall_64+0x3b/0x90
[   31.091416]  entry_SYSCALL_64_after_hwframe+0x63/0xcd
[   31.091851] RIP: 0033:0x7f0d95831cf6
[   31.092111] Code: Unable to access opcode bytes at 0x7f0d95831ccc.
[   31.092551] RSP: 002b:00007ffcdfaf8268 EFLAGS: 00000246 ORIG_RAX: 00000000000000e7
[   31.093110] RAX: ffffffffffffffda RBX: 00007f0d9593c490 RCX: 00007f0d95831cf6
[   31.093604] RDX: 0000000000000000 RSI: 000000000000003c RDI: 0000000000000000
[   31.094101] RBP: 0000000000000000 R08: 00000000000000e7 R09: ffffffffffffff80
[   31.094618] R10: 0000000000000004 R11: 0000000000000246 R12: 00007f0d9593c490
[   31.095172] R13: 0000000000000001 R14: 00007f0d9593fe88 R15: 0000000000000000
[   31.095694]  </TASK>
[   31.095864] irq event stamp: 26219
[   31.096104] hardirqs last  enabled at (26227): [<ffffffff811b8b21>] __up_console_sem+0x91/0xb0
[   31.096896] hardirqs last disabled at (26246): [<ffffffff811b8b06>] __up_console_sem+0x76/0xb0
[   31.097502] softirqs last  enabled at (26244): [<ffffffff83000329>] __do_softirq+0x329/0x490
[   31.098089] softirqs last disabled at (26235): [<ffffffff811123c2>] irq_exit_rcu+0xd2/0x100
[   31.098658] ---[ end trace 0000000000000000 ]---
[   31.099123] ------------[ cut here ]------------
[   31.099548] WARNING: CPU: 1 PID: 591 at drivers/iommu/iommufd/pages.c:1185 iopt_release_pages+0x159/0x190
[   31.100205] Modules linked in:
[   31.100441] CPU: 1 PID: 591 Comm: repro Tainted: G        W          6.1.0-rc3-81ab9890da97+ #1
[   31.101098] Hardware name: QEMU Standard PC (i440FX + PIIX, 1996), BIOS rel-1.16.0-0-gd239552ce722-prebuilt.qemu.org 04/01/2014
[   31.101920] RIP: 0010:iopt_release_pages+0x159/0x190
[   31.102294] Code: 64 13 ff eb cb e8 f7 0f 2d ff be 03 00 00 00 4c 89 f7 e8 3a c5 ce ff eb b7 e8 e3 0f 2d ff 0f 0b e9 ed fe ff ff e8 d7 0f 2d ff <0f> 0b e9 00 ff ff ff e8 cb 0f 2d ff 0f 0b e9 07 ff ff ff e8 bf 0f
[   31.103576] RSP: 0018:ffffc90001027c88 EFLAGS: 00010246
[   31.103937] RAX: 0000000000000000 RBX: ffff888009f16000 RCX: ffffffff81fc7e97
[   31.104549] RDX: 0000000000000000 RSI: ffff8880135b8000 RDI: 0000000000000002
[   31.105054] RBP: ffffc90001027ca8 R08: 000000000000001a R09: 0000000000000001
[   31.105541] R10: ffff8880135b8db0 R11: 0000000000000000 R12: fffffffffffffffe
[   31.106028] R13: 0000000001000000 R14: 00000000017fffff R15: 0000000000000000
[   31.106548] FS:  0000000000000000(0000) GS:ffff88807dd00000(0000) knlGS:0000000000000000
[   31.107215] CS:  0010 DS: 0000 ES: 0000 CR0: 0000000080050033
[   31.107618] CR2: 00007f0d9593b500 CR3: 0000000003a12004 CR4: 0000000000770ee0
[   31.108115] PKRU: 55555554
[   31.108330] Call Trace:
[   31.108621]  <TASK>
[   31.108811]  iopt_unmap_iova_range+0x1ef/0x2e0
[   31.109161]  iopt_unmap_all+0x2f/0x60
[   31.109429]  iommufd_ioas_destroy+0x2c/0x70
[   31.109730]  iommufd_fops_release+0xd4/0x170
[   31.110047]  ? iommufd_ctx_get+0x30/0x30
[   31.110333]  __fput+0x11f/0x450
[   31.110578]  ____fput+0x1e/0x30
[   31.110816]  task_work_run+0xb6/0x120
[   31.111093]  do_exit+0x547/0x1360
[   31.111346]  ? lockdep_hardirqs_on+0x8a/0x110
[   31.111667]  ? trace_hardirqs_on+0x3f/0xe0
[   31.112079]  do_group_exit+0x5e/0xf0
[   31.112363]  __x64_sys_exit_group+0x25/0x30
[   31.112709]  do_syscall_64+0x3b/0x90
[   31.112992]  entry_SYSCALL_64_after_hwframe+0x63/0xcd
[   31.113356] RIP: 0033:0x7f0d95831cf6
[   31.113623] Code: Unable to access opcode bytes at 0x7f0d95831ccc.
[   31.114059] RSP: 002b:00007ffcdfaf8268 EFLAGS: 00000246 ORIG_RAX: 00000000000000e7
[   31.114580] RAX: ffffffffffffffda RBX: 00007f0d9593c490 RCX: 00007f0d95831cf6
[   31.115069] RDX: 0000000000000000 RSI: 000000000000003c RDI: 0000000000000000
[   31.115655] RBP: 0000000000000000 R08: 00000000000000e7 R09: ffffffffffffff80
[   31.116147] R10: 0000000000000004 R11: 0000000000000246 R12: 00007f0d9593c490
[   31.116678] R13: 0000000000000001 R14: 00007f0d9593fe88 R15: 0000000000000000
[   31.117205]  </TASK>
[   31.117370] irq event stamp: 26691
[   31.117612] hardirqs last  enabled at (26699): [<ffffffff811b8b21>] __up_console_sem+0x91/0xb0
[   31.118294] hardirqs last disabled at (26706): [<ffffffff811b8b06>] __up_console_sem+0x76/0xb0
[   31.118925] softirqs last  enabled at (26244): [<ffffffff83000329>] __do_softirq+0x329/0x490
[   31.119527] softirqs last disabled at (26235): [<ffffffff811123c2>] irq_exit_rcu+0xd2/0x100
[   31.120124] ---[ end trace 0000000000000000 ]---
[   31.282584] BUG: unable to handle page fault for address: ffffe9e0f1442808
[   31.283115] #PF: supervisor read access in kernel mode
[   31.283491] #PF: error_code(0x0000) - not-present page
[   31.283872] PGD 0 P4D 0 
[   31.284070] Oops: 0000 [#1] PREEMPT SMP NOPTI
[   31.284397] CPU: 1 PID: 596 Comm: repro Tainted: G        W          6.1.0-rc3-81ab9890da97+ #1
[   31.285026] Hardware name: QEMU Standard PC (i440FX + PIIX, 1996), BIOS rel-1.16.0-0-gd239552ce722-prebuilt.qemu.org 04/01/2014
[   31.285831] RIP: 0010:unpin_user_page_range_dirty_lock+0x121/0x2b0
[   31.286294] Code: 4c 03 65 d0 4c 89 f7 4c 89 e6 e8 4a 8b e0 ff 4d 39 e6 0f 86 54 01 00 00 e8 5c 8a e0 ff 4d 89 e5 31 ff 49 c1 e5 06 4c 03 6d c8 <49> 8b 45 08 48 89 c3 48 89 45 d0 83 e3 01 48 89 de e8 c9 8b e0 ff
[   31.287625] RSP: 0018:ffffc9000104fa48 EFLAGS: 00010286
[   31.288028] RAX: 0000000000000000 RBX: 0000000000000000 RCX: ffffffff81490436
[   31.288542] RDX: 0000000000000000 RSI: ffff8880135ba9c0 RDI: 0000000000000000
[   31.289064] RBP: ffffc9000104fa88 R08: 000000000003b3e5 R09: 000000000000000d
[   31.289564] R10: 000000000003b3c0 R11: 0000000000000024 R12: 0000000000000000
[   31.290071] R13: ffffe9e0f1442800 R14: 0000000000000001 R15: 0000000000000001
[   31.290573] FS:  00007f0d95744740(0000) GS:ffff88807dd00000(0000) knlGS:0000000000000000
[   31.291139] CS:  0010 DS: 0000 ES: 0000 CR0: 0000000080050033
[   31.291574] CR2: ffffe9e0f1442808 CR3: 000000000e03e003 CR4: 0000000000770ee0
[   31.292105] PKRU: 55555554
[   31.292311] Call Trace:
[   31.292496]  <TASK>
[   31.292655]  ? write_comp_data+0x2f/0x90
[   31.292965]  batch_unpin.isra.23+0xfa/0x1a0
[   31.293280]  __iopt_area_unfill_domain+0x21d/0x4f0
[   31.293656]  ? __this_cpu_preempt_check+0x20/0x30
[   31.294018]  ? lock_is_held_type+0xe6/0x140
[   31.294337]  ? rcu_read_lock_sched_held+0x57/0x80
[   31.294689]  ? __mutex_lock+0x13a/0xf30
[   31.294980]  ? write_comp_data+0x2f/0x90
[   31.295273]  ? __sanitizer_cov_trace_pc+0x25/0x60
[   31.295621]  iopt_area_unfill_domain+0x32/0x40
[   31.295958]  iopt_table_remove_domain+0x23f/0x4c0
[   31.296318]  iommufd_device_selftest_detach+0x3a/0x90
[   31.296700]  iommufd_selftest_destroy+0x55/0x70
[   31.297047]  iommufd_object_destroy_user+0xce/0x130
[   31.297416]  iommufd_destroy+0xa2/0xc0
[   31.297696]  iommufd_fops_ioctl+0x1ef/0x310
[   31.298006]  ? __sanitizer_cov_trace_pc+0x25/0x60
[   31.298353]  ? write_comp_data+0x2f/0x90
[   31.298642]  __x64_sys_ioctl+0x10e/0x160
[   31.298936]  ? iommufd_get_object.part.6+0x1c0/0x1c0
[   31.299301]  do_syscall_64+0x3b/0x90
[   31.299572]  entry_SYSCALL_64_after_hwframe+0x63/0xcd
[   31.299948] RIP: 0033:0x7f0d9586959d
[   31.300219] Code: 00 c3 66 2e 0f 1f 84 00 00 00 00 00 90 f3 0f 1e fa 48 89 f8 48 89 f7 48 89 d6 48 89 ca 4d 89 c2 4d 89 c8 4c 8b 4c 24 08 0f 05 <48> 3d 01 f0 ff ff 73 01 c3 48 8b 0d d3 08 0d 00 f7 d8 64 89 01 48
[   31.301572] RSP: 002b:00007ffcdfaf82a8 EFLAGS: 00000213 ORIG_RAX: 0000000000000010
[   31.302114] RAX: ffffffffffffffda RBX: 0000000000000000 RCX: 00007f0d9586959d
[   31.302613] RDX: 0000000020000140 RSI: 0000000000003b80 RDI: 0000000000000003
[   31.303119] RBP: 00007ffcdfaf82c0 R08: 00007ffcdfaf82c0 R09: 00007ffcdfaf82c0
[   31.303625] R10: 00007ffcdfaf82c0 R11: 0000000000000213 R12: 0000000000401180
[   31.304153] R13: 00007ffcdfaf83e0 R14: 0000000000000000 R15: 0000000000000000
[   31.304667]  </TASK>
[   31.304832] Modules linked in:
[   31.305068] CR2: ffffe9e0f1442808
[   31.305313] ---[ end trace 0000000000000000 ]---
[   31.305653] RIP: 0010:unpin_user_page_range_dirty_lock+0x121/0x2b0
[   31.306105] Code: 4c 03 65 d0 4c 89 f7 4c 89 e6 e8 4a 8b e0 ff 4d 39 e6 0f 86 54 01 00 00 e8 5c 8a e0 ff 4d 89 e5 31 ff 49 c1 e5 06 4c 03 6d c8 <49> 8b 45 08 48 89 c3 48 89 45 d0 83 e3 01 48 89 de e8 c9 8b e0 ff
[   31.307413] RSP: 0018:ffffc9000104fa48 EFLAGS: 00010286
[   31.307787] RAX: 0000000000000000 RBX: 0000000000000000 RCX: ffffffff81490436
[   31.308296] RDX: 0000000000000000 RSI: ffff8880135ba9c0 RDI: 0000000000000000
[   31.308805] RBP: ffffc9000104fa88 R08: 000000000003b3e5 R09: 000000000000000d
[   31.309322] R10: 000000000003b3c0 R11: 0000000000000024 R12: 0000000000000000
[   31.309828] R13: ffffe9e0f1442800 R14: 0000000000000001 R15: 0000000000000001
[   31.310356] FS:  00007f0d95744740(0000) GS:ffff88807dd00000(0000) knlGS:0000000000000000
[   31.310926] CS:  0010 DS: 0000 ES: 0000 CR0: 0000000080050033
[   31.311457] CR2: ffffe9e0f1442808 CR3: 000000000e03e003 CR4: 0000000000770ee0
[   31.312027] PKRU: 55555554
