c[?7l[2J[0mSeaBIOS (version rel-1.16.0-0-gd239552ce722-prebuilt.qemu.org)


iPXE (http://ipxe.org) 00:03.0 CA00 PCI2.10 PnP PMM+7FF91000+7FEF1000 CA00
Press Ctrl-B to configure iPXE (PCI 00:03.0)...                                                                               


Booting from ROM...
c[?7l[2J[    0.000000] Linux version 6.1.0-a0a6c76cf2a5+ (root@p-tglh01.sh.intel.com) (gcc (GCC) 8.5.0 20210514 (Red Hat 8.5.0-18), GNU ld version 2.36.1-2.el8) #1 SMP PREEMPT_DYNAMIC Tue Mar 14 13:52:22 CST 2023
[    0.000000] Command line: console=ttyS0 root=/dev/sda earlyprintk=serial net.ifnames=0
[    0.000000] KERNEL supported cpus:
[    0.000000]   Intel GenuineIntel
[    0.000000]   AMD AuthenticAMD
[    0.000000]   Hygon HygonGenuine
[    0.000000]   Centaur CentaurHauls
[    0.000000]   zhaoxin   Shanghai  
[    0.000000] x86/fpu: Supporting XSAVE feature 0x001: 'x87 floating point registers'
[    0.000000] x86/fpu: Supporting XSAVE feature 0x002: 'SSE registers'
[    0.000000] x86/fpu: Supporting XSAVE feature 0x004: 'AVX registers'
[    0.000000] x86/fpu: Supporting XSAVE feature 0x020: 'AVX-512 opmask'
[    0.000000] x86/fpu: Supporting XSAVE feature 0x040: 'AVX-512 Hi256'
[    0.000000] x86/fpu: Supporting XSAVE feature 0x080: 'AVX-512 ZMM_Hi256'
[    0.000000] x86/fpu: Supporting XSAVE feature 0x200: 'Protection Keys User registers'
[    0.000000] x86/fpu: xstate_offset[2]:  576, xstate_sizes[2]:  256
[    0.000000] x86/fpu: xstate_offset[5]:  832, xstate_sizes[5]:   64
[    0.000000] x86/fpu: xstate_offset[6]:  896, xstate_sizes[6]:  512
[    0.000000] x86/fpu: xstate_offset[7]: 1408, xstate_sizes[7]: 1024
[    0.000000] x86/fpu: xstate_offset[9]: 2432, xstate_sizes[9]:    8
[    0.000000] x86/fpu: Enabled xstate features 0x2e7, context size is 2440 bytes, using 'compacted' format.
[    0.000000] signal: max sigframe size: 3632
[    0.000000] BIOS-provided physical RAM map:
[    0.000000] BIOS-e820: [mem 0x0000000000000000-0x000000000009fbff] usable
[    0.000000] BIOS-e820: [mem 0x000000000009fc00-0x000000000009ffff] reserved
[    0.000000] BIOS-e820: [mem 0x00000000000f0000-0x00000000000fffff] reserved
[    0.000000] BIOS-e820: [mem 0x0000000000100000-0x000000007ffdffff] usable
[    0.000000] BIOS-e820: [mem 0x000000007ffe0000-0x000000007fffffff] reserved
[    0.000000] BIOS-e820: [mem 0x00000000feffc000-0x00000000feffffff] reserved
[    0.000000] BIOS-e820: [mem 0x00000000fffc0000-0x00000000ffffffff] reserved
[    0.000000] printk: bootconsole [earlyser0] enabled
[    0.000000] NX (Execute Disable) protection: active
[    0.000000] SMBIOS 2.8 present.
[    0.000000] DMI: QEMU Standard PC (i440FX + PIIX, 1996), BIOS rel-1.16.0-0-gd239552ce722-prebuilt.qemu.org 04/01/2014
[    0.000000] Hypervisor detected: KVM
[    0.000000] kvm-clock: Using msrs 4b564d01 and 4b564d00
[    0.000006] kvm-clock: using sched offset of 587299631 cycles
[    0.000601] clocksource: kvm-clock: mask: 0xffffffffffffffff max_cycles: 0x1cd42e4dffb, max_idle_ns: 881590591483 ns
[    0.002426] tsc: Detected 3110.400 MHz processor
[    0.012541] last_pfn = 0x7ffe0 max_arch_pfn = 0x400000000
[    0.013240] x86/PAT: Configuration [0-7]: WB  WC  UC- UC  WB  WP  UC- WT  
[    0.026245] found SMP MP-table at [mem 0x000f5ba0-0x000f5baf]
[    0.027082] Using GB pages for direct mapping
[    0.029328] ACPI: Early table checksum verification disabled
[    0.029995] ACPI: RSDP 0x00000000000F59C0 000014 (v00 BOCHS )
[    0.030689] ACPI: RSDT 0x000000007FFE1951 000034 (v01 BOCHS  BXPC     00000001 BXPC 00000001)
[    0.031680] ACPI: FACP 0x000000007FFE17FD 000074 (v01 BOCHS  BXPC     00000001 BXPC 00000001)
[    0.032667] ACPI: DSDT 0x000000007FFE0040 0017BD (v01 BOCHS  BXPC     00000001 BXPC 00000001)
[    0.033666] ACPI: FACS 0x000000007FFE0000 000040
[    0.034200] ACPI: APIC 0x000000007FFE1871 000080 (v01 BOCHS  BXPC     00000001 BXPC 00000001)
[    0.035253] ACPI: HPET 0x000000007FFE18F1 000038 (v01 BOCHS  BXPC     00000001 BXPC 00000001)
[    0.036258] ACPI: WAET 0x000000007FFE1929 000028 (v01 BOCHS  BXPC     00000001 BXPC 00000001)
[    0.037271] ACPI: Reserving FACP table memory at [mem 0x7ffe17fd-0x7ffe1870]
[    0.038058] ACPI: Reserving DSDT table memory at [mem 0x7ffe0040-0x7ffe17fc]
[    0.038882] ACPI: Reserving FACS table memory at [mem 0x7ffe0000-0x7ffe003f]
[    0.039696] ACPI: Reserving APIC table memory at [mem 0x7ffe1871-0x7ffe18f0]
[    0.040528] ACPI: Reserving HPET table memory at [mem 0x7ffe18f1-0x7ffe1928]
[    0.041363] ACPI: Reserving WAET table memory at [mem 0x7ffe1929-0x7ffe1950]
[    0.043541] No NUMA configuration found
[    0.043967] Faking a node at [mem 0x0000000000000000-0x000000007ffdffff]
[    0.044827] NODE_DATA(0) allocated [mem 0x7ffb5000-0x7ffdffff]
[    0.049661] Zone ranges:
[    0.049944]   DMA      [mem 0x0000000000001000-0x0000000000ffffff]
[    0.050642]   DMA32    [mem 0x0000000001000000-0x000000007ffdffff]
[    0.051321]   Normal   empty
[    0.051642]   Device   empty
[    0.051976] Movable zone start for each node
[    0.052463] Early memory node ranges
[    0.052866]   node   0: [mem 0x0000000000001000-0x000000000009efff]
[    0.053585]   node   0: [mem 0x0000000000100000-0x000000007ffdffff]
[    0.054271] Initmem setup node 0 [mem 0x0000000000001000-0x000000007ffdffff]
[    0.056389] On node 0, zone DMA: 1 pages in unavailable ranges
[    0.056612] On node 0, zone DMA: 97 pages in unavailable ranges
[    0.108660] On node 0, zone DMA32: 32 pages in unavailable ranges
[    0.109738] ACPI: PM-Timer IO Port: 0x608
[    0.110890] ACPI: LAPIC_NMI (acpi_id[0xff] dfl dfl lint[0x1])
[    0.111616] IOAPIC[0]: apic_id 0, version 17, address 0xfec00000, GSI 0-23
[    0.112413] ACPI: INT_SRC_OVR (bus 0 bus_irq 0 global_irq 2 dfl dfl)
[    0.113207] ACPI: INT_SRC_OVR (bus 0 bus_irq 5 global_irq 5 high level)
[    0.113932] ACPI: INT_SRC_OVR (bus 0 bus_irq 9 global_irq 9 high level)
[    0.114658] ACPI: INT_SRC_OVR (bus 0 bus_irq 10 global_irq 10 high level)
[    0.115416] ACPI: INT_SRC_OVR (bus 0 bus_irq 11 global_irq 11 high level)
[    0.116184] ACPI: Using ACPI (MADT) for SMP configuration information
[    0.116906] ACPI: HPET id: 0x8086a201 base: 0xfed00000
[    0.117510] TSC deadline timer available
[    0.117942] smpboot: Allowing 2 CPUs, 0 hotplug CPUs
[    0.118619] kvm-guest: KVM setup pv remote TLB flush
[    0.119209] kvm-guest: setup PV sched yield
[    0.119750] PM: hibernation: Registered nosave memory: [mem 0x00000000-0x00000fff]
[    0.120577] PM: hibernation: Registered nosave memory: [mem 0x0009f000-0x0009ffff]
[    0.121422] PM: hibernation: Registered nosave memory: [mem 0x000a0000-0x000effff]
[    0.122230] PM: hibernation: Registered nosave memory: [mem 0x000f0000-0x000fffff]
[    0.123078] [mem 0x80000000-0xfeffbfff] available for PCI devices
[    0.123764] Booting paravirtualized kernel on KVM
[    0.124320] clocksource: refined-jiffies: mask: 0xffffffff max_cycles: 0xffffffff, max_idle_ns: 7645519600211568 ns
[    0.125518] setup_percpu: NR_CPUS:8192 nr_cpumask_bits:2 nr_cpu_ids:2 nr_node_ids:1
[    0.128017] percpu: Embedded 64 pages/cpu s225280 r8192 d28672 u1048576
[    0.129077] kvm-guest: PV spinlocks enabled
[    0.129554] PV qspinlock hash table entries: 256 (order: 0, 4096 bytes, linear)
[    0.130398] Fallback order for Node 0: 0 
[    0.130893] Built 1 zonelists, mobility grouping on.  Total pages: 515808
[    0.131677] Policy zone: DMA32
[    0.132023] Kernel command line: net.ifnames=0 console=ttyS0 root=/dev/sda earlyprintk=serial net.ifnames=0
[    0.133885] random: crng init done
[    0.135585] Dentry cache hash table entries: 262144 (order: 9, 2097152 bytes, linear)
[    0.136639] Inode-cache hash table entries: 131072 (order: 8, 1048576 bytes, linear)
[    0.137699] mem auto-init: stack:off, heap alloc:off, heap free:off
[    0.142427] Memory: 1983336K/2096632K available (32784K kernel code, 4708K rwdata, 8372K rodata, 3688K init, 22088K bss, 113040K reserved, 0K cma-reserved)
[    0.144850] SLUB: HWalign=64, Order=0-3, MinObjects=0, CPUs=2, Nodes=1
[    0.145585] kmemleak: Kernel memory leak detector disabled
[    0.146200] ftrace: allocating 67831 entries in 265 pages
[    0.183481] ftrace: allocated 265 pages with 3 groups
[    0.188771] Dynamic Preempt: voluntary
[    0.189440] Running RCU self tests
[    0.189845] rcu: Preemptible hierarchical RCU implementation.
[    0.190499] rcu: 	RCU lockdep checking is enabled.
[    0.191038] rcu: 	RCU restricting CPUs from NR_CPUS=8192 to nr_cpu_ids=2.
[    0.191764] 	Trampoline variant of Tasks RCU enabled.
[    0.192548] 	Rude variant of Tasks RCU enabled.
[    0.193244] 	Tracing variant of Tasks RCU enabled.
[    0.194031] rcu: RCU calculated value of scheduler-enlistment delay is 25 jiffies.
[    0.195313] rcu: Adjusting geometry for rcu_fanout_leaf=16, nr_cpu_ids=2
[    0.254536] NR_IRQS: 524544, nr_irqs: 440, preallocated irqs: 16
[    0.256159] rcu: srcu_init: Setting srcu_struct sizes based on contention.
[    0.271998] Console: colour VGA+ 80x25
[    0.272765] printk: console [ttyS0] enabled
[    0.272765] printk: console [ttyS0] enabled
[    0.274113] printk: bootconsole [earlyser0] disabled
[    0.274113] printk: bootconsole [earlyser0] disabled
[    0.275832] Lock dependency validator: Copyright (c) 2006 Red Hat, Inc., Ingo Molnar
[    0.277164] ... MAX_LOCKDEP_SUBCLASSES:  8
[    0.277884] ... MAX_LOCK_DEPTH:          48
[    0.278619] ... MAX_LOCKDEP_KEYS:        8192
[    0.279405] ... CLASSHASH_SIZE:          4096
[    0.280171] ... MAX_LOCKDEP_ENTRIES:     32768
[    0.280940] ... MAX_LOCKDEP_CHAINS:      65536
[    0.281712] ... CHAINHASH_SIZE:          32768
[    0.282464]  memory used by lock dependency info: 6365 kB
[    0.283442]  memory used for stack traces: 4224 kB
[    0.284274]  per task-struct memory footprint: 1920 bytes
[    0.285347] ACPI: Core revision 20221020
[    0.286599] clocksource: hpet: mask: 0xffffffff max_cycles: 0xffffffff, max_idle_ns: 19112604467 ns
[    0.288476] APIC: Switch to symmetric I/O mode setup
[    0.289648] x2apic enabled
[    0.290485] Switched APIC routing to physical x2apic.
[    0.291367] kvm-guest: setup PV IPIs
[    0.293722] ..TIMER: vector=0x30 apic1=0 pin1=2 apic2=-1 pin2=-1
[    0.294811] clocksource: tsc-early: mask: 0xffffffffffffffff max_cycles: 0x2cd5a8bb032, max_idle_ns: 440795365915 ns
[    0.296687] Calibrating delay loop (skipped) preset value.. 6220.80 BogoMIPS (lpj=12441600)
[    0.298104] pid_max: default: 32768 minimum: 301
[    0.299122] LSM: initializing lsm=capability,yama,integrity
[    0.300071] Yama: becoming mindful.
[    0.301052] Mount-cache hash table entries: 4096 (order: 3, 32768 bytes, linear)
[    0.302328] Mountpoint-cache hash table entries: 4096 (order: 3, 32768 bytes, linear)
[    0.308604] x86/cpu: User Mode Instruction Prevention (UMIP) activated
[    0.310450] Last level iTLB entries: 4KB 0, 2MB 0, 4MB 0
[    0.311412] Last level dTLB entries: 4KB 0, 2MB 0, 4MB 0, 1GB 0
[    0.312462] Spectre V1 : Mitigation: usercopy/swapgs barriers and __user pointer sanitization
[    0.312694] Spectre V2 : WARNING: Unprivileged eBPF is enabled with eIBRS on, data leaks possible via Spectre v2 BHB attacks!
[    0.314548] Spectre V2 : Mitigation: Enhanced IBRS
[    0.316662] Spectre V2 : Spectre v2 / SpectreRSB mitigation: Filling RSB on context switch
[    0.317921] Spectre V2 : Spectre v2 / PBRSB-eIBRS: Retire a single CALL on VMEXIT
[    0.319127] Spectre V2 : mitigation: Enabling conditional Indirect Branch Prediction Barrier
[    0.320666] Speculative Store Bypass: Mitigation: Speculative Store Bypass disabled via prctl
[    0.554847] Freeing SMP alternatives memory: 56K
[    0.556306] smpboot: CPU0: Genuine Intel(R) CPU 0000 @ 2.20GHz (family: 0x6, model: 0x8d, stepping: 0x0)
[    0.556654] cblist_init_generic: Setting adjustable number of callback queues.
[    0.556654] cblist_init_generic: Setting shift to 1 and lim to 1.
[    0.556826] cblist_init_generic: Setting shift to 1 and lim to 1.
[    0.557958] cblist_init_generic: Setting shift to 1 and lim to 1.
[    0.559130] Running RCU-tasks wait API self tests
[    0.660907] Performance Events: Icelake events, full-width counters, Intel PMU driver.
[    0.662554] ... version:                2
[    0.663227] ... bit width:              48
[    0.663896] ... generic registers:      8
[    0.664552] ... value mask:             0000ffffffffffff
[    0.664671] ... max period:             00007fffffffffff
[    0.665559] ... fixed-purpose events:   3
[    0.666239] ... event mask:             00000007000000ff
[    0.667962] rcu: Hierarchical SRCU implementation.
[    0.668668] rcu: 	Max phase no-delay instances is 1000.
[    0.672765] Callback from call_rcu_tasks_trace() invoked.
[    0.674072] smp: Bringing up secondary CPUs ...
[    0.675884] x86: Booting SMP configuration:
[    0.676583] .... node  #0, CPUs:      #1
[    0.677194] smp: Brought up 1 node, 2 CPUs
[    0.678136] smpboot: Max logical packages: 1
[    0.678834] smpboot: Total of 2 processors activated (12441.60 BogoMIPS)
[    0.685473] devtmpfs: initialized
[    0.685822] x86/mm: Memory block size: 128MB
[    0.693183] clocksource: jiffies: mask: 0xffffffff max_cycles: 0xffffffff, max_idle_ns: 7645041785100000 ns
[    0.694713] futex hash table entries: 512 (order: 4, 65536 bytes, linear)
[    0.696238] pinctrl core: initialized pinctrl subsystem
[    0.697865] 
[    0.698141] *************************************************************
[    0.699232] **     NOTICE NOTICE NOTICE NOTICE NOTICE NOTICE NOTICE    **
[    0.700399] **                                                         **
[    0.700665] **  IOMMU DebugFS SUPPORT HAS BEEN ENABLED IN THIS KERNEL  **
[    0.701739] **                                                         **
[    0.702771] ** This means that this kernel is built to expose internal **
[    0.703838] ** IOMMU data structures, which may compromise security on **
[    0.704666] ** your system.                                            **
[    0.705718] **                                                         **
[    0.706769] ** If you see this message and you are not debugging the   **
[    0.707838] ** kernel, report this immediately to your vendor!         **
[    0.708666] **                                                         **
[    0.709682] **     NOTICE NOTICE NOTICE NOTICE NOTICE NOTICE NOTICE    **
[    0.710719] *************************************************************
[    0.711893] PM: RTC time: 05:53:16, date: 2023-03-14
[    0.719525] NET: Registered PF_NETLINK/PF_ROUTE protocol family
[    0.721099] DMA: preallocated 256 KiB GFP_KERNEL pool for atomic allocations
[    0.721889] DMA: preallocated 256 KiB GFP_KERNEL|GFP_DMA pool for atomic allocations
[    0.722706] DMA: preallocated 256 KiB GFP_KERNEL|GFP_DMA32 pool for atomic allocations
[    0.723610] audit: initializing netlink subsys (disabled)
[    0.724249] audit: type=2000 audit(1678773196.611:1): state=initialized audit_enabled=0 res=1
[    0.724249] thermal_sys: Registered thermal governor 'fair_share'
[    0.724249] thermal_sys: Registered thermal governor 'bang_bang'
[    0.724677] thermal_sys: Registered thermal governor 'step_wise'
[    0.725575] thermal_sys: Registered thermal governor 'user_space'
[    0.726608] cpuidle: using governor ladder
[    0.729128] cpuidle: using governor menu
[    0.729977] acpiphp: ACPI Hot Plug PCI Controller Driver version: 0.5
[    0.731090] PCI: Using configuration type 1 for base access
[    0.732910] kprobes: kprobe jump-optimization is enabled. All kprobes are optimized if possible.
[    1.084326] HugeTLB: registered 1.00 GiB page size, pre-allocated 0 pages
[    1.084681] HugeTLB: 16380 KiB vmemmap can be freed for a 1.00 GiB page
[    1.085734] HugeTLB: registered 2.00 MiB page size, pre-allocated 0 pages
[    1.086769] HugeTLB: 28 KiB vmemmap can be freed for a 2.00 MiB page
[    1.095411] ACPI: Added _OSI(Module Device)
[    1.096108] ACPI: Added _OSI(Processor Device)
[    1.096671] ACPI: Added _OSI(3.0 _SCP Extensions)
[    1.097438] ACPI: Added _OSI(Processor Aggregator Device)
[    1.110935] ACPI: 1 ACPI AML tables successfully acquired and loaded
[    1.119378] ACPI: Interpreter enabled
[    1.120229] ACPI: PM: (supports S0 S3 S4 S5)
[    1.120669] ACPI: Using IOAPIC for interrupt routing
[    1.121593] PCI: Using host bridge windows from ACPI; if necessary, use "pci=nocrs" and report a bug
[    1.123068] PCI: Using E820 reservations for host bridge windows
[    1.125622] ACPI: Enabled 2 GPEs in block 00 to 0F
[    1.165661] ACPI: PCI Root Bridge [PCI0] (domain 0000 [bus 00-ff])
[    1.166846] acpi PNP0A03:00: _OSC: OS supports [ASPM ClockPM Segments MSI EDR HPX-Type3]
[    1.168131] acpi PNP0A03:00: _OSC: not requesting OS control; OS requires [ExtendedConfig ASPM ClockPM MSI]
[    1.168813] acpi PNP0A03:00: fail to add MMCONFIG information, can't access extended PCI configuration space under this bridge.
[    1.176413] acpiphp: Slot [3] registered
[    1.176813] acpiphp: Slot [4] registered
[    1.177618] acpiphp: Slot [5] registered
[    1.178403] acpiphp: Slot [6] registered
[    1.179198] acpiphp: Slot [7] registered
[    1.179955] acpiphp: Slot [8] registered
[    1.180733] acpiphp: Slot [9] registered
[    1.181521] acpiphp: Slot [10] registered
[    1.182302] acpiphp: Slot [11] registered
[    1.183112] acpiphp: Slot [12] registered
[    1.183892] acpiphp: Slot [13] registered
[    1.184738] acpiphp: Slot [14] registered
[    1.185534] acpiphp: Slot [15] registered
[    1.186334] acpiphp: Slot [16] registered
[    1.187123] acpiphp: Slot [17] registered
[    1.187917] acpiphp: Slot [18] registered
[    1.188715] acpiphp: Slot [19] registered
[    1.189512] acpiphp: Slot [20] registered
[    1.190309] acpiphp: Slot [21] registered
[    1.191118] acpiphp: Slot [22] registered
[    1.191903] acpiphp: Slot [23] registered
[    1.192701] acpiphp: Slot [24] registered
[    1.193503] acpiphp: Slot [25] registered
[    1.194298] acpiphp: Slot [26] registered
[    1.195103] acpiphp: Slot [27] registered
[    1.195879] acpiphp: Slot [28] registered
[    1.196686] acpiphp: Slot [29] registered
[    1.197487] acpiphp: Slot [30] registered
[    1.198278] acpiphp: Slot [31] registered
[    1.198969] PCI host bridge to bus 0000:00
[    1.199626] pci_bus 0000:00: root bus resource [io  0x0000-0x0cf7 window]
[    1.200669] pci_bus 0000:00: root bus resource [io  0x0d00-0xffff window]
[    1.201726] pci_bus 0000:00: root bus resource [mem 0x000a0000-0x000bffff window]
[    1.202918] pci_bus 0000:00: root bus resource [mem 0x80000000-0xfebfffff window]
[    1.204081] pci_bus 0000:00: root bus resource [mem 0x100000000-0x17fffffff window]
[    1.204670] pci_bus 0000:00: root bus resource [bus 00-ff]
[    1.205793] pci 0000:00:00.0: [8086:1237] type 00 class 0x060000
[    1.213571] pci 0000:00:01.0: [8086:7000] type 00 class 0x060100
[    1.216068] pci 0000:00:01.1: [8086:7010] type 00 class 0x010180
[    1.219347] pci 0000:00:01.1: reg 0x20: [io  0xc040-0xc04f]
[    1.221251] pci 0000:00:01.1: legacy IDE quirk: reg 0x10: [io  0x01f0-0x01f7]
[    1.222396] pci 0000:00:01.1: legacy IDE quirk: reg 0x14: [io  0x03f6]
[    1.223424] pci 0000:00:01.1: legacy IDE quirk: reg 0x18: [io  0x0170-0x0177]
[    1.224554] pci 0000:00:01.1: legacy IDE quirk: reg 0x1c: [io  0x0376]
[    1.225299] pci 0000:00:01.3: [8086:7113] type 00 class 0x068000
[    1.227204] pci 0000:00:01.3: quirk: [io  0x0600-0x063f] claimed by PIIX4 ACPI
[    1.228373] pci 0000:00:01.3: quirk: [io  0x0700-0x070f] claimed by PIIX4 SMB
[    1.229293] pci 0000:00:02.0: [1234:1111] type 00 class 0x030000
[    1.233228] pci 0000:00:02.0: reg 0x10: [mem 0xfd000000-0xfdffffff pref]
[    1.237190] pci 0000:00:02.0: reg 0x18: [mem 0xfebf0000-0xfebf0fff]
[    1.244725] pci 0000:00:02.0: reg 0x30: [mem 0xfebe0000-0xfebeffff pref]
[    1.246463] pci 0000:00:02.0: Video device with shadowed ROM at [mem 0x000c0000-0x000dffff]
[    1.254756] pci 0000:00:03.0: [8086:100e] type 00 class 0x020000
[    1.256671] pci 0000:00:03.0: reg 0x10: [mem 0xfebc0000-0xfebdffff]
[    1.258665] pci 0000:00:03.0: reg 0x14: [io  0xc000-0xc03f]
[    1.264041] pci 0000:00:03.0: reg 0x30: [mem 0xfeb80000-0xfebbffff pref]
[    1.287047] ACPI: PCI: Interrupt link LNKA configured for IRQ 10
[    1.288889] ACPI: PCI: Interrupt link LNKB configured for IRQ 10
[    1.290658] ACPI: PCI: Interrupt link LNKC configured for IRQ 11
[    1.292466] ACPI: PCI: Interrupt link LNKD configured for IRQ 11
[    1.293109] ACPI: PCI: Interrupt link LNKS configured for IRQ 9
[    1.296770] iommu: Default domain type: Translated 
[    1.297662] iommu: DMA domain TLB invalidation policy: lazy mode 
[    1.301074] SCSI subsystem initialized
[    1.302402] ACPI: bus type USB registered
[    1.303197] usbcore: registered new interface driver usbfs
[    1.304190] usbcore: registered new interface driver hub
[    1.304743] usbcore: registered new device driver usb
[    1.305792] pps_core: LinuxPPS API ver. 1 registered
[    1.306575] pps_core: Software ver. 5.3.6 - Copyright 2005-2007 Rodolfo Giometti <giometti@linux.it>
[    1.308032] PTP clock support registered
[    1.309080] EDAC MC: Ver: 3.0.0
[    1.313212] NetLabel: Initializing
[    1.313794] NetLabel:  domain hash size = 128
[    1.314508] NetLabel:  protocols = UNLABELED CIPSOv4 CALIPSO
[    1.315593] NetLabel:  unlabeled traffic allowed by default
[    1.317226] PCI: Using ACPI for IRQ routing
[    1.318437] pci 0000:00:02.0: vgaarb: setting as boot VGA device
[    1.319429] pci 0000:00:02.0: vgaarb: bridge control possible
[    1.320363] pci 0000:00:02.0: vgaarb: VGA device added: decodes=io+mem,owns=io+mem,locks=none
[    1.320675] vgaarb: loaded
[    1.322253] hpet0: at MMIO 0xfed00000, IRQs 2, 8, 0
[    1.323137] hpet0: 3 comparators, 64-bit 100.000000 MHz counter
[    4.464581] Callback from call_rcu_tasks_rude() invoked.
[    4.464581] clocksource: Switched to clocksource kvm-clock
[    4.572845] Callback from call_rcu_tasks() invoked.
[    4.744945] VFS: Disk quotas dquot_6.6.0
[    4.745735] VFS: Dquot-cache hash table entries: 512 (order 0, 4096 bytes)
[    4.747442] pnp: PnP ACPI init
[    4.752194] pnp: PnP ACPI: found 6 devices
[    4.775970] clocksource: acpi_pm: mask: 0xffffff max_cycles: 0xffffff, max_idle_ns: 2085701024 ns
[    4.778148] NET: Registered PF_INET protocol family
[    4.779343] IP idents hash table entries: 32768 (order: 6, 262144 bytes, linear)
[    4.782722] tcp_listen_portaddr_hash hash table entries: 1024 (order: 4, 73728 bytes, linear)
[    4.784165] Table-perturb hash table entries: 65536 (order: 6, 262144 bytes, linear)
[    4.785566] TCP established hash table entries: 16384 (order: 5, 131072 bytes, linear)
[    4.787459] TCP bind hash table entries: 16384 (order: 9, 2359296 bytes, linear)
[    4.794478] TCP: Hash tables configured (established 16384 bind 16384)
[    4.795861] UDP hash table entries: 1024 (order: 5, 163840 bytes, linear)
[    4.797153] UDP-Lite hash table entries: 1024 (order: 5, 163840 bytes, linear)
[    4.798759] NET: Registered PF_UNIX/PF_LOCAL protocol family
[    4.801056] RPC: Registered named UNIX socket transport module.
[    4.802009] RPC: Registered udp transport module.
[    4.802752] RPC: Registered tcp transport module.
[    4.803458] RPC: Registered tcp NFSv4.1 backchannel transport module.
[    4.804500] pci_bus 0000:00: resource 4 [io  0x0000-0x0cf7 window]
[    4.805485] pci_bus 0000:00: resource 5 [io  0x0d00-0xffff window]
[    4.806450] pci_bus 0000:00: resource 6 [mem 0x000a0000-0x000bffff window]
[    4.807521] pci_bus 0000:00: resource 7 [mem 0x80000000-0xfebfffff window]
[    4.808611] pci_bus 0000:00: resource 8 [mem 0x100000000-0x17fffffff window]
[    4.810308] pci 0000:00:01.0: PIIX3: Enabling Passive Release
[    4.811231] pci 0000:00:00.0: Limiting direct PCI/PCI transfers
[    4.812361] PCI: CLS 0 bytes, default 64
[    4.813157] ACPI: bus type thunderbolt registered
[    4.814481] clocksource: tsc: mask: 0xffffffffffffffff max_cycles: 0x2cd5a8bb032, max_idle_ns: 440795365915 ns
[    4.824128] Initialise system trusted keyrings
[    4.825024] Key type blacklist registered
[    4.826025] workingset: timestamp_bits=36 max_order=19 bucket_order=0
[    4.827162] zbud: loaded
[    4.829072] squashfs: version 4.0 (2009/01/31) Phillip Lougher
[    4.831402] NFS: Registering the id_resolver key type
[    4.832226] Key type id_resolver registered
[    4.832932] Key type id_legacy registered
[    4.833624] nfs4filelayout_init: NFSv4 File Layout Driver Registering...
[    4.834723] nfs4flexfilelayout_init: NFSv4 Flexfile Layout Driver Registering...
[    4.836246] fuse: init (API version 7.38)
[    4.837334] SGI XFS with ACLs, security attributes, realtime, quota, no debug enabled
[    4.839550] 9p: Installing v9fs 9p2000 file system support
[    4.857712] Key type asymmetric registered
[    4.858436] Asymmetric key parser 'x509' registered
[    4.861959] alg: self-tests for CTR-KDF (hmac(sha256)) passed
[    4.863044] Block layer SCSI generic (bsg) driver version 0.4 loaded (major 243)
[    4.864540] io scheduler mq-deadline registered
[    4.865426] io scheduler bfq registered
[    4.868033] shpchp: Standard Hot Plug PCI Controller Driver version: 0.4
[    4.870166] IPMI message handler: version 39.2
[    4.871012] ipmi device interface
[    4.875476] input: Power Button as /devices/LNXSYSTM:00/LNXPWRBN:00/input/input0
[    4.877228] ACPI: button: Power Button [PWRF]
[    4.880059] ERST DBG: ERST support is disabled.
[    4.882197] Serial: 8250/16550 driver, 32 ports, IRQ sharing enabled
[    4.884181] 00:04: ttyS0 at I/O 0x3f8 (irq = 4, base_baud = 115200) is a 16550A
[    4.906814] Linux agpgart interface v0.103
[    4.909388] ACPI: bus type drm_connector registered
[    4.939511] brd: module loaded
[    4.956806] loop: module loaded
[    4.966948] scsi host0: ata_piix
[    4.968836] scsi host1: ata_piix
[    4.969876] ata1: PATA max MWDMA2 cmd 0x1f0 ctl 0x3f6 bmdma 0xc040 irq 14
[    4.970980] ata2: PATA max MWDMA2 cmd 0x170 ctl 0x376 bmdma 0xc048 irq 15
[    4.975000] tun: Universal TUN/TAP device driver, 1.6
[    4.976329] e100: Intel(R) PRO/100 Network Driver
[    4.977138] e100: Copyright(c) 1999-2006 Intel Corporation
[    4.978095] e1000: Intel(R) PRO/1000 Network Driver
[    4.978887] e1000: Copyright (c) 1999-2006 Intel Corporation.
[    5.132960] ata2: found unknown device (class 0)
[    5.134428] ata1: found unknown device (class 0)
[    5.135863] ata2.00: ATAPI: QEMU DVD-ROM, 2.5+, max UDMA/100
[    5.137483] ata1.00: ATA-7: QEMU HARDDISK, 2.5+, max UDMA/100
[    5.138430] ata1.00: 16777216 sectors, multi 16: LBA48 
[    5.141587] scsi 0:0:0:0: Direct-Access     ATA      QEMU HARDDISK    2.5+ PQ: 0 ANSI: 5
[    5.145092] scsi 0:0:0:0: Attached scsi generic sg0 type 0
[    5.148850] scsi 1:0:0:0: CD-ROM            QEMU     QEMU DVD-ROM     2.5+ PQ: 0 ANSI: 5
[    5.149244] sd 0:0:0:0: [sda] 16777216 512-byte logical blocks: (8.59 GB/8.00 GiB)
[    5.151934] sd 0:0:0:0: [sda] Write Protect is off
[    5.152991] sd 0:0:0:0: [sda] Write cache: enabled, read cache: enabled, doesn't support DPO or FUA
[    5.154538] sd 0:0:0:0: [sda] Preferred minimum I/O size 512 bytes
[    5.183156] sd 0:0:0:0: [sda] Attached SCSI disk
[    5.198278] scsi 1:0:0:0: Attached scsi generic sg1 type 5
[    5.427496] ACPI: \_SB_.LNKC: Enabled at IRQ 11
[    5.782681] e1000 0000:00:03.0 eth0: (PCI:33MHz:32-bit) 52:54:00:12:34:56
[    5.783885] e1000 0000:00:03.0 eth0: Intel(R) PRO/1000 Network Connection
[    5.785225] e1000e: Intel(R) PRO/1000 Network Driver
[    5.786048] e1000e: Copyright(c) 1999 - 2015 Intel Corporation.
[    5.787117] igb: Intel(R) Gigabit Ethernet Network Driver
[    5.787991] igb: Copyright (c) 2007-2014 Intel Corporation.
[    5.789157] PPP generic driver version 2.4.2
[    5.790516] VFIO - User Level meta-driver version: 0.3
[    5.792370] usbcore: registered new interface driver uas
[    5.793468] usbcore: registered new interface driver usb-storage
[    5.794752] i8042: PNP: PS/2 Controller [PNP0303:KBD,PNP0f13:MOU] at 0x60,0x64 irq 1,12
[    5.797427] serio: i8042 KBD port at 0x60,0x64 irq 1
[    5.798348] serio: i8042 AUX port at 0x60,0x64 irq 12
[    5.800750] mousedev: PS/2 mouse device common for all mice
[    5.803312] input: AT Translated Set 2 keyboard as /devices/platform/i8042/serio0/input/input1
[    5.805299] rtc_cmos 00:05: RTC can wake from S4
[    5.807900] input: VirtualPS/2 VMware VMMouse as /devices/platform/i8042/serio1/input/input4
[    5.808512] rtc_cmos 00:05: registered as rtc0
[    5.810306] rtc_cmos 00:05: setting system clock to 2023-03-14T05:53:21 UTC (1678773201)
[    5.812043] rtc_cmos 00:05: alarms up to one day, y3k, 242 bytes nvram, hpet irqs
[    5.812065] input: VirtualPS/2 VMware VMMouse as /devices/platform/i8042/serio1/input/input3
[    5.813450] i2c_dev: i2c /dev entries driver
[    5.815541] device-mapper: core: CONFIG_IMA_DISABLE_HTABLE is disabled. Duplicate IMA measurements will not be recorded in the IMA log.
[    5.817573] device-mapper: uevent: version 1.0.3
[    5.818712] device-mapper: ioctl: 4.47.0-ioctl (2022-07-28) initialised: dm-devel@redhat.com
[    5.820005] intel_pstate: CPU model not supported
[    5.821054] sdhci: Secure Digital Host Controller Interface driver
[    5.822032] sdhci: Copyright(c) Pierre Ossman
[    5.822969] sdhci-pltfm: SDHCI platform and OF driver helper
[    5.823997] ledtrig-cpu: registered to indicate activity on CPUs
[    5.825792] drop_monitor: Initializing network drop monitor service
[    5.827174] NET: Registered PF_INET6 protocol family
[    5.831579] Segment Routing with IPv6
[    5.832275] In-situ OAM (IOAM) with IPv6
[    5.833028] NET: Registered PF_PACKET protocol family
[    5.834283] 9pnet: Installing 9P2000 support
[    5.835116] Key type dns_resolver registered
[    5.837458] IPI shorthand broadcast: enabled
[    5.872583] sched_clock: Marking stable (5837386498, 31281983)->(5907490908, -38822427)
[    5.875544] registered taskstats version 1
[    5.876871] Loading compiled-in X.509 certificates
[    5.878401] zswap: loaded using pool lzo/zbud
[    5.917541] Key type .fscrypt registered
[    5.918234] Key type fscrypt-provisioning registered
[    5.921604] Key type encrypted registered
[    5.922334] ima: No TPM chip found, activating TPM-bypass!
[    5.923238] ima: Allocated hash algorithm: sha1
[    5.924084] ima: No architecture policies found
[    5.925047] evm: Initialising EVM extended attributes:
[    5.925880] evm: security.selinux
[    5.926432] evm: security.SMACK64
[    5.926966] evm: security.SMACK64EXEC
[    5.927546] evm: security.SMACK64TRANSMUTE
[    5.928208] evm: security.SMACK64MMAP
[    5.928843] evm: security.apparmor
[    5.929413] evm: security.ima
[    5.929905] evm: security.capability
[    5.930500] evm: HMAC attrs: 0x1
[    5.943966] PM:   Magic number: 15:898:870
[    5.945824] RAS: Correctable Errors collector initialized.
[    5.948994] md: Waiting for all devices to be available before autodetect
[    5.949760] md: If you don't use raid, use raid=noautodetect
[    5.950407] md: Autodetecting RAID arrays.
[    5.950921] md: autorun ...
[    5.951265] md: ... autorun DONE.
[    5.961914] EXT4-fs (sda): mounted filesystem 23a53bb9-f815-47a5-b74c-5e08f7731193 with ordered data mode. Quota mode: none.
[    5.963310] VFS: Mounted root (ext4 filesystem) readonly on device 8:0.
[    5.967233] devtmpfs: mounted
[    5.988050] Freeing unused decrypted memory: 2036K
[    5.992883] Freeing unused kernel image (initmem) memory: 3688K
[    5.993717] Write protecting the kernel read-only data: 45056k
[    6.000982] Freeing unused kernel image (text/rodata gap) memory: 2028K
[    6.004737] Freeing unused kernel image (rodata/data gap) memory: 1868K
[    6.179352] x86/mm: Checked W+X mappings: passed, no W+X pages found.
[    6.180306] Run /sbin/init as init process
[    6.347669] systemd[1]: RTC configured in localtime, applying delta of 0 minutes to system time.
[    6.406163] systemd[1]: systemd 239 (239-49.el8) running in system mode. (+PAM +AUDIT +SELINUX +IMA -APPARMOR +SMACK +SYSVINIT +UTMP +LIBCRYPTSETUP +GCRYPT +GNUTLS +ACL +XZ +LZ4 +SECCOMP +BLKID +ELFUTILS +KMOD +IDN2 -IDN +PCRE2 default-hierarchy=legacy)
[    6.409119] systemd[1]: Detected virtualization kvm.
[    6.409733] systemd[1]: Detected architecture x86-64.

Welcome to [0;31mCentOS Stream 8[0m!

[    6.481305] systemd[1]: Set hostname to <test>.
[    6.902981] systemd[1]: Created slice system-getty.slice.
[[0;32m  OK  [0m] Created slice system-getty.slice.
[    6.915176] systemd[1]: Listening on Process Core Dump Socket.
[[0;32m  OK  [0m] Listening on Process Core Dump Socket.
[    6.917560] systemd[1]: Created slice system-serial\x2dgetty.slice.
[[0;32m  OK  [0m] Created slice system-serial\x2dgetty.slice.
[    6.919646] systemd[1]: Set up automount Arbitrary Executable File Formats File System Automount Point.
[[0;32m  OK  [0m] Set up automount Arbitrary Executabâ€¦rmats File System Automount Point.
[    6.921551] systemd[1]: Listening on multipathd control socket.
[[0;32m  OK  [0m] Listening on multipathd control socket.
[    6.922895] systemd[1]: Listening on udev Kernel Socket.
[[0;32m  OK  [0m] Listening on udev Kernel Socket.
[[0;32m  OK  [0m] Listening on Journal Socket (/dev/log).
[[0;32m  OK  [0m] Listening on Device-mapper event daemon FIFOs.
[[0;32m  OK  [0m] Listening on RPCbind Server Activation Socket.
[[0;32m  OK  [0m] Listening on LVM2 poll daemon socket.
[[0;32m  OK  [0m] Reached target Swap.
[[0;32m  OK  [0m] Listening on Journal Socket.
         Starting Remount Root and Kernel File Systems...
         Mounting Huge Pages File System...
         Starting Setup Virtual Console...
         Mounting Kernel Debug File System...
         Mounting POSIX Message Queue File System...
         Starting Journal Service...
         Starting Monitoring of LVM2 mirrorsâ€¦ng dmeventd or progress polling...
[[0;32m  OK  [0m] Reached target RPC Port Mapper.
[[0;32m  OK  [0m] Started Forward Password Requests to Wall Directory Watch.
         Starting Load Kernel Modules...
[[0;32m  OK  [0m] Created slice system-sshd\x2dkeygen.slice.
[[0;32m  OK  [0m] Listening on initctl Compatibility Named Pipe.
[[0;32m  OK  [0m] Created slice User and Session Slice.
[[0;32m  OK  [0m] Reached target Slices.
[[0;32m  OK  [0m] Listening on udev Control Socket.
         Starting udev Coldplug all Devices...
[[0;32m  OK  [0m] Started Journal Service.[    7.552725] EXT4-fs (sda): re-mounted 23a53bb9-f815-47a5-b74c-5e08f7731193. Quota mode: none.

[[0;32m  OK  [0m] Started Remount Root and Kernel File Systems.
[[0;32m  OK  [0m] Mounted Huge Pages File System.
[[0;32m  OK  [0m] Mounted Kernel Debug File System.
[[0;32m  OK  [0m] Mounted POSIX Message Queue File System.
[[0;32m  OK  [0m] Started Monitoring of LVM2 mirrors,â€¦sing dmeventd or progress polling.
[[0;1;31mFAILED[0m] Failed to start Load Kernel Modules.
See 'systemctl status systemd-modules-load.service' for details.
         Starting Apply Kernel Variables...
         Mounting Kernel Configuration File System...
         Mounting FUSE Control File System...
         Starting Load/Save Random Seed...
         Starting Create Static Device Nodes in /dev...
         Starting Flush Journal to Persistent Storage...
[[0;32m  OK  [0m] Started Setup Virtual Console.
[[0;32m  OK  [0m] Started Apply Kernel Variables.
[[0;32m  OK  [0m] Mounted Kernel Configuration File System.
[[0;32m  OK  [0m] Mounted FUSE Control File System.
[[0;32m  OK  [0m] Started Load/Save Random Seed.
[[0;32m  OK  [0m] Started Create Static Device Nodes in /dev.
         Starting udev Kernel Device Manager...
[[0;32m  OK  [0m] Started Flush Journal to Persistent Storage.
[[0;32m  OK  [0m] Started udev Kernel Device Manager.
[[0;32m  OK  [0m] Started udev Coldplug all Devices.
         Starting udev Wait for Complete Device Initialization...
         Starting Show Plymouth Boot Screen...
[[0;32m  OK  [0m] Started Show Plymouth Boot Screen.
[[0;32m  OK  [0m] Reached target Local Encrypted Volumes.
[[0;32m  OK  [0m] Reached target Paths.
[[0;32m  OK  [0m] Started Forward Password Requests to Plymouth Directory Watch.
[[0;32m  OK  [0m] Found device /dev/ttyS0.
[[0;32m  OK  [0m] Started udev Wait for Complete Device Initialization.
[[0;32m  OK  [0m] Reached target Local File Systems (Pre).
[[0;32m  OK  [0m] Reached target Local File Systems.
         Starting Tell Plymouth To Write Out Runtime Data...
         Starting Restore /run/initramfs on shutdown...
         Starting Create Volatile Files and Directories...
[[0;32m  OK  [0m] Listening on Load/Save RF Kill Switch Status /dev/rfkill Watch.
[[0;32m  OK  [0m] Started Tell Plymouth To Write Out Runtime Data.
[[0;32m  OK  [0m] Started Restore /run/initramfs on shutdown.
[[0;32m  OK  [0m] Started Create Volatile Files and Directories.
         Mounting RPC Pipe File System...
         Starting RPC Bind...
         Starting Security Auditing Service...
[[0;32m  OK  [0m] Mounted RPC Pipe File System.
[[0;32m  OK  [0m] Reached target rpc_pipefs.target.
[[0;32m  OK  [0m] Started RPC Bind.
[[0;32m  OK  [0m] Started Security Auditing Service.
         Starting Update UTMP about System Boot/Shutdown...
[[0;32m  OK  [0m] Started Update UTMP about System Boot/Shutdown.
[[0;32m  OK  [0m] Reached target System Initialization.
[[0;32m  OK  [0m] Listening on D-Bus System Message Bus Socket.
[[0;32m  OK  [0m] Started daily update of the root trust anchor for DNSSEC.
[[0;32m  OK  [0m] Started Daily Cleanup of Temporary Directories.
[[0;32m  OK  [0m] Started dnf makecache --timer.
[[0;32m  OK  [0m] Reached target Timers.
[[0;32m  OK  [0m] Listening on SSSD Kerberos Cache Manager responder socket.
[[0;32m  OK  [0m] Reached target Sockets.
[[0;32m  OK  [0m] Reached target Basic System.
         Starting Login Service...
         Starting Auto-connect to subsystemsâ€¦-NVME devices found during boot...
[[0;32m  OK  [0m] Started Machine Check Exception Logging Daemon.
[[0;32m  OK  [0m] Started D-Bus System Message Bus.
         Starting Authorization Manager...
         Starting Self Monitoring and Reporting Technology (SMART) Daemon...
         Starting NTP client/server...
[[0;32m  OK  [0m] Started irqbalance daemon.
[[0;32m  OK  [0m] Reached target sshd-keygen.target.
         Starting Network Manager...
[[0;32m  OK  [0m] Started Auto-connect to subsystems â€¦FC-NVME devices found during boot.
         Starting update of the root trust aâ€¦or DNSSEC validation in unbound...
[[0;32m  OK  [0m] Started Login Service.
[[0;32m  OK  [0m] Started Self Monitoring and Reporting Technology (SMART) Daemon.
[[0;32m  OK  [0m] Started update of the root trust anâ€¦ for DNSSEC validation in unbound.
[[0;32m  OK  [0m] Started Network Manager.
         Starting Network Manager Wait Online...
[[0;32m  OK  [0m] Reached target Network.
         Starting Dynamic System Tuning Daemon...
         Starting GSSAPI Proxy Daemon...
         Starting OpenSSH server daemon...
[[0;32m  OK  [0m] Started NTP client/server.
[[0;32m  OK  [0m] Started Authorization Manager.
         Starting Hostname Service...
[[0;32m  OK  [0m] Started GSSAPI Proxy Daemon.
[[0;32m  OK  [0m] Reached target NFS client services.
[[0;32m  OK  [0m] Reached target Remote File Systems (Pre).
[[0;32m  OK  [0m] Reached target Remote File Systems.
         Starting Permit User Sessions...
[[0;32m  OK  [0m] Started OpenSSH server daemon.
[[0;32m  OK  [0m] Started Permit User Sessions.
         Starting Hold until boot process finishes up...
         Starting Terminate Plymouth Boot Screen...
[[0;32m  OK  [0m] Started Command Scheduler.
[   10.580985] e1000: eth0 NIC Link is Up 1000 Mbps Full Duplex, Flow Control: RX
[   10.582226] IPv6: ADDRCONF(NETDEV_CHANGE): eth0: link becomes ready
[   10.901162] Spectre V2 : WARNING: Unprivileged eBPF is enabled with eIBRS on, data leaks possible via Spectre v2 BHB attacks!
[   10.902497] Spectre V2 : WARNING: Unprivileged eBPF is enabled with eIBRS on, data leaks possible via Spectre v2 BHB attacks!

CentOS Stream 8
Kernel 6.1.0-a0a6c76cf2a5+ on an x86_64

test login: [   30.512022] ------------[ cut here ]------------
[   30.512645] WARNING: CPU: 0 PID: 585 at drivers/iommu/iommufd/pages.c:294 __iopt_area_unfill_domain+0x152/0x560
[   30.513758] Modules linked in:
[   30.514102] CPU: 0 PID: 585 Comm: repro Not tainted 6.1.0-a0a6c76cf2a5+ #1
[   30.514844] Hardware name: QEMU Standard PC (i440FX + PIIX, 1996), BIOS rel-1.16.0-0-gd239552ce722-prebuilt.qemu.org 04/01/2014
[   30.515996] RIP: 0010:__iopt_area_unfill_domain+0x152/0x560
[   30.516616] Code: a1 2b ff 44 8b 64 24 54 48 8b 44 24 48 31 ff 44 89 e6 48 89 44 24 38 e8 6c a2 2b ff 45 85 e4 0f 85 eb 01 00 00 e8 ee a0 2b ff <0f> 0b e8 e7 a0 2b ff 48 8b 44 24 38 89 5c 24 58 89 18 8b 44 24 54
[   30.518588] RSP: 0018:ffffc9000100bae0 EFLAGS: 00010246
[   30.519136] RAX: 0000000000000000 RBX: 00000000ffffffff RCX: ffffffff81fe0bd5
[   30.519869] RDX: 0000000000000000 RSI: ffff8880135d8000 RDI: 0000000000000002
[   30.520618] RBP: ffffc9000100bd10 R08: 000000000003b5c5 R09: 0000000000000010
[   30.521391] R10: 000000000003b5a0 R11: 0000000000000024 R12: 0000000000000080
[   30.522137] R13: 0000000000000801 R14: 00000000000007ff R15: 0000000000000800
[   30.522882] FS:  00007f3777af9740(0000) GS:ffff88807dc00000(0000) knlGS:0000000000000000
[   30.523731] CS:  0010 DS: 0000 ES: 0000 CR0: 0000000080050033
[   30.524333] CR2: 00007f3777c1e580 CR3: 000000000caae003 CR4: 0000000000770ef0
[   30.525147] PKRU: 55555554
[   30.525457] Call Trace:
[   30.525737]  <TASK>
[   30.526035]  ? __this_cpu_preempt_check+0x20/0x30
[   30.526600]  ? lock_is_held_type+0xe6/0x140
[   30.527068]  ? rcu_read_lock_sched_held+0x57/0x80
[   30.527593]  ? __mutex_lock+0x13a/0xf30
[   30.528035]  ? write_comp_data+0x2f/0x90
[   30.528479]  ? __sanitizer_cov_trace_pc+0x25/0x60
[   30.529038]  iopt_area_unfill_domain+0x32/0x40
[   30.529530]  iopt_table_remove_domain+0x23f/0x4c0
[   30.530061]  iommufd_device_selftest_detach+0x3a/0x90
[   30.530642]  iommufd_selftest_destroy+0x55/0x70
[   30.531144]  iommufd_object_destroy_user+0xce/0x130
[   30.531677]  iommufd_destroy+0xa2/0xc0
[   30.532090]  iommufd_fops_ioctl+0x1ef/0x310
[   30.532558]  ? __sanitizer_cov_trace_pc+0x25/0x60
[   30.533092]  ? write_comp_data+0x2f/0x90
[   30.533533]  __x64_sys_ioctl+0x10e/0x160
[   30.533992]  ? iommufd_get_object.part.6+0x1c0/0x1c0
[   30.534532]  do_syscall_64+0x3b/0x90
[   30.534799]  entry_SYSCALL_64_after_hwframe+0x63/0xcd
[   30.535160] RIP: 0033:0x7f3777c1e59d
[   30.535416] Code: 00 c3 66 2e 0f 1f 84 00 00 00 00 00 90 f3 0f 1e fa 48 89 f8 48 89 f7 48 89 d6 48 89 ca 4d 89 c2 4d 89 c8 4c 8b 4c 24 08 0f 05 <48> 3d 01 f0 ff ff 73 01 c3 48 8b 0d d3 08 0d 00 f7 d8 64 89 01 48
[   30.536646] RSP: 002b:00007ffd0d727918 EFLAGS: 00000213 ORIG_RAX: 0000000000000010
[   30.537204] RAX: ffffffffffffffda RBX: 0000000000000000 RCX: 00007f3777c1e59d
[   30.537703] RDX: 0000000020000140 RSI: 0000000000003b80 RDI: 0000000000000003
[   30.538205] RBP: 00007ffd0d727930 R08: 00007ffd0d727930 R09: 00007ffd0d727930
[   30.538730] R10: 00007ffd0d727930 R11: 0000000000000213 R12: 0000000000401180
[   30.539233] R13: 00007ffd0d727a50 R14: 0000000000000000 R15: 0000000000000000
[   30.539750]  </TASK>
[   30.539925] irq event stamp: 14767
[   30.540171] hardirqs last  enabled at (14775): [<ffffffff811b7f21>] __up_console_sem+0x91/0xb0
[   30.540821] hardirqs last disabled at (14802): [<ffffffff811b7f06>] __up_console_sem+0x76/0xb0
[   30.541435] softirqs last  enabled at (14800): [<ffffffff83000329>] __do_softirq+0x329/0x490
[   30.542038] softirqs last disabled at (14783): [<ffffffff81111082>] irq_exit_rcu+0xd2/0x100
[   30.542633] ---[ end trace 0000000000000000 ]---
[   30.543065] ------------[ cut here ]------------
[   30.543394] WARNING: CPU: 0 PID: 585 at drivers/iommu/iommufd/pages.c:1290 __iopt_area_unfill_domain+0x54f/0x560
[   30.544101] Modules linked in:
[   30.544325] CPU: 0 PID: 585 Comm: repro Tainted: G        W          6.1.0-a0a6c76cf2a5+ #1
[   30.544915] Hardware name: QEMU Standard PC (i440FX + PIIX, 1996), BIOS rel-1.16.0-0-gd239552ce722-prebuilt.qemu.org 04/01/2014
[   30.545692] RIP: 0010:__iopt_area_unfill_domain+0x54f/0x560
[   30.546089] Code: e8 86 9e 2b ff 85 db 0f 85 35 fb ff ff e8 09 9d 2b ff 0f 0b e9 29 fb ff ff e8 fd 9c 2b ff 0f 0b e9 69 fe ff ff e8 f1 9c 2b ff <0f> 0b e9 58 ff ff ff e8 65 2d dc 00 0f 1f 44 00 00 0f 1f 44 00 00
[   30.547371] RSP: 0018:ffffc9000100bae0 EFLAGS: 00010246
[   30.547750] RAX: 0000000000000000 RBX: 00000000ffffffff RCX: ffffffff81fe0d26
[   30.548242] RDX: 0000000000000000 RSI: ffff8880135d8000 RDI: 0000000000000002
[   30.548759] RBP: ffffc9000100bd10 R08: 000000000003b5c5 R09: 0000000000000010
[   30.549246] R10: 000000000003b5a0 R11: 0000000000000024 R12: 00000000000007ff
[   30.549738] R13: 0000000000000801 R14: 00000000000007ff R15: 0000000000000800
[   30.550238] FS:  00007f3777af9740(0000) GS:ffff88807dc00000(0000) knlGS:0000000000000000
[   30.550808] CS:  0010 DS: 0000 ES: 0000 CR0: 0000000080050033
[   30.551216] CR2: 00007f3777c1e580 CR3: 000000000caae003 CR4: 0000000000770ef0
[   30.551724] PKRU: 55555554
[   30.551922] Call Trace:
[   30.552104]  <TASK>
[   30.552292]  ? __this_cpu_preempt_check+0x20/0x30
[   30.552643]  ? lock_is_held_type+0xe6/0x140
[   30.552985]  ? rcu_read_lock_sched_held+0x57/0x80
[   30.553333]  ? __mutex_lock+0x13a/0xf30
[   30.553620]  ? write_comp_data+0x2f/0x90
[   30.553910]  ? __sanitizer_cov_trace_pc+0x25/0x60
[   30.554258]  iopt_area_unfill_domain+0x32/0x40
[   30.554599]  iopt_table_remove_domain+0x23f/0x4c0
[   30.554947]  iommufd_device_selftest_detach+0x3a/0x90
[   30.555332]  iommufd_selftest_destroy+0x55/0x70
[   30.555672]  iommufd_object_destroy_user+0xce/0x130
[   30.556028]  iommufd_destroy+0xa2/0xc0
[   30.556315]  iommufd_fops_ioctl+0x1ef/0x310
[   30.556622]  ? __sanitizer_cov_trace_pc+0x25/0x60
[   30.556984]  ? write_comp_data+0x2f/0x90
[   30.557280]  __x64_sys_ioctl+0x10e/0x160
[   30.557586]  ? iommufd_get_object.part.6+0x1c0/0x1c0
[   30.557948]  do_syscall_64+0x3b/0x90
[   30.558220]  entry_SYSCALL_64_after_hwframe+0x63/0xcd
[   30.558596] RIP: 0033:0x7f3777c1e59d
[   30.558858] Code: 00 c3 66 2e 0f 1f 84 00 00 00 00 00 90 f3 0f 1e fa 48 89 f8 48 89 f7 48 89 d6 48 89 ca 4d 89 c2 4d 89 c8 4c 8b 4c 24 08 0f 05 <48> 3d 01 f0 ff ff 73 01 c3 48 8b 0d d3 08 0d 00 f7 d8 64 89 01 48
[   30.560131] RSP: 002b:00007ffd0d727918 EFLAGS: 00000213 ORIG_RAX: 0000000000000010
[   30.560685] RAX: ffffffffffffffda RBX: 0000000000000000 RCX: 00007f3777c1e59d
[   30.561173] RDX: 0000000020000140 RSI: 0000000000003b80 RDI: 0000000000000003
[   30.561665] RBP: 00007ffd0d727930 R08: 00007ffd0d727930 R09: 00007ffd0d727930
[   30.562158] R10: 00007ffd0d727930 R11: 0000000000000213 R12: 0000000000401180
[   30.562719] R13: 00007ffd0d727a50 R14: 0000000000000000 R15: 0000000000000000
[   30.563306]  </TASK>
[   30.563474] irq event stamp: 15239
[   30.563715] hardirqs last  enabled at (15247): [<ffffffff811b7f21>] __up_console_sem+0x91/0xb0
[   30.564308] hardirqs last disabled at (15254): [<ffffffff811b7f06>] __up_console_sem+0x76/0xb0
[   30.564924] softirqs last  enabled at (14800): [<ffffffff83000329>] __do_softirq+0x329/0x490
[   30.565525] softirqs last disabled at (14783): [<ffffffff81111082>] irq_exit_rcu+0xd2/0x100
[   30.566107] ---[ end trace 0000000000000000 ]---
[   30.574122] ------------[ cut here ]------------
[   30.574565] WARNING: CPU: 1 PID: 585 at drivers/iommu/iommufd/pages.c:178 batch_unpin.isra.23+0x151/0x1a0
[   30.575289] Modules linked in:
[   30.575531] CPU: 1 PID: 585 Comm: repro Tainted: G        W          6.1.0-a0a6c76cf2a5+ #1
[   30.576110] Hardware name: QEMU Standard PC (i440FX + PIIX, 1996), BIOS rel-1.16.0-0-gd239552ce722-prebuilt.qemu.org 04/01/2014
[   30.576941] RIP: 0010:batch_unpin.isra.23+0x151/0x1a0
[   30.577331] Code: e8 c4 be 2b ff 48 8b 45 d0 48 85 c0 75 17 e8 26 bd 2b ff 48 8b 7d c8 48 89 de e8 fa bd 2b ff 48 39 5d c8 73 07 e8 0f bd 2b ff <0f> 0b e8 08 bd 2b ff 4d 29 e5 31 ff 41 83 c6 01 4c 89 ee 31 db e8
[   30.578657] RSP: 0018:ffffc9000100b9d8 EFLAGS: 00010246
[   30.579029] RAX: 0000000000000000 RBX: ffffffffffffffff RCX: ffffffff81fded8c
[   30.579552] RDX: 0000000000000000 RSI: ffff8880135d8000 RDI: 0000000000000002
[   30.580043] RBP: ffffc9000100ba20 R08: 0000000000000000 R09: ffff88807dd3b890
[   30.580537] R10: 0000000000000eb9 R11: 0000000000000000 R12: 0000000000000001
[   30.581086] R13: 0000000000000001 R14: 0000000000000000 R15: ffff888009f84c00
[   30.581581] FS:  0000000000000000(0000) GS:ffff88807dd00000(0000) knlGS:0000000000000000
[   30.582176] CS:  0010 DS: 0000 ES: 0000 CR0: 0000000080050033
[   30.582590] CR2: 00007f3777cf0500 CR3: 0000000003c12005 CR4: 0000000000770ee0
[   30.583113] PKRU: 55555554
[   30.583313] Call Trace:
[   30.583497]  <TASK>
[   30.583665]  iopt_pages_unfill_xarray+0x39f/0x5c0
[   30.584071]  ? write_comp_data+0x2f/0x90
[   30.584368]  ? __sanitizer_cov_trace_pc+0x25/0x60
[   30.584736]  ? write_comp_data+0x2f/0x90
[   30.585070]  ? __sanitizer_cov_trace_pc+0x25/0x60
[   30.585410]  ? interval_tree_remove+0x291/0x4e0
[   30.585752]  ? write_comp_data+0x2f/0x90
[   30.586073]  iopt_area_remove_access+0x108/0x120
[   30.586505]  iommufd_access_unpin_pages+0x177/0x210
[   30.586877]  iommufd_test_access_unmap+0xe0/0x130
[   30.587255]  ? iommufd_test_access_unmap+0x130/0x130
[   30.587624]  iommufd_test_staccess_release+0x39/0x60
[   30.587991]  __fput+0x11f/0x450
[   30.588267]  ____fput+0x1e/0x30
[   30.588509]  task_work_run+0xb6/0x120
[   30.588835]  do_exit+0x521/0x1340
[   30.589092]  ? lockdep_hardirqs_on+0x8a/0x110
[   30.589447]  ? trace_hardirqs_on+0x3f/0x100
[   30.589765]  do_group_exit+0x5e/0xf0
[   30.590033]  __x64_sys_exit_group+0x25/0x30
[   30.590338]  do_syscall_64+0x3b/0x90
[   30.590637]  entry_SYSCALL_64_after_hwframe+0x63/0xcd
[   30.590992] RIP: 0033:0x7f3777be6cf6
[   30.591248] Code: Unable to access opcode bytes at 0x7f3777be6ccc.
[   30.591695] RSP: 002b:00007ffd0d7278d8 EFLAGS: 00000246 ORIG_RAX: 00000000000000e7
[   30.592228] RAX: ffffffffffffffda RBX: 00007f3777cf1490 RCX: 00007f3777be6cf6
[   30.592769] RDX: 0000000000000000 RSI: 000000000000003c RDI: 0000000000000000
[   30.593270] RBP: 0000000000000000 R08: 00000000000000e7 R09: ffffffffffffff80
[   30.593800] R10: 0000000000000004 R11: 0000000000000246 R12: 00007f3777cf1490
[   30.594293] R13: 0000000000000001 R14: 00007f3777cf4e88 R15: 0000000000000000
[   30.594841]  </TASK>
[   30.595009] irq event stamp: 21557
[   30.595253] hardirqs last  enabled at (21565): [<ffffffff811b7f21>] __up_console_sem+0x91/0xb0
[   30.595921] hardirqs last disabled at (21572): [<ffffffff811b7f06>] __up_console_sem+0x76/0xb0
[   30.596550] softirqs last  enabled at (21418): [<ffffffff83000329>] __do_softirq+0x329/0x490
[   30.597210] softirqs last disabled at (21589): [<ffffffff81111082>] irq_exit_rcu+0xd2/0x100
[   30.597803] ---[ end trace 0000000000000000 ]---
[   30.598246] ------------[ cut here ]------------
[   30.598582] WARNING: CPU: 1 PID: 585 at drivers/iommu/iommufd/pages.c:886 update_unpinned+0x75/0x80
[   30.599241] Modules linked in:
[   30.599484] CPU: 1 PID: 585 Comm: repro Tainted: G        W          6.1.0-a0a6c76cf2a5+ #1
[   30.600067] Hardware name: QEMU Standard PC (i440FX + PIIX, 1996), BIOS rel-1.16.0-0-gd239552ce722-prebuilt.qemu.org 04/01/2014
[   30.600928] RIP: 0010:update_unpinned+0x75/0x80
[   30.601294] Code: ac 2b ff 48 89 de 31 c9 31 d2 4c 29 e6 4c 89 ef e8 70 fb ff ff e8 bb ac 2b ff 5b 41 5c 41 5d 5d c3 cc cc cc cc e8 ab ac 2b ff <0f> 0b eb e7 0f 1f 80 00 00 00 00 0f 1f 44 00 00 55 48 89 e5 41 57
[   30.602593] RSP: 0018:ffffc9000100ba08 EFLAGS: 00010246
[   30.602966] RAX: 0000000000000000 RBX: 0000000000000000 RCX: ffffffff81fdfdcf
[   30.603498] RDX: 0000000000000000 RSI: ffff8880135d8000 RDI: 0000000000000002
[   30.603987] RBP: ffffc9000100ba20 R08: 0000000000000000 R09: ffff88807dd3b890
[   30.604503] R10: 0000000000000eb9 R11: 0000000000000000 R12: ffffffffffffffff
[   30.605021] R13: ffff888009f84c00 R14: 0000000000000002 R15: 0000000000000002
[   30.605511] FS:  0000000000000000(0000) GS:ffff88807dd00000(0000) knlGS:0000000000000000
[   30.606095] CS:  0010 DS: 0000 ES: 0000 CR0: 0000000080050033
[   30.606513] CR2: 00007f3777cf0500 CR3: 0000000003c12005 CR4: 0000000000770ee0
[   30.607036] PKRU: 55555554
[   30.607250] Call Trace:
[   30.607431]  <TASK>
[   30.607600]  iopt_pages_unfill_xarray+0x522/0x5c0
[   30.608005]  ? write_comp_data+0x2f/0x90
[   30.608301]  ? __sanitizer_cov_trace_pc+0x25/0x60
[   30.608644]  ? write_comp_data+0x2f/0x90
[   30.609005]  ? __sanitizer_cov_trace_pc+0x25/0x60
[   30.609348]  ? interval_tree_remove+0x291/0x4e0
[   30.609683]  ? write_comp_data+0x2f/0x90
[   30.610005]  iopt_area_remove_access+0x108/0x120
[   30.610369]  iommufd_access_unpin_pages+0x177/0x210
[   30.610771]  iommufd_test_access_unmap+0xe0/0x130
[   30.611154]  ? iommufd_test_access_unmap+0x130/0x130
[   30.611528]  iommufd_test_staccess_release+0x39/0x60
[   30.611888]  __fput+0x11f/0x450
[   30.612163]  ____fput+0x1e/0x30
[   30.612406]  task_work_run+0xb6/0x120
[   30.612742]  do_exit+0x521/0x1340
[   30.612996]  ? lockdep_hardirqs_on+0x8a/0x110
[   30.613352]  ? trace_hardirqs_on+0x3f/0x100
[   30.613670]  do_group_exit+0x5e/0xf0
[   30.613941]  __x64_sys_exit_group+0x25/0x30
[   30.614268]  do_syscall_64+0x3b/0x90
[   30.614565]  entry_SYSCALL_64_after_hwframe+0x63/0xcd
[   30.614936] RIP: 0033:0x7f3777be6cf6
[   30.615206] Code: Unable to access opcode bytes at 0x7f3777be6ccc.
[   30.615663] RSP: 002b:00007ffd0d7278d8 EFLAGS: 00000246 ORIG_RAX: 00000000000000e7
[   30.616187] RAX: ffffffffffffffda RBX: 00007f3777cf1490 RCX: 00007f3777be6cf6
[   30.616723] RDX: 0000000000000000 RSI: 000000000000003c RDI: 0000000000000000
[   30.617217] RBP: 0000000000000000 R08: 00000000000000e7 R09: ffffffffffffff80
[   30.617758] R10: 0000000000000004 R11: 0000000000000246 R12: 00007f3777cf1490
[   30.618254] R13: 0000000000000001 R14: 00007f3777cf4e88 R15: 0000000000000000
[   30.618804]  </TASK>
[   30.618970] irq event stamp: 22113
[   30.619220] hardirqs last  enabled at (22121): [<ffffffff811b7f21>] __up_console_sem+0x91/0xb0
[   30.619857] hardirqs last disabled at (22128): [<ffffffff811b7f06>] __up_console_sem+0x76/0xb0
[   30.620468] softirqs last  enabled at (21974): [<ffffffff83000329>] __do_softirq+0x329/0x490
[   30.621110] softirqs last disabled at (21917): [<ffffffff81111082>] irq_exit_rcu+0xd2/0x100
[   30.621710] ---[ end trace 0000000000000000 ]---
[   30.622242] ------------[ cut here ]------------
[   30.622651] WARNING: CPU: 1 PID: 585 at drivers/iommu/iommufd/pages.c:1181 iopt_release_pages+0x159/0x190
[   30.623372] Modules linked in:
[   30.623611] CPU: 1 PID: 585 Comm: repro Tainted: G        W          6.1.0-a0a6c76cf2a5+ #1
[   30.624254] Hardware name: QEMU Standard PC (i440FX + PIIX, 1996), BIOS rel-1.16.0-0-gd239552ce722-prebuilt.qemu.org 04/01/2014
[   30.625256] RIP: 0010:iopt_release_pages+0x159/0x190
[   30.625630] Code: b5 11 ff eb cb e8 87 90 2b ff be 03 00 00 00 4c 89 f7 e8 6a 8b ce ff eb b7 e8 73 90 2b ff 0f 0b e9 ed fe ff ff e8 67 90 2b ff <0f> 0b e9 00 ff ff ff e8 5b 90 2b ff 0f 0b e9 07 ff ff ff e8 4f 90
[   30.626938] RSP: 0018:ffffc9000100bc88 EFLAGS: 00010246
[   30.627313] RAX: 0000000000000000 RBX: ffff888009f84c00 RCX: ffffffff81fe1957
[   30.627838] RDX: 0000000000000000 RSI: ffff8880135d8000 RDI: 0000000000000002
[   30.628328] RBP: ffffc9000100bca8 R08: ffff88800950d780 R09: 0000000080150013
[   30.628862] R10: 0000000000000001 R11: 0000000000000000 R12: ffffffffffffffff
[   30.629356] R13: 0000000001000000 R14: 00000000017fffff R15: 0000000000000000
[   30.629877] FS:  0000000000000000(0000) GS:ffff88807dd00000(0000) knlGS:0000000000000000
[   30.630434] CS:  0010 DS: 0000 ES: 0000 CR0: 0000000080050033
[   30.630876] CR2: 00007f3777cf0500 CR3: 0000000003c12005 CR4: 0000000000770ee0
[   30.631377] PKRU: 55555554
[   30.631577] Call Trace:
[   30.631783]  <TASK>
[   30.631947]  iopt_unmap_iova_range+0x1ef/0x2e0
[   30.632284]  iopt_unmap_all+0x2f/0x60
[   30.632556]  iommufd_ioas_destroy+0x2c/0x70
[   30.632914]  iommufd_fops_release+0xd4/0x170
[   30.633236]  ? iommufd_ctx_get+0x30/0x30
[   30.633531]  __fput+0x11f/0x450
[   30.633784]  ____fput+0x1e/0x30
[   30.634059]  task_work_run+0xb6/0x120
[   30.634349]  do_exit+0x521/0x1340
[   30.634608]  ? lockdep_hardirqs_on+0x8a/0x110
[   30.634940]  ? trace_hardirqs_on+0x3f/0x100
[   30.635279]  do_group_exit+0x5e/0xf0
[   30.635554]  __x64_sys_exit_group+0x25/0x30
[   30.635854]  do_syscall_64+0x3b/0x90
[   30.636147]  entry_SYSCALL_64_after_hwframe+0x63/0xcd
[   30.636508] RIP: 0033:0x7f3777be6cf6
[   30.636786] Code: Unable to access opcode bytes at 0x7f3777be6ccc.
[   30.637247] RSP: 002b:00007ffd0d7278d8 EFLAGS: 00000246 ORIG_RAX: 00000000000000e7
[   30.637782] RAX: ffffffffffffffda RBX: 00007f3777cf1490 RCX: 00007f3777be6cf6
[   30.638272] RDX: 0000000000000000 RSI: 000000000000003c RDI: 0000000000000000
[   30.638783] RBP: 0000000000000000 R08: 00000000000000e7 R09: ffffffffffffff80
[   30.639278] R10: 0000000000000004 R11: 0000000000000246 R12: 00007f3777cf1490
[   30.639809] R13: 0000000000000001 R14: 00007f3777cf4e88 R15: 0000000000000000
[   30.640334]  </TASK>
[   30.640528] irq event stamp: 23165
[   30.640796] hardirqs last  enabled at (23175): [<ffffffff811b7f21>] __up_console_sem+0x91/0xb0
[   30.641416] hardirqs last disabled at (23182): [<ffffffff811b7f06>] __up_console_sem+0x76/0xb0
[   30.642057] softirqs last  enabled at (22840): [<ffffffff83000329>] __do_softirq+0x329/0x490
[   30.642692] softirqs last disabled at (22245): [<ffffffff81111082>] irq_exit_rcu+0xd2/0x100
[   30.643279] ---[ end trace 0000000000000000 ]---
[   30.708973] ------------[ cut here ]------------
[   30.709492] WARNING: CPU: 1 PID: 587 at drivers/iommu/iommufd/pages.c:294 __iopt_area_unfill_domain+0x152/0x560
[   30.710205] Modules linked in:
[   30.710450] CPU: 1 PID: 587 Comm: repro Tainted: G        W          6.1.0-a0a6c76cf2a5+ #1
[   30.711162] Hardware name: QEMU Standard PC (i440FX + PIIX, 1996), BIOS rel-1.16.0-0-gd239552ce722-prebuilt.qemu.org 04/01/2014
[   30.711985] RIP: 0010:__iopt_area_unfill_domain+0x152/0x560
[   30.712385] Code: a1 2b ff 44 8b 64 24 54 48 8b 44 24 48 31 ff 44 89 e6 48 89 44 24 38 e8 6c a2 2b ff 45 85 e4 0f 85 eb 01 00 00 e8 ee a0 2b ff <0f> 0b e8 e7 a0 2b ff 48 8b 44 24 38 89 5c 24 58 89 18 8b 44 24 54
[   30.713713] RSP: 0018:ffffc90000f63ae0 EFLAGS: 00010246
[   30.714106] RAX: 0000000000000000 RBX: 00000000ffffffff RCX: ffffffff81fe0bd5
[   30.714633] RDX: 0000000000000000 RSI: ffff8880135dd300 RDI: 0000000000000002
[   30.715163] RBP: ffffc90000f63d10 R08: 000000000003b5c5 R09: 0000000000000002
[   30.715665] R10: 000000000003b5a0 R11: 0000000000000024 R12: 000000000000005e
[   30.716196] R13: 0000000000000801 R14: 00000000000007ff R15: 0000000000000800
[   30.716716] FS:  00007f3777af9740(0000) GS:ffff88807dd00000(0000) knlGS:0000000000000000
[   30.717310] CS:  0010 DS: 0000 ES: 0000 CR0: 0000000080050033
[   30.717721] CR2: 00007f3777c1e580 CR3: 000000000c99c002 CR4: 0000000000770ee0
[   30.718254] PKRU: 55555554
[   30.718454] Call Trace:
[   30.718650]  <TASK>
[   30.718836]  ? __this_cpu_preempt_check+0x20/0x30
[   30.719219]  ? lock_is_held_type+0xe6/0x140
[   30.719558]  ? rcu_read_lock_sched_held+0x57/0x80
[   30.719908]  ? __mutex_lock+0x13a/0xf30
[   30.720192]  ? write_comp_data+0x2f/0x90
[   30.720510]  ? __sanitizer_cov_trace_pc+0x25/0x60
[   30.720883]  iopt_area_unfill_domain+0x32/0x40
[   30.721222]  iopt_table_remove_domain+0x23f/0x4c0
[   30.721601]  iommufd_device_selftest_detach+0x3a/0x90
[   30.721984]  iommufd_selftest_destroy+0x55/0x70
[   30.722332]  iommufd_object_destroy_user+0xce/0x130
[   30.722739]  iommufd_destroy+0xa2/0xc0
[   30.723029]  iommufd_fops_ioctl+0x1ef/0x310
[   30.723341]  ? __sanitizer_cov_trace_pc+0x25/0x60
[   30.723784]  ? write_comp_data+0x2f/0x90
[   30.724084]  __x64_sys_ioctl+0x10e/0x160
[   30.724378]  ? iommufd_get_object.part.6+0x1c0/0x1c0
[   30.724795]  do_syscall_64+0x3b/0x90
[   30.725067]  entry_SYSCALL_64_after_hwframe+0x63/0xcd
[   30.725436] RIP: 0033:0x7f3777c1e59d
[   30.725715] Code: 00 c3 66 2e 0f 1f 84 00 00 00 00 00 90 f3 0f 1e fa 48 89 f8 48 89 f7 48 89 d6 48 89 ca 4d 89 c2 4d 89 c8 4c 8b 4c 24 08 0f 05 <48> 3d 01 f0 ff ff 73 01 c3 48 8b 0d d3 08 0d 00 f7 d8 64 89 01 48
[   30.727064] RSP: 002b:00007ffd0d727918 EFLAGS: 00000213 ORIG_RAX: 0000000000000010
[   30.727582] RAX: ffffffffffffffda RBX: 0000000000000000 RCX: 00007f3777c1e59d
[   30.728110] RDX: 0000000020000140 RSI: 0000000000003b80 RDI: 0000000000000003
[   30.728604] RBP: 00007ffd0d727930 R08: 00007ffd0d727930 R09: 00007ffd0d727930
[   30.729140] R10: 00007ffd0d727930 R11: 0000000000000213 R12: 0000000000401180
[   30.729640] R13: 00007ffd0d727a50 R14: 0000000000000000 R15: 0000000000000000
[   30.730178]  </TASK>
[   30.730346] irq event stamp: 14793
[   30.730603] hardirqs last  enabled at (14801): [<ffffffff811b7f21>] __up_console_sem+0x91/0xb0
[   30.731245] hardirqs last disabled at (14808): [<ffffffff811b7f06>] __up_console_sem+0x76/0xb0
[   30.731852] softirqs last  enabled at (14450): [<ffffffff83000329>] __do_softirq+0x329/0x490
[   30.732499] softirqs last disabled at (14445): [<ffffffff81111082>] irq_exit_rcu+0xd2/0x100
[   30.733091] ---[ end trace 0000000000000000 ]---
[   30.733531] ------------[ cut here ]------------
[   30.733863] WARNING: CPU: 1 PID: 587 at drivers/iommu/iommufd/pages.c:1290 __iopt_area_unfill_domain+0x54f/0x560
[   30.734625] Modules linked in:
[   30.734860] CPU: 1 PID: 587 Comm: repro Tainted: G        W          6.1.0-a0a6c76cf2a5+ #1
[   30.735438] Hardware name: QEMU Standard PC (i440FX + PIIX, 1996), BIOS rel-1.16.0-0-gd239552ce722-prebuilt.qemu.org 04/01/2014
[   30.736260] RIP: 0010:__iopt_area_unfill_domain+0x54f/0x560
[   30.736716] Code: e8 86 9e 2b ff 85 db 0f 85 35 fb ff ff e8 09 9d 2b ff 0f 0b e9 29 fb ff ff e8 fd 9c 2b ff 0f 0b e9 69 fe ff ff e8 f1 9c 2b ff <0f> 0b e9 58 ff ff ff e8 65 2d dc 00 0f 1f 44 00 00 0f 1f 44 00 00
[   30.738013] RSP: 0018:ffffc90000f63ae0 EFLAGS: 00010246
[   30.738384] RAX: 0000000000000000 RBX: 00000000ffffffff RCX: ffffffff81fe0d26
[   30.738920] RDX: 0000000000000000 RSI: ffff8880135dd300 RDI: 0000000000000002
[   30.739424] RBP: ffffc90000f63d10 R08: 000000000003b5c5 R09: 0000000000000002
[   30.739955] R10: 000000000003b5a0 R11: 0000000000000024 R12: 00000000000007ff
[   30.740445] R13: 0000000000000801 R14: 00000000000007ff R15: 0000000000000800
[   30.740977] FS:  00007f3777af9740(0000) GS:ffff88807dd00000(0000) knlGS:0000000000000000
[   30.741551] CS:  0010 DS: 0000 ES: 0000 CR0: 0000000080050033
[   30.741959] CR2: 00007f3777c1e580 CR3: 000000000c99c002 CR4: 0000000000770ee0
[   30.742512] PKRU: 55555554
[   30.742719] Call Trace:
[   30.742903]  <TASK>
[   30.743101]  ? __this_cpu_preempt_check+0x20/0x30
[   30.743488]  ? lock_is_held_type+0xe6/0x140
[   30.743808]  ? rcu_read_lock_sched_held+0x57/0x80
[   30.744159]  ? __mutex_lock+0x13a/0xf30
[   30.744477]  ? write_comp_data+0x2f/0x90
[   30.744794]  ? __sanitizer_cov_trace_pc+0x25/0x60
[   30.745146]  iopt_area_unfill_domain+0x32/0x40
[   30.745506]  iopt_table_remove_domain+0x23f/0x4c0
[   30.745855]  iommufd_device_selftest_detach+0x3a/0x90
[   30.746230]  iommufd_selftest_destroy+0x55/0x70
[   30.746608]  iommufd_object_destroy_user+0xce/0x130
[   30.746970]  iommufd_destroy+0xa2/0xc0
[   30.747257]  iommufd_fops_ioctl+0x1ef/0x310
[   30.747607]  ? __sanitizer_cov_trace_pc+0x25/0x60
[   30.747953]  ? write_comp_data+0x2f/0x90
[   30.748248]  __x64_sys_ioctl+0x10e/0x160
[   30.748548]  ? iommufd_get_object.part.6+0x1c0/0x1c0
[   30.748958]  do_syscall_64+0x3b/0x90
[   30.749229]  entry_SYSCALL_64_after_hwframe+0x63/0xcd
[   30.749595] RIP: 0033:0x7f3777c1e59d
[   30.749890] Code: 00 c3 66 2e 0f 1f 84 00 00 00 00 00 90 f3 0f 1e fa 48 89 f8 48 89 f7 48 89 d6 48 89 ca 4d 89 c2 4d 89 c8 4c 8b 4c 24 08 0f 05 <48> 3d 01 f0 ff ff 73 01 c3 48 8b 0d d3 08 0d 00 f7 d8 64 89 01 48
[   30.751192] RSP: 002b:00007ffd0d727918 EFLAGS: 00000213 ORIG_RAX: 0000000000000010
[   30.751733] RAX: ffffffffffffffda RBX: 0000000000000000 RCX: 00007f3777c1e59d
[   30.752261] RDX: 0000000020000140 RSI: 0000000000003b80 RDI: 0000000000000003
[   30.752789] RBP: 00007ffd0d727930 R08: 00007ffd0d727930 R09: 00007ffd0d727930
[   30.753491] R10: 00007ffd0d727930 R11: 0000000000000213 R12: 0000000000401180
[   30.753984] R13: 00007ffd0d727a50 R14: 0000000000000000 R15: 0000000000000000
[   30.754542]  </TASK>
[   30.754708] irq event stamp: 15255
[   30.754963] hardirqs last  enabled at (15263): [<ffffffff811b7f21>] __up_console_sem+0x91/0xb0
[   30.755596] hardirqs last disabled at (15270): [<ffffffff811b7f06>] __up_console_sem+0x76/0xb0
[   30.756228] softirqs last  enabled at (15228): [<ffffffff83000329>] __do_softirq+0x329/0x490
[   30.756865] softirqs last disabled at (15287): [<ffffffff81111082>] irq_exit_rcu+0xd2/0x100
[   30.757485] ---[ end trace 0000000000000000 ]---
[   30.762024] ------------[ cut here ]------------
[   30.762383] WARNING: CPU: 1 PID: 587 at drivers/iommu/iommufd/pages.c:178 batch_unpin.isra.23+0x151/0x1a0
[   30.763099] Modules linked in:
[   30.763336] CPU: 1 PID: 587 Comm: repro Tainted: G        W          6.1.0-a0a6c76cf2a5+ #1
[   30.763956] Hardware name: QEMU Standard PC (i440FX + PIIX, 1996), BIOS rel-1.16.0-0-gd239552ce722-prebuilt.qemu.org 04/01/2014
[   30.764781] RIP: 0010:batch_unpin.isra.23+0x151/0x1a0
[   30.765190] Code: e8 c4 be 2b ff 48 8b 45 d0 48 85 c0 75 17 e8 26 bd 2b ff 48 8b 7d c8 48 89 de e8 fa bd 2b ff 48 39 5d c8 73 07 e8 0f bd 2b ff <0f> 0b e8 08 bd 2b ff 4d 29 e5 31 ff 41 83 c6 01 4c 89 ee 31 db e8
[   30.766487] RSP: 0018:ffffc90000f639d8 EFLAGS: 00010246
[   30.766911] RAX: 0000000000000000 RBX: ffffffffffffffff RCX: ffffffff81fded8c
[   30.767557] RDX: 0000000000000000 RSI: ffff8880135dd300 RDI: 0000000000000002
[   30.768063] RBP: ffffc90000f63a20 R08: 0000000000000000 R09: ffff88807dd3b890
[   30.768685] R10: 0000000000000eee R11: 0000000000000000 R12: 0000000000000001
[   30.769184] R13: 0000000000000001 R14: 0000000000000000 R15: ffff888005ec9c00
[   30.769708] FS:  0000000000000000(0000) GS:ffff88807dd00000(0000) knlGS:0000000000000000
[   30.770401] CS:  0010 DS: 0000 ES: 0000 CR0: 0000000080050033
[   30.770833] CR2: 00007f3777cf0500 CR3: 0000000003c12005 CR4: 0000000000770ee0
[   30.771339] PKRU: 55555554
[   30.771571] Call Trace:
[   30.771756]  <TASK>
[   30.771937]  iopt_pages_unfill_xarray+0x39f/0x5c0
[   30.772421]  ? write_comp_data+0x2f/0x90
[   30.772758]  ? __sanitizer_cov_trace_pc+0x25/0x60
[   30.773102]  ? write_comp_data+0x2f/0x90
[   30.773400]  ? __sanitizer_cov_trace_pc+0x25/0x60
[   30.773798]  ? interval_tree_remove+0x291/0x4e0
[   30.774203]  ? write_comp_data+0x2f/0x90
[   30.774511]  iopt_area_remove_access+0x108/0x120
[   30.774883]  iommufd_access_unpin_pages+0x177/0x210
[   30.775267]  iommufd_test_access_unmap+0xe0/0x130
[   30.775620]  ? iommufd_test_access_unmap+0x130/0x130
[   30.776012]  iommufd_test_staccess_release+0x39/0x60
[   30.776379]  __fput+0x11f/0x450
[   30.776676]  ____fput+0x1e/0x30
[   30.777036]  task_work_run+0xb6/0x120
[   30.777322]  do_exit+0x521/0x1340
[   30.777575]  ? lockdep_hardirqs_on+0x8a/0x110
[   30.777898]  ? trace_hardirqs_on+0x3f/0x100
[   30.778255]  do_group_exit+0x5e/0xf0
[   30.778544]  __x64_sys_exit_group+0x25/0x30
[   30.778864]  do_syscall_64+0x3b/0x90
[   30.779169]  entry_SYSCALL_64_after_hwframe+0x63/0xcd
[   30.779551] RIP: 0033:0x7f3777be6cf6
[   30.779827] Code: Unable to access opcode bytes at 0x7f3777be6ccc.
[   30.780428] RSP: 002b:00007ffd0d7278d8 EFLAGS: 00000246 ORIG_RAX: 00000000000000e7
[   30.780999] RAX: ffffffffffffffda RBX: 00007f3777cf1490 RCX: 00007f3777be6cf6
[   30.781536] RDX: 0000000000000000 RSI: 000000000000003c RDI: 0000000000000000
[   30.782042] RBP: 0000000000000000 R08: 00000000000000e7 R09: ffffffffffffff80
[   30.782593] R10: 0000000000000004 R11: 0000000000000246 R12: 00007f3777cf1490
[   30.783098] R13: 0000000000000001 R14: 00007f3777cf4e88 R15: 0000000000000000
[   30.783762]  </TASK>
[   30.783933] irq event stamp: 21199
[   30.784183] hardirqs last  enabled at (21207): [<ffffffff811b7f21>] __up_console_sem+0x91/0xb0
[   30.784844] hardirqs last disabled at (21216): [<ffffffff811b7f06>] __up_console_sem+0x76/0xb0
[   30.785462] softirqs last  enabled at (20872): [<ffffffff83000329>] __do_softirq+0x329/0x490
[   30.786104] softirqs last disabled at (20867): [<ffffffff81111082>] irq_exit_rcu+0xd2/0x100
[   30.786832] ---[ end trace 0000000000000000 ]---
[   30.787276] ------------[ cut here ]------------
[   30.787614] WARNING: CPU: 1 PID: 587 at drivers/iommu/iommufd/pages.c:886 update_unpinned+0x75/0x80
[   30.788295] Modules linked in:
[   30.788530] CPU: 1 PID: 587 Comm: repro Tainted: G        W          6.1.0-a0a6c76cf2a5+ #1
[   30.789173] Hardware name: QEMU Standard PC (i440FX + PIIX, 1996), BIOS rel-1.16.0-0-gd239552ce722-prebuilt.qemu.org 04/01/2014
[   30.790127] RIP: 0010:update_unpinned+0x75/0x80
[   30.790481] Code: ac 2b ff 48 89 de 31 c9 31 d2 4c 29 e6 4c 89 ef e8 70 fb ff ff e8 bb ac 2b ff 5b 41 5c 41 5d 5d c3 cc cc cc cc e8 ab ac 2b ff <0f> 0b eb e7 0f 1f 80 00 00 00 00 0f 1f 44 00 00 55 48 89 e5 41 57
[   30.791824] RSP: 0018:ffffc90000f63a08 EFLAGS: 00010246
[   30.792245] RAX: 0000000000000000 RBX: 0000000000000000 RCX: ffffffff81fdfdcf
[   30.792771] RDX: 0000000000000000 RSI: ffff8880135dd300 RDI: 0000000000000002
[   30.793347] RBP: ffffc90000f63a20 R08: 0000000000000000 R09: ffff88807dd3b890
[   30.793935] R10: 0000000000000eee R11: 0000000000000000 R12: ffffffffffffffff
[   30.794484] R13: ffff888005ec9c00 R14: 0000000000000002 R15: 0000000000000002
[   30.795003] FS:  0000000000000000(0000) GS:ffff88807dd00000(0000) knlGS:0000000000000000
[   30.795615] CS:  0010 DS: 0000 ES: 0000 CR0: 0000000080050033
[   30.796185] CR2: 00007f3777cf0500 CR3: 0000000003c12005 CR4: 0000000000770ee0
[   30.796756] PKRU: 55555554
[   30.796969] Call Trace:
[   30.797162]  <TASK>
[   30.797327]  iopt_pages_unfill_xarray+0x522/0x5c0
[   30.797749]  ? write_comp_data+0x2f/0x90
[   30.798058]  ? __sanitizer_cov_trace_pc+0x25/0x60
[   30.798416]  ? write_comp_data+0x2f/0x90
[   30.798754]  ? __sanitizer_cov_trace_pc+0x25/0x60
[   30.799174]  ? interval_tree_remove+0x291/0x4e0
[   30.799597]  ? write_comp_data+0x2f/0x90
[   30.799934]  iopt_area_remove_access+0x108/0x120
[   30.800295]  iommufd_access_unpin_pages+0x177/0x210
[   30.800706]  iommufd_test_access_unmap+0xe0/0x130
[   30.801104]  ? iommufd_test_access_unmap+0x130/0x130
[   30.801486]  iommufd_test_staccess_release+0x39/0x60
[   30.801860]  __fput+0x11f/0x450
[   30.802150]  ____fput+0x1e/0x30
[   30.802402]  task_work_run+0xb6/0x120
[   30.802714]  do_exit+0x521/0x1340
[   30.803061]  ? lockdep_hardirqs_on+0x8a/0x110
[   30.803427]  ? trace_hardirqs_on+0x3f/0x100
[   30.803757]  do_group_exit+0x5e/0xf0
[   30.804036]  __x64_sys_exit_group+0x25/0x30
[   30.804399]  do_syscall_64+0x3b/0x90
[   30.804731]  entry_SYSCALL_64_after_hwframe+0x63/0xcd
[   30.805167] RIP: 0033:0x7f3777be6cf6
[   30.805481] Code: Unable to access opcode bytes at 0x7f3777be6ccc.
[   30.805924] RSP: 002b:00007ffd0d7278d8 EFLAGS: 00000246 ORIG_RAX: 00000000000000e7
[   30.806509] RAX: ffffffffffffffda RBX: 00007f3777cf1490 RCX: 00007f3777be6cf6
[   30.807024] RDX: 0000000000000000 RSI: 000000000000003c RDI: 0000000000000000
[   30.807566] RBP: 0000000000000000 R08: 00000000000000e7 R09: ffffffffffffff80
[   30.808092] R10: 0000000000000004 R11: 0000000000000246 R12: 00007f3777cf1490
[   30.808785] R13: 0000000000000001 R14: 00007f3777cf4e88 R15: 0000000000000000
[   30.809315]  </TASK>
[   30.809491] irq event stamp: 21691
[   30.809789] hardirqs last  enabled at (21699): [<ffffffff811b7f21>] __up_console_sem+0x91/0xb0
[   30.810417] hardirqs last disabled at (21706): [<ffffffff811b7f06>] __up_console_sem+0x76/0xb0
[   30.811103] softirqs last  enabled at (21600): [<ffffffff83000329>] __do_softirq+0x329/0x490
[   30.811790] softirqs last disabled at (21591): [<ffffffff81111082>] irq_exit_rcu+0xd2/0x100
[   30.812424] ---[ end trace 0000000000000000 ]---
[   30.813078] ------------[ cut here ]------------
[   30.813433] WARNING: CPU: 1 PID: 587 at drivers/iommu/iommufd/pages.c:1181 iopt_release_pages+0x159/0x190
[   30.814201] Modules linked in:
[   30.814468] CPU: 1 PID: 587 Comm: repro Tainted: G        W          6.1.0-a0a6c76cf2a5+ #1
[   30.815074] Hardware name: QEMU Standard PC (i440FX + PIIX, 1996), BIOS rel-1.16.0-0-gd239552ce722-prebuilt.qemu.org 04/01/2014
[   30.815922] RIP: 0010:iopt_release_pages+0x159/0x190
[   30.816435] Code: b5 11 ff eb cb e8 87 90 2b ff be 03 00 00 00 4c 89 f7 e8 6a 8b ce ff eb b7 e8 73 90 2b ff 0f 0b e9 ed fe ff ff e8 67 90 2b ff <0f> 0b e9 00 ff ff ff e8 5b 90 2b ff 0f 0b e9 07 ff ff ff e8 4f 90
[   30.817806] RSP: 0018:ffffc90000f63c88 EFLAGS: 00010246
[   30.818195] RAX: 0000000000000000 RBX: ffff888005ec9c00 RCX: ffffffff81fe1957
[   30.818763] RDX: 0000000000000000 RSI: ffff8880135dd300 RDI: 0000000000000002
[   30.819359] RBP: ffffc90000f63ca8 R08: 000000000000001c R09: 0000000000000001
[   30.819905] R10: ffff8880135de098 R11: 0000000000000000 R12: ffffffffffffffff
[   30.820423] R13: 0000000001000000 R14: 00000000017fffff R15: 0000000000000000
[   30.821010] FS:  0000000000000000(0000) GS:ffff88807dd00000(0000) knlGS:0000000000000000
[   30.821658] CS:  0010 DS: 0000 ES: 0000 CR0: 0000000080050033
[   30.822111] CR2: 00007f3777cf0500 CR3: 000000000d54a004 CR4: 0000000000770ee0
[   30.822642] PKRU: 55555554
[   30.822876] Call Trace:
[   30.823068]  <TASK>
[   30.823244]  iopt_unmap_iova_range+0x1ef/0x2e0
[   30.823592]  iopt_unmap_all+0x2f/0x60
[   30.824052]  iommufd_ioas_destroy+0x2c/0x70
[   30.824374]  iommufd_fops_release+0xd4/0x170
[   30.824729]  ? iommufd_ctx_get+0x30/0x30
[   30.825068]  __fput+0x11f/0x450
[   30.825328]  ____fput+0x1e/0x30
[   30.825579]  task_work_run+0xb6/0x120
[   30.825878]  do_exit+0x521/0x1340
[   30.826162]  ? lockdep_hardirqs_on+0x8a/0x110
[   30.826535]  ? trace_hardirqs_on+0x3f/0x100
[   30.826872]  do_group_exit+0x5e/0xf0
[   30.827189]  __x64_sys_exit_group+0x25/0x30
[   30.827509]  do_syscall_64+0x3b/0x90
[   30.827800]  entry_SYSCALL_64_after_hwframe+0x63/0xcd
[   30.828305] RIP: 0033:0x7f3777be6cf6
[   30.828579] Code: Unable to access opcode bytes at 0x7f3777be6ccc.
[   30.829054] RSP: 002b:00007ffd0d7278d8 EFLAGS: 00000246 ORIG_RAX: 00000000000000e7
[   30.829641] RAX: ffffffffffffffda RBX: 00007f3777cf1490 RCX: 00007f3777be6cf6
[   30.830154] RDX: 0000000000000000 RSI: 000000000000003c RDI: 0000000000000000
[   30.830706] RBP: 0000000000000000 R08: 00000000000000e7 R09: ffffffffffffff80
[   30.831313] R10: 0000000000000004 R11: 0000000000000246 R12: 00007f3777cf1490
[   30.831862] R13: 0000000000000001 R14: 00007f3777cf4e88 R15: 0000000000000000
[   30.832404]  </TASK>
[   30.832586] irq event stamp: 22165
[   30.832890] hardirqs last  enabled at (22175): [<ffffffff811b7f21>] __up_console_sem+0x91/0xb0
[   30.833531] hardirqs last disabled at (22182): [<ffffffff811b7f06>] __up_console_sem+0x76/0xb0
[   30.834227] softirqs last  enabled at (22100): [<ffffffff83000329>] __do_softirq+0x329/0x490
[   30.834969] softirqs last disabled at (22093): [<ffffffff81111082>] irq_exit_rcu+0xd2/0x100
[   30.835573] ---[ end trace 0000000000000000 ]---
[   31.144867] ------------[ cut here ]------------
[   31.145239] WARNING: CPU: 0 PID: 595 at drivers/iommu/iommufd/pages.c:294 __iopt_area_unfill_domain+0x152/0x560
[   31.145992] Modules linked in:
[   31.146221] CPU: 0 PID: 595 Comm: repro Tainted: G        W          6.1.0-a0a6c76cf2a5+ #1
[   31.146860] Hardware name: QEMU Standard PC (i440FX + PIIX, 1996), BIOS rel-1.16.0-0-gd239552ce722-prebuilt.qemu.org 04/01/2014
[   31.147651] RIP: 0010:__iopt_area_unfill_domain+0x152/0x560
[   31.148081] Code: a1 2b ff 44 8b 64 24 54 48 8b 44 24 48 31 ff 44 89 e6 48 89 44 24 38 e8 6c a2 2b ff 45 85 e4 0f 85 eb 01 00 00 e8 ee a0 2b ff <0f> 0b e8 e7 a0 2b ff 48 8b 44 24 38 89 5c 24 58 89 18 8b 44 24 54
[   31.149411] RSP: 0018:ffffc9000103bae0 EFLAGS: 00010246
[   31.149790] RAX: 0000000000000000 RBX: 00000000ffffffff RCX: ffffffff81fe0bd5
[   31.150321] RDX: 0000000000000000 RSI: ffff8880135da980 RDI: 0000000000000002
[   31.150831] RBP: ffffc9000103bd10 R08: 000000000003b5c5 R09: 000000000000000b
[   31.151355] R10: 000000000003b5a0 R11: 0000000000000024 R12: 00000000000000a5
[   31.151849] R13: 0000000000000801 R14: 00000000000007ff R15: 0000000000000800
[   31.152619] FS:  00007f3777af9740(0000) GS:ffff88807dc00000(0000) knlGS:0000000000000000
[   31.153241] CS:  0010 DS: 0000 ES: 0000 CR0: 0000000080050033
[   31.153649] CR2: 00007f3777c1e580 CR3: 0000000009d60003 CR4: 0000000000770ef0
[   31.154149] PKRU: 55555554
[   31.154379] Call Trace:
[   31.154575]  <TASK>
[   31.154775]  ? __this_cpu_preempt_check+0x20/0x30
[   31.155128]  ? lock_is_held_type+0xe6/0x140
[   31.155484]  ? rcu_read_lock_sched_held+0x57/0x80
[   31.155834]  ? __mutex_lock+0x13a/0xf30
[   31.156126]  ? write_comp_data+0x2f/0x90
[   31.156446]  ? __sanitizer_cov_trace_pc+0x25/0x60
[   31.156830]  iopt_area_unfill_domain+0x32/0x40
[   31.157164]  iopt_table_remove_domain+0x23f/0x4c0
[   31.157539]  iommufd_device_selftest_detach+0x3a/0x90
[   31.157927]  iommufd_selftest_destroy+0x55/0x70
[   31.158261]  iommufd_object_destroy_user+0xce/0x130
[   31.158651]  iommufd_destroy+0xa2/0xc0
[   31.158944]  iommufd_fops_ioctl+0x1ef/0x310
[   31.159259]  ? __sanitizer_cov_trace_pc+0x25/0x60
[   31.159602]  ? write_comp_data+0x2f/0x90
[   31.159920]  __x64_sys_ioctl+0x10e/0x160
[   31.160210]  ? iommufd_get_object.part.6+0x1c0/0x1c0
[   31.160565]  do_syscall_64+0x3b/0x90
[   31.160882]  entry_SYSCALL_64_after_hwframe+0x63/0xcd
[   31.161273] RIP: 0033:0x7f3777c1e59d
[   31.161540] Code: 00 c3 66 2e 0f 1f 84 00 00 00 00 00 90 f3 0f 1e fa 48 89 f8 48 89 f7 48 89 d6 48 89 ca 4d 89 c2 4d 89 c8 4c 8b 4c 24 08 0f 05 <48> 3d 01 f0 ff ff 73 01 c3 48 8b 0d d3 08 0d 00 f7 d8 64 89 01 48
[   31.162892] RSP: 002b:00007ffd0d727918 EFLAGS: 00000213 ORIG_RAX: 0000000000000010
[   31.163453] RAX: ffffffffffffffda RBX: 0000000000000000 RCX: 00007f3777c1e59d
[   31.163964] RDX: 0000000020000140 RSI: 0000000000003b80 RDI: 0000000000000003
[   31.164510] RBP: 00007ffd0d727930 R08: 00007ffd0d727930 R09: 00007ffd0d727930
[   31.165045] R10: 00007ffd0d727930 R11: 0000000000000213 R12: 0000000000401180
[   31.165579] R13: 00007ffd0d727a50 R14: 0000000000000000 R15: 0000000000000000
[   31.166106]  </TASK>
[   31.166309] irq event stamp: 14779
[   31.166573] hardirqs last  enabled at (14787): [<ffffffff811b7f21>] __up_console_sem+0x91/0xb0
[   31.167211] hardirqs last disabled at (14794): [<ffffffff811b7f06>] __up_console_sem+0x76/0xb0
[   31.167854] softirqs last  enabled at (14490): [<ffffffff83000329>] __do_softirq+0x329/0x490
[   31.168484] softirqs last disabled at (14479): [<ffffffff81111082>] irq_exit_rcu+0xd2/0x100
[   31.169118] ---[ end trace 0000000000000000 ]---
[   31.169593] ------------[ cut here ]------------
[   31.169933] WARNING: CPU: 0 PID: 595 at drivers/iommu/iommufd/pages.c:1290 __iopt_area_unfill_domain+0x54f/0x560
[   31.170696] Modules linked in:
[   31.170931] CPU: 0 PID: 595 Comm: repro Tainted: G        W          6.1.0-a0a6c76cf2a5+ #1
[   31.171547] Hardware name: QEMU Standard PC (i440FX + PIIX, 1996), BIOS rel-1.16.0-0-gd239552ce722-prebuilt.qemu.org 04/01/2014
[   31.172385] RIP: 0010:__iopt_area_unfill_domain+0x54f/0x560
[   31.172857] Code: e8 86 9e 2b ff 85 db 0f 85 35 fb ff ff e8 09 9d 2b ff 0f 0b e9 29 fb ff ff e8 fd 9c 2b ff 0f 0b e9 69 fe ff ff e8 f1 9c 2b ff <0f> 0b e9 58 ff ff ff e8 65 2d dc 00 0f 1f 44 00 00 0f 1f 44 00 00
[   31.174226] RSP: 0018:ffffc9000103bae0 EFLAGS: 00010246
[   31.174627] RAX: 0000000000000000 RBX: 00000000ffffffff RCX: ffffffff81fe0d26
[   31.175169] RDX: 0000000000000000 RSI: ffff8880135da980 RDI: 0000000000000002
[   31.175701] RBP: ffffc9000103bd10 R08: 000000000003b5c5 R09: 000000000000000b
[   31.176240] R10: 000000000003b5a0 R11: 0000000000000024 R12: 00000000000007ff
[   31.176802] R13: 0000000000000801 R14: 00000000000007ff R15: 0000000000000800
[   31.177359] FS:  00007f3777af9740(0000) GS:ffff88807dc00000(0000) knlGS:0000000000000000
[   31.177939] CS:  0010 DS: 0000 ES: 0000 CR0: 0000000080050033
[   31.178389] CR2: 00007f3777c1e580 CR3: 0000000009d60003 CR4: 0000000000770ef0
[   31.178921] PKRU: 55555554
[   31.179134] Call Trace:
[   31.179334]  <TASK>
[   31.179553]  ? __this_cpu_preempt_check+0x20/0x30
[   31.179917]  ? lock_is_held_type+0xe6/0x140
[   31.180246]  ? rcu_read_lock_sched_held+0x57/0x80
[   31.180634]  ? __mutex_lock+0x13a/0xf30
[   31.180969]  ? write_comp_data+0x2f/0x90
[   31.181274]  ? __sanitizer_cov_trace_pc+0x25/0x60
[   31.181670]  iopt_area_unfill_domain+0x32/0x40
[   31.182017]  iopt_table_remove_domain+0x23f/0x4c0
[   31.182372]  iommufd_device_selftest_detach+0x3a/0x90
[   31.182791]  iommufd_selftest_destroy+0x55/0x70
[   31.183160]  iommufd_object_destroy_user+0xce/0x130
[   31.183540]  iommufd_destroy+0xa2/0xc0
[   31.183859]  iommufd_fops_ioctl+0x1ef/0x310
[   31.184182]  ? __sanitizer_cov_trace_pc+0x25/0x60
[   31.184535]  ? write_comp_data+0x2f/0x90
[   31.184904]  __x64_sys_ioctl+0x10e/0x160
[   31.185211]  ? iommufd_get_object.part.6+0x1c0/0x1c0
[   31.185578]  do_syscall_64+0x3b/0x90
[   31.185855]  entry_SYSCALL_64_after_hwframe+0x63/0xcd
[   31.186255] RIP: 0033:0x7f3777c1e59d
[   31.186534] Code: 00 c3 66 2e 0f 1f 84 00 00 00 00 00 90 f3 0f 1e fa 48 89 f8 48 89 f7 48 89 d6 48 89 ca 4d 89 c2 4d 89 c8 4c 8b 4c 24 08 0f 05 <48> 3d 01 f0 ff ff 73 01 c3 48 8b 0d d3 08 0d 00 f7 d8 64 89 01 48
[   31.187869] RSP: 002b:00007ffd0d727918 EFLAGS: 00000213 ORIG_RAX: 0000000000000010
[   31.188434] RAX: ffffffffffffffda RBX: 0000000000000000 RCX: 00007f3777c1e59d
[   31.188965] RDX: 0000000020000140 RSI: 0000000000003b80 RDI: 0000000000000003
[   31.189498] RBP: 00007ffd0d727930 R08: 00007ffd0d727930 R09: 00007ffd0d727930
[   31.190004] R10: 00007ffd0d727930 R11: 0000000000000213 R12: 0000000000401180
[   31.190553] R13: 00007ffd0d727a50 R14: 0000000000000000 R15: 0000000000000000
[   31.191091]  </TASK>
[   31.191271] irq event stamp: 15267
[   31.191559] hardirqs last  enabled at (15275): [<ffffffff811b7f21>] __up_console_sem+0x91/0xb0
[   31.192182] hardirqs last disabled at (15282): [<ffffffff811b7f06>] __up_console_sem+0x76/0xb0
[   31.192864] softirqs last  enabled at (15152): [<ffffffff83000329>] __do_softirq+0x329/0x490
[   31.193465] softirqs last disabled at (15135): [<ffffffff81111082>] irq_exit_rcu+0xd2/0x100
[   31.194130] ---[ end trace 0000000000000000 ]---
[   31.198845] ------------[ cut here ]------------
[   31.199243] WARNING: CPU: 0 PID: 595 at drivers/iommu/iommufd/pages.c:178 batch_unpin.isra.23+0x151/0x1a0
[   31.199945] Modules linked in:
[   31.200209] CPU: 0 PID: 595 Comm: repro Tainted: G        W          6.1.0-a0a6c76cf2a5+ #1
[   31.200839] Hardware name: QEMU Standard PC (i440FX + PIIX, 1996), BIOS rel-1.16.0-0-gd239552ce722-prebuilt.qemu.org 04/01/2014
[   31.201679] RIP: 0010:batch_unpin.isra.23+0x151/0x1a0
[   31.202060] Code: e8 c4 be 2b ff 48 8b 45 d0 48 85 c0 75 17 e8 26 bd 2b ff 48 8b 7d c8 48 89 de e8 fa bd 2b ff 48 39 5d c8 73 07 e8 0f bd 2b ff <0f> 0b e8 08 bd 2b ff 4d 29 e5 31 ff 41 83 c6 01 4c 89 ee 31 db e8
[   31.203475] RSP: 0018:ffffc9000103b9d8 EFLAGS: 00010246
[   31.203877] RAX: 0000000000000000 RBX: ffffffffffffffff RCX: ffffffff81fded8c
[   31.204396] RDX: 0000000000000000 RSI: ffff8880135da980 RDI: 0000000000000002
[   31.204955] RBP: ffffc9000103ba20 R08: 0000000000000000 R09: ffff88807dc3b890
[   31.205472] R10: 0000000000000ea6 R11: 0000000000000000 R12: 0000000000000001
[   31.206014] R13: 0000000000000001 R14: 0000000000000000 R15: ffff888009f85000
[   31.206542] FS:  0000000000000000(0000) GS:ffff88807dc00000(0000) knlGS:0000000000000000
[   31.207153] CS:  0010 DS: 0000 ES: 0000 CR0: 0000000080050033
[   31.207574] CR2: 00007f3777cf0500 CR3: 0000000003c12004 CR4: 0000000000770ef0
[   31.208128] PKRU: 55555554
[   31.208334] Call Trace:
[   31.208526]  <TASK>
[   31.208722]  iopt_pages_unfill_xarray+0x39f/0x5c0
[   31.209146]  ? write_comp_data+0x2f/0x90
[   31.209460]  ? __sanitizer_cov_trace_pc+0x25/0x60
[   31.209834]  ? write_comp_data+0x2f/0x90
[   31.210174]  ? __sanitizer_cov_trace_pc+0x25/0x60
[   31.210540]  ? interval_tree_remove+0x291/0x4e0
[   31.210885]  ? write_comp_data+0x2f/0x90
[   31.211225]  iopt_area_remove_access+0x108/0x120
[   31.211591]  iommufd_access_unpin_pages+0x177/0x210
[   31.211973]  iommufd_test_access_unmap+0xe0/0x130
[   31.212358]  ? iommufd_test_access_unmap+0x130/0x130
[   31.212757]  iommufd_test_staccess_release+0x39/0x60
[   31.213134]  __fput+0x11f/0x450
[   31.213421]  ____fput+0x1e/0x30
[   31.213673]  task_work_run+0xb6/0x120
[   31.213967]  do_exit+0x521/0x1340
[   31.214223]  ? lockdep_hardirqs_on+0x8a/0x110
[   31.214601]  ? trace_hardirqs_on+0x3f/0x100
[   31.214941]  do_group_exit+0x5e/0xf0
[   31.215230]  __x64_sys_exit_group+0x25/0x30
[   31.215579]  do_syscall_64+0x3b/0x90
[   31.215853]  entry_SYSCALL_64_after_hwframe+0x63/0xcd
[   31.216227] RIP: 0033:0x7f3777be6cf6
[   31.216528] Code: Unable to access opcode bytes at 0x7f3777be6ccc.
[   31.216990] RSP: 002b:00007ffd0d7278d8 EFLAGS: 00000246 ORIG_RAX: 00000000000000e7
[   31.217553] RAX: ffffffffffffffda RBX: 00007f3777cf1490 RCX: 00007f3777be6cf6
[   31.218086] RDX: 0000000000000000 RSI: 000000000000003c RDI: 0000000000000000
[   31.218636] RBP: 0000000000000000 R08: 00000000000000e7 R09: ffffffffffffff80
[   31.219166] R10: 0000000000000004 R11: 0000000000000246 R12: 00007f3777cf1490
[   31.219684] R13: 0000000000000001 R14: 00007f3777cf4e88 R15: 0000000000000000
[   31.220243]  </TASK>
[   31.220416] irq event stamp: 21187
[   31.220689] hardirqs last  enabled at (21197): [<ffffffff811b7f21>] __up_console_sem+0x91/0xb0
[   31.221338] hardirqs last disabled at (21204): [<ffffffff811b7f06>] __up_console_sem+0x76/0xb0
[   31.221996] softirqs last  enabled at (20852): [<ffffffff83000329>] __do_softirq+0x329/0x490
[   31.222612] softirqs last disabled at (20847): [<ffffffff81111082>] irq_exit_rcu+0xd2/0x100
[   31.223261] ---[ end trace 0000000000000000 ]---
[   31.223714] ------------[ cut here ]------------
[   31.224050] WARNING: CPU: 0 PID: 595 at drivers/iommu/iommufd/pages.c:886 update_unpinned+0x75/0x80
[   31.224753] Modules linked in:
[   31.224989] CPU: 0 PID: 595 Comm: repro Tainted: G        W          6.1.0-a0a6c76cf2a5+ #1
[   31.225610] Hardware name: QEMU Standard PC (i440FX + PIIX, 1996), BIOS rel-1.16.0-0-gd239552ce722-prebuilt.qemu.org 04/01/2014
[   31.226442] RIP: 0010:update_unpinned+0x75/0x80
[   31.226796] Code: ac 2b ff 48 89 de 31 c9 31 d2 4c 29 e6 4c 89 ef e8 70 fb ff ff e8 bb ac 2b ff 5b 41 5c 41 5d 5d c3 cc cc cc cc e8 ab ac 2b ff <0f> 0b eb e7 0f 1f 80 00 00 00 00 0f 1f 44 00 00 55 48 89 e5 41 57
[   31.228129] RSP: 0018:ffffc9000103ba08 EFLAGS: 00010246
[   31.228554] RAX: 0000000000000000 RBX: 0000000000000000 RCX: ffffffff81fdfdcf
[   31.229111] RDX: 0000000000000000 RSI: ffff8880135da980 RDI: 0000000000000002
[   31.229658] RBP: ffffc9000103ba20 R08: 0000000000000000 R09: ffff88807dc3b890
[   31.230171] R10: 0000000000000ea6 R11: 0000000000000000 R12: ffffffffffffffff
[   31.230722] R13: ffff888009f85000 R14: 0000000000000002 R15: 0000000000000002
[   31.231239] FS:  0000000000000000(0000) GS:ffff88807dc00000(0000) knlGS:0000000000000000
[   31.231860] CS:  0010 DS: 0000 ES: 0000 CR0: 0000000080050033
[   31.232286] CR2: 00007f3777cf0500 CR3: 0000000003c12004 CR4: 0000000000770ef0
[   31.232852] PKRU: 55555554
[   31.233063] Call Trace:
[   31.233250]  <TASK>
[   31.233421]  iopt_pages_unfill_xarray+0x522/0x5c0
[   31.233812]  ? write_comp_data+0x2f/0x90
[   31.234147]  ? __sanitizer_cov_trace_pc+0x25/0x60
[   31.234562]  ? write_comp_data+0x2f/0x90
[   31.234865]  ? __sanitizer_cov_trace_pc+0x25/0x60
[   31.235260]  ? interval_tree_remove+0x291/0x4e0
[   31.235612]  ? write_comp_data+0x2f/0x90
[   31.235922]  iopt_area_remove_access+0x108/0x120
[   31.236312]  iommufd_access_unpin_pages+0x177/0x210
[   31.236720]  iommufd_test_access_unmap+0xe0/0x130
[   31.237082]  ? iommufd_test_access_unmap+0x130/0x130
[   31.237493]  iommufd_test_staccess_release+0x39/0x60
[   31.237872]  __fput+0x11f/0x450
[   31.238132]  ____fput+0x1e/0x30
[   31.238412]  task_work_run+0xb6/0x120
[   31.238712]  do_exit+0x521/0x1340
[   31.238975]  ? lockdep_hardirqs_on+0x8a/0x110
[   31.239321]  ? trace_hardirqs_on+0x3f/0x100
[   31.239674]  do_group_exit+0x5e/0xf0
[   31.239954]  __x64_sys_exit_group+0x25/0x30
[   31.240269]  do_syscall_64+0x3b/0x90
[   31.240575]  entry_SYSCALL_64_after_hwframe+0x63/0xcd
[   31.240978] RIP: 0033:0x7f3777be6cf6
[   31.241255] Code: Unable to access opcode bytes at 0x7f3777be6ccc.
[   31.241728] RSP: 002b:00007ffd0d7278d8 EFLAGS: 00000246 ORIG_RAX: 00000000000000e7
[   31.242271] RAX: ffffffffffffffda RBX: 00007f3777cf1490 RCX: 00007f3777be6cf6
[   31.242813] RDX: 0000000000000000 RSI: 000000000000003c RDI: 0000000000000000
[   31.243343] RBP: 0000000000000000 R08: 00000000000000e7 R09: ffffffffffffff80
[   31.243881] R10: 0000000000000004 R11: 0000000000000246 R12: 00007f3777cf1490
[   31.244396] R13: 0000000000000001 R14: 00007f3777cf4e88 R15: 0000000000000000
[   31.244973]  </TASK>
[   31.245149] irq event stamp: 21679
[   31.245402] hardirqs last  enabled at (21687): [<ffffffff811b7f21>] __up_console_sem+0x91/0xb0
[   31.246056] hardirqs last disabled at (21694): [<ffffffff811b7f06>] __up_console_sem+0x76/0xb0
[   31.246696] softirqs last  enabled at (21334): [<ffffffff83000329>] __do_softirq+0x329/0x490
[   31.247345] softirqs last disabled at (21323): [<ffffffff81111082>] irq_exit_rcu+0xd2/0x100
[   31.247954] ---[ end trace 0000000000000000 ]---
[   31.248470] ------------[ cut here ]------------
[   31.248829] WARNING: CPU: 0 PID: 595 at drivers/iommu/iommufd/pages.c:1181 iopt_release_pages+0x159/0x190
[   31.249557] Modules linked in:
[   31.249792] CPU: 0 PID: 595 Comm: repro Tainted: G        W          6.1.0-a0a6c76cf2a5+ #1
[   31.250415] Hardware name: QEMU Standard PC (i440FX + PIIX, 1996), BIOS rel-1.16.0-0-gd239552ce722-prebuilt.qemu.org 04/01/2014
[   31.251229] RIP: 0010:iopt_release_pages+0x159/0x190
[   31.251627] Code: b5 11 ff eb cb e8 87 90 2b ff be 03 00 00 00 4c 89 f7 e8 6a 8b ce ff eb b7 e8 73 90 2b ff 0f 0b e9 ed fe ff ff e8 67 90 2b ff <0f> 0b e9 00 ff ff ff e8 5b 90 2b ff 0f 0b e9 07 ff ff ff e8 4f 90
[   31.252974] RSP: 0018:ffffc9000103bc88 EFLAGS: 00010246
[   31.253358] RAX: 0000000000000000 RBX: ffff888009f85000 RCX: ffffffff81fe1957
[   31.253896] RDX: 0000000000000000 RSI: ffff8880135da980 RDI: 0000000000000002
[   31.254423] RBP: ffffc9000103bca8 R08: 000000000000001c R09: 0000000000000001
[   31.254956] R10: ffff8880135db718 R11: 0000000000000000 R12: ffffffffffffffff
[   31.255478] R13: 0000000001000000 R14: 00000000017fffff R15: 0000000000000000
[   31.256026] FS:  0000000000000000(0000) GS:ffff88807dc00000(0000) knlGS:0000000000000000
[   31.256615] CS:  0010 DS: 0000 ES: 0000 CR0: 0000000080050033
[   31.257073] CR2: 00007f3777cf0500 CR3: 0000000003c12004 CR4: 0000000000770ef0
[   31.257588] PKRU: 55555554
[   31.257797] Call Trace:
[   31.258016]  <TASK>
[   31.258186]  iopt_unmap_iova_range+0x1ef/0x2e0
[   31.258563]  iopt_unmap_all+0x2f/0x60
[   31.258846]  iommufd_ioas_destroy+0x2c/0x70
[   31.259194]  iommufd_fops_release+0xd4/0x170
[   31.259538]  ? iommufd_ctx_get+0x30/0x30
[   31.259844]  __fput+0x11f/0x450
[   31.260129]  ____fput+0x1e/0x30
[   31.260379]  task_work_run+0xb6/0x120
[   31.260693]  do_exit+0x521/0x1340
[   31.260953]  ? lockdep_hardirqs_on+0x8a/0x110
[   31.261325]  ? trace_hardirqs_on+0x3f/0x100
[   31.261652]  do_group_exit+0x5e/0xf0
[   31.261939]  __x64_sys_exit_group+0x25/0x30
[   31.262272]  do_syscall_64+0x3b/0x90
[   31.262577]  entry_SYSCALL_64_after_hwframe+0x63/0xcd
[   31.262967] RIP: 0033:0x7f3777be6cf6
[   31.263247] Code: Unable to access opcode bytes at 0x7f3777be6ccc.
[   31.263729] RSP: 002b:00007ffd0d7278d8 EFLAGS: 00000246 ORIG_RAX: 00000000000000e7
[   31.264273] RAX: ffffffffffffffda RBX: 00007f3777cf1490 RCX: 00007f3777be6cf6
[   31.264831] RDX: 0000000000000000 RSI: 000000000000003c RDI: 0000000000000000
[   31.265340] RBP: 0000000000000000 R08: 00000000000000e7 R09: ffffffffffffff80
[   31.265882] R10: 0000000000000004 R11: 0000000000000246 R12: 00007f3777cf1490
[   31.266397] R13: 0000000000000001 R14: 00007f3777cf4e88 R15: 0000000000000000
[   31.266957]  </TASK>
[   31.267131] irq event stamp: 22133
[   31.267389] hardirqs last  enabled at (22141): [<ffffffff811b7f21>] __up_console_sem+0x91/0xb0
[   31.268056] hardirqs last disabled at (22148): [<ffffffff811b7f06>] __up_console_sem+0x76/0xb0
[   31.268708] softirqs last  enabled at (21334): [<ffffffff83000329>] __do_softirq+0x329/0x490
[   31.269353] softirqs last disabled at (21323): [<ffffffff81111082>] irq_exit_rcu+0xd2/0x100
[   31.269991] ---[ end trace 0000000000000000 ]---
[   31.874005] ------------[ cut here ]------------
[   31.874393] WARNING: CPU: 0 PID: 610 at drivers/iommu/iommufd/pages.c:178 batch_unpin.isra.23+0x151/0x1a0
[   31.875103] Modules linked in:
[   31.875334] CPU: 0 PID: 610 Comm: repro Tainted: G        W          6.1.0-a0a6c76cf2a5+ #1
[   31.875929] Hardware name: QEMU Standard PC (i440FX + PIIX, 1996), BIOS rel-1.16.0-0-gd239552ce722-prebuilt.qemu.org 04/01/2014
[   31.876759] RIP: 0010:batch_unpin.isra.23+0x151/0x1a0
[   31.877136] Code: e8 c4 be 2b ff 48 8b 45 d0 48 85 c0 75 17 e8 26 bd 2b ff 48 8b 7d c8 48 89 de e8 fa bd 2b ff 48 39 5d c8 73 07 e8 0f bd 2b ff <0f> 0b e8 08 bd 2b ff 4d 29 e5 31 ff 41 83 c6 01 4c 89 ee 31 db e8
[   31.878428] RSP: 0018:ffffc900010b3a88 EFLAGS: 00010246
[   31.878820] RAX: 0000000000000000 RBX: ffffffffffffffff RCX: ffffffff81fded8c
[   31.879354] RDX: 0000000000000000 RSI: ffff8880135d8000 RDI: 0000000000000002
[   31.879870] RBP: ffffc900010b3ad0 R08: 000000000003b5c5 R09: 000000000000000a
[   31.880380] R10: 000000000003b5a0 R11: 0000000000000024 R12: 0000000000000003
[   31.880908] R13: 0000000000000003 R14: 0000000000000212 R15: ffff888009f85400
[   31.881421] FS:  00007f3777af9740(0000) GS:ffff88807dc00000(0000) knlGS:0000000000000000
[   31.881996] CS:  0010 DS: 0000 ES: 0000 CR0: 0000000080050033
[   31.882422] CR2: 00007f3777c1e580 CR3: 0000000006460004 CR4: 0000000000770ef0
[   31.882944] PKRU: 55555554
[   31.883164] Call Trace:
[   31.883355]  <TASK>
[   31.883531]  __iopt_area_unfill_domain+0x257/0x560
[   31.883919]  ? __this_cpu_preempt_check+0x20/0x30
[   31.884311]  ? lock_is_held_type+0xe6/0x140
[   31.884631]  ? rcu_read_lock_sched_held+0x57/0x80
[   31.885001]  ? __mutex_lock+0x13a/0xf30
[   31.885303]  ? write_comp_data+0x2f/0x90
[   31.885609]  ? __sanitizer_cov_trace_pc+0x25/0x60
[   31.885999]  iopt_area_unfill_domain+0x32/0x40
[   31.886333]  iopt_table_remove_domain+0x23f/0x4c0
[   31.886692]  iommufd_device_selftest_detach+0x3a/0x90
[   31.887073]  iommufd_selftest_destroy+0x55/0x70
[   31.887418]  iommufd_object_destroy_user+0xce/0x130
[   31.887798]  iommufd_destroy+0xa2/0xc0
[   31.888084]  iommufd_fops_ioctl+0x1ef/0x310
[   31.888402]  ? __sanitizer_cov_trace_pc+0x25/0x60
[   31.888779]  ? write_comp_data+0x2f/0x90
[   31.889081]  __x64_sys_ioctl+0x10e/0x160
[   31.889389]  ? iommufd_get_object.part.6+0x1c0/0x1c0
[   31.889760]  do_syscall_64+0x3b/0x90
[   31.890045]  entry_SYSCALL_64_after_hwframe+0x63/0xcd
[   31.890423] RIP: 0033:0x7f3777c1e59d
[   31.890702] Code: 00 c3 66 2e 0f 1f 84 00 00 00 00 00 90 f3 0f 1e fa 48 89 f8 48 89 f7 48 89 d6 48 89 ca 4d 89 c2 4d 89 c8 4c 8b 4c 24 08 0f 05 <48> 3d 01 f0 ff ff 73 01 c3 48 8b 0d d3 08 0d 00 f7 d8 64 89 01 48
[   31.891990] RSP: 002b:00007ffd0d727918 EFLAGS: 00000213 ORIG_RAX: 0000000000000010
[   31.892531] RAX: ffffffffffffffda RBX: 0000000000000000 RCX: 00007f3777c1e59d
[   31.893055] RDX: 0000000020000140 RSI: 0000000000003b80 RDI: 0000000000000003
[   31.893564] RBP: 00007ffd0d727930 R08: 00007ffd0d727930 R09: 00007ffd0d727930
[   31.894070] R10: 00007ffd0d727930 R11: 0000000000000213 R12: 0000000000401180
[   31.894593] R13: 00007ffd0d727a50 R14: 0000000000000000 R15: 0000000000000000
[   31.895113]  </TASK>
[   31.895287] irq event stamp: 14737
[   31.895550] hardirqs last  enabled at (14745): [<ffffffff811b7f21>] __up_console_sem+0x91/0xb0
[   31.896182] hardirqs last disabled at (14752): [<ffffffff811b7f06>] __up_console_sem+0x76/0xb0
[   31.896837] softirqs last  enabled at (14296): [<ffffffff83000329>] __do_softirq+0x329/0x490
[   31.897437] softirqs last disabled at (14283): [<ffffffff81111082>] irq_exit_rcu+0xd2/0x100
[   31.898057] ---[ end trace 0000000000000000 ]---
[   31.898508] ------------[ cut here ]------------
[   31.898845] WARNING: CPU: 0 PID: 610 at drivers/iommu/iommufd/pages.c:294 __iopt_area_unfill_domain+0x152/0x560
[   31.899571] Modules linked in:
[   31.899805] CPU: 0 PID: 610 Comm: repro Tainted: G        W          6.1.0-a0a6c76cf2a5+ #1
[   31.900393] Hardware name: QEMU Standard PC (i440FX + PIIX, 1996), BIOS rel-1.16.0-0-gd239552ce722-prebuilt.qemu.org 04/01/2014
[   31.901213] RIP: 0010:__iopt_area_unfill_domain+0x152/0x560
[   31.901624] Code: a1 2b ff 44 8b 64 24 54 48 8b 44 24 48 31 ff 44 89 e6 48 89 44 24 38 e8 6c a2 2b ff 45 85 e4 0f 85 eb 01 00 00 e8 ee a0 2b ff <0f> 0b e8 e7 a0 2b ff 48 8b 44 24 38 89 5c 24 58 89 18 8b 44 24 54
[   31.902941] RSP: 0018:ffffc900010b3ae0 EFLAGS: 00010246
[   31.903324] RAX: 0000000000000000 RBX: 00000000fffffffe RCX: ffffffff81fe0bd5
