c[?7l[2J[0mSeaBIOS (version rel-1.16.0-0-gd239552ce722-prebuilt.qemu.org)


iPXE (http://ipxe.org) 00:03.0 CA00 PCI2.10 PnP PMM+7FF91000+7FEF1000 CA00
Press Ctrl-B to configure iPXE (PCI 00:03.0)...                                                                               


Booting from ROM...
c[?7l[2J[    0.000000] Linux version 6.1.0-e2ca6ba6ba01+ (root@p-tglh01.sh.intel.com) (gcc (GCC) 8.5.0 20210514 (Red Hat 8.5.0-18), GNU ld version 2.36.1-2.el8) #1 SMP PREEMPT_DYNAMIC Tue Mar 14 15:56:22 CST 2023
[    0.000000] Command line: console=ttyS0 root=/dev/sda earlyprintk=serial net.ifnames=0
[    0.000000] KERNEL supported cpus:
[    0.000000]   Intel GenuineIntel
[    0.000000]   AMD AuthenticAMD
[    0.000000]   Hygon HygonGenuine
[    0.000000]   Centaur CentaurHauls
[    0.000000]   zhaoxin   Shanghai  
[    0.000000] x86/fpu: Supporting XSAVE feature 0x001: 'x87 floating point registers'
[    0.000000] x86/fpu: Supporting XSAVE feature 0x002: 'SSE registers'
[    0.000000] x86/fpu: Supporting XSAVE feature 0x004: 'AVX registers'
[    0.000000] x86/fpu: Supporting XSAVE feature 0x020: 'AVX-512 opmask'
[    0.000000] x86/fpu: Supporting XSAVE feature 0x040: 'AVX-512 Hi256'
[    0.000000] x86/fpu: Supporting XSAVE feature 0x080: 'AVX-512 ZMM_Hi256'
[    0.000000] x86/fpu: Supporting XSAVE feature 0x200: 'Protection Keys User registers'
[    0.000000] x86/fpu: xstate_offset[2]:  576, xstate_sizes[2]:  256
[    0.000000] x86/fpu: xstate_offset[5]:  832, xstate_sizes[5]:   64
[    0.000000] x86/fpu: xstate_offset[6]:  896, xstate_sizes[6]:  512
[    0.000000] x86/fpu: xstate_offset[7]: 1408, xstate_sizes[7]: 1024
[    0.000000] x86/fpu: xstate_offset[9]: 2432, xstate_sizes[9]:    8
[    0.000000] x86/fpu: Enabled xstate features 0x2e7, context size is 2440 bytes, using 'compacted' format.
[    0.000000] signal: max sigframe size: 3632
[    0.000000] BIOS-provided physical RAM map:
[    0.000000] BIOS-e820: [mem 0x0000000000000000-0x000000000009fbff] usable
[    0.000000] BIOS-e820: [mem 0x000000000009fc00-0x000000000009ffff] reserved
[    0.000000] BIOS-e820: [mem 0x00000000000f0000-0x00000000000fffff] reserved
[    0.000000] BIOS-e820: [mem 0x0000000000100000-0x000000007ffdffff] usable
[    0.000000] BIOS-e820: [mem 0x000000007ffe0000-0x000000007fffffff] reserved
[    0.000000] BIOS-e820: [mem 0x00000000feffc000-0x00000000feffffff] reserved
[    0.000000] BIOS-e820: [mem 0x00000000fffc0000-0x00000000ffffffff] reserved
[    0.000000] printk: bootconsole [earlyser0] enabled
[    0.000000] NX (Execute Disable) protection: active
[    0.000000] SMBIOS 2.8 present.
[    0.000000] DMI: QEMU Standard PC (i440FX + PIIX, 1996), BIOS rel-1.16.0-0-gd239552ce722-prebuilt.qemu.org 04/01/2014
[    0.000000] Hypervisor detected: KVM
[    0.000000] kvm-clock: Using msrs 4b564d01 and 4b564d00
[    0.000009] kvm-clock: using sched offset of 702068526 cycles
[    0.000898] clocksource: kvm-clock: mask: 0xffffffffffffffff max_cycles: 0x1cd42e4dffb, max_idle_ns: 881590591483 ns
[    0.003722] tsc: Detected 3110.400 MHz processor
[    0.017109] last_pfn = 0x7ffe0 max_arch_pfn = 0x400000000
[    0.018123] x86/PAT: Configuration [0-7]: WB  WC  UC- UC  WB  WP  UC- WT  
[    0.036139] found SMP MP-table at [mem 0x000f5ba0-0x000f5baf]
[    0.037356] Using GB pages for direct mapping
[    0.040532] ACPI: Early table checksum verification disabled
[    0.041526] ACPI: RSDP 0x00000000000F59C0 000014 (v00 BOCHS )
[    0.042536] ACPI: RSDT 0x000000007FFE1951 000034 (v01 BOCHS  BXPC     00000001 BXPC 00000001)
[    0.044000] ACPI: FACP 0x000000007FFE17FD 000074 (v01 BOCHS  BXPC     00000001 BXPC 00000001)
[    0.045519] ACPI: DSDT 0x000000007FFE0040 0017BD (v01 BOCHS  BXPC     00000001 BXPC 00000001)
[    0.046953] ACPI: FACS 0x000000007FFE0000 000040
[    0.047748] ACPI: APIC 0x000000007FFE1871 000080 (v01 BOCHS  BXPC     00000001 BXPC 00000001)
[    0.049213] ACPI: HPET 0x000000007FFE18F1 000038 (v01 BOCHS  BXPC     00000001 BXPC 00000001)
[    0.050675] ACPI: WAET 0x000000007FFE1929 000028 (v01 BOCHS  BXPC     00000001 BXPC 00000001)
[    0.052179] ACPI: Reserving FACP table memory at [mem 0x7ffe17fd-0x7ffe1870]
[    0.053415] ACPI: Reserving DSDT table memory at [mem 0x7ffe0040-0x7ffe17fc]
[    0.054663] ACPI: Reserving FACS table memory at [mem 0x7ffe0000-0x7ffe003f]
[    0.055895] ACPI: Reserving APIC table memory at [mem 0x7ffe1871-0x7ffe18f0]
[    0.057129] ACPI: Reserving HPET table memory at [mem 0x7ffe18f1-0x7ffe1928]
[    0.058331] ACPI: Reserving WAET table memory at [mem 0x7ffe1929-0x7ffe1950]
[    0.061759] No NUMA configuration found
[    0.062428] Faking a node at [mem 0x0000000000000000-0x000000007ffdffff]
[    0.063730] NODE_DATA(0) allocated [mem 0x7ffb5000-0x7ffdffff]
[    0.070526] Zone ranges:
[    0.070962]   DMA      [mem 0x0000000000001000-0x0000000000ffffff]
[    0.072010]   DMA32    [mem 0x0000000001000000-0x000000007ffdffff]
[    0.073054]   Normal   empty
[    0.073548]   Device   empty
[    0.074029] Movable zone start for each node
[    0.074745] Early memory node ranges
[    0.075367]   node   0: [mem 0x0000000000001000-0x000000000009efff]
[    0.076418]   node   0: [mem 0x0000000000100000-0x000000007ffdffff]
[    0.077441] Initmem setup node 0 [mem 0x0000000000001000-0x000000007ffdffff]
[    0.080095] On node 0, zone DMA: 1 pages in unavailable ranges
[    0.080411] On node 0, zone DMA: 97 pages in unavailable ranges
[    0.138398] On node 0, zone DMA32: 32 pages in unavailable ranges
[    0.139962] ACPI: PM-Timer IO Port: 0x608
[    0.141750] ACPI: LAPIC_NMI (acpi_id[0xff] dfl dfl lint[0x1])
[    0.142855] IOAPIC[0]: apic_id 0, version 17, address 0xfec00000, GSI 0-23
[    0.144154] ACPI: INT_SRC_OVR (bus 0 bus_irq 0 global_irq 2 dfl dfl)
[    0.145245] ACPI: INT_SRC_OVR (bus 0 bus_irq 5 global_irq 5 high level)
[    0.146422] ACPI: INT_SRC_OVR (bus 0 bus_irq 9 global_irq 9 high level)
[    0.147543] ACPI: INT_SRC_OVR (bus 0 bus_irq 10 global_irq 10 high level)
[    0.148680] ACPI: INT_SRC_OVR (bus 0 bus_irq 11 global_irq 11 high level)
[    0.149814] ACPI: Using ACPI (MADT) for SMP configuration information
[    0.150872] ACPI: HPET id: 0x8086a201 base: 0xfed00000
[    0.151759] TSC deadline timer available
[    0.152416] smpboot: Allowing 2 CPUs, 0 hotplug CPUs
[    0.153348] kvm-guest: KVM setup pv remote TLB flush
[    0.154254] kvm-guest: setup PV sched yield
[    0.155130] PM: hibernation: Registered nosave memory: [mem 0x00000000-0x00000fff]
[    0.156456] PM: hibernation: Registered nosave memory: [mem 0x0009f000-0x0009ffff]
[    0.157780] PM: hibernation: Registered nosave memory: [mem 0x000a0000-0x000effff]
[    0.159056] PM: hibernation: Registered nosave memory: [mem 0x000f0000-0x000fffff]
[    0.160344] [mem 0x80000000-0xfeffbfff] available for PCI devices
[    0.161380] Booting paravirtualized kernel on KVM
[    0.162231] clocksource: refined-jiffies: mask: 0xffffffff max_cycles: 0xffffffff, max_idle_ns: 7645519600211568 ns
[    0.163991] setup_percpu: NR_CPUS:8192 nr_cpumask_bits:2 nr_cpu_ids:2 nr_node_ids:1
[    0.169312] percpu: Embedded 64 pages/cpu s225280 r8192 d28672 u1048576
[    0.170933] kvm-guest: PV spinlocks enabled
[    0.171635] PV qspinlock hash table entries: 256 (order: 0, 4096 bytes, linear)
[    0.173017] Fallback order for Node 0: 0 
[    0.173729] Built 1 zonelists, mobility grouping on.  Total pages: 515808
[    0.174886] Policy zone: DMA32
[    0.175416] Kernel command line: net.ifnames=0 console=ttyS0 root=/dev/sda earlyprintk=serial net.ifnames=0
[    0.178030] random: crng init done
[    0.182320] Dentry cache hash table entries: 262144 (order: 9, 2097152 bytes, linear)
[    0.183838] Inode-cache hash table entries: 131072 (order: 8, 1048576 bytes, linear)
[    0.185477] mem auto-init: stack:off, heap alloc:off, heap free:off
[    0.191850] Memory: 1983336K/2096632K available (32784K kernel code, 4707K rwdata, 8368K rodata, 3680K init, 22100K bss, 113040K reserved, 0K cma-reserved)
[    0.195797] SLUB: HWalign=64, Order=0-3, MinObjects=0, CPUs=2, Nodes=1
[    0.196900] kmemleak: Kernel memory leak detector disabled
[    0.197906] ftrace: allocating 67725 entries in 265 pages
[    0.253187] ftrace: allocated 265 pages with 3 groups
[    0.261513] Dynamic Preempt: voluntary
[    0.262472] Running RCU self tests
[    0.263046] rcu: Preemptible hierarchical RCU implementation.
[    0.263976] rcu: 	RCU lockdep checking is enabled.
[    0.264761] rcu: 	RCU restricting CPUs from NR_CPUS=8192 to nr_cpu_ids=2.
[    0.265879] 	Trampoline variant of Tasks RCU enabled.
[    0.266713] 	Rude variant of Tasks RCU enabled.
[    0.267425] 	Tracing variant of Tasks RCU enabled.
[    0.268206] rcu: RCU calculated value of scheduler-enlistment delay is 25 jiffies.
[    0.269420] rcu: Adjusting geometry for rcu_fanout_leaf=16, nr_cpu_ids=2
[    0.328642] NR_IRQS: 524544, nr_irqs: 440, preallocated irqs: 16
[    0.330180] rcu: srcu_init: Setting srcu_struct sizes based on contention.
[    0.345868] Console: colour VGA+ 80x25
[    0.346642] printk: console [ttyS0] enabled
[    0.346642] printk: console [ttyS0] enabled
[    0.348062] printk: bootconsole [earlyser0] disabled
[    0.348062] printk: bootconsole [earlyser0] disabled
[    0.349767] Lock dependency validator: Copyright (c) 2006 Red Hat, Inc., Ingo Molnar
[    0.351077] ... MAX_LOCKDEP_SUBCLASSES:  8
[    0.351803] ... MAX_LOCK_DEPTH:          48
[    0.352545] ... MAX_LOCKDEP_KEYS:        8192
[    0.353342] ... CLASSHASH_SIZE:          4096
[    0.354121] ... MAX_LOCKDEP_ENTRIES:     32768
[    0.354933] ... MAX_LOCKDEP_CHAINS:      65536
[    0.355751] ... CHAINHASH_SIZE:          32768
[    0.356515]  memory used by lock dependency info: 6365 kB
[    0.357444]  memory used for stack traces: 4224 kB
[    0.358284]  per task-struct memory footprint: 1920 bytes
[    0.359324] ACPI: Core revision 20221020
[    0.360510] clocksource: hpet: mask: 0xffffffff max_cycles: 0xffffffff, max_idle_ns: 19112604467 ns
[    0.362331] APIC: Switch to symmetric I/O mode setup
[    0.363532] x2apic enabled
[    0.364364] Switched APIC routing to physical x2apic.
[    0.365237] kvm-guest: setup PV IPIs
[    0.367533] ..TIMER: vector=0x30 apic1=0 pin1=2 apic2=-1 pin2=-1
[    0.368597] clocksource: tsc-early: mask: 0xffffffffffffffff max_cycles: 0x2cd5a8bb032, max_idle_ns: 440795365915 ns
[    0.370550] Calibrating delay loop (skipped) preset value.. 6220.80 BogoMIPS (lpj=12441600)
[    0.371992] pid_max: default: 32768 minimum: 301
[    0.373014] LSM: initializing lsm=capability,yama,integrity
[    0.374005] Yama: becoming mindful.
[    0.374904] Mount-cache hash table entries: 4096 (order: 3, 32768 bytes, linear)
[    0.376211] Mountpoint-cache hash table entries: 4096 (order: 3, 32768 bytes, linear)
[    0.382442] x86/cpu: User Mode Instruction Prevention (UMIP) activated
[    0.384343] Last level iTLB entries: 4KB 0, 2MB 0, 4MB 0
[    0.385356] Last level dTLB entries: 4KB 0, 2MB 0, 4MB 0, 1GB 0
[    0.386586] Spectre V1 : Mitigation: usercopy/swapgs barriers and __user pointer sanitization
[    0.388007] Spectre V2 : WARNING: Unprivileged eBPF is enabled with eIBRS on, data leaks possible via Spectre v2 BHB attacks!
[    0.389873] Spectre V2 : Mitigation: Enhanced IBRS
[    0.390518] Spectre V2 : Spectre v2 / SpectreRSB mitigation: Filling RSB on context switch
[    0.391862] Spectre V2 : Spectre v2 / PBRSB-eIBRS: Retire a single CALL on VMEXIT
[    0.393108] Spectre V2 : mitigation: Enabling conditional Indirect Branch Prediction Barrier
[    0.394530] Speculative Store Bypass: Mitigation: Speculative Store Bypass disabled via prctl
[    0.627055] Freeing SMP alternatives memory: 56K
[    0.628628] smpboot: CPU0: Genuine Intel(R) CPU 0000 @ 2.20GHz (family: 0x6, model: 0x8d, stepping: 0x0)
[    0.630509] cblist_init_generic: Setting adjustable number of callback queues.
[    0.630509] cblist_init_generic: Setting shift to 1 and lim to 1.
[    0.630702] cblist_init_generic: Setting shift to 1 and lim to 1.
[    0.631853] cblist_init_generic: Setting shift to 1 and lim to 1.
[    0.632957] Running RCU-tasks wait API self tests
[    0.734778] Performance Events: Icelake events, full-width counters, Intel PMU driver.
[    0.736432] ... version:                2
[    0.737040] ... bit width:              48
[    0.737706] ... generic registers:      8
[    0.738364] ... value mask:             0000ffffffffffff
[    0.738523] ... max period:             00007fffffffffff
[    0.739371] ... fixed-purpose events:   3
[    0.740039] ... event mask:             00000007000000ff
[    0.741795] rcu: Hierarchical SRCU implementation.
[    0.742524] rcu: 	Max phase no-delay instances is 1000.
[    0.746696] Callback from call_rcu_tasks_trace() invoked.
[    0.747976] smp: Bringing up secondary CPUs ...
[    0.749877] x86: Booting SMP configuration:
[    0.750533] .... node  #0, CPUs:      #1
[    0.751198] smp: Brought up 1 node, 2 CPUs
[    0.751962] smpboot: Max logical packages: 1
[    0.752660] smpboot: Total of 2 processors activated (12441.60 BogoMIPS)
[    0.760290] devtmpfs: initialized
[    0.760290] x86/mm: Memory block size: 128MB
[    0.767487] clocksource: jiffies: mask: 0xffffffff max_cycles: 0xffffffff, max_idle_ns: 7645041785100000 ns
[    0.769111] futex hash table entries: 512 (order: 4, 65536 bytes, linear)
[    0.771050] pinctrl core: initialized pinctrl subsystem
[    0.773230] 
[    0.773494] *************************************************************
[    0.774521] **     NOTICE NOTICE NOTICE NOTICE NOTICE NOTICE NOTICE    **
[    0.775600] **                                                         **
[    0.776682] **  IOMMU DebugFS SUPPORT HAS BEEN ENABLED IN THIS KERNEL  **
[    0.777770] **                                                         **
[    0.778521] ** This means that this kernel is built to expose internal **
[    0.779602] ** IOMMU data structures, which may compromise security on **
[    0.780660] ** your system.                                            **
[    0.781746] **                                                         **
[    0.782521] ** If you see this message and you are not debugging the   **
[    0.783629] ** kernel, report this immediately to your vendor!         **
[    0.784731] **                                                         **
[    0.785826] **     NOTICE NOTICE NOTICE NOTICE NOTICE NOTICE NOTICE    **
[    0.786522] *************************************************************
[    0.787781] PM: RTC time: 07:57:17, date: 2023-03-14
[    0.796539] NET: Registered PF_NETLINK/PF_ROUTE protocol family
[    0.798975] DMA: preallocated 256 KiB GFP_KERNEL pool for atomic allocations
[    0.800181] DMA: preallocated 256 KiB GFP_KERNEL|GFP_DMA pool for atomic allocations
[    0.801463] DMA: preallocated 256 KiB GFP_KERNEL|GFP_DMA32 pool for atomic allocations
[    0.802640] audit: initializing netlink subsys (disabled)
[    0.803605] audit: type=2000 audit(1678780638.208:1): state=initialized audit_enabled=0 res=1
[    0.803605] thermal_sys: Registered thermal governor 'fair_share'
[    0.803605] thermal_sys: Registered thermal governor 'bang_bang'
[    0.803663] thermal_sys: Registered thermal governor 'step_wise'
[    0.804611] thermal_sys: Registered thermal governor 'user_space'
[    0.806655] cpuidle: using governor ladder
[    0.808249] cpuidle: using governor menu
[    0.811096] acpiphp: ACPI Hot Plug PCI Controller Driver version: 0.5
[    0.812758] PCI: Using configuration type 1 for base access
[    0.815728] kprobes: kprobe jump-optimization is enabled. All kprobes are optimized if possible.
[    1.223847] HugeTLB: registered 1.00 GiB page size, pre-allocated 0 pages
[    1.224654] HugeTLB: 16380 KiB vmemmap can be freed for a 1.00 GiB page
[    1.225394] HugeTLB: registered 2.00 MiB page size, pre-allocated 0 pages
[    1.226086] HugeTLB: 28 KiB vmemmap can be freed for a 2.00 MiB page
[    1.231824] ACPI: Added _OSI(Module Device)
[    1.232313] ACPI: Added _OSI(Processor Device)
[    1.232817] ACPI: Added _OSI(3.0 _SCP Extensions)
[    1.233319] ACPI: Added _OSI(Processor Aggregator Device)
[    1.241210] ACPI: 1 ACPI AML tables successfully acquired and loaded
[    1.246301] ACPI: Interpreter enabled
[    1.246659] ACPI: PM: (supports S0 S3 S4 S5)
[    1.247138] ACPI: Using IOAPIC for interrupt routing
[    1.247755] PCI: Using host bridge windows from ACPI; if necessary, use "pci=nocrs" and report a bug
[    1.248739] PCI: Using E820 reservations for host bridge windows
[    1.250271] ACPI: Enabled 2 GPEs in block 00 to 0F
[    1.273102] ACPI: PCI Root Bridge [PCI0] (domain 0000 [bus 00-ff])
[    1.273859] acpi PNP0A03:00: _OSC: OS supports [ASPM ClockPM Segments MSI EDR HPX-Type3]
[    1.274524] acpi PNP0A03:00: _OSC: not requesting OS control; OS requires [ExtendedConfig ASPM ClockPM MSI]
[    1.275653] acpi PNP0A03:00: fail to add MMCONFIG information, can't access extended PCI configuration space under this bridge.
[    1.280339] acpiphp: Slot [3] registered
[    1.280878] acpiphp: Slot [4] registered
[    1.281421] acpiphp: Slot [5] registered
[    1.281953] acpiphp: Slot [6] registered
[    1.282475] acpiphp: Slot [7] registered
[    1.282609] acpiphp: Slot [8] registered
[    1.283143] acpiphp: Slot [9] registered
[    1.283676] acpiphp: Slot [10] registered
[    1.284215] acpiphp: Slot [11] registered
[    1.284729] acpiphp: Slot [12] registered
[    1.285273] acpiphp: Slot [13] registered
[    1.285797] acpiphp: Slot [14] registered
[    1.286344] acpiphp: Slot [15] registered
[    1.286616] acpiphp: Slot [16] registered
[    1.287170] acpiphp: Slot [17] registered
[    1.287682] acpiphp: Slot [18] registered
[    1.288209] acpiphp: Slot [19] registered
[    1.288716] acpiphp: Slot [20] registered
[    1.289253] acpiphp: Slot [21] registered
[    1.289794] acpiphp: Slot [22] registered
[    1.290342] acpiphp: Slot [23] registered
[    1.290605] acpiphp: Slot [24] registered
[    1.291165] acpiphp: Slot [25] registered
[    1.291680] acpiphp: Slot [26] registered
[    1.292204] acpiphp: Slot [27] registered
[    1.292760] acpiphp: Slot [28] registered
[    1.293397] acpiphp: Slot [29] registered
[    1.293970] acpiphp: Slot [30] registered
[    1.294524] acpiphp: Slot [31] registered
[    1.295008] PCI host bridge to bus 0000:00
[    1.295471] pci_bus 0000:00: root bus resource [io  0x0000-0x0cf7 window]
[    1.296206] pci_bus 0000:00: root bus resource [io  0x0d00-0xffff window]
[    1.296961] pci_bus 0000:00: root bus resource [mem 0x000a0000-0x000bffff window]
[    1.297784] pci_bus 0000:00: root bus resource [mem 0x80000000-0xfebfffff window]
[    1.298518] pci_bus 0000:00: root bus resource [mem 0x100000000-0x17fffffff window]
[    1.299362] pci_bus 0000:00: root bus resource [bus 00-ff]
[    1.300117] pci 0000:00:00.0: [8086:1237] type 00 class 0x060000
[    1.305025] pci 0000:00:01.0: [8086:7000] type 00 class 0x060100
[    1.306694] pci 0000:00:01.1: [8086:7010] type 00 class 0x010180
[    1.309276] pci 0000:00:01.1: reg 0x20: [io  0xc040-0xc04f]
[    1.310794] pci 0000:00:01.1: legacy IDE quirk: reg 0x10: [io  0x01f0-0x01f7]
[    1.311555] pci 0000:00:01.1: legacy IDE quirk: reg 0x14: [io  0x03f6]
[    1.312266] pci 0000:00:01.1: legacy IDE quirk: reg 0x18: [io  0x0170-0x0177]
[    1.313048] pci 0000:00:01.1: legacy IDE quirk: reg 0x1c: [io  0x0376]
[    1.314167] pci 0000:00:01.3: [8086:7113] type 00 class 0x068000
[    1.314960] pci 0000:00:01.3: quirk: [io  0x0600-0x063f] claimed by PIIX4 ACPI
[    1.315728] pci 0000:00:01.3: quirk: [io  0x0700-0x070f] claimed by PIIX4 SMB
[    1.316929] pci 0000:00:02.0: [1234:1111] type 00 class 0x030000
[    1.318899] pci 0000:00:02.0: reg 0x10: [mem 0xfd000000-0xfdffffff pref]
[    1.322138] pci 0000:00:02.0: reg 0x18: [mem 0xfebf0000-0xfebf0fff]
[    1.328132] pci 0000:00:02.0: reg 0x30: [mem 0xfebe0000-0xfebeffff pref]
[    1.329194] pci 0000:00:02.0: Video device with shadowed ROM at [mem 0x000c0000-0x000dffff]
[    1.334191] pci 0000:00:03.0: [8086:100e] type 00 class 0x020000
[    1.335282] pci 0000:00:03.0: reg 0x10: [mem 0xfebc0000-0xfebdffff]
[    1.336823] pci 0000:00:03.0: reg 0x14: [io  0xc000-0xc03f]
[    1.340621] pci 0000:00:03.0: reg 0x30: [mem 0xfeb80000-0xfebbffff pref]
[    1.356576] ACPI: PCI: Interrupt link LNKA configured for IRQ 10
[    1.357840] ACPI: PCI: Interrupt link LNKB configured for IRQ 10
[    1.359000] ACPI: PCI: Interrupt link LNKC configured for IRQ 11
[    1.360166] ACPI: PCI: Interrupt link LNKD configured for IRQ 11
[    1.361077] ACPI: PCI: Interrupt link LNKS configured for IRQ 9
[    1.363583] iommu: Default domain type: Translated 
[    1.364132] iommu: DMA domain TLB invalidation policy: lazy mode 
[    1.366338] SCSI subsystem initialized
[    1.366986] ACPI: bus type USB registered
[    1.367482] usbcore: registered new interface driver usbfs
[    1.368102] usbcore: registered new interface driver hub
[    1.368709] usbcore: registered new device driver usb
[    1.369434] pps_core: LinuxPPS API ver. 1 registered
[    1.369967] pps_core: Software ver. 5.3.6 - Copyright 2005-2007 Rodolfo Giometti <giometti@linux.it>
[    1.370536] PTP clock support registered
[    1.371177] EDAC MC: Ver: 3.0.0
[    1.373756] NetLabel: Initializing
[    1.374149] NetLabel:  domain hash size = 128
[    1.374520] NetLabel:  protocols = UNLABELED CIPSOv4 CALIPSO
[    1.375202] NetLabel:  unlabeled traffic allowed by default
[    1.376273] PCI: Using ACPI for IRQ routing
[    1.377049] pci 0000:00:02.0: vgaarb: setting as boot VGA device
[    1.377726] pci 0000:00:02.0: vgaarb: bridge control possible
[    1.378343] pci 0000:00:02.0: vgaarb: VGA device added: decodes=io+mem,owns=io+mem,locks=none
[    1.378517] vgaarb: loaded
[    1.379389] hpet0: at MMIO 0xfed00000, IRQs 2, 8, 0
[    1.379934] hpet0: 3 comparators, 64-bit 100.000000 MHz counter
[    5.825582] Callback from call_rcu_tasks_rude() invoked.
[    5.826190] clocksource: Switched to clocksource kvm-clock
[    5.934711] Callback from call_rcu_tasks() invoked.
[    9.035889] VFS: Disk quotas dquot_6.6.0
[    9.036672] VFS: Dquot-cache hash table entries: 512 (order 0, 4096 bytes)
[    9.038466] pnp: PnP ACPI init
[    9.043391] pnp: PnP ACPI: found 6 devices
[    9.066349] clocksource: acpi_pm: mask: 0xffffff max_cycles: 0xffffff, max_idle_ns: 2085701024 ns
[    9.068680] NET: Registered PF_INET protocol family
[    9.069898] IP idents hash table entries: 32768 (order: 6, 262144 bytes, linear)
[    9.073666] tcp_listen_portaddr_hash hash table entries: 1024 (order: 4, 73728 bytes, linear)
[    9.075191] Table-perturb hash table entries: 65536 (order: 6, 262144 bytes, linear)
[    9.076482] TCP established hash table entries: 16384 (order: 5, 131072 bytes, linear)
[    9.078479] TCP bind hash table entries: 16384 (order: 9, 2359296 bytes, linear)
[    9.085872] TCP: Hash tables configured (established 16384 bind 16384)
[    9.087318] UDP hash table entries: 1024 (order: 5, 163840 bytes, linear)
[    9.088702] UDP-Lite hash table entries: 1024 (order: 5, 163840 bytes, linear)
[    9.090395] NET: Registered PF_UNIX/PF_LOCAL protocol family
[    9.092316] RPC: Registered named UNIX socket transport module.
[    9.093330] RPC: Registered udp transport module.
[    9.094101] RPC: Registered tcp transport module.
[    9.094929] RPC: Registered tcp NFSv4.1 backchannel transport module.
[    9.096034] pci_bus 0000:00: resource 4 [io  0x0000-0x0cf7 window]
[    9.097029] pci_bus 0000:00: resource 5 [io  0x0d00-0xffff window]
[    9.098004] pci_bus 0000:00: resource 6 [mem 0x000a0000-0x000bffff window]
[    9.099110] pci_bus 0000:00: resource 7 [mem 0x80000000-0xfebfffff window]
[    9.100245] pci_bus 0000:00: resource 8 [mem 0x100000000-0x17fffffff window]
[    9.101976] pci 0000:00:01.0: PIIX3: Enabling Passive Release
[    9.103009] pci 0000:00:00.0: Limiting direct PCI/PCI transfers
[    9.104159] PCI: CLS 0 bytes, default 64
[    9.104961] ACPI: bus type thunderbolt registered
[    9.106264] clocksource: tsc: mask: 0xffffffffffffffff max_cycles: 0x2cd5a8bb032, max_idle_ns: 440795365915 ns
[    9.116895] Initialise system trusted keyrings
[    9.117815] Key type blacklist registered
[    9.118880] workingset: timestamp_bits=36 max_order=19 bucket_order=0
[    9.120097] zbud: loaded
[    9.122156] squashfs: version 4.0 (2009/01/31) Phillip Lougher
[    9.124501] NFS: Registering the id_resolver key type
[    9.125362] Key type id_resolver registered
[    9.126055] Key type id_legacy registered
[    9.126808] nfs4filelayout_init: NFSv4 File Layout Driver Registering...
[    9.127945] nfs4flexfilelayout_init: NFSv4 Flexfile Layout Driver Registering...
[    9.129434] fuse: init (API version 7.38)
[    9.130459] SGI XFS with ACLs, security attributes, realtime, quota, no debug enabled
[    9.132803] 9p: Installing v9fs 9p2000 file system support
[    9.151191] Key type asymmetric registered
[    9.151912] Asymmetric key parser 'x509' registered
[    9.155475] alg: self-tests for CTR-KDF (hmac(sha256)) passed
[    9.156596] Block layer SCSI generic (bsg) driver version 0.4 loaded (major 243)
[    9.158146] io scheduler mq-deadline registered
[    9.159023] io scheduler bfq registered
[    9.161855] shpchp: Standard Hot Plug PCI Controller Driver version: 0.4
[    9.163942] IPMI message handler: version 39.2
[    9.164785] ipmi device interface
[    9.169108] input: Power Button as /devices/LNXSYSTM:00/LNXPWRBN:00/input/input0
[    9.170860] ACPI: button: Power Button [PWRF]
[    9.173847] ERST DBG: ERST support is disabled.
[    9.175989] Serial: 8250/16550 driver, 32 ports, IRQ sharing enabled
[    9.177997] 00:04: ttyS0 at I/O 0x3f8 (irq = 4, base_baud = 115200) is a 16550A
[    9.200413] Linux agpgart interface v0.103
[    9.202429] ACPI: bus type drm_connector registered
[    9.232786] brd: module loaded
[    9.250238] loop: module loaded
[    9.260390] scsi host0: ata_piix
[    9.262205] scsi host1: ata_piix
[    9.263209] ata1: PATA max MWDMA2 cmd 0x1f0 ctl 0x3f6 bmdma 0xc040 irq 14
[    9.264292] ata2: PATA max MWDMA2 cmd 0x170 ctl 0x376 bmdma 0xc048 irq 15
[    9.268216] tun: Universal TUN/TAP device driver, 1.6
[    9.269450] e100: Intel(R) PRO/100 Network Driver
[    9.270213] e100: Copyright(c) 1999-2006 Intel Corporation
[    9.271202] e1000: Intel(R) PRO/1000 Network Driver
[    9.272001] e1000: Copyright (c) 1999-2006 Intel Corporation.
[    9.422839] ata1: found unknown device (class 0)
[    9.424560] ata1.00: ATA-7: QEMU HARDDISK, 2.5+, max UDMA/100
[    9.425597] ata1.00: 16777216 sectors, multi 16: LBA48 
[    9.427051] ata2: found unknown device (class 0)
[    9.429538] scsi 0:0:0:0: Direct-Access     ATA      QEMU HARDDISK    2.5+ PQ: 0 ANSI: 5
[    9.432899] scsi 0:0:0:0: Attached scsi generic sg0 type 0
[    9.434459] ata2.00: ATAPI: QEMU DVD-ROM, 2.5+, max UDMA/100
[    9.439401] scsi 1:0:0:0: CD-ROM            QEMU     QEMU DVD-ROM     2.5+ PQ: 0 ANSI: 5
[    9.442592] sd 0:0:0:0: [sda] 16777216 512-byte logical blocks: (8.59 GB/8.00 GiB)
[    9.443938] sd 0:0:0:0: [sda] Write Protect is off
[    9.444803] sd 0:0:0:0: [sda] Write cache: enabled, read cache: enabled, doesn't support DPO or FUA
[    9.446385] sd 0:0:0:0: [sda] Preferred minimum I/O size 512 bytes
[    9.472149] scsi 1:0:0:0: Attached scsi generic sg1 type 5
[    9.475536] sd 0:0:0:0: [sda] Attached SCSI disk
[    9.531266] ACPI: \_SB_.LNKC: Enabled at IRQ 11
[    9.862358] e1000 0000:00:03.0 eth0: (PCI:33MHz:32-bit) 52:54:00:12:34:56
[    9.863163] e1000 0000:00:03.0 eth0: Intel(R) PRO/1000 Network Connection
[    9.863977] e1000e: Intel(R) PRO/1000 Network Driver
[    9.864502] e1000e: Copyright(c) 1999 - 2015 Intel Corporation.
[    9.865192] igb: Intel(R) Gigabit Ethernet Network Driver
[    9.865755] igb: Copyright (c) 2007-2014 Intel Corporation.
[    9.866487] PPP generic driver version 2.4.2
[    9.867800] VFIO - User Level meta-driver version: 0.3
[    9.869033] usbcore: registered new interface driver uas
[    9.869956] usbcore: registered new interface driver usb-storage
[    9.871253] i8042: PNP: PS/2 Controller [PNP0303:KBD,PNP0f13:MOU] at 0x60,0x64 irq 1,12
[    9.873699] serio: i8042 KBD port at 0x60,0x64 irq 1
[    9.874615] serio: i8042 AUX port at 0x60,0x64 irq 12
[    9.876865] mousedev: PS/2 mouse device common for all mice
[    9.879022] rtc_cmos 00:05: RTC can wake from S4
[    9.879407] input: AT Translated Set 2 keyboard as /devices/platform/i8042/serio0/input/input1
[    9.881274] rtc_cmos 00:05: registered as rtc0
[    9.881909] rtc_cmos 00:05: setting system clock to 2023-03-14T07:57:26 UTC (1678780646)
[    9.883082] rtc_cmos 00:05: alarms up to one day, y3k, 242 bytes nvram, hpet irqs
[    9.883809] input: VirtualPS/2 VMware VMMouse as /devices/platform/i8042/serio1/input/input4
[    9.884049] i2c_dev: i2c /dev entries driver
[    9.885776] device-mapper: core: CONFIG_IMA_DISABLE_HTABLE is disabled. Duplicate IMA measurements will not be recorded in the IMA log.
[    9.887106] device-mapper: uevent: version 1.0.3
[    9.887935] device-mapper: ioctl: 4.47.0-ioctl (2022-07-28) initialised: dm-devel@redhat.com
[    9.888269] input: VirtualPS/2 VMware VMMouse as /devices/platform/i8042/serio1/input/input3
[    9.888829] intel_pstate: CPU model not supported
[    9.890805] sdhci: Secure Digital Host Controller Interface driver
[    9.891432] sdhci: Copyright(c) Pierre Ossman
[    9.891975] sdhci-pltfm: SDHCI platform and OF driver helper
[    9.892669] ledtrig-cpu: registered to indicate activity on CPUs
[    9.893772] drop_monitor: Initializing network drop monitor service
[    9.894713] NET: Registered PF_INET6 protocol family
[    9.897989] Segment Routing with IPv6
[    9.898688] In-situ OAM (IOAM) with IPv6
[    9.899374] NET: Registered PF_PACKET protocol family
[    9.900445] 9pnet: Installing 9P2000 support
[    9.900992] Key type dns_resolver registered
[    9.902574] IPI shorthand broadcast: enabled
[    9.922533] sched_clock: Marking stable (9891323424, 31193527)->(9954101421, -31584470)
[    9.924312] registered taskstats version 1
[    9.925095] Loading compiled-in X.509 certificates
[    9.926215] zswap: loaded using pool lzo/zbud
[    9.949328] Key type .fscrypt registered
[    9.950010] Key type fscrypt-provisioning registered
[    9.952927] Key type encrypted registered
[    9.953547] ima: No TPM chip found, activating TPM-bypass!
[    9.954285] ima: Allocated hash algorithm: sha1
[    9.954979] ima: No architecture policies found
[    9.955666] evm: Initialising EVM extended attributes:
[    9.956342] evm: security.selinux
[    9.956789] evm: security.SMACK64
[    9.957230] evm: security.SMACK64EXEC
[    9.957713] evm: security.SMACK64TRANSMUTE
[    9.958250] evm: security.SMACK64MMAP
[    9.958750] evm: security.apparmor
[    9.959208] evm: security.ima
[    9.959601] evm: security.capability
[    9.960075] evm: HMAC attrs: 0x1
[    9.967617] PM:   Magic number: 15:216:976
[    9.968797] RAS: Correctable Errors collector initialized.
[    9.972025] md: Waiting for all devices to be available before autodetect
[    9.972797] md: If you don't use raid, use raid=noautodetect
[    9.973440] md: Autodetecting RAID arrays.
[    9.973930] md: autorun ...
[    9.974257] md: ... autorun DONE.
[    9.983577] EXT4-fs (sda): mounted filesystem 23a53bb9-f815-47a5-b74c-5e08f7731193 with ordered data mode. Quota mode: none.
[    9.984450] VFS: Mounted root (ext4 filesystem) readonly on device 8:0.
[    9.986897] devtmpfs: mounted
[    9.998682] Freeing unused decrypted memory: 2036K
[   10.001644] Freeing unused kernel image (initmem) memory: 3680K
[   10.002622] Write protecting the kernel read-only data: 45056k
[   10.006136] Freeing unused kernel image (text/rodata gap) memory: 2028K
[   10.008422] Freeing unused kernel image (rodata/data gap) memory: 1872K
[   10.128005] x86/mm: Checked W+X mappings: passed, no W+X pages found.
[   10.128530] Run /sbin/init as init process
[   10.275926] systemd[1]: RTC configured in localtime, applying delta of 0 minutes to system time.
[   10.314993] systemd[1]: systemd 239 (239-49.el8) running in system mode. (+PAM +AUDIT +SELINUX +IMA -APPARMOR +SMACK +SYSVINIT +UTMP +LIBCRYPTSETUP +GCRYPT +GNUTLS +ACL +XZ +LZ4 +SECCOMP +BLKID +ELFUTILS +KMOD +IDN2 -IDN +PCRE2 default-hierarchy=legacy)
[   10.316881] systemd[1]: Detected virtualization kvm.
[   10.317274] systemd[1]: Detected architecture x86-64.

Welcome to [0;31mCentOS Stream 8[0m!

[   10.393358] systemd[1]: Set hostname to <test>.
[   10.780390] systemd[1]: Listening on initctl Compatibility Named Pipe.
[[0;32m  OK  [0m] Listening on initctl Compatibility Named Pipe.
[   10.782413] systemd[1]: Started Forward Password Requests to Wall Directory Watch.
[[0;32m  OK  [0m] Started Forward Password Requests to Wall Directory Watch.
[   10.786737] systemd[1]: Created slice User and Session Slice.
[[0;32m  OK  [0m] Created slice User and Session Slice.
[   10.788040] systemd[1]: Reached target Slices.
[[0;32m  OK  [0m] Reached target Slices.
[   10.791266] systemd[1]: Created slice system-getty.slice.
[[0;32m  OK  [0m] Created slice system-getty.slice.
[   10.793609] systemd[1]: Created slice system-sshd\x2dkeygen.slice.
[[0;32m  OK  [0m] Created slice system-sshd\x2dkeygen.slice.
[[0;32m  OK  [0m] Listening on Journal Socket.
         Starting Setup Virtual Console...
         Starting Load Kernel Modules...
         Mounting Huge Pages File System...
         Starting Remount Root and Kernel File Systems...
[[0;32m  OK  [0m] Listening on udev Kernel Socket.
[[0;32m  OK  [0m] Reached target Swap.
[[0;32m  OK  [0m] Listening on RPCbind Server Activation Socket.
[[0;32m  OK  [0m] Reached target RPC Port Mapper.
[[0;32m  OK  [0m] Listening on multipathd control socket.
[[0;32m  OK  [0m] Listening on Journal Socket (/dev/log).
[[0;32m  OK  [0m] Listening on Process Core Dump Socket.
[[0;32m  OK  [0m] Listening on udev Control Socket.
         Starting udev Coldplug all Devices...
[[0;32m  OK  [0m] Listening on Device-mapper event daemon FIFOs.
         Starting Monitoring of LVM2 mirrorsâ€¦ng dmeventd or progress polling...
[[0;32m  OK  [0m] Set up automount Arbitrary Executabâ€¦rmats File System Automount Point.
         Starting Journal Service...
         Mounting Kernel Debug File System...
[[0;32m  OK  [0m] Listening on LVM2 poll daemon socket.
         Mounting POSIX Message Queue File System...
[[0;32m  OK  [0m] Created slice system-serial\x2dgetty.slice.
[[0;1;31mFAILED[0m] Failed to start Load Kernel Modules.
See 'systemctl status systemd-modules-load.service' for details.
[[0;32m  OK  [0m] Mounted Huge Pages File System.
[[0;32m  OK  [0m] Mounted Kernel Debug File System.
[[0;32m  OK  [0m] Mounted POSIX Message Queue File System.
         Starting Apply Kernel Variables...
[   11.411221] EXT4-fs (sda): re-mounted 23a53bb9-f815-47a5-b74c-5e08f7731193. Quota mode: none.
         Mounting Kernel Configuration File System...
         Mounting FUSE Control File System...
[[0;32m  OK  [0m] Started Journal Service.
[[0;32m  OK  [0m] Started Setup Virtual Console.
[[0;32m  OK  [0m] Started Remount Root and Kernel File Systems.
[[0;32m  OK  [0m] Started Apply Kernel Variables.
[[0;32m  OK  [0m] Mounted Kernel Configuration File System.
[[0;32m  OK  [0m] Mounted FUSE Control File System.
         Starting Create Static Device Nodes in /dev...
         Starting Load/Save Random Seed...
         Starting Flush Journal to Persistent Storage...
[[0;32m  OK  [0m] Started udev Coldplug all Devices.
[[0;32m  OK  [0m] Started Create Static Device Nodes in /dev.
[[0;32m  OK  [0m] Started Load/Save Random Seed.
         Starting udev Kernel Device Manager...
         Starting udev Wait for Complete Device Initialization...
[[0;32m  OK  [0m] Started Flush Journal to Persistent Storage.
[[0;32m  OK  [0m] Started udev Kernel Device Manager.
         Starting Show Plymouth Boot Screen...
[[0;32m  OK  [0m] Started Show Plymouth Boot Screen.
[[0;32m  OK  [0m] Reached target Local Encrypted Volumes.
[[0;32m  OK  [0m] Reached target Paths.
[[0;32m  OK  [0m] Started Forward Password Requests to Plymouth Directory Watch.
[[0;32m  OK  [0m] Found device /dev/ttyS0.
[[0;32m  OK  [0m] Listening on Load/Save RF Kill Switch Status /dev/rfkill Watch.
[[0;32m  OK  [0m] Started Monitoring of LVM2 mirrors,â€¦sing dmeventd or progress polling.
[[0;32m  OK  [0m] Started udev Wait for Complete Device Initialization.
[[0;32m  OK  [0m] Reached target Local File Systems (Pre).
[[0;32m  OK  [0m] Reached target Local File Systems.
         Starting Restore /run/initramfs on shutdown...
         Starting Tell Plymouth To Write Out Runtime Data...
         Starting Create Volatile Files and Directories...
[[0;32m  OK  [0m] Started Restore /run/initramfs on shutdown.
[[0;32m  OK  [0m] Started Tell Plymouth To Write Out Runtime Data.
[[0;32m  OK  [0m] Started Create Volatile Files and Directories.
         Starting Security Auditing Service...
         Mounting RPC Pipe File System...
         Starting RPC Bind...
[[0;32m  OK  [0m] Mounted RPC Pipe File System.
[[0;32m  OK  [0m] Reached target rpc_pipefs.target.
[[0;32m  OK  [0m] Started RPC Bind.
[[0;32m  OK  [0m] Started Security Auditing Service.
         Starting Update UTMP about System Boot/Shutdown...
[[0;32m  OK  [0m] Started Update UTMP about System Boot/Shutdown.
[[0;32m  OK  [0m] Reached target System Initialization.
[[0;32m  OK  [0m] Started daily update of the root trust anchor for DNSSEC.
[[0;32m  OK  [0m] Started dnf makecache --timer.
[[0;32m  OK  [0m] Started Daily Cleanup of Temporary Directories.
[[0;32m  OK  [0m] Reached target Timers.
[[0;32m  OK  [0m] Listening on SSSD Kerberos Cache Manager responder socket.
[[0;32m  OK  [0m] Listening on D-Bus System Message Bus Socket.
[[0;32m  OK  [0m] Reached target Sockets.
[[0;32m  OK  [0m] Reached target Basic System.
         Starting Auto-connect to subsystemsâ€¦-NVME devices found during boot...
         Starting NTP client/server...
[[0;32m  OK  [0m] Started irqbalance daemon.
         Starting Self Monitoring and Reporting Technology (SMART) Daemon...
[[0;32m  OK  [0m] Reached target sshd-keygen.target.
[[0;32m  OK  [0m] Started D-Bus System Message Bus.
         Starting Network Manager...
         Starting Login Service...
         Starting Authorization Manager...
[[0;32m  OK  [0m] Started Machine Check Exception Logging Daemon.
[[0;32m  OK  [0m] Started Self Monitoring and Reporting Technology (SMART) Daemon.
[[0;32m  OK  [0m] Started Auto-connect to subsystems â€¦FC-NVME devices found during boot.
         Starting update of the root trust aâ€¦or DNSSEC validation in unbound...
[[0;32m  OK  [0m] Started Login Service.
[[0;32m  OK  [0m] Started NTP client/server.
[[0;32m  OK  [0m] Started Network Manager.
[[0;32m  OK  [0m] Reached target Network.
         Starting GSSAPI Proxy Daemon...
         Starting Dynamic System Tuning Daemon...
         Starting OpenSSH server daemon...
         Starting Network Manager Wait Online...
[[0;32m  OK  [0m] Started update of the root trust anâ€¦ for DNSSEC validation in unbound.
[[0;32m  OK  [0m] Started GSSAPI Proxy Daemon.
[[0;32m  OK  [0m] Started Authorization Manager.
[[0;32m  OK  [0m] Reached target NFS client services.
[[0;32m  OK  [0m] Reached target Remote File Systems (Pre).
[[0;32m  OK  [0m] Reached target Remote File Systems.
         Starting Permit User Sessions...
         Starting Hostname Service...
[[0;32m  OK  [0m] Started OpenSSH server daemon.
[[0;32m  OK  [0m] Started Permit User Sessions.
         Starting Hold until boot process finishes up...
[[0;32m  OK  [0m] Started Command Scheduler.
         Starting Terminate Plymouth Boot Screen...
[   14.930766] e1000: eth0 NIC Link is Up 1000 Mbps Full Duplex, Flow Control: RX
[   14.931988] IPv6: ADDRCONF(NETDEV_CHANGE): eth0: link becomes ready
[   15.158633] Spectre V2 : WARNING: Unprivileged eBPF is enabled with eIBRS on, data leaks possible via Spectre v2 BHB attacks!
[   15.159562] Spectre V2 : WARNING: Unprivileged eBPF is enabled with eIBRS on, data leaks possible via Spectre v2 BHB attacks!

CentOS Stream 8
Kernel 6.1.0-e2ca6ba6ba01+ on an x86_64

test login: 