c[?7l[2J[0mSeaBIOS (version rel-1.16.0-0-gd239552ce722-prebuilt.qemu.org)


iPXE (http://ipxe.org) 00:03.0 CA00 PCI2.10 PnP PMM+7FF91000+7FEF1000 CA00
Press Ctrl-B to configure iPXE (PCI 00:03.0)...                                                                               


Booting from ROM...
c[?7l[2J[    0.000000] Linux version 6.3.0-rc2-eeac8ede1755 (root@p-tglh01.sh.intel.com) (gcc (GCC) 8.5.0 20210514 (Red Hat 8.5.0-18), GNU ld version 2.36.1-2.el8) #1 SMP PREEMPT_DYNAMIC Tue Mar 14 09:41:02 CST 2023
[    0.000000] Command line: console=ttyS0 root=/dev/sda earlyprintk=serial net.ifnames=0
[    0.000000] KERNEL supported cpus:
[    0.000000]   Intel GenuineIntel
[    0.000000]   AMD AuthenticAMD
[    0.000000]   Hygon HygonGenuine
[    0.000000]   Centaur CentaurHauls
[    0.000000]   zhaoxin   Shanghai  
[    0.000000] x86/fpu: Supporting XSAVE feature 0x001: 'x87 floating point registers'
[    0.000000] x86/fpu: Supporting XSAVE feature 0x002: 'SSE registers'
[    0.000000] x86/fpu: Supporting XSAVE feature 0x004: 'AVX registers'
[    0.000000] x86/fpu: Supporting XSAVE feature 0x020: 'AVX-512 opmask'
[    0.000000] x86/fpu: Supporting XSAVE feature 0x040: 'AVX-512 Hi256'
[    0.000000] x86/fpu: Supporting XSAVE feature 0x080: 'AVX-512 ZMM_Hi256'
[    0.000000] x86/fpu: Supporting XSAVE feature 0x200: 'Protection Keys User registers'
[    0.000000] x86/fpu: xstate_offset[2]:  576, xstate_sizes[2]:  256
[    0.000000] x86/fpu: xstate_offset[5]:  832, xstate_sizes[5]:   64
[    0.000000] x86/fpu: xstate_offset[6]:  896, xstate_sizes[6]:  512
[    0.000000] x86/fpu: xstate_offset[7]: 1408, xstate_sizes[7]: 1024
[    0.000000] x86/fpu: xstate_offset[9]: 2432, xstate_sizes[9]:    8
[    0.000000] x86/fpu: Enabled xstate features 0x2e7, context size is 2440 bytes, using 'compacted' format.
[    0.000000] signal: max sigframe size: 3632
[    0.000000] BIOS-provided physical RAM map:
[    0.000000] BIOS-e820: [mem 0x0000000000000000-0x000000000009fbff] usable
[    0.000000] BIOS-e820: [mem 0x000000000009fc00-0x000000000009ffff] reserved
[    0.000000] BIOS-e820: [mem 0x00000000000f0000-0x00000000000fffff] reserved
[    0.000000] BIOS-e820: [mem 0x0000000000100000-0x000000007ffdffff] usable
[    0.000000] BIOS-e820: [mem 0x000000007ffe0000-0x000000007fffffff] reserved
[    0.000000] BIOS-e820: [mem 0x00000000feffc000-0x00000000feffffff] reserved
[    0.000000] BIOS-e820: [mem 0x00000000fffc0000-0x00000000ffffffff] reserved
[    0.000000] printk: bootconsole [earlyser0] enabled
[    0.000000] NX (Execute Disable) protection: active
[    0.000000] SMBIOS 2.8 present.
[    0.000000] DMI: QEMU Standard PC (i440FX + PIIX, 1996), BIOS rel-1.16.0-0-gd239552ce722-prebuilt.qemu.org 04/01/2014
[    0.000000] Hypervisor detected: KVM
[    0.000000] kvm-clock: Using msrs 4b564d01 and 4b564d00
[    0.000007] kvm-clock: using sched offset of 774457788 cycles
[    0.000850] clocksource: kvm-clock: mask: 0xffffffffffffffff max_cycles: 0x1cd42e4dffb, max_idle_ns: 881590591483 ns
[    0.003669] tsc: Detected 3110.400 MHz processor
[    0.004000] last_pfn = 0x7ffe0 max_arch_pfn = 0x400000000
[    0.004000] x86/PAT: Configuration [0-7]: WB  WC  UC- UC  WB  WP  UC- WT  
[    0.004000] found SMP MP-table at [mem 0x000f5ba0-0x000f5baf]
[    0.004000] Using GB pages for direct mapping
[    0.004000] ACPI: Early table checksum verification disabled
[    0.004000] ACPI: RSDP 0x00000000000F59C0 000014 (v00 BOCHS )
[    0.004000] ACPI: RSDT 0x000000007FFE1951 000034 (v01 BOCHS  BXPC     00000001 BXPC 00000001)
[    0.004000] ACPI: FACP 0x000000007FFE17FD 000074 (v01 BOCHS  BXPC     00000001 BXPC 00000001)
[    0.004000] ACPI: DSDT 0x000000007FFE0040 0017BD (v01 BOCHS  BXPC     00000001 BXPC 00000001)
[    0.004000] ACPI: FACS 0x000000007FFE0000 000040
[    0.004000] ACPI: APIC 0x000000007FFE1871 000080 (v01 BOCHS  BXPC     00000001 BXPC 00000001)
[    0.004000] ACPI: HPET 0x000000007FFE18F1 000038 (v01 BOCHS  BXPC     00000001 BXPC 00000001)
[    0.004000] ACPI: WAET 0x000000007FFE1929 000028 (v01 BOCHS  BXPC     00000001 BXPC 00000001)
[    0.004000] ACPI: Reserving FACP table memory at [mem 0x7ffe17fd-0x7ffe1870]
[    0.004000] ACPI: Reserving DSDT table memory at [mem 0x7ffe0040-0x7ffe17fc]
[    0.004000] ACPI: Reserving FACS table memory at [mem 0x7ffe0000-0x7ffe003f]
[    0.004000] ACPI: Reserving APIC table memory at [mem 0x7ffe1871-0x7ffe18f0]
[    0.004000] ACPI: Reserving HPET table memory at [mem 0x7ffe18f1-0x7ffe1928]
[    0.004000] ACPI: Reserving WAET table memory at [mem 0x7ffe1929-0x7ffe1950]
[    0.004000] No NUMA configuration found
[    0.004000] Faking a node at [mem 0x0000000000000000-0x000000007ffdffff]
[    0.004000] NODE_DATA(0) allocated [mem 0x7ffb5000-0x7ffdffff]
[    0.004000] Zone ranges:
[    0.004000]   DMA      [mem 0x0000000000001000-0x0000000000ffffff]
[    0.004000]   DMA32    [mem 0x0000000001000000-0x000000007ffdffff]
[    0.004000]   Normal   empty
[    0.004000]   Device   empty
[    0.004000] Movable zone start for each node
[    0.004000] Early memory node ranges
[    0.004000]   node   0: [mem 0x0000000000001000-0x000000000009efff]
[    0.004000]   node   0: [mem 0x0000000000100000-0x000000007ffdffff]
[    0.004000] Initmem setup node 0 [mem 0x0000000000001000-0x000000007ffdffff]
[    0.004000] On node 0, zone DMA: 1 pages in unavailable ranges
[    0.004000] On node 0, zone DMA: 97 pages in unavailable ranges
[    0.004000] On node 0, zone DMA32: 32 pages in unavailable ranges
[    0.004000] ACPI: PM-Timer IO Port: 0x608
[    0.004000] ACPI: LAPIC_NMI (acpi_id[0xff] dfl dfl lint[0x1])
[    0.004000] IOAPIC[0]: apic_id 0, version 17, address 0xfec00000, GSI 0-23
[    0.004000] ACPI: INT_SRC_OVR (bus 0 bus_irq 0 global_irq 2 dfl dfl)
[    0.004000] ACPI: INT_SRC_OVR (bus 0 bus_irq 5 global_irq 5 high level)
[    0.004000] ACPI: INT_SRC_OVR (bus 0 bus_irq 9 global_irq 9 high level)
[    0.004000] ACPI: INT_SRC_OVR (bus 0 bus_irq 10 global_irq 10 high level)
[    0.004000] ACPI: INT_SRC_OVR (bus 0 bus_irq 11 global_irq 11 high level)
[    0.004000] ACPI: Using ACPI (MADT) for SMP configuration information
[    0.004000] ACPI: HPET id: 0x8086a201 base: 0xfed00000
[    0.004000] TSC deadline timer available
[    0.004000] smpboot: Allowing 2 CPUs, 0 hotplug CPUs
[    0.004000] kvm-guest: KVM setup pv remote TLB flush
[    0.004000] kvm-guest: setup PV sched yield
[    0.004000] PM: hibernation: Registered nosave memory: [mem 0x00000000-0x00000fff]
[    0.004000] PM: hibernation: Registered nosave memory: [mem 0x0009f000-0x0009ffff]
[    0.004000] PM: hibernation: Registered nosave memory: [mem 0x000a0000-0x000effff]
[    0.004000] PM: hibernation: Registered nosave memory: [mem 0x000f0000-0x000fffff]
[    0.004000] [mem 0x80000000-0xfeffbfff] available for PCI devices
[    0.004000] Booting paravirtualized kernel on KVM
[    0.004000] clocksource: refined-jiffies: mask: 0xffffffff max_cycles: 0xffffffff, max_idle_ns: 7645519600211568 ns
[    0.004000] setup_percpu: NR_CPUS:8192 nr_cpumask_bits:2 nr_cpu_ids:2 nr_node_ids:1
[    0.004000] percpu: Embedded 65 pages/cpu s229376 r8192 d28672 u1048576
[    0.004000] kvm-guest: PV spinlocks enabled
[    0.004000] PV qspinlock hash table entries: 256 (order: 0, 4096 bytes, linear)
[    0.004000] Fallback order for Node 0: 0 
[    0.004000] Built 1 zonelists, mobility grouping on.  Total pages: 515808
[    0.004000] Policy zone: DMA32
[    0.004000] Kernel command line: net.ifnames=0 console=ttyS0 root=/dev/sda earlyprintk=serial net.ifnames=0
[    0.004000] random: crng init done
[    0.004000] Dentry cache hash table entries: 262144 (order: 9, 2097152 bytes, linear)
[    0.004000] Inode-cache hash table entries: 131072 (order: 8, 1048576 bytes, linear)
[    0.004000] mem auto-init: stack:off, heap alloc:off, heap free:off
[    0.004000] Memory: 1964888K/2096632K available (36864K kernel code, 4578K rwdata, 9848K rodata, 10508K init, 31780K bss, 131488K reserved, 0K cma-reserved)
[    0.004000] SLUB: HWalign=64, Order=0-3, MinObjects=0, CPUs=2, Nodes=1
[    0.004000] kmemleak: Kernel memory leak detector disabled
[    0.004000] ftrace: allocating 68737 entries in 269 pages
[    0.004000] ftrace: allocated 269 pages with 4 groups
[    0.004000] Dynamic Preempt: voluntary
[    0.004000] Running RCU self tests
[    0.004000] Running RCU synchronous self tests
[    0.004000] rcu: Preemptible hierarchical RCU implementation.
[    0.004000] rcu: 	RCU lockdep checking is enabled.
[    0.004000] rcu: 	RCU restricting CPUs from NR_CPUS=8192 to nr_cpu_ids=2.
[    0.004000] 	Trampoline variant of Tasks RCU enabled.
[    0.004000] 	Rude variant of Tasks RCU enabled.
[    0.004000] 	Tracing variant of Tasks RCU enabled.
[    0.004000] rcu: RCU calculated value of scheduler-enlistment delay is 25 jiffies.
[    0.004000] rcu: Adjusting geometry for rcu_fanout_leaf=16, nr_cpu_ids=2
[    0.004000] Running RCU synchronous self tests
[    0.004000] NR_IRQS: 524544, nr_irqs: 440, preallocated irqs: 16
[    0.004000] rcu: srcu_init: Setting srcu_struct sizes based on contention.
[    0.004000] Console: colour VGA+ 80x25
[    0.004000] printk: console [ttyS0] enabled
[    0.004000] printk: console [ttyS0] enabled
[    0.004000] printk: bootconsole [earlyser0] disabled
[    0.004000] printk: bootconsole [earlyser0] disabled
[    0.004000] Lock dependency validator: Copyright (c) 2006 Red Hat, Inc., Ingo Molnar
[    0.004000] ... MAX_LOCKDEP_SUBCLASSES:  8
[    0.004000] ... MAX_LOCK_DEPTH:          48
[    0.004000] ... MAX_LOCKDEP_KEYS:        8192
[    0.004000] ... CLASSHASH_SIZE:          4096
[    0.004000] ... MAX_LOCKDEP_ENTRIES:     32768
[    0.004000] ... MAX_LOCKDEP_CHAINS:      65536
[    0.004000] ... CHAINHASH_SIZE:          32768
[    0.004000]  memory used by lock dependency info: 6365 kB
[    0.004000]  memory used for stack traces: 4224 kB
[    0.004000]  per task-struct memory footprint: 1920 bytes
[    0.004000] ACPI: Core revision 20221020
[    0.004000] clocksource: hpet: mask: 0xffffffff max_cycles: 0xffffffff, max_idle_ns: 19112604467 ns
[    0.004000] APIC: Switch to symmetric I/O mode setup
[    0.004000] x2apic enabled
[    0.004000] Switched APIC routing to physical x2apic.
[    0.004000] kvm-guest: setup PV IPIs
[    0.004000] ..TIMER: vector=0x30 apic1=0 pin1=2 apic2=-1 pin2=-1
[    0.004000] clocksource: tsc-early: mask: 0xffffffffffffffff max_cycles: 0x2cd5a8bb032, max_idle_ns: 440795365915 ns
[    0.322630] Calibrating delay loop (skipped) preset value.. 6220.80 BogoMIPS (lpj=12441600)
[    0.323588] pid_max: default: 32768 minimum: 301
[    0.324244] LSM: initializing lsm=capability,yama,integrity
[    0.324883] Yama: becoming mindful.
[    0.326867] Mount-cache hash table entries: 4096 (order: 3, 32768 bytes, linear)
[    0.327732] Mountpoint-cache hash table entries: 4096 (order: 3, 32768 bytes, linear)
[    0.330676] x86/cpu: User Mode Instruction Prevention (UMIP) activated
[    0.332044] Last level iTLB entries: 4KB 0, 2MB 0, 4MB 0
[    0.334642] Last level dTLB entries: 4KB 0, 2MB 0, 4MB 0, 1GB 0
[    0.335357] Spectre V1 : Mitigation: usercopy/swapgs barriers and __user pointer sanitization
[    0.336335] Spectre V2 : WARNING: Unprivileged eBPF is enabled with eIBRS on, data leaks possible via Spectre v2 BHB attacks!
[    0.337590] Spectre V2 : Mitigation: Enhanced / Automatic IBRS
[    0.338616] Spectre V2 : Spectre v2 / SpectreRSB mitigation: Filling RSB on context switch
[    0.339492] Spectre V2 : Spectre v2 / PBRSB-eIBRS: Retire a single CALL on VMEXIT
[    0.340301] Spectre V2 : mitigation: Enabling conditional Indirect Branch Prediction Barrier
[    0.341164] Speculative Store Bypass: Mitigation: Speculative Store Bypass disabled via prctl
[    0.498688] Freeing SMP alternatives memory: 56K
[    0.499242] Running RCU synchronous self tests
[    0.499730] Running RCU synchronous self tests
[    0.500664] smpboot: CPU0: Genuine Intel(R) CPU 0000 @ 2.20GHz (family: 0x6, model: 0x8d, stepping: 0x0)
[    0.502372] cblist_init_generic: Setting adjustable number of callback queues.
[    0.502609] cblist_init_generic: Setting shift to 1 and lim to 1.
[    0.502609] cblist_init_generic: Setting shift to 1 and lim to 1.
[    0.502618] cblist_init_generic: Setting shift to 1 and lim to 1.
[    0.503342] Running RCU-tasks wait API self tests
[    0.607001] Performance Events: Icelake events, full-width counters, Intel PMU driver.
[    0.608608] ... version:                2
[    0.609269] ... bit width:              48
[    0.609951] ... generic registers:      8
[    0.610625] ... value mask:             0000ffffffffffff
[    0.611501] ... max period:             00007fffffffffff
[    0.612372] ... fixed-purpose events:   3
[    0.613042] ... event mask:             00000007000000ff
[    0.614669] Callback from call_rcu_tasks_trace() invoked.
[    0.615824] rcu: Hierarchical SRCU implementation.
[    0.616585] rcu: 	Max phase no-delay instances is 1000.
[    0.621056] smp: Bringing up secondary CPUs ...
[    0.623437] x86: Booting SMP configuration:
[    0.624132] .... node  #0, CPUs:      #1
[    0.624690] smp: Brought up 1 node, 2 CPUs
[    0.624690] smpboot: Max logical packages: 1
[    0.626635] smpboot: Total of 2 processors activated (12441.60 BogoMIPS)
[    0.632788] devtmpfs: initialized
[    0.632788] x86/mm: Memory block size: 128MB
[    0.635875] Running RCU synchronous self tests
[    0.638655] Running RCU synchronous self tests
[    0.639445] clocksource: jiffies: mask: 0xffffffff max_cycles: 0xffffffff, max_idle_ns: 7645041785100000 ns
[    0.640939] futex hash table entries: 512 (order: 4, 65536 bytes, linear)
[    0.642534] pinctrl core: initialized pinctrl subsystem
[    0.643891] 
[    0.644163] *************************************************************
[    0.645185] **     NOTICE NOTICE NOTICE NOTICE NOTICE NOTICE NOTICE    **
[    0.646214] **                                                         **
[    0.646622] **  IOMMU DebugFS SUPPORT HAS BEEN ENABLED IN THIS KERNEL  **
[    0.647661] **                                                         **
[    0.648694] ** This means that this kernel is built to expose internal **
[    0.649742] ** IOMMU data structures, which may compromise security on **
[    0.650623] ** your system.                                            **
[    0.651665] **                                                         **
[    0.652716] ** If you see this message and you are not debugging the   **
[    0.653755] ** kernel, report this immediately to your vendor!         **
[    0.654621] **                                                         **
[    0.655670] **     NOTICE NOTICE NOTICE NOTICE NOTICE NOTICE NOTICE    **
[    0.656724] *************************************************************
[    0.657892] PM: RTC time: 01:45:12, date: 2023-03-14
[    0.666269] NET: Registered PF_NETLINK/PF_ROUTE protocol family
[    0.668024] DMA: preallocated 256 KiB GFP_KERNEL pool for atomic allocations
[    0.669191] DMA: preallocated 256 KiB GFP_KERNEL|GFP_DMA pool for atomic allocations
[    0.670465] DMA: preallocated 256 KiB GFP_KERNEL|GFP_DMA32 pool for atomic allocations
[    0.670757] audit: initializing netlink subsys (disabled)
[    0.671689] audit: type=2000 audit(1678758312.685:1): state=initialized audit_enabled=0 res=1
[    0.671831] thermal_sys: Registered thermal governor 'fair_share'
[    0.671850] thermal_sys: Registered thermal governor 'bang_bang'
[    0.672837] thermal_sys: Registered thermal governor 'step_wise'
[    0.673775] thermal_sys: Registered thermal governor 'user_space'
[    0.674819] cpuidle: using governor ladder
[    0.676345] cpuidle: using governor menu
[    0.679246] acpiphp: ACPI Hot Plug PCI Controller Driver version: 0.5
[    0.681015] PCI: Using configuration type 1 for base access
[    0.683999] kprobes: kprobe jump-optimization is enabled. All kprobes are optimized if possible.
[    1.130208] HugeTLB: registered 1.00 GiB page size, pre-allocated 0 pages
[    1.130635] HugeTLB: 16380 KiB vmemmap can be freed for a 1.00 GiB page
[    1.131776] HugeTLB: registered 2.00 MiB page size, pre-allocated 0 pages
[    1.132892] HugeTLB: 28 KiB vmemmap can be freed for a 2.00 MiB page
[    1.138020] ACPI: Added _OSI(Module Device)
[    1.138631] ACPI: Added _OSI(Processor Device)
[    1.139360] ACPI: Added _OSI(3.0 _SCP Extensions)
[    1.140099] ACPI: Added _OSI(Processor Aggregator Device)
[    1.153539] ACPI: 1 ACPI AML tables successfully acquired and loaded
[    5.298625] Callback from call_rcu_tasks_rude() invoked.
[    5.403605] ACPI: Interpreter enabled
[    5.404477] ACPI: PM: (supports S0 S3 S4 S5)
[    5.405188] ACPI: Using IOAPIC for interrupt routing
[    5.406131] PCI: Using host bridge windows from ACPI; if necessary, use "pci=nocrs" and report a bug
[    5.406624] PCI: Using E820 reservations for host bridge windows
[    5.409225] ACPI: Enabled 2 GPEs in block 00 to 0F
[    5.451446] ACPI: PCI Root Bridge [PCI0] (domain 0000 [bus 00-ff])
[    5.452488] acpi PNP0A03:00: _OSC: OS supports [ASPM ClockPM Segments MSI EDR HPX-Type3]
[    5.453326] acpi PNP0A03:00: _OSC: not requesting OS control; OS requires [ExtendedConfig ASPM ClockPM MSI]
[    5.454409] acpi PNP0A03:00: fail to add MMCONFIG information, can't access extended configuration space under this bridge
[    5.457882] acpiphp: Slot [3] registered
[    5.458421] acpiphp: Slot [4] registered
[    5.458703] acpiphp: Slot [5] registered
[    5.459200] acpiphp: Slot [6] registered
[    5.459698] acpiphp: Slot [7] registered
[    5.460207] acpiphp: Slot [8] registered
[    5.460722] acpiphp: Slot [9] registered
[    5.461217] acpiphp: Slot [10] registered
[    5.461713] acpiphp: Slot [11] registered
[    5.462220] acpiphp: Slot [12] registered
[    5.462701] acpiphp: Slot [13] registered
[    5.463208] acpiphp: Slot [14] registered
[    5.463719] acpiphp: Slot [15] registered
[    5.464226] acpiphp: Slot [16] registered
[    5.464730] acpiphp: Slot [17] registered
[    5.465234] acpiphp: Slot [18] registered
[    5.465746] acpiphp: Slot [19] registered
[    5.466251] acpiphp: Slot [20] registered
[    5.466700] acpiphp: Slot [21] registered
[    5.467196] acpiphp: Slot [22] registered
[    5.467701] acpiphp: Slot [23] registered
[    5.468207] acpiphp: Slot [24] registered
[    5.468716] acpiphp: Slot [25] registered
[    5.469226] acpiphp: Slot [26] registered
[    5.469727] acpiphp: Slot [27] registered
[    5.470239] acpiphp: Slot [28] registered
[    5.470711] acpiphp: Slot [29] registered
[    5.471244] acpiphp: Slot [30] registered
[    5.471730] acpiphp: Slot [31] registered
[    5.472176] PCI host bridge to bus 0000:00
[    5.472612] pci_bus 0000:00: root bus resource [io  0x0000-0x0cf7 window]
[    5.473318] pci_bus 0000:00: root bus resource [io  0x0d00-0xffff window]
[    5.474029] pci_bus 0000:00: root bus resource [mem 0x000a0000-0x000bffff window]
[    5.474619] pci_bus 0000:00: root bus resource [mem 0x80000000-0xfebfffff window]
[    5.475391] pci_bus 0000:00: root bus resource [mem 0x100000000-0x17fffffff window]
[    5.476176] pci_bus 0000:00: root bus resource [bus 00-ff]
[    5.476910] pci 0000:00:00.0: [8086:1237] type 00 class 0x060000
[    5.481525] pci 0000:00:01.0: [8086:7000] type 00 class 0x060100
[    5.483130] pci 0000:00:01.1: [8086:7010] type 00 class 0x010180
[    5.485524] pci 0000:00:01.1: reg 0x20: [io  0xc040-0xc04f]
[    5.486842] pci 0000:00:01.1: legacy IDE quirk: reg 0x10: [io  0x01f0-0x01f7]
[    5.487605] pci 0000:00:01.1: legacy IDE quirk: reg 0x14: [io  0x03f6]
[    5.488289] pci 0000:00:01.1: legacy IDE quirk: reg 0x18: [io  0x0170-0x0177]
[    5.489045] pci 0000:00:01.1: legacy IDE quirk: reg 0x1c: [io  0x0376]
[    5.490130] pci 0000:00:01.3: [8086:7113] type 00 class 0x068000
[    5.491020] pci 0000:00:01.3: quirk: [io  0x0600-0x063f] claimed by PIIX4 ACPI
[    5.491774] pci 0000:00:01.3: quirk: [io  0x0700-0x070f] claimed by PIIX4 SMB
[    5.492901] pci 0000:00:02.0: [1234:1111] type 00 class 0x030000
[    5.495302] pci 0000:00:02.0: reg 0x10: [mem 0xfd000000-0xfdffffff pref]
[    5.498084] pci 0000:00:02.0: reg 0x18: [mem 0xfebf0000-0xfebf0fff]
[    5.503143] pci 0000:00:02.0: reg 0x30: [mem 0xfebe0000-0xfebeffff pref]
[    5.504122] pci 0000:00:02.0: Video device with shadowed ROM at [mem 0x000c0000-0x000dffff]
[    5.509860] pci 0000:00:03.0: [8086:100e] type 00 class 0x020000
[    5.510980] pci 0000:00:03.0: reg 0x10: [mem 0xfebc0000-0xfebdffff]
[    5.512218] pci 0000:00:03.0: reg 0x14: [io  0xc000-0xc03f]
[    5.516038] pci 0000:00:03.0: reg 0x30: [mem 0xfeb80000-0xfebbffff pref]
[    5.531202] ACPI: PCI: Interrupt link LNKA configured for IRQ 10
[    5.532353] ACPI: PCI: Interrupt link LNKB configured for IRQ 10
[    5.533454] ACPI: PCI: Interrupt link LNKC configured for IRQ 11
[    5.534550] ACPI: PCI: Interrupt link LNKD configured for IRQ 11
[    5.534849] ACPI: PCI: Interrupt link LNKS configured for IRQ 9
[    5.537128] iommu: Default domain type: Translated 
[    5.537128] iommu: DMA domain TLB invalidation policy: lazy mode 
[    5.538350] SCSI subsystem initialized
[    5.542876] ACPI: bus type USB registered
[    5.543417] usbcore: registered new interface driver usbfs
[    5.544039] usbcore: registered new interface driver hub
[    5.544640] usbcore: registered new device driver usb
[    5.545309] pps_core: LinuxPPS API ver. 1 registered
[    5.545826] pps_core: Software ver. 5.3.6 - Copyright 2005-2007 Rodolfo Giometti <giometti@linux.it>
[    5.546636] PTP clock support registered
[    5.547170] EDAC MC: Ver: 3.0.0
[    5.549159] NetLabel: Initializing
[    5.549698] NetLabel:  domain hash size = 128
[    5.550435] NetLabel:  protocols = UNLABELED CIPSOv4 CALIPSO
[    5.550609] NetLabel:  unlabeled traffic allowed by default
[    5.554817] Callback from call_rcu_tasks() invoked.
[    5.555557] PCI: Using ACPI for IRQ routing
[    5.556606] pci 0000:00:02.0: vgaarb: setting as boot VGA device
[    5.556606] pci 0000:00:02.0: vgaarb: bridge control possible
[    5.556606] pci 0000:00:02.0: vgaarb: VGA device added: decodes=io+mem,owns=io+mem,locks=none
[    5.558638] vgaarb: loaded
[    5.559190] hpet0: at MMIO 0xfed00000, IRQs 2, 8, 0
[    5.559733] hpet0: 3 comparators, 64-bit 100.000000 MHz counter
[    5.566892] clocksource: Switched to clocksource kvm-clock
[    5.569626] VFS: Disk quotas dquot_6.6.0
[    5.570133] VFS: Dquot-cache hash table entries: 512 (order 0, 4096 bytes)
[    5.571040] pnp: PnP ACPI init
[    5.573860] pnp: PnP ACPI: found 6 devices
[    5.587625] clocksource: acpi_pm: mask: 0xffffff max_cycles: 0xffffff, max_idle_ns: 2085701024 ns
[    5.588979] NET: Registered PF_INET protocol family
[    5.589810] IP idents hash table entries: 32768 (order: 6, 262144 bytes, linear)
[    5.592029] tcp_listen_portaddr_hash hash table entries: 1024 (order: 4, 73728 bytes, linear)
[    5.592996] Table-perturb hash table entries: 65536 (order: 6, 262144 bytes, linear)
[    5.593789] TCP established hash table entries: 16384 (order: 5, 131072 bytes, linear)
[    5.595011] TCP bind hash table entries: 16384 (order: 9, 2359296 bytes, linear)
[    5.599931] TCP: Hash tables configured (established 16384 bind 16384)
[    5.600987] UDP hash table entries: 1024 (order: 5, 163840 bytes, linear)
[    5.601889] UDP-Lite hash table entries: 1024 (order: 5, 163840 bytes, linear)
[    5.603018] NET: Registered PF_UNIX/PF_LOCAL protocol family
[    5.604272] RPC: Registered named UNIX socket transport module.
[    5.604929] RPC: Registered udp transport module.
[    5.605418] RPC: Registered tcp transport module.
[    5.605901] RPC: Registered tcp NFSv4.1 backchannel transport module.
[    5.606635] pci_bus 0000:00: resource 4 [io  0x0000-0x0cf7 window]
[    5.607293] pci_bus 0000:00: resource 5 [io  0x0d00-0xffff window]
[    5.607908] pci_bus 0000:00: resource 6 [mem 0x000a0000-0x000bffff window]
[    5.608598] pci_bus 0000:00: resource 7 [mem 0x80000000-0xfebfffff window]
[    5.609300] pci_bus 0000:00: resource 8 [mem 0x100000000-0x17fffffff window]
[    5.610365] pci 0000:00:01.0: PIIX3: Enabling Passive Release
[    5.610996] pci 0000:00:00.0: Limiting direct PCI/PCI transfers
[    5.611728] PCI: CLS 0 bytes, default 64
[    5.612671] ACPI: bus type thunderbolt registered
[    5.613605] clocksource: tsc: mask: 0xffffffffffffffff max_cycles: 0x2cd5a8bb032, max_idle_ns: 440795365915 ns
[    5.806470] Initialise system trusted keyrings
[    5.807224] Key type blacklist registered
[    5.807957] workingset: timestamp_bits=36 max_order=19 bucket_order=0
[    5.808703] zbud: loaded
[    5.809959] squashfs: version 4.0 (2009/01/31) Phillip Lougher
[    5.811589] NFS: Registering the id_resolver key type
[    5.812157] Key type id_resolver registered
[    5.812590] Key type id_legacy registered
[    5.813047] nfs4filelayout_init: NFSv4 File Layout Driver Registering...
[    5.813774] nfs4flexfilelayout_init: NFSv4 Flexfile Layout Driver Registering...
[    5.814766] fuse: init (API version 7.38)
[    5.815458] SGI XFS with ACLs, security attributes, realtime, quota, no debug enabled
[    5.817255] 9p: Installing v9fs 9p2000 file system support
[    5.827805] Key type asymmetric registered
[    5.828268] Asymmetric key parser 'x509' registered
[    5.828869] Block layer SCSI generic (bsg) driver version 0.4 loaded (major 243)
[    5.830071] io scheduler mq-deadline registered
[    5.830916] io scheduler bfq registered
[    5.832568] shpchp: Standard Hot Plug PCI Controller Driver version: 0.4
[    5.834551] IPMI message handler: version 39.2
[    5.835413] ipmi device interface
[    5.838443] input: Power Button as /devices/LNXSYSTM:00/LNXPWRBN:00/input/input0
[    5.839624] ACPI: button: Power Button [PWRF]
[    5.841605] ERST DBG: ERST support is disabled.
[    5.843838] Serial: 8250/16550 driver, 32 ports, IRQ sharing enabled
[    5.845211] 00:04: ttyS0 at I/O 0x3f8 (irq = 4, base_baud = 115200) is a 16550A
[    5.859579] Linux agpgart interface v0.103
[    5.861581] ACPI: bus type drm_connector registered
[    5.891965] brd: module loaded
[    5.909816] loop: module loaded
[    5.921748] scsi host0: ata_piix
[    5.923646] scsi host1: ata_piix
[    5.924621] ata1: PATA max MWDMA2 cmd 0x1f0 ctl 0x3f6 bmdma 0xc040 irq 14
[    5.925713] ata2: PATA max MWDMA2 cmd 0x170 ctl 0x376 bmdma 0xc048 irq 15
[    5.929842] tun: Universal TUN/TAP device driver, 1.6
[    5.931133] e100: Intel(R) PRO/100 Network Driver
[    5.931898] e100: Copyright(c) 1999-2006 Intel Corporation
[    5.932876] e1000: Intel(R) PRO/1000 Network Driver
[    5.933673] e1000: Copyright (c) 1999-2006 Intel Corporation.
[    6.086906] ata1: found unknown device (class 0)
[    6.088593] ata1.00: ATA-7: QEMU HARDDISK, 2.5+, max UDMA/100
[    6.089538] ata1.00: 16777216 sectors, multi 16: LBA48 
[    6.090871] ata2: found unknown device (class 0)
[    6.093115] scsi 0:0:0:0: Direct-Access     ATA      QEMU HARDDISK    2.5+ PQ: 0 ANSI: 5
[    6.096757] scsi 0:0:0:0: Attached scsi generic sg0 type 0
[    6.098420] ata2.00: ATAPI: QEMU DVD-ROM, 2.5+, max UDMA/100
[    6.101932] sd 0:0:0:0: [sda] 16777216 512-byte logical blocks: (8.59 GB/8.00 GiB)
[    6.103265] scsi 1:0:0:0: CD-ROM            QEMU     QEMU DVD-ROM     2.5+ PQ: 0 ANSI: 5
[    6.104932] sd 0:0:0:0: [sda] Write Protect is off
[    6.106308] sd 0:0:0:0: [sda] Write cache: enabled, read cache: enabled, doesn't support DPO or FUA
[    6.108649] sd 0:0:0:0: [sda] Preferred minimum I/O size 512 bytes
[    6.128447] scsi 1:0:0:0: Attached scsi generic sg1 type 5
[    6.131765] sd 0:0:0:0: [sda] Attached SCSI disk
[    6.338519] ACPI: \_SB_.LNKC: Enabled at IRQ 11
[    6.670490] e1000 0000:00:03.0 eth0: (PCI:33MHz:32-bit) 52:54:00:12:34:56
[    6.671273] e1000 0000:00:03.0 eth0: Intel(R) PRO/1000 Network Connection
[    6.672102] e1000e: Intel(R) PRO/1000 Network Driver
[    6.672611] e1000e: Copyright(c) 1999 - 2015 Intel Corporation.
[    6.673286] igb: Intel(R) Gigabit Ethernet Network Driver
[    6.673844] igb: Copyright (c) 2007-2014 Intel Corporation.
[    6.674526] PPP generic driver version 2.4.2
[    6.675855] VFIO - User Level meta-driver version: 0.3
[    6.677527] usbcore: registered new interface driver uas
[    6.678108] usbcore: registered new interface driver usb-storage
[    6.678932] i8042: PNP: PS/2 Controller [PNP0303:KBD,PNP0f13:MOU] at 0x60,0x64 irq 1,12
[    6.680642] serio: i8042 KBD port at 0x60,0x64 irq 1
[    6.681207] serio: i8042 AUX port at 0x60,0x64 irq 12
[    6.682735] mousedev: PS/2 mouse device common for all mice
[    6.684267] input: AT Translated Set 2 keyboard as /devices/platform/i8042/serio0/input/input1
[    6.686508] input: VirtualPS/2 VMware VMMouse as /devices/platform/i8042/serio1/input/input4
[    6.686876] rtc_cmos 00:05: RTC can wake from S4
[    6.688496] input: VirtualPS/2 VMware VMMouse as /devices/platform/i8042/serio1/input/input3
[    6.690240] rtc_cmos 00:05: registered as rtc0
[    6.691060] rtc_cmos 00:05: setting system clock to 2023-03-14T01:45:18 UTC (1678758318)
[    6.692760] rtc_cmos 00:05: alarms up to one day, y3k, 242 bytes nvram, hpet irqs
[    6.693949] i2c_dev: i2c /dev entries driver
[    6.694805] device-mapper: core: CONFIG_IMA_DISABLE_HTABLE is disabled. Duplicate IMA measurements will not be recorded in the IMA log.
[    6.696648] device-mapper: uevent: version 1.0.3
[    6.697829] device-mapper: ioctl: 4.47.0-ioctl (2022-07-28) initialised: dm-devel@redhat.com
[    6.699160] intel_pstate: CPU model not supported
[    6.700119] sdhci: Secure Digital Host Controller Interface driver
[    6.701060] sdhci: Copyright(c) Pierre Ossman
[    6.701936] sdhci-pltfm: SDHCI platform and OF driver helper
[    6.702942] ledtrig-cpu: registered to indicate activity on CPUs
[    6.704858] drop_monitor: Initializing network drop monitor service
[    6.706198] NET: Registered PF_INET6 protocol family
[    6.712172] Segment Routing with IPv6
[    6.712816] In-situ OAM (IOAM) with IPv6
[    6.713542] NET: Registered PF_PACKET protocol family
[    6.714645] 9pnet: Installing 9P2000 support
[    6.715461] Key type dns_resolver registered
[    6.717679] IPI shorthand broadcast: enabled
[    6.754685] sched_clock: Marking stable (6440009291, 314609992)->(6807893468, -53274185)
[    6.757492] registered taskstats version 1
[    6.758787] Loading compiled-in X.509 certificates
[    6.759950] zswap: loaded using pool lzo/zbud
[    6.781554] Key type .fscrypt registered
[    6.782165] Key type fscrypt-provisioning registered
[    6.785194] Key type encrypted registered
[    6.785692] ima: No TPM chip found, activating TPM-bypass!
[    6.786255] ima: Allocated hash algorithm: sha1
[    6.786793] ima: No architecture policies found
[    6.787355] evm: Initialising EVM extended attributes:
[    6.787867] evm: security.selinux
[    6.788198] evm: security.SMACK64
[    6.788531] evm: security.SMACK64EXEC
[    6.788895] evm: security.SMACK64TRANSMUTE
[    6.789301] evm: security.SMACK64MMAP
[    6.789671] evm: security.apparmor
[    6.790005] evm: security.ima
[    6.790299] evm: security.capability
[    6.790694] evm: HMAC attrs: 0x1
[    6.792637] PM:   Magic number: 15:371:761
[    6.793854] RAS: Correctable Errors collector initialized.
[    6.796986] md: Waiting for all devices to be available before autodetect
[    6.797724] md: If you don't use raid, use raid=noautodetect
[    6.798333] md: Autodetecting RAID arrays.
[    6.798834] md: autorun ...
[    6.799145] md: ... autorun DONE.
[    6.810572] EXT4-fs (sda): mounted filesystem 23a53bb9-f815-47a5-b74c-5e08f7731193 with ordered data mode. Quota mode: none.
[    6.811983] VFS: Mounted root (ext4 filesystem) readonly on device 8:0.
[    6.816095] devtmpfs: mounted
[    6.837037] Freeing unused decrypted memory: 2036K
[    6.842539] Freeing unused kernel image (initmem) memory: 10508K
[    6.843308] Write protecting the kernel read-only data: 47104k
[    6.847007] Freeing unused kernel image (rodata/data gap) memory: 392K
[    6.966435] x86/mm: Checked W+X mappings: passed, no W+X pages found.
[    6.966956] Run /sbin/init as init process
[    7.099809] systemd[1]: RTC configured in localtime, applying delta of 0 minutes to system time.
[    7.138345] systemd[1]: systemd 239 (239-49.el8) running in system mode. (+PAM +AUDIT +SELINUX +IMA -APPARMOR +SMACK +SYSVINIT +UTMP +LIBCRYPTSETUP +GCRYPT +GNUTLS +ACL +XZ +LZ4 +SECCOMP +BLKID +ELFUTILS +KMOD +IDN2 -IDN +PCRE2 default-hierarchy=legacy)
[    7.140101] systemd[1]: Detected virtualization kvm.
[    7.140449] systemd[1]: Detected architecture x86-64.

Welcome to [0;31mCentOS Stream 8[0m!

[    7.200031] systemd[1]: Set hostname to <test>.
[    7.621812] systemd[1]: Listening on multipathd control socket.
[[0;32m  OK  [0m] Listening on multipathd control socket.
[    7.623904] systemd[1]: Listening on LVM2 poll daemon socket.
[[0;32m  OK  [0m] Listening on LVM2 poll daemon socket.
[    7.626082] systemd[1]: Listening on RPCbind Server Activation Socket.
[[0;32m  OK  [0m] Listening on RPCbind Server Activation Socket.
[    7.628444] systemd[1]: Set up automount Arbitrary Executable File Formats File System Automount Point.
[[0;32m  OK  [0m] Set up automount Arbitrary Executabâ€¦rmats File System Automount Point.
[    7.630387] systemd[1]: Reached target Swap.
[[0;32m  OK  [0m] Reached target Swap.
[    7.635311] systemd[1]: Created slice system-serial\x2dgetty.slice.
[[0;32m  OK  [0m] Created slice system-serial\x2dgetty.slice.
[[0;32m  OK  [0m] Listening on Journal Socket (/dev/log).
[[0;32m  OK  [0m] Reached target RPC Port Mapper.
[[0;32m  OK  [0m] Listening on Device-mapper event daemon FIFOs.
[[0;32m  OK  [0m] Listening on udev Kernel Socket.
[[0;32m  OK  [0m] Listening on Process Core Dump Socket.
[[0;32m  OK  [0m] Created slice system-getty.slice.
[[0;32m  OK  [0m] Created slice User and Session Slice.
[[0;32m  OK  [0m] Reached target Slices.
[[0;32m  OK  [0m] Listening on udev Control Socket.
[[0;32m  OK  [0m] Listening on Journal Socket.
         Starting Setup Virtual Console...
         Starting Monitoring of LVM2 mirrorsâ€¦ng dmeventd or progress polling...
         Starting Load Kernel Modules...
         Mounting Huge Pages File System...
         Starting Remount Root and Kernel File Systems...
         Starting udev Coldplug all Devices...
         Mounting Kernel Debug File System...
         Starting Journal Service...
         Mounting POSIX Message Queue File System...
[[0;32m  OK  [0m] Listening on initctl Compatibility Named Pipe.
[[0;32m  OK  [0m] Started Forward Password Requests to Wall Directory Watch.
[[0;32m  OK  [0m] Created slice system-sshd\x2dkeygen.slice.
[[0;1;31mFAILED[0m] Failed to start Load Kernel Modules.
See 'systemctl status systemd-modules-load.service' for details.
[[0;32m  OK  [0m] Mounted Huge Pages File System.
[[0;32m  OK  [0m] Mounted Kernel Debug File System.
[[0;32m  OK  [0m] Mounted POSIX Message Queue File System.
[    8.287869] EXT4-fs (sda): re-mounted 23a53bb9-f815-47a5-b74c-5e08f7731193. Quota mode: none.
         Mounting Kernel Configuration File System...
         Starting Apply Kernel Variables...
         Mounting FUSE Control File System...
[[0;32m  OK  [0m] Started Journal Service.
[[0;32m  OK  [0m] Started Setup Virtual Console.
[[0;32m  OK  [0m] Started Remount Root and Kernel File Systems.
[[0;32m  OK  [0m] Mounted Kernel Configuration File System.
[[0;32m  OK  [0m] Started Apply Kernel Variables.
[[0;32m  OK  [0m] Mounted FUSE Control File System.
         Starting Load/Save Random Seed...
         Starting Create Static Device Nodes in /dev...
         Starting Flush Journal to Persistent Storage...
[[0;32m  OK  [0m] Started Load/Save Random Seed.
[[0;32m  OK  [0m] Started Create Static Device Nodes in /dev.
         Starting udev Kernel Device Manager...
[[0;32m  OK  [0m] Started Flush Journal to Persistent Storage.
[[0;32m  OK  [0m] Started udev Coldplug all Devices.
         Starting udev Wait for Complete Device Initialization...
[[0;32m  OK  [0m] Started udev Kernel Device Manager.
         Starting Show Plymouth Boot Screen...
[[0;32m  OK  [0m] Started Show Plymouth Boot Screen.
[[0;32m  OK  [0m] Reached target Local Encrypted Volumes.
[[0;32m  OK  [0m] Reached target Paths.
[[0;32m  OK  [0m] Started Forward Password Requests to Plymouth Directory Watch.
[[0;32m  OK  [0m] Found device /dev/ttyS0.
[[0;32m  OK  [0m] Listening on Load/Save RF Kill Switch Status /dev/rfkill Watch.
[[0;32m  OK  [0m] Started Monitoring of LVM2 mirrors,â€¦sing dmeventd or progress polling.
[[0;32m  OK  [0m] Started udev Wait for Complete Device Initialization.
[[0;32m  OK  [0m] Reached target Local File Systems (Pre).
[[0;32m  OK  [0m] Reached target Local File Systems.
         Starting Tell Plymouth To Write Out Runtime Data...
         Starting Create Volatile Files and Directories...
         Starting Restore /run/initramfs on shutdown...
[[0;32m  OK  [0m] Started Tell Plymouth To Write Out Runtime Data.
[[0;32m  OK  [0m] Started Create Volatile Files and Directories.
[[0;32m  OK  [0m] Started Restore /run/initramfs on shutdown.
         Starting RPC Bind...
         Starting Security Auditing Service...
         Mounting RPC Pipe File System...
[[0;32m  OK  [0m] Started RPC Bind.
[[0;32m  OK  [0m] Mounted RPC Pipe File System.
[[0;32m  OK  [0m] Reached target rpc_pipefs.target.
[[0;32m  OK  [0m] Started Security Auditing Service.
         Starting Update UTMP about System Boot/Shutdown...
[[0;32m  OK  [0m] Started Update UTMP about System Boot/Shutdown.
[[0;32m  OK  [0m] Reached target System Initialization.
[[0;32m  OK  [0m] Listening on D-Bus System Message Bus Socket.
[[0;32m  OK  [0m] Started dnf makecache --timer.
[[0;32m  OK  [0m] Listening on SSSD Kerberos Cache Manager responder socket.
[[0;32m  OK  [0m] Reached target Sockets.
[[0;32m  OK  [0m] Reached target Basic System.
[[0;32m  OK  [0m] Started D-Bus System Message Bus.
         Starting Authorization Manager...
[[0;32m  OK  [0m] Started irqbalance daemon.
         Starting Auto-connect to subsystemsâ€¦-NVME devices found during boot...
[[0;32m  OK  [0m] Reached target sshd-keygen.target.
         Starting Network Manager...
         Starting NTP client/server...
         Starting Login Service...
[[0;32m  OK  [0m] Started Machine Check Exception Logging Daemon.
[[0;32m  OK  [0m] Started Daily Cleanup of Temporary Directories.
         Starting Self Monitoring and Reporting Technology (SMART) Daemon...
[[0;32m  OK  [0m] Started daily update of the root trust anchor for DNSSEC.
[[0;32m  OK  [0m] Reached target Timers.
[[0;32m  OK  [0m] Started Auto-connect to subsystems â€¦FC-NVME devices found during boot.
         Starting update of the root trust aâ€¦or DNSSEC validation in unbound...
[[0;32m  OK  [0m] Started Self Monitoring and Reporting Technology (SMART) Daemon.
[[0;32m  OK  [0m] Started Network Manager.
[[0;32m  OK  [0m] Reached target Network.
         Starting GSSAPI Proxy Daemon...
         Starting OpenSSH server daemon...
         Starting Dynamic System Tuning Daemon...
         Starting Network Manager Wait Online...
[[0;32m  OK  [0m] Started NTP client/server.
[[0;32m  OK  [0m] Started GSSAPI Proxy Daemon.
[[0;32m  OK  [0m] Started Login Service.
         Starting Hostname Service...
[[0;32m  OK  [0m] Reached target NFS client services.
[[0;32m  OK  [0m] Reached target Remote File Systems (Pre).
[[0;32m  OK  [0m] Reached target Remote File Systems.
         Starting Permit User Sessions...
[[0;32m  OK  [0m] Started OpenSSH server daemon.
[[0;32m  OK  [0m] Started update of the root trust anâ€¦ for DNSSEC validation in unbound.
[[0;32m  OK  [0m] Started Authorization Manager.
[[0;32m  OK  [0m] Started Permit User Sessions.
         Starting Terminate Plymouth Boot Screen...
         Starting Hold until boot process finishes up...
[[0;32m  OK  [0m] Started Command Scheduler.
[[0;32m  OK  [0m] Started Terminate Plymouth Boot Screen.
[[0;32m  OK  [0m] Started Hold until boot process finishes up.
[   12.400615] e1000: eth0 NIC Link is Up 1000 Mbps Full Duplex, Flow Control: RX
[   12.402165] IPv6: ADDRCONF(NETDEV_CHANGE): eth0: link becomes ready
[   12.888773] Spectre V2 : WARNING: Unprivileged eBPF is enabled with eIBRS on, data leaks possible via Spectre v2 BHB attacks!
[   12.890119] Spectre V2 : WARNING: Unprivileged eBPF is enabled with eIBRS on, data leaks possible via Spectre v2 BHB attacks!

CentOS Stream 8
Kernel 6.3.0-rc2-eeac8ede1755 on an x86_64

test login: [   24.464930] memfd_create() without MFD_EXEC nor MFD_NOEXEC_SEAL, pid=329 'systemd'
[   32.196744] ------------[ cut here ]------------
[   32.197234] WARNING: CPU: 0 PID: 557 at drivers/iommu/iommufd/pages.c:294 __iopt_area_unfill_domain+0x152/0x560
[   32.197954] Modules linked in:
[   32.198195] CPU: 0 PID: 557 Comm: repro Not tainted 6.3.0-rc2-eeac8ede1755 #1
[   32.198777] Hardware name: QEMU Standard PC (i440FX + PIIX, 1996), BIOS rel-1.16.0-0-gd239552ce722-prebuilt.qemu.org 04/01/2014
[   32.199605] RIP: 0010:__iopt_area_unfill_domain+0x152/0x560
[   32.200029] Code: d2 0f ff 44 8b 64 24 54 48 8b 44 24 48 31 ff 44 89 e6 48 89 44 24 38 e8 fc d3 0f ff 45 85 e4 0f 85 eb 01 00 00 e8 0e d2 0f ff <0f> 0b e8 07 d2 0f ff 48 8b 44 24 38 89 5c 24 58 89 18 8b 44 24 54
[   32.201354] RSP: 0018:ffffc9000108baf0 EFLAGS: 00010246
[   32.201759] RAX: 0000000000000000 RBX: 00000000ffffffff RCX: ffffffff821e3f85
[   32.202270] RDX: 0000000000000000 RSI: ffff88800faf0000 RDI: 0000000000000002
[   32.202819] RBP: ffffc9000108bd18 R08: 000000000003ca25 R09: 0000000000000014
[   32.203341] R10: 000000000003ca00 R11: 0000000000000024 R12: 0000000000000004
[   32.203875] R13: 0000000000000801 R14: 00000000000007ff R15: 0000000000000800
[   32.204383] FS:  00007f3499ce1740(0000) GS:ffff88807dc00000(0000) knlGS:0000000000000000
[   32.204978] CS:  0010 DS: 0000 ES: 0000 CR0: 0000000080050033
[   32.205393] CR2: 0000000020000243 CR3: 00000000179c2001 CR4: 0000000000770ef0
[   32.205927] PKRU: 55555554
[   32.206132] Call Trace:
[   32.206320]  <TASK>
[   32.206491]  ? __this_cpu_preempt_check+0x20/0x30
[   32.206915]  ? __this_cpu_preempt_check+0x20/0x30
[   32.207299]  ? lock_is_held_type+0xe6/0x140
[   32.207630]  ? rcu_read_lock_sched_held+0x57/0x80
[   32.208000]  ? __mutex_lock+0x13a/0xf80
[   32.208327]  ? write_comp_data+0x2f/0x90
[   32.208643]  ? write_comp_data+0x2f/0x90
[   32.208948]  ? __sanitizer_cov_trace_pc+0x25/0x60
[   32.209333]  iopt_area_unfill_domain+0x32/0x40
[   32.209688]  iopt_table_remove_domain+0x23f/0x4c0
[   32.210053]  iommufd_device_selftest_detach+0x3a/0x90
[   32.210451]  iommufd_selftest_destroy+0x55/0x70
[   32.210832]  iommufd_object_destroy_user+0xce/0x130
[   32.211214]  iommufd_destroy+0xa2/0xc0
[   32.211528]  iommufd_fops_ioctl+0x206/0x330
[   32.211851]  ? __sanitizer_cov_trace_pc+0x25/0x60
[   32.212212]  ? write_comp_data+0x2f/0x90
[   32.212541]  __x64_sys_ioctl+0x10e/0x160
[   32.212848]  ? __pfx_iommufd_fops_ioctl+0x10/0x10
[   32.213207]  do_syscall_64+0x3b/0x90
[   32.213511]  entry_SYSCALL_64_after_hwframe+0x72/0xdc
[   32.213896] RIP: 0033:0x7f3499e0659d
[   32.214174] Code: 00 c3 66 2e 0f 1f 84 00 00 00 00 00 90 f3 0f 1e fa 48 89 f8 48 89 f7 48 89 d6 48 89 ca 4d 89 c2 4d 89 c8 4c 8b 4c 24 08 0f 05 <48> 3d 01 f0 ff ff 73 01 c3 48 8b 0d d3 08 0d 00 f7 d8 64 89 01 48
[   32.215510] RSP: 002b:00007ffd7bbdb808 EFLAGS: 00000213 ORIG_RAX: 0000000000000010
[   32.216071] RAX: ffffffffffffffda RBX: 0000000000000000 RCX: 00007f3499e0659d
[   32.216581] RDX: 0000000020000140 RSI: 0000000000003b80 RDI: 0000000000000003
[   32.217108] RBP: 00007ffd7bbdb820 R08: 00007ffd7bbdb820 R09: 00007ffd7bbdb820
[   32.217624] R10: 00007ffd7bbdb820 R11: 0000000000000213 R12: 0000000000401180
[   32.218154] R13: 00007ffd7bbdb940 R14: 0000000000000000 R15: 0000000000000000
[   32.218704]  </TASK>
[   32.218899] irq event stamp: 18545
[   32.219156] hardirqs last  enabled at (18553): [<ffffffff811eac21>] __up_console_sem+0x91/0xb0
[   32.219774] hardirqs last disabled at (18560): [<ffffffff811eac06>] __up_console_sem+0x76/0xb0
[   32.220410] softirqs last  enabled at (18388): [<ffffffff83024a4c>] __do_softirq+0x31c/0x49c
[   32.221014] softirqs last disabled at (18383): [<ffffffff8112b5a4>] irq_exit_rcu+0xc4/0x100
[   32.221641] ---[ end trace 0000000000000000 ]---
[   32.222064] ------------[ cut here ]------------
[   32.222422] WARNING: CPU: 0 PID: 557 at drivers/iommu/iommufd/pages.c:1292 __iopt_area_unfill_domain+0x54f/0x560
[   32.223186] Modules linked in:
[   32.223443] CPU: 0 PID: 557 Comm: repro Tainted: G        W          6.3.0-rc2-eeac8ede1755 #1
[   32.224055] Hardware name: QEMU Standard PC (i440FX + PIIX, 1996), BIOS rel-1.16.0-0-gd239552ce722-prebuilt.qemu.org 04/01/2014
[   32.224871] RIP: 0010:__iopt_area_unfill_domain+0x54f/0x560
[   32.225295] Code: e8 16 d0 0f ff 85 db 0f 85 35 fb ff ff e8 29 ce 0f ff 0f 0b e9 29 fb ff ff e8 1d ce 0f ff 0f 0b e9 69 fe ff ff e8 11 ce 0f ff <0f> 0b e9 58 ff ff ff e8 b5 cb e1 00 0f 1f 44 00 00 90 90 90 90 90
[   32.226655] RSP: 0018:ffffc9000108baf0 EFLAGS: 00010246
[   32.227039] RAX: 0000000000000000 RBX: 00000000ffffffff RCX: ffffffff821e40d6
[   32.227559] RDX: 0000000000000000 RSI: ffff88800faf0000 RDI: 0000000000000002
[   32.228079] RBP: ffffc9000108bd18 R08: 000000000003ca25 R09: 0000000000000014
[   32.228581] R10: 000000000003ca00 R11: 0000000000000024 R12: 00000000000007ff
[   32.229108] R13: 0000000000000801 R14: 00000000000007ff R15: 0000000000000800
[   32.229625] FS:  00007f3499ce1740(0000) GS:ffff88807dc00000(0000) knlGS:0000000000000000
[   32.230218] CS:  0010 DS: 0000 ES: 0000 CR0: 0000000080050033
[   32.230655] CR2: 0000000020000243 CR3: 00000000179c2001 CR4: 0000000000770ef0
[   32.231186] PKRU: 55555554
[   32.231389] Call Trace:
[   32.231573]  <TASK>
[   32.231743]  ? __this_cpu_preempt_check+0x20/0x30
[   32.232143]  ? __this_cpu_preempt_check+0x20/0x30
[   32.232510]  ? lock_is_held_type+0xe6/0x140
[   32.232837]  ? rcu_read_lock_sched_held+0x57/0x80
[   32.233216]  ? __mutex_lock+0x13a/0xf80
[   32.233521]  ? write_comp_data+0x2f/0x90
[   32.233876]  ? write_comp_data+0x2f/0x90
[   32.234341]  ? __sanitizer_cov_trace_pc+0x25/0x60
[   32.234945]  iopt_area_unfill_domain+0x32/0x40
[   32.235481]  iopt_table_remove_domain+0x23f/0x4c0
[   32.236045]  iommufd_device_selftest_detach+0x3a/0x90
[   32.236629]  iommufd_selftest_destroy+0x55/0x70
[   32.237167]  iommufd_object_destroy_user+0xce/0x130
[   32.237741]  iommufd_destroy+0xa2/0xc0
[   32.238186]  iommufd_fops_ioctl+0x206/0x330
[   32.238713]  ? __sanitizer_cov_trace_pc+0x25/0x60
[   32.239271]  ? write_comp_data+0x2f/0x90
[   32.239755]  __x64_sys_ioctl+0x10e/0x160
[   32.240231]  ? __pfx_iommufd_fops_ioctl+0x10/0x10
[   32.240785]  do_syscall_64+0x3b/0x90
[   32.241215]  entry_SYSCALL_64_after_hwframe+0x72/0xdc
[   32.241790] RIP: 0033:0x7f3499e0659d
[   32.242198] Code: 00 c3 66 2e 0f 1f 84 00 00 00 00 00 90 f3 0f 1e fa 48 89 f8 48 89 f7 48 89 d6 48 89 ca 4d 89 c2 4d 89 c8 4c 8b 4c 24 08 0f 05 <48> 3d 01 f0 ff ff 73 01 c3 48 8b 0d d3 08 0d 00 f7 d8 64 89 01 48
[   32.244203] RSP: 002b:00007ffd7bbdb808 EFLAGS: 00000213 ORIG_RAX: 0000000000000010
[   32.245040] RAX: ffffffffffffffda RBX: 0000000000000000 RCX: 00007f3499e0659d
[   32.245818] RDX: 0000000020000140 RSI: 0000000000003b80 RDI: 0000000000000003
[   32.246588] RBP: 00007ffd7bbdb820 R08: 00007ffd7bbdb820 R09: 00007ffd7bbdb820
[   32.247401] R10: 00007ffd7bbdb820 R11: 0000000000000213 R12: 0000000000401180
[   32.248175] R13: 00007ffd7bbdb940 R14: 0000000000000000 R15: 0000000000000000
[   32.248949]  </TASK>
[   32.249203] irq event stamp: 19017
[   32.249588] hardirqs last  enabled at (19025): [<ffffffff811eac21>] __up_console_sem+0x91/0xb0
[   32.250502] hardirqs last disabled at (19032): [<ffffffff811eac06>] __up_console_sem+0x76/0xb0
[   32.251423] softirqs last  enabled at (18388): [<ffffffff83024a4c>] __do_softirq+0x31c/0x49c
[   32.252325] softirqs last disabled at (18383): [<ffffffff8112b5a4>] irq_exit_rcu+0xc4/0x100
[   32.253224] ---[ end trace 0000000000000000 ]---
[   32.259484] ------------[ cut here ]------------
[   32.260072] WARNING: CPU: 0 PID: 557 at drivers/iommu/iommufd/pages.c:178 batch_unpin.isra.22+0x151/0x1a0
[   32.261108] Modules linked in:
[   32.261461] CPU: 0 PID: 557 Comm: repro Tainted: G        W          6.3.0-rc2-eeac8ede1755 #1
[   32.262362] Hardware name: QEMU Standard PC (i440FX + PIIX, 1996), BIOS rel-1.16.0-0-gd239552ce722-prebuilt.qemu.org 04/01/2014
[   32.263582] RIP: 0010:batch_unpin.isra.22+0x151/0x1a0
[   32.264155] Code: e8 e4 f1 0f ff 48 8b 45 d0 48 85 c0 75 17 e8 c6 ef 0f ff 48 8b 7d c8 48 89 de e8 da f0 0f ff 48 39 5d c8 73 07 e8 af ef 0f ff <0f> 0b e8 a8 ef 0f ff 4d 29 e5 31 ff 41 83 c6 01 4c 89 ee 31 db e8
[   32.266081] RSP: 0018:ffffc9000108b9d8 EFLAGS: 00010246
[   32.266673] RAX: 0000000000000000 RBX: ffffffffffffffff RCX: ffffffff821e1fbc
[   32.267442] RDX: 0000000000000000 RSI: ffff88800faf0000 RDI: 0000000000000002
[   32.268214] RBP: ffffc9000108ba20 R08: 0000000000000000 R09: ffff88807dc3c910
[   32.268982] R10: 0000000000000cf3 R11: 0000000000000000 R12: 0000000000000001
[   32.269727] R13: 0000000000000001 R14: 0000000000000000 R15: ffff88800b2fda00
[   32.270457] FS:  0000000000000000(0000) GS:ffff88807dc00000(0000) knlGS:0000000000000000
[   32.271354] CS:  0010 DS: 0000 ES: 0000 CR0: 0000000080050033
[   32.271979] CR2: 00007f3499ed8500 CR3: 0000000003e3a005 CR4: 0000000000770ef0
[   32.272733] PKRU: 55555554
[   32.273031] Call Trace:
[   32.273307]  <TASK>
[   32.273577]  iopt_pages_unfill_xarray+0x3c6/0x5e0
[   32.274194]  ? write_comp_data+0x2f/0x90
[   32.274684]  ? __sanitizer_cov_trace_pc+0x25/0x60
[   32.275249]  ? write_comp_data+0x2f/0x90
[   32.275717]  ? __sanitizer_cov_trace_pc+0x25/0x60
[   32.276261]  ? interval_tree_remove+0x291/0x4e0
[   32.276785]  ? write_comp_data+0x2f/0x90
[   32.277255]  iopt_area_remove_access+0x108/0x120
[   32.277795]  iommufd_access_unpin_pages+0x177/0x210
[   32.278362]  iommufd_test_access_unmap+0xe0/0x130
[   32.278944]  ? __pfx_iommufd_test_staccess_release+0x10/0x10
[   32.279592]  iommufd_test_staccess_release+0x39/0x60
[   32.280160]  __fput+0x11f/0x450
[   32.280555]  ____fput+0x1e/0x30
[   32.280936]  task_work_run+0xb6/0x120
[   32.281374]  do_exit+0x547/0x1360
[   32.281748]  ? __this_cpu_preempt_check+0x20/0x30
[   32.282277]  ? lockdep_hardirqs_on+0x8a/0x110
[   32.282811]  do_group_exit+0x5e/0xf0
[   32.283233]  __x64_sys_exit_group+0x25/0x30
[   32.283708]  do_syscall_64+0x3b/0x90
[   32.284126]  entry_SYSCALL_64_after_hwframe+0x72/0xdc
[   32.284693] RIP: 0033:0x7f3499dcecf6
[   32.285101] Code: Unable to access opcode bytes at 0x7f3499dceccc.
[   32.285758] RSP: 002b:00007ffd7bbdb7c8 EFLAGS: 00000246 ORIG_RAX: 00000000000000e7
[   32.286552] RAX: ffffffffffffffda RBX: 00007f3499ed9490 RCX: 00007f3499dcecf6
[   32.287344] RDX: 0000000000000000 RSI: 000000000000003c RDI: 0000000000000000
[   32.288109] RBP: 0000000000000000 R08: 00000000000000e7 R09: ffffffffffffff80
[   32.288865] R10: 0000000000000004 R11: 0000000000000246 R12: 00007f3499ed9490
[   32.289627] R13: 0000000000000001 R14: 00007f3499edce88 R15: 0000000000000000
[   32.290426]  </TASK>
[   32.290743] irq event stamp: 20297
[   32.291125] hardirqs last  enabled at (20305): [<ffffffff811eac21>] __up_console_sem+0x91/0xb0
[   32.292067] hardirqs last disabled at (20312): [<ffffffff811eac06>] __up_console_sem+0x76/0xb0
[   32.292980] softirqs last  enabled at (20294): [<ffffffff83024a4c>] __do_softirq+0x31c/0x49c
[   32.293887] softirqs last disabled at (20283): [<ffffffff8112b5a4>] irq_exit_rcu+0xc4/0x100
[   32.294790] ---[ end trace 0000000000000000 ]---
[   32.295442] ------------[ cut here ]------------
[   32.295939] WARNING: CPU: 0 PID: 557 at drivers/iommu/iommufd/pages.c:888 update_unpinned+0x75/0x80
[   32.296924] Modules linked in:
[   32.297274] CPU: 0 PID: 557 Comm: repro Tainted: G        W          6.3.0-rc2-eeac8ede1755 #1
[   32.298175] Hardware name: QEMU Standard PC (i440FX + PIIX, 1996), BIOS rel-1.16.0-0-gd239552ce722-prebuilt.qemu.org 04/01/2014
[   32.299388] RIP: 0010:update_unpinned+0x75/0x80
[   32.299908] Code: de 0f ff 48 89 de 31 c9 31 d2 4c 29 e6 4c 89 ef e8 60 fb ff ff e8 ab de 0f ff 5b 41 5c 41 5d 5d c3 cc cc cc cc e8 9b de 0f ff <0f> 0b eb e7 0f 1f 80 00 00 00 00 90 90 90 90 90 90 90 90 90 90 90
[   32.301812] RSP: 0018:ffffc9000108ba08 EFLAGS: 00010246
[   32.302390] RAX: 0000000000000000 RBX: 0000000000000000 RCX: ffffffff821e30af
[   32.303167] RDX: 0000000000000000 RSI: ffff88800faf0000 RDI: 0000000000000002
[   32.303900] RBP: ffffc9000108ba20 R08: 0000000000000000 R09: ffff88807dc3c910
[   32.304647] R10: 0000000000000cf3 R11: 0000000000000000 R12: ffffffffffffffff
[   32.305415] R13: ffff88800b2fda00 R14: 0000000000000002 R15: 0000000000000002
[   32.306160] FS:  0000000000000000(0000) GS:ffff88807dc00000(0000) knlGS:0000000000000000
[   32.307046] CS:  0010 DS: 0000 ES: 0000 CR0: 0000000080050033
[   32.307676] CR2: 00007f3499ed8500 CR3: 0000000003e3a005 CR4: 0000000000770ef0
[   32.308422] PKRU: 55555554
[   32.308725] Call Trace:
[   32.309004]  <TASK>
[   32.309263]  iopt_pages_unfill_xarray+0x549/0x5e0
[   32.309878]  ? write_comp_data+0x2f/0x90
[   32.310335]  ? __sanitizer_cov_trace_pc+0x25/0x60
[   32.310925]  ? write_comp_data+0x2f/0x90
[   32.311393]  ? __sanitizer_cov_trace_pc+0x25/0x60
[   32.311936]  ? interval_tree_remove+0x291/0x4e0
[   32.312447]  ? write_comp_data+0x2f/0x90
[   32.312901]  iopt_area_remove_access+0x108/0x120
[   32.313439]  iommufd_access_unpin_pages+0x177/0x210
[   32.314030]  iommufd_test_access_unmap+0xe0/0x130
[   32.314581]  ? __pfx_iommufd_test_staccess_release+0x10/0x10
[   32.315257]  iommufd_test_staccess_release+0x39/0x60
[   32.315828]  __fput+0x11f/0x450
[   32.316212]  ____fput+0x1e/0x30
[   32.316588]  task_work_run+0xb6/0x120
[   32.317028]  do_exit+0x547/0x1360
[   32.317414]  ? __this_cpu_preempt_check+0x20/0x30
[   32.317944]  ? lockdep_hardirqs_on+0x8a/0x110
[   32.318451]  do_group_exit+0x5e/0xf0
[   32.318919]  __x64_sys_exit_group+0x25/0x30
[   32.319395]  do_syscall_64+0x3b/0x90
[   32.319815]  entry_SYSCALL_64_after_hwframe+0x72/0xdc
[   32.320383] RIP: 0033:0x7f3499dcecf6
[   32.320791] Code: Unable to access opcode bytes at 0x7f3499dceccc.
[   32.321455] RSP: 002b:00007ffd7bbdb7c8 EFLAGS: 00000246 ORIG_RAX: 00000000000000e7
[   32.322257] RAX: ffffffffffffffda RBX: 00007f3499ed9490 RCX: 00007f3499dcecf6
[   32.323052] RDX: 0000000000000000 RSI: 000000000000003c RDI: 0000000000000000
[   32.323822] RBP: 0000000000000000 R08: 00000000000000e7 R09: ffffffffffffff80
[   32.324588] R10: 0000000000000004 R11: 0000000000000246 R12: 00007f3499ed9490
[   32.325351] R13: 0000000000000001 R14: 00007f3499edce88 R15: 0000000000000000
[   32.326133]  </TASK>
[   32.326385] irq event stamp: 20789
[   32.326789] hardirqs last  enabled at (20799): [<ffffffff811eac21>] __up_console_sem+0x91/0xb0
[   32.327722] hardirqs last disabled at (20806): [<ffffffff811eac06>] __up_console_sem+0x76/0xb0
[   32.328654] softirqs last  enabled at (20550): [<ffffffff83024a4c>] __do_softirq+0x31c/0x49c
[   32.329552] softirqs last disabled at (20541): [<ffffffff8112b5a4>] irq_exit_rcu+0xc4/0x100
[   32.330443] ---[ end trace 0000000000000000 ]---
[   32.331229] ------------[ cut here ]------------
[   32.331836] WARNING: CPU: 0 PID: 557 at drivers/iommu/iommufd/pages.c:1183 iopt_release_pages+0x159/0x190
[   32.332876] Modules linked in:
[   32.333231] CPU: 0 PID: 557 Comm: repro Tainted: G        W          6.3.0-rc2-eeac8ede1755 #1
[   32.334133] Hardware name: QEMU Standard PC (i440FX + PIIX, 1996), BIOS rel-1.16.0-0-gd239552ce722-prebuilt.qemu.org 04/01/2014
[   32.335372] RIP: 0010:iopt_release_pages+0x159/0x190
[   32.335939] Code: fc f2 fe eb cb e8 27 c1 0f ff be 03 00 00 00 4c 89 f7 e8 ea 19 bd ff eb b7 e8 13 c1 0f ff 0f 0b e9 ed fe ff ff e8 07 c1 0f ff <0f> 0b e9 00 ff ff ff e8 fb c0 0f ff 0f 0b e9 07 ff ff ff e8 ef c0
[   32.337860] RSP: 0018:ffffc9000108bc88 EFLAGS: 00010246
[   32.338427] RAX: 0000000000000000 RBX: ffff88800b2fda00 RCX: ffffffff821e4d87
[   32.339263] RDX: 0000000000000000 RSI: ffff88800faf0000 RDI: 0000000000000002
[   32.340029] RBP: ffffc9000108bca8 R08: 000000000000001c R09: 0000000000000001
[   32.340794] R10: ffff88800faf0d98 R11: 0000000000000000 R12: ffffffffffffffff
[   32.341544] R13: 0000000001000000 R14: 00000000017fffff R15: 0000000000000000
[   32.342274] FS:  0000000000000000(0000) GS:ffff88807dc00000(0000) knlGS:0000000000000000
[   32.343141] CS:  0010 DS: 0000 ES: 0000 CR0: 0000000080050033
[   32.343767] CR2: 00007f3499ed8500 CR3: 0000000003e3a005 CR4: 0000000000770ef0
[   32.344529] PKRU: 55555554
[   32.344826] Call Trace:
[   32.345101]  <TASK>
[   32.345355]  iopt_unmap_iova_range+0x1ef/0x2e0
[   32.345888]  iopt_unmap_all+0x2f/0x60
[   32.346314]  iommufd_ioas_destroy+0x2c/0x70
[   32.346811]  iommufd_fops_release+0xd4/0x170
[   32.347297]  ? __pfx_iommufd_fops_release+0x10/0x10
[   32.347851]  __fput+0x11f/0x450
[   32.348248]  ____fput+0x1e/0x30
[   32.348618]  task_work_run+0xb6/0x120
[   32.348939]  do_exit+0x547/0x1360
[   32.349207]  ? __this_cpu_preempt_check+0x20/0x30
[   32.349610]  ? lockdep_hardirqs_on+0x8a/0x110
[   32.349941]  do_group_exit+0x5e/0xf0
[   32.350215]  __x64_sys_exit_group+0x25/0x30
[   32.350528]  do_syscall_64+0x3b/0x90
[   32.350850]  entry_SYSCALL_64_after_hwframe+0x72/0xdc
[   32.351267] RIP: 0033:0x7f3499dcecf6
[   32.351552] Code: Unable to access opcode bytes at 0x7f3499dceccc.
[   32.352032] RSP: 002b:00007ffd7bbdb7c8 EFLAGS: 00000246 ORIG_RAX: 00000000000000e7
[   32.352607] RAX: ffffffffffffffda RBX: 00007f3499ed9490 RCX: 00007f3499dcecf6
[   32.353156] RDX: 0000000000000000 RSI: 000000000000003c RDI: 0000000000000000
[   32.353688] RBP: 0000000000000000 R08: 00000000000000e7 R09: ffffffffffffff80
[   32.354209] R10: 0000000000000004 R11: 0000000000000246 R12: 00007f3499ed9490
[   32.354759] R13: 0000000000000001 R14: 00007f3499edce88 R15: 0000000000000000
[   32.355415]  </TASK>
[   32.355676] irq event stamp: 21323
[   32.355970] hardirqs last  enabled at (21331): [<ffffffff811eac21>] __up_console_sem+0x91/0xb0
[   32.356637] hardirqs last disabled at (21338): [<ffffffff811eac06>] __up_console_sem+0x76/0xb0
[   32.357304] softirqs last  enabled at (21034): [<ffffffff83024a4c>] __do_softirq+0x31c/0x49c
[   32.357927] softirqs last disabled at (20981): [<ffffffff8112b5a4>] irq_exit_rcu+0xc4/0x100
[   32.358551] ---[ end trace 0000000000000000 ]---
[   32.496661] ------------[ cut here ]------------
[   32.497035] WARNING: CPU: 0 PID: 561 at drivers/iommu/iommufd/pages.c:294 __iopt_area_unfill_domain+0x152/0x560
[   32.497784] Modules linked in:
[   32.498019] CPU: 0 PID: 561 Comm: repro Tainted: G        W          6.3.0-rc2-eeac8ede1755 #1
[   32.498682] Hardware name: QEMU Standard PC (i440FX + PIIX, 1996), BIOS rel-1.16.0-0-gd239552ce722-prebuilt.qemu.org 04/01/2014
[   32.499509] RIP: 0010:__iopt_area_unfill_domain+0x152/0x560
[   32.499921] Code: d2 0f ff 44 8b 64 24 54 48 8b 44 24 48 31 ff 44 89 e6 48 89 44 24 38 e8 fc d3 0f ff 45 85 e4 0f 85 eb 01 00 00 e8 0e d2 0f ff <0f> 0b e8 07 d2 0f ff 48 8b 44 24 38 89 5c 24 58 89 18 8b 44 24 54
[   32.501514] RSP: 0018:ffffc900010abaf0 EFLAGS: 00010246
[   32.501915] RAX: 0000000000000000 RBX: 00000000ffffffff RCX: ffffffff821e3f85
[   32.502586] RDX: 0000000000000000 RSI: ffff88800faf0000 RDI: 0000000000000002
[   32.503170] RBP: ffffc900010abd18 R08: 000000000003ca25 R09: 0000000000000002
[   32.503665] R10: 000000000003ca00 R11: 0000000000000024 R12: 0000000000000012
[   32.504187] R13: 0000000000000801 R14: 00000000000007ff R15: 0000000000000800
[   32.504830] FS:  00007f3499ce1740(0000) GS:ffff88807dc00000(0000) knlGS:0000000000000000
[   32.505417] CS:  0010 DS: 0000 ES: 0000 CR0: 0000000080050033
[   32.505842] CR2: 0000000020000243 CR3: 00000000179dc005 CR4: 0000000000770ef0
[   32.506527] PKRU: 55555554
[   32.506746] Call Trace:
[   32.506941]  <TASK>
[   32.507117]  ? __this_cpu_preempt_check+0x20/0x30
[   32.507515]  ? __this_cpu_preempt_check+0x20/0x30
[   32.507865]  ? lock_is_held_type+0xe6/0x140
[   32.508199]  ? rcu_read_lock_sched_held+0x57/0x80
[   32.508560]  ? __mutex_lock+0x13a/0xf80
[   32.508851]  ? write_comp_data+0x2f/0x90
[   32.509144]  ? write_comp_data+0x2f/0x90
[   32.509468]  ? __sanitizer_cov_trace_pc+0x25/0x60
[   32.509844]  iopt_area_unfill_domain+0x32/0x40
[   32.510182]  iopt_table_remove_domain+0x23f/0x4c0
[   32.510555]  iommufd_device_selftest_detach+0x3a/0x90
[   32.511105]  iommufd_selftest_destroy+0x55/0x70
[   32.511476]  iommufd_object_destroy_user+0xce/0x130
[   32.511835]  iommufd_destroy+0xa2/0xc0
[   32.512115]  iommufd_fops_ioctl+0x206/0x330
[   32.512424]  ? __sanitizer_cov_trace_pc+0x25/0x60
[   32.512786]  ? write_comp_data+0x2f/0x90
[   32.513084]  __x64_sys_ioctl+0x10e/0x160
[   32.513542]  ? __pfx_iommufd_fops_ioctl+0x10/0x10
[   32.513908]  do_syscall_64+0x3b/0x90
[   32.514176]  entry_SYSCALL_64_after_hwframe+0x72/0xdc
[   32.514547] RIP: 0033:0x7f3499e0659d
[   32.514841] Code: 00 c3 66 2e 0f 1f 84 00 00 00 00 00 90 f3 0f 1e fa 48 89 f8 48 89 f7 48 89 d6 48 89 ca 4d 89 c2 4d 89 c8 4c 8b 4c 24 08 0f 05 <48> 3d 01 f0 ff ff 73 01 c3 48 8b 0d d3 08 0d 00 f7 d8 64 89 01 48
[   32.516131] RSP: 002b:00007ffd7bbdb808 EFLAGS: 00000213 ORIG_RAX: 0000000000000010
[   32.516662] RAX: ffffffffffffffda RBX: 0000000000000000 RCX: 00007f3499e0659d
[   32.517195] RDX: 0000000020000140 RSI: 0000000000003b80 RDI: 0000000000000003
[   32.517814] RBP: 00007ffd7bbdb820 R08: 00007ffd7bbdb820 R09: 00007ffd7bbdb820
[   32.518345] R10: 00007ffd7bbdb820 R11: 0000000000000213 R12: 0000000000401180
[   32.518874] R13: 00007ffd7bbdb940 R14: 0000000000000000 R15: 0000000000000000
[   32.519562]  </TASK>
[   32.519733] irq event stamp: 18737
[   32.519977] hardirqs last  enabled at (18745): [<ffffffff811eac21>] __up_console_sem+0x91/0xb0
[   32.520596] hardirqs last disabled at (18752): [<ffffffff811eac06>] __up_console_sem+0x76/0xb0
[   32.521206] softirqs last  enabled at (18726): [<ffffffff83024a4c>] __do_softirq+0x31c/0x49c
[   32.521807] softirqs last disabled at (18715): [<ffffffff8112b5a4>] irq_exit_rcu+0xc4/0x100
[   32.522408] ---[ end trace 0000000000000000 ]---
[   32.522990] ------------[ cut here ]------------
[   32.523354] WARNING: CPU: 0 PID: 561 at drivers/iommu/iommufd/pages.c:1292 __iopt_area_unfill_domain+0x54f/0x560
[   32.524065] Modules linked in:
[   32.524288] CPU: 0 PID: 561 Comm: repro Tainted: G        W          6.3.0-rc2-eeac8ede1755 #1
[   32.524902] Hardware name: QEMU Standard PC (i440FX + PIIX, 1996), BIOS rel-1.16.0-0-gd239552ce722-prebuilt.qemu.org 04/01/2014
[   32.525838] RIP: 0010:__iopt_area_unfill_domain+0x54f/0x560
[   32.526252] Code: e8 16 d0 0f ff 85 db 0f 85 35 fb ff ff e8 29 ce 0f ff 0f 0b e9 29 fb ff ff e8 1d ce 0f ff 0f 0b e9 69 fe ff ff e8 11 ce 0f ff <0f> 0b e9 58 ff ff ff e8 b5 cb e1 00 0f 1f 44 00 00 90 90 90 90 90
[   32.527731] RSP: 0018:ffffc900010abaf0 EFLAGS: 00010246
[   32.528108] RAX: 0000000000000000 RBX: 00000000ffffffff RCX: ffffffff821e40d6
[   32.528602] RDX: 0000000000000000 RSI: ffff88800faf0000 RDI: 0000000000000002
[   32.529115] RBP: ffffc900010abd18 R08: 000000000003ca25 R09: 0000000000000002
[   32.529623] R10: 000000000003ca00 R11: 0000000000000024 R12: 00000000000007ff
[   32.530134] R13: 0000000000000801 R14: 00000000000007ff R15: 0000000000000800
[   32.530651] FS:  00007f3499ce1740(0000) GS:ffff88807dc00000(0000) knlGS:0000000000000000
[   32.531242] CS:  0010 DS: 0000 ES: 0000 CR0: 0000000080050033
[   32.531638] CR2: 0000000020000243 CR3: 00000000179dc005 CR4: 0000000000770ef0
[   32.532318] PKRU: 55555554
[   32.532523] Call Trace:
[   32.532709]  <TASK>
[   32.532873]  ? __this_cpu_preempt_check+0x20/0x30
[   32.533274]  ? __this_cpu_preempt_check+0x20/0x30
[   32.533655]  ? lock_is_held_type+0xe6/0x140
[   32.534087]  ? rcu_read_lock_sched_held+0x57/0x80
[   32.534466]  ? __mutex_lock+0x13a/0xf80
[   32.534774]  ? write_comp_data+0x2f/0x90
[   32.535071]  ? write_comp_data+0x2f/0x90
[   32.535388]  ? __sanitizer_cov_trace_pc+0x25/0x60
[   32.535740]  iopt_area_unfill_domain+0x32/0x40
[   32.536071]  iopt_table_remove_domain+0x23f/0x4c0
[   32.536438]  iommufd_device_selftest_detach+0x3a/0x90
[   32.536800]  iommufd_selftest_destroy+0x55/0x70
[   32.537137]  iommufd_object_destroy_user+0xce/0x130
[   32.537540]  iommufd_destroy+0xa2/0xc0
[   32.537934]  iommufd_fops_ioctl+0x206/0x330
[   32.538257]  ? __sanitizer_cov_trace_pc+0x25/0x60
[   32.538647]  ? write_comp_data+0x2f/0x90
[   32.538956]  __x64_sys_ioctl+0x10e/0x160
[   32.539272]  ? __pfx_iommufd_fops_ioctl+0x10/0x10
[   32.539637]  do_syscall_64+0x3b/0x90
[   32.539913]  entry_SYSCALL_64_after_hwframe+0x72/0xdc
[   32.540277] RIP: 0033:0x7f3499e0659d
[   32.540541] Code: 00 c3 66 2e 0f 1f 84 00 00 00 00 00 90 f3 0f 1e fa 48 89 f8 48 89 f7 48 89 d6 48 89 ca 4d 89 c2 4d 89 c8 4c 8b 4c 24 08 0f 05 <48> 3d 01 f0 ff ff 73 01 c3 48 8b 0d d3 08 0d 00 f7 d8 64 89 01 48
[   32.542049] RSP: 002b:00007ffd7bbdb808 EFLAGS: 00000213 ORIG_RAX: 0000000000000010
[   32.542592] RAX: ffffffffffffffda RBX: 0000000000000000 RCX: 00007f3499e0659d
[   32.543280] RDX: 0000000020000140 RSI: 0000000000003b80 RDI: 0000000000000003
[   32.543778] RBP: 00007ffd7bbdb820 R08: 00007ffd7bbdb820 R09: 00007ffd7bbdb820
[   32.544288] R10: 00007ffd7bbdb820 R11: 0000000000000213 R12: 0000000000401180
[   32.544791] R13: 00007ffd7bbdb940 R14: 0000000000000000 R15: 0000000000000000
[   32.545325]  </TASK>
[   32.545504] irq event stamp: 19319
[   32.545749] hardirqs last  enabled at (19327): [<ffffffff811eac21>] __up_console_sem+0x91/0xb0
[   32.546528] hardirqs last disabled at (19348): [<ffffffff811eac06>] __up_console_sem+0x76/0xb0
[   32.547194] softirqs last  enabled at (19346): [<ffffffff83024a4c>] __do_softirq+0x31c/0x49c
[   32.547803] softirqs last disabled at (19335): [<ffffffff8112b5a4>] irq_exit_rcu+0xc4/0x100
[   32.548404] ---[ end trace 0000000000000000 ]---
[   32.552292] ------------[ cut here ]------------
[   32.552632] WARNING: CPU: 0 PID: 561 at drivers/iommu/iommufd/pages.c:178 batch_unpin.isra.22+0x151/0x1a0
[   32.553488] Modules linked in:
[   32.553722] CPU: 0 PID: 561 Comm: repro Tainted: G        W          6.3.0-rc2-eeac8ede1755 #1
[   32.554347] Hardware name: QEMU Standard PC (i440FX + PIIX, 1996), BIOS rel-1.16.0-0-gd239552ce722-prebuilt.qemu.org 04/01/2014
[   32.555250] RIP: 0010:batch_unpin.isra.22+0x151/0x1a0
[   32.555744] Code: e8 e4 f1 0f ff 48 8b 45 d0 48 85 c0 75 17 e8 c6 ef 0f ff 48 8b 7d c8 48 89 de e8 da f0 0f ff 48 39 5d c8 73 07 e8 af ef 0f ff <0f> 0b e8 a8 ef 0f ff 4d 29 e5 31 ff 41 83 c6 01 4c 89 ee 31 db e8
[   32.557079] RSP: 0018:ffffc900010ab9d8 EFLAGS: 00010246
[   32.557634] RAX: 0000000000000000 RBX: ffffffffffffffff RCX: ffffffff821e1fbc
[   32.558167] RDX: 0000000000000000 RSI: ffff88800faf0000 RDI: 0000000000000002
[   32.558707] RBP: ffffc900010aba20 R08: 0000000000000000 R09: ffff88807dc3c910
[   32.559297] R10: 0000000000000d38 R11: 0000000000000000 R12: 0000000000000001
[   32.559902] R13: 0000000000000001 R14: 0000000000000000 R15: ffff88800b2fda00
[   32.560440] FS:  0000000000000000(0000) GS:ffff88807dc00000(0000) knlGS:0000000000000000
[   32.561017] CS:  0010 DS: 0000 ES: 0000 CR0: 0000000080050033
[   32.561629] CR2: 00007f3499ed8500 CR3: 000000000b1b6001 CR4: 0000000000770ef0
[   32.562143] PKRU: 55555554
[   32.562355] Call Trace:
[   32.562568]  <TASK>
[   32.562765]  iopt_pages_unfill_xarray+0x3c6/0x5e0
[   32.563251]  ? write_comp_data+0x2f/0x90
[   32.563653]  ? __sanitizer_cov_trace_pc+0x25/0x60
[   32.564020]  ? write_comp_data+0x2f/0x90
[   32.564324]  ? __sanitizer_cov_trace_pc+0x25/0x60
[   32.564705]  ? interval_tree_remove+0x291/0x4e0
[   32.565055]  ? write_comp_data+0x2f/0x90
[   32.565362]  iopt_area_remove_access+0x108/0x120
[   32.565882]  iommufd_access_unpin_pages+0x177/0x210
[   32.566261]  iommufd_test_access_unmap+0xe0/0x130
[   32.566636]  ? __pfx_iommufd_test_staccess_release+0x10/0x10
[   32.567078]  iommufd_test_staccess_release+0x39/0x60
[   32.567522]  __fput+0x11f/0x450
[   32.567882]  ____fput+0x1e/0x30
[   32.568141]  task_work_run+0xb6/0x120
[   32.568439]  do_exit+0x547/0x1360
[   32.568693]  ? __this_cpu_preempt_check+0x20/0x30
[   32.569078]  ? lockdep_hardirqs_on+0x8a/0x110
[   32.569554]  do_group_exit+0x5e/0xf0
[   32.569841]  __x64_sys_exit_group+0x25/0x30
[   32.570177]  do_syscall_64+0x3b/0x90
[   32.570457]  entry_SYSCALL_64_after_hwframe+0x72/0xdc
[   32.570860] RIP: 0033:0x7f3499dcecf6
[   32.571156] Code: Unable to access opcode bytes at 0x7f3499dceccc.
[   32.571757] RSP: 002b:00007ffd7bbdb7c8 EFLAGS: 00000246 ORIG_RAX: 00000000000000e7
[   32.572329] RAX: ffffffffffffffda RBX: 00007f3499ed9490 RCX: 00007f3499dcecf6
[   32.572844] RDX: 0000000000000000 RSI: 000000000000003c RDI: 0000000000000000
[   32.573559] RBP: 0000000000000000 R08: 00000000000000e7 R09: ffffffffffffff80
[   32.574091] R10: 0000000000000004 R11: 0000000000000246 R12: 00007f3499ed9490
[   32.574658] R13: 0000000000000001 R14: 00007f3499edce88 R15: 0000000000000000
[   32.575203]  </TASK>
[   32.575516] irq event stamp: 20815
[   32.575777] hardirqs last  enabled at (20823): [<ffffffff811eac21>] __up_console_sem+0x91/0xb0
[   32.576405] hardirqs last disabled at (20830): [<ffffffff811eac06>] __up_console_sem+0x76/0xb0
[   32.577082] softirqs last  enabled at (20812): [<ffffffff83024a4c>] __do_softirq+0x31c/0x49c
[   32.577832] softirqs last disabled at (20847): [<ffffffff8112b5a4>] irq_exit_rcu+0xc4/0x100
[   32.578436] ---[ end trace 0000000000000000 ]---
[   32.578913] ------------[ cut here ]------------
[   32.579445] WARNING: CPU: 0 PID: 561 at drivers/iommu/iommufd/pages.c:888 update_unpinned+0x75/0x80
[   32.580132] Modules linked in:
[   32.580364] CPU: 0 PID: 561 Comm: repro Tainted: G        W          6.3.0-rc2-eeac8ede1755 #1
[   32.581002] Hardware name: QEMU Standard PC (i440FX + PIIX, 1996), BIOS rel-1.16.0-0-gd239552ce722-prebuilt.qemu.org 04/01/2014
[   32.581967] RIP: 0010:update_unpinned+0x75/0x80
[   32.582336] Code: de 0f ff 48 89 de 31 c9 31 d2 4c 29 e6 4c 89 ef e8 60 fb ff ff e8 ab de 0f ff 5b 41 5c 41 5d 5d c3 cc cc cc cc e8 9b de 0f ff <0f> 0b eb e7 0f 1f 80 00 00 00 00 90 90 90 90 90 90 90 90 90 90 90
[   32.583848] RSP: 0018:ffffc900010aba08 EFLAGS: 00010246
[   32.584258] RAX: 0000000000000000 RBX: 0000000000000000 RCX: ffffffff821e30af
[   32.584781] RDX: 0000000000000000 RSI: ffff88800faf0000 RDI: 0000000000000002
[   32.585309] RBP: ffffc900010aba20 R08: 0000000000000000 R09: ffff88807dc3c910
[   32.585973] R10: 0000000000000d38 R11: 0000000000000000 R12: ffffffffffffffff
[   32.586515] R13: ffff88800b2fda00 R14: 0000000000000002 R15: 0000000000000002
[   32.587036] FS:  0000000000000000(0000) GS:ffff88807dc00000(0000) knlGS:0000000000000000
[   32.587795] CS:  0010 DS: 0000 ES: 0000 CR0: 0000000080050033
[   32.588216] CR2: 00007f3499ed8500 CR3: 000000000b1b6001 CR4: 0000000000770ef0
[   32.588733] PKRU: 55555554
[   32.588940] Call Trace:
[   32.589127]  <TASK>
[   32.589298]  iopt_pages_unfill_xarray+0x549/0x5e0
[   32.589849]  ? write_comp_data+0x2f/0x90
[   32.590164]  ? __sanitizer_cov_trace_pc+0x25/0x60
[   32.590531]  ? write_comp_data+0x2f/0x90
[   32.590856]  ? __sanitizer_cov_trace_pc+0x25/0x60
[   32.591222]  ? interval_tree_remove+0x291/0x4e0
[   32.591573]  ? write_comp_data+0x2f/0x90
[   32.591881]  iopt_area_remove_access+0x108/0x120
[   32.592258]  iommufd_access_unpin_pages+0x177/0x210
[   32.592645]  iommufd_test_access_unmap+0xe0/0x130
[   32.593012]  ? __pfx_iommufd_test_staccess_release+0x10/0x10
[   32.593436]  iommufd_test_staccess_release+0x39/0x60
[   32.593820]  __fput+0x11f/0x450
[   32.594078]  ____fput+0x1e/0x30
[   32.594328]  task_work_run+0xb6/0x120
[   32.594632]  do_exit+0x547/0x1360
[   32.594889]  ? __this_cpu_preempt_check+0x20/0x30
[   32.595246]  ? lockdep_hardirqs_on+0x8a/0x110
[   32.595580]  do_group_exit+0x5e/0xf0
[   32.595854]  __x64_sys_exit_group+0x25/0x30
[   32.596167]  do_syscall_64+0x3b/0x90
[   32.596446]  entry_SYSCALL_64_after_hwframe+0x72/0xdc
[   32.596823] RIP: 0033:0x7f3499dcecf6
[   32.597091] Code: Unable to access opcode bytes at 0x7f3499dceccc.
[   32.597536] RSP: 002b:00007ffd7bbdb7c8 EFLAGS: 00000246 ORIG_RAX: 00000000000000e7
[   32.598089] RAX: ffffffffffffffda RBX: 00007f3499ed9490 RCX: 00007f3499dcecf6
[   32.598600] RDX: 0000000000000000 RSI: 000000000000003c RDI: 0000000000000000
[   32.599150] RBP: 0000000000000000 R08: 00000000000000e7 R09: ffffffffffffff80
[   32.599648] R10: 0000000000000004 R11: 0000000000000246 R12: 00007f3499ed9490
[   32.600159] R13: 0000000000000001 R14: 00007f3499edce88 R15: 0000000000000000
[   32.600674]  </TASK>
[   32.600846] irq event stamp: 21397
[   32.601099] hardirqs last  enabled at (21405): [<ffffffff811eac21>] __up_console_sem+0x91/0xb0
[   32.601729] hardirqs last disabled at (21412): [<ffffffff811eac06>] __up_console_sem+0x76/0xb0
[   32.602365] softirqs last  enabled at (21142): [<ffffffff83024a4c>] __do_softirq+0x31c/0x49c
[   32.602988] softirqs last disabled at (21131): [<ffffffff8112b5a4>] irq_exit_rcu+0xc4/0x100
[   32.603581] ---[ end trace 0000000000000000 ]---
[   32.604442] ------------[ cut here ]------------
[   32.604780] WARNING: CPU: 0 PID: 561 at drivers/iommu/iommufd/pages.c:1183 iopt_release_pages+0x159/0x190
[   32.605464] Modules linked in:
[   32.605706] CPU: 0 PID: 561 Comm: repro Tainted: G        W          6.3.0-rc2-eeac8ede1755 #1
[   32.606321] Hardware name: QEMU Standard PC (i440FX + PIIX, 1996), BIOS rel-1.16.0-0-gd239552ce722-prebuilt.qemu.org 04/01/2014
[   32.607165] RIP: 0010:iopt_release_pages+0x159/0x190
[   32.607546] Code: fc f2 fe eb cb e8 27 c1 0f ff be 03 00 00 00 4c 89 f7 e8 ea 19 bd ff eb b7 e8 13 c1 0f ff 0f 0b e9 ed fe ff ff e8 07 c1 0f ff <0f> 0b e9 00 ff ff ff e8 fb c0 0f ff 0f 0b e9 07 ff ff ff e8 ef c0
[   32.608855] RSP: 0018:ffffc900010abc88 EFLAGS: 00010246
[   32.609236] RAX: 0000000000000000 RBX: ffff88800b2fda00 RCX: ffffffff821e4d87
[   32.609755] RDX: 0000000000000000 RSI: ffff88800faf0000 RDI: 0000000000000002
[   32.610273] RBP: ffffc900010abca8 R08: 000000000000001c R09: 0000000000000001
[   32.610838] R10: ffff88800faf0d98 R11: 0000000000000000 R12: ffffffffffffffff
[   32.611348] R13: 0000000001000000 R14: 00000000017fffff R15: 0000000000000000
[   32.611855] FS:  0000000000000000(0000) GS:ffff88807dc00000(0000) knlGS:0000000000000000
[   32.612431] CS:  0010 DS: 0000 ES: 0000 CR0: 0000000080050033
[   32.612849] CR2: 00007f3499ed8500 CR3: 000000000b1b6001 CR4: 0000000000770ef0
[   32.613356] PKRU: 55555554
[   32.613564] Call Trace:
[   32.613750]  <TASK>
[   32.613920]  iopt_unmap_iova_range+0x1ef/0x2e0
[   32.614265]  iopt_unmap_all+0x2f/0x60
[   32.614548]  iommufd_ioas_destroy+0x2c/0x70
[   32.614883]  iommufd_fops_release+0xd4/0x170
[   32.615216]  ? __pfx_iommufd_fops_release+0x10/0x10
[   32.615585]  __fput+0x11f/0x450
[   32.615861]  ____fput+0x1e/0x30
[   32.616114]  task_work_run+0xb6/0x120
[   32.616406]  do_exit+0x547/0x1360
[   32.616668]  ? __this_cpu_preempt_check+0x20/0x30
[   32.617032]  ? lockdep_hardirqs_on+0x8a/0x110
[   32.617385]  do_group_exit+0x5e/0xf0
[   32.617676]  __x64_sys_exit_group+0x25/0x30
[   32.617987]  do_syscall_64+0x3b/0x90
[   32.618265]  entry_SYSCALL_64_after_hwframe+0x72/0xdc
[   32.618667] RIP: 0033:0x7f3499dcecf6
[   32.618938] Code: Unable to access opcode bytes at 0x7f3499dceccc.
[   32.619373] RSP: 002b:00007ffd7bbdb7c8 EFLAGS: 00000246 ORIG_RAX: 00000000000000e7
[   32.619907] RAX: ffffffffffffffda RBX: 00007f3499ed9490 RCX: 00007f3499dcecf6
[   32.620412] RDX: 0000000000000000 RSI: 000000000000003c RDI: 0000000000000000
[   32.620927] RBP: 0000000000000000 R08: 00000000000000e7 R09: ffffffffffffff80
[   32.621436] R10: 0000000000000004 R11: 0000000000000246 R12: 00007f3499ed9490
[   32.621942] R13: 0000000000000001 R14: 00007f3499edce88 R15: 0000000000000000
[   32.622456]  </TASK>
[   32.622643] irq event stamp: 21895
[   32.622899] hardirqs last  enabled at (21903): [<ffffffff811eac21>] __up_console_sem+0x91/0xb0
[   32.623511] hardirqs last disabled at (21910): [<ffffffff811eac06>] __up_console_sem+0x76/0xb0
[   32.624114] softirqs last  enabled at (21624): [<ffffffff83024a4c>] __do_softirq+0x31c/0x49c
[   32.624733] softirqs last disabled at (21605): [<ffffffff8112b5a4>] irq_exit_rcu+0xc4/0x100
[   32.625324] ---[ end trace 0000000000000000 ]---
[   32.906702] ------------[ cut here ]------------
[   32.907092] WARNING: CPU: 0 PID: 569 at drivers/iommu/iommufd/pages.c:294 __iopt_area_unfill_domain+0x152/0x560
[   32.907822] Modules linked in:
[   32.908099] CPU: 0 PID: 569 Comm: repro Tainted: G        W          6.3.0-rc2-eeac8ede1755 #1
[   32.908726] Hardware name: QEMU Standard PC (i440FX + PIIX, 1996), BIOS rel-1.16.0-0-gd239552ce722-prebuilt.qemu.org 04/01/2014
[   32.909533] RIP: 0010:__iopt_area_unfill_domain+0x152/0x560
[   32.909988] Code: d2 0f ff 44 8b 64 24 54 48 8b 44 24 48 31 ff 44 89 e6 48 89 44 24 38 e8 fc d3 0f ff 45 85 e4 0f 85 eb 01 00 00 e8 0e d2 0f ff <0f> 0b e8 07 d2 0f ff 48 8b 44 24 38 89 5c 24 58 89 18 8b 44 24 54
[   32.911350] RSP: 0018:ffffc900010e3af0 EFLAGS: 00010246
[   32.911744] RAX: 0000000000000000 RBX: 00000000ffffffff RCX: ffffffff821e3f85
[   32.912263] RDX: 0000000000000000 RSI: ffff88800faf0000 RDI: 0000000000000002
[   32.912781] RBP: ffffc900010e3d18 R08: 000000000003ca25 R09: 0000000000000007
[   32.913290] R10: 000000000003ca00 R11: 0000000000000024 R12: 000000000000000e
[   32.913805] R13: 0000000000000801 R14: 00000000000007ff R15: 0000000000000800
[   32.914763] FS:  00007f3499ce1740(0000) GS:ffff88807dc00000(0000) knlGS:0000000000000000
[   32.915429] CS:  0010 DS: 0000 ES: 0000 CR0: 0000000080050033
[   32.915993] CR2: 0000000020000243 CR3: 00000000179d8004 CR4: 0000000000770ef0
[   32.916511] PKRU: 55555554
[   32.916720] Call Trace:
[   32.916908]  <TASK>
[   32.917072]  ? __this_cpu_preempt_check+0x20/0x30
[   32.917463]  ? __this_cpu_preempt_check+0x20/0x30
[   32.917866]  ? lock_is_held_type+0xe6/0x140
[   32.918205]  ? rcu_read_lock_sched_held+0x57/0x80
[   32.918669]  ? __mutex_lock+0x13a/0xf80
[   32.918973]  ? write_comp_data+0x2f/0x90
[   32.919279]  ? write_comp_data+0x2f/0x90
[   32.919587]  ? __sanitizer_cov_trace_pc+0x25/0x60
[   32.919963]  iopt_area_unfill_domain+0x32/0x40
[   32.920316]  iopt_table_remove_domain+0x23f/0x4c0
[   32.920675]  iommufd_device_selftest_detach+0x3a/0x90
[   32.921070]  iommufd_selftest_destroy+0x55/0x70
[   32.921441]  iommufd_object_destroy_user+0xce/0x130
[   32.921829]  iommufd_destroy+0xa2/0xc0
[   32.922136]  iommufd_fops_ioctl+0x206/0x330
[   32.922462]  ? __sanitizer_cov_trace_pc+0x25/0x60
[   32.922853]  ? write_comp_data+0x2f/0x90
[   32.923197]  __x64_sys_ioctl+0x10e/0x160
[   32.923648]  ? __pfx_iommufd_fops_ioctl+0x10/0x10
[   32.924022]  do_syscall_64+0x3b/0x90
[   32.924303]  entry_SYSCALL_64_after_hwframe+0x72/0xdc
[   32.924681] RIP: 0033:0x7f3499e0659d
[   32.924963] Code: 00 c3 66 2e 0f 1f 84 00 00 00 00 00 90 f3 0f 1e fa 48 89 f8 48 89 f7 48 89 d6 48 89 ca 4d 89 c2 4d 89 c8 4c 8b 4c 24 08 0f 05 <48> 3d 01 f0 ff ff 73 01 c3 48 8b 0d d3 08 0d 00 f7 d8 64 89 01 48
[   32.926290] RSP: 002b:00007ffd7bbdb808 EFLAGS: 00000213 ORIG_RAX: 0000000000000010
[   32.926905] RAX: ffffffffffffffda RBX: 0000000000000000 RCX: 00007f3499e0659d
[   32.927414] RDX: 0000000020000140 RSI: 0000000000003b80 RDI: 0000000000000003
[   32.927919] RBP: 00007ffd7bbdb820 R08: 00007ffd7bbdb820 R09: 00007ffd7bbdb820
[   32.928429] R10: 00007ffd7bbdb820 R11: 0000000000000213 R12: 0000000000401180
[   32.928941] R13: 00007ffd7bbdb940 R14: 0000000000000000 R15: 0000000000000000
[   32.929463]  </TASK>
[   32.929641] irq event stamp: 18651
[   32.929892] hardirqs last  enabled at (18659): [<ffffffff811eac21>] __up_console_sem+0x91/0xb0
[   32.930510] hardirqs last disabled at (18666): [<ffffffff811eac06>] __up_console_sem+0x76/0xb0
[   32.931152] softirqs last  enabled at (18600): [<ffffffff83024a4c>] __do_softirq+0x31c/0x49c
[   32.931851] softirqs last disabled at (18589): [<ffffffff8112b5a4>] irq_exit_rcu+0xc4/0x100
[   32.932450] ---[ end trace 0000000000000000 ]---
[   32.932882] ------------[ cut here ]------------
[   32.933220] WARNING: CPU: 0 PID: 569 at drivers/iommu/iommufd/pages.c:1292 __iopt_area_unfill_domain+0x54f/0x560
[   32.933951] Modules linked in:
[   32.934185] CPU: 0 PID: 569 Comm: repro Tainted: G        W          6.3.0-rc2-eeac8ede1755 #1
[   32.934848] Hardware name: QEMU Standard PC (i440FX + PIIX, 1996), BIOS rel-1.16.0-0-gd239552ce722-prebuilt.qemu.org 04/01/2014
[   32.935662] RIP: 0010:__iopt_area_unfill_domain+0x54f/0x560
[   32.936079] Code: e8 16 d0 0f ff 85 db 0f 85 35 fb ff ff e8 29 ce 0f ff 0f 0b e9 29 fb ff ff e8 1d ce 0f ff 0f 0b e9 69 fe ff ff e8 11 ce 0f ff <0f> 0b e9 58 ff ff ff e8 b5 cb e1 00 0f 1f 44 00 00 90 90 90 90 90
[   32.937378] RSP: 0018:ffffc900010e3af0 EFLAGS: 00010246
[   32.937765] RAX: 0000000000000000 RBX: 00000000ffffffff RCX: ffffffff821e40d6
[   32.938279] RDX: 0000000000000000 RSI: ffff88800faf0000 RDI: 0000000000000002
[   32.938820] RBP: ffffc900010e3d18 R08: 000000000003ca25 R09: 0000000000000007
[   32.939341] R10: 000000000003ca00 R11: 0000000000000024 R12: 00000000000007ff
[   32.939853] R13: 0000000000000801 R14: 00000000000007ff R15: 0000000000000800
[   32.940365] FS:  00007f3499ce1740(0000) GS:ffff88807dc00000(0000) knlGS:0000000000000000
[   32.940936] CS:  0010 DS: 0000 ES: 0000 CR0: 0000000080050033
[   32.941355] CR2: 0000000020000243 CR3: 00000000179d8004 CR4: 0000000000770ef0
[   32.941882] PKRU: 55555554
[   32.942094] Call Trace:
[   32.942285]  <TASK>
[   32.942456]  ? __this_cpu_preempt_check+0x20/0x30
[   32.942864]  ? __this_cpu_preempt_check+0x20/0x30
[   32.943233]  ? lock_is_held_type+0xe6/0x140
[   32.943562]  ? rcu_read_lock_sched_held+0x57/0x80
[   32.943922]  ? __mutex_lock+0x13a/0xf80
[   32.944222]  ? write_comp_data+0x2f/0x90
[   32.944534]  ? write_comp_data+0x2f/0x90
[   32.944844]  ? __sanitizer_cov_trace_pc+0x25/0x60
[   32.945211]  iopt_area_unfill_domain+0x32/0x40
[   32.945569]  iopt_table_remove_domain+0x23f/0x4c0
[   32.945936]  iommufd_device_selftest_detach+0x3a/0x90
[   32.946332]  iommufd_selftest_destroy+0x55/0x70
[   32.946705]  iommufd_object_destroy_user+0xce/0x130
[   32.947077]  iommufd_destroy+0xa2/0xc0
[   32.947368]  iommufd_fops_ioctl+0x206/0x330
[   32.947693]  ? __sanitizer_cov_trace_pc+0x25/0x60
[   32.948056]  ? write_comp_data+0x2f/0x90
[   32.948388]  __x64_sys_ioctl+0x10e/0x160
[   32.948698]  ? __pfx_iommufd_fops_ioctl+0x10/0x10
[   32.949062]  do_syscall_64+0x3b/0x90
[   32.949346]  entry_SYSCALL_64_after_hwframe+0x72/0xdc
[   32.949740] RIP: 0033:0x7f3499e0659d
[   32.950014] Code: 00 c3 66 2e 0f 1f 84 00 00 00 00 00 90 f3 0f 1e fa 48 89 f8 48 89 f7 48 89 d6 48 89 ca 4d 89 c2 4d 89 c8 4c 8b 4c 24 08 0f 05 <48> 3d 01 f0 ff ff 73 01 c3 48 8b 0d d3 08 0d 00 f7 d8 64 89 01 48
[   32.951341] RSP: 002b:00007ffd7bbdb808 EFLAGS: 00000213 ORIG_RAX: 0000000000000010
[   32.951888] RAX: ffffffffffffffda RBX: 0000000000000000 RCX: 00007f3499e0659d
[   32.952394] RDX: 0000000020000140 RSI: 0000000000003b80 RDI: 0000000000000003
[   32.952906] RBP: 00007ffd7bbdb820 R08: 00007ffd7bbdb820 R09: 00007ffd7bbdb820
[   32.953411] R10: 00007ffd7bbdb820 R11: 0000000000000213 R12: 0000000000401180
[   32.953932] R13: 00007ffd7bbdb940 R14: 0000000000000000 R15: 0000000000000000
[   32.954467]  </TASK>
[   32.954672] irq event stamp: 19135
[   32.954925] hardirqs last  enabled at (19143): [<ffffffff811eac21>] __up_console_sem+0x91/0xb0
[   32.955547] hardirqs last disabled at (19150): [<ffffffff811eac06>] __up_console_sem+0x76/0xb0
[   32.956168] softirqs last  enabled at (18750): [<ffffffff83024a4c>] __do_softirq+0x31c/0x49c
[   32.956780] softirqs last disabled at (18739): [<ffffffff8112b5a4>] irq_exit_rcu+0xc4/0x100
[   32.957383] ---[ end trace 0000000000000000 ]---
[   32.961459] ------------[ cut here ]------------
[   32.961820] WARNING: CPU: 0 PID: 569 at drivers/iommu/iommufd/pages.c:178 batch_unpin.isra.22+0x151/0x1a0
[   32.962521] Modules linked in:
[   32.962866] CPU: 0 PID: 569 Comm: repro Tainted: G        W          6.3.0-rc2-eeac8ede1755 #1
[   32.963712] Hardware name: QEMU Standard PC (i440FX + PIIX, 1996), BIOS rel-1.16.0-0-gd239552ce722-prebuilt.qemu.org 04/01/2014
[   32.964525] RIP: 0010:batch_unpin.isra.22+0x151/0x1a0
[   32.965036] Code: e8 e4 f1 0f ff 48 8b 45 d0 48 85 c0 75 17 e8 c6 ef 0f ff 48 8b 7d c8 48 89 de e8 da f0 0f ff 48 39 5d c8 73 07 e8 af ef 0f ff <0f> 0b e8 a8 ef 0f ff 4d 29 e5 31 ff 41 83 c6 01 4c 89 ee 31 db e8
[   32.966324] RSP: 0018:ffffc900010e39d8 EFLAGS: 00010246
[   32.966883] RAX: 0000000000000000 RBX: ffffffffffffffff RCX: ffffffff821e1fbc
[   32.967401] RDX: 0000000000000000 RSI: ffff88800faf0000 RDI: 0000000000000002
[   32.967910] RBP: ffffc900010e3a20 R08: 0000000000000000 R09: ffff88807dc3c910
[   32.968419] R10: 0000000000000db9 R11: 0000000000000000 R12: 0000000000000001
[   32.968929] R13: 0000000000000001 R14: 0000000000000000 R15: ffff88800b2fda00
[   32.969445] FS:  0000000000000000(0000) GS:ffff88807dc00000(0000) knlGS:0000000000000000
[   32.970162] CS:  0010 DS: 0000 ES: 0000 CR0: 0000000080050033
[   32.970591] CR2: 00007f3499ed8500 CR3: 0000000003e3a001 CR4: 0000000000770ef0
[   32.971126] PKRU: 55555554
[   32.971336] Call Trace:
[   32.971521]  <TASK>
[   32.971696]  iopt_pages_unfill_xarray+0x3c6/0x5e0
[   32.972089]  ? write_comp_data+0x2f/0x90
[   32.972398]  ? __sanitizer_cov_trace_pc+0x25/0x60
[   32.972769]  ? write_comp_data+0x2f/0x90
[   32.973083]  ? __sanitizer_cov_trace_pc+0x25/0x60
[   32.973449]  ? interval_tree_remove+0x291/0x4e0
[   32.973964]  ? write_comp_data+0x2f/0x90
[   32.974281]  iopt_area_remove_access+0x108/0x120
[   32.974662]  iommufd_access_unpin_pages+0x177/0x210
[   32.975052]  iommufd_test_access_unmap+0xe0/0x130
[   32.975419]  ? __pfx_iommufd_test_staccess_release+0x10/0x10
[   32.975854]  iommufd_test_staccess_release+0x39/0x60
[   32.976231]  __fput+0x11f/0x450
[   32.976493]  ____fput+0x1e/0x30
[   32.976916]  task_work_run+0xb6/0x120
[   32.977209]  do_exit+0x547/0x1360
[   32.977470]  ? __this_cpu_preempt_check+0x20/0x30
[   32.977842]  ? lockdep_hardirqs_on+0x8a/0x110
[   32.978189]  do_group_exit+0x5e/0xf0
[   32.978473]  __x64_sys_exit_group+0x25/0x30
[   32.978814]  do_syscall_64+0x3b/0x90
[   32.979097]  entry_SYSCALL_64_after_hwframe+0x72/0xdc
[   32.979492] RIP: 0033:0x7f3499dcecf6
[   32.979904] Code: Unable to access opcode bytes at 0x7f3499dceccc.
[   32.980359] RSP: 002b:00007ffd7bbdb7c8 EFLAGS: 00000246 ORIG_RAX: 00000000000000e7
[   32.980899] RAX: ffffffffffffffda RBX: 00007f3499ed9490 RCX: 00007f3499dcecf6
[   32.981421] RDX: 0000000000000000 RSI: 000000000000003c RDI: 0000000000000000
[   32.981964] RBP: 0000000000000000 R08: 00000000000000e7 R09: ffffffffffffff80
[   32.982490] R10: 0000000000000004 R11: 0000000000000246 R12: 00007f3499ed9490
[   32.983024] R13: 0000000000000001 R14: 00007f3499edce88 R15: 0000000000000000
[   32.983559]  </TASK>
[   32.983752] irq event stamp: 20545
[   32.984142] hardirqs last  enabled at (20567): [<ffffffff811eac21>] __up_console_sem+0x91/0xb0
[   32.984783] hardirqs last disabled at (20574): [<ffffffff811eac06>] __up_console_sem+0x76/0xb0
[   32.985423] softirqs last  enabled at (20564): [<ffffffff83024a4c>] __do_softirq+0x31c/0x49c
[   32.986259] softirqs last disabled at (20591): [<ffffffff8112b5a4>] irq_exit_rcu+0xc4/0x100
[   32.986881] ---[ end trace 0000000000000000 ]---
[   32.987335] ------------[ cut here ]------------
[   32.987682] WARNING: CPU: 0 PID: 569 at drivers/iommu/iommufd/pages.c:888 update_unpinned+0x75/0x80
[   32.988362] Modules linked in:
[   32.988597] CPU: 0 PID: 569 Comm: repro Tainted: G        W          6.3.0-rc2-eeac8ede1755 #1
[   32.989362] Hardware name: QEMU Standard PC (i440FX + PIIX, 1996), BIOS rel-1.16.0-0-gd239552ce722-prebuilt.qemu.org 04/01/2014
[   32.990180] RIP: 0010:update_unpinned+0x75/0x80
[   32.990525] Code: de 0f ff 48 89 de 31 c9 31 d2 4c 29 e6 4c 89 ef e8 60 fb ff ff e8 ab de 0f ff 5b 41 5c 41 5d 5d c3 cc cc cc cc e8 9b de 0f ff <0f> 0b eb e7 0f 1f 80 00 00 00 00 90 90 90 90 90 90 90 90 90 90 90
[   32.991996] RSP: 0018:ffffc900010e3a08 EFLAGS: 00010246
[   32.992398] RAX: 0000000000000000 RBX: 0000000000000000 RCX: ffffffff821e30af
[   32.992902] RDX: 0000000000000000 RSI: ffff88800faf0000 RDI: 0000000000000002
[   32.993410] RBP: ffffc900010e3a20 R08: 0000000000000000 R09: ffff88807dc3c910
[   32.993984] R10: 0000000000000db9 R11: 0000000000000000 R12: ffffffffffffffff
[   32.994568] R13: ffff88800b2fda00 R14: 0000000000000002 R15: 0000000000000002
[   32.995117] FS:  0000000000000000(0000) GS:ffff88807dc00000(0000) knlGS:0000000000000000
[   32.995700] CS:  0010 DS: 0000 ES: 0000 CR0: 0000000080050033
[   32.996273] CR2: 00007f3499ed8500 CR3: 0000000003e3a001 CR4: 0000000000770ef0
[   32.996801] PKRU: 55555554
[   32.997011] Call Trace:
[   32.997205]  <TASK>
[   32.997441]  iopt_pages_unfill_xarray+0x549/0x5e0
[   32.997918]  ? write_comp_data+0x2f/0x90
[   32.998224]  ? __sanitizer_cov_trace_pc+0x25/0x60
[   32.998571]  ? write_comp_data+0x2f/0x90
[   32.999041]  ? __sanitizer_cov_trace_pc+0x25/0x60
[   32.999417]  ? interval_tree_remove+0x291/0x4e0
[   32.999756]  ? write_comp_data+0x2f/0x90
[   33.000066]  iopt_area_remove_access+0x108/0x120
[   33.000427]  iommufd_access_unpin_pages+0x177/0x210
[   33.000807]  iommufd_test_access_unmap+0xe0/0x130
[   33.001342]  ? __pfx_iommufd_test_staccess_release+0x10/0x10
[   33.001779]  iommufd_test_staccess_release+0x39/0x60
[   33.002163]  __fput+0x11f/0x450
[   33.002448]  ____fput+0x1e/0x30
[   33.002819]  task_work_run+0xb6/0x120
[   33.003118]  do_exit+0x547/0x1360
[   33.003376]  ? __this_cpu_preempt_check+0x20/0x30
[   33.003753]  ? lockdep_hardirqs_on+0x8a/0x110
[   33.004090]  do_group_exit+0x5e/0xf0
[   33.004366]  __x64_sys_exit_group+0x25/0x30
[   33.004728]  do_syscall_64+0x3b/0x90
[   33.005087]  entry_SYSCALL_64_after_hwframe+0x72/0xdc
[   33.005482] RIP: 0033:0x7f3499dcecf6
[   33.005757] Code: Unable to access opcode bytes at 0x7f3499dceccc.
[   33.006341] RSP: 002b:00007ffd7bbdb7c8 EFLAGS: 00000246 ORIG_RAX: 00000000000000e7
[   33.006935] RAX: ffffffffffffffda RBX: 00007f3499ed9490 RCX: 00007f3499dcecf6
[   33.007457] RDX: 0000000000000000 RSI: 000000000000003c RDI: 0000000000000000
[   33.007964] RBP: 0000000000000000 R08: 00000000000000e7 R09: ffffffffffffff80
[   33.008680] R10: 0000000000000004 R11: 0000000000000246 R12: 00007f3499ed9490
[   33.009199] R13: 0000000000000001 R14: 00007f3499edce88 R15: 0000000000000000
[   33.009893]  </TASK>
[   33.010073] irq event stamp: 21225
[   33.010337] hardirqs last  enabled at (21233): [<ffffffff811eac21>] __up_console_sem+0x91/0xb0
[   33.011166] hardirqs last disabled at (21256): [<ffffffff811eac06>] __up_console_sem+0x76/0xb0
[   33.011800] softirqs last  enabled at (21254): [<ffffffff83024a4c>] __do_softirq+0x31c/0x49c
[   33.012410] softirqs last disabled at (21243): [<ffffffff8112b5a4>] irq_exit_rcu+0xc4/0x100
[   33.013167] ---[ end trace 0000000000000000 ]---
[   33.013663] ------------[ cut here ]------------
[   33.014022] WARNING: CPU: 0 PID: 569 at drivers/iommu/iommufd/pages.c:1183 iopt_release_pages+0x159/0x190
[   33.014872] Modules linked in:
[   33.015112] CPU: 0 PID: 569 Comm: repro Tainted: G        W          6.3.0-rc2-eeac8ede1755 #1
[   33.015734] Hardware name: QEMU Standard PC (i440FX + PIIX, 1996), BIOS rel-1.16.0-0-gd239552ce722-prebuilt.qemu.org 04/01/2014
[   33.016743] RIP: 0010:iopt_release_pages+0x159/0x190
[   33.017129] Code: fc f2 fe eb cb e8 27 c1 0f ff be 03 00 00 00 4c 89 f7 e8 ea 19 bd ff eb b7 e8 13 c1 0f ff 0f 0b e9 ed fe ff ff e8 07 c1 0f ff <0f> 0b e9 00 ff ff ff e8 fb c0 0f ff 0f 0b e9 07 ff ff ff e8 ef c0
[   33.018688] RSP: 0018:ffffc900010e3c88 EFLAGS: 00010246
[   33.019077] RAX: 0000000000000000 RBX: ffff88800b2fda00 RCX: ffffffff821e4d87
[   33.019588] RDX: 0000000000000000 RSI: ffff88800faf0000 RDI: 0000000000000002
[   33.020095] RBP: ffffc900010e3ca8 R08: 000000000000001c R09: 0000000000000001
[   33.020602] R10: ffff88800faf0d98 R11: 0000000000000000 R12: ffffffffffffffff
[   33.021111] R13: 0000000001000000 R14: 00000000017fffff R15: 0000000000000000
[   33.021624] FS:  0000000000000000(0000) GS:ffff88807dc00000(0000) knlGS:0000000000000000
[   33.022184] CS:  0010 DS: 0000 ES: 0000 CR0: 0000000080050033
[   33.022595] CR2: 00007f3499ed8500 CR3: 0000000003e3a001 CR4: 0000000000770ef0
[   33.023141] PKRU: 55555554
[   33.023351] Call Trace:
[   33.023541]  <TASK>
[   33.023717]  iopt_unmap_iova_range+0x1ef/0x2e0
[   33.024067]  iopt_unmap_all+0x2f/0x60
[   33.024351]  iommufd_ioas_destroy+0x2c/0x70
[   33.024676]  iommufd_fops_release+0xd4/0x170
[   33.025002]  ? __pfx_iommufd_fops_release+0x10/0x10
[   33.025368]  __fput+0x11f/0x450
[   33.025635]  ____fput+0x1e/0x30
[   33.025887]  task_work_run+0xb6/0x120
[   33.026178]  do_exit+0x547/0x1360
[   33.026460]  ? __this_cpu_preempt_check+0x20/0x30
[   33.026850]  ? lockdep_hardirqs_on+0x8a/0x110
[   33.027187]  do_group_exit+0x5e/0xf0
[   33.027462]  __x64_sys_exit_group+0x25/0x30
[   33.027774]  do_syscall_64+0x3b/0x90
[   33.028052]  entry_SYSCALL_64_after_hwframe+0x72/0xdc
[   33.028429] RIP: 0033:0x7f3499dcecf6
[   33.028699] Code: Unable to access opcode bytes at 0x7f3499dceccc.
[   33.029139] RSP: 002b:00007ffd7bbdb7c8 EFLAGS: 00000246 ORIG_RAX: 00000000000000e7
[   33.029690] RAX: ffffffffffffffda RBX: 00007f3499ed9490 RCX: 00007f3499dcecf6
[   33.030202] RDX: 0000000000000000 RSI: 000000000000003c RDI: 0000000000000000
[   33.030733] RBP: 0000000000000000 R08: 00000000000000e7 R09: ffffffffffffff80
[   33.031242] R10: 0000000000000004 R11: 0000000000000246 R12: 00007f3499ed9490
[   33.031748] R13: 0000000000000001 R14: 00007f3499edce88 R15: 0000000000000000
[   33.032273]  </TASK>
[   33.032447] irq event stamp: 21755
[   33.032700] hardirqs last  enabled at (21763): [<ffffffff811eac21>] __up_console_sem+0x91/0xb0
[   33.033326] hardirqs last disabled at (21770): [<ffffffff811eac06>] __up_console_sem+0x76/0xb0
[   33.033987] softirqs last  enabled at (21446): [<ffffffff83024a4c>] __do_softirq+0x31c/0x49c
[   33.034605] softirqs last disabled at (21431): [<ffffffff8112b5a4>] irq_exit_rcu+0xc4/0x100
[   33.035231] ---[ end trace 0000000000000000 ]---
[   33.074590] ------------[ cut here ]------------
[   33.075084] WARNING: CPU: 0 PID: 570 at mm/page-writeback.c:2706 __folio_mark_dirty+0x40c/0x5b0
[   33.075704] Modules linked in:
[   33.075935] CPU: 0 PID: 570 Comm: repro Tainted: G        W          6.3.0-rc2-eeac8ede1755 #1
[   33.076536] Hardware name: QEMU Standard PC (i440FX + PIIX, 1996), BIOS rel-1.16.0-0-gd239552ce722-prebuilt.qemu.org 04/01/2014
[   33.077321] RIP: 0010:__folio_mark_dirty+0x40c/0x5b0
[   33.077707] Code: 0f 94 c7 31 ff 44 89 fe e8 01 08 e3 ff 45 84 ff 0f 84 c6 fc ff ff e8 93 06 e3 ff 0f 1f 44 00 00 e9 b7 fc ff ff e8 84 06 e3 ff <0f> 0b e9 6c fc ff ff 48 c7 45 c0 00 10 00 00 41 bf 01 00 00 00 c7
[   33.078990] RSP: 0018:ffffc900010e3988 EFLAGS: 00010046
[   33.079361] RAX: 0000000000000000 RBX: ffffea000010a940 RCX: ffffffff814b0571
[   33.079843] RDX: 0000000000000000 RSI: ffff88800faf2980 RDI: 0000000000000002
[   33.080319] RBP: ffffc900010e39d0 R08: 000000002ddb3b58 R09: 00000000c950d964
[   33.080812] R10: ffffc900010e3830 R11: ffff88800faf3718 R12: ffff8880074d9280
[   33.081305] R13: ffff8880074d9288 R14: 0000000000000246 R15: 0000000000000000
[   33.081814] FS:  00007f3499ce1740(0000) GS:ffff88807dc00000(0000) knlGS:0000000000000000
[   33.082390] CS:  0010 DS: 0000 ES: 0000 CR0: 0000000080050033
[   33.082803] CR2: 00007f087df7a008 CR3: 0000000017a64001 CR4: 0000000000770ef0
[   33.083304] PKRU: 55555554
[   33.083507] Call Trace:
[   33.083694]  <TASK>
[   33.083858]  ? write_comp_data+0x2f/0x90
[   33.084168]  block_dirty_folio+0xeb/0x110
[   33.084479]  folio_mark_dirty+0x61/0xc0
[   33.084770]  unpin_user_page_range_dirty_lock+0x256/0x2b0
[   33.085168]  batch_unpin.isra.22+0xfa/0x1a0
[   33.085510]  __iopt_area_unfill_domain+0x257/0x560
[   33.085861]  ? __this_cpu_preempt_check+0x20/0x30
[   33.086235]  ? __this_cpu_preempt_check+0x20/0x30
[   33.086588]  ? lock_is_held_type+0xe6/0x140
[   33.086912]  ? rcu_read_lock_sched_held+0x57/0x80
[   33.087274]  ? __mutex_lock+0x13a/0xf80
[   33.087568]  ? write_comp_data+0x2f/0x90
[   33.087866]  ? write_comp_data+0x2f/0x90
[   33.088177]  ? __sanitizer_cov_trace_pc+0x25/0x60
[   33.088537]  iopt_area_unfill_domain+0x32/0x40
[   33.088869]  iopt_table_remove_domain+0x23f/0x4c0
[   33.089220]  iommufd_device_selftest_detach+0x3a/0x90
[   33.089596]  iommufd_selftest_destroy+0x55/0x70
[   33.089937]  iommufd_object_destroy_user+0xce/0x130
[   33.090303]  iommufd_destroy+0xa2/0xc0
[   33.090598]  iommufd_fops_ioctl+0x206/0x330
[   33.090914]  ? __sanitizer_cov_trace_pc+0x25/0x60
[   33.091267]  ? write_comp_data+0x2f/0x90
[   33.091569]  __x64_sys_ioctl+0x10e/0x160
[   33.091862]  ? __pfx_iommufd_fops_ioctl+0x10/0x10
[   33.092213]  do_syscall_64+0x3b/0x90
[   33.092481]  entry_SYSCALL_64_after_hwframe+0x72/0xdc
[   33.092850] RIP: 0033:0x7f3499e0659d
[   33.093111] Code: 00 c3 66 2e 0f 1f 84 00 00 00 00 00 90 f3 0f 1e fa 48 89 f8 48 89 f7 48 89 d6 48 89 ca 4d 89 c2 4d 89 c8 4c 8b 4c 24 08 0f 05 <48> 3d 01 f0 ff ff 73 01 c3 48 8b 0d d3 08 0d 00 f7 d8 64 89 01 48
[   33.094389] RSP: 002b:00007ffd7bbdb808 EFLAGS: 00000213 ORIG_RAX: 0000000000000010
[   33.094917] RAX: ffffffffffffffda RBX: 0000000000000000 RCX: 00007f3499e0659d
[   33.095429] RDX: 0000000020000140 RSI: 0000000000003b80 RDI: 0000000000000003
[   33.095929] RBP: 00007ffd7bbdb820 R08: 00007ffd7bbdb820 R09: 00007ffd7bbdb820
[   33.096430] R10: 00007ffd7bbdb820 R11: 0000000000000213 R12: 0000000000401180
