c[?7l[2J[0mSeaBIOS (version rel-1.16.0-0-gd239552ce722-prebuilt.qemu.org)


iPXE (http://ipxe.org) 00:03.0 CA00 PCI2.10 PnP PMM+7FF91000+7FEF1000 CA00
Press Ctrl-B to configure iPXE (PCI 00:03.0)...                                                                               


Booting from ROM...
c[?7l[2J[    0.000000] Linux version 5.11.0-f40ddce88593 (root@p-tglh01.sh.intel.com) (gcc (GCC) 8.5.0 20210514 (Red Hat 8.5.0-18), GNU ld version 2.36.1-2.el8) #1 SMP Sun Mar 5 21:20:54 CST 2023
[    0.000000] Command line: console=ttyS0 root=/dev/sda earlyprintk=serial net.ifnames=0
[    0.000000] KERNEL supported cpus:
[    0.000000]   Intel GenuineIntel
[    0.000000]   AMD AuthenticAMD
[    0.000000]   Hygon HygonGenuine
[    0.000000]   Centaur CentaurHauls
[    0.000000]   zhaoxin   Shanghai  
[    0.000000] x86/fpu: Supporting XSAVE feature 0x001: 'x87 floating point registers'
[    0.000000] x86/fpu: Supporting XSAVE feature 0x002: 'SSE registers'
[    0.000000] x86/fpu: Supporting XSAVE feature 0x004: 'AVX registers'
[    0.000000] x86/fpu: Supporting XSAVE feature 0x020: 'AVX-512 opmask'
[    0.000000] x86/fpu: Supporting XSAVE feature 0x040: 'AVX-512 Hi256'
[    0.000000] x86/fpu: Supporting XSAVE feature 0x080: 'AVX-512 ZMM_Hi256'
[    0.000000] x86/fpu: Supporting XSAVE feature 0x200: 'Protection Keys User registers'
[    0.000000] x86/fpu: xstate_offset[2]:  576, xstate_sizes[2]:  256
[    0.000000] x86/fpu: xstate_offset[5]:  832, xstate_sizes[5]:   64
[    0.000000] x86/fpu: xstate_offset[6]:  896, xstate_sizes[6]:  512
[    0.000000] x86/fpu: xstate_offset[7]: 1408, xstate_sizes[7]: 1024
[    0.000000] x86/fpu: xstate_offset[9]: 2432, xstate_sizes[9]:    8
[    0.000000] x86/fpu: Enabled xstate features 0x2e7, context size is 2440 bytes, using 'compacted' format.
[    0.000000] BIOS-provided physical RAM map:
[    0.000000] BIOS-e820: [mem 0x0000000000000000-0x000000000009fbff] usable
[    0.000000] BIOS-e820: [mem 0x000000000009fc00-0x000000000009ffff] reserved
[    0.000000] BIOS-e820: [mem 0x00000000000f0000-0x00000000000fffff] reserved
[    0.000000] BIOS-e820: [mem 0x0000000000100000-0x000000007ffdffff] usable
[    0.000000] BIOS-e820: [mem 0x000000007ffe0000-0x000000007fffffff] reserved
[    0.000000] BIOS-e820: [mem 0x00000000feffc000-0x00000000feffffff] reserved
[    0.000000] BIOS-e820: [mem 0x00000000fffc0000-0x00000000ffffffff] reserved
[    0.000000] printk: bootconsole [earlyser0] enabled
[    0.000000] NX (Execute Disable) protection: active
[    0.000000] SMBIOS 2.8 present.
[    0.000000] DMI: QEMU Standard PC (i440FX + PIIX, 1996), BIOS rel-1.16.0-0-gd239552ce722-prebuilt.qemu.org 04/01/2014
[    0.000000] Hypervisor detected: KVM
[    0.000000] kvm-clock: Using msrs 4b564d01 and 4b564d00
[    0.000000] kvm-clock: cpu 0, msr 5401001, primary cpu clock
[    0.000000] kvm-clock: using sched offset of 510081517 cycles
[    0.000737] clocksource: kvm-clock: mask: 0xffffffffffffffff max_cycles: 0x1cd42e4dffb, max_idle_ns: 881590591483 ns
[    0.002930] tsc: Detected 3110.400 MHz processor
[    0.010382] last_pfn = 0x7ffe0 max_arch_pfn = 0x400000000
[    0.011335] x86/PAT: Configuration [0-7]: WB  WC  UC- UC  WB  WP  UC- WT  
[    0.022430] found SMP MP-table at [mem 0x000f5ba0-0x000f5baf]
[    0.024182] check: Scanning 1 areas for low memory corruption
[    0.025714] Using GB pages for direct mapping
[    0.027451] ACPI: Early table checksum verification disabled
[    0.028242] ACPI: RSDP 0x00000000000F59C0 000014 (v00 BOCHS )
[    0.029046] ACPI: RSDT 0x000000007FFE1951 000034 (v01 BOCHS  BXPC     00000001 BXPC 00000001)
[    0.030214] ACPI: FACP 0x000000007FFE17FD 000074 (v01 BOCHS  BXPC     00000001 BXPC 00000001)
[    0.031341] ACPI: DSDT 0x000000007FFE0040 0017BD (v01 BOCHS  BXPC     00000001 BXPC 00000001)
[    0.032461] ACPI: FACS 0x000000007FFE0000 000040
[    0.033078] ACPI: APIC 0x000000007FFE1871 000080 (v01 BOCHS  BXPC     00000001 BXPC 00000001)
[    0.034194] ACPI: HPET 0x000000007FFE18F1 000038 (v01 BOCHS  BXPC     00000001 BXPC 00000001)
[    0.035316] ACPI: WAET 0x000000007FFE1929 000028 (v01 BOCHS  BXPC     00000001 BXPC 00000001)
[    0.037352] No NUMA configuration found
[    0.037852] Faking a node at [mem 0x0000000000000000-0x000000007ffdffff]
[    0.038850] NODE_DATA(0) allocated [mem 0x7ffb5000-0x7ffdffff]
[    0.043012] Zone ranges:
[    0.043349]   DMA      [mem 0x0000000000001000-0x0000000000ffffff]
[    0.044167]   DMA32    [mem 0x0000000001000000-0x000000007ffdffff]
[    0.044987]   Normal   empty
[    0.045380]   Device   empty
[    0.045755] Movable zone start for each node
[    0.046302] Early memory node ranges
[    0.046758]   node   0: [mem 0x0000000000001000-0x000000000009efff]
[    0.047563]   node   0: [mem 0x0000000000100000-0x000000007ffdffff]
[    0.050665] Zeroed struct page in unavailable ranges: 130 pages
[    0.050681] Initmem setup node 0 [mem 0x0000000000001000-0x000000007ffdffff]
[    0.068307] ACPI: PM-Timer IO Port: 0x608
[    0.068898] ACPI: LAPIC_NMI (acpi_id[0xff] dfl dfl lint[0x1])
[    0.069723] IOAPIC[0]: apic_id 0, version 17, address 0xfec00000, GSI 0-23
[    0.070666] ACPI: INT_SRC_OVR (bus 0 bus_irq 0 global_irq 2 dfl dfl)
[    0.071527] ACPI: INT_SRC_OVR (bus 0 bus_irq 5 global_irq 5 high level)
[    0.072420] ACPI: INT_SRC_OVR (bus 0 bus_irq 9 global_irq 9 high level)
[    0.073313] ACPI: INT_SRC_OVR (bus 0 bus_irq 10 global_irq 10 high level)
[    0.074219] ACPI: INT_SRC_OVR (bus 0 bus_irq 11 global_irq 11 high level)
[    0.075130] Using ACPI (MADT) for SMP configuration information
[    0.075899] ACPI: HPET id: 0x8086a201 base: 0xfed00000
[    0.076572] TSC deadline timer available
[    0.077082] smpboot: Allowing 2 CPUs, 0 hotplug CPUs
[    0.077759] kvm-guest: KVM setup pv remote TLB flush
[    0.078441] kvm-guest: setup PV sched yield
[    0.079036] PM: hibernation: Registered nosave memory: [mem 0x00000000-0x00000fff]
[    0.080020] PM: hibernation: Registered nosave memory: [mem 0x0009f000-0x0009ffff]
[    0.080989] PM: hibernation: Registered nosave memory: [mem 0x000a0000-0x000effff]
[    0.081961] PM: hibernation: Registered nosave memory: [mem 0x000f0000-0x000fffff]
[    0.082942] [mem 0x80000000-0xfeffbfff] available for PCI devices
[    0.083729] Booting paravirtualized kernel on KVM
[    0.084369] clocksource: refined-jiffies: mask: 0xffffffff max_cycles: 0xffffffff, max_idle_ns: 7645519600211568 ns
[    0.085732] setup_percpu: NR_CPUS:8192 nr_cpumask_bits:2 nr_cpu_ids:2 nr_node_ids:1
[    0.089910] percpu: Embedded 58 pages/cpu s200704 r8192 d28672 u1048576
[    0.091011] kvm-guest: KVM setup async PF for cpu 0
[    0.091647] kvm-guest: stealtime: cpu 0, msr 7dc30080
[    0.092321] kvm-guest: PV spinlocks enabled
[    0.092880] PV qspinlock hash table entries: 256 (order: 0, 4096 bytes, linear)
[    0.093871] Built 1 zonelists, mobility grouping on.  Total pages: 515945
[    0.094763] Policy zone: DMA32
[    0.095164] Kernel command line: net.ifnames=0 console=ttyS0 root=/dev/sda earlyprintk=serial net.ifnames=0
[    0.098952] Dentry cache hash table entries: 262144 (order: 9, 2097152 bytes, linear)
[    0.100841] Inode-cache hash table entries: 131072 (order: 8, 1048576 bytes, linear)
[    0.102007] mem auto-init: stack:off, heap alloc:off, heap free:off
[    0.106989] Memory: 1988036K/2096632K available (30736K kernel code, 5159K rwdata, 7444K rodata, 2980K init, 22372K bss, 108340K reserved, 0K cma-reserved)
[    0.108718] random: get_random_u64 called from __kmem_cache_create+0x33/0x460 with crng_init=0
[    0.109350] SLUB: HWalign=64, Order=0-3, MinObjects=0, CPUs=2, Nodes=1
[    0.110997] kmemleak: Kernel memory leak detector disabled
[    0.111673] ftrace: allocating 62788 entries in 246 pages
[    0.216996] ftrace: allocated 246 pages with 6 groups
[    0.218008] Running RCU self tests
[    0.218404] rcu: Hierarchical RCU implementation.
[    0.218967] rcu: 	RCU lockdep checking is enabled.
[    0.219534] rcu: 	RCU restricting CPUs from NR_CPUS=8192 to nr_cpu_ids=2.
[    0.220297] 	Trampoline variant of Tasks RCU enabled.
[    0.220850] 	Rude variant of Tasks RCU enabled.
[    0.221357] 	Tracing variant of Tasks RCU enabled.
[    0.221889] rcu: RCU calculated value of scheduler-enlistment delay is 25 jiffies.
[    0.222703] rcu: Adjusting geometry for rcu_fanout_leaf=16, nr_cpu_ids=2
[    0.241179] NR_IRQS: 524544, nr_irqs: 440, preallocated irqs: 16
[    0.252188] Console: colour VGA+ 80x25
[    0.252696] printk: console [ttyS0] enabled
[    0.252696] printk: console [ttyS0] enabled
[    0.253662] printk: bootconsole [earlyser0] disabled
[    0.253662] printk: bootconsole [earlyser0] disabled
[    0.254789] Lock dependency validator: Copyright (c) 2006 Red Hat, Inc., Ingo Molnar
[    0.255730] ... MAX_LOCKDEP_SUBCLASSES:  8
[    0.256206] ... MAX_LOCK_DEPTH:          48
[    0.256779] ... MAX_LOCKDEP_KEYS:        8192
[    0.257384] ... CLASSHASH_SIZE:          4096
[    0.257992] ... MAX_LOCKDEP_ENTRIES:     32768
[    0.258616] ... MAX_LOCKDEP_CHAINS:      65536
[    0.259226] ... CHAINHASH_SIZE:          32768
[    0.259850]  memory used by lock dependency info: 6365 kB
[    0.260585]  memory used for stack traces: 4224 kB
[    0.261253]  per task-struct memory footprint: 1920 bytes
[    0.262041] ACPI: Core revision 20201113
[    0.262845] clocksource: hpet: mask: 0xffffffff max_cycles: 0xffffffff, max_idle_ns: 19112604467 ns
[    0.264271] APIC: Switch to symmetric I/O mode setup
[    0.265195] x2apic enabled
[    0.265824] Switched APIC routing to physical x2apic.
[    0.266525] kvm-guest: setup PV IPIs
[    0.268152] ..TIMER: vector=0x30 apic1=0 pin1=2 apic2=-1 pin2=-1
[    0.269045] clocksource: tsc-early: mask: 0xffffffffffffffff max_cycles: 0x2cd5a8bb032, max_idle_ns: 440795365915 ns
[    0.270475] Calibrating delay loop (skipped) preset value.. 6220.80 BogoMIPS (lpj=12441600)
[    0.271599] pid_max: default: 32768 minimum: 301
[    0.274561] LSM: Security Framework initializing
[    0.275219] Yama: becoming mindful.
[    0.275942] Mount-cache hash table entries: 4096 (order: 3, 32768 bytes, linear)
[    0.276987] Mountpoint-cache hash table entries: 4096 (order: 3, 32768 bytes, linear)
[    0.280635] x86/cpu: User Mode Instruction Prevention (UMIP) activated
[    0.282200] Last level iTLB entries: 4KB 0, 2MB 0, 4MB 0
[    0.282506] Last level dTLB entries: 4KB 0, 2MB 0, 4MB 0, 1GB 0
[    0.283335] Spectre V1 : Mitigation: usercopy/swapgs barriers and __user pointer sanitization
[    0.284468] Spectre V2 : Mitigation: Enhanced IBRS
[    0.285074] Spectre V2 : Spectre v2 / SpectreRSB mitigation: Filling RSB on context switch
[    0.286471] Spectre V2 : mitigation: Enabling conditional Indirect Branch Prediction Barrier
[    0.287534] Speculative Store Bypass: Mitigation: Speculative Store Bypass disabled via prctl and seccomp
[    0.289673] Freeing SMP alternatives memory: 52K
[    0.292913] smpboot: CPU0: Genuine Intel(R) CPU 0000 @ 2.20GHz (family: 0x6, model: 0x8d, stepping: 0x0)
[    0.294461] Performance Events: Icelake events, full-width counters, Intel PMU driver.
[    0.294461] ... version:                2
[    0.294461] ... bit width:              48
[    0.294469] ... generic registers:      8
[    0.294980] ... value mask:             0000ffffffffffff
[    0.295655] ... max period:             00007fffffffffff
[    0.296320] ... fixed-purpose events:   3
[    0.296834] ... event mask:             00000007000000ff
[    0.297905] rcu: Hierarchical SRCU implementation.
[    0.301695] smp: Bringing up secondary CPUs ...
[    0.302995] x86: Booting SMP configuration:
[    0.303551] .... node  #0, CPUs:      #1
[    0.028209] kvm-clock: cpu 1, msr 5401041, secondary cpu clock
[    0.304874] kvm-guest: KVM setup async PF for cpu 1
[    0.304874] kvm-guest: stealtime: cpu 1, msr 7dd30080
[    0.306531] smp: Brought up 1 node, 2 CPUs
[    0.307001] smpboot: Max logical packages: 1
[    0.307468] smpboot: Total of 2 processors activated (12441.60 BogoMIPS)
[    0.310698] devtmpfs: initialized
[    0.311664] x86/mm: Memory block size: 128MB
[    0.315510] clocksource: jiffies: mask: 0xffffffff max_cycles: 0xffffffff, max_idle_ns: 7645041785100000 ns
[    0.318494] futex hash table entries: 512 (order: 4, 65536 bytes, linear)
[    0.320127] pinctrl core: initialized pinctrl subsystem
[    0.321986] 
[    0.322243] *************************************************************
[    0.322480] **     NOTICE NOTICE NOTICE NOTICE NOTICE NOTICE NOTICE    **
[    0.323553] **                                                         **
[    0.324594] **  IOMMU DebugFS SUPPORT HAS BEEN ENABLED IN THIS KERNEL  **
[    0.325683] **                                                         **
[    0.326472] ** This means that this kernel is built to expose internal **
[    0.327559] ** IOMMU data structures, which may compromise security on **
[    0.328646] ** your system.                                            **
[    0.329711] **                                                         **
[    0.330471] ** If you see this message and you are not debugging the   **
[    0.331558] ** kernel, report this immediately to your vendor!         **
[    0.332623] **                                                         **
[    0.333697] **     NOTICE NOTICE NOTICE NOTICE NOTICE NOTICE NOTICE    **
[    0.334471] *************************************************************
[    0.335697] PM: RTC time: 01:46:03, date: 2023-03-14
[    0.339025] NET: Registered protocol family 16
[    0.340856] DMA: preallocated 256 KiB GFP_KERNEL pool for atomic allocations
[    0.342090] DMA: preallocated 256 KiB GFP_KERNEL|GFP_DMA pool for atomic allocations
[    0.342490] DMA: preallocated 256 KiB GFP_KERNEL|GFP_DMA32 pool for atomic allocations
[    0.343791] audit: initializing netlink subsys (disabled)
[    0.344717] audit: type=2000 audit(1678758364.077:1): state=initialized audit_enabled=0 res=1
[    0.344717] thermal_sys: Registered thermal governor 'fair_share'
[    0.344717] thermal_sys: Registered thermal governor 'bang_bang'
[    0.344858] thermal_sys: Registered thermal governor 'step_wise'
[    0.345786] thermal_sys: Registered thermal governor 'user_space'
[    0.346605] cpuidle: using governor ladder
[    0.348237] cpuidle: using governor menu
[    0.349311] ACPI: bus type PCI registered
[    0.349947] acpiphp: ACPI Hot Plug PCI Controller Driver version: 0.5
[    0.351142] PCI: Using configuration type 1 for base access
[    0.370615] HugeTLB registered 1.00 GiB page size, pre-allocated 0 pages
[    0.374472] HugeTLB registered 2.00 MiB page size, pre-allocated 0 pages
[    0.391023] ACPI: Added _OSI(Module Device)
[    0.391023] ACPI: Added _OSI(Processor Device)
[    0.391065] ACPI: Added _OSI(3.0 _SCP Extensions)
[    0.391664] ACPI: Added _OSI(Processor Aggregator Device)
[    0.392357] ACPI: Added _OSI(Linux-Dell-Video)
[    0.392924] ACPI: Added _OSI(Linux-Lenovo-NV-HDMI-Audio)
[    0.393599] ACPI: Added _OSI(Linux-HPI-Hybrid-Graphics)
[    0.401583] ACPI: 1 ACPI AML tables successfully acquired and loaded
[    0.406621] ACPI: Interpreter enabled
[    0.407237] ACPI: (supports S0 S3 S4 S5)
[    0.407759] ACPI: Using IOAPIC for interrupt routing
[    0.408471] PCI: Using host bridge windows from ACPI; if necessary, use "pci=nocrs" and report a bug
[    0.410540] ACPI: Enabled 2 GPEs in block 00 to 0F
[    0.435737] ACPI: PCI Root Bridge [PCI0] (domain 0000 [bus 00-ff])
[    0.436625] acpi PNP0A03:00: _OSC: OS supports [ASPM ClockPM Segments MSI EDR HPX-Type3]
[    0.437800] acpi PNP0A03:00: fail to add MMCONFIG information, can't access extended PCI configuration space under this bridge.
[    0.445019] acpiphp: Slot [3] registered
[    0.445636] acpiphp: Slot [4] registered
[    0.446251] acpiphp: Slot [5] registered
[    0.446557] acpiphp: Slot [6] registered
[    0.447166] acpiphp: Slot [7] registered
[    0.447783] acpiphp: Slot [8] registered
[    0.448392] acpiphp: Slot [9] registered
[    0.449001] acpiphp: Slot [10] registered
[    0.449630] acpiphp: Slot [11] registered
[    0.450245] acpiphp: Slot [12] registered
[    0.450565] acpiphp: Slot [13] registered
[    0.451188] acpiphp: Slot [14] registered
[    0.451805] acpiphp: Slot [15] registered
[    0.452428] acpiphp: Slot [16] registered
[    0.453046] acpiphp: Slot [17] registered
[    0.453675] acpiphp: Slot [18] registered
[    0.454284] acpiphp: Slot [19] registered
[    0.454552] acpiphp: Slot [20] registered
[    0.455088] acpiphp: Slot [21] registered
[    0.455625] acpiphp: Slot [22] registered
[    0.456138] acpiphp: Slot [23] registered
[    0.456648] acpiphp: Slot [24] registered
[    0.457248] acpiphp: Slot [25] registered
[    0.457762] acpiphp: Slot [26] registered
[    0.458281] acpiphp: Slot [27] registered
[    0.458559] acpiphp: Slot [28] registered
[    0.459070] acpiphp: Slot [29] registered
[    0.459586] acpiphp: Slot [30] registered
[    0.460107] acpiphp: Slot [31] registered
[    0.460577] PCI host bridge to bus 0000:00
[    0.461020] pci_bus 0000:00: root bus resource [io  0x0000-0x0cf7 window]
[    0.461737] pci_bus 0000:00: root bus resource [io  0x0d00-0xffff window]
[    0.462450] pci_bus 0000:00: root bus resource [mem 0x000a0000-0x000bffff window]
[    0.462469] pci_bus 0000:00: root bus resource [mem 0x80000000-0xfebfffff window]
[    0.463255] pci_bus 0000:00: root bus resource [mem 0x100000000-0x17fffffff window]
[    0.464057] pci_bus 0000:00: root bus resource [bus 00-ff]
[    0.464717] pci 0000:00:00.0: [8086:1237] type 00 class 0x060000
[    0.467823] pci 0000:00:01.0: [8086:7000] type 00 class 0x060100
[    0.469664] pci 0000:00:01.1: [8086:7010] type 00 class 0x010180
[    0.472251] pci 0000:00:01.1: reg 0x20: [io  0xc040-0xc04f]
[    0.473638] pci 0000:00:01.1: legacy IDE quirk: reg 0x10: [io  0x01f0-0x01f7]
[    0.474387] pci 0000:00:01.1: legacy IDE quirk: reg 0x14: [io  0x03f6]
[    0.474471] pci 0000:00:01.1: legacy IDE quirk: reg 0x18: [io  0x0170-0x0177]
[    0.475270] pci 0000:00:01.1: legacy IDE quirk: reg 0x1c: [io  0x0376]
[    0.476741] pci 0000:00:01.3: [8086:7113] type 00 class 0x068000
[    0.477787] pci 0000:00:01.3: quirk: [io  0x0600-0x063f] claimed by PIIX4 ACPI
[    0.478479] pci 0000:00:01.3: quirk: [io  0x0700-0x070f] claimed by PIIX4 SMB
[    0.480504] pci 0000:00:02.0: [1234:1111] type 00 class 0x030000
[    0.482924] pci 0000:00:02.0: reg 0x10: [mem 0xfd000000-0xfdffffff pref]
[    0.485402] pci 0000:00:02.0: reg 0x18: [mem 0xfebf0000-0xfebf0fff]
[    0.490521] pci 0000:00:02.0: reg 0x30: [mem 0xfebe0000-0xfebeffff pref]
[    0.494194] pci 0000:00:03.0: [8086:100e] type 00 class 0x020000
[    0.495273] pci 0000:00:03.0: reg 0x10: [mem 0xfebc0000-0xfebdffff]
[    0.496549] pci 0000:00:03.0: reg 0x14: [io  0xc000-0xc03f]
[    0.504674] pci 0000:00:03.0: reg 0x30: [mem 0xfeb80000-0xfebbffff pref]
[    0.518015] ACPI: PCI Interrupt Link [LNKA] (IRQs 5 *10 11)
[    0.518962] ACPI: PCI Interrupt Link [LNKB] (IRQs 5 *10 11)
[    0.520043] ACPI: PCI Interrupt Link [LNKC] (IRQs 5 10 *11)
[    0.521121] ACPI: PCI Interrupt Link [LNKD] (IRQs 5 10 *11)
[    0.521963] ACPI: PCI Interrupt Link [LNKS] (IRQs *9)
[    0.523950] iommu: Default domain type: Translated 
[    0.523950] pci 0000:00:02.0: vgaarb: setting as boot VGA device
[    0.523950] pci 0000:00:02.0: vgaarb: VGA device added: decodes=io+mem,owns=io+mem,locks=none
[    0.526532] pci 0000:00:02.0: vgaarb: bridge control possible
[    0.527414] vgaarb: loaded
[    0.530099] SCSI subsystem initialized
[    0.530733] ACPI: bus type USB registered
[    0.531282] usbcore: registered new interface driver usbfs
[    0.531919] usbcore: registered new interface driver hub
[    0.531919] usbcore: registered new device driver usb
[    0.531919] pps_core: LinuxPPS API ver. 1 registered
[    0.531919] pps_core: Software ver. 5.3.6 - Copyright 2005-2007 Rodolfo Giometti <giometti@linux.it>
[    0.532662] PTP clock support registered
[    0.534574] EDAC MC: Ver: 3.0.0
[    0.538806] NetLabel: Initializing
[    0.539363] NetLabel:  domain hash size = 128
[    0.540059] NetLabel:  protocols = UNLABELED CIPSOv4 CALIPSO
[    0.541038] NetLabel:  unlabeled traffic allowed by default
[    0.542026] PCI: Using ACPI for IRQ routing
[    0.542920] hpet0: at MMIO 0xfed00000, IRQs 2, 8, 0
[    0.543463] hpet0: 3 comparators, 64-bit 100.000000 MHz counter
[    0.546474] clocksource: Switched to clocksource kvm-clock
[    0.686160] VFS: Disk quotas dquot_6.6.0
[    0.686682] VFS: Dquot-cache hash table entries: 512 (order 0, 4096 bytes)
[    0.687787] pnp: PnP ACPI init
[    0.690434] pnp: PnP ACPI: found 6 devices
[    0.703797] clocksource: acpi_pm: mask: 0xffffff max_cycles: 0xffffff, max_idle_ns: 2085701024 ns
[    0.705094] NET: Registered protocol family 2
[    3.987582] tcp_listen_portaddr_hash hash table entries: 1024 (order: 4, 81920 bytes, linear)
[    3.989308] TCP established hash table entries: 16384 (order: 5, 131072 bytes, linear)
[    3.991084] TCP bind hash table entries: 16384 (order: 8, 1179648 bytes, linear)
[    3.997608] TCP: Hash tables configured (established 16384 bind 16384)
[    3.999127] UDP hash table entries: 1024 (order: 5, 163840 bytes, linear)
[    4.000500] UDP-Lite hash table entries: 1024 (order: 5, 163840 bytes, linear)
[    4.002225] NET: Registered protocol family 1
[    4.004011] RPC: Registered named UNIX socket transport module.
[    4.004842] RPC: Registered udp transport module.
[    4.005465] RPC: Registered tcp transport module.
[    4.006096] RPC: Registered tcp NFSv4.1 backchannel transport module.
[    4.006997] pci_bus 0000:00: resource 4 [io  0x0000-0x0cf7 window]
[    4.007798] pci_bus 0000:00: resource 5 [io  0x0d00-0xffff window]
[    4.008615] pci_bus 0000:00: resource 6 [mem 0x000a0000-0x000bffff window]
[    4.009518] pci_bus 0000:00: resource 7 [mem 0x80000000-0xfebfffff window]
[    4.010433] pci_bus 0000:00: resource 8 [mem 0x100000000-0x17fffffff window]
[    4.011697] pci 0000:00:01.0: PIIX3: Enabling Passive Release
[    4.012474] pci 0000:00:00.0: Limiting direct PCI/PCI transfers
[    4.013273] pci 0000:00:01.0: Activating ISA DMA hang workarounds
[    4.014176] pci 0000:00:02.0: Video device with shadowed ROM at [mem 0x000c0000-0x000dffff]
[    4.015309] PCI: CLS 0 bytes, default 64
[    4.016505] clocksource: tsc: mask: 0xffffffffffffffff max_cycles: 0x2cd5a8bb032, max_idle_ns: 440795365915 ns
[    4.019400] check: Scanning for low memory corruption every 60 seconds
[    4.027917] Initialise system trusted keyrings
[    4.028905] Key type blacklist registered
[    4.029818] workingset: timestamp_bits=36 max_order=19 bucket_order=0
[    4.041973] zbud: loaded
[    4.044657] squashfs: version 4.0 (2009/01/31) Phillip Lougher
[    4.047321] NFS: Registering the id_resolver key type
[    4.048032] Key type id_resolver registered
[    4.048585] Key type id_legacy registered
[    4.049247] nfs4filelayout_init: NFSv4 File Layout Driver Registering...
[    4.050395] fuse: init (API version 7.33)
[    4.051378] SGI XFS with ACLs, security attributes, realtime, quota, no debug enabled
[    4.054242] 9p: Installing v9fs 9p2000 file system support
[    4.065854] Key type asymmetric registered
[    4.066589] Asymmetric key parser 'x509' registered
[    4.067492] Block layer SCSI generic (bsg) driver version 0.4 loaded (major 244)
[    4.068972] io scheduler mq-deadline registered
[    4.070003] io scheduler bfq registered
[    4.071554] shpchp: Standard Hot Plug PCI Controller Driver version: 0.4
[    4.073395] IPMI message handler: version 39.2
[    4.074281] ipmi device interface
[    4.078088] input: Power Button as /devices/LNXSYSTM:00/LNXPWRBN:00/input/input0
[    4.079915] ACPI: Power Button [PWRF]
[    4.082439] ERST DBG: ERST support is disabled.
[    4.084206] Serial: 8250/16550 driver, 32 ports, IRQ sharing enabled
[    4.086163] 00:04: ttyS0 at I/O 0x3f8 (irq = 4, base_baud = 115200) is a 16550A
[    4.106453] Linux agpgart interface v0.103
[    4.134115] brd: module loaded
[    4.155392] loop: module loaded
[    4.164264] scsi host0: ata_piix
[    4.166140] scsi host1: ata_piix
[    4.167071] ata1: PATA max MWDMA2 cmd 0x1f0 ctl 0x3f6 bmdma 0xc040 irq 14
[    4.168178] ata2: PATA max MWDMA2 cmd 0x170 ctl 0x376 bmdma 0xc048 irq 15
[    4.171306] libphy: Fixed MDIO Bus: probed
[    4.172582] tun: Universal TUN/TAP device driver, 1.6
[    4.173823] e100: Intel(R) PRO/100 Network Driver
[    4.174622] e100: Copyright(c) 1999-2006 Intel Corporation
[    4.175627] e1000: Intel(R) PRO/1000 Network Driver
[    4.176416] e1000: Copyright (c) 1999-2006 Intel Corporation.
[    4.327662] ata1.00: ATA-7: QEMU HARDDISK, 2.5+, max UDMA/100
[    4.328619] ata1.00: 16777216 sectors, multi 16: LBA48 
[    4.331319] scsi 0:0:0:0: Direct-Access     ATA      QEMU HARDDISK    2.5+ PQ: 0 ANSI: 5
[    4.335035] ata2.00: ATAPI: QEMU DVD-ROM, 2.5+, max UDMA/100
[    4.336388] scsi 0:0:0:0: Attached scsi generic sg0 type 0
[    4.339350] scsi 1:0:0:0: CD-ROM            QEMU     QEMU DVD-ROM     2.5+ PQ: 0 ANSI: 5
[    4.342309] scsi 1:0:0:0: Attached scsi generic sg1 type 5
[    4.344432] sd 0:0:0:0: [sda] 16777216 512-byte logical blocks: (8.59 GB/8.00 GiB)
[    4.345841] sd 0:0:0:0: [sda] Write Protect is off
[    4.346772] sd 0:0:0:0: [sda] Write cache: enabled, read cache: enabled, doesn't support DPO or FUA
[    4.352776] sd 0:0:0:0: [sda] Attached SCSI disk
[    4.468061] PCI Interrupt Link [LNKC] enabled at IRQ 11
[    4.798275] e1000 0000:00:03.0 eth0: (PCI:33MHz:32-bit) 52:54:00:12:34:56
[    4.799083] e1000 0000:00:03.0 eth0: Intel(R) PRO/1000 Network Connection
[    4.799947] e1000e: Intel(R) PRO/1000 Network Driver
[    4.800490] e1000e: Copyright(c) 1999 - 2015 Intel Corporation.
[    4.801206] igb: Intel(R) Gigabit Ethernet Network Driver
[    4.801779] igb: Copyright (c) 2007-2014 Intel Corporation.
[    4.802513] PPP generic driver version 2.4.2
[    4.803763] VFIO - User Level meta-driver version: 0.3
[    4.804442] ehci_hcd: USB 2.0 'Enhanced' Host Controller (EHCI) Driver
[    4.805153] ehci-pci: EHCI PCI platform driver
[    4.805675] ehci-platform: EHCI generic platform driver
[    4.806271] ohci_hcd: USB 1.1 'Open' Host Controller (OHCI) Driver
[    4.806939] ohci-pci: OHCI PCI platform driver
[    4.807467] ohci-platform: OHCI generic platform driver
[    4.808052] uhci_hcd: USB Universal Host Controller Interface driver
[    4.809244] usbcore: registered new interface driver uas
[    4.810197] usbcore: registered new interface driver usb-storage
[    4.811400] i8042: PNP: PS/2 Controller [PNP0303:KBD,PNP0f13:MOU] at 0x60,0x64 irq 1,12
[    4.813825] serio: i8042 KBD port at 0x60,0x64 irq 1
[    4.814729] serio: i8042 AUX port at 0x60,0x64 irq 12
[    4.816715] mousedev: PS/2 mouse device common for all mice
[    4.818913] rtc_cmos 00:05: RTC can wake from S4
[    4.819026] input: AT Translated Set 2 keyboard as /devices/platform/i8042/serio0/input/input1
[    4.821062] rtc_cmos 00:05: registered as rtc0
[    4.821722] rtc_cmos 00:05: setting system clock to 2023-03-14T01:46:08 UTC (1678758368)
[    4.822868] rtc_cmos 00:05: alarms up to one day, y3k, 242 bytes nvram, hpet irqs
[    4.823618] input: VirtualPS/2 VMware VMMouse as /devices/platform/i8042/serio1/input/input4
[    4.823914] i2c /dev entries driver
[    4.825842] device-mapper: uevent: version 1.0.3
[    4.826788] device-mapper: ioctl: 4.43.0-ioctl (2020-10-01) initialised: dm-devel@redhat.com
[    4.826998] input: VirtualPS/2 VMware VMMouse as /devices/platform/i8042/serio1/input/input3
[    4.827674] intel_pstate: CPU model not supported
[    4.827802] sdhci: Secure Digital Host Controller Interface driver
[    4.830160] sdhci: Copyright(c) Pierre Ossman
[    4.830761] sdhci-pltfm: SDHCI platform and OF driver helper
[    4.831458] ledtrig-cpu: registered to indicate activity on CPUs
[    4.832278] drop_monitor: Initializing network drop monitor service
[    4.833759] NET: Registered protocol family 10
[    4.839619] Segment Routing with IPv6
[    4.840090] NET: Registered protocol family 17
[    4.841087] 9pnet: Installing 9P2000 support
[    4.841902] Key type dns_resolver registered
[    4.844061] IPI shorthand broadcast: enabled
[    4.844834] sched_clock: Marking stable (4819491176, 24209404)->(4853351951, -9651371)
[    4.846571] registered taskstats version 1
[    4.847324] Loading compiled-in X.509 certificates
[    4.848504] zswap: loaded using pool lzo/zbud
[    4.850061] Key type ._fscrypt registered
[    4.850541] Key type .fscrypt registered
[    4.850958] Key type fscrypt-provisioning registered
[    4.852857] Key type encrypted registered
[    4.853577] ima: No TPM chip found, activating TPM-bypass!
[    4.854496] ima: Allocated hash algorithm: sha1
[    4.855319] ima: No architecture policies found
[    4.856239] evm: Initialising EVM extended attributes:
[    4.857071] evm: security.selinux
[    4.857604] evm: security.SMACK64
[    4.858162] evm: security.SMACK64EXEC
[    4.858822] evm: security.SMACK64TRANSMUTE
[    4.859494] evm: security.SMACK64MMAP
[    4.860100] evm: security.apparmor
[    4.860664] evm: security.ima
[    4.861154] evm: security.capability
[    4.861756] evm: HMAC attrs: 0x1
[    4.867668] PM:   Magic number: 15:371:761
[    4.869203] RAS: Correctable Errors collector initialized.
[    4.871058] md: Waiting for all devices to be available before autodetect
[    4.871797] md: If you don't use raid, use raid=noautodetect
[    4.872411] md: Autodetecting RAID arrays.
[    4.872870] md: autorun ...
[    4.873199] md: ... autorun DONE.
[    4.878974] EXT4-fs (sda): mounted filesystem with ordered data mode. Opts: (null). Quota mode: none.
[    4.880078] VFS: Mounted root (ext4 filesystem) readonly on device 8:0.
[    4.882440] devtmpfs: mounted
[    4.892190] Freeing unused decrypted memory: 2036K
[    4.893672] Freeing unused kernel image (initmem) memory: 2980K
[    4.902554] Write protecting the kernel read-only data: 40960k
[    4.906596] Freeing unused kernel image (text/rodata gap) memory: 2028K
[    4.908048] Freeing unused kernel image (rodata/data gap) memory: 748K
[    5.021440] x86/mm: Checked W+X mappings: passed, no W+X pages found.
[    5.022191] Run /sbin/init as init process
[    5.110325] random: fast init done
[    5.127492] systemd[1]: RTC configured in localtime, applying delta of 0 minutes to system time.
[    5.161788] systemd[1]: systemd 239 (239-49.el8) running in system mode. (+PAM +AUDIT +SELINUX +IMA -APPARMOR +SMACK +SYSVINIT +UTMP +LIBCRYPTSETUP +GCRYPT +GNUTLS +ACL +XZ +LZ4 +SECCOMP +BLKID +ELFUTILS +KMOD +IDN2 -IDN +PCRE2 default-hierarchy=legacy)
[    5.164473] systemd[1]: Detected virtualization kvm.
[    5.165018] systemd[1]: Detected architecture x86-64.

Welcome to [0;31mCentOS Stream 8[0m!

[    5.188168] systemd[1]: Set hostname to <test>.
[    5.346647] random: lvmconfig: uninitialized urandom read (4 bytes read)
[    5.514917] random: systemd: uninitialized urandom read (16 bytes read)
[    5.516007] systemd[1]: Listening on Device-mapper event daemon FIFOs.
[[0;32m  OK  [0m] Listening on Device-mapper event daemon FIFOs.
[    5.517958] random: systemd: uninitialized urandom read (16 bytes read)
[    5.519020] systemd[1]: Listening on udev Kernel Socket.
[[0;32m  OK  [0m] Listening on udev Kernel Socket.
[    5.524966] systemd[1]: Created slice system-serial\x2dgetty.slice.
[[0;32m  OK  [0m] Created slice system-serial\x2dgetty.slice.
[    5.526874] systemd[1]: Listening on multipathd control socket.
[[0;32m  OK  [0m] Listening on multipathd control socket.
[    5.528700] systemd[1]: Listening on udev Control Socket.
[[0;32m  OK  [0m] Listening on udev Control Socket.
[    5.531179] systemd[1]: Created slice User and Session Slice.
[[0;32m  OK  [0m] Created slice User and Session Slice.
[[0;32m  OK  [0m] Started Forward Password Requests to Wall Directory Watch.
[[0;32m  OK  [0m] Listening on Journal Socket (/dev/log).
[[0;32m  OK  [0m] Set up automount Arbitrary Executabâ€¦rmats File System Automount Point.
[[0;32m  OK  [0m] Listening on initctl Compatibility Named Pipe.
[[0;32m  OK  [0m] Created slice system-sshd\x2dkeygen.slice.
[[0;32m  OK  [0m] Reached target Slices.
[[0;32m  OK  [0m] Listening on LVM2 poll daemon socket.
[[0;32m  OK  [0m] Listening on Journal Socket.
         Mounting POSIX Message Queue File System...
         Starting Setup Virtual Console...
         Starting udev Coldplug all Devices...
         Starting Monitoring of LVM2 mirrorsâ€¦ng dmeventd or progress polling...
         Mounting Kernel Debug File System...
         Starting Load Kernel Modules...
         Mounting Huge Pages File System...
         Starting Remount Root and Kernel File Systems...
[[0;32m  OK  [0m] Listening on RPCbind Server Activation Socket.
[[0;32m  OK  [0m] Reached target RPC Port Mapper.
         Starting Journal Service...
[[0;32m  OK  [0m] Created slice system-getty.slice.
[[0;32m  OK  [0m] Reached target Swap.
[[0;32m  OK  [0m] Listening on Process Core Dump Socket.
[[0;32m  OK  [0m] Mounted POSIX Message Queue File System.
[[0;32m  OK  [0m] Mounted Kernel Debug File System.
[[0;1;31mFAILED[0m] Failed to start Load Kernel Modules.[    6.144292] EXT4-fs (sda): re-mounted. Opts: (null). Quota mode: none.

See 'systemctl status systemd-modules-load.service' for details.
[[0;32m  OK  [0m] Started Journal Service.
[[0;32m  OK  [0m] Started Setup Virtual Console.
[[0;32m  OK  [0m] Mounted Huge Pages File System.
[[0;32m  OK  [0m] Started Remount Root and Kernel File Systems.
         Starting Load/Save Random Seed...
         Starting Create Static Device Nodes in /dev...
         Starting Flush Journal to Persistent Storage...
         Mounting FUSE Control File System...
         Mounting Kernel Configuration File System...
         Starting Apply Kernel Variables...
[[0;32m  OK  [0m] Started Load/Save Random Seed.
[[0;32m  OK  [0m] Started Create Static Device Nodes in /dev.
[[0;32m  OK  [0m] Mounted FUSE Control File System.
[[0;32m  OK  [0m] Mounted Kernel Configuration File System.
[[0;32m  OK  [0m] Started Apply Kernel Variables.
         Starting udev Kernel Device Manager...
[[0;32m  OK  [0m] Started Flush Journal to Persistent Storage.
[[0;32m  OK  [0m] Started udev Coldplug all Devices.
         Starting udev Wait for Complete Device Initialization...
[[0;32m  OK  [0m] Started udev Kernel Device Manager.
         Starting Show Plymouth Boot Screen...
[[0;32m  OK  [0m] Started Show Plymouth Boot Screen.
[[0;32m  OK  [0m] Started Forward Password Requests to Plymouth Directory Watch.
[[0;32m  OK  [0m] Reached target Local Encrypted Volumes.
[[0;32m  OK  [0m] Reached target Paths.
[[0;32m  OK  [0m] Started Monitoring of LVM2 mirrors,â€¦sing dmeventd or progress polling.
[[0;32m  OK  [0m] Found device /dev/ttyS0.
[[0;32m  OK  [0m] Started udev Wait for Complete Device Initialization.
[[0;32m  OK  [0m] Listening on Load/Save RF Kill Switch Status /dev/rfkill Watch.
[[0;32m  OK  [0m] Reached target Local File Systems (Pre).
[[0;32m  OK  [0m] Reached target Local File Systems.
         Starting Tell Plymouth To Write Out Runtime Data...
         Starting Restore /run/initramfs on shutdown...
         Starting Create Volatile Files and Directories...
[[0;32m  OK  [0m] Started Tell Plymouth To Write Out Runtime Data.
[[0;32m  OK  [0m] Started Restore /run/initramfs on shutdown.
[[0;32m  OK  [0m] Started Create Volatile Files and Directories.
         Starting Security Auditing Service...
         Starting RPC Bind...
         Mounting RPC Pipe File System...
[[0;32m  OK  [0m] Mounted RPC Pipe File System.
[[0;32m  OK  [0m] Started RPC Bind.
[[0;32m  OK  [0m] Reached target rpc_pipefs.target.
[[0;32m  OK  [0m] Started Security Auditing Service.
         Starting Update UTMP about System Boot/Shutdown...
[[0;32m  OK  [0m] Started Update UTMP about System Boot/Shutdown.
[[0;32m  OK  [0m] Reached target System Initialization.
[[0;32m  OK  [0m] Started dnf makecache --timer.
[[0;32m  OK  [0m] Listening on D-Bus System Message Bus Socket.
[[0;32m  OK  [0m] Started daily update of the root trust anchor for DNSSEC.
[[0;32m  OK  [0m] Listening on SSSD Kerberos Cache Manager responder socket.
[[0;32m  OK  [0m] Reached target Sockets.
[[0;32m  OK  [0m] Reached target Basic System.
[[0;32m  OK  [0m] Started irqbalance daemon.
         Starting Auto-connect to subsystemsâ€¦-NVME devices found during boot...
         Starting Login Service...
[[0;32m  OK  [0m] Started D-Bus System Message Bus.
[    8.262715] random: crng init done
[    8.263298] random: 7 urandom warning(s) missed due to ratelimiting
[[0;32m  OK  [0m] Started Machine Check Exception Logging Daemon.
[[0;32m  OK  [0m] Reached target sshd-keygen.target.
         Starting Authorization Manager...
         Starting NTP client/server...
         Starting Self Monitoring and Reporting Technology (SMART) Daemon...
[[0;32m  OK  [0m] Started Daily Cleanup of Temporary Directories.
[[0;32m  OK  [0m] Reached target Timers.
         Starting Network Manager...
[[0;32m  OK  [0m] Started Auto-connect to subsystems â€¦FC-NVME devices found during boot.
         Starting update of the root trust aâ€¦or DNSSEC validation in unbound...
[[0;32m  OK  [0m] Started Login Service.
[[0;32m  OK  [0m] Started Self Monitoring and Reporting Technology (SMART) Daemon.
[[0;32m  OK  [0m] Started NTP client/server.
[[0;32m  OK  [0m] Started Network Manager.
[[0;32m  OK  [0m] Reached target Network.
         Starting OpenSSH server daemon...
         Starting Dynamic System Tuning Daemon...
         Starting GSSAPI Proxy Daemon...
         Starting Network Manager Wait Online...
[[0;32m  OK  [0m] Started update of the root trust anâ€¦ for DNSSEC validation in unbound.
[[0;32m  OK  [0m] Started Authorization Manager.
[[0;32m  OK  [0m] Started OpenSSH server daemon.
         Starting Hostname Service...
[[0;32m  OK  [0m] Started GSSAPI Proxy Daemon.
[[0;32m  OK  [0m] Reached target NFS client services.
[[0;32m  OK  [0m] Reached target Remote File Systems (Pre).
[[0;32m  OK  [0m] Reached target Remote File Systems.
         Starting Permit User Sessions...
[[0;32m  OK  [0m] Started Permit User Sessions.
[[0;32m  OK  [0m] Started Command Scheduler.
         Starting Hold until boot process finishes up...
         Starting Terminate Plymouth Boot Screen...
[    9.414823] e1000: eth0 NIC Link is Up 1000 Mbps Full Duplex, Flow Control: RX
[    9.416348] IPv6: ADDRCONF(NETDEV_CHANGE): eth0: link becomes ready

CentOS Stream 8
Kernel 5.11.0-f40ddce88593 on an x86_64

test login: 