c[?7l[2J[0mSeaBIOS (version rel-1.16.0-0-gd239552ce722-prebuilt.qemu.org)


iPXE (http://ipxe.org) 00:03.0 CA00 PCI2.10 PnP PMM+7FF91000+7FEF1000 CA00
Press Ctrl-B to configure iPXE (PCI 00:03.0)...                                                                               


Booting from ROM..c[?7l[2J[    0.000000] Linux version 6.3.0-3fb29a23fcda+ (root@p-rplp01) (gcc (GCC) 8.5.0 20210514 (Red Hat 8.5.0-18), GNU ld version 2.36.1-2.el8) #1 SMP PREEMPT_DYNAMIC Tue Apr 25 17:05:14 CST 2023
[    0.000000] Command line: console=ttyS0 root=/dev/sda earlyprintk=serial net.ifnames=0
[    0.000000] KERNEL supported cpus:
[    0.000000]   Intel GenuineIntel
[    0.000000]   AMD AuthenticAMD
[    0.000000]   Hygon HygonGenuine
[    0.000000]   Centaur CentaurHauls
[    0.000000]   zhaoxin   Shanghai  
[    0.000000] x86/fpu: Supporting XSAVE feature 0x001: 'x87 floating point registers'
[    0.000000] x86/fpu: Supporting XSAVE feature 0x002: 'SSE registers'
[    0.000000] x86/fpu: Supporting XSAVE feature 0x004: 'AVX registers'
[    0.000000] x86/fpu: Supporting XSAVE feature 0x200: 'Protection Keys User registers'
[    0.000000] x86/fpu: xstate_offset[2]:  576, xstate_sizes[2]:  256
[    0.000000] x86/fpu: xstate_offset[9]:  832, xstate_sizes[9]:    8
[    0.000000] x86/fpu: Enabled xstate features 0x207, context size is 840 bytes, using 'compacted' format.
[    0.000000] signal: max sigframe size: 3632
[    0.000000] BIOS-provided physical RAM map:
[    0.000000] BIOS-e820: [mem 0x0000000000000000-0x000000000009fbff] usable
[    0.000000] BIOS-e820: [mem 0x000000000009fc00-0x000000000009ffff] reserved
[    0.000000] BIOS-e820: [mem 0x00000000000f0000-0x00000000000fffff] reserved
[    0.000000] BIOS-e820: [mem 0x0000000000100000-0x000000007ffdffff] usable
[    0.000000] BIOS-e820: [mem 0x000000007ffe0000-0x000000007fffffff] reserved
[    0.000000] BIOS-e820: [mem 0x00000000feffc000-0x00000000feffffff] reserved
[    0.000000] BIOS-e820: [mem 0x00000000fffc0000-0x00000000ffffffff] reserved
[    0.000000] printk: bootconsole [earlyser0] enabled
[    0.000000] NX (Execute Disable) protection: active
[    0.000000] SMBIOS 2.8 present.
[    0.000000] DMI: QEMU Standard PC (i440FX + PIIX, 1996), BIOS rel-1.16.0-0-gd239552ce722-prebuilt.qemu.org 04/01/2014
[    0.000000] Hypervisor detected: KVM
[    0.000000] kvm-clock: Using msrs 4b564d01 and 4b564d00
[    0.000002] kvm-clock: using sched offset of 339319126 cycles
[    0.000359] clocksource: kvm-clock: mask: 0xffffffffffffffff max_cycles: 0x1cd42e4dffb, max_idle_ns: 881590591483 ns
[    0.001468] tsc: Detected 2918.400 MHz processor
[    0.004000] last_pfn = 0x7ffe0 max_arch_pfn = 0x400000000
[    0.004000] x86/PAT: Configuration [0-7]: WB  WC  UC- UC  WB  WP  UC- WT  
[    0.004000] found SMP MP-table at [mem 0x000f5ba0-0x000f5baf]
[    0.004000] Using GB pages for direct mapping
[    0.004000] ACPI: Early table checksum verification disabled
[    0.004000] ACPI: RSDP 0x00000000000F59C0 000014 (v00 BOCHS )
[    0.004000] ACPI: RSDT 0x000000007FFE1951 000034 (v01 BOCHS  BXPC     00000001 BXPC 00000001)
[    0.004000] ACPI: FACP 0x000000007FFE17FD 000074 (v01 BOCHS  BXPC     00000001 BXPC 00000001)
[    0.004000] ACPI: DSDT 0x000000007FFE0040 0017BD (v01 BOCHS  BXPC     00000001 BXPC 00000001)
[    0.004000] ACPI: FACS 0x000000007FFE0000 000040
[    0.004000] ACPI: APIC 0x000000007FFE1871 000080 (v01 BOCHS  BXPC     00000001 BXPC 00000001)
[    0.004000] ACPI: HPET 0x000000007FFE18F1 000038 (v01 BOCHS  BXPC     00000001 BXPC 00000001)
[    0.004000] ACPI: WAET 0x000000007FFE1929 000028 (v01 BOCHS  BXPC     00000001 BXPC 00000001)
[    0.004000] ACPI: Reserving FACP table memory at [mem 0x7ffe17fd-0x7ffe1870]
[    0.004000] ACPI: Reserving DSDT table memory at [mem 0x7ffe0040-0x7ffe17fc]
[    0.004000] ACPI: Reserving FACS table memory at [mem 0x7ffe0000-0x7ffe003f]
[    0.004000] ACPI: Reserving APIC table memory at [mem 0x7ffe1871-0x7ffe18f0]
[    0.004000] ACPI: Reserving HPET table memory at [mem 0x7ffe18f1-0x7ffe1928]
[    0.004000] ACPI: Reserving WAET table memory at [mem 0x7ffe1929-0x7ffe1950]
[    0.004000] No NUMA configuration found
[    0.004000] Faking a node at [mem 0x0000000000000000-0x000000007ffdffff]
[    0.004000] NODE_DATA(0) allocated [mem 0x7ffb5000-0x7ffdffff]
[    0.004000] Zone ranges:
[    0.004000]   DMA      [mem 0x0000000000001000-0x0000000000ffffff]
[    0.004000]   DMA32    [mem 0x0000000001000000-0x000000007ffdffff]
[    0.004000]   Normal   empty
[    0.004000]   Device   empty
[    0.004000] Movable zone start for each node
[    0.004000] Early memory node ranges
[    0.004000]   node   0: [mem 0x0000000000001000-0x000000000009efff]
[    0.004000]   node   0: [mem 0x0000000000100000-0x000000007ffdffff]
[    0.004000] Initmem setup node 0 [mem 0x0000000000001000-0x000000007ffdffff]
[    0.004000] On node 0, zone DMA: 1 pages in unavailable ranges
[    0.004000] On node 0, zone DMA: 97 pages in unavailable ranges
[    0.004000] On node 0, zone DMA32: 32 pages in unavailable ranges
[    0.004000] ACPI: PM-Timer IO Port: 0x608
[    0.004000] ACPI: LAPIC_NMI (acpi_id[0xff] dfl dfl lint[0x1])
[    0.004000] IOAPIC[0]: apic_id 0, version 17, address 0xfec00000, GSI 0-23
[    0.004000] ACPI: INT_SRC_OVR (bus 0 bus_irq 0 global_irq 2 dfl dfl)
[    0.004000] ACPI: INT_SRC_OVR (bus 0 bus_irq 5 global_irq 5 high level)
[    0.004000] ACPI: INT_SRC_OVR (bus 0 bus_irq 9 global_irq 9 high level)
[    0.004000] ACPI: INT_SRC_OVR (bus 0 bus_irq 10 global_irq 10 high level)
[    0.004000] ACPI: INT_SRC_OVR (bus 0 bus_irq 11 global_irq 11 high level)
[    0.004000] ACPI: Using ACPI (MADT) for SMP configuration information
[    0.004000] ACPI: HPET id: 0x8086a201 base: 0xfed00000
[    0.004000] TSC deadline timer available
[    0.004000] smpboot: Allowing 2 CPUs, 0 hotplug CPUs
[    0.004000] kvm-guest: KVM setup pv remote TLB flush
[    0.004000] kvm-guest: setup PV sched yield
[    0.004000] PM: hibernation: Registered nosave memory: [mem 0x00000000-0x00000fff]
[    0.004000] PM: hibernation: Registered nosave memory: [mem 0x0009f000-0x0009ffff]
[    0.004000] PM: hibernation: Registered nosave memory: [mem 0x000a0000-0x000effff]
[    0.004000] PM: hibernation: Registered nosave memory: [mem 0x000f0000-0x000fffff]
[    0.004000] [mem 0x80000000-0xfeffbfff] available for PCI devices
[    0.004000] Booting paravirtualized kernel on KVM
[    0.004000] clocksource: refined-jiffies: mask: 0xffffffff max_cycles: 0xffffffff, max_idle_ns: 7645519600211568 ns
[    0.004000] setup_percpu: NR_CPUS:8192 nr_cpumask_bits:2 nr_cpu_ids:2 nr_node_ids:1
[    0.004000] percpu: Embedded 65 pages/cpu s229376 r8192 d28672 u1048576
[    0.004000] kvm-guest: PV spinlocks enabled
[    0.004000] PV qspinlock hash table entries: 256 (order: 0, 4096 bytes, linear)
[    0.004000] Fallback order for Node 0: 0 
[    0.004000] Built 1 zonelists, mobility grouping on.  Total pages: 515808
[    0.004000] Policy zone: DMA32
[    0.004000] Kernel command line: net.ifnames=0 console=ttyS0 root=/dev/sda earlyprintk=serial net.ifnames=0
[    0.004000] random: crng init done
[    0.004000] Dentry cache hash table entries: 262144 (order: 9, 2097152 bytes, linear)
[    0.004000] Inode-cache hash table entries: 131072 (order: 8, 1048576 bytes, linear)
[    0.004000] mem auto-init: stack:off, heap alloc:off, heap free:off
[    0.004000] Memory: 1966944K/2096632K available (34816K kernel code, 4558K rwdata, 9768K rodata, 10364K init, 31912K bss, 129432K reserved, 0K cma-reserved)
[    0.004000] SLUB: HWalign=64, Order=0-3, MinObjects=0, CPUs=2, Nodes=1
[    0.004000] kmemleak: Kernel memory leak detector disabled
[    0.004000] ftrace: allocating 68595 entries in 268 pages
[    0.004000] ftrace: allocated 268 pages with 3 groups
[    0.004000] Dynamic Preempt: voluntary
[    0.004000] Running RCU self tests
[    0.004000] Running RCU synchronous self tests
[    0.004000] rcu: Preemptible hierarchical RCU implementation.
[    0.004000] rcu: 	RCU lockdep checking is enabled.
[    0.004000] rcu: 	RCU restricting CPUs from NR_CPUS=8192 to nr_cpu_ids=2.
[    0.004000] 	Trampoline variant of Tasks RCU enabled.
[    0.004000] 	Rude variant of Tasks RCU enabled.
[    0.004000] 	Tracing variant of Tasks RCU enabled.
[    0.004000] rcu: RCU calculated value of scheduler-enlistment delay is 25 jiffies.
[    0.004000] rcu: Adjusting geometry for rcu_fanout_leaf=16, nr_cpu_ids=2
[    0.004000] Running RCU synchronous self tests
[    0.004000] NR_IRQS: 524544, nr_irqs: 440, preallocated irqs: 16
[    0.004000] rcu: srcu_init: Setting srcu_struct sizes based on contention.
[    0.004000] Console: colour VGA+ 80x25
[    0.004000] printk: console [ttyS0] enabled
[    0.004000] printk: console [ttyS0] enabled
[    0.004000] printk: bootconsole [earlyser0] disabled
[    0.004000] printk: bootconsole [earlyser0] disabled
[    0.004000] Lock dependency validator: Copyright (c) 2006 Red Hat, Inc., Ingo Molnar
[    0.004000] ... MAX_LOCKDEP_SUBCLASSES:  8
[    0.004000] ... MAX_LOCK_DEPTH:          48
[    0.004000] ... MAX_LOCKDEP_KEYS:        8192
[    0.004000] ... CLASSHASH_SIZE:          4096
[    0.004000] ... MAX_LOCKDEP_ENTRIES:     32768
[    0.004000] ... MAX_LOCKDEP_CHAINS:      65536
[    0.004000] ... CHAINHASH_SIZE:          32768
[    0.004000]  memory used by lock dependency info: 6365 kB
[    0.004000]  memory used for stack traces: 4224 kB
[    0.004000]  per task-struct memory footprint: 1920 bytes
[    0.004000] ACPI: Core revision 20221020
[    0.004000] clocksource: hpet: mask: 0xffffffff max_cycles: 0xffffffff, max_idle_ns: 19112604467 ns
[    0.004000] APIC: Switch to symmetric I/O mode setup
[    0.004000] x2apic enabled
[    0.004000] Switched APIC routing to physical x2apic.
[    0.004000] kvm-guest: setup PV IPIs
[    0.004000] ..TIMER: vector=0x30 apic1=0 pin1=2 apic2=-1 pin2=-1
[    0.004000] clocksource: tsc-early: mask: 0xffffffffffffffff max_cycles: 0x2a11290c0c8, max_idle_ns: 440795344938 ns
[    0.122840] Calibrating delay loop (skipped) preset value.. 5836.80 BogoMIPS (lpj=11673600)
[    0.126844] pid_max: default: 32768 minimum: 301
[    0.127249] LSM: initializing lsm=capability,yama,integrity
[    0.127663] Yama: becoming mindful.
[    0.128051] Mount-cache hash table entries: 4096 (order: 3, 32768 bytes, linear)
[    0.128586] Mountpoint-cache hash table entries: 4096 (order: 3, 32768 bytes, linear)
[    0.130044] x86/cpu: User Mode Instruction Prevention (UMIP) activated
[    0.130865] Last level iTLB entries: 4KB 0, 2MB 0, 4MB 0
[    0.131254] Last level dTLB entries: 4KB 0, 2MB 0, 4MB 0, 1GB 0
[    0.131690] Spectre V1 : Mitigation: usercopy/swapgs barriers and __user pointer sanitization
[    0.132299] Spectre V2 : WARNING: Unprivileged eBPF is enabled with eIBRS on, data leaks possible via Spectre v2 BHB attacks!
[    0.133099] Spectre V2 : Mitigation: Enhanced / Automatic IBRS
[    0.133492] Spectre V2 : Spectre v2 / SpectreRSB mitigation: Filling RSB on context switch
[    0.134041] Spectre V2 : Spectre v2 / PBRSB-eIBRS: Retire a single CALL on VMEXIT
[    0.134539] Spectre V2 : mitigation: Enabling conditional Indirect Branch Prediction Barrier
[    0.134830] Speculative Store Bypass: Mitigation: Speculative Store Bypass disabled via prctl
[    0.135398] MMIO Stale Data: Unknown: No mitigations
[    0.240487] Freeing SMP alternatives memory: 56K
[    0.240847] Running RCU synchronous self tests
[    0.241156] Running RCU synchronous self tests
[    0.241676] smpboot: CPU0: 13th Gen Intel(R) CoreT i7-13800H (family: 0x6, model: 0xba, stepping: 0x2)
[    0.242623] cblist_init_generic: Setting adjustable number of callback queues.
[    0.242826] cblist_init_generic: Setting shift to 1 and lim to 1.
[    0.242826] cblist_init_generic: Setting shift to 1 and lim to 1.
[    0.242826] cblist_init_generic: Setting shift to 1 and lim to 1.
[    0.242826] Running RCU-tasks wait API self tests
[    0.343066] Performance Events: unsupported p6 CPU model 186 no PMU driver, software events only.
[    0.344428] rcu: Hierarchical SRCU implementation.
[    0.345036] rcu: 	Max phase no-delay instances is 1000.
[    0.347128] NMI watchdog: Perf NMI watchdog permanently disabled
[    0.348082] smp: Bringing up secondary CPUs ...
[    0.349195] x86: Booting SMP configuration:
[    0.349748] .... node  #0, CPUs:      #1
[    0.350226] smp: Brought up 1 node, 2 CPUs
[    0.351373] smpboot: Max logical packages: 1
[    0.351923] smpboot: Total of 2 processors activated (11673.60 BogoMIPS)
[    0.353666] devtmpfs: initialized
[    0.353666] x86/mm: Memory block size: 128MB
[    0.356920] Running RCU synchronous self tests
[    0.356920] Running RCU synchronous self tests
[    0.356920] clocksource: jiffies: mask: 0xffffffff max_cycles: 0xffffffff, max_idle_ns: 7645041785100000 ns
[    0.358861] Callback from call_rcu_tasks_trace() invoked.
[    0.359572] futex hash table entries: 512 (order: 4, 65536 bytes, linear)
[    0.360686] pinctrl core: initialized pinctrl subsystem
[    0.361975] 
[    0.362188] *************************************************************
[    0.362835] **     NOTICE NOTICE NOTICE NOTICE NOTICE NOTICE NOTICE    **
[    0.363693] **                                                         **
[    0.364543] **  IOMMU DebugFS SUPPORT HAS BEEN ENABLED IN THIS KERNEL  **
[    0.365403] **                                                         **
[    0.366253] ** This means that this kernel is built to expose internal **
[    0.366840] ** IOMMU data structures, which may compromise security on **
[    0.367692] ** your system.                                            **
[    0.368548] **                                                         **
[    0.369398] ** If you see this message and you are not debugging the   **
[    0.370250] ** kernel, report this immediately to your vendor!         **
[    0.370833] **                                                         **
[    0.371685] **     NOTICE NOTICE NOTICE NOTICE NOTICE NOTICE NOTICE    **
[    0.372542] *************************************************************
[    0.373480] PM: RTC time: 09:06:07, date: 2023-04-25
[    0.376970] NET: Registered PF_NETLINK/PF_ROUTE protocol family
[    0.378434] DMA: preallocated 256 KiB GFP_KERNEL pool for atomic allocations
[    0.378852] DMA: preallocated 256 KiB GFP_KERNEL|GFP_DMA pool for atomic allocations
[    0.379846] DMA: preallocated 256 KiB GFP_KERNEL|GFP_DMA32 pool for atomic allocations
[    0.380897] audit: initializing netlink subsys (disabled)
[    0.381703] audit: type=2000 audit(1682413568.168:1): state=initialized audit_enabled=0 res=1
[    0.381703] thermal_sys: Registered thermal governor 'fair_share'
[    0.382837] thermal_sys: Registered thermal governor 'bang_bang'
[    0.383641] thermal_sys: Registered thermal governor 'step_wise'
[    0.384412] thermal_sys: Registered thermal governor 'user_space'
[    0.385247] cpuidle: using governor ladder
[    0.386585] cpuidle: using governor menu
[    0.387203] acpiphp: ACPI Hot Plug PCI Controller Driver version: 0.5
[    0.388377] PCI: Using configuration type 1 for base access
[    0.390179] kprobes: kprobe jump-optimization is enabled. All kprobes are optimized if possible.
[    0.614304] HugeTLB: registered 1.00 GiB page size, pre-allocated 0 pages
[    0.614837] HugeTLB: 16380 KiB vmemmap can be freed for a 1.00 GiB page
[    0.615341] HugeTLB: registered 2.00 MiB page size, pre-allocated 0 pages
[    0.615855] HugeTLB: 28 KiB vmemmap can be freed for a 2.00 MiB page
[    0.618254] ACPI: Added _OSI(Module Device)
[    0.618604] ACPI: Added _OSI(Processor Device)
[    0.618835] ACPI: Added _OSI(3.0 _SCP Extensions)
[    0.619196] ACPI: Added _OSI(Processor Aggregator Device)
[    0.624666] ACPI: 1 ACPI AML tables successfully acquired and loaded
[    2.894842] Callback from call_rcu_tasks_rude() invoked.
[    2.939731] ACPI: Interpreter enabled
[    2.940087] ACPI: PM: (supports S0 S3 S4 S5)
[    2.940372] ACPI: Using IOAPIC for interrupt routing
[    2.940742] PCI: Using host bridge windows from ACPI; if necessary, use "pci=nocrs" and report a bug
[    2.941334] PCI: Using E820 reservations for host bridge windows
[    2.942269] ACPI: Enabled 2 GPEs in block 00 to 0F
[    2.955452] ACPI: PCI Root Bridge [PCI0] (domain 0000 [bus 00-ff])
[    2.955891] acpi PNP0A03:00: _OSC: OS supports [ASPM ClockPM Segments MSI EDR HPX-Type3]
[    2.956432] acpi PNP0A03:00: _OSC: not requesting OS control; OS requires [ExtendedConfig ASPM ClockPM MSI]
[    2.957123] acpi PNP0A03:00: fail to add MMCONFIG information, can't access extended configuration space under this bridge
[    2.959706] acpiphp: Slot [3] registered
[    2.960022] acpiphp: Slot [4] registered
[    2.960338] acpiphp: Slot [5] registered
[    2.960650] acpiphp: Slot [6] registered
[    2.960962] acpiphp: Slot [7] registered
[    2.961272] acpiphp: Slot [8] registered
[    2.961584] acpiphp: Slot [9] registered
[    2.961895] acpiphp: Slot [10] registered
[    2.962213] acpiphp: Slot [11] registered
[    2.962530] acpiphp: Slot [12] registered
[    2.962849] acpiphp: Slot [13] registered
[    2.963165] acpiphp: Slot [14] registered
[    2.963481] acpiphp: Slot [15] registered
[    2.963799] acpiphp: Slot [16] registered
[    2.964120] acpiphp: Slot [17] registered
[    2.964437] acpiphp: Slot [18] registered
[    2.964754] acpiphp: Slot [19] registered
[    2.965071] acpiphp: Slot [20] registered
[    2.965387] acpiphp: Slot [21] registered
[    2.965703] acpiphp: Slot [22] registered
[    2.966023] acpiphp: Slot [23] registered
[    2.966340] acpiphp: Slot [24] registered
[    2.966658] acpiphp: Slot [25] registered
[    2.966936] acpiphp: Slot [26] registered
[    2.967253] acpiphp: Slot [27] registered
[    2.967572] acpiphp: Slot [28] registered
[    2.967892] acpiphp: Slot [29] registered
[    2.968208] acpiphp: Slot [30] registered
[    2.968524] acpiphp: Slot [31] registered
[    2.968807] PCI host bridge to bus 0000:00
[    2.969082] pci_bus 0000:00: root bus resource [io  0x0000-0x0cf7 window]
[    2.969534] pci_bus 0000:00: root bus resource [io  0x0d00-0xffff window]
[    2.969984] pci_bus 0000:00: root bus resource [mem 0x000a0000-0x000bffff window]
[    2.970479] pci_bus 0000:00: root bus resource [mem 0x80000000-0xfebfffff window]
[    2.970832] pci_bus 0000:00: root bus resource [mem 0x100000000-0x17fffffff window]
[    2.971339] pci_bus 0000:00: root bus resource [bus 00-ff]
[    2.971787] pci 0000:00:00.0: [8086:1237] type 00 class 0x060000
[    2.974561] pci 0000:00:01.0: [8086:7000] type 00 class 0x060100
[    2.975381] pci 0000:00:01.1: [8086:7010] type 00 class 0x010180
[    2.976879] pci 0000:00:01.1: reg 0x20: [io  0xc040-0xc04f]
[    2.977742] pci 0000:00:01.1: legacy IDE quirk: reg 0x10: [io  0x01f0-0x01f7]
[    2.978216] pci 0000:00:01.1: legacy IDE quirk: reg 0x14: [io  0x03f6]
[    2.978648] pci 0000:00:01.1: legacy IDE quirk: reg 0x18: [io  0x0170-0x0177]
[    2.978839] pci 0000:00:01.1: legacy IDE quirk: reg 0x1c: [io  0x0376]
[    2.979499] pci 0000:00:01.3: [8086:7113] type 00 class 0x068000
[    2.980151] pci 0000:00:01.3: quirk: [io  0x0600-0x063f] claimed by PIIX4 ACPI
[    2.980634] pci 0000:00:01.3: quirk: [io  0x0700-0x070f] claimed by PIIX4 SMB
[    2.981323] pci 0000:00:02.0: [1234:1111] type 00 class 0x030000
[    2.982740] pci 0000:00:02.0: reg 0x10: [mem 0xfd000000-0xfdffffff pref]
[    2.984548] pci 0000:00:02.0: reg 0x18: [mem 0xfebf0000-0xfebf0fff]
[    2.988210] pci 0000:00:02.0: reg 0x30: [mem 0xfebe0000-0xfebeffff pref]
[    2.989133] pci 0000:00:02.0: Video device with shadowed ROM at [mem 0x000c0000-0x000dffff]
[    2.993264] pci 0000:00:03.0: [8086:100e] type 00 class 0x020000
[    2.994600] pci 0000:00:03.0: reg 0x10: [mem 0xfebc0000-0xfebdffff]
[    2.996887] pci 0000:00:03.0: reg 0x14: [io  0xc000-0xc03f]
[    2.999876] pci 0000:00:03.0: reg 0x30: [mem 0xfeb80000-0xfebbffff pref]
[    3.008613] ACPI: PCI: Interrupt link LNKA configured for IRQ 10
[    3.009329] ACPI: PCI: Interrupt link LNKB configured for IRQ 10
[    3.010016] ACPI: PCI: Interrupt link LNKC configured for IRQ 11
[    3.010692] ACPI: PCI: Interrupt link LNKD configured for IRQ 11
[    3.010971] ACPI: PCI: Interrupt link LNKS configured for IRQ 9
[    3.012164] iommu: Default domain type: Translated 
[    3.012164] iommu: DMA domain TLB invalidation policy: lazy mode 
[    3.012164] SCSI subsystem initialized
[    3.014879] ACPI: bus type USB registered
[    3.015493] usbcore: registered new interface driver usbfs
[    3.016212] usbcore: registered new interface driver hub
[    3.016909] usbcore: registered new device driver usb
[    3.017665] pps_core: LinuxPPS API ver. 1 registered
[    3.018287] pps_core: Software ver. 5.3.6 - Copyright 2005-2007 Rodolfo Giometti <giometti@linux.it>
[    3.018850] PTP clock support registered
[    3.019420] EDAC MC: Ver: 3.0.0
[    3.019420] NetLabel: Initializing
[    3.019420] NetLabel:  domain hash size = 128
[    3.019708] NetLabel:  protocols = UNLABELED CIPSOv4 CALIPSO
[    3.020144] NetLabel:  unlabeled traffic allowed by default
[    3.022944] PCI: Using ACPI for IRQ routing
[    3.023396] pci 0000:00:02.0: vgaarb: setting as boot VGA device
[    3.023396] pci 0000:00:02.0: vgaarb: bridge control possible
[    3.023678] pci 0000:00:02.0: vgaarb: VGA device added: decodes=io+mem,owns=io+mem,locks=none
[    3.023678] vgaarb: loaded
[    3.023678] hpet0: at MMIO 0xfed00000, IRQs 2, 8, 0
[    3.023839] hpet0: 3 comparators, 64-bit 100.000000 MHz counter
[    3.030208] clocksource: Switched to clocksource kvm-clock
[    3.030826] VFS: Disk quotas dquot_6.6.0
[    3.030826] VFS: Dquot-cache hash table entries: 512 (order 0, 4096 bytes)
[    3.030826] pnp: PnP ACPI init
[    3.032754] pnp: PnP ACPI: found 6 devices
[    3.044841] clocksource: acpi_pm: mask: 0xffffff max_cycles: 0xffffff, max_idle_ns: 2085701024 ns
[    3.046317] NET: Registered PF_INET protocol family
[    3.047092] IP idents hash table entries: 32768 (order: 6, 262144 bytes, linear)
[    3.049118] tcp_listen_portaddr_hash hash table entries: 1024 (order: 4, 73728 bytes, linear)
[    3.049731] Table-perturb hash table entries: 65536 (order: 6, 262144 bytes, linear)
[    3.050257] TCP established hash table entries: 16384 (order: 5, 131072 bytes, linear)
[    3.050952] TCP bind hash table entries: 16384 (order: 9, 2359296 bytes, linear)
[    3.052153] TCP: Hash tables configured (established 16384 bind 16384)
[    3.052670] UDP hash table entries: 1024 (order: 5, 163840 bytes, linear)
[    3.053157] UDP-Lite hash table entries: 1024 (order: 5, 163840 bytes, linear)
[    3.053732] NET: Registered PF_UNIX/PF_LOCAL protocol family
[    3.054430] RPC: Registered named UNIX socket transport module.
[    3.054858] RPC: Registered udp transport module.
[    3.055175] RPC: Registered tcp transport module.
[    3.055491] RPC: Registered tcp NFSv4.1 backchannel transport module.
[    3.055934] pci_bus 0000:00: resource 4 [io  0x0000-0x0cf7 window]
[    3.056354] pci_bus 0000:00: resource 5 [io  0x0d00-0xffff window]
[    3.056775] pci_bus 0000:00: resource 6 [mem 0x000a0000-0x000bffff window]
[    3.057237] pci_bus 0000:00: resource 7 [mem 0x80000000-0xfebfffff window]
[    3.057699] pci_bus 0000:00: resource 8 [mem 0x100000000-0x17fffffff window]
[    3.058367] pci 0000:00:01.0: PIIX3: Enabling Passive Release
[    3.058761] pci 0000:00:00.0: Limiting direct PCI/PCI transfers
[    3.059259] PCI: CLS 0 bytes, default 64
[    3.059791] ACPI: bus type thunderbolt registered
[    3.060338] clocksource: tsc: mask: 0xffffffffffffffff max_cycles: 0x2a11290c0c8, max_idle_ns: 440795344938 ns
[    3.095229] Callback from call_rcu_tasks() invoked.
[    3.105352] Initialise system trusted keyrings
[    3.105997] Key type blacklist registered
[    3.106892] workingset: timestamp_bits=36 max_order=19 bucket_order=0
[    3.107753] zbud: loaded
[    3.108889] squashfs: version 4.0 (2009/01/31) Phillip Lougher
[    3.110226] NFS: Registering the id_resolver key type
[    3.110886] Key type id_resolver registered
[    3.111413] Key type id_legacy registered
[    3.111941] nfs4filelayout_init: NFSv4 File Layout Driver Registering...
[    3.112783] nfs4flexfilelayout_init: NFSv4 Flexfile Layout Driver Registering...
[    3.113442] fuse: init (API version 7.38)
[    3.113866] SGI XFS with ACLs, security attributes, realtime, quota, no debug enabled
[    3.114762] 9p: Installing v9fs 9p2000 file system support
[    3.121148] Key type asymmetric registered
[    3.121446] Asymmetric key parser 'x509' registered
[    3.121818] Block layer SCSI generic (bsg) driver version 0.4 loaded (major 243)
[    3.122559] io scheduler mq-deadline registered
[    3.122942] io scheduler bfq registered
[    3.123629] shpchp: Standard Hot Plug PCI Controller Driver version: 0.4
[    3.124418] IPMI message handler: version 39.2
[    3.124764] ipmi device interface
[    3.126435] input: Power Button as /devices/LNXSYSTM:00/LNXPWRBN:00/input/input0
[    3.127152] ACPI: button: Power Button [PWRF]
[    3.128207] ERST DBG: ERST support is disabled.
[    3.128996] Serial: 8250/16550 driver, 32 ports, IRQ sharing enabled
[    3.129854] 00:04: ttyS0 at I/O 0x3f8 (irq = 4, base_baud = 115200) is a 16550A
[    3.136840] Linux agpgart interface v0.103
[    3.137756] ACPI: bus type drm_connector registered
[    3.147395] brd: module loaded
[    3.152751] loop: module loaded
[    3.156351] scsi host0: ata_piix
[    3.157271] scsi host1: ata_piix
[    3.157637] ata1: PATA max MWDMA2 cmd 0x1f0 ctl 0x3f6 bmdma 0xc040 irq 14
[    3.158098] ata2: PATA max MWDMA2 cmd 0x170 ctl 0x376 bmdma 0xc048 irq 15
[    3.159688] tun: Universal TUN/TAP device driver, 1.6
[    3.160169] e100: Intel(R) PRO/100 Network Driver
[    3.160507] e100: Copyright(c) 1999-2006 Intel Corporation
[    3.160922] e1000: Intel(R) PRO/1000 Network Driver
[    3.161262] e1000: Copyright (c) 1999-2006 Intel Corporation.
[    3.317878] ACPI: \_SB_.LNKC: Enabled at IRQ 11
[    3.318928] ata2: found unknown device (class 0)
[    3.319548] ata1: found unknown device (class 0)
[    3.320730] ata2.00: ATAPI: QEMU DVD-ROM, 2.5+, max UDMA/100
[    3.321314] ata1.00: ATA-7: QEMU HARDDISK, 2.5+, max UDMA/100
[    3.322031] ata1.00: 16777216 sectors, multi 16: LBA48 
[    3.323948] scsi 0:0:0:0: Direct-Access     ATA      QEMU HARDDISK    2.5+ PQ: 0 ANSI: 5
[    3.326125] sd 0:0:0:0: Attached scsi generic sg0 type 0
[    3.326291] sd 0:0:0:0: [sda] 16777216 512-byte logical blocks: (8.59 GB/8.00 GiB)
[    3.327108] sd 0:0:0:0: [sda] Write Protect is off
[    3.327135] scsi 1:0:0:0: CD-ROM            QEMU     QEMU DVD-ROM     2.5+ PQ: 0 ANSI: 5
[    3.328040] sd 0:0:0:0: [sda] Write cache: enabled, read cache: enabled, doesn't support DPO or FUA
[    3.328841] sd 0:0:0:0: [sda] Preferred minimum I/O size 512 bytes
[    3.347839] scsi 1:0:0:0: Attached scsi generic sg1 type 5
[    3.348236] sd 0:0:0:0: [sda] Attached SCSI disk
[    3.638450] e1000 0000:00:03.0 eth0: (PCI:33MHz:32-bit) 52:54:00:12:34:56
[    3.638928] e1000 0000:00:03.0 eth0: Intel(R) PRO/1000 Network Connection
[    3.639408] e1000e: Intel(R) PRO/1000 Network Driver
[    3.639713] e1000e: Copyright(c) 1999 - 2015 Intel Corporation.
[    3.640109] igb: Intel(R) Gigabit Ethernet Network Driver
[    3.640436] igb: Copyright (c) 2007-2014 Intel Corporation.
[    3.640837] PPP generic driver version 2.4.2
[    3.641462] VFIO - User Level meta-driver version: 0.3
[    3.642489] usbcore: registered new interface driver uas
[    3.642840] usbcore: registered new interface driver usb-storage
[    3.643293] i8042: PNP: PS/2 Controller [PNP0303:KBD,PNP0f13:MOU] at 0x60,0x64 irq 1,12
[    3.644298] serio: i8042 KBD port at 0x60,0x64 irq 1
[    3.644627] serio: i8042 AUX port at 0x60,0x64 irq 12
[    3.645472] mousedev: PS/2 mouse device common for all mice
[    3.646517] input: AT Translated Set 2 keyboard as /devices/platform/i8042/serio0/input/input1
[    3.647189] rtc_cmos 00:05: RTC can wake from S4
[    3.648371] input: VirtualPS/2 VMware VMMouse as /devices/platform/i8042/serio1/input/input4
[    3.649232] rtc_cmos 00:05: registered as rtc0
[    3.649549] rtc_cmos 00:05: setting system clock to 2023-04-25T09:06:11 UTC (1682413571)
[    3.650176] rtc_cmos 00:05: alarms up to one day, y3k, 242 bytes nvram, hpet irqs
[    3.650644] i2c_dev: i2c /dev entries driver
[    3.650954] device-mapper: core: CONFIG_IMA_DISABLE_HTABLE is disabled. Duplicate IMA measurements will not be recorded in the IMA log.
[    3.651679] device-mapper: uevent: version 1.0.3
[    3.652141] device-mapper: ioctl: 4.47.0-ioctl (2022-07-28) initialised: dm-devel@redhat.com
[    3.652651] intel_pstate: CPU model not supported
[    3.652999] sdhci: Secure Digital Host Controller Interface driver
[    3.653366] sdhci: Copyright(c) Pierre Ossman
[    3.653676] sdhci-pltfm: SDHCI platform and OF driver helper
[    3.654223] input: VirtualPS/2 VMware VMMouse as /devices/platform/i8042/serio1/input/input3
[    3.655005] ledtrig-cpu: registered to indicate activity on CPUs
[    3.655682] drop_monitor: Initializing network drop monitor service
[    3.656187] NET: Registered PF_INET6 protocol family
[    3.658683] Segment Routing with IPv6
[    3.658942] In-situ OAM (IOAM) with IPv6
[    3.659214] NET: Registered PF_PACKET protocol family
[    3.659611] 9pnet: Installing 9P2000 support
[    3.660176] Key type dns_resolver registered
[    3.661515] IPI shorthand broadcast: enabled
[    3.674529] sched_clock: Marking stable (3556007057, 114826864)->(3714883112, -44049191)
[    3.675669] registered taskstats version 1
[    3.676238] Loading compiled-in X.509 certificates
[    3.676659] zswap: loaded using pool lzo/zbud
[    3.687683] Key type .fscrypt registered
[    3.687940] Key type fscrypt-provisioning registered
[    3.689243] Key type encrypted registered
[    3.689521] ima: No TPM chip found, activating TPM-bypass!
[    3.689858] ima: Allocated hash algorithm: sha1
[    3.690157] ima: No architecture policies found
[    3.690477] evm: Initialising EVM extended attributes:
[    3.690783] evm: security.selinux
[    3.690996] evm: security.SMACK64
[    3.691198] evm: security.SMACK64EXEC
[    3.691419] evm: security.SMACK64TRANSMUTE
[    3.691666] evm: security.SMACK64MMAP
[    3.691888] evm: security.apparmor
[    3.692094] evm: security.ima
[    3.692276] evm: security.capability
[    3.692496] evm: HMAC attrs: 0x1
[    3.693508] PM:   Magic number: 3:883:121
[    3.694144] RAS: Correctable Errors collector initialized.
[    3.695461] md: Waiting for all devices to be available before autodetect
[    3.695750] md: If you don't use raid, use raid=noautodetect
[    3.695997] md: Autodetecting RAID arrays.
[    3.696174] md: autorun ...
[    3.696295] md: ... autorun DONE.
[    3.706559] EXT4-fs (sda): mounted filesystem 23a53bb9-f815-47a5-b74c-5e08f7731193 with ordered data mode. Quota mode: none.
[    3.707091] VFS: Mounted root (ext4 filesystem) readonly on device 8:0.
[    3.709630] devtmpfs: mounted
[    3.716645] Freeing unused decrypted memory: 2036K
[    3.718866] Freeing unused kernel image (initmem) memory: 10364K
[    3.735197] Write protecting the kernel read-only data: 45056k
[    3.736588] Freeing unused kernel image (rodata/data gap) memory: 472K
[    3.811524] x86/mm: Checked W+X mappings: passed, no W+X pages found.
[    3.811829] Run /sbin/init as init process
[    3.915066] systemd[1]: RTC configured in localtime, applying delta of 0 minutes to system time.
[    3.940491] systemd[1]: systemd 239 (239-49.el8) running in system mode. (+PAM +AUDIT +SELINUX +IMA -APPARMOR +SMACK +SYSVINIT +UTMP +LIBCRYPTSETUP +GCRYPT +GNUTLS +ACL +XZ +LZ4 +SECCOMP +BLKID +ELFUTILS +KMOD +IDN2 -IDN +PCRE2 default-hierarchy=legacy)
[    3.941656] systemd[1]: Detected virtualization kvm.
[    3.941897] systemd[1]: Detected architecture x86-64.

Welcome to [0;31mCentOS Stream 8[0m!

[    3.988091] systemd[1]: Set hostname to <test>.
[    4.209622] systemd[1]: Started Forward Password Requests to Wall Directory Watch.
[[0;32m  OK  [0m] Started Forward Password Requests to Wall Directory Watch.
[    4.213160] systemd[1]: Created slice system-serial\x2dgetty.slice.
[[0;32m  OK  [0m] Created slice system-serial\x2dgetty.slice.
[    4.214454] systemd[1]: Listening on LVM2 poll daemon socket.
[[0;32m  OK  [0m] Listening on LVM2 poll daemon socket.
[    4.216079] systemd[1]: Created slice system-sshd\x2dkeygen.slice.
[[0;32m  OK  [0m] Created slice system-sshd\x2dkeygen.slice.
[    4.217561] systemd[1]: Set up automount Arbitrary Executable File Formats File System Automount Point.
[[0;32m  OK  [0m] Set up automount Arbitrary Executabâ€¦rmats File System Automount Point.
[    4.219086] systemd[1]: Listening on udev Kernel Socket.
[[0;32m  OK  [0m] Listening on udev Kernel Socket.
[[0;32m  OK  [0m] Listening on initctl Compatibility Named Pipe.
[[0;32m  OK  [0m] Created slice system-getty.slice.
[[0;32m  OK  [0m] Listening on Device-mapper event daemon FIFOs.
[[0;32m  OK  [0m] Listening on Process Core Dump Socket.
[[0;32m  OK  [0m] Listening on RPCbind Server Activation Socket.
[[0;32m  OK  [0m] Reached target RPC Port Mapper.
[[0;32m  OK  [0m] Listening on Journal Socket.
         Starting Remount Root and Kernel File Systems...
         Mounting Kernel Debug File System...
         Mounting POSIX Message Queue File System...
         Starting Monitoring of LVM2 mirrorsâ€¦ng dmeventd or progress polling...
         Mounting Huge Pages File System...
         Starting Load Kernel Modules...
[[0;32m  OK  [0m] Created slice User and Session Slice.
[[0;32m  OK  [0m] Reached target Slices.
[[0;32m  OK  [0m] Reached target Swap.
         Starting Setup Virtual Console...
[[0;32m  OK  [0m] Listening on Journal Socket (/dev/log).
         Starting Journal Service...
[[0;32m  OK  [0m] Listening on multipathd control socket.
[[0;32m  OK  [0m] Listening on udev Control Socket.
         Starting udev Coldplug all Devices...
[[0;32m  OK  [0m] Mounted Kernel Debug File System.
[[0;32m  OK  [0m] Mounted POSIX Message Queue File System.
[[0;32m  OK  [0m] Started Monitoring of LVM2 mirrors,â€¦sing dmeventd or progress polling.
[[0;32m  OK  [0m] Mounted Huge Pages File System.
[[0;1;31mFAILED[0m] Failed to start Load Kernel Modules.
See 'systemctl status systemd-modules-load.service' for details.
         Starting Apply Kernel Variables...
         Mounting FUSE Control File System...[    4.507009] EXT4-fs (sda): re-mounted 23a53bb9-f815-47a5-b74c-5e08f7731193. Quota mode: none.

         Mounting Kernel Configuration File System...
[[0;32m  OK  [0m] Started Remount Root and Kernel File Systems.
[[0;32m  OK  [0m] Started Apply Kernel Variables.
[[0;32m  OK  [0m] Mounted FUSE Control File System.
[[0;32m  OK  [0m] Mounted Kernel Configuration File System.
         Starting Load/Save Random Seed...
         Starting Create Static Device Nodes in /dev...
[[0;32m  OK  [0m] Started Journal Service.
[[0;32m  OK  [0m] Started Setup Virtual Console.
[[0;32m  OK  [0m] Started Load/Save Random Seed.
[[0;32m  OK  [0m] Started Create Static Device Nodes in /dev.
         Starting udev Kernel Device Manager...
         Starting Flush Journal to Persistent Storage...
[[0;32m  OK  [0m] Started Flush Journal to Persistent Storage.
[[0;32m  OK  [0m] Started udev Coldplug all Devices.
         Starting udev Wait for Complete Device Initialization...
[[0;32m  OK  [0m] Started udev Kernel Device Manager.
         Starting Show Plymouth Boot Screen...
[[0;32m  OK  [0m] Started Show Plymouth Boot Screen.
[[0;32m  OK  [0m] Reached target Paths.
[[0;32m  OK  [0m] Reached target Local Encrypted Volumes.
[[0;32m  OK  [0m] Started Forward Password Requests to Plymouth Directory Watch.
[[0;32m  OK  [0m] Found device /dev/ttyS0.
[[0;32m  OK  [0m] Started udev Wait for Complete Device Initialization.
[[0;32m  OK  [0m] Listening on Load/Save RF Kill Switch Status /dev/rfkill Watch.
[[0;32m  OK  [0m] Reached target Local File Systems (Pre).
[[0;32m  OK  [0m] Reached target Local File Systems.
         Starting Tell Plymouth To Write Out Runtime Data...
         Starting Restore /run/initramfs on shutdown...
         Starting Create Volatile Files and Directories...
[[0;32m  OK  [0m] Started Tell Plymouth To Write Out Runtime Data.
[[0;32m  OK  [0m] Started Restore /run/initramfs on shutdown.
[[0;32m  OK  [0m] Started Create Volatile Files and Directories.
         Starting RPC Bind...
         Starting Security Auditing Service...
         Mounting RPC Pipe File System...
[[0;32m  OK  [0m] Mounted RPC Pipe File System.
[[0;32m  OK  [0m] Reached target rpc_pipefs.target.
[[0;32m  OK  [0m] Started RPC Bind.
[[0;32m  OK  [0m] Started Security Auditing Service.
         Starting Update UTMP about System Boot/Shutdown...
[[0;32m  OK  [0m] Started Update UTMP about System Boot/Shutdown.
[[0;32m  OK  [0m] Reached target System Initialization.
[[0;32m  OK  [0m] Listening on D-Bus System Message Bus Socket.
[[0;32m  OK  [0m] Started daily update of the root trust anchor for DNSSEC.
[[0;32m  OK  [0m] Started Daily Cleanup of Temporary Directories.
[[0;32m  OK  [0m] Listening on SSSD Kerberos Cache Manager responder socket.
[[0;32m  OK  [0m] Reached target Sockets.
[[0;32m  OK  [0m] Reached target Basic System.
[[0;32m  OK  [0m] Started D-Bus System Message Bus.
         Starting NTP client/server...
         Starting Self Monitoring and Reporting Technology (SMART) Daemon...
         Starting Auto-connect to subsystemsâ€¦-NVME devices found during boot...
[[0;32m  OK  [0m] Started irqbalance daemon.
         Starting Authorization Manager...
[[0;32m  OK  [0m] Reached target sshd-keygen.target.
         Starting Login Service...
         Starting Network Manager...
[[0;32m  OK  [0m] Started Machine Check Exception Logging Daemon.
[[0;32m  OK  [0m] Started dnf makecache --timer.
[[0;32m  OK  [0m] Reached target Timers.
[[0;32m  OK  [0m] Started Self Monitoring and Reporting Technology (SMART) Daemon.
[[0;32m  OK  [0m] Started Auto-connect to subsystems â€¦FC-NVME devices found during boot.
         Starting update of the root trust aâ€¦or DNSSEC validation in unbound...
[[0;32m  OK  [0m] Started Login Service.
[[0;32m  OK  [0m] Started Network Manager.
[[0;32m  OK  [0m] Reached target Network.
         Starting Dynamic System Tuning Daemon...
         Starting OpenSSH server daemon...
         Starting GSSAPI Proxy Daemon...
         Starting Network Manager Wait Online...
[[0;32m  OK  [0m] Started NTP client/server.
[[0;32m  OK  [0m] Started update of the root trust anâ€¦ for DNSSEC validation in unbound.
         Starting Hostname Service...
[[0;32m  OK  [0m] Started OpenSSH server daemon.
[[0;32m  OK  [0m] Started GSSAPI Proxy Daemon.
[[0;32m  OK  [0m] Started Authorization Manager.
[[0;32m  OK  [0m] Reached target NFS client services.
[[0;32m  OK  [0m] Reached target Remote File Systems (Pre).
[[0;32m  OK  [0m] Reached target Remote File Systems.
         Starting Permit User Sessions...
[[0;32m  OK  [0m] Started Permit User Sessions.
         Starting Terminate Plymouth Boot Screen...
         Starting Hold until boot process finishes up...
[[0;32m  OK  [0m] Started Command Scheduler.
[    6.428163] e1000: eth0 NIC Link is Up 1000 Mbps Full Duplex, Flow Control: RX
[    6.429075] IPv6: ADDRCONF(NETDEV_CHANGE): eth0: link becomes ready
[    6.608980] Spectre V2 : WARNING: Unprivileged eBPF is enabled with eIBRS on, data leaks possible via Spectre v2 BHB attacks!
[    6.609593] Spectre V2 : WARNING: Unprivileged eBPF is enabled with eIBRS on, data leaks possible via Spectre v2 BHB attacks!

CentOS Stream 8
Kernel 6.3.0-3fb29a23fcda+ on an x86_64

test login: [   24.608672] memfd_create() without MFD_EXEC nor MFD_NOEXEC_SEAL, pid=333 'systemd'
[   28.449555] loop0: detected capacity change from 0 to 8192
[   28.467325]  loop0: p1 p2 p3 p4
[   28.467531] loop0: partition table partially beyond EOD, truncated
[   28.470062] loop0: p3 start 520097793 is beyond EOD, truncated
[   28.470352] loop0: p4 start 524032 is beyond EOD, truncated
[   28.472556] tpm tpm0: Operation Canceled
[   28.519729] loop0: detected capacity change from 0 to 8192
[   28.531326]  loop0: p1 p2 p3 p4
[   28.531506] loop0: partition table partially beyond EOD, truncated
[   28.534020] loop0: p3 start 520097793 is beyond EOD, truncated
[   28.534315] loop0: p4 start 524032 is beyond EOD, truncated
[   28.535564]  loop0: p1 p2 p3 p4
[   28.535742] loop0: partition table partially beyond EOD, truncated
[   28.535809] tpm tpm0: Operation Canceled
[   28.536302] loop0: p3 start 520097793 is beyond EOD, truncated
[   28.536594] loop0: p4 start 524032 is beyond EOD, truncated
[   28.586103] loop0: detected capacity change from 0 to 8192
[   28.595141]  loop0: p1 p2 p3 p4
[   28.595325] loop0: partition table partially beyond EOD, truncated
[   28.595930] loop0: p3 start 520097793 is beyond EOD, truncated
[   28.596225] loop0: p4 start 524032 is beyond EOD, truncated
[   28.597770] tpm tpm0: Operation Canceled
[   28.598180]  loop0: p1 p2 p3 p4
[   28.598369] loop0: partition table partially beyond EOD, truncated
[   28.599983] loop0: p3 start 520097793 is beyond EOD, truncated
[   28.600277] loop0: p4 start 524032 is beyond EOD, truncated
[   28.642497] loop0: detected capacity change from 0 to 8192
[   28.651130]  loop0: p1 p2 p3 p4
[   28.651313] loop0: partition table partially beyond EOD, truncated
[   28.651912] loop0: p3 start 520097793 is beyond EOD, truncated
[   28.652209] loop0: p4 start 524032 is beyond EOD, truncated
[   28.653728] tpm tpm0: Operation Canceled
[   28.654213] ------------[ cut here ]------------
[   28.654393]  loop0: p1 p2 p3 p4
[   28.654441] refcount_t: addition on 0; use-after-free.
[   28.654496] WARNING: CPU: 1 PID: 553 at lib/refcount.c:25 refcount_warn_saturate+0xe6/0x1c0
[   28.654632] loop0: partition table partially beyond EOD, 
[   28.655031] Modules linked in:
[   28.655037] CPU: 1 PID: 553 Comm: repro Not tainted 6.3.0-3fb29a23fcda+ #1
[   28.655048] Hardware name: QEMU Standard PC (i440FX + PIIX, 1996), BIOS rel-1.16.0-0-gd239552ce722-prebuilt.qemu.org 04/01/2014
[   28.655453] truncated
[   28.655722] RIP: 0010:refcount_warn_saturate+0xe6/0x1c0
[   28.657132] Code: 1d 41 85 27 02 31 ff 89 de e8 b6 12 56 ff 84 db 75 97 e8 4d 11 56 ff 48 c7 c7 88 e6 9d 83 c6 05 21 85 27 02 01 e8 4a 1c 3a ff <0f> 0b e9 78 ff ff ff e8 2e 11 56 ff 0f b6 1d 0b 85 27 02 31 ff 89
[   28.658030] RSP: 0018:ffffc90000ff3cf8 EFLAGS: 00010282
[   28.658294] RAX: 0000000000000000 RBX: 0000000000000000 RCX: ffffffff811175bb
[   28.658646] RDX: 0000000000000000 RSI: ffff888014442340 RDI: 0000000000000002
[   28.659021] RBP: ffffc90000ff3d08 R08: 0000000000000001 R09: 0000000000000001
[   28.659372] R10: 0000000000000000 R11: 0000000000000001 R12: ffff8880145ea368
[   28.659714] R13: ffff8880145ea368 R14: ffff88801441dae0 R15: ffff88800708c488
[   28.660065] FS:  0000000000000000(0000) GS:ffff88807dd00000(0000) knlGS:0000000000000000
[   28.660469] CS:  0010 DS: 0000 ES: 0000 CR0: 0000000080050033
[   28.660755] CR2: 00007fedeb1e6500 CR3: 000000000752c001 CR4: 0000000000770ee0
[   28.661107] PKRU: 55555554
[   28.661248] Call Trace:
[   28.661377]  <TASK>
[   28.661492]  kthread_stop+0x349/0x360
[   28.661691]  hwrng_unregister+0x182/0x210
[   28.661908]  tpm_chip_unregister+0x1aa/0x1d0
[   28.662137]  ? __pfx_vtpm_proxy_fops_release+0x10/0x10
[   28.662408]  vtpm_proxy_fops_release+0x8f/0xa0
[   28.662645]  __fput+0x11f/0x450
[   28.662824]  ____fput+0x1e/0x30
[   28.663011]  task_work_run+0xb6/0x120
[   28.663212]  do_exit+0x547/0x12b0
[   28.663388]  ? __this_cpu_preempt_check+0x20/0x30
[   28.663631]  ? lockdep_hardirqs_on+0x8a/0x110
[   28.663866]  do_group_exit+0x5e/0xf0
[   28.664056]  __x64_sys_exit_group+0x25/0x30
[   28.664276]  do_syscall_64+0x3b/0x90
[   28.664473]  entry_SYSCALL_64_after_hwframe+0x72/0xdc
[   28.664735] RIP: 0033:0x7fedeb0dccf6
[   28.664924] Code: Unable to access opcode bytes at 0x7fedeb0dcccc.
[   28.665233] RSP: 002b:00007fffc230a968 EFLAGS: 00000246 ORIG_RAX: 00000000000000e7
[   28.665611] RAX: ffffffffffffffda RBX: 00007fedeb1e7490 RCX: 00007fedeb0dccf6
[   28.665966] RDX: 0000000000000000 RSI: 000000000000003c RDI: 0000000000000000
[   28.666319] RBP: 0000000000000000 R08: 00000000000000e7 R09: ffffffffffffff80
[   28.666672] R10: 0000000000000004 R11: 0000000000000246 R12: 00007fedeb1e7490
[   28.667033] R13: 0000000000000001 R14: 00007fedeb1eae88 R15: 0000000000000000
[   28.667395]  </TASK>
[   28.667514] irq event stamp: 19407
[   28.667689] hardirqs last  enabled at (19415): [<ffffffff811e3ac1>] __up_console_sem+0x91/0xb0
[   28.668124] hardirqs last disabled at (19422): [<ffffffff811e3aa6>] __up_console_sem+0x76/0xb0
[   28.668556] softirqs last  enabled at (19130): [<ffffffff82f9a1a9>] __do_softirq+0x2d9/0x3c3
[   28.668982] softirqs last disabled at (19069): [<ffffffff81126874>] irq_exit_rcu+0xc4/0x100
[   28.669402] ---[ end trace 0000000000000000 ]---
[   28.669637] BUG: kernel NULL pointer dereference, address: 0000000000000000
[   28.669979] #PF: supervisor write access in kernel mode
[   28.670243] #PF: error_code(0x0002) - not-present page
[   28.670501] PGD 0 P4D 0 
[   28.670640] Oops: 0002 [#1] PREEMPT SMP NOPTI
[   28.670867] CPU: 1 PID: 553 Comm: repro Tainted: G        W          6.3.0-3fb29a23fcda+ #1
[   28.671278] Hardware name: QEMU Standard PC (i440FX + PIIX, 1996), BIOS rel-1.16.0-0-gd239552ce722-prebuilt.qemu.org 04/01/2014
[   28.671833] RIP: 0010:kthread_stop+0xd9/0x360
[   28.672064] Code: 44 8b 63 2c 31 ff 41 81 e4 00 00 20 00 44 89 e6 e8 8c f6 16 00 45 85 e4 0f 84 81 02 00 00 e8 9e f4 16 00 4c 8b a3 40 0a 00 00 <f0> 41 80 0c 24 02 48 89 df e8 f9 f1 ff ff f0 80 4b 02 02 48 89 df
[   28.672964] RSP: 0018:ffffc90000ff3d18 EFLAGS: 00010246
[   28.673232] RAX: 0000000000000000 RBX: ffff8880145ea340 RCX: ffffffff81167534
[   28.673585] RDX: 0000000000000000 RSI: ffff888014442340 RDI: 0000000000000002
[   28.673938] RBP: ffffc90000ff3d38 R08: 0000000000000001 R09: 0000000000000001
[   28.674291] R10: 0000000000000000 R11: 0000000000000001 R12: 0000000000000000
[   28.674643] R13: ffff8880145ea368 R14: ffff88801441dae0 R15: ffff88800708c488
[   28.674997] FS:  0000000000000000(0000) GS:ffff88807dd00000(0000) knlGS:0000000000000000
[   28.675395] CS:  0010 DS: 0000 ES: 0000 CR0: 0000000080050033
[   28.675682] CR2: 0000000000000000 CR3: 000000000752c001 CR4: 0000000000770ee0
[   28.676037] PKRU: 55555554
[   28.676178] Call Trace:
[   28.676306]  <TASK>
[   28.676421]  hwrng_unregister+0x182/0x210
[   28.676635]  tpm_chip_unregister+0x1aa/0x1d0
[   28.676860]  ? __pfx_vtpm_proxy_fops_release+0x10/0x10
[   28.677129]  vtpm_proxy_fops_release+0x8f/0xa0
[   28.677366]  __fput+0x11f/0x450
[   28.677546]  ____fput+0x1e/0x30
[   28.677687] loop0: p3 start 520097793 is beyond EOD, truncated
[   28.677725]  task_work_run+0xb6/0x120
[   28.678036] loop0: p4 start 524032 is beyond EOD, truncated
[   28.678222]  do_exit+0x547/0x12b0
[   28.678660]  ? __this_cpu_preempt_check+0x20/0x30
[   28.678906]  ? lockdep_hardirqs_on+0x8a/0x110
[   28.679141]  do_group_exit+0x5e/0xf0
[   28.679331]  __x64_sys_exit_group+0x25/0x30
[   28.679549]  do_syscall_64+0x3b/0x90
[   28.679743]  entry_SYSCALL_64_after_hwframe+0x72/0xdc
[   28.680006] RIP: 0033:0x7fedeb0dccf6
[   28.680192] Code: Unable to access opcode bytes at 0x7fedeb0dcccc.
[   28.680495] RSP: 002b:00007fffc230a968 EFLAGS: 00000246 ORIG_RAX: 00000000000000e7
[   28.680865] RAX: ffffffffffffffda RBX: 00007fedeb1e7490 RCX: 00007fedeb0dccf6
[   28.681213] RDX: 0000000000000000 RSI: 000000000000003c RDI: 0000000000000000
[   28.681560] RBP: 0000000000000000 R08: 00000000000000e7 R09: ffffffffffffff80
[   28.681909] R10: 0000000000000004 R11: 0000000000000246 R12: 00007fedeb1e7490
[   28.682256] R13: 0000000000000001 R14: 00007fedeb1eae88 R15: 0000000000000000
[   28.682609]  </TASK>
[   28.682725] Modules linked in:
[   28.682883] CR2: 0000000000000000
[   28.683053] ---[ end trace 0000000000000000 ]---
[   28.683281] RIP: 0010:kthread_stop+0xd9/0x360
[   28.683504] Code: 44 8b 63 2c 31 ff 41 81 e4 00 00 20 00 44 89 e6 e8 8c f6 16 00 45 85 e4 0f 84 81 02 00 00 e8 9e f4 16 00 4c 8b a3 40 0a 00 00 <f0> 41 80 0c 24 02 48 89 df e8 f9 f1 ff ff f0 80 4b 02 02 48 89 df
[   28.684387] RSP: 0018:ffffc90000ff3d18 EFLAGS: 00010246
[   28.684649] RAX: 0000000000000000 RBX: ffff8880145ea340 RCX: ffffffff81167534
[   28.684998] RDX: 0000000000000000 RSI: ffff888014442340 RDI: 0000000000000002
[   28.685347] RBP: ffffc90000ff3d38 R08: 0000000000000001 R09: 0000000000000001
[   28.685696] R10: 0000000000000000 R11: 0000000000000001 R12: 0000000000000000
[   28.686044] R13: ffff8880145ea368 R14: ffff88801441dae0 R15: ffff88800708c488
[   28.686393] FS:  0000000000000000(0000) GS:ffff88807dd00000(0000) knlGS:0000000000000000
[   28.686787] CS:  0010 DS: 0000 ES: 0000 CR0: 0000000080050033
[   28.687072] CR2: 0000000000000000 CR3: 000000000752c001 CR4: 0000000000770ee0
[   28.687421] PKRU: 55555554
[   28.687561] note: repro[553] exited with irqs disabled
[   28.687824] Fixing recursive fault but reboot is needed!
[   28.688084] BUG: using smp_processor_id() in preemptible [00000000] code: repro/553
[   28.688461] caller is debug_smp_processor_id+0x20/0x30
[   28.688719] CPU: 1 PID: 553 Comm: repro Tainted: G      D W          6.3.0-3fb29a23fcda+ #1
[   28.689124] Hardware name: QEMU Standard PC (i440FX + PIIX, 1996), BIOS rel-1.16.0-0-gd239552ce722-prebuilt.qemu.org 04/01/2014
[   28.689670] Call Trace:
[   28.689797]  <TASK>
[   28.689909]  dump_stack_lvl+0xe0/0x110
[   28.690107]  dump_stack+0x19/0x20
[   28.690285]  check_preemption_disabled+0x16a/0x180
[   28.690529]  debug_smp_processor_id+0x20/0x30
[   28.690753]  __schedule+0x32/0xc30
[   28.690938]  ? debug_smp_processor_id+0x20/0x30
[   28.691172]  do_task_dead+0x57/0x60
[   28.691361]  make_task_dead+0x25b/0x290
[   28.691560]  rewind_stack_and_make_dead+0x17/0x20
[   28.691808] RIP: 0033:0x7fedeb0dccf6
[   28.691992] Code: Unable to access opcode bytes at 0x7fedeb0dcccc.
[   28.692293] RSP: 002b:00007fffc230a968 EFLAGS: 00000246 ORIG_RAX: 00000000000000e7
[   28.692667] RAX: ffffffffffffffda RBX: 00007fedeb1e7490 RCX: 00007fedeb0dccf6
[   28.693015] RDX: 0000000000000000 RSI: 000000000000003c RDI: 0000000000000000
[   28.693362] RBP: 0000000000000000 R08: 00000000000000e7 R09: ffffffffffffff80
[   28.693711] R10: 0000000000000004 R11: 0000000000000246 R12: 00007fedeb1e7490
[   28.694060] R13: 0000000000000001 R14: 00007fedeb1eae88 R15: 0000000000000000
[   28.694415]  </TASK>
[   28.694536] BUG: scheduling while atomic: repro/553/0x00000000
[   28.694824] INFO: lockdep is turned off.
[   28.695026] Modules linked in:
[   28.695184] Preemption disabled at:
[   28.695187] [<ffffffff8118b50c>] do_task_dead+0x2c/0x60
[   28.695629] CPU: 1 PID: 553 Comm: repro Tainted: G      D W          6.3.0-3fb29a23fcda+ #1
[   28.696036] Hardware name: QEMU Standard PC (i440FX + PIIX, 1996), BIOS rel-1.16.0-0-gd239552ce722-prebuilt.qemu.org 04/01/2014
[   28.696585] Call Trace:
[   28.696712]  <TASK>
[   28.696824]  dump_stack_lvl+0xe0/0x110
[   28.697022]  ? do_task_dead+0x2c/0x60
[   28.697219]  dump_stack+0x19/0x20
[   28.697397]  __schedule_bug+0xb7/0xe0
[   28.697591]  __schedule+0xaa6/0xc30
[   28.697779]  ? debug_smp_processor_id+0x20/0x30
[   28.698014]  do_task_dead+0x57/0x60
[   28.698205]  make_task_dead+0x25b/0x290
[   28.698408]  rewind_stack_and_make_dead+0x17/0x20
[   28.698655] RIP: 0033:0x7fedeb0dccf6
[   28.698841] Code: Unable to access opcode bytes at 0x7fedeb0dcccc.
[   28.699143] RSP: 002b:00007fffc230a968 EFLAGS: 00000246 ORIG_RAX: 00000000000000e7
[   28.699514] RAX: ffffffffffffffda RBX: 00007fedeb1e7490 RCX: 00007fedeb0dccf6
[   28.699863] RDX: 0000000000000000 RSI: 000000000000003c RDI: 0000000000000000
[   28.700213] RBP: 0000000000000000 R08: 00000000000000e7 R09: ffffffffffffff80
[   28.700563] R10: 0000000000000004 R11: 0000000000000246 R12: 00007fedeb1e7490
[   28.700912] R13: 0000000000000001 R14: 00007fedeb1eae88 R15: 0000000000000000
[   28.701266]  </TASK>
