c[?7l[2J[0mSeaBIOS (version rel-1.16.0-0-gd239552ce722-prebuilt.qemu.org)


iPXE (http://ipxe.org) 00:03.0 CA00 PCI2.10 PnP PMM+7FF91000+7FEF1000 CA00
Press Ctrl-B to configure iPXE (PCI 00:03.0)...                                                                               


Booting from ROM..c[?7l[2J[0m.[    0.000000] Linux version 6.3.0-548eb516ec0f+ (root@p-rplp01) (gcc (GCC) 8.5.0 20210514 (Red Hat 8.5.0-18), GNU ld version 2.36.1-2.el8) #1 SMP PREEMPT_DYNAMIC Tue Apr 25 18:24:37 CST 2023
[    0.000000] Command line: console=ttyS0 root=/dev/sda earlyprintk=serial net.ifnames=0
[    0.000000] KERNEL supported cpus:
[    0.000000]   Intel GenuineIntel
[    0.000000]   AMD AuthenticAMD
[    0.000000]   Hygon HygonGenuine
[    0.000000]   Centaur CentaurHauls
[    0.000000]   zhaoxin   Shanghai  
[    0.000000] x86/fpu: Supporting XSAVE feature 0x001: 'x87 floating point registers'
[    0.000000] x86/fpu: Supporting XSAVE feature 0x002: 'SSE registers'
[    0.000000] x86/fpu: Supporting XSAVE feature 0x004: 'AVX registers'
[    0.000000] x86/fpu: Supporting XSAVE feature 0x200: 'Protection Keys User registers'
[    0.000000] x86/fpu: xstate_offset[2]:  576, xstate_sizes[2]:  256
[    0.000000] x86/fpu: xstate_offset[9]:  832, xstate_sizes[9]:    8
[    0.000000] x86/fpu: Enabled xstate features 0x207, context size is 840 bytes, using 'compacted' format.
[    0.000000] signal: max sigframe size: 3632
[    0.000000] BIOS-provided physical RAM map:
[    0.000000] BIOS-e820: [mem 0x0000000000000000-0x000000000009fbff] usable
[    0.000000] BIOS-e820: [mem 0x000000000009fc00-0x000000000009ffff] reserved
[    0.000000] BIOS-e820: [mem 0x00000000000f0000-0x00000000000fffff] reserved
[    0.000000] BIOS-e820: [mem 0x0000000000100000-0x000000007ffdffff] usable
[    0.000000] BIOS-e820: [mem 0x000000007ffe0000-0x000000007fffffff] reserved
[    0.000000] BIOS-e820: [mem 0x00000000feffc000-0x00000000feffffff] reserved
[    0.000000] BIOS-e820: [mem 0x00000000fffc0000-0x00000000ffffffff] reserved
[    0.000000] printk: bootconsole [earlyser0] enabled
[    0.000000] NX (Execute Disable) protection: active
[    0.000000] SMBIOS 2.8 present.
[    0.000000] DMI: QEMU Standard PC (i440FX + PIIX, 1996), BIOS rel-1.16.0-0-gd239552ce722-prebuilt.qemu.org 04/01/2014
[    0.000000] Hypervisor detected: KVM
[    0.000000] kvm-clock: Using msrs 4b564d01 and 4b564d00
[    0.000003] kvm-clock: using sched offset of 402035642 cycles
[    0.000413] clocksource: kvm-clock: mask: 0xffffffffffffffff max_cycles: 0x1cd42e4dffb, max_idle_ns: 881590591483 ns
[    0.001688] tsc: Detected 2918.400 MHz processor
[    0.004000] last_pfn = 0x7ffe0 max_arch_pfn = 0x400000000
[    0.004000] x86/PAT: Configuration [0-7]: WB  WC  UC- UC  WB  WP  UC- WT  
[    0.004000] found SMP MP-table at [mem 0x000f5ba0-0x000f5baf]
[    0.004000] Using GB pages for direct mapping
[    0.004000] ACPI: Early table checksum verification disabled
[    0.004000] ACPI: RSDP 0x00000000000F59C0 000014 (v00 BOCHS )
[    0.004000] ACPI: RSDT 0x000000007FFE1951 000034 (v01 BOCHS  BXPC     00000001 BXPC 00000001)
[    0.004000] ACPI: FACP 0x000000007FFE17FD 000074 (v01 BOCHS  BXPC     00000001 BXPC 00000001)
[    0.004000] ACPI: DSDT 0x000000007FFE0040 0017BD (v01 BOCHS  BXPC     00000001 BXPC 00000001)
[    0.004000] ACPI: FACS 0x000000007FFE0000 000040
[    0.004000] ACPI: APIC 0x000000007FFE1871 000080 (v01 BOCHS  BXPC     00000001 BXPC 00000001)
[    0.004000] ACPI: HPET 0x000000007FFE18F1 000038 (v01 BOCHS  BXPC     00000001 BXPC 00000001)
[    0.004000] ACPI: WAET 0x000000007FFE1929 000028 (v01 BOCHS  BXPC     00000001 BXPC 00000001)
[    0.004000] ACPI: Reserving FACP table memory at [mem 0x7ffe17fd-0x7ffe1870]
[    0.004000] ACPI: Reserving DSDT table memory at [mem 0x7ffe0040-0x7ffe17fc]
[    0.004000] ACPI: Reserving FACS table memory at [mem 0x7ffe0000-0x7ffe003f]
[    0.004000] ACPI: Reserving APIC table memory at [mem 0x7ffe1871-0x7ffe18f0]
[    0.004000] ACPI: Reserving HPET table memory at [mem 0x7ffe18f1-0x7ffe1928]
[    0.004000] ACPI: Reserving WAET table memory at [mem 0x7ffe1929-0x7ffe1950]
[    0.004000] No NUMA configuration found
[    0.004000] Faking a node at [mem 0x0000000000000000-0x000000007ffdffff]
[    0.004000] NODE_DATA(0) allocated [mem 0x7ffb5000-0x7ffdffff]
[    0.004000] Zone ranges:
[    0.004000]   DMA      [mem 0x0000000000001000-0x0000000000ffffff]
[    0.004000]   DMA32    [mem 0x0000000001000000-0x000000007ffdffff]
[    0.004000]   Normal   empty
[    0.004000]   Device   empty
[    0.004000] Movable zone start for each node
[    0.004000] Early memory node ranges
[    0.004000]   node   0: [mem 0x0000000000001000-0x000000000009efff]
[    0.004000]   node   0: [mem 0x0000000000100000-0x000000007ffdffff]
[    0.004000] Initmem setup node 0 [mem 0x0000000000001000-0x000000007ffdffff]
[    0.004000] On node 0, zone DMA: 1 pages in unavailable ranges
[    0.004000] On node 0, zone DMA: 97 pages in unavailable ranges
[    0.004000] On node 0, zone DMA32: 32 pages in unavailable ranges
[    0.004000] ACPI: PM-Timer IO Port: 0x608
[    0.004000] ACPI: LAPIC_NMI (acpi_id[0xff] dfl dfl lint[0x1])
[    0.004000] IOAPIC[0]: apic_id 0, version 17, address 0xfec00000, GSI 0-23
[    0.004000] ACPI: INT_SRC_OVR (bus 0 bus_irq 0 global_irq 2 dfl dfl)
[    0.004000] ACPI: INT_SRC_OVR (bus 0 bus_irq 5 global_irq 5 high level)
[    0.004000] ACPI: INT_SRC_OVR (bus 0 bus_irq 9 global_irq 9 high level)
[    0.004000] ACPI: INT_SRC_OVR (bus 0 bus_irq 10 global_irq 10 high level)
[    0.004000] ACPI: INT_SRC_OVR (bus 0 bus_irq 11 global_irq 11 high level)
[    0.004000] ACPI: Using ACPI (MADT) for SMP configuration information
[    0.004000] ACPI: HPET id: 0x8086a201 base: 0xfed00000
[    0.004000] TSC deadline timer available
[    0.004000] smpboot: Allowing 2 CPUs, 0 hotplug CPUs
[    0.004000] kvm-guest: KVM setup pv remote TLB flush
[    0.004000] kvm-guest: setup PV sched yield
[    0.004000] PM: hibernation: Registered nosave memory: [mem 0x00000000-0x00000fff]
[    0.004000] PM: hibernation: Registered nosave memory: [mem 0x0009f000-0x0009ffff]
[    0.004000] PM: hibernation: Registered nosave memory: [mem 0x000a0000-0x000effff]
[    0.004000] PM: hibernation: Registered nosave memory: [mem 0x000f0000-0x000fffff]
[    0.004000] [mem 0x80000000-0xfeffbfff] available for PCI devices
[    0.004000] Booting paravirtualized kernel on KVM
[    0.004000] clocksource: refined-jiffies: mask: 0xffffffff max_cycles: 0xffffffff, max_idle_ns: 7645519600211568 ns
[    0.004000] setup_percpu: NR_CPUS:8192 nr_cpumask_bits:2 nr_cpu_ids:2 nr_node_ids:1
[    0.004000] percpu: Embedded 65 pages/cpu s229376 r8192 d28672 u1048576
[    0.004000] kvm-guest: PV spinlocks enabled
[    0.004000] PV qspinlock hash table entries: 256 (order: 0, 4096 bytes, linear)
[    0.004000] Fallback order for Node 0: 0 
[    0.004000] Built 1 zonelists, mobility grouping on.  Total pages: 515808
[    0.004000] Policy zone: DMA32
[    0.004000] Kernel command line: net.ifnames=0 console=ttyS0 root=/dev/sda earlyprintk=serial net.ifnames=0
[    0.004000] random: crng init done
[    0.004000] Dentry cache hash table entries: 262144 (order: 9, 2097152 bytes, linear)
[    0.004000] Inode-cache hash table entries: 131072 (order: 8, 1048576 bytes, linear)
[    0.004000] mem auto-init: stack:off, heap alloc:off, heap free:off
[    0.004000] Memory: 1966944K/2096632K available (34816K kernel code, 4558K rwdata, 9768K rodata, 10364K init, 31912K bss, 129432K reserved, 0K cma-reserved)
[    0.004000] SLUB: HWalign=64, Order=0-3, MinObjects=0, CPUs=2, Nodes=1
[    0.004000] kmemleak: Kernel memory leak detector disabled
[    0.004000] ftrace: allocating 68595 entries in 268 pages
[    0.004000] ftrace: allocated 268 pages with 3 groups
[    0.004000] Dynamic Preempt: voluntary
[    0.004000] Running RCU self tests
[    0.004000] Running RCU synchronous self tests
[    0.004000] rcu: Preemptible hierarchical RCU implementation.
[    0.004000] rcu: 	RCU lockdep checking is enabled.
[    0.004000] rcu: 	RCU restricting CPUs from NR_CPUS=8192 to nr_cpu_ids=2.
[    0.004000] 	Trampoline variant of Tasks RCU enabled.
[    0.004000] 	Rude variant of Tasks RCU enabled.
[    0.004000] 	Tracing variant of Tasks RCU enabled.
[    0.004000] rcu: RCU calculated value of scheduler-enlistment delay is 25 jiffies.
[    0.004000] rcu: Adjusting geometry for rcu_fanout_leaf=16, nr_cpu_ids=2
[    0.004000] Running RCU synchronous self tests
[    0.004000] NR_IRQS: 524544, nr_irqs: 440, preallocated irqs: 16
[    0.004000] rcu: srcu_init: Setting srcu_struct sizes based on contention.
[    0.004000] Console: colour VGA+ 80x25
[    0.004000] printk: console [ttyS0] enabled
[    0.004000] printk: console [ttyS0] enabled
[    0.004000] printk: bootconsole [earlyser0] disabled
[    0.004000] printk: bootconsole [earlyser0] disabled
[    0.004000] Lock dependency validator: Copyright (c) 2006 Red Hat, Inc., Ingo Molnar
[    0.004000] ... MAX_LOCKDEP_SUBCLASSES:  8
[    0.004000] ... MAX_LOCK_DEPTH:          48
[    0.004000] ... MAX_LOCKDEP_KEYS:        8192
[    0.004000] ... CLASSHASH_SIZE:          4096
[    0.004000] ... MAX_LOCKDEP_ENTRIES:     32768
[    0.004000] ... MAX_LOCKDEP_CHAINS:      65536
[    0.004000] ... CHAINHASH_SIZE:          32768
[    0.004000]  memory used by lock dependency info: 6365 kB
[    0.004000]  memory used for stack traces: 4224 kB
[    0.004000]  per task-struct memory footprint: 1920 bytes
[    0.004000] ACPI: Core revision 20221020
[    0.004000] clocksource: hpet: mask: 0xffffffff max_cycles: 0xffffffff, max_idle_ns: 19112604467 ns
[    0.004000] APIC: Switch to symmetric I/O mode setup
[    0.004000] x2apic enabled
[    0.004000] Switched APIC routing to physical x2apic.
[    0.004000] kvm-guest: setup PV IPIs
[    0.004000] ..TIMER: vector=0x30 apic1=0 pin1=2 apic2=-1 pin2=-1
[    0.004000] clocksource: tsc-early: mask: 0xffffffffffffffff max_cycles: 0x2a11290c0c8, max_idle_ns: 440795344938 ns
[    0.138099] Calibrating delay loop (skipped) preset value.. 5836.80 BogoMIPS (lpj=11673600)
[    0.142106] pid_max: default: 32768 minimum: 301
[    0.142556] LSM: initializing lsm=capability,yama,integrity
[    0.143015] Yama: becoming mindful.
[    0.143438] Mount-cache hash table entries: 4096 (order: 3, 32768 bytes, linear)
[    0.144027] Mountpoint-cache hash table entries: 4096 (order: 3, 32768 bytes, linear)
[    0.146269] x86/cpu: User Mode Instruction Prevention (UMIP) activated
[    0.146977] Last level iTLB entries: 4KB 0, 2MB 0, 4MB 0
[    0.147418] Last level dTLB entries: 4KB 0, 2MB 0, 4MB 0, 1GB 0
[    0.147911] Spectre V1 : Mitigation: usercopy/swapgs barriers and __user pointer sanitization
[    0.148594] Spectre V2 : WARNING: Unprivileged eBPF is enabled with eIBRS on, data leaks possible via Spectre v2 BHB attacks!
[    0.149493] Spectre V2 : Mitigation: Enhanced / Automatic IBRS
[    0.149943] Spectre V2 : Spectre v2 / SpectreRSB mitigation: Filling RSB on context switch
[    0.150089] Spectre V2 : Spectre v2 / PBRSB-eIBRS: Retire a single CALL on VMEXIT
[    0.150658] Spectre V2 : mitigation: Enabling conditional Indirect Branch Prediction Barrier
[    0.151293] Speculative Store Bypass: Mitigation: Speculative Store Bypass disabled via prctl
[    0.151935] MMIO Stale Data: Unknown: No mitigations
[    0.266189] Freeing SMP alternatives memory: 56K
[    0.266596] Running RCU synchronous self tests
[    0.266942] Running RCU synchronous self tests
[    0.267536] smpboot: CPU0: 13th Gen Intel(R) CoreT i7-13800H (family: 0x6, model: 0xba, stepping: 0x2)
[    0.268597] cblist_init_generic: Setting adjustable number of callback queues.
[    0.269160] cblist_init_generic: Setting shift to 1 and lim to 1.
[    0.269663] cblist_init_generic: Setting shift to 1 and lim to 1.
[    0.270083] cblist_init_generic: Setting shift to 1 and lim to 1.
[    0.270083] Running RCU-tasks wait API self tests
[    0.370302] Performance Events: unsupported p6 CPU model 186 no PMU driver, software events only.
[    0.371756] rcu: Hierarchical SRCU implementation.
[    0.372418] rcu: 	Max phase no-delay instances is 1000.
[    0.374711] NMI watchdog: Perf NMI watchdog permanently disabled
[    0.375474] smp: Bringing up secondary CPUs ...
[    0.376206] x86: Booting SMP configuration:
[    0.376539] .... node  #0, CPUs:      #1
[    0.376956] smp: Brought up 1 node, 2 CPUs
[    0.376956] smpboot: Max logical packages: 1
[    0.378096] smpboot: Total of 2 processors activated (11673.60 BogoMIPS)
[    0.379289] devtmpfs: initialized
[    0.379289] x86/mm: Memory block size: 128MB
[    0.382447] Running RCU synchronous self tests
[    0.382814] Running RCU synchronous self tests
[    0.383192] clocksource: jiffies: mask: 0xffffffff max_cycles: 0xffffffff, max_idle_ns: 7645041785100000 ns
[    0.383922] futex hash table entries: 512 (order: 4, 65536 bytes, linear)
[    0.384622] pinctrl core: initialized pinctrl subsystem
[    0.385475] 
[    0.385601] *************************************************************
[    0.386103] **     NOTICE NOTICE NOTICE NOTICE NOTICE NOTICE NOTICE    **
[    0.386617] **                                                         **
[    0.387124] **  IOMMU DebugFS SUPPORT HAS BEEN ENABLED IN THIS KERNEL  **
[    0.387629] **                                                         **
[    0.388132] ** This means that this kernel is built to expose internal **
[    0.388637] ** IOMMU data structures, which may compromise security on **
[    0.388637] Callback from call_rcu_tasks_trace() invoked.
[    0.389142] ** your system.                                            **
[    0.389147] **                                                         **
[    0.390593] ** If you see this message and you are not debugging the   **
[    0.391098] ** kernel, report this immediately to your vendor!         **
[    0.391604] **                                                         **
[    0.392114] **     NOTICE NOTICE NOTICE NOTICE NOTICE NOTICE NOTICE    **
[    0.392618] *************************************************************
[    0.393164] PM: RTC time: 10:25:35, date: 2023-04-25
[    0.395495] NET: Registered PF_NETLINK/PF_ROUTE protocol family
[    0.396496] DMA: preallocated 256 KiB GFP_KERNEL pool for atomic allocations
[    0.397037] DMA: preallocated 256 KiB GFP_KERNEL|GFP_DMA pool for atomic allocations
[    0.397624] DMA: preallocated 256 KiB GFP_KERNEL|GFP_DMA32 pool for atomic allocations
[    0.398127] audit: initializing netlink subsys (disabled)
[    0.398609] audit: type=2000 audit(1682418336.356:1): state=initialized audit_enabled=0 res=1
[    0.398630] thermal_sys: Registered thermal governor 'fair_share'
[    0.399028] thermal_sys: Registered thermal governor 'bang_bang'
[    0.399494] thermal_sys: Registered thermal governor 'step_wise'
[    0.399947] thermal_sys: Registered thermal governor 'user_space'
[    0.400441] cpuidle: using governor ladder
[    0.401225] cpuidle: using governor menu
[    0.402312] acpiphp: ACPI Hot Plug PCI Controller Driver version: 0.5
[    0.403048] PCI: Using configuration type 1 for base access
[    0.404335] kprobes: kprobe jump-optimization is enabled. All kprobes are optimized if possible.
[    0.632965] HugeTLB: registered 1.00 GiB page size, pre-allocated 0 pages
[    0.633530] HugeTLB: 16380 KiB vmemmap can be freed for a 1.00 GiB page
[    0.634069] HugeTLB: registered 2.00 MiB page size, pre-allocated 0 pages
[    0.634092] HugeTLB: 28 KiB vmemmap can be freed for a 2.00 MiB page
[    0.636746] ACPI: Added _OSI(Module Device)
[    0.637109] ACPI: Added _OSI(Processor Device)
[    0.637480] ACPI: Added _OSI(3.0 _SCP Extensions)
[    0.637862] ACPI: Added _OSI(Processor Aggregator Device)
[    0.643492] ACPI: 1 ACPI AML tables successfully acquired and loaded
[    3.042100] Callback from call_rcu_tasks_rude() invoked.
[    3.091433] ACPI: Interpreter enabled
[    3.091747] ACPI: PM: (supports S0 S3 S4 S5)
[    3.092087] ACPI: Using IOAPIC for interrupt routing
[    3.092516] PCI: Using host bridge windows from ACPI; if necessary, use "pci=nocrs" and report a bug
[    3.093165] PCI: Using E820 reservations for host bridge windows
[    3.094199] ACPI: Enabled 2 GPEs in block 00 to 0F
[    3.108389] ACPI: PCI Root Bridge [PCI0] (domain 0000 [bus 00-ff])
[    3.108865] acpi PNP0A03:00: _OSC: OS supports [ASPM ClockPM Segments MSI EDR HPX-Type3]
[    3.109448] acpi PNP0A03:00: _OSC: not requesting OS control; OS requires [ExtendedConfig ASPM ClockPM MSI]
[    3.110145] acpi PNP0A03:00: fail to add MMCONFIG information, can't access extended configuration space under this bridge
[    3.114169] Callback from call_rcu_tasks() invoked.
[    3.112952] acpiphp: Slot [3] registered
[    3.113567] acpiphp: Slot [4] registered
[    3.113905] acpiphp: Slot [5] registered
[    3.114145] acpiphp: Slot [6] registered
[    3.114487] acpiphp: Slot [7] registered
[    3.114829] acpiphp: Slot [8] registered
[    3.115168] acpiphp: Slot [9] registered
[    3.115512] acpiphp: Slot [10] registered
[    3.115857] acpiphp: Slot [11] registered
[    3.116200] acpiphp: Slot [12] registered
[    3.116548] acpiphp: Slot [13] registered
[    3.116894] acpiphp: Slot [14] registered
[    3.117239] acpiphp: Slot [15] registered
[    3.117583] acpiphp: Slot [16] registered
[    3.117927] acpiphp: Slot [17] registered
[    3.118141] acpiphp: Slot [18] registered
[    3.118491] acpiphp: Slot [19] registered
[    3.118841] acpiphp: Slot [20] registered
[    3.119191] acpiphp: Slot [21] registered
[    3.119534] acpiphp: Slot [22] registered
[    3.119880] acpiphp: Slot [23] registered
[    3.120225] acpiphp: Slot [24] registered
[    3.120574] acpiphp: Slot [25] registered
[    3.120922] acpiphp: Slot [26] registered
[    3.121269] acpiphp: Slot [27] registered
[    3.121616] acpiphp: Slot [28] registered
[    3.121963] acpiphp: Slot [29] registered
[    3.122141] acpiphp: Slot [30] registered
[    3.122486] acpiphp: Slot [31] registered
[    3.122795] PCI host bridge to bus 0000:00
[    3.123098] pci_bus 0000:00: root bus resource [io  0x0000-0x0cf7 window]
[    3.123590] pci_bus 0000:00: root bus resource [io  0x0d00-0xffff window]
[    3.124080] pci_bus 0000:00: root bus resource [mem 0x000a0000-0x000bffff window]
[    3.124620] pci_bus 0000:00: root bus resource [mem 0x80000000-0xfebfffff window]
[    3.125158] pci_bus 0000:00: root bus resource [mem 0x100000000-0x17fffffff window]
[    3.125710] pci_bus 0000:00: root bus resource [bus 00-ff]
[    3.126180] pci 0000:00:00.0: [8086:1237] type 00 class 0x060000
[    3.129198] pci 0000:00:01.0: [8086:7000] type 00 class 0x060100
[    3.130246] pci 0000:00:01.1: [8086:7010] type 00 class 0x010180
[    3.132043] pci 0000:00:01.1: reg 0x20: [io  0xc040-0xc04f]
[    3.132963] pci 0000:00:01.1: legacy IDE quirk: reg 0x10: [io  0x01f0-0x01f7]
[    3.133481] pci 0000:00:01.1: legacy IDE quirk: reg 0x14: [io  0x03f6]
[    3.133952] pci 0000:00:01.1: legacy IDE quirk: reg 0x18: [io  0x0170-0x0177]
[    3.134090] pci 0000:00:01.1: legacy IDE quirk: reg 0x1c: [io  0x0376]
[    3.134799] pci 0000:00:01.3: [8086:7113] type 00 class 0x068000
[    3.135508] pci 0000:00:01.3: quirk: [io  0x0600-0x063f] claimed by PIIX4 ACPI
[    3.136030] pci 0000:00:01.3: quirk: [io  0x0700-0x070f] claimed by PIIX4 SMB
[    3.136778] pci 0000:00:02.0: [1234:1111] type 00 class 0x030000
[    3.138106] pci 0000:00:02.0: reg 0x10: [mem 0xfd000000-0xfdffffff pref]
[    3.141149] pci 0000:00:02.0: reg 0x18: [mem 0xfebf0000-0xfebf0fff]
[    3.144205] pci 0000:00:02.0: reg 0x30: [mem 0xfebe0000-0xfebeffff pref]
[    3.145183] pci 0000:00:02.0: Video device with shadowed ROM at [mem 0x000c0000-0x000dffff]
[    3.149409] pci 0000:00:03.0: [8086:100e] type 00 class 0x020000
[    3.151006] pci 0000:00:03.0: reg 0x10: [mem 0xfebc0000-0xfebdffff]
[    3.152410] pci 0000:00:03.0: reg 0x14: [io  0xc000-0xc03f]
[    3.155696] pci 0000:00:03.0: reg 0x30: [mem 0xfeb80000-0xfebbffff pref]
[    3.165312] ACPI: PCI: Interrupt link LNKA configured for IRQ 10
[    3.166096] ACPI: PCI: Interrupt link LNKB configured for IRQ 10
[    3.166844] ACPI: PCI: Interrupt link LNKC configured for IRQ 11
[    3.167581] ACPI: PCI: Interrupt link LNKD configured for IRQ 11
[    3.168164] ACPI: PCI: Interrupt link LNKS configured for IRQ 9
[    3.170182] iommu: Default domain type: Translated 
[    3.170517] iommu: DMA domain TLB invalidation policy: lazy mode 
[    3.171740] SCSI subsystem initialized
[    3.174242] ACPI: bus type USB registered
[    3.174601] usbcore: registered new interface driver usbfs
[    3.175023] usbcore: registered new interface driver hub
[    3.175434] usbcore: registered new device driver usb
[    3.175886] pps_core: LinuxPPS API ver. 1 registered
[    3.176255] pps_core: Software ver. 5.3.6 - Copyright 2005-2007 Rodolfo Giometti <giometti@linux.it>
[    3.176255] PTP clock support registered
[    3.176255] EDAC MC: Ver: 3.0.0
[    3.178998] NetLabel: Initializing
[    3.179263] NetLabel:  domain hash size = 128
[    3.179583] NetLabel:  protocols = UNLABELED CIPSOv4 CALIPSO
[    3.180037] NetLabel:  unlabeled traffic allowed by default
[    3.180533] PCI: Using ACPI for IRQ routing
[    3.180533] pci 0000:00:02.0: vgaarb: setting as boot VGA device
[    3.180533] pci 0000:00:02.0: vgaarb: bridge control possible
[    3.180533] pci 0000:00:02.0: vgaarb: VGA device added: decodes=io+mem,owns=io+mem,locks=none
[    3.182091] vgaarb: loaded
[    3.182442] hpet0: at MMIO 0xfed00000, IRQs 2, 8, 0
[    3.183115] hpet0: 3 comparators, 64-bit 100.000000 MHz counter
[    3.186091] clocksource: Switched to clocksource kvm-clock
[    3.187882] VFS: Disk quotas dquot_6.6.0
[    3.188443] VFS: Dquot-cache hash table entries: 512 (order 0, 4096 bytes)
[    3.189605] pnp: PnP ACPI init
[    3.192193] pnp: PnP ACPI: found 6 devices
[    3.203985] clocksource: acpi_pm: mask: 0xffffff max_cycles: 0xffffff, max_idle_ns: 2085701024 ns
[    3.204913] NET: Registered PF_INET protocol family
[    3.205325] IP idents hash table entries: 32768 (order: 6, 262144 bytes, linear)
[    3.206639] tcp_listen_portaddr_hash hash table entries: 1024 (order: 4, 73728 bytes, linear)
[    3.207253] Table-perturb hash table entries: 65536 (order: 6, 262144 bytes, linear)
[    3.207802] TCP established hash table entries: 16384 (order: 5, 131072 bytes, linear)
[    3.208508] TCP bind hash table entries: 16384 (order: 9, 2359296 bytes, linear)
[    3.209758] TCP: Hash tables configured (established 16384 bind 16384)
[    3.210304] UDP hash table entries: 1024 (order: 5, 163840 bytes, linear)
[    3.210818] UDP-Lite hash table entries: 1024 (order: 5, 163840 bytes, linear)
[    3.211422] NET: Registered PF_UNIX/PF_LOCAL protocol family
[    3.212125] RPC: Registered named UNIX socket transport module.
[    3.212553] RPC: Registered udp transport module.
[    3.212882] RPC: Registered tcp transport module.
[    3.213212] RPC: Registered tcp NFSv4.1 backchannel transport module.
[    3.213676] pci_bus 0000:00: resource 4 [io  0x0000-0x0cf7 window]
[    3.214128] pci_bus 0000:00: resource 5 [io  0x0d00-0xffff window]
[    3.214565] pci_bus 0000:00: resource 6 [mem 0x000a0000-0x000bffff window]
[    3.215050] pci_bus 0000:00: resource 7 [mem 0x80000000-0xfebfffff window]
[    3.215537] pci_bus 0000:00: resource 8 [mem 0x100000000-0x17fffffff window]
[    3.216230] pci 0000:00:01.0: PIIX3: Enabling Passive Release
[    3.216645] pci 0000:00:00.0: Limiting direct PCI/PCI transfers
[    3.217151] PCI: CLS 0 bytes, default 64
[    3.217473] ACPI: bus type thunderbolt registered
[    3.218041] clocksource: tsc: mask: 0xffffffffffffffff max_cycles: 0x2a11290c0c8, max_idle_ns: 440795344938 ns
[    3.268052] Initialise system trusted keyrings
[    3.268449] Key type blacklist registered
[    3.269051] workingset: timestamp_bits=36 max_order=19 bucket_order=0
[    3.269568] zbud: loaded
[    3.270364] squashfs: version 4.0 (2009/01/31) Phillip Lougher
[    3.271242] NFS: Registering the id_resolver key type
[    3.271611] Key type id_resolver registered
[    3.271907] Key type id_legacy registered
[    3.272210] nfs4filelayout_init: NFSv4 File Layout Driver Registering...
[    3.272693] nfs4flexfilelayout_init: NFSv4 Flexfile Layout Driver Registering...
[    3.273290] fuse: init (API version 7.38)
[    3.273718] SGI XFS with ACLs, security attributes, realtime, quota, no debug enabled
[    3.274624] 9p: Installing v9fs 9p2000 file system support
[    3.281789] Key type asymmetric registered
[    3.282101] Asymmetric key parser 'x509' registered
[    3.282481] Block layer SCSI generic (bsg) driver version 0.4 loaded (major 243)
[    3.283095] io scheduler mq-deadline registered
[    3.283445] io scheduler bfq registered
[    3.284019] shpchp: Standard Hot Plug PCI Controller Driver version: 0.4
[    3.284805] IPMI message handler: version 39.2
[    3.285156] ipmi device interface
[    3.286718] input: Power Button as /devices/LNXSYSTM:00/LNXPWRBN:00/input/input0
[    3.287438] ACPI: button: Power Button [PWRF]
[    3.288617] ERST DBG: ERST support is disabled.
[    3.289541] Serial: 8250/16550 driver, 32 ports, IRQ sharing enabled
[    3.290497] 00:04: ttyS0 at I/O 0x3f8 (irq = 4, base_baud = 115200) is a 16550A
[    3.297615] Linux agpgart interface v0.103
[    3.298535] ACPI: bus type drm_connector registered
[    3.308487] brd: module loaded
[    3.314105] loop: module loaded
[    3.317430] scsi host0: ata_piix
[    3.318590] scsi host1: ata_piix
[    3.318962] ata1: PATA max MWDMA2 cmd 0x1f0 ctl 0x3f6 bmdma 0xc040 irq 14
[    3.319426] ata2: PATA max MWDMA2 cmd 0x170 ctl 0x376 bmdma 0xc048 irq 15
[    3.320657] tun: Universal TUN/TAP device driver, 1.6
[    3.321118] e100: Intel(R) PRO/100 Network Driver
[    3.321445] e100: Copyright(c) 1999-2006 Intel Corporation
[    3.321850] e1000: Intel(R) PRO/1000 Network Driver
[    3.322206] e1000: Copyright (c) 1999-2006 Intel Corporation.
[    3.478303] ata1: found unknown device (class 0)
[    3.479599] ata1.00: ATA-7: QEMU HARDDISK, 2.5+, max UDMA/100
[    3.479928] ACPI: \_SB_.LNKC: Enabled at IRQ 11
[    3.480425] ata1.00: 16777216 sectors, multi 16: LBA48 
[    3.481907] ata2: found unknown device (class 0)
[    3.482924] ata2.00: ATAPI: QEMU DVD-ROM, 2.5+, max UDMA/100
[    3.483349] scsi 0:0:0:0: Direct-Access     ATA      QEMU HARDDISK    2.5+ PQ: 0 ANSI: 5
[    3.485958] sd 0:0:0:0: Attached scsi generic sg0 type 0
[    3.486130] sd 0:0:0:0: [sda] 16777216 512-byte logical blocks: (8.59 GB/8.00 GiB)
[    3.487334] sd 0:0:0:0: [sda] Write Protect is off
[    3.487396] scsi 1:0:0:0: CD-ROM            QEMU     QEMU DVD-ROM     2.5+ PQ: 0 ANSI: 5
[    3.488735] sd 0:0:0:0: [sda] Write cache: enabled, read cache: enabled, doesn't support DPO or FUA
[    3.489472] sd 0:0:0:0: [sda] Preferred minimum I/O size 512 bytes
[    3.515438] scsi 1:0:0:0: Attached scsi generic sg1 type 5
[    3.517715] sd 0:0:0:0: [sda] Attached SCSI disk
[    3.802926] e1000 0000:00:03.0 eth0: (PCI:33MHz:32-bit) 52:54:00:12:34:56
[    3.803825] e1000 0000:00:03.0 eth0: Intel(R) PRO/1000 Network Connection
[    3.804770] e1000e: Intel(R) PRO/1000 Network Driver
[    3.805386] e1000e: Copyright(c) 1999 - 2015 Intel Corporation.
[    3.806224] igb: Intel(R) Gigabit Ethernet Network Driver
[    3.806906] igb: Copyright (c) 2007-2014 Intel Corporation.
[    3.807717] PPP generic driver version 2.4.2
[    3.808957] VFIO - User Level meta-driver version: 0.3
[    3.810160] usbcore: registered new interface driver uas
[    3.810891] usbcore: registered new interface driver usb-storage
[    3.811803] i8042: PNP: PS/2 Controller [PNP0303:KBD,PNP0f13:MOU] at 0x60,0x64 irq 1,12
[    3.813818] serio: i8042 KBD port at 0x60,0x64 irq 1
[    3.814566] serio: i8042 AUX port at 0x60,0x64 irq 12
[    3.816054] mousedev: PS/2 mouse device common for all mice
[    3.817686] input: AT Translated Set 2 keyboard as /devices/platform/i8042/serio0/input/input1
[    3.818395] rtc_cmos 00:05: RTC can wake from S4
[    3.820490] input: VirtualPS/2 VMware VMMouse as /devices/platform/i8042/serio1/input/input4
[    3.820928] rtc_cmos 00:05: registered as rtc0
[    3.822411] rtc_cmos 00:05: setting system clock to 2023-04-25T10:25:39 UTC (1682418339)
[    3.823769] input: VirtualPS/2 VMware VMMouse as /devices/platform/i8042/serio1/input/input3
[    3.823786] rtc_cmos 00:05: alarms up to one day, y3k, 242 bytes nvram, hpet irqs
[    3.825891] i2c_dev: i2c /dev entries driver
[    3.826560] device-mapper: core: CONFIG_IMA_DISABLE_HTABLE is disabled. Duplicate IMA measurements will not be recorded in the IMA log.
[    3.828133] device-mapper: uevent: version 1.0.3
[    3.829009] device-mapper: ioctl: 4.47.0-ioctl (2022-07-28) initialised: dm-devel@redhat.com
[    3.830124] intel_pstate: CPU model not supported
[    3.830872] sdhci: Secure Digital Host Controller Interface driver
[    3.831662] sdhci: Copyright(c) Pierre Ossman
[    3.832313] sdhci-pltfm: SDHCI platform and OF driver helper
[    3.833137] ledtrig-cpu: registered to indicate activity on CPUs
[    3.834454] drop_monitor: Initializing network drop monitor service
[    3.835574] NET: Registered PF_INET6 protocol family
[    3.839082] Segment Routing with IPv6
[    3.839611] In-situ OAM (IOAM) with IPv6
[    3.840173] NET: Registered PF_PACKET protocol family
[    3.840944] 9pnet: Installing 9P2000 support
[    3.841571] Key type dns_resolver registered
[    3.843100] IPI shorthand broadcast: enabled
[    3.860647] sched_clock: Marking stable (3728003698, 130083713)->(3902279843, -44192432)
[    3.862605] registered taskstats version 1
[    3.863395] Loading compiled-in X.509 certificates
[    3.864191] zswap: loaded using pool lzo/zbud
[    3.883619] Key type .fscrypt registered
[    3.884179] Key type fscrypt-provisioning registered
[    3.886133] Key type encrypted registered
[    3.886721] ima: No TPM chip found, activating TPM-bypass!
[    3.887464] ima: Allocated hash algorithm: sha1
[    3.888110] ima: No architecture policies found
[    3.888790] evm: Initialising EVM extended attributes:
[    3.889477] evm: security.selinux
[    3.889933] evm: security.SMACK64
[    3.890403] evm: security.SMACK64EXEC
[    3.890900] evm: security.SMACK64TRANSMUTE
[    3.891449] evm: security.SMACK64MMAP
[    3.891942] evm: security.apparmor
[    3.892402] evm: security.ima
[    3.892806] evm: security.capability
[    3.893289] evm: HMAC attrs: 0x1
[    3.895238] PM:   Magic number: 3:301:427
[    3.896268] RAS: Correctable Errors collector initialized.
[    3.897922] md: Waiting for all devices to be available before autodetect
[    3.898579] md: If you don't use raid, use raid=noautodetect
[    3.899091] md: Autodetecting RAID arrays.
[    3.899472] md: autorun ...
[    3.899733] md: ... autorun DONE.
[    3.909264] EXT4-fs (sda): mounted filesystem 23a53bb9-f815-47a5-b74c-5e08f7731193 with ordered data mode. Quota mode: none.
[    3.910362] VFS: Mounted root (ext4 filesystem) readonly on device 8:0.
[    3.913467] devtmpfs: mounted
[    3.918665] Freeing unused decrypted memory: 2036K
[    3.922738] Freeing unused kernel image (initmem) memory: 10364K
[    3.934305] Write protecting the kernel read-only data: 45056k
[    3.936585] Freeing unused kernel image (rodata/data gap) memory: 472K
[    4.057690] x86/mm: Checked W+X mappings: passed, no W+X pages found.
[    4.058253] Run /sbin/init as init process
[    4.153167] systemd[1]: RTC configured in localtime, applying delta of 0 minutes to system time.
[    4.195008] systemd[1]: systemd 239 (239-49.el8) running in system mode. (+PAM +AUDIT +SELINUX +IMA -APPARMOR +SMACK +SYSVINIT +UTMP +LIBCRYPTSETUP +GCRYPT +GNUTLS +ACL +XZ +LZ4 +SECCOMP +BLKID +ELFUTILS +KMOD +IDN2 -IDN +PCRE2 default-hierarchy=legacy)
[    4.197222] systemd[1]: Detected virtualization kvm.
[    4.197695] systemd[1]: Detected architecture x86-64.

Welcome to [0;31mCentOS Stream 8[0m!

[    4.259979] systemd[1]: Set hostname to <test>.
[    4.545284] systemd[1]: Created slice system-serial\x2dgetty.slice.
[[0;32m  OK  [0m] Created slice system-serial\x2dgetty.slice.
[    4.546583] systemd[1]: Listening on Journal Socket.
[[0;32m  OK  [0m] Listening on Journal Socket.
[    4.582327] systemd[1]: Mounting Kernel Debug File System...
         Mounting Kernel Debug File System...
[    4.583935] systemd[1]: Listening on Device-mapper event daemon FIFOs.
[[0;32m  OK  [0m] Listening on Device-mapper event daemon FIFOs.
[    4.585529] systemd[1]: Listening on RPCbind Server Activation Socket.
[[0;32m  OK  [0m] Listening on RPCbind Server Activation Socket.
[    4.588876] systemd[1]: Starting Monitoring of LVM2 mirrors, snapshots etc. using dmeventd or progress polling...
         Starting Monitoring of LVM2 mirrorsâ€¦ng dmeventd or progress polling...
         Mounting POSIX Message Queue File System...
[[0;32m  OK  [0m] Created slice system-sshd\x2dkeygen.slice.
         Starting Setup Virtual Console...
[[0;32m  OK  [0m] Reached target RPC Port Mapper.
[[0;32m  OK  [0m] Listening on multipathd control socket.
[[0;32m  OK  [0m] Listening on udev Kernel Socket.
[[0;32m  OK  [0m] Created slice system-getty.slice.
[[0;32m  OK  [0m] Reached target Swap.
[[0;32m  OK  [0m] Listening on initctl Compatibility Named Pipe.
[[0;32m  OK  [0m] Started Forward Password Requests to Wall Directory Watch.
[[0;32m  OK  [0m] Created slice User and Session Slice.
[[0;32m  OK  [0m] Reached target Slices.
         Starting Remount Root and Kernel File Systems...
[[0;32m  OK  [0m] Listening on udev Control Socket.
         Starting udev Coldplug all Devices...
[[0;32m  OK  [0m] Listening on LVM2 poll daemon socket.
[[0;32m  OK  [0m] Listening on Process Core Dump Socket.
[[0;32m  OK  [0m] Set up automount Arbitrary Executabâ€¦rmats File System Automount Point.
[[0;32m  OK  [0m] Listening on Journal Socket (/dev/log).
         Starting Journal Service...
         Starting Load Kernel Modules...
         Mounting Huge Pages File System...
[[0;32m  OK  [0m] Mounted Kernel Debug File System.
[[0;32m  OK  [0m] Started Monitoring of LVM2 mirrors,â€¦sing dmeventd or progress polling.
[[0;32m  OK  [0m] Mounted POSIX Message Queue File System.
[    4.881983] EXT4-fs (sda): re-mounted 23a53bb9-f815-47a5-b74c-5e08f7731193. Quota mode: none.
[[0;1;31mFAILED[0m] Failed to start Load Kernel Modules.
See 'systemctl status systemd-modules-load.service' for details.
[[0;32m  OK  [0m] Started Journal Service.
[[0;32m  OK  [0m] Started Remount Root and Kernel File Systems.
[[0;32m  OK  [0m] Mounted Huge Pages File System.
         Starting Create Static Device Nodes in /dev...
         Starting Load/Save Random Seed...
         Starting Flush Journal to Persistent Storage...
         Starting Apply Kernel Variables...
         Mounting FUSE Control File System...
         Mounting Kernel Configuration File System...
[[0;32m  OK  [0m] Started Setup Virtual Console.
[[0;32m  OK  [0m] Started Create Static Device Nodes in /dev.
[[0;32m  OK  [0m] Started Load/Save Random Seed.
[[0;32m  OK  [0m] Started Apply Kernel Variables.
[[0;32m  OK  [0m] Mounted FUSE Control File System.
[[0;32m  OK  [0m] Mounted Kernel Configuration File System.
         Starting udev Kernel Device Manager...
[[0;32m  OK  [0m] Started Flush Journal to Persistent Storage.
[[0;32m  OK  [0m] Started udev Coldplug all Devices.
         Starting udev Wait for Complete Device Initialization...
[[0;32m  OK  [0m] Started udev Kernel Device Manager.
         Starting Show Plymouth Boot Screen...
[[0;32m  OK  [0m] Started Show Plymouth Boot Screen.
[[0;32m  OK  [0m] Started Forward Password Requests to Plymouth Directory Watch.
[[0;32m  OK  [0m] Reached target Paths.
[[0;32m  OK  [0m] Reached target Local Encrypted Volumes.
[[0;32m  OK  [0m] Found device /dev/ttyS0.
[[0;32m  OK  [0m] Started udev Wait for Complete Device Initialization.
[[0;32m  OK  [0m] Listening on Load/Save RF Kill Switch Status /dev/rfkill Watch.
[[0;32m  OK  [0m] Reached target Local File Systems (Pre).
[[0;32m  OK  [0m] Reached target Local File Systems.
         Starting Restore /run/initramfs on shutdown...
         Starting Tell Plymouth To Write Out Runtime Data...
         Starting Create Volatile Files and Directories...
[[0;32m  OK  [0m] Started Restore /run/initramfs on shutdown.
[[0;32m  OK  [0m] Started Tell Plymouth To Write Out Runtime Data.
[[0;32m  OK  [0m] Started Create Volatile Files and Directories.
         Mounting RPC Pipe File System...
         Starting Security Auditing Service...
         Starting RPC Bind...
[[0;32m  OK  [0m] Mounted RPC Pipe File System.
[[0;32m  OK  [0m] Reached target rpc_pipefs.target.
[[0;32m  OK  [0m] Started RPC Bind.
[[0;32m  OK  [0m] Started Security Auditing Service.
         Starting Update UTMP about System Boot/Shutdown...
[[0;32m  OK  [0m] Started Update UTMP about System Boot/Shutdown.
[[0;32m  OK  [0m] Reached target System Initialization.
[[0;32m  OK  [0m] Listening on D-Bus System Message Bus Socket.
[[0;32m  OK  [0m] Started Daily Cleanup of Temporary Directories.
[[0;32m  OK  [0m] Started daily update of the root trust anchor for DNSSEC.
[[0;32m  OK  [0m] Listening on SSSD Kerberos Cache Manager responder socket.
[[0;32m  OK  [0m] Reached target Sockets.
[[0;32m  OK  [0m] Reached target Basic System.
[[0;32m  OK  [0m] Started D-Bus System Message Bus.
         Starting Network Manager...
[[0;32m  OK  [0m] Started Machine Check Exception Logging Daemon.
         Starting Login Service...
[[0;32m  OK  [0m] Started irqbalance daemon.
[[0;32m  OK  [0m] Reached target sshd-keygen.target.
         Starting Auto-connect to subsystemsâ€¦-NVME devices found during boot...
         Starting NTP client/server...
         Starting Self Monitoring and Reporting Technology (SMART) Daemon...
         Starting Authorization Manager...
[[0;32m  OK  [0m] Started dnf makecache --timer.
[[0;32m  OK  [0m] Reached target Timers.
[[0;32m  OK  [0m] Started Auto-connect to subsystems â€¦FC-NVME devices found during boot.
         Starting update of the root trust aâ€¦or DNSSEC validation in unbound...
[[0;32m  OK  [0m] Started Login Service.
[[0;32m  OK  [0m] Started Network Manager.
[[0;32m  OK  [0m] Reached target Network.
         Starting OpenSSH server daemon...
         Starting GSSAPI Proxy Daemon...
         Starting Dynamic System Tuning Daemon...
         Starting Network Manager Wait Online...
[[0;32m  OK  [0m] Started Self Monitoring and Reporting Technology (SMART) Daemon.
[[0;32m  OK  [0m] Started update of the root trust anâ€¦ for DNSSEC validation in unbound.
[[0;32m  OK  [0m] Started NTP client/server.
         Starting Hostname Service...
[[0;32m  OK  [0m] Started OpenSSH server daemon.
[[0;32m  OK  [0m] Started GSSAPI Proxy Daemon.
[[0;32m  OK  [0m] Reached target NFS client services.
[[0;32m  OK  [0m] Reached target Remote File Systems (Pre).
[[0;32m  OK  [0m] Reached target Remote File Systems.
         Starting Permit User Sessions...
[[0;32m  OK  [0m] Started Authorization Manager.
[[0;32m  OK  [0m] Started Permit User Sessions.
[[0;32m  OK  [0m] Started Command Scheduler.
         Starting Hold until boot process finishes up...
         Starting Terminate Plymouth Boot Screen...
[    7.059295] e1000: eth0 NIC Link is Up 1000 Mbps Full Duplex, Flow Control: RX
[    7.060277] IPv6: ADDRCONF(NETDEV_CHANGE): eth0: link becomes ready
[    7.390741] Spectre V2 : WARNING: Unprivileged eBPF is enabled with eIBRS on, data leaks possible via Spectre v2 BHB attacks!
[    7.392035] Spectre V2 : WARNING: Unprivileged eBPF is enabled with eIBRS on, data leaks possible via Spectre v2 BHB attacks!

CentOS Stream 8
Kernel 6.3.0-548eb516ec0f+ on an x86_64

test login: [   24.695718] memfd_create() without MFD_EXEC nor MFD_NOEXEC_SEAL, pid=332 'systemd'
[   29.206038] loop0: detected capacity change from 0 to 8192
[   29.230744]  loop0: p1 p2 p3 p4
[   29.231114] loop0: partition table partially beyond EOD, truncated
[   29.232628] loop0: p3 start 520097793 is beyond EOD, truncated
[   29.233184] loop0: p4 start 524032 is beyond EOD, truncated
[   29.235933] tpm tpm0: Operation Canceled
[   29.236757]  loop0: p1 p2 p3 p4
[   29.237082] loop0: partition table partially beyond EOD, truncated
[   29.238181] loop0: p3 start 520097793 is beyond EOD, truncated
[   29.238733] loop0: p4 start 524032 is beyond EOD, truncated
[   29.275837] loop0: detected capacity change from 0 to 8192
[   29.294261]  loop0: p1 p2 p3 p4
[   29.294447] loop0: partition table partially beyond EOD, truncated
[   29.295109] loop0: p3 start 520097793 is beyond EOD, truncated
[   29.295415] loop0: p4 start 524032 is beyond EOD, truncated
[   29.298938] tpm tpm0: Operation Canceled
[   29.300747] ------------[ cut here ]------------
[   29.301009] refcount_t: addition on 0; use-after-free.
[   29.301323] WARNING: CPU: 1 PID: 526 at lib/refcount.c:25 refcount_warn_saturate+0xe6/0x1c0
[   29.301759] Modules linked in:
[   29.301922] CPU: 1 PID: 526 Comm: repro Not tainted 6.3.0-548eb516ec0f+ #1
[   29.302300] Hardware name: QEMU Standard PC (i440FX + PIIX, 1996), BIOS rel-1.16.0-0-gd239552ce722-prebuilt.qemu.org 04/01/2014
[   29.302859] RIP: 0010:refcount_warn_saturate+0xe6/0x1c0
[   29.303135] Code: 1d 41 85 27 02 31 ff 89 de e8 b6 12 56 ff 84 db 75 97 e8 4d 11 56 ff 48 c7 c7 88 e6 9d 83 c6 05 21 85 27 02 01 e8 4a 1c 3a ff <0f> 0b e9 78 ff ff ff e8 2e 11 56 ff 0f b6 1d 0b 85 27 02 31 ff 89
[   29.304037] RSP: 0018:ffffc90000f8bcf8 EFLAGS: 00010282
[   29.304306] RAX: 0000000000000000 RBX: 0000000000000000 RCX: ffffffff811175bb
[   29.304665] RDX: 0000000000000000 RSI: ffff888013dac680 RDI: 0000000000000002
[   29.305017] RBP: ffffc90000f8bd08 R08: 0000000000000000 R09: 0000000000000001
[   29.305373] R10: 0000000000000000 R11: 0000000000000001 R12: ffff88800d4646a8
[   29.305733] R13: ffff88800d4646a8 R14: ffff888013cd6ae0 R15: ffff888007172d50
[   29.306100] FS:  0000000000000000(0000) GS:ffff88807dd00000(0000) knlGS:0000000000000000
[   29.306510] CS:  0010 DS: 0000 ES: 0000 CR0: 0000000080050033
[   29.306796] CR2: 000055f692c3b840 CR3: 000000000b4a8001 CR4: 0000000000770ee0
[   29.307148] PKRU: 55555554
[   29.307289] Call Trace:
[   29.307417]  <TASK>
[   29.307531]  kthread_stop+0x349/0x360
[   29.307726]  hwrng_unregister+0x182/0x210
[   29.307938]  tpm_chip_unregister+0x1aa/0x1d0
[   29.308164]  ? __pfx_vtpm_proxy_fops_release+0x10/0x10
[   29.308433]  vtpm_proxy_fops_release+0x8f/0xa0
[   29.308667]  __fput+0x11f/0x450
[   29.308848]  ____fput+0x1e/0x30
[   29.309023]  task_work_run+0xb6/0x120
[   29.309218]  do_exit+0x547/0x12b0
[   29.309395]  ? __this_cpu_preempt_check+0x20/0x30
[   29.309638]  ? lockdep_hardirqs_on+0x8a/0x110
[   29.309876]  do_group_exit+0x5e/0xf0
[   29.310065]  __x64_sys_exit_group+0x25/0x30
[   29.310294]  do_syscall_64+0x3b/0x90
[   29.310487]  entry_SYSCALL_64_after_hwframe+0x72/0xdc
[   29.310747] RIP: 0033:0x7ff739ba9cf6
[   29.310933] Code: Unable to access opcode bytes at 0x7ff739ba9ccc.
[   29.311236] RSP: 002b:00007ffcfd19f7e8 EFLAGS: 00000246 ORIG_RAX: 00000000000000e7
[   29.311610] RAX: ffffffffffffffda RBX: 00007ff739cb4490 RCX: 00007ff739ba9cf6
[   29.311963] RDX: 0000000000000000 RSI: 000000000000003c RDI: 0000000000000000
[   29.312313] RBP: 0000000000000000 R08: 00000000000000e7 R09: ffffffffffffff80
[   29.312667] R10: 0000000000000004 R11: 0000000000000246 R12: 00007ff739cb4490
[   29.313019] R13: 0000000000000001 R14: 00007ff739cb7e88 R15: 0000000000000000
[   29.313377]  </TASK>
[   29.313495] irq event stamp: 19485
[   29.313685] hardirqs last  enabled at (19493): [<ffffffff811e3ac1>] __up_console_sem+0x91/0xb0
[   29.314125] hardirqs last disabled at (19502): [<ffffffff811e3aa6>] __up_console_sem+0x76/0xb0
[   29.314552] softirqs last  enabled at (19154): [<ffffffff82f9a1a9>] __do_softirq+0x2d9/0x3c3
[   29.314973] softirqs last disabled at (19087): [<ffffffff81126874>] irq_exit_rcu+0xc4/0x100
[   29.315396] ---[ end trace 0000000000000000 ]---
[   29.315632] BUG: kernel NULL pointer dereference, address: 0000000000000000
[   29.315974] #PF: supervisor write access in kernel mode
[   29.316228] #PF: error_code(0x0002) - not-present page
[   29.316482] PGD 0 P4D 0 
[   29.316619] Oops: 0002 [#1] PREEMPT SMP NOPTI
[   29.316842] CPU: 1 PID: 526 Comm: repro Tainted: G        W          6.3.0-548eb516ec0f+ #1
[   29.317250] Hardware name: QEMU Standard PC (i440FX + PIIX, 1996), BIOS rel-1.16.0-0-gd239552ce722-prebuilt.qemu.org 04/01/2014
[   29.317800] RIP: 0010:kthread_stop+0xd9/0x360
[   29.318026] Code: 44 8b 63 2c 31 ff 41 81 e4 00 00 20 00 44 89 e6 e8 8c f6 16 00 45 85 e4 0f 84 81 02 00 00 e8 9e f4 16 00 4c 8b a3 40 0a 00 00 <f0> 41 80 0c 24 02 48 89 df e8 f9 f1 ff ff f0 80 4b 02 02 48 89 df
[   29.318907] RSP: 0018:ffffc90000f8bd18 EFLAGS: 00010246
[   29.319166] RAX: 0000000000000000 RBX: ffff88800d464680 RCX: ffffffff81167534
[   29.319514] RDX: 0000000000000000 RSI: ffff888013dac680 RDI: 0000000000000002
[   29.319858] RBP: ffffc90000f8bd38 R08: 0000000000000000 R09: 0000000000000001
[   29.320203] R10: 0000000000000000 R11: 0000000000000001 R12: 0000000000000000
[   29.320550] R13: ffff88800d4646a8 R14: ffff888013cd6ae0 R15: ffff888007172d50
[   29.320898] FS:  0000000000000000(0000) GS:ffff88807dd00000(0000) knlGS:0000000000000000
[   29.321288] CS:  0010 DS: 0000 ES: 0000 CR0: 0000000080050033
[   29.321572] CR2: 0000000000000000 CR3: 000000000b4a8001 CR4: 0000000000770ee0
[   29.321923] PKRU: 55555554
[   29.322062] Call Trace:
[   29.322188]  <TASK>
[   29.322299]  hwrng_unregister+0x182/0x210
[   29.322506]  tpm_chip_unregister+0x1aa/0x1d0
[   29.322730]  ? __pfx_vtpm_proxy_fops_release+0x10/0x10
[   29.322997]  vtpm_proxy_fops_release+0x8f/0xa0
[   29.323231]  __fput+0x11f/0x450
[   29.323409]  ____fput+0x1e/0x30
[   29.323584]  task_work_run+0xb6/0x120
[   29.323780]  do_exit+0x547/0x12b0
[   29.323956]  ? __this_cpu_preempt_check+0x20/0x30
[   29.324194]  ? lockdep_hardirqs_on+0x8a/0x110
[   29.324427]  do_group_exit+0x5e/0xf0
[   29.324614]  __x64_sys_exit_group+0x25/0x30
[   29.324828]  do_syscall_64+0x3b/0x90
[   29.325018]  entry_SYSCALL_64_after_hwframe+0x72/0xdc
[   29.325278] RIP: 0033:0x7ff739ba9cf6
[   29.325460] Code: Unable to access opcode bytes at 0x7ff739ba9ccc.
[   29.325763] RSP: 002b:00007ffcfd19f7e8 EFLAGS: 00000246 ORIG_RAX: 00000000000000e7
[   29.326131] RAX: ffffffffffffffda RBX: 00007ff739cb4490 RCX: 00007ff739ba9cf6
[   29.326479] RDX: 0000000000000000 RSI: 000000000000003c RDI: 0000000000000000
[   29.326827] RBP: 0000000000000000 R08: 00000000000000e7 R09: ffffffffffffff80
[   29.327181] R10: 0000000000000004 R11: 0000000000000246 R12: 00007ff739cb4490
[   29.327530] R13: 0000000000000001 R14: 00007ff739cb7e88 R15: 0000000000000000
[   29.327878]  </TASK>
[   29.327994] Modules linked in:
[   29.328156] CR2: 0000000000000000
[   29.328327] ---[ end trace 0000000000000000 ]---
[   29.328559] RIP: 0010:kthread_stop+0xd9/0x360
[   29.328786] Code: 44 8b 63 2c 31 ff 41 81 e4 00 00 20 00 44 89 e6 e8 8c f6 16 00 45 85 e4 0f 84 81 02 00 00 e8 9e f4 16 00 4c 8b a3 40 0a 00 00 <f0> 41 80 0c 24 02 48 89 df e8 f9 f1 ff ff f0 80 4b 02 02 48 89 df
[   29.329686] RSP: 0018:ffffc90000f8bd18 EFLAGS: 00010246
[   29.329951] RAX: 0000000000000000 RBX: ffff88800d464680 RCX: ffffffff81167534
[   29.330303] RDX: 0000000000000000 RSI: ffff888013dac680 RDI: 0000000000000002
[   29.330652] RBP: ffffc90000f8bd38 R08: 0000000000000000 R09: 0000000000000001
[   29.331007] R10: 0000000000000000 R11: 0000000000000001 R12: 0000000000000000
[   29.331371] R13: ffff88800d4646a8 R14: ffff888013cd6ae0 R15: ffff888007172d50
[   29.331734] FS:  0000000000000000(0000) GS:ffff88807dd00000(0000) knlGS:0000000000000000
[   29.332140] CS:  0010 DS: 0000 ES: 0000 CR0: 0000000080050033
[   29.332435] CR2: 0000000000000000 CR3: 000000000b4a8001 CR4: 0000000000770ee0
[   29.332795] PKRU: 55555554
[   29.332939] note: repro[526] exited with irqs disabled
[   29.333219] Fixing recursive fault but reboot is needed!
[   29.333492] BUG: using smp_processor_id() in preemptible [00000000] code: repro/526
[   29.333882] caller is debug_smp_processor_id+0x20/0x30
[   29.334161] CPU: 1 PID: 526 Comm: repro Tainted: G      D W          6.3.0-548eb516ec0f+ #1
[   29.334587] Hardware name: QEMU Standard PC (i440FX + PIIX, 1996), BIOS rel-1.16.0-0-gd239552ce722-prebuilt.qemu.org 04/01/2014
[   29.335156] Call Trace:
[   29.335288]  <TASK>
[   29.335405]  dump_stack_lvl+0xe0/0x110
[   29.335613]  dump_stack+0x19/0x20
[   29.335799]  check_preemption_disabled+0x16a/0x180
[   29.336054]  debug_smp_processor_id+0x20/0x30
[   29.336285]  __schedule+0x32/0xc30
[   29.336476]  ? debug_smp_processor_id+0x20/0x30
[   29.336718]  do_task_dead+0x57/0x60
[   29.336915]  make_task_dead+0x25b/0x290
[   29.337124]  rewind_stack_and_make_dead+0x17/0x20
[   29.337380] RIP: 0033:0x7ff739ba9cf6
[   29.337571] Code: Unable to access opcode bytes at 0x7ff739ba9ccc.
[   29.337887] RSP: 002b:00007ffcfd19f7e8 EFLAGS: 00000246 ORIG_RAX: 00000000000000e7
[   29.338274] RAX: ffffffffffffffda RBX: 00007ff739cb4490 RCX: 00007ff739ba9cf6
[   29.338639] RDX: 0000000000000000 RSI: 000000000000003c RDI: 0000000000000000
[   29.339000] RBP: 0000000000000000 R08: 00000000000000e7 R09: ffffffffffffff80
[   29.339360] R10: 0000000000000004 R11: 0000000000000246 R12: 00007ff739cb4490
[   29.339720] R13: 0000000000000001 R14: 00007ff739cb7e88 R15: 0000000000000000
[   29.340084]  </TASK>
[   29.340212] BUG: scheduling while atomic: repro/526/0x00000000
[   29.340511] INFO: lockdep is turned off.
[   29.340713] Modules linked in:
[   29.340876] Preemption disabled at:
[   29.340879] [<ffffffff8118b50c>] do_task_dead+0x2c/0x60
[   29.341334] CPU: 1 PID: 526 Comm: repro Tainted: G      D W          6.3.0-548eb516ec0f+ #1
[   29.341759] Hardware name: QEMU Standard PC (i440FX + PIIX, 1996), BIOS rel-1.16.0-0-gd239552ce722-prebuilt.qemu.org 04/01/2014
[   29.342327] Call Trace:
[   29.342458]  <TASK>
[   29.342575]  dump_stack_lvl+0xe0/0x110
[   29.342780]  ? do_task_dead+0x2c/0x60
[   29.342981]  dump_stack+0x19/0x20
[   29.343165]  __schedule_bug+0xb7/0xe0
[   29.343368]  __schedule+0xaa6/0xc30
[   29.343562]  ? debug_smp_processor_id+0x20/0x30
[   29.343805]  do_task_dead+0x57/0x60
[   29.344000]  make_task_dead+0x25b/0x290
[   29.344207]  rewind_stack_and_make_dead+0x17/0x20
[   29.344462] RIP: 0033:0x7ff739ba9cf6
[   29.344652] Code: Unable to access opcode bytes at 0x7ff739ba9ccc.
[   29.344964] RSP: 002b:00007ffcfd19f7e8 EFLAGS: 00000246 ORIG_RAX: 00000000000000e7
[   29.345349] RAX: ffffffffffffffda RBX: 00007ff739cb4490 RCX: 00007ff739ba9cf6
[   29.345712] RDX: 0000000000000000 RSI: 000000000000003c RDI: 0000000000000000
[   29.346072] RBP: 0000000000000000 R08: 00000000000000e7 R09: ffffffffffffff80
[   29.346437] R10: 0000000000000004 R11: 0000000000000246 R12: 00007ff739cb4490
[   29.346796] R13: 0000000000000001 R14: 00007ff739cb7e88 R15: 0000000000000000
[   29.347163]  </TASK>
