c[?7l[2J[0mSeaBIOS (version rel-1.16.0-0-gd239552ce722-prebuilt.qemu.org)


iPXE (http://ipxe.org) 00:03.0 CA00 PCI2.10 PnP PMM+7FF91000+7FEF1000 CA00
Press Ctrl-B to configure iPXE (PCI 00:03.0)...                                                                               


Booting from ROM..c[?7l[2J[    0.000000] Linux version 6.3.0-955df4f87760+ (root@p-rplp01) (gcc (GCC) 8.5.0 20210514 (Red Hat 8.5.0-18), GNU ld version 2.36.1-2.el8) #1 SMP PREEMPT_DYNAMIC Tue Apr 25 18:54:44 CST 2023
[    0.000000] Command line: console=ttyS0 root=/dev/sda earlyprintk=serial net.ifnames=0
[    0.000000] KERNEL supported cpus:
[    0.000000]   Intel GenuineIntel
[    0.000000]   AMD AuthenticAMD
[    0.000000]   Hygon HygonGenuine
[    0.000000]   Centaur CentaurHauls
[    0.000000]   zhaoxin   Shanghai  
[    0.000000] x86/fpu: Supporting XSAVE feature 0x001: 'x87 floating point registers'
[    0.000000] x86/fpu: Supporting XSAVE feature 0x002: 'SSE registers'
[    0.000000] x86/fpu: Supporting XSAVE feature 0x004: 'AVX registers'
[    0.000000] x86/fpu: Supporting XSAVE feature 0x200: 'Protection Keys User registers'
[    0.000000] x86/fpu: xstate_offset[2]:  576, xstate_sizes[2]:  256
[    0.000000] x86/fpu: xstate_offset[9]:  832, xstate_sizes[9]:    8
[    0.000000] x86/fpu: Enabled xstate features 0x207, context size is 840 bytes, using 'compacted' format.
[    0.000000] signal: max sigframe size: 3632
[    0.000000] BIOS-provided physical RAM map:
[    0.000000] BIOS-e820: [mem 0x0000000000000000-0x000000000009fbff] usable
[    0.000000] BIOS-e820: [mem 0x000000000009fc00-0x000000000009ffff] reserved
[    0.000000] BIOS-e820: [mem 0x00000000000f0000-0x00000000000fffff] reserved
[    0.000000] BIOS-e820: [mem 0x0000000000100000-0x000000007ffdffff] usable
[    0.000000] BIOS-e820: [mem 0x000000007ffe0000-0x000000007fffffff] reserved
[    0.000000] BIOS-e820: [mem 0x00000000feffc000-0x00000000feffffff] reserved
[    0.000000] BIOS-e820: [mem 0x00000000fffc0000-0x00000000ffffffff] reserved
[    0.000000] printk: bootconsole [earlyser0] enabled
[    0.000000] NX (Execute Disable) protection: active
[    0.000000] SMBIOS 2.8 present.
[    0.000000] DMI: QEMU Standard PC (i440FX + PIIX, 1996), BIOS rel-1.16.0-0-gd239552ce722-prebuilt.qemu.org 04/01/2014
[    0.000000] Hypervisor detected: KVM
[    0.000000] kvm-clock: Using msrs 4b564d01 and 4b564d00
[    0.000002] kvm-clock: using sched offset of 435287813 cycles
[    0.000398] clocksource: kvm-clock: mask: 0xffffffffffffffff max_cycles: 0x1cd42e4dffb, max_idle_ns: 881590591483 ns
[    0.001615] tsc: Detected 2918.400 MHz processor
[    0.004000] last_pfn = 0x7ffe0 max_arch_pfn = 0x400000000
[    0.004000] x86/PAT: Configuration [0-7]: WB  WC  UC- UC  WB  WP  UC- WT  
[    0.004000] found SMP MP-table at [mem 0x000f5ba0-0x000f5baf]
[    0.004000] Using GB pages for direct mapping
[    0.004000] ACPI: Early table checksum verification disabled
[    0.004000] ACPI: RSDP 0x00000000000F59C0 000014 (v00 BOCHS )
[    0.004000] ACPI: RSDT 0x000000007FFE1951 000034 (v01 BOCHS  BXPC     00000001 BXPC 00000001)
[    0.004000] ACPI: FACP 0x000000007FFE17FD 000074 (v01 BOCHS  BXPC     00000001 BXPC 00000001)
[    0.004000] ACPI: DSDT 0x000000007FFE0040 0017BD (v01 BOCHS  BXPC     00000001 BXPC 00000001)
[    0.004000] ACPI: FACS 0x000000007FFE0000 000040
[    0.004000] ACPI: APIC 0x000000007FFE1871 000080 (v01 BOCHS  BXPC     00000001 BXPC 00000001)
[    0.004000] ACPI: HPET 0x000000007FFE18F1 000038 (v01 BOCHS  BXPC     00000001 BXPC 00000001)
[    0.004000] ACPI: WAET 0x000000007FFE1929 000028 (v01 BOCHS  BXPC     00000001 BXPC 00000001)
[    0.004000] ACPI: Reserving FACP table memory at [mem 0x7ffe17fd-0x7ffe1870]
[    0.004000] ACPI: Reserving DSDT table memory at [mem 0x7ffe0040-0x7ffe17fc]
[    0.004000] ACPI: Reserving FACS table memory at [mem 0x7ffe0000-0x7ffe003f]
[    0.004000] ACPI: Reserving APIC table memory at [mem 0x7ffe1871-0x7ffe18f0]
[    0.004000] ACPI: Reserving HPET table memory at [mem 0x7ffe18f1-0x7ffe1928]
[    0.004000] ACPI: Reserving WAET table memory at [mem 0x7ffe1929-0x7ffe1950]
[    0.004000] No NUMA configuration found
[    0.004000] Faking a node at [mem 0x0000000000000000-0x000000007ffdffff]
[    0.004000] NODE_DATA(0) allocated [mem 0x7ffb5000-0x7ffdffff]
[    0.004000] Zone ranges:
[    0.004000]   DMA      [mem 0x0000000000001000-0x0000000000ffffff]
[    0.004000]   DMA32    [mem 0x0000000001000000-0x000000007ffdffff]
[    0.004000]   Normal   empty
[    0.004000]   Device   empty
[    0.004000] Movable zone start for each node
[    0.004000] Early memory node ranges
[    0.004000]   node   0: [mem 0x0000000000001000-0x000000000009efff]
[    0.004000]   node   0: [mem 0x0000000000100000-0x000000007ffdffff]
[    0.004000] Initmem setup node 0 [mem 0x0000000000001000-0x000000007ffdffff]
[    0.004000] On node 0, zone DMA: 1 pages in unavailable ranges
[    0.004000] On node 0, zone DMA: 97 pages in unavailable ranges
[    0.004000] On node 0, zone DMA32: 32 pages in unavailable ranges
[    0.004000] ACPI: PM-Timer IO Port: 0x608
[    0.004000] ACPI: LAPIC_NMI (acpi_id[0xff] dfl dfl lint[0x1])
[    0.004000] IOAPIC[0]: apic_id 0, version 17, address 0xfec00000, GSI 0-23
[    0.004000] ACPI: INT_SRC_OVR (bus 0 bus_irq 0 global_irq 2 dfl dfl)
[    0.004000] ACPI: INT_SRC_OVR (bus 0 bus_irq 5 global_irq 5 high level)
[    0.004000] ACPI: INT_SRC_OVR (bus 0 bus_irq 9 global_irq 9 high level)
[    0.004000] ACPI: INT_SRC_OVR (bus 0 bus_irq 10 global_irq 10 high level)
[    0.004000] ACPI: INT_SRC_OVR (bus 0 bus_irq 11 global_irq 11 high level)
[    0.004000] ACPI: Using ACPI (MADT) for SMP configuration information
[    0.004000] ACPI: HPET id: 0x8086a201 base: 0xfed00000
[    0.004000] TSC deadline timer available
[    0.004000] smpboot: Allowing 2 CPUs, 0 hotplug CPUs
[    0.004000] kvm-guest: KVM setup pv remote TLB flush
[    0.004000] kvm-guest: setup PV sched yield
[    0.004000] PM: hibernation: Registered nosave memory: [mem 0x00000000-0x00000fff]
[    0.004000] PM: hibernation: Registered nosave memory: [mem 0x0009f000-0x0009ffff]
[    0.004000] PM: hibernation: Registered nosave memory: [mem 0x000a0000-0x000effff]
[    0.004000] PM: hibernation: Registered nosave memory: [mem 0x000f0000-0x000fffff]
[    0.004000] [mem 0x80000000-0xfeffbfff] available for PCI devices
[    0.004000] Booting paravirtualized kernel on KVM
[    0.004000] clocksource: refined-jiffies: mask: 0xffffffff max_cycles: 0xffffffff, max_idle_ns: 7645519600211568 ns
[    0.004000] setup_percpu: NR_CPUS:8192 nr_cpumask_bits:2 nr_cpu_ids:2 nr_node_ids:1
[    0.004000] percpu: Embedded 65 pages/cpu s229376 r8192 d28672 u1048576
[    0.004000] kvm-guest: PV spinlocks enabled
[    0.004000] PV qspinlock hash table entries: 256 (order: 0, 4096 bytes, linear)
[    0.004000] Fallback order for Node 0: 0 
[    0.004000] Built 1 zonelists, mobility grouping on.  Total pages: 515808
[    0.004000] Policy zone: DMA32
[    0.004000] Kernel command line: net.ifnames=0 console=ttyS0 root=/dev/sda earlyprintk=serial net.ifnames=0
[    0.004000] random: crng init done
[    0.004000] Dentry cache hash table entries: 262144 (order: 9, 2097152 bytes, linear)
[    0.004000] Inode-cache hash table entries: 131072 (order: 8, 1048576 bytes, linear)
[    0.004000] mem auto-init: stack:off, heap alloc:off, heap free:off
[    0.004000] Memory: 1966944K/2096632K available (34816K kernel code, 4558K rwdata, 9768K rodata, 10364K init, 31912K bss, 129432K reserved, 0K cma-reserved)
[    0.004000] SLUB: HWalign=64, Order=0-3, MinObjects=0, CPUs=2, Nodes=1
[    0.004000] kmemleak: Kernel memory leak detector disabled
[    0.004000] ftrace: allocating 68594 entries in 268 pages
[    0.004000] ftrace: allocated 268 pages with 3 groups
[    0.004000] Dynamic Preempt: voluntary
[    0.004000] Running RCU self tests
[    0.004000] Running RCU synchronous self tests
[    0.004000] rcu: Preemptible hierarchical RCU implementation.
[    0.004000] rcu: 	RCU lockdep checking is enabled.
[    0.004000] rcu: 	RCU restricting CPUs from NR_CPUS=8192 to nr_cpu_ids=2.
[    0.004000] 	Trampoline variant of Tasks RCU enabled.
[    0.004000] 	Rude variant of Tasks RCU enabled.
[    0.004000] 	Tracing variant of Tasks RCU enabled.
[    0.004000] rcu: RCU calculated value of scheduler-enlistment delay is 25 jiffies.
[    0.004000] rcu: Adjusting geometry for rcu_fanout_leaf=16, nr_cpu_ids=2
[    0.004000] Running RCU synchronous self tests
[    0.004000] NR_IRQS: 524544, nr_irqs: 440, preallocated irqs: 16
[    0.004000] rcu: srcu_init: Setting srcu_struct sizes based on contention.
[    0.004000] Console: colour VGA+ 80x25
[    0.004000] printk: console [ttyS0] enabled
[    0.004000] printk: console [ttyS0] enabled
[    0.004000] printk: bootconsole [earlyser0] disabled
[    0.004000] printk: bootconsole [earlyser0] disabled
[    0.004000] Lock dependency validator: Copyright (c) 2006 Red Hat, Inc., Ingo Molnar
[    0.004000] ... MAX_LOCKDEP_SUBCLASSES:  8
[    0.004000] ... MAX_LOCK_DEPTH:          48
[    0.004000] ... MAX_LOCKDEP_KEYS:        8192
[    0.004000] ... CLASSHASH_SIZE:          4096
[    0.004000] ... MAX_LOCKDEP_ENTRIES:     32768
[    0.004000] ... MAX_LOCKDEP_CHAINS:      65536
[    0.004000] ... CHAINHASH_SIZE:          32768
[    0.004000]  memory used by lock dependency info: 6365 kB
[    0.004000]  memory used for stack traces: 4224 kB
[    0.004000]  per task-struct memory footprint: 1920 bytes
[    0.004000] ACPI: Core revision 20221020
[    0.004000] clocksource: hpet: mask: 0xffffffff max_cycles: 0xffffffff, max_idle_ns: 19112604467 ns
[    0.004000] APIC: Switch to symmetric I/O mode setup
[    0.004000] x2apic enabled
[    0.004000] Switched APIC routing to physical x2apic.
[    0.004000] kvm-guest: setup PV IPIs
[    0.004000] ..TIMER: vector=0x30 apic1=0 pin1=2 apic2=-1 pin2=-1
[    0.004000] clocksource: tsc-early: mask: 0xffffffffffffffff max_cycles: 0x2a11290c0c8, max_idle_ns: 440795344938 ns
[    0.173175] Calibrating delay loop (skipped) preset value.. 5836.80 BogoMIPS (lpj=11673600)
[    0.177180] pid_max: default: 32768 minimum: 301
[    0.177604] LSM: initializing lsm=capability,yama,integrity
[    0.178038] Yama: becoming mindful.
[    0.178454] Mount-cache hash table entries: 4096 (order: 3, 32768 bytes, linear)
[    0.179012] Mountpoint-cache hash table entries: 4096 (order: 3, 32768 bytes, linear)
[    0.180673] x86/cpu: User Mode Instruction Prevention (UMIP) activated
[    0.181953] Last level iTLB entries: 4KB 0, 2MB 0, 4MB 0
[    0.182389] Last level dTLB entries: 4KB 0, 2MB 0, 4MB 0, 1GB 0
[    0.182858] Spectre V1 : Mitigation: usercopy/swapgs barriers and __user pointer sanitization
[    0.183491] Spectre V2 : WARNING: Unprivileged eBPF is enabled with eIBRS on, data leaks possible via Spectre v2 BHB attacks!
[    0.184327] Spectre V2 : Mitigation: Enhanced / Automatic IBRS
[    0.185170] Spectre V2 : Spectre v2 / SpectreRSB mitigation: Filling RSB on context switch
[    0.185739] Spectre V2 : Spectre v2 / PBRSB-eIBRS: Retire a single CALL on VMEXIT
[    0.186259] Spectre V2 : mitigation: Enabling conditional Indirect Branch Prediction Barrier
[    0.186842] Speculative Store Bypass: Mitigation: Speculative Store Bypass disabled via prctl
[    0.187431] MMIO Stale Data: Unknown: No mitigations
[    0.301086] Freeing SMP alternatives memory: 56K
[    0.301192] Running RCU synchronous self tests
[    0.301505] Running RCU synchronous self tests
[    0.302087] smpboot: CPU0: 13th Gen Intel(R) CoreT i7-13800H (family: 0x6, model: 0xba, stepping: 0x2)
[    0.303077] cblist_init_generic: Setting adjustable number of callback queues.
[    0.303644] cblist_init_generic: Setting shift to 1 and lim to 1.
[    0.304115] cblist_init_generic: Setting shift to 1 and lim to 1.
[    0.304585] cblist_init_generic: Setting shift to 1 and lim to 1.
[    0.305050] Running RCU-tasks wait API self tests
[    0.405315] Performance Events: unsupported p6 CPU model 186 no PMU driver, software events only.
[    0.406073] rcu: Hierarchical SRCU implementation.
[    0.406398] rcu: 	Max phase no-delay instances is 1000.
[    0.407972] NMI watchdog: Perf NMI watchdog permanently disabled
[    0.408512] smp: Bringing up secondary CPUs ...
[    0.409192] x86: Booting SMP configuration:
[    0.409484] .... node  #0, CPUs:      #1
[    0.409942] smp: Brought up 1 node, 2 CPUs
[    0.409942] smpboot: Max logical packages: 1
[    0.410098] smpboot: Total of 2 processors activated (11673.60 BogoMIPS)
[    0.414240] devtmpfs: initialized
[    0.414240] x86/mm: Memory block size: 128MB
[    0.417511] Running RCU synchronous self tests
[    0.417836] Running RCU synchronous self tests
[    0.418176] clocksource: jiffies: mask: 0xffffffff max_cycles: 0xffffffff, max_idle_ns: 7645041785100000 ns
[    0.418830] futex hash table entries: 512 (order: 4, 65536 bytes, linear)
[    0.419498] pinctrl core: initialized pinctrl subsystem
[    0.421177] Callback from call_rcu_tasks_trace() invoked.
[    0.421515] 
[    0.422021] *************************************************************
[    0.422472] **     NOTICE NOTICE NOTICE NOTICE NOTICE NOTICE NOTICE    **
[    0.422920] **                                                         **
[    0.423366] **  IOMMU DebugFS SUPPORT HAS BEEN ENABLED IN THIS KERNEL  **
[    0.423810] **                                                         **
[    0.424256] ** This means that this kernel is built to expose internal **
[    0.424703] ** IOMMU data structures, which may compromise security on **
[    0.425166] ** your system.                                            **
[    0.425614] **                                                         **
[    0.426064] ** If you see this message and you are not debugging the   **
[    0.426518] ** kernel, report this immediately to your vendor!         **
[    0.426963] **                                                         **
[    0.427412] **     NOTICE NOTICE NOTICE NOTICE NOTICE NOTICE NOTICE    **
[    0.427865] *************************************************************
[    0.428352] PM: RTC time: 10:55:39, date: 2023-04-25
[    0.431431] NET: Registered PF_NETLINK/PF_ROUTE protocol family
[    0.432367] DMA: preallocated 256 KiB GFP_KERNEL pool for atomic allocations
[    0.432864] DMA: preallocated 256 KiB GFP_KERNEL|GFP_DMA pool for atomic allocations
[    0.433448] DMA: preallocated 256 KiB GFP_KERNEL|GFP_DMA32 pool for atomic allocations
[    0.434024] audit: initializing netlink subsys (disabled)
[    0.434409] audit: type=2000 audit(1682420140.576:1): state=initialized audit_enabled=0 res=1
[    0.434409] thermal_sys: Registered thermal governor 'fair_share'
[    0.434409] thermal_sys: Registered thermal governor 'bang_bang'
[    0.434806] thermal_sys: Registered thermal governor 'step_wise'
[    0.435576] thermal_sys: Registered thermal governor 'user_space'
[    0.437257] cpuidle: using governor ladder
[    0.437904] cpuidle: using governor menu
[    0.438456] acpiphp: ACPI Hot Plug PCI Controller Driver version: 0.5
[    0.439137] PCI: Using configuration type 1 for base access
[    0.441207] kprobes: kprobe jump-optimization is enabled. All kprobes are optimized if possible.
[    0.662286] HugeTLB: registered 1.00 GiB page size, pre-allocated 0 pages
[    0.662804] HugeTLB: 16380 KiB vmemmap can be freed for a 1.00 GiB page
[    0.663262] HugeTLB: registered 2.00 MiB page size, pre-allocated 0 pages
[    0.663727] HugeTLB: 28 KiB vmemmap can be freed for a 2.00 MiB page
[    0.667507] ACPI: Added _OSI(Module Device)
[    0.667826] ACPI: Added _OSI(Processor Device)
[    0.668146] ACPI: Added _OSI(3.0 _SCP Extensions)
[    0.668475] ACPI: Added _OSI(Processor Aggregator Device)
[    0.673767] ACPI: 1 ACPI AML tables successfully acquired and loaded
[    3.095048] Callback from call_rcu_tasks_rude() invoked.
[    3.098010] ACPI: Interpreter enabled
[    3.098691] ACPI: PM: (supports S0 S3 S4 S5)
[    3.099296] ACPI: Using IOAPIC for interrupt routing
[    3.100085] PCI: Using host bridge windows from ACPI; if necessary, use "pci=nocrs" and report a bug
[    3.101170] PCI: Using E820 reservations for host bridge windows
[    3.102888] ACPI: Enabled 2 GPEs in block 00 to 0F
[    3.125089] ACPI: PCI Root Bridge [PCI0] (domain 0000 [bus 00-ff])
[    3.125197] acpi PNP0A03:00: _OSC: OS supports [ASPM ClockPM Segments MSI EDR HPX-Type3]
[    3.126317] acpi PNP0A03:00: _OSC: not requesting OS control; OS requires [ExtendedConfig ASPM ClockPM MSI]
[    3.127735] acpi PNP0A03:00: fail to add MMCONFIG information, can't access extended configuration space under this bridge
[    3.132315] acpiphp: Slot [3] registered
[    3.132963] acpiphp: Slot [4] registered
[    3.133281] acpiphp: Slot [5] registered
[    3.133923] acpiphp: Slot [6] registered
[    3.134560] acpiphp: Slot [7] registered
[    3.135196] acpiphp: Slot [8] registered
[    3.135839] acpiphp: Slot [9] registered
[    3.136476] acpiphp: Slot [10] registered
[    3.137138] acpiphp: Slot [11] registered
[    3.137258] acpiphp: Slot [12] registered
[    3.137918] acpiphp: Slot [13] registered
[    3.138569] acpiphp: Slot [14] registered
[    3.139224] acpiphp: Slot [15] registered
[    3.139873] acpiphp: Slot [16] registered
[    3.140537] acpiphp: Slot [17] registered
[    3.141193] acpiphp: Slot [18] registered
[    3.141844] acpiphp: Slot [19] registered
[    3.142493] acpiphp: Slot [20] registered
[    3.143149] acpiphp: Slot [21] registered
[    3.143800] acpiphp: Slot [22] registered
[    3.144463] acpiphp: Slot [23] registered
[    3.145116] acpiphp: Slot [24] registered
[    3.145252] Callback from call_rcu_tasks() invoked.
[    3.146027] acpiphp: Slot [25] registered
[    3.146689] acpiphp: Slot [26] registered
[    3.147340] acpiphp: Slot [27] registered
[    3.147990] acpiphp: Slot [28] registered
[    3.148656] acpiphp: Slot [29] registered
[    3.149257] acpiphp: Slot [30] registered
[    3.149907] acpiphp: Slot [31] registered
[    3.150504] PCI host bridge to bus 0000:00
[    3.151085] pci_bus 0000:00: root bus resource [io  0x0000-0x0cf7 window]
[    3.152035] pci_bus 0000:00: root bus resource [io  0x0d00-0xffff window]
[    3.152975] pci_bus 0000:00: root bus resource [mem 0x000a0000-0x000bffff window]
[    3.153171] pci_bus 0000:00: root bus resource [mem 0x80000000-0xfebfffff window]
[    3.154212] pci_bus 0000:00: root bus resource [mem 0x100000000-0x17fffffff window]
[    3.155266] pci_bus 0000:00: root bus resource [bus 00-ff]
[    3.156195] pci 0000:00:00.0: [8086:1237] type 00 class 0x060000
[    3.160980] pci 0000:00:01.0: [8086:7000] type 00 class 0x060100
[    3.162249] pci 0000:00:01.1: [8086:7010] type 00 class 0x010180
[    3.165021] pci 0000:00:01.1: reg 0x20: [io  0xc040-0xc04f]
[    3.165774] pci 0000:00:01.1: legacy IDE quirk: reg 0x10: [io  0x01f0-0x01f7]
[    3.166316] pci 0000:00:01.1: legacy IDE quirk: reg 0x14: [io  0x03f6]
[    3.166808] pci 0000:00:01.1: legacy IDE quirk: reg 0x18: [io  0x0170-0x0177]
[    3.167344] pci 0000:00:01.1: legacy IDE quirk: reg 0x1c: [io  0x0376]
[    3.168103] pci 0000:00:01.3: [8086:7113] type 00 class 0x068000
[    3.168857] pci 0000:00:01.3: quirk: [io  0x0600-0x063f] claimed by PIIX4 ACPI
[    3.169174] pci 0000:00:01.3: quirk: [io  0x0700-0x070f] claimed by PIIX4 SMB
[    3.169987] pci 0000:00:02.0: [1234:1111] type 00 class 0x030000
[    3.172659] pci 0000:00:02.0: reg 0x10: [mem 0xfd000000-0xfdffffff pref]
[    3.174876] pci 0000:00:02.0: reg 0x18: [mem 0xfebf0000-0xfebf0fff]
[    3.179276] pci 0000:00:02.0: reg 0x30: [mem 0xfebe0000-0xfebeffff pref]
[    3.180513] pci 0000:00:02.0: Video device with shadowed ROM at [mem 0x000c0000-0x000dffff]
[    3.185324] pci 0000:00:03.0: [8086:100e] type 00 class 0x020000
[    3.186858] pci 0000:00:03.0: reg 0x10: [mem 0xfebc0000-0xfebdffff]
[    3.188336] pci 0000:00:03.0: reg 0x14: [io  0xc000-0xc03f]
[    3.192310] pci 0000:00:03.0: reg 0x30: [mem 0xfeb80000-0xfebbffff pref]
[    3.210852] ACPI: PCI: Interrupt link LNKA configured for IRQ 10
[    3.212198] ACPI: PCI: Interrupt link LNKB configured for IRQ 10
[    3.213499] ACPI: PCI: Interrupt link LNKC configured for IRQ 11
[    3.214788] ACPI: PCI: Interrupt link LNKD configured for IRQ 11
[    3.215833] ACPI: PCI: Interrupt link LNKS configured for IRQ 9
[    3.218145] iommu: Default domain type: Translated 
[    3.218145] iommu: DMA domain TLB invalidation policy: lazy mode 
[    3.218735] SCSI subsystem initialized
[    3.221427] ACPI: bus type USB registered
[    3.222080] usbcore: registered new interface driver usbfs
[    3.222868] usbcore: registered new interface driver hub
[    3.223624] usbcore: registered new device driver usb
[    3.225350] pps_core: LinuxPPS API ver. 1 registered
[    3.226035] pps_core: Software ver. 5.3.6 - Copyright 2005-2007 Rodolfo Giometti <giometti@linux.it>
[    3.227258] PTP clock support registered
[    3.227891] EDAC MC: Ver: 3.0.0
[    3.230827] NetLabel: Initializing
[    3.230827] NetLabel:  domain hash size = 128
[    3.230827] NetLabel:  protocols = UNLABELED CIPSOv4 CALIPSO
[    3.230827] NetLabel:  unlabeled traffic allowed by default
[    3.233311] PCI: Using ACPI for IRQ routing
[    3.234230] pci 0000:00:02.0: vgaarb: setting as boot VGA device
[    3.234230] pci 0000:00:02.0: vgaarb: bridge control possible
[    3.234816] pci 0000:00:02.0: vgaarb: VGA device added: decodes=io+mem,owns=io+mem,locks=none
[    3.237175] vgaarb: loaded
[    3.237854] hpet0: at MMIO 0xfed00000, IRQs 2, 8, 0
[    3.238581] hpet0: 3 comparators, 64-bit 100.000000 MHz counter
[    3.244565] clocksource: Switched to clocksource kvm-clock
[    3.387231] VFS: Disk quotas dquot_6.6.0
[    3.387860] VFS: Dquot-cache hash table entries: 512 (order 0, 4096 bytes)
[    3.389262] pnp: PnP ACPI init
[    3.391418] pnp: PnP ACPI: found 6 devices
[    3.405259] clocksource: acpi_pm: mask: 0xffffff max_cycles: 0xffffff, max_idle_ns: 2085701024 ns
[    3.406269] NET: Registered PF_INET protocol family
[    3.406728] IP idents hash table entries: 32768 (order: 6, 262144 bytes, linear)
[    3.408186] tcp_listen_portaddr_hash hash table entries: 1024 (order: 4, 73728 bytes, linear)
[    3.408840] Table-perturb hash table entries: 65536 (order: 6, 262144 bytes, linear)
[    3.409497] TCP established hash table entries: 16384 (order: 5, 131072 bytes, linear)
[    3.410269] TCP bind hash table entries: 16384 (order: 9, 2359296 bytes, linear)
[    3.415969] TCP: Hash tables configured (established 16384 bind 16384)
[    3.416573] UDP hash table entries: 1024 (order: 5, 163840 bytes, linear)
[    3.417119] UDP-Lite hash table entries: 1024 (order: 5, 163840 bytes, linear)
[    3.417805] NET: Registered PF_UNIX/PF_LOCAL protocol family
[    3.418843] RPC: Registered named UNIX socket transport module.
[    3.419305] RPC: Registered udp transport module.
[    3.419657] RPC: Registered tcp transport module.
[    3.420010] RPC: Registered tcp NFSv4.1 backchannel transport module.
[    3.420510] pci_bus 0000:00: resource 4 [io  0x0000-0x0cf7 window]
[    3.420973] pci_bus 0000:00: resource 5 [io  0x0d00-0xffff window]
[    3.421450] pci_bus 0000:00: resource 6 [mem 0x000a0000-0x000bffff window]
[    3.421974] pci_bus 0000:00: resource 7 [mem 0x80000000-0xfebfffff window]
[    3.422485] pci_bus 0000:00: resource 8 [mem 0x100000000-0x17fffffff window]
[    3.423236] pci 0000:00:01.0: PIIX3: Enabling Passive Release
[    3.423675] pci 0000:00:00.0: Limiting direct PCI/PCI transfers
[    3.424220] PCI: CLS 0 bytes, default 64
[    3.424566] ACPI: bus type thunderbolt registered
[    3.425210] clocksource: tsc: mask: 0xffffffffffffffff max_cycles: 0x2a11290c0c8, max_idle_ns: 440795344938 ns
[    3.433561] Initialise system trusted keyrings
[    3.433996] Key type blacklist registered
[    3.434608] workingset: timestamp_bits=36 max_order=19 bucket_order=0
[    3.435594] zbud: loaded
[    3.436998] squashfs: version 4.0 (2009/01/31) Phillip Lougher
[    3.438772] NFS: Registering the id_resolver key type
[    3.439216] Key type id_resolver registered
[    3.439538] Key type id_legacy registered
[    3.439869] nfs4filelayout_init: NFSv4 File Layout Driver Registering...
[    3.440459] nfs4flexfilelayout_init: NFSv4 Flexfile Layout Driver Registering...
[    3.441233] fuse: init (API version 7.38)
[    3.441780] SGI XFS with ACLs, security attributes, realtime, quota, no debug enabled
[    3.442870] 9p: Installing v9fs 9p2000 file system support
[    3.450222] Key type asymmetric registered
[    3.450553] Asymmetric key parser 'x509' registered
[    3.450976] Block layer SCSI generic (bsg) driver version 0.4 loaded (major 243)
[    3.451718] io scheduler mq-deadline registered
[    3.452103] io scheduler bfq registered
[    3.452862] shpchp: Standard Hot Plug PCI Controller Driver version: 0.4
[    3.453787] IPMI message handler: version 39.2
[    3.454178] ipmi device interface
[    3.455950] input: Power Button as /devices/LNXSYSTM:00/LNXPWRBN:00/input/input0
[    3.456806] ACPI: button: Power Button [PWRF]
[    3.458092] ERST DBG: ERST support is disabled.
[    3.459069] Serial: 8250/16550 driver, 32 ports, IRQ sharing enabled
[    3.460091] 00:04: ttyS0 at I/O 0x3f8 (irq = 4, base_baud = 115200) is a 16550A
[    3.469333] Linux agpgart interface v0.103
[    3.470630] ACPI: bus type drm_connector registered
[    3.493373] brd: module loaded
[    3.500190] loop: module loaded
[    3.505569] scsi host0: ata_piix
[    3.506739] scsi host1: ata_piix
[    3.507424] ata1: PATA max MWDMA2 cmd 0x1f0 ctl 0x3f6 bmdma 0xc040 irq 14
[    3.508342] ata2: PATA max MWDMA2 cmd 0x170 ctl 0x376 bmdma 0xc048 irq 15
[    3.511167] tun: Universal TUN/TAP device driver, 1.6
[    3.512149] e100: Intel(R) PRO/100 Network Driver
[    3.512795] e100: Copyright(c) 1999-2006 Intel Corporation
[    3.513663] e1000: Intel(R) PRO/1000 Network Driver
[    3.514030] e1000: Copyright (c) 1999-2006 Intel Corporation.
[    3.669445] ata1: found unknown device (class 0)
[    3.670852] ata1.00: ATA-7: QEMU HARDDISK, 2.5+, max UDMA/100
[    3.671632] ata1.00: 16777216 sectors, multi 16: LBA48 
[    3.673517] scsi 0:0:0:0: Direct-Access     ATA      QEMU HARDDISK    2.5+ PQ: 0 ANSI: 5
[    3.675874] scsi 0:0:0:0: Attached scsi generic sg0 type 0
[    3.676970] ata2: found unknown device (class 0)
[    3.678632] sd 0:0:0:0: [sda] 16777216 512-byte logical blocks: (8.59 GB/8.00 GiB)
[    3.680010] ata2.00: ATAPI: QEMU DVD-ROM, 2.5+, max UDMA/100
[    3.681034] sd 0:0:0:0: [sda] Write Protect is off
[    3.682334] sd 0:0:0:0: [sda] Write cache: enabled, read cache: enabled, doesn't support DPO or FUA
[    3.683731] scsi 1:0:0:0: CD-ROM            QEMU     QEMU DVD-ROM     2.5+ PQ: 0 ANSI: 5
[    3.683789] sd 0:0:0:0: [sda] Preferred minimum I/O size 512 bytes
[    3.689908] ACPI: \_SB_.LNKC: Enabled at IRQ 11
[    3.702207] scsi 1:0:0:0: Attached scsi generic sg1 type 5
[    3.704232] sd 0:0:0:0: [sda] Attached SCSI disk
[    4.014313] e1000 0000:00:03.0 eth0: (PCI:33MHz:32-bit) 52:54:00:12:34:56
[    4.015258] e1000 0000:00:03.0 eth0: Intel(R) PRO/1000 Network Connection
[    4.016251] e1000e: Intel(R) PRO/1000 Network Driver
[    4.016900] e1000e: Copyright(c) 1999 - 2015 Intel Corporation.
[    4.017783] igb: Intel(R) Gigabit Ethernet Network Driver
[    4.018488] igb: Copyright (c) 2007-2014 Intel Corporation.
[    4.019348] PPP generic driver version 2.4.2
[    4.021231] VFIO - User Level meta-driver version: 0.3
[    4.022578] usbcore: registered new interface driver uas
[    4.023318] usbcore: registered new interface driver usb-storage
[    4.024311] i8042: PNP: PS/2 Controller [PNP0303:KBD,PNP0f13:MOU] at 0x60,0x64 irq 1,12
[    4.026306] serio: i8042 KBD port at 0x60,0x64 irq 1
[    4.027008] serio: i8042 AUX port at 0x60,0x64 irq 12
[    4.028656] mousedev: PS/2 mouse device common for all mice
[    4.030824] input: AT Translated Set 2 keyboard as /devices/platform/i8042/serio0/input/input1
[    4.032174] rtc_cmos 00:05: RTC can wake from S4
[    4.033911] input: VirtualPS/2 VMware VMMouse as /devices/platform/i8042/serio1/input/input4
[    4.034611] rtc_cmos 00:05: registered as rtc0
[    4.035771] rtc_cmos 00:05: setting system clock to 2023-04-25T10:55:43 UTC (1682420143)
[    4.035804] input: VirtualPS/2 VMware VMMouse as /devices/platform/i8042/serio1/input/input3
[    4.038153] rtc_cmos 00:05: alarms up to one day, y3k, 242 bytes nvram, hpet irqs
[    4.039164] i2c_dev: i2c /dev entries driver
[    4.039793] device-mapper: core: CONFIG_IMA_DISABLE_HTABLE is disabled. Duplicate IMA measurements will not be recorded in the IMA log.
[    4.041383] device-mapper: uevent: version 1.0.3
[    4.042240] device-mapper: ioctl: 4.47.0-ioctl (2022-07-28) initialised: dm-devel@redhat.com
[    4.043336] intel_pstate: CPU model not supported
[    4.044068] sdhci: Secure Digital Host Controller Interface driver
[    4.044871] sdhci: Copyright(c) Pierre Ossman
[    4.045587] sdhci-pltfm: SDHCI platform and OF driver helper
[    4.046460] ledtrig-cpu: registered to indicate activity on CPUs
[    4.047722] drop_monitor: Initializing network drop monitor service
[    4.048801] NET: Registered PF_INET6 protocol family
[    4.053382] Segment Routing with IPv6
[    4.053942] In-situ OAM (IOAM) with IPv6
[    4.054541] NET: Registered PF_PACKET protocol family
[    4.055521] 9pnet: Installing 9P2000 support
[    4.056178] Key type dns_resolver registered
[    4.057766] IPI shorthand broadcast: enabled
[    4.076180] sched_clock: Marking stable (3908004177, 165161645)->(4131979759, -58813937)
[    4.078160] registered taskstats version 1
[    4.079076] Loading compiled-in X.509 certificates
[    4.079944] zswap: loaded using pool lzo/zbud
[    4.100259] Key type .fscrypt registered
[    4.100804] Key type fscrypt-provisioning registered
[    4.103293] Key type encrypted registered
[    4.103903] ima: No TPM chip found, activating TPM-bypass!
[    4.104651] ima: Allocated hash algorithm: sha1
[    4.105337] ima: No architecture policies found
[    4.106050] evm: Initialising EVM extended attributes:
[    4.106740] evm: security.selinux
[    4.107192] evm: security.SMACK64
[    4.107644] evm: security.SMACK64EXEC
[    4.108139] evm: security.SMACK64TRANSMUTE
[    4.108691] evm: security.SMACK64MMAP
[    4.109200] evm: security.apparmor
[    4.109671] evm: security.ima
[    4.110078] evm: security.capability
[    4.110564] evm: HMAC attrs: 0x1
[    4.112678] PM:   Magic number: 3:816:932
[    4.113760] RAS: Correctable Errors collector initialized.
[    4.116212] md: Waiting for all devices to be available before autodetect
[    4.116826] md: If you don't use raid, use raid=noautodetect
[    4.117385] md: Autodetecting RAID arrays.
[    4.117779] md: autorun ...
[    4.118046] md: ... autorun DONE.
[    4.138791] EXT4-fs (sda): mounted filesystem 23a53bb9-f815-47a5-b74c-5e08f7731193 with ordered data mode. Quota mode: none.
[    4.139876] VFS: Mounted root (ext4 filesystem) readonly on device 8:0.
[    4.143458] devtmpfs: mounted
[    4.148793] Freeing unused decrypted memory: 2036K
[    4.157110] Freeing unused kernel image (initmem) memory: 10364K
[    4.157753] Write protecting the kernel read-only data: 45056k
[    4.160248] Freeing unused kernel image (rodata/data gap) memory: 472K
[    4.287509] x86/mm: Checked W+X mappings: passed, no W+X pages found.
[    4.288128] Run /sbin/init as init process
[    4.430251] systemd[1]: RTC configured in localtime, applying delta of 0 minutes to system time.
[    4.460258] systemd[1]: systemd 239 (239-49.el8) running in system mode. (+PAM +AUDIT +SELINUX +IMA -APPARMOR +SMACK +SYSVINIT +UTMP +LIBCRYPTSETUP +GCRYPT +GNUTLS +ACL +XZ +LZ4 +SECCOMP +BLKID +ELFUTILS +KMOD +IDN2 -IDN +PCRE2 default-hierarchy=legacy)
[    4.461556] systemd[1]: Detected virtualization kvm.
[    4.461827] systemd[1]: Detected architecture x86-64.

Welcome to [0;31mCentOS Stream 8[0m!

[    4.558192] systemd[1]: Set hostname to <test>.
[    4.850954] systemd[1]: Listening on Device-mapper event daemon FIFOs.
[[0;32m  OK  [0m] Listening on Device-mapper event daemon FIFOs.
[    4.852142] systemd[1]: Listening on udev Kernel Socket.
[[0;32m  OK  [0m] Listening on udev Kernel Socket.
[    4.852985] systemd[1]: Started Forward Password Requests to Wall Directory Watch.
[[0;32m  OK  [0m] Started Forward Password Requests to Wall Directory Watch.
[    4.854467] systemd[1]: Set up automount Arbitrary Executable File Formats File System Automount Point.
[[0;32m  OK  [0m] Set up automount Arbitrary Executabâ€¦rmats File System Automount Point.
[    4.861856] systemd[1]: Listening on Process Core Dump Socket.
[[0;32m  OK  [0m] Listening on Process Core Dump Socket.
[    4.862816] systemd[1]: Listening on LVM2 poll daemon socket.
[[0;32m  OK  [0m] Listening on LVM2 poll daemon socket.
[[0;32m  OK  [0m] Listening on multipathd control socket.
[[0;32m  OK  [0m] Created slice system-getty.slice.
[[0;32m  OK  [0m] Listening on udev Control Socket.
[[0;32m  OK  [0m] Created slice system-sshd\x2dkeygen.slice.
[[0;32m  OK  [0m] Created slice User and Session Slice.
[[0;32m  OK  [0m] Reached target Slices.
[[0;32m  OK  [0m] Created slice system-serial\x2dgetty.slice.
[[0;32m  OK  [0m] Listening on Journal Socket (/dev/log).
[[0;32m  OK  [0m] Listening on Journal Socket.
         Mounting Kernel Debug File System...
         Starting udev Coldplug all Devices...
         Starting Setup Virtual Console...
         Starting Remount Root and Kernel File Systems...
         Starting Monitoring of LVM2 mirrorsâ€¦ng dmeventd or progress polling...
         Starting Load Kernel Modules...
         Starting Journal Service...
         Mounting POSIX Message Queue File System...
[[0;32m  OK  [0m] Reached target Swap.
[[0;32m  OK  [0m] Listening on initctl Compatibility Named Pipe.
[[0;32m  OK  [0m] Listening on RPCbind Server Activation Socket.
[[0;32m  OK  [0m] Reached target RPC Port Mapper.
         Mounting Huge Pages File System...
[[0;32m  OK  [0m] Mounted Kernel Debug File System.
[    5.353749] EXT4-fs (sda): re-mounted 23a53bb9-f815-47a5-b74c-5e08f7731193. Quota mode: none.
[[0;32m  OK  [0m] Started Journal Service.
[[0;32m  OK  [0m] Started Remount Root and Kernel File Systems.
[[0;1;31mFAILED[0m] Failed to start Load Kernel Modules.
See 'systemctl status systemd-modules-load.service' for details.
[[0;32m  OK  [0m] Started Setup Virtual Console.
[[0;32m  OK  [0m] Mounted POSIX Message Queue File System.
[[0;32m  OK  [0m] Mounted Huge Pages File System.
         Mounting FUSE Control File System...
         Starting Apply Kernel Variables...
         Mounting Kernel Configuration File System...
         Starting Load/Save Random Seed...
         Starting Create Static Device Nodes in /dev...
         Starting Flush Journal to Persistent Storage...
[[0;32m  OK  [0m] Mounted FUSE Control File System.
[[0;32m  OK  [0m] Started Apply Kernel Variables.
[[0;32m  OK  [0m] Mounted Kernel Configuration File System.
[[0;32m  OK  [0m] Started Load/Save Random Seed.
[[0;32m  OK  [0m] Started Create Static Device Nodes in /dev.
         Starting udev Kernel Device Manager...
[[0;32m  OK  [0m] Started udev Coldplug all Devices.
[[0;32m  OK  [0m] Started Flush Journal to Persistent Storage.
         Starting udev Wait for Complete Device Initialization...
[[0;32m  OK  [0m] Started udev Kernel Device Manager.
         Starting Show Plymouth Boot Screen...
[[0;32m  OK  [0m] Started Show Plymouth Boot Screen.
[[0;32m  OK  [0m] Reached target Paths.
[[0;32m  OK  [0m] Reached target Local Encrypted Volumes.
[[0;32m  OK  [0m] Started Forward Password Requests to Plymouth Directory Watch.
[[0;32m  OK  [0m] Found device /dev/ttyS0.
[[0;32m  OK  [0m] Started Monitoring of LVM2 mirrors,â€¦sing dmeventd or progress polling.
[[0;32m  OK  [0m] Started udev Wait for Complete Device Initialization.
[[0;32m  OK  [0m] Listening on Load/Save RF Kill Switch Status /dev/rfkill Watch.
[[0;32m  OK  [0m] Reached target Local File Systems (Pre).
[[0;32m  OK  [0m] Reached target Local File Systems.
         Starting Restore /run/initramfs on shutdown...
         Starting Create Volatile Files and Directories...
         Starting Tell Plymouth To Write Out Runtime Data...
[[0;32m  OK  [0m] Started Restore /run/initramfs on shutdown.
[[0;32m  OK  [0m] Started Tell Plymouth To Write Out Runtime Data.
[[0;32m  OK  [0m] Started Create Volatile Files and Directories.
         Starting Security Auditing Service...
         Mounting RPC Pipe File System...
         Starting RPC Bind...
[[0;32m  OK  [0m] Mounted RPC Pipe File System.
[[0;32m  OK  [0m] Reached target rpc_pipefs.target.
[[0;32m  OK  [0m] Started RPC Bind.
[[0;32m  OK  [0m] Started Security Auditing Service.
         Starting Update UTMP about System Boot/Shutdown...
[[0;32m  OK  [0m] Started Update UTMP about System Boot/Shutdown.
[[0;32m  OK  [0m] Reached target System Initialization.
[[0;32m  OK  [0m] Listening on SSSD Kerberos Cache Manager responder socket.
[[0;32m  OK  [0m] Started dnf makecache --timer.
[[0;32m  OK  [0m] Started Daily Cleanup of Temporary Directories.
[[0;32m  OK  [0m] Started daily update of the root trust anchor for DNSSEC.
[[0;32m  OK  [0m] Reached target Timers.
[[0;32m  OK  [0m] Listening on D-Bus System Message Bus Socket.
[[0;32m  OK  [0m] Reached target Sockets.
[[0;32m  OK  [0m] Reached target Basic System.
[[0;32m  OK  [0m] Started D-Bus System Message Bus.
[[0;32m  OK  [0m] Started Machine Check Exception Logging Daemon.
         Starting NTP client/server...
[[0;32m  OK  [0m] Started irqbalance daemon.
         Starting Self Monitoring and Reporting Technology (SMART) Daemon...
         Starting Authorization Manager...
         Starting Network Manager...
[[0;32m  OK  [0m] Reached target sshd-keygen.target.
         Starting Login Service...
         Starting Auto-connect to subsystemsâ€¦-NVME devices found during boot...
         Starting update of the root trust aâ€¦or DNSSEC validation in unbound...
[[0;32m  OK  [0m] Started Self Monitoring and Reporting Technology (SMART) Daemon.
[[0;32m  OK  [0m] Started Auto-connect to subsystems â€¦FC-NVME devices found during boot.
[[0;32m  OK  [0m] Started Login Service.
[[0;32m  OK  [0m] Started NTP client/server.
[[0;32m  OK  [0m] Started update of the root trust anâ€¦ for DNSSEC validation in unbound.
[[0;32m  OK  [0m] Started Network Manager.
         Starting Network Manager Wait Online...
[[0;32m  OK  [0m] Reached target Network.
         Starting Dynamic System Tuning Daemon...
         Starting OpenSSH server daemon...
         Starting GSSAPI Proxy Daemon...
[[0;32m  OK  [0m] Started Authorization Manager.
         Starting Hostname Service...
[[0;32m  OK  [0m] Started OpenSSH server daemon.
[[0;32m  OK  [0m] Started GSSAPI Proxy Daemon.
[[0;32m  OK  [0m] Reached target NFS client services.
[[0;32m  OK  [0m] Reached target Remote File Systems (Pre).
[[0;32m  OK  [0m] Reached target Remote File Systems.
         Starting Permit User Sessions...
[[0;32m  OK  [0m] Started Permit User Sessions.
[[0;32m  OK  [0m] Started Command Scheduler.
         Starting Terminate Plymouth Boot Screen...
         Starting Hold until boot process finishes up...
[    7.586981] e1000: eth0 NIC Link is Up 1000 Mbps Full Duplex, Flow Control: RX
[    7.587777] IPv6: ADDRCONF(NETDEV_CHANGE): eth0: link becomes ready
[    7.860977] Spectre V2 : WARNING: Unprivileged eBPF is enabled with eIBRS on, data leaks possible via Spectre v2 BHB attacks!
[    7.861594] Spectre V2 : WARNING: Unprivileged eBPF is enabled with eIBRS on, data leaks possible via Spectre v2 BHB attacks!

CentOS Stream 8
Kernel 6.3.0-955df4f87760+ on an x86_64

test login: [   24.428259] memfd_create() without MFD_EXEC nor MFD_NOEXEC_SEAL, pid=334 'systemd'
[   28.285439] loop0: detected capacity change from 0 to 8192
[   28.297829]  loop0: p1 p2 p3 p4
[   28.298197] loop0: partition table partially beyond EOD, truncated
[   28.299631] loop0: p3 start 520097793 is beyond EOD, truncated
[   28.300182] loop0: p4 start 524032 is beyond EOD, truncated
[   28.302320]  loop0: p1 p2 p3 p4
[   28.302511] loop0: partition table partially beyond EOD, truncated
[   28.302636] tpm tpm0: Operation Canceled
[   28.303653] loop0: p3 start 520097793 is beyond EOD, truncated
[   28.303970] loop0: p4 start 524032 is beyond EOD, truncated
[   28.318203] I/O error, dev loop0, sector 8064 op 0x0:(READ) flags 0x80700 phys_seg 1 prio class 2
[   28.376651] loop0: detected capacity change from 0 to 8192
[   28.397469]  loop0: p1 p2 p3 p4
[   28.397800] loop0: partition table partially beyond EOD, truncated
[   28.398943] loop0: p3 start 520097793 is beyond EOD, truncated
[   28.399494] loop0: p4 start 524032 is beyond EOD, truncated
[   28.402370]  loop0: p1 p2 p3 p4
[   28.402699] loop0: partition table partially beyond EOD, truncated
[   28.402712] tpm tpm0: Operation Canceled
[   28.404250] loop0: p3 start 520097793 is beyond EOD, truncated
[   28.404809] loop0: p4 start 524032 is beyond EOD, truncated
[   28.466455] loop0: detected capacity change from 0 to 8192
[   28.477799]  loop0: p1 p2 p3 p4
[   28.477998] loop0: partition table partially beyond EOD, truncated
[   28.478847] loop0: p3 start 520097793 is beyond EOD, truncated
[   28.479181] loop0: p4 start 524032 is beyond EOD, truncated
[   28.483295]  loop0: p1 p2 p3 p4
[   28.483643] loop0: partition table partially beyond EOD, truncated
[   28.484707] loop0: p3 start 520097793 is beyond EOD, truncated
[   28.485307] loop0: p4 start 524032 is beyond EOD, truncated
[   28.553657] loop0: detected capacity change from 0 to 8192
[   28.569634]  loop0: p1 p2 p3 p4
[   28.569971] loop0: partition table partially beyond EOD, truncated
[   28.570976] loop0: p3 start 520097793 is beyond EOD, truncated
[   28.571528] loop0: p4 start 524032 is beyond EOD, truncated
[   28.573230] tpm tpm0: Operation Canceled
[   28.593591] I/O error, dev loop0, sector 0 op 0x0:(READ) flags 0x0 phys_seg 1 prio class 2
[   28.594482] Buffer I/O error on dev loop0, logical block 0, async page read
[   28.595148] ldm_validate_partition_table(): Disk read failed.
[   28.595684] Dev loop0: unable to read RDB block 0
[   28.596127]  loop0: unable to read partition table
[   28.596583] loop0: partition table beyond EOD, truncated
[   28.647700] loop0: detected capacity change from 0 to 8192
[   28.661581]  loop0: p1 p2 p3 p4
[   28.661847] loop0: partition table partially beyond EOD, truncated
[   28.663815] loop0: p3 start 520097793 is beyond EOD, truncated
[   28.664378] loop0: p4 start 524032 is beyond EOD, truncated
[   28.666248]  loop0: p1 p2 p3 p4
[   28.666445] loop0: partition table partially beyond EOD, truncated
[   28.666791] tpm tpm0: Operation Canceled
[   28.667065] loop0: p3 start 520097793 is beyond EOD, truncated
[   28.667485] loop0: p4 start 524032 is beyond EOD, truncated
[   28.690158] I/O error, dev loop0, sector 8064 op 0x0:(READ) flags 0x80700 phys_seg 1 prio class 2
[   28.733089] loop0: detected capacity change from 0 to 8192
[   28.741841]  loop0: p1 p2 p3 p4
[   28.742161] loop0: partition table partially beyond EOD, truncated
[   28.743185] loop0: p3 start 520097793 is beyond EOD, truncated
[   28.743729] loop0: p4 start 524032 is beyond EOD, truncated
[   28.745850] tpm tpm0: Operation Canceled
[   28.758009] I/O error, dev loop0, sector 8064 op 0x0:(READ) flags 0x80700 phys_seg 1 prio class 2
[   28.802372] loop0: detected capacity change from 0 to 8192
[   28.829706]  loop0: p1 p2 p3 p4
[   28.829898] loop0: partition table partially beyond EOD, truncated
[   28.830561] loop0: p3 start 520097793 is beyond EOD, truncated
[   28.830871] loop0: p4 start 524032 is beyond EOD, truncated
[   28.833102]  loop0: p1 p2 p3 p4
[   28.833325] loop0: partition table partially beyond EOD, truncated
[   28.834035] loop0: p3 start 520097793 is beyond EOD, truncated
[   28.834476] loop0: p4 start 524032 is beyond EOD, truncated
[   28.875056] loop0: detected capacity change from 0 to 8192
[   28.889642]  loop0: p1 p2 p3 p4
[   28.889844] loop0: partition table partially beyond EOD, truncated
[   28.890486] loop0: p3 start 520097793 is beyond EOD, truncated
[   28.890792] loop0: p4 start 524032 is beyond EOD, truncated
[   28.892744]  loop0: p1 p2 p3 p4
[   28.892943] loop0: partition table partially beyond EOD, truncated
[   28.894472] loop0: p3 start 520097793 is beyond EOD, truncated
[   28.894796] loop0: p4 start 524032 is beyond EOD, truncated
[   28.929057] loop0: detected capacity change from 0 to 8192
[   28.941858]  loop0: p1 p2 p3 p4
[   28.942040] loop0: partition table partially beyond EOD, truncated
[   28.942656] loop0: p3 start 520097793 is beyond EOD, truncated
[   28.942978] loop0: p4 start 524032 is beyond EOD, truncated
[   28.944804]  loop0: p1 p2 p3 p4
[   28.945005] loop0: partition table partially beyond EOD, truncated
[   28.946282] loop0: p3 start 520097793 is beyond EOD, truncated
[   28.946599] loop0: p4 start 524032 is beyond EOD, truncated
[   28.961763] I/O error, dev loop0, sector 8064 op 0x0:(READ) flags 0x80700 phys_seg 1 prio class 2
[   28.997296] loop0: detected capacity change from 0 to 8192
[   29.009631]  loop0: p1 p2 p3 p4
[   29.009808] loop0: partition table partially beyond EOD, truncated
[   29.010397] loop0: p3 start 520097793 is beyond EOD, truncated
[   29.010707] loop0: p4 start 524032 is beyond EOD, truncated
[   29.014163]  loop0: p1 p2 p3 p4
[   29.014354] loop0: partition table partially beyond EOD, truncated
[   29.015590] loop0: p3 start 520097793 is beyond EOD, truncated
[   29.015905] loop0: p4 start 524032 is beyond EOD, truncated
[   29.038804] loop0: detected capacity change from 0 to 8192
[   29.053666]  loop0: p1 p2 p3 p4
[   29.053852] loop0: partition table partially beyond EOD, truncated
[   29.055306] loop0: p3 start 520097793 is beyond EOD, truncated
[   29.055620] loop0: p4 start 524032 is beyond EOD, truncated
[   29.057157] tpm tpm0: Operation Canceled
[   29.095645] loop0: detected capacity change from 0 to 8192
[   29.101746]  loop0: p1 p2 p3 p4
[   29.101917] loop0: partition table partially beyond EOD, truncated
[   29.102487] loop0: p3 start 520097793 is beyond EOD, truncated
[   29.102789] loop0: p4 start 524032 is beyond EOD, truncated
[   29.104155] tpm tpm0: Operation Canceled
[   29.104647]  loop0: p1 p2 p3 p4
[   29.104836] loop0: partition table partially beyond EOD, truncated
[   29.106197] loop0: p3 start 520097793 is beyond EOD, truncated
[   29.106510] loop0: p4 start 524032 is beyond EOD, truncated
[   29.121617] I/O error, dev loop0, sector 8064 op 0x0:(READ) flags 0x80700 phys_seg 1 prio class 2
[   29.142878] loop0: detected capacity change from 0 to 8192
[   29.162617]  loop0: p1 p2 p3 p4
[   29.162786] loop0: partition table partially beyond EOD, truncated
[   29.163575] loop0: p3 start 520097793 is beyond EOD, truncated
[   29.163885] loop0: p4 start 524032 is beyond EOD, truncated
[   29.169179] tpm tpm0: Operation Canceled
[   29.211912] loop0: detected capacity change from 0 to 8192
[   29.217600]  loop0: p1 p2 p3 p4
[   29.217779] loop0: partition table partially beyond EOD, truncated
[   29.218352] loop0: p3 start 520097793 is beyond EOD, truncated
[   29.218641] loop0: p4 start 524032 is beyond EOD, truncated
[   29.220123] tpm tpm0: Operation Canceled
[   29.220474]  loop0: p1 p2 p3 p4
[   29.220660] loop0: partition table partially beyond EOD, truncated
[   29.221658] loop0: p3 start 520097793 is beyond EOD, truncated
[   29.221953] loop0: p4 start 524032 is beyond EOD, truncated
[   29.256303] loop0: detected capacity change from 0 to 8192
[   29.270157]  loop0: p1 p2 p3 p4
[   29.270416] loop0: partition table partially beyond EOD, truncated
[   29.273570] loop0: p3 start 520097793 is beyond EOD, truncated
[   29.273881] loop0: p4 start 524032 is beyond EOD, truncated
[   29.275410] tpm tpm0: Operation Canceled
[   29.276133]  loop0: p1 p2 p3 p4
[   29.276310] loop0: partition table partially beyond EOD, truncated
[   29.276848] loop0: p3 start 520097793 is beyond EOD, truncated
[   29.277136] loop0: p4 start 524032 is beyond EOD, truncated
[   29.327038] loop0: detected capacity change from 0 to 8192
[   29.334637]  loop0: p1 p2 p3 p4
[   29.334963] loop0: partition table partially beyond EOD, truncated
[   29.336160] loop0: p3 start 520097793 is beyond EOD, truncated
[   29.336700] loop0: p4 start 524032 is beyond EOD, truncated
[   29.339023] tpm tpm0: Operation Canceled
[   29.339505]  loop0: p1 p2 p3 p4
[   29.339832] loop0: partition table partially beyond EOD, truncated
[   29.340871] loop0: p3 start 520097793 is beyond EOD, truncated
[   29.341446] loop0: p4 start 524032 is beyond EOD, truncated
[   29.362475] loop0: detected capacity change from 0 to 8192
[   29.378164]  loop0: p1 p2 p3 p4
[   29.378349] loop0: partition table partially beyond EOD, truncated
[   29.379045] loop0: p3 start 520097793 is beyond EOD, truncated
[   29.379365] loop0: p4 start 524032 is beyond EOD, truncated
[   29.380889]  loop0: p1 p2 p3 p4
[   29.381259] loop0: partition table partially beyond EOD, truncated
[   29.382697] loop0: p3 start 520097793 is beyond EOD, truncated
[   29.383258] loop0: p4 start 524032 is beyond EOD, truncated
[   29.401517] loop0: detected capacity change from 0 to 8192
[   29.417561]  loop0: p1 p2 p3 p4
[   29.417759] loop0: partition table partially beyond EOD, truncated
[   29.418436] loop0: p3 start 520097793 is beyond EOD, truncated
[   29.418755] loop0: p4 start 524032 is beyond EOD, truncated
[   29.422096] tpm tpm0: Operation Canceled
[   29.433531] I/O error, dev loop0, sector 8064 op 0x0:(READ) flags 0x80700 phys_seg 1 prio class 2
[   29.478440] loop0: detected capacity change from 0 to 8192
[   29.489938]  loop0: p1 p2 p3 p4
[   29.490268] loop0: partition table partially beyond EOD, truncated
[   29.491555] loop0: p3 start 520097793 is beyond EOD, truncated
[   29.492107] loop0: p4 start 524032 is beyond EOD, truncated
[   29.493961] tpm tpm0: Operation Canceled
[   29.509945] I/O error, dev loop0, sector 8064 op 0x0:(READ) flags 0x80700 phys_seg 1 prio class 2
[   29.548980] loop0: detected capacity change from 0 to 8192
[   29.569435]  loop0: p1 p2 p3 p4
[   29.569766] loop0: partition table partially beyond EOD, truncated
[   29.574145] loop0: p3 start 520097793 is beyond EOD, truncated
[   29.574724] loop0: p4 start 524032 is beyond EOD, truncated
[   29.576968]  loop0: p1 p2 p3 p4
[   29.577328] loop0: partition table partially beyond EOD, truncated
[   29.578792] loop0: p3 start 520097793 is beyond EOD, truncated
[   29.579376] loop0: p4 start 524032 is beyond EOD, truncated
[   29.583264] tpm tpm0: Operation Canceled
[   29.593866] I/O error, dev loop0, sector 8064 op 0x0:(READ) flags 0x80700 phys_seg 1 prio class 2
[   29.657951] loop0: detected capacity change from 0 to 8192
[   29.670564]  loop0: p1 p2 p3 p4
[   29.670887] loop0: partition table partially beyond EOD, truncated
[   29.671930] loop0: p3 start 520097793 is beyond EOD, truncated
[   29.672484] loop0: p4 start 524032 is beyond EOD, truncated
[   29.674784] tpm tpm0: Operation Canceled
[   29.675825]  loop0: p1 p2 p3 p4
[   29.676152] loop0: partition table partially beyond EOD, truncated
[   29.677138] loop0: p3 start 520097793 is beyond EOD, truncated
[   29.677828] loop0: p4 start 524032 is beyond EOD, truncated
[   29.701849] I/O error, dev loop0, sector 8064 op 0x0:(READ) flags 0x80700 phys_seg 1 prio class 2
[   29.751216] loop0: detected capacity change from 0 to 8192
[   29.757837]  loop0: p1 p2 p3 p4
[   29.758026] loop0: partition table partially beyond EOD, truncated
[   29.758697] loop0: p3 start 520097793 is beyond EOD, truncated
[   29.759026] loop0: p4 start 524032 is beyond EOD, truncated
[   29.760593] tpm tpm0: Operation Canceled
[   29.764089]  loop0: p1 p2 p3 p4
[   29.764427] loop0: partition table partially beyond EOD, truncated
[   29.765661] loop0: p3 start 520097793 is beyond EOD, truncated
[   29.766239] loop0: p4 start 524032 is beyond EOD, truncated
[   29.825123] loop0: detected capacity change from 0 to 8192
[   29.850042]  loop0: p1 p2 p3 p4
[   29.850368] loop0: partition table partially beyond EOD, truncated
[   29.851382] loop0: p3 start 520097793 is beyond EOD, truncated
[   29.851933] loop0: p4 start 524032 is beyond EOD, truncated
[   29.853809] tpm tpm0: Operation Canceled
[   29.854855]  loop0: p1 p2 p3 p4
[   29.855061] loop0: partition table partially beyond EOD, truncated
[   29.855754] loop0: p3 start 520097793 is beyond EOD, truncated
[   29.856074] loop0: p4 start 524032 is beyond EOD, truncated
[   29.894932] loop0: detected capacity change from 0 to 8192
[   29.913687]  loop0: p1 p2 p3 p4
[   29.914015] loop0: partition table partially beyond EOD, truncated
[   29.919184] loop0: p3 start 520097793 is beyond EOD, truncated
[   29.919750] loop0: p4 start 524032 is beyond EOD, truncated
[   29.922963]  loop0: p1 p2 p3 p4
[   29.923302] loop0: partition table partially beyond EOD, truncated
[   29.923890] tpm tpm0: Operation Canceled
[   29.924730] loop0: p3 start 520097793 is beyond EOD, truncated
[   29.925312] loop0: p4 start 524032 is beyond EOD, truncated
[   29.995350] loop0: detected capacity change from 0 to 8192
[   30.005437]  loop0: p1 p2 p3 p4
[   30.005626] loop0: partition table partially beyond EOD, truncated
[   30.008206] loop0: p3 start 520097793 is beyond EOD, truncated
[   30.008527] loop0: p4 start 524032 is beyond EOD, truncated
[   30.009993]  loop0: p1 p2 p3 p4
[   30.010187] loop0: partition table partially beyond EOD, truncated
[   30.010774] loop0: p3 start 520097793 is beyond EOD, truncated
[   30.011105] loop0: p4 start 524032 is beyond EOD, truncated
[   30.015549] tpm tpm0: Operation Canceled
[   30.060789] loop0: detected capacity change from 0 to 8192
[   30.073589]  loop0: p1 p2 p3 p4
[   30.073780] loop0: partition table partially beyond EOD, truncated
[   30.074408] loop0: p3 start 520097793 is beyond EOD, truncated
[   30.074727] loop0: p4 start 524032 is beyond EOD, truncated
[   30.089952] Buffer I/O error on dev loop0, logical block 0, async page read
[   30.090622] ldm_validate_partition_table(): Disk read failed.
[   30.091158] Dev loop0: unable to read RDB block 0
[   30.091602]  loop0: unable to read partition table
[   30.092052] loop0: partition table beyond EOD, truncated
[   30.135404] loop0: detected capacity change from 0 to 8192
[   30.149776]  loop0: p1 p2 p3 p4
[   30.150128] loop0: partition table partially beyond EOD, truncated
[   30.153809] loop0: p3 start 520097793 is beyond EOD, truncated
[   30.154418] loop0: p4 start 524032 is beyond EOD, truncated
[   30.156170]  loop0: p1 p2 p3 p4
[   30.156523] loop0: partition table partially beyond EOD, truncated
[   30.157960] loop0: p3 start 520097793 is beyond EOD, truncated
[   30.158548] loop0: p4 start 524032 is beyond EOD, truncated
[   30.202898] loop0: detected capacity change from 0 to 8192
[   30.218069]  loop0: p1 p2 p3 p4
[   30.218272] loop0: partition table partially beyond EOD, truncated
[   30.218983] loop0: p3 start 520097793 is beyond EOD, truncated
[   30.219315] loop0: p4 start 524032 is beyond EOD, truncated
[   30.243478] loop0: detected capacity change from 0 to 8192
[   30.257910]  loop0: p1 p2 p3 p4
[   30.258116] loop0: partition table partially beyond EOD, truncated
[   30.258780] loop0: p3 start 520097793 is beyond EOD, truncated
[   30.259112] loop0: p4 start 524032 is beyond EOD, truncated
[   30.260634] tpm tpm0: Operation Canceled
[   30.294801] loop0: detected capacity change from 0 to 8192
[   30.305819]  loop0: p1 p2 p3 p4
[   30.306178] loop0: partition table partially beyond EOD, truncated
[   30.307396] loop0: p3 start 520097793 is beyond EOD, truncated
[   30.307977] loop0: p4 start 524032 is beyond EOD, truncated
[   30.311108] tpm tpm0: Operation Canceled
[   30.325369] __loop_clr_fd: partition scan of loop0 failed (rc=-16)
[   30.332614] Buffer I/O error on dev loop0p2, logical block 8, async page read
[   30.333030] Buffer I/O error on dev loop0p2, logical block 9, async page read
[   30.333455] Buffer I/O error on dev loop0p2, logical block 10, async page read
[   30.333862] Buffer I/O error on dev loop0p2, logical block 11, async page read
[   30.334260] Buffer I/O error on dev loop0p2, logical block 12, async page read
[   30.334657] Buffer I/O error on dev loop0p2, logical block 13, async page read
[   30.335054] Buffer I/O error on dev loop0p2, logical block 14, async page read
[   30.335458] Buffer I/O error on dev loop0p2, logical block 15, async page read
[   30.370380] loop0: detected capacity change from 0 to 8192
[   30.381591]  loop0: p1 p2 p3 p4
[   30.381918] loop0: partition table partially beyond EOD, truncated
[   30.387143] loop0: p3 start 520097793 is beyond EOD, truncated
[   30.387737] loop0: p4 start 524032 is beyond EOD, truncated
[   30.397222] tpm tpm0: Operation Canceled
[   30.456830] loop0: detected capacity change from 0 to 8192
[   30.473698]  loop0: p1 p2 p3 p4
[   30.474043] loop0: partition table partially beyond EOD, truncated
[   30.477686] loop0: p3 start 520097793 is beyond EOD, truncated
[   30.478255] loop0: p4 start 524032 is beyond EOD, truncated
[   30.481566] tpm tpm0: Operation Canceled
[   30.534658] loop0: detected capacity change from 0 to 8192
[   30.549509]  loop0: p1 p2 p3 p4
[   30.549837] loop0: partition table partially beyond EOD, truncated
[   30.550903] loop0: p3 start 520097793 is beyond EOD, truncated
[   30.551475] loop0: p4 start 524032 is beyond EOD, truncated
[   30.553602] tpm tpm0: Operation Canceled
[   30.554080]  loop0: p1 p2 p3 p4
[   30.554293] loop0: partition table partially beyond EOD, truncated
[   30.555079] loop0: p3 start 520097793 is beyond EOD, truncated
[   30.555427] loop0: p4 start 524032 is beyond EOD, truncated
[   30.591831] loop0: detected capacity change from 0 to 8192
[   30.610936]  loop0: p1 p2 p3 p4
[   30.611275] loop0: partition table partially beyond EOD, truncated
[   30.612516] loop0: p3 start 520097793 is beyond EOD, truncated
[   30.613099] loop0: p4 start 524032 is beyond EOD, truncated
[   30.616606] tpm tpm0: Operation Canceled
[   30.675776] loop0: detected capacity change from 0 to 8192
[   30.685451]  loop0: p1 p2 p3 p4
[   30.685655] loop0: partition table partially beyond EOD, truncated
[   30.688334] loop0: p3 start 520097793 is beyond EOD, truncated
[   30.688677] loop0: p4 start 524032 is beyond EOD, truncated
[   30.690224]  loop0: p1 p2 p3 p4
[   30.690418] loop0: partition table partially beyond EOD, truncated
[   30.691016] loop0: p3 start 520097793 is beyond EOD, truncated
[   30.691335] loop0: p4 start 524032 is beyond EOD, truncated
[   30.696230] tpm tpm0: Operation Canceled
[   30.755248] loop0: detected capacity change from 0 to 8192
[   30.765457]  loop0: p1 p2 p3 p4
[   30.765787] loop0: partition table partially beyond EOD, truncated
[   30.770219] loop0: p3 start 520097793 is beyond EOD, truncated
[   30.770809] loop0: p4 start 524032 is beyond EOD, truncated
[   30.772805]  loop0: p1 p2 p3 p4
[   30.773143] loop0: partition table partially beyond EOD, truncated
[   30.774528] loop0: p3 start 520097793 is beyond EOD, truncated
[   30.775110] loop0: p4 start 524032 is beyond EOD, truncated
[   30.777206] tpm tpm0: Operation Canceled
[   30.820687] loop0: detected capacity change from 0 to 8192
[   30.838724]  loop0: p1 p2 p3 p4
[   30.839053] loop0: partition table partially beyond EOD, truncated
[   30.840144] loop0: p3 start 520097793 is beyond EOD, truncated
[   30.840697] loop0: p4 start 524032 is beyond EOD, truncated
[   30.842605] tpm tpm0: Operation Canceled
[   30.887258] loop0: detected capacity change from 0 to 8192
[   30.905670]  loop0: p1 p2 p3 p4
[   30.905865] loop0: partition table partially beyond EOD, truncated
[   30.906532] loop0: p3 start 520097793 is beyond EOD, truncated
[   30.906854] loop0: p4 start 524032 is beyond EOD, truncated
[   30.910734]  loop0: p1 p2 p3 p4
[   30.911072] loop0: partition table partially beyond EOD, truncated
[   30.912019] loop0: p3 start 520097793 is beyond EOD, truncated
[   30.912572] loop0: p4 start 524032 is beyond EOD, truncated
[   30.971832] loop0: detected capacity change from 0 to 8192
[   30.994106]  loop0: p1 p2 p3 p4
[   30.994444] loop0: partition table partially beyond EOD, truncated
[   30.995477] loop0: p3 start 520097793 is beyond EOD, truncated
[   30.996027] loop0: p4 start 524032 is beyond EOD, truncated
[   30.997682] tpm tpm0: Operation Canceled
[   31.017631] ldm_validate_partition_table(): Disk read failed.
[   31.018199] Dev loop0: unable to read RDB block 0
[   31.018647]  loop0: unable to read partition table
[   31.019104] loop0: partition table beyond EOD, truncated
[   31.071755] loop0: detected capacity change from 0 to 8192
[   31.093478]  loop0: p1 p2 p3 p4
[   31.093813] loop0: partition table partially beyond EOD, truncated
[   31.094841] loop0: p3 start 520097793 is beyond EOD, truncated
[   31.095394] loop0: p4 start 524032 is beyond EOD, truncated
[   31.097220] tpm tpm0: Operation Canceled
[   31.164258] loop0: detected capacity change from 0 to 8192
[   31.177477]  loop0: p1 p2 p3 p4
[   31.177796] loop0: partition table partially beyond EOD, truncated
[   31.178825] loop0: p3 start 520097793 is beyond EOD, truncated
[   31.179382] loop0: p4 start 524032 is beyond EOD, truncated
[   31.181590] tpm tpm0: Operation Canceled
[   31.182468]  loop0: p1 p2 p3 p4
[   31.182796] loop0: partition table partially beyond EOD, truncated
[   31.184407] loop0: p3 start 520097793 is beyond EOD, truncated
[   31.184964] loop0: p4 start 524032 is beyond EOD, truncated
[   31.247167] loop0: detected capacity change from 0 to 8192
[   31.261989]  loop0: p1 p2 p3 p4
[   31.262323] loop0: partition table partially beyond EOD, truncated
[   31.263407] loop0: p3 start 520097793 is beyond EOD, truncated
[   31.263983] loop0: p4 start 524032 is beyond EOD, truncated
[   31.265636] tpm tpm0: Operation Canceled
[   31.277848] __loop_clr_fd: partition scan of loop0 failed (rc=-16)
[   31.342333] loop0: detected capacity change from 0 to 8192
[   31.353421]  loop0: p1 p2 p3 p4
[   31.353768] loop0: partition table partially beyond EOD, truncated
[   31.358069] loop0: p3 start 520097793 is beyond EOD, truncated
[   31.358654] loop0: p4 start 524032 is beyond EOD, truncated
[   31.360718]  loop0: p1 p2 p3 p4
[   31.361060] loop0: partition table partially beyond EOD, truncated
[   31.362496] loop0: p3 start 520097793 is beyond EOD, truncated
[   31.363075] loop0: p4 start 524032 is beyond EOD, truncated
[   31.365788] tpm tpm0: Operation Canceled
[   31.437441] loop0: detected capacity change from 0 to 8192
[   31.445898]  loop0: p1 p2 p3 p4
[   31.446232] loop0: partition table partially beyond EOD, truncated
[   31.447258] loop0: p3 start 520097793 is beyond EOD, truncated
[   31.447821] loop0: p4 start 524032 is beyond EOD, truncated
[   31.450711] tpm tpm0: Operation Canceled
[   31.451582]  loop0: p1 p2 p3 p4
[   31.451916] loop0: partition table partially beyond EOD, truncated
[   31.457643] loop0: p3 start 520097793 is beyond EOD, truncated
[   31.458229] loop0: p4 start 524032 is beyond EOD, truncated
[   31.501024] loop0: detected capacity change from 0 to 8192
[   31.509805]  loop0: p1 p2 p3 p4
[   31.510136] loop0: partition table partially beyond EOD, truncated
[   31.511050] loop0: p3 start 520097793 is beyond EOD, truncated
[   31.511393] loop0: p4 start 524032 is beyond EOD, truncated
[   31.512962] tpm tpm0: Operation Canceled
[   31.548868] loop0: detected capacity change from 0 to 8192
[   31.565909]  loop0: p1 p2 p3 p4
[   31.566111] loop0: partition table partially beyond EOD, truncated
[   31.566788] loop0: p3 start 520097793 is beyond EOD, truncated
[   31.567100] loop0: p4 start 524032 is beyond EOD, truncated
[   31.627884] loop0: detected capacity change from 0 to 8192
[   31.657529]  loop0: p1 p2 p3 p4
[   31.657837] loop0: partition table partially beyond EOD, truncated
[   31.658826] loop0: p3 start 520097793 is beyond EOD, truncated
[   31.659376] loop0: p4 start 524032 is beyond EOD, truncated
[   31.661626] tpm tpm0: Operation Canceled
[   31.662298]  loop0: p1 p2 p3 p4
[   31.662629] loop0: partition table partially beyond EOD, truncated
[   31.664294] loop0: p3 start 520097793 is beyond EOD, truncated
[   31.664842] loop0: p4 start 524032 is beyond EOD, truncated
[   31.717335] loop0: detected capacity change from 0 to 8192
[   31.729400]  loop0: p1 p2 p3 p4
[   31.729590] loop0: partition table partially beyond EOD, truncated
[   31.731874] loop0: p3 start 520097793 is beyond EOD, truncated
[   31.732192] loop0: p4 start 524032 is beyond EOD, truncated
[   31.734709]  loop0: p1 p2 p3 p4
[   31.734898] loop0: partition table partially beyond EOD, truncated
[   31.735459] loop0: p3 start 520097793 is beyond EOD, truncated
[   31.735773] loop0: p4 start 524032 is beyond EOD, truncated
[   31.774026] loop0: detected capacity change from 0 to 8192
[   31.785730]  loop0: p1 p2 p3 p4
[   31.785922] loop0: partition table partially beyond EOD, truncated
[   31.786552] loop0: p3 start 520097793 is beyond EOD, truncated
[   31.786880] loop0: p4 start 524032 is beyond EOD, truncated
[   31.788724]  loop0: p1 p2 p3 p4
[   31.788924] loop0: partition table partially beyond EOD, truncated
[   31.790264] loop0: p3 start 520097793 is beyond EOD, truncated
[   31.790584] loop0: p4 start 524032 is beyond EOD, truncated
[   31.845777] loop0: detected capacity change from 0 to 8192
[   31.861456]  loop0: p1 p2 p3 p4
[   31.861647] loop0: partition table partially beyond EOD, truncated
[   31.863932] loop0: p3 start 520097793 is beyond EOD, truncated
[   31.864256] loop0: p4 start 524032 is beyond EOD, truncated
[   31.867542] tpm tpm0: Operation Canceled
[   31.867947]  loop0: p1 p2 p3 p4
[   31.868121] loop0: partition table partially beyond EOD, truncated
[   31.868697] loop0: p3 start 520097793 is beyond EOD, truncated
[   31.869007] loop0: p4 start 524032 is beyond EOD, truncated
[   31.896494] loop0: detected capacity change from 0 to 8192
[   31.911341]  loop0: p1 p2 p3 p4
[   31.911655] loop0: partition table partially beyond EOD, truncated
[   31.912933] loop0: p3 start 520097793 is beyond EOD, truncated
[   31.913537] loop0: p4 start 524032 is beyond EOD, truncated
[   31.916587] tpm tpm0: Operation Canceled
[   31.963762] loop0: detected capacity change from 0 to 8192
[   31.989724]  loop0: p1 p2 p3 p4
[   31.989918] loop0: partition table partially beyond EOD, truncated
[   31.990539] loop0: p3 start 520097793 is beyond EOD, truncated
[   31.990847] loop0: p4 start 524032 is beyond EOD, truncated
[   31.992412] tpm tpm0: Operation Canceled
[   32.025330] loop0: detected capacity change from 0 to 8192
[   32.042295]  loop0: p1 p2 p3 p4
[   32.042483] loop0: partition table partially beyond EOD, truncated
[   32.043194] loop0: p3 start 520097793 is beyond EOD, truncated
[   32.043501] loop0: p4 start 524032 is beyond EOD, truncated
[   32.044983] tpm tpm0: Operation Canceled
[   32.067769] loop0: detected capacity change from 0 to 8192
[   32.086422]  loop0: p1 p2 p3 p4
[   32.086617] loop0: partition table partially beyond EOD, truncated
[   32.087210] loop0: p3 start 520097793 is beyond EOD, truncated
[   32.087514] loop0: p4 start 524032 is beyond EOD, truncated
[   32.118740] loop0: detected capacity change from 0 to 8192
[   32.129509]  loop0: p1 p2 p3 p4
[   32.129813] loop0: partition table partially beyond EOD, truncated
[   32.130751] loop0: p3 start 520097793 is beyond EOD, truncated
[   32.131279] loop0: p4 start 524032 is beyond EOD, truncated
[   32.132925]  loop0: p1 p2 p3 p4
[   32.133098] tpm tpm0: Operation Canceled
[   32.133117] loop0: partition table partially beyond EOD, truncated
[   32.134417] loop0: p3 start 520097793 is beyond EOD, truncated
[   32.134719] loop0: p4 start 524032 is beyond EOD, truncated
[   32.167017] loop0: detected capacity change from 0 to 8192
[   32.177853]  loop0: p1 p2 p3 p4
[   32.178033] loop0: partition table partially beyond EOD, truncated
[   32.178678] loop0: p3 start 520097793 is beyond EOD, truncated
[   32.178983] loop0: p4 start 524032 is beyond EOD, truncated
[   32.213867] loop0: detected capacity change from 0 to 8192
[   32.221671]  loop0: p1 p2 p3 p4
[   32.221862] loop0: partition table partially beyond EOD, truncated
[   32.222503] loop0: p3 start 520097793 is beyond EOD, truncated
[   32.222813] loop0: p4 start 524032 is beyond EOD, truncated
[   32.224667]  loop0: p1 p2 p3 p4
[   32.224864] loop0: partition table partially beyond EOD, truncated
[   32.226122] loop0: p3 start 520097793 is beyond EOD, truncated
[   32.226438] loop0: p4 start 524032 is beyond EOD, truncated
[   32.284218] loop0: detected capacity change from 0 to 8192
[   32.293780]  loop0: p1 p2 p3 p4
[   32.293973] loop0: partition table partially beyond EOD, truncated
[   32.294591] loop0: p3 start 520097793 is beyond EOD, truncated
[   32.294912] loop0: p4 start 524032 is beyond EOD, truncated
[   32.302110] ldm_validate_partition_table(): Disk read failed.
[   32.302664] Dev loop0: unable to read RDB block 0
[   32.303098]  loop0: unable to read partition table
[   32.303540] loop0: partition table beyond EOD, truncated
[   32.348555] loop0: detected capacity change from 0 to 8192
[   32.361574]  loop0: p1 p2 p3 p4
[   32.361882] loop0: partition table partially beyond EOD, truncated
[   32.366315] loop0: p3 start 520097793 is beyond EOD, truncated
[   32.366873] loop0: p4 start 524032 is beyond EOD, truncated
[   32.375061] tpm tpm0: Operation Canceled
[   32.393439] __loop_clr_fd: partition scan of loop0 failed (rc=-16)
[   32.435555] loop0: detected capacity change from 0 to 8192
[   32.449705]  loop0: p1 p2 p3 p4
[   32.449889] loop0: partition table partially beyond EOD, truncated
[   32.450526] loop0: p3 start 520097793 is beyond EOD, truncated
[   32.450847] loop0: p4 start 524032 is beyond EOD, truncated
[   32.452431] tpm tpm0: Operation Canceled
[   32.499538] loop0: detected capacity change from 0 to 8192
[   32.514435]  loop0: p1 p2 p3 p4
[   32.514618] loop0: partition table partially beyond EOD, truncated
[   32.516370] loop0: p3 start 520097793 is beyond EOD, truncated
[   32.516915] loop0: p4 start 524032 is beyond EOD, truncated
[   32.518354]  loop0: p1 p2 p3 p4
[   32.518547] loop0: partition table partially beyond EOD, truncated
[   32.518586] tpm tpm0: Operation Canceled
[   32.519448] loop0: p3 start 520097793 is beyond EOD, truncated
[   32.519765] loop0: p4 start 524032 is beyond EOD, truncated
[   32.559809] loop0: detected capacity change from 0 to 8192
[   32.578394]  loop0: p1 p2 p3 p4
[   32.578702] loop0: partition table partially beyond EOD, truncated
[   32.579755] loop0: p3 start 520097793 is beyond EOD, truncated
[   32.580298] loop0: p4 start 524032 is beyond EOD, truncated
[   32.582937] tpm tpm0: Operation Canceled
[   32.642858] loop0: detected capacity change from 0 to 8192
[   32.649412]  loop0: p1 p2 p3 p4
[   32.649743] loop0: partition table partially beyond EOD, truncated
[   32.650761] loop0: p3 start 520097793 is beyond EOD, truncated
[   32.651311] loop0: p4 start 524032 is beyond EOD, truncated
[   32.653635] tpm tpm0: Operation Canceled
[   32.654463]  loop0: p1 p2 p3 p4
[   32.654805] loop0: partition table partially beyond EOD, truncated
[   32.655933] loop0: p3 start 520097793 is beyond EOD, truncated
[   32.656488] loop0: p4 start 524032 is beyond EOD, truncated
[   32.687468] loop0: detected capacity change from 0 to 8192
[   32.705511]  loop0: p1 p2 p3 p4
[   32.705699] loop0: partition table partially beyond EOD, truncated
[   32.706441] loop0: p3 start 520097793 is beyond EOD, truncated
[   32.706755] loop0: p4 start 524032 is beyond EOD, truncated
[   32.748974] loop0: detected capacity change from 0 to 8192
[   32.766015]  loop0: p1 p2 p3 p4
[   32.766197] loop0: partition table partially beyond EOD, truncated
[   32.766785] loop0: p3 start 520097793 is beyond EOD, truncated
[   32.767093] loop0: p4 start 524032 is beyond EOD, truncated
[   32.769012]  loop0: p1 p2 p3 p4
[   32.769221] loop0: partition table partially beyond EOD, truncated
[   32.770494] loop0: p3 start 520097793 is beyond EOD, truncated
[   32.770810] loop0: p4 start 524032 is beyond EOD, truncated
[   32.795760] loop0: detected capacity change from 0 to 8192
[   32.805474]  loop0: p1 p2 p3 p4
[   32.805668] loop0: partition table partially beyond EOD, truncated
[   32.806389] loop0: p3 start 520097793 is beyond EOD, truncated
[   32.806709] loop0: p4 start 524032 is beyond EOD, truncated
[   32.808121] tpm tpm0: Operation Canceled
[   32.843727] loop0: detected capacity change from 0 to 8192
[   32.857349]  loop0: p1 p2 p3 p4
[   32.857533] loop0: partition table partially beyond EOD, truncated
[   32.858904] loop0: p3 start 520097793 is beyond EOD, truncated
[   32.859228] loop0: p4 start 524032 is beyond EOD, truncated
[   32.860493]  loop0: p1 p2 p3 p4
[   32.860684] loop0: partition table partially beyond EOD, truncated
[   32.861805] loop0: p3 start 520097793 is beyond EOD, truncated
[   32.862129] loop0: p4 start 524032 is beyond EOD, truncated
[   32.869320] __loop_clr_fd: partition scan of loop0 failed (rc=-16)
[   32.898463] loop0: detected capacity change from 0 to 8192
[   32.914165]  loop0: p1 p2 p3 p4
[   32.914354] loop0: partition table partially beyond EOD, truncated
[   32.916579] loop0: p3 start 520097793 is beyond EOD, truncated
[   32.916924] loop0: p4 start 524032 is beyond EOD, truncated
[   32.918501]  loop0: p1 p2 p3 p4
[   32.918697] loop0: partition table partially beyond EOD, truncated
[   32.919328] loop0: p3 start 520097793 is beyond EOD, truncated
[   32.919347] tpm tpm0: Operation Canceled
[   32.919645] loop0: p4 start 524032 is beyond EOD, truncated
[   32.968021] loop0: detected capacity change from 0 to 8192
[   32.977517]  loop0: p1 p2 p3 p4
[   32.977702] loop0: partition table partially beyond EOD, truncated
[   32.979804] loop0: p3 start 520097793 is beyond EOD, truncated
[   32.980361] loop0: p4 start 524032 is beyond EOD, truncated
[   32.981998] tpm tpm0: Operation Canceled
[   33.021417] loop0: detected capacity change from 0 to 8192
[   33.029901]  loop0: p1 p2 p3 p4
[   33.030086] loop0: partition table partially beyond EOD, truncated
[   33.030747] loop0: p3 start 520097793 is beyond EOD, truncated
[   33.031060] loop0: p4 start 524032 is beyond EOD, truncated
[   33.032637] tpm tpm0: Operation Canceled
[   33.051259] loop0: detected capacity change from 0 to 8192
[   33.061529]  loop0: p1 p2 p3 p4
[   33.061716] loop0: partition table partially beyond EOD, truncated
[   33.062465] loop0: p3 start 520097793 is beyond EOD, truncated
[   33.062786] loop0: p4 start 524032 is beyond EOD, truncated
[   33.068234] tpm tpm0: Operation Canceled
[   33.129108] loop0: detected capacity change from 0 to 8192
[   33.137366]  loop0: p1 p2 p3 p4
[   33.137557] loop0: partition table partially beyond EOD, truncated
[   33.138190] loop0: p3 start 520097793 is beyond EOD, truncated
[   33.138517] loop0: p4 start 524032 is beyond EOD, truncated
[   33.139903] tpm tpm0: Operation Canceled
[   33.141824]  loop0: p1 p2 p3 p4
[   33.142165] loop0: partition table partially beyond EOD, truncated
[   33.143095] loop0: p3 start 520097793 is beyond EOD, truncated
[   33.143637] loop0: p4 start 524032 is beyond EOD, truncated
[   33.196206] loop0: detected capacity change from 0 to 8192
[   33.209544]  loop0: p1 p2 p3 p4
[   33.209748] loop0: partition table partially beyond EOD, truncated
[   33.212621] loop0: p3 start 520097793 is beyond EOD, truncated
[   33.212956] loop0: p4 start 524032 is beyond EOD, truncated
[   33.251526] loop0: detected capacity change from 0 to 8192
[   33.265864]  loop0: p1 p2 p3 p4
[   33.266199] loop0: partition table partially beyond EOD, truncated
[   33.267185] loop0: p3 start 520097793 is beyond EOD, truncated
[   33.267728] loop0: p4 start 524032 is beyond EOD, truncated
[   33.269581] tpm tpm0: Operation Canceled
[   33.270350]  loop0: p1 p2 p3 p4
[   33.270672] loop0: partition table partially beyond EOD, truncated
[   33.271590] loop0: p3 start 520097793 is beyond EOD, truncated
[   33.272129] loop0: p4 start 524032 is beyond EOD, truncated
[   33.312720] loop0: detected capacity change from 0 to 8192
[   33.325907]  loop0: p1 p2 p3 p4
[   33.326230] loop0: partition table partially beyond EOD, truncated
[   33.327202] loop0: p3 start 520097793 is beyond EOD, truncated
[   33.327741] loop0: p4 start 524032 is beyond EOD, truncated
[   33.332673]  loop0: p1 p2 p3 p4
[   33.333002] loop0: partition table partially beyond EOD, truncated
[   33.333946] loop0: p3 start 520097793 is beyond EOD, truncated
[   33.334485] loop0: p4 start 524032 is beyond EOD, truncated
[   33.337571] tpm tpm0: Operation Canceled
[   33.387257] loop0: detected capacity change from 0 to 8192
[   33.401808]  loop0: p1 p2 p3 p4
[   33.402117] loop0: partition table partially beyond EOD, truncated
[   33.405594] loop0: p3 start 520097793 is beyond EOD, truncated
[   33.406149] loop0: p4 start 524032 is beyond EOD, truncated
[   33.409452] tpm tpm0: Operation Canceled
[   33.410268]  loop0: p1 p2 p3 p4
[   33.410575] loop0: partition table partially beyond EOD, truncated
[   33.411508] loop0: p3 start 520097793 is beyond EOD, truncated
[   33.412046] loop0: p4 start 524032 is beyond EOD, truncated
[   33.429764] blk_print_req_error: 84 callbacks suppressed
[   33.429773] I/O error, dev loop0, sector 8064 op 0x0:(READ) flags 0x80700 phys_seg 1 prio class 2
[   33.476350] loop0: detected capacity change from 0 to 8192
[   33.485393]  loop0: p1 p2 p3 p4
[   33.485733] loop0: partition table partially beyond EOD, truncated
[   33.486743] loop0: p3 start 520097793 is beyond EOD, truncated
[   33.487284] loop0: p4 start 524032 is beyond EOD, truncated
[   33.488915]  loop0: p1 p2 p3 p4
[   33.488916] tpm tpm0: Operation Canceled
[   33.489120] loop0: partition table partially beyond EOD, truncated
[   33.491035] loop0: p3 start 520097793 is beyond EOD, truncated
[   33.491353] loop0: p4 start 524032 is beyond EOD, truncated
[   33.551952] loop0: detected capacity change from 0 to 8192
[   33.561396]  loop0: p1 p2 p3 p4
[   33.561729] loop0: partition table partially beyond EOD, truncated
[   33.562716] loop0: p3 start 520097793 is beyond EOD, truncated
[   33.563256] loop0: p4 start 524032 is beyond EOD, truncated
[   33.564881] tpm tpm0: Operation Canceled
[   33.565936]  loop0: p1 p2 p3 p4
[   33.566147] loop0: partition table partially beyond EOD, truncated
[   33.566943] loop0: p3 start 520097793 is beyond EOD, truncated
[   33.567289] loop0: p4 start 524032 is beyond EOD, truncated
[   33.607674] loop0: detected capacity change from 0 to 8192
[   33.617383]  loop0: p1 p2 p3 p4
[   33.617591] loop0: partition table partially beyond EOD, truncated
[   33.619922] loop0: p3 start 520097793 is beyond EOD, truncated
[   33.620255] loop0: p4 start 524032 is beyond EOD, truncated
[   33.623051]  loop0: p1 p2 p3 p4
[   33.623249] loop0: partition table partially beyond EOD, truncated
[   33.623591] tpm tpm0: Operation Canceled
[   33.624115] loop0: p3 start 520097793 is beyond EOD, truncated
[   33.624432] loop0: p4 start 524032 is beyond EOD, truncated
[   33.629352] I/O error, dev loop0, sector 2056 op 0x0:(READ) flags 0x80700 phys_seg 1 prio class 2
[   33.629360] __loop_clr_fd: partition scan of loop0 failed (rc=-16)
[   33.630222] I/O error, dev loop0, sector 2056 op 0x0:(READ) flags 0x0 phys_seg 1 prio class 2
[   33.630677] buffer_io_error: 58 callbacks suppressed
[   33.630682] Buffer I/O error on dev loop0p1, logical block 8, async page read
[   33.631320] I/O error, dev loop0, sector 2057 op 0x0:(READ) flags 0x0 phys_seg 1 prio class 2
[   33.631764] Buffer I/O error on dev loop0p1, logical block 9, async page read
[   33.632145] I/O error, dev loop0, sector 2058 op 0x0:(READ) flags 0x0 phys_seg 1 prio class 2
[   33.632591] Buffer I/O error on dev loop0p1, logical block 10, async page read
[   33.632972] I/O error, dev loop0, sector 2059 op 0x0:(READ) flags 0x0 phys_seg 1 prio class 2
[   33.633510] Buffer I/O error on dev loop0p1, logical block 11, async page read
[   33.638228] I/O error, dev loop0, sector 2060 op 0x0:(READ) flags 0x0 phys_seg 1 prio class 2
[   33.638679] Buffer I/O error on dev loop0p1, logical block 12, async page read
[   33.639062] I/O error, dev loop0, sector 2061 op 0x0:(READ) flags 0x0 phys_seg 1 prio class 2
[   33.639503] Buffer I/O error on dev loop0p1, logical block 13, async page read
[   33.639883] I/O error, dev loop0, sector 2062 op 0x0:(READ) flags 0x0 phys_seg 1 prio class 2
[   33.640324] Buffer I/O error on dev loop0p1, logical block 14, async page read
[   33.640702] I/O error, dev loop0, sector 2063 op 0x0:(READ) flags 0x0 phys_seg 1 prio class 2
[   33.641144] Buffer I/O error on dev loop0p1, logical block 15, async page read
[   33.643834] Buffer I/O error on dev loop0p2, logical block 8, async page read
[   33.644237] Buffer I/O error on dev loop0p2, logical block 9, async page read
[   33.677745] loop0: detected capacity change from 0 to 8192
[   33.689956]  loop0: p1 p2 p3 p4
[   33.690153] loop0: partition table partially beyond EOD, truncated
[   33.692579] loop0: p3 start 520097793 is beyond EOD, truncated
[   33.692911] loop0: p4 start 524032 is beyond EOD, truncated
[   33.695594]  loop0: p1 p2 p3 p4
[   33.695790] loop0: partition table partially beyond EOD, truncated
[   33.696402] loop0: p3 start 520097793 is beyond EOD, truncated
[   33.696717] loop0: p4 start 524032 is beyond EOD, truncated
[   33.731362] loop0: detected capacity change from 0 to 8192
[   33.737988]  loop0: p1 p2 p3 p4
[   33.738195] loop0: partition table partially beyond EOD, truncated
[   33.738842] loop0: p3 start 520097793 is beyond EOD, truncated
[   33.739165] loop0: p4 start 524032 is beyond EOD, truncated
[   33.741102] tpm tpm0: Operation Canceled
[   33.779288] loop0: detected capacity change from 0 to 8192
[   33.789402]  loop0: p1 p2 p3 p4
[   33.789752] loop0: partition table partially beyond EOD, truncated
[   33.790818] loop0: p3 start 520097793 is beyond EOD, truncated
[   33.791382] loop0: p4 start 524032 is beyond EOD, truncated
[   33.793082]  loop0: p1 p2 p3 p4
[   33.793384] loop0: partition table partially beyond EOD, truncated
[   33.793733] tpm tpm0: Operation Canceled
[   33.794576] loop0: p3 start 520097793 is beyond EOD, truncated
[   33.794905] loop0: p4 start 524032 is beyond EOD, truncated
[   33.844808] loop0: detected capacity change from 0 to 8192
[   33.853737]  loop0: p1 p2 p3 p4
[   33.853928] loop0: partition table partially beyond EOD, truncated
[   33.854559] loop0: p3 start 520097793 is beyond EOD, truncated
[   33.854882] loop0: p4 start 524032 is beyond EOD, truncated
[   33.890508] loop0: detected capacity change from 0 to 8192
[   33.901352]  loop0: p1 p2 p3 p4
[   33.901537] loop0: partition table partially beyond EOD, truncated
[   33.902771] loop0: p3 start 520097793 is beyond EOD, truncated
[   33.903091] loop0: p4 start 524032 is beyond EOD, truncated
[   33.904404]  loop0: p1 p2 p3 p4
[   33.904586] loop0: partition table partially beyond EOD, truncated
[   33.904620] tpm tpm0: Operation Canceled
[   33.905181] loop0: p3 start 520097793 is beyond EOD, truncated
[   33.905487] loop0: p4 start 524032 is beyond EOD, truncated
[   33.958659] loop0: detected capacity change from 0 to 8192
[   33.974040]  loop0: p1 p2 p3 p4
[   33.974228] loop0: partition table partially beyond EOD, truncated
[   33.974889] loop0: p3 start 520097793 is beyond EOD, truncated
[   33.975209] loop0: p4 start 524032 is beyond EOD, truncated
[   34.030352] loop0: detected capacity change from 0 to 8192
[   34.049374]  loop0: p1 p2 p3 p4
[   34.049681] loop0: partition table partially beyond EOD, truncated
[   34.050647] loop0: p3 start 520097793 is beyond EOD, truncated
[   34.051184] loop0: p4 start 524032 is beyond EOD, truncated
[   34.053021] tpm tpm0: Operation Canceled
[   34.115732] loop0: detected capacity change from 0 to 8192
[   34.129586]  loop0: p1 p2 p3 p4
[   34.129927] loop0: partition table partially beyond EOD, truncated
[   34.130910] loop0: p3 start 520097793 is beyond EOD, truncated
[   34.131450] loop0: p4 start 524032 is beyond EOD, truncated
[   34.133217] tpm tpm0: Operation Canceled
[   34.153532] ldm_validate_partition_table(): Disk read failed.
[   34.154066] Dev loop0: unable to read RDB block 0
[   34.154490]  loop0: unable to read partition table
[   34.154919] loop0: partition table beyond EOD, truncated
[   34.198579] loop0: detected capacity change from 0 to 8192
[   34.209797]  loop0: p1 p2 p3 p4
[   34.210106] loop0: partition table partially beyond EOD, truncated
[   34.211046] loop0: p3 start 520097793 is beyond EOD, truncated
[   34.211567] loop0: p4 start 524032 is beyond EOD, truncated
[   34.213242]  loop0: p1 p2 p3 p4
[   34.213435] loop0: partition table partially beyond EOD, truncated
[   34.213740] tpm tpm0: Operation Canceled
[   34.214393] loop0: p3 start 520097793 is beyond EOD, truncated
[   34.214703] loop0: p4 start 524032 is beyond EOD, truncated
[   34.287917] loop0: detected capacity change from 0 to 8192
[   34.298101]  loop0: p1 p2 p3 p4
[   34.298429] loop0: partition table partially beyond EOD, truncated
[   34.299732] loop0: p3 start 520097793 is beyond EOD, truncated
[   34.300291] loop0: p4 start 524032 is beyond EOD, truncated
[   34.303047] tpm tpm0: Operation Canceled
[   34.304239]  loop0: p1 p2 p3 p4
[   34.304446] loop0: partition table partially beyond EOD, truncated
[   34.305504] loop0: p3 start 520097793 is beyond EOD, truncated
[   34.305883] loop0: p4 start 524032 is beyond EOD, truncated
[   34.356575] loop0: detected capacity change from 0 to 8192
[   34.378843]  loop0: p1 p2 p3 p4
[   34.379178] loop0: partition table partially beyond EOD, truncated
[   34.380198] loop0: p3 start 520097793 is beyond EOD, truncated
[   34.380745] loop0: p4 start 524032 is beyond EOD, truncated
[   34.382382] tpm tpm0: Operation Canceled
[   34.383448]  loop0: p1 p2 p3 p4
[   34.383764] loop0: partition table partially beyond EOD, truncated
[   34.384797] loop0: p3 start 520097793 is beyond EOD, truncated
[   34.385378] loop0: p4 start 524032 is beyond EOD, truncated
[   34.430948] loop0: detected capacity change from 0 to 8192
[   34.441422]  loop0: p1 p2 p3 p4
[   34.441625] loop0: partition table partially beyond EOD, truncated
[   34.444573] loop0: p3 start 520097793 is beyond EOD, truncated
[   34.445156] loop0: p4 start 524032 is beyond EOD, truncated
[   34.448675]  loop0: p1 p2 p3 p4
[   34.449015] loop0: partition table partially beyond EOD, truncated
[   34.449991] loop0: p3 start 520097793 is beyond EOD, truncated
[   34.450543] loop0: p4 start 524032 is beyond EOD, truncated
[   34.496061] loop0: detected capacity change from 0 to 8192
[   34.517631]  loop0: p1 p2 p3 p4
[   34.517974] loop0: partition table partially beyond EOD, truncated
[   34.519108] loop0: p3 start 520097793 is beyond EOD, truncated
[   34.519669] loop0: p4 start 524032 is beyond EOD, truncated
[   34.523356] tpm tpm0: Operation Canceled
[   34.574876] loop0: detected capacity change from 0 to 8192
[   34.585484]  loop0: p1 p2 p3 p4
[   34.585814] loop0: partition table partially beyond EOD, truncated
[   34.586826] loop0: p3 start 520097793 is beyond EOD, truncated
[   34.587383] loop0: p4 start 524032 is beyond EOD, truncated
[   34.589211] tpm tpm0: Operation Canceled
[   34.617661] ldm_validate_partition_table(): Disk read failed.
[   34.618210] Dev loop0: unable to read RDB block 0
[   34.618649]  loop0: unable to read partition table
[   34.619094] loop0: partition table beyond EOD, truncated
[   34.650890] loop0: detected capacity change from 0 to 8192
[   34.669592]  loop0: p1 p2 p3 p4
[   34.669936] loop0: partition table partially beyond EOD, truncated
[   34.671110] loop0: p3 start 520097793 is beyond EOD, truncated
[   34.671667] loop0: p4 start 524032 is beyond EOD, truncated
[   34.673700] tpm tpm0: Operation Canceled
[   34.729781] loop0: detected capacity change from 0 to 8192
[   34.741571]  loop0: p1 p2 p3 p4
[   34.741920] loop0: partition table partially beyond EOD, truncated
[   34.746232] loop0: p3 start 520097793 is beyond EOD, truncated
[   34.746814] loop0: p4 start 524032 is beyond EOD, truncated
[   34.748456] tpm tpm0: Operation Canceled
[   34.808192] loop0: detected capacity change from 0 to 8192
[   34.813772]  loop0: p1 p2 p3 p4
[   34.814113] loop0: partition table partially beyond EOD, truncated
[   34.818179] loop0: p3 start 520097793 is beyond EOD, truncated
[   34.818778] loop0: p4 start 524032 is beyond EOD, truncated
[   34.820728]  loop0: p1 p2 p3 p4
[   34.821059] loop0: partition table partially beyond EOD, truncated
[   34.822075] loop0: p3 start 520097793 is beyond EOD, truncated
[   34.822649] loop0: p4 start 524032 is beyond EOD, truncated
[   34.828065] tpm tpm0: Operation Canceled
[   34.896198] loop0: detected capacity change from 0 to 8192
[   34.905526]  loop0: p1 p2 p3 p4
[   34.905850] loop0: partition table partially beyond EOD, truncated
[   34.906833] loop0: p3 start 520097793 is beyond EOD, truncated
[   34.907177] loop0: p4 start 524032 is beyond EOD, truncated
[   34.908583] tpm tpm0: Operation Canceled
[   34.909143]  loop0: p1 p2 p3 p4
[   34.909374] loop0: partition table partially beyond EOD, truncated
[   34.910786] loop0: p3 start 520097793 is beyond EOD, truncated
[   34.911113] loop0: p4 start 524032 is beyond EOD, truncated
[   34.970072] loop0: detected capacity change from 0 to 8192
[   34.981371]  loop0: p1 p2 p3 p4
[   34.981696] loop0: partition table partially beyond EOD, truncated
[   34.982720] loop0: p3 start 520097793 is beyond EOD, truncated
[   34.983273] loop0: p4 start 524032 is beyond EOD, truncated
[   34.984911] tpm tpm0: Operation Canceled
[   34.985623]  loop0: p1 p2 p3 p4
[   34.985826] loop0: partition table partially beyond EOD, truncated
[   34.986461] loop0: p3 start 520097793 is beyond EOD, truncated
[   34.986783] loop0: p4 start 524032 is beyond EOD, truncated
[   35.023726] loop0: detected capacity change from 0 to 8192
[   35.029674]  loop0: p1 p2 p3 p4
[   35.029871] loop0: partition table partially beyond EOD, truncated
[   35.030518] loop0: p3 start 520097793 is beyond EOD, truncated
[   35.030861] loop0: p4 start 524032 is beyond EOD, truncated
[   35.032387] tpm tpm0: Operation Canceled
[   35.080676] loop0: detected capacity change from 0 to 8192
[   35.089459]  loop0: p1 p2 p3 p4
[   35.089791] loop0: partition table partially beyond EOD, truncated
[   35.091966] loop0: p3 start 520097793 is beyond EOD, truncated
[   35.092544] loop0: p4 start 524032 is beyond EOD, truncated
[   35.094847] tpm tpm0: Operation Canceled
[   35.114497] loop0: detected capacity change from 0 to 8192
[   35.125338]  loop0: p1 p2 p3 p4
[   35.125551] loop0: partition table partially beyond EOD, truncated
[   35.126251] loop0: p3 start 520097793 is beyond EOD, truncated
[   35.126588] loop0: p4 start 524032 is beyond EOD, truncated
[   35.165932] loop0: detected capacity change from 0 to 8192
[   35.181883]  loop0: p1 p2 p3 p4
[   35.182203] loop0: partition table partially beyond EOD, truncated
[   35.183254] loop0: p3 start 520097793 is beyond EOD, truncated
[   35.183810] loop0: p4 start 524032 is beyond EOD, truncated
[   35.186634]  loop0: p1 p2 p3 p4
[   35.186652] tpm tpm0: Operation Canceled
[   35.186964] loop0: partition table partially beyond EOD, truncated
[   35.187386] loop0: p3 start 520097793 is beyond EOD, truncated
[   35.188449] loop0: p4 start 524032 is beyond EOD, truncated
[   35.229342] loop0: detected capacity change from 0 to 8192
[   35.238645]  loop0: p1 p2 p3 p4
[   35.238974] loop0: partition table partially beyond EOD, truncated
[   35.240329] loop0: p3 start 520097793 is beyond EOD, truncated
[   35.240907] loop0: p4 start 524032 is beyond EOD, truncated
[   35.244156] tpm tpm0: Operation Canceled
[   35.290913] loop0: detected capacity change from 0 to 8192
[   35.301728]  loop0: p1 p2 p3 p4
[   35.301921] loop0: partition table partially beyond EOD, truncated
[   35.302587] loop0: p3 start 520097793 is beyond EOD, truncated
[   35.302912] loop0: p4 start 524032 is beyond EOD, truncated
[   35.304902]  loop0: p1 p2 p3 p4
[   35.305107] loop0: partition table partially beyond EOD, truncated
[   35.306755] loop0: p3 start 520097793 is beyond EOD, truncated
[   35.307084] loop0: p4 start 524032 is beyond EOD, truncated
[   35.350242] loop0: detected capacity change from 0 to 8192
[   35.365993]  loop0: p1 p2 p3 p4
[   35.366313] loop0: partition table partially beyond EOD, truncated
[   35.367629] loop0: p3 start 520097793 is beyond EOD, truncated
[   35.368191] loop0: p4 start 524032 is beyond EOD, truncated
[   35.370157] tpm tpm0: Operation Canceled
[   35.424271] loop0: detected capacity change from 0 to 8192
[   35.437734]  loop0: p1 p2 p3 p4
[   35.438038] loop0: partition table partially beyond EOD, truncated
[   35.439024] loop0: p3 start 520097793 is beyond EOD, truncated
[   35.439568] loop0: p4 start 524032 is beyond EOD, truncated
[   35.441122]  loop0: p1 p2 p3 p4
[   35.441200] tpm tpm0: Operation Canceled
[   35.441343] loop0: partition table partially beyond EOD, truncated
[   35.444315] loop0: p3 start 520097793 is beyond EOD, truncated
[   35.444631] loop0: p4 start 524032 is beyond EOD, truncated
[   35.495411] loop0: detected capacity change from 0 to 8192
[   35.509584]  loop0: p1 p2 p3 p4
[   35.509768] loop0: partition table partially beyond EOD, truncated
[   35.511331] loop0: p3 start 520097793 is beyond EOD, truncated
[   35.511648] loop0: p4 start 524032 is beyond EOD, truncated
[   35.550009] loop0: detected capacity change from 0 to 8192
[   35.565374]  loop0: p1 p2 p3 p4
[   35.565559] loop0: partition table partially beyond EOD, truncated
[   35.566173] loop0: p3 start 520097793 is beyond EOD, truncated
[   35.566480] loop0: p4 start 524032 is beyond EOD, truncated
[   35.571580] tpm tpm0: Operation Canceled
[   35.571910]  loop0: p1 p2 p3 p4
[   35.572228] loop0: partition table partially beyond EOD, truncated
[   35.573672] loop0: p3 start 520097793 is beyond EOD, truncated
[   35.574220] loop0: p4 start 524032 is beyond EOD, truncated
[   35.597853] loop0: detected capacity change from 0 to 8192
[   35.617842]  loop0: p1 p2 p3 p4
[   35.618023] loop0: partition table partially beyond EOD, truncated
[   35.619804] loop0: p3 start 520097793 is beyond EOD, truncated
[   35.620133] loop0: p4 start 524032 is beyond EOD, truncated
[   35.637351] __loop_clr_fd: partition scan of loop0 failed (rc=-16)
[   35.655841] loop0: detected capacity change from 0 to 8192
[   35.665491]  loop0: p1 p2 p3 p4
[   35.665727] loop0: partition table partially beyond EOD, truncated
[   35.666515] loop0: p3 start 520097793 is beyond EOD, truncated
[   35.666886] loop0: p4 start 524032 is beyond EOD, truncated
[   35.668514] tpm tpm0: Operation Canceled
[   35.705414] loop0: detected capacity change from 0 to 8192
[   35.721620]  loop0: p1 p2 p3 p4
[   35.721801] loop0: partition table partially beyond EOD, truncated
[   35.722411] loop0: p3 start 520097793 is beyond EOD, truncated
[   35.722721] loop0: p4 start 524032 is beyond EOD, truncated
[   35.727854]  loop0: p1 p2 p3 p4
[   35.728177] loop0: partition table partially beyond EOD, truncated
[   35.729114] loop0: p3 start 520097793 is beyond EOD, truncated
[   35.729711] loop0: p4 start 524032 is beyond EOD, truncated
[   35.789231] loop0: detected capacity change from 0 to 8192
[   35.801489]  loop0: p1 p2 p3 p4
[   35.801806] loop0: partition table partially beyond EOD, truncated
[   35.802792] loop0: p3 start 520097793 is beyond EOD, truncated
[   35.803336] loop0: p4 start 524032 is beyond EOD, truncated
[   35.807519] tpm tpm0: Operation Canceled
[   35.810249]  loop0: p1 p2 p3 p4
[   35.810572] loop0: partition table partially beyond EOD, truncated
[   35.811510] loop0: p3 start 520097793 is beyond EOD, truncated
[   35.812056] loop0: p4 start 524032 is beyond EOD, truncated
[   35.848007] loop0: detected capacity change from 0 to 8192
[   35.861803]  loop0: p1 p2 p3 p4
[   35.862132] loop0: partition table partially beyond EOD, truncated
[   35.863173] loop0: p3 start 520097793 is beyond EOD, truncated
[   35.863713] loop0: p4 start 524032 is beyond EOD, truncated
[   35.867536] tpm tpm0: Operation Canceled
[   35.937315] loop0: detected capacity change from 0 to 8192
[   35.965421]  loop0: p1 p2 p3 p4
[   35.965733] loop0: partition table partially beyond EOD, truncated
[   35.967910] loop0: p3 start 520097793 is beyond EOD, truncated
[   35.968478] loop0: p4 start 524032 is beyond EOD, truncated
[   35.970669]  loop0: p1 p2 p3 p4
[   35.970811] tpm tpm0: Operation Canceled
[   35.970995] loop0: partition table partially beyond EOD, truncated
[   35.972307] loop0: p3 start 520097793 is beyond EOD, truncated
[   35.972871] loop0: p4 start 524032 is beyond EOD, truncated
[   36.025227] loop0: detected capacity change from 0 to 8192
[   36.041917]  loop0: p1 p2 p3 p4
[   36.042239] loop0: partition table partially beyond EOD, truncated
[   36.043306] loop0: p3 start 520097793 is beyond EOD, truncated
[   36.043871] loop0: p4 start 524032 is beyond EOD, truncated
[   36.046706] tpm tpm0: Operation Canceled
[   36.047553]  loop0: p1 p2 p3 p4
[   36.047884] loop0: partition table partially beyond EOD, truncated
[   36.050008] loop0: p3 start 520097793 is beyond EOD, truncated
[   36.050572] loop0: p4 start 524032 is beyond EOD, truncated
[   36.114726] loop0: detected capacity change from 0 to 8192
[   36.125728]  loop0: p1 p2 p3 p4
[   36.125934] loop0: partition table partially beyond EOD, truncated
[   36.126607] loop0: p3 start 520097793 is beyond EOD, truncated
