[    0.000000] Linux version 6.1.0-b3-1ca06f1c1ace+ (root@xpf.sh.intel.com) (gcc (GCC) 8.5.0 20210514 (Red Hat 8.5.0-18), GNU ld version 2.36.1-2.el8) #8 SMP PREEMPT_DYNAMIC Thu Apr  6 13:33:23 CST 2023
[    0.000000] Command line: BOOT_IMAGE=(hd0,gpt2)/boot/vmlinuz-6.1.0-b3-1ca06f1c1ace+ root=UUID=77b5d696-7bf5-4a06-bfd3-6fd24ec0d8f7 ro crashkernel=auto resume=/dev/mapper/cs-swap rd.lvm.lv=cs/swap rhgb quiet log_buf_len=4M thunderbolt.dyndbg
[    0.000000] KERNEL supported cpus:
[    0.000000]   Intel GenuineIntel
[    0.000000]   AMD AuthenticAMD
[    0.000000]   Hygon HygonGenuine
[    0.000000]   Centaur CentaurHauls
[    0.000000]   zhaoxin   Shanghai  
[    0.000000] x86/split lock detection: #AC: crashing the kernel on kernel split_locks and warning on user-space split_locks
[    0.000000] x86/fpu: Supporting XSAVE feature 0x001: 'x87 floating point registers'
[    0.000000] x86/fpu: Supporting XSAVE feature 0x002: 'SSE registers'
[    0.000000] x86/fpu: Supporting XSAVE feature 0x004: 'AVX registers'
[    0.000000] x86/fpu: Supporting XSAVE feature 0x020: 'AVX-512 opmask'
[    0.000000] x86/fpu: Supporting XSAVE feature 0x040: 'AVX-512 Hi256'
[    0.000000] x86/fpu: Supporting XSAVE feature 0x080: 'AVX-512 ZMM_Hi256'
[    0.000000] x86/fpu: Supporting XSAVE feature 0x200: 'Protection Keys User registers'
[    0.000000] x86/fpu: xstate_offset[2]:  576, xstate_sizes[2]:  256
[    0.000000] x86/fpu: xstate_offset[5]:  832, xstate_sizes[5]:   64
[    0.000000] x86/fpu: xstate_offset[6]:  896, xstate_sizes[6]:  512
[    0.000000] x86/fpu: xstate_offset[7]: 1408, xstate_sizes[7]: 1024
[    0.000000] x86/fpu: xstate_offset[9]: 2432, xstate_sizes[9]:    8
[    0.000000] x86/fpu: Enabled xstate features 0x2e7, context size is 2440 bytes, using 'compacted' format.
[    0.000000] signal: max sigframe size: 3632
[    0.000000] BIOS-provided physical RAM map:
[    0.000000] BIOS-e820: [mem 0x0000000000000000-0x000000000009efff] usable
[    0.000000] BIOS-e820: [mem 0x000000000009f000-0x00000000000fffff] reserved
[    0.000000] BIOS-e820: [mem 0x0000000000100000-0x00000000416dbfff] usable
[    0.000000] BIOS-e820: [mem 0x00000000416dc000-0x0000000044a47fff] reserved
[    0.000000] BIOS-e820: [mem 0x0000000044a48000-0x0000000044b32fff] ACPI NVS
[    0.000000] BIOS-e820: [mem 0x0000000044b33000-0x0000000044bfefff] ACPI data
[    0.000000] BIOS-e820: [mem 0x0000000044bff000-0x0000000044bfffff] usable
[    0.000000] BIOS-e820: [mem 0x0000000044c00000-0x0000000048ffffff] reserved
[    0.000000] BIOS-e820: [mem 0x0000000049400000-0x00000000495fffff] reserved
[    0.000000] BIOS-e820: [mem 0x000000004a200000-0x00000000503fffff] reserved
[    0.000000] BIOS-e820: [mem 0x00000000c0000000-0x00000000cfffffff] reserved
[    0.000000] BIOS-e820: [mem 0x00000000fed20000-0x00000000fed7ffff] reserved
[    0.000000] BIOS-e820: [mem 0x00000000ff400000-0x00000000ffffffff] reserved
[    0.000000] BIOS-e820: [mem 0x0000000100000000-0x00000008afbfffff] usable
[    0.000000] NX (Execute Disable) protection: active
[    0.000000] efi: EFI v2.70 by Intel
[    0.000000] efi: ACPI=0x44bfe000 ACPI 2.0=0x44bfe014 TPMFinalLog=0x44a98000 SMBIOS=0x417b1000 MEMATTR=0x3dbc6418 ESRT=0x3d8fe298 RNG=0x44b51018 TPMEventLog=0x3dbb4018 
[    0.000000] random: crng init done
[    0.000000] SMBIOS 3.2 present.
[    0.000000] DMI: Intel Corporation Tiger Lake Client Platform/TigerLake H DDR4 SODIMM RVP, BIOS TGLSFWI1.R00.4043.A00.2101202035 01/20/2021
[    0.000000] tsc: Detected 3100.000 MHz processor
[    0.000000] tsc: Detected 3110.400 MHz TSC
[    0.000004] e820: update [mem 0x00000000-0x00000fff] usable ==> reserved
[    0.000006] e820: remove [mem 0x000a0000-0x000fffff] usable
[    0.000011] last_pfn = 0x8afc00 max_arch_pfn = 0x400000000
[    0.000013] x86/PAT: Configuration [0-7]: WB  WC  UC- UC  WB  WP  UC- WT  
[    0.000443] last_pfn = 0x44c00 max_arch_pfn = 0x400000000
[    0.007293] esrt: Reserving ESRT space from 0x000000003d8fe298 to 0x000000003d8fe3e8.
[    0.007302] e820: update [mem 0x3d8fe000-0x3d8fefff] usable ==> reserved
[    0.007332] Using GB pages for direct mapping
[    0.009078] printk: log_buf_len: 4194304 bytes
[    0.009080] printk: early log buf free: 258320(98%)
[    0.009081] Secure boot disabled
[    0.009081] RAMDISK: [mem 0x268ae000-0x299f9fff]
[    0.009084] ACPI: Early table checksum verification disabled
[    0.009088] ACPI: RSDP 0x0000000044BFE014 000024 (v02 INTEL )
[    0.009091] ACPI: XSDT 0x0000000044B59188 000104 (v01 INTEL  TGL-ULT  00000002      01000013)
[    0.009096] ACPI: FACP 0x0000000044BEF000 000114 (v06 INTEL  TGL-ULT  00000002      01000013)
[    0.009100] ACPI: DSDT 0x0000000044B80000 06BB01 (v02 INTEL  TGL-ULT  00000002      01000013)
[    0.009102] ACPI: FACS 0x0000000044A83000 000040
[    0.009104] ACPI: SSDT 0x0000000044BFA000 002576 (v02 CpuRef CpuSsdt  00003000 INTL 20191018)
[    0.009106] ACPI: SSDT 0x0000000044BF4000 005926 (v02 DptfTb DptfTabl 00001000 INTL 20191018)
[    0.009109] ACPI: SSDT 0x0000000044BF3000 00060E (v02 INTEL  Tpm2Tabl 00001000 INTL 20191018)
[    0.009111] ACPI: TPM2 0x0000000044BF2000 00004C (v04 INTEL  TGL-ULT  00000002      01000013)
[    0.009113] ACPI: SSDT 0x0000000044BF1000 0005D4 (v02 Intel  PerfTune 00001000 INTL 20191018)
[    0.009115] ACPI: ECDT 0x0000000044BF0000 000069 (v01 INTEL  TGL-ULT  00000002      01000013)
[    0.009118] ACPI: HPET 0x0000000044BEE000 000038 (v01 INTEL  TGL-ULT  00000002      01000013)
[    0.009120] ACPI: APIC 0x0000000044BED000 00012C (v04 INTEL  TGL-ULT  00000002      01000013)
[    0.009122] ACPI: MCFG 0x0000000044BEC000 00003C (v01 INTEL  TGL-ULT  00000002      01000013)
[    0.009124] ACPI: SSDT 0x0000000044B78000 007E05 (v02 INTEL  TglH_Rvp 00001000 INTL 20191018)
[    0.009126] ACPI: SSDT 0x0000000044B77000 000E94 (v02 INTEL  Ther_Rvp 00001000 INTL 20191018)
[    0.009128] ACPI: NHLT 0x0000000044B75000 001871 (v00 INTEL  TGL-ULT  00000002      01000013)
[    0.009130] ACPI: SSDT 0x0000000044B71000 003D7A (v02 SaSsdt SaSsdt   00003000 INTL 20191018)
[    0.009133] ACPI: SSDT 0x0000000044B6D000 0034DF (v02 INTEL  IgfxSsdt 00003000 INTL 20191018)
[    0.009135] ACPI: SSDT 0x0000000044B61000 00BD15 (v02 INTEL  TcssSsdt 00001000 INTL 20191018)
[    0.009137] ACPI: LPIT 0x0000000044B60000 0000CC (v01 INTEL  TGL-ULT  00000002      01000013)
[    0.009139] ACPI: WSMT 0x0000000044B5F000 000028 (v01 INTEL  TGL-ULT  00000002      01000013)
[    0.009141] ACPI: SSDT 0x0000000044B5C000 002720 (v02 INTEL  PtidDevc 00001000 INTL 20191018)
[    0.009143] ACPI: SSDT 0x0000000044B5B000 00012A (v02 INTEL  TbtTypeC 00000000 INTL 20191018)
[    0.009146] ACPI: DBGP 0x0000000044B5A000 000034 (v01 INTEL  TGL-ULT  00000002      01000013)
[    0.009148] ACPI: DBG2 0x0000000044BFD000 000054 (v00 INTEL  TGL-ULT  00000002      01000013)
[    0.009150] ACPI: SSDT 0x0000000044B57000 0015FC (v02 INTEL  UsbCTabl 00001000 INTL 20191018)
[    0.009152] ACPI: DMAR 0x0000000044B56000 0000E8 (v02 INTEL  ICL      00000002      01000013)
[    0.009154] ACPI: SSDT 0x0000000044B55000 000B02 (v02 INTEL  xh_thdd4 00000000 INTL 20191018)
[    0.009156] ACPI: SSDT 0x0000000044B54000 000144 (v02 Intel  ADebTabl 00001000 INTL 20191018)
[    0.009159] ACPI: PTDT 0x0000000044B53000 000D44 (v00 INTEL  TGL-ULT  00000005 MSFT 0100000D)
[    0.009161] ACPI: FPDT 0x0000000044B52000 000044 (v01 INTEL  TGL-ULT  00000002      01000013)
[    0.009162] ACPI: Reserving FACP table memory at [mem 0x44bef000-0x44bef113]
[    0.009164] ACPI: Reserving DSDT table memory at [mem 0x44b80000-0x44bebb00]
[    0.009164] ACPI: Reserving FACS table memory at [mem 0x44a83000-0x44a8303f]
[    0.009165] ACPI: Reserving SSDT table memory at [mem 0x44bfa000-0x44bfc575]
[    0.009165] ACPI: Reserving SSDT table memory at [mem 0x44bf4000-0x44bf9925]
[    0.009166] ACPI: Reserving SSDT table memory at [mem 0x44bf3000-0x44bf360d]
[    0.009166] ACPI: Reserving TPM2 table memory at [mem 0x44bf2000-0x44bf204b]
[    0.009167] ACPI: Reserving SSDT table memory at [mem 0x44bf1000-0x44bf15d3]
[    0.009167] ACPI: Reserving ECDT table memory at [mem 0x44bf0000-0x44bf0068]
[    0.009168] ACPI: Reserving HPET table memory at [mem 0x44bee000-0x44bee037]
[    0.009168] ACPI: Reserving APIC table memory at [mem 0x44bed000-0x44bed12b]
[    0.009169] ACPI: Reserving MCFG table memory at [mem 0x44bec000-0x44bec03b]
[    0.009169] ACPI: Reserving SSDT table memory at [mem 0x44b78000-0x44b7fe04]
[    0.009170] ACPI: Reserving SSDT table memory at [mem 0x44b77000-0x44b77e93]
[    0.009170] ACPI: Reserving NHLT table memory at [mem 0x44b75000-0x44b76870]
[    0.009171] ACPI: Reserving SSDT table memory at [mem 0x44b71000-0x44b74d79]
[    0.009172] ACPI: Reserving SSDT table memory at [mem 0x44b6d000-0x44b704de]
[    0.009172] ACPI: Reserving SSDT table memory at [mem 0x44b61000-0x44b6cd14]
[    0.009173] ACPI: Reserving LPIT table memory at [mem 0x44b60000-0x44b600cb]
[    0.009173] ACPI: Reserving WSMT table memory at [mem 0x44b5f000-0x44b5f027]
[    0.009174] ACPI: Reserving SSDT table memory at [mem 0x44b5c000-0x44b5e71f]
[    0.009174] ACPI: Reserving SSDT table memory at [mem 0x44b5b000-0x44b5b129]
[    0.009175] ACPI: Reserving DBGP table memory at [mem 0x44b5a000-0x44b5a033]
[    0.009175] ACPI: Reserving DBG2 table memory at [mem 0x44bfd000-0x44bfd053]
[    0.009176] ACPI: Reserving SSDT table memory at [mem 0x44b57000-0x44b585fb]
[    0.009176] ACPI: Reserving DMAR table memory at [mem 0x44b56000-0x44b560e7]
[    0.009177] ACPI: Reserving SSDT table memory at [mem 0x44b55000-0x44b55b01]
[    0.009177] ACPI: Reserving SSDT table memory at [mem 0x44b54000-0x44b54143]
[    0.009178] ACPI: Reserving PTDT table memory at [mem 0x44b53000-0x44b53d43]
[    0.009178] ACPI: Reserving FPDT table memory at [mem 0x44b52000-0x44b52043]
[    0.009520] No NUMA configuration found
[    0.009521] Faking a node at [mem 0x0000000000000000-0x00000008afbfffff]
[    0.009529] NODE_DATA(0) allocated [mem 0x8ae9d5000-0x8ae9fffff]
[    0.009646] crashkernel: memory value expected
[    0.009681] Zone ranges:
[    0.009682]   DMA      [mem 0x0000000000001000-0x0000000000ffffff]
[    0.009683]   DMA32    [mem 0x0000000001000000-0x00000000ffffffff]
[    0.009684]   Normal   [mem 0x0000000100000000-0x00000008afbfffff]
[    0.009684]   Device   empty
[    0.009685] Movable zone start for each node
[    0.009687] Early memory node ranges
[    0.009687]   node   0: [mem 0x0000000000001000-0x000000000009efff]
[    0.009688]   node   0: [mem 0x0000000000100000-0x00000000416dbfff]
[    0.009689]   node   0: [mem 0x0000000044bff000-0x0000000044bfffff]
[    0.009689]   node   0: [mem 0x0000000100000000-0x00000008afbfffff]
[    0.009692] Initmem setup node 0 [mem 0x0000000000001000-0x00000008afbfffff]
[    0.009695] On node 0, zone DMA: 1 pages in unavailable ranges
[    0.009712] On node 0, zone DMA: 97 pages in unavailable ranges
[    0.010970] On node 0, zone DMA32: 13603 pages in unavailable ranges
[    0.044558] On node 0, zone Normal: 13312 pages in unavailable ranges
[    0.044564] On node 0, zone Normal: 1024 pages in unavailable ranges
[    0.044604] Reserving Intel graphics memory at [mem 0x4c800000-0x503fffff]
[    0.045682] ACPI: PM-Timer IO Port: 0x1808
[    0.045689] ACPI: LAPIC_NMI (acpi_id[0x01] high edge lint[0x1])
[    0.045690] ACPI: LAPIC_NMI (acpi_id[0x02] high edge lint[0x1])
[    0.045691] ACPI: LAPIC_NMI (acpi_id[0x03] high edge lint[0x1])
[    0.045691] ACPI: LAPIC_NMI (acpi_id[0x04] high edge lint[0x1])
[    0.045692] ACPI: LAPIC_NMI (acpi_id[0x05] high edge lint[0x1])
[    0.045692] ACPI: LAPIC_NMI (acpi_id[0x06] high edge lint[0x1])
[    0.045693] ACPI: LAPIC_NMI (acpi_id[0x07] high edge lint[0x1])
[    0.045693] ACPI: LAPIC_NMI (acpi_id[0x08] high edge lint[0x1])
[    0.045693] ACPI: LAPIC_NMI (acpi_id[0x09] high edge lint[0x1])
[    0.045694] ACPI: LAPIC_NMI (acpi_id[0x0a] high edge lint[0x1])
[    0.045694] ACPI: LAPIC_NMI (acpi_id[0x0b] high edge lint[0x1])
[    0.045695] ACPI: LAPIC_NMI (acpi_id[0x0c] high edge lint[0x1])
[    0.045695] ACPI: LAPIC_NMI (acpi_id[0x0d] high edge lint[0x1])
[    0.045696] ACPI: LAPIC_NMI (acpi_id[0x0e] high edge lint[0x1])
[    0.045696] ACPI: LAPIC_NMI (acpi_id[0x0f] high edge lint[0x1])
[    0.045697] ACPI: LAPIC_NMI (acpi_id[0x10] high edge lint[0x1])
[    0.045751] IOAPIC[0]: apic_id 2, version 32, address 0xfec00000, GSI 0-119
[    0.045754] ACPI: INT_SRC_OVR (bus 0 bus_irq 0 global_irq 2 dfl dfl)
[    0.045756] ACPI: INT_SRC_OVR (bus 0 bus_irq 9 global_irq 9 high level)
[    0.045759] ACPI: Using ACPI (MADT) for SMP configuration information
[    0.045760] ACPI: HPET id: 0x8086a201 base: 0xfed00000
[    0.045765] TSC deadline timer available
[    0.045766] smpboot: Allowing 16 CPUs, 0 hotplug CPUs
[    0.045789] PM: hibernation: Registered nosave memory: [mem 0x00000000-0x00000fff]
[    0.045791] PM: hibernation: Registered nosave memory: [mem 0x0009f000-0x000fffff]
[    0.045793] PM: hibernation: Registered nosave memory: [mem 0x3d8fe000-0x3d8fefff]
[    0.045795] PM: hibernation: Registered nosave memory: [mem 0x416dc000-0x44a47fff]
[    0.045795] PM: hibernation: Registered nosave memory: [mem 0x44a48000-0x44b32fff]
[    0.045796] PM: hibernation: Registered nosave memory: [mem 0x44b33000-0x44bfefff]
[    0.045797] PM: hibernation: Registered nosave memory: [mem 0x44c00000-0x48ffffff]
[    0.045798] PM: hibernation: Registered nosave memory: [mem 0x49000000-0x493fffff]
[    0.045798] PM: hibernation: Registered nosave memory: [mem 0x49400000-0x495fffff]
[    0.045798] PM: hibernation: Registered nosave memory: [mem 0x49600000-0x4a1fffff]
[    0.045799] PM: hibernation: Registered nosave memory: [mem 0x4a200000-0x503fffff]
[    0.045799] PM: hibernation: Registered nosave memory: [mem 0x50400000-0xbfffffff]
[    0.045800] PM: hibernation: Registered nosave memory: [mem 0xc0000000-0xcfffffff]
[    0.045800] PM: hibernation: Registered nosave memory: [mem 0xd0000000-0xfed1ffff]
[    0.045801] PM: hibernation: Registered nosave memory: [mem 0xfed20000-0xfed7ffff]
[    0.045801] PM: hibernation: Registered nosave memory: [mem 0xfed80000-0xff3fffff]
[    0.045801] PM: hibernation: Registered nosave memory: [mem 0xff400000-0xffffffff]
[    0.045803] [mem 0x50400000-0xbfffffff] available for PCI devices
[    0.045805] Booting paravirtualized kernel on bare hardware
[    0.045807] clocksource: refined-jiffies: mask: 0xffffffff max_cycles: 0xffffffff, max_idle_ns: 7645519600211568 ns
[    0.045813] setup_percpu: NR_CPUS:8192 nr_cpumask_bits:16 nr_cpu_ids:16 nr_node_ids:1
[    0.046149] percpu: Embedded 62 pages/cpu s217088 r8192 d28672 u262144
[    0.046156] pcpu-alloc: s217088 r8192 d28672 u262144 alloc=1*2097152
[    0.046158] pcpu-alloc: [0] 00 01 02 03 04 05 06 07 [0] 08 09 10 11 12 13 14 15 
[    0.046191] Fallback order for Node 0: 0 
[    0.046194] Built 1 zonelists, mobility grouping on.  Total pages: 8197521
[    0.046195] Policy zone: Normal
[    0.046196] Kernel command line: BOOT_IMAGE=(hd0,gpt2)/boot/vmlinuz-6.1.0-b3-1ca06f1c1ace+ root=UUID=77b5d696-7bf5-4a06-bfd3-6fd24ec0d8f7 ro crashkernel=auto resume=/dev/mapper/cs-swap rd.lvm.lv=cs/swap rhgb quiet log_buf_len=4M thunderbolt.dyndbg
[    0.046302] Unknown kernel command line parameters "rhgb BOOT_IMAGE=(hd0,gpt2)/boot/vmlinuz-6.1.0-b3-1ca06f1c1ace+", will be passed to user space.
[    0.047409] Dentry cache hash table entries: 4194304 (order: 13, 33554432 bytes, linear)
[    0.047956] Inode-cache hash table entries: 2097152 (order: 12, 16777216 bytes, linear)
[    0.048087] mem auto-init: stack:off, heap alloc:off, heap free:off
[    0.048102] software IO TLB: area num 16.
[    0.097891] Memory: 32482072K/33311212K available (20493K kernel code, 3642K rwdata, 7100K rodata, 3388K init, 9160K bss, 828880K reserved, 0K cma-reserved)
[    0.098756] SLUB: HWalign=64, Order=0-3, MinObjects=0, CPUs=16, Nodes=1
[    0.098758] kmemleak: Kernel memory leak detector disabled
[    0.098767] ftrace: allocating 62252 entries in 244 pages
[    0.106488] ftrace: allocated 244 pages with 5 groups
[    0.107294] Dynamic Preempt: voluntary
[    0.107327] rcu: Preemptible hierarchical RCU implementation.
[    0.107328] rcu:     RCU restricting CPUs from NR_CPUS=8192 to nr_cpu_ids=16.
[    0.107329]  Trampoline variant of Tasks RCU enabled.
[    0.107329]  Rude variant of Tasks RCU enabled.
[    0.107329]  Tracing variant of Tasks RCU enabled.
[    0.107330] rcu: RCU calculated value of scheduler-enlistment delay is 25 jiffies.
[    0.107330] rcu: Adjusting geometry for rcu_fanout_leaf=16, nr_cpu_ids=16
[    0.110347] NR_IRQS: 524544, nr_irqs: 2184, preallocated irqs: 16
[    0.110664] rcu: srcu_init: Setting srcu_struct sizes based on contention.
[    0.110897] Console: colour dummy device 80x25
[    0.110899] printk: console [tty0] enabled
[    0.110923] ACPI: Core revision 20221020
[    0.111177] hpet: HPET dysfunctional in PC10. Force disabled.
[    0.111178] APIC: Switch to symmetric I/O mode setup
[    0.111180] DMAR: Host address width 39
[    0.111181] DMAR: DRHD base: 0x000000fed90000 flags: 0x0
[    0.111186] DMAR: dmar0: reg_base_addr fed90000 ver 4:0 cap 1c0000c40660462 ecap 29a00f0505e
[    0.111188] DMAR: DRHD base: 0x000000fed84000 flags: 0x0
[    0.111192] DMAR: dmar1: reg_base_addr fed84000 ver 1:0 cap d2008c40660462 ecap f050da
[    0.111194] DMAR: DRHD base: 0x000000fed85000 flags: 0x0
[    0.111197] DMAR: dmar2: reg_base_addr fed85000 ver 1:0 cap d2008c40660462 ecap f050da
[    0.111199] DMAR: DRHD base: 0x000000fed86000 flags: 0x0
[    0.111202] DMAR: dmar3: reg_base_addr fed86000 ver 1:0 cap d2008c40660462 ecap f050da
[    0.111203] DMAR: DRHD base: 0x000000fed87000 flags: 0x0
[    0.111206] DMAR: dmar4: reg_base_addr fed87000 ver 1:0 cap d2008c40660462 ecap f050da
[    0.111207] DMAR: DRHD base: 0x000000fed91000 flags: 0x1
[    0.111217] DMAR: dmar5: reg_base_addr fed91000 ver 1:0 cap d2008c40660462 ecap f050da
[    0.111218] DMAR: RMRR base: 0x0000004c000000 end: 0x000000503fffff
[    0.111221] DMAR-IR: IOAPIC id 2 under DRHD base  0xfed91000 IOMMU 5
[    0.111222] DMAR-IR: HPET id 0 under DRHD base 0xfed91000
[    0.111222] DMAR-IR: Queued invalidation will be enabled to support x2apic and Intr-remapping.
[    0.113422] DMAR-IR: Enabled IRQ remapping in x2apic mode
[    0.113424] x2apic enabled
[    0.113474] Switched APIC routing to cluster x2apic.
[    0.118005] clocksource: tsc-early: mask: 0xffffffffffffffff max_cycles: 0x2cd5a8bb032, max_idle_ns: 440795365915 ns
[    0.118012] Calibrating delay loop (skipped), value calculated using timer frequency.. 6220.80 BogoMIPS (lpj=12441600)
[    0.118014] pid_max: default: 32768 minimum: 301
[    0.119934] LSM: initializing lsm=capability,yama,integrity
[    0.119938] Yama: becoming mindful.
[    0.120006] Mount-cache hash table entries: 65536 (order: 7, 524288 bytes, linear)
[    0.120068] Mountpoint-cache hash table entries: 65536 (order: 7, 524288 bytes, linear)
[    0.120236] x86/tme: not enabled by BIOS
[    0.120243] CPU0: Thermal monitoring enabled (TM1)
[    0.120244] x86/cpu: User Mode Instruction Prevention (UMIP) activated
[    0.120353] process: using mwait in idle threads
[    0.120354] CET detected: Indirect Branch Tracking enabled
[    0.120356] Last level iTLB entries: 4KB 0, 2MB 0, 4MB 0
[    0.120356] Last level dTLB entries: 4KB 0, 2MB 0, 4MB 0, 1GB 0
[    0.120359] Spectre V1 : Mitigation: usercopy/swapgs barriers and __user pointer sanitization
[    0.120360] Spectre V2 : WARNING: Unprivileged eBPF is enabled with eIBRS on, data leaks possible via Spectre v2 BHB attacks!
[    0.120364] Spectre V2 : Mitigation: Enhanced IBRS
[    0.120364] Spectre V2 : Spectre v2 / SpectreRSB mitigation: Filling RSB on context switch
[    0.120365] Spectre V2 : Spectre v2 / PBRSB-eIBRS: Retire a single CALL on VMEXIT
[    0.120366] Spectre V2 : mitigation: Enabling conditional Indirect Branch Prediction Barrier
[    0.120367] Speculative Store Bypass: Mitigation: Speculative Store Bypass disabled via prctl
[    0.122009] Freeing SMP alternatives memory: 52K
[    0.122009] smpboot: CPU0: Genuine Intel(R) CPU 0000 @ 2.20GHz (family: 0x6, model: 0x8d, stepping: 0x0)
[    0.122009] cblist_init_generic: Setting adjustable number of callback queues.
[    0.122009] cblist_init_generic: Setting shift to 4 and lim to 1.
[    0.122009] cblist_init_generic: Setting shift to 4 and lim to 1.
[    0.122009] cblist_init_generic: Setting shift to 4 and lim to 1.
[    0.122009] Performance Events: PEBS fmt4+-baseline,  AnyThread deprecated, Icelake events, 32-deep LBR, full-width counters, Intel PMU driver.
[    0.122009] ... version:                5
[    0.122009] ... bit width:              48
[    0.122009] ... generic registers:      8
[    0.122009] ... value mask:             0000ffffffffffff
[    0.122009] ... max period:             00007fffffffffff
[    0.122009] ... fixed-purpose events:   4
[    0.122009] ... event mask:             0001000f000000ff
[    0.122009] Estimated ratio of average max frequency by base frequency (times 1024): 1420
[    0.122009] rcu: Hierarchical SRCU implementation.
[    0.122009] rcu:     Max phase no-delay instances is 1000.
[    0.122009] NMI watchdog: Enabled. Permanently consumes one hw-PMU counter.
[    0.122009] smp: Bringing up secondary CPUs ...
[    0.122009] x86: Booting SMP configuration:
[    0.122009] .... node  #0, CPUs:        #1  #2  #3  #4  #5  #6  #7  #8  #9 #10 #11 #12 #13 #14 #15
[    0.143606] smp: Brought up 1 node, 16 CPUs
[    0.143606] smpboot: Max logical packages: 1
[    0.143606] smpboot: Total of 16 processors activated (99532.80 BogoMIPS)
[    0.147036] devtmpfs: initialized
[    0.147036] x86/mm: Memory block size: 128MB
[    0.147707] ACPI: PM: Registering ACPI NVS region [mem 0x44a48000-0x44b32fff] (962560 bytes)
[    0.147707] clocksource: jiffies: mask: 0xffffffff max_cycles: 0xffffffff, max_idle_ns: 7645041785100000 ns
[    0.147707] futex hash table entries: 4096 (order: 6, 262144 bytes, linear)
[    0.147707] pinctrl core: initialized pinctrl subsystem

[    0.147707] *************************************************************
[    0.147707] **     NOTICE NOTICE NOTICE NOTICE NOTICE NOTICE NOTICE    **
[    0.147707] **                                                         **
[    0.147707] **  IOMMU DebugFS SUPPORT HAS BEEN ENABLED IN THIS KERNEL  **
[    0.147707] **                                                         **
[    0.147707] ** This means that this kernel is built to expose internal **
[    0.147707] ** IOMMU data structures, which may compromise security on **
[    0.147707] ** your system.                                            **
[    0.147707] **                                                         **
[    0.147707] ** If you see this message and you are not debugging the   **
[    0.147707] ** kernel, report this immediately to your vendor!         **
[    0.147707] **                                                         **
[    0.147707] **     NOTICE NOTICE NOTICE NOTICE NOTICE NOTICE NOTICE    **
[    0.147707] *************************************************************
[    0.147707] PM: RTC time: 13:33:49, date: 2023-04-06
[    0.147707] NET: Registered PF_NETLINK/PF_ROUTE protocol family
[    0.147707] DMA: preallocated 4096 KiB GFP_KERNEL pool for atomic allocations
[    0.147707] DMA: preallocated 4096 KiB GFP_KERNEL|GFP_DMA pool for atomic allocations
[    0.147707] DMA: preallocated 4096 KiB GFP_KERNEL|GFP_DMA32 pool for atomic allocations
[    0.147707] audit: initializing netlink subsys (disabled)
[    0.147707] audit: type=2000 audit(1680788029.028:1): state=initialized audit_enabled=0 res=1
[    0.147707] thermal_sys: Registered thermal governor 'fair_share'
[    0.147707] thermal_sys: Registered thermal governor 'bang_bang'
[    0.147707] thermal_sys: Registered thermal governor 'step_wise'
[    0.147707] thermal_sys: Registered thermal governor 'user_space'
[    0.147707] cpuidle: using governor ladder
[    0.147707] cpuidle: using governor menu
[    0.147707] acpiphp: ACPI Hot Plug PCI Controller Driver version: 0.5
[    0.147707] PCI: MMCONFIG for domain 0000 [bus 00-ff] at [mem 0xc0000000-0xcfffffff] (base 0xc0000000)
[    0.150014] PCI: MMCONFIG at [mem 0xc0000000-0xcfffffff] reserved in E820
[    0.150026] PCI: Using configuration type 1 for base access
[    0.150298] ENERGY_PERF_BIAS: Set to 'normal', was 'performance'
[    0.150307] kprobes: kprobe jump-optimization is enabled. All kprobes are optimized if possible.
[    0.150307] HugeTLB: registered 1.00 GiB page size, pre-allocated 0 pages
[    0.150307] HugeTLB: 16380 KiB vmemmap can be freed for a 1.00 GiB page
[    0.150307] HugeTLB: registered 2.00 MiB page size, pre-allocated 0 pages
[    0.150307] HugeTLB: 28 KiB vmemmap can be freed for a 2.00 MiB page
[    0.150307] ACPI: Added _OSI(Module Device)
[    0.150307] ACPI: Added _OSI(Processor Device)
[    0.150307] ACPI: Added _OSI(3.0 _SCP Extensions)
[    0.150307] ACPI: Added _OSI(Processor Aggregator Device)
[    0.225055] ACPI: 15 ACPI AML tables successfully acquired and loaded
[    0.226554] ACPI: EC: EC started
[    0.226555] ACPI: EC: interrupt blocked
[    0.384335] ACPI: EC: EC_CMD/EC_SC=0x66, EC_DATA=0x62
[    0.384336] ACPI: EC: Boot ECDT EC used to handle transactions
[    0.498589] ACPI: Dynamic OEM Table Load:
[    0.498589] ACPI: SSDT 0xFFFF9536C2F12800 0001CB (v02 PmRef  Cpu0Psd  00003000 INTL 20191018)
[    0.499496] ACPI: \_SB_.PR00: _OSC native thermal LVT Acked
[    0.502760] ACPI: Dynamic OEM Table Load:
[    0.502766] ACPI: SSDT 0xFFFF9536C1A79000 00047F (v02 PmRef  Cpu0Cst  00003001 INTL 20191018)
[    0.503905] ACPI: Dynamic OEM Table Load:
[    0.503910] ACPI: SSDT 0xFFFF9536C1A7B000 000626 (v02 PmRef  Cpu0Ist  00003000 INTL 20191018)
[    0.505128] ACPI: Dynamic OEM Table Load:
[    0.505133] ACPI: SSDT 0xFFFF9536C1A85C00 00028B (v02 PmRef  Cpu0Hwp  00003000 INTL 20191018)
[    0.506416] ACPI: Dynamic OEM Table Load:
[    0.506422] ACPI: SSDT 0xFFFF9536C1A88000 0008E7 (v02 PmRef  ApIst    00003000 INTL 20191018)
[    0.507683] ACPI: Dynamic OEM Table Load:
[    0.507687] ACPI: SSDT 0xFFFF9536C1A7D000 00048A (v02 PmRef  ApHwp    00003000 INTL 20191018)
[    0.508854] ACPI: Dynamic OEM Table Load:
[    0.508859] ACPI: SSDT 0xFFFF9536C1A7D800 0004D4 (v02 PmRef  ApPsd    00003000 INTL 20191018)
[    0.510012] ACPI: Dynamic OEM Table Load:
[    0.510016] ACPI: SSDT 0xFFFF9536C1A7B800 00048A (v02 PmRef  ApCst    00003000 INTL 20191018)
[    0.517635] ACPI: Interpreter enabled
[    0.517682] ACPI: PM: (supports S0 S3 S4 S5)
[    0.517683] ACPI: Using IOAPIC for interrupt routing
[    0.517721] PCI: Using host bridge windows from ACPI; if necessary, use "pci=nocrs" and report a bug
[    0.517722] PCI: Using E820 reservations for host bridge windows
[    0.519818] ACPI: Enabled 8 GPEs in block 00 to 7F
[    0.521193] ACPI: \_SB_.PC00.PEG0.PXP_: New power resource
[    0.646691] ACPI: \_SB_.PC00.PEG1.PXP_: New power resource
[    0.648644] ACPI: \_SB_.PC00.PEG2.PXP_: New power resource
[    0.650599] ACPI: \_SB_.PC00.PEG3.PXP_: New power resource
[    0.663464] ACPI: \_SB_.PC00.RP01.PXP_: New power resource
[    0.666965] ACPI: \_SB_.PC00.RP09.PXP_: New power resource
[    0.670587] ACPI: \_SB_.PC00.RP17.PXP_: New power resource
[    0.673127] ACPI: \_SB_.PC00.RP21.PXP_: New power resource
[    0.675207] ACPI: \_SB_.PC00.SAT0.VOL0.V0PR: New power resource
[    0.675594] ACPI: \_SB_.PC00.SAT0.VOL1.V1PR: New power resource
[    0.675978] ACPI: \_SB_.PC00.SAT0.VOL2.V2PR: New power resource
[    0.685743] ACPI: \_SB_.PC00.CNVW.WRST: New power resource
[    0.688875] ACPI: \_SB_.PC00.TBT0: New power resource
[    0.689170] ACPI: \_SB_.PC00.TBT1: New power resource
[    0.689460] ACPI: \_SB_.PC00.D3C_: New power resource
[    1.190313] ACPI: \_TZ_.FN00: New power resource
[    1.190367] ACPI: \_TZ_.FN01: New power resource
[    1.190418] ACPI: \_TZ_.FN02: New power resource
[    1.190473] ACPI: \_TZ_.FN03: New power resource
[    1.190522] ACPI: \_TZ_.FN04: New power resource
[    1.191048] ACPI: \PIN_: New power resource
[    1.191326] ACPI: PCI Root Bridge [PC00] (domain 0000 [bus 00-fe])
[    1.191331] acpi PNP0A08:00: _OSC: OS supports [ExtendedConfig ASPM ClockPM Segments MSI EDR HPX-Type3]
[    1.193015] acpi PNP0A08:00: _OSC: platform does not support [AER]
[    1.196376] acpi PNP0A08:00: _OSC: OS now controls [PCIeHotplug SHPCHotplug PME PCIeCapability LTR DPC]
[    1.200811] PCI host bridge to bus 0000:00
[    1.200812] pci_bus 0000:00: root bus resource [io  0x0000-0x0cf7 window]
[    1.200814] pci_bus 0000:00: root bus resource [io  0x0d00-0xffff window]
[    1.200815] pci_bus 0000:00: root bus resource [mem 0x000a0000-0x000bffff window]
[    1.200816] pci_bus 0000:00: root bus resource [mem 0x50400000-0xbfffffff window]
[    1.200816] pci_bus 0000:00: root bus resource [mem 0x4000000000-0x7fffffffff window]
[    1.200818] pci_bus 0000:00: root bus resource [bus 00-fe]
[    1.203549] pci 0000:00:00.0: [8086:9a36] type 00 class 0x060000
[    1.203701] pci 0000:00:02.0: [8086:9a60] type 00 class 0x030000
[    1.203709] pci 0000:00:02.0: reg 0x10: [mem 0x607c000000-0x607cffffff 64bit]
[    1.203715] pci 0000:00:02.0: reg 0x18: [mem 0x4000000000-0x400fffffff 64bit pref]
[    1.203718] pci 0000:00:02.0: reg 0x20: [io  0x3000-0x303f]
[    1.203733] pci 0000:00:02.0: DMAR: Skip IOMMU disabling for graphics
[    1.203736] pci 0000:00:02.0: Video device with shadowed ROM at [mem 0x000c0000-0x000dffff]
[    1.203762] pci 0000:00:02.0: reg 0x344: [mem 0x00000000-0x00ffffff 64bit]
[    1.203763] pci 0000:00:02.0: VF(n) BAR0 space: [mem 0x00000000-0x06ffffff 64bit] (contains BAR0 for 7 VFs)
[    1.203768] pci 0000:00:02.0: reg 0x34c: [mem 0x00000000-0x1fffffff 64bit pref]
[    1.203769] pci 0000:00:02.0: VF(n) BAR2 space: [mem 0x00000000-0xdfffffff 64bit pref] (contains BAR2 for 7 VFs)
[    1.203915] pci 0000:00:04.0: [8086:9a03] type 00 class 0x118000
[    1.203932] pci 0000:00:04.0: reg 0x10: [mem 0x607d180000-0x607d19ffff 64bit]
[    1.204241] pci 0000:00:06.0: [8086:9a0f] type 01 class 0x060400
[    1.204328] pci 0000:00:06.0: PME# supported from D0 D3hot D3cold
[    1.204365] pci 0000:00:06.0: PTM enabled (root), 4ns granularity
[    1.204365] pci 0000:00:07.0: [8086:9a2b] type 01 class 0x060400
[    1.204365] pci 0000:00:07.0: Overriding RP PIO Log Size to 4
[    1.204365] pci 0000:00:07.0: PME# supported from D0 D3hot D3cold
[    1.204365] pci 0000:00:07.1: [8086:9a2d] type 01 class 0x060400
[    1.204365] pci 0000:00:07.1: Overriding RP PIO Log Size to 4
[    1.204365] pci 0000:00:07.1: PME# supported from D0 D3hot D3cold
[    1.206009] pci 0000:00:07.2: [8086:9a2f] type 01 class 0x060400
[    1.206009] pci 0000:00:07.2: Overriding RP PIO Log Size to 4
[    1.206009] pci 0000:00:07.2: PME# supported from D0 D3hot D3cold
[    1.206009] pci 0000:00:07.3: [8086:9a31] type 01 class 0x060400
[    1.206009] pci 0000:00:07.3: Overriding RP PIO Log Size to 4
[    1.206009] pci 0000:00:07.3: PME# supported from D0 D3hot D3cold
[    1.210352] pci 0000:00:08.0: [8086:9a11] type 00 class 0x088000
[    1.210360] pci 0000:00:08.0: reg 0x10: [mem 0x607d1ed000-0x607d1edfff 64bit]
[    1.210468] pci 0000:00:0a.0: [8086:9a0d] type 00 class 0x118000
[    1.210476] pci 0000:00:0a.0: reg 0x10: [mem 0x607d1d0000-0x607d1d7fff 64bit]
[    1.210498] pci 0000:00:0a.0: enabling Extended Tags
[    1.210609] pci 0000:00:0d.0: [8086:9a17] type 00 class 0x0c0330
[    1.210622] pci 0000:00:0d.0: reg 0x10: [mem 0x607d1c0000-0x607d1cffff 64bit]
[    1.210674] pci 0000:00:0d.0: PME# supported from D3hot D3cold
[    1.212516] pci 0000:00:0d.2: [8086:9a1f] type 00 class 0x0c0340
[    1.212529] pci 0000:00:0d.2: reg 0x10: [mem 0x607d140000-0x607d17ffff 64bit]
[    1.212537] pci 0000:00:0d.2: reg 0x18: [mem 0x607d1ec000-0x607d1ecfff 64bit]
[    1.212573] pci 0000:00:0d.2: supports D1 D2
[    1.212574] pci 0000:00:0d.2: PME# supported from D0 D1 D2 D3hot D3cold
[    1.212699] pci 0000:00:0d.3: [8086:9a21] type 00 class 0x0c0340
[    1.212711] pci 0000:00:0d.3: reg 0x10: [mem 0x607d100000-0x607d13ffff 64bit]
[    1.212719] pci 0000:00:0d.3: reg 0x18: [mem 0x607d1eb000-0x607d1ebfff 64bit]
[    1.212755] pci 0000:00:0d.3: supports D1 D2
[    1.212755] pci 0000:00:0d.3: PME# supported from D0 D1 D2 D3hot D3cold
[    1.212948] pci 0000:00:12.0: [8086:43fc] type 00 class 0x070000
[    1.212969] pci 0000:00:12.0: reg 0x10: [mem 0x607d1b0000-0x607d1bffff 64bit]
[    1.213038] pci 0000:00:12.0: PME# supported from D0 D3hot
[    1.215134] pci 0000:00:14.0: [8086:43ed] type 00 class 0x0c0330
[    1.215154] pci 0000:00:14.0: reg 0x10: [mem 0x607d1a0000-0x607d1affff 64bit]
[    1.215229] pci 0000:00:14.0: PME# supported from D3hot D3cold
[    1.217092] pci 0000:00:14.2: [8086:43ef] type 00 class 0x050000
[    1.217112] pci 0000:00:14.2: reg 0x10: [mem 0x607d1dc000-0x607d1dffff 64bit]
[    1.217125] pci 0000:00:14.2: reg 0x18: [mem 0x607d1ea000-0x607d1eafff 64bit]
[    1.217359] pci 0000:00:15.0: [8086:43e8] type 00 class 0x0c8000
[    1.217386] pci 0000:00:15.0: reg 0x10: [mem 0x00000000-0x00000fff 64bit]
[    1.217843] pci 0000:00:15.1: [8086:43e9] type 00 class 0x0c8000
[    1.217871] pci 0000:00:15.1: reg 0x10: [mem 0x00000000-0x00000fff 64bit]
[    1.218481] pci 0000:00:15.2: [8086:43ea] type 00 class 0x0c8000
[    1.218510] pci 0000:00:15.2: reg 0x10: [mem 0x00000000-0x00000fff 64bit]
[    1.218960] pci 0000:00:15.3: [8086:43eb] type 00 class 0x0c8000
[    1.218989] pci 0000:00:15.3: reg 0x10: [mem 0x00000000-0x00000fff 64bit]
[    1.219366] pci 0000:00:16.0: [8086:43e0] type 00 class 0x078000
[    1.219390] pci 0000:00:16.0: reg 0x10: [mem 0x607d1e5000-0x607d1e5fff 64bit]
[    1.219471] pci 0000:00:16.0: PME# supported from D3hot
[    1.221568] pci 0000:00:17.0: [8086:43d2] type 00 class 0x010601
[    1.221585] pci 0000:00:17.0: reg 0x10: [mem 0x8a320000-0x8a321fff]
[    1.221595] pci 0000:00:17.0: reg 0x14: [mem 0x8a324000-0x8a3240ff]
[    1.221605] pci 0000:00:17.0: reg 0x18: [io  0x3080-0x3087]
[    1.221615] pci 0000:00:17.0: reg 0x1c: [io  0x3088-0x308b]
[    1.221625] pci 0000:00:17.0: reg 0x20: [io  0x3060-0x307f]
[    1.221635] pci 0000:00:17.0: reg 0x24: [mem 0x8a323000-0x8a3237ff]
[    1.221680] pci 0000:00:17.0: PME# supported from D3hot
[    1.222292] pci 0000:00:19.0: [8086:43ad] type 00 class 0x0c8000
[    1.222320] pci 0000:00:19.0: reg 0x10: [mem 0x00000000-0x00000fff 64bit]
[    1.222787] pci 0000:00:19.1: [8086:43ae] type 00 class 0x0c8000
[    1.222815] pci 0000:00:19.1: reg 0x10: [mem 0x00000000-0x00000fff 64bit]
[    1.223306] pci 0000:00:1e.0: [8086:43a8] type 00 class 0x078000
[    1.223334] pci 0000:00:1e.0: reg 0x10: [mem 0x00000000-0x00000fff 64bit]
[    1.223842] pci 0000:00:1e.3: [8086:43ab] type 00 class 0x0c8000
[    1.223873] pci 0000:00:1e.3: reg 0x10: [mem 0x00000000-0x00000fff 64bit]
[    1.224267] pci 0000:00:1f.0: [8086:438a] type 00 class 0x060100
[    1.224632] pci 0000:00:1f.3: [8086:43c8] type 00 class 0x040100
[    1.224673] pci 0000:00:1f.3: reg 0x10: [mem 0x607d1d8000-0x607d1dbfff 64bit]
[    1.224724] pci 0000:00:1f.3: reg 0x20: [mem 0x607d000000-0x607d0fffff 64bit]
[    1.224824] pci 0000:00:1f.3: PME# supported from D3hot D3cold
[    1.228586] pci 0000:00:1f.4: [8086:43a3] type 00 class 0x0c0500
[    1.228609] pci 0000:00:1f.4: reg 0x10: [mem 0x607d1e0000-0x607d1e00ff 64bit]
[    1.228630] pci 0000:00:1f.4: reg 0x20: [io  0xefa0-0xefbf]
[    1.228867] pci 0000:00:1f.5: [8086:43a4] type 00 class 0x0c8000
[    1.228886] pci 0000:00:1f.5: reg 0x10: [mem 0xfe010000-0xfe010fff]
[    1.228897] pci 0000:00:1f.5: reg 0x14: [mem 0x52000000-0x53ffffff]
[    1.229057] pci 0000:00:1f.6: [8086:15fa] type 00 class 0x020000
[    1.229095] pci 0000:00:1f.6: reg 0x10: [mem 0x8a300000-0x8a31ffff]
[    1.229267] pci 0000:00:1f.6: PME# supported from D0 D3hot D3cold
[    1.230021] pci 0000:01:00.0: [1987:5016] type 00 class 0x010802
[    1.230035] pci 0000:01:00.0: reg 0x10: [mem 0x8a200000-0x8a203fff 64bit]
[    1.230680] pci 0000:00:06.0: PCI bridge to [bus 01]
[    1.230683] pci 0000:00:06.0:   bridge window [mem 0x8a200000-0x8a2fffff]
[    1.230718] pci 0000:00:07.0: PCI bridge to [bus 02-2b]
[    1.230722] pci 0000:00:07.0:   bridge window [mem 0x7e000000-0x8a1fffff]
[    1.230726] pci 0000:00:07.0:   bridge window [mem 0x6000000000-0x601bffffff 64bit pref]
[    1.230758] pci 0000:00:07.1: PCI bridge to [bus 2c-55]
[    1.230762] pci 0000:00:07.1:   bridge window [mem 0x70000000-0x7c1fffff]
[    1.230766] pci 0000:00:07.1:   bridge window [mem 0x6020000000-0x603bffffff 64bit pref]
[    1.230797] pci 0000:00:07.2: PCI bridge to [bus 56-7f]
[    1.230801] pci 0000:00:07.2:   bridge window [mem 0x62000000-0x6e1fffff]
[    1.230805] pci 0000:00:07.2:   bridge window [mem 0x6040000000-0x605bffffff 64bit pref]
[    1.230838] pci 0000:00:07.3: PCI bridge to [bus 80-a9]
[    1.230841] pci 0000:00:07.3:   bridge window [mem 0x54000000-0x601fffff]
[    1.230845] pci 0000:00:07.3:   bridge window [mem 0x6060000000-0x607bffffff 64bit pref]
[    1.262622] Low-power S0 idle used by default for system suspend
[    1.277395] ACPI: EC: interrupt unblocked
[    1.277396] ACPI: EC: event unblocked
[    1.278010] ACPI: EC: EC_CMD/EC_SC=0x66, EC_DATA=0x62
[    1.278010] ACPI: EC: GPE=0x6e
[    1.278010] ACPI: \_SB_.PC00.LPCB.H_EC: Boot ECDT EC initialization complete
[    1.278010] ACPI: \_SB_.PC00.LPCB.H_EC: EC: Used to handle transactions and events
[    1.278024] iommu: Default domain type: Translated 
[    1.278024] iommu: DMA domain TLB invalidation policy: lazy mode 
[    1.278121] SCSI subsystem initialized
[    1.278126] libata version 3.00 loaded.
[    1.278126] ACPI: bus type USB registered
[    1.278126] usbcore: registered new interface driver usbfs
[    1.278126] usbcore: registered new interface driver hub
[    1.278126] usbcore: registered new device driver usb
[    1.278126] pps_core: LinuxPPS API ver. 1 registered
[    1.278126] pps_core: Software ver. 5.3.6 - Copyright 2005-2007 Rodolfo Giometti <giometti@linux.it>
[    1.278126] PTP clock support registered
[    1.278126] EDAC MC: Ver: 3.0.0
[    1.282017] EDAC DEBUG: edac_mc_sysfs_init: device mc created
[    1.282036] Registered efivars operations
[    1.286158] NetLabel: Initializing
[    1.286162] NetLabel:  domain hash size = 128
[    1.286162] NetLabel:  protocols = UNLABELED CIPSOv4 CALIPSO
[    1.286173] NetLabel:  unlabeled traffic allowed by default
[    1.286184] PCI: Using ACPI for IRQ routing
[    1.294014] PCI: pci_cache_line_size set to 64 bytes
[    1.298014] pci 0000:00:1f.5: can't claim BAR 0 [mem 0xfe010000-0xfe010fff]: no compatible bridge window
[    1.298014] e820: reserve RAM buffer [mem 0x0009f000-0x0009ffff]
[    1.298014] e820: reserve RAM buffer [mem 0x3d8fe000-0x3fffffff]
[    1.298014] e820: reserve RAM buffer [mem 0x416dc000-0x43ffffff]
[    1.298014] e820: reserve RAM buffer [mem 0x44c00000-0x47ffffff]
[    1.298014] e820: reserve RAM buffer [mem 0x8afc00000-0x8afffffff]
[    1.298018] pci 0000:00:02.0: vgaarb: setting as boot VGA device
[    1.298020] pci 0000:00:02.0: vgaarb: bridge control possible
[    1.298022] pci 0000:00:02.0: vgaarb: VGA device added: decodes=io+mem,owns=io+mem,locks=none
[    1.298032] vgaarb: loaded
[    1.298478] clocksource: Switched to clocksource tsc-early
[    1.306704] VFS: Disk quotas dquot_6.6.0
[    1.306713] VFS: Dquot-cache hash table entries: 512 (order 0, 4096 bytes)
[    1.306745] pnp: PnP ACPI init
[    1.307577] system 00:00: [io  0x06a4] has been reserved
[    1.307579] system 00:00: [io  0x06a0] has been reserved
[    1.307823] system 00:01: [io  0x0680-0x069f] has been reserved
[    1.307824] system 00:01: [io  0x164e-0x164f] has been reserved
[    1.307929] system 00:02: [io  0x1854-0x1857] has been reserved
[    1.310891] pnp 00:05: disabling [mem 0xc0000000-0xcfffffff] because it overlaps 0000:00:02.0 BAR 9 [mem 0x00000000-0xdfffffff 64bit pref]
[    1.310893] pnp 00:05: disabling [mem 0x423ff000-0x4240efff] because it overlaps 0000:00:02.0 BAR 9 [mem 0x00000000-0xdfffffff 64bit pref]
[    1.310918] system 00:05: [mem 0xfedc0000-0xfedc7fff] has been reserved
[    1.310919] system 00:05: [mem 0xfeda0000-0xfeda0fff] has been reserved
[    1.310920] system 00:05: [mem 0xfeda1000-0xfeda1fff] has been reserved
[    1.310921] system 00:05: [mem 0xfed20000-0xfed7ffff] could not be reserved
[    1.310922] system 00:05: [mem 0xfed90000-0xfed93fff] could not be reserved
[    1.310923] system 00:05: [mem 0xfed45000-0xfed8ffff] could not be reserved
[    1.310924] system 00:05: [mem 0xfee00000-0xfeefffff] has been reserved
[    1.314114] system 00:06: [io  0x1800-0x18fe] could not be reserved
[    1.314116] system 00:06: [mem 0xfe000000-0xfe01ffff] has been reserved
[    1.314117] system 00:06: [mem 0xfe04c000-0xfe04ffff] has been reserved
[    1.314118] system 00:06: [mem 0xfe050000-0xfe0affff] has been reserved
[    1.314119] system 00:06: [mem 0xfe0d0000-0xfe0fffff] has been reserved
[    1.314119] system 00:06: [mem 0xfe200000-0xfe7fffff] has been reserved
[    1.314120] system 00:06: [mem 0xff000000-0xffffffff] could not be reserved
[    1.314121] system 00:06: [mem 0xfd000000-0xfd68ffff] has been reserved
[    1.314122] system 00:06: [mem 0xfd6c0000-0xfd6cffff] has been reserved
[    1.314123] system 00:06: [mem 0xfd6f0000-0xfdffffff] has been reserved
[    1.314381] system 00:07: [io  0x2000-0x20fe] has been reserved
[    1.314623] pnp 00:09: disabling [mem 0x00000000-0x0009cfff] because it overlaps 0000:00:02.0 BAR 7 [mem 0x00000000-0x06ffffff 64bit]
[    1.314625] pnp 00:09: disabling [mem 0x00000000-0x0009cfff disabled] because it overlaps 0000:00:02.0 BAR 9 [mem 0x00000000-0xdfffffff 64bit pref]
[    1.314884] pnp: PnP ACPI: found 10 devices
[    1.320155] clocksource: acpi_pm: mask: 0xffffff max_cycles: 0xffffff, max_idle_ns: 2085701024 ns
[    1.320194] NET: Registered PF_INET protocol family
[    1.320368] IP idents hash table entries: 262144 (order: 9, 2097152 bytes, linear)
[    1.322334] tcp_listen_portaddr_hash hash table entries: 16384 (order: 6, 262144 bytes, linear)
[    1.322359] Table-perturb hash table entries: 65536 (order: 6, 262144 bytes, linear)
[    1.322371] TCP established hash table entries: 262144 (order: 9, 2097152 bytes, linear)
[    1.322558] TCP bind hash table entries: 65536 (order: 9, 2097152 bytes, linear)
[    1.322724] TCP: Hash tables configured (established 262144 bind 65536)
[    1.322750] UDP hash table entries: 16384 (order: 7, 524288 bytes, linear)
[    1.322788] UDP-Lite hash table entries: 16384 (order: 7, 524288 bytes, linear)
[    1.322855] NET: Registered PF_UNIX/PF_LOCAL protocol family
[    1.322865] pci_bus 0000:00: max bus depth: 1 pci_try_num: 2
[    1.322872] clipped [mem size 0x00000000 64bit pref] to [mem size 0xfffffffffffa0000 64bit pref] for e820 entry [mem 0x0009f000-0x000fffff]
[    1.322875] pci 0000:00:02.0: BAR 9: assigned [mem 0x4020000000-0x40ffffffff 64bit pref]
[    1.322878] clipped [mem size 0x00000000 64bit] to [mem size 0xfffffffffffa0000 64bit] for e820 entry [mem 0x0009f000-0x000fffff]
[    1.322879] pci 0000:00:02.0: BAR 7: assigned [mem 0x4010000000-0x4016ffffff 64bit]
[    1.322882] pci 0000:00:07.0: BAR 13: assigned [io  0x4000-0x4fff]
[    1.322884] pci 0000:00:07.1: BAR 13: assigned [io  0x5000-0x5fff]
[    1.322885] pci 0000:00:07.2: BAR 13: assigned [io  0x6000-0x6fff]
[    1.322886] pci 0000:00:07.3: BAR 13: assigned [io  0x7000-0x7fff]
[    1.322887] clipped [mem size 0x00000000 64bit] to [mem size 0xfffffffffffa0000 64bit] for e820 entry [mem 0x0009f000-0x000fffff]
[    1.322889] pci 0000:00:15.0: BAR 0: assigned [mem 0x4017000000-0x4017000fff 64bit]
[    1.322962] clipped [mem size 0x00000000 64bit] to [mem size 0xfffffffffffa0000 64bit] for e820 entry [mem 0x0009f000-0x000fffff]
[    1.322964] pci 0000:00:15.1: BAR 0: assigned [mem 0x4017001000-0x4017001fff 64bit]
[    1.323023] clipped [mem size 0x00000000 64bit] to [mem size 0xfffffffffffa0000 64bit] for e820 entry [mem 0x0009f000-0x000fffff]
[    1.323024] pci 0000:00:15.2: BAR 0: assigned [mem 0x4017002000-0x4017002fff 64bit]
[    1.323083] clipped [mem size 0x00000000 64bit] to [mem size 0xfffffffffffa0000 64bit] for e820 entry [mem 0x0009f000-0x000fffff]
[    1.323085] pci 0000:00:15.3: BAR 0: assigned [mem 0x4017003000-0x4017003fff 64bit]
[    1.323143] clipped [mem size 0x00000000 64bit] to [mem size 0xfffffffffffa0000 64bit] for e820 entry [mem 0x0009f000-0x000fffff]
[    1.323145] pci 0000:00:19.0: BAR 0: assigned [mem 0x4017004000-0x4017004fff 64bit]
[    1.323201] clipped [mem size 0x00000000 64bit] to [mem size 0xfffffffffffa0000 64bit] for e820 entry [mem 0x0009f000-0x000fffff]
[    1.323203] pci 0000:00:19.1: BAR 0: assigned [mem 0x4017005000-0x4017005fff 64bit]
[    1.323262] clipped [mem size 0x00000000 64bit] to [mem size 0xfffffffffffa0000 64bit] for e820 entry [mem 0x0009f000-0x000fffff]
[    1.323263] pci 0000:00:1e.0: BAR 0: assigned [mem 0x4017006000-0x4017006fff 64bit]
[    1.323322] clipped [mem size 0x00000000 64bit] to [mem size 0xfffffffffffa0000 64bit] for e820 entry [mem 0x0009f000-0x000fffff]
[    1.323324] pci 0000:00:1e.3: BAR 0: assigned [mem 0x4017007000-0x4017007fff 64bit]
[    1.323380] clipped [mem size 0x00020000] to [mem size 0xfffffffffffc0000] for e820 entry [mem 0x0009f000-0x000fffff]
[    1.323381] pci 0000:00:1f.5: BAR 0: assigned [mem 0x50400000-0x50400fff]
[    1.323393] pci 0000:00:06.0: PCI bridge to [bus 01]
[    1.323399] pci 0000:00:06.0:   bridge window [mem 0x8a200000-0x8a2fffff]
[    1.323408] pci 0000:00:07.0: PCI bridge to [bus 02-2b]
[    1.323410] pci 0000:00:07.0:   bridge window [io  0x4000-0x4fff]
[    1.323413] pci 0000:00:07.0:   bridge window [mem 0x7e000000-0x8a1fffff]
[    1.323415] pci 0000:00:07.0:   bridge window [mem 0x6000000000-0x601bffffff 64bit pref]
[    1.323419] pci 0000:00:07.1: PCI bridge to [bus 2c-55]
[    1.323421] pci 0000:00:07.1:   bridge window [io  0x5000-0x5fff]
[    1.323424] pci 0000:00:07.1:   bridge window [mem 0x70000000-0x7c1fffff]
[    1.323426] pci 0000:00:07.1:   bridge window [mem 0x6020000000-0x603bffffff 64bit pref]
[    1.323431] pci 0000:00:07.2: PCI bridge to [bus 56-7f]
[    1.323432] pci 0000:00:07.2:   bridge window [io  0x6000-0x6fff]
[    1.323435] pci 0000:00:07.2:   bridge window [mem 0x62000000-0x6e1fffff]
[    1.323438] pci 0000:00:07.2:   bridge window [mem 0x6040000000-0x605bffffff 64bit pref]
[    1.323442] pci 0000:00:07.3: PCI bridge to [bus 80-a9]
[    1.323443] pci 0000:00:07.3:   bridge window [io  0x7000-0x7fff]
[    1.323446] pci 0000:00:07.3:   bridge window [mem 0x54000000-0x601fffff]
[    1.323449] pci 0000:00:07.3:   bridge window [mem 0x6060000000-0x607bffffff 64bit pref]
[    1.323453] pci_bus 0000:00: resource 4 [io  0x0000-0x0cf7 window]
[    1.323454] pci_bus 0000:00: resource 5 [io  0x0d00-0xffff window]
[    1.323455] pci_bus 0000:00: resource 6 [mem 0x000a0000-0x000bffff window]
[    1.323456] pci_bus 0000:00: resource 7 [mem 0x50400000-0xbfffffff window]
[    1.323457] pci_bus 0000:00: resource 8 [mem 0x4000000000-0x7fffffffff window]
[    1.323458] pci_bus 0000:01: resource 1 [mem 0x8a200000-0x8a2fffff]
[    1.323459] pci_bus 0000:02: resource 0 [io  0x4000-0x4fff]
[    1.323459] pci_bus 0000:02: resource 1 [mem 0x7e000000-0x8a1fffff]
[    1.323460] pci_bus 0000:02: resource 2 [mem 0x6000000000-0x601bffffff 64bit pref]
[    1.323461] pci_bus 0000:2c: resource 0 [io  0x5000-0x5fff]
[    1.323462] pci_bus 0000:2c: resource 1 [mem 0x70000000-0x7c1fffff]
[    1.323462] pci_bus 0000:2c: resource 2 [mem 0x6020000000-0x603bffffff 64bit pref]
[    1.323463] pci_bus 0000:56: resource 0 [io  0x6000-0x6fff]
[    1.323464] pci_bus 0000:56: resource 1 [mem 0x62000000-0x6e1fffff]
[    1.323465] pci_bus 0000:56: resource 2 [mem 0x6040000000-0x605bffffff 64bit pref]
[    1.323465] pci_bus 0000:80: resource 0 [io  0x7000-0x7fff]
[    1.323466] pci_bus 0000:80: resource 1 [mem 0x54000000-0x601fffff]
[    1.323467] pci_bus 0000:80: resource 2 [mem 0x6060000000-0x607bffffff 64bit pref]
[    1.323741] pci 0000:00:0d.0: enabling device (0000 -> 0002)
[    1.324734] PCI: CLS 0 bytes, default 64
[    1.324755] DMAR: No ATSR found
[    1.324756] DMAR: No SATC found
[    1.324758] DMAR: IOMMU feature fl1gp_support inconsistent
[    1.324758] DMAR: IOMMU feature pgsel_inv inconsistent
[    1.324759] DMAR: IOMMU feature nwfs inconsistent
[    1.324760] DMAR: IOMMU feature dit inconsistent
[    1.324760] DMAR: IOMMU feature sc_support inconsistent
[    1.324761] DMAR: IOMMU feature dev_iotlb_support inconsistent
[    1.324762] DMAR: dmar4: Using Queued invalidation
[    1.324764] DMAR: dmar3: Using Queued invalidation
[    1.324767] DMAR: dmar2: Using Queued invalidation
[    1.324769] DMAR: dmar1: Using Queued invalidation
[    1.324771] DMAR: dmar0: Using Queued invalidation
[    1.324770] Trying to unpack rootfs image as initramfs...
[    1.324772] DMAR: dmar5: Using Queued invalidation
[    1.324914] pci 0000:00:07.3: Adding to iommu group 0
[    1.325014] pci 0000:00:07.2: Adding to iommu group 1
[    1.325105] pci 0000:00:07.1: Adding to iommu group 2
[    1.325180] pci 0000:00:07.0: Adding to iommu group 3
[    1.325264] pci 0000:00:02.0: Adding to iommu group 4
[    1.325535] pci 0000:00:00.0: Adding to iommu group 5
[    1.325542] pci 0000:00:04.0: Adding to iommu group 6
[    1.325554] pci 0000:00:06.0: Adding to iommu group 7
[    1.325561] pci 0000:00:08.0: Adding to iommu group 8
[    1.325567] pci 0000:00:0a.0: Adding to iommu group 9
[    1.325581] pci 0000:00:0d.0: Adding to iommu group 10
[    1.325587] pci 0000:00:0d.2: Adding to iommu group 10
[    1.325594] pci 0000:00:0d.3: Adding to iommu group 10
[    1.325603] pci 0000:00:12.0: Adding to iommu group 11
[    1.325614] pci 0000:00:14.0: Adding to iommu group 12
[    1.325621] pci 0000:00:14.2: Adding to iommu group 12
[    1.325637] pci 0000:00:15.0: Adding to iommu group 13
[    1.325645] pci 0000:00:15.1: Adding to iommu group 13
[    1.325652] pci 0000:00:15.2: Adding to iommu group 13
[    1.325659] pci 0000:00:15.3: Adding to iommu group 13
[    1.325668] pci 0000:00:16.0: Adding to iommu group 14
[    1.325674] pci 0000:00:17.0: Adding to iommu group 15
[    1.325686] pci 0000:00:19.0: Adding to iommu group 16
[    1.325693] pci 0000:00:19.1: Adding to iommu group 16
[    1.325706] pci 0000:00:1e.0: Adding to iommu group 17
[    1.325713] pci 0000:00:1e.3: Adding to iommu group 17
[    1.325733] pci 0000:00:1f.0: Adding to iommu group 18
[    1.325741] pci 0000:00:1f.3: Adding to iommu group 18
[    1.325750] pci 0000:00:1f.4: Adding to iommu group 18
[    1.325758] pci 0000:00:1f.5: Adding to iommu group 18
[    1.325766] pci 0000:00:1f.6: Adding to iommu group 18
[    1.325777] pci 0000:01:00.0: Adding to iommu group 19
[    1.326798] DMAR: Intel(R) Virtualization Technology for Directed I/O
[    1.326800] PCI-DMA: Using software bounce buffering for IO (SWIOTLB)
[    1.326801] software IO TLB: mapped [mem 0x00000000386dd000-0x000000003c6dd000] (64MB)
[    1.326888] resource sanity check: requesting [mem 0xfedc0000-0xfedcdfff], which spans more than pnp 00:05 [mem 0xfedc0000-0xfedc7fff]
[    1.326892] caller __uncore_imc_init_box+0xc3/0x120 mapping multiple BARs
[    1.334155] clocksource: tsc: mask: 0xffffffffffffffff max_cycles: 0x2cd5a8bb032, max_idle_ns: 440795365915 ns
[    1.334285] clocksource: Switched to clocksource tsc
[    1.334311] platform rtc_cmos: registered platform RTC device (no PNP device found)
[    1.335725] Initialise system trusted keyrings
[    1.335731] Key type blacklist registered
[    1.335769] workingset: timestamp_bits=36 max_order=23 bucket_order=0
[    1.335775] zbud: loaded
[    1.335877] squashfs: version 4.0 (2009/01/31) Phillip Lougher
[    1.335958] fuse: init (API version 7.38)
[    1.335979] SGI XFS with ACLs, security attributes, realtime, quota, no debug enabled
[    1.343008] Key type asymmetric registered
[    1.343009] Asymmetric key parser 'x509' registered
[    1.774913] Freeing initrd memory: 50480K
[    1.776714] alg: self-tests for CTR-KDF (hmac(sha256)) passed
[    1.776722] Block layer SCSI generic (bsg) driver version 0.4 loaded (major 243)
[    1.776763] io scheduler mq-deadline registered
[    1.776777] io scheduler bfq registered
[    1.777403] pcieport 0000:00:06.0: PME: Signaling with IRQ 126
[    1.777599] pcieport 0000:00:07.0: PME: Signaling with IRQ 127
[    1.777614] pcieport 0000:00:07.0: pciehp: Slot #0 AttnBtn- PwrCtrl- MRL- AttnInd- PwrInd- HotPlug+ Surprise+ Interlock- NoCompl+ IbPresDis- LLActRep+
[    1.777820] pcieport 0000:00:07.1: PME: Signaling with IRQ 128
[    1.777833] pcieport 0000:00:07.1: pciehp: Slot #0 AttnBtn- PwrCtrl- MRL- AttnInd- PwrInd- HotPlug+ Surprise+ Interlock- NoCompl+ IbPresDis- LLActRep+
[    1.778052] pcieport 0000:00:07.2: PME: Signaling with IRQ 129
[    1.778066] pcieport 0000:00:07.2: pciehp: Slot #0 AttnBtn- PwrCtrl- MRL- AttnInd- PwrInd- HotPlug+ Surprise+ Interlock- NoCompl+ IbPresDis- LLActRep+
[    1.778264] pcieport 0000:00:07.3: PME: Signaling with IRQ 130
[    1.778278] pcieport 0000:00:07.3: pciehp: Slot #0 AttnBtn- PwrCtrl- MRL- AttnInd- PwrInd- HotPlug+ Surprise+ Interlock- NoCompl+ IbPresDis- LLActRep+
[    1.778369] shpchp: Standard Hot Plug PCI Controller Driver version: 0.4
[    1.778599] Monitor-Mwait will be used to enter C-1 state
[    1.778602] Monitor-Mwait will be used to enter C-2 state
[    1.778604] Monitor-Mwait will be used to enter C-3 state
[    1.778605] ACPI: \_SB_.PR00: Found 3 idle states
[    1.779037] IPMI message handler: version 39.2
[    1.779044] ipmi device interface
[    1.781331] input: Lid Switch as /devices/LNXSYSTM:00/LNXSYBUS:00/PNP0A08:00/device:1d/PNP0C09:00/PNP0C0D:00/input/input0
[    1.781344] ACPI: button: Lid Switch [LID0]
[    1.781373] input: Power Button as /devices/LNXSYSTM:00/LNXSYBUS:00/PNP0C0C:00/input/input1
[    1.781393] ACPI: button: Power Button [PWRB]
[    1.781407] input: Sleep Button as /devices/LNXSYSTM:00/LNXSYBUS:00/PNP0C0E:00/input/input2
[    1.781414] ACPI: button: Sleep Button [SLPB]
[    1.804927] thermal LNXTHERM:00: registered as thermal_zone0
[    1.804929] ACPI: thermal: Thermal Zone [TZ00] (50 C)
[    1.804979] ERST DBG: ERST support is disabled.
[    1.805181] Serial: 8250/16550 driver, 32 ports, IRQ sharing enabled
[    1.805202] serial 00:03: GPIO lookup for consumer rs485-term
[    1.805203] serial 00:03: using ACPI for GPIO lookup
[    1.805204] acpi PNP0501:05: GPIO: looking up rs485-term-gpios
[    1.805205] acpi PNP0501:05: GPIO: looking up rs485-term-gpio
[    1.805206] serial 00:03: using lookup tables for GPIO lookup
[    1.805207] serial 00:03: No GPIO consumer rs485-term found
[    1.805451] ACPI: battery: Slot [BAT0] (battery present)
[    1.805573] ACPI: battery: Slot [BAT1] (battery absent)
[    1.805691] ACPI: battery: Slot [BAT2] (battery absent)
[    1.805891] 00:03: ttyS0 at I/O 0x3f8 (irq = 4, base_baud = 115200) is a 16550A
[    1.812014] serial 0000:00:12.0: enabling device (0000 -> 0002)
[    1.812346] hpet_acpi_add: no address or irqs in _CRS
[    1.812372] Linux agpgart interface v0.103
[    1.812401] acpi INTC6000:00: GPIO: looking up 0 in _CRS
[    1.819679] ACPI: bus type drm_connector registered
[    1.820269] i915 0000:00:02.0: [drm] VT-d active for gfx access
[    1.820271] i915 0000:00:02.0: vgaarb: deactivate vga console
[    1.820313] i915 0000:00:02.0: [drm] Using Transparent Hugepages
[    1.823241] i915 0000:00:02.0: vgaarb: changed VGA decodes: olddecodes=io+mem,decodes=io+mem:owns=io+mem
[    1.823290] i915 0000:00:02.0: Direct firmware load for i915/tgl_dmc_ver2_12.bin failed with error -2
[    1.823292] i915 0000:00:02.0: [drm] Failed to load DMC firmware i915/tgl_dmc_ver2_12.bin. Disabling runtime power management.
[    1.823293] i915 0000:00:02.0: [drm] DMC firmware homepage: https://git.kernel.org/pub/scm/linux/kernel/git/firmware/linux-firmware.git/tree/i915
[    2.495349] i915 0000:00:02.0: [drm] [ENCODER:307:DDI A/PHY A] failed to retrieve link info, disabling eDP
[    2.652198] [drm] Initialized i915 1.6.0 20201103 for 0000:00:02.0 on minor 0
[    2.654416] ACPI: video: Video Device [GFX0] (multi-head: yes  rom: no  post: no)
[    2.654618] input: Video Bus as /devices/LNXSYSTM:00/LNXSYBUS:00/PNP0A08:00/LNXVIDEO:00/input/input3
[    2.655196] i915 0000:00:02.0: [drm] Cannot find any crtc or sizes
[    2.655649] i915 0000:00:02.0: [drm] Cannot find any crtc or sizes
[    2.656930] loop: module loaded
[    2.657362] nvme 0000:01:00.0: platform quirk: setting simple suspend
[    2.657404] nvme nvme0: pci function 0000:01:00.0
[    2.658252] ahci 0000:00:17.0: version 3.0
[    2.662806] ahci 0000:00:17.0: AHCI 0001.0301 32 slots 3 ports 6 Gbps 0xd impl SATA mode
[    2.662809] ahci 0000:00:17.0: flags: 64bit ncq sntf pm clo only pio slum part ems deso sadm sds 
[    2.666315] nvme nvme0: Shutdown timeout set to 10 seconds
[    2.667282] nvme nvme0: 8/0/0 default/read/poll queues
[    2.668003] nvme nvme0: Ignoring bogus Namespace Identifiers
[    2.669151]  nvme0n1: p1 p2 p3 p4
[    2.686655] scsi host0: ahci
[    2.686964] scsi host1: ahci
[    2.687349] scsi host2: ahci
[    2.687561] scsi host3: ahci
[    2.687618] ata1: SATA max UDMA/133 abar m2048@0x8a323000 port 0x8a323100 irq 132
[    2.687620] ata2: DUMMY
[    2.687623] ata3: SATA max UDMA/133 abar m2048@0x8a323000 port 0x8a323200 irq 132
[    2.687625] ata4: SATA max UDMA/133 abar m2048@0x8a323000 port 0x8a323280 irq 132
[    2.687774] mdio_bus fixed-0: GPIO lookup for consumer reset
[    2.687775] mdio_bus fixed-0: using lookup tables for GPIO lookup
[    2.687777] mdio_bus fixed-0: No GPIO consumer reset found
[    2.687778] tun: Universal TUN/TAP device driver, 1.6
[    2.687824] igb: Intel(R) Gigabit Ethernet Network Driver
[    2.687824] igb: Copyright (c) 2007-2014 Intel Corporation.
[    2.687831] PPP generic driver version 2.4.2
[    2.687876] VFIO - User Level meta-driver version: 0.3
[    2.687976] xhci_hcd 0000:00:0d.0: xHCI Host Controller
[    2.687979] xhci_hcd 0000:00:0d.0: new USB bus registered, assigned bus number 1
[    2.689085] xhci_hcd 0000:00:0d.0: hcc params 0x20007fc1 hci version 0x120 quirks 0x0000000200009810
[    2.689321] xhci_hcd 0000:00:0d.0: xHCI Host Controller
[    2.689324] xhci_hcd 0000:00:0d.0: new USB bus registered, assigned bus number 2
[    2.689325] xhci_hcd 0000:00:0d.0: Host supports USB 3.1 Enhanced SuperSpeed
[    2.689353] usb usb1: New USB device found, idVendor=1d6b, idProduct=0002, bcdDevice= 6.01
[    2.689354] usb usb1: New USB device strings: Mfr=3, Product=2, SerialNumber=1
[    2.689355] usb usb1: Product: xHCI Host Controller
[    2.689356] usb usb1: Manufacturer: Linux 6.1.0-b3-1ca06f1c1ace+ xhci-hcd
[    2.689357] usb usb1: SerialNumber: 0000:00:0d.0
[    2.689423] hub 1-0:1.0: USB hub found
[    2.689430] hub 1-0:1.0: 1 port detected
[    2.689493] usb usb2: New USB device found, idVendor=1d6b, idProduct=0003, bcdDevice= 6.01
[    2.689494] usb usb2: New USB device strings: Mfr=3, Product=2, SerialNumber=1
[    2.689495] usb usb2: Product: xHCI Host Controller
[    2.689496] usb usb2: Manufacturer: Linux 6.1.0-b3-1ca06f1c1ace+ xhci-hcd
[    2.689497] usb usb2: SerialNumber: 0000:00:0d.0
[    2.689541] hub 2-0:1.0: USB hub found
[    2.689550] hub 2-0:1.0: 4 ports detected
[    2.691420] xhci_hcd 0000:00:14.0: xHCI Host Controller
[    2.691423] xhci_hcd 0000:00:14.0: new USB bus registered, assigned bus number 3
[    2.692650] xhci_hcd 0000:00:14.0: hcc params 0x20007fc1 hci version 0x120 quirks 0x0000000200009810
[    2.692952] xhci_hcd 0000:00:14.0: xHCI Host Controller
[    2.692954] xhci_hcd 0000:00:14.0: new USB bus registered, assigned bus number 4
[    2.692956] xhci_hcd 0000:00:14.0: Host supports USB 3.2 Enhanced SuperSpeed
[    2.692997] usb usb3: New USB device found, idVendor=1d6b, idProduct=0002, bcdDevice= 6.01
[    2.692998] usb usb3: New USB device strings: Mfr=3, Product=2, SerialNumber=1
[    2.692999] usb usb3: Product: xHCI Host Controller
[    2.693000] usb usb3: Manufacturer: Linux 6.1.0-b3-1ca06f1c1ace+ xhci-hcd
[    2.693001] usb usb3: SerialNumber: 0000:00:14.0
[    2.693104] hub 3-0:1.0: USB hub found
[    2.693144] hub 3-0:1.0: 16 ports detected
[    2.696845] usb usb4: New USB device found, idVendor=1d6b, idProduct=0003, bcdDevice= 6.01
[    2.696846] usb usb4: New USB device strings: Mfr=3, Product=2, SerialNumber=1
[    2.696846] usb usb4: Product: xHCI Host Controller
[    2.696847] usb usb4: Manufacturer: Linux 6.1.0-b3-1ca06f1c1ace+ xhci-hcd
[    2.696848] usb usb4: SerialNumber: 0000:00:14.0
[    2.696890] hub 4-0:1.0: USB hub found
[    2.696922] hub 4-0:1.0: 6 ports detected
[    2.697268] usb: port power management may be unreliable
[    2.697804] usbcore: registered new interface driver uas
[    2.697811] usbcore: registered new interface driver usb-storage
[    2.697834] i8042: PNP: PS/2 Controller [PNP0303:PS2K] at 0x60,0x64 irq 1
[    2.697835] i8042: PNP: PS/2 appears to have AUX port disabled, if this is incorrect please boot with i8042.nopnp
[    2.702609] i8042: Warning: Keylock active
[    2.705292] serio: i8042 KBD port at 0x60,0x64 irq 1
[    2.705344] mousedev: PS/2 mouse device common for all mice
[    2.705472] rtc_cmos rtc_cmos: RTC can wake from S4
[    2.706351] rtc_cmos rtc_cmos: registered as rtc0
[    2.706542] rtc_cmos rtc_cmos: setting system clock to 2023-04-06T13:33:52 UTC (1680788032)
[    2.706545] rtc_cmos rtc_cmos: GPIO lookup for consumer wp
[    2.706546] rtc_cmos rtc_cmos: using lookup tables for GPIO lookup
[    2.706547] rtc_cmos rtc_cmos: No GPIO consumer wp found
[    2.706553] rtc_cmos rtc_cmos: alarms up to one month, y3k, 114 bytes nvram
[    2.706589] i2c_dev: i2c /dev entries driver
[    2.707516] device-mapper: core: CONFIG_IMA_DISABLE_HTABLE is disabled. Duplicate IMA measurements will not be recorded in the IMA log.
[    2.707524] device-mapper: uevent: version 1.0.3
[    2.707541] device-mapper: ioctl: 4.47.0-ioctl (2022-07-28) initialised: dm-devel@redhat.com
[    2.707545] intel_pstate: Intel P-state driver initializing
[    2.709555] intel_pstate: HWP enabled
[    2.709573] sdhci: Secure Digital Host Controller Interface driver
[    2.709573] sdhci: Copyright(c) Pierre Ossman
[    2.709592] sdhci-pltfm: SDHCI platform and OF driver helper
[    2.709675] ledtrig-cpu: registered to indicate activity on CPUs
[    2.709703] pstore: Registered efi_pstore as persistent store backend
[    2.710131] intel_pmc_core INT33A1:00:  initialized
[    2.710268] drop_monitor: Initializing network drop monitor service
[    2.710329] NET: Registered PF_INET6 protocol family
[    2.712543] Segment Routing with IPv6
[    2.712546] In-situ OAM (IOAM) with IPv6
[    2.712557] NET: Registered PF_PACKET protocol family
[    2.712681] 9pnet: Installing 9P2000 support
[    2.712689] Key type dns_resolver registered
[    2.714504] microcode: Microcode Update Driver: v2.2.
[    2.714508] IPI shorthand broadcast: enabled
[    2.715658] sched_clock: Marking stable (2707352040, 7146144)->(2760504185, -46006001)
[    2.716081] registered taskstats version 1
[    2.716665] Loading compiled-in X.509 certificates
[    2.716803] zswap: loaded using pool lzo/zbud
[    2.718311] Key type .fscrypt registered
[    2.718312] Key type fscrypt-provisioning registered
[    2.718465] pstore: Using crash dump compression: deflate
[    2.719769] Key type trusted registered
[    2.721448] Key type encrypted registered
[    2.721454] ima: Allocated hash algorithm: sha1
[    2.759193] ima: No architecture policies found
[    2.759198] evm: Initialising EVM extended attributes:
[    2.759199] evm: security.selinux
[    2.759199] evm: security.SMACK64
[    2.759200] evm: security.SMACK64EXEC
[    2.759200] evm: security.SMACK64TRANSMUTE
[    2.759200] evm: security.SMACK64MMAP
[    2.759201] evm: security.apparmor
[    2.759201] evm: security.ima
[    2.759201] evm: security.capability
[    2.759202] evm: HMAC attrs: 0x1
[    2.760759] PM:   Magic number: 3:844:583
[    2.760937] RAS: Correctable Errors collector initialized.
[    2.946164] atkbd serio0: Failed to deactivate keyboard on isa0060/serio0
[    2.954194] usb 3-12: new low-speed USB device number 2 using xhci_hcd
[    2.998495] ata4: SATA link down (SStatus 4 SControl 300)
[    2.998529] ata1: SATA link down (SStatus 4 SControl 300)
[    2.998570] ata3: SATA link down (SStatus 4 SControl 300)
[    3.107753] usb 3-12: New USB device found, idVendor=413c, idProduct=2106, bcdDevice= 1.01
[    3.107757] usb 3-12: New USB device strings: Mfr=1, Product=2, SerialNumber=0
[    3.107758] usb 3-12: Product: Dell QuietKey Keyboard
[    3.107759] usb 3-12: Manufacturer: DELL
[    3.230661] usb 4-2: new SuperSpeed USB device number 2 using xhci_hcd
[    3.260463] usb 4-2: New USB device found, idVendor=0b95, idProduct=1790, bcdDevice= 1.00
[    3.260467] usb 4-2: New USB device strings: Mfr=1, Product=2, SerialNumber=3
[    3.260468] usb 4-2: Product: AX88179
[    3.260469] usb 4-2: Manufacturer: ASIX Elec. Corp.
[    3.260470] usb 4-2: SerialNumber: 00000000000F56
[    3.366189] atkbd serio0: Failed to enable keyboard on isa0060/serio0
[    3.366237] input: AT Translated Set 2 keyboard as /devices/platform/i8042/serio0/input/input4
[    3.371416] Freeing unused decrypted memory: 2036K
[    3.371867] Freeing unused kernel image (initmem) memory: 3388K
[    3.382182] Write protecting the kernel read-only data: 30720k
[    3.382736] Freeing unused kernel image (text/rodata gap) memory: 2032K
[    3.382959] Freeing unused kernel image (rodata/data gap) memory: 1092K
[    3.389012] x86/mm: Checked W+X mappings: passed, no W+X pages found.
[    3.389018] Run /init as init process
[    3.389019]   with arguments:
[    3.389020]     /init
[    3.389020]     rhgb
[    3.389021]   with environment:
[    3.389021]     HOME=/
[    3.389022]     TERM=linux
[    3.389022]     BOOT_IMAGE=(hd0,gpt2)/boot/vmlinuz-6.1.0-b3-1ca06f1c1ace+
[    3.400300] systemd[1]: systemd 239 (239-49.el8) running in system mode. (+PAM +AUDIT +SELINUX +IMA -APPARMOR +SMACK +SYSVINIT +UTMP +LIBCRYPTSETUP +GCRYPT +GNUTLS +ACL +XZ +LZ4 +SECCOMP +BLKID +ELFUTILS +KMOD +IDN2 -IDN +PCRE2 default-hierarchy=legacy)
[    3.400346] systemd[1]: Detected architecture x86-64.
[    3.400347] systemd[1]: Running in initial RAM disk.
[    3.482556] systemd[1]: Set hostname to <p-tglh01.sh.intel.com>.
[    3.523877] systemd[1]: Reached target Slices.
[    3.523938] systemd[1]: Listening on Journal Socket.
[    3.550355] systemd[1]: Starting Load Kernel Modules...
[    3.550773] systemd[1]: Starting Setup Virtual Console...
[    3.550788] systemd[1]: Reached target Swap.
[    3.550797] systemd[1]: Reached target Timers.
[    3.752715] tigerlake-pinctrl INT34C6:00: Community0 features: 0x000007
[    3.752776] tigerlake-pinctrl INT34C6:00: Community1 features: 0x00001f
[    3.752872] tigerlake-pinctrl INT34C6:00: Community2 features: 0x000007
[    3.752921] tigerlake-pinctrl INT34C6:00: Community3 features: 0x000027
[    3.752965] tigerlake-pinctrl INT34C6:00: Community4 features: 0x000007
[    3.752981] tigerlake-pinctrl INT34C6:00: try to register 291 pins ...
[    3.752982] pinctrl core: registered pin 0 (SPI0_IO_2) on INT34C6:00
[    3.752983] pinctrl core: registered pin 1 (SPI0_IO_3) on INT34C6:00
[    3.752984] pinctrl core: registered pin 2 (SPI0_MOSI_IO_0) on INT34C6:00
[    3.752984] pinctrl core: registered pin 3 (SPI0_MISO_IO_1) on INT34C6:00
[    3.752985] pinctrl core: registered pin 4 (SPI0_TPM_CSB) on INT34C6:00
[    3.752986] pinctrl core: registered pin 5 (SPI0_FLASH_0_CSB) on INT34C6:00
[    3.752986] pinctrl core: registered pin 6 (SPI0_FLASH_1_CSB) on INT34C6:00
[    3.752987] pinctrl core: registered pin 7 (SPI0_CLK) on INT34C6:00
[    3.752988] pinctrl core: registered pin 8 (ESPI_IO_0) on INT34C6:00
[    3.752989] pinctrl core: registered pin 9 (ESPI_IO_1) on INT34C6:00
[    3.752990] pinctrl core: registered pin 10 (ESPI_IO_2) on INT34C6:00
[    3.752990] pinctrl core: registered pin 11 (ESPI_IO_3) on INT34C6:00
[    3.752991] pinctrl core: registered pin 12 (ESPI_CS0B) on INT34C6:00
[    3.752992] pinctrl core: registered pin 13 (ESPI_CLK) on INT34C6:00
[    3.752992] pinctrl core: registered pin 14 (ESPI_RESETB) on INT34C6:00
[    3.752993] pinctrl core: registered pin 15 (ESPI_CS1B) on INT34C6:00
[    3.752993] pinctrl core: registered pin 16 (ESPI_CS2B) on INT34C6:00
[    3.752994] pinctrl core: registered pin 17 (ESPI_CS3B) on INT34C6:00
[    3.752995] pinctrl core: registered pin 18 (ESPI_ALERT0B) on INT34C6:00
[    3.752995] pinctrl core: registered pin 19 (ESPI_ALERT1B) on INT34C6:00
[    3.752996] pinctrl core: registered pin 20 (ESPI_ALERT2B) on INT34C6:00
[    3.752996] pinctrl core: registered pin 21 (ESPI_ALERT3B) on INT34C6:00
[    3.752997] pinctrl core: registered pin 22 (GPPC_A_14) on INT34C6:00
[    3.752998] pinctrl core: registered pin 23 (SPI0_CLK_LOOPBK) on INT34C6:00
[    3.752998] pinctrl core: registered pin 24 (ESPI_CLK_LOOPBK) on INT34C6:00
[    3.752999] pinctrl core: registered pin 25 (HDA_BCLK) on INT34C6:00
[    3.753000] pinctrl core: registered pin 26 (HDA_SYNC) on INT34C6:00
[    3.753000] pinctrl core: registered pin 27 (HDA_SDO) on INT34C6:00
[    3.753001] pinctrl core: registered pin 28 (HDA_SDI_0) on INT34C6:00
[    3.753001] pinctrl core: registered pin 29 (HDA_RSTB) on INT34C6:00
[    3.753002] pinctrl core: registered pin 30 (HDA_SDI_1) on INT34C6:00
[    3.753003] pinctrl core: registered pin 31 (GPP_R_6) on INT34C6:00
[    3.753003] pinctrl core: registered pin 32 (GPP_R_7) on INT34C6:00
[    3.753004] pinctrl core: registered pin 33 (GPP_R_8) on INT34C6:00
[    3.753004] pinctrl core: registered pin 34 (PCIE_LNK_DOWN) on INT34C6:00
[    3.753005] pinctrl core: registered pin 35 (ISH_UART0_RTSB) on INT34C6:00
[    3.753006] pinctrl core: registered pin 36 (SX_EXIT_HOLDOFFB) on INT34C6:00
[    3.753006] pinctrl core: registered pin 37 (CLKOUT_48) on INT34C6:00
[    3.753007] pinctrl core: registered pin 38 (ISH_GP_7) on INT34C6:00
[    3.753007] pinctrl core: registered pin 39 (ISH_GP_0) on INT34C6:00
[    3.753008] pinctrl core: registered pin 40 (ISH_GP_1) on INT34C6:00
[    3.753009] pinctrl core: registered pin 41 (ISH_GP_2) on INT34C6:00
[    3.753009] pinctrl core: registered pin 42 (ISH_GP_3) on INT34C6:00
[    3.753010] pinctrl core: registered pin 43 (ISH_GP_4) on INT34C6:00
[    3.753011] pinctrl core: registered pin 44 (ISH_GP_5) on INT34C6:00
[    3.753011] pinctrl core: registered pin 45 (GSPI0_CS1B) on INT34C6:00
[    3.753012] pinctrl core: registered pin 46 (GSPI1_CS1B) on INT34C6:00
[    3.753012] pinctrl core: registered pin 47 (VRALERTB) on INT34C6:00
[    3.753013] pinctrl core: registered pin 48 (CPU_GP_2) on INT34C6:00
[    3.753014] pinctrl core: registered pin 49 (CPU_GP_3) on INT34C6:00
[    3.753014] pinctrl core: registered pin 50 (SRCCLKREQB_0) on INT34C6:00
[    3.753015] pinctrl core: registered pin 51 (SRCCLKREQB_1) on INT34C6:00
[    3.753016] pinctrl core: registered pin 52 (SRCCLKREQB_2) on INT34C6:00
[    3.753016] pinctrl core: registered pin 53 (SRCCLKREQB_3) on INT34C6:00
[    3.753017] pinctrl core: registered pin 54 (SRCCLKREQB_4) on INT34C6:00
[    3.753017] pinctrl core: registered pin 55 (SRCCLKREQB_5) on INT34C6:00
[    3.753018] pinctrl core: registered pin 56 (I2S_MCLK) on INT34C6:00
[    3.753019] pinctrl core: registered pin 57 (SLP_S0B) on INT34C6:00
[    3.753019] pinctrl core: registered pin 58 (PLTRSTB) on INT34C6:00
[    3.753020] pinctrl core: registered pin 59 (SPKR) on INT34C6:00
[    3.753020] pinctrl core: registered pin 60 (GSPI0_CS0B) on INT34C6:00
[    3.753021] pinctrl core: registered pin 61 (GSPI0_CLK) on INT34C6:00
[    3.753022] pinctrl core: registered pin 62 (GSPI0_MISO) on INT34C6:00
[    3.753022] pinctrl core: registered pin 63 (GSPI0_MOSI) on INT34C6:00
[    3.753026] pinctrl core: registered pin 64 (GSPI1_CS0B) on INT34C6:00
[    3.753027] pinctrl core: registered pin 65 (GSPI1_CLK) on INT34C6:00
[    3.753027] pinctrl core: registered pin 66 (GSPI1_MISO) on INT34C6:00
[    3.753028] pinctrl core: registered pin 67 (GSPI1_MOSI) on INT34C6:00
[    3.753028] pinctrl core: registered pin 68 (SML1ALERTB) on INT34C6:00
[    3.753029] pinctrl core: registered pin 69 (GSPI0_CLK_LOOPBK) on INT34C6:00
[    3.753030] pinctrl core: registered pin 70 (GSPI1_CLK_LOOPBK) on INT34C6:00
[    3.753030] pinctrl core: registered pin 71 (ESPI_USB_OCB_0) on INT34C6:00
[    3.753031] pinctrl core: registered pin 72 (ESPI_USB_OCB_1) on INT34C6:00
[    3.753032] pinctrl core: registered pin 73 (ESPI_USB_OCB_2) on INT34C6:00
[    3.753033] pinctrl core: registered pin 74 (ESPI_USB_OCB_3) on INT34C6:00
[    3.753033] pinctrl core: registered pin 75 (USB_CPU_OCB_0) on INT34C6:00
[    3.753034] pinctrl core: registered pin 76 (USB_CPU_OCB_1) on INT34C6:00
[    3.753034] pinctrl core: registered pin 77 (USB_CPU_OCB_2) on INT34C6:00
[    3.753035] pinctrl core: registered pin 78 (USB_CPU_OCB_3) on INT34C6:00
[    3.753036] pinctrl core: registered pin 79 (SPI1_CSB) on INT34C6:00
[    3.753036] pinctrl core: registered pin 80 (SPI1_CLK) on INT34C6:00
[    3.753037] pinctrl core: registered pin 81 (SPI1_MISO_IO_1) on INT34C6:00
[    3.753038] pinctrl core: registered pin 82 (SPI1_MOSI_IO_0) on INT34C6:00
[    3.753038] pinctrl core: registered pin 83 (SML1CLK) on INT34C6:00
[    3.753039] pinctrl core: registered pin 84 (I2S2_SFRM) on INT34C6:00
[    3.753039] pinctrl core: registered pin 85 (I2S2_TXD) on INT34C6:00
[    3.753040] pinctrl core: registered pin 86 (I2S2_RXD) on INT34C6:00
[    3.753041] pinctrl core: registered pin 87 (I2S2_SCLK) on INT34C6:00
[    3.753041] pinctrl core: registered pin 88 (SML0CLK) on INT34C6:00
[    3.753042] pinctrl core: registered pin 89 (SML0DATA) on INT34C6:00
[    3.753042] pinctrl core: registered pin 90 (GPP_D_11) on INT34C6:00
[    3.753043] pinctrl core: registered pin 91 (ISH_UART0_CTSB) on INT34C6:00
[    3.753044] pinctrl core: registered pin 92 (SPI1_IO_2) on INT34C6:00
[    3.753044] pinctrl core: registered pin 93 (SPI1_IO_3) on INT34C6:00
[    3.753045] pinctrl core: registered pin 94 (SML1DATA) on INT34C6:00
[    3.753045] pinctrl core: registered pin 95 (GSPI3_CS0B) on INT34C6:00
[    3.753046] pinctrl core: registered pin 96 (GSPI3_CLK) on INT34C6:00
[    3.753047] pinctrl core: registered pin 97 (GSPI3_MISO) on INT34C6:00
[    3.753047] pinctrl core: registered pin 98 (GSPI3_MOSI) on INT34C6:00
[    3.753048] pinctrl core: registered pin 99 (UART3_RXD) on INT34C6:00
[    3.753049] pinctrl core: registered pin 100 (UART3_TXD) on INT34C6:00
[    3.753049] pinctrl core: registered pin 101 (UART3_RTSB) on INT34C6:00
[    3.753050] pinctrl core: registered pin 102 (UART3_CTSB) on INT34C6:00
[    3.753050] pinctrl core: registered pin 103 (SPI1_CLK_LOOPBK) on INT34C6:00
[    3.753051] pinctrl core: registered pin 104 (GSPI3_CLK_LOOPBK) on INT34C6:00
[    3.753052] pinctrl core: registered pin 105 (SMBCLK) on INT34C6:00
[    3.753052] pinctrl core: registered pin 106 (SMBDATA) on INT34C6:00
[    3.753053] pinctrl core: registered pin 107 (SMBALERTB) on INT34C6:00
[    3.753054] pinctrl core: registered pin 108 (ISH_UART0_RXD) on INT34C6:00
[    3.753054] pinctrl core: registered pin 109 (ISH_UART0_TXD) on INT34C6:00
[    3.753055] pinctrl core: registered pin 110 (SML0ALERTB) on INT34C6:00
[    3.753056] pinctrl core: registered pin 111 (ISH_I2C2_SDA) on INT34C6:00
[    3.753056] pinctrl core: registered pin 112 (ISH_I2C2_SCL) on INT34C6:00
[    3.753057] pinctrl core: registered pin 113 (UART0_RXD) on INT34C6:00
[    3.753057] pinctrl core: registered pin 114 (UART0_TXD) on INT34C6:00
[    3.753058] pinctrl core: registered pin 115 (UART0_RTSB) on INT34C6:00
[    3.753059] pinctrl core: registered pin 116 (UART0_CTSB) on INT34C6:00
[    3.753059] pinctrl core: registered pin 117 (UART1_RXD) on INT34C6:00
[    3.753060] pinctrl core: registered pin 118 (UART1_TXD) on INT34C6:00
[    3.753060] pinctrl core: registered pin 119 (UART1_RTSB) on INT34C6:00
[    3.753061] pinctrl core: registered pin 120 (UART1_CTSB) on INT34C6:00
[    3.753062] pinctrl core: registered pin 121 (I2C0_SDA) on INT34C6:00
[    3.753062] pinctrl core: registered pin 122 (I2C0_SCL) on INT34C6:00
[    3.753063] pinctrl core: registered pin 123 (I2C1_SDA) on INT34C6:00
[    3.753063] pinctrl core: registered pin 124 (I2C1_SCL) on INT34C6:00
[    3.753064] pinctrl core: registered pin 125 (UART2_RXD) on INT34C6:00
[    3.753065] pinctrl core: registered pin 126 (UART2_TXD) on INT34C6:00
[    3.753065] pinctrl core: registered pin 127 (UART2_RTSB) on INT34C6:00
[    3.753066] pinctrl core: registered pin 128 (UART2_CTSB) on INT34C6:00
[    3.753067] pinctrl core: registered pin 129 (SNDW1_CLK) on INT34C6:00
[    3.753067] pinctrl core: registered pin 130 (SNDW1_DATA) on INT34C6:00
[    3.753068] pinctrl core: registered pin 131 (SNDW2_CLK) on INT34C6:00
[    3.753068] pinctrl core: registered pin 132 (SNDW2_DATA) on INT34C6:00
[    3.753069] pinctrl core: registered pin 133 (SNDW3_CLK) on INT34C6:00
[    3.753070] pinctrl core: registered pin 134 (SNDW3_DATA) on INT34C6:00
[    3.753070] pinctrl core: registered pin 135 (SNDW4_CLK) on INT34C6:00
[    3.753071] pinctrl core: registered pin 136 (SNDW4_DATA) on INT34C6:00
[    3.753072] pinctrl core: registered pin 137 (DDPA_CTRLCLK) on INT34C6:00
[    3.753072] pinctrl core: registered pin 138 (DDPA_CTRLDATA) on INT34C6:00
[    3.753073] pinctrl core: registered pin 139 (DNX_FORCE_RELOAD) on INT34C6:00
[    3.753074] pinctrl core: registered pin 140 (GMII_MDC_0) on INT34C6:00
[    3.753074] pinctrl core: registered pin 141 (GMII_MDIO_0) on INT34C6:00
[    3.753075] pinctrl core: registered pin 142 (SLP_DRAMB) on INT34C6:00
[    3.753076] pinctrl core: registered pin 143 (GPPC_G_6) on INT34C6:00
[    3.753076] pinctrl core: registered pin 144 (GPPC_G_7) on INT34C6:00
[    3.753077] pinctrl core: registered pin 145 (ISH_SPI_CSB) on INT34C6:00
[    3.753077] pinctrl core: registered pin 146 (ISH_SPI_CLK) on INT34C6:00
[    3.753078] pinctrl core: registered pin 147 (ISH_SPI_MISO) on INT34C6:00
[    3.753079] pinctrl core: registered pin 148 (ISH_SPI_MOSI) on INT34C6:00
[    3.753079] pinctrl core: registered pin 149 (DDP1_CTRLCLK) on INT34C6:00
[    3.753080] pinctrl core: registered pin 150 (DDP1_CTRLDATA) on INT34C6:00
[    3.753081] pinctrl core: registered pin 151 (DDP2_CTRLCLK) on INT34C6:00
[    3.753081] pinctrl core: registered pin 152 (DDP2_CTRLDATA) on INT34C6:00
[    3.753082] pinctrl core: registered pin 153 (GSPI2_CLK_LOOPBK) on INT34C6:00
[    3.753082] pinctrl core: registered pin 154 (CNV_BTEN) on INT34C6:00
[    3.753083] pinctrl core: registered pin 155 (CNV_BT_HOST_WAKEB) on INT34C6:00
[    3.753084] pinctrl core: registered pin 156 (CNV_BT_IF_SELECT) on INT34C6:00
[    3.753084] pinctrl core: registered pin 157 (vCNV_BT_UART_TXD) on INT34C6:00
[    3.753085] pinctrl core: registered pin 158 (vCNV_BT_UART_RXD) on INT34C6:00
[    3.753086] pinctrl core: registered pin 159 (vCNV_BT_UART_CTS_B) on INT34C6:00
[    3.753086] pinctrl core: registered pin 160 (vCNV_BT_UART_RTS_B) on INT34C6:00
[    3.753087] pinctrl core: registered pin 161 (vCNV_MFUART1_TXD) on INT34C6:00
[    3.753087] pinctrl core: registered pin 162 (vCNV_MFUART1_RXD) on INT34C6:00
[    3.753088] pinctrl core: registered pin 163 (vCNV_MFUART1_CTS_B) on INT34C6:00
[    3.753089] pinctrl core: registered pin 164 (vCNV_MFUART1_RTS_B) on INT34C6:00
[    3.753089] pinctrl core: registered pin 165 (vUART0_TXD) on INT34C6:00
[    3.753090] pinctrl core: registered pin 166 (vUART0_RXD) on INT34C6:00
[    3.753090] pinctrl core: registered pin 167 (vUART0_CTS_B) on INT34C6:00
[    3.753091] pinctrl core: registered pin 168 (vUART0_RTS_B) on INT34C6:00
[    3.753092] pinctrl core: registered pin 169 (vISH_UART0_TXD) on INT34C6:00
[    3.753092] pinctrl core: registered pin 170 (vISH_UART0_RXD) on INT34C6:00
[    3.753093] pinctrl core: registered pin 171 (vISH_UART0_CTS_B) on INT34C6:00
[    3.753094] pinctrl core: registered pin 172 (vISH_UART0_RTS_B) on INT34C6:00
[    3.753094] pinctrl core: registered pin 173 (vCNV_BT_I2S_BCLK) on INT34C6:00
[    3.753095] pinctrl core: registered pin 174 (vCNV_BT_I2S_WS_SYNC) on INT34C6:00
[    3.753095] pinctrl core: registered pin 175 (vCNV_BT_I2S_SDO) on INT34C6:00
[    3.753096] pinctrl core: registered pin 176 (vCNV_BT_I2S_SDI) on INT34C6:00
[    3.753097] pinctrl core: registered pin 177 (vI2S2_SCLK) on INT34C6:00
[    3.753097] pinctrl core: registered pin 178 (vI2S2_SFRM) on INT34C6:00
[    3.753098] pinctrl core: registered pin 179 (vI2S2_TXD) on INT34C6:00
[    3.753098] pinctrl core: registered pin 180 (vI2S2_RXD) on INT34C6:00
[    3.753099] pinctrl core: registered pin 181 (SATAXPCIE_0) on INT34C6:00
[    3.753100] pinctrl core: registered pin 182 (SATAXPCIE_1) on INT34C6:00
[    3.753100] pinctrl core: registered pin 183 (SATAXPCIE_2) on INT34C6:00
[    3.753101] pinctrl core: registered pin 184 (CPU_GP_0) on INT34C6:00
[    3.753102] pinctrl core: registered pin 185 (SATA_DEVSLP_0) on INT34C6:00
[    3.753102] pinctrl core: registered pin 186 (SATA_DEVSLP_1) on INT34C6:00
[    3.753103] pinctrl core: registered pin 187 (SATA_DEVSLP_2) on INT34C6:00
[    3.753103] pinctrl core: registered pin 188 (CPU_GP_1) on INT34C6:00
[    3.753104] pinctrl core: registered pin 189 (SATA_LEDB) on INT34C6:00
[    3.753105] pinctrl core: registered pin 190 (USB2_OCB_0) on INT34C6:00
[    3.753105] pinctrl core: registered pin 191 (USB2_OCB_1) on INT34C6:00
[    3.753106] pinctrl core: registered pin 192 (USB2_OCB_2) on INT34C6:00
[    3.753107] pinctrl core: registered pin 193 (USB2_OCB_3) on INT34C6:00
[    3.753107] pinctrl core: registered pin 194 (SATAXPCIE_3) on INT34C6:00
[    3.753108] pinctrl core: registered pin 195 (SATAXPCIE_4) on INT34C6:00
[    3.753109] pinctrl core: registered pin 196 (SATAXPCIE_5) on INT34C6:00
[    3.753109] pinctrl core: registered pin 197 (SATAXPCIE_6) on INT34C6:00
[    3.753110] pinctrl core: registered pin 198 (SATAXPCIE_7) on INT34C6:00
[    3.753110] pinctrl core: registered pin 199 (SATA_DEVSLP_3) on INT34C6:00
[    3.753111] pinctrl core: registered pin 200 (SATA_DEVSLP_4) on INT34C6:00
[    3.753112] pinctrl core: registered pin 201 (SATA_DEVSLP_5) on INT34C6:00
[    3.753113] pinctrl core: registered pin 202 (SATA_DEVSLP_6) on INT34C6:00
[    3.753113] pinctrl core: registered pin 203 (SATA_DEVSLP_7) on INT34C6:00
[    3.753114] pinctrl core: registered pin 204 (SATA_SCLOCK) on INT34C6:00
[    3.753115] pinctrl core: registered pin 205 (SATA_SLOAD) on INT34C6:00
[    3.753115] pinctrl core: registered pin 206 (SATA_SDATAOUT1) on INT34C6:00
[    3.753116] pinctrl core: registered pin 207 (SATA_SDATAOUT0) on INT34C6:00
[    3.753116] pinctrl core: registered pin 208 (PS_ONB) on INT34C6:00
[    3.753117] pinctrl core: registered pin 209 (M2_SKT2_CFG_0) on INT34C6:00
[    3.753118] pinctrl core: registered pin 210 (M2_SKT2_CFG_1) on INT34C6:00
[    3.753118] pinctrl core: registered pin 211 (M2_SKT2_CFG_2) on INT34C6:00
[    3.753119] pinctrl core: registered pin 212 (M2_SKT2_CFG_3) on INT34C6:00
[    3.753120] pinctrl core: registered pin 213 (L_VDDEN) on INT34C6:00
[    3.753120] pinctrl core: registered pin 214 (L_BKLTEN) on INT34C6:00
[    3.753121] pinctrl core: registered pin 215 (L_BKLTCTL) on INT34C6:00
[    3.753121] pinctrl core: registered pin 216 (VNN_CTRL) on INT34C6:00
[    3.753122] pinctrl core: registered pin 217 (GPP_F_23) on INT34C6:00
[    3.753123] pinctrl core: registered pin 218 (SRCCLKREQB_6) on INT34C6:00
[    3.753123] pinctrl core: registered pin 219 (SRCCLKREQB_7) on INT34C6:00
[    3.753124] pinctrl core: registered pin 220 (SRCCLKREQB_8) on INT34C6:00
[    3.753124] pinctrl core: registered pin 221 (SRCCLKREQB_9) on INT34C6:00
[    3.753125] pinctrl core: registered pin 222 (SRCCLKREQB_10) on INT34C6:00
[    3.753126] pinctrl core: registered pin 223 (SRCCLKREQB_11) on INT34C6:00
[    3.753126] pinctrl core: registered pin 224 (SRCCLKREQB_12) on INT34C6:00
[    3.753127] pinctrl core: registered pin 225 (SRCCLKREQB_13) on INT34C6:00
[    3.753128] pinctrl core: registered pin 226 (SRCCLKREQB_14) on INT34C6:00
[    3.753128] pinctrl core: registered pin 227 (SRCCLKREQB_15) on INT34C6:00
[    3.753129] pinctrl core: registered pin 228 (SML2CLK) on INT34C6:00
[    3.753129] pinctrl core: registered pin 229 (SML2DATA) on INT34C6:00
[    3.753130] pinctrl core: registered pin 230 (SML2ALERTB) on INT34C6:00
[    3.753131] pinctrl core: registered pin 231 (SML3CLK) on INT34C6:00
[    3.753131] pinctrl core: registered pin 232 (SML3DATA) on INT34C6:00
[    3.753132] pinctrl core: registered pin 233 (SML3ALERTB) on INT34C6:00
[    3.753132] pinctrl core: registered pin 234 (SML4CLK) on INT34C6:00
[    3.753133] pinctrl core: registered pin 235 (SML4DATA) on INT34C6:00
[    3.753134] pinctrl core: registered pin 236 (SML4ALERTB) on INT34C6:00
[    3.753134] pinctrl core: registered pin 237 (ISH_I2C0_SDA) on INT34C6:00
[    3.753135] pinctrl core: registered pin 238 (ISH_I2C0_SCL) on INT34C6:00
[    3.753135] pinctrl core: registered pin 239 (ISH_I2C1_SDA) on INT34C6:00
[    3.753136] pinctrl core: registered pin 240 (ISH_I2C1_SCL) on INT34C6:00
[    3.753137] pinctrl core: registered pin 241 (TIME_SYNC_0) on INT34C6:00
[    3.753137] pinctrl core: registered pin 242 (CNV_PA_BLANKING) on INT34C6:00
[    3.753138] pinctrl core: registered pin 243 (CPU_C10_GATEB) on INT34C6:00
[    3.753139] pinctrl core: registered pin 244 (CNV_BRI_DT) on INT34C6:00
[    3.753139] pinctrl core: registered pin 245 (CNV_BRI_RSP) on INT34C6:00
[    3.753140] pinctrl core: registered pin 246 (CNV_RGI_DT) on INT34C6:00
[    3.753140] pinctrl core: registered pin 247 (CNV_RGI_RSP) on INT34C6:00
[    3.753141] pinctrl core: registered pin 248 (CNV_MFUART2_RXD) on INT34C6:00
[    3.753142] pinctrl core: registered pin 249 (CNV_MFUART2_TXD) on INT34C6:00
[    3.753142] pinctrl core: registered pin 250 (GPP_J_8) on INT34C6:00
[    3.753143] pinctrl core: registered pin 251 (GPP_J_9) on INT34C6:00
[    3.753144] pinctrl core: registered pin 252 (GSXDOUT) on INT34C6:00
[    3.753144] pinctrl core: registered pin 253 (GSXSLOAD) on INT34C6:00
[    3.753145] pinctrl core: registered pin 254 (GSXDIN) on INT34C6:00
[    3.753145] pinctrl core: registered pin 255 (GSXSRESETB) on INT34C6:00
[    3.753146] pinctrl core: registered pin 256 (GSXCLK) on INT34C6:00
[    3.753147] pinctrl core: registered pin 257 (ADR_COMPLETE) on INT34C6:00
[    3.753147] pinctrl core: registered pin 258 (DDSP_HPD_A) on INT34C6:00
[    3.753148] pinctrl core: registered pin 259 (DDSP_HPD_B) on INT34C6:00
[    3.753148] pinctrl core: registered pin 260 (CORE_VID_0) on INT34C6:00
[    3.753149] pinctrl core: registered pin 261 (CORE_VID_1) on INT34C6:00
[    3.753150] pinctrl core: registered pin 262 (DDSP_HPD_C) on INT34C6:00
[    3.753150] pinctrl core: registered pin 263 (GPP_K_11) on INT34C6:00
[    3.753151] pinctrl core: registered pin 264 (SYS_PWROK) on INT34C6:00
[    3.753152] pinctrl core: registered pin 265 (SYS_RESETB) on INT34C6:00
[    3.753153] pinctrl core: registered pin 266 (MLK_RSTB) on INT34C6:00
[    3.753153] pinctrl core: registered pin 267 (PMCALERTB) on INT34C6:00
[    3.753154] pinctrl core: registered pin 268 (DDSP_HPD_1) on INT34C6:00
[    3.753155] pinctrl core: registered pin 269 (DDSP_HPD_2) on INT34C6:00
[    3.753155] pinctrl core: registered pin 270 (DDSP_HPD_3) on INT34C6:00
[    3.753156] pinctrl core: registered pin 271 (DDSP_HPD_4) on INT34C6:00
[    3.753156] pinctrl core: registered pin 272 (DDPB_CTRLCLK) on INT34C6:00
[    3.753157] pinctrl core: registered pin 273 (DDPB_CTRLDATA) on INT34C6:00
[    3.753158] pinctrl core: registered pin 274 (DDPC_CTRLCLK) on INT34C6:00
[    3.753158] pinctrl core: registered pin 275 (DDPC_CTRLDATA) on INT34C6:00
[    3.753159] pinctrl core: registered pin 276 (FUSA_DIAGTEST_EN) on INT34C6:00
[    3.753159] pinctrl core: registered pin 277 (FUSA_DIAGTEST_MODE) on INT34C6:00
[    3.753160] pinctrl core: registered pin 278 (USB2_OCB_4) on INT34C6:00
[    3.753161] pinctrl core: registered pin 279 (USB2_OCB_5) on INT34C6:00
[    3.753161] pinctrl core: registered pin 280 (USB2_OCB_6) on INT34C6:00
[    3.753162] pinctrl core: registered pin 281 (USB2_OCB_7) on INT34C6:00
[    3.753163] pinctrl core: registered pin 282 (JTAG_TDO) on INT34C6:00
[    3.753163] pinctrl core: registered pin 283 (JTAGX) on INT34C6:00
[    3.753164] pinctrl core: registered pin 284 (PRDYB) on INT34C6:00
[    3.753164] pinctrl core: registered pin 285 (PREQB) on INT34C6:00
[    3.753165] pinctrl core: registered pin 286 (JTAG_TDI) on INT34C6:00
[    3.753166] pinctrl core: registered pin 287 (JTAG_TMS) on INT34C6:00
[    3.753166] pinctrl core: registered pin 288 (JTAG_TCK) on INT34C6:00
[    3.753167] pinctrl core: registered pin 289 (DBG_PMODE) on INT34C6:00
[    3.753168] pinctrl core: registered pin 290 (CPU_TRSTB) on INT34C6:00
[    3.753169] tigerlake-pinctrl INT34C6:00: failed to lookup the default state
[    3.753169] tigerlake-pinctrl INT34C6:00: failed to lookup the sleep state
[    3.753233] gpiochip_find_base: found new base at 561
[    3.754793] gpio gpiochip0: (INT34C6:00): created GPIO range 0->24 ==> INT34C6:00 PIN 0->24
[    3.754795] gpio gpiochip0: (INT34C6:00): created GPIO range 32->51 ==> INT34C6:00 PIN 25->44
[    3.754796] gpio gpiochip0: (INT34C6:00): created GPIO range 64->89 ==> INT34C6:00 PIN 45->70
[    3.754797] gpio gpiochip0: (INT34C6:00): created GPIO range 96->103 ==> INT34C6:00 PIN 71->78
[    3.754798] gpio gpiochip0: (INT34C6:00): created GPIO range 128->153 ==> INT34C6:00 PIN 79->104
[    3.754800] gpio gpiochip0: (INT34C6:00): created GPIO range 160->183 ==> INT34C6:00 PIN 105->128
[    3.754801] gpio gpiochip0: (INT34C6:00): created GPIO range 192->199 ==> INT34C6:00 PIN 129->136
[    3.754802] gpio gpiochip0: (INT34C6:00): created GPIO range 224->240 ==> INT34C6:00 PIN 137->153
[    3.754803] gpio gpiochip0: (INT34C6:00): created GPIO range 256->282 ==> INT34C6:00 PIN 154->180
[    3.754804] gpio gpiochip0: (INT34C6:00): created GPIO range 288->300 ==> INT34C6:00 PIN 181->193
[    3.754804] gpio gpiochip0: (INT34C6:00): created GPIO range 320->343 ==> INT34C6:00 PIN 194->217
[    3.754805] gpio gpiochip0: (INT34C6:00): created GPIO range 352->375 ==> INT34C6:00 PIN 218->241
[    3.754806] gpio gpiochip0: (INT34C6:00): created GPIO range 384->393 ==> INT34C6:00 PIN 242->251
[    3.754807] gpio gpiochip0: (INT34C6:00): created GPIO range 416->430 ==> INT34C6:00 PIN 252->266
[    3.754808] gpio gpiochip0: (INT34C6:00): created GPIO range 448->462 ==> INT34C6:00 PIN 267->281
[    3.754860] gpio gpiochip0: (INT34C6:00): added GPIO chardev (254:0)
[    3.754871] gpio gpiochip0: registered GPIOs 561 to 1023 on INT34C6:00
[    3.770564] hid: raw HID events driver (C) Jiri Kosina
[    3.772865] e1000e: Intel(R) PRO/1000 Network Driver
[    3.772867] e1000e: Copyright(c) 1999 - 2015 Intel Corporation.
[    3.772920] e1000e 0000:00:1f.6: enabling device (0000 -> 0002)
[    3.773254] e1000e 0000:00:1f.6: Interrupt Throttling Rate (ints/sec) set to dynamic conservative mode
[    3.773282] usbcore: registered new interface driver usbhid
[    3.773284] usbhid: USB HID core driver
[    3.773466] usbcore: registered new interface driver usbkbd
[    3.774053] cryptd: max_cpu_qlen set to 1000
[    3.774860] AVX2 version of gcm_enc/dec engaged.
[    3.774915] AES CTR mode by8 optimization enabled
[    3.786756] input: DELL Dell QuietKey Keyboard as /devices/pci0000:00/0000:00:14.0/usb3/3-12/3-12:1.0/0003:413C:2106.0001/input/input5
[    3.846235] hid-generic 0003:413C:2106.0001: input,hidraw0: USB HID v1.10 Keyboard [DELL Dell QuietKey Keyboard] on usb-0000:00:14.0-12/input0
[    4.107778] ax88179_178a 4-2:1.0 eth0: register 'ax88179_178a' at usb-0000:00:14.0-2, ASIX AX88179 USB 3.0 Gigabit Ethernet, 00:0e:c6:a1:a2:6e
[    4.108329] usbcore: registered new interface driver ax88179_178a
[    4.109495] ax88179_178a 4-2:1.0 enp0s20f0u2: renamed from eth0
[    4.222660] e1000e 0000:00:1f.6 0000:00:1f.6 (uninitialized): registered PHC clock
[    4.298070] e1000e 0000:00:1f.6 eth0: (PCI Express:2.5GT/s:Width x1) 88:88:88:88:87:88
[    4.298075] e1000e 0000:00:1f.6 eth0: Intel(R) PRO/1000 Network Connection
[    4.298244] e1000e 0000:00:1f.6 eth0: MAC: 14, PHY: 12, PBA No: FFFFFF-0FF
[    4.298942] e1000e 0000:00:1f.6 enp0s31f6: renamed from eth0
[    4.505083] ish-hid {33AECD58-B679-4E54-9BD9-A04D34F0C226}: [hid-ish]: enum_devices_done OK, num_hid_devices=6
[    4.514464] hid-generic 001F:8087:0AC2.0002: hidraw1: SENSOR HUB HID v2.00 Device [hid-ishtp 8087:0AC2] on 
[    4.523585] hid-generic 001F:8087:0AC2.0003: hidraw2: SENSOR HUB HID v2.00 Device [hid-ishtp 8087:0AC2] on 
[    4.533303] hid-generic 001F:8087:0AC2.0004: hidraw3: SENSOR HUB HID v2.00 Device [hid-ishtp 8087:0AC2] on 
[    4.539964] hid-generic 001F:8087:0AC2.0005: hidraw4: SENSOR HUB HID v2.00 Device [hid-ishtp 8087:0AC2] on 
[    4.549857] hid-generic 001F:8087:0AC3.0006: hidraw5: SENSOR HUB HID v2.00 Device [hid-ishtp 8087:0AC3] on 
[    4.552034] hid-generic 001F:8087:0AC3.0007: hidraw6: SENSOR HUB HID v2.00 Device [hid-ishtp 8087:0AC3] on 
[    4.926607] EXT4-fs (nvme0n1p2): mounted filesystem 77b5d696-7bf5-4a06-bfd3-6fd24ec0d8f7 with ordered data mode. Quota mode: none.
[    5.082466] printk: systemd: 19 output lines suppressed due to ratelimiting
[    5.124005] systemd[1]: RTC configured in localtime, applying delta of 480 minutes to system time.
[    5.127482] systemd[1]: systemd 239 (239-49.el8) running in system mode. (+PAM +AUDIT +SELINUX +IMA -APPARMOR +SMACK +SYSVINIT +UTMP +LIBCRYPTSETUP +GCRYPT +GNUTLS +ACL +XZ +LZ4 +SECCOMP +BLKID +ELFUTILS +KMOD +IDN2 -IDN +PCRE2 default-hierarchy=legacy)
[    5.127527] systemd[1]: Detected architecture x86-64.
[    5.127745] systemd[1]: Set hostname to <p-tglh01.sh.intel.com>.
[    5.271663] systemd[1]: systemd-journald.service: Succeeded.
[    5.272124] systemd[1]: initrd-switch-root.service: Succeeded.
[    5.272331] systemd[1]: Stopped Switch Root.
[    5.272460] systemd[1]: systemd-journald.service: Service has no hold-off time (RestartSec=0), scheduling restart.
[    5.272520] systemd[1]: systemd-journald.service: Scheduled restart job, restart counter is at 1.
[    5.272525] systemd[1]: Stopped Journal Service.
[    5.272991] systemd[1]: Starting Journal Service...
[    5.286410] Adding 20971516k swap on /dev/mapper/cs-swap.  Priority:-2 extents:1 across:20971516k SSFS
[    5.287753] EXT4-fs (nvme0n1p2): re-mounted 77b5d696-7bf5-4a06-bfd3-6fd24ec0d8f7. Quota mode: none.
[    5.364963] Consider using thermal netlink events interface
[    5.367927] input: Intel HID events as /devices/platform/INTC1051:00/input/input6
[    5.368182] intel-hid INTC1051:00: platform supports 5 button array
[    5.368224] input: Intel HID 5 button array as /devices/platform/INTC1051:00/input/input7
[    5.406794] proc_thermal 0000:00:04.0: enabling device (0000 -> 0002)
[    5.433584] intel_rapl_common: Found RAPL domain package
[    5.488776] ACPI: bus type thunderbolt registered
[    5.488988] thunderbolt 0000:00:0d.2: total paths: 12
[    5.488993] thunderbolt 0000:00:0d.2: IOMMU DMA protection is enabled
[    5.501630] thunderbolt 0000:00:0d.2: allocating TX ring 0 of size 10
[    5.501654] thunderbolt 0000:00:0d.2: allocating RX ring 0 of size 10
[    5.501668] thunderbolt 0000:00:0d.2: control channel created
[    5.501670] thunderbolt 0000:00:0d.2: using firmware connection manager
[    5.501671] thunderbolt 0000:00:0d.2: NHI initialized, starting thunderbolt
[    5.501671] thunderbolt 0000:00:0d.2: control channel starting...
[    5.501672] thunderbolt 0000:00:0d.2: starting TX ring 0
[    5.501675] thunderbolt 0000:00:0d.2: enabling interrupt at register 0x38200 bit 0 (0x0 -> 0x1)
[    5.501676] thunderbolt 0000:00:0d.2: starting RX ring 0
[    5.501679] thunderbolt 0000:00:0d.2: enabling interrupt at register 0x38200 bit 12 (0x1 -> 0x1001)
[    5.505552] thunderbolt 0000:00:0d.2: USB4 proxy operations supported
[    5.505553] thunderbolt 0000:00:0d.2: security level set to none
[    5.507215] mei_me 0000:00:16.0: enabling device (0000 -> 0002)
[    5.512278] thunderbolt 0000:00:0d.2: current switch config:
[    5.512280] thunderbolt 0000:00:0d.2:  USB4 Switch: 8087:9a1f (Revision: 4, TB Version: 32)
[    5.512282] thunderbolt 0000:00:0d.2:   Max Port Number: 13
[    5.512282] thunderbolt 0000:00:0d.2:   Config:
[    5.512283] thunderbolt 0000:00:0d.2:    Upstream Port Number: 7 Depth: 0 Route String: 0x0 Enabled: 1, PlugEventsDelay: 10ms
[    5.512285] thunderbolt 0000:00:0d.2:    unknown1: 0x0 unknown4: 0x0
[    5.514001] intel-lpss 0000:00:15.0: enabling device (0000 -> 0002)
[    5.514322] idma64 idma64.0: Found Intel integrated DMA 64-bit
[    5.527575] i2c_designware i2c_designware.0: GPIO lookup for consumer scl
[    5.527577] i2c_designware i2c_designware.0: using ACPI for GPIO lookup
[    5.527579] acpi device:8d: GPIO: looking up scl-gpios
[    5.527580] acpi device:8d: GPIO: looking up scl-gpio
[    5.527581] i2c_designware i2c_designware.0: using lookup tables for GPIO lookup
[    5.527582] i2c_designware i2c_designware.0: No GPIO consumer scl found
[    5.544950] intel-lpss 0000:00:15.1: enabling device (0000 -> 0002)
[    5.545325] idma64 idma64.1: Found Intel integrated DMA 64-bit
[    5.594641] thunderbolt 0000:00:0d.2: 0: uid: 0x877bdc2080870893
[    5.633692] thunderbolt 0000:00:0d.2:  Port 1: 8086:9a1f (Revision: 4, TB Version: 1, Type: Port (0x1))
[    5.633695] thunderbolt 0000:00:0d.2:   Max hop id (in/out): 19/19
[    5.633696] thunderbolt 0000:00:0d.2:   Max counters: 16
[    5.633697] thunderbolt 0000:00:0d.2:   NFC Credits: 0x83c00000
[    5.633697] thunderbolt 0000:00:0d.2:   Credits (total/control): 60/2
[    5.656054] i2c_designware i2c_designware.1: GPIO lookup for consumer scl
[    5.656056] i2c_designware i2c_designware.1: using ACPI for GPIO lookup
[    5.656057] acpi device:8e: GPIO: looking up scl-gpios
[    5.656058] acpi device:8e: GPIO: looking up scl-gpio
[    5.656058] i2c_designware i2c_designware.1: using lookup tables for GPIO lookup
[    5.656060] i2c_designware i2c_designware.1: No GPIO consumer scl found
