[    0.000000] Linux version 6.1.0-b4_fe36bb8736ee9+ (root@xpf.sh.intel.com) (gcc (GCC) 8.5.0 20210514 (Red Hat 8.5.0-18), GNU ld version 2.36.1-2.el8) #9 SMP PREEMPT_DYNAMIC Thu Apr  6 13:51:24 CST 2023
[    0.000000] Command line: BOOT_IMAGE=(hd0,gpt2)/boot/vmlinuz-6.1.0-b4_fe36bb8736ee9+ root=UUID=77b5d696-7bf5-4a06-bfd3-6fd24ec0d8f7 ro crashkernel=auto resume=/dev/mapper/cs-swap rd.lvm.lv=cs/swap rhgb quiet log_buf_len=4M thunderbolt.dyndbg
[    0.000000] KERNEL supported cpus:
[    0.000000]   Intel GenuineIntel
[    0.000000]   AMD AuthenticAMD
[    0.000000]   Hygon HygonGenuine
[    0.000000]   Centaur CentaurHauls
[    0.000000]   zhaoxin   Shanghai  
[    0.000000] x86/split lock detection: #AC: crashing the kernel on kernel split_locks and warning on user-space split_locks
[    0.000000] x86/fpu: Supporting XSAVE feature 0x001: 'x87 floating point registers'
[    0.000000] x86/fpu: Supporting XSAVE feature 0x002: 'SSE registers'
[    0.000000] x86/fpu: Supporting XSAVE feature 0x004: 'AVX registers'
[    0.000000] x86/fpu: Supporting XSAVE feature 0x020: 'AVX-512 opmask'
[    0.000000] x86/fpu: Supporting XSAVE feature 0x040: 'AVX-512 Hi256'
[    0.000000] x86/fpu: Supporting XSAVE feature 0x080: 'AVX-512 ZMM_Hi256'
[    0.000000] x86/fpu: Supporting XSAVE feature 0x200: 'Protection Keys User registers'
[    0.000000] x86/fpu: xstate_offset[2]:  576, xstate_sizes[2]:  256
[    0.000000] x86/fpu: xstate_offset[5]:  832, xstate_sizes[5]:   64
[    0.000000] x86/fpu: xstate_offset[6]:  896, xstate_sizes[6]:  512
[    0.000000] x86/fpu: xstate_offset[7]: 1408, xstate_sizes[7]: 1024
[    0.000000] x86/fpu: xstate_offset[9]: 2432, xstate_sizes[9]:    8
[    0.000000] x86/fpu: Enabled xstate features 0x2e7, context size is 2440 bytes, using 'compacted' format.
[    0.000000] signal: max sigframe size: 3632
[    0.000000] BIOS-provided physical RAM map:
[    0.000000] BIOS-e820: [mem 0x0000000000000000-0x000000000009efff] usable
[    0.000000] BIOS-e820: [mem 0x000000000009f000-0x00000000000fffff] reserved
[    0.000000] BIOS-e820: [mem 0x0000000000100000-0x00000000416dbfff] usable
[    0.000000] BIOS-e820: [mem 0x00000000416dc000-0x0000000044a47fff] reserved
[    0.000000] BIOS-e820: [mem 0x0000000044a48000-0x0000000044b32fff] ACPI NVS
[    0.000000] BIOS-e820: [mem 0x0000000044b33000-0x0000000044bfefff] ACPI data
[    0.000000] BIOS-e820: [mem 0x0000000044bff000-0x0000000044bfffff] usable
[    0.000000] BIOS-e820: [mem 0x0000000044c00000-0x0000000048ffffff] reserved
[    0.000000] BIOS-e820: [mem 0x0000000049400000-0x00000000495fffff] reserved
[    0.000000] BIOS-e820: [mem 0x000000004a200000-0x00000000503fffff] reserved
[    0.000000] BIOS-e820: [mem 0x00000000c0000000-0x00000000cfffffff] reserved
[    0.000000] BIOS-e820: [mem 0x00000000fed20000-0x00000000fed7ffff] reserved
[    0.000000] BIOS-e820: [mem 0x00000000ff400000-0x00000000ffffffff] reserved
[    0.000000] BIOS-e820: [mem 0x0000000100000000-0x00000008afbfffff] usable
[    0.000000] NX (Execute Disable) protection: active
[    0.000000] efi: EFI v2.70 by Intel
[    0.000000] efi: ACPI=0x44bfe000 ACPI 2.0=0x44bfe014 TPMFinalLog=0x44a98000 SMBIOS=0x417b1000 MEMATTR=0x3dbc6418 ESRT=0x3d8fe298 RNG=0x44b51018 TPMEventLog=0x3dbb4018 
[    0.000000] random: crng init done
[    0.000000] efi: Remove mem250: MMIO range=[0xc0000000-0xcfffffff] (256MB) from e820 map
[    0.000000] e820: remove [mem 0xc0000000-0xcfffffff] reserved
[    0.000000] efi: Remove mem252: MMIO range=[0xff400000-0xffffffff] (12MB) from e820 map
[    0.000000] e820: remove [mem 0xff400000-0xffffffff] reserved
[    0.000000] SMBIOS 3.2 present.
[    0.000000] DMI: Intel Corporation Tiger Lake Client Platform/TigerLake H DDR4 SODIMM RVP, BIOS TGLSFWI1.R00.4043.A00.2101202035 01/20/2021
[    0.000000] tsc: Detected 3100.000 MHz processor
[    0.000000] tsc: Detected 3110.400 MHz TSC
[    0.000004] e820: update [mem 0x00000000-0x00000fff] usable ==> reserved
[    0.000006] e820: remove [mem 0x000a0000-0x000fffff] usable
[    0.000011] last_pfn = 0x8afc00 max_arch_pfn = 0x400000000
[    0.000013] x86/PAT: Configuration [0-7]: WB  WC  UC- UC  WB  WP  UC- WT  
[    0.000486] last_pfn = 0x44c00 max_arch_pfn = 0x400000000
[    0.007503] esrt: Reserving ESRT space from 0x000000003d8fe298 to 0x000000003d8fe3e8.
[    0.007511] e820: update [mem 0x3d8fe000-0x3d8fefff] usable ==> reserved
[    0.007541] Using GB pages for direct mapping
[    0.009270] printk: log_buf_len: 4194304 bytes
[    0.009272] printk: early log buf free: 258016(98%)
[    0.009273] Secure boot disabled
[    0.009273] RAMDISK: [mem 0x26673000-0x297f6fff]
[    0.009276] ACPI: Early table checksum verification disabled
[    0.009280] ACPI: RSDP 0x0000000044BFE014 000024 (v02 INTEL )
[    0.009283] ACPI: XSDT 0x0000000044B59188 000104 (v01 INTEL  TGL-ULT  00000002      01000013)
[    0.009288] ACPI: FACP 0x0000000044BEF000 000114 (v06 INTEL  TGL-ULT  00000002      01000013)
[    0.009292] ACPI: DSDT 0x0000000044B80000 06BB01 (v02 INTEL  TGL-ULT  00000002      01000013)
[    0.009294] ACPI: FACS 0x0000000044A83000 000040
[    0.009296] ACPI: SSDT 0x0000000044BFA000 002576 (v02 CpuRef CpuSsdt  00003000 INTL 20191018)
[    0.009299] ACPI: SSDT 0x0000000044BF4000 005926 (v02 DptfTb DptfTabl 00001000 INTL 20191018)
[    0.009301] ACPI: SSDT 0x0000000044BF3000 00060E (v02 INTEL  Tpm2Tabl 00001000 INTL 20191018)
[    0.009303] ACPI: TPM2 0x0000000044BF2000 00004C (v04 INTEL  TGL-ULT  00000002      01000013)
[    0.009305] ACPI: SSDT 0x0000000044BF1000 0005D4 (v02 Intel  PerfTune 00001000 INTL 20191018)
[    0.009307] ACPI: ECDT 0x0000000044BF0000 000069 (v01 INTEL  TGL-ULT  00000002      01000013)
[    0.009309] ACPI: HPET 0x0000000044BEE000 000038 (v01 INTEL  TGL-ULT  00000002      01000013)
[    0.009311] ACPI: APIC 0x0000000044BED000 00012C (v04 INTEL  TGL-ULT  00000002      01000013)
[    0.009313] ACPI: MCFG 0x0000000044BEC000 00003C (v01 INTEL  TGL-ULT  00000002      01000013)
[    0.009315] ACPI: SSDT 0x0000000044B78000 007E05 (v02 INTEL  TglH_Rvp 00001000 INTL 20191018)
[    0.009317] ACPI: SSDT 0x0000000044B77000 000E94 (v02 INTEL  Ther_Rvp 00001000 INTL 20191018)
[    0.009319] ACPI: NHLT 0x0000000044B75000 001871 (v00 INTEL  TGL-ULT  00000002      01000013)
[    0.009321] ACPI: SSDT 0x0000000044B71000 003D7A (v02 SaSsdt SaSsdt   00003000 INTL 20191018)
[    0.009324] ACPI: SSDT 0x0000000044B6D000 0034DF (v02 INTEL  IgfxSsdt 00003000 INTL 20191018)
[    0.009326] ACPI: SSDT 0x0000000044B61000 00BD15 (v02 INTEL  TcssSsdt 00001000 INTL 20191018)
[    0.009328] ACPI: LPIT 0x0000000044B60000 0000CC (v01 INTEL  TGL-ULT  00000002      01000013)
[    0.009330] ACPI: WSMT 0x0000000044B5F000 000028 (v01 INTEL  TGL-ULT  00000002      01000013)
[    0.009332] ACPI: SSDT 0x0000000044B5C000 002720 (v02 INTEL  PtidDevc 00001000 INTL 20191018)
[    0.009334] ACPI: SSDT 0x0000000044B5B000 00012A (v02 INTEL  TbtTypeC 00000000 INTL 20191018)
[    0.009336] ACPI: DBGP 0x0000000044B5A000 000034 (v01 INTEL  TGL-ULT  00000002      01000013)
[    0.009338] ACPI: DBG2 0x0000000044BFD000 000054 (v00 INTEL  TGL-ULT  00000002      01000013)
[    0.009341] ACPI: SSDT 0x0000000044B57000 0015FC (v02 INTEL  UsbCTabl 00001000 INTL 20191018)
[    0.009343] ACPI: DMAR 0x0000000044B56000 0000E8 (v02 INTEL  ICL      00000002      01000013)
[    0.009345] ACPI: SSDT 0x0000000044B55000 000B02 (v02 INTEL  xh_thdd4 00000000 INTL 20191018)
[    0.009347] ACPI: SSDT 0x0000000044B54000 000144 (v02 Intel  ADebTabl 00001000 INTL 20191018)
[    0.009349] ACPI: PTDT 0x0000000044B53000 000D44 (v00 INTEL  TGL-ULT  00000005 MSFT 0100000D)
[    0.009351] ACPI: FPDT 0x0000000044B52000 000044 (v01 INTEL  TGL-ULT  00000002      01000013)
[    0.009353] ACPI: Reserving FACP table memory at [mem 0x44bef000-0x44bef113]
[    0.009354] ACPI: Reserving DSDT table memory at [mem 0x44b80000-0x44bebb00]
[    0.009355] ACPI: Reserving FACS table memory at [mem 0x44a83000-0x44a8303f]
[    0.009355] ACPI: Reserving SSDT table memory at [mem 0x44bfa000-0x44bfc575]
[    0.009356] ACPI: Reserving SSDT table memory at [mem 0x44bf4000-0x44bf9925]
[    0.009356] ACPI: Reserving SSDT table memory at [mem 0x44bf3000-0x44bf360d]
[    0.009357] ACPI: Reserving TPM2 table memory at [mem 0x44bf2000-0x44bf204b]
[    0.009357] ACPI: Reserving SSDT table memory at [mem 0x44bf1000-0x44bf15d3]
[    0.009358] ACPI: Reserving ECDT table memory at [mem 0x44bf0000-0x44bf0068]
[    0.009358] ACPI: Reserving HPET table memory at [mem 0x44bee000-0x44bee037]
[    0.009359] ACPI: Reserving APIC table memory at [mem 0x44bed000-0x44bed12b]
[    0.009359] ACPI: Reserving MCFG table memory at [mem 0x44bec000-0x44bec03b]
[    0.009360] ACPI: Reserving SSDT table memory at [mem 0x44b78000-0x44b7fe04]
[    0.009360] ACPI: Reserving SSDT table memory at [mem 0x44b77000-0x44b77e93]
[    0.009361] ACPI: Reserving NHLT table memory at [mem 0x44b75000-0x44b76870]
[    0.009361] ACPI: Reserving SSDT table memory at [mem 0x44b71000-0x44b74d79]
[    0.009362] ACPI: Reserving SSDT table memory at [mem 0x44b6d000-0x44b704de]
[    0.009362] ACPI: Reserving SSDT table memory at [mem 0x44b61000-0x44b6cd14]
[    0.009363] ACPI: Reserving LPIT table memory at [mem 0x44b60000-0x44b600cb]
[    0.009363] ACPI: Reserving WSMT table memory at [mem 0x44b5f000-0x44b5f027]
[    0.009364] ACPI: Reserving SSDT table memory at [mem 0x44b5c000-0x44b5e71f]
[    0.009364] ACPI: Reserving SSDT table memory at [mem 0x44b5b000-0x44b5b129]
[    0.009365] ACPI: Reserving DBGP table memory at [mem 0x44b5a000-0x44b5a033]
[    0.009365] ACPI: Reserving DBG2 table memory at [mem 0x44bfd000-0x44bfd053]
[    0.009366] ACPI: Reserving SSDT table memory at [mem 0x44b57000-0x44b585fb]
[    0.009366] ACPI: Reserving DMAR table memory at [mem 0x44b56000-0x44b560e7]
[    0.009367] ACPI: Reserving SSDT table memory at [mem 0x44b55000-0x44b55b01]
[    0.009367] ACPI: Reserving SSDT table memory at [mem 0x44b54000-0x44b54143]
[    0.009368] ACPI: Reserving PTDT table memory at [mem 0x44b53000-0x44b53d43]
[    0.009368] ACPI: Reserving FPDT table memory at [mem 0x44b52000-0x44b52043]
[    0.009708] No NUMA configuration found
[    0.009709] Faking a node at [mem 0x0000000000000000-0x00000008afbfffff]
[    0.009718] NODE_DATA(0) allocated [mem 0x8ae9d5000-0x8ae9fffff]
[    0.009831] crashkernel: memory value expected
[    0.009866] Zone ranges:
[    0.009867]   DMA      [mem 0x0000000000001000-0x0000000000ffffff]
[    0.009868]   DMA32    [mem 0x0000000001000000-0x00000000ffffffff]
[    0.009869]   Normal   [mem 0x0000000100000000-0x00000008afbfffff]
[    0.009870]   Device   empty
[    0.009870] Movable zone start for each node
[    0.009872] Early memory node ranges
[    0.009872]   node   0: [mem 0x0000000000001000-0x000000000009efff]
[    0.009873]   node   0: [mem 0x0000000000100000-0x00000000416dbfff]
[    0.009874]   node   0: [mem 0x0000000044bff000-0x0000000044bfffff]
[    0.009875]   node   0: [mem 0x0000000100000000-0x00000008afbfffff]
[    0.009877] Initmem setup node 0 [mem 0x0000000000001000-0x00000008afbfffff]
[    0.009880] On node 0, zone DMA: 1 pages in unavailable ranges
[    0.009897] On node 0, zone DMA: 97 pages in unavailable ranges
[    0.011065] On node 0, zone DMA32: 13603 pages in unavailable ranges
[    0.044645] On node 0, zone Normal: 13312 pages in unavailable ranges
[    0.044652] On node 0, zone Normal: 1024 pages in unavailable ranges
[    0.044698] Reserving Intel graphics memory at [mem 0x4c800000-0x503fffff]
[    0.045772] ACPI: PM-Timer IO Port: 0x1808
[    0.045779] ACPI: LAPIC_NMI (acpi_id[0x01] high edge lint[0x1])
[    0.045780] ACPI: LAPIC_NMI (acpi_id[0x02] high edge lint[0x1])
[    0.045781] ACPI: LAPIC_NMI (acpi_id[0x03] high edge lint[0x1])
[    0.045781] ACPI: LAPIC_NMI (acpi_id[0x04] high edge lint[0x1])
[    0.045781] ACPI: LAPIC_NMI (acpi_id[0x05] high edge lint[0x1])
[    0.045782] ACPI: LAPIC_NMI (acpi_id[0x06] high edge lint[0x1])
[    0.045782] ACPI: LAPIC_NMI (acpi_id[0x07] high edge lint[0x1])
[    0.045783] ACPI: LAPIC_NMI (acpi_id[0x08] high edge lint[0x1])
[    0.045783] ACPI: LAPIC_NMI (acpi_id[0x09] high edge lint[0x1])
[    0.045784] ACPI: LAPIC_NMI (acpi_id[0x0a] high edge lint[0x1])
[    0.045784] ACPI: LAPIC_NMI (acpi_id[0x0b] high edge lint[0x1])
[    0.045784] ACPI: LAPIC_NMI (acpi_id[0x0c] high edge lint[0x1])
[    0.045785] ACPI: LAPIC_NMI (acpi_id[0x0d] high edge lint[0x1])
[    0.045785] ACPI: LAPIC_NMI (acpi_id[0x0e] high edge lint[0x1])
[    0.045786] ACPI: LAPIC_NMI (acpi_id[0x0f] high edge lint[0x1])
[    0.045786] ACPI: LAPIC_NMI (acpi_id[0x10] high edge lint[0x1])
[    0.045841] IOAPIC[0]: apic_id 2, version 32, address 0xfec00000, GSI 0-119
[    0.045843] ACPI: INT_SRC_OVR (bus 0 bus_irq 0 global_irq 2 dfl dfl)
[    0.045845] ACPI: INT_SRC_OVR (bus 0 bus_irq 9 global_irq 9 high level)
[    0.045848] ACPI: Using ACPI (MADT) for SMP configuration information
[    0.045849] ACPI: HPET id: 0x8086a201 base: 0xfed00000
[    0.045854] TSC deadline timer available
[    0.045855] smpboot: Allowing 16 CPUs, 0 hotplug CPUs
[    0.045878] PM: hibernation: Registered nosave memory: [mem 0x00000000-0x00000fff]
[    0.045880] PM: hibernation: Registered nosave memory: [mem 0x0009f000-0x000fffff]
[    0.045882] PM: hibernation: Registered nosave memory: [mem 0x3d8fe000-0x3d8fefff]
[    0.045884] PM: hibernation: Registered nosave memory: [mem 0x416dc000-0x44a47fff]
[    0.045884] PM: hibernation: Registered nosave memory: [mem 0x44a48000-0x44b32fff]
[    0.045885] PM: hibernation: Registered nosave memory: [mem 0x44b33000-0x44bfefff]
[    0.045886] PM: hibernation: Registered nosave memory: [mem 0x44c00000-0x48ffffff]
[    0.045887] PM: hibernation: Registered nosave memory: [mem 0x49000000-0x493fffff]
[    0.045887] PM: hibernation: Registered nosave memory: [mem 0x49400000-0x495fffff]
[    0.045888] PM: hibernation: Registered nosave memory: [mem 0x49600000-0x4a1fffff]
[    0.045888] PM: hibernation: Registered nosave memory: [mem 0x4a200000-0x503fffff]
[    0.045888] PM: hibernation: Registered nosave memory: [mem 0x50400000-0xfed1ffff]
[    0.045889] PM: hibernation: Registered nosave memory: [mem 0xfed20000-0xfed7ffff]
[    0.045889] PM: hibernation: Registered nosave memory: [mem 0xfed80000-0xffffffff]
[    0.045890] [mem 0x50400000-0xfed1ffff] available for PCI devices
[    0.045893] Booting paravirtualized kernel on bare hardware
[    0.045895] clocksource: refined-jiffies: mask: 0xffffffff max_cycles: 0xffffffff, max_idle_ns: 7645519600211568 ns
[    0.045900] setup_percpu: NR_CPUS:8192 nr_cpumask_bits:16 nr_cpu_ids:16 nr_node_ids:1
[    0.046239] percpu: Embedded 62 pages/cpu s217088 r8192 d28672 u262144
[    0.046246] pcpu-alloc: s217088 r8192 d28672 u262144 alloc=1*2097152
[    0.046248] pcpu-alloc: [0] 00 01 02 03 04 05 06 07 [0] 08 09 10 11 12 13 14 15 
[    0.046280] Fallback order for Node 0: 0 
[    0.046283] Built 1 zonelists, mobility grouping on.  Total pages: 8197521
[    0.046285] Policy zone: Normal
[    0.046285] Kernel command line: BOOT_IMAGE=(hd0,gpt2)/boot/vmlinuz-6.1.0-b4_fe36bb8736ee9+ root=UUID=77b5d696-7bf5-4a06-bfd3-6fd24ec0d8f7 ro crashkernel=auto resume=/dev/mapper/cs-swap rd.lvm.lv=cs/swap rhgb quiet log_buf_len=4M thunderbolt.dyndbg
[    0.046397] Unknown kernel command line parameters "rhgb BOOT_IMAGE=(hd0,gpt2)/boot/vmlinuz-6.1.0-b4_fe36bb8736ee9+", will be passed to user space.
[    0.047500] Dentry cache hash table entries: 4194304 (order: 13, 33554432 bytes, linear)
[    0.048046] Inode-cache hash table entries: 2097152 (order: 12, 16777216 bytes, linear)
[    0.048180] mem auto-init: stack:off, heap alloc:off, heap free:off
[    0.048195] software IO TLB: area num 16.
[    0.098004] Memory: 32479804K/33311212K available (20480K kernel code, 3578K rwdata, 8588K rodata, 4816K init, 9844K bss, 831148K reserved, 0K cma-reserved)
[    0.098898] SLUB: HWalign=64, Order=0-3, MinObjects=0, CPUs=16, Nodes=1
[    0.098900] kmemleak: Kernel memory leak detector disabled
[    0.098909] ftrace: allocating 62696 entries in 245 pages
[    0.106769] ftrace: allocated 245 pages with 6 groups
[    0.107547] Dynamic Preempt: voluntary
[    0.107575] rcu: Preemptible hierarchical RCU implementation.
[    0.107576] rcu:     RCU restricting CPUs from NR_CPUS=8192 to nr_cpu_ids=16.
[    0.107577]  Trampoline variant of Tasks RCU enabled.
[    0.107578]  Rude variant of Tasks RCU enabled.
[    0.107578]  Tracing variant of Tasks RCU enabled.
[    0.107578] rcu: RCU calculated value of scheduler-enlistment delay is 25 jiffies.
[    0.107579] rcu: Adjusting geometry for rcu_fanout_leaf=16, nr_cpu_ids=16
[    0.110681] NR_IRQS: 524544, nr_irqs: 2184, preallocated irqs: 16
[    0.110997] rcu: srcu_init: Setting srcu_struct sizes based on contention.
[    0.111223] Console: colour dummy device 80x25
[    0.111225] printk: console [tty0] enabled
[    0.111249] ACPI: Core revision 20221020
[    0.111503] hpet: HPET dysfunctional in PC10. Force disabled.
[    0.111504] APIC: Switch to symmetric I/O mode setup
[    0.111505] DMAR: Host address width 39
[    0.111507] DMAR: DRHD base: 0x000000fed90000 flags: 0x0
[    0.111511] DMAR: dmar0: reg_base_addr fed90000 ver 4:0 cap 1c0000c40660462 ecap 29a00f0505e
[    0.111513] DMAR: DRHD base: 0x000000fed84000 flags: 0x0
[    0.111517] DMAR: dmar1: reg_base_addr fed84000 ver 1:0 cap d2008c40660462 ecap f050da
[    0.111519] DMAR: DRHD base: 0x000000fed85000 flags: 0x0
[    0.111522] DMAR: dmar2: reg_base_addr fed85000 ver 1:0 cap d2008c40660462 ecap f050da
[    0.111524] DMAR: DRHD base: 0x000000fed86000 flags: 0x0
[    0.111527] DMAR: dmar3: reg_base_addr fed86000 ver 1:0 cap d2008c40660462 ecap f050da
[    0.111528] DMAR: DRHD base: 0x000000fed87000 flags: 0x0
[    0.111531] DMAR: dmar4: reg_base_addr fed87000 ver 1:0 cap d2008c40660462 ecap f050da
[    0.111533] DMAR: DRHD base: 0x000000fed91000 flags: 0x1
[    0.111537] DMAR: dmar5: reg_base_addr fed91000 ver 1:0 cap d2008c40660462 ecap f050da
[    0.111539] DMAR: RMRR base: 0x0000004c000000 end: 0x000000503fffff
[    0.111551] DMAR-IR: IOAPIC id 2 under DRHD base  0xfed91000 IOMMU 5
[    0.111552] DMAR-IR: HPET id 0 under DRHD base 0xfed91000
[    0.111553] DMAR-IR: Queued invalidation will be enabled to support x2apic and Intr-remapping.
[    0.113763] DMAR-IR: Enabled IRQ remapping in x2apic mode
[    0.113765] x2apic enabled
[    0.113815] Switched APIC routing to cluster x2apic.
[    0.118293] clocksource: tsc-early: mask: 0xffffffffffffffff max_cycles: 0x2cd5a8bb032, max_idle_ns: 440795365915 ns
[    0.118299] Calibrating delay loop (skipped), value calculated using timer frequency.. 6220.80 BogoMIPS (lpj=12441600)
[    0.118301] pid_max: default: 32768 minimum: 301
[    0.120267] LSM: initializing lsm=capability,yama,integrity
[    0.120271] Yama: becoming mindful.
[    0.120349] Mount-cache hash table entries: 65536 (order: 7, 524288 bytes, linear)
[    0.120413] Mountpoint-cache hash table entries: 65536 (order: 7, 524288 bytes, linear)
[    0.120583] x86/tme: not enabled by BIOS
[    0.120589] CPU0: Thermal monitoring enabled (TM1)
[    0.120601] x86/cpu: User Mode Instruction Prevention (UMIP) activated
[    0.120699] process: using mwait in idle threads
[    0.120700] CET detected: Indirect Branch Tracking enabled
[    0.120701] Last level iTLB entries: 4KB 0, 2MB 0, 4MB 0
[    0.120702] Last level dTLB entries: 4KB 0, 2MB 0, 4MB 0, 1GB 0
[    0.120705] Spectre V1 : Mitigation: usercopy/swapgs barriers and __user pointer sanitization
[    0.120706] Spectre V2 : WARNING: Unprivileged eBPF is enabled with eIBRS on, data leaks possible via Spectre v2 BHB attacks!
[    0.120709] Spectre V2 : Mitigation: Enhanced IBRS
[    0.120710] Spectre V2 : Spectre v2 / SpectreRSB mitigation: Filling RSB on context switch
[    0.120710] Spectre V2 : Spectre v2 / PBRSB-eIBRS: Retire a single CALL on VMEXIT
[    0.120711] Spectre V2 : mitigation: Enabling conditional Indirect Branch Prediction Barrier
[    0.120712] Speculative Store Bypass: Mitigation: Speculative Store Bypass disabled via prctl
[    0.122296] Freeing SMP alternatives memory: 52K
[    0.122296] smpboot: CPU0: Genuine Intel(R) CPU 0000 @ 2.20GHz (family: 0x6, model: 0x8d, stepping: 0x0)
[    0.122296] cblist_init_generic: Setting adjustable number of callback queues.
[    0.122296] cblist_init_generic: Setting shift to 4 and lim to 1.
[    0.122296] cblist_init_generic: Setting shift to 4 and lim to 1.
[    0.122296] cblist_init_generic: Setting shift to 4 and lim to 1.
[    0.122296] Performance Events: PEBS fmt4+-baseline,  AnyThread deprecated, Icelake events, 32-deep LBR, full-width counters, Intel PMU driver.
[    0.122296] ... version:                5
[    0.122296] ... bit width:              48
[    0.122296] ... generic registers:      8
[    0.122296] ... value mask:             0000ffffffffffff
[    0.122296] ... max period:             00007fffffffffff
[    0.122296] ... fixed-purpose events:   4
[    0.122296] ... event mask:             0001000f000000ff
[    0.122296] Estimated ratio of average max frequency by base frequency (times 1024): 1420
[    0.122296] rcu: Hierarchical SRCU implementation.
[    0.122296] rcu:     Max phase no-delay instances is 1000.
[    0.122296] NMI watchdog: Enabled. Permanently consumes one hw-PMU counter.
[    0.122296] smp: Bringing up secondary CPUs ...
[    0.122296] x86: Booting SMP configuration:
[    0.122296] .... node  #0, CPUs:        #1  #2  #3  #4  #5  #6  #7  #8  #9 #10 #11 #12 #13 #14 #15
[    0.143941] smp: Brought up 1 node, 16 CPUs
[    0.143941] smpboot: Max logical packages: 1
[    0.143941] smpboot: Total of 16 processors activated (99532.80 BogoMIPS)
[    0.147331] devtmpfs: initialized
[    0.147331] x86/mm: Memory block size: 128MB
[    0.148067] ACPI: PM: Registering ACPI NVS region [mem 0x44a48000-0x44b32fff] (962560 bytes)
[    0.148067] clocksource: jiffies: mask: 0xffffffff max_cycles: 0xffffffff, max_idle_ns: 7645041785100000 ns
[    0.148067] futex hash table entries: 4096 (order: 6, 262144 bytes, linear)
[    0.148067] pinctrl core: initialized pinctrl subsystem

[    0.148067] *************************************************************
[    0.148067] **     NOTICE NOTICE NOTICE NOTICE NOTICE NOTICE NOTICE    **
[    0.148067] **                                                         **
[    0.148067] **  IOMMU DebugFS SUPPORT HAS BEEN ENABLED IN THIS KERNEL  **
[    0.148067] **                                                         **
[    0.148067] ** This means that this kernel is built to expose internal **
[    0.148067] ** IOMMU data structures, which may compromise security on **
[    0.148067] ** your system.                                            **
[    0.148067] **                                                         **
[    0.148067] ** If you see this message and you are not debugging the   **
[    0.148067] ** kernel, report this immediately to your vendor!         **
[    0.148067] **                                                         **
[    0.148067] **     NOTICE NOTICE NOTICE NOTICE NOTICE NOTICE NOTICE    **
[    0.148067] *************************************************************
[    0.148067] PM: RTC time: 13:53:40, date: 2023-04-06
[    0.148067] NET: Registered PF_NETLINK/PF_ROUTE protocol family
[    0.148067] DMA: preallocated 4096 KiB GFP_KERNEL pool for atomic allocations
[    0.148067] DMA: preallocated 4096 KiB GFP_KERNEL|GFP_DMA pool for atomic allocations
[    0.148067] DMA: preallocated 4096 KiB GFP_KERNEL|GFP_DMA32 pool for atomic allocations
[    0.148067] audit: initializing netlink subsys (disabled)
[    0.148067] audit: type=2000 audit(1680789220.028:1): state=initialized audit_enabled=0 res=1
[    0.148067] thermal_sys: Registered thermal governor 'fair_share'
[    0.148067] thermal_sys: Registered thermal governor 'bang_bang'
[    0.148067] thermal_sys: Registered thermal governor 'step_wise'
[    0.148067] thermal_sys: Registered thermal governor 'user_space'
[    0.148067] cpuidle: using governor ladder
[    0.148067] cpuidle: using governor menu
[    0.148067] acpiphp: ACPI Hot Plug PCI Controller Driver version: 0.5
[    0.150383] PCI: MMCONFIG for domain 0000 [bus 00-ff] at [mem 0xc0000000-0xcfffffff] (base 0xc0000000)
[    0.150387] PCI: not using MMCONFIG
[    0.150388] PCI: Using configuration type 1 for base access
[    0.150664] ENERGY_PERF_BIAS: Set to 'normal', was 'performance'
[    0.150673] kprobes: kprobe jump-optimization is enabled. All kprobes are optimized if possible.
[    0.150673] HugeTLB: registered 1.00 GiB page size, pre-allocated 0 pages
[    0.150673] HugeTLB: 16380 KiB vmemmap can be freed for a 1.00 GiB page
[    0.150673] HugeTLB: registered 2.00 MiB page size, pre-allocated 0 pages
[    0.150673] HugeTLB: 28 KiB vmemmap can be freed for a 2.00 MiB page
[    0.150673] ACPI: Added _OSI(Module Device)
[    0.150673] ACPI: Added _OSI(Processor Device)
[    0.150673] ACPI: Added _OSI(3.0 _SCP Extensions)
[    0.150673] ACPI: Added _OSI(Processor Aggregator Device)
[    0.223057] ACPI: 15 ACPI AML tables successfully acquired and loaded
[    0.224521] ACPI: EC: EC started
[    0.224522] ACPI: EC: interrupt blocked
[    0.225284] ACPI: EC: EC_CMD/EC_SC=0x66, EC_DATA=0x62
[    0.225285] ACPI: EC: Boot ECDT EC used to handle transactions
[    0.334632] ACPI: Dynamic OEM Table Load:
[    0.334641] ACPI: SSDT 0xFFFF927A82CAFA00 0001CB (v02 PmRef  Cpu0Psd  00003000 INTL 20191018)
[    0.335679] ACPI: \_SB_.PR00: _OSC native thermal LVT Acked
[    0.338140] ACPI: Dynamic OEM Table Load:
[    0.338145] ACPI: SSDT 0xFFFF927A82D63800 00047F (v02 PmRef  Cpu0Cst  00003001 INTL 20191018)
[    0.339414] ACPI: Dynamic OEM Table Load:
[    0.339419] ACPI: SSDT 0xFFFF927A82D67800 000626 (v02 PmRef  Cpu0Ist  00003000 INTL 20191018)
[    0.340682] ACPI: Dynamic OEM Table Load:
[    0.340686] ACPI: SSDT 0xFFFF927A81BDCC00 00028B (v02 PmRef  Cpu0Hwp  00003000 INTL 20191018)
[    0.342029] ACPI: Dynamic OEM Table Load:
[    0.342034] ACPI: SSDT 0xFFFF927A81BE3000 0008E7 (v02 PmRef  ApIst    00003000 INTL 20191018)
[    0.343382] ACPI: Dynamic OEM Table Load:
[    0.343386] ACPI: SSDT 0xFFFF927A82D64800 00048A (v02 PmRef  ApHwp    00003000 INTL 20191018)
[    0.344628] ACPI: Dynamic OEM Table Load:
[    0.344632] ACPI: SSDT 0xFFFF927A82D65000 0004D4 (v02 PmRef  ApPsd    00003000 INTL 20191018)
[    0.345850] ACPI: Dynamic OEM Table Load:
[    0.345855] ACPI: SSDT 0xFFFF927A82D66800 00048A (v02 PmRef  ApCst    00003000 INTL 20191018)
[    0.353602] ACPI: Interpreter enabled
[    0.353650] ACPI: PM: (supports S0 S3 S4 S5)
[    0.353651] ACPI: Using IOAPIC for interrupt routing
[    0.353685] PCI: MMCONFIG for domain 0000 [bus 00-ff] at [mem 0xc0000000-0xcfffffff] (base 0xc0000000)
[    0.356555] PCI: MMCONFIG at [mem 0xc0000000-0xcfffffff] reserved in ACPI motherboard resources
[    0.356565] PCI: Using host bridge windows from ACPI; if necessary, use "pci=nocrs" and report a bug
[    0.356565] PCI: Using E820 reservations for host bridge windows
[    0.358704] ACPI: Enabled 8 GPEs in block 00 to 7F
[    0.360087] ACPI: \_SB_.PC00.PEG0.PXP_: New power resource
[    0.479001] ACPI: \_SB_.PC00.PEG1.PXP_: New power resource
[    0.480965] ACPI: \_SB_.PC00.PEG2.PXP_: New power resource
[    0.482925] ACPI: \_SB_.PC00.PEG3.PXP_: New power resource
[    0.496000] ACPI: \_SB_.PC00.RP01.PXP_: New power resource
[    0.499529] ACPI: \_SB_.PC00.RP09.PXP_: New power resource
[    0.503132] ACPI: \_SB_.PC00.RP17.PXP_: New power resource
[    0.505688] ACPI: \_SB_.PC00.RP21.PXP_: New power resource
[    0.507798] ACPI: \_SB_.PC00.SAT0.VOL0.V0PR: New power resource
[    0.508187] ACPI: \_SB_.PC00.SAT0.VOL1.V1PR: New power resource
[    0.508572] ACPI: \_SB_.PC00.SAT0.VOL2.V2PR: New power resource
[    0.518613] ACPI: \_SB_.PC00.CNVW.WRST: New power resource
[    0.521804] ACPI: \_SB_.PC00.TBT0: New power resource
[    0.522100] ACPI: \_SB_.PC00.TBT1: New power resource
[    0.522392] ACPI: \_SB_.PC00.D3C_: New power resource
[    1.022977] ACPI: \_TZ_.FN00: New power resource
[    1.023033] ACPI: \_TZ_.FN01: New power resource
[    1.023085] ACPI: \_TZ_.FN02: New power resource
[    1.023136] ACPI: \_TZ_.FN03: New power resource
[    1.023187] ACPI: \_TZ_.FN04: New power resource
[    1.023698] ACPI: \PIN_: New power resource
[    1.023979] ACPI: PCI Root Bridge [PC00] (domain 0000 [bus 00-fe])
[    1.023984] acpi PNP0A08:00: _OSC: OS supports [ExtendedConfig ASPM ClockPM Segments MSI EDR HPX-Type3]
[    1.025667] acpi PNP0A08:00: _OSC: platform does not support [AER]
[    1.028997] acpi PNP0A08:00: _OSC: OS now controls [PCIeHotplug SHPCHotplug PME PCIeCapability LTR DPC]
[    1.033499] PCI host bridge to bus 0000:00
[    1.033500] pci_bus 0000:00: root bus resource [io  0x0000-0x0cf7 window]
[    1.033502] pci_bus 0000:00: root bus resource [io  0x0d00-0xffff window]
[    1.033503] pci_bus 0000:00: root bus resource [mem 0x000a0000-0x000bffff window]
[    1.033503] pci_bus 0000:00: root bus resource [mem 0x50400000-0xbfffffff window]
[    1.033504] pci_bus 0000:00: root bus resource [mem 0x4000000000-0x7fffffffff window]
[    1.033505] pci_bus 0000:00: root bus resource [bus 00-fe]
[    1.036214] pci 0000:00:00.0: [8086:9a36] type 00 class 0x060000
[    1.036359] pci 0000:00:02.0: [8086:9a60] type 00 class 0x030000
[    1.036367] pci 0000:00:02.0: reg 0x10: [mem 0x607c000000-0x607cffffff 64bit]
[    1.036373] pci 0000:00:02.0: reg 0x18: [mem 0x4000000000-0x400fffffff 64bit pref]
[    1.036377] pci 0000:00:02.0: reg 0x20: [io  0x3000-0x303f]
[    1.036391] pci 0000:00:02.0: DMAR: Skip IOMMU disabling for graphics
[    1.036394] pci 0000:00:02.0: Video device with shadowed ROM at [mem 0x000c0000-0x000dffff]
[    1.036421] pci 0000:00:02.0: reg 0x344: [mem 0x00000000-0x00ffffff 64bit]
[    1.036423] pci 0000:00:02.0: VF(n) BAR0 space: [mem 0x00000000-0x06ffffff 64bit] (contains BAR0 for 7 VFs)
[    1.036427] pci 0000:00:02.0: reg 0x34c: [mem 0x00000000-0x1fffffff 64bit pref]
[    1.036428] pci 0000:00:02.0: VF(n) BAR2 space: [mem 0x00000000-0xdfffffff 64bit pref] (contains BAR2 for 7 VFs)
[    1.036578] pci 0000:00:04.0: [8086:9a03] type 00 class 0x118000
[    1.036595] pci 0000:00:04.0: reg 0x10: [mem 0x607d180000-0x607d19ffff 64bit]
[    1.036906] pci 0000:00:06.0: [8086:9a0f] type 01 class 0x060400
[    1.036992] pci 0000:00:06.0: PME# supported from D0 D3hot D3cold
[    1.037030] pci 0000:00:06.0: PTM enabled (root), 4ns granularity
[    1.038941] pci 0000:00:07.0: [8086:9a2b] type 01 class 0x060400
[    1.038988] pci 0000:00:07.0: Overriding RP PIO Log Size to 4
[    1.039026] pci 0000:00:07.0: PME# supported from D0 D3hot D3cold
[    1.040975] pci 0000:00:07.1: [8086:9a2d] type 01 class 0x060400
[    1.041021] pci 0000:00:07.1: Overriding RP PIO Log Size to 4
[    1.041059] pci 0000:00:07.1: PME# supported from D0 D3hot D3cold
[    1.043007] pci 0000:00:07.2: [8086:9a2f] type 01 class 0x060400
[    1.043052] pci 0000:00:07.2: Overriding RP PIO Log Size to 4
[    1.043090] pci 0000:00:07.2: PME# supported from D0 D3hot D3cold
[    1.045030] pci 0000:00:07.3: [8086:9a31] type 01 class 0x060400
[    1.045075] pci 0000:00:07.3: Overriding RP PIO Log Size to 4
[    1.045113] pci 0000:00:07.3: PME# supported from D0 D3hot D3cold
[    1.047092] pci 0000:00:08.0: [8086:9a11] type 00 class 0x088000
[    1.047100] pci 0000:00:08.0: reg 0x10: [mem 0x607d1ed000-0x607d1edfff 64bit]
[    1.047207] pci 0000:00:0a.0: [8086:9a0d] type 00 class 0x118000
[    1.047215] pci 0000:00:0a.0: reg 0x10: [mem 0x607d1d0000-0x607d1d7fff 64bit]
[    1.047237] pci 0000:00:0a.0: enabling Extended Tags
[    1.047350] pci 0000:00:0d.0: [8086:9a17] type 00 class 0x0c0330
[    1.047362] pci 0000:00:0d.0: reg 0x10: [mem 0x607d1c0000-0x607d1cffff 64bit]
[    1.047414] pci 0000:00:0d.0: PME# supported from D3hot D3cold
[    1.049263] pci 0000:00:0d.2: [8086:9a1f] type 00 class 0x0c0340
[    1.049275] pci 0000:00:0d.2: reg 0x10: [mem 0x607d140000-0x607d17ffff 64bit]
[    1.049284] pci 0000:00:0d.2: reg 0x18: [mem 0x607d1ec000-0x607d1ecfff 64bit]
[    1.049324] pci 0000:00:0d.2: supports D1 D2
[    1.049325] pci 0000:00:0d.2: PME# supported from D0 D1 D2 D3hot D3cold
[    1.049454] pci 0000:00:0d.3: [8086:9a21] type 00 class 0x0c0340
[    1.049467] pci 0000:00:0d.3: reg 0x10: [mem 0x607d100000-0x607d13ffff 64bit]
[    1.049475] pci 0000:00:0d.3: reg 0x18: [mem 0x607d1eb000-0x607d1ebfff 64bit]
[    1.049515] pci 0000:00:0d.3: supports D1 D2
[    1.049515] pci 0000:00:0d.3: PME# supported from D0 D1 D2 D3hot D3cold
[    1.049719] pci 0000:00:12.0: [8086:43fc] type 00 class 0x070000
[    1.049739] pci 0000:00:12.0: reg 0x10: [mem 0x607d1b0000-0x607d1bffff 64bit]
[    1.049808] pci 0000:00:12.0: PME# supported from D0 D3hot
[    1.051917] pci 0000:00:14.0: [8086:43ed] type 00 class 0x0c0330
[    1.051936] pci 0000:00:14.0: reg 0x10: [mem 0x607d1a0000-0x607d1affff 64bit]
[    1.052012] pci 0000:00:14.0: PME# supported from D3hot D3cold
[    1.053871] pci 0000:00:14.2: [8086:43ef] type 00 class 0x050000
[    1.053890] pci 0000:00:14.2: reg 0x10: [mem 0x607d1dc000-0x607d1dffff 64bit]
[    1.053902] pci 0000:00:14.2: reg 0x18: [mem 0x607d1ea000-0x607d1eafff 64bit]
[    1.054142] pci 0000:00:15.0: [8086:43e8] type 00 class 0x0c8000
[    1.054172] pci 0000:00:15.0: reg 0x10: [mem 0x00000000-0x00000fff 64bit]
[    1.054689] pci 0000:00:15.1: [8086:43e9] type 00 class 0x0c8000
[    1.054719] pci 0000:00:15.1: reg 0x10: [mem 0x00000000-0x00000fff 64bit]
[    1.055188] pci 0000:00:15.2: [8086:43ea] type 00 class 0x0c8000
[    1.055215] pci 0000:00:15.2: reg 0x10: [mem 0x00000000-0x00000fff 64bit]
[    1.055683] pci 0000:00:15.3: [8086:43eb] type 00 class 0x0c8000
[    1.055711] pci 0000:00:15.3: reg 0x10: [mem 0x00000000-0x00000fff 64bit]
[    1.056114] pci 0000:00:16.0: [8086:43e0] type 00 class 0x078000
[    1.056136] pci 0000:00:16.0: reg 0x10: [mem 0x607d1e5000-0x607d1e5fff 64bit]
[    1.056219] pci 0000:00:16.0: PME# supported from D3hot
[    1.058304] pci 0000:00:17.0: [8086:43d2] type 00 class 0x010601
[    1.058320] pci 0000:00:17.0: reg 0x10: [mem 0x8a320000-0x8a321fff]
[    1.058330] pci 0000:00:17.0: reg 0x14: [mem 0x8a324000-0x8a3240ff]
[    1.058340] pci 0000:00:17.0: reg 0x18: [io  0x3080-0x3087]
[    1.058350] pci 0000:00:17.0: reg 0x1c: [io  0x3088-0x308b]
[    1.058360] pci 0000:00:17.0: reg 0x20: [io  0x3060-0x307f]
[    1.058370] pci 0000:00:17.0: reg 0x24: [mem 0x8a323000-0x8a3237ff]
[    1.058417] pci 0000:00:17.0: PME# supported from D3hot
[    1.059029] pci 0000:00:19.0: [8086:43ad] type 00 class 0x0c8000
[    1.059060] pci 0000:00:19.0: reg 0x10: [mem 0x00000000-0x00000fff 64bit]
[    1.059532] pci 0000:00:19.1: [8086:43ae] type 00 class 0x0c8000
[    1.059560] pci 0000:00:19.1: reg 0x10: [mem 0x00000000-0x00000fff 64bit]
[    1.060070] pci 0000:00:1e.0: [8086:43a8] type 00 class 0x078000
[    1.060096] pci 0000:00:1e.0: reg 0x10: [mem 0x00000000-0x00000fff 64bit]
[    1.060652] pci 0000:00:1e.3: [8086:43ab] type 00 class 0x0c8000
[    1.060679] pci 0000:00:1e.3: reg 0x10: [mem 0x00000000-0x00000fff 64bit]
[    1.061080] pci 0000:00:1f.0: [8086:438a] type 00 class 0x060100
[    1.061445] pci 0000:00:1f.3: [8086:43c8] type 00 class 0x040100
[    1.061485] pci 0000:00:1f.3: reg 0x10: [mem 0x607d1d8000-0x607d1dbfff 64bit]
[    1.061537] pci 0000:00:1f.3: reg 0x20: [mem 0x607d000000-0x607d0fffff 64bit]
[    1.061637] pci 0000:00:1f.3: PME# supported from D3hot D3cold
[    1.065372] pci 0000:00:1f.4: [8086:43a3] type 00 class 0x0c0500
[    1.065393] pci 0000:00:1f.4: reg 0x10: [mem 0x607d1e0000-0x607d1e00ff 64bit]
[    1.065414] pci 0000:00:1f.4: reg 0x20: [io  0xefa0-0xefbf]
[    1.065651] pci 0000:00:1f.5: [8086:43a4] type 00 class 0x0c8000
[    1.065669] pci 0000:00:1f.5: reg 0x10: [mem 0xfe010000-0xfe010fff]
[    1.065680] pci 0000:00:1f.5: reg 0x14: [mem 0x52000000-0x53ffffff]
[    1.065845] pci 0000:00:1f.6: [8086:15fa] type 00 class 0x020000
[    1.065880] pci 0000:00:1f.6: reg 0x10: [mem 0x8a300000-0x8a31ffff]
[    1.066065] pci 0000:00:1f.6: PME# supported from D0 D3hot D3cold
[    1.066848] pci 0000:01:00.0: [1987:5016] type 00 class 0x010802
[    1.066862] pci 0000:01:00.0: reg 0x10: [mem 0x8a200000-0x8a203fff 64bit]
[    1.067531] pci 0000:00:06.0: PCI bridge to [bus 01]
[    1.067534] pci 0000:00:06.0:   bridge window [mem 0x8a200000-0x8a2fffff]
[    1.067572] pci 0000:00:07.0: PCI bridge to [bus 02-2b]
[    1.067576] pci 0000:00:07.0:   bridge window [mem 0x7e000000-0x8a1fffff]
[    1.067580] pci 0000:00:07.0:   bridge window [mem 0x6000000000-0x601bffffff 64bit pref]
[    1.067615] pci 0000:00:07.1: PCI bridge to [bus 2c-55]
[    1.067619] pci 0000:00:07.1:   bridge window [mem 0x70000000-0x7c1fffff]
[    1.067623] pci 0000:00:07.1:   bridge window [mem 0x6020000000-0x603bffffff 64bit pref]
[    1.067658] pci 0000:00:07.2: PCI bridge to [bus 56-7f]
[    1.067662] pci 0000:00:07.2:   bridge window [mem 0x62000000-0x6e1fffff]
[    1.067666] pci 0000:00:07.2:   bridge window [mem 0x6040000000-0x605bffffff 64bit pref]
[    1.067700] pci 0000:00:07.3: PCI bridge to [bus 80-a9]
[    1.067704] pci 0000:00:07.3:   bridge window [mem 0x54000000-0x601fffff]
[    1.067709] pci 0000:00:07.3:   bridge window [mem 0x6060000000-0x607bffffff 64bit pref]
[    1.099725] Low-power S0 idle used by default for system suspend
[    1.265649] ACPI: EC: interrupt unblocked
[    1.265650] ACPI: EC: event unblocked
[    1.266298] ACPI: EC: EC_CMD/EC_SC=0x66, EC_DATA=0x62
[    1.266298] ACPI: EC: GPE=0x6e
[    1.266298] ACPI: \_SB_.PC00.LPCB.H_EC: Boot ECDT EC initialization complete
[    1.266298] ACPI: \_SB_.PC00.LPCB.H_EC: EC: Used to handle transactions and events
[    1.266311] iommu: Default domain type: Translated 
[    1.266311] iommu: DMA domain TLB invalidation policy: lazy mode 
[    1.266405] SCSI subsystem initialized
[    1.266409] libata version 3.00 loaded.
[    1.266409] ACPI: bus type USB registered
[    1.266409] usbcore: registered new interface driver usbfs
[    1.266409] usbcore: registered new interface driver hub
[    1.266409] usbcore: registered new device driver usb
[    1.266409] pps_core: LinuxPPS API ver. 1 registered
[    1.266409] pps_core: Software ver. 5.3.6 - Copyright 2005-2007 Rodolfo Giometti <giometti@linux.it>
[    1.266409] PTP clock support registered
[    1.266409] EDAC MC: Ver: 3.0.0
[    1.266409] EDAC DEBUG: edac_mc_sysfs_init: device mc created
[    1.266409] Registered efivars operations
[    1.270553] NetLabel: Initializing
[    1.270556] NetLabel:  domain hash size = 128
[    1.270557] NetLabel:  protocols = UNLABELED CIPSOv4 CALIPSO
[    1.270568] NetLabel:  unlabeled traffic allowed by default
[    1.270594] PCI: Using ACPI for IRQ routing
[    1.282299] PCI: pci_cache_line_size set to 64 bytes
[    1.282407] pci 0000:00:1f.5: can't claim BAR 0 [mem 0xfe010000-0xfe010fff]: no compatible bridge window
[    1.282407] e820: reserve RAM buffer [mem 0x0009f000-0x0009ffff]
[    1.282407] e820: reserve RAM buffer [mem 0x3d8fe000-0x3fffffff]
[    1.282407] e820: reserve RAM buffer [mem 0x416dc000-0x43ffffff]
[    1.282407] e820: reserve RAM buffer [mem 0x44c00000-0x47ffffff]
[    1.282407] e820: reserve RAM buffer [mem 0x8afc00000-0x8afffffff]
[    1.282407] pci 0000:00:02.0: vgaarb: setting as boot VGA device
[    1.282407] pci 0000:00:02.0: vgaarb: bridge control possible
[    1.282407] pci 0000:00:02.0: vgaarb: VGA device added: decodes=io+mem,owns=io+mem,locks=none
[    1.282407] vgaarb: loaded
[    1.282517] clocksource: Switched to clocksource tsc-early
[    1.290997] VFS: Disk quotas dquot_6.6.0
[    1.291008] VFS: Dquot-cache hash table entries: 512 (order 0, 4096 bytes)
[    1.291041] pnp: PnP ACPI init
[    1.291870] system 00:00: [io  0x06a4] has been reserved
[    1.291872] system 00:00: [io  0x06a0] has been reserved
[    1.292120] system 00:01: [io  0x0680-0x069f] has been reserved
[    1.292121] system 00:01: [io  0x164e-0x164f] has been reserved
[    1.292229] system 00:02: [io  0x1854-0x1857] has been reserved
[    1.295188] pnp 00:05: disabling [mem 0xc0000000-0xcfffffff] because it overlaps 0000:00:02.0 BAR 9 [mem 0x00000000-0xdfffffff 64bit pref]
[    1.295190] pnp 00:05: disabling [mem 0x423ff000-0x4240efff] because it overlaps 0000:00:02.0 BAR 9 [mem 0x00000000-0xdfffffff 64bit pref]
[    1.295214] system 00:05: [mem 0xfedc0000-0xfedc7fff] has been reserved
[    1.295215] system 00:05: [mem 0xfeda0000-0xfeda0fff] has been reserved
[    1.295216] system 00:05: [mem 0xfeda1000-0xfeda1fff] has been reserved
[    1.295217] system 00:05: [mem 0xfed20000-0xfed7ffff] could not be reserved
[    1.295218] system 00:05: [mem 0xfed90000-0xfed93fff] could not be reserved
[    1.295219] system 00:05: [mem 0xfed45000-0xfed8ffff] could not be reserved
[    1.295220] system 00:05: [mem 0xfee00000-0xfeefffff] has been reserved
[    1.298405] system 00:06: [io  0x1800-0x18fe] could not be reserved
[    1.298406] system 00:06: [mem 0xfe000000-0xfe01ffff] has been reserved
[    1.298407] system 00:06: [mem 0xfe04c000-0xfe04ffff] has been reserved
[    1.298408] system 00:06: [mem 0xfe050000-0xfe0affff] has been reserved
[    1.298409] system 00:06: [mem 0xfe0d0000-0xfe0fffff] has been reserved
[    1.298410] system 00:06: [mem 0xfe200000-0xfe7fffff] has been reserved
[    1.298412] system 00:06: [mem 0xff000000-0xffffffff] has been reserved
[    1.298413] system 00:06: [mem 0xfd000000-0xfd68ffff] has been reserved
[    1.298414] system 00:06: [mem 0xfd6c0000-0xfd6cffff] has been reserved
[    1.298415] system 00:06: [mem 0xfd6f0000-0xfdffffff] has been reserved
[    1.298672] system 00:07: [io  0x2000-0x20fe] has been reserved
[    1.298912] pnp 00:09: disabling [mem 0x00000000-0x0009cfff] because it overlaps 0000:00:02.0 BAR 7 [mem 0x00000000-0x06ffffff 64bit]
[    1.298914] pnp 00:09: disabling [mem 0x00000000-0x0009cfff disabled] because it overlaps 0000:00:02.0 BAR 9 [mem 0x00000000-0xdfffffff 64bit pref]
[    1.299174] pnp: PnP ACPI: found 10 devices
[    1.304482] clocksource: acpi_pm: mask: 0xffffff max_cycles: 0xffffff, max_idle_ns: 2085701024 ns
[    1.304520] NET: Registered PF_INET protocol family
[    1.304701] IP idents hash table entries: 262144 (order: 9, 2097152 bytes, linear)
[    1.306661] tcp_listen_portaddr_hash hash table entries: 16384 (order: 6, 262144 bytes, linear)
[    1.306687] Table-perturb hash table entries: 65536 (order: 6, 262144 bytes, linear)
[    1.306698] TCP established hash table entries: 262144 (order: 9, 2097152 bytes, linear)
[    1.306895] TCP bind hash table entries: 65536 (order: 9, 2097152 bytes, linear)
[    1.307063] TCP: Hash tables configured (established 262144 bind 65536)
[    1.307090] UDP hash table entries: 16384 (order: 7, 524288 bytes, linear)
[    1.307129] UDP-Lite hash table entries: 16384 (order: 7, 524288 bytes, linear)
[    1.307199] NET: Registered PF_UNIX/PF_LOCAL protocol family
[    1.307208] pci_bus 0000:00: max bus depth: 1 pci_try_num: 2
[    1.307217] pci 0000:00:02.0: BAR 9: assigned [mem 0x4020000000-0x40ffffffff 64bit pref]
[    1.307220] pci 0000:00:02.0: BAR 7: assigned [mem 0x4010000000-0x4016ffffff 64bit]
[    1.307222] pci 0000:00:07.0: BAR 13: assigned [io  0x4000-0x4fff]
[    1.307224] pci 0000:00:07.1: BAR 13: assigned [io  0x5000-0x5fff]
[    1.307225] pci 0000:00:07.2: BAR 13: assigned [io  0x6000-0x6fff]
[    1.307226] pci 0000:00:07.3: BAR 13: assigned [io  0x7000-0x7fff]
[    1.307227] pci 0000:00:15.0: BAR 0: assigned [mem 0x4017000000-0x4017000fff 64bit]
[    1.307302] pci 0000:00:15.1: BAR 0: assigned [mem 0x4017001000-0x4017001fff 64bit]
[    1.307362] pci 0000:00:15.2: BAR 0: assigned [mem 0x4017002000-0x4017002fff 64bit]
[    1.307375] pci 0000:00:15.3: BAR 0: assigned [mem 0x4017003000-0x4017003fff 64bit]
[    1.307389] pci 0000:00:19.0: BAR 0: assigned [mem 0x4017004000-0x4017004fff 64bit]
[    1.307404] pci 0000:00:19.1: BAR 0: assigned [mem 0x4017005000-0x4017005fff 64bit]
[    1.307417] pci 0000:00:1e.0: BAR 0: assigned [mem 0x4017006000-0x4017006fff 64bit]
[    1.307430] pci 0000:00:1e.3: BAR 0: assigned [mem 0x4017007000-0x4017007fff 64bit]
[    1.307445] resource: avoiding allocation from e820 entry [mem 0x0009f000-0x000fffff]
[    1.307446] pci 0000:00:1f.5: BAR 0: assigned [mem 0x50400000-0x50400fff]
[    1.307458] pci 0000:00:06.0: PCI bridge to [bus 01]
[    1.307464] pci 0000:00:06.0:   bridge window [mem 0x8a200000-0x8a2fffff]
[    1.307473] pci 0000:00:07.0: PCI bridge to [bus 02-2b]
[    1.307475] pci 0000:00:07.0:   bridge window [io  0x4000-0x4fff]
[    1.307478] pci 0000:00:07.0:   bridge window [mem 0x7e000000-0x8a1fffff]
[    1.307480] pci 0000:00:07.0:   bridge window [mem 0x6000000000-0x601bffffff 64bit pref]
[    1.307484] pci 0000:00:07.1: PCI bridge to [bus 2c-55]
[    1.307486] pci 0000:00:07.1:   bridge window [io  0x5000-0x5fff]
[    1.307489] pci 0000:00:07.1:   bridge window [mem 0x70000000-0x7c1fffff]
[    1.307491] pci 0000:00:07.1:   bridge window [mem 0x6020000000-0x603bffffff 64bit pref]
[    1.307495] pci 0000:00:07.2: PCI bridge to [bus 56-7f]
[    1.307497] pci 0000:00:07.2:   bridge window [io  0x6000-0x6fff]
[    1.307500] pci 0000:00:07.2:   bridge window [mem 0x62000000-0x6e1fffff]
[    1.307502] pci 0000:00:07.2:   bridge window [mem 0x6040000000-0x605bffffff 64bit pref]
[    1.307506] pci 0000:00:07.3: PCI bridge to [bus 80-a9]
[    1.307508] pci 0000:00:07.3:   bridge window [io  0x7000-0x7fff]
[    1.307511] pci 0000:00:07.3:   bridge window [mem 0x54000000-0x601fffff]
[    1.307513] pci 0000:00:07.3:   bridge window [mem 0x6060000000-0x607bffffff 64bit pref]
[    1.307518] pci_bus 0000:00: resource 4 [io  0x0000-0x0cf7 window]
[    1.307519] pci_bus 0000:00: resource 5 [io  0x0d00-0xffff window]
[    1.307520] pci_bus 0000:00: resource 6 [mem 0x000a0000-0x000bffff window]
[    1.307521] pci_bus 0000:00: resource 7 [mem 0x50400000-0xbfffffff window]
[    1.307522] pci_bus 0000:00: resource 8 [mem 0x4000000000-0x7fffffffff window]
[    1.307523] pci_bus 0000:01: resource 1 [mem 0x8a200000-0x8a2fffff]
[    1.307524] pci_bus 0000:02: resource 0 [io  0x4000-0x4fff]
[    1.307525] pci_bus 0000:02: resource 1 [mem 0x7e000000-0x8a1fffff]
[    1.307525] pci_bus 0000:02: resource 2 [mem 0x6000000000-0x601bffffff 64bit pref]
[    1.307526] pci_bus 0000:2c: resource 0 [io  0x5000-0x5fff]
[    1.307527] pci_bus 0000:2c: resource 1 [mem 0x70000000-0x7c1fffff]
[    1.307528] pci_bus 0000:2c: resource 2 [mem 0x6020000000-0x603bffffff 64bit pref]
[    1.307529] pci_bus 0000:56: resource 0 [io  0x6000-0x6fff]
[    1.307529] pci_bus 0000:56: resource 1 [mem 0x62000000-0x6e1fffff]
[    1.307530] pci_bus 0000:56: resource 2 [mem 0x6040000000-0x605bffffff 64bit pref]
[    1.307531] pci_bus 0000:80: resource 0 [io  0x7000-0x7fff]
[    1.307531] pci_bus 0000:80: resource 1 [mem 0x54000000-0x601fffff]
[    1.307532] pci_bus 0000:80: resource 2 [mem 0x6060000000-0x607bffffff 64bit pref]
[    1.307800] pci 0000:00:0d.0: enabling device (0000 -> 0002)
[    1.308792] PCI: CLS 0 bytes, default 64
[    1.308814] DMAR: No ATSR found
[    1.308815] DMAR: No SATC found
[    1.308816] DMAR: IOMMU feature fl1gp_support inconsistent
[    1.308817] DMAR: IOMMU feature pgsel_inv inconsistent
[    1.308818] DMAR: IOMMU feature nwfs inconsistent
[    1.308818] DMAR: IOMMU feature dit inconsistent
[    1.308819] DMAR: IOMMU feature sc_support inconsistent
[    1.308819] DMAR: IOMMU feature dev_iotlb_support inconsistent
[    1.308820] DMAR: dmar4: Using Queued invalidation
[    1.308823] DMAR: dmar3: Using Queued invalidation
[    1.308825] DMAR: dmar2: Using Queued invalidation
[    1.308827] DMAR: dmar1: Using Queued invalidation
[    1.308828] Trying to unpack rootfs image as initramfs...
[    1.308829] DMAR: dmar0: Using Queued invalidation
[    1.308831] DMAR: dmar5: Using Queued invalidation
[    1.308970] pci 0000:00:07.3: Adding to iommu group 0
[    1.309078] pci 0000:00:07.2: Adding to iommu group 1
[    1.309169] pci 0000:00:07.1: Adding to iommu group 2
[    1.309244] pci 0000:00:07.0: Adding to iommu group 3
[    1.309337] pci 0000:00:02.0: Adding to iommu group 4
[    1.309614] pci 0000:00:00.0: Adding to iommu group 5
[    1.309621] pci 0000:00:04.0: Adding to iommu group 6
[    1.309634] pci 0000:00:06.0: Adding to iommu group 7
[    1.309640] pci 0000:00:08.0: Adding to iommu group 8
[    1.309646] pci 0000:00:0a.0: Adding to iommu group 9
[    1.309660] pci 0000:00:0d.0: Adding to iommu group 10
[    1.309667] pci 0000:00:0d.2: Adding to iommu group 10
[    1.309675] pci 0000:00:0d.3: Adding to iommu group 10
[    1.309685] pci 0000:00:12.0: Adding to iommu group 11
[    1.309696] pci 0000:00:14.0: Adding to iommu group 12
[    1.309704] pci 0000:00:14.2: Adding to iommu group 12
[    1.309720] pci 0000:00:15.0: Adding to iommu group 13
[    1.309728] pci 0000:00:15.1: Adding to iommu group 13
[    1.309734] pci 0000:00:15.2: Adding to iommu group 13
[    1.309741] pci 0000:00:15.3: Adding to iommu group 13
[    1.309750] pci 0000:00:16.0: Adding to iommu group 14
[    1.309758] pci 0000:00:17.0: Adding to iommu group 15
[    1.309770] pci 0000:00:19.0: Adding to iommu group 16
[    1.309778] pci 0000:00:19.1: Adding to iommu group 16
[    1.309789] pci 0000:00:1e.0: Adding to iommu group 17
[    1.309796] pci 0000:00:1e.3: Adding to iommu group 17
[    1.309815] pci 0000:00:1f.0: Adding to iommu group 18
[    1.309824] pci 0000:00:1f.3: Adding to iommu group 18
[    1.309832] pci 0000:00:1f.4: Adding to iommu group 18
[    1.309840] pci 0000:00:1f.5: Adding to iommu group 18
[    1.309848] pci 0000:00:1f.6: Adding to iommu group 18
[    1.309859] pci 0000:01:00.0: Adding to iommu group 19
[    1.310909] DMAR: Intel(R) Virtualization Technology for Directed I/O
[    1.310911] PCI-DMA: Using software bounce buffering for IO (SWIOTLB)
[    1.310912] software IO TLB: mapped [mem 0x00000000386dd000-0x000000003c6dd000] (64MB)
[    1.318352] resource sanity check: requesting [mem 0xfedc0000-0xfedcdfff], which spans more than pnp 00:05 [mem 0xfedc0000-0xfedc7fff]
[    1.318357] caller __uncore_imc_init_box+0xc3/0x120 mapping multiple BARs
[    1.318583] clocksource: tsc: mask: 0xffffffffffffffff max_cycles: 0x2cd5a8bb032, max_idle_ns: 440795365915 ns
[    1.318706] clocksource: Switched to clocksource tsc
[    1.318728] platform rtc_cmos: registered platform RTC device (no PNP device found)
[    1.320175] Initialise system trusted keyrings
[    1.320181] Key type blacklist registered
[    1.320216] workingset: timestamp_bits=36 max_order=23 bucket_order=0
[    1.320223] zbud: loaded
[    1.320323] squashfs: version 4.0 (2009/01/31) Phillip Lougher
[    1.320399] fuse: init (API version 7.38)
[    1.320419] SGI XFS with ACLs, security attributes, realtime, quota, no debug enabled
[    1.327338] Key type asymmetric registered
[    1.327339] Asymmetric key parser 'x509' registered
[    1.327347] Block layer SCSI generic (bsg) driver version 0.4 loaded (major 243)
[    1.327384] io scheduler mq-deadline registered
[    1.327388] io scheduler bfq registered
[    1.327813] pcieport 0000:00:06.0: PME: Signaling with IRQ 126
[    1.328014] pcieport 0000:00:07.0: PME: Signaling with IRQ 127
[    1.328031] pcieport 0000:00:07.0: pciehp: Slot #0 AttnBtn- PwrCtrl- MRL- AttnInd- PwrInd- HotPlug+ Surprise+ Interlock- NoCompl+ IbPresDis- LLActRep+
[    1.328249] pcieport 0000:00:07.1: PME: Signaling with IRQ 128
[    1.328266] pcieport 0000:00:07.1: pciehp: Slot #0 AttnBtn- PwrCtrl- MRL- AttnInd- PwrInd- HotPlug+ Surprise+ Interlock- NoCompl+ IbPresDis- LLActRep+
[    1.328485] pcieport 0000:00:07.2: PME: Signaling with IRQ 129
[    1.328499] pcieport 0000:00:07.2: pciehp: Slot #0 AttnBtn- PwrCtrl- MRL- AttnInd- PwrInd- HotPlug+ Surprise+ Interlock- NoCompl+ IbPresDis- LLActRep+
[    1.328704] pcieport 0000:00:07.3: PME: Signaling with IRQ 130
[    1.328719] pcieport 0000:00:07.3: pciehp: Slot #0 AttnBtn- PwrCtrl- MRL- AttnInd- PwrInd- HotPlug+ Surprise+ Interlock- NoCompl+ IbPresDis- LLActRep+
[    1.328833] shpchp: Standard Hot Plug PCI Controller Driver version: 0.4
[    1.329065] Monitor-Mwait will be used to enter C-1 state
[    1.329072] Monitor-Mwait will be used to enter C-2 state
[    1.329077] Monitor-Mwait will be used to enter C-3 state
[    1.329080] ACPI: \_SB_.PR00: Found 3 idle states
[    1.329704] IPMI message handler: version 39.2
[    1.329710] ipmi device interface
[    1.331618] input: Lid Switch as /devices/LNXSYSTM:00/LNXSYBUS:00/PNP0A08:00/device:1d/PNP0C09:00/PNP0C0D:00/input/input0
[    1.331631] ACPI: button: Lid Switch [LID0]
[    1.331660] input: Power Button as /devices/LNXSYSTM:00/LNXSYBUS:00/PNP0C0C:00/input/input1
[    1.331694] ACPI: button: Power Button [PWRB]
[    1.331708] input: Sleep Button as /devices/LNXSYSTM:00/LNXSYBUS:00/PNP0C0E:00/input/input2
[    1.331716] ACPI: button: Sleep Button [SLPB]
[    1.339620] thermal LNXTHERM:00: registered as thermal_zone0
[    1.339621] ACPI: thermal: Thermal Zone [TZ00] (43 C)
[    1.339679] ERST DBG: ERST support is disabled.
[    1.339896] Serial: 8250/16550 driver, 32 ports, IRQ sharing enabled
[    1.339917] serial 00:03: using ACPI '\_SB.PC00.LPCB.H8S2.UAR9' for 'rs485-term' GPIO lookup
[    1.339923] acpi PNP0501:05: GPIO: looking up rs485-term-gpios
[    1.339925] acpi PNP0501:05: GPIO: looking up rs485-term-gpio
[    1.339925] serial 00:03: using lookup tables for GPIO lookup
[    1.339926] serial 00:03: No GPIO consumer rs485-term found
[    1.340038] ACPI: battery: Slot [BAT0] (battery present)
[    1.340082] ACPI: battery: Slot [BAT1] (battery absent)
[    1.340117] ACPI: battery: Slot [BAT2] (battery absent)
[    1.340609] 00:03: ttyS0 at I/O 0x3f8 (irq = 4, base_baud = 115200) is a 16550A
[    1.347292] serial 0000:00:12.0: enabling device (0000 -> 0002)
[    1.347656] hpet_acpi_add: no address or irqs in _CRS
[    1.347705] Linux agpgart interface v0.103
[    1.347740] acpi INTC6000:00: GPIO: looking up 0 in _CRS
[    1.355107] ACPI: bus type drm_connector registered
[    1.355843] i915 0000:00:02.0: [drm] VT-d active for gfx access
[    1.355845] i915 0000:00:02.0: vgaarb: deactivate vga console
[    1.355893] i915 0000:00:02.0: [drm] Using Transparent Hugepages
[    1.359276] i915 0000:00:02.0: vgaarb: changed VGA decodes: olddecodes=io+mem,decodes=io+mem:owns=io+mem
[    1.782344] Freeing initrd memory: 50704K
[    1.782367] i915 0000:00:02.0: Direct firmware load for i915/tgl_dmc_ver2_12.bin failed with error -2
[    1.782372] i915 0000:00:02.0: [drm] Failed to load DMC firmware i915/tgl_dmc_ver2_12.bin. Disabling runtime power management.
[    1.782373] i915 0000:00:02.0: [drm] DMC firmware homepage: https://git.kernel.org/pub/scm/linux/kernel/git/firmware/linux-firmware.git/tree/i915
[    2.031275] i915 0000:00:02.0: [drm] [ENCODER:307:DDI A/PHY A] failed to retrieve link info, disabling eDP
[    2.190232] [drm] Initialized i915 1.6.0 20201103 for 0000:00:02.0 on minor 0
[    2.193096] ACPI: video: Video Device [GFX0] (multi-head: yes  rom: no  post: no)
[    2.193299] input: Video Bus as /devices/LNXSYSTM:00/LNXSYBUS:00/PNP0A08:00/LNXVIDEO:00/input/input3
[    2.193889] i915 0000:00:02.0: [drm] Cannot find any crtc or sizes
[    2.194374] i915 0000:00:02.0: [drm] Cannot find any crtc or sizes
[    2.194753] i915 0000:00:02.0: [drm] Cannot find any crtc or sizes
[    2.195716] loop: module loaded
[    2.196168] nvme 0000:01:00.0: platform quirk: setting simple suspend
[    2.196281] nvme nvme0: pci function 0000:01:00.0
[    2.196735] ahci 0000:00:17.0: version 3.0
[    2.197742] ahci 0000:00:17.0: AHCI 0001.0301 32 slots 3 ports 6 Gbps 0xd impl SATA mode
[    2.197744] ahci 0000:00:17.0: flags: 64bit ncq sntf pm clo only pio slum part ems deso sadm sds 
[    2.204566] nvme nvme0: Shutdown timeout set to 10 seconds
[    2.205619] nvme nvme0: 8/0/0 default/read/poll queues
[    2.206351] nvme nvme0: Ignoring bogus Namespace Identifiers
[    2.207468]  nvme0n1: p1 p2 p3 p4
[    2.222967] scsi host0: ahci
[    2.223304] scsi host1: ahci
[    2.223593] scsi host2: ahci
[    2.223847] scsi host3: ahci
[    2.223899] ata1: SATA max UDMA/133 abar m2048@0x8a323000 port 0x8a323100 irq 132
[    2.223900] ata2: DUMMY
[    2.223903] ata3: SATA max UDMA/133 abar m2048@0x8a323000 port 0x8a323200 irq 132
[    2.223904] ata4: SATA max UDMA/133 abar m2048@0x8a323000 port 0x8a323280 irq 132
[    2.224047] mdio_bus fixed-0: using lookup tables for GPIO lookup
[    2.224049] mdio_bus fixed-0: No GPIO consumer reset found
[    2.224050] tun: Universal TUN/TAP device driver, 1.6
[    2.224162] igb: Intel(R) Gigabit Ethernet Network Driver
[    2.224164] igb: Copyright (c) 2007-2014 Intel Corporation.
[    2.224171] PPP generic driver version 2.4.2
[    2.224443] VFIO - User Level meta-driver version: 0.3
[    2.224517] xhci_hcd 0000:00:0d.0: xHCI Host Controller
[    2.224522] xhci_hcd 0000:00:0d.0: new USB bus registered, assigned bus number 1
[    2.225632] xhci_hcd 0000:00:0d.0: hcc params 0x20007fc1 hci version 0x120 quirks 0x0000000200009810
[    2.225867] xhci_hcd 0000:00:0d.0: xHCI Host Controller
[    2.225869] xhci_hcd 0000:00:0d.0: new USB bus registered, assigned bus number 2
[    2.225871] xhci_hcd 0000:00:0d.0: Host supports USB 3.1 Enhanced SuperSpeed
[    2.225899] usb usb1: New USB device found, idVendor=1d6b, idProduct=0002, bcdDevice= 6.01
[    2.225900] usb usb1: New USB device strings: Mfr=3, Product=2, SerialNumber=1
[    2.225901] usb usb1: Product: xHCI Host Controller
[    2.225902] usb usb1: Manufacturer: Linux 6.1.0-b4_fe36bb8736ee9+ xhci-hcd
[    2.225903] usb usb1: SerialNumber: 0000:00:0d.0
[    2.226081] hub 1-0:1.0: USB hub found
[    2.226087] hub 1-0:1.0: 1 port detected
[    2.226148] usb usb2: New USB device found, idVendor=1d6b, idProduct=0003, bcdDevice= 6.01
[    2.226149] usb usb2: New USB device strings: Mfr=3, Product=2, SerialNumber=1
[    2.226150] usb usb2: Product: xHCI Host Controller
[    2.226151] usb usb2: Manufacturer: Linux 6.1.0-b4_fe36bb8736ee9+ xhci-hcd
[    2.226151] usb usb2: SerialNumber: 0000:00:0d.0
[    2.226200] hub 2-0:1.0: USB hub found
[    2.226208] hub 2-0:1.0: 4 ports detected
[    2.228315] xhci_hcd 0000:00:14.0: xHCI Host Controller
[    2.228318] xhci_hcd 0000:00:14.0: new USB bus registered, assigned bus number 3
[    2.229552] xhci_hcd 0000:00:14.0: hcc params 0x20007fc1 hci version 0x120 quirks 0x0000000200009810
[    2.229886] xhci_hcd 0000:00:14.0: xHCI Host Controller
[    2.229888] xhci_hcd 0000:00:14.0: new USB bus registered, assigned bus number 4
[    2.229890] xhci_hcd 0000:00:14.0: Host supports USB 3.2 Enhanced SuperSpeed
[    2.229934] usb usb3: New USB device found, idVendor=1d6b, idProduct=0002, bcdDevice= 6.01
[    2.229936] usb usb3: New USB device strings: Mfr=3, Product=2, SerialNumber=1
[    2.229937] usb usb3: Product: xHCI Host Controller
[    2.229938] usb usb3: Manufacturer: Linux 6.1.0-b4_fe36bb8736ee9+ xhci-hcd
[    2.229939] usb usb3: SerialNumber: 0000:00:14.0
[    2.230090] hub 3-0:1.0: USB hub found
[    2.230130] hub 3-0:1.0: 16 ports detected
[    2.234037] usb usb4: New USB device found, idVendor=1d6b, idProduct=0003, bcdDevice= 6.01
[    2.234039] usb usb4: New USB device strings: Mfr=3, Product=2, SerialNumber=1
[    2.234039] usb usb4: Product: xHCI Host Controller
[    2.234040] usb usb4: Manufacturer: Linux 6.1.0-b4_fe36bb8736ee9+ xhci-hcd
[    2.234041] usb usb4: SerialNumber: 0000:00:14.0
[    2.234134] hub 4-0:1.0: USB hub found
[    2.234165] hub 4-0:1.0: 6 ports detected
[    2.234526] usb: port power management may be unreliable
[    2.235054] usbcore: registered new interface driver uas
[    2.235062] usbcore: registered new interface driver usb-storage
[    2.235084] i8042: PNP: PS/2 Controller [PNP0303:PS2K] at 0x60,0x64 irq 1
[    2.235086] i8042: PNP: PS/2 appears to have AUX port disabled, if this is incorrect please boot with i8042.nopnp
[    2.235323] i8042: Warning: Keylock active
[    2.235429] serio: i8042 KBD port at 0x60,0x64 irq 1
[    2.235607] mousedev: PS/2 mouse device common for all mice
[    2.236052] rtc_cmos rtc_cmos: RTC can wake from S4
[    2.236957] rtc_cmos rtc_cmos: registered as rtc0
[    2.237152] rtc_cmos rtc_cmos: setting system clock to 2023-04-06T13:53:42 UTC (1680789222)
[    2.237156] rtc_cmos rtc_cmos: using lookup tables for GPIO lookup
[    2.237156] rtc_cmos rtc_cmos: No GPIO consumer wp found
[    2.237164] rtc_cmos rtc_cmos: alarms up to one month, y3k, 114 bytes nvram
[    2.237200] i2c_dev: i2c /dev entries driver
[    2.238295] device-mapper: core: CONFIG_IMA_DISABLE_HTABLE is disabled. Duplicate IMA measurements will not be recorded in the IMA log.
[    2.238312] device-mapper: uevent: version 1.0.3
[    2.238348] device-mapper: ioctl: 4.47.0-ioctl (2022-07-28) initialised: dm-devel@redhat.com
[    2.238355] intel_pstate: Intel P-state driver initializing
[    2.239700] intel_pstate: HWP enabled
[    2.239719] sdhci: Secure Digital Host Controller Interface driver
[    2.239719] sdhci: Copyright(c) Pierre Ossman
[    2.239738] sdhci-pltfm: SDHCI platform and OF driver helper
[    2.239811] ledtrig-cpu: registered to indicate activity on CPUs
[    2.239839] pstore: Registered efi_pstore as persistent store backend
[    2.240263] intel_pmc_core INT33A1:00:  initialized
[    2.240412] drop_monitor: Initializing network drop monitor service
[    2.240473] NET: Registered PF_INET6 protocol family
[    2.244482] Segment Routing with IPv6
[    2.244485] In-situ OAM (IOAM) with IPv6
[    2.244496] NET: Registered PF_PACKET protocol family
[    2.244599] 9pnet: Installing 9P2000 support
[    2.244609] Key type dns_resolver registered
[    2.246275] microcode: Microcode Update Driver: v2.2.
[    2.246280] IPI shorthand broadcast: enabled
[    2.247491] sched_clock: Marking stable (2239189767, 7107938)->(2292927357, -46629652)
[    2.247911] registered taskstats version 1
[    2.248549] Loading compiled-in X.509 certificates
[    2.248603] zswap: loaded using pool lzo/zbud
[    2.250091] Key type .fscrypt registered
[    2.250092] Key type fscrypt-provisioning registered
[    2.250121] pstore: Using crash dump compression: deflate
[    2.250750] Key type trusted registered
[    2.252253] Key type encrypted registered
[    2.252258] ima: Allocated hash algorithm: sha1
[    2.290011] ima: No architecture policies found
[    2.290033] evm: Initialising EVM extended attributes:
[    2.290033] evm: security.selinux
[    2.290034] evm: security.SMACK64
[    2.290035] evm: security.SMACK64EXEC
[    2.290035] evm: security.SMACK64TRANSMUTE
[    2.290035] evm: security.SMACK64MMAP
[    2.290036] evm: security.apparmor
[    2.290036] evm: security.ima
[    2.290036] evm: security.capability
[    2.290037] evm: HMAC attrs: 0x1
[    2.290272] PM:   Magic number: 3:156:887
[    2.290326] pci 0000:00:1f.0: hash matches
[    2.290599] RAS: Correctable Errors collector initialized.
[    2.482311] atkbd serio0: Failed to deactivate keyboard on isa0060/serio0
[    2.486435] usb 3-12: new low-speed USB device number 2 using xhci_hcd
[    2.538398] ata4: SATA link down (SStatus 4 SControl 300)
[    2.538444] ata3: SATA link down (SStatus 4 SControl 300)
[    2.538767] ata1: SATA link down (SStatus 4 SControl 300)
[    2.640358] usb 3-12: New USB device found, idVendor=413c, idProduct=2106, bcdDevice= 1.01
[    2.640363] usb 3-12: New USB device strings: Mfr=1, Product=2, SerialNumber=0
[    2.640364] usb 3-12: Product: Dell QuietKey Keyboard
[    2.640364] usb 3-12: Manufacturer: DELL
[    2.762904] usb 4-2: new SuperSpeed USB device number 2 using xhci_hcd
[    2.792535] usb 4-2: New USB device found, idVendor=0b95, idProduct=1790, bcdDevice= 1.00
[    2.792539] usb 4-2: New USB device strings: Mfr=1, Product=2, SerialNumber=3
[    2.792540] usb 4-2: Product: AX88179
[    2.792541] usb 4-2: Manufacturer: ASIX Elec. Corp.
[    2.792542] usb 4-2: SerialNumber: 00000000000F56
[    2.894475] atkbd serio0: Failed to enable keyboard on isa0060/serio0
[    2.894524] input: AT Translated Set 2 keyboard as /devices/platform/i8042/serio0/input/input4
[    2.898496] Freeing unused decrypted memory: 2036K
[    2.898956] Freeing unused kernel image (initmem) memory: 4816K
[    2.910478] Write protecting the kernel read-only data: 30720k
[    2.910899] Freeing unused kernel image (rodata/data gap) memory: 1652K
[    2.916931] x86/mm: Checked W+X mappings: passed, no W+X pages found.
[    2.916936] Run /init as init process
[    2.916937]   with arguments:
[    2.916938]     /init
[    2.916939]     rhgb
[    2.916939]   with environment:
[    2.916940]     HOME=/
[    2.916940]     TERM=linux
[    2.916941]     BOOT_IMAGE=(hd0,gpt2)/boot/vmlinuz-6.1.0-b4_fe36bb8736ee9+
[    2.927867] systemd[1]: systemd 239 (239-49.el8) running in system mode. (+PAM +AUDIT +SELINUX +IMA -APPARMOR +SMACK +SYSVINIT +UTMP +LIBCRYPTSETUP +GCRYPT +GNUTLS +ACL +XZ +LZ4 +SECCOMP +BLKID +ELFUTILS +KMOD +IDN2 -IDN +PCRE2 default-hierarchy=legacy)
[    2.927913] systemd[1]: Detected architecture x86-64.
[    2.927914] systemd[1]: Running in initial RAM disk.
[    2.998640] systemd[1]: Set hostname to <p-tglh01.sh.intel.com>.
[    3.040598] systemd[1]: Listening on udev Kernel Socket.
[    3.040621] systemd[1]: Reached target Timers.
[    3.040655] systemd[1]: Listening on Journal Socket.
[    3.040660] systemd[1]: Reached target Swap.
[    3.041374] systemd[1]: Starting Create list of required static device nodes for the current kernel...
[    3.041720] systemd[1]: Starting Setup Virtual Console...
[    3.199210] tigerlake-pinctrl INT34C6:00: Community0 features: 0x000007
[    3.199288] tigerlake-pinctrl INT34C6:00: Community1 features: 0x00001f
[    3.199377] tigerlake-pinctrl INT34C6:00: Community2 features: 0x000007
[    3.199425] tigerlake-pinctrl INT34C6:00: Community3 features: 0x000027
[    3.199478] tigerlake-pinctrl INT34C6:00: Community4 features: 0x000007
[    3.199492] tigerlake-pinctrl INT34C6:00: try to register 291 pins ...
[    3.199494] pinctrl core: registered pin 0 (SPI0_IO_2) on INT34C6:00
[    3.199495] pinctrl core: registered pin 1 (SPI0_IO_3) on INT34C6:00
[    3.199496] pinctrl core: registered pin 2 (SPI0_MOSI_IO_0) on INT34C6:00
[    3.199496] pinctrl core: registered pin 3 (SPI0_MISO_IO_1) on INT34C6:00
[    3.199497] pinctrl core: registered pin 4 (SPI0_TPM_CSB) on INT34C6:00
[    3.199498] pinctrl core: registered pin 5 (SPI0_FLASH_0_CSB) on INT34C6:00
[    3.199498] pinctrl core: registered pin 6 (SPI0_FLASH_1_CSB) on INT34C6:00
[    3.199499] pinctrl core: registered pin 7 (SPI0_CLK) on INT34C6:00
[    3.199500] pinctrl core: registered pin 8 (ESPI_IO_0) on INT34C6:00
[    3.199500] pinctrl core: registered pin 9 (ESPI_IO_1) on INT34C6:00
[    3.199501] pinctrl core: registered pin 10 (ESPI_IO_2) on INT34C6:00
[    3.199501] pinctrl core: registered pin 11 (ESPI_IO_3) on INT34C6:00
[    3.199502] pinctrl core: registered pin 12 (ESPI_CS0B) on INT34C6:00
[    3.199503] pinctrl core: registered pin 13 (ESPI_CLK) on INT34C6:00
[    3.199503] pinctrl core: registered pin 14 (ESPI_RESETB) on INT34C6:00
[    3.199504] pinctrl core: registered pin 15 (ESPI_CS1B) on INT34C6:00
[    3.199504] pinctrl core: registered pin 16 (ESPI_CS2B) on INT34C6:00
[    3.199505] pinctrl core: registered pin 17 (ESPI_CS3B) on INT34C6:00
[    3.199506] pinctrl core: registered pin 18 (ESPI_ALERT0B) on INT34C6:00
[    3.199506] pinctrl core: registered pin 19 (ESPI_ALERT1B) on INT34C6:00
[    3.199507] pinctrl core: registered pin 20 (ESPI_ALERT2B) on INT34C6:00
[    3.199507] pinctrl core: registered pin 21 (ESPI_ALERT3B) on INT34C6:00
[    3.199509] pinctrl core: registered pin 22 (GPPC_A_14) on INT34C6:00
[    3.199509] pinctrl core: registered pin 23 (SPI0_CLK_LOOPBK) on INT34C6:00
[    3.199510] pinctrl core: registered pin 24 (ESPI_CLK_LOOPBK) on INT34C6:00
[    3.199510] pinctrl core: registered pin 25 (HDA_BCLK) on INT34C6:00
[    3.199511] pinctrl core: registered pin 26 (HDA_SYNC) on INT34C6:00
[    3.199512] pinctrl core: registered pin 27 (HDA_SDO) on INT34C6:00
[    3.199512] pinctrl core: registered pin 28 (HDA_SDI_0) on INT34C6:00
[    3.199513] pinctrl core: registered pin 29 (HDA_RSTB) on INT34C6:00
[    3.199513] pinctrl core: registered pin 30 (HDA_SDI_1) on INT34C6:00
[    3.199514] pinctrl core: registered pin 31 (GPP_R_6) on INT34C6:00
[    3.199514] pinctrl core: registered pin 32 (GPP_R_7) on INT34C6:00
[    3.199515] pinctrl core: registered pin 33 (GPP_R_8) on INT34C6:00
[    3.199516] pinctrl core: registered pin 34 (PCIE_LNK_DOWN) on INT34C6:00
[    3.199516] pinctrl core: registered pin 35 (ISH_UART0_RTSB) on INT34C6:00
[    3.199517] pinctrl core: registered pin 36 (SX_EXIT_HOLDOFFB) on INT34C6:00
[    3.199517] pinctrl core: registered pin 37 (CLKOUT_48) on INT34C6:00
[    3.199518] pinctrl core: registered pin 38 (ISH_GP_7) on INT34C6:00
[    3.199519] pinctrl core: registered pin 39 (ISH_GP_0) on INT34C6:00
[    3.199519] pinctrl core: registered pin 40 (ISH_GP_1) on INT34C6:00
[    3.199520] pinctrl core: registered pin 41 (ISH_GP_2) on INT34C6:00
[    3.199520] pinctrl core: registered pin 42 (ISH_GP_3) on INT34C6:00
[    3.199521] pinctrl core: registered pin 43 (ISH_GP_4) on INT34C6:00
[    3.199522] pinctrl core: registered pin 44 (ISH_GP_5) on INT34C6:00
[    3.199522] pinctrl core: registered pin 45 (GSPI0_CS1B) on INT34C6:00
[    3.199523] pinctrl core: registered pin 46 (GSPI1_CS1B) on INT34C6:00
[    3.199523] pinctrl core: registered pin 47 (VRALERTB) on INT34C6:00
[    3.199524] pinctrl core: registered pin 48 (CPU_GP_2) on INT34C6:00
[    3.199524] pinctrl core: registered pin 49 (CPU_GP_3) on INT34C6:00
[    3.199525] pinctrl core: registered pin 50 (SRCCLKREQB_0) on INT34C6:00
[    3.199526] pinctrl core: registered pin 51 (SRCCLKREQB_1) on INT34C6:00
[    3.199526] pinctrl core: registered pin 52 (SRCCLKREQB_2) on INT34C6:00
[    3.199527] pinctrl core: registered pin 53 (SRCCLKREQB_3) on INT34C6:00
[    3.199527] pinctrl core: registered pin 54 (SRCCLKREQB_4) on INT34C6:00
[    3.199528] pinctrl core: registered pin 55 (SRCCLKREQB_5) on INT34C6:00
[    3.199529] pinctrl core: registered pin 56 (I2S_MCLK) on INT34C6:00
[    3.199529] pinctrl core: registered pin 57 (SLP_S0B) on INT34C6:00
[    3.199530] pinctrl core: registered pin 58 (PLTRSTB) on INT34C6:00
[    3.199530] pinctrl core: registered pin 59 (SPKR) on INT34C6:00
[    3.199531] pinctrl core: registered pin 60 (GSPI0_CS0B) on INT34C6:00
[    3.199532] pinctrl core: registered pin 61 (GSPI0_CLK) on INT34C6:00
[    3.199532] pinctrl core: registered pin 62 (GSPI0_MISO) on INT34C6:00
[    3.199534] pinctrl core: registered pin 63 (GSPI0_MOSI) on INT34C6:00
[    3.199535] pinctrl core: registered pin 64 (GSPI1_CS0B) on INT34C6:00
[    3.199536] pinctrl core: registered pin 65 (GSPI1_CLK) on INT34C6:00
[    3.199537] pinctrl core: registered pin 66 (GSPI1_MISO) on INT34C6:00
[    3.199537] pinctrl core: registered pin 67 (GSPI1_MOSI) on INT34C6:00
[    3.199538] pinctrl core: registered pin 68 (SML1ALERTB) on INT34C6:00
[    3.199538] pinctrl core: registered pin 69 (GSPI0_CLK_LOOPBK) on INT34C6:00
[    3.199539] pinctrl core: registered pin 70 (GSPI1_CLK_LOOPBK) on INT34C6:00
[    3.199539] pinctrl core: registered pin 71 (ESPI_USB_OCB_0) on INT34C6:00
[    3.199540] pinctrl core: registered pin 72 (ESPI_USB_OCB_1) on INT34C6:00
[    3.199541] pinctrl core: registered pin 73 (ESPI_USB_OCB_2) on INT34C6:00
[    3.199541] pinctrl core: registered pin 74 (ESPI_USB_OCB_3) on INT34C6:00
[    3.199542] pinctrl core: registered pin 75 (USB_CPU_OCB_0) on INT34C6:00
[    3.199542] pinctrl core: registered pin 76 (USB_CPU_OCB_1) on INT34C6:00
[    3.199543] pinctrl core: registered pin 77 (USB_CPU_OCB_2) on INT34C6:00
[    3.199543] pinctrl core: registered pin 78 (USB_CPU_OCB_3) on INT34C6:00
[    3.199544] pinctrl core: registered pin 79 (SPI1_CSB) on INT34C6:00
[    3.199545] pinctrl core: registered pin 80 (SPI1_CLK) on INT34C6:00
[    3.199545] pinctrl core: registered pin 81 (SPI1_MISO_IO_1) on INT34C6:00
[    3.199546] pinctrl core: registered pin 82 (SPI1_MOSI_IO_0) on INT34C6:00
[    3.199546] pinctrl core: registered pin 83 (SML1CLK) on INT34C6:00
[    3.199547] pinctrl core: registered pin 84 (I2S2_SFRM) on INT34C6:00
[    3.199547] pinctrl core: registered pin 85 (I2S2_TXD) on INT34C6:00
[    3.199548] pinctrl core: registered pin 86 (I2S2_RXD) on INT34C6:00
[    3.199549] pinctrl core: registered pin 87 (I2S2_SCLK) on INT34C6:00
[    3.199550] pinctrl core: registered pin 88 (SML0CLK) on INT34C6:00
[    3.199550] pinctrl core: registered pin 89 (SML0DATA) on INT34C6:00
[    3.199551] pinctrl core: registered pin 90 (GPP_D_11) on INT34C6:00
[    3.199551] pinctrl core: registered pin 91 (ISH_UART0_CTSB) on INT34C6:00
[    3.199552] pinctrl core: registered pin 92 (SPI1_IO_2) on INT34C6:00
[    3.199553] pinctrl core: registered pin 93 (SPI1_IO_3) on INT34C6:00
[    3.199553] pinctrl core: registered pin 94 (SML1DATA) on INT34C6:00
[    3.199554] pinctrl core: registered pin 95 (GSPI3_CS0B) on INT34C6:00
[    3.199554] pinctrl core: registered pin 96 (GSPI3_CLK) on INT34C6:00
[    3.199555] pinctrl core: registered pin 97 (GSPI3_MISO) on INT34C6:00
[    3.199555] pinctrl core: registered pin 98 (GSPI3_MOSI) on INT34C6:00
[    3.199556] pinctrl core: registered pin 99 (UART3_RXD) on INT34C6:00
[    3.199557] pinctrl core: registered pin 100 (UART3_TXD) on INT34C6:00
[    3.199557] pinctrl core: registered pin 101 (UART3_RTSB) on INT34C6:00
[    3.199558] pinctrl core: registered pin 102 (UART3_CTSB) on INT34C6:00
[    3.199558] pinctrl core: registered pin 103 (SPI1_CLK_LOOPBK) on INT34C6:00
[    3.199559] pinctrl core: registered pin 104 (GSPI3_CLK_LOOPBK) on INT34C6:00
[    3.199560] pinctrl core: registered pin 105 (SMBCLK) on INT34C6:00
[    3.199560] pinctrl core: registered pin 106 (SMBDATA) on INT34C6:00
[    3.199561] pinctrl core: registered pin 107 (SMBALERTB) on INT34C6:00
[    3.199561] pinctrl core: registered pin 108 (ISH_UART0_RXD) on INT34C6:00
[    3.199562] pinctrl core: registered pin 109 (ISH_UART0_TXD) on INT34C6:00
[    3.199562] pinctrl core: registered pin 110 (SML0ALERTB) on INT34C6:00
[    3.199563] pinctrl core: registered pin 111 (ISH_I2C2_SDA) on INT34C6:00
[    3.199564] pinctrl core: registered pin 112 (ISH_I2C2_SCL) on INT34C6:00
[    3.199564] pinctrl core: registered pin 113 (UART0_RXD) on INT34C6:00
[    3.199565] pinctrl core: registered pin 114 (UART0_TXD) on INT34C6:00
[    3.199565] pinctrl core: registered pin 115 (UART0_RTSB) on INT34C6:00
[    3.199566] pinctrl core: registered pin 116 (UART0_CTSB) on INT34C6:00
[    3.199566] pinctrl core: registered pin 117 (UART1_RXD) on INT34C6:00
[    3.199567] pinctrl core: registered pin 118 (UART1_TXD) on INT34C6:00
[    3.199568] pinctrl core: registered pin 119 (UART1_RTSB) on INT34C6:00
[    3.199568] pinctrl core: registered pin 120 (UART1_CTSB) on INT34C6:00
[    3.199569] pinctrl core: registered pin 121 (I2C0_SDA) on INT34C6:00
[    3.199569] pinctrl core: registered pin 122 (I2C0_SCL) on INT34C6:00
[    3.199570] pinctrl core: registered pin 123 (I2C1_SDA) on INT34C6:00
[    3.199570] pinctrl core: registered pin 124 (I2C1_SCL) on INT34C6:00
[    3.199571] pinctrl core: registered pin 125 (UART2_RXD) on INT34C6:00
[    3.199572] pinctrl core: registered pin 126 (UART2_TXD) on INT34C6:00
[    3.199572] pinctrl core: registered pin 127 (UART2_RTSB) on INT34C6:00
[    3.199573] pinctrl core: registered pin 128 (UART2_CTSB) on INT34C6:00
[    3.199574] pinctrl core: registered pin 129 (SNDW1_CLK) on INT34C6:00
[    3.199574] pinctrl core: registered pin 130 (SNDW1_DATA) on INT34C6:00
[    3.199575] pinctrl core: registered pin 131 (SNDW2_CLK) on INT34C6:00
[    3.199575] pinctrl core: registered pin 132 (SNDW2_DATA) on INT34C6:00
[    3.199576] pinctrl core: registered pin 133 (SNDW3_CLK) on INT34C6:00
[    3.199576] pinctrl core: registered pin 134 (SNDW3_DATA) on INT34C6:00
[    3.199577] pinctrl core: registered pin 135 (SNDW4_CLK) on INT34C6:00
[    3.199577] pinctrl core: registered pin 136 (SNDW4_DATA) on INT34C6:00
[    3.199578] pinctrl core: registered pin 137 (DDPA_CTRLCLK) on INT34C6:00
[    3.199579] pinctrl core: registered pin 138 (DDPA_CTRLDATA) on INT34C6:00
[    3.199579] pinctrl core: registered pin 139 (DNX_FORCE_RELOAD) on INT34C6:00
[    3.199580] pinctrl core: registered pin 140 (GMII_MDC_0) on INT34C6:00
[    3.199580] pinctrl core: registered pin 141 (GMII_MDIO_0) on INT34C6:00
[    3.199581] pinctrl core: registered pin 142 (SLP_DRAMB) on INT34C6:00
[    3.199581] pinctrl core: registered pin 143 (GPPC_G_6) on INT34C6:00
[    3.199582] pinctrl core: registered pin 144 (GPPC_G_7) on INT34C6:00
[    3.199583] pinctrl core: registered pin 145 (ISH_SPI_CSB) on INT34C6:00
[    3.199583] pinctrl core: registered pin 146 (ISH_SPI_CLK) on INT34C6:00
[    3.199584] pinctrl core: registered pin 147 (ISH_SPI_MISO) on INT34C6:00
[    3.199584] pinctrl core: registered pin 148 (ISH_SPI_MOSI) on INT34C6:00
[    3.199585] pinctrl core: registered pin 149 (DDP1_CTRLCLK) on INT34C6:00
[    3.199586] pinctrl core: registered pin 150 (DDP1_CTRLDATA) on INT34C6:00
[    3.199587] pinctrl core: registered pin 151 (DDP2_CTRLCLK) on INT34C6:00
[    3.199587] pinctrl core: registered pin 152 (DDP2_CTRLDATA) on INT34C6:00
[    3.199588] pinctrl core: registered pin 153 (GSPI2_CLK_LOOPBK) on INT34C6:00
[    3.199588] pinctrl core: registered pin 154 (CNV_BTEN) on INT34C6:00
[    3.199589] pinctrl core: registered pin 155 (CNV_BT_HOST_WAKEB) on INT34C6:00
[    3.199590] pinctrl core: registered pin 156 (CNV_BT_IF_SELECT) on INT34C6:00
[    3.199590] pinctrl core: registered pin 157 (vCNV_BT_UART_TXD) on INT34C6:00
[    3.199591] pinctrl core: registered pin 158 (vCNV_BT_UART_RXD) on INT34C6:00
[    3.199591] pinctrl core: registered pin 159 (vCNV_BT_UART_CTS_B) on INT34C6:00
[    3.199592] pinctrl core: registered pin 160 (vCNV_BT_UART_RTS_B) on INT34C6:00
[    3.199593] pinctrl core: registered pin 161 (vCNV_MFUART1_TXD) on INT34C6:00
[    3.199593] pinctrl core: registered pin 162 (vCNV_MFUART1_RXD) on INT34C6:00
[    3.199594] pinctrl core: registered pin 163 (vCNV_MFUART1_CTS_B) on INT34C6:00
[    3.199594] pinctrl core: registered pin 164 (vCNV_MFUART1_RTS_B) on INT34C6:00
[    3.199595] pinctrl core: registered pin 165 (vUART0_TXD) on INT34C6:00
[    3.199595] pinctrl core: registered pin 166 (vUART0_RXD) on INT34C6:00
[    3.199596] pinctrl core: registered pin 167 (vUART0_CTS_B) on INT34C6:00
[    3.199597] pinctrl core: registered pin 168 (vUART0_RTS_B) on INT34C6:00
[    3.199597] pinctrl core: registered pin 169 (vISH_UART0_TXD) on INT34C6:00
[    3.199598] pinctrl core: registered pin 170 (vISH_UART0_RXD) on INT34C6:00
[    3.199598] pinctrl core: registered pin 171 (vISH_UART0_CTS_B) on INT34C6:00
[    3.199601] pinctrl core: registered pin 172 (vISH_UART0_RTS_B) on INT34C6:00
[    3.199601] pinctrl core: registered pin 173 (vCNV_BT_I2S_BCLK) on INT34C6:00
[    3.199602] pinctrl core: registered pin 174 (vCNV_BT_I2S_WS_SYNC) on INT34C6:00
[    3.199602] pinctrl core: registered pin 175 (vCNV_BT_I2S_SDO) on INT34C6:00
[    3.199603] pinctrl core: registered pin 176 (vCNV_BT_I2S_SDI) on INT34C6:00
[    3.199604] pinctrl core: registered pin 177 (vI2S2_SCLK) on INT34C6:00
[    3.199604] pinctrl core: registered pin 178 (vI2S2_SFRM) on INT34C6:00
[    3.199605] pinctrl core: registered pin 179 (vI2S2_TXD) on INT34C6:00
[    3.199605] pinctrl core: registered pin 180 (vI2S2_RXD) on INT34C6:00
[    3.199606] pinctrl core: registered pin 181 (SATAXPCIE_0) on INT34C6:00
[    3.199607] pinctrl core: registered pin 182 (SATAXPCIE_1) on INT34C6:00
[    3.199607] pinctrl core: registered pin 183 (SATAXPCIE_2) on INT34C6:00
[    3.199608] pinctrl core: registered pin 184 (CPU_GP_0) on INT34C6:00
[    3.199608] pinctrl core: registered pin 185 (SATA_DEVSLP_0) on INT34C6:00
[    3.199609] pinctrl core: registered pin 186 (SATA_DEVSLP_1) on INT34C6:00
[    3.199609] pinctrl core: registered pin 187 (SATA_DEVSLP_2) on INT34C6:00
[    3.199610] pinctrl core: registered pin 188 (CPU_GP_1) on INT34C6:00
[    3.199611] pinctrl core: registered pin 189 (SATA_LEDB) on INT34C6:00
[    3.199611] pinctrl core: registered pin 190 (USB2_OCB_0) on INT34C6:00
[    3.199612] pinctrl core: registered pin 191 (USB2_OCB_1) on INT34C6:00
[    3.199612] pinctrl core: registered pin 192 (USB2_OCB_2) on INT34C6:00
[    3.199613] pinctrl core: registered pin 193 (USB2_OCB_3) on INT34C6:00
[    3.199614] pinctrl core: registered pin 194 (SATAXPCIE_3) on INT34C6:00
[    3.199614] pinctrl core: registered pin 195 (SATAXPCIE_4) on INT34C6:00
[    3.199615] pinctrl core: registered pin 196 (SATAXPCIE_5) on INT34C6:00
[    3.199615] pinctrl core: registered pin 197 (SATAXPCIE_6) on INT34C6:00
[    3.199616] pinctrl core: registered pin 198 (SATAXPCIE_7) on INT34C6:00
[    3.199617] pinctrl core: registered pin 199 (SATA_DEVSLP_3) on INT34C6:00
[    3.199617] pinctrl core: registered pin 200 (SATA_DEVSLP_4) on INT34C6:00
[    3.199618] pinctrl core: registered pin 201 (SATA_DEVSLP_5) on INT34C6:00
[    3.199618] pinctrl core: registered pin 202 (SATA_DEVSLP_6) on INT34C6:00
[    3.199619] pinctrl core: registered pin 203 (SATA_DEVSLP_7) on INT34C6:00
[    3.199620] pinctrl core: registered pin 204 (SATA_SCLOCK) on INT34C6:00
[    3.199620] pinctrl core: registered pin 205 (SATA_SLOAD) on INT34C6:00
[    3.199621] pinctrl core: registered pin 206 (SATA_SDATAOUT1) on INT34C6:00
[    3.199621] pinctrl core: registered pin 207 (SATA_SDATAOUT0) on INT34C6:00
[    3.199622] pinctrl core: registered pin 208 (PS_ONB) on INT34C6:00
[    3.199623] pinctrl core: registered pin 209 (M2_SKT2_CFG_0) on INT34C6:00
[    3.199623] pinctrl core: registered pin 210 (M2_SKT2_CFG_1) on INT34C6:00
[    3.199624] pinctrl core: registered pin 211 (M2_SKT2_CFG_2) on INT34C6:00
[    3.199624] pinctrl core: registered pin 212 (M2_SKT2_CFG_3) on INT34C6:00
[    3.199625] pinctrl core: registered pin 213 (L_VDDEN) on INT34C6:00
[    3.199626] pinctrl core: registered pin 214 (L_BKLTEN) on INT34C6:00
[    3.199627] pinctrl core: registered pin 215 (L_BKLTCTL) on INT34C6:00
[    3.199627] pinctrl core: registered pin 216 (VNN_CTRL) on INT34C6:00
[    3.199628] pinctrl core: registered pin 217 (GPP_F_23) on INT34C6:00
[    3.199628] pinctrl core: registered pin 218 (SRCCLKREQB_6) on INT34C6:00
[    3.199629] pinctrl core: registered pin 219 (SRCCLKREQB_7) on INT34C6:00
[    3.199630] pinctrl core: registered pin 220 (SRCCLKREQB_8) on INT34C6:00
[    3.199630] pinctrl core: registered pin 221 (SRCCLKREQB_9) on INT34C6:00
[    3.199631] pinctrl core: registered pin 222 (SRCCLKREQB_10) on INT34C6:00
[    3.199631] pinctrl core: registered pin 223 (SRCCLKREQB_11) on INT34C6:00
[    3.199632] pinctrl core: registered pin 224 (SRCCLKREQB_12) on INT34C6:00
[    3.199633] pinctrl core: registered pin 225 (SRCCLKREQB_13) on INT34C6:00
[    3.199633] pinctrl core: registered pin 226 (SRCCLKREQB_14) on INT34C6:00
[    3.199634] pinctrl core: registered pin 227 (SRCCLKREQB_15) on INT34C6:00
[    3.199634] pinctrl core: registered pin 228 (SML2CLK) on INT34C6:00
[    3.199635] pinctrl core: registered pin 229 (SML2DATA) on INT34C6:00
[    3.199635] pinctrl core: registered pin 230 (SML2ALERTB) on INT34C6:00
[    3.199636] pinctrl core: registered pin 231 (SML3CLK) on INT34C6:00
[    3.199637] pinctrl core: registered pin 232 (SML3DATA) on INT34C6:00
[    3.199637] pinctrl core: registered pin 233 (SML3ALERTB) on INT34C6:00
[    3.199638] pinctrl core: registered pin 234 (SML4CLK) on INT34C6:00
[    3.199638] pinctrl core: registered pin 235 (SML4DATA) on INT34C6:00
[    3.199639] pinctrl core: registered pin 236 (SML4ALERTB) on INT34C6:00
[    3.199640] pinctrl core: registered pin 237 (ISH_I2C0_SDA) on INT34C6:00
[    3.199640] pinctrl core: registered pin 238 (ISH_I2C0_SCL) on INT34C6:00
[    3.199641] pinctrl core: registered pin 239 (ISH_I2C1_SDA) on INT34C6:00
[    3.199641] pinctrl core: registered pin 240 (ISH_I2C1_SCL) on INT34C6:00
[    3.199642] pinctrl core: registered pin 241 (TIME_SYNC_0) on INT34C6:00
[    3.199643] pinctrl core: registered pin 242 (CNV_PA_BLANKING) on INT34C6:00
[    3.199643] pinctrl core: registered pin 243 (CPU_C10_GATEB) on INT34C6:00
[    3.199644] pinctrl core: registered pin 244 (CNV_BRI_DT) on INT34C6:00
[    3.199644] pinctrl core: registered pin 245 (CNV_BRI_RSP) on INT34C6:00
[    3.199645] pinctrl core: registered pin 246 (CNV_RGI_DT) on INT34C6:00
[    3.199646] pinctrl core: registered pin 247 (CNV_RGI_RSP) on INT34C6:00
[    3.199646] pinctrl core: registered pin 248 (CNV_MFUART2_RXD) on INT34C6:00
[    3.199647] pinctrl core: registered pin 249 (CNV_MFUART2_TXD) on INT34C6:00
[    3.199647] pinctrl core: registered pin 250 (GPP_J_8) on INT34C6:00
[    3.199648] pinctrl core: registered pin 251 (GPP_J_9) on INT34C6:00
[    3.199649] pinctrl core: registered pin 252 (GSXDOUT) on INT34C6:00
[    3.199649] pinctrl core: registered pin 253 (GSXSLOAD) on INT34C6:00
[    3.199650] pinctrl core: registered pin 254 (GSXDIN) on INT34C6:00
[    3.199650] pinctrl core: registered pin 255 (GSXSRESETB) on INT34C6:00
[    3.199651] pinctrl core: registered pin 256 (GSXCLK) on INT34C6:00
[    3.199652] pinctrl core: registered pin 257 (ADR_COMPLETE) on INT34C6:00
[    3.199652] pinctrl core: registered pin 258 (DDSP_HPD_A) on INT34C6:00
[    3.199653] pinctrl core: registered pin 259 (DDSP_HPD_B) on INT34C6:00
[    3.199654] pinctrl core: registered pin 260 (CORE_VID_0) on INT34C6:00
[    3.199654] pinctrl core: registered pin 261 (CORE_VID_1) on INT34C6:00
[    3.199655] pinctrl core: registered pin 262 (DDSP_HPD_C) on INT34C6:00
[    3.199655] pinctrl core: registered pin 263 (GPP_K_11) on INT34C6:00
[    3.199656] pinctrl core: registered pin 264 (SYS_PWROK) on INT34C6:00
[    3.199656] pinctrl core: registered pin 265 (SYS_RESETB) on INT34C6:00
[    3.199657] pinctrl core: registered pin 266 (MLK_RSTB) on INT34C6:00
[    3.199658] pinctrl core: registered pin 267 (PMCALERTB) on INT34C6:00
[    3.199658] pinctrl core: registered pin 268 (DDSP_HPD_1) on INT34C6:00
[    3.199659] pinctrl core: registered pin 269 (DDSP_HPD_2) on INT34C6:00
[    3.199659] pinctrl core: registered pin 270 (DDSP_HPD_3) on INT34C6:00
[    3.199660] pinctrl core: registered pin 271 (DDSP_HPD_4) on INT34C6:00
[    3.199660] pinctrl core: registered pin 272 (DDPB_CTRLCLK) on INT34C6:00
[    3.199661] pinctrl core: registered pin 273 (DDPB_CTRLDATA) on INT34C6:00
[    3.199662] pinctrl core: registered pin 274 (DDPC_CTRLCLK) on INT34C6:00
[    3.199662] pinctrl core: registered pin 275 (DDPC_CTRLDATA) on INT34C6:00
[    3.199663] pinctrl core: registered pin 276 (FUSA_DIAGTEST_EN) on INT34C6:00
[    3.199663] pinctrl core: registered pin 277 (FUSA_DIAGTEST_MODE) on INT34C6:00
[    3.199665] pinctrl core: registered pin 278 (USB2_OCB_4) on INT34C6:00
[    3.199665] pinctrl core: registered pin 279 (USB2_OCB_5) on INT34C6:00
[    3.199666] pinctrl core: registered pin 280 (USB2_OCB_6) on INT34C6:00
[    3.199666] pinctrl core: registered pin 281 (USB2_OCB_7) on INT34C6:00
[    3.199667] pinctrl core: registered pin 282 (JTAG_TDO) on INT34C6:00
[    3.199667] pinctrl core: registered pin 283 (JTAGX) on INT34C6:00
[    3.199668] pinctrl core: registered pin 284 (PRDYB) on INT34C6:00
[    3.199669] pinctrl core: registered pin 285 (PREQB) on INT34C6:00
[    3.199669] pinctrl core: registered pin 286 (JTAG_TDI) on INT34C6:00
[    3.199670] pinctrl core: registered pin 287 (JTAG_TMS) on INT34C6:00
[    3.199671] pinctrl core: registered pin 288 (JTAG_TCK) on INT34C6:00
[    3.199671] pinctrl core: registered pin 289 (DBG_PMODE) on INT34C6:00
[    3.199672] pinctrl core: registered pin 290 (CPU_TRSTB) on INT34C6:00
[    3.199673] tigerlake-pinctrl INT34C6:00: failed to lookup the default state
[    3.199674] tigerlake-pinctrl INT34C6:00: failed to lookup the sleep state
[    3.199735] gpiochip_find_base: found new base at 512
[    3.201255] gpio gpiochip0: (INT34C6:00): created GPIO range 0->24 ==> INT34C6:00 PIN 0->24
[    3.201257] gpio gpiochip0: (INT34C6:00): created GPIO range 32->51 ==> INT34C6:00 PIN 25->44
[    3.201258] gpio gpiochip0: (INT34C6:00): created GPIO range 64->89 ==> INT34C6:00 PIN 45->70
[    3.201259] gpio gpiochip0: (INT34C6:00): created GPIO range 96->103 ==> INT34C6:00 PIN 71->78
[    3.201260] gpio gpiochip0: (INT34C6:00): created GPIO range 128->153 ==> INT34C6:00 PIN 79->104
[    3.201261] gpio gpiochip0: (INT34C6:00): created GPIO range 160->183 ==> INT34C6:00 PIN 105->128
[    3.201262] gpio gpiochip0: (INT34C6:00): created GPIO range 192->199 ==> INT34C6:00 PIN 129->136
[    3.201262] gpio gpiochip0: (INT34C6:00): created GPIO range 224->240 ==> INT34C6:00 PIN 137->153
[    3.201263] gpio gpiochip0: (INT34C6:00): created GPIO range 256->282 ==> INT34C6:00 PIN 154->180
[    3.201264] gpio gpiochip0: (INT34C6:00): created GPIO range 288->300 ==> INT34C6:00 PIN 181->193
[    3.201265] gpio gpiochip0: (INT34C6:00): created GPIO range 320->343 ==> INT34C6:00 PIN 194->217
[    3.201266] gpio gpiochip0: (INT34C6:00): created GPIO range 352->375 ==> INT34C6:00 PIN 218->241
[    3.201267] gpio gpiochip0: (INT34C6:00): created GPIO range 384->393 ==> INT34C6:00 PIN 242->251
[    3.201268] gpio gpiochip0: (INT34C6:00): created GPIO range 416->430 ==> INT34C6:00 PIN 252->266
[    3.201268] gpio gpiochip0: (INT34C6:00): created GPIO range 448->462 ==> INT34C6:00 PIN 267->281
[    3.201327] gpio gpiochip0: (INT34C6:00): added GPIO chardev (254:0)
[    3.201344] gpio gpiochip0: registered GPIOs 512 to 974 on INT34C6:00
[    3.219341] hid: raw HID events driver (C) Jiri Kosina
[    3.222165] e1000e: Intel(R) PRO/1000 Network Driver
[    3.222167] e1000e: Copyright(c) 1999 - 2015 Intel Corporation.
[    3.222198] e1000e 0000:00:1f.6: enabling device (0000 -> 0002)
[    3.222345] usbcore: registered new interface driver usbhid
[    3.222347] usbhid: USB HID core driver
[    3.222447] e1000e 0000:00:1f.6: Interrupt Throttling Rate (ints/sec) set to dynamic conservative mode
[    3.223052] usbcore: registered new interface driver usbkbd
[    3.223060] cryptd: max_cpu_qlen set to 1000
[    3.224032] AVX2 version of gcm_enc/dec engaged.
[    3.224078] AES CTR mode by8 optimization enabled
[    3.234487] input: DELL Dell QuietKey Keyboard as /devices/pci0000:00/0000:00:14.0/usb3/3-12/3-12:1.0/0003:413C:2106.0001/input/input5
[    3.294603] hid-generic 0003:413C:2106.0001: input,hidraw0: USB HID v1.10 Keyboard [DELL Dell QuietKey Keyboard] on usb-0000:00:14.0-12/input0
[    3.553639] ax88179_178a 4-2:1.0 eth0: register 'ax88179_178a' at usb-0000:00:14.0-2, ASIX AX88179 USB 3.0 Gigabit Ethernet, 00:0e:c6:a1:a2:6e
[    3.554176] usbcore: registered new interface driver ax88179_178a
[    3.554888] ax88179_178a 4-2:1.0 enp0s20f0u2: renamed from eth0
[    3.667434] e1000e 0000:00:1f.6 0000:00:1f.6 (uninitialized): registered PHC clock
[    3.742743] e1000e 0000:00:1f.6 eth0: (PCI Express:2.5GT/s:Width x1) 88:88:88:88:87:88
[    3.742747] e1000e 0000:00:1f.6 eth0: Intel(R) PRO/1000 Network Connection
[    3.742918] e1000e 0000:00:1f.6 eth0: MAC: 14, PHY: 12, PBA No: FFFFFF-0FF
[    3.743562] e1000e 0000:00:1f.6 enp0s31f6: renamed from eth0
[    3.961855] ish-hid {33AECD58-B679-4E54-9BD9-A04D34F0C226}: [hid-ish]: enum_devices_done OK, num_hid_devices=6
[    3.971464] hid-generic 001F:8087:0AC2.0002: hidraw1: SENSOR HUB HID v2.00 Device [hid-ishtp 8087:0AC2] on 
[    3.980618] hid-generic 001F:8087:0AC2.0003: hidraw2: SENSOR HUB HID v2.00 Device [hid-ishtp 8087:0AC2] on 
[    3.990517] hid-generic 001F:8087:0AC2.0004: hidraw3: SENSOR HUB HID v2.00 Device [hid-ishtp 8087:0AC2] on 
[    3.996604] hid-generic 001F:8087:0AC2.0005: hidraw4: SENSOR HUB HID v2.00 Device [hid-ishtp 8087:0AC2] on 
[    4.005885] hid-generic 001F:8087:0AC3.0006: hidraw5: SENSOR HUB HID v2.00 Device [hid-ishtp 8087:0AC3] on 
[    4.007721] hid-generic 001F:8087:0AC3.0007: hidraw6: SENSOR HUB HID v2.00 Device [hid-ishtp 8087:0AC3] on 
[    4.386014] EXT4-fs (nvme0n1p2): mounted filesystem 77b5d696-7bf5-4a06-bfd3-6fd24ec0d8f7 with ordered data mode. Quota mode: none.
[    4.565944] printk: systemd: 19 output lines suppressed due to ratelimiting
[    4.607195] systemd[1]: RTC configured in localtime, applying delta of 480 minutes to system time.
[    4.611186] systemd[1]: systemd 239 (239-49.el8) running in system mode. (+PAM +AUDIT +SELINUX +IMA -APPARMOR +SMACK +SYSVINIT +UTMP +LIBCRYPTSETUP +GCRYPT +GNUTLS +ACL +XZ +LZ4 +SECCOMP +BLKID +ELFUTILS +KMOD +IDN2 -IDN +PCRE2 default-hierarchy=legacy)
[    4.611233] systemd[1]: Detected architecture x86-64.
[    4.611457] systemd[1]: Set hostname to <p-tglh01.sh.intel.com>.
[    4.763979] systemd[1]: systemd-journald.service: Succeeded.
[    4.764446] systemd[1]: initrd-switch-root.service: Succeeded.
[    4.764656] systemd[1]: Stopped Switch Root.
[    4.764784] systemd[1]: systemd-journald.service: Service has no hold-off time (RestartSec=0), scheduling restart.
[    4.764846] systemd[1]: systemd-journald.service: Scheduled restart job, restart counter is at 1.
[    4.764851] systemd[1]: Stopped Journal Service.
[    4.765323] systemd[1]: Starting Journal Service...
[    4.773056] EXT4-fs (nvme0n1p2): re-mounted 77b5d696-7bf5-4a06-bfd3-6fd24ec0d8f7. Quota mode: none.
[    4.778240] Adding 20971516k swap on /dev/mapper/cs-swap.  Priority:-2 extents:1 across:20971516k SSFS
[    4.855869] Consider using thermal netlink events interface
[    4.861616] input: Intel HID events as /devices/platform/INTC1051:00/input/input6
[    4.861867] intel-hid INTC1051:00: platform supports 5 button array
[    4.861988] input: Intel HID 5 button array as /devices/platform/INTC1051:00/input/input7
[    4.966473] ACPI: bus type thunderbolt registered
[    4.966738] thunderbolt 0000:00:0d.2: total paths: 12
[    4.966743] thunderbolt 0000:00:0d.2: IOMMU DMA protection is enabled
[    4.969127] proc_thermal 0000:00:04.0: enabling device (0000 -> 0002)
[    4.979420] thunderbolt 0000:00:0d.2: allocating TX ring 0 of size 10
[    4.979450] thunderbolt 0000:00:0d.2: allocating RX ring 0 of size 10
[    4.979467] thunderbolt 0000:00:0d.2: control channel created
[    4.979470] thunderbolt 0000:00:0d.2: using firmware connection manager
[    4.979471] thunderbolt 0000:00:0d.2: NHI initialized, starting thunderbolt
[    4.979472] thunderbolt 0000:00:0d.2: control channel starting...
[    4.979474] thunderbolt 0000:00:0d.2: starting TX ring 0
[    4.979477] thunderbolt 0000:00:0d.2: enabling interrupt at register 0x38200 bit 0 (0x0 -> 0x1)
[    4.979480] thunderbolt 0000:00:0d.2: starting RX ring 0
[    4.979483] thunderbolt 0000:00:0d.2: enabling interrupt at register 0x38200 bit 12 (0x1 -> 0x1001)
[    4.980262] intel_rapl_common: Found RAPL domain package
[    4.983438] thunderbolt 0000:00:0d.2: USB4 proxy operations supported
[    4.983441] thunderbolt 0000:00:0d.2: security level set to none
[    4.990145] thunderbolt 0000:00:0d.2: current switch config:
[    4.990147] thunderbolt 0000:00:0d.2:  USB4 Switch: 8087:9a1f (Revision: 4, TB Version: 32)
[    4.990149] thunderbolt 0000:00:0d.2:   Max Port Number: 13
[    4.990149] thunderbolt 0000:00:0d.2:   Config:
[    4.990150] thunderbolt 0000:00:0d.2:    Upstream Port Number: 7 Depth: 0 Route String: 0x0 Enabled: 1, PlugEventsDelay: 10ms
[    4.990151] thunderbolt 0000:00:0d.2:    unknown1: 0x0 unknown4: 0x0
[    4.994373] intel-lpss 0000:00:15.0: enabling device (0000 -> 0002)
[    4.994878] idma64 idma64.0: Found Intel integrated DMA 64-bit
[    5.053352] i2c_designware i2c_designware.0: using ACPI '\_SB.PC00.I2C0' for 'scl' GPIO lookup
[    5.053356] acpi device:8d: GPIO: looking up scl-gpios
[    5.053357] acpi device:8d: GPIO: looking up scl-gpio
[    5.053358] i2c_designware i2c_designware.0: using lookup tables for GPIO lookup
[    5.053359] i2c_designware i2c_designware.0: No GPIO consumer scl found
[    5.068447] mei_me 0000:00:16.0: enabling device (0000 -> 0002)
[    5.070333] intel-lpss 0000:00:15.1: enabling device (0000 -> 0002)
[    5.070708] idma64 idma64.1: Found Intel integrated DMA 64-bit
[    5.072715] thunderbolt 0000:00:0d.2: 0: uid: 0xe7ce07b0808759a3
[    5.111742] thunderbolt 0000:00:0d.2:  Port 1: 8086:9a1f (Revision: 4, TB Version: 1, Type: Port (0x1))
[    5.111746] thunderbolt 0000:00:0d.2:   Max hop id (in/out): 19/19
[    5.111747] thunderbolt 0000:00:0d.2:   Max counters: 16
[    5.111748] thunderbolt 0000:00:0d.2:   NFC Credits: 0x83c00000
[    5.111749] thunderbolt 0000:00:0d.2:   Credits (total/control): 60/2
[    5.136649] i2c_designware i2c_designware.1: using ACPI '\_SB.PC00.I2C1' for 'scl' GPIO lookup
[    5.136653] acpi device:8e: GPIO: looking up scl-gpios
[    5.136654] acpi device:8e: GPIO: looking up scl-gpio
[    5.136655] i2c_designware i2c_designware.1: using lookup tables for GPIO lookup
[    5.136656] i2c_designware i2c_designware.1: No GPIO consumer scl found
[    5.151525] thunderbolt 0000:00:0d.2:  Port 2: 8086:9a1f (Revision: 4, TB Version: 1, Type: Port (0x1))
[    5.151529] thunderbolt 0000:00:0d.2:   Max hop id (in/out): 19/19
[    5.151530] thunderbolt 0000:00:0d.2:   Max counters: 16
[    5.151531] thunderbolt 0000:00:0d.2:   NFC Credits: 0x83c00000
[    5.151532] thunderbolt 0000:00:0d.2:   Credits (total/control): 60/2
[    5.153123] i801_smbus 0000:00:1f.4: enabling device (0000 -> 0003)
[    5.153268] i801_smbus 0000:00:1f.4: SPD Write Disable is set
[    5.153330] i801_smbus 0000:00:1f.4: SMBus using PCI interrupt
[    5.153654] intel-lpss 0000:00:15.2: enabling device (0000 -> 0002)
[    5.154013] idma64 idma64.2: Found Intel integrated DMA 64-bit
[    5.191382] thunderbolt 0000:00:0d.2:  Port 3: 8086:9a1f (Revision: 4, TB Version: 1, Type: Port (0x1))
[    5.191385] thunderbolt 0000:00:0d.2:   Max hop id (in/out): 19/19
[    5.191386] thunderbolt 0000:00:0d.2:   Max counters: 16
[    5.191387] thunderbolt 0000:00:0d.2:   NFC Credits: 0x83c00000
[    5.191388] thunderbolt 0000:00:0d.2:   Credits (total/control): 60/2
[    5.231146] thunderbolt 0000:00:0d.2:  Port 4: 8086:9a1f (Revision: 4, TB Version: 1, Type: Port (0x1))
[    5.231149] thunderbolt 0000:00:0d.2:   Max hop id (in/out): 19/19
[    5.231150] thunderbolt 0000:00:0d.2:   Max counters: 16
[    5.231150] thunderbolt 0000:00:0d.2:   NFC Credits: 0x83c00000
