[    0.000000] Linux version 6.1.0-b9_eb67d239f3aa+ (root@xpf.sh.intel.com) (gcc (GCC) 8.5.0 20210514 (Red Hat 8.5.0-18), GNU ld version 2.36.1-2.el8) #15 SMP PREEMPT_DYNAMIC Thu Apr  6 15:31:54 CST 2023
[    0.000000] Command line: BOOT_IMAGE=(hd0,gpt2)/boot/vmlinuz-6.1.0-b9_eb67d239f3aa+ root=UUID=77b5d696-7bf5-4a06-bfd3-6fd24ec0d8f7 ro crashkernel=auto resume=/dev/mapper/cs-swap rd.lvm.lv=cs/swap rhgb quiet log_buf_len=4M thunderbolt.dyndbg
[    0.000000] KERNEL supported cpus:
[    0.000000]   Intel GenuineIntel
[    0.000000]   AMD AuthenticAMD
[    0.000000]   Hygon HygonGenuine
[    0.000000]   Centaur CentaurHauls
[    0.000000]   zhaoxin   Shanghai  
[    0.000000] x86/split lock detection: #AC: crashing the kernel on kernel split_locks and warning on user-space split_locks
[    0.000000] x86/fpu: Supporting XSAVE feature 0x001: 'x87 floating point registers'
[    0.000000] x86/fpu: Supporting XSAVE feature 0x002: 'SSE registers'
[    0.000000] x86/fpu: Supporting XSAVE feature 0x004: 'AVX registers'
[    0.000000] x86/fpu: Supporting XSAVE feature 0x020: 'AVX-512 opmask'
[    0.000000] x86/fpu: Supporting XSAVE feature 0x040: 'AVX-512 Hi256'
[    0.000000] x86/fpu: Supporting XSAVE feature 0x080: 'AVX-512 ZMM_Hi256'
[    0.000000] x86/fpu: Supporting XSAVE feature 0x200: 'Protection Keys User registers'
[    0.000000] x86/fpu: xstate_offset[2]:  576, xstate_sizes[2]:  256
[    0.000000] x86/fpu: xstate_offset[5]:  832, xstate_sizes[5]:   64
[    0.000000] x86/fpu: xstate_offset[6]:  896, xstate_sizes[6]:  512
[    0.000000] x86/fpu: xstate_offset[7]: 1408, xstate_sizes[7]: 1024
[    0.000000] x86/fpu: xstate_offset[9]: 2432, xstate_sizes[9]:    8
[    0.000000] x86/fpu: Enabled xstate features 0x2e7, context size is 2440 bytes, using 'compacted' format.
[    0.000000] signal: max sigframe size: 3632
[    0.000000] BIOS-provided physical RAM map:
[    0.000000] BIOS-e820: [mem 0x0000000000000000-0x000000000009efff] usable
[    0.000000] BIOS-e820: [mem 0x000000000009f000-0x00000000000fffff] reserved
[    0.000000] BIOS-e820: [mem 0x0000000000100000-0x00000000416dbfff] usable
[    0.000000] BIOS-e820: [mem 0x00000000416dc000-0x0000000044a47fff] reserved
[    0.000000] BIOS-e820: [mem 0x0000000044a48000-0x0000000044b32fff] ACPI NVS
[    0.000000] BIOS-e820: [mem 0x0000000044b33000-0x0000000044bfefff] ACPI data
[    0.000000] BIOS-e820: [mem 0x0000000044bff000-0x0000000044bfffff] usable
[    0.000000] BIOS-e820: [mem 0x0000000044c00000-0x0000000048ffffff] reserved
[    0.000000] BIOS-e820: [mem 0x0000000049400000-0x00000000495fffff] reserved
[    0.000000] BIOS-e820: [mem 0x000000004a200000-0x00000000503fffff] reserved
[    0.000000] BIOS-e820: [mem 0x00000000c0000000-0x00000000cfffffff] reserved
[    0.000000] BIOS-e820: [mem 0x00000000fed20000-0x00000000fed7ffff] reserved
[    0.000000] BIOS-e820: [mem 0x00000000ff400000-0x00000000ffffffff] reserved
[    0.000000] BIOS-e820: [mem 0x0000000100000000-0x00000008afbfffff] usable
[    0.000000] NX (Execute Disable) protection: active
[    0.000000] efi: EFI v2.70 by Intel
[    0.000000] efi: ACPI=0x44bfe000 ACPI 2.0=0x44bfe014 TPMFinalLog=0x44a98000 SMBIOS=0x417b1000 MEMATTR=0x3dbc7418 ESRT=0x3d8fe718 RNG=0x44b51018 TPMEventLog=0x3dbb6018 
[    0.000000] random: crng init done
[    0.000000] efi: Remove mem248: MMIO range=[0xc0000000-0xcfffffff] (256MB) from e820 map
[    0.000000] e820: remove [mem 0xc0000000-0xcfffffff] reserved
[    0.000000] efi: Remove mem250: MMIO range=[0xff400000-0xffffffff] (12MB) from e820 map
[    0.000000] e820: remove [mem 0xff400000-0xffffffff] reserved
[    0.000000] SMBIOS 3.2 present.
[    0.000000] DMI: Intel Corporation Tiger Lake Client Platform/TigerLake H DDR4 SODIMM RVP, BIOS TGLSFWI1.R00.4043.A00.2101202035 01/20/2021
[    0.000000] tsc: Detected 3100.000 MHz processor
[    0.000000] tsc: Detected 3110.400 MHz TSC
[    0.000004] e820: update [mem 0x00000000-0x00000fff] usable ==> reserved
[    0.000006] e820: remove [mem 0x000a0000-0x000fffff] usable
[    0.000010] last_pfn = 0x8afc00 max_arch_pfn = 0x400000000
[    0.000013] x86/PAT: Configuration [0-7]: WB  WC  UC- UC  WB  WP  UC- WT  
[    0.000492] last_pfn = 0x44c00 max_arch_pfn = 0x400000000
[    0.007425] esrt: Reserving ESRT space from 0x000000003d8fe718 to 0x000000003d8fe868.
[    0.007433] e820: update [mem 0x3d8fe000-0x3d8fefff] usable ==> reserved
[    0.007463] Using GB pages for direct mapping
[    0.009132] printk: log_buf_len: 4194304 bytes
[    0.009133] printk: early log buf free: 258016(98%)
[    0.009134] Secure boot disabled
[    0.009134] RAMDISK: [mem 0x26673000-0x297f6fff]
[    0.009137] ACPI: Early table checksum verification disabled
[    0.009141] ACPI: RSDP 0x0000000044BFE014 000024 (v02 INTEL )
[    0.009144] ACPI: XSDT 0x0000000044B59188 000104 (v01 INTEL  TGL-ULT  00000002      01000013)
[    0.009149] ACPI: FACP 0x0000000044BEF000 000114 (v06 INTEL  TGL-ULT  00000002      01000013)
[    0.009153] ACPI: DSDT 0x0000000044B80000 06BB01 (v02 INTEL  TGL-ULT  00000002      01000013)
[    0.009155] ACPI: FACS 0x0000000044A83000 000040
[    0.009157] ACPI: SSDT 0x0000000044BFA000 002576 (v02 CpuRef CpuSsdt  00003000 INTL 20191018)
[    0.009159] ACPI: SSDT 0x0000000044BF4000 005926 (v02 DptfTb DptfTabl 00001000 INTL 20191018)
[    0.009161] ACPI: SSDT 0x0000000044BF3000 00060E (v02 INTEL  Tpm2Tabl 00001000 INTL 20191018)
[    0.009163] ACPI: TPM2 0x0000000044BF2000 00004C (v04 INTEL  TGL-ULT  00000002      01000013)
[    0.009165] ACPI: SSDT 0x0000000044BF1000 0005D4 (v02 Intel  PerfTune 00001000 INTL 20191018)
[    0.009167] ACPI: ECDT 0x0000000044BF0000 000069 (v01 INTEL  TGL-ULT  00000002      01000013)
[    0.009169] ACPI: HPET 0x0000000044BEE000 000038 (v01 INTEL  TGL-ULT  00000002      01000013)
[    0.009171] ACPI: APIC 0x0000000044BED000 00012C (v04 INTEL  TGL-ULT  00000002      01000013)
[    0.009173] ACPI: MCFG 0x0000000044BEC000 00003C (v01 INTEL  TGL-ULT  00000002      01000013)
[    0.009175] ACPI: SSDT 0x0000000044B78000 007E05 (v02 INTEL  TglH_Rvp 00001000 INTL 20191018)
[    0.009177] ACPI: SSDT 0x0000000044B77000 000E94 (v02 INTEL  Ther_Rvp 00001000 INTL 20191018)
[    0.009179] ACPI: NHLT 0x0000000044B75000 001871 (v00 INTEL  TGL-ULT  00000002      01000013)
[    0.009181] ACPI: SSDT 0x0000000044B71000 003D7A (v02 SaSsdt SaSsdt   00003000 INTL 20191018)
[    0.009183] ACPI: SSDT 0x0000000044B6D000 0034DF (v02 INTEL  IgfxSsdt 00003000 INTL 20191018)
[    0.009185] ACPI: SSDT 0x0000000044B61000 00BD15 (v02 INTEL  TcssSsdt 00001000 INTL 20191018)
[    0.009187] ACPI: LPIT 0x0000000044B60000 0000CC (v01 INTEL  TGL-ULT  00000002      01000013)
[    0.009189] ACPI: WSMT 0x0000000044B5F000 000028 (v01 INTEL  TGL-ULT  00000002      01000013)
[    0.009191] ACPI: SSDT 0x0000000044B5C000 002720 (v02 INTEL  PtidDevc 00001000 INTL 20191018)
[    0.009194] ACPI: SSDT 0x0000000044B5B000 00012A (v02 INTEL  TbtTypeC 00000000 INTL 20191018)
[    0.009196] ACPI: DBGP 0x0000000044B5A000 000034 (v01 INTEL  TGL-ULT  00000002      01000013)
[    0.009198] ACPI: DBG2 0x0000000044BFD000 000054 (v00 INTEL  TGL-ULT  00000002      01000013)
[    0.009200] ACPI: SSDT 0x0000000044B57000 0015FC (v02 INTEL  UsbCTabl 00001000 INTL 20191018)
[    0.009202] ACPI: DMAR 0x0000000044B56000 0000E8 (v02 INTEL  ICL      00000002      01000013)
[    0.009204] ACPI: SSDT 0x0000000044B55000 000B02 (v02 INTEL  xh_thdd4 00000000 INTL 20191018)
[    0.009206] ACPI: SSDT 0x0000000044B54000 000144 (v02 Intel  ADebTabl 00001000 INTL 20191018)
[    0.009208] ACPI: PTDT 0x0000000044B53000 000D44 (v00 INTEL  TGL-ULT  00000005 MSFT 0100000D)
[    0.009210] ACPI: FPDT 0x0000000044B52000 000044 (v01 INTEL  TGL-ULT  00000002      01000013)
[    0.009212] ACPI: Reserving FACP table memory at [mem 0x44bef000-0x44bef113]
[    0.009213] ACPI: Reserving DSDT table memory at [mem 0x44b80000-0x44bebb00]
[    0.009214] ACPI: Reserving FACS table memory at [mem 0x44a83000-0x44a8303f]
[    0.009214] ACPI: Reserving SSDT table memory at [mem 0x44bfa000-0x44bfc575]
[    0.009215] ACPI: Reserving SSDT table memory at [mem 0x44bf4000-0x44bf9925]
[    0.009215] ACPI: Reserving SSDT table memory at [mem 0x44bf3000-0x44bf360d]
[    0.009216] ACPI: Reserving TPM2 table memory at [mem 0x44bf2000-0x44bf204b]
[    0.009216] ACPI: Reserving SSDT table memory at [mem 0x44bf1000-0x44bf15d3]
[    0.009217] ACPI: Reserving ECDT table memory at [mem 0x44bf0000-0x44bf0068]
[    0.009217] ACPI: Reserving HPET table memory at [mem 0x44bee000-0x44bee037]
[    0.009218] ACPI: Reserving APIC table memory at [mem 0x44bed000-0x44bed12b]
[    0.009218] ACPI: Reserving MCFG table memory at [mem 0x44bec000-0x44bec03b]
[    0.009219] ACPI: Reserving SSDT table memory at [mem 0x44b78000-0x44b7fe04]
[    0.009219] ACPI: Reserving SSDT table memory at [mem 0x44b77000-0x44b77e93]
[    0.009220] ACPI: Reserving NHLT table memory at [mem 0x44b75000-0x44b76870]
[    0.009220] ACPI: Reserving SSDT table memory at [mem 0x44b71000-0x44b74d79]
[    0.009221] ACPI: Reserving SSDT table memory at [mem 0x44b6d000-0x44b704de]
[    0.009221] ACPI: Reserving SSDT table memory at [mem 0x44b61000-0x44b6cd14]
[    0.009222] ACPI: Reserving LPIT table memory at [mem 0x44b60000-0x44b600cb]
[    0.009222] ACPI: Reserving WSMT table memory at [mem 0x44b5f000-0x44b5f027]
[    0.009223] ACPI: Reserving SSDT table memory at [mem 0x44b5c000-0x44b5e71f]
[    0.009223] ACPI: Reserving SSDT table memory at [mem 0x44b5b000-0x44b5b129]
[    0.009224] ACPI: Reserving DBGP table memory at [mem 0x44b5a000-0x44b5a033]
[    0.009224] ACPI: Reserving DBG2 table memory at [mem 0x44bfd000-0x44bfd053]
[    0.009225] ACPI: Reserving SSDT table memory at [mem 0x44b57000-0x44b585fb]
[    0.009226] ACPI: Reserving DMAR table memory at [mem 0x44b56000-0x44b560e7]
[    0.009226] ACPI: Reserving SSDT table memory at [mem 0x44b55000-0x44b55b01]
[    0.009227] ACPI: Reserving SSDT table memory at [mem 0x44b54000-0x44b54143]
[    0.009227] ACPI: Reserving PTDT table memory at [mem 0x44b53000-0x44b53d43]
[    0.009228] ACPI: Reserving FPDT table memory at [mem 0x44b52000-0x44b52043]
[    0.009565] No NUMA configuration found
[    0.009566] Faking a node at [mem 0x0000000000000000-0x00000008afbfffff]
[    0.009574] NODE_DATA(0) allocated [mem 0x8ae9d5000-0x8ae9fffff]
[    0.009688] crashkernel: memory value expected
[    0.009724] Zone ranges:
[    0.009725]   DMA      [mem 0x0000000000001000-0x0000000000ffffff]
[    0.009726]   DMA32    [mem 0x0000000001000000-0x00000000ffffffff]
[    0.009727]   Normal   [mem 0x0000000100000000-0x00000008afbfffff]
[    0.009728]   Device   empty
[    0.009729] Movable zone start for each node
[    0.009731] Early memory node ranges
[    0.009731]   node   0: [mem 0x0000000000001000-0x000000000009efff]
[    0.009732]   node   0: [mem 0x0000000000100000-0x00000000416dbfff]
[    0.009732]   node   0: [mem 0x0000000044bff000-0x0000000044bfffff]
[    0.009733]   node   0: [mem 0x0000000100000000-0x00000008afbfffff]
[    0.009736] Initmem setup node 0 [mem 0x0000000000001000-0x00000008afbfffff]
[    0.009739] On node 0, zone DMA: 1 pages in unavailable ranges
[    0.009756] On node 0, zone DMA: 97 pages in unavailable ranges
[    0.011014] On node 0, zone DMA32: 13603 pages in unavailable ranges
[    0.044588] On node 0, zone Normal: 13312 pages in unavailable ranges
[    0.044594] On node 0, zone Normal: 1024 pages in unavailable ranges
[    0.044636] Reserving Intel graphics memory at [mem 0x4c800000-0x503fffff]
[    0.045713] ACPI: PM-Timer IO Port: 0x1808
[    0.045720] ACPI: LAPIC_NMI (acpi_id[0x01] high edge lint[0x1])
[    0.045721] ACPI: LAPIC_NMI (acpi_id[0x02] high edge lint[0x1])
[    0.045721] ACPI: LAPIC_NMI (acpi_id[0x03] high edge lint[0x1])
[    0.045722] ACPI: LAPIC_NMI (acpi_id[0x04] high edge lint[0x1])
[    0.045722] ACPI: LAPIC_NMI (acpi_id[0x05] high edge lint[0x1])
[    0.045723] ACPI: LAPIC_NMI (acpi_id[0x06] high edge lint[0x1])
[    0.045723] ACPI: LAPIC_NMI (acpi_id[0x07] high edge lint[0x1])
[    0.045724] ACPI: LAPIC_NMI (acpi_id[0x08] high edge lint[0x1])
[    0.045724] ACPI: LAPIC_NMI (acpi_id[0x09] high edge lint[0x1])
[    0.045724] ACPI: LAPIC_NMI (acpi_id[0x0a] high edge lint[0x1])
[    0.045725] ACPI: LAPIC_NMI (acpi_id[0x0b] high edge lint[0x1])
[    0.045725] ACPI: LAPIC_NMI (acpi_id[0x0c] high edge lint[0x1])
[    0.045726] ACPI: LAPIC_NMI (acpi_id[0x0d] high edge lint[0x1])
[    0.045726] ACPI: LAPIC_NMI (acpi_id[0x0e] high edge lint[0x1])
[    0.045726] ACPI: LAPIC_NMI (acpi_id[0x0f] high edge lint[0x1])
[    0.045727] ACPI: LAPIC_NMI (acpi_id[0x10] high edge lint[0x1])
[    0.045782] IOAPIC[0]: apic_id 2, version 32, address 0xfec00000, GSI 0-119
[    0.045785] ACPI: INT_SRC_OVR (bus 0 bus_irq 0 global_irq 2 dfl dfl)
[    0.045786] ACPI: INT_SRC_OVR (bus 0 bus_irq 9 global_irq 9 high level)
[    0.045789] ACPI: Using ACPI (MADT) for SMP configuration information
[    0.045790] ACPI: HPET id: 0x8086a201 base: 0xfed00000
[    0.045795] TSC deadline timer available
[    0.045796] smpboot: Allowing 16 CPUs, 0 hotplug CPUs
[    0.045819] PM: hibernation: Registered nosave memory: [mem 0x00000000-0x00000fff]
[    0.045821] PM: hibernation: Registered nosave memory: [mem 0x0009f000-0x000fffff]
[    0.045823] PM: hibernation: Registered nosave memory: [mem 0x3d8fe000-0x3d8fefff]
[    0.045825] PM: hibernation: Registered nosave memory: [mem 0x416dc000-0x44a47fff]
[    0.045825] PM: hibernation: Registered nosave memory: [mem 0x44a48000-0x44b32fff]
[    0.045826] PM: hibernation: Registered nosave memory: [mem 0x44b33000-0x44bfefff]
[    0.045827] PM: hibernation: Registered nosave memory: [mem 0x44c00000-0x48ffffff]
[    0.045828] PM: hibernation: Registered nosave memory: [mem 0x49000000-0x493fffff]
[    0.045828] PM: hibernation: Registered nosave memory: [mem 0x49400000-0x495fffff]
[    0.045829] PM: hibernation: Registered nosave memory: [mem 0x49600000-0x4a1fffff]
[    0.045829] PM: hibernation: Registered nosave memory: [mem 0x4a200000-0x503fffff]
[    0.045829] PM: hibernation: Registered nosave memory: [mem 0x50400000-0xfed1ffff]
[    0.045830] PM: hibernation: Registered nosave memory: [mem 0xfed20000-0xfed7ffff]
[    0.045830] PM: hibernation: Registered nosave memory: [mem 0xfed80000-0xffffffff]
[    0.045832] [mem 0x50400000-0xfed1ffff] available for PCI devices
[    0.045833] Booting paravirtualized kernel on bare hardware
[    0.045836] clocksource: refined-jiffies: mask: 0xffffffff max_cycles: 0xffffffff, max_idle_ns: 7645519600211568 ns
[    0.045841] setup_percpu: NR_CPUS:8192 nr_cpumask_bits:16 nr_cpu_ids:16 nr_node_ids:1
[    0.046185] percpu: Embedded 62 pages/cpu s217088 r8192 d28672 u262144
[    0.046192] pcpu-alloc: s217088 r8192 d28672 u262144 alloc=1*2097152
[    0.046194] pcpu-alloc: [0] 00 01 02 03 04 05 06 07 [0] 08 09 10 11 12 13 14 15 
[    0.046226] Fallback order for Node 0: 0 
[    0.046229] Built 1 zonelists, mobility grouping on.  Total pages: 8197521
[    0.046230] Policy zone: Normal
[    0.046231] Kernel command line: BOOT_IMAGE=(hd0,gpt2)/boot/vmlinuz-6.1.0-b9_eb67d239f3aa+ root=UUID=77b5d696-7bf5-4a06-bfd3-6fd24ec0d8f7 ro crashkernel=auto resume=/dev/mapper/cs-swap rd.lvm.lv=cs/swap rhgb quiet log_buf_len=4M thunderbolt.dyndbg
[    0.046339] Unknown kernel command line parameters "rhgb BOOT_IMAGE=(hd0,gpt2)/boot/vmlinuz-6.1.0-b9_eb67d239f3aa+", will be passed to user space.
[    0.047435] Dentry cache hash table entries: 4194304 (order: 13, 33554432 bytes, linear)
[    0.047982] Inode-cache hash table entries: 2097152 (order: 12, 16777216 bytes, linear)
[    0.048115] mem auto-init: stack:off, heap alloc:off, heap free:off
[    0.048129] software IO TLB: area num 16.
[    0.097926] Memory: 32479804K/33311212K available (20480K kernel code, 3651K rwdata, 8584K rodata, 4812K init, 9776K bss, 831148K reserved, 0K cma-reserved)
[    0.098818] SLUB: HWalign=64, Order=0-3, MinObjects=0, CPUs=16, Nodes=1
[    0.098819] kmemleak: Kernel memory leak detector disabled
[    0.098828] ftrace: allocating 62684 entries in 245 pages
[    0.106681] ftrace: allocated 245 pages with 6 groups
[    0.107484] Dynamic Preempt: voluntary
[    0.107512] rcu: Preemptible hierarchical RCU implementation.
[    0.107513] rcu:     RCU restricting CPUs from NR_CPUS=8192 to nr_cpu_ids=16.
[    0.107514]  Trampoline variant of Tasks RCU enabled.
[    0.107514]  Rude variant of Tasks RCU enabled.
[    0.107514]  Tracing variant of Tasks RCU enabled.
[    0.107515] rcu: RCU calculated value of scheduler-enlistment delay is 25 jiffies.
[    0.107515] rcu: Adjusting geometry for rcu_fanout_leaf=16, nr_cpu_ids=16
[    0.110491] NR_IRQS: 524544, nr_irqs: 2184, preallocated irqs: 16
[    0.110810] rcu: srcu_init: Setting srcu_struct sizes based on contention.
[    0.111044] Console: colour dummy device 80x25
[    0.111045] printk: console [tty0] enabled
[    0.111070] ACPI: Core revision 20221020
[    0.111325] hpet: HPET dysfunctional in PC10. Force disabled.
[    0.111326] APIC: Switch to symmetric I/O mode setup
[    0.111328] DMAR: Host address width 39
[    0.111329] DMAR: DRHD base: 0x000000fed90000 flags: 0x0
[    0.111333] DMAR: dmar0: reg_base_addr fed90000 ver 4:0 cap 1c0000c40660462 ecap 29a00f0505e
[    0.111335] DMAR: DRHD base: 0x000000fed84000 flags: 0x0
[    0.111350] DMAR: dmar1: reg_base_addr fed84000 ver 1:0 cap d2008c40660462 ecap f050da
[    0.111351] DMAR: DRHD base: 0x000000fed85000 flags: 0x0
[    0.111354] DMAR: dmar2: reg_base_addr fed85000 ver 1:0 cap d2008c40660462 ecap f050da
[    0.111356] DMAR: DRHD base: 0x000000fed86000 flags: 0x0
[    0.111359] DMAR: dmar3: reg_base_addr fed86000 ver 1:0 cap d2008c40660462 ecap f050da
[    0.111360] DMAR: DRHD base: 0x000000fed87000 flags: 0x0
[    0.111363] DMAR: dmar4: reg_base_addr fed87000 ver 1:0 cap d2008c40660462 ecap f050da
[    0.111365] DMAR: DRHD base: 0x000000fed91000 flags: 0x1
[    0.111369] DMAR: dmar5: reg_base_addr fed91000 ver 1:0 cap d2008c40660462 ecap f050da
[    0.111371] DMAR: RMRR base: 0x0000004c000000 end: 0x000000503fffff
[    0.111373] DMAR-IR: IOAPIC id 2 under DRHD base  0xfed91000 IOMMU 5
[    0.111374] DMAR-IR: HPET id 0 under DRHD base 0xfed91000
[    0.111374] DMAR-IR: Queued invalidation will be enabled to support x2apic and Intr-remapping.
[    0.113588] DMAR-IR: Enabled IRQ remapping in x2apic mode
[    0.113590] x2apic enabled
[    0.113640] Switched APIC routing to cluster x2apic.
[    0.118091] clocksource: tsc-early: mask: 0xffffffffffffffff max_cycles: 0x2cd5a8bb032, max_idle_ns: 440795365915 ns
[    0.118098] Calibrating delay loop (skipped), value calculated using timer frequency.. 6220.80 BogoMIPS (lpj=12441600)
[    0.118100] pid_max: default: 32768 minimum: 301
[    0.120061] LSM: initializing lsm=capability,yama,integrity
[    0.120065] Yama: becoming mindful.
[    0.120135] Mount-cache hash table entries: 65536 (order: 7, 524288 bytes, linear)
[    0.120180] Mountpoint-cache hash table entries: 65536 (order: 7, 524288 bytes, linear)
[    0.120353] x86/tme: not enabled by BIOS
[    0.120360] CPU0: Thermal monitoring enabled (TM1)
[    0.120361] x86/cpu: User Mode Instruction Prevention (UMIP) activated
[    0.120459] process: using mwait in idle threads
[    0.120460] CET detected: Indirect Branch Tracking enabled
[    0.120461] Last level iTLB entries: 4KB 0, 2MB 0, 4MB 0
[    0.120462] Last level dTLB entries: 4KB 0, 2MB 0, 4MB 0, 1GB 0
[    0.120465] Spectre V1 : Mitigation: usercopy/swapgs barriers and __user pointer sanitization
[    0.120466] Spectre V2 : WARNING: Unprivileged eBPF is enabled with eIBRS on, data leaks possible via Spectre v2 BHB attacks!
[    0.120470] Spectre V2 : Mitigation: Enhanced IBRS
[    0.120471] Spectre V2 : Spectre v2 / SpectreRSB mitigation: Filling RSB on context switch
[    0.120471] Spectre V2 : Spectre v2 / PBRSB-eIBRS: Retire a single CALL on VMEXIT
[    0.120472] Spectre V2 : mitigation: Enabling conditional Indirect Branch Prediction Barrier
[    0.120473] Speculative Store Bypass: Mitigation: Speculative Store Bypass disabled via prctl
[    0.122094] Freeing SMP alternatives memory: 52K
[    0.122094] smpboot: CPU0: Genuine Intel(R) CPU 0000 @ 2.20GHz (family: 0x6, model: 0x8d, stepping: 0x0)
[    0.122094] cblist_init_generic: Setting adjustable number of callback queues.
[    0.122094] cblist_init_generic: Setting shift to 4 and lim to 1.
[    0.122094] cblist_init_generic: Setting shift to 4 and lim to 1.
[    0.122094] cblist_init_generic: Setting shift to 4 and lim to 1.
[    0.122094] Performance Events: PEBS fmt4+-baseline,  AnyThread deprecated, Icelake events, 32-deep LBR, full-width counters, Intel PMU driver.
[    0.122094] ... version:                5
[    0.122094] ... bit width:              48
[    0.122094] ... generic registers:      8
[    0.122094] ... value mask:             0000ffffffffffff
[    0.122094] ... max period:             00007fffffffffff
[    0.122094] ... fixed-purpose events:   4
[    0.122094] ... event mask:             0001000f000000ff
[    0.122094] Estimated ratio of average max frequency by base frequency (times 1024): 1420
[    0.122094] rcu: Hierarchical SRCU implementation.
[    0.122094] rcu:     Max phase no-delay instances is 1000.
[    0.122094] NMI watchdog: Enabled. Permanently consumes one hw-PMU counter.
[    0.122094] smp: Bringing up secondary CPUs ...
[    0.122094] x86: Booting SMP configuration:
[    0.122094] .... node  #0, CPUs:        #1  #2  #3  #4  #5  #6  #7  #8  #9 #10 #11 #12 #13 #14 #15
[    0.143751] smp: Brought up 1 node, 16 CPUs
[    0.143751] smpboot: Max logical packages: 1
[    0.143751] smpboot: Total of 16 processors activated (99532.80 BogoMIPS)
[    0.147118] devtmpfs: initialized
[    0.147118] x86/mm: Memory block size: 128MB
[    0.147855] ACPI: PM: Registering ACPI NVS region [mem 0x44a48000-0x44b32fff] (962560 bytes)
[    0.147855] clocksource: jiffies: mask: 0xffffffff max_cycles: 0xffffffff, max_idle_ns: 7645041785100000 ns
[    0.147855] futex hash table entries: 4096 (order: 6, 262144 bytes, linear)
[    0.147855] pinctrl core: initialized pinctrl subsystem

[    0.147855] *************************************************************
[    0.147855] **     NOTICE NOTICE NOTICE NOTICE NOTICE NOTICE NOTICE    **
[    0.147855] **                                                         **
[    0.147855] **  IOMMU DebugFS SUPPORT HAS BEEN ENABLED IN THIS KERNEL  **
[    0.147855] **                                                         **
[    0.147855] ** This means that this kernel is built to expose internal **
[    0.147855] ** IOMMU data structures, which may compromise security on **
[    0.147855] ** your system.                                            **
[    0.147855] **                                                         **
[    0.147855] ** If you see this message and you are not debugging the   **
[    0.147855] ** kernel, report this immediately to your vendor!         **
[    0.147855] **                                                         **
[    0.147855] **     NOTICE NOTICE NOTICE NOTICE NOTICE NOTICE NOTICE    **
[    0.147855] *************************************************************
[    0.147855] PM: RTC time: 15:33:15, date: 2023-04-06
[    0.147855] NET: Registered PF_NETLINK/PF_ROUTE protocol family
[    0.150142] DMA: preallocated 4096 KiB GFP_KERNEL pool for atomic allocations
[    0.150150] DMA: preallocated 4096 KiB GFP_KERNEL|GFP_DMA pool for atomic allocations
[    0.150156] DMA: preallocated 4096 KiB GFP_KERNEL|GFP_DMA32 pool for atomic allocations
[    0.150164] audit: initializing netlink subsys (disabled)
[    0.150169] audit: type=2000 audit(1680795195.032:1): state=initialized audit_enabled=0 res=1
[    0.150182] thermal_sys: Registered thermal governor 'fair_share'
[    0.150183] thermal_sys: Registered thermal governor 'bang_bang'
[    0.150184] thermal_sys: Registered thermal governor 'step_wise'
[    0.150184] thermal_sys: Registered thermal governor 'user_space'
[    0.150193] cpuidle: using governor ladder
[    0.150195] cpuidle: using governor menu
[    0.150233] acpiphp: ACPI Hot Plug PCI Controller Driver version: 0.5
[    0.150233] PCI: MMCONFIG for domain 0000 [bus 00-ff] at [mem 0xc0000000-0xcfffffff] (base 0xc0000000)
[    0.150233] PCI: not using MMCONFIG
[    0.150233] PCI: Using configuration type 1 for base access
[    0.150479] ENERGY_PERF_BIAS: Set to 'normal', was 'performance'
[    0.150486] kprobes: kprobe jump-optimization is enabled. All kprobes are optimized if possible.
[    0.150486] HugeTLB: registered 1.00 GiB page size, pre-allocated 0 pages
[    0.150486] HugeTLB: 16380 KiB vmemmap can be freed for a 1.00 GiB page
[    0.150486] HugeTLB: registered 2.00 MiB page size, pre-allocated 0 pages
[    0.150486] HugeTLB: 28 KiB vmemmap can be freed for a 2.00 MiB page
[    0.150486] ACPI: Added _OSI(Module Device)
[    0.150486] ACPI: Added _OSI(Processor Device)
[    0.150486] ACPI: Added _OSI(3.0 _SCP Extensions)
[    0.150486] ACPI: Added _OSI(Processor Aggregator Device)
[    0.222175] ACPI: 15 ACPI AML tables successfully acquired and loaded
[    0.223594] ACPI: EC: EC started
[    0.223595] ACPI: EC: interrupt blocked
[    0.372118] ACPI: EC: EC_CMD/EC_SC=0x66, EC_DATA=0x62
[    0.372120] ACPI: EC: Boot ECDT EC used to handle transactions
[    0.486429] ACPI: Dynamic OEM Table Load:
[    0.486438] ACPI: SSDT 0xFFFF88E582CAD200 0001CB (v02 PmRef  Cpu0Psd  00003000 INTL 20191018)
[    0.487463] ACPI: \_SB_.PR00: _OSC native thermal LVT Acked
[    0.489907] ACPI: Dynamic OEM Table Load:
[    0.489912] ACPI: SSDT 0xFFFF88E582D61000 00047F (v02 PmRef  Cpu0Cst  00003001 INTL 20191018)
[    0.491247] ACPI: Dynamic OEM Table Load:
[    0.491252] ACPI: SSDT 0xFFFF88E582D60000 000626 (v02 PmRef  Cpu0Ist  00003000 INTL 20191018)
[    0.492494] ACPI: Dynamic OEM Table Load:
[    0.492498] ACPI: SSDT 0xFFFF88E581BD9000 00028B (v02 PmRef  Cpu0Hwp  00003000 INTL 20191018)
[    0.493812] ACPI: Dynamic OEM Table Load:
[    0.493817] ACPI: SSDT 0xFFFF88E581BE2000 0008E7 (v02 PmRef  ApIst    00003000 INTL 20191018)
[    0.495126] ACPI: Dynamic OEM Table Load:
[    0.495131] ACPI: SSDT 0xFFFF88E582D64000 00048A (v02 PmRef  ApHwp    00003000 INTL 20191018)
[    0.496326] ACPI: Dynamic OEM Table Load:
[    0.496330] ACPI: SSDT 0xFFFF88E582D62000 0004D4 (v02 PmRef  ApPsd    00003000 INTL 20191018)
[    0.497512] ACPI: Dynamic OEM Table Load:
[    0.497516] ACPI: SSDT 0xFFFF88E582D65000 00048A (v02 PmRef  ApCst    00003000 INTL 20191018)
[    0.505213] ACPI: Interpreter enabled
[    0.505259] ACPI: PM: (supports S0 S3 S4 S5)
[    0.505260] ACPI: Using IOAPIC for interrupt routing
[    0.505295] PCI: MMCONFIG for domain 0000 [bus 00-ff] at [mem 0xc0000000-0xcfffffff] (base 0xc0000000)
[    0.508174] PCI: MMCONFIG at [mem 0xc0000000-0xcfffffff] reserved in ACPI motherboard resources
[    0.508183] PCI: Using host bridge windows from ACPI; if necessary, use "pci=nocrs" and report a bug
[    0.508184] PCI: Using E820 reservations for host bridge windows
[    0.510318] ACPI: Enabled 8 GPEs in block 00 to 7F
[    0.511671] ACPI: \_SB_.PC00.PEG0.PXP_: New power resource
[    0.630750] ACPI: \_SB_.PC00.PEG1.PXP_: New power resource
[    0.632665] ACPI: \_SB_.PC00.PEG2.PXP_: New power resource
[    0.634583] ACPI: \_SB_.PC00.PEG3.PXP_: New power resource
[    0.647473] ACPI: \_SB_.PC00.RP01.PXP_: New power resource
[    0.650926] ACPI: \_SB_.PC00.RP09.PXP_: New power resource
[    0.654468] ACPI: \_SB_.PC00.RP17.PXP_: New power resource
[    0.656970] ACPI: \_SB_.PC00.RP21.PXP_: New power resource
[    0.659031] ACPI: \_SB_.PC00.SAT0.VOL0.V0PR: New power resource
[    0.659415] ACPI: \_SB_.PC00.SAT0.VOL1.V1PR: New power resource
[    0.659794] ACPI: \_SB_.PC00.SAT0.VOL2.V2PR: New power resource
[    0.669702] ACPI: \_SB_.PC00.CNVW.WRST: New power resource
[    0.672795] ACPI: \_SB_.PC00.TBT0: New power resource
[    0.673084] ACPI: \_SB_.PC00.TBT1: New power resource
[    0.673369] ACPI: \_SB_.PC00.D3C_: New power resource
[    1.174586] ACPI: \_TZ_.FN00: New power resource
[    1.174643] ACPI: \_TZ_.FN01: New power resource
[    1.174695] ACPI: \_TZ_.FN02: New power resource
[    1.174746] ACPI: \_TZ_.FN03: New power resource
[    1.174797] ACPI: \_TZ_.FN04: New power resource
[    1.175307] ACPI: \PIN_: New power resource
[    1.175592] ACPI: PCI Root Bridge [PC00] (domain 0000 [bus 00-fe])
[    1.175597] acpi PNP0A08:00: _OSC: OS supports [ExtendedConfig ASPM ClockPM Segments MSI EDR HPX-Type3]
[    1.177300] acpi PNP0A08:00: _OSC: platform does not support [AER]
[    1.180633] acpi PNP0A08:00: _OSC: OS now controls [PCIeHotplug SHPCHotplug PME PCIeCapability LTR DPC]
[    1.185079] PCI host bridge to bus 0000:00
[    1.185080] pci_bus 0000:00: root bus resource [io  0x0000-0x0cf7 window]
[    1.185082] pci_bus 0000:00: root bus resource [io  0x0d00-0xffff window]
[    1.185083] pci_bus 0000:00: root bus resource [mem 0x000a0000-0x000bffff window]
[    1.185084] pci_bus 0000:00: root bus resource [mem 0x50400000-0xbfffffff window]
[    1.185085] pci_bus 0000:00: root bus resource [mem 0x4000000000-0x7fffffffff window]
[    1.185086] pci_bus 0000:00: root bus resource [bus 00-fe]
[    1.187757] pci 0000:00:00.0: [8086:9a36] type 00 class 0x060000
[    1.187897] pci 0000:00:02.0: [8086:9a60] type 00 class 0x030000
[    1.187905] pci 0000:00:02.0: reg 0x10: [mem 0x607c000000-0x607cffffff 64bit]
[    1.187911] pci 0000:00:02.0: reg 0x18: [mem 0x4000000000-0x400fffffff 64bit pref]
[    1.187914] pci 0000:00:02.0: reg 0x20: [io  0x3000-0x303f]
[    1.187928] pci 0000:00:02.0: DMAR: Skip IOMMU disabling for graphics
[    1.187931] pci 0000:00:02.0: Video device with shadowed ROM at [mem 0x000c0000-0x000dffff]
[    1.187958] pci 0000:00:02.0: reg 0x344: [mem 0x00000000-0x00ffffff 64bit]
[    1.187959] pci 0000:00:02.0: VF(n) BAR0 space: [mem 0x00000000-0x06ffffff 64bit] (contains BAR0 for 7 VFs)
[    1.187963] pci 0000:00:02.0: reg 0x34c: [mem 0x00000000-0x1fffffff 64bit pref]
[    1.187964] pci 0000:00:02.0: VF(n) BAR2 space: [mem 0x00000000-0xdfffffff 64bit pref] (contains BAR2 for 7 VFs)
[    1.188111] pci 0000:00:04.0: [8086:9a03] type 00 class 0x118000
[    1.188128] pci 0000:00:04.0: reg 0x10: [mem 0x607d180000-0x607d19ffff 64bit]
[    1.188435] pci 0000:00:06.0: [8086:9a0f] type 01 class 0x060400
[    1.188521] pci 0000:00:06.0: PME# supported from D0 D3hot D3cold
[    1.188559] pci 0000:00:06.0: PTM enabled (root), 4ns granularity
[    1.190418] pci 0000:00:07.0: [8086:9a2b] type 01 class 0x060400
[    1.190463] pci 0000:00:07.0: Overriding RP PIO Log Size to 4
[    1.190499] pci 0000:00:07.0: PME# supported from D0 D3hot D3cold
[    1.192416] pci 0000:00:07.1: [8086:9a2d] type 01 class 0x060400
[    1.192460] pci 0000:00:07.1: Overriding RP PIO Log Size to 4
[    1.192496] pci 0000:00:07.1: PME# supported from D0 D3hot D3cold
[    1.194411] pci 0000:00:07.2: [8086:9a2f] type 01 class 0x060400
[    1.194456] pci 0000:00:07.2: Overriding RP PIO Log Size to 4
[    1.194492] pci 0000:00:07.2: PME# supported from D0 D3hot D3cold
[    1.196400] pci 0000:00:07.3: [8086:9a31] type 01 class 0x060400
[    1.196445] pci 0000:00:07.3: Overriding RP PIO Log Size to 4
[    1.196481] pci 0000:00:07.3: PME# supported from D0 D3hot D3cold
[    1.198428] pci 0000:00:08.0: [8086:9a11] type 00 class 0x088000
[    1.198436] pci 0000:00:08.0: reg 0x10: [mem 0x607d1ed000-0x607d1edfff 64bit]
[    1.198542] pci 0000:00:0a.0: [8086:9a0d] type 00 class 0x118000
[    1.198550] pci 0000:00:0a.0: reg 0x10: [mem 0x607d1d0000-0x607d1d7fff 64bit]
[    1.198571] pci 0000:00:0a.0: enabling Extended Tags
[    1.198683] pci 0000:00:0d.0: [8086:9a17] type 00 class 0x0c0330
[    1.198695] pci 0000:00:0d.0: reg 0x10: [mem 0x607d1c0000-0x607d1cffff 64bit]
[    1.198746] pci 0000:00:0d.0: PME# supported from D3hot D3cold
[    1.200564] pci 0000:00:0d.2: [8086:9a1f] type 00 class 0x0c0340
[    1.200576] pci 0000:00:0d.2: reg 0x10: [mem 0x607d140000-0x607d17ffff 64bit]
[    1.200584] pci 0000:00:0d.2: reg 0x18: [mem 0x607d1ec000-0x607d1ecfff 64bit]
[    1.200621] pci 0000:00:0d.2: supports D1 D2
[    1.200622] pci 0000:00:0d.2: PME# supported from D0 D1 D2 D3hot D3cold
[    1.200749] pci 0000:00:0d.3: [8086:9a21] type 00 class 0x0c0340
[    1.200761] pci 0000:00:0d.3: reg 0x10: [mem 0x607d100000-0x607d13ffff 64bit]
[    1.200770] pci 0000:00:0d.3: reg 0x18: [mem 0x607d1eb000-0x607d1ebfff 64bit]
[    1.200805] pci 0000:00:0d.3: supports D1 D2
[    1.200806] pci 0000:00:0d.3: PME# supported from D0 D1 D2 D3hot D3cold
[    1.201007] pci 0000:00:12.0: [8086:43fc] type 00 class 0x070000
[    1.201027] pci 0000:00:12.0: reg 0x10: [mem 0x607d1b0000-0x607d1bffff 64bit]
[    1.201096] pci 0000:00:12.0: PME# supported from D0 D3hot
[    1.203152] pci 0000:00:14.0: [8086:43ed] type 00 class 0x0c0330
[    1.203170] pci 0000:00:14.0: reg 0x10: [mem 0x607d1a0000-0x607d1affff 64bit]
[    1.203246] pci 0000:00:14.0: PME# supported from D3hot D3cold
[    1.205075] pci 0000:00:14.2: [8086:43ef] type 00 class 0x050000
[    1.205094] pci 0000:00:14.2: reg 0x10: [mem 0x607d1dc000-0x607d1dffff 64bit]
[    1.205107] pci 0000:00:14.2: reg 0x18: [mem 0x607d1ea000-0x607d1eafff 64bit]
[    1.205346] pci 0000:00:15.0: [8086:43e8] type 00 class 0x0c8000
[    1.205373] pci 0000:00:15.0: reg 0x10: [mem 0x00000000-0x00000fff 64bit]
[    1.205837] pci 0000:00:15.1: [8086:43e9] type 00 class 0x0c8000
[    1.205867] pci 0000:00:15.1: reg 0x10: [mem 0x00000000-0x00000fff 64bit]
[    1.206342] pci 0000:00:15.2: [8086:43ea] type 00 class 0x0c8000
[    1.206372] pci 0000:00:15.2: reg 0x10: [mem 0x00000000-0x00000fff 64bit]
[    1.206839] pci 0000:00:15.3: [8086:43eb] type 00 class 0x0c8000
[    1.206867] pci 0000:00:15.3: reg 0x10: [mem 0x00000000-0x00000fff 64bit]
[    1.207269] pci 0000:00:16.0: [8086:43e0] type 00 class 0x078000
[    1.207291] pci 0000:00:16.0: reg 0x10: [mem 0x607d1e5000-0x607d1e5fff 64bit]
[    1.207372] pci 0000:00:16.0: PME# supported from D3hot
[    1.209433] pci 0000:00:17.0: [8086:43d2] type 00 class 0x010601
[    1.209449] pci 0000:00:17.0: reg 0x10: [mem 0x8a320000-0x8a321fff]
[    1.209459] pci 0000:00:17.0: reg 0x14: [mem 0x8a324000-0x8a3240ff]
[    1.209469] pci 0000:00:17.0: reg 0x18: [io  0x3080-0x3087]
[    1.209479] pci 0000:00:17.0: reg 0x1c: [io  0x3088-0x308b]
[    1.209489] pci 0000:00:17.0: reg 0x20: [io  0x3060-0x307f]
[    1.209499] pci 0000:00:17.0: reg 0x24: [mem 0x8a323000-0x8a3237ff]
[    1.209545] pci 0000:00:17.0: PME# supported from D3hot
[    1.210146] pci 0000:00:19.0: [8086:43ad] type 00 class 0x0c8000
[    1.210176] pci 0000:00:19.0: reg 0x10: [mem 0x00000000-0x00000fff 64bit]
[    1.210689] pci 0000:00:19.1: [8086:43ae] type 00 class 0x0c8000
[    1.210719] pci 0000:00:19.1: reg 0x10: [mem 0x00000000-0x00000fff 64bit]
[    1.211230] pci 0000:00:1e.0: [8086:43a8] type 00 class 0x078000
[    1.211260] pci 0000:00:1e.0: reg 0x10: [mem 0x00000000-0x00000fff 64bit]
[    1.211768] pci 0000:00:1e.3: [8086:43ab] type 00 class 0x0c8000
[    1.211794] pci 0000:00:1e.3: reg 0x10: [mem 0x00000000-0x00000fff 64bit]
[    1.212193] pci 0000:00:1f.0: [8086:438a] type 00 class 0x060100
[    1.212555] pci 0000:00:1f.3: [8086:43c8] type 00 class 0x040100
[    1.212595] pci 0000:00:1f.3: reg 0x10: [mem 0x607d1d8000-0x607d1dbfff 64bit]
[    1.212647] pci 0000:00:1f.3: reg 0x20: [mem 0x607d000000-0x607d0fffff 64bit]
[    1.212747] pci 0000:00:1f.3: PME# supported from D3hot D3cold
[    1.216443] pci 0000:00:1f.4: [8086:43a3] type 00 class 0x0c0500
[    1.216464] pci 0000:00:1f.4: reg 0x10: [mem 0x607d1e0000-0x607d1e00ff 64bit]
[    1.216486] pci 0000:00:1f.4: reg 0x20: [io  0xefa0-0xefbf]
[    1.216712] pci 0000:00:1f.5: [8086:43a4] type 00 class 0x0c8000
[    1.216730] pci 0000:00:1f.5: reg 0x10: [mem 0xfe010000-0xfe010fff]
[    1.216741] pci 0000:00:1f.5: reg 0x14: [mem 0x52000000-0x53ffffff]
[    1.216902] pci 0000:00:1f.6: [8086:15fa] type 00 class 0x020000
[    1.216936] pci 0000:00:1f.6: reg 0x10: [mem 0x8a300000-0x8a31ffff]
[    1.217112] pci 0000:00:1f.6: PME# supported from D0 D3hot D3cold
[    1.217892] pci 0000:01:00.0: [1987:5016] type 00 class 0x010802
[    1.217905] pci 0000:01:00.0: reg 0x10: [mem 0x8a200000-0x8a203fff 64bit]
[    1.218155] pci 0000:00:06.0: PCI bridge to [bus 01]
[    1.218158] pci 0000:00:06.0:   bridge window [mem 0x8a200000-0x8a2fffff]
[    1.218195] pci 0000:00:07.0: PCI bridge to [bus 02-2b]
[    1.218199] pci 0000:00:07.0:   bridge window [mem 0x7e000000-0x8a1fffff]
[    1.218203] pci 0000:00:07.0:   bridge window [mem 0x6000000000-0x601bffffff 64bit pref]
[    1.218238] pci 0000:00:07.1: PCI bridge to [bus 2c-55]
[    1.218242] pci 0000:00:07.1:   bridge window [mem 0x70000000-0x7c1fffff]
[    1.218246] pci 0000:00:07.1:   bridge window [mem 0x6020000000-0x603bffffff 64bit pref]
[    1.218279] pci 0000:00:07.2: PCI bridge to [bus 56-7f]
[    1.218283] pci 0000:00:07.2:   bridge window [mem 0x62000000-0x6e1fffff]
[    1.218287] pci 0000:00:07.2:   bridge window [mem 0x6040000000-0x605bffffff 64bit pref]
[    1.218320] pci 0000:00:07.3: PCI bridge to [bus 80-a9]
[    1.218324] pci 0000:00:07.3:   bridge window [mem 0x54000000-0x601fffff]
[    1.218328] pci 0000:00:07.3:   bridge window [mem 0x6060000000-0x607bffffff 64bit pref]
[    1.249795] Low-power S0 idle used by default for system suspend
[    1.264113] ACPI: EC: interrupt unblocked
[    1.264114] ACPI: EC: event unblocked
[    1.264132] ACPI: EC: EC_CMD/EC_SC=0x66, EC_DATA=0x62
[    1.264133] ACPI: EC: GPE=0x6e
[    1.264134] ACPI: \_SB_.PC00.LPCB.H_EC: Boot ECDT EC initialization complete
[    1.264136] ACPI: \_SB_.PC00.LPCB.H_EC: EC: Used to handle transactions and events
[    1.264205] iommu: Default domain type: Translated 
[    1.264205] iommu: DMA domain TLB invalidation policy: lazy mode 
[    1.264205] SCSI subsystem initialized
[    1.264205] libata version 3.00 loaded.
[    1.264205] ACPI: bus type USB registered
[    1.264205] usbcore: registered new interface driver usbfs
[    1.264205] usbcore: registered new interface driver hub
[    1.264205] usbcore: registered new device driver usb
[    1.264205] pps_core: LinuxPPS API ver. 1 registered
[    1.264205] pps_core: Software ver. 5.3.6 - Copyright 2005-2007 Rodolfo Giometti <giometti@linux.it>
[    1.264205] PTP clock support registered
[    1.264205] EDAC MC: Ver: 3.0.0
[    1.264205] EDAC DEBUG: edac_mc_sysfs_init: device mc created
[    1.264205] Registered efivars operations
[    1.266283] NetLabel: Initializing
[    1.266287] NetLabel:  domain hash size = 128
[    1.266288] NetLabel:  protocols = UNLABELED CIPSOv4 CALIPSO
[    1.266300] NetLabel:  unlabeled traffic allowed by default
[    1.266314] PCI: Using ACPI for IRQ routing
[    1.274143] PCI: pci_cache_line_size set to 64 bytes
[    1.274808] pci 0000:00:1f.5: can't claim BAR 0 [mem 0xfe010000-0xfe010fff]: no compatible bridge window
[    1.275491] e820: reserve RAM buffer [mem 0x0009f000-0x0009ffff]
[    1.275492] e820: reserve RAM buffer [mem 0x3d8fe000-0x3fffffff]
[    1.275493] e820: reserve RAM buffer [mem 0x416dc000-0x43ffffff]
[    1.275494] e820: reserve RAM buffer [mem 0x44c00000-0x47ffffff]
[    1.275494] e820: reserve RAM buffer [mem 0x8afc00000-0x8afffffff]
[    1.278103] pci 0000:00:02.0: vgaarb: setting as boot VGA device
[    1.278104] pci 0000:00:02.0: vgaarb: bridge control possible
[    1.278105] pci 0000:00:02.0: vgaarb: VGA device added: decodes=io+mem,owns=io+mem,locks=none
[    1.278111] vgaarb: loaded
[    1.278320] clocksource: Switched to clocksource tsc-early
[    1.286701] VFS: Disk quotas dquot_6.6.0
[    1.286711] VFS: Dquot-cache hash table entries: 512 (order 0, 4096 bytes)
[    1.286743] pnp: PnP ACPI init
[    1.287565] system 00:00: [io  0x06a4] has been reserved
[    1.287566] system 00:00: [io  0x06a0] has been reserved
[    1.287803] system 00:01: [io  0x0680-0x069f] has been reserved
[    1.287805] system 00:01: [io  0x164e-0x164f] has been reserved
[    1.287905] system 00:02: [io  0x1854-0x1857] has been reserved
[    1.290848] pnp 00:05: disabling [mem 0xc0000000-0xcfffffff] because it overlaps 0000:00:02.0 BAR 9 [mem 0x00000000-0xdfffffff 64bit pref]
[    1.290851] pnp 00:05: disabling [mem 0x423ff000-0x4240efff] because it overlaps 0000:00:02.0 BAR 9 [mem 0x00000000-0xdfffffff 64bit pref]
[    1.290875] system 00:05: [mem 0xfedc0000-0xfedc7fff] has been reserved
[    1.290876] system 00:05: [mem 0xfeda0000-0xfeda0fff] has been reserved
[    1.290878] system 00:05: [mem 0xfeda1000-0xfeda1fff] has been reserved
[    1.290879] system 00:05: [mem 0xfed20000-0xfed7ffff] could not be reserved
[    1.290880] system 00:05: [mem 0xfed90000-0xfed93fff] could not be reserved
[    1.290881] system 00:05: [mem 0xfed45000-0xfed8ffff] could not be reserved
[    1.290882] system 00:05: [mem 0xfee00000-0xfeefffff] has been reserved
[    1.294018] system 00:06: [io  0x1800-0x18fe] could not be reserved
[    1.294019] system 00:06: [mem 0xfe000000-0xfe01ffff] has been reserved
[    1.294020] system 00:06: [mem 0xfe04c000-0xfe04ffff] has been reserved
[    1.294021] system 00:06: [mem 0xfe050000-0xfe0affff] has been reserved
[    1.294022] system 00:06: [mem 0xfe0d0000-0xfe0fffff] has been reserved
[    1.294023] system 00:06: [mem 0xfe200000-0xfe7fffff] has been reserved
[    1.294024] system 00:06: [mem 0xff000000-0xffffffff] has been reserved
[    1.294025] system 00:06: [mem 0xfd000000-0xfd68ffff] has been reserved
[    1.294025] system 00:06: [mem 0xfd6c0000-0xfd6cffff] has been reserved
[    1.294026] system 00:06: [mem 0xfd6f0000-0xfdffffff] has been reserved
[    1.294294] system 00:07: [io  0x2000-0x20fe] has been reserved
[    1.294532] pnp 00:09: disabling [mem 0x00000000-0x0009cfff] because it overlaps 0000:00:02.0 BAR 7 [mem 0x00000000-0x06ffffff 64bit]
[    1.294534] pnp 00:09: disabling [mem 0x00000000-0x0009cfff disabled] because it overlaps 0000:00:02.0 BAR 9 [mem 0x00000000-0xdfffffff 64bit pref]
[    1.294793] pnp: PnP ACPI: found 10 devices
[    1.300113] clocksource: acpi_pm: mask: 0xffffff max_cycles: 0xffffff, max_idle_ns: 2085701024 ns
[    1.300152] NET: Registered PF_INET protocol family
[    1.300332] IP idents hash table entries: 262144 (order: 9, 2097152 bytes, linear)
[    1.302275] tcp_listen_portaddr_hash hash table entries: 16384 (order: 6, 262144 bytes, linear)
[    1.302300] Table-perturb hash table entries: 65536 (order: 6, 262144 bytes, linear)
[    1.302311] TCP established hash table entries: 262144 (order: 9, 2097152 bytes, linear)
[    1.302500] TCP bind hash table entries: 65536 (order: 9, 2097152 bytes, linear)
[    1.302668] TCP: Hash tables configured (established 262144 bind 65536)
[    1.302700] UDP hash table entries: 16384 (order: 7, 524288 bytes, linear)
[    1.302738] UDP-Lite hash table entries: 16384 (order: 7, 524288 bytes, linear)
[    1.302803] NET: Registered PF_UNIX/PF_LOCAL protocol family
[    1.302811] pci_bus 0000:00: max bus depth: 1 pci_try_num: 2
[    1.302820] pci 0000:00:02.0: BAR 9: assigned [mem 0x4020000000-0x40ffffffff 64bit pref]
[    1.302823] pci 0000:00:02.0: BAR 7: assigned [mem 0x4010000000-0x4016ffffff 64bit]
[    1.302825] pci 0000:00:07.0: BAR 13: assigned [io  0x4000-0x4fff]
[    1.302827] pci 0000:00:07.1: BAR 13: assigned [io  0x5000-0x5fff]
[    1.302828] pci 0000:00:07.2: BAR 13: assigned [io  0x6000-0x6fff]
[    1.302829] pci 0000:00:07.3: BAR 13: assigned [io  0x7000-0x7fff]
[    1.302830] pci 0000:00:15.0: BAR 0: assigned [mem 0x4017000000-0x4017000fff 64bit]
[    1.302904] pci 0000:00:15.1: BAR 0: assigned [mem 0x4017001000-0x4017001fff 64bit]
[    1.302918] pci 0000:00:15.2: BAR 0: assigned [mem 0x4017002000-0x4017002fff 64bit]
[    1.302931] pci 0000:00:15.3: BAR 0: assigned [mem 0x4017003000-0x4017003fff 64bit]
[    1.302986] pci 0000:00:19.0: BAR 0: assigned [mem 0x4017004000-0x4017004fff 64bit]
[    1.303001] pci 0000:00:19.1: BAR 0: assigned [mem 0x4017005000-0x4017005fff 64bit]
[    1.303061] pci 0000:00:1e.0: BAR 0: assigned [mem 0x4017006000-0x4017006fff 64bit]
[    1.303074] pci 0000:00:1e.3: BAR 0: assigned [mem 0x4017007000-0x4017007fff 64bit]
[    1.303088] resource: avoiding allocation from e820 entry [mem 0x0009f000-0x000fffff]
[    1.303089] pci 0000:00:1f.5: BAR 0: assigned [mem 0x50400000-0x50400fff]
[    1.303101] pci 0000:00:06.0: PCI bridge to [bus 01]
[    1.303108] pci 0000:00:06.0:   bridge window [mem 0x8a200000-0x8a2fffff]
[    1.303117] pci 0000:00:07.0: PCI bridge to [bus 02-2b]
[    1.303118] pci 0000:00:07.0:   bridge window [io  0x4000-0x4fff]
[    1.303122] pci 0000:00:07.0:   bridge window [mem 0x7e000000-0x8a1fffff]
[    1.303124] pci 0000:00:07.0:   bridge window [mem 0x6000000000-0x601bffffff 64bit pref]
[    1.303128] pci 0000:00:07.1: PCI bridge to [bus 2c-55]
[    1.303130] pci 0000:00:07.1:   bridge window [io  0x5000-0x5fff]
[    1.303133] pci 0000:00:07.1:   bridge window [mem 0x70000000-0x7c1fffff]
[    1.303135] pci 0000:00:07.1:   bridge window [mem 0x6020000000-0x603bffffff 64bit pref]
[    1.303139] pci 0000:00:07.2: PCI bridge to [bus 56-7f]
[    1.303141] pci 0000:00:07.2:   bridge window [io  0x6000-0x6fff]
[    1.303144] pci 0000:00:07.2:   bridge window [mem 0x62000000-0x6e1fffff]
[    1.303146] pci 0000:00:07.2:   bridge window [mem 0x6040000000-0x605bffffff 64bit pref]
[    1.303150] pci 0000:00:07.3: PCI bridge to [bus 80-a9]
[    1.303152] pci 0000:00:07.3:   bridge window [io  0x7000-0x7fff]
[    1.303155] pci 0000:00:07.3:   bridge window [mem 0x54000000-0x601fffff]
[    1.303157] pci 0000:00:07.3:   bridge window [mem 0x6060000000-0x607bffffff 64bit pref]
[    1.303162] pci_bus 0000:00: resource 4 [io  0x0000-0x0cf7 window]
[    1.303163] pci_bus 0000:00: resource 5 [io  0x0d00-0xffff window]
[    1.303164] pci_bus 0000:00: resource 6 [mem 0x000a0000-0x000bffff window]
[    1.303165] pci_bus 0000:00: resource 7 [mem 0x50400000-0xbfffffff window]
[    1.303166] pci_bus 0000:00: resource 8 [mem 0x4000000000-0x7fffffffff window]
[    1.303166] pci_bus 0000:01: resource 1 [mem 0x8a200000-0x8a2fffff]
[    1.303167] pci_bus 0000:02: resource 0 [io  0x4000-0x4fff]
[    1.303168] pci_bus 0000:02: resource 1 [mem 0x7e000000-0x8a1fffff]
[    1.303169] pci_bus 0000:02: resource 2 [mem 0x6000000000-0x601bffffff 64bit pref]
[    1.303170] pci_bus 0000:2c: resource 0 [io  0x5000-0x5fff]
[    1.303170] pci_bus 0000:2c: resource 1 [mem 0x70000000-0x7c1fffff]
[    1.303171] pci_bus 0000:2c: resource 2 [mem 0x6020000000-0x603bffffff 64bit pref]
[    1.303172] pci_bus 0000:56: resource 0 [io  0x6000-0x6fff]
[    1.303172] pci_bus 0000:56: resource 1 [mem 0x62000000-0x6e1fffff]
[    1.303173] pci_bus 0000:56: resource 2 [mem 0x6040000000-0x605bffffff 64bit pref]
[    1.303174] pci_bus 0000:80: resource 0 [io  0x7000-0x7fff]
[    1.303175] pci_bus 0000:80: resource 1 [mem 0x54000000-0x601fffff]
[    1.303175] pci_bus 0000:80: resource 2 [mem 0x6060000000-0x607bffffff 64bit pref]
[    1.303437] pci 0000:00:0d.0: enabling device (0000 -> 0002)
[    1.304419] PCI: CLS 0 bytes, default 64
[    1.304439] DMAR: No ATSR found
[    1.304440] DMAR: No SATC found
[    1.304441] DMAR: IOMMU feature fl1gp_support inconsistent
[    1.304442] DMAR: IOMMU feature pgsel_inv inconsistent
[    1.304443] DMAR: IOMMU feature nwfs inconsistent
[    1.304444] DMAR: IOMMU feature dit inconsistent
[    1.304444] DMAR: IOMMU feature sc_support inconsistent
[    1.304445] DMAR: IOMMU feature dev_iotlb_support inconsistent
[    1.304446] DMAR: dmar4: Using Queued invalidation
[    1.304449] DMAR: dmar3: Using Queued invalidation
[    1.304451] DMAR: dmar2: Using Queued invalidation
[    1.304452] DMAR: dmar1: Using Queued invalidation
[    1.304454] DMAR: dmar0: Using Queued invalidation
[    1.304456] DMAR: dmar5: Using Queued invalidation
[    1.304458] Trying to unpack rootfs image as initramfs...
[    1.304598] pci 0000:00:07.3: Adding to iommu group 0
[    1.304707] pci 0000:00:07.2: Adding to iommu group 1
[    1.304787] pci 0000:00:07.1: Adding to iommu group 2
[    1.304861] pci 0000:00:07.0: Adding to iommu group 3
[    1.304942] pci 0000:00:02.0: Adding to iommu group 4
[    1.305213] pci 0000:00:00.0: Adding to iommu group 5
[    1.305220] pci 0000:00:04.0: Adding to iommu group 6
[    1.305233] pci 0000:00:06.0: Adding to iommu group 7
[    1.305239] pci 0000:00:08.0: Adding to iommu group 8
[    1.305246] pci 0000:00:0a.0: Adding to iommu group 9
[    1.305260] pci 0000:00:0d.0: Adding to iommu group 10
[    1.305266] pci 0000:00:0d.2: Adding to iommu group 10
[    1.305273] pci 0000:00:0d.3: Adding to iommu group 10
[    1.305283] pci 0000:00:12.0: Adding to iommu group 11
[    1.305295] pci 0000:00:14.0: Adding to iommu group 12
[    1.305301] pci 0000:00:14.2: Adding to iommu group 12
[    1.305318] pci 0000:00:15.0: Adding to iommu group 13
[    1.305327] pci 0000:00:15.1: Adding to iommu group 13
[    1.305333] pci 0000:00:15.2: Adding to iommu group 13
[    1.305339] pci 0000:00:15.3: Adding to iommu group 13
[    1.305349] pci 0000:00:16.0: Adding to iommu group 14
[    1.305357] pci 0000:00:17.0: Adding to iommu group 15
[    1.305369] pci 0000:00:19.0: Adding to iommu group 16
[    1.305377] pci 0000:00:19.1: Adding to iommu group 16
[    1.305388] pci 0000:00:1e.0: Adding to iommu group 17
[    1.305396] pci 0000:00:1e.3: Adding to iommu group 17
[    1.305414] pci 0000:00:1f.0: Adding to iommu group 18
[    1.305423] pci 0000:00:1f.3: Adding to iommu group 18
[    1.305431] pci 0000:00:1f.4: Adding to iommu group 18
[    1.305438] pci 0000:00:1f.5: Adding to iommu group 18
[    1.305446] pci 0000:00:1f.6: Adding to iommu group 18
[    1.305457] pci 0000:01:00.0: Adding to iommu group 19
[    1.306496] DMAR: Intel(R) Virtualization Technology for Directed I/O
[    1.306497] PCI-DMA: Using software bounce buffering for IO (SWIOTLB)
[    1.306498] software IO TLB: mapped [mem 0x00000000386dd000-0x000000003c6dd000] (64MB)
[    1.306588] resource sanity check: requesting [mem 0xfedc0000-0xfedcdfff], which spans more than pnp 00:05 [mem 0xfedc0000-0xfedc7fff]
[    1.306591] caller __uncore_imc_init_box+0xc3/0x120 mapping multiple BARs
[    1.306796] clocksource: tsc: mask: 0xffffffffffffffff max_cycles: 0x2cd5a8bb032, max_idle_ns: 440795365915 ns
[    1.306879] clocksource: Switched to clocksource tsc
[    1.306899] platform rtc_cmos: registered platform RTC device (no PNP device found)
[    1.308316] Initialise system trusted keyrings
[    1.308322] Key type blacklist registered
[    1.308356] workingset: timestamp_bits=36 max_order=23 bucket_order=0
[    1.308363] zbud: loaded
[    1.308465] squashfs: version 4.0 (2009/01/31) Phillip Lougher
[    1.308540] fuse: init (API version 7.38)
[    1.308560] SGI XFS with ACLs, security attributes, realtime, quota, no debug enabled
[    1.315554] Key type asymmetric registered
[    1.315555] Asymmetric key parser 'x509' registered
[    1.315564] Block layer SCSI generic (bsg) driver version 0.4 loaded (major 243)
[    1.315601] io scheduler mq-deadline registered
[    1.315607] io scheduler bfq registered
[    1.316076] pcieport 0000:00:06.0: PME: Signaling with IRQ 126
[    1.316273] pcieport 0000:00:07.0: PME: Signaling with IRQ 127
[    1.316289] pcieport 0000:00:07.0: pciehp: Slot #0 AttnBtn- PwrCtrl- MRL- AttnInd- PwrInd- HotPlug+ Surprise+ Interlock- NoCompl+ IbPresDis- LLActRep+
[    1.316500] pcieport 0000:00:07.1: PME: Signaling with IRQ 128
[    1.316517] pcieport 0000:00:07.1: pciehp: Slot #0 AttnBtn- PwrCtrl- MRL- AttnInd- PwrInd- HotPlug+ Surprise+ Interlock- NoCompl+ IbPresDis- LLActRep+
[    1.316718] pcieport 0000:00:07.2: PME: Signaling with IRQ 129
[    1.316741] pcieport 0000:00:07.2: pciehp: Slot #0 AttnBtn- PwrCtrl- MRL- AttnInd- PwrInd- HotPlug+ Surprise+ Interlock- NoCompl+ IbPresDis- LLActRep+
[    1.316942] pcieport 0000:00:07.3: PME: Signaling with IRQ 130
[    1.316957] pcieport 0000:00:07.3: pciehp: Slot #0 AttnBtn- PwrCtrl- MRL- AttnInd- PwrInd- HotPlug+ Surprise+ Interlock- NoCompl+ IbPresDis- LLActRep+
[    1.317055] shpchp: Standard Hot Plug PCI Controller Driver version: 0.4
[    1.317279] Monitor-Mwait will be used to enter C-1 state
[    1.317284] Monitor-Mwait will be used to enter C-2 state
[    1.317288] Monitor-Mwait will be used to enter C-3 state
[    1.317291] ACPI: \_SB_.PR00: Found 3 idle states
[    1.317807] IPMI message handler: version 39.2
[    1.317814] ipmi device interface
[    1.319693] input: Lid Switch as /devices/LNXSYSTM:00/LNXSYBUS:00/PNP0A08:00/device:1d/PNP0C09:00/PNP0C0D:00/input/input0
[    1.319705] ACPI: button: Lid Switch [LID0]
[    1.319733] input: Power Button as /devices/LNXSYSTM:00/LNXSYBUS:00/PNP0C0C:00/input/input1
[    1.319873] ACPI: button: Power Button [PWRB]
[    1.319887] input: Sleep Button as /devices/LNXSYSTM:00/LNXSYBUS:00/PNP0C0E:00/input/input2
[    1.319898] ACPI: button: Sleep Button [SLPB]
[    1.330245] thermal LNXTHERM:00: registered as thermal_zone0
[    1.330247] ACPI: thermal: Thermal Zone [TZ00] (39 C)
[    1.330294] ERST DBG: ERST support is disabled.
[    1.330503] ACPI: battery: Slot [BAT0] (battery present)
[    1.330547] ACPI: battery: Slot [BAT1] (battery absent)
[    1.330587] ACPI: battery: Slot [BAT2] (battery absent)
[    1.330601] Serial: 8250/16550 driver, 32 ports, IRQ sharing enabled
[    1.330621] serial 00:03: GPIO lookup for consumer rs485-term
[    1.330623] serial 00:03: using ACPI for GPIO lookup
[    1.330624] acpi PNP0501:05: GPIO: looking up rs485-term-gpios
[    1.330625] acpi PNP0501:05: GPIO: looking up rs485-term-gpio
[    1.330626] serial 00:03: using lookup tables for GPIO lookup
[    1.330627] serial 00:03: No GPIO consumer rs485-term found
[    1.331310] 00:03: ttyS0 at I/O 0x3f8 (irq = 4, base_baud = 115200) is a 16550A
[    1.337892] serial 0000:00:12.0: enabling device (0000 -> 0002)
[    1.338240] hpet_acpi_add: no address or irqs in _CRS
[    1.338265] Linux agpgart interface v0.103
[    1.338297] acpi INTC6000:00: GPIO: looking up 0 in _CRS
[    1.345762] ACPI: bus type drm_connector registered
[    1.351861] i915 0000:00:02.0: [drm] VT-d active for gfx access
[    1.351863] i915 0000:00:02.0: vgaarb: deactivate vga console
[    1.351908] i915 0000:00:02.0: [drm] Using Transparent Hugepages
[    1.358696] i915 0000:00:02.0: vgaarb: changed VGA decodes: olddecodes=io+mem,decodes=io+mem:owns=io+mem
[    1.779513] Freeing initrd memory: 50704K
[    1.779553] i915 0000:00:02.0: Direct firmware load for i915/tgl_dmc_ver2_12.bin failed with error -2
[    1.779558] i915 0000:00:02.0: [drm] Failed to load DMC firmware i915/tgl_dmc_ver2_12.bin. Disabling runtime power management.
[    1.779559] i915 0000:00:02.0: [drm] DMC firmware homepage: https://git.kernel.org/pub/scm/linux/kernel/git/firmware/linux-firmware.git/tree/i915
[    2.030787] i915 0000:00:02.0: [drm] [ENCODER:307:DDI A/PHY A] failed to retrieve link info, disabling eDP
[    2.189641] [drm] Initialized i915 1.6.0 20201103 for 0000:00:02.0 on minor 0
[    2.191866] ACPI: video: Video Device [GFX0] (multi-head: yes  rom: no  post: no)
[    2.192066] input: Video Bus as /devices/LNXSYSTM:00/LNXSYBUS:00/PNP0A08:00/LNXVIDEO:00/input/input3
[    2.192686] i915 0000:00:02.0: [drm] Cannot find any crtc or sizes
[    2.193130] i915 0000:00:02.0: [drm] Cannot find any crtc or sizes
[    2.193508] i915 0000:00:02.0: [drm] Cannot find any crtc or sizes
[    2.194470] loop: module loaded
[    2.194929] nvme 0000:01:00.0: platform quirk: setting simple suspend
[    2.194968] nvme nvme0: pci function 0000:01:00.0
[    2.195705] ahci 0000:00:17.0: version 3.0
[    2.200611] ahci 0000:00:17.0: AHCI 0001.0301 32 slots 3 ports 6 Gbps 0xd impl SATA mode
[    2.200613] ahci 0000:00:17.0: flags: 64bit ncq sntf pm clo only pio slum part ems deso sadm sds 
[    2.204302] nvme nvme0: Shutdown timeout set to 10 seconds
[    2.205637] nvme nvme0: 8/0/0 default/read/poll queues
[    2.206482] nvme nvme0: Ignoring bogus Namespace Identifiers
[    2.207577]  nvme0n1: p1 p2 p3 p4
[    2.222794] scsi host0: ahci
[    2.223139] scsi host1: ahci
[    2.223504] scsi host2: ahci
[    2.223713] scsi host3: ahci
[    2.223767] ata1: SATA max UDMA/133 abar m2048@0x8a323000 port 0x8a323100 irq 132
[    2.223769] ata2: DUMMY
[    2.223771] ata3: SATA max UDMA/133 abar m2048@0x8a323000 port 0x8a323200 irq 132
[    2.223773] ata4: SATA max UDMA/133 abar m2048@0x8a323000 port 0x8a323280 irq 132
[    2.223915] mdio_bus fixed-0: GPIO lookup for consumer reset
[    2.223916] mdio_bus fixed-0: using lookup tables for GPIO lookup
[    2.223917] mdio_bus fixed-0: No GPIO consumer reset found
[    2.223918] tun: Universal TUN/TAP device driver, 1.6
[    2.224030] igb: Intel(R) Gigabit Ethernet Network Driver
[    2.224030] igb: Copyright (c) 2007-2014 Intel Corporation.
[    2.224037] PPP generic driver version 2.4.2
[    2.224102] VFIO - User Level meta-driver version: 0.3
[    2.224176] xhci_hcd 0000:00:0d.0: xHCI Host Controller
[    2.224180] xhci_hcd 0000:00:0d.0: new USB bus registered, assigned bus number 1
[    2.225288] xhci_hcd 0000:00:0d.0: hcc params 0x20007fc1 hci version 0x120 quirks 0x0000000200009810
[    2.225520] xhci_hcd 0000:00:0d.0: xHCI Host Controller
[    2.225521] xhci_hcd 0000:00:0d.0: new USB bus registered, assigned bus number 2
[    2.225523] xhci_hcd 0000:00:0d.0: Host supports USB 3.1 Enhanced SuperSpeed
[    2.225550] usb usb1: New USB device found, idVendor=1d6b, idProduct=0002, bcdDevice= 6.01
[    2.225552] usb usb1: New USB device strings: Mfr=3, Product=2, SerialNumber=1
[    2.225553] usb usb1: Product: xHCI Host Controller
[    2.225554] usb usb1: Manufacturer: Linux 6.1.0-b9_eb67d239f3aa+ xhci-hcd
[    2.225554] usb usb1: SerialNumber: 0000:00:0d.0
[    2.225635] hub 1-0:1.0: USB hub found
[    2.225643] hub 1-0:1.0: 1 port detected
[    2.225703] usb usb2: New USB device found, idVendor=1d6b, idProduct=0003, bcdDevice= 6.01
[    2.225704] usb usb2: New USB device strings: Mfr=3, Product=2, SerialNumber=1
[    2.225705] usb usb2: Product: xHCI Host Controller
[    2.225706] usb usb2: Manufacturer: Linux 6.1.0-b9_eb67d239f3aa+ xhci-hcd
[    2.225706] usb usb2: SerialNumber: 0000:00:0d.0
[    2.225759] hub 2-0:1.0: USB hub found
[    2.225767] hub 2-0:1.0: 4 ports detected
[    2.227336] xhci_hcd 0000:00:14.0: xHCI Host Controller
[    2.227340] xhci_hcd 0000:00:14.0: new USB bus registered, assigned bus number 3
[    2.228536] xhci_hcd 0000:00:14.0: hcc params 0x20007fc1 hci version 0x120 quirks 0x0000000200009810
[    2.228821] xhci_hcd 0000:00:14.0: xHCI Host Controller
[    2.228823] xhci_hcd 0000:00:14.0: new USB bus registered, assigned bus number 4
[    2.228824] xhci_hcd 0000:00:14.0: Host supports USB 3.2 Enhanced SuperSpeed
[    2.228841] usb usb3: New USB device found, idVendor=1d6b, idProduct=0002, bcdDevice= 6.01
[    2.228842] usb usb3: New USB device strings: Mfr=3, Product=2, SerialNumber=1
[    2.228842] usb usb3: Product: xHCI Host Controller
[    2.228843] usb usb3: Manufacturer: Linux 6.1.0-b9_eb67d239f3aa+ xhci-hcd
[    2.228844] usb usb3: SerialNumber: 0000:00:14.0
[    2.229010] hub 3-0:1.0: USB hub found
[    2.229051] hub 3-0:1.0: 16 ports detected
[    2.231993] usb usb4: New USB device found, idVendor=1d6b, idProduct=0003, bcdDevice= 6.01
[    2.231995] usb usb4: New USB device strings: Mfr=3, Product=2, SerialNumber=1
[    2.231996] usb usb4: Product: xHCI Host Controller
[    2.231997] usb usb4: Manufacturer: Linux 6.1.0-b9_eb67d239f3aa+ xhci-hcd
[    2.231997] usb usb4: SerialNumber: 0000:00:14.0
[    2.232139] hub 4-0:1.0: USB hub found
[    2.232173] hub 4-0:1.0: 6 ports detected
[    2.232569] usb: port power management may be unreliable
[    2.233130] usbcore: registered new interface driver uas
[    2.233137] usbcore: registered new interface driver usb-storage
[    2.233158] i8042: PNP: PS/2 Controller [PNP0303:PS2K] at 0x60,0x64 irq 1
[    2.233160] i8042: PNP: PS/2 appears to have AUX port disabled, if this is incorrect please boot with i8042.nopnp
[    2.233398] i8042: Warning: Keylock active
[    2.233520] serio: i8042 KBD port at 0x60,0x64 irq 1
[    2.233640] mousedev: PS/2 mouse device common for all mice
[    2.233766] rtc_cmos rtc_cmos: RTC can wake from S4
[    2.234722] rtc_cmos rtc_cmos: registered as rtc0
[    2.234918] rtc_cmos rtc_cmos: setting system clock to 2023-04-06T15:33:18 UTC (1680795198)
[    2.234921] rtc_cmos rtc_cmos: GPIO lookup for consumer wp
[    2.234922] rtc_cmos rtc_cmos: using lookup tables for GPIO lookup
[    2.234922] rtc_cmos rtc_cmos: No GPIO consumer wp found
[    2.234930] rtc_cmos rtc_cmos: alarms up to one month, y3k, 114 bytes nvram
[    2.234966] i2c_dev: i2c /dev entries driver
[    2.236276] device-mapper: core: CONFIG_IMA_DISABLE_HTABLE is disabled. Duplicate IMA measurements will not be recorded in the IMA log.
[    2.236286] device-mapper: uevent: version 1.0.3
[    2.236319] device-mapper: ioctl: 4.47.0-ioctl (2022-07-28) initialised: dm-devel@redhat.com
[    2.236323] intel_pstate: Intel P-state driver initializing
[    2.238266] intel_pstate: HWP enabled
[    2.238280] sdhci: Secure Digital Host Controller Interface driver
[    2.238281] sdhci: Copyright(c) Pierre Ossman
[    2.238296] sdhci-pltfm: SDHCI platform and OF driver helper
[    2.238363] ledtrig-cpu: registered to indicate activity on CPUs
[    2.238392] pstore: Registered efi_pstore as persistent store backend
[    2.238813] intel_pmc_core INT33A1:00:  initialized
[    2.238956] drop_monitor: Initializing network drop monitor service
[    2.239016] NET: Registered PF_INET6 protocol family
[    2.242605] Segment Routing with IPv6
[    2.242609] In-situ OAM (IOAM) with IPv6
[    2.242621] NET: Registered PF_PACKET protocol family
[    2.242684] 9pnet: Installing 9P2000 support
[    2.242694] Key type dns_resolver registered
[    2.244340] microcode: Microcode Update Driver: v2.2.
[    2.244344] IPI shorthand broadcast: enabled
[    2.245546] sched_clock: Marking stable (2237249412, 7084968)->(2294701562, -50367182)
[    2.245931] registered taskstats version 1
[    2.246406] Loading compiled-in X.509 certificates
[    2.246462] zswap: loaded using pool lzo/zbud
[    2.248035] Key type .fscrypt registered
[    2.248036] Key type fscrypt-provisioning registered
[    2.248068] pstore: Using crash dump compression: deflate
[    2.249004] Key type trusted registered
[    2.250519] Key type encrypted registered
[    2.250526] ima: Allocated hash algorithm: sha1
[    2.288861] ima: No architecture policies found
[    2.288869] evm: Initialising EVM extended attributes:
[    2.288870] evm: security.selinux
[    2.288870] evm: security.SMACK64
[    2.288871] evm: security.SMACK64EXEC
[    2.288871] evm: security.SMACK64TRANSMUTE
[    2.288872] evm: security.SMACK64MMAP
[    2.288872] evm: security.apparmor
[    2.288872] evm: security.ima
[    2.288873] evm: security.capability
[    2.288873] evm: HMAC attrs: 0x1
[    2.289174] PM:   Magic number: 3:59:588
[    2.289435] RAS: Correctable Errors collector initialized.
[    2.470270] atkbd serio0: Failed to deactivate keyboard on isa0060/serio0
[    2.486160] usb 3-12: new low-speed USB device number 2 using xhci_hcd
[    2.534309] ata1: SATA link down (SStatus 4 SControl 300)
[    2.538193] ata3: SATA link down (SStatus 4 SControl 300)
[    2.538239] ata4: SATA link down (SStatus 4 SControl 300)
[    2.640044] usb 3-12: New USB device found, idVendor=413c, idProduct=2106, bcdDevice= 1.01
[    2.640048] usb 3-12: New USB device strings: Mfr=1, Product=2, SerialNumber=0
[    2.640049] usb 3-12: Product: Dell QuietKey Keyboard
[    2.640050] usb 3-12: Manufacturer: DELL
[    2.762779] usb 4-2: new SuperSpeed USB device number 2 using xhci_hcd
[    2.793138] usb 4-2: New USB device found, idVendor=0b95, idProduct=1790, bcdDevice= 1.00
[    2.793143] usb 4-2: New USB device strings: Mfr=1, Product=2, SerialNumber=3
[    2.793144] usb 4-2: Product: AX88179
[    2.793144] usb 4-2: Manufacturer: ASIX Elec. Corp.
[    2.793145] usb 4-2: SerialNumber: 00000000000F56
[    2.890279] atkbd serio0: Failed to enable keyboard on isa0060/serio0
[    2.890328] input: AT Translated Set 2 keyboard as /devices/platform/i8042/serio0/input/input4
[    2.894374] Freeing unused decrypted memory: 2036K
[    2.894849] Freeing unused kernel image (initmem) memory: 4812K
[    2.906268] Write protecting the kernel read-only data: 30720k
[    2.906712] Freeing unused kernel image (rodata/data gap) memory: 1656K
[    2.912945] x86/mm: Checked W+X mappings: passed, no W+X pages found.
[    2.912951] Run /init as init process
[    2.912952]   with arguments:
[    2.912953]     /init
[    2.912954]     rhgb
[    2.912954]   with environment:
[    2.912955]     HOME=/
[    2.912955]     TERM=linux
[    2.912956]     BOOT_IMAGE=(hd0,gpt2)/boot/vmlinuz-6.1.0-b9_eb67d239f3aa+
[    2.924127] systemd[1]: systemd 239 (239-49.el8) running in system mode. (+PAM +AUDIT +SELINUX +IMA -APPARMOR +SMACK +SYSVINIT +UTMP +LIBCRYPTSETUP +GCRYPT +GNUTLS +ACL +XZ +LZ4 +SECCOMP +BLKID +ELFUTILS +KMOD +IDN2 -IDN +PCRE2 default-hierarchy=legacy)
[    2.924175] systemd[1]: Detected architecture x86-64.
[    2.924176] systemd[1]: Running in initial RAM disk.
[    3.018639] systemd[1]: Set hostname to <p-tglh01.sh.intel.com>.
[    3.060431] systemd[1]: Reached target Local File Systems.
[    3.060494] systemd[1]: Listening on Journal Socket.
[    3.060516] systemd[1]: Listening on udev Kernel Socket.
[    3.198441] systemd[1]: Starting Create Volatile Files and Directories...
[    3.198462] systemd[1]: Reached target Slices.
[    3.198569] systemd[1]: Listening on udev Control Socket.
[    3.442005] tigerlake-pinctrl INT34C6:00: Community0 features: 0x000007
[    3.442082] tigerlake-pinctrl INT34C6:00: Community1 features: 0x00001f
[    3.442191] tigerlake-pinctrl INT34C6:00: Community2 features: 0x000007
[    3.442247] tigerlake-pinctrl INT34C6:00: Community3 features: 0x000027
[    3.442300] tigerlake-pinctrl INT34C6:00: Community4 features: 0x000007
[    3.442315] tigerlake-pinctrl INT34C6:00: try to register 291 pins ...
[    3.442316] pinctrl core: registered pin 0 (SPI0_IO_2) on INT34C6:00
[    3.442318] pinctrl core: registered pin 1 (SPI0_IO_3) on INT34C6:00
[    3.442318] pinctrl core: registered pin 2 (SPI0_MOSI_IO_0) on INT34C6:00
[    3.442319] pinctrl core: registered pin 3 (SPI0_MISO_IO_1) on INT34C6:00
[    3.442319] pinctrl core: registered pin 4 (SPI0_TPM_CSB) on INT34C6:00
[    3.442320] pinctrl core: registered pin 5 (SPI0_FLASH_0_CSB) on INT34C6:00
[    3.442321] pinctrl core: registered pin 6 (SPI0_FLASH_1_CSB) on INT34C6:00
[    3.442321] pinctrl core: registered pin 7 (SPI0_CLK) on INT34C6:00
[    3.442322] pinctrl core: registered pin 8 (ESPI_IO_0) on INT34C6:00
[    3.442322] pinctrl core: registered pin 9 (ESPI_IO_1) on INT34C6:00
[    3.442323] pinctrl core: registered pin 10 (ESPI_IO_2) on INT34C6:00
[    3.442324] pinctrl core: registered pin 11 (ESPI_IO_3) on INT34C6:00
[    3.442324] pinctrl core: registered pin 12 (ESPI_CS0B) on INT34C6:00
[    3.442325] pinctrl core: registered pin 13 (ESPI_CLK) on INT34C6:00
[    3.442326] pinctrl core: registered pin 14 (ESPI_RESETB) on INT34C6:00
[    3.442326] pinctrl core: registered pin 15 (ESPI_CS1B) on INT34C6:00
[    3.442327] pinctrl core: registered pin 16 (ESPI_CS2B) on INT34C6:00
[    3.442328] pinctrl core: registered pin 17 (ESPI_CS3B) on INT34C6:00
[    3.442328] pinctrl core: registered pin 18 (ESPI_ALERT0B) on INT34C6:00
[    3.442329] pinctrl core: registered pin 19 (ESPI_ALERT1B) on INT34C6:00
[    3.442329] pinctrl core: registered pin 20 (ESPI_ALERT2B) on INT34C6:00
[    3.442330] pinctrl core: registered pin 21 (ESPI_ALERT3B) on INT34C6:00
[    3.442331] pinctrl core: registered pin 22 (GPPC_A_14) on INT34C6:00
[    3.442332] pinctrl core: registered pin 23 (SPI0_CLK_LOOPBK) on INT34C6:00
[    3.442332] pinctrl core: registered pin 24 (ESPI_CLK_LOOPBK) on INT34C6:00
[    3.442333] pinctrl core: registered pin 25 (HDA_BCLK) on INT34C6:00
[    3.442333] pinctrl core: registered pin 26 (HDA_SYNC) on INT34C6:00
[    3.442334] pinctrl core: registered pin 27 (HDA_SDO) on INT34C6:00
[    3.442335] pinctrl core: registered pin 28 (HDA_SDI_0) on INT34C6:00
[    3.442335] pinctrl core: registered pin 29 (HDA_RSTB) on INT34C6:00
[    3.442336] pinctrl core: registered pin 30 (HDA_SDI_1) on INT34C6:00
[    3.442336] pinctrl core: registered pin 31 (GPP_R_6) on INT34C6:00
[    3.442337] pinctrl core: registered pin 32 (GPP_R_7) on INT34C6:00
[    3.442338] pinctrl core: registered pin 33 (GPP_R_8) on INT34C6:00
[    3.442338] pinctrl core: registered pin 34 (PCIE_LNK_DOWN) on INT34C6:00
[    3.442339] pinctrl core: registered pin 35 (ISH_UART0_RTSB) on INT34C6:00
[    3.442339] pinctrl core: registered pin 36 (SX_EXIT_HOLDOFFB) on INT34C6:00
[    3.442340] pinctrl core: registered pin 37 (CLKOUT_48) on INT34C6:00
[    3.442341] pinctrl core: registered pin 38 (ISH_GP_7) on INT34C6:00
[    3.442341] pinctrl core: registered pin 39 (ISH_GP_0) on INT34C6:00
[    3.442342] pinctrl core: registered pin 40 (ISH_GP_1) on INT34C6:00
[    3.442342] pinctrl core: registered pin 41 (ISH_GP_2) on INT34C6:00
[    3.442343] pinctrl core: registered pin 42 (ISH_GP_3) on INT34C6:00
[    3.442344] pinctrl core: registered pin 43 (ISH_GP_4) on INT34C6:00
[    3.442344] pinctrl core: registered pin 44 (ISH_GP_5) on INT34C6:00
[    3.442345] pinctrl core: registered pin 45 (GSPI0_CS1B) on INT34C6:00
[    3.442345] pinctrl core: registered pin 46 (GSPI1_CS1B) on INT34C6:00
[    3.442346] pinctrl core: registered pin 47 (VRALERTB) on INT34C6:00
[    3.442346] pinctrl core: registered pin 48 (CPU_GP_2) on INT34C6:00
[    3.442347] pinctrl core: registered pin 49 (CPU_GP_3) on INT34C6:00
[    3.442348] pinctrl core: registered pin 50 (SRCCLKREQB_0) on INT34C6:00
[    3.442348] pinctrl core: registered pin 51 (SRCCLKREQB_1) on INT34C6:00
[    3.442349] pinctrl core: registered pin 52 (SRCCLKREQB_2) on INT34C6:00
[    3.442349] pinctrl core: registered pin 53 (SRCCLKREQB_3) on INT34C6:00
[    3.442350] pinctrl core: registered pin 54 (SRCCLKREQB_4) on INT34C6:00
[    3.442351] pinctrl core: registered pin 55 (SRCCLKREQB_5) on INT34C6:00
[    3.442351] pinctrl core: registered pin 56 (I2S_MCLK) on INT34C6:00
[    3.442352] pinctrl core: registered pin 57 (SLP_S0B) on INT34C6:00
[    3.442352] pinctrl core: registered pin 58 (PLTRSTB) on INT34C6:00
[    3.442353] pinctrl core: registered pin 59 (SPKR) on INT34C6:00
[    3.442353] pinctrl core: registered pin 60 (GSPI0_CS0B) on INT34C6:00
[    3.442354] pinctrl core: registered pin 61 (GSPI0_CLK) on INT34C6:00
[    3.442355] pinctrl core: registered pin 62 (GSPI0_MISO) on INT34C6:00
[    3.442355] pinctrl core: registered pin 63 (GSPI0_MOSI) on INT34C6:00
[    3.442356] pinctrl core: registered pin 64 (GSPI1_CS0B) on INT34C6:00
[    3.442357] pinctrl core: registered pin 65 (GSPI1_CLK) on INT34C6:00
[    3.442357] pinctrl core: registered pin 66 (GSPI1_MISO) on INT34C6:00
[    3.442358] pinctrl core: registered pin 67 (GSPI1_MOSI) on INT34C6:00
[    3.442359] pinctrl core: registered pin 68 (SML1ALERTB) on INT34C6:00
[    3.442359] pinctrl core: registered pin 69 (GSPI0_CLK_LOOPBK) on INT34C6:00
[    3.442360] pinctrl core: registered pin 70 (GSPI1_CLK_LOOPBK) on INT34C6:00
[    3.442360] pinctrl core: registered pin 71 (ESPI_USB_OCB_0) on INT34C6:00
[    3.442361] pinctrl core: registered pin 72 (ESPI_USB_OCB_1) on INT34C6:00
[    3.442362] pinctrl core: registered pin 73 (ESPI_USB_OCB_2) on INT34C6:00
[    3.442362] pinctrl core: registered pin 74 (ESPI_USB_OCB_3) on INT34C6:00
[    3.442363] pinctrl core: registered pin 75 (USB_CPU_OCB_0) on INT34C6:00
[    3.442363] pinctrl core: registered pin 76 (USB_CPU_OCB_1) on INT34C6:00
[    3.442364] pinctrl core: registered pin 77 (USB_CPU_OCB_2) on INT34C6:00
[    3.442365] pinctrl core: registered pin 78 (USB_CPU_OCB_3) on INT34C6:00
[    3.442365] pinctrl core: registered pin 79 (SPI1_CSB) on INT34C6:00
[    3.442366] pinctrl core: registered pin 80 (SPI1_CLK) on INT34C6:00
[    3.442366] pinctrl core: registered pin 81 (SPI1_MISO_IO_1) on INT34C6:00
[    3.442367] pinctrl core: registered pin 82 (SPI1_MOSI_IO_0) on INT34C6:00
[    3.442368] pinctrl core: registered pin 83 (SML1CLK) on INT34C6:00
[    3.442368] pinctrl core: registered pin 84 (I2S2_SFRM) on INT34C6:00
[    3.442369] pinctrl core: registered pin 85 (I2S2_TXD) on INT34C6:00
[    3.442370] pinctrl core: registered pin 86 (I2S2_RXD) on INT34C6:00
[    3.442371] pinctrl core: registered pin 87 (I2S2_SCLK) on INT34C6:00
[    3.442371] pinctrl core: registered pin 88 (SML0CLK) on INT34C6:00
[    3.442372] pinctrl core: registered pin 89 (SML0DATA) on INT34C6:00
[    3.442372] pinctrl core: registered pin 90 (GPP_D_11) on INT34C6:00
[    3.442373] pinctrl core: registered pin 91 (ISH_UART0_CTSB) on INT34C6:00
[    3.442374] pinctrl core: registered pin 92 (SPI1_IO_2) on INT34C6:00
[    3.442374] pinctrl core: registered pin 93 (SPI1_IO_3) on INT34C6:00
[    3.442375] pinctrl core: registered pin 94 (SML1DATA) on INT34C6:00
[    3.442375] pinctrl core: registered pin 95 (GSPI3_CS0B) on INT34C6:00
[    3.442376] pinctrl core: registered pin 96 (GSPI3_CLK) on INT34C6:00
[    3.442377] pinctrl core: registered pin 97 (GSPI3_MISO) on INT34C6:00
[    3.442377] pinctrl core: registered pin 98 (GSPI3_MOSI) on INT34C6:00
[    3.442378] pinctrl core: registered pin 99 (UART3_RXD) on INT34C6:00
[    3.442378] pinctrl core: registered pin 100 (UART3_TXD) on INT34C6:00
[    3.442379] pinctrl core: registered pin 101 (UART3_RTSB) on INT34C6:00
[    3.442379] pinctrl core: registered pin 102 (UART3_CTSB) on INT34C6:00
[    3.442380] pinctrl core: registered pin 103 (SPI1_CLK_LOOPBK) on INT34C6:00
[    3.442381] pinctrl core: registered pin 104 (GSPI3_CLK_LOOPBK) on INT34C6:00
[    3.442381] pinctrl core: registered pin 105 (SMBCLK) on INT34C6:00
[    3.442382] pinctrl core: registered pin 106 (SMBDATA) on INT34C6:00
[    3.442383] pinctrl core: registered pin 107 (SMBALERTB) on INT34C6:00
[    3.442383] pinctrl core: registered pin 108 (ISH_UART0_RXD) on INT34C6:00
[    3.442384] pinctrl core: registered pin 109 (ISH_UART0_TXD) on INT34C6:00
[    3.442384] pinctrl core: registered pin 110 (SML0ALERTB) on INT34C6:00
[    3.442385] pinctrl core: registered pin 111 (ISH_I2C2_SDA) on INT34C6:00
[    3.442385] pinctrl core: registered pin 112 (ISH_I2C2_SCL) on INT34C6:00
[    3.442386] pinctrl core: registered pin 113 (UART0_RXD) on INT34C6:00
[    3.442387] pinctrl core: registered pin 114 (UART0_TXD) on INT34C6:00
[    3.442387] pinctrl core: registered pin 115 (UART0_RTSB) on INT34C6:00
[    3.442388] pinctrl core: registered pin 116 (UART0_CTSB) on INT34C6:00
[    3.442388] pinctrl core: registered pin 117 (UART1_RXD) on INT34C6:00
[    3.442389] pinctrl core: registered pin 118 (UART1_TXD) on INT34C6:00
[    3.442390] pinctrl core: registered pin 119 (UART1_RTSB) on INT34C6:00
[    3.442390] pinctrl core: registered pin 120 (UART1_CTSB) on INT34C6:00
[    3.442391] pinctrl core: registered pin 121 (I2C0_SDA) on INT34C6:00
[    3.442391] pinctrl core: registered pin 122 (I2C0_SCL) on INT34C6:00
[    3.442392] pinctrl core: registered pin 123 (I2C1_SDA) on INT34C6:00
[    3.442392] pinctrl core: registered pin 124 (I2C1_SCL) on INT34C6:00
[    3.442393] pinctrl core: registered pin 125 (UART2_RXD) on INT34C6:00
[    3.442394] pinctrl core: registered pin 126 (UART2_TXD) on INT34C6:00
[    3.442394] pinctrl core: registered pin 127 (UART2_RTSB) on INT34C6:00
[    3.442395] pinctrl core: registered pin 128 (UART2_CTSB) on INT34C6:00
[    3.442396] pinctrl core: registered pin 129 (SNDW1_CLK) on INT34C6:00
[    3.442396] pinctrl core: registered pin 130 (SNDW1_DATA) on INT34C6:00
[    3.442397] pinctrl core: registered pin 131 (SNDW2_CLK) on INT34C6:00
[    3.442398] pinctrl core: registered pin 132 (SNDW2_DATA) on INT34C6:00
[    3.442398] pinctrl core: registered pin 133 (SNDW3_CLK) on INT34C6:00
[    3.442399] pinctrl core: registered pin 134 (SNDW3_DATA) on INT34C6:00
[    3.442399] pinctrl core: registered pin 135 (SNDW4_CLK) on INT34C6:00
[    3.442400] pinctrl core: registered pin 136 (SNDW4_DATA) on INT34C6:00
[    3.442401] pinctrl core: registered pin 137 (DDPA_CTRLCLK) on INT34C6:00
[    3.442401] pinctrl core: registered pin 138 (DDPA_CTRLDATA) on INT34C6:00
[    3.442402] pinctrl core: registered pin 139 (DNX_FORCE_RELOAD) on INT34C6:00
[    3.442402] pinctrl core: registered pin 140 (GMII_MDC_0) on INT34C6:00
[    3.442403] pinctrl core: registered pin 141 (GMII_MDIO_0) on INT34C6:00
[    3.442404] pinctrl core: registered pin 142 (SLP_DRAMB) on INT34C6:00
[    3.442404] pinctrl core: registered pin 143 (GPPC_G_6) on INT34C6:00
[    3.442405] pinctrl core: registered pin 144 (GPPC_G_7) on INT34C6:00
[    3.442405] pinctrl core: registered pin 145 (ISH_SPI_CSB) on INT34C6:00
[    3.442406] pinctrl core: registered pin 146 (ISH_SPI_CLK) on INT34C6:00
[    3.442407] pinctrl core: registered pin 147 (ISH_SPI_MISO) on INT34C6:00
[    3.442407] pinctrl core: registered pin 148 (ISH_SPI_MOSI) on INT34C6:00
[    3.442408] pinctrl core: registered pin 149 (DDP1_CTRLCLK) on INT34C6:00
[    3.442409] pinctrl core: registered pin 150 (DDP1_CTRLDATA) on INT34C6:00
[    3.442409] pinctrl core: registered pin 151 (DDP2_CTRLCLK) on INT34C6:00
[    3.442410] pinctrl core: registered pin 152 (DDP2_CTRLDATA) on INT34C6:00
[    3.442411] pinctrl core: registered pin 153 (GSPI2_CLK_LOOPBK) on INT34C6:00
[    3.442411] pinctrl core: registered pin 154 (CNV_BTEN) on INT34C6:00
[    3.442412] pinctrl core: registered pin 155 (CNV_BT_HOST_WAKEB) on INT34C6:00
[    3.442412] pinctrl core: registered pin 156 (CNV_BT_IF_SELECT) on INT34C6:00
[    3.442413] pinctrl core: registered pin 157 (vCNV_BT_UART_TXD) on INT34C6:00
[    3.442414] pinctrl core: registered pin 158 (vCNV_BT_UART_RXD) on INT34C6:00
[    3.442414] pinctrl core: registered pin 159 (vCNV_BT_UART_CTS_B) on INT34C6:00
[    3.442415] pinctrl core: registered pin 160 (vCNV_BT_UART_RTS_B) on INT34C6:00
[    3.442416] pinctrl core: registered pin 161 (vCNV_MFUART1_TXD) on INT34C6:00
[    3.442416] pinctrl core: registered pin 162 (vCNV_MFUART1_RXD) on INT34C6:00
[    3.442417] pinctrl core: registered pin 163 (vCNV_MFUART1_CTS_B) on INT34C6:00
[    3.442417] pinctrl core: registered pin 164 (vCNV_MFUART1_RTS_B) on INT34C6:00
[    3.442418] pinctrl core: registered pin 165 (vUART0_TXD) on INT34C6:00
[    3.442419] pinctrl core: registered pin 166 (vUART0_RXD) on INT34C6:00
[    3.442419] pinctrl core: registered pin 167 (vUART0_CTS_B) on INT34C6:00
[    3.442420] pinctrl core: registered pin 168 (vUART0_RTS_B) on INT34C6:00
[    3.442420] pinctrl core: registered pin 169 (vISH_UART0_TXD) on INT34C6:00
[    3.442421] pinctrl core: registered pin 170 (vISH_UART0_RXD) on INT34C6:00
[    3.442422] pinctrl core: registered pin 171 (vISH_UART0_CTS_B) on INT34C6:00
[    3.442422] pinctrl core: registered pin 172 (vISH_UART0_RTS_B) on INT34C6:00
[    3.442423] pinctrl core: registered pin 173 (vCNV_BT_I2S_BCLK) on INT34C6:00
[    3.442423] pinctrl core: registered pin 174 (vCNV_BT_I2S_WS_SYNC) on INT34C6:00
[    3.442424] pinctrl core: registered pin 175 (vCNV_BT_I2S_SDO) on INT34C6:00
[    3.442425] pinctrl core: registered pin 176 (vCNV_BT_I2S_SDI) on INT34C6:00
[    3.442425] pinctrl core: registered pin 177 (vI2S2_SCLK) on INT34C6:00
[    3.442426] pinctrl core: registered pin 178 (vI2S2_SFRM) on INT34C6:00
[    3.442426] pinctrl core: registered pin 179 (vI2S2_TXD) on INT34C6:00
[    3.442427] pinctrl core: registered pin 180 (vI2S2_RXD) on INT34C6:00
[    3.442427] pinctrl core: registered pin 181 (SATAXPCIE_0) on INT34C6:00
[    3.442428] pinctrl core: registered pin 182 (SATAXPCIE_1) on INT34C6:00
[    3.442429] pinctrl core: registered pin 183 (SATAXPCIE_2) on INT34C6:00
[    3.442429] pinctrl core: registered pin 184 (CPU_GP_0) on INT34C6:00
[    3.442430] pinctrl core: registered pin 185 (SATA_DEVSLP_0) on INT34C6:00
[    3.442430] pinctrl core: registered pin 186 (SATA_DEVSLP_1) on INT34C6:00
[    3.442431] pinctrl core: registered pin 187 (SATA_DEVSLP_2) on INT34C6:00
[    3.442432] pinctrl core: registered pin 188 (CPU_GP_1) on INT34C6:00
[    3.442432] pinctrl core: registered pin 189 (SATA_LEDB) on INT34C6:00
[    3.442433] pinctrl core: registered pin 190 (USB2_OCB_0) on INT34C6:00
[    3.442433] pinctrl core: registered pin 191 (USB2_OCB_1) on INT34C6:00
[    3.442434] pinctrl core: registered pin 192 (USB2_OCB_2) on INT34C6:00
[    3.442435] pinctrl core: registered pin 193 (USB2_OCB_3) on INT34C6:00
[    3.442435] pinctrl core: registered pin 194 (SATAXPCIE_3) on INT34C6:00
[    3.442436] pinctrl core: registered pin 195 (SATAXPCIE_4) on INT34C6:00
[    3.442436] pinctrl core: registered pin 196 (SATAXPCIE_5) on INT34C6:00
[    3.442437] pinctrl core: registered pin 197 (SATAXPCIE_6) on INT34C6:00
[    3.442438] pinctrl core: registered pin 198 (SATAXPCIE_7) on INT34C6:00
[    3.442438] pinctrl core: registered pin 199 (SATA_DEVSLP_3) on INT34C6:00
[    3.442439] pinctrl core: registered pin 200 (SATA_DEVSLP_4) on INT34C6:00
[    3.442439] pinctrl core: registered pin 201 (SATA_DEVSLP_5) on INT34C6:00
[    3.442440] pinctrl core: registered pin 202 (SATA_DEVSLP_6) on INT34C6:00
[    3.442440] pinctrl core: registered pin 203 (SATA_DEVSLP_7) on INT34C6:00
[    3.442441] pinctrl core: registered pin 204 (SATA_SCLOCK) on INT34C6:00
[    3.442442] pinctrl core: registered pin 205 (SATA_SLOAD) on INT34C6:00
[    3.442442] pinctrl core: registered pin 206 (SATA_SDATAOUT1) on INT34C6:00
[    3.442443] pinctrl core: registered pin 207 (SATA_SDATAOUT0) on INT34C6:00
[    3.442443] pinctrl core: registered pin 208 (PS_ONB) on INT34C6:00
[    3.442444] pinctrl core: registered pin 209 (M2_SKT2_CFG_0) on INT34C6:00
[    3.442445] pinctrl core: registered pin 210 (M2_SKT2_CFG_1) on INT34C6:00
[    3.442445] pinctrl core: registered pin 211 (M2_SKT2_CFG_2) on INT34C6:00
[    3.442446] pinctrl core: registered pin 212 (M2_SKT2_CFG_3) on INT34C6:00
[    3.442446] pinctrl core: registered pin 213 (L_VDDEN) on INT34C6:00
[    3.442447] pinctrl core: registered pin 214 (L_BKLTEN) on INT34C6:00
[    3.442448] pinctrl core: registered pin 215 (L_BKLTCTL) on INT34C6:00
[    3.442449] pinctrl core: registered pin 216 (VNN_CTRL) on INT34C6:00
[    3.442449] pinctrl core: registered pin 217 (GPP_F_23) on INT34C6:00
[    3.442450] pinctrl core: registered pin 218 (SRCCLKREQB_6) on INT34C6:00
[    3.442450] pinctrl core: registered pin 219 (SRCCLKREQB_7) on INT34C6:00
[    3.442451] pinctrl core: registered pin 220 (SRCCLKREQB_8) on INT34C6:00
[    3.442452] pinctrl core: registered pin 221 (SRCCLKREQB_9) on INT34C6:00
[    3.442452] pinctrl core: registered pin 222 (SRCCLKREQB_10) on INT34C6:00
[    3.442453] pinctrl core: registered pin 223 (SRCCLKREQB_11) on INT34C6:00
[    3.442453] pinctrl core: registered pin 224 (SRCCLKREQB_12) on INT34C6:00
[    3.442454] pinctrl core: registered pin 225 (SRCCLKREQB_13) on INT34C6:00
[    3.442454] pinctrl core: registered pin 226 (SRCCLKREQB_14) on INT34C6:00
[    3.442455] pinctrl core: registered pin 227 (SRCCLKREQB_15) on INT34C6:00
[    3.442456] pinctrl core: registered pin 228 (SML2CLK) on INT34C6:00
[    3.442456] pinctrl core: registered pin 229 (SML2DATA) on INT34C6:00
[    3.442457] pinctrl core: registered pin 230 (SML2ALERTB) on INT34C6:00
[    3.442457] pinctrl core: registered pin 231 (SML3CLK) on INT34C6:00
[    3.442458] pinctrl core: registered pin 232 (SML3DATA) on INT34C6:00
[    3.442459] pinctrl core: registered pin 233 (SML3ALERTB) on INT34C6:00
[    3.442459] pinctrl core: registered pin 234 (SML4CLK) on INT34C6:00
[    3.442460] pinctrl core: registered pin 235 (SML4DATA) on INT34C6:00
[    3.442460] pinctrl core: registered pin 236 (SML4ALERTB) on INT34C6:00
[    3.442461] pinctrl core: registered pin 237 (ISH_I2C0_SDA) on INT34C6:00
[    3.442462] pinctrl core: registered pin 238 (ISH_I2C0_SCL) on INT34C6:00
[    3.442462] pinctrl core: registered pin 239 (ISH_I2C1_SDA) on INT34C6:00
[    3.442463] pinctrl core: registered pin 240 (ISH_I2C1_SCL) on INT34C6:00
[    3.442463] pinctrl core: registered pin 241 (TIME_SYNC_0) on INT34C6:00
[    3.442464] pinctrl core: registered pin 242 (CNV_PA_BLANKING) on INT34C6:00
[    3.442465] pinctrl core: registered pin 243 (CPU_C10_GATEB) on INT34C6:00
[    3.442465] pinctrl core: registered pin 244 (CNV_BRI_DT) on INT34C6:00
[    3.442466] pinctrl core: registered pin 245 (CNV_BRI_RSP) on INT34C6:00
[    3.442466] pinctrl core: registered pin 246 (CNV_RGI_DT) on INT34C6:00
[    3.442467] pinctrl core: registered pin 247 (CNV_RGI_RSP) on INT34C6:00
[    3.442467] pinctrl core: registered pin 248 (CNV_MFUART2_RXD) on INT34C6:00
[    3.442468] pinctrl core: registered pin 249 (CNV_MFUART2_TXD) on INT34C6:00
[    3.442469] pinctrl core: registered pin 250 (GPP_J_8) on INT34C6:00
[    3.442469] pinctrl core: registered pin 251 (GPP_J_9) on INT34C6:00
[    3.442470] pinctrl core: registered pin 252 (GSXDOUT) on INT34C6:00
[    3.442470] pinctrl core: registered pin 253 (GSXSLOAD) on INT34C6:00
[    3.442471] pinctrl core: registered pin 254 (GSXDIN) on INT34C6:00
[    3.442472] pinctrl core: registered pin 255 (GSXSRESETB) on INT34C6:00
[    3.442472] pinctrl core: registered pin 256 (GSXCLK) on INT34C6:00
[    3.442473] pinctrl core: registered pin 257 (ADR_COMPLETE) on INT34C6:00
[    3.442473] pinctrl core: registered pin 258 (DDSP_HPD_A) on INT34C6:00
[    3.442474] pinctrl core: registered pin 259 (DDSP_HPD_B) on INT34C6:00
[    3.442475] pinctrl core: registered pin 260 (CORE_VID_0) on INT34C6:00
[    3.442475] pinctrl core: registered pin 261 (CORE_VID_1) on INT34C6:00
[    3.442476] pinctrl core: registered pin 262 (DDSP_HPD_C) on INT34C6:00
[    3.442476] pinctrl core: registered pin 263 (GPP_K_11) on INT34C6:00
[    3.442477] pinctrl core: registered pin 264 (SYS_PWROK) on INT34C6:00
[    3.442477] pinctrl core: registered pin 265 (SYS_RESETB) on INT34C6:00
[    3.442478] pinctrl core: registered pin 266 (MLK_RSTB) on INT34C6:00
[    3.442479] pinctrl core: registered pin 267 (PMCALERTB) on INT34C6:00
[    3.442479] pinctrl core: registered pin 268 (DDSP_HPD_1) on INT34C6:00
[    3.442480] pinctrl core: registered pin 269 (DDSP_HPD_2) on INT34C6:00
[    3.442480] pinctrl core: registered pin 270 (DDSP_HPD_3) on INT34C6:00
[    3.442481] pinctrl core: registered pin 271 (DDSP_HPD_4) on INT34C6:00
[    3.442481] pinctrl core: registered pin 272 (DDPB_CTRLCLK) on INT34C6:00
[    3.442482] pinctrl core: registered pin 273 (DDPB_CTRLDATA) on INT34C6:00
[    3.442483] pinctrl core: registered pin 274 (DDPC_CTRLCLK) on INT34C6:00
[    3.442483] pinctrl core: registered pin 275 (DDPC_CTRLDATA) on INT34C6:00
[    3.442484] pinctrl core: registered pin 276 (FUSA_DIAGTEST_EN) on INT34C6:00
[    3.442484] pinctrl core: registered pin 277 (FUSA_DIAGTEST_MODE) on INT34C6:00
[    3.442486] pinctrl core: registered pin 278 (USB2_OCB_4) on INT34C6:00
[    3.442486] pinctrl core: registered pin 279 (USB2_OCB_5) on INT34C6:00
[    3.442487] pinctrl core: registered pin 280 (USB2_OCB_6) on INT34C6:00
[    3.442487] pinctrl core: registered pin 281 (USB2_OCB_7) on INT34C6:00
[    3.442488] pinctrl core: registered pin 282 (JTAG_TDO) on INT34C6:00
[    3.442489] pinctrl core: registered pin 283 (JTAGX) on INT34C6:00
[    3.442489] pinctrl core: registered pin 284 (PRDYB) on INT34C6:00
[    3.442490] pinctrl core: registered pin 285 (PREQB) on INT34C6:00
[    3.442490] pinctrl core: registered pin 286 (JTAG_TDI) on INT34C6:00
[    3.442491] pinctrl core: registered pin 287 (JTAG_TMS) on INT34C6:00
[    3.442491] pinctrl core: registered pin 288 (JTAG_TCK) on INT34C6:00
[    3.442492] pinctrl core: registered pin 289 (DBG_PMODE) on INT34C6:00
[    3.442493] pinctrl core: registered pin 290 (CPU_TRSTB) on INT34C6:00
[    3.442494] tigerlake-pinctrl INT34C6:00: failed to lookup the default state
[    3.442494] tigerlake-pinctrl INT34C6:00: failed to lookup the sleep state
[    3.442560] gpiochip_find_base: found new base at 561
[    3.444051] gpio gpiochip0: (INT34C6:00): created GPIO range 0->24 ==> INT34C6:00 PIN 0->24
[    3.444053] gpio gpiochip0: (INT34C6:00): created GPIO range 32->51 ==> INT34C6:00 PIN 25->44
[    3.444054] gpio gpiochip0: (INT34C6:00): created GPIO range 64->89 ==> INT34C6:00 PIN 45->70
[    3.444055] gpio gpiochip0: (INT34C6:00): created GPIO range 96->103 ==> INT34C6:00 PIN 71->78
[    3.444056] gpio gpiochip0: (INT34C6:00): created GPIO range 128->153 ==> INT34C6:00 PIN 79->104
[    3.444057] gpio gpiochip0: (INT34C6:00): created GPIO range 160->183 ==> INT34C6:00 PIN 105->128
[    3.444058] gpio gpiochip0: (INT34C6:00): created GPIO range 192->199 ==> INT34C6:00 PIN 129->136
[    3.444059] gpio gpiochip0: (INT34C6:00): created GPIO range 224->240 ==> INT34C6:00 PIN 137->153
[    3.444061] gpio gpiochip0: (INT34C6:00): created GPIO range 256->282 ==> INT34C6:00 PIN 154->180
[    3.444062] gpio gpiochip0: (INT34C6:00): created GPIO range 288->300 ==> INT34C6:00 PIN 181->193
[    3.444063] gpio gpiochip0: (INT34C6:00): created GPIO range 320->343 ==> INT34C6:00 PIN 194->217
[    3.444064] gpio gpiochip0: (INT34C6:00): created GPIO range 352->375 ==> INT34C6:00 PIN 218->241
[    3.444065] gpio gpiochip0: (INT34C6:00): created GPIO range 384->393 ==> INT34C6:00 PIN 242->251
[    3.444065] gpio gpiochip0: (INT34C6:00): created GPIO range 416->430 ==> INT34C6:00 PIN 252->266
[    3.444066] gpio gpiochip0: (INT34C6:00): created GPIO range 448->462 ==> INT34C6:00 PIN 267->281
[    3.444108] gpio gpiochip0: (INT34C6:00): added GPIO chardev (254:0)
[    3.444120] gpio gpiochip0: registered GPIOs 561 to 1023 on INT34C6:00
[    3.459607] hid: raw HID events driver (C) Jiri Kosina
[    3.462451] usbcore: registered new interface driver usbhid
[    3.462453] usbhid: USB HID core driver
[    3.462595] e1000e: Intel(R) PRO/1000 Network Driver
[    3.462597] e1000e: Copyright(c) 1999 - 2015 Intel Corporation.
[    3.462657] e1000e 0000:00:1f.6: enabling device (0000 -> 0002)
[    3.462694] usbcore: registered new interface driver usbkbd
[    3.463008] e1000e 0000:00:1f.6: Interrupt Throttling Rate (ints/sec) set to dynamic conservative mode
[    3.463186] cryptd: max_cpu_qlen set to 1000
[    3.464211] AVX2 version of gcm_enc/dec engaged.
[    3.464253] AES CTR mode by8 optimization enabled
[    3.477805] input: DELL Dell QuietKey Keyboard as /devices/pci0000:00/0000:00:14.0/usb3/3-12/3-12:1.0/0003:413C:2106.0001/input/input5
[    3.534437] hid-generic 0003:413C:2106.0001: input,hidraw0: USB HID v1.10 Keyboard [DELL Dell QuietKey Keyboard] on usb-0000:00:14.0-12/input0
[    3.794589] ax88179_178a 4-2:1.0 eth0: register 'ax88179_178a' at usb-0000:00:14.0-2, ASIX AX88179 USB 3.0 Gigabit Ethernet, 00:0e:c6:a1:a2:6e
[    3.795155] usbcore: registered new interface driver ax88179_178a
[    3.823495] ax88179_178a 4-2:1.0 enp0s20f0u2: renamed from eth0
[    3.907148] e1000e 0000:00:1f.6 0000:00:1f.6 (uninitialized): registered PHC clock
[    3.982462] e1000e 0000:00:1f.6 eth0: (PCI Express:2.5GT/s:Width x1) 88:88:88:88:87:88
[    3.982467] e1000e 0000:00:1f.6 eth0: Intel(R) PRO/1000 Network Connection
[    3.982637] e1000e 0000:00:1f.6 eth0: MAC: 14, PHY: 12, PBA No: FFFFFF-0FF
[    3.983179] e1000e 0000:00:1f.6 enp0s31f6: renamed from eth0
[    4.185423] ish-hid {33AECD58-B679-4E54-9BD9-A04D34F0C226}: [hid-ish]: enum_devices_done OK, num_hid_devices=6
[    4.194652] hid-generic 001F:8087:0AC2.0002: hidraw1: SENSOR HUB HID v2.00 Device [hid-ishtp 8087:0AC2] on 
[    4.203752] hid-generic 001F:8087:0AC2.0003: hidraw2: SENSOR HUB HID v2.00 Device [hid-ishtp 8087:0AC2] on 
[    4.213476] hid-generic 001F:8087:0AC2.0004: hidraw3: SENSOR HUB HID v2.00 Device [hid-ishtp 8087:0AC2] on 
[    4.219572] hid-generic 001F:8087:0AC2.0005: hidraw4: SENSOR HUB HID v2.00 Device [hid-ishtp 8087:0AC2] on 
[    4.228888] hid-generic 001F:8087:0AC3.0006: hidraw5: SENSOR HUB HID v2.00 Device [hid-ishtp 8087:0AC3] on 
[    4.230645] hid-generic 001F:8087:0AC3.0007: hidraw6: SENSOR HUB HID v2.00 Device [hid-ishtp 8087:0AC3] on 
[    4.654384] EXT4-fs (nvme0n1p2): mounted filesystem 77b5d696-7bf5-4a06-bfd3-6fd24ec0d8f7 with ordered data mode. Quota mode: none.
[    4.811351] printk: systemd: 16 output lines suppressed due to ratelimiting
[    4.852939] systemd[1]: RTC configured in localtime, applying delta of 480 minutes to system time.
[    4.856550] systemd[1]: systemd 239 (239-49.el8) running in system mode. (+PAM +AUDIT +SELINUX +IMA -APPARMOR +SMACK +SYSVINIT +UTMP +LIBCRYPTSETUP +GCRYPT +GNUTLS +ACL +XZ +LZ4 +SECCOMP +BLKID +ELFUTILS +KMOD +IDN2 -IDN +PCRE2 default-hierarchy=legacy)
[    4.856600] systemd[1]: Detected architecture x86-64.
[    4.856815] systemd[1]: Set hostname to <p-tglh01.sh.intel.com>.
[    5.023459] systemd[1]: systemd-journald.service: Succeeded.
[    5.023948] systemd[1]: initrd-switch-root.service: Succeeded.
[    5.024159] systemd[1]: Stopped Switch Root.
[    5.024290] systemd[1]: systemd-journald.service: Service has no hold-off time (RestartSec=0), scheduling restart.
[    5.024352] systemd[1]: systemd-journald.service: Scheduled restart job, restart counter is at 1.
[    5.024357] systemd[1]: Stopped Journal Service.
[    5.024834] systemd[1]: Starting Journal Service...
[    5.033167] EXT4-fs (nvme0n1p2): re-mounted 77b5d696-7bf5-4a06-bfd3-6fd24ec0d8f7. Quota mode: none.
[    5.037085] Adding 20971516k swap on /dev/mapper/cs-swap.  Priority:-2 extents:1 across:20971516k SSFS
[    5.121103] Consider using thermal netlink events interface
[    5.124553] input: Intel HID events as /devices/platform/INTC1051:00/input/input6
[    5.124840] intel-hid INTC1051:00: platform supports 5 button array
[    5.124943] input: Intel HID 5 button array as /devices/platform/INTC1051:00/input/input7
[    5.243060] ACPI: bus type thunderbolt registered
[    5.243275] thunderbolt 0000:00:0d.2: total paths: 12
[    5.243280] thunderbolt 0000:00:0d.2: IOMMU DMA protection is enabled
[    5.244101] proc_thermal 0000:00:04.0: enabling device (0000 -> 0002)
[    5.244845] intel_rapl_common: Found RAPL domain package
[    5.255928] thunderbolt 0000:00:0d.2: allocating TX ring 0 of size 10
[    5.255953] thunderbolt 0000:00:0d.2: allocating RX ring 0 of size 10
[    5.255966] thunderbolt 0000:00:0d.2: control channel created
[    5.255968] thunderbolt 0000:00:0d.2: using firmware connection manager
[    5.255969] thunderbolt 0000:00:0d.2: NHI initialized, starting thunderbolt
[    5.255970] thunderbolt 0000:00:0d.2: control channel starting...
[    5.255970] thunderbolt 0000:00:0d.2: starting TX ring 0
[    5.255974] thunderbolt 0000:00:0d.2: enabling interrupt at register 0x38200 bit 0 (0x0 -> 0x1)
[    5.255975] thunderbolt 0000:00:0d.2: starting RX ring 0
[    5.255978] thunderbolt 0000:00:0d.2: enabling interrupt at register 0x38200 bit 12 (0x1 -> 0x1001)
[    5.259866] thunderbolt 0000:00:0d.2: USB4 proxy operations supported
[    5.259867] thunderbolt 0000:00:0d.2: security level set to none
[    5.263658] mei_me 0000:00:16.0: enabling device (0000 -> 0002)
[    5.266593] thunderbolt 0000:00:0d.2: current switch config:
[    5.266596] thunderbolt 0000:00:0d.2:  USB4 Switch: 8087:9a1f (Revision: 4, TB Version: 32)
[    5.266598] thunderbolt 0000:00:0d.2:   Max Port Number: 13
[    5.266598] thunderbolt 0000:00:0d.2:   Config:
[    5.266599] thunderbolt 0000:00:0d.2:    Upstream Port Number: 7 Depth: 0 Route String: 0x0 Enabled: 1, PlugEventsDelay: 10ms
[    5.266600] thunderbolt 0000:00:0d.2:    unknown1: 0x0 unknown4: 0x0
[    5.268427] intel-lpss 0000:00:15.0: enabling device (0000 -> 0002)
[    5.268719] idma64 idma64.0: Found Intel integrated DMA 64-bit
[    5.330960] i2c_designware i2c_designware.0: GPIO lookup for consumer scl
[    5.330963] i2c_designware i2c_designware.0: using ACPI for GPIO lookup
[    5.330965] acpi device:8d: GPIO: looking up scl-gpios
[    5.330966] acpi device:8d: GPIO: looking up scl-gpio
[    5.330967] i2c_designware i2c_designware.0: using lookup tables for GPIO lookup
[    5.330968] i2c_designware i2c_designware.0: No GPIO consumer scl found
[    5.349069] thunderbolt 0000:00:0d.2: 0: uid: 0x34b7bc2080872567
[    5.349570] intel-lpss 0000:00:15.1: enabling device (0000 -> 0002)
[    5.349900] idma64 idma64.1: Found Intel integrated DMA 64-bit
[    5.388073] thunderbolt 0000:00:0d.2:  Port 1: 8086:9a1f (Revision: 4, TB Version: 1, Type: Port (0x1))
[    5.388078] thunderbolt 0000:00:0d.2:   Max hop id (in/out): 19/19
[    5.388080] thunderbolt 0000:00:0d.2:   Max counters: 16
[    5.388080] thunderbolt 0000:00:0d.2:   NFC Credits: 0x83c00000
[    5.388081] thunderbolt 0000:00:0d.2:   Credits (total/control): 60/2
[    5.427890] thunderbolt 0000:00:0d.2:  Port 2: 8086:9a1f (Revision: 4, TB Version: 1, Type: Port (0x1))
[    5.427893] thunderbolt 0000:00:0d.2:   Max hop id (in/out): 19/19
[    5.427894] thunderbolt 0000:00:0d.2:   Max counters: 16
[    5.427895] thunderbolt 0000:00:0d.2:   NFC Credits: 0x83c00000
[    5.427895] thunderbolt 0000:00:0d.2:   Credits (total/control): 60/2
[    5.435713] i801_smbus 0000:00:1f.4: enabling device (0000 -> 0003)
[    5.435961] i801_smbus 0000:00:1f.4: SPD Write Disable is set
[    5.436027] i801_smbus 0000:00:1f.4: SMBus using PCI interrupt
[    5.467732] thunderbolt 0000:00:0d.2:  Port 3: 8086:9a1f (Revision: 4, TB Version: 1, Type: Port (0x1))
[    5.467735] thunderbolt 0000:00:0d.2:   Max hop id (in/out): 19/19
[    5.467736] thunderbolt 0000:00:0d.2:   Max counters: 16
[    5.467737] thunderbolt 0000:00:0d.2:   NFC Credits: 0x83c00000
[    5.467738] thunderbolt 0000:00:0d.2:   Credits (total/control): 60/2
[    5.499680] i2c_designware i2c_designware.1: GPIO lookup for consumer scl
[    5.499682] i2c_designware i2c_designware.1: using ACPI for GPIO lookup
[    5.499684] acpi device:8e: GPIO: looking up scl-gpios
[    5.499685] acpi device:8e: GPIO: looking up scl-gpio
[    5.499686] i2c_designware i2c_designware.1: using lookup tables for GPIO lookup
[    5.499687] i2c_designware i2c_designware.1: No GPIO consumer scl found
[    5.500626] i2c i2c-15: 2/8 memory slots populated (from DMI)
[    5.500628] i2c i2c-15: Systems with more than 4 memory slots not supported yet, not instantiating SPD
[    5.507538] thunderbolt 0000:00:0d.2:  Port 4: 8086:9a1f (Revision: 4, TB Version: 1, Type: Port (0x1))
