"
modprobe -q gpio_mockup gpio_mockup_ranges="-1,1024"
dmesg | grep -C 5 Call
find "/sys/kernel/debug/gpio-mockup/" -name gpiochip* -type d | sort
modprobe -r gpio_mockup
dmesg | grep -C 5 Call
"

[root@p-tglh01 gpio]# 
[root@p-tglh01 gpio]# ./gpio-mockup.sh 
1.  Module load tests
1.1.  dynamic allocation of gpio
2.  Module load error tests
2.1 gpio overflow
1: -1,1024 -> -1,1024
2: 
3: 
GPIO gpio-mockup test PASS
[root@p-tglh01 gpio]# uname -r 
6.3.0-rc5-revert-7b61212f2a07a5afd+
[root@p-tglh01 gpio]# 






[    0.000000] Linux version 6.3.0-rc5-revert-7b61212f2a07a5afd+ (root@xpf.sh.intel.com) (gcc (GCC) 8.5.0 20210514 (Red Hat 8.5.0-18), GNU ld version 2.36.1-2.el8) #23 SMP PREEMPT_DYNAMIC Thu Apr  6 16:55:41 CST 2023
[    0.000000] Command line: BOOT_IMAGE=(hd0,gpt2)/boot/vmlinuz-6.3.0-rc5-revert-7b61212f2a07a5afd+ root=UUID=77b5d696-7bf5-4a06-bfd3-6fd24ec0d8f7 ro crashkernel=auto resume=/dev/mapper/cs-swap rd.lvm.lv=cs/swap rhgb quiet log_buf_len=4M thunderbolt.dyndbg
[    0.000000] KERNEL supported cpus:
[    0.000000]   Intel GenuineIntel
[    0.000000]   AMD AuthenticAMD
[    0.000000]   Hygon HygonGenuine
[    0.000000]   Centaur CentaurHauls
[    0.000000]   zhaoxin   Shanghai  
[    0.000000] x86/split lock detection: #AC: crashing the kernel on kernel split_locks and warning on user-space split_locks
[    0.000000] x86/fpu: Supporting XSAVE feature 0x001: 'x87 floating point registers'
[    0.000000] x86/fpu: Supporting XSAVE feature 0x002: 'SSE registers'
[    0.000000] x86/fpu: Supporting XSAVE feature 0x004: 'AVX registers'
[    0.000000] x86/fpu: Supporting XSAVE feature 0x020: 'AVX-512 opmask'
[    0.000000] x86/fpu: Supporting XSAVE feature 0x040: 'AVX-512 Hi256'
[    0.000000] x86/fpu: Supporting XSAVE feature 0x080: 'AVX-512 ZMM_Hi256'
[    0.000000] x86/fpu: Supporting XSAVE feature 0x200: 'Protection Keys User registers'
[    0.000000] x86/fpu: xstate_offset[2]:  576, xstate_sizes[2]:  256
[    0.000000] x86/fpu: xstate_offset[5]:  832, xstate_sizes[5]:   64
[    0.000000] x86/fpu: xstate_offset[6]:  896, xstate_sizes[6]:  512
[    0.000000] x86/fpu: xstate_offset[7]: 1408, xstate_sizes[7]: 1024
[    0.000000] x86/fpu: xstate_offset[9]: 2432, xstate_sizes[9]:    8
[    0.000000] x86/fpu: Enabled xstate features 0x2e7, context size is 2440 bytes, using 'compacted' format.
[    0.000000] signal: max sigframe size: 3632
[    0.000000] BIOS-provided physical RAM map:
[    0.000000] BIOS-e820: [mem 0x0000000000000000-0x000000000009efff] usable
[    0.000000] BIOS-e820: [mem 0x000000000009f000-0x00000000000fffff] reserved
[    0.000000] BIOS-e820: [mem 0x0000000000100000-0x00000000416dbfff] usable
[    0.000000] BIOS-e820: [mem 0x00000000416dc000-0x0000000044a47fff] reserved
[    0.000000] BIOS-e820: [mem 0x0000000044a48000-0x0000000044b32fff] ACPI NVS
[    0.000000] BIOS-e820: [mem 0x0000000044b33000-0x0000000044bfefff] ACPI data
[    0.000000] BIOS-e820: [mem 0x0000000044bff000-0x0000000044bfffff] usable
[    0.000000] BIOS-e820: [mem 0x0000000044c00000-0x0000000048ffffff] reserved
[    0.000000] BIOS-e820: [mem 0x0000000049400000-0x00000000495fffff] reserved
[    0.000000] BIOS-e820: [mem 0x000000004a200000-0x00000000503fffff] reserved
[    0.000000] BIOS-e820: [mem 0x00000000c0000000-0x00000000cfffffff] reserved
[    0.000000] BIOS-e820: [mem 0x00000000fed20000-0x00000000fed7ffff] reserved
[    0.000000] BIOS-e820: [mem 0x00000000ff400000-0x00000000ffffffff] reserved
[    0.000000] BIOS-e820: [mem 0x0000000100000000-0x00000008afbfffff] usable
[    0.000000] NX (Execute Disable) protection: active
[    0.000000] efi: EFI v2.7 by Intel
[    0.000000] efi: ACPI=0x44bfe000 ACPI 2.0=0x44bfe014 TPMFinalLog=0x44a98000 SMBIOS=0x417b1000 MEMATTR=0x3dbc7418 ESRT=0x3d8fe718 RNG=0x44b51018 TPMEventLog=0x3dbb6018 
[    0.000000] random: crng init done
[    0.000000] efi: Remove mem248: MMIO range=[0xc0000000-0xcfffffff] (256MB) from e820 map
[    0.000000] e820: remove [mem 0xc0000000-0xcfffffff] reserved
[    0.000000] efi: Remove mem250: MMIO range=[0xff400000-0xffffffff] (12MB) from e820 map
[    0.000000] e820: remove [mem 0xff400000-0xffffffff] reserved
[    0.000000] SMBIOS 3.2 present.
[    0.000000] DMI: Intel Corporation Tiger Lake Client Platform/TigerLake H DDR4 SODIMM RVP, BIOS TGLSFWI1.R00.4043.A00.2101202035 01/20/2021
[    0.000000] tsc: Detected 3100.000 MHz processor
[    0.000000] tsc: Detected 3110.400 MHz TSC
[    0.000003] e820: update [mem 0x00000000-0x00000fff] usable ==> reserved
[    0.000005] e820: remove [mem 0x000a0000-0x000fffff] usable
[    0.000010] last_pfn = 0x8afc00 max_arch_pfn = 0x400000000
[    0.000013] x86/PAT: Configuration [0-7]: WB  WC  UC- UC  WB  WP  UC- WT  
[    0.000445] last_pfn = 0x44c00 max_arch_pfn = 0x400000000
[    0.004000] esrt: Reserving ESRT space from 0x000000003d8fe718 to 0x000000003d8fe868.
[    0.004000] e820: update [mem 0x3d8fe000-0x3d8fefff] usable ==> reserved
[    0.004000] Using GB pages for direct mapping
[    0.004000] printk: log_buf_len: 4194304 bytes
[    0.004000] printk: early log buf free: 257984(98%)
[    0.004000] Secure boot disabled
[    0.004000] RAMDISK: [mem 0x25a74000-0x28bf1fff]
[    0.004000] ACPI: Early table checksum verification disabled
[    0.004000] ACPI: RSDP 0x0000000044BFE014 000024 (v02 INTEL )
[    0.004000] ACPI: XSDT 0x0000000044B59188 000104 (v01 INTEL  TGL-ULT  00000002      01000013)
[    0.004000] ACPI: FACP 0x0000000044BEF000 000114 (v06 INTEL  TGL-ULT  00000002      01000013)
[    0.004000] ACPI: DSDT 0x0000000044B80000 06BB01 (v02 INTEL  TGL-ULT  00000002      01000013)
[    0.004000] ACPI: FACS 0x0000000044A83000 000040
[    0.004000] ACPI: SSDT 0x0000000044BFA000 002576 (v02 CpuRef CpuSsdt  00003000 INTL 20191018)
[    0.004000] ACPI: SSDT 0x0000000044BF4000 005926 (v02 DptfTb DptfTabl 00001000 INTL 20191018)
[    0.004000] ACPI: SSDT 0x0000000044BF3000 00060E (v02 INTEL  Tpm2Tabl 00001000 INTL 20191018)
[    0.004000] ACPI: TPM2 0x0000000044BF2000 00004C (v04 INTEL  TGL-ULT  00000002      01000013)
[    0.004000] ACPI: SSDT 0x0000000044BF1000 0005D4 (v02 Intel  PerfTune 00001000 INTL 20191018)
[    0.004000] ACPI: ECDT 0x0000000044BF0000 000069 (v01 INTEL  TGL-ULT  00000002      01000013)
[    0.004000] ACPI: HPET 0x0000000044BEE000 000038 (v01 INTEL  TGL-ULT  00000002      01000013)
[    0.004000] ACPI: APIC 0x0000000044BED000 00012C (v04 INTEL  TGL-ULT  00000002      01000013)
[    0.004000] ACPI: MCFG 0x0000000044BEC000 00003C (v01 INTEL  TGL-ULT  00000002      01000013)
[    0.004000] ACPI: SSDT 0x0000000044B78000 007E05 (v02 INTEL  TglH_Rvp 00001000 INTL 20191018)
[    0.004000] ACPI: SSDT 0x0000000044B77000 000E94 (v02 INTEL  Ther_Rvp 00001000 INTL 20191018)
[    0.004000] ACPI: NHLT 0x0000000044B75000 001871 (v00 INTEL  TGL-ULT  00000002      01000013)
[    0.004000] ACPI: SSDT 0x0000000044B71000 003D7A (v02 SaSsdt SaSsdt   00003000 INTL 20191018)
[    0.004000] ACPI: SSDT 0x0000000044B6D000 0034DF (v02 INTEL  IgfxSsdt 00003000 INTL 20191018)
[    0.004000] ACPI: SSDT 0x0000000044B61000 00BD15 (v02 INTEL  TcssSsdt 00001000 INTL 20191018)
[    0.004000] ACPI: LPIT 0x0000000044B60000 0000CC (v01 INTEL  TGL-ULT  00000002      01000013)
[    0.004000] ACPI: WSMT 0x0000000044B5F000 000028 (v01 INTEL  TGL-ULT  00000002      01000013)
[    0.004000] ACPI: SSDT 0x0000000044B5C000 002720 (v02 INTEL  PtidDevc 00001000 INTL 20191018)
[    0.004000] ACPI: SSDT 0x0000000044B5B000 00012A (v02 INTEL  TbtTypeC 00000000 INTL 20191018)
[    0.004000] ACPI: DBGP 0x0000000044B5A000 000034 (v01 INTEL  TGL-ULT  00000002      01000013)
[    0.004000] ACPI: DBG2 0x0000000044BFD000 000054 (v00 INTEL  TGL-ULT  00000002      01000013)
[    0.004000] ACPI: SSDT 0x0000000044B57000 0015FC (v02 INTEL  UsbCTabl 00001000 INTL 20191018)
[    0.004000] ACPI: DMAR 0x0000000044B56000 0000E8 (v02 INTEL  ICL      00000002      01000013)
[    0.004000] ACPI: SSDT 0x0000000044B55000 000B02 (v02 INTEL  xh_thdd4 00000000 INTL 20191018)
[    0.004000] ACPI: SSDT 0x0000000044B54000 000144 (v02 Intel  ADebTabl 00001000 INTL 20191018)
[    0.004000] ACPI: PTDT 0x0000000044B53000 000D44 (v00 INTEL  TGL-ULT  00000005 MSFT 0100000D)
[    0.004000] ACPI: FPDT 0x0000000044B52000 000044 (v01 INTEL  TGL-ULT  00000002      01000013)
[    0.004000] ACPI: Reserving FACP table memory at [mem 0x44bef000-0x44bef113]
[    0.004000] ACPI: Reserving DSDT table memory at [mem 0x44b80000-0x44bebb00]
[    0.004000] ACPI: Reserving FACS table memory at [mem 0x44a83000-0x44a8303f]
[    0.004000] ACPI: Reserving SSDT table memory at [mem 0x44bfa000-0x44bfc575]
[    0.004000] ACPI: Reserving SSDT table memory at [mem 0x44bf4000-0x44bf9925]
[    0.004000] ACPI: Reserving SSDT table memory at [mem 0x44bf3000-0x44bf360d]
[    0.004000] ACPI: Reserving TPM2 table memory at [mem 0x44bf2000-0x44bf204b]
[    0.004000] ACPI: Reserving SSDT table memory at [mem 0x44bf1000-0x44bf15d3]
[    0.004000] ACPI: Reserving ECDT table memory at [mem 0x44bf0000-0x44bf0068]
[    0.004000] ACPI: Reserving HPET table memory at [mem 0x44bee000-0x44bee037]
[    0.004000] ACPI: Reserving APIC table memory at [mem 0x44bed000-0x44bed12b]
[    0.004000] ACPI: Reserving MCFG table memory at [mem 0x44bec000-0x44bec03b]
[    0.004000] ACPI: Reserving SSDT table memory at [mem 0x44b78000-0x44b7fe04]
[    0.004000] ACPI: Reserving SSDT table memory at [mem 0x44b77000-0x44b77e93]
[    0.004000] ACPI: Reserving NHLT table memory at [mem 0x44b75000-0x44b76870]
[    0.004000] ACPI: Reserving SSDT table memory at [mem 0x44b71000-0x44b74d79]
[    0.004000] ACPI: Reserving SSDT table memory at [mem 0x44b6d000-0x44b704de]
[    0.004000] ACPI: Reserving SSDT table memory at [mem 0x44b61000-0x44b6cd14]
[    0.004000] ACPI: Reserving LPIT table memory at [mem 0x44b60000-0x44b600cb]
[    0.004000] ACPI: Reserving WSMT table memory at [mem 0x44b5f000-0x44b5f027]
[    0.004000] ACPI: Reserving SSDT table memory at [mem 0x44b5c000-0x44b5e71f]
[    0.004000] ACPI: Reserving SSDT table memory at [mem 0x44b5b000-0x44b5b129]
[    0.004000] ACPI: Reserving DBGP table memory at [mem 0x44b5a000-0x44b5a033]
[    0.004000] ACPI: Reserving DBG2 table memory at [mem 0x44bfd000-0x44bfd053]
[    0.004000] ACPI: Reserving SSDT table memory at [mem 0x44b57000-0x44b585fb]
[    0.004000] ACPI: Reserving DMAR table memory at [mem 0x44b56000-0x44b560e7]
[    0.004000] ACPI: Reserving SSDT table memory at [mem 0x44b55000-0x44b55b01]
[    0.004000] ACPI: Reserving SSDT table memory at [mem 0x44b54000-0x44b54143]
[    0.004000] ACPI: Reserving PTDT table memory at [mem 0x44b53000-0x44b53d43]
[    0.004000] ACPI: Reserving FPDT table memory at [mem 0x44b52000-0x44b52043]
[    0.004000] No NUMA configuration found
[    0.004000] Faking a node at [mem 0x0000000000000000-0x00000008afbfffff]
[    0.004000] NODE_DATA(0) allocated [mem 0x8ae9d5000-0x8ae9fffff]
[    0.004000] crashkernel: memory value expected
[    0.004000] Zone ranges:
[    0.004000]   DMA      [mem 0x0000000000001000-0x0000000000ffffff]
[    0.004000]   DMA32    [mem 0x0000000001000000-0x00000000ffffffff]
[    0.004000]   Normal   [mem 0x0000000100000000-0x00000008afbfffff]
[    0.004000]   Device   empty
[    0.004000] Movable zone start for each node
[    0.004000] Early memory node ranges
[    0.004000]   node   0: [mem 0x0000000000001000-0x000000000009efff]
[    0.004000]   node   0: [mem 0x0000000000100000-0x00000000416dbfff]
[    0.004000]   node   0: [mem 0x0000000044bff000-0x0000000044bfffff]
[    0.004000]   node   0: [mem 0x0000000100000000-0x00000008afbfffff]
[    0.004000] Initmem setup node 0 [mem 0x0000000000001000-0x00000008afbfffff]
[    0.004000] On node 0, zone DMA: 1 pages in unavailable ranges
[    0.004000] On node 0, zone DMA: 97 pages in unavailable ranges
[    0.004000] On node 0, zone DMA32: 13603 pages in unavailable ranges
[    0.004000] On node 0, zone Normal: 13312 pages in unavailable ranges
[    0.004000] On node 0, zone Normal: 1024 pages in unavailable ranges
[    0.004000] Reserving Intel graphics memory at [mem 0x4c800000-0x503fffff]
[    0.004000] ACPI: PM-Timer IO Port: 0x1808
[    0.004000] ACPI: LAPIC_NMI (acpi_id[0x01] high edge lint[0x1])
[    0.004000] ACPI: LAPIC_NMI (acpi_id[0x02] high edge lint[0x1])
[    0.004000] ACPI: LAPIC_NMI (acpi_id[0x03] high edge lint[0x1])
[    0.004000] ACPI: LAPIC_NMI (acpi_id[0x04] high edge lint[0x1])
[    0.004000] ACPI: LAPIC_NMI (acpi_id[0x05] high edge lint[0x1])
[    0.004000] ACPI: LAPIC_NMI (acpi_id[0x06] high edge lint[0x1])
[    0.004000] ACPI: LAPIC_NMI (acpi_id[0x07] high edge lint[0x1])
[    0.004000] ACPI: LAPIC_NMI (acpi_id[0x08] high edge lint[0x1])
[    0.004000] ACPI: LAPIC_NMI (acpi_id[0x09] high edge lint[0x1])
[    0.004000] ACPI: LAPIC_NMI (acpi_id[0x0a] high edge lint[0x1])
[    0.004000] ACPI: LAPIC_NMI (acpi_id[0x0b] high edge lint[0x1])
[    0.004000] ACPI: LAPIC_NMI (acpi_id[0x0c] high edge lint[0x1])
[    0.004000] ACPI: LAPIC_NMI (acpi_id[0x0d] high edge lint[0x1])
[    0.004000] ACPI: LAPIC_NMI (acpi_id[0x0e] high edge lint[0x1])
[    0.004000] ACPI: LAPIC_NMI (acpi_id[0x0f] high edge lint[0x1])
[    0.004000] ACPI: LAPIC_NMI (acpi_id[0x10] high edge lint[0x1])
[    0.004000] IOAPIC[0]: apic_id 2, version 32, address 0xfec00000, GSI 0-119
[    0.004000] ACPI: INT_SRC_OVR (bus 0 bus_irq 0 global_irq 2 dfl dfl)
[    0.004000] ACPI: INT_SRC_OVR (bus 0 bus_irq 9 global_irq 9 high level)
[    0.004000] ACPI: Using ACPI (MADT) for SMP configuration information
[    0.004000] ACPI: HPET id: 0x8086a201 base: 0xfed00000
[    0.004000] TSC deadline timer available
[    0.004000] smpboot: Allowing 16 CPUs, 0 hotplug CPUs
[    0.004000] PM: hibernation: Registered nosave memory: [mem 0x00000000-0x00000fff]
[    0.004000] PM: hibernation: Registered nosave memory: [mem 0x0009f000-0x000fffff]
[    0.004000] PM: hibernation: Registered nosave memory: [mem 0x3d8fe000-0x3d8fefff]
[    0.004000] PM: hibernation: Registered nosave memory: [mem 0x416dc000-0x44a47fff]
[    0.004000] PM: hibernation: Registered nosave memory: [mem 0x44a48000-0x44b32fff]
[    0.004000] PM: hibernation: Registered nosave memory: [mem 0x44b33000-0x44bfefff]
[    0.004000] PM: hibernation: Registered nosave memory: [mem 0x44c00000-0x48ffffff]
[    0.004000] PM: hibernation: Registered nosave memory: [mem 0x49000000-0x493fffff]
[    0.004000] PM: hibernation: Registered nosave memory: [mem 0x49400000-0x495fffff]
[    0.004000] PM: hibernation: Registered nosave memory: [mem 0x49600000-0x4a1fffff]
[    0.004000] PM: hibernation: Registered nosave memory: [mem 0x4a200000-0x503fffff]
[    0.004000] PM: hibernation: Registered nosave memory: [mem 0x50400000-0xfed1ffff]
[    0.004000] PM: hibernation: Registered nosave memory: [mem 0xfed20000-0xfed7ffff]
[    0.004000] PM: hibernation: Registered nosave memory: [mem 0xfed80000-0xffffffff]
[    0.004000] [mem 0x50400000-0xfed1ffff] available for PCI devices
[    0.004000] Booting paravirtualized kernel on bare hardware
[    0.004000] clocksource: refined-jiffies: mask: 0xffffffff max_cycles: 0xffffffff, max_idle_ns: 7645519600211568 ns
[    0.004000] setup_percpu: NR_CPUS:8192 nr_cpumask_bits:16 nr_cpu_ids:16 nr_node_ids:1
[    0.004000] percpu: Embedded 63 pages/cpu s221184 r8192 d28672 u262144
[    0.004000] pcpu-alloc: s221184 r8192 d28672 u262144 alloc=1*2097152
[    0.004000] pcpu-alloc: [0] 00 01 02 03 04 05 06 07 [0] 08 09 10 11 12 13 14 15 
[    0.004000] Fallback order for Node 0: 0 
[    0.004000] Built 1 zonelists, mobility grouping on.  Total pages: 8197521
[    0.004000] Policy zone: Normal
[    0.004000] Kernel command line: BOOT_IMAGE=(hd0,gpt2)/boot/vmlinuz-6.3.0-rc5-revert-7b61212f2a07a5afd+ root=UUID=77b5d696-7bf5-4a06-bfd3-6fd24ec0d8f7 ro crashkernel=auto resume=/dev/mapper/cs-swap rd.lvm.lv=cs/swap rhgb quiet log_buf_len=4M thunderbolt.dyndbg
[    0.004000] Unknown kernel command line parameters "rhgb BOOT_IMAGE=(hd0,gpt2)/boot/vmlinuz-6.3.0-rc5-revert-7b61212f2a07a5afd+", will be passed to user space.
[    0.004000] Dentry cache hash table entries: 4194304 (order: 13, 33554432 bytes, linear)
[    0.004000] Inode-cache hash table entries: 2097152 (order: 12, 16777216 bytes, linear)
[    0.004000] mem auto-init: stack:off, heap alloc:off, heap free:off
[    0.004000] software IO TLB: area num 16.
[    0.004000] Memory: 32467356K/33311212K available (22528K kernel code, 3515K rwdata, 8432K rodata, 4992K init, 19972K bss, 843596K reserved, 0K cma-reserved)
[    0.004000] SLUB: HWalign=64, Order=0-3, MinObjects=0, CPUs=16, Nodes=1
[    0.004000] kmemleak: Kernel memory leak detector disabled
[    0.004000] ftrace: allocating 63276 entries in 248 pages
[    0.004000] ftrace: allocated 248 pages with 5 groups
[    0.004000] Dynamic Preempt: voluntary
[    0.004000] rcu: Preemptible hierarchical RCU implementation.
[    0.004000] rcu:     RCU restricting CPUs from NR_CPUS=8192 to nr_cpu_ids=16.
[    0.004000]  Trampoline variant of Tasks RCU enabled.
[    0.004000]  Rude variant of Tasks RCU enabled.
[    0.004000]  Tracing variant of Tasks RCU enabled.
[    0.004000] rcu: RCU calculated value of scheduler-enlistment delay is 25 jiffies.
[    0.004000] rcu: Adjusting geometry for rcu_fanout_leaf=16, nr_cpu_ids=16
[    0.004000] NR_IRQS: 524544, nr_irqs: 2184, preallocated irqs: 16
[    0.004000] rcu: srcu_init: Setting srcu_struct sizes based on contention.
[    0.004000] Console: colour dummy device 80x25
[    0.004000] printk: console [tty0] enabled
[    0.004000] ACPI: Core revision 20221020
[    0.004000] hpet: HPET dysfunctional in PC10. Force disabled.
[    0.004000] APIC: Switch to symmetric I/O mode setup
[    0.004000] DMAR: Host address width 39
[    0.004000] DMAR: DRHD base: 0x000000fed90000 flags: 0x0
[    0.004000] DMAR: dmar0: reg_base_addr fed90000 ver 4:0 cap 1c0000c40660462 ecap 29a00f0505e
[    0.004000] DMAR: DRHD base: 0x000000fed84000 flags: 0x0
[    0.004000] DMAR: dmar1: reg_base_addr fed84000 ver 1:0 cap d2008c40660462 ecap f050da
[    0.004000] DMAR: DRHD base: 0x000000fed85000 flags: 0x0
[    0.004000] DMAR: dmar2: reg_base_addr fed85000 ver 1:0 cap d2008c40660462 ecap f050da
[    0.004000] DMAR: DRHD base: 0x000000fed86000 flags: 0x0
[    0.004000] DMAR: dmar3: reg_base_addr fed86000 ver 1:0 cap d2008c40660462 ecap f050da
[    0.004000] DMAR: DRHD base: 0x000000fed87000 flags: 0x0
[    0.004000] DMAR: dmar4: reg_base_addr fed87000 ver 1:0 cap d2008c40660462 ecap f050da
[    0.004000] DMAR: DRHD base: 0x000000fed91000 flags: 0x1
[    0.004000] DMAR: dmar5: reg_base_addr fed91000 ver 1:0 cap d2008c40660462 ecap f050da
[    0.004000] DMAR: RMRR base: 0x0000004c000000 end: 0x000000503fffff
[    0.004000] DMAR-IR: IOAPIC id 2 under DRHD base  0xfed91000 IOMMU 5
[    0.004000] DMAR-IR: HPET id 0 under DRHD base 0xfed91000
[    0.004000] DMAR-IR: Queued invalidation will be enabled to support x2apic and Intr-remapping.
[    0.004000] DMAR-IR: Enabled IRQ remapping in x2apic mode
[    0.004000] x2apic enabled
[    0.004000] Switched APIC routing to cluster x2apic.
[    0.004000] clocksource: tsc-early: mask: 0xffffffffffffffff max_cycles: 0x2cd5a8bb032, max_idle_ns: 440795365915 ns
[    0.122019] Calibrating delay loop (skipped), value calculated using timer frequency.. 6220.80 BogoMIPS (lpj=12441600)
[    0.122020] pid_max: default: 32768 minimum: 301
[    0.124070] LSM: initializing lsm=capability,yama,integrity
[    0.124074] Yama: becoming mindful.
[    0.124145] Mount-cache hash table entries: 65536 (order: 7, 524288 bytes, linear)
[    0.124190] Mountpoint-cache hash table entries: 65536 (order: 7, 524288 bytes, linear)
[    0.124362] x86/tme: not enabled by BIOS
[    0.124368] CPU0: Thermal monitoring enabled (TM1)
[    0.124370] x86/cpu: User Mode Instruction Prevention (UMIP) activated
[    0.124469] process: using mwait in idle threads
[    0.124471] CET detected: Indirect Branch Tracking enabled
[    0.124472] Last level iTLB entries: 4KB 0, 2MB 0, 4MB 0
[    0.124473] Last level dTLB entries: 4KB 0, 2MB 0, 4MB 0, 1GB 0
[    0.124476] Spectre V1 : Mitigation: usercopy/swapgs barriers and __user pointer sanitization
[    0.124478] Spectre V2 : WARNING: Unprivileged eBPF is enabled with eIBRS on, data leaks possible via Spectre v2 BHB attacks!
[    0.124482] Spectre V2 : Mitigation: Enhanced / Automatic IBRS
[    0.124483] Spectre V2 : Spectre v2 / SpectreRSB mitigation: Filling RSB on context switch
[    0.124483] Spectre V2 : Spectre v2 / PBRSB-eIBRS: Retire a single CALL on VMEXIT
[    0.124484] Spectre V2 : mitigation: Enabling conditional Indirect Branch Prediction Barrier
[    0.124485] Speculative Store Bypass: Mitigation: Speculative Store Bypass disabled via prctl
[    0.126015] Freeing SMP alternatives memory: 52K
[    0.126015] smpboot: CPU0: Genuine Intel(R) CPU 0000 @ 2.20GHz (family: 0x6, model: 0x8d, stepping: 0x0)
[    0.126015] cblist_init_generic: Setting adjustable number of callback queues.
[    0.126015] cblist_init_generic: Setting shift to 4 and lim to 1.
[    0.126015] cblist_init_generic: Setting shift to 4 and lim to 1.
[    0.126015] cblist_init_generic: Setting shift to 4 and lim to 1.
[    0.126015] Performance Events: PEBS fmt4+-baseline,  AnyThread deprecated, Icelake events, 32-deep LBR, full-width counters, Intel PMU driver.
[    0.126015] ... version:                5
[    0.126015] ... bit width:              48
[    0.126015] ... generic registers:      8
[    0.126015] ... value mask:             0000ffffffffffff
[    0.126015] ... max period:             00007fffffffffff
[    0.126015] ... fixed-purpose events:   4
[    0.126015] ... event mask:             0001000f000000ff
[    0.126015] Estimated ratio of average max frequency by base frequency (times 1024): 1420
[    0.126015] rcu: Hierarchical SRCU implementation.
[    0.126015] rcu:     Max phase no-delay instances is 1000.
[    0.126015] NMI watchdog: Enabled. Permanently consumes one hw-PMU counter.
[    0.126015] smp: Bringing up secondary CPUs ...
[    0.126015] x86: Booting SMP configuration:
[    0.126015] .... node  #0, CPUs:        #1  #2  #3  #4  #5  #6  #7  #8  #9 #10 #11 #12 #13 #14 #15
[    0.147660] smp: Brought up 1 node, 16 CPUs
[    0.147660] smpboot: Max logical packages: 1
[    0.147660] smpboot: Total of 16 processors activated (99532.80 BogoMIPS)
[    0.151085] devtmpfs: initialized
[    0.151085] x86/mm: Memory block size: 128MB
[    0.151823] ACPI: PM: Registering ACPI NVS region [mem 0x44a48000-0x44b32fff] (962560 bytes)
[    0.151823] clocksource: jiffies: mask: 0xffffffff max_cycles: 0xffffffff, max_idle_ns: 7645041785100000 ns
[    0.151823] futex hash table entries: 4096 (order: 6, 262144 bytes, linear)
[    0.151823] pinctrl core: initialized pinctrl subsystem

[    0.151823] *************************************************************
[    0.151823] **     NOTICE NOTICE NOTICE NOTICE NOTICE NOTICE NOTICE    **
[    0.151823] **                                                         **
[    0.151823] **  IOMMU DebugFS SUPPORT HAS BEEN ENABLED IN THIS KERNEL  **
[    0.151823] **                                                         **
[    0.151823] ** This means that this kernel is built to expose internal **
[    0.151823] ** IOMMU data structures, which may compromise security on **
[    0.151823] ** your system.                                            **
[    0.151823] **                                                         **
[    0.151823] ** If you see this message and you are not debugging the   **
[    0.151823] ** kernel, report this immediately to your vendor!         **
[    0.151823] **                                                         **
[    0.151823] **     NOTICE NOTICE NOTICE NOTICE NOTICE NOTICE NOTICE    **
[    0.151823] *************************************************************
[    0.151823] PM: RTC time: 17:10:30, date: 2023-04-06
[    0.151823] NET: Registered PF_NETLINK/PF_ROUTE protocol family
[    0.151823] DMA: preallocated 4096 KiB GFP_KERNEL pool for atomic allocations
[    0.151823] DMA: preallocated 4096 KiB GFP_KERNEL|GFP_DMA pool for atomic allocations
[    0.151823] DMA: preallocated 4096 KiB GFP_KERNEL|GFP_DMA32 pool for atomic allocations
[    0.151823] audit: initializing netlink subsys (disabled)
[    0.151823] audit: type=2000 audit(1680801030.028:1): state=initialized audit_enabled=0 res=1
[    0.151823] thermal_sys: Registered thermal governor 'fair_share'
[    0.151823] thermal_sys: Registered thermal governor 'bang_bang'
[    0.151823] thermal_sys: Registered thermal governor 'step_wise'
[    0.151823] thermal_sys: Registered thermal governor 'user_space'
[    0.151823] cpuidle: using governor ladder
[    0.151823] cpuidle: using governor menu
[    0.154031] acpiphp: ACPI Hot Plug PCI Controller Driver version: 0.5
[    0.154118] PCI: MMCONFIG for domain 0000 [bus 00-ff] at [mem 0xc0000000-0xcfffffff] (base 0xc0000000)
[    0.154122] PCI: not using MMCONFIG
[    0.154123] PCI: Using configuration type 1 for base access
[    0.154416] ENERGY_PERF_BIAS: Set to 'normal', was 'performance'
[    0.154425] kprobes: kprobe jump-optimization is enabled. All kprobes are optimized if possible.
[    0.154425] HugeTLB: registered 1.00 GiB page size, pre-allocated 0 pages
[    0.154425] HugeTLB: 16380 KiB vmemmap can be freed for a 1.00 GiB page
[    0.154425] HugeTLB: registered 2.00 MiB page size, pre-allocated 0 pages
[    0.154425] HugeTLB: 28 KiB vmemmap can be freed for a 2.00 MiB page
[    0.154425] ACPI: Added _OSI(Module Device)
[    0.154425] ACPI: Added _OSI(Processor Device)
[    0.154425] ACPI: Added _OSI(3.0 _SCP Extensions)
[    0.154425] ACPI: Added _OSI(Processor Aggregator Device)
[    0.220385] ACPI: 15 ACPI AML tables successfully acquired and loaded
[    0.221686] ACPI: EC: EC started
[    0.221687] ACPI: EC: interrupt blocked
[    0.222376] ACPI: EC: EC_CMD/EC_SC=0x66, EC_DATA=0x62
[    0.222377] ACPI: EC: Boot ECDT EC used to handle transactions
[    0.338346] ACPI: Dynamic OEM Table Load:
[    0.338346] ACPI: SSDT 0xFFFF9A9E82CCA400 0001CB (v02 PmRef  Cpu0Psd  00003000 INTL 20191018)
[    0.339291] ACPI: \_SB_.PR00: _OSC native thermal LVT Acked
[    0.341427] ACPI: Dynamic OEM Table Load:
[    0.341433] ACPI: SSDT 0xFFFF9A9E82D84000 00047F (v02 PmRef  Cpu0Cst  00003001 INTL 20191018)
[    0.342894] ACPI: Dynamic OEM Table Load:
[    0.342899] ACPI: SSDT 0xFFFF9A9E82D83800 000626 (v02 PmRef  Cpu0Ist  00003000 INTL 20191018)
[    0.344047] ACPI: Dynamic OEM Table Load:
[    0.344051] ACPI: SSDT 0xFFFF9A9E81BF0400 00028B (v02 PmRef  Cpu0Hwp  00003000 INTL 20191018)
[    0.345260] ACPI: Dynamic OEM Table Load:
[    0.345266] ACPI: SSDT 0xFFFF9A9E81BF8000 0008E7 (v02 PmRef  ApIst    00003000 INTL 20191018)
[    0.346450] ACPI: Dynamic OEM Table Load:
[    0.346455] ACPI: SSDT 0xFFFF9A9E82D86000 00048A (v02 PmRef  ApHwp    00003000 INTL 20191018)
[    0.347561] ACPI: Dynamic OEM Table Load:
[    0.347566] ACPI: SSDT 0xFFFF9A9E82D85000 0004D4 (v02 PmRef  ApPsd    00003000 INTL 20191018)
[    0.348658] ACPI: Dynamic OEM Table Load:
[    0.348662] ACPI: SSDT 0xFFFF9A9E82D83000 00048A (v02 PmRef  ApCst    00003000 INTL 20191018)
[    0.355559] ACPI: Interpreter enabled
[    0.355603] ACPI: PM: (supports S0 S3 S4 S5)
[    0.355604] ACPI: Using IOAPIC for interrupt routing
[    0.355638] PCI: MMCONFIG for domain 0000 [bus 00-ff] at [mem 0xc0000000-0xcfffffff] (base 0xc0000000)
[    0.358137] PCI: MMCONFIG at [mem 0xc0000000-0xcfffffff] reserved as ACPI motherboard resource
[    0.358148] PCI: Using host bridge windows from ACPI; if necessary, use "pci=nocrs" and report a bug
[    0.358149] PCI: Using E820 reservations for host bridge windows
[    0.359994] ACPI: Enabled 8 GPEs in block 00 to 7F
[    0.361265] ACPI: \_SB_.PC00.PEG0.PXP_: New power resource
[    0.482347] ACPI: \_SB_.PC00.PEG1.PXP_: New power resource
[    0.484180] ACPI: \_SB_.PC00.PEG2.PXP_: New power resource
[    0.486000] ACPI: \_SB_.PC00.PEG3.PXP_: New power resource
[    0.497912] ACPI: \_SB_.PC00.RP01.PXP_: New power resource
[    0.501151] ACPI: \_SB_.PC00.RP09.PXP_: New power resource
[    0.504444] ACPI: \_SB_.PC00.RP17.PXP_: New power resource
[    0.506809] ACPI: \_SB_.PC00.RP21.PXP_: New power resource
[    0.508726] ACPI: \_SB_.PC00.SAT0.VOL0.V0PR: New power resource
[    0.509079] ACPI: \_SB_.PC00.SAT0.VOL1.V1PR: New power resource
[    0.509429] ACPI: \_SB_.PC00.SAT0.VOL2.V2PR: New power resource
[    0.518533] ACPI: \_SB_.PC00.CNVW.WRST: New power resource
[    0.521432] ACPI: \_SB_.PC00.TBT0: New power resource
[    0.521705] ACPI: \_SB_.PC00.TBT1: New power resource
[    0.521977] ACPI: \_SB_.PC00.D3C_: New power resource
[    1.017974] ACPI: \_TZ_.FN00: New power resource
[    1.018015] ACPI: \_TZ_.FN01: New power resource
[    1.018015] ACPI: \_TZ_.FN02: New power resource
[    1.018015] ACPI: \_TZ_.FN03: New power resource
[    1.018015] ACPI: \_TZ_.FN04: New power resource
[    1.018015] ACPI: \PIN_: New power resource
[    1.018015] ACPI: PCI Root Bridge [PC00] (domain 0000 [bus 00-fe])
[    1.018015] acpi PNP0A08:00: _OSC: OS supports [ExtendedConfig ASPM ClockPM Segments MSI EDR HPX-Type3]
[    1.018015] acpi PNP0A08:00: _OSC: platform does not support [AER]
[    1.023878] acpi PNP0A08:00: _OSC: OS now controls [PCIeHotplug SHPCHotplug PME PCIeCapability LTR DPC]
[    1.032334] PCI host bridge to bus 0000:00
[    1.032337] pci_bus 0000:00: root bus resource [io  0x0000-0x0cf7 window]
[    1.032338] pci_bus 0000:00: root bus resource [io  0x0d00-0xffff window]
[    1.032340] pci_bus 0000:00: root bus resource [mem 0x000a0000-0x000bffff window]
[    1.032341] pci_bus 0000:00: root bus resource [mem 0x50400000-0xbfffffff window]
[    1.032342] pci_bus 0000:00: root bus resource [mem 0x4000000000-0x7fffffffff window]
[    1.032343] pci_bus 0000:00: root bus resource [bus 00-fe]
[    1.034911] pci 0000:00:00.0: [8086:9a36] type 00 class 0x060000
[    1.035055] pci 0000:00:02.0: [8086:9a60] type 00 class 0x030000
[    1.035063] pci 0000:00:02.0: reg 0x10: [mem 0x607c000000-0x607cffffff 64bit]
[    1.035068] pci 0000:00:02.0: reg 0x18: [mem 0x4000000000-0x400fffffff 64bit pref]
[    1.035072] pci 0000:00:02.0: reg 0x20: [io  0x3000-0x303f]
[    1.035085] pci 0000:00:02.0: DMAR: Skip IOMMU disabling for graphics
[    1.035088] pci 0000:00:02.0: Video device with shadowed ROM at [mem 0x000c0000-0x000dffff]
[    1.035114] pci 0000:00:02.0: reg 0x344: [mem 0x00000000-0x00ffffff 64bit]
[    1.035115] pci 0000:00:02.0: VF(n) BAR0 space: [mem 0x00000000-0x06ffffff 64bit] (contains BAR0 for 7 VFs)
[    1.035120] pci 0000:00:02.0: reg 0x34c: [mem 0x00000000-0x1fffffff 64bit pref]
[    1.035120] pci 0000:00:02.0: VF(n) BAR2 space: [mem 0x00000000-0xdfffffff 64bit pref] (contains BAR2 for 7 VFs)
[    1.035269] pci 0000:00:04.0: [8086:9a03] type 00 class 0x118000
[    1.035286] pci 0000:00:04.0: reg 0x10: [mem 0x607d180000-0x607d19ffff 64bit]
[    1.035581] pci 0000:00:06.0: [8086:9a0f] type 01 class 0x060400
[    1.035665] pci 0000:00:06.0: PME# supported from D0 D3hot D3cold
[    1.035698] pci 0000:00:06.0: PTM enabled (root), 4ns granularity
[    1.037445] pci 0000:00:07.0: [8086:9a2b] type 01 class 0x060400
[    1.037489] pci 0000:00:07.0: Overriding RP PIO Log Size to 4
[    1.037543] pci 0000:00:07.0: PME# supported from D0 D3hot D3cold
[    1.039330] pci 0000:00:07.1: [8086:9a2d] type 01 class 0x060400
[    1.039373] pci 0000:00:07.1: Overriding RP PIO Log Size to 4
[    1.039427] pci 0000:00:07.1: PME# supported from D0 D3hot D3cold
[    1.041204] pci 0000:00:07.2: [8086:9a2f] type 01 class 0x060400
[    1.041247] pci 0000:00:07.2: Overriding RP PIO Log Size to 4
[    1.041300] pci 0000:00:07.2: PME# supported from D0 D3hot D3cold
[    1.043086] pci 0000:00:07.3: [8086:9a31] type 01 class 0x060400
[    1.043129] pci 0000:00:07.3: Overriding RP PIO Log Size to 4
[    1.043181] pci 0000:00:07.3: PME# supported from D0 D3hot D3cold
[    1.044993] pci 0000:00:08.0: [8086:9a11] type 00 class 0x088000
[    1.045001] pci 0000:00:08.0: reg 0x10: [mem 0x607d1ed000-0x607d1edfff 64bit]
[    1.045105] pci 0000:00:0a.0: [8086:9a0d] type 00 class 0x118000
[    1.045112] pci 0000:00:0a.0: reg 0x10: [mem 0x607d1d0000-0x607d1d7fff 64bit]
[    1.045134] pci 0000:00:0a.0: enabling Extended Tags
[    1.045246] pci 0000:00:0d.0: [8086:9a17] type 00 class 0x0c0330
[    1.045258] pci 0000:00:0d.0: reg 0x10: [mem 0x607d1c0000-0x607d1cffff 64bit]
[    1.045309] pci 0000:00:0d.0: PME# supported from D3hot D3cold
[    1.047016] pci 0000:00:0d.2: [8086:9a1f] type 00 class 0x0c0340
[    1.047029] pci 0000:00:0d.2: reg 0x10: [mem 0x607d140000-0x607d17ffff 64bit]
[    1.047037] pci 0000:00:0d.2: reg 0x18: [mem 0x607d1ec000-0x607d1ecfff 64bit]
[    1.047073] pci 0000:00:0d.2: supports D1 D2
[    1.047073] pci 0000:00:0d.2: PME# supported from D0 D1 D2 D3hot D3cold
[    1.047188] pci 0000:00:0d.3: [8086:9a21] type 00 class 0x0c0340
[    1.047199] pci 0000:00:0d.3: reg 0x10: [mem 0x607d100000-0x607d13ffff 64bit]
[    1.047207] pci 0000:00:0d.3: reg 0x18: [mem 0x607d1eb000-0x607d1ebfff 64bit]
[    1.047242] pci 0000:00:0d.3: supports D1 D2
[    1.047243] pci 0000:00:0d.3: PME# supported from D0 D1 D2 D3hot D3cold
[    1.047432] pci 0000:00:12.0: [8086:43fc] type 00 class 0x070000
[    1.047452] pci 0000:00:12.0: reg 0x10: [mem 0x607d1b0000-0x607d1bffff 64bit]
[    1.047520] pci 0000:00:12.0: PME# supported from D0 D3hot
[    1.049440] pci 0000:00:14.0: [8086:43ed] type 00 class 0x0c0330
[    1.049458] pci 0000:00:14.0: reg 0x10: [mem 0x607d1a0000-0x607d1affff 64bit]
[    1.049533] pci 0000:00:14.0: PME# supported from D3hot D3cold
[    1.051281] pci 0000:00:14.2: [8086:43ef] type 00 class 0x050000
[    1.051299] pci 0000:00:14.2: reg 0x10: [mem 0x607d1dc000-0x607d1dffff 64bit]
[    1.051312] pci 0000:00:14.2: reg 0x18: [mem 0x607d1ea000-0x607d1eafff 64bit]
[    1.051547] pci 0000:00:15.0: [8086:43e8] type 00 class 0x0c8000
[    1.051573] pci 0000:00:15.0: reg 0x10: [mem 0x00000000-0x00000fff 64bit]
[    1.052028] pci 0000:00:15.1: [8086:43e9] type 00 class 0x0c8000
[    1.052056] pci 0000:00:15.1: reg 0x10: [mem 0x00000000-0x00000fff 64bit]
[    1.052484] pci 0000:00:15.2: [8086:43ea] type 00 class 0x0c8000
[    1.052509] pci 0000:00:15.2: reg 0x10: [mem 0x00000000-0x00000fff 64bit]
[    1.053011] pci 0000:00:15.3: [8086:43eb] type 00 class 0x0c8000
[    1.053036] pci 0000:00:15.3: reg 0x10: [mem 0x00000000-0x00000fff 64bit]
[    1.053462] pci 0000:00:16.0: [8086:43e0] type 00 class 0x078000
[    1.053484] pci 0000:00:16.0: reg 0x10: [mem 0x607d1e5000-0x607d1e5fff 64bit]
[    1.053565] pci 0000:00:16.0: PME# supported from D3hot
[    1.055506] pci 0000:00:17.0: [8086:43d2] type 00 class 0x010601
[    1.055522] pci 0000:00:17.0: reg 0x10: [mem 0x8a320000-0x8a321fff]
[    1.055532] pci 0000:00:17.0: reg 0x14: [mem 0x8a324000-0x8a3240ff]
[    1.055542] pci 0000:00:17.0: reg 0x18: [io  0x3080-0x3087]
[    1.055551] pci 0000:00:17.0: reg 0x1c: [io  0x3088-0x308b]
[    1.055561] pci 0000:00:17.0: reg 0x20: [io  0x3060-0x307f]
[    1.055571] pci 0000:00:17.0: reg 0x24: [mem 0x8a323000-0x8a3237ff]
[    1.055616] pci 0000:00:17.0: PME# supported from D3hot
[    1.056197] pci 0000:00:19.0: [8086:43ad] type 00 class 0x0c8000
[    1.056227] pci 0000:00:19.0: reg 0x10: [mem 0x00000000-0x00000fff 64bit]
[    1.056679] pci 0000:00:19.1: [8086:43ae] type 00 class 0x0c8000
[    1.056707] pci 0000:00:19.1: reg 0x10: [mem 0x00000000-0x00000fff 64bit]
[    1.057200] pci 0000:00:1e.0: [8086:43a8] type 00 class 0x078000
[    1.057228] pci 0000:00:1e.0: reg 0x10: [mem 0x00000000-0x00000fff 64bit]
[    1.057714] pci 0000:00:1e.3: [8086:43ab] type 00 class 0x0c8000
[    1.057744] pci 0000:00:1e.3: reg 0x10: [mem 0x00000000-0x00000fff 64bit]
[    1.058162] pci 0000:00:1f.0: [8086:438a] type 00 class 0x060100
[    1.058518] pci 0000:00:1f.3: [8086:43c8] type 00 class 0x040100
[    1.058558] pci 0000:00:1f.3: reg 0x10: [mem 0x607d1d8000-0x607d1dbfff 64bit]
[    1.058610] pci 0000:00:1f.3: reg 0x20: [mem 0x607d000000-0x607d0fffff 64bit]
[    1.058714] pci 0000:00:1f.3: PME# supported from D3hot D3cold
[    1.062168] pci 0000:00:1f.4: [8086:43a3] type 00 class 0x0c0500
[    1.062189] pci 0000:00:1f.4: reg 0x10: [mem 0x607d1e0000-0x607d1e00ff 64bit]
[    1.062210] pci 0000:00:1f.4: reg 0x20: [io  0xefa0-0xefbf]
[    1.062434] pci 0000:00:1f.5: [8086:43a4] type 00 class 0x0c8000
[    1.062451] pci 0000:00:1f.5: reg 0x10: [mem 0xfe010000-0xfe010fff]
[    1.062462] pci 0000:00:1f.5: reg 0x14: [mem 0x52000000-0x53ffffff]
[    1.062624] pci 0000:00:1f.6: [8086:15fa] type 00 class 0x020000
[    1.062658] pci 0000:00:1f.6: reg 0x10: [mem 0x8a300000-0x8a31ffff]
[    1.062830] pci 0000:00:1f.6: PME# supported from D0 D3hot D3cold
[    1.063603] pci 0000:01:00.0: [1987:5016] type 00 class 0x010802
[    1.063617] pci 0000:01:00.0: reg 0x10: [mem 0x8a200000-0x8a203fff 64bit]
[    1.064275] pci 0000:00:06.0: PCI bridge to [bus 01]
[    1.064278] pci 0000:00:06.0:   bridge window [mem 0x8a200000-0x8a2fffff]
[    1.064313] pci 0000:00:07.0: PCI bridge to [bus 02-2b]
[    1.064317] pci 0000:00:07.0:   bridge window [mem 0x7e000000-0x8a1fffff]
[    1.064321] pci 0000:00:07.0:   bridge window [mem 0x6000000000-0x601bffffff 64bit pref]
[    1.064351] pci 0000:00:07.1: PCI bridge to [bus 2c-55]
[    1.064355] pci 0000:00:07.1:   bridge window [mem 0x70000000-0x7c1fffff]
[    1.064358] pci 0000:00:07.1:   bridge window [mem 0x6020000000-0x603bffffff 64bit pref]
[    1.064389] pci 0000:00:07.2: PCI bridge to [bus 56-7f]
[    1.064392] pci 0000:00:07.2:   bridge window [mem 0x62000000-0x6e1fffff]
[    1.064395] pci 0000:00:07.2:   bridge window [mem 0x6040000000-0x605bffffff 64bit pref]
[    1.064425] pci 0000:00:07.3: PCI bridge to [bus 80-a9]
[    1.064429] pci 0000:00:07.3:   bridge window [mem 0x54000000-0x601fffff]
[    1.064432] pci 0000:00:07.3:   bridge window [mem 0x6060000000-0x607bffffff 64bit pref]
[    1.094473] Low-power S0 idle used by default for system suspend
[    1.253430] ACPI: EC: interrupt unblocked
[    1.253431] ACPI: EC: event unblocked
[    1.253450] ACPI: EC: EC_CMD/EC_SC=0x66, EC_DATA=0x62
[    1.253451] ACPI: EC: GPE=0x6e
[    1.253452] ACPI: \_SB_.PC00.LPCB.H_EC: Boot ECDT EC initialization complete
[    1.253453] ACPI: \_SB_.PC00.LPCB.H_EC: EC: Used to handle transactions and events
[    1.253525] iommu: Default domain type: Translated 
[    1.253525] iommu: DMA domain TLB invalidation policy: lazy mode 
[    1.253525] SCSI subsystem initialized
[    1.253525] libata version 3.00 loaded.
[    1.253525] ACPI: bus type USB registered
[    1.253525] usbcore: registered new interface driver usbfs
[    1.253525] usbcore: registered new interface driver hub
[    1.253525] usbcore: registered new device driver usb
[    1.253525] pps_core: LinuxPPS API ver. 1 registered
[    1.253525] pps_core: Software ver. 5.3.6 - Copyright 2005-2007 Rodolfo Giometti <giometti@linux.it>
[    1.253525] PTP clock support registered
[    1.253525] EDAC MC: Ver: 3.0.0
[    1.254024] EDAC DEBUG: edac_mc_sysfs_init: device mc created
[    1.254046] efivars: Registered efivars operations
[    1.258310] NetLabel: Initializing
[    1.258314] NetLabel:  domain hash size = 128
[    1.258315] NetLabel:  protocols = UNLABELED CIPSOv4 CALIPSO
[    1.258333] NetLabel:  unlabeled traffic allowed by default
[    1.258349] PCI: Using ACPI for IRQ routing
[    1.270986] PCI: pci_cache_line_size set to 64 bytes
[    1.271667] pci 0000:00:1f.5: can't claim BAR 0 [mem 0xfe010000-0xfe010fff]: no compatible bridge window
[    1.272337] e820: reserve RAM buffer [mem 0x0009f000-0x0009ffff]
[    1.272338] e820: reserve RAM buffer [mem 0x3d8fe000-0x3fffffff]
[    1.272339] e820: reserve RAM buffer [mem 0x416dc000-0x43ffffff]
[    1.272340] e820: reserve RAM buffer [mem 0x44c00000-0x47ffffff]
[    1.272340] e820: reserve RAM buffer [mem 0x8afc00000-0x8afffffff]
[    1.272361] pci 0000:00:02.0: vgaarb: setting as boot VGA device
[    1.272361] pci 0000:00:02.0: vgaarb: bridge control possible
[    1.272361] pci 0000:00:02.0: vgaarb: VGA device added: decodes=io+mem,owns=io+mem,locks=none
[    1.272361] vgaarb: loaded
[    1.272361] clocksource: Switched to clocksource tsc-early
[    1.279232] VFS: Disk quotas dquot_6.6.0
[    1.279241] VFS: Dquot-cache hash table entries: 512 (order 0, 4096 bytes)
[    1.279273] pnp: PnP ACPI init
[    1.280100] system 00:00: [io  0x06a4] has been reserved
[    1.280102] system 00:00: [io  0x06a0] has been reserved
[    1.280327] system 00:01: [io  0x0680-0x069f] has been reserved
[    1.280329] system 00:01: [io  0x164e-0x164f] has been reserved
[    1.280428] system 00:02: [io  0x1854-0x1857] has been reserved
[    1.283042] pnp 00:05: disabling [mem 0xc0000000-0xcfffffff] because it overlaps 0000:00:02.0 BAR 9 [mem 0x00000000-0xdfffffff 64bit pref]
[    1.283044] pnp 00:05: disabling [mem 0x423ff000-0x4240efff] because it overlaps 0000:00:02.0 BAR 9 [mem 0x00000000-0xdfffffff 64bit pref]
[    1.283069] system 00:05: [mem 0xfedc0000-0xfedc7fff] has been reserved
[    1.283070] system 00:05: [mem 0xfeda0000-0xfeda0fff] has been reserved
[    1.283071] system 00:05: [mem 0xfeda1000-0xfeda1fff] has been reserved
[    1.283072] system 00:05: [mem 0xfed20000-0xfed7ffff] could not be reserved
[    1.283073] system 00:05: [mem 0xfed90000-0xfed93fff] could not be reserved
[    1.283074] system 00:05: [mem 0xfed45000-0xfed8ffff] could not be reserved
[    1.283075] system 00:05: [mem 0xfee00000-0xfeefffff] has been reserved
[    1.286030] system 00:06: [io  0x1800-0x18fe] could not be reserved
[    1.286032] system 00:06: [mem 0xfe000000-0xfe01ffff] has been reserved
[    1.286033] system 00:06: [mem 0xfe04c000-0xfe04ffff] has been reserved
[    1.286034] system 00:06: [mem 0xfe050000-0xfe0affff] has been reserved
[    1.286035] system 00:06: [mem 0xfe0d0000-0xfe0fffff] has been reserved
[    1.286035] system 00:06: [mem 0xfe200000-0xfe7fffff] has been reserved
[    1.286036] system 00:06: [mem 0xff000000-0xffffffff] has been reserved
[    1.286037] system 00:06: [mem 0xfd000000-0xfd68ffff] has been reserved
[    1.286038] system 00:06: [mem 0xfd6c0000-0xfd6cffff] has been reserved
[    1.286039] system 00:06: [mem 0xfd6f0000-0xfdffffff] has been reserved
[    1.286315] system 00:07: [io  0x2000-0x20fe] has been reserved
[    1.286538] pnp 00:09: disabling [mem 0x00000000-0x0009cfff] because it overlaps 0000:00:02.0 BAR 7 [mem 0x00000000-0x06ffffff 64bit]
[    1.286540] pnp 00:09: disabling [mem 0x00000000-0x0009cfff disabled] because it overlaps 0000:00:02.0 BAR 9 [mem 0x00000000-0xdfffffff 64bit pref]
[    1.286779] pnp: PnP ACPI: found 10 devices
[    1.292119] clocksource: acpi_pm: mask: 0xffffff max_cycles: 0xffffff, max_idle_ns: 2085701024 ns
[    1.292156] NET: Registered PF_INET protocol family
[    1.292326] IP idents hash table entries: 262144 (order: 9, 2097152 bytes, linear)
[    1.294270] tcp_listen_portaddr_hash hash table entries: 16384 (order: 6, 262144 bytes, linear)
[    1.294296] Table-perturb hash table entries: 65536 (order: 6, 262144 bytes, linear)
[    1.294307] TCP established hash table entries: 262144 (order: 9, 2097152 bytes, linear)
[    1.294504] TCP bind hash table entries: 65536 (order: 9, 2097152 bytes, linear)
[    1.294670] TCP: Hash tables configured (established 262144 bind 65536)
[    1.294696] UDP hash table entries: 16384 (order: 7, 524288 bytes, linear)
[    1.294735] UDP-Lite hash table entries: 16384 (order: 7, 524288 bytes, linear)
[    1.294804] NET: Registered PF_UNIX/PF_LOCAL protocol family
[    1.294814] pci_bus 0000:00: max bus depth: 1 pci_try_num: 2
[    1.294824] pci 0000:00:02.0: BAR 9: assigned [mem 0x4020000000-0x40ffffffff 64bit pref]
[    1.294828] pci 0000:00:02.0: BAR 7: assigned [mem 0x4010000000-0x4016ffffff 64bit]
[    1.294830] pci 0000:00:07.0: BAR 13: assigned [io  0x4000-0x4fff]
[    1.294831] pci 0000:00:07.1: BAR 13: assigned [io  0x5000-0x5fff]
[    1.294833] pci 0000:00:07.2: BAR 13: assigned [io  0x6000-0x6fff]
[    1.294834] pci 0000:00:07.3: BAR 13: assigned [io  0x7000-0x7fff]
[    1.294835] pci 0000:00:15.0: BAR 0: assigned [mem 0x4017000000-0x4017000fff 64bit]
[    1.294910] pci 0000:00:15.1: BAR 0: assigned [mem 0x4017001000-0x4017001fff 64bit]
[    1.294923] pci 0000:00:15.2: BAR 0: assigned [mem 0x4017002000-0x4017002fff 64bit]
[    1.294937] pci 0000:00:15.3: BAR 0: assigned [mem 0x4017003000-0x4017003fff 64bit]
[    1.294993] pci 0000:00:19.0: BAR 0: assigned [mem 0x4017004000-0x4017004fff 64bit]
[    1.295047] pci 0000:00:19.1: BAR 0: assigned [mem 0x4017005000-0x4017005fff 64bit]
[    1.295103] pci 0000:00:1e.0: BAR 0: assigned [mem 0x4017006000-0x4017006fff 64bit]
[    1.295115] pci 0000:00:1e.3: BAR 0: assigned [mem 0x4017007000-0x4017007fff 64bit]
[    1.295129] resource: avoiding allocation from e820 entry [mem 0x0009f000-0x000fffff]
[    1.295130] pci 0000:00:1f.5: BAR 0: assigned [mem 0x50400000-0x50400fff]
[    1.295141] pci 0000:00:06.0: PCI bridge to [bus 01]
[    1.295148] pci 0000:00:06.0:   bridge window [mem 0x8a200000-0x8a2fffff]
[    1.295157] pci 0000:00:07.0: PCI bridge to [bus 02-2b]
[    1.295159] pci 0000:00:07.0:   bridge window [io  0x4000-0x4fff]
[    1.295162] pci 0000:00:07.0:   bridge window [mem 0x7e000000-0x8a1fffff]
[    1.295164] pci 0000:00:07.0:   bridge window [mem 0x6000000000-0x601bffffff 64bit pref]
[    1.295168] pci 0000:00:07.1: PCI bridge to [bus 2c-55]
[    1.295170] pci 0000:00:07.1:   bridge window [io  0x5000-0x5fff]
[    1.295172] pci 0000:00:07.1:   bridge window [mem 0x70000000-0x7c1fffff]
[    1.295175] pci 0000:00:07.1:   bridge window [mem 0x6020000000-0x603bffffff 64bit pref]
[    1.295178] pci 0000:00:07.2: PCI bridge to [bus 56-7f]
[    1.295180] pci 0000:00:07.2:   bridge window [io  0x6000-0x6fff]
[    1.295183] pci 0000:00:07.2:   bridge window [mem 0x62000000-0x6e1fffff]
[    1.295185] pci 0000:00:07.2:   bridge window [mem 0x6040000000-0x605bffffff 64bit pref]
[    1.295189] pci 0000:00:07.3: PCI bridge to [bus 80-a9]
[    1.295190] pci 0000:00:07.3:   bridge window [io  0x7000-0x7fff]
[    1.295193] pci 0000:00:07.3:   bridge window [mem 0x54000000-0x601fffff]
[    1.295195] pci 0000:00:07.3:   bridge window [mem 0x6060000000-0x607bffffff 64bit pref]
[    1.295199] pci_bus 0000:00: resource 4 [io  0x0000-0x0cf7 window]
[    1.295201] pci_bus 0000:00: resource 5 [io  0x0d00-0xffff window]
[    1.295202] pci_bus 0000:00: resource 6 [mem 0x000a0000-0x000bffff window]
[    1.295203] pci_bus 0000:00: resource 7 [mem 0x50400000-0xbfffffff window]
[    1.295203] pci_bus 0000:00: resource 8 [mem 0x4000000000-0x7fffffffff window]
[    1.295204] pci_bus 0000:01: resource 1 [mem 0x8a200000-0x8a2fffff]
[    1.295205] pci_bus 0000:02: resource 0 [io  0x4000-0x4fff]
[    1.295206] pci_bus 0000:02: resource 1 [mem 0x7e000000-0x8a1fffff]
[    1.295207] pci_bus 0000:02: resource 2 [mem 0x6000000000-0x601bffffff 64bit pref]
[    1.295208] pci_bus 0000:2c: resource 0 [io  0x5000-0x5fff]
[    1.295208] pci_bus 0000:2c: resource 1 [mem 0x70000000-0x7c1fffff]
[    1.295209] pci_bus 0000:2c: resource 2 [mem 0x6020000000-0x603bffffff 64bit pref]
[    1.295210] pci_bus 0000:56: resource 0 [io  0x6000-0x6fff]
[    1.295211] pci_bus 0000:56: resource 1 [mem 0x62000000-0x6e1fffff]
[    1.295211] pci_bus 0000:56: resource 2 [mem 0x6040000000-0x605bffffff 64bit pref]
[    1.295212] pci_bus 0000:80: resource 0 [io  0x7000-0x7fff]
[    1.295213] pci_bus 0000:80: resource 1 [mem 0x54000000-0x601fffff]
[    1.295213] pci_bus 0000:80: resource 2 [mem 0x6060000000-0x607bffffff 64bit pref]
[    1.295456] pci 0000:00:0d.0: enabling device (0000 -> 0002)
[    1.296441] PCI: CLS 0 bytes, default 64
[    1.296464] DMAR: No ATSR found
[    1.296464] DMAR: No SATC found
[    1.296466] DMAR: IOMMU feature fl1gp_support inconsistent
[    1.296467] DMAR: IOMMU feature pgsel_inv inconsistent
[    1.296467] DMAR: IOMMU feature nwfs inconsistent
[    1.296468] DMAR: IOMMU feature dit inconsistent
[    1.296468] DMAR: IOMMU feature sc_support inconsistent
[    1.296469] DMAR: IOMMU feature dev_iotlb_support inconsistent
[    1.296470] DMAR: dmar4: Using Queued invalidation
[    1.296473] DMAR: dmar3: Using Queued invalidation
[    1.296475] DMAR: dmar2: Using Queued invalidation
[    1.296477] DMAR: dmar1: Using Queued invalidation
[    1.296479] DMAR: dmar0: Using Queued invalidation
[    1.296480] DMAR: dmar5: Using Queued invalidation
[    1.296483] Trying to unpack rootfs image as initramfs...
[    1.296622] pci 0000:00:07.3: Adding to iommu group 0
[    1.296722] pci 0000:00:07.2: Adding to iommu group 1
[    1.296820] pci 0000:00:07.1: Adding to iommu group 2
[    1.296893] pci 0000:00:07.0: Adding to iommu group 3
[    1.296973] pci 0000:00:02.0: Adding to iommu group 4
[    1.297243] pci 0000:00:00.0: Adding to iommu group 5
[    1.297250] pci 0000:00:04.0: Adding to iommu group 6
[    1.297262] pci 0000:00:06.0: Adding to iommu group 7
[    1.297269] pci 0000:00:08.0: Adding to iommu group 8
[    1.297276] pci 0000:00:0a.0: Adding to iommu group 9
[    1.297294] pci 0000:00:0d.0: Adding to iommu group 10
[    1.297302] pci 0000:00:0d.2: Adding to iommu group 10
[    1.297310] pci 0000:00:0d.3: Adding to iommu group 10
[    1.297320] pci 0000:00:12.0: Adding to iommu group 11
[    1.297334] pci 0000:00:14.0: Adding to iommu group 12
[    1.297343] pci 0000:00:14.2: Adding to iommu group 12
[    1.297363] pci 0000:00:15.0: Adding to iommu group 13
[    1.297372] pci 0000:00:15.1: Adding to iommu group 13
[    1.297379] pci 0000:00:15.2: Adding to iommu group 13
[    1.297387] pci 0000:00:15.3: Adding to iommu group 13
[    1.297407] pci 0000:00:16.0: Adding to iommu group 14
[    1.297415] pci 0000:00:17.0: Adding to iommu group 15
[    1.297428] pci 0000:00:19.0: Adding to iommu group 16
[    1.297437] pci 0000:00:19.1: Adding to iommu group 16
[    1.297451] pci 0000:00:1e.0: Adding to iommu group 17
[    1.297460] pci 0000:00:1e.3: Adding to iommu group 17
[    1.297485] pci 0000:00:1f.0: Adding to iommu group 18
[    1.297493] pci 0000:00:1f.3: Adding to iommu group 18
[    1.297502] pci 0000:00:1f.4: Adding to iommu group 18
[    1.297511] pci 0000:00:1f.5: Adding to iommu group 18
[    1.297519] pci 0000:00:1f.6: Adding to iommu group 18
[    1.297532] pci 0000:01:00.0: Adding to iommu group 19
[    1.298522] DMAR: Intel(R) Virtualization Technology for Directed I/O
[    1.298523] PCI-DMA: Using software bounce buffering for IO (SWIOTLB)
[    1.298524] software IO TLB: mapped [mem 0x00000000386dd000-0x000000003c6dd000] (64MB)
[    1.298611] resource: resource sanity check: requesting [mem 0x00000000fedc0000-0x00000000fedcdfff], which spans more than pnp 00:05 [mem 0xfedc0000-0xfedc7fff]
[    1.298613] caller __uncore_imc_init_box+0xc1/0x140 mapping multiple BARs
[    1.306329] clocksource: tsc: mask: 0xffffffffffffffff max_cycles: 0x2cd5a8bb032, max_idle_ns: 440795365915 ns
[    1.306391] clocksource: Switched to clocksource tsc
[    1.306412] platform rtc_cmos: registered platform RTC device (no PNP device found)
[    1.307759] Initialise system trusted keyrings
[    1.307766] Key type blacklist registered
[    1.307802] workingset: timestamp_bits=36 max_order=23 bucket_order=0
[    1.307808] zbud: loaded
[    1.307915] squashfs: version 4.0 (2009/01/31) Phillip Lougher
[    1.307997] fuse: init (API version 7.38)
[    1.308021] SGI XFS with ACLs, security attributes, realtime, quota, no debug enabled
[    1.314956] Key type asymmetric registered
[    1.314957] Asymmetric key parser 'x509' registered
[    1.314964] Block layer SCSI generic (bsg) driver version 0.4 loaded (major 243)
[    1.315000] io scheduler mq-deadline registered
[    1.315005] io scheduler bfq registered
[    1.315494] pcieport 0000:00:06.0: PME: Signaling with IRQ 126
[    1.315700] pcieport 0000:00:07.0: PME: Signaling with IRQ 127
[    1.315716] pcieport 0000:00:07.0: pciehp: Slot #0 AttnBtn- PwrCtrl- MRL- AttnInd- PwrInd- HotPlug+ Surprise+ Interlock- NoCompl+ IbPresDis- LLActRep+
[    1.315949] pcieport 0000:00:07.1: PME: Signaling with IRQ 128
[    1.315962] pcieport 0000:00:07.1: pciehp: Slot #0 AttnBtn- PwrCtrl- MRL- AttnInd- PwrInd- HotPlug+ Surprise+ Interlock- NoCompl+ IbPresDis- LLActRep+
[    1.316198] pcieport 0000:00:07.2: PME: Signaling with IRQ 129
[    1.316212] pcieport 0000:00:07.2: pciehp: Slot #0 AttnBtn- PwrCtrl- MRL- AttnInd- PwrInd- HotPlug+ Surprise+ Interlock- NoCompl+ IbPresDis- LLActRep+
[    1.316431] pcieport 0000:00:07.3: PME: Signaling with IRQ 130
[    1.316445] pcieport 0000:00:07.3: pciehp: Slot #0 AttnBtn- PwrCtrl- MRL- AttnInd- PwrInd- HotPlug+ Surprise+ Interlock- NoCompl+ IbPresDis- LLActRep+
[    1.316571] shpchp: Standard Hot Plug PCI Controller Driver version: 0.4
[    1.316778] Monitor-Mwait will be used to enter C-1 state
[    1.316781] Monitor-Mwait will be used to enter C-2 state
[    1.316782] Monitor-Mwait will be used to enter C-3 state
[    1.316783] ACPI: \_SB_.PR00: Found 3 idle states
[    1.317274] IPMI message handler: version 39.2
[    1.317280] ipmi device interface
[    1.319112] input: Lid Switch as /devices/LNXSYSTM:00/LNXSYBUS:00/PNP0A08:00/device:1d/PNP0C09:00/PNP0C0D:00/input/input0
[    1.319125] ACPI: button: Lid Switch [LID0]
[    1.319154] input: Power Button as /devices/LNXSYSTM:00/LNXSYBUS:00/PNP0C0C:00/input/input1
[    1.319174] ACPI: button: Power Button [PWRB]
[    1.319189] input: Sleep Button as /devices/LNXSYSTM:00/LNXSYBUS:00/PNP0C0E:00/input/input2
[    1.319197] ACPI: button: Sleep Button [SLPB]
[    1.327101] thermal LNXTHERM:00: registered as thermal_zone0
[    1.327103] ACPI: thermal: Thermal Zone [TZ00] (40 C)
[    1.327226] ERST DBG: ERST support is disabled.
[    1.327435] ACPI: battery: Slot [BAT0] (battery present)
[    1.327454] Serial: 8250/16550 driver, 32 ports, IRQ sharing enabled
[    1.327474] serial 00:03: using ACPI '\_SB.PC00.LPCB.H8S2.UAR9' for 'rs485-term' GPIO lookup
[    1.327480] acpi PNP0501:05: GPIO: looking up rs485-term-gpios
[    1.327481] acpi PNP0501:05: GPIO: looking up rs485-term-gpio
[    1.327482] serial 00:03: using lookup tables for GPIO lookup
[    1.327483] serial 00:03: No GPIO consumer rs485-term found
[    1.327484] serial 00:03: using ACPI '\_SB.PC00.LPCB.H8S2.UAR9' for 'rs485-rx-during-tx' GPIO lookup
[    1.327485] acpi PNP0501:05: GPIO: looking up rs485-rx-during-tx-gpios
[    1.327485] ACPI: battery: Slot [BAT1] (battery absent)
[    1.327486] acpi PNP0501:05: GPIO: looking up rs485-rx-during-tx-gpio
[    1.327487] serial 00:03: using lookup tables for GPIO lookup
[    1.327488] serial 00:03: No GPIO consumer rs485-rx-during-tx found
[    1.327522] ACPI: battery: Slot [BAT2] (battery absent)
[    1.328171] 00:03: ttyS0 at I/O 0x3f8 (irq = 4, base_baud = 115200) is a 16550A
[    1.334249] serial 0000:00:12.0: enabling device (0000 -> 0002)
[    1.334606] hpet_acpi_add: no address or irqs in _CRS
[    1.334635] Linux agpgart interface v0.103
[    1.334666] acpi INTC6000:00: GPIO: looking up 0 in _CRS
[    1.343796] ACPI: bus type drm_connector registered
[    1.344604] i915 0000:00:02.0: [drm] VT-d active for gfx access
[    1.344607] i915 0000:00:02.0: vgaarb: deactivate vga console
[    1.344654] i915 0000:00:02.0: [drm] Using Transparent Hugepages
[    1.347757] i915 0000:00:02.0: vgaarb: changed VGA decodes: olddecodes=io+mem,decodes=io+mem:owns=io+mem
[    1.766868] Freeing initrd memory: 50680K
[    1.766903] i915 0000:00:02.0: Direct firmware load for i915/tgl_dmc_ver2_12.bin failed with error -2
[    1.766908] i915 0000:00:02.0: [drm] Failed to load DMC firmware i915/tgl_dmc_ver2_12.bin. Disabling runtime power management.
[    1.766909] i915 0000:00:02.0: [drm] DMC firmware homepage: https://git.kernel.org/pub/scm/linux/kernel/git/firmware/linux-firmware.git/tree/i915
[    2.205702] i915 0000:00:02.0: [drm] [ENCODER:307:DDI A/PHY A] failed to retrieve link info, disabling eDP
[    2.219172] [drm] Initialized i915 1.6.0 20201103 for 0000:00:02.0 on minor 0
[    2.221260] ACPI: video: Video Device [GFX0] (multi-head: yes  rom: no  post: no)
[    2.221451] input: Video Bus as /devices/LNXSYSTM:00/LNXSYBUS:00/PNP0A08:00/LNXVIDEO:00/input/input3
[    2.222008] i915 0000:00:02.0: [drm] Cannot find any crtc or sizes
[    2.222485] i915 0000:00:02.0: [drm] Cannot find any crtc or sizes
[    2.224160] loop: module loaded
[    2.224641] nvme 0000:01:00.0: platform quirk: setting simple suspend
[    2.224751] nvme nvme0: pci function 0000:01:00.0
[    2.225207] ahci 0000:00:17.0: version 3.0
[    2.226682] ahci 0000:00:17.0: AHCI 0001.0301 32 slots 3 ports 6 Gbps 0xd impl SATA mode
[    2.226684] ahci 0000:00:17.0: flags: 64bit ncq sntf pm clo only pio slum part ems deso sadm sds 
[    2.232347] nvme nvme0: Shutdown timeout set to 10 seconds
[    2.233295] nvme nvme0: 8/0/0 default/read/poll queues
[    2.234287] nvme nvme0: Ignoring bogus Namespace Identifiers
[    2.235618]  nvme0n1: p1 p2 p3 p4
[    2.250865] scsi host0: ahci
[    2.251357] scsi host1: ahci
[    2.251785] scsi host2: ahci
[    2.252108] scsi host3: ahci
[    2.252204] ata1: SATA max UDMA/133 abar m2048@0x8a323000 port 0x8a323100 irq 132
[    2.252207] ata2: DUMMY
[    2.252229] ata3: SATA max UDMA/133 abar m2048@0x8a323000 port 0x8a323200 irq 132
[    2.252233] ata4: SATA max UDMA/133 abar m2048@0x8a323000 port 0x8a323280 irq 132
[    2.252469] mdio_bus fixed-0: using lookup tables for GPIO lookup
[    2.252472] mdio_bus fixed-0: No GPIO consumer reset found
[    2.252474] tun: Universal TUN/TAP device driver, 1.6
[    2.252631] igb: Intel(R) Gigabit Ethernet Network Driver
[    2.252634] igb: Copyright (c) 2007-2014 Intel Corporation.
[    2.252654] PPP generic driver version 2.4.2
[    2.252808] VFIO - User Level meta-driver version: 0.3
[    2.252982] usbcore: registered new interface driver uas
[    2.252993] usbcore: registered new interface driver usb-storage
[    2.253039] i8042: PNP: PS/2 Controller [PNP0303:PS2K] at 0x60,0x64 irq 1
[    2.253042] i8042: PNP: PS/2 appears to have AUX port disabled, if this is incorrect please boot with i8042.nopnp
[    2.253041] xhci_hcd 0000:00:0d.0: xHCI Host Controller
[    2.253051] xhci_hcd 0000:00:0d.0: new USB bus registered, assigned bus number 1
[    2.253371] xhci_hcd 0000:00:14.0: xHCI Host Controller
[    2.253380] xhci_hcd 0000:00:14.0: new USB bus registered, assigned bus number 2
[    2.253392] i8042: Warning: Keylock active
[    2.253527] serio: i8042 KBD port at 0x60,0x64 irq 1
[    2.253651] mousedev: PS/2 mouse device common for all mice
[    2.253842] rtc_cmos rtc_cmos: RTC can wake from S4
[    2.254236] xhci_hcd 0000:00:0d.0: hcc params 0x20007fc1 hci version 0x120 quirks 0x0000000200009810
[    2.254559] xhci_hcd 0000:00:14.0: hcc params 0x20007fc1 hci version 0x120 quirks 0x0000000200009810
[    2.254567] xhci_hcd 0000:00:0d.0: xHCI Host Controller
[    2.254572] xhci_hcd 0000:00:0d.0: new USB bus registered, assigned bus number 3
[    2.254575] xhci_hcd 0000:00:0d.0: Host supports USB 3.1 Enhanced SuperSpeed
[    2.254619] usb usb1: New USB device found, idVendor=1d6b, idProduct=0002, bcdDevice= 6.03
[    2.254622] usb usb1: New USB device strings: Mfr=3, Product=2, SerialNumber=1
[    2.254624] usb usb1: Product: xHCI Host Controller
[    2.254625] usb usb1: Manufacturer: Linux 6.3.0-rc5-revert-7b61212f2a07a5afd+ xhci-hcd
[    2.254627] usb usb1: SerialNumber: 0000:00:0d.0
[    2.254746] rtc_cmos rtc_cmos: registered as rtc0
[    2.254779] hub 1-0:1.0: USB hub found
[    2.254789] hub 1-0:1.0: 1 port detected
[    2.254895] xhci_hcd 0000:00:14.0: xHCI Host Controller
[    2.254916] usb usb3: New USB device found, idVendor=1d6b, idProduct=0003, bcdDevice= 6.03
[    2.254919] usb usb3: New USB device strings: Mfr=3, Product=2, SerialNumber=1
[    2.254921] usb usb3: Product: xHCI Host Controller
[    2.254922] usb usb3: Manufacturer: Linux 6.3.0-rc5-revert-7b61212f2a07a5afd+ xhci-hcd
[    2.254923] usb usb3: SerialNumber: 0000:00:0d.0
[    2.254949] rtc_cmos rtc_cmos: setting system clock to 2023-04-06T17:10:32 UTC (1680801032)
[    2.254955] rtc_cmos rtc_cmos: using lookup tables for GPIO lookup
[    2.254956] rtc_cmos rtc_cmos: No GPIO consumer wp found
[    2.255015] rtc_cmos rtc_cmos: alarms up to one month, y3k, 114 bytes nvram
[    2.255026] i2c_dev: i2c /dev entries driver
[    2.255039] hub 3-0:1.0: USB hub found
[    2.255052] hub 3-0:1.0: 4 ports detected
[    2.256030] device-mapper: core: CONFIG_IMA_DISABLE_HTABLE is disabled. Duplicate IMA measurements will not be recorded in the IMA log.
[    2.256047] device-mapper: uevent: version 1.0.3
[    2.256089] device-mapper: ioctl: 4.47.0-ioctl (2022-07-28) initialised: dm-devel@redhat.com
[    2.256096] intel_pstate: Intel P-state driver initializing
[    2.257227] xhci_hcd 0000:00:14.0: new USB bus registered, assigned bus number 4
[    2.257236] xhci_hcd 0000:00:14.0: Host supports USB 3.2 Enhanced SuperSpeed
[    2.257306] usb usb2: New USB device found, idVendor=1d6b, idProduct=0002, bcdDevice= 6.03
[    2.257310] usb usb2: New USB device strings: Mfr=3, Product=2, SerialNumber=1
[    2.257312] usb usb2: Product: xHCI Host Controller
[    2.257314] usb usb2: Manufacturer: Linux 6.3.0-rc5-revert-7b61212f2a07a5afd+ xhci-hcd
[    2.257316] usb usb2: SerialNumber: 0000:00:14.0
[    2.257426] hub 2-0:1.0: USB hub found
[    2.257466] hub 2-0:1.0: 16 ports detected
[    2.257501] intel_pstate: HWP enabled
[    2.257521] sdhci: Secure Digital Host Controller Interface driver
[    2.257521] sdhci: Copyright(c) Pierre Ossman
[    2.257540] sdhci-pltfm: SDHCI platform and OF driver helper
[    2.257873] ledtrig-cpu: registered to indicate activity on CPUs
[    2.257899] pstore: Registered efi_pstore as persistent store backend
[    2.258521] intel_pmc_core INT33A1:00:  initialized
[    2.258664] drop_monitor: Initializing network drop monitor service
[    2.258723] NET: Registered PF_INET6 protocol family
[    2.260832] usb usb4: New USB device found, idVendor=1d6b, idProduct=0003, bcdDevice= 6.03
[    2.260834] usb usb4: New USB device strings: Mfr=3, Product=2, SerialNumber=1
[    2.260835] usb usb4: Product: xHCI Host Controller
[    2.260836] usb usb4: Manufacturer: Linux 6.3.0-rc5-revert-7b61212f2a07a5afd+ xhci-hcd
[    2.260836] usb usb4: SerialNumber: 0000:00:14.0
[    2.260896] hub 4-0:1.0: USB hub found
[    2.260928] hub 4-0:1.0: 6 ports detected
[    2.261267] usb: port power management may be unreliable
[    2.262051] Segment Routing with IPv6
[    2.262058] In-situ OAM (IOAM) with IPv6
[    2.262073] NET: Registered PF_PACKET protocol family
[    2.262156] 9pnet: Installing 9P2000 support
[    2.262167] Key type dns_resolver registered
[    2.263863] microcode: Microcode Update Driver: v2.2.
[    2.263867] IPI shorthand broadcast: enabled
[    2.265130] sched_clock: Marking stable (2145841278, 118015641)->(2314431996, -50575077)
[    2.265537] registered taskstats version 1
[    2.265861] Loading compiled-in X.509 certificates
[    2.265922] zswap: loaded using pool lzo/zbud
[    2.267284] Key type .fscrypt registered
[    2.267285] Key type fscrypt-provisioning registered
[    2.267314] pstore: Using crash dump compression: deflate
[    2.268309] Key type trusted registered
[    2.269831] Key type encrypted registered
[    2.269839] ima: Allocated hash algorithm: sha1
[    2.308089] ima: No architecture policies found
[    2.308110] evm: Initialising EVM extended attributes:
[    2.308110] evm: security.selinux
[    2.308111] evm: security.SMACK64
[    2.308111] evm: security.SMACK64EXEC
[    2.308112] evm: security.SMACK64TRANSMUTE
[    2.308112] evm: security.SMACK64MMAP
[    2.308112] evm: security.apparmor
[    2.308113] evm: security.ima
[    2.308113] evm: security.capability
[    2.308113] evm: HMAC attrs: 0x1
[    2.308352] PM:   Magic number: 3:856:187
[    2.308434] acpi device:46: hash matches
[    2.308586] RAS: Correctable Errors collector initialized.
[    2.494169] atkbd serio0: Failed to deactivate keyboard on isa0060/serio0
[    2.514095] usb 2-12: new low-speed USB device number 2 using xhci_hcd
[    2.565913] ata4: SATA link down (SStatus 4 SControl 300)
[    2.566777] ata1: SATA link down (SStatus 4 SControl 300)
[    2.570992] ata3: SATA link down (SStatus 4 SControl 300)
[    2.668072] usb 2-12: New USB device found, idVendor=413c, idProduct=2106, bcdDevice= 1.01
[    2.668076] usb 2-12: New USB device strings: Mfr=1, Product=2, SerialNumber=0
[    2.668077] usb 2-12: Product: Dell QuietKey Keyboard
[    2.668078] usb 2-12: Manufacturer: DELL
[    2.790644] usb 4-2: new SuperSpeed USB device number 2 using xhci_hcd
[    2.819681] usb 4-2: New USB device found, idVendor=0b95, idProduct=1790, bcdDevice= 1.00
[    2.819686] usb 4-2: New USB device strings: Mfr=1, Product=2, SerialNumber=3
[    2.819687] usb 4-2: Product: AX88179
[    2.819688] usb 4-2: Manufacturer: ASIX Elec. Corp.
[    2.819689] usb 4-2: SerialNumber: 00000000000F56
[    2.914190] atkbd serio0: Failed to enable keyboard on isa0060/serio0
[    2.914238] input: AT Translated Set 2 keyboard as /devices/platform/i8042/serio0/input/input4
[    2.918600] Freeing unused decrypted memory: 2036K
[    2.919244] Freeing unused kernel image (initmem) memory: 4992K
[    2.930150] Write protecting the kernel read-only data: 32768k
[    2.930619] Freeing unused kernel image (rodata/data gap) memory: 1808K
[    2.936887] x86/mm: Checked W+X mappings: passed, no W+X pages found.
[    2.936893] Run /init as init process
[    2.936894]   with arguments:
[    2.936895]     /init
[    2.936895]     rhgb
[    2.936896]   with environment:
[    2.936896]     HOME=/
[    2.936897]     TERM=linux
[    2.936897]     BOOT_IMAGE=(hd0,gpt2)/boot/vmlinuz-6.3.0-rc5-revert-7b61212f2a07a5afd+
[    2.948223] systemd[1]: systemd 239 (239-49.el8) running in system mode. (+PAM +AUDIT +SELINUX +IMA -APPARMOR +SMACK +SYSVINIT +UTMP +LIBCRYPTSETUP +GCRYPT +GNUTLS +ACL +XZ +LZ4 +SECCOMP +BLKID +ELFUTILS +KMOD +IDN2 -IDN +PCRE2 default-hierarchy=legacy)
[    2.948271] systemd[1]: Detected architecture x86-64.
[    2.948272] systemd[1]: Running in initial RAM disk.
[    3.022501] systemd[1]: Set hostname to <p-tglh01.sh.intel.com>.
[    3.064010] systemd[1]: Reached target Timers.
[    3.064032] systemd[1]: Reached target Swap.
[    3.064035] systemd[1]: Reached target Local File Systems.
[    3.064073] systemd[1]: Listening on udev Control Socket.
[    3.064100] systemd[1]: Listening on Journal Socket (/dev/log).
[    3.064104] systemd[1]: Reached target Slices.
[    3.297114] tigerlake-pinctrl INT34C6:00: Community0 features: 0x000007
[    3.297187] tigerlake-pinctrl INT34C6:00: Community1 features: 0x00001f
[    3.297279] tigerlake-pinctrl INT34C6:00: Community2 features: 0x000007
[    3.297327] tigerlake-pinctrl INT34C6:00: Community3 features: 0x000027
[    3.297379] tigerlake-pinctrl INT34C6:00: Community4 features: 0x000007
[    3.297395] tigerlake-pinctrl INT34C6:00: try to register 291 pins ...
[    3.297396] pinctrl core: registered pin 0 (SPI0_IO_2) on INT34C6:00
[    3.297397] pinctrl core: registered pin 1 (SPI0_IO_3) on INT34C6:00
[    3.297398] pinctrl core: registered pin 2 (SPI0_MOSI_IO_0) on INT34C6:00
[    3.297399] pinctrl core: registered pin 3 (SPI0_MISO_IO_1) on INT34C6:00
[    3.297399] pinctrl core: registered pin 4 (SPI0_TPM_CSB) on INT34C6:00
[    3.297400] pinctrl core: registered pin 5 (SPI0_FLASH_0_CSB) on INT34C6:00
[    3.297401] pinctrl core: registered pin 6 (SPI0_FLASH_1_CSB) on INT34C6:00
[    3.297401] pinctrl core: registered pin 7 (SPI0_CLK) on INT34C6:00
[    3.297402] pinctrl core: registered pin 8 (ESPI_IO_0) on INT34C6:00
[    3.297403] pinctrl core: registered pin 9 (ESPI_IO_1) on INT34C6:00
[    3.297403] pinctrl core: registered pin 10 (ESPI_IO_2) on INT34C6:00
[    3.297404] pinctrl core: registered pin 11 (ESPI_IO_3) on INT34C6:00
[    3.297405] pinctrl core: registered pin 12 (ESPI_CS0B) on INT34C6:00
[    3.297405] pinctrl core: registered pin 13 (ESPI_CLK) on INT34C6:00
[    3.297406] pinctrl core: registered pin 14 (ESPI_RESETB) on INT34C6:00
[    3.297407] pinctrl core: registered pin 15 (ESPI_CS1B) on INT34C6:00
[    3.297407] pinctrl core: registered pin 16 (ESPI_CS2B) on INT34C6:00
[    3.297408] pinctrl core: registered pin 17 (ESPI_CS3B) on INT34C6:00
[    3.297408] pinctrl core: registered pin 18 (ESPI_ALERT0B) on INT34C6:00
[    3.297409] pinctrl core: registered pin 19 (ESPI_ALERT1B) on INT34C6:00
[    3.297410] pinctrl core: registered pin 20 (ESPI_ALERT2B) on INT34C6:00
[    3.297410] pinctrl core: registered pin 21 (ESPI_ALERT3B) on INT34C6:00
[    3.297411] pinctrl core: registered pin 22 (GPPC_A_14) on INT34C6:00
[    3.297412] pinctrl core: registered pin 23 (SPI0_CLK_LOOPBK) on INT34C6:00
[    3.297412] pinctrl core: registered pin 24 (ESPI_CLK_LOOPBK) on INT34C6:00
[    3.297413] pinctrl core: registered pin 25 (HDA_BCLK) on INT34C6:00
[    3.297413] pinctrl core: registered pin 26 (HDA_SYNC) on INT34C6:00
[    3.297414] pinctrl core: registered pin 27 (HDA_SDO) on INT34C6:00
[    3.297415] pinctrl core: registered pin 28 (HDA_SDI_0) on INT34C6:00
[    3.297415] pinctrl core: registered pin 29 (HDA_RSTB) on INT34C6:00
[    3.297416] pinctrl core: registered pin 30 (HDA_SDI_1) on INT34C6:00
[    3.297417] pinctrl core: registered pin 31 (GPP_R_6) on INT34C6:00
[    3.297417] pinctrl core: registered pin 32 (GPP_R_7) on INT34C6:00
[    3.297418] pinctrl core: registered pin 33 (GPP_R_8) on INT34C6:00
[    3.297419] pinctrl core: registered pin 34 (PCIE_LNK_DOWN) on INT34C6:00
[    3.297419] pinctrl core: registered pin 35 (ISH_UART0_RTSB) on INT34C6:00
[    3.297420] pinctrl core: registered pin 36 (SX_EXIT_HOLDOFFB) on INT34C6:00
[    3.297421] pinctrl core: registered pin 37 (CLKOUT_48) on INT34C6:00
[    3.297421] pinctrl core: registered pin 38 (ISH_GP_7) on INT34C6:00
[    3.297422] pinctrl core: registered pin 39 (ISH_GP_0) on INT34C6:00
[    3.297422] pinctrl core: registered pin 40 (ISH_GP_1) on INT34C6:00
[    3.297423] pinctrl core: registered pin 41 (ISH_GP_2) on INT34C6:00
[    3.297424] pinctrl core: registered pin 42 (ISH_GP_3) on INT34C6:00
[    3.297424] pinctrl core: registered pin 43 (ISH_GP_4) on INT34C6:00
[    3.297425] pinctrl core: registered pin 44 (ISH_GP_5) on INT34C6:00
[    3.297426] pinctrl core: registered pin 45 (GSPI0_CS1B) on INT34C6:00
[    3.297426] pinctrl core: registered pin 46 (GSPI1_CS1B) on INT34C6:00
[    3.297427] pinctrl core: registered pin 47 (VRALERTB) on INT34C6:00
[    3.297427] pinctrl core: registered pin 48 (CPU_GP_2) on INT34C6:00
[    3.297428] pinctrl core: registered pin 49 (CPU_GP_3) on INT34C6:00
[    3.297429] pinctrl core: registered pin 50 (SRCCLKREQB_0) on INT34C6:00
[    3.297429] pinctrl core: registered pin 51 (SRCCLKREQB_1) on INT34C6:00
[    3.297430] pinctrl core: registered pin 52 (SRCCLKREQB_2) on INT34C6:00
[    3.297431] pinctrl core: registered pin 53 (SRCCLKREQB_3) on INT34C6:00
[    3.297431] pinctrl core: registered pin 54 (SRCCLKREQB_4) on INT34C6:00
[    3.297432] pinctrl core: registered pin 55 (SRCCLKREQB_5) on INT34C6:00
[    3.297433] pinctrl core: registered pin 56 (I2S_MCLK) on INT34C6:00
[    3.297433] pinctrl core: registered pin 57 (SLP_S0B) on INT34C6:00
[    3.297434] pinctrl core: registered pin 58 (PLTRSTB) on INT34C6:00
[    3.297434] pinctrl core: registered pin 59 (SPKR) on INT34C6:00
[    3.297436] pinctrl core: registered pin 60 (GSPI0_CS0B) on INT34C6:00
[    3.297436] pinctrl core: registered pin 61 (GSPI0_CLK) on INT34C6:00
[    3.297437] pinctrl core: registered pin 62 (GSPI0_MISO) on INT34C6:00
[    3.297438] pinctrl core: registered pin 63 (GSPI0_MOSI) on INT34C6:00
[    3.297438] pinctrl core: registered pin 64 (GSPI1_CS0B) on INT34C6:00
[    3.297439] pinctrl core: registered pin 65 (GSPI1_CLK) on INT34C6:00
[    3.297440] pinctrl core: registered pin 66 (GSPI1_MISO) on INT34C6:00
[    3.297440] pinctrl core: registered pin 67 (GSPI1_MOSI) on INT34C6:00
[    3.297441] pinctrl core: registered pin 68 (SML1ALERTB) on INT34C6:00
[    3.297442] pinctrl core: registered pin 69 (GSPI0_CLK_LOOPBK) on INT34C6:00
[    3.297442] pinctrl core: registered pin 70 (GSPI1_CLK_LOOPBK) on INT34C6:00
[    3.297443] pinctrl core: registered pin 71 (ESPI_USB_OCB_0) on INT34C6:00
[    3.297444] pinctrl core: registered pin 72 (ESPI_USB_OCB_1) on INT34C6:00
[    3.297444] pinctrl core: registered pin 73 (ESPI_USB_OCB_2) on INT34C6:00
[    3.297445] pinctrl core: registered pin 74 (ESPI_USB_OCB_3) on INT34C6:00
[    3.297446] pinctrl core: registered pin 75 (USB_CPU_OCB_0) on INT34C6:00
[    3.297446] pinctrl core: registered pin 76 (USB_CPU_OCB_1) on INT34C6:00
[    3.297447] pinctrl core: registered pin 77 (USB_CPU_OCB_2) on INT34C6:00
[    3.297448] pinctrl core: registered pin 78 (USB_CPU_OCB_3) on INT34C6:00
[    3.297448] pinctrl core: registered pin 79 (SPI1_CSB) on INT34C6:00
[    3.297449] pinctrl core: registered pin 80 (SPI1_CLK) on INT34C6:00
[    3.297450] pinctrl core: registered pin 81 (SPI1_MISO_IO_1) on INT34C6:00
[    3.297450] pinctrl core: registered pin 82 (SPI1_MOSI_IO_0) on INT34C6:00
[    3.297451] pinctrl core: registered pin 83 (SML1CLK) on INT34C6:00
[    3.297452] pinctrl core: registered pin 84 (I2S2_SFRM) on INT34C6:00
[    3.297452] pinctrl core: registered pin 85 (I2S2_TXD) on INT34C6:00
[    3.297453] pinctrl core: registered pin 86 (I2S2_RXD) on INT34C6:00
[    3.297454] pinctrl core: registered pin 87 (I2S2_SCLK) on INT34C6:00
[    3.297454] pinctrl core: registered pin 88 (SML0CLK) on INT34C6:00
[    3.297455] pinctrl core: registered pin 89 (SML0DATA) on INT34C6:00
[    3.297455] pinctrl core: registered pin 90 (GPP_D_11) on INT34C6:00
[    3.297456] pinctrl core: registered pin 91 (ISH_UART0_CTSB) on INT34C6:00
[    3.297457] pinctrl core: registered pin 92 (SPI1_IO_2) on INT34C6:00
[    3.297457] pinctrl core: registered pin 93 (SPI1_IO_3) on INT34C6:00
[    3.297458] pinctrl core: registered pin 94 (SML1DATA) on INT34C6:00
[    3.297459] pinctrl core: registered pin 95 (GSPI3_CS0B) on INT34C6:00
[    3.297459] pinctrl core: registered pin 96 (GSPI3_CLK) on INT34C6:00
[    3.297460] pinctrl core: registered pin 97 (GSPI3_MISO) on INT34C6:00
[    3.297461] pinctrl core: registered pin 98 (GSPI3_MOSI) on INT34C6:00
[    3.297461] pinctrl core: registered pin 99 (UART3_RXD) on INT34C6:00
[    3.297462] pinctrl core: registered pin 100 (UART3_TXD) on INT34C6:00
[    3.297463] pinctrl core: registered pin 101 (UART3_RTSB) on INT34C6:00
[    3.297463] pinctrl core: registered pin 102 (UART3_CTSB) on INT34C6:00
[    3.297464] pinctrl core: registered pin 103 (SPI1_CLK_LOOPBK) on INT34C6:00
[    3.297465] pinctrl core: registered pin 104 (GSPI3_CLK_LOOPBK) on INT34C6:00
[    3.297465] pinctrl core: registered pin 105 (SMBCLK) on INT34C6:00
[    3.297466] pinctrl core: registered pin 106 (SMBDATA) on INT34C6:00
[    3.297467] pinctrl core: registered pin 107 (SMBALERTB) on INT34C6:00
[    3.297467] pinctrl core: registered pin 108 (ISH_UART0_RXD) on INT34C6:00
[    3.297468] pinctrl core: registered pin 109 (ISH_UART0_TXD) on INT34C6:00
[    3.297468] pinctrl core: registered pin 110 (SML0ALERTB) on INT34C6:00
[    3.297469] pinctrl core: registered pin 111 (ISH_I2C2_SDA) on INT34C6:00
[    3.297470] pinctrl core: registered pin 112 (ISH_I2C2_SCL) on INT34C6:00
[    3.297470] pinctrl core: registered pin 113 (UART0_RXD) on INT34C6:00
[    3.297471] pinctrl core: registered pin 114 (UART0_TXD) on INT34C6:00
[    3.297472] pinctrl core: registered pin 115 (UART0_RTSB) on INT34C6:00
[    3.297472] pinctrl core: registered pin 116 (UART0_CTSB) on INT34C6:00
[    3.297473] pinctrl core: registered pin 117 (UART1_RXD) on INT34C6:00
[    3.297474] pinctrl core: registered pin 118 (UART1_TXD) on INT34C6:00
[    3.297474] pinctrl core: registered pin 119 (UART1_RTSB) on INT34C6:00
[    3.297475] pinctrl core: registered pin 120 (UART1_CTSB) on INT34C6:00
[    3.297476] pinctrl core: registered pin 121 (I2C0_SDA) on INT34C6:00
[    3.297476] pinctrl core: registered pin 122 (I2C0_SCL) on INT34C6:00
[    3.297477] pinctrl core: registered pin 123 (I2C1_SDA) on INT34C6:00
[    3.297478] pinctrl core: registered pin 124 (I2C1_SCL) on INT34C6:00
[    3.297479] pinctrl core: registered pin 125 (UART2_RXD) on INT34C6:00
[    3.297479] pinctrl core: registered pin 126 (UART2_TXD) on INT34C6:00
[    3.297480] pinctrl core: registered pin 127 (UART2_RTSB) on INT34C6:00
[    3.297481] pinctrl core: registered pin 128 (UART2_CTSB) on INT34C6:00
[    3.297481] pinctrl core: registered pin 129 (SNDW1_CLK) on INT34C6:00
[    3.297482] pinctrl core: registered pin 130 (SNDW1_DATA) on INT34C6:00
[    3.297483] pinctrl core: registered pin 131 (SNDW2_CLK) on INT34C6:00
[    3.297483] pinctrl core: registered pin 132 (SNDW2_DATA) on INT34C6:00
[    3.297484] pinctrl core: registered pin 133 (SNDW3_CLK) on INT34C6:00
[    3.297485] pinctrl core: registered pin 134 (SNDW3_DATA) on INT34C6:00
[    3.297485] pinctrl core: registered pin 135 (SNDW4_CLK) on INT34C6:00
[    3.297486] pinctrl core: registered pin 136 (SNDW4_DATA) on INT34C6:00
[    3.297486] pinctrl core: registered pin 137 (DDPA_CTRLCLK) on INT34C6:00
[    3.297487] pinctrl core: registered pin 138 (DDPA_CTRLDATA) on INT34C6:00
[    3.297488] pinctrl core: registered pin 139 (DNX_FORCE_RELOAD) on INT34C6:00
[    3.297488] pinctrl core: registered pin 140 (GMII_MDC_0) on INT34C6:00
[    3.297489] pinctrl core: registered pin 141 (GMII_MDIO_0) on INT34C6:00
[    3.297490] pinctrl core: registered pin 142 (SLP_DRAMB) on INT34C6:00
[    3.297490] pinctrl core: registered pin 143 (GPPC_G_6) on INT34C6:00
[    3.297491] pinctrl core: registered pin 144 (GPPC_G_7) on INT34C6:00
[    3.297492] pinctrl core: registered pin 145 (ISH_SPI_CSB) on INT34C6:00
[    3.297492] pinctrl core: registered pin 146 (ISH_SPI_CLK) on INT34C6:00
[    3.297493] pinctrl core: registered pin 147 (ISH_SPI_MISO) on INT34C6:00
[    3.297494] pinctrl core: registered pin 148 (ISH_SPI_MOSI) on INT34C6:00
[    3.297494] pinctrl core: registered pin 149 (DDP1_CTRLCLK) on INT34C6:00
[    3.297495] pinctrl core: registered pin 150 (DDP1_CTRLDATA) on INT34C6:00
[    3.297496] pinctrl core: registered pin 151 (DDP2_CTRLCLK) on INT34C6:00
[    3.297496] pinctrl core: registered pin 152 (DDP2_CTRLDATA) on INT34C6:00
[    3.297497] pinctrl core: registered pin 153 (GSPI2_CLK_LOOPBK) on INT34C6:00
[    3.297498] pinctrl core: registered pin 154 (CNV_BTEN) on INT34C6:00
[    3.297498] pinctrl core: registered pin 155 (CNV_BT_HOST_WAKEB) on INT34C6:00
[    3.297499] pinctrl core: registered pin 156 (CNV_BT_IF_SELECT) on INT34C6:00
[    3.297500] pinctrl core: registered pin 157 (vCNV_BT_UART_TXD) on INT34C6:00
[    3.297500] pinctrl core: registered pin 158 (vCNV_BT_UART_RXD) on INT34C6:00
[    3.297501] pinctrl core: registered pin 159 (vCNV_BT_UART_CTS_B) on INT34C6:00
[    3.297502] pinctrl core: registered pin 160 (vCNV_BT_UART_RTS_B) on INT34C6:00
[    3.297502] pinctrl core: registered pin 161 (vCNV_MFUART1_TXD) on INT34C6:00
[    3.297503] pinctrl core: registered pin 162 (vCNV_MFUART1_RXD) on INT34C6:00
[    3.297504] pinctrl core: registered pin 163 (vCNV_MFUART1_CTS_B) on INT34C6:00
[    3.297504] pinctrl core: registered pin 164 (vCNV_MFUART1_RTS_B) on INT34C6:00
[    3.297505] pinctrl core: registered pin 165 (vUART0_TXD) on INT34C6:00
[    3.297506] pinctrl core: registered pin 166 (vUART0_RXD) on INT34C6:00
[    3.297506] pinctrl core: registered pin 167 (vUART0_CTS_B) on INT34C6:00
[    3.297507] pinctrl core: registered pin 168 (vUART0_RTS_B) on INT34C6:00
[    3.297508] pinctrl core: registered pin 169 (vISH_UART0_TXD) on INT34C6:00
[    3.297508] pinctrl core: registered pin 170 (vISH_UART0_RXD) on INT34C6:00
[    3.297509] pinctrl core: registered pin 171 (vISH_UART0_CTS_B) on INT34C6:00
[    3.297510] pinctrl core: registered pin 172 (vISH_UART0_RTS_B) on INT34C6:00
[    3.297510] pinctrl core: registered pin 173 (vCNV_BT_I2S_BCLK) on INT34C6:00
[    3.297511] pinctrl core: registered pin 174 (vCNV_BT_I2S_WS_SYNC) on INT34C6:00
[    3.297512] pinctrl core: registered pin 175 (vCNV_BT_I2S_SDO) on INT34C6:00
[    3.297512] pinctrl core: registered pin 176 (vCNV_BT_I2S_SDI) on INT34C6:00
[    3.297513] pinctrl core: registered pin 177 (vI2S2_SCLK) on INT34C6:00
[    3.297513] pinctrl core: registered pin 178 (vI2S2_SFRM) on INT34C6:00
[    3.297514] pinctrl core: registered pin 179 (vI2S2_TXD) on INT34C6:00
[    3.297515] pinctrl core: registered pin 180 (vI2S2_RXD) on INT34C6:00
[    3.297515] pinctrl core: registered pin 181 (SATAXPCIE_0) on INT34C6:00
[    3.297516] pinctrl core: registered pin 182 (SATAXPCIE_1) on INT34C6:00
[    3.297517] pinctrl core: registered pin 183 (SATAXPCIE_2) on INT34C6:00
[    3.297517] pinctrl core: registered pin 184 (CPU_GP_0) on INT34C6:00
[    3.297518] pinctrl core: registered pin 185 (SATA_DEVSLP_0) on INT34C6:00
[    3.297519] pinctrl core: registered pin 186 (SATA_DEVSLP_1) on INT34C6:00
[    3.297519] pinctrl core: registered pin 187 (SATA_DEVSLP_2) on INT34C6:00
[    3.297520] pinctrl core: registered pin 188 (CPU_GP_1) on INT34C6:00
[    3.297521] pinctrl core: registered pin 189 (SATA_LEDB) on INT34C6:00
[    3.297522] pinctrl core: registered pin 190 (USB2_OCB_0) on INT34C6:00
[    3.297522] pinctrl core: registered pin 191 (USB2_OCB_1) on INT34C6:00
[    3.297523] pinctrl core: registered pin 192 (USB2_OCB_2) on INT34C6:00
[    3.297524] pinctrl core: registered pin 193 (USB2_OCB_3) on INT34C6:00
[    3.297524] pinctrl core: registered pin 194 (SATAXPCIE_3) on INT34C6:00
[    3.297525] pinctrl core: registered pin 195 (SATAXPCIE_4) on INT34C6:00
[    3.297526] pinctrl core: registered pin 196 (SATAXPCIE_5) on INT34C6:00
[    3.297526] pinctrl core: registered pin 197 (SATAXPCIE_6) on INT34C6:00
[    3.297527] pinctrl core: registered pin 198 (SATAXPCIE_7) on INT34C6:00
[    3.297528] pinctrl core: registered pin 199 (SATA_DEVSLP_3) on INT34C6:00
[    3.297528] pinctrl core: registered pin 200 (SATA_DEVSLP_4) on INT34C6:00
[    3.297529] pinctrl core: registered pin 201 (SATA_DEVSLP_5) on INT34C6:00
[    3.297529] pinctrl core: registered pin 202 (SATA_DEVSLP_6) on INT34C6:00
[    3.297530] pinctrl core: registered pin 203 (SATA_DEVSLP_7) on INT34C6:00
[    3.297531] pinctrl core: registered pin 204 (SATA_SCLOCK) on INT34C6:00
[    3.297531] pinctrl core: registered pin 205 (SATA_SLOAD) on INT34C6:00
[    3.297532] pinctrl core: registered pin 206 (SATA_SDATAOUT1) on INT34C6:00
[    3.297533] pinctrl core: registered pin 207 (SATA_SDATAOUT0) on INT34C6:00
[    3.297533] pinctrl core: registered pin 208 (PS_ONB) on INT34C6:00
[    3.297534] pinctrl core: registered pin 209 (M2_SKT2_CFG_0) on INT34C6:00
[    3.297535] pinctrl core: registered pin 210 (M2_SKT2_CFG_1) on INT34C6:00
[    3.297535] pinctrl core: registered pin 211 (M2_SKT2_CFG_2) on INT34C6:00
[    3.297536] pinctrl core: registered pin 212 (M2_SKT2_CFG_3) on INT34C6:00
[    3.297536] pinctrl core: registered pin 213 (L_VDDEN) on INT34C6:00
[    3.297537] pinctrl core: registered pin 214 (L_BKLTEN) on INT34C6:00
[    3.297538] pinctrl core: registered pin 215 (L_BKLTCTL) on INT34C6:00
[    3.297538] pinctrl core: registered pin 216 (VNN_CTRL) on INT34C6:00
[    3.297539] pinctrl core: registered pin 217 (GPP_F_23) on INT34C6:00
[    3.297540] pinctrl core: registered pin 218 (SRCCLKREQB_6) on INT34C6:00
[    3.297540] pinctrl core: registered pin 219 (SRCCLKREQB_7) on INT34C6:00
[    3.297541] pinctrl core: registered pin 220 (SRCCLKREQB_8) on INT34C6:00
[    3.297542] pinctrl core: registered pin 221 (SRCCLKREQB_9) on INT34C6:00
[    3.297542] pinctrl core: registered pin 222 (SRCCLKREQB_10) on INT34C6:00
[    3.297543] pinctrl core: registered pin 223 (SRCCLKREQB_11) on INT34C6:00
[    3.297544] pinctrl core: registered pin 224 (SRCCLKREQB_12) on INT34C6:00
[    3.297544] pinctrl core: registered pin 225 (SRCCLKREQB_13) on INT34C6:00
[    3.297545] pinctrl core: registered pin 226 (SRCCLKREQB_14) on INT34C6:00
[    3.297546] pinctrl core: registered pin 227 (SRCCLKREQB_15) on INT34C6:00
[    3.297546] pinctrl core: registered pin 228 (SML2CLK) on INT34C6:00
[    3.297547] pinctrl core: registered pin 229 (SML2DATA) on INT34C6:00
[    3.297547] pinctrl core: registered pin 230 (SML2ALERTB) on INT34C6:00
[    3.297548] pinctrl core: registered pin 231 (SML3CLK) on INT34C6:00
[    3.297549] pinctrl core: registered pin 232 (SML3DATA) on INT34C6:00
[    3.297549] pinctrl core: registered pin 233 (SML3ALERTB) on INT34C6:00
[    3.297550] pinctrl core: registered pin 234 (SML4CLK) on INT34C6:00
[    3.297551] pinctrl core: registered pin 235 (SML4DATA) on INT34C6:00
[    3.297551] pinctrl core: registered pin 236 (SML4ALERTB) on INT34C6:00
[    3.297552] pinctrl core: registered pin 237 (ISH_I2C0_SDA) on INT34C6:00
[    3.297553] pinctrl core: registered pin 238 (ISH_I2C0_SCL) on INT34C6:00
[    3.297553] pinctrl core: registered pin 239 (ISH_I2C1_SDA) on INT34C6:00
[    3.297554] pinctrl core: registered pin 240 (ISH_I2C1_SCL) on INT34C6:00
[    3.297554] pinctrl core: registered pin 241 (TIME_SYNC_0) on INT34C6:00
[    3.297555] pinctrl core: registered pin 242 (CNV_PA_BLANKING) on INT34C6:00
[    3.297556] pinctrl core: registered pin 243 (CPU_C10_GATEB) on INT34C6:00
[    3.297556] pinctrl core: registered pin 244 (CNV_BRI_DT) on INT34C6:00
[    3.297557] pinctrl core: registered pin 245 (CNV_BRI_RSP) on INT34C6:00
[    3.297558] pinctrl core: registered pin 246 (CNV_RGI_DT) on INT34C6:00
[    3.297558] pinctrl core: registered pin 247 (CNV_RGI_RSP) on INT34C6:00
[    3.297559] pinctrl core: registered pin 248 (CNV_MFUART2_RXD) on INT34C6:00
[    3.297560] pinctrl core: registered pin 249 (CNV_MFUART2_TXD) on INT34C6:00
[    3.297560] pinctrl core: registered pin 250 (GPP_J_8) on INT34C6:00
[    3.297561] pinctrl core: registered pin 251 (GPP_J_9) on INT34C6:00
[    3.297562] pinctrl core: registered pin 252 (GSXDOUT) on INT34C6:00
[    3.297563] pinctrl core: registered pin 253 (GSXSLOAD) on INT34C6:00
[    3.297563] pinctrl core: registered pin 254 (GSXDIN) on INT34C6:00
[    3.297564] pinctrl core: registered pin 255 (GSXSRESETB) on INT34C6:00
[    3.297565] pinctrl core: registered pin 256 (GSXCLK) on INT34C6:00
[    3.297565] pinctrl core: registered pin 257 (ADR_COMPLETE) on INT34C6:00
[    3.297566] pinctrl core: registered pin 258 (DDSP_HPD_A) on INT34C6:00
[    3.297566] pinctrl core: registered pin 259 (DDSP_HPD_B) on INT34C6:00
[    3.297567] pinctrl core: registered pin 260 (CORE_VID_0) on INT34C6:00
[    3.297568] pinctrl core: registered pin 261 (CORE_VID_1) on INT34C6:00
[    3.297568] pinctrl core: registered pin 262 (DDSP_HPD_C) on INT34C6:00
[    3.297569] pinctrl core: registered pin 263 (GPP_K_11) on INT34C6:00
[    3.297570] pinctrl core: registered pin 264 (SYS_PWROK) on INT34C6:00
[    3.297570] pinctrl core: registered pin 265 (SYS_RESETB) on INT34C6:00
[    3.297571] pinctrl core: registered pin 266 (MLK_RSTB) on INT34C6:00
[    3.297571] pinctrl core: registered pin 267 (PMCALERTB) on INT34C6:00
[    3.297572] pinctrl core: registered pin 268 (DDSP_HPD_1) on INT34C6:00
[    3.297573] pinctrl core: registered pin 269 (DDSP_HPD_2) on INT34C6:00
[    3.297573] pinctrl core: registered pin 270 (DDSP_HPD_3) on INT34C6:00
[    3.297574] pinctrl core: registered pin 271 (DDSP_HPD_4) on INT34C6:00
[    3.297575] pinctrl core: registered pin 272 (DDPB_CTRLCLK) on INT34C6:00
[    3.297575] pinctrl core: registered pin 273 (DDPB_CTRLDATA) on INT34C6:00
[    3.297576] pinctrl core: registered pin 274 (DDPC_CTRLCLK) on INT34C6:00
[    3.297577] pinctrl core: registered pin 275 (DDPC_CTRLDATA) on INT34C6:00
[    3.297577] pinctrl core: registered pin 276 (FUSA_DIAGTEST_EN) on INT34C6:00
[    3.297578] pinctrl core: registered pin 277 (FUSA_DIAGTEST_MODE) on INT34C6:00
[    3.297579] pinctrl core: registered pin 278 (USB2_OCB_4) on INT34C6:00
[    3.297579] pinctrl core: registered pin 279 (USB2_OCB_5) on INT34C6:00
[    3.297580] pinctrl core: registered pin 280 (USB2_OCB_6) on INT34C6:00
[    3.297581] pinctrl core: registered pin 281 (USB2_OCB_7) on INT34C6:00
[    3.297581] pinctrl core: registered pin 282 (JTAG_TDO) on INT34C6:00
[    3.297582] pinctrl core: registered pin 283 (JTAGX) on INT34C6:00
[    3.297582] pinctrl core: registered pin 284 (PRDYB) on INT34C6:00
[    3.297583] pinctrl core: registered pin 285 (PREQB) on INT34C6:00
[    3.297584] pinctrl core: registered pin 286 (JTAG_TDI) on INT34C6:00
[    3.297584] pinctrl core: registered pin 287 (JTAG_TMS) on INT34C6:00
[    3.297585] pinctrl core: registered pin 288 (JTAG_TCK) on INT34C6:00
[    3.297586] pinctrl core: registered pin 289 (DBG_PMODE) on INT34C6:00
[    3.297586] pinctrl core: registered pin 290 (CPU_TRSTB) on INT34C6:00
[    3.297587] tigerlake-pinctrl INT34C6:00: failed to lookup the default state
[    3.297588] tigerlake-pinctrl INT34C6:00: failed to lookup the sleep state
[    3.297650] gpiochip_find_base: found new base at 49
[    3.299227] gpio gpiochip0: (INT34C6:00): created GPIO range 0->24 ==> INT34C6:00 PIN 0->24
[    3.299229] gpio gpiochip0: (INT34C6:00): created GPIO range 32->51 ==> INT34C6:00 PIN 25->44
[    3.299231] gpio gpiochip0: (INT34C6:00): created GPIO range 64->89 ==> INT34C6:00 PIN 45->70
[    3.299232] gpio gpiochip0: (INT34C6:00): created GPIO range 96->103 ==> INT34C6:00 PIN 71->78
[    3.299233] gpio gpiochip0: (INT34C6:00): created GPIO range 128->153 ==> INT34C6:00 PIN 79->104
[    3.299234] gpio gpiochip0: (INT34C6:00): created GPIO range 160->183 ==> INT34C6:00 PIN 105->128
[    3.299235] gpio gpiochip0: (INT34C6:00): created GPIO range 192->199 ==> INT34C6:00 PIN 129->136
[    3.299236] gpio gpiochip0: (INT34C6:00): created GPIO range 224->240 ==> INT34C6:00 PIN 137->153
[    3.299237] gpio gpiochip0: (INT34C6:00): created GPIO range 256->282 ==> INT34C6:00 PIN 154->180
[    3.299238] gpio gpiochip0: (INT34C6:00): created GPIO range 288->300 ==> INT34C6:00 PIN 181->193
[    3.299239] gpio gpiochip0: (INT34C6:00): created GPIO range 320->343 ==> INT34C6:00 PIN 194->217
[    3.299240] gpio gpiochip0: (INT34C6:00): created GPIO range 352->375 ==> INT34C6:00 PIN 218->241
[    3.299241] gpio gpiochip0: (INT34C6:00): created GPIO range 384->393 ==> INT34C6:00 PIN 242->251
[    3.299242] gpio gpiochip0: (INT34C6:00): created GPIO range 416->430 ==> INT34C6:00 PIN 252->266
[    3.299243] gpio gpiochip0: (INT34C6:00): created GPIO range 448->462 ==> INT34C6:00 PIN 267->281
[    3.299326] gpio gpiochip0: (INT34C6:00): added GPIO chardev (254:0)
[    3.299358] gpio gpiochip0: registered GPIOs 49 to 511 on INT34C6:00
[    3.315808] hid: raw HID events driver (C) Jiri Kosina
[    3.318676] usbcore: registered new interface driver usbhid
[    3.318678] usbhid: USB HID core driver
[    3.318702] e1000e: Intel(R) PRO/1000 Network Driver
[    3.318703] e1000e: Copyright(c) 1999 - 2015 Intel Corporation.
[    3.318758] e1000e 0000:00:1f.6: enabling device (0000 -> 0002)
[    3.318865] usbcore: registered new interface driver usbkbd
[    3.319067] e1000e 0000:00:1f.6: Interrupt Throttling Rate (ints/sec) set to dynamic conservative mode
[    3.319379] cryptd: max_cpu_qlen set to 1000
[    3.320310] AVX2 version of gcm_enc/dec engaged.
[    3.320367] AES CTR mode by8 optimization enabled
[    3.330602] input: DELL Dell QuietKey Keyboard as /devices/pci0000:00/0000:00:14.0/usb2/2-12/2-12:1.0/0003:413C:2106.0001/input/input5
[    3.390310] hid-generic 0003:413C:2106.0001: input,hidraw0: USB HID v1.10 Keyboard [DELL Dell QuietKey Keyboard] on usb-0000:00:14.0-12/input0
[    3.657683] ax88179_178a 4-2:1.0 eth0: register 'ax88179_178a' at usb-0000:00:14.0-2, ASIX AX88179 USB 3.0 Gigabit Ethernet, 00:0e:c6:a1:a2:6e
[    3.658775] usbcore: registered new interface driver ax88179_178a
[    3.659529] ax88179_178a 4-2:1.0 enp0s20f0u2: renamed from eth0
[    3.763268] e1000e 0000:00:1f.6 0000:00:1f.6 (uninitialized): registered PHC clock
[    3.838456] e1000e 0000:00:1f.6 eth0: (PCI Express:2.5GT/s:Width x1) 88:88:88:88:87:88
[    3.838462] e1000e 0000:00:1f.6 eth0: Intel(R) PRO/1000 Network Connection
[    3.838674] e1000e 0000:00:1f.6 eth0: MAC: 14, PHY: 12, PBA No: FFFFFF-0FF
[    3.839362] e1000e 0000:00:1f.6 enp0s31f6: renamed from eth0
[    4.061624] ish-hid {33AECD58-B679-4E54-9BD9-A04D34F0C226}: [hid-ish]: enum_devices_done OK, num_hid_devices=6
[    4.071110] hid-generic 001F:8087:0AC2.0002: hidraw1: SENSOR HUB HID v2.00 Device [hid-ishtp 8087:0AC2] on 
[    4.080252] hid-generic 001F:8087:0AC2.0003: hidraw2: SENSOR HUB HID v2.00 Device [hid-ishtp 8087:0AC2] on 
[    4.090156] hid-generic 001F:8087:0AC2.0004: hidraw3: SENSOR HUB HID v2.00 Device [hid-ishtp 8087:0AC2] on 
[    4.096351] hid-generic 001F:8087:0AC2.0005: hidraw4: SENSOR HUB HID v2.00 Device [hid-ishtp 8087:0AC2] on 
[    4.105642] hid-generic 001F:8087:0AC3.0006: hidraw5: SENSOR HUB HID v2.00 Device [hid-ishtp 8087:0AC3] on 
[    4.107530] hid-generic 001F:8087:0AC3.0007: hidraw6: SENSOR HUB HID v2.00 Device [hid-ishtp 8087:0AC3] on 
[    4.545966] EXT4-fs (nvme0n1p2): mounted filesystem 77b5d696-7bf5-4a06-bfd3-6fd24ec0d8f7 with ordered data mode. Quota mode: none.
[    4.549899] memfd_create() without MFD_EXEC nor MFD_NOEXEC_SEAL, pid=1 'systemd'
[    4.687386] printk: systemd: 16 output lines suppressed due to ratelimiting
[    4.730065] systemd[1]: RTC configured in localtime, applying delta of 480 minutes to system time.
[    4.733957] systemd[1]: systemd 239 (239-49.el8) running in system mode. (+PAM +AUDIT +SELINUX +IMA -APPARMOR +SMACK +SYSVINIT +UTMP +LIBCRYPTSETUP +GCRYPT +GNUTLS +ACL +XZ +LZ4 +SECCOMP +BLKID +ELFUTILS +KMOD +IDN2 -IDN +PCRE2 default-hierarchy=legacy)
[    4.734005] systemd[1]: Detected architecture x86-64.
[    4.734708] systemd[1]: Set hostname to <p-tglh01.sh.intel.com>.
[    4.955698] systemd[1]: systemd-journald.service: Succeeded.
[    4.956165] systemd[1]: initrd-switch-root.service: Succeeded.
[    4.956371] systemd[1]: Stopped Switch Root.
[    4.956502] systemd[1]: systemd-journald.service: Service has no hold-off time (RestartSec=0), scheduling restart.
[    4.956561] systemd[1]: systemd-journald.service: Scheduled restart job, restart counter is at 1.
[    4.956567] systemd[1]: Stopped Journal Service.
[    4.957036] systemd[1]: Starting Journal Service...
[    4.962368] EXT4-fs (nvme0n1p2): re-mounted 77b5d696-7bf5-4a06-bfd3-6fd24ec0d8f7. Quota mode: none.
[    4.972401] Adding 20971516k swap on /dev/mapper/cs-swap.  Priority:-2 extents:1 across:20971516k SSFS
[    5.043758] Consider using thermal netlink events interface
[    5.050012] input: Intel HID events as /devices/platform/INTC1051:00/input/input6
[    5.050238] intel-hid INTC1051:00: platform supports 5 button array
[    5.054264] input: Intel HID 5 button array as /devices/platform/INTC1051:00/input/input7
[    5.134687] ACPI: bus type thunderbolt registered
[    5.135042] thunderbolt 0000:00:0d.2: total paths: 12
[    5.135051] thunderbolt 0000:00:0d.2: IOMMU DMA protection is enabled
[    5.147750] thunderbolt 0000:00:0d.2: allocating TX ring 0 of size 10
[    5.147783] thunderbolt 0000:00:0d.2: allocating RX ring 0 of size 10
[    5.147801] thunderbolt 0000:00:0d.2: control channel created
[    5.147805] thunderbolt 0000:00:0d.2: using firmware connection manager
[    5.147806] thunderbolt 0000:00:0d.2: NHI initialized, starting thunderbolt
[    5.147807] thunderbolt 0000:00:0d.2: control channel starting...
[    5.147808] thunderbolt 0000:00:0d.2: starting TX ring 0
[    5.147812] thunderbolt 0000:00:0d.2: enabling interrupt at register 0x38200 bit 0 (0x0 -> 0x1)
[    5.147814] thunderbolt 0000:00:0d.2: starting RX ring 0
[    5.147818] thunderbolt 0000:00:0d.2: enabling interrupt at register 0x38200 bit 12 (0x1 -> 0x1001)
[    5.151703] thunderbolt 0000:00:0d.2: USB4 proxy operations supported
[    5.151706] thunderbolt 0000:00:0d.2: security level set to none
[    5.158402] thunderbolt 0000:00:0d.2: current switch config:
[    5.158405] thunderbolt 0000:00:0d.2:  USB4 Switch: 8087:9a1f (Revision: 4, TB Version: 32)
[    5.158408] thunderbolt 0000:00:0d.2:   Max Port Number: 13
[    5.158409] thunderbolt 0000:00:0d.2:   Config:
[    5.158410] thunderbolt 0000:00:0d.2:    Upstream Port Number: 7 Depth: 0 Route String: 0x0 Enabled: 1, PlugEventsDelay: 10ms
[    5.158412] thunderbolt 0000:00:0d.2:    unknown1: 0x0 unknown4: 0x0
[    5.160707] input: PC Speaker as /devices/platform/pcspkr/input/input8
[    5.163296] i801_smbus 0000:00:1f.4: enabling device (0000 -> 0003)
[    5.163528] i801_smbus 0000:00:1f.4: SPD Write Disable is set
[    5.163563] i801_smbus 0000:00:1f.4: SMBus using PCI interrupt
[    5.167114] mei_me 0000:00:16.0: enabling device (0000 -> 0002)
[    5.170585] RAPL PMU: API unit is 2^-32 Joules, 4 fixed counters, 655360 ms ovfl timer
[    5.170588] RAPL PMU: hw unit of domain pp0-core 2^-14 Joules
[    5.170588] RAPL PMU: hw unit of domain package 2^-14 Joules
[    5.170589] RAPL PMU: hw unit of domain pp1-gpu 2^-14 Joules
[    5.170590] RAPL PMU: hw unit of domain psys 2^-14 Joules
[    5.174035] intel-lpss 0000:00:15.0: enabling device (0000 -> 0002)
[    5.174410] idma64 idma64.0: Found Intel integrated DMA 64-bit
[    5.236876] i2c i2c-14: 2/8 memory slots populated (from DMI)
[    5.236879] i2c i2c-14: Systems with more than 4 memory slots not supported yet, not instantiating SPD
[    5.240768] thunderbolt 0000:00:0d.2: 0: uid: 0xe3cb6d508087a503
[    5.241363] i2c_designware i2c_designware.0: using ACPI '\_SB.PC00.I2C0' for 'scl' GPIO lookup
[    5.241368] acpi device:8d: GPIO: looking up scl-gpios
[    5.241369] acpi device:8d: GPIO: looking up scl-gpio
[    5.241370] i2c_designware i2c_designware.0: using lookup tables for GPIO lookup
[    5.241371] i2c_designware i2c_designware.0: No GPIO consumer scl found
[    5.258032] intel-lpss 0000:00:15.1: enabling device (0000 -> 0002)
[    5.258653] idma64 idma64.1: Found Intel integrated DMA 64-bit
[    5.273336] proc_thermal 0000:00:04.0: enabling device (0000 -> 0002)
[    5.280156] thunderbolt 0000:00:0d.2:  Port 1: 8086:9a1f (Revision: 4, TB Version: 1, Type: Port (0x1))
[    5.280161] thunderbolt 0000:00:0d.2:   Max hop id (in/out): 19/19
[    5.280163] thunderbolt 0000:00:0d.2:   Max counters: 16
[    5.280164] thunderbolt 0000:00:0d.2:   NFC Credits: 0x83c00000
[    5.280166] thunderbolt 0000:00:0d.2:   Credits (total/control): 60/2
