[root@p-tglh01 ~]# uname -r 
6.1.0-rc1-b13_b311c5cba779a+
[root@p-tglh01 ~]# modprobe -q gpio_mockup gpio_mockup_ranges="-1,1024"
[root@p-tglh01 ~]# dmesg | grep -C 5 Call
[root@p-tglh01 ~]# find "/sys/kernel/debug/gpio-mockup/" -name gpiochip* -type d | sort
/sys/kernel/debug/gpio-mockup/gpiochip1
[root@p-tglh01 ~]# modprobe -r gpio_mockup
[root@p-tglh01 ~]# dmesg | grep -C 5 Call
[root@p-tglh01 ~]# 

[root@p-tglh01 gpio]# ./gpio-mockup.sh 
1.  Module load tests
1.1.  dynamic allocation of gpio
2.  Module load error tests
2.1 gpio overflow
1: -1,1024 -> -1,1024
2: 
3: 
4: 
test failed: unexpected chip - gpiochip1 check:
GPIO gpio-mockup test FAIL
[root@p-tglh01 gpio]# 




[    0.000000] Linux version 6.1.0-rc1-b13_b311c5cba779a+ (root@xpf.sh.intel.com) (gcc (GCC) 8.5.0 20210514 (Red Hat 8.5.0-18), GNU ld version 2.36.1-2.el8) #19 SMP PREEMPT_DYNAMIC Thu Apr  6 16:13:25 CST 2023
[    0.000000] Command line: BOOT_IMAGE=(hd0,gpt2)/boot/vmlinuz-6.1.0-rc1-b13_b311c5cba779a+ root=UUID=77b5d696-7bf5-4a06-bfd3-6fd24ec0d8f7 ro crashkernel=auto resume=/dev/mapper/cs-swap rd.lvm.lv=cs/swap rhgb quiet log_buf_len=4M thunderbolt.dyndbg
[    0.000000] KERNEL supported cpus:
[    0.000000]   Intel GenuineIntel
[    0.000000]   AMD AuthenticAMD
[    0.000000]   Hygon HygonGenuine
[    0.000000]   Centaur CentaurHauls
[    0.000000]   zhaoxin   Shanghai  
[    0.000000] x86/split lock detection: #AC: crashing the kernel on kernel split_locks and warning on user-space split_locks
[    0.000000] x86/fpu: Supporting XSAVE feature 0x001: 'x87 floating point registers'
[    0.000000] x86/fpu: Supporting XSAVE feature 0x002: 'SSE registers'
[    0.000000] x86/fpu: Supporting XSAVE feature 0x004: 'AVX registers'
[    0.000000] x86/fpu: Supporting XSAVE feature 0x020: 'AVX-512 opmask'
[    0.000000] x86/fpu: Supporting XSAVE feature 0x040: 'AVX-512 Hi256'
[    0.000000] x86/fpu: Supporting XSAVE feature 0x080: 'AVX-512 ZMM_Hi256'
[    0.000000] x86/fpu: Supporting XSAVE feature 0x200: 'Protection Keys User registers'
[    0.000000] x86/fpu: xstate_offset[2]:  576, xstate_sizes[2]:  256
[    0.000000] x86/fpu: xstate_offset[5]:  832, xstate_sizes[5]:   64
[    0.000000] x86/fpu: xstate_offset[6]:  896, xstate_sizes[6]:  512
[    0.000000] x86/fpu: xstate_offset[7]: 1408, xstate_sizes[7]: 1024
[    0.000000] x86/fpu: xstate_offset[9]: 2432, xstate_sizes[9]:    8
[    0.000000] x86/fpu: Enabled xstate features 0x2e7, context size is 2440 bytes, using 'compacted' format.
[    0.000000] signal: max sigframe size: 3632
[    0.000000] BIOS-provided physical RAM map:
[    0.000000] BIOS-e820: [mem 0x0000000000000000-0x000000000009efff] usable
[    0.000000] BIOS-e820: [mem 0x000000000009f000-0x00000000000fffff] reserved
[    0.000000] BIOS-e820: [mem 0x0000000000100000-0x00000000416dbfff] usable
[    0.000000] BIOS-e820: [mem 0x00000000416dc000-0x0000000044a47fff] reserved
[    0.000000] BIOS-e820: [mem 0x0000000044a48000-0x0000000044b32fff] ACPI NVS
[    0.000000] BIOS-e820: [mem 0x0000000044b33000-0x0000000044bfefff] ACPI data
[    0.000000] BIOS-e820: [mem 0x0000000044bff000-0x0000000044bfffff] usable
[    0.000000] BIOS-e820: [mem 0x0000000044c00000-0x0000000048ffffff] reserved
[    0.000000] BIOS-e820: [mem 0x0000000049400000-0x00000000495fffff] reserved
[    0.000000] BIOS-e820: [mem 0x000000004a200000-0x00000000503fffff] reserved
[    0.000000] BIOS-e820: [mem 0x00000000c0000000-0x00000000cfffffff] reserved
[    0.000000] BIOS-e820: [mem 0x00000000fed20000-0x00000000fed7ffff] reserved
[    0.000000] BIOS-e820: [mem 0x00000000ff400000-0x00000000ffffffff] reserved
[    0.000000] BIOS-e820: [mem 0x0000000100000000-0x00000008afbfffff] usable
[    0.000000] NX (Execute Disable) protection: active
[    0.000000] efi: EFI v2.70 by Intel
[    0.000000] efi: ACPI=0x44bfe000 ACPI 2.0=0x44bfe014 TPMFinalLog=0x44a98000 SMBIOS=0x417b1000 MEMATTR=0x3dbc7418 ESRT=0x3d8fe718 TPMEventLog=0x3dbb6018 
[    0.000000] SMBIOS 3.2 present.
[    0.000000] DMI: Intel Corporation Tiger Lake Client Platform/TigerLake H DDR4 SODIMM RVP, BIOS TGLSFWI1.R00.4043.A00.2101202035 01/20/2021
[    0.000000] tsc: Detected 3100.000 MHz processor
[    0.000000] tsc: Detected 3110.400 MHz TSC
[    0.000005] e820: update [mem 0x00000000-0x00000fff] usable ==> reserved
[    0.000007] e820: remove [mem 0x000a0000-0x000fffff] usable
[    0.000012] last_pfn = 0x8afc00 max_arch_pfn = 0x400000000
[    0.000150] x86/PAT: Configuration [0-7]: WB  WC  UC- UC  WB  WP  UC- WT  
[    0.001048] last_pfn = 0x44c00 max_arch_pfn = 0x400000000
[    0.007859] esrt: Reserving ESRT space from 0x000000003d8fe718 to 0x000000003d8fe868.
[    0.007868] e820: update [mem 0x3d8fe000-0x3d8fefff] usable ==> reserved
[    0.007898] Using GB pages for direct mapping
[    0.009605] printk: log_buf_len: 4194304 bytes
[    0.009607] printk: early log buf free: 258352(98%)
[    0.009608] Secure boot disabled
[    0.009608] RAMDISK: [mem 0x268b2000-0x299fbfff]
[    0.009611] ACPI: Early table checksum verification disabled
[    0.009615] ACPI: RSDP 0x0000000044BFE014 000024 (v02 INTEL )
[    0.009618] ACPI: XSDT 0x0000000044B59188 000104 (v01 INTEL  TGL-ULT  00000002      01000013)
[    0.009623] ACPI: FACP 0x0000000044BEF000 000114 (v06 INTEL  TGL-ULT  00000002      01000013)
[    0.009626] ACPI: DSDT 0x0000000044B80000 06BB01 (v02 INTEL  TGL-ULT  00000002      01000013)
[    0.009629] ACPI: FACS 0x0000000044A83000 000040
[    0.009631] ACPI: SSDT 0x0000000044BFA000 002576 (v02 CpuRef CpuSsdt  00003000 INTL 20191018)
[    0.009633] ACPI: SSDT 0x0000000044BF4000 005926 (v02 DptfTb DptfTabl 00001000 INTL 20191018)
[    0.009635] ACPI: SSDT 0x0000000044BF3000 00060E (v02 INTEL  Tpm2Tabl 00001000 INTL 20191018)
[    0.009638] ACPI: TPM2 0x0000000044BF2000 00004C (v04 INTEL  TGL-ULT  00000002      01000013)
[    0.009640] ACPI: SSDT 0x0000000044BF1000 0005D4 (v02 Intel  PerfTune 00001000 INTL 20191018)
[    0.009642] ACPI: ECDT 0x0000000044BF0000 000069 (v01 INTEL  TGL-ULT  00000002      01000013)
[    0.009644] ACPI: HPET 0x0000000044BEE000 000038 (v01 INTEL  TGL-ULT  00000002      01000013)
[    0.009646] ACPI: APIC 0x0000000044BED000 00012C (v04 INTEL  TGL-ULT  00000002      01000013)
[    0.009648] ACPI: MCFG 0x0000000044BEC000 00003C (v01 INTEL  TGL-ULT  00000002      01000013)
[    0.009651] ACPI: SSDT 0x0000000044B78000 007E05 (v02 INTEL  TglH_Rvp 00001000 INTL 20191018)
[    0.009653] ACPI: SSDT 0x0000000044B77000 000E94 (v02 INTEL  Ther_Rvp 00001000 INTL 20191018)
[    0.009655] ACPI: NHLT 0x0000000044B75000 001871 (v00 INTEL  TGL-ULT  00000002      01000013)
[    0.009657] ACPI: SSDT 0x0000000044B71000 003D7A (v02 SaSsdt SaSsdt   00003000 INTL 20191018)
[    0.009659] ACPI: SSDT 0x0000000044B6D000 0034DF (v02 INTEL  IgfxSsdt 00003000 INTL 20191018)
[    0.009662] ACPI: SSDT 0x0000000044B61000 00BD15 (v02 INTEL  TcssSsdt 00001000 INTL 20191018)
[    0.009664] ACPI: LPIT 0x0000000044B60000 0000CC (v01 INTEL  TGL-ULT  00000002      01000013)
[    0.009666] ACPI: WSMT 0x0000000044B5F000 000028 (v01 INTEL  TGL-ULT  00000002      01000013)
[    0.009668] ACPI: SSDT 0x0000000044B5C000 002720 (v02 INTEL  PtidDevc 00001000 INTL 20191018)
[    0.009671] ACPI: SSDT 0x0000000044B5B000 00012A (v02 INTEL  TbtTypeC 00000000 INTL 20191018)
[    0.009673] ACPI: DBGP 0x0000000044B5A000 000034 (v01 INTEL  TGL-ULT  00000002      01000013)
[    0.009675] ACPI: DBG2 0x0000000044BFD000 000054 (v00 INTEL  TGL-ULT  00000002      01000013)
[    0.009677] ACPI: SSDT 0x0000000044B57000 0015FC (v02 INTEL  UsbCTabl 00001000 INTL 20191018)
[    0.009679] ACPI: DMAR 0x0000000044B56000 0000E8 (v02 INTEL  ICL      00000002      01000013)
[    0.009681] ACPI: SSDT 0x0000000044B55000 000B02 (v02 INTEL  xh_thdd4 00000000 INTL 20191018)
[    0.009684] ACPI: SSDT 0x0000000044B54000 000144 (v02 Intel  ADebTabl 00001000 INTL 20191018)
[    0.009686] ACPI: PTDT 0x0000000044B53000 000D44 (v00 INTEL  TGL-ULT  00000005 MSFT 0100000D)
[    0.009688] ACPI: FPDT 0x0000000044B52000 000044 (v01 INTEL  TGL-ULT  00000002      01000013)
[    0.009689] ACPI: Reserving FACP table memory at [mem 0x44bef000-0x44bef113]
[    0.009691] ACPI: Reserving DSDT table memory at [mem 0x44b80000-0x44bebb00]
[    0.009691] ACPI: Reserving FACS table memory at [mem 0x44a83000-0x44a8303f]
[    0.009692] ACPI: Reserving SSDT table memory at [mem 0x44bfa000-0x44bfc575]
[    0.009692] ACPI: Reserving SSDT table memory at [mem 0x44bf4000-0x44bf9925]
[    0.009693] ACPI: Reserving SSDT table memory at [mem 0x44bf3000-0x44bf360d]
[    0.009693] ACPI: Reserving TPM2 table memory at [mem 0x44bf2000-0x44bf204b]
[    0.009694] ACPI: Reserving SSDT table memory at [mem 0x44bf1000-0x44bf15d3]
[    0.009694] ACPI: Reserving ECDT table memory at [mem 0x44bf0000-0x44bf0068]
[    0.009694] ACPI: Reserving HPET table memory at [mem 0x44bee000-0x44bee037]
[    0.009695] ACPI: Reserving APIC table memory at [mem 0x44bed000-0x44bed12b]
[    0.009695] ACPI: Reserving MCFG table memory at [mem 0x44bec000-0x44bec03b]
[    0.009696] ACPI: Reserving SSDT table memory at [mem 0x44b78000-0x44b7fe04]
[    0.009696] ACPI: Reserving SSDT table memory at [mem 0x44b77000-0x44b77e93]
[    0.009697] ACPI: Reserving NHLT table memory at [mem 0x44b75000-0x44b76870]
[    0.009697] ACPI: Reserving SSDT table memory at [mem 0x44b71000-0x44b74d79]
[    0.009698] ACPI: Reserving SSDT table memory at [mem 0x44b6d000-0x44b704de]
[    0.009698] ACPI: Reserving SSDT table memory at [mem 0x44b61000-0x44b6cd14]
[    0.009699] ACPI: Reserving LPIT table memory at [mem 0x44b60000-0x44b600cb]
[    0.009699] ACPI: Reserving WSMT table memory at [mem 0x44b5f000-0x44b5f027]
[    0.009700] ACPI: Reserving SSDT table memory at [mem 0x44b5c000-0x44b5e71f]
[    0.009700] ACPI: Reserving SSDT table memory at [mem 0x44b5b000-0x44b5b129]
[    0.009701] ACPI: Reserving DBGP table memory at [mem 0x44b5a000-0x44b5a033]
[    0.009701] ACPI: Reserving DBG2 table memory at [mem 0x44bfd000-0x44bfd053]
[    0.009702] ACPI: Reserving SSDT table memory at [mem 0x44b57000-0x44b585fb]
[    0.009702] ACPI: Reserving DMAR table memory at [mem 0x44b56000-0x44b560e7]
[    0.009703] ACPI: Reserving SSDT table memory at [mem 0x44b55000-0x44b55b01]
[    0.009703] ACPI: Reserving SSDT table memory at [mem 0x44b54000-0x44b54143]
[    0.009704] ACPI: Reserving PTDT table memory at [mem 0x44b53000-0x44b53d43]
[    0.009704] ACPI: Reserving FPDT table memory at [mem 0x44b52000-0x44b52043]
[    0.010044] No NUMA configuration found
[    0.010044] Faking a node at [mem 0x0000000000000000-0x00000008afbfffff]
[    0.010052] NODE_DATA(0) allocated [mem 0x8ae9d5000-0x8ae9fffff]
[    0.010148] crashkernel: memory value expected
[    0.010182] Zone ranges:
[    0.010182]   DMA      [mem 0x0000000000001000-0x0000000000ffffff]
[    0.010183]   DMA32    [mem 0x0000000001000000-0x00000000ffffffff]
[    0.010184]   Normal   [mem 0x0000000100000000-0x00000008afbfffff]
[    0.010185]   Device   empty
[    0.010186] Movable zone start for each node
[    0.010188] Early memory node ranges
[    0.010188]   node   0: [mem 0x0000000000001000-0x000000000009efff]
[    0.010189]   node   0: [mem 0x0000000000100000-0x00000000416dbfff]
[    0.010190]   node   0: [mem 0x0000000044bff000-0x0000000044bfffff]
[    0.010190]   node   0: [mem 0x0000000100000000-0x00000008afbfffff]
[    0.010193] Initmem setup node 0 [mem 0x0000000000001000-0x00000008afbfffff]
[    0.010195] On node 0, zone DMA: 1 pages in unavailable ranges
[    0.010212] On node 0, zone DMA: 97 pages in unavailable ranges
[    0.011475] On node 0, zone DMA32: 13603 pages in unavailable ranges
[    0.045038] On node 0, zone Normal: 13312 pages in unavailable ranges
[    0.045045] On node 0, zone Normal: 1024 pages in unavailable ranges
[    0.045087] Reserving Intel graphics memory at [mem 0x4c800000-0x503fffff]
[    0.046172] ACPI: PM-Timer IO Port: 0x1808
[    0.046179] ACPI: LAPIC_NMI (acpi_id[0x01] high edge lint[0x1])
[    0.046180] ACPI: LAPIC_NMI (acpi_id[0x02] high edge lint[0x1])
[    0.046180] ACPI: LAPIC_NMI (acpi_id[0x03] high edge lint[0x1])
[    0.046181] ACPI: LAPIC_NMI (acpi_id[0x04] high edge lint[0x1])
[    0.046181] ACPI: LAPIC_NMI (acpi_id[0x05] high edge lint[0x1])
[    0.046181] ACPI: LAPIC_NMI (acpi_id[0x06] high edge lint[0x1])
[    0.046182] ACPI: LAPIC_NMI (acpi_id[0x07] high edge lint[0x1])
[    0.046182] ACPI: LAPIC_NMI (acpi_id[0x08] high edge lint[0x1])
[    0.046183] ACPI: LAPIC_NMI (acpi_id[0x09] high edge lint[0x1])
[    0.046183] ACPI: LAPIC_NMI (acpi_id[0x0a] high edge lint[0x1])
[    0.046183] ACPI: LAPIC_NMI (acpi_id[0x0b] high edge lint[0x1])
[    0.046184] ACPI: LAPIC_NMI (acpi_id[0x0c] high edge lint[0x1])
[    0.046184] ACPI: LAPIC_NMI (acpi_id[0x0d] high edge lint[0x1])
[    0.046185] ACPI: LAPIC_NMI (acpi_id[0x0e] high edge lint[0x1])
[    0.046185] ACPI: LAPIC_NMI (acpi_id[0x0f] high edge lint[0x1])
[    0.046185] ACPI: LAPIC_NMI (acpi_id[0x10] high edge lint[0x1])
[    0.046241] IOAPIC[0]: apic_id 2, version 32, address 0xfec00000, GSI 0-119
[    0.046243] ACPI: INT_SRC_OVR (bus 0 bus_irq 0 global_irq 2 dfl dfl)
[    0.046244] ACPI: INT_SRC_OVR (bus 0 bus_irq 9 global_irq 9 high level)
[    0.046248] ACPI: Using ACPI (MADT) for SMP configuration information
[    0.046249] ACPI: HPET id: 0x8086a201 base: 0xfed00000
[    0.046253] TSC deadline timer available
[    0.046254] smpboot: Allowing 16 CPUs, 0 hotplug CPUs
[    0.046276] PM: hibernation: Registered nosave memory: [mem 0x00000000-0x00000fff]
[    0.046278] PM: hibernation: Registered nosave memory: [mem 0x0009f000-0x000fffff]
[    0.046280] PM: hibernation: Registered nosave memory: [mem 0x3d8fe000-0x3d8fefff]
[    0.046282] PM: hibernation: Registered nosave memory: [mem 0x416dc000-0x44a47fff]
[    0.046282] PM: hibernation: Registered nosave memory: [mem 0x44a48000-0x44b32fff]
[    0.046282] PM: hibernation: Registered nosave memory: [mem 0x44b33000-0x44bfefff]
[    0.046284] PM: hibernation: Registered nosave memory: [mem 0x44c00000-0x48ffffff]
[    0.046284] PM: hibernation: Registered nosave memory: [mem 0x49000000-0x493fffff]
[    0.046285] PM: hibernation: Registered nosave memory: [mem 0x49400000-0x495fffff]
[    0.046285] PM: hibernation: Registered nosave memory: [mem 0x49600000-0x4a1fffff]
[    0.046286] PM: hibernation: Registered nosave memory: [mem 0x4a200000-0x503fffff]
[    0.046286] PM: hibernation: Registered nosave memory: [mem 0x50400000-0xbfffffff]
[    0.046286] PM: hibernation: Registered nosave memory: [mem 0xc0000000-0xcfffffff]
[    0.046287] PM: hibernation: Registered nosave memory: [mem 0xd0000000-0xfed1ffff]
[    0.046287] PM: hibernation: Registered nosave memory: [mem 0xfed20000-0xfed7ffff]
[    0.046287] PM: hibernation: Registered nosave memory: [mem 0xfed80000-0xff3fffff]
[    0.046288] PM: hibernation: Registered nosave memory: [mem 0xff400000-0xffffffff]
[    0.046289] [mem 0x50400000-0xbfffffff] available for PCI devices
[    0.046291] Booting paravirtualized kernel on bare hardware
[    0.046294] clocksource: refined-jiffies: mask: 0xffffffff max_cycles: 0xffffffff, max_idle_ns: 7645519600211568 ns
[    0.046299] setup_percpu: NR_CPUS:8192 nr_cpumask_bits:16 nr_cpu_ids:16 nr_node_ids:1
[    0.046631] percpu: Embedded 62 pages/cpu s217088 r8192 d28672 u262144
[    0.046639] pcpu-alloc: s217088 r8192 d28672 u262144 alloc=1*2097152
[    0.046640] pcpu-alloc: [0] 00 01 02 03 04 05 06 07 [0] 08 09 10 11 12 13 14 15 
[    0.046672] Fallback order for Node 0: 0 
[    0.046675] Built 1 zonelists, mobility grouping on.  Total pages: 8197521
[    0.046676] Policy zone: Normal
[    0.046677] Kernel command line: BOOT_IMAGE=(hd0,gpt2)/boot/vmlinuz-6.1.0-rc1-b13_b311c5cba779a+ root=UUID=77b5d696-7bf5-4a06-bfd3-6fd24ec0d8f7 ro crashkernel=auto resume=/dev/mapper/cs-swap rd.lvm.lv=cs/swap rhgb quiet log_buf_len=4M thunderbolt.dyndbg
[    0.046783] Unknown kernel command line parameters "rhgb BOOT_IMAGE=(hd0,gpt2)/boot/vmlinuz-6.1.0-rc1-b13_b311c5cba779a+", will be passed to user space.
[    0.047876] Dentry cache hash table entries: 4194304 (order: 13, 33554432 bytes, linear)
[    0.048423] Inode-cache hash table entries: 2097152 (order: 12, 16777216 bytes, linear)
[    0.048553] mem auto-init: stack:off, heap alloc:off, heap free:off
[    0.048567] software IO TLB: area num 16.
[    0.098345] Memory: 32482080K/33311212K available (20493K kernel code, 3634K rwdata, 6628K rodata, 3376K init, 9184K bss, 828872K reserved, 0K cma-reserved)
[    0.099537] SLUB: HWalign=64, Order=0-3, MinObjects=0, CPUs=16, Nodes=1
[    0.099539] kmemleak: Kernel memory leak detector disabled
[    0.099558] ftrace: allocating 61927 entries in 242 pages
[    0.107268] ftrace: allocated 242 pages with 5 groups
[    0.108078] Dynamic Preempt: voluntary
[    0.108127] rcu: Preemptible hierarchical RCU implementation.
[    0.108128] rcu:     RCU restricting CPUs from NR_CPUS=8192 to nr_cpu_ids=16.
[    0.108129]  Trampoline variant of Tasks RCU enabled.
[    0.108129]  Rude variant of Tasks RCU enabled.
[    0.108129]  Tracing variant of Tasks RCU enabled.
[    0.108130] rcu: RCU calculated value of scheduler-enlistment delay is 25 jiffies.
[    0.108130] rcu: Adjusting geometry for rcu_fanout_leaf=16, nr_cpu_ids=16
[    0.111436] NR_IRQS: 524544, nr_irqs: 2184, preallocated irqs: 16
[    0.111756] rcu: srcu_init: Setting srcu_struct sizes based on contention.
[    0.111988] Console: colour dummy device 80x25
[    0.111997] printk: console [tty0] enabled
[    0.112022] ACPI: Core revision 20220331
[    0.112325] hpet: HPET dysfunctional in PC10. Force disabled.
[    0.112326] APIC: Switch to symmetric I/O mode setup
[    0.112327] DMAR: Host address width 39
[    0.112328] DMAR: DRHD base: 0x000000fed90000 flags: 0x0
[    0.112333] DMAR: dmar0: reg_base_addr fed90000 ver 4:0 cap 1c0000c40660462 ecap 29a00f0505e
[    0.112334] DMAR: DRHD base: 0x000000fed84000 flags: 0x0
[    0.112342] DMAR: dmar1: reg_base_addr fed84000 ver 1:0 cap d2008c40660462 ecap f050da
[    0.112344] DMAR: DRHD base: 0x000000fed85000 flags: 0x0
[    0.112347] DMAR: dmar2: reg_base_addr fed85000 ver 1:0 cap d2008c40660462 ecap f050da
[    0.112348] DMAR: DRHD base: 0x000000fed86000 flags: 0x0
[    0.112351] DMAR: dmar3: reg_base_addr fed86000 ver 1:0 cap d2008c40660462 ecap f050da
[    0.112353] DMAR: DRHD base: 0x000000fed87000 flags: 0x0
[    0.112356] DMAR: dmar4: reg_base_addr fed87000 ver 1:0 cap d2008c40660462 ecap f050da
[    0.112357] DMAR: DRHD base: 0x000000fed91000 flags: 0x1
[    0.112361] DMAR: dmar5: reg_base_addr fed91000 ver 1:0 cap d2008c40660462 ecap f050da
[    0.112363] DMAR: RMRR base: 0x0000004c000000 end: 0x000000503fffff
[    0.112365] DMAR-IR: IOAPIC id 2 under DRHD base  0xfed91000 IOMMU 5
[    0.112366] DMAR-IR: HPET id 0 under DRHD base 0xfed91000
[    0.112367] DMAR-IR: Queued invalidation will be enabled to support x2apic and Intr-remapping.
[    0.114625] DMAR-IR: Enabled IRQ remapping in x2apic mode
[    0.114627] x2apic enabled
[    0.114677] Switched APIC routing to cluster x2apic.
[    0.119135] clocksource: tsc-early: mask: 0xffffffffffffffff max_cycles: 0x2cd5a8bb032, max_idle_ns: 440795365915 ns
[    0.119140] Calibrating delay loop (skipped), value calculated using timer frequency.. 6220.80 BogoMIPS (lpj=12441600)
[    0.119142] pid_max: default: 32768 minimum: 301
[    0.121163] LSM: Security Framework initializing
[    0.121166] Yama: becoming mindful.
[    0.121295] Mount-cache hash table entries: 65536 (order: 7, 524288 bytes, linear)
[    0.121340] Mountpoint-cache hash table entries: 65536 (order: 7, 524288 bytes, linear)
[    0.121630] x86/tme: not enabled by BIOS
[    0.121637] CPU0: Thermal monitoring enabled (TM1)
[    0.121638] x86/cpu: User Mode Instruction Prevention (UMIP) activated
[    0.121738] process: using mwait in idle threads
[    0.121739] CET detected: Indirect Branch Tracking enabled
[    0.121740] Last level iTLB entries: 4KB 0, 2MB 0, 4MB 0
[    0.121740] Last level dTLB entries: 4KB 0, 2MB 0, 4MB 0, 1GB 0
[    0.121744] Spectre V1 : Mitigation: usercopy/swapgs barriers and __user pointer sanitization
[    0.121745] Spectre V2 : WARNING: Unprivileged eBPF is enabled with eIBRS on, data leaks possible via Spectre v2 BHB attacks!
[    0.121748] Spectre V2 : Mitigation: Enhanced IBRS
[    0.121749] Spectre V2 : Spectre v2 / SpectreRSB mitigation: Filling RSB on context switch
[    0.121749] Spectre V2 : Spectre v2 / PBRSB-eIBRS: Retire a single CALL on VMEXIT
[    0.121750] Spectre V2 : mitigation: Enabling conditional Indirect Branch Prediction Barrier
[    0.121751] Speculative Store Bypass: Mitigation: Speculative Store Bypass disabled via prctl
[    0.123138] Freeing SMP alternatives memory: 52K
[    0.123138] smpboot: CPU0: Genuine Intel(R) CPU 0000 @ 2.20GHz (family: 0x6, model: 0x8d, stepping: 0x0)
[    0.123138] cblist_init_generic: Setting adjustable number of callback queues.
[    0.123138] cblist_init_generic: Setting shift to 4 and lim to 1.
[    0.123138] cblist_init_generic: Setting shift to 4 and lim to 1.
[    0.123138] cblist_init_generic: Setting shift to 4 and lim to 1.
[    0.123138] Performance Events: PEBS fmt4+-baseline,  AnyThread deprecated, Icelake events, 32-deep LBR, full-width counters, Intel PMU driver.
[    0.123138] ... version:                5
[    0.123138] ... bit width:              48
[    0.123138] ... generic registers:      8
[    0.123138] ... value mask:             0000ffffffffffff
[    0.123138] ... max period:             00007fffffffffff
[    0.123138] ... fixed-purpose events:   4
[    0.123138] ... event mask:             0001000f000000ff
[    0.123138] Estimated ratio of average max frequency by base frequency (times 1024): 1420
[    0.123138] rcu: Hierarchical SRCU implementation.
[    0.123138] rcu:     Max phase no-delay instances is 1000.
[    0.123138] NMI watchdog: Enabled. Permanently consumes one hw-PMU counter.
[    0.123138] smp: Bringing up secondary CPUs ...
[    0.123138] x86: Booting SMP configuration:
[    0.123138] .... node  #0, CPUs:        #1  #2  #3  #4  #5  #6  #7  #8  #9 #10 #11 #12 #13 #14 #15
[    0.144810] smp: Brought up 1 node, 16 CPUs
[    0.144810] smpboot: Max logical packages: 1
[    0.144810] smpboot: Total of 16 processors activated (99532.80 BogoMIPS)
[    0.148190] devtmpfs: initialized
[    0.148190] x86/mm: Memory block size: 128MB
[    0.149541] ACPI: PM: Registering ACPI NVS region [mem 0x44a48000-0x44b32fff] (962560 bytes)
[    0.149541] clocksource: jiffies: mask: 0xffffffff max_cycles: 0xffffffff, max_idle_ns: 7645041785100000 ns
[    0.149541] futex hash table entries: 4096 (order: 6, 262144 bytes, linear)
[    0.149541] pinctrl core: initialized pinctrl subsystem

[    0.149541] *************************************************************
[    0.149541] **     NOTICE NOTICE NOTICE NOTICE NOTICE NOTICE NOTICE    **
[    0.149541] **                                                         **
[    0.149541] **  IOMMU DebugFS SUPPORT HAS BEEN ENABLED IN THIS KERNEL  **
[    0.149541] **                                                         **
[    0.149541] ** This means that this kernel is built to expose internal **
[    0.149541] ** IOMMU data structures, which may compromise security on **
[    0.149541] ** your system.                                            **
[    0.149541] **                                                         **
[    0.149541] ** If you see this message and you are not debugging the   **
[    0.149541] ** kernel, report this immediately to your vendor!         **
[    0.149541] **                                                         **
[    0.149541] **     NOTICE NOTICE NOTICE NOTICE NOTICE NOTICE NOTICE    **
[    0.149541] *************************************************************
[    0.151140] PM: RTC time: 16:13:49, date: 2023-04-06
[    0.151606] NET: Registered PF_NETLINK/PF_ROUTE protocol family
[    0.152133] DMA: preallocated 4096 KiB GFP_KERNEL pool for atomic allocations
[    0.152144] DMA: preallocated 4096 KiB GFP_KERNEL|GFP_DMA pool for atomic allocations
[    0.152155] DMA: preallocated 4096 KiB GFP_KERNEL|GFP_DMA32 pool for atomic allocations
[    0.152173] audit: initializing netlink subsys (disabled)
[    0.152178] audit: type=2000 audit(1680797628.032:1): state=initialized audit_enabled=0 res=1
[    0.152178] thermal_sys: Registered thermal governor 'fair_share'
[    0.152178] thermal_sys: Registered thermal governor 'bang_bang'
[    0.152178] thermal_sys: Registered thermal governor 'step_wise'
[    0.152178] thermal_sys: Registered thermal governor 'user_space'
[    0.152178] cpuidle: using governor ladder
[    0.152178] cpuidle: using governor menu
[    0.152178] acpiphp: ACPI Hot Plug PCI Controller Driver version: 0.5
[    0.152178] PCI: MMCONFIG for domain 0000 [bus 00-ff] at [mem 0xc0000000-0xcfffffff] (base 0xc0000000)
[    0.152178] PCI: MMCONFIG at [mem 0xc0000000-0xcfffffff] reserved in E820
[    0.152178] PCI: Using configuration type 1 for base access
[    0.152178] ENERGY_PERF_BIAS: Set to 'normal', was 'performance'
[    0.152609] kprobes: kprobe jump-optimization is enabled. All kprobes are optimized if possible.
[    0.152615] HugeTLB: registered 1.00 GiB page size, pre-allocated 0 pages
[    0.152615] HugeTLB: 16380 KiB vmemmap can be freed for a 1.00 GiB page
[    0.152615] HugeTLB: registered 2.00 MiB page size, pre-allocated 0 pages
[    0.152615] HugeTLB: 28 KiB vmemmap can be freed for a 2.00 MiB page
[    0.155242] ACPI: Added _OSI(Module Device)
[    0.155243] ACPI: Added _OSI(Processor Device)
[    0.155243] ACPI: Added _OSI(3.0 _SCP Extensions)
[    0.155244] ACPI: Added _OSI(Processor Aggregator Device)
[    0.228495] ACPI: 15 ACPI AML tables successfully acquired and loaded
[    0.229916] ACPI: EC: EC started
[    0.229917] ACPI: EC: interrupt blocked
[    0.385689] ACPI: EC: EC_CMD/EC_SC=0x66, EC_DATA=0x62
[    0.385690] ACPI: EC: Boot ECDT EC used to handle transactions
[    0.499482] ACPI: Dynamic OEM Table Load:
[    0.499492] ACPI: SSDT 0xFFFF905882CC3000 0001CB (v02 PmRef  Cpu0Psd  00003000 INTL 20191018)
[    0.500502] ACPI: \_SB_.PR00: _OSC native thermal LVT Acked
[    0.500502] ACPI: Dynamic OEM Table Load:
[    0.500502] ACPI: SSDT 0xFFFF905882D69800 00047F (v02 PmRef  Cpu0Cst  00003001 INTL 20191018)
[    0.501012] ACPI: Dynamic OEM Table Load:
[    0.501017] ACPI: SSDT 0xFFFF905882D6C000 000626 (v02 PmRef  Cpu0Ist  00003000 INTL 20191018)
[    0.502298] ACPI: Dynamic OEM Table Load:
[    0.502302] ACPI: SSDT 0xFFFF905881AB8C00 00028B (v02 PmRef  Cpu0Hwp  00003000 INTL 20191018)
[    0.503648] ACPI: Dynamic OEM Table Load:
[    0.503654] ACPI: SSDT 0xFFFF905881AC1000 0008E7 (v02 PmRef  ApIst    00003000 INTL 20191018)
[    0.504926] ACPI: Dynamic OEM Table Load:
[    0.504931] ACPI: SSDT 0xFFFF905882D6F800 00048A (v02 PmRef  ApHwp    00003000 INTL 20191018)
[    0.506119] ACPI: Dynamic OEM Table Load:
[    0.506123] ACPI: SSDT 0xFFFF905882D6C800 0004D4 (v02 PmRef  ApPsd    00003000 INTL 20191018)
[    0.507337] ACPI: Dynamic OEM Table Load:
[    0.507341] ACPI: SSDT 0xFFFF905882D6A800 00048A (v02 PmRef  ApCst    00003000 INTL 20191018)
[    0.515052] ACPI: Interpreter enabled
[    0.515101] ACPI: PM: (supports S0 S3 S4 S5)
[    0.515102] ACPI: Using IOAPIC for interrupt routing
[    0.515145] PCI: Using host bridge windows from ACPI; if necessary, use "pci=nocrs" and report a bug
[    0.515145] PCI: Using E820 reservations for host bridge windows
[    0.517304] ACPI: Enabled 8 GPEs in block 00 to 7F
[    0.518727] ACPI: PM: Power Resource [PXP]
[    0.647824] ACPI: PM: Power Resource [PXP]
[    0.649796] ACPI: PM: Power Resource [PXP]
[    0.651767] ACPI: PM: Power Resource [PXP]
[    0.665180] ACPI: PM: Power Resource [PXP]
[    0.668740] ACPI: PM: Power Resource [PXP]
[    0.672386] ACPI: PM: Power Resource [PXP]
[    0.674962] ACPI: PM: Power Resource [PXP]
[    0.677104] ACPI: PM: Power Resource [V0PR]
[    0.677496] ACPI: PM: Power Resource [V1PR]
[    0.677885] ACPI: PM: Power Resource [V2PR]
[    0.688334] ACPI: PM: Power Resource [WRST]
[    0.691526] ACPI: PM: Power Resource [TBT0]
[    0.691824] ACPI: PM: Power Resource [TBT1]
[    0.692117] ACPI: PM: Power Resource [D3C]
[    1.191831] ACPI: PM: Power Resource [FN00]
[    1.191893] ACPI: PM: Power Resource [FN01]
[    1.191955] ACPI: PM: Power Resource [FN02]
[    1.192009] ACPI: PM: Power Resource [FN03]
[    1.192064] ACPI: PM: Power Resource [FN04]
[    1.192597] ACPI: PM: Power Resource [PIN]
[    1.192883] ACPI: PCI Root Bridge [PC00] (domain 0000 [bus 00-fe])
[    1.192888] acpi PNP0A08:00: _OSC: OS supports [ExtendedConfig ASPM ClockPM Segments MSI EDR HPX-Type3]
[    1.194563] acpi PNP0A08:00: _OSC: platform does not support [AER]
[    1.197912] acpi PNP0A08:00: _OSC: OS now controls [PCIeHotplug SHPCHotplug PME PCIeCapability LTR DPC]
[    1.202482] PCI host bridge to bus 0000:00
[    1.202483] pci_bus 0000:00: root bus resource [io  0x0000-0x0cf7 window]
[    1.202485] pci_bus 0000:00: root bus resource [io  0x0d00-0xffff window]
[    1.202486] pci_bus 0000:00: root bus resource [mem 0x000a0000-0x000bffff window]
[    1.202487] pci_bus 0000:00: root bus resource [mem 0x50400000-0xbfffffff window]
[    1.202487] pci_bus 0000:00: root bus resource [mem 0x4000000000-0x7fffffffff window]
[    1.202489] pci_bus 0000:00: root bus resource [bus 00-fe]
[    1.205221] pci 0000:00:00.0: [8086:9a36] type 00 class 0x060000
[    1.205371] pci 0000:00:02.0: [8086:9a60] type 00 class 0x030000
[    1.205380] pci 0000:00:02.0: reg 0x10: [mem 0x607c000000-0x607cffffff 64bit]
[    1.205385] pci 0000:00:02.0: reg 0x18: [mem 0x4000000000-0x400fffffff 64bit pref]
[    1.205389] pci 0000:00:02.0: reg 0x20: [io  0x3000-0x303f]
[    1.205403] pci 0000:00:02.0: DMAR: Skip IOMMU disabling for graphics
[    1.205406] pci 0000:00:02.0: Video device with shadowed ROM at [mem 0x000c0000-0x000dffff]
[    1.205432] pci 0000:00:02.0: reg 0x344: [mem 0x00000000-0x00ffffff 64bit]
[    1.205434] pci 0000:00:02.0: VF(n) BAR0 space: [mem 0x00000000-0x06ffffff 64bit] (contains BAR0 for 7 VFs)
[    1.205438] pci 0000:00:02.0: reg 0x34c: [mem 0x00000000-0x1fffffff 64bit pref]
[    1.205439] pci 0000:00:02.0: VF(n) BAR2 space: [mem 0x00000000-0xdfffffff 64bit pref] (contains BAR2 for 7 VFs)
[    1.205595] pci 0000:00:04.0: [8086:9a03] type 00 class 0x118000
[    1.205612] pci 0000:00:04.0: reg 0x10: [mem 0x607d180000-0x607d19ffff 64bit]
[    1.205927] pci 0000:00:06.0: [8086:9a0f] type 01 class 0x060400
[    1.206013] pci 0000:00:06.0: PME# supported from D0 D3hot D3cold
[    1.206051] pci 0000:00:06.0: PTM enabled (root), 4ns granularity
[    1.207953] pci 0000:00:07.0: [8086:9a2b] type 01 class 0x060400
[    1.207999] pci 0000:00:07.0: Overriding RP PIO Log Size to 4
[    1.208035] pci 0000:00:07.0: PME# supported from D0 D3hot D3cold
[    1.209999] pci 0000:00:07.1: [8086:9a2d] type 01 class 0x060400
[    1.210044] pci 0000:00:07.1: Overriding RP PIO Log Size to 4
[    1.210079] pci 0000:00:07.1: PME# supported from D0 D3hot D3cold
[    1.212028] pci 0000:00:07.2: [8086:9a2f] type 01 class 0x060400
[    1.212074] pci 0000:00:07.2: Overriding RP PIO Log Size to 4
[    1.212108] pci 0000:00:07.2: PME# supported from D0 D3hot D3cold
[    1.214070] pci 0000:00:07.3: [8086:9a31] type 01 class 0x060400
[    1.214116] pci 0000:00:07.3: Overriding RP PIO Log Size to 4
[    1.214150] pci 0000:00:07.3: PME# supported from D0 D3hot D3cold
[    1.216138] pci 0000:00:08.0: [8086:9a11] type 00 class 0x088000
[    1.216147] pci 0000:00:08.0: reg 0x10: [mem 0x607d1ed000-0x607d1edfff 64bit]
[    1.216259] pci 0000:00:0a.0: [8086:9a0d] type 00 class 0x118000
[    1.216267] pci 0000:00:0a.0: reg 0x10: [mem 0x607d1d0000-0x607d1d7fff 64bit]
[    1.216289] pci 0000:00:0a.0: enabling Extended Tags
[    1.216405] pci 0000:00:0d.0: [8086:9a17] type 00 class 0x0c0330
[    1.216417] pci 0000:00:0d.0: reg 0x10: [mem 0x607d1c0000-0x607d1cffff 64bit]
[    1.216469] pci 0000:00:0d.0: PME# supported from D3hot D3cold
[    1.218337] pci 0000:00:0d.2: [8086:9a1f] type 00 class 0x0c0340
[    1.218349] pci 0000:00:0d.2: reg 0x10: [mem 0x607d140000-0x607d17ffff 64bit]
[    1.218357] pci 0000:00:0d.2: reg 0x18: [mem 0x607d1ec000-0x607d1ecfff 64bit]
[    1.218394] pci 0000:00:0d.2: supports D1 D2
[    1.218395] pci 0000:00:0d.2: PME# supported from D0 D1 D2 D3hot D3cold
[    1.218525] pci 0000:00:0d.3: [8086:9a21] type 00 class 0x0c0340
[    1.218538] pci 0000:00:0d.3: reg 0x10: [mem 0x607d100000-0x607d13ffff 64bit]
[    1.218546] pci 0000:00:0d.3: reg 0x18: [mem 0x607d1eb000-0x607d1ebfff 64bit]
[    1.218582] pci 0000:00:0d.3: supports D1 D2
[    1.218582] pci 0000:00:0d.3: PME# supported from D0 D1 D2 D3hot D3cold
[    1.218786] pci 0000:00:12.0: [8086:43fc] type 00 class 0x070000
[    1.218808] pci 0000:00:12.0: reg 0x10: [mem 0x607d1b0000-0x607d1bffff 64bit]
[    1.218876] pci 0000:00:12.0: PME# supported from D0 D3hot
[    1.220985] pci 0000:00:14.0: [8086:43ed] type 00 class 0x0c0330
[    1.221005] pci 0000:00:14.0: reg 0x10: [mem 0x607d1a0000-0x607d1affff 64bit]
[    1.221080] pci 0000:00:14.0: PME# supported from D3hot D3cold
[    1.222958] pci 0000:00:14.2: [8086:43ef] type 00 class 0x050000
[    1.222978] pci 0000:00:14.2: reg 0x10: [mem 0x607d1dc000-0x607d1dffff 64bit]
[    1.222990] pci 0000:00:14.2: reg 0x18: [mem 0x607d1ea000-0x607d1eafff 64bit]
[    1.223299] pci 0000:00:15.0: [8086:43e8] type 00 class 0x0c8000
[    1.223330] pci 0000:00:15.0: reg 0x10: [mem 0x00000000-0x00000fff 64bit]
[    1.223799] pci 0000:00:15.1: [8086:43e9] type 00 class 0x0c8000
[    1.223827] pci 0000:00:15.1: reg 0x10: [mem 0x00000000-0x00000fff 64bit]
[    1.224300] pci 0000:00:15.2: [8086:43ea] type 00 class 0x0c8000
[    1.224330] pci 0000:00:15.2: reg 0x10: [mem 0x00000000-0x00000fff 64bit]
[    1.224851] pci 0000:00:15.3: [8086:43eb] type 00 class 0x0c8000
[    1.224878] pci 0000:00:15.3: reg 0x10: [mem 0x00000000-0x00000fff 64bit]
[    1.225288] pci 0000:00:16.0: [8086:43e0] type 00 class 0x078000
[    1.225311] pci 0000:00:16.0: reg 0x10: [mem 0x607d1e5000-0x607d1e5fff 64bit]
[    1.225392] pci 0000:00:16.0: PME# supported from D3hot
[    1.227518] pci 0000:00:17.0: [8086:43d2] type 00 class 0x010601
[    1.227534] pci 0000:00:17.0: reg 0x10: [mem 0x8a320000-0x8a321fff]
[    1.227544] pci 0000:00:17.0: reg 0x14: [mem 0x8a324000-0x8a3240ff]
[    1.227554] pci 0000:00:17.0: reg 0x18: [io  0x3080-0x3087]
[    1.227564] pci 0000:00:17.0: reg 0x1c: [io  0x3088-0x308b]
[    1.227574] pci 0000:00:17.0: reg 0x20: [io  0x3060-0x307f]
[    1.227584] pci 0000:00:17.0: reg 0x24: [mem 0x8a323000-0x8a3237ff]
[    1.227631] pci 0000:00:17.0: PME# supported from D3hot
[    1.228256] pci 0000:00:19.0: [8086:43ad] type 00 class 0x0c8000
[    1.228285] pci 0000:00:19.0: reg 0x10: [mem 0x00000000-0x00000fff 64bit]
[    1.228760] pci 0000:00:19.1: [8086:43ae] type 00 class 0x0c8000
[    1.228793] pci 0000:00:19.1: reg 0x10: [mem 0x00000000-0x00000fff 64bit]
[    1.229303] pci 0000:00:1e.0: [8086:43a8] type 00 class 0x078000
[    1.229332] pci 0000:00:1e.0: reg 0x10: [mem 0x00000000-0x00000fff 64bit]
[    1.229849] pci 0000:00:1e.3: [8086:43ab] type 00 class 0x0c8000
[    1.229877] pci 0000:00:1e.3: reg 0x10: [mem 0x00000000-0x00000fff 64bit]
[    1.230281] pci 0000:00:1f.0: [8086:438a] type 00 class 0x060100
[    1.230652] pci 0000:00:1f.3: [8086:43c8] type 00 class 0x040100
[    1.230694] pci 0000:00:1f.3: reg 0x10: [mem 0x607d1d8000-0x607d1dbfff 64bit]
[    1.230745] pci 0000:00:1f.3: reg 0x20: [mem 0x607d000000-0x607d0fffff 64bit]
[    1.230845] pci 0000:00:1f.3: PME# supported from D3hot D3cold
[    1.234620] pci 0000:00:1f.4: [8086:43a3] type 00 class 0x0c0500
[    1.234642] pci 0000:00:1f.4: reg 0x10: [mem 0x607d1e0000-0x607d1e00ff 64bit]
[    1.234664] pci 0000:00:1f.4: reg 0x20: [io  0xefa0-0xefbf]
[    1.234911] pci 0000:00:1f.5: [8086:43a4] type 00 class 0x0c8000
[    1.234930] pci 0000:00:1f.5: reg 0x10: [mem 0xfe010000-0xfe010fff]
[    1.234941] pci 0000:00:1f.5: reg 0x14: [mem 0x52000000-0x53ffffff]
[    1.235104] pci 0000:00:1f.6: [8086:15fa] type 00 class 0x020000
[    1.235139] pci 0000:00:1f.6: reg 0x10: [mem 0x8a300000-0x8a31ffff]
[    1.235328] pci 0000:00:1f.6: PME# supported from D0 D3hot D3cold
[    1.236122] pci 0000:01:00.0: [1987:5016] type 00 class 0x010802
[    1.236137] pci 0000:01:00.0: reg 0x10: [mem 0x8a200000-0x8a203fff 64bit]
[    1.236876] pci 0000:00:06.0: PCI bridge to [bus 01]
[    1.236879] pci 0000:00:06.0:   bridge window [mem 0x8a200000-0x8a2fffff]
[    1.236914] pci 0000:00:07.0: PCI bridge to [bus 02-2b]
[    1.236918] pci 0000:00:07.0:   bridge window [mem 0x7e000000-0x8a1fffff]
[    1.236922] pci 0000:00:07.0:   bridge window [mem 0x6000000000-0x601bffffff 64bit pref]
[    1.236958] pci 0000:00:07.1: PCI bridge to [bus 2c-55]
[    1.236962] pci 0000:00:07.1:   bridge window [mem 0x70000000-0x7c1fffff]
[    1.236966] pci 0000:00:07.1:   bridge window [mem 0x6020000000-0x603bffffff 64bit pref]
[    1.236997] pci 0000:00:07.2: PCI bridge to [bus 56-7f]
[    1.237001] pci 0000:00:07.2:   bridge window [mem 0x62000000-0x6e1fffff]
[    1.237005] pci 0000:00:07.2:   bridge window [mem 0x6040000000-0x605bffffff 64bit pref]
[    1.237042] pci 0000:00:07.3: PCI bridge to [bus 80-a9]
[    1.237046] pci 0000:00:07.3:   bridge window [mem 0x54000000-0x601fffff]
[    1.237050] pci 0000:00:07.3:   bridge window [mem 0x6060000000-0x607bffffff 64bit pref]
[    1.268901] Low-power S0 idle used by default for system suspend
[    1.283843] ACPI: EC: interrupt unblocked
[    1.283844] ACPI: EC: event unblocked
[    1.283863] ACPI: EC: EC_CMD/EC_SC=0x66, EC_DATA=0x62
[    1.283863] ACPI: EC: GPE=0x6e
[    1.283864] ACPI: \_SB_.PC00.LPCB.H_EC: Boot ECDT EC initialization complete
[    1.283866] ACPI: \_SB_.PC00.LPCB.H_EC: EC: Used to handle transactions and events
[    1.283946] iommu: Default domain type: Translated 
[    1.283946] iommu: DMA domain TLB invalidation policy: lazy mode 
[    1.283946] SCSI subsystem initialized
[    1.283946] libata version 3.00 loaded.
[    1.283946] ACPI: bus type USB registered
[    1.283946] usbcore: registered new interface driver usbfs
[    1.283946] usbcore: registered new interface driver hub
[    1.283946] usbcore: registered new device driver usb
[    1.283946] pps_core: LinuxPPS API ver. 1 registered
[    1.283946] pps_core: Software ver. 5.3.6 - Copyright 2005-2007 Rodolfo Giometti <giometti@linux.it>
[    1.283946] PTP clock support registered
[    1.283946] EDAC MC: Ver: 3.0.0
[    1.283946] EDAC DEBUG: edac_mc_sysfs_init: device mc created
[    1.283946] Registered efivars operations
[    1.283946] NetLabel: Initializing
[    1.283946] NetLabel:  domain hash size = 128
[    1.283946] NetLabel:  protocols = UNLABELED CIPSOv4 CALIPSO
[    1.283946] NetLabel:  unlabeled traffic allowed by default
[    1.283946] PCI: Using ACPI for IRQ routing
[    1.297170] PCI: pci_cache_line_size set to 64 bytes
[    1.297840] pci 0000:00:1f.5: can't claim BAR 0 [mem 0xfe010000-0xfe010fff]: no compatible bridge window
[    1.298511] e820: reserve RAM buffer [mem 0x0009f000-0x0009ffff]
[    1.298513] e820: reserve RAM buffer [mem 0x3d8fe000-0x3fffffff]
[    1.298513] e820: reserve RAM buffer [mem 0x416dc000-0x43ffffff]
[    1.298514] e820: reserve RAM buffer [mem 0x44c00000-0x47ffffff]
[    1.298515] e820: reserve RAM buffer [mem 0x8afc00000-0x8afffffff]
[    1.298529] pci 0000:00:02.0: vgaarb: setting as boot VGA device
[    1.298529] pci 0000:00:02.0: vgaarb: bridge control possible
[    1.298529] pci 0000:00:02.0: vgaarb: VGA device added: decodes=io+mem,owns=io+mem,locks=none
[    1.298529] vgaarb: loaded
[    1.298529] clocksource: Switched to clocksource tsc-early
[    1.298529] VFS: Disk quotas dquot_6.6.0
[    1.298529] VFS: Dquot-cache hash table entries: 512 (order 0, 4096 bytes)
[    1.298529] pnp: PnP ACPI init
[    1.298529] system 00:00: [io  0x06a4] has been reserved
[    1.298529] system 00:00: [io  0x06a0] has been reserved
[    1.298529] system 00:01: [io  0x0680-0x069f] has been reserved
[    1.298529] system 00:01: [io  0x164e-0x164f] has been reserved
[    1.298529] system 00:02: [io  0x1854-0x1857] has been reserved
[    1.299287] pnp 00:05: disabling [mem 0xc0000000-0xcfffffff] because it overlaps 0000:00:02.0 BAR 9 [mem 0x00000000-0xdfffffff 64bit pref]
[    1.299289] pnp 00:05: disabling [mem 0x423ff000-0x4240efff] because it overlaps 0000:00:02.0 BAR 9 [mem 0x00000000-0xdfffffff 64bit pref]
[    1.299307] system 00:05: [mem 0xfedc0000-0xfedc7fff] has been reserved
[    1.299308] system 00:05: [mem 0xfeda0000-0xfeda0fff] has been reserved
[    1.299309] system 00:05: [mem 0xfeda1000-0xfeda1fff] has been reserved
[    1.299310] system 00:05: [mem 0xfed20000-0xfed7ffff] could not be reserved
[    1.299311] system 00:05: [mem 0xfed90000-0xfed93fff] could not be reserved
[    1.299312] system 00:05: [mem 0xfed45000-0xfed8ffff] could not be reserved
[    1.299313] system 00:05: [mem 0xfee00000-0xfeefffff] has been reserved
[    1.302465] system 00:06: [io  0x1800-0x18fe] could not be reserved
[    1.302467] system 00:06: [mem 0xfe000000-0xfe01ffff] has been reserved
[    1.302468] system 00:06: [mem 0xfe04c000-0xfe04ffff] has been reserved
[    1.302468] system 00:06: [mem 0xfe050000-0xfe0affff] has been reserved
[    1.302469] system 00:06: [mem 0xfe0d0000-0xfe0fffff] has been reserved
[    1.302470] system 00:06: [mem 0xfe200000-0xfe7fffff] has been reserved
[    1.302471] system 00:06: [mem 0xff000000-0xffffffff] could not be reserved
[    1.302472] system 00:06: [mem 0xfd000000-0xfd68ffff] has been reserved
[    1.302473] system 00:06: [mem 0xfd6c0000-0xfd6cffff] has been reserved
[    1.302474] system 00:06: [mem 0xfd6f0000-0xfdffffff] has been reserved
[    1.302734] system 00:07: [io  0x2000-0x20fe] has been reserved
[    1.302967] pnp 00:09: disabling [mem 0x00000000-0x0009cfff] because it overlaps 0000:00:02.0 BAR 7 [mem 0x00000000-0x06ffffff 64bit]
[    1.302969] pnp 00:09: disabling [mem 0x00000000-0x0009cfff disabled] because it overlaps 0000:00:02.0 BAR 9 [mem 0x00000000-0xdfffffff 64bit pref]
[    1.303285] pnp: PnP ACPI: found 10 devices
[    1.309179] clocksource: acpi_pm: mask: 0xffffff max_cycles: 0xffffff, max_idle_ns: 2085701024 ns
[    1.309255] NET: Registered PF_INET protocol family
[    1.309452] IP idents hash table entries: 262144 (order: 9, 2097152 bytes, linear)
[    1.311440] tcp_listen_portaddr_hash hash table entries: 16384 (order: 6, 262144 bytes, linear)
[    1.311465] Table-perturb hash table entries: 65536 (order: 6, 262144 bytes, linear)
[    1.311476] TCP established hash table entries: 262144 (order: 9, 2097152 bytes, linear)
[    1.311656] TCP bind hash table entries: 65536 (order: 9, 2097152 bytes, linear)
[    1.311822] TCP: Hash tables configured (established 262144 bind 65536)
[    1.311849] UDP hash table entries: 16384 (order: 7, 524288 bytes, linear)
[    1.311888] UDP-Lite hash table entries: 16384 (order: 7, 524288 bytes, linear)
[    1.311976] NET: Registered PF_UNIX/PF_LOCAL protocol family
[    1.311982] pci_bus 0000:00: max bus depth: 1 pci_try_num: 2
[    1.311989] clipped [mem size 0x00000000 64bit pref] to [mem size 0xfffffffffffa0000 64bit pref] for e820 entry [mem 0x0009f000-0x000fffff]
[    1.311992] pci 0000:00:02.0: BAR 9: assigned [mem 0x4020000000-0x40ffffffff 64bit pref]
[    1.311995] clipped [mem size 0x00000000 64bit] to [mem size 0xfffffffffffa0000 64bit] for e820 entry [mem 0x0009f000-0x000fffff]
[    1.311997] pci 0000:00:02.0: BAR 7: assigned [mem 0x4010000000-0x4016ffffff 64bit]
[    1.311999] pci 0000:00:07.0: BAR 13: assigned [io  0x4000-0x4fff]
[    1.312000] pci 0000:00:07.1: BAR 13: assigned [io  0x5000-0x5fff]
[    1.312001] pci 0000:00:07.2: BAR 13: assigned [io  0x6000-0x6fff]
[    1.312002] pci 0000:00:07.3: BAR 13: assigned [io  0x7000-0x7fff]
[    1.312003] clipped [mem size 0x00000000 64bit] to [mem size 0xfffffffffffa0000 64bit] for e820 entry [mem 0x0009f000-0x000fffff]
[    1.312004] pci 0000:00:15.0: BAR 0: assigned [mem 0x4017000000-0x4017000fff 64bit]
[    1.312079] clipped [mem size 0x00000000 64bit] to [mem size 0xfffffffffffa0000 64bit] for e820 entry [mem 0x0009f000-0x000fffff]
[    1.312080] pci 0000:00:15.1: BAR 0: assigned [mem 0x4017001000-0x4017001fff 64bit]
[    1.312139] clipped [mem size 0x00000000 64bit] to [mem size 0xfffffffffffa0000 64bit] for e820 entry [mem 0x0009f000-0x000fffff]
[    1.312141] pci 0000:00:15.2: BAR 0: assigned [mem 0x4017002000-0x4017002fff 64bit]
[    1.312197] clipped [mem size 0x00000000 64bit] to [mem size 0xfffffffffffa0000 64bit] for e820 entry [mem 0x0009f000-0x000fffff]
[    1.312199] pci 0000:00:15.3: BAR 0: assigned [mem 0x4017003000-0x4017003fff 64bit]
[    1.312258] clipped [mem size 0x00000000 64bit] to [mem size 0xfffffffffffa0000 64bit] for e820 entry [mem 0x0009f000-0x000fffff]
[    1.312259] pci 0000:00:19.0: BAR 0: assigned [mem 0x4017004000-0x4017004fff 64bit]
[    1.312316] clipped [mem size 0x00000000 64bit] to [mem size 0xfffffffffffa0000 64bit] for e820 entry [mem 0x0009f000-0x000fffff]
[    1.312317] pci 0000:00:19.1: BAR 0: assigned [mem 0x4017005000-0x4017005fff 64bit]
[    1.312376] clipped [mem size 0x00000000 64bit] to [mem size 0xfffffffffffa0000 64bit] for e820 entry [mem 0x0009f000-0x000fffff]
[    1.312377] pci 0000:00:1e.0: BAR 0: assigned [mem 0x4017006000-0x4017006fff 64bit]
[    1.312434] clipped [mem size 0x00000000 64bit] to [mem size 0xfffffffffffa0000 64bit] for e820 entry [mem 0x0009f000-0x000fffff]
[    1.312435] pci 0000:00:1e.3: BAR 0: assigned [mem 0x4017007000-0x4017007fff 64bit]
[    1.312495] clipped [mem size 0x00020000] to [mem size 0xfffffffffffc0000] for e820 entry [mem 0x0009f000-0x000fffff]
[    1.312496] pci 0000:00:1f.5: BAR 0: assigned [mem 0x50400000-0x50400fff]
[    1.312507] pci 0000:00:06.0: PCI bridge to [bus 01]
[    1.312514] pci 0000:00:06.0:   bridge window [mem 0x8a200000-0x8a2fffff]
[    1.312522] pci 0000:00:07.0: PCI bridge to [bus 02-2b]
[    1.312524] pci 0000:00:07.0:   bridge window [io  0x4000-0x4fff]
[    1.312527] pci 0000:00:07.0:   bridge window [mem 0x7e000000-0x8a1fffff]
[    1.312529] pci 0000:00:07.0:   bridge window [mem 0x6000000000-0x601bffffff 64bit pref]
[    1.312534] pci 0000:00:07.1: PCI bridge to [bus 2c-55]
[    1.312535] pci 0000:00:07.1:   bridge window [io  0x5000-0x5fff]
[    1.312538] pci 0000:00:07.1:   bridge window [mem 0x70000000-0x7c1fffff]
[    1.312541] pci 0000:00:07.1:   bridge window [mem 0x6020000000-0x603bffffff 64bit pref]
[    1.312545] pci 0000:00:07.2: PCI bridge to [bus 56-7f]
[    1.312546] pci 0000:00:07.2:   bridge window [io  0x6000-0x6fff]
[    1.312549] pci 0000:00:07.2:   bridge window [mem 0x62000000-0x6e1fffff]
[    1.312552] pci 0000:00:07.2:   bridge window [mem 0x6040000000-0x605bffffff 64bit pref]
[    1.312556] pci 0000:00:07.3: PCI bridge to [bus 80-a9]
[    1.312557] pci 0000:00:07.3:   bridge window [io  0x7000-0x7fff]
[    1.312560] pci 0000:00:07.3:   bridge window [mem 0x54000000-0x601fffff]
[    1.312563] pci 0000:00:07.3:   bridge window [mem 0x6060000000-0x607bffffff 64bit pref]
[    1.312567] pci_bus 0000:00: resource 4 [io  0x0000-0x0cf7 window]
[    1.312568] pci_bus 0000:00: resource 5 [io  0x0d00-0xffff window]
[    1.312569] pci_bus 0000:00: resource 6 [mem 0x000a0000-0x000bffff window]
[    1.312570] pci_bus 0000:00: resource 7 [mem 0x50400000-0xbfffffff window]
[    1.312571] pci_bus 0000:00: resource 8 [mem 0x4000000000-0x7fffffffff window]
[    1.312572] pci_bus 0000:01: resource 1 [mem 0x8a200000-0x8a2fffff]
[    1.312573] pci_bus 0000:02: resource 0 [io  0x4000-0x4fff]
[    1.312573] pci_bus 0000:02: resource 1 [mem 0x7e000000-0x8a1fffff]
[    1.312574] pci_bus 0000:02: resource 2 [mem 0x6000000000-0x601bffffff 64bit pref]
[    1.312575] pci_bus 0000:2c: resource 0 [io  0x5000-0x5fff]
[    1.312576] pci_bus 0000:2c: resource 1 [mem 0x70000000-0x7c1fffff]
[    1.312576] pci_bus 0000:2c: resource 2 [mem 0x6020000000-0x603bffffff 64bit pref]
[    1.312577] pci_bus 0000:56: resource 0 [io  0x6000-0x6fff]
[    1.312578] pci_bus 0000:56: resource 1 [mem 0x62000000-0x6e1fffff]
[    1.312578] pci_bus 0000:56: resource 2 [mem 0x6040000000-0x605bffffff 64bit pref]
[    1.312579] pci_bus 0000:80: resource 0 [io  0x7000-0x7fff]
[    1.312580] pci_bus 0000:80: resource 1 [mem 0x54000000-0x601fffff]
[    1.312580] pci_bus 0000:80: resource 2 [mem 0x6060000000-0x607bffffff 64bit pref]
[    1.312797] pci 0000:00:0d.0: enabling device (0000 -> 0002)
[    1.313731] PCI: CLS 0 bytes, default 64
[    1.313748] DMAR: No ATSR found
[    1.313749] DMAR: No SATC found
[    1.313750] DMAR: IOMMU feature fl1gp_support inconsistent
[    1.313751] DMAR: IOMMU feature pgsel_inv inconsistent
[    1.313751] DMAR: IOMMU feature nwfs inconsistent
[    1.313752] DMAR: IOMMU feature dit inconsistent
[    1.313752] DMAR: IOMMU feature sc_support inconsistent
[    1.313753] DMAR: IOMMU feature dev_iotlb_support inconsistent
[    1.313753] DMAR: dmar4: Using Queued invalidation
[    1.313756] DMAR: dmar3: Using Queued invalidation
[    1.313758] DMAR: dmar2: Using Queued invalidation
[    1.313760] DMAR: dmar1: Using Queued invalidation
[    1.313762] DMAR: dmar0: Using Queued invalidation
[    1.313763] DMAR: dmar5: Using Queued invalidation
[    1.313769] Trying to unpack rootfs image as initramfs...
[    1.313896] pci 0000:00:07.3: Adding to iommu group 0
[    1.314023] pci 0000:00:07.2: Adding to iommu group 1
[    1.314146] pci 0000:00:07.1: Adding to iommu group 2
[    1.314249] pci 0000:00:07.0: Adding to iommu group 3
[    1.314360] pci 0000:00:02.0: Adding to iommu group 4
[    1.314663] pci 0000:00:00.0: Adding to iommu group 5
[    1.314669] pci 0000:00:04.0: Adding to iommu group 6
[    1.314680] pci 0000:00:06.0: Adding to iommu group 7
[    1.314685] pci 0000:00:08.0: Adding to iommu group 8
[    1.314695] pci 0000:00:0a.0: Adding to iommu group 9
[    1.314709] pci 0000:00:0d.0: Adding to iommu group 10
[    1.314714] pci 0000:00:0d.2: Adding to iommu group 10
[    1.314720] pci 0000:00:0d.3: Adding to iommu group 10
[    1.314732] pci 0000:00:12.0: Adding to iommu group 11
[    1.314747] pci 0000:00:14.0: Adding to iommu group 12
[    1.314753] pci 0000:00:14.2: Adding to iommu group 12
[    1.314769] pci 0000:00:15.0: Adding to iommu group 13
[    1.314779] pci 0000:00:15.1: Adding to iommu group 13
[    1.314785] pci 0000:00:15.2: Adding to iommu group 13
[    1.314791] pci 0000:00:15.3: Adding to iommu group 13
[    1.314808] pci 0000:00:16.0: Adding to iommu group 14
[    1.314818] pci 0000:00:17.0: Adding to iommu group 15
[    1.314829] pci 0000:00:19.0: Adding to iommu group 16
[    1.314836] pci 0000:00:19.1: Adding to iommu group 16
[    1.314851] pci 0000:00:1e.0: Adding to iommu group 17
[    1.314862] pci 0000:00:1e.3: Adding to iommu group 17
[    1.314880] pci 0000:00:1f.0: Adding to iommu group 18
[    1.314886] pci 0000:00:1f.3: Adding to iommu group 18
[    1.314893] pci 0000:00:1f.4: Adding to iommu group 18
[    1.314900] pci 0000:00:1f.5: Adding to iommu group 18
[    1.314907] pci 0000:00:1f.6: Adding to iommu group 18
[    1.314921] pci 0000:01:00.0: Adding to iommu group 19
[    1.316336] DMAR: Intel(R) Virtualization Technology for Directed I/O
[    1.316337] PCI-DMA: Using software bounce buffering for IO (SWIOTLB)
[    1.316338] software IO TLB: mapped [mem 0x00000000386dd000-0x000000003c6dd000] (64MB)
[    1.316427] resource sanity check: requesting [mem 0xfedc0000-0xfedcdfff], which spans more than pnp 00:05 [mem 0xfedc0000-0xfedc7fff]
[    1.316430] caller __uncore_imc_init_box+0xc3/0x110 mapping multiple BARs
[    1.316602] clocksource: tsc: mask: 0xffffffffffffffff max_cycles: 0x2cd5a8bb032, max_idle_ns: 440795365915 ns
[    1.316722] clocksource: Switched to clocksource tsc
[    1.316741] platform rtc_cmos: registered platform RTC device (no PNP device found)
[    1.318661] Initialise system trusted keyrings
[    1.318678] Key type blacklist registered
[    1.318719] workingset: timestamp_bits=36 max_order=23 bucket_order=0
[    1.320035] zbud: loaded
[    1.320393] squashfs: version 4.0 (2009/01/31) Phillip Lougher
[    1.320578] fuse: init (API version 7.37)
[    1.320644] SGI XFS with ACLs, security attributes, realtime, quota, no debug enabled
[    1.328006] Key type asymmetric registered
[    1.328007] Asymmetric key parser 'x509' registered
[    1.763054] Freeing initrd memory: 50472K
[    1.765163] alg: self-tests for CTR-KDF (hmac(sha256)) passed
[    1.765179] Block layer SCSI generic (bsg) driver version 0.4 loaded (major 243)
[    1.765225] io scheduler mq-deadline registered
[    1.765240] io scheduler bfq registered
[    1.765881] pcieport 0000:00:06.0: PME: Signaling with IRQ 126
[    1.766080] pcieport 0000:00:07.0: PME: Signaling with IRQ 127
[    1.766094] pcieport 0000:00:07.0: pciehp: Slot #0 AttnBtn- PwrCtrl- MRL- AttnInd- PwrInd- HotPlug+ Surprise+ Interlock- NoCompl+ IbPresDis- LLActRep+
[    1.766310] pcieport 0000:00:07.1: PME: Signaling with IRQ 128
[    1.766324] pcieport 0000:00:07.1: pciehp: Slot #0 AttnBtn- PwrCtrl- MRL- AttnInd- PwrInd- HotPlug+ Surprise+ Interlock- NoCompl+ IbPresDis- LLActRep+
[    1.766544] pcieport 0000:00:07.2: PME: Signaling with IRQ 129
[    1.766562] pcieport 0000:00:07.2: pciehp: Slot #0 AttnBtn- PwrCtrl- MRL- AttnInd- PwrInd- HotPlug+ Surprise+ Interlock- NoCompl+ IbPresDis- LLActRep+
[    1.766784] pcieport 0000:00:07.3: PME: Signaling with IRQ 130
[    1.766798] pcieport 0000:00:07.3: pciehp: Slot #0 AttnBtn- PwrCtrl- MRL- AttnInd- PwrInd- HotPlug+ Surprise+ Interlock- NoCompl+ IbPresDis- LLActRep+
[    1.766918] shpchp: Standard Hot Plug PCI Controller Driver version: 0.4
[    1.767150] Monitor-Mwait will be used to enter C-1 state
[    1.767153] Monitor-Mwait will be used to enter C-2 state
[    1.767155] Monitor-Mwait will be used to enter C-3 state
[    1.767157] ACPI: \_SB_.PR00: Found 3 idle states
[    1.767727] IPMI message handler: version 39.2
[    1.767737] ipmi device interface
[    1.769924] input: Lid Switch as /devices/LNXSYSTM:00/LNXSYBUS:00/PNP0A08:00/device:1d/PNP0C09:00/PNP0C0D:00/input/input0
[    1.769944] ACPI: button: Lid Switch [LID0]
[    1.769974] input: Power Button as /devices/LNXSYSTM:00/LNXSYBUS:00/PNP0C0C:00/input/input1
[    1.769995] ACPI: button: Power Button [PWRB]
[    1.770018] input: Sleep Button as /devices/LNXSYSTM:00/LNXSYBUS:00/PNP0C0E:00/input/input2
[    1.770029] ACPI: button: Sleep Button [SLPB]
[    1.800562] thermal LNXTHERM:00: registered as thermal_zone0
[    1.800566] ACPI: thermal: Thermal Zone [TZ00] (55 C)
[    1.800715] ERST DBG: ERST support is disabled.
[    1.800941] ACPI: battery: Slot [BAT0] (battery present)
[    1.800987] ACPI: battery: Slot [BAT1] (battery absent)
[    1.801031] ACPI: battery: Slot [BAT2] (battery absent)
[    1.801101] Serial: 8250/16550 driver, 32 ports, IRQ sharing enabled
[    1.801119] serial 00:03: GPIO lookup for consumer rs485-term
[    1.801120] serial 00:03: using ACPI for GPIO lookup
[    1.801121] acpi PNP0501:05: GPIO: looking up rs485-term-gpios
[    1.801122] acpi PNP0501:05: GPIO: looking up rs485-term-gpio
[    1.801123] serial 00:03: using lookup tables for GPIO lookup
[    1.801124] serial 00:03: No GPIO consumer rs485-term found
[    1.801809] 00:03: ttyS0 at I/O 0x3f8 (irq = 4, base_baud = 115200) is a 16550A
[    1.809096] serial 0000:00:12.0: enabling device (0000 -> 0002)
[    1.809496] hpet_acpi_add: no address or irqs in _CRS
[    1.809521] Linux agpgart interface v0.103
[    1.809556] acpi INTC6000:00: GPIO: looking up 0 in _CRS
[    1.817077] ACPI: bus type drm_connector registered
[    1.818134] i915 0000:00:02.0: [drm] VT-d active for gfx access
[    1.818137] i915 0000:00:02.0: vgaarb: deactivate vga console
[    1.818188] i915 0000:00:02.0: [drm] Using Transparent Hugepages
[    1.820762] i915 0000:00:02.0: vgaarb: changed VGA decodes: olddecodes=io+mem,decodes=io+mem:owns=io+mem
[    1.820827] i915 0000:00:02.0: Direct firmware load for i915/tgl_dmc_ver2_12.bin failed with error -2
[    1.820830] i915 0000:00:02.0: [drm] Failed to load DMC firmware i915/tgl_dmc_ver2_12.bin. Disabling runtime power management.
[    1.820831] i915 0000:00:02.0: [drm] DMC firmware homepage: https://git.kernel.org/pub/scm/linux/kernel/git/firmware/linux-firmware.git/tree/i915
[    2.492963] i915 0000:00:02.0: [drm] failed to retrieve link info, disabling eDP
[    2.651101] [drm] Initialized i915 1.6.0 20201103 for 0000:00:02.0 on minor 0
[    2.654017] ACPI: video: Video Device [GFX0] (multi-head: yes  rom: no  post: no)
[    2.654232] input: Video Bus as /devices/LNXSYSTM:00/LNXSYBUS:00/PNP0A08:00/LNXVIDEO:00/input/input3
[    2.654795] i915 0000:00:02.0: [drm] Cannot find any crtc or sizes
[    2.655301] i915 0000:00:02.0: [drm] Cannot find any crtc or sizes
[    2.657641] loop: module loaded
[    2.658006] nvme 0000:01:00.0: platform quirk: setting simple suspend
[    2.658050] nvme nvme0: pci function 0000:01:00.0
[    2.658566] ahci 0000:00:17.0: version 3.0
[    2.659669] ahci 0000:00:17.0: AHCI 0001.0301 32 slots 3 ports 6 Gbps 0xd impl SATA mode
[    2.659671] ahci 0000:00:17.0: flags: 64bit ncq sntf pm clo only pio slum part ems deso sadm sds 
[    2.665154] nvme nvme0: Shutdown timeout set to 10 seconds
[    2.666583] nvme nvme0: 8/0/0 default/read/poll queues
[    2.667942] nvme nvme0: Ignoring bogus Namespace Identifiers
[    2.669108]  nvme0n1: p1 p2 p3 p4
[    2.683857] scsi host0: ahci
[    2.684247] scsi host1: ahci
[    2.684677] scsi host2: ahci
[    2.684891] scsi host3: ahci
[    2.684955] ata1: SATA max UDMA/133 abar m2048@0x8a323000 port 0x8a323100 irq 132
[    2.684956] ata2: DUMMY
[    2.684959] ata3: SATA max UDMA/133 abar m2048@0x8a323000 port 0x8a323200 irq 132
[    2.684961] ata4: SATA max UDMA/133 abar m2048@0x8a323000 port 0x8a323280 irq 132
[    2.685145] mdio_bus fixed-0: GPIO lookup for consumer reset
[    2.685146] mdio_bus fixed-0: using lookup tables for GPIO lookup
[    2.685147] mdio_bus fixed-0: No GPIO consumer reset found
[    2.685148] tun: Universal TUN/TAP device driver, 1.6
[    2.685214] igb: Intel(R) Gigabit Ethernet Network Driver
[    2.685215] igb: Copyright (c) 2007-2014 Intel Corporation.
[    2.685225] PPP generic driver version 2.4.2
[    2.685294] VFIO - User Level meta-driver version: 0.3
[    2.685398] xhci_hcd 0000:00:0d.0: xHCI Host Controller
[    2.685401] xhci_hcd 0000:00:0d.0: new USB bus registered, assigned bus number 1
[    2.686511] xhci_hcd 0000:00:0d.0: hcc params 0x20007fc1 hci version 0x120 quirks 0x0000000000009810
[    2.686742] xhci_hcd 0000:00:0d.0: xHCI Host Controller
[    2.686743] xhci_hcd 0000:00:0d.0: new USB bus registered, assigned bus number 2
[    2.686745] xhci_hcd 0000:00:0d.0: Host supports USB 3.1 Enhanced SuperSpeed
[    2.686774] usb usb1: New USB device found, idVendor=1d6b, idProduct=0002, bcdDevice= 6.01
[    2.686776] usb usb1: New USB device strings: Mfr=3, Product=2, SerialNumber=1
[    2.686777] usb usb1: Product: xHCI Host Controller
[    2.686777] usb usb1: Manufacturer: Linux 6.1.0-rc1-b13_b311c5cba779a+ xhci-hcd
[    2.686778] usb usb1: SerialNumber: 0000:00:0d.0
[    2.686867] hub 1-0:1.0: USB hub found
[    2.686874] hub 1-0:1.0: 1 port detected
[    2.686954] usb usb2: New USB device found, idVendor=1d6b, idProduct=0003, bcdDevice= 6.01
[    2.686955] usb usb2: New USB device strings: Mfr=3, Product=2, SerialNumber=1
[    2.686956] usb usb2: Product: xHCI Host Controller
[    2.686956] usb usb2: Manufacturer: Linux 6.1.0-rc1-b13_b311c5cba779a+ xhci-hcd
[    2.686957] usb usb2: SerialNumber: 0000:00:0d.0
[    2.687030] hub 2-0:1.0: USB hub found
[    2.687040] hub 2-0:1.0: 4 ports detected
[    2.689520] xhci_hcd 0000:00:14.0: xHCI Host Controller
[    2.689525] xhci_hcd 0000:00:14.0: new USB bus registered, assigned bus number 3
[    2.690764] xhci_hcd 0000:00:14.0: hcc params 0x20007fc1 hci version 0x120 quirks 0x0000000000009810
[    2.691098] xhci_hcd 0000:00:14.0: xHCI Host Controller
[    2.691099] xhci_hcd 0000:00:14.0: new USB bus registered, assigned bus number 4
[    2.691101] xhci_hcd 0000:00:14.0: Host supports USB 3.2 Enhanced SuperSpeed
[    2.691149] usb usb3: New USB device found, idVendor=1d6b, idProduct=0002, bcdDevice= 6.01
[    2.691151] usb usb3: New USB device strings: Mfr=3, Product=2, SerialNumber=1
[    2.691152] usb usb3: Product: xHCI Host Controller
[    2.691153] usb usb3: Manufacturer: Linux 6.1.0-rc1-b13_b311c5cba779a+ xhci-hcd
[    2.691153] usb usb3: SerialNumber: 0000:00:14.0
[    2.691280] hub 3-0:1.0: USB hub found
[    2.691319] hub 3-0:1.0: 16 ports detected
[    2.694966] usb usb4: New USB device found, idVendor=1d6b, idProduct=0003, bcdDevice= 6.01
[    2.694967] usb usb4: New USB device strings: Mfr=3, Product=2, SerialNumber=1
[    2.694968] usb usb4: Product: xHCI Host Controller
[    2.694969] usb usb4: Manufacturer: Linux 6.1.0-rc1-b13_b311c5cba779a+ xhci-hcd
[    2.694969] usb usb4: SerialNumber: 0000:00:14.0
[    2.695026] hub 4-0:1.0: USB hub found
[    2.695058] hub 4-0:1.0: 6 ports detected
[    2.695427] usb: port power management may be unreliable
[    2.695983] usbcore: registered new interface driver uas
[    2.695991] usbcore: registered new interface driver usb-storage
[    2.696023] i8042: PNP: PS/2 Controller [PNP0303:PS2K] at 0x60,0x64 irq 1
[    2.696024] i8042: PNP: PS/2 appears to have AUX port disabled, if this is incorrect please boot with i8042.nopnp
[    2.699344] i8042: Warning: Keylock active
[    2.699467] serio: i8042 KBD port at 0x60,0x64 irq 1
[    2.699540] mousedev: PS/2 mouse device common for all mice
[    2.700519] rtc_cmos rtc_cmos: registered as rtc0
[    2.700715] rtc_cmos rtc_cmos: setting system clock to 2023-04-06T16:13:51 UTC (1680797631)
[    2.700718] rtc_cmos rtc_cmos: GPIO lookup for consumer wp
[    2.700718] rtc_cmos rtc_cmos: using lookup tables for GPIO lookup
[    2.700719] rtc_cmos rtc_cmos: No GPIO consumer wp found
[    2.700726] rtc_cmos rtc_cmos: alarms up to one day, 114 bytes nvram
[    2.700760] rtc_cmos rtc_cmos: RTC can wake from S4
[    2.700774] i2c_dev: i2c /dev entries driver
[    2.701786] device-mapper: core: CONFIG_IMA_DISABLE_HTABLE is disabled. Duplicate IMA measurements will not be recorded in the IMA log.
[    2.701813] device-mapper: uevent: version 1.0.3
[    2.701853] device-mapper: ioctl: 4.47.0-ioctl (2022-07-28) initialised: dm-devel@redhat.com
[    2.701857] intel_pstate: Intel P-state driver initializing
[    2.703832] intel_pstate: HWP enabled
[    2.703852] sdhci: Secure Digital Host Controller Interface driver
[    2.703853] sdhci: Copyright(c) Pierre Ossman
[    2.703872] sdhci-pltfm: SDHCI platform and OF driver helper
[    2.703965] ledtrig-cpu: registered to indicate activity on CPUs
[    2.704015] pstore: Registered efi as persistent store backend
[    2.704485] intel_pmc_core INT33A1:00:  initialized
[    2.704631] drop_monitor: Initializing network drop monitor service
[    2.704807] NET: Registered PF_INET6 protocol family
[    2.707106] Segment Routing with IPv6
[    2.707116] In-situ OAM (IOAM) with IPv6
[    2.707127] NET: Registered PF_PACKET protocol family
[    2.707284] 9pnet: Installing 9P2000 support
[    2.707306] Key type dns_resolver registered
[    2.708954] microcode: sig=0x806d0, pf=0x2, revision=0x50
[    2.709504] microcode: Microcode Update Driver: v2.2.
[    2.709508] IPI shorthand broadcast: enabled
[    2.709521] sched_clock: Marking stable (2701715659, 7186358)->(2746376571, -37474554)
[    2.709980] registered taskstats version 1
[    2.710525] Loading compiled-in X.509 certificates
[    2.710661] zswap: loaded using pool lzo/zbud
[    2.711035] Key type .fscrypt registered
[    2.711035] Key type fscrypt-provisioning registered
[    2.711134] pstore: Using crash dump compression: deflate
[    2.712171] Key type trusted registered
[    2.714045] Key type encrypted registered
[    2.714054] ima: Allocated hash algorithm: sha1
[    2.752215] ima: No architecture policies found
[    2.752229] evm: Initialising EVM extended attributes:
[    2.752230] evm: security.selinux
[    2.752230] evm: security.SMACK64
[    2.752231] evm: security.SMACK64EXEC
[    2.752231] evm: security.SMACK64TRANSMUTE
[    2.752231] evm: security.SMACK64MMAP
[    2.752232] evm: security.apparmor
[    2.752232] evm: security.ima
[    2.752232] evm: security.capability
[    2.752233] evm: HMAC attrs: 0x1
[    2.754534] PM:   Magic number: 3:303:236
[    2.754562] rtc_cmos rtc_cmos: hash matches
[    2.754576] acpi-fan PNP0C0B:01: hash matches
[    2.754581] acpi PNP0C0B:01: hash matches
[    2.754609] acpi SPI0013:00: hash matches
[    2.754650] memory memory114: hash matches
[    2.754723] RAS: Correctable Errors collector initialized.
[    2.943314] atkbd serio0: Failed to deactivate keyboard on isa0060/serio0
[    2.947253] usb 3-12: new low-speed USB device number 2 using xhci_hcd
[    2.999343] ata4: SATA link down (SStatus 4 SControl 300)
[    2.999371] ata1: SATA link down (SStatus 4 SControl 300)
[    2.999393] ata3: SATA link down (SStatus 4 SControl 300)
[    3.101319] usb 3-12: New USB device found, idVendor=413c, idProduct=2106, bcdDevice= 1.01
[    3.101323] usb 3-12: New USB device strings: Mfr=1, Product=2, SerialNumber=0
[    3.101324] usb 3-12: Product: Dell QuietKey Keyboard
[    3.101325] usb 3-12: Manufacturer: DELL
[    3.223774] usb 4-2: new SuperSpeed USB device number 2 using xhci_hcd
[    3.253295] usb 4-2: New USB device found, idVendor=0b95, idProduct=1790, bcdDevice= 1.00
[    3.253298] usb 4-2: New USB device strings: Mfr=1, Product=2, SerialNumber=3
[    3.253300] usb 4-2: Product: AX88179
[    3.253300] usb 4-2: Manufacturer: ASIX Elec. Corp.
[    3.253301] usb 4-2: SerialNumber: 00000000000F56
[    3.363318] atkbd serio0: Failed to enable keyboard on isa0060/serio0
[    3.363369] input: AT Translated Set 2 keyboard as /devices/platform/i8042/serio0/input/input4
[    3.368967] Freeing unused decrypted memory: 2036K
[    3.369480] Freeing unused kernel image (initmem) memory: 3376K
[    3.379277] Write protecting the kernel read-only data: 30720k
[    3.379885] Freeing unused kernel image (text/rodata gap) memory: 2032K
[    3.380165] Freeing unused kernel image (rodata/data gap) memory: 1564K
[    3.386378] x86/mm: Checked W+X mappings: passed, no W+X pages found.
[    3.386383] Run /init as init process
[    3.386384]   with arguments:
[    3.386385]     /init
[    3.386386]     rhgb
[    3.386386]   with environment:
[    3.386387]     HOME=/
[    3.386387]     TERM=linux
[    3.386388]     BOOT_IMAGE=(hd0,gpt2)/boot/vmlinuz-6.1.0-rc1-b13_b311c5cba779a+
[    3.398656] systemd[1]: systemd 239 (239-49.el8) running in system mode. (+PAM +AUDIT +SELINUX +IMA -APPARMOR +SMACK +SYSVINIT +UTMP +LIBCRYPTSETUP +GCRYPT +GNUTLS +ACL +XZ +LZ4 +SECCOMP +BLKID +ELFUTILS +KMOD +IDN2 -IDN +PCRE2 default-hierarchy=legacy)
[    3.398706] systemd[1]: Detected architecture x86-64.
[    3.398707] systemd[1]: Running in initial RAM disk.
[    3.459447] systemd[1]: Set hostname to <p-tglh01.sh.intel.com>.
[    4.491143] random: crng init done
[    4.491463] systemd[1]: Listening on Journal Socket (/dev/log).
[    4.491490] systemd[1]: Reached target Slices.
[    4.491514] systemd[1]: Listening on udev Kernel Socket.
[    4.491518] systemd[1]: Reached target Timers.
[    4.491521] systemd[1]: Reached target Local File Systems.
[    4.491549] systemd[1]: Listening on Journal Socket.
[    4.660511] tigerlake-pinctrl INT34C6:00: Community0 features: 0x000007
[    4.660587] tigerlake-pinctrl INT34C6:00: Community1 features: 0x00001f
[    4.660632] tigerlake-pinctrl INT34C6:00: Community2 features: 0x000007
[    4.660681] tigerlake-pinctrl INT34C6:00: Community3 features: 0x000027
[    4.660724] tigerlake-pinctrl INT34C6:00: Community4 features: 0x000007
[    4.660738] tigerlake-pinctrl INT34C6:00: try to register 291 pins ...
[    4.660740] pinctrl core: registered pin 0 (SPI0_IO_2) on INT34C6:00
[    4.660741] pinctrl core: registered pin 1 (SPI0_IO_3) on INT34C6:00
[    4.660742] pinctrl core: registered pin 2 (SPI0_MOSI_IO_0) on INT34C6:00
[    4.660742] pinctrl core: registered pin 3 (SPI0_MISO_IO_1) on INT34C6:00
[    4.660743] pinctrl core: registered pin 4 (SPI0_TPM_CSB) on INT34C6:00
[    4.660744] pinctrl core: registered pin 5 (SPI0_FLASH_0_CSB) on INT34C6:00
[    4.660744] pinctrl core: registered pin 6 (SPI0_FLASH_1_CSB) on INT34C6:00
[    4.660745] pinctrl core: registered pin 7 (SPI0_CLK) on INT34C6:00
[    4.660745] pinctrl core: registered pin 8 (ESPI_IO_0) on INT34C6:00
[    4.660746] pinctrl core: registered pin 9 (ESPI_IO_1) on INT34C6:00
[    4.660746] pinctrl core: registered pin 10 (ESPI_IO_2) on INT34C6:00
[    4.660747] pinctrl core: registered pin 11 (ESPI_IO_3) on INT34C6:00
[    4.660748] pinctrl core: registered pin 12 (ESPI_CS0B) on INT34C6:00
[    4.660748] pinctrl core: registered pin 13 (ESPI_CLK) on INT34C6:00
[    4.660749] pinctrl core: registered pin 14 (ESPI_RESETB) on INT34C6:00
[    4.660749] pinctrl core: registered pin 15 (ESPI_CS1B) on INT34C6:00
[    4.660750] pinctrl core: registered pin 16 (ESPI_CS2B) on INT34C6:00
[    4.660750] pinctrl core: registered pin 17 (ESPI_CS3B) on INT34C6:00
[    4.660751] pinctrl core: registered pin 18 (ESPI_ALERT0B) on INT34C6:00
[    4.660751] pinctrl core: registered pin 19 (ESPI_ALERT1B) on INT34C6:00
[    4.660752] pinctrl core: registered pin 20 (ESPI_ALERT2B) on INT34C6:00
[    4.660753] pinctrl core: registered pin 21 (ESPI_ALERT3B) on INT34C6:00
[    4.660753] pinctrl core: registered pin 22 (GPPC_A_14) on INT34C6:00
[    4.660754] pinctrl core: registered pin 23 (SPI0_CLK_LOOPBK) on INT34C6:00
[    4.660754] pinctrl core: registered pin 24 (ESPI_CLK_LOOPBK) on INT34C6:00
[    4.660755] pinctrl core: registered pin 25 (HDA_BCLK) on INT34C6:00
[    4.660755] pinctrl core: registered pin 26 (HDA_SYNC) on INT34C6:00
[    4.660756] pinctrl core: registered pin 27 (HDA_SDO) on INT34C6:00
[    4.660757] pinctrl core: registered pin 28 (HDA_SDI_0) on INT34C6:00
[    4.660757] pinctrl core: registered pin 29 (HDA_RSTB) on INT34C6:00
[    4.660758] pinctrl core: registered pin 30 (HDA_SDI_1) on INT34C6:00
[    4.660758] pinctrl core: registered pin 31 (GPP_R_6) on INT34C6:00
[    4.660759] pinctrl core: registered pin 32 (GPP_R_7) on INT34C6:00
[    4.660759] pinctrl core: registered pin 33 (GPP_R_8) on INT34C6:00
[    4.660760] pinctrl core: registered pin 34 (PCIE_LNK_DOWN) on INT34C6:00
[    4.660761] pinctrl core: registered pin 35 (ISH_UART0_RTSB) on INT34C6:00
[    4.660761] pinctrl core: registered pin 36 (SX_EXIT_HOLDOFFB) on INT34C6:00
[    4.660762] pinctrl core: registered pin 37 (CLKOUT_48) on INT34C6:00
[    4.660762] pinctrl core: registered pin 38 (ISH_GP_7) on INT34C6:00
[    4.660763] pinctrl core: registered pin 39 (ISH_GP_0) on INT34C6:00
[    4.660763] pinctrl core: registered pin 40 (ISH_GP_1) on INT34C6:00
[    4.660764] pinctrl core: registered pin 41 (ISH_GP_2) on INT34C6:00
[    4.660765] pinctrl core: registered pin 42 (ISH_GP_3) on INT34C6:00
[    4.660765] pinctrl core: registered pin 43 (ISH_GP_4) on INT34C6:00
[    4.660766] pinctrl core: registered pin 44 (ISH_GP_5) on INT34C6:00
[    4.660766] pinctrl core: registered pin 45 (GSPI0_CS1B) on INT34C6:00
[    4.660767] pinctrl core: registered pin 46 (GSPI1_CS1B) on INT34C6:00
[    4.660767] pinctrl core: registered pin 47 (VRALERTB) on INT34C6:00
[    4.660768] pinctrl core: registered pin 48 (CPU_GP_2) on INT34C6:00
[    4.660769] pinctrl core: registered pin 49 (CPU_GP_3) on INT34C6:00
[    4.660769] pinctrl core: registered pin 50 (SRCCLKREQB_0) on INT34C6:00
[    4.660770] pinctrl core: registered pin 51 (SRCCLKREQB_1) on INT34C6:00
[    4.660771] pinctrl core: registered pin 52 (SRCCLKREQB_2) on INT34C6:00
[    4.660771] pinctrl core: registered pin 53 (SRCCLKREQB_3) on INT34C6:00
[    4.660772] pinctrl core: registered pin 54 (SRCCLKREQB_4) on INT34C6:00
[    4.660772] pinctrl core: registered pin 55 (SRCCLKREQB_5) on INT34C6:00
[    4.660773] pinctrl core: registered pin 56 (I2S_MCLK) on INT34C6:00
[    4.660773] pinctrl core: registered pin 57 (SLP_S0B) on INT34C6:00
[    4.660774] pinctrl core: registered pin 58 (PLTRSTB) on INT34C6:00
[    4.660774] pinctrl core: registered pin 59 (SPKR) on INT34C6:00
[    4.660775] pinctrl core: registered pin 60 (GSPI0_CS0B) on INT34C6:00
[    4.660776] pinctrl core: registered pin 61 (GSPI0_CLK) on INT34C6:00
[    4.660776] pinctrl core: registered pin 62 (GSPI0_MISO) on INT34C6:00
[    4.660777] pinctrl core: registered pin 63 (GSPI0_MOSI) on INT34C6:00
[    4.660778] pinctrl core: registered pin 64 (GSPI1_CS0B) on INT34C6:00
[    4.660778] pinctrl core: registered pin 65 (GSPI1_CLK) on INT34C6:00
[    4.660779] pinctrl core: registered pin 66 (GSPI1_MISO) on INT34C6:00
[    4.660779] pinctrl core: registered pin 67 (GSPI1_MOSI) on INT34C6:00
[    4.660780] pinctrl core: registered pin 68 (SML1ALERTB) on INT34C6:00
[    4.660780] pinctrl core: registered pin 69 (GSPI0_CLK_LOOPBK) on INT34C6:00
[    4.660781] pinctrl core: registered pin 70 (GSPI1_CLK_LOOPBK) on INT34C6:00
[    4.660781] pinctrl core: registered pin 71 (ESPI_USB_OCB_0) on INT34C6:00
[    4.660782] pinctrl core: registered pin 72 (ESPI_USB_OCB_1) on INT34C6:00
[    4.660783] pinctrl core: registered pin 73 (ESPI_USB_OCB_2) on INT34C6:00
[    4.660783] pinctrl core: registered pin 74 (ESPI_USB_OCB_3) on INT34C6:00
[    4.660784] pinctrl core: registered pin 75 (USB_CPU_OCB_0) on INT34C6:00
[    4.660784] pinctrl core: registered pin 76 (USB_CPU_OCB_1) on INT34C6:00
[    4.660785] pinctrl core: registered pin 77 (USB_CPU_OCB_2) on INT34C6:00
[    4.660785] pinctrl core: registered pin 78 (USB_CPU_OCB_3) on INT34C6:00
[    4.660786] pinctrl core: registered pin 79 (SPI1_CSB) on INT34C6:00
[    4.660787] pinctrl core: registered pin 80 (SPI1_CLK) on INT34C6:00
[    4.660787] pinctrl core: registered pin 81 (SPI1_MISO_IO_1) on INT34C6:00
[    4.660788] pinctrl core: registered pin 82 (SPI1_MOSI_IO_0) on INT34C6:00
[    4.660788] pinctrl core: registered pin 83 (SML1CLK) on INT34C6:00
[    4.660789] pinctrl core: registered pin 84 (I2S2_SFRM) on INT34C6:00
[    4.660790] pinctrl core: registered pin 85 (I2S2_TXD) on INT34C6:00
[    4.660790] pinctrl core: registered pin 86 (I2S2_RXD) on INT34C6:00
[    4.660791] pinctrl core: registered pin 87 (I2S2_SCLK) on INT34C6:00
[    4.660791] pinctrl core: registered pin 88 (SML0CLK) on INT34C6:00
[    4.660792] pinctrl core: registered pin 89 (SML0DATA) on INT34C6:00
[    4.660792] pinctrl core: registered pin 90 (GPP_D_11) on INT34C6:00
[    4.660793] pinctrl core: registered pin 91 (ISH_UART0_CTSB) on INT34C6:00
[    4.660793] pinctrl core: registered pin 92 (SPI1_IO_2) on INT34C6:00
[    4.660794] pinctrl core: registered pin 93 (SPI1_IO_3) on INT34C6:00
[    4.660795] pinctrl core: registered pin 94 (SML1DATA) on INT34C6:00
[    4.660795] pinctrl core: registered pin 95 (GSPI3_CS0B) on INT34C6:00
[    4.660796] pinctrl core: registered pin 96 (GSPI3_CLK) on INT34C6:00
[    4.660796] pinctrl core: registered pin 97 (GSPI3_MISO) on INT34C6:00
[    4.660797] pinctrl core: registered pin 98 (GSPI3_MOSI) on INT34C6:00
[    4.660798] pinctrl core: registered pin 99 (UART3_RXD) on INT34C6:00
[    4.660798] pinctrl core: registered pin 100 (UART3_TXD) on INT34C6:00
[    4.660799] pinctrl core: registered pin 101 (UART3_RTSB) on INT34C6:00
[    4.660799] pinctrl core: registered pin 102 (UART3_CTSB) on INT34C6:00
[    4.660800] pinctrl core: registered pin 103 (SPI1_CLK_LOOPBK) on INT34C6:00
[    4.660801] pinctrl core: registered pin 104 (GSPI3_CLK_LOOPBK) on INT34C6:00
[    4.660801] pinctrl core: registered pin 105 (SMBCLK) on INT34C6:00
[    4.660802] pinctrl core: registered pin 106 (SMBDATA) on INT34C6:00
[    4.660802] pinctrl core: registered pin 107 (SMBALERTB) on INT34C6:00
[    4.660803] pinctrl core: registered pin 108 (ISH_UART0_RXD) on INT34C6:00
[    4.660804] pinctrl core: registered pin 109 (ISH_UART0_TXD) on INT34C6:00
[    4.660804] pinctrl core: registered pin 110 (SML0ALERTB) on INT34C6:00
[    4.660805] pinctrl core: registered pin 111 (ISH_I2C2_SDA) on INT34C6:00
[    4.660806] pinctrl core: registered pin 112 (ISH_I2C2_SCL) on INT34C6:00
[    4.660806] pinctrl core: registered pin 113 (UART0_RXD) on INT34C6:00
[    4.660807] pinctrl core: registered pin 114 (UART0_TXD) on INT34C6:00
[    4.660807] pinctrl core: registered pin 115 (UART0_RTSB) on INT34C6:00
[    4.660808] pinctrl core: registered pin 116 (UART0_CTSB) on INT34C6:00
[    4.660809] pinctrl core: registered pin 117 (UART1_RXD) on INT34C6:00
[    4.660809] pinctrl core: registered pin 118 (UART1_TXD) on INT34C6:00
[    4.660810] pinctrl core: registered pin 119 (UART1_RTSB) on INT34C6:00
[    4.660810] pinctrl core: registered pin 120 (UART1_CTSB) on INT34C6:00
[    4.660811] pinctrl core: registered pin 121 (I2C0_SDA) on INT34C6:00
[    4.660812] pinctrl core: registered pin 122 (I2C0_SCL) on INT34C6:00
[    4.660812] pinctrl core: registered pin 123 (I2C1_SDA) on INT34C6:00
[    4.660813] pinctrl core: registered pin 124 (I2C1_SCL) on INT34C6:00
[    4.660813] pinctrl core: registered pin 125 (UART2_RXD) on INT34C6:00
[    4.660814] pinctrl core: registered pin 126 (UART2_TXD) on INT34C6:00
[    4.660814] pinctrl core: registered pin 127 (UART2_RTSB) on INT34C6:00
[    4.660815] pinctrl core: registered pin 128 (UART2_CTSB) on INT34C6:00
[    4.660816] pinctrl core: registered pin 129 (SNDW1_CLK) on INT34C6:00
[    4.660816] pinctrl core: registered pin 130 (SNDW1_DATA) on INT34C6:00
[    4.660817] pinctrl core: registered pin 131 (SNDW2_CLK) on INT34C6:00
[    4.660817] pinctrl core: registered pin 132 (SNDW2_DATA) on INT34C6:00
[    4.660818] pinctrl core: registered pin 133 (SNDW3_CLK) on INT34C6:00
[    4.660818] pinctrl core: registered pin 134 (SNDW3_DATA) on INT34C6:00
[    4.660819] pinctrl core: registered pin 135 (SNDW4_CLK) on INT34C6:00
[    4.660820] pinctrl core: registered pin 136 (SNDW4_DATA) on INT34C6:00
[    4.660820] pinctrl core: registered pin 137 (DDPA_CTRLCLK) on INT34C6:00
[    4.660821] pinctrl core: registered pin 138 (DDPA_CTRLDATA) on INT34C6:00
[    4.660821] pinctrl core: registered pin 139 (DNX_FORCE_RELOAD) on INT34C6:00
[    4.660822] pinctrl core: registered pin 140 (GMII_MDC_0) on INT34C6:00
[    4.660822] pinctrl core: registered pin 141 (GMII_MDIO_0) on INT34C6:00
[    4.660823] pinctrl core: registered pin 142 (SLP_DRAMB) on INT34C6:00
[    4.660824] pinctrl core: registered pin 143 (GPPC_G_6) on INT34C6:00
[    4.660824] pinctrl core: registered pin 144 (GPPC_G_7) on INT34C6:00
[    4.660825] pinctrl core: registered pin 145 (ISH_SPI_CSB) on INT34C6:00
[    4.660825] pinctrl core: registered pin 146 (ISH_SPI_CLK) on INT34C6:00
[    4.660826] pinctrl core: registered pin 147 (ISH_SPI_MISO) on INT34C6:00
[    4.660827] pinctrl core: registered pin 148 (ISH_SPI_MOSI) on INT34C6:00
[    4.660827] pinctrl core: registered pin 149 (DDP1_CTRLCLK) on INT34C6:00
[    4.660828] pinctrl core: registered pin 150 (DDP1_CTRLDATA) on INT34C6:00
[    4.660828] pinctrl core: registered pin 151 (DDP2_CTRLCLK) on INT34C6:00
[    4.660829] pinctrl core: registered pin 152 (DDP2_CTRLDATA) on INT34C6:00
[    4.660829] pinctrl core: registered pin 153 (GSPI2_CLK_LOOPBK) on INT34C6:00
[    4.660830] pinctrl core: registered pin 154 (CNV_BTEN) on INT34C6:00
[    4.660831] pinctrl core: registered pin 155 (CNV_BT_HOST_WAKEB) on INT34C6:00
[    4.660831] pinctrl core: registered pin 156 (CNV_BT_IF_SELECT) on INT34C6:00
[    4.660832] pinctrl core: registered pin 157 (vCNV_BT_UART_TXD) on INT34C6:00
[    4.660832] pinctrl core: registered pin 158 (vCNV_BT_UART_RXD) on INT34C6:00
[    4.660833] pinctrl core: registered pin 159 (vCNV_BT_UART_CTS_B) on INT34C6:00
[    4.660834] pinctrl core: registered pin 160 (vCNV_BT_UART_RTS_B) on INT34C6:00
[    4.660834] pinctrl core: registered pin 161 (vCNV_MFUART1_TXD) on INT34C6:00
[    4.660835] pinctrl core: registered pin 162 (vCNV_MFUART1_RXD) on INT34C6:00
[    4.660835] pinctrl core: registered pin 163 (vCNV_MFUART1_CTS_B) on INT34C6:00
[    4.660836] pinctrl core: registered pin 164 (vCNV_MFUART1_RTS_B) on INT34C6:00
[    4.660836] pinctrl core: registered pin 165 (vUART0_TXD) on INT34C6:00
[    4.660837] pinctrl core: registered pin 166 (vUART0_RXD) on INT34C6:00
[    4.660837] pinctrl core: registered pin 167 (vUART0_CTS_B) on INT34C6:00
[    4.660838] pinctrl core: registered pin 168 (vUART0_RTS_B) on INT34C6:00
[    4.660839] pinctrl core: registered pin 169 (vISH_UART0_TXD) on INT34C6:00
[    4.660839] pinctrl core: registered pin 170 (vISH_UART0_RXD) on INT34C6:00
[    4.660840] pinctrl core: registered pin 171 (vISH_UART0_CTS_B) on INT34C6:00
[    4.660840] pinctrl core: registered pin 172 (vISH_UART0_RTS_B) on INT34C6:00
[    4.660841] pinctrl core: registered pin 173 (vCNV_BT_I2S_BCLK) on INT34C6:00
[    4.660841] pinctrl core: registered pin 174 (vCNV_BT_I2S_WS_SYNC) on INT34C6:00
[    4.660842] pinctrl core: registered pin 175 (vCNV_BT_I2S_SDO) on INT34C6:00
[    4.660843] pinctrl core: registered pin 176 (vCNV_BT_I2S_SDI) on INT34C6:00
[    4.660844] pinctrl core: registered pin 177 (vI2S2_SCLK) on INT34C6:00
[    4.660844] pinctrl core: registered pin 178 (vI2S2_SFRM) on INT34C6:00
[    4.660845] pinctrl core: registered pin 179 (vI2S2_TXD) on INT34C6:00
[    4.660845] pinctrl core: registered pin 180 (vI2S2_RXD) on INT34C6:00
[    4.660846] pinctrl core: registered pin 181 (SATAXPCIE_0) on INT34C6:00
[    4.660846] pinctrl core: registered pin 182 (SATAXPCIE_1) on INT34C6:00
[    4.660847] pinctrl core: registered pin 183 (SATAXPCIE_2) on INT34C6:00
[    4.660848] pinctrl core: registered pin 184 (CPU_GP_0) on INT34C6:00
[    4.660848] pinctrl core: registered pin 185 (SATA_DEVSLP_0) on INT34C6:00
[    4.660849] pinctrl core: registered pin 186 (SATA_DEVSLP_1) on INT34C6:00
[    4.660849] pinctrl core: registered pin 187 (SATA_DEVSLP_2) on INT34C6:00
[    4.660850] pinctrl core: registered pin 188 (CPU_GP_1) on INT34C6:00
[    4.660851] pinctrl core: registered pin 189 (SATA_LEDB) on INT34C6:00
[    4.660851] pinctrl core: registered pin 190 (USB2_OCB_0) on INT34C6:00
[    4.660852] pinctrl core: registered pin 191 (USB2_OCB_1) on INT34C6:00
[    4.660852] pinctrl core: registered pin 192 (USB2_OCB_2) on INT34C6:00
[    4.660853] pinctrl core: registered pin 193 (USB2_OCB_3) on INT34C6:00
[    4.660853] pinctrl core: registered pin 194 (SATAXPCIE_3) on INT34C6:00
[    4.660854] pinctrl core: registered pin 195 (SATAXPCIE_4) on INT34C6:00
[    4.660855] pinctrl core: registered pin 196 (SATAXPCIE_5) on INT34C6:00
[    4.660855] pinctrl core: registered pin 197 (SATAXPCIE_6) on INT34C6:00
[    4.660856] pinctrl core: registered pin 198 (SATAXPCIE_7) on INT34C6:00
[    4.660856] pinctrl core: registered pin 199 (SATA_DEVSLP_3) on INT34C6:00
[    4.660857] pinctrl core: registered pin 200 (SATA_DEVSLP_4) on INT34C6:00
[    4.660857] pinctrl core: registered pin 201 (SATA_DEVSLP_5) on INT34C6:00
[    4.660858] pinctrl core: registered pin 202 (SATA_DEVSLP_6) on INT34C6:00
[    4.660859] pinctrl core: registered pin 203 (SATA_DEVSLP_7) on INT34C6:00
[    4.660859] pinctrl core: registered pin 204 (SATA_SCLOCK) on INT34C6:00
[    4.660860] pinctrl core: registered pin 205 (SATA_SLOAD) on INT34C6:00
[    4.660860] pinctrl core: registered pin 206 (SATA_SDATAOUT1) on INT34C6:00
[    4.660861] pinctrl core: registered pin 207 (SATA_SDATAOUT0) on INT34C6:00
[    4.660861] pinctrl core: registered pin 208 (PS_ONB) on INT34C6:00
[    4.660862] pinctrl core: registered pin 209 (M2_SKT2_CFG_0) on INT34C6:00
[    4.660863] pinctrl core: registered pin 210 (M2_SKT2_CFG_1) on INT34C6:00
[    4.660863] pinctrl core: registered pin 211 (M2_SKT2_CFG_2) on INT34C6:00
[    4.660864] pinctrl core: registered pin 212 (M2_SKT2_CFG_3) on INT34C6:00
[    4.660864] pinctrl core: registered pin 213 (L_VDDEN) on INT34C6:00
[    4.660865] pinctrl core: registered pin 214 (L_BKLTEN) on INT34C6:00
[    4.660865] pinctrl core: registered pin 215 (L_BKLTCTL) on INT34C6:00
[    4.660866] pinctrl core: registered pin 216 (VNN_CTRL) on INT34C6:00
[    4.660866] pinctrl core: registered pin 217 (GPP_F_23) on INT34C6:00
[    4.660867] pinctrl core: registered pin 218 (SRCCLKREQB_6) on INT34C6:00
[    4.660868] pinctrl core: registered pin 219 (SRCCLKREQB_7) on INT34C6:00
[    4.660868] pinctrl core: registered pin 220 (SRCCLKREQB_8) on INT34C6:00
[    4.660869] pinctrl core: registered pin 221 (SRCCLKREQB_9) on INT34C6:00
[    4.660869] pinctrl core: registered pin 222 (SRCCLKREQB_10) on INT34C6:00
[    4.660870] pinctrl core: registered pin 223 (SRCCLKREQB_11) on INT34C6:00
[    4.660870] pinctrl core: registered pin 224 (SRCCLKREQB_12) on INT34C6:00
[    4.660871] pinctrl core: registered pin 225 (SRCCLKREQB_13) on INT34C6:00
[    4.660872] pinctrl core: registered pin 226 (SRCCLKREQB_14) on INT34C6:00
[    4.660872] pinctrl core: registered pin 227 (SRCCLKREQB_15) on INT34C6:00
[    4.660873] pinctrl core: registered pin 228 (SML2CLK) on INT34C6:00
[    4.660873] pinctrl core: registered pin 229 (SML2DATA) on INT34C6:00
[    4.660874] pinctrl core: registered pin 230 (SML2ALERTB) on INT34C6:00
[    4.660874] pinctrl core: registered pin 231 (SML3CLK) on INT34C6:00
[    4.660875] pinctrl core: registered pin 232 (SML3DATA) on INT34C6:00
[    4.660875] pinctrl core: registered pin 233 (SML3ALERTB) on INT34C6:00
[    4.660876] pinctrl core: registered pin 234 (SML4CLK) on INT34C6:00
[    4.660877] pinctrl core: registered pin 235 (SML4DATA) on INT34C6:00
[    4.660877] pinctrl core: registered pin 236 (SML4ALERTB) on INT34C6:00
[    4.660878] pinctrl core: registered pin 237 (ISH_I2C0_SDA) on INT34C6:00
[    4.660878] pinctrl core: registered pin 238 (ISH_I2C0_SCL) on INT34C6:00
[    4.660879] pinctrl core: registered pin 239 (ISH_I2C1_SDA) on INT34C6:00
[    4.660880] pinctrl core: registered pin 240 (ISH_I2C1_SCL) on INT34C6:00
[    4.660881] pinctrl core: registered pin 241 (TIME_SYNC_0) on INT34C6:00
[    4.660881] pinctrl core: registered pin 242 (CNV_PA_BLANKING) on INT34C6:00
[    4.660882] pinctrl core: registered pin 243 (CPU_C10_GATEB) on INT34C6:00
[    4.660882] pinctrl core: registered pin 244 (CNV_BRI_DT) on INT34C6:00
[    4.660883] pinctrl core: registered pin 245 (CNV_BRI_RSP) on INT34C6:00
[    4.660883] pinctrl core: registered pin 246 (CNV_RGI_DT) on INT34C6:00
[    4.660884] pinctrl core: registered pin 247 (CNV_RGI_RSP) on INT34C6:00
[    4.660885] pinctrl core: registered pin 248 (CNV_MFUART2_RXD) on INT34C6:00
[    4.660885] pinctrl core: registered pin 249 (CNV_MFUART2_TXD) on INT34C6:00
[    4.660886] pinctrl core: registered pin 250 (GPP_J_8) on INT34C6:00
[    4.660886] pinctrl core: registered pin 251 (GPP_J_9) on INT34C6:00
[    4.660887] pinctrl core: registered pin 252 (GSXDOUT) on INT34C6:00
[    4.660887] pinctrl core: registered pin 253 (GSXSLOAD) on INT34C6:00
[    4.660888] pinctrl core: registered pin 254 (GSXDIN) on INT34C6:00
[    4.660889] pinctrl core: registered pin 255 (GSXSRESETB) on INT34C6:00
[    4.660889] pinctrl core: registered pin 256 (GSXCLK) on INT34C6:00
[    4.660890] pinctrl core: registered pin 257 (ADR_COMPLETE) on INT34C6:00
[    4.660890] pinctrl core: registered pin 258 (DDSP_HPD_A) on INT34C6:00
[    4.660891] pinctrl core: registered pin 259 (DDSP_HPD_B) on INT34C6:00
[    4.660891] pinctrl core: registered pin 260 (CORE_VID_0) on INT34C6:00
[    4.660892] pinctrl core: registered pin 261 (CORE_VID_1) on INT34C6:00
[    4.660893] pinctrl core: registered pin 262 (DDSP_HPD_C) on INT34C6:00
[    4.660893] pinctrl core: registered pin 263 (GPP_K_11) on INT34C6:00
[    4.660894] pinctrl core: registered pin 264 (SYS_PWROK) on INT34C6:00
[    4.660894] pinctrl core: registered pin 265 (SYS_RESETB) on INT34C6:00
[    4.660895] pinctrl core: registered pin 266 (MLK_RSTB) on INT34C6:00
[    4.660895] pinctrl core: registered pin 267 (PMCALERTB) on INT34C6:00
[    4.660896] pinctrl core: registered pin 268 (DDSP_HPD_1) on INT34C6:00
[    4.660896] pinctrl core: registered pin 269 (DDSP_HPD_2) on INT34C6:00
[    4.660897] pinctrl core: registered pin 270 (DDSP_HPD_3) on INT34C6:00
[    4.660898] pinctrl core: registered pin 271 (DDSP_HPD_4) on INT34C6:00
[    4.660898] pinctrl core: registered pin 272 (DDPB_CTRLCLK) on INT34C6:00
[    4.660899] pinctrl core: registered pin 273 (DDPB_CTRLDATA) on INT34C6:00
[    4.660899] pinctrl core: registered pin 274 (DDPC_CTRLCLK) on INT34C6:00
[    4.660900] pinctrl core: registered pin 275 (DDPC_CTRLDATA) on INT34C6:00
[    4.660900] pinctrl core: registered pin 276 (FUSA_DIAGTEST_EN) on INT34C6:00
[    4.660901] pinctrl core: registered pin 277 (FUSA_DIAGTEST_MODE) on INT34C6:00
[    4.660902] pinctrl core: registered pin 278 (USB2_OCB_4) on INT34C6:00
[    4.660902] pinctrl core: registered pin 279 (USB2_OCB_5) on INT34C6:00
[    4.660903] pinctrl core: registered pin 280 (USB2_OCB_6) on INT34C6:00
[    4.660903] pinctrl core: registered pin 281 (USB2_OCB_7) on INT34C6:00
[    4.660904] pinctrl core: registered pin 282 (JTAG_TDO) on INT34C6:00
[    4.660904] pinctrl core: registered pin 283 (JTAGX) on INT34C6:00
[    4.660905] pinctrl core: registered pin 284 (PRDYB) on INT34C6:00
[    4.660906] pinctrl core: registered pin 285 (PREQB) on INT34C6:00
[    4.660906] pinctrl core: registered pin 286 (JTAG_TDI) on INT34C6:00
[    4.660907] pinctrl core: registered pin 287 (JTAG_TMS) on INT34C6:00
[    4.660907] pinctrl core: registered pin 288 (JTAG_TCK) on INT34C6:00
[    4.660908] pinctrl core: registered pin 289 (DBG_PMODE) on INT34C6:00
[    4.660908] pinctrl core: registered pin 290 (CPU_TRSTB) on INT34C6:00
[    4.660909] tigerlake-pinctrl INT34C6:00: failed to lookup the default state
[    4.660910] tigerlake-pinctrl INT34C6:00: failed to lookup the sleep state
[    4.660974] gpiochip_find_base: found new base at 512
[    4.662462] gpio gpiochip0: (INT34C6:00): created GPIO range 0->24 ==> INT34C6:00 PIN 0->24
[    4.662464] gpio gpiochip0: (INT34C6:00): created GPIO range 32->51 ==> INT34C6:00 PIN 25->44
[    4.662465] gpio gpiochip0: (INT34C6:00): created GPIO range 64->89 ==> INT34C6:00 PIN 45->70
[    4.662466] gpio gpiochip0: (INT34C6:00): created GPIO range 96->103 ==> INT34C6:00 PIN 71->78
[    4.662467] gpio gpiochip0: (INT34C6:00): created GPIO range 128->153 ==> INT34C6:00 PIN 79->104
[    4.662468] gpio gpiochip0: (INT34C6:00): created GPIO range 160->183 ==> INT34C6:00 PIN 105->128
[    4.662470] gpio gpiochip0: (INT34C6:00): created GPIO range 192->199 ==> INT34C6:00 PIN 129->136
[    4.662471] gpio gpiochip0: (INT34C6:00): created GPIO range 224->240 ==> INT34C6:00 PIN 137->153
[    4.662472] gpio gpiochip0: (INT34C6:00): created GPIO range 256->282 ==> INT34C6:00 PIN 154->180
[    4.662472] gpio gpiochip0: (INT34C6:00): created GPIO range 288->300 ==> INT34C6:00 PIN 181->193
[    4.662473] gpio gpiochip0: (INT34C6:00): created GPIO range 320->343 ==> INT34C6:00 PIN 194->217
[    4.662474] gpio gpiochip0: (INT34C6:00): created GPIO range 352->375 ==> INT34C6:00 PIN 218->241
[    4.662475] gpio gpiochip0: (INT34C6:00): created GPIO range 384->393 ==> INT34C6:00 PIN 242->251
[    4.662476] gpio gpiochip0: (INT34C6:00): created GPIO range 416->430 ==> INT34C6:00 PIN 252->266
[    4.662477] gpio gpiochip0: (INT34C6:00): created GPIO range 448->462 ==> INT34C6:00 PIN 267->281
[    4.662522] gpio gpiochip0: (INT34C6:00): added GPIO chardev (254:0)
[    4.662537] gpio gpiochip0: registered GPIOs 512 to 974 on INT34C6:00
[    4.677432] hid: raw HID events driver (C) Jiri Kosina
[    4.679621] e1000e: Intel(R) PRO/1000 Network Driver
[    4.679624] e1000e: Copyright(c) 1999 - 2015 Intel Corporation.
[    4.679672] e1000e 0000:00:1f.6: enabling device (0000 -> 0002)
[    4.679974] e1000e 0000:00:1f.6: Interrupt Throttling Rate (ints/sec) set to dynamic conservative mode
[    4.680140] usbcore: registered new interface driver usbhid
[    4.680142] usbhid: USB HID core driver
[    4.680334] usbcore: registered new interface driver usbkbd
[    4.680755] cryptd: max_cpu_qlen set to 1000
[    4.681715] AVX2 version of gcm_enc/dec engaged.
[    4.681758] AES CTR mode by8 optimization enabled
[    4.692847] input: DELL Dell QuietKey Keyboard as /devices/pci0000:00/0000:00:14.0/usb3/3-12/3-12:1.0/0003:413C:2106.0001/input/input5
[    4.751483] hid-generic 0003:413C:2106.0001: input,hidraw0: USB HID v1.10 Keyboard [DELL Dell QuietKey Keyboard] on usb-0000:00:14.0-12/input0
[    5.013088] ax88179_178a 4-2:1.0 eth0: register 'ax88179_178a' at usb-0000:00:14.0-2, ASIX AX88179 USB 3.0 Gigabit Ethernet, 00:0e:c6:a1:a2:6e
[    5.013798] usbcore: registered new interface driver ax88179_178a
[    5.014569] ax88179_178a 4-2:1.0 enp0s20f0u2: renamed from eth0
[    5.128086] e1000e 0000:00:1f.6 0000:00:1f.6 (uninitialized): registered PHC clock
[    5.203182] e1000e 0000:00:1f.6 eth0: (PCI Express:2.5GT/s:Width x1) 88:88:88:88:87:88
[    5.203186] e1000e 0000:00:1f.6 eth0: Intel(R) PRO/1000 Network Connection
[    5.203356] e1000e 0000:00:1f.6 eth0: MAC: 14, PHY: 12, PBA No: FFFFFF-0FF
[    5.220248] e1000e 0000:00:1f.6 enp0s31f6: renamed from eth0
[    5.434748] ish-hid {33AECD58-B679-4E54-9BD9-A04D34F0C226}: [hid-ish]: enum_devices_done OK, num_hid_devices=6
[    5.444381] hid-generic 001F:8087:0AC2.0002: hidraw1: SENSOR HUB HID v2.00 Device [hid-ishtp 8087:0AC2] on 
[    5.453689] hid-generic 001F:8087:0AC2.0003: hidraw2: SENSOR HUB HID v2.00 Device [hid-ishtp 8087:0AC2] on 
[    5.463658] hid-generic 001F:8087:0AC2.0004: hidraw3: SENSOR HUB HID v2.00 Device [hid-ishtp 8087:0AC2] on 
[    5.469834] hid-generic 001F:8087:0AC2.0005: hidraw4: SENSOR HUB HID v2.00 Device [hid-ishtp 8087:0AC2] on 
[    5.479114] hid-generic 001F:8087:0AC3.0006: hidraw5: SENSOR HUB HID v2.00 Device [hid-ishtp 8087:0AC3] on 
[    5.481011] hid-generic 001F:8087:0AC3.0007: hidraw6: SENSOR HUB HID v2.00 Device [hid-ishtp 8087:0AC3] on 
[    5.910926] EXT4-fs (nvme0n1p2): mounted filesystem with ordered data mode. Quota mode: none.
[    6.146987] printk: systemd: 19 output lines suppressed due to ratelimiting
[    6.188279] systemd[1]: RTC configured in localtime, applying delta of 480 minutes to system time.
[    6.191749] systemd[1]: systemd 239 (239-49.el8) running in system mode. (+PAM +AUDIT +SELINUX +IMA -APPARMOR +SMACK +SYSVINIT +UTMP +LIBCRYPTSETUP +GCRYPT +GNUTLS +ACL +XZ +LZ4 +SECCOMP +BLKID +ELFUTILS +KMOD +IDN2 -IDN +PCRE2 default-hierarchy=legacy)
[    6.191803] systemd[1]: Detected architecture x86-64.
[    6.192017] systemd[1]: Set hostname to <p-tglh01.sh.intel.com>.
[    6.352525] systemd[1]: systemd-journald.service: Succeeded.
[    6.353002] systemd[1]: initrd-switch-root.service: Succeeded.
[    6.353216] systemd[1]: Stopped Switch Root.
[    6.353346] systemd[1]: systemd-journald.service: Service has no hold-off time (RestartSec=0), scheduling restart.
[    6.353408] systemd[1]: systemd-journald.service: Scheduled restart job, restart counter is at 1.
[    6.353436] systemd[1]: Stopped Journal Service.
[    6.353915] systemd[1]: Starting Journal Service...
[    6.362479] Adding 20971516k swap on /dev/mapper/cs-swap.  Priority:-2 extents:1 across:20971516k SSFS
[    6.367296] EXT4-fs (nvme0n1p2): re-mounted. Quota mode: none.
[    6.445872] Consider using thermal netlink events interface
[    6.451281] input: Intel HID events as /devices/platform/INTC1051:00/input/input6
[    6.451505] intel-hid INTC1051:00: platform supports 5 button array
[    6.451633] input: Intel HID 5 button array as /devices/platform/INTC1051:00/input/input7
[    6.555942] ACPI: bus type thunderbolt registered
[    6.556133] thunderbolt 0000:00:0d.2: total paths: 12
[    6.556141] thunderbolt 0000:00:0d.2: IOMMU DMA protection is enabled
[    6.558318] proc_thermal 0000:00:04.0: enabling device (0000 -> 0002)
[    6.565316] intel_rapl_common: Found RAPL domain package
[    6.568790] thunderbolt 0000:00:0d.2: allocating TX ring 0 of size 10
[    6.568821] thunderbolt 0000:00:0d.2: allocating RX ring 0 of size 10
[    6.568841] thunderbolt 0000:00:0d.2: control channel created
[    6.568844] thunderbolt 0000:00:0d.2: using firmware connection manager
[    6.568845] thunderbolt 0000:00:0d.2: NHI initialized, starting thunderbolt
[    6.568846] thunderbolt 0000:00:0d.2: control channel starting...
[    6.568847] thunderbolt 0000:00:0d.2: starting TX ring 0
[    6.568850] thunderbolt 0000:00:0d.2: enabling interrupt at register 0x38200 bit 0 (0x0 -> 0x1)
[    6.568853] thunderbolt 0000:00:0d.2: starting RX ring 0
[    6.568856] thunderbolt 0000:00:0d.2: enabling interrupt at register 0x38200 bit 12 (0x1 -> 0x1001)
[    6.572779] thunderbolt 0000:00:0d.2: USB4 proxy operations supported
[    6.572781] thunderbolt 0000:00:0d.2: security level set to none
[    6.574088] mei_me 0000:00:16.0: enabling device (0000 -> 0002)
[    6.579499] thunderbolt 0000:00:0d.2: current switch config:
[    6.579500] thunderbolt 0000:00:0d.2:  USB4 Switch: 8087:9a1f (Revision: 4, TB Version: 32)
[    6.579502] thunderbolt 0000:00:0d.2:   Max Port Number: 13
[    6.579503] thunderbolt 0000:00:0d.2:   Config:
[    6.579503] thunderbolt 0000:00:0d.2:    Upstream Port Number: 7 Depth: 0 Route String: 0x0 Enabled: 1, PlugEventsDelay: 10ms
[    6.579505] thunderbolt 0000:00:0d.2:    unknown1: 0x0 unknown4: 0x0
[    6.581360] intel-lpss 0000:00:15.0: enabling device (0000 -> 0002)
[    6.581695] idma64 idma64.0: Found Intel integrated DMA 64-bit
[    6.599333] i2c_designware i2c_designware.0: GPIO lookup for consumer scl
[    6.599335] i2c_designware i2c_designware.0: using ACPI for GPIO lookup
[    6.599336] acpi device:8d: GPIO: looking up scl-gpios
[    6.599338] acpi device:8d: GPIO: looking up scl-gpio
[    6.599338] i2c_designware i2c_designware.0: using lookup tables for GPIO lookup
[    6.599339] i2c_designware i2c_designware.0: No GPIO consumer scl found
[    6.615172] intel-lpss 0000:00:15.1: enabling device (0000 -> 0002)
[    6.615608] idma64 idma64.1: Found Intel integrated DMA 64-bit
[    6.662027] thunderbolt 0000:00:0d.2: 0: uid: 0x7d4c4140808782d7
[    6.701008] thunderbolt 0000:00:0d.2:  Port 1: 8086:9a1f (Revision: 4, TB Version: 1, Type: Port (0x1))
[    6.701011] thunderbolt 0000:00:0d.2:   Max hop id (in/out): 19/19
