[    0.000000] Command line: BOOT_IMAGE=(hd1,gpt2)/vmlinuz-5.14.0-1b4f3dfb4792-g1b4f3dfb4792 root=/dev/mapper/cs-root ro crashkernel=1G-4G:192M,4G-64G:256M,64G-:512M resume=/dev/mapper/cs-swap rd.lvm.lv=cs/root rd.lvm.lv=cs/swap rhgb quiet console=tty0 console=ttyS0,115200n8 intel_iommu=on,sm_on initcall_debug log_buf_len=200M no_console_suspend ignore_loglevel selinux=0 cxl_acpi.dyndbg=+fplm cxl_pci.dyndbg=+fplm cxl_core.dyndbg=+fplm cxl_mem.dyndbg=+fplm cxl_pmem.dyndbg=+fplm cxl_port.dyndbg=+fplm cxl_region.dyndbg=+fplm cxl_test.dyndbg=+fplm cxl_mock.dyndbg=+fplm cxl_mock_mem.dyndbg=+fplm
[    0.000000] x86/fpu: Supporting XSAVE feature 0x001: 'x87 floating point registers'
[    0.000000] x86/fpu: Supporting XSAVE feature 0x002: 'SSE registers'
[    0.000000] x86/fpu: Supporting XSAVE feature 0x004: 'AVX registers'
[    0.000000] x86/fpu: Supporting XSAVE feature 0x020: 'AVX-512 opmask'
[    0.000000] x86/fpu: Supporting XSAVE feature 0x040: 'AVX-512 Hi256'
[    0.000000] x86/fpu: Supporting XSAVE feature 0x080: 'AVX-512 ZMM_Hi256'
[    0.000000] x86/fpu: Supporting XSAVE feature 0x200: 'Protection Keys User registers'
[    0.000000] x86/fpu: Supporting XSAVE feature 0x400: 'PASID state'
[    0.000000] x86/fpu: xstate_offset[2]:  576, xstate_sizes[2]:  256
[    0.000000] x86/fpu: xstate_offset[5]:  832, xstate_sizes[5]:   64
[    0.000000] x86/fpu: xstate_offset[6]:  896, xstate_sizes[6]:  512
[    0.000000] x86/fpu: xstate_offset[7]: 1408, xstate_sizes[7]: 1024
[    0.000000] x86/fpu: xstate_offset[9]: 2432, xstate_sizes[9]:    8
[    0.000000] x86/fpu: xstate_offset[10]: 2440, xstate_sizes[10]:    8
[    0.000000] x86/fpu: Enabled xstate features 0x6e7, context size is 2448 bytes, using 'compacted' format.
[    0.000000] signal: max sigframe size: 3632
[    0.000000] BIOS-provided physical RAM map:
[    0.000000] BIOS-e820: [mem 0x0000000000000000-0x000000000009ffff] usable
[    0.000000] BIOS-e820: [mem 0x00000000000a0000-0x00000000000fffff] reserved
[    0.000000] BIOS-e820: [mem 0x0000000000100000-0x00000000bb779fff] usable
[    0.000000] BIOS-e820: [mem 0x00000000bb77a000-0x00000000bcd2dfff] reserved
[    0.000000] BIOS-e820: [mem 0x00000000bcd2e000-0x00000000bd0ebfff] usable
[    0.000000] BIOS-e820: [mem 0x00000000bd0ec000-0x00000000bd283fff] ACPI data
[    0.000000] BIOS-e820: [mem 0x00000000bd284000-0x00000000bd41bfff] usable
[    0.000000] BIOS-e820: [mem 0x00000000bd41c000-0x00000000bd855fff] ACPI data
[    0.000000] BIOS-e820: [mem 0x00000000bd856000-0x00000000bda5dfff] usable
[    0.000000] BIOS-e820: [mem 0x00000000bda5e000-0x00000000bdb76fff] ACPI data
[    0.000000] BIOS-e820: [mem 0x00000000bdb77000-0x00000000bdc8ffff] usable
[    0.000000] BIOS-e820: [mem 0x00000000bdc90000-0x00000000bdfbbfff] ACPI data
[    0.000000] BIOS-e820: [mem 0x00000000bdfbc000-0x00000000bf434fff] usable
[    0.000000] BIOS-e820: [mem 0x00000000bf435000-0x00000000c0635fff] reserved
[    0.000000] BIOS-e820: [mem 0x00000000c0636000-0x00000000cba02fff] usable
[    0.000000] BIOS-e820: [mem 0x00000000cba03000-0x00000000cba04fff] reserved
[    0.000000] BIOS-e820: [mem 0x00000000cba05000-0x00000000cba05fff] usable
[    0.000000] BIOS-e820: [mem 0x00000000cba06000-0x00000000cba4dfff] reserved
[    0.000000] BIOS-e820: [mem 0x00000000cba4e000-0x00000000cba4efff] usable
[    0.000000] BIOS-e820: [mem 0x00000000cba4f000-0x00000000cba56fff] reserved
[    0.000000] BIOS-e820: [mem 0x00000000cba57000-0x00000000cba57fff] usable
[    0.000000] BIOS-e820: [mem 0x00000000cba58000-0x00000000cd42afff] reserved
[    0.000000] BIOS-e820: [mem 0x00000000cd42b000-0x00000000cd42bfff] usable
[    0.000000] BIOS-e820: [mem 0x00000000cd42c000-0x00000000cd42cfff] reserved
[    0.000000] BIOS-e820: [mem 0x00000000cd42d000-0x00000000cd42dfff] usable
[    0.000000] BIOS-e820: [mem 0x00000000cd42e000-0x00000000cd63ffff] reserved
[    0.000000] BIOS-e820: [mem 0x00000000cd640000-0x00000000cd6befff] usable
[    0.000000] BIOS-e820: [mem 0x00000000cd6bf000-0x00000000cd6bffff] ACPI NVS
[    0.000000] BIOS-e820: [mem 0x00000000cd6c0000-0x00000000ce51efff] usable
[    0.000000] BIOS-e820: [mem 0x00000000ce51f000-0x00000000cf11ffff] ACPI NVS
[    0.000000] BIOS-e820: [mem 0x00000000cf120000-0x00000000cf132fff] usable
[    0.000000] BIOS-e820: [mem 0x00000000cf133000-0x00000000cf732fff] reserved
[    0.000000] BIOS-e820: [mem 0x00000000cf733000-0x00000000cf733fff] ACPI NVS
[    0.000000] BIOS-e820: [mem 0x00000000cf734000-0x00000000d27dcfff] usable
[    0.000000] BIOS-e820: [mem 0x00000000d27dd000-0x00000000d284dfff] reserved
[    0.000000] BIOS-e820: [mem 0x00000000d284e000-0x00000000d2894fff] usable
[    0.000000] BIOS-e820: [mem 0x00000000d2895000-0x00000000d2896fff] reserved
[    0.000000] BIOS-e820: [mem 0x00000000d2897000-0x00000000d2976fff] usable
[    0.000000] BIOS-e820: [mem 0x00000000d2977000-0x00000000d2978fff] reserved
[    0.000000] BIOS-e820: [mem 0x00000000d2979000-0x00000000d2f54fff] usable
[    0.000000] BIOS-e820: [mem 0x00000000d2f55000-0x00000000d2f5dfff] reserved
[    0.000000] BIOS-e820: [mem 0x00000000d2f5e000-0x00000000d34bbfff] usable
[    0.000000] BIOS-e820: [mem 0x00000000d34bc000-0x00000000d3abbfff] reserved
[    0.000000] BIOS-e820: [mem 0x00000000d3abc000-0x00000000d3c5ffff] usable
[    0.000000] BIOS-e820: [mem 0x00000000d3c60000-0x00000000d3c7bfff] reserved
[    0.000000] BIOS-e820: [mem 0x00000000d3c7c000-0x00000000d69cefff] usable
[    0.000000] BIOS-e820: [mem 0x00000000d69cf000-0x00000000d6ccefff] reserved
[    0.000000] BIOS-e820: [mem 0x00000000d6ccf000-0x00000000d76fefff] ACPI NVS
[    0.000000] BIOS-e820: [mem 0x00000000d76ff000-0x00000000d77fefff] ACPI data
[    0.000000] BIOS-e820: [mem 0x00000000d77ff000-0x00000000d77fffff] usable
[    0.000000] BIOS-e820: [mem 0x00000000d7800000-0x00000000dfffffff] reserved
[    0.000000] BIOS-e820: [mem 0x00000000f2830000-0x00000000f2830fff] reserved
[    0.000000] BIOS-e820: [mem 0x0000000100000000-0x0000003ffeffffff] usable
[    0.000000] BIOS-e820: [mem 0x0000003fff000000-0x0000003fffffffff] reserved
[    0.000000] BIOS-e820: [mem 0x0000020000000000-0x00000200ffffffff] soft reserved
[    0.000000] BIOS-e820: [mem 0x0000100000000000-0x000010007fffffff] reserved
[    0.000000] printk: debug: ignoring loglevel setting.
[    0.000000] NX (Execute Disable) protection: active
[    0.000000] efi: EFI v2.70 by EDK II
[    0.000000] efi: ACPI=0xd77fe000 ACPI 2.0=0xd77fe014 SMBIOS=0xd6b0b000 SMBIOS 3.0=0xd6b09000 MEMATTR=0xd3478018 
[    0.000000] efi: memattr: Unexpected EFI Memory Attributes table version 2
[    0.000000] SMBIOS 3.6.0 present.
[    0.000000] DMI: Intel Corporation OAKSTREAM/OAKSTREAM, BIOS OKSDCRB1.86B.0010.D75.2403180334 03/18/2024
[    0.000000] tsc: Detected 2400.000 MHz processor
[    0.000015] e820: update [mem 0x00000000-0x00000fff] usable ==> reserved
[    0.000072] e820: remove [mem 0x000a0000-0x000fffff] usable
[    0.000134] last_pfn = 0x3fff000 max_arch_pfn = 0x10000000000
[    0.000148] x86/PAT: Configuration [0-7]: WB  WC  UC- UC  WB  WP  UC- WT  
[    0.000163] total RAM covered: 16776704M
[    0.000458]  gran_size: 64K 	chunk_size: 64K 	num_reg: 10  	lose cover RAM: 15872G
[    0.000483]  gran_size: 64K 	chunk_size: 128K 	num_reg: 10  	lose cover RAM: 15872G
[    0.000508]  gran_size: 64K 	chunk_size: 256K 	num_reg: 10  	lose cover RAM: 15872G
[    0.000534]  gran_size: 64K 	chunk_size: 512K 	num_reg: 10  	lose cover RAM: 15872G
[    0.000559]  gran_size: 64K 	chunk_size: 1M 	num_reg: 10  	lose cover RAM: 15872G
[    0.000585]  gran_size: 64K 	chunk_size: 2M 	num_reg: 10  	lose cover RAM: 15872G
[    0.000610]  gran_size: 64K 	chunk_size: 4M 	num_reg: 10  	lose cover RAM: 15872G
[    0.000635]  gran_size: 64K 	chunk_size: 8M 	num_reg: 10  	lose cover RAM: 15872G
[    0.000661]  gran_size: 64K 	chunk_size: 16M 	num_reg: 10  	lose cover RAM: 15872G
[    0.000686]  gran_size: 64K 	chunk_size: 32M 	num_reg: 10  	lose cover RAM: 15872G
[    0.000711]  gran_size: 64K 	chunk_size: 64M 	num_reg: 10  	lose cover RAM: 15872G
[    0.000737]  gran_size: 64K 	chunk_size: 128M 	num_reg: 10  	lose cover RAM: 15872G
[    0.000762]  gran_size: 64K 	chunk_size: 256M 	num_reg: 10  	lose cover RAM: 15872G
[    0.000788]  gran_size: 64K 	chunk_size: 512M 	num_reg: 10  	lose cover RAM: 15872G
[    0.000813]  gran_size: 64K 	chunk_size: 1G 	num_reg: 10  	lose cover RAM: 15360G
[    0.000838]  gran_size: 64K 	chunk_size: 2G 	num_reg: 10  	lose cover RAM: 15360G
[    0.000864]  gran_size: 128K 	chunk_size: 128K 	num_reg: 10  	lose cover RAM: 15872G
[    0.000889]  gran_size: 128K 	chunk_size: 256K 	num_reg: 10  	lose cover RAM: 15872G
[    0.000915]  gran_size: 128K 	chunk_size: 512K 	num_reg: 10  	lose cover RAM: 15872G
[    0.000940]  gran_size: 128K 	chunk_size: 1M 	num_reg: 10  	lose cover RAM: 15872G
[    0.000965]  gran_size: 128K 	chunk_size: 2M 	num_reg: 10  	lose cover RAM: 15872G
[    0.000991]  gran_size: 128K 	chunk_size: 4M 	num_reg: 10  	lose cover RAM: 15872G
[    0.001016]  gran_size: 128K 	chunk_size: 8M 	num_reg: 10  	lose cover RAM: 15872G
[    0.001042]  gran_size: 128K 	chunk_size: 16M 	num_reg: 10  	lose cover RAM: 15872G
[    0.001067]  gran_size: 128K 	chunk_size: 32M 	num_reg: 10  	lose cover RAM: 15872G
[    0.001092]  gran_size: 128K 	chunk_size: 64M 	num_reg: 10  	lose cover RAM: 15872G
[    0.001118]  gran_size: 128K 	chunk_size: 128M 	num_reg: 10  	lose cover RAM: 15872G
[    0.001143]  gran_size: 128K 	chunk_size: 256M 	num_reg: 10  	lose cover RAM: 15872G
[    0.001169]  gran_size: 128K 	chunk_size: 512M 	num_reg: 10  	lose cover RAM: 15872G
[    0.001194]  gran_size: 128K 	chunk_size: 1G 	num_reg: 10  	lose cover RAM: 15360G
[    0.001219]  gran_size: 128K 	chunk_size: 2G 	num_reg: 10  	lose cover RAM: 15360G
[    0.001245]  gran_size: 256K 	chunk_size: 256K 	num_reg: 10  	lose cover RAM: 15872G
[    0.001270]  gran_size: 256K 	chunk_size: 512K 	num_reg: 10  	lose cover RAM: 15872G
[    0.001296]  gran_size: 256K 	chunk_size: 1M 	num_reg: 10  	lose cover RAM: 15872G
[    0.001321]  gran_size: 256K 	chunk_size: 2M 	num_reg: 10  	lose cover RAM: 15872G
[    0.001346]  gran_size: 256K 	chunk_size: 4M 	num_reg: 10  	lose cover RAM: 15872G
[    0.001372]  gran_size: 256K 	chunk_size: 8M 	num_reg: 10  	lose cover RAM: 15872G
[    0.001397]  gran_size: 256K 	chunk_size: 16M 	num_reg: 10  	lose cover RAM: 15872G
[    0.001423]  gran_size: 256K 	chunk_size: 32M 	num_reg: 10  	lose cover RAM: 15872G
[    0.001448]  gran_size: 256K 	chunk_size: 64M 	num_reg: 10  	lose cover RAM: 15872G
[    0.001473]  gran_size: 256K 	chunk_size: 128M 	num_reg: 10  	lose cover RAM: 15872G
[    0.001499]  gran_size: 256K 	chunk_size: 256M 	num_reg: 10  	lose cover RAM: 15872G
[    0.001524]  gran_size: 256K 	chunk_size: 512M 	num_reg: 10  	lose cover RAM: 15872G
[    0.001550]  gran_size: 256K 	chunk_size: 1G 	num_reg: 10  	lose cover RAM: 15360G
[    0.001575]  gran_size: 256K 	chunk_size: 2G 	num_reg: 10  	lose cover RAM: 15360G
[    0.001600]  gran_size: 512K 	chunk_size: 512K 	num_reg: 10  	lose cover RAM: 15872G
[    0.001626]  gran_size: 512K 	chunk_size: 1M 	num_reg: 10  	lose cover RAM: 15872G
[    0.001651]  gran_size: 512K 	chunk_size: 2M 	num_reg: 10  	lose cover RAM: 15872G
[    0.001677]  gran_size: 512K 	chunk_size: 4M 	num_reg: 10  	lose cover RAM: 15872G
[    0.001702]  gran_size: 512K 	chunk_size: 8M 	num_reg: 10  	lose cover RAM: 15872G
[    0.001727]  gran_size: 512K 	chunk_size: 16M 	num_reg: 10  	lose cover RAM: 15872G
[    0.001753]  gran_size: 512K 	chunk_size: 32M 	num_reg: 10  	lose cover RAM: 15872G
[    0.001778]  gran_size: 512K 	chunk_size: 64M 	num_reg: 10  	lose cover RAM: 15872G
[    0.001804]  gran_size: 512K 	chunk_size: 128M 	num_reg: 10  	lose cover RAM: 15872G
[    0.001829]  gran_size: 512K 	chunk_size: 256M 	num_reg: 10  	lose cover RAM: 15872G
[    0.001855]  gran_size: 512K 	chunk_size: 512M 	num_reg: 10  	lose cover RAM: 15872G
[    0.001880]  gran_size: 512K 	chunk_size: 1G 	num_reg: 10  	lose cover RAM: 15360G
[    0.001905]  gran_size: 512K 	chunk_size: 2G 	num_reg: 10  	lose cover RAM: 15360G
[    0.001931]  gran_size: 1M 	chunk_size: 1M 	num_reg: 10  	lose cover RAM: 15872G
[    0.001956]  gran_size: 1M 	chunk_size: 2M 	num_reg: 10  	lose cover RAM: 15872G
[    0.001981]  gran_size: 1M 	chunk_size: 4M 	num_reg: 10  	lose cover RAM: 15872G
[    0.002007]  gran_size: 1M 	chunk_size: 8M 	num_reg: 10  	lose cover RAM: 15872G
[    0.002032]  gran_size: 1M 	chunk_size: 16M 	num_reg: 10  	lose cover RAM: 15872G
[    0.002057]  gran_size: 1M 	chunk_size: 32M 	num_reg: 10  	lose cover RAM: 15872G
[    0.002083]  gran_size: 1M 	chunk_size: 64M 	num_reg: 10  	lose cover RAM: 15872G
[    0.002108]  gran_size: 1M 	chunk_size: 128M 	num_reg: 10  	lose cover RAM: 15872G
[    0.002134]  gran_size: 1M 	chunk_size: 256M 	num_reg: 10  	lose cover RAM: 15872G
[    0.002159]  gran_size: 1M 	chunk_size: 512M 	num_reg: 10  	lose cover RAM: 15872G
[    0.002184]  gran_size: 1M 	chunk_size: 1G 	num_reg: 10  	lose cover RAM: 15360G
[    0.002210]  gran_size: 1M 	chunk_size: 2G 	num_reg: 10  	lose cover RAM: 15360G
[    0.002235]  gran_size: 2M 	chunk_size: 2M 	num_reg: 10  	lose cover RAM: 15872G
[    0.002260]  gran_size: 2M 	chunk_size: 4M 	num_reg: 10  	lose cover RAM: 15872G
[    0.002286]  gran_size: 2M 	chunk_size: 8M 	num_reg: 10  	lose cover RAM: 15872G
[    0.002311]  gran_size: 2M 	chunk_size: 16M 	num_reg: 10  	lose cover RAM: 15872G
[    0.002336]  gran_size: 2M 	chunk_size: 32M 	num_reg: 10  	lose cover RAM: 15872G
[    0.002362]  gran_size: 2M 	chunk_size: 64M 	num_reg: 10  	lose cover RAM: 15872G
[    0.002387]  gran_size: 2M 	chunk_size: 128M 	num_reg: 10  	lose cover RAM: 15872G
[    0.002412]  gran_size: 2M 	chunk_size: 256M 	num_reg: 10  	lose cover RAM: 15872G
[    0.002438]  gran_size: 2M 	chunk_size: 512M 	num_reg: 10  	lose cover RAM: 15872G
[    0.002463]  gran_size: 2M 	chunk_size: 1G 	num_reg: 10  	lose cover RAM: 15360G
[    0.002488]  gran_size: 2M 	chunk_size: 2G 	num_reg: 10  	lose cover RAM: 15360G
[    0.002514]  gran_size: 4M 	chunk_size: 4M 	num_reg: 10  	lose cover RAM: 15872G
[    0.002539]  gran_size: 4M 	chunk_size: 8M 	num_reg: 10  	lose cover RAM: 15872G
[    0.002564]  gran_size: 4M 	chunk_size: 16M 	num_reg: 10  	lose cover RAM: 15872G
[    0.002590]  gran_size: 4M 	chunk_size: 32M 	num_reg: 10  	lose cover RAM: 15872G
[    0.002615]  gran_size: 4M 	chunk_size: 64M 	num_reg: 10  	lose cover RAM: 15872G
[    0.002641]  gran_size: 4M 	chunk_size: 128M 	num_reg: 10  	lose cover RAM: 15872G
[    0.002666]  gran_size: 4M 	chunk_size: 256M 	num_reg: 10  	lose cover RAM: 15872G
[    0.002691]  gran_size: 4M 	chunk_size: 512M 	num_reg: 10  	lose cover RAM: 15872G
[    0.002717]  gran_size: 4M 	chunk_size: 1G 	num_reg: 10  	lose cover RAM: 15360G
[    0.002742]  gran_size: 4M 	chunk_size: 2G 	num_reg: 10  	lose cover RAM: 15360G
[    0.002767]  gran_size: 8M 	chunk_size: 8M 	num_reg: 10  	lose cover RAM: 15872G
[    0.002793]  gran_size: 8M 	chunk_size: 16M 	num_reg: 10  	lose cover RAM: 15872G
[    0.002818]  gran_size: 8M 	chunk_size: 32M 	num_reg: 10  	lose cover RAM: 15872G
[    0.002843]  gran_size: 8M 	chunk_size: 64M 	num_reg: 10  	lose cover RAM: 15872G
[    0.002869]  gran_size: 8M 	chunk_size: 128M 	num_reg: 10  	lose cover RAM: 15872G
[    0.002894]  gran_size: 8M 	chunk_size: 256M 	num_reg: 10  	lose cover RAM: 15872G
[    0.002920]  gran_size: 8M 	chunk_size: 512M 	num_reg: 10  	lose cover RAM: 15872G
[    0.002945]  gran_size: 8M 	chunk_size: 1G 	num_reg: 10  	lose cover RAM: 15360G
[    0.002970]  gran_size: 8M 	chunk_size: 2G 	num_reg: 10  	lose cover RAM: 15360G
[    0.002996]  gran_size: 16M 	chunk_size: 16M 	num_reg: 10  	lose cover RAM: 15872G
[    0.003021]  gran_size: 16M 	chunk_size: 32M 	num_reg: 10  	lose cover RAM: 15872G
[    0.003046]  gran_size: 16M 	chunk_size: 64M 	num_reg: 10  	lose cover RAM: 15872G
[    0.003072]  gran_size: 16M 	chunk_size: 128M 	num_reg: 10  	lose cover RAM: 15872G
[    0.003097]  gran_size: 16M 	chunk_size: 256M 	num_reg: 10  	lose cover RAM: 15872G
[    0.003123]  gran_size: 16M 	chunk_size: 512M 	num_reg: 10  	lose cover RAM: 15872G
[    0.003148]  gran_size: 16M 	chunk_size: 1G 	num_reg: 10  	lose cover RAM: 15360G
[    0.003173]  gran_size: 16M 	chunk_size: 2G 	num_reg: 10  	lose cover RAM: 15360G
[    0.003199]  gran_size: 32M 	chunk_size: 32M 	num_reg: 10  	lose cover RAM: 15872G
[    0.003224]  gran_size: 32M 	chunk_size: 64M 	num_reg: 10  	lose cover RAM: 15872G
[    0.003250]  gran_size: 32M 	chunk_size: 128M 	num_reg: 10  	lose cover RAM: 15872G
[    0.003275]  gran_size: 32M 	chunk_size: 256M 	num_reg: 10  	lose cover RAM: 15872G
[    0.003300]  gran_size: 32M 	chunk_size: 512M 	num_reg: 10  	lose cover RAM: 15872G
[    0.003326]  gran_size: 32M 	chunk_size: 1G 	num_reg: 10  	lose cover RAM: 15360G
[    0.003351]  gran_size: 32M 	chunk_size: 2G 	num_reg: 10  	lose cover RAM: 15360G
[    0.003377]  gran_size: 64M 	chunk_size: 64M 	num_reg: 10  	lose cover RAM: 15872G
[    0.003402]  gran_size: 64M 	chunk_size: 128M 	num_reg: 10  	lose cover RAM: 15872G
[    0.003427]  gran_size: 64M 	chunk_size: 256M 	num_reg: 10  	lose cover RAM: 15872G
[    0.003453]  gran_size: 64M 	chunk_size: 512M 	num_reg: 10  	lose cover RAM: 15872G
[    0.003478]  gran_size: 64M 	chunk_size: 1G 	num_reg: 10  	lose cover RAM: 15360G
[    0.003504]  gran_size: 64M 	chunk_size: 2G 	num_reg: 10  	lose cover RAM: 15360G
[    0.003529]  gran_size: 128M 	chunk_size: 128M 	num_reg: 10  	lose cover RAM: 15872G
[    0.003554]  gran_size: 128M 	chunk_size: 256M 	num_reg: 10  	lose cover RAM: 15872G
[    0.003580]  gran_size: 128M 	chunk_size: 512M 	num_reg: 10  	lose cover RAM: 15872G
[    0.003605]  gran_size: 128M 	chunk_size: 1G 	num_reg: 10  	lose cover RAM: 15360G
[    0.003631]  gran_size: 128M 	chunk_size: 2G 	num_reg: 10  	lose cover RAM: 15360G
[    0.003656]  gran_size: 256M 	chunk_size: 256M 	num_reg: 10  	lose cover RAM: 15872G
[    0.003681]  gran_size: 256M 	chunk_size: 512M 	num_reg: 10  	lose cover RAM: 15872G
[    0.003707]  gran_size: 256M 	chunk_size: 1G 	num_reg: 10  	lose cover RAM: 15360G
[    0.003732]  gran_size: 256M 	chunk_size: 2G 	num_reg: 10  	lose cover RAM: 15360G
[    0.003758]  gran_size: 512M 	chunk_size: 512M 	num_reg: 10  	lose cover RAM: 15872G
[    0.003783]  gran_size: 512M 	chunk_size: 1G 	num_reg: 10  	lose cover RAM: 15360G
[    0.003808]  gran_size: 512M 	chunk_size: 2G 	num_reg: 10  	lose cover RAM: 15360G
[    0.003834]  gran_size: 1G 	chunk_size: 1G 	num_reg: 10  	lose cover RAM: 15729152M
[    0.003859]  gran_size: 1G 	chunk_size: 2G 	num_reg: 10  	lose cover RAM: 15729152M
[    0.003885]  gran_size: 2G 	chunk_size: 2G 	num_reg: 10  	lose cover RAM: 14681600M
[    0.003910] mtrr_cleanup: can not find optimal value
[    0.003922] please specify mtrr_gran_size/mtrr_chunk_size
[    0.003937] e820: update [mem 0xe0000000-0xffffffff] usable ==> reserved
[    0.004004] x2apic: enabled by BIOS, switching to x2apic ops
[    0.004016] last_pfn = 0xd7800 max_arch_pfn = 0x10000000000
[    0.006799] Using GB pages for direct mapping
[    0.102652] printk: log_buf_len: 268435456 bytes
[    0.102665] printk: early log buf free: 16759232(99%)
[    0.102678] Secure boot disabled
[    0.102689] RAMDISK: [mem 0xb844c000-0xba2a0fff]
[    0.102704] ACPI: Early table checksum verification disabled
[    0.102716] ACPI: RSDP 0x00000000D77FE014 000024 (v02 INTEL )
[    0.102752] ACPI: XSDT 0x00000000D7744188 00014C (v01 INTEL  INTEL ID 00000000      01000013)
[    0.102791] ACPI: FACP 0x00000000D77FC000 000114 (v06 INTEL  INTEL ID 00000000 INTL 20230628)
[    0.102830] ACPI: DSDT 0x00000000D775D000 08E4F6 (v02 INTEL  INTEL ID 00000003 INTL 20230628)
[    0.102868] ACPI: FACS 0x00000000D76F4000 000040
[    0.102905] ACPI: MCFG 0x00000000D77FB000 00004C (v01 INTEL  INTEL ID 00000001 INTL 20230628)
[    0.102943] ACPI: SSDT 0x00000000D77FA000 0001F3 (v02 INTEL  MPWR     00001000 INTL 20230628)
[    0.102981] ACPI: CEDT 0x00000000D77F9000 000284 (v01 INTEL  INTEL ID 00000002 INTL 20230628)
[    0.103019] ACPI: SSDT 0x00000000D77F8000 0000AB (v02 INTEL  INTEL ID 00000002 INTL 20230628)
[    0.103057] ACPI: MRRM 0x00000000D77F7000 0000CC (v01 INTEL  INTEL ID 00000002 INTL 20230628)
[    0.103095] ACPI: SSDT 0x00000000D77F6000 00030C (v02 INTEL  INTEL ID 00000000 MSFT 20230628)
[    0.103133] ACPI: SSDT 0x00000000D77F5000 000156 (v02 INTEL  PRMOPREG 00001000 INTL 20230628)
[    0.103172] ACPI: SSDT 0x00000000D77F4000 000145 (v02 INTEL  PRMSAMPL 00001000 INTL 20230628)
[    0.103210] ACPI: IRDT 0x00000000D77F3000 0001D7 (v01 INTEL  INTEL ID 00000002 INTL 20230628)
[    0.103248] ACPI: DTPR 0x00000000D77F2000 000530 (v01 INTEL  EDK2     00000002      01000013)
[    0.103286] ACPI: SSDT 0x00000000D77F1000 00040F (v02 INTEL  SruTable 00001000 INTL 20230628)
[    0.103324] ACPI: SSDT 0x00000000D77F0000 000397 (v02 INTEL  SstsTbl  00001000 INTL 20230628)
[    0.103362] ACPI: BDAT 0x00000000D77EF000 000030 (v01 INTEL  INTEL ID 00000000 INTL 20230628)
[    0.103400] ACPI: HPET 0x00000000D77EE000 000038 (v01 INTEL  INTEL ID 00000001 INTL 20230628)
[    0.103438] ACPI: MSCT 0x00000000D77ED000 000198 (v01 INTEL  INTEL ID 00000001 INTL 20230628)
[    0.103477] ACPI: WSMT 0x00000000D77EC000 000028 (v01 INTEL  INTEL ID 00000000 INTL 20230628)
[    0.103515] ACPI: APIC 0x00000000D775C000 00015E (v06 INTEL  INTEL ID 00000000 INTL 20230628)
[    0.103553] ACPI: KEYP 0x00000000D77FD000 000050 (v01 INTEL  INTEL ID 00000002 INTL 20230628)
[    0.103591] ACPI: PMTT 0x00000000D7741000 002568 (v02 INTEL  INTEL ID 00000001 INTL 20230628)
[    0.103629] ACPI: OEM4 0x00000000BDC90000 32B041 (v02 INTEL  CPU  CST 00003000 INTL 20230628)
[    0.103667] ACPI: OEM1 0x00000000BD41C000 439069 (v02 INTEL  CPU EIST 00003000 INTL 20230628)
[    0.103705] ACPI: OEM2 0x00000000BDA5E000 118031 (v02 INTEL  CPU  HWP 00003000 INTL 20230628)
[    0.103744] ACPI: SSDT 0x00000000BD0EC000 197850 (v02 INTEL  SSDT  PM 00004000 INTL 20230628)
[    0.103782] ACPI: DBG2 0x00000000D7740000 000058 (v00 INTEL  INTEL ID 00000002 INTL 20230628)
[    0.103820] ACPI: DMAR 0x00000000D773F000 000478 (v01 INTEL  INTEL ID 00000001 INTL 20230628)
[    0.103858] ACPI: FPDT 0x00000000D773E000 000044 (v01 INTEL  EDK2     00000002      01000013)
[    0.103896] ACPI: SSDT 0x00000000D773D000 000922 (v02 INTEL  RAS_ACPI 00000001 INTL 20230628)
[    0.103934] ACPI: SSDT 0x00000000D773C000 0008BB (v02 INTEL  ADDRXLAT 00000001 INTL 20230628)
[    0.103972] ACPI: HEST 0x00000000D773B000 000174 (v01 INTEL  INTEL ID 00000001 INTL 20230628)
[    0.104010] ACPI: BERT 0x00000000D773A000 000030 (v01 INTEL  INTEL ID 00000001 INTL 20230628)
[    0.104048] ACPI: ERST 0x00000000D7739000 000230 (v01 INTEL  INTEL ID 00000001 INTL 20230628)
[    0.104087] ACPI: PRMT 0x00000000D7738000 0001DC (v00 INTEL  INTEL ID 00000002 INTL 20230628)
[    0.104125] ACPI: SPCR 0x00000000D7737000 000050 (v02 INTEL  INTEL ID 00000000 INTL 20230628)
[    0.104163] ACPI: SRAT 0x00000000D7747000 014128 (v03 INTEL  INTEL ID 00000002 INTL 20230628)
[    0.104201] ACPI: SLIT 0x00000000D7746000 000050 (v01 INTEL  INTEL ID 00000002 INTL 20230628)
[    0.104239] ACPI: HMAT 0x00000000D7745000 000298 (v02 INTEL  INTEL ID 00000002 INTL 20230628)
[    0.104276] ACPI: Reserving FACP table memory at [mem 0xd77fc000-0xd77fc113]
[    0.104291] ACPI: Reserving DSDT table memory at [mem 0xd775d000-0xd77eb4f5]
[    0.104306] ACPI: Reserving FACS table memory at [mem 0xd76f4000-0xd76f403f]
[    0.104320] ACPI: Reserving MCFG table memory at [mem 0xd77fb000-0xd77fb04b]
[    0.104335] ACPI: Reserving SSDT table memory at [mem 0xd77fa000-0xd77fa1f2]
[    0.104349] ACPI: Reserving CEDT table memory at [mem 0xd77f9000-0xd77f9283]
[    0.104364] ACPI: Reserving SSDT table memory at [mem 0xd77f8000-0xd77f80aa]
[    0.104378] ACPI: Reserving MRRM table memory at [mem 0xd77f7000-0xd77f70cb]
[    0.104393] ACPI: Reserving SSDT table memory at [mem 0xd77f6000-0xd77f630b]
[    0.104408] ACPI: Reserving SSDT table memory at [mem 0xd77f5000-0xd77f5155]
[    0.104422] ACPI: Reserving SSDT table memory at [mem 0xd77f4000-0xd77f4144]
[    0.104437] ACPI: Reserving IRDT table memory at [mem 0xd77f3000-0xd77f31d6]
[    0.104452] ACPI: Reserving DTPR table memory at [mem 0xd77f2000-0xd77f252f]
[    0.104466] ACPI: Reserving SSDT table memory at [mem 0xd77f1000-0xd77f140e]
[    0.104481] ACPI: Reserving SSDT table memory at [mem 0xd77f0000-0xd77f0396]
[    0.104496] ACPI: Reserving BDAT table memory at [mem 0xd77ef000-0xd77ef02f]
[    0.104511] ACPI: Reserving HPET table memory at [mem 0xd77ee000-0xd77ee037]
[    0.104525] ACPI: Reserving MSCT table memory at [mem 0xd77ed000-0xd77ed197]
[    0.104540] ACPI: Reserving WSMT table memory at [mem 0xd77ec000-0xd77ec027]
[    0.104555] ACPI: Reserving APIC table memory at [mem 0xd775c000-0xd775c15d]
[    0.104570] ACPI: Reserving KEYP table memory at [mem 0xd77fd000-0xd77fd04f]
[    0.104585] ACPI: Reserving PMTT table memory at [mem 0xd7741000-0xd7743567]
[    0.104600] ACPI: Reserving OEM4 table memory at [mem 0xbdc90000-0xbdfbb040]
[    0.104614] ACPI: Reserving OEM1 table memory at [mem 0xbd41c000-0xbd855068]
[    0.104629] ACPI: Reserving OEM2 table memory at [mem 0xbda5e000-0xbdb76030]
[    0.104644] ACPI: Reserving SSDT table memory at [mem 0xbd0ec000-0xbd28384f]
[    0.104659] ACPI: Reserving DBG2 table memory at [mem 0xd7740000-0xd7740057]
[    0.104674] ACPI: Reserving DMAR table memory at [mem 0xd773f000-0xd773f477]
[    0.104688] ACPI: Reserving FPDT table memory at [mem 0xd773e000-0xd773e043]
[    0.104703] ACPI: Reserving SSDT table memory at [mem 0xd773d000-0xd773d921]
[    0.104718] ACPI: Reserving SSDT table memory at [mem 0xd773c000-0xd773c8ba]
[    0.104733] ACPI: Reserving HEST table memory at [mem 0xd773b000-0xd773b173]
[    0.104748] ACPI: Reserving BERT table memory at [mem 0xd773a000-0xd773a02f]
[    0.104763] ACPI: Reserving ERST table memory at [mem 0xd7739000-0xd773922f]
[    0.104778] ACPI: Reserving PRMT table memory at [mem 0xd7738000-0xd77381db]
[    0.104793] ACPI: Reserving SPCR table memory at [mem 0xd7737000-0xd773704f]
[    0.104808] ACPI: Reserving SRAT table memory at [mem 0xd7747000-0xd775b127]
[    0.104823] ACPI: Reserving SLIT table memory at [mem 0xd7746000-0xd774604f]
[    0.104838] ACPI: Reserving HMAT table memory at [mem 0xd7745000-0xd7745297]
[    0.104879] Setting APIC routing to cluster x2apic.
[    0.105062] SRAT: PXM 0 -> APIC 0x0000 -> Node 0
[    0.105075] SRAT: PXM 0 -> APIC 0x0002 -> Node 0
[    0.105088] SRAT: PXM 0 -> APIC 0x0008 -> Node 0
[    0.105101] SRAT: PXM 0 -> APIC 0x000a -> Node 0
[    0.105114] SRAT: PXM 0 -> APIC 0x0100 -> Node 0
[    0.105127] SRAT: PXM 0 -> APIC 0x0102 -> Node 0
[    0.105140] SRAT: PXM 0 -> APIC 0x0108 -> Node 0
[    0.105153] SRAT: PXM 0 -> APIC 0x010a -> Node 0
[    0.105166] SRAT: PXM 0 -> APIC 0x0200 -> Node 0
[    0.105180] SRAT: PXM 0 -> APIC 0x0202 -> Node 0
[    0.105193] SRAT: PXM 0 -> APIC 0x0208 -> Node 0
[    0.105206] SRAT: PXM 0 -> APIC 0x020a -> Node 0
[    0.105219] SRAT: PXM 0 -> APIC 0x0300 -> Node 0
[    0.105232] SRAT: PXM 0 -> APIC 0x0302 -> Node 0
[    0.105245] SRAT: PXM 0 -> APIC 0x0308 -> Node 0
[    0.105258] SRAT: PXM 0 -> APIC 0x030a -> Node 0
[    0.105414] ACPI: SRAT: Node 0 PXM 0 [mem 0x00000000-0xdfffffff]
[    0.105428] ACPI: SRAT: Node 0 PXM 0 [mem 0x100000000-0x3fffffffff]
[    0.105480] ACPI: SRAT: Node 1 PXM 5 [mem 0x20000000000-0x200ffffffff]
[    0.105504] NUMA: Initialized distance table, cnt=2
[    0.105517] NUMA: Node 0 [mem 0x00000000-0xdfffffff] + [mem 0x100000000-0x3ffeffffff] -> [mem 0x00000000-0x3ffeffffff]
[    0.105559] NODE_DATA(0) allocated [mem 0x3fb6fc1000-0x3fb6febfff]
[    0.106569] Reserving 512MB of memory at 2432MB for crashkernel (System RAM: 261362MB)
[    0.107342] Zone ranges:
[    0.107354]   DMA      [mem 0x0000000000001000-0x0000000000ffffff]
[    0.107378]   DMA32    [mem 0x0000000001000000-0x00000000ffffffff]
[    0.107402]   Normal   [mem 0x0000000100000000-0x0000003ffeffffff]
[    0.107426]   Device   empty
[    0.107449] Movable zone start for each node
[    0.107466] Early memory node ranges
[    0.107478]   node   0: [mem 0x0000000000001000-0x000000000009ffff]
[    0.107491]   node   0: [mem 0x0000000000100000-0x00000000bb779fff]
[    0.107505]   node   0: [mem 0x00000000bcd2e000-0x00000000bd0ebfff]
[    0.107519]   node   0: [mem 0x00000000bd284000-0x00000000bd41bfff]
[    0.107532]   node   0: [mem 0x00000000bd856000-0x00000000bda5dfff]
[    0.107546]   node   0: [mem 0x00000000bdb77000-0x00000000bdc8ffff]
[    0.107559]   node   0: [mem 0x00000000bdfbc000-0x00000000bf434fff]
[    0.107573]   node   0: [mem 0x00000000c0636000-0x00000000cba02fff]
[    0.107586]   node   0: [mem 0x00000000cba05000-0x00000000cba05fff]
[    0.107600]   node   0: [mem 0x00000000cba4e000-0x00000000cba4efff]
[    0.107613]   node   0: [mem 0x00000000cba57000-0x00000000cba57fff]
[    0.107627]   node   0: [mem 0x00000000cd42b000-0x00000000cd42bfff]
[    0.107640]   node   0: [mem 0x00000000cd42d000-0x00000000cd42dfff]
[    0.107653]   node   0: [mem 0x00000000cd640000-0x00000000cd6befff]
[    0.107667]   node   0: [mem 0x00000000cd6c0000-0x00000000ce51efff]
[    0.107680]   node   0: [mem 0x00000000cf120000-0x00000000cf132fff]
[    0.107694]   node   0: [mem 0x00000000cf734000-0x00000000d27dcfff]
[    0.107707]   node   0: [mem 0x00000000d284e000-0x00000000d2894fff]
[    0.107721]   node   0: [mem 0x00000000d2897000-0x00000000d2976fff]
[    0.107734]   node   0: [mem 0x00000000d2979000-0x00000000d2f54fff]
[    0.107748]   node   0: [mem 0x00000000d2f5e000-0x00000000d34bbfff]
[    0.107761]   node   0: [mem 0x00000000d3abc000-0x00000000d3c5ffff]
[    0.107775]   node   0: [mem 0x00000000d3c7c000-0x00000000d69cefff]
[    0.107788]   node   0: [mem 0x00000000d77ff000-0x00000000d77fffff]
[    0.107802]   node   0: [mem 0x0000000100000000-0x0000003ffeffffff]
[    0.107884] Initmem setup node 0 [mem 0x0000000000001000-0x0000003ffeffffff]
[    0.107905] On node 0, zone DMA: 1 pages in unavailable ranges
[    0.107972] On node 0, zone DMA: 96 pages in unavailable ranges
[    0.118546] On node 0, zone DMA32: 5556 pages in unavailable ranges
[    0.118577] On node 0, zone DMA32: 408 pages in unavailable ranges
[    0.118631] On node 0, zone DMA32: 1082 pages in unavailable ranges
[    0.118657] On node 0, zone DMA32: 281 pages in unavailable ranges
[    0.118767] On node 0, zone DMA32: 812 pages in unavailable ranges
[    0.119548] On node 0, zone DMA32: 4609 pages in unavailable ranges
[    0.119562] On node 0, zone DMA32: 2 pages in unavailable ranges
[    0.119577] On node 0, zone DMA32: 72 pages in unavailable ranges
[    0.119591] On node 0, zone DMA32: 8 pages in unavailable ranges
[    0.119809] On node 0, zone DMA32: 6611 pages in unavailable ranges
[    0.119822] On node 0, zone DMA32: 1 pages in unavailable ranges
[    0.119853] On node 0, zone DMA32: 530 pages in unavailable ranges
[    0.119917] On node 0, zone DMA32: 1 pages in unavailable ranges
[    0.120025] On node 0, zone DMA32: 3073 pages in unavailable ranges
[    0.120256] On node 0, zone DMA32: 1537 pages in unavailable ranges
[    0.120273] On node 0, zone DMA32: 113 pages in unavailable ranges
[    0.120290] On node 0, zone DMA32: 2 pages in unavailable ranges
[    0.120323] On node 0, zone DMA32: 2 pages in unavailable ranges
[    0.120355] On node 0, zone DMA32: 9 pages in unavailable ranges
[    0.120422] On node 0, zone DMA32: 1536 pages in unavailable ranges
[    0.120594] On node 0, zone DMA32: 28 pages in unavailable ranges
[    0.120720] On node 0, zone DMA32: 3632 pages in unavailable ranges
[    1.018110] On node 0, zone Normal: 2048 pages in unavailable ranges
[    1.018250] On node 0, zone Normal: 4096 pages in unavailable ranges
[    1.023130] ACPI: PM-Timer IO Port: 0x508
[    1.023150] ACPI: X2APIC_NMI (uid[0xffffffff] high edge lint[0x1])
[    1.023164] ACPI: LAPIC_NMI (acpi_id[0xff] high edge lint[0x1])
[    1.023179] IOAPIC[0]: apic_id 8, version 32, address 0xfec00000, GSI 0-23
[    1.023194] ACPI: INT_SRC_OVR (bus 0 bus_irq 0 global_irq 2 dfl dfl)
[    1.023208] ACPI: INT_SRC_OVR (bus 0 bus_irq 9 global_irq 9 high level)
[    1.023225] ACPI: Using ACPI (MADT) for SMP configuration information
[    1.023238] ACPI: HPET id: 0x8086a701 base: 0xfed00000
[    1.023255] ACPI: SPCR: console: uart,io,0x3f8,115200
[    1.023268] TSC deadline timer available
[    1.023280] smpboot: Allowing 16 CPUs, 0 hotplug CPUs
[    1.023639] PM: hibernation: Registered nosave memory: [mem 0x00000000-0x00000fff]
[    1.023660] PM: hibernation: Registered nosave memory: [mem 0x000a0000-0x000fffff]
[    1.023682] PM: hibernation: Registered nosave memory: [mem 0xbb77a000-0xbcd2dfff]
[    1.023704] PM: hibernation: Registered nosave memory: [mem 0xbd0ec000-0xbd283fff]
[    1.023725] PM: hibernation: Registered nosave memory: [mem 0xbd41c000-0xbd855fff]
[    1.023747] PM: hibernation: Registered nosave memory: [mem 0xbda5e000-0xbdb76fff]
[    1.023769] PM: hibernation: Registered nosave memory: [mem 0xbdc90000-0xbdfbbfff]
[    1.023791] PM: hibernation: Registered nosave memory: [mem 0xbf435000-0xc0635fff]
[    1.023814] PM: hibernation: Registered nosave memory: [mem 0xcba03000-0xcba04fff]
[    1.023836] PM: hibernation: Registered nosave memory: [mem 0xcba06000-0xcba4dfff]
[    1.023858] PM: hibernation: Registered nosave memory: [mem 0xcba4f000-0xcba56fff]
[    1.023880] PM: hibernation: Registered nosave memory: [mem 0xcba58000-0xcd42afff]
[    1.023903] PM: hibernation: Registered nosave memory: [mem 0xcd42c000-0xcd42cfff]
[    1.023926] PM: hibernation: Registered nosave memory: [mem 0xcd42e000-0xcd63ffff]
[    1.023948] PM: hibernation: Registered nosave memory: [mem 0xcd6bf000-0xcd6bffff]
[    1.023971] PM: hibernation: Registered nosave memory: [mem 0xce51f000-0xcf11ffff]
[    1.023994] PM: hibernation: Registered nosave memory: [mem 0xcf133000-0xcf732fff]
[    1.024007] PM: hibernation: Registered nosave memory: [mem 0xcf733000-0xcf733fff]
[    1.024030] PM: hibernation: Registered nosave memory: [mem 0xd27dd000-0xd284dfff]
[    1.024053] PM: hibernation: Registered nosave memory: [mem 0xd2895000-0xd2896fff]
[    1.024076] PM: hibernation: Registered nosave memory: [mem 0xd2977000-0xd2978fff]
[    1.024100] PM: hibernation: Registered nosave memory: [mem 0xd2f55000-0xd2f5dfff]
[    1.024123] PM: hibernation: Registered nosave memory: [mem 0xd34bc000-0xd3abbfff]
[    1.024147] PM: hibernation: Registered nosave memory: [mem 0xd3c60000-0xd3c7bfff]
[    1.024170] PM: hibernation: Registered nosave memory: [mem 0xd69cf000-0xd6ccefff]
[    1.024184] PM: hibernation: Registered nosave memory: [mem 0xd6ccf000-0xd76fefff]
[    1.024197] PM: hibernation: Registered nosave memory: [mem 0xd76ff000-0xd77fefff]
[    1.024220] PM: hibernation: Registered nosave memory: [mem 0xd7800000-0xdfffffff]
[    1.024234] PM: hibernation: Registered nosave memory: [mem 0xe0000000-0xf282ffff]
[    1.024247] PM: hibernation: Registered nosave memory: [mem 0xf2830000-0xf2830fff]
[    1.024261] PM: hibernation: Registered nosave memory: [mem 0xf2831000-0xffffffff]
[    1.024275] [mem 0xe0000000-0xf282ffff] available for PCI devices
[    1.024289] Booting paravirtualized kernel on bare hardware
[    1.024302] clocksource: refined-jiffies: mask: 0xffffffff max_cycles: 0xffffffff, max_idle_ns: 1910969940391419 ns
[    1.037974] setup_percpu: NR_CPUS:8192 nr_cpumask_bits:16 nr_cpu_ids:16 nr_node_ids:2
[    1.038064] percpu: Embedded 54 pages/cpu s183080 r8192 d29912 u262144
[    1.038135] pcpu-alloc: s183080 r8192 d29912 u262144 alloc=1*2097152
[    1.038160] pcpu-alloc: [0] 00 01 02 03 04 05 06 07 [0] 08 09 10 11 12 13 14 15 
[    1.038609] Built 1 zonelists, mobility grouping on.  Total pages: 65863266
[    1.038622] Policy zone: Normal
[    1.038634] Kernel command line: BOOT_IMAGE=(hd1,gpt2)/vmlinuz-5.14.0-1b4f3dfb4792-g1b4f3dfb4792 root=/dev/mapper/cs-root ro crashkernel=1G-4G:192M,4G-64G:256M,64G-:512M resume=/dev/mapper/cs-swap rd.lvm.lv=cs/root rd.lvm.lv=cs/swap rhgb quiet console=tty0 console=ttyS0,115200n8 intel_iommu=on,sm_on initcall_debug log_buf_len=200M no_console_suspend ignore_loglevel selinux=0 cxl_acpi.dyndbg=+fplm cxl_pci.dyndbg=+fplm cxl_core.dyndbg=+fplm cxl_mem.dyndbg=+fplm cxl_pmem.dyndbg=+fplm cxl_port.dyndbg=+fplm cxl_region.dyndbg=+fplm cxl_test.dyndbg=+fplm cxl_mock.dyndbg=+fplm cxl_mock_mem.dyndbg=+fplm
[    1.038883] DMAR: IOMMU enabled
[    1.038895] DMAR: Intel-IOMMU: scalable mode supported
[    1.039289] Unknown command line parameters: rhgb BOOT_IMAGE=(hd1,gpt2)/vmlinuz-5.14.0-1b4f3dfb4792-g1b4f3dfb4792 crashkernel=1G-4G:192M,4G-64G:256M,64G-:512M intel_iommu=on,sm_on
[    1.039325] Dentry cache hash table entries: 16777216 (order: 15, 134217728 bytes, linear)
[    1.039356] Inode-cache hash table entries: 8388608 (order: 14, 67108864 bytes, linear)
[    1.039540] mem auto-init: stack:off, heap alloc:off, heap free:off
[    1.924551] Memory: 260967004K/267635512K available (20495K kernel code, 60465K rwdata, 10300K rodata, 2672K init, 24832K bss, 6668304K reserved, 0K cma-reserved)
[    1.927771] SLUB: HWalign=64, Order=0-3, MinObjects=0, CPUs=16, Nodes=2
[    1.927785] kmemleak: Kernel memory leak detector disabled
[    1.927818] ftrace: allocating 60549 entries in 237 pages
[    1.956445] ftrace: allocated 237 pages with 6 groups
[    1.956677] rcu: Hierarchical RCU implementation.
[    1.956689] rcu: 	RCU restricting CPUs from NR_CPUS=8192 to nr_cpu_ids=16.
[    1.956702] 	Trampoline variant of Tasks RCU enabled.
[    1.956714] 	Rude variant of Tasks RCU enabled.
[    1.956727] 	Tracing variant of Tasks RCU enabled.
[    1.956739] rcu: RCU calculated value of scheduler-enlistment delay is 100 jiffies.
[    1.956751] rcu: Adjusting geometry for rcu_fanout_leaf=16, nr_cpu_ids=16
[    1.970938] NR_IRQS: 524544, nr_irqs: 552, preallocated irqs: 16
[    1.971699] random: get_random_bytes called from start_kernel+0x4ea/0x6be with crng_init=0
[    1.971763] calling  con_init+0x0/0x22c @ 0 irqs_disabled() 0
[    1.971793] Console: colour dummy device 80x25
[    1.974498] printk: console [tty0] enabled
[    1.974513] initcall con_init+0x0/0x22c returned 0 after 0 usecs, irqs_disabled() 0
[    1.974534] calling  hvc_console_init+0x0/0x14 @ 0 irqs_disabled() 0
[    1.974554] initcall hvc_console_init+0x0/0x14 returned 0 after 0 usecs, irqs_disabled() 0
[    1.974575] calling  univ8250_console_init+0x0/0x27 @ 0 irqs_disabled() 0
[    2.781383] printk: console [ttyS0] enabled
[    2.782401] initcall univ8250_console_init+0x0/0x27 returned 0 after 0 usecs, irqs_disabled() 0
[    2.784466] calling  kgdboc_earlycon_late_init+0x0/0x1d @ 0 irqs_disabled() 0
[    2.786169] initcall kgdboc_earlycon_late_init+0x0/0x1d returned 0 after 0 usecs, irqs_disabled() 0
[    2.788349] ACPI: Core revision 20210730
[    2.817858] clocksource: hpet: mask: 0xffffffff max_cycles: 0xffffffff, max_idle_ns: 76450417870 ns
[    2.820020] APIC: Switch to symmetric I/O mode setup
[    2.821278] DMAR: Host address width 52
[    2.822276] DMAR: DRHD base: 0x0017ff40000000 flags: 0x0
[    2.823619] DMAR: dmar0: reg_base_addr 17ff40000000 ver 8:0 cap f9e8008cee730c06 ecap 7bbfef9ea4f0efdf
[    2.825885] DMAR: DRHD base: 0x0017ff80000000 flags: 0x0
[    2.827228] DMAR: dmar1: reg_base_addr 17ff80000000 ver 8:0 cap f9e8008cee730c06 ecap 7bbfef9ea4f0efdf
[    2.829493] DMAR: DRHD base: 0x0017ffc0000000 flags: 0x0
[    2.830836] DMAR: dmar2: reg_base_addr 17ffc0000000 ver 8:0 cap f9e8008cee730c06 ecap 7bbfef9ea4f0efdf
[    2.833102] DMAR: DRHD base: 0x001ffec0000000 flags: 0x0
[    2.834445] DMAR: dmar3: reg_base_addr 1ffec0000000 ver 8:0 cap f9e8008cee730c06 ecap 7bbfef9ea4f0efdf
[    2.836772] DMAR: DRHD base: 0x001fff00000000 flags: 0x0
[    2.838115] DMAR: dmar4: reg_base_addr 1fff00000000 ver 8:0 cap f9e8008cee730c06 ecap 7bbfef9ea4f0efdf
[    2.840381] DMAR: DRHD base: 0x001fff40000000 flags: 0x0
[    2.841735] DMAR: dmar5: reg_base_addr 1fff40000000 ver 8:0 cap f9e8008cee730c06 ecap 7bbfef9ea4f0efdf
[    2.844061] DMAR: DRHD base: 0x001fff80000000 flags: 0x0
[    2.845405] DMAR: dmar6: reg_base_addr 1fff80000000 ver 8:0 cap f9e8008cee730c06 ecap 7bbfef9ea4f0efdf
[    2.847670] DMAR: DRHD base: 0x0017ff00000000 flags: 0x0
[    2.849013] DMAR: dmar7: reg_base_addr 17ff00000000 ver 8:0 cap f9e8008cee730c06 ecap 7bbfef9ea4f0efdf
[    2.851340] DMAR: ATSR flags: 0x1
[    2.852156] DMAR: ATSR flags: 0x1
[    2.853034] DMAR: SATC flags: 0x0
[    2.853922] DMAR: SATC flags: 0x0
[    2.854800] DMAR-IR: IOAPIC id 8 under DRHD base  0x17ff00000000 IOMMU 7
[    2.856461] DMAR-IR: HPET id 0 under DRHD base 0x17ff00000000
[    2.857963] DMAR-IR: Queued invalidation will be enabled to support x2apic and Intr-remapping.
[    2.862132] DMAR-IR: Enabled IRQ remapping in x2apic mode
[    2.864203] ..TIMER: vector=0x30 apic1=0 pin1=2 apic2=-1 pin2=-1
[    2.870042] clocksource: tsc-early: mask: 0xffffffffffffffff max_cycles: 0x22983777dd9, max_idle_ns: 440795300422 ns
[    2.872578] Calibrating delay loop (skipped), value calculated using timer frequency.. 4800.00 BogoMIPS (lpj=2400000)
[    2.873619] pid_max: default: 32768 minimum: 301
MmEntryPoint ...
ClearRasRegister: Success to get RAS policy.
MmEntryPoint Done
[    2.899636] LSM: Security Framework initializing
[    2.900838] Mount-cache hash table entries: 262144 (order: 9, 2097152 bytes, linear)
[    2.901806] Mountpoint-cache hash table entries: 262144 (order: 9, 2097152 bytes, linear)
[    2.902977] x86/cpu: SGX disabled by BIOS.
[    2.903640] x86/tme: not enabled by BIOS
[    2.904619] CPU0: Thermal monitoring enabled (TM1)
[    2.905619] x86/cpu: User Mode Instruction Prevention (UMIP) activated
[    2.906623] process: using mwait in idle threads
[    2.907620] Last level iTLB entries: 4KB 0, 2MB 0, 4MB 0
[    2.908619] Last level dTLB entries: 4KB 0, 2MB 0, 4MB 0, 1GB 0
[    2.909622] Spectre V1 : Mitigation: usercopy/swapgs barriers and __user pointer sanitization
[    2.910625] Spectre V2 : Mitigation: Enhanced IBRS
[    2.911619] Spectre V2 : Spectre v2 / SpectreRSB mitigation: Filling RSB on context switch
[    2.912622] Spectre V2 : mitigation: Enabling conditional Indirect Branch Prediction Barrier
[    2.913625] Speculative Store Bypass: Mitigation: Speculative Store Bypass disabled via prctl and seccomp
[    2.923525] Freeing SMP alternatives memory: 60K
[    2.923810] smpboot: CPU0: Intel(R) Core TM M7-6Y75 @ 2.00GHZ (family: 0x13, model: 0x0, stepping: 0x0)
[    2.925862] calling  init_hw_perf_events+0x0/0x600 @ 1 irqs_disabled() 0
[    2.926619] Performance Events: XSAVE Architectural LBR,  AnyThread deprecated, generic architected perfmon, 32-deep LBR, full-width counters, Intel PMU driver.
[    2.927619] ... version:                6
[    2.928568] ... bit width:              48
[    2.929619] ... generic registers:      8
[    2.930568] ... value mask:             0000ffffffffffff
[    2.931619] ... max period:             00007fffffffffff
[    2.932619] ... fixed-purpose events:   4
[    2.933568] ... event mask:             0001000f000000ff
[    2.934677] initcall init_hw_perf_events+0x0/0x600 returned 0 after 7812 usecs, irqs_disabled() 0
[    2.935619] calling  init_real_mode+0x0/0x1cf @ 1 irqs_disabled() 0
[    2.936624] initcall init_real_mode+0x0/0x1cf returned 0 after 0 usecs, irqs_disabled() 0
[    2.937619] calling  trace_init_perf_perm_irq_work_exit+0x0/0x13 @ 1 irqs_disabled() 0
[    2.938619] initcall trace_init_perf_perm_irq_work_exit+0x0/0x13 returned 0 after 0 usecs, irqs_disabled() 0
[    2.939619] calling  register_nmi_cpu_backtrace_handler+0x0/0x16 @ 1 irqs_disabled() 0
[    2.940619] initcall register_nmi_cpu_backtrace_handler+0x0/0x16 returned 0 after 0 usecs, irqs_disabled() 0
[    2.941619] calling  kvm_setup_vsyscall_timeinfo+0x0/0xcc @ 1 irqs_disabled() 0
[    2.942619] initcall kvm_setup_vsyscall_timeinfo+0x0/0xcc returned 0 after 0 usecs, irqs_disabled() 0
[    2.943619] calling  spawn_ksoftirqd+0x0/0x39 @ 1 irqs_disabled() 0
[    2.944777] initcall spawn_ksoftirqd+0x0/0x39 returned 0 after 0 usecs, irqs_disabled() 0
[    2.945619] calling  migration_init+0x0/0x34 @ 1 irqs_disabled() 0
[    2.946619] initcall migration_init+0x0/0x34 returned 0 after 0 usecs, irqs_disabled() 0
[    2.947619] calling  srcu_bootup_announce+0x0/0x30 @ 1 irqs_disabled() 0
[    2.948619] rcu: Hierarchical SRCU implementation.
[    2.949619] initcall srcu_bootup_announce+0x0/0x30 returned 0 after 976 usecs, irqs_disabled() 0
[    2.950619] calling  rcu_spawn_gp_kthread+0x0/0x1c3 @ 1 irqs_disabled() 0
[    2.951752] initcall rcu_spawn_gp_kthread+0x0/0x1c3 returned 0 after 0 usecs, irqs_disabled() 0
[    2.952619] calling  check_cpu_stall_init+0x0/0x1b @ 1 irqs_disabled() 0
[    2.953619] initcall check_cpu_stall_init+0x0/0x1b returned 0 after 0 usecs, irqs_disabled() 0
[    2.954619] calling  rcu_sysrq_init+0x0/0x22 @ 1 irqs_disabled() 0
[    2.955619] initcall rcu_sysrq_init+0x0/0x22 returned 0 after 0 usecs, irqs_disabled() 0
[    2.956619] calling  trace_init_flags_sys_enter+0x0/0xf @ 1 irqs_disabled() 0
[    2.957619] initcall trace_init_flags_sys_enter+0x0/0xf returned 0 after 0 usecs, irqs_disabled() 0
[    2.958619] calling  trace_init_flags_sys_exit+0x0/0xf @ 1 irqs_disabled() 0
[    2.959619] initcall trace_init_flags_sys_exit+0x0/0xf returned 0 after 0 usecs, irqs_disabled() 0
[    2.960619] calling  cpu_stop_init+0x0/0xa7 @ 1 irqs_disabled() 0
[    2.961787] initcall cpu_stop_init+0x0/0xa7 returned 0 after 0 usecs, irqs_disabled() 0
[    2.962650] calling  init_kprobes+0x0/0x172 @ 1 irqs_disabled() 0
[    2.964008] initcall init_kprobes+0x0/0x172 returned 0 after 0 usecs, irqs_disabled() 0
[    2.964619] calling  init_events+0x0/0x40 @ 1 irqs_disabled() 0
[    2.965641] initcall init_events+0x0/0x40 returned 0 after 0 usecs, irqs_disabled() 0
[    2.966619] calling  init_trace_printk+0x0/0xc @ 1 irqs_disabled() 0
[    2.967619] initcall init_trace_printk+0x0/0xc returned 0 after 0 usecs, irqs_disabled() 0
[    2.968619] calling  event_trace_enable_again+0x0/0x39 @ 1 irqs_disabled() 0
[    2.969619] initcall event_trace_enable_again+0x0/0x39 returned 0 after 0 usecs, irqs_disabled() 0
[    2.970619] calling  static_call_init+0x0/0x7f @ 1 irqs_disabled() 0
[    2.971619] initcall static_call_init+0x0/0x7f returned 0 after 0 usecs, irqs_disabled() 0
[    2.972619] calling  init_zero_pfn+0x0/0x38 @ 1 irqs_disabled() 0
[    2.973619] initcall init_zero_pfn+0x0/0x38 returned 0 after 0 usecs, irqs_disabled() 0
[    2.974619] calling  dynamic_debug_init+0x0/0x1a7 @ 1 irqs_disabled() 0
[    2.975918] initcall dynamic_debug_init+0x0/0x1a7 returned 0 after 0 usecs, irqs_disabled() 0
[    2.976619] calling  initialize_ptr_random+0x0/0x44 @ 1 irqs_disabled() 0
[    2.977619] initcall initialize_ptr_random+0x0/0x44 returned 0 after 0 usecs, irqs_disabled() 0
[    2.978619] calling  mce_amd_init+0x0/0x1f3 @ 1 irqs_disabled() 0
[    2.979619] initcall mce_amd_init+0x0/0x1f3 returned -19 after 0 usecs, irqs_disabled() 0
[    2.980619] calling  efi_memreserve_root_init+0x0/0x26 @ 1 irqs_disabled() 0
[    2.981619] initcall efi_memreserve_root_init+0x0/0x26 returned 0 after 0 usecs, irqs_disabled() 0
[    2.982619] calling  efi_earlycon_remap_fb+0x0/0x4e @ 1 irqs_disabled() 0
[    2.983619] initcall efi_earlycon_remap_fb+0x0/0x4e returned 0 after 0 usecs, irqs_disabled() 0
[    2.984619] calling  idle_inject_init+0x0/0x11 @ 1 irqs_disabled() 0
[    2.985787] initcall idle_inject_init+0x0/0x11 returned 0 after 0 usecs, irqs_disabled() 0
[    2.987568] smp: Bringing up secondary CPUs ...
[    2.989429] x86: Booting SMP configuration:
[    2.989650] .... node  #0, CPUs:        #1  #2  #3  #4
[    0.863954] smpboot: CPU 4 Converting physical 32 to logical die 2
[    3.049425]   #5  #6
[    0.863954] smpboot: CPU 6 Converting physical 33 to logical die 3
[    3.082391]   #7  #8
[    0.863954] smpboot: CPU 8 Converting physical 64 to logical die 4
[    3.115267]   #9 #10
[    0.863954] smpboot: CPU 10 Converting physical 65 to logical die 5
[    3.148338]  #11 #12
[    0.863954] smpboot: CPU 12 Converting physical 96 to logical die 6
[    3.181327]  #13 #14
[    0.863954] smpboot: CPU 14 Converting physical 97 to logical die 7
[    3.214403]  #15
[    3.225249] smp: Brought up 1 node, 16 CPUs
[    3.226619] smpboot: Max logical packages: 1
[    3.227620] smpboot: Total of 16 processors activated (76800.00 BogoMIPS)
[    3.240973] devtmpfs: initialized
[    3.241706] x86/mm: Memory block size: 2048MB
[    3.246632] calling  bpf_jit_charge_init+0x0/0x35 @ 1 irqs_disabled() 0
[    3.247619] initcall bpf_jit_charge_init+0x0/0x35 returned 0 after 0 usecs, irqs_disabled() 0
[    3.248619] calling  ipc_ns_init+0x0/0x3f @ 1 irqs_disabled() 0
[    3.249620] initcall ipc_ns_init+0x0/0x3f returned 0 after 0 usecs, irqs_disabled() 0
[    3.250619] calling  init_mmap_min_addr+0x0/0x27 @ 1 irqs_disabled() 0
[    3.251619] initcall init_mmap_min_addr+0x0/0x27 returned 0 after 0 usecs, irqs_disabled() 0
[    3.252619] calling  pci_realloc_setup_params+0x0/0x41 @ 1 irqs_disabled() 0
[    3.253619] initcall pci_realloc_setup_params+0x0/0x41 returned 0 after 0 usecs, irqs_disabled() 0
[    3.254619] calling  net_ns_init+0x0/0x111 @ 1 irqs_disabled() 0
[    3.255706] initcall net_ns_init+0x0/0x111 returned 0 after 0 usecs, irqs_disabled() 0
[    3.256650] calling  inet_frag_wq_init+0x0/0x3d @ 1 irqs_disabled() 0
[    3.257693] initcall inet_frag_wq_init+0x0/0x3d returned 0 after 0 usecs, irqs_disabled() 0
[    3.259111] calling  e820__register_nvs_regions+0x0/0x38 @ 1 irqs_disabled() 0
[    3.259619] ACPI: PM: Registering ACPI NVS region [mem 0xcd6bf000-0xcd6bffff] (4096 bytes)
[    3.260619] ACPI: PM: Registering ACPI NVS region [mem 0xce51f000-0xcf11ffff] (12587008 bytes)
[    3.262472] ACPI: PM: Registering ACPI NVS region [mem 0xcf733000-0xcf733fff] (4096 bytes)
[    3.262619] ACPI: PM: Registering ACPI NVS region [mem 0xd6ccf000-0xd76fefff] (10682368 bytes)
[    3.264366] initcall e820__register_nvs_regions+0x0/0x38 returned 0 after 3906 usecs, irqs_disabled() 0
[    3.264619] calling  cpufreq_register_tsc_scaling+0x0/0x2a @ 1 irqs_disabled() 0
[    3.265619] initcall cpufreq_register_tsc_scaling+0x0/0x2a returned 0 after 0 usecs, irqs_disabled() 0
[    3.266619] calling  reboot_init+0x0/0x3d @ 1 irqs_disabled() 0
[    3.267625] initcall reboot_init+0x0/0x3d returned 0 after 0 usecs, irqs_disabled() 0
[    3.268619] calling  init_lapic_sysfs+0x0/0x21 @ 1 irqs_disabled() 0
[    3.269619] initcall init_lapic_sysfs+0x0/0x21 returned 0 after 0 usecs, irqs_disabled() 0
[    3.270619] calling  alloc_frozen_cpus+0x0/0x1e @ 1 irqs_disabled() 0
[    3.271619] initcall alloc_frozen_cpus+0x0/0x1e returned 0 after 0 usecs, irqs_disabled() 0
[    3.272619] calling  cpu_hotplug_pm_sync_init+0x0/0x14 @ 1 irqs_disabled() 0
[    3.273619] initcall cpu_hotplug_pm_sync_init+0x0/0x14 returned 0 after 0 usecs, irqs_disabled() 0
[    3.274619] calling  wq_sysfs_init+0x0/0x2b @ 1 irqs_disabled() 0
[    3.275647] initcall wq_sysfs_init+0x0/0x2b returned 0 after 0 usecs, irqs_disabled() 0
[    3.276619] calling  ksysfs_init+0x0/0x93 @ 1 irqs_disabled() 0
[    3.277627] initcall ksysfs_init+0x0/0x93 returned 0 after 0 usecs, irqs_disabled() 0
[    3.278619] calling  schedutil_gov_init+0x0/0x11 @ 1 irqs_disabled() 0
[    3.279619] initcall schedutil_gov_init+0x0/0x11 returned 0 after 0 usecs, irqs_disabled() 0
[    3.280619] calling  pm_init+0x0/0x73 @ 1 irqs_disabled() 0
[    3.281652] initcall pm_init+0x0/0x73 returned 0 after 0 usecs, irqs_disabled() 0
[    3.282619] calling  pm_disk_init+0x0/0x18 @ 1 irqs_disabled() 0
[    3.283622] initcall pm_disk_init+0x0/0x18 returned 0 after 0 usecs, irqs_disabled() 0
[    3.284619] calling  swsusp_header_init+0x0/0x2c @ 1 irqs_disabled() 0
[    3.285620] initcall swsusp_header_init+0x0/0x2c returned 0 after 0 usecs, irqs_disabled() 0
[    3.286619] calling  rcu_set_runtime_mode+0x0/0x17 @ 1 irqs_disabled() 0
[    3.287620] initcall rcu_set_runtime_mode+0x0/0x17 returned 0 after 0 usecs, irqs_disabled() 0
[    3.288619] calling  init_jiffies_clocksource+0x0/0x18 @ 1 irqs_disabled() 0
[    3.289619] clocksource: jiffies: mask: 0xffffffff max_cycles: 0xffffffff, max_idle_ns: 1911260446275000 ns
[    3.290619] initcall init_jiffies_clocksource+0x0/0x18 returned 0 after 976 usecs, irqs_disabled() 0
[    3.291619] calling  futex_init+0x0/0x11d @ 1 irqs_disabled() 0
[    3.292620] futex hash table entries: 4096 (order: 6, 262144 bytes, linear)
[    3.293667] initcall futex_init+0x0/0x11d returned 0 after 976 usecs, irqs_disabled() 0
[    3.294619] calling  cgroup_wq_init+0x0/0x29 @ 1 irqs_disabled() 0
[    3.295623] initcall cgroup_wq_init+0x0/0x29 returned 0 after 0 usecs, irqs_disabled() 0
[    3.296619] calling  cgroup1_wq_init+0x0/0x29 @ 1 irqs_disabled() 0
[    3.297623] initcall cgroup1_wq_init+0x0/0x29 returned 0 after 0 usecs, irqs_disabled() 0
[    3.298619] calling  ftrace_mod_cmd_init+0x0/0xc @ 1 irqs_disabled() 0
[    3.299619] initcall ftrace_mod_cmd_init+0x0/0xc returned 0 after 0 usecs, irqs_disabled() 0
[    3.300619] calling  init_wakeup_tracer+0x0/0x2d @ 1 irqs_disabled() 0
[    3.301620] initcall init_wakeup_tracer+0x0/0x2d returned 0 after 0 usecs, irqs_disabled() 0
[    3.302619] calling  init_graph_trace+0x0/0x5d @ 1 irqs_disabled() 0
[    3.303620] initcall init_graph_trace+0x0/0x5d returned 0 after 0 usecs, irqs_disabled() 0
[    3.304619] calling  trace_events_synth_init_early+0x0/0x23 @ 1 irqs_disabled() 0
[    3.305619] initcall trace_events_synth_init_early+0x0/0x23 returned 0 after 0 usecs, irqs_disabled() 0
[    3.306619] calling  init_kprobe_trace_early+0x0/0x26 @ 1 irqs_disabled() 0
[    3.307619] initcall init_kprobe_trace_early+0x0/0x26 returned 0 after 0 usecs, irqs_disabled() 0
[    3.308619] calling  mem_cgroup_swap_init+0x0/0x56 @ 1 irqs_disabled() 0
[    3.309620] initcall mem_cgroup_swap_init+0x0/0x56 returned 0 after 0 usecs, irqs_disabled() 0
[    3.310619] calling  memory_failure_init+0x0/0xc1 @ 1 irqs_disabled() 0
[    3.311620] initcall memory_failure_init+0x0/0xc1 returned 0 after 0 usecs, irqs_disabled() 0
[    3.312619] calling  cma_init_reserved_areas+0x0/0x1e6 @ 1 irqs_disabled() 0
[    3.313619] initcall cma_init_reserved_areas+0x0/0x1e6 returned 0 after 0 usecs, irqs_disabled() 0
[    3.314619] calling  fsnotify_init+0x0/0x49 @ 1 irqs_disabled() 0
[    3.315625] initcall fsnotify_init+0x0/0x49 returned 0 after 0 usecs, irqs_disabled() 0
[    3.316619] calling  filelock_init+0x0/0xb8 @ 1 irqs_disabled() 0
[    3.317638] initcall filelock_init+0x0/0xb8 returned 0 after 0 usecs, irqs_disabled() 0
[    3.318619] calling  init_script_binfmt+0x0/0x16 @ 1 irqs_disabled() 0
[    3.319619] initcall init_script_binfmt+0x0/0x16 returned 0 after 0 usecs, irqs_disabled() 0
[    3.320619] calling  init_elf_binfmt+0x0/0x16 @ 1 irqs_disabled() 0
[    3.321619] initcall init_elf_binfmt+0x0/0x16 returned 0 after 0 usecs, irqs_disabled() 0
[    3.322619] calling  init_compat_elf_binfmt+0x0/0x16 @ 1 irqs_disabled() 0
[    3.323619] initcall init_compat_elf_binfmt+0x0/0x16 returned 0 after 0 usecs, irqs_disabled() 0
[    3.324619] calling  configfs_init+0x0/0x94 @ 1 irqs_disabled() 0
[    3.325621] initcall configfs_init+0x0/0x94 returned 0 after 0 usecs, irqs_disabled() 0
[    3.326619] calling  debugfs_init+0x0/0x5d @ 1 irqs_disabled() 0
[    3.327620] initcall debugfs_init+0x0/0x5d returned 0 after 0 usecs, irqs_disabled() 0
[    3.328619] calling  tracefs_init+0x0/0x3b @ 1 irqs_disabled() 0
[    3.329631] initcall tracefs_init+0x0/0x3b returned 0 after 0 usecs, irqs_disabled() 0
[    3.330619] calling  securityfs_init+0x0/0x69 @ 1 irqs_disabled() 0
[    3.331654] initcall securityfs_init+0x0/0x69 returned 0 after 0 usecs, irqs_disabled() 0
[    3.332619] calling  register_xor_blocks+0x0/0x9d @ 1 irqs_disabled() 0
[    3.333619] initcall register_xor_blocks+0x0/0x9d returned 0 after 0 usecs, irqs_disabled() 0
[    3.334619] calling  prandom_init_early+0x0/0x155 @ 1 irqs_disabled() 0
[    3.335620] initcall prandom_init_early+0x0/0x155 returned 0 after 0 usecs, irqs_disabled() 0
[    3.336619] calling  pinctrl_init+0x0/0xae @ 1 irqs_disabled() 0
[    3.337619] pinctrl core: initialized pinctrl subsystem
[    3.338633] initcall pinctrl_init+0x0/0xae returned 0 after 976 usecs, irqs_disabled() 0
[    3.339619] calling  gpiolib_dev_init+0x0/0xfd @ 1 irqs_disabled() 0
[    3.340630] initcall gpiolib_dev_init+0x0/0xfd returned 0 after 0 usecs, irqs_disabled() 0
[    3.341619] calling  virtio_init+0x0/0x20 @ 1 irqs_disabled() 0
[    3.342625] initcall virtio_init+0x0/0x20 returned 0 after 0 usecs, irqs_disabled() 0
[    3.343619] calling  iommu_init+0x0/0x30 @ 1 irqs_disabled() 0
[    3.344621] 
[    3.345014] *************************************************************
[    3.345619] **     NOTICE NOTICE NOTICE NOTICE NOTICE NOTICE NOTICE    **
[    3.346619] **                                                         **
[    3.347619] **  IOMMU DebugFS SUPPORT HAS BEEN ENABLED IN THIS KERNEL  **
[    3.348619] **                                                         **
[    3.349619] ** This means that this kernel is built to expose internal **
[    3.350619] ** IOMMU data structures, which may compromise security on **
[    3.351619] ** your system.                                            **
[    3.352619] **                                                         **
[    3.353619] ** If you see this message and you are not debugging the   **
[    3.354619] ** kernel, report this immediately to your vendor!         **
[    3.355619] **                                                         **
[    3.356619] **     NOTICE NOTICE NOTICE NOTICE NOTICE NOTICE NOTICE    **
[    3.357619] *************************************************************
[    3.358619] initcall iommu_init+0x0/0x30 returned 0 after 13671 usecs, irqs_disabled() 0
[    3.359619] calling  component_debug_init+0x0/0x1d @ 1 irqs_disabled() 0
[    3.360620] initcall component_debug_init+0x0/0x1d returned 0 after 0 usecs, irqs_disabled() 0
[    3.361619] calling  opp_debug_init+0x0/0x1d @ 1 irqs_disabled() 0
[    3.362620] initcall opp_debug_init+0x0/0x1d returned 0 after 0 usecs, irqs_disabled() 0
[    3.363619] calling  cpufreq_core_init+0x0/0x63 @ 1 irqs_disabled() 0
[    3.364620] initcall cpufreq_core_init+0x0/0x63 returned 0 after 0 usecs, irqs_disabled() 0
[    3.365619] calling  cpufreq_gov_performance_init+0x0/0x11 @ 1 irqs_disabled() 0
[    3.366619] initcall cpufreq_gov_performance_init+0x0/0x11 returned 0 after 0 usecs, irqs_disabled() 0
[    3.367619] calling  cpufreq_gov_powersave_init+0x0/0x11 @ 1 irqs_disabled() 0
[    3.368619] initcall cpufreq_gov_powersave_init+0x0/0x11 returned 0 after 0 usecs, irqs_disabled() 0
[    3.369619] calling  cpufreq_gov_userspace_init+0x0/0x11 @ 1 irqs_disabled() 0
[    3.370619] initcall cpufreq_gov_userspace_init+0x0/0x11 returned 0 after 0 usecs, irqs_disabled() 0
[    3.371619] calling  CPU_FREQ_GOV_ONDEMAND_init+0x0/0x11 @ 1 irqs_disabled() 0
[    3.372619] initcall CPU_FREQ_GOV_ONDEMAND_init+0x0/0x11 returned 0 after 0 usecs, irqs_disabled() 0
[    3.373619] calling  CPU_FREQ_GOV_CONSERVATIVE_init+0x0/0x11 @ 1 irqs_disabled() 0
[    3.374619] initcall CPU_FREQ_GOV_CONSERVATIVE_init+0x0/0x11 returned 0 after 0 usecs, irqs_disabled() 0
[    3.375619] calling  cpuidle_init+0x0/0x20 @ 1 irqs_disabled() 0
[    3.376623] initcall cpuidle_init+0x0/0x20 returned 0 after 0 usecs, irqs_disabled() 0
[    3.377619] calling  capsule_reboot_register+0x0/0x11 @ 1 irqs_disabled() 0
[    3.378660] initcall capsule_reboot_register+0x0/0x11 returned 0 after 0 usecs, irqs_disabled() 0
[    3.379619] calling  sock_init+0x0/0x94 @ 1 irqs_disabled() 0
[    3.381223] initcall sock_init+0x0/0x94 returned 0 after 0 usecs, irqs_disabled() 0
[    3.381619] calling  net_inuse_init+0x0/0x24 @ 1 irqs_disabled() 0
[    3.382622] initcall net_inuse_init+0x0/0x24 returned 0 after 0 usecs, irqs_disabled() 0
[    3.383619] calling  net_defaults_init+0x0/0x24 @ 1 irqs_disabled() 0
[    3.384619] initcall net_defaults_init+0x0/0x24 returned 0 after 0 usecs, irqs_disabled() 0
[    3.385619] calling  init_default_flow_dissectors+0x0/0x50 @ 1 irqs_disabled() 0
[    3.386619] initcall init_default_flow_dissectors+0x0/0x50 returned 0 after 0 usecs, irqs_disabled() 0
[    3.387619] calling  netpoll_init+0x0/0x46 @ 1 irqs_disabled() 0
[    3.388619] initcall netpoll_init+0x0/0x46 returned 0 after 0 usecs, irqs_disabled() 0
[    3.389619] calling  netlink_proto_init+0x0/0x17f @ 1 irqs_disabled() 0
[    3.390645] NET: Registered PF_NETLINK/PF_ROUTE protocol family
[    3.391624] initcall netlink_proto_init+0x0/0x17f returned 0 after 976 usecs, irqs_disabled() 0
[    3.392619] calling  genl_init+0x0/0x36 @ 1 irqs_disabled() 0
[    3.393621] initcall genl_init+0x0/0x36 returned 0 after 0 usecs, irqs_disabled() 0
[    3.394619] calling  bsp_pm_check_init+0x0/0x14 @ 1 irqs_disabled() 0
[    3.395619] initcall bsp_pm_check_init+0x0/0x14 returned 0 after 0 usecs, irqs_disabled() 0
[    3.397080] calling  irq_sysfs_init+0x0/0x94 @ 1 irqs_disabled() 0
[    3.397828] initcall irq_sysfs_init+0x0/0x94 returned 0 after 0 usecs, irqs_disabled() 0
[    3.398619] calling  audit_init+0x0/0x1c6 @ 1 irqs_disabled() 0
[    3.399620] audit: initializing netlink subsys (disabled)
[    3.400713] initcall audit_init+0x0/0x1c6 returned 0 after 976 usecs, irqs_disabled() 0
[    3.400818] audit: type=2000 audit(1622937246.566:1): state=initialized audit_enabled=0 res=1
[    3.401650] calling  release_early_probes+0x0/0x38 @ 1 irqs_disabled() 0
[    3.403619] initcall release_early_probes+0x0/0x38 returned 0 after 0 usecs, irqs_disabled() 0
[    3.404619] calling  bdi_class_init+0x0/0x49 @ 1 irqs_disabled() 0
[    3.405634] initcall bdi_class_init+0x0/0x49 returned 0 after 0 usecs, irqs_disabled() 0
[    3.406619] calling  mm_sysfs_init+0x0/0x29 @ 1 irqs_disabled() 0
[    3.407620] initcall mm_sysfs_init+0x0/0x29 returned 0 after 0 usecs, irqs_disabled() 0
[    3.408619] calling  init_per_zone_wmark_min+0x0/0x75 @ 1 irqs_disabled() 0
[    3.409624] initcall init_per_zone_wmark_min+0x0/0x75 returned 0 after 0 usecs, irqs_disabled() 0
[    3.410619] calling  mpi_init+0x0/0x50 @ 1 irqs_disabled() 0
[    3.411620] initcall mpi_init+0x0/0x50 returned 0 after 0 usecs, irqs_disabled() 0
[    3.412619] calling  kobject_uevent_init+0x0/0xc @ 1 irqs_disabled() 0
[    3.413621] initcall kobject_uevent_init+0x0/0xc returned 0 after 0 usecs, irqs_disabled() 0
[    3.414619] calling  gpiolib_sysfs_init+0x0/0xa0 @ 1 irqs_disabled() 0
[    3.415623] initcall gpiolib_sysfs_init+0x0/0xa0 returned 0 after 0 usecs, irqs_disabled() 0
[    3.416619] calling  acpi_gpio_setup_params+0x0/0x68 @ 1 irqs_disabled() 0
[    3.417620] initcall acpi_gpio_setup_params+0x0/0x68 returned 0 after 0 usecs, irqs_disabled() 0
[    3.418619] calling  pcibus_class_init+0x0/0x18 @ 1 irqs_disabled() 0
[    3.419622] initcall pcibus_class_init+0x0/0x18 returned 0 after 0 usecs, irqs_disabled() 0
[    3.420619] calling  pci_driver_init+0x0/0x22 @ 1 irqs_disabled() 0
[    3.421643] initcall pci_driver_init+0x0/0x22 returned 0 after 0 usecs, irqs_disabled() 0
[    3.422619] calling  backlight_class_init+0x0/0xa6 @ 1 irqs_disabled() 0
[    3.423622] initcall backlight_class_init+0x0/0xa6 returned 0 after 0 usecs, irqs_disabled() 0
[    3.424619] calling  tty_class_init+0x0/0x34 @ 1 irqs_disabled() 0
[    3.425622] initcall tty_class_init+0x0/0x34 returned 0 after 0 usecs, irqs_disabled() 0
[    3.426619] calling  vtconsole_class_init+0x0/0xd8 @ 1 irqs_disabled() 0
[    3.427648] initcall vtconsole_class_init+0x0/0xd8 returned 0 after 0 usecs, irqs_disabled() 0
[    3.428619] calling  iommu_dev_init+0x0/0x18 @ 1 irqs_disabled() 0
[    3.429622] initcall iommu_dev_init+0x0/0x18 returned 0 after 0 usecs, irqs_disabled() 0
[    3.430619] calling  mipi_dsi_bus_init+0x0/0x11 @ 1 irqs_disabled() 0
[    3.431625] initcall mipi_dsi_bus_init+0x0/0x11 returned 0 after 0 usecs, irqs_disabled() 0
[    3.432619] calling  devlink_class_init+0x0/0x41 @ 1 irqs_disabled() 0
[    3.433622] initcall devlink_class_init+0x0/0x41 returned 0 after 0 usecs, irqs_disabled() 0
[    3.434619] calling  software_node_init+0x0/0x2b @ 1 irqs_disabled() 0
[    3.435620] initcall software_node_init+0x0/0x2b returned 0 after 0 usecs, irqs_disabled() 0
[    3.436619] calling  wakeup_sources_debugfs_init+0x0/0x24 @ 1 irqs_disabled() 0
[    3.437620] initcall wakeup_sources_debugfs_init+0x0/0x24 returned 0 after 0 usecs, irqs_disabled() 0
[    3.438619] calling  wakeup_sources_sysfs_init+0x0/0x30 @ 1 irqs_disabled() 0
[    3.439622] initcall wakeup_sources_sysfs_init+0x0/0x30 returned 0 after 0 usecs, irqs_disabled() 0
[    3.440619] calling  register_node_type+0x0/0x2f @ 1 irqs_disabled() 0
[    3.441649] initcall register_node_type+0x0/0x2f returned 0 after 0 usecs, irqs_disabled() 0
[    3.442619] calling  regmap_initcall+0x0/0xd @ 1 irqs_disabled() 0
[    3.443620] initcall regmap_initcall+0x0/0xd returned 0 after 0 usecs, irqs_disabled() 0
[    3.444619] calling  syscon_init+0x0/0x13 @ 1 irqs_disabled() 0
[    3.445624] initcall syscon_init+0x0/0x13 returned 0 after 0 usecs, irqs_disabled() 0
[    3.446619] calling  spi_init+0x0/0x99 @ 1 irqs_disabled() 0
[    3.447639] initcall spi_init+0x0/0x99 returned 0 after 0 usecs, irqs_disabled() 0
[    3.448619] calling  i2c_init+0x0/0xbf @ 1 irqs_disabled() 0
[    3.449631] initcall i2c_init+0x0/0xbf returned 0 after 0 usecs, irqs_disabled() 0
[    3.450619] calling  thermal_init+0x0/0x136 @ 1 irqs_disabled() 0
[    3.451625] thermal_sys: Registered thermal governor 'step_wise'
[    3.451637] thermal_sys: Registered thermal governor 'user_space'
[    3.452622] initcall thermal_init+0x0/0x136 returned 0 after 976 usecs, irqs_disabled() 0
[    3.454619] calling  init_ladder+0x0/0x24 @ 1 irqs_disabled() 0
[    3.455653] cpuidle: using governor ladder
[    3.456650] initcall init_ladder+0x0/0x24 returned 0 after 976 usecs, irqs_disabled() 0
[    3.457619] calling  init_menu+0x0/0x11 @ 1 irqs_disabled() 0
[    3.458654] cpuidle: using governor menu
[    3.459619] initcall init_menu+0x0/0x11 returned 0 after 976 usecs, irqs_disabled() 0
[    3.460619] calling  init_haltpoll+0x0/0x1d @ 1 irqs_disabled() 0
[    3.461619] initcall init_haltpoll+0x0/0x1d returned 0 after 0 usecs, irqs_disabled() 0
[    3.462619] calling  pcc_init+0x0/0x8d @ 1 irqs_disabled() 0
[    3.463620] initcall pcc_init+0x0/0x8d returned -19 after 0 usecs, irqs_disabled() 0
[    3.464619] calling  amd_postcore_init+0x0/0x11a @ 1 irqs_disabled() 0
[    3.465619] initcall amd_postcore_init+0x0/0x11a returned 0 after 0 usecs, irqs_disabled() 0
[    3.467080] calling  bts_init+0x0/0xbb @ 1 irqs_disabled() 0
[    3.467621] initcall bts_init+0x0/0xbb returned 0 after 0 usecs, irqs_disabled() 0
[    3.468619] calling  pt_init+0x0/0x33c @ 1 irqs_disabled() 0
[    3.470671] initcall pt_init+0x0/0x33c returned 0 after 976 usecs, irqs_disabled() 0
[    3.471650] calling  boot_params_ksysfs_init+0x0/0x296 @ 1 irqs_disabled() 0
[    3.472621] initcall boot_params_ksysfs_init+0x0/0x296 returned 0 after 0 usecs, irqs_disabled() 0
[    3.473619] calling  sbf_init+0x0/0xce @ 1 irqs_disabled() 0
[    3.474619] initcall sbf_init+0x0/0xce returned 0 after 0 usecs, irqs_disabled() 0
[    3.475619] calling  arch_kdebugfs_init+0x0/0x1d @ 1 irqs_disabled() 0
[    3.476620] initcall arch_kdebugfs_init+0x0/0x1d returned 0 after 0 usecs, irqs_disabled() 0
[    3.477619] calling  intel_pconfig_init+0x0/0x82 @ 1 irqs_disabled() 0
[    3.478619] initcall intel_pconfig_init+0x0/0x82 returned 0 after 0 usecs, irqs_disabled() 0
[    3.479619] calling  mtrr_if_init+0x0/0x5e @ 1 irqs_disabled() 0
[    3.480620] initcall mtrr_if_init+0x0/0x5e returned 0 after 0 usecs, irqs_disabled() 0
[    3.481619] calling  activate_jump_labels+0x0/0x32 @ 1 irqs_disabled() 0
[    3.482619] initcall activate_jump_labels+0x0/0x32 returned 0 after 0 usecs, irqs_disabled() 0
[    3.483652] calling  ffh_cstate_init+0x0/0x31 @ 1 irqs_disabled() 0
[    3.484620] initcall ffh_cstate_init+0x0/0x31 returned 0 after 0 usecs, irqs_disabled() 0
[    3.485619] calling  kvm_alloc_cpumask+0x0/0x9d @ 1 irqs_disabled() 0
[    3.486619] initcall kvm_alloc_cpumask+0x0/0x9d returned 0 after 0 usecs, irqs_disabled() 0
[    3.487619] calling  activate_jump_labels+0x0/0x32 @ 1 irqs_disabled() 0
[    3.488619] initcall activate_jump_labels+0x0/0x32 returned 0 after 0 usecs, irqs_disabled() 0
[    3.489619] calling  gigantic_pages_init+0x0/0x20 @ 1 irqs_disabled() 0
[    3.490623] initcall gigantic_pages_init+0x0/0x20 returned 0 after 0 usecs, irqs_disabled() 0
[    3.491619] calling  kcmp_cookies_init+0x0/0x38 @ 1 irqs_disabled() 0
[    3.492621] initcall kcmp_cookies_init+0x0/0x38 returned 0 after 0 usecs, irqs_disabled() 0
[    3.493619] calling  cryptomgr_init+0x0/0x11 @ 1 irqs_disabled() 0
[    3.494619] initcall cryptomgr_init+0x0/0x11 returned 0 after 0 usecs, irqs_disabled() 0
[    3.495619] calling  acpi_pci_init+0x0/0x62 @ 1 irqs_disabled() 0
[    3.496619] ACPI: bus type PCI registered
[    3.497568] acpiphp: ACPI Hot Plug PCI Controller Driver version: 0.5
[    3.498619] initcall acpi_pci_init+0x0/0x62 returned 0 after 1953 usecs, irqs_disabled() 0
[    3.499619] calling  dma_channel_table_init+0x0/0xc5 @ 1 irqs_disabled() 0
[    3.500634] initcall dma_channel_table_init+0x0/0xc5 returned 0 after 0 usecs, irqs_disabled() 0
[    3.501619] calling  dma_bus_init+0x0/0x10d @ 1 irqs_disabled() 0
[    3.502669] initcall dma_bus_init+0x0/0x10d returned 0 after 0 usecs, irqs_disabled() 0
[    3.503619] calling  iommu_dma_init+0x0/0x10 @ 1 irqs_disabled() 0
[    3.504620] initcall iommu_dma_init+0x0/0x10 returned 0 after 0 usecs, irqs_disabled() 0
[    3.505619] calling  dmi_id_init+0x0/0x37d @ 1 irqs_disabled() 0
[    3.506677] initcall dmi_id_init+0x0/0x37d returned 0 after 0 usecs, irqs_disabled() 0
[    3.507619] calling  pci_arch_init+0x0/0x72 @ 1 irqs_disabled() 0
[    3.508772] PCI: MMCONFIG for domain 0000 [bus 00-ff] at [mem 0x100000000000-0x10000fffffff] (base 0x100000000000)
[    3.509620] PCI: MMCONFIG for domain 0001 [bus 00-ff] at [mem 0x100010000000-0x10001fffffff] (base 0x100010000000)
[    3.510620] PCI: MMCONFIG at [mem 0x100000000000-0x10000fffffff] reserved in E820
[    3.511651] PCI: MMCONFIG at [mem 0x100010000000-0x10001fffffff] reserved in E820
[    3.512667] PCI: Using configuration type 1 for base access
[    3.513625] initcall pci_arch_init+0x0/0x72 returned 0 after 4882 usecs, irqs_disabled() 0
[    3.514619] calling  of_platform_default_populate_init+0x0/0x92 @ 1 irqs_disabled() 0
[    3.515619] initcall of_platform_default_populate_init+0x0/0x92 returned -19 after 0 usecs, irqs_disabled() 0
[    3.517080] calling  init_vdso+0x0/0x14 @ 1 irqs_disabled() 0
[    3.517630] initcall init_vdso+0x0/0x14 returned 0 after 0 usecs, irqs_disabled() 0
[    3.518619] calling  sysenter_setup+0x0/0x14 @ 1 irqs_disabled() 0
[    3.519636] initcall sysenter_setup+0x0/0x14 returned 0 after 0 usecs, irqs_disabled() 0
[    3.520619] calling  fixup_ht_bug+0x0/0xa8 @ 1 irqs_disabled() 0
[    3.521619] initcall fixup_ht_bug+0x0/0xa8 returned 0 after 0 usecs, irqs_disabled() 0
[    3.522619] calling  topology_init+0x0/0xd2 @ 1 irqs_disabled() 0
[    3.525342] initcall topology_init+0x0/0xd2 returned 0 after 976 usecs, irqs_disabled() 0
[    3.525619] calling  intel_epb_init+0x0/0x69 @ 1 irqs_disabled() 0
[    3.526642] ENERGY_PERF_BIAS: Set to 'normal', was 'performance'
[    3.528703] initcall intel_epb_init+0x0/0x69 returned 0 after 1953 usecs, irqs_disabled() 0
[    3.529650] calling  mtrr_init_finialize+0x0/0x3f @ 1 irqs_disabled() 0
[    3.530640] initcall mtrr_init_finialize+0x0/0x3f returned 0 after 0 usecs, irqs_disabled() 0
[    3.531619] calling  uid_cache_init+0x0/0x91 @ 1 irqs_disabled() 0
[    3.532621] initcall uid_cache_init+0x0/0x91 returned 0 after 0 usecs, irqs_disabled() 0
[    3.533619] calling  param_sysfs_init+0x0/0x1b2 @ 1 irqs_disabled() 0
[    3.539698] initcall param_sysfs_init+0x0/0x1b2 returned 0 after 4882 usecs, irqs_disabled() 0
[    3.540619] calling  user_namespace_sysctl_init+0x0/0xcf @ 1 irqs_disabled() 0
[    3.541629] initcall user_namespace_sysctl_init+0x0/0xcf returned 0 after 0 usecs, irqs_disabled() 0
[    3.542619] calling  proc_schedstat_init+0x0/0x25 @ 1 irqs_disabled() 0
[    3.543620] initcall proc_schedstat_init+0x0/0x25 returned 0 after 0 usecs, irqs_disabled() 0
[    3.544619] calling  pm_sysrq_init+0x0/0x19 @ 1 irqs_disabled() 0
[    3.545645] initcall pm_sysrq_init+0x0/0x19 returned 0 after 0 usecs, irqs_disabled() 0
[    3.546650] calling  create_proc_profile+0x0/0xd0 @ 1 irqs_disabled() 0
[    3.547642] initcall create_proc_profile+0x0/0xd0 returned 0 after 0 usecs, irqs_disabled() 0
[    3.548619] calling  crash_save_vmcoreinfo_init+0x0/0x675 @ 1 irqs_disabled() 0
[    3.549676] initcall crash_save_vmcoreinfo_init+0x0/0x675 returned 0 after 0 usecs, irqs_disabled() 0
[    3.550619] calling  crash_notes_memory_init+0x0/0x36 @ 1 irqs_disabled() 0
[    3.551620] initcall crash_notes_memory_init+0x0/0x36 returned 0 after 0 usecs, irqs_disabled() 0
[    3.552619] calling  cgroup_sysfs_init+0x0/0x18 @ 1 irqs_disabled() 0
[    3.553621] initcall cgroup_sysfs_init+0x0/0x18 returned 0 after 0 usecs, irqs_disabled() 0
[    3.554619] calling  cgroup_namespaces_init+0x0/0x8 @ 1 irqs_disabled() 0
[    3.555619] initcall cgroup_namespaces_init+0x0/0x8 returned 0 after 0 usecs, irqs_disabled() 0
[    3.556619] calling  user_namespaces_init+0x0/0x2d @ 1 irqs_disabled() 0
[    3.557622] initcall user_namespaces_init+0x0/0x2d returned 0 after 0 usecs, irqs_disabled() 0
[    3.558619] calling  init_optprobes+0x0/0x15 @ 1 irqs_disabled() 0
[    3.559619] Kprobes globally optimized
[    3.560535] initcall init_optprobes+0x0/0x15 returned 0 after 0 usecs, irqs_disabled() 0
[    3.560650] calling  send_signal_irq_work_init+0x0/0x60 @ 1 irqs_disabled() 0
[    3.561620] initcall send_signal_irq_work_init+0x0/0x60 returned 0 after 0 usecs, irqs_disabled() 0
[    3.562619] calling  dev_map_init+0x0/0x52 @ 1 irqs_disabled() 0
[    3.563620] initcall dev_map_init+0x0/0x52 returned 0 after 0 usecs, irqs_disabled() 0
[    3.564619] calling  cpu_map_init+0x0/0x46 @ 1 irqs_disabled() 0
[    3.565620] initcall cpu_map_init+0x0/0x46 returned 0 after 0 usecs, irqs_disabled() 0
[    3.566619] calling  netns_bpf_init+0x0/0x11 @ 1 irqs_disabled() 0
[    3.567619] initcall netns_bpf_init+0x0/0x11 returned 0 after 0 usecs, irqs_disabled() 0
[    3.568619] calling  stack_map_init+0x0/0x65 @ 1 irqs_disabled() 0
[    3.569620] initcall stack_map_init+0x0/0x65 returned 0 after 0 usecs, irqs_disabled() 0
[    3.570619] calling  oom_init+0x0/0x30 @ 1 irqs_disabled() 0
[    3.571690] initcall oom_init+0x0/0x30 returned 0 after 0 usecs, irqs_disabled() 0
[    3.572671] calling  default_bdi_init+0x0/0xa8 @ 1 irqs_disabled() 0
[    3.573723] initcall default_bdi_init+0x0/0xa8 returned 0 after 0 usecs, irqs_disabled() 0
[    3.574650] calling  cgwb_init+0x0/0x29 @ 1 irqs_disabled() 0
[    3.575623] initcall cgwb_init+0x0/0x29 returned 0 after 0 usecs, irqs_disabled() 0
[    3.576619] calling  percpu_enable_async+0x0/0xf @ 1 irqs_disabled() 0
[    3.577619] initcall percpu_enable_async+0x0/0xf returned 0 after 0 usecs, irqs_disabled() 0
[    3.578619] calling  kcompactd_init+0x0/0x92 @ 1 irqs_disabled() 0
[    3.579692] initcall kcompactd_init+0x0/0x92 returned 0 after 0 usecs, irqs_disabled() 0
[    3.580650] calling  init_user_reserve+0x0/0x40 @ 1 irqs_disabled() 0
[    3.581619] initcall init_user_reserve+0x0/0x40 returned 0 after 0 usecs, irqs_disabled() 0
[    3.582619] calling  init_admin_reserve+0x0/0x40 @ 1 irqs_disabled() 0
[    3.583619] initcall init_admin_reserve+0x0/0x40 returned 0 after 0 usecs, irqs_disabled() 0
[    3.584619] calling  init_reserve_notifier+0x0/0x1f @ 1 irqs_disabled() 0
[    3.585619] initcall init_reserve_notifier+0x0/0x1f returned 0 after 0 usecs, irqs_disabled() 0
[    3.586619] calling  swap_init_sysfs+0x0/0x63 @ 1 irqs_disabled() 0
[    3.587621] initcall swap_init_sysfs+0x0/0x63 returned 0 after 0 usecs, irqs_disabled() 0
[    3.588619] calling  swapfile_init+0x0/0x90 @ 1 irqs_disabled() 0
[    3.589619] initcall swapfile_init+0x0/0x90 returned 0 after 0 usecs, irqs_disabled() 0
[    3.590619] calling  hugetlb_init+0x0/0x4e2 @ 1 irqs_disabled() 0
[    3.591623] HugeTLB registered 1.00 GiB page size, pre-allocated 0 pages
[    3.592620] HugeTLB registered 2.00 MiB page size, pre-allocated 0 pages
[    3.593662] initcall hugetlb_init+0x0/0x4e2 returned 0 after 1953 usecs, irqs_disabled() 0
[    3.594619] calling  ksm_init+0x0/0x197 @ 1 irqs_disabled() 0
[    3.595694] initcall ksm_init+0x0/0x197 returned 0 after 0 usecs, irqs_disabled() 0
[    3.596650] calling  hugepage_init+0x0/0x137 @ 1 irqs_disabled() 0
[    3.597715] initcall hugepage_init+0x0/0x137 returned 0 after 0 usecs, irqs_disabled() 0
[    3.598650] calling  mem_cgroup_init+0x0/0x157 @ 1 irqs_disabled() 0
[    3.599620] initcall mem_cgroup_init+0x0/0x157 returned 0 after 0 usecs, irqs_disabled() 0
[    3.600619] calling  io_wq_init+0x0/0x39 @ 1 irqs_disabled() 0
[    3.601619] initcall io_wq_init+0x0/0x39 returned 0 after 0 usecs, irqs_disabled() 0
[    3.602619] calling  seqiv_module_init+0x0/0x11 @ 1 irqs_disabled() 0
[    3.603619] initcall seqiv_module_init+0x0/0x11 returned 0 after 0 usecs, irqs_disabled() 0
[    3.604619] calling  echainiv_module_init+0x0/0x11 @ 1 irqs_disabled() 0
[    3.605619] initcall echainiv_module_init+0x0/0x11 returned 0 after 0 usecs, irqs_disabled() 0
[    3.606619] calling  rsa_init+0x0/0x50 @ 1 irqs_disabled() 0
[    3.607690] initcall rsa_init+0x0/0x50 returned 0 after 0 usecs, irqs_disabled() 0
[    3.608650] calling  sm2_init+0x0/0x20 @ 1 irqs_disabled() 0
[    3.609690] initcall sm2_init+0x0/0x20 returned 0 after 0 usecs, irqs_disabled() 0
[    3.610660] calling  ecdsa_init+0x0/0x80 @ 1 irqs_disabled() 0
[    3.611749] initcall ecdsa_init+0x0/0x80 returned 0 after 0 usecs, irqs_disabled() 0
[    3.612650] calling  crypto_cmac_module_init+0x0/0x11 @ 1 irqs_disabled() 0
[    3.613640] initcall crypto_cmac_module_init+0x0/0x11 returned 0 after 0 usecs, irqs_disabled() 0
[    3.614619] calling  hmac_module_init+0x0/0x11 @ 1 irqs_disabled() 0
[    3.615619] initcall hmac_module_init+0x0/0x11 returned 0 after 0 usecs, irqs_disabled() 0
[    3.616619] calling  crypto_null_mod_init+0x0/0x66 @ 1 irqs_disabled() 0
[    3.617743] initcall crypto_null_mod_init+0x0/0x66 returned 0 after 0 usecs, irqs_disabled() 0
[    3.618660] calling  md5_mod_init+0x0/0x11 @ 1 irqs_disabled() 0
[    3.619711] initcall md5_mod_init+0x0/0x11 returned 0 after 0 usecs, irqs_disabled() 0
[    3.620650] calling  sha1_generic_mod_init+0x0/0x11 @ 1 irqs_disabled() 0
[    3.621711] initcall sha1_generic_mod_init+0x0/0x11 returned 0 after 0 usecs, irqs_disabled() 0
[    3.622650] calling  sha256_generic_mod_init+0x0/0x16 @ 1 irqs_disabled() 0
[    3.623784] initcall sha256_generic_mod_init+0x0/0x16 returned 0 after 0 usecs, irqs_disabled() 0
[    3.624650] calling  sha512_generic_mod_init+0x0/0x16 @ 1 irqs_disabled() 0
[    3.625743] initcall sha512_generic_mod_init+0x0/0x16 returned 0 after 0 usecs, irqs_disabled() 0
[    3.626660] calling  sha3_generic_mod_init+0x0/0x16 @ 1 irqs_disabled() 0
[    3.628732] initcall sha3_generic_mod_init+0x0/0x16 returned 0 after 976 usecs, irqs_disabled() 0
[    3.629650] calling  sm3_generic_mod_init+0x0/0x11 @ 1 irqs_disabled() 0
[    3.630696] initcall sm3_generic_mod_init+0x0/0x11 returned 0 after 0 usecs, irqs_disabled() 0
[    3.631650] calling  streebog_mod_init+0x0/0x16 @ 1 irqs_disabled() 0
[    3.632743] initcall streebog_mod_init+0x0/0x16 returned 0 after 0 usecs, irqs_disabled() 0
[    3.633650] calling  blake2b_mod_init+0x0/0x16 @ 1 irqs_disabled() 0
[    3.634743] initcall blake2b_mod_init+0x0/0x16 returned 0 after 0 usecs, irqs_disabled() 0
[    3.635650] calling  crypto_ecb_module_init+0x0/0x11 @ 1 irqs_disabled() 0
[    3.636640] initcall crypto_ecb_module_init+0x0/0x11 returned 0 after 0 usecs, irqs_disabled() 0
[    3.637619] calling  crypto_cbc_module_init+0x0/0x11 @ 1 irqs_disabled() 0
[    3.638619] initcall crypto_cbc_module_init+0x0/0x11 returned 0 after 0 usecs, irqs_disabled() 0
[    3.639619] calling  crypto_ctr_module_init+0x0/0x16 @ 1 irqs_disabled() 0
[    3.640619] initcall crypto_ctr_module_init+0x0/0x16 returned 0 after 0 usecs, irqs_disabled() 0
[    3.641619] calling  crypto_gcm_module_init+0x0/0x65 @ 1 irqs_disabled() 0
[    3.642620] initcall crypto_gcm_module_init+0x0/0x65 returned 0 after 0 usecs, irqs_disabled() 0
[    3.643619] calling  cryptd_init+0x0/0xfd @ 1 irqs_disabled() 0
[    3.644716] cryptd: max_cpu_qlen set to 1000
[    3.645650] initcall cryptd_init+0x0/0xfd returned 0 after 976 usecs, irqs_disabled() 0
[    3.646619] calling  des_generic_mod_init+0x0/0x16 @ 1 irqs_disabled() 0
[    3.647789] initcall des_generic_mod_init+0x0/0x16 returned 0 after 0 usecs, irqs_disabled() 0
[    3.648660] calling  serpent_mod_init+0x0/0x11 @ 1 irqs_disabled() 0
[    3.649652] initcall serpent_mod_init+0x0/0x11 returned 0 after 0 usecs, irqs_disabled() 0
[    3.650660] calling  aes_init+0x0/0x11 @ 1 irqs_disabled() 0
[    3.651662] initcall aes_init+0x0/0x11 returned 0 after 0 usecs, irqs_disabled() 0
[    3.652660] calling  deflate_mod_init+0x0/0x3f @ 1 irqs_disabled() 0
[    3.653696] initcall deflate_mod_init+0x0/0x3f returned 0 after 0 usecs, irqs_disabled() 0
[    3.654660] calling  crc32c_mod_init+0x0/0x11 @ 1 irqs_disabled() 0
[    3.655662] initcall crc32c_mod_init+0x0/0x11 returned 0 after 0 usecs, irqs_disabled() 0
[    3.656660] calling  crc32_mod_init+0x0/0x11 @ 1 irqs_disabled() 0
[    3.657662] initcall crc32_mod_init+0x0/0x11 returned 0 after 0 usecs, irqs_disabled() 0
[    3.658660] calling  crypto_authenc_module_init+0x0/0x11 @ 1 irqs_disabled() 0
[    3.659640] initcall crypto_authenc_module_init+0x0/0x11 returned 0 after 0 usecs, irqs_disabled() 0
[    3.660619] calling  crypto_authenc_esn_module_init+0x0/0x11 @ 1 irqs_disabled() 0
[    3.661619] initcall crypto_authenc_esn_module_init+0x0/0x11 returned 0 after 0 usecs, irqs_disabled() 0
[    3.662619] calling  lzo_mod_init+0x0/0x3a @ 1 irqs_disabled() 0
[    3.663647] initcall lzo_mod_init+0x0/0x3a returned 0 after 0 usecs, irqs_disabled() 0
[    3.664660] calling  lzorle_mod_init+0x0/0x3a @ 1 irqs_disabled() 0
[    3.665662] initcall lzorle_mod_init+0x0/0x3a returned 0 after 0 usecs, irqs_disabled() 0
[    3.666660] calling  xxhash_mod_init+0x0/0x11 @ 1 irqs_disabled() 0
[    3.667662] initcall xxhash_mod_init+0x0/0x11 returned 0 after 0 usecs, irqs_disabled() 0
[    3.668660] calling  drbg_init+0x0/0xca @ 1 irqs_disabled() 0
[    3.671677] initcall drbg_init+0x0/0xca returned 0 after 1953 usecs, irqs_disabled() 0
[    3.672650] calling  ghash_mod_init+0x0/0x11 @ 1 irqs_disabled() 0
[    3.673662] initcall ghash_mod_init+0x0/0x11 returned 0 after 0 usecs, irqs_disabled() 0
[    3.674650] calling  essiv_module_init+0x0/0x11 @ 1 irqs_disabled() 0
[    3.675640] initcall essiv_module_init+0x0/0x11 returned 0 after 0 usecs, irqs_disabled() 0
[    3.676619] calling  curve25519_init+0x0/0x20 @ 1 irqs_disabled() 0
[    3.677677] initcall curve25519_init+0x0/0x20 returned 0 after 0 usecs, irqs_disabled() 0
[    3.678650] calling  ecdh_init+0x0/0x80 @ 1 irqs_disabled() 0
[    3.679679] initcall ecdh_init+0x0/0x80 returned 0 after 0 usecs, irqs_disabled() 0
[    3.680650] calling  init_bio+0x0/0x86 @ 1 irqs_disabled() 0
[    3.681663] initcall init_bio+0x0/0x86 returned 0 after 0 usecs, irqs_disabled() 0
[    3.682619] calling  blk_ioc_init+0x0/0x2a @ 1 irqs_disabled() 0
[    3.683623] initcall blk_ioc_init+0x0/0x2a returned 0 after 0 usecs, irqs_disabled() 0
[    3.684619] calling  blk_mq_init+0x0/0xc0 @ 1 irqs_disabled() 0
[    3.685620] initcall blk_mq_init+0x0/0xc0 returned 0 after 0 usecs, irqs_disabled() 0
[    3.686619] calling  genhd_device_init+0x0/0x5e @ 1 irqs_disabled() 0
[    3.687646] initcall genhd_device_init+0x0/0x5e returned 0 after 0 usecs, irqs_disabled() 0
[    3.688650] calling  blkcg_init+0x0/0x29 @ 1 irqs_disabled() 0
[    3.689663] initcall blkcg_init+0x0/0x29 returned 0 after 0 usecs, irqs_disabled() 0
[    3.690639] calling  bio_crypt_ctx_init+0x0/0x5c @ 1 irqs_disabled() 0
[    3.691657] initcall bio_crypt_ctx_init+0x0/0x5c returned 0 after 0 usecs, irqs_disabled() 0
[    3.692619] calling  raid6_select_algo+0x0/0x2fb @ 1 irqs_disabled() 0
[    3.710621] raid6: avx512x4 gen() 10403 MB/s
[    3.728619] raid6: avx512x4 xor()  6399 MB/s
[    3.746620] raid6: avx512x2 gen() 10861 MB/s
[    3.764619] raid6: avx512x2 xor()  5980 MB/s
[    3.782621] raid6: avx512x1 gen()  9367 MB/s
[    3.800619] raid6: avx512x1 xor()  4882 MB/s
[    3.818621] raid6: avx2x4   gen()  5646 MB/s
[    3.836621] raid6: avx2x4   xor()  3414 MB/s
[    3.854621] raid6: avx2x2   gen()  5582 MB/s
[    3.872622] raid6: avx2x2   xor()  3218 MB/s
[    3.890623] raid6: avx2x1   gen()  4554 MB/s
[    3.908623] raid6: avx2x1   xor()  2572 MB/s
[    3.926625] raid6: sse2x4   gen()  2712 MB/s
[    3.944621] raid6: sse2x4   xor()  1720 MB/s
[    3.962620] raid6: sse2x2   gen()  2743 MB/s
[    3.980619] raid6: sse2x2   xor()  1620 MB/s
[    3.998624] raid6: sse2x1   gen()  2151 MB/s
[    4.016623] raid6: sse2x1   xor()  1293 MB/s
[    4.017619] raid6: using algorithm avx512x2 gen() 10861 MB/s
[    4.018619] raid6: .... xor() 5980 MB/s, rmw enabled
[    4.019619] raid6: using avx512x2 recovery algorithm
[    4.020619] initcall raid6_select_algo+0x0/0x2fb returned 0 after 319335 usecs, irqs_disabled() 0
[    4.021619] calling  irq_poll_setup+0x0/0x71 @ 1 irqs_disabled() 0
[    4.022620] initcall irq_poll_setup+0x0/0x71 returned 0 after 0 usecs, irqs_disabled() 0
[    4.023619] calling  gpiolib_debugfs_init+0x0/0x24 @ 1 irqs_disabled() 0
[    4.024620] initcall gpiolib_debugfs_init+0x0/0x24 returned 0 after 0 usecs, irqs_disabled() 0
[    4.025619] calling  pwm_debugfs_init+0x0/0x24 @ 1 irqs_disabled() 0
[    4.026620] initcall pwm_debugfs_init+0x0/0x24 returned 0 after 0 usecs, irqs_disabled() 0
[    4.027619] calling  pwm_sysfs_init+0x0/0x18 @ 1 irqs_disabled() 0
[    4.028622] initcall pwm_sysfs_init+0x0/0x18 returned 0 after 0 usecs, irqs_disabled() 0
[    4.029619] calling  pci_slot_init+0x0/0x40 @ 1 irqs_disabled() 0
[    4.030620] initcall pci_slot_init+0x0/0x40 returned 0 after 0 usecs, irqs_disabled() 0
[    4.031619] calling  fbmem_init+0x0/0xdb @ 1 irqs_disabled() 0
[    4.032649] initcall fbmem_init+0x0/0xdb returned 0 after 0 usecs, irqs_disabled() 0
[    4.033619] calling  scan_for_dmi_ipmi+0x0/0x26f @ 1 irqs_disabled() 0
[    4.034653] initcall scan_for_dmi_ipmi+0x0/0x26f returned 0 after 0 usecs, irqs_disabled() 0
[    4.035619] calling  acpi_init+0x0/0x493 @ 1 irqs_disabled() 0
[    4.036623] PRM: found 4 modules
[    4.037438] ACPI: Added _OSI(Module Device)
[    4.037620] ACPI: Added _OSI(Processor Device)
[    4.038620] ACPI: Added _OSI(3.0 _SCP Extensions)
[    4.039620] ACPI: Added _OSI(Processor Aggregator Device)
[    4.040620] ACPI: Added _OSI(Linux-Dell-Video)
[    4.041620] ACPI: Added _OSI(Linux-Lenovo-NV-HDMI-Audio)
[    4.042620] ACPI: Added _OSI(Linux-HPI-Hybrid-Graphics)
[    4.959233] ACPI: 11 ACPI AML tables successfully acquired and loaded
[    5.039446] ACPI: Dynamic OEM Table Load:
[    7.514812] ACPI: Dynamic OEM Table Load:
[    9.734404] ACPI: Interpreter enabled
[    9.734650] ACPI: PM: (supports S0 S5)
[    9.735565] ACPI: Using IOAPIC for interrupt routing
[    9.735717] HEST: Table parsing has been initialized.
[    9.736621] PCI: Using host bridge windows from ACPI; if necessary, use "pci=nocrs" and report a bug
[   10.044884] ACPI: Enabled 1 GPEs in block 00 to 7F
[   11.011724] ACPI: PCI Root Bridge [PC00] (domain 0000 [bus 00-0b])
[   11.012623] acpi PNP0A08:00: _OSC: OS supports [ExtendedConfig ASPM ClockPM Segments MSI EDR HPX-Type3]
[   11.018532] acpi PNP0A08:00: _OSC: platform does not support [SHPCHotplug AER DPC]
[   11.018899] acpi PNP0A08:00: _OSC: OS now controls [PCIeHotplug PME PCIeCapability LTR]
[   11.020212] PCI host bridge to bus 0000:00
[   11.020620] pci_bus 0000:00: root bus resource [io  0x1000-0x3fff window]
[   11.021620] pci_bus 0000:00: root bus resource [mem 0xe0000000-0xe3ffffff window]
[   11.022620] pci_bus 0000:00: root bus resource [mem 0x100400000000-0x1010bfbeffff window]
[   11.023620] pci_bus 0000:00: root bus resource [io  0x0780-0x079f window]
[   11.024700] pci_bus 0000:00: root bus resource [io  0x0400-0x041f window]
[   11.025620] pci_bus 0000:00: root bus resource [io  0x0500-0x05ff window]
[   11.026620] pci_bus 0000:00: root bus resource [mem 0xf2800000-0xf2803fff window]
[   11.027620] pci_bus 0000:00: root bus resource [mem 0xf2830000-0xf2830fff window]
[   11.028670] pci_bus 0000:00: root bus resource [mem 0xf3000000-0xf3ffffff window]
[   11.029620] pci_bus 0000:00: root bus resource [bus 00-0b]
[   11.030807] pci 0000:00:00.0: [8086:09a2] type 00 class 0x088000
[   11.032423] pci 0000:00:00.0: reg 0x30: [mem 0xfffff800-0xffffffff pref]
[   11.032786] pci 0000:00:00.0: calling  quirk_igfx_skip_te_disable+0x0/0x50 @ 1
[   11.033620] pci 0000:00:00.0: quirk_igfx_skip_te_disable+0x0/0x50 took 0 usecs
[   11.035451] pci 0000:00:00.4: [8086:0b23] type 00 class 0x000000
[   11.036568] pci 0000:00:00.4: calling  quirk_igfx_skip_te_disable+0x0/0x50 @ 1
[   11.036620] pci 0000:00:00.4: quirk_igfx_skip_te_disable+0x0/0x50 took 0 usecs
[   11.038702] pci 0000:00:01.0: [8086:28c0] type 00 class 0x010400
[   11.039941] pci 0000:00:01.0: reg 0x10: [mem 0x1010bf446000-0x1010bf446fff 64bit]
[   11.040841] pci 0000:00:01.0: reg 0x18: [mem 0x1010bf445000-0x1010bf445fff 64bit]
[   11.041841] pci 0000:00:01.0: reg 0x20: [mem 0x1010bf444000-0x1010bf444fff 64bit]
[   11.042760] pci 0000:00:01.0: reg 0x30: [mem 0xfffff800-0xffffffff pref]
[   11.043786] pci 0000:00:01.0: calling  quirk_igfx_skip_te_disable+0x0/0x50 @ 1
[   11.044620] pci 0000:00:01.0: quirk_igfx_skip_te_disable+0x0/0x50 took 0 usecs
[   11.046662] pci 0000:00:01.1: [8086:09ab] type 00 class 0x088000
[   11.048423] pci 0000:00:01.1: reg 0x30: [mem 0xfffff800-0xffffffff pref]
[   11.048665] pci 0000:00:01.1: calling  quirk_igfx_skip_te_disable+0x0/0x50 @ 1
[   11.049620] pci 0000:00:01.1: quirk_igfx_skip_te_disable+0x0/0x50 took 0 usecs
[   11.050975] pci 0000:00:01.2: [8086:09ab] type 00 class 0x088000
[   11.052423] pci 0000:00:01.2: reg 0x30: [mem 0xfffff800-0xffffffff pref]
[   11.052665] pci 0000:00:01.2: calling  quirk_igfx_skip_te_disable+0x0/0x50 @ 1
[   11.053620] pci 0000:00:01.2: quirk_igfx_skip_te_disable+0x0/0x50 took 0 usecs
[   11.054964] pci 0000:00:01.3: [8086:09ab] type 00 class 0x088000
[   11.056423] pci 0000:00:01.3: reg 0x30: [mem 0xfffff800-0xffffffff pref]
[   11.056665] pci 0000:00:01.3: calling  quirk_igfx_skip_te_disable+0x0/0x50 @ 1
[   11.057620] pci 0000:00:01.3: quirk_igfx_skip_te_disable+0x0/0x50 took 0 usecs
[   11.058964] pci 0000:00:01.4: [8086:09ab] type 00 class 0x088000
[   11.060423] pci 0000:00:01.4: reg 0x30: [mem 0xfffff800-0xffffffff pref]
[   11.060665] pci 0000:00:01.4: calling  quirk_igfx_skip_te_disable+0x0/0x50 @ 1
[   11.061620] pci 0000:00:01.4: quirk_igfx_skip_te_disable+0x0/0x50 took 0 usecs
[   11.062964] pci 0000:00:01.5: [8086:09ab] type 00 class 0x088000
[   11.064423] pci 0000:00:01.5: reg 0x30: [mem 0xfffff800-0xffffffff pref]
[   11.064665] pci 0000:00:01.5: calling  quirk_igfx_skip_te_disable+0x0/0x50 @ 1
[   11.065620] pci 0000:00:01.5: quirk_igfx_skip_te_disable+0x0/0x50 took 0 usecs
[   11.066975] pci 0000:00:01.6: [8086:09ab] type 00 class 0x088000
[   11.068423] pci 0000:00:01.6: reg 0x30: [mem 0xfffff800-0xffffffff pref]
[   11.068665] pci 0000:00:01.6: calling  quirk_igfx_skip_te_disable+0x0/0x50 @ 1
[   11.069620] pci 0000:00:01.6: quirk_igfx_skip_te_disable+0x0/0x50 took 0 usecs
[   11.070964] pci 0000:00:01.7: [8086:09ab] type 00 class 0x088000
[   11.072423] pci 0000:00:01.7: reg 0x30: [mem 0xfffff800-0xffffffff pref]
[   11.072665] pci 0000:00:01.7: calling  quirk_igfx_skip_te_disable+0x0/0x50 @ 1
[   11.073620] pci 0000:00:01.7: quirk_igfx_skip_te_disable+0x0/0x50 took 0 usecs
[   11.075056] pci 0000:00:02.0: [8086:09a6] type 00 class 0x088000
[   11.075901] pci 0000:00:02.0: reg 0x10: [mem 0x1010bf300000-0x1010bf3fffff 64bit]
[   11.077308] pci 0000:00:02.0: calling  quirk_igfx_skip_te_disable+0x0/0x50 @ 1
[   11.077620] pci 0000:00:02.0: quirk_igfx_skip_te_disable+0x0/0x50 took 0 usecs
[   11.079622] pci 0000:00:02.1: [8086:09a1] type 00 class 0x088000
[   11.080941] pci 0000:00:02.1: reg 0x10: [mem 0x1010bf442000-0x1010bf4427ff 64bit]
[   11.081841] pci 0000:00:02.1: reg 0x18: [mem 0x1010bf000000-0x1010bf1fffff 64bit]
[   11.083228] pci 0000:00:02.1: calling  quirk_igfx_skip_te_disable+0x0/0x50 @ 1
[   11.083620] pci 0000:00:02.1: quirk_igfx_skip_te_disable+0x0/0x50 took 0 usecs
[   11.085568] pci 0000:00:02.2: [8086:09a8] type 00 class 0x088000
[   11.086901] pci 0000:00:02.2: reg 0x10: [mem 0x1010bf443000-0x1010bf44300f 64bit]
[   11.088308] pci 0000:00:02.2: calling  quirk_igfx_skip_te_disable+0x0/0x50 @ 1
[   11.088620] pci 0000:00:02.2: quirk_igfx_skip_te_disable+0x0/0x50 took 0 usecs
[   11.090702] pci 0000:00:03.0: [8086:3256] type 00 class 0x130000
[   11.091921] pci 0000:00:03.0: reg 0x10: [mem 0x1010bf200000-0x1010bf2fffff 64bit]
[   11.092800] pci 0000:00:03.0: reg 0x18: [mem 0x1010be800000-0x1010beffffff 64bit]
[   11.093800] pci 0000:00:03.0: reg 0x20: [mem 0x1010bf441000-0x1010bf441fff 64bit]
[   11.094766] pci 0000:00:03.0: calling  quirk_igfx_skip_te_disable+0x0/0x50 @ 1
[   11.095620] pci 0000:00:03.0: quirk_igfx_skip_te_disable+0x0/0x50 took 0 usecs
[   11.097397] pci 0000:00:04.0: calling  quirk_cmd_compl+0x0/0x70 @ 1
[   11.097640] pci 0000:00:04.0: quirk_cmd_compl+0x0/0x70 took 0 usecs
[   11.098620] pci 0000:00:04.0: calling  quirk_no_aersid+0x0/0x30 @ 1
[   11.099620] pci 0000:00:04.0: quirk_no_aersid+0x0/0x30 took 0 usecs
[   11.100619] pci 0000:00:04.0: [8086:786a] type 01 class 0x060400
[   11.101961] pci 0000:00:04.0: reg 0x10: [mem 0x1010bf430000-0x1010bf43ffff 64bit]
[   11.103082] pci 0000:00:04.0: enabling Extended Tags
[   11.103807] pci 0000:00:04.0: calling  quirk_igfx_skip_te_disable+0x0/0x50 @ 1
[   11.104620] pci 0000:00:04.0: quirk_igfx_skip_te_disable+0x0/0x50 took 0 usecs
[   11.105620] pci 0000:00:04.0: calling  pci_fixup_transparent_bridge+0x0/0x20 @ 1
[   11.106620] pci 0000:00:04.0: pci_fixup_transparent_bridge+0x0/0x20 took 0 usecs
[   11.108288] pci 0000:00:04.0: PME# supported from D0 D3hot D3cold
[   11.109333] pci 0000:00:05.0: calling  quirk_cmd_compl+0x0/0x70 @ 1
[   11.109640] pci 0000:00:05.0: quirk_cmd_compl+0x0/0x70 took 0 usecs
[   11.110620] pci 0000:00:05.0: calling  quirk_no_aersid+0x0/0x30 @ 1
[   11.111620] pci 0000:00:05.0: quirk_no_aersid+0x0/0x30 took 0 usecs
[   11.112619] pci 0000:00:05.0: [8086:786b] type 01 class 0x060400
[   11.113961] pci 0000:00:05.0: reg 0x10: [mem 0x1010bf420000-0x1010bf42ffff 64bit]
[   11.115082] pci 0000:00:05.0: enabling Extended Tags
[   11.115807] pci 0000:00:05.0: calling  quirk_igfx_skip_te_disable+0x0/0x50 @ 1
[   11.116620] pci 0000:00:05.0: quirk_igfx_skip_te_disable+0x0/0x50 took 0 usecs
[   11.117620] pci 0000:00:05.0: calling  pci_fixup_transparent_bridge+0x0/0x20 @ 1
[   11.118620] pci 0000:00:05.0: pci_fixup_transparent_bridge+0x0/0x20 took 0 usecs
[   11.120288] pci 0000:00:05.0: PME# supported from D0 D3hot D3cold
[   11.121322] pci 0000:00:06.0: calling  quirk_cmd_compl+0x0/0x70 @ 1
[   11.121640] pci 0000:00:06.0: quirk_cmd_compl+0x0/0x70 took 0 usecs
[   11.122620] pci 0000:00:06.0: calling  quirk_no_aersid+0x0/0x30 @ 1
[   11.123620] pci 0000:00:06.0: quirk_no_aersid+0x0/0x30 took 0 usecs
[   11.124620] pci 0000:00:06.0: [8086:786c] type 01 class 0x060400
[   11.125961] pci 0000:00:06.0: reg 0x10: [mem 0x1010bf410000-0x1010bf41ffff 64bit]
[   11.127082] pci 0000:00:06.0: enabling Extended Tags
[   11.127807] pci 0000:00:06.0: calling  quirk_igfx_skip_te_disable+0x0/0x50 @ 1
[   11.128620] pci 0000:00:06.0: quirk_igfx_skip_te_disable+0x0/0x50 took 0 usecs
[   11.129620] pci 0000:00:06.0: calling  pci_fixup_transparent_bridge+0x0/0x20 @ 1
[   11.130620] pci 0000:00:06.0: pci_fixup_transparent_bridge+0x0/0x20 took 0 usecs
[   11.132288] pci 0000:00:06.0: PME# supported from D0 D3hot D3cold
[   11.133334] pci 0000:00:07.0: calling  quirk_cmd_compl+0x0/0x70 @ 1
[   11.133640] pci 0000:00:07.0: quirk_cmd_compl+0x0/0x70 took 0 usecs
[   11.134720] pci 0000:00:07.0: calling  quirk_no_aersid+0x0/0x30 @ 1
[   11.135620] pci 0000:00:07.0: quirk_no_aersid+0x0/0x30 took 0 usecs
[   11.136620] pci 0000:00:07.0: [8086:786d] type 01 class 0x060400
[   11.137961] pci 0000:00:07.0: reg 0x10: [mem 0x1010bf400000-0x1010bf40ffff 64bit]
[   11.139082] pci 0000:00:07.0: enabling Extended Tags
[   11.139807] pci 0000:00:07.0: calling  quirk_igfx_skip_te_disable+0x0/0x50 @ 1
[   11.140620] pci 0000:00:07.0: quirk_igfx_skip_te_disable+0x0/0x50 took 0 usecs
[   11.141620] pci 0000:00:07.0: calling  pci_fixup_transparent_bridge+0x0/0x20 @ 1
[   11.142620] pci 0000:00:07.0: pci_fixup_transparent_bridge+0x0/0x20 took 0 usecs
[   11.144288] pci 0000:00:07.0: PME# supported from D0 D3hot D3cold
[   11.145783] pci 0000:00:1f.0: [8086:5826] type 00 class 0x060100
[   11.147765] pci 0000:00:1f.0: calling  quirk_igfx_skip_te_disable+0x0/0x50 @ 1
[   11.148620] pci 0000:00:1f.0: quirk_igfx_skip_te_disable+0x0/0x50 took 0 usecs
[   11.150423] pci 0000:00:1f.4: [8086:5827] type 00 class 0x0c0500
[   11.150961] pci 0000:00:1f.4: reg 0x10: [mem 0x1010bf440000-0x1010bf4400ff 64bit]
[   11.152042] pci 0000:00:1f.4: reg 0x20: [io  0x0780-0x079f]
[   11.152946] pci 0000:00:1f.4: calling  quirk_igfx_skip_te_disable+0x0/0x50 @ 1
[   11.153620] pci 0000:00:1f.4: quirk_igfx_skip_te_disable+0x0/0x50 took 0 usecs
[   11.155190] pci 0000:00:1f.5: [8086:5825] type 00 class 0x0c8000
[   11.155861] pci 0000:00:1f.5: reg 0x10: [mem 0xf2830000-0xf2830fff]
[   11.157509] pci 0000:00:1f.5: calling  quirk_igfx_skip_te_disable+0x0/0x50 @ 1
[   11.157620] pci 0000:00:1f.5: quirk_igfx_skip_te_disable+0x0/0x50 took 0 usecs
