[    0.000000] Command line: BOOT_IMAGE=(hd1,gpt2)/vmlinuz-5.17.0-881b568756ae-g881b568756ae root=/dev/mapper/cs-root ro crashkernel=1G-4G:192M,4G-64G:256M,64G-:512M resume=/dev/mapper/cs-swap rd.lvm.lv=cs/root rd.lvm.lv=cs/swap rhgb quiet console=tty0 console=ttyS0,115200n8 intel_iommu=on,sm_on initcall_debug log_buf_len=200M no_console_suspend ignore_loglevel selinux=0 cxl_acpi.dyndbg=+fplm cxl_pci.dyndbg=+fplm cxl_core.dyndbg=+fplm cxl_mem.dyndbg=+fplm cxl_pmem.dyndbg=+fplm cxl_port.dyndbg=+fplm cxl_region.dyndbg=+fplm cxl_test.dyndbg=+fplm cxl_mock.dyndbg=+fplm cxl_mock_mem.dyndbg=+fplm
[    0.000000] x86/fpu: Supporting XSAVE feature 0x001: 'x87 floating point registers'
[    0.000000] x86/fpu: Supporting XSAVE feature 0x002: 'SSE registers'
[    0.000000] x86/fpu: Supporting XSAVE feature 0x004: 'AVX registers'
[    0.000000] x86/fpu: Supporting XSAVE feature 0x020: 'AVX-512 opmask'
[    0.000000] x86/fpu: Supporting XSAVE feature 0x040: 'AVX-512 Hi256'
[    0.000000] x86/fpu: Supporting XSAVE feature 0x080: 'AVX-512 ZMM_Hi256'
[    0.000000] x86/fpu: Supporting XSAVE feature 0x200: 'Protection Keys User registers'
[    0.000000] x86/fpu: Supporting XSAVE feature 0x400: 'PASID state'
[    0.000000] x86/fpu: Supporting XSAVE feature 0x20000: 'AMX Tile config'
[    0.000000] x86/fpu: Supporting XSAVE feature 0x40000: 'AMX Tile data'
[    0.000000] x86/fpu: xstate_offset[2]:  576, xstate_sizes[2]:  256
[    0.000000] x86/fpu: xstate_offset[5]:  832, xstate_sizes[5]:   64
[    0.000000] x86/fpu: xstate_offset[6]:  896, xstate_sizes[6]:  512
[    0.000000] x86/fpu: xstate_offset[7]: 1408, xstate_sizes[7]: 1024
[    0.000000] x86/fpu: xstate_offset[9]: 2432, xstate_sizes[9]:    8
[    0.000000] x86/fpu: xstate_offset[10]: 2440, xstate_sizes[10]:    8
[    0.000000] x86/fpu: xstate_offset[17]: 2496, xstate_sizes[17]:   64
[    0.000000] x86/fpu: xstate_offset[18]: 2560, xstate_sizes[18]: 8192
[    0.000000] x86/fpu: Enabled xstate features 0x606e7, context size is 10752 bytes, using 'compacted' format.
[    0.000000] signal: max sigframe size: 11952
[    0.000000] BIOS-provided physical RAM map:
[    0.000000] BIOS-e820: [mem 0x0000000000000000-0x000000000009ffff] usable
[    0.000000] BIOS-e820: [mem 0x00000000000a0000-0x00000000000fffff] reserved
[    0.000000] BIOS-e820: [mem 0x0000000000100000-0x00000000bb779fff] usable
[    0.000000] BIOS-e820: [mem 0x00000000bb77a000-0x00000000bcd2dfff] reserved
[    0.000000] BIOS-e820: [mem 0x00000000bcd2e000-0x00000000bd0ebfff] usable
[    0.000000] BIOS-e820: [mem 0x00000000bd0ec000-0x00000000bd283fff] ACPI data
[    0.000000] BIOS-e820: [mem 0x00000000bd284000-0x00000000bd41bfff] usable
[    0.000000] BIOS-e820: [mem 0x00000000bd41c000-0x00000000bd855fff] ACPI data
[    0.000000] BIOS-e820: [mem 0x00000000bd856000-0x00000000bda5dfff] usable
[    0.000000] BIOS-e820: [mem 0x00000000bda5e000-0x00000000bdb76fff] ACPI data
[    0.000000] BIOS-e820: [mem 0x00000000bdb77000-0x00000000bdc8ffff] usable
[    0.000000] BIOS-e820: [mem 0x00000000bdc90000-0x00000000bdfbbfff] ACPI data
[    0.000000] BIOS-e820: [mem 0x00000000bdfbc000-0x00000000bf434fff] usable
[    0.000000] BIOS-e820: [mem 0x00000000bf435000-0x00000000c0635fff] reserved
[    0.000000] BIOS-e820: [mem 0x00000000c0636000-0x00000000cba02fff] usable
[    0.000000] BIOS-e820: [mem 0x00000000cba03000-0x00000000cba04fff] reserved
[    0.000000] BIOS-e820: [mem 0x00000000cba05000-0x00000000cba05fff] usable
[    0.000000] BIOS-e820: [mem 0x00000000cba06000-0x00000000cba4dfff] reserved
[    0.000000] BIOS-e820: [mem 0x00000000cba4e000-0x00000000cba4efff] usable
[    0.000000] BIOS-e820: [mem 0x00000000cba4f000-0x00000000cba56fff] reserved
[    0.000000] BIOS-e820: [mem 0x00000000cba57000-0x00000000cba57fff] usable
[    0.000000] BIOS-e820: [mem 0x00000000cba58000-0x00000000cd42afff] reserved
[    0.000000] BIOS-e820: [mem 0x00000000cd42b000-0x00000000cd42bfff] usable
[    0.000000] BIOS-e820: [mem 0x00000000cd42c000-0x00000000cd42cfff] reserved
[    0.000000] BIOS-e820: [mem 0x00000000cd42d000-0x00000000cd42dfff] usable
[    0.000000] BIOS-e820: [mem 0x00000000cd42e000-0x00000000cd63ffff] reserved
[    0.000000] BIOS-e820: [mem 0x00000000cd640000-0x00000000cd6befff] usable
[    0.000000] BIOS-e820: [mem 0x00000000cd6bf000-0x00000000cd6bffff] ACPI NVS
[    0.000000] BIOS-e820: [mem 0x00000000cd6c0000-0x00000000ce51efff] usable
[    0.000000] BIOS-e820: [mem 0x00000000ce51f000-0x00000000cf11ffff] ACPI NVS
[    0.000000] BIOS-e820: [mem 0x00000000cf120000-0x00000000cf132fff] usable
[    0.000000] BIOS-e820: [mem 0x00000000cf133000-0x00000000cf732fff] reserved
[    0.000000] BIOS-e820: [mem 0x00000000cf733000-0x00000000cf733fff] ACPI NVS
[    0.000000] BIOS-e820: [mem 0x00000000cf734000-0x00000000d27dcfff] usable
[    0.000000] BIOS-e820: [mem 0x00000000d27dd000-0x00000000d284dfff] reserved
[    0.000000] BIOS-e820: [mem 0x00000000d284e000-0x00000000d2894fff] usable
[    0.000000] BIOS-e820: [mem 0x00000000d2895000-0x00000000d2896fff] reserved
[    0.000000] BIOS-e820: [mem 0x00000000d2897000-0x00000000d2976fff] usable
[    0.000000] BIOS-e820: [mem 0x00000000d2977000-0x00000000d2978fff] reserved
[    0.000000] BIOS-e820: [mem 0x00000000d2979000-0x00000000d2f54fff] usable
[    0.000000] BIOS-e820: [mem 0x00000000d2f55000-0x00000000d2f5dfff] reserved
[    0.000000] BIOS-e820: [mem 0x00000000d2f5e000-0x00000000d34bbfff] usable
[    0.000000] BIOS-e820: [mem 0x00000000d34bc000-0x00000000d3abbfff] reserved
[    0.000000] BIOS-e820: [mem 0x00000000d3abc000-0x00000000d3c5ffff] usable
[    0.000000] BIOS-e820: [mem 0x00000000d3c60000-0x00000000d3c7bfff] reserved
[    0.000000] BIOS-e820: [mem 0x00000000d3c7c000-0x00000000d69cefff] usable
[    0.000000] BIOS-e820: [mem 0x00000000d69cf000-0x00000000d6ccefff] reserved
[    0.000000] BIOS-e820: [mem 0x00000000d6ccf000-0x00000000d76fefff] ACPI NVS
[    0.000000] BIOS-e820: [mem 0x00000000d76ff000-0x00000000d77fefff] ACPI data
[    0.000000] BIOS-e820: [mem 0x00000000d77ff000-0x00000000d77fffff] usable
[    0.000000] BIOS-e820: [mem 0x00000000d7800000-0x00000000dfffffff] reserved
[    0.000000] BIOS-e820: [mem 0x00000000f2830000-0x00000000f2830fff] reserved
[    0.000000] BIOS-e820: [mem 0x0000000100000000-0x0000003ffeffffff] usable
[    0.000000] BIOS-e820: [mem 0x0000003fff000000-0x0000003fffffffff] reserved
[    0.000000] BIOS-e820: [mem 0x0000020000000000-0x00000200ffffffff] soft reserved
[    0.000000] BIOS-e820: [mem 0x0000100000000000-0x000010007fffffff] reserved
[    0.000000] printk: debug: ignoring loglevel setting.
[    0.000000] NX (Execute Disable) protection: active
[    0.000000] efi: EFI v2.70 by EDK II
[    0.000000] efi: ACPI=0xd77fe000 ACPI 2.0=0xd77fe014 SMBIOS=0xd6b0b000 SMBIOS 3.0=0xd6b09000 MEMATTR=0xd3478018 
[    0.000000] efi: memattr: Unexpected EFI Memory Attributes table version 2
[    0.000000] SMBIOS 3.6.0 present.
[    0.000000] DMI: Intel Corporation OAKSTREAM/OAKSTREAM, BIOS OKSDCRB1.86B.0010.D75.2403180334 03/18/2024
[    0.000000] tsc: Detected 2400.000 MHz processor
[    0.000015] e820: update [mem 0x00000000-0x00000fff] usable ==> reserved
[    0.000072] e820: remove [mem 0x000a0000-0x000fffff] usable
[    0.000134] last_pfn = 0x3fff000 max_arch_pfn = 0x10000000000
[    0.000149] x86/PAT: Configuration [0-7]: WB  WC  UC- UC  WB  WP  UC- WT  
[    0.000164] total RAM covered: 16776704M
[    0.000459]  gran_size: 64K 	chunk_size: 64K 	num_reg: 10  	lose cover RAM: 15872G
[    0.000484]  gran_size: 64K 	chunk_size: 128K 	num_reg: 10  	lose cover RAM: 15872G
[    0.000510]  gran_size: 64K 	chunk_size: 256K 	num_reg: 10  	lose cover RAM: 15872G
[    0.000535]  gran_size: 64K 	chunk_size: 512K 	num_reg: 10  	lose cover RAM: 15872G
[    0.000561]  gran_size: 64K 	chunk_size: 1M 	num_reg: 10  	lose cover RAM: 15872G
[    0.000586]  gran_size: 64K 	chunk_size: 2M 	num_reg: 10  	lose cover RAM: 15872G
[    0.000612]  gran_size: 64K 	chunk_size: 4M 	num_reg: 10  	lose cover RAM: 15872G
[    0.000638]  gran_size: 64K 	chunk_size: 8M 	num_reg: 10  	lose cover RAM: 15872G
[    0.000663]  gran_size: 64K 	chunk_size: 16M 	num_reg: 10  	lose cover RAM: 15872G
[    0.000689]  gran_size: 64K 	chunk_size: 32M 	num_reg: 10  	lose cover RAM: 15872G
[    0.000714]  gran_size: 64K 	chunk_size: 64M 	num_reg: 10  	lose cover RAM: 15872G
[    0.000740]  gran_size: 64K 	chunk_size: 128M 	num_reg: 10  	lose cover RAM: 15872G
[    0.000765]  gran_size: 64K 	chunk_size: 256M 	num_reg: 10  	lose cover RAM: 15872G
[    0.000791]  gran_size: 64K 	chunk_size: 512M 	num_reg: 10  	lose cover RAM: 15872G
[    0.000816]  gran_size: 64K 	chunk_size: 1G 	num_reg: 10  	lose cover RAM: 15360G
[    0.000842]  gran_size: 64K 	chunk_size: 2G 	num_reg: 10  	lose cover RAM: 15360G
[    0.000867]  gran_size: 128K 	chunk_size: 128K 	num_reg: 10  	lose cover RAM: 15872G
[    0.000893]  gran_size: 128K 	chunk_size: 256K 	num_reg: 10  	lose cover RAM: 15872G
[    0.000919]  gran_size: 128K 	chunk_size: 512K 	num_reg: 10  	lose cover RAM: 15872G
[    0.000944]  gran_size: 128K 	chunk_size: 1M 	num_reg: 10  	lose cover RAM: 15872G
[    0.000970]  gran_size: 128K 	chunk_size: 2M 	num_reg: 10  	lose cover RAM: 15872G
[    0.000995]  gran_size: 128K 	chunk_size: 4M 	num_reg: 10  	lose cover RAM: 15872G
[    0.001021]  gran_size: 128K 	chunk_size: 8M 	num_reg: 10  	lose cover RAM: 15872G
[    0.001046]  gran_size: 128K 	chunk_size: 16M 	num_reg: 10  	lose cover RAM: 15872G
[    0.001072]  gran_size: 128K 	chunk_size: 32M 	num_reg: 10  	lose cover RAM: 15872G
[    0.001097]  gran_size: 128K 	chunk_size: 64M 	num_reg: 10  	lose cover RAM: 15872G
[    0.001123]  gran_size: 128K 	chunk_size: 128M 	num_reg: 10  	lose cover RAM: 15872G
[    0.001149]  gran_size: 128K 	chunk_size: 256M 	num_reg: 10  	lose cover RAM: 15872G
[    0.001174]  gran_size: 128K 	chunk_size: 512M 	num_reg: 10  	lose cover RAM: 15872G
[    0.001200]  gran_size: 128K 	chunk_size: 1G 	num_reg: 10  	lose cover RAM: 15360G
[    0.001225]  gran_size: 128K 	chunk_size: 2G 	num_reg: 10  	lose cover RAM: 15360G
[    0.001251]  gran_size: 256K 	chunk_size: 256K 	num_reg: 10  	lose cover RAM: 15872G
[    0.001276]  gran_size: 256K 	chunk_size: 512K 	num_reg: 10  	lose cover RAM: 15872G
[    0.001302]  gran_size: 256K 	chunk_size: 1M 	num_reg: 10  	lose cover RAM: 15872G
[    0.001328]  gran_size: 256K 	chunk_size: 2M 	num_reg: 10  	lose cover RAM: 15872G
[    0.001353]  gran_size: 256K 	chunk_size: 4M 	num_reg: 10  	lose cover RAM: 15872G
[    0.001379]  gran_size: 256K 	chunk_size: 8M 	num_reg: 10  	lose cover RAM: 15872G
[    0.001404]  gran_size: 256K 	chunk_size: 16M 	num_reg: 10  	lose cover RAM: 15872G
[    0.001430]  gran_size: 256K 	chunk_size: 32M 	num_reg: 10  	lose cover RAM: 15872G
[    0.001455]  gran_size: 256K 	chunk_size: 64M 	num_reg: 10  	lose cover RAM: 15872G
[    0.001481]  gran_size: 256K 	chunk_size: 128M 	num_reg: 10  	lose cover RAM: 15872G
[    0.001507]  gran_size: 256K 	chunk_size: 256M 	num_reg: 10  	lose cover RAM: 15872G
[    0.001532]  gran_size: 256K 	chunk_size: 512M 	num_reg: 10  	lose cover RAM: 15872G
[    0.001558]  gran_size: 256K 	chunk_size: 1G 	num_reg: 10  	lose cover RAM: 15360G
[    0.001583]  gran_size: 256K 	chunk_size: 2G 	num_reg: 10  	lose cover RAM: 15360G
[    0.001609]  gran_size: 512K 	chunk_size: 512K 	num_reg: 10  	lose cover RAM: 15872G
[    0.001634]  gran_size: 512K 	chunk_size: 1M 	num_reg: 10  	lose cover RAM: 15872G
[    0.001660]  gran_size: 512K 	chunk_size: 2M 	num_reg: 10  	lose cover RAM: 15872G
[    0.001685]  gran_size: 512K 	chunk_size: 4M 	num_reg: 10  	lose cover RAM: 15872G
[    0.001711]  gran_size: 512K 	chunk_size: 8M 	num_reg: 10  	lose cover RAM: 15872G
[    0.001737]  gran_size: 512K 	chunk_size: 16M 	num_reg: 10  	lose cover RAM: 15872G
[    0.001762]  gran_size: 512K 	chunk_size: 32M 	num_reg: 10  	lose cover RAM: 15872G
[    0.001788]  gran_size: 512K 	chunk_size: 64M 	num_reg: 10  	lose cover RAM: 15872G
[    0.001813]  gran_size: 512K 	chunk_size: 128M 	num_reg: 10  	lose cover RAM: 15872G
[    0.001839]  gran_size: 512K 	chunk_size: 256M 	num_reg: 10  	lose cover RAM: 15872G
[    0.001864]  gran_size: 512K 	chunk_size: 512M 	num_reg: 10  	lose cover RAM: 15872G
[    0.001890]  gran_size: 512K 	chunk_size: 1G 	num_reg: 10  	lose cover RAM: 15360G
[    0.001916]  gran_size: 512K 	chunk_size: 2G 	num_reg: 10  	lose cover RAM: 15360G
[    0.001941]  gran_size: 1M 	chunk_size: 1M 	num_reg: 10  	lose cover RAM: 15872G
[    0.001967]  gran_size: 1M 	chunk_size: 2M 	num_reg: 10  	lose cover RAM: 15872G
[    0.001992]  gran_size: 1M 	chunk_size: 4M 	num_reg: 10  	lose cover RAM: 15872G
[    0.002018]  gran_size: 1M 	chunk_size: 8M 	num_reg: 10  	lose cover RAM: 15872G
[    0.002043]  gran_size: 1M 	chunk_size: 16M 	num_reg: 10  	lose cover RAM: 15872G
[    0.002069]  gran_size: 1M 	chunk_size: 32M 	num_reg: 10  	lose cover RAM: 15872G
[    0.002094]  gran_size: 1M 	chunk_size: 64M 	num_reg: 10  	lose cover RAM: 15872G
[    0.002120]  gran_size: 1M 	chunk_size: 128M 	num_reg: 10  	lose cover RAM: 15872G
[    0.002145]  gran_size: 1M 	chunk_size: 256M 	num_reg: 10  	lose cover RAM: 15872G
[    0.002171]  gran_size: 1M 	chunk_size: 512M 	num_reg: 10  	lose cover RAM: 15872G
[    0.002196]  gran_size: 1M 	chunk_size: 1G 	num_reg: 10  	lose cover RAM: 15360G
[    0.002222]  gran_size: 1M 	chunk_size: 2G 	num_reg: 10  	lose cover RAM: 15360G
[    0.002247]  gran_size: 2M 	chunk_size: 2M 	num_reg: 10  	lose cover RAM: 15872G
[    0.002273]  gran_size: 2M 	chunk_size: 4M 	num_reg: 10  	lose cover RAM: 15872G
[    0.002298]  gran_size: 2M 	chunk_size: 8M 	num_reg: 10  	lose cover RAM: 15872G
[    0.002324]  gran_size: 2M 	chunk_size: 16M 	num_reg: 10  	lose cover RAM: 15872G
[    0.002349]  gran_size: 2M 	chunk_size: 32M 	num_reg: 10  	lose cover RAM: 15872G
[    0.002375]  gran_size: 2M 	chunk_size: 64M 	num_reg: 10  	lose cover RAM: 15872G
[    0.002400]  gran_size: 2M 	chunk_size: 128M 	num_reg: 10  	lose cover RAM: 15872G
[    0.002426]  gran_size: 2M 	chunk_size: 256M 	num_reg: 10  	lose cover RAM: 15872G
[    0.002451]  gran_size: 2M 	chunk_size: 512M 	num_reg: 10  	lose cover RAM: 15872G
[    0.002477]  gran_size: 2M 	chunk_size: 1G 	num_reg: 10  	lose cover RAM: 15360G
[    0.002502]  gran_size: 2M 	chunk_size: 2G 	num_reg: 10  	lose cover RAM: 15360G
[    0.002528]  gran_size: 4M 	chunk_size: 4M 	num_reg: 10  	lose cover RAM: 15872G
[    0.002553]  gran_size: 4M 	chunk_size: 8M 	num_reg: 10  	lose cover RAM: 15872G
[    0.002579]  gran_size: 4M 	chunk_size: 16M 	num_reg: 10  	lose cover RAM: 15872G
[    0.002604]  gran_size: 4M 	chunk_size: 32M 	num_reg: 10  	lose cover RAM: 15872G
[    0.002630]  gran_size: 4M 	chunk_size: 64M 	num_reg: 10  	lose cover RAM: 15872G
[    0.002655]  gran_size: 4M 	chunk_size: 128M 	num_reg: 10  	lose cover RAM: 15872G
[    0.002681]  gran_size: 4M 	chunk_size: 256M 	num_reg: 10  	lose cover RAM: 15872G
[    0.002707]  gran_size: 4M 	chunk_size: 512M 	num_reg: 10  	lose cover RAM: 15872G
[    0.002732]  gran_size: 4M 	chunk_size: 1G 	num_reg: 10  	lose cover RAM: 15360G
[    0.002758]  gran_size: 4M 	chunk_size: 2G 	num_reg: 10  	lose cover RAM: 15360G
[    0.002783]  gran_size: 8M 	chunk_size: 8M 	num_reg: 10  	lose cover RAM: 15872G
[    0.002809]  gran_size: 8M 	chunk_size: 16M 	num_reg: 10  	lose cover RAM: 15872G
[    0.002834]  gran_size: 8M 	chunk_size: 32M 	num_reg: 10  	lose cover RAM: 15872G
[    0.002860]  gran_size: 8M 	chunk_size: 64M 	num_reg: 10  	lose cover RAM: 15872G
[    0.002885]  gran_size: 8M 	chunk_size: 128M 	num_reg: 10  	lose cover RAM: 15872G
[    0.002911]  gran_size: 8M 	chunk_size: 256M 	num_reg: 10  	lose cover RAM: 15872G
[    0.002936]  gran_size: 8M 	chunk_size: 512M 	num_reg: 10  	lose cover RAM: 15872G
[    0.002962]  gran_size: 8M 	chunk_size: 1G 	num_reg: 10  	lose cover RAM: 15360G
[    0.002987]  gran_size: 8M 	chunk_size: 2G 	num_reg: 10  	lose cover RAM: 15360G
[    0.003013]  gran_size: 16M 	chunk_size: 16M 	num_reg: 10  	lose cover RAM: 15872G
[    0.003038]  gran_size: 16M 	chunk_size: 32M 	num_reg: 10  	lose cover RAM: 15872G
[    0.003064]  gran_size: 16M 	chunk_size: 64M 	num_reg: 10  	lose cover RAM: 15872G
[    0.003089]  gran_size: 16M 	chunk_size: 128M 	num_reg: 10  	lose cover RAM: 15872G
[    0.003115]  gran_size: 16M 	chunk_size: 256M 	num_reg: 10  	lose cover RAM: 15872G
[    0.003140]  gran_size: 16M 	chunk_size: 512M 	num_reg: 10  	lose cover RAM: 15872G
[    0.003166]  gran_size: 16M 	chunk_size: 1G 	num_reg: 10  	lose cover RAM: 15360G
[    0.003192]  gran_size: 16M 	chunk_size: 2G 	num_reg: 10  	lose cover RAM: 15360G
[    0.003217]  gran_size: 32M 	chunk_size: 32M 	num_reg: 10  	lose cover RAM: 15872G
[    0.003243]  gran_size: 32M 	chunk_size: 64M 	num_reg: 10  	lose cover RAM: 15872G
[    0.003268]  gran_size: 32M 	chunk_size: 128M 	num_reg: 10  	lose cover RAM: 15872G
[    0.003294]  gran_size: 32M 	chunk_size: 256M 	num_reg: 10  	lose cover RAM: 15872G
[    0.003319]  gran_size: 32M 	chunk_size: 512M 	num_reg: 10  	lose cover RAM: 15872G
[    0.003345]  gran_size: 32M 	chunk_size: 1G 	num_reg: 10  	lose cover RAM: 15360G
[    0.003370]  gran_size: 32M 	chunk_size: 2G 	num_reg: 10  	lose cover RAM: 15360G
[    0.003396]  gran_size: 64M 	chunk_size: 64M 	num_reg: 10  	lose cover RAM: 15872G
[    0.003422]  gran_size: 64M 	chunk_size: 128M 	num_reg: 10  	lose cover RAM: 15872G
[    0.003447]  gran_size: 64M 	chunk_size: 256M 	num_reg: 10  	lose cover RAM: 15872G
[    0.003473]  gran_size: 64M 	chunk_size: 512M 	num_reg: 10  	lose cover RAM: 15872G
[    0.003498]  gran_size: 64M 	chunk_size: 1G 	num_reg: 10  	lose cover RAM: 15360G
[    0.003524]  gran_size: 64M 	chunk_size: 2G 	num_reg: 10  	lose cover RAM: 15360G
[    0.003549]  gran_size: 128M 	chunk_size: 128M 	num_reg: 10  	lose cover RAM: 15872G
[    0.003575]  gran_size: 128M 	chunk_size: 256M 	num_reg: 10  	lose cover RAM: 15872G
[    0.003600]  gran_size: 128M 	chunk_size: 512M 	num_reg: 10  	lose cover RAM: 15872G
[    0.003626]  gran_size: 128M 	chunk_size: 1G 	num_reg: 10  	lose cover RAM: 15360G
[    0.003652]  gran_size: 128M 	chunk_size: 2G 	num_reg: 10  	lose cover RAM: 15360G
[    0.003677]  gran_size: 256M 	chunk_size: 256M 	num_reg: 10  	lose cover RAM: 15872G
[    0.003703]  gran_size: 256M 	chunk_size: 512M 	num_reg: 10  	lose cover RAM: 15872G
[    0.003728]  gran_size: 256M 	chunk_size: 1G 	num_reg: 10  	lose cover RAM: 15360G
[    0.003754]  gran_size: 256M 	chunk_size: 2G 	num_reg: 10  	lose cover RAM: 15360G
[    0.003779]  gran_size: 512M 	chunk_size: 512M 	num_reg: 10  	lose cover RAM: 15872G
[    0.003805]  gran_size: 512M 	chunk_size: 1G 	num_reg: 10  	lose cover RAM: 15360G
[    0.003831]  gran_size: 512M 	chunk_size: 2G 	num_reg: 10  	lose cover RAM: 15360G
[    0.003856]  gran_size: 1G 	chunk_size: 1G 	num_reg: 10  	lose cover RAM: 15729152M
[    0.003882]  gran_size: 1G 	chunk_size: 2G 	num_reg: 10  	lose cover RAM: 15729152M
[    0.003907]  gran_size: 2G 	chunk_size: 2G 	num_reg: 10  	lose cover RAM: 14681600M
[    0.003933] mtrr_cleanup: can not find optimal value
[    0.003945] please specify mtrr_gran_size/mtrr_chunk_size
[    0.003960] e820: update [mem 0xe0000000-0xffffffff] usable ==> reserved
[    0.004028] x2apic: enabled by BIOS, switching to x2apic ops
[    0.004040] last_pfn = 0xd7800 max_arch_pfn = 0x10000000000
[    0.007000] Using GB pages for direct mapping
[    0.102473] printk: log_buf_len: 268435456 bytes
[    0.102486] printk: early log buf free: 16758952(99%)
[    0.102499] Secure boot disabled
[    0.102511] RAMDISK: [mem 0xb844f000-0xba2a0fff]
[    0.102525] ACPI: Early table checksum verification disabled
[    0.102538] ACPI: RSDP 0x00000000D77FE014 000024 (v02 INTEL )
[    0.102574] ACPI: XSDT 0x00000000D7744188 00014C (v01 INTEL  INTEL ID 00000000      01000013)
[    0.102613] ACPI: FACP 0x00000000D77FC000 000114 (v06 INTEL  INTEL ID 00000000 INTL 20230628)
[    0.102653] ACPI: DSDT 0x00000000D775D000 08E4F6 (v02 INTEL  INTEL ID 00000003 INTL 20230628)
[    0.102691] ACPI: FACS 0x00000000D76F4000 000040
[    0.102728] ACPI: MCFG 0x00000000D77FB000 00004C (v01 INTEL  INTEL ID 00000001 INTL 20230628)
[    0.102766] ACPI: SSDT 0x00000000D77FA000 0001F3 (v02 INTEL  MPWR     00001000 INTL 20230628)
[    0.102804] ACPI: CEDT 0x00000000D77F9000 000284 (v01 INTEL  INTEL ID 00000002 INTL 20230628)
[    0.102843] ACPI: SSDT 0x00000000D77F8000 0000AB (v02 INTEL  INTEL ID 00000002 INTL 20230628)
[    0.102881] ACPI: MRRM 0x00000000D77F7000 0000CC (v01 INTEL  INTEL ID 00000002 INTL 20230628)
[    0.102920] ACPI: SSDT 0x00000000D77F6000 00030C (v02 INTEL  INTEL ID 00000000 MSFT 20230628)
[    0.102958] ACPI: SSDT 0x00000000D77F5000 000156 (v02 INTEL  PRMOPREG 00001000 INTL 20230628)
[    0.102996] ACPI: SSDT 0x00000000D77F4000 000145 (v02 INTEL  PRMSAMPL 00001000 INTL 20230628)
[    0.103035] ACPI: IRDT 0x00000000D77F3000 0001D7 (v01 INTEL  INTEL ID 00000002 INTL 20230628)
[    0.103073] ACPI: DTPR 0x00000000D77F2000 000530 (v01 INTEL  EDK2     00000002      01000013)
[    0.103111] ACPI: SSDT 0x00000000D77F1000 00040F (v02 INTEL  SruTable 00001000 INTL 20230628)
[    0.103150] ACPI: SSDT 0x00000000D77F0000 000397 (v02 INTEL  SstsTbl  00001000 INTL 20230628)
[    0.103188] ACPI: BDAT 0x00000000D77EF000 000030 (v01 INTEL  INTEL ID 00000000 INTL 20230628)
[    0.103227] ACPI: HPET 0x00000000D77EE000 000038 (v01 INTEL  INTEL ID 00000001 INTL 20230628)
[    0.103265] ACPI: MSCT 0x00000000D77ED000 000198 (v01 INTEL  INTEL ID 00000001 INTL 20230628)
[    0.103303] ACPI: WSMT 0x00000000D77EC000 000028 (v01 INTEL  INTEL ID 00000000 INTL 20230628)
[    0.103342] ACPI: APIC 0x00000000D775C000 00015E (v06 INTEL  INTEL ID 00000000 INTL 20230628)
[    0.103380] ACPI: KEYP 0x00000000D77FD000 000050 (v01 INTEL  INTEL ID 00000002 INTL 20230628)
[    0.103418] ACPI: PMTT 0x00000000D7741000 002568 (v02 INTEL  INTEL ID 00000001 INTL 20230628)
[    0.103457] ACPI: OEM4 0x00000000BDC90000 32B041 (v02 INTEL  CPU  CST 00003000 INTL 20230628)
[    0.103495] ACPI: OEM1 0x00000000BD41C000 439069 (v02 INTEL  CPU EIST 00003000 INTL 20230628)
[    0.103533] ACPI: OEM2 0x00000000BDA5E000 118031 (v02 INTEL  CPU  HWP 00003000 INTL 20230628)
[    0.103572] ACPI: SSDT 0x00000000BD0EC000 197850 (v02 INTEL  SSDT  PM 00004000 INTL 20230628)
[    0.103610] ACPI: DBG2 0x00000000D7740000 000058 (v00 INTEL  INTEL ID 00000002 INTL 20230628)
[    0.103649] ACPI: DMAR 0x00000000D773F000 000478 (v01 INTEL  INTEL ID 00000001 INTL 20230628)
[    0.103687] ACPI: FPDT 0x00000000D773E000 000044 (v01 INTEL  EDK2     00000002      01000013)
[    0.103725] ACPI: SSDT 0x00000000D773D000 000922 (v02 INTEL  RAS_ACPI 00000001 INTL 20230628)
[    0.103764] ACPI: SSDT 0x00000000D773C000 0008BB (v02 INTEL  ADDRXLAT 00000001 INTL 20230628)
[    0.103802] ACPI: HEST 0x00000000D773B000 000174 (v01 INTEL  INTEL ID 00000001 INTL 20230628)
[    0.103840] ACPI: BERT 0x00000000D773A000 000030 (v01 INTEL  INTEL ID 00000001 INTL 20230628)
[    0.103879] ACPI: ERST 0x00000000D7739000 000230 (v01 INTEL  INTEL ID 00000001 INTL 20230628)
[    0.103917] ACPI: PRMT 0x00000000D7738000 0001DC (v00 INTEL  INTEL ID 00000002 INTL 20230628)
[    0.103955] ACPI: SPCR 0x00000000D7737000 000050 (v02 INTEL  INTEL ID 00000000 INTL 20230628)
[    0.103994] ACPI: SRAT 0x00000000D7747000 014128 (v03 INTEL  INTEL ID 00000002 INTL 20230628)
[    0.104032] ACPI: SLIT 0x00000000D7746000 000050 (v01 INTEL  INTEL ID 00000002 INTL 20230628)
[    0.104071] ACPI: HMAT 0x00000000D7745000 000298 (v02 INTEL  INTEL ID 00000002 INTL 20230628)
[    0.104108] ACPI: Reserving FACP table memory at [mem 0xd77fc000-0xd77fc113]
[    0.104123] ACPI: Reserving DSDT table memory at [mem 0xd775d000-0xd77eb4f5]
[    0.104137] ACPI: Reserving FACS table memory at [mem 0xd76f4000-0xd76f403f]
[    0.104152] ACPI: Reserving MCFG table memory at [mem 0xd77fb000-0xd77fb04b]
[    0.104167] ACPI: Reserving SSDT table memory at [mem 0xd77fa000-0xd77fa1f2]
[    0.104181] ACPI: Reserving CEDT table memory at [mem 0xd77f9000-0xd77f9283]
[    0.104196] ACPI: Reserving SSDT table memory at [mem 0xd77f8000-0xd77f80aa]
[    0.104211] ACPI: Reserving MRRM table memory at [mem 0xd77f7000-0xd77f70cb]
[    0.104226] ACPI: Reserving SSDT table memory at [mem 0xd77f6000-0xd77f630b]
[    0.104240] ACPI: Reserving SSDT table memory at [mem 0xd77f5000-0xd77f5155]
[    0.104255] ACPI: Reserving SSDT table memory at [mem 0xd77f4000-0xd77f4144]
[    0.104270] ACPI: Reserving IRDT table memory at [mem 0xd77f3000-0xd77f31d6]
[    0.104285] ACPI: Reserving DTPR table memory at [mem 0xd77f2000-0xd77f252f]
[    0.104299] ACPI: Reserving SSDT table memory at [mem 0xd77f1000-0xd77f140e]
[    0.104314] ACPI: Reserving SSDT table memory at [mem 0xd77f0000-0xd77f0396]
[    0.104329] ACPI: Reserving BDAT table memory at [mem 0xd77ef000-0xd77ef02f]
[    0.104344] ACPI: Reserving HPET table memory at [mem 0xd77ee000-0xd77ee037]
[    0.104359] ACPI: Reserving MSCT table memory at [mem 0xd77ed000-0xd77ed197]
[    0.104374] ACPI: Reserving WSMT table memory at [mem 0xd77ec000-0xd77ec027]
[    0.104389] ACPI: Reserving APIC table memory at [mem 0xd775c000-0xd775c15d]
[    0.104403] ACPI: Reserving KEYP table memory at [mem 0xd77fd000-0xd77fd04f]
[    0.104419] ACPI: Reserving PMTT table memory at [mem 0xd7741000-0xd7743567]
[    0.104433] ACPI: Reserving OEM4 table memory at [mem 0xbdc90000-0xbdfbb040]
[    0.104448] ACPI: Reserving OEM1 table memory at [mem 0xbd41c000-0xbd855068]
[    0.104463] ACPI: Reserving OEM2 table memory at [mem 0xbda5e000-0xbdb76030]
[    0.104478] ACPI: Reserving SSDT table memory at [mem 0xbd0ec000-0xbd28384f]
[    0.104493] ACPI: Reserving DBG2 table memory at [mem 0xd7740000-0xd7740057]
[    0.104508] ACPI: Reserving DMAR table memory at [mem 0xd773f000-0xd773f477]
[    0.104523] ACPI: Reserving FPDT table memory at [mem 0xd773e000-0xd773e043]
[    0.104538] ACPI: Reserving SSDT table memory at [mem 0xd773d000-0xd773d921]
[    0.104553] ACPI: Reserving SSDT table memory at [mem 0xd773c000-0xd773c8ba]
[    0.104568] ACPI: Reserving HEST table memory at [mem 0xd773b000-0xd773b173]
[    0.104583] ACPI: Reserving BERT table memory at [mem 0xd773a000-0xd773a02f]
[    0.104598] ACPI: Reserving ERST table memory at [mem 0xd7739000-0xd773922f]
[    0.104613] ACPI: Reserving PRMT table memory at [mem 0xd7738000-0xd77381db]
[    0.104628] ACPI: Reserving SPCR table memory at [mem 0xd7737000-0xd773704f]
[    0.104643] ACPI: Reserving SRAT table memory at [mem 0xd7747000-0xd775b127]
[    0.104658] ACPI: Reserving SLIT table memory at [mem 0xd7746000-0xd774604f]
[    0.104674] ACPI: Reserving HMAT table memory at [mem 0xd7745000-0xd7745297]
[    0.104715] Setting APIC routing to cluster x2apic.
[    0.104896] SRAT: PXM 0 -> APIC 0x0000 -> Node 0
[    0.104909] SRAT: PXM 0 -> APIC 0x0002 -> Node 0
[    0.104922] SRAT: PXM 0 -> APIC 0x0008 -> Node 0
[    0.104935] SRAT: PXM 0 -> APIC 0x000a -> Node 0
[    0.104948] SRAT: PXM 0 -> APIC 0x0100 -> Node 0
[    0.104962] SRAT: PXM 0 -> APIC 0x0102 -> Node 0
[    0.104975] SRAT: PXM 0 -> APIC 0x0108 -> Node 0
[    0.104988] SRAT: PXM 0 -> APIC 0x010a -> Node 0
[    0.105001] SRAT: PXM 0 -> APIC 0x0200 -> Node 0
[    0.105014] SRAT: PXM 0 -> APIC 0x0202 -> Node 0
[    0.105028] SRAT: PXM 0 -> APIC 0x0208 -> Node 0
[    0.105041] SRAT: PXM 0 -> APIC 0x020a -> Node 0
[    0.105054] SRAT: PXM 0 -> APIC 0x0300 -> Node 0
[    0.105067] SRAT: PXM 0 -> APIC 0x0302 -> Node 0
[    0.105080] SRAT: PXM 0 -> APIC 0x0308 -> Node 0
[    0.105094] SRAT: PXM 0 -> APIC 0x030a -> Node 0
[    0.105251] ACPI: SRAT: Node 0 PXM 0 [mem 0x00000000-0xdfffffff]
[    0.105265] ACPI: SRAT: Node 0 PXM 0 [mem 0x100000000-0x3fffffffff]
[    0.105318] ACPI: SRAT: Node 1 PXM 5 [mem 0x20000000000-0x200ffffffff]
[    0.105343] NUMA: Initialized distance table, cnt=2
[    0.105367] NUMA: Node 0 [mem 0x00000000-0xdfffffff] + [mem 0x100000000-0x3ffeffffff] -> [mem 0x00000000-0x3ffeffffff]
[    0.105409] NODE_DATA(0) allocated [mem 0x3fb6fc1000-0x3fb6febfff]
[    0.106420] Reserving 512MB of memory at 2432MB for crashkernel (System RAM: 261362MB)
[    0.107087] Zone ranges:
[    0.107099]   DMA      [mem 0x0000000000001000-0x0000000000ffffff]
[    0.107123]   DMA32    [mem 0x0000000001000000-0x00000000ffffffff]
[    0.107147]   Normal   [mem 0x0000000100000000-0x0000003ffeffffff]
[    0.107172]   Device   empty
[    0.107195] Movable zone start for each node
[    0.107212] Early memory node ranges
[    0.107224]   node   0: [mem 0x0000000000001000-0x000000000009ffff]
[    0.107237]   node   0: [mem 0x0000000000100000-0x00000000bb779fff]
[    0.107252]   node   0: [mem 0x00000000bcd2e000-0x00000000bd0ebfff]
[    0.107265]   node   0: [mem 0x00000000bd284000-0x00000000bd41bfff]
[    0.107279]   node   0: [mem 0x00000000bd856000-0x00000000bda5dfff]
[    0.107292]   node   0: [mem 0x00000000bdb77000-0x00000000bdc8ffff]
[    0.107306]   node   0: [mem 0x00000000bdfbc000-0x00000000bf434fff]
[    0.107319]   node   0: [mem 0x00000000c0636000-0x00000000cba02fff]
[    0.107333]   node   0: [mem 0x00000000cba05000-0x00000000cba05fff]
[    0.107347]   node   0: [mem 0x00000000cba4e000-0x00000000cba4efff]
[    0.107360]   node   0: [mem 0x00000000cba57000-0x00000000cba57fff]
[    0.107374]   node   0: [mem 0x00000000cd42b000-0x00000000cd42bfff]
[    0.107387]   node   0: [mem 0x00000000cd42d000-0x00000000cd42dfff]
[    0.107401]   node   0: [mem 0x00000000cd640000-0x00000000cd6befff]
[    0.107414]   node   0: [mem 0x00000000cd6c0000-0x00000000ce51efff]
[    0.107428]   node   0: [mem 0x00000000cf120000-0x00000000cf132fff]
[    0.107441]   node   0: [mem 0x00000000cf734000-0x00000000d27dcfff]
[    0.107455]   node   0: [mem 0x00000000d284e000-0x00000000d2894fff]
[    0.107469]   node   0: [mem 0x00000000d2897000-0x00000000d2976fff]
[    0.107482]   node   0: [mem 0x00000000d2979000-0x00000000d2f54fff]
[    0.107496]   node   0: [mem 0x00000000d2f5e000-0x00000000d34bbfff]
[    0.107509]   node   0: [mem 0x00000000d3abc000-0x00000000d3c5ffff]
[    0.107523]   node   0: [mem 0x00000000d3c7c000-0x00000000d69cefff]
[    0.107536]   node   0: [mem 0x00000000d77ff000-0x00000000d77fffff]
[    0.107550]   node   0: [mem 0x0000000100000000-0x0000003ffeffffff]
[    0.107633] Initmem setup node 0 [mem 0x0000000000001000-0x0000003ffeffffff]
[    0.107654] On node 0, zone DMA: 1 pages in unavailable ranges
[    0.107721] On node 0, zone DMA: 96 pages in unavailable ranges
[    0.118291] On node 0, zone DMA32: 5556 pages in unavailable ranges
[    0.118323] On node 0, zone DMA32: 408 pages in unavailable ranges
[    0.118377] On node 0, zone DMA32: 1082 pages in unavailable ranges
[    0.118403] On node 0, zone DMA32: 281 pages in unavailable ranges
[    0.118512] On node 0, zone DMA32: 812 pages in unavailable ranges
[    0.119294] On node 0, zone DMA32: 4609 pages in unavailable ranges
[    0.119307] On node 0, zone DMA32: 2 pages in unavailable ranges
[    0.119323] On node 0, zone DMA32: 72 pages in unavailable ranges
[    0.119336] On node 0, zone DMA32: 8 pages in unavailable ranges
[    0.119554] On node 0, zone DMA32: 6611 pages in unavailable ranges
[    0.119568] On node 0, zone DMA32: 1 pages in unavailable ranges
[    0.119599] On node 0, zone DMA32: 530 pages in unavailable ranges
[    0.119663] On node 0, zone DMA32: 1 pages in unavailable ranges
[    0.119772] On node 0, zone DMA32: 3073 pages in unavailable ranges
[    0.120002] On node 0, zone DMA32: 1537 pages in unavailable ranges
[    0.120020] On node 0, zone DMA32: 113 pages in unavailable ranges
[    0.120036] On node 0, zone DMA32: 2 pages in unavailable ranges
[    0.120070] On node 0, zone DMA32: 2 pages in unavailable ranges
[    0.120102] On node 0, zone DMA32: 9 pages in unavailable ranges
[    0.120169] On node 0, zone DMA32: 1536 pages in unavailable ranges
[    0.120340] On node 0, zone DMA32: 28 pages in unavailable ranges
[    0.120466] On node 0, zone DMA32: 3632 pages in unavailable ranges
[    1.017534] On node 0, zone Normal: 2048 pages in unavailable ranges
[    1.017674] On node 0, zone Normal: 4096 pages in unavailable ranges
[    1.022554] ACPI: PM-Timer IO Port: 0x508
[    1.022574] ACPI: X2APIC_NMI (uid[0xffffffff] high edge lint[0x1])
[    1.022588] ACPI: LAPIC_NMI (acpi_id[0xff] high edge lint[0x1])
[    1.022603] IOAPIC[0]: apic_id 8, version 32, address 0xfec00000, GSI 0-23
[    1.022619] ACPI: INT_SRC_OVR (bus 0 bus_irq 0 global_irq 2 dfl dfl)
[    1.022633] ACPI: INT_SRC_OVR (bus 0 bus_irq 9 global_irq 9 high level)
[    1.022650] ACPI: Using ACPI (MADT) for SMP configuration information
[    1.022663] ACPI: HPET id: 0x8086a701 base: 0xfed00000
[    1.022680] ACPI: SPCR: console: uart,io,0x3f8,115200
[    1.022693] TSC deadline timer available
[    1.022705] smpboot: Allowing 16 CPUs, 0 hotplug CPUs
[    1.023074] PM: hibernation: Registered nosave memory: [mem 0x00000000-0x00000fff]
[    1.023095] PM: hibernation: Registered nosave memory: [mem 0x000a0000-0x000fffff]
[    1.023117] PM: hibernation: Registered nosave memory: [mem 0xbb77a000-0xbcd2dfff]
[    1.023139] PM: hibernation: Registered nosave memory: [mem 0xbd0ec000-0xbd283fff]
[    1.023161] PM: hibernation: Registered nosave memory: [mem 0xbd41c000-0xbd855fff]
[    1.023183] PM: hibernation: Registered nosave memory: [mem 0xbda5e000-0xbdb76fff]
[    1.023206] PM: hibernation: Registered nosave memory: [mem 0xbdc90000-0xbdfbbfff]
[    1.023228] PM: hibernation: Registered nosave memory: [mem 0xbf435000-0xc0635fff]
[    1.023250] PM: hibernation: Registered nosave memory: [mem 0xcba03000-0xcba04fff]
[    1.023273] PM: hibernation: Registered nosave memory: [mem 0xcba06000-0xcba4dfff]
[    1.023296] PM: hibernation: Registered nosave memory: [mem 0xcba4f000-0xcba56fff]
[    1.023318] PM: hibernation: Registered nosave memory: [mem 0xcba58000-0xcd42afff]
[    1.023341] PM: hibernation: Registered nosave memory: [mem 0xcd42c000-0xcd42cfff]
[    1.023364] PM: hibernation: Registered nosave memory: [mem 0xcd42e000-0xcd63ffff]
[    1.023387] PM: hibernation: Registered nosave memory: [mem 0xcd6bf000-0xcd6bffff]
[    1.023410] PM: hibernation: Registered nosave memory: [mem 0xce51f000-0xcf11ffff]
[    1.023433] PM: hibernation: Registered nosave memory: [mem 0xcf133000-0xcf732fff]
[    1.023447] PM: hibernation: Registered nosave memory: [mem 0xcf733000-0xcf733fff]
[    1.023470] PM: hibernation: Registered nosave memory: [mem 0xd27dd000-0xd284dfff]
[    1.023493] PM: hibernation: Registered nosave memory: [mem 0xd2895000-0xd2896fff]
[    1.023517] PM: hibernation: Registered nosave memory: [mem 0xd2977000-0xd2978fff]
[    1.023541] PM: hibernation: Registered nosave memory: [mem 0xd2f55000-0xd2f5dfff]
[    1.023564] PM: hibernation: Registered nosave memory: [mem 0xd34bc000-0xd3abbfff]
[    1.023588] PM: hibernation: Registered nosave memory: [mem 0xd3c60000-0xd3c7bfff]
[    1.023612] PM: hibernation: Registered nosave memory: [mem 0xd69cf000-0xd6ccefff]
[    1.023625] PM: hibernation: Registered nosave memory: [mem 0xd6ccf000-0xd76fefff]
[    1.023639] PM: hibernation: Registered nosave memory: [mem 0xd76ff000-0xd77fefff]
[    1.023663] PM: hibernation: Registered nosave memory: [mem 0xd7800000-0xdfffffff]
[    1.023676] PM: hibernation: Registered nosave memory: [mem 0xe0000000-0xf282ffff]
[    1.023689] PM: hibernation: Registered nosave memory: [mem 0xf2830000-0xf2830fff]
[    1.023703] PM: hibernation: Registered nosave memory: [mem 0xf2831000-0xffffffff]
[    1.023718] [mem 0xe0000000-0xf282ffff] available for PCI devices
[    1.023732] Booting paravirtualized kernel on bare hardware
[    1.023745] clocksource: refined-jiffies: mask: 0xffffffff max_cycles: 0xffffffff, max_idle_ns: 1910969940391419 ns
[    1.037499] setup_percpu: NR_CPUS:8192 nr_cpumask_bits:16 nr_cpu_ids:16 nr_node_ids:2
[    1.037592] percpu: Embedded 54 pages/cpu s184232 r8192 d28760 u262144
[    1.037665] pcpu-alloc: s184232 r8192 d28760 u262144 alloc=1*2097152
[    1.037690] pcpu-alloc: [0] 00 01 02 03 04 05 06 07 [0] 08 09 10 11 12 13 14 15 
[    1.038148] Fallback order for Node 0: 0 
[    1.038184] Built 1 zonelists, mobility grouping on.  Total pages: 65863266
[    1.038197] Policy zone: Normal
[    1.038209] Kernel command line: BOOT_IMAGE=(hd1,gpt2)/vmlinuz-5.17.0-881b568756ae-g881b568756ae root=/dev/mapper/cs-root ro crashkernel=1G-4G:192M,4G-64G:256M,64G-:512M resume=/dev/mapper/cs-swap rd.lvm.lv=cs/root rd.lvm.lv=cs/swap rhgb quiet console=tty0 console=ttyS0,115200n8 intel_iommu=on,sm_on initcall_debug log_buf_len=200M no_console_suspend ignore_loglevel selinux=0 cxl_acpi.dyndbg=+fplm cxl_pci.dyndbg=+fplm cxl_core.dyndbg=+fplm cxl_mem.dyndbg=+fplm cxl_pmem.dyndbg=+fplm cxl_port.dyndbg=+fplm cxl_region.dyndbg=+fplm cxl_test.dyndbg=+fplm cxl_mock.dyndbg=+fplm cxl_mock_mem.dyndbg=+fplm
[    1.038465] DMAR: IOMMU enabled
[    1.038477] DMAR: Enable scalable mode if hardware supports
[    1.038881] Unknown kernel command line parameters "rhgb BOOT_IMAGE=(hd1,gpt2)/vmlinuz-5.17.0-881b568756ae-g881b568756ae", will be passed to user space.
[    1.038915] Dentry cache hash table entries: 16777216 (order: 15, 134217728 bytes, linear)
[    1.038946] Inode-cache hash table entries: 8388608 (order: 14, 67108864 bytes, linear)
[    1.039154] mem auto-init: stack:off, heap alloc:off, heap free:off
[    1.934000] Memory: 260967012K/267635512K available (20493K kernel code, 60544K rwdata, 10656K rodata, 2572K init, 24668K bss, 6668296K reserved, 0K cma-reserved)
[    1.937640] SLUB: HWalign=64, Order=0-3, MinObjects=0, CPUs=16, Nodes=2
[    1.937654] kmemleak: Kernel memory leak detector disabled
[    1.937688] ftrace: allocating 62319 entries in 244 pages
[    1.945630] ftrace: allocated 244 pages with 5 groups
[    1.946560] Dynamic Preempt: none
[    1.946655] rcu: Preemptible hierarchical RCU implementation.
[    1.946667] rcu: 	RCU restricting CPUs from NR_CPUS=8192 to nr_cpu_ids=16.
[    1.946681] 	Trampoline variant of Tasks RCU enabled.
[    1.946693] 	Rude variant of Tasks RCU enabled.
[    1.946705] 	Tracing variant of Tasks RCU enabled.
[    1.946717] rcu: RCU calculated value of scheduler-enlistment delay is 100 jiffies.
[    1.946730] rcu: Adjusting geometry for rcu_fanout_leaf=16, nr_cpu_ids=16
[    1.961514] NR_IRQS: 524544, nr_irqs: 552, preallocated irqs: 16
[    1.962237] random: get_random_bytes called from start_kernel+0x4c6/0x69a with crng_init=0
[    1.962300] calling  con_init+0x0/0x22c @ 0
[    1.962330] Console: colour dummy device 80x25
[    1.965699] printk: console [tty0] enabled
[    1.965715] initcall con_init+0x0/0x22c returned 0 after 0 usecs
[    1.965735] calling  hvc_console_init+0x0/0x14 @ 0
[    1.965755] initcall hvc_console_init+0x0/0x14 returned 0 after 0 usecs
[    1.965776] calling  univ8250_console_init+0x0/0x27 @ 0
[    2.778694] printk: console [ttyS0] enabled
[    2.779712] initcall univ8250_console_init+0x0/0x27 returned 0 after 0 usecs
[    2.781396] calling  kgdboc_earlycon_late_init+0x0/0x1d @ 0
[    2.782739] initcall kgdboc_earlycon_late_init+0x0/0x1d returned 0 after 0 usecs
[    2.784538] ACPI: Core revision 20211217
[    2.814072] clocksource: hpet: mask: 0xffffffff max_cycles: 0xffffffff, max_idle_ns: 76450417870 ns
[    2.816236] APIC: Switch to symmetric I/O mode setup
[    2.817497] DMAR: Host address width 52
[    2.818496] DMAR: DRHD base: 0x0017ff40000000 flags: 0x0
[    2.819841] DMAR: dmar0: reg_base_addr 17ff40000000 ver 8:0 cap f9e8008cee730c06 ecap 7bbfef9ea4f0efdf
[    2.822109] DMAR: DRHD base: 0x0017ff80000000 flags: 0x0
[    2.823454] DMAR: dmar1: reg_base_addr 17ff80000000 ver 8:0 cap f9e8008cee730c06 ecap 7bbfef9ea4f0efdf
[    2.825722] DMAR: DRHD base: 0x0017ffc0000000 flags: 0x0
[    2.827067] DMAR: dmar2: reg_base_addr 17ffc0000000 ver 8:0 cap f9e8008cee730c06 ecap 7bbfef9ea4f0efdf
[    2.829336] DMAR: DRHD base: 0x001ffec0000000 flags: 0x0
[    2.830681] DMAR: dmar3: reg_base_addr 1ffec0000000 ver 8:0 cap f9e8008cee730c06 ecap 7bbfef9ea4f0efdf
[    2.833011] DMAR: DRHD base: 0x001fff00000000 flags: 0x0
[    2.834356] DMAR: dmar4: reg_base_addr 1fff00000000 ver 8:0 cap f9e8008cee730c06 ecap 7bbfef9ea4f0efdf
[    2.836624] DMAR: DRHD base: 0x001fff40000000 flags: 0x0
[    2.837980] DMAR: dmar5: reg_base_addr 1fff40000000 ver 8:0 cap f9e8008cee730c06 ecap 7bbfef9ea4f0efdf
[    2.840249] DMAR: DRHD base: 0x001fff80000000 flags: 0x0
[    2.841594] DMAR: dmar6: reg_base_addr 1fff80000000 ver 8:0 cap f9e8008cee730c06 ecap 7bbfef9ea4f0efdf
[    2.843862] DMAR: DRHD base: 0x0017ff00000000 flags: 0x0
[    2.845207] DMAR: dmar7: reg_base_addr 17ff00000000 ver 8:0 cap f9e8008cee730c06 ecap 7bbfef9ea4f0efdf
[    2.847537] DMAR: ATSR flags: 0x1
[    2.848354] DMAR: ATSR flags: 0x1
[    2.849233] DMAR: SATC flags: 0x0
[    2.850112] DMAR: SATC flags: 0x0
[    2.850991] DMAR-IR: IOAPIC id 8 under DRHD base  0x17ff00000000 IOMMU 7
[    2.852654] DMAR-IR: HPET id 0 under DRHD base 0x17ff00000000
[    2.854097] DMAR-IR: Queued invalidation will be enabled to support x2apic and Intr-remapping.
[    2.858263] DMAR-IR: Enabled IRQ remapping in x2apic mode
[    2.860334] ..TIMER: vector=0x30 apic1=0 pin1=2 apic2=-1 pin2=-1
[    2.866258] clocksource: tsc-early: mask: 0xffffffffffffffff max_cycles: 0x22983777dd9, max_idle_ns: 440795300422 ns
[    2.868797] Calibrating delay loop (skipped), value calculated using timer frequency.. 4800.00 BogoMIPS (lpj=2400000)
[    2.869838] pid_max: default: 32768 minimum: 301
MmEntryPoint ...
ClearRasRegister: Success to get RAS policy.
MmEntryPoint Done
[    2.900866] LSM: Security Framework initializing
[    2.902052] Mount-cache hash table entries: 262144 (order: 9, 2097152 bytes, linear)
[    2.903023] Mountpoint-cache hash table entries: 262144 (order: 9, 2097152 bytes, linear)
[    2.904206] x86/cpu: SGX disabled by BIOS.
[    2.904859] x86/tme: not enabled by BIOS
[    2.905838] CPU0: Thermal monitoring enabled (TM1)
[    2.906838] x86/cpu: User Mode Instruction Prevention (UMIP) activated
[    2.907842] process: using mwait in idle threads
[    2.908839] Last level iTLB entries: 4KB 0, 2MB 0, 4MB 0
[    2.909838] Last level dTLB entries: 4KB 0, 2MB 0, 4MB 0, 1GB 0
[    2.910841] Spectre V1 : Mitigation: usercopy/swapgs barriers and __user pointer sanitization
[    2.911844] Spectre V2 : Mitigation: Enhanced IBRS
[    2.912838] Spectre V2 : Spectre v2 / SpectreRSB mitigation: Filling RSB on context switch
[    2.913841] Spectre V2 : mitigation: Enabling conditional Indirect Branch Prediction Barrier
[    2.914844] Speculative Store Bypass: Mitigation: Speculative Store Bypass disabled via prctl
[    2.927783] Freeing SMP alternatives memory: 60K
[    2.928037] smpboot: CPU0: Intel(R) Core TM M7-6Y75 @ 2.00GHZ (family: 0x13, model: 0x0, stepping: 0x0)
[    2.929787] cblist_init_generic: Setting adjustable number of callback queues.
[    2.929838] cblist_init_generic: Setting shift to 4 and lim to 1.
[    2.930987] cblist_init_generic: Setting shift to 4 and lim to 1.
[    2.931989] cblist_init_generic: Setting shift to 4 and lim to 1.
[    2.932977] calling  init_hw_perf_events+0x0/0x61a @ 1
[    2.933838] Performance Events: XSAVE Architectural LBR,  AnyThread deprecated, generic architected perfmon, 32-deep LBR, full-width counters, Intel PMU driver.
[    2.934838] ... version:                6
[    2.935828] ... bit width:              48
[    2.936838] ... generic registers:      8
[    2.937828] ... value mask:             0000ffffffffffff
[    2.938838] ... max period:             00007fffffffffff
[    2.939859] ... fixed-purpose events:   4
[    2.940838] ... event mask:             0001000f000000ff
[    2.941915] initcall init_hw_perf_events+0x0/0x61a returned 0 after 7812 usecs
[    2.942838] calling  init_real_mode+0x0/0x1ee @ 1
[    2.943845] initcall init_real_mode+0x0/0x1ee returned 0 after 0 usecs
[    2.944838] calling  trace_init_perf_perm_irq_work_exit+0x0/0x13 @ 1
[    2.945838] initcall trace_init_perf_perm_irq_work_exit+0x0/0x13 returned 0 after 0 usecs
[    2.946838] calling  register_nmi_cpu_backtrace_handler+0x0/0x16 @ 1
[    2.947838] initcall register_nmi_cpu_backtrace_handler+0x0/0x16 returned 0 after 0 usecs
[    2.948838] calling  kvm_setup_vsyscall_timeinfo+0x0/0xe6 @ 1
[    2.949838] initcall kvm_setup_vsyscall_timeinfo+0x0/0xe6 returned 0 after 0 usecs
[    2.950838] calling  spawn_ksoftirqd+0x0/0x39 @ 1
[    2.952001] initcall spawn_ksoftirqd+0x0/0x39 returned 0 after 0 usecs
[    2.952838] calling  migration_init+0x0/0x32 @ 1
[    2.953838] initcall migration_init+0x0/0x32 returned 0 after 0 usecs
[    2.954838] calling  srcu_bootup_announce+0x0/0x30 @ 1
[    2.955838] rcu: Hierarchical SRCU implementation.
[    2.956838] initcall srcu_bootup_announce+0x0/0x30 returned 0 after 976 usecs
[    2.957838] calling  rcu_spawn_gp_kthread+0x0/0x188 @ 1
[    2.958975] initcall rcu_spawn_gp_kthread+0x0/0x188 returned 0 after 0 usecs
[    2.959838] calling  check_cpu_stall_init+0x0/0x1b @ 1
[    2.960838] initcall check_cpu_stall_init+0x0/0x1b returned 0 after 0 usecs
[    2.961838] calling  rcu_sysrq_init+0x0/0x22 @ 1
[    2.962838] initcall rcu_sysrq_init+0x0/0x22 returned 0 after 0 usecs
[    2.963838] calling  trace_init_flags_sys_enter+0x0/0xf @ 1
[    2.964838] initcall trace_init_flags_sys_enter+0x0/0xf returned 0 after 0 usecs
[    2.965838] calling  trace_init_flags_sys_exit+0x0/0xf @ 1
[    2.966838] initcall trace_init_flags_sys_exit+0x0/0xf returned 0 after 0 usecs
[    2.967838] calling  cpu_stop_init+0x0/0xa7 @ 1
[    2.969011] initcall cpu_stop_init+0x0/0xa7 returned 0 after 0 usecs
[    2.969870] calling  init_kprobes+0x0/0x183 @ 1
[    2.971224] initcall init_kprobes+0x0/0x183 returned 0 after 0 usecs
[    2.971838] calling  init_events+0x0/0x40 @ 1
[    2.972861] initcall init_events+0x0/0x40 returned 0 after 0 usecs
[    2.973838] calling  init_trace_printk+0x0/0xc @ 1
[    2.974838] initcall init_trace_printk+0x0/0xc returned 0 after 0 usecs
[    2.975838] calling  event_trace_enable_again+0x0/0x3e @ 1
[    2.976838] initcall event_trace_enable_again+0x0/0x3e returned 0 after 0 usecs
[    2.977838] calling  irq_work_init_threads+0x0/0x3 @ 1
[    2.978838] initcall irq_work_init_threads+0x0/0x3 returned 0 after 0 usecs
[    2.979838] calling  static_call_init+0x0/0x7f @ 1
[    2.980838] initcall static_call_init+0x0/0x7f returned 0 after 0 usecs
[    2.981838] calling  init_zero_pfn+0x0/0x38 @ 1
[    2.982838] initcall init_zero_pfn+0x0/0x38 returned 0 after 0 usecs
[    2.983838] calling  init_fs_inode_sysctls+0x0/0x22 @ 1
[    2.984839] initcall init_fs_inode_sysctls+0x0/0x22 returned 0 after 0 usecs
[    2.985838] calling  init_fs_locks_sysctls+0x0/0x22 @ 1
[    2.986839] initcall init_fs_locks_sysctls+0x0/0x22 returned 0 after 0 usecs
[    2.987838] calling  dynamic_debug_init+0x0/0x159 @ 1
[    2.989147] initcall dynamic_debug_init+0x0/0x159 returned 0 after 0 usecs
[    2.989838] calling  initialize_ptr_random+0x0/0x45 @ 1
[    2.990838] initcall initialize_ptr_random+0x0/0x45 returned 0 after 0 usecs
[    2.991838] calling  mce_amd_init+0x0/0x1f3 @ 1
[    2.992838] initcall mce_amd_init+0x0/0x1f3 returned -19 after 0 usecs
[    2.993838] calling  efi_memreserve_root_init+0x0/0x26 @ 1
[    2.994838] initcall efi_memreserve_root_init+0x0/0x26 returned 0 after 0 usecs
[    2.995838] calling  efi_earlycon_remap_fb+0x0/0x4e @ 1
[    2.996838] initcall efi_earlycon_remap_fb+0x0/0x4e returned 0 after 0 usecs
[    2.997838] calling  idle_inject_init+0x0/0x11 @ 1
[    2.999028] initcall idle_inject_init+0x0/0x11 returned 0 after 0 usecs
[    3.000850] smp: Bringing up secondary CPUs ...
[    3.002685] x86: Booting SMP configuration:
[    3.002870] .... node  #0, CPUs:        #1  #2  #3  #4
[    0.871593] smpboot: CPU 4 Converting physical 32 to logical die 2
[    3.062945]   #5  #6
[    0.871593] smpboot: CPU 6 Converting physical 33 to logical die 3
[    3.095645]   #7  #8
[    0.871593] smpboot: CPU 8 Converting physical 64 to logical die 4
[    3.128709]   #9 #10
[    0.871593] smpboot: CPU 10 Converting physical 65 to logical die 5
[    3.161891]  #11 #12
[    0.871593] smpboot: CPU 12 Converting physical 96 to logical die 6
[    3.194986]  #13 #14
[    0.871593] smpboot: CPU 14 Converting physical 97 to logical die 7
[    3.228231]  #15
[    3.239088] smp: Brought up 1 node, 16 CPUs
[    3.239838] smpboot: Max logical packages: 1
[    3.240838] smpboot: Total of 16 processors activated (76800.00 BogoMIPS)
[    3.242333] BUG: arch topology borken
[    3.242859]      the CLS domain not a subset of the MC domain
[    3.243842] BUG: arch topology borken
[    3.244738]      the CLS domain not a subset of the MC domain
[    3.244842] BUG: arch topology borken
[    3.245738]      the CLS domain not a subset of the MC domain
[    3.245842] BUG: arch topology borken
[    3.246738]      the CLS domain not a subset of the MC domain
[    3.246842] BUG: arch topology borken
[    3.247738]      the CLS domain not a subset of the MC domain
[    3.247842] BUG: arch topology borken
[    3.248738]      the CLS domain not a subset of the MC domain
[    3.248842] BUG: arch topology borken
[    3.249738]      the CLS domain not a subset of the MC domain
[    3.249842] BUG: arch topology borken
[    3.250738]      the CLS domain not a subset of the MC domain
[    3.250842] BUG: arch topology borken
[    3.251738]      the CLS domain not a subset of the MC domain
[    3.251842] BUG: arch topology borken
[    3.252738]      the CLS domain not a subset of the MC domain
[    3.252842] BUG: arch topology borken
[    3.253738]      the CLS domain not a subset of the MC domain
[    3.253842] BUG: arch topology borken
[    3.254738]      the CLS domain not a subset of the MC domain
[    3.254842] BUG: arch topology borken
[    3.255738]      the CLS domain not a subset of the MC domain
[    3.255842] BUG: arch topology borken
[    3.256738]      the CLS domain not a subset of the MC domain
[    3.256842] BUG: arch topology borken
[    3.257738]      the CLS domain not a subset of the MC domain
[    3.257842] BUG: arch topology borken
[    3.258738]      the CLS domain not a subset of the MC domain
[    3.270960] devtmpfs: initialized
[    3.271932] x86/mm: Memory block size: 2048MB
[    3.277213] calling  bpf_jit_charge_init+0x0/0x3c @ 1
[    3.277838] initcall bpf_jit_charge_init+0x0/0x3c returned 0 after 0 usecs
[    3.278838] calling  ipc_ns_init+0x0/0x3f @ 1
[    3.279840] initcall ipc_ns_init+0x0/0x3f returned 0 after 0 usecs
[    3.280838] calling  init_mmap_min_addr+0x0/0x27 @ 1
[    3.281838] initcall init_mmap_min_addr+0x0/0x27 returned 0 after 0 usecs
[    3.282838] calling  pci_realloc_setup_params+0x0/0x41 @ 1
[    3.283838] initcall pci_realloc_setup_params+0x0/0x41 returned 0 after 0 usecs
[    3.284838] calling  net_ns_init+0x0/0x111 @ 1
[    3.285866] initcall net_ns_init+0x0/0x111 returned 0 after 0 usecs
[    3.286880] calling  inet_frag_wq_init+0x0/0x3d @ 1
[    3.287885] initcall inet_frag_wq_init+0x0/0x3d returned 0 after 0 usecs
[    3.289346] calling  e820__register_nvs_regions+0x0/0x38 @ 1
[    3.289838] ACPI: PM: Registering ACPI NVS region [mem 0xcd6bf000-0xcd6bffff] (4096 bytes)
[    3.290838] ACPI: PM: Registering ACPI NVS region [mem 0xce51f000-0xcf11ffff] (12587008 bytes)
[    3.292713] ACPI: PM: Registering ACPI NVS region [mem 0xcf733000-0xcf733fff] (4096 bytes)
[    3.292838] ACPI: PM: Registering ACPI NVS region [mem 0xd6ccf000-0xd76fefff] (10682368 bytes)
[    3.294598] initcall e820__register_nvs_regions+0x0/0x38 returned 0 after 3906 usecs
[    3.294838] calling  cpufreq_register_tsc_scaling+0x0/0x2a @ 1
[    3.295838] initcall cpufreq_register_tsc_scaling+0x0/0x2a returned 0 after 0 usecs
[    3.296838] calling  reboot_init+0x0/0x3d @ 1
[    3.297844] initcall reboot_init+0x0/0x3d returned 0 after 0 usecs
[    3.298838] calling  init_lapic_sysfs+0x0/0x21 @ 1
[    3.299838] initcall init_lapic_sysfs+0x0/0x21 returned 0 after 0 usecs
[    3.300838] calling  alloc_frozen_cpus+0x0/0x1e @ 1
[    3.301838] initcall alloc_frozen_cpus+0x0/0x1e returned 0 after 0 usecs
[    3.302838] calling  cpu_hotplug_pm_sync_init+0x0/0x14 @ 1
[    3.303838] initcall cpu_hotplug_pm_sync_init+0x0/0x14 returned 0 after 0 usecs
[    3.304838] calling  wq_sysfs_init+0x0/0x2b @ 1
[    3.305868] initcall wq_sysfs_init+0x0/0x2b returned 0 after 0 usecs
[    3.306838] calling  ksysfs_init+0x0/0x93 @ 1
[    3.307847] initcall ksysfs_init+0x0/0x93 returned 0 after 0 usecs
[    3.308838] calling  schedutil_gov_init+0x0/0x11 @ 1
[    3.309838] initcall schedutil_gov_init+0x0/0x11 returned 0 after 0 usecs
[    3.310838] calling  pm_init+0x0/0x73 @ 1
[    3.311875] initcall pm_init+0x0/0x73 returned 0 after 976 usecs
[    3.312838] calling  pm_disk_init+0x0/0x18 @ 1
[    3.313842] initcall pm_disk_init+0x0/0x18 returned 0 after 0 usecs
[    3.314838] calling  swsusp_header_init+0x0/0x2c @ 1
[    3.315839] initcall swsusp_header_init+0x0/0x2c returned 0 after 0 usecs
[    3.316838] calling  rcu_set_runtime_mode+0x0/0x17 @ 1
[    3.317840] initcall rcu_set_runtime_mode+0x0/0x17 returned 0 after 0 usecs
[    3.318838] calling  init_jiffies_clocksource+0x0/0x18 @ 1
[    3.319838] clocksource: jiffies: mask: 0xffffffff max_cycles: 0xffffffff, max_idle_ns: 1911260446275000 ns
[    3.320838] initcall init_jiffies_clocksource+0x0/0x18 returned 0 after 976 usecs
[    3.321838] calling  futex_init+0x0/0xfe @ 1
[    3.322839] futex hash table entries: 4096 (order: 6, 262144 bytes, linear)
[    3.323885] initcall futex_init+0x0/0xfe returned 0 after 976 usecs
[    3.324838] calling  cgroup_wq_init+0x0/0x29 @ 1
[    3.325843] initcall cgroup_wq_init+0x0/0x29 returned 0 after 0 usecs
[    3.326838] calling  cgroup1_wq_init+0x0/0x29 @ 1
[    3.327843] initcall cgroup1_wq_init+0x0/0x29 returned 0 after 0 usecs
[    3.328838] calling  ftrace_mod_cmd_init+0x0/0xc @ 1
[    3.329838] initcall ftrace_mod_cmd_init+0x0/0xc returned 0 after 0 usecs
[    3.330838] calling  init_wakeup_tracer+0x0/0x2d @ 1
[    3.331839] initcall init_wakeup_tracer+0x0/0x2d returned 0 after 0 usecs
[    3.332838] calling  init_graph_trace+0x0/0x5d @ 1
[    3.333870] initcall init_graph_trace+0x0/0x5d returned 0 after 0 usecs
[    3.334838] calling  trace_events_eprobe_init_early+0x0/0x23 @ 1
[    3.335838] initcall trace_events_eprobe_init_early+0x0/0x23 returned 0 after 0 usecs
[    3.336838] calling  trace_events_synth_init_early+0x0/0x23 @ 1
[    3.337838] initcall trace_events_synth_init_early+0x0/0x23 returned 0 after 0 usecs
[    3.338838] calling  init_kprobe_trace_early+0x0/0x26 @ 1
[    3.339838] initcall init_kprobe_trace_early+0x0/0x26 returned 0 after 0 usecs
[    3.340838] calling  mem_cgroup_swap_init+0x0/0x56 @ 1
[    3.341839] initcall mem_cgroup_swap_init+0x0/0x56 returned 0 after 0 usecs
[    3.342838] calling  memory_failure_init+0x0/0xc1 @ 1
[    3.343839] initcall memory_failure_init+0x0/0xc1 returned 0 after 0 usecs
[    3.344838] calling  cma_init_reserved_areas+0x0/0x1e6 @ 1
[    3.345838] initcall cma_init_reserved_areas+0x0/0x1e6 returned 0 after 0 usecs
[    3.346838] calling  fsnotify_init+0x0/0x49 @ 1
[    3.347844] initcall fsnotify_init+0x0/0x49 returned 0 after 0 usecs
[    3.348838] calling  filelock_init+0x0/0xb8 @ 1
[    3.349857] initcall filelock_init+0x0/0xb8 returned 0 after 0 usecs
[    3.350838] calling  init_script_binfmt+0x0/0x16 @ 1
[    3.351838] initcall init_script_binfmt+0x0/0x16 returned 0 after 0 usecs
[    3.352838] calling  init_elf_binfmt+0x0/0x16 @ 1
[    3.353838] initcall init_elf_binfmt+0x0/0x16 returned 0 after 0 usecs
[    3.354838] calling  init_compat_elf_binfmt+0x0/0x16 @ 1
[    3.355838] initcall init_compat_elf_binfmt+0x0/0x16 returned 0 after 0 usecs
[    3.356838] calling  configfs_init+0x0/0x94 @ 1
[    3.357840] initcall configfs_init+0x0/0x94 returned 0 after 0 usecs
[    3.358838] calling  debugfs_init+0x0/0x5d @ 1
[    3.359839] initcall debugfs_init+0x0/0x5d returned 0 after 0 usecs
[    3.360838] calling  tracefs_init+0x0/0x3b @ 1
[    3.361850] initcall tracefs_init+0x0/0x3b returned 0 after 0 usecs
[    3.362838] calling  securityfs_init+0x0/0x69 @ 1
[    3.363850] initcall securityfs_init+0x0/0x69 returned 0 after 0 usecs
[    3.364838] calling  register_xor_blocks+0x0/0x9d @ 1
[    3.365838] initcall register_xor_blocks+0x0/0x9d returned 0 after 0 usecs
[    3.366838] calling  prandom_init_early+0x0/0x155 @ 1
[    3.367839] initcall prandom_init_early+0x0/0x155 returned 0 after 0 usecs
[    3.368838] calling  pinctrl_init+0x0/0xae @ 1
[    3.369838] pinctrl core: initialized pinctrl subsystem
[    3.370872] initcall pinctrl_init+0x0/0xae returned 0 after 976 usecs
[    3.371838] calling  gpiolib_dev_init+0x0/0xfd @ 1
[    3.372850] initcall gpiolib_dev_init+0x0/0xfd returned 0 after 0 usecs
[    3.373838] calling  virtio_init+0x0/0x20 @ 1
[    3.374845] initcall virtio_init+0x0/0x20 returned 0 after 0 usecs
[    3.375838] calling  iommu_init+0x0/0x30 @ 1
[    3.376841] 
[    3.377234] *************************************************************
[    3.377838] **     NOTICE NOTICE NOTICE NOTICE NOTICE NOTICE NOTICE    **
[    3.378838] **                                                         **
[    3.379838] **  IOMMU DebugFS SUPPORT HAS BEEN ENABLED IN THIS KERNEL  **
[    3.380838] **                                                         **
[    3.381838] ** This means that this kernel is built to expose internal **
[    3.382838] ** IOMMU data structures, which may compromise security on **
[    3.383838] ** your system.                                            **
[    3.384838] **                                                         **
[    3.385838] ** If you see this message and you are not debugging the   **
[    3.386838] ** kernel, report this immediately to your vendor!         **
[    3.387838] **                                                         **
[    3.388838] **     NOTICE NOTICE NOTICE NOTICE NOTICE NOTICE NOTICE    **
[    3.389838] *************************************************************
[    3.390838] initcall iommu_init+0x0/0x30 returned 0 after 13671 usecs
[    3.391838] calling  component_debug_init+0x0/0x1d @ 1
[    3.392840] initcall component_debug_init+0x0/0x1d returned 0 after 0 usecs
[    3.393838] calling  opp_debug_init+0x0/0x1d @ 1
[    3.394840] initcall opp_debug_init+0x0/0x1d returned 0 after 0 usecs
[    3.395838] calling  cpufreq_core_init+0x0/0x63 @ 1
[    3.396870] initcall cpufreq_core_init+0x0/0x63 returned 0 after 0 usecs
[    3.397838] calling  cpufreq_gov_performance_init+0x0/0x11 @ 1
[    3.398838] initcall cpufreq_gov_performance_init+0x0/0x11 returned 0 after 0 usecs
[    3.399838] calling  cpufreq_gov_powersave_init+0x0/0x11 @ 1
[    3.400838] initcall cpufreq_gov_powersave_init+0x0/0x11 returned 0 after 0 usecs
[    3.401838] calling  cpufreq_gov_userspace_init+0x0/0x11 @ 1
[    3.402838] initcall cpufreq_gov_userspace_init+0x0/0x11 returned 0 after 0 usecs
[    3.403838] calling  CPU_FREQ_GOV_ONDEMAND_init+0x0/0x11 @ 1
[    3.404838] initcall CPU_FREQ_GOV_ONDEMAND_init+0x0/0x11 returned 0 after 0 usecs
[    3.405838] calling  CPU_FREQ_GOV_CONSERVATIVE_init+0x0/0x11 @ 1
[    3.406838] initcall CPU_FREQ_GOV_CONSERVATIVE_init+0x0/0x11 returned 0 after 0 usecs
[    3.407838] calling  cpuidle_init+0x0/0x20 @ 1
[    3.408842] initcall cpuidle_init+0x0/0x20 returned 0 after 0 usecs
[    3.409838] calling  capsule_reboot_register+0x0/0x11 @ 1
[    3.410838] initcall capsule_reboot_register+0x0/0x11 returned 0 after 0 usecs
[    3.411838] calling  sock_init+0x0/0x94 @ 1
[    3.413446] initcall sock_init+0x0/0x94 returned 0 after 0 usecs
[    3.413838] calling  net_inuse_init+0x0/0x24 @ 1
[    3.414839] initcall net_inuse_init+0x0/0x24 returned 0 after 0 usecs
[    3.415838] calling  net_defaults_init+0x0/0x24 @ 1
[    3.416838] initcall net_defaults_init+0x0/0x24 returned 0 after 0 usecs
[    3.417838] calling  init_default_flow_dissectors+0x0/0x50 @ 1
[    3.418838] initcall init_default_flow_dissectors+0x0/0x50 returned 0 after 0 usecs
[    3.419838] calling  netpoll_init+0x0/0x46 @ 1
[    3.420838] initcall netpoll_init+0x0/0x46 returned 0 after 0 usecs
[    3.421838] calling  netlink_proto_init+0x0/0x17f @ 1
[    3.422864] NET: Registered PF_NETLINK/PF_ROUTE protocol family
[    3.423844] initcall netlink_proto_init+0x0/0x17f returned 0 after 976 usecs
[    3.424838] calling  genl_init+0x0/0x36 @ 1
[    3.425840] initcall genl_init+0x0/0x36 returned 0 after 0 usecs
[    3.426838] calling  bsp_pm_check_init+0x0/0x14 @ 1
[    3.427838] initcall bsp_pm_check_init+0x0/0x14 returned 0 after 0 usecs
[    3.429315] calling  irq_sysfs_init+0x0/0x94 @ 1
[    3.430065] initcall irq_sysfs_init+0x0/0x94 returned 0 after 0 usecs
[    3.430838] calling  audit_init+0x0/0x1c6 @ 1
[    3.431839] audit: initializing netlink subsys (disabled)
[    3.432862] initcall audit_init+0x0/0x1c6 returned 0 after 976 usecs
[    3.432862] audit: type=2000 audit(1622937246.600:1): state=initialized audit_enabled=0 res=1
[    3.433869] calling  release_early_probes+0x0/0x38 @ 1
[    3.435838] initcall release_early_probes+0x0/0x38 returned 0 after 0 usecs
[    3.436838] calling  bdi_class_init+0x0/0x49 @ 1
[    3.437842] initcall bdi_class_init+0x0/0x49 returned 0 after 0 usecs
[    3.438838] calling  mm_sysfs_init+0x0/0x29 @ 1
[    3.439839] initcall mm_sysfs_init+0x0/0x29 returned 0 after 0 usecs
[    3.440838] calling  init_per_zone_wmark_min+0x0/0x26 @ 1
[    3.441843] initcall init_per_zone_wmark_min+0x0/0x26 returned 0 after 0 usecs
[    3.442838] calling  mpi_init+0x0/0x50 @ 1
[    3.443839] initcall mpi_init+0x0/0x50 returned 0 after 0 usecs
[    3.444838] calling  kobject_uevent_init+0x0/0xc @ 1
[    3.445840] initcall kobject_uevent_init+0x0/0xc returned 0 after 0 usecs
[    3.446838] calling  gpiolib_sysfs_init+0x0/0xa0 @ 1
[    3.447842] initcall gpiolib_sysfs_init+0x0/0xa0 returned 0 after 0 usecs
[    3.448838] calling  acpi_gpio_setup_params+0x0/0x68 @ 1
[    3.449839] initcall acpi_gpio_setup_params+0x0/0x68 returned 0 after 0 usecs
[    3.450838] calling  pcibus_class_init+0x0/0x18 @ 1
[    3.451841] initcall pcibus_class_init+0x0/0x18 returned 0 after 0 usecs
[    3.452838] calling  pci_driver_init+0x0/0x22 @ 1
[    3.453864] initcall pci_driver_init+0x0/0x22 returned 0 after 0 usecs
[    3.454838] calling  backlight_class_init+0x0/0xa6 @ 1
[    3.455841] initcall backlight_class_init+0x0/0xa6 returned 0 after 0 usecs
[    3.456838] calling  tty_class_init+0x0/0x34 @ 1
[    3.457841] initcall tty_class_init+0x0/0x34 returned 0 after 0 usecs
[    3.458838] calling  vtconsole_class_init+0x0/0xd8 @ 1
[    3.459900] initcall vtconsole_class_init+0x0/0xd8 returned 0 after 0 usecs
[    3.460838] calling  iommu_dev_init+0x0/0x18 @ 1
[    3.461841] initcall iommu_dev_init+0x0/0x18 returned 0 after 0 usecs
[    3.462838] calling  mipi_dsi_bus_init+0x0/0x11 @ 1
[    3.463845] initcall mipi_dsi_bus_init+0x0/0x11 returned 0 after 0 usecs
[    3.464838] calling  devlink_class_init+0x0/0x41 @ 1
[    3.465841] initcall devlink_class_init+0x0/0x41 returned 0 after 0 usecs
[    3.466838] calling  software_node_init+0x0/0x2b @ 1
[    3.467839] initcall software_node_init+0x0/0x2b returned 0 after 0 usecs
[    3.468838] calling  wakeup_sources_debugfs_init+0x0/0x24 @ 1
[    3.469840] initcall wakeup_sources_debugfs_init+0x0/0x24 returned 0 after 0 usecs
[    3.470838] calling  wakeup_sources_sysfs_init+0x0/0x30 @ 1
[    3.471841] initcall wakeup_sources_sysfs_init+0x0/0x30 returned 0 after 0 usecs
[    3.472838] calling  register_node_type+0x0/0x2f @ 1
[    3.473871] initcall register_node_type+0x0/0x2f returned 0 after 0 usecs
[    3.474838] calling  regmap_initcall+0x0/0xd @ 1
[    3.475840] initcall regmap_initcall+0x0/0xd returned 0 after 0 usecs
[    3.476838] calling  syscon_init+0x0/0x13 @ 1
[    3.477843] initcall syscon_init+0x0/0x13 returned 0 after 0 usecs
[    3.478838] calling  spi_init+0x0/0x99 @ 1
[    3.479848] initcall spi_init+0x0/0x99 returned 0 after 0 usecs
[    3.480838] calling  i2c_init+0x0/0xbf @ 1
[    3.481851] initcall i2c_init+0x0/0xbf returned 0 after 0 usecs
[    3.482838] calling  thermal_init+0x0/0x136 @ 1
[    3.483844] thermal_sys: Registered thermal governor 'step_wise'
[    3.483856] thermal_sys: Registered thermal governor 'user_space'
[    3.484841] initcall thermal_init+0x0/0x136 returned 0 after 976 usecs
[    3.486838] calling  init_ladder+0x0/0x24 @ 1
[    3.487948] cpuidle: using governor ladder
[    3.488869] initcall init_ladder+0x0/0x24 returned 0 after 976 usecs
[    3.489838] calling  init_menu+0x0/0x11 @ 1
[    3.490905] cpuidle: using governor menu
[    3.491869] initcall init_menu+0x0/0x11 returned 0 after 976 usecs
[    3.492838] calling  init_haltpoll+0x0/0x1d @ 1
[    3.493838] initcall init_haltpoll+0x0/0x1d returned 0 after 0 usecs
[    3.494838] calling  pcc_init+0x0/0x8d @ 1
[    3.495839] initcall pcc_init+0x0/0x8d returned -19 after 0 usecs
[    3.496838] calling  amd_postcore_init+0x0/0x11a @ 1
[    3.497838] initcall amd_postcore_init+0x0/0x11a returned 0 after 0 usecs
[    3.499315] calling  bts_init+0x0/0xbb @ 1
[    3.499839] initcall bts_init+0x0/0xbb returned 0 after 0 usecs
[    3.500838] calling  pt_init+0x0/0x33c @ 1
[    3.502891] initcall pt_init+0x0/0x33c returned 0 after 976 usecs
[    3.503869] calling  boot_params_ksysfs_init+0x0/0x2cb @ 1
[    3.504841] initcall boot_params_ksysfs_init+0x0/0x2cb returned 0 after 0 usecs
[    3.505838] calling  sbf_init+0x0/0xce @ 1
[    3.506838] initcall sbf_init+0x0/0xce returned 0 after 0 usecs
[    3.507838] calling  arch_kdebugfs_init+0x0/0x1d @ 1
[    3.508840] initcall arch_kdebugfs_init+0x0/0x1d returned 0 after 0 usecs
[    3.509838] calling  xfd_update_static_branch+0x0/0x59 @ 1
[    3.510838] initcall xfd_update_static_branch+0x0/0x59 returned 0 after 0 usecs
[    3.511838] calling  intel_pconfig_init+0x0/0x82 @ 1
[    3.512838] initcall intel_pconfig_init+0x0/0x82 returned 0 after 0 usecs
[    3.513838] calling  mtrr_if_init+0x0/0x5e @ 1
[    3.514839] initcall mtrr_if_init+0x0/0x5e returned 0 after 0 usecs
[    3.515838] calling  activate_jump_labels+0x0/0x32 @ 1
[    3.516838] initcall activate_jump_labels+0x0/0x32 returned 0 after 0 usecs
[    3.517838] calling  init_s4_sigcheck+0x0/0x24 @ 1
[    3.518838] initcall init_s4_sigcheck+0x0/0x24 returned 0 after 0 usecs
[    3.519838] calling  ffh_cstate_init+0x0/0x31 @ 1
[    3.520839] initcall ffh_cstate_init+0x0/0x31 returned 0 after 0 usecs
[    3.521838] calling  kvm_alloc_cpumask+0x0/0x98 @ 1
[    3.522869] initcall kvm_alloc_cpumask+0x0/0x98 returned 0 after 0 usecs
[    3.523838] calling  activate_jump_labels+0x0/0x32 @ 1
[    3.524838] initcall activate_jump_labels+0x0/0x32 returned 0 after 0 usecs
[    3.525838] calling  gigantic_pages_init+0x0/0x20 @ 1
[    3.526842] initcall gigantic_pages_init+0x0/0x20 returned 0 after 0 usecs
[    3.527838] calling  kcmp_cookies_init+0x0/0x38 @ 1
[    3.528840] initcall kcmp_cookies_init+0x0/0x38 returned 0 after 0 usecs
[    3.529838] calling  cryptomgr_init+0x0/0x11 @ 1
[    3.530838] initcall cryptomgr_init+0x0/0x11 returned 0 after 0 usecs
[    3.531838] calling  acpi_pci_init+0x0/0x4f @ 1
[    3.532838] acpiphp: ACPI Hot Plug PCI Controller Driver version: 0.5
[    3.533838] initcall acpi_pci_init+0x0/0x4f returned 0 after 976 usecs
[    3.534838] calling  dma_channel_table_init+0x0/0xca @ 1
[    3.535854] initcall dma_channel_table_init+0x0/0xca returned 0 after 0 usecs
[    3.536838] calling  dma_bus_init+0x0/0x10d @ 1
[    3.537889] initcall dma_bus_init+0x0/0x10d returned 0 after 0 usecs
[    3.538838] calling  iommu_dma_init+0x0/0x10 @ 1
[    3.539839] initcall iommu_dma_init+0x0/0x10 returned 0 after 0 usecs
[    3.540838] calling  dmi_id_init+0x0/0x37d @ 1
[    3.541900] initcall dmi_id_init+0x0/0x37d returned 0 after 0 usecs
[    3.542838] calling  pci_arch_init+0x0/0x72 @ 1
[    3.543991] PCI: MMCONFIG for domain 0000 [bus 00-ff] at [mem 0x100000000000-0x10000fffffff] (base 0x100000000000)
[    3.544839] PCI: MMCONFIG for domain 0001 [bus 00-ff] at [mem 0x100010000000-0x10001fffffff] (base 0x100010000000)
[    3.545839] PCI: MMCONFIG at [mem 0x100000000000-0x10000fffffff] reserved in E820
[    3.546870] PCI: MMCONFIG at [mem 0x100010000000-0x10001fffffff] reserved in E820
[    3.547907] PCI: Using configuration type 1 for base access
[    3.548844] initcall pci_arch_init+0x0/0x72 returned 0 after 4882 usecs
[    3.549838] calling  of_platform_default_populate_init+0x0/0xb7 @ 1
[    3.550838] initcall of_platform_default_populate_init+0x0/0xb7 returned -19 after 0 usecs
[    3.552315] calling  init_vdso+0x0/0x14 @ 1
[    3.552849] initcall init_vdso+0x0/0x14 returned 0 after 0 usecs
[    3.553838] calling  sysenter_setup+0x0/0x14 @ 1
[    3.554855] initcall sysenter_setup+0x0/0x14 returned 0 after 0 usecs
[    3.555838] calling  fixup_ht_bug+0x0/0xa8 @ 1
[    3.556838] initcall fixup_ht_bug+0x0/0xa8 returned 0 after 0 usecs
[    3.557838] calling  topology_init+0x0/0xd2 @ 1
[    3.560677] initcall topology_init+0x0/0xd2 returned 0 after 976 usecs
[    3.560870] calling  intel_epb_init+0x0/0x84 @ 1
[    3.561864] ENERGY_PERF_BIAS: Set to 'normal', was 'performance'
[    3.563902] initcall intel_epb_init+0x0/0x84 returned 0 after 1953 usecs
[    3.564838] calling  mtrr_init_finialize+0x0/0x3f @ 1
[    3.565838] initcall mtrr_init_finialize+0x0/0x3f returned 0 after 0 usecs
[    3.566838] calling  uid_cache_init+0x0/0xbb @ 1
[    3.567872] initcall uid_cache_init+0x0/0xbb returned 0 after 0 usecs
[    3.568838] calling  param_sysfs_init+0x0/0x1b2 @ 1
[    3.575665] initcall param_sysfs_init+0x0/0x1b2 returned 0 after 4882 usecs
[    3.575838] calling  user_namespace_sysctl_init+0x0/0xcf @ 1
[    3.576848] initcall user_namespace_sysctl_init+0x0/0xcf returned 0 after 0 usecs
[    3.577838] calling  proc_schedstat_init+0x0/0x25 @ 1
[    3.578839] initcall proc_schedstat_init+0x0/0x25 returned 0 after 0 usecs
[    3.579863] calling  pm_sysrq_init+0x0/0x19 @ 1
[    3.580948] initcall pm_sysrq_init+0x0/0x19 returned 0 after 0 usecs
[    3.581869] calling  create_proc_profile+0x0/0xd0 @ 1
[    3.582838] initcall create_proc_profile+0x0/0xd0 returned 0 after 0 usecs
[    3.583838] calling  crash_save_vmcoreinfo_init+0x0/0x675 @ 1
[    3.584895] initcall crash_save_vmcoreinfo_init+0x0/0x675 returned 0 after 0 usecs
[    3.585838] calling  crash_notes_memory_init+0x0/0x36 @ 1
[    3.586839] initcall crash_notes_memory_init+0x0/0x36 returned 0 after 0 usecs
[    3.587871] calling  cgroup_sysfs_init+0x0/0x18 @ 1
[    3.588840] initcall cgroup_sysfs_init+0x0/0x18 returned 0 after 0 usecs
[    3.589838] calling  cgroup_namespaces_init+0x0/0x8 @ 1
[    3.590838] initcall cgroup_namespaces_init+0x0/0x8 returned 0 after 0 usecs
[    3.591838] calling  user_namespaces_init+0x0/0x2d @ 1
[    3.592841] initcall user_namespaces_init+0x0/0x2d returned 0 after 0 usecs
[    3.593838] calling  init_optprobes+0x0/0x15 @ 1
[    3.594838] kprobes: kprobe jump-optimization is enabled. All kprobes are optimized if possible.
[    3.595838] initcall init_optprobes+0x0/0x15 returned 0 after 976 usecs
[    3.596838] calling  send_signal_irq_work_init+0x0/0x60 @ 1
[    3.597839] initcall send_signal_irq_work_init+0x0/0x60 returned 0 after 0 usecs
[    3.598838] calling  dev_map_init+0x0/0x52 @ 1
[    3.599839] initcall dev_map_init+0x0/0x52 returned 0 after 0 usecs
[    3.600838] calling  cpu_map_init+0x0/0x46 @ 1
[    3.601838] initcall cpu_map_init+0x0/0x46 returned 0 after 0 usecs
[    3.602838] calling  netns_bpf_init+0x0/0x11 @ 1
[    3.603838] initcall netns_bpf_init+0x0/0x11 returned 0 after 0 usecs
[    3.604838] calling  oom_init+0x0/0x30 @ 1
[    3.605860] initcall oom_init+0x0/0x30 returned 0 after 0 usecs
[    3.606880] calling  default_bdi_init+0x0/0xa8 @ 1
[    3.607885] initcall default_bdi_init+0x0/0xa8 returned 0 after 0 usecs
[    3.608869] calling  cgwb_init+0x0/0x29 @ 1
[    3.609843] initcall cgwb_init+0x0/0x29 returned 0 after 0 usecs
[    3.610838] calling  percpu_enable_async+0x0/0xf @ 1
[    3.611838] initcall percpu_enable_async+0x0/0xf returned 0 after 0 usecs
[    3.612838] calling  kcompactd_init+0x0/0x92 @ 1
[    3.613861] initcall kcompactd_init+0x0/0x92 returned 0 after 0 usecs
[    3.614869] calling  init_user_reserve+0x0/0x40 @ 1
[    3.615838] initcall init_user_reserve+0x0/0x40 returned 0 after 0 usecs
[    3.616838] calling  init_admin_reserve+0x0/0x40 @ 1
[    3.617838] initcall init_admin_reserve+0x0/0x40 returned 0 after 0 usecs
[    3.618838] calling  init_reserve_notifier+0x0/0x1f @ 1
[    3.619838] initcall init_reserve_notifier+0x0/0x1f returned 0 after 0 usecs
[    3.620838] calling  swap_init_sysfs+0x0/0x63 @ 1
[    3.621840] initcall swap_init_sysfs+0x0/0x63 returned 0 after 0 usecs
[    3.622838] calling  swapfile_init+0x0/0x90 @ 1
[    3.623838] initcall swapfile_init+0x0/0x90 returned 0 after 0 usecs
[    3.624838] calling  hugetlb_init+0x0/0x4da @ 1
[    3.625842] HugeTLB registered 1.00 GiB page size, pre-allocated 0 pages
[    3.626870] HugeTLB registered 2.00 MiB page size, pre-allocated 0 pages
[    3.627887] initcall hugetlb_init+0x0/0x4da returned 0 after 1953 usecs
[    3.628838] calling  ksm_init+0x0/0x197 @ 1
[    3.629910] initcall ksm_init+0x0/0x197 returned 0 after 0 usecs
[    3.630869] calling  numa_init_sysfs+0x0/0x63 @ 1
[    3.631840] initcall numa_init_sysfs+0x0/0x63 returned 0 after 0 usecs
[    3.632838] calling  hugepage_init+0x0/0x137 @ 1
[    3.633876] initcall hugepage_init+0x0/0x137 returned 0 after 0 usecs
[    3.634869] calling  mem_cgroup_init+0x0/0x157 @ 1
[    3.635839] initcall mem_cgroup_init+0x0/0x157 returned 0 after 0 usecs
[    3.636838] calling  io_wq_init+0x0/0x39 @ 1
[    3.637838] initcall io_wq_init+0x0/0x39 returned 0 after 0 usecs
[    3.638838] calling  seqiv_module_init+0x0/0x11 @ 1
[    3.639838] initcall seqiv_module_init+0x0/0x11 returned 0 after 0 usecs
[    3.640838] calling  echainiv_module_init+0x0/0x11 @ 1
[    3.641838] initcall echainiv_module_init+0x0/0x11 returned 0 after 0 usecs
[    3.642838] calling  rsa_init+0x0/0x50 @ 1
[    3.643839] initcall rsa_init+0x0/0x50 returned 0 after 0 usecs
[    3.644838] calling  sm2_init+0x0/0x20 @ 1
[    3.645838] initcall sm2_init+0x0/0x20 returned 0 after 0 usecs
[    3.646838] calling  ecdsa_init+0x0/0x80 @ 1
[    3.647840] initcall ecdsa_init+0x0/0x80 returned 0 after 0 usecs
[    3.648838] calling  crypto_cmac_module_init+0x0/0x11 @ 1
[    3.649838] initcall crypto_cmac_module_init+0x0/0x11 returned 0 after 0 usecs
[    3.650838] calling  hmac_module_init+0x0/0x11 @ 1
[    3.651838] initcall hmac_module_init+0x0/0x11 returned 0 after 0 usecs
[    3.652838] calling  crypto_null_mod_init+0x0/0x66 @ 1
[    3.653840] initcall crypto_null_mod_init+0x0/0x66 returned 0 after 0 usecs
[    3.654838] calling  md5_mod_init+0x0/0x11 @ 1
[    3.655839] initcall md5_mod_init+0x0/0x11 returned 0 after 0 usecs
[    3.656838] calling  sha1_generic_mod_init+0x0/0x11 @ 1
[    3.657839] initcall sha1_generic_mod_init+0x0/0x11 returned 0 after 0 usecs
[    3.658838] calling  sha256_generic_mod_init+0x0/0x16 @ 1
[    3.659840] initcall sha256_generic_mod_init+0x0/0x16 returned 0 after 0 usecs
[    3.660838] calling  sha512_generic_mod_init+0x0/0x16 @ 1
[    3.661840] initcall sha512_generic_mod_init+0x0/0x16 returned 0 after 0 usecs
[    3.662838] calling  sha3_generic_mod_init+0x0/0x16 @ 1
[    3.663842] initcall sha3_generic_mod_init+0x0/0x16 returned 0 after 0 usecs
[    3.664838] calling  sm3_generic_mod_init+0x0/0x11 @ 1
[    3.665839] initcall sm3_generic_mod_init+0x0/0x11 returned 0 after 0 usecs
[    3.666838] calling  streebog_mod_init+0x0/0x16 @ 1
[    3.667840] initcall streebog_mod_init+0x0/0x16 returned 0 after 0 usecs
[    3.668838] calling  blake2b_mod_init+0x0/0x16 @ 1
[    3.669843] initcall blake2b_mod_init+0x0/0x16 returned 0 after 0 usecs
[    3.670838] calling  crypto_ecb_module_init+0x0/0x11 @ 1
[    3.671838] initcall crypto_ecb_module_init+0x0/0x11 returned 0 after 0 usecs
[    3.672838] calling  crypto_cbc_module_init+0x0/0x11 @ 1
[    3.673838] initcall crypto_cbc_module_init+0x0/0x11 returned 0 after 0 usecs
[    3.674838] calling  crypto_ctr_module_init+0x0/0x16 @ 1
[    3.675838] initcall crypto_ctr_module_init+0x0/0x16 returned 0 after 0 usecs
[    3.676838] calling  crypto_gcm_module_init+0x0/0x65 @ 1
[    3.677839] initcall crypto_gcm_module_init+0x0/0x65 returned 0 after 0 usecs
[    3.678838] calling  cryptd_init+0x0/0xfd @ 1
[    3.679865] cryptd: max_cpu_qlen set to 1000
[    3.680869] initcall cryptd_init+0x0/0xfd returned 0 after 976 usecs
[    3.681838] calling  des_generic_mod_init+0x0/0x16 @ 1
[    3.682840] initcall des_generic_mod_init+0x0/0x16 returned 0 after 0 usecs
[    3.683838] calling  serpent_mod_init+0x0/0x11 @ 1
[    3.684839] initcall serpent_mod_init+0x0/0x11 returned 0 after 0 usecs
[    3.685838] calling  aes_init+0x0/0x11 @ 1
[    3.686839] initcall aes_init+0x0/0x11 returned 0 after 0 usecs
[    3.687838] calling  deflate_mod_init+0x0/0x3f @ 1
[    3.688842] initcall deflate_mod_init+0x0/0x3f returned 0 after 0 usecs
[    3.689869] calling  crc32c_mod_init+0x0/0x11 @ 1
[    3.690839] initcall crc32c_mod_init+0x0/0x11 returned 0 after 0 usecs
[    3.691838] calling  crc32_mod_init+0x0/0x11 @ 1
[    3.692851] initcall crc32_mod_init+0x0/0x11 returned 0 after 0 usecs
[    3.693838] calling  crypto_authenc_module_init+0x0/0x11 @ 1
[    3.694838] initcall crypto_authenc_module_init+0x0/0x11 returned 0 after 0 usecs
[    3.695838] calling  crypto_authenc_esn_module_init+0x0/0x11 @ 1
[    3.696838] initcall crypto_authenc_esn_module_init+0x0/0x11 returned 0 after 0 usecs
[    3.697838] calling  lzo_mod_init+0x0/0x3a @ 1
[    3.698841] initcall lzo_mod_init+0x0/0x3a returned 0 after 0 usecs
[    3.699838] calling  lzorle_mod_init+0x0/0x3a @ 1
[    3.700841] initcall lzorle_mod_init+0x0/0x3a returned 0 after 0 usecs
[    3.701838] calling  xxhash_mod_init+0x0/0x11 @ 1
[    3.702840] initcall xxhash_mod_init+0x0/0x11 returned 0 after 0 usecs
[    3.703838] calling  drbg_init+0x0/0xca @ 1
[    3.704852] initcall drbg_init+0x0/0xca returned 0 after 0 usecs
[    3.705838] calling  ghash_mod_init+0x0/0x11 @ 1
[    3.706840] initcall ghash_mod_init+0x0/0x11 returned 0 after 0 usecs
[    3.707838] calling  essiv_module_init+0x0/0x11 @ 1
[    3.708838] initcall essiv_module_init+0x0/0x11 returned 0 after 0 usecs
[    3.709838] calling  curve25519_init+0x0/0x20 @ 1
[    3.710840] initcall curve25519_init+0x0/0x20 returned 0 after 0 usecs
[    3.711838] calling  ecdh_init+0x0/0x80 @ 1
[    3.712844] initcall ecdh_init+0x0/0x80 returned 0 after 0 usecs
[    3.713838] calling  init_bio+0x0/0x86 @ 1
[    3.714874] initcall init_bio+0x0/0x86 returned 0 after 0 usecs
[    3.715838] calling  blk_ioc_init+0x0/0x2a @ 1
[    3.716839] initcall blk_ioc_init+0x0/0x2a returned 0 after 0 usecs
[    3.717838] calling  blk_mq_init+0x0/0xc0 @ 1
[    3.718839] initcall blk_mq_init+0x0/0xc0 returned 0 after 0 usecs
[    3.719838] calling  genhd_device_init+0x0/0x5e @ 1
[    3.720880] initcall genhd_device_init+0x0/0x5e returned 0 after 0 usecs
[    3.721869] calling  blkcg_init+0x0/0x29 @ 1
[    3.722896] initcall blkcg_init+0x0/0x29 returned 0 after 0 usecs
[    3.723869] calling  bio_crypt_ctx_init+0x0/0x5c @ 1
[    3.724877] initcall bio_crypt_ctx_init+0x0/0x5c returned 0 after 0 usecs
[    3.725838] calling  blk_crypto_sysfs_init+0x0/0x8a @ 1
[    3.726838] initcall blk_crypto_sysfs_init+0x0/0x8a returned 0 after 0 usecs
[    3.727838] calling  raid6_select_algo+0x0/0x2f0 @ 1
[    3.745839] raid6: avx512x4 gen() 10289 MB/s
[    3.763838] raid6: avx512x2 gen() 10694 MB/s
[    3.781838] raid6: avx512x1 gen()  9257 MB/s
[    3.799841] raid6: avx2x4   gen()  5607 MB/s
[    3.817841] raid6: avx2x2   gen()  5532 MB/s
[    3.835840] raid6: avx2x1   gen()  4527 MB/s
[    3.836838] raid6: using algorithm avx512x2 gen() 10694 MB/s
[    3.854838] raid6: .... xor() 5897 MB/s, rmw enabled
[    3.855838] raid6: using avx512x2 recovery algorithm
[    3.856838] initcall raid6_select_algo+0x0/0x2f0 returned 0 after 125000 usecs
[    3.857838] calling  irq_poll_setup+0x0/0x71 @ 1
[    3.858839] initcall irq_poll_setup+0x0/0x71 returned 0 after 0 usecs
[    3.859838] calling  gpiolib_debugfs_init+0x0/0x24 @ 1
[    3.860840] initcall gpiolib_debugfs_init+0x0/0x24 returned 0 after 0 usecs
[    3.861838] calling  pwm_debugfs_init+0x0/0x24 @ 1
[    3.862840] initcall pwm_debugfs_init+0x0/0x24 returned 0 after 0 usecs
[    3.863838] calling  pwm_sysfs_init+0x0/0x18 @ 1
[    3.864841] initcall pwm_sysfs_init+0x0/0x18 returned 0 after 0 usecs
[    3.865838] calling  pci_slot_init+0x0/0x40 @ 1
[    3.866839] initcall pci_slot_init+0x0/0x40 returned 0 after 0 usecs
[    3.867838] calling  fbmem_init+0x0/0xdb @ 1
[    3.868871] initcall fbmem_init+0x0/0xdb returned 0 after 0 usecs
[    3.869838] calling  scan_for_dmi_ipmi+0x0/0x26f @ 1
[    3.870863] initcall scan_for_dmi_ipmi+0x0/0x26f returned 0 after 0 usecs
[    3.871838] calling  acpi_init+0x0/0x4d6 @ 1
[    3.872843] PRM: found 4 modules
[    3.873676] ACPI: Added _OSI(Module Device)
[    3.873870] ACPI: Added _OSI(Processor Device)
[    3.874859] ACPI: Added _OSI(3.0 _SCP Extensions)
[    3.875839] ACPI: Added _OSI(Processor Aggregator Device)
[    3.876839] ACPI: Added _OSI(Linux-Dell-Video)
[    3.877839] ACPI: Added _OSI(Linux-Lenovo-NV-HDMI-Audio)
[    3.878870] ACPI: Added _OSI(Linux-HPI-Hybrid-Graphics)
[    4.805559] ACPI: 11 ACPI AML tables successfully acquired and loaded
[    4.900590] ACPI: Dynamic OEM Table Load:
[    7.409071] ACPI: Dynamic OEM Table Load:
[    9.687226] ACPI: Interpreter enabled
[    9.687869] ACPI: PM: (supports S0 S5)
[    9.688786] ACPI: Using IOAPIC for interrupt routing
[    9.688924] HEST: Table parsing has been initialized.
[    9.694201] GHES: APEI firmware first mode is enabled by APEI bit and WHEA _OSC.
[    9.702840] PCI: Using host bridge windows from ACPI; if necessary, use "pci=nocrs" and report a bug
[   10.025879] ACPI: Enabled 1 GPEs in block 00 to 7F
[   11.059554] ACPI: PCI Root Bridge [PC00] (domain 0000 [bus 00-0b])
[   11.066859] acpi PNP0A08:00: _OSC: OS supports [ExtendedConfig ASPM ClockPM Segments MSI EDR HPX-Type3]
[   11.081744] acpi PNP0A08:00: _OSC: platform does not support [SHPCHotplug AER DPC]
[   11.090128] acpi PNP0A08:00: _OSC: OS now controls [PCIeHotplug PME PCIeCapability LTR]
[   11.099461] PCI host bridge to bus 0000:00
[   11.103870] pci_bus 0000:00: root bus resource [io  0x1000-0x3fff window]
[   11.111839] pci_bus 0000:00: root bus resource [mem 0xe0000000-0xe3ffffff window]
[   11.119860] pci_bus 0000:00: root bus resource [mem 0x100400000000-0x1010bfbeffff window]
[   11.128859] pci_bus 0000:00: root bus resource [io  0x0780-0x079f window]
[   11.135860] pci_bus 0000:00: root bus resource [io  0x0400-0x041f window]
[   11.143839] pci_bus 0000:00: root bus resource [io  0x0500-0x05ff window]
[   11.150860] pci_bus 0000:00: root bus resource [mem 0xf2800000-0xf2803fff window]
[   11.158860] pci_bus 0000:00: root bus resource [mem 0xf2830000-0xf2830fff window]
[   11.166870] pci_bus 0000:00: root bus resource [mem 0xf3000000-0xf3ffffff window]
[   11.175839] pci_bus 0000:00: root bus resource [bus 00-0b]
[   11.182027] pci 0000:00:00.0: [8086:09a2] type 00 class 0x088000
[   11.188859] pci 0000:00:00.0: reg 0x30: [mem 0xfffff800-0xffffffff pref]
[   11.197006] pci 0000:00:00.0: calling  quirk_igfx_skip_te_disable+0x0/0x50 @ 1
[   11.204859] pci 0000:00:00.0: quirk_igfx_skip_te_disable+0x0/0x50 took 0 usecs
[   11.213634] pci 0000:00:00.4: [8086:0b23] type 00 class 0x000000
[   11.220859] pci 0000:00:00.4: calling  quirk_igfx_skip_te_disable+0x0/0x50 @ 1
[   11.228860] pci 0000:00:00.4: quirk_igfx_skip_te_disable+0x0/0x50 took 0 usecs
[   11.237902] pci 0000:00:01.0: [8086:28c0] type 00 class 0x010400
[   11.244859] pci 0000:00:01.0: reg 0x10: [mem 0x1010bf446000-0x1010bf446fff 64bit]
[   11.253060] pci 0000:00:01.0: reg 0x18: [mem 0x1010bf445000-0x1010bf445fff 64bit]
[   11.261060] pci 0000:00:01.0: reg 0x20: [mem 0x1010bf444000-0x1010bf444fff 64bit]
[   11.268980] pci 0000:00:01.0: reg 0x30: [mem 0xfffff800-0xffffffff pref]
[   11.277006] pci 0000:00:01.0: calling  quirk_igfx_skip_te_disable+0x0/0x50 @ 1
[   11.284859] pci 0000:00:01.0: quirk_igfx_skip_te_disable+0x0/0x50 took 0 usecs
[   11.293839] pci 0000:00:01.1: [8086:09ab] type 00 class 0x088000
[   11.300859] pci 0000:00:01.1: reg 0x30: [mem 0xfffff800-0xffffffff pref]
[   11.308885] pci 0000:00:01.1: calling  quirk_igfx_skip_te_disable+0x0/0x50 @ 1
[   11.316859] pci 0000:00:01.1: quirk_igfx_skip_te_disable+0x0/0x50 took 0 usecs
[   11.325155] pci 0000:00:01.2: [8086:09ab] type 00 class 0x088000
[   11.331644] pci 0000:00:01.2: reg 0x30: [mem 0xfffff800-0xffffffff pref]
[   11.338885] pci 0000:00:01.2: calling  quirk_igfx_skip_te_disable+0x0/0x50 @ 1
[   11.346860] pci 0000:00:01.2: quirk_igfx_skip_te_disable+0x0/0x50 took 0 usecs
[   11.355155] pci 0000:00:01.3: [8086:09ab] type 00 class 0x088000
[   11.362860] pci 0000:00:01.3: reg 0x30: [mem 0xfffff800-0xffffffff pref]
[   11.369916] pci 0000:00:01.3: calling  quirk_igfx_skip_te_disable+0x0/0x50 @ 1
[   11.377839] pci 0000:00:01.3: quirk_igfx_skip_te_disable+0x0/0x50 took 0 usecs
[   11.386859] pci 0000:00:01.4: [8086:09ab] type 00 class 0x088000
[   11.393644] pci 0000:00:01.4: reg 0x30: [mem 0xfffff800-0xffffffff pref]
[   11.400885] pci 0000:00:01.4: calling  quirk_igfx_skip_te_disable+0x0/0x50 @ 1
[   11.408859] pci 0000:00:01.4: quirk_igfx_skip_te_disable+0x0/0x50 took 0 usecs
[   11.417166] pci 0000:00:01.5: [8086:09ab] type 00 class 0x088000
[   11.424859] pci 0000:00:01.5: reg 0x30: [mem 0xfffff800-0xffffffff pref]
[   11.431885] pci 0000:00:01.5: calling  quirk_igfx_skip_te_disable+0x0/0x50 @ 1
[   11.439870] pci 0000:00:01.5: quirk_igfx_skip_te_disable+0x0/0x50 took 0 usecs
[   11.448166] pci 0000:00:01.6: [8086:09ab] type 00 class 0x088000
[   11.455644] pci 0000:00:01.6: reg 0x30: [mem 0xfffff800-0xffffffff pref]
[   11.462885] pci 0000:00:01.6: calling  quirk_igfx_skip_te_disable+0x0/0x50 @ 1
[   11.470860] pci 0000:00:01.6: quirk_igfx_skip_te_disable+0x0/0x50 took 0 usecs
[   11.479155] pci 0000:00:01.7: [8086:09ab] type 00 class 0x088000
[   11.486644] pci 0000:00:01.7: reg 0x30: [mem 0xfffff800-0xffffffff pref]
[   11.493885] pci 0000:00:01.7: calling  quirk_igfx_skip_te_disable+0x0/0x50 @ 1
[   11.501839] pci 0000:00:01.7: quirk_igfx_skip_te_disable+0x0/0x50 took 0 usecs
[   11.509278] pci 0000:00:02.0: [8086:09a6] type 00 class 0x088000
[   11.516859] pci 0000:00:02.0: reg 0x10: [mem 0x1010bf300000-0x1010bf3fffff 64bit]
[   11.525529] pci 0000:00:02.0: calling  quirk_igfx_skip_te_disable+0x0/0x50 @ 1
[   11.533839] pci 0000:00:02.0: quirk_igfx_skip_te_disable+0x0/0x50 took 0 usecs
[   11.541767] pci 0000:00:02.1: [8086:09a1] type 00 class 0x088000
[   11.549161] pci 0000:00:02.1: reg 0x10: [mem 0x1010bf442000-0x1010bf4427ff 64bit]
[   11.557060] pci 0000:00:02.1: reg 0x18: [mem 0x1010bf000000-0x1010bf1fffff 64bit]
[   11.566449] pci 0000:00:02.1: calling  quirk_igfx_skip_te_disable+0x0/0x50 @ 1
[   11.573870] pci 0000:00:02.1: quirk_igfx_skip_te_disable+0x0/0x50 took 0 usecs
[   11.582860] pci 0000:00:02.2: [8086:09a8] type 00 class 0x088000
[   11.590121] pci 0000:00:02.2: reg 0x10: [mem 0x1010bf443000-0x1010bf44300f 64bit]
[   11.598859] pci 0000:00:02.2: calling  quirk_igfx_skip_te_disable+0x0/0x50 @ 1
[   11.606859] pci 0000:00:02.2: quirk_igfx_skip_te_disable+0x0/0x50 took 0 usecs
[   11.615879] pci 0000:00:03.0: [8086:3256] type 00 class 0x130000
[   11.622141] pci 0000:00:03.0: reg 0x10: [mem 0x1010bf200000-0x1010bf2fffff 64bit]
[   11.631020] pci 0000:00:03.0: reg 0x18: [mem 0x1010be800000-0x1010beffffff 64bit]
[   11.639051] pci 0000:00:03.0: reg 0x20: [mem 0x1010bf441000-0x1010bf441fff 64bit]
[   11.646985] pci 0000:00:03.0: calling  quirk_igfx_skip_te_disable+0x0/0x50 @ 1
[   11.654860] pci 0000:00:03.0: quirk_igfx_skip_te_disable+0x0/0x50 took 0 usecs
[   11.663578] pci 0000:00:04.0: calling  quirk_cmd_compl+0x0/0x70 @ 1
[   11.670859] pci 0000:00:04.0: quirk_cmd_compl+0x0/0x70 took 0 usecs
[   11.677839] pci 0000:00:04.0: calling  quirk_no_aersid+0x0/0x30 @ 1
[   11.684859] pci 0000:00:04.0: quirk_no_aersid+0x0/0x30 took 0 usecs
[   11.691839] pci 0000:00:04.0: [8086:786a] type 01 class 0x060400
[   11.698181] pci 0000:00:04.0: reg 0x10: [mem 0x1010bf430000-0x1010bf43ffff 64bit]
[   11.707333] pci 0000:00:04.0: enabling Extended Tags
[   11.713027] pci 0000:00:04.0: calling  quirk_igfx_skip_te_disable+0x0/0x50 @ 1
[   11.720859] pci 0000:00:04.0: quirk_igfx_skip_te_disable+0x0/0x50 took 0 usecs
[   11.728859] pci 0000:00:04.0: calling  pci_fixup_transparent_bridge+0x0/0x20 @ 1
[   11.736870] pci 0000:00:04.0: pci_fixup_transparent_bridge+0x0/0x20 took 0 usecs
[   11.745509] pci 0000:00:04.0: PME# supported from D0 D3hot D3cold
[   11.752859] pci 0000:00:05.0: calling  quirk_cmd_compl+0x0/0x70 @ 1
[   11.759859] pci 0000:00:05.0: quirk_cmd_compl+0x0/0x70 took 0 usecs
[   11.766859] pci 0000:00:05.0: calling  quirk_no_aersid+0x0/0x30 @ 1
[   11.772870] pci 0000:00:05.0: quirk_no_aersid+0x0/0x30 took 0 usecs
[   11.779839] pci 0000:00:05.0: [8086:786b] type 01 class 0x060400
[   11.787181] pci 0000:00:05.0: reg 0x10: [mem 0x1010bf420000-0x1010bf42ffff 64bit]
[   11.795302] pci 0000:00:05.0: enabling Extended Tags
[   11.801027] pci 0000:00:05.0: calling  quirk_igfx_skip_te_disable+0x0/0x50 @ 1
[   11.808860] pci 0000:00:05.0: quirk_igfx_skip_te_disable+0x0/0x50 took 0 usecs
[   11.816859] pci 0000:00:05.0: calling  pci_fixup_transparent_bridge+0x0/0x20 @ 1
[   11.824860] pci 0000:00:05.0: pci_fixup_transparent_bridge+0x0/0x20 took 0 usecs
[   11.833860] pci 0000:00:05.0: PME# supported from D0 D3hot D3cold
[   11.841545] pci 0000:00:06.0: calling  quirk_cmd_compl+0x0/0x70 @ 1
[   11.847859] pci 0000:00:06.0: quirk_cmd_compl+0x0/0x70 took 0 usecs
[   11.854860] pci 0000:00:06.0: calling  quirk_no_aersid+0x0/0x30 @ 1
[   11.861839] pci 0000:00:06.0: quirk_no_aersid+0x0/0x30 took 0 usecs
[   11.868859] pci 0000:00:06.0: [8086:786c] type 01 class 0x060400
[   11.876181] pci 0000:00:06.0: reg 0x10: [mem 0x1010bf410000-0x1010bf41ffff 64bit]
[   11.884859] pci 0000:00:06.0: enabling Extended Tags
[   11.890027] pci 0000:00:06.0: calling  quirk_igfx_skip_te_disable+0x0/0x50 @ 1
[   11.897860] pci 0000:00:06.0: quirk_igfx_skip_te_disable+0x0/0x50 took 0 usecs
[   11.905870] pci 0000:00:06.0: calling  pci_fixup_transparent_bridge+0x0/0x20 @ 1
[   11.913860] pci 0000:00:06.0: pci_fixup_transparent_bridge+0x0/0x20 took 0 usecs
[   11.922859] pci 0000:00:06.0: PME# supported from D0 D3hot D3cold
[   11.930503] pci 0000:00:07.0: calling  quirk_cmd_compl+0x0/0x70 @ 1
[   11.936859] pci 0000:00:07.0: quirk_cmd_compl+0x0/0x70 took 0 usecs
[   11.943839] pci 0000:00:07.0: calling  quirk_no_aersid+0x0/0x30 @ 1
[   11.950860] pci 0000:00:07.0: quirk_no_aersid+0x0/0x30 took 0 usecs
[   11.957839] pci 0000:00:07.0: [8086:786d] type 01 class 0x060400
[   11.964859] pci 0000:00:07.0: reg 0x10: [mem 0x1010bf400000-0x1010bf40ffff 64bit]
[   11.973333] pci 0000:00:07.0: enabling Extended Tags
[   11.979027] pci 0000:00:07.0: calling  quirk_igfx_skip_te_disable+0x0/0x50 @ 1
[   11.986859] pci 0000:00:07.0: quirk_igfx_skip_te_disable+0x0/0x50 took 0 usecs
[   11.994859] pci 0000:00:07.0: calling  pci_fixup_transparent_bridge+0x0/0x20 @ 1
[   12.002859] pci 0000:00:07.0: pci_fixup_transparent_bridge+0x0/0x20 took 0 usecs
[   12.011509] pci 0000:00:07.0: PME# supported from D0 D3hot D3cold
[   12.018962] pci 0000:00:1f.0: [8086:5826] type 00 class 0x060100
[   12.026985] pci 0000:00:1f.0: calling  quirk_igfx_skip_te_disable+0x0/0x50 @ 1
[   12.034859] pci 0000:00:1f.0: quirk_igfx_skip_te_disable+0x0/0x50 took 0 usecs
[   12.043664] pci 0000:00:1f.4: [8086:5827] type 00 class 0x0c0500
[   12.050859] pci 0000:00:1f.4: reg 0x10: [mem 0x1010bf440000-0x1010bf4400ff 64bit]
[   12.059262] pci 0000:00:1f.4: reg 0x20: [io  0x0780-0x079f]
[   12.065166] pci 0000:00:1f.4: calling  quirk_igfx_skip_te_disable+0x0/0x50 @ 1
[   12.073860] pci 0000:00:1f.4: quirk_igfx_skip_te_disable+0x0/0x50 took 0 usecs
[   12.081410] pci 0000:00:1f.5: [8086:5825] type 00 class 0x0c8000
[   12.089080] pci 0000:00:1f.5: reg 0x10: [mem 0xf2830000-0xf2830fff]
[   12.096730] pci 0000:00:1f.5: calling  quirk_igfx_skip_te_disable+0x0/0x50 @ 1
[   12.103839] pci 0000:00:1f.5: quirk_igfx_skip_te_disable+0x0/0x50 took 0 usecs
[   12.112860] pci 0000:01:00.0: [1234:1111] type 00 class 0x030000
[   12.120100] pci 0000:01:00.0: reg 0x10: [mem 0xe0000000-0xe07fffff]
[   12.127732] pci 0000:01:00.0: calling  efifb_fixup_resources+0x0/0xf0 @ 1
[   12.134859] pci 0000:01:00.0: BAR 0: assigned to efifb
[   12.140859] pci 0000:01:00.0: efifb_fixup_resources+0x0/0xf0 took 5859 usecs
[   12.148859] pci 0000:01:00.0: calling  pci_fixup_video+0x0/0xd0 @ 1
[   12.155919] pci 0000:01:00.0: Video device with shadowed ROM at [mem 0x000c0000-0x000dffff]
[   12.164859] pci 0000:01:00.0: pci_fixup_video+0x0/0xd0 took 8789 usecs
[   12.172270] pci 0000:00:04.0: PCI bridge to [bus 01]
[   12.177951] pci 0000:00:04.0:   bridge window [mem 0xe0000000-0xe07fffff]
[   12.185742] pci 0000:02:00.0: [8086:0953] type 00 class 0x010802
[   12.193181] pci 0000:02:00.0: reg 0x10: [mem 0xe0c08000-0xe0c0bfff 64bit]
[   12.200859] pci 0000:02:00.0: reg 0x20: [mem 0xe0c00000-0xe0c07fff 64bit]
[   12.208859] pci 0000:02:00.0: calling  quirk_igfx_skip_te_disable+0x0/0x50 @ 1
[   12.216859] pci 0000:02:00.0: quirk_igfx_skip_te_disable+0x0/0x50 took 0 usecs
[   12.225505] pci 0000:02:00.0: PME# supported from D0 D3hot D3cold
[   12.232164] pci 0000:02:00.0: 15.753 Gb/s available PCIe bandwidth, limited by 16.0 GT/s PCIe x1 link at 0000:00:05.0 (capable of 63.012 Gb/s with 16.0 GT/s PCIe x4 link)
[   12.249499] pci 0000:00:05.0: PCI bridge to [bus 02]
[   12.254919] pci 0000:00:05.0:   bridge window [mem 0xe0c00000-0xe0cfffff]
[   12.262859] pci 0000:03:00.0: [8086:8c31] type 00 class 0x0c0330
[   12.270141] pci 0000:03:00.0: reg 0x10: [mem 0xe0b00000-0xe0b3ffff 64bit]
[   12.278391] pci 0000:03:00.0: calling  quirk_igfx_skip_te_disable+0x0/0x50 @ 1
[   12.285839] pci 0000:03:00.0: quirk_igfx_skip_te_disable+0x0/0x50 took 0 usecs
[   12.294859] pci 0000:00:06.0: PCI bridge to [bus 03]
[   12.299919] pci 0000:00:06.0:   bridge window [mem 0xe0b00000-0xe0bfffff]
[   12.308732] pci 0000:04:00.0: calling  quirk_f0_vpd_link+0x0/0x60 @ 1
[   12.315870] pci 0000:04:00.0: quirk_f0_vpd_link+0x0/0x60 took 0 usecs
[   12.322859] pci 0000:04:00.0: [8086:10f7] type 00 class 0x020000
[   12.329141] pci 0000:04:00.0: reg 0x10: [mem 0xe0800000-0xe081ffff 64bit]
[   12.336940] pci 0000:04:00.0: reg 0x18: [io  0x1000-0x101f]
[   12.343020] pci 0000:04:00.0: reg 0x1c: [mem 0xe0820000-0xe0823fff 64bit]
[   12.351210] pci 0000:04:00.0: calling  quirk_igfx_skip_te_disable+0x0/0x50 @ 1
[   12.358859] pci 0000:04:00.0: quirk_igfx_skip_te_disable+0x0/0x50 took 0 usecs
[   12.367688] pci 0000:04:00.0: reg 0x164: [mem 0xe0824000-0xe0827fff 64bit]
[   12.374860] pci 0000:04:00.0: VF(n) BAR0 space: [mem 0xe0824000-0xe0923fff 64bit] (contains BAR0 for 64 VFs)
[   12.385912] pci 0000:04:00.0: reg 0x170: [mem 0xe0924000-0xe0927fff 64bit]
[   12.393839] pci 0000:04:00.0: VF(n) BAR3 space: [mem 0xe0924000-0xe0a23fff 64bit] (contains BAR3 for 64 VFs)
[   12.404859] pci 0000:04:00.0: 15.753 Gb/s available PCIe bandwidth, limited by 16.0 GT/s PCIe x1 link at 0000:00:07.0 (capable of 32.000 Gb/s with 5.0 GT/s PCIe x8 link)
[   12.421074] pci 0000:04:00.0: disabling ASPM on pre-1.1 PCIe device.  You can enable it with 'pcie_aspm=force'
[   12.431942] pci 0000:00:07.0: PCI bridge to [bus 04]
[   12.437879] pci 0000:00:07.0:   bridge window [io  0x1000-0x1fff]
[   12.443879] pci 0000:00:07.0:   bridge window [mem 0xe0800000-0xe0afffff]
[   12.452536] pci_bus 0000:00: on NUMA node 0
[   12.457387] ACPI: PCI Root Bridge [AA00] (domain 0000 [bus 0c])
[   12.463842] acpi PNP0A08:01: _OSC: OS supports [ExtendedConfig ASPM ClockPM Segments MSI EDR HPX-Type3]
[   12.477168] acpi PNP0A08:01: _OSC: platform does not support [SHPCHotplug AER DPC]
[   12.486128] acpi PNP0A08:01: _OSC: OS now controls [PCIeHotplug PME PCIeCapability LTR]
[   12.494954] PCI host bridge to bus 0000:0c
[   12.499839] pci_bus 0000:0c: root bus resource [mem 0x100100000000-0x1001ffffffff window]
[   12.508859] pci_bus 0000:0c: root bus resource [bus 0c]
[   12.514028] pci 0000:0c:00.0: [8086:0b25] type 00 class 0x088000
[   12.521152] pci 0000:0c:00.0: reg 0x10: [mem 0x1001fff40000-0x1001fff5ffff 64bit pref]
[   12.530020] pci 0000:0c:00.0: reg 0x18: [mem 0x1001fff00000-0x1001fff3ffff 64bit pref]
[   12.539349] pci 0000:0c:00.0: calling  quirk_igfx_skip_te_disable+0x0/0x50 @ 1
[   12.546859] pci 0000:0c:00.0: quirk_igfx_skip_te_disable+0x0/0x50 took 0 usecs
[   12.556859] pci_bus 0000:0c: on NUMA node 0
[   12.560949] ACPI: PCI Root Bridge [AB00] (domain 0000 [bus 0d])
[   12.567842] acpi PNP0A08:02: _OSC: OS supports [ExtendedConfig ASPM ClockPM Segments MSI EDR HPX-Type3]
[   12.581155] acpi PNP0A08:02: _OSC: platform does not support [SHPCHotplug AER DPC]
[   12.590160] acpi PNP0A08:02: _OSC: OS now controls [PCIeHotplug PME PCIeCapability LTR]
[   12.598965] PCI host bridge to bus 0000:0d
[   12.602859] pci_bus 0000:0d: root bus resource [mem 0x100200000000-0x1002ffffffff window]
[   12.611860] pci_bus 0000:0d: root bus resource [bus 0d]
[   12.618028] pci 0000:0d:00.0: [8086:0cfe] type 00 class 0x088000
[   12.625121] pci 0000:0d:00.0: reg 0x10: [mem 0x1002fff40000-0x1002fff4ffff 64bit pref]
[   12.634020] pci 0000:0d:00.0: reg 0x18: [mem 0x1002fff00000-0x1002fff3ffff 64bit pref]
[   12.643349] pci 0000:0d:00.0: calling  quirk_igfx_skip_te_disable+0x0/0x50 @ 1
[   12.650859] pci 0000:0d:00.0: quirk_igfx_skip_te_disable+0x0/0x50 took 0 usecs
[   12.660405] pci_bus 0000:0d: on NUMA node 0
[   12.664962] ACPI: PCI Root Bridge [AC00] (domain 0000 [bus 0e-0f])
[   12.671842] acpi PNP0A08:03: _OSC: OS supports [ExtendedConfig ASPM ClockPM Segments MSI EDR HPX-Type3]
[   12.685156] acpi PNP0A08:03: _OSC: platform does not support [SHPCHotplug AER DPC]
[   12.694128] acpi PNP0A08:03: _OSC: OS now controls [PCIeHotplug PME PCIeCapability LTR]
