[    0.000000] Command line: BOOT_IMAGE=(hd1,gpt2)/vmlinuz-5.17.0-95ab0e87683e-g95ab0e87683e root=/dev/mapper/cs-root ro crashkernel=1G-4G:192M,4G-64G:256M,64G-:512M resume=/dev/mapper/cs-swap rd.lvm.lv=cs/root rd.lvm.lv=cs/swap rhgb quiet console=tty0 console=ttyS0,115200n8 intel_iommu=on,sm_on initcall_debug log_buf_len=200M no_console_suspend ignore_loglevel selinux=0 cxl_acpi.dyndbg=+fplm cxl_pci.dyndbg=+fplm cxl_core.dyndbg=+fplm cxl_mem.dyndbg=+fplm cxl_pmem.dyndbg=+fplm cxl_port.dyndbg=+fplm cxl_region.dyndbg=+fplm cxl_test.dyndbg=+fplm cxl_mock.dyndbg=+fplm cxl_mock_mem.dyndbg=+fplm
[    0.000000] x86/fpu: Supporting XSAVE feature 0x001: 'x87 floating point registers'
[    0.000000] x86/fpu: Supporting XSAVE feature 0x002: 'SSE registers'
[    0.000000] x86/fpu: Supporting XSAVE feature 0x004: 'AVX registers'
[    0.000000] x86/fpu: Supporting XSAVE feature 0x020: 'AVX-512 opmask'
[    0.000000] x86/fpu: Supporting XSAVE feature 0x040: 'AVX-512 Hi256'
[    0.000000] x86/fpu: Supporting XSAVE feature 0x080: 'AVX-512 ZMM_Hi256'
[    0.000000] x86/fpu: Supporting XSAVE feature 0x200: 'Protection Keys User registers'
[    0.000000] x86/fpu: Supporting XSAVE feature 0x400: 'PASID state'
[    0.000000] x86/fpu: Supporting XSAVE feature 0x20000: 'AMX Tile config'
[    0.000000] x86/fpu: Supporting XSAVE feature 0x40000: 'AMX Tile data'
[    0.000000] x86/fpu: xstate_offset[2]:  576, xstate_sizes[2]:  256
[    0.000000] x86/fpu: xstate_offset[5]:  832, xstate_sizes[5]:   64
[    0.000000] x86/fpu: xstate_offset[6]:  896, xstate_sizes[6]:  512
[    0.000000] x86/fpu: xstate_offset[7]: 1408, xstate_sizes[7]: 1024
[    0.000000] x86/fpu: xstate_offset[9]: 2432, xstate_sizes[9]:    8
[    0.000000] x86/fpu: xstate_offset[10]: 2440, xstate_sizes[10]:    8
[    0.000000] x86/fpu: xstate_offset[17]: 2496, xstate_sizes[17]:   64
[    0.000000] x86/fpu: xstate_offset[18]: 2560, xstate_sizes[18]: 8192
[    0.000000] x86/fpu: Enabled xstate features 0x606e7, context size is 10752 bytes, using 'compacted' format.
[    0.000000] signal: max sigframe size: 11952
[    0.000000] BIOS-provided physical RAM map:
[    0.000000] BIOS-e820: [mem 0x0000000000000000-0x000000000009ffff] usable
[    0.000000] BIOS-e820: [mem 0x00000000000a0000-0x00000000000fffff] reserved
[    0.000000] BIOS-e820: [mem 0x0000000000100000-0x00000000bb779fff] usable
[    0.000000] BIOS-e820: [mem 0x00000000bb77a000-0x00000000bcd2dfff] reserved
[    0.000000] BIOS-e820: [mem 0x00000000bcd2e000-0x00000000bd0ebfff] usable
[    0.000000] BIOS-e820: [mem 0x00000000bd0ec000-0x00000000bd283fff] ACPI data
[    0.000000] BIOS-e820: [mem 0x00000000bd284000-0x00000000bd41bfff] usable
[    0.000000] BIOS-e820: [mem 0x00000000bd41c000-0x00000000bd855fff] ACPI data
[    0.000000] BIOS-e820: [mem 0x00000000bd856000-0x00000000bda5dfff] usable
[    0.000000] BIOS-e820: [mem 0x00000000bda5e000-0x00000000bdb76fff] ACPI data
[    0.000000] BIOS-e820: [mem 0x00000000bdb77000-0x00000000bdc8ffff] usable
[    0.000000] BIOS-e820: [mem 0x00000000bdc90000-0x00000000bdfbbfff] ACPI data
[    0.000000] BIOS-e820: [mem 0x00000000bdfbc000-0x00000000bf434fff] usable
[    0.000000] BIOS-e820: [mem 0x00000000bf435000-0x00000000c0635fff] reserved
[    0.000000] BIOS-e820: [mem 0x00000000c0636000-0x00000000cba02fff] usable
[    0.000000] BIOS-e820: [mem 0x00000000cba03000-0x00000000cba04fff] reserved
[    0.000000] BIOS-e820: [mem 0x00000000cba05000-0x00000000cba05fff] usable
[    0.000000] BIOS-e820: [mem 0x00000000cba06000-0x00000000cba4dfff] reserved
[    0.000000] BIOS-e820: [mem 0x00000000cba4e000-0x00000000cba4efff] usable
[    0.000000] BIOS-e820: [mem 0x00000000cba4f000-0x00000000cba56fff] reserved
[    0.000000] BIOS-e820: [mem 0x00000000cba57000-0x00000000cba57fff] usable
[    0.000000] BIOS-e820: [mem 0x00000000cba58000-0x00000000cd42afff] reserved
[    0.000000] BIOS-e820: [mem 0x00000000cd42b000-0x00000000cd42bfff] usable
[    0.000000] BIOS-e820: [mem 0x00000000cd42c000-0x00000000cd42cfff] reserved
[    0.000000] BIOS-e820: [mem 0x00000000cd42d000-0x00000000cd42dfff] usable
[    0.000000] BIOS-e820: [mem 0x00000000cd42e000-0x00000000cd63ffff] reserved
[    0.000000] BIOS-e820: [mem 0x00000000cd640000-0x00000000cd6befff] usable
[    0.000000] BIOS-e820: [mem 0x00000000cd6bf000-0x00000000cd6bffff] ACPI NVS
[    0.000000] BIOS-e820: [mem 0x00000000cd6c0000-0x00000000ce51efff] usable
[    0.000000] BIOS-e820: [mem 0x00000000ce51f000-0x00000000cf11ffff] ACPI NVS
[    0.000000] BIOS-e820: [mem 0x00000000cf120000-0x00000000cf132fff] usable
[    0.000000] BIOS-e820: [mem 0x00000000cf133000-0x00000000cf732fff] reserved
[    0.000000] BIOS-e820: [mem 0x00000000cf733000-0x00000000cf733fff] ACPI NVS
[    0.000000] BIOS-e820: [mem 0x00000000cf734000-0x00000000d27dcfff] usable
[    0.000000] BIOS-e820: [mem 0x00000000d27dd000-0x00000000d284dfff] reserved
[    0.000000] BIOS-e820: [mem 0x00000000d284e000-0x00000000d2894fff] usable
[    0.000000] BIOS-e820: [mem 0x00000000d2895000-0x00000000d2896fff] reserved
[    0.000000] BIOS-e820: [mem 0x00000000d2897000-0x00000000d2976fff] usable
[    0.000000] BIOS-e820: [mem 0x00000000d2977000-0x00000000d2978fff] reserved
[    0.000000] BIOS-e820: [mem 0x00000000d2979000-0x00000000d2f54fff] usable
[    0.000000] BIOS-e820: [mem 0x00000000d2f55000-0x00000000d2f5dfff] reserved
[    0.000000] BIOS-e820: [mem 0x00000000d2f5e000-0x00000000d34bbfff] usable
[    0.000000] BIOS-e820: [mem 0x00000000d34bc000-0x00000000d3abbfff] reserved
[    0.000000] BIOS-e820: [mem 0x00000000d3abc000-0x00000000d3c5ffff] usable
[    0.000000] BIOS-e820: [mem 0x00000000d3c60000-0x00000000d3c7bfff] reserved
[    0.000000] BIOS-e820: [mem 0x00000000d3c7c000-0x00000000d69cefff] usable
[    0.000000] BIOS-e820: [mem 0x00000000d69cf000-0x00000000d6ccefff] reserved
[    0.000000] BIOS-e820: [mem 0x00000000d6ccf000-0x00000000d76fefff] ACPI NVS
[    0.000000] BIOS-e820: [mem 0x00000000d76ff000-0x00000000d77fefff] ACPI data
[    0.000000] BIOS-e820: [mem 0x00000000d77ff000-0x00000000d77fffff] usable
[    0.000000] BIOS-e820: [mem 0x00000000d7800000-0x00000000dfffffff] reserved
[    0.000000] BIOS-e820: [mem 0x00000000f2830000-0x00000000f2830fff] reserved
[    0.000000] BIOS-e820: [mem 0x0000000100000000-0x0000003ffeffffff] usable
[    0.000000] BIOS-e820: [mem 0x0000003fff000000-0x0000003fffffffff] reserved
[    0.000000] BIOS-e820: [mem 0x0000020000000000-0x00000200ffffffff] soft reserved
[    0.000000] BIOS-e820: [mem 0x0000100000000000-0x000010007fffffff] reserved
[    0.000000] printk: debug: ignoring loglevel setting.
[    0.000000] NX (Execute Disable) protection: active
[    0.000000] efi: EFI v2.70 by EDK II
[    0.000000] efi: ACPI=0xd77fe000 ACPI 2.0=0xd77fe014 SMBIOS=0xd6b0b000 SMBIOS 3.0=0xd6b09000 MEMATTR=0xd3478018 
[    0.000000] efi: memattr: Unexpected EFI Memory Attributes table version 2
[    0.000000] SMBIOS 3.6.0 present.
[    0.000000] DMI: Intel Corporation OAKSTREAM/OAKSTREAM, BIOS OKSDCRB1.86B.0010.D75.2403180334 03/18/2024
[    0.000000] tsc: Detected 2400.000 MHz processor
[    0.000015] e820: update [mem 0x00000000-0x00000fff] usable ==> reserved
[    0.000072] e820: remove [mem 0x000a0000-0x000fffff] usable
[    0.000134] last_pfn = 0x3fff000 max_arch_pfn = 0x10000000000
[    0.000149] x86/PAT: Configuration [0-7]: WB  WC  UC- UC  WB  WP  UC- WT  
[    0.000164] total RAM covered: 16776704M
[    0.000459]  gran_size: 64K 	chunk_size: 64K 	num_reg: 10  	lose cover RAM: 15872G
[    0.000484]  gran_size: 64K 	chunk_size: 128K 	num_reg: 10  	lose cover RAM: 15872G
[    0.000510]  gran_size: 64K 	chunk_size: 256K 	num_reg: 10  	lose cover RAM: 15872G
[    0.000535]  gran_size: 64K 	chunk_size: 512K 	num_reg: 10  	lose cover RAM: 15872G
[    0.000561]  gran_size: 64K 	chunk_size: 1M 	num_reg: 10  	lose cover RAM: 15872G
[    0.000586]  gran_size: 64K 	chunk_size: 2M 	num_reg: 10  	lose cover RAM: 15872G
[    0.000612]  gran_size: 64K 	chunk_size: 4M 	num_reg: 10  	lose cover RAM: 15872G
[    0.000638]  gran_size: 64K 	chunk_size: 8M 	num_reg: 10  	lose cover RAM: 15872G
[    0.000663]  gran_size: 64K 	chunk_size: 16M 	num_reg: 10  	lose cover RAM: 15872G
[    0.000689]  gran_size: 64K 	chunk_size: 32M 	num_reg: 10  	lose cover RAM: 15872G
[    0.000714]  gran_size: 64K 	chunk_size: 64M 	num_reg: 10  	lose cover RAM: 15872G
[    0.000740]  gran_size: 64K 	chunk_size: 128M 	num_reg: 10  	lose cover RAM: 15872G
[    0.000765]  gran_size: 64K 	chunk_size: 256M 	num_reg: 10  	lose cover RAM: 15872G
[    0.000791]  gran_size: 64K 	chunk_size: 512M 	num_reg: 10  	lose cover RAM: 15872G
[    0.000816]  gran_size: 64K 	chunk_size: 1G 	num_reg: 10  	lose cover RAM: 15360G
[    0.000842]  gran_size: 64K 	chunk_size: 2G 	num_reg: 10  	lose cover RAM: 15360G
[    0.000867]  gran_size: 128K 	chunk_size: 128K 	num_reg: 10  	lose cover RAM: 15872G
[    0.000893]  gran_size: 128K 	chunk_size: 256K 	num_reg: 10  	lose cover RAM: 15872G
[    0.000919]  gran_size: 128K 	chunk_size: 512K 	num_reg: 10  	lose cover RAM: 15872G
[    0.000944]  gran_size: 128K 	chunk_size: 1M 	num_reg: 10  	lose cover RAM: 15872G
[    0.000970]  gran_size: 128K 	chunk_size: 2M 	num_reg: 10  	lose cover RAM: 15872G
[    0.000995]  gran_size: 128K 	chunk_size: 4M 	num_reg: 10  	lose cover RAM: 15872G
[    0.001021]  gran_size: 128K 	chunk_size: 8M 	num_reg: 10  	lose cover RAM: 15872G
[    0.001046]  gran_size: 128K 	chunk_size: 16M 	num_reg: 10  	lose cover RAM: 15872G
[    0.001072]  gran_size: 128K 	chunk_size: 32M 	num_reg: 10  	lose cover RAM: 15872G
[    0.001097]  gran_size: 128K 	chunk_size: 64M 	num_reg: 10  	lose cover RAM: 15872G
[    0.001123]  gran_size: 128K 	chunk_size: 128M 	num_reg: 10  	lose cover RAM: 15872G
[    0.001149]  gran_size: 128K 	chunk_size: 256M 	num_reg: 10  	lose cover RAM: 15872G
[    0.001174]  gran_size: 128K 	chunk_size: 512M 	num_reg: 10  	lose cover RAM: 15872G
[    0.001200]  gran_size: 128K 	chunk_size: 1G 	num_reg: 10  	lose cover RAM: 15360G
[    0.001225]  gran_size: 128K 	chunk_size: 2G 	num_reg: 10  	lose cover RAM: 15360G
[    0.001251]  gran_size: 256K 	chunk_size: 256K 	num_reg: 10  	lose cover RAM: 15872G
[    0.001276]  gran_size: 256K 	chunk_size: 512K 	num_reg: 10  	lose cover RAM: 15872G
[    0.001302]  gran_size: 256K 	chunk_size: 1M 	num_reg: 10  	lose cover RAM: 15872G
[    0.001328]  gran_size: 256K 	chunk_size: 2M 	num_reg: 10  	lose cover RAM: 15872G
[    0.001353]  gran_size: 256K 	chunk_size: 4M 	num_reg: 10  	lose cover RAM: 15872G
[    0.001379]  gran_size: 256K 	chunk_size: 8M 	num_reg: 10  	lose cover RAM: 15872G
[    0.001404]  gran_size: 256K 	chunk_size: 16M 	num_reg: 10  	lose cover RAM: 15872G
[    0.001430]  gran_size: 256K 	chunk_size: 32M 	num_reg: 10  	lose cover RAM: 15872G
[    0.001455]  gran_size: 256K 	chunk_size: 64M 	num_reg: 10  	lose cover RAM: 15872G
[    0.001481]  gran_size: 256K 	chunk_size: 128M 	num_reg: 10  	lose cover RAM: 15872G
[    0.001507]  gran_size: 256K 	chunk_size: 256M 	num_reg: 10  	lose cover RAM: 15872G
[    0.001532]  gran_size: 256K 	chunk_size: 512M 	num_reg: 10  	lose cover RAM: 15872G
[    0.001558]  gran_size: 256K 	chunk_size: 1G 	num_reg: 10  	lose cover RAM: 15360G
[    0.001583]  gran_size: 256K 	chunk_size: 2G 	num_reg: 10  	lose cover RAM: 15360G
[    0.001609]  gran_size: 512K 	chunk_size: 512K 	num_reg: 10  	lose cover RAM: 15872G
[    0.001634]  gran_size: 512K 	chunk_size: 1M 	num_reg: 10  	lose cover RAM: 15872G
[    0.001660]  gran_size: 512K 	chunk_size: 2M 	num_reg: 10  	lose cover RAM: 15872G
[    0.001685]  gran_size: 512K 	chunk_size: 4M 	num_reg: 10  	lose cover RAM: 15872G
[    0.001711]  gran_size: 512K 	chunk_size: 8M 	num_reg: 10  	lose cover RAM: 15872G
[    0.001737]  gran_size: 512K 	chunk_size: 16M 	num_reg: 10  	lose cover RAM: 15872G
[    0.001762]  gran_size: 512K 	chunk_size: 32M 	num_reg: 10  	lose cover RAM: 15872G
[    0.001788]  gran_size: 512K 	chunk_size: 64M 	num_reg: 10  	lose cover RAM: 15872G
[    0.001813]  gran_size: 512K 	chunk_size: 128M 	num_reg: 10  	lose cover RAM: 15872G
[    0.001839]  gran_size: 512K 	chunk_size: 256M 	num_reg: 10  	lose cover RAM: 15872G
[    0.001864]  gran_size: 512K 	chunk_size: 512M 	num_reg: 10  	lose cover RAM: 15872G
[    0.001890]  gran_size: 512K 	chunk_size: 1G 	num_reg: 10  	lose cover RAM: 15360G
[    0.001916]  gran_size: 512K 	chunk_size: 2G 	num_reg: 10  	lose cover RAM: 15360G
[    0.001941]  gran_size: 1M 	chunk_size: 1M 	num_reg: 10  	lose cover RAM: 15872G
[    0.001967]  gran_size: 1M 	chunk_size: 2M 	num_reg: 10  	lose cover RAM: 15872G
[    0.001992]  gran_size: 1M 	chunk_size: 4M 	num_reg: 10  	lose cover RAM: 15872G
[    0.002018]  gran_size: 1M 	chunk_size: 8M 	num_reg: 10  	lose cover RAM: 15872G
[    0.002043]  gran_size: 1M 	chunk_size: 16M 	num_reg: 10  	lose cover RAM: 15872G
[    0.002069]  gran_size: 1M 	chunk_size: 32M 	num_reg: 10  	lose cover RAM: 15872G
[    0.002094]  gran_size: 1M 	chunk_size: 64M 	num_reg: 10  	lose cover RAM: 15872G
[    0.002120]  gran_size: 1M 	chunk_size: 128M 	num_reg: 10  	lose cover RAM: 15872G
[    0.002145]  gran_size: 1M 	chunk_size: 256M 	num_reg: 10  	lose cover RAM: 15872G
[    0.002171]  gran_size: 1M 	chunk_size: 512M 	num_reg: 10  	lose cover RAM: 15872G
[    0.002196]  gran_size: 1M 	chunk_size: 1G 	num_reg: 10  	lose cover RAM: 15360G
[    0.002222]  gran_size: 1M 	chunk_size: 2G 	num_reg: 10  	lose cover RAM: 15360G
[    0.002247]  gran_size: 2M 	chunk_size: 2M 	num_reg: 10  	lose cover RAM: 15872G
[    0.002273]  gran_size: 2M 	chunk_size: 4M 	num_reg: 10  	lose cover RAM: 15872G
[    0.002298]  gran_size: 2M 	chunk_size: 8M 	num_reg: 10  	lose cover RAM: 15872G
[    0.002324]  gran_size: 2M 	chunk_size: 16M 	num_reg: 10  	lose cover RAM: 15872G
[    0.002349]  gran_size: 2M 	chunk_size: 32M 	num_reg: 10  	lose cover RAM: 15872G
[    0.002375]  gran_size: 2M 	chunk_size: 64M 	num_reg: 10  	lose cover RAM: 15872G
[    0.002400]  gran_size: 2M 	chunk_size: 128M 	num_reg: 10  	lose cover RAM: 15872G
[    0.002426]  gran_size: 2M 	chunk_size: 256M 	num_reg: 10  	lose cover RAM: 15872G
[    0.002451]  gran_size: 2M 	chunk_size: 512M 	num_reg: 10  	lose cover RAM: 15872G
[    0.002477]  gran_size: 2M 	chunk_size: 1G 	num_reg: 10  	lose cover RAM: 15360G
[    0.002502]  gran_size: 2M 	chunk_size: 2G 	num_reg: 10  	lose cover RAM: 15360G
[    0.002528]  gran_size: 4M 	chunk_size: 4M 	num_reg: 10  	lose cover RAM: 15872G
[    0.002553]  gran_size: 4M 	chunk_size: 8M 	num_reg: 10  	lose cover RAM: 15872G
[    0.002579]  gran_size: 4M 	chunk_size: 16M 	num_reg: 10  	lose cover RAM: 15872G
[    0.002604]  gran_size: 4M 	chunk_size: 32M 	num_reg: 10  	lose cover RAM: 15872G
[    0.002630]  gran_size: 4M 	chunk_size: 64M 	num_reg: 10  	lose cover RAM: 15872G
[    0.002655]  gran_size: 4M 	chunk_size: 128M 	num_reg: 10  	lose cover RAM: 15872G
[    0.002681]  gran_size: 4M 	chunk_size: 256M 	num_reg: 10  	lose cover RAM: 15872G
[    0.002707]  gran_size: 4M 	chunk_size: 512M 	num_reg: 10  	lose cover RAM: 15872G
[    0.002732]  gran_size: 4M 	chunk_size: 1G 	num_reg: 10  	lose cover RAM: 15360G
[    0.002758]  gran_size: 4M 	chunk_size: 2G 	num_reg: 10  	lose cover RAM: 15360G
[    0.002783]  gran_size: 8M 	chunk_size: 8M 	num_reg: 10  	lose cover RAM: 15872G
[    0.002809]  gran_size: 8M 	chunk_size: 16M 	num_reg: 10  	lose cover RAM: 15872G
[    0.002834]  gran_size: 8M 	chunk_size: 32M 	num_reg: 10  	lose cover RAM: 15872G
[    0.002860]  gran_size: 8M 	chunk_size: 64M 	num_reg: 10  	lose cover RAM: 15872G
[    0.002885]  gran_size: 8M 	chunk_size: 128M 	num_reg: 10  	lose cover RAM: 15872G
[    0.002911]  gran_size: 8M 	chunk_size: 256M 	num_reg: 10  	lose cover RAM: 15872G
[    0.002936]  gran_size: 8M 	chunk_size: 512M 	num_reg: 10  	lose cover RAM: 15872G
[    0.002962]  gran_size: 8M 	chunk_size: 1G 	num_reg: 10  	lose cover RAM: 15360G
[    0.002987]  gran_size: 8M 	chunk_size: 2G 	num_reg: 10  	lose cover RAM: 15360G
[    0.003013]  gran_size: 16M 	chunk_size: 16M 	num_reg: 10  	lose cover RAM: 15872G
[    0.003038]  gran_size: 16M 	chunk_size: 32M 	num_reg: 10  	lose cover RAM: 15872G
[    0.003064]  gran_size: 16M 	chunk_size: 64M 	num_reg: 10  	lose cover RAM: 15872G
[    0.003089]  gran_size: 16M 	chunk_size: 128M 	num_reg: 10  	lose cover RAM: 15872G
[    0.003115]  gran_size: 16M 	chunk_size: 256M 	num_reg: 10  	lose cover RAM: 15872G
[    0.003140]  gran_size: 16M 	chunk_size: 512M 	num_reg: 10  	lose cover RAM: 15872G
[    0.003166]  gran_size: 16M 	chunk_size: 1G 	num_reg: 10  	lose cover RAM: 15360G
[    0.003192]  gran_size: 16M 	chunk_size: 2G 	num_reg: 10  	lose cover RAM: 15360G
[    0.003217]  gran_size: 32M 	chunk_size: 32M 	num_reg: 10  	lose cover RAM: 15872G
[    0.003243]  gran_size: 32M 	chunk_size: 64M 	num_reg: 10  	lose cover RAM: 15872G
[    0.003268]  gran_size: 32M 	chunk_size: 128M 	num_reg: 10  	lose cover RAM: 15872G
[    0.003294]  gran_size: 32M 	chunk_size: 256M 	num_reg: 10  	lose cover RAM: 15872G
[    0.003319]  gran_size: 32M 	chunk_size: 512M 	num_reg: 10  	lose cover RAM: 15872G
[    0.003345]  gran_size: 32M 	chunk_size: 1G 	num_reg: 10  	lose cover RAM: 15360G
[    0.003370]  gran_size: 32M 	chunk_size: 2G 	num_reg: 10  	lose cover RAM: 15360G
[    0.003396]  gran_size: 64M 	chunk_size: 64M 	num_reg: 10  	lose cover RAM: 15872G
[    0.003422]  gran_size: 64M 	chunk_size: 128M 	num_reg: 10  	lose cover RAM: 15872G
[    0.003447]  gran_size: 64M 	chunk_size: 256M 	num_reg: 10  	lose cover RAM: 15872G
[    0.003473]  gran_size: 64M 	chunk_size: 512M 	num_reg: 10  	lose cover RAM: 15872G
[    0.003498]  gran_size: 64M 	chunk_size: 1G 	num_reg: 10  	lose cover RAM: 15360G
[    0.003524]  gran_size: 64M 	chunk_size: 2G 	num_reg: 10  	lose cover RAM: 15360G
[    0.003549]  gran_size: 128M 	chunk_size: 128M 	num_reg: 10  	lose cover RAM: 15872G
[    0.003575]  gran_size: 128M 	chunk_size: 256M 	num_reg: 10  	lose cover RAM: 15872G
[    0.003600]  gran_size: 128M 	chunk_size: 512M 	num_reg: 10  	lose cover RAM: 15872G
[    0.003626]  gran_size: 128M 	chunk_size: 1G 	num_reg: 10  	lose cover RAM: 15360G
[    0.003652]  gran_size: 128M 	chunk_size: 2G 	num_reg: 10  	lose cover RAM: 15360G
[    0.003677]  gran_size: 256M 	chunk_size: 256M 	num_reg: 10  	lose cover RAM: 15872G
[    0.003703]  gran_size: 256M 	chunk_size: 512M 	num_reg: 10  	lose cover RAM: 15872G
[    0.003728]  gran_size: 256M 	chunk_size: 1G 	num_reg: 10  	lose cover RAM: 15360G
[    0.003754]  gran_size: 256M 	chunk_size: 2G 	num_reg: 10  	lose cover RAM: 15360G
[    0.003779]  gran_size: 512M 	chunk_size: 512M 	num_reg: 10  	lose cover RAM: 15872G
[    0.003805]  gran_size: 512M 	chunk_size: 1G 	num_reg: 10  	lose cover RAM: 15360G
[    0.003831]  gran_size: 512M 	chunk_size: 2G 	num_reg: 10  	lose cover RAM: 15360G
[    0.003856]  gran_size: 1G 	chunk_size: 1G 	num_reg: 10  	lose cover RAM: 15729152M
[    0.003882]  gran_size: 1G 	chunk_size: 2G 	num_reg: 10  	lose cover RAM: 15729152M
[    0.003907]  gran_size: 2G 	chunk_size: 2G 	num_reg: 10  	lose cover RAM: 14681600M
[    0.003933] mtrr_cleanup: can not find optimal value
[    0.003945] please specify mtrr_gran_size/mtrr_chunk_size
[    0.003960] e820: update [mem 0xe0000000-0xffffffff] usable ==> reserved
[    0.004028] x2apic: enabled by BIOS, switching to x2apic ops
[    0.004040] last_pfn = 0xd7800 max_arch_pfn = 0x10000000000
[    0.007001] Using GB pages for direct mapping
[    0.103695] printk: log_buf_len: 268435456 bytes
[    0.103708] printk: early log buf free: 16758952(99%)
[    0.103721] Secure boot disabled
[    0.103733] RAMDISK: [mem 0xb844f000-0xba2a0fff]
[    0.103747] ACPI: Early table checksum verification disabled
[    0.103760] ACPI: RSDP 0x00000000D77FE014 000024 (v02 INTEL )
[    0.103796] ACPI: XSDT 0x00000000D7744188 00014C (v01 INTEL  INTEL ID 00000000      01000013)
[    0.103835] ACPI: FACP 0x00000000D77FC000 000114 (v06 INTEL  INTEL ID 00000000 INTL 20230628)
[    0.103875] ACPI: DSDT 0x00000000D775D000 08E4F6 (v02 INTEL  INTEL ID 00000003 INTL 20230628)
[    0.103913] ACPI: FACS 0x00000000D76F4000 000040
[    0.103950] ACPI: MCFG 0x00000000D77FB000 00004C (v01 INTEL  INTEL ID 00000001 INTL 20230628)
[    0.103988] ACPI: SSDT 0x00000000D77FA000 0001F3 (v02 INTEL  MPWR     00001000 INTL 20230628)
[    0.104026] ACPI: CEDT 0x00000000D77F9000 000284 (v01 INTEL  INTEL ID 00000002 INTL 20230628)
[    0.104065] ACPI: SSDT 0x00000000D77F8000 0000AB (v02 INTEL  INTEL ID 00000002 INTL 20230628)
[    0.104103] ACPI: MRRM 0x00000000D77F7000 0000CC (v01 INTEL  INTEL ID 00000002 INTL 20230628)
[    0.104142] ACPI: SSDT 0x00000000D77F6000 00030C (v02 INTEL  INTEL ID 00000000 MSFT 20230628)
[    0.104180] ACPI: SSDT 0x00000000D77F5000 000156 (v02 INTEL  PRMOPREG 00001000 INTL 20230628)
[    0.104218] ACPI: SSDT 0x00000000D77F4000 000145 (v02 INTEL  PRMSAMPL 00001000 INTL 20230628)
[    0.104257] ACPI: IRDT 0x00000000D77F3000 0001D7 (v01 INTEL  INTEL ID 00000002 INTL 20230628)
[    0.104295] ACPI: DTPR 0x00000000D77F2000 000530 (v01 INTEL  EDK2     00000002      01000013)
[    0.104333] ACPI: SSDT 0x00000000D77F1000 00040F (v02 INTEL  SruTable 00001000 INTL 20230628)
[    0.104372] ACPI: SSDT 0x00000000D77F0000 000397 (v02 INTEL  SstsTbl  00001000 INTL 20230628)
[    0.104410] ACPI: BDAT 0x00000000D77EF000 000030 (v01 INTEL  INTEL ID 00000000 INTL 20230628)
[    0.104449] ACPI: HPET 0x00000000D77EE000 000038 (v01 INTEL  INTEL ID 00000001 INTL 20230628)
[    0.104487] ACPI: MSCT 0x00000000D77ED000 000198 (v01 INTEL  INTEL ID 00000001 INTL 20230628)
[    0.104525] ACPI: WSMT 0x00000000D77EC000 000028 (v01 INTEL  INTEL ID 00000000 INTL 20230628)
[    0.104564] ACPI: APIC 0x00000000D775C000 00015E (v06 INTEL  INTEL ID 00000000 INTL 20230628)
[    0.104602] ACPI: KEYP 0x00000000D77FD000 000050 (v01 INTEL  INTEL ID 00000002 INTL 20230628)
[    0.104640] ACPI: PMTT 0x00000000D7741000 002568 (v02 INTEL  INTEL ID 00000001 INTL 20230628)
[    0.104679] ACPI: OEM4 0x00000000BDC90000 32B041 (v02 INTEL  CPU  CST 00003000 INTL 20230628)
[    0.104717] ACPI: OEM1 0x00000000BD41C000 439069 (v02 INTEL  CPU EIST 00003000 INTL 20230628)
[    0.104755] ACPI: OEM2 0x00000000BDA5E000 118031 (v02 INTEL  CPU  HWP 00003000 INTL 20230628)
[    0.104794] ACPI: SSDT 0x00000000BD0EC000 197850 (v02 INTEL  SSDT  PM 00004000 INTL 20230628)
[    0.104832] ACPI: DBG2 0x00000000D7740000 000058 (v00 INTEL  INTEL ID 00000002 INTL 20230628)
[    0.104871] ACPI: DMAR 0x00000000D773F000 000478 (v01 INTEL  INTEL ID 00000001 INTL 20230628)
[    0.104909] ACPI: FPDT 0x00000000D773E000 000044 (v01 INTEL  EDK2     00000002      01000013)
[    0.104947] ACPI: SSDT 0x00000000D773D000 000922 (v02 INTEL  RAS_ACPI 00000001 INTL 20230628)
[    0.104986] ACPI: SSDT 0x00000000D773C000 0008BB (v02 INTEL  ADDRXLAT 00000001 INTL 20230628)
[    0.105024] ACPI: HEST 0x00000000D773B000 000174 (v01 INTEL  INTEL ID 00000001 INTL 20230628)
[    0.105062] ACPI: BERT 0x00000000D773A000 000030 (v01 INTEL  INTEL ID 00000001 INTL 20230628)
[    0.105101] ACPI: ERST 0x00000000D7739000 000230 (v01 INTEL  INTEL ID 00000001 INTL 20230628)
[    0.105139] ACPI: PRMT 0x00000000D7738000 0001DC (v00 INTEL  INTEL ID 00000002 INTL 20230628)
[    0.105177] ACPI: SPCR 0x00000000D7737000 000050 (v02 INTEL  INTEL ID 00000000 INTL 20230628)
[    0.105216] ACPI: SRAT 0x00000000D7747000 014128 (v03 INTEL  INTEL ID 00000002 INTL 20230628)
[    0.105254] ACPI: SLIT 0x00000000D7746000 000050 (v01 INTEL  INTEL ID 00000002 INTL 20230628)
[    0.105293] ACPI: HMAT 0x00000000D7745000 000298 (v02 INTEL  INTEL ID 00000002 INTL 20230628)
[    0.105330] ACPI: Reserving FACP table memory at [mem 0xd77fc000-0xd77fc113]
[    0.105345] ACPI: Reserving DSDT table memory at [mem 0xd775d000-0xd77eb4f5]
[    0.105359] ACPI: Reserving FACS table memory at [mem 0xd76f4000-0xd76f403f]
[    0.105374] ACPI: Reserving MCFG table memory at [mem 0xd77fb000-0xd77fb04b]
[    0.105389] ACPI: Reserving SSDT table memory at [mem 0xd77fa000-0xd77fa1f2]
[    0.105403] ACPI: Reserving CEDT table memory at [mem 0xd77f9000-0xd77f9283]
[    0.105418] ACPI: Reserving SSDT table memory at [mem 0xd77f8000-0xd77f80aa]
[    0.105433] ACPI: Reserving MRRM table memory at [mem 0xd77f7000-0xd77f70cb]
[    0.105448] ACPI: Reserving SSDT table memory at [mem 0xd77f6000-0xd77f630b]
[    0.105462] ACPI: Reserving SSDT table memory at [mem 0xd77f5000-0xd77f5155]
[    0.105477] ACPI: Reserving SSDT table memory at [mem 0xd77f4000-0xd77f4144]
[    0.105492] ACPI: Reserving IRDT table memory at [mem 0xd77f3000-0xd77f31d6]
[    0.105507] ACPI: Reserving DTPR table memory at [mem 0xd77f2000-0xd77f252f]
[    0.105521] ACPI: Reserving SSDT table memory at [mem 0xd77f1000-0xd77f140e]
[    0.105536] ACPI: Reserving SSDT table memory at [mem 0xd77f0000-0xd77f0396]
[    0.105551] ACPI: Reserving BDAT table memory at [mem 0xd77ef000-0xd77ef02f]
[    0.105566] ACPI: Reserving HPET table memory at [mem 0xd77ee000-0xd77ee037]
[    0.105581] ACPI: Reserving MSCT table memory at [mem 0xd77ed000-0xd77ed197]
[    0.105596] ACPI: Reserving WSMT table memory at [mem 0xd77ec000-0xd77ec027]
[    0.105611] ACPI: Reserving APIC table memory at [mem 0xd775c000-0xd775c15d]
[    0.105625] ACPI: Reserving KEYP table memory at [mem 0xd77fd000-0xd77fd04f]
[    0.105641] ACPI: Reserving PMTT table memory at [mem 0xd7741000-0xd7743567]
[    0.105655] ACPI: Reserving OEM4 table memory at [mem 0xbdc90000-0xbdfbb040]
[    0.105670] ACPI: Reserving OEM1 table memory at [mem 0xbd41c000-0xbd855068]
[    0.105685] ACPI: Reserving OEM2 table memory at [mem 0xbda5e000-0xbdb76030]
[    0.105700] ACPI: Reserving SSDT table memory at [mem 0xbd0ec000-0xbd28384f]
[    0.105715] ACPI: Reserving DBG2 table memory at [mem 0xd7740000-0xd7740057]
[    0.105730] ACPI: Reserving DMAR table memory at [mem 0xd773f000-0xd773f477]
[    0.105745] ACPI: Reserving FPDT table memory at [mem 0xd773e000-0xd773e043]
[    0.105760] ACPI: Reserving SSDT table memory at [mem 0xd773d000-0xd773d921]
[    0.105775] ACPI: Reserving SSDT table memory at [mem 0xd773c000-0xd773c8ba]
[    0.105790] ACPI: Reserving HEST table memory at [mem 0xd773b000-0xd773b173]
[    0.105805] ACPI: Reserving BERT table memory at [mem 0xd773a000-0xd773a02f]
[    0.105820] ACPI: Reserving ERST table memory at [mem 0xd7739000-0xd773922f]
[    0.105835] ACPI: Reserving PRMT table memory at [mem 0xd7738000-0xd77381db]
[    0.105850] ACPI: Reserving SPCR table memory at [mem 0xd7737000-0xd773704f]
[    0.105865] ACPI: Reserving SRAT table memory at [mem 0xd7747000-0xd775b127]
[    0.105880] ACPI: Reserving SLIT table memory at [mem 0xd7746000-0xd774604f]
[    0.105896] ACPI: Reserving HMAT table memory at [mem 0xd7745000-0xd7745297]
[    0.105937] Setting APIC routing to cluster x2apic.
[    0.106118] SRAT: PXM 0 -> APIC 0x0000 -> Node 0
[    0.106131] SRAT: PXM 0 -> APIC 0x0002 -> Node 0
[    0.106144] SRAT: PXM 0 -> APIC 0x0008 -> Node 0
[    0.106157] SRAT: PXM 0 -> APIC 0x000a -> Node 0
[    0.106170] SRAT: PXM 0 -> APIC 0x0100 -> Node 0
[    0.106184] SRAT: PXM 0 -> APIC 0x0102 -> Node 0
[    0.106197] SRAT: PXM 0 -> APIC 0x0108 -> Node 0
[    0.106210] SRAT: PXM 0 -> APIC 0x010a -> Node 0
[    0.106223] SRAT: PXM 0 -> APIC 0x0200 -> Node 0
[    0.106236] SRAT: PXM 0 -> APIC 0x0202 -> Node 0
[    0.106250] SRAT: PXM 0 -> APIC 0x0208 -> Node 0
[    0.106263] SRAT: PXM 0 -> APIC 0x020a -> Node 0
[    0.106276] SRAT: PXM 0 -> APIC 0x0300 -> Node 0
[    0.106289] SRAT: PXM 0 -> APIC 0x0302 -> Node 0
[    0.106302] SRAT: PXM 0 -> APIC 0x0308 -> Node 0
[    0.106316] SRAT: PXM 0 -> APIC 0x030a -> Node 0
[    0.106473] ACPI: SRAT: Node 0 PXM 0 [mem 0x00000000-0xdfffffff]
[    0.106487] ACPI: SRAT: Node 0 PXM 0 [mem 0x100000000-0x3fffffffff]
[    0.106540] ACPI: SRAT: Node 1 PXM 5 [mem 0x20000000000-0x200ffffffff]
[    0.106565] NUMA: Initialized distance table, cnt=2
[    0.106589] NUMA: Node 0 [mem 0x00000000-0xdfffffff] + [mem 0x100000000-0x3ffeffffff] -> [mem 0x00000000-0x3ffeffffff]
[    0.106631] NODE_DATA(0) allocated [mem 0x3fb6fc1000-0x3fb6febfff]
[    0.107642] Reserving 512MB of memory at 2432MB for crashkernel (System RAM: 261362MB)
[    0.108309] Zone ranges:
[    0.108321]   DMA      [mem 0x0000000000001000-0x0000000000ffffff]
[    0.108345]   DMA32    [mem 0x0000000001000000-0x00000000ffffffff]
[    0.108369]   Normal   [mem 0x0000000100000000-0x0000003ffeffffff]
[    0.108394]   Device   empty
[    0.108417] Movable zone start for each node
[    0.108434] Early memory node ranges
[    0.108446]   node   0: [mem 0x0000000000001000-0x000000000009ffff]
[    0.108459]   node   0: [mem 0x0000000000100000-0x00000000bb779fff]
[    0.108474]   node   0: [mem 0x00000000bcd2e000-0x00000000bd0ebfff]
[    0.108487]   node   0: [mem 0x00000000bd284000-0x00000000bd41bfff]
[    0.108501]   node   0: [mem 0x00000000bd856000-0x00000000bda5dfff]
[    0.108514]   node   0: [mem 0x00000000bdb77000-0x00000000bdc8ffff]
[    0.108528]   node   0: [mem 0x00000000bdfbc000-0x00000000bf434fff]
[    0.108541]   node   0: [mem 0x00000000c0636000-0x00000000cba02fff]
[    0.108555]   node   0: [mem 0x00000000cba05000-0x00000000cba05fff]
[    0.108569]   node   0: [mem 0x00000000cba4e000-0x00000000cba4efff]
[    0.108582]   node   0: [mem 0x00000000cba57000-0x00000000cba57fff]
[    0.108596]   node   0: [mem 0x00000000cd42b000-0x00000000cd42bfff]
[    0.108609]   node   0: [mem 0x00000000cd42d000-0x00000000cd42dfff]
[    0.108623]   node   0: [mem 0x00000000cd640000-0x00000000cd6befff]
[    0.108636]   node   0: [mem 0x00000000cd6c0000-0x00000000ce51efff]
[    0.108650]   node   0: [mem 0x00000000cf120000-0x00000000cf132fff]
[    0.108663]   node   0: [mem 0x00000000cf734000-0x00000000d27dcfff]
[    0.108677]   node   0: [mem 0x00000000d284e000-0x00000000d2894fff]
[    0.108691]   node   0: [mem 0x00000000d2897000-0x00000000d2976fff]
[    0.108704]   node   0: [mem 0x00000000d2979000-0x00000000d2f54fff]
[    0.108718]   node   0: [mem 0x00000000d2f5e000-0x00000000d34bbfff]
[    0.108731]   node   0: [mem 0x00000000d3abc000-0x00000000d3c5ffff]
[    0.108745]   node   0: [mem 0x00000000d3c7c000-0x00000000d69cefff]
[    0.108758]   node   0: [mem 0x00000000d77ff000-0x00000000d77fffff]
[    0.108772]   node   0: [mem 0x0000000100000000-0x0000003ffeffffff]
[    0.108855] Initmem setup node 0 [mem 0x0000000000001000-0x0000003ffeffffff]
[    0.108876] On node 0, zone DMA: 1 pages in unavailable ranges
[    0.108943] On node 0, zone DMA: 96 pages in unavailable ranges
[    0.119513] On node 0, zone DMA32: 5556 pages in unavailable ranges
[    0.119545] On node 0, zone DMA32: 408 pages in unavailable ranges
[    0.119599] On node 0, zone DMA32: 1082 pages in unavailable ranges
[    0.119625] On node 0, zone DMA32: 281 pages in unavailable ranges
[    0.119734] On node 0, zone DMA32: 812 pages in unavailable ranges
[    0.120516] On node 0, zone DMA32: 4609 pages in unavailable ranges
[    0.120529] On node 0, zone DMA32: 2 pages in unavailable ranges
[    0.120545] On node 0, zone DMA32: 72 pages in unavailable ranges
[    0.120558] On node 0, zone DMA32: 8 pages in unavailable ranges
[    0.120776] On node 0, zone DMA32: 6611 pages in unavailable ranges
[    0.120790] On node 0, zone DMA32: 1 pages in unavailable ranges
[    0.120821] On node 0, zone DMA32: 530 pages in unavailable ranges
[    0.120885] On node 0, zone DMA32: 1 pages in unavailable ranges
[    0.120994] On node 0, zone DMA32: 3073 pages in unavailable ranges
[    0.121224] On node 0, zone DMA32: 1537 pages in unavailable ranges
[    0.121242] On node 0, zone DMA32: 113 pages in unavailable ranges
[    0.121258] On node 0, zone DMA32: 2 pages in unavailable ranges
[    0.121292] On node 0, zone DMA32: 2 pages in unavailable ranges
[    0.121324] On node 0, zone DMA32: 9 pages in unavailable ranges
[    0.121391] On node 0, zone DMA32: 1536 pages in unavailable ranges
[    0.121562] On node 0, zone DMA32: 28 pages in unavailable ranges
[    0.121688] On node 0, zone DMA32: 3632 pages in unavailable ranges
[    1.018756] On node 0, zone Normal: 2048 pages in unavailable ranges
[    1.018896] On node 0, zone Normal: 4096 pages in unavailable ranges
[    1.023776] ACPI: PM-Timer IO Port: 0x508
[    1.023796] ACPI: X2APIC_NMI (uid[0xffffffff] high edge lint[0x1])
[    1.023810] ACPI: LAPIC_NMI (acpi_id[0xff] high edge lint[0x1])
[    1.023825] IOAPIC[0]: apic_id 8, version 32, address 0xfec00000, GSI 0-23
[    1.023841] ACPI: INT_SRC_OVR (bus 0 bus_irq 0 global_irq 2 dfl dfl)
[    1.023855] ACPI: INT_SRC_OVR (bus 0 bus_irq 9 global_irq 9 high level)
[    1.023872] ACPI: Using ACPI (MADT) for SMP configuration information
[    1.023885] ACPI: HPET id: 0x8086a701 base: 0xfed00000
[    1.023902] ACPI: SPCR: console: uart,io,0x3f8,115200
[    1.023915] TSC deadline timer available
[    1.023927] smpboot: Allowing 16 CPUs, 0 hotplug CPUs
[    1.024296] PM: hibernation: Registered nosave memory: [mem 0x00000000-0x00000fff]
[    1.024317] PM: hibernation: Registered nosave memory: [mem 0x000a0000-0x000fffff]
[    1.024339] PM: hibernation: Registered nosave memory: [mem 0xbb77a000-0xbcd2dfff]
[    1.024361] PM: hibernation: Registered nosave memory: [mem 0xbd0ec000-0xbd283fff]
[    1.024383] PM: hibernation: Registered nosave memory: [mem 0xbd41c000-0xbd855fff]
[    1.024405] PM: hibernation: Registered nosave memory: [mem 0xbda5e000-0xbdb76fff]
[    1.024428] PM: hibernation: Registered nosave memory: [mem 0xbdc90000-0xbdfbbfff]
[    1.024450] PM: hibernation: Registered nosave memory: [mem 0xbf435000-0xc0635fff]
[    1.024472] PM: hibernation: Registered nosave memory: [mem 0xcba03000-0xcba04fff]
[    1.024495] PM: hibernation: Registered nosave memory: [mem 0xcba06000-0xcba4dfff]
[    1.024518] PM: hibernation: Registered nosave memory: [mem 0xcba4f000-0xcba56fff]
[    1.024540] PM: hibernation: Registered nosave memory: [mem 0xcba58000-0xcd42afff]
[    1.024563] PM: hibernation: Registered nosave memory: [mem 0xcd42c000-0xcd42cfff]
[    1.024586] PM: hibernation: Registered nosave memory: [mem 0xcd42e000-0xcd63ffff]
[    1.024609] PM: hibernation: Registered nosave memory: [mem 0xcd6bf000-0xcd6bffff]
[    1.024632] PM: hibernation: Registered nosave memory: [mem 0xce51f000-0xcf11ffff]
[    1.024655] PM: hibernation: Registered nosave memory: [mem 0xcf133000-0xcf732fff]
[    1.024669] PM: hibernation: Registered nosave memory: [mem 0xcf733000-0xcf733fff]
[    1.024692] PM: hibernation: Registered nosave memory: [mem 0xd27dd000-0xd284dfff]
[    1.024715] PM: hibernation: Registered nosave memory: [mem 0xd2895000-0xd2896fff]
[    1.024739] PM: hibernation: Registered nosave memory: [mem 0xd2977000-0xd2978fff]
[    1.024763] PM: hibernation: Registered nosave memory: [mem 0xd2f55000-0xd2f5dfff]
[    1.024786] PM: hibernation: Registered nosave memory: [mem 0xd34bc000-0xd3abbfff]
[    1.024810] PM: hibernation: Registered nosave memory: [mem 0xd3c60000-0xd3c7bfff]
[    1.024834] PM: hibernation: Registered nosave memory: [mem 0xd69cf000-0xd6ccefff]
[    1.024847] PM: hibernation: Registered nosave memory: [mem 0xd6ccf000-0xd76fefff]
[    1.024861] PM: hibernation: Registered nosave memory: [mem 0xd76ff000-0xd77fefff]
[    1.024885] PM: hibernation: Registered nosave memory: [mem 0xd7800000-0xdfffffff]
[    1.024898] PM: hibernation: Registered nosave memory: [mem 0xe0000000-0xf282ffff]
[    1.024911] PM: hibernation: Registered nosave memory: [mem 0xf2830000-0xf2830fff]
[    1.024925] PM: hibernation: Registered nosave memory: [mem 0xf2831000-0xffffffff]
[    1.024940] [mem 0xe0000000-0xf282ffff] available for PCI devices
[    1.024954] Booting paravirtualized kernel on bare hardware
[    1.024967] clocksource: refined-jiffies: mask: 0xffffffff max_cycles: 0xffffffff, max_idle_ns: 1910969940391419 ns
[    1.038682] setup_percpu: NR_CPUS:8192 nr_cpumask_bits:16 nr_cpu_ids:16 nr_node_ids:2
[    1.038775] percpu: Embedded 54 pages/cpu s184232 r8192 d28760 u262144
[    1.038848] pcpu-alloc: s184232 r8192 d28760 u262144 alloc=1*2097152
[    1.038873] pcpu-alloc: [0] 00 01 02 03 04 05 06 07 [0] 08 09 10 11 12 13 14 15 
[    1.039331] Fallback order for Node 0: 0 
[    1.039367] Built 1 zonelists, mobility grouping on.  Total pages: 65863266
[    1.039381] Policy zone: Normal
[    1.039393] Kernel command line: BOOT_IMAGE=(hd1,gpt2)/vmlinuz-5.17.0-95ab0e87683e-g95ab0e87683e root=/dev/mapper/cs-root ro crashkernel=1G-4G:192M,4G-64G:256M,64G-:512M resume=/dev/mapper/cs-swap rd.lvm.lv=cs/root rd.lvm.lv=cs/swap rhgb quiet console=tty0 console=ttyS0,115200n8 intel_iommu=on,sm_on initcall_debug log_buf_len=200M no_console_suspend ignore_loglevel selinux=0 cxl_acpi.dyndbg=+fplm cxl_pci.dyndbg=+fplm cxl_core.dyndbg=+fplm cxl_mem.dyndbg=+fplm cxl_pmem.dyndbg=+fplm cxl_port.dyndbg=+fplm cxl_region.dyndbg=+fplm cxl_test.dyndbg=+fplm cxl_mock.dyndbg=+fplm cxl_mock_mem.dyndbg=+fplm
[    1.039649] DMAR: IOMMU enabled
[    1.039661] DMAR: Enable scalable mode if hardware supports
[    1.040064] Unknown kernel command line parameters "rhgb BOOT_IMAGE=(hd1,gpt2)/vmlinuz-5.17.0-95ab0e87683e-g95ab0e87683e", will be passed to user space.
[    1.040099] Dentry cache hash table entries: 16777216 (order: 15, 134217728 bytes, linear)
[    1.040130] Inode-cache hash table entries: 8388608 (order: 14, 67108864 bytes, linear)
[    1.040338] mem auto-init: stack:off, heap alloc:off, heap free:off
[    1.935184] Memory: 260967012K/267635512K available (20493K kernel code, 60545K rwdata, 10660K rodata, 2576K init, 24660K bss, 6668296K reserved, 0K cma-reserved)
[    1.938809] SLUB: HWalign=64, Order=0-3, MinObjects=0, CPUs=16, Nodes=2
[    1.938823] kmemleak: Kernel memory leak detector disabled
[    1.938857] ftrace: allocating 62336 entries in 244 pages
[    1.946801] ftrace: allocated 244 pages with 5 groups
[    1.947734] Dynamic Preempt: none
[    1.947829] rcu: Preemptible hierarchical RCU implementation.
[    1.947841] rcu: 	RCU restricting CPUs from NR_CPUS=8192 to nr_cpu_ids=16.
[    1.947854] 	Trampoline variant of Tasks RCU enabled.
[    1.947867] 	Rude variant of Tasks RCU enabled.
[    1.947879] 	Tracing variant of Tasks RCU enabled.
[    1.947891] rcu: RCU calculated value of scheduler-enlistment delay is 100 jiffies.
[    1.947904] rcu: Adjusting geometry for rcu_fanout_leaf=16, nr_cpu_ids=16
[    1.962702] NR_IRQS: 524544, nr_irqs: 552, preallocated irqs: 16
[    1.963424] random: get_random_bytes called from start_kernel+0x4c6/0x69a with crng_init=0
[    1.963488] calling  con_init+0x0/0x22c @ 0
[    1.963518] Console: colour dummy device 80x25
[    1.966887] printk: console [tty0] enabled
[    1.966903] initcall con_init+0x0/0x22c returned 0 after 0 usecs
[    1.966923] calling  hvc_console_init+0x0/0x14 @ 0
[    1.966943] initcall hvc_console_init+0x0/0x14 returned 0 after 0 usecs
[    1.966964] calling  univ8250_console_init+0x0/0x27 @ 0
[    2.779882] printk: console [ttyS0] enabled
[    2.780900] initcall univ8250_console_init+0x0/0x27 returned 0 after 0 usecs
[    2.782585] calling  kgdboc_earlycon_late_init+0x0/0x1d @ 0
[    2.783927] initcall kgdboc_earlycon_late_init+0x0/0x1d returned 0 after 0 usecs
[    2.785728] ACPI: Core revision 20211217
[    2.815261] clocksource: hpet: mask: 0xffffffff max_cycles: 0xffffffff, max_idle_ns: 76450417870 ns
[    2.817425] APIC: Switch to symmetric I/O mode setup
[    2.818686] DMAR: Host address width 52
[    2.819685] DMAR: DRHD base: 0x0017ff40000000 flags: 0x0
[    2.821030] DMAR: dmar0: reg_base_addr 17ff40000000 ver 8:0 cap f9e8008cee730c06 ecap 7bbfef9ea4f0efdf
[    2.823298] DMAR: DRHD base: 0x0017ff80000000 flags: 0x0
[    2.824643] DMAR: dmar1: reg_base_addr 17ff80000000 ver 8:0 cap f9e8008cee730c06 ecap 7bbfef9ea4f0efdf
[    2.826911] DMAR: DRHD base: 0x0017ffc0000000 flags: 0x0
[    2.828256] DMAR: dmar2: reg_base_addr 17ffc0000000 ver 8:0 cap f9e8008cee730c06 ecap 7bbfef9ea4f0efdf
[    2.830525] DMAR: DRHD base: 0x001ffec0000000 flags: 0x0
[    2.831870] DMAR: dmar3: reg_base_addr 1ffec0000000 ver 8:0 cap f9e8008cee730c06 ecap 7bbfef9ea4f0efdf
[    2.834200] DMAR: DRHD base: 0x001fff00000000 flags: 0x0
[    2.835545] DMAR: dmar4: reg_base_addr 1fff00000000 ver 8:0 cap f9e8008cee730c06 ecap 7bbfef9ea4f0efdf
[    2.837813] DMAR: DRHD base: 0x001fff40000000 flags: 0x0
[    2.839169] DMAR: dmar5: reg_base_addr 1fff40000000 ver 8:0 cap f9e8008cee730c06 ecap 7bbfef9ea4f0efdf
[    2.841438] DMAR: DRHD base: 0x001fff80000000 flags: 0x0
[    2.842783] DMAR: dmar6: reg_base_addr 1fff80000000 ver 8:0 cap f9e8008cee730c06 ecap 7bbfef9ea4f0efdf
[    2.845051] DMAR: DRHD base: 0x0017ff00000000 flags: 0x0
[    2.846396] DMAR: dmar7: reg_base_addr 17ff00000000 ver 8:0 cap f9e8008cee730c06 ecap 7bbfef9ea4f0efdf
[    2.848726] DMAR: ATSR flags: 0x1
[    2.849543] DMAR: ATSR flags: 0x1
[    2.850422] DMAR: SATC flags: 0x0
[    2.851301] DMAR: SATC flags: 0x0
[    2.852180] DMAR-IR: IOAPIC id 8 under DRHD base  0x17ff00000000 IOMMU 7
[    2.853844] DMAR-IR: HPET id 0 under DRHD base 0x17ff00000000
[    2.855286] DMAR-IR: Queued invalidation will be enabled to support x2apic and Intr-remapping.
[    2.859452] DMAR-IR: Enabled IRQ remapping in x2apic mode
[    2.861523] ..TIMER: vector=0x30 apic1=0 pin1=2 apic2=-1 pin2=-1
[    2.867447] clocksource: tsc-early: mask: 0xffffffffffffffff max_cycles: 0x22983777dd9, max_idle_ns: 440795300422 ns
[    2.869986] Calibrating delay loop (skipped), value calculated using timer frequency.. 4800.00 BogoMIPS (lpj=2400000)
[    2.871027] pid_max: default: 32768 minimum: 301
MmEntryPoint ...
ClearRasRegister: Success to get RAS policy.
MmEntryPoint Done
[    2.903016] LSM: Security Framework initializing
[    2.904241] Mount-cache hash table entries: 262144 (order: 9, 2097152 bytes, linear)
[    2.905212] Mountpoint-cache hash table entries: 262144 (order: 9, 2097152 bytes, linear)
[    2.906395] x86/cpu: SGX disabled by BIOS.
[    2.907048] x86/tme: not enabled by BIOS
[    2.908027] CPU0: Thermal monitoring enabled (TM1)
[    2.909027] x86/cpu: User Mode Instruction Prevention (UMIP) activated
[    2.910031] process: using mwait in idle threads
[    2.911028] Last level iTLB entries: 4KB 0, 2MB 0, 4MB 0
[    2.912027] Last level dTLB entries: 4KB 0, 2MB 0, 4MB 0, 1GB 0
[    2.913030] Spectre V1 : Mitigation: usercopy/swapgs barriers and __user pointer sanitization
[    2.914033] Spectre V2 : Mitigation: Enhanced IBRS
[    2.915027] Spectre V2 : Spectre v2 / SpectreRSB mitigation: Filling RSB on context switch
[    2.916030] Spectre V2 : mitigation: Enabling conditional Indirect Branch Prediction Barrier
[    2.917033] Speculative Store Bypass: Mitigation: Speculative Store Bypass disabled via prctl
[    2.930115] Freeing SMP alternatives memory: 60K
[    2.931226] smpboot: CPU0: Intel(R) Core TM M7-6Y75 @ 2.00GHZ (family: 0x13, model: 0x0, stepping: 0x0)
[    2.932976] cblist_init_generic: Setting adjustable number of callback queues.
[    2.933027] cblist_init_generic: Setting shift to 4 and lim to 1.
[    2.934177] cblist_init_generic: Setting shift to 4 and lim to 1.
[    2.935178] cblist_init_generic: Setting shift to 4 and lim to 1.
[    2.936166] calling  init_hw_perf_events+0x0/0x61a @ 1
[    2.937027] Performance Events: XSAVE Architectural LBR,  AnyThread deprecated, generic architected perfmon, 32-deep LBR, full-width counters, Intel PMU driver.
[    2.938027] ... version:                6
[    2.939017] ... bit width:              48
[    2.940027] ... generic registers:      8
[    2.941017] ... value mask:             0000ffffffffffff
[    2.942027] ... max period:             00007fffffffffff
[    2.943048] ... fixed-purpose events:   4
[    2.944027] ... event mask:             0001000f000000ff
[    2.945104] initcall init_hw_perf_events+0x0/0x61a returned 0 after 7812 usecs
[    2.946027] calling  init_real_mode+0x0/0x1ee @ 1
[    2.947034] initcall init_real_mode+0x0/0x1ee returned 0 after 0 usecs
[    2.948027] calling  trace_init_perf_perm_irq_work_exit+0x0/0x13 @ 1
[    2.949027] initcall trace_init_perf_perm_irq_work_exit+0x0/0x13 returned 0 after 0 usecs
[    2.950027] calling  register_nmi_cpu_backtrace_handler+0x0/0x16 @ 1
[    2.951027] initcall register_nmi_cpu_backtrace_handler+0x0/0x16 returned 0 after 0 usecs
[    2.952027] calling  kvm_setup_vsyscall_timeinfo+0x0/0xe6 @ 1
[    2.953027] initcall kvm_setup_vsyscall_timeinfo+0x0/0xe6 returned 0 after 0 usecs
[    2.954027] calling  spawn_ksoftirqd+0x0/0x39 @ 1
[    2.955190] initcall spawn_ksoftirqd+0x0/0x39 returned 0 after 0 usecs
[    2.956027] calling  migration_init+0x0/0x32 @ 1
[    2.957027] initcall migration_init+0x0/0x32 returned 0 after 0 usecs
[    2.958027] calling  srcu_bootup_announce+0x0/0x30 @ 1
[    2.959027] rcu: Hierarchical SRCU implementation.
[    2.960027] initcall srcu_bootup_announce+0x0/0x30 returned 0 after 976 usecs
[    2.961027] calling  rcu_spawn_gp_kthread+0x0/0x188 @ 1
[    2.962164] initcall rcu_spawn_gp_kthread+0x0/0x188 returned 0 after 0 usecs
[    2.963027] calling  check_cpu_stall_init+0x0/0x1b @ 1
[    2.964027] initcall check_cpu_stall_init+0x0/0x1b returned 0 after 0 usecs
[    2.965027] calling  rcu_sysrq_init+0x0/0x22 @ 1
[    2.966027] initcall rcu_sysrq_init+0x0/0x22 returned 0 after 0 usecs
[    2.967027] calling  trace_init_flags_sys_enter+0x0/0xf @ 1
[    2.968027] initcall trace_init_flags_sys_enter+0x0/0xf returned 0 after 0 usecs
[    2.969027] calling  trace_init_flags_sys_exit+0x0/0xf @ 1
[    2.970027] initcall trace_init_flags_sys_exit+0x0/0xf returned 0 after 0 usecs
[    2.971027] calling  cpu_stop_init+0x0/0xa7 @ 1
[    2.972200] initcall cpu_stop_init+0x0/0xa7 returned 0 after 0 usecs
[    2.973059] calling  init_kprobes+0x0/0x183 @ 1
[    2.974413] initcall init_kprobes+0x0/0x183 returned 0 after 0 usecs
[    2.975027] calling  init_events+0x0/0x40 @ 1
[    2.976050] initcall init_events+0x0/0x40 returned 0 after 0 usecs
[    2.977027] calling  init_trace_printk+0x0/0xc @ 1
[    2.978027] initcall init_trace_printk+0x0/0xc returned 0 after 0 usecs
[    2.979027] calling  event_trace_enable_again+0x0/0x3e @ 1
[    2.980027] initcall event_trace_enable_again+0x0/0x3e returned 0 after 0 usecs
[    2.981027] calling  irq_work_init_threads+0x0/0x3 @ 1
[    2.982027] initcall irq_work_init_threads+0x0/0x3 returned 0 after 0 usecs
[    2.983027] calling  static_call_init+0x0/0x7f @ 1
[    2.984027] initcall static_call_init+0x0/0x7f returned 0 after 0 usecs
[    2.985027] calling  init_zero_pfn+0x0/0x38 @ 1
[    2.986027] initcall init_zero_pfn+0x0/0x38 returned 0 after 0 usecs
[    2.987027] calling  init_fs_inode_sysctls+0x0/0x22 @ 1
[    2.988028] initcall init_fs_inode_sysctls+0x0/0x22 returned 0 after 0 usecs
[    2.989027] calling  init_fs_locks_sysctls+0x0/0x22 @ 1
[    2.990028] initcall init_fs_locks_sysctls+0x0/0x22 returned 0 after 0 usecs
[    2.991027] calling  dynamic_debug_init+0x0/0x159 @ 1
[    2.992336] initcall dynamic_debug_init+0x0/0x159 returned 0 after 0 usecs
[    2.993027] calling  initialize_ptr_random+0x0/0x45 @ 1
[    2.994027] initcall initialize_ptr_random+0x0/0x45 returned 0 after 0 usecs
[    2.995027] calling  mce_amd_init+0x0/0x1f3 @ 1
[    2.996027] initcall mce_amd_init+0x0/0x1f3 returned -19 after 0 usecs
[    2.997027] calling  efi_memreserve_root_init+0x0/0x26 @ 1
[    2.998027] initcall efi_memreserve_root_init+0x0/0x26 returned 0 after 0 usecs
[    2.999027] calling  efi_earlycon_remap_fb+0x0/0x4e @ 1
[    3.000027] initcall efi_earlycon_remap_fb+0x0/0x4e returned 0 after 0 usecs
[    3.001027] calling  idle_inject_init+0x0/0x11 @ 1
[    3.002217] initcall idle_inject_init+0x0/0x11 returned 0 after 0 usecs
[    3.004039] smp: Bringing up secondary CPUs ...
[    3.005874] x86: Booting SMP configuration:
[    3.006059] .... node  #0, CPUs:        #1  #2  #3  #4
[    0.871594] smpboot: CPU 4 Converting physical 32 to logical die 2
[    3.066273]   #5  #6
[    0.871594] smpboot: CPU 6 Converting physical 33 to logical die 3
[    3.099284]   #7  #8
[    0.871594] smpboot: CPU 8 Converting physical 64 to logical die 4
[    3.132125]   #9 #10
[    0.871594] smpboot: CPU 10 Converting physical 65 to logical die 5
[    3.165135]  #11 #12
[    0.871594] smpboot: CPU 12 Converting physical 96 to logical die 6
[    3.198300]  #13 #14
[    0.871594] smpboot: CPU 14 Converting physical 97 to logical die 7
[    3.231485]  #15
[    3.242359] smp: Brought up 1 node, 16 CPUs
[    3.243048] smpboot: Max logical packages: 1
[    3.244028] smpboot: Total of 16 processors activated (76800.00 BogoMIPS)
[    3.245592] BUG: arch topology borken
[    3.246059]      the CLS domain not a subset of the MC domain
[    3.247031] BUG: arch topology borken
[    3.247928]      the CLS domain not a subset of the MC domain
[    3.248031] BUG: arch topology borken
[    3.248928]      the CLS domain not a subset of the MC domain
[    3.249031] BUG: arch topology borken
[    3.249928]      the CLS domain not a subset of the MC domain
[    3.250031] BUG: arch topology borken
[    3.250928]      the CLS domain not a subset of the MC domain
[    3.251031] BUG: arch topology borken
[    3.251927]      the CLS domain not a subset of the MC domain
[    3.252031] BUG: arch topology borken
[    3.252928]      the CLS domain not a subset of the MC domain
[    3.253031] BUG: arch topology borken
[    3.253928]      the CLS domain not a subset of the MC domain
[    3.254031] BUG: arch topology borken
[    3.254928]      the CLS domain not a subset of the MC domain
[    3.255031] BUG: arch topology borken
[    3.255928]      the CLS domain not a subset of the MC domain
[    3.256031] BUG: arch topology borken
[    3.256928]      the CLS domain not a subset of the MC domain
[    3.257031] BUG: arch topology borken
[    3.257928]      the CLS domain not a subset of the MC domain
[    3.258031] BUG: arch topology borken
[    3.258928]      the CLS domain not a subset of the MC domain
[    3.259031] BUG: arch topology borken
[    3.259928]      the CLS domain not a subset of the MC domain
[    3.260031] BUG: arch topology borken
[    3.260927]      the CLS domain not a subset of the MC domain
[    3.261031] BUG: arch topology borken
[    3.261928]      the CLS domain not a subset of the MC domain
[    3.274149] devtmpfs: initialized
[    3.275152] x86/mm: Memory block size: 2048MB
[    3.280381] calling  bpf_jit_charge_init+0x0/0x3c @ 1
[    3.281048] initcall bpf_jit_charge_init+0x0/0x3c returned 0 after 0 usecs
[    3.282027] calling  ipc_ns_init+0x0/0x3f @ 1
[    3.283029] initcall ipc_ns_init+0x0/0x3f returned 0 after 0 usecs
[    3.284027] calling  init_mmap_min_addr+0x0/0x27 @ 1
[    3.285027] initcall init_mmap_min_addr+0x0/0x27 returned 0 after 0 usecs
[    3.286027] calling  pci_realloc_setup_params+0x0/0x41 @ 1
[    3.287027] initcall pci_realloc_setup_params+0x0/0x41 returned 0 after 0 usecs
[    3.288027] calling  net_ns_init+0x0/0x111 @ 1
[    3.289055] initcall net_ns_init+0x0/0x111 returned 0 after 0 usecs
[    3.290058] calling  inet_frag_wq_init+0x0/0x3d @ 1
[    3.291054] initcall inet_frag_wq_init+0x0/0x3d returned 0 after 0 usecs
[    3.292535] calling  e820__register_nvs_regions+0x0/0x38 @ 1
[    3.293027] ACPI: PM: Registering ACPI NVS region [mem 0xcd6bf000-0xcd6bffff] (4096 bytes)
[    3.294027] ACPI: PM: Registering ACPI NVS region [mem 0xce51f000-0xcf11ffff] (12587008 bytes)
[    3.295902] ACPI: PM: Registering ACPI NVS region [mem 0xcf733000-0xcf733fff] (4096 bytes)
[    3.296027] ACPI: PM: Registering ACPI NVS region [mem 0xd6ccf000-0xd76fefff] (10682368 bytes)
[    3.297787] initcall e820__register_nvs_regions+0x0/0x38 returned 0 after 3906 usecs
[    3.298027] calling  cpufreq_register_tsc_scaling+0x0/0x2a @ 1
[    3.299027] initcall cpufreq_register_tsc_scaling+0x0/0x2a returned 0 after 0 usecs
[    3.300027] calling  reboot_init+0x0/0x3d @ 1
[    3.301033] initcall reboot_init+0x0/0x3d returned 0 after 0 usecs
[    3.302027] calling  init_lapic_sysfs+0x0/0x21 @ 1
[    3.303027] initcall init_lapic_sysfs+0x0/0x21 returned 0 after 0 usecs
[    3.304027] calling  alloc_frozen_cpus+0x0/0x1e @ 1
[    3.305027] initcall alloc_frozen_cpus+0x0/0x1e returned 0 after 0 usecs
[    3.306027] calling  cpu_hotplug_pm_sync_init+0x0/0x14 @ 1
[    3.307027] initcall cpu_hotplug_pm_sync_init+0x0/0x14 returned 0 after 0 usecs
[    3.308027] calling  wq_sysfs_init+0x0/0x2b @ 1
[    3.309057] initcall wq_sysfs_init+0x0/0x2b returned 0 after 0 usecs
[    3.310027] calling  ksysfs_init+0x0/0x93 @ 1
[    3.311036] initcall ksysfs_init+0x0/0x93 returned 0 after 0 usecs
[    3.312027] calling  schedutil_gov_init+0x0/0x11 @ 1
[    3.313027] initcall schedutil_gov_init+0x0/0x11 returned 0 after 0 usecs
[    3.314027] calling  pm_init+0x0/0x73 @ 1
[    3.315064] initcall pm_init+0x0/0x73 returned 0 after 0 usecs
[    3.316027] calling  pm_disk_init+0x0/0x18 @ 1
[    3.317031] initcall pm_disk_init+0x0/0x18 returned 0 after 0 usecs
[    3.318027] calling  swsusp_header_init+0x0/0x2c @ 1
[    3.319028] initcall swsusp_header_init+0x0/0x2c returned 0 after 0 usecs
[    3.320027] calling  rcu_set_runtime_mode+0x0/0x17 @ 1
[    3.321029] initcall rcu_set_runtime_mode+0x0/0x17 returned 0 after 0 usecs
[    3.322027] calling  init_jiffies_clocksource+0x0/0x18 @ 1
[    3.323027] clocksource: jiffies: mask: 0xffffffff max_cycles: 0xffffffff, max_idle_ns: 1911260446275000 ns
[    3.324028] initcall init_jiffies_clocksource+0x0/0x18 returned 0 after 976 usecs
[    3.325027] calling  futex_init+0x0/0xfe @ 1
[    3.326029] futex hash table entries: 4096 (order: 6, 262144 bytes, linear)
[    3.327074] initcall futex_init+0x0/0xfe returned 0 after 976 usecs
[    3.328027] calling  cgroup_wq_init+0x0/0x29 @ 1
[    3.329032] initcall cgroup_wq_init+0x0/0x29 returned 0 after 0 usecs
[    3.330027] calling  cgroup1_wq_init+0x0/0x29 @ 1
[    3.331032] initcall cgroup1_wq_init+0x0/0x29 returned 0 after 0 usecs
[    3.332027] calling  ftrace_mod_cmd_init+0x0/0xc @ 1
[    3.333027] initcall ftrace_mod_cmd_init+0x0/0xc returned 0 after 0 usecs
[    3.334027] calling  init_wakeup_tracer+0x0/0x2d @ 1
[    3.335028] initcall init_wakeup_tracer+0x0/0x2d returned 0 after 0 usecs
[    3.336027] calling  init_graph_trace+0x0/0x5d @ 1
[    3.337028] initcall init_graph_trace+0x0/0x5d returned 0 after 0 usecs
[    3.338027] calling  trace_events_eprobe_init_early+0x0/0x23 @ 1
[    3.339059] initcall trace_events_eprobe_init_early+0x0/0x23 returned 0 after 0 usecs
[    3.340027] calling  trace_events_synth_init_early+0x0/0x23 @ 1
[    3.341027] initcall trace_events_synth_init_early+0x0/0x23 returned 0 after 0 usecs
[    3.342027] calling  init_kprobe_trace_early+0x0/0x26 @ 1
[    3.343027] initcall init_kprobe_trace_early+0x0/0x26 returned 0 after 0 usecs
[    3.344027] calling  mem_cgroup_swap_init+0x0/0x56 @ 1
[    3.345028] initcall mem_cgroup_swap_init+0x0/0x56 returned 0 after 0 usecs
[    3.346027] calling  memory_failure_init+0x0/0xc1 @ 1
[    3.347028] initcall memory_failure_init+0x0/0xc1 returned 0 after 0 usecs
[    3.348027] calling  cma_init_reserved_areas+0x0/0x1e6 @ 1
[    3.349027] initcall cma_init_reserved_areas+0x0/0x1e6 returned 0 after 0 usecs
[    3.350027] calling  fsnotify_init+0x0/0x49 @ 1
[    3.351033] initcall fsnotify_init+0x0/0x49 returned 0 after 0 usecs
[    3.352027] calling  filelock_init+0x0/0xb8 @ 1
[    3.353046] initcall filelock_init+0x0/0xb8 returned 0 after 0 usecs
[    3.354027] calling  init_script_binfmt+0x0/0x16 @ 1
[    3.355027] initcall init_script_binfmt+0x0/0x16 returned 0 after 0 usecs
[    3.356027] calling  init_elf_binfmt+0x0/0x16 @ 1
[    3.357027] initcall init_elf_binfmt+0x0/0x16 returned 0 after 0 usecs
[    3.358027] calling  init_compat_elf_binfmt+0x0/0x16 @ 1
[    3.359027] initcall init_compat_elf_binfmt+0x0/0x16 returned 0 after 0 usecs
[    3.360027] calling  configfs_init+0x0/0x94 @ 1
[    3.361029] initcall configfs_init+0x0/0x94 returned 0 after 0 usecs
[    3.362027] calling  debugfs_init+0x0/0x5d @ 1
[    3.363028] initcall debugfs_init+0x0/0x5d returned 0 after 0 usecs
[    3.364027] calling  tracefs_init+0x0/0x3b @ 1
[    3.365039] initcall tracefs_init+0x0/0x3b returned 0 after 0 usecs
[    3.366027] calling  securityfs_init+0x0/0x69 @ 1
[    3.367039] initcall securityfs_init+0x0/0x69 returned 0 after 0 usecs
[    3.368027] calling  register_xor_blocks+0x0/0x9d @ 1
[    3.369027] initcall register_xor_blocks+0x0/0x9d returned 0 after 0 usecs
[    3.370027] calling  prandom_init_early+0x0/0x155 @ 1
[    3.371028] initcall prandom_init_early+0x0/0x155 returned 0 after 0 usecs
[    3.372027] calling  pinctrl_init+0x0/0xae @ 1
[    3.373027] pinctrl core: initialized pinctrl subsystem
[    3.374061] initcall pinctrl_init+0x0/0xae returned 0 after 976 usecs
[    3.375027] calling  gpiolib_dev_init+0x0/0xfd @ 1
[    3.376039] initcall gpiolib_dev_init+0x0/0xfd returned 0 after 0 usecs
[    3.377027] calling  virtio_init+0x0/0x20 @ 1
[    3.378034] initcall virtio_init+0x0/0x20 returned 0 after 0 usecs
[    3.379027] calling  iommu_init+0x0/0x30 @ 1
[    3.380030] 
[    3.380423] *************************************************************
[    3.381027] **     NOTICE NOTICE NOTICE NOTICE NOTICE NOTICE NOTICE    **
[    3.382027] **                                                         **
[    3.383027] **  IOMMU DebugFS SUPPORT HAS BEEN ENABLED IN THIS KERNEL  **
[    3.384027] **                                                         **
[    3.385027] ** This means that this kernel is built to expose internal **
[    3.386027] ** IOMMU data structures, which may compromise security on **
[    3.387027] ** your system.                                            **
[    3.388027] **                                                         **
[    3.389027] ** If you see this message and you are not debugging the   **
[    3.390027] ** kernel, report this immediately to your vendor!         **
[    3.391027] **                                                         **
[    3.392027] **     NOTICE NOTICE NOTICE NOTICE NOTICE NOTICE NOTICE    **
[    3.393027] *************************************************************
[    3.394027] initcall iommu_init+0x0/0x30 returned 0 after 13671 usecs
[    3.395027] calling  component_debug_init+0x0/0x1d @ 1
[    3.396029] initcall component_debug_init+0x0/0x1d returned 0 after 0 usecs
[    3.397027] calling  opp_debug_init+0x0/0x1d @ 1
[    3.398029] initcall opp_debug_init+0x0/0x1d returned 0 after 0 usecs
[    3.399027] calling  cpufreq_core_init+0x0/0x63 @ 1
[    3.400028] initcall cpufreq_core_init+0x0/0x63 returned 0 after 0 usecs
[    3.401027] calling  cpufreq_gov_performance_init+0x0/0x11 @ 1
[    3.402059] initcall cpufreq_gov_performance_init+0x0/0x11 returned 0 after 0 usecs
[    3.403027] calling  cpufreq_gov_powersave_init+0x0/0x11 @ 1
[    3.404027] initcall cpufreq_gov_powersave_init+0x0/0x11 returned 0 after 0 usecs
[    3.405027] calling  cpufreq_gov_userspace_init+0x0/0x11 @ 1
[    3.406027] initcall cpufreq_gov_userspace_init+0x0/0x11 returned 0 after 0 usecs
[    3.407027] calling  CPU_FREQ_GOV_ONDEMAND_init+0x0/0x11 @ 1
[    3.408027] initcall CPU_FREQ_GOV_ONDEMAND_init+0x0/0x11 returned 0 after 0 usecs
[    3.409027] calling  CPU_FREQ_GOV_CONSERVATIVE_init+0x0/0x11 @ 1
[    3.410027] initcall CPU_FREQ_GOV_CONSERVATIVE_init+0x0/0x11 returned 0 after 0 usecs
[    3.411027] calling  cpuidle_init+0x0/0x20 @ 1
[    3.412031] initcall cpuidle_init+0x0/0x20 returned 0 after 0 usecs
[    3.413027] calling  capsule_reboot_register+0x0/0x11 @ 1
[    3.414027] initcall capsule_reboot_register+0x0/0x11 returned 0 after 0 usecs
[    3.415027] calling  sock_init+0x0/0x94 @ 1
[    3.416575] initcall sock_init+0x0/0x94 returned 0 after 0 usecs
[    3.417027] calling  net_inuse_init+0x0/0x24 @ 1
[    3.418029] initcall net_inuse_init+0x0/0x24 returned 0 after 0 usecs
[    3.419027] calling  net_defaults_init+0x0/0x24 @ 1
[    3.420027] initcall net_defaults_init+0x0/0x24 returned 0 after 0 usecs
[    3.421027] calling  init_default_flow_dissectors+0x0/0x50 @ 1
[    3.422027] initcall init_default_flow_dissectors+0x0/0x50 returned 0 after 0 usecs
[    3.423027] calling  netpoll_init+0x0/0x46 @ 1
[    3.424027] initcall netpoll_init+0x0/0x46 returned 0 after 0 usecs
[    3.425027] calling  netlink_proto_init+0x0/0x17f @ 1
[    3.426053] NET: Registered PF_NETLINK/PF_ROUTE protocol family
[    3.427033] initcall netlink_proto_init+0x0/0x17f returned 0 after 976 usecs
[    3.428027] calling  genl_init+0x0/0x36 @ 1
[    3.429029] initcall genl_init+0x0/0x36 returned 0 after 0 usecs
[    3.430027] calling  bsp_pm_check_init+0x0/0x14 @ 1
[    3.431027] initcall bsp_pm_check_init+0x0/0x14 returned 0 after 0 usecs
[    3.432504] calling  irq_sysfs_init+0x0/0x94 @ 1
[    3.433254] initcall irq_sysfs_init+0x0/0x94 returned 0 after 0 usecs
[    3.434027] calling  audit_init+0x0/0x1c6 @ 1
[    3.435028] audit: initializing netlink subsys (disabled)
[    3.436051] initcall audit_init+0x0/0x1c6 returned 0 after 976 usecs
[    3.436051] audit: type=2000 audit(1622937246.602:1): state=initialized audit_enabled=0 res=1
[    3.437058] calling  release_early_probes+0x0/0x38 @ 1
[    3.439027] initcall release_early_probes+0x0/0x38 returned 0 after 0 usecs
[    3.440027] calling  bdi_class_init+0x0/0x49 @ 1
[    3.441031] initcall bdi_class_init+0x0/0x49 returned 0 after 0 usecs
[    3.442027] calling  mm_sysfs_init+0x0/0x29 @ 1
[    3.443028] initcall mm_sysfs_init+0x0/0x29 returned 0 after 0 usecs
[    3.444027] calling  init_per_zone_wmark_min+0x0/0x26 @ 1
[    3.445033] initcall init_per_zone_wmark_min+0x0/0x26 returned 0 after 0 usecs
[    3.446027] calling  mpi_init+0x0/0x50 @ 1
[    3.447028] initcall mpi_init+0x0/0x50 returned 0 after 0 usecs
[    3.448027] calling  kobject_uevent_init+0x0/0xc @ 1
[    3.449029] initcall kobject_uevent_init+0x0/0xc returned 0 after 0 usecs
[    3.450027] calling  gpiolib_sysfs_init+0x0/0xa0 @ 1
[    3.451031] initcall gpiolib_sysfs_init+0x0/0xa0 returned 0 after 0 usecs
[    3.452027] calling  acpi_gpio_setup_params+0x0/0x68 @ 1
[    3.453028] initcall acpi_gpio_setup_params+0x0/0x68 returned 0 after 0 usecs
[    3.454027] calling  pcibus_class_init+0x0/0x18 @ 1
[    3.455030] initcall pcibus_class_init+0x0/0x18 returned 0 after 0 usecs
[    3.456027] calling  pci_driver_init+0x0/0x22 @ 1
[    3.457053] initcall pci_driver_init+0x0/0x22 returned 0 after 0 usecs
[    3.458027] calling  backlight_class_init+0x0/0xa6 @ 1
[    3.459030] initcall backlight_class_init+0x0/0xa6 returned 0 after 0 usecs
[    3.460027] calling  tty_class_init+0x0/0x34 @ 1
[    3.461030] initcall tty_class_init+0x0/0x34 returned 0 after 0 usecs
[    3.462027] calling  vtconsole_class_init+0x0/0xd8 @ 1
[    3.463058] initcall vtconsole_class_init+0x0/0xd8 returned 0 after 0 usecs
[    3.464027] calling  iommu_dev_init+0x0/0x18 @ 1
[    3.465061] initcall iommu_dev_init+0x0/0x18 returned 0 after 0 usecs
[    3.466027] calling  mipi_dsi_bus_init+0x0/0x11 @ 1
[    3.467034] initcall mipi_dsi_bus_init+0x0/0x11 returned 0 after 0 usecs
[    3.468027] calling  devlink_class_init+0x0/0x41 @ 1
[    3.469030] initcall devlink_class_init+0x0/0x41 returned 0 after 0 usecs
[    3.470027] calling  software_node_init+0x0/0x2b @ 1
[    3.471028] initcall software_node_init+0x0/0x2b returned 0 after 0 usecs
[    3.472027] calling  wakeup_sources_debugfs_init+0x0/0x24 @ 1
[    3.473029] initcall wakeup_sources_debugfs_init+0x0/0x24 returned 0 after 0 usecs
[    3.474027] calling  wakeup_sources_sysfs_init+0x0/0x30 @ 1
[    3.475030] initcall wakeup_sources_sysfs_init+0x0/0x30 returned 0 after 0 usecs
[    3.476027] calling  register_node_type+0x0/0x2f @ 1
[    3.477060] initcall register_node_type+0x0/0x2f returned 0 after 0 usecs
[    3.478027] calling  regmap_initcall+0x0/0xd @ 1
[    3.479029] initcall regmap_initcall+0x0/0xd returned 0 after 0 usecs
[    3.480027] calling  syscon_init+0x0/0x13 @ 1
[    3.481032] initcall syscon_init+0x0/0x13 returned 0 after 0 usecs
[    3.482027] calling  spi_init+0x0/0x99 @ 1
[    3.483037] initcall spi_init+0x0/0x99 returned 0 after 0 usecs
[    3.484027] calling  i2c_init+0x0/0xbf @ 1
[    3.485040] initcall i2c_init+0x0/0xbf returned 0 after 0 usecs
[    3.486027] calling  thermal_init+0x0/0x136 @ 1
[    3.487033] thermal_sys: Registered thermal governor 'step_wise'
[    3.487045] thermal_sys: Registered thermal governor 'user_space'
[    3.488030] initcall thermal_init+0x0/0x136 returned 0 after 976 usecs
[    3.490027] calling  init_ladder+0x0/0x24 @ 1
[    3.491144] cpuidle: using governor ladder
[    3.492058] initcall init_ladder+0x0/0x24 returned 0 after 976 usecs
[    3.493027] calling  init_menu+0x0/0x11 @ 1
[    3.494094] cpuidle: using governor menu
[    3.495058] initcall init_menu+0x0/0x11 returned 0 after 976 usecs
[    3.496027] calling  init_haltpoll+0x0/0x1d @ 1
[    3.497027] initcall init_haltpoll+0x0/0x1d returned 0 after 0 usecs
[    3.498027] calling  pcc_init+0x0/0x8d @ 1
[    3.499028] initcall pcc_init+0x0/0x8d returned -19 after 0 usecs
[    3.500027] calling  amd_postcore_init+0x0/0x11a @ 1
[    3.501027] initcall amd_postcore_init+0x0/0x11a returned 0 after 0 usecs
[    3.502535] calling  bts_init+0x0/0xbb @ 1
[    3.503028] initcall bts_init+0x0/0xbb returned 0 after 0 usecs
[    3.504027] calling  pt_init+0x0/0x33c @ 1
[    3.506080] initcall pt_init+0x0/0x33c returned 0 after 976 usecs
[    3.507058] calling  boot_params_ksysfs_init+0x0/0x2cb @ 1
[    3.508030] initcall boot_params_ksysfs_init+0x0/0x2cb returned 0 after 0 usecs
[    3.509027] calling  sbf_init+0x0/0xce @ 1
[    3.510027] initcall sbf_init+0x0/0xce returned 0 after 0 usecs
[    3.511027] calling  arch_kdebugfs_init+0x0/0x1d @ 1
[    3.512029] initcall arch_kdebugfs_init+0x0/0x1d returned 0 after 0 usecs
[    3.513027] calling  xfd_update_static_branch+0x0/0x59 @ 1
[    3.514027] initcall xfd_update_static_branch+0x0/0x59 returned 0 after 0 usecs
[    3.515027] calling  intel_pconfig_init+0x0/0x82 @ 1
[    3.516027] initcall intel_pconfig_init+0x0/0x82 returned 0 after 0 usecs
[    3.517027] calling  mtrr_if_init+0x0/0x5e @ 1
[    3.518028] initcall mtrr_if_init+0x0/0x5e returned 0 after 0 usecs
[    3.519027] calling  activate_jump_labels+0x0/0x32 @ 1
[    3.520027] initcall activate_jump_labels+0x0/0x32 returned 0 after 0 usecs
[    3.521027] calling  init_s4_sigcheck+0x0/0x24 @ 1
[    3.522027] initcall init_s4_sigcheck+0x0/0x24 returned 0 after 0 usecs
[    3.523027] calling  ffh_cstate_init+0x0/0x31 @ 1
[    3.524028] initcall ffh_cstate_init+0x0/0x31 returned 0 after 0 usecs
[    3.525027] calling  kvm_alloc_cpumask+0x0/0x98 @ 1
[    3.526027] initcall kvm_alloc_cpumask+0x0/0x98 returned 0 after 0 usecs
[    3.527027] calling  activate_jump_labels+0x0/0x32 @ 1
[    3.528058] initcall activate_jump_labels+0x0/0x32 returned 0 after 0 usecs
[    3.529027] calling  gigantic_pages_init+0x0/0x20 @ 1
[    3.530031] initcall gigantic_pages_init+0x0/0x20 returned 0 after 0 usecs
[    3.531027] calling  kcmp_cookies_init+0x0/0x38 @ 1
[    3.532029] initcall kcmp_cookies_init+0x0/0x38 returned 0 after 0 usecs
[    3.533027] calling  cryptomgr_init+0x0/0x11 @ 1
[    3.534027] initcall cryptomgr_init+0x0/0x11 returned 0 after 0 usecs
[    3.535027] calling  acpi_pci_init+0x0/0x4f @ 1
[    3.536027] acpiphp: ACPI Hot Plug PCI Controller Driver version: 0.5
[    3.537027] initcall acpi_pci_init+0x0/0x4f returned 0 after 976 usecs
[    3.538027] calling  dma_channel_table_init+0x0/0xca @ 1
[    3.539043] initcall dma_channel_table_init+0x0/0xca returned 0 after 0 usecs
[    3.540027] calling  dma_bus_init+0x0/0x10d @ 1
[    3.541078] initcall dma_bus_init+0x0/0x10d returned 0 after 0 usecs
[    3.542027] calling  iommu_dma_init+0x0/0x10 @ 1
[    3.543028] initcall iommu_dma_init+0x0/0x10 returned 0 after 0 usecs
[    3.544027] calling  dmi_id_init+0x0/0x37d @ 1
[    3.545089] initcall dmi_id_init+0x0/0x37d returned 0 after 0 usecs
[    3.546027] calling  pci_arch_init+0x0/0x72 @ 1
[    3.547180] PCI: MMCONFIG for domain 0000 [bus 00-ff] at [mem 0x100000000000-0x10000fffffff] (base 0x100000000000)
[    3.548028] PCI: MMCONFIG for domain 0001 [bus 00-ff] at [mem 0x100010000000-0x10001fffffff] (base 0x100010000000)
[    3.549028] PCI: MMCONFIG at [mem 0x100000000000-0x10000fffffff] reserved in E820
[    3.550059] PCI: MMCONFIG at [mem 0x100010000000-0x10001fffffff] reserved in E820
[    3.551096] PCI: Using configuration type 1 for base access
[    3.552033] initcall pci_arch_init+0x0/0x72 returned 0 after 4882 usecs
[    3.553027] calling  of_platform_default_populate_init+0x0/0xb7 @ 1
[    3.554027] initcall of_platform_default_populate_init+0x0/0xb7 returned -19 after 0 usecs
[    3.555504] calling  init_vdso+0x0/0x14 @ 1
[    3.556038] initcall init_vdso+0x0/0x14 returned 0 after 0 usecs
[    3.557027] calling  sysenter_setup+0x0/0x14 @ 1
[    3.558044] initcall sysenter_setup+0x0/0x14 returned 0 after 0 usecs
[    3.559027] calling  fixup_ht_bug+0x0/0xa8 @ 1
[    3.560027] initcall fixup_ht_bug+0x0/0xa8 returned 0 after 0 usecs
[    3.561027] calling  topology_init+0x0/0xd2 @ 1
[    3.563866] initcall topology_init+0x0/0xd2 returned 0 after 976 usecs
[    3.564059] calling  intel_epb_init+0x0/0x84 @ 1
[    3.565053] ENERGY_PERF_BIAS: Set to 'normal', was 'performance'
[    3.567090] initcall intel_epb_init+0x0/0x84 returned 0 after 1953 usecs
[    3.568058] calling  mtrr_init_finialize+0x0/0x3f @ 1
[    3.569027] initcall mtrr_init_finialize+0x0/0x3f returned 0 after 0 usecs
[    3.570027] calling  uid_cache_init+0x0/0xbb @ 1
[    3.571030] initcall uid_cache_init+0x0/0xbb returned 0 after 0 usecs
[    3.572027] calling  param_sysfs_init+0x0/0x1b2 @ 1
[    3.578848] initcall param_sysfs_init+0x0/0x1b2 returned 0 after 4882 usecs
[    3.579027] calling  user_namespace_sysctl_init+0x0/0xcf @ 1
[    3.580037] initcall user_namespace_sysctl_init+0x0/0xcf returned 0 after 0 usecs
[    3.581027] calling  proc_schedstat_init+0x0/0x25 @ 1
[    3.582028] initcall proc_schedstat_init+0x0/0x25 returned 0 after 0 usecs
[    3.583052] calling  pm_sysrq_init+0x0/0x19 @ 1
[    3.584082] initcall pm_sysrq_init+0x0/0x19 returned 0 after 0 usecs
[    3.585058] calling  create_proc_profile+0x0/0xd0 @ 1
[    3.586027] initcall create_proc_profile+0x0/0xd0 returned 0 after 0 usecs
[    3.587027] calling  crash_save_vmcoreinfo_init+0x0/0x675 @ 1
[    3.588085] initcall crash_save_vmcoreinfo_init+0x0/0x675 returned 0 after 0 usecs
[    3.589027] calling  crash_notes_memory_init+0x0/0x36 @ 1
[    3.590028] initcall crash_notes_memory_init+0x0/0x36 returned 0 after 0 usecs
[    3.591066] calling  cgroup_sysfs_init+0x0/0x18 @ 1
[    3.592029] initcall cgroup_sysfs_init+0x0/0x18 returned 0 after 0 usecs
[    3.593027] calling  cgroup_namespaces_init+0x0/0x8 @ 1
[    3.594027] initcall cgroup_namespaces_init+0x0/0x8 returned 0 after 0 usecs
[    3.595027] calling  user_namespaces_init+0x0/0x2d @ 1
[    3.596030] initcall user_namespaces_init+0x0/0x2d returned 0 after 0 usecs
[    3.597027] calling  init_optprobes+0x0/0x15 @ 1
[    3.598027] kprobes: kprobe jump-optimization is enabled. All kprobes are optimized if possible.
[    3.599027] initcall init_optprobes+0x0/0x15 returned 0 after 976 usecs
[    3.600027] calling  send_signal_irq_work_init+0x0/0x60 @ 1
[    3.601028] initcall send_signal_irq_work_init+0x0/0x60 returned 0 after 0 usecs
[    3.602027] calling  dev_map_init+0x0/0x52 @ 1
[    3.603028] initcall dev_map_init+0x0/0x52 returned 0 after 0 usecs
[    3.604027] calling  cpu_map_init+0x0/0x46 @ 1
[    3.605028] initcall cpu_map_init+0x0/0x46 returned 0 after 0 usecs
[    3.606027] calling  netns_bpf_init+0x0/0x11 @ 1
[    3.607027] initcall netns_bpf_init+0x0/0x11 returned 0 after 0 usecs
[    3.608027] calling  oom_init+0x0/0x30 @ 1
[    3.609066] initcall oom_init+0x0/0x30 returned 0 after 0 usecs
[    3.610069] calling  default_bdi_init+0x0/0xa8 @ 1
[    3.611079] initcall default_bdi_init+0x0/0xa8 returned 0 after 0 usecs
[    3.612058] calling  cgwb_init+0x0/0x29 @ 1
[    3.613032] initcall cgwb_init+0x0/0x29 returned 0 after 0 usecs
[    3.614027] calling  percpu_enable_async+0x0/0xf @ 1
[    3.615027] initcall percpu_enable_async+0x0/0xf returned 0 after 0 usecs
[    3.616027] calling  kcompactd_init+0x0/0x92 @ 1
[    3.617066] initcall kcompactd_init+0x0/0x92 returned 0 after 0 usecs
[    3.618058] calling  init_user_reserve+0x0/0x40 @ 1
[    3.619027] initcall init_user_reserve+0x0/0x40 returned 0 after 0 usecs
[    3.620027] calling  init_admin_reserve+0x0/0x40 @ 1
[    3.621027] initcall init_admin_reserve+0x0/0x40 returned 0 after 0 usecs
[    3.622027] calling  init_reserve_notifier+0x0/0x1f @ 1
[    3.623027] initcall init_reserve_notifier+0x0/0x1f returned 0 after 0 usecs
[    3.624027] calling  swap_init_sysfs+0x0/0x63 @ 1
[    3.625029] initcall swap_init_sysfs+0x0/0x63 returned 0 after 0 usecs
[    3.626027] calling  swapfile_init+0x0/0x90 @ 1
[    3.627027] initcall swapfile_init+0x0/0x90 returned 0 after 0 usecs
[    3.628027] calling  hugetlb_init+0x0/0x4da @ 1
[    3.629032] HugeTLB registered 1.00 GiB page size, pre-allocated 0 pages
[    3.630028] HugeTLB registered 2.00 MiB page size, pre-allocated 0 pages
[    3.631076] initcall hugetlb_init+0x0/0x4da returned 0 after 1953 usecs
[    3.632027] calling  ksm_init+0x0/0x197 @ 1
[    3.633054] initcall ksm_init+0x0/0x197 returned 0 after 0 usecs
[    3.634058] calling  numa_init_sysfs+0x0/0x63 @ 1
[    3.635029] initcall numa_init_sysfs+0x0/0x63 returned 0 after 0 usecs
[    3.636027] calling  hugepage_init+0x0/0x137 @ 1
[    3.637097] initcall hugepage_init+0x0/0x137 returned 0 after 0 usecs
[    3.638058] calling  mem_cgroup_init+0x0/0x157 @ 1
[    3.639028] initcall mem_cgroup_init+0x0/0x157 returned 0 after 0 usecs
[    3.640027] calling  io_wq_init+0x0/0x39 @ 1
[    3.641027] initcall io_wq_init+0x0/0x39 returned 0 after 0 usecs
[    3.642027] calling  seqiv_module_init+0x0/0x11 @ 1
[    3.643027] initcall seqiv_module_init+0x0/0x11 returned 0 after 0 usecs
[    3.644027] calling  echainiv_module_init+0x0/0x11 @ 1
[    3.645027] initcall echainiv_module_init+0x0/0x11 returned 0 after 0 usecs
[    3.646027] calling  rsa_init+0x0/0x50 @ 1
[    3.647028] initcall rsa_init+0x0/0x50 returned 0 after 0 usecs
[    3.648027] calling  sm2_init+0x0/0x20 @ 1
[    3.649028] initcall sm2_init+0x0/0x20 returned 0 after 0 usecs
[    3.650027] calling  ecdsa_init+0x0/0x80 @ 1
[    3.651029] initcall ecdsa_init+0x0/0x80 returned 0 after 0 usecs
[    3.652027] calling  crypto_cmac_module_init+0x0/0x11 @ 1
[    3.653027] initcall crypto_cmac_module_init+0x0/0x11 returned 0 after 0 usecs
[    3.654059] calling  hmac_module_init+0x0/0x11 @ 1
[    3.655027] initcall hmac_module_init+0x0/0x11 returned 0 after 0 usecs
[    3.656027] calling  crypto_null_mod_init+0x0/0x66 @ 1
[    3.657029] initcall crypto_null_mod_init+0x0/0x66 returned 0 after 0 usecs
[    3.658027] calling  md5_mod_init+0x0/0x11 @ 1
[    3.659028] initcall md5_mod_init+0x0/0x11 returned 0 after 0 usecs
[    3.660027] calling  sha1_generic_mod_init+0x0/0x11 @ 1
[    3.661028] initcall sha1_generic_mod_init+0x0/0x11 returned 0 after 0 usecs
[    3.662027] calling  sha256_generic_mod_init+0x0/0x16 @ 1
[    3.663029] initcall sha256_generic_mod_init+0x0/0x16 returned 0 after 0 usecs
[    3.664027] calling  sha512_generic_mod_init+0x0/0x16 @ 1
[    3.665029] initcall sha512_generic_mod_init+0x0/0x16 returned 0 after 0 usecs
[    3.666027] calling  sha3_generic_mod_init+0x0/0x16 @ 1
[    3.667031] initcall sha3_generic_mod_init+0x0/0x16 returned 0 after 0 usecs
[    3.668027] calling  sm3_generic_mod_init+0x0/0x11 @ 1
[    3.669028] initcall sm3_generic_mod_init+0x0/0x11 returned 0 after 0 usecs
[    3.670027] calling  streebog_mod_init+0x0/0x16 @ 1
[    3.671029] initcall streebog_mod_init+0x0/0x16 returned 0 after 0 usecs
[    3.672027] calling  blake2b_mod_init+0x0/0x16 @ 1
[    3.673032] initcall blake2b_mod_init+0x0/0x16 returned 0 after 0 usecs
[    3.674027] calling  crypto_ecb_module_init+0x0/0x11 @ 1
[    3.675027] initcall crypto_ecb_module_init+0x0/0x11 returned 0 after 0 usecs
[    3.676027] calling  crypto_cbc_module_init+0x0/0x11 @ 1
[    3.677027] initcall crypto_cbc_module_init+0x0/0x11 returned 0 after 0 usecs
[    3.678027] calling  crypto_ctr_module_init+0x0/0x16 @ 1
[    3.679027] initcall crypto_ctr_module_init+0x0/0x16 returned 0 after 0 usecs
[    3.680027] calling  crypto_gcm_module_init+0x0/0x65 @ 1
[    3.681028] initcall crypto_gcm_module_init+0x0/0x65 returned 0 after 0 usecs
[    3.682027] calling  cryptd_init+0x0/0xfd @ 1
[    3.683054] cryptd: max_cpu_qlen set to 1000
[    3.684058] initcall cryptd_init+0x0/0xfd returned 0 after 976 usecs
[    3.685027] calling  des_generic_mod_init+0x0/0x16 @ 1
[    3.686029] initcall des_generic_mod_init+0x0/0x16 returned 0 after 0 usecs
[    3.687027] calling  serpent_mod_init+0x0/0x11 @ 1
[    3.688028] initcall serpent_mod_init+0x0/0x11 returned 0 after 0 usecs
[    3.689027] calling  aes_init+0x0/0x11 @ 1
[    3.690028] initcall aes_init+0x0/0x11 returned 0 after 0 usecs
[    3.691027] calling  deflate_mod_init+0x0/0x3f @ 1
[    3.692031] initcall deflate_mod_init+0x0/0x3f returned 0 after 0 usecs
[    3.693027] calling  crc32c_mod_init+0x0/0x11 @ 1
[    3.694029] initcall crc32c_mod_init+0x0/0x11 returned 0 after 0 usecs
[    3.695027] calling  crc32_mod_init+0x0/0x11 @ 1
[    3.696040] initcall crc32_mod_init+0x0/0x11 returned 0 after 0 usecs
[    3.697027] calling  crypto_authenc_module_init+0x0/0x11 @ 1
[    3.698027] initcall crypto_authenc_module_init+0x0/0x11 returned 0 after 0 usecs
[    3.699027] calling  crypto_authenc_esn_module_init+0x0/0x11 @ 1
[    3.700027] initcall crypto_authenc_esn_module_init+0x0/0x11 returned 0 after 0 usecs
[    3.701027] calling  lzo_mod_init+0x0/0x3a @ 1
[    3.702030] initcall lzo_mod_init+0x0/0x3a returned 0 after 0 usecs
[    3.703027] calling  lzorle_mod_init+0x0/0x3a @ 1
[    3.704030] initcall lzorle_mod_init+0x0/0x3a returned 0 after 0 usecs
[    3.705027] calling  xxhash_mod_init+0x0/0x11 @ 1
[    3.706029] initcall xxhash_mod_init+0x0/0x11 returned 0 after 0 usecs
[    3.707027] calling  drbg_init+0x0/0xca @ 1
[    3.708042] initcall drbg_init+0x0/0xca returned 0 after 0 usecs
[    3.709027] calling  ghash_mod_init+0x0/0x11 @ 1
[    3.710029] initcall ghash_mod_init+0x0/0x11 returned 0 after 0 usecs
[    3.711027] calling  essiv_module_init+0x0/0x11 @ 1
[    3.712027] initcall essiv_module_init+0x0/0x11 returned 0 after 0 usecs
[    3.713027] calling  curve25519_init+0x0/0x20 @ 1
[    3.714029] initcall curve25519_init+0x0/0x20 returned 0 after 0 usecs
[    3.715027] calling  ecdh_init+0x0/0x80 @ 1
[    3.716033] initcall ecdh_init+0x0/0x80 returned 0 after 0 usecs
[    3.717059] calling  init_bio+0x0/0x86 @ 1
[    3.718063] initcall init_bio+0x0/0x86 returned 0 after 0 usecs
[    3.719027] calling  blk_ioc_init+0x0/0x2a @ 1
[    3.720028] initcall blk_ioc_init+0x0/0x2a returned 0 after 0 usecs
[    3.721027] calling  blk_mq_init+0x0/0xc0 @ 1
[    3.722028] initcall blk_mq_init+0x0/0xc0 returned 0 after 0 usecs
[    3.723027] calling  genhd_device_init+0x0/0x5e @ 1
[    3.724066] initcall genhd_device_init+0x0/0x5e returned 0 after 0 usecs
[    3.725058] calling  blkcg_init+0x0/0x29 @ 1
[    3.726068] initcall blkcg_init+0x0/0x29 returned 0 after 0 usecs
[    3.727058] calling  bio_crypt_ctx_init+0x0/0x5c @ 1
[    3.728066] initcall bio_crypt_ctx_init+0x0/0x5c returned 0 after 0 usecs
[    3.729027] calling  blk_crypto_sysfs_init+0x0/0x8a @ 1
[    3.730027] initcall blk_crypto_sysfs_init+0x0/0x8a returned 0 after 0 usecs
[    3.731027] calling  raid6_select_algo+0x0/0x2f0 @ 1
[    3.749028] raid6: avx512x4 gen() 10289 MB/s
[    3.767028] raid6: avx512x2 gen() 10716 MB/s
[    3.785029] raid6: avx512x1 gen()  9240 MB/s
[    3.803030] raid6: avx2x4   gen()  5607 MB/s
[    3.821027] raid6: avx2x2   gen()  5542 MB/s
[    3.839029] raid6: avx2x1   gen()  4527 MB/s
[    3.840027] raid6: using algorithm avx512x2 gen() 10716 MB/s
[    3.858028] raid6: .... xor() 5885 MB/s, rmw enabled
[    3.859027] raid6: using avx512x2 recovery algorithm
[    3.860027] initcall raid6_select_algo+0x0/0x2f0 returned 0 after 125000 usecs
[    3.861027] calling  irq_poll_setup+0x0/0x71 @ 1
[    3.862028] initcall irq_poll_setup+0x0/0x71 returned 0 after 0 usecs
[    3.863027] calling  gpiolib_debugfs_init+0x0/0x24 @ 1
[    3.864029] initcall gpiolib_debugfs_init+0x0/0x24 returned 0 after 0 usecs
[    3.865027] calling  pwm_debugfs_init+0x0/0x24 @ 1
[    3.866029] initcall pwm_debugfs_init+0x0/0x24 returned 0 after 0 usecs
[    3.867027] calling  pwm_sysfs_init+0x0/0x18 @ 1
[    3.868030] initcall pwm_sysfs_init+0x0/0x18 returned 0 after 0 usecs
[    3.869027] calling  pci_slot_init+0x0/0x40 @ 1
[    3.870028] initcall pci_slot_init+0x0/0x40 returned 0 after 0 usecs
[    3.871027] calling  fbmem_init+0x0/0xdb @ 1
[    3.872060] initcall fbmem_init+0x0/0xdb returned 0 after 0 usecs
[    3.873027] calling  scan_for_dmi_ipmi+0x0/0x26f @ 1
[    3.874052] initcall scan_for_dmi_ipmi+0x0/0x26f returned 0 after 0 usecs
[    3.875027] calling  acpi_init+0x0/0x4d6 @ 1
[    3.876032] PRM: found 4 modules
[    3.876865] ACPI: Added _OSI(Module Device)
[    3.877059] ACPI: Added _OSI(Processor Device)
[    3.878048] ACPI: Added _OSI(3.0 _SCP Extensions)
[    3.879028] ACPI: Added _OSI(Processor Aggregator Device)
[    3.880028] ACPI: Added _OSI(Linux-Dell-Video)
[    3.881028] ACPI: Added _OSI(Linux-Lenovo-NV-HDMI-Audio)
[    3.882028] ACPI: Added _OSI(Linux-HPI-Hybrid-Graphics)
[    4.808818] ACPI: 11 ACPI AML tables successfully acquired and loaded
[    4.903759] ACPI: Dynamic OEM Table Load:
[    7.412260] ACPI: Dynamic OEM Table Load:
[    9.690504] ACPI: Interpreter enabled
[    9.691059] ACPI: PM: (supports S0 S5)
[    9.691975] ACPI: Using IOAPIC for interrupt routing
[    9.692113] HEST: Table parsing has been initialized.
[    9.697390] GHES: APEI firmware first mode is enabled by APEI bit and WHEA _OSC.
[    9.706029] PCI: Using host bridge windows from ACPI; if necessary, use "pci=nocrs" and report a bug
[   10.029068] ACPI: Enabled 1 GPEs in block 00 to 7F
[   11.062756] ACPI: PCI Root Bridge [PC00] (domain 0000 [bus 00-0b])
[   11.070048] acpi PNP0A08:00: _OSC: OS supports [ExtendedConfig ASPM ClockPM Segments MSI EDR HPX-Type3]
[   11.084933] acpi PNP0A08:00: _OSC: platform does not support [SHPCHotplug AER DPC]
[   11.093317] acpi PNP0A08:00: _OSC: OS now controls [PCIeHotplug PME PCIeCapability LTR]
[   11.102650] PCI host bridge to bus 0000:00
[   11.107028] pci_bus 0000:00: root bus resource [io  0x1000-0x3fff window]
[   11.115059] pci_bus 0000:00: root bus resource [mem 0xe0000000-0xe3ffffff window]
[   11.123028] pci_bus 0000:00: root bus resource [mem 0x100400000000-0x1010bfbeffff window]
[   11.132078] pci_bus 0000:00: root bus resource [io  0x0780-0x079f window]
[   11.139028] pci_bus 0000:00: root bus resource [io  0x0400-0x041f window]
[   11.147028] pci_bus 0000:00: root bus resource [io  0x0500-0x05ff window]
[   11.154048] pci_bus 0000:00: root bus resource [mem 0xf2800000-0xf2803fff window]
[   11.162049] pci_bus 0000:00: root bus resource [mem 0xf2830000-0xf2830fff window]
[   11.170048] pci_bus 0000:00: root bus resource [mem 0xf3000000-0xf3ffffff window]
[   11.179060] pci_bus 0000:00: root bus resource [bus 00-0b]
[   11.185216] pci 0000:00:00.0: [8086:09a2] type 00 class 0x088000
[   11.192048] pci 0000:00:00.0: reg 0x30: [mem 0xfffff800-0xffffffff pref]
[   11.200215] pci 0000:00:00.0: calling  quirk_igfx_skip_te_disable+0x0/0x50 @ 1
[   11.208048] pci 0000:00:00.0: quirk_igfx_skip_te_disable+0x0/0x50 took 0 usecs
[   11.216823] pci 0000:00:00.4: [8086:0b23] type 00 class 0x000000
[   11.224048] pci 0000:00:00.4: calling  quirk_igfx_skip_te_disable+0x0/0x50 @ 1
[   11.232048] pci 0000:00:00.4: quirk_igfx_skip_te_disable+0x0/0x50 took 0 usecs
[   11.241049] pci 0000:00:01.0: [8086:28c0] type 00 class 0x010400
[   11.248048] pci 0000:00:01.0: reg 0x10: [mem 0x1010bf446000-0x1010bf446fff 64bit]
[   11.256249] pci 0000:00:01.0: reg 0x18: [mem 0x1010bf445000-0x1010bf445fff 64bit]
[   11.264249] pci 0000:00:01.0: reg 0x20: [mem 0x1010bf444000-0x1010bf444fff 64bit]
[   11.272169] pci 0000:00:01.0: reg 0x30: [mem 0xfffff800-0xffffffff pref]
[   11.280195] pci 0000:00:01.0: calling  quirk_igfx_skip_te_disable+0x0/0x50 @ 1
[   11.288048] pci 0000:00:01.0: quirk_igfx_skip_te_disable+0x0/0x50 took 0 usecs
[   11.297028] pci 0000:00:01.1: [8086:09ab] type 00 class 0x088000
[   11.304833] pci 0000:00:01.1: reg 0x30: [mem 0xfffff800-0xffffffff pref]
[   11.312105] pci 0000:00:01.1: calling  quirk_igfx_skip_te_disable+0x0/0x50 @ 1
[   11.320048] pci 0000:00:01.1: quirk_igfx_skip_te_disable+0x0/0x50 took 0 usecs
[   11.328344] pci 0000:00:01.2: [8086:09ab] type 00 class 0x088000
[   11.335049] pci 0000:00:01.2: reg 0x30: [mem 0xfffff800-0xffffffff pref]
[   11.343074] pci 0000:00:01.2: calling  quirk_igfx_skip_te_disable+0x0/0x50 @ 1
[   11.350048] pci 0000:00:01.2: quirk_igfx_skip_te_disable+0x0/0x50 took 0 usecs
[   11.358344] pci 0000:00:01.3: [8086:09ab] type 00 class 0x088000
[   11.366048] pci 0000:00:01.3: reg 0x30: [mem 0xfffff800-0xffffffff pref]
[   11.373074] pci 0000:00:01.3: calling  quirk_igfx_skip_te_disable+0x0/0x50 @ 1
[   11.381059] pci 0000:00:01.3: quirk_igfx_skip_te_disable+0x0/0x50 took 0 usecs
[   11.389344] pci 0000:00:01.4: [8086:09ab] type 00 class 0x088000
[   11.396833] pci 0000:00:01.4: reg 0x30: [mem 0xfffff800-0xffffffff pref]
[   11.404074] pci 0000:00:01.4: calling  quirk_igfx_skip_te_disable+0x0/0x50 @ 1
[   11.412048] pci 0000:00:01.4: quirk_igfx_skip_te_disable+0x0/0x50 took 0 usecs
[   11.420355] pci 0000:00:01.5: [8086:09ab] type 00 class 0x088000
[   11.428048] pci 0000:00:01.5: reg 0x30: [mem 0xfffff800-0xffffffff pref]
[   11.435074] pci 0000:00:01.5: calling  quirk_igfx_skip_te_disable+0x0/0x50 @ 1
[   11.443028] pci 0000:00:01.5: quirk_igfx_skip_te_disable+0x0/0x50 took 0 usecs
[   11.451386] pci 0000:00:01.6: [8086:09ab] type 00 class 0x088000
[   11.458833] pci 0000:00:01.6: reg 0x30: [mem 0xfffff800-0xffffffff pref]
[   11.466074] pci 0000:00:01.6: calling  quirk_igfx_skip_te_disable+0x0/0x50 @ 1
[   11.474048] pci 0000:00:01.6: quirk_igfx_skip_te_disable+0x0/0x50 took 0 usecs
[   11.482344] pci 0000:00:01.7: [8086:09ab] type 00 class 0x088000
[   11.489833] pci 0000:00:01.7: reg 0x30: [mem 0xfffff800-0xffffffff pref]
[   11.497074] pci 0000:00:01.7: calling  quirk_igfx_skip_te_disable+0x0/0x50 @ 1
[   11.505028] pci 0000:00:01.7: quirk_igfx_skip_te_disable+0x0/0x50 took 0 usecs
[   11.513436] pci 0000:00:02.0: [8086:09a6] type 00 class 0x088000
[   11.520341] pci 0000:00:02.0: reg 0x10: [mem 0x1010bf300000-0x1010bf3fffff 64bit]
[   11.528718] pci 0000:00:02.0: calling  quirk_igfx_skip_te_disable+0x0/0x50 @ 1
[   11.537028] pci 0000:00:02.0: quirk_igfx_skip_te_disable+0x0/0x50 took 0 usecs
[   11.545956] pci 0000:00:02.1: [8086:09a1] type 00 class 0x088000
[   11.552350] pci 0000:00:02.1: reg 0x10: [mem 0x1010bf442000-0x1010bf4427ff 64bit]
[   11.561249] pci 0000:00:02.1: reg 0x18: [mem 0x1010bf000000-0x1010bf1fffff 64bit]
[   11.569638] pci 0000:00:02.1: calling  quirk_igfx_skip_te_disable+0x0/0x50 @ 1
[   11.577028] pci 0000:00:02.1: quirk_igfx_skip_te_disable+0x0/0x50 took 0 usecs
[   11.586048] pci 0000:00:02.2: [8086:09a8] type 00 class 0x088000
[   11.593310] pci 0000:00:02.2: reg 0x10: [mem 0x1010bf443000-0x1010bf44300f 64bit]
[   11.602048] pci 0000:00:02.2: calling  quirk_igfx_skip_te_disable+0x0/0x50 @ 1
[   11.610048] pci 0000:00:02.2: quirk_igfx_skip_te_disable+0x0/0x50 took 0 usecs
[   11.619069] pci 0000:00:03.0: [8086:3256] type 00 class 0x130000
[   11.626048] pci 0000:00:03.0: reg 0x10: [mem 0x1010bf200000-0x1010bf2fffff 64bit]
[   11.634209] pci 0000:00:03.0: reg 0x18: [mem 0x1010be800000-0x1010beffffff 64bit]
[   11.642209] pci 0000:00:03.0: reg 0x20: [mem 0x1010bf441000-0x1010bf441fff 64bit]
[   11.651206] pci 0000:00:03.0: calling  quirk_igfx_skip_te_disable+0x0/0x50 @ 1
[   11.659028] pci 0000:00:03.0: quirk_igfx_skip_te_disable+0x0/0x50 took 0 usecs
[   11.667767] pci 0000:00:04.0: calling  quirk_cmd_compl+0x0/0x70 @ 1
[   11.674049] pci 0000:00:04.0: quirk_cmd_compl+0x0/0x70 took 0 usecs
[   11.681028] pci 0000:00:04.0: calling  quirk_no_aersid+0x0/0x30 @ 1
[   11.688048] pci 0000:00:04.0: quirk_no_aersid+0x0/0x30 took 0 usecs
[   11.695028] pci 0000:00:04.0: [8086:786a] type 01 class 0x060400
[   11.702048] pci 0000:00:04.0: reg 0x10: [mem 0x1010bf430000-0x1010bf43ffff 64bit]
[   11.710491] pci 0000:00:04.0: enabling Extended Tags
[   11.716247] pci 0000:00:04.0: calling  quirk_igfx_skip_te_disable+0x0/0x50 @ 1
[   11.724048] pci 0000:00:04.0: quirk_igfx_skip_te_disable+0x0/0x50 took 0 usecs
[   11.732048] pci 0000:00:04.0: calling  pci_fixup_transparent_bridge+0x0/0x20 @ 1
[   11.740059] pci 0000:00:04.0: pci_fixup_transparent_bridge+0x0/0x20 took 0 usecs
[   11.748698] pci 0000:00:04.0: PME# supported from D0 D3hot D3cold
[   11.756048] pci 0000:00:05.0: calling  quirk_cmd_compl+0x0/0x70 @ 1
[   11.763048] pci 0000:00:05.0: quirk_cmd_compl+0x0/0x70 took 0 usecs
[   11.770048] pci 0000:00:05.0: calling  quirk_no_aersid+0x0/0x30 @ 1
[   11.777028] pci 0000:00:05.0: quirk_no_aersid+0x0/0x30 took 0 usecs
[   11.784059] pci 0000:00:05.0: [8086:786b] type 01 class 0x060400
[   11.790370] pci 0000:00:05.0: reg 0x10: [mem 0x1010bf420000-0x1010bf42ffff 64bit]
[   11.799491] pci 0000:00:05.0: enabling Extended Tags
[   11.805216] pci 0000:00:05.0: calling  quirk_igfx_skip_te_disable+0x0/0x50 @ 1
[   11.813028] pci 0000:00:05.0: quirk_igfx_skip_te_disable+0x0/0x50 took 0 usecs
[   11.821028] pci 0000:00:05.0: calling  pci_fixup_transparent_bridge+0x0/0x20 @ 1
[   11.829028] pci 0000:00:05.0: pci_fixup_transparent_bridge+0x0/0x20 took 0 usecs
[   11.837698] pci 0000:00:05.0: PME# supported from D0 D3hot D3cold
[   11.844703] pci 0000:00:06.0: calling  quirk_cmd_compl+0x0/0x70 @ 1
[   11.852079] pci 0000:00:06.0: quirk_cmd_compl+0x0/0x70 took 0 usecs
[   11.859028] pci 0000:00:06.0: calling  quirk_no_aersid+0x0/0x30 @ 1
[   11.865028] pci 0000:00:06.0: quirk_no_aersid+0x0/0x30 took 0 usecs
[   11.872049] pci 0000:00:06.0: [8086:786c] type 01 class 0x060400
[   11.879370] pci 0000:00:06.0: reg 0x10: [mem 0x1010bf410000-0x1010bf41ffff 64bit]
[   11.888048] pci 0000:00:06.0: enabling Extended Tags
[   11.893216] pci 0000:00:06.0: calling  quirk_igfx_skip_te_disable+0x0/0x50 @ 1
[   11.901028] pci 0000:00:06.0: quirk_igfx_skip_te_disable+0x0/0x50 took 0 usecs
[   11.909028] pci 0000:00:06.0: calling  pci_fixup_transparent_bridge+0x0/0x20 @ 1
[   11.917059] pci 0000:00:06.0: pci_fixup_transparent_bridge+0x0/0x20 took 0 usecs
[   11.926048] pci 0000:00:06.0: PME# supported from D0 D3hot D3cold
[   11.933692] pci 0000:00:07.0: calling  quirk_cmd_compl+0x0/0x70 @ 1
[   11.940049] pci 0000:00:07.0: quirk_cmd_compl+0x0/0x70 took 0 usecs
[   11.947028] pci 0000:00:07.0: calling  quirk_no_aersid+0x0/0x30 @ 1
[   11.954048] pci 0000:00:07.0: quirk_no_aersid+0x0/0x30 took 0 usecs
[   11.961028] pci 0000:00:07.0: [8086:786d] type 01 class 0x060400
[   11.968370] pci 0000:00:07.0: reg 0x10: [mem 0x1010bf400000-0x1010bf40ffff 64bit]
[   11.976491] pci 0000:00:07.0: enabling Extended Tags
[   11.982247] pci 0000:00:07.0: calling  quirk_igfx_skip_te_disable+0x0/0x50 @ 1
[   11.990048] pci 0000:00:07.0: quirk_igfx_skip_te_disable+0x0/0x50 took 0 usecs
[   11.998048] pci 0000:00:07.0: calling  pci_fixup_transparent_bridge+0x0/0x20 @ 1
[   12.006048] pci 0000:00:07.0: pci_fixup_transparent_bridge+0x0/0x20 took 0 usecs
[   12.014698] pci 0000:00:07.0: PME# supported from D0 D3hot D3cold
[   12.023151] pci 0000:00:1f.0: [8086:5826] type 00 class 0x060100
[   12.030174] pci 0000:00:1f.0: calling  quirk_igfx_skip_te_disable+0x0/0x50 @ 1
[   12.038048] pci 0000:00:1f.0: quirk_igfx_skip_te_disable+0x0/0x50 took 0 usecs
[   12.046853] pci 0000:00:1f.4: [8086:5827] type 00 class 0x0c0500
[   12.054370] pci 0000:00:1f.4: reg 0x10: [mem 0x1010bf440000-0x1010bf4400ff 64bit]
[   12.062451] pci 0000:00:1f.4: reg 0x20: [io  0x0780-0x079f]
[   12.069356] pci 0000:00:1f.4: calling  quirk_igfx_skip_te_disable+0x0/0x50 @ 1
[   12.077028] pci 0000:00:1f.4: quirk_igfx_skip_te_disable+0x0/0x50 took 0 usecs
[   12.085599] pci 0000:00:1f.5: [8086:5825] type 00 class 0x0c8000
[   12.092269] pci 0000:00:1f.5: reg 0x10: [mem 0xf2830000-0xf2830fff]
[   12.100048] pci 0000:00:1f.5: calling  quirk_igfx_skip_te_disable+0x0/0x50 @ 1
[   12.108048] pci 0000:00:1f.5: quirk_igfx_skip_te_disable+0x0/0x50 took 0 usecs
[   12.117028] pci 0000:01:00.0: [1234:1111] type 00 class 0x030000
[   12.123290] pci 0000:01:00.0: reg 0x10: [mem 0xe0000000-0xe07fffff]
[   12.131049] pci 0000:01:00.0: calling  efifb_fixup_resources+0x0/0xf0 @ 1
[   12.139048] pci 0000:01:00.0: BAR 0: assigned to efifb
[   12.144049] pci 0000:01:00.0: efifb_fixup_resources+0x0/0xf0 took 4882 usecs
[   12.152048] pci 0000:01:00.0: calling  pci_fixup_video+0x0/0xd0 @ 1
[   12.159108] pci 0000:01:00.0: Video device with shadowed ROM at [mem 0x000c0000-0x000dffff]
[   12.168048] pci 0000:01:00.0: pci_fixup_video+0x0/0xd0 took 8789 usecs
[   12.176048] pci 0000:00:04.0: PCI bridge to [bus 01]
[   12.181140] pci 0000:00:04.0:   bridge window [mem 0xe0000000-0xe07fffff]
[   12.189931] pci 0000:02:00.0: [8086:0953] type 00 class 0x010802
[   12.196370] pci 0000:02:00.0: reg 0x10: [mem 0xe0c08000-0xe0c0bfff 64bit]
[   12.204531] pci 0000:02:00.0: reg 0x20: [mem 0xe0c00000-0xe0c07fff 64bit]
[   12.212419] pci 0000:02:00.0: calling  quirk_igfx_skip_te_disable+0x0/0x50 @ 1
[   12.220048] pci 0000:02:00.0: quirk_igfx_skip_te_disable+0x0/0x50 took 0 usecs
[   12.228695] pci 0000:02:00.0: PME# supported from D0 D3hot D3cold
[   12.235353] pci 0000:02:00.0: 15.753 Gb/s available PCIe bandwidth, limited by 16.0 GT/s PCIe x1 link at 0000:00:05.0 (capable of 63.012 Gb/s with 16.0 GT/s PCIe x4 link)
[   12.252688] pci 0000:00:05.0: PCI bridge to [bus 02]
[   12.258108] pci 0000:00:05.0:   bridge window [mem 0xe0c00000-0xe0cfffff]
[   12.266910] pci 0000:03:00.0: [8086:8c31] type 00 class 0x0c0330
[   12.273330] pci 0000:03:00.0: reg 0x10: [mem 0xe0b00000-0xe0b3ffff 64bit]
[   12.281580] pci 0000:03:00.0: calling  quirk_igfx_skip_te_disable+0x0/0x50 @ 1
[   12.289028] pci 0000:03:00.0: quirk_igfx_skip_te_disable+0x0/0x50 took 0 usecs
[   12.298049] pci 0000:00:06.0: PCI bridge to [bus 03]
[   12.303108] pci 0000:00:06.0:   bridge window [mem 0xe0b00000-0xe0bfffff]
[   12.312048] pci 0000:04:00.0: calling  quirk_f0_vpd_link+0x0/0x60 @ 1
[   12.319059] pci 0000:04:00.0: quirk_f0_vpd_link+0x0/0x60 took 0 usecs
[   12.326048] pci 0000:04:00.0: [8086:10f7] type 00 class 0x020000
[   12.332330] pci 0000:04:00.0: reg 0x10: [mem 0xe0800000-0xe081ffff 64bit]
[   12.340129] pci 0000:04:00.0: reg 0x18: [io  0x1000-0x101f]
[   12.346209] pci 0000:04:00.0: reg 0x1c: [mem 0xe0820000-0xe0823fff 64bit]
[   12.354399] pci 0000:04:00.0: calling  quirk_igfx_skip_te_disable+0x0/0x50 @ 1
[   12.362049] pci 0000:04:00.0: quirk_igfx_skip_te_disable+0x0/0x50 took 0 usecs
[   12.371049] pci 0000:04:00.0: reg 0x164: [mem 0xe0824000-0xe0827fff 64bit]
[   12.379028] pci 0000:04:00.0: VF(n) BAR0 space: [mem 0xe0824000-0xe0923fff 64bit] (contains BAR0 for 64 VFs)
[   12.389101] pci 0000:04:00.0: reg 0x170: [mem 0xe0924000-0xe0927fff 64bit]
[   12.397028] pci 0000:04:00.0: VF(n) BAR3 space: [mem 0xe0924000-0xe0a23fff 64bit] (contains BAR3 for 64 VFs)
[   12.408166] pci 0000:04:00.0: 15.753 Gb/s available PCIe bandwidth, limited by 16.0 GT/s PCIe x1 link at 0000:00:07.0 (capable of 32.000 Gb/s with 5.0 GT/s PCIe x8 link)
[   12.424263] pci 0000:04:00.0: disabling ASPM on pre-1.1 PCIe device.  You can enable it with 'pcie_aspm=force'
[   12.435131] pci 0000:00:07.0: PCI bridge to [bus 04]
[   12.441068] pci 0000:00:07.0:   bridge window [io  0x1000-0x1fff]
[   12.448088] pci 0000:00:07.0:   bridge window [mem 0xe0800000-0xe0afffff]
[   12.456048] pci_bus 0000:00: on NUMA node 0
[   12.460576] ACPI: PCI Root Bridge [AA00] (domain 0000 [bus 0c])
[   12.467049] acpi PNP0A08:01: _OSC: OS supports [ExtendedConfig ASPM ClockPM Segments MSI EDR HPX-Type3]
[   12.481357] acpi PNP0A08:01: _OSC: platform does not support [SHPCHotplug AER DPC]
[   12.490048] acpi PNP0A08:01: _OSC: OS now controls [PCIeHotplug PME PCIeCapability LTR]
[   12.498143] PCI host bridge to bus 0000:0c
[   12.503049] pci_bus 0000:0c: root bus resource [mem 0x100100000000-0x1001ffffffff window]
[   12.512048] pci_bus 0000:0c: root bus resource [bus 0c]
[   12.518248] pci 0000:0c:00.0: [8086:0b25] type 00 class 0x088000
[   12.524310] pci 0000:0c:00.0: reg 0x10: [mem 0x1001fff40000-0x1001fff5ffff 64bit pref]
[   12.533209] pci 0000:0c:00.0: reg 0x18: [mem 0x1001fff00000-0x1001fff3ffff 64bit pref]
[   12.542538] pci 0000:0c:00.0: calling  quirk_igfx_skip_te_disable+0x0/0x50 @ 1
[   12.551028] pci 0000:0c:00.0: quirk_igfx_skip_te_disable+0x0/0x50 took 0 usecs
[   12.560048] pci_bus 0000:0c: on NUMA node 0
[   12.565139] ACPI: PCI Root Bridge [AB00] (domain 0000 [bus 0d])
[   12.571031] acpi PNP0A08:02: _OSC: OS supports [ExtendedConfig ASPM ClockPM Segments MSI EDR HPX-Type3]
[   12.584376] acpi PNP0A08:02: _OSC: platform does not support [SHPCHotplug AER DPC]
[   12.593317] acpi PNP0A08:02: _OSC: OS now controls [PCIeHotplug PME PCIeCapability LTR]
[   12.602154] PCI host bridge to bus 0000:0d
[   12.607028] pci_bus 0000:0d: root bus resource [mem 0x100200000000-0x1002ffffffff window]
[   12.616048] pci_bus 0000:0d: root bus resource [bus 0d]
[   12.622048] pci 0000:0d:00.0: [8086:0cfe] type 00 class 0x088000
[   12.628310] pci 0000:0d:00.0: reg 0x10: [mem 0x1002fff40000-0x1002fff4ffff 64bit pref]
[   12.637209] pci 0000:0d:00.0: reg 0x18: [mem 0x1002fff00000-0x1002fff3ffff 64bit pref]
[   12.646569] pci 0000:0d:00.0: calling  quirk_igfx_skip_te_disable+0x0/0x50 @ 1
[   12.654048] pci 0000:0d:00.0: quirk_igfx_skip_te_disable+0x0/0x50 took 0 usecs
[   12.664048] pci_bus 0000:0d: on NUMA node 0
[   12.668151] ACPI: PCI Root Bridge [AC00] (domain 0000 [bus 0e-0f])
[   12.675049] acpi PNP0A08:03: _OSC: OS supports [ExtendedConfig ASPM ClockPM Segments MSI EDR HPX-Type3]
[   12.689345] acpi PNP0A08:03: _OSC: platform does not support [SHPCHotplug AER DPC]
[   12.697317] acpi PNP0A08:03: _OSC: OS now controls [PCIeHotplug PME PCIeCapability LTR]
