[    0.000000] Command line: BOOT_IMAGE=(hd1,gpt2)/vmlinuz-5.17.0-rc8-bf7bd725b022-gbf7bd725b022 root=/dev/mapper/cs-root ro crashkernel=1G-4G:192M,4G-64G:256M,64G-:512M resume=/dev/mapper/cs-swap rd.lvm.lv=cs/root rd.lvm.lv=cs/swap rhgb quiet console=tty0 console=ttyS0,115200n8 intel_iommu=on,sm_on initcall_debug log_buf_len=200M no_console_suspend ignore_loglevel selinux=0 cxl_acpi.dyndbg=+fplm cxl_pci.dyndbg=+fplm cxl_core.dyndbg=+fplm cxl_mem.dyndbg=+fplm cxl_pmem.dyndbg=+fplm cxl_port.dyndbg=+fplm cxl_region.dyndbg=+fplm cxl_test.dyndbg=+fplm cxl_mock.dyndbg=+fplm cxl_mock_mem.dyndbg=+fplm
[    0.000000] x86/fpu: Supporting XSAVE feature 0x001: 'x87 floating point registers'
[    0.000000] x86/fpu: Supporting XSAVE feature 0x002: 'SSE registers'
[    0.000000] x86/fpu: Supporting XSAVE feature 0x004: 'AVX registers'
[    0.000000] x86/fpu: Supporting XSAVE feature 0x020: 'AVX-512 opmask'
[    0.000000] x86/fpu: Supporting XSAVE feature 0x040: 'AVX-512 Hi256'
[    0.000000] x86/fpu: Supporting XSAVE feature 0x080: 'AVX-512 ZMM_Hi256'
[    0.000000] x86/fpu: Supporting XSAVE feature 0x200: 'Protection Keys User registers'
[    0.000000] x86/fpu: Supporting XSAVE feature 0x400: 'PASID state'
[    0.000000] x86/fpu: Supporting XSAVE feature 0x20000: 'AMX Tile config'
[    0.000000] x86/fpu: Supporting XSAVE feature 0x40000: 'AMX Tile data'
[    0.000000] x86/fpu: xstate_offset[2]:  576, xstate_sizes[2]:  256
[    0.000000] x86/fpu: xstate_offset[5]:  832, xstate_sizes[5]:   64
[    0.000000] x86/fpu: xstate_offset[6]:  896, xstate_sizes[6]:  512
[    0.000000] x86/fpu: xstate_offset[7]: 1408, xstate_sizes[7]: 1024
[    0.000000] x86/fpu: xstate_offset[9]: 2432, xstate_sizes[9]:    8
[    0.000000] x86/fpu: xstate_offset[10]: 2440, xstate_sizes[10]:    8
[    0.000000] x86/fpu: xstate_offset[17]: 2496, xstate_sizes[17]:   64
[    0.000000] x86/fpu: xstate_offset[18]: 2560, xstate_sizes[18]: 8192
[    0.000000] x86/fpu: Enabled xstate features 0x606e7, context size is 10752 bytes, using 'compacted' format.
[    0.000000] signal: max sigframe size: 11952
[    0.000000] BIOS-provided physical RAM map:
[    0.000000] BIOS-e820: [mem 0x0000000000000000-0x000000000009ffff] usable
[    0.000000] BIOS-e820: [mem 0x00000000000a0000-0x00000000000fffff] reserved
[    0.000000] BIOS-e820: [mem 0x0000000000100000-0x00000000bb779fff] usable
[    0.000000] BIOS-e820: [mem 0x00000000bb77a000-0x00000000bcd2dfff] reserved
[    0.000000] BIOS-e820: [mem 0x00000000bcd2e000-0x00000000bd0ebfff] usable
[    0.000000] BIOS-e820: [mem 0x00000000bd0ec000-0x00000000bd283fff] ACPI data
[    0.000000] BIOS-e820: [mem 0x00000000bd284000-0x00000000bd41bfff] usable
[    0.000000] BIOS-e820: [mem 0x00000000bd41c000-0x00000000bd855fff] ACPI data
[    0.000000] BIOS-e820: [mem 0x00000000bd856000-0x00000000bda5dfff] usable
[    0.000000] BIOS-e820: [mem 0x00000000bda5e000-0x00000000bdb76fff] ACPI data
[    0.000000] BIOS-e820: [mem 0x00000000bdb77000-0x00000000bdc8ffff] usable
[    0.000000] BIOS-e820: [mem 0x00000000bdc90000-0x00000000bdfbbfff] ACPI data
[    0.000000] BIOS-e820: [mem 0x00000000bdfbc000-0x00000000bf434fff] usable
[    0.000000] BIOS-e820: [mem 0x00000000bf435000-0x00000000c0635fff] reserved
[    0.000000] BIOS-e820: [mem 0x00000000c0636000-0x00000000cba02fff] usable
[    0.000000] BIOS-e820: [mem 0x00000000cba03000-0x00000000cba04fff] reserved
[    0.000000] BIOS-e820: [mem 0x00000000cba05000-0x00000000cba05fff] usable
[    0.000000] BIOS-e820: [mem 0x00000000cba06000-0x00000000cba4dfff] reserved
[    0.000000] BIOS-e820: [mem 0x00000000cba4e000-0x00000000cba4efff] usable
[    0.000000] BIOS-e820: [mem 0x00000000cba4f000-0x00000000cba56fff] reserved
[    0.000000] BIOS-e820: [mem 0x00000000cba57000-0x00000000cba57fff] usable
[    0.000000] BIOS-e820: [mem 0x00000000cba58000-0x00000000cd42afff] reserved
[    0.000000] BIOS-e820: [mem 0x00000000cd42b000-0x00000000cd42bfff] usable
[    0.000000] BIOS-e820: [mem 0x00000000cd42c000-0x00000000cd42cfff] reserved
[    0.000000] BIOS-e820: [mem 0x00000000cd42d000-0x00000000cd42dfff] usable
[    0.000000] BIOS-e820: [mem 0x00000000cd42e000-0x00000000cd63ffff] reserved
[    0.000000] BIOS-e820: [mem 0x00000000cd640000-0x00000000cd6befff] usable
[    0.000000] BIOS-e820: [mem 0x00000000cd6bf000-0x00000000cd6bffff] ACPI NVS
[    0.000000] BIOS-e820: [mem 0x00000000cd6c0000-0x00000000ce51efff] usable
[    0.000000] BIOS-e820: [mem 0x00000000ce51f000-0x00000000cf11ffff] ACPI NVS
[    0.000000] BIOS-e820: [mem 0x00000000cf120000-0x00000000cf132fff] usable
[    0.000000] BIOS-e820: [mem 0x00000000cf133000-0x00000000cf732fff] reserved
[    0.000000] BIOS-e820: [mem 0x00000000cf733000-0x00000000cf733fff] ACPI NVS
[    0.000000] BIOS-e820: [mem 0x00000000cf734000-0x00000000d27dcfff] usable
[    0.000000] BIOS-e820: [mem 0x00000000d27dd000-0x00000000d284dfff] reserved
[    0.000000] BIOS-e820: [mem 0x00000000d284e000-0x00000000d2894fff] usable
[    0.000000] BIOS-e820: [mem 0x00000000d2895000-0x00000000d2896fff] reserved
[    0.000000] BIOS-e820: [mem 0x00000000d2897000-0x00000000d2976fff] usable
[    0.000000] BIOS-e820: [mem 0x00000000d2977000-0x00000000d2978fff] reserved
[    0.000000] BIOS-e820: [mem 0x00000000d2979000-0x00000000d2f54fff] usable
[    0.000000] BIOS-e820: [mem 0x00000000d2f55000-0x00000000d2f5dfff] reserved
[    0.000000] BIOS-e820: [mem 0x00000000d2f5e000-0x00000000d34bbfff] usable
[    0.000000] BIOS-e820: [mem 0x00000000d34bc000-0x00000000d3abbfff] reserved
[    0.000000] BIOS-e820: [mem 0x00000000d3abc000-0x00000000d3c5ffff] usable
[    0.000000] BIOS-e820: [mem 0x00000000d3c60000-0x00000000d3c7bfff] reserved
[    0.000000] BIOS-e820: [mem 0x00000000d3c7c000-0x00000000d69cefff] usable
[    0.000000] BIOS-e820: [mem 0x00000000d69cf000-0x00000000d6ccefff] reserved
[    0.000000] BIOS-e820: [mem 0x00000000d6ccf000-0x00000000d76fefff] ACPI NVS
[    0.000000] BIOS-e820: [mem 0x00000000d76ff000-0x00000000d77fefff] ACPI data
[    0.000000] BIOS-e820: [mem 0x00000000d77ff000-0x00000000d77fffff] usable
[    0.000000] BIOS-e820: [mem 0x00000000d7800000-0x00000000dfffffff] reserved
[    0.000000] BIOS-e820: [mem 0x00000000f2830000-0x00000000f2830fff] reserved
[    0.000000] BIOS-e820: [mem 0x0000000100000000-0x0000003ffeffffff] usable
[    0.000000] BIOS-e820: [mem 0x0000003fff000000-0x0000003fffffffff] reserved
[    0.000000] BIOS-e820: [mem 0x0000020000000000-0x00000200ffffffff] soft reserved
[    0.000000] BIOS-e820: [mem 0x0000100000000000-0x000010007fffffff] reserved
[    0.000000] printk: debug: ignoring loglevel setting.
[    0.000000] NX (Execute Disable) protection: active
[    0.000000] efi: EFI v2.70 by EDK II
[    0.000000] efi: ACPI=0xd77fe000 ACPI 2.0=0xd77fe014 SMBIOS=0xd6b0b000 SMBIOS 3.0=0xd6b09000 MEMATTR=0xd3478018 
[    0.000000] efi: memattr: Unexpected EFI Memory Attributes table version 2
[    0.000000] SMBIOS 3.6.0 present.
[    0.000000] DMI: Intel Corporation OAKSTREAM/OAKSTREAM, BIOS OKSDCRB1.86B.0010.D75.2403180334 03/18/2024
[    0.000000] tsc: Detected 2400.000 MHz processor
[    0.000015] e820: update [mem 0x00000000-0x00000fff] usable ==> reserved
[    0.000072] e820: remove [mem 0x000a0000-0x000fffff] usable
[    0.000134] last_pfn = 0x3fff000 max_arch_pfn = 0x10000000000
[    0.000149] x86/PAT: Configuration [0-7]: WB  WC  UC- UC  WB  WP  UC- WT  
[    0.000164] total RAM covered: 16776704M
[    0.000459]  gran_size: 64K 	chunk_size: 64K 	num_reg: 10  	lose cover RAM: 15872G
[    0.000484]  gran_size: 64K 	chunk_size: 128K 	num_reg: 10  	lose cover RAM: 15872G
[    0.000510]  gran_size: 64K 	chunk_size: 256K 	num_reg: 10  	lose cover RAM: 15872G
[    0.000535]  gran_size: 64K 	chunk_size: 512K 	num_reg: 10  	lose cover RAM: 15872G
[    0.000561]  gran_size: 64K 	chunk_size: 1M 	num_reg: 10  	lose cover RAM: 15872G
[    0.000587]  gran_size: 64K 	chunk_size: 2M 	num_reg: 10  	lose cover RAM: 15872G
[    0.000612]  gran_size: 64K 	chunk_size: 4M 	num_reg: 10  	lose cover RAM: 15872G
[    0.000638]  gran_size: 64K 	chunk_size: 8M 	num_reg: 10  	lose cover RAM: 15872G
[    0.000663]  gran_size: 64K 	chunk_size: 16M 	num_reg: 10  	lose cover RAM: 15872G
[    0.000689]  gran_size: 64K 	chunk_size: 32M 	num_reg: 10  	lose cover RAM: 15872G
[    0.000714]  gran_size: 64K 	chunk_size: 64M 	num_reg: 10  	lose cover RAM: 15872G
[    0.000740]  gran_size: 64K 	chunk_size: 128M 	num_reg: 10  	lose cover RAM: 15872G
[    0.000765]  gran_size: 64K 	chunk_size: 256M 	num_reg: 10  	lose cover RAM: 15872G
[    0.000791]  gran_size: 64K 	chunk_size: 512M 	num_reg: 10  	lose cover RAM: 15872G
[    0.000816]  gran_size: 64K 	chunk_size: 1G 	num_reg: 10  	lose cover RAM: 15360G
[    0.000842]  gran_size: 64K 	chunk_size: 2G 	num_reg: 10  	lose cover RAM: 15360G
[    0.000867]  gran_size: 128K 	chunk_size: 128K 	num_reg: 10  	lose cover RAM: 15872G
[    0.000893]  gran_size: 128K 	chunk_size: 256K 	num_reg: 10  	lose cover RAM: 15872G
[    0.000919]  gran_size: 128K 	chunk_size: 512K 	num_reg: 10  	lose cover RAM: 15872G
[    0.000944]  gran_size: 128K 	chunk_size: 1M 	num_reg: 10  	lose cover RAM: 15872G
[    0.000970]  gran_size: 128K 	chunk_size: 2M 	num_reg: 10  	lose cover RAM: 15872G
[    0.000995]  gran_size: 128K 	chunk_size: 4M 	num_reg: 10  	lose cover RAM: 15872G
[    0.001021]  gran_size: 128K 	chunk_size: 8M 	num_reg: 10  	lose cover RAM: 15872G
[    0.001046]  gran_size: 128K 	chunk_size: 16M 	num_reg: 10  	lose cover RAM: 15872G
[    0.001072]  gran_size: 128K 	chunk_size: 32M 	num_reg: 10  	lose cover RAM: 15872G
[    0.001097]  gran_size: 128K 	chunk_size: 64M 	num_reg: 10  	lose cover RAM: 15872G
[    0.001123]  gran_size: 128K 	chunk_size: 128M 	num_reg: 10  	lose cover RAM: 15872G
[    0.001149]  gran_size: 128K 	chunk_size: 256M 	num_reg: 10  	lose cover RAM: 15872G
[    0.001174]  gran_size: 128K 	chunk_size: 512M 	num_reg: 10  	lose cover RAM: 15872G
[    0.001200]  gran_size: 128K 	chunk_size: 1G 	num_reg: 10  	lose cover RAM: 15360G
[    0.001225]  gran_size: 128K 	chunk_size: 2G 	num_reg: 10  	lose cover RAM: 15360G
[    0.001251]  gran_size: 256K 	chunk_size: 256K 	num_reg: 10  	lose cover RAM: 15872G
[    0.001276]  gran_size: 256K 	chunk_size: 512K 	num_reg: 10  	lose cover RAM: 15872G
[    0.001302]  gran_size: 256K 	chunk_size: 1M 	num_reg: 10  	lose cover RAM: 15872G
[    0.001328]  gran_size: 256K 	chunk_size: 2M 	num_reg: 10  	lose cover RAM: 15872G
[    0.001353]  gran_size: 256K 	chunk_size: 4M 	num_reg: 10  	lose cover RAM: 15872G
[    0.001379]  gran_size: 256K 	chunk_size: 8M 	num_reg: 10  	lose cover RAM: 15872G
[    0.001404]  gran_size: 256K 	chunk_size: 16M 	num_reg: 10  	lose cover RAM: 15872G
[    0.001430]  gran_size: 256K 	chunk_size: 32M 	num_reg: 10  	lose cover RAM: 15872G
[    0.001455]  gran_size: 256K 	chunk_size: 64M 	num_reg: 10  	lose cover RAM: 15872G
[    0.001481]  gran_size: 256K 	chunk_size: 128M 	num_reg: 10  	lose cover RAM: 15872G
[    0.001507]  gran_size: 256K 	chunk_size: 256M 	num_reg: 10  	lose cover RAM: 15872G
[    0.001532]  gran_size: 256K 	chunk_size: 512M 	num_reg: 10  	lose cover RAM: 15872G
[    0.001558]  gran_size: 256K 	chunk_size: 1G 	num_reg: 10  	lose cover RAM: 15360G
[    0.001583]  gran_size: 256K 	chunk_size: 2G 	num_reg: 10  	lose cover RAM: 15360G
[    0.001609]  gran_size: 512K 	chunk_size: 512K 	num_reg: 10  	lose cover RAM: 15872G
[    0.001634]  gran_size: 512K 	chunk_size: 1M 	num_reg: 10  	lose cover RAM: 15872G
[    0.001660]  gran_size: 512K 	chunk_size: 2M 	num_reg: 10  	lose cover RAM: 15872G
[    0.001685]  gran_size: 512K 	chunk_size: 4M 	num_reg: 10  	lose cover RAM: 15872G
[    0.001711]  gran_size: 512K 	chunk_size: 8M 	num_reg: 10  	lose cover RAM: 15872G
[    0.001737]  gran_size: 512K 	chunk_size: 16M 	num_reg: 10  	lose cover RAM: 15872G
[    0.001762]  gran_size: 512K 	chunk_size: 32M 	num_reg: 10  	lose cover RAM: 15872G
[    0.001788]  gran_size: 512K 	chunk_size: 64M 	num_reg: 10  	lose cover RAM: 15872G
[    0.001813]  gran_size: 512K 	chunk_size: 128M 	num_reg: 10  	lose cover RAM: 15872G
[    0.001839]  gran_size: 512K 	chunk_size: 256M 	num_reg: 10  	lose cover RAM: 15872G
[    0.001864]  gran_size: 512K 	chunk_size: 512M 	num_reg: 10  	lose cover RAM: 15872G
[    0.001890]  gran_size: 512K 	chunk_size: 1G 	num_reg: 10  	lose cover RAM: 15360G
[    0.001916]  gran_size: 512K 	chunk_size: 2G 	num_reg: 10  	lose cover RAM: 15360G
[    0.001941]  gran_size: 1M 	chunk_size: 1M 	num_reg: 10  	lose cover RAM: 15872G
[    0.001967]  gran_size: 1M 	chunk_size: 2M 	num_reg: 10  	lose cover RAM: 15872G
[    0.001992]  gran_size: 1M 	chunk_size: 4M 	num_reg: 10  	lose cover RAM: 15872G
[    0.002018]  gran_size: 1M 	chunk_size: 8M 	num_reg: 10  	lose cover RAM: 15872G
[    0.002043]  gran_size: 1M 	chunk_size: 16M 	num_reg: 10  	lose cover RAM: 15872G
[    0.002069]  gran_size: 1M 	chunk_size: 32M 	num_reg: 10  	lose cover RAM: 15872G
[    0.002094]  gran_size: 1M 	chunk_size: 64M 	num_reg: 10  	lose cover RAM: 15872G
[    0.002120]  gran_size: 1M 	chunk_size: 128M 	num_reg: 10  	lose cover RAM: 15872G
[    0.002145]  gran_size: 1M 	chunk_size: 256M 	num_reg: 10  	lose cover RAM: 15872G
[    0.002171]  gran_size: 1M 	chunk_size: 512M 	num_reg: 10  	lose cover RAM: 15872G
[    0.002196]  gran_size: 1M 	chunk_size: 1G 	num_reg: 10  	lose cover RAM: 15360G
[    0.002222]  gran_size: 1M 	chunk_size: 2G 	num_reg: 10  	lose cover RAM: 15360G
[    0.002247]  gran_size: 2M 	chunk_size: 2M 	num_reg: 10  	lose cover RAM: 15872G
[    0.002273]  gran_size: 2M 	chunk_size: 4M 	num_reg: 10  	lose cover RAM: 15872G
[    0.002298]  gran_size: 2M 	chunk_size: 8M 	num_reg: 10  	lose cover RAM: 15872G
[    0.002324]  gran_size: 2M 	chunk_size: 16M 	num_reg: 10  	lose cover RAM: 15872G
[    0.002349]  gran_size: 2M 	chunk_size: 32M 	num_reg: 10  	lose cover RAM: 15872G
[    0.002375]  gran_size: 2M 	chunk_size: 64M 	num_reg: 10  	lose cover RAM: 15872G
[    0.002400]  gran_size: 2M 	chunk_size: 128M 	num_reg: 10  	lose cover RAM: 15872G
[    0.002426]  gran_size: 2M 	chunk_size: 256M 	num_reg: 10  	lose cover RAM: 15872G
[    0.002451]  gran_size: 2M 	chunk_size: 512M 	num_reg: 10  	lose cover RAM: 15872G
[    0.002477]  gran_size: 2M 	chunk_size: 1G 	num_reg: 10  	lose cover RAM: 15360G
[    0.002502]  gran_size: 2M 	chunk_size: 2G 	num_reg: 10  	lose cover RAM: 15360G
[    0.002528]  gran_size: 4M 	chunk_size: 4M 	num_reg: 10  	lose cover RAM: 15872G
[    0.002553]  gran_size: 4M 	chunk_size: 8M 	num_reg: 10  	lose cover RAM: 15872G
[    0.002579]  gran_size: 4M 	chunk_size: 16M 	num_reg: 10  	lose cover RAM: 15872G
[    0.002604]  gran_size: 4M 	chunk_size: 32M 	num_reg: 10  	lose cover RAM: 15872G
[    0.002630]  gran_size: 4M 	chunk_size: 64M 	num_reg: 10  	lose cover RAM: 15872G
[    0.002655]  gran_size: 4M 	chunk_size: 128M 	num_reg: 10  	lose cover RAM: 15872G
[    0.002681]  gran_size: 4M 	chunk_size: 256M 	num_reg: 10  	lose cover RAM: 15872G
[    0.002707]  gran_size: 4M 	chunk_size: 512M 	num_reg: 10  	lose cover RAM: 15872G
[    0.002732]  gran_size: 4M 	chunk_size: 1G 	num_reg: 10  	lose cover RAM: 15360G
[    0.002758]  gran_size: 4M 	chunk_size: 2G 	num_reg: 10  	lose cover RAM: 15360G
[    0.002783]  gran_size: 8M 	chunk_size: 8M 	num_reg: 10  	lose cover RAM: 15872G
[    0.002809]  gran_size: 8M 	chunk_size: 16M 	num_reg: 10  	lose cover RAM: 15872G
[    0.002834]  gran_size: 8M 	chunk_size: 32M 	num_reg: 10  	lose cover RAM: 15872G
[    0.002860]  gran_size: 8M 	chunk_size: 64M 	num_reg: 10  	lose cover RAM: 15872G
[    0.002885]  gran_size: 8M 	chunk_size: 128M 	num_reg: 10  	lose cover RAM: 15872G
[    0.002911]  gran_size: 8M 	chunk_size: 256M 	num_reg: 10  	lose cover RAM: 15872G
[    0.002936]  gran_size: 8M 	chunk_size: 512M 	num_reg: 10  	lose cover RAM: 15872G
[    0.002962]  gran_size: 8M 	chunk_size: 1G 	num_reg: 10  	lose cover RAM: 15360G
[    0.002987]  gran_size: 8M 	chunk_size: 2G 	num_reg: 10  	lose cover RAM: 15360G
[    0.003013]  gran_size: 16M 	chunk_size: 16M 	num_reg: 10  	lose cover RAM: 15872G
[    0.003038]  gran_size: 16M 	chunk_size: 32M 	num_reg: 10  	lose cover RAM: 15872G
[    0.003064]  gran_size: 16M 	chunk_size: 64M 	num_reg: 10  	lose cover RAM: 15872G
[    0.003089]  gran_size: 16M 	chunk_size: 128M 	num_reg: 10  	lose cover RAM: 15872G
[    0.003115]  gran_size: 16M 	chunk_size: 256M 	num_reg: 10  	lose cover RAM: 15872G
[    0.003140]  gran_size: 16M 	chunk_size: 512M 	num_reg: 10  	lose cover RAM: 15872G
[    0.003166]  gran_size: 16M 	chunk_size: 1G 	num_reg: 10  	lose cover RAM: 15360G
[    0.003192]  gran_size: 16M 	chunk_size: 2G 	num_reg: 10  	lose cover RAM: 15360G
[    0.003217]  gran_size: 32M 	chunk_size: 32M 	num_reg: 10  	lose cover RAM: 15872G
[    0.003243]  gran_size: 32M 	chunk_size: 64M 	num_reg: 10  	lose cover RAM: 15872G
[    0.003268]  gran_size: 32M 	chunk_size: 128M 	num_reg: 10  	lose cover RAM: 15872G
[    0.003294]  gran_size: 32M 	chunk_size: 256M 	num_reg: 10  	lose cover RAM: 15872G
[    0.003319]  gran_size: 32M 	chunk_size: 512M 	num_reg: 10  	lose cover RAM: 15872G
[    0.003345]  gran_size: 32M 	chunk_size: 1G 	num_reg: 10  	lose cover RAM: 15360G
[    0.003370]  gran_size: 32M 	chunk_size: 2G 	num_reg: 10  	lose cover RAM: 15360G
[    0.003396]  gran_size: 64M 	chunk_size: 64M 	num_reg: 10  	lose cover RAM: 15872G
[    0.003422]  gran_size: 64M 	chunk_size: 128M 	num_reg: 10  	lose cover RAM: 15872G
[    0.003447]  gran_size: 64M 	chunk_size: 256M 	num_reg: 10  	lose cover RAM: 15872G
[    0.003473]  gran_size: 64M 	chunk_size: 512M 	num_reg: 10  	lose cover RAM: 15872G
[    0.003498]  gran_size: 64M 	chunk_size: 1G 	num_reg: 10  	lose cover RAM: 15360G
[    0.003524]  gran_size: 64M 	chunk_size: 2G 	num_reg: 10  	lose cover RAM: 15360G
[    0.003549]  gran_size: 128M 	chunk_size: 128M 	num_reg: 10  	lose cover RAM: 15872G
[    0.003575]  gran_size: 128M 	chunk_size: 256M 	num_reg: 10  	lose cover RAM: 15872G
[    0.003600]  gran_size: 128M 	chunk_size: 512M 	num_reg: 10  	lose cover RAM: 15872G
[    0.003626]  gran_size: 128M 	chunk_size: 1G 	num_reg: 10  	lose cover RAM: 15360G
[    0.003652]  gran_size: 128M 	chunk_size: 2G 	num_reg: 10  	lose cover RAM: 15360G
[    0.003677]  gran_size: 256M 	chunk_size: 256M 	num_reg: 10  	lose cover RAM: 15872G
[    0.003703]  gran_size: 256M 	chunk_size: 512M 	num_reg: 10  	lose cover RAM: 15872G
[    0.003728]  gran_size: 256M 	chunk_size: 1G 	num_reg: 10  	lose cover RAM: 15360G
[    0.003754]  gran_size: 256M 	chunk_size: 2G 	num_reg: 10  	lose cover RAM: 15360G
[    0.003779]  gran_size: 512M 	chunk_size: 512M 	num_reg: 10  	lose cover RAM: 15872G
[    0.003805]  gran_size: 512M 	chunk_size: 1G 	num_reg: 10  	lose cover RAM: 15360G
[    0.003831]  gran_size: 512M 	chunk_size: 2G 	num_reg: 10  	lose cover RAM: 15360G
[    0.003856]  gran_size: 1G 	chunk_size: 1G 	num_reg: 10  	lose cover RAM: 15729152M
[    0.003882]  gran_size: 1G 	chunk_size: 2G 	num_reg: 10  	lose cover RAM: 15729152M
[    0.003907]  gran_size: 2G 	chunk_size: 2G 	num_reg: 10  	lose cover RAM: 14681600M
[    0.003933] mtrr_cleanup: can not find optimal value
[    0.003945] please specify mtrr_gran_size/mtrr_chunk_size
[    0.003960] e820: update [mem 0xe0000000-0xffffffff] usable ==> reserved
[    0.004028] x2apic: enabled by BIOS, switching to x2apic ops
[    0.004040] last_pfn = 0xd7800 max_arch_pfn = 0x10000000000
[    0.007000] Using GB pages for direct mapping
[    0.104747] printk: log_buf_len: 268435456 bytes
[    0.104759] printk: early log buf free: 16758936(99%)
[    0.104772] Secure boot disabled
[    0.104784] RAMDISK: [mem 0xb844e000-0xba2a0fff]
[    0.104798] ACPI: Early table checksum verification disabled
[    0.104811] ACPI: RSDP 0x00000000D77FE014 000024 (v02 INTEL )
[    0.104847] ACPI: XSDT 0x00000000D7744188 00014C (v01 INTEL  INTEL ID 00000000      01000013)
[    0.104886] ACPI: FACP 0x00000000D77FC000 000114 (v06 INTEL  INTEL ID 00000000 INTL 20230628)
[    0.104926] ACPI: DSDT 0x00000000D775D000 08E4F6 (v02 INTEL  INTEL ID 00000003 INTL 20230628)
[    0.104964] ACPI: FACS 0x00000000D76F4000 000040
[    0.105001] ACPI: MCFG 0x00000000D77FB000 00004C (v01 INTEL  INTEL ID 00000001 INTL 20230628)
[    0.105039] ACPI: SSDT 0x00000000D77FA000 0001F3 (v02 INTEL  MPWR     00001000 INTL 20230628)
[    0.105077] ACPI: CEDT 0x00000000D77F9000 000284 (v01 INTEL  INTEL ID 00000002 INTL 20230628)
[    0.105116] ACPI: SSDT 0x00000000D77F8000 0000AB (v02 INTEL  INTEL ID 00000002 INTL 20230628)
[    0.105154] ACPI: MRRM 0x00000000D77F7000 0000CC (v01 INTEL  INTEL ID 00000002 INTL 20230628)
[    0.105192] ACPI: SSDT 0x00000000D77F6000 00030C (v02 INTEL  INTEL ID 00000000 MSFT 20230628)
[    0.105231] ACPI: SSDT 0x00000000D77F5000 000156 (v02 INTEL  PRMOPREG 00001000 INTL 20230628)
[    0.105269] ACPI: SSDT 0x00000000D77F4000 000145 (v02 INTEL  PRMSAMPL 00001000 INTL 20230628)
[    0.105308] ACPI: IRDT 0x00000000D77F3000 0001D7 (v01 INTEL  INTEL ID 00000002 INTL 20230628)
[    0.105346] ACPI: DTPR 0x00000000D77F2000 000530 (v01 INTEL  EDK2     00000002      01000013)
[    0.105384] ACPI: SSDT 0x00000000D77F1000 00040F (v02 INTEL  SruTable 00001000 INTL 20230628)
[    0.105423] ACPI: SSDT 0x00000000D77F0000 000397 (v02 INTEL  SstsTbl  00001000 INTL 20230628)
[    0.105461] ACPI: BDAT 0x00000000D77EF000 000030 (v01 INTEL  INTEL ID 00000000 INTL 20230628)
[    0.105499] ACPI: HPET 0x00000000D77EE000 000038 (v01 INTEL  INTEL ID 00000001 INTL 20230628)
[    0.105538] ACPI: MSCT 0x00000000D77ED000 000198 (v01 INTEL  INTEL ID 00000001 INTL 20230628)
[    0.105576] ACPI: WSMT 0x00000000D77EC000 000028 (v01 INTEL  INTEL ID 00000000 INTL 20230628)
[    0.105614] ACPI: APIC 0x00000000D775C000 00015E (v06 INTEL  INTEL ID 00000000 INTL 20230628)
[    0.105653] ACPI: KEYP 0x00000000D77FD000 000050 (v01 INTEL  INTEL ID 00000002 INTL 20230628)
[    0.105691] ACPI: PMTT 0x00000000D7741000 002568 (v02 INTEL  INTEL ID 00000001 INTL 20230628)
[    0.105730] ACPI: OEM4 0x00000000BDC90000 32B041 (v02 INTEL  CPU  CST 00003000 INTL 20230628)
[    0.105768] ACPI: OEM1 0x00000000BD41C000 439069 (v02 INTEL  CPU EIST 00003000 INTL 20230628)
[    0.105806] ACPI: OEM2 0x00000000BDA5E000 118031 (v02 INTEL  CPU  HWP 00003000 INTL 20230628)
[    0.105845] ACPI: SSDT 0x00000000BD0EC000 197850 (v02 INTEL  SSDT  PM 00004000 INTL 20230628)
[    0.105883] ACPI: DBG2 0x00000000D7740000 000058 (v00 INTEL  INTEL ID 00000002 INTL 20230628)
[    0.105922] ACPI: DMAR 0x00000000D773F000 000478 (v01 INTEL  INTEL ID 00000001 INTL 20230628)
[    0.105960] ACPI: FPDT 0x00000000D773E000 000044 (v01 INTEL  EDK2     00000002      01000013)
[    0.105998] ACPI: SSDT 0x00000000D773D000 000922 (v02 INTEL  RAS_ACPI 00000001 INTL 20230628)
[    0.106037] ACPI: SSDT 0x00000000D773C000 0008BB (v02 INTEL  ADDRXLAT 00000001 INTL 20230628)
[    0.106075] ACPI: HEST 0x00000000D773B000 000174 (v01 INTEL  INTEL ID 00000001 INTL 20230628)
[    0.106113] ACPI: BERT 0x00000000D773A000 000030 (v01 INTEL  INTEL ID 00000001 INTL 20230628)
[    0.106152] ACPI: ERST 0x00000000D7739000 000230 (v01 INTEL  INTEL ID 00000001 INTL 20230628)
[    0.106190] ACPI: PRMT 0x00000000D7738000 0001DC (v00 INTEL  INTEL ID 00000002 INTL 20230628)
[    0.106228] ACPI: SPCR 0x00000000D7737000 000050 (v02 INTEL  INTEL ID 00000000 INTL 20230628)
[    0.106267] ACPI: SRAT 0x00000000D7747000 014128 (v03 INTEL  INTEL ID 00000002 INTL 20230628)
[    0.106305] ACPI: SLIT 0x00000000D7746000 000050 (v01 INTEL  INTEL ID 00000002 INTL 20230628)
[    0.106343] ACPI: HMAT 0x00000000D7745000 000298 (v02 INTEL  INTEL ID 00000002 INTL 20230628)
[    0.106381] ACPI: Reserving FACP table memory at [mem 0xd77fc000-0xd77fc113]
[    0.106396] ACPI: Reserving DSDT table memory at [mem 0xd775d000-0xd77eb4f5]
[    0.106410] ACPI: Reserving FACS table memory at [mem 0xd76f4000-0xd76f403f]
[    0.106425] ACPI: Reserving MCFG table memory at [mem 0xd77fb000-0xd77fb04b]
[    0.106440] ACPI: Reserving SSDT table memory at [mem 0xd77fa000-0xd77fa1f2]
[    0.106454] ACPI: Reserving CEDT table memory at [mem 0xd77f9000-0xd77f9283]
[    0.106469] ACPI: Reserving SSDT table memory at [mem 0xd77f8000-0xd77f80aa]
[    0.106484] ACPI: Reserving MRRM table memory at [mem 0xd77f7000-0xd77f70cb]
[    0.106498] ACPI: Reserving SSDT table memory at [mem 0xd77f6000-0xd77f630b]
[    0.106513] ACPI: Reserving SSDT table memory at [mem 0xd77f5000-0xd77f5155]
[    0.106528] ACPI: Reserving SSDT table memory at [mem 0xd77f4000-0xd77f4144]
[    0.106543] ACPI: Reserving IRDT table memory at [mem 0xd77f3000-0xd77f31d6]
[    0.106558] ACPI: Reserving DTPR table memory at [mem 0xd77f2000-0xd77f252f]
[    0.106572] ACPI: Reserving SSDT table memory at [mem 0xd77f1000-0xd77f140e]
[    0.106587] ACPI: Reserving SSDT table memory at [mem 0xd77f0000-0xd77f0396]
[    0.106602] ACPI: Reserving BDAT table memory at [mem 0xd77ef000-0xd77ef02f]
[    0.106617] ACPI: Reserving HPET table memory at [mem 0xd77ee000-0xd77ee037]
[    0.106632] ACPI: Reserving MSCT table memory at [mem 0xd77ed000-0xd77ed197]
[    0.106647] ACPI: Reserving WSMT table memory at [mem 0xd77ec000-0xd77ec027]
[    0.106661] ACPI: Reserving APIC table memory at [mem 0xd775c000-0xd775c15d]
[    0.106676] ACPI: Reserving KEYP table memory at [mem 0xd77fd000-0xd77fd04f]
[    0.106691] ACPI: Reserving PMTT table memory at [mem 0xd7741000-0xd7743567]
[    0.106706] ACPI: Reserving OEM4 table memory at [mem 0xbdc90000-0xbdfbb040]
[    0.106721] ACPI: Reserving OEM1 table memory at [mem 0xbd41c000-0xbd855068]
[    0.106736] ACPI: Reserving OEM2 table memory at [mem 0xbda5e000-0xbdb76030]
[    0.106751] ACPI: Reserving SSDT table memory at [mem 0xbd0ec000-0xbd28384f]
[    0.106766] ACPI: Reserving DBG2 table memory at [mem 0xd7740000-0xd7740057]
[    0.106781] ACPI: Reserving DMAR table memory at [mem 0xd773f000-0xd773f477]
[    0.106796] ACPI: Reserving FPDT table memory at [mem 0xd773e000-0xd773e043]
[    0.106811] ACPI: Reserving SSDT table memory at [mem 0xd773d000-0xd773d921]
[    0.106826] ACPI: Reserving SSDT table memory at [mem 0xd773c000-0xd773c8ba]
[    0.106841] ACPI: Reserving HEST table memory at [mem 0xd773b000-0xd773b173]
[    0.106856] ACPI: Reserving BERT table memory at [mem 0xd773a000-0xd773a02f]
[    0.106871] ACPI: Reserving ERST table memory at [mem 0xd7739000-0xd773922f]
[    0.106886] ACPI: Reserving PRMT table memory at [mem 0xd7738000-0xd77381db]
[    0.106901] ACPI: Reserving SPCR table memory at [mem 0xd7737000-0xd773704f]
[    0.106916] ACPI: Reserving SRAT table memory at [mem 0xd7747000-0xd775b127]
[    0.106931] ACPI: Reserving SLIT table memory at [mem 0xd7746000-0xd774604f]
[    0.106947] ACPI: Reserving HMAT table memory at [mem 0xd7745000-0xd7745297]
[    0.106988] Setting APIC routing to cluster x2apic.
[    0.107169] SRAT: PXM 0 -> APIC 0x0000 -> Node 0
[    0.107182] SRAT: PXM 0 -> APIC 0x0002 -> Node 0
[    0.107195] SRAT: PXM 0 -> APIC 0x0008 -> Node 0
[    0.107208] SRAT: PXM 0 -> APIC 0x000a -> Node 0
[    0.107221] SRAT: PXM 0 -> APIC 0x0100 -> Node 0
[    0.107234] SRAT: PXM 0 -> APIC 0x0102 -> Node 0
[    0.107248] SRAT: PXM 0 -> APIC 0x0108 -> Node 0
[    0.107261] SRAT: PXM 0 -> APIC 0x010a -> Node 0
[    0.107274] SRAT: PXM 0 -> APIC 0x0200 -> Node 0
[    0.107287] SRAT: PXM 0 -> APIC 0x0202 -> Node 0
[    0.107301] SRAT: PXM 0 -> APIC 0x0208 -> Node 0
[    0.107314] SRAT: PXM 0 -> APIC 0x020a -> Node 0
[    0.107327] SRAT: PXM 0 -> APIC 0x0300 -> Node 0
[    0.107340] SRAT: PXM 0 -> APIC 0x0302 -> Node 0
[    0.107353] SRAT: PXM 0 -> APIC 0x0308 -> Node 0
[    0.107367] SRAT: PXM 0 -> APIC 0x030a -> Node 0
[    0.107524] ACPI: SRAT: Node 0 PXM 0 [mem 0x00000000-0xdfffffff]
[    0.107538] ACPI: SRAT: Node 0 PXM 0 [mem 0x100000000-0x3fffffffff]
[    0.107591] ACPI: SRAT: Node 1 PXM 5 [mem 0x20000000000-0x200ffffffff]
[    0.107616] NUMA: Initialized distance table, cnt=2
[    0.107640] NUMA: Node 0 [mem 0x00000000-0xdfffffff] + [mem 0x100000000-0x3ffeffffff] -> [mem 0x00000000-0x3ffeffffff]
[    0.107682] NODE_DATA(0) allocated [mem 0x3fb6fc2000-0x3fb6fecfff]
[    0.108692] Reserving 512MB of memory at 2432MB for crashkernel (System RAM: 261362MB)
[    0.109360] Zone ranges:
[    0.109372]   DMA      [mem 0x0000000000001000-0x0000000000ffffff]
[    0.109396]   DMA32    [mem 0x0000000001000000-0x00000000ffffffff]
[    0.109420]   Normal   [mem 0x0000000100000000-0x0000003ffeffffff]
[    0.109445]   Device   empty
[    0.109468] Movable zone start for each node
[    0.109485] Early memory node ranges
[    0.109497]   node   0: [mem 0x0000000000001000-0x000000000009ffff]
[    0.109510]   node   0: [mem 0x0000000000100000-0x00000000bb779fff]
[    0.109524]   node   0: [mem 0x00000000bcd2e000-0x00000000bd0ebfff]
[    0.109538]   node   0: [mem 0x00000000bd284000-0x00000000bd41bfff]
[    0.109552]   node   0: [mem 0x00000000bd856000-0x00000000bda5dfff]
[    0.109565]   node   0: [mem 0x00000000bdb77000-0x00000000bdc8ffff]
[    0.109579]   node   0: [mem 0x00000000bdfbc000-0x00000000bf434fff]
[    0.109592]   node   0: [mem 0x00000000c0636000-0x00000000cba02fff]
[    0.109606]   node   0: [mem 0x00000000cba05000-0x00000000cba05fff]
[    0.109619]   node   0: [mem 0x00000000cba4e000-0x00000000cba4efff]
[    0.109633]   node   0: [mem 0x00000000cba57000-0x00000000cba57fff]
[    0.109647]   node   0: [mem 0x00000000cd42b000-0x00000000cd42bfff]
[    0.109660]   node   0: [mem 0x00000000cd42d000-0x00000000cd42dfff]
[    0.109674]   node   0: [mem 0x00000000cd640000-0x00000000cd6befff]
[    0.109687]   node   0: [mem 0x00000000cd6c0000-0x00000000ce51efff]
[    0.109701]   node   0: [mem 0x00000000cf120000-0x00000000cf132fff]
[    0.109714]   node   0: [mem 0x00000000cf734000-0x00000000d27dcfff]
[    0.109728]   node   0: [mem 0x00000000d284e000-0x00000000d2894fff]
[    0.109742]   node   0: [mem 0x00000000d2897000-0x00000000d2976fff]
[    0.109755]   node   0: [mem 0x00000000d2979000-0x00000000d2f54fff]
[    0.109769]   node   0: [mem 0x00000000d2f5e000-0x00000000d34bbfff]
[    0.109782]   node   0: [mem 0x00000000d3abc000-0x00000000d3c5ffff]
[    0.109796]   node   0: [mem 0x00000000d3c7c000-0x00000000d69cefff]
[    0.109809]   node   0: [mem 0x00000000d77ff000-0x00000000d77fffff]
[    0.109823]   node   0: [mem 0x0000000100000000-0x0000003ffeffffff]
[    0.109906] Initmem setup node 0 [mem 0x0000000000001000-0x0000003ffeffffff]
[    0.109927] On node 0, zone DMA: 1 pages in unavailable ranges
[    0.109994] On node 0, zone DMA: 96 pages in unavailable ranges
[    0.120564] On node 0, zone DMA32: 5556 pages in unavailable ranges
[    0.120596] On node 0, zone DMA32: 408 pages in unavailable ranges
[    0.120650] On node 0, zone DMA32: 1082 pages in unavailable ranges
[    0.120676] On node 0, zone DMA32: 281 pages in unavailable ranges
[    0.120785] On node 0, zone DMA32: 812 pages in unavailable ranges
[    0.121567] On node 0, zone DMA32: 4609 pages in unavailable ranges
[    0.121580] On node 0, zone DMA32: 2 pages in unavailable ranges
[    0.121596] On node 0, zone DMA32: 72 pages in unavailable ranges
[    0.121609] On node 0, zone DMA32: 8 pages in unavailable ranges
[    0.121827] On node 0, zone DMA32: 6611 pages in unavailable ranges
[    0.121841] On node 0, zone DMA32: 1 pages in unavailable ranges
[    0.121872] On node 0, zone DMA32: 530 pages in unavailable ranges
[    0.121936] On node 0, zone DMA32: 1 pages in unavailable ranges
[    0.122044] On node 0, zone DMA32: 3073 pages in unavailable ranges
[    0.122275] On node 0, zone DMA32: 1537 pages in unavailable ranges
[    0.122292] On node 0, zone DMA32: 113 pages in unavailable ranges
[    0.122309] On node 0, zone DMA32: 2 pages in unavailable ranges
[    0.122343] On node 0, zone DMA32: 2 pages in unavailable ranges
[    0.122375] On node 0, zone DMA32: 9 pages in unavailable ranges
[    0.122442] On node 0, zone DMA32: 1536 pages in unavailable ranges
[    0.122613] On node 0, zone DMA32: 28 pages in unavailable ranges
[    0.122739] On node 0, zone DMA32: 3632 pages in unavailable ranges
[    1.019807] On node 0, zone Normal: 2048 pages in unavailable ranges
[    1.019947] On node 0, zone Normal: 4096 pages in unavailable ranges
[    1.024827] ACPI: PM-Timer IO Port: 0x508
[    1.024847] ACPI: X2APIC_NMI (uid[0xffffffff] high edge lint[0x1])
[    1.024861] ACPI: LAPIC_NMI (acpi_id[0xff] high edge lint[0x1])
[    1.024876] IOAPIC[0]: apic_id 8, version 32, address 0xfec00000, GSI 0-23
[    1.024892] ACPI: INT_SRC_OVR (bus 0 bus_irq 0 global_irq 2 dfl dfl)
[    1.024906] ACPI: INT_SRC_OVR (bus 0 bus_irq 9 global_irq 9 high level)
[    1.024923] ACPI: Using ACPI (MADT) for SMP configuration information
[    1.024936] ACPI: HPET id: 0x8086a701 base: 0xfed00000
[    1.024953] ACPI: SPCR: console: uart,io,0x3f8,115200
[    1.024966] TSC deadline timer available
[    1.024978] smpboot: Allowing 16 CPUs, 0 hotplug CPUs
[    1.025347] PM: hibernation: Registered nosave memory: [mem 0x00000000-0x00000fff]
[    1.025368] PM: hibernation: Registered nosave memory: [mem 0x000a0000-0x000fffff]
[    1.025390] PM: hibernation: Registered nosave memory: [mem 0xbb77a000-0xbcd2dfff]
[    1.025412] PM: hibernation: Registered nosave memory: [mem 0xbd0ec000-0xbd283fff]
[    1.025434] PM: hibernation: Registered nosave memory: [mem 0xbd41c000-0xbd855fff]
[    1.025456] PM: hibernation: Registered nosave memory: [mem 0xbda5e000-0xbdb76fff]
[    1.025479] PM: hibernation: Registered nosave memory: [mem 0xbdc90000-0xbdfbbfff]
[    1.025501] PM: hibernation: Registered nosave memory: [mem 0xbf435000-0xc0635fff]
[    1.025523] PM: hibernation: Registered nosave memory: [mem 0xcba03000-0xcba04fff]
[    1.025546] PM: hibernation: Registered nosave memory: [mem 0xcba06000-0xcba4dfff]
[    1.025568] PM: hibernation: Registered nosave memory: [mem 0xcba4f000-0xcba56fff]
[    1.025591] PM: hibernation: Registered nosave memory: [mem 0xcba58000-0xcd42afff]
[    1.025614] PM: hibernation: Registered nosave memory: [mem 0xcd42c000-0xcd42cfff]
[    1.025637] PM: hibernation: Registered nosave memory: [mem 0xcd42e000-0xcd63ffff]
[    1.025660] PM: hibernation: Registered nosave memory: [mem 0xcd6bf000-0xcd6bffff]
[    1.025683] PM: hibernation: Registered nosave memory: [mem 0xce51f000-0xcf11ffff]
[    1.025706] PM: hibernation: Registered nosave memory: [mem 0xcf133000-0xcf732fff]
[    1.025720] PM: hibernation: Registered nosave memory: [mem 0xcf733000-0xcf733fff]
[    1.025743] PM: hibernation: Registered nosave memory: [mem 0xd27dd000-0xd284dfff]
[    1.025766] PM: hibernation: Registered nosave memory: [mem 0xd2895000-0xd2896fff]
[    1.025790] PM: hibernation: Registered nosave memory: [mem 0xd2977000-0xd2978fff]
[    1.025814] PM: hibernation: Registered nosave memory: [mem 0xd2f55000-0xd2f5dfff]
[    1.025837] PM: hibernation: Registered nosave memory: [mem 0xd34bc000-0xd3abbfff]
[    1.025861] PM: hibernation: Registered nosave memory: [mem 0xd3c60000-0xd3c7bfff]
[    1.025885] PM: hibernation: Registered nosave memory: [mem 0xd69cf000-0xd6ccefff]
[    1.025898] PM: hibernation: Registered nosave memory: [mem 0xd6ccf000-0xd76fefff]
[    1.025912] PM: hibernation: Registered nosave memory: [mem 0xd76ff000-0xd77fefff]
[    1.025935] PM: hibernation: Registered nosave memory: [mem 0xd7800000-0xdfffffff]
[    1.025949] PM: hibernation: Registered nosave memory: [mem 0xe0000000-0xf282ffff]
[    1.025962] PM: hibernation: Registered nosave memory: [mem 0xf2830000-0xf2830fff]
[    1.025976] PM: hibernation: Registered nosave memory: [mem 0xf2831000-0xffffffff]
[    1.025991] [mem 0xe0000000-0xf282ffff] available for PCI devices
[    1.026005] Booting paravirtualized kernel on bare hardware
[    1.026018] clocksource: refined-jiffies: mask: 0xffffffff max_cycles: 0xffffffff, max_idle_ns: 1910969940391419 ns
[    1.039799] setup_percpu: NR_CPUS:8192 nr_cpumask_bits:16 nr_cpu_ids:16 nr_node_ids:2
[    1.039892] percpu: Embedded 54 pages/cpu s183912 r8192 d29080 u262144
[    1.039965] pcpu-alloc: s183912 r8192 d29080 u262144 alloc=1*2097152
[    1.039990] pcpu-alloc: [0] 00 01 02 03 04 05 06 07 [0] 08 09 10 11 12 13 14 15 
[    1.040448] Fallback order for Node 0: 0 
[    1.040484] Built 1 zonelists, mobility grouping on.  Total pages: 65863266
[    1.040497] Policy zone: Normal
[    1.040510] Kernel command line: BOOT_IMAGE=(hd1,gpt2)/vmlinuz-5.17.0-rc8-bf7bd725b022-gbf7bd725b022 root=/dev/mapper/cs-root ro crashkernel=1G-4G:192M,4G-64G:256M,64G-:512M resume=/dev/mapper/cs-swap rd.lvm.lv=cs/root rd.lvm.lv=cs/swap rhgb quiet console=tty0 console=ttyS0,115200n8 intel_iommu=on,sm_on initcall_debug log_buf_len=200M no_console_suspend ignore_loglevel selinux=0 cxl_acpi.dyndbg=+fplm cxl_pci.dyndbg=+fplm cxl_core.dyndbg=+fplm cxl_mem.dyndbg=+fplm cxl_pmem.dyndbg=+fplm cxl_port.dyndbg=+fplm cxl_region.dyndbg=+fplm cxl_test.dyndbg=+fplm cxl_mock.dyndbg=+fplm cxl_mock_mem.dyndbg=+fplm
[    1.040764] DMAR: IOMMU enabled
[    1.040777] DMAR: Enable scalable mode if hardware supports
[    1.041178] Unknown kernel command line parameters "rhgb BOOT_IMAGE=(hd1,gpt2)/vmlinuz-5.17.0-rc8-bf7bd725b022-gbf7bd725b022", will be passed to user space.
[    1.041213] Dentry cache hash table entries: 16777216 (order: 15, 134217728 bytes, linear)
[    1.041244] Inode-cache hash table entries: 8388608 (order: 14, 67108864 bytes, linear)
[    1.041452] mem auto-init: stack:off, heap alloc:off, heap free:off
[    1.936298] Memory: 260967020K/267635512K available (20493K kernel code, 60517K rwdata, 10644K rodata, 2572K init, 24692K bss, 6668288K reserved, 0K cma-reserved)
[    1.939936] SLUB: HWalign=64, Order=0-3, MinObjects=0, CPUs=16, Nodes=2
[    1.939950] kmemleak: Kernel memory leak detector disabled
[    1.939984] ftrace: allocating 62287 entries in 244 pages
[    1.947922] ftrace: allocated 244 pages with 5 groups
[    1.948856] Dynamic Preempt: none
[    1.948951] rcu: Preemptible hierarchical RCU implementation.
[    1.948963] rcu: 	RCU restricting CPUs from NR_CPUS=8192 to nr_cpu_ids=16.
[    1.948976] 	Trampoline variant of Tasks RCU enabled.
[    1.948989] 	Rude variant of Tasks RCU enabled.
[    1.949001] 	Tracing variant of Tasks RCU enabled.
[    1.949013] rcu: RCU calculated value of scheduler-enlistment delay is 100 jiffies.
[    1.949026] rcu: Adjusting geometry for rcu_fanout_leaf=16, nr_cpu_ids=16
[    1.963832] NR_IRQS: 524544, nr_irqs: 552, preallocated irqs: 16
[    1.964587] random: get_random_bytes called from start_kernel+0x4c6/0x69a with crng_init=0
[    1.964650] calling  con_init+0x0/0x22c @ 0
[    1.964680] Console: colour dummy device 80x25
[    1.968050] printk: console [tty0] enabled
[    1.968066] initcall con_init+0x0/0x22c returned 0 after 0 usecs
[    1.968087] calling  hvc_console_init+0x0/0x14 @ 0
[    1.968106] initcall hvc_console_init+0x0/0x14 returned 0 after 0 usecs
[    1.968128] calling  univ8250_console_init+0x0/0x27 @ 0
[    2.781367] printk: console [ttyS0] enabled
[    2.782385] initcall univ8250_console_init+0x0/0x27 returned 0 after 0 usecs
[    2.784070] calling  kgdboc_earlycon_late_init+0x0/0x1d @ 0
[    2.785413] initcall kgdboc_earlycon_late_init+0x0/0x1d returned 0 after 0 usecs
[    2.787213] ACPI: Core revision 20211217
[    2.816747] clocksource: hpet: mask: 0xffffffff max_cycles: 0xffffffff, max_idle_ns: 76450417870 ns
[    2.818911] APIC: Switch to symmetric I/O mode setup
[    2.820171] DMAR: Host address width 52
[    2.821170] DMAR: DRHD base: 0x0017ff40000000 flags: 0x0
[    2.822515] DMAR: dmar0: reg_base_addr 17ff40000000 ver 8:0 cap f9e8008cee730c06 ecap 7bbfef9ea4f0efdf
[    2.824784] DMAR: DRHD base: 0x0017ff80000000 flags: 0x0
[    2.826128] DMAR: dmar1: reg_base_addr 17ff80000000 ver 8:0 cap f9e8008cee730c06 ecap 7bbfef9ea4f0efdf
[    2.828397] DMAR: DRHD base: 0x0017ffc0000000 flags: 0x0
[    2.829742] DMAR: dmar2: reg_base_addr 17ffc0000000 ver 8:0 cap f9e8008cee730c06 ecap 7bbfef9ea4f0efdf
[    2.832010] DMAR: DRHD base: 0x001ffec0000000 flags: 0x0
[    2.833355] DMAR: dmar3: reg_base_addr 1ffec0000000 ver 8:0 cap f9e8008cee730c06 ecap 7bbfef9ea4f0efdf
[    2.835685] DMAR: DRHD base: 0x001fff00000000 flags: 0x0
[    2.837030] DMAR: dmar4: reg_base_addr 1fff00000000 ver 8:0 cap f9e8008cee730c06 ecap 7bbfef9ea4f0efdf
[    2.839298] DMAR: DRHD base: 0x001fff40000000 flags: 0x0
[    2.840655] DMAR: dmar5: reg_base_addr 1fff40000000 ver 8:0 cap f9e8008cee730c06 ecap 7bbfef9ea4f0efdf
[    2.842923] DMAR: DRHD base: 0x001fff80000000 flags: 0x0
[    2.844268] DMAR: dmar6: reg_base_addr 1fff80000000 ver 8:0 cap f9e8008cee730c06 ecap 7bbfef9ea4f0efdf
[    2.846536] DMAR: DRHD base: 0x0017ff00000000 flags: 0x0
[    2.847881] DMAR: dmar7: reg_base_addr 17ff00000000 ver 8:0 cap f9e8008cee730c06 ecap 7bbfef9ea4f0efdf
[    2.850211] DMAR: ATSR flags: 0x1
[    2.851028] DMAR: ATSR flags: 0x1
[    2.851907] DMAR: SATC flags: 0x0
[    2.852786] DMAR: SATC flags: 0x0
[    2.853665] DMAR-IR: IOAPIC id 8 under DRHD base  0x17ff00000000 IOMMU 7
[    2.855329] DMAR-IR: HPET id 0 under DRHD base 0x17ff00000000
[    2.856771] DMAR-IR: Queued invalidation will be enabled to support x2apic and Intr-remapping.
[    2.860937] DMAR-IR: Enabled IRQ remapping in x2apic mode
[    2.863008] ..TIMER: vector=0x30 apic1=0 pin1=2 apic2=-1 pin2=-1
[    2.868932] clocksource: tsc-early: mask: 0xffffffffffffffff max_cycles: 0x22983777dd9, max_idle_ns: 440795300422 ns
[    2.871471] Calibrating delay loop (skipped), value calculated using timer frequency.. 4800.00 BogoMIPS (lpj=2400000)
[    2.872512] pid_max: default: 32768 minimum: 301
MmEntryPoint ...
ClearRasRegister: Success to get RAS policy.
MmEntryPoint Done
[    2.904512] LSM: Security Framework initializing
[    2.905726] Mount-cache hash table entries: 262144 (order: 9, 2097152 bytes, linear)
[    2.906697] Mountpoint-cache hash table entries: 262144 (order: 9, 2097152 bytes, linear)
[    2.907880] x86/cpu: SGX disabled by BIOS.
[    2.908533] x86/tme: not enabled by BIOS
[    2.909512] CPU0: Thermal monitoring enabled (TM1)
[    2.910512] x86/cpu: User Mode Instruction Prevention (UMIP) activated
[    2.911516] process: using mwait in idle threads
[    2.912513] Last level iTLB entries: 4KB 0, 2MB 0, 4MB 0
[    2.913512] Last level dTLB entries: 4KB 0, 2MB 0, 4MB 0, 1GB 0
[    2.914515] Spectre V1 : Mitigation: usercopy/swapgs barriers and __user pointer sanitization
[    2.915518] Spectre V2 : Mitigation: Enhanced IBRS
[    2.916512] Spectre V2 : Spectre v2 / SpectreRSB mitigation: Filling RSB on context switch
[    2.917515] Spectre V2 : mitigation: Enabling conditional Indirect Branch Prediction Barrier
[    2.918518] Speculative Store Bypass: Mitigation: Speculative Store Bypass disabled via prctl
[    2.931613] Freeing SMP alternatives memory: 60K
[    2.932710] smpboot: CPU0: Intel(R) Core TM M7-6Y75 @ 2.00GHZ (family: 0x13, model: 0x0, stepping: 0x0)
[    2.934352] cblist_init_generic: Setting adjustable number of callback queues.
[    2.934512] cblist_init_generic: Setting shift to 4 and lim to 1.
[    2.935652] cblist_init_generic: Setting shift to 4 and lim to 1.
[    2.936663] cblist_init_generic: Setting shift to 4 and lim to 1.
[    2.937649] calling  init_hw_perf_events+0x0/0x61a @ 1
[    2.938512] Performance Events: XSAVE Architectural LBR,  AnyThread deprecated, generic architected perfmon, 32-deep LBR, full-width counters, Intel PMU driver.
[    2.939512] ... version:                6
[    2.940502] ... bit width:              48
[    2.941512] ... generic registers:      8
[    2.942502] ... value mask:             0000ffffffffffff
[    2.943512] ... max period:             00007fffffffffff
[    2.944512] ... fixed-purpose events:   4
[    2.945502] ... event mask:             0001000f000000ff
[    2.946589] initcall init_hw_perf_events+0x0/0x61a returned 0 after 7812 usecs
[    2.947512] calling  init_real_mode+0x0/0x1ee @ 1
[    2.948519] initcall init_real_mode+0x0/0x1ee returned 0 after 0 usecs
[    2.949512] calling  trace_init_perf_perm_irq_work_exit+0x0/0x13 @ 1
[    2.950512] initcall trace_init_perf_perm_irq_work_exit+0x0/0x13 returned 0 after 0 usecs
[    2.951512] calling  register_nmi_cpu_backtrace_handler+0x0/0x16 @ 1
[    2.952512] initcall register_nmi_cpu_backtrace_handler+0x0/0x16 returned 0 after 0 usecs
[    2.953512] calling  kvm_setup_vsyscall_timeinfo+0x0/0xe6 @ 1
[    2.954512] initcall kvm_setup_vsyscall_timeinfo+0x0/0xe6 returned 0 after 0 usecs
[    2.955512] calling  spawn_ksoftirqd+0x0/0x39 @ 1
[    2.956675] initcall spawn_ksoftirqd+0x0/0x39 returned 0 after 0 usecs
[    2.957512] calling  migration_init+0x0/0x32 @ 1
[    2.958512] initcall migration_init+0x0/0x32 returned 0 after 0 usecs
[    2.959512] calling  srcu_bootup_announce+0x0/0x30 @ 1
[    2.960512] rcu: Hierarchical SRCU implementation.
[    2.961512] initcall srcu_bootup_announce+0x0/0x30 returned 0 after 976 usecs
[    2.962512] calling  rcu_spawn_gp_kthread+0x0/0x1c3 @ 1
[    2.963649] initcall rcu_spawn_gp_kthread+0x0/0x1c3 returned 0 after 0 usecs
[    2.964512] calling  check_cpu_stall_init+0x0/0x1b @ 1
[    2.965512] initcall check_cpu_stall_init+0x0/0x1b returned 0 after 0 usecs
[    2.966512] calling  rcu_sysrq_init+0x0/0x22 @ 1
[    2.967512] initcall rcu_sysrq_init+0x0/0x22 returned 0 after 0 usecs
[    2.968512] calling  trace_init_flags_sys_enter+0x0/0xf @ 1
[    2.969512] initcall trace_init_flags_sys_enter+0x0/0xf returned 0 after 0 usecs
[    2.970512] calling  trace_init_flags_sys_exit+0x0/0xf @ 1
[    2.971512] initcall trace_init_flags_sys_exit+0x0/0xf returned 0 after 0 usecs
[    2.972512] calling  cpu_stop_init+0x0/0xa7 @ 1
[    2.973685] initcall cpu_stop_init+0x0/0xa7 returned 0 after 0 usecs
[    2.974544] calling  init_kprobes+0x0/0x183 @ 1
[    2.975898] initcall init_kprobes+0x0/0x183 returned 0 after 0 usecs
[    2.976512] calling  init_events+0x0/0x40 @ 1
[    2.977535] initcall init_events+0x0/0x40 returned 0 after 0 usecs
[    2.978512] calling  init_trace_printk+0x0/0xc @ 1
[    2.979512] initcall init_trace_printk+0x0/0xc returned 0 after 0 usecs
[    2.980512] calling  event_trace_enable_again+0x0/0x3e @ 1
[    2.981512] initcall event_trace_enable_again+0x0/0x3e returned 0 after 0 usecs
[    2.982512] calling  irq_work_init_threads+0x0/0x3 @ 1
[    2.983512] initcall irq_work_init_threads+0x0/0x3 returned 0 after 0 usecs
[    2.984512] calling  static_call_init+0x0/0x7f @ 1
[    2.985512] initcall static_call_init+0x0/0x7f returned 0 after 0 usecs
[    2.986512] calling  init_zero_pfn+0x0/0x38 @ 1
[    2.987512] initcall init_zero_pfn+0x0/0x38 returned 0 after 0 usecs
[    2.988512] calling  init_fs_inode_sysctls+0x0/0x22 @ 1
[    2.989513] initcall init_fs_inode_sysctls+0x0/0x22 returned 0 after 0 usecs
[    2.990512] calling  init_fs_locks_sysctls+0x0/0x22 @ 1
[    2.991513] initcall init_fs_locks_sysctls+0x0/0x22 returned 0 after 0 usecs
[    2.992512] calling  dynamic_debug_init+0x0/0x159 @ 1
[    2.993821] initcall dynamic_debug_init+0x0/0x159 returned 0 after 0 usecs
[    2.994512] calling  initialize_ptr_random+0x0/0x44 @ 1
[    2.995512] initcall initialize_ptr_random+0x0/0x44 returned 0 after 0 usecs
[    2.996512] calling  mce_amd_init+0x0/0x1f3 @ 1
[    2.997512] initcall mce_amd_init+0x0/0x1f3 returned -19 after 0 usecs
[    2.998512] calling  efi_memreserve_root_init+0x0/0x26 @ 1
[    2.999512] initcall efi_memreserve_root_init+0x0/0x26 returned 0 after 0 usecs
[    3.000512] calling  efi_earlycon_remap_fb+0x0/0x4e @ 1
[    3.001512] initcall efi_earlycon_remap_fb+0x0/0x4e returned 0 after 0 usecs
[    3.002512] calling  idle_inject_init+0x0/0x11 @ 1
[    3.003685] initcall idle_inject_init+0x0/0x11 returned 0 after 0 usecs
[    3.005546] smp: Bringing up secondary CPUs ...
[    3.007358] x86: Booting SMP configuration:
[    3.007544] .... node  #0, CPUs:        #1  #2  #3  #4
[    0.871949] smpboot: CPU 4 Converting physical 32 to logical die 2
[    3.067769]   #5  #6
[    0.871949] smpboot: CPU 6 Converting physical 33 to logical die 3
[    3.100938]   #7  #8
[    0.871949] smpboot: CPU 8 Converting physical 64 to logical die 4
[    3.134006]   #9 #10
[    0.871949] smpboot: CPU 10 Converting physical 65 to logical die 5
[    3.167072]  #11 #12
[    0.871949] smpboot: CPU 12 Converting physical 96 to logical die 6
[    3.200042]  #13 #14
[    0.871949] smpboot: CPU 14 Converting physical 97 to logical die 7
[    3.233097]  #15
[    3.243984] smp: Brought up 1 node, 16 CPUs
[    3.245512] smpboot: Max logical packages: 1
[    3.246512] smpboot: Total of 16 processors activated (76800.00 BogoMIPS)
[    3.248030] BUG: arch topology borken
[    3.248512]      the CLS domain not a subset of the MC domain
[    3.249516] BUG: arch topology borken
[    3.250412]      the CLS domain not a subset of the MC domain
[    3.250516] BUG: arch topology borken
[    3.251412]      the CLS domain not a subset of the MC domain
[    3.251537] BUG: arch topology borken
[    3.252433]      the CLS domain not a subset of the MC domain
[    3.252516] BUG: arch topology borken
[    3.253412]      the CLS domain not a subset of the MC domain
[    3.253516] BUG: arch topology borken
[    3.254412]      the CLS domain not a subset of the MC domain
[    3.254516] BUG: arch topology borken
[    3.255412]      the CLS domain not a subset of the MC domain
[    3.255516] BUG: arch topology borken
[    3.256412]      the CLS domain not a subset of the MC domain
[    3.256516] BUG: arch topology borken
[    3.257412]      the CLS domain not a subset of the MC domain
[    3.257516] BUG: arch topology borken
[    3.258412]      the CLS domain not a subset of the MC domain
[    3.258516] BUG: arch topology borken
[    3.259412]      the CLS domain not a subset of the MC domain
[    3.259516] BUG: arch topology borken
[    3.260412]      the CLS domain not a subset of the MC domain
[    3.260516] BUG: arch topology borken
[    3.261412]      the CLS domain not a subset of the MC domain
[    3.261516] BUG: arch topology borken
[    3.262412]      the CLS domain not a subset of the MC domain
[    3.262516] BUG: arch topology borken
[    3.263412]      the CLS domain not a subset of the MC domain
[    3.263516] BUG: arch topology borken
[    3.264412]      the CLS domain not a subset of the MC domain
[    3.276624] devtmpfs: initialized
[    3.277606] x86/mm: Memory block size: 2048MB
[    3.282883] calling  bpf_jit_charge_init+0x0/0x3c @ 1
[    3.283512] initcall bpf_jit_charge_init+0x0/0x3c returned 0 after 0 usecs
[    3.284512] calling  ipc_ns_init+0x0/0x3f @ 1
[    3.285513] initcall ipc_ns_init+0x0/0x3f returned 0 after 0 usecs
[    3.286512] calling  init_mmap_min_addr+0x0/0x27 @ 1
[    3.287512] initcall init_mmap_min_addr+0x0/0x27 returned 0 after 0 usecs
[    3.288512] calling  pci_realloc_setup_params+0x0/0x41 @ 1
[    3.289512] initcall pci_realloc_setup_params+0x0/0x41 returned 0 after 0 usecs
[    3.290512] calling  net_ns_init+0x0/0x111 @ 1
[    3.291551] initcall net_ns_init+0x0/0x111 returned 0 after 0 usecs
[    3.292543] calling  inet_frag_wq_init+0x0/0x3d @ 1
[    3.293584] initcall inet_frag_wq_init+0x0/0x3d returned 0 after 0 usecs
[    3.295017] calling  e820__register_nvs_regions+0x0/0x38 @ 1
[    3.295512] ACPI: PM: Registering ACPI NVS region [mem 0xcd6bf000-0xcd6bffff] (4096 bytes)
[    3.296512] ACPI: PM: Registering ACPI NVS region [mem 0xce51f000-0xcf11ffff] (12587008 bytes)
[    3.298387] ACPI: PM: Registering ACPI NVS region [mem 0xcf733000-0xcf733fff] (4096 bytes)
[    3.298512] ACPI: PM: Registering ACPI NVS region [mem 0xd6ccf000-0xd76fefff] (10682368 bytes)
[    3.300272] initcall e820__register_nvs_regions+0x0/0x38 returned 0 after 3906 usecs
[    3.300512] calling  cpufreq_register_tsc_scaling+0x0/0x2a @ 1
[    3.301512] initcall cpufreq_register_tsc_scaling+0x0/0x2a returned 0 after 0 usecs
[    3.302512] calling  reboot_init+0x0/0x3d @ 1
[    3.303518] initcall reboot_init+0x0/0x3d returned 0 after 0 usecs
[    3.304512] calling  init_lapic_sysfs+0x0/0x21 @ 1
[    3.305512] initcall init_lapic_sysfs+0x0/0x21 returned 0 after 0 usecs
[    3.306512] calling  alloc_frozen_cpus+0x0/0x1e @ 1
[    3.307512] initcall alloc_frozen_cpus+0x0/0x1e returned 0 after 0 usecs
[    3.308512] calling  cpu_hotplug_pm_sync_init+0x0/0x14 @ 1
[    3.309512] initcall cpu_hotplug_pm_sync_init+0x0/0x14 returned 0 after 0 usecs
[    3.310512] calling  wq_sysfs_init+0x0/0x2b @ 1
[    3.311542] initcall wq_sysfs_init+0x0/0x2b returned 0 after 0 usecs
[    3.312512] calling  ksysfs_init+0x0/0x93 @ 1
[    3.313521] initcall ksysfs_init+0x0/0x93 returned 0 after 0 usecs
[    3.314512] calling  schedutil_gov_init+0x0/0x11 @ 1
[    3.315512] initcall schedutil_gov_init+0x0/0x11 returned 0 after 0 usecs
[    3.316512] calling  pm_init+0x0/0x73 @ 1
[    3.317549] initcall pm_init+0x0/0x73 returned 0 after 0 usecs
[    3.318512] calling  pm_disk_init+0x0/0x18 @ 1
[    3.319516] initcall pm_disk_init+0x0/0x18 returned 0 after 0 usecs
[    3.320512] calling  swsusp_header_init+0x0/0x2c @ 1
[    3.321513] initcall swsusp_header_init+0x0/0x2c returned 0 after 0 usecs
[    3.322512] calling  rcu_set_runtime_mode+0x0/0x17 @ 1
[    3.323514] initcall rcu_set_runtime_mode+0x0/0x17 returned 0 after 0 usecs
[    3.324512] calling  init_jiffies_clocksource+0x0/0x18 @ 1
[    3.325512] clocksource: jiffies: mask: 0xffffffff max_cycles: 0xffffffff, max_idle_ns: 1911260446275000 ns
[    3.326512] initcall init_jiffies_clocksource+0x0/0x18 returned 0 after 976 usecs
[    3.327512] calling  futex_init+0x0/0xfe @ 1
[    3.328513] futex hash table entries: 4096 (order: 6, 262144 bytes, linear)
[    3.329559] initcall futex_init+0x0/0xfe returned 0 after 976 usecs
[    3.330512] calling  cgroup_wq_init+0x0/0x29 @ 1
[    3.331516] initcall cgroup_wq_init+0x0/0x29 returned 0 after 0 usecs
[    3.332512] calling  cgroup1_wq_init+0x0/0x29 @ 1
[    3.333516] initcall cgroup1_wq_init+0x0/0x29 returned 0 after 0 usecs
[    3.334512] calling  ftrace_mod_cmd_init+0x0/0xc @ 1
[    3.335512] initcall ftrace_mod_cmd_init+0x0/0xc returned 0 after 0 usecs
[    3.336512] calling  init_wakeup_tracer+0x0/0x2d @ 1
[    3.337513] initcall init_wakeup_tracer+0x0/0x2d returned 0 after 0 usecs
[    3.338512] calling  init_graph_trace+0x0/0x5d @ 1
[    3.339544] initcall init_graph_trace+0x0/0x5d returned 0 after 0 usecs
[    3.340512] calling  trace_events_eprobe_init_early+0x0/0x23 @ 1
[    3.341512] initcall trace_events_eprobe_init_early+0x0/0x23 returned 0 after 0 usecs
[    3.342512] calling  trace_events_synth_init_early+0x0/0x23 @ 1
[    3.343512] initcall trace_events_synth_init_early+0x0/0x23 returned 0 after 0 usecs
[    3.344512] calling  init_kprobe_trace_early+0x0/0x26 @ 1
[    3.345512] initcall init_kprobe_trace_early+0x0/0x26 returned 0 after 0 usecs
[    3.346512] calling  mem_cgroup_swap_init+0x0/0x56 @ 1
[    3.347513] initcall mem_cgroup_swap_init+0x0/0x56 returned 0 after 0 usecs
[    3.348512] calling  memory_failure_init+0x0/0xc1 @ 1
[    3.349513] initcall memory_failure_init+0x0/0xc1 returned 0 after 0 usecs
[    3.350512] calling  cma_init_reserved_areas+0x0/0x1e6 @ 1
[    3.351512] initcall cma_init_reserved_areas+0x0/0x1e6 returned 0 after 0 usecs
[    3.352512] calling  fsnotify_init+0x0/0x49 @ 1
[    3.353518] initcall fsnotify_init+0x0/0x49 returned 0 after 0 usecs
[    3.354512] calling  filelock_init+0x0/0xb8 @ 1
[    3.355531] initcall filelock_init+0x0/0xb8 returned 0 after 0 usecs
[    3.356512] calling  init_script_binfmt+0x0/0x16 @ 1
[    3.357512] initcall init_script_binfmt+0x0/0x16 returned 0 after 0 usecs
[    3.358512] calling  init_elf_binfmt+0x0/0x16 @ 1
[    3.359512] initcall init_elf_binfmt+0x0/0x16 returned 0 after 0 usecs
[    3.360512] calling  init_compat_elf_binfmt+0x0/0x16 @ 1
[    3.361512] initcall init_compat_elf_binfmt+0x0/0x16 returned 0 after 0 usecs
[    3.362512] calling  configfs_init+0x0/0x94 @ 1
[    3.363514] initcall configfs_init+0x0/0x94 returned 0 after 0 usecs
[    3.364512] calling  debugfs_init+0x0/0x5d @ 1
[    3.365513] initcall debugfs_init+0x0/0x5d returned 0 after 0 usecs
[    3.366512] calling  tracefs_init+0x0/0x3b @ 1
[    3.367524] initcall tracefs_init+0x0/0x3b returned 0 after 0 usecs
[    3.368512] calling  securityfs_init+0x0/0x69 @ 1
[    3.369524] initcall securityfs_init+0x0/0x69 returned 0 after 0 usecs
[    3.370512] calling  register_xor_blocks+0x0/0x9d @ 1
[    3.371512] initcall register_xor_blocks+0x0/0x9d returned 0 after 0 usecs
[    3.372512] calling  prandom_init_early+0x0/0x155 @ 1
[    3.373513] initcall prandom_init_early+0x0/0x155 returned 0 after 0 usecs
[    3.374512] calling  pinctrl_init+0x0/0xae @ 1
[    3.375512] pinctrl core: initialized pinctrl subsystem
[    3.376540] initcall pinctrl_init+0x0/0xae returned 0 after 976 usecs
[    3.377512] calling  gpiolib_dev_init+0x0/0xfd @ 1
[    3.378524] initcall gpiolib_dev_init+0x0/0xfd returned 0 after 0 usecs
[    3.379512] calling  virtio_init+0x0/0x20 @ 1
[    3.380519] initcall virtio_init+0x0/0x20 returned 0 after 0 usecs
[    3.381512] calling  iommu_init+0x0/0x30 @ 1
[    3.382515] 
[    3.382908] *************************************************************
[    3.383512] **     NOTICE NOTICE NOTICE NOTICE NOTICE NOTICE NOTICE    **
[    3.384512] **                                                         **
[    3.385512] **  IOMMU DebugFS SUPPORT HAS BEEN ENABLED IN THIS KERNEL  **
[    3.386512] **                                                         **
[    3.387512] ** This means that this kernel is built to expose internal **
[    3.388512] ** IOMMU data structures, which may compromise security on **
[    3.389512] ** your system.                                            **
[    3.390512] **                                                         **
[    3.391512] ** If you see this message and you are not debugging the   **
[    3.392512] ** kernel, report this immediately to your vendor!         **
[    3.393512] **                                                         **
[    3.394512] **     NOTICE NOTICE NOTICE NOTICE NOTICE NOTICE NOTICE    **
[    3.395512] *************************************************************
[    3.396512] initcall iommu_init+0x0/0x30 returned 0 after 13671 usecs
[    3.397512] calling  component_debug_init+0x0/0x1d @ 1
[    3.398514] initcall component_debug_init+0x0/0x1d returned 0 after 0 usecs
[    3.399512] calling  opp_debug_init+0x0/0x1d @ 1
[    3.400514] initcall opp_debug_init+0x0/0x1d returned 0 after 0 usecs
[    3.401512] calling  cpufreq_core_init+0x0/0x63 @ 1
[    3.402544] initcall cpufreq_core_init+0x0/0x63 returned 0 after 0 usecs
[    3.403512] calling  cpufreq_gov_performance_init+0x0/0x11 @ 1
[    3.404512] initcall cpufreq_gov_performance_init+0x0/0x11 returned 0 after 0 usecs
[    3.405512] calling  cpufreq_gov_powersave_init+0x0/0x11 @ 1
[    3.406512] initcall cpufreq_gov_powersave_init+0x0/0x11 returned 0 after 0 usecs
[    3.407512] calling  cpufreq_gov_userspace_init+0x0/0x11 @ 1
[    3.408512] initcall cpufreq_gov_userspace_init+0x0/0x11 returned 0 after 0 usecs
[    3.409512] calling  CPU_FREQ_GOV_ONDEMAND_init+0x0/0x11 @ 1
[    3.410512] initcall CPU_FREQ_GOV_ONDEMAND_init+0x0/0x11 returned 0 after 0 usecs
[    3.411512] calling  CPU_FREQ_GOV_CONSERVATIVE_init+0x0/0x11 @ 1
[    3.412512] initcall CPU_FREQ_GOV_CONSERVATIVE_init+0x0/0x11 returned 0 after 0 usecs
[    3.413512] calling  cpuidle_init+0x0/0x20 @ 1
[    3.414516] initcall cpuidle_init+0x0/0x20 returned 0 after 0 usecs
[    3.415512] calling  capsule_reboot_register+0x0/0x11 @ 1
[    3.416512] initcall capsule_reboot_register+0x0/0x11 returned 0 after 0 usecs
[    3.417512] calling  sock_init+0x0/0x94 @ 1
[    3.419155] initcall sock_init+0x0/0x94 returned 0 after 0 usecs
[    3.419512] calling  net_inuse_init+0x0/0x24 @ 1
[    3.420513] initcall net_inuse_init+0x0/0x24 returned 0 after 0 usecs
[    3.421512] calling  net_defaults_init+0x0/0x24 @ 1
[    3.422512] initcall net_defaults_init+0x0/0x24 returned 0 after 0 usecs
[    3.423512] calling  init_default_flow_dissectors+0x0/0x50 @ 1
[    3.424512] initcall init_default_flow_dissectors+0x0/0x50 returned 0 after 0 usecs
[    3.425512] calling  netpoll_init+0x0/0x46 @ 1
[    3.426512] initcall netpoll_init+0x0/0x46 returned 0 after 0 usecs
[    3.427512] calling  netlink_proto_init+0x0/0x17f @ 1
[    3.428540] NET: Registered PF_NETLINK/PF_ROUTE protocol family
[    3.429518] initcall netlink_proto_init+0x0/0x17f returned 0 after 976 usecs
[    3.430512] calling  genl_init+0x0/0x36 @ 1
[    3.431514] initcall genl_init+0x0/0x36 returned 0 after 0 usecs
[    3.432512] calling  bsp_pm_check_init+0x0/0x14 @ 1
[    3.433512] initcall bsp_pm_check_init+0x0/0x14 returned 0 after 0 usecs
[    3.434986] calling  irq_sysfs_init+0x0/0x94 @ 1
[    3.435739] initcall irq_sysfs_init+0x0/0x94 returned 0 after 0 usecs
[    3.436512] calling  audit_init+0x0/0x1c6 @ 1
[    3.437513] audit: initializing netlink subsys (disabled)
[    3.438536] initcall audit_init+0x0/0x1c6 returned 0 after 976 usecs
[    3.438536] audit: type=2000 audit(1622937246.603:1): state=initialized audit_enabled=0 res=1
[    3.439543] calling  release_early_probes+0x0/0x38 @ 1
[    3.441512] initcall release_early_probes+0x0/0x38 returned 0 after 0 usecs
[    3.442512] calling  bdi_class_init+0x0/0x49 @ 1
[    3.443516] initcall bdi_class_init+0x0/0x49 returned 0 after 0 usecs
[    3.444512] calling  mm_sysfs_init+0x0/0x29 @ 1
[    3.445513] initcall mm_sysfs_init+0x0/0x29 returned 0 after 0 usecs
[    3.446512] calling  init_per_zone_wmark_min+0x0/0x26 @ 1
[    3.447517] initcall init_per_zone_wmark_min+0x0/0x26 returned 0 after 0 usecs
[    3.448512] calling  mpi_init+0x0/0x50 @ 1
[    3.449513] initcall mpi_init+0x0/0x50 returned 0 after 0 usecs
[    3.450512] calling  kobject_uevent_init+0x0/0xc @ 1
[    3.451514] initcall kobject_uevent_init+0x0/0xc returned 0 after 0 usecs
[    3.452512] calling  gpiolib_sysfs_init+0x0/0xa0 @ 1
[    3.453516] initcall gpiolib_sysfs_init+0x0/0xa0 returned 0 after 0 usecs
[    3.454512] calling  acpi_gpio_setup_params+0x0/0x68 @ 1
[    3.455513] initcall acpi_gpio_setup_params+0x0/0x68 returned 0 after 0 usecs
[    3.456512] calling  pcibus_class_init+0x0/0x18 @ 1
[    3.457515] initcall pcibus_class_init+0x0/0x18 returned 0 after 0 usecs
[    3.458512] calling  pci_driver_init+0x0/0x22 @ 1
[    3.459538] initcall pci_driver_init+0x0/0x22 returned 0 after 0 usecs
[    3.460512] calling  backlight_class_init+0x0/0xa6 @ 1
[    3.461515] initcall backlight_class_init+0x0/0xa6 returned 0 after 0 usecs
[    3.462512] calling  tty_class_init+0x0/0x34 @ 1
[    3.463515] initcall tty_class_init+0x0/0x34 returned 0 after 0 usecs
[    3.464512] calling  vtconsole_class_init+0x0/0xd8 @ 1
[    3.465574] initcall vtconsole_class_init+0x0/0xd8 returned 0 after 0 usecs
[    3.466512] calling  iommu_dev_init+0x0/0x18 @ 1
[    3.467515] initcall iommu_dev_init+0x0/0x18 returned 0 after 0 usecs
[    3.468512] calling  mipi_dsi_bus_init+0x0/0x11 @ 1
[    3.469519] initcall mipi_dsi_bus_init+0x0/0x11 returned 0 after 0 usecs
[    3.470512] calling  devlink_class_init+0x0/0x41 @ 1
[    3.471515] initcall devlink_class_init+0x0/0x41 returned 0 after 0 usecs
[    3.472512] calling  software_node_init+0x0/0x2b @ 1
[    3.473513] initcall software_node_init+0x0/0x2b returned 0 after 0 usecs
[    3.474512] calling  wakeup_sources_debugfs_init+0x0/0x24 @ 1
[    3.475514] initcall wakeup_sources_debugfs_init+0x0/0x24 returned 0 after 0 usecs
[    3.476512] calling  wakeup_sources_sysfs_init+0x0/0x30 @ 1
[    3.477515] initcall wakeup_sources_sysfs_init+0x0/0x30 returned 0 after 0 usecs
[    3.478512] calling  register_node_type+0x0/0x2f @ 1
[    3.479545] initcall register_node_type+0x0/0x2f returned 0 after 0 usecs
[    3.480512] calling  regmap_initcall+0x0/0xd @ 1
[    3.481514] initcall regmap_initcall+0x0/0xd returned 0 after 0 usecs
[    3.482512] calling  syscon_init+0x0/0x13 @ 1
[    3.483517] initcall syscon_init+0x0/0x13 returned 0 after 0 usecs
[    3.484512] calling  spi_init+0x0/0x99 @ 1
[    3.485522] initcall spi_init+0x0/0x99 returned 0 after 0 usecs
[    3.486512] calling  i2c_init+0x0/0xbf @ 1
[    3.487525] initcall i2c_init+0x0/0xbf returned 0 after 0 usecs
[    3.488512] calling  thermal_init+0x0/0x136 @ 1
[    3.489518] thermal_sys: Registered thermal governor 'step_wise'
[    3.489530] thermal_sys: Registered thermal governor 'user_space'
[    3.490515] initcall thermal_init+0x0/0x136 returned 0 after 976 usecs
[    3.492512] calling  init_ladder+0x0/0x24 @ 1
[    3.493634] cpuidle: using governor ladder
[    3.494543] initcall init_ladder+0x0/0x24 returned 0 after 976 usecs
[    3.495512] calling  init_menu+0x0/0x11 @ 1
[    3.496579] cpuidle: using governor menu
[    3.497543] initcall init_menu+0x0/0x11 returned 0 after 976 usecs
[    3.498512] calling  init_haltpoll+0x0/0x1d @ 1
[    3.499512] initcall init_haltpoll+0x0/0x1d returned 0 after 0 usecs
[    3.500512] calling  pcc_init+0x0/0x8d @ 1
[    3.501513] initcall pcc_init+0x0/0x8d returned -19 after 0 usecs
[    3.502512] calling  amd_postcore_init+0x0/0x11a @ 1
[    3.503512] initcall amd_postcore_init+0x0/0x11a returned 0 after 0 usecs
[    3.504986] calling  bts_init+0x0/0xbb @ 1
[    3.505513] initcall bts_init+0x0/0xbb returned 0 after 0 usecs
[    3.506512] calling  pt_init+0x0/0x33c @ 1
[    3.508565] initcall pt_init+0x0/0x33c returned 0 after 976 usecs
[    3.509543] calling  boot_params_ksysfs_init+0x0/0x2cb @ 1
[    3.510515] initcall boot_params_ksysfs_init+0x0/0x2cb returned 0 after 0 usecs
[    3.511512] calling  sbf_init+0x0/0xce @ 1
[    3.512512] initcall sbf_init+0x0/0xce returned 0 after 0 usecs
[    3.513512] calling  arch_kdebugfs_init+0x0/0x1d @ 1
[    3.514514] initcall arch_kdebugfs_init+0x0/0x1d returned 0 after 0 usecs
[    3.515512] calling  xfd_update_static_branch+0x0/0x59 @ 1
[    3.516512] initcall xfd_update_static_branch+0x0/0x59 returned 0 after 0 usecs
[    3.517512] calling  intel_pconfig_init+0x0/0x82 @ 1
[    3.518512] initcall intel_pconfig_init+0x0/0x82 returned 0 after 0 usecs
[    3.519512] calling  mtrr_if_init+0x0/0x5e @ 1
[    3.520513] initcall mtrr_if_init+0x0/0x5e returned 0 after 0 usecs
[    3.521512] calling  activate_jump_labels+0x0/0x32 @ 1
[    3.522512] initcall activate_jump_labels+0x0/0x32 returned 0 after 0 usecs
[    3.523512] calling  ffh_cstate_init+0x0/0x31 @ 1
[    3.524513] initcall ffh_cstate_init+0x0/0x31 returned 0 after 0 usecs
[    3.525512] calling  kvm_alloc_cpumask+0x0/0x98 @ 1
[    3.526512] initcall kvm_alloc_cpumask+0x0/0x98 returned 0 after 0 usecs
[    3.527512] calling  activate_jump_labels+0x0/0x32 @ 1
[    3.528543] initcall activate_jump_labels+0x0/0x32 returned 0 after 0 usecs
[    3.529512] calling  gigantic_pages_init+0x0/0x20 @ 1
[    3.530515] initcall gigantic_pages_init+0x0/0x20 returned 0 after 0 usecs
[    3.531512] calling  kcmp_cookies_init+0x0/0x38 @ 1
[    3.532514] initcall kcmp_cookies_init+0x0/0x38 returned 0 after 0 usecs
[    3.533512] calling  cryptomgr_init+0x0/0x11 @ 1
[    3.534512] initcall cryptomgr_init+0x0/0x11 returned 0 after 0 usecs
[    3.535512] calling  acpi_pci_init+0x0/0x4f @ 1
[    3.536512] acpiphp: ACPI Hot Plug PCI Controller Driver version: 0.5
[    3.537512] initcall acpi_pci_init+0x0/0x4f returned 0 after 976 usecs
[    3.538512] calling  dma_channel_table_init+0x0/0xca @ 1
[    3.539528] initcall dma_channel_table_init+0x0/0xca returned 0 after 0 usecs
[    3.540512] calling  dma_bus_init+0x0/0x10d @ 1
[    3.541563] initcall dma_bus_init+0x0/0x10d returned 0 after 0 usecs
[    3.542512] calling  iommu_dma_init+0x0/0x10 @ 1
[    3.543513] initcall iommu_dma_init+0x0/0x10 returned 0 after 0 usecs
[    3.544512] calling  dmi_id_init+0x0/0x37d @ 1
[    3.545574] initcall dmi_id_init+0x0/0x37d returned 0 after 0 usecs
[    3.546512] calling  pci_arch_init+0x0/0x72 @ 1
[    3.547665] PCI: MMCONFIG for domain 0000 [bus 00-ff] at [mem 0x100000000000-0x10000fffffff] (base 0x100000000000)
[    3.548513] PCI: MMCONFIG for domain 0001 [bus 00-ff] at [mem 0x100010000000-0x10001fffffff] (base 0x100010000000)
[    3.549513] PCI: MMCONFIG at [mem 0x100000000000-0x10000fffffff] reserved in E820
[    3.550544] PCI: MMCONFIG at [mem 0x100010000000-0x10001fffffff] reserved in E820
[    3.551593] PCI: Using configuration type 1 for base access
[    3.552518] initcall pci_arch_init+0x0/0x72 returned 0 after 4882 usecs
[    3.553512] calling  of_platform_default_populate_init+0x0/0xb7 @ 1
[    3.554512] initcall of_platform_default_populate_init+0x0/0xb7 returned -19 after 0 usecs
[    3.555986] calling  init_vdso+0x0/0x14 @ 1
[    3.556523] initcall init_vdso+0x0/0x14 returned 0 after 0 usecs
[    3.557512] calling  sysenter_setup+0x0/0x14 @ 1
[    3.558529] initcall sysenter_setup+0x0/0x14 returned 0 after 0 usecs
[    3.559512] calling  fixup_ht_bug+0x0/0xa8 @ 1
[    3.560512] initcall fixup_ht_bug+0x0/0xa8 returned 0 after 0 usecs
[    3.561512] calling  topology_init+0x0/0xd2 @ 1
[    3.564346] initcall topology_init+0x0/0xd2 returned 0 after 976 usecs
[    3.564544] calling  intel_epb_init+0x0/0x84 @ 1
[    3.565538] ENERGY_PERF_BIAS: Set to 'normal', was 'performance'
[    3.567564] initcall intel_epb_init+0x0/0x84 returned 0 after 1953 usecs
[    3.568543] calling  mtrr_init_finialize+0x0/0x3f @ 1
[    3.569512] initcall mtrr_init_finialize+0x0/0x3f returned 0 after 0 usecs
[    3.570512] calling  uid_cache_init+0x0/0xbb @ 1
[    3.571515] initcall uid_cache_init+0x0/0xbb returned 0 after 0 usecs
[    3.572512] calling  param_sysfs_init+0x0/0x1b2 @ 1
[    3.579312] initcall param_sysfs_init+0x0/0x1b2 returned 0 after 4882 usecs
[    3.579512] calling  user_namespace_sysctl_init+0x0/0xcf @ 1
[    3.580522] initcall user_namespace_sysctl_init+0x0/0xcf returned 0 after 0 usecs
[    3.581512] calling  proc_schedstat_init+0x0/0x25 @ 1
[    3.582513] initcall proc_schedstat_init+0x0/0x25 returned 0 after 0 usecs
[    3.583537] calling  pm_sysrq_init+0x0/0x19 @ 1
[    3.584597] initcall pm_sysrq_init+0x0/0x19 returned 0 after 0 usecs
[    3.585543] calling  create_proc_profile+0x0/0xd0 @ 1
[    3.586512] initcall create_proc_profile+0x0/0xd0 returned 0 after 0 usecs
[    3.587540] calling  crash_save_vmcoreinfo_init+0x0/0x675 @ 1
[    3.588569] initcall crash_save_vmcoreinfo_init+0x0/0x675 returned 0 after 0 usecs
[    3.589512] calling  crash_notes_memory_init+0x0/0x36 @ 1
[    3.590513] initcall crash_notes_memory_init+0x0/0x36 returned 0 after 0 usecs
[    3.591543] calling  cgroup_sysfs_init+0x0/0x18 @ 1
[    3.592514] initcall cgroup_sysfs_init+0x0/0x18 returned 0 after 0 usecs
[    3.593512] calling  cgroup_namespaces_init+0x0/0x8 @ 1
[    3.594512] initcall cgroup_namespaces_init+0x0/0x8 returned 0 after 0 usecs
[    3.595512] calling  user_namespaces_init+0x0/0x2d @ 1
[    3.596515] initcall user_namespaces_init+0x0/0x2d returned 0 after 0 usecs
[    3.597512] calling  init_optprobes+0x0/0x15 @ 1
[    3.598512] kprobes: kprobe jump-optimization is enabled. All kprobes are optimized if possible.
[    3.599512] initcall init_optprobes+0x0/0x15 returned 0 after 976 usecs
[    3.600512] calling  send_signal_irq_work_init+0x0/0x60 @ 1
[    3.601512] initcall send_signal_irq_work_init+0x0/0x60 returned 0 after 0 usecs
[    3.602512] calling  dev_map_init+0x0/0x52 @ 1
[    3.603513] initcall dev_map_init+0x0/0x52 returned 0 after 0 usecs
[    3.604512] calling  cpu_map_init+0x0/0x46 @ 1
[    3.605512] initcall cpu_map_init+0x0/0x46 returned 0 after 0 usecs
[    3.606512] calling  netns_bpf_init+0x0/0x11 @ 1
[    3.607512] initcall netns_bpf_init+0x0/0x11 returned 0 after 0 usecs
[    3.608512] calling  oom_init+0x0/0x30 @ 1
[    3.609534] initcall oom_init+0x0/0x30 returned 0 after 0 usecs
[    3.610554] calling  default_bdi_init+0x0/0xa8 @ 1
[    3.611572] initcall default_bdi_init+0x0/0xa8 returned 0 after 0 usecs
[    3.612543] calling  cgwb_init+0x0/0x29 @ 1
[    3.613516] initcall cgwb_init+0x0/0x29 returned 0 after 0 usecs
[    3.614512] calling  percpu_enable_async+0x0/0xf @ 1
[    3.615512] initcall percpu_enable_async+0x0/0xf returned 0 after 0 usecs
[    3.616512] calling  kcompactd_init+0x0/0x92 @ 1
[    3.617534] initcall kcompactd_init+0x0/0x92 returned 0 after 0 usecs
[    3.618543] calling  init_user_reserve+0x0/0x40 @ 1
[    3.619512] initcall init_user_reserve+0x0/0x40 returned 0 after 0 usecs
[    3.620512] calling  init_admin_reserve+0x0/0x40 @ 1
[    3.621512] initcall init_admin_reserve+0x0/0x40 returned 0 after 0 usecs
[    3.622512] calling  init_reserve_notifier+0x0/0x1f @ 1
[    3.623512] initcall init_reserve_notifier+0x0/0x1f returned 0 after 0 usecs
[    3.624512] calling  swap_init_sysfs+0x0/0x63 @ 1
[    3.625514] initcall swap_init_sysfs+0x0/0x63 returned 0 after 0 usecs
[    3.626512] calling  swapfile_init+0x0/0x90 @ 1
[    3.627512] initcall swapfile_init+0x0/0x90 returned 0 after 0 usecs
[    3.628512] calling  hugetlb_init+0x0/0x4da @ 1
[    3.629516] HugeTLB registered 1.00 GiB page size, pre-allocated 0 pages
[    3.630513] HugeTLB registered 2.00 MiB page size, pre-allocated 0 pages
[    3.631561] initcall hugetlb_init+0x0/0x4da returned 0 after 1953 usecs
[    3.632512] calling  ksm_init+0x0/0x197 @ 1
[    3.633539] initcall ksm_init+0x0/0x197 returned 0 after 0 usecs
[    3.634543] calling  numa_init_sysfs+0x0/0x63 @ 1
[    3.635514] initcall numa_init_sysfs+0x0/0x63 returned 0 after 0 usecs
[    3.636512] calling  hugepage_init+0x0/0x137 @ 1
[    3.637550] initcall hugepage_init+0x0/0x137 returned 0 after 0 usecs
[    3.638543] calling  mem_cgroup_init+0x0/0x157 @ 1
[    3.639513] initcall mem_cgroup_init+0x0/0x157 returned 0 after 0 usecs
[    3.640512] calling  io_wq_init+0x0/0x39 @ 1
[    3.641512] initcall io_wq_init+0x0/0x39 returned 0 after 0 usecs
[    3.642512] calling  seqiv_module_init+0x0/0x11 @ 1
[    3.643512] initcall seqiv_module_init+0x0/0x11 returned 0 after 0 usecs
[    3.644512] calling  echainiv_module_init+0x0/0x11 @ 1
[    3.645512] initcall echainiv_module_init+0x0/0x11 returned 0 after 0 usecs
[    3.646512] calling  rsa_init+0x0/0x50 @ 1
[    3.647512] initcall rsa_init+0x0/0x50 returned 0 after 0 usecs
[    3.648512] calling  sm2_init+0x0/0x20 @ 1
[    3.649512] initcall sm2_init+0x0/0x20 returned 0 after 0 usecs
[    3.650512] calling  ecdsa_init+0x0/0x80 @ 1
[    3.651514] initcall ecdsa_init+0x0/0x80 returned 0 after 0 usecs
[    3.652512] calling  crypto_cmac_module_init+0x0/0x11 @ 1
[    3.653512] initcall crypto_cmac_module_init+0x0/0x11 returned 0 after 0 usecs
[    3.654543] calling  hmac_module_init+0x0/0x11 @ 1
[    3.655512] initcall hmac_module_init+0x0/0x11 returned 0 after 0 usecs
[    3.656512] calling  crypto_null_mod_init+0x0/0x66 @ 1
[    3.657514] initcall crypto_null_mod_init+0x0/0x66 returned 0 after 0 usecs
[    3.658512] calling  md5_mod_init+0x0/0x11 @ 1
[    3.659513] initcall md5_mod_init+0x0/0x11 returned 0 after 0 usecs
[    3.660512] calling  sha1_generic_mod_init+0x0/0x11 @ 1
[    3.661513] initcall sha1_generic_mod_init+0x0/0x11 returned 0 after 0 usecs
[    3.662512] calling  sha256_generic_mod_init+0x0/0x16 @ 1
[    3.663514] initcall sha256_generic_mod_init+0x0/0x16 returned 0 after 0 usecs
[    3.664512] calling  sha512_generic_mod_init+0x0/0x16 @ 1
[    3.665514] initcall sha512_generic_mod_init+0x0/0x16 returned 0 after 0 usecs
[    3.666512] calling  sha3_generic_mod_init+0x0/0x16 @ 1
[    3.667516] initcall sha3_generic_mod_init+0x0/0x16 returned 0 after 0 usecs
[    3.668512] calling  sm3_generic_mod_init+0x0/0x11 @ 1
[    3.669513] initcall sm3_generic_mod_init+0x0/0x11 returned 0 after 0 usecs
[    3.670512] calling  streebog_mod_init+0x0/0x16 @ 1
[    3.671514] initcall streebog_mod_init+0x0/0x16 returned 0 after 0 usecs
[    3.672512] calling  blake2b_mod_init+0x0/0x16 @ 1
[    3.673517] initcall blake2b_mod_init+0x0/0x16 returned 0 after 0 usecs
[    3.674512] calling  crypto_ecb_module_init+0x0/0x11 @ 1
[    3.675512] initcall crypto_ecb_module_init+0x0/0x11 returned 0 after 0 usecs
[    3.676512] calling  crypto_cbc_module_init+0x0/0x11 @ 1
[    3.677512] initcall crypto_cbc_module_init+0x0/0x11 returned 0 after 0 usecs
[    3.678512] calling  crypto_ctr_module_init+0x0/0x16 @ 1
[    3.679512] initcall crypto_ctr_module_init+0x0/0x16 returned 0 after 0 usecs
[    3.680512] calling  crypto_gcm_module_init+0x0/0x65 @ 1
[    3.681512] initcall crypto_gcm_module_init+0x0/0x65 returned 0 after 0 usecs
[    3.682512] calling  cryptd_init+0x0/0xfd @ 1
[    3.683551] cryptd: max_cpu_qlen set to 1000
[    3.684543] initcall cryptd_init+0x0/0xfd returned 0 after 976 usecs
[    3.685512] calling  des_generic_mod_init+0x0/0x16 @ 1
[    3.686514] initcall des_generic_mod_init+0x0/0x16 returned 0 after 0 usecs
[    3.687512] calling  serpent_mod_init+0x0/0x11 @ 1
[    3.688513] initcall serpent_mod_init+0x0/0x11 returned 0 after 0 usecs
[    3.689512] calling  aes_init+0x0/0x11 @ 1
[    3.690513] initcall aes_init+0x0/0x11 returned 0 after 0 usecs
[    3.691512] calling  deflate_mod_init+0x0/0x3f @ 1
[    3.692516] initcall deflate_mod_init+0x0/0x3f returned 0 after 0 usecs
[    3.693512] calling  crc32c_mod_init+0x0/0x11 @ 1
[    3.694513] initcall crc32c_mod_init+0x0/0x11 returned 0 after 0 usecs
[    3.695512] calling  crc32_mod_init+0x0/0x11 @ 1
[    3.696525] initcall crc32_mod_init+0x0/0x11 returned 0 after 0 usecs
[    3.697512] calling  crypto_authenc_module_init+0x0/0x11 @ 1
[    3.698512] initcall crypto_authenc_module_init+0x0/0x11 returned 0 after 0 usecs
[    3.699512] calling  crypto_authenc_esn_module_init+0x0/0x11 @ 1
[    3.700512] initcall crypto_authenc_esn_module_init+0x0/0x11 returned 0 after 0 usecs
[    3.701512] calling  lzo_mod_init+0x0/0x3a @ 1
[    3.702515] initcall lzo_mod_init+0x0/0x3a returned 0 after 0 usecs
[    3.703512] calling  lzorle_mod_init+0x0/0x3a @ 1
[    3.704515] initcall lzorle_mod_init+0x0/0x3a returned 0 after 0 usecs
[    3.705512] calling  xxhash_mod_init+0x0/0x11 @ 1
[    3.706514] initcall xxhash_mod_init+0x0/0x11 returned 0 after 0 usecs
[    3.707512] calling  drbg_init+0x0/0xca @ 1
[    3.708526] initcall drbg_init+0x0/0xca returned 0 after 0 usecs
[    3.709512] calling  ghash_mod_init+0x0/0x11 @ 1
[    3.710514] initcall ghash_mod_init+0x0/0x11 returned 0 after 0 usecs
[    3.711512] calling  essiv_module_init+0x0/0x11 @ 1
[    3.712512] initcall essiv_module_init+0x0/0x11 returned 0 after 0 usecs
[    3.713512] calling  curve25519_init+0x0/0x20 @ 1
[    3.714514] initcall curve25519_init+0x0/0x20 returned 0 after 0 usecs
[    3.715512] calling  ecdh_init+0x0/0x80 @ 1
[    3.716518] initcall ecdh_init+0x0/0x80 returned 0 after 0 usecs
[    3.717543] calling  init_bio+0x0/0x86 @ 1
[    3.718549] initcall init_bio+0x0/0x86 returned 0 after 0 usecs
[    3.719512] calling  blk_ioc_init+0x0/0x2a @ 1
[    3.720513] initcall blk_ioc_init+0x0/0x2a returned 0 after 0 usecs
[    3.721512] calling  blk_mq_init+0x0/0xc0 @ 1
[    3.722513] initcall blk_mq_init+0x0/0xc0 returned 0 after 0 usecs
[    3.723512] calling  genhd_device_init+0x0/0x5e @ 1
[    3.724541] initcall genhd_device_init+0x0/0x5e returned 0 after 0 usecs
[    3.725543] calling  blkcg_init+0x0/0x29 @ 1
[    3.726553] initcall blkcg_init+0x0/0x29 returned 0 after 0 usecs
[    3.727543] calling  bio_crypt_ctx_init+0x0/0x5c @ 1
[    3.728551] initcall bio_crypt_ctx_init+0x0/0x5c returned 0 after 0 usecs
[    3.729512] calling  raid6_select_algo+0x0/0x2f0 @ 1
[    3.747513] raid6: avx512x4 gen() 10289 MB/s
[    3.765513] raid6: avx512x2 gen() 10716 MB/s
[    3.783513] raid6: avx512x1 gen()  9240 MB/s
[    3.801513] raid6: avx2x4   gen()  5595 MB/s
[    3.819512] raid6: avx2x2   gen()  5542 MB/s
[    3.837514] raid6: avx2x1   gen()  4527 MB/s
[    3.838512] raid6: using algorithm avx512x2 gen() 10716 MB/s
[    3.856512] raid6: .... xor() 5885 MB/s, rmw enabled
[    3.857512] raid6: using avx512x2 recovery algorithm
[    3.858512] initcall raid6_select_algo+0x0/0x2f0 returned 0 after 125000 usecs
[    3.859512] calling  irq_poll_setup+0x0/0x71 @ 1
[    3.860513] initcall irq_poll_setup+0x0/0x71 returned 0 after 0 usecs
[    3.861512] calling  gpiolib_debugfs_init+0x0/0x24 @ 1
[    3.862514] initcall gpiolib_debugfs_init+0x0/0x24 returned 0 after 0 usecs
[    3.863512] calling  pwm_debugfs_init+0x0/0x24 @ 1
[    3.864514] initcall pwm_debugfs_init+0x0/0x24 returned 0 after 0 usecs
[    3.865512] calling  pwm_sysfs_init+0x0/0x18 @ 1
[    3.866515] initcall pwm_sysfs_init+0x0/0x18 returned 0 after 0 usecs
[    3.867512] calling  pci_slot_init+0x0/0x40 @ 1
[    3.868513] initcall pci_slot_init+0x0/0x40 returned 0 after 0 usecs
[    3.869512] calling  fbmem_init+0x0/0xdb @ 1
[    3.870545] initcall fbmem_init+0x0/0xdb returned 0 after 0 usecs
[    3.871512] calling  scan_for_dmi_ipmi+0x0/0x26f @ 1
[    3.872537] initcall scan_for_dmi_ipmi+0x0/0x26f returned 0 after 0 usecs
[    3.873512] calling  acpi_init+0x0/0x498 @ 1
[    3.874517] PRM: found 4 modules
[    3.875349] ACPI: Added _OSI(Module Device)
[    3.875544] ACPI: Added _OSI(Processor Device)
[    3.876533] ACPI: Added _OSI(3.0 _SCP Extensions)
[    3.877513] ACPI: Added _OSI(Processor Aggregator Device)
[    3.878513] ACPI: Added _OSI(Linux-Dell-Video)
[    3.879513] ACPI: Added _OSI(Linux-Lenovo-NV-HDMI-Audio)
[    3.880513] ACPI: Added _OSI(Linux-HPI-Hybrid-Graphics)
[    4.807199] ACPI: 11 ACPI AML tables successfully acquired and loaded
[    4.902322] ACPI: Dynamic OEM Table Load:
[    7.410702] ACPI: Dynamic OEM Table Load:
[    9.689020] ACPI: Interpreter enabled
[    9.689543] ACPI: PM: (supports S0 S5)
[    9.690460] ACPI: Using IOAPIC for interrupt routing
[    9.690597] HEST: Table parsing has been initialized.
[    9.695545] PCI: Using host bridge windows from ACPI; if necessary, use "pci=nocrs" and report a bug
[   10.019671] ACPI: Enabled 1 GPEs in block 00 to 7F
[   11.053532] ACPI: PCI Root Bridge [PC00] (domain 0000 [bus 00-0b])
[   11.059532] acpi PNP0A08:00: _OSC: OS supports [ExtendedConfig ASPM ClockPM Segments MSI EDR HPX-Type3]
[   11.075429] acpi PNP0A08:00: _OSC: platform does not support [SHPCHotplug AER DPC]
[   11.083802] acpi PNP0A08:00: _OSC: OS now controls [PCIeHotplug PME PCIeCapability LTR]
[   11.093123] PCI host bridge to bus 0000:00
[   11.097534] pci_bus 0000:00: root bus resource [io  0x1000-0x3fff window]
[   11.104513] pci_bus 0000:00: root bus resource [mem 0xe0000000-0xe3ffffff window]
[   11.113532] pci_bus 0000:00: root bus resource [mem 0x100400000000-0x1010bfbeffff window]
[   11.121532] pci_bus 0000:00: root bus resource [io  0x0780-0x079f window]
[   11.129534] pci_bus 0000:00: root bus resource [io  0x0400-0x041f window]
[   11.136513] pci_bus 0000:00: root bus resource [io  0x0500-0x05ff window]
[   11.144575] pci_bus 0000:00: root bus resource [mem 0xf2800000-0xf2803fff window]
[   11.152513] pci_bus 0000:00: root bus resource [mem 0xf2830000-0xf2830fff window]
[   11.160513] pci_bus 0000:00: root bus resource [mem 0xf3000000-0xf3ffffff window]
[   11.168513] pci_bus 0000:00: root bus resource [bus 00-0b]
[   11.175532] pci 0000:00:00.0: [8086:09a2] type 00 class 0x088000
[   11.182534] pci 0000:00:00.0: reg 0x30: [mem 0xfffff800-0xffffffff pref]
[   11.189680] pci 0000:00:00.0: calling  quirk_igfx_skip_te_disable+0x0/0x50 @ 1
[   11.197532] pci 0000:00:00.0: quirk_igfx_skip_te_disable+0x0/0x50 took 0 usecs
[   11.206534] pci 0000:00:00.4: [8086:0b23] type 00 class 0x000000
[   11.214461] pci 0000:00:00.4: calling  quirk_igfx_skip_te_disable+0x0/0x50 @ 1
[   11.221532] pci 0000:00:00.4: quirk_igfx_skip_te_disable+0x0/0x50 took 0 usecs
[   11.230555] pci 0000:00:01.0: [8086:28c0] type 00 class 0x010400
[   11.237835] pci 0000:00:01.0: reg 0x10: [mem 0x1010bf446000-0x1010bf446fff 64bit]
[   11.245765] pci 0000:00:01.0: reg 0x18: [mem 0x1010bf445000-0x1010bf445fff 64bit]
[   11.254734] pci 0000:00:01.0: reg 0x20: [mem 0x1010bf444000-0x1010bf444fff 64bit]
[   11.262654] pci 0000:00:01.0: reg 0x30: [mem 0xfffff800-0xffffffff pref]
[   11.270680] pci 0000:00:01.0: calling  quirk_igfx_skip_te_disable+0x0/0x50 @ 1
[   11.278534] pci 0000:00:01.0: quirk_igfx_skip_te_disable+0x0/0x50 took 0 usecs
[   11.287532] pci 0000:00:01.1: [8086:09ab] type 00 class 0x088000
[   11.294534] pci 0000:00:01.1: reg 0x30: [mem 0xfffff800-0xffffffff pref]
[   11.301559] pci 0000:00:01.1: calling  quirk_igfx_skip_te_disable+0x0/0x50 @ 1
[   11.309544] pci 0000:00:01.1: quirk_igfx_skip_te_disable+0x0/0x50 took 0 usecs
[   11.317840] pci 0000:00:01.2: [8086:09ab] type 00 class 0x088000
[   11.325532] pci 0000:00:01.2: reg 0x30: [mem 0xfffff800-0xffffffff pref]
[   11.332559] pci 0000:00:01.2: calling  quirk_igfx_skip_te_disable+0x0/0x50 @ 1
[   11.340513] pci 0000:00:01.2: quirk_igfx_skip_te_disable+0x0/0x50 took 0 usecs
[   11.348829] pci 0000:00:01.3: [8086:09ab] type 00 class 0x088000
[   11.356318] pci 0000:00:01.3: reg 0x30: [mem 0xfffff800-0xffffffff pref]
[   11.363559] pci 0000:00:01.3: calling  quirk_igfx_skip_te_disable+0x0/0x50 @ 1
[   11.371532] pci 0000:00:01.3: quirk_igfx_skip_te_disable+0x0/0x50 took 0 usecs
[   11.379860] pci 0000:00:01.4: [8086:09ab] type 00 class 0x088000
[   11.387318] pci 0000:00:01.4: reg 0x30: [mem 0xfffff800-0xffffffff pref]
[   11.394559] pci 0000:00:01.4: calling  quirk_igfx_skip_te_disable+0x0/0x50 @ 1
[   11.402513] pci 0000:00:01.4: quirk_igfx_skip_te_disable+0x0/0x50 took 0 usecs
[   11.410829] pci 0000:00:01.5: [8086:09ab] type 00 class 0x088000
[   11.417534] pci 0000:00:01.5: reg 0x30: [mem 0xfffff800-0xffffffff pref]
[   11.425559] pci 0000:00:01.5: calling  quirk_igfx_skip_te_disable+0x0/0x50 @ 1
[   11.432513] pci 0000:00:01.5: quirk_igfx_skip_te_disable+0x0/0x50 took 0 usecs
[   11.441533] pci 0000:00:01.6: [8086:09ab] type 00 class 0x088000
[   11.448349] pci 0000:00:01.6: reg 0x30: [mem 0xfffff800-0xffffffff pref]
[   11.455559] pci 0000:00:01.6: calling  quirk_igfx_skip_te_disable+0x0/0x50 @ 1
[   11.463532] pci 0000:00:01.6: quirk_igfx_skip_te_disable+0x0/0x50 took 0 usecs
[   11.471829] pci 0000:00:01.7: [8086:09ab] type 00 class 0x088000
[   11.479532] pci 0000:00:01.7: reg 0x30: [mem 0xfffff800-0xffffffff pref]
[   11.486559] pci 0000:00:01.7: calling  quirk_igfx_skip_te_disable+0x0/0x50 @ 1
[   11.494534] pci 0000:00:01.7: quirk_igfx_skip_te_disable+0x0/0x50 took 0 usecs
[   11.502909] pci 0000:00:02.0: [8086:09a6] type 00 class 0x088000
[   11.509795] pci 0000:00:02.0: reg 0x10: [mem 0x1010bf300000-0x1010bf3fffff 64bit]
[   11.518534] pci 0000:00:02.0: calling  quirk_igfx_skip_te_disable+0x0/0x50 @ 1
[   11.526534] pci 0000:00:02.0: quirk_igfx_skip_te_disable+0x0/0x50 took 0 usecs
[   11.535532] pci 0000:00:02.1: [8086:09a1] type 00 class 0x088000
[   11.541835] pci 0000:00:02.1: reg 0x10: [mem 0x1010bf442000-0x1010bf4427ff 64bit]
[   11.550734] pci 0000:00:02.1: reg 0x18: [mem 0x1010bf000000-0x1010bf1fffff 64bit]
[   11.559532] pci 0000:00:02.1: calling  quirk_igfx_skip_te_disable+0x0/0x50 @ 1
[   11.567532] pci 0000:00:02.1: quirk_igfx_skip_te_disable+0x0/0x50 took 0 usecs
[   11.576461] pci 0000:00:02.2: [8086:09a8] type 00 class 0x088000
[   11.582826] pci 0000:00:02.2: reg 0x10: [mem 0x1010bf443000-0x1010bf44300f 64bit]
[   11.592203] pci 0000:00:02.2: calling  quirk_igfx_skip_te_disable+0x0/0x50 @ 1
[   11.599532] pci 0000:00:02.2: quirk_igfx_skip_te_disable+0x0/0x50 took 0 usecs
[   11.608553] pci 0000:00:03.0: [8086:3256] type 00 class 0x130000
[   11.615815] pci 0000:00:03.0: reg 0x10: [mem 0x1010bf200000-0x1010bf2fffff 64bit]
[   11.623694] pci 0000:00:03.0: reg 0x18: [mem 0x1010be800000-0x1010beffffff 64bit]
[   11.632694] pci 0000:00:03.0: reg 0x20: [mem 0x1010bf441000-0x1010bf441fff 64bit]
[   11.640659] pci 0000:00:03.0: calling  quirk_igfx_skip_te_disable+0x0/0x50 @ 1
[   11.648544] pci 0000:00:03.0: quirk_igfx_skip_te_disable+0x0/0x50 took 0 usecs
[   11.657532] pci 0000:00:04.0: calling  quirk_cmd_compl+0x0/0x70 @ 1
[   11.663534] pci 0000:00:04.0: quirk_cmd_compl+0x0/0x70 took 976 usecs
[   11.671532] pci 0000:00:04.0: calling  quirk_no_aersid+0x0/0x30 @ 1
[   11.677532] pci 0000:00:04.0: quirk_no_aersid+0x0/0x30 took 0 usecs
[   11.684513] pci 0000:00:04.0: [8086:786a] type 01 class 0x060400
[   11.691855] pci 0000:00:04.0: reg 0x10: [mem 0x1010bf430000-0x1010bf43ffff 64bit]
[   11.699976] pci 0000:00:04.0: enabling Extended Tags
[   11.705701] pci 0000:00:04.0: calling  quirk_igfx_skip_te_disable+0x0/0x50 @ 1
[   11.713604] pci 0000:00:04.0: quirk_igfx_skip_te_disable+0x0/0x50 took 0 usecs
[   11.721544] pci 0000:00:04.0: calling  pci_fixup_transparent_bridge+0x0/0x20 @ 1
[   11.730513] pci 0000:00:04.0: pci_fixup_transparent_bridge+0x0/0x20 took 0 usecs
[   11.739183] pci 0000:00:04.0: PME# supported from D0 D3hot D3cold
[   11.746177] pci 0000:00:05.0: calling  quirk_cmd_compl+0x0/0x70 @ 1
[   11.753532] pci 0000:00:05.0: quirk_cmd_compl+0x0/0x70 took 0 usecs
[   11.759534] pci 0000:00:05.0: calling  quirk_no_aersid+0x0/0x30 @ 1
[   11.766534] pci 0000:00:05.0: quirk_no_aersid+0x0/0x30 took 0 usecs
[   11.773532] pci 0000:00:05.0: [8086:786b] type 01 class 0x060400
[   11.780886] pci 0000:00:05.0: reg 0x10: [mem 0x1010bf420000-0x1010bf42ffff 64bit]
[   11.789532] pci 0000:00:05.0: enabling Extended Tags
[   11.794701] pci 0000:00:05.0: calling  quirk_igfx_skip_te_disable+0x0/0x50 @ 1
[   11.802513] pci 0000:00:05.0: quirk_igfx_skip_te_disable+0x0/0x50 took 0 usecs
[   11.810513] pci 0000:00:05.0: calling  pci_fixup_transparent_bridge+0x0/0x20 @ 1
[   11.818513] pci 0000:00:05.0: pci_fixup_transparent_bridge+0x0/0x20 took 0 usecs
[   11.827532] pci 0000:00:05.0: PME# supported from D0 D3hot D3cold
[   11.835188] pci 0000:00:06.0: calling  quirk_cmd_compl+0x0/0x70 @ 1
[   11.841533] pci 0000:00:06.0: quirk_cmd_compl+0x0/0x70 took 0 usecs
[   11.848544] pci 0000:00:06.0: calling  quirk_no_aersid+0x0/0x30 @ 1
[   11.855532] pci 0000:00:06.0: quirk_no_aersid+0x0/0x30 took 0 usecs
[   11.862534] pci 0000:00:06.0: [8086:786c] type 01 class 0x060400
[   11.869855] pci 0000:00:06.0: reg 0x10: [mem 0x1010bf410000-0x1010bf41ffff 64bit]
[   11.877976] pci 0000:00:06.0: enabling Extended Tags
[   11.883701] pci 0000:00:06.0: calling  quirk_igfx_skip_te_disable+0x0/0x50 @ 1
[   11.891532] pci 0000:00:06.0: quirk_igfx_skip_te_disable+0x0/0x50 took 0 usecs
[   11.899532] pci 0000:00:06.0: calling  pci_fixup_transparent_bridge+0x0/0x20 @ 1
[   11.907532] pci 0000:00:06.0: pci_fixup_transparent_bridge+0x0/0x20 took 0 usecs
[   11.916214] pci 0000:00:06.0: PME# supported from D0 D3hot D3cold
[   11.924177] pci 0000:00:07.0: calling  quirk_cmd_compl+0x0/0x70 @ 1
[   11.930533] pci 0000:00:07.0: quirk_cmd_compl+0x0/0x70 took 0 usecs
[   11.937532] pci 0000:00:07.0: calling  quirk_no_aersid+0x0/0x30 @ 1
[   11.944513] pci 0000:00:07.0: quirk_no_aersid+0x0/0x30 took 0 usecs
[   11.951553] pci 0000:00:07.0: [8086:786d] type 01 class 0x060400
[   11.957855] pci 0000:00:07.0: reg 0x10: [mem 0x1010bf400000-0x1010bf40ffff 64bit]
[   11.966976] pci 0000:00:07.0: enabling Extended Tags
[   11.972701] pci 0000:00:07.0: calling  quirk_igfx_skip_te_disable+0x0/0x50 @ 1
[   11.980544] pci 0000:00:07.0: quirk_igfx_skip_te_disable+0x0/0x50 took 0 usecs
[   11.988513] pci 0000:00:07.0: calling  pci_fixup_transparent_bridge+0x0/0x20 @ 1
[   11.996513] pci 0000:00:07.0: pci_fixup_transparent_bridge+0x0/0x20 took 0 usecs
[   12.005183] pci 0000:00:07.0: PME# supported from D0 D3hot D3cold
[   12.012636] pci 0000:00:1f.0: [8086:5826] type 00 class 0x060100
[   12.020659] pci 0000:00:1f.0: calling  quirk_igfx_skip_te_disable+0x0/0x50 @ 1
[   12.028513] pci 0000:00:1f.0: quirk_igfx_skip_te_disable+0x0/0x50 took 0 usecs
[   12.037532] pci 0000:00:1f.4: [8086:5827] type 00 class 0x0c0500
[   12.043886] pci 0000:00:1f.4: reg 0x10: [mem 0x1010bf440000-0x1010bf4400ff 64bit]
[   12.052936] pci 0000:00:1f.4: reg 0x20: [io  0x0780-0x079f]
[   12.059532] pci 0000:00:1f.4: calling  quirk_igfx_skip_te_disable+0x0/0x50 @ 1
[   12.066513] pci 0000:00:1f.4: quirk_igfx_skip_te_disable+0x0/0x50 took 0 usecs
[   12.075532] pci 0000:00:1f.5: [8086:5825] type 00 class 0x0c8000
[   12.081754] pci 0000:00:1f.5: reg 0x10: [mem 0xf2830000-0xf2830fff]
[   12.090404] pci 0000:00:1f.5: calling  quirk_igfx_skip_te_disable+0x0/0x50 @ 1
[   12.097532] pci 0000:00:1f.5: quirk_igfx_skip_te_disable+0x0/0x50 took 0 usecs
[   12.106461] pci 0000:01:00.0: [1234:1111] type 00 class 0x030000
[   12.113806] pci 0000:01:00.0: reg 0x10: [mem 0xe0000000-0xe07fffff]
[   12.121532] pci 0000:01:00.0: calling  efifb_fixup_resources+0x0/0xf0 @ 1
[   12.128534] pci 0000:01:00.0: BAR 0: assigned to efifb
[   12.134534] pci 0000:01:00.0: efifb_fixup_resources+0x0/0xf0 took 5859 usecs
[   12.141532] pci 0000:01:00.0: calling  pci_fixup_video+0x0/0xd0 @ 1
[   12.148593] pci 0000:01:00.0: Video device with shadowed ROM at [mem 0x000c0000-0x000dffff]
[   12.158513] pci 0000:01:00.0: pci_fixup_video+0x0/0xd0 took 9765 usecs
[   12.165955] pci 0000:00:04.0: PCI bridge to [bus 01]
[   12.171593] pci 0000:00:04.0:   bridge window [mem 0xe0000000-0xe07fffff]
[   12.179532] pci 0000:02:00.0: [8086:0953] type 00 class 0x010802
[   12.186855] pci 0000:02:00.0: reg 0x10: [mem 0xe0c08000-0xe0c0bfff 64bit]
[   12.194016] pci 0000:02:00.0: reg 0x20: [mem 0xe0c00000-0xe0c07fff 64bit]
[   12.201904] pci 0000:02:00.0: calling  quirk_igfx_skip_te_disable+0x0/0x50 @ 1
[   12.210513] pci 0000:02:00.0: quirk_igfx_skip_te_disable+0x0/0x50 took 0 usecs
[   12.218179] pci 0000:02:00.0: PME# supported from D0 D3hot D3cold
[   12.225838] pci 0000:02:00.0: 15.753 Gb/s available PCIe bandwidth, limited by 16.0 GT/s PCIe x1 link at 0000:00:05.0 (capable of 63.012 Gb/s with 16.0 GT/s PCIe x4 link)
[   12.243184] pci 0000:00:05.0: PCI bridge to [bus 02]
[   12.248593] pci 0000:00:05.0:   bridge window [mem 0xe0c00000-0xe0cfffff]
[   12.256534] pci 0000:03:00.0: [8086:8c31] type 00 class 0x0c0330
[   12.263815] pci 0000:03:00.0: reg 0x10: [mem 0xe0b00000-0xe0b3ffff 64bit]
[   12.272065] pci 0000:03:00.0: calling  quirk_igfx_skip_te_disable+0x0/0x50 @ 1
[   12.279532] pci 0000:03:00.0: quirk_igfx_skip_te_disable+0x0/0x50 took 0 usecs
[   12.288343] pci 0000:00:06.0: PCI bridge to [bus 03]
[   12.293593] pci 0000:00:06.0:   bridge window [mem 0xe0b00000-0xe0bfffff]
[   12.302395] pci 0000:04:00.0: calling  quirk_f0_vpd_link+0x0/0x60 @ 1
[   12.309564] pci 0000:04:00.0: quirk_f0_vpd_link+0x0/0x60 took 0 usecs
[   12.316514] pci 0000:04:00.0: [8086:10f7] type 00 class 0x020000
[   12.323532] pci 0000:04:00.0: reg 0x10: [mem 0xe0800000-0xe081ffff 64bit]
[   12.330613] pci 0000:04:00.0: reg 0x18: [io  0x1000-0x101f]
[   12.336694] pci 0000:04:00.0: reg 0x1c: [mem 0xe0820000-0xe0823fff 64bit]
[   12.344884] pci 0000:04:00.0: calling  quirk_igfx_skip_te_disable+0x0/0x50 @ 1
[   12.352534] pci 0000:04:00.0: quirk_igfx_skip_te_disable+0x0/0x50 took 0 usecs
[   12.361532] pci 0000:04:00.0: reg 0x164: [mem 0xe0824000-0xe0827fff 64bit]
[   12.368534] pci 0000:04:00.0: VF(n) BAR0 space: [mem 0xe0824000-0xe0923fff 64bit] (contains BAR0 for 64 VFs)
[   12.379585] pci 0000:04:00.0: reg 0x170: [mem 0xe0924000-0xe0927fff 64bit]
[   12.387532] pci 0000:04:00.0: VF(n) BAR3 space: [mem 0xe0924000-0xe0a23fff 64bit] (contains BAR3 for 64 VFs)
[   12.397651] pci 0000:04:00.0: 15.753 Gb/s available PCIe bandwidth, limited by 16.0 GT/s PCIe x1 link at 0000:00:07.0 (capable of 32.000 Gb/s with 5.0 GT/s PCIe x8 link)
[   12.414737] pci 0000:04:00.0: disabling ASPM on pre-1.1 PCIe device.  You can enable it with 'pcie_aspm=force'
[   12.425616] pci 0000:00:07.0: PCI bridge to [bus 04]
[   12.431553] pci 0000:00:07.0:   bridge window [io  0x1000-0x1fff]
[   12.437553] pci 0000:00:07.0:   bridge window [mem 0xe0800000-0xe0afffff]
[   12.446210] pci_bus 0000:00: on NUMA node 0
[   12.451532] ACPI: PCI Root Bridge [AA00] (domain 0000 [bus 0c])
[   12.457532] acpi PNP0A08:01: _OSC: OS supports [ExtendedConfig ASPM ClockPM Segments MSI EDR HPX-Type3]
[   12.471532] acpi PNP0A08:01: _OSC: platform does not support [SHPCHotplug AER DPC]
[   12.479802] acpi PNP0A08:01: _OSC: OS now controls [PCIeHotplug PME PCIeCapability LTR]
[   12.488628] PCI host bridge to bus 0000:0c
[   12.493532] pci_bus 0000:0c: root bus resource [mem 0x100100000000-0x1001ffffffff window]
[   12.502513] pci_bus 0000:0c: root bus resource [bus 0c]
[   12.507702] pci 0000:0c:00.0: [8086:0b25] type 00 class 0x088000
[   12.514826] pci 0000:0c:00.0: reg 0x10: [mem 0x1001fff40000-0x1001fff5ffff 64bit pref]
[   12.523694] pci 0000:0c:00.0: reg 0x18: [mem 0x1001fff00000-0x1001fff3ffff 64bit pref]
[   12.533023] pci 0000:0c:00.0: calling  quirk_igfx_skip_te_disable+0x0/0x50 @ 1
[   12.540513] pci 0000:0c:00.0: quirk_igfx_skip_te_disable+0x0/0x50 took 0 usecs
[   12.550534] pci_bus 0000:0c: on NUMA node 0
[   12.554612] ACPI: PCI Root Bridge [AB00] (domain 0000 [bus 0d])
[   12.561532] acpi PNP0A08:02: _OSC: OS supports [ExtendedConfig ASPM ClockPM Segments MSI EDR HPX-Type3]
[   12.574829] acpi PNP0A08:02: _OSC: platform does not support [SHPCHotplug AER DPC]
[   12.583834] acpi PNP0A08:02: _OSC: OS now controls [PCIeHotplug PME PCIeCapability LTR]
[   12.592639] PCI host bridge to bus 0000:0d
[   12.596513] pci_bus 0000:0d: root bus resource [mem 0x100200000000-0x1002ffffffff window]
[   12.605532] pci_bus 0000:0d: root bus resource [bus 0d]
[   12.611702] pci 0000:0d:00.0: [8086:0cfe] type 00 class 0x088000
[   12.618795] pci 0000:0d:00.0: reg 0x10: [mem 0x1002fff40000-0x1002fff4ffff 64bit pref]
[   12.627694] pci 0000:0d:00.0: reg 0x18: [mem 0x1002fff00000-0x1002fff3ffff 64bit pref]
[   12.637023] pci 0000:0d:00.0: calling  quirk_igfx_skip_te_disable+0x0/0x50 @ 1
[   12.644513] pci 0000:0d:00.0: quirk_igfx_skip_te_disable+0x0/0x50 took 0 usecs
[   12.654078] pci_bus 0000:0d: on NUMA node 0
[   12.658612] ACPI: PCI Root Bridge [AC00] (domain 0000 [bus 0e-0f])
[   12.665532] acpi PNP0A08:03: _OSC: OS supports [ExtendedConfig ASPM ClockPM Segments MSI EDR HPX-Type3]
[   12.678841] acpi PNP0A08:03: _OSC: platform does not support [SHPCHotplug AER DPC]
[   12.687802] acpi PNP0A08:03: _OSC: OS now controls [PCIeHotplug PME PCIeCapability LTR]
[   12.696639] PCI host bridge to bus 0000:0e
[   12.700513] pci_bus 0000:0e: root bus resource [mem 0x100300000000-0x1003ffffffff window]
[   12.709532] pci_bus 0000:0e: root bus resource [bus 0e-0f]
[   12.715793] pci 0000:0e:00.0: [8086:4948] type 00 class 0x0b4000
[   12.722795] pci 0000:0e:00.0: reg 0x10: [mem 0x1003ffa00000-0x1003ffa7ffff 64bit]
