[    0.000000] Command line: BOOT_IMAGE=(hd1,gpt2)/vmlinuz-5.17.0-d6ccf45113fb-gd6ccf45113fb root=/dev/mapper/cs-root ro crashkernel=1G-4G:192M,4G-64G:256M,64G-:512M resume=/dev/mapper/cs-swap rd.lvm.lv=cs/root rd.lvm.lv=cs/swap rhgb quiet console=tty0 console=ttyS0,115200n8 intel_iommu=on,sm_on initcall_debug log_buf_len=200M no_console_suspend ignore_loglevel selinux=0 cxl_acpi.dyndbg=+fplm cxl_pci.dyndbg=+fplm cxl_core.dyndbg=+fplm cxl_mem.dyndbg=+fplm cxl_pmem.dyndbg=+fplm cxl_port.dyndbg=+fplm cxl_region.dyndbg=+fplm cxl_test.dyndbg=+fplm cxl_mock.dyndbg=+fplm cxl_mock_mem.dyndbg=+fplm
[    0.000000] x86/fpu: Supporting XSAVE feature 0x001: 'x87 floating point registers'
[    0.000000] x86/fpu: Supporting XSAVE feature 0x002: 'SSE registers'
[    0.000000] x86/fpu: Supporting XSAVE feature 0x004: 'AVX registers'
[    0.000000] x86/fpu: Supporting XSAVE feature 0x020: 'AVX-512 opmask'
[    0.000000] x86/fpu: Supporting XSAVE feature 0x040: 'AVX-512 Hi256'
[    0.000000] x86/fpu: Supporting XSAVE feature 0x080: 'AVX-512 ZMM_Hi256'
[    0.000000] x86/fpu: Supporting XSAVE feature 0x200: 'Protection Keys User registers'
[    0.000000] x86/fpu: Supporting XSAVE feature 0x400: 'PASID state'
[    0.000000] x86/fpu: Supporting XSAVE feature 0x20000: 'AMX Tile config'
[    0.000000] x86/fpu: Supporting XSAVE feature 0x40000: 'AMX Tile data'
[    0.000000] x86/fpu: xstate_offset[2]:  576, xstate_sizes[2]:  256
[    0.000000] x86/fpu: xstate_offset[5]:  832, xstate_sizes[5]:   64
[    0.000000] x86/fpu: xstate_offset[6]:  896, xstate_sizes[6]:  512
[    0.000000] x86/fpu: xstate_offset[7]: 1408, xstate_sizes[7]: 1024
[    0.000000] x86/fpu: xstate_offset[9]: 2432, xstate_sizes[9]:    8
[    0.000000] x86/fpu: xstate_offset[10]: 2440, xstate_sizes[10]:    8
[    0.000000] x86/fpu: xstate_offset[17]: 2496, xstate_sizes[17]:   64
[    0.000000] x86/fpu: xstate_offset[18]: 2560, xstate_sizes[18]: 8192
[    0.000000] x86/fpu: Enabled xstate features 0x606e7, context size is 10752 bytes, using 'compacted' format.
[    0.000000] signal: max sigframe size: 11952
[    0.000000] BIOS-provided physical RAM map:
[    0.000000] BIOS-e820: [mem 0x0000000000000000-0x000000000009ffff] usable
[    0.000000] BIOS-e820: [mem 0x00000000000a0000-0x00000000000fffff] reserved
[    0.000000] BIOS-e820: [mem 0x0000000000100000-0x00000000bb779fff] usable
[    0.000000] BIOS-e820: [mem 0x00000000bb77a000-0x00000000bcd2dfff] reserved
[    0.000000] BIOS-e820: [mem 0x00000000bcd2e000-0x00000000bd0ebfff] usable
[    0.000000] BIOS-e820: [mem 0x00000000bd0ec000-0x00000000bd283fff] ACPI data
[    0.000000] BIOS-e820: [mem 0x00000000bd284000-0x00000000bd41bfff] usable
[    0.000000] BIOS-e820: [mem 0x00000000bd41c000-0x00000000bd855fff] ACPI data
[    0.000000] BIOS-e820: [mem 0x00000000bd856000-0x00000000bda5dfff] usable
[    0.000000] BIOS-e820: [mem 0x00000000bda5e000-0x00000000bdb76fff] ACPI data
[    0.000000] BIOS-e820: [mem 0x00000000bdb77000-0x00000000bdc8ffff] usable
[    0.000000] BIOS-e820: [mem 0x00000000bdc90000-0x00000000bdfbbfff] ACPI data
[    0.000000] BIOS-e820: [mem 0x00000000bdfbc000-0x00000000bf434fff] usable
[    0.000000] BIOS-e820: [mem 0x00000000bf435000-0x00000000c0635fff] reserved
[    0.000000] BIOS-e820: [mem 0x00000000c0636000-0x00000000cba02fff] usable
[    0.000000] BIOS-e820: [mem 0x00000000cba03000-0x00000000cba04fff] reserved
[    0.000000] BIOS-e820: [mem 0x00000000cba05000-0x00000000cba05fff] usable
[    0.000000] BIOS-e820: [mem 0x00000000cba06000-0x00000000cba4dfff] reserved
[    0.000000] BIOS-e820: [mem 0x00000000cba4e000-0x00000000cba4efff] usable
[    0.000000] BIOS-e820: [mem 0x00000000cba4f000-0x00000000cba56fff] reserved
[    0.000000] BIOS-e820: [mem 0x00000000cba57000-0x00000000cba57fff] usable
[    0.000000] BIOS-e820: [mem 0x00000000cba58000-0x00000000cd42afff] reserved
[    0.000000] BIOS-e820: [mem 0x00000000cd42b000-0x00000000cd42bfff] usable
[    0.000000] BIOS-e820: [mem 0x00000000cd42c000-0x00000000cd42cfff] reserved
[    0.000000] BIOS-e820: [mem 0x00000000cd42d000-0x00000000cd42dfff] usable
[    0.000000] BIOS-e820: [mem 0x00000000cd42e000-0x00000000cd63ffff] reserved
[    0.000000] BIOS-e820: [mem 0x00000000cd640000-0x00000000cd6befff] usable
[    0.000000] BIOS-e820: [mem 0x00000000cd6bf000-0x00000000cd6bffff] ACPI NVS
[    0.000000] BIOS-e820: [mem 0x00000000cd6c0000-0x00000000ce51efff] usable
[    0.000000] BIOS-e820: [mem 0x00000000ce51f000-0x00000000cf11ffff] ACPI NVS
[    0.000000] BIOS-e820: [mem 0x00000000cf120000-0x00000000cf132fff] usable
[    0.000000] BIOS-e820: [mem 0x00000000cf133000-0x00000000cf732fff] reserved
[    0.000000] BIOS-e820: [mem 0x00000000cf733000-0x00000000cf733fff] ACPI NVS
[    0.000000] BIOS-e820: [mem 0x00000000cf734000-0x00000000d27dcfff] usable
[    0.000000] BIOS-e820: [mem 0x00000000d27dd000-0x00000000d284dfff] reserved
[    0.000000] BIOS-e820: [mem 0x00000000d284e000-0x00000000d2894fff] usable
[    0.000000] BIOS-e820: [mem 0x00000000d2895000-0x00000000d2896fff] reserved
[    0.000000] BIOS-e820: [mem 0x00000000d2897000-0x00000000d2976fff] usable
[    0.000000] BIOS-e820: [mem 0x00000000d2977000-0x00000000d2978fff] reserved
[    0.000000] BIOS-e820: [mem 0x00000000d2979000-0x00000000d2f54fff] usable
[    0.000000] BIOS-e820: [mem 0x00000000d2f55000-0x00000000d2f5dfff] reserved
[    0.000000] BIOS-e820: [mem 0x00000000d2f5e000-0x00000000d34bbfff] usable
[    0.000000] BIOS-e820: [mem 0x00000000d34bc000-0x00000000d3abbfff] reserved
[    0.000000] BIOS-e820: [mem 0x00000000d3abc000-0x00000000d3c5ffff] usable
[    0.000000] BIOS-e820: [mem 0x00000000d3c60000-0x00000000d3c7bfff] reserved
[    0.000000] BIOS-e820: [mem 0x00000000d3c7c000-0x00000000d69cefff] usable
[    0.000000] BIOS-e820: [mem 0x00000000d69cf000-0x00000000d6ccefff] reserved
[    0.000000] BIOS-e820: [mem 0x00000000d6ccf000-0x00000000d76fefff] ACPI NVS
[    0.000000] BIOS-e820: [mem 0x00000000d76ff000-0x00000000d77fefff] ACPI data
[    0.000000] BIOS-e820: [mem 0x00000000d77ff000-0x00000000d77fffff] usable
[    0.000000] BIOS-e820: [mem 0x00000000d7800000-0x00000000dfffffff] reserved
[    0.000000] BIOS-e820: [mem 0x00000000f2830000-0x00000000f2830fff] reserved
[    0.000000] BIOS-e820: [mem 0x0000000100000000-0x0000003ffeffffff] usable
[    0.000000] BIOS-e820: [mem 0x0000003fff000000-0x0000003fffffffff] reserved
[    0.000000] BIOS-e820: [mem 0x0000020000000000-0x00000200ffffffff] soft reserved
[    0.000000] BIOS-e820: [mem 0x0000100000000000-0x000010007fffffff] reserved
[    0.000000] printk: debug: ignoring loglevel setting.
[    0.000000] NX (Execute Disable) protection: active
[    0.000000] efi: EFI v2.70 by EDK II
[    0.000000] efi: ACPI=0xd77fe000 ACPI 2.0=0xd77fe014 SMBIOS=0xd6b0b000 SMBIOS 3.0=0xd6b09000 MEMATTR=0xd3478018 
[    0.000000] efi: memattr: Unexpected EFI Memory Attributes table version 2
[    0.000000] SMBIOS 3.6.0 present.
[    0.000000] DMI: Intel Corporation OAKSTREAM/OAKSTREAM, BIOS OKSDCRB1.86B.0010.D75.2403180334 03/18/2024
[    0.000000] tsc: Detected 2400.000 MHz processor
[    0.000015] e820: update [mem 0x00000000-0x00000fff] usable ==> reserved
[    0.000072] e820: remove [mem 0x000a0000-0x000fffff] usable
[    0.000134] last_pfn = 0x3fff000 max_arch_pfn = 0x10000000000
[    0.000149] x86/PAT: Configuration [0-7]: WB  WC  UC- UC  WB  WP  UC- WT  
[    0.000164] total RAM covered: 16776704M
[    0.000459]  gran_size: 64K 	chunk_size: 64K 	num_reg: 10  	lose cover RAM: 15872G
[    0.000484]  gran_size: 64K 	chunk_size: 128K 	num_reg: 10  	lose cover RAM: 15872G
[    0.000510]  gran_size: 64K 	chunk_size: 256K 	num_reg: 10  	lose cover RAM: 15872G
[    0.000535]  gran_size: 64K 	chunk_size: 512K 	num_reg: 10  	lose cover RAM: 15872G
[    0.000561]  gran_size: 64K 	chunk_size: 1M 	num_reg: 10  	lose cover RAM: 15872G
[    0.000586]  gran_size: 64K 	chunk_size: 2M 	num_reg: 10  	lose cover RAM: 15872G
[    0.000612]  gran_size: 64K 	chunk_size: 4M 	num_reg: 10  	lose cover RAM: 15872G
[    0.000638]  gran_size: 64K 	chunk_size: 8M 	num_reg: 10  	lose cover RAM: 15872G
[    0.000663]  gran_size: 64K 	chunk_size: 16M 	num_reg: 10  	lose cover RAM: 15872G
[    0.000689]  gran_size: 64K 	chunk_size: 32M 	num_reg: 10  	lose cover RAM: 15872G
[    0.000714]  gran_size: 64K 	chunk_size: 64M 	num_reg: 10  	lose cover RAM: 15872G
[    0.000740]  gran_size: 64K 	chunk_size: 128M 	num_reg: 10  	lose cover RAM: 15872G
[    0.000765]  gran_size: 64K 	chunk_size: 256M 	num_reg: 10  	lose cover RAM: 15872G
[    0.000791]  gran_size: 64K 	chunk_size: 512M 	num_reg: 10  	lose cover RAM: 15872G
[    0.000816]  gran_size: 64K 	chunk_size: 1G 	num_reg: 10  	lose cover RAM: 15360G
[    0.000842]  gran_size: 64K 	chunk_size: 2G 	num_reg: 10  	lose cover RAM: 15360G
[    0.000867]  gran_size: 128K 	chunk_size: 128K 	num_reg: 10  	lose cover RAM: 15872G
[    0.000893]  gran_size: 128K 	chunk_size: 256K 	num_reg: 10  	lose cover RAM: 15872G
[    0.000919]  gran_size: 128K 	chunk_size: 512K 	num_reg: 10  	lose cover RAM: 15872G
[    0.000944]  gran_size: 128K 	chunk_size: 1M 	num_reg: 10  	lose cover RAM: 15872G
[    0.000970]  gran_size: 128K 	chunk_size: 2M 	num_reg: 10  	lose cover RAM: 15872G
[    0.000995]  gran_size: 128K 	chunk_size: 4M 	num_reg: 10  	lose cover RAM: 15872G
[    0.001021]  gran_size: 128K 	chunk_size: 8M 	num_reg: 10  	lose cover RAM: 15872G
[    0.001046]  gran_size: 128K 	chunk_size: 16M 	num_reg: 10  	lose cover RAM: 15872G
[    0.001072]  gran_size: 128K 	chunk_size: 32M 	num_reg: 10  	lose cover RAM: 15872G
[    0.001097]  gran_size: 128K 	chunk_size: 64M 	num_reg: 10  	lose cover RAM: 15872G
[    0.001123]  gran_size: 128K 	chunk_size: 128M 	num_reg: 10  	lose cover RAM: 15872G
[    0.001149]  gran_size: 128K 	chunk_size: 256M 	num_reg: 10  	lose cover RAM: 15872G
[    0.001174]  gran_size: 128K 	chunk_size: 512M 	num_reg: 10  	lose cover RAM: 15872G
[    0.001200]  gran_size: 128K 	chunk_size: 1G 	num_reg: 10  	lose cover RAM: 15360G
[    0.001225]  gran_size: 128K 	chunk_size: 2G 	num_reg: 10  	lose cover RAM: 15360G
[    0.001251]  gran_size: 256K 	chunk_size: 256K 	num_reg: 10  	lose cover RAM: 15872G
[    0.001276]  gran_size: 256K 	chunk_size: 512K 	num_reg: 10  	lose cover RAM: 15872G
[    0.001302]  gran_size: 256K 	chunk_size: 1M 	num_reg: 10  	lose cover RAM: 15872G
[    0.001328]  gran_size: 256K 	chunk_size: 2M 	num_reg: 10  	lose cover RAM: 15872G
[    0.001353]  gran_size: 256K 	chunk_size: 4M 	num_reg: 10  	lose cover RAM: 15872G
[    0.001379]  gran_size: 256K 	chunk_size: 8M 	num_reg: 10  	lose cover RAM: 15872G
[    0.001404]  gran_size: 256K 	chunk_size: 16M 	num_reg: 10  	lose cover RAM: 15872G
[    0.001430]  gran_size: 256K 	chunk_size: 32M 	num_reg: 10  	lose cover RAM: 15872G
[    0.001455]  gran_size: 256K 	chunk_size: 64M 	num_reg: 10  	lose cover RAM: 15872G
[    0.001481]  gran_size: 256K 	chunk_size: 128M 	num_reg: 10  	lose cover RAM: 15872G
[    0.001507]  gran_size: 256K 	chunk_size: 256M 	num_reg: 10  	lose cover RAM: 15872G
[    0.001532]  gran_size: 256K 	chunk_size: 512M 	num_reg: 10  	lose cover RAM: 15872G
[    0.001558]  gran_size: 256K 	chunk_size: 1G 	num_reg: 10  	lose cover RAM: 15360G
[    0.001583]  gran_size: 256K 	chunk_size: 2G 	num_reg: 10  	lose cover RAM: 15360G
[    0.001609]  gran_size: 512K 	chunk_size: 512K 	num_reg: 10  	lose cover RAM: 15872G
[    0.001634]  gran_size: 512K 	chunk_size: 1M 	num_reg: 10  	lose cover RAM: 15872G
[    0.001660]  gran_size: 512K 	chunk_size: 2M 	num_reg: 10  	lose cover RAM: 15872G
[    0.001685]  gran_size: 512K 	chunk_size: 4M 	num_reg: 10  	lose cover RAM: 15872G
[    0.001711]  gran_size: 512K 	chunk_size: 8M 	num_reg: 10  	lose cover RAM: 15872G
[    0.001737]  gran_size: 512K 	chunk_size: 16M 	num_reg: 10  	lose cover RAM: 15872G
[    0.001762]  gran_size: 512K 	chunk_size: 32M 	num_reg: 10  	lose cover RAM: 15872G
[    0.001788]  gran_size: 512K 	chunk_size: 64M 	num_reg: 10  	lose cover RAM: 15872G
[    0.001813]  gran_size: 512K 	chunk_size: 128M 	num_reg: 10  	lose cover RAM: 15872G
[    0.001839]  gran_size: 512K 	chunk_size: 256M 	num_reg: 10  	lose cover RAM: 15872G
[    0.001864]  gran_size: 512K 	chunk_size: 512M 	num_reg: 10  	lose cover RAM: 15872G
[    0.001890]  gran_size: 512K 	chunk_size: 1G 	num_reg: 10  	lose cover RAM: 15360G
[    0.001916]  gran_size: 512K 	chunk_size: 2G 	num_reg: 10  	lose cover RAM: 15360G
[    0.001941]  gran_size: 1M 	chunk_size: 1M 	num_reg: 10  	lose cover RAM: 15872G
[    0.001967]  gran_size: 1M 	chunk_size: 2M 	num_reg: 10  	lose cover RAM: 15872G
[    0.001992]  gran_size: 1M 	chunk_size: 4M 	num_reg: 10  	lose cover RAM: 15872G
[    0.002018]  gran_size: 1M 	chunk_size: 8M 	num_reg: 10  	lose cover RAM: 15872G
[    0.002043]  gran_size: 1M 	chunk_size: 16M 	num_reg: 10  	lose cover RAM: 15872G
[    0.002069]  gran_size: 1M 	chunk_size: 32M 	num_reg: 10  	lose cover RAM: 15872G
[    0.002094]  gran_size: 1M 	chunk_size: 64M 	num_reg: 10  	lose cover RAM: 15872G
[    0.002120]  gran_size: 1M 	chunk_size: 128M 	num_reg: 10  	lose cover RAM: 15872G
[    0.002145]  gran_size: 1M 	chunk_size: 256M 	num_reg: 10  	lose cover RAM: 15872G
[    0.002171]  gran_size: 1M 	chunk_size: 512M 	num_reg: 10  	lose cover RAM: 15872G
[    0.002196]  gran_size: 1M 	chunk_size: 1G 	num_reg: 10  	lose cover RAM: 15360G
[    0.002222]  gran_size: 1M 	chunk_size: 2G 	num_reg: 10  	lose cover RAM: 15360G
[    0.002247]  gran_size: 2M 	chunk_size: 2M 	num_reg: 10  	lose cover RAM: 15872G
[    0.002273]  gran_size: 2M 	chunk_size: 4M 	num_reg: 10  	lose cover RAM: 15872G
[    0.002298]  gran_size: 2M 	chunk_size: 8M 	num_reg: 10  	lose cover RAM: 15872G
[    0.002324]  gran_size: 2M 	chunk_size: 16M 	num_reg: 10  	lose cover RAM: 15872G
[    0.002349]  gran_size: 2M 	chunk_size: 32M 	num_reg: 10  	lose cover RAM: 15872G
[    0.002375]  gran_size: 2M 	chunk_size: 64M 	num_reg: 10  	lose cover RAM: 15872G
[    0.002400]  gran_size: 2M 	chunk_size: 128M 	num_reg: 10  	lose cover RAM: 15872G
[    0.002426]  gran_size: 2M 	chunk_size: 256M 	num_reg: 10  	lose cover RAM: 15872G
[    0.002451]  gran_size: 2M 	chunk_size: 512M 	num_reg: 10  	lose cover RAM: 15872G
[    0.002477]  gran_size: 2M 	chunk_size: 1G 	num_reg: 10  	lose cover RAM: 15360G
[    0.002502]  gran_size: 2M 	chunk_size: 2G 	num_reg: 10  	lose cover RAM: 15360G
[    0.002528]  gran_size: 4M 	chunk_size: 4M 	num_reg: 10  	lose cover RAM: 15872G
[    0.002553]  gran_size: 4M 	chunk_size: 8M 	num_reg: 10  	lose cover RAM: 15872G
[    0.002579]  gran_size: 4M 	chunk_size: 16M 	num_reg: 10  	lose cover RAM: 15872G
[    0.002604]  gran_size: 4M 	chunk_size: 32M 	num_reg: 10  	lose cover RAM: 15872G
[    0.002630]  gran_size: 4M 	chunk_size: 64M 	num_reg: 10  	lose cover RAM: 15872G
[    0.002655]  gran_size: 4M 	chunk_size: 128M 	num_reg: 10  	lose cover RAM: 15872G
[    0.002681]  gran_size: 4M 	chunk_size: 256M 	num_reg: 10  	lose cover RAM: 15872G
[    0.002707]  gran_size: 4M 	chunk_size: 512M 	num_reg: 10  	lose cover RAM: 15872G
[    0.002732]  gran_size: 4M 	chunk_size: 1G 	num_reg: 10  	lose cover RAM: 15360G
[    0.002758]  gran_size: 4M 	chunk_size: 2G 	num_reg: 10  	lose cover RAM: 15360G
[    0.002783]  gran_size: 8M 	chunk_size: 8M 	num_reg: 10  	lose cover RAM: 15872G
[    0.002809]  gran_size: 8M 	chunk_size: 16M 	num_reg: 10  	lose cover RAM: 15872G
[    0.002834]  gran_size: 8M 	chunk_size: 32M 	num_reg: 10  	lose cover RAM: 15872G
[    0.002860]  gran_size: 8M 	chunk_size: 64M 	num_reg: 10  	lose cover RAM: 15872G
[    0.002885]  gran_size: 8M 	chunk_size: 128M 	num_reg: 10  	lose cover RAM: 15872G
[    0.002911]  gran_size: 8M 	chunk_size: 256M 	num_reg: 10  	lose cover RAM: 15872G
[    0.002936]  gran_size: 8M 	chunk_size: 512M 	num_reg: 10  	lose cover RAM: 15872G
[    0.002962]  gran_size: 8M 	chunk_size: 1G 	num_reg: 10  	lose cover RAM: 15360G
[    0.002987]  gran_size: 8M 	chunk_size: 2G 	num_reg: 10  	lose cover RAM: 15360G
[    0.003013]  gran_size: 16M 	chunk_size: 16M 	num_reg: 10  	lose cover RAM: 15872G
[    0.003038]  gran_size: 16M 	chunk_size: 32M 	num_reg: 10  	lose cover RAM: 15872G
[    0.003064]  gran_size: 16M 	chunk_size: 64M 	num_reg: 10  	lose cover RAM: 15872G
[    0.003089]  gran_size: 16M 	chunk_size: 128M 	num_reg: 10  	lose cover RAM: 15872G
[    0.003115]  gran_size: 16M 	chunk_size: 256M 	num_reg: 10  	lose cover RAM: 15872G
[    0.003140]  gran_size: 16M 	chunk_size: 512M 	num_reg: 10  	lose cover RAM: 15872G
[    0.003166]  gran_size: 16M 	chunk_size: 1G 	num_reg: 10  	lose cover RAM: 15360G
[    0.003192]  gran_size: 16M 	chunk_size: 2G 	num_reg: 10  	lose cover RAM: 15360G
[    0.003217]  gran_size: 32M 	chunk_size: 32M 	num_reg: 10  	lose cover RAM: 15872G
[    0.003243]  gran_size: 32M 	chunk_size: 64M 	num_reg: 10  	lose cover RAM: 15872G
[    0.003268]  gran_size: 32M 	chunk_size: 128M 	num_reg: 10  	lose cover RAM: 15872G
[    0.003294]  gran_size: 32M 	chunk_size: 256M 	num_reg: 10  	lose cover RAM: 15872G
[    0.003319]  gran_size: 32M 	chunk_size: 512M 	num_reg: 10  	lose cover RAM: 15872G
[    0.003345]  gran_size: 32M 	chunk_size: 1G 	num_reg: 10  	lose cover RAM: 15360G
[    0.003370]  gran_size: 32M 	chunk_size: 2G 	num_reg: 10  	lose cover RAM: 15360G
[    0.003396]  gran_size: 64M 	chunk_size: 64M 	num_reg: 10  	lose cover RAM: 15872G
[    0.003422]  gran_size: 64M 	chunk_size: 128M 	num_reg: 10  	lose cover RAM: 15872G
[    0.003447]  gran_size: 64M 	chunk_size: 256M 	num_reg: 10  	lose cover RAM: 15872G
[    0.003473]  gran_size: 64M 	chunk_size: 512M 	num_reg: 10  	lose cover RAM: 15872G
[    0.003498]  gran_size: 64M 	chunk_size: 1G 	num_reg: 10  	lose cover RAM: 15360G
[    0.003524]  gran_size: 64M 	chunk_size: 2G 	num_reg: 10  	lose cover RAM: 15360G
[    0.003549]  gran_size: 128M 	chunk_size: 128M 	num_reg: 10  	lose cover RAM: 15872G
[    0.003575]  gran_size: 128M 	chunk_size: 256M 	num_reg: 10  	lose cover RAM: 15872G
[    0.003600]  gran_size: 128M 	chunk_size: 512M 	num_reg: 10  	lose cover RAM: 15872G
[    0.003626]  gran_size: 128M 	chunk_size: 1G 	num_reg: 10  	lose cover RAM: 15360G
[    0.003652]  gran_size: 128M 	chunk_size: 2G 	num_reg: 10  	lose cover RAM: 15360G
[    0.003677]  gran_size: 256M 	chunk_size: 256M 	num_reg: 10  	lose cover RAM: 15872G
[    0.003703]  gran_size: 256M 	chunk_size: 512M 	num_reg: 10  	lose cover RAM: 15872G
[    0.003728]  gran_size: 256M 	chunk_size: 1G 	num_reg: 10  	lose cover RAM: 15360G
[    0.003754]  gran_size: 256M 	chunk_size: 2G 	num_reg: 10  	lose cover RAM: 15360G
[    0.003779]  gran_size: 512M 	chunk_size: 512M 	num_reg: 10  	lose cover RAM: 15872G
[    0.003805]  gran_size: 512M 	chunk_size: 1G 	num_reg: 10  	lose cover RAM: 15360G
[    0.003831]  gran_size: 512M 	chunk_size: 2G 	num_reg: 10  	lose cover RAM: 15360G
[    0.003856]  gran_size: 1G 	chunk_size: 1G 	num_reg: 10  	lose cover RAM: 15729152M
[    0.003882]  gran_size: 1G 	chunk_size: 2G 	num_reg: 10  	lose cover RAM: 15729152M
[    0.003907]  gran_size: 2G 	chunk_size: 2G 	num_reg: 10  	lose cover RAM: 14681600M
[    0.003933] mtrr_cleanup: can not find optimal value
[    0.003945] please specify mtrr_gran_size/mtrr_chunk_size
[    0.003960] e820: update [mem 0xe0000000-0xffffffff] usable ==> reserved
[    0.004028] x2apic: enabled by BIOS, switching to x2apic ops
[    0.004040] last_pfn = 0xd7800 max_arch_pfn = 0x10000000000
[    0.007000] Using GB pages for direct mapping
[    0.109220] printk: log_buf_len: 268435456 bytes
[    0.109233] printk: early log buf free: 16758952(99%)
[    0.109246] Secure boot disabled
[    0.109258] RAMDISK: [mem 0xb844f000-0xba2a0fff]
[    0.109272] ACPI: Early table checksum verification disabled
[    0.109285] ACPI: RSDP 0x00000000D77FE014 000024 (v02 INTEL )
[    0.109321] ACPI: XSDT 0x00000000D7744188 00014C (v01 INTEL  INTEL ID 00000000      01000013)
[    0.109360] ACPI: FACP 0x00000000D77FC000 000114 (v06 INTEL  INTEL ID 00000000 INTL 20230628)
[    0.109400] ACPI: DSDT 0x00000000D775D000 08E4F6 (v02 INTEL  INTEL ID 00000003 INTL 20230628)
[    0.109438] ACPI: FACS 0x00000000D76F4000 000040
[    0.109475] ACPI: MCFG 0x00000000D77FB000 00004C (v01 INTEL  INTEL ID 00000001 INTL 20230628)
[    0.109513] ACPI: SSDT 0x00000000D77FA000 0001F3 (v02 INTEL  MPWR     00001000 INTL 20230628)
[    0.109551] ACPI: CEDT 0x00000000D77F9000 000284 (v01 INTEL  INTEL ID 00000002 INTL 20230628)
[    0.109590] ACPI: SSDT 0x00000000D77F8000 0000AB (v02 INTEL  INTEL ID 00000002 INTL 20230628)
[    0.109628] ACPI: MRRM 0x00000000D77F7000 0000CC (v01 INTEL  INTEL ID 00000002 INTL 20230628)
[    0.109666] ACPI: SSDT 0x00000000D77F6000 00030C (v02 INTEL  INTEL ID 00000000 MSFT 20230628)
[    0.109705] ACPI: SSDT 0x00000000D77F5000 000156 (v02 INTEL  PRMOPREG 00001000 INTL 20230628)
[    0.109743] ACPI: SSDT 0x00000000D77F4000 000145 (v02 INTEL  PRMSAMPL 00001000 INTL 20230628)
[    0.109781] ACPI: IRDT 0x00000000D77F3000 0001D7 (v01 INTEL  INTEL ID 00000002 INTL 20230628)
[    0.109820] ACPI: DTPR 0x00000000D77F2000 000530 (v01 INTEL  EDK2     00000002      01000013)
[    0.109858] ACPI: SSDT 0x00000000D77F1000 00040F (v02 INTEL  SruTable 00001000 INTL 20230628)
[    0.109897] ACPI: SSDT 0x00000000D77F0000 000397 (v02 INTEL  SstsTbl  00001000 INTL 20230628)
[    0.109935] ACPI: BDAT 0x00000000D77EF000 000030 (v01 INTEL  INTEL ID 00000000 INTL 20230628)
[    0.109973] ACPI: HPET 0x00000000D77EE000 000038 (v01 INTEL  INTEL ID 00000001 INTL 20230628)
[    0.110012] ACPI: MSCT 0x00000000D77ED000 000198 (v01 INTEL  INTEL ID 00000001 INTL 20230628)
[    0.110050] ACPI: WSMT 0x00000000D77EC000 000028 (v01 INTEL  INTEL ID 00000000 INTL 20230628)
[    0.110088] ACPI: APIC 0x00000000D775C000 00015E (v06 INTEL  INTEL ID 00000000 INTL 20230628)
[    0.110127] ACPI: KEYP 0x00000000D77FD000 000050 (v01 INTEL  INTEL ID 00000002 INTL 20230628)
[    0.110165] ACPI: PMTT 0x00000000D7741000 002568 (v02 INTEL  INTEL ID 00000001 INTL 20230628)
[    0.110203] ACPI: OEM4 0x00000000BDC90000 32B041 (v02 INTEL  CPU  CST 00003000 INTL 20230628)
[    0.110242] ACPI: OEM1 0x00000000BD41C000 439069 (v02 INTEL  CPU EIST 00003000 INTL 20230628)
[    0.110280] ACPI: OEM2 0x00000000BDA5E000 118031 (v02 INTEL  CPU  HWP 00003000 INTL 20230628)
[    0.110319] ACPI: SSDT 0x00000000BD0EC000 197850 (v02 INTEL  SSDT  PM 00004000 INTL 20230628)
[    0.110357] ACPI: DBG2 0x00000000D7740000 000058 (v00 INTEL  INTEL ID 00000002 INTL 20230628)
[    0.110395] ACPI: DMAR 0x00000000D773F000 000478 (v01 INTEL  INTEL ID 00000001 INTL 20230628)
[    0.110434] ACPI: FPDT 0x00000000D773E000 000044 (v01 INTEL  EDK2     00000002      01000013)
[    0.110472] ACPI: SSDT 0x00000000D773D000 000922 (v02 INTEL  RAS_ACPI 00000001 INTL 20230628)
[    0.110510] ACPI: SSDT 0x00000000D773C000 0008BB (v02 INTEL  ADDRXLAT 00000001 INTL 20230628)
[    0.110549] ACPI: HEST 0x00000000D773B000 000174 (v01 INTEL  INTEL ID 00000001 INTL 20230628)
[    0.110587] ACPI: BERT 0x00000000D773A000 000030 (v01 INTEL  INTEL ID 00000001 INTL 20230628)
[    0.110625] ACPI: ERST 0x00000000D7739000 000230 (v01 INTEL  INTEL ID 00000001 INTL 20230628)
[    0.110664] ACPI: PRMT 0x00000000D7738000 0001DC (v00 INTEL  INTEL ID 00000002 INTL 20230628)
[    0.110702] ACPI: SPCR 0x00000000D7737000 000050 (v02 INTEL  INTEL ID 00000000 INTL 20230628)
[    0.110741] ACPI: SRAT 0x00000000D7747000 014128 (v03 INTEL  INTEL ID 00000002 INTL 20230628)
[    0.110779] ACPI: SLIT 0x00000000D7746000 000050 (v01 INTEL  INTEL ID 00000002 INTL 20230628)
[    0.110817] ACPI: HMAT 0x00000000D7745000 000298 (v02 INTEL  INTEL ID 00000002 INTL 20230628)
[    0.110855] ACPI: Reserving FACP table memory at [mem 0xd77fc000-0xd77fc113]
[    0.110870] ACPI: Reserving DSDT table memory at [mem 0xd775d000-0xd77eb4f5]
[    0.110884] ACPI: Reserving FACS table memory at [mem 0xd76f4000-0xd76f403f]
[    0.110899] ACPI: Reserving MCFG table memory at [mem 0xd77fb000-0xd77fb04b]
[    0.110913] ACPI: Reserving SSDT table memory at [mem 0xd77fa000-0xd77fa1f2]
[    0.110928] ACPI: Reserving CEDT table memory at [mem 0xd77f9000-0xd77f9283]
[    0.110943] ACPI: Reserving SSDT table memory at [mem 0xd77f8000-0xd77f80aa]
[    0.110958] ACPI: Reserving MRRM table memory at [mem 0xd77f7000-0xd77f70cb]
[    0.110972] ACPI: Reserving SSDT table memory at [mem 0xd77f6000-0xd77f630b]
[    0.110987] ACPI: Reserving SSDT table memory at [mem 0xd77f5000-0xd77f5155]
[    0.111002] ACPI: Reserving SSDT table memory at [mem 0xd77f4000-0xd77f4144]
[    0.111017] ACPI: Reserving IRDT table memory at [mem 0xd77f3000-0xd77f31d6]
[    0.111031] ACPI: Reserving DTPR table memory at [mem 0xd77f2000-0xd77f252f]
[    0.111046] ACPI: Reserving SSDT table memory at [mem 0xd77f1000-0xd77f140e]
[    0.111061] ACPI: Reserving SSDT table memory at [mem 0xd77f0000-0xd77f0396]
[    0.111076] ACPI: Reserving BDAT table memory at [mem 0xd77ef000-0xd77ef02f]
[    0.111091] ACPI: Reserving HPET table memory at [mem 0xd77ee000-0xd77ee037]
[    0.111106] ACPI: Reserving MSCT table memory at [mem 0xd77ed000-0xd77ed197]
[    0.111120] ACPI: Reserving WSMT table memory at [mem 0xd77ec000-0xd77ec027]
[    0.111135] ACPI: Reserving APIC table memory at [mem 0xd775c000-0xd775c15d]
[    0.111150] ACPI: Reserving KEYP table memory at [mem 0xd77fd000-0xd77fd04f]
[    0.111165] ACPI: Reserving PMTT table memory at [mem 0xd7741000-0xd7743567]
[    0.111180] ACPI: Reserving OEM4 table memory at [mem 0xbdc90000-0xbdfbb040]
[    0.111195] ACPI: Reserving OEM1 table memory at [mem 0xbd41c000-0xbd855068]
[    0.111210] ACPI: Reserving OEM2 table memory at [mem 0xbda5e000-0xbdb76030]
[    0.111225] ACPI: Reserving SSDT table memory at [mem 0xbd0ec000-0xbd28384f]
[    0.111240] ACPI: Reserving DBG2 table memory at [mem 0xd7740000-0xd7740057]
[    0.111255] ACPI: Reserving DMAR table memory at [mem 0xd773f000-0xd773f477]
[    0.111270] ACPI: Reserving FPDT table memory at [mem 0xd773e000-0xd773e043]
[    0.111285] ACPI: Reserving SSDT table memory at [mem 0xd773d000-0xd773d921]
[    0.111300] ACPI: Reserving SSDT table memory at [mem 0xd773c000-0xd773c8ba]
[    0.111315] ACPI: Reserving HEST table memory at [mem 0xd773b000-0xd773b173]
[    0.111330] ACPI: Reserving BERT table memory at [mem 0xd773a000-0xd773a02f]
[    0.111345] ACPI: Reserving ERST table memory at [mem 0xd7739000-0xd773922f]
[    0.111360] ACPI: Reserving PRMT table memory at [mem 0xd7738000-0xd77381db]
[    0.111375] ACPI: Reserving SPCR table memory at [mem 0xd7737000-0xd773704f]
[    0.111390] ACPI: Reserving SRAT table memory at [mem 0xd7747000-0xd775b127]
[    0.111405] ACPI: Reserving SLIT table memory at [mem 0xd7746000-0xd774604f]
[    0.111420] ACPI: Reserving HMAT table memory at [mem 0xd7745000-0xd7745297]
[    0.111462] Setting APIC routing to cluster x2apic.
[    0.111643] SRAT: PXM 0 -> APIC 0x0000 -> Node 0
[    0.111656] SRAT: PXM 0 -> APIC 0x0002 -> Node 0
[    0.111669] SRAT: PXM 0 -> APIC 0x0008 -> Node 0
[    0.111682] SRAT: PXM 0 -> APIC 0x000a -> Node 0
[    0.111695] SRAT: PXM 0 -> APIC 0x0100 -> Node 0
[    0.111708] SRAT: PXM 0 -> APIC 0x0102 -> Node 0
[    0.111722] SRAT: PXM 0 -> APIC 0x0108 -> Node 0
[    0.111735] SRAT: PXM 0 -> APIC 0x010a -> Node 0
[    0.111748] SRAT: PXM 0 -> APIC 0x0200 -> Node 0
[    0.111761] SRAT: PXM 0 -> APIC 0x0202 -> Node 0
[    0.111774] SRAT: PXM 0 -> APIC 0x0208 -> Node 0
[    0.111788] SRAT: PXM 0 -> APIC 0x020a -> Node 0
[    0.111801] SRAT: PXM 0 -> APIC 0x0300 -> Node 0
[    0.111814] SRAT: PXM 0 -> APIC 0x0302 -> Node 0
[    0.111827] SRAT: PXM 0 -> APIC 0x0308 -> Node 0
[    0.111840] SRAT: PXM 0 -> APIC 0x030a -> Node 0
[    0.111998] ACPI: SRAT: Node 0 PXM 0 [mem 0x00000000-0xdfffffff]
[    0.112012] ACPI: SRAT: Node 0 PXM 0 [mem 0x100000000-0x3fffffffff]
[    0.112065] ACPI: SRAT: Node 1 PXM 5 [mem 0x20000000000-0x200ffffffff]
[    0.112090] NUMA: Initialized distance table, cnt=2
[    0.112114] NUMA: Node 0 [mem 0x00000000-0xdfffffff] + [mem 0x100000000-0x3ffeffffff] -> [mem 0x00000000-0x3ffeffffff]
[    0.112156] NODE_DATA(0) allocated [mem 0x3fb6fc2000-0x3fb6fecfff]
[    0.113166] Reserving 512MB of memory at 2432MB for crashkernel (System RAM: 261362MB)
[    0.113834] Zone ranges:
[    0.113846]   DMA      [mem 0x0000000000001000-0x0000000000ffffff]
[    0.113870]   DMA32    [mem 0x0000000001000000-0x00000000ffffffff]
[    0.113894]   Normal   [mem 0x0000000100000000-0x0000003ffeffffff]
[    0.113919]   Device   empty
[    0.113942] Movable zone start for each node
[    0.113958] Early memory node ranges
[    0.113970]   node   0: [mem 0x0000000000001000-0x000000000009ffff]
[    0.113984]   node   0: [mem 0x0000000000100000-0x00000000bb779fff]
[    0.113998]   node   0: [mem 0x00000000bcd2e000-0x00000000bd0ebfff]
[    0.114012]   node   0: [mem 0x00000000bd284000-0x00000000bd41bfff]
[    0.114025]   node   0: [mem 0x00000000bd856000-0x00000000bda5dfff]
[    0.114039]   node   0: [mem 0x00000000bdb77000-0x00000000bdc8ffff]
[    0.114053]   node   0: [mem 0x00000000bdfbc000-0x00000000bf434fff]
[    0.114066]   node   0: [mem 0x00000000c0636000-0x00000000cba02fff]
[    0.114080]   node   0: [mem 0x00000000cba05000-0x00000000cba05fff]
[    0.114093]   node   0: [mem 0x00000000cba4e000-0x00000000cba4efff]
[    0.114107]   node   0: [mem 0x00000000cba57000-0x00000000cba57fff]
[    0.114120]   node   0: [mem 0x00000000cd42b000-0x00000000cd42bfff]
[    0.114134]   node   0: [mem 0x00000000cd42d000-0x00000000cd42dfff]
[    0.114148]   node   0: [mem 0x00000000cd640000-0x00000000cd6befff]
[    0.114161]   node   0: [mem 0x00000000cd6c0000-0x00000000ce51efff]
[    0.114175]   node   0: [mem 0x00000000cf120000-0x00000000cf132fff]
[    0.114188]   node   0: [mem 0x00000000cf734000-0x00000000d27dcfff]
[    0.114202]   node   0: [mem 0x00000000d284e000-0x00000000d2894fff]
[    0.114215]   node   0: [mem 0x00000000d2897000-0x00000000d2976fff]
[    0.114229]   node   0: [mem 0x00000000d2979000-0x00000000d2f54fff]
[    0.114243]   node   0: [mem 0x00000000d2f5e000-0x00000000d34bbfff]
[    0.114256]   node   0: [mem 0x00000000d3abc000-0x00000000d3c5ffff]
[    0.114270]   node   0: [mem 0x00000000d3c7c000-0x00000000d69cefff]
[    0.114283]   node   0: [mem 0x00000000d77ff000-0x00000000d77fffff]
[    0.114297]   node   0: [mem 0x0000000100000000-0x0000003ffeffffff]
[    0.114380] Initmem setup node 0 [mem 0x0000000000001000-0x0000003ffeffffff]
[    0.114401] On node 0, zone DMA: 1 pages in unavailable ranges
[    0.114468] On node 0, zone DMA: 96 pages in unavailable ranges
[    0.125038] On node 0, zone DMA32: 5556 pages in unavailable ranges
[    0.125069] On node 0, zone DMA32: 408 pages in unavailable ranges
[    0.125123] On node 0, zone DMA32: 1082 pages in unavailable ranges
[    0.125149] On node 0, zone DMA32: 281 pages in unavailable ranges
[    0.125259] On node 0, zone DMA32: 812 pages in unavailable ranges
[    0.126040] On node 0, zone DMA32: 4609 pages in unavailable ranges
[    0.126054] On node 0, zone DMA32: 2 pages in unavailable ranges
[    0.126069] On node 0, zone DMA32: 72 pages in unavailable ranges
[    0.126083] On node 0, zone DMA32: 8 pages in unavailable ranges
[    0.126301] On node 0, zone DMA32: 6611 pages in unavailable ranges
[    0.126315] On node 0, zone DMA32: 1 pages in unavailable ranges
[    0.126346] On node 0, zone DMA32: 530 pages in unavailable ranges
[    0.126409] On node 0, zone DMA32: 1 pages in unavailable ranges
[    0.126518] On node 0, zone DMA32: 3073 pages in unavailable ranges
[    0.126748] On node 0, zone DMA32: 1537 pages in unavailable ranges
[    0.126766] On node 0, zone DMA32: 113 pages in unavailable ranges
[    0.126783] On node 0, zone DMA32: 2 pages in unavailable ranges
[    0.126817] On node 0, zone DMA32: 2 pages in unavailable ranges
[    0.126849] On node 0, zone DMA32: 9 pages in unavailable ranges
[    0.126915] On node 0, zone DMA32: 1536 pages in unavailable ranges
[    0.127087] On node 0, zone DMA32: 28 pages in unavailable ranges
[    0.127213] On node 0, zone DMA32: 3632 pages in unavailable ranges
[    1.024281] On node 0, zone Normal: 2048 pages in unavailable ranges
[    1.024421] On node 0, zone Normal: 4096 pages in unavailable ranges
[    1.029301] ACPI: PM-Timer IO Port: 0x508
[    1.029320] ACPI: X2APIC_NMI (uid[0xffffffff] high edge lint[0x1])
[    1.029335] ACPI: LAPIC_NMI (acpi_id[0xff] high edge lint[0x1])
[    1.029350] IOAPIC[0]: apic_id 8, version 32, address 0xfec00000, GSI 0-23
[    1.029366] ACPI: INT_SRC_OVR (bus 0 bus_irq 0 global_irq 2 dfl dfl)
[    1.029380] ACPI: INT_SRC_OVR (bus 0 bus_irq 9 global_irq 9 high level)
[    1.029397] ACPI: Using ACPI (MADT) for SMP configuration information
[    1.029409] ACPI: HPET id: 0x8086a701 base: 0xfed00000
[    1.029427] ACPI: SPCR: console: uart,io,0x3f8,115200
[    1.029440] TSC deadline timer available
[    1.029452] smpboot: Allowing 16 CPUs, 0 hotplug CPUs
[    1.029820] PM: hibernation: Registered nosave memory: [mem 0x00000000-0x00000fff]
[    1.029842] PM: hibernation: Registered nosave memory: [mem 0x000a0000-0x000fffff]
[    1.029864] PM: hibernation: Registered nosave memory: [mem 0xbb77a000-0xbcd2dfff]
[    1.029886] PM: hibernation: Registered nosave memory: [mem 0xbd0ec000-0xbd283fff]
[    1.029908] PM: hibernation: Registered nosave memory: [mem 0xbd41c000-0xbd855fff]
[    1.029930] PM: hibernation: Registered nosave memory: [mem 0xbda5e000-0xbdb76fff]
[    1.029952] PM: hibernation: Registered nosave memory: [mem 0xbdc90000-0xbdfbbfff]
[    1.029975] PM: hibernation: Registered nosave memory: [mem 0xbf435000-0xc0635fff]
[    1.029997] PM: hibernation: Registered nosave memory: [mem 0xcba03000-0xcba04fff]
[    1.030020] PM: hibernation: Registered nosave memory: [mem 0xcba06000-0xcba4dfff]
[    1.030042] PM: hibernation: Registered nosave memory: [mem 0xcba4f000-0xcba56fff]
[    1.030065] PM: hibernation: Registered nosave memory: [mem 0xcba58000-0xcd42afff]
[    1.030088] PM: hibernation: Registered nosave memory: [mem 0xcd42c000-0xcd42cfff]
[    1.030111] PM: hibernation: Registered nosave memory: [mem 0xcd42e000-0xcd63ffff]
[    1.030134] PM: hibernation: Registered nosave memory: [mem 0xcd6bf000-0xcd6bffff]
[    1.030157] PM: hibernation: Registered nosave memory: [mem 0xce51f000-0xcf11ffff]
[    1.030180] PM: hibernation: Registered nosave memory: [mem 0xcf133000-0xcf732fff]
[    1.030193] PM: hibernation: Registered nosave memory: [mem 0xcf733000-0xcf733fff]
[    1.030217] PM: hibernation: Registered nosave memory: [mem 0xd27dd000-0xd284dfff]
[    1.030240] PM: hibernation: Registered nosave memory: [mem 0xd2895000-0xd2896fff]
[    1.030263] PM: hibernation: Registered nosave memory: [mem 0xd2977000-0xd2978fff]
[    1.030287] PM: hibernation: Registered nosave memory: [mem 0xd2f55000-0xd2f5dfff]
[    1.030311] PM: hibernation: Registered nosave memory: [mem 0xd34bc000-0xd3abbfff]
[    1.030335] PM: hibernation: Registered nosave memory: [mem 0xd3c60000-0xd3c7bfff]
[    1.030359] PM: hibernation: Registered nosave memory: [mem 0xd69cf000-0xd6ccefff]
[    1.030372] PM: hibernation: Registered nosave memory: [mem 0xd6ccf000-0xd76fefff]
[    1.030385] PM: hibernation: Registered nosave memory: [mem 0xd76ff000-0xd77fefff]
[    1.030409] PM: hibernation: Registered nosave memory: [mem 0xd7800000-0xdfffffff]
[    1.030423] PM: hibernation: Registered nosave memory: [mem 0xe0000000-0xf282ffff]
[    1.030436] PM: hibernation: Registered nosave memory: [mem 0xf2830000-0xf2830fff]
[    1.030450] PM: hibernation: Registered nosave memory: [mem 0xf2831000-0xffffffff]
[    1.030464] [mem 0xe0000000-0xf282ffff] available for PCI devices
[    1.030479] Booting paravirtualized kernel on bare hardware
[    1.030492] clocksource: refined-jiffies: mask: 0xffffffff max_cycles: 0xffffffff, max_idle_ns: 1910969940391419 ns
[    1.044240] setup_percpu: NR_CPUS:8192 nr_cpumask_bits:16 nr_cpu_ids:16 nr_node_ids:2
[    1.044332] percpu: Embedded 54 pages/cpu s184232 r8192 d28760 u262144
[    1.044405] pcpu-alloc: s184232 r8192 d28760 u262144 alloc=1*2097152
[    1.044430] pcpu-alloc: [0] 00 01 02 03 04 05 06 07 [0] 08 09 10 11 12 13 14 15 
[    1.044888] Fallback order for Node 0: 0 
[    1.044924] Built 1 zonelists, mobility grouping on.  Total pages: 65863266
[    1.044937] Policy zone: Normal
[    1.044950] Kernel command line: BOOT_IMAGE=(hd1,gpt2)/vmlinuz-5.17.0-d6ccf45113fb-gd6ccf45113fb root=/dev/mapper/cs-root ro crashkernel=1G-4G:192M,4G-64G:256M,64G-:512M resume=/dev/mapper/cs-swap rd.lvm.lv=cs/root rd.lvm.lv=cs/swap rhgb quiet console=tty0 console=ttyS0,115200n8 intel_iommu=on,sm_on initcall_debug log_buf_len=200M no_console_suspend ignore_loglevel selinux=0 cxl_acpi.dyndbg=+fplm cxl_pci.dyndbg=+fplm cxl_core.dyndbg=+fplm cxl_mem.dyndbg=+fplm cxl_pmem.dyndbg=+fplm cxl_port.dyndbg=+fplm cxl_region.dyndbg=+fplm cxl_test.dyndbg=+fplm cxl_mock.dyndbg=+fplm cxl_mock_mem.dyndbg=+fplm
[    1.045205] DMAR: IOMMU enabled
[    1.045217] DMAR: Enable scalable mode if hardware supports
[    1.045620] Unknown kernel command line parameters "rhgb BOOT_IMAGE=(hd1,gpt2)/vmlinuz-5.17.0-d6ccf45113fb-gd6ccf45113fb", will be passed to user space.
[    1.045654] Dentry cache hash table entries: 16777216 (order: 15, 134217728 bytes, linear)
[    1.045685] Inode-cache hash table entries: 8388608 (order: 14, 67108864 bytes, linear)
[    1.045894] mem auto-init: stack:off, heap alloc:off, heap free:off
[    1.940739] Memory: 260967024K/267635512K available (20493K kernel code, 60544K rwdata, 10652K rodata, 2572K init, 24668K bss, 6668284K reserved, 0K cma-reserved)
[    1.944371] SLUB: HWalign=64, Order=0-3, MinObjects=0, CPUs=16, Nodes=2
[    1.944385] kmemleak: Kernel memory leak detector disabled
[    1.944419] ftrace: allocating 62310 entries in 244 pages
[    1.952360] ftrace: allocated 244 pages with 5 groups
[    1.953290] Dynamic Preempt: none
[    1.953385] rcu: Preemptible hierarchical RCU implementation.
[    1.953397] rcu: 	RCU restricting CPUs from NR_CPUS=8192 to nr_cpu_ids=16.
[    1.953410] 	Trampoline variant of Tasks RCU enabled.
[    1.953422] 	Rude variant of Tasks RCU enabled.
[    1.953435] 	Tracing variant of Tasks RCU enabled.
[    1.953447] rcu: RCU calculated value of scheduler-enlistment delay is 100 jiffies.
[    1.953460] rcu: Adjusting geometry for rcu_fanout_leaf=16, nr_cpu_ids=16
[    1.968243] NR_IRQS: 524544, nr_irqs: 552, preallocated irqs: 16
[    1.968966] random: get_random_bytes called from start_kernel+0x4c6/0x69a with crng_init=0
[    1.969029] calling  con_init+0x0/0x22c @ 0
[    1.969059] Console: colour dummy device 80x25
[    1.972428] printk: console [tty0] enabled
[    1.972444] initcall con_init+0x0/0x22c returned 0 after 0 usecs
[    1.972464] calling  hvc_console_init+0x0/0x14 @ 0
[    1.972483] initcall hvc_console_init+0x0/0x14 returned 0 after 0 usecs
[    1.972504] calling  univ8250_console_init+0x0/0x27 @ 0
[    2.785422] printk: console [ttyS0] enabled
[    2.786440] initcall univ8250_console_init+0x0/0x27 returned 0 after 0 usecs
[    2.788124] calling  kgdboc_earlycon_late_init+0x0/0x1d @ 0
[    2.789466] initcall kgdboc_earlycon_late_init+0x0/0x1d returned 0 after 0 usecs
[    2.791266] ACPI: Core revision 20211217
[    2.820799] clocksource: hpet: mask: 0xffffffff max_cycles: 0xffffffff, max_idle_ns: 76450417870 ns
[    2.822963] APIC: Switch to symmetric I/O mode setup
[    2.824224] DMAR: Host address width 52
[    2.825223] DMAR: DRHD base: 0x0017ff40000000 flags: 0x0
[    2.826568] DMAR: dmar0: reg_base_addr 17ff40000000 ver 8:0 cap f9e8008cee730c06 ecap 7bbfef9ea4f0efdf
[    2.828836] DMAR: DRHD base: 0x0017ff80000000 flags: 0x0
[    2.830181] DMAR: dmar1: reg_base_addr 17ff80000000 ver 8:0 cap f9e8008cee730c06 ecap 7bbfef9ea4f0efdf
[    2.832449] DMAR: DRHD base: 0x0017ffc0000000 flags: 0x0
[    2.833794] DMAR: dmar2: reg_base_addr 17ffc0000000 ver 8:0 cap f9e8008cee730c06 ecap 7bbfef9ea4f0efdf
[    2.836063] DMAR: DRHD base: 0x001ffec0000000 flags: 0x0
[    2.837408] DMAR: dmar3: reg_base_addr 1ffec0000000 ver 8:0 cap f9e8008cee730c06 ecap 7bbfef9ea4f0efdf
[    2.839738] DMAR: DRHD base: 0x001fff00000000 flags: 0x0
[    2.841083] DMAR: dmar4: reg_base_addr 1fff00000000 ver 8:0 cap f9e8008cee730c06 ecap 7bbfef9ea4f0efdf
[    2.843351] DMAR: DRHD base: 0x001fff40000000 flags: 0x0
[    2.844707] DMAR: dmar5: reg_base_addr 1fff40000000 ver 8:0 cap f9e8008cee730c06 ecap 7bbfef9ea4f0efdf
[    2.846976] DMAR: DRHD base: 0x001fff80000000 flags: 0x0
[    2.848321] DMAR: dmar6: reg_base_addr 1fff80000000 ver 8:0 cap f9e8008cee730c06 ecap 7bbfef9ea4f0efdf
[    2.850589] DMAR: DRHD base: 0x0017ff00000000 flags: 0x0
[    2.851934] DMAR: dmar7: reg_base_addr 17ff00000000 ver 8:0 cap f9e8008cee730c06 ecap 7bbfef9ea4f0efdf
[    2.854264] DMAR: ATSR flags: 0x1
[    2.855081] DMAR: ATSR flags: 0x1
[    2.855960] DMAR: SATC flags: 0x0
[    2.856839] DMAR: SATC flags: 0x0
[    2.857718] DMAR-IR: IOAPIC id 8 under DRHD base  0x17ff00000000 IOMMU 7
[    2.859382] DMAR-IR: HPET id 0 under DRHD base 0x17ff00000000
[    2.860824] DMAR-IR: Queued invalidation will be enabled to support x2apic and Intr-remapping.
[    2.864990] DMAR-IR: Enabled IRQ remapping in x2apic mode
[    2.867061] ..TIMER: vector=0x30 apic1=0 pin1=2 apic2=-1 pin2=-1
[    2.872985] clocksource: tsc-early: mask: 0xffffffffffffffff max_cycles: 0x22983777dd9, max_idle_ns: 440795300422 ns
[    2.875524] Calibrating delay loop (skipped), value calculated using timer frequency.. 4800.00 BogoMIPS (lpj=2400000)
[    2.876565] pid_max: default: 32768 minimum: 301
MmEntryPoint ...
ClearRasRegister: Success to get RAS policy.
MmEntryPoint Done
[    2.907594] LSM: Security Framework initializing
[    2.909778] Mount-cache hash table entries: 262144 (order: 9, 2097152 bytes, linear)
[    2.910750] Mountpoint-cache hash table entries: 262144 (order: 9, 2097152 bytes, linear)
[    2.911933] x86/cpu: SGX disabled by BIOS.
[    2.912586] x86/tme: not enabled by BIOS
[    2.913565] CPU0: Thermal monitoring enabled (TM1)
[    2.914565] x86/cpu: User Mode Instruction Prevention (UMIP) activated
[    2.915570] process: using mwait in idle threads
[    2.916566] Last level iTLB entries: 4KB 0, 2MB 0, 4MB 0
[    2.917565] Last level dTLB entries: 4KB 0, 2MB 0, 4MB 0, 1GB 0
[    2.918568] Spectre V1 : Mitigation: usercopy/swapgs barriers and __user pointer sanitization
[    2.919571] Spectre V2 : Mitigation: Enhanced IBRS
[    2.920565] Spectre V2 : Spectre v2 / SpectreRSB mitigation: Filling RSB on context switch
[    2.921568] Spectre V2 : mitigation: Enabling conditional Indirect Branch Prediction Barrier
[    2.922571] Speculative Store Bypass: Mitigation: Speculative Store Bypass disabled via prctl
[    2.935499] Freeing SMP alternatives memory: 60K
[    2.935764] smpboot: CPU0: Intel(R) Core TM M7-6Y75 @ 2.00GHZ (family: 0x13, model: 0x0, stepping: 0x0)
[    2.937514] cblist_init_generic: Setting adjustable number of callback queues.
[    2.937565] cblist_init_generic: Setting shift to 4 and lim to 1.
[    2.938715] cblist_init_generic: Setting shift to 4 and lim to 1.
[    2.939716] cblist_init_generic: Setting shift to 4 and lim to 1.
[    2.940704] calling  init_hw_perf_events+0x0/0x61a @ 1
[    2.941565] Performance Events: XSAVE Architectural LBR,  AnyThread deprecated, generic architected perfmon, 32-deep LBR, full-width counters, Intel PMU driver.
[    2.942565] ... version:                6
[    2.943555] ... bit width:              48
[    2.944565] ... generic registers:      8
[    2.945555] ... value mask:             0000ffffffffffff
[    2.946565] ... max period:             00007fffffffffff
[    2.947586] ... fixed-purpose events:   4
[    2.948565] ... event mask:             0001000f000000ff
[    2.949642] initcall init_hw_perf_events+0x0/0x61a returned 0 after 7812 usecs
[    2.950565] calling  init_real_mode+0x0/0x1ee @ 1
[    2.951572] initcall init_real_mode+0x0/0x1ee returned 0 after 0 usecs
[    2.952565] calling  trace_init_perf_perm_irq_work_exit+0x0/0x13 @ 1
[    2.953565] initcall trace_init_perf_perm_irq_work_exit+0x0/0x13 returned 0 after 0 usecs
[    2.954565] calling  register_nmi_cpu_backtrace_handler+0x0/0x16 @ 1
[    2.955565] initcall register_nmi_cpu_backtrace_handler+0x0/0x16 returned 0 after 0 usecs
[    2.956565] calling  kvm_setup_vsyscall_timeinfo+0x0/0xe6 @ 1
[    2.957565] initcall kvm_setup_vsyscall_timeinfo+0x0/0xe6 returned 0 after 0 usecs
[    2.958565] calling  spawn_ksoftirqd+0x0/0x39 @ 1
[    2.959728] initcall spawn_ksoftirqd+0x0/0x39 returned 0 after 0 usecs
[    2.960565] calling  migration_init+0x0/0x32 @ 1
[    2.961565] initcall migration_init+0x0/0x32 returned 0 after 0 usecs
[    2.962565] calling  srcu_bootup_announce+0x0/0x30 @ 1
[    2.963565] rcu: Hierarchical SRCU implementation.
[    2.964565] initcall srcu_bootup_announce+0x0/0x30 returned 0 after 976 usecs
[    2.965565] calling  rcu_spawn_gp_kthread+0x0/0x188 @ 1
[    2.966702] initcall rcu_spawn_gp_kthread+0x0/0x188 returned 0 after 0 usecs
[    2.967565] calling  check_cpu_stall_init+0x0/0x1b @ 1
[    2.968565] initcall check_cpu_stall_init+0x0/0x1b returned 0 after 0 usecs
[    2.969565] calling  rcu_sysrq_init+0x0/0x22 @ 1
[    2.970565] initcall rcu_sysrq_init+0x0/0x22 returned 0 after 0 usecs
[    2.971565] calling  trace_init_flags_sys_enter+0x0/0xf @ 1
[    2.972565] initcall trace_init_flags_sys_enter+0x0/0xf returned 0 after 0 usecs
[    2.973565] calling  trace_init_flags_sys_exit+0x0/0xf @ 1
[    2.974565] initcall trace_init_flags_sys_exit+0x0/0xf returned 0 after 0 usecs
[    2.975565] calling  cpu_stop_init+0x0/0xa7 @ 1
[    2.976738] initcall cpu_stop_init+0x0/0xa7 returned 0 after 0 usecs
[    2.977597] calling  init_kprobes+0x0/0x183 @ 1
[    2.978951] initcall init_kprobes+0x0/0x183 returned 0 after 0 usecs
[    2.979565] calling  init_events+0x0/0x40 @ 1
[    2.980588] initcall init_events+0x0/0x40 returned 0 after 0 usecs
[    2.981565] calling  init_trace_printk+0x0/0xc @ 1
[    2.982565] initcall init_trace_printk+0x0/0xc returned 0 after 0 usecs
[    2.983565] calling  event_trace_enable_again+0x0/0x3e @ 1
[    2.984565] initcall event_trace_enable_again+0x0/0x3e returned 0 after 0 usecs
[    2.985565] calling  irq_work_init_threads+0x0/0x3 @ 1
[    2.986565] initcall irq_work_init_threads+0x0/0x3 returned 0 after 0 usecs
[    2.987565] calling  static_call_init+0x0/0x7f @ 1
[    2.988565] initcall static_call_init+0x0/0x7f returned 0 after 0 usecs
[    2.989565] calling  init_zero_pfn+0x0/0x38 @ 1
[    2.990565] initcall init_zero_pfn+0x0/0x38 returned 0 after 0 usecs
[    2.991565] calling  init_fs_inode_sysctls+0x0/0x22 @ 1
[    2.992566] initcall init_fs_inode_sysctls+0x0/0x22 returned 0 after 0 usecs
[    2.993565] calling  init_fs_locks_sysctls+0x0/0x22 @ 1
[    2.994566] initcall init_fs_locks_sysctls+0x0/0x22 returned 0 after 0 usecs
[    2.995565] calling  dynamic_debug_init+0x0/0x159 @ 1
[    2.996875] initcall dynamic_debug_init+0x0/0x159 returned 0 after 0 usecs
[    2.997565] calling  initialize_ptr_random+0x0/0x45 @ 1
[    2.998565] initcall initialize_ptr_random+0x0/0x45 returned 0 after 0 usecs
[    2.999565] calling  mce_amd_init+0x0/0x1f3 @ 1
[    3.000565] initcall mce_amd_init+0x0/0x1f3 returned -19 after 0 usecs
[    3.001565] calling  efi_memreserve_root_init+0x0/0x26 @ 1
[    3.002565] initcall efi_memreserve_root_init+0x0/0x26 returned 0 after 0 usecs
[    3.003565] calling  efi_earlycon_remap_fb+0x0/0x4e @ 1
[    3.004565] initcall efi_earlycon_remap_fb+0x0/0x4e returned 0 after 0 usecs
[    3.005565] calling  idle_inject_init+0x0/0x11 @ 1
[    3.006755] initcall idle_inject_init+0x0/0x11 returned 0 after 0 usecs
[    3.008577] smp: Bringing up secondary CPUs ...
[    3.010412] x86: Booting SMP configuration:
[    3.010597] .... node  #0, CPUs:        #1  #2  #3  #4
[    0.871591] smpboot: CPU 4 Converting physical 32 to logical die 2
[    3.070811]   #5  #6
[    0.871591] smpboot: CPU 6 Converting physical 33 to logical die 3
[    3.103822]   #7  #8
[    0.871591] smpboot: CPU 8 Converting physical 64 to logical die 4
[    3.136663]   #9 #10
[    0.871591] smpboot: CPU 10 Converting physical 65 to logical die 5
[    3.169673]  #11 #12
[    0.871591] smpboot: CPU 12 Converting physical 96 to logical die 6
[    3.202839]  #13 #14
[    0.871591] smpboot: CPU 14 Converting physical 97 to logical die 7
[    3.236023]  #15
[    3.246897] smp: Brought up 1 node, 16 CPUs
[    3.247586] smpboot: Max logical packages: 1
[    3.248566] smpboot: Total of 16 processors activated (76800.00 BogoMIPS)
[    3.250130] BUG: arch topology borken
[    3.250597]      the CLS domain not a subset of the MC domain
[    3.251569] BUG: arch topology borken
[    3.252466]      the CLS domain not a subset of the MC domain
[    3.252569] BUG: arch topology borken
[    3.253466]      the CLS domain not a subset of the MC domain
[    3.253569] BUG: arch topology borken
[    3.254466]      the CLS domain not a subset of the MC domain
[    3.254569] BUG: arch topology borken
[    3.255466]      the CLS domain not a subset of the MC domain
[    3.255569] BUG: arch topology borken
[    3.256466]      the CLS domain not a subset of the MC domain
[    3.256569] BUG: arch topology borken
[    3.257466]      the CLS domain not a subset of the MC domain
[    3.257569] BUG: arch topology borken
[    3.258465]      the CLS domain not a subset of the MC domain
[    3.258569] BUG: arch topology borken
[    3.259466]      the CLS domain not a subset of the MC domain
[    3.259569] BUG: arch topology borken
[    3.260466]      the CLS domain not a subset of the MC domain
[    3.260569] BUG: arch topology borken
[    3.261466]      the CLS domain not a subset of the MC domain
[    3.261569] BUG: arch topology borken
[    3.262466]      the CLS domain not a subset of the MC domain
[    3.262569] BUG: arch topology borken
[    3.263466]      the CLS domain not a subset of the MC domain
[    3.263569] BUG: arch topology borken
[    3.264466]      the CLS domain not a subset of the MC domain
[    3.264569] BUG: arch topology borken
[    3.265466]      the CLS domain not a subset of the MC domain
[    3.265569] BUG: arch topology borken
[    3.266466]      the CLS domain not a subset of the MC domain
[    3.278688] devtmpfs: initialized
[    3.279690] x86/mm: Memory block size: 2048MB
[    3.284919] calling  bpf_jit_charge_init+0x0/0x3c @ 1
[    3.285586] initcall bpf_jit_charge_init+0x0/0x3c returned 0 after 0 usecs
[    3.286565] calling  ipc_ns_init+0x0/0x3f @ 1
[    3.287567] initcall ipc_ns_init+0x0/0x3f returned 0 after 0 usecs
[    3.288565] calling  init_mmap_min_addr+0x0/0x27 @ 1
[    3.289565] initcall init_mmap_min_addr+0x0/0x27 returned 0 after 0 usecs
[    3.290565] calling  pci_realloc_setup_params+0x0/0x41 @ 1
[    3.291565] initcall pci_realloc_setup_params+0x0/0x41 returned 0 after 0 usecs
[    3.292565] calling  net_ns_init+0x0/0x111 @ 1
[    3.293593] initcall net_ns_init+0x0/0x111 returned 0 after 0 usecs
[    3.294596] calling  inet_frag_wq_init+0x0/0x3d @ 1
[    3.295592] initcall inet_frag_wq_init+0x0/0x3d returned 0 after 0 usecs
[    3.297072] calling  e820__register_nvs_regions+0x0/0x38 @ 1
[    3.297566] ACPI: PM: Registering ACPI NVS region [mem 0xcd6bf000-0xcd6bffff] (4096 bytes)
[    3.298565] ACPI: PM: Registering ACPI NVS region [mem 0xce51f000-0xcf11ffff] (12587008 bytes)
[    3.300440] ACPI: PM: Registering ACPI NVS region [mem 0xcf733000-0xcf733fff] (4096 bytes)
[    3.300565] ACPI: PM: Registering ACPI NVS region [mem 0xd6ccf000-0xd76fefff] (10682368 bytes)
[    3.302325] initcall e820__register_nvs_regions+0x0/0x38 returned 0 after 3906 usecs
[    3.302565] calling  cpufreq_register_tsc_scaling+0x0/0x2a @ 1
[    3.303565] initcall cpufreq_register_tsc_scaling+0x0/0x2a returned 0 after 0 usecs
[    3.304565] calling  reboot_init+0x0/0x3d @ 1
[    3.305571] initcall reboot_init+0x0/0x3d returned 0 after 0 usecs
[    3.306565] calling  init_lapic_sysfs+0x0/0x21 @ 1
[    3.307565] initcall init_lapic_sysfs+0x0/0x21 returned 0 after 0 usecs
[    3.308565] calling  alloc_frozen_cpus+0x0/0x1e @ 1
[    3.309565] initcall alloc_frozen_cpus+0x0/0x1e returned 0 after 0 usecs
[    3.310565] calling  cpu_hotplug_pm_sync_init+0x0/0x14 @ 1
[    3.311565] initcall cpu_hotplug_pm_sync_init+0x0/0x14 returned 0 after 0 usecs
[    3.312565] calling  wq_sysfs_init+0x0/0x2b @ 1
[    3.313595] initcall wq_sysfs_init+0x0/0x2b returned 0 after 0 usecs
[    3.314565] calling  ksysfs_init+0x0/0x93 @ 1
[    3.315574] initcall ksysfs_init+0x0/0x93 returned 0 after 0 usecs
[    3.316565] calling  schedutil_gov_init+0x0/0x11 @ 1
[    3.317565] initcall schedutil_gov_init+0x0/0x11 returned 0 after 0 usecs
[    3.318565] calling  pm_init+0x0/0x73 @ 1
[    3.319601] initcall pm_init+0x0/0x73 returned 0 after 976 usecs
[    3.320565] calling  pm_disk_init+0x0/0x18 @ 1
[    3.321569] initcall pm_disk_init+0x0/0x18 returned 0 after 0 usecs
[    3.322565] calling  swsusp_header_init+0x0/0x2c @ 1
[    3.323566] initcall swsusp_header_init+0x0/0x2c returned 0 after 0 usecs
[    3.324565] calling  rcu_set_runtime_mode+0x0/0x17 @ 1
[    3.325567] initcall rcu_set_runtime_mode+0x0/0x17 returned 0 after 0 usecs
[    3.326565] calling  init_jiffies_clocksource+0x0/0x18 @ 1
[    3.327565] clocksource: jiffies: mask: 0xffffffff max_cycles: 0xffffffff, max_idle_ns: 1911260446275000 ns
[    3.328566] initcall init_jiffies_clocksource+0x0/0x18 returned 0 after 976 usecs
[    3.329565] calling  futex_init+0x0/0xfe @ 1
[    3.330567] futex hash table entries: 4096 (order: 6, 262144 bytes, linear)
[    3.331612] initcall futex_init+0x0/0xfe returned 0 after 976 usecs
[    3.332565] calling  cgroup_wq_init+0x0/0x29 @ 1
[    3.333570] initcall cgroup_wq_init+0x0/0x29 returned 0 after 0 usecs
[    3.334565] calling  cgroup1_wq_init+0x0/0x29 @ 1
[    3.335570] initcall cgroup1_wq_init+0x0/0x29 returned 0 after 0 usecs
[    3.336565] calling  ftrace_mod_cmd_init+0x0/0xc @ 1
[    3.337565] initcall ftrace_mod_cmd_init+0x0/0xc returned 0 after 0 usecs
[    3.338565] calling  init_wakeup_tracer+0x0/0x2d @ 1
[    3.339566] initcall init_wakeup_tracer+0x0/0x2d returned 0 after 0 usecs
[    3.340565] calling  init_graph_trace+0x0/0x5d @ 1
[    3.341566] initcall init_graph_trace+0x0/0x5d returned 0 after 0 usecs
[    3.342565] calling  trace_events_eprobe_init_early+0x0/0x23 @ 1
[    3.343597] initcall trace_events_eprobe_init_early+0x0/0x23 returned 0 after 0 usecs
[    3.344565] calling  trace_events_synth_init_early+0x0/0x23 @ 1
[    3.345565] initcall trace_events_synth_init_early+0x0/0x23 returned 0 after 0 usecs
[    3.346565] calling  init_kprobe_trace_early+0x0/0x26 @ 1
[    3.347565] initcall init_kprobe_trace_early+0x0/0x26 returned 0 after 0 usecs
[    3.348565] calling  mem_cgroup_swap_init+0x0/0x56 @ 1
[    3.349567] initcall mem_cgroup_swap_init+0x0/0x56 returned 0 after 0 usecs
[    3.350565] calling  memory_failure_init+0x0/0xc1 @ 1
[    3.351566] initcall memory_failure_init+0x0/0xc1 returned 0 after 0 usecs
[    3.352565] calling  cma_init_reserved_areas+0x0/0x1e6 @ 1
[    3.353565] initcall cma_init_reserved_areas+0x0/0x1e6 returned 0 after 0 usecs
[    3.354565] calling  fsnotify_init+0x0/0x49 @ 1
[    3.355571] initcall fsnotify_init+0x0/0x49 returned 0 after 0 usecs
[    3.356565] calling  filelock_init+0x0/0xb8 @ 1
[    3.357584] initcall filelock_init+0x0/0xb8 returned 0 after 0 usecs
[    3.358565] calling  init_script_binfmt+0x0/0x16 @ 1
[    3.359565] initcall init_script_binfmt+0x0/0x16 returned 0 after 0 usecs
[    3.360565] calling  init_elf_binfmt+0x0/0x16 @ 1
[    3.361565] initcall init_elf_binfmt+0x0/0x16 returned 0 after 0 usecs
[    3.362565] calling  init_compat_elf_binfmt+0x0/0x16 @ 1
[    3.363565] initcall init_compat_elf_binfmt+0x0/0x16 returned 0 after 0 usecs
[    3.364565] calling  configfs_init+0x0/0x94 @ 1
[    3.365567] initcall configfs_init+0x0/0x94 returned 0 after 0 usecs
[    3.366565] calling  debugfs_init+0x0/0x5d @ 1
[    3.367566] initcall debugfs_init+0x0/0x5d returned 0 after 0 usecs
[    3.368565] calling  tracefs_init+0x0/0x3b @ 1
[    3.369577] initcall tracefs_init+0x0/0x3b returned 0 after 0 usecs
[    3.370565] calling  securityfs_init+0x0/0x69 @ 1
[    3.371577] initcall securityfs_init+0x0/0x69 returned 0 after 0 usecs
[    3.372565] calling  register_xor_blocks+0x0/0x9d @ 1
[    3.373565] initcall register_xor_blocks+0x0/0x9d returned 0 after 0 usecs
[    3.374565] calling  prandom_init_early+0x0/0x155 @ 1
[    3.375566] initcall prandom_init_early+0x0/0x155 returned 0 after 0 usecs
[    3.376565] calling  pinctrl_init+0x0/0xae @ 1
[    3.377565] pinctrl core: initialized pinctrl subsystem
[    3.378599] initcall pinctrl_init+0x0/0xae returned 0 after 976 usecs
[    3.379565] calling  gpiolib_dev_init+0x0/0xfd @ 1
[    3.380577] initcall gpiolib_dev_init+0x0/0xfd returned 0 after 0 usecs
[    3.381565] calling  virtio_init+0x0/0x20 @ 1
[    3.382572] initcall virtio_init+0x0/0x20 returned 0 after 0 usecs
[    3.383565] calling  iommu_init+0x0/0x30 @ 1
[    3.384568] 
[    3.384961] *************************************************************
[    3.385565] **     NOTICE NOTICE NOTICE NOTICE NOTICE NOTICE NOTICE    **
[    3.386565] **                                                         **
[    3.387565] **  IOMMU DebugFS SUPPORT HAS BEEN ENABLED IN THIS KERNEL  **
[    3.388565] **                                                         **
[    3.389565] ** This means that this kernel is built to expose internal **
[    3.390565] ** IOMMU data structures, which may compromise security on **
[    3.391565] ** your system.                                            **
[    3.392565] **                                                         **
[    3.393565] ** If you see this message and you are not debugging the   **
[    3.394565] ** kernel, report this immediately to your vendor!         **
[    3.395565] **                                                         **
[    3.396565] **     NOTICE NOTICE NOTICE NOTICE NOTICE NOTICE NOTICE    **
[    3.397565] *************************************************************
[    3.398565] initcall iommu_init+0x0/0x30 returned 0 after 13671 usecs
[    3.399565] calling  component_debug_init+0x0/0x1d @ 1
[    3.400567] initcall component_debug_init+0x0/0x1d returned 0 after 0 usecs
[    3.401565] calling  opp_debug_init+0x0/0x1d @ 1
[    3.402567] initcall opp_debug_init+0x0/0x1d returned 0 after 0 usecs
[    3.403565] calling  cpufreq_core_init+0x0/0x63 @ 1
[    3.404566] initcall cpufreq_core_init+0x0/0x63 returned 0 after 0 usecs
[    3.405565] calling  cpufreq_gov_performance_init+0x0/0x11 @ 1
[    3.406597] initcall cpufreq_gov_performance_init+0x0/0x11 returned 0 after 0 usecs
[    3.407565] calling  cpufreq_gov_powersave_init+0x0/0x11 @ 1
[    3.408565] initcall cpufreq_gov_powersave_init+0x0/0x11 returned 0 after 0 usecs
[    3.409565] calling  cpufreq_gov_userspace_init+0x0/0x11 @ 1
[    3.410565] initcall cpufreq_gov_userspace_init+0x0/0x11 returned 0 after 0 usecs
[    3.411565] calling  CPU_FREQ_GOV_ONDEMAND_init+0x0/0x11 @ 1
[    3.412565] initcall CPU_FREQ_GOV_ONDEMAND_init+0x0/0x11 returned 0 after 0 usecs
[    3.413565] calling  CPU_FREQ_GOV_CONSERVATIVE_init+0x0/0x11 @ 1
[    3.414565] initcall CPU_FREQ_GOV_CONSERVATIVE_init+0x0/0x11 returned 0 after 0 usecs
[    3.415565] calling  cpuidle_init+0x0/0x20 @ 1
[    3.416569] initcall cpuidle_init+0x0/0x20 returned 0 after 0 usecs
[    3.417565] calling  capsule_reboot_register+0x0/0x11 @ 1
[    3.418565] initcall capsule_reboot_register+0x0/0x11 returned 0 after 0 usecs
[    3.419565] calling  sock_init+0x0/0x94 @ 1
[    3.421093] initcall sock_init+0x0/0x94 returned 0 after 0 usecs
[    3.421565] calling  net_inuse_init+0x0/0x24 @ 1
[    3.422567] initcall net_inuse_init+0x0/0x24 returned 0 after 0 usecs
[    3.423565] calling  net_defaults_init+0x0/0x24 @ 1
[    3.424565] initcall net_defaults_init+0x0/0x24 returned 0 after 0 usecs
[    3.425565] calling  init_default_flow_dissectors+0x0/0x50 @ 1
[    3.426565] initcall init_default_flow_dissectors+0x0/0x50 returned 0 after 0 usecs
[    3.427565] calling  netpoll_init+0x0/0x46 @ 1
[    3.428565] initcall netpoll_init+0x0/0x46 returned 0 after 0 usecs
[    3.429565] calling  netlink_proto_init+0x0/0x17f @ 1
[    3.430592] NET: Registered PF_NETLINK/PF_ROUTE protocol family
[    3.431571] initcall netlink_proto_init+0x0/0x17f returned 0 after 976 usecs
[    3.432565] calling  genl_init+0x0/0x36 @ 1
[    3.433567] initcall genl_init+0x0/0x36 returned 0 after 0 usecs
[    3.434565] calling  bsp_pm_check_init+0x0/0x14 @ 1
[    3.435565] initcall bsp_pm_check_init+0x0/0x14 returned 0 after 0 usecs
[    3.437041] calling  irq_sysfs_init+0x0/0x94 @ 1
[    3.437792] initcall irq_sysfs_init+0x0/0x94 returned 0 after 0 usecs
[    3.438565] calling  audit_init+0x0/0x1c6 @ 1
[    3.439566] audit: initializing netlink subsys (disabled)
[    3.440589] initcall audit_init+0x0/0x1c6 returned 0 after 976 usecs
[    3.440589] audit: type=2000 audit(1622937246.601:1): state=initialized audit_enabled=0 res=1
[    3.441596] calling  release_early_probes+0x0/0x38 @ 1
[    3.443565] initcall release_early_probes+0x0/0x38 returned 0 after 0 usecs
[    3.444565] calling  bdi_class_init+0x0/0x49 @ 1
[    3.445569] initcall bdi_class_init+0x0/0x49 returned 0 after 0 usecs
[    3.446565] calling  mm_sysfs_init+0x0/0x29 @ 1
[    3.447566] initcall mm_sysfs_init+0x0/0x29 returned 0 after 0 usecs
[    3.448565] calling  init_per_zone_wmark_min+0x0/0x26 @ 1
[    3.449571] initcall init_per_zone_wmark_min+0x0/0x26 returned 0 after 0 usecs
[    3.450565] calling  mpi_init+0x0/0x50 @ 1
[    3.451566] initcall mpi_init+0x0/0x50 returned 0 after 0 usecs
[    3.452565] calling  kobject_uevent_init+0x0/0xc @ 1
[    3.453567] initcall kobject_uevent_init+0x0/0xc returned 0 after 0 usecs
[    3.454565] calling  gpiolib_sysfs_init+0x0/0xa0 @ 1
[    3.455569] initcall gpiolib_sysfs_init+0x0/0xa0 returned 0 after 0 usecs
[    3.456565] calling  acpi_gpio_setup_params+0x0/0x68 @ 1
[    3.457566] initcall acpi_gpio_setup_params+0x0/0x68 returned 0 after 0 usecs
[    3.458565] calling  pcibus_class_init+0x0/0x18 @ 1
[    3.459568] initcall pcibus_class_init+0x0/0x18 returned 0 after 0 usecs
[    3.460565] calling  pci_driver_init+0x0/0x22 @ 1
[    3.461591] initcall pci_driver_init+0x0/0x22 returned 0 after 0 usecs
[    3.462565] calling  backlight_class_init+0x0/0xa6 @ 1
[    3.463568] initcall backlight_class_init+0x0/0xa6 returned 0 after 0 usecs
[    3.464565] calling  tty_class_init+0x0/0x34 @ 1
[    3.465568] initcall tty_class_init+0x0/0x34 returned 0 after 0 usecs
[    3.466565] calling  vtconsole_class_init+0x0/0xd8 @ 1
[    3.467596] initcall vtconsole_class_init+0x0/0xd8 returned 0 after 0 usecs
[    3.468565] calling  iommu_dev_init+0x0/0x18 @ 1
[    3.469599] initcall iommu_dev_init+0x0/0x18 returned 0 after 0 usecs
[    3.470565] calling  mipi_dsi_bus_init+0x0/0x11 @ 1
[    3.471572] initcall mipi_dsi_bus_init+0x0/0x11 returned 0 after 0 usecs
[    3.472565] calling  devlink_class_init+0x0/0x41 @ 1
[    3.473568] initcall devlink_class_init+0x0/0x41 returned 0 after 0 usecs
[    3.474565] calling  software_node_init+0x0/0x2b @ 1
[    3.475566] initcall software_node_init+0x0/0x2b returned 0 after 0 usecs
[    3.476565] calling  wakeup_sources_debugfs_init+0x0/0x24 @ 1
[    3.477567] initcall wakeup_sources_debugfs_init+0x0/0x24 returned 0 after 0 usecs
[    3.478565] calling  wakeup_sources_sysfs_init+0x0/0x30 @ 1
[    3.479568] initcall wakeup_sources_sysfs_init+0x0/0x30 returned 0 after 0 usecs
[    3.480565] calling  register_node_type+0x0/0x2f @ 1
[    3.481598] initcall register_node_type+0x0/0x2f returned 0 after 0 usecs
[    3.482565] calling  regmap_initcall+0x0/0xd @ 1
[    3.483567] initcall regmap_initcall+0x0/0xd returned 0 after 0 usecs
[    3.484565] calling  syscon_init+0x0/0x13 @ 1
[    3.485570] initcall syscon_init+0x0/0x13 returned 0 after 0 usecs
[    3.486565] calling  spi_init+0x0/0x99 @ 1
[    3.487575] initcall spi_init+0x0/0x99 returned 0 after 0 usecs
[    3.488565] calling  i2c_init+0x0/0xbf @ 1
[    3.489578] initcall i2c_init+0x0/0xbf returned 0 after 0 usecs
[    3.490565] calling  thermal_init+0x0/0x136 @ 1
[    3.491572] thermal_sys: Registered thermal governor 'step_wise'
[    3.491583] thermal_sys: Registered thermal governor 'user_space'
[    3.492568] initcall thermal_init+0x0/0x136 returned 0 after 976 usecs
[    3.494565] calling  init_ladder+0x0/0x24 @ 1
[    3.495640] cpuidle: using governor ladder
[    3.496596] initcall init_ladder+0x0/0x24 returned 0 after 976 usecs
[    3.497565] calling  init_menu+0x0/0x11 @ 1
[    3.498632] cpuidle: using governor menu
[    3.499596] initcall init_menu+0x0/0x11 returned 0 after 976 usecs
[    3.500565] calling  init_haltpoll+0x0/0x1d @ 1
[    3.501565] initcall init_haltpoll+0x0/0x1d returned 0 after 0 usecs
[    3.502565] calling  pcc_init+0x0/0x8d @ 1
[    3.503566] initcall pcc_init+0x0/0x8d returned -19 after 0 usecs
[    3.504565] calling  amd_postcore_init+0x0/0x11a @ 1
[    3.505565] initcall amd_postcore_init+0x0/0x11a returned 0 after 0 usecs
[    3.507072] calling  bts_init+0x0/0xbb @ 1
[    3.507566] initcall bts_init+0x0/0xbb returned 0 after 0 usecs
[    3.508565] calling  pt_init+0x0/0x33c @ 1
[    3.510607] initcall pt_init+0x0/0x33c returned 0 after 976 usecs
[    3.511596] calling  boot_params_ksysfs_init+0x0/0x2cb @ 1
[    3.512568] initcall boot_params_ksysfs_init+0x0/0x2cb returned 0 after 0 usecs
[    3.513565] calling  sbf_init+0x0/0xce @ 1
[    3.514565] initcall sbf_init+0x0/0xce returned 0 after 0 usecs
[    3.515565] calling  arch_kdebugfs_init+0x0/0x1d @ 1
[    3.516567] initcall arch_kdebugfs_init+0x0/0x1d returned 0 after 0 usecs
[    3.517565] calling  xfd_update_static_branch+0x0/0x59 @ 1
[    3.518565] initcall xfd_update_static_branch+0x0/0x59 returned 0 after 0 usecs
[    3.519565] calling  intel_pconfig_init+0x0/0x82 @ 1
[    3.520565] initcall intel_pconfig_init+0x0/0x82 returned 0 after 0 usecs
[    3.521565] calling  mtrr_if_init+0x0/0x5e @ 1
[    3.522566] initcall mtrr_if_init+0x0/0x5e returned 0 after 0 usecs
[    3.523565] calling  activate_jump_labels+0x0/0x32 @ 1
[    3.524565] initcall activate_jump_labels+0x0/0x32 returned 0 after 0 usecs
[    3.525565] calling  init_s4_sigcheck+0x0/0x24 @ 1
[    3.526565] initcall init_s4_sigcheck+0x0/0x24 returned 0 after 0 usecs
[    3.527565] calling  ffh_cstate_init+0x0/0x31 @ 1
[    3.528567] initcall ffh_cstate_init+0x0/0x31 returned 0 after 0 usecs
[    3.529565] calling  kvm_alloc_cpumask+0x0/0x98 @ 1
[    3.530565] initcall kvm_alloc_cpumask+0x0/0x98 returned 0 after 0 usecs
[    3.531565] calling  activate_jump_labels+0x0/0x32 @ 1
[    3.532597] initcall activate_jump_labels+0x0/0x32 returned 0 after 0 usecs
[    3.533565] calling  gigantic_pages_init+0x0/0x20 @ 1
[    3.534569] initcall gigantic_pages_init+0x0/0x20 returned 0 after 0 usecs
[    3.535565] calling  kcmp_cookies_init+0x0/0x38 @ 1
[    3.536567] initcall kcmp_cookies_init+0x0/0x38 returned 0 after 0 usecs
[    3.537565] calling  cryptomgr_init+0x0/0x11 @ 1
[    3.538565] initcall cryptomgr_init+0x0/0x11 returned 0 after 0 usecs
[    3.539565] calling  acpi_pci_init+0x0/0x4f @ 1
[    3.540565] acpiphp: ACPI Hot Plug PCI Controller Driver version: 0.5
[    3.541565] initcall acpi_pci_init+0x0/0x4f returned 0 after 976 usecs
[    3.542565] calling  dma_channel_table_init+0x0/0xca @ 1
[    3.543581] initcall dma_channel_table_init+0x0/0xca returned 0 after 0 usecs
[    3.544565] calling  dma_bus_init+0x0/0x10d @ 1
[    3.545616] initcall dma_bus_init+0x0/0x10d returned 0 after 0 usecs
[    3.546565] calling  iommu_dma_init+0x0/0x10 @ 1
[    3.547566] initcall iommu_dma_init+0x0/0x10 returned 0 after 0 usecs
[    3.548565] calling  dmi_id_init+0x0/0x37d @ 1
[    3.549628] initcall dmi_id_init+0x0/0x37d returned 0 after 0 usecs
[    3.550565] calling  pci_arch_init+0x0/0x72 @ 1
[    3.551718] PCI: MMCONFIG for domain 0000 [bus 00-ff] at [mem 0x100000000000-0x10000fffffff] (base 0x100000000000)
[    3.552566] PCI: MMCONFIG for domain 0001 [bus 00-ff] at [mem 0x100010000000-0x10001fffffff] (base 0x100010000000)
[    3.553566] PCI: MMCONFIG at [mem 0x100000000000-0x10000fffffff] reserved in E820
[    3.554597] PCI: MMCONFIG at [mem 0x100010000000-0x10001fffffff] reserved in E820
[    3.555634] PCI: Using configuration type 1 for base access
[    3.556571] initcall pci_arch_init+0x0/0x72 returned 0 after 4882 usecs
[    3.557565] calling  of_platform_default_populate_init+0x0/0xb7 @ 1
[    3.558565] initcall of_platform_default_populate_init+0x0/0xb7 returned -19 after 0 usecs
[    3.560041] calling  init_vdso+0x0/0x14 @ 1
[    3.560577] initcall init_vdso+0x0/0x14 returned 0 after 0 usecs
[    3.561565] calling  sysenter_setup+0x0/0x14 @ 1
[    3.562582] initcall sysenter_setup+0x0/0x14 returned 0 after 0 usecs
[    3.563565] calling  fixup_ht_bug+0x0/0xa8 @ 1
[    3.564565] initcall fixup_ht_bug+0x0/0xa8 returned 0 after 0 usecs
[    3.565565] calling  topology_init+0x0/0xd2 @ 1
[    3.568404] initcall topology_init+0x0/0xd2 returned 0 after 976 usecs
[    3.568597] calling  intel_epb_init+0x0/0x84 @ 1
[    3.569591] ENERGY_PERF_BIAS: Set to 'normal', was 'performance'
[    3.571628] initcall intel_epb_init+0x0/0x84 returned 0 after 1953 usecs
[    3.572596] calling  mtrr_init_finialize+0x0/0x3f @ 1
[    3.573565] initcall mtrr_init_finialize+0x0/0x3f returned 0 after 0 usecs
[    3.574565] calling  uid_cache_init+0x0/0xbb @ 1
[    3.575568] initcall uid_cache_init+0x0/0xbb returned 0 after 0 usecs
[    3.576565] calling  param_sysfs_init+0x0/0x1b2 @ 1
[    3.583386] initcall param_sysfs_init+0x0/0x1b2 returned 0 after 4882 usecs
[    3.583565] calling  user_namespace_sysctl_init+0x0/0xcf @ 1
[    3.584575] initcall user_namespace_sysctl_init+0x0/0xcf returned 0 after 0 usecs
[    3.585565] calling  proc_schedstat_init+0x0/0x25 @ 1
[    3.586566] initcall proc_schedstat_init+0x0/0x25 returned 0 after 0 usecs
[    3.587590] calling  pm_sysrq_init+0x0/0x19 @ 1
[    3.588620] initcall pm_sysrq_init+0x0/0x19 returned 0 after 0 usecs
[    3.589596] calling  create_proc_profile+0x0/0xd0 @ 1
[    3.590565] initcall create_proc_profile+0x0/0xd0 returned 0 after 0 usecs
[    3.591565] calling  crash_save_vmcoreinfo_init+0x0/0x675 @ 1
[    3.592623] initcall crash_save_vmcoreinfo_init+0x0/0x675 returned 0 after 0 usecs
[    3.593565] calling  crash_notes_memory_init+0x0/0x36 @ 1
[    3.594566] initcall crash_notes_memory_init+0x0/0x36 returned 0 after 0 usecs
[    3.595604] calling  cgroup_sysfs_init+0x0/0x18 @ 1
[    3.596567] initcall cgroup_sysfs_init+0x0/0x18 returned 0 after 0 usecs
[    3.597565] calling  cgroup_namespaces_init+0x0/0x8 @ 1
[    3.598565] initcall cgroup_namespaces_init+0x0/0x8 returned 0 after 0 usecs
[    3.599565] calling  user_namespaces_init+0x0/0x2d @ 1
[    3.600568] initcall user_namespaces_init+0x0/0x2d returned 0 after 0 usecs
[    3.601565] calling  init_optprobes+0x0/0x15 @ 1
[    3.602566] kprobes: kprobe jump-optimization is enabled. All kprobes are optimized if possible.
[    3.603565] initcall init_optprobes+0x0/0x15 returned 0 after 976 usecs
[    3.604565] calling  send_signal_irq_work_init+0x0/0x60 @ 1
[    3.605566] initcall send_signal_irq_work_init+0x0/0x60 returned 0 after 0 usecs
[    3.606565] calling  dev_map_init+0x0/0x52 @ 1
[    3.607566] initcall dev_map_init+0x0/0x52 returned 0 after 0 usecs
[    3.608565] calling  cpu_map_init+0x0/0x46 @ 1
[    3.609566] initcall cpu_map_init+0x0/0x46 returned 0 after 0 usecs
[    3.610565] calling  netns_bpf_init+0x0/0x11 @ 1
[    3.611565] initcall netns_bpf_init+0x0/0x11 returned 0 after 0 usecs
[    3.612565] calling  oom_init+0x0/0x30 @ 1
[    3.613604] initcall oom_init+0x0/0x30 returned 0 after 0 usecs
[    3.614607] calling  default_bdi_init+0x0/0xa8 @ 1
[    3.615617] initcall default_bdi_init+0x0/0xa8 returned 0 after 0 usecs
[    3.616596] calling  cgwb_init+0x0/0x29 @ 1
[    3.617570] initcall cgwb_init+0x0/0x29 returned 0 after 0 usecs
[    3.618565] calling  percpu_enable_async+0x0/0xf @ 1
[    3.619565] initcall percpu_enable_async+0x0/0xf returned 0 after 0 usecs
[    3.620565] calling  kcompactd_init+0x0/0x92 @ 1
[    3.621604] initcall kcompactd_init+0x0/0x92 returned 0 after 0 usecs
[    3.622596] calling  init_user_reserve+0x0/0x40 @ 1
[    3.623565] initcall init_user_reserve+0x0/0x40 returned 0 after 0 usecs
[    3.624565] calling  init_admin_reserve+0x0/0x40 @ 1
[    3.625565] initcall init_admin_reserve+0x0/0x40 returned 0 after 0 usecs
[    3.626565] calling  init_reserve_notifier+0x0/0x1f @ 1
[    3.627565] initcall init_reserve_notifier+0x0/0x1f returned 0 after 0 usecs
[    3.628565] calling  swap_init_sysfs+0x0/0x63 @ 1
[    3.629567] initcall swap_init_sysfs+0x0/0x63 returned 0 after 0 usecs
[    3.630565] calling  swapfile_init+0x0/0x90 @ 1
[    3.631566] initcall swapfile_init+0x0/0x90 returned 0 after 0 usecs
[    3.632565] calling  hugetlb_init+0x0/0x4da @ 1
[    3.633570] HugeTLB registered 1.00 GiB page size, pre-allocated 0 pages
[    3.634566] HugeTLB registered 2.00 MiB page size, pre-allocated 0 pages
[    3.635614] initcall hugetlb_init+0x0/0x4da returned 0 after 1953 usecs
[    3.636565] calling  ksm_init+0x0/0x197 @ 1
[    3.637592] initcall ksm_init+0x0/0x197 returned 0 after 0 usecs
[    3.638596] calling  numa_init_sysfs+0x0/0x63 @ 1
[    3.639567] initcall numa_init_sysfs+0x0/0x63 returned 0 after 0 usecs
[    3.640565] calling  hugepage_init+0x0/0x137 @ 1
[    3.641635] initcall hugepage_init+0x0/0x137 returned 0 after 0 usecs
[    3.642596] calling  mem_cgroup_init+0x0/0x157 @ 1
[    3.643566] initcall mem_cgroup_init+0x0/0x157 returned 0 after 0 usecs
[    3.644565] calling  io_wq_init+0x0/0x39 @ 1
[    3.645565] initcall io_wq_init+0x0/0x39 returned 0 after 0 usecs
[    3.646565] calling  seqiv_module_init+0x0/0x11 @ 1
[    3.647565] initcall seqiv_module_init+0x0/0x11 returned 0 after 0 usecs
[    3.648565] calling  echainiv_module_init+0x0/0x11 @ 1
[    3.649565] initcall echainiv_module_init+0x0/0x11 returned 0 after 0 usecs
[    3.650565] calling  rsa_init+0x0/0x50 @ 1
[    3.651566] initcall rsa_init+0x0/0x50 returned 0 after 0 usecs
[    3.652565] calling  sm2_init+0x0/0x20 @ 1
[    3.653566] initcall sm2_init+0x0/0x20 returned 0 after 0 usecs
[    3.654565] calling  ecdsa_init+0x0/0x80 @ 1
[    3.655567] initcall ecdsa_init+0x0/0x80 returned 0 after 0 usecs
[    3.656565] calling  crypto_cmac_module_init+0x0/0x11 @ 1
[    3.657565] initcall crypto_cmac_module_init+0x0/0x11 returned 0 after 0 usecs
[    3.658597] calling  hmac_module_init+0x0/0x11 @ 1
[    3.659565] initcall hmac_module_init+0x0/0x11 returned 0 after 0 usecs
[    3.660565] calling  crypto_null_mod_init+0x0/0x66 @ 1
[    3.661567] initcall crypto_null_mod_init+0x0/0x66 returned 0 after 0 usecs
[    3.662565] calling  md5_mod_init+0x0/0x11 @ 1
[    3.663566] initcall md5_mod_init+0x0/0x11 returned 0 after 0 usecs
[    3.664565] calling  sha1_generic_mod_init+0x0/0x11 @ 1
[    3.665566] initcall sha1_generic_mod_init+0x0/0x11 returned 0 after 0 usecs
[    3.666565] calling  sha256_generic_mod_init+0x0/0x16 @ 1
[    3.667567] initcall sha256_generic_mod_init+0x0/0x16 returned 0 after 0 usecs
[    3.668565] calling  sha512_generic_mod_init+0x0/0x16 @ 1
[    3.669567] initcall sha512_generic_mod_init+0x0/0x16 returned 0 after 0 usecs
[    3.670565] calling  sha3_generic_mod_init+0x0/0x16 @ 1
[    3.671569] initcall sha3_generic_mod_init+0x0/0x16 returned 0 after 0 usecs
[    3.672565] calling  sm3_generic_mod_init+0x0/0x11 @ 1
[    3.673566] initcall sm3_generic_mod_init+0x0/0x11 returned 0 after 0 usecs
[    3.674565] calling  streebog_mod_init+0x0/0x16 @ 1
[    3.675567] initcall streebog_mod_init+0x0/0x16 returned 0 after 0 usecs
[    3.676565] calling  blake2b_mod_init+0x0/0x16 @ 1
[    3.677570] initcall blake2b_mod_init+0x0/0x16 returned 0 after 0 usecs
[    3.678565] calling  crypto_ecb_module_init+0x0/0x11 @ 1
[    3.679565] initcall crypto_ecb_module_init+0x0/0x11 returned 0 after 0 usecs
[    3.680565] calling  crypto_cbc_module_init+0x0/0x11 @ 1
[    3.681565] initcall crypto_cbc_module_init+0x0/0x11 returned 0 after 0 usecs
[    3.682565] calling  crypto_ctr_module_init+0x0/0x16 @ 1
[    3.683565] initcall crypto_ctr_module_init+0x0/0x16 returned 0 after 0 usecs
[    3.684565] calling  crypto_gcm_module_init+0x0/0x65 @ 1
[    3.685566] initcall crypto_gcm_module_init+0x0/0x65 returned 0 after 0 usecs
[    3.686565] calling  cryptd_init+0x0/0xfd @ 1
[    3.687592] cryptd: max_cpu_qlen set to 1000
[    3.688596] initcall cryptd_init+0x0/0xfd returned 0 after 976 usecs
[    3.689565] calling  des_generic_mod_init+0x0/0x16 @ 1
[    3.690568] initcall des_generic_mod_init+0x0/0x16 returned 0 after 0 usecs
[    3.691565] calling  serpent_mod_init+0x0/0x11 @ 1
[    3.692567] initcall serpent_mod_init+0x0/0x11 returned 0 after 0 usecs
[    3.693565] calling  aes_init+0x0/0x11 @ 1
[    3.694566] initcall aes_init+0x0/0x11 returned 0 after 0 usecs
[    3.695565] calling  deflate_mod_init+0x0/0x3f @ 1
[    3.696569] initcall deflate_mod_init+0x0/0x3f returned 0 after 0 usecs
[    3.697565] calling  crc32c_mod_init+0x0/0x11 @ 1
[    3.698567] initcall crc32c_mod_init+0x0/0x11 returned 0 after 0 usecs
[    3.699565] calling  crc32_mod_init+0x0/0x11 @ 1
[    3.700578] initcall crc32_mod_init+0x0/0x11 returned 0 after 0 usecs
[    3.701565] calling  crypto_authenc_module_init+0x0/0x11 @ 1
[    3.702565] initcall crypto_authenc_module_init+0x0/0x11 returned 0 after 0 usecs
[    3.703565] calling  crypto_authenc_esn_module_init+0x0/0x11 @ 1
[    3.704565] initcall crypto_authenc_esn_module_init+0x0/0x11 returned 0 after 0 usecs
[    3.705565] calling  lzo_mod_init+0x0/0x3a @ 1
[    3.706568] initcall lzo_mod_init+0x0/0x3a returned 0 after 0 usecs
[    3.707565] calling  lzorle_mod_init+0x0/0x3a @ 1
[    3.708568] initcall lzorle_mod_init+0x0/0x3a returned 0 after 0 usecs
[    3.709565] calling  xxhash_mod_init+0x0/0x11 @ 1
[    3.710567] initcall xxhash_mod_init+0x0/0x11 returned 0 after 0 usecs
[    3.711565] calling  drbg_init+0x0/0xca @ 1
[    3.712580] initcall drbg_init+0x0/0xca returned 0 after 0 usecs
[    3.713565] calling  ghash_mod_init+0x0/0x11 @ 1
[    3.714567] initcall ghash_mod_init+0x0/0x11 returned 0 after 0 usecs
[    3.715565] calling  essiv_module_init+0x0/0x11 @ 1
[    3.716565] initcall essiv_module_init+0x0/0x11 returned 0 after 0 usecs
[    3.717565] calling  curve25519_init+0x0/0x20 @ 1
[    3.718567] initcall curve25519_init+0x0/0x20 returned 0 after 0 usecs
[    3.719565] calling  ecdh_init+0x0/0x80 @ 1
[    3.720571] initcall ecdh_init+0x0/0x80 returned 0 after 0 usecs
[    3.721597] calling  init_bio+0x0/0x86 @ 1
[    3.722601] initcall init_bio+0x0/0x86 returned 0 after 0 usecs
[    3.723565] calling  blk_ioc_init+0x0/0x2a @ 1
[    3.724566] initcall blk_ioc_init+0x0/0x2a returned 0 after 0 usecs
[    3.725565] calling  blk_mq_init+0x0/0xc0 @ 1
[    3.726566] initcall blk_mq_init+0x0/0xc0 returned 0 after 0 usecs
[    3.727565] calling  genhd_device_init+0x0/0x5e @ 1
[    3.728604] initcall genhd_device_init+0x0/0x5e returned 0 after 0 usecs
[    3.729596] calling  blkcg_init+0x0/0x29 @ 1
[    3.730606] initcall blkcg_init+0x0/0x29 returned 0 after 0 usecs
[    3.731596] calling  bio_crypt_ctx_init+0x0/0x5c @ 1
[    3.732604] initcall bio_crypt_ctx_init+0x0/0x5c returned 0 after 0 usecs
[    3.733565] calling  blk_crypto_sysfs_init+0x0/0x8a @ 1
[    3.734565] initcall blk_crypto_sysfs_init+0x0/0x8a returned 0 after 0 usecs
[    3.735565] calling  raid6_select_algo+0x0/0x2f0 @ 1
[    3.753566] raid6: avx512x4 gen() 10289 MB/s
[    3.771566] raid6: avx512x2 gen() 10716 MB/s
[    3.789566] raid6: avx512x1 gen()  9240 MB/s
[    3.807568] raid6: avx2x4   gen()  5607 MB/s
[    3.825565] raid6: avx2x2   gen()  5542 MB/s
[    3.843567] raid6: avx2x1   gen()  4527 MB/s
[    3.844565] raid6: using algorithm avx512x2 gen() 10716 MB/s
[    3.862566] raid6: .... xor() 5885 MB/s, rmw enabled
[    3.863565] raid6: using avx512x2 recovery algorithm
[    3.864566] initcall raid6_select_algo+0x0/0x2f0 returned 0 after 125000 usecs
[    3.865565] calling  irq_poll_setup+0x0/0x71 @ 1
[    3.866566] initcall irq_poll_setup+0x0/0x71 returned 0 after 0 usecs
[    3.867565] calling  gpiolib_debugfs_init+0x0/0x24 @ 1
[    3.868567] initcall gpiolib_debugfs_init+0x0/0x24 returned 0 after 0 usecs
[    3.869565] calling  pwm_debugfs_init+0x0/0x24 @ 1
[    3.870567] initcall pwm_debugfs_init+0x0/0x24 returned 0 after 0 usecs
[    3.871565] calling  pwm_sysfs_init+0x0/0x18 @ 1
[    3.872568] initcall pwm_sysfs_init+0x0/0x18 returned 0 after 0 usecs
[    3.873565] calling  pci_slot_init+0x0/0x40 @ 1
[    3.874566] initcall pci_slot_init+0x0/0x40 returned 0 after 0 usecs
[    3.875565] calling  fbmem_init+0x0/0xdb @ 1
[    3.876598] initcall fbmem_init+0x0/0xdb returned 0 after 0 usecs
[    3.877565] calling  scan_for_dmi_ipmi+0x0/0x26f @ 1
[    3.878590] initcall scan_for_dmi_ipmi+0x0/0x26f returned 0 after 0 usecs
[    3.879565] calling  acpi_init+0x0/0x4d6 @ 1
[    3.880570] PRM: found 4 modules
[    3.881403] ACPI: Added _OSI(Module Device)
[    3.881597] ACPI: Added _OSI(Processor Device)
[    3.882586] ACPI: Added _OSI(3.0 _SCP Extensions)
[    3.883566] ACPI: Added _OSI(Processor Aggregator Device)
[    3.884566] ACPI: Added _OSI(Linux-Dell-Video)
[    3.885566] ACPI: Added _OSI(Linux-Lenovo-NV-HDMI-Audio)
[    3.886566] ACPI: Added _OSI(Linux-HPI-Hybrid-Graphics)
[    4.813286] ACPI: 11 ACPI AML tables successfully acquired and loaded
[    4.908286] ACPI: Dynamic OEM Table Load:
[    7.416681] ACPI: Dynamic OEM Table Load:
[    9.695040] ACPI: Interpreter enabled
[    9.695597] ACPI: PM: (supports S0 S5)
[    9.696513] ACPI: Using IOAPIC for interrupt routing
[    9.696651] HEST: Table parsing has been initialized.
[    9.701928] GHES: APEI firmware first mode is enabled by APEI bit and WHEA _OSC.
[    9.710567] PCI: Using host bridge windows from ACPI; if necessary, use "pci=nocrs" and report a bug
[   10.033606] ACPI: Enabled 1 GPEs in block 00 to 7F
[   11.067419] ACPI: PCI Root Bridge [PC00] (domain 0000 [bus 00-0b])
[   11.074586] acpi PNP0A08:00: _OSC: OS supports [ExtendedConfig ASPM ClockPM Segments MSI EDR HPX-Type3]
[   11.089471] acpi PNP0A08:00: _OSC: platform does not support [SHPCHotplug AER DPC]
[   11.097856] acpi PNP0A08:00: _OSC: OS now controls [PCIeHotplug PME PCIeCapability LTR]
[   11.107188] PCI host bridge to bus 0000:00
[   11.111597] pci_bus 0000:00: root bus resource [io  0x1000-0x3fff window]
[   11.119566] pci_bus 0000:00: root bus resource [mem 0xe0000000-0xe3ffffff window]
[   11.127587] pci_bus 0000:00: root bus resource [mem 0x100400000000-0x1010bfbeffff window]
[   11.136586] pci_bus 0000:00: root bus resource [io  0x0780-0x079f window]
[   11.143587] pci_bus 0000:00: root bus resource [io  0x0400-0x041f window]
[   11.151566] pci_bus 0000:00: root bus resource [io  0x0500-0x05ff window]
[   11.158587] pci_bus 0000:00: root bus resource [mem 0xf2800000-0xf2803fff window]
[   11.166587] pci_bus 0000:00: root bus resource [mem 0xf2830000-0xf2830fff window]
[   11.174597] pci_bus 0000:00: root bus resource [mem 0xf3000000-0xf3ffffff window]
[   11.183641] pci_bus 0000:00: root bus resource [bus 00-0b]
[   11.189754] pci 0000:00:00.0: [8086:09a2] type 00 class 0x088000
[   11.197371] pci 0000:00:00.0: reg 0x30: [mem 0xfffff800-0xffffffff pref]
[   11.204764] pci 0000:00:00.0: calling  quirk_igfx_skip_te_disable+0x0/0x50 @ 1
[   11.212586] pci 0000:00:00.0: quirk_igfx_skip_te_disable+0x0/0x50 took 0 usecs
[   11.221361] pci 0000:00:00.4: [8086:0b23] type 00 class 0x000000
[   11.228586] pci 0000:00:00.4: calling  quirk_igfx_skip_te_disable+0x0/0x50 @ 1
[   11.236586] pci 0000:00:00.4: quirk_igfx_skip_te_disable+0x0/0x50 took 0 usecs
[   11.245629] pci 0000:00:01.0: [8086:28c0] type 00 class 0x010400
[   11.252586] pci 0000:00:01.0: reg 0x10: [mem 0x1010bf446000-0x1010bf446fff 64bit]
[   11.260787] pci 0000:00:01.0: reg 0x18: [mem 0x1010bf445000-0x1010bf445fff 64bit]
[   11.268787] pci 0000:00:01.0: reg 0x20: [mem 0x1010bf444000-0x1010bf444fff 64bit]
[   11.277707] pci 0000:00:01.0: reg 0x30: [mem 0xfffff800-0xffffffff pref]
[   11.284733] pci 0000:00:01.0: calling  quirk_igfx_skip_te_disable+0x0/0x50 @ 1
[   11.292586] pci 0000:00:01.0: quirk_igfx_skip_te_disable+0x0/0x50 took 0 usecs
[   11.301566] pci 0000:00:01.1: [8086:09ab] type 00 class 0x088000
[   11.309402] pci 0000:00:01.1: reg 0x30: [mem 0xfffff800-0xffffffff pref]
[   11.316612] pci 0000:00:01.1: calling  quirk_igfx_skip_te_disable+0x0/0x50 @ 1
[   11.324586] pci 0000:00:01.1: quirk_igfx_skip_te_disable+0x0/0x50 took 0 usecs
[   11.332882] pci 0000:00:01.2: [8086:09ab] type 00 class 0x088000
[   11.339371] pci 0000:00:01.2: reg 0x30: [mem 0xfffff800-0xffffffff pref]
[   11.346612] pci 0000:00:01.2: calling  quirk_igfx_skip_te_disable+0x0/0x50 @ 1
[   11.354587] pci 0000:00:01.2: quirk_igfx_skip_te_disable+0x0/0x50 took 0 usecs
[   11.362882] pci 0000:00:01.3: [8086:09ab] type 00 class 0x088000
[   11.370586] pci 0000:00:01.3: reg 0x30: [mem 0xfffff800-0xffffffff pref]
[   11.377643] pci 0000:00:01.3: calling  quirk_igfx_skip_te_disable+0x0/0x50 @ 1
[   11.385566] pci 0000:00:01.3: quirk_igfx_skip_te_disable+0x0/0x50 took 0 usecs
[   11.394586] pci 0000:00:01.4: [8086:09ab] type 00 class 0x088000
[   11.401371] pci 0000:00:01.4: reg 0x30: [mem 0xfffff800-0xffffffff pref]
[   11.408612] pci 0000:00:01.4: calling  quirk_igfx_skip_te_disable+0x0/0x50 @ 1
[   11.416586] pci 0000:00:01.4: quirk_igfx_skip_te_disable+0x0/0x50 took 0 usecs
[   11.424893] pci 0000:00:01.5: [8086:09ab] type 00 class 0x088000
[   11.432586] pci 0000:00:01.5: reg 0x30: [mem 0xfffff800-0xffffffff pref]
[   11.439612] pci 0000:00:01.5: calling  quirk_igfx_skip_te_disable+0x0/0x50 @ 1
[   11.447597] pci 0000:00:01.5: quirk_igfx_skip_te_disable+0x0/0x50 took 0 usecs
[   11.455893] pci 0000:00:01.6: [8086:09ab] type 00 class 0x088000
[   11.463371] pci 0000:00:01.6: reg 0x30: [mem 0xfffff800-0xffffffff pref]
[   11.470612] pci 0000:00:01.6: calling  quirk_igfx_skip_te_disable+0x0/0x50 @ 1
[   11.478587] pci 0000:00:01.6: quirk_igfx_skip_te_disable+0x0/0x50 took 0 usecs
[   11.486882] pci 0000:00:01.7: [8086:09ab] type 00 class 0x088000
[   11.494371] pci 0000:00:01.7: reg 0x30: [mem 0xfffff800-0xffffffff pref]
[   11.501612] pci 0000:00:01.7: calling  quirk_igfx_skip_te_disable+0x0/0x50 @ 1
[   11.509566] pci 0000:00:01.7: quirk_igfx_skip_te_disable+0x0/0x50 took 0 usecs
[   11.517005] pci 0000:00:02.0: [8086:09a6] type 00 class 0x088000
[   11.524586] pci 0000:00:02.0: reg 0x10: [mem 0x1010bf300000-0x1010bf3fffff 64bit]
[   11.533256] pci 0000:00:02.0: calling  quirk_igfx_skip_te_disable+0x0/0x50 @ 1
[   11.541566] pci 0000:00:02.0: quirk_igfx_skip_te_disable+0x0/0x50 took 0 usecs
[   11.549494] pci 0000:00:02.1: [8086:09a1] type 00 class 0x088000
[   11.556888] pci 0000:00:02.1: reg 0x10: [mem 0x1010bf442000-0x1010bf4427ff 64bit]
[   11.564787] pci 0000:00:02.1: reg 0x18: [mem 0x1010bf000000-0x1010bf1fffff 64bit]
[   11.574176] pci 0000:00:02.1: calling  quirk_igfx_skip_te_disable+0x0/0x50 @ 1
[   11.581597] pci 0000:00:02.1: quirk_igfx_skip_te_disable+0x0/0x50 took 0 usecs
[   11.590587] pci 0000:00:02.2: [8086:09a8] type 00 class 0x088000
[   11.597848] pci 0000:00:02.2: reg 0x10: [mem 0x1010bf443000-0x1010bf44300f 64bit]
[   11.606586] pci 0000:00:02.2: calling  quirk_igfx_skip_te_disable+0x0/0x50 @ 1
[   11.614586] pci 0000:00:02.2: quirk_igfx_skip_te_disable+0x0/0x50 took 0 usecs
[   11.623607] pci 0000:00:03.0: [8086:3256] type 00 class 0x130000
[   11.629868] pci 0000:00:03.0: reg 0x10: [mem 0x1010bf200000-0x1010bf2fffff 64bit]
[   11.638747] pci 0000:00:03.0: reg 0x18: [mem 0x1010be800000-0x1010beffffff 64bit]
[   11.646778] pci 0000:00:03.0: reg 0x20: [mem 0x1010bf441000-0x1010bf441fff 64bit]
[   11.654713] pci 0000:00:03.0: calling  quirk_igfx_skip_te_disable+0x0/0x50 @ 1
[   11.662586] pci 0000:00:03.0: quirk_igfx_skip_te_disable+0x0/0x50 took 0 usecs
[   11.671305] pci 0000:00:04.0: calling  quirk_cmd_compl+0x0/0x70 @ 1
[   11.678586] pci 0000:00:04.0: quirk_cmd_compl+0x0/0x70 took 0 usecs
[   11.685566] pci 0000:00:04.0: calling  quirk_no_aersid+0x0/0x30 @ 1
[   11.692586] pci 0000:00:04.0: quirk_no_aersid+0x0/0x30 took 0 usecs
[   11.699566] pci 0000:00:04.0: [8086:786a] type 01 class 0x060400
[   11.705908] pci 0000:00:04.0: reg 0x10: [mem 0x1010bf430000-0x1010bf43ffff 64bit]
[   11.715060] pci 0000:00:04.0: enabling Extended Tags
[   11.720785] pci 0000:00:04.0: calling  quirk_igfx_skip_te_disable+0x0/0x50 @ 1
[   11.728586] pci 0000:00:04.0: quirk_igfx_skip_te_disable+0x0/0x50 took 0 usecs
[   11.736586] pci 0000:00:04.0: calling  pci_fixup_transparent_bridge+0x0/0x20 @ 1
[   11.744586] pci 0000:00:04.0: pci_fixup_transparent_bridge+0x0/0x20 took 0 usecs
[   11.753236] pci 0000:00:04.0: PME# supported from D0 D3hot D3cold
[   11.760586] pci 0000:00:05.0: calling  quirk_cmd_compl+0x0/0x70 @ 1
[   11.767586] pci 0000:00:05.0: quirk_cmd_compl+0x0/0x70 took 0 usecs
[   11.774586] pci 0000:00:05.0: calling  quirk_no_aersid+0x0/0x30 @ 1
[   11.780597] pci 0000:00:05.0: quirk_no_aersid+0x0/0x30 took 0 usecs
[   11.787587] pci 0000:00:05.0: [8086:786b] type 01 class 0x060400
[   11.794908] pci 0000:00:05.0: reg 0x10: [mem 0x1010bf420000-0x1010bf42ffff 64bit]
[   11.804029] pci 0000:00:05.0: enabling Extended Tags
[   11.808754] pci 0000:00:05.0: calling  quirk_igfx_skip_te_disable+0x0/0x50 @ 1
[   11.817566] pci 0000:00:05.0: quirk_igfx_skip_te_disable+0x0/0x50 took 0 usecs
[   11.824586] pci 0000:00:05.0: calling  pci_fixup_transparent_bridge+0x0/0x20 @ 1
[   11.833566] pci 0000:00:05.0: pci_fixup_transparent_bridge+0x0/0x20 took 0 usecs
[   11.842236] pci 0000:00:05.0: PME# supported from D0 D3hot D3cold
[   11.849272] pci 0000:00:06.0: calling  quirk_cmd_compl+0x0/0x70 @ 1
[   11.856586] pci 0000:00:06.0: quirk_cmd_compl+0x0/0x70 took 0 usecs
[   11.862586] pci 0000:00:06.0: calling  quirk_no_aersid+0x0/0x30 @ 1
[   11.869566] pci 0000:00:06.0: quirk_no_aersid+0x0/0x30 took 0 usecs
[   11.876586] pci 0000:00:06.0: [8086:786c] type 01 class 0x060400
[   11.883908] pci 0000:00:06.0: reg 0x10: [mem 0x1010bf410000-0x1010bf41ffff 64bit]
[   11.892586] pci 0000:00:06.0: enabling Extended Tags
[   11.897754] pci 0000:00:06.0: calling  quirk_igfx_skip_te_disable+0x0/0x50 @ 1
[   11.905566] pci 0000:00:06.0: quirk_igfx_skip_te_disable+0x0/0x50 took 0 usecs
[   11.913597] pci 0000:00:06.0: calling  pci_fixup_transparent_bridge+0x0/0x20 @ 1
[   11.921566] pci 0000:00:06.0: pci_fixup_transparent_bridge+0x0/0x20 took 0 usecs
[   11.930586] pci 0000:00:06.0: PME# supported from D0 D3hot D3cold
[   11.938230] pci 0000:00:07.0: calling  quirk_cmd_compl+0x0/0x70 @ 1
[   11.944586] pci 0000:00:07.0: quirk_cmd_compl+0x0/0x70 took 0 usecs
[   11.951566] pci 0000:00:07.0: calling  quirk_no_aersid+0x0/0x30 @ 1
[   11.958586] pci 0000:00:07.0: quirk_no_aersid+0x0/0x30 took 0 usecs
[   11.965566] pci 0000:00:07.0: [8086:786d] type 01 class 0x060400
[   11.972908] pci 0000:00:07.0: reg 0x10: [mem 0x1010bf400000-0x1010bf40ffff 64bit]
[   11.981060] pci 0000:00:07.0: enabling Extended Tags
[   11.986754] pci 0000:00:07.0: calling  quirk_igfx_skip_te_disable+0x0/0x50 @ 1
[   11.994587] pci 0000:00:07.0: quirk_igfx_skip_te_disable+0x0/0x50 took 0 usecs
[   12.002586] pci 0000:00:07.0: calling  pci_fixup_transparent_bridge+0x0/0x20 @ 1
[   12.010587] pci 0000:00:07.0: pci_fixup_transparent_bridge+0x0/0x20 took 0 usecs
[   12.019236] pci 0000:00:07.0: PME# supported from D0 D3hot D3cold
[   12.027689] pci 0000:00:1f.0: [8086:5826] type 00 class 0x060100
[   12.034712] pci 0000:00:1f.0: calling  quirk_igfx_skip_te_disable+0x0/0x50 @ 1
[   12.042587] pci 0000:00:1f.0: quirk_igfx_skip_te_disable+0x0/0x50 took 0 usecs
[   12.051391] pci 0000:00:1f.4: [8086:5827] type 00 class 0x0c0500
[   12.058908] pci 0000:00:1f.4: reg 0x10: [mem 0x1010bf440000-0x1010bf4400ff 64bit]
[   12.066989] pci 0000:00:1f.4: reg 0x20: [io  0x0780-0x079f]
[   12.072894] pci 0000:00:1f.4: calling  quirk_igfx_skip_te_disable+0x0/0x50 @ 1
[   12.081566] pci 0000:00:1f.4: quirk_igfx_skip_te_disable+0x0/0x50 took 0 usecs
[   12.090137] pci 0000:00:1f.5: [8086:5825] type 00 class 0x0c8000
[   12.096808] pci 0000:00:1f.5: reg 0x10: [mem 0xf2830000-0xf2830fff]
[   12.104586] pci 0000:00:1f.5: calling  quirk_igfx_skip_te_disable+0x0/0x50 @ 1
[   12.112586] pci 0000:00:1f.5: quirk_igfx_skip_te_disable+0x0/0x50 took 0 usecs
[   12.120596] pci 0000:01:00.0: [1234:1111] type 00 class 0x030000
[   12.127828] pci 0000:01:00.0: reg 0x10: [mem 0xe0000000-0xe07fffff]
[   12.135460] pci 0000:01:00.0: calling  efifb_fixup_resources+0x0/0xf0 @ 1
[   12.142586] pci 0000:01:00.0: BAR 0: assigned to efifb
[   12.148586] pci 0000:01:00.0: efifb_fixup_resources+0x0/0xf0 took 5859 usecs
[   12.156586] pci 0000:01:00.0: calling  pci_fixup_video+0x0/0xd0 @ 1
[   12.163646] pci 0000:01:00.0: Video device with shadowed ROM at [mem 0x000c0000-0x000dffff]
[   12.172586] pci 0000:01:00.0: pci_fixup_video+0x0/0xd0 took 8789 usecs
[   12.179997] pci 0000:00:04.0: PCI bridge to [bus 01]
[   12.185678] pci 0000:00:04.0:   bridge window [mem 0xe0000000-0xe07fffff]
[   12.193469] pci 0000:02:00.0: [8086:0953] type 00 class 0x010802
[   12.200908] pci 0000:02:00.0: reg 0x10: [mem 0xe0c08000-0xe0c0bfff 64bit]
[   12.209069] pci 0000:02:00.0: reg 0x20: [mem 0xe0c00000-0xe0c07fff 64bit]
[   12.216958] pci 0000:02:00.0: calling  quirk_igfx_skip_te_disable+0x0/0x50 @ 1
[   12.224586] pci 0000:02:00.0: quirk_igfx_skip_te_disable+0x0/0x50 took 0 usecs
[   12.233264] pci 0000:02:00.0: PME# supported from D0 D3hot D3cold
[   12.239891] pci 0000:02:00.0: 15.753 Gb/s available PCIe bandwidth, limited by 16.0 GT/s PCIe x1 link at 0000:00:05.0 (capable of 63.012 Gb/s with 16.0 GT/s PCIe x4 link)
[   12.257226] pci 0000:00:05.0: PCI bridge to [bus 02]
[   12.262646] pci 0000:00:05.0:   bridge window [mem 0xe0c00000-0xe0cfffff]
[   12.271448] pci 0000:03:00.0: [8086:8c31] type 00 class 0x0c0330
[   12.277868] pci 0000:03:00.0: reg 0x10: [mem 0xe0b00000-0xe0b3ffff 64bit]
[   12.286118] pci 0000:03:00.0: calling  quirk_igfx_skip_te_disable+0x0/0x50 @ 1
[   12.293566] pci 0000:03:00.0: quirk_igfx_skip_te_disable+0x0/0x50 took 0 usecs
[   12.302586] pci 0000:00:06.0: PCI bridge to [bus 03]
[   12.307646] pci 0000:00:06.0:   bridge window [mem 0xe0b00000-0xe0bfffff]
[   12.316586] pci 0000:04:00.0: calling  quirk_f0_vpd_link+0x0/0x60 @ 1
[   12.323597] pci 0000:04:00.0: quirk_f0_vpd_link+0x0/0x60 took 0 usecs
[   12.330586] pci 0000:04:00.0: [8086:10f7] type 00 class 0x020000
[   12.336868] pci 0000:04:00.0: reg 0x10: [mem 0xe0800000-0xe081ffff 64bit]
[   12.344667] pci 0000:04:00.0: reg 0x18: [io  0x1000-0x101f]
[   12.350747] pci 0000:04:00.0: reg 0x1c: [mem 0xe0820000-0xe0823fff 64bit]
[   12.358938] pci 0000:04:00.0: calling  quirk_igfx_skip_te_disable+0x0/0x50 @ 1
[   12.366586] pci 0000:04:00.0: quirk_igfx_skip_te_disable+0x0/0x50 took 0 usecs
[   12.375415] pci 0000:04:00.0: reg 0x164: [mem 0xe0824000-0xe0827fff 64bit]
[   12.382586] pci 0000:04:00.0: VF(n) BAR0 space: [mem 0xe0824000-0xe0923fff 64bit] (contains BAR0 for 64 VFs)
[   12.393639] pci 0000:04:00.0: reg 0x170: [mem 0xe0924000-0xe0927fff 64bit]
[   12.401566] pci 0000:04:00.0: VF(n) BAR3 space: [mem 0xe0924000-0xe0a23fff 64bit] (contains BAR3 for 64 VFs)
[   12.412705] pci 0000:04:00.0: 15.753 Gb/s available PCIe bandwidth, limited by 16.0 GT/s PCIe x1 link at 0000:00:07.0 (capable of 32.000 Gb/s with 5.0 GT/s PCIe x8 link)
[   12.428801] pci 0000:04:00.0: disabling ASPM on pre-1.1 PCIe device.  You can enable it with 'pcie_aspm=force'
[   12.439669] pci 0000:00:07.0: PCI bridge to [bus 04]
[   12.445606] pci 0000:00:07.0:   bridge window [io  0x1000-0x1fff]
[   12.452586] pci 0000:00:07.0:   bridge window [mem 0xe0800000-0xe0afffff]
[   12.460586] pci_bus 0000:00: on NUMA node 0
[   12.465114] ACPI: PCI Root Bridge [AA00] (domain 0000 [bus 0c])
[   12.471587] acpi PNP0A08:01: _OSC: OS supports [ExtendedConfig ASPM ClockPM Segments MSI EDR HPX-Type3]
[   12.485895] acpi PNP0A08:01: _OSC: platform does not support [SHPCHotplug AER DPC]
[   12.494586] acpi PNP0A08:01: _OSC: OS now controls [PCIeHotplug PME PCIeCapability LTR]
[   12.502681] PCI host bridge to bus 0000:0c
[   12.507566] pci_bus 0000:0c: root bus resource [mem 0x100100000000-0x1001ffffffff window]
[   12.516586] pci_bus 0000:0c: root bus resource [bus 0c]
[   12.522786] pci 0000:0c:00.0: [8086:0b25] type 00 class 0x088000
[   12.528848] pci 0000:0c:00.0: reg 0x10: [mem 0x1001fff40000-0x1001fff5ffff 64bit pref]
[   12.537747] pci 0000:0c:00.0: reg 0x18: [mem 0x1001fff00000-0x1001fff3ffff 64bit pref]
[   12.547076] pci 0000:0c:00.0: calling  quirk_igfx_skip_te_disable+0x0/0x50 @ 1
[   12.555566] pci 0000:0c:00.0: quirk_igfx_skip_te_disable+0x0/0x50 took 0 usecs
[   12.564586] pci_bus 0000:0c: on NUMA node 0
[   12.569677] ACPI: PCI Root Bridge [AB00] (domain 0000 [bus 0d])
[   12.575589] acpi PNP0A08:02: _OSC: OS supports [ExtendedConfig ASPM ClockPM Segments MSI EDR HPX-Type3]
[   12.588914] acpi PNP0A08:02: _OSC: platform does not support [SHPCHotplug AER DPC]
[   12.597856] acpi PNP0A08:02: _OSC: OS now controls [PCIeHotplug PME PCIeCapability LTR]
[   12.606692] PCI host bridge to bus 0000:0d
[   12.611566] pci_bus 0000:0d: root bus resource [mem 0x100200000000-0x1002ffffffff window]
[   12.620586] pci_bus 0000:0d: root bus resource [bus 0d]
[   12.625755] pci 0000:0d:00.0: [8086:0cfe] type 00 class 0x088000
[   12.632848] pci 0000:0d:00.0: reg 0x10: [mem 0x1002fff40000-0x1002fff4ffff 64bit pref]
[   12.641747] pci 0000:0d:00.0: reg 0x18: [mem 0x1002fff00000-0x1002fff3ffff 64bit pref]
[   12.651107] pci 0000:0d:00.0: calling  quirk_igfx_skip_te_disable+0x0/0x50 @ 1
[   12.658586] pci 0000:0d:00.0: quirk_igfx_skip_te_disable+0x0/0x50 took 0 usecs
[   12.668586] pci_bus 0000:0d: on NUMA node 0
[   12.672689] ACPI: PCI Root Bridge [AC00] (domain 0000 [bus 0e-0f])
[   12.679587] acpi PNP0A08:03: _OSC: OS supports [ExtendedConfig ASPM ClockPM Segments MSI EDR HPX-Type3]
[   12.692586] acpi PNP0A08:03: _OSC: platform does not support [SHPCHotplug AER DPC]
[   12.701856] acpi PNP0A08:03: _OSC: OS now controls [PCIeHotplug PME PCIeCapability LTR]
