[    0.000000] Command line: BOOT_IMAGE=(hd1,gpt2)/vmlinuz-5.17.0-rc8-dca51fe7fbb1-gdca51fe7fbb1 root=/dev/mapper/cs-root ro crashkernel=1G-4G:192M,4G-64G:256M,64G-:512M resume=/dev/mapper/cs-swap rd.lvm.lv=cs/root rd.lvm.lv=cs/swap rhgb quiet console=tty0 console=ttyS0,115200n8 intel_iommu=on,sm_on initcall_debug log_buf_len=200M no_console_suspend ignore_loglevel selinux=0 cxl_acpi.dyndbg=+fplm cxl_pci.dyndbg=+fplm cxl_core.dyndbg=+fplm cxl_mem.dyndbg=+fplm cxl_pmem.dyndbg=+fplm cxl_port.dyndbg=+fplm cxl_region.dyndbg=+fplm cxl_test.dyndbg=+fplm cxl_mock.dyndbg=+fplm cxl_mock_mem.dyndbg=+fplm
[    0.000000] x86/fpu: Supporting XSAVE feature 0x001: 'x87 floating point registers'
[    0.000000] x86/fpu: Supporting XSAVE feature 0x002: 'SSE registers'
[    0.000000] x86/fpu: Supporting XSAVE feature 0x004: 'AVX registers'
[    0.000000] x86/fpu: Supporting XSAVE feature 0x020: 'AVX-512 opmask'
[    0.000000] x86/fpu: Supporting XSAVE feature 0x040: 'AVX-512 Hi256'
[    0.000000] x86/fpu: Supporting XSAVE feature 0x080: 'AVX-512 ZMM_Hi256'
[    0.000000] x86/fpu: Supporting XSAVE feature 0x200: 'Protection Keys User registers'
[    0.000000] x86/fpu: Supporting XSAVE feature 0x400: 'PASID state'
[    0.000000] x86/fpu: Supporting XSAVE feature 0x20000: 'AMX Tile config'
[    0.000000] x86/fpu: Supporting XSAVE feature 0x40000: 'AMX Tile data'
[    0.000000] x86/fpu: xstate_offset[2]:  576, xstate_sizes[2]:  256
[    0.000000] x86/fpu: xstate_offset[5]:  832, xstate_sizes[5]:   64
[    0.000000] x86/fpu: xstate_offset[6]:  896, xstate_sizes[6]:  512
[    0.000000] x86/fpu: xstate_offset[7]: 1408, xstate_sizes[7]: 1024
[    0.000000] x86/fpu: xstate_offset[9]: 2432, xstate_sizes[9]:    8
[    0.000000] x86/fpu: xstate_offset[10]: 2440, xstate_sizes[10]:    8
[    0.000000] x86/fpu: xstate_offset[17]: 2496, xstate_sizes[17]:   64
[    0.000000] x86/fpu: xstate_offset[18]: 2560, xstate_sizes[18]: 8192
[    0.000000] x86/fpu: Enabled xstate features 0x606e7, context size is 10752 bytes, using 'compacted' format.
[    0.000000] signal: max sigframe size: 11952
[    0.000000] BIOS-provided physical RAM map:
[    0.000000] BIOS-e820: [mem 0x0000000000000000-0x000000000009ffff] usable
[    0.000000] BIOS-e820: [mem 0x00000000000a0000-0x00000000000fffff] reserved
[    0.000000] BIOS-e820: [mem 0x0000000000100000-0x00000000bb779fff] usable
[    0.000000] BIOS-e820: [mem 0x00000000bb77a000-0x00000000bcd2dfff] reserved
[    0.000000] BIOS-e820: [mem 0x00000000bcd2e000-0x00000000bd0ebfff] usable
[    0.000000] BIOS-e820: [mem 0x00000000bd0ec000-0x00000000bd283fff] ACPI data
[    0.000000] BIOS-e820: [mem 0x00000000bd284000-0x00000000bd41bfff] usable
[    0.000000] BIOS-e820: [mem 0x00000000bd41c000-0x00000000bd855fff] ACPI data
[    0.000000] BIOS-e820: [mem 0x00000000bd856000-0x00000000bda5dfff] usable
[    0.000000] BIOS-e820: [mem 0x00000000bda5e000-0x00000000bdb76fff] ACPI data
[    0.000000] BIOS-e820: [mem 0x00000000bdb77000-0x00000000bdc8ffff] usable
[    0.000000] BIOS-e820: [mem 0x00000000bdc90000-0x00000000bdfbbfff] ACPI data
[    0.000000] BIOS-e820: [mem 0x00000000bdfbc000-0x00000000bf434fff] usable
[    0.000000] BIOS-e820: [mem 0x00000000bf435000-0x00000000c0635fff] reserved
[    0.000000] BIOS-e820: [mem 0x00000000c0636000-0x00000000cba02fff] usable
[    0.000000] BIOS-e820: [mem 0x00000000cba03000-0x00000000cba04fff] reserved
[    0.000000] BIOS-e820: [mem 0x00000000cba05000-0x00000000cba05fff] usable
[    0.000000] BIOS-e820: [mem 0x00000000cba06000-0x00000000cba4dfff] reserved
[    0.000000] BIOS-e820: [mem 0x00000000cba4e000-0x00000000cba4efff] usable
[    0.000000] BIOS-e820: [mem 0x00000000cba4f000-0x00000000cba56fff] reserved
[    0.000000] BIOS-e820: [mem 0x00000000cba57000-0x00000000cba57fff] usable
[    0.000000] BIOS-e820: [mem 0x00000000cba58000-0x00000000cd42afff] reserved
[    0.000000] BIOS-e820: [mem 0x00000000cd42b000-0x00000000cd42bfff] usable
[    0.000000] BIOS-e820: [mem 0x00000000cd42c000-0x00000000cd42cfff] reserved
[    0.000000] BIOS-e820: [mem 0x00000000cd42d000-0x00000000cd42dfff] usable
[    0.000000] BIOS-e820: [mem 0x00000000cd42e000-0x00000000cd63ffff] reserved
[    0.000000] BIOS-e820: [mem 0x00000000cd640000-0x00000000cd6befff] usable
[    0.000000] BIOS-e820: [mem 0x00000000cd6bf000-0x00000000cd6bffff] ACPI NVS
[    0.000000] BIOS-e820: [mem 0x00000000cd6c0000-0x00000000ce51efff] usable
[    0.000000] BIOS-e820: [mem 0x00000000ce51f000-0x00000000cf11ffff] ACPI NVS
[    0.000000] BIOS-e820: [mem 0x00000000cf120000-0x00000000cf132fff] usable
[    0.000000] BIOS-e820: [mem 0x00000000cf133000-0x00000000cf732fff] reserved
[    0.000000] BIOS-e820: [mem 0x00000000cf733000-0x00000000cf733fff] ACPI NVS
[    0.000000] BIOS-e820: [mem 0x00000000cf734000-0x00000000d27dcfff] usable
[    0.000000] BIOS-e820: [mem 0x00000000d27dd000-0x00000000d284dfff] reserved
[    0.000000] BIOS-e820: [mem 0x00000000d284e000-0x00000000d2894fff] usable
[    0.000000] BIOS-e820: [mem 0x00000000d2895000-0x00000000d2896fff] reserved
[    0.000000] BIOS-e820: [mem 0x00000000d2897000-0x00000000d2976fff] usable
[    0.000000] BIOS-e820: [mem 0x00000000d2977000-0x00000000d2978fff] reserved
[    0.000000] BIOS-e820: [mem 0x00000000d2979000-0x00000000d2f54fff] usable
[    0.000000] BIOS-e820: [mem 0x00000000d2f55000-0x00000000d2f5dfff] reserved
[    0.000000] BIOS-e820: [mem 0x00000000d2f5e000-0x00000000d34bbfff] usable
[    0.000000] BIOS-e820: [mem 0x00000000d34bc000-0x00000000d3abbfff] reserved
[    0.000000] BIOS-e820: [mem 0x00000000d3abc000-0x00000000d3c5ffff] usable
[    0.000000] BIOS-e820: [mem 0x00000000d3c60000-0x00000000d3c7bfff] reserved
[    0.000000] BIOS-e820: [mem 0x00000000d3c7c000-0x00000000d69cefff] usable
[    0.000000] BIOS-e820: [mem 0x00000000d69cf000-0x00000000d6ccefff] reserved
[    0.000000] BIOS-e820: [mem 0x00000000d6ccf000-0x00000000d76fefff] ACPI NVS
[    0.000000] BIOS-e820: [mem 0x00000000d76ff000-0x00000000d77fefff] ACPI data
[    0.000000] BIOS-e820: [mem 0x00000000d77ff000-0x00000000d77fffff] usable
[    0.000000] BIOS-e820: [mem 0x00000000d7800000-0x00000000dfffffff] reserved
[    0.000000] BIOS-e820: [mem 0x00000000f2830000-0x00000000f2830fff] reserved
[    0.000000] BIOS-e820: [mem 0x0000000100000000-0x0000003ffeffffff] usable
[    0.000000] BIOS-e820: [mem 0x0000003fff000000-0x0000003fffffffff] reserved
[    0.000000] BIOS-e820: [mem 0x0000020000000000-0x00000200ffffffff] soft reserved
[    0.000000] BIOS-e820: [mem 0x0000100000000000-0x000010007fffffff] reserved
[    0.000000] printk: debug: ignoring loglevel setting.
[    0.000000] NX (Execute Disable) protection: active
[    0.000000] efi: EFI v2.70 by EDK II
[    0.000000] efi: ACPI=0xd77fe000 ACPI 2.0=0xd77fe014 SMBIOS=0xd6b0b000 SMBIOS 3.0=0xd6b09000 MEMATTR=0xd3478018 
[    0.000000] efi: memattr: Unexpected EFI Memory Attributes table version 2
[    0.000000] SMBIOS 3.6.0 present.
[    0.000000] DMI: Intel Corporation OAKSTREAM/OAKSTREAM, BIOS OKSDCRB1.86B.0010.D75.2403180334 03/18/2024
[    0.000000] tsc: Detected 2400.000 MHz processor
[    0.000015] e820: update [mem 0x00000000-0x00000fff] usable ==> reserved
[    0.000072] e820: remove [mem 0x000a0000-0x000fffff] usable
[    0.000134] last_pfn = 0x3fff000 max_arch_pfn = 0x10000000000
[    0.000149] x86/PAT: Configuration [0-7]: WB  WC  UC- UC  WB  WP  UC- WT  
[    0.000164] total RAM covered: 16776704M
[    0.000459]  gran_size: 64K 	chunk_size: 64K 	num_reg: 10  	lose cover RAM: 15872G
[    0.000484]  gran_size: 64K 	chunk_size: 128K 	num_reg: 10  	lose cover RAM: 15872G
[    0.000510]  gran_size: 64K 	chunk_size: 256K 	num_reg: 10  	lose cover RAM: 15872G
[    0.000535]  gran_size: 64K 	chunk_size: 512K 	num_reg: 10  	lose cover RAM: 15872G
[    0.000561]  gran_size: 64K 	chunk_size: 1M 	num_reg: 10  	lose cover RAM: 15872G
[    0.000587]  gran_size: 64K 	chunk_size: 2M 	num_reg: 10  	lose cover RAM: 15872G
[    0.000612]  gran_size: 64K 	chunk_size: 4M 	num_reg: 10  	lose cover RAM: 15872G
[    0.000638]  gran_size: 64K 	chunk_size: 8M 	num_reg: 10  	lose cover RAM: 15872G
[    0.000663]  gran_size: 64K 	chunk_size: 16M 	num_reg: 10  	lose cover RAM: 15872G
[    0.000689]  gran_size: 64K 	chunk_size: 32M 	num_reg: 10  	lose cover RAM: 15872G
[    0.000714]  gran_size: 64K 	chunk_size: 64M 	num_reg: 10  	lose cover RAM: 15872G
[    0.000740]  gran_size: 64K 	chunk_size: 128M 	num_reg: 10  	lose cover RAM: 15872G
[    0.000765]  gran_size: 64K 	chunk_size: 256M 	num_reg: 10  	lose cover RAM: 15872G
[    0.000791]  gran_size: 64K 	chunk_size: 512M 	num_reg: 10  	lose cover RAM: 15872G
[    0.000816]  gran_size: 64K 	chunk_size: 1G 	num_reg: 10  	lose cover RAM: 15360G
[    0.000842]  gran_size: 64K 	chunk_size: 2G 	num_reg: 10  	lose cover RAM: 15360G
[    0.000867]  gran_size: 128K 	chunk_size: 128K 	num_reg: 10  	lose cover RAM: 15872G
[    0.000893]  gran_size: 128K 	chunk_size: 256K 	num_reg: 10  	lose cover RAM: 15872G
[    0.000919]  gran_size: 128K 	chunk_size: 512K 	num_reg: 10  	lose cover RAM: 15872G
[    0.000944]  gran_size: 128K 	chunk_size: 1M 	num_reg: 10  	lose cover RAM: 15872G
[    0.000970]  gran_size: 128K 	chunk_size: 2M 	num_reg: 10  	lose cover RAM: 15872G
[    0.000995]  gran_size: 128K 	chunk_size: 4M 	num_reg: 10  	lose cover RAM: 15872G
[    0.001021]  gran_size: 128K 	chunk_size: 8M 	num_reg: 10  	lose cover RAM: 15872G
[    0.001046]  gran_size: 128K 	chunk_size: 16M 	num_reg: 10  	lose cover RAM: 15872G
[    0.001072]  gran_size: 128K 	chunk_size: 32M 	num_reg: 10  	lose cover RAM: 15872G
[    0.001097]  gran_size: 128K 	chunk_size: 64M 	num_reg: 10  	lose cover RAM: 15872G
[    0.001123]  gran_size: 128K 	chunk_size: 128M 	num_reg: 10  	lose cover RAM: 15872G
[    0.001149]  gran_size: 128K 	chunk_size: 256M 	num_reg: 10  	lose cover RAM: 15872G
[    0.001174]  gran_size: 128K 	chunk_size: 512M 	num_reg: 10  	lose cover RAM: 15872G
[    0.001200]  gran_size: 128K 	chunk_size: 1G 	num_reg: 10  	lose cover RAM: 15360G
[    0.001225]  gran_size: 128K 	chunk_size: 2G 	num_reg: 10  	lose cover RAM: 15360G
[    0.001251]  gran_size: 256K 	chunk_size: 256K 	num_reg: 10  	lose cover RAM: 15872G
[    0.001276]  gran_size: 256K 	chunk_size: 512K 	num_reg: 10  	lose cover RAM: 15872G
[    0.001302]  gran_size: 256K 	chunk_size: 1M 	num_reg: 10  	lose cover RAM: 15872G
[    0.001328]  gran_size: 256K 	chunk_size: 2M 	num_reg: 10  	lose cover RAM: 15872G
[    0.001353]  gran_size: 256K 	chunk_size: 4M 	num_reg: 10  	lose cover RAM: 15872G
[    0.001379]  gran_size: 256K 	chunk_size: 8M 	num_reg: 10  	lose cover RAM: 15872G
[    0.001404]  gran_size: 256K 	chunk_size: 16M 	num_reg: 10  	lose cover RAM: 15872G
[    0.001430]  gran_size: 256K 	chunk_size: 32M 	num_reg: 10  	lose cover RAM: 15872G
[    0.001455]  gran_size: 256K 	chunk_size: 64M 	num_reg: 10  	lose cover RAM: 15872G
[    0.001481]  gran_size: 256K 	chunk_size: 128M 	num_reg: 10  	lose cover RAM: 15872G
[    0.001507]  gran_size: 256K 	chunk_size: 256M 	num_reg: 10  	lose cover RAM: 15872G
[    0.001532]  gran_size: 256K 	chunk_size: 512M 	num_reg: 10  	lose cover RAM: 15872G
[    0.001558]  gran_size: 256K 	chunk_size: 1G 	num_reg: 10  	lose cover RAM: 15360G
[    0.001583]  gran_size: 256K 	chunk_size: 2G 	num_reg: 10  	lose cover RAM: 15360G
[    0.001609]  gran_size: 512K 	chunk_size: 512K 	num_reg: 10  	lose cover RAM: 15872G
[    0.001634]  gran_size: 512K 	chunk_size: 1M 	num_reg: 10  	lose cover RAM: 15872G
[    0.001660]  gran_size: 512K 	chunk_size: 2M 	num_reg: 10  	lose cover RAM: 15872G
[    0.001685]  gran_size: 512K 	chunk_size: 4M 	num_reg: 10  	lose cover RAM: 15872G
[    0.001711]  gran_size: 512K 	chunk_size: 8M 	num_reg: 10  	lose cover RAM: 15872G
[    0.001737]  gran_size: 512K 	chunk_size: 16M 	num_reg: 10  	lose cover RAM: 15872G
[    0.001762]  gran_size: 512K 	chunk_size: 32M 	num_reg: 10  	lose cover RAM: 15872G
[    0.001788]  gran_size: 512K 	chunk_size: 64M 	num_reg: 10  	lose cover RAM: 15872G
[    0.001813]  gran_size: 512K 	chunk_size: 128M 	num_reg: 10  	lose cover RAM: 15872G
[    0.001839]  gran_size: 512K 	chunk_size: 256M 	num_reg: 10  	lose cover RAM: 15872G
[    0.001864]  gran_size: 512K 	chunk_size: 512M 	num_reg: 10  	lose cover RAM: 15872G
[    0.001890]  gran_size: 512K 	chunk_size: 1G 	num_reg: 10  	lose cover RAM: 15360G
[    0.001916]  gran_size: 512K 	chunk_size: 2G 	num_reg: 10  	lose cover RAM: 15360G
[    0.001941]  gran_size: 1M 	chunk_size: 1M 	num_reg: 10  	lose cover RAM: 15872G
[    0.001967]  gran_size: 1M 	chunk_size: 2M 	num_reg: 10  	lose cover RAM: 15872G
[    0.001992]  gran_size: 1M 	chunk_size: 4M 	num_reg: 10  	lose cover RAM: 15872G
[    0.002018]  gran_size: 1M 	chunk_size: 8M 	num_reg: 10  	lose cover RAM: 15872G
[    0.002043]  gran_size: 1M 	chunk_size: 16M 	num_reg: 10  	lose cover RAM: 15872G
[    0.002069]  gran_size: 1M 	chunk_size: 32M 	num_reg: 10  	lose cover RAM: 15872G
[    0.002094]  gran_size: 1M 	chunk_size: 64M 	num_reg: 10  	lose cover RAM: 15872G
[    0.002120]  gran_size: 1M 	chunk_size: 128M 	num_reg: 10  	lose cover RAM: 15872G
[    0.002145]  gran_size: 1M 	chunk_size: 256M 	num_reg: 10  	lose cover RAM: 15872G
[    0.002171]  gran_size: 1M 	chunk_size: 512M 	num_reg: 10  	lose cover RAM: 15872G
[    0.002196]  gran_size: 1M 	chunk_size: 1G 	num_reg: 10  	lose cover RAM: 15360G
[    0.002222]  gran_size: 1M 	chunk_size: 2G 	num_reg: 10  	lose cover RAM: 15360G
[    0.002247]  gran_size: 2M 	chunk_size: 2M 	num_reg: 10  	lose cover RAM: 15872G
[    0.002273]  gran_size: 2M 	chunk_size: 4M 	num_reg: 10  	lose cover RAM: 15872G
[    0.002298]  gran_size: 2M 	chunk_size: 8M 	num_reg: 10  	lose cover RAM: 15872G
[    0.002324]  gran_size: 2M 	chunk_size: 16M 	num_reg: 10  	lose cover RAM: 15872G
[    0.002349]  gran_size: 2M 	chunk_size: 32M 	num_reg: 10  	lose cover RAM: 15872G
[    0.002375]  gran_size: 2M 	chunk_size: 64M 	num_reg: 10  	lose cover RAM: 15872G
[    0.002400]  gran_size: 2M 	chunk_size: 128M 	num_reg: 10  	lose cover RAM: 15872G
[    0.002426]  gran_size: 2M 	chunk_size: 256M 	num_reg: 10  	lose cover RAM: 15872G
[    0.002451]  gran_size: 2M 	chunk_size: 512M 	num_reg: 10  	lose cover RAM: 15872G
[    0.002477]  gran_size: 2M 	chunk_size: 1G 	num_reg: 10  	lose cover RAM: 15360G
[    0.002502]  gran_size: 2M 	chunk_size: 2G 	num_reg: 10  	lose cover RAM: 15360G
[    0.002528]  gran_size: 4M 	chunk_size: 4M 	num_reg: 10  	lose cover RAM: 15872G
[    0.002553]  gran_size: 4M 	chunk_size: 8M 	num_reg: 10  	lose cover RAM: 15872G
[    0.002579]  gran_size: 4M 	chunk_size: 16M 	num_reg: 10  	lose cover RAM: 15872G
[    0.002604]  gran_size: 4M 	chunk_size: 32M 	num_reg: 10  	lose cover RAM: 15872G
[    0.002630]  gran_size: 4M 	chunk_size: 64M 	num_reg: 10  	lose cover RAM: 15872G
[    0.002655]  gran_size: 4M 	chunk_size: 128M 	num_reg: 10  	lose cover RAM: 15872G
[    0.002681]  gran_size: 4M 	chunk_size: 256M 	num_reg: 10  	lose cover RAM: 15872G
[    0.002707]  gran_size: 4M 	chunk_size: 512M 	num_reg: 10  	lose cover RAM: 15872G
[    0.002732]  gran_size: 4M 	chunk_size: 1G 	num_reg: 10  	lose cover RAM: 15360G
[    0.002758]  gran_size: 4M 	chunk_size: 2G 	num_reg: 10  	lose cover RAM: 15360G
[    0.002783]  gran_size: 8M 	chunk_size: 8M 	num_reg: 10  	lose cover RAM: 15872G
[    0.002809]  gran_size: 8M 	chunk_size: 16M 	num_reg: 10  	lose cover RAM: 15872G
[    0.002834]  gran_size: 8M 	chunk_size: 32M 	num_reg: 10  	lose cover RAM: 15872G
[    0.002860]  gran_size: 8M 	chunk_size: 64M 	num_reg: 10  	lose cover RAM: 15872G
[    0.002885]  gran_size: 8M 	chunk_size: 128M 	num_reg: 10  	lose cover RAM: 15872G
[    0.002911]  gran_size: 8M 	chunk_size: 256M 	num_reg: 10  	lose cover RAM: 15872G
[    0.002936]  gran_size: 8M 	chunk_size: 512M 	num_reg: 10  	lose cover RAM: 15872G
[    0.002962]  gran_size: 8M 	chunk_size: 1G 	num_reg: 10  	lose cover RAM: 15360G
[    0.002987]  gran_size: 8M 	chunk_size: 2G 	num_reg: 10  	lose cover RAM: 15360G
[    0.003013]  gran_size: 16M 	chunk_size: 16M 	num_reg: 10  	lose cover RAM: 15872G
[    0.003038]  gran_size: 16M 	chunk_size: 32M 	num_reg: 10  	lose cover RAM: 15872G
[    0.003064]  gran_size: 16M 	chunk_size: 64M 	num_reg: 10  	lose cover RAM: 15872G
[    0.003089]  gran_size: 16M 	chunk_size: 128M 	num_reg: 10  	lose cover RAM: 15872G
[    0.003115]  gran_size: 16M 	chunk_size: 256M 	num_reg: 10  	lose cover RAM: 15872G
[    0.003140]  gran_size: 16M 	chunk_size: 512M 	num_reg: 10  	lose cover RAM: 15872G
[    0.003166]  gran_size: 16M 	chunk_size: 1G 	num_reg: 10  	lose cover RAM: 15360G
[    0.003192]  gran_size: 16M 	chunk_size: 2G 	num_reg: 10  	lose cover RAM: 15360G
[    0.003217]  gran_size: 32M 	chunk_size: 32M 	num_reg: 10  	lose cover RAM: 15872G
[    0.003243]  gran_size: 32M 	chunk_size: 64M 	num_reg: 10  	lose cover RAM: 15872G
[    0.003268]  gran_size: 32M 	chunk_size: 128M 	num_reg: 10  	lose cover RAM: 15872G
[    0.003294]  gran_size: 32M 	chunk_size: 256M 	num_reg: 10  	lose cover RAM: 15872G
[    0.003319]  gran_size: 32M 	chunk_size: 512M 	num_reg: 10  	lose cover RAM: 15872G
[    0.003345]  gran_size: 32M 	chunk_size: 1G 	num_reg: 10  	lose cover RAM: 15360G
[    0.003370]  gran_size: 32M 	chunk_size: 2G 	num_reg: 10  	lose cover RAM: 15360G
[    0.003396]  gran_size: 64M 	chunk_size: 64M 	num_reg: 10  	lose cover RAM: 15872G
[    0.003422]  gran_size: 64M 	chunk_size: 128M 	num_reg: 10  	lose cover RAM: 15872G
[    0.003447]  gran_size: 64M 	chunk_size: 256M 	num_reg: 10  	lose cover RAM: 15872G
[    0.003473]  gran_size: 64M 	chunk_size: 512M 	num_reg: 10  	lose cover RAM: 15872G
[    0.003498]  gran_size: 64M 	chunk_size: 1G 	num_reg: 10  	lose cover RAM: 15360G
[    0.003524]  gran_size: 64M 	chunk_size: 2G 	num_reg: 10  	lose cover RAM: 15360G
[    0.003549]  gran_size: 128M 	chunk_size: 128M 	num_reg: 10  	lose cover RAM: 15872G
[    0.003575]  gran_size: 128M 	chunk_size: 256M 	num_reg: 10  	lose cover RAM: 15872G
[    0.003600]  gran_size: 128M 	chunk_size: 512M 	num_reg: 10  	lose cover RAM: 15872G
[    0.003626]  gran_size: 128M 	chunk_size: 1G 	num_reg: 10  	lose cover RAM: 15360G
[    0.003652]  gran_size: 128M 	chunk_size: 2G 	num_reg: 10  	lose cover RAM: 15360G
[    0.003677]  gran_size: 256M 	chunk_size: 256M 	num_reg: 10  	lose cover RAM: 15872G
[    0.003703]  gran_size: 256M 	chunk_size: 512M 	num_reg: 10  	lose cover RAM: 15872G
[    0.003728]  gran_size: 256M 	chunk_size: 1G 	num_reg: 10  	lose cover RAM: 15360G
[    0.003754]  gran_size: 256M 	chunk_size: 2G 	num_reg: 10  	lose cover RAM: 15360G
[    0.003779]  gran_size: 512M 	chunk_size: 512M 	num_reg: 10  	lose cover RAM: 15872G
[    0.003805]  gran_size: 512M 	chunk_size: 1G 	num_reg: 10  	lose cover RAM: 15360G
[    0.003831]  gran_size: 512M 	chunk_size: 2G 	num_reg: 10  	lose cover RAM: 15360G
[    0.003856]  gran_size: 1G 	chunk_size: 1G 	num_reg: 10  	lose cover RAM: 15729152M
[    0.003882]  gran_size: 1G 	chunk_size: 2G 	num_reg: 10  	lose cover RAM: 15729152M
[    0.003907]  gran_size: 2G 	chunk_size: 2G 	num_reg: 10  	lose cover RAM: 14681600M
[    0.003933] mtrr_cleanup: can not find optimal value
[    0.003945] please specify mtrr_gran_size/mtrr_chunk_size
[    0.003960] e820: update [mem 0xe0000000-0xffffffff] usable ==> reserved
[    0.004028] x2apic: enabled by BIOS, switching to x2apic ops
[    0.004040] last_pfn = 0xd7800 max_arch_pfn = 0x10000000000
[    0.007000] Using GB pages for direct mapping
[    0.101733] printk: log_buf_len: 268435456 bytes
[    0.101746] printk: early log buf free: 16758936(99%)
[    0.101759] Secure boot disabled
[    0.101771] RAMDISK: [mem 0xb844e000-0xba2a0fff]
[    0.101785] ACPI: Early table checksum verification disabled
[    0.101798] ACPI: RSDP 0x00000000D77FE014 000024 (v02 INTEL )
[    0.101834] ACPI: XSDT 0x00000000D7744188 00014C (v01 INTEL  INTEL ID 00000000      01000013)
[    0.101873] ACPI: FACP 0x00000000D77FC000 000114 (v06 INTEL  INTEL ID 00000000 INTL 20230628)
[    0.101913] ACPI: DSDT 0x00000000D775D000 08E4F6 (v02 INTEL  INTEL ID 00000003 INTL 20230628)
[    0.101951] ACPI: FACS 0x00000000D76F4000 000040
[    0.101987] ACPI: MCFG 0x00000000D77FB000 00004C (v01 INTEL  INTEL ID 00000001 INTL 20230628)
[    0.102026] ACPI: SSDT 0x00000000D77FA000 0001F3 (v02 INTEL  MPWR     00001000 INTL 20230628)
[    0.102064] ACPI: CEDT 0x00000000D77F9000 000284 (v01 INTEL  INTEL ID 00000002 INTL 20230628)
[    0.102103] ACPI: SSDT 0x00000000D77F8000 0000AB (v02 INTEL  INTEL ID 00000002 INTL 20230628)
[    0.102141] ACPI: MRRM 0x00000000D77F7000 0000CC (v01 INTEL  INTEL ID 00000002 INTL 20230628)
[    0.102179] ACPI: SSDT 0x00000000D77F6000 00030C (v02 INTEL  INTEL ID 00000000 MSFT 20230628)
[    0.102218] ACPI: SSDT 0x00000000D77F5000 000156 (v02 INTEL  PRMOPREG 00001000 INTL 20230628)
[    0.102256] ACPI: SSDT 0x00000000D77F4000 000145 (v02 INTEL  PRMSAMPL 00001000 INTL 20230628)
[    0.102294] ACPI: IRDT 0x00000000D77F3000 0001D7 (v01 INTEL  INTEL ID 00000002 INTL 20230628)
[    0.102333] ACPI: DTPR 0x00000000D77F2000 000530 (v01 INTEL  EDK2     00000002      01000013)
[    0.102371] ACPI: SSDT 0x00000000D77F1000 00040F (v02 INTEL  SruTable 00001000 INTL 20230628)
[    0.102409] ACPI: SSDT 0x00000000D77F0000 000397 (v02 INTEL  SstsTbl  00001000 INTL 20230628)
[    0.102448] ACPI: BDAT 0x00000000D77EF000 000030 (v01 INTEL  INTEL ID 00000000 INTL 20230628)
[    0.102486] ACPI: HPET 0x00000000D77EE000 000038 (v01 INTEL  INTEL ID 00000001 INTL 20230628)
[    0.102525] ACPI: MSCT 0x00000000D77ED000 000198 (v01 INTEL  INTEL ID 00000001 INTL 20230628)
[    0.102563] ACPI: WSMT 0x00000000D77EC000 000028 (v01 INTEL  INTEL ID 00000000 INTL 20230628)
[    0.102601] ACPI: APIC 0x00000000D775C000 00015E (v06 INTEL  INTEL ID 00000000 INTL 20230628)
[    0.102640] ACPI: KEYP 0x00000000D77FD000 000050 (v01 INTEL  INTEL ID 00000002 INTL 20230628)
[    0.102678] ACPI: PMTT 0x00000000D7741000 002568 (v02 INTEL  INTEL ID 00000001 INTL 20230628)
[    0.102716] ACPI: OEM4 0x00000000BDC90000 32B041 (v02 INTEL  CPU  CST 00003000 INTL 20230628)
[    0.102755] ACPI: OEM1 0x00000000BD41C000 439069 (v02 INTEL  CPU EIST 00003000 INTL 20230628)
[    0.102793] ACPI: OEM2 0x00000000BDA5E000 118031 (v02 INTEL  CPU  HWP 00003000 INTL 20230628)
[    0.102832] ACPI: SSDT 0x00000000BD0EC000 197850 (v02 INTEL  SSDT  PM 00004000 INTL 20230628)
[    0.102870] ACPI: DBG2 0x00000000D7740000 000058 (v00 INTEL  INTEL ID 00000002 INTL 20230628)
[    0.102908] ACPI: DMAR 0x00000000D773F000 000478 (v01 INTEL  INTEL ID 00000001 INTL 20230628)
[    0.102947] ACPI: FPDT 0x00000000D773E000 000044 (v01 INTEL  EDK2     00000002      01000013)
[    0.102985] ACPI: SSDT 0x00000000D773D000 000922 (v02 INTEL  RAS_ACPI 00000001 INTL 20230628)
[    0.103023] ACPI: SSDT 0x00000000D773C000 0008BB (v02 INTEL  ADDRXLAT 00000001 INTL 20230628)
[    0.103062] ACPI: HEST 0x00000000D773B000 000174 (v01 INTEL  INTEL ID 00000001 INTL 20230628)
[    0.103100] ACPI: BERT 0x00000000D773A000 000030 (v01 INTEL  INTEL ID 00000001 INTL 20230628)
[    0.103138] ACPI: ERST 0x00000000D7739000 000230 (v01 INTEL  INTEL ID 00000001 INTL 20230628)
[    0.103177] ACPI: PRMT 0x00000000D7738000 0001DC (v00 INTEL  INTEL ID 00000002 INTL 20230628)
[    0.103215] ACPI: SPCR 0x00000000D7737000 000050 (v02 INTEL  INTEL ID 00000000 INTL 20230628)
[    0.103254] ACPI: SRAT 0x00000000D7747000 014128 (v03 INTEL  INTEL ID 00000002 INTL 20230628)
[    0.103292] ACPI: SLIT 0x00000000D7746000 000050 (v01 INTEL  INTEL ID 00000002 INTL 20230628)
[    0.103330] ACPI: HMAT 0x00000000D7745000 000298 (v02 INTEL  INTEL ID 00000002 INTL 20230628)
[    0.103368] ACPI: Reserving FACP table memory at [mem 0xd77fc000-0xd77fc113]
[    0.103383] ACPI: Reserving DSDT table memory at [mem 0xd775d000-0xd77eb4f5]
[    0.103397] ACPI: Reserving FACS table memory at [mem 0xd76f4000-0xd76f403f]
[    0.103412] ACPI: Reserving MCFG table memory at [mem 0xd77fb000-0xd77fb04b]
[    0.103426] ACPI: Reserving SSDT table memory at [mem 0xd77fa000-0xd77fa1f2]
[    0.103441] ACPI: Reserving CEDT table memory at [mem 0xd77f9000-0xd77f9283]
[    0.103456] ACPI: Reserving SSDT table memory at [mem 0xd77f8000-0xd77f80aa]
[    0.103471] ACPI: Reserving MRRM table memory at [mem 0xd77f7000-0xd77f70cb]
[    0.103485] ACPI: Reserving SSDT table memory at [mem 0xd77f6000-0xd77f630b]
[    0.103500] ACPI: Reserving SSDT table memory at [mem 0xd77f5000-0xd77f5155]
[    0.103515] ACPI: Reserving SSDT table memory at [mem 0xd77f4000-0xd77f4144]
[    0.103530] ACPI: Reserving IRDT table memory at [mem 0xd77f3000-0xd77f31d6]
[    0.103544] ACPI: Reserving DTPR table memory at [mem 0xd77f2000-0xd77f252f]
[    0.103559] ACPI: Reserving SSDT table memory at [mem 0xd77f1000-0xd77f140e]
[    0.103574] ACPI: Reserving SSDT table memory at [mem 0xd77f0000-0xd77f0396]
[    0.103589] ACPI: Reserving BDAT table memory at [mem 0xd77ef000-0xd77ef02f]
[    0.103604] ACPI: Reserving HPET table memory at [mem 0xd77ee000-0xd77ee037]
[    0.103619] ACPI: Reserving MSCT table memory at [mem 0xd77ed000-0xd77ed197]
[    0.103633] ACPI: Reserving WSMT table memory at [mem 0xd77ec000-0xd77ec027]
[    0.103648] ACPI: Reserving APIC table memory at [mem 0xd775c000-0xd775c15d]
[    0.103663] ACPI: Reserving KEYP table memory at [mem 0xd77fd000-0xd77fd04f]
[    0.103678] ACPI: Reserving PMTT table memory at [mem 0xd7741000-0xd7743567]
[    0.103693] ACPI: Reserving OEM4 table memory at [mem 0xbdc90000-0xbdfbb040]
[    0.103708] ACPI: Reserving OEM1 table memory at [mem 0xbd41c000-0xbd855068]
[    0.103723] ACPI: Reserving OEM2 table memory at [mem 0xbda5e000-0xbdb76030]
[    0.103738] ACPI: Reserving SSDT table memory at [mem 0xbd0ec000-0xbd28384f]
[    0.103753] ACPI: Reserving DBG2 table memory at [mem 0xd7740000-0xd7740057]
[    0.103768] ACPI: Reserving DMAR table memory at [mem 0xd773f000-0xd773f477]
[    0.103783] ACPI: Reserving FPDT table memory at [mem 0xd773e000-0xd773e043]
[    0.103798] ACPI: Reserving SSDT table memory at [mem 0xd773d000-0xd773d921]
[    0.103813] ACPI: Reserving SSDT table memory at [mem 0xd773c000-0xd773c8ba]
[    0.103828] ACPI: Reserving HEST table memory at [mem 0xd773b000-0xd773b173]
[    0.103843] ACPI: Reserving BERT table memory at [mem 0xd773a000-0xd773a02f]
[    0.103858] ACPI: Reserving ERST table memory at [mem 0xd7739000-0xd773922f]
[    0.103873] ACPI: Reserving PRMT table memory at [mem 0xd7738000-0xd77381db]
[    0.103888] ACPI: Reserving SPCR table memory at [mem 0xd7737000-0xd773704f]
[    0.103903] ACPI: Reserving SRAT table memory at [mem 0xd7747000-0xd775b127]
[    0.103918] ACPI: Reserving SLIT table memory at [mem 0xd7746000-0xd774604f]
[    0.103933] ACPI: Reserving HMAT table memory at [mem 0xd7745000-0xd7745297]
[    0.103975] Setting APIC routing to cluster x2apic.
[    0.104155] SRAT: PXM 0 -> APIC 0x0000 -> Node 0
[    0.104169] SRAT: PXM 0 -> APIC 0x0002 -> Node 0
[    0.104182] SRAT: PXM 0 -> APIC 0x0008 -> Node 0
[    0.104195] SRAT: PXM 0 -> APIC 0x000a -> Node 0
[    0.104208] SRAT: PXM 0 -> APIC 0x0100 -> Node 0
[    0.104221] SRAT: PXM 0 -> APIC 0x0102 -> Node 0
[    0.104235] SRAT: PXM 0 -> APIC 0x0108 -> Node 0
[    0.104248] SRAT: PXM 0 -> APIC 0x010a -> Node 0
[    0.104261] SRAT: PXM 0 -> APIC 0x0200 -> Node 0
[    0.104274] SRAT: PXM 0 -> APIC 0x0202 -> Node 0
[    0.104287] SRAT: PXM 0 -> APIC 0x0208 -> Node 0
[    0.104301] SRAT: PXM 0 -> APIC 0x020a -> Node 0
[    0.104314] SRAT: PXM 0 -> APIC 0x0300 -> Node 0
[    0.104327] SRAT: PXM 0 -> APIC 0x0302 -> Node 0
[    0.104340] SRAT: PXM 0 -> APIC 0x0308 -> Node 0
[    0.104353] SRAT: PXM 0 -> APIC 0x030a -> Node 0
[    0.104510] ACPI: SRAT: Node 0 PXM 0 [mem 0x00000000-0xdfffffff]
[    0.104525] ACPI: SRAT: Node 0 PXM 0 [mem 0x100000000-0x3fffffffff]
[    0.104578] ACPI: SRAT: Node 1 PXM 5 [mem 0x20000000000-0x200ffffffff]
[    0.104603] NUMA: Initialized distance table, cnt=2
[    0.104627] NUMA: Node 0 [mem 0x00000000-0xdfffffff] + [mem 0x100000000-0x3ffeffffff] -> [mem 0x00000000-0x3ffeffffff]
[    0.104669] NODE_DATA(0) allocated [mem 0x3fb6fc1000-0x3fb6febfff]
[    0.105679] Reserving 512MB of memory at 2432MB for crashkernel (System RAM: 261362MB)
[    0.106347] Zone ranges:
[    0.106359]   DMA      [mem 0x0000000000001000-0x0000000000ffffff]
[    0.106383]   DMA32    [mem 0x0000000001000000-0x00000000ffffffff]
[    0.106407]   Normal   [mem 0x0000000100000000-0x0000003ffeffffff]
[    0.106432]   Device   empty
[    0.106455] Movable zone start for each node
[    0.106471] Early memory node ranges
[    0.106484]   node   0: [mem 0x0000000000001000-0x000000000009ffff]
[    0.106497]   node   0: [mem 0x0000000000100000-0x00000000bb779fff]
[    0.106511]   node   0: [mem 0x00000000bcd2e000-0x00000000bd0ebfff]
[    0.106525]   node   0: [mem 0x00000000bd284000-0x00000000bd41bfff]
[    0.106538]   node   0: [mem 0x00000000bd856000-0x00000000bda5dfff]
[    0.106552]   node   0: [mem 0x00000000bdb77000-0x00000000bdc8ffff]
[    0.106566]   node   0: [mem 0x00000000bdfbc000-0x00000000bf434fff]
[    0.106579]   node   0: [mem 0x00000000c0636000-0x00000000cba02fff]
[    0.106593]   node   0: [mem 0x00000000cba05000-0x00000000cba05fff]
[    0.106606]   node   0: [mem 0x00000000cba4e000-0x00000000cba4efff]
[    0.106620]   node   0: [mem 0x00000000cba57000-0x00000000cba57fff]
[    0.106633]   node   0: [mem 0x00000000cd42b000-0x00000000cd42bfff]
[    0.106647]   node   0: [mem 0x00000000cd42d000-0x00000000cd42dfff]
[    0.106661]   node   0: [mem 0x00000000cd640000-0x00000000cd6befff]
[    0.106674]   node   0: [mem 0x00000000cd6c0000-0x00000000ce51efff]
[    0.106688]   node   0: [mem 0x00000000cf120000-0x00000000cf132fff]
[    0.106701]   node   0: [mem 0x00000000cf734000-0x00000000d27dcfff]
[    0.106715]   node   0: [mem 0x00000000d284e000-0x00000000d2894fff]
[    0.106728]   node   0: [mem 0x00000000d2897000-0x00000000d2976fff]
[    0.106742]   node   0: [mem 0x00000000d2979000-0x00000000d2f54fff]
[    0.106756]   node   0: [mem 0x00000000d2f5e000-0x00000000d34bbfff]
[    0.106769]   node   0: [mem 0x00000000d3abc000-0x00000000d3c5ffff]
[    0.106783]   node   0: [mem 0x00000000d3c7c000-0x00000000d69cefff]
[    0.106796]   node   0: [mem 0x00000000d77ff000-0x00000000d77fffff]
[    0.106810]   node   0: [mem 0x0000000100000000-0x0000003ffeffffff]
[    0.106893] Initmem setup node 0 [mem 0x0000000000001000-0x0000003ffeffffff]
[    0.106914] On node 0, zone DMA: 1 pages in unavailable ranges
[    0.106981] On node 0, zone DMA: 96 pages in unavailable ranges
[    0.117551] On node 0, zone DMA32: 5556 pages in unavailable ranges
[    0.117582] On node 0, zone DMA32: 408 pages in unavailable ranges
[    0.117636] On node 0, zone DMA32: 1082 pages in unavailable ranges
[    0.117662] On node 0, zone DMA32: 281 pages in unavailable ranges
[    0.117772] On node 0, zone DMA32: 812 pages in unavailable ranges
[    0.118553] On node 0, zone DMA32: 4609 pages in unavailable ranges
[    0.118567] On node 0, zone DMA32: 2 pages in unavailable ranges
[    0.118582] On node 0, zone DMA32: 72 pages in unavailable ranges
[    0.118596] On node 0, zone DMA32: 8 pages in unavailable ranges
[    0.118814] On node 0, zone DMA32: 6611 pages in unavailable ranges
[    0.118828] On node 0, zone DMA32: 1 pages in unavailable ranges
[    0.118859] On node 0, zone DMA32: 530 pages in unavailable ranges
[    0.118922] On node 0, zone DMA32: 1 pages in unavailable ranges
[    0.119031] On node 0, zone DMA32: 3073 pages in unavailable ranges
[    0.119261] On node 0, zone DMA32: 1537 pages in unavailable ranges
[    0.119279] On node 0, zone DMA32: 113 pages in unavailable ranges
[    0.119296] On node 0, zone DMA32: 2 pages in unavailable ranges
[    0.119330] On node 0, zone DMA32: 2 pages in unavailable ranges
[    0.119362] On node 0, zone DMA32: 9 pages in unavailable ranges
[    0.119428] On node 0, zone DMA32: 1536 pages in unavailable ranges
[    0.119600] On node 0, zone DMA32: 28 pages in unavailable ranges
[    0.119726] On node 0, zone DMA32: 3632 pages in unavailable ranges
[    1.016794] On node 0, zone Normal: 2048 pages in unavailable ranges
[    1.016934] On node 0, zone Normal: 4096 pages in unavailable ranges
[    1.021814] ACPI: PM-Timer IO Port: 0x508
[    1.021833] ACPI: X2APIC_NMI (uid[0xffffffff] high edge lint[0x1])
[    1.021848] ACPI: LAPIC_NMI (acpi_id[0xff] high edge lint[0x1])
[    1.021863] IOAPIC[0]: apic_id 8, version 32, address 0xfec00000, GSI 0-23
[    1.021879] ACPI: INT_SRC_OVR (bus 0 bus_irq 0 global_irq 2 dfl dfl)
[    1.021893] ACPI: INT_SRC_OVR (bus 0 bus_irq 9 global_irq 9 high level)
[    1.021910] ACPI: Using ACPI (MADT) for SMP configuration information
[    1.021922] ACPI: HPET id: 0x8086a701 base: 0xfed00000
[    1.021940] ACPI: SPCR: console: uart,io,0x3f8,115200
[    1.021953] TSC deadline timer available
[    1.021965] smpboot: Allowing 16 CPUs, 0 hotplug CPUs
[    1.022333] PM: hibernation: Registered nosave memory: [mem 0x00000000-0x00000fff]
[    1.022355] PM: hibernation: Registered nosave memory: [mem 0x000a0000-0x000fffff]
[    1.022377] PM: hibernation: Registered nosave memory: [mem 0xbb77a000-0xbcd2dfff]
[    1.022399] PM: hibernation: Registered nosave memory: [mem 0xbd0ec000-0xbd283fff]
[    1.022421] PM: hibernation: Registered nosave memory: [mem 0xbd41c000-0xbd855fff]
[    1.022443] PM: hibernation: Registered nosave memory: [mem 0xbda5e000-0xbdb76fff]
[    1.022465] PM: hibernation: Registered nosave memory: [mem 0xbdc90000-0xbdfbbfff]
[    1.022488] PM: hibernation: Registered nosave memory: [mem 0xbf435000-0xc0635fff]
[    1.022510] PM: hibernation: Registered nosave memory: [mem 0xcba03000-0xcba04fff]
[    1.022533] PM: hibernation: Registered nosave memory: [mem 0xcba06000-0xcba4dfff]
[    1.022555] PM: hibernation: Registered nosave memory: [mem 0xcba4f000-0xcba56fff]
[    1.022578] PM: hibernation: Registered nosave memory: [mem 0xcba58000-0xcd42afff]
[    1.022601] PM: hibernation: Registered nosave memory: [mem 0xcd42c000-0xcd42cfff]
[    1.022624] PM: hibernation: Registered nosave memory: [mem 0xcd42e000-0xcd63ffff]
[    1.022647] PM: hibernation: Registered nosave memory: [mem 0xcd6bf000-0xcd6bffff]
[    1.022670] PM: hibernation: Registered nosave memory: [mem 0xce51f000-0xcf11ffff]
[    1.022693] PM: hibernation: Registered nosave memory: [mem 0xcf133000-0xcf732fff]
[    1.022706] PM: hibernation: Registered nosave memory: [mem 0xcf733000-0xcf733fff]
[    1.022730] PM: hibernation: Registered nosave memory: [mem 0xd27dd000-0xd284dfff]
[    1.022753] PM: hibernation: Registered nosave memory: [mem 0xd2895000-0xd2896fff]
[    1.022777] PM: hibernation: Registered nosave memory: [mem 0xd2977000-0xd2978fff]
[    1.022800] PM: hibernation: Registered nosave memory: [mem 0xd2f55000-0xd2f5dfff]
[    1.022824] PM: hibernation: Registered nosave memory: [mem 0xd34bc000-0xd3abbfff]
[    1.022848] PM: hibernation: Registered nosave memory: [mem 0xd3c60000-0xd3c7bfff]
[    1.022872] PM: hibernation: Registered nosave memory: [mem 0xd69cf000-0xd6ccefff]
[    1.022885] PM: hibernation: Registered nosave memory: [mem 0xd6ccf000-0xd76fefff]
[    1.022898] PM: hibernation: Registered nosave memory: [mem 0xd76ff000-0xd77fefff]
[    1.022922] PM: hibernation: Registered nosave memory: [mem 0xd7800000-0xdfffffff]
[    1.022936] PM: hibernation: Registered nosave memory: [mem 0xe0000000-0xf282ffff]
[    1.022949] PM: hibernation: Registered nosave memory: [mem 0xf2830000-0xf2830fff]
[    1.022963] PM: hibernation: Registered nosave memory: [mem 0xf2831000-0xffffffff]
[    1.022977] [mem 0xe0000000-0xf282ffff] available for PCI devices
[    1.022992] Booting paravirtualized kernel on bare hardware
[    1.023005] clocksource: refined-jiffies: mask: 0xffffffff max_cycles: 0xffffffff, max_idle_ns: 1910969940391419 ns
[    1.036719] setup_percpu: NR_CPUS:8192 nr_cpumask_bits:16 nr_cpu_ids:16 nr_node_ids:2
[    1.036811] percpu: Embedded 54 pages/cpu s183992 r8192 d29000 u262144
[    1.036884] pcpu-alloc: s183992 r8192 d29000 u262144 alloc=1*2097152
[    1.036909] pcpu-alloc: [0] 00 01 02 03 04 05 06 07 [0] 08 09 10 11 12 13 14 15 
[    1.037367] Fallback order for Node 0: 0 
[    1.037403] Built 1 zonelists, mobility grouping on.  Total pages: 65863266
[    1.037416] Policy zone: Normal
[    1.037429] Kernel command line: BOOT_IMAGE=(hd1,gpt2)/vmlinuz-5.17.0-rc8-dca51fe7fbb1-gdca51fe7fbb1 root=/dev/mapper/cs-root ro crashkernel=1G-4G:192M,4G-64G:256M,64G-:512M resume=/dev/mapper/cs-swap rd.lvm.lv=cs/root rd.lvm.lv=cs/swap rhgb quiet console=tty0 console=ttyS0,115200n8 intel_iommu=on,sm_on initcall_debug log_buf_len=200M no_console_suspend ignore_loglevel selinux=0 cxl_acpi.dyndbg=+fplm cxl_pci.dyndbg=+fplm cxl_core.dyndbg=+fplm cxl_mem.dyndbg=+fplm cxl_pmem.dyndbg=+fplm cxl_port.dyndbg=+fplm cxl_region.dyndbg=+fplm cxl_test.dyndbg=+fplm cxl_mock.dyndbg=+fplm cxl_mock_mem.dyndbg=+fplm
[    1.037684] DMAR: IOMMU enabled
[    1.037696] DMAR: Enable scalable mode if hardware supports
[    1.038098] Unknown kernel command line parameters "rhgb BOOT_IMAGE=(hd1,gpt2)/vmlinuz-5.17.0-rc8-dca51fe7fbb1-gdca51fe7fbb1", will be passed to user space.
[    1.038132] Dentry cache hash table entries: 16777216 (order: 15, 134217728 bytes, linear)
[    1.038163] Inode-cache hash table entries: 8388608 (order: 14, 67108864 bytes, linear)
[    1.038372] mem auto-init: stack:off, heap alloc:off, heap free:off
[    1.933217] Memory: 260967016K/267635512K available (20493K kernel code, 60513K rwdata, 10660K rodata, 2580K init, 24680K bss, 6668292K reserved, 0K cma-reserved)
[    1.936851] SLUB: HWalign=64, Order=0-3, MinObjects=0, CPUs=16, Nodes=2
[    1.936865] kmemleak: Kernel memory leak detector disabled
[    1.936899] ftrace: allocating 62359 entries in 244 pages
[    1.944846] ftrace: allocated 244 pages with 5 groups
[    1.945779] Dynamic Preempt: none
[    1.945874] rcu: Preemptible hierarchical RCU implementation.
[    1.945886] rcu: 	RCU restricting CPUs from NR_CPUS=8192 to nr_cpu_ids=16.
[    1.945899] 	Trampoline variant of Tasks RCU enabled.
[    1.945911] 	Rude variant of Tasks RCU enabled.
[    1.945924] 	Tracing variant of Tasks RCU enabled.
[    1.945936] rcu: RCU calculated value of scheduler-enlistment delay is 100 jiffies.
[    1.945949] rcu: Adjusting geometry for rcu_fanout_leaf=16, nr_cpu_ids=16
[    1.960738] NR_IRQS: 524544, nr_irqs: 552, preallocated irqs: 16
[    1.961493] random: get_random_bytes called from start_kernel+0x4c6/0x69f with crng_init=0
[    1.961557] calling  con_init+0x0/0x22c @ 0
[    1.961587] Console: colour dummy device 80x25
[    1.964956] printk: console [tty0] enabled
[    1.964973] initcall con_init+0x0/0x22c returned 0 after 0 usecs
[    1.964993] calling  hvc_console_init+0x0/0x14 @ 0
[    1.965012] initcall hvc_console_init+0x0/0x14 returned 0 after 0 usecs
[    1.965033] calling  univ8250_console_init+0x0/0x27 @ 0
[    2.778292] printk: console [ttyS0] enabled
[    2.779310] initcall univ8250_console_init+0x0/0x27 returned 0 after 0 usecs
[    2.780994] calling  kgdboc_earlycon_late_init+0x0/0x1d @ 0
[    2.782336] initcall kgdboc_earlycon_late_init+0x0/0x1d returned 0 after 0 usecs
[    2.784136] ACPI: Core revision 20211217
[    2.813672] clocksource: hpet: mask: 0xffffffff max_cycles: 0xffffffff, max_idle_ns: 76450417870 ns
[    2.815836] APIC: Switch to symmetric I/O mode setup
[    2.817097] DMAR: Host address width 52
[    2.818096] DMAR: DRHD base: 0x0017ff40000000 flags: 0x0
[    2.819441] DMAR: dmar0: reg_base_addr 17ff40000000 ver 8:0 cap f9e8008cee730c06 ecap 7bbfef9ea4f0efdf
[    2.821709] DMAR: DRHD base: 0x0017ff80000000 flags: 0x0
[    2.823054] DMAR: dmar1: reg_base_addr 17ff80000000 ver 8:0 cap f9e8008cee730c06 ecap 7bbfef9ea4f0efdf
[    2.825322] DMAR: DRHD base: 0x0017ffc0000000 flags: 0x0
[    2.826667] DMAR: dmar2: reg_base_addr 17ffc0000000 ver 8:0 cap f9e8008cee730c06 ecap 7bbfef9ea4f0efdf
[    2.828936] DMAR: DRHD base: 0x001ffec0000000 flags: 0x0
[    2.830281] DMAR: dmar3: reg_base_addr 1ffec0000000 ver 8:0 cap f9e8008cee730c06 ecap 7bbfef9ea4f0efdf
[    2.832611] DMAR: DRHD base: 0x001fff00000000 flags: 0x0
[    2.833956] DMAR: dmar4: reg_base_addr 1fff00000000 ver 8:0 cap f9e8008cee730c06 ecap 7bbfef9ea4f0efdf
[    2.836224] DMAR: DRHD base: 0x001fff40000000 flags: 0x0
[    2.837580] DMAR: dmar5: reg_base_addr 1fff40000000 ver 8:0 cap f9e8008cee730c06 ecap 7bbfef9ea4f0efdf
[    2.839848] DMAR: DRHD base: 0x001fff80000000 flags: 0x0
[    2.841194] DMAR: dmar6: reg_base_addr 1fff80000000 ver 8:0 cap f9e8008cee730c06 ecap 7bbfef9ea4f0efdf
[    2.843462] DMAR: DRHD base: 0x0017ff00000000 flags: 0x0
[    2.844807] DMAR: dmar7: reg_base_addr 17ff00000000 ver 8:0 cap f9e8008cee730c06 ecap 7bbfef9ea4f0efdf
[    2.847137] DMAR: ATSR flags: 0x1
[    2.847954] DMAR: ATSR flags: 0x1
[    2.848833] DMAR: SATC flags: 0x0
[    2.849711] DMAR: SATC flags: 0x0
[    2.850591] DMAR-IR: IOAPIC id 8 under DRHD base  0x17ff00000000 IOMMU 7
[    2.852254] DMAR-IR: HPET id 0 under DRHD base 0x17ff00000000
[    2.853697] DMAR-IR: Queued invalidation will be enabled to support x2apic and Intr-remapping.
[    2.857863] DMAR-IR: Enabled IRQ remapping in x2apic mode
[    2.859934] ..TIMER: vector=0x30 apic1=0 pin1=2 apic2=-1 pin2=-1
[    2.865858] clocksource: tsc-early: mask: 0xffffffffffffffff max_cycles: 0x22983777dd9, max_idle_ns: 440795300422 ns
[    2.868397] Calibrating delay loop (skipped), value calculated using timer frequency.. 4800.00 BogoMIPS (lpj=2400000)
[    2.869438] pid_max: default: 32768 minimum: 301
MmEntryPoint ...
ClearRasRegister: Success to get RAS policy.
MmEntryPoint Done
[    2.901428] LSM: Security Framework initializing
[    2.902660] Mount-cache hash table entries: 262144 (order: 9, 2097152 bytes, linear)
[    2.903624] Mountpoint-cache hash table entries: 262144 (order: 9, 2097152 bytes, linear)
[    2.904807] x86/cpu: SGX disabled by BIOS.
[    2.905459] x86/tme: not enabled by BIOS
[    2.906438] CPU0: Thermal monitoring enabled (TM1)
[    2.907438] x86/cpu: User Mode Instruction Prevention (UMIP) activated
[    2.908443] process: using mwait in idle threads
[    2.909439] Last level iTLB entries: 4KB 0, 2MB 0, 4MB 0
[    2.910438] Last level dTLB entries: 4KB 0, 2MB 0, 4MB 0, 1GB 0
[    2.911441] Spectre V1 : Mitigation: usercopy/swapgs barriers and __user pointer sanitization
[    2.912444] Spectre V2 : Mitigation: Enhanced IBRS
[    2.913438] Spectre V2 : Spectre v2 / SpectreRSB mitigation: Filling RSB on context switch
[    2.914441] Spectre V2 : mitigation: Enabling conditional Indirect Branch Prediction Barrier
[    2.915444] Speculative Store Bypass: Mitigation: Speculative Store Bypass disabled via prctl
[    2.928541] Freeing SMP alternatives memory: 60K
[    2.929636] smpboot: CPU0: Intel(R) Core TM M7-6Y75 @ 2.00GHZ (family: 0x13, model: 0x0, stepping: 0x0)
[    2.931442] cblist_init_generic: Setting adjustable number of callback queues.
[    2.932438] cblist_init_generic: Setting shift to 4 and lim to 1.
[    2.933590] cblist_init_generic: Setting shift to 4 and lim to 1.
[    2.934577] cblist_init_generic: Setting shift to 4 and lim to 1.
[    2.935577] calling  init_hw_perf_events+0x0/0x61a @ 1
[    2.936438] Performance Events: XSAVE Architectural LBR,  AnyThread deprecated, generic architected perfmon, 32-deep LBR, full-width counters, Intel PMU driver.
[    2.937439] ... version:                6
[    2.938428] ... bit width:              48
[    2.939438] ... generic registers:      8
[    2.940428] ... value mask:             0000ffffffffffff
[    2.941438] ... max period:             00007fffffffffff
[    2.942438] ... fixed-purpose events:   4
[    2.943428] ... event mask:             0001000f000000ff
[    2.944515] initcall init_hw_perf_events+0x0/0x61a returned 0 after 7812 usecs
[    2.945438] calling  init_real_mode+0x0/0x1ee @ 1
[    2.946446] initcall init_real_mode+0x0/0x1ee returned 0 after 0 usecs
[    2.947438] calling  trace_init_perf_perm_irq_work_exit+0x0/0x13 @ 1
[    2.948439] initcall trace_init_perf_perm_irq_work_exit+0x0/0x13 returned 0 after 0 usecs
[    2.949438] calling  register_nmi_cpu_backtrace_handler+0x0/0x16 @ 1
[    2.950439] initcall register_nmi_cpu_backtrace_handler+0x0/0x16 returned 0 after 0 usecs
[    2.951438] calling  kvm_setup_vsyscall_timeinfo+0x0/0xe6 @ 1
[    2.952439] initcall kvm_setup_vsyscall_timeinfo+0x0/0xe6 returned 0 after 0 usecs
[    2.953438] calling  spawn_ksoftirqd+0x0/0x39 @ 1
[    2.954600] initcall spawn_ksoftirqd+0x0/0x39 returned 0 after 0 usecs
[    2.955438] calling  migration_init+0x0/0x32 @ 1
[    2.956439] initcall migration_init+0x0/0x32 returned 0 after 0 usecs
[    2.957438] calling  srcu_bootup_announce+0x0/0x30 @ 1
[    2.958438] rcu: Hierarchical SRCU implementation.
[    2.959439] initcall srcu_bootup_announce+0x0/0x30 returned 0 after 976 usecs
[    2.960438] calling  rcu_spawn_gp_kthread+0x0/0x1c3 @ 1
[    2.961575] initcall rcu_spawn_gp_kthread+0x0/0x1c3 returned 0 after 0 usecs
[    2.962438] calling  check_cpu_stall_init+0x0/0x1b @ 1
[    2.963439] initcall check_cpu_stall_init+0x0/0x1b returned 0 after 0 usecs
[    2.964438] calling  rcu_sysrq_init+0x0/0x22 @ 1
[    2.965439] initcall rcu_sysrq_init+0x0/0x22 returned 0 after 0 usecs
[    2.966438] calling  trace_init_flags_sys_enter+0x0/0xf @ 1
[    2.967438] initcall trace_init_flags_sys_enter+0x0/0xf returned 0 after 0 usecs
[    2.968438] calling  trace_init_flags_sys_exit+0x0/0xf @ 1
[    2.969439] initcall trace_init_flags_sys_exit+0x0/0xf returned 0 after 0 usecs
[    2.970438] calling  cpu_stop_init+0x0/0xa7 @ 1
[    2.971611] initcall cpu_stop_init+0x0/0xa7 returned 0 after 0 usecs
[    2.972470] calling  init_kprobes+0x0/0x183 @ 1
[    2.973835] initcall init_kprobes+0x0/0x183 returned 0 after 0 usecs
[    2.974438] calling  init_events+0x0/0x40 @ 1
[    2.975461] initcall init_events+0x0/0x40 returned 0 after 0 usecs
[    2.976438] calling  init_trace_printk+0x0/0xc @ 1
[    2.977439] initcall init_trace_printk+0x0/0xc returned 0 after 0 usecs
[    2.978438] calling  event_trace_enable_again+0x0/0x3e @ 1
[    2.979439] initcall event_trace_enable_again+0x0/0x3e returned 0 after 0 usecs
[    2.980438] calling  irq_work_init_threads+0x0/0x3 @ 1
[    2.981439] initcall irq_work_init_threads+0x0/0x3 returned 0 after 0 usecs
[    2.982438] calling  static_call_init+0x0/0x7f @ 1
[    2.983439] initcall static_call_init+0x0/0x7f returned 0 after 0 usecs
[    2.984438] calling  init_zero_pfn+0x0/0x38 @ 1
[    2.985439] initcall init_zero_pfn+0x0/0x38 returned 0 after 0 usecs
[    2.986438] calling  init_fs_inode_sysctls+0x0/0x22 @ 1
[    2.987440] initcall init_fs_inode_sysctls+0x0/0x22 returned 0 after 0 usecs
[    2.988438] calling  init_fs_locks_sysctls+0x0/0x22 @ 1
[    2.989439] initcall init_fs_locks_sysctls+0x0/0x22 returned 0 after 0 usecs
[    2.990438] calling  dynamic_debug_init+0x0/0x159 @ 1
[    2.991747] initcall dynamic_debug_init+0x0/0x159 returned 0 after 0 usecs
[    2.992438] calling  initialize_ptr_random+0x0/0x44 @ 1
[    2.993439] initcall initialize_ptr_random+0x0/0x44 returned 0 after 0 usecs
[    2.994438] calling  mce_amd_init+0x0/0x1f3 @ 1
[    2.995439] initcall mce_amd_init+0x0/0x1f3 returned -19 after 0 usecs
[    2.996438] calling  efi_memreserve_root_init+0x0/0x26 @ 1
[    2.997439] initcall efi_memreserve_root_init+0x0/0x26 returned 0 after 0 usecs
[    2.998438] calling  efi_earlycon_remap_fb+0x0/0x4e @ 1
[    2.999439] initcall efi_earlycon_remap_fb+0x0/0x4e returned 0 after 0 usecs
[    3.000438] calling  idle_inject_init+0x0/0x11 @ 1
[    3.001628] initcall idle_inject_init+0x0/0x11 returned 0 after 0 usecs
[    3.003450] smp: Bringing up secondary CPUs ...
[    3.005285] x86: Booting SMP configuration:
[    3.005470] .... node  #0, CPUs:        #1  #2  #3  #4
[    0.871969] smpboot: CPU 4 Converting physical 32 to logical die 2
[    3.065684]   #5  #6
[    0.871969] smpboot: CPU 6 Converting physical 33 to logical die 3
[    3.098695]   #7  #8
[    0.871969] smpboot: CPU 8 Converting physical 64 to logical die 4
[    3.131547]   #9 #10
[    0.871969] smpboot: CPU 10 Converting physical 65 to logical die 5
[    3.164535]  #11 #12
[    0.871969] smpboot: CPU 12 Converting physical 96 to logical die 6
[    3.197697]  #13 #14
[    0.871969] smpboot: CPU 14 Converting physical 97 to logical die 7
[    3.230873]  #15
[    3.241747] smp: Brought up 1 node, 16 CPUs
[    3.242459] smpboot: Max logical packages: 1
[    3.243439] smpboot: Total of 16 processors activated (76800.00 BogoMIPS)
[    3.245013] BUG: arch topology borken
[    3.245470]      the CLS domain not a subset of the MC domain
[    3.246443] BUG: arch topology borken
[    3.247339]      the CLS domain not a subset of the MC domain
[    3.247443] BUG: arch topology borken
[    3.248339]      the CLS domain not a subset of the MC domain
[    3.248443] BUG: arch topology borken
[    3.249339]      the CLS domain not a subset of the MC domain
[    3.249443] BUG: arch topology borken
[    3.250339]      the CLS domain not a subset of the MC domain
[    3.250443] BUG: arch topology borken
[    3.251339]      the CLS domain not a subset of the MC domain
[    3.251443] BUG: arch topology borken
[    3.252339]      the CLS domain not a subset of the MC domain
[    3.252443] BUG: arch topology borken
[    3.253339]      the CLS domain not a subset of the MC domain
[    3.253443] BUG: arch topology borken
[    3.254339]      the CLS domain not a subset of the MC domain
[    3.254443] BUG: arch topology borken
[    3.255339]      the CLS domain not a subset of the MC domain
[    3.255443] BUG: arch topology borken
[    3.256339]      the CLS domain not a subset of the MC domain
[    3.256443] BUG: arch topology borken
[    3.257339]      the CLS domain not a subset of the MC domain
[    3.257443] BUG: arch topology borken
[    3.258339]      the CLS domain not a subset of the MC domain
[    3.258443] BUG: arch topology borken
[    3.259339]      the CLS domain not a subset of the MC domain
[    3.259443] BUG: arch topology borken
[    3.260339]      the CLS domain not a subset of the MC domain
[    3.260443] BUG: arch topology borken
[    3.261339]      the CLS domain not a subset of the MC domain
[    3.273561] devtmpfs: initialized
[    3.274532] x86/mm: Memory block size: 2048MB
[    3.279810] calling  bpf_jit_charge_init+0x0/0x3c @ 1
[    3.280438] initcall bpf_jit_charge_init+0x0/0x3c returned 0 after 0 usecs
[    3.281438] calling  ipc_ns_init+0x0/0x3f @ 1
[    3.282440] initcall ipc_ns_init+0x0/0x3f returned 0 after 0 usecs
[    3.283438] calling  init_mmap_min_addr+0x0/0x27 @ 1
[    3.284438] initcall init_mmap_min_addr+0x0/0x27 returned 0 after 0 usecs
[    3.285438] calling  pci_realloc_setup_params+0x0/0x41 @ 1
[    3.286438] initcall pci_realloc_setup_params+0x0/0x41 returned 0 after 0 usecs
[    3.287438] calling  inet_frag_wq_init+0x0/0x3d @ 1
[    3.288508] initcall inet_frag_wq_init+0x0/0x3d returned 0 after 0 usecs
[    3.289943] calling  e820__register_nvs_regions+0x0/0x38 @ 1
[    3.290439] ACPI: PM: Registering ACPI NVS region [mem 0xcd6bf000-0xcd6bffff] (4096 bytes)
[    3.291439] ACPI: PM: Registering ACPI NVS region [mem 0xce51f000-0xcf11ffff] (12587008 bytes)
[    3.293313] ACPI: PM: Registering ACPI NVS region [mem 0xcf733000-0xcf733fff] (4096 bytes)
[    3.293439] ACPI: PM: Registering ACPI NVS region [mem 0xd6ccf000-0xd76fefff] (10682368 bytes)
[    3.295198] initcall e820__register_nvs_regions+0x0/0x38 returned 0 after 3906 usecs
[    3.295438] calling  cpufreq_register_tsc_scaling+0x0/0x2a @ 1
[    3.296438] initcall cpufreq_register_tsc_scaling+0x0/0x2a returned 0 after 0 usecs
[    3.297438] calling  reboot_init+0x0/0x3d @ 1
[    3.298445] initcall reboot_init+0x0/0x3d returned 0 after 0 usecs
[    3.299438] calling  init_lapic_sysfs+0x0/0x21 @ 1
[    3.300439] initcall init_lapic_sysfs+0x0/0x21 returned 0 after 0 usecs
[    3.301438] calling  alloc_frozen_cpus+0x0/0x1e @ 1
[    3.302439] initcall alloc_frozen_cpus+0x0/0x1e returned 0 after 0 usecs
[    3.303438] calling  cpu_hotplug_pm_sync_init+0x0/0x14 @ 1
[    3.304439] initcall cpu_hotplug_pm_sync_init+0x0/0x14 returned 0 after 0 usecs
[    3.305438] calling  wq_sysfs_init+0x0/0x2b @ 1
[    3.306468] initcall wq_sysfs_init+0x0/0x2b returned 0 after 0 usecs
[    3.307438] calling  ksysfs_init+0x0/0x93 @ 1
[    3.308447] initcall ksysfs_init+0x0/0x93 returned 0 after 0 usecs
[    3.309438] calling  schedutil_gov_init+0x0/0x11 @ 1
[    3.310439] initcall schedutil_gov_init+0x0/0x11 returned 0 after 0 usecs
[    3.311438] calling  pm_init+0x0/0x73 @ 1
[    3.312475] initcall pm_init+0x0/0x73 returned 0 after 976 usecs
[    3.313438] calling  pm_disk_init+0x0/0x18 @ 1
[    3.314442] initcall pm_disk_init+0x0/0x18 returned 0 after 0 usecs
[    3.315438] calling  swsusp_header_init+0x0/0x2c @ 1
[    3.316439] initcall swsusp_header_init+0x0/0x2c returned 0 after 0 usecs
[    3.317438] calling  rcu_set_runtime_mode+0x0/0x17 @ 1
[    3.318440] initcall rcu_set_runtime_mode+0x0/0x17 returned 0 after 0 usecs
[    3.319438] calling  init_jiffies_clocksource+0x0/0x18 @ 1
[    3.320438] clocksource: jiffies: mask: 0xffffffff max_cycles: 0xffffffff, max_idle_ns: 1911260446275000 ns
[    3.321439] initcall init_jiffies_clocksource+0x0/0x18 returned 0 after 976 usecs
[    3.322438] calling  futex_init+0x0/0xfe @ 1
[    3.323440] futex hash table entries: 4096 (order: 6, 262144 bytes, linear)
[    3.324486] initcall futex_init+0x0/0xfe returned 0 after 976 usecs
[    3.325438] calling  cgroup_wq_init+0x0/0x29 @ 1
[    3.326443] initcall cgroup_wq_init+0x0/0x29 returned 0 after 0 usecs
[    3.327438] calling  cgroup1_wq_init+0x0/0x29 @ 1
[    3.328443] initcall cgroup1_wq_init+0x0/0x29 returned 0 after 0 usecs
[    3.329438] calling  ftrace_mod_cmd_init+0x0/0xc @ 1
[    3.330439] initcall ftrace_mod_cmd_init+0x0/0xc returned 0 after 0 usecs
[    3.331438] calling  init_wakeup_tracer+0x0/0x2d @ 1
[    3.332439] initcall init_wakeup_tracer+0x0/0x2d returned 0 after 0 usecs
[    3.333438] calling  init_graph_trace+0x0/0x5d @ 1
[    3.334439] initcall init_graph_trace+0x0/0x5d returned 0 after 0 usecs
[    3.335438] calling  trace_events_eprobe_init_early+0x0/0x23 @ 1
[    3.336470] initcall trace_events_eprobe_init_early+0x0/0x23 returned 0 after 0 usecs
[    3.337438] calling  trace_events_synth_init_early+0x0/0x23 @ 1
[    3.338439] initcall trace_events_synth_init_early+0x0/0x23 returned 0 after 0 usecs
[    3.339438] calling  init_kprobe_trace_early+0x0/0x26 @ 1
[    3.340439] initcall init_kprobe_trace_early+0x0/0x26 returned 0 after 0 usecs
[    3.341438] calling  mem_cgroup_swap_init+0x0/0x56 @ 1
[    3.342440] initcall mem_cgroup_swap_init+0x0/0x56 returned 0 after 0 usecs
[    3.343438] calling  memory_failure_init+0x0/0xc1 @ 1
[    3.344439] initcall memory_failure_init+0x0/0xc1 returned 0 after 0 usecs
[    3.345438] calling  cma_init_reserved_areas+0x0/0x1e6 @ 1
[    3.346438] initcall cma_init_reserved_areas+0x0/0x1e6 returned 0 after 0 usecs
[    3.347438] calling  fsnotify_init+0x0/0x49 @ 1
[    3.348444] initcall fsnotify_init+0x0/0x49 returned 0 after 0 usecs
[    3.349438] calling  filelock_init+0x0/0xb8 @ 1
[    3.350457] initcall filelock_init+0x0/0xb8 returned 0 after 0 usecs
[    3.351438] calling  init_script_binfmt+0x0/0x16 @ 1
[    3.352439] initcall init_script_binfmt+0x0/0x16 returned 0 after 0 usecs
[    3.353438] calling  init_elf_binfmt+0x0/0x16 @ 1
[    3.354438] initcall init_elf_binfmt+0x0/0x16 returned 0 after 0 usecs
[    3.355438] calling  init_compat_elf_binfmt+0x0/0x16 @ 1
[    3.356439] initcall init_compat_elf_binfmt+0x0/0x16 returned 0 after 0 usecs
[    3.357438] calling  configfs_init+0x0/0x94 @ 1
[    3.358440] initcall configfs_init+0x0/0x94 returned 0 after 0 usecs
[    3.359438] calling  debugfs_init+0x0/0x5d @ 1
[    3.360439] initcall debugfs_init+0x0/0x5d returned 0 after 0 usecs
[    3.361438] calling  tracefs_init+0x0/0x3b @ 1
[    3.362451] initcall tracefs_init+0x0/0x3b returned 0 after 0 usecs
[    3.363438] calling  securityfs_init+0x0/0x69 @ 1
[    3.364450] initcall securityfs_init+0x0/0x69 returned 0 after 0 usecs
[    3.365438] calling  register_xor_blocks+0x0/0x9d @ 1
[    3.366438] initcall register_xor_blocks+0x0/0x9d returned 0 after 0 usecs
[    3.367438] calling  prandom_init_early+0x0/0x155 @ 1
[    3.368439] initcall prandom_init_early+0x0/0x155 returned 0 after 0 usecs
[    3.369438] calling  pinctrl_init+0x0/0xae @ 1
[    3.370438] pinctrl core: initialized pinctrl subsystem
[    3.371472] initcall pinctrl_init+0x0/0xae returned 0 after 976 usecs
[    3.372438] calling  gpiolib_dev_init+0x0/0xfd @ 1
[    3.373450] initcall gpiolib_dev_init+0x0/0xfd returned 0 after 0 usecs
[    3.374438] calling  virtio_init+0x0/0x20 @ 1
[    3.375445] initcall virtio_init+0x0/0x20 returned 0 after 0 usecs
[    3.376438] calling  iommu_init+0x0/0x30 @ 1
[    3.377441] 
[    3.377835] *************************************************************
[    3.378438] **     NOTICE NOTICE NOTICE NOTICE NOTICE NOTICE NOTICE    **
[    3.379438] **                                                         **
[    3.380438] **  IOMMU DebugFS SUPPORT HAS BEEN ENABLED IN THIS KERNEL  **
[    3.381438] **                                                         **
[    3.382438] ** This means that this kernel is built to expose internal **
[    3.383438] ** IOMMU data structures, which may compromise security on **
[    3.384438] ** your system.                                            **
[    3.385438] **                                                         **
[    3.386438] ** If you see this message and you are not debugging the   **
[    3.387438] ** kernel, report this immediately to your vendor!         **
[    3.388438] **                                                         **
[    3.389438] **     NOTICE NOTICE NOTICE NOTICE NOTICE NOTICE NOTICE    **
[    3.390438] *************************************************************
[    3.391438] initcall iommu_init+0x0/0x30 returned 0 after 13671 usecs
[    3.392438] calling  component_debug_init+0x0/0x1d @ 1
[    3.393440] initcall component_debug_init+0x0/0x1d returned 0 after 0 usecs
[    3.394438] calling  opp_debug_init+0x0/0x1d @ 1
[    3.395440] initcall opp_debug_init+0x0/0x1d returned 0 after 0 usecs
[    3.396438] calling  cpufreq_core_init+0x0/0x63 @ 1
[    3.397440] initcall cpufreq_core_init+0x0/0x63 returned 0 after 0 usecs
[    3.398438] calling  cpufreq_gov_performance_init+0x0/0x11 @ 1
[    3.399470] initcall cpufreq_gov_performance_init+0x0/0x11 returned 0 after 0 usecs
[    3.400438] calling  cpufreq_gov_powersave_init+0x0/0x11 @ 1
[    3.401439] initcall cpufreq_gov_powersave_init+0x0/0x11 returned 0 after 0 usecs
[    3.402438] calling  cpufreq_gov_userspace_init+0x0/0x11 @ 1
[    3.403439] initcall cpufreq_gov_userspace_init+0x0/0x11 returned 0 after 0 usecs
[    3.404438] calling  CPU_FREQ_GOV_ONDEMAND_init+0x0/0x11 @ 1
[    3.405439] initcall CPU_FREQ_GOV_ONDEMAND_init+0x0/0x11 returned 0 after 0 usecs
[    3.406438] calling  CPU_FREQ_GOV_CONSERVATIVE_init+0x0/0x11 @ 1
[    3.407439] initcall CPU_FREQ_GOV_CONSERVATIVE_init+0x0/0x11 returned 0 after 0 usecs
[    3.408438] calling  cpuidle_init+0x0/0x20 @ 1
[    3.409442] initcall cpuidle_init+0x0/0x20 returned 0 after 0 usecs
[    3.410438] calling  capsule_reboot_register+0x0/0x11 @ 1
[    3.411439] initcall capsule_reboot_register+0x0/0x11 returned 0 after 0 usecs
[    3.412438] calling  sock_init+0x0/0x94 @ 1
[    3.414084] initcall sock_init+0x0/0x94 returned 0 after 0 usecs
[    3.414438] calling  net_inuse_init+0x0/0x24 @ 1
[    3.415440] initcall net_inuse_init+0x0/0x24 returned 0 after 0 usecs
[    3.416438] calling  net_defaults_init+0x0/0x24 @ 1
[    3.417439] initcall net_defaults_init+0x0/0x24 returned 0 after 0 usecs
[    3.418438] calling  init_default_flow_dissectors+0x0/0x50 @ 1
[    3.419439] initcall init_default_flow_dissectors+0x0/0x50 returned 0 after 0 usecs
[    3.420438] calling  netpoll_init+0x0/0x46 @ 1
[    3.421438] initcall netpoll_init+0x0/0x46 returned 0 after 0 usecs
[    3.422438] calling  netlink_proto_init+0x0/0x17f @ 1
[    3.423466] NET: Registered PF_NETLINK/PF_ROUTE protocol family
[    3.424445] initcall netlink_proto_init+0x0/0x17f returned 0 after 976 usecs
[    3.425438] calling  genl_init+0x0/0x36 @ 1
[    3.426441] initcall genl_init+0x0/0x36 returned 0 after 0 usecs
[    3.427438] calling  bsp_pm_check_init+0x0/0x14 @ 1
[    3.428439] initcall bsp_pm_check_init+0x0/0x14 returned 0 after 0 usecs
[    3.429913] calling  irq_sysfs_init+0x0/0x94 @ 1
[    3.430665] initcall irq_sysfs_init+0x0/0x94 returned 0 after 0 usecs
[    3.431438] calling  audit_init+0x0/0x1c6 @ 1
[    3.432439] audit: initializing netlink subsys (disabled)
[    3.433481] initcall audit_init+0x0/0x1c6 returned 0 after 976 usecs
[    3.433481] audit: type=2000 audit(1622937246.601:1): state=initialized audit_enabled=0 res=1
[    3.434469] calling  release_early_probes+0x0/0x38 @ 1
[    3.436438] initcall release_early_probes+0x0/0x38 returned 0 after 0 usecs
[    3.437438] calling  bdi_class_init+0x0/0x49 @ 1
[    3.438443] initcall bdi_class_init+0x0/0x49 returned 0 after 0 usecs
[    3.439438] calling  mm_sysfs_init+0x0/0x29 @ 1
[    3.440439] initcall mm_sysfs_init+0x0/0x29 returned 0 after 0 usecs
[    3.441438] calling  init_per_zone_wmark_min+0x0/0x26 @ 1
[    3.442444] initcall init_per_zone_wmark_min+0x0/0x26 returned 0 after 0 usecs
[    3.443438] calling  mpi_init+0x0/0x50 @ 1
[    3.444440] initcall mpi_init+0x0/0x50 returned 0 after 0 usecs
[    3.445438] calling  kobject_uevent_init+0x0/0xc @ 1
[    3.446440] initcall kobject_uevent_init+0x0/0xc returned 0 after 0 usecs
[    3.447438] calling  gpiolib_sysfs_init+0x0/0xa0 @ 1
[    3.448442] initcall gpiolib_sysfs_init+0x0/0xa0 returned 0 after 0 usecs
[    3.449438] calling  acpi_gpio_setup_params+0x0/0x68 @ 1
[    3.450440] initcall acpi_gpio_setup_params+0x0/0x68 returned 0 after 0 usecs
[    3.451438] calling  pcibus_class_init+0x0/0x18 @ 1
[    3.452441] initcall pcibus_class_init+0x0/0x18 returned 0 after 0 usecs
[    3.453438] calling  pci_driver_init+0x0/0x22 @ 1
[    3.454464] initcall pci_driver_init+0x0/0x22 returned 0 after 0 usecs
[    3.455438] calling  backlight_class_init+0x0/0xa6 @ 1
[    3.456441] initcall backlight_class_init+0x0/0xa6 returned 0 after 0 usecs
[    3.457438] calling  tty_class_init+0x0/0x34 @ 1
[    3.458441] initcall tty_class_init+0x0/0x34 returned 0 after 0 usecs
[    3.459438] calling  vtconsole_class_init+0x0/0xd8 @ 1
[    3.460469] initcall vtconsole_class_init+0x0/0xd8 returned 0 after 0 usecs
[    3.461438] calling  iommu_dev_init+0x0/0x18 @ 1
[    3.462472] initcall iommu_dev_init+0x0/0x18 returned 0 after 0 usecs
[    3.463438] calling  mipi_dsi_bus_init+0x0/0x11 @ 1
[    3.464445] initcall mipi_dsi_bus_init+0x0/0x11 returned 0 after 0 usecs
[    3.465438] calling  devlink_class_init+0x0/0x41 @ 1
[    3.466441] initcall devlink_class_init+0x0/0x41 returned 0 after 0 usecs
[    3.467438] calling  software_node_init+0x0/0x2b @ 1
[    3.468440] initcall software_node_init+0x0/0x2b returned 0 after 0 usecs
[    3.469438] calling  wakeup_sources_debugfs_init+0x0/0x24 @ 1
[    3.470440] initcall wakeup_sources_debugfs_init+0x0/0x24 returned 0 after 0 usecs
[    3.471438] calling  wakeup_sources_sysfs_init+0x0/0x30 @ 1
[    3.472441] initcall wakeup_sources_sysfs_init+0x0/0x30 returned 0 after 0 usecs
[    3.473438] calling  register_node_type+0x0/0x2f @ 1
[    3.474471] initcall register_node_type+0x0/0x2f returned 0 after 0 usecs
[    3.475438] calling  regmap_initcall+0x0/0xd @ 1
[    3.476440] initcall regmap_initcall+0x0/0xd returned 0 after 0 usecs
[    3.477438] calling  syscon_init+0x0/0x13 @ 1
[    3.478444] initcall syscon_init+0x0/0x13 returned 0 after 0 usecs
[    3.479438] calling  spi_init+0x0/0x99 @ 1
[    3.480448] initcall spi_init+0x0/0x99 returned 0 after 0 usecs
[    3.481438] calling  i2c_init+0x0/0xbf @ 1
[    3.482451] initcall i2c_init+0x0/0xbf returned 0 after 0 usecs
[    3.483438] calling  thermal_init+0x0/0x136 @ 1
[    3.484445] thermal_sys: Registered thermal governor 'step_wise'
[    3.484456] thermal_sys: Registered thermal governor 'user_space'
[    3.485441] initcall thermal_init+0x0/0x136 returned 0 after 976 usecs
[    3.487438] calling  init_ladder+0x0/0x24 @ 1
[    3.488474] cpuidle: using governor ladder
[    3.489438] initcall init_ladder+0x0/0x24 returned 0 after 976 usecs
[    3.490438] calling  init_menu+0x0/0x11 @ 1
[    3.491596] cpuidle: using governor menu
[    3.492469] initcall init_menu+0x0/0x11 returned 0 after 976 usecs
[    3.493438] calling  init_haltpoll+0x0/0x1d @ 1
[    3.494438] initcall init_haltpoll+0x0/0x1d returned 0 after 0 usecs
[    3.495438] calling  pcc_init+0x0/0x8d @ 1
[    3.496439] initcall pcc_init+0x0/0x8d returned -19 after 0 usecs
[    3.497438] calling  amd_postcore_init+0x0/0x11a @ 1
[    3.498438] initcall amd_postcore_init+0x0/0x11a returned 0 after 0 usecs
[    3.499913] calling  bts_init+0x0/0xbb @ 1
[    3.500440] initcall bts_init+0x0/0xbb returned 0 after 0 usecs
[    3.501438] calling  pt_init+0x0/0x33c @ 1
[    3.503491] initcall pt_init+0x0/0x33c returned 0 after 976 usecs
[    3.504469] calling  boot_params_ksysfs_init+0x0/0x2cb @ 1
[    3.505441] initcall boot_params_ksysfs_init+0x0/0x2cb returned 0 after 0 usecs
[    3.506438] calling  sbf_init+0x0/0xce @ 1
[    3.507438] initcall sbf_init+0x0/0xce returned 0 after 0 usecs
[    3.508438] calling  arch_kdebugfs_init+0x0/0x1d @ 1
[    3.509440] initcall arch_kdebugfs_init+0x0/0x1d returned 0 after 0 usecs
[    3.510438] calling  xfd_update_static_branch+0x0/0x59 @ 1
[    3.511438] initcall xfd_update_static_branch+0x0/0x59 returned 0 after 0 usecs
[    3.512438] calling  intel_pconfig_init+0x0/0x82 @ 1
[    3.513438] initcall intel_pconfig_init+0x0/0x82 returned 0 after 0 usecs
[    3.514438] calling  mtrr_if_init+0x0/0x5e @ 1
[    3.515439] initcall mtrr_if_init+0x0/0x5e returned 0 after 0 usecs
[    3.516438] calling  activate_jump_labels+0x0/0x32 @ 1
[    3.517438] initcall activate_jump_labels+0x0/0x32 returned 0 after 0 usecs
[    3.518438] calling  ffh_cstate_init+0x0/0x31 @ 1
[    3.519440] initcall ffh_cstate_init+0x0/0x31 returned 0 after 0 usecs
[    3.520438] calling  kvm_alloc_cpumask+0x0/0x98 @ 1
[    3.521438] initcall kvm_alloc_cpumask+0x0/0x98 returned 0 after 0 usecs
[    3.522438] calling  activate_jump_labels+0x0/0x32 @ 1
[    3.523438] initcall activate_jump_labels+0x0/0x32 returned 0 after 0 usecs
[    3.524438] calling  gigantic_pages_init+0x0/0x20 @ 1
[    3.525473] initcall gigantic_pages_init+0x0/0x20 returned 0 after 0 usecs
[    3.526438] calling  kcmp_cookies_init+0x0/0x38 @ 1
[    3.527441] initcall kcmp_cookies_init+0x0/0x38 returned 0 after 0 usecs
[    3.528438] calling  cryptomgr_init+0x0/0x11 @ 1
[    3.529439] initcall cryptomgr_init+0x0/0x11 returned 0 after 0 usecs
[    3.530438] calling  acpi_pci_init+0x0/0x4f @ 1
[    3.531439] acpiphp: ACPI Hot Plug PCI Controller Driver version: 0.5
[    3.532438] initcall acpi_pci_init+0x0/0x4f returned 0 after 976 usecs
[    3.533438] calling  dma_channel_table_init+0x0/0xca @ 1
[    3.534455] initcall dma_channel_table_init+0x0/0xca returned 0 after 0 usecs
[    3.535438] calling  dma_bus_init+0x0/0x10d @ 1
[    3.536489] initcall dma_bus_init+0x0/0x10d returned 0 after 0 usecs
[    3.537438] calling  iommu_dma_init+0x0/0x10 @ 1
[    3.538439] initcall iommu_dma_init+0x0/0x10 returned 0 after 0 usecs
[    3.539438] calling  dmi_id_init+0x0/0x37d @ 1
[    3.540501] initcall dmi_id_init+0x0/0x37d returned 0 after 0 usecs
[    3.541438] calling  pci_arch_init+0x0/0x72 @ 1
[    3.542591] PCI: MMCONFIG for domain 0000 [bus 00-ff] at [mem 0x100000000000-0x10000fffffff] (base 0x100000000000)
[    3.543440] PCI: MMCONFIG for domain 0001 [bus 00-ff] at [mem 0x100010000000-0x10001fffffff] (base 0x100010000000)
[    3.544439] PCI: MMCONFIG at [mem 0x100000000000-0x10000fffffff] reserved in E820
[    3.545470] PCI: MMCONFIG at [mem 0x100010000000-0x10001fffffff] reserved in E820
[    3.546508] PCI: Using configuration type 1 for base access
[    3.547444] initcall pci_arch_init+0x0/0x72 returned 0 after 4882 usecs
[    3.548438] calling  of_platform_default_populate_init+0x0/0xb7 @ 1
[    3.549438] initcall of_platform_default_populate_init+0x0/0xb7 returned -19 after 0 usecs
[    3.550913] calling  init_vdso+0x0/0x14 @ 1
[    3.551450] initcall init_vdso+0x0/0x14 returned 0 after 0 usecs
[    3.552438] calling  sysenter_setup+0x0/0x14 @ 1
[    3.553456] initcall sysenter_setup+0x0/0x14 returned 0 after 0 usecs
[    3.554438] calling  fixup_ht_bug+0x0/0xa8 @ 1
[    3.555438] initcall fixup_ht_bug+0x0/0xa8 returned 0 after 0 usecs
[    3.556438] calling  topology_init+0x0/0xd2 @ 1
[    3.559273] initcall topology_init+0x0/0xd2 returned 0 after 976 usecs
[    3.559470] calling  intel_epb_init+0x0/0x84 @ 1
[    3.560464] ENERGY_PERF_BIAS: Set to 'normal', was 'performance'
[    3.562522] initcall intel_epb_init+0x0/0x84 returned 0 after 1953 usecs
[    3.563438] calling  mtrr_init_finialize+0x0/0x3f @ 1
[    3.564438] initcall mtrr_init_finialize+0x0/0x3f returned 0 after 0 usecs
[    3.565438] calling  uid_cache_init+0x0/0xbb @ 1
[    3.566472] initcall uid_cache_init+0x0/0xbb returned 0 after 0 usecs
[    3.567438] calling  param_sysfs_init+0x0/0x1b2 @ 1
[    3.574233] initcall param_sysfs_init+0x0/0x1b2 returned 0 after 4882 usecs
[    3.574438] calling  user_namespace_sysctl_init+0x0/0xcf @ 1
[    3.575448] initcall user_namespace_sysctl_init+0x0/0xcf returned 0 after 0 usecs
[    3.576438] calling  proc_schedstat_init+0x0/0x25 @ 1
[    3.577439] initcall proc_schedstat_init+0x0/0x25 returned 0 after 0 usecs
[    3.578463] calling  pm_sysrq_init+0x0/0x19 @ 1
[    3.579474] initcall pm_sysrq_init+0x0/0x19 returned 0 after 0 usecs
[    3.580459] calling  create_proc_profile+0x0/0xd0 @ 1
[    3.581438] initcall create_proc_profile+0x0/0xd0 returned 0 after 0 usecs
[    3.582438] calling  crash_save_vmcoreinfo_init+0x0/0x675 @ 1
[    3.583496] initcall crash_save_vmcoreinfo_init+0x0/0x675 returned 0 after 0 usecs
[    3.584438] calling  crash_notes_memory_init+0x0/0x36 @ 1
[    3.585440] initcall crash_notes_memory_init+0x0/0x36 returned 0 after 0 usecs
[    3.586438] calling  cgroup_sysfs_init+0x0/0x18 @ 1
[    3.587441] initcall cgroup_sysfs_init+0x0/0x18 returned 0 after 0 usecs
[    3.588469] calling  cgroup_namespaces_init+0x0/0x8 @ 1
[    3.589438] initcall cgroup_namespaces_init+0x0/0x8 returned 0 after 0 usecs
[    3.590438] calling  user_namespaces_init+0x0/0x2d @ 1
[    3.591442] initcall user_namespaces_init+0x0/0x2d returned 0 after 0 usecs
[    3.592438] calling  init_optprobes+0x0/0x15 @ 1
[    3.593439] kprobes: kprobe jump-optimization is enabled. All kprobes are optimized if possible.
[    3.594438] initcall init_optprobes+0x0/0x15 returned 0 after 976 usecs
[    3.595438] calling  send_signal_irq_work_init+0x0/0x60 @ 1
[    3.596439] initcall send_signal_irq_work_init+0x0/0x60 returned 0 after 0 usecs
[    3.597438] calling  dev_map_init+0x0/0x52 @ 1
[    3.598439] initcall dev_map_init+0x0/0x52 returned 0 after 0 usecs
[    3.599438] calling  cpu_map_init+0x0/0x46 @ 1
[    3.600439] initcall cpu_map_init+0x0/0x46 returned 0 after 0 usecs
[    3.601438] calling  netns_bpf_init+0x0/0x11 @ 1
[    3.602439] initcall netns_bpf_init+0x0/0x11 returned 0 after 0 usecs
[    3.603438] calling  oom_init+0x0/0x30 @ 1
[    3.604510] initcall oom_init+0x0/0x30 returned 0 after 0 usecs
[    3.605472] calling  default_bdi_init+0x0/0xa8 @ 1
[    3.606510] initcall default_bdi_init+0x0/0xa8 returned 0 after 0 usecs
[    3.607469] calling  cgwb_init+0x0/0x29 @ 1
[    3.608443] initcall cgwb_init+0x0/0x29 returned 0 after 0 usecs
[    3.609438] calling  percpu_enable_async+0x0/0xf @ 1
[    3.610438] initcall percpu_enable_async+0x0/0xf returned 0 after 0 usecs
[    3.611438] calling  kcompactd_init+0x0/0x92 @ 1
[    3.612461] initcall kcompactd_init+0x0/0x92 returned 0 after 0 usecs
[    3.613469] calling  init_user_reserve+0x0/0x40 @ 1
[    3.614438] initcall init_user_reserve+0x0/0x40 returned 0 after 0 usecs
[    3.615438] calling  init_admin_reserve+0x0/0x40 @ 1
[    3.616438] initcall init_admin_reserve+0x0/0x40 returned 0 after 0 usecs
[    3.617438] calling  init_reserve_notifier+0x0/0x1f @ 1
[    3.618439] initcall init_reserve_notifier+0x0/0x1f returned 0 after 0 usecs
[    3.619438] calling  swap_init_sysfs+0x0/0x63 @ 1
[    3.620440] initcall swap_init_sysfs+0x0/0x63 returned 0 after 0 usecs
[    3.621438] calling  swapfile_init+0x0/0x90 @ 1
[    3.622439] initcall swapfile_init+0x0/0x90 returned 0 after 0 usecs
[    3.623438] calling  hugetlb_init+0x0/0x4da @ 1
[    3.624443] HugeTLB registered 1.00 GiB page size, pre-allocated 0 pages
[    3.625470] HugeTLB registered 2.00 MiB page size, pre-allocated 0 pages
[    3.626487] initcall hugetlb_init+0x0/0x4da returned 0 after 1953 usecs
[    3.627438] calling  ksm_init+0x0/0x197 @ 1
[    3.628582] initcall ksm_init+0x0/0x197 returned 0 after 0 usecs
[    3.629469] calling  numa_init_sysfs+0x0/0x63 @ 1
[    3.630440] initcall numa_init_sysfs+0x0/0x63 returned 0 after 0 usecs
[    3.631438] calling  hugepage_init+0x0/0x137 @ 1
[    3.632476] initcall hugepage_init+0x0/0x137 returned 0 after 0 usecs
[    3.633469] calling  mem_cgroup_init+0x0/0x157 @ 1
[    3.634439] initcall mem_cgroup_init+0x0/0x157 returned 0 after 0 usecs
[    3.635438] calling  io_wq_init+0x0/0x39 @ 1
[    3.636439] initcall io_wq_init+0x0/0x39 returned 0 after 0 usecs
[    3.637438] calling  seqiv_module_init+0x0/0x11 @ 1
[    3.638439] initcall seqiv_module_init+0x0/0x11 returned 0 after 0 usecs
[    3.639438] calling  echainiv_module_init+0x0/0x11 @ 1
[    3.640439] initcall echainiv_module_init+0x0/0x11 returned 0 after 0 usecs
[    3.641438] calling  rsa_init+0x0/0x50 @ 1
[    3.642439] initcall rsa_init+0x0/0x50 returned 0 after 0 usecs
[    3.643438] calling  sm2_init+0x0/0x20 @ 1
[    3.644439] initcall sm2_init+0x0/0x20 returned 0 after 0 usecs
[    3.645438] calling  ecdsa_init+0x0/0x80 @ 1
[    3.646440] initcall ecdsa_init+0x0/0x80 returned 0 after 0 usecs
[    3.647438] calling  crypto_cmac_module_init+0x0/0x11 @ 1
[    3.648439] initcall crypto_cmac_module_init+0x0/0x11 returned 0 after 0 usecs
[    3.649438] calling  hmac_module_init+0x0/0x11 @ 1
[    3.650439] initcall hmac_module_init+0x0/0x11 returned 0 after 0 usecs
[    3.651438] calling  crypto_null_mod_init+0x0/0x66 @ 1
[    3.652441] initcall crypto_null_mod_init+0x0/0x66 returned 0 after 0 usecs
[    3.653438] calling  md5_mod_init+0x0/0x11 @ 1
[    3.654439] initcall md5_mod_init+0x0/0x11 returned 0 after 0 usecs
[    3.655438] calling  sha1_generic_mod_init+0x0/0x11 @ 1
[    3.656439] initcall sha1_generic_mod_init+0x0/0x11 returned 0 after 0 usecs
[    3.657438] calling  sha256_generic_mod_init+0x0/0x16 @ 1
[    3.658440] initcall sha256_generic_mod_init+0x0/0x16 returned 0 after 0 usecs
[    3.659438] calling  sha512_generic_mod_init+0x0/0x16 @ 1
[    3.660440] initcall sha512_generic_mod_init+0x0/0x16 returned 0 after 0 usecs
[    3.661438] calling  sha3_generic_mod_init+0x0/0x16 @ 1
[    3.662443] initcall sha3_generic_mod_init+0x0/0x16 returned 0 after 0 usecs
[    3.663438] calling  sm3_generic_mod_init+0x0/0x11 @ 1
[    3.664440] initcall sm3_generic_mod_init+0x0/0x11 returned 0 after 0 usecs
[    3.665438] calling  streebog_mod_init+0x0/0x16 @ 1
[    3.666441] initcall streebog_mod_init+0x0/0x16 returned 0 after 0 usecs
[    3.667438] calling  blake2b_mod_init+0x0/0x16 @ 1
[    3.668443] initcall blake2b_mod_init+0x0/0x16 returned 0 after 0 usecs
[    3.669438] calling  crypto_ecb_module_init+0x0/0x11 @ 1
[    3.670438] initcall crypto_ecb_module_init+0x0/0x11 returned 0 after 0 usecs
[    3.671438] calling  crypto_cbc_module_init+0x0/0x11 @ 1
[    3.672439] initcall crypto_cbc_module_init+0x0/0x11 returned 0 after 0 usecs
[    3.673438] calling  crypto_ctr_module_init+0x0/0x16 @ 1
[    3.674439] initcall crypto_ctr_module_init+0x0/0x16 returned 0 after 0 usecs
[    3.675438] calling  crypto_gcm_module_init+0x0/0x65 @ 1
[    3.676439] initcall crypto_gcm_module_init+0x0/0x65 returned 0 after 0 usecs
[    3.677438] calling  cryptd_init+0x0/0xfd @ 1
[    3.678510] cryptd: max_cpu_qlen set to 1000
[    3.679469] initcall cryptd_init+0x0/0xfd returned 0 after 976 usecs
[    3.680438] calling  des_generic_mod_init+0x0/0x16 @ 1
[    3.681441] initcall des_generic_mod_init+0x0/0x16 returned 0 after 0 usecs
[    3.682438] calling  serpent_mod_init+0x0/0x11 @ 1
[    3.683440] initcall serpent_mod_init+0x0/0x11 returned 0 after 0 usecs
[    3.684438] calling  aes_init+0x0/0x11 @ 1
[    3.685440] initcall aes_init+0x0/0x11 returned 0 after 0 usecs
[    3.686438] calling  deflate_mod_init+0x0/0x3f @ 1
[    3.687442] initcall deflate_mod_init+0x0/0x3f returned 0 after 0 usecs
[    3.688470] calling  crc32c_mod_init+0x0/0x11 @ 1
[    3.689440] initcall crc32c_mod_init+0x0/0x11 returned 0 after 0 usecs
[    3.690438] calling  crc32_mod_init+0x0/0x11 @ 1
[    3.691451] initcall crc32_mod_init+0x0/0x11 returned 0 after 0 usecs
[    3.692438] calling  crypto_authenc_module_init+0x0/0x11 @ 1
[    3.693438] initcall crypto_authenc_module_init+0x0/0x11 returned 0 after 0 usecs
[    3.694438] calling  crypto_authenc_esn_module_init+0x0/0x11 @ 1
[    3.695439] initcall crypto_authenc_esn_module_init+0x0/0x11 returned 0 after 0 usecs
[    3.696438] calling  lzo_mod_init+0x0/0x3a @ 1
[    3.697441] initcall lzo_mod_init+0x0/0x3a returned 0 after 0 usecs
[    3.698438] calling  lzorle_mod_init+0x0/0x3a @ 1
[    3.699441] initcall lzorle_mod_init+0x0/0x3a returned 0 after 0 usecs
[    3.700438] calling  xxhash_mod_init+0x0/0x11 @ 1
[    3.701440] initcall xxhash_mod_init+0x0/0x11 returned 0 after 0 usecs
[    3.702438] calling  drbg_init+0x0/0xca @ 1
[    3.703453] initcall drbg_init+0x0/0xca returned 0 after 0 usecs
[    3.704438] calling  ghash_mod_init+0x0/0x11 @ 1
[    3.705440] initcall ghash_mod_init+0x0/0x11 returned 0 after 0 usecs
[    3.706438] calling  essiv_module_init+0x0/0x11 @ 1
[    3.707439] initcall essiv_module_init+0x0/0x11 returned 0 after 0 usecs
[    3.708438] calling  curve25519_init+0x0/0x20 @ 1
[    3.709440] initcall curve25519_init+0x0/0x20 returned 0 after 0 usecs
[    3.710438] calling  ecdh_init+0x0/0x80 @ 1
[    3.711445] initcall ecdh_init+0x0/0x80 returned 0 after 0 usecs
[    3.712438] calling  init_bio+0x0/0x86 @ 1
[    3.713474] initcall init_bio+0x0/0x86 returned 0 after 0 usecs
[    3.714438] calling  blk_ioc_init+0x0/0x2a @ 1
[    3.715440] initcall blk_ioc_init+0x0/0x2a returned 0 after 0 usecs
[    3.716438] calling  blk_mq_init+0x0/0xc0 @ 1
[    3.717439] initcall blk_mq_init+0x0/0xc0 returned 0 after 0 usecs
[    3.718438] calling  genhd_device_init+0x0/0x5e @ 1
[    3.719467] initcall genhd_device_init+0x0/0x5e returned 0 after 0 usecs
[    3.720469] calling  blkcg_init+0x0/0x29 @ 1
[    3.721479] initcall blkcg_init+0x0/0x29 returned 0 after 0 usecs
[    3.722469] calling  bio_crypt_ctx_init+0x0/0x5c @ 1
[    3.723478] initcall bio_crypt_ctx_init+0x0/0x5c returned 0 after 0 usecs
[    3.724438] calling  raid6_select_algo+0x0/0x2f0 @ 1
[    3.742439] raid6: avx512x4 gen() 10289 MB/s
[    3.760439] raid6: avx512x2 gen() 10694 MB/s
[    3.778438] raid6: avx512x1 gen()  9257 MB/s
[    3.796441] raid6: avx2x4   gen()  5607 MB/s
[    3.814470] raid6: avx2x2   gen()  5542 MB/s
[    3.832440] raid6: avx2x1   gen()  4527 MB/s
[    3.833438] raid6: using algorithm avx512x2 gen() 10694 MB/s
[    3.851439] raid6: .... xor() 5897 MB/s, rmw enabled
[    3.852438] raid6: using avx512x2 recovery algorithm
[    3.853439] initcall raid6_select_algo+0x0/0x2f0 returned 0 after 125000 usecs
[    3.854438] calling  irq_poll_setup+0x0/0x71 @ 1
[    3.855439] initcall irq_poll_setup+0x0/0x71 returned 0 after 0 usecs
[    3.856438] calling  gpiolib_debugfs_init+0x0/0x24 @ 1
[    3.857440] initcall gpiolib_debugfs_init+0x0/0x24 returned 0 after 0 usecs
[    3.858438] calling  pwm_debugfs_init+0x0/0x24 @ 1
[    3.859440] initcall pwm_debugfs_init+0x0/0x24 returned 0 after 0 usecs
[    3.860438] calling  pwm_sysfs_init+0x0/0x18 @ 1
[    3.861441] initcall pwm_sysfs_init+0x0/0x18 returned 0 after 0 usecs
[    3.862438] calling  pci_slot_init+0x0/0x40 @ 1
[    3.863439] initcall pci_slot_init+0x0/0x40 returned 0 after 0 usecs
[    3.864438] calling  fbmem_init+0x0/0xdb @ 1
[    3.865471] initcall fbmem_init+0x0/0xdb returned 0 after 0 usecs
[    3.866438] calling  scan_for_dmi_ipmi+0x0/0x26f @ 1
[    3.867464] initcall scan_for_dmi_ipmi+0x0/0x26f returned 0 after 0 usecs
[    3.868438] calling  acpi_init+0x0/0x498 @ 1
[    3.869443] PRM: found 4 modules
[    3.870276] ACPI: Added _OSI(Module Device)
[    3.870470] ACPI: Added _OSI(Processor Device)
[    3.871459] ACPI: Added _OSI(3.0 _SCP Extensions)
[    3.872439] ACPI: Added _OSI(Processor Aggregator Device)
[    3.873439] ACPI: Added _OSI(Linux-Dell-Video)
[    3.874439] ACPI: Added _OSI(Linux-Lenovo-NV-HDMI-Audio)
[    3.875439] ACPI: Added _OSI(Linux-HPI-Hybrid-Graphics)
[    4.802126] ACPI: 11 ACPI AML tables successfully acquired and loaded
[    4.897199] ACPI: Dynamic OEM Table Load:
[    7.405625] ACPI: Dynamic OEM Table Load:
[    9.683967] ACPI: Interpreter enabled
[    9.684470] ACPI: PM: (supports S0 S5)
[    9.685386] ACPI: Using IOAPIC for interrupt routing
[    9.685524] HEST: Table parsing has been initialized.
[    9.690471] PCI: Using host bridge windows from ACPI; if necessary, use "pci=nocrs" and report a bug
[   10.014592] ACPI: Enabled 1 GPEs in block 00 to 7F
[   11.048154] ACPI: PCI Root Bridge [PC00] (domain 0000 [bus 00-0b])
[   11.055459] acpi PNP0A08:00: _OSC: OS supports [ExtendedConfig ASPM ClockPM Segments MSI EDR HPX-Type3]
[   11.070356] acpi PNP0A08:00: _OSC: platform does not support [SHPCHotplug AER DPC]
[   11.078729] acpi PNP0A08:00: _OSC: OS now controls [PCIeHotplug PME PCIeCapability LTR]
[   11.088049] PCI host bridge to bus 0000:00
[   11.092439] pci_bus 0000:00: root bus resource [io  0x1000-0x3fff window]
[   11.099459] pci_bus 0000:00: root bus resource [mem 0xe0000000-0xe3ffffff window]
[   11.108471] pci_bus 0000:00: root bus resource [mem 0x100400000000-0x1010bfbeffff window]
[   11.117459] pci_bus 0000:00: root bus resource [io  0x0780-0x079f window]
[   11.124439] pci_bus 0000:00: root bus resource [io  0x0400-0x041f window]
[   11.132439] pci_bus 0000:00: root bus resource [io  0x0500-0x05ff window]
[   11.139459] pci_bus 0000:00: root bus resource [mem 0xf2800000-0xf2803fff window]
[   11.147459] pci_bus 0000:00: root bus resource [mem 0xf2830000-0xf2830fff window]
[   11.155459] pci_bus 0000:00: root bus resource [mem 0xf3000000-0xf3ffffff window]
[   11.164439] pci_bus 0000:00: root bus resource [bus 00-0b]
[   11.170627] pci 0000:00:00.0: [8086:09a2] type 00 class 0x088000
[   11.177459] pci 0000:00:00.0: reg 0x30: [mem 0xfffff800-0xffffffff pref]
[   11.185459] pci 0000:00:00.0: calling  quirk_igfx_skip_te_disable+0x0/0x50 @ 1
[   11.193470] pci 0000:00:00.0: quirk_igfx_skip_te_disable+0x0/0x50 took 0 usecs
[   11.201459] pci 0000:00:00.4: [8086:0b23] type 00 class 0x000000
[   11.209459] pci 0000:00:00.4: calling  quirk_igfx_skip_te_disable+0x0/0x50 @ 1
[   11.217459] pci 0000:00:00.4: quirk_igfx_skip_te_disable+0x0/0x50 took 0 usecs
[   11.226482] pci 0000:00:01.0: [8086:28c0] type 00 class 0x010400
[   11.232761] pci 0000:00:01.0: reg 0x10: [mem 0x1010bf446000-0x1010bf446fff 64bit]
[   11.241712] pci 0000:00:01.0: reg 0x18: [mem 0x1010bf445000-0x1010bf445fff 64bit]
[   11.249661] pci 0000:00:01.0: reg 0x20: [mem 0x1010bf444000-0x1010bf444fff 64bit]
[   11.257580] pci 0000:00:01.0: reg 0x30: [mem 0xfffff800-0xffffffff pref]
[   11.265606] pci 0000:00:01.0: calling  quirk_igfx_skip_te_disable+0x0/0x50 @ 1
[   11.273459] pci 0000:00:01.0: quirk_igfx_skip_te_disable+0x0/0x50 took 0 usecs
[   11.282440] pci 0000:00:01.1: [8086:09ab] type 00 class 0x088000
[   11.290244] pci 0000:00:01.1: reg 0x30: [mem 0xfffff800-0xffffffff pref]
[   11.297485] pci 0000:00:01.1: calling  quirk_igfx_skip_te_disable+0x0/0x50 @ 1
[   11.305471] pci 0000:00:01.1: quirk_igfx_skip_te_disable+0x0/0x50 took 0 usecs
[   11.313766] pci 0000:00:01.2: [8086:09ab] type 00 class 0x088000
[   11.320244] pci 0000:00:01.2: reg 0x30: [mem 0xfffff800-0xffffffff pref]
[   11.328485] pci 0000:00:01.2: calling  quirk_igfx_skip_te_disable+0x0/0x50 @ 1
[   11.335459] pci 0000:00:01.2: quirk_igfx_skip_te_disable+0x0/0x50 took 0 usecs
[   11.343755] pci 0000:00:01.3: [8086:09ab] type 00 class 0x088000
[   11.351459] pci 0000:00:01.3: reg 0x30: [mem 0xfffff800-0xffffffff pref]
[   11.358485] pci 0000:00:01.3: calling  quirk_igfx_skip_te_disable+0x0/0x50 @ 1
[   11.366439] pci 0000:00:01.3: quirk_igfx_skip_te_disable+0x0/0x50 took 0 usecs
[   11.374786] pci 0000:00:01.4: [8086:09ab] type 00 class 0x088000
[   11.382244] pci 0000:00:01.4: reg 0x30: [mem 0xfffff800-0xffffffff pref]
[   11.389485] pci 0000:00:01.4: calling  quirk_igfx_skip_te_disable+0x0/0x50 @ 1
[   11.397459] pci 0000:00:01.4: quirk_igfx_skip_te_disable+0x0/0x50 took 0 usecs
[   11.405755] pci 0000:00:01.5: [8086:09ab] type 00 class 0x088000
[   11.413459] pci 0000:00:01.5: reg 0x30: [mem 0xfffff800-0xffffffff pref]
[   11.420485] pci 0000:00:01.5: calling  quirk_igfx_skip_te_disable+0x0/0x50 @ 1
[   11.428439] pci 0000:00:01.5: quirk_igfx_skip_te_disable+0x0/0x50 took 0 usecs
[   11.436777] pci 0000:00:01.6: [8086:09ab] type 00 class 0x088000
[   11.444276] pci 0000:00:01.6: reg 0x30: [mem 0xfffff800-0xffffffff pref]
[   11.451485] pci 0000:00:01.6: calling  quirk_igfx_skip_te_disable+0x0/0x50 @ 1
[   11.459459] pci 0000:00:01.6: quirk_igfx_skip_te_disable+0x0/0x50 took 0 usecs
[   11.467755] pci 0000:00:01.7: [8086:09ab] type 00 class 0x088000
[   11.475244] pci 0000:00:01.7: reg 0x30: [mem 0xfffff800-0xffffffff pref]
[   11.482485] pci 0000:00:01.7: calling  quirk_igfx_skip_te_disable+0x0/0x50 @ 1
[   11.490439] pci 0000:00:01.7: quirk_igfx_skip_te_disable+0x0/0x50 took 0 usecs
[   11.498836] pci 0000:00:02.0: [8086:09a6] type 00 class 0x088000
[   11.505721] pci 0000:00:02.0: reg 0x10: [mem 0x1010bf300000-0x1010bf3fffff 64bit]
[   11.514161] pci 0000:00:02.0: calling  quirk_igfx_skip_te_disable+0x0/0x50 @ 1
[   11.522439] pci 0000:00:02.0: quirk_igfx_skip_te_disable+0x0/0x50 took 0 usecs
[   11.531378] pci 0000:00:02.1: [8086:09a1] type 00 class 0x088000
[   11.537761] pci 0000:00:02.1: reg 0x10: [mem 0x1010bf442000-0x1010bf4427ff 64bit]
[   11.545661] pci 0000:00:02.1: reg 0x18: [mem 0x1010bf000000-0x1010bf1fffff 64bit]
[   11.555050] pci 0000:00:02.1: calling  quirk_igfx_skip_te_disable+0x0/0x50 @ 1
[   11.562439] pci 0000:00:02.1: quirk_igfx_skip_te_disable+0x0/0x50 took 0 usecs
[   11.571459] pci 0000:00:02.2: [8086:09a8] type 00 class 0x088000
[   11.578752] pci 0000:00:02.2: reg 0x10: [mem 0x1010bf443000-0x1010bf44300f 64bit]
[   11.587459] pci 0000:00:02.2: calling  quirk_igfx_skip_te_disable+0x0/0x50 @ 1
[   11.595459] pci 0000:00:02.2: quirk_igfx_skip_te_disable+0x0/0x50 took 0 usecs
[   11.604480] pci 0000:00:03.0: [8086:3256] type 00 class 0x130000
[   11.611459] pci 0000:00:03.0: reg 0x10: [mem 0x1010bf200000-0x1010bf2fffff 64bit]
[   11.619620] pci 0000:00:03.0: reg 0x18: [mem 0x1010be800000-0x1010beffffff 64bit]
[   11.627620] pci 0000:00:03.0: reg 0x20: [mem 0x1010bf441000-0x1010bf441fff 64bit]
[   11.636586] pci 0000:00:03.0: calling  quirk_igfx_skip_te_disable+0x0/0x50 @ 1
[   11.644471] pci 0000:00:03.0: quirk_igfx_skip_te_disable+0x0/0x50 took 0 usecs
[   11.653179] pci 0000:00:04.0: calling  quirk_cmd_compl+0x0/0x70 @ 1
[   11.659459] pci 0000:00:04.0: quirk_cmd_compl+0x0/0x70 took 0 usecs
[   11.666460] pci 0000:00:04.0: calling  quirk_no_aersid+0x0/0x30 @ 1
[   11.673459] pci 0000:00:04.0: quirk_no_aersid+0x0/0x30 took 0 usecs
[   11.680439] pci 0000:00:04.0: [8086:786a] type 01 class 0x060400
[   11.687459] pci 0000:00:04.0: reg 0x10: [mem 0x1010bf430000-0x1010bf43ffff 64bit]
[   11.695902] pci 0000:00:04.0: enabling Extended Tags
[   11.701627] pci 0000:00:04.0: calling  quirk_igfx_skip_te_disable+0x0/0x50 @ 1
[   11.709471] pci 0000:00:04.0: quirk_igfx_skip_te_disable+0x0/0x50 took 0 usecs
[   11.717459] pci 0000:00:04.0: calling  pci_fixup_transparent_bridge+0x0/0x20 @ 1
[   11.725459] pci 0000:00:04.0: pci_fixup_transparent_bridge+0x0/0x20 took 0 usecs
[   11.734109] pci 0000:00:04.0: PME# supported from D0 D3hot D3cold
[   11.741459] pci 0000:00:05.0: calling  quirk_cmd_compl+0x0/0x70 @ 1
[   11.748459] pci 0000:00:05.0: quirk_cmd_compl+0x0/0x70 took 0 usecs
[   11.755459] pci 0000:00:05.0: calling  quirk_no_aersid+0x0/0x30 @ 1
[   11.762439] pci 0000:00:05.0: quirk_no_aersid+0x0/0x30 took 0 usecs
[   11.768439] pci 0000:00:05.0: [8086:786b] type 01 class 0x060400
[   11.775813] pci 0000:00:05.0: reg 0x10: [mem 0x1010bf420000-0x1010bf42ffff 64bit]
[   11.784902] pci 0000:00:05.0: enabling Extended Tags
[   11.789627] pci 0000:00:05.0: calling  quirk_igfx_skip_te_disable+0x0/0x50 @ 1
[   11.798439] pci 0000:00:05.0: quirk_igfx_skip_te_disable+0x0/0x50 took 0 usecs
[   11.806439] pci 0000:00:05.0: calling  pci_fixup_transparent_bridge+0x0/0x20 @ 1
[   11.814439] pci 0000:00:05.0: pci_fixup_transparent_bridge+0x0/0x20 took 0 usecs
[   11.823109] pci 0000:00:05.0: PME# supported from D0 D3hot D3cold
[   11.830114] pci 0000:00:06.0: calling  quirk_cmd_compl+0x0/0x70 @ 1
[   11.837459] pci 0000:00:06.0: quirk_cmd_compl+0x0/0x70 took 0 usecs
[   11.843471] pci 0000:00:06.0: calling  quirk_no_aersid+0x0/0x30 @ 1
[   11.850439] pci 0000:00:06.0: quirk_no_aersid+0x0/0x30 took 0 usecs
[   11.857459] pci 0000:00:06.0: [8086:786c] type 01 class 0x060400
[   11.864781] pci 0000:00:06.0: reg 0x10: [mem 0x1010bf410000-0x1010bf41ffff 64bit]
[   11.873459] pci 0000:00:06.0: enabling Extended Tags
[   11.878627] pci 0000:00:06.0: calling  quirk_igfx_skip_te_disable+0x0/0x50 @ 1
[   11.886439] pci 0000:00:06.0: quirk_igfx_skip_te_disable+0x0/0x50 took 0 usecs
[   11.894439] pci 0000:00:06.0: calling  pci_fixup_transparent_bridge+0x0/0x20 @ 1
[   11.902439] pci 0000:00:06.0: pci_fixup_transparent_bridge+0x0/0x20 took 0 usecs
[   11.912141] pci 0000:00:06.0: PME# supported from D0 D3hot D3cold
[   11.919103] pci 0000:00:07.0: calling  quirk_cmd_compl+0x0/0x70 @ 1
[   11.925459] pci 0000:00:07.0: quirk_cmd_compl+0x0/0x70 took 0 usecs
[   11.932439] pci 0000:00:07.0: calling  quirk_no_aersid+0x0/0x30 @ 1
[   11.939459] pci 0000:00:07.0: quirk_no_aersid+0x0/0x30 took 0 usecs
[   11.946439] pci 0000:00:07.0: [8086:786d] type 01 class 0x060400
[   11.953781] pci 0000:00:07.0: reg 0x10: [mem 0x1010bf400000-0x1010bf40ffff 64bit]
[   11.961902] pci 0000:00:07.0: enabling Extended Tags
[   11.967627] pci 0000:00:07.0: calling  quirk_igfx_skip_te_disable+0x0/0x50 @ 1
[   11.975471] pci 0000:00:07.0: quirk_igfx_skip_te_disable+0x0/0x50 took 0 usecs
[   11.983459] pci 0000:00:07.0: calling  pci_fixup_transparent_bridge+0x0/0x20 @ 1
[   11.991459] pci 0000:00:07.0: pci_fixup_transparent_bridge+0x0/0x20 took 0 usecs
[   12.000109] pci 0000:00:07.0: PME# supported from D0 D3hot D3cold
[   12.008562] pci 0000:00:1f.0: [8086:5826] type 00 class 0x060100
[   12.015585] pci 0000:00:1f.0: calling  quirk_igfx_skip_te_disable+0x0/0x50 @ 1
[   12.023459] pci 0000:00:1f.0: quirk_igfx_skip_te_disable+0x0/0x50 took 0 usecs
[   12.032233] pci 0000:00:1f.4: [8086:5827] type 00 class 0x0c0500
[   12.039813] pci 0000:00:1f.4: reg 0x10: [mem 0x1010bf440000-0x1010bf4400ff 64bit]
[   12.047862] pci 0000:00:1f.4: reg 0x20: [io  0x0780-0x079f]
[   12.054767] pci 0000:00:1f.4: calling  quirk_igfx_skip_te_disable+0x0/0x50 @ 1
[   12.062439] pci 0000:00:1f.4: quirk_igfx_skip_te_disable+0x0/0x50 took 0 usecs
[   12.070999] pci 0000:00:1f.5: [8086:5825] type 00 class 0x0c8000
[   12.077681] pci 0000:00:1f.5: reg 0x10: [mem 0xf2830000-0xf2830fff]
[   12.085459] pci 0000:00:1f.5: calling  quirk_igfx_skip_te_disable+0x0/0x50 @ 1
[   12.093459] pci 0000:00:1f.5: quirk_igfx_skip_te_disable+0x0/0x50 took 0 usecs
[   12.102387] pci 0000:01:00.0: [1234:1111] type 00 class 0x030000
[   12.108732] pci 0000:01:00.0: reg 0x10: [mem 0xe0000000-0xe07fffff]
[   12.116333] pci 0000:01:00.0: calling  efifb_fixup_resources+0x0/0xf0 @ 1
[   12.124459] pci 0000:01:00.0: BAR 0: assigned to efifb
[   12.129459] pci 0000:01:00.0: efifb_fixup_resources+0x0/0xf0 took 4882 usecs
[   12.137459] pci 0000:01:00.0: calling  pci_fixup_video+0x0/0xd0 @ 1
[   12.144520] pci 0000:01:00.0: Video device with shadowed ROM at [mem 0x000c0000-0x000dffff]
[   12.153459] pci 0000:01:00.0: pci_fixup_video+0x0/0xd0 took 8789 usecs
[   12.161459] pci 0000:00:04.0: PCI bridge to [bus 01]
[   12.166520] pci 0000:00:04.0:   bridge window [mem 0xe0000000-0xe07fffff]
[   12.175362] pci 0000:02:00.0: [8086:0953] type 00 class 0x010802
[   12.181781] pci 0000:02:00.0: reg 0x10: [mem 0xe0c08000-0xe0c0bfff 64bit]
[   12.189942] pci 0000:02:00.0: reg 0x20: [mem 0xe0c00000-0xe0c07fff 64bit]
[   12.197831] pci 0000:02:00.0: calling  quirk_igfx_skip_te_disable+0x0/0x50 @ 1
[   12.205459] pci 0000:02:00.0: quirk_igfx_skip_te_disable+0x0/0x50 took 0 usecs
[   12.214106] pci 0000:02:00.0: PME# supported from D0 D3hot D3cold
[   12.221459] pci 0000:02:00.0: 15.753 Gb/s available PCIe bandwidth, limited by 16.0 GT/s PCIe x1 link at 0000:00:05.0 (capable of 63.012 Gb/s with 16.0 GT/s PCIe x4 link)
[   12.238110] pci 0000:00:05.0: PCI bridge to [bus 02]
[   12.243520] pci 0000:00:05.0:   bridge window [mem 0xe0c00000-0xe0cfffff]
[   12.252321] pci 0000:03:00.0: [8086:8c31] type 00 class 0x0c0330
[   12.259459] pci 0000:03:00.0: reg 0x10: [mem 0xe0b00000-0xe0b3ffff 64bit]
[   12.266991] pci 0000:03:00.0: calling  quirk_igfx_skip_te_disable+0x0/0x50 @ 1
[   12.274561] pci 0000:03:00.0: quirk_igfx_skip_te_disable+0x0/0x50 took 0 usecs
[   12.283459] pci 0000:00:06.0: PCI bridge to [bus 03]
[   12.289459] pci 0000:00:06.0:   bridge window [mem 0xe0b00000-0xe0bfffff]
[   12.297459] pci 0000:04:00.0: calling  quirk_f0_vpd_link+0x0/0x60 @ 1
[   12.304471] pci 0000:04:00.0: quirk_f0_vpd_link+0x0/0x60 took 0 usecs
[   12.311459] pci 0000:04:00.0: [8086:10f7] type 00 class 0x020000
[   12.318741] pci 0000:04:00.0: reg 0x10: [mem 0xe0800000-0xe081ffff 64bit]
[   12.325540] pci 0000:04:00.0: reg 0x18: [io  0x1000-0x101f]
[   12.332620] pci 0000:04:00.0: reg 0x1c: [mem 0xe0820000-0xe0823fff 64bit]
[   12.339811] pci 0000:04:00.0: calling  quirk_igfx_skip_te_disable+0x0/0x50 @ 1
[   12.347459] pci 0000:04:00.0: quirk_igfx_skip_te_disable+0x0/0x50 took 0 usecs
[   12.356460] pci 0000:04:00.0: reg 0x164: [mem 0xe0824000-0xe0827fff 64bit]
[   12.364439] pci 0000:04:00.0: VF(n) BAR0 space: [mem 0xe0824000-0xe0923fff 64bit] (contains BAR0 for 64 VFs)
[   12.374512] pci 0000:04:00.0: reg 0x170: [mem 0xe0924000-0xe0927fff 64bit]
[   12.382439] pci 0000:04:00.0: VF(n) BAR3 space: [mem 0xe0924000-0xe0a23fff 64bit] (contains BAR3 for 64 VFs)
[   12.393578] pci 0000:04:00.0: 15.753 Gb/s available PCIe bandwidth, limited by 16.0 GT/s PCIe x1 link at 0000:00:07.0 (capable of 32.000 Gb/s with 5.0 GT/s PCIe x8 link)
[   12.409663] pci 0000:04:00.0: disabling ASPM on pre-1.1 PCIe device.  You can enable it with 'pcie_aspm=force'
[   12.421459] pci 0000:00:07.0: PCI bridge to [bus 04]
[   12.426479] pci 0000:00:07.0:   bridge window [io  0x1000-0x1fff]
[   12.433479] pci 0000:00:07.0:   bridge window [mem 0xe0800000-0xe0afffff]
[   12.441459] pci_bus 0000:00: on NUMA node 0
[   12.445998] ACPI: PCI Root Bridge [AA00] (domain 0000 [bus 0c])
[   12.452460] acpi PNP0A08:01: _OSC: OS supports [ExtendedConfig ASPM ClockPM Segments MSI EDR HPX-Type3]
[   12.466768] acpi PNP0A08:01: _OSC: platform does not support [SHPCHotplug AER DPC]
[   12.474729] acpi PNP0A08:01: _OSC: OS now controls [PCIeHotplug PME PCIeCapability LTR]
[   12.483554] PCI host bridge to bus 0000:0c
[   12.488439] pci_bus 0000:0c: root bus resource [mem 0x100100000000-0x1001ffffffff window]
[   12.497459] pci_bus 0000:0c: root bus resource [bus 0c]
[   12.503659] pci 0000:0c:00.0: [8086:0b25] type 00 class 0x088000
[   12.509721] pci 0000:0c:00.0: reg 0x10: [mem 0x1001fff40000-0x1001fff5ffff 64bit pref]
[   12.519459] pci 0000:0c:00.0: reg 0x18: [mem 0x1001fff00000-0x1001fff3ffff 64bit pref]
[   12.527949] pci 0000:0c:00.0: calling  quirk_igfx_skip_te_disable+0x0/0x50 @ 1
[   12.536439] pci 0000:0c:00.0: quirk_igfx_skip_te_disable+0x0/0x50 took 0 usecs
[   12.545459] pci_bus 0000:0c: on NUMA node 0
[   12.550539] ACPI: PCI Root Bridge [AB00] (domain 0000 [bus 0d])
[   12.556460] acpi PNP0A08:02: _OSC: OS supports [ExtendedConfig ASPM ClockPM Segments MSI EDR HPX-Type3]
[   12.569787] acpi PNP0A08:02: _OSC: platform does not support [SHPCHotplug AER DPC]
[   12.578729] acpi PNP0A08:02: _OSC: OS now controls [PCIeHotplug PME PCIeCapability LTR]
[   12.587566] PCI host bridge to bus 0000:0d
[   12.592508] pci_bus 0000:0d: root bus resource [mem 0x100200000000-0x1002ffffffff window]
[   12.601459] pci_bus 0000:0d: root bus resource [bus 0d]
[   12.606628] pci 0000:0d:00.0: [8086:0cfe] type 00 class 0x088000
[   12.613721] pci 0000:0d:00.0: reg 0x10: [mem 0x1002fff40000-0x1002fff4ffff 64bit pref]
[   12.622620] pci 0000:0d:00.0: reg 0x18: [mem 0x1002fff00000-0x1002fff3ffff 64bit pref]
[   12.631980] pci 0000:0d:00.0: calling  quirk_igfx_skip_te_disable+0x0/0x50 @ 1
[   12.639460] pci 0000:0d:00.0: quirk_igfx_skip_te_disable+0x0/0x50 took 0 usecs
[   12.649459] pci_bus 0000:0d: on NUMA node 0
[   12.653539] ACPI: PCI Root Bridge [AC00] (domain 0000 [bus 0e-0f])
[   12.660460] acpi PNP0A08:03: _OSC: OS supports [ExtendedConfig ASPM ClockPM Segments MSI EDR HPX-Type3]
[   12.674460] acpi PNP0A08:03: _OSC: platform does not support [SHPCHotplug AER DPC]
[   12.682729] acpi PNP0A08:03: _OSC: OS now controls [PCIeHotplug PME PCIeCapability LTR]
[   12.691579] PCI host bridge to bus 0000:0e
[   12.696471] pci_bus 0000:0e: root bus resource [mem 0x100300000000-0x1003ffffffff window]
[   12.705459] pci_bus 0000:0e: root bus resource [bus 0e-0f]
[   12.711688] pci 0000:0e:00.0: [8086:4948] type 00 class 0x0b4000
[   12.717721] pci 0000:0e:00.0: reg 0x10: [mem 0x1003ffa00000-0x1003ffa7ffff 64bit]
[   12.726620] pci 0000:0e:00.0: reg 0x18: [mem 0x1003ff000000-0x1003ff7fffff 64bit]
