[    0.000000] Command line: BOOT_IMAGE=(hd1,gpt2)/vmlinuz-5.17.0-ebd326ce724d-gebd326ce724d root=/dev/mapper/cs-root ro crashkernel=1G-4G:192M,4G-64G:256M,64G-:512M resume=/dev/mapper/cs-swap rd.lvm.lv=cs/root rd.lvm.lv=cs/swap rhgb quiet console=tty0 console=ttyS0,115200n8 intel_iommu=on,sm_on initcall_debug log_buf_len=200M no_console_suspend ignore_loglevel selinux=0 cxl_acpi.dyndbg=+fplm cxl_pci.dyndbg=+fplm cxl_core.dyndbg=+fplm cxl_mem.dyndbg=+fplm cxl_pmem.dyndbg=+fplm cxl_port.dyndbg=+fplm cxl_region.dyndbg=+fplm cxl_test.dyndbg=+fplm cxl_mock.dyndbg=+fplm cxl_mock_mem.dyndbg=+fplm
[    0.000000] x86/fpu: Supporting XSAVE feature 0x001: 'x87 floating point registers'
[    0.000000] x86/fpu: Supporting XSAVE feature 0x002: 'SSE registers'
[    0.000000] x86/fpu: Supporting XSAVE feature 0x004: 'AVX registers'
[    0.000000] x86/fpu: Supporting XSAVE feature 0x020: 'AVX-512 opmask'
[    0.000000] x86/fpu: Supporting XSAVE feature 0x040: 'AVX-512 Hi256'
[    0.000000] x86/fpu: Supporting XSAVE feature 0x080: 'AVX-512 ZMM_Hi256'
[    0.000000] x86/fpu: Supporting XSAVE feature 0x200: 'Protection Keys User registers'
[    0.000000] x86/fpu: Supporting XSAVE feature 0x400: 'PASID state'
[    0.000000] x86/fpu: Supporting XSAVE feature 0x20000: 'AMX Tile config'
[    0.000000] x86/fpu: Supporting XSAVE feature 0x40000: 'AMX Tile data'
[    0.000000] x86/fpu: xstate_offset[2]:  576, xstate_sizes[2]:  256
[    0.000000] x86/fpu: xstate_offset[5]:  832, xstate_sizes[5]:   64
[    0.000000] x86/fpu: xstate_offset[6]:  896, xstate_sizes[6]:  512
[    0.000000] x86/fpu: xstate_offset[7]: 1408, xstate_sizes[7]: 1024
[    0.000000] x86/fpu: xstate_offset[9]: 2432, xstate_sizes[9]:    8
[    0.000000] x86/fpu: xstate_offset[10]: 2440, xstate_sizes[10]:    8
[    0.000000] x86/fpu: xstate_offset[17]: 2496, xstate_sizes[17]:   64
[    0.000000] x86/fpu: xstate_offset[18]: 2560, xstate_sizes[18]: 8192
[    0.000000] x86/fpu: Enabled xstate features 0x606e7, context size is 10752 bytes, using 'compacted' format.
[    0.000000] signal: max sigframe size: 11952
[    0.000000] BIOS-provided physical RAM map:
[    0.000000] BIOS-e820: [mem 0x0000000000000000-0x000000000009ffff] usable
[    0.000000] BIOS-e820: [mem 0x00000000000a0000-0x00000000000fffff] reserved
[    0.000000] BIOS-e820: [mem 0x0000000000100000-0x00000000bb779fff] usable
[    0.000000] BIOS-e820: [mem 0x00000000bb77a000-0x00000000bcd2dfff] reserved
[    0.000000] BIOS-e820: [mem 0x00000000bcd2e000-0x00000000bd0ebfff] usable
[    0.000000] BIOS-e820: [mem 0x00000000bd0ec000-0x00000000bd283fff] ACPI data
[    0.000000] BIOS-e820: [mem 0x00000000bd284000-0x00000000bd41bfff] usable
[    0.000000] BIOS-e820: [mem 0x00000000bd41c000-0x00000000bd855fff] ACPI data
[    0.000000] BIOS-e820: [mem 0x00000000bd856000-0x00000000bda5dfff] usable
[    0.000000] BIOS-e820: [mem 0x00000000bda5e000-0x00000000bdb76fff] ACPI data
[    0.000000] BIOS-e820: [mem 0x00000000bdb77000-0x00000000bdc8ffff] usable
[    0.000000] BIOS-e820: [mem 0x00000000bdc90000-0x00000000bdfbbfff] ACPI data
[    0.000000] BIOS-e820: [mem 0x00000000bdfbc000-0x00000000bf434fff] usable
[    0.000000] BIOS-e820: [mem 0x00000000bf435000-0x00000000c0635fff] reserved
[    0.000000] BIOS-e820: [mem 0x00000000c0636000-0x00000000cba02fff] usable
[    0.000000] BIOS-e820: [mem 0x00000000cba03000-0x00000000cba04fff] reserved
[    0.000000] BIOS-e820: [mem 0x00000000cba05000-0x00000000cba05fff] usable
[    0.000000] BIOS-e820: [mem 0x00000000cba06000-0x00000000cba4dfff] reserved
[    0.000000] BIOS-e820: [mem 0x00000000cba4e000-0x00000000cba4efff] usable
[    0.000000] BIOS-e820: [mem 0x00000000cba4f000-0x00000000cba56fff] reserved
[    0.000000] BIOS-e820: [mem 0x00000000cba57000-0x00000000cba57fff] usable
[    0.000000] BIOS-e820: [mem 0x00000000cba58000-0x00000000cd42afff] reserved
[    0.000000] BIOS-e820: [mem 0x00000000cd42b000-0x00000000cd42bfff] usable
[    0.000000] BIOS-e820: [mem 0x00000000cd42c000-0x00000000cd42cfff] reserved
[    0.000000] BIOS-e820: [mem 0x00000000cd42d000-0x00000000cd42dfff] usable
[    0.000000] BIOS-e820: [mem 0x00000000cd42e000-0x00000000cd63ffff] reserved
[    0.000000] BIOS-e820: [mem 0x00000000cd640000-0x00000000cd6befff] usable
[    0.000000] BIOS-e820: [mem 0x00000000cd6bf000-0x00000000cd6bffff] ACPI NVS
[    0.000000] BIOS-e820: [mem 0x00000000cd6c0000-0x00000000ce51efff] usable
[    0.000000] BIOS-e820: [mem 0x00000000ce51f000-0x00000000cf11ffff] ACPI NVS
[    0.000000] BIOS-e820: [mem 0x00000000cf120000-0x00000000cf132fff] usable
[    0.000000] BIOS-e820: [mem 0x00000000cf133000-0x00000000cf732fff] reserved
[    0.000000] BIOS-e820: [mem 0x00000000cf733000-0x00000000cf733fff] ACPI NVS
[    0.000000] BIOS-e820: [mem 0x00000000cf734000-0x00000000d27dcfff] usable
[    0.000000] BIOS-e820: [mem 0x00000000d27dd000-0x00000000d284dfff] reserved
[    0.000000] BIOS-e820: [mem 0x00000000d284e000-0x00000000d2894fff] usable
[    0.000000] BIOS-e820: [mem 0x00000000d2895000-0x00000000d2896fff] reserved
[    0.000000] BIOS-e820: [mem 0x00000000d2897000-0x00000000d2976fff] usable
[    0.000000] BIOS-e820: [mem 0x00000000d2977000-0x00000000d2978fff] reserved
[    0.000000] BIOS-e820: [mem 0x00000000d2979000-0x00000000d2f54fff] usable
[    0.000000] BIOS-e820: [mem 0x00000000d2f55000-0x00000000d2f5dfff] reserved
[    0.000000] BIOS-e820: [mem 0x00000000d2f5e000-0x00000000d34bbfff] usable
[    0.000000] BIOS-e820: [mem 0x00000000d34bc000-0x00000000d3abbfff] reserved
[    0.000000] BIOS-e820: [mem 0x00000000d3abc000-0x00000000d3c5ffff] usable
[    0.000000] BIOS-e820: [mem 0x00000000d3c60000-0x00000000d3c7bfff] reserved
[    0.000000] BIOS-e820: [mem 0x00000000d3c7c000-0x00000000d69cefff] usable
[    0.000000] BIOS-e820: [mem 0x00000000d69cf000-0x00000000d6ccefff] reserved
[    0.000000] BIOS-e820: [mem 0x00000000d6ccf000-0x00000000d76fefff] ACPI NVS
[    0.000000] BIOS-e820: [mem 0x00000000d76ff000-0x00000000d77fefff] ACPI data
[    0.000000] BIOS-e820: [mem 0x00000000d77ff000-0x00000000d77fffff] usable
[    0.000000] BIOS-e820: [mem 0x00000000d7800000-0x00000000dfffffff] reserved
[    0.000000] BIOS-e820: [mem 0x00000000f2830000-0x00000000f2830fff] reserved
[    0.000000] BIOS-e820: [mem 0x0000000100000000-0x0000003ffeffffff] usable
[    0.000000] BIOS-e820: [mem 0x0000003fff000000-0x0000003fffffffff] reserved
[    0.000000] BIOS-e820: [mem 0x0000020000000000-0x00000200ffffffff] soft reserved
[    0.000000] BIOS-e820: [mem 0x0000100000000000-0x000010007fffffff] reserved
[    0.000000] printk: debug: ignoring loglevel setting.
[    0.000000] NX (Execute Disable) protection: active
[    0.000000] efi: EFI v2.70 by EDK II
[    0.000000] efi: ACPI=0xd77fe000 ACPI 2.0=0xd77fe014 SMBIOS=0xd6b0b000 SMBIOS 3.0=0xd6b09000 MEMATTR=0xd3478018 
[    0.000000] efi: memattr: Unexpected EFI Memory Attributes table version 2
[    0.000000] SMBIOS 3.6.0 present.
[    0.000000] DMI: Intel Corporation OAKSTREAM/OAKSTREAM, BIOS OKSDCRB1.86B.0010.D75.2403180334 03/18/2024
[    0.000000] tsc: Detected 2400.000 MHz processor
[    0.000015] e820: update [mem 0x00000000-0x00000fff] usable ==> reserved
[    0.000072] e820: remove [mem 0x000a0000-0x000fffff] usable
[    0.000134] last_pfn = 0x3fff000 max_arch_pfn = 0x10000000000
[    0.000149] x86/PAT: Configuration [0-7]: WB  WC  UC- UC  WB  WP  UC- WT  
[    0.000164] total RAM covered: 16776704M
[    0.000459]  gran_size: 64K 	chunk_size: 64K 	num_reg: 10  	lose cover RAM: 15872G
[    0.000484]  gran_size: 64K 	chunk_size: 128K 	num_reg: 10  	lose cover RAM: 15872G
[    0.000510]  gran_size: 64K 	chunk_size: 256K 	num_reg: 10  	lose cover RAM: 15872G
[    0.000535]  gran_size: 64K 	chunk_size: 512K 	num_reg: 10  	lose cover RAM: 15872G
[    0.000561]  gran_size: 64K 	chunk_size: 1M 	num_reg: 10  	lose cover RAM: 15872G
[    0.000586]  gran_size: 64K 	chunk_size: 2M 	num_reg: 10  	lose cover RAM: 15872G
[    0.000612]  gran_size: 64K 	chunk_size: 4M 	num_reg: 10  	lose cover RAM: 15872G
[    0.000638]  gran_size: 64K 	chunk_size: 8M 	num_reg: 10  	lose cover RAM: 15872G
[    0.000663]  gran_size: 64K 	chunk_size: 16M 	num_reg: 10  	lose cover RAM: 15872G
[    0.000689]  gran_size: 64K 	chunk_size: 32M 	num_reg: 10  	lose cover RAM: 15872G
[    0.000714]  gran_size: 64K 	chunk_size: 64M 	num_reg: 10  	lose cover RAM: 15872G
[    0.000740]  gran_size: 64K 	chunk_size: 128M 	num_reg: 10  	lose cover RAM: 15872G
[    0.000765]  gran_size: 64K 	chunk_size: 256M 	num_reg: 10  	lose cover RAM: 15872G
[    0.000791]  gran_size: 64K 	chunk_size: 512M 	num_reg: 10  	lose cover RAM: 15872G
[    0.000816]  gran_size: 64K 	chunk_size: 1G 	num_reg: 10  	lose cover RAM: 15360G
[    0.000842]  gran_size: 64K 	chunk_size: 2G 	num_reg: 10  	lose cover RAM: 15360G
[    0.000867]  gran_size: 128K 	chunk_size: 128K 	num_reg: 10  	lose cover RAM: 15872G
[    0.000893]  gran_size: 128K 	chunk_size: 256K 	num_reg: 10  	lose cover RAM: 15872G
[    0.000919]  gran_size: 128K 	chunk_size: 512K 	num_reg: 10  	lose cover RAM: 15872G
[    0.000944]  gran_size: 128K 	chunk_size: 1M 	num_reg: 10  	lose cover RAM: 15872G
[    0.000970]  gran_size: 128K 	chunk_size: 2M 	num_reg: 10  	lose cover RAM: 15872G
[    0.000995]  gran_size: 128K 	chunk_size: 4M 	num_reg: 10  	lose cover RAM: 15872G
[    0.001021]  gran_size: 128K 	chunk_size: 8M 	num_reg: 10  	lose cover RAM: 15872G
[    0.001046]  gran_size: 128K 	chunk_size: 16M 	num_reg: 10  	lose cover RAM: 15872G
[    0.001072]  gran_size: 128K 	chunk_size: 32M 	num_reg: 10  	lose cover RAM: 15872G
[    0.001097]  gran_size: 128K 	chunk_size: 64M 	num_reg: 10  	lose cover RAM: 15872G
[    0.001123]  gran_size: 128K 	chunk_size: 128M 	num_reg: 10  	lose cover RAM: 15872G
[    0.001149]  gran_size: 128K 	chunk_size: 256M 	num_reg: 10  	lose cover RAM: 15872G
[    0.001174]  gran_size: 128K 	chunk_size: 512M 	num_reg: 10  	lose cover RAM: 15872G
[    0.001200]  gran_size: 128K 	chunk_size: 1G 	num_reg: 10  	lose cover RAM: 15360G
[    0.001225]  gran_size: 128K 	chunk_size: 2G 	num_reg: 10  	lose cover RAM: 15360G
[    0.001251]  gran_size: 256K 	chunk_size: 256K 	num_reg: 10  	lose cover RAM: 15872G
[    0.001276]  gran_size: 256K 	chunk_size: 512K 	num_reg: 10  	lose cover RAM: 15872G
[    0.001302]  gran_size: 256K 	chunk_size: 1M 	num_reg: 10  	lose cover RAM: 15872G
[    0.001328]  gran_size: 256K 	chunk_size: 2M 	num_reg: 10  	lose cover RAM: 15872G
[    0.001353]  gran_size: 256K 	chunk_size: 4M 	num_reg: 10  	lose cover RAM: 15872G
[    0.001379]  gran_size: 256K 	chunk_size: 8M 	num_reg: 10  	lose cover RAM: 15872G
[    0.001404]  gran_size: 256K 	chunk_size: 16M 	num_reg: 10  	lose cover RAM: 15872G
[    0.001430]  gran_size: 256K 	chunk_size: 32M 	num_reg: 10  	lose cover RAM: 15872G
[    0.001455]  gran_size: 256K 	chunk_size: 64M 	num_reg: 10  	lose cover RAM: 15872G
[    0.001481]  gran_size: 256K 	chunk_size: 128M 	num_reg: 10  	lose cover RAM: 15872G
[    0.001507]  gran_size: 256K 	chunk_size: 256M 	num_reg: 10  	lose cover RAM: 15872G
[    0.001532]  gran_size: 256K 	chunk_size: 512M 	num_reg: 10  	lose cover RAM: 15872G
[    0.001558]  gran_size: 256K 	chunk_size: 1G 	num_reg: 10  	lose cover RAM: 15360G
[    0.001583]  gran_size: 256K 	chunk_size: 2G 	num_reg: 10  	lose cover RAM: 15360G
[    0.001609]  gran_size: 512K 	chunk_size: 512K 	num_reg: 10  	lose cover RAM: 15872G
[    0.001634]  gran_size: 512K 	chunk_size: 1M 	num_reg: 10  	lose cover RAM: 15872G
[    0.001660]  gran_size: 512K 	chunk_size: 2M 	num_reg: 10  	lose cover RAM: 15872G
[    0.001685]  gran_size: 512K 	chunk_size: 4M 	num_reg: 10  	lose cover RAM: 15872G
[    0.001711]  gran_size: 512K 	chunk_size: 8M 	num_reg: 10  	lose cover RAM: 15872G
[    0.001737]  gran_size: 512K 	chunk_size: 16M 	num_reg: 10  	lose cover RAM: 15872G
[    0.001762]  gran_size: 512K 	chunk_size: 32M 	num_reg: 10  	lose cover RAM: 15872G
[    0.001788]  gran_size: 512K 	chunk_size: 64M 	num_reg: 10  	lose cover RAM: 15872G
[    0.001813]  gran_size: 512K 	chunk_size: 128M 	num_reg: 10  	lose cover RAM: 15872G
[    0.001839]  gran_size: 512K 	chunk_size: 256M 	num_reg: 10  	lose cover RAM: 15872G
[    0.001864]  gran_size: 512K 	chunk_size: 512M 	num_reg: 10  	lose cover RAM: 15872G
[    0.001890]  gran_size: 512K 	chunk_size: 1G 	num_reg: 10  	lose cover RAM: 15360G
[    0.001916]  gran_size: 512K 	chunk_size: 2G 	num_reg: 10  	lose cover RAM: 15360G
[    0.001941]  gran_size: 1M 	chunk_size: 1M 	num_reg: 10  	lose cover RAM: 15872G
[    0.001967]  gran_size: 1M 	chunk_size: 2M 	num_reg: 10  	lose cover RAM: 15872G
[    0.001992]  gran_size: 1M 	chunk_size: 4M 	num_reg: 10  	lose cover RAM: 15872G
[    0.002018]  gran_size: 1M 	chunk_size: 8M 	num_reg: 10  	lose cover RAM: 15872G
[    0.002043]  gran_size: 1M 	chunk_size: 16M 	num_reg: 10  	lose cover RAM: 15872G
[    0.002069]  gran_size: 1M 	chunk_size: 32M 	num_reg: 10  	lose cover RAM: 15872G
[    0.002094]  gran_size: 1M 	chunk_size: 64M 	num_reg: 10  	lose cover RAM: 15872G
[    0.002120]  gran_size: 1M 	chunk_size: 128M 	num_reg: 10  	lose cover RAM: 15872G
[    0.002145]  gran_size: 1M 	chunk_size: 256M 	num_reg: 10  	lose cover RAM: 15872G
[    0.002171]  gran_size: 1M 	chunk_size: 512M 	num_reg: 10  	lose cover RAM: 15872G
[    0.002196]  gran_size: 1M 	chunk_size: 1G 	num_reg: 10  	lose cover RAM: 15360G
[    0.002222]  gran_size: 1M 	chunk_size: 2G 	num_reg: 10  	lose cover RAM: 15360G
[    0.002247]  gran_size: 2M 	chunk_size: 2M 	num_reg: 10  	lose cover RAM: 15872G
[    0.002273]  gran_size: 2M 	chunk_size: 4M 	num_reg: 10  	lose cover RAM: 15872G
[    0.002298]  gran_size: 2M 	chunk_size: 8M 	num_reg: 10  	lose cover RAM: 15872G
[    0.002324]  gran_size: 2M 	chunk_size: 16M 	num_reg: 10  	lose cover RAM: 15872G
[    0.002349]  gran_size: 2M 	chunk_size: 32M 	num_reg: 10  	lose cover RAM: 15872G
[    0.002375]  gran_size: 2M 	chunk_size: 64M 	num_reg: 10  	lose cover RAM: 15872G
[    0.002400]  gran_size: 2M 	chunk_size: 128M 	num_reg: 10  	lose cover RAM: 15872G
[    0.002426]  gran_size: 2M 	chunk_size: 256M 	num_reg: 10  	lose cover RAM: 15872G
[    0.002451]  gran_size: 2M 	chunk_size: 512M 	num_reg: 10  	lose cover RAM: 15872G
[    0.002477]  gran_size: 2M 	chunk_size: 1G 	num_reg: 10  	lose cover RAM: 15360G
[    0.002502]  gran_size: 2M 	chunk_size: 2G 	num_reg: 10  	lose cover RAM: 15360G
[    0.002528]  gran_size: 4M 	chunk_size: 4M 	num_reg: 10  	lose cover RAM: 15872G
[    0.002553]  gran_size: 4M 	chunk_size: 8M 	num_reg: 10  	lose cover RAM: 15872G
[    0.002579]  gran_size: 4M 	chunk_size: 16M 	num_reg: 10  	lose cover RAM: 15872G
[    0.002604]  gran_size: 4M 	chunk_size: 32M 	num_reg: 10  	lose cover RAM: 15872G
[    0.002630]  gran_size: 4M 	chunk_size: 64M 	num_reg: 10  	lose cover RAM: 15872G
[    0.002655]  gran_size: 4M 	chunk_size: 128M 	num_reg: 10  	lose cover RAM: 15872G
[    0.002681]  gran_size: 4M 	chunk_size: 256M 	num_reg: 10  	lose cover RAM: 15872G
[    0.002707]  gran_size: 4M 	chunk_size: 512M 	num_reg: 10  	lose cover RAM: 15872G
[    0.002732]  gran_size: 4M 	chunk_size: 1G 	num_reg: 10  	lose cover RAM: 15360G
[    0.002758]  gran_size: 4M 	chunk_size: 2G 	num_reg: 10  	lose cover RAM: 15360G
[    0.002783]  gran_size: 8M 	chunk_size: 8M 	num_reg: 10  	lose cover RAM: 15872G
[    0.002809]  gran_size: 8M 	chunk_size: 16M 	num_reg: 10  	lose cover RAM: 15872G
[    0.002834]  gran_size: 8M 	chunk_size: 32M 	num_reg: 10  	lose cover RAM: 15872G
[    0.002860]  gran_size: 8M 	chunk_size: 64M 	num_reg: 10  	lose cover RAM: 15872G
[    0.002885]  gran_size: 8M 	chunk_size: 128M 	num_reg: 10  	lose cover RAM: 15872G
[    0.002911]  gran_size: 8M 	chunk_size: 256M 	num_reg: 10  	lose cover RAM: 15872G
[    0.002936]  gran_size: 8M 	chunk_size: 512M 	num_reg: 10  	lose cover RAM: 15872G
[    0.002962]  gran_size: 8M 	chunk_size: 1G 	num_reg: 10  	lose cover RAM: 15360G
[    0.002987]  gran_size: 8M 	chunk_size: 2G 	num_reg: 10  	lose cover RAM: 15360G
[    0.003013]  gran_size: 16M 	chunk_size: 16M 	num_reg: 10  	lose cover RAM: 15872G
[    0.003038]  gran_size: 16M 	chunk_size: 32M 	num_reg: 10  	lose cover RAM: 15872G
[    0.003064]  gran_size: 16M 	chunk_size: 64M 	num_reg: 10  	lose cover RAM: 15872G
[    0.003089]  gran_size: 16M 	chunk_size: 128M 	num_reg: 10  	lose cover RAM: 15872G
[    0.003115]  gran_size: 16M 	chunk_size: 256M 	num_reg: 10  	lose cover RAM: 15872G
[    0.003140]  gran_size: 16M 	chunk_size: 512M 	num_reg: 10  	lose cover RAM: 15872G
[    0.003166]  gran_size: 16M 	chunk_size: 1G 	num_reg: 10  	lose cover RAM: 15360G
[    0.003192]  gran_size: 16M 	chunk_size: 2G 	num_reg: 10  	lose cover RAM: 15360G
[    0.003217]  gran_size: 32M 	chunk_size: 32M 	num_reg: 10  	lose cover RAM: 15872G
[    0.003243]  gran_size: 32M 	chunk_size: 64M 	num_reg: 10  	lose cover RAM: 15872G
[    0.003268]  gran_size: 32M 	chunk_size: 128M 	num_reg: 10  	lose cover RAM: 15872G
[    0.003294]  gran_size: 32M 	chunk_size: 256M 	num_reg: 10  	lose cover RAM: 15872G
[    0.003319]  gran_size: 32M 	chunk_size: 512M 	num_reg: 10  	lose cover RAM: 15872G
[    0.003345]  gran_size: 32M 	chunk_size: 1G 	num_reg: 10  	lose cover RAM: 15360G
[    0.003370]  gran_size: 32M 	chunk_size: 2G 	num_reg: 10  	lose cover RAM: 15360G
[    0.003396]  gran_size: 64M 	chunk_size: 64M 	num_reg: 10  	lose cover RAM: 15872G
[    0.003422]  gran_size: 64M 	chunk_size: 128M 	num_reg: 10  	lose cover RAM: 15872G
[    0.003447]  gran_size: 64M 	chunk_size: 256M 	num_reg: 10  	lose cover RAM: 15872G
[    0.003473]  gran_size: 64M 	chunk_size: 512M 	num_reg: 10  	lose cover RAM: 15872G
[    0.003498]  gran_size: 64M 	chunk_size: 1G 	num_reg: 10  	lose cover RAM: 15360G
[    0.003524]  gran_size: 64M 	chunk_size: 2G 	num_reg: 10  	lose cover RAM: 15360G
[    0.003549]  gran_size: 128M 	chunk_size: 128M 	num_reg: 10  	lose cover RAM: 15872G
[    0.003575]  gran_size: 128M 	chunk_size: 256M 	num_reg: 10  	lose cover RAM: 15872G
[    0.003600]  gran_size: 128M 	chunk_size: 512M 	num_reg: 10  	lose cover RAM: 15872G
[    0.003626]  gran_size: 128M 	chunk_size: 1G 	num_reg: 10  	lose cover RAM: 15360G
[    0.003652]  gran_size: 128M 	chunk_size: 2G 	num_reg: 10  	lose cover RAM: 15360G
[    0.003677]  gran_size: 256M 	chunk_size: 256M 	num_reg: 10  	lose cover RAM: 15872G
[    0.003703]  gran_size: 256M 	chunk_size: 512M 	num_reg: 10  	lose cover RAM: 15872G
[    0.003728]  gran_size: 256M 	chunk_size: 1G 	num_reg: 10  	lose cover RAM: 15360G
[    0.003754]  gran_size: 256M 	chunk_size: 2G 	num_reg: 10  	lose cover RAM: 15360G
[    0.003779]  gran_size: 512M 	chunk_size: 512M 	num_reg: 10  	lose cover RAM: 15872G
[    0.003805]  gran_size: 512M 	chunk_size: 1G 	num_reg: 10  	lose cover RAM: 15360G
[    0.003831]  gran_size: 512M 	chunk_size: 2G 	num_reg: 10  	lose cover RAM: 15360G
[    0.003856]  gran_size: 1G 	chunk_size: 1G 	num_reg: 10  	lose cover RAM: 15729152M
[    0.003882]  gran_size: 1G 	chunk_size: 2G 	num_reg: 10  	lose cover RAM: 15729152M
[    0.003907]  gran_size: 2G 	chunk_size: 2G 	num_reg: 10  	lose cover RAM: 14681600M
[    0.003933] mtrr_cleanup: can not find optimal value
[    0.003945] please specify mtrr_gran_size/mtrr_chunk_size
[    0.003960] e820: update [mem 0xe0000000-0xffffffff] usable ==> reserved
[    0.004028] x2apic: enabled by BIOS, switching to x2apic ops
[    0.004040] last_pfn = 0xd7800 max_arch_pfn = 0x10000000000
[    0.007000] Using GB pages for direct mapping
[    0.107393] printk: log_buf_len: 268435456 bytes
[    0.107405] printk: early log buf free: 16758952(99%)
[    0.107418] Secure boot disabled
[    0.107430] RAMDISK: [mem 0xb844f000-0xba2a0fff]
[    0.107445] ACPI: Early table checksum verification disabled
[    0.107457] ACPI: RSDP 0x00000000D77FE014 000024 (v02 INTEL )
[    0.107494] ACPI: XSDT 0x00000000D7744188 00014C (v01 INTEL  INTEL ID 00000000      01000013)
[    0.107533] ACPI: FACP 0x00000000D77FC000 000114 (v06 INTEL  INTEL ID 00000000 INTL 20230628)
[    0.107572] ACPI: DSDT 0x00000000D775D000 08E4F6 (v02 INTEL  INTEL ID 00000003 INTL 20230628)
[    0.107611] ACPI: FACS 0x00000000D76F4000 000040
[    0.107647] ACPI: MCFG 0x00000000D77FB000 00004C (v01 INTEL  INTEL ID 00000001 INTL 20230628)
[    0.107685] ACPI: SSDT 0x00000000D77FA000 0001F3 (v02 INTEL  MPWR     00001000 INTL 20230628)
[    0.107724] ACPI: CEDT 0x00000000D77F9000 000284 (v01 INTEL  INTEL ID 00000002 INTL 20230628)
[    0.107762] ACPI: SSDT 0x00000000D77F8000 0000AB (v02 INTEL  INTEL ID 00000002 INTL 20230628)
[    0.107801] ACPI: MRRM 0x00000000D77F7000 0000CC (v01 INTEL  INTEL ID 00000002 INTL 20230628)
[    0.107839] ACPI: SSDT 0x00000000D77F6000 00030C (v02 INTEL  INTEL ID 00000000 MSFT 20230628)
[    0.107877] ACPI: SSDT 0x00000000D77F5000 000156 (v02 INTEL  PRMOPREG 00001000 INTL 20230628)
[    0.107916] ACPI: SSDT 0x00000000D77F4000 000145 (v02 INTEL  PRMSAMPL 00001000 INTL 20230628)
[    0.107954] ACPI: IRDT 0x00000000D77F3000 0001D7 (v01 INTEL  INTEL ID 00000002 INTL 20230628)
[    0.107992] ACPI: DTPR 0x00000000D77F2000 000530 (v01 INTEL  EDK2     00000002      01000013)
[    0.108031] ACPI: SSDT 0x00000000D77F1000 00040F (v02 INTEL  SruTable 00001000 INTL 20230628)
[    0.108069] ACPI: SSDT 0x00000000D77F0000 000397 (v02 INTEL  SstsTbl  00001000 INTL 20230628)
[    0.108108] ACPI: BDAT 0x00000000D77EF000 000030 (v01 INTEL  INTEL ID 00000000 INTL 20230628)
[    0.108146] ACPI: HPET 0x00000000D77EE000 000038 (v01 INTEL  INTEL ID 00000001 INTL 20230628)
[    0.108184] ACPI: MSCT 0x00000000D77ED000 000198 (v01 INTEL  INTEL ID 00000001 INTL 20230628)
[    0.108223] ACPI: WSMT 0x00000000D77EC000 000028 (v01 INTEL  INTEL ID 00000000 INTL 20230628)
[    0.108261] ACPI: APIC 0x00000000D775C000 00015E (v06 INTEL  INTEL ID 00000000 INTL 20230628)
[    0.108299] ACPI: KEYP 0x00000000D77FD000 000050 (v01 INTEL  INTEL ID 00000002 INTL 20230628)
[    0.108338] ACPI: PMTT 0x00000000D7741000 002568 (v02 INTEL  INTEL ID 00000001 INTL 20230628)
[    0.108376] ACPI: OEM4 0x00000000BDC90000 32B041 (v02 INTEL  CPU  CST 00003000 INTL 20230628)
[    0.108414] ACPI: OEM1 0x00000000BD41C000 439069 (v02 INTEL  CPU EIST 00003000 INTL 20230628)
[    0.108453] ACPI: OEM2 0x00000000BDA5E000 118031 (v02 INTEL  CPU  HWP 00003000 INTL 20230628)
[    0.108491] ACPI: SSDT 0x00000000BD0EC000 197850 (v02 INTEL  SSDT  PM 00004000 INTL 20230628)
[    0.108530] ACPI: DBG2 0x00000000D7740000 000058 (v00 INTEL  INTEL ID 00000002 INTL 20230628)
[    0.108568] ACPI: DMAR 0x00000000D773F000 000478 (v01 INTEL  INTEL ID 00000001 INTL 20230628)
[    0.108606] ACPI: FPDT 0x00000000D773E000 000044 (v01 INTEL  EDK2     00000002      01000013)
[    0.108645] ACPI: SSDT 0x00000000D773D000 000922 (v02 INTEL  RAS_ACPI 00000001 INTL 20230628)
[    0.108683] ACPI: SSDT 0x00000000D773C000 0008BB (v02 INTEL  ADDRXLAT 00000001 INTL 20230628)
[    0.108721] ACPI: HEST 0x00000000D773B000 000174 (v01 INTEL  INTEL ID 00000001 INTL 20230628)
[    0.108760] ACPI: BERT 0x00000000D773A000 000030 (v01 INTEL  INTEL ID 00000001 INTL 20230628)
[    0.108798] ACPI: ERST 0x00000000D7739000 000230 (v01 INTEL  INTEL ID 00000001 INTL 20230628)
[    0.108836] ACPI: PRMT 0x00000000D7738000 0001DC (v00 INTEL  INTEL ID 00000002 INTL 20230628)
[    0.108875] ACPI: SPCR 0x00000000D7737000 000050 (v02 INTEL  INTEL ID 00000000 INTL 20230628)
[    0.108913] ACPI: SRAT 0x00000000D7747000 014128 (v03 INTEL  INTEL ID 00000002 INTL 20230628)
[    0.108952] ACPI: SLIT 0x00000000D7746000 000050 (v01 INTEL  INTEL ID 00000002 INTL 20230628)
[    0.108990] ACPI: HMAT 0x00000000D7745000 000298 (v02 INTEL  INTEL ID 00000002 INTL 20230628)
[    0.109028] ACPI: Reserving FACP table memory at [mem 0xd77fc000-0xd77fc113]
[    0.109042] ACPI: Reserving DSDT table memory at [mem 0xd775d000-0xd77eb4f5]
[    0.109057] ACPI: Reserving FACS table memory at [mem 0xd76f4000-0xd76f403f]
[    0.109071] ACPI: Reserving MCFG table memory at [mem 0xd77fb000-0xd77fb04b]
[    0.109086] ACPI: Reserving SSDT table memory at [mem 0xd77fa000-0xd77fa1f2]
[    0.109101] ACPI: Reserving CEDT table memory at [mem 0xd77f9000-0xd77f9283]
[    0.109115] ACPI: Reserving SSDT table memory at [mem 0xd77f8000-0xd77f80aa]
[    0.109130] ACPI: Reserving MRRM table memory at [mem 0xd77f7000-0xd77f70cb]
[    0.109145] ACPI: Reserving SSDT table memory at [mem 0xd77f6000-0xd77f630b]
[    0.109160] ACPI: Reserving SSDT table memory at [mem 0xd77f5000-0xd77f5155]
[    0.109174] ACPI: Reserving SSDT table memory at [mem 0xd77f4000-0xd77f4144]
[    0.109189] ACPI: Reserving IRDT table memory at [mem 0xd77f3000-0xd77f31d6]
[    0.109204] ACPI: Reserving DTPR table memory at [mem 0xd77f2000-0xd77f252f]
[    0.109219] ACPI: Reserving SSDT table memory at [mem 0xd77f1000-0xd77f140e]
[    0.109234] ACPI: Reserving SSDT table memory at [mem 0xd77f0000-0xd77f0396]
[    0.109248] ACPI: Reserving BDAT table memory at [mem 0xd77ef000-0xd77ef02f]
[    0.109263] ACPI: Reserving HPET table memory at [mem 0xd77ee000-0xd77ee037]
[    0.109278] ACPI: Reserving MSCT table memory at [mem 0xd77ed000-0xd77ed197]
[    0.109293] ACPI: Reserving WSMT table memory at [mem 0xd77ec000-0xd77ec027]
[    0.109308] ACPI: Reserving APIC table memory at [mem 0xd775c000-0xd775c15d]
[    0.109323] ACPI: Reserving KEYP table memory at [mem 0xd77fd000-0xd77fd04f]
[    0.109338] ACPI: Reserving PMTT table memory at [mem 0xd7741000-0xd7743567]
[    0.109353] ACPI: Reserving OEM4 table memory at [mem 0xbdc90000-0xbdfbb040]
[    0.109368] ACPI: Reserving OEM1 table memory at [mem 0xbd41c000-0xbd855068]
[    0.109383] ACPI: Reserving OEM2 table memory at [mem 0xbda5e000-0xbdb76030]
[    0.109398] ACPI: Reserving SSDT table memory at [mem 0xbd0ec000-0xbd28384f]
[    0.109413] ACPI: Reserving DBG2 table memory at [mem 0xd7740000-0xd7740057]
[    0.109427] ACPI: Reserving DMAR table memory at [mem 0xd773f000-0xd773f477]
[    0.109442] ACPI: Reserving FPDT table memory at [mem 0xd773e000-0xd773e043]
[    0.109457] ACPI: Reserving SSDT table memory at [mem 0xd773d000-0xd773d921]
[    0.109472] ACPI: Reserving SSDT table memory at [mem 0xd773c000-0xd773c8ba]
[    0.109487] ACPI: Reserving HEST table memory at [mem 0xd773b000-0xd773b173]
[    0.109502] ACPI: Reserving BERT table memory at [mem 0xd773a000-0xd773a02f]
[    0.109517] ACPI: Reserving ERST table memory at [mem 0xd7739000-0xd773922f]
[    0.109532] ACPI: Reserving PRMT table memory at [mem 0xd7738000-0xd77381db]
[    0.109548] ACPI: Reserving SPCR table memory at [mem 0xd7737000-0xd773704f]
[    0.109563] ACPI: Reserving SRAT table memory at [mem 0xd7747000-0xd775b127]
[    0.109578] ACPI: Reserving SLIT table memory at [mem 0xd7746000-0xd774604f]
[    0.109593] ACPI: Reserving HMAT table memory at [mem 0xd7745000-0xd7745297]
[    0.109634] Setting APIC routing to cluster x2apic.
[    0.109813] SRAT: PXM 0 -> APIC 0x0000 -> Node 0
[    0.109826] SRAT: PXM 0 -> APIC 0x0002 -> Node 0
[    0.109839] SRAT: PXM 0 -> APIC 0x0008 -> Node 0
[    0.109853] SRAT: PXM 0 -> APIC 0x000a -> Node 0
[    0.109866] SRAT: PXM 0 -> APIC 0x0100 -> Node 0
[    0.109879] SRAT: PXM 0 -> APIC 0x0102 -> Node 0
[    0.109892] SRAT: PXM 0 -> APIC 0x0108 -> Node 0
[    0.109905] SRAT: PXM 0 -> APIC 0x010a -> Node 0
[    0.109919] SRAT: PXM 0 -> APIC 0x0200 -> Node 0
[    0.109932] SRAT: PXM 0 -> APIC 0x0202 -> Node 0
[    0.109945] SRAT: PXM 0 -> APIC 0x0208 -> Node 0
[    0.109958] SRAT: PXM 0 -> APIC 0x020a -> Node 0
[    0.109971] SRAT: PXM 0 -> APIC 0x0300 -> Node 0
[    0.109985] SRAT: PXM 0 -> APIC 0x0302 -> Node 0
[    0.109998] SRAT: PXM 0 -> APIC 0x0308 -> Node 0
[    0.110011] SRAT: PXM 0 -> APIC 0x030a -> Node 0
[    0.110166] ACPI: SRAT: Node 0 PXM 0 [mem 0x00000000-0xdfffffff]
[    0.110180] ACPI: SRAT: Node 0 PXM 0 [mem 0x100000000-0x3fffffffff]
[    0.110234] ACPI: SRAT: Node 1 PXM 5 [mem 0x20000000000-0x200ffffffff]
[    0.110259] NUMA: Initialized distance table, cnt=2
[    0.110282] NUMA: Node 0 [mem 0x00000000-0xdfffffff] + [mem 0x100000000-0x3ffeffffff] -> [mem 0x00000000-0x3ffeffffff]
[    0.110324] NODE_DATA(0) allocated [mem 0x3fb6fc2000-0x3fb6fecfff]
[    0.111335] Reserving 512MB of memory at 2432MB for crashkernel (System RAM: 261362MB)
[    0.112002] Zone ranges:
[    0.112014]   DMA      [mem 0x0000000000001000-0x0000000000ffffff]
[    0.112038]   DMA32    [mem 0x0000000001000000-0x00000000ffffffff]
[    0.112063]   Normal   [mem 0x0000000100000000-0x0000003ffeffffff]
[    0.112087]   Device   empty
[    0.112110] Movable zone start for each node
[    0.112127] Early memory node ranges
[    0.112139]   node   0: [mem 0x0000000000001000-0x000000000009ffff]
[    0.112152]   node   0: [mem 0x0000000000100000-0x00000000bb779fff]
[    0.112167]   node   0: [mem 0x00000000bcd2e000-0x00000000bd0ebfff]
[    0.112180]   node   0: [mem 0x00000000bd284000-0x00000000bd41bfff]
[    0.112194]   node   0: [mem 0x00000000bd856000-0x00000000bda5dfff]
[    0.112207]   node   0: [mem 0x00000000bdb77000-0x00000000bdc8ffff]
[    0.112221]   node   0: [mem 0x00000000bdfbc000-0x00000000bf434fff]
[    0.112235]   node   0: [mem 0x00000000c0636000-0x00000000cba02fff]
[    0.112248]   node   0: [mem 0x00000000cba05000-0x00000000cba05fff]
[    0.112262]   node   0: [mem 0x00000000cba4e000-0x00000000cba4efff]
[    0.112275]   node   0: [mem 0x00000000cba57000-0x00000000cba57fff]
[    0.112289]   node   0: [mem 0x00000000cd42b000-0x00000000cd42bfff]
[    0.112302]   node   0: [mem 0x00000000cd42d000-0x00000000cd42dfff]
[    0.112316]   node   0: [mem 0x00000000cd640000-0x00000000cd6befff]
[    0.112330]   node   0: [mem 0x00000000cd6c0000-0x00000000ce51efff]
[    0.112343]   node   0: [mem 0x00000000cf120000-0x00000000cf132fff]
[    0.112357]   node   0: [mem 0x00000000cf734000-0x00000000d27dcfff]
[    0.112370]   node   0: [mem 0x00000000d284e000-0x00000000d2894fff]
[    0.112384]   node   0: [mem 0x00000000d2897000-0x00000000d2976fff]
[    0.112397]   node   0: [mem 0x00000000d2979000-0x00000000d2f54fff]
[    0.112411]   node   0: [mem 0x00000000d2f5e000-0x00000000d34bbfff]
[    0.112425]   node   0: [mem 0x00000000d3abc000-0x00000000d3c5ffff]
[    0.112438]   node   0: [mem 0x00000000d3c7c000-0x00000000d69cefff]
[    0.112452]   node   0: [mem 0x00000000d77ff000-0x00000000d77fffff]
[    0.112465]   node   0: [mem 0x0000000100000000-0x0000003ffeffffff]
[    0.112548] Initmem setup node 0 [mem 0x0000000000001000-0x0000003ffeffffff]
[    0.112569] On node 0, zone DMA: 1 pages in unavailable ranges
[    0.112636] On node 0, zone DMA: 96 pages in unavailable ranges
[    0.123206] On node 0, zone DMA32: 5556 pages in unavailable ranges
[    0.123238] On node 0, zone DMA32: 408 pages in unavailable ranges
[    0.123292] On node 0, zone DMA32: 1082 pages in unavailable ranges
[    0.123318] On node 0, zone DMA32: 281 pages in unavailable ranges
[    0.123427] On node 0, zone DMA32: 812 pages in unavailable ranges
[    0.124209] On node 0, zone DMA32: 4609 pages in unavailable ranges
[    0.124222] On node 0, zone DMA32: 2 pages in unavailable ranges
[    0.124238] On node 0, zone DMA32: 72 pages in unavailable ranges
[    0.124251] On node 0, zone DMA32: 8 pages in unavailable ranges
[    0.124470] On node 0, zone DMA32: 6611 pages in unavailable ranges
[    0.124483] On node 0, zone DMA32: 1 pages in unavailable ranges
[    0.124515] On node 0, zone DMA32: 530 pages in unavailable ranges
[    0.124578] On node 0, zone DMA32: 1 pages in unavailable ranges
[    0.124687] On node 0, zone DMA32: 3073 pages in unavailable ranges
[    0.124917] On node 0, zone DMA32: 1537 pages in unavailable ranges
[    0.124935] On node 0, zone DMA32: 113 pages in unavailable ranges
[    0.124951] On node 0, zone DMA32: 2 pages in unavailable ranges
[    0.124985] On node 0, zone DMA32: 2 pages in unavailable ranges
[    0.125017] On node 0, zone DMA32: 9 pages in unavailable ranges
[    0.125084] On node 0, zone DMA32: 1536 pages in unavailable ranges
[    0.125256] On node 0, zone DMA32: 28 pages in unavailable ranges
[    0.125382] On node 0, zone DMA32: 3632 pages in unavailable ranges
[    1.022449] On node 0, zone Normal: 2048 pages in unavailable ranges
[    1.022589] On node 0, zone Normal: 4096 pages in unavailable ranges
[    1.027469] ACPI: PM-Timer IO Port: 0x508
[    1.027489] ACPI: X2APIC_NMI (uid[0xffffffff] high edge lint[0x1])
[    1.027504] ACPI: LAPIC_NMI (acpi_id[0xff] high edge lint[0x1])
[    1.027518] IOAPIC[0]: apic_id 8, version 32, address 0xfec00000, GSI 0-23
[    1.027534] ACPI: INT_SRC_OVR (bus 0 bus_irq 0 global_irq 2 dfl dfl)
[    1.027548] ACPI: INT_SRC_OVR (bus 0 bus_irq 9 global_irq 9 high level)
[    1.027565] ACPI: Using ACPI (MADT) for SMP configuration information
[    1.027578] ACPI: HPET id: 0x8086a701 base: 0xfed00000
[    1.027595] ACPI: SPCR: console: uart,io,0x3f8,115200
[    1.027608] TSC deadline timer available
[    1.027620] smpboot: Allowing 16 CPUs, 0 hotplug CPUs
[    1.027989] PM: hibernation: Registered nosave memory: [mem 0x00000000-0x00000fff]
[    1.028010] PM: hibernation: Registered nosave memory: [mem 0x000a0000-0x000fffff]
[    1.028032] PM: hibernation: Registered nosave memory: [mem 0xbb77a000-0xbcd2dfff]
[    1.028054] PM: hibernation: Registered nosave memory: [mem 0xbd0ec000-0xbd283fff]
[    1.028076] PM: hibernation: Registered nosave memory: [mem 0xbd41c000-0xbd855fff]
[    1.028098] PM: hibernation: Registered nosave memory: [mem 0xbda5e000-0xbdb76fff]
[    1.028121] PM: hibernation: Registered nosave memory: [mem 0xbdc90000-0xbdfbbfff]
[    1.028143] PM: hibernation: Registered nosave memory: [mem 0xbf435000-0xc0635fff]
[    1.028165] PM: hibernation: Registered nosave memory: [mem 0xcba03000-0xcba04fff]
[    1.028188] PM: hibernation: Registered nosave memory: [mem 0xcba06000-0xcba4dfff]
[    1.028211] PM: hibernation: Registered nosave memory: [mem 0xcba4f000-0xcba56fff]
[    1.028233] PM: hibernation: Registered nosave memory: [mem 0xcba58000-0xcd42afff]
[    1.028256] PM: hibernation: Registered nosave memory: [mem 0xcd42c000-0xcd42cfff]
[    1.028279] PM: hibernation: Registered nosave memory: [mem 0xcd42e000-0xcd63ffff]
[    1.028302] PM: hibernation: Registered nosave memory: [mem 0xcd6bf000-0xcd6bffff]
[    1.028325] PM: hibernation: Registered nosave memory: [mem 0xce51f000-0xcf11ffff]
[    1.028348] PM: hibernation: Registered nosave memory: [mem 0xcf133000-0xcf732fff]
[    1.028362] PM: hibernation: Registered nosave memory: [mem 0xcf733000-0xcf733fff]
[    1.028385] PM: hibernation: Registered nosave memory: [mem 0xd27dd000-0xd284dfff]
[    1.028408] PM: hibernation: Registered nosave memory: [mem 0xd2895000-0xd2896fff]
[    1.028432] PM: hibernation: Registered nosave memory: [mem 0xd2977000-0xd2978fff]
[    1.028456] PM: hibernation: Registered nosave memory: [mem 0xd2f55000-0xd2f5dfff]
[    1.028479] PM: hibernation: Registered nosave memory: [mem 0xd34bc000-0xd3abbfff]
[    1.028503] PM: hibernation: Registered nosave memory: [mem 0xd3c60000-0xd3c7bfff]
[    1.028527] PM: hibernation: Registered nosave memory: [mem 0xd69cf000-0xd6ccefff]
[    1.028540] PM: hibernation: Registered nosave memory: [mem 0xd6ccf000-0xd76fefff]
[    1.028554] PM: hibernation: Registered nosave memory: [mem 0xd76ff000-0xd77fefff]
[    1.028578] PM: hibernation: Registered nosave memory: [mem 0xd7800000-0xdfffffff]
[    1.028591] PM: hibernation: Registered nosave memory: [mem 0xe0000000-0xf282ffff]
[    1.028605] PM: hibernation: Registered nosave memory: [mem 0xf2830000-0xf2830fff]
[    1.028618] PM: hibernation: Registered nosave memory: [mem 0xf2831000-0xffffffff]
[    1.028633] [mem 0xe0000000-0xf282ffff] available for PCI devices
[    1.028647] Booting paravirtualized kernel on bare hardware
[    1.028660] clocksource: refined-jiffies: mask: 0xffffffff max_cycles: 0xffffffff, max_idle_ns: 1910969940391419 ns
[    1.042355] setup_percpu: NR_CPUS:8192 nr_cpumask_bits:16 nr_cpu_ids:16 nr_node_ids:2
[    1.042448] percpu: Embedded 54 pages/cpu s184232 r8192 d28760 u262144
[    1.042521] pcpu-alloc: s184232 r8192 d28760 u262144 alloc=1*2097152
[    1.042546] pcpu-alloc: [0] 00 01 02 03 04 05 06 07 [0] 08 09 10 11 12 13 14 15 
[    1.043004] Fallback order for Node 0: 0 
[    1.043040] Built 1 zonelists, mobility grouping on.  Total pages: 65863266
[    1.043053] Policy zone: Normal
[    1.043066] Kernel command line: BOOT_IMAGE=(hd1,gpt2)/vmlinuz-5.17.0-ebd326ce724d-gebd326ce724d root=/dev/mapper/cs-root ro crashkernel=1G-4G:192M,4G-64G:256M,64G-:512M resume=/dev/mapper/cs-swap rd.lvm.lv=cs/root rd.lvm.lv=cs/swap rhgb quiet console=tty0 console=ttyS0,115200n8 intel_iommu=on,sm_on initcall_debug log_buf_len=200M no_console_suspend ignore_loglevel selinux=0 cxl_acpi.dyndbg=+fplm cxl_pci.dyndbg=+fplm cxl_core.dyndbg=+fplm cxl_mem.dyndbg=+fplm cxl_pmem.dyndbg=+fplm cxl_port.dyndbg=+fplm cxl_region.dyndbg=+fplm cxl_test.dyndbg=+fplm cxl_mock.dyndbg=+fplm cxl_mock_mem.dyndbg=+fplm
[    1.043321] DMAR: IOMMU enabled
[    1.043333] DMAR: Enable scalable mode if hardware supports
[    1.043737] Unknown kernel command line parameters "rhgb BOOT_IMAGE=(hd1,gpt2)/vmlinuz-5.17.0-ebd326ce724d-gebd326ce724d", will be passed to user space.
[    1.043771] Dentry cache hash table entries: 16777216 (order: 15, 134217728 bytes, linear)
[    1.043802] Inode-cache hash table entries: 8388608 (order: 14, 67108864 bytes, linear)
[    1.044011] mem auto-init: stack:off, heap alloc:off, heap free:off
[    1.938856] Memory: 260967024K/267635512K available (20493K kernel code, 60545K rwdata, 10660K rodata, 2576K init, 24660K bss, 6668284K reserved, 0K cma-reserved)
[    1.942483] SLUB: HWalign=64, Order=0-3, MinObjects=0, CPUs=16, Nodes=2
[    1.942497] kmemleak: Kernel memory leak detector disabled
[    1.942531] ftrace: allocating 62337 entries in 244 pages
[    1.950475] ftrace: allocated 244 pages with 5 groups
[    1.951408] Dynamic Preempt: none
[    1.951503] rcu: Preemptible hierarchical RCU implementation.
[    1.951515] rcu: 	RCU restricting CPUs from NR_CPUS=8192 to nr_cpu_ids=16.
[    1.951528] 	Trampoline variant of Tasks RCU enabled.
[    1.951540] 	Rude variant of Tasks RCU enabled.
[    1.951552] 	Tracing variant of Tasks RCU enabled.
[    1.951565] rcu: RCU calculated value of scheduler-enlistment delay is 100 jiffies.
[    1.951577] rcu: Adjusting geometry for rcu_fanout_leaf=16, nr_cpu_ids=16
[    1.966371] NR_IRQS: 524544, nr_irqs: 552, preallocated irqs: 16
[    1.967093] random: get_random_bytes called from start_kernel+0x4c6/0x69a with crng_init=0
[    1.967157] calling  con_init+0x0/0x22c @ 0
[    1.967187] Console: colour dummy device 80x25
[    1.970555] printk: console [tty0] enabled
[    1.970572] initcall con_init+0x0/0x22c returned 0 after 0 usecs
[    1.970592] calling  hvc_console_init+0x0/0x14 @ 0
[    1.970612] initcall hvc_console_init+0x0/0x14 returned 0 after 0 usecs
[    1.970633] calling  univ8250_console_init+0x0/0x27 @ 0
[    2.783571] printk: console [ttyS0] enabled
[    2.784589] initcall univ8250_console_init+0x0/0x27 returned 0 after 0 usecs
[    2.786273] calling  kgdboc_earlycon_late_init+0x0/0x1d @ 0
[    2.787616] initcall kgdboc_earlycon_late_init+0x0/0x1d returned 0 after 0 usecs
[    2.789416] ACPI: Core revision 20211217
[    2.818949] clocksource: hpet: mask: 0xffffffff max_cycles: 0xffffffff, max_idle_ns: 76450417870 ns
[    2.821113] APIC: Switch to symmetric I/O mode setup
[    2.822374] DMAR: Host address width 52
[    2.823373] DMAR: DRHD base: 0x0017ff40000000 flags: 0x0
[    2.824718] DMAR: dmar0: reg_base_addr 17ff40000000 ver 8:0 cap f9e8008cee730c06 ecap 7bbfef9ea4f0efdf
[    2.826986] DMAR: DRHD base: 0x0017ff80000000 flags: 0x0
[    2.828331] DMAR: dmar1: reg_base_addr 17ff80000000 ver 8:0 cap f9e8008cee730c06 ecap 7bbfef9ea4f0efdf
[    2.830599] DMAR: DRHD base: 0x0017ffc0000000 flags: 0x0
[    2.831944] DMAR: dmar2: reg_base_addr 17ffc0000000 ver 8:0 cap f9e8008cee730c06 ecap 7bbfef9ea4f0efdf
[    2.834212] DMAR: DRHD base: 0x001ffec0000000 flags: 0x0
[    2.835557] DMAR: dmar3: reg_base_addr 1ffec0000000 ver 8:0 cap f9e8008cee730c06 ecap 7bbfef9ea4f0efdf
[    2.837887] DMAR: DRHD base: 0x001fff00000000 flags: 0x0
[    2.839232] DMAR: dmar4: reg_base_addr 1fff00000000 ver 8:0 cap f9e8008cee730c06 ecap 7bbfef9ea4f0efdf
[    2.841501] DMAR: DRHD base: 0x001fff40000000 flags: 0x0
[    2.842857] DMAR: dmar5: reg_base_addr 1fff40000000 ver 8:0 cap f9e8008cee730c06 ecap 7bbfef9ea4f0efdf
[    2.845125] DMAR: DRHD base: 0x001fff80000000 flags: 0x0
[    2.846470] DMAR: dmar6: reg_base_addr 1fff80000000 ver 8:0 cap f9e8008cee730c06 ecap 7bbfef9ea4f0efdf
[    2.848739] DMAR: DRHD base: 0x0017ff00000000 flags: 0x0
[    2.850084] DMAR: dmar7: reg_base_addr 17ff00000000 ver 8:0 cap f9e8008cee730c06 ecap 7bbfef9ea4f0efdf
[    2.852414] DMAR: ATSR flags: 0x1
[    2.853231] DMAR: ATSR flags: 0x1
[    2.854109] DMAR: SATC flags: 0x0
[    2.854988] DMAR: SATC flags: 0x0
[    2.855868] DMAR-IR: IOAPIC id 8 under DRHD base  0x17ff00000000 IOMMU 7
[    2.857531] DMAR-IR: HPET id 0 under DRHD base 0x17ff00000000
[    2.858974] DMAR-IR: Queued invalidation will be enabled to support x2apic and Intr-remapping.
[    2.863139] DMAR-IR: Enabled IRQ remapping in x2apic mode
[    2.865210] ..TIMER: vector=0x30 apic1=0 pin1=2 apic2=-1 pin2=-1
[    2.871134] clocksource: tsc-early: mask: 0xffffffffffffffff max_cycles: 0x22983777dd9, max_idle_ns: 440795300422 ns
[    2.873673] Calibrating delay loop (skipped), value calculated using timer frequency.. 4800.00 BogoMIPS (lpj=2400000)
[    2.874714] pid_max: default: 32768 minimum: 301
MmEntryPoint ...
ClearRasRegister: Success to get RAS policy.
MmEntryPoint Done
[    2.905743] LSM: Security Framework initializing
[    2.906929] Mount-cache hash table entries: 262144 (order: 9, 2097152 bytes, linear)
[    2.907899] Mountpoint-cache hash table entries: 262144 (order: 9, 2097152 bytes, linear)
[    2.909081] x86/cpu: SGX disabled by BIOS.
[    2.909735] x86/tme: not enabled by BIOS
[    2.910714] CPU0: Thermal monitoring enabled (TM1)
[    2.911714] x86/cpu: User Mode Instruction Prevention (UMIP) activated
[    2.912719] process: using mwait in idle threads
[    2.913715] Last level iTLB entries: 4KB 0, 2MB 0, 4MB 0
[    2.914714] Last level dTLB entries: 4KB 0, 2MB 0, 4MB 0, 1GB 0
[    2.915717] Spectre V1 : Mitigation: usercopy/swapgs barriers and __user pointer sanitization
[    2.916720] Spectre V2 : Mitigation: Enhanced IBRS
[    2.917714] Spectre V2 : Spectre v2 / SpectreRSB mitigation: Filling RSB on context switch
[    2.918717] Spectre V2 : mitigation: Enabling conditional Indirect Branch Prediction Barrier
[    2.919720] Speculative Store Bypass: Mitigation: Speculative Store Bypass disabled via prctl
[    2.932663] Freeing SMP alternatives memory: 60K
[    2.932912] smpboot: CPU0: Intel(R) Core TM M7-6Y75 @ 2.00GHZ (family: 0x13, model: 0x0, stepping: 0x0)
[    2.934663] cblist_init_generic: Setting adjustable number of callback queues.
[    2.934714] cblist_init_generic: Setting shift to 4 and lim to 1.
[    2.935864] cblist_init_generic: Setting shift to 4 and lim to 1.
[    2.936865] cblist_init_generic: Setting shift to 4 and lim to 1.
[    2.937853] calling  init_hw_perf_events+0x0/0x61a @ 1
[    2.938714] Performance Events: XSAVE Architectural LBR,  AnyThread deprecated, generic architected perfmon, 32-deep LBR, full-width counters, Intel PMU driver.
[    2.939714] ... version:                6
[    2.940704] ... bit width:              48
[    2.941714] ... generic registers:      8
[    2.942704] ... value mask:             0000ffffffffffff
[    2.943714] ... max period:             00007fffffffffff
[    2.944735] ... fixed-purpose events:   4
[    2.945714] ... event mask:             0001000f000000ff
[    2.946791] initcall init_hw_perf_events+0x0/0x61a returned 0 after 7812 usecs
[    2.947714] calling  init_real_mode+0x0/0x1ee @ 1
[    2.948721] initcall init_real_mode+0x0/0x1ee returned 0 after 0 usecs
[    2.949714] calling  trace_init_perf_perm_irq_work_exit+0x0/0x13 @ 1
[    2.950714] initcall trace_init_perf_perm_irq_work_exit+0x0/0x13 returned 0 after 0 usecs
[    2.951714] calling  register_nmi_cpu_backtrace_handler+0x0/0x16 @ 1
[    2.952714] initcall register_nmi_cpu_backtrace_handler+0x0/0x16 returned 0 after 0 usecs
[    2.953714] calling  kvm_setup_vsyscall_timeinfo+0x0/0xe6 @ 1
[    2.954714] initcall kvm_setup_vsyscall_timeinfo+0x0/0xe6 returned 0 after 0 usecs
[    2.955714] calling  spawn_ksoftirqd+0x0/0x39 @ 1
[    2.956877] initcall spawn_ksoftirqd+0x0/0x39 returned 0 after 0 usecs
[    2.957714] calling  migration_init+0x0/0x32 @ 1
[    2.958714] initcall migration_init+0x0/0x32 returned 0 after 0 usecs
[    2.959714] calling  srcu_bootup_announce+0x0/0x30 @ 1
[    2.960714] rcu: Hierarchical SRCU implementation.
[    2.961714] initcall srcu_bootup_announce+0x0/0x30 returned 0 after 976 usecs
[    2.962714] calling  rcu_spawn_gp_kthread+0x0/0x188 @ 1
[    2.963851] initcall rcu_spawn_gp_kthread+0x0/0x188 returned 0 after 0 usecs
[    2.964714] calling  check_cpu_stall_init+0x0/0x1b @ 1
[    2.965714] initcall check_cpu_stall_init+0x0/0x1b returned 0 after 0 usecs
[    2.966714] calling  rcu_sysrq_init+0x0/0x22 @ 1
[    2.967714] initcall rcu_sysrq_init+0x0/0x22 returned 0 after 0 usecs
[    2.968714] calling  trace_init_flags_sys_enter+0x0/0xf @ 1
[    2.969714] initcall trace_init_flags_sys_enter+0x0/0xf returned 0 after 0 usecs
[    2.970714] calling  trace_init_flags_sys_exit+0x0/0xf @ 1
[    2.971714] initcall trace_init_flags_sys_exit+0x0/0xf returned 0 after 0 usecs
[    2.972714] calling  cpu_stop_init+0x0/0xa7 @ 1
[    2.973887] initcall cpu_stop_init+0x0/0xa7 returned 0 after 0 usecs
[    2.974746] calling  init_kprobes+0x0/0x183 @ 1
[    2.976100] initcall init_kprobes+0x0/0x183 returned 0 after 0 usecs
[    2.976714] calling  init_events+0x0/0x40 @ 1
[    2.977737] initcall init_events+0x0/0x40 returned 0 after 0 usecs
[    2.978714] calling  init_trace_printk+0x0/0xc @ 1
[    2.979714] initcall init_trace_printk+0x0/0xc returned 0 after 0 usecs
[    2.980714] calling  event_trace_enable_again+0x0/0x3e @ 1
[    2.981714] initcall event_trace_enable_again+0x0/0x3e returned 0 after 0 usecs
[    2.982714] calling  irq_work_init_threads+0x0/0x3 @ 1
[    2.983714] initcall irq_work_init_threads+0x0/0x3 returned 0 after 0 usecs
[    2.984714] calling  static_call_init+0x0/0x7f @ 1
[    2.985714] initcall static_call_init+0x0/0x7f returned 0 after 0 usecs
[    2.986714] calling  init_zero_pfn+0x0/0x38 @ 1
[    2.987714] initcall init_zero_pfn+0x0/0x38 returned 0 after 0 usecs
[    2.988714] calling  init_fs_inode_sysctls+0x0/0x22 @ 1
[    2.989716] initcall init_fs_inode_sysctls+0x0/0x22 returned 0 after 0 usecs
[    2.990714] calling  init_fs_locks_sysctls+0x0/0x22 @ 1
[    2.991715] initcall init_fs_locks_sysctls+0x0/0x22 returned 0 after 0 usecs
[    2.992714] calling  dynamic_debug_init+0x0/0x159 @ 1
[    2.994023] initcall dynamic_debug_init+0x0/0x159 returned 0 after 0 usecs
[    2.994714] calling  initialize_ptr_random+0x0/0x45 @ 1
[    2.995714] initcall initialize_ptr_random+0x0/0x45 returned 0 after 0 usecs
[    2.996714] calling  mce_amd_init+0x0/0x1f3 @ 1
[    2.997714] initcall mce_amd_init+0x0/0x1f3 returned -19 after 0 usecs
[    2.998714] calling  efi_memreserve_root_init+0x0/0x26 @ 1
[    2.999714] initcall efi_memreserve_root_init+0x0/0x26 returned 0 after 0 usecs
[    3.000714] calling  efi_earlycon_remap_fb+0x0/0x4e @ 1
[    3.001714] initcall efi_earlycon_remap_fb+0x0/0x4e returned 0 after 0 usecs
[    3.002714] calling  idle_inject_init+0x0/0x11 @ 1
[    3.003904] initcall idle_inject_init+0x0/0x11 returned 0 after 0 usecs
[    3.005726] smp: Bringing up secondary CPUs ...
[    3.007560] x86: Booting SMP configuration:
[    3.007746] .... node  #0, CPUs:        #1  #2  #3  #4
[    0.871612] smpboot: CPU 4 Converting physical 32 to logical die 2
[    3.067904]   #5  #6
[    0.871612] smpboot: CPU 6 Converting physical 33 to logical die 3
[    3.100928]   #7  #8
[    0.871612] smpboot: CPU 8 Converting physical 64 to logical die 4
[    3.133930]   #9 #10
[    0.871612] smpboot: CPU 10 Converting physical 65 to logical die 5
[    3.167428]  #11 #12
[    0.871612] smpboot: CPU 12 Converting physical 96 to logical die 6
[    3.200517]  #13 #14
[    0.871612] smpboot: CPU 14 Converting physical 97 to logical die 7
[    3.233590]  #15
[    3.244433] smp: Brought up 1 node, 16 CPUs
[    3.245714] smpboot: Max logical packages: 1
[    3.246715] smpboot: Total of 16 processors activated (76800.00 BogoMIPS)
[    3.248253] BUG: arch topology borken
[    3.248735]      the CLS domain not a subset of the MC domain
[    3.249718] BUG: arch topology borken
[    3.250615]      the CLS domain not a subset of the MC domain
[    3.250718] BUG: arch topology borken
[    3.251615]      the CLS domain not a subset of the MC domain
[    3.251750] BUG: arch topology borken
[    3.252646]      the CLS domain not a subset of the MC domain
[    3.252719] BUG: arch topology borken
[    3.253615]      the CLS domain not a subset of the MC domain
[    3.253719] BUG: arch topology borken
[    3.254615]      the CLS domain not a subset of the MC domain
[    3.254718] BUG: arch topology borken
[    3.255615]      the CLS domain not a subset of the MC domain
[    3.255719] BUG: arch topology borken
[    3.256615]      the CLS domain not a subset of the MC domain
[    3.256719] BUG: arch topology borken
[    3.257615]      the CLS domain not a subset of the MC domain
[    3.257719] BUG: arch topology borken
[    3.258615]      the CLS domain not a subset of the MC domain
[    3.258719] BUG: arch topology borken
[    3.259615]      the CLS domain not a subset of the MC domain
[    3.259719] BUG: arch topology borken
[    3.260615]      the CLS domain not a subset of the MC domain
[    3.260719] BUG: arch topology borken
[    3.261615]      the CLS domain not a subset of the MC domain
[    3.261719] BUG: arch topology borken
[    3.262615]      the CLS domain not a subset of the MC domain
[    3.262719] BUG: arch topology borken
[    3.263615]      the CLS domain not a subset of the MC domain
[    3.263719] BUG: arch topology borken
[    3.264615]      the CLS domain not a subset of the MC domain
[    3.276836] devtmpfs: initialized
[    3.277807] x86/mm: Memory block size: 2048MB
[    3.283015] calling  bpf_jit_charge_init+0x0/0x3c @ 1
[    3.283714] initcall bpf_jit_charge_init+0x0/0x3c returned 0 after 0 usecs
[    3.284714] calling  ipc_ns_init+0x0/0x3f @ 1
[    3.285716] initcall ipc_ns_init+0x0/0x3f returned 0 after 0 usecs
[    3.286714] calling  init_mmap_min_addr+0x0/0x27 @ 1
[    3.287714] initcall init_mmap_min_addr+0x0/0x27 returned 0 after 0 usecs
[    3.288714] calling  pci_realloc_setup_params+0x0/0x41 @ 1
[    3.289714] initcall pci_realloc_setup_params+0x0/0x41 returned 0 after 0 usecs
[    3.290714] calling  net_ns_init+0x0/0x111 @ 1
[    3.291742] initcall net_ns_init+0x0/0x111 returned 0 after 0 usecs
[    3.292745] calling  inet_frag_wq_init+0x0/0x3d @ 1
[    3.293786] initcall inet_frag_wq_init+0x0/0x3d returned 0 after 0 usecs
[    3.295222] calling  e820__register_nvs_regions+0x0/0x38 @ 1
[    3.295715] ACPI: PM: Registering ACPI NVS region [mem 0xcd6bf000-0xcd6bffff] (4096 bytes)
[    3.296715] ACPI: PM: Registering ACPI NVS region [mem 0xce51f000-0xcf11ffff] (12587008 bytes)
[    3.298583] ACPI: PM: Registering ACPI NVS region [mem 0xcf733000-0xcf733fff] (4096 bytes)
[    3.298715] ACPI: PM: Registering ACPI NVS region [mem 0xd6ccf000-0xd76fefff] (10682368 bytes)
[    3.300469] initcall e820__register_nvs_regions+0x0/0x38 returned 0 after 3906 usecs
[    3.300714] calling  cpufreq_register_tsc_scaling+0x0/0x2a @ 1
[    3.301714] initcall cpufreq_register_tsc_scaling+0x0/0x2a returned 0 after 0 usecs
[    3.302714] calling  reboot_init+0x0/0x3d @ 1
[    3.303720] initcall reboot_init+0x0/0x3d returned 0 after 0 usecs
[    3.304714] calling  init_lapic_sysfs+0x0/0x21 @ 1
[    3.305714] initcall init_lapic_sysfs+0x0/0x21 returned 0 after 0 usecs
[    3.306714] calling  alloc_frozen_cpus+0x0/0x1e @ 1
[    3.307714] initcall alloc_frozen_cpus+0x0/0x1e returned 0 after 0 usecs
[    3.308714] calling  cpu_hotplug_pm_sync_init+0x0/0x14 @ 1
[    3.309714] initcall cpu_hotplug_pm_sync_init+0x0/0x14 returned 0 after 0 usecs
[    3.310714] calling  wq_sysfs_init+0x0/0x2b @ 1
[    3.311744] initcall wq_sysfs_init+0x0/0x2b returned 0 after 0 usecs
[    3.312714] calling  ksysfs_init+0x0/0x93 @ 1
[    3.313723] initcall ksysfs_init+0x0/0x93 returned 0 after 0 usecs
[    3.314714] calling  schedutil_gov_init+0x0/0x11 @ 1
[    3.315714] initcall schedutil_gov_init+0x0/0x11 returned 0 after 0 usecs
[    3.316714] calling  pm_init+0x0/0x73 @ 1
[    3.317750] initcall pm_init+0x0/0x73 returned 0 after 976 usecs
[    3.318714] calling  pm_disk_init+0x0/0x18 @ 1
[    3.319718] initcall pm_disk_init+0x0/0x18 returned 0 after 0 usecs
[    3.320714] calling  swsusp_header_init+0x0/0x2c @ 1
[    3.321715] initcall swsusp_header_init+0x0/0x2c returned 0 after 0 usecs
[    3.322714] calling  rcu_set_runtime_mode+0x0/0x17 @ 1
[    3.323716] initcall rcu_set_runtime_mode+0x0/0x17 returned 0 after 0 usecs
[    3.324714] calling  init_jiffies_clocksource+0x0/0x18 @ 1
[    3.325714] clocksource: jiffies: mask: 0xffffffff max_cycles: 0xffffffff, max_idle_ns: 1911260446275000 ns
[    3.326715] initcall init_jiffies_clocksource+0x0/0x18 returned 0 after 976 usecs
[    3.327714] calling  futex_init+0x0/0xfe @ 1
[    3.328716] futex hash table entries: 4096 (order: 6, 262144 bytes, linear)
[    3.329761] initcall futex_init+0x0/0xfe returned 0 after 976 usecs
[    3.330714] calling  cgroup_wq_init+0x0/0x29 @ 1
[    3.331719] initcall cgroup_wq_init+0x0/0x29 returned 0 after 0 usecs
[    3.332714] calling  cgroup1_wq_init+0x0/0x29 @ 1
[    3.333719] initcall cgroup1_wq_init+0x0/0x29 returned 0 after 0 usecs
[    3.334714] calling  ftrace_mod_cmd_init+0x0/0xc @ 1
[    3.335714] initcall ftrace_mod_cmd_init+0x0/0xc returned 0 after 0 usecs
[    3.336714] calling  init_wakeup_tracer+0x0/0x2d @ 1
[    3.337715] initcall init_wakeup_tracer+0x0/0x2d returned 0 after 0 usecs
[    3.338714] calling  init_graph_trace+0x0/0x5d @ 1
[    3.339746] initcall init_graph_trace+0x0/0x5d returned 0 after 0 usecs
[    3.340714] calling  trace_events_eprobe_init_early+0x0/0x23 @ 1
[    3.341714] initcall trace_events_eprobe_init_early+0x0/0x23 returned 0 after 0 usecs
[    3.342714] calling  trace_events_synth_init_early+0x0/0x23 @ 1
[    3.343714] initcall trace_events_synth_init_early+0x0/0x23 returned 0 after 0 usecs
[    3.344714] calling  init_kprobe_trace_early+0x0/0x26 @ 1
[    3.345714] initcall init_kprobe_trace_early+0x0/0x26 returned 0 after 0 usecs
[    3.346714] calling  mem_cgroup_swap_init+0x0/0x56 @ 1
[    3.347716] initcall mem_cgroup_swap_init+0x0/0x56 returned 0 after 0 usecs
[    3.348714] calling  memory_failure_init+0x0/0xc1 @ 1
[    3.349715] initcall memory_failure_init+0x0/0xc1 returned 0 after 0 usecs
[    3.350714] calling  cma_init_reserved_areas+0x0/0x1e6 @ 1
[    3.351714] initcall cma_init_reserved_areas+0x0/0x1e6 returned 0 after 0 usecs
[    3.352714] calling  fsnotify_init+0x0/0x49 @ 1
[    3.353720] initcall fsnotify_init+0x0/0x49 returned 0 after 0 usecs
[    3.354714] calling  filelock_init+0x0/0xb8 @ 1
[    3.355733] initcall filelock_init+0x0/0xb8 returned 0 after 0 usecs
[    3.356714] calling  init_script_binfmt+0x0/0x16 @ 1
[    3.357714] initcall init_script_binfmt+0x0/0x16 returned 0 after 0 usecs
[    3.358714] calling  init_elf_binfmt+0x0/0x16 @ 1
[    3.359714] initcall init_elf_binfmt+0x0/0x16 returned 0 after 0 usecs
[    3.360714] calling  init_compat_elf_binfmt+0x0/0x16 @ 1
[    3.361714] initcall init_compat_elf_binfmt+0x0/0x16 returned 0 after 0 usecs
[    3.362714] calling  configfs_init+0x0/0x94 @ 1
[    3.363716] initcall configfs_init+0x0/0x94 returned 0 after 0 usecs
[    3.364714] calling  debugfs_init+0x0/0x5d @ 1
[    3.365715] initcall debugfs_init+0x0/0x5d returned 0 after 0 usecs
[    3.366714] calling  tracefs_init+0x0/0x3b @ 1
[    3.367726] initcall tracefs_init+0x0/0x3b returned 0 after 0 usecs
[    3.368714] calling  securityfs_init+0x0/0x69 @ 1
[    3.369726] initcall securityfs_init+0x0/0x69 returned 0 after 0 usecs
[    3.370714] calling  register_xor_blocks+0x0/0x9d @ 1
[    3.371714] initcall register_xor_blocks+0x0/0x9d returned 0 after 0 usecs
[    3.372714] calling  prandom_init_early+0x0/0x155 @ 1
[    3.373715] initcall prandom_init_early+0x0/0x155 returned 0 after 0 usecs
[    3.374714] calling  pinctrl_init+0x0/0xae @ 1
[    3.375714] pinctrl core: initialized pinctrl subsystem
[    3.376748] initcall pinctrl_init+0x0/0xae returned 0 after 976 usecs
[    3.377714] calling  gpiolib_dev_init+0x0/0xfd @ 1
[    3.378726] initcall gpiolib_dev_init+0x0/0xfd returned 0 after 0 usecs
[    3.379714] calling  virtio_init+0x0/0x20 @ 1
[    3.380721] initcall virtio_init+0x0/0x20 returned 0 after 0 usecs
[    3.381714] calling  iommu_init+0x0/0x30 @ 1
[    3.382717] 
[    3.383110] *************************************************************
[    3.383714] **     NOTICE NOTICE NOTICE NOTICE NOTICE NOTICE NOTICE    **
[    3.384714] **                                                         **
[    3.385714] **  IOMMU DebugFS SUPPORT HAS BEEN ENABLED IN THIS KERNEL  **
[    3.386714] **                                                         **
[    3.387714] ** This means that this kernel is built to expose internal **
[    3.388714] ** IOMMU data structures, which may compromise security on **
[    3.389714] ** your system.                                            **
[    3.390714] **                                                         **
[    3.391714] ** If you see this message and you are not debugging the   **
[    3.392714] ** kernel, report this immediately to your vendor!         **
[    3.393714] **                                                         **
[    3.394714] **     NOTICE NOTICE NOTICE NOTICE NOTICE NOTICE NOTICE    **
[    3.395714] *************************************************************
[    3.396714] initcall iommu_init+0x0/0x30 returned 0 after 13671 usecs
[    3.397714] calling  component_debug_init+0x0/0x1d @ 1
[    3.398716] initcall component_debug_init+0x0/0x1d returned 0 after 0 usecs
[    3.399714] calling  opp_debug_init+0x0/0x1d @ 1
[    3.400716] initcall opp_debug_init+0x0/0x1d returned 0 after 0 usecs
[    3.401714] calling  cpufreq_core_init+0x0/0x63 @ 1
[    3.402747] initcall cpufreq_core_init+0x0/0x63 returned 0 after 0 usecs
[    3.403714] calling  cpufreq_gov_performance_init+0x0/0x11 @ 1
[    3.404714] initcall cpufreq_gov_performance_init+0x0/0x11 returned 0 after 0 usecs
[    3.405714] calling  cpufreq_gov_powersave_init+0x0/0x11 @ 1
[    3.406714] initcall cpufreq_gov_powersave_init+0x0/0x11 returned 0 after 0 usecs
[    3.407714] calling  cpufreq_gov_userspace_init+0x0/0x11 @ 1
[    3.408714] initcall cpufreq_gov_userspace_init+0x0/0x11 returned 0 after 0 usecs
[    3.409714] calling  CPU_FREQ_GOV_ONDEMAND_init+0x0/0x11 @ 1
[    3.410714] initcall CPU_FREQ_GOV_ONDEMAND_init+0x0/0x11 returned 0 after 0 usecs
[    3.411714] calling  CPU_FREQ_GOV_CONSERVATIVE_init+0x0/0x11 @ 1
[    3.412715] initcall CPU_FREQ_GOV_CONSERVATIVE_init+0x0/0x11 returned 0 after 0 usecs
[    3.413714] calling  cpuidle_init+0x0/0x20 @ 1
[    3.414718] initcall cpuidle_init+0x0/0x20 returned 0 after 0 usecs
[    3.415714] calling  capsule_reboot_register+0x0/0x11 @ 1
[    3.416714] initcall capsule_reboot_register+0x0/0x11 returned 0 after 0 usecs
[    3.417714] calling  sock_init+0x0/0x94 @ 1
[    3.419432] initcall sock_init+0x0/0x94 returned 0 after 0 usecs
[    3.419714] calling  net_inuse_init+0x0/0x24 @ 1
[    3.420716] initcall net_inuse_init+0x0/0x24 returned 0 after 0 usecs
[    3.421714] calling  net_defaults_init+0x0/0x24 @ 1
[    3.422714] initcall net_defaults_init+0x0/0x24 returned 0 after 0 usecs
[    3.423714] calling  init_default_flow_dissectors+0x0/0x50 @ 1
[    3.424715] initcall init_default_flow_dissectors+0x0/0x50 returned 0 after 0 usecs
[    3.425714] calling  netpoll_init+0x0/0x46 @ 1
[    3.426714] initcall netpoll_init+0x0/0x46 returned 0 after 0 usecs
[    3.427714] calling  netlink_proto_init+0x0/0x17f @ 1
[    3.428740] NET: Registered PF_NETLINK/PF_ROUTE protocol family
[    3.429720] initcall netlink_proto_init+0x0/0x17f returned 0 after 976 usecs
[    3.430714] calling  genl_init+0x0/0x36 @ 1
[    3.431716] initcall genl_init+0x0/0x36 returned 0 after 0 usecs
[    3.432714] calling  bsp_pm_check_init+0x0/0x14 @ 1
[    3.433714] initcall bsp_pm_check_init+0x0/0x14 returned 0 after 0 usecs
[    3.435191] calling  irq_sysfs_init+0x0/0x94 @ 1
[    3.435937] initcall irq_sysfs_init+0x0/0x94 returned 0 after 0 usecs
[    3.436714] calling  audit_init+0x0/0x1c6 @ 1
[    3.437715] audit: initializing netlink subsys (disabled)
[    3.438738] initcall audit_init+0x0/0x1c6 returned 0 after 976 usecs
[    3.438738] audit: type=2000 audit(1622937246.601:1): state=initialized audit_enabled=0 res=1
[    3.439745] calling  release_early_probes+0x0/0x38 @ 1
[    3.441714] initcall release_early_probes+0x0/0x38 returned 0 after 0 usecs
[    3.442714] calling  bdi_class_init+0x0/0x49 @ 1
[    3.443718] initcall bdi_class_init+0x0/0x49 returned 0 after 0 usecs
[    3.444714] calling  mm_sysfs_init+0x0/0x29 @ 1
[    3.445715] initcall mm_sysfs_init+0x0/0x29 returned 0 after 0 usecs
[    3.446714] calling  init_per_zone_wmark_min+0x0/0x26 @ 1
[    3.447720] initcall init_per_zone_wmark_min+0x0/0x26 returned 0 after 0 usecs
[    3.448714] calling  mpi_init+0x0/0x50 @ 1
[    3.449715] initcall mpi_init+0x0/0x50 returned 0 after 0 usecs
[    3.450714] calling  kobject_uevent_init+0x0/0xc @ 1
[    3.451716] initcall kobject_uevent_init+0x0/0xc returned 0 after 0 usecs
[    3.452714] calling  gpiolib_sysfs_init+0x0/0xa0 @ 1
[    3.453718] initcall gpiolib_sysfs_init+0x0/0xa0 returned 0 after 0 usecs
[    3.454714] calling  acpi_gpio_setup_params+0x0/0x68 @ 1
[    3.455715] initcall acpi_gpio_setup_params+0x0/0x68 returned 0 after 0 usecs
[    3.456714] calling  pcibus_class_init+0x0/0x18 @ 1
[    3.457717] initcall pcibus_class_init+0x0/0x18 returned 0 after 0 usecs
[    3.458714] calling  pci_driver_init+0x0/0x22 @ 1
[    3.459740] initcall pci_driver_init+0x0/0x22 returned 0 after 0 usecs
[    3.460714] calling  backlight_class_init+0x0/0xa6 @ 1
[    3.461717] initcall backlight_class_init+0x0/0xa6 returned 0 after 0 usecs
[    3.462714] calling  tty_class_init+0x0/0x34 @ 1
[    3.463717] initcall tty_class_init+0x0/0x34 returned 0 after 0 usecs
[    3.464714] calling  vtconsole_class_init+0x0/0xd8 @ 1
[    3.465776] initcall vtconsole_class_init+0x0/0xd8 returned 0 after 0 usecs
[    3.466714] calling  iommu_dev_init+0x0/0x18 @ 1
[    3.467717] initcall iommu_dev_init+0x0/0x18 returned 0 after 0 usecs
[    3.468714] calling  mipi_dsi_bus_init+0x0/0x11 @ 1
[    3.469721] initcall mipi_dsi_bus_init+0x0/0x11 returned 0 after 0 usecs
[    3.470714] calling  devlink_class_init+0x0/0x41 @ 1
[    3.471717] initcall devlink_class_init+0x0/0x41 returned 0 after 0 usecs
[    3.472714] calling  software_node_init+0x0/0x2b @ 1
[    3.473715] initcall software_node_init+0x0/0x2b returned 0 after 0 usecs
[    3.474714] calling  wakeup_sources_debugfs_init+0x0/0x24 @ 1
[    3.475716] initcall wakeup_sources_debugfs_init+0x0/0x24 returned 0 after 0 usecs
[    3.476714] calling  wakeup_sources_sysfs_init+0x0/0x30 @ 1
[    3.477717] initcall wakeup_sources_sysfs_init+0x0/0x30 returned 0 after 0 usecs
[    3.478714] calling  register_node_type+0x0/0x2f @ 1
[    3.479746] initcall register_node_type+0x0/0x2f returned 0 after 0 usecs
[    3.480714] calling  regmap_initcall+0x0/0xd @ 1
[    3.481716] initcall regmap_initcall+0x0/0xd returned 0 after 0 usecs
[    3.482714] calling  syscon_init+0x0/0x13 @ 1
[    3.483719] initcall syscon_init+0x0/0x13 returned 0 after 0 usecs
[    3.484714] calling  spi_init+0x0/0x99 @ 1
[    3.485724] initcall spi_init+0x0/0x99 returned 0 after 0 usecs
[    3.486714] calling  i2c_init+0x0/0xbf @ 1
[    3.487727] initcall i2c_init+0x0/0xbf returned 0 after 0 usecs
[    3.488714] calling  thermal_init+0x0/0x136 @ 1
[    3.489721] thermal_sys: Registered thermal governor 'step_wise'
[    3.489732] thermal_sys: Registered thermal governor 'user_space'
[    3.490717] initcall thermal_init+0x0/0x136 returned 0 after 976 usecs
[    3.492714] calling  init_ladder+0x0/0x24 @ 1
[    3.493750] cpuidle: using governor ladder
[    3.494714] initcall init_ladder+0x0/0x24 returned 0 after 976 usecs
[    3.495714] calling  init_menu+0x0/0x11 @ 1
[    3.496829] cpuidle: using governor menu
[    3.497745] initcall init_menu+0x0/0x11 returned 0 after 976 usecs
[    3.498714] calling  init_haltpoll+0x0/0x1d @ 1
[    3.499714] initcall init_haltpoll+0x0/0x1d returned 0 after 0 usecs
[    3.500714] calling  pcc_init+0x0/0x8d @ 1
[    3.501715] initcall pcc_init+0x0/0x8d returned -19 after 0 usecs
[    3.502714] calling  amd_postcore_init+0x0/0x11a @ 1
[    3.503714] initcall amd_postcore_init+0x0/0x11a returned 0 after 0 usecs
[    3.505191] calling  bts_init+0x0/0xbb @ 1
[    3.505716] initcall bts_init+0x0/0xbb returned 0 after 0 usecs
[    3.506714] calling  pt_init+0x0/0x33c @ 1
[    3.508767] initcall pt_init+0x0/0x33c returned 0 after 976 usecs
[    3.509745] calling  boot_params_ksysfs_init+0x0/0x2cb @ 1
[    3.510717] initcall boot_params_ksysfs_init+0x0/0x2cb returned 0 after 0 usecs
[    3.511714] calling  sbf_init+0x0/0xce @ 1
[    3.512714] initcall sbf_init+0x0/0xce returned 0 after 0 usecs
[    3.513714] calling  arch_kdebugfs_init+0x0/0x1d @ 1
[    3.514716] initcall arch_kdebugfs_init+0x0/0x1d returned 0 after 0 usecs
[    3.515714] calling  xfd_update_static_branch+0x0/0x59 @ 1
[    3.516714] initcall xfd_update_static_branch+0x0/0x59 returned 0 after 0 usecs
[    3.517714] calling  intel_pconfig_init+0x0/0x82 @ 1
[    3.518714] initcall intel_pconfig_init+0x0/0x82 returned 0 after 0 usecs
[    3.519714] calling  mtrr_if_init+0x0/0x5e @ 1
[    3.520715] initcall mtrr_if_init+0x0/0x5e returned 0 after 0 usecs
[    3.521714] calling  activate_jump_labels+0x0/0x32 @ 1
[    3.522714] initcall activate_jump_labels+0x0/0x32 returned 0 after 0 usecs
[    3.523714] calling  init_s4_sigcheck+0x0/0x24 @ 1
[    3.524714] initcall init_s4_sigcheck+0x0/0x24 returned 0 after 0 usecs
[    3.525714] calling  ffh_cstate_init+0x0/0x31 @ 1
[    3.526716] initcall ffh_cstate_init+0x0/0x31 returned 0 after 0 usecs
[    3.527714] calling  kvm_alloc_cpumask+0x0/0x98 @ 1
[    3.528746] initcall kvm_alloc_cpumask+0x0/0x98 returned 0 after 0 usecs
[    3.529714] calling  activate_jump_labels+0x0/0x32 @ 1
[    3.530714] initcall activate_jump_labels+0x0/0x32 returned 0 after 0 usecs
[    3.531714] calling  gigantic_pages_init+0x0/0x20 @ 1
[    3.532718] initcall gigantic_pages_init+0x0/0x20 returned 0 after 0 usecs
[    3.533714] calling  kcmp_cookies_init+0x0/0x38 @ 1
[    3.534717] initcall kcmp_cookies_init+0x0/0x38 returned 0 after 0 usecs
[    3.535714] calling  cryptomgr_init+0x0/0x11 @ 1
[    3.536714] initcall cryptomgr_init+0x0/0x11 returned 0 after 0 usecs
[    3.537714] calling  acpi_pci_init+0x0/0x4f @ 1
[    3.538714] acpiphp: ACPI Hot Plug PCI Controller Driver version: 0.5
[    3.539714] initcall acpi_pci_init+0x0/0x4f returned 0 after 976 usecs
[    3.540714] calling  dma_channel_table_init+0x0/0xca @ 1
[    3.541730] initcall dma_channel_table_init+0x0/0xca returned 0 after 0 usecs
[    3.542714] calling  dma_bus_init+0x0/0x10d @ 1
[    3.543765] initcall dma_bus_init+0x0/0x10d returned 0 after 0 usecs
[    3.544714] calling  iommu_dma_init+0x0/0x10 @ 1
[    3.545715] initcall iommu_dma_init+0x0/0x10 returned 0 after 0 usecs
[    3.546714] calling  dmi_id_init+0x0/0x37d @ 1
[    3.547776] initcall dmi_id_init+0x0/0x37d returned 0 after 0 usecs
[    3.548714] calling  pci_arch_init+0x0/0x72 @ 1
[    3.549867] PCI: MMCONFIG for domain 0000 [bus 00-ff] at [mem 0x100000000000-0x10000fffffff] (base 0x100000000000)
[    3.550715] PCI: MMCONFIG for domain 0001 [bus 00-ff] at [mem 0x100010000000-0x10001fffffff] (base 0x100010000000)
[    3.551715] PCI: MMCONFIG at [mem 0x100000000000-0x10000fffffff] reserved in E820
[    3.552746] PCI: MMCONFIG at [mem 0x100010000000-0x10001fffffff] reserved in E820
[    3.553783] PCI: Using configuration type 1 for base access
[    3.554720] initcall pci_arch_init+0x0/0x72 returned 0 after 4882 usecs
[    3.555714] calling  of_platform_default_populate_init+0x0/0xb7 @ 1
[    3.556714] initcall of_platform_default_populate_init+0x0/0xb7 returned -19 after 0 usecs
[    3.558191] calling  init_vdso+0x0/0x14 @ 1
[    3.558726] initcall init_vdso+0x0/0x14 returned 0 after 0 usecs
[    3.559714] calling  sysenter_setup+0x0/0x14 @ 1
[    3.560731] initcall sysenter_setup+0x0/0x14 returned 0 after 0 usecs
[    3.561714] calling  fixup_ht_bug+0x0/0xa8 @ 1
[    3.562714] initcall fixup_ht_bug+0x0/0xa8 returned 0 after 0 usecs
[    3.563714] calling  topology_init+0x0/0xd2 @ 1
[    3.566541] initcall topology_init+0x0/0xd2 returned 0 after 976 usecs
[    3.566746] calling  intel_epb_init+0x0/0x84 @ 1
[    3.567740] ENERGY_PERF_BIAS: Set to 'normal', was 'performance'
[    3.569777] initcall intel_epb_init+0x0/0x84 returned 0 after 1953 usecs
[    3.570745] calling  mtrr_init_finialize+0x0/0x3f @ 1
[    3.571714] initcall mtrr_init_finialize+0x0/0x3f returned 0 after 0 usecs
[    3.572714] calling  uid_cache_init+0x0/0xbb @ 1
[    3.573717] initcall uid_cache_init+0x0/0xbb returned 0 after 0 usecs
[    3.574714] calling  param_sysfs_init+0x0/0x1b2 @ 1
[    3.581476] initcall param_sysfs_init+0x0/0x1b2 returned 0 after 4882 usecs
[    3.581714] calling  user_namespace_sysctl_init+0x0/0xcf @ 1
[    3.582724] initcall user_namespace_sysctl_init+0x0/0xcf returned 0 after 0 usecs
[    3.583714] calling  proc_schedstat_init+0x0/0x25 @ 1
[    3.584715] initcall proc_schedstat_init+0x0/0x25 returned 0 after 0 usecs
[    3.585714] calling  pm_sysrq_init+0x0/0x19 @ 1
[    3.586854] initcall pm_sysrq_init+0x0/0x19 returned 0 after 0 usecs
[    3.587745] calling  create_proc_profile+0x0/0xd0 @ 1
[    3.588714] initcall create_proc_profile+0x0/0xd0 returned 0 after 0 usecs
[    3.589714] calling  crash_save_vmcoreinfo_init+0x0/0x675 @ 1
[    3.590772] initcall crash_save_vmcoreinfo_init+0x0/0x675 returned 0 after 0 usecs
[    3.591746] calling  crash_notes_memory_init+0x0/0x36 @ 1
[    3.592715] initcall crash_notes_memory_init+0x0/0x36 returned 0 after 0 usecs
[    3.593714] calling  cgroup_sysfs_init+0x0/0x18 @ 1
[    3.594716] initcall cgroup_sysfs_init+0x0/0x18 returned 0 after 0 usecs
[    3.595714] calling  cgroup_namespaces_init+0x0/0x8 @ 1
[    3.596742] initcall cgroup_namespaces_init+0x0/0x8 returned 0 after 0 usecs
[    3.597714] calling  user_namespaces_init+0x0/0x2d @ 1
[    3.598717] initcall user_namespaces_init+0x0/0x2d returned 0 after 0 usecs
[    3.599714] calling  init_optprobes+0x0/0x15 @ 1
[    3.600715] kprobes: kprobe jump-optimization is enabled. All kprobes are optimized if possible.
[    3.601714] initcall init_optprobes+0x0/0x15 returned 0 after 976 usecs
[    3.602714] calling  send_signal_irq_work_init+0x0/0x60 @ 1
[    3.603715] initcall send_signal_irq_work_init+0x0/0x60 returned 0 after 0 usecs
[    3.604714] calling  dev_map_init+0x0/0x52 @ 1
[    3.605715] initcall dev_map_init+0x0/0x52 returned 0 after 0 usecs
[    3.606714] calling  cpu_map_init+0x0/0x46 @ 1
[    3.607715] initcall cpu_map_init+0x0/0x46 returned 0 after 0 usecs
[    3.608714] calling  netns_bpf_init+0x0/0x11 @ 1
[    3.609714] initcall netns_bpf_init+0x0/0x11 returned 0 after 0 usecs
[    3.610714] calling  oom_init+0x0/0x30 @ 1
[    3.611736] initcall oom_init+0x0/0x30 returned 0 after 0 usecs
[    3.612756] calling  default_bdi_init+0x0/0xa8 @ 1
[    3.613766] initcall default_bdi_init+0x0/0xa8 returned 0 after 0 usecs
[    3.614745] calling  cgwb_init+0x0/0x29 @ 1
[    3.615719] initcall cgwb_init+0x0/0x29 returned 0 after 0 usecs
[    3.616714] calling  percpu_enable_async+0x0/0xf @ 1
[    3.617714] initcall percpu_enable_async+0x0/0xf returned 0 after 0 usecs
[    3.618714] calling  kcompactd_init+0x0/0x92 @ 1
[    3.619737] initcall kcompactd_init+0x0/0x92 returned 0 after 0 usecs
[    3.620745] calling  init_user_reserve+0x0/0x40 @ 1
[    3.621714] initcall init_user_reserve+0x0/0x40 returned 0 after 0 usecs
[    3.622714] calling  init_admin_reserve+0x0/0x40 @ 1
[    3.623714] initcall init_admin_reserve+0x0/0x40 returned 0 after 0 usecs
[    3.624714] calling  init_reserve_notifier+0x0/0x1f @ 1
[    3.625714] initcall init_reserve_notifier+0x0/0x1f returned 0 after 0 usecs
[    3.626714] calling  swap_init_sysfs+0x0/0x63 @ 1
[    3.627716] initcall swap_init_sysfs+0x0/0x63 returned 0 after 0 usecs
[    3.628714] calling  swapfile_init+0x0/0x90 @ 1
[    3.629715] initcall swapfile_init+0x0/0x90 returned 0 after 0 usecs
[    3.630714] calling  hugetlb_init+0x0/0x4da @ 1
[    3.631719] HugeTLB registered 1.00 GiB page size, pre-allocated 0 pages
[    3.632715] HugeTLB registered 2.00 MiB page size, pre-allocated 0 pages
[    3.633763] initcall hugetlb_init+0x0/0x4da returned 0 after 1953 usecs
[    3.634714] calling  ksm_init+0x0/0x197 @ 1
[    3.635741] initcall ksm_init+0x0/0x197 returned 0 after 0 usecs
[    3.636745] calling  numa_init_sysfs+0x0/0x63 @ 1
[    3.637716] initcall numa_init_sysfs+0x0/0x63 returned 0 after 0 usecs
[    3.638714] calling  hugepage_init+0x0/0x137 @ 1
[    3.639787] initcall hugepage_init+0x0/0x137 returned 0 after 0 usecs
[    3.640745] calling  mem_cgroup_init+0x0/0x157 @ 1
[    3.641715] initcall mem_cgroup_init+0x0/0x157 returned 0 after 0 usecs
[    3.642714] calling  io_wq_init+0x0/0x39 @ 1
[    3.643715] initcall io_wq_init+0x0/0x39 returned 0 after 0 usecs
[    3.644714] calling  seqiv_module_init+0x0/0x11 @ 1
[    3.645714] initcall seqiv_module_init+0x0/0x11 returned 0 after 0 usecs
[    3.646714] calling  echainiv_module_init+0x0/0x11 @ 1
[    3.647714] initcall echainiv_module_init+0x0/0x11 returned 0 after 0 usecs
[    3.648714] calling  rsa_init+0x0/0x50 @ 1
[    3.649715] initcall rsa_init+0x0/0x50 returned 0 after 0 usecs
[    3.650714] calling  sm2_init+0x0/0x20 @ 1
[    3.651715] initcall sm2_init+0x0/0x20 returned 0 after 0 usecs
[    3.652714] calling  ecdsa_init+0x0/0x80 @ 1
[    3.653716] initcall ecdsa_init+0x0/0x80 returned 0 after 0 usecs
[    3.654746] calling  crypto_cmac_module_init+0x0/0x11 @ 1
[    3.655714] initcall crypto_cmac_module_init+0x0/0x11 returned 0 after 0 usecs
[    3.656714] calling  hmac_module_init+0x0/0x11 @ 1
[    3.657714] initcall hmac_module_init+0x0/0x11 returned 0 after 0 usecs
[    3.658714] calling  crypto_null_mod_init+0x0/0x66 @ 1
[    3.659716] initcall crypto_null_mod_init+0x0/0x66 returned 0 after 0 usecs
[    3.660714] calling  md5_mod_init+0x0/0x11 @ 1
[    3.661715] initcall md5_mod_init+0x0/0x11 returned 0 after 0 usecs
[    3.662714] calling  sha1_generic_mod_init+0x0/0x11 @ 1
[    3.663715] initcall sha1_generic_mod_init+0x0/0x11 returned 0 after 0 usecs
[    3.664714] calling  sha256_generic_mod_init+0x0/0x16 @ 1
[    3.665716] initcall sha256_generic_mod_init+0x0/0x16 returned 0 after 0 usecs
[    3.666714] calling  sha512_generic_mod_init+0x0/0x16 @ 1
[    3.667716] initcall sha512_generic_mod_init+0x0/0x16 returned 0 after 0 usecs
[    3.668714] calling  sha3_generic_mod_init+0x0/0x16 @ 1
[    3.669718] initcall sha3_generic_mod_init+0x0/0x16 returned 0 after 0 usecs
[    3.670714] calling  sm3_generic_mod_init+0x0/0x11 @ 1
[    3.671715] initcall sm3_generic_mod_init+0x0/0x11 returned 0 after 0 usecs
[    3.672714] calling  streebog_mod_init+0x0/0x16 @ 1
[    3.673716] initcall streebog_mod_init+0x0/0x16 returned 0 after 0 usecs
[    3.674714] calling  blake2b_mod_init+0x0/0x16 @ 1
[    3.675719] initcall blake2b_mod_init+0x0/0x16 returned 0 after 0 usecs
[    3.676714] calling  crypto_ecb_module_init+0x0/0x11 @ 1
[    3.677714] initcall crypto_ecb_module_init+0x0/0x11 returned 0 after 0 usecs
[    3.678714] calling  crypto_cbc_module_init+0x0/0x11 @ 1
[    3.679714] initcall crypto_cbc_module_init+0x0/0x11 returned 0 after 0 usecs
[    3.680714] calling  crypto_ctr_module_init+0x0/0x16 @ 1
[    3.681715] initcall crypto_ctr_module_init+0x0/0x16 returned 0 after 0 usecs
[    3.682714] calling  crypto_gcm_module_init+0x0/0x65 @ 1
[    3.683715] initcall crypto_gcm_module_init+0x0/0x65 returned 0 after 0 usecs
[    3.684714] calling  cryptd_init+0x0/0xfd @ 1
[    3.685741] cryptd: max_cpu_qlen set to 1000
[    3.686745] initcall cryptd_init+0x0/0xfd returned 0 after 976 usecs
[    3.687714] calling  des_generic_mod_init+0x0/0x16 @ 1
[    3.688717] initcall des_generic_mod_init+0x0/0x16 returned 0 after 0 usecs
[    3.689714] calling  serpent_mod_init+0x0/0x11 @ 1
[    3.690716] initcall serpent_mod_init+0x0/0x11 returned 0 after 0 usecs
[    3.691714] calling  aes_init+0x0/0x11 @ 1
[    3.692715] initcall aes_init+0x0/0x11 returned 0 after 0 usecs
[    3.693714] calling  deflate_mod_init+0x0/0x3f @ 1
[    3.694718] initcall deflate_mod_init+0x0/0x3f returned 0 after 0 usecs
[    3.695714] calling  crc32c_mod_init+0x0/0x11 @ 1
[    3.696716] initcall crc32c_mod_init+0x0/0x11 returned 0 after 0 usecs
[    3.697714] calling  crc32_mod_init+0x0/0x11 @ 1
[    3.698727] initcall crc32_mod_init+0x0/0x11 returned 0 after 0 usecs
[    3.699714] calling  crypto_authenc_module_init+0x0/0x11 @ 1
[    3.700714] initcall crypto_authenc_module_init+0x0/0x11 returned 0 after 0 usecs
[    3.701714] calling  crypto_authenc_esn_module_init+0x0/0x11 @ 1
[    3.702714] initcall crypto_authenc_esn_module_init+0x0/0x11 returned 0 after 0 usecs
[    3.703714] calling  lzo_mod_init+0x0/0x3a @ 1
[    3.704717] initcall lzo_mod_init+0x0/0x3a returned 0 after 0 usecs
[    3.705714] calling  lzorle_mod_init+0x0/0x3a @ 1
[    3.706717] initcall lzorle_mod_init+0x0/0x3a returned 0 after 0 usecs
[    3.707714] calling  xxhash_mod_init+0x0/0x11 @ 1
[    3.708716] initcall xxhash_mod_init+0x0/0x11 returned 0 after 0 usecs
[    3.709714] calling  drbg_init+0x0/0xca @ 1
[    3.710729] initcall drbg_init+0x0/0xca returned 0 after 0 usecs
[    3.711714] calling  ghash_mod_init+0x0/0x11 @ 1
[    3.712716] initcall ghash_mod_init+0x0/0x11 returned 0 after 0 usecs
[    3.713714] calling  essiv_module_init+0x0/0x11 @ 1
[    3.714714] initcall essiv_module_init+0x0/0x11 returned 0 after 0 usecs
[    3.715714] calling  curve25519_init+0x0/0x20 @ 1
[    3.716716] initcall curve25519_init+0x0/0x20 returned 0 after 0 usecs
[    3.717746] calling  ecdh_init+0x0/0x80 @ 1
[    3.718720] initcall ecdh_init+0x0/0x80 returned 0 after 0 usecs
[    3.719714] calling  init_bio+0x0/0x86 @ 1
[    3.720750] initcall init_bio+0x0/0x86 returned 0 after 0 usecs
[    3.721714] calling  blk_ioc_init+0x0/0x2a @ 1
[    3.722716] initcall blk_ioc_init+0x0/0x2a returned 0 after 0 usecs
[    3.723714] calling  blk_mq_init+0x0/0xc0 @ 1
[    3.724715] initcall blk_mq_init+0x0/0xc0 returned 0 after 0 usecs
[    3.725714] calling  genhd_device_init+0x0/0x5e @ 1
[    3.726743] initcall genhd_device_init+0x0/0x5e returned 0 after 0 usecs
[    3.727745] calling  blkcg_init+0x0/0x29 @ 1
[    3.728755] initcall blkcg_init+0x0/0x29 returned 0 after 0 usecs
[    3.729745] calling  bio_crypt_ctx_init+0x0/0x5c @ 1
[    3.730753] initcall bio_crypt_ctx_init+0x0/0x5c returned 0 after 0 usecs
[    3.731714] calling  blk_crypto_sysfs_init+0x0/0x8a @ 1
[    3.732714] initcall blk_crypto_sysfs_init+0x0/0x8a returned 0 after 0 usecs
[    3.733714] calling  raid6_select_algo+0x0/0x2f0 @ 1
[    3.751715] raid6: avx512x4 gen() 10289 MB/s
[    3.769716] raid6: avx512x2 gen() 10716 MB/s
[    3.787747] raid6: avx512x1 gen()  9240 MB/s
[    3.805717] raid6: avx2x4   gen()  5607 MB/s
[    3.823714] raid6: avx2x2   gen()  5542 MB/s
[    3.841716] raid6: avx2x1   gen()  4527 MB/s
[    3.842714] raid6: using algorithm avx512x2 gen() 10716 MB/s
[    3.860715] raid6: .... xor() 5897 MB/s, rmw enabled
[    3.861714] raid6: using avx512x2 recovery algorithm
[    3.862715] initcall raid6_select_algo+0x0/0x2f0 returned 0 after 125000 usecs
[    3.863714] calling  irq_poll_setup+0x0/0x71 @ 1
[    3.864715] initcall irq_poll_setup+0x0/0x71 returned 0 after 0 usecs
[    3.865714] calling  gpiolib_debugfs_init+0x0/0x24 @ 1
[    3.866716] initcall gpiolib_debugfs_init+0x0/0x24 returned 0 after 0 usecs
[    3.867714] calling  pwm_debugfs_init+0x0/0x24 @ 1
[    3.868716] initcall pwm_debugfs_init+0x0/0x24 returned 0 after 0 usecs
[    3.869714] calling  pwm_sysfs_init+0x0/0x18 @ 1
[    3.870717] initcall pwm_sysfs_init+0x0/0x18 returned 0 after 0 usecs
[    3.871714] calling  pci_slot_init+0x0/0x40 @ 1
[    3.872715] initcall pci_slot_init+0x0/0x40 returned 0 after 0 usecs
[    3.873714] calling  fbmem_init+0x0/0xdb @ 1
[    3.874746] initcall fbmem_init+0x0/0xdb returned 0 after 0 usecs
[    3.875714] calling  scan_for_dmi_ipmi+0x0/0x26f @ 1
[    3.876739] initcall scan_for_dmi_ipmi+0x0/0x26f returned 0 after 0 usecs
[    3.877714] calling  acpi_init+0x0/0x4d6 @ 1
[    3.878719] PRM: found 4 modules
[    3.879552] ACPI: Added _OSI(Module Device)
[    3.879746] ACPI: Added _OSI(Processor Device)
[    3.880735] ACPI: Added _OSI(3.0 _SCP Extensions)
[    3.881715] ACPI: Added _OSI(Processor Aggregator Device)
[    3.882715] ACPI: Added _OSI(Linux-Dell-Video)
[    3.883715] ACPI: Added _OSI(Linux-Lenovo-NV-HDMI-Audio)
[    3.884715] ACPI: Added _OSI(Linux-HPI-Hybrid-Graphics)
[    4.811196] ACPI: 11 ACPI AML tables successfully acquired and loaded
[    4.906431] ACPI: Dynamic OEM Table Load:
[    7.414009] ACPI: Dynamic OEM Table Load:
[    9.691225] ACPI: Interpreter enabled
[    9.691746] ACPI: PM: (supports S0 S5)
[    9.692662] ACPI: Using IOAPIC for interrupt routing
[    9.692799] HEST: Table parsing has been initialized.
[    9.698076] GHES: APEI firmware first mode is enabled by APEI bit and WHEA _OSC.
[    9.706716] PCI: Using host bridge windows from ACPI; if necessary, use "pci=nocrs" and report a bug
[   10.029663] ACPI: Enabled 1 GPEs in block 00 to 7F
[   11.060954] ACPI: PCI Root Bridge [PC00] (domain 0000 [bus 00-0b])
[   11.067736] acpi PNP0A08:00: _OSC: OS supports [ExtendedConfig ASPM ClockPM Segments MSI EDR HPX-Type3]
[   11.082621] acpi PNP0A08:00: _OSC: platform does not support [SHPCHotplug AER DPC]
[   11.092005] acpi PNP0A08:00: _OSC: OS now controls [PCIeHotplug PME PCIeCapability LTR]
[   11.101324] PCI host bridge to bus 0000:00
[   11.105735] pci_bus 0000:00: root bus resource [io  0x1000-0x3fff window]
[   11.112746] pci_bus 0000:00: root bus resource [mem 0xe0000000-0xe3ffffff window]
[   11.120715] pci_bus 0000:00: root bus resource [mem 0x100400000000-0x1010bfbeffff window]
[   11.129735] pci_bus 0000:00: root bus resource [io  0x0780-0x079f window]
[   11.137735] pci_bus 0000:00: root bus resource [io  0x0400-0x041f window]
[   11.144778] pci_bus 0000:00: root bus resource [io  0x0500-0x05ff window]
[   11.152715] pci_bus 0000:00: root bus resource [mem 0xf2800000-0xf2803fff window]
[   11.160715] pci_bus 0000:00: root bus resource [mem 0xf2830000-0xf2830fff window]
[   11.168715] pci_bus 0000:00: root bus resource [mem 0xf3000000-0xf3ffffff window]
[   11.176747] pci_bus 0000:00: root bus resource [bus 00-0b]
[   11.182903] pci 0000:00:00.0: [8086:09a2] type 00 class 0x088000
[   11.190520] pci 0000:00:00.0: reg 0x30: [mem 0xfffff800-0xffffffff pref]
[   11.197882] pci 0000:00:00.0: calling  quirk_igfx_skip_te_disable+0x0/0x50 @ 1
[   11.205735] pci 0000:00:00.0: quirk_igfx_skip_te_disable+0x0/0x50 took 0 usecs
[   11.214736] pci 0000:00:00.4: [8086:0b23] type 00 class 0x000000
[   11.221735] pci 0000:00:00.4: calling  quirk_igfx_skip_te_disable+0x0/0x50 @ 1
[   11.229746] pci 0000:00:00.4: quirk_igfx_skip_te_disable+0x0/0x50 took 0 usecs
[   11.238758] pci 0000:00:01.0: [8086:28c0] type 00 class 0x010400
[   11.246068] pci 0000:00:01.0: reg 0x10: [mem 0x1010bf446000-0x1010bf446fff 64bit]
[   11.253936] pci 0000:00:01.0: reg 0x18: [mem 0x1010bf445000-0x1010bf445fff 64bit]
[   11.262937] pci 0000:00:01.0: reg 0x20: [mem 0x1010bf444000-0x1010bf444fff 64bit]
[   11.270856] pci 0000:00:01.0: reg 0x30: [mem 0xfffff800-0xffffffff pref]
[   11.277882] pci 0000:00:01.0: calling  quirk_igfx_skip_te_disable+0x0/0x50 @ 1
[   11.286715] pci 0000:00:01.0: quirk_igfx_skip_te_disable+0x0/0x50 took 0 usecs
[   11.294736] pci 0000:00:01.1: [8086:09ab] type 00 class 0x088000
[   11.302520] pci 0000:00:01.1: reg 0x30: [mem 0xfffff800-0xffffffff pref]
[   11.309792] pci 0000:00:01.1: calling  quirk_igfx_skip_te_disable+0x0/0x50 @ 1
[   11.317735] pci 0000:00:01.1: quirk_igfx_skip_te_disable+0x0/0x50 took 0 usecs
[   11.326030] pci 0000:00:01.2: [8086:09ab] type 00 class 0x088000
[   11.333735] pci 0000:00:01.2: reg 0x30: [mem 0xfffff800-0xffffffff pref]
[   11.340761] pci 0000:00:01.2: calling  quirk_igfx_skip_te_disable+0x0/0x50 @ 1
[   11.348736] pci 0000:00:01.2: quirk_igfx_skip_te_disable+0x0/0x50 took 0 usecs
[   11.357030] pci 0000:00:01.3: [8086:09ab] type 00 class 0x088000
[   11.364520] pci 0000:00:01.3: reg 0x30: [mem 0xfffff800-0xffffffff pref]
[   11.371781] pci 0000:00:01.3: calling  quirk_igfx_skip_te_disable+0x0/0x50 @ 1
[   11.379746] pci 0000:00:01.3: quirk_igfx_skip_te_disable+0x0/0x50 took 0 usecs
[   11.388030] pci 0000:00:01.4: [8086:09ab] type 00 class 0x088000
[   11.395520] pci 0000:00:01.4: reg 0x30: [mem 0xfffff800-0xffffffff pref]
[   11.402761] pci 0000:00:01.4: calling  quirk_igfx_skip_te_disable+0x0/0x50 @ 1
[   11.410715] pci 0000:00:01.4: quirk_igfx_skip_te_disable+0x0/0x50 took 0 usecs
[   11.419041] pci 0000:00:01.5: [8086:09ab] type 00 class 0x088000
[   11.426520] pci 0000:00:01.5: reg 0x30: [mem 0xfffff800-0xffffffff pref]
[   11.433761] pci 0000:00:01.5: calling  quirk_igfx_skip_te_disable+0x0/0x50 @ 1
[   11.441735] pci 0000:00:01.5: quirk_igfx_skip_te_disable+0x0/0x50 took 0 usecs
[   11.449735] pci 0000:00:01.6: [8086:09ab] type 00 class 0x088000
[   11.456520] pci 0000:00:01.6: reg 0x30: [mem 0xfffff800-0xffffffff pref]
[   11.464761] pci 0000:00:01.6: calling  quirk_igfx_skip_te_disable+0x0/0x50 @ 1
[   11.471735] pci 0000:00:01.6: quirk_igfx_skip_te_disable+0x0/0x50 took 0 usecs
[   11.480030] pci 0000:00:01.7: [8086:09ab] type 00 class 0x088000
[   11.487735] pci 0000:00:01.7: reg 0x30: [mem 0xfffff800-0xffffffff pref]
[   11.494761] pci 0000:00:01.7: calling  quirk_igfx_skip_te_disable+0x0/0x50 @ 1
[   11.502736] pci 0000:00:01.7: quirk_igfx_skip_te_disable+0x0/0x50 took 0 usecs
[   11.511735] pci 0000:00:02.0: [8086:09a6] type 00 class 0x088000
[   11.518028] pci 0000:00:02.0: reg 0x10: [mem 0x1010bf300000-0x1010bf3fffff 64bit]
[   11.527405] pci 0000:00:02.0: calling  quirk_igfx_skip_te_disable+0x0/0x50 @ 1
[   11.534736] pci 0000:00:02.0: quirk_igfx_skip_te_disable+0x0/0x50 took 0 usecs
[   11.543736] pci 0000:00:02.1: [8086:09a1] type 00 class 0x088000
[   11.551037] pci 0000:00:02.1: reg 0x10: [mem 0x1010bf442000-0x1010bf4427ff 64bit]
[   11.558936] pci 0000:00:02.1: reg 0x18: [mem 0x1010bf000000-0x1010bf1fffff 64bit]
[   11.567735] pci 0000:00:02.1: calling  quirk_igfx_skip_te_disable+0x0/0x50 @ 1
[   11.575736] pci 0000:00:02.1: quirk_igfx_skip_te_disable+0x0/0x50 took 0 usecs
[   11.584663] pci 0000:00:02.2: [8086:09a8] type 00 class 0x088000
[   11.591735] pci 0000:00:02.2: reg 0x10: [mem 0x1010bf443000-0x1010bf44300f 64bit]
[   11.600405] pci 0000:00:02.2: calling  quirk_igfx_skip_te_disable+0x0/0x50 @ 1
[   11.607736] pci 0000:00:02.2: quirk_igfx_skip_te_disable+0x0/0x50 took 0 usecs
[   11.616756] pci 0000:00:03.0: [8086:3256] type 00 class 0x130000
[   11.624017] pci 0000:00:03.0: reg 0x10: [mem 0x1010bf200000-0x1010bf2fffff 64bit]
[   11.631896] pci 0000:00:03.0: reg 0x18: [mem 0x1010be800000-0x1010beffffff 64bit]
[   11.640896] pci 0000:00:03.0: reg 0x20: [mem 0x1010bf441000-0x1010bf441fff 64bit]
[   11.648893] pci 0000:00:03.0: calling  quirk_igfx_skip_te_disable+0x0/0x50 @ 1
[   11.656715] pci 0000:00:03.0: quirk_igfx_skip_te_disable+0x0/0x50 took 0 usecs
[   11.665735] pci 0000:00:04.0: calling  quirk_cmd_compl+0x0/0x70 @ 1
[   11.672735] pci 0000:00:04.0: quirk_cmd_compl+0x0/0x70 took 0 usecs
[   11.679735] pci 0000:00:04.0: calling  quirk_no_aersid+0x0/0x30 @ 1
[   11.686715] pci 0000:00:04.0: quirk_no_aersid+0x0/0x30 took 0 usecs
[   11.692715] pci 0000:00:04.0: [8086:786a] type 01 class 0x060400
[   11.700057] pci 0000:00:04.0: reg 0x10: [mem 0x1010bf430000-0x1010bf43ffff 64bit]
[   11.709178] pci 0000:00:04.0: enabling Extended Tags
[   11.713934] pci 0000:00:04.0: calling  quirk_igfx_skip_te_disable+0x0/0x50 @ 1
[   11.722715] pci 0000:00:04.0: quirk_igfx_skip_te_disable+0x0/0x50 took 0 usecs
[   11.730715] pci 0000:00:04.0: calling  pci_fixup_transparent_bridge+0x0/0x20 @ 1
[   11.738715] pci 0000:00:04.0: pci_fixup_transparent_bridge+0x0/0x20 took 0 usecs
[   11.747416] pci 0000:00:04.0: PME# supported from D0 D3hot D3cold
[   11.754377] pci 0000:00:05.0: calling  quirk_cmd_compl+0x0/0x70 @ 1
[   11.761735] pci 0000:00:05.0: quirk_cmd_compl+0x0/0x70 took 0 usecs
[   11.767736] pci 0000:00:05.0: calling  quirk_no_aersid+0x0/0x30 @ 1
[   11.774715] pci 0000:00:05.0: quirk_no_aersid+0x0/0x30 took 0 usecs
[   11.781746] pci 0000:00:05.0: [8086:786b] type 01 class 0x060400
[   11.789057] pci 0000:00:05.0: reg 0x10: [mem 0x1010bf420000-0x1010bf42ffff 64bit]
[   11.797735] pci 0000:00:05.0: enabling Extended Tags
[   11.802903] pci 0000:00:05.0: calling  quirk_igfx_skip_te_disable+0x0/0x50 @ 1
[   11.810715] pci 0000:00:05.0: quirk_igfx_skip_te_disable+0x0/0x50 took 0 usecs
[   11.818715] pci 0000:00:05.0: calling  pci_fixup_transparent_bridge+0x0/0x20 @ 1
[   11.826715] pci 0000:00:05.0: pci_fixup_transparent_bridge+0x0/0x20 took 0 usecs
[   11.836385] pci 0000:00:05.0: PME# supported from D0 D3hot D3cold
[   11.843388] pci 0000:00:06.0: calling  quirk_cmd_compl+0x0/0x70 @ 1
[   11.849766] pci 0000:00:06.0: quirk_cmd_compl+0x0/0x70 took 0 usecs
[   11.856715] pci 0000:00:06.0: calling  quirk_no_aersid+0x0/0x30 @ 1
[   11.863736] pci 0000:00:06.0: quirk_no_aersid+0x0/0x30 took 0 usecs
[   11.870715] pci 0000:00:06.0: [8086:786c] type 01 class 0x060400
[   11.878057] pci 0000:00:06.0: reg 0x10: [mem 0x1010bf410000-0x1010bf41ffff 64bit]
[   11.886178] pci 0000:00:06.0: enabling Extended Tags
[   11.891903] pci 0000:00:06.0: calling  quirk_igfx_skip_te_disable+0x0/0x50 @ 1
[   11.899736] pci 0000:00:06.0: quirk_igfx_skip_te_disable+0x0/0x50 took 0 usecs
[   11.907735] pci 0000:00:06.0: calling  pci_fixup_transparent_bridge+0x0/0x20 @ 1
[   11.915746] pci 0000:00:06.0: pci_fixup_transparent_bridge+0x0/0x20 took 0 usecs
[   11.924736] pci 0000:00:06.0: PME# supported from D0 D3hot D3cold
[   11.932378] pci 0000:00:07.0: calling  quirk_cmd_compl+0x0/0x70 @ 1
[   11.938735] pci 0000:00:07.0: quirk_cmd_compl+0x0/0x70 took 0 usecs
[   11.945735] pci 0000:00:07.0: calling  quirk_no_aersid+0x0/0x30 @ 1
[   11.952715] pci 0000:00:07.0: quirk_no_aersid+0x0/0x30 took 0 usecs
[   11.959736] pci 0000:00:07.0: [8086:786d] type 01 class 0x060400
[   11.966057] pci 0000:00:07.0: reg 0x10: [mem 0x1010bf400000-0x1010bf40ffff 64bit]
[   11.975178] pci 0000:00:07.0: enabling Extended Tags
[   11.980934] pci 0000:00:07.0: calling  quirk_igfx_skip_te_disable+0x0/0x50 @ 1
[   11.988736] pci 0000:00:07.0: quirk_igfx_skip_te_disable+0x0/0x50 took 0 usecs
[   11.996715] pci 0000:00:07.0: calling  pci_fixup_transparent_bridge+0x0/0x20 @ 1
[   12.004736] pci 0000:00:07.0: pci_fixup_transparent_bridge+0x0/0x20 took 0 usecs
[   12.013735] pci 0000:00:07.0: PME# supported from D0 D3hot D3cold
[   12.020838] pci 0000:00:1f.0: [8086:5826] type 00 class 0x060100
[   12.028861] pci 0000:00:1f.0: calling  quirk_igfx_skip_te_disable+0x0/0x50 @ 1
[   12.036736] pci 0000:00:1f.0: quirk_igfx_skip_te_disable+0x0/0x50 took 0 usecs
[   12.045736] pci 0000:00:1f.4: [8086:5827] type 00 class 0x0c0500
[   12.052736] pci 0000:00:1f.4: reg 0x10: [mem 0x1010bf440000-0x1010bf4400ff 64bit]
[   12.061138] pci 0000:00:1f.4: reg 0x20: [io  0x0780-0x079f]
[   12.067735] pci 0000:00:1f.4: calling  quirk_igfx_skip_te_disable+0x0/0x50 @ 1
[   12.075735] pci 0000:00:1f.4: quirk_igfx_skip_te_disable+0x0/0x50 took 0 usecs
[   12.083735] pci 0000:00:1f.5: [8086:5825] type 00 class 0x0c8000
[   12.090957] pci 0000:00:1f.5: reg 0x10: [mem 0xf2830000-0xf2830fff]
[   12.098606] pci 0000:00:1f.5: calling  quirk_igfx_skip_te_disable+0x0/0x50 @ 1
[   12.106715] pci 0000:00:1f.5: quirk_igfx_skip_te_disable+0x0/0x50 took 0 usecs
[   12.114715] pci 0000:01:00.0: [1234:1111] type 00 class 0x030000
[   12.121977] pci 0000:01:00.0: reg 0x10: [mem 0xe0000000-0xe07fffff]
[   12.129735] pci 0000:01:00.0: calling  efifb_fixup_resources+0x0/0xf0 @ 1
[   12.136735] pci 0000:01:00.0: BAR 0: assigned to efifb
[   12.142715] pci 0000:01:00.0: efifb_fixup_resources+0x0/0xf0 took 5859 usecs
[   12.150716] pci 0000:01:00.0: calling  pci_fixup_video+0x0/0xd0 @ 1
[   12.157796] pci 0000:01:00.0: Video device with shadowed ROM at [mem 0x000c0000-0x000dffff]
[   12.166715] pci 0000:01:00.0: pci_fixup_video+0x0/0xd0 took 8789 usecs
[   12.174145] pci 0000:00:04.0: PCI bridge to [bus 01]
[   12.179827] pci 0000:00:04.0:   bridge window [mem 0xe0000000-0xe07fffff]
[   12.187736] pci 0000:02:00.0: [8086:0953] type 00 class 0x010802
[   12.195057] pci 0000:02:00.0: reg 0x10: [mem 0xe0c08000-0xe0c0bfff 64bit]
[   12.203218] pci 0000:02:00.0: reg 0x20: [mem 0xe0c00000-0xe0c07fff 64bit]
[   12.211107] pci 0000:02:00.0: calling  quirk_igfx_skip_te_disable+0x0/0x50 @ 1
[   12.218715] pci 0000:02:00.0: quirk_igfx_skip_te_disable+0x0/0x50 took 0 usecs
[   12.227382] pci 0000:02:00.0: PME# supported from D0 D3hot D3cold
[   12.234040] pci 0000:02:00.0: 15.753 Gb/s available PCIe bandwidth, limited by 16.0 GT/s PCIe x1 link at 0000:00:05.0 (capable of 63.012 Gb/s with 16.0 GT/s PCIe x4 link)
[   12.251735] pci 0000:00:05.0: PCI bridge to [bus 02]
[   12.256796] pci 0000:00:05.0:   bridge window [mem 0xe0c00000-0xe0cfffff]
[   12.265735] pci 0000:03:00.0: [8086:8c31] type 00 class 0x0c0330
[   12.272017] pci 0000:03:00.0: reg 0x10: [mem 0xe0b00000-0xe0b3ffff 64bit]
[   12.280267] pci 0000:03:00.0: calling  quirk_igfx_skip_te_disable+0x0/0x50 @ 1
[   12.287735] pci 0000:03:00.0: quirk_igfx_skip_te_disable+0x0/0x50 took 0 usecs
[   12.296545] pci 0000:00:06.0: PCI bridge to [bus 03]
[   12.301796] pci 0000:00:06.0:   bridge window [mem 0xe0b00000-0xe0bfffff]
[   12.310613] pci 0000:04:00.0: calling  quirk_f0_vpd_link+0x0/0x60 @ 1
[   12.317746] pci 0000:04:00.0: quirk_f0_vpd_link+0x0/0x60 took 0 usecs
[   12.324716] pci 0000:04:00.0: [8086:10f7] type 00 class 0x020000
[   12.331735] pci 0000:04:00.0: reg 0x10: [mem 0xe0800000-0xe081ffff 64bit]
[   12.338816] pci 0000:04:00.0: reg 0x18: [io  0x1000-0x101f]
[   12.345735] pci 0000:04:00.0: reg 0x1c: [mem 0xe0820000-0xe0823fff 64bit]
[   12.353087] pci 0000:04:00.0: calling  quirk_igfx_skip_te_disable+0x0/0x50 @ 1
[   12.360715] pci 0000:04:00.0: quirk_igfx_skip_te_disable+0x0/0x50 took 0 usecs
[   12.369735] pci 0000:04:00.0: reg 0x164: [mem 0xe0824000-0xe0827fff 64bit]
[   12.376715] pci 0000:04:00.0: VF(n) BAR0 space: [mem 0xe0824000-0xe0923fff 64bit] (contains BAR0 for 64 VFs)
[   12.387788] pci 0000:04:00.0: reg 0x170: [mem 0xe0924000-0xe0927fff 64bit]
[   12.395735] pci 0000:04:00.0: VF(n) BAR3 space: [mem 0xe0924000-0xe0a23fff 64bit] (contains BAR3 for 64 VFs)
[   12.406854] pci 0000:04:00.0: 15.753 Gb/s available PCIe bandwidth, limited by 16.0 GT/s PCIe x1 link at 0000:00:07.0 (capable of 32.000 Gb/s with 5.0 GT/s PCIe x8 link)
[   12.422949] pci 0000:04:00.0: disabling ASPM on pre-1.1 PCIe device.  You can enable it with 'pcie_aspm=force'
[   12.433818] pci 0000:00:07.0: PCI bridge to [bus 04]
[   12.439755] pci 0000:00:07.0:   bridge window [io  0x1000-0x1fff]
[   12.446755] pci 0000:00:07.0:   bridge window [mem 0xe0800000-0xe0afffff]
[   12.454412] pci_bus 0000:00: on NUMA node 0
[   12.459735] ACPI: PCI Root Bridge [AA00] (domain 0000 [bus 0c])
[   12.465735] acpi PNP0A08:01: _OSC: OS supports [ExtendedConfig ASPM ClockPM Segments MSI EDR HPX-Type3]
[   12.479735] acpi PNP0A08:01: _OSC: platform does not support [SHPCHotplug AER DPC]
[   12.488005] acpi PNP0A08:01: _OSC: OS now controls [PCIeHotplug PME PCIeCapability LTR]
[   12.496841] PCI host bridge to bus 0000:0c
[   12.501735] pci_bus 0000:0c: root bus resource [mem 0x100100000000-0x1001ffffffff window]
[   12.510715] pci_bus 0000:0c: root bus resource [bus 0c]
[   12.515904] pci 0000:0c:00.0: [8086:0b25] type 00 class 0x088000
[   12.523028] pci 0000:0c:00.0: reg 0x10: [mem 0x1001fff40000-0x1001fff5ffff 64bit pref]
[   12.531896] pci 0000:0c:00.0: reg 0x18: [mem 0x1001fff00000-0x1001fff3ffff 64bit pref]
[   12.541225] pci 0000:0c:00.0: calling  quirk_igfx_skip_te_disable+0x0/0x50 @ 1
[   12.548715] pci 0000:0c:00.0: quirk_igfx_skip_te_disable+0x0/0x50 took 0 usecs
[   12.558240] pci_bus 0000:0c: on NUMA node 0
[   12.562825] ACPI: PCI Root Bridge [AB00] (domain 0000 [bus 0d])
[   12.569735] acpi PNP0A08:02: _OSC: OS supports [ExtendedConfig ASPM ClockPM Segments MSI EDR HPX-Type3]
[   12.583032] acpi PNP0A08:02: _OSC: platform does not support [SHPCHotplug AER DPC]
[   12.592036] acpi PNP0A08:02: _OSC: OS now controls [PCIeHotplug PME PCIeCapability LTR]
[   12.600841] PCI host bridge to bus 0000:0d
[   12.604736] pci_bus 0000:0d: root bus resource [mem 0x100200000000-0x1002ffffffff window]
[   12.613735] pci_bus 0000:0d: root bus resource [bus 0d]
[   12.619904] pci 0000:0d:00.0: [8086:0cfe] type 00 class 0x088000
[   12.626997] pci 0000:0d:00.0: reg 0x10: [mem 0x1002fff40000-0x1002fff4ffff 64bit pref]
[   12.635896] pci 0000:0d:00.0: reg 0x18: [mem 0x1002fff00000-0x1002fff3ffff 64bit pref]
[   12.645225] pci 0000:0d:00.0: calling  quirk_igfx_skip_te_disable+0x0/0x50 @ 1
[   12.652715] pci 0000:0d:00.0: quirk_igfx_skip_te_disable+0x0/0x50 took 0 usecs
[   12.662281] pci_bus 0000:0d: on NUMA node 0
[   12.666825] ACPI: PCI Root Bridge [AC00] (domain 0000 [bus 0e-0f])
[   12.673735] acpi PNP0A08:03: _OSC: OS supports [ExtendedConfig ASPM ClockPM Segments MSI EDR HPX-Type3]
[   12.687032] acpi PNP0A08:03: _OSC: platform does not support [SHPCHotplug AER DPC]
[   12.696005] acpi PNP0A08:03: _OSC: OS now controls [PCIeHotplug PME PCIeCapability LTR]
