[    0.000000] Command line: BOOT_IMAGE=(hd1,gpt2)/vmlinuz-5.17.0-rc2-ee28855a5449-gee28855a5449 root=/dev/mapper/cs-root ro crashkernel=1G-4G:192M,4G-64G:256M,64G-:512M resume=/dev/mapper/cs-swap rd.lvm.lv=cs/root rd.lvm.lv=cs/swap rhgb quiet console=tty0 console=ttyS0,115200n8 intel_iommu=on,sm_on initcall_debug log_buf_len=200M no_console_suspend ignore_loglevel selinux=0 cxl_acpi.dyndbg=+fplm cxl_pci.dyndbg=+fplm cxl_core.dyndbg=+fplm cxl_mem.dyndbg=+fplm cxl_pmem.dyndbg=+fplm cxl_port.dyndbg=+fplm cxl_region.dyndbg=+fplm cxl_test.dyndbg=+fplm cxl_mock.dyndbg=+fplm cxl_mock_mem.dyndbg=+fplm
[    0.000000] x86/fpu: Supporting XSAVE feature 0x001: 'x87 floating point registers'
[    0.000000] x86/fpu: Supporting XSAVE feature 0x002: 'SSE registers'
[    0.000000] x86/fpu: Supporting XSAVE feature 0x004: 'AVX registers'
[    0.000000] x86/fpu: Supporting XSAVE feature 0x020: 'AVX-512 opmask'
[    0.000000] x86/fpu: Supporting XSAVE feature 0x040: 'AVX-512 Hi256'
[    0.000000] x86/fpu: Supporting XSAVE feature 0x080: 'AVX-512 ZMM_Hi256'
[    0.000000] x86/fpu: Supporting XSAVE feature 0x200: 'Protection Keys User registers'
[    0.000000] x86/fpu: Supporting XSAVE feature 0x400: 'PASID state'
[    0.000000] x86/fpu: Supporting XSAVE feature 0x20000: 'AMX Tile config'
[    0.000000] x86/fpu: Supporting XSAVE feature 0x40000: 'AMX Tile data'
[    0.000000] x86/fpu: xstate_offset[2]:  576, xstate_sizes[2]:  256
[    0.000000] x86/fpu: xstate_offset[5]:  832, xstate_sizes[5]:   64
[    0.000000] x86/fpu: xstate_offset[6]:  896, xstate_sizes[6]:  512
[    0.000000] x86/fpu: xstate_offset[7]: 1408, xstate_sizes[7]: 1024
[    0.000000] x86/fpu: xstate_offset[9]: 2432, xstate_sizes[9]:    8
[    0.000000] x86/fpu: xstate_offset[10]: 2440, xstate_sizes[10]:    8
[    0.000000] x86/fpu: xstate_offset[17]: 2496, xstate_sizes[17]:   64
[    0.000000] x86/fpu: xstate_offset[18]: 2560, xstate_sizes[18]: 8192
[    0.000000] x86/fpu: Enabled xstate features 0x606e7, context size is 10752 bytes, using 'compacted' format.
[    0.000000] signal: max sigframe size: 11952
[    0.000000] BIOS-provided physical RAM map:
[    0.000000] BIOS-e820: [mem 0x0000000000000000-0x000000000009ffff] usable
[    0.000000] BIOS-e820: [mem 0x00000000000a0000-0x00000000000fffff] reserved
[    0.000000] BIOS-e820: [mem 0x0000000000100000-0x00000000bb779fff] usable
[    0.000000] BIOS-e820: [mem 0x00000000bb77a000-0x00000000bcd2dfff] reserved
[    0.000000] BIOS-e820: [mem 0x00000000bcd2e000-0x00000000bd0ebfff] usable
[    0.000000] BIOS-e820: [mem 0x00000000bd0ec000-0x00000000bd283fff] ACPI data
[    0.000000] BIOS-e820: [mem 0x00000000bd284000-0x00000000bd41bfff] usable
[    0.000000] BIOS-e820: [mem 0x00000000bd41c000-0x00000000bd855fff] ACPI data
[    0.000000] BIOS-e820: [mem 0x00000000bd856000-0x00000000bda5dfff] usable
[    0.000000] BIOS-e820: [mem 0x00000000bda5e000-0x00000000bdb76fff] ACPI data
[    0.000000] BIOS-e820: [mem 0x00000000bdb77000-0x00000000bdc8ffff] usable
[    0.000000] BIOS-e820: [mem 0x00000000bdc90000-0x00000000bdfbbfff] ACPI data
[    0.000000] BIOS-e820: [mem 0x00000000bdfbc000-0x00000000bf434fff] usable
[    0.000000] BIOS-e820: [mem 0x00000000bf435000-0x00000000c0635fff] reserved
[    0.000000] BIOS-e820: [mem 0x00000000c0636000-0x00000000cba02fff] usable
[    0.000000] BIOS-e820: [mem 0x00000000cba03000-0x00000000cba04fff] reserved
[    0.000000] BIOS-e820: [mem 0x00000000cba05000-0x00000000cba05fff] usable
[    0.000000] BIOS-e820: [mem 0x00000000cba06000-0x00000000cba4dfff] reserved
[    0.000000] BIOS-e820: [mem 0x00000000cba4e000-0x00000000cba4efff] usable
[    0.000000] BIOS-e820: [mem 0x00000000cba4f000-0x00000000cba56fff] reserved
[    0.000000] BIOS-e820: [mem 0x00000000cba57000-0x00000000cba57fff] usable
[    0.000000] BIOS-e820: [mem 0x00000000cba58000-0x00000000cd42afff] reserved
[    0.000000] BIOS-e820: [mem 0x00000000cd42b000-0x00000000cd42bfff] usable
[    0.000000] BIOS-e820: [mem 0x00000000cd42c000-0x00000000cd42cfff] reserved
[    0.000000] BIOS-e820: [mem 0x00000000cd42d000-0x00000000cd42dfff] usable
[    0.000000] BIOS-e820: [mem 0x00000000cd42e000-0x00000000cd63ffff] reserved
[    0.000000] BIOS-e820: [mem 0x00000000cd640000-0x00000000cd6befff] usable
[    0.000000] BIOS-e820: [mem 0x00000000cd6bf000-0x00000000cd6bffff] ACPI NVS
[    0.000000] BIOS-e820: [mem 0x00000000cd6c0000-0x00000000ce51efff] usable
[    0.000000] BIOS-e820: [mem 0x00000000ce51f000-0x00000000cf11ffff] ACPI NVS
[    0.000000] BIOS-e820: [mem 0x00000000cf120000-0x00000000cf132fff] usable
[    0.000000] BIOS-e820: [mem 0x00000000cf133000-0x00000000cf732fff] reserved
[    0.000000] BIOS-e820: [mem 0x00000000cf733000-0x00000000cf733fff] ACPI NVS
[    0.000000] BIOS-e820: [mem 0x00000000cf734000-0x00000000d27dcfff] usable
[    0.000000] BIOS-e820: [mem 0x00000000d27dd000-0x00000000d284dfff] reserved
[    0.000000] BIOS-e820: [mem 0x00000000d284e000-0x00000000d2894fff] usable
[    0.000000] BIOS-e820: [mem 0x00000000d2895000-0x00000000d2896fff] reserved
[    0.000000] BIOS-e820: [mem 0x00000000d2897000-0x00000000d2976fff] usable
[    0.000000] BIOS-e820: [mem 0x00000000d2977000-0x00000000d2978fff] reserved
[    0.000000] BIOS-e820: [mem 0x00000000d2979000-0x00000000d2f54fff] usable
[    0.000000] BIOS-e820: [mem 0x00000000d2f55000-0x00000000d2f5dfff] reserved
[    0.000000] BIOS-e820: [mem 0x00000000d2f5e000-0x00000000d34bbfff] usable
[    0.000000] BIOS-e820: [mem 0x00000000d34bc000-0x00000000d3abbfff] reserved
[    0.000000] BIOS-e820: [mem 0x00000000d3abc000-0x00000000d3c5ffff] usable
[    0.000000] BIOS-e820: [mem 0x00000000d3c60000-0x00000000d3c7bfff] reserved
[    0.000000] BIOS-e820: [mem 0x00000000d3c7c000-0x00000000d69cefff] usable
[    0.000000] BIOS-e820: [mem 0x00000000d69cf000-0x00000000d6ccefff] reserved
[    0.000000] BIOS-e820: [mem 0x00000000d6ccf000-0x00000000d76fefff] ACPI NVS
[    0.000000] BIOS-e820: [mem 0x00000000d76ff000-0x00000000d77fefff] ACPI data
[    0.000000] BIOS-e820: [mem 0x00000000d77ff000-0x00000000d77fffff] usable
[    0.000000] BIOS-e820: [mem 0x00000000d7800000-0x00000000dfffffff] reserved
[    0.000000] BIOS-e820: [mem 0x00000000f2830000-0x00000000f2830fff] reserved
[    0.000000] BIOS-e820: [mem 0x0000000100000000-0x0000003ffeffffff] usable
[    0.000000] BIOS-e820: [mem 0x0000003fff000000-0x0000003fffffffff] reserved
[    0.000000] BIOS-e820: [mem 0x0000020000000000-0x00000200ffffffff] soft reserved
[    0.000000] BIOS-e820: [mem 0x0000100000000000-0x000010007fffffff] reserved
[    0.000000] printk: debug: ignoring loglevel setting.
[    0.000000] NX (Execute Disable) protection: active
[    0.000000] efi: EFI v2.70 by EDK II
[    0.000000] efi: ACPI=0xd77fe000 ACPI 2.0=0xd77fe014 SMBIOS=0xd6b0b000 SMBIOS 3.0=0xd6b09000 MEMATTR=0xd3478018 
[    0.000000] efi: memattr: Unexpected EFI Memory Attributes table version 2
[    0.000000] SMBIOS 3.6.0 present.
[    0.000000] DMI: Intel Corporation OAKSTREAM/OAKSTREAM, BIOS OKSDCRB1.86B.0010.D75.2403180334 03/18/2024
[    0.000000] tsc: Detected 2400.000 MHz processor
[    0.000015] e820: update [mem 0x00000000-0x00000fff] usable ==> reserved
[    0.000072] e820: remove [mem 0x000a0000-0x000fffff] usable
[    0.000134] last_pfn = 0x3fff000 max_arch_pfn = 0x10000000000
[    0.000149] x86/PAT: Configuration [0-7]: WB  WC  UC- UC  WB  WP  UC- WT  
[    0.000164] total RAM covered: 16776704M
[    0.000459]  gran_size: 64K 	chunk_size: 64K 	num_reg: 10  	lose cover RAM: 15872G
[    0.000484]  gran_size: 64K 	chunk_size: 128K 	num_reg: 10  	lose cover RAM: 15872G
[    0.000510]  gran_size: 64K 	chunk_size: 256K 	num_reg: 10  	lose cover RAM: 15872G
[    0.000535]  gran_size: 64K 	chunk_size: 512K 	num_reg: 10  	lose cover RAM: 15872G
[    0.000561]  gran_size: 64K 	chunk_size: 1M 	num_reg: 10  	lose cover RAM: 15872G
[    0.000586]  gran_size: 64K 	chunk_size: 2M 	num_reg: 10  	lose cover RAM: 15872G
[    0.000612]  gran_size: 64K 	chunk_size: 4M 	num_reg: 10  	lose cover RAM: 15872G
[    0.000638]  gran_size: 64K 	chunk_size: 8M 	num_reg: 10  	lose cover RAM: 15872G
[    0.000663]  gran_size: 64K 	chunk_size: 16M 	num_reg: 10  	lose cover RAM: 15872G
[    0.000689]  gran_size: 64K 	chunk_size: 32M 	num_reg: 10  	lose cover RAM: 15872G
[    0.000714]  gran_size: 64K 	chunk_size: 64M 	num_reg: 10  	lose cover RAM: 15872G
[    0.000740]  gran_size: 64K 	chunk_size: 128M 	num_reg: 10  	lose cover RAM: 15872G
[    0.000765]  gran_size: 64K 	chunk_size: 256M 	num_reg: 10  	lose cover RAM: 15872G
[    0.000791]  gran_size: 64K 	chunk_size: 512M 	num_reg: 10  	lose cover RAM: 15872G
[    0.000816]  gran_size: 64K 	chunk_size: 1G 	num_reg: 10  	lose cover RAM: 15360G
[    0.000842]  gran_size: 64K 	chunk_size: 2G 	num_reg: 10  	lose cover RAM: 15360G
[    0.000867]  gran_size: 128K 	chunk_size: 128K 	num_reg: 10  	lose cover RAM: 15872G
[    0.000893]  gran_size: 128K 	chunk_size: 256K 	num_reg: 10  	lose cover RAM: 15872G
[    0.000919]  gran_size: 128K 	chunk_size: 512K 	num_reg: 10  	lose cover RAM: 15872G
[    0.000944]  gran_size: 128K 	chunk_size: 1M 	num_reg: 10  	lose cover RAM: 15872G
[    0.000970]  gran_size: 128K 	chunk_size: 2M 	num_reg: 10  	lose cover RAM: 15872G
[    0.000995]  gran_size: 128K 	chunk_size: 4M 	num_reg: 10  	lose cover RAM: 15872G
[    0.001021]  gran_size: 128K 	chunk_size: 8M 	num_reg: 10  	lose cover RAM: 15872G
[    0.001046]  gran_size: 128K 	chunk_size: 16M 	num_reg: 10  	lose cover RAM: 15872G
[    0.001072]  gran_size: 128K 	chunk_size: 32M 	num_reg: 10  	lose cover RAM: 15872G
[    0.001097]  gran_size: 128K 	chunk_size: 64M 	num_reg: 10  	lose cover RAM: 15872G
[    0.001123]  gran_size: 128K 	chunk_size: 128M 	num_reg: 10  	lose cover RAM: 15872G
[    0.001149]  gran_size: 128K 	chunk_size: 256M 	num_reg: 10  	lose cover RAM: 15872G
[    0.001174]  gran_size: 128K 	chunk_size: 512M 	num_reg: 10  	lose cover RAM: 15872G
[    0.001200]  gran_size: 128K 	chunk_size: 1G 	num_reg: 10  	lose cover RAM: 15360G
[    0.001225]  gran_size: 128K 	chunk_size: 2G 	num_reg: 10  	lose cover RAM: 15360G
[    0.001251]  gran_size: 256K 	chunk_size: 256K 	num_reg: 10  	lose cover RAM: 15872G
[    0.001276]  gran_size: 256K 	chunk_size: 512K 	num_reg: 10  	lose cover RAM: 15872G
[    0.001302]  gran_size: 256K 	chunk_size: 1M 	num_reg: 10  	lose cover RAM: 15872G
[    0.001328]  gran_size: 256K 	chunk_size: 2M 	num_reg: 10  	lose cover RAM: 15872G
[    0.001353]  gran_size: 256K 	chunk_size: 4M 	num_reg: 10  	lose cover RAM: 15872G
[    0.001379]  gran_size: 256K 	chunk_size: 8M 	num_reg: 10  	lose cover RAM: 15872G
[    0.001404]  gran_size: 256K 	chunk_size: 16M 	num_reg: 10  	lose cover RAM: 15872G
[    0.001430]  gran_size: 256K 	chunk_size: 32M 	num_reg: 10  	lose cover RAM: 15872G
[    0.001455]  gran_size: 256K 	chunk_size: 64M 	num_reg: 10  	lose cover RAM: 15872G
[    0.001481]  gran_size: 256K 	chunk_size: 128M 	num_reg: 10  	lose cover RAM: 15872G
[    0.001507]  gran_size: 256K 	chunk_size: 256M 	num_reg: 10  	lose cover RAM: 15872G
[    0.001532]  gran_size: 256K 	chunk_size: 512M 	num_reg: 10  	lose cover RAM: 15872G
[    0.001558]  gran_size: 256K 	chunk_size: 1G 	num_reg: 10  	lose cover RAM: 15360G
[    0.001583]  gran_size: 256K 	chunk_size: 2G 	num_reg: 10  	lose cover RAM: 15360G
[    0.001609]  gran_size: 512K 	chunk_size: 512K 	num_reg: 10  	lose cover RAM: 15872G
[    0.001634]  gran_size: 512K 	chunk_size: 1M 	num_reg: 10  	lose cover RAM: 15872G
[    0.001660]  gran_size: 512K 	chunk_size: 2M 	num_reg: 10  	lose cover RAM: 15872G
[    0.001685]  gran_size: 512K 	chunk_size: 4M 	num_reg: 10  	lose cover RAM: 15872G
[    0.001711]  gran_size: 512K 	chunk_size: 8M 	num_reg: 10  	lose cover RAM: 15872G
[    0.001737]  gran_size: 512K 	chunk_size: 16M 	num_reg: 10  	lose cover RAM: 15872G
[    0.001762]  gran_size: 512K 	chunk_size: 32M 	num_reg: 10  	lose cover RAM: 15872G
[    0.001788]  gran_size: 512K 	chunk_size: 64M 	num_reg: 10  	lose cover RAM: 15872G
[    0.001813]  gran_size: 512K 	chunk_size: 128M 	num_reg: 10  	lose cover RAM: 15872G
[    0.001839]  gran_size: 512K 	chunk_size: 256M 	num_reg: 10  	lose cover RAM: 15872G
[    0.001864]  gran_size: 512K 	chunk_size: 512M 	num_reg: 10  	lose cover RAM: 15872G
[    0.001890]  gran_size: 512K 	chunk_size: 1G 	num_reg: 10  	lose cover RAM: 15360G
[    0.001916]  gran_size: 512K 	chunk_size: 2G 	num_reg: 10  	lose cover RAM: 15360G
[    0.001941]  gran_size: 1M 	chunk_size: 1M 	num_reg: 10  	lose cover RAM: 15872G
[    0.001967]  gran_size: 1M 	chunk_size: 2M 	num_reg: 10  	lose cover RAM: 15872G
[    0.001992]  gran_size: 1M 	chunk_size: 4M 	num_reg: 10  	lose cover RAM: 15872G
[    0.002018]  gran_size: 1M 	chunk_size: 8M 	num_reg: 10  	lose cover RAM: 15872G
[    0.002043]  gran_size: 1M 	chunk_size: 16M 	num_reg: 10  	lose cover RAM: 15872G
[    0.002069]  gran_size: 1M 	chunk_size: 32M 	num_reg: 10  	lose cover RAM: 15872G
[    0.002094]  gran_size: 1M 	chunk_size: 64M 	num_reg: 10  	lose cover RAM: 15872G
[    0.002120]  gran_size: 1M 	chunk_size: 128M 	num_reg: 10  	lose cover RAM: 15872G
[    0.002145]  gran_size: 1M 	chunk_size: 256M 	num_reg: 10  	lose cover RAM: 15872G
[    0.002171]  gran_size: 1M 	chunk_size: 512M 	num_reg: 10  	lose cover RAM: 15872G
[    0.002196]  gran_size: 1M 	chunk_size: 1G 	num_reg: 10  	lose cover RAM: 15360G
[    0.002222]  gran_size: 1M 	chunk_size: 2G 	num_reg: 10  	lose cover RAM: 15360G
[    0.002247]  gran_size: 2M 	chunk_size: 2M 	num_reg: 10  	lose cover RAM: 15872G
[    0.002273]  gran_size: 2M 	chunk_size: 4M 	num_reg: 10  	lose cover RAM: 15872G
[    0.002298]  gran_size: 2M 	chunk_size: 8M 	num_reg: 10  	lose cover RAM: 15872G
[    0.002324]  gran_size: 2M 	chunk_size: 16M 	num_reg: 10  	lose cover RAM: 15872G
[    0.002349]  gran_size: 2M 	chunk_size: 32M 	num_reg: 10  	lose cover RAM: 15872G
[    0.002375]  gran_size: 2M 	chunk_size: 64M 	num_reg: 10  	lose cover RAM: 15872G
[    0.002400]  gran_size: 2M 	chunk_size: 128M 	num_reg: 10  	lose cover RAM: 15872G
[    0.002426]  gran_size: 2M 	chunk_size: 256M 	num_reg: 10  	lose cover RAM: 15872G
[    0.002451]  gran_size: 2M 	chunk_size: 512M 	num_reg: 10  	lose cover RAM: 15872G
[    0.002477]  gran_size: 2M 	chunk_size: 1G 	num_reg: 10  	lose cover RAM: 15360G
[    0.002502]  gran_size: 2M 	chunk_size: 2G 	num_reg: 10  	lose cover RAM: 15360G
[    0.002528]  gran_size: 4M 	chunk_size: 4M 	num_reg: 10  	lose cover RAM: 15872G
[    0.002553]  gran_size: 4M 	chunk_size: 8M 	num_reg: 10  	lose cover RAM: 15872G
[    0.002579]  gran_size: 4M 	chunk_size: 16M 	num_reg: 10  	lose cover RAM: 15872G
[    0.002604]  gran_size: 4M 	chunk_size: 32M 	num_reg: 10  	lose cover RAM: 15872G
[    0.002630]  gran_size: 4M 	chunk_size: 64M 	num_reg: 10  	lose cover RAM: 15872G
[    0.002655]  gran_size: 4M 	chunk_size: 128M 	num_reg: 10  	lose cover RAM: 15872G
[    0.002681]  gran_size: 4M 	chunk_size: 256M 	num_reg: 10  	lose cover RAM: 15872G
[    0.002707]  gran_size: 4M 	chunk_size: 512M 	num_reg: 10  	lose cover RAM: 15872G
[    0.002732]  gran_size: 4M 	chunk_size: 1G 	num_reg: 10  	lose cover RAM: 15360G
[    0.002758]  gran_size: 4M 	chunk_size: 2G 	num_reg: 10  	lose cover RAM: 15360G
[    0.002783]  gran_size: 8M 	chunk_size: 8M 	num_reg: 10  	lose cover RAM: 15872G
[    0.002809]  gran_size: 8M 	chunk_size: 16M 	num_reg: 10  	lose cover RAM: 15872G
[    0.002834]  gran_size: 8M 	chunk_size: 32M 	num_reg: 10  	lose cover RAM: 15872G
[    0.002860]  gran_size: 8M 	chunk_size: 64M 	num_reg: 10  	lose cover RAM: 15872G
[    0.002885]  gran_size: 8M 	chunk_size: 128M 	num_reg: 10  	lose cover RAM: 15872G
[    0.002911]  gran_size: 8M 	chunk_size: 256M 	num_reg: 10  	lose cover RAM: 15872G
[    0.002936]  gran_size: 8M 	chunk_size: 512M 	num_reg: 10  	lose cover RAM: 15872G
[    0.002962]  gran_size: 8M 	chunk_size: 1G 	num_reg: 10  	lose cover RAM: 15360G
[    0.002987]  gran_size: 8M 	chunk_size: 2G 	num_reg: 10  	lose cover RAM: 15360G
[    0.003013]  gran_size: 16M 	chunk_size: 16M 	num_reg: 10  	lose cover RAM: 15872G
[    0.003038]  gran_size: 16M 	chunk_size: 32M 	num_reg: 10  	lose cover RAM: 15872G
[    0.003064]  gran_size: 16M 	chunk_size: 64M 	num_reg: 10  	lose cover RAM: 15872G
[    0.003089]  gran_size: 16M 	chunk_size: 128M 	num_reg: 10  	lose cover RAM: 15872G
[    0.003115]  gran_size: 16M 	chunk_size: 256M 	num_reg: 10  	lose cover RAM: 15872G
[    0.003140]  gran_size: 16M 	chunk_size: 512M 	num_reg: 10  	lose cover RAM: 15872G
[    0.003166]  gran_size: 16M 	chunk_size: 1G 	num_reg: 10  	lose cover RAM: 15360G
[    0.003192]  gran_size: 16M 	chunk_size: 2G 	num_reg: 10  	lose cover RAM: 15360G
[    0.003217]  gran_size: 32M 	chunk_size: 32M 	num_reg: 10  	lose cover RAM: 15872G
[    0.003243]  gran_size: 32M 	chunk_size: 64M 	num_reg: 10  	lose cover RAM: 15872G
[    0.003268]  gran_size: 32M 	chunk_size: 128M 	num_reg: 10  	lose cover RAM: 15872G
[    0.003294]  gran_size: 32M 	chunk_size: 256M 	num_reg: 10  	lose cover RAM: 15872G
[    0.003319]  gran_size: 32M 	chunk_size: 512M 	num_reg: 10  	lose cover RAM: 15872G
[    0.003345]  gran_size: 32M 	chunk_size: 1G 	num_reg: 10  	lose cover RAM: 15360G
[    0.003370]  gran_size: 32M 	chunk_size: 2G 	num_reg: 10  	lose cover RAM: 15360G
[    0.003396]  gran_size: 64M 	chunk_size: 64M 	num_reg: 10  	lose cover RAM: 15872G
[    0.003422]  gran_size: 64M 	chunk_size: 128M 	num_reg: 10  	lose cover RAM: 15872G
[    0.003447]  gran_size: 64M 	chunk_size: 256M 	num_reg: 10  	lose cover RAM: 15872G
[    0.003473]  gran_size: 64M 	chunk_size: 512M 	num_reg: 10  	lose cover RAM: 15872G
[    0.003498]  gran_size: 64M 	chunk_size: 1G 	num_reg: 10  	lose cover RAM: 15360G
[    0.003524]  gran_size: 64M 	chunk_size: 2G 	num_reg: 10  	lose cover RAM: 15360G
[    0.003549]  gran_size: 128M 	chunk_size: 128M 	num_reg: 10  	lose cover RAM: 15872G
[    0.003575]  gran_size: 128M 	chunk_size: 256M 	num_reg: 10  	lose cover RAM: 15872G
[    0.003600]  gran_size: 128M 	chunk_size: 512M 	num_reg: 10  	lose cover RAM: 15872G
[    0.003626]  gran_size: 128M 	chunk_size: 1G 	num_reg: 10  	lose cover RAM: 15360G
[    0.003652]  gran_size: 128M 	chunk_size: 2G 	num_reg: 10  	lose cover RAM: 15360G
[    0.003677]  gran_size: 256M 	chunk_size: 256M 	num_reg: 10  	lose cover RAM: 15872G
[    0.003703]  gran_size: 256M 	chunk_size: 512M 	num_reg: 10  	lose cover RAM: 15872G
[    0.003728]  gran_size: 256M 	chunk_size: 1G 	num_reg: 10  	lose cover RAM: 15360G
[    0.003754]  gran_size: 256M 	chunk_size: 2G 	num_reg: 10  	lose cover RAM: 15360G
[    0.003779]  gran_size: 512M 	chunk_size: 512M 	num_reg: 10  	lose cover RAM: 15872G
[    0.003805]  gran_size: 512M 	chunk_size: 1G 	num_reg: 10  	lose cover RAM: 15360G
[    0.003831]  gran_size: 512M 	chunk_size: 2G 	num_reg: 10  	lose cover RAM: 15360G
[    0.003856]  gran_size: 1G 	chunk_size: 1G 	num_reg: 10  	lose cover RAM: 15729152M
[    0.003882]  gran_size: 1G 	chunk_size: 2G 	num_reg: 10  	lose cover RAM: 15729152M
[    0.003907]  gran_size: 2G 	chunk_size: 2G 	num_reg: 10  	lose cover RAM: 14681600M
[    0.003933] mtrr_cleanup: can not find optimal value
[    0.003945] please specify mtrr_gran_size/mtrr_chunk_size
[    0.003960] e820: update [mem 0xe0000000-0xffffffff] usable ==> reserved
[    0.004028] x2apic: enabled by BIOS, switching to x2apic ops
[    0.004040] last_pfn = 0xd7800 max_arch_pfn = 0x10000000000
[    0.007000] Using GB pages for direct mapping
[    0.106196] printk: log_buf_len: 268435456 bytes
[    0.106208] printk: early log buf free: 16758936(99%)
[    0.106221] Secure boot disabled
[    0.106233] RAMDISK: [mem 0xb844e000-0xba2a0fff]
[    0.106247] ACPI: Early table checksum verification disabled
[    0.106260] ACPI: RSDP 0x00000000D77FE014 000024 (v02 INTEL )
[    0.106296] ACPI: XSDT 0x00000000D7744188 00014C (v01 INTEL  INTEL ID 00000000      01000013)
[    0.106335] ACPI: FACP 0x00000000D77FC000 000114 (v06 INTEL  INTEL ID 00000000 INTL 20230628)
[    0.106375] ACPI: DSDT 0x00000000D775D000 08E4F6 (v02 INTEL  INTEL ID 00000003 INTL 20230628)
[    0.106413] ACPI: FACS 0x00000000D76F4000 000040
[    0.106450] ACPI: MCFG 0x00000000D77FB000 00004C (v01 INTEL  INTEL ID 00000001 INTL 20230628)
[    0.106488] ACPI: SSDT 0x00000000D77FA000 0001F3 (v02 INTEL  MPWR     00001000 INTL 20230628)
[    0.106526] ACPI: CEDT 0x00000000D77F9000 000284 (v01 INTEL  INTEL ID 00000002 INTL 20230628)
[    0.106565] ACPI: SSDT 0x00000000D77F8000 0000AB (v02 INTEL  INTEL ID 00000002 INTL 20230628)
[    0.106603] ACPI: MRRM 0x00000000D77F7000 0000CC (v01 INTEL  INTEL ID 00000002 INTL 20230628)
[    0.106641] ACPI: SSDT 0x00000000D77F6000 00030C (v02 INTEL  INTEL ID 00000000 MSFT 20230628)
[    0.106680] ACPI: SSDT 0x00000000D77F5000 000156 (v02 INTEL  PRMOPREG 00001000 INTL 20230628)
[    0.106718] ACPI: SSDT 0x00000000D77F4000 000145 (v02 INTEL  PRMSAMPL 00001000 INTL 20230628)
[    0.106757] ACPI: IRDT 0x00000000D77F3000 0001D7 (v01 INTEL  INTEL ID 00000002 INTL 20230628)
[    0.106795] ACPI: DTPR 0x00000000D77F2000 000530 (v01 INTEL  EDK2     00000002      01000013)
[    0.106833] ACPI: SSDT 0x00000000D77F1000 00040F (v02 INTEL  SruTable 00001000 INTL 20230628)
[    0.106872] ACPI: SSDT 0x00000000D77F0000 000397 (v02 INTEL  SstsTbl  00001000 INTL 20230628)
[    0.106910] ACPI: BDAT 0x00000000D77EF000 000030 (v01 INTEL  INTEL ID 00000000 INTL 20230628)
[    0.106948] ACPI: HPET 0x00000000D77EE000 000038 (v01 INTEL  INTEL ID 00000001 INTL 20230628)
[    0.106987] ACPI: MSCT 0x00000000D77ED000 000198 (v01 INTEL  INTEL ID 00000001 INTL 20230628)
[    0.107025] ACPI: WSMT 0x00000000D77EC000 000028 (v01 INTEL  INTEL ID 00000000 INTL 20230628)
[    0.107063] ACPI: APIC 0x00000000D775C000 00015E (v06 INTEL  INTEL ID 00000000 INTL 20230628)
[    0.107102] ACPI: KEYP 0x00000000D77FD000 000050 (v01 INTEL  INTEL ID 00000002 INTL 20230628)
[    0.107140] ACPI: PMTT 0x00000000D7741000 002568 (v02 INTEL  INTEL ID 00000001 INTL 20230628)
[    0.107178] ACPI: OEM4 0x00000000BDC90000 32B041 (v02 INTEL  CPU  CST 00003000 INTL 20230628)
[    0.107217] ACPI: OEM1 0x00000000BD41C000 439069 (v02 INTEL  CPU EIST 00003000 INTL 20230628)
[    0.107255] ACPI: OEM2 0x00000000BDA5E000 118031 (v02 INTEL  CPU  HWP 00003000 INTL 20230628)
[    0.107294] ACPI: SSDT 0x00000000BD0EC000 197850 (v02 INTEL  SSDT  PM 00004000 INTL 20230628)
[    0.107332] ACPI: DBG2 0x00000000D7740000 000058 (v00 INTEL  INTEL ID 00000002 INTL 20230628)
[    0.107370] ACPI: DMAR 0x00000000D773F000 000478 (v01 INTEL  INTEL ID 00000001 INTL 20230628)
[    0.107409] ACPI: FPDT 0x00000000D773E000 000044 (v01 INTEL  EDK2     00000002      01000013)
[    0.107447] ACPI: SSDT 0x00000000D773D000 000922 (v02 INTEL  RAS_ACPI 00000001 INTL 20230628)
[    0.107486] ACPI: SSDT 0x00000000D773C000 0008BB (v02 INTEL  ADDRXLAT 00000001 INTL 20230628)
[    0.107524] ACPI: HEST 0x00000000D773B000 000174 (v01 INTEL  INTEL ID 00000001 INTL 20230628)
[    0.107562] ACPI: BERT 0x00000000D773A000 000030 (v01 INTEL  INTEL ID 00000001 INTL 20230628)
[    0.107601] ACPI: ERST 0x00000000D7739000 000230 (v01 INTEL  INTEL ID 00000001 INTL 20230628)
[    0.107639] ACPI: PRMT 0x00000000D7738000 0001DC (v00 INTEL  INTEL ID 00000002 INTL 20230628)
[    0.107677] ACPI: SPCR 0x00000000D7737000 000050 (v02 INTEL  INTEL ID 00000000 INTL 20230628)
[    0.107716] ACPI: SRAT 0x00000000D7747000 014128 (v03 INTEL  INTEL ID 00000002 INTL 20230628)
[    0.107754] ACPI: SLIT 0x00000000D7746000 000050 (v01 INTEL  INTEL ID 00000002 INTL 20230628)
[    0.107792] ACPI: HMAT 0x00000000D7745000 000298 (v02 INTEL  INTEL ID 00000002 INTL 20230628)
[    0.107830] ACPI: Reserving FACP table memory at [mem 0xd77fc000-0xd77fc113]
[    0.107845] ACPI: Reserving DSDT table memory at [mem 0xd775d000-0xd77eb4f5]
[    0.107859] ACPI: Reserving FACS table memory at [mem 0xd76f4000-0xd76f403f]
[    0.107874] ACPI: Reserving MCFG table memory at [mem 0xd77fb000-0xd77fb04b]
[    0.107889] ACPI: Reserving SSDT table memory at [mem 0xd77fa000-0xd77fa1f2]
[    0.107903] ACPI: Reserving CEDT table memory at [mem 0xd77f9000-0xd77f9283]
[    0.107918] ACPI: Reserving SSDT table memory at [mem 0xd77f8000-0xd77f80aa]
[    0.107933] ACPI: Reserving MRRM table memory at [mem 0xd77f7000-0xd77f70cb]
[    0.107947] ACPI: Reserving SSDT table memory at [mem 0xd77f6000-0xd77f630b]
[    0.107962] ACPI: Reserving SSDT table memory at [mem 0xd77f5000-0xd77f5155]
[    0.107977] ACPI: Reserving SSDT table memory at [mem 0xd77f4000-0xd77f4144]
[    0.107992] ACPI: Reserving IRDT table memory at [mem 0xd77f3000-0xd77f31d6]
[    0.108006] ACPI: Reserving DTPR table memory at [mem 0xd77f2000-0xd77f252f]
[    0.108021] ACPI: Reserving SSDT table memory at [mem 0xd77f1000-0xd77f140e]
[    0.108036] ACPI: Reserving SSDT table memory at [mem 0xd77f0000-0xd77f0396]
[    0.108051] ACPI: Reserving BDAT table memory at [mem 0xd77ef000-0xd77ef02f]
[    0.108066] ACPI: Reserving HPET table memory at [mem 0xd77ee000-0xd77ee037]
[    0.108081] ACPI: Reserving MSCT table memory at [mem 0xd77ed000-0xd77ed197]
[    0.108096] ACPI: Reserving WSMT table memory at [mem 0xd77ec000-0xd77ec027]
[    0.108110] ACPI: Reserving APIC table memory at [mem 0xd775c000-0xd775c15d]
[    0.108125] ACPI: Reserving KEYP table memory at [mem 0xd77fd000-0xd77fd04f]
[    0.108140] ACPI: Reserving PMTT table memory at [mem 0xd7741000-0xd7743567]
[    0.108155] ACPI: Reserving OEM4 table memory at [mem 0xbdc90000-0xbdfbb040]
[    0.108170] ACPI: Reserving OEM1 table memory at [mem 0xbd41c000-0xbd855068]
[    0.108185] ACPI: Reserving OEM2 table memory at [mem 0xbda5e000-0xbdb76030]
[    0.108200] ACPI: Reserving SSDT table memory at [mem 0xbd0ec000-0xbd28384f]
[    0.108215] ACPI: Reserving DBG2 table memory at [mem 0xd7740000-0xd7740057]
[    0.108230] ACPI: Reserving DMAR table memory at [mem 0xd773f000-0xd773f477]
[    0.108245] ACPI: Reserving FPDT table memory at [mem 0xd773e000-0xd773e043]
[    0.108260] ACPI: Reserving SSDT table memory at [mem 0xd773d000-0xd773d921]
[    0.108275] ACPI: Reserving SSDT table memory at [mem 0xd773c000-0xd773c8ba]
[    0.108290] ACPI: Reserving HEST table memory at [mem 0xd773b000-0xd773b173]
[    0.108305] ACPI: Reserving BERT table memory at [mem 0xd773a000-0xd773a02f]
[    0.108320] ACPI: Reserving ERST table memory at [mem 0xd7739000-0xd773922f]
[    0.108335] ACPI: Reserving PRMT table memory at [mem 0xd7738000-0xd77381db]
[    0.108350] ACPI: Reserving SPCR table memory at [mem 0xd7737000-0xd773704f]
[    0.108365] ACPI: Reserving SRAT table memory at [mem 0xd7747000-0xd775b127]
[    0.108380] ACPI: Reserving SLIT table memory at [mem 0xd7746000-0xd774604f]
[    0.108395] ACPI: Reserving HMAT table memory at [mem 0xd7745000-0xd7745297]
[    0.108437] Setting APIC routing to cluster x2apic.
[    0.108617] SRAT: PXM 0 -> APIC 0x0000 -> Node 0
[    0.108630] SRAT: PXM 0 -> APIC 0x0002 -> Node 0
[    0.108643] SRAT: PXM 0 -> APIC 0x0008 -> Node 0
[    0.108656] SRAT: PXM 0 -> APIC 0x000a -> Node 0
[    0.108669] SRAT: PXM 0 -> APIC 0x0100 -> Node 0
[    0.108682] SRAT: PXM 0 -> APIC 0x0102 -> Node 0
[    0.108696] SRAT: PXM 0 -> APIC 0x0108 -> Node 0
[    0.108709] SRAT: PXM 0 -> APIC 0x010a -> Node 0
[    0.108722] SRAT: PXM 0 -> APIC 0x0200 -> Node 0
[    0.108735] SRAT: PXM 0 -> APIC 0x0202 -> Node 0
[    0.108748] SRAT: PXM 0 -> APIC 0x0208 -> Node 0
[    0.108762] SRAT: PXM 0 -> APIC 0x020a -> Node 0
[    0.108775] SRAT: PXM 0 -> APIC 0x0300 -> Node 0
[    0.108788] SRAT: PXM 0 -> APIC 0x0302 -> Node 0
[    0.108801] SRAT: PXM 0 -> APIC 0x0308 -> Node 0
[    0.108814] SRAT: PXM 0 -> APIC 0x030a -> Node 0
[    0.108967] ACPI: SRAT: Node 0 PXM 0 [mem 0x00000000-0xdfffffff]
[    0.108982] ACPI: SRAT: Node 0 PXM 0 [mem 0x100000000-0x3fffffffff]
[    0.109032] ACPI: SRAT: Node 1 PXM 5 [mem 0x20000000000-0x200ffffffff]
[    0.109057] NUMA: Initialized distance table, cnt=2
[    0.109081] NUMA: Node 0 [mem 0x00000000-0xdfffffff] + [mem 0x100000000-0x3ffeffffff] -> [mem 0x00000000-0x3ffeffffff]
[    0.109123] NODE_DATA(0) allocated [mem 0x3fb6fc2000-0x3fb6fecfff]
[    0.110133] Reserving 512MB of memory at 2432MB for crashkernel (System RAM: 261362MB)
[    0.110807] Zone ranges:
[    0.110819]   DMA      [mem 0x0000000000001000-0x0000000000ffffff]
[    0.110843]   DMA32    [mem 0x0000000001000000-0x00000000ffffffff]
[    0.110867]   Normal   [mem 0x0000000100000000-0x0000003ffeffffff]
[    0.110892]   Device   empty
[    0.110915] Movable zone start for each node
[    0.110931] Early memory node ranges
[    0.110943]   node   0: [mem 0x0000000000001000-0x000000000009ffff]
[    0.110957]   node   0: [mem 0x0000000000100000-0x00000000bb779fff]
[    0.110971]   node   0: [mem 0x00000000bcd2e000-0x00000000bd0ebfff]
[    0.110985]   node   0: [mem 0x00000000bd284000-0x00000000bd41bfff]
[    0.110998]   node   0: [mem 0x00000000bd856000-0x00000000bda5dfff]
[    0.111012]   node   0: [mem 0x00000000bdb77000-0x00000000bdc8ffff]
[    0.111026]   node   0: [mem 0x00000000bdfbc000-0x00000000bf434fff]
[    0.111039]   node   0: [mem 0x00000000c0636000-0x00000000cba02fff]
[    0.111053]   node   0: [mem 0x00000000cba05000-0x00000000cba05fff]
[    0.111066]   node   0: [mem 0x00000000cba4e000-0x00000000cba4efff]
[    0.111080]   node   0: [mem 0x00000000cba57000-0x00000000cba57fff]
[    0.111093]   node   0: [mem 0x00000000cd42b000-0x00000000cd42bfff]
[    0.111107]   node   0: [mem 0x00000000cd42d000-0x00000000cd42dfff]
[    0.111121]   node   0: [mem 0x00000000cd640000-0x00000000cd6befff]
[    0.111134]   node   0: [mem 0x00000000cd6c0000-0x00000000ce51efff]
[    0.111148]   node   0: [mem 0x00000000cf120000-0x00000000cf132fff]
[    0.111161]   node   0: [mem 0x00000000cf734000-0x00000000d27dcfff]
[    0.111175]   node   0: [mem 0x00000000d284e000-0x00000000d2894fff]
[    0.111188]   node   0: [mem 0x00000000d2897000-0x00000000d2976fff]
[    0.111202]   node   0: [mem 0x00000000d2979000-0x00000000d2f54fff]
[    0.111216]   node   0: [mem 0x00000000d2f5e000-0x00000000d34bbfff]
[    0.111229]   node   0: [mem 0x00000000d3abc000-0x00000000d3c5ffff]
[    0.111243]   node   0: [mem 0x00000000d3c7c000-0x00000000d69cefff]
[    0.111256]   node   0: [mem 0x00000000d77ff000-0x00000000d77fffff]
[    0.111270]   node   0: [mem 0x0000000100000000-0x0000003ffeffffff]
[    0.111353] Initmem setup node 0 [mem 0x0000000000001000-0x0000003ffeffffff]
[    0.111374] On node 0, zone DMA: 1 pages in unavailable ranges
[    0.111441] On node 0, zone DMA: 96 pages in unavailable ranges
[    0.122011] On node 0, zone DMA32: 5556 pages in unavailable ranges
[    0.122042] On node 0, zone DMA32: 408 pages in unavailable ranges
[    0.122096] On node 0, zone DMA32: 1082 pages in unavailable ranges
[    0.122122] On node 0, zone DMA32: 281 pages in unavailable ranges
[    0.122232] On node 0, zone DMA32: 812 pages in unavailable ranges
[    0.123013] On node 0, zone DMA32: 4609 pages in unavailable ranges
[    0.123027] On node 0, zone DMA32: 2 pages in unavailable ranges
[    0.123042] On node 0, zone DMA32: 72 pages in unavailable ranges
[    0.123056] On node 0, zone DMA32: 8 pages in unavailable ranges
[    0.123274] On node 0, zone DMA32: 6611 pages in unavailable ranges
[    0.123288] On node 0, zone DMA32: 1 pages in unavailable ranges
[    0.123319] On node 0, zone DMA32: 530 pages in unavailable ranges
[    0.123382] On node 0, zone DMA32: 1 pages in unavailable ranges
[    0.123491] On node 0, zone DMA32: 3073 pages in unavailable ranges
[    0.123721] On node 0, zone DMA32: 1537 pages in unavailable ranges
[    0.123739] On node 0, zone DMA32: 113 pages in unavailable ranges
[    0.123756] On node 0, zone DMA32: 2 pages in unavailable ranges
[    0.123790] On node 0, zone DMA32: 2 pages in unavailable ranges
[    0.123822] On node 0, zone DMA32: 9 pages in unavailable ranges
[    0.123888] On node 0, zone DMA32: 1536 pages in unavailable ranges
[    0.124060] On node 0, zone DMA32: 28 pages in unavailable ranges
[    0.124186] On node 0, zone DMA32: 3632 pages in unavailable ranges
[    1.021254] On node 0, zone Normal: 2048 pages in unavailable ranges
[    1.021394] On node 0, zone Normal: 4096 pages in unavailable ranges
[    1.026274] ACPI: PM-Timer IO Port: 0x508
[    1.026293] ACPI: X2APIC_NMI (uid[0xffffffff] high edge lint[0x1])
[    1.026308] ACPI: LAPIC_NMI (acpi_id[0xff] high edge lint[0x1])
[    1.026323] IOAPIC[0]: apic_id 8, version 32, address 0xfec00000, GSI 0-23
[    1.026338] ACPI: INT_SRC_OVR (bus 0 bus_irq 0 global_irq 2 dfl dfl)
[    1.026352] ACPI: INT_SRC_OVR (bus 0 bus_irq 9 global_irq 9 high level)
[    1.026369] ACPI: Using ACPI (MADT) for SMP configuration information
[    1.026382] ACPI: HPET id: 0x8086a701 base: 0xfed00000
[    1.026400] ACPI: SPCR: console: uart,io,0x3f8,115200
[    1.026413] TSC deadline timer available
[    1.026425] smpboot: Allowing 16 CPUs, 0 hotplug CPUs
[    1.026793] PM: hibernation: Registered nosave memory: [mem 0x00000000-0x00000fff]
[    1.026815] PM: hibernation: Registered nosave memory: [mem 0x000a0000-0x000fffff]
[    1.026837] PM: hibernation: Registered nosave memory: [mem 0xbb77a000-0xbcd2dfff]
[    1.026859] PM: hibernation: Registered nosave memory: [mem 0xbd0ec000-0xbd283fff]
[    1.026881] PM: hibernation: Registered nosave memory: [mem 0xbd41c000-0xbd855fff]
[    1.026903] PM: hibernation: Registered nosave memory: [mem 0xbda5e000-0xbdb76fff]
[    1.026925] PM: hibernation: Registered nosave memory: [mem 0xbdc90000-0xbdfbbfff]
[    1.026947] PM: hibernation: Registered nosave memory: [mem 0xbf435000-0xc0635fff]
[    1.026970] PM: hibernation: Registered nosave memory: [mem 0xcba03000-0xcba04fff]
[    1.026992] PM: hibernation: Registered nosave memory: [mem 0xcba06000-0xcba4dfff]
[    1.027015] PM: hibernation: Registered nosave memory: [mem 0xcba4f000-0xcba56fff]
[    1.027038] PM: hibernation: Registered nosave memory: [mem 0xcba58000-0xcd42afff]
[    1.027061] PM: hibernation: Registered nosave memory: [mem 0xcd42c000-0xcd42cfff]
[    1.027083] PM: hibernation: Registered nosave memory: [mem 0xcd42e000-0xcd63ffff]
[    1.027106] PM: hibernation: Registered nosave memory: [mem 0xcd6bf000-0xcd6bffff]
[    1.027130] PM: hibernation: Registered nosave memory: [mem 0xce51f000-0xcf11ffff]
[    1.027153] PM: hibernation: Registered nosave memory: [mem 0xcf133000-0xcf732fff]
[    1.027166] PM: hibernation: Registered nosave memory: [mem 0xcf733000-0xcf733fff]
[    1.027189] PM: hibernation: Registered nosave memory: [mem 0xd27dd000-0xd284dfff]
[    1.027213] PM: hibernation: Registered nosave memory: [mem 0xd2895000-0xd2896fff]
[    1.027236] PM: hibernation: Registered nosave memory: [mem 0xd2977000-0xd2978fff]
[    1.027260] PM: hibernation: Registered nosave memory: [mem 0xd2f55000-0xd2f5dfff]
[    1.027284] PM: hibernation: Registered nosave memory: [mem 0xd34bc000-0xd3abbfff]
[    1.027308] PM: hibernation: Registered nosave memory: [mem 0xd3c60000-0xd3c7bfff]
[    1.027331] PM: hibernation: Registered nosave memory: [mem 0xd69cf000-0xd6ccefff]
[    1.027345] PM: hibernation: Registered nosave memory: [mem 0xd6ccf000-0xd76fefff]
[    1.027358] PM: hibernation: Registered nosave memory: [mem 0xd76ff000-0xd77fefff]
[    1.027382] PM: hibernation: Registered nosave memory: [mem 0xd7800000-0xdfffffff]
[    1.027396] PM: hibernation: Registered nosave memory: [mem 0xe0000000-0xf282ffff]
[    1.027409] PM: hibernation: Registered nosave memory: [mem 0xf2830000-0xf2830fff]
[    1.027422] PM: hibernation: Registered nosave memory: [mem 0xf2831000-0xffffffff]
[    1.027437] [mem 0xe0000000-0xf282ffff] available for PCI devices
[    1.027452] Booting paravirtualized kernel on bare hardware
[    1.027464] clocksource: refined-jiffies: mask: 0xffffffff max_cycles: 0xffffffff, max_idle_ns: 1910969940391419 ns
[    1.041287] setup_percpu: NR_CPUS:8192 nr_cpumask_bits:16 nr_cpu_ids:16 nr_node_ids:2
[    1.041380] percpu: Embedded 54 pages/cpu s183912 r8192 d29080 u262144
[    1.041453] pcpu-alloc: s183912 r8192 d29080 u262144 alloc=1*2097152
[    1.041478] pcpu-alloc: [0] 00 01 02 03 04 05 06 07 [0] 08 09 10 11 12 13 14 15 
[    1.041936] Fallback order for Node 0: 0 
[    1.041972] Built 1 zonelists, mobility grouping on.  Total pages: 65863266
[    1.041986] Policy zone: Normal
[    1.041998] Kernel command line: BOOT_IMAGE=(hd1,gpt2)/vmlinuz-5.17.0-rc2-ee28855a5449-gee28855a5449 root=/dev/mapper/cs-root ro crashkernel=1G-4G:192M,4G-64G:256M,64G-:512M resume=/dev/mapper/cs-swap rd.lvm.lv=cs/root rd.lvm.lv=cs/swap rhgb quiet console=tty0 console=ttyS0,115200n8 intel_iommu=on,sm_on initcall_debug log_buf_len=200M no_console_suspend ignore_loglevel selinux=0 cxl_acpi.dyndbg=+fplm cxl_pci.dyndbg=+fplm cxl_core.dyndbg=+fplm cxl_mem.dyndbg=+fplm cxl_pmem.dyndbg=+fplm cxl_port.dyndbg=+fplm cxl_region.dyndbg=+fplm cxl_test.dyndbg=+fplm cxl_mock.dyndbg=+fplm cxl_mock_mem.dyndbg=+fplm
[    1.042253] DMAR: IOMMU enabled
[    1.042265] DMAR: Enable scalable mode if hardware supports
[    1.042667] Unknown kernel command line parameters "rhgb BOOT_IMAGE=(hd1,gpt2)/vmlinuz-5.17.0-rc2-ee28855a5449-gee28855a5449", will be passed to user space.
[    1.042701] Dentry cache hash table entries: 16777216 (order: 15, 134217728 bytes, linear)
[    1.042732] Inode-cache hash table entries: 8388608 (order: 14, 67108864 bytes, linear)
[    1.042941] mem auto-init: stack:off, heap alloc:off, heap free:off
[    1.937786] Memory: 260967020K/267635512K available (20493K kernel code, 60517K rwdata, 10640K rodata, 2568K init, 24692K bss, 6668288K reserved, 0K cma-reserved)
[    1.941412] SLUB: HWalign=64, Order=0-3, MinObjects=0, CPUs=16, Nodes=2
[    1.941427] kmemleak: Kernel memory leak detector disabled
[    1.941460] ftrace: allocating 62328 entries in 244 pages
[    1.949785] ftrace: allocated 244 pages with 5 groups
[    1.950750] Dynamic Preempt: none
[    1.950844] rcu: Preemptible hierarchical RCU implementation.
[    1.950857] rcu: 	RCU restricting CPUs from NR_CPUS=8192 to nr_cpu_ids=16.
[    1.950870] 	Trampoline variant of Tasks RCU enabled.
[    1.950882] 	Rude variant of Tasks RCU enabled.
[    1.950894] 	Tracing variant of Tasks RCU enabled.
[    1.950906] rcu: RCU calculated value of scheduler-enlistment delay is 100 jiffies.
[    1.950919] rcu: Adjusting geometry for rcu_fanout_leaf=16, nr_cpu_ids=16
[    1.965714] NR_IRQS: 524544, nr_irqs: 552, preallocated irqs: 16
[    1.966469] random: get_random_bytes called from start_kernel+0x4c6/0x69a with crng_init=0
[    1.966532] calling  con_init+0x0/0x22c @ 0
[    1.966562] Console: colour dummy device 80x25
[    1.969931] printk: console [tty0] enabled
[    1.969947] initcall con_init+0x0/0x22c returned 0 after 0 usecs
[    1.969967] calling  hvc_console_init+0x0/0x14 @ 0
[    1.969986] initcall hvc_console_init+0x0/0x14 returned 0 after 0 usecs
[    1.970006] calling  univ8250_console_init+0x0/0x27 @ 0
[    2.783244] printk: console [ttyS0] enabled
[    2.784262] initcall univ8250_console_init+0x0/0x27 returned 0 after 0 usecs
[    2.785945] calling  kgdboc_earlycon_late_init+0x0/0x1d @ 0
[    2.787287] initcall kgdboc_earlycon_late_init+0x0/0x1d returned 0 after 0 usecs
[    2.789086] ACPI: Core revision 20211217
[    2.818620] clocksource: hpet: mask: 0xffffffff max_cycles: 0xffffffff, max_idle_ns: 76450417870 ns
[    2.820784] APIC: Switch to symmetric I/O mode setup
[    2.822045] DMAR: Host address width 52
[    2.823044] DMAR: DRHD base: 0x0017ff40000000 flags: 0x0
[    2.824389] DMAR: dmar0: reg_base_addr 17ff40000000 ver 8:0 cap f9e8008cee730c06 ecap 7bbfef9ea4f0efdf
[    2.826657] DMAR: DRHD base: 0x0017ff80000000 flags: 0x0
[    2.828002] DMAR: dmar1: reg_base_addr 17ff80000000 ver 8:0 cap f9e8008cee730c06 ecap 7bbfef9ea4f0efdf
[    2.830270] DMAR: DRHD base: 0x0017ffc0000000 flags: 0x0
[    2.831615] DMAR: dmar2: reg_base_addr 17ffc0000000 ver 8:0 cap f9e8008cee730c06 ecap 7bbfef9ea4f0efdf
[    2.833883] DMAR: DRHD base: 0x001ffec0000000 flags: 0x0
[    2.835228] DMAR: dmar3: reg_base_addr 1ffec0000000 ver 8:0 cap f9e8008cee730c06 ecap 7bbfef9ea4f0efdf
[    2.837558] DMAR: DRHD base: 0x001fff00000000 flags: 0x0
[    2.838903] DMAR: dmar4: reg_base_addr 1fff00000000 ver 8:0 cap f9e8008cee730c06 ecap 7bbfef9ea4f0efdf
[    2.841172] DMAR: DRHD base: 0x001fff40000000 flags: 0x0
[    2.842528] DMAR: dmar5: reg_base_addr 1fff40000000 ver 8:0 cap f9e8008cee730c06 ecap 7bbfef9ea4f0efdf
[    2.844796] DMAR: DRHD base: 0x001fff80000000 flags: 0x0
[    2.846141] DMAR: dmar6: reg_base_addr 1fff80000000 ver 8:0 cap f9e8008cee730c06 ecap 7bbfef9ea4f0efdf
[    2.848410] DMAR: DRHD base: 0x0017ff00000000 flags: 0x0
[    2.849755] DMAR: dmar7: reg_base_addr 17ff00000000 ver 8:0 cap f9e8008cee730c06 ecap 7bbfef9ea4f0efdf
[    2.852085] DMAR: ATSR flags: 0x1
[    2.852902] DMAR: ATSR flags: 0x1
[    2.853780] DMAR: SATC flags: 0x0
[    2.854659] DMAR: SATC flags: 0x0
[    2.855539] DMAR-IR: IOAPIC id 8 under DRHD base  0x17ff00000000 IOMMU 7
[    2.857202] DMAR-IR: HPET id 0 under DRHD base 0x17ff00000000
[    2.858644] DMAR-IR: Queued invalidation will be enabled to support x2apic and Intr-remapping.
[    2.862810] DMAR-IR: Enabled IRQ remapping in x2apic mode
[    2.864881] ..TIMER: vector=0x30 apic1=0 pin1=2 apic2=-1 pin2=-1
[    2.870805] clocksource: tsc-early: mask: 0xffffffffffffffff max_cycles: 0x22983777dd9, max_idle_ns: 440795300422 ns
[    2.873344] Calibrating delay loop (skipped), value calculated using timer frequency.. 4800.00 BogoMIPS (lpj=2400000)
[    2.874385] pid_max: default: 32768 minimum: 301
MmEntryPoint ...
ClearRasRegister: Success to get RAS policy.
MmEntryPoint Done
[    2.905414] LSM: Security Framework initializing
[    2.907600] Mount-cache hash table entries: 262144 (order: 9, 2097152 bytes, linear)
[    2.908571] Mountpoint-cache hash table entries: 262144 (order: 9, 2097152 bytes, linear)
[    2.909754] x86/cpu: SGX disabled by BIOS.
[    2.910406] x86/tme: not enabled by BIOS
[    2.911385] CPU0: Thermal monitoring enabled (TM1)
[    2.912385] x86/cpu: User Mode Instruction Prevention (UMIP) activated
[    2.913390] process: using mwait in idle threads
[    2.914386] Last level iTLB entries: 4KB 0, 2MB 0, 4MB 0
[    2.915385] Last level dTLB entries: 4KB 0, 2MB 0, 4MB 0, 1GB 0
[    2.916388] Spectre V1 : Mitigation: usercopy/swapgs barriers and __user pointer sanitization
[    2.917391] Spectre V2 : Mitigation: Enhanced IBRS
[    2.918385] Spectre V2 : Spectre v2 / SpectreRSB mitigation: Filling RSB on context switch
[    2.919388] Spectre V2 : mitigation: Enabling conditional Indirect Branch Prediction Barrier
[    2.920391] Speculative Store Bypass: Mitigation: Speculative Store Bypass disabled via prctl
[    2.933503] Freeing SMP alternatives memory: 60K
[    2.934583] smpboot: CPU0: Intel(R) Core TM M7-6Y75 @ 2.00GHZ (family: 0x13, model: 0x0, stepping: 0x0)
[    2.936226] cblist_init_generic: Setting adjustable number of callback queues.
[    2.936385] cblist_init_generic: Setting shift to 4 and lim to 1.
[    2.937526] cblist_init_generic: Setting shift to 4 and lim to 1.
[    2.938536] cblist_init_generic: Setting shift to 4 and lim to 1.
[    2.939523] calling  init_hw_perf_events+0x0/0x61a @ 1
[    2.940386] Performance Events: XSAVE Architectural LBR,  AnyThread deprecated, generic architected perfmon, 32-deep LBR, full-width counters, Intel PMU driver.
[    2.941386] ... version:                6
[    2.942375] ... bit width:              48
[    2.943386] ... generic registers:      8
[    2.944375] ... value mask:             0000ffffffffffff
[    2.945386] ... max period:             00007fffffffffff
[    2.946386] ... fixed-purpose events:   4
[    2.947375] ... event mask:             0001000f000000ff
[    2.948462] initcall init_hw_perf_events+0x0/0x61a returned 0 after 7812 usecs
[    2.949386] calling  init_real_mode+0x0/0x1ee @ 1
[    2.950393] initcall init_real_mode+0x0/0x1ee returned 0 after 0 usecs
[    2.951386] calling  trace_init_perf_perm_irq_work_exit+0x0/0x13 @ 1
[    2.952386] initcall trace_init_perf_perm_irq_work_exit+0x0/0x13 returned 0 after 0 usecs
[    2.953386] calling  register_nmi_cpu_backtrace_handler+0x0/0x16 @ 1
[    2.954386] initcall register_nmi_cpu_backtrace_handler+0x0/0x16 returned 0 after 0 usecs
[    2.955386] calling  kvm_setup_vsyscall_timeinfo+0x0/0xcc @ 1
[    2.956386] initcall kvm_setup_vsyscall_timeinfo+0x0/0xcc returned 0 after 0 usecs
[    2.957386] calling  spawn_ksoftirqd+0x0/0x39 @ 1
[    2.958549] initcall spawn_ksoftirqd+0x0/0x39 returned 0 after 0 usecs
[    2.959385] calling  migration_init+0x0/0x32 @ 1
[    2.960386] initcall migration_init+0x0/0x32 returned 0 after 0 usecs
[    2.961386] calling  srcu_bootup_announce+0x0/0x30 @ 1
[    2.962386] rcu: Hierarchical SRCU implementation.
[    2.963386] initcall srcu_bootup_announce+0x0/0x30 returned 0 after 976 usecs
[    2.964386] calling  rcu_spawn_gp_kthread+0x0/0x1c3 @ 1
[    2.965522] initcall rcu_spawn_gp_kthread+0x0/0x1c3 returned 0 after 0 usecs
[    2.966386] calling  check_cpu_stall_init+0x0/0x1b @ 1
[    2.967386] initcall check_cpu_stall_init+0x0/0x1b returned 0 after 0 usecs
[    2.968386] calling  rcu_sysrq_init+0x0/0x22 @ 1
[    2.969386] initcall rcu_sysrq_init+0x0/0x22 returned 0 after 0 usecs
[    2.970386] calling  trace_init_flags_sys_enter+0x0/0xf @ 1
[    2.971386] initcall trace_init_flags_sys_enter+0x0/0xf returned 0 after 0 usecs
[    2.972386] calling  trace_init_flags_sys_exit+0x0/0xf @ 1
[    2.973386] initcall trace_init_flags_sys_exit+0x0/0xf returned 0 after 0 usecs
[    2.974386] calling  cpu_stop_init+0x0/0xa7 @ 1
[    2.975558] initcall cpu_stop_init+0x0/0xa7 returned 0 after 0 usecs
[    2.976417] calling  init_kprobes+0x0/0x183 @ 1
[    2.977771] initcall init_kprobes+0x0/0x183 returned 0 after 0 usecs
[    2.978386] calling  init_events+0x0/0x40 @ 1
[    2.979408] initcall init_events+0x0/0x40 returned 0 after 0 usecs
[    2.980386] calling  init_trace_printk+0x0/0xc @ 1
[    2.981386] initcall init_trace_printk+0x0/0xc returned 0 after 0 usecs
[    2.982386] calling  event_trace_enable_again+0x0/0x3e @ 1
[    2.983386] initcall event_trace_enable_again+0x0/0x3e returned 0 after 0 usecs
[    2.984386] calling  irq_work_init_threads+0x0/0x3 @ 1
[    2.985386] initcall irq_work_init_threads+0x0/0x3 returned 0 after 0 usecs
[    2.986386] calling  static_call_init+0x0/0x7f @ 1
[    2.987386] initcall static_call_init+0x0/0x7f returned 0 after 0 usecs
[    2.988386] calling  init_zero_pfn+0x0/0x38 @ 1
[    2.989386] initcall init_zero_pfn+0x0/0x38 returned 0 after 0 usecs
[    2.990386] calling  init_fs_inode_sysctls+0x0/0x22 @ 1
[    2.991387] initcall init_fs_inode_sysctls+0x0/0x22 returned 0 after 0 usecs
[    2.992386] calling  init_fs_locks_sysctls+0x0/0x22 @ 1
[    2.993387] initcall init_fs_locks_sysctls+0x0/0x22 returned 0 after 0 usecs
[    2.994386] calling  dynamic_debug_init+0x0/0x159 @ 1
[    2.995694] initcall dynamic_debug_init+0x0/0x159 returned 0 after 0 usecs
[    2.996386] calling  initialize_ptr_random+0x0/0x44 @ 1
[    2.997386] initcall initialize_ptr_random+0x0/0x44 returned 0 after 0 usecs
[    2.998386] calling  mce_amd_init+0x0/0x1f3 @ 1
[    2.999386] initcall mce_amd_init+0x0/0x1f3 returned -19 after 0 usecs
[    3.000386] calling  efi_memreserve_root_init+0x0/0x26 @ 1
[    3.001386] initcall efi_memreserve_root_init+0x0/0x26 returned 0 after 0 usecs
[    3.002386] calling  efi_earlycon_remap_fb+0x0/0x4e @ 1
[    3.003386] initcall efi_earlycon_remap_fb+0x0/0x4e returned 0 after 0 usecs
[    3.004386] calling  idle_inject_init+0x0/0x11 @ 1
[    3.005558] initcall idle_inject_init+0x0/0x11 returned 0 after 0 usecs
[    3.007420] smp: Bringing up secondary CPUs ...
[    3.009232] x86: Booting SMP configuration:
[    3.009417] .... node  #0, CPUs:        #1  #2  #3  #4
[    0.871940] smpboot: CPU 4 Converting physical 32 to logical die 2
[    3.069472]   #5  #6
[    0.871940] smpboot: CPU 6 Converting physical 33 to logical die 3
[    3.102783]   #7  #8
[    0.871940] smpboot: CPU 8 Converting physical 64 to logical die 4
[    3.135761]   #9 #10
[    0.871940] smpboot: CPU 10 Converting physical 65 to logical die 5
[    3.168923]  #11 #12
[    0.871940] smpboot: CPU 12 Converting physical 96 to logical die 6
[    3.202235]  #13 #14
[    0.871940] smpboot: CPU 14 Converting physical 97 to logical die 7
[    3.235457]  #15
[    3.246475] smp: Brought up 1 node, 16 CPUs
[    3.247385] smpboot: Max logical packages: 1
[    3.248386] smpboot: Total of 16 processors activated (76800.00 BogoMIPS)
[    3.249884] BUG: arch topology borken
[    3.250385]      the CLS domain not a subset of the MC domain
[    3.251390] BUG: arch topology borken
[    3.252286]      the CLS domain not a subset of the MC domain
[    3.252390] BUG: arch topology borken
[    3.253286]      the CLS domain not a subset of the MC domain
[    3.253411] BUG: arch topology borken
[    3.254307]      the CLS domain not a subset of the MC domain
[    3.254390] BUG: arch topology borken
[    3.255286]      the CLS domain not a subset of the MC domain
[    3.255390] BUG: arch topology borken
[    3.256286]      the CLS domain not a subset of the MC domain
[    3.256390] BUG: arch topology borken
[    3.257286]      the CLS domain not a subset of the MC domain
[    3.257390] BUG: arch topology borken
[    3.258286]      the CLS domain not a subset of the MC domain
[    3.258390] BUG: arch topology borken
[    3.259286]      the CLS domain not a subset of the MC domain
[    3.259390] BUG: arch topology borken
[    3.260286]      the CLS domain not a subset of the MC domain
[    3.260390] BUG: arch topology borken
[    3.261286]      the CLS domain not a subset of the MC domain
[    3.261390] BUG: arch topology borken
[    3.262286]      the CLS domain not a subset of the MC domain
[    3.262390] BUG: arch topology borken
[    3.263286]      the CLS domain not a subset of the MC domain
[    3.263390] BUG: arch topology borken
[    3.264286]      the CLS domain not a subset of the MC domain
[    3.264390] BUG: arch topology borken
[    3.265286]      the CLS domain not a subset of the MC domain
[    3.265390] BUG: arch topology borken
[    3.266286]      the CLS domain not a subset of the MC domain
[    3.278508] devtmpfs: initialized
[    3.279479] x86/mm: Memory block size: 2048MB
[    3.284735] calling  bpf_jit_charge_init+0x0/0x3c @ 1
[    3.285386] initcall bpf_jit_charge_init+0x0/0x3c returned 0 after 0 usecs
[    3.286386] calling  ipc_ns_init+0x0/0x3f @ 1
[    3.287387] initcall ipc_ns_init+0x0/0x3f returned 0 after 0 usecs
[    3.288386] calling  init_mmap_min_addr+0x0/0x27 @ 1
[    3.289386] initcall init_mmap_min_addr+0x0/0x27 returned 0 after 0 usecs
[    3.290386] calling  pci_realloc_setup_params+0x0/0x41 @ 1
[    3.291386] initcall pci_realloc_setup_params+0x0/0x41 returned 0 after 0 usecs
[    3.292386] calling  net_ns_init+0x0/0x111 @ 1
[    3.293428] initcall net_ns_init+0x0/0x111 returned 0 after 0 usecs
[    3.294416] calling  inet_frag_wq_init+0x0/0x3d @ 1
[    3.295412] initcall inet_frag_wq_init+0x0/0x3d returned 0 after 0 usecs
[    3.296891] calling  e820__register_nvs_regions+0x0/0x38 @ 1
[    3.297386] ACPI: PM: Registering ACPI NVS region [mem 0xcd6bf000-0xcd6bffff] (4096 bytes)
[    3.298386] ACPI: PM: Registering ACPI NVS region [mem 0xce51f000-0xcf11ffff] (12587008 bytes)
[    3.300260] ACPI: PM: Registering ACPI NVS region [mem 0xcf733000-0xcf733fff] (4096 bytes)
[    3.300386] ACPI: PM: Registering ACPI NVS region [mem 0xd6ccf000-0xd76fefff] (10682368 bytes)
[    3.302145] initcall e820__register_nvs_regions+0x0/0x38 returned 0 after 3906 usecs
[    3.302386] calling  cpufreq_register_tsc_scaling+0x0/0x2a @ 1
[    3.303386] initcall cpufreq_register_tsc_scaling+0x0/0x2a returned 0 after 0 usecs
[    3.304386] calling  reboot_init+0x0/0x3d @ 1
[    3.305392] initcall reboot_init+0x0/0x3d returned 0 after 0 usecs
[    3.306386] calling  init_lapic_sysfs+0x0/0x21 @ 1
[    3.307386] initcall init_lapic_sysfs+0x0/0x21 returned 0 after 0 usecs
[    3.308386] calling  alloc_frozen_cpus+0x0/0x1e @ 1
[    3.309386] initcall alloc_frozen_cpus+0x0/0x1e returned 0 after 0 usecs
[    3.310386] calling  cpu_hotplug_pm_sync_init+0x0/0x14 @ 1
[    3.311386] initcall cpu_hotplug_pm_sync_init+0x0/0x14 returned 0 after 0 usecs
[    3.312386] calling  wq_sysfs_init+0x0/0x2b @ 1
[    3.313415] initcall wq_sysfs_init+0x0/0x2b returned 0 after 0 usecs
[    3.314386] calling  ksysfs_init+0x0/0x93 @ 1
[    3.315395] initcall ksysfs_init+0x0/0x93 returned 0 after 0 usecs
[    3.316386] calling  schedutil_gov_init+0x0/0x11 @ 1
[    3.317386] initcall schedutil_gov_init+0x0/0x11 returned 0 after 0 usecs
[    3.318386] calling  pm_init+0x0/0x73 @ 1
[    3.319421] initcall pm_init+0x0/0x73 returned 0 after 976 usecs
[    3.320386] calling  pm_disk_init+0x0/0x18 @ 1
[    3.321389] initcall pm_disk_init+0x0/0x18 returned 0 after 0 usecs
[    3.322386] calling  swsusp_header_init+0x0/0x2c @ 1
[    3.323386] initcall swsusp_header_init+0x0/0x2c returned 0 after 0 usecs
[    3.324386] calling  rcu_set_runtime_mode+0x0/0x17 @ 1
[    3.325387] initcall rcu_set_runtime_mode+0x0/0x17 returned 0 after 0 usecs
[    3.326386] calling  init_jiffies_clocksource+0x0/0x18 @ 1
[    3.327386] clocksource: jiffies: mask: 0xffffffff max_cycles: 0xffffffff, max_idle_ns: 1911260446275000 ns
[    3.328386] initcall init_jiffies_clocksource+0x0/0x18 returned 0 after 976 usecs
[    3.329386] calling  futex_init+0x0/0xfe @ 1
[    3.330387] futex hash table entries: 4096 (order: 6, 262144 bytes, linear)
[    3.331433] initcall futex_init+0x0/0xfe returned 0 after 976 usecs
[    3.332386] calling  cgroup_wq_init+0x0/0x29 @ 1
[    3.333390] initcall cgroup_wq_init+0x0/0x29 returned 0 after 0 usecs
[    3.334386] calling  cgroup1_wq_init+0x0/0x29 @ 1
[    3.335390] initcall cgroup1_wq_init+0x0/0x29 returned 0 after 0 usecs
[    3.336386] calling  ftrace_mod_cmd_init+0x0/0xc @ 1
[    3.337386] initcall ftrace_mod_cmd_init+0x0/0xc returned 0 after 0 usecs
[    3.338386] calling  init_wakeup_tracer+0x0/0x2d @ 1
[    3.339386] initcall init_wakeup_tracer+0x0/0x2d returned 0 after 0 usecs
[    3.340386] calling  init_graph_trace+0x0/0x5d @ 1
[    3.341417] initcall init_graph_trace+0x0/0x5d returned 0 after 0 usecs
[    3.342386] calling  trace_events_eprobe_init_early+0x0/0x23 @ 1
[    3.343386] initcall trace_events_eprobe_init_early+0x0/0x23 returned 0 after 0 usecs
[    3.344386] calling  trace_events_synth_init_early+0x0/0x23 @ 1
[    3.345386] initcall trace_events_synth_init_early+0x0/0x23 returned 0 after 0 usecs
[    3.346386] calling  init_kprobe_trace_early+0x0/0x26 @ 1
[    3.347386] initcall init_kprobe_trace_early+0x0/0x26 returned 0 after 0 usecs
[    3.348386] calling  mem_cgroup_swap_init+0x0/0x56 @ 1
[    3.349387] initcall mem_cgroup_swap_init+0x0/0x56 returned 0 after 0 usecs
[    3.350386] calling  memory_failure_init+0x0/0xc1 @ 1
[    3.351386] initcall memory_failure_init+0x0/0xc1 returned 0 after 0 usecs
[    3.352386] calling  cma_init_reserved_areas+0x0/0x1e6 @ 1
[    3.353386] initcall cma_init_reserved_areas+0x0/0x1e6 returned 0 after 0 usecs
[    3.354386] calling  fsnotify_init+0x0/0x49 @ 1
[    3.355391] initcall fsnotify_init+0x0/0x49 returned 0 after 0 usecs
[    3.356386] calling  filelock_init+0x0/0xb8 @ 1
[    3.357405] initcall filelock_init+0x0/0xb8 returned 0 after 0 usecs
[    3.358386] calling  init_script_binfmt+0x0/0x16 @ 1
[    3.359386] initcall init_script_binfmt+0x0/0x16 returned 0 after 0 usecs
[    3.360386] calling  init_elf_binfmt+0x0/0x16 @ 1
[    3.361386] initcall init_elf_binfmt+0x0/0x16 returned 0 after 0 usecs
[    3.362386] calling  init_compat_elf_binfmt+0x0/0x16 @ 1
[    3.363386] initcall init_compat_elf_binfmt+0x0/0x16 returned 0 after 0 usecs
[    3.364386] calling  configfs_init+0x0/0x94 @ 1
[    3.365387] initcall configfs_init+0x0/0x94 returned 0 after 0 usecs
[    3.366386] calling  debugfs_init+0x0/0x5d @ 1
[    3.367387] initcall debugfs_init+0x0/0x5d returned 0 after 0 usecs
[    3.368386] calling  tracefs_init+0x0/0x3b @ 1
[    3.369398] initcall tracefs_init+0x0/0x3b returned 0 after 0 usecs
[    3.370386] calling  securityfs_init+0x0/0x69 @ 1
[    3.371397] initcall securityfs_init+0x0/0x69 returned 0 after 0 usecs
[    3.372386] calling  register_xor_blocks+0x0/0x9d @ 1
[    3.373386] initcall register_xor_blocks+0x0/0x9d returned 0 after 0 usecs
[    3.374386] calling  prandom_init_early+0x0/0x155 @ 1
[    3.375386] initcall prandom_init_early+0x0/0x155 returned 0 after 0 usecs
[    3.376386] calling  pinctrl_init+0x0/0xae @ 1
[    3.377386] pinctrl core: initialized pinctrl subsystem
[    3.378413] initcall pinctrl_init+0x0/0xae returned 0 after 976 usecs
[    3.379386] calling  gpiolib_dev_init+0x0/0xfd @ 1
[    3.380398] initcall gpiolib_dev_init+0x0/0xfd returned 0 after 0 usecs
[    3.381386] calling  virtio_init+0x0/0x20 @ 1
[    3.382392] initcall virtio_init+0x0/0x20 returned 0 after 0 usecs
[    3.383386] calling  iommu_init+0x0/0x30 @ 1
[    3.384388] 
[    3.384782] *************************************************************
[    3.385386] **     NOTICE NOTICE NOTICE NOTICE NOTICE NOTICE NOTICE    **
[    3.386386] **                                                         **
[    3.387386] **  IOMMU DebugFS SUPPORT HAS BEEN ENABLED IN THIS KERNEL  **
[    3.388386] **                                                         **
[    3.389386] ** This means that this kernel is built to expose internal **
[    3.390386] ** IOMMU data structures, which may compromise security on **
[    3.391386] ** your system.                                            **
[    3.392386] **                                                         **
[    3.393386] ** If you see this message and you are not debugging the   **
[    3.394385] ** kernel, report this immediately to your vendor!         **
[    3.395386] **                                                         **
[    3.396386] **     NOTICE NOTICE NOTICE NOTICE NOTICE NOTICE NOTICE    **
[    3.397386] *************************************************************
[    3.398386] initcall iommu_init+0x0/0x30 returned 0 after 13671 usecs
[    3.399386] calling  component_debug_init+0x0/0x1d @ 1
[    3.400387] initcall component_debug_init+0x0/0x1d returned 0 after 0 usecs
[    3.401386] calling  opp_debug_init+0x0/0x1d @ 1
[    3.402387] initcall opp_debug_init+0x0/0x1d returned 0 after 0 usecs
[    3.403386] calling  cpufreq_core_init+0x0/0x63 @ 1
[    3.404418] initcall cpufreq_core_init+0x0/0x63 returned 0 after 0 usecs
[    3.405386] calling  cpufreq_gov_performance_init+0x0/0x11 @ 1
[    3.406386] initcall cpufreq_gov_performance_init+0x0/0x11 returned 0 after 0 usecs
[    3.407386] calling  cpufreq_gov_powersave_init+0x0/0x11 @ 1
[    3.408386] initcall cpufreq_gov_powersave_init+0x0/0x11 returned 0 after 0 usecs
[    3.409386] calling  cpufreq_gov_userspace_init+0x0/0x11 @ 1
[    3.410386] initcall cpufreq_gov_userspace_init+0x0/0x11 returned 0 after 0 usecs
[    3.411386] calling  CPU_FREQ_GOV_ONDEMAND_init+0x0/0x11 @ 1
[    3.412386] initcall CPU_FREQ_GOV_ONDEMAND_init+0x0/0x11 returned 0 after 0 usecs
[    3.413386] calling  CPU_FREQ_GOV_CONSERVATIVE_init+0x0/0x11 @ 1
[    3.414386] initcall CPU_FREQ_GOV_CONSERVATIVE_init+0x0/0x11 returned 0 after 0 usecs
[    3.415386] calling  cpuidle_init+0x0/0x20 @ 1
[    3.416389] initcall cpuidle_init+0x0/0x20 returned 0 after 0 usecs
[    3.417386] calling  capsule_reboot_register+0x0/0x11 @ 1
[    3.418386] initcall capsule_reboot_register+0x0/0x11 returned 0 after 0 usecs
[    3.419386] calling  sock_init+0x0/0x94 @ 1
[    3.421209] initcall sock_init+0x0/0x94 returned 0 after 0 usecs
[    3.421386] calling  net_inuse_init+0x0/0x24 @ 1
[    3.422387] initcall net_inuse_init+0x0/0x24 returned 0 after 0 usecs
[    3.423386] calling  net_defaults_init+0x0/0x24 @ 1
[    3.424386] initcall net_defaults_init+0x0/0x24 returned 0 after 0 usecs
[    3.425386] calling  init_default_flow_dissectors+0x0/0x50 @ 1
[    3.426386] initcall init_default_flow_dissectors+0x0/0x50 returned 0 after 0 usecs
[    3.427386] calling  netpoll_init+0x0/0x46 @ 1
[    3.428386] initcall netpoll_init+0x0/0x46 returned 0 after 0 usecs
[    3.429386] calling  netlink_proto_init+0x0/0x17f @ 1
[    3.430413] NET: Registered PF_NETLINK/PF_ROUTE protocol family
[    3.431391] initcall netlink_proto_init+0x0/0x17f returned 0 after 976 usecs
[    3.432386] calling  genl_init+0x0/0x36 @ 1
[    3.433388] initcall genl_init+0x0/0x36 returned 0 after 0 usecs
[    3.434386] calling  bsp_pm_check_init+0x0/0x14 @ 1
[    3.435386] initcall bsp_pm_check_init+0x0/0x14 returned 0 after 0 usecs
[    3.436860] calling  irq_sysfs_init+0x0/0x94 @ 1
[    3.437612] initcall irq_sysfs_init+0x0/0x94 returned 0 after 0 usecs
[    3.438386] calling  audit_init+0x0/0x1c6 @ 1
[    3.439387] audit: initializing netlink subsys (disabled)
[    3.440457] initcall audit_init+0x0/0x1c6 returned 0 after 976 usecs
[    3.440457] audit: type=2000 audit(1622937246.603:1): state=initialized audit_enabled=0 res=1
[    3.441416] calling  release_early_probes+0x0/0x38 @ 1
[    3.443386] initcall release_early_probes+0x0/0x38 returned 0 after 0 usecs
[    3.444386] calling  bdi_class_init+0x0/0x49 @ 1
[    3.445390] initcall bdi_class_init+0x0/0x49 returned 0 after 0 usecs
[    3.446386] calling  mm_sysfs_init+0x0/0x29 @ 1
[    3.447387] initcall mm_sysfs_init+0x0/0x29 returned 0 after 0 usecs
[    3.448386] calling  init_per_zone_wmark_min+0x0/0x26 @ 1
[    3.449391] initcall init_per_zone_wmark_min+0x0/0x26 returned 0 after 0 usecs
[    3.450386] calling  mpi_init+0x0/0x50 @ 1
[    3.451387] initcall mpi_init+0x0/0x50 returned 0 after 0 usecs
[    3.452386] calling  kobject_uevent_init+0x0/0xc @ 1
[    3.453387] initcall kobject_uevent_init+0x0/0xc returned 0 after 0 usecs
[    3.454386] calling  gpiolib_sysfs_init+0x0/0xa0 @ 1
[    3.455390] initcall gpiolib_sysfs_init+0x0/0xa0 returned 0 after 0 usecs
[    3.456386] calling  acpi_gpio_setup_params+0x0/0x68 @ 1
[    3.457387] initcall acpi_gpio_setup_params+0x0/0x68 returned 0 after 0 usecs
[    3.458386] calling  pcibus_class_init+0x0/0x18 @ 1
[    3.459388] initcall pcibus_class_init+0x0/0x18 returned 0 after 0 usecs
[    3.460386] calling  pci_driver_init+0x0/0x22 @ 1
[    3.461411] initcall pci_driver_init+0x0/0x22 returned 0 after 0 usecs
[    3.462386] calling  backlight_class_init+0x0/0xa6 @ 1
[    3.463388] initcall backlight_class_init+0x0/0xa6 returned 0 after 0 usecs
[    3.464386] calling  tty_class_init+0x0/0x34 @ 1
[    3.465388] initcall tty_class_init+0x0/0x34 returned 0 after 0 usecs
[    3.466386] calling  vtconsole_class_init+0x0/0xd8 @ 1
[    3.467447] initcall vtconsole_class_init+0x0/0xd8 returned 0 after 0 usecs
[    3.468386] calling  iommu_dev_init+0x0/0x18 @ 1
[    3.469388] initcall iommu_dev_init+0x0/0x18 returned 0 after 0 usecs
[    3.470386] calling  mipi_dsi_bus_init+0x0/0x11 @ 1
[    3.471392] initcall mipi_dsi_bus_init+0x0/0x11 returned 0 after 0 usecs
[    3.472386] calling  devlink_class_init+0x0/0x41 @ 1
[    3.473388] initcall devlink_class_init+0x0/0x41 returned 0 after 0 usecs
[    3.474386] calling  software_node_init+0x0/0x2b @ 1
[    3.475387] initcall software_node_init+0x0/0x2b returned 0 after 0 usecs
[    3.476386] calling  wakeup_sources_debugfs_init+0x0/0x24 @ 1
[    3.477387] initcall wakeup_sources_debugfs_init+0x0/0x24 returned 0 after 0 usecs
[    3.478386] calling  wakeup_sources_sysfs_init+0x0/0x30 @ 1
[    3.479388] initcall wakeup_sources_sysfs_init+0x0/0x30 returned 0 after 0 usecs
[    3.480386] calling  register_node_type+0x0/0x2f @ 1
[    3.481418] initcall register_node_type+0x0/0x2f returned 0 after 0 usecs
[    3.482386] calling  regmap_initcall+0x0/0xd @ 1
[    3.483387] initcall regmap_initcall+0x0/0xd returned 0 after 0 usecs
[    3.484386] calling  syscon_init+0x0/0x13 @ 1
[    3.485391] initcall syscon_init+0x0/0x13 returned 0 after 0 usecs
[    3.486386] calling  spi_init+0x0/0x99 @ 1
[    3.487395] initcall spi_init+0x0/0x99 returned 0 after 0 usecs
[    3.488386] calling  i2c_init+0x0/0xbf @ 1
[    3.489399] initcall i2c_init+0x0/0xbf returned 0 after 0 usecs
[    3.490386] calling  thermal_init+0x0/0x136 @ 1
[    3.491392] thermal_sys: Registered thermal governor 'step_wise'
[    3.491404] thermal_sys: Registered thermal governor 'user_space'
[    3.492388] initcall thermal_init+0x0/0x136 returned 0 after 976 usecs
[    3.494386] calling  init_ladder+0x0/0x24 @ 1
[    3.495453] cpuidle: using governor ladder
[    3.496416] initcall init_ladder+0x0/0x24 returned 0 after 976 usecs
[    3.497386] calling  init_menu+0x0/0x11 @ 1
[    3.498490] cpuidle: using governor menu
[    3.499416] initcall init_menu+0x0/0x11 returned 0 after 976 usecs
[    3.500386] calling  init_haltpoll+0x0/0x1d @ 1
[    3.501386] initcall init_haltpoll+0x0/0x1d returned 0 after 0 usecs
[    3.502386] calling  pcc_init+0x0/0x8d @ 1
[    3.503386] initcall pcc_init+0x0/0x8d returned -19 after 0 usecs
[    3.504386] calling  amd_postcore_init+0x0/0x11a @ 1
[    3.505386] initcall amd_postcore_init+0x0/0x11a returned 0 after 0 usecs
[    3.506860] calling  bts_init+0x0/0xbb @ 1
[    3.507387] initcall bts_init+0x0/0xbb returned 0 after 0 usecs
[    3.508386] calling  pt_init+0x0/0x33c @ 1
[    3.510438] initcall pt_init+0x0/0x33c returned 0 after 976 usecs
[    3.511416] calling  boot_params_ksysfs_init+0x0/0x296 @ 1
[    3.512388] initcall boot_params_ksysfs_init+0x0/0x296 returned 0 after 0 usecs
[    3.513386] calling  sbf_init+0x0/0xce @ 1
[    3.514386] initcall sbf_init+0x0/0xce returned 0 after 0 usecs
[    3.515386] calling  arch_kdebugfs_init+0x0/0x1d @ 1
[    3.516387] initcall arch_kdebugfs_init+0x0/0x1d returned 0 after 0 usecs
[    3.517386] calling  xfd_update_static_branch+0x0/0x59 @ 1
[    3.518386] initcall xfd_update_static_branch+0x0/0x59 returned 0 after 0 usecs
[    3.519386] calling  intel_pconfig_init+0x0/0x82 @ 1
[    3.520386] initcall intel_pconfig_init+0x0/0x82 returned 0 after 0 usecs
[    3.521386] calling  mtrr_if_init+0x0/0x5e @ 1
[    3.522386] initcall mtrr_if_init+0x0/0x5e returned 0 after 0 usecs
[    3.523386] calling  activate_jump_labels+0x0/0x32 @ 1
[    3.524386] initcall activate_jump_labels+0x0/0x32 returned 0 after 0 usecs
[    3.525386] calling  ffh_cstate_init+0x0/0x31 @ 1
[    3.526387] initcall ffh_cstate_init+0x0/0x31 returned 0 after 0 usecs
[    3.527386] calling  kvm_alloc_cpumask+0x0/0x9d @ 1
[    3.528386] initcall kvm_alloc_cpumask+0x0/0x9d returned 0 after 0 usecs
[    3.529386] calling  activate_jump_labels+0x0/0x32 @ 1
[    3.530417] initcall activate_jump_labels+0x0/0x32 returned 0 after 0 usecs
[    3.531386] calling  gigantic_pages_init+0x0/0x20 @ 1
[    3.532389] initcall gigantic_pages_init+0x0/0x20 returned 0 after 0 usecs
[    3.533386] calling  kcmp_cookies_init+0x0/0x38 @ 1
[    3.534388] initcall kcmp_cookies_init+0x0/0x38 returned 0 after 0 usecs
[    3.535386] calling  cryptomgr_init+0x0/0x11 @ 1
[    3.536386] initcall cryptomgr_init+0x0/0x11 returned 0 after 0 usecs
[    3.537386] calling  acpi_pci_init+0x0/0x4f @ 1
[    3.538386] acpiphp: ACPI Hot Plug PCI Controller Driver version: 0.5
[    3.539386] initcall acpi_pci_init+0x0/0x4f returned 0 after 976 usecs
[    3.540386] calling  dma_channel_table_init+0x0/0xca @ 1
[    3.541402] initcall dma_channel_table_init+0x0/0xca returned 0 after 0 usecs
[    3.542386] calling  dma_bus_init+0x0/0x10d @ 1
[    3.543437] initcall dma_bus_init+0x0/0x10d returned 0 after 0 usecs
[    3.544386] calling  iommu_dma_init+0x0/0x10 @ 1
[    3.545387] initcall iommu_dma_init+0x0/0x10 returned 0 after 0 usecs
[    3.546386] calling  dmi_id_init+0x0/0x37d @ 1
[    3.547448] initcall dmi_id_init+0x0/0x37d returned 0 after 0 usecs
[    3.548386] calling  pci_arch_init+0x0/0x72 @ 1
[    3.549538] PCI: MMCONFIG for domain 0000 [bus 00-ff] at [mem 0x100000000000-0x10000fffffff] (base 0x100000000000)
[    3.550387] PCI: MMCONFIG for domain 0001 [bus 00-ff] at [mem 0x100010000000-0x10001fffffff] (base 0x100010000000)
[    3.551387] PCI: MMCONFIG at [mem 0x100000000000-0x10000fffffff] reserved in E820
[    3.552418] PCI: MMCONFIG at [mem 0x100010000000-0x10001fffffff] reserved in E820
[    3.553466] PCI: Using configuration type 1 for base access
[    3.554392] initcall pci_arch_init+0x0/0x72 returned 0 after 4882 usecs
[    3.555386] calling  of_platform_default_populate_init+0x0/0xb7 @ 1
[    3.556386] initcall of_platform_default_populate_init+0x0/0xb7 returned -19 after 0 usecs
[    3.557860] calling  init_vdso+0x0/0x14 @ 1
[    3.558397] initcall init_vdso+0x0/0x14 returned 0 after 0 usecs
[    3.559386] calling  sysenter_setup+0x0/0x14 @ 1
[    3.560403] initcall sysenter_setup+0x0/0x14 returned 0 after 0 usecs
[    3.561386] calling  fixup_ht_bug+0x0/0xa8 @ 1
[    3.562386] initcall fixup_ht_bug+0x0/0xa8 returned 0 after 0 usecs
[    3.563386] calling  topology_init+0x0/0xd2 @ 1
[    3.566219] initcall topology_init+0x0/0xd2 returned 0 after 976 usecs
[    3.566417] calling  intel_epb_init+0x0/0x84 @ 1
[    3.567411] ENERGY_PERF_BIAS: Set to 'normal', was 'performance'
[    3.569469] initcall intel_epb_init+0x0/0x84 returned 0 after 1953 usecs
[    3.570386] calling  mtrr_init_finialize+0x0/0x3f @ 1
[    3.571386] initcall mtrr_init_finialize+0x0/0x3f returned 0 after 0 usecs
[    3.572386] calling  uid_cache_init+0x0/0xbb @ 1
[    3.573419] initcall uid_cache_init+0x0/0xbb returned 0 after 0 usecs
[    3.574386] calling  param_sysfs_init+0x0/0x1b2 @ 1
[    3.581183] initcall param_sysfs_init+0x0/0x1b2 returned 0 after 4882 usecs
[    3.581386] calling  user_namespace_sysctl_init+0x0/0xcf @ 1
[    3.582395] initcall user_namespace_sysctl_init+0x0/0xcf returned 0 after 0 usecs
[    3.583386] calling  proc_schedstat_init+0x0/0x25 @ 1
[    3.584386] initcall proc_schedstat_init+0x0/0x25 returned 0 after 0 usecs
[    3.585410] calling  pm_sysrq_init+0x0/0x19 @ 1
[    3.586470] initcall pm_sysrq_init+0x0/0x19 returned 0 after 0 usecs
[    3.587417] calling  create_proc_profile+0x0/0xd0 @ 1
[    3.588386] initcall create_proc_profile+0x0/0xd0 returned 0 after 0 usecs
[    3.589386] calling  crash_save_vmcoreinfo_init+0x0/0x675 @ 1
[    3.590470] initcall crash_save_vmcoreinfo_init+0x0/0x675 returned 0 after 0 usecs
[    3.591386] calling  crash_notes_memory_init+0x0/0x36 @ 1
[    3.592387] initcall crash_notes_memory_init+0x0/0x36 returned 0 after 0 usecs
[    3.593386] calling  cgroup_sysfs_init+0x0/0x18 @ 1
[    3.594388] initcall cgroup_sysfs_init+0x0/0x18 returned 0 after 0 usecs
[    3.595386] calling  cgroup_namespaces_init+0x0/0x8 @ 1
[    3.596386] initcall cgroup_namespaces_init+0x0/0x8 returned 0 after 0 usecs
[    3.597386] calling  user_namespaces_init+0x0/0x2d @ 1
[    3.598389] initcall user_namespaces_init+0x0/0x2d returned 0 after 0 usecs
[    3.599386] calling  init_optprobes+0x0/0x15 @ 1
[    3.600386] kprobes: kprobe jump-optimization is enabled. All kprobes are optimized if possible.
[    3.601386] initcall init_optprobes+0x0/0x15 returned 0 after 976 usecs
[    3.602386] calling  send_signal_irq_work_init+0x0/0x60 @ 1
[    3.603386] initcall send_signal_irq_work_init+0x0/0x60 returned 0 after 0 usecs
[    3.604386] calling  dev_map_init+0x0/0x52 @ 1
[    3.605386] initcall dev_map_init+0x0/0x52 returned 0 after 0 usecs
[    3.606386] calling  cpu_map_init+0x0/0x46 @ 1
[    3.607386] initcall cpu_map_init+0x0/0x46 returned 0 after 0 usecs
[    3.608386] calling  netns_bpf_init+0x0/0x11 @ 1
[    3.609386] initcall netns_bpf_init+0x0/0x11 returned 0 after 0 usecs
[    3.610386] calling  oom_init+0x0/0x30 @ 1
[    3.611408] initcall oom_init+0x0/0x30 returned 0 after 0 usecs
[    3.612428] calling  default_bdi_init+0x0/0xa8 @ 1
[    3.613436] initcall default_bdi_init+0x0/0xa8 returned 0 after 0 usecs
[    3.614416] calling  cgwb_init+0x0/0x29 @ 1
[    3.615390] initcall cgwb_init+0x0/0x29 returned 0 after 0 usecs
[    3.616386] calling  percpu_enable_async+0x0/0xf @ 1
[    3.617386] initcall percpu_enable_async+0x0/0xf returned 0 after 0 usecs
[    3.618386] calling  kcompactd_init+0x0/0x92 @ 1
[    3.619408] initcall kcompactd_init+0x0/0x92 returned 0 after 0 usecs
[    3.620416] calling  init_user_reserve+0x0/0x40 @ 1
[    3.621386] initcall init_user_reserve+0x0/0x40 returned 0 after 0 usecs
[    3.622386] calling  init_admin_reserve+0x0/0x40 @ 1
[    3.623386] initcall init_admin_reserve+0x0/0x40 returned 0 after 0 usecs
[    3.624386] calling  init_reserve_notifier+0x0/0x1f @ 1
[    3.625386] initcall init_reserve_notifier+0x0/0x1f returned 0 after 0 usecs
[    3.626386] calling  swap_init_sysfs+0x0/0x63 @ 1
[    3.627387] initcall swap_init_sysfs+0x0/0x63 returned 0 after 0 usecs
[    3.628386] calling  swapfile_init+0x0/0x90 @ 1
[    3.629386] initcall swapfile_init+0x0/0x90 returned 0 after 0 usecs
[    3.630386] calling  hugetlb_init+0x0/0x4da @ 1
[    3.631390] HugeTLB registered 1.00 GiB page size, pre-allocated 0 pages
[    3.632418] HugeTLB registered 2.00 MiB page size, pre-allocated 0 pages
[    3.633434] initcall hugetlb_init+0x0/0x4da returned 0 after 1953 usecs
[    3.634386] calling  ksm_init+0x0/0x197 @ 1
[    3.635412] initcall ksm_init+0x0/0x197 returned 0 after 0 usecs
[    3.636416] calling  numa_init_sysfs+0x0/0x63 @ 1
[    3.637387] initcall numa_init_sysfs+0x0/0x63 returned 0 after 0 usecs
[    3.638386] calling  hugepage_init+0x0/0x137 @ 1
[    3.639459] initcall hugepage_init+0x0/0x137 returned 0 after 0 usecs
[    3.640416] calling  mem_cgroup_init+0x0/0x157 @ 1
[    3.641387] initcall mem_cgroup_init+0x0/0x157 returned 0 after 0 usecs
[    3.642386] calling  io_wq_init+0x0/0x39 @ 1
[    3.643386] initcall io_wq_init+0x0/0x39 returned 0 after 0 usecs
[    3.644386] calling  seqiv_module_init+0x0/0x11 @ 1
[    3.645386] initcall seqiv_module_init+0x0/0x11 returned 0 after 0 usecs
[    3.646386] calling  echainiv_module_init+0x0/0x11 @ 1
[    3.647386] initcall echainiv_module_init+0x0/0x11 returned 0 after 0 usecs
[    3.648386] calling  rsa_init+0x0/0x50 @ 1
[    3.649386] initcall rsa_init+0x0/0x50 returned 0 after 0 usecs
[    3.650386] calling  sm2_init+0x0/0x20 @ 1
[    3.651386] initcall sm2_init+0x0/0x20 returned 0 after 0 usecs
[    3.652386] calling  ecdsa_init+0x0/0x80 @ 1
[    3.653387] initcall ecdsa_init+0x0/0x80 returned 0 after 0 usecs
[    3.654386] calling  crypto_cmac_module_init+0x0/0x11 @ 1
[    3.655386] initcall crypto_cmac_module_init+0x0/0x11 returned 0 after 0 usecs
[    3.656386] calling  hmac_module_init+0x0/0x11 @ 1
[    3.657386] initcall hmac_module_init+0x0/0x11 returned 0 after 0 usecs
[    3.658386] calling  crypto_null_mod_init+0x0/0x66 @ 1
[    3.659388] initcall crypto_null_mod_init+0x0/0x66 returned 0 after 0 usecs
[    3.660386] calling  md5_mod_init+0x0/0x11 @ 1
[    3.661386] initcall md5_mod_init+0x0/0x11 returned 0 after 0 usecs
[    3.662386] calling  sha1_generic_mod_init+0x0/0x11 @ 1
[    3.663386] initcall sha1_generic_mod_init+0x0/0x11 returned 0 after 0 usecs
[    3.664386] calling  sha256_generic_mod_init+0x0/0x16 @ 1
[    3.665387] initcall sha256_generic_mod_init+0x0/0x16 returned 0 after 0 usecs
[    3.666386] calling  sha512_generic_mod_init+0x0/0x16 @ 1
[    3.667387] initcall sha512_generic_mod_init+0x0/0x16 returned 0 after 0 usecs
[    3.668386] calling  sha3_generic_mod_init+0x0/0x16 @ 1
[    3.669390] initcall sha3_generic_mod_init+0x0/0x16 returned 0 after 0 usecs
[    3.670386] calling  sm3_generic_mod_init+0x0/0x11 @ 1
[    3.671387] initcall sm3_generic_mod_init+0x0/0x11 returned 0 after 0 usecs
[    3.672386] calling  streebog_mod_init+0x0/0x16 @ 1
[    3.673388] initcall streebog_mod_init+0x0/0x16 returned 0 after 0 usecs
[    3.674386] calling  blake2b_mod_init+0x0/0x16 @ 1
[    3.675390] initcall blake2b_mod_init+0x0/0x16 returned 0 after 0 usecs
[    3.676386] calling  crypto_ecb_module_init+0x0/0x11 @ 1
[    3.677386] initcall crypto_ecb_module_init+0x0/0x11 returned 0 after 0 usecs
[    3.678386] calling  crypto_cbc_module_init+0x0/0x11 @ 1
[    3.679386] initcall crypto_cbc_module_init+0x0/0x11 returned 0 after 0 usecs
[    3.680386] calling  crypto_ctr_module_init+0x0/0x16 @ 1
[    3.681386] initcall crypto_ctr_module_init+0x0/0x16 returned 0 after 0 usecs
[    3.682386] calling  crypto_gcm_module_init+0x0/0x65 @ 1
[    3.683386] initcall crypto_gcm_module_init+0x0/0x65 returned 0 after 0 usecs
[    3.684386] calling  cryptd_init+0x0/0xfd @ 1
[    3.685417] cryptd: max_cpu_qlen set to 1000
[    3.686416] initcall cryptd_init+0x0/0xfd returned 0 after 976 usecs
[    3.687386] calling  des_generic_mod_init+0x0/0x16 @ 1
[    3.688388] initcall des_generic_mod_init+0x0/0x16 returned 0 after 0 usecs
[    3.689386] calling  serpent_mod_init+0x0/0x11 @ 1
[    3.690387] initcall serpent_mod_init+0x0/0x11 returned 0 after 0 usecs
[    3.691386] calling  aes_init+0x0/0x11 @ 1
[    3.692387] initcall aes_init+0x0/0x11 returned 0 after 0 usecs
[    3.693386] calling  deflate_mod_init+0x0/0x3f @ 1
[    3.694389] initcall deflate_mod_init+0x0/0x3f returned 0 after 0 usecs
[    3.695417] calling  crc32c_mod_init+0x0/0x11 @ 1
[    3.696387] initcall crc32c_mod_init+0x0/0x11 returned 0 after 0 usecs
[    3.697386] calling  crc32_mod_init+0x0/0x11 @ 1
[    3.698398] initcall crc32_mod_init+0x0/0x11 returned 0 after 0 usecs
[    3.699386] calling  crypto_authenc_module_init+0x0/0x11 @ 1
[    3.700386] initcall crypto_authenc_module_init+0x0/0x11 returned 0 after 0 usecs
[    3.701386] calling  crypto_authenc_esn_module_init+0x0/0x11 @ 1
[    3.702386] initcall crypto_authenc_esn_module_init+0x0/0x11 returned 0 after 0 usecs
[    3.703386] calling  lzo_mod_init+0x0/0x3a @ 1
[    3.704388] initcall lzo_mod_init+0x0/0x3a returned 0 after 0 usecs
[    3.705386] calling  lzorle_mod_init+0x0/0x3a @ 1
[    3.706389] initcall lzorle_mod_init+0x0/0x3a returned 0 after 0 usecs
[    3.707386] calling  xxhash_mod_init+0x0/0x11 @ 1
[    3.708387] initcall xxhash_mod_init+0x0/0x11 returned 0 after 0 usecs
[    3.709386] calling  drbg_init+0x0/0xca @ 1
[    3.710400] initcall drbg_init+0x0/0xca returned 0 after 0 usecs
[    3.711386] calling  ghash_mod_init+0x0/0x11 @ 1
[    3.712387] initcall ghash_mod_init+0x0/0x11 returned 0 after 0 usecs
[    3.713386] calling  essiv_module_init+0x0/0x11 @ 1
[    3.714386] initcall essiv_module_init+0x0/0x11 returned 0 after 0 usecs
[    3.715386] calling  curve25519_init+0x0/0x20 @ 1
[    3.716387] initcall curve25519_init+0x0/0x20 returned 0 after 0 usecs
[    3.717386] calling  ecdh_init+0x0/0x80 @ 1
[    3.718392] initcall ecdh_init+0x0/0x80 returned 0 after 0 usecs
[    3.719386] calling  init_bio+0x0/0x86 @ 1
[    3.720422] initcall init_bio+0x0/0x86 returned 0 after 0 usecs
[    3.721386] calling  blk_ioc_init+0x0/0x2a @ 1
[    3.722387] initcall blk_ioc_init+0x0/0x2a returned 0 after 0 usecs
[    3.723386] calling  blk_mq_init+0x0/0xc0 @ 1
[    3.724386] initcall blk_mq_init+0x0/0xc0 returned 0 after 0 usecs
[    3.725386] calling  genhd_device_init+0x0/0x5e @ 1
[    3.726414] initcall genhd_device_init+0x0/0x5e returned 0 after 0 usecs
[    3.727416] calling  blkcg_init+0x0/0x29 @ 1
[    3.728427] initcall blkcg_init+0x0/0x29 returned 0 after 0 usecs
[    3.729416] calling  bio_crypt_ctx_init+0x0/0x5c @ 1
[    3.730425] initcall bio_crypt_ctx_init+0x0/0x5c returned 0 after 0 usecs
[    3.731386] calling  raid6_select_algo+0x0/0x2f0 @ 1
[    3.749386] raid6: avx512x4 gen() 10289 MB/s
[    3.767386] raid6: avx512x2 gen() 10694 MB/s
[    3.785385] raid6: avx512x1 gen()  9257 MB/s
[    3.803388] raid6: avx2x4   gen()  5607 MB/s
[    3.821417] raid6: avx2x2   gen()  5542 MB/s
[    3.839388] raid6: avx2x1   gen()  4527 MB/s
[    3.840386] raid6: using algorithm avx512x2 gen() 10694 MB/s
[    3.858386] raid6: .... xor() 5897 MB/s, rmw enabled
[    3.859386] raid6: using avx512x2 recovery algorithm
[    3.860386] initcall raid6_select_algo+0x0/0x2f0 returned 0 after 125000 usecs
[    3.861386] calling  irq_poll_setup+0x0/0x71 @ 1
[    3.862386] initcall irq_poll_setup+0x0/0x71 returned 0 after 0 usecs
[    3.863386] calling  gpiolib_debugfs_init+0x0/0x24 @ 1
[    3.864387] initcall gpiolib_debugfs_init+0x0/0x24 returned 0 after 0 usecs
[    3.865386] calling  pwm_debugfs_init+0x0/0x24 @ 1
[    3.866387] initcall pwm_debugfs_init+0x0/0x24 returned 0 after 0 usecs
[    3.867386] calling  pwm_sysfs_init+0x0/0x18 @ 1
[    3.868388] initcall pwm_sysfs_init+0x0/0x18 returned 0 after 0 usecs
[    3.869386] calling  pci_slot_init+0x0/0x40 @ 1
[    3.870387] initcall pci_slot_init+0x0/0x40 returned 0 after 0 usecs
[    3.871386] calling  fbmem_init+0x0/0xdb @ 1
[    3.872418] initcall fbmem_init+0x0/0xdb returned 0 after 0 usecs
[    3.873386] calling  scan_for_dmi_ipmi+0x0/0x26f @ 1
[    3.874411] initcall scan_for_dmi_ipmi+0x0/0x26f returned 0 after 0 usecs
[    3.875386] calling  acpi_init+0x0/0x498 @ 1
[    3.876390] PRM: found 4 modules
[    3.877223] ACPI: Added _OSI(Module Device)
[    3.877418] ACPI: Added _OSI(Processor Device)
[    3.878407] ACPI: Added _OSI(3.0 _SCP Extensions)
[    3.879386] ACPI: Added _OSI(Processor Aggregator Device)
[    3.880386] ACPI: Added _OSI(Linux-Dell-Video)
[    3.881386] ACPI: Added _OSI(Linux-Lenovo-NV-HDMI-Audio)
[    3.882386] ACPI: Added _OSI(Linux-HPI-Hybrid-Graphics)
[    4.809185] ACPI: 11 ACPI AML tables successfully acquired and loaded
[    4.904146] ACPI: Dynamic OEM Table Load:
[    7.412467] ACPI: Dynamic OEM Table Load:
[    9.690822] ACPI: Interpreter enabled
[    9.691417] ACPI: PM: (supports S0 S5)
[    9.692333] ACPI: Using IOAPIC for interrupt routing
[    9.692471] HEST: Table parsing has been initialized.
[    9.697418] PCI: Using host bridge windows from ACPI; if necessary, use "pci=nocrs" and report a bug
[   10.021539] ACPI: Enabled 1 GPEs in block 00 to 7F
[   11.055093] ACPI: PCI Root Bridge [PC00] (domain 0000 [bus 00-0b])
[   11.061463] acpi PNP0A08:00: _OSC: OS supports [ExtendedConfig ASPM ClockPM Segments MSI EDR HPX-Type3]
[   11.076303] acpi PNP0A08:00: _OSC: platform does not support [SHPCHotplug AER DPC]
[   11.085676] acpi PNP0A08:00: _OSC: OS now controls [PCIeHotplug PME PCIeCapability LTR]
[   11.094996] PCI host bridge to bus 0000:00
[   11.099406] pci_bus 0000:00: root bus resource [io  0x1000-0x3fff window]
[   11.106386] pci_bus 0000:00: root bus resource [mem 0xe0000000-0xe3ffffff window]
[   11.114418] pci_bus 0000:00: root bus resource [mem 0x100400000000-0x1010bfbeffff window]
[   11.123406] pci_bus 0000:00: root bus resource [io  0x0780-0x079f window]
[   11.131406] pci_bus 0000:00: root bus resource [io  0x0400-0x041f window]
[   11.138386] pci_bus 0000:00: root bus resource [io  0x0500-0x05ff window]
[   11.146386] pci_bus 0000:00: root bus resource [mem 0xf2800000-0xf2803fff window]
[   11.154386] pci_bus 0000:00: root bus resource [mem 0xf2830000-0xf2830fff window]
[   11.162386] pci_bus 0000:00: root bus resource [mem 0xf3000000-0xf3ffffff window]
[   11.170387] pci_bus 0000:00: root bus resource [bus 00-0b]
[   11.176575] pci 0000:00:00.0: [8086:09a2] type 00 class 0x088000
[   11.184223] pci 0000:00:00.0: reg 0x30: [mem 0xfffff800-0xffffffff pref]
[   11.191553] pci 0000:00:00.0: calling  quirk_igfx_skip_te_disable+0x0/0x50 @ 1
[   11.199406] pci 0000:00:00.0: quirk_igfx_skip_te_disable+0x0/0x50 took 0 usecs
[   11.208182] pci 0000:00:00.4: [8086:0b23] type 00 class 0x000000
[   11.216334] pci 0000:00:00.4: calling  quirk_igfx_skip_te_disable+0x0/0x50 @ 1
[   11.223417] pci 0000:00:00.4: quirk_igfx_skip_te_disable+0x0/0x50 took 0 usecs
[   11.232429] pci 0000:00:01.0: [8086:28c0] type 00 class 0x010400
[   11.239708] pci 0000:00:01.0: reg 0x10: [mem 0x1010bf446000-0x1010bf446fff 64bit]
[   11.247639] pci 0000:00:01.0: reg 0x18: [mem 0x1010bf445000-0x1010bf445fff 64bit]
[   11.256608] pci 0000:00:01.0: reg 0x20: [mem 0x1010bf444000-0x1010bf444fff 64bit]
[   11.264527] pci 0000:00:01.0: reg 0x30: [mem 0xfffff800-0xffffffff pref]
[   11.271553] pci 0000:00:01.0: calling  quirk_igfx_skip_te_disable+0x0/0x50 @ 1
[   11.280386] pci 0000:00:01.0: quirk_igfx_skip_te_disable+0x0/0x50 took 0 usecs
[   11.288407] pci 0000:00:01.1: [8086:09ab] type 00 class 0x088000
[   11.296191] pci 0000:00:01.1: reg 0x30: [mem 0xfffff800-0xffffffff pref]
[   11.303432] pci 0000:00:01.1: calling  quirk_igfx_skip_te_disable+0x0/0x50 @ 1
[   11.311418] pci 0000:00:01.1: quirk_igfx_skip_te_disable+0x0/0x50 took 0 usecs
[   11.319713] pci 0000:00:01.2: [8086:09ab] type 00 class 0x088000
[   11.327406] pci 0000:00:01.2: reg 0x30: [mem 0xfffff800-0xffffffff pref]
[   11.334432] pci 0000:00:01.2: calling  quirk_igfx_skip_te_disable+0x0/0x50 @ 1
[   11.342386] pci 0000:00:01.2: quirk_igfx_skip_te_disable+0x0/0x50 took 0 usecs
[   11.350702] pci 0000:00:01.3: [8086:09ab] type 00 class 0x088000
[   11.358191] pci 0000:00:01.3: reg 0x30: [mem 0xfffff800-0xffffffff pref]
[   11.365432] pci 0000:00:01.3: calling  quirk_igfx_skip_te_disable+0x0/0x50 @ 1
[   11.373406] pci 0000:00:01.3: quirk_igfx_skip_te_disable+0x0/0x50 took 0 usecs
[   11.381733] pci 0000:00:01.4: [8086:09ab] type 00 class 0x088000
[   11.389191] pci 0000:00:01.4: reg 0x30: [mem 0xfffff800-0xffffffff pref]
[   11.396432] pci 0000:00:01.4: calling  quirk_igfx_skip_te_disable+0x0/0x50 @ 1
[   11.404386] pci 0000:00:01.4: quirk_igfx_skip_te_disable+0x0/0x50 took 0 usecs
[   11.412702] pci 0000:00:01.5: [8086:09ab] type 00 class 0x088000
[   11.420191] pci 0000:00:01.5: reg 0x30: [mem 0xfffff800-0xffffffff pref]
[   11.427432] pci 0000:00:01.5: calling  quirk_igfx_skip_te_disable+0x0/0x50 @ 1
[   11.435406] pci 0000:00:01.5: quirk_igfx_skip_te_disable+0x0/0x50 took 0 usecs
[   11.443406] pci 0000:00:01.6: [8086:09ab] type 00 class 0x088000
[   11.450223] pci 0000:00:01.6: reg 0x30: [mem 0xfffff800-0xffffffff pref]
[   11.457432] pci 0000:00:01.6: calling  quirk_igfx_skip_te_disable+0x0/0x50 @ 1
[   11.465406] pci 0000:00:01.6: quirk_igfx_skip_te_disable+0x0/0x50 took 0 usecs
[   11.473702] pci 0000:00:01.7: [8086:09ab] type 00 class 0x088000
[   11.481406] pci 0000:00:01.7: reg 0x30: [mem 0xfffff800-0xffffffff pref]
[   11.488432] pci 0000:00:01.7: calling  quirk_igfx_skip_te_disable+0x0/0x50 @ 1
[   11.496407] pci 0000:00:01.7: quirk_igfx_skip_te_disable+0x0/0x50 took 0 usecs
[   11.504783] pci 0000:00:02.0: [8086:09a6] type 00 class 0x088000
[   11.511668] pci 0000:00:02.0: reg 0x10: [mem 0x1010bf300000-0x1010bf3fffff 64bit]
[   11.520108] pci 0000:00:02.0: calling  quirk_igfx_skip_te_disable+0x0/0x50 @ 1
[   11.528407] pci 0000:00:02.0: quirk_igfx_skip_te_disable+0x0/0x50 took 0 usecs
[   11.537406] pci 0000:00:02.1: [8086:09a1] type 00 class 0x088000
[   11.543708] pci 0000:00:02.1: reg 0x10: [mem 0x1010bf442000-0x1010bf4427ff 64bit]
[   11.552608] pci 0000:00:02.1: reg 0x18: [mem 0x1010bf000000-0x1010bf1fffff 64bit]
[   11.561406] pci 0000:00:02.1: calling  quirk_igfx_skip_te_disable+0x0/0x50 @ 1
[   11.569406] pci 0000:00:02.1: quirk_igfx_skip_te_disable+0x0/0x50 took 0 usecs
[   11.578317] pci 0000:00:02.2: [8086:09a8] type 00 class 0x088000
[   11.584699] pci 0000:00:02.2: reg 0x10: [mem 0x1010bf443000-0x1010bf44300f 64bit]
[   11.594127] pci 0000:00:02.2: calling  quirk_igfx_skip_te_disable+0x0/0x50 @ 1
[   11.601406] pci 0000:00:02.2: quirk_igfx_skip_te_disable+0x0/0x50 took 0 usecs
[   11.610427] pci 0000:00:03.0: [8086:3256] type 00 class 0x130000
[   11.617688] pci 0000:00:03.0: reg 0x10: [mem 0x1010bf200000-0x1010bf2fffff 64bit]
[   11.625568] pci 0000:00:03.0: reg 0x18: [mem 0x1010be800000-0x1010beffffff 64bit]
[   11.634568] pci 0000:00:03.0: reg 0x20: [mem 0x1010bf441000-0x1010bf441fff 64bit]
[   11.642533] pci 0000:00:03.0: calling  quirk_igfx_skip_te_disable+0x0/0x50 @ 1
[   11.650418] pci 0000:00:03.0: quirk_igfx_skip_te_disable+0x0/0x50 took 0 usecs
[   11.659406] pci 0000:00:04.0: calling  quirk_cmd_compl+0x0/0x70 @ 1
[   11.665406] pci 0000:00:04.0: quirk_cmd_compl+0x0/0x70 took 0 usecs
[   11.672407] pci 0000:00:04.0: calling  quirk_no_aersid+0x0/0x30 @ 1
[   11.679406] pci 0000:00:04.0: quirk_no_aersid+0x0/0x30 took 0 usecs
[   11.686386] pci 0000:00:04.0: [8086:786a] type 01 class 0x060400
[   11.693728] pci 0000:00:04.0: reg 0x10: [mem 0x1010bf430000-0x1010bf43ffff 64bit]
[   11.701849] pci 0000:00:04.0: enabling Extended Tags
[   11.707574] pci 0000:00:04.0: calling  quirk_igfx_skip_te_disable+0x0/0x50 @ 1
[   11.715418] pci 0000:00:04.0: quirk_igfx_skip_te_disable+0x0/0x50 took 0 usecs
[   11.723406] pci 0000:00:04.0: calling  pci_fixup_transparent_bridge+0x0/0x20 @ 1
[   11.731406] pci 0000:00:04.0: pci_fixup_transparent_bridge+0x0/0x20 took 0 usecs
[   11.740087] pci 0000:00:04.0: PME# supported from D0 D3hot D3cold
[   11.748051] pci 0000:00:05.0: calling  quirk_cmd_compl+0x0/0x70 @ 1
[   11.754406] pci 0000:00:05.0: quirk_cmd_compl+0x0/0x70 took 0 usecs
[   11.761406] pci 0000:00:05.0: calling  quirk_no_aersid+0x0/0x30 @ 1
[   11.768407] pci 0000:00:05.0: quirk_no_aersid+0x0/0x30 took 0 usecs
[   11.775406] pci 0000:00:05.0: [8086:786b] type 01 class 0x060400
[   11.781760] pci 0000:00:05.0: reg 0x10: [mem 0x1010bf420000-0x1010bf42ffff 64bit]
[   11.790849] pci 0000:00:05.0: enabling Extended Tags
[   11.796574] pci 0000:00:05.0: calling  quirk_igfx_skip_te_disable+0x0/0x50 @ 1
[   11.804386] pci 0000:00:05.0: quirk_igfx_skip_te_disable+0x0/0x50 took 0 usecs
[   11.812386] pci 0000:00:05.0: calling  pci_fixup_transparent_bridge+0x0/0x20 @ 1
[   11.820386] pci 0000:00:05.0: pci_fixup_transparent_bridge+0x0/0x20 took 0 usecs
[   11.829406] pci 0000:00:05.0: PME# supported from D0 D3hot D3cold
[   11.836062] pci 0000:00:06.0: calling  quirk_cmd_compl+0x0/0x70 @ 1
[   11.843407] pci 0000:00:06.0: quirk_cmd_compl+0x0/0x70 took 0 usecs
[   11.850418] pci 0000:00:06.0: calling  quirk_no_aersid+0x0/0x30 @ 1
[   11.857406] pci 0000:00:06.0: quirk_no_aersid+0x0/0x30 took 0 usecs
[   11.864386] pci 0000:00:06.0: [8086:786c] type 01 class 0x060400
[   11.870728] pci 0000:00:06.0: reg 0x10: [mem 0x1010bf410000-0x1010bf41ffff 64bit]
[   11.879849] pci 0000:00:06.0: enabling Extended Tags
[   11.885574] pci 0000:00:06.0: calling  quirk_igfx_skip_te_disable+0x0/0x50 @ 1
[   11.893406] pci 0000:00:06.0: quirk_igfx_skip_te_disable+0x0/0x50 took 0 usecs
[   11.901406] pci 0000:00:06.0: calling  pci_fixup_transparent_bridge+0x0/0x20 @ 1
[   11.909406] pci 0000:00:06.0: pci_fixup_transparent_bridge+0x0/0x20 took 0 usecs
[   11.918088] pci 0000:00:06.0: PME# supported from D0 D3hot D3cold
[   11.925406] pci 0000:00:07.0: calling  quirk_cmd_compl+0x0/0x70 @ 1
[   11.932407] pci 0000:00:07.0: quirk_cmd_compl+0x0/0x70 took 0 usecs
[   11.939406] pci 0000:00:07.0: calling  quirk_no_aersid+0x0/0x30 @ 1
[   11.945406] pci 0000:00:07.0: quirk_no_aersid+0x0/0x30 took 0 usecs
[   11.952408] pci 0000:00:07.0: [8086:786d] type 01 class 0x060400
[   11.959728] pci 0000:00:07.0: reg 0x10: [mem 0x1010bf400000-0x1010bf40ffff 64bit]
[   11.967849] pci 0000:00:07.0: enabling Extended Tags
[   11.973574] pci 0000:00:07.0: calling  quirk_igfx_skip_te_disable+0x0/0x50 @ 1
[   11.981418] pci 0000:00:07.0: quirk_igfx_skip_te_disable+0x0/0x50 took 0 usecs
[   11.989406] pci 0000:00:07.0: calling  pci_fixup_transparent_bridge+0x0/0x20 @ 1
[   11.997408] pci 0000:00:07.0: pci_fixup_transparent_bridge+0x0/0x20 took 0 usecs
[   12.006056] pci 0000:00:07.0: PME# supported from D0 D3hot D3cold
[   12.014510] pci 0000:00:1f.0: [8086:5826] type 00 class 0x060100
[   12.022334] pci 0000:00:1f.0: calling  quirk_igfx_skip_te_disable+0x0/0x50 @ 1
[   12.030386] pci 0000:00:1f.0: quirk_igfx_skip_te_disable+0x0/0x50 took 0 usecs
[   12.039180] pci 0000:00:1f.4: [8086:5827] type 00 class 0x0c0500
[   12.045800] pci 0000:00:1f.4: reg 0x10: [mem 0x1010bf440000-0x1010bf4400ff 64bit]
[   12.053809] pci 0000:00:1f.4: reg 0x20: [io  0x0780-0x079f]
[   12.060714] pci 0000:00:1f.4: calling  quirk_igfx_skip_te_disable+0x0/0x50 @ 1
[   12.068386] pci 0000:00:1f.4: quirk_igfx_skip_te_disable+0x0/0x50 took 0 usecs
[   12.077406] pci 0000:00:1f.5: [8086:5825] type 00 class 0x0c8000
[   12.083628] pci 0000:00:1f.5: reg 0x10: [mem 0xf2830000-0xf2830fff]
[   12.091406] pci 0000:00:1f.5: calling  quirk_igfx_skip_te_disable+0x0/0x50 @ 1
[   12.099406] pci 0000:00:1f.5: quirk_igfx_skip_te_disable+0x0/0x50 took 0 usecs
[   12.108334] pci 0000:01:00.0: [1234:1111] type 00 class 0x030000
[   12.115406] pci 0000:01:00.0: reg 0x10: [mem 0xe0000000-0xe07fffff]
[   12.123280] pci 0000:01:00.0: calling  efifb_fixup_resources+0x0/0xf0 @ 1
[   12.130406] pci 0000:01:00.0: BAR 0: assigned to efifb
[   12.135408] pci 0000:01:00.0: efifb_fixup_resources+0x0/0xf0 took 4882 usecs
[   12.143406] pci 0000:01:00.0: calling  pci_fixup_video+0x0/0xd0 @ 1
[   12.150467] pci 0000:01:00.0: Video device with shadowed ROM at [mem 0x000c0000-0x000dffff]
[   12.159406] pci 0000:01:00.0: pci_fixup_video+0x0/0xd0 took 8789 usecs
[   12.167407] pci 0000:00:04.0: PCI bridge to [bus 01]
[   12.172467] pci 0000:00:04.0:   bridge window [mem 0xe0000000-0xe07fffff]
[   12.181406] pci 0000:02:00.0: [8086:0953] type 00 class 0x010802
[   12.187728] pci 0000:02:00.0: reg 0x10: [mem 0xe0c08000-0xe0c0bfff 64bit]
[   12.195889] pci 0000:02:00.0: reg 0x20: [mem 0xe0c00000-0xe0c07fff 64bit]
[   12.203778] pci 0000:02:00.0: calling  quirk_igfx_skip_te_disable+0x0/0x50 @ 1
[   12.211406] pci 0000:02:00.0: quirk_igfx_skip_te_disable+0x0/0x50 took 0 usecs
[   12.220053] pci 0000:02:00.0: PME# supported from D0 D3hot D3cold
[   12.227406] pci 0000:02:00.0: 15.753 Gb/s available PCIe bandwidth, limited by 16.0 GT/s PCIe x1 link at 0000:00:05.0 (capable of 63.012 Gb/s with 16.0 GT/s PCIe x4 link)
[   12.244057] pci 0000:00:05.0: PCI bridge to [bus 02]
[   12.249467] pci 0000:00:05.0:   bridge window [mem 0xe0c00000-0xe0cfffff]
[   12.258299] pci 0000:03:00.0: [8086:8c31] type 00 class 0x0c0330
[   12.265406] pci 0000:03:00.0: reg 0x10: [mem 0xe0b00000-0xe0b3ffff 64bit]
[   12.273406] pci 0000:03:00.0: calling  quirk_igfx_skip_te_disable+0x0/0x50 @ 1
[   12.281406] pci 0000:03:00.0: quirk_igfx_skip_te_disable+0x0/0x50 took 0 usecs
[   12.290216] pci 0000:00:06.0: PCI bridge to [bus 03]
[   12.295467] pci 0000:00:06.0:   bridge window [mem 0xe0b00000-0xe0bfffff]
[   12.303406] pci 0000:04:00.0: calling  quirk_f0_vpd_link+0x0/0x60 @ 1
[   12.310418] pci 0000:04:00.0: quirk_f0_vpd_link+0x0/0x60 took 0 usecs
[   12.317408] pci 0000:04:00.0: [8086:10f7] type 00 class 0x020000
[   12.324688] pci 0000:04:00.0: reg 0x10: [mem 0xe0800000-0xe081ffff 64bit]
[   12.332487] pci 0000:04:00.0: reg 0x18: [io  0x1000-0x101f]
[   12.338567] pci 0000:04:00.0: reg 0x1c: [mem 0xe0820000-0xe0823fff 64bit]
[   12.345758] pci 0000:04:00.0: calling  quirk_igfx_skip_te_disable+0x0/0x50 @ 1
[   12.354386] pci 0000:04:00.0: quirk_igfx_skip_te_disable+0x0/0x50 took 0 usecs
[   12.363235] pci 0000:04:00.0: reg 0x164: [mem 0xe0824000-0xe0827fff 64bit]
[   12.370386] pci 0000:04:00.0: VF(n) BAR0 space: [mem 0xe0824000-0xe0923fff 64bit] (contains BAR0 for 64 VFs)
[   12.381459] pci 0000:04:00.0: reg 0x170: [mem 0xe0924000-0xe0927fff 64bit]
[   12.388386] pci 0000:04:00.0: VF(n) BAR3 space: [mem 0xe0924000-0xe0a23fff 64bit] (contains BAR3 for 64 VFs)
[   12.399525] pci 0000:04:00.0: 15.753 Gb/s available PCIe bandwidth, limited by 16.0 GT/s PCIe x1 link at 0000:00:07.0 (capable of 32.000 Gb/s with 5.0 GT/s PCIe x8 link)
[   12.416611] pci 0000:04:00.0: disabling ASPM on pre-1.1 PCIe device.  You can enable it with 'pcie_aspm=force'
[   12.427489] pci 0000:00:07.0: PCI bridge to [bus 04]
[   12.432426] pci 0000:00:07.0:   bridge window [io  0x1000-0x1fff]
[   12.439427] pci 0000:00:07.0:   bridge window [mem 0xe0800000-0xe0afffff]
[   12.447406] pci_bus 0000:00: on NUMA node 0
[   12.452945] ACPI: PCI Root Bridge [AA00] (domain 0000 [bus 0c])
[   12.459406] acpi PNP0A08:01: _OSC: OS supports [ExtendedConfig ASPM ClockPM Segments MSI EDR HPX-Type3]
[   12.472716] acpi PNP0A08:01: _OSC: platform does not support [SHPCHotplug AER DPC]
[   12.481676] acpi PNP0A08:01: _OSC: OS now controls [PCIeHotplug PME PCIeCapability LTR]
[   12.490501] PCI host bridge to bus 0000:0c
[   12.494386] pci_bus 0000:0c: root bus resource [mem 0x100100000000-0x1001ffffffff window]
[   12.503408] pci_bus 0000:0c: root bus resource [bus 0c]
[   12.509575] pci 0000:0c:00.0: [8086:0b25] type 00 class 0x088000
[   12.516699] pci 0000:0c:00.0: reg 0x10: [mem 0x1001fff40000-0x1001fff5ffff 64bit pref]
[   12.525568] pci 0000:0c:00.0: reg 0x18: [mem 0x1001fff00000-0x1001fff3ffff 64bit pref]
[   12.534896] pci 0000:0c:00.0: calling  quirk_igfx_skip_te_disable+0x0/0x50 @ 1
[   12.542386] pci 0000:0c:00.0: quirk_igfx_skip_te_disable+0x0/0x50 took 0 usecs
[   12.551932] pci_bus 0000:0c: on NUMA node 0
[   12.556486] ACPI: PCI Root Bridge [AB00] (domain 0000 [bus 0d])
[   12.563406] acpi PNP0A08:02: _OSC: OS supports [ExtendedConfig ASPM ClockPM Segments MSI EDR HPX-Type3]
[   12.576703] acpi PNP0A08:02: _OSC: platform does not support [SHPCHotplug AER DPC]
[   12.585406] acpi PNP0A08:02: _OSC: OS now controls [PCIeHotplug PME PCIeCapability LTR]
[   12.593513] PCI host bridge to bus 0000:0d
[   12.598386] pci_bus 0000:0d: root bus resource [mem 0x100200000000-0x1002ffffffff window]
[   12.607406] pci_bus 0000:0d: root bus resource [bus 0d]
[   12.613575] pci 0000:0d:00.0: [8086:0cfe] type 00 class 0x088000
[   12.619668] pci 0000:0d:00.0: reg 0x10: [mem 0x1002fff40000-0x1002fff4ffff 64bit pref]
[   12.629406] pci 0000:0d:00.0: reg 0x18: [mem 0x1002fff00000-0x1002fff3ffff 64bit pref]
[   12.637896] pci 0000:0d:00.0: calling  quirk_igfx_skip_te_disable+0x0/0x50 @ 1
[   12.646386] pci 0000:0d:00.0: quirk_igfx_skip_te_disable+0x0/0x50 took 0 usecs
[   12.655952] pci_bus 0000:0d: on NUMA node 0
[   12.660486] ACPI: PCI Root Bridge [AC00] (domain 0000 [bus 0e-0f])
[   12.667406] acpi PNP0A08:03: _OSC: OS supports [ExtendedConfig ASPM ClockPM Segments MSI EDR HPX-Type3]
[   12.680703] acpi PNP0A08:03: _OSC: platform does not support [SHPCHotplug AER DPC]
[   12.689406] acpi PNP0A08:03: _OSC: OS now controls [PCIeHotplug PME PCIeCapability LTR]
[   12.697526] PCI host bridge to bus 0000:0e
[   12.702386] pci_bus 0000:0e: root bus resource [mem 0x100300000000-0x1003ffffffff window]
[   12.711408] pci_bus 0000:0e: root bus resource [bus 0e-0f]
[   12.717667] pci 0000:0e:00.0: [8086:4948] type 00 class 0x0b4000
[   12.724668] pci 0000:0e:00.0: reg 0x10: [mem 0x1003ffa00000-0x1003ffa7ffff 64bit]
