[    0.000000] Command line: BOOT_IMAGE=(hd1,gpt2)/vmlinuz-5.11.0-f40ddce88593-gf40ddce88593 root=/dev/mapper/cs-root ro crashkernel=1G-4G:192M,4G-64G:256M,64G-:512M resume=/dev/mapper/cs-swap rd.lvm.lv=cs/root rd.lvm.lv=cs/swap rhgb quiet console=tty0 console=ttyS0,115200n8 intel_iommu=on,sm_on initcall_debug log_buf_len=200M no_console_suspend ignore_loglevel selinux=0 cxl_acpi.dyndbg=+fplm cxl_pci.dyndbg=+fplm cxl_core.dyndbg=+fplm cxl_mem.dyndbg=+fplm cxl_pmem.dyndbg=+fplm cxl_port.dyndbg=+fplm cxl_region.dyndbg=+fplm cxl_test.dyndbg=+fplm cxl_mock.dyndbg=+fplm cxl_mock_mem.dyndbg=+fplm
[    0.000000] x86/fpu: Supporting XSAVE feature 0x001: 'x87 floating point registers'
[    0.000000] x86/fpu: Supporting XSAVE feature 0x002: 'SSE registers'
[    0.000000] x86/fpu: Supporting XSAVE feature 0x004: 'AVX registers'
[    0.000000] x86/fpu: Supporting XSAVE feature 0x020: 'AVX-512 opmask'
[    0.000000] x86/fpu: Supporting XSAVE feature 0x040: 'AVX-512 Hi256'
[    0.000000] x86/fpu: Supporting XSAVE feature 0x080: 'AVX-512 ZMM_Hi256'
[    0.000000] x86/fpu: Supporting XSAVE feature 0x200: 'Protection Keys User registers'
[    0.000000] x86/fpu: Supporting XSAVE feature 0x400: 'PASID state'
[    0.000000] x86/fpu: xstate_offset[2]:  576, xstate_sizes[2]:  256
[    0.000000] x86/fpu: xstate_offset[5]:  832, xstate_sizes[5]:   64
[    0.000000] x86/fpu: xstate_offset[6]:  896, xstate_sizes[6]:  512
[    0.000000] x86/fpu: xstate_offset[7]: 1408, xstate_sizes[7]: 1024
[    0.000000] x86/fpu: xstate_offset[9]: 2432, xstate_sizes[9]:    8
[    0.000000] x86/fpu: xstate_offset[10]: 2440, xstate_sizes[10]:    8
[    0.000000] x86/fpu: Enabled xstate features 0x6e7, context size is 2448 bytes, using 'compacted' format.
[    0.000000] BIOS-provided physical RAM map:
[    0.000000] BIOS-e820: [mem 0x0000000000000000-0x000000000009ffff] usable
[    0.000000] BIOS-e820: [mem 0x00000000000a0000-0x00000000000fffff] reserved
[    0.000000] BIOS-e820: [mem 0x0000000000100000-0x00000000bb779fff] usable
[    0.000000] BIOS-e820: [mem 0x00000000bb77a000-0x00000000bcd2dfff] reserved
[    0.000000] BIOS-e820: [mem 0x00000000bcd2e000-0x00000000bd0ebfff] usable
[    0.000000] BIOS-e820: [mem 0x00000000bd0ec000-0x00000000bd283fff] ACPI data
[    0.000000] BIOS-e820: [mem 0x00000000bd284000-0x00000000bd41bfff] usable
[    0.000000] BIOS-e820: [mem 0x00000000bd41c000-0x00000000bd855fff] ACPI data
[    0.000000] BIOS-e820: [mem 0x00000000bd856000-0x00000000bda5dfff] usable
[    0.000000] BIOS-e820: [mem 0x00000000bda5e000-0x00000000bdb76fff] ACPI data
[    0.000000] BIOS-e820: [mem 0x00000000bdb77000-0x00000000bdc8ffff] usable
[    0.000000] BIOS-e820: [mem 0x00000000bdc90000-0x00000000bdfbbfff] ACPI data
[    0.000000] BIOS-e820: [mem 0x00000000bdfbc000-0x00000000bf434fff] usable
[    0.000000] BIOS-e820: [mem 0x00000000bf435000-0x00000000c0635fff] reserved
[    0.000000] BIOS-e820: [mem 0x00000000c0636000-0x00000000cba02fff] usable
[    0.000000] BIOS-e820: [mem 0x00000000cba03000-0x00000000cba04fff] reserved
[    0.000000] BIOS-e820: [mem 0x00000000cba05000-0x00000000cba05fff] usable
[    0.000000] BIOS-e820: [mem 0x00000000cba06000-0x00000000cba4dfff] reserved
[    0.000000] BIOS-e820: [mem 0x00000000cba4e000-0x00000000cba4efff] usable
[    0.000000] BIOS-e820: [mem 0x00000000cba4f000-0x00000000cba56fff] reserved
[    0.000000] BIOS-e820: [mem 0x00000000cba57000-0x00000000cba57fff] usable
[    0.000000] BIOS-e820: [mem 0x00000000cba58000-0x00000000cd42afff] reserved
[    0.000000] BIOS-e820: [mem 0x00000000cd42b000-0x00000000cd42bfff] usable
[    0.000000] BIOS-e820: [mem 0x00000000cd42c000-0x00000000cd42cfff] reserved
[    0.000000] BIOS-e820: [mem 0x00000000cd42d000-0x00000000cd42dfff] usable
[    0.000000] BIOS-e820: [mem 0x00000000cd42e000-0x00000000cd63ffff] reserved
[    0.000000] BIOS-e820: [mem 0x00000000cd640000-0x00000000cd6befff] usable
[    0.000000] BIOS-e820: [mem 0x00000000cd6bf000-0x00000000cd6bffff] ACPI NVS
[    0.000000] BIOS-e820: [mem 0x00000000cd6c0000-0x00000000ce51efff] usable
[    0.000000] BIOS-e820: [mem 0x00000000ce51f000-0x00000000cf11ffff] ACPI NVS
[    0.000000] BIOS-e820: [mem 0x00000000cf120000-0x00000000cf132fff] usable
[    0.000000] BIOS-e820: [mem 0x00000000cf133000-0x00000000cf732fff] reserved
[    0.000000] BIOS-e820: [mem 0x00000000cf733000-0x00000000cf733fff] ACPI NVS
[    0.000000] BIOS-e820: [mem 0x00000000cf734000-0x00000000d27dcfff] usable
[    0.000000] BIOS-e820: [mem 0x00000000d27dd000-0x00000000d284dfff] reserved
[    0.000000] BIOS-e820: [mem 0x00000000d284e000-0x00000000d2894fff] usable
[    0.000000] BIOS-e820: [mem 0x00000000d2895000-0x00000000d2896fff] reserved
[    0.000000] BIOS-e820: [mem 0x00000000d2897000-0x00000000d2976fff] usable
[    0.000000] BIOS-e820: [mem 0x00000000d2977000-0x00000000d2978fff] reserved
[    0.000000] BIOS-e820: [mem 0x00000000d2979000-0x00000000d2f54fff] usable
[    0.000000] BIOS-e820: [mem 0x00000000d2f55000-0x00000000d2f5dfff] reserved
[    0.000000] BIOS-e820: [mem 0x00000000d2f5e000-0x00000000d34bbfff] usable
[    0.000000] BIOS-e820: [mem 0x00000000d34bc000-0x00000000d3abbfff] reserved
[    0.000000] BIOS-e820: [mem 0x00000000d3abc000-0x00000000d3c5ffff] usable
[    0.000000] BIOS-e820: [mem 0x00000000d3c60000-0x00000000d3c7bfff] reserved
[    0.000000] BIOS-e820: [mem 0x00000000d3c7c000-0x00000000d69cefff] usable
[    0.000000] BIOS-e820: [mem 0x00000000d69cf000-0x00000000d6ccefff] reserved
[    0.000000] BIOS-e820: [mem 0x00000000d6ccf000-0x00000000d76fefff] ACPI NVS
[    0.000000] BIOS-e820: [mem 0x00000000d76ff000-0x00000000d77fefff] ACPI data
[    0.000000] BIOS-e820: [mem 0x00000000d77ff000-0x00000000d77fffff] usable
[    0.000000] BIOS-e820: [mem 0x00000000d7800000-0x00000000dfffffff] reserved
[    0.000000] BIOS-e820: [mem 0x00000000f2830000-0x00000000f2830fff] reserved
[    0.000000] BIOS-e820: [mem 0x0000000100000000-0x0000003ffeffffff] usable
[    0.000000] BIOS-e820: [mem 0x0000003fff000000-0x0000003fffffffff] reserved
[    0.000000] BIOS-e820: [mem 0x0000020000000000-0x00000200ffffffff] soft reserved
[    0.000000] BIOS-e820: [mem 0x0000100000000000-0x000010007fffffff] reserved
[    0.000000] printk: debug: ignoring loglevel setting.
[    0.000000] NX (Execute Disable) protection: active
[    0.000000] efi: EFI v2.70 by EDK II
[    0.000000] efi: ACPI=0xd77fe000 ACPI 2.0=0xd77fe014 SMBIOS=0xd6b0b000 SMBIOS 3.0=0xd6b09000 MEMATTR=0xd3478018 
[    0.000000] efi: memattr: Unexpected EFI Memory Attributes table version 2
[    0.000000] SMBIOS 3.6.0 present.
[    0.000000] DMI: Intel Corporation OAKSTREAM/OAKSTREAM, BIOS OKSDCRB1.86B.0010.D75.2403180334 03/18/2024
[    0.000000] tsc: Detected 2400.000 MHz processor
[    0.000015] e820: update [mem 0x00000000-0x00000fff] usable ==> reserved
[    0.000072] e820: remove [mem 0x000a0000-0x000fffff] usable
[    0.000134] last_pfn = 0x3fff000 max_arch_pfn = 0x10000000000
[    0.000148] MTRR default type: uncachable
[    0.000161] MTRR fixed ranges enabled:
[    0.000174]   00000-9FFFF write-back
[    0.000188]   A0000-FFFFF uncachable
[    0.000201] MTRR variable ranges enabled:
[    0.000214]   0 base 0000000000000 mask FF00000000000 write-back
[    0.000229]   1 base 00000E0000000 mask FFFFFE0000000 uncachable
[    0.000244]   2 disabled
[    0.000256]   3 disabled
[    0.000269]   4 disabled
[    0.000282]   5 disabled
[    0.000294]   6 disabled
[    0.000307]   7 disabled
[    0.000320]   8 disabled
[    0.000332]   9 disabled
[    0.000345] x86/PAT: Configuration [0-7]: WB  WC  UC- UC  WB  WP  UC- WT  
[    0.000360] total RAM covered: 16776704M
[    0.000655]  gran_size: 64K 	chunk_size: 64K 	num_reg: 10  	lose cover RAM: 15872G
[    0.000680]  gran_size: 64K 	chunk_size: 128K 	num_reg: 10  	lose cover RAM: 15872G
[    0.000706]  gran_size: 64K 	chunk_size: 256K 	num_reg: 10  	lose cover RAM: 15872G
[    0.000731]  gran_size: 64K 	chunk_size: 512K 	num_reg: 10  	lose cover RAM: 15872G
[    0.000757]  gran_size: 64K 	chunk_size: 1M 	num_reg: 10  	lose cover RAM: 15872G
[    0.000783]  gran_size: 64K 	chunk_size: 2M 	num_reg: 10  	lose cover RAM: 15872G
[    0.000808]  gran_size: 64K 	chunk_size: 4M 	num_reg: 10  	lose cover RAM: 15872G
[    0.000834]  gran_size: 64K 	chunk_size: 8M 	num_reg: 10  	lose cover RAM: 15872G
[    0.000859]  gran_size: 64K 	chunk_size: 16M 	num_reg: 10  	lose cover RAM: 15872G
[    0.000885]  gran_size: 64K 	chunk_size: 32M 	num_reg: 10  	lose cover RAM: 15872G
[    0.000910]  gran_size: 64K 	chunk_size: 64M 	num_reg: 10  	lose cover RAM: 15872G
[    0.000936]  gran_size: 64K 	chunk_size: 128M 	num_reg: 10  	lose cover RAM: 15872G
[    0.000961]  gran_size: 64K 	chunk_size: 256M 	num_reg: 10  	lose cover RAM: 15872G
[    0.000987]  gran_size: 64K 	chunk_size: 512M 	num_reg: 10  	lose cover RAM: 15872G
[    0.001012]  gran_size: 64K 	chunk_size: 1G 	num_reg: 10  	lose cover RAM: 15360G
[    0.001038]  gran_size: 64K 	chunk_size: 2G 	num_reg: 10  	lose cover RAM: 15360G
[    0.001063]  gran_size: 128K 	chunk_size: 128K 	num_reg: 10  	lose cover RAM: 15872G
[    0.001089]  gran_size: 128K 	chunk_size: 256K 	num_reg: 10  	lose cover RAM: 15872G
[    0.001115]  gran_size: 128K 	chunk_size: 512K 	num_reg: 10  	lose cover RAM: 15872G
[    0.001140]  gran_size: 128K 	chunk_size: 1M 	num_reg: 10  	lose cover RAM: 15872G
[    0.001166]  gran_size: 128K 	chunk_size: 2M 	num_reg: 10  	lose cover RAM: 15872G
[    0.001191]  gran_size: 128K 	chunk_size: 4M 	num_reg: 10  	lose cover RAM: 15872G
[    0.001217]  gran_size: 128K 	chunk_size: 8M 	num_reg: 10  	lose cover RAM: 15872G
[    0.001242]  gran_size: 128K 	chunk_size: 16M 	num_reg: 10  	lose cover RAM: 15872G
[    0.001268]  gran_size: 128K 	chunk_size: 32M 	num_reg: 10  	lose cover RAM: 15872G
[    0.001293]  gran_size: 128K 	chunk_size: 64M 	num_reg: 10  	lose cover RAM: 15872G
[    0.001319]  gran_size: 128K 	chunk_size: 128M 	num_reg: 10  	lose cover RAM: 15872G
[    0.001345]  gran_size: 128K 	chunk_size: 256M 	num_reg: 10  	lose cover RAM: 15872G
[    0.001370]  gran_size: 128K 	chunk_size: 512M 	num_reg: 10  	lose cover RAM: 15872G
[    0.001396]  gran_size: 128K 	chunk_size: 1G 	num_reg: 10  	lose cover RAM: 15360G
[    0.001421]  gran_size: 128K 	chunk_size: 2G 	num_reg: 10  	lose cover RAM: 15360G
[    0.001447]  gran_size: 256K 	chunk_size: 256K 	num_reg: 10  	lose cover RAM: 15872G
[    0.001472]  gran_size: 256K 	chunk_size: 512K 	num_reg: 10  	lose cover RAM: 15872G
[    0.001498]  gran_size: 256K 	chunk_size: 1M 	num_reg: 10  	lose cover RAM: 15872G
[    0.001523]  gran_size: 256K 	chunk_size: 2M 	num_reg: 10  	lose cover RAM: 15872G
[    0.001549]  gran_size: 256K 	chunk_size: 4M 	num_reg: 10  	lose cover RAM: 15872G
[    0.001575]  gran_size: 256K 	chunk_size: 8M 	num_reg: 10  	lose cover RAM: 15872G
[    0.001600]  gran_size: 256K 	chunk_size: 16M 	num_reg: 10  	lose cover RAM: 15872G
[    0.001626]  gran_size: 256K 	chunk_size: 32M 	num_reg: 10  	lose cover RAM: 15872G
[    0.001651]  gran_size: 256K 	chunk_size: 64M 	num_reg: 10  	lose cover RAM: 15872G
[    0.001677]  gran_size: 256K 	chunk_size: 128M 	num_reg: 10  	lose cover RAM: 15872G
[    0.001702]  gran_size: 256K 	chunk_size: 256M 	num_reg: 10  	lose cover RAM: 15872G
[    0.001728]  gran_size: 256K 	chunk_size: 512M 	num_reg: 10  	lose cover RAM: 15872G
[    0.001754]  gran_size: 256K 	chunk_size: 1G 	num_reg: 10  	lose cover RAM: 15360G
[    0.001779]  gran_size: 256K 	chunk_size: 2G 	num_reg: 10  	lose cover RAM: 15360G
[    0.001805]  gran_size: 512K 	chunk_size: 512K 	num_reg: 10  	lose cover RAM: 15872G
[    0.001830]  gran_size: 512K 	chunk_size: 1M 	num_reg: 10  	lose cover RAM: 15872G
[    0.001856]  gran_size: 512K 	chunk_size: 2M 	num_reg: 10  	lose cover RAM: 15872G
[    0.001881]  gran_size: 512K 	chunk_size: 4M 	num_reg: 10  	lose cover RAM: 15872G
[    0.001907]  gran_size: 512K 	chunk_size: 8M 	num_reg: 10  	lose cover RAM: 15872G
[    0.001932]  gran_size: 512K 	chunk_size: 16M 	num_reg: 10  	lose cover RAM: 15872G
[    0.001958]  gran_size: 512K 	chunk_size: 32M 	num_reg: 10  	lose cover RAM: 15872G
[    0.001983]  gran_size: 512K 	chunk_size: 64M 	num_reg: 10  	lose cover RAM: 15872G
[    0.002009]  gran_size: 512K 	chunk_size: 128M 	num_reg: 10  	lose cover RAM: 15872G
[    0.002035]  gran_size: 512K 	chunk_size: 256M 	num_reg: 10  	lose cover RAM: 15872G
[    0.002060]  gran_size: 512K 	chunk_size: 512M 	num_reg: 10  	lose cover RAM: 15872G
[    0.002086]  gran_size: 512K 	chunk_size: 1G 	num_reg: 10  	lose cover RAM: 15360G
[    0.002111]  gran_size: 512K 	chunk_size: 2G 	num_reg: 10  	lose cover RAM: 15360G
[    0.002137]  gran_size: 1M 	chunk_size: 1M 	num_reg: 10  	lose cover RAM: 15872G
[    0.002162]  gran_size: 1M 	chunk_size: 2M 	num_reg: 10  	lose cover RAM: 15872G
[    0.002188]  gran_size: 1M 	chunk_size: 4M 	num_reg: 10  	lose cover RAM: 15872G
[    0.002213]  gran_size: 1M 	chunk_size: 8M 	num_reg: 10  	lose cover RAM: 15872G
[    0.002239]  gran_size: 1M 	chunk_size: 16M 	num_reg: 10  	lose cover RAM: 15872G
[    0.002264]  gran_size: 1M 	chunk_size: 32M 	num_reg: 10  	lose cover RAM: 15872G
[    0.002290]  gran_size: 1M 	chunk_size: 64M 	num_reg: 10  	lose cover RAM: 15872G
[    0.002315]  gran_size: 1M 	chunk_size: 128M 	num_reg: 10  	lose cover RAM: 15872G
[    0.002341]  gran_size: 1M 	chunk_size: 256M 	num_reg: 10  	lose cover RAM: 15872G
[    0.002366]  gran_size: 1M 	chunk_size: 512M 	num_reg: 10  	lose cover RAM: 15872G
[    0.002392]  gran_size: 1M 	chunk_size: 1G 	num_reg: 10  	lose cover RAM: 15360G
[    0.002417]  gran_size: 1M 	chunk_size: 2G 	num_reg: 10  	lose cover RAM: 15360G
[    0.002443]  gran_size: 2M 	chunk_size: 2M 	num_reg: 10  	lose cover RAM: 15872G
[    0.002468]  gran_size: 2M 	chunk_size: 4M 	num_reg: 10  	lose cover RAM: 15872G
[    0.002494]  gran_size: 2M 	chunk_size: 8M 	num_reg: 10  	lose cover RAM: 15872G
[    0.002519]  gran_size: 2M 	chunk_size: 16M 	num_reg: 10  	lose cover RAM: 15872G
[    0.002545]  gran_size: 2M 	chunk_size: 32M 	num_reg: 10  	lose cover RAM: 15872G
[    0.002570]  gran_size: 2M 	chunk_size: 64M 	num_reg: 10  	lose cover RAM: 15872G
[    0.002596]  gran_size: 2M 	chunk_size: 128M 	num_reg: 10  	lose cover RAM: 15872G
[    0.002621]  gran_size: 2M 	chunk_size: 256M 	num_reg: 10  	lose cover RAM: 15872G
[    0.002647]  gran_size: 2M 	chunk_size: 512M 	num_reg: 10  	lose cover RAM: 15872G
[    0.002672]  gran_size: 2M 	chunk_size: 1G 	num_reg: 10  	lose cover RAM: 15360G
[    0.002698]  gran_size: 2M 	chunk_size: 2G 	num_reg: 10  	lose cover RAM: 15360G
[    0.002723]  gran_size: 4M 	chunk_size: 4M 	num_reg: 10  	lose cover RAM: 15872G
[    0.002749]  gran_size: 4M 	chunk_size: 8M 	num_reg: 10  	lose cover RAM: 15872G
[    0.002774]  gran_size: 4M 	chunk_size: 16M 	num_reg: 10  	lose cover RAM: 15872G
[    0.002800]  gran_size: 4M 	chunk_size: 32M 	num_reg: 10  	lose cover RAM: 15872G
[    0.002825]  gran_size: 4M 	chunk_size: 64M 	num_reg: 10  	lose cover RAM: 15872G
[    0.002851]  gran_size: 4M 	chunk_size: 128M 	num_reg: 10  	lose cover RAM: 15872G
[    0.002876]  gran_size: 4M 	chunk_size: 256M 	num_reg: 10  	lose cover RAM: 15872G
[    0.002902]  gran_size: 4M 	chunk_size: 512M 	num_reg: 10  	lose cover RAM: 15872G
[    0.002928]  gran_size: 4M 	chunk_size: 1G 	num_reg: 10  	lose cover RAM: 15360G
[    0.002953]  gran_size: 4M 	chunk_size: 2G 	num_reg: 10  	lose cover RAM: 15360G
[    0.002979]  gran_size: 8M 	chunk_size: 8M 	num_reg: 10  	lose cover RAM: 15872G
[    0.003004]  gran_size: 8M 	chunk_size: 16M 	num_reg: 10  	lose cover RAM: 15872G
[    0.003030]  gran_size: 8M 	chunk_size: 32M 	num_reg: 10  	lose cover RAM: 15872G
[    0.003055]  gran_size: 8M 	chunk_size: 64M 	num_reg: 10  	lose cover RAM: 15872G
[    0.003081]  gran_size: 8M 	chunk_size: 128M 	num_reg: 10  	lose cover RAM: 15872G
[    0.003106]  gran_size: 8M 	chunk_size: 256M 	num_reg: 10  	lose cover RAM: 15872G
[    0.003132]  gran_size: 8M 	chunk_size: 512M 	num_reg: 10  	lose cover RAM: 15872G
[    0.003157]  gran_size: 8M 	chunk_size: 1G 	num_reg: 10  	lose cover RAM: 15360G
[    0.003183]  gran_size: 8M 	chunk_size: 2G 	num_reg: 10  	lose cover RAM: 15360G
[    0.003208]  gran_size: 16M 	chunk_size: 16M 	num_reg: 10  	lose cover RAM: 15872G
[    0.003234]  gran_size: 16M 	chunk_size: 32M 	num_reg: 10  	lose cover RAM: 15872G
[    0.003259]  gran_size: 16M 	chunk_size: 64M 	num_reg: 10  	lose cover RAM: 15872G
[    0.003285]  gran_size: 16M 	chunk_size: 128M 	num_reg: 10  	lose cover RAM: 15872G
[    0.003310]  gran_size: 16M 	chunk_size: 256M 	num_reg: 10  	lose cover RAM: 15872G
[    0.003336]  gran_size: 16M 	chunk_size: 512M 	num_reg: 10  	lose cover RAM: 15872G
[    0.003361]  gran_size: 16M 	chunk_size: 1G 	num_reg: 10  	lose cover RAM: 15360G
[    0.003387]  gran_size: 16M 	chunk_size: 2G 	num_reg: 10  	lose cover RAM: 15360G
[    0.003412]  gran_size: 32M 	chunk_size: 32M 	num_reg: 10  	lose cover RAM: 15872G
[    0.003438]  gran_size: 32M 	chunk_size: 64M 	num_reg: 10  	lose cover RAM: 15872G
[    0.003464]  gran_size: 32M 	chunk_size: 128M 	num_reg: 10  	lose cover RAM: 15872G
[    0.003489]  gran_size: 32M 	chunk_size: 256M 	num_reg: 10  	lose cover RAM: 15872G
[    0.003515]  gran_size: 32M 	chunk_size: 512M 	num_reg: 10  	lose cover RAM: 15872G
[    0.003540]  gran_size: 32M 	chunk_size: 1G 	num_reg: 10  	lose cover RAM: 15360G
[    0.003566]  gran_size: 32M 	chunk_size: 2G 	num_reg: 10  	lose cover RAM: 15360G
[    0.003591]  gran_size: 64M 	chunk_size: 64M 	num_reg: 10  	lose cover RAM: 15872G
[    0.003617]  gran_size: 64M 	chunk_size: 128M 	num_reg: 10  	lose cover RAM: 15872G
[    0.003642]  gran_size: 64M 	chunk_size: 256M 	num_reg: 10  	lose cover RAM: 15872G
[    0.003668]  gran_size: 64M 	chunk_size: 512M 	num_reg: 10  	lose cover RAM: 15872G
[    0.003694]  gran_size: 64M 	chunk_size: 1G 	num_reg: 10  	lose cover RAM: 15360G
[    0.003719]  gran_size: 64M 	chunk_size: 2G 	num_reg: 10  	lose cover RAM: 15360G
[    0.003745]  gran_size: 128M 	chunk_size: 128M 	num_reg: 10  	lose cover RAM: 15872G
[    0.003770]  gran_size: 128M 	chunk_size: 256M 	num_reg: 10  	lose cover RAM: 15872G
[    0.003796]  gran_size: 128M 	chunk_size: 512M 	num_reg: 10  	lose cover RAM: 15872G
[    0.003821]  gran_size: 128M 	chunk_size: 1G 	num_reg: 10  	lose cover RAM: 15360G
[    0.003847]  gran_size: 128M 	chunk_size: 2G 	num_reg: 10  	lose cover RAM: 15360G
[    0.003872]  gran_size: 256M 	chunk_size: 256M 	num_reg: 10  	lose cover RAM: 15872G
[    0.003898]  gran_size: 256M 	chunk_size: 512M 	num_reg: 10  	lose cover RAM: 15872G
[    0.003924]  gran_size: 256M 	chunk_size: 1G 	num_reg: 10  	lose cover RAM: 15360G
[    0.003949]  gran_size: 256M 	chunk_size: 2G 	num_reg: 10  	lose cover RAM: 15360G
[    0.003975]  gran_size: 512M 	chunk_size: 512M 	num_reg: 10  	lose cover RAM: 15872G
[    0.004000]  gran_size: 512M 	chunk_size: 1G 	num_reg: 10  	lose cover RAM: 15360G
[    0.004026]  gran_size: 512M 	chunk_size: 2G 	num_reg: 10  	lose cover RAM: 15360G
[    0.004051]  gran_size: 1G 	chunk_size: 1G 	num_reg: 10  	lose cover RAM: 15729152M
[    0.004077]  gran_size: 1G 	chunk_size: 2G 	num_reg: 10  	lose cover RAM: 15729152M
[    0.004102]  gran_size: 2G 	chunk_size: 2G 	num_reg: 10  	lose cover RAM: 14681600M
[    0.004128] mtrr_cleanup: can not find optimal value
[    0.004140] please specify mtrr_gran_size/mtrr_chunk_size
[    0.004155] e820: update [mem 0xe0000000-0xffffffff] usable ==> reserved
[    0.004222] x2apic: enabled by BIOS, switching to x2apic ops
[    0.004235] last_pfn = 0xd7800 max_arch_pfn = 0x10000000000
[    0.007009] check: Scanning 1 areas for low memory corruption
[    0.007030] kexec: Reserving the low 1M of memory for crashkernel
[    0.007088] Using GB pages for direct mapping
[    0.108035] printk: log_buf_len: 268435456 bytes
[    0.108047] printk: early log buf free: 16758640(99%)
[    0.108060] Secure boot disabled
[    0.108072] RAMDISK: [mem 0xb8458000-0xba2a0fff]
[    0.108107] ACPI: Early table checksum verification disabled
[    0.108119] ACPI: RSDP 0x00000000D77FE014 000024 (v02 INTEL )
[    0.108156] ACPI: XSDT 0x00000000D7744188 00014C (v01 INTEL  INTEL ID 00000000      01000013)
[    0.108195] ACPI: FACP 0x00000000D77FC000 000114 (v06 INTEL  INTEL ID 00000000 INTL 20230628)
[    0.108234] ACPI: DSDT 0x00000000D775D000 08E4F6 (v02 INTEL  INTEL ID 00000003 INTL 20230628)
[    0.108272] ACPI: FACS 0x00000000D76F4000 000040
[    0.108309] ACPI: MCFG 0x00000000D77FB000 00004C (v01 INTEL  INTEL ID 00000001 INTL 20230628)
[    0.108347] ACPI: SSDT 0x00000000D77FA000 0001F3 (v02 INTEL  MPWR     00001000 INTL 20230628)
[    0.108386] ACPI: CEDT 0x00000000D77F9000 000284 (v01 INTEL  INTEL ID 00000002 INTL 20230628)
[    0.108424] ACPI: SSDT 0x00000000D77F8000 0000AB (v02 INTEL  INTEL ID 00000002 INTL 20230628)
[    0.108462] ACPI: MRRM 0x00000000D77F7000 0000CC (v01 INTEL  INTEL ID 00000002 INTL 20230628)
[    0.108501] ACPI: SSDT 0x00000000D77F6000 00030C (v02 INTEL  INTEL ID 00000000 MSFT 20230628)
[    0.108539] ACPI: SSDT 0x00000000D77F5000 000156 (v02 INTEL  PRMOPREG 00001000 INTL 20230628)
[    0.108577] ACPI: SSDT 0x00000000D77F4000 000145 (v02 INTEL  PRMSAMPL 00001000 INTL 20230628)
[    0.108616] ACPI: IRDT 0x00000000D77F3000 0001D7 (v01 INTEL  INTEL ID 00000002 INTL 20230628)
[    0.108654] ACPI: DTPR 0x00000000D77F2000 000530 (v01 INTEL  EDK2     00000002      01000013)
[    0.108692] ACPI: SSDT 0x00000000D77F1000 00040F (v02 INTEL  SruTable 00001000 INTL 20230628)
[    0.108731] ACPI: SSDT 0x00000000D77F0000 000397 (v02 INTEL  SstsTbl  00001000 INTL 20230628)
[    0.108769] ACPI: BDAT 0x00000000D77EF000 000030 (v01 INTEL  INTEL ID 00000000 INTL 20230628)
[    0.108807] ACPI: HPET 0x00000000D77EE000 000038 (v01 INTEL  INTEL ID 00000001 INTL 20230628)
[    0.108846] ACPI: MSCT 0x00000000D77ED000 000198 (v01 INTEL  INTEL ID 00000001 INTL 20230628)
[    0.108884] ACPI: WSMT 0x00000000D77EC000 000028 (v01 INTEL  INTEL ID 00000000 INTL 20230628)
[    0.108922] ACPI: APIC 0x00000000D775C000 00015E (v06 INTEL  INTEL ID 00000000 INTL 20230628)
[    0.108961] ACPI: KEYP 0x00000000D77FD000 000050 (v01 INTEL  INTEL ID 00000002 INTL 20230628)
[    0.108999] ACPI: PMTT 0x00000000D7741000 002568 (v02 INTEL  INTEL ID 00000001 INTL 20230628)
[    0.109037] ACPI: OEM4 0x00000000BDC90000 32B041 (v02 INTEL  CPU  CST 00003000 INTL 20230628)
[    0.109076] ACPI: OEM1 0x00000000BD41C000 439069 (v02 INTEL  CPU EIST 00003000 INTL 20230628)
[    0.109114] ACPI: OEM2 0x00000000BDA5E000 118031 (v02 INTEL  CPU  HWP 00003000 INTL 20230628)
[    0.109152] ACPI: SSDT 0x00000000BD0EC000 197850 (v02 INTEL  SSDT  PM 00004000 INTL 20230628)
[    0.109191] ACPI: DBG2 0x00000000D7740000 000058 (v00 INTEL  INTEL ID 00000002 INTL 20230628)
[    0.109229] ACPI: DMAR 0x00000000D773F000 000478 (v01 INTEL  INTEL ID 00000001 INTL 20230628)
[    0.109268] ACPI: FPDT 0x00000000D773E000 000044 (v01 INTEL  EDK2     00000002      01000013)
[    0.109306] ACPI: SSDT 0x00000000D773D000 000922 (v02 INTEL  RAS_ACPI 00000001 INTL 20230628)
[    0.109344] ACPI: SSDT 0x00000000D773C000 0008BB (v02 INTEL  ADDRXLAT 00000001 INTL 20230628)
[    0.109383] ACPI: HEST 0x00000000D773B000 000174 (v01 INTEL  INTEL ID 00000001 INTL 20230628)
[    0.109421] ACPI: BERT 0x00000000D773A000 000030 (v01 INTEL  INTEL ID 00000001 INTL 20230628)
[    0.109459] ACPI: ERST 0x00000000D7739000 000230 (v01 INTEL  INTEL ID 00000001 INTL 20230628)
[    0.109497] ACPI: PRMT 0x00000000D7738000 0001DC (v00 INTEL  INTEL ID 00000002 INTL 20230628)
[    0.109536] ACPI: SPCR 0x00000000D7737000 000050 (v02 INTEL  INTEL ID 00000000 INTL 20230628)
[    0.109574] ACPI: SRAT 0x00000000D7747000 014128 (v03 INTEL  INTEL ID 00000002 INTL 20230628)
[    0.109612] ACPI: SLIT 0x00000000D7746000 000050 (v01 INTEL  INTEL ID 00000002 INTL 20230628)
[    0.109651] ACPI: HMAT 0x00000000D7745000 000298 (v02 INTEL  INTEL ID 00000002 INTL 20230628)
[    0.109692] ACPI: Local APIC address 0xfee00000
[    0.109705] Setting APIC routing to cluster x2apic.
[    0.109886] SRAT: PXM 0 -> APIC 0x0000 -> Node 0
[    0.109899] SRAT: PXM 0 -> APIC 0x0002 -> Node 0
[    0.109912] SRAT: PXM 0 -> APIC 0x0008 -> Node 0
[    0.109925] SRAT: PXM 0 -> APIC 0x000a -> Node 0
[    0.109938] SRAT: PXM 0 -> APIC 0x0100 -> Node 0
[    0.109952] SRAT: PXM 0 -> APIC 0x0102 -> Node 0
[    0.109965] SRAT: PXM 0 -> APIC 0x0108 -> Node 0
[    0.109978] SRAT: PXM 0 -> APIC 0x010a -> Node 0
[    0.109991] SRAT: PXM 0 -> APIC 0x0200 -> Node 0
[    0.110004] SRAT: PXM 0 -> APIC 0x0202 -> Node 0
[    0.110018] SRAT: PXM 0 -> APIC 0x0208 -> Node 0
[    0.110031] SRAT: PXM 0 -> APIC 0x020a -> Node 0
[    0.110044] SRAT: PXM 0 -> APIC 0x0300 -> Node 0
[    0.110057] SRAT: PXM 0 -> APIC 0x0302 -> Node 0
[    0.110070] SRAT: PXM 0 -> APIC 0x0308 -> Node 0
[    0.110084] SRAT: PXM 0 -> APIC 0x030a -> Node 0
[    0.110238] ACPI: SRAT: Node 0 PXM 0 [mem 0x00000000-0xdfffffff]
[    0.110253] ACPI: SRAT: Node 0 PXM 0 [mem 0x100000000-0x3fffffffff]
[    0.110303] ACPI: SRAT: Node 1 PXM 5 [mem 0x20000000000-0x200ffffffff]
[    0.110327] NUMA: Initialized distance table, cnt=2
[    0.110340] NUMA: Node 0 [mem 0x00000000-0xdfffffff] + [mem 0x100000000-0x3ffeffffff] -> [mem 0x00000000-0x3ffeffffff]
[    0.110380] NODE_DATA(0) allocated [mem 0x3fb6fbe000-0x3fb6fe8fff]
[    0.111390] Reserving 512MB of memory at 2432MB for crashkernel (System RAM: 261362MB)
[    0.112143] Zone ranges:
[    0.112155]   DMA      [mem 0x0000000000001000-0x0000000000ffffff]
[    0.112180]   DMA32    [mem 0x0000000001000000-0x00000000ffffffff]
[    0.112204]   Normal   [mem 0x0000000100000000-0x0000003ffeffffff]
[    0.112228]   Device   empty
[    0.112251] Movable zone start for each node
[    0.112268] Early memory node ranges
[    0.112280]   node   0: [mem 0x0000000000001000-0x000000000009ffff]
[    0.112294]   node   0: [mem 0x0000000000100000-0x00000000bb779fff]
[    0.112308]   node   0: [mem 0x00000000bcd2e000-0x00000000bd0ebfff]
[    0.112321]   node   0: [mem 0x00000000bd284000-0x00000000bd41bfff]
[    0.112335]   node   0: [mem 0x00000000bd856000-0x00000000bda5dfff]
[    0.112349]   node   0: [mem 0x00000000bdb77000-0x00000000bdc8ffff]
[    0.112362]   node   0: [mem 0x00000000bdfbc000-0x00000000bf434fff]
[    0.112376]   node   0: [mem 0x00000000c0636000-0x00000000cba02fff]
[    0.112389]   node   0: [mem 0x00000000cba05000-0x00000000cba05fff]
[    0.112403]   node   0: [mem 0x00000000cba4e000-0x00000000cba4efff]
[    0.112416]   node   0: [mem 0x00000000cba57000-0x00000000cba57fff]
[    0.112430]   node   0: [mem 0x00000000cd42b000-0x00000000cd42bfff]
[    0.112443]   node   0: [mem 0x00000000cd42d000-0x00000000cd42dfff]
[    0.112457]   node   0: [mem 0x00000000cd640000-0x00000000cd6befff]
[    0.112471]   node   0: [mem 0x00000000cd6c0000-0x00000000ce51efff]
[    0.112484]   node   0: [mem 0x00000000cf120000-0x00000000cf132fff]
[    0.112498]   node   0: [mem 0x00000000cf734000-0x00000000d27dcfff]
[    0.112511]   node   0: [mem 0x00000000d284e000-0x00000000d2894fff]
[    0.112525]   node   0: [mem 0x00000000d2897000-0x00000000d2976fff]
[    0.112538]   node   0: [mem 0x00000000d2979000-0x00000000d2f54fff]
[    0.112552]   node   0: [mem 0x00000000d2f5e000-0x00000000d34bbfff]
[    0.112566]   node   0: [mem 0x00000000d3abc000-0x00000000d3c5ffff]
[    0.112579]   node   0: [mem 0x00000000d3c7c000-0x00000000d69cefff]
[    0.112593]   node   0: [mem 0x00000000d77ff000-0x00000000d77fffff]
[    0.112606]   node   0: [mem 0x0000000100000000-0x0000003ffeffffff]
[    0.113708] Zeroed struct page in unavailable ranges: 36146 pages
[    0.113721] Initmem setup node 0 [mem 0x0000000000001000-0x0000003ffeffffff]
[    0.113739] On node 0 totalpages: 66908878
[    0.113752]   DMA zone: 64 pages used for memmap
[    0.113765]   DMA zone: 159 pages reserved
[    0.113777]   DMA zone: 3999 pages, LIFO batch:0
[    0.113846]   DMA32 zone: 13261 pages used for memmap
[    0.113858]   DMA32 zone: 848687 pages, LIFO batch:63
[    0.125402]   Normal zone: 1032128 pages used for memmap
[    0.125414]   Normal zone: 66056192 pages, LIFO batch:63
[    1.027602] ACPI: PM-Timer IO Port: 0x508
[    1.027615] ACPI: Local APIC address 0xfee00000
[    1.027633] ACPI: X2APIC_NMI (uid[0xffffffff] high edge lint[0x1])
[    1.027648] ACPI: LAPIC_NMI (acpi_id[0xff] high edge lint[0x1])
[    1.027662] IOAPIC[0]: apic_id 8, version 32, address 0xfec00000, GSI 0-23
[    1.027678] ACPI: INT_SRC_OVR (bus 0 bus_irq 0 global_irq 2 dfl dfl)
[    1.027692] ACPI: INT_SRC_OVR (bus 0 bus_irq 9 global_irq 9 high level)
[    1.027706] ACPI: IRQ0 used by override.
[    1.027719] ACPI: IRQ9 used by override.
[    1.027734] Using ACPI (MADT) for SMP configuration information
[    1.027746] ACPI: HPET id: 0x8086a701 base: 0xfed00000
[    1.027763] ACPI: SPCR: console: uart,io,0x3f8,115200
[    1.027776] TSC deadline timer available
[    1.027788] smpboot: Allowing 16 CPUs, 0 hotplug CPUs
[    1.028082] PM: hibernation: Registered nosave memory: [mem 0x00000000-0x00000fff]
[    1.028102] PM: hibernation: Registered nosave memory: [mem 0x000a0000-0x000fffff]
[    1.028123] PM: hibernation: Registered nosave memory: [mem 0xbb77a000-0xbcd2dfff]
[    1.028144] PM: hibernation: Registered nosave memory: [mem 0xbd0ec000-0xbd283fff]
[    1.028165] PM: hibernation: Registered nosave memory: [mem 0xbd41c000-0xbd855fff]
[    1.028186] PM: hibernation: Registered nosave memory: [mem 0xbda5e000-0xbdb76fff]
[    1.028207] PM: hibernation: Registered nosave memory: [mem 0xbdc90000-0xbdfbbfff]
[    1.028228] PM: hibernation: Registered nosave memory: [mem 0xbf435000-0xc0635fff]
[    1.028250] PM: hibernation: Registered nosave memory: [mem 0xcba03000-0xcba04fff]
[    1.028271] PM: hibernation: Registered nosave memory: [mem 0xcba06000-0xcba4dfff]
[    1.028293] PM: hibernation: Registered nosave memory: [mem 0xcba4f000-0xcba56fff]
[    1.028314] PM: hibernation: Registered nosave memory: [mem 0xcba58000-0xcd42afff]
[    1.028336] PM: hibernation: Registered nosave memory: [mem 0xcd42c000-0xcd42cfff]
[    1.028358] PM: hibernation: Registered nosave memory: [mem 0xcd42e000-0xcd63ffff]
[    1.028380] PM: hibernation: Registered nosave memory: [mem 0xcd6bf000-0xcd6bffff]
[    1.028402] PM: hibernation: Registered nosave memory: [mem 0xce51f000-0xcf11ffff]
[    1.028424] PM: hibernation: Registered nosave memory: [mem 0xcf133000-0xcf732fff]
[    1.028437] PM: hibernation: Registered nosave memory: [mem 0xcf733000-0xcf733fff]
[    1.028459] PM: hibernation: Registered nosave memory: [mem 0xd27dd000-0xd284dfff]
[    1.028481] PM: hibernation: Registered nosave memory: [mem 0xd2895000-0xd2896fff]
[    1.028504] PM: hibernation: Registered nosave memory: [mem 0xd2977000-0xd2978fff]
[    1.028526] PM: hibernation: Registered nosave memory: [mem 0xd2f55000-0xd2f5dfff]
[    1.028549] PM: hibernation: Registered nosave memory: [mem 0xd34bc000-0xd3abbfff]
[    1.028571] PM: hibernation: Registered nosave memory: [mem 0xd3c60000-0xd3c7bfff]
[    1.028594] PM: hibernation: Registered nosave memory: [mem 0xd69cf000-0xd6ccefff]
[    1.028607] PM: hibernation: Registered nosave memory: [mem 0xd6ccf000-0xd76fefff]
[    1.028621] PM: hibernation: Registered nosave memory: [mem 0xd76ff000-0xd77fefff]
[    1.028662] PM: hibernation: Registered nosave memory: [mem 0xd7800000-0xdfffffff]
[    1.028675] PM: hibernation: Registered nosave memory: [mem 0xe0000000-0xf282ffff]
[    1.028688] PM: hibernation: Registered nosave memory: [mem 0xf2830000-0xf2830fff]
[    1.028702] PM: hibernation: Registered nosave memory: [mem 0xf2831000-0xffffffff]
[    1.028716] [mem 0xe0000000-0xf282ffff] available for PCI devices
[    1.028731] Booting paravirtualized kernel on bare hardware
[    1.028744] clocksource: refined-jiffies: mask: 0xffffffff max_cycles: 0xffffffff, max_idle_ns: 1910969940391419 ns
[    1.041026] setup_percpu: NR_CPUS:8192 nr_cpumask_bits:16 nr_cpu_ids:16 nr_node_ids:2
[    1.041116] percpu: Embedded 53 pages/cpu s180200 r8192 d28696 u262144
[    1.041183] pcpu-alloc: s180200 r8192 d28696 u262144 alloc=1*2097152
[    1.041209] pcpu-alloc: [0] 00 01 02 03 04 05 06 07 [0] 08 09 10 11 12 13 14 15 
[    1.041646] Built 1 zonelists, mobility grouping on.  Total pages: 65863266
[    1.041659] Policy zone: Normal
[    1.041672] Kernel command line: BOOT_IMAGE=(hd1,gpt2)/vmlinuz-5.11.0-f40ddce88593-gf40ddce88593 root=/dev/mapper/cs-root ro crashkernel=1G-4G:192M,4G-64G:256M,64G-:512M resume=/dev/mapper/cs-swap rd.lvm.lv=cs/root rd.lvm.lv=cs/swap rhgb quiet console=tty0 console=ttyS0,115200n8 intel_iommu=on,sm_on initcall_debug log_buf_len=200M no_console_suspend ignore_loglevel selinux=0 cxl_acpi.dyndbg=+fplm cxl_pci.dyndbg=+fplm cxl_core.dyndbg=+fplm cxl_mem.dyndbg=+fplm cxl_pmem.dyndbg=+fplm cxl_port.dyndbg=+fplm cxl_region.dyndbg=+fplm cxl_test.dyndbg=+fplm cxl_mock.dyndbg=+fplm cxl_mock_mem.dyndbg=+fplm
[    1.041914] DMAR: IOMMU enabled
[    1.041926] DMAR: Intel-IOMMU: scalable mode supported
[    1.042314] Dentry cache hash table entries: 16777216 (order: 15, 134217728 bytes, linear)
[    1.042344] Inode-cache hash table entries: 8388608 (order: 14, 67108864 bytes, linear)
[    1.042526] mem auto-init: stack:off, heap alloc:off, heap free:off
[    1.992536] Memory: 260971600K/267635512K available (18447K kernel code, 60405K rwdata, 10064K rodata, 2444K init, 25320K bss, 6663708K reserved, 0K cma-reserved)
[    1.994954] SLUB: HWalign=64, Order=0-3, MinObjects=0, CPUs=16, Nodes=2
[    1.994968] kmemleak: Kernel memory leak detector disabled
[    1.995001] ftrace: allocating 59044 entries in 231 pages
[    2.022909] ftrace: allocated 231 pages with 6 groups
[    2.023129] rcu: Hierarchical RCU implementation.
[    2.023142] rcu: 	RCU restricting CPUs from NR_CPUS=8192 to nr_cpu_ids=16.
[    2.023155] 	Trampoline variant of Tasks RCU enabled.
[    2.023167] 	Rude variant of Tasks RCU enabled.
[    2.023179] 	Tracing variant of Tasks RCU enabled.
[    2.023191] rcu: RCU calculated value of scheduler-enlistment delay is 100 jiffies.
[    2.023204] rcu: Adjusting geometry for rcu_fanout_leaf=16, nr_cpu_ids=16
[    2.035548] NR_IRQS: 524544, nr_irqs: 552, preallocated irqs: 16
[    2.036312] random: get_random_bytes called from start_kernel+0x3a0/0x572 with crng_init=0
[    2.036372] calling  con_init+0x0/0x22c @ 0
[    2.036402] Console: colour dummy device 80x25
[    2.038886] printk: console [tty0] enabled
[    2.038902] initcall con_init+0x0/0x22c returned 0 after 0 usecs
[    2.038921] calling  hvc_console_init+0x0/0x14 @ 0
[    2.038940] initcall hvc_console_init+0x0/0x14 returned 0 after 0 usecs
[    2.038961] calling  univ8250_console_init+0x0/0x27 @ 0
[    2.766146] printk: console [ttyS0] enabled
[    2.767163] initcall univ8250_console_init+0x0/0x27 returned 0 after 0 usecs
[    2.768847] calling  kgdboc_earlycon_late_init+0x0/0x1d @ 0
[    2.770189] initcall kgdboc_earlycon_late_init+0x0/0x1d returned 0 after 0 usecs
[    2.771978] ACPI: Core revision 20201113
[    2.801455] clocksource: hpet: mask: 0xffffffff max_cycles: 0xffffffff, max_idle_ns: 76450417870 ns
[    2.803617] APIC: Switch to symmetric I/O mode setup
[    2.804876] DMAR: Host address width 52
[    2.805874] DMAR: DRHD base: 0x0017ff40000000 flags: 0x0
[    2.807216] DMAR: dmar0: reg_base_addr 17ff40000000 ver 8:0 cap f9e8008cee730c06 ecap 7bbfef9ea4f0efdf
[    2.809482] DMAR: DRHD base: 0x0017ff80000000 flags: 0x0
[    2.810825] DMAR: dmar1: reg_base_addr 17ff80000000 ver 8:0 cap f9e8008cee730c06 ecap 7bbfef9ea4f0efdf
[    2.813091] DMAR: DRHD base: 0x0017ffc0000000 flags: 0x0
[    2.814433] DMAR: dmar2: reg_base_addr 17ffc0000000 ver 8:0 cap f9e8008cee730c06 ecap 7bbfef9ea4f0efdf
[    2.816699] DMAR: DRHD base: 0x001ffec0000000 flags: 0x0
[    2.818042] DMAR: dmar3: reg_base_addr 1ffec0000000 ver 8:0 cap f9e8008cee730c06 ecap 7bbfef9ea4f0efdf
[    2.820369] DMAR: DRHD base: 0x001fff00000000 flags: 0x0
[    2.821711] DMAR: dmar4: reg_base_addr 1fff00000000 ver 8:0 cap f9e8008cee730c06 ecap 7bbfef9ea4f0efdf
[    2.823977] DMAR: DRHD base: 0x001fff40000000 flags: 0x0
[    2.825320] DMAR: dmar5: reg_base_addr 1fff40000000 ver 8:0 cap f9e8008cee730c06 ecap 7bbfef9ea4f0efdf
[    2.827647] DMAR: DRHD base: 0x001fff80000000 flags: 0x0
[    2.829001] DMAR: dmar6: reg_base_addr 1fff80000000 ver 8:0 cap f9e8008cee730c06 ecap 7bbfef9ea4f0efdf
[    2.831266] DMAR: DRHD base: 0x0017ff00000000 flags: 0x0
[    2.832609] DMAR: dmar7: reg_base_addr 17ff00000000 ver 8:0 cap f9e8008cee730c06 ecap 7bbfef9ea4f0efdf
[    2.834936] DMAR: ATSR flags: 0x1
[    2.835752] DMAR: ATSR flags: 0x1
[    2.836630] DMAR-IR: IOAPIC id 8 under DRHD base  0x17ff00000000 IOMMU 7
[    2.838292] DMAR-IR: HPET id 0 under DRHD base 0x17ff00000000
[    2.839732] DMAR-IR: Queued invalidation will be enabled to support x2apic and Intr-remapping.
[    2.843547] DMAR-IR: Enabled IRQ remapping in x2apic mode
[    2.845592] ..TIMER: vector=0x30 apic1=0 pin1=2 apic2=-1 pin2=-1
[    2.851551] clocksource: tsc-early: mask: 0xffffffffffffffff max_cycles: 0x22983777dd9, max_idle_ns: 440795300422 ns
[    2.854088] Calibrating delay loop (skipped), value calculated using timer frequency.. 4800.00 BogoMIPS (lpj=2400000)
[    2.855129] pid_max: default: 32768 minimum: 301
MmEntryPoint ...
ClearRasRegister: Success to get RAS policy.
MmEntryPoint Done
[    2.880154] LSM: Security Framework initializing
[    2.882150] Mount-cache hash table entries: 262144 (order: 9, 2097152 bytes, linear)
[    2.884223] Mountpoint-cache hash table entries: 262144 (order: 9, 2097152 bytes, linear)
[    2.885501] x86/cpu: SGX disabled by BIOS
[    2.886150] x86/tme: not enabled by BIOS
[    2.887129] x86/cpu: User Mode Instruction Prevention (UMIP) activated
[    2.888131] mce: CPU0: Thermal monitoring enabled (TM1)
[    2.889130] process: using mwait in idle threads
[    2.890129] Last level iTLB entries: 4KB 0, 2MB 0, 4MB 0
[    2.891128] Last level dTLB entries: 4KB 0, 2MB 0, 4MB 0, 1GB 0
[    2.892132] Spectre V1 : Mitigation: usercopy/swapgs barriers and __user pointer sanitization
[    2.893134] Spectre V2 : Mitigation: Enhanced IBRS
[    2.894129] Spectre V2 : Spectre v2 / SpectreRSB mitigation: Filling RSB on context switch
[    2.895132] Spectre V2 : mitigation: Enabling conditional Indirect Branch Prediction Barrier
[    2.896134] Speculative Store Bypass: Mitigation: Speculative Store Bypass disabled via prctl and seccomp
[    2.897278] Freeing SMP alternatives memory: 56K
[    2.898323] smpboot: CPU0: Intel(R) Core TM M7-6Y75 @ 2.00GHZ (family: 0x13, model: 0x0, stepping: 0x0)
[    2.900374] calling  init_hw_perf_events+0x0/0x723 @ 1
[    2.901129] Performance Events: XSAVE Architectural LBR,  AnyThread deprecated, generic architected perfmon, 32-deep LBR, full-width counters, Intel PMU driver.
[    2.902129] ... version:                6
[    2.903078] ... bit width:              48
[    2.904129] ... generic registers:      8
[    2.905078] ... value mask:             0000ffffffffffff
[    2.906129] ... max period:             00007fffffffffff
[    2.907129] ... fixed-purpose events:   4
[    2.908078] ... event mask:             0001000f000000ff
[    2.909181] initcall init_hw_perf_events+0x0/0x723 returned 0 after 7812 usecs
[    2.910129] calling  init_real_mode+0x0/0x1cf @ 1
[    2.911134] initcall init_real_mode+0x0/0x1cf returned 0 after 0 usecs
[    2.912129] calling  trace_init_perf_perm_irq_work_exit+0x0/0x13 @ 1
[    2.913129] initcall trace_init_perf_perm_irq_work_exit+0x0/0x13 returned 0 after 0 usecs
[    2.914129] calling  register_nmi_cpu_backtrace_handler+0x0/0x16 @ 1
[    2.915129] initcall register_nmi_cpu_backtrace_handler+0x0/0x16 returned 0 after 0 usecs
[    2.916129] calling  kvm_setup_vsyscall_timeinfo+0x0/0xd8 @ 1
[    2.917129] initcall kvm_setup_vsyscall_timeinfo+0x0/0xd8 returned 0 after 0 usecs
[    2.918129] calling  spawn_ksoftirqd+0x0/0x39 @ 1
[    2.919286] initcall spawn_ksoftirqd+0x0/0x39 returned 0 after 0 usecs
[    2.920129] calling  migration_init+0x0/0x34 @ 1
[    2.921129] initcall migration_init+0x0/0x34 returned 0 after 0 usecs
[    2.922129] calling  srcu_bootup_announce+0x0/0x30 @ 1
[    2.923129] rcu: Hierarchical SRCU implementation.
[    2.924129] initcall srcu_bootup_announce+0x0/0x30 returned 0 after 976 usecs
[    2.925129] calling  rcu_spawn_core_kthreads+0x0/0x7c @ 1
[    2.926129] initcall rcu_spawn_core_kthreads+0x0/0x7c returned 0 after 0 usecs
[    2.927129] calling  rcu_spawn_gp_kthread+0x0/0x137 @ 1
[    2.928262] initcall rcu_spawn_gp_kthread+0x0/0x137 returned 0 after 0 usecs
[    2.929129] calling  check_cpu_stall_init+0x0/0x1b @ 1
[    2.930129] initcall check_cpu_stall_init+0x0/0x1b returned 0 after 0 usecs
[    2.931129] calling  rcu_sysrq_init+0x0/0x22 @ 1
[    2.932129] initcall rcu_sysrq_init+0x0/0x22 returned 0 after 0 usecs
[    2.933129] calling  trace_init_flags_sys_enter+0x0/0xf @ 1
[    2.934129] initcall trace_init_flags_sys_enter+0x0/0xf returned 0 after 0 usecs
[    2.935129] calling  trace_init_flags_sys_exit+0x0/0xf @ 1
[    2.936129] initcall trace_init_flags_sys_exit+0x0/0xf returned 0 after 0 usecs
[    2.937129] calling  cpu_stop_init+0x0/0xa7 @ 1
[    2.938297] initcall cpu_stop_init+0x0/0xa7 returned 0 after 0 usecs
[    2.939160] calling  init_kprobes+0x0/0x179 @ 1
[    2.940488] initcall init_kprobes+0x0/0x179 returned 0 after 0 usecs
[    2.941129] calling  init_events+0x0/0x40 @ 1
[    2.942151] initcall init_events+0x0/0x40 returned 0 after 0 usecs
[    2.943129] calling  init_trace_printk+0x0/0xc @ 1
[    2.944129] initcall init_trace_printk+0x0/0xc returned 0 after 0 usecs
[    2.945129] calling  event_trace_enable_again+0x0/0x3e @ 1
[    2.946129] initcall event_trace_enable_again+0x0/0x3e returned 0 after 0 usecs
[    2.947129] calling  static_call_init+0x0/0x7f @ 1
[    2.948129] initcall static_call_init+0x0/0x7f returned 0 after 0 usecs
[    2.949129] calling  dynamic_debug_init+0x0/0x199 @ 1
[    2.950417] initcall dynamic_debug_init+0x0/0x199 returned 0 after 0 usecs
[    2.951129] calling  initialize_ptr_random+0x0/0x44 @ 1
[    2.952129] initcall initialize_ptr_random+0x0/0x44 returned 0 after 0 usecs
[    2.953129] calling  mce_amd_init+0x0/0x1dd @ 1
[    2.954129] initcall mce_amd_init+0x0/0x1dd returned -19 after 0 usecs
[    2.955129] calling  efi_memreserve_root_init+0x0/0x26 @ 1
[    2.956129] initcall efi_memreserve_root_init+0x0/0x26 returned 0 after 0 usecs
[    2.957129] calling  efi_earlycon_remap_fb+0x0/0x4e @ 1
[    2.958129] initcall efi_earlycon_remap_fb+0x0/0x4e returned 0 after 0 usecs
[    2.959129] calling  idle_inject_init+0x0/0x11 @ 1
[    2.960297] initcall idle_inject_init+0x0/0x11 returned 0 after 0 usecs
[    2.962078] smp: Bringing up secondary CPUs ...
[    2.962981] x86: Booting SMP configuration:
[    2.963160] .... node  #0, CPUs:        #1  #2  #3  #4
[    0.783852] smpboot: CPU 4 Converting physical 32 to logical die 2
[    3.023305]   #5  #6
[    0.783852] smpboot: CPU 6 Converting physical 33 to logical die 3
[    3.056622]   #7  #8
[    0.783852] smpboot: CPU 8 Converting physical 64 to logical die 4
[    3.089687]   #9 #10
[    0.783852] smpboot: CPU 10 Converting physical 65 to logical die 5
[    3.122927]  #11 #12
[    0.783852] smpboot: CPU 12 Converting physical 96 to logical die 6
[    3.156011]  #13 #14
[    0.783852] smpboot: CPU 14 Converting physical 97 to logical die 7
[    3.189028]  #15
[    3.199886] smp: Brought up 1 node, 16 CPUs
[    3.201129] smpboot: Max logical packages: 1
[    3.202129] smpboot: Total of 16 processors activated (76800.00 BogoMIPS)
[    3.213207] devtmpfs: initialized
[    3.214210] x86/mm: Memory block size: 2048MB
[    3.219078] calling  bpf_jit_charge_init+0x0/0x35 @ 1
[    3.219159] initcall bpf_jit_charge_init+0x0/0x35 returned 0 after 0 usecs
[    3.220129] calling  memory_stats_init+0x0/0x35 @ 1
[    3.221129] initcall memory_stats_init+0x0/0x35 returned 0 after 0 usecs
[    3.222129] calling  ipc_ns_init+0x0/0x3f @ 1
[    3.223130] initcall ipc_ns_init+0x0/0x3f returned 0 after 0 usecs
[    3.224129] calling  init_mmap_min_addr+0x0/0x27 @ 1
[    3.225129] initcall init_mmap_min_addr+0x0/0x27 returned 0 after 0 usecs
[    3.226129] calling  pci_realloc_setup_params+0x0/0x41 @ 1
[    3.227129] initcall pci_realloc_setup_params+0x0/0x41 returned 0 after 0 usecs
[    3.228129] calling  net_ns_init+0x0/0x12b @ 1
[    3.229216] initcall net_ns_init+0x0/0x12b returned 0 after 0 usecs
[    3.230159] calling  inet_frag_wq_init+0x0/0x3d @ 1
[    3.231204] initcall inet_frag_wq_init+0x0/0x3d returned 0 after 0 usecs
[    3.232606] calling  e820__register_nvs_regions+0x0/0x38 @ 1
[    3.233129] PM: Registering ACPI NVS region [mem 0xcd6bf000-0xcd6bffff] (4096 bytes)
[    3.234129] PM: Registering ACPI NVS region [mem 0xce51f000-0xcf11ffff] (12587008 bytes)
[    3.235978] PM: Registering ACPI NVS region [mem 0xcf733000-0xcf733fff] (4096 bytes)
[    3.236129] PM: Registering ACPI NVS region [mem 0xd6ccf000-0xd76fefff] (10682368 bytes)
[    3.237861] initcall e820__register_nvs_regions+0x0/0x38 returned 0 after 3906 usecs
[    3.238129] calling  cpufreq_register_tsc_scaling+0x0/0x2a @ 1
[    3.239129] initcall cpufreq_register_tsc_scaling+0x0/0x2a returned 0 after 0 usecs
[    3.240129] calling  reboot_init+0x0/0x3d @ 1
[    3.241133] initcall reboot_init+0x0/0x3d returned 0 after 0 usecs
[    3.242129] calling  init_lapic_sysfs+0x0/0x21 @ 1
[    3.243129] initcall init_lapic_sysfs+0x0/0x21 returned 0 after 0 usecs
[    3.244129] calling  alloc_frozen_cpus+0x0/0x1e @ 1
[    3.245129] initcall alloc_frozen_cpus+0x0/0x1e returned 0 after 0 usecs
[    3.246129] calling  cpu_hotplug_pm_sync_init+0x0/0x14 @ 1
[    3.247129] initcall cpu_hotplug_pm_sync_init+0x0/0x14 returned 0 after 0 usecs
[    3.248129] calling  wq_sysfs_init+0x0/0x2b @ 1
[    3.249156] initcall wq_sysfs_init+0x0/0x2b returned 0 after 0 usecs
[    3.250129] calling  ksysfs_init+0x0/0x93 @ 1
[    3.251148] initcall ksysfs_init+0x0/0x93 returned 0 after 0 usecs
[    3.252129] calling  schedutil_gov_init+0x0/0x11 @ 1
[    3.253129] initcall schedutil_gov_init+0x0/0x11 returned 0 after 0 usecs
[    3.254129] calling  pm_init+0x0/0x73 @ 1
[    3.255160] initcall pm_init+0x0/0x73 returned 0 after 976 usecs
[    3.256129] calling  pm_disk_init+0x0/0x18 @ 1
[    3.257132] initcall pm_disk_init+0x0/0x18 returned 0 after 0 usecs
[    3.258129] calling  swsusp_header_init+0x0/0x2c @ 1
[    3.259129] initcall swsusp_header_init+0x0/0x2c returned 0 after 0 usecs
[    3.260129] calling  em_debug_init+0x0/0x1d @ 1
[    3.261139] initcall em_debug_init+0x0/0x1d returned 0 after 0 usecs
[    3.262129] calling  rcu_set_runtime_mode+0x0/0x17 @ 1
[    3.263130] initcall rcu_set_runtime_mode+0x0/0x17 returned 0 after 0 usecs
[    3.264129] calling  init_jiffies_clocksource+0x0/0x18 @ 1
[    3.265129] clocksource: jiffies: mask: 0xffffffff max_cycles: 0xffffffff, max_idle_ns: 1911260446275000 ns
[    3.266129] initcall init_jiffies_clocksource+0x0/0x18 returned 0 after 976 usecs
[    3.267129] calling  futex_init+0x0/0x11d @ 1
[    3.268130] futex hash table entries: 4096 (order: 6, 262144 bytes, linear)
[    3.269176] initcall futex_init+0x0/0x11d returned 0 after 976 usecs
[    3.270129] calling  cgroup_wq_init+0x0/0x29 @ 1
[    3.271133] initcall cgroup_wq_init+0x0/0x29 returned 0 after 0 usecs
[    3.272129] calling  cgroup1_wq_init+0x0/0x29 @ 1
[    3.273133] initcall cgroup1_wq_init+0x0/0x29 returned 0 after 0 usecs
[    3.274129] calling  ftrace_mod_cmd_init+0x0/0xc @ 1
[    3.275129] initcall ftrace_mod_cmd_init+0x0/0xc returned 0 after 0 usecs
[    3.276129] calling  init_wakeup_tracer+0x0/0x2d @ 1
[    3.277129] initcall init_wakeup_tracer+0x0/0x2d returned 0 after 0 usecs
[    3.278129] calling  init_graph_trace+0x0/0x5d @ 1
[    3.279129] initcall init_graph_trace+0x0/0x5d returned 0 after 0 usecs
[    3.280129] calling  trace_events_synth_init_early+0x0/0x23 @ 1
[    3.281129] initcall trace_events_synth_init_early+0x0/0x23 returned 0 after 0 usecs
[    3.282129] calling  init_kprobe_trace_early+0x0/0x26 @ 1
[    3.283129] initcall init_kprobe_trace_early+0x0/0x26 returned 0 after 0 usecs
[    3.284129] calling  init_zero_pfn+0x0/0x38 @ 1
[    3.285129] initcall init_zero_pfn+0x0/0x38 returned 0 after 0 usecs
[    3.286129] calling  mem_cgroup_swap_init+0x0/0x56 @ 1
[    3.287130] initcall mem_cgroup_swap_init+0x0/0x56 returned 0 after 0 usecs
[    3.288129] calling  memory_failure_init+0x0/0xc1 @ 1
[    3.289129] initcall memory_failure_init+0x0/0xc1 returned 0 after 0 usecs
[    3.290129] calling  cma_init_reserved_areas+0x0/0x160 @ 1
[    3.291129] initcall cma_init_reserved_areas+0x0/0x160 returned 0 after 0 usecs
[    3.292129] calling  fsnotify_init+0x0/0x49 @ 1
[    3.293134] initcall fsnotify_init+0x0/0x49 returned 0 after 0 usecs
[    3.294129] calling  filelock_init+0x0/0xb8 @ 1
[    3.295135] initcall filelock_init+0x0/0xb8 returned 0 after 0 usecs
[    3.296129] calling  init_script_binfmt+0x0/0x16 @ 1
[    3.297129] initcall init_script_binfmt+0x0/0x16 returned 0 after 0 usecs
[    3.298129] calling  init_elf_binfmt+0x0/0x16 @ 1
[    3.299129] initcall init_elf_binfmt+0x0/0x16 returned 0 after 0 usecs
[    3.300129] calling  init_compat_elf_binfmt+0x0/0x16 @ 1
[    3.301129] initcall init_compat_elf_binfmt+0x0/0x16 returned 0 after 0 usecs
[    3.302129] calling  configfs_init+0x0/0x94 @ 1
[    3.303130] initcall configfs_init+0x0/0x94 returned 0 after 0 usecs
[    3.304129] calling  debugfs_init+0x0/0x5d @ 1
[    3.305130] initcall debugfs_init+0x0/0x5d returned 0 after 0 usecs
[    3.306129] calling  tracefs_init+0x0/0x3b @ 1
[    3.307130] initcall tracefs_init+0x0/0x3b returned 0 after 0 usecs
[    3.308129] calling  securityfs_init+0x0/0x69 @ 1
[    3.309139] initcall securityfs_init+0x0/0x69 returned 0 after 0 usecs
[    3.310129] calling  register_xor_blocks+0x0/0x9d @ 1
[    3.311129] initcall register_xor_blocks+0x0/0x9d returned 0 after 0 usecs
[    3.312129] calling  prandom_init_early+0x0/0x14e @ 1
[    3.313129] initcall prandom_init_early+0x0/0x14e returned 0 after 0 usecs
[    3.314129] calling  pinctrl_init+0x0/0xae @ 1
[    3.315129] pinctrl core: initialized pinctrl subsystem
[    3.316134] initcall pinctrl_init+0x0/0xae returned 0 after 976 usecs
[    3.317129] calling  gpiolib_dev_init+0x0/0xc2 @ 1
[    3.318146] initcall gpiolib_dev_init+0x0/0xc2 returned 0 after 0 usecs
[    3.319129] calling  virtio_init+0x0/0x20 @ 1
[    3.320135] initcall virtio_init+0x0/0x20 returned 0 after 0 usecs
[    3.321129] calling  iommu_init+0x0/0x30 @ 1
[    3.322131] 
[    3.322524] *************************************************************
[    3.323129] **     NOTICE NOTICE NOTICE NOTICE NOTICE NOTICE NOTICE    **
[    3.324129] **                                                         **
[    3.325129] **  IOMMU DebugFS SUPPORT HAS BEEN ENABLED IN THIS KERNEL  **
[    3.326129] **                                                         **
[    3.327129] ** This means that this kernel is built to expose internal **
[    3.328129] ** IOMMU data structures, which may compromise security on **
[    3.329129] ** your system.                                            **
[    3.330129] **                                                         **
[    3.331129] ** If you see this message and you are not debugging the   **
[    3.332129] ** kernel, report this immediately to your vendor!         **
[    3.333129] **                                                         **
[    3.334129] **     NOTICE NOTICE NOTICE NOTICE NOTICE NOTICE NOTICE    **
[    3.335129] *************************************************************
[    3.336129] initcall iommu_init+0x0/0x30 returned 0 after 13671 usecs
[    3.337129] calling  component_debug_init+0x0/0x1d @ 1
[    3.338130] initcall component_debug_init+0x0/0x1d returned 0 after 0 usecs
[    3.339129] calling  opp_debug_init+0x0/0x1d @ 1
[    3.340130] initcall opp_debug_init+0x0/0x1d returned 0 after 0 usecs
[    3.341129] calling  cpufreq_core_init+0x0/0x63 @ 1
[    3.342130] initcall cpufreq_core_init+0x0/0x63 returned 0 after 0 usecs
[    3.343129] calling  cpufreq_gov_performance_init+0x0/0x11 @ 1
[    3.344129] initcall cpufreq_gov_performance_init+0x0/0x11 returned 0 after 0 usecs
[    3.345129] calling  cpufreq_gov_powersave_init+0x0/0x11 @ 1
[    3.346129] initcall cpufreq_gov_powersave_init+0x0/0x11 returned 0 after 0 usecs
[    3.347129] calling  cpufreq_gov_userspace_init+0x0/0x11 @ 1
[    3.348129] initcall cpufreq_gov_userspace_init+0x0/0x11 returned 0 after 0 usecs
[    3.349129] calling  CPU_FREQ_GOV_ONDEMAND_init+0x0/0x11 @ 1
[    3.350129] initcall CPU_FREQ_GOV_ONDEMAND_init+0x0/0x11 returned 0 after 0 usecs
[    3.351129] calling  CPU_FREQ_GOV_CONSERVATIVE_init+0x0/0x11 @ 1
[    3.352129] initcall CPU_FREQ_GOV_CONSERVATIVE_init+0x0/0x11 returned 0 after 0 usecs
[    3.353129] calling  cpuidle_init+0x0/0x20 @ 1
[    3.354132] initcall cpuidle_init+0x0/0x20 returned 0 after 0 usecs
[    3.355165] calling  capsule_reboot_register+0x0/0x11 @ 1
[    3.356129] initcall capsule_reboot_register+0x0/0x11 returned 0 after 0 usecs
[    3.357129] calling  sock_init+0x0/0x94 @ 1
[    3.358657] initcall sock_init+0x0/0x94 returned 0 after 0 usecs
[    3.359129] calling  net_inuse_init+0x0/0x24 @ 1
[    3.360131] initcall net_inuse_init+0x0/0x24 returned 0 after 0 usecs
[    3.361129] calling  net_defaults_init+0x0/0x24 @ 1
[    3.362129] initcall net_defaults_init+0x0/0x24 returned 0 after 0 usecs
[    3.363129] calling  init_default_flow_dissectors+0x0/0x50 @ 1
[    3.364129] initcall init_default_flow_dissectors+0x0/0x50 returned 0 after 0 usecs
[    3.365129] calling  netpoll_init+0x0/0x46 @ 1
[    3.366129] initcall netpoll_init+0x0/0x46 returned 0 after 0 usecs
[    3.367129] calling  netlink_proto_init+0x0/0x17f @ 1
[    3.368155] NET: Registered protocol family 16
[    3.369134] initcall netlink_proto_init+0x0/0x17f returned 0 after 976 usecs
[    3.370129] calling  genl_init+0x0/0x36 @ 1
[    3.371131] initcall genl_init+0x0/0x36 returned 0 after 0 usecs
[    3.372129] calling  tcp_bpf_v4_build_proto+0x0/0x6c @ 1
[    3.373129] initcall tcp_bpf_v4_build_proto+0x0/0x6c returned 0 after 0 usecs
[    3.374129] calling  udp_bpf_v4_build_proto+0x0/0x36 @ 1
[    3.375129] initcall udp_bpf_v4_build_proto+0x0/0x36 returned 0 after 0 usecs
[    3.376129] calling  bsp_pm_check_init+0x0/0x14 @ 1
[    3.377129] initcall bsp_pm_check_init+0x0/0x14 returned 0 after 0 usecs
[    3.378575] calling  irq_sysfs_init+0x0/0x94 @ 1
[    3.379337] initcall irq_sysfs_init+0x0/0x94 returned 0 after 0 usecs
[    3.380129] calling  audit_init+0x0/0x1c6 @ 1
[    3.381130] audit: initializing netlink subsys (disabled)
[    3.382201] initcall audit_init+0x0/0x1c6 returned 0 after 976 usecs
[    3.382201] audit: type=2000 audit(1622937246.563:1): state=initialized audit_enabled=0 res=1
[    3.383159] calling  release_early_probes+0x0/0x38 @ 1
[    3.385129] initcall release_early_probes+0x0/0x38 returned 0 after 0 usecs
[    3.386129] calling  bdi_class_init+0x0/0x49 @ 1
[    3.387132] initcall bdi_class_init+0x0/0x49 returned 0 after 0 usecs
[    3.388129] calling  mm_sysfs_init+0x0/0x29 @ 1
[    3.389130] initcall mm_sysfs_init+0x0/0x29 returned 0 after 0 usecs
[    3.390129] calling  init_per_zone_wmark_min+0x0/0x75 @ 1
[    3.391132] initcall init_per_zone_wmark_min+0x0/0x75 returned 0 after 0 usecs
[    3.392129] calling  mpi_init+0x0/0x50 @ 1
[    3.393130] initcall mpi_init+0x0/0x50 returned 0 after 0 usecs
[    3.394129] calling  kobject_uevent_init+0x0/0xc @ 1
[    3.395130] initcall kobject_uevent_init+0x0/0xc returned 0 after 0 usecs
[    3.396129] calling  gpiolib_sysfs_init+0x0/0xa0 @ 1
[    3.397132] initcall gpiolib_sysfs_init+0x0/0xa0 returned 0 after 0 usecs
[    3.398129] calling  acpi_gpio_setup_params+0x0/0x68 @ 1
[    3.399129] initcall acpi_gpio_setup_params+0x0/0x68 returned 0 after 0 usecs
[    3.400129] calling  pcibus_class_init+0x0/0x18 @ 1
[    3.401131] initcall pcibus_class_init+0x0/0x18 returned 0 after 0 usecs
[    3.402129] calling  pci_driver_init+0x0/0x22 @ 1
[    3.403153] initcall pci_driver_init+0x0/0x22 returned 0 after 0 usecs
[    3.404129] calling  backlight_class_init+0x0/0xa6 @ 1
[    3.405131] initcall backlight_class_init+0x0/0xa6 returned 0 after 0 usecs
[    3.406129] calling  tty_class_init+0x0/0x34 @ 1
[    3.407131] initcall tty_class_init+0x0/0x34 returned 0 after 0 usecs
[    3.408129] calling  vtconsole_class_init+0x0/0xd8 @ 1
[    3.409146] initcall vtconsole_class_init+0x0/0xd8 returned 0 after 0 usecs
[    3.410129] calling  iommu_dev_init+0x0/0x18 @ 1
[    3.411131] initcall iommu_dev_init+0x0/0x18 returned 0 after 0 usecs
[    3.412129] calling  mipi_dsi_bus_init+0x0/0x11 @ 1
[    3.413135] initcall mipi_dsi_bus_init+0x0/0x11 returned 0 after 0 usecs
[    3.414129] calling  devlink_class_init+0x0/0x41 @ 1
[    3.415131] initcall devlink_class_init+0x0/0x41 returned 0 after 0 usecs
[    3.416129] calling  software_node_init+0x0/0x2b @ 1
[    3.417130] initcall software_node_init+0x0/0x2b returned 0 after 0 usecs
[    3.418129] calling  wakeup_sources_debugfs_init+0x0/0x24 @ 1
[    3.419130] initcall wakeup_sources_debugfs_init+0x0/0x24 returned 0 after 0 usecs
[    3.420129] calling  wakeup_sources_sysfs_init+0x0/0x30 @ 1
[    3.421131] initcall wakeup_sources_sysfs_init+0x0/0x30 returned 0 after 0 usecs
[    3.422129] calling  register_node_type+0x0/0x2f @ 1
[    3.423159] initcall register_node_type+0x0/0x2f returned 0 after 0 usecs
[    3.424129] calling  regmap_initcall+0x0/0xd @ 1
[    3.425130] initcall regmap_initcall+0x0/0xd returned 0 after 0 usecs
[    3.426129] calling  syscon_init+0x0/0x13 @ 1
[    3.427133] initcall syscon_init+0x0/0x13 returned 0 after 0 usecs
[    3.428129] calling  spi_init+0x0/0x99 @ 1
[    3.429148] initcall spi_init+0x0/0x99 returned 0 after 0 usecs
[    3.430129] calling  i2c_init+0x0/0xbf @ 1
[    3.431152] initcall i2c_init+0x0/0xbf returned 0 after 0 usecs
[    3.432129] calling  thermal_init+0x0/0x142 @ 1
[    3.433146] thermal_sys: Registered thermal governor 'step_wise'
[    3.433158] thermal_sys: Registered thermal governor 'user_space'
[    3.434131] initcall thermal_init+0x0/0x142 returned 0 after 976 usecs
[    3.436129] calling  init_ladder+0x0/0x24 @ 1
[    3.437223] cpuidle: using governor ladder
[    3.438159] initcall init_ladder+0x0/0x24 returned 0 after 976 usecs
[    3.439129] calling  init_menu+0x0/0x11 @ 1
[    3.440164] cpuidle: using governor menu
[    3.441129] initcall init_menu+0x0/0x11 returned 0 after 976 usecs
[    3.442129] calling  init_haltpoll+0x0/0x1d @ 1
[    3.443129] initcall init_haltpoll+0x0/0x1d returned 0 after 0 usecs
[    3.444129] calling  pcc_init+0x0/0x8d @ 1
[    3.445129] initcall pcc_init+0x0/0x8d returned -19 after 0 usecs
[    3.446129] calling  amd_postcore_init+0x0/0x11a @ 1
[    3.447129] initcall amd_postcore_init+0x0/0x11a returned 0 after 0 usecs
[    3.448575] calling  bts_init+0x0/0xbb @ 1
[    3.449130] initcall bts_init+0x0/0xbb returned 0 after 0 usecs
[    3.450129] calling  pt_init+0x0/0x33c @ 1
[    3.452181] initcall pt_init+0x0/0x33c returned 0 after 976 usecs
[    3.453159] calling  boot_params_ksysfs_init+0x0/0x296 @ 1
[    3.454131] initcall boot_params_ksysfs_init+0x0/0x296 returned 0 after 0 usecs
[    3.455129] calling  sbf_init+0x0/0xce @ 1
[    3.456129] initcall sbf_init+0x0/0xce returned 0 after 0 usecs
[    3.457129] calling  arch_kdebugfs_init+0x0/0x1d @ 1
[    3.458163] initcall arch_kdebugfs_init+0x0/0x1d returned 0 after 0 usecs
[    3.459129] calling  intel_pconfig_init+0x0/0x82 @ 1
[    3.460129] initcall intel_pconfig_init+0x0/0x82 returned 0 after 0 usecs
[    3.461129] calling  mtrr_if_init+0x0/0x5e @ 1
[    3.462129] initcall mtrr_if_init+0x0/0x5e returned 0 after 0 usecs
[    3.463129] calling  activate_jump_labels+0x0/0x32 @ 1
[    3.464129] initcall activate_jump_labels+0x0/0x32 returned 0 after 0 usecs
[    3.465129] calling  ffh_cstate_init+0x0/0x2a @ 1
[    3.466130] initcall ffh_cstate_init+0x0/0x2a returned 0 after 0 usecs
[    3.467129] calling  activate_jump_labels+0x0/0x32 @ 1
[    3.468129] initcall activate_jump_labels+0x0/0x32 returned 0 after 0 usecs
[    3.469129] calling  kvm_alloc_cpumask+0x0/0x9b @ 1
[    3.470129] initcall kvm_alloc_cpumask+0x0/0x9b returned 0 after 0 usecs
[    3.471129] calling  gigantic_pages_init+0x0/0x20 @ 1
[    3.472132] initcall gigantic_pages_init+0x0/0x20 returned 0 after 0 usecs
[    3.473129] calling  kcmp_cookies_init+0x0/0x38 @ 1
[    3.474131] initcall kcmp_cookies_init+0x0/0x38 returned 0 after 0 usecs
[    3.475129] calling  cryptomgr_init+0x0/0x11 @ 1
[    3.476129] initcall cryptomgr_init+0x0/0x11 returned 0 after 0 usecs
[    3.477129] calling  acpi_pci_init+0x0/0x62 @ 1
[    3.478129] ACPI: bus type PCI registered
[    3.479078] acpiphp: ACPI Hot Plug PCI Controller Driver version: 0.5
[    3.480129] initcall acpi_pci_init+0x0/0x62 returned 0 after 1953 usecs
[    3.481129] calling  dma_channel_table_init+0x0/0xdc @ 1
[    3.482144] initcall dma_channel_table_init+0x0/0xdc returned 0 after 0 usecs
[    3.483129] calling  dma_bus_init+0x0/0x10d @ 1
[    3.484178] initcall dma_bus_init+0x0/0x10d returned 0 after 0 usecs
[    3.485129] calling  iommu_dma_init+0x0/0x10 @ 1
[    3.486130] initcall iommu_dma_init+0x0/0x10 returned 0 after 0 usecs
[    3.487129] calling  dmi_id_init+0x0/0x37d @ 1
[    3.488175] initcall dmi_id_init+0x0/0x37d returned 0 after 0 usecs
[    3.489129] calling  pci_arch_init+0x0/0x72 @ 1
[    3.490281] PCI: MMCONFIG for domain 0000 [bus 00-ff] at [mem 0x100000000000-0x10000fffffff] (base 0x100000000000)
[    3.491130] PCI: MMCONFIG for domain 0001 [bus 00-ff] at [mem 0x100010000000-0x10001fffffff] (base 0x100010000000)
[    3.492130] PCI: MMCONFIG at [mem 0x100000000000-0x10000fffffff] reserved in E820
[    3.493160] PCI: MMCONFIG at [mem 0x100010000000-0x10001fffffff] reserved in E820
[    3.494176] PCI: Using configuration type 1 for base access
[    3.495132] initcall pci_arch_init+0x0/0x72 returned 0 after 4882 usecs
[    3.496129] calling  of_platform_default_populate_init+0x0/0x92 @ 1
[    3.497129] initcall of_platform_default_populate_init+0x0/0x92 returned -19 after 0 usecs
[    3.498575] calling  init_vdso+0x0/0x14 @ 1
[    3.499130] initcall init_vdso+0x0/0x14 returned 0 after 0 usecs
[    3.500129] calling  sysenter_setup+0x0/0x14 @ 1
[    3.501130] initcall sysenter_setup+0x0/0x14 returned 0 after 0 usecs
[    3.502129] calling  fixup_ht_bug+0x0/0xa8 @ 1
[    3.503129] initcall fixup_ht_bug+0x0/0xa8 returned 0 after 0 usecs
[    3.504129] calling  topology_init+0x0/0xca @ 1
[    3.506862] initcall topology_init+0x0/0xca returned 0 after 976 usecs
[    3.507129] calling  intel_epb_init+0x0/0x69 @ 1
[    3.508152] ENERGY_PERF_BIAS: Set to 'normal', was 'performance'
[    3.510232] initcall intel_epb_init+0x0/0x69 returned 0 after 1953 usecs
[    3.511170] calling  mtrr_init_finialize+0x0/0x3f @ 1
[    3.512149] initcall mtrr_init_finialize+0x0/0x3f returned 0 after 0 usecs
[    3.513129] calling  uid_cache_init+0x0/0x91 @ 1
[    3.514130] initcall uid_cache_init+0x0/0x91 returned 0 after 0 usecs
[    3.515129] calling  param_sysfs_init+0x0/0x1b2 @ 1
[    3.520882] initcall param_sysfs_init+0x0/0x1b2 returned 0 after 3906 usecs
[    3.521129] calling  user_namespace_sysctl_init+0x0/0x48 @ 1
[    3.522136] initcall user_namespace_sysctl_init+0x0/0x48 returned 0 after 0 usecs
[    3.523129] calling  proc_schedstat_init+0x0/0x25 @ 1
[    3.524129] initcall proc_schedstat_init+0x0/0x25 returned 0 after 0 usecs
[    3.525129] calling  pm_sysrq_init+0x0/0x19 @ 1
[    3.526144] initcall pm_sysrq_init+0x0/0x19 returned 0 after 0 usecs
[    3.527170] calling  create_proc_profile+0x0/0xd0 @ 1
[    3.528151] initcall create_proc_profile+0x0/0xd0 returned 0 after 0 usecs
[    3.529129] calling  time_ns_init+0x0/0x8 @ 1
[    3.530129] initcall time_ns_init+0x0/0x8 returned 0 after 0 usecs
[    3.531129] calling  crash_save_vmcoreinfo_init+0x0/0x744 @ 1
[    3.532185] initcall crash_save_vmcoreinfo_init+0x0/0x744 returned 0 after 0 usecs
[    3.533129] calling  crash_notes_memory_init+0x0/0x36 @ 1
[    3.534130] initcall crash_notes_memory_init+0x0/0x36 returned 0 after 0 usecs
[    3.535129] calling  cgroup_sysfs_init+0x0/0x18 @ 1
[    3.536131] initcall cgroup_sysfs_init+0x0/0x18 returned 0 after 0 usecs
[    3.537129] calling  cgroup_namespaces_init+0x0/0x8 @ 1
[    3.538129] initcall cgroup_namespaces_init+0x0/0x8 returned 0 after 0 usecs
[    3.539129] calling  user_namespaces_init+0x0/0x2d @ 1
[    3.540132] initcall user_namespaces_init+0x0/0x2d returned 0 after 0 usecs
[    3.541129] calling  send_signal_irq_work_init+0x0/0x59 @ 1
[    3.542129] initcall send_signal_irq_work_init+0x0/0x59 returned 0 after 0 usecs
[    3.543129] calling  dev_map_init+0x0/0x4d @ 1
[    3.544129] initcall dev_map_init+0x0/0x4d returned 0 after 0 usecs
[    3.545129] calling  cpu_map_init+0x0/0x41 @ 1
[    3.546129] initcall cpu_map_init+0x0/0x41 returned 0 after 0 usecs
[    3.547129] calling  netns_bpf_init+0x0/0x11 @ 1
[    3.548129] initcall netns_bpf_init+0x0/0x11 returned 0 after 0 usecs
[    3.549129] calling  stack_map_init+0x0/0x5e @ 1
[    3.550129] initcall stack_map_init+0x0/0x5e returned 0 after 0 usecs
[    3.551129] calling  oom_init+0x0/0x30 @ 1
[    3.552200] initcall oom_init+0x0/0x30 returned 0 after 0 usecs
[    3.553168] calling  default_bdi_init+0x0/0xa8 @ 1
[    3.554214] initcall default_bdi_init+0x0/0xa8 returned 0 after 0 usecs
[    3.555159] calling  cgwb_init+0x0/0x29 @ 1
[    3.556133] initcall cgwb_init+0x0/0x29 returned 0 after 0 usecs
[    3.557129] calling  percpu_enable_async+0x0/0xf @ 1
[    3.558129] initcall percpu_enable_async+0x0/0xf returned 0 after 0 usecs
[    3.559129] calling  kcompactd_init+0x0/0x97 @ 1
[    3.560201] initcall kcompactd_init+0x0/0x97 returned 0 after 0 usecs
[    3.561159] calling  init_user_reserve+0x0/0x40 @ 1
[    3.562129] initcall init_user_reserve+0x0/0x40 returned 0 after 0 usecs
[    3.563129] calling  init_admin_reserve+0x0/0x40 @ 1
[    3.564129] initcall init_admin_reserve+0x0/0x40 returned 0 after 0 usecs
[    3.565129] calling  init_reserve_notifier+0x0/0x1f @ 1
[    3.566129] initcall init_reserve_notifier+0x0/0x1f returned 0 after 0 usecs
[    3.567129] calling  swap_init_sysfs+0x0/0x63 @ 1
[    3.568130] initcall swap_init_sysfs+0x0/0x63 returned 0 after 0 usecs
[    3.569129] calling  swapfile_init+0x0/0x9c @ 1
[    3.570129] initcall swapfile_init+0x0/0x9c returned 0 after 0 usecs
[    3.571129] calling  hugetlb_init+0x0/0x4aa @ 1
[    3.572133] HugeTLB registered 1.00 GiB page size, pre-allocated 0 pages
[    3.573129] HugeTLB registered 2.00 MiB page size, pre-allocated 0 pages
[    3.574160] initcall hugetlb_init+0x0/0x4aa returned 0 after 1953 usecs
[    3.575129] calling  ksm_init+0x0/0x197 @ 1
[    3.576204] initcall ksm_init+0x0/0x197 returned 0 after 0 usecs
[    3.577159] calling  hugepage_init+0x0/0x137 @ 1
[    3.578226] initcall hugepage_init+0x0/0x137 returned 0 after 0 usecs
[    3.579159] calling  mem_cgroup_init+0x0/0x151 @ 1
[    3.580130] initcall mem_cgroup_init+0x0/0x151 returned 0 after 0 usecs
[    3.581129] calling  io_wq_init+0x0/0x35 @ 1
[    3.582129] initcall io_wq_init+0x0/0x35 returned 0 after 0 usecs
[    3.583129] calling  seqiv_module_init+0x0/0x11 @ 1
[    3.584129] initcall seqiv_module_init+0x0/0x11 returned 0 after 0 usecs
[    3.585129] calling  echainiv_module_init+0x0/0x11 @ 1
[    3.586129] initcall echainiv_module_init+0x0/0x11 returned 0 after 0 usecs
[    3.587129] calling  rsa_init+0x0/0x50 @ 1
[    3.588200] initcall rsa_init+0x0/0x50 returned 0 after 0 usecs
[    3.589159] calling  sm2_init+0x0/0x20 @ 1
[    3.590200] initcall sm2_init+0x0/0x20 returned 0 after 0 usecs
[    3.591170] calling  crypto_cmac_module_init+0x0/0x11 @ 1
[    3.592149] initcall crypto_cmac_module_init+0x0/0x11 returned 0 after 0 usecs
[    3.593129] calling  hmac_module_init+0x0/0x11 @ 1
[    3.594129] initcall hmac_module_init+0x0/0x11 returned 0 after 0 usecs
[    3.595129] calling  crypto_null_mod_init+0x0/0x66 @ 1
[    3.596260] initcall crypto_null_mod_init+0x0/0x66 returned 0 after 0 usecs
[    3.597170] calling  md5_mod_init+0x0/0x11 @ 1
[    3.598221] initcall md5_mod_init+0x0/0x11 returned 0 after 0 usecs
[    3.599159] calling  sha1_generic_mod_init+0x0/0x11 @ 1
[    3.600325] initcall sha1_generic_mod_init+0x0/0x11 returned 0 after 0 usecs
[    3.601170] calling  sha256_generic_mod_init+0x0/0x16 @ 1
[    3.602254] initcall sha256_generic_mod_init+0x0/0x16 returned 0 after 0 usecs
[    3.603170] calling  sha512_generic_mod_init+0x0/0x16 @ 1
[    3.604310] initcall sha512_generic_mod_init+0x0/0x16 returned 0 after 0 usecs
[    3.605170] calling  sha3_generic_mod_init+0x0/0x16 @ 1
[    3.606254] initcall sha3_generic_mod_init+0x0/0x16 returned 0 after 0 usecs
[    3.607170] calling  sm3_generic_mod_init+0x0/0x11 @ 1
[    3.608294] initcall sm3_generic_mod_init+0x0/0x11 returned 0 after 0 usecs
[    3.609170] calling  streebog_mod_init+0x0/0x16 @ 1
[    3.610254] initcall streebog_mod_init+0x0/0x16 returned 0 after 0 usecs
[    3.611170] calling  blake2b_mod_init+0x0/0x16 @ 1
[    3.612274] initcall blake2b_mod_init+0x0/0x16 returned 0 after 0 usecs
[    3.614149] calling  crypto_ecb_module_init+0x0/0x11 @ 1
[    3.615129] initcall crypto_ecb_module_init+0x0/0x11 returned 0 after 0 usecs
[    3.616129] calling  crypto_cbc_module_init+0x0/0x11 @ 1
[    3.617129] initcall crypto_cbc_module_init+0x0/0x11 returned 0 after 0 usecs
[    3.618129] calling  crypto_cts_module_init+0x0/0x11 @ 1
[    3.619129] initcall crypto_cts_module_init+0x0/0x11 returned 0 after 0 usecs
[    3.620129] calling  xts_module_init+0x0/0x11 @ 1
[    3.621129] initcall xts_module_init+0x0/0x11 returned 0 after 0 usecs
[    3.622129] calling  crypto_ctr_module_init+0x0/0x16 @ 1
[    3.623129] initcall crypto_ctr_module_init+0x0/0x16 returned 0 after 0 usecs
[    3.624129] calling  crypto_gcm_module_init+0x0/0x65 @ 1
[    3.625129] initcall crypto_gcm_module_init+0x0/0x65 returned 0 after 0 usecs
[    3.626129] calling  cryptd_init+0x0/0xf6 @ 1
[    3.627204] cryptd: max_cpu_qlen set to 1000
[    3.628170] initcall cryptd_init+0x0/0xf6 returned 0 after 976 usecs
[    3.629149] calling  des_generic_mod_init+0x0/0x16 @ 1
[    3.630254] initcall des_generic_mod_init+0x0/0x16 returned 0 after 0 usecs
[    3.631170] calling  serpent_mod_init+0x0/0x16 @ 1
[    3.632294] initcall serpent_mod_init+0x0/0x16 returned 0 after 0 usecs
[    3.633170] calling  aes_init+0x0/0x11 @ 1
[    3.634222] initcall aes_init+0x0/0x11 returned 0 after 0 usecs
[    3.635159] calling  deflate_mod_init+0x0/0x3f @ 1
[    3.636241] initcall deflate_mod_init+0x0/0x3f returned 0 after 0 usecs
[    3.637170] calling  crc32c_mod_init+0x0/0x11 @ 1
[    3.638211] initcall crc32c_mod_init+0x0/0x11 returned 0 after 0 usecs
[    3.639159] calling  crc32_mod_init+0x0/0x11 @ 1
[    3.640221] initcall crc32_mod_init+0x0/0x11 returned 0 after 0 usecs
[    3.641159] calling  crypto_authenc_module_init+0x0/0x11 @ 1
[    3.642149] initcall crypto_authenc_module_init+0x0/0x11 returned 0 after 0 usecs
[    3.643129] calling  crypto_authenc_esn_module_init+0x0/0x11 @ 1
[    3.644129] initcall crypto_authenc_esn_module_init+0x0/0x11 returned 0 after 0 usecs
[    3.645129] calling  lzo_mod_init+0x0/0x3a @ 1
[    3.646261] initcall lzo_mod_init+0x0/0x3a returned 0 after 0 usecs
[    3.647159] calling  lzorle_mod_init+0x0/0x3a @ 1
[    3.648189] initcall lzorle_mod_init+0x0/0x3a returned 0 after 0 usecs
[    3.649170] calling  xxhash_mod_init+0x0/0x11 @ 1
[    3.650171] initcall xxhash_mod_init+0x0/0x11 returned 0 after 0 usecs
[    3.651159] calling  drbg_init+0x0/0xca @ 1
[    3.654178] initcall drbg_init+0x0/0xca returned 0 after 1953 usecs
[    3.655159] calling  ghash_mod_init+0x0/0x11 @ 1
[    3.656172] initcall ghash_mod_init+0x0/0x11 returned 0 after 0 usecs
[    3.657159] calling  essiv_module_init+0x0/0x11 @ 1
[    3.658149] initcall essiv_module_init+0x0/0x11 returned 0 after 0 usecs
[    3.659129] calling  curve25519_init+0x0/0x20 @ 1
[    3.660151] initcall curve25519_init+0x0/0x20 returned 0 after 0 usecs
[    3.661159] calling  ecdh_init+0x0/0x20 @ 1
[    3.662172] initcall ecdh_init+0x0/0x20 returned 0 after 0 usecs
[    3.663149] calling  init_bio+0x0/0xaa @ 1
[    3.664172] initcall init_bio+0x0/0xaa returned 0 after 0 usecs
[    3.665129] calling  blk_settings_init+0x0/0x2a @ 1
[    3.666129] initcall blk_settings_init+0x0/0x2a returned 0 after 0 usecs
[    3.667129] calling  blk_ioc_init+0x0/0x2a @ 1
[    3.668132] initcall blk_ioc_init+0x0/0x2a returned 0 after 0 usecs
[    3.669129] calling  blk_mq_init+0x0/0xba @ 1
[    3.670129] initcall blk_mq_init+0x0/0xba returned 0 after 0 usecs
[    3.671129] calling  genhd_device_init+0x0/0x5e @ 1
[    3.672156] initcall genhd_device_init+0x0/0x5e returned 0 after 0 usecs
[    3.673149] calling  blkcg_init+0x0/0x29 @ 1
[    3.674173] initcall blkcg_init+0x0/0x29 returned 0 after 0 usecs
[    3.675149] calling  bio_crypt_ctx_init+0x0/0x5c @ 1
[    3.676178] initcall bio_crypt_ctx_init+0x0/0x5c returned 0 after 0 usecs
[    3.677149] calling  raid6_select_algo+0x0/0x2fb @ 1
[    3.695128] raid6: avx512x4 gen() 10397 MB/s
[    3.713129] raid6: avx512x4 xor()  6395 MB/s
[    3.731130] raid6: avx512x2 gen() 10857 MB/s
[    3.749129] raid6: avx512x2 xor()  5978 MB/s
[    3.767130] raid6: avx512x1 gen()  9363 MB/s
[    3.785131] raid6: avx512x1 xor()  4880 MB/s
[    3.803130] raid6: avx2x4   gen()  5645 MB/s
[    3.821129] raid6: avx2x4   xor()  3413 MB/s
[    3.839130] raid6: avx2x2   gen()  5581 MB/s
[    3.857129] raid6: avx2x2   xor()  3217 MB/s
[    3.875130] raid6: avx2x1   gen()  4552 MB/s
[    3.893131] raid6: avx2x1   xor()  2572 MB/s
[    3.911137] raid6: sse2x4   gen()  2712 MB/s
[    3.929133] raid6: sse2x4   xor()  1720 MB/s
[    3.947131] raid6: sse2x2   gen()  2743 MB/s
[    3.965131] raid6: sse2x2   xor()  1620 MB/s
[    3.983135] raid6: sse2x1   gen()  2151 MB/s
[    4.001134] raid6: sse2x1   xor()  1293 MB/s
[    4.002129] raid6: using algorithm avx512x2 gen() 10857 MB/s
[    4.003129] raid6: .... xor() 5978 MB/s, rmw enabled
[    4.004129] raid6: using avx512x2 recovery algorithm
[    4.005129] initcall raid6_select_algo+0x0/0x2fb returned 0 after 319335 usecs
[    4.006129] calling  irq_poll_setup+0x0/0x6c @ 1
[    4.007129] initcall irq_poll_setup+0x0/0x6c returned 0 after 0 usecs
[    4.008129] calling  gpiolib_debugfs_init+0x0/0x24 @ 1
[    4.009130] initcall gpiolib_debugfs_init+0x0/0x24 returned 0 after 0 usecs
[    4.010129] calling  pwm_debugfs_init+0x0/0x24 @ 1
[    4.011130] initcall pwm_debugfs_init+0x0/0x24 returned 0 after 0 usecs
[    4.012129] calling  pwm_sysfs_init+0x0/0x18 @ 1
[    4.013131] initcall pwm_sysfs_init+0x0/0x18 returned 0 after 0 usecs
[    4.014129] calling  pci_slot_init+0x0/0x40 @ 1
[    4.015130] initcall pci_slot_init+0x0/0x40 returned 0 after 0 usecs
[    4.016129] calling  fbmem_init+0x0/0xdb @ 1
[    4.017159] initcall fbmem_init+0x0/0xdb returned 0 after 0 usecs
[    4.018129] calling  scan_for_dmi_ipmi+0x0/0x26f @ 1
[    4.019151] initcall scan_for_dmi_ipmi+0x0/0x26f returned 0 after 0 usecs
[    4.020129] calling  acpi_init+0x0/0x326 @ 1
[    4.021140] ACPI: Added _OSI(Module Device)
[    4.022129] ACPI: Added _OSI(Processor Device)
[    4.023129] ACPI: Added _OSI(3.0 _SCP Extensions)
[    4.024129] ACPI: Added _OSI(Processor Aggregator Device)
[    4.025129] ACPI: Added _OSI(Linux-Dell-Video)
[    4.026129] ACPI: Added _OSI(Linux-Lenovo-NV-HDMI-Audio)
[    4.027129] ACPI: Added _OSI(Linux-HPI-Hybrid-Graphics)
[    4.940686] ACPI: 11 ACPI AML tables successfully acquired and loaded
[    5.015804] ACPI: Dynamic OEM Table Load:
[    7.479750] ACPI: Dynamic OEM Table Load:
[    9.682385] ACPI: Interpreter enabled
[    9.683159] ACPI: (supports S0 S5)
[    9.683994] ACPI: Using IOAPIC for interrupt routing
[    9.684217] HEST: Table parsing has been initialized.
[    9.689161] PCI: Using host bridge windows from ACPI; if necessary, use "pci=nocrs" and report a bug
[    9.997762] ACPI: Enabled 1 GPEs in block 00 to 7F
[   10.940668] ACPI: PCI Root Bridge [PC00] (domain 0000 [bus 00-0b])
[   10.947166] acpi PNP0A08:00: _OSC: OS supports [ExtendedConfig ASPM ClockPM Segments MSI EDR HPX-Type3]
[   10.963008] acpi PNP0A08:00: _OSC: platform does not support [SHPCHotplug AER DPC]
[   10.971407] acpi PNP0A08:00: _OSC: OS now controls [PCIeHotplug PME PCIeCapability LTR]
[   10.980725] PCI host bridge to bus 0000:00
[   10.985151] pci_bus 0000:00: root bus resource [io  0x1000-0x3fff window]
[   10.992130] pci_bus 0000:00: root bus resource [mem 0xe0000000-0xe3ffffff window]
[   11.000151] pci_bus 0000:00: root bus resource [mem 0x100400000000-0x1010bfbeffff window]
[   11.009130] pci_bus 0000:00: root bus resource [io  0x0780-0x079f window]
[   11.017151] pci_bus 0000:00: root bus resource [io  0x0400-0x041f window]
[   11.024130] pci_bus 0000:00: root bus resource [io  0x0500-0x05ff window]
[   11.032130] pci_bus 0000:00: root bus resource [mem 0xf2800000-0xf2803fff window]
[   11.040130] pci_bus 0000:00: root bus resource [mem 0xf2830000-0xf2830fff window]
[   11.048151] pci_bus 0000:00: root bus resource [mem 0xf3000000-0xf3ffffff window]
[   11.056130] pci_bus 0000:00: root bus resource [bus 00-0b]
[   11.062317] pci 0000:00:00.0: [8086:09a2] type 00 class 0x088000
[   11.070151] pci 0000:00:00.0: reg 0x30: [mem 0xfffff800-0xffffffff pref]
[   11.077296] pci 0000:00:00.0: calling  quirk_igfx_skip_te_disable+0x0/0x50 @ 1
[   11.085211] pci 0000:00:00.0: quirk_igfx_skip_te_disable+0x0/0x50 took 0 usecs
[   11.093965] pci 0000:00:00.4: [8086:0b23] type 00 class 0x000000
[   11.102078] pci 0000:00:00.4: calling  quirk_igfx_skip_te_disable+0x0/0x50 @ 1
[   11.109151] pci 0000:00:00.4: quirk_igfx_skip_te_disable+0x0/0x50 took 0 usecs
[   11.118212] pci 0000:00:01.0: [8086:28c0] type 00 class 0x010400
[   11.125451] pci 0000:00:01.0: reg 0x10: [mem 0x1010bf446000-0x1010bf446fff 64bit]
[   11.133350] pci 0000:00:01.0: reg 0x18: [mem 0x1010bf445000-0x1010bf445fff 64bit]
[   11.142351] pci 0000:00:01.0: reg 0x20: [mem 0x1010bf444000-0x1010bf444fff 64bit]
[   11.150270] pci 0000:00:01.0: reg 0x30: [mem 0xfffff800-0xffffffff pref]
[   11.158296] pci 0000:00:01.0: calling  quirk_igfx_skip_te_disable+0x0/0x50 @ 1
[   11.166129] pci 0000:00:01.0: quirk_igfx_skip_te_disable+0x0/0x50 took 0 usecs
[   11.175171] pci 0000:00:01.1: [8086:09ab] type 00 class 0x088000
[   11.182151] pci 0000:00:01.1: reg 0x30: [mem 0xfffff800-0xffffffff pref]
[   11.189175] pci 0000:00:01.1: calling  quirk_igfx_skip_te_disable+0x0/0x50 @ 1
[   11.197151] pci 0000:00:01.1: quirk_igfx_skip_te_disable+0x0/0x50 took 0 usecs
[   11.205478] pci 0000:00:01.2: [8086:09ab] type 00 class 0x088000
[   11.213151] pci 0000:00:01.2: reg 0x30: [mem 0xfffff800-0xffffffff pref]
[   11.220175] pci 0000:00:01.2: calling  quirk_igfx_skip_te_disable+0x0/0x50 @ 1
[   11.228151] pci 0000:00:01.2: quirk_igfx_skip_te_disable+0x0/0x50 took 0 usecs
[   11.237151] pci 0000:00:01.3: [8086:09ab] type 00 class 0x088000
[   11.244151] pci 0000:00:01.3: reg 0x30: [mem 0xfffff800-0xffffffff pref]
[   11.251175] pci 0000:00:01.3: calling  quirk_igfx_skip_te_disable+0x0/0x50 @ 1
[   11.259151] pci 0000:00:01.3: quirk_igfx_skip_te_disable+0x0/0x50 took 0 usecs
[   11.267489] pci 0000:00:01.4: [8086:09ab] type 00 class 0x088000
[   11.275151] pci 0000:00:01.4: reg 0x30: [mem 0xfffff800-0xffffffff pref]
[   11.282175] pci 0000:00:01.4: calling  quirk_igfx_skip_te_disable+0x0/0x50 @ 1
[   11.290129] pci 0000:00:01.4: quirk_igfx_skip_te_disable+0x0/0x50 took 0 usecs
[   11.298478] pci 0000:00:01.5: [8086:09ab] type 00 class 0x088000
[   11.305933] pci 0000:00:01.5: reg 0x30: [mem 0xfffff800-0xffffffff pref]
[   11.313175] pci 0000:00:01.5: calling  quirk_igfx_skip_te_disable+0x0/0x50 @ 1
[   11.321151] pci 0000:00:01.5: quirk_igfx_skip_te_disable+0x0/0x50 took 0 usecs
[   11.329489] pci 0000:00:01.6: [8086:09ab] type 00 class 0x088000
[   11.336933] pci 0000:00:01.6: reg 0x30: [mem 0xfffff800-0xffffffff pref]
[   11.344175] pci 0000:00:01.6: calling  quirk_igfx_skip_te_disable+0x0/0x50 @ 1
[   11.352151] pci 0000:00:01.6: quirk_igfx_skip_te_disable+0x0/0x50 took 0 usecs
[   11.360478] pci 0000:00:01.7: [8086:09ab] type 00 class 0x088000
[   11.367933] pci 0000:00:01.7: reg 0x30: [mem 0xfffff800-0xffffffff pref]
[   11.375175] pci 0000:00:01.7: calling  quirk_igfx_skip_te_disable+0x0/0x50 @ 1
[   11.383129] pci 0000:00:01.7: quirk_igfx_skip_te_disable+0x0/0x50 took 0 usecs
[   11.391570] pci 0000:00:02.0: [8086:09a6] type 00 class 0x088000
[   11.398411] pci 0000:00:02.0: reg 0x10: [mem 0x1010bf300000-0x1010bf3fffff 64bit]
[   11.407151] pci 0000:00:02.0: calling  quirk_igfx_skip_te_disable+0x0/0x50 @ 1
[   11.415130] pci 0000:00:02.0: quirk_igfx_skip_te_disable+0x0/0x50 took 0 usecs
[   11.424078] pci 0000:00:02.1: [8086:09a1] type 00 class 0x088000
[   11.430451] pci 0000:00:02.1: reg 0x10: [mem 0x1010bf442000-0x1010bf4427ff 64bit]
[   11.439351] pci 0000:00:02.1: reg 0x18: [mem 0x1010bf000000-0x1010bf1fffff 64bit]
[   11.447738] pci 0000:00:02.1: calling  quirk_igfx_skip_te_disable+0x0/0x50 @ 1
[   11.456130] pci 0000:00:02.1: quirk_igfx_skip_te_disable+0x0/0x50 took 0 usecs
[   11.465150] pci 0000:00:02.2: [8086:09a8] type 00 class 0x088000
[   11.471411] pci 0000:00:02.2: reg 0x10: [mem 0x1010bf443000-0x1010bf44300f 64bit]
[   11.480818] pci 0000:00:02.2: calling  quirk_igfx_skip_te_disable+0x0/0x50 @ 1
[   11.488129] pci 0000:00:02.2: quirk_igfx_skip_te_disable+0x0/0x50 took 0 usecs
[   11.497232] pci 0000:00:03.0: [8086:3256] type 00 class 0x130000
[   11.504431] pci 0000:00:03.0: reg 0x10: [mem 0x1010bf200000-0x1010bf2fffff 64bit]
[   11.512310] pci 0000:00:03.0: reg 0x18: [mem 0x1010be800000-0x1010beffffff 64bit]
[   11.521310] pci 0000:00:03.0: reg 0x20: [mem 0x1010bf441000-0x1010bf441fff 64bit]
[   11.529275] pci 0000:00:03.0: calling  quirk_igfx_skip_te_disable+0x0/0x50 @ 1
[   11.537129] pci 0000:00:03.0: quirk_igfx_skip_te_disable+0x0/0x50 took 0 usecs
[   11.545901] pci 0000:00:04.0: calling  quirk_cmd_compl+0x0/0x70 @ 1
[   11.553150] pci 0000:00:04.0: quirk_cmd_compl+0x0/0x70 took 0 usecs
[   11.560130] pci 0000:00:04.0: calling  quirk_no_aersid+0x0/0x30 @ 1
[   11.566151] pci 0000:00:04.0: quirk_no_aersid+0x0/0x30 took 0 usecs
[   11.573151] pci 0000:00:04.0: [8086:786a] type 01 class 0x060400
[   11.580471] pci 0000:00:04.0: reg 0x10: [mem 0x1010bf430000-0x1010bf43ffff 64bit]
[   11.589151] pci 0000:00:04.0: enabling Extended Tags
[   11.594316] pci 0000:00:04.0: calling  quirk_igfx_skip_te_disable+0x0/0x50 @ 1
[   11.602129] pci 0000:00:04.0: quirk_igfx_skip_te_disable+0x0/0x50 took 0 usecs
[   11.610130] pci 0000:00:04.0: calling  pci_fixup_transparent_bridge+0x0/0x20 @ 1
[   11.618129] pci 0000:00:04.0: pci_fixup_transparent_bridge+0x0/0x20 took 0 usecs
[   11.627797] pci 0000:00:04.0: PME# supported from D0 D3hot D3cold
[   11.634822] pci 0000:00:05.0: calling  quirk_cmd_compl+0x0/0x70 @ 1
[   11.641151] pci 0000:00:05.0: quirk_cmd_compl+0x0/0x70 took 0 usecs
[   11.648130] pci 0000:00:05.0: calling  quirk_no_aersid+0x0/0x30 @ 1
[   11.655151] pci 0000:00:05.0: quirk_no_aersid+0x0/0x30 took 0 usecs
[   11.662151] pci 0000:00:05.0: [8086:786b] type 01 class 0x060400
[   11.669471] pci 0000:00:05.0: reg 0x10: [mem 0x1010bf420000-0x1010bf42ffff 64bit]
[   11.677592] pci 0000:00:05.0: enabling Extended Tags
[   11.683316] pci 0000:00:05.0: calling  quirk_igfx_skip_te_disable+0x0/0x50 @ 1
[   11.691151] pci 0000:00:05.0: quirk_igfx_skip_te_disable+0x0/0x50 took 0 usecs
[   11.699130] pci 0000:00:05.0: calling  pci_fixup_transparent_bridge+0x0/0x20 @ 1
[   11.707151] pci 0000:00:05.0: pci_fixup_transparent_bridge+0x0/0x20 took 0 usecs
[   11.715797] pci 0000:00:05.0: PME# supported from D0 D3hot D3cold
[   11.723839] pci 0000:00:06.0: calling  quirk_cmd_compl+0x0/0x70 @ 1
[   11.730150] pci 0000:00:06.0: quirk_cmd_compl+0x0/0x70 took 0 usecs
[   11.737151] pci 0000:00:06.0: calling  quirk_no_aersid+0x0/0x30 @ 1
[   11.744129] pci 0000:00:06.0: quirk_no_aersid+0x0/0x30 took 0 usecs
[   11.751151] pci 0000:00:06.0: [8086:786c] type 01 class 0x060400
[   11.758151] pci 0000:00:06.0: reg 0x10: [mem 0x1010bf410000-0x1010bf41ffff 64bit]
[   11.766592] pci 0000:00:06.0: enabling Extended Tags
[   11.772316] pci 0000:00:06.0: calling  quirk_igfx_skip_te_disable+0x0/0x50 @ 1
[   11.780129] pci 0000:00:06.0: quirk_igfx_skip_te_disable+0x0/0x50 took 0 usecs
[   11.788151] pci 0000:00:06.0: calling  pci_fixup_transparent_bridge+0x0/0x20 @ 1
[   11.796129] pci 0000:00:06.0: pci_fixup_transparent_bridge+0x0/0x20 took 0 usecs
[   11.804797] pci 0000:00:06.0: PME# supported from D0 D3hot D3cold
[   11.811845] pci 0000:00:07.0: calling  quirk_cmd_compl+0x0/0x70 @ 1
[   11.819151] pci 0000:00:07.0: quirk_cmd_compl+0x0/0x70 took 0 usecs
[   11.826130] pci 0000:00:07.0: calling  quirk_no_aersid+0x0/0x30 @ 1
[   11.833151] pci 0000:00:07.0: quirk_no_aersid+0x0/0x30 took 0 usecs
[   11.840129] pci 0000:00:07.0: [8086:786d] type 01 class 0x060400
[   11.846471] pci 0000:00:07.0: reg 0x10: [mem 0x1010bf400000-0x1010bf40ffff 64bit]
[   11.855592] pci 0000:00:07.0: enabling Extended Tags
[   11.861316] pci 0000:00:07.0: calling  quirk_igfx_skip_te_disable+0x0/0x50 @ 1
[   11.869191] pci 0000:00:07.0: quirk_igfx_skip_te_disable+0x0/0x50 took 0 usecs
[   11.877151] pci 0000:00:07.0: calling  pci_fixup_transparent_bridge+0x0/0x20 @ 1
[   11.885151] pci 0000:00:07.0: pci_fixup_transparent_bridge+0x0/0x20 took 0 usecs
[   11.893797] pci 0000:00:07.0: PME# supported from D0 D3hot D3cold
[   11.901272] pci 0000:00:1f.0: [8086:5826] type 00 class 0x060100
[   11.909275] pci 0000:00:1f.0: calling  quirk_igfx_skip_te_disable+0x0/0x50 @ 1
[   11.917151] pci 0000:00:1f.0: quirk_igfx_skip_te_disable+0x0/0x50 took 0 usecs
[   11.925787] pci 0000:00:1f.4: [8086:5827] type 00 class 0x0c0500
[   11.932471] pci 0000:00:1f.4: reg 0x10: [mem 0x1010bf440000-0x1010bf4400ff 64bit]
[   11.941551] pci 0000:00:1f.4: reg 0x20: [io  0x0780-0x079f]
[   11.947456] pci 0000:00:1f.4: calling  quirk_igfx_skip_te_disable+0x0/0x50 @ 1
[   11.955129] pci 0000:00:1f.4: quirk_igfx_skip_te_disable+0x0/0x50 took 0 usecs
[   11.963576] pci 0000:00:1f.5: [8086:5825] type 00 class 0x0c8000
[   11.970371] pci 0000:00:1f.5: reg 0x10: [mem 0xf2830000-0xf2830fff]
[   11.978051] pci 0000:00:1f.5: calling  quirk_igfx_skip_te_disable+0x0/0x50 @ 1
[   11.986130] pci 0000:00:1f.5: quirk_igfx_skip_te_disable+0x0/0x50 took 0 usecs
[   11.995151] pci 0000:01:00.0: [1234:1111] type 00 class 0x030000
[   12.002391] pci 0000:01:00.0: reg 0x10: [mem 0xe0000000-0xe07fffff]
[   12.010021] pci 0000:01:00.0: calling  efifb_fixup_resources+0x0/0xf0 @ 1
[   12.017150] pci 0000:01:00.0: BAR 0: assigned to efifb
[   12.023129] pci 0000:01:00.0: efifb_fixup_resources+0x0/0xf0 took 5859 usecs
[   12.031151] pci 0000:00:04.0: PCI bridge to [bus 01]
[   12.036210] pci 0000:00:04.0:   bridge window [mem 0xe0000000-0xe07fffff]
[   12.045151] pci 0000:02:00.0: [8086:0953] type 00 class 0x010802
[   12.051471] pci 0000:02:00.0: reg 0x10: [mem 0xe0c08000-0xe0c0bfff 64bit]
[   12.059632] pci 0000:02:00.0: reg 0x20: [mem 0xe0c00000-0xe0c07fff 64bit]
[   12.067499] pci 0000:02:00.0: calling  quirk_igfx_skip_te_disable+0x0/0x50 @ 1
[   12.075151] pci 0000:02:00.0: quirk_igfx_skip_te_disable+0x0/0x50 took 0 usecs
[   12.083794] pci 0000:02:00.0: PME# supported from D0 D3hot D3cold
[   12.091151] pci 0000:02:00.0: 15.753 Gb/s available PCIe bandwidth, limited by 16.0 GT/s PCIe x1 link at 0000:00:05.0 (capable of 63.012 Gb/s with 16.0 GT/s PCIe x4 link)
[   12.108151] pci 0000:00:05.0: PCI bridge to [bus 02]
[   12.113210] pci 0000:00:05.0:   bridge window [mem 0xe0c00000-0xe0cfffff]
[   12.122007] pci 0000:03:00.0: [8086:8c31] type 00 class 0x0c0330
[   12.128431] pci 0000:03:00.0: reg 0x10: [mem 0xe0b00000-0xe0b3ffff 64bit]
[   12.136680] pci 0000:03:00.0: calling  quirk_igfx_skip_te_disable+0x0/0x50 @ 1
[   12.144129] pci 0000:03:00.0: quirk_igfx_skip_te_disable+0x0/0x50 took 0 usecs
[   12.153151] pci 0000:00:06.0: PCI bridge to [bus 03]
[   12.158210] pci 0000:00:06.0:   bridge window [mem 0xe0b00000-0xe0bfffff]
[   12.167151] pci 0000:04:00.0: calling  quirk_f0_vpd_link+0x0/0x60 @ 1
[   12.174171] pci 0000:04:00.0: quirk_f0_vpd_link+0x0/0x60 took 0 usecs
[   12.181151] pci 0000:04:00.0: [8086:10f7] type 00 class 0x020000
[   12.188151] pci 0000:04:00.0: reg 0x10: [mem 0xe0800000-0xe081ffff 64bit]
[   12.195230] pci 0000:04:00.0: reg 0x18: [io  0x1000-0x101f]
[   12.201310] pci 0000:04:00.0: reg 0x1c: [mem 0xe0820000-0xe0823fff 64bit]
[   12.209499] pci 0000:04:00.0: calling  quirk_igfx_skip_te_disable+0x0/0x50 @ 1
[   12.217151] pci 0000:04:00.0: quirk_igfx_skip_te_disable+0x0/0x50 took 0 usecs
[   12.225977] pci 0000:04:00.0: reg 0x164: [mem 0xe0824000-0xe0827fff 64bit]
[   12.234129] pci 0000:04:00.0: VF(n) BAR0 space: [mem 0xe0824000-0xe0923fff 64bit] (contains BAR0 for 64 VFs)
[   12.244171] pci 0000:04:00.0: reg 0x170: [mem 0xe0924000-0xe0927fff 64bit]
[   12.252151] pci 0000:04:00.0: VF(n) BAR3 space: [mem 0xe0924000-0xe0a23fff 64bit] (contains BAR3 for 64 VFs)
[   12.263265] pci 0000:04:00.0: 15.753 Gb/s available PCIe bandwidth, limited by 16.0 GT/s PCIe x1 link at 0000:00:07.0 (capable of 32.000 Gb/s with 5.0 GT/s PCIe x8 link)
[   12.279254] pci 0000:04:00.0: disabling ASPM on pre-1.1 PCIe device.  You can enable it with 'pcie_aspm=force'
[   12.290232] pci 0000:00:07.0: PCI bridge to [bus 04]
[   12.296170] pci 0000:00:07.0:   bridge window [io  0x1000-0x1fff]
[   12.302170] pci 0000:00:07.0:   bridge window [mem 0xe0800000-0xe0afffff]
[   12.310794] pci_bus 0000:00: on NUMA node 0
[   12.316151] ACPI: PCI Root Bridge [AA00] (domain 0000 [bus 0c])
[   12.322133] acpi PNP0A08:01: _OSC: OS supports [ExtendedConfig ASPM ClockPM Segments MSI EDR HPX-Type3]
[   12.335499] acpi PNP0A08:01: _OSC: platform does not support [SHPCHotplug AER DPC]
[   12.344407] acpi PNP0A08:01: _OSC: OS now controls [PCIeHotplug PME PCIeCapability LTR]
[   12.353235] PCI host bridge to bus 0000:0c
[   12.358129] pci_bus 0000:0c: root bus resource [mem 0x100100000000-0x1001ffffffff window]
[   12.367151] pci_bus 0000:0c: root bus resource [bus 0c]
[   12.372317] pci 0000:0c:00.0: [8086:0b25] type 00 class 0x088000
[   12.379411] pci 0000:0c:00.0: reg 0x10: [mem 0x1001fff40000-0x1001fff5ffff 64bit pref]
[   12.388310] pci 0000:0c:00.0: reg 0x18: [mem 0x1001fff00000-0x1001fff3ffff 64bit pref]
[   12.397638] pci 0000:0c:00.0: calling  quirk_igfx_skip_te_disable+0x0/0x50 @ 1
[   12.405151] pci 0000:0c:00.0: quirk_igfx_skip_te_disable+0x0/0x50 took 0 usecs
[   12.415151] pci_bus 0000:0c: on NUMA node 0
[   12.419223] ACPI: PCI Root Bridge [AB00] (domain 0000 [bus 0d])
[   12.426133] acpi PNP0A08:02: _OSC: OS supports [ExtendedConfig ASPM ClockPM Segments MSI EDR HPX-Type3]
[   12.439487] acpi PNP0A08:02: _OSC: platform does not support [SHPCHotplug AER DPC]
[   12.448407] acpi PNP0A08:02: _OSC: OS now controls [PCIeHotplug PME PCIeCapability LTR]
[   12.457247] PCI host bridge to bus 0000:0d
[   12.461151] pci_bus 0000:0d: root bus resource [mem 0x100200000000-0x1002ffffffff window]
[   12.470130] pci_bus 0000:0d: root bus resource [bus 0d]
[   12.476317] pci 0000:0d:00.0: [8086:0cfe] type 00 class 0x088000
[   12.483411] pci 0000:0d:00.0: reg 0x10: [mem 0x1002fff40000-0x1002fff4ffff 64bit pref]
[   12.492343] pci 0000:0d:00.0: reg 0x18: [mem 0x1002fff00000-0x1002fff3ffff 64bit pref]
[   12.501638] pci 0000:0d:00.0: calling  quirk_igfx_skip_te_disable+0x0/0x50 @ 1
[   12.509151] pci 0000:0d:00.0: quirk_igfx_skip_te_disable+0x0/0x50 took 0 usecs
[   12.518553] pci_bus 0000:0d: on NUMA node 0
[   12.523223] ACPI: PCI Root Bridge [AC00] (domain 0000 [bus 0e-0f])
[   12.530133] acpi PNP0A08:03: _OSC: OS supports [ExtendedConfig ASPM ClockPM Segments MSI EDR HPX-Type3]
[   12.543487] acpi PNP0A08:03: _OSC: platform does not support [SHPCHotplug AER DPC]
[   12.552407] acpi PNP0A08:03: _OSC: OS now controls [PCIeHotplug PME PCIeCapability LTR]
[   12.561236] PCI host bridge to bus 0000:0e
[   12.565151] pci_bus 0000:0e: root bus resource [mem 0x100300000000-0x1003ffffffff window]
[   12.574151] pci_bus 0000:0e: root bus resource [bus 0e-0f]
[   12.581151] pci 0000:0e:00.0: [8086:4948] type 00 class 0x0b4000
[   12.587411] pci 0000:0e:00.0: reg 0x10: [mem 0x1003ffa00000-0x1003ffa7ffff 64bit]
[   12.596310] pci 0000:0e:00.0: reg 0x18: [mem 0x1003ff000000-0x1003ff7fffff 64bit]
[   12.604310] pci 0000:0e:00.0: reg 0x20: [mem 0x1003ff800000-0x1003ff9fffff 64bit]
[   12.613151] pci 0000:0e:00.0: calling  quirk_igfx_skip_te_disable+0x0/0x50 @ 1
[   12.621130] pci 0000:0e:00.0: quirk_igfx_skip_te_disable+0x0/0x50 took 0 usecs
[   12.629959] pci 0000:0e:00.0: reg 0x174: [mem 0x1003ffb00000-0x1003ffb07fff 64bit]
[   12.638129] pci 0000:0e:00.0: VF(n) BAR0 space: [mem 0x1003ffb00000-0x1003ffb7ffff 64bit] (contains BAR0 for 16 VFs)
[   12.649150] pci 0000:0e:00.0: reg 0x17c: [mem 0x1003ffb80000-0x1003ffb81fff 64bit]
[   12.657129] pci 0000:0e:00.0: VF(n) BAR2 space: [mem 0x1003ffb80000-0x1003ffb9ffff 64bit] (contains BAR2 for 16 VFs)
[   12.669151] pci 0000:0e:00.0: reg 0x184: [mem 0x1003ffa80000-0x1003ffa87fff 64bit]
[   12.677151] pci 0000:0e:00.0: VF(n) BAR4 space: [mem 0x1003ffa80000-0x1003ffafffff 64bit] (contains BAR4 for 16 VFs)
[   12.689987] pci_bus 0000:0e: on NUMA node 0
[   12.694350] ACPI: PCI Root Bridge [PC02] (domain 0001 [bus 00-0b])
[   12.701151] acpi PNP0A08:08: _OSC: OS supports [ExtendedConfig ASPM ClockPM Segments MSI EDR HPX-Type3]
[   12.714785] acpi PNP0A08:08: _OSC: platform does not support [SHPCHotplug AER DPC]
[   12.723407] acpi PNP0A08:08: _OSC: OS now controls [PCIeHotplug PME PCIeCapability LTR]
[   12.732316] PCI host bridge to bus 0001:00
[   12.737129] pci_bus 0001:00: root bus resource [io  0x4000-0xffff window]
[   12.745142] pci_bus 0001:00: root bus resource [mem 0xe4c00000-0xe8bfffff window]
[   12.753130] pci_bus 0001:00: root bus resource [mem 0x180300000000-0x180fbfbeffff window]
[   12.762130] pci_bus 0001:00: root bus resource [bus 00-0b]
[   12.768137] pci 0001:00:00.0: [8086:09a2] type 00 class 0x088000
[   12.774132] pci 0001:00:00.0: reg 0x30: [mem 0xfffff800-0xffffffff pref]
[   12.782135] pci 0001:00:00.0: calling  quirk_igfx_skip_te_disable+0x0/0x50 @ 1
[   12.790129] pci 0001:00:00.0: quirk_igfx_skip_te_disable+0x0/0x50 took 0 usecs
[   12.797198] pci 0001:00:00.4: [8086:0b23] type 00 class 0x000000
[   12.804138] pci 0001:00:00.4: calling  quirk_igfx_skip_te_disable+0x0/0x50 @ 1
[   12.812129] pci 0001:00:00.4: quirk_igfx_skip_te_disable+0x0/0x50 took 0 usecs
[   12.820205] pci 0001:00:01.0: [8086:28c0] type 00 class 0x010400
[   12.827130] pci 0001:00:01.0: reg 0x10: [mem 0x180fbf904000-0x180fbf904fff 64bit]
[   12.835130] pci 0001:00:01.0: reg 0x18: [mem 0x180fbf903000-0x180fbf903fff 64bit]
[   12.843130] pci 0001:00:01.0: reg 0x20: [mem 0x180fbf902000-0x180fbf902fff 64bit]
[   12.851130] pci 0001:00:01.0: reg 0x30: [mem 0xfffff800-0xffffffff pref]
[   12.859135] pci 0001:00:01.0: calling  quirk_igfx_skip_te_disable+0x0/0x50 @ 1
[   12.867129] pci 0001:00:01.0: quirk_igfx_skip_te_disable+0x0/0x50 took 0 usecs
[   12.874209] pci 0001:00:01.1: [8086:09ab] type 00 class 0x088000
[   12.881132] pci 0001:00:01.1: reg 0x30: [mem 0xfffff800-0xffffffff pref]
[   12.889135] pci 0001:00:01.1: calling  quirk_igfx_skip_te_disable+0x0/0x50 @ 1
[   12.896151] pci 0001:00:01.1: quirk_igfx_skip_te_disable+0x0/0x50 took 0 usecs
[   12.904203] pci 0001:00:01.2: [8086:09ab] type 00 class 0x088000
[   12.911132] pci 0001:00:01.2: reg 0x30: [mem 0xfffff800-0xffffffff pref]
[   12.918135] pci 0001:00:01.2: calling  quirk_igfx_skip_te_disable+0x0/0x50 @ 1
[   12.926151] pci 0001:00:01.2: quirk_igfx_skip_te_disable+0x0/0x50 took 0 usecs
[   12.934192] pci 0001:00:01.3: [8086:09ab] type 00 class 0x088000
[   12.941151] pci 0001:00:01.3: reg 0x30: [mem 0xfffff800-0xffffffff pref]
[   12.948135] pci 0001:00:01.3: calling  quirk_igfx_skip_te_disable+0x0/0x50 @ 1
[   12.956129] pci 0001:00:01.3: quirk_igfx_skip_te_disable+0x0/0x50 took 0 usecs
[   12.964192] pci 0001:00:01.4: [8086:09ab] type 00 class 0x088000
[   12.971132] pci 0001:00:01.4: reg 0x30: [mem 0xfffff800-0xffffffff pref]
[   12.978135] pci 0001:00:01.4: calling  quirk_igfx_skip_te_disable+0x0/0x50 @ 1
[   12.986129] pci 0001:00:01.4: quirk_igfx_skip_te_disable+0x0/0x50 took 0 usecs
[   12.994203] pci 0001:00:01.5: [8086:09ab] type 00 class 0x088000
[   13.001132] pci 0001:00:01.5: reg 0x30: [mem 0xfffff800-0xffffffff pref]
[   13.008167] pci 0001:00:01.5: calling  quirk_igfx_skip_te_disable+0x0/0x50 @ 1
[   13.016129] pci 0001:00:01.5: quirk_igfx_skip_te_disable+0x0/0x50 took 0 usecs
[   13.024192] pci 0001:00:01.6: [8086:09ab] type 00 class 0x088000
[   13.030132] pci 0001:00:01.6: reg 0x30: [mem 0xfffff800-0xffffffff pref]
[   13.038135] pci 0001:00:01.6: calling  quirk_igfx_skip_te_disable+0x0/0x50 @ 1
[   13.046129] pci 0001:00:01.6: quirk_igfx_skip_te_disable+0x0/0x50 took 0 usecs
[   13.054192] pci 0001:00:01.7: [8086:09ab] type 00 class 0x088000
[   13.060132] pci 0001:00:01.7: reg 0x30: [mem 0xfffff800-0xffffffff pref]
[   13.068135] pci 0001:00:01.7: calling  quirk_igfx_skip_te_disable+0x0/0x50 @ 1
[   13.076129] pci 0001:00:01.7: quirk_igfx_skip_te_disable+0x0/0x50 took 0 usecs
[   13.083193] pci 0001:00:02.0: [8086:09a6] type 00 class 0x088000
[   13.090130] pci 0001:00:02.0: reg 0x10: [mem 0x180fbf800000-0x180fbf8fffff 64bit]
[   13.098151] pci 0001:00:02.0: calling  quirk_igfx_skip_te_disable+0x0/0x50 @ 1
[   13.106151] pci 0001:00:02.0: quirk_igfx_skip_te_disable+0x0/0x50 took 0 usecs
[   13.114212] pci 0001:00:02.1: [8086:09a1] type 00 class 0x088000
[   13.121130] pci 0001:00:02.1: reg 0x10: [mem 0x180fbf900000-0x180fbf9007ff 64bit]
[   13.129130] pci 0001:00:02.1: reg 0x18: [mem 0x180fbf600000-0x180fbf7fffff 64bit]
[   13.137151] pci 0001:00:02.1: calling  quirk_igfx_skip_te_disable+0x0/0x50 @ 1
[   13.145151] pci 0001:00:02.1: quirk_igfx_skip_te_disable+0x0/0x50 took 0 usecs
[   13.153215] pci 0001:00:02.2: [8086:09a8] type 00 class 0x088000
