c[?7l[2J[0mSeaBIOS (version rel-1.16.0-0-gd239552ce722-prebuilt.qemu.org)


iPXE (http://ipxe.org) 00:03.0 CA00 PCI2.10 PnP PMM+7FF91000+7FEF1000 CA00
Press Ctrl-B to configure iPXE (PCI 00:03.0)...                                                                               


Booting from ROM...
c[?7l[2J[    0.000000] Linux version 6.4.0-rc2-5565ec4ef4f0+ (root@p-rpls01) (gcc (GCC) 8.5.0 20210514 (Red Hat 8.5.0-19), GNU ld version 2.36.1-2.el8) #1 SMP PREEMPT_DYNAMIC Sun Jun 11 12:16:34 CST 2023
[    0.000000] Command line: console=ttyS0 root=/dev/sda earlyprintk=serial net.ifnames=0
[    0.000000] KERNEL supported cpus:
[    0.000000]   Intel GenuineIntel
[    0.000000]   AMD AuthenticAMD
[    0.000000]   Hygon HygonGenuine
[    0.000000]   Centaur CentaurHauls
[    0.000000]   zhaoxin   Shanghai  
[    0.000000] x86/fpu: Supporting XSAVE feature 0x001: 'x87 floating point registers'
[    0.000000] x86/fpu: Supporting XSAVE feature 0x002: 'SSE registers'
[    0.000000] x86/fpu: Supporting XSAVE feature 0x004: 'AVX registers'
[    0.000000] x86/fpu: Supporting XSAVE feature 0x200: 'Protection Keys User registers'
[    0.000000] x86/fpu: xstate_offset[2]:  576, xstate_sizes[2]:  256
[    0.000000] x86/fpu: xstate_offset[9]:  832, xstate_sizes[9]:    8
[    0.000000] x86/fpu: Enabled xstate features 0x207, context size is 840 bytes, using 'compacted' format.
[    0.000000] signal: max sigframe size: 3632
[    0.000000] BIOS-provided physical RAM map:
[    0.000000] BIOS-e820: [mem 0x0000000000000000-0x000000000009fbff] usable
[    0.000000] BIOS-e820: [mem 0x000000000009fc00-0x000000000009ffff] reserved
[    0.000000] BIOS-e820: [mem 0x00000000000f0000-0x00000000000fffff] reserved
[    0.000000] BIOS-e820: [mem 0x0000000000100000-0x000000007ffdffff] usable
[    0.000000] BIOS-e820: [mem 0x000000007ffe0000-0x000000007fffffff] reserved
[    0.000000] BIOS-e820: [mem 0x00000000feffc000-0x00000000feffffff] reserved
[    0.000000] BIOS-e820: [mem 0x00000000fffc0000-0x00000000ffffffff] reserved
[    0.000000] printk: bootconsole [earlyser0] enabled
[    0.000000] NX (Execute Disable) protection: active
[    0.000000] SMBIOS 2.8 present.
[    0.000000] DMI: QEMU Standard PC (i440FX + PIIX, 1996), BIOS rel-1.16.0-0-gd239552ce722-prebuilt.qemu.org 04/01/2014
[    0.000000] Hypervisor detected: KVM
[    0.000000] kvm-clock: Using msrs 4b564d01 and 4b564d00
[    0.000004] kvm-clock: using sched offset of 630829346 cycles
[    0.000906] clocksource: kvm-clock: mask: 0xffffffffffffffff max_cycles: 0x1cd42e4dffb, max_idle_ns: 881590591483 ns
[    0.003720] tsc: Detected 806.400 MHz processor
[    0.011829] last_pfn = 0x7ffe0 max_arch_pfn = 0x400000000
[    0.012924] x86/PAT: Configuration [0-7]: WB  WC  UC- UC  WB  WP  UC- WT  
[    0.019516] found SMP MP-table at [mem 0x000f5ba0-0x000f5baf]
[    0.020627] Using GB pages for direct mapping
[    0.022636] ACPI: Early table checksum verification disabled
[    0.023638] ACPI: RSDP 0x00000000000F59C0 000014 (v00 BOCHS )
[    0.024656] ACPI: RSDT 0x000000007FFE1951 000034 (v01 BOCHS  BXPC     00000001 BXPC 00000001)
[    0.026144] ACPI: FACP 0x000000007FFE17FD 000074 (v01 BOCHS  BXPC     00000001 BXPC 00000001)
[    0.027633] ACPI: DSDT 0x000000007FFE0040 0017BD (v01 BOCHS  BXPC     00000001 BXPC 00000001)
[    0.029122] ACPI: FACS 0x000000007FFE0000 000040
[    0.029932] ACPI: APIC 0x000000007FFE1871 000080 (v01 BOCHS  BXPC     00000001 BXPC 00000001)
[    0.031420] ACPI: HPET 0x000000007FFE18F1 000038 (v01 BOCHS  BXPC     00000001 BXPC 00000001)
[    0.032910] ACPI: WAET 0x000000007FFE1929 000028 (v01 BOCHS  BXPC     00000001 BXPC 00000001)
[    0.034391] ACPI: Reserving FACP table memory at [mem 0x7ffe17fd-0x7ffe1870]
[    0.035605] ACPI: Reserving DSDT table memory at [mem 0x7ffe0040-0x7ffe17fc]
[    0.036828] ACPI: Reserving FACS table memory at [mem 0x7ffe0000-0x7ffe003f]
[    0.038042] ACPI: Reserving APIC table memory at [mem 0x7ffe1871-0x7ffe18f0]
[    0.039257] ACPI: Reserving HPET table memory at [mem 0x7ffe18f1-0x7ffe1928]
[    0.040483] ACPI: Reserving WAET table memory at [mem 0x7ffe1929-0x7ffe1950]
[    0.042769] No NUMA configuration found
[    0.043426] Faking a node at [mem 0x0000000000000000-0x000000007ffdffff]
[    0.044627] NODE_DATA(0) allocated [mem 0x7ffb5000-0x7ffdffff]
[    0.048685] Zone ranges:
[    0.049129]   DMA      [mem 0x0000000000001000-0x0000000000ffffff]
[    0.050171]   DMA32    [mem 0x0000000001000000-0x000000007ffdffff]
[    0.051212]   Normal   empty
[    0.051702]   Device   empty
[    0.052194] Movable zone start for each node
[    0.052924] Early memory node ranges
[    0.053522]   node   0: [mem 0x0000000000001000-0x000000000009efff]
[    0.054573]   node   0: [mem 0x0000000000100000-0x000000007ffdffff]
[    0.055625] Initmem setup node 0 [mem 0x0000000000001000-0x000000007ffdffff]
[    0.057051] On node 0, zone DMA: 1 pages in unavailable ranges
[    0.057283] On node 0, zone DMA: 97 pages in unavailable ranges
[    0.090074] On node 0, zone DMA32: 32 pages in unavailable ranges
[    0.131411] kasan: KernelAddressSanitizer initialized
[    0.133879] ACPI: PM-Timer IO Port: 0x608
[    0.134586] ACPI: LAPIC_NMI (acpi_id[0xff] dfl dfl lint[0x1])
[    0.135639] IOAPIC[0]: apic_id 0, version 17, address 0xfec00000, GSI 0-23
[    0.136823] ACPI: INT_SRC_OVR (bus 0 bus_irq 0 global_irq 2 dfl dfl)
[    0.137890] ACPI: INT_SRC_OVR (bus 0 bus_irq 5 global_irq 5 high level)
[    0.139002] ACPI: INT_SRC_OVR (bus 0 bus_irq 9 global_irq 9 high level)
[    0.140118] ACPI: INT_SRC_OVR (bus 0 bus_irq 10 global_irq 10 high level)
[    0.141258] ACPI: INT_SRC_OVR (bus 0 bus_irq 11 global_irq 11 high level)
[    0.142415] ACPI: Using ACPI (MADT) for SMP configuration information
[    0.143503] ACPI: HPET id: 0x8086a201 base: 0xfed00000
[    0.144376] TSC deadline timer available
[    0.145034] smpboot: Allowing 2 CPUs, 0 hotplug CPUs
[    0.145926] kvm-guest: KVM setup pv remote TLB flush
[    0.146770] kvm-guest: setup PV sched yield
[    0.147533] PM: hibernation: Registered nosave memory: [mem 0x00000000-0x00000fff]
[    0.148809] PM: hibernation: Registered nosave memory: [mem 0x0009f000-0x0009ffff]
[    0.150076] PM: hibernation: Registered nosave memory: [mem 0x000a0000-0x000effff]
[    0.151342] PM: hibernation: Registered nosave memory: [mem 0x000f0000-0x000fffff]
[    0.152616] [mem 0x80000000-0xfeffbfff] available for PCI devices
[    0.153641] Booting paravirtualized kernel on KVM
[    0.154436] clocksource: refined-jiffies: mask: 0xffffffff max_cycles: 0xffffffff, max_idle_ns: 7645519600211568 ns
[    0.156205] setup_percpu: NR_CPUS:8192 nr_cpumask_bits:2 nr_cpu_ids:2 nr_node_ids:1
[    0.157853] percpu: Embedded 82 pages/cpu s299008 r8192 d28672 u1048576
[    0.159193] kvm-guest: PV spinlocks enabled
[    0.159913] PV qspinlock hash table entries: 256 (order: 0, 4096 bytes, linear)
[    0.161152] Kernel command line: net.ifnames=0 console=ttyS0 root=/dev/sda earlyprintk=serial net.ifnames=0
[    0.163158] random: crng init done
[    0.164027] Dentry cache hash table entries: 262144 (order: 9, 2097152 bytes, linear)
[    0.165464] Inode-cache hash table entries: 131072 (order: 8, 1048576 bytes, linear)
[    0.167068] Fallback order for Node 0: 0 
[    0.167080] Built 1 zonelists, mobility grouping on.  Total pages: 515808
[    0.168874] Policy zone: DMA32
[    0.169384] mem auto-init: stack:off, heap alloc:off, heap free:off
[    0.170421] stackdepot: allocating hash table via alloc_large_system_hash
[    0.172661] stackdepot hash table entries: 1048576 (order: 11, 8388608 bytes, linear)
[    0.206258] Memory: 1620316K/2096632K available (71680K kernel code, 13847K rwdata, 16144K rodata, 14504K init, 32816K bss, 476060K reserved, 0K cma-reserved)
[    0.209336] SLUB: HWalign=64, Order=0-3, MinObjects=0, CPUs=2, Nodes=1
[    0.210422] kmemleak: Kernel memory leak detector disabled
[    0.211428] ftrace: allocating 69155 entries in 271 pages
[    0.234398] ftrace: allocated 271 pages with 5 groups
[    0.238415] Dynamic Preempt: voluntary
[    0.239345] Running RCU self tests
[    0.239915] Running RCU synchronous self tests
[    0.240657] rcu: Preemptible hierarchical RCU implementation.
[    0.241608] rcu: 	RCU lockdep checking is enabled.
[    0.242402] rcu: 	RCU restricting CPUs from NR_CPUS=8192 to nr_cpu_ids=2.
[    0.243534] 	Trampoline variant of Tasks RCU enabled.
[    0.244379] 	Rude variant of Tasks RCU enabled.
[    0.245137] 	Tracing variant of Tasks RCU enabled.
[    0.245936] rcu: RCU calculated value of scheduler-enlistment delay is 25 jiffies.
[    0.247174] rcu: Adjusting geometry for rcu_fanout_leaf=16, nr_cpu_ids=2
[    0.248319] Running RCU synchronous self tests
[    0.286378] NR_IRQS: 524544, nr_irqs: 440, preallocated irqs: 16
[    0.287819] rcu: srcu_init: Setting srcu_struct sizes based on contention.
[    0.304063] Console: colour VGA+ 80x25
[    0.304767] printk: console [ttyS0] enabled
[    0.304767] printk: console [ttyS0] enabled
[    0.306168] printk: bootconsole [earlyser0] disabled
[    0.306168] printk: bootconsole [earlyser0] disabled
[    0.307835] Lock dependency validator: Copyright (c) 2006 Red Hat, Inc., Ingo Molnar
[    0.309132] ... MAX_LOCKDEP_SUBCLASSES:  8
[    0.309829] ... MAX_LOCK_DEPTH:          48
[    0.310541] ... MAX_LOCKDEP_KEYS:        8192
[    0.311279] ... CLASSHASH_SIZE:          4096
[    0.312024] ... MAX_LOCKDEP_ENTRIES:     32768
[    0.312779] ... MAX_LOCKDEP_CHAINS:      65536
[    0.313533] ... CHAINHASH_SIZE:          32768
[    0.314288]  memory used by lock dependency info: 6365 kB
[    0.315201]  memory used for stack traces: 4224 kB
[    0.316021]  per task-struct memory footprint: 1920 bytes
[    0.316995] ACPI: Core revision 20230331
[    0.318055] clocksource: hpet: mask: 0xffffffff max_cycles: 0xffffffff, max_idle_ns: 19112604467 ns
[    0.319805] APIC: Switch to symmetric I/O mode setup
[    0.321115] x2apic enabled
[    0.322047] Switched APIC routing to physical x2apic.
[    0.322908] kvm-guest: setup PV IPIs
[    0.325758] ..TIMER: vector=0x30 apic1=0 pin1=2 apic2=-1 pin2=-1
[    0.326823] clocksource: tsc-early: mask: 0xffffffffffffffff max_cycles: 0xb9fb05486c, max_idle_ns: 440795231721 ns
[    0.328635] Calibrating delay loop (skipped) preset value.. 1612.80 BogoMIPS (lpj=3225600)
[    0.330006] pid_max: default: 32768 minimum: 301
[    0.330938] LSM: initializing lsm=capability,yama,integrity
[    0.332622] Yama: becoming mindful.
[    0.333459] Mount-cache hash table entries: 4096 (order: 3, 32768 bytes, linear)
[    0.334695] Mountpoint-cache hash table entries: 4096 (order: 3, 32768 bytes, linear)
[    0.337947] CPU0: Thermal monitoring enabled (TM1)
[    0.339056] x86/cpu: User Mode Instruction Prevention (UMIP) activated
[    0.340708] Last level iTLB entries: 4KB 0, 2MB 0, 4MB 0
[    0.341605] Last level dTLB entries: 4KB 0, 2MB 0, 4MB 0, 1GB 0
[    0.342612] Spectre V1 : Mitigation: usercopy/swapgs barriers and __user pointer sanitization
[    0.344015] Spectre V2 : WARNING: Unprivileged eBPF is enabled with eIBRS on, data leaks possible via Spectre v2 BHB attacks!
[    0.344623] Spectre V2 : Mitigation: Enhanced / Automatic IBRS
[    0.345569] Spectre V2 : Spectre v2 / SpectreRSB mitigation: Filling RSB on context switch
[    0.346898] Spectre V2 : Spectre v2 / PBRSB-eIBRS: Retire a single CALL on VMEXIT
[    0.348621] Spectre V2 : mitigation: Enabling conditional Indirect Branch Prediction Barrier
[    0.349976] Speculative Store Bypass: Mitigation: Speculative Store Bypass disabled via prctl
[    0.351346] MMIO Stale Data: Unknown: No mitigations
[    0.463718] Freeing SMP alternatives memory: 56K
[    0.464580] Running RCU synchronous self tests
[    0.464623] Running RCU synchronous self tests
[    0.465718] smpboot: CPU0: Genuine Intel(R) 0000 (family: 0x6, model: 0xb7, stepping: 0x0)
[    0.467649] cblist_init_generic: Setting adjustable number of callback queues.
[    0.468625] cblist_init_generic: Setting shift to 1 and lim to 1.
[    0.469691] cblist_init_generic: Setting shift to 1 and lim to 1.
[    0.470763] cblist_init_generic: Setting shift to 1 and lim to 1.
[    0.472678] Running RCU-tasks wait API self tests
[    0.576822] Performance Events: Alderlake Hybrid events, full-width counters, Intel PMU driver.
[    0.578886] core: cpu_core PMU driver: 
[    0.579516] ... version:                2
[    0.580625] ... bit width:              48
[    0.581272] ... generic registers:      6
[    0.581906] ... value mask:             0000ffffffffffff
[    0.582738] ... max period:             00007fffffffffff
[    0.583574] ... fixed-purpose events:   3
[    0.584622] ... event mask:             0001000f0000003f
[    0.585697] rcu: Hierarchical SRCU implementation.
[    0.586457] rcu: 	Max phase no-delay instances is 1000.
[    0.590303] unchecked MSR access error: WRMSR to 0x38f (tried to write 0x0001000f0000003f) at rIP: 0xffffffff811c69dc (native_write_msr+0xc/0x30)
[    0.592358] Call Trace:
[    0.592614]  <TASK>
[    0.592614]  __intel_pmu_enable_all.constprop.49+0x147/0x380
[    0.592614]  intel_pmu_enable_all+0x1e/0x30
[    0.592614]  x86_pmu_enable+0x8b9/0xd30
[    0.592614]  ? __pfx_ctx_sched_in+0x10/0x10
[    0.592614]  ? write_comp_data+0x2f/0x90
[    0.592614]  perf_pmu_enable+0xda/0x120
[    0.592614]  ctx_resched+0x22d/0x3c0
[    0.592614]  __perf_install_in_context+0x602/0x980
[    0.592614]  ? generic_exec_single+0x1c5/0x2c0
[    0.592614]  ? smp_call_function_single+0x193/0x460
[    0.592614]  ? __pfx___perf_install_in_context+0x10/0x10
[    0.592614]  remote_function+0x136/0x1b0
[    0.592614]  ? __pfx_remote_function+0x10/0x10
[    0.592614]  generic_exec_single+0x1cb/0x2c0
[    0.592614]  smp_call_function_single+0x193/0x460
[    0.592614]  ? __pfx_remote_function+0x10/0x10
[    0.592614]  ? __pfx_smp_call_function_single+0x10/0x10
[    0.592614]  ? __pfx_remote_function+0x10/0x10
[    0.592614]  ? __sanitizer_cov_trace_pc+0x25/0x60
[    0.592614]  ? exclusive_event_installable+0x25b/0x320
[    0.592614]  perf_install_in_context+0x4fe/0x5b0
[    0.592614]  ? __pfx_perf_install_in_context+0x10/0x10
[    0.592614]  ? __pfx___perf_install_in_context+0x10/0x10
[    0.592614]  ? exclusive_event_installable+0x25b/0x320
[    0.592614]  ? write_comp_data+0x2f/0x90
[    0.592614]  perf_event_create_kernel_counter+0x43b/0x4d0
[    0.592614]  hardlockup_detector_event_create+0x77/0x100
[    0.592614]  hardlockup_detector_perf_init+0x18/0x80
[    0.592614]  watchdog_nmi_probe+0x17/0x20
[    0.592614]  lockup_detector_init+0x75/0x100
[    0.592614]  kernel_init_freeable+0x97b/0x10e0
[    0.592614]  ? __pfx_kernel_init+0x10/0x10
[    0.592614]  kernel_init+0x26/0x1f0
[    0.592614]  ? __pfx_kernel_init+0x10/0x10
[    0.592614]  ret_from_fork+0x29/0x50
[    0.592614]  </TASK>
[    0.592674] Callback from call_rcu_tasks_trace() invoked.
[    0.593901] smp: Bringing up secondary CPUs ...
[    0.595272] x86: Booting SMP configuration:
[    0.596631] .... node  #0, CPUs:      #1
[    0.597705] smp: Brought up 1 node, 2 CPUs
[    0.600639] smpboot: Max logical packages: 1
[    0.601406] smpboot: Total of 2 processors activated (3225.60 BogoMIPS)
[    0.605088] devtmpfs: initialized
[    0.605782] x86/mm: Memory block size: 128MB
[    0.617576] Running RCU synchronous self tests
[    0.618088] Running RCU synchronous self tests
[    0.620688] clocksource: jiffies: mask: 0xffffffff max_cycles: 0xffffffff, max_idle_ns: 7645041785100000 ns
[    0.622557] futex hash table entries: 512 (order: 4, 65536 bytes, linear)
[    0.624977] pinctrl core: initialized pinctrl subsystem
[    0.626625] 
[    0.626948] *************************************************************
[    0.628630] **     NOTICE NOTICE NOTICE NOTICE NOTICE NOTICE NOTICE    **
[    0.629932] **                                                         **
[    0.631233] **  IOMMU DebugFS SUPPORT HAS BEEN ENABLED IN THIS KERNEL  **
[    0.632622] **                                                         **
[    0.633918] ** This means that this kernel is built to expose internal **
[    0.635228] ** IOMMU data structures, which may compromise security on **
[    0.636626] ** your system.                                            **
[    0.637932] **                                                         **
[    0.639236] ** If you see this message and you are not debugging the   **
[    0.640623] ** kernel, report this immediately to your vendor!         **
[    0.642002] **                                                         **
[    0.643380] **     NOTICE NOTICE NOTICE NOTICE NOTICE NOTICE NOTICE    **
[    0.644624] *************************************************************
[    0.646170] PM: RTC time: 08:58:33, date: 2023-06-11
[    0.651619] NET: Registered PF_NETLINK/PF_ROUTE protocol family
[    0.653636] DMA: preallocated 256 KiB GFP_KERNEL pool for atomic allocations
[    0.655094] DMA: preallocated 256 KiB GFP_KERNEL|GFP_DMA pool for atomic allocations
[    0.656642] DMA: preallocated 256 KiB GFP_KERNEL|GFP_DMA32 pool for atomic allocations
[    0.658331] audit: initializing netlink subsys (disabled)
[    0.660674] audit: type=2000 audit(1686473913.301:1): state=initialized audit_enabled=0 res=1
[    0.661873] thermal_sys: Registered thermal governor 'fair_share'
[    0.662516] thermal_sys: Registered thermal governor 'bang_bang'
[    0.664628] thermal_sys: Registered thermal governor 'step_wise'
[    0.665858] thermal_sys: Registered thermal governor 'user_space'
[    0.667160] cpuidle: using governor ladder
[    0.669478] cpuidle: using governor menu
[    0.670731] acpiphp: ACPI Hot Plug PCI Controller Driver version: 0.5
[    0.673187] PCI: Using configuration type 1 for base access
[    0.675482] kprobes: kprobe jump-optimization is enabled. All kprobes are optimized if possible.
[    0.992615] HugeTLB: registered 1.00 GiB page size, pre-allocated 0 pages
[    0.992636] HugeTLB: 16380 KiB vmemmap can be freed for a 1.00 GiB page
[    0.994156] HugeTLB: registered 2.00 MiB page size, pre-allocated 0 pages
[    0.996625] HugeTLB: 28 KiB vmemmap can be freed for a 2.00 MiB page
[    1.004615] ACPI: Added _OSI(Module Device)
[    1.004633] ACPI: Added _OSI(Processor Device)
[    1.005681] ACPI: Added _OSI(3.0 _SCP Extensions)
[    1.006771] ACPI: Added _OSI(Processor Aggregator Device)
[    1.026940] ACPI: 1 ACPI AML tables successfully acquired and loaded
[    4.297192] Callback from call_rcu_tasks_rude() invoked.
[    4.364882] ACPI: Interpreter enabled
[    4.365733] ACPI: PM: (supports S0 S3 S4 S5)
[    4.366538] ACPI: Using IOAPIC for interrupt routing
[    4.367536] PCI: Using host bridge windows from ACPI; if necessary, use "pci=nocrs" and report a bug
[    4.368624] PCI: Using E820 reservations for host bridge windows
[    4.370878] ACPI: Enabled 2 GPEs in block 00 to 0F
[    4.400709] Callback from call_rcu_tasks() invoked.
[    4.414336] ACPI: PCI Root Bridge [PCI0] (domain 0000 [bus 00-ff])
[    4.415484] acpi PNP0A03:00: _OSC: OS supports [ASPM ClockPM Segments MSI EDR HPX-Type3]
[    4.416645] acpi PNP0A03:00: _OSC: not requesting OS control; OS requires [ExtendedConfig ASPM ClockPM MSI]
[    4.418487] acpi PNP0A03:00: fail to add MMCONFIG information, can't access extended configuration space under this bridge
[    4.425781] acpiphp: Slot [3] registered
[    4.426600] acpiphp: Slot [4] registered
[    4.427416] acpiphp: Slot [5] registered
[    4.428743] acpiphp: Slot [6] registered
[    4.429568] acpiphp: Slot [7] registered
[    4.430377] acpiphp: Slot [8] registered
[    4.431192] acpiphp: Slot [9] registered
[    4.436746] acpiphp: Slot [10] registered
[    4.437563] acpiphp: Slot [11] registered
[    4.438385] acpiphp: Slot [12] registered
[    4.439196] acpiphp: Slot [13] registered
[    4.440746] acpiphp: Slot [14] registered
[    4.441553] acpiphp: Slot [15] registered
[    4.442364] acpiphp: Slot [16] registered
[    4.443180] acpiphp: Slot [17] registered
[    4.444748] acpiphp: Slot [18] registered
[    4.445555] acpiphp: Slot [19] registered
[    4.446364] acpiphp: Slot [20] registered
[    4.447180] acpiphp: Slot [21] registered
[    4.449012] acpiphp: Slot [22] registered
[    4.449857] acpiphp: Slot [23] registered
[    4.450669] acpiphp: Slot [24] registered
[    4.451486] acpiphp: Slot [25] registered
[    4.452748] acpiphp: Slot [26] registered
[    4.453556] acpiphp: Slot [27] registered
[    4.454363] acpiphp: Slot [28] registered
[    4.455172] acpiphp: Slot [29] registered
[    4.456741] acpiphp: Slot [30] registered
[    4.457555] acpiphp: Slot [31] registered
[    4.458308] PCI host bridge to bus 0000:00
[    4.459019] pci_bus 0000:00: root bus resource [io  0x0000-0x0cf7 window]
[    4.460624] pci_bus 0000:00: root bus resource [io  0x0d00-0xffff window]
[    4.461786] pci_bus 0000:00: root bus resource [mem 0x000a0000-0x000bffff window]
[    4.463063] pci_bus 0000:00: root bus resource [mem 0x80000000-0xfebfffff window]
[    4.464624] pci_bus 0000:00: root bus resource [mem 0x100000000-0x17fffffff window]
[    4.465934] pci_bus 0000:00: root bus resource [bus 00-ff]
[    4.467064] pci 0000:00:00.0: [8086:1237] type 00 class 0x060000
[    4.478680] pci 0000:00:01.0: [8086:7000] type 00 class 0x060100
[    4.482176] pci 0000:00:01.1: [8086:7010] type 00 class 0x010180
[    4.486037] pci 0000:00:01.1: reg 0x20: [io  0xc040-0xc04f]
[    4.488659] pci 0000:00:01.1: legacy IDE quirk: reg 0x10: [io  0x01f0-0x01f7]
[    4.489876] pci 0000:00:01.1: legacy IDE quirk: reg 0x14: [io  0x03f6]
[    4.491000] pci 0000:00:01.1: legacy IDE quirk: reg 0x18: [io  0x0170-0x0177]
[    4.492623] pci 0000:00:01.1: legacy IDE quirk: reg 0x1c: [io  0x0376]
[    4.494225] pci 0000:00:01.3: [8086:7113] type 00 class 0x068000
[    4.496918] pci 0000:00:01.3: quirk: [io  0x0600-0x063f] claimed by PIIX4 ACPI
[    4.498411] pci 0000:00:01.3: quirk: [io  0x0700-0x070f] claimed by PIIX4 SMB
[    4.501173] pci 0000:00:02.0: [1234:1111] type 00 class 0x030000
[    4.503283] pci 0000:00:02.0: reg 0x10: [mem 0xfd000000-0xfdffffff pref]
[    4.510249] pci 0000:00:02.0: reg 0x18: [mem 0xfebf0000-0xfebf0fff]
[    4.511071] pci 0000:00:02.0: reg 0x30: [mem 0xfebe0000-0xfebeffff pref]
[    4.516775] pci 0000:00:02.0: Video device with shadowed ROM at [mem 0x000c0000-0x000dffff]
[    4.527398] pci 0000:00:03.0: [8086:100e] type 00 class 0x020000
[    4.529185] pci 0000:00:03.0: reg 0x10: [mem 0xfebc0000-0xfebdffff]
[    4.530680] pci 0000:00:03.0: reg 0x14: [io  0xc000-0xc03f]
[    4.535378] pci 0000:00:03.0: reg 0x30: [mem 0xfeb80000-0xfebbffff pref]
[    4.586342] ACPI: PCI: Interrupt link LNKA configured for IRQ 10
[    4.589147] ACPI: PCI: Interrupt link LNKB configured for IRQ 10
[    4.590947] ACPI: PCI: Interrupt link LNKC configured for IRQ 11
[    4.593415] ACPI: PCI: Interrupt link LNKD configured for IRQ 11
[    4.594757] ACPI: PCI: Interrupt link LNKS configured for IRQ 9
[    4.600723] iommu: Default domain type: Translated 
[    4.601521] iommu: DMA domain TLB invalidation policy: lazy mode 
[    4.606524] SCSI subsystem initialized
[    4.607224] ACPI: bus type USB registered
[    4.607224] usbcore: registered new interface driver usbfs
[    4.607224] usbcore: registered new interface driver hub
[    4.608672] usbcore: registered new device driver usb
[    4.609698] pps_core: LinuxPPS API ver. 1 registered
[    4.610525] pps_core: Software ver. 5.3.6 - Copyright 2005-2007 Rodolfo Giometti <giometti@linux.it>
[    4.612641] PTP clock support registered
[    4.616689] EDAC MC: Ver: 3.0.0
[    4.621431] NetLabel: Initializing
[    4.622029] NetLabel:  domain hash size = 128
[    4.622767] NetLabel:  protocols = UNLABELED CIPSOv4 CALIPSO
[    4.624723] NetLabel:  unlabeled traffic allowed by default
[    4.625850] PCI: Using ACPI for IRQ routing
[    4.625850] pci 0000:00:02.0: vgaarb: setting as boot VGA device
[    4.625850] pci 0000:00:02.0: vgaarb: bridge control possible
[    4.626679] pci 0000:00:02.0: vgaarb: VGA device added: decodes=io+mem,owns=io+mem,locks=none
[    4.628627] vgaarb: loaded
[    4.629115] hpet0: at MMIO 0xfed00000, IRQs 2, 8, 0
[    4.629869] hpet0: 3 comparators, 64-bit 100.000000 MHz counter
[    4.632630] clocksource: Switched to clocksource kvm-clock
[    4.801083] VFS: Disk quotas dquot_6.6.0
[    4.801876] VFS: Dquot-cache hash table entries: 512 (order 0, 4096 bytes)
[    4.803587] pnp: PnP ACPI init
[    4.807711] pnp: PnP ACPI: found 6 devices
[    4.827327] clocksource: acpi_pm: mask: 0xffffff max_cycles: 0xffffff, max_idle_ns: 2085701024 ns
[    4.829509] NET: Registered PF_INET protocol family
[    4.830824] IP idents hash table entries: 32768 (order: 6, 262144 bytes, linear)
[    4.833597] tcp_listen_portaddr_hash hash table entries: 1024 (order: 4, 73728 bytes, linear)
[    4.835213] Table-perturb hash table entries: 65536 (order: 6, 262144 bytes, linear)
[    4.836762] TCP established hash table entries: 16384 (order: 5, 131072 bytes, linear)
[    4.838511] TCP bind hash table entries: 16384 (order: 9, 2359296 bytes, linear)
[    4.840996] TCP: Hash tables configured (established 16384 bind 16384)
[    4.842330] UDP hash table entries: 1024 (order: 5, 163840 bytes, linear)
[    4.843685] UDP-Lite hash table entries: 1024 (order: 5, 163840 bytes, linear)
[    4.845283] NET: Registered PF_UNIX/PF_LOCAL protocol family
[    4.847308] RPC: Registered named UNIX socket transport module.
[    4.848445] RPC: Registered udp transport module.
[    4.849306] RPC: Registered tcp transport module.
[    4.850168] RPC: Registered tcp NFSv4.1 backchannel transport module.
[    4.851363] pci_bus 0000:00: resource 4 [io  0x0000-0x0cf7 window]
[    4.852510] pci_bus 0000:00: resource 5 [io  0x0d00-0xffff window]
[    4.853641] pci_bus 0000:00: resource 6 [mem 0x000a0000-0x000bffff window]
[    4.854892] pci_bus 0000:00: resource 7 [mem 0x80000000-0xfebfffff window]
[    4.856166] pci_bus 0000:00: resource 8 [mem 0x100000000-0x17fffffff window]
[    4.857806] pci 0000:00:01.0: PIIX3: Enabling Passive Release
[    4.858842] pci 0000:00:00.0: Limiting direct PCI/PCI transfers
[    4.860051] PCI: CLS 0 bytes, default 64
[    4.860812] ACPI: bus type thunderbolt registered
[    4.862003] clocksource: tsc: mask: 0xffffffffffffffff max_cycles: 0xb9fb05486c, max_idle_ns: 440795231721 ns
[    4.869504] Initialise system trusted keyrings
[    4.870416] Key type blacklist registered
[    4.871459] workingset: timestamp_bits=36 max_order=19 bucket_order=0
[    4.872788] zbud: loaded
[    4.874680] squashfs: version 4.0 (2009/01/31) Phillip Lougher
[    4.877427] NFS: Registering the id_resolver key type
[    4.878382] Key type id_resolver registered
[    4.879137] Key type id_legacy registered
[    4.879933] nfs4filelayout_init: NFSv4 File Layout Driver Registering...
[    4.881143] nfs4flexfilelayout_init: NFSv4 Flexfile Layout Driver Registering...
[    4.882822] fuse: init (API version 7.38)
[    4.884182] SGI XFS with ACLs, security attributes, realtime, quota, no debug enabled
[    4.886717] 9p: Installing v9fs 9p2000 file system support
[    4.894627] Key type asymmetric registered
[    4.895370] Asymmetric key parser 'x509' registered
[    4.896311] Block layer SCSI generic (bsg) driver version 0.4 loaded (major 243)
[    4.897911] io scheduler mq-deadline registered
[    4.898785] io scheduler bfq registered
[    4.900356] shpchp: Standard Hot Plug PCI Controller Driver version: 0.4
[    4.902100] IPMI message handler: version 39.2
[    4.902932] ipmi device interface
[    4.905847] input: Power Button as /devices/LNXSYSTM:00/LNXPWRBN:00/input/input0
[    4.907819] ACPI: button: Power Button [PWRF]
[    4.910328] ERST DBG: ERST support is disabled.
[    4.912511] Serial: 8250/16550 driver, 32 ports, IRQ sharing enabled
[    4.914516] 00:04: ttyS0 at I/O 0x3f8 (irq = 4, base_baud = 115200) is a 16550A
[    4.932298] Linux agpgart interface v0.103
[    4.934415] ACPI: bus type drm_connector registered
[    4.954451] brd: module loaded
[    4.966078] loop: module loaded
[    4.975005] scsi host0: ata_piix
[    4.977000] scsi host1: ata_piix
[    4.978009] ata1: PATA max MWDMA2 cmd 0x1f0 ctl 0x3f6 bmdma 0xc040 irq 14
[    4.979407] ata2: PATA max MWDMA2 cmd 0x170 ctl 0x376 bmdma 0xc048 irq 15
[    4.983089] tun: Universal TUN/TAP device driver, 1.6
[    4.984541] e100: Intel(R) PRO/100 Network Driver
[    4.985510] e100: Copyright(c) 1999-2006 Intel Corporation
[    4.986728] e1000: Intel(R) PRO/1000 Network Driver
[    4.987762] e1000: Copyright (c) 1999-2006 Intel Corporation.
[    5.140124] ata1: found unknown device (class 0)
[    5.141987] ata1.00: ATA-7: QEMU HARDDISK, 2.5+, max UDMA/100
[    5.143173] ata1.00: 16777216 sectors, multi 16: LBA48 
[    5.144800] ata2: found unknown device (class 0)
[    5.146452] ata2.00: ATAPI: QEMU DVD-ROM, 2.5+, max UDMA/100
[    5.148813] scsi 0:0:0:0: Direct-Access     ATA      QEMU HARDDISK    2.5+ PQ: 0 ANSI: 5
[    5.152065] scsi 0:0:0:0: Attached scsi generic sg0 type 0
[    5.154111] sd 0:0:0:0: [sda] 16777216 512-byte logical blocks: (8.59 GB/8.00 GiB)
[    5.156871] scsi 1:0:0:0: CD-ROM            QEMU     QEMU DVD-ROM     2.5+ PQ: 0 ANSI: 5
[    5.160335] sd 0:0:0:0: [sda] Write Protect is off
[    5.161387] sd 0:0:0:0: [sda] Write cache: enabled, read cache: enabled, doesn't support DPO or FUA
[    5.163302] sd 0:0:0:0: [sda] Preferred minimum I/O size 512 bytes
[    5.181011] scsi 1:0:0:0: Attached scsi generic sg1 type 5
[    5.190518] sd 0:0:0:0: [sda] Attached SCSI disk
[    5.647057] ACPI: \_SB_.LNKC: Enabled at IRQ 11
[    6.014422] e1000 0000:00:03.0 eth0: (PCI:33MHz:32-bit) 52:54:00:12:34:56
[    6.015626] e1000 0000:00:03.0 eth0: Intel(R) PRO/1000 Network Connection
[    6.016904] e1000e: Intel(R) PRO/1000 Network Driver
[    6.017726] e1000e: Copyright(c) 1999 - 2015 Intel Corporation.
[    6.018779] igb: Intel(R) Gigabit Ethernet Network Driver
[    6.019691] igb: Copyright (c) 2007-2014 Intel Corporation.
[    6.020752] PPP generic driver version 2.4.2
[    6.022369] VFIO - User Level meta-driver version: 0.3
[    6.024138] usbcore: registered new interface driver uas
[    6.025087] usbcore: registered new interface driver usb-storage
[    6.026281] i8042: PNP: PS/2 Controller [PNP0303:KBD,PNP0f13:MOU] at 0x60,0x64 irq 1,12
[    6.028802] serio: i8042 KBD port at 0x60,0x64 irq 1
[    6.029674] serio: i8042 AUX port at 0x60,0x64 irq 12
[    6.031738] mousedev: PS/2 mouse device common for all mice
[    6.034424] input: AT Translated Set 2 keyboard as /devices/platform/i8042/serio0/input/input1
[    6.035835] rtc_cmos 00:05: RTC can wake from S4
[    6.037468] input: VirtualPS/2 VMware VMMouse as /devices/platform/i8042/serio1/input/input4
[    6.038851] rtc_cmos 00:05: registered as rtc0
[    6.039842] rtc_cmos 00:05: setting system clock to 2023-06-11T08:58:37 UTC (1686473917)
[    6.039875] input: VirtualPS/2 VMware VMMouse as /devices/platform/i8042/serio1/input/input3
[    6.042769] rtc_cmos 00:05: alarms up to one day, y3k, 242 bytes nvram, hpet irqs
[    6.044069] i2c_dev: i2c /dev entries driver
[    6.045062] device-mapper: core: CONFIG_IMA_DISABLE_HTABLE is disabled. Duplicate IMA measurements will not be recorded in the IMA log.
[    6.047021] device-mapper: uevent: version 1.0.3
[    6.048186] device-mapper: ioctl: 4.48.0-ioctl (2023-03-01) initialised: dm-devel@redhat.com
[    6.049543] intel_pstate: CPU model not supported
[    6.050471] sdhci: Secure Digital Host Controller Interface driver
[    6.051466] sdhci: Copyright(c) Pierre Ossman
[    6.052294] sdhci-pltfm: SDHCI platform and OF driver helper
[    6.053396] ledtrig-cpu: registered to indicate activity on CPUs
[    6.054856] drop_monitor: Initializing network drop monitor service
[    6.056209] NET: Registered PF_INET6 protocol family
[    6.060572] Segment Routing with IPv6
[    6.061233] In-situ OAM (IOAM) with IPv6
[    6.061931] NET: Registered PF_PACKET protocol family
[    6.062915] 9pnet: Installing 9P2000 support
[    6.063722] Key type dns_resolver registered
[    6.065597] IPI shorthand broadcast: enabled
[    6.093061] sched_clock: Marking stable (6060003593, 31652954)->(5148265756, 943390791)
[    6.095034] registered taskstats version 1
[    6.096047] Loading compiled-in X.509 certificates
[    6.129630] Key type .fscrypt registered
[    6.130311] Key type fscrypt-provisioning registered
[    6.132800] Key type encrypted registered
[    6.133550] ima: No TPM chip found, activating TPM-bypass!
[    6.134478] ima: Allocated hash algorithm: sha1
[    6.135303] ima: No architecture policies found
[    6.136162] evm: Initialising EVM extended attributes:
[    6.137012] evm: security.selinux
[    6.137570] evm: security.SMACK64
[    6.138131] evm: security.SMACK64EXEC
[    6.138745] evm: security.SMACK64TRANSMUTE
[    6.139434] evm: security.SMACK64MMAP
[    6.140072] evm: security.apparmor
[    6.140642] evm: security.ima
[    6.141144] evm: security.capability
[    6.141746] evm: HMAC attrs: 0x1
[    6.144228] PM:   Magic number: 11:116:978
[    6.145648] RAS: Correctable Errors collector initialized.
[    6.147370] clk: Disabling unused clocks
[    6.149113] md: Waiting for all devices to be available before autodetect
[    6.149869] md: If you don't use raid, use raid=noautodetect
[    6.150500] md: Autodetecting RAID arrays.
[    6.150967] md: autorun ...
[    6.151294] md: ... autorun DONE.
[    6.157964] EXT4-fs (sda): INFO: recovery required on readonly filesystem
[    6.158745] EXT4-fs (sda): write access will be enabled during recovery
[    6.383192] EXT4-fs (sda): recovery complete
[    6.385619] EXT4-fs (sda): mounted filesystem 23a53bb9-f815-47a5-b74c-5e08f7731193 ro with ordered data mode. Quota mode: none.
[    6.386981] VFS: Mounted root (ext4 filesystem) readonly on device 8:0.
[    6.388500] devtmpfs: mounted
[    6.401889] Freeing unused decrypted memory: 2036K
[    6.405746] Freeing unused kernel image (initmem) memory: 14504K
[    6.406493] Write protecting the kernel read-only data: 88064k
[    6.408435] Freeing unused kernel image (rodata/data gap) memory: 240K
[    6.496547] x86/mm: Checked W+X mappings: passed, no W+X pages found.
[    6.497316] Run /sbin/init as init process
[    6.619727] systemd[1]: RTC configured in localtime, applying delta of 0 minutes to system time.
[    6.667572] systemd[1]: systemd 239 (239-49.el8) running in system mode. (+PAM +AUDIT +SELINUX +IMA -APPARMOR +SMACK +SYSVINIT +UTMP +LIBCRYPTSETUP +GCRYPT +GNUTLS +ACL +XZ +LZ4 +SECCOMP +BLKID +ELFUTILS +KMOD +IDN2 -IDN +PCRE2 default-hierarchy=legacy)
[    6.670967] systemd[1]: Detected virtualization kvm.
[    6.671704] systemd[1]: Detected architecture x86-64.

Welcome to [0;31mCentOS Stream 8[0m!

[    6.725224] systemd[1]: Set hostname to <test>.
[    7.172121] systemd[1]: Listening on udev Kernel Socket.
[[0;32m  OK  [0m] Listening on udev Kernel Socket.
[    7.178011] systemd[1]: Created slice system-getty.slice.
[[0;32m  OK  [0m] Created slice system-getty.slice.
[    7.180737] systemd[1]: Listening on RPCbind Server Activation Socket.
[[0;32m  OK  [0m] Listening on RPCbind Server Activation Socket.
[    7.182686] systemd[1]: Listening on initctl Compatibility Named Pipe.
[[0;32m  OK  [0m] Listening on initctl Compatibility Named Pipe.
[    7.185799] systemd[1]: Created slice system-sshd\x2dkeygen.slice.
[[0;32m  OK  [0m] Created slice system-sshd\x2dkeygen.slice.
[    7.187993] systemd[1]: Listening on Journal Socket.
[[0;32m  OK  [0m] Listening on Journal Socket.
         Mounting Huge Pages File System...
         Starting Remount Root and Kernel File Systems...
         Starting Setup Virtual Console...
[[0;32m  OK  [0m] Listening on udev Control Socket.
[[0;32m  OK  [0m] Created slice User and Session Slice.
[[0;32m  OK  [0m] Reached target Slices.
[[0;32m  OK  [0m] Started Forward Password Requests to Wall Directory Watch.
[[0;32m  OK  [0m] Reached target Swap.
[[0;32m  OK  [0m] Listening on multipathd control socket.
         Mounting Kernel Debug File System...
[[0;32m  OK  [0m] Reached target RPC Port Mapper.
         Mounting POSIX Message Queue File System...
[[0;32m  OK  [0m] Listening on Process Core Dump Socket.
[[0;32m  OK  [0m] Listening on LVM2 poll daemon socket.
[[0;32m  OK  [0m] Set up automount Arbitrary Executabâ€¦rmats File System Automount Point.
[    7.505233] EXT4-fs (sda): re-mounted 23a53bb9-f815-47a5-b74c-5e08f7731193 r/w. Quota mode: none.
         Starting Load Kernel Modules...
[[0;32m  OK  [0m] Listening on Device-mapper event daemon FIFOs.
         Starting Monitoring of LVM2 mirrorsâ€¦ng dmeventd or progress polling...
         Starting udev Coldplug all Devices...
[[0;32m  OK  [0m] Created slice system-serial\x2dgetty.slice.
[[0;32m  OK  [0m] Listening on Journal Socket (/dev/log).
         Starting Journal Service...
[[0;32m  OK  [0m] Mounted Huge Pages File System.
[[0;32m  OK  [0m] Started Remount Root and Kernel File Systems.
[[0;32m  OK  [0m] Mounted Kernel Debug File System.
[[0;32m  OK  [0m] Mounted POSIX Message Queue File System.
[[0;1;31mFAILED[0m] Failed to start Load Kernel Modules.
See 'systemctl status systemd-modules-load.service' for details.
         Mounting FUSE Control File System...
         Starting Apply Kernel Variables...
         Mounting Kernel Configuration File System...
         Starting Create Static Device Nodes in /dev...
         Starting Load/Save Random Seed...
[[0;32m  OK  [0m] Started Journal Service.
[[0;32m  OK  [0m] Started Setup Virtual Console.
[[0;32m  OK  [0m] Mounted FUSE Control File System.
[[0;32m  OK  [0m] Started Apply Kernel Variables.
[[0;32m  OK  [0m] Mounted Kernel Configuration File System.
[[0;32m  OK  [0m] Started Load/Save Random Seed.
[[0;32m  OK  [0m] Started Create Static Device Nodes in /dev.
         Starting udev Kernel Device Manager...
         Starting Flush Journal to Persistent Storage...
[[0;32m  OK  [0m] Started Flush Journal to Persistent Storage.
[[0;32m  OK  [0m] Started udev Kernel Device Manager.
[[0;32m  OK  [0m] Started udev Coldplug all Devices.
         Starting udev Wait for Complete Device Initialization...
         Starting Show Plymouth Boot Screen...
[[0;32m  OK  [0m] Started Show Plymouth Boot Screen.
[[0;32m  OK  [0m] Reached target Paths.
[[0;32m  OK  [0m] Reached target Local Encrypted Volumes.
[[0;32m  OK  [0m] Started Forward Password Requests to Plymouth Directory Watch.
[[0;32m  OK  [0m] Found device /dev/ttyS0.
[[0;32m  OK  [0m] Started Monitoring of LVM2 mirrors,â€¦sing dmeventd or progress polling.
[[0;32m  OK  [0m] Listening on Load/Save RF Kill Switch Status /dev/rfkill Watch.
[[0;32m  OK  [0m] Started udev Wait for Complete Device Initialization.
[[0;32m  OK  [0m] Reached target Local File Systems (Pre).
[[0;32m  OK  [0m] Reached target Local File Systems.
         Starting Restore /run/initramfs on shutdown...
         Starting Tell Plymouth To Write Out Runtime Data...
         Starting Create Volatile Files and Directories...
[[0;32m  OK  [0m] Started Restore /run/initramfs on shutdown.
[[0;32m  OK  [0m] Started Tell Plymouth To Write Out Runtime Data.
[[0;32m  OK  [0m] Started Create Volatile Files and Directories.
         Starting RPC Bind...
         Starting Security Auditing Service...
         Mounting RPC Pipe File System...
[[0;32m  OK  [0m] Started RPC Bind.
[[0;32m  OK  [0m] Mounted RPC Pipe File System.
[[0;32m  OK  [0m] Reached target rpc_pipefs.target.
[[0;32m  OK  [0m] Started Security Auditing Service.
         Starting Update UTMP about System Boot/Shutdown...
[[0;32m  OK  [0m] Started Update UTMP about System Boot/Shutdown.
[[0;32m  OK  [0m] Reached target System Initialization.
[[0;32m  OK  [0m] Listening on SSSD Kerberos Cache Manager responder socket.
[[0;32m  OK  [0m] Listening on D-Bus System Message Bus Socket.
[[0;32m  OK  [0m] Reached target Sockets.
[[0;32m  OK  [0m] Started dnf makecache --timer.
[[0;32m  OK  [0m] Started Daily Cleanup of Temporary Directories.
[[0;32m  OK  [0m] Started daily update of the root trust anchor for DNSSEC.
[[0;32m  OK  [0m] Reached target Timers.
[[0;32m  OK  [0m] Reached target Basic System.
         Starting Self Monitoring and Reporting Technology (SMART) Daemon...
[[0;32m  OK  [0m] Started irqbalance daemon.
[[0;32m  OK  [0m] Started Machine Check Exception Logging Daemon.
         Starting Auto-connect to subsystemsâ€¦-NVME devices found during boot...
         Starting NTP client/server...
[[0;32m  OK  [0m] Started D-Bus System Message Bus.
         Starting Network Manager...
         Starting Login Service...
         Starting Authorization Manager...
[[0;32m  OK  [0m] Reached target sshd-keygen.target.
[[0;32m  OK  [0m] Started Self Monitoring and Reporting Technology (SMART) Daemon.
[[0;32m  OK  [0m] Started Auto-connect to subsystems â€¦FC-NVME devices found during boot.
         Starting update of the root trust aâ€¦or DNSSEC validation in unbound...
[[0;32m  OK  [0m] Started Login Service.
[[0;32m  OK  [0m] Started update of the root trust anâ€¦ for DNSSEC validation in unbound.
[[0;32m  OK  [0m] Started Network Manager.
         Starting Network Manager Wait Online...
[[0;32m  OK  [0m] Reached target Network.
         Starting Dynamic System Tuning Daemon...
         Starting OpenSSH server daemon...
         Starting GSSAPI Proxy Daemon...
[[0;32m  OK  [0m] Started NTP client/server.
[[0;32m  OK  [0m] Started Authorization Manager.
         Starting Hostname Service...
[[0;32m  OK  [0m] Started OpenSSH server daemon.
[[0;32m  OK  [0m] Started GSSAPI Proxy Daemon.
[[0;32m  OK  [0m] Reached target NFS client services.
[[0;32m  OK  [0m] Reached target Remote File Systems (Pre).
[[0;32m  OK  [0m] Reached target Remote File Systems.
         Starting Permit User Sessions...
[[0;32m  OK  [0m] Started Permit User Sessions.
         Starting Hold until boot process finishes up...
[[0;32m  OK  [0m] Started Command Scheduler.
         Starting Terminate Plymouth Boot Screen...
[   11.836100] e1000: eth0 NIC Link is Up 1000 Mbps Full Duplex, Flow Control: RX
[   11.838596] IPv6: ADDRCONF(NETDEV_CHANGE): eth0: link becomes ready
[   12.153280] Spectre V2 : WARNING: Unprivileged eBPF is enabled with eIBRS on, data leaks possible via Spectre v2 BHB attacks!
[   12.154652] Spectre V2 : WARNING: Unprivileged eBPF is enabled with eIBRS on, data leaks possible via Spectre v2 BHB attacks!

CentOS Stream 8
Kernel 6.4.0-rc2-5565ec4ef4f0+ on an x86_64

test login: [   25.693572] memfd_create() without MFD_EXEC nor MFD_NOEXEC_SEAL, pid=327 'systemd'
[   30.691525] loop0: detected capacity change from 0 to 512
[   30.699431] EXT4-fs (loop0): mounted filesystem 00000000-0000-0000-0000-000000000000 r/w without journal. Quota mode: writeback.
[   30.701654] ext4 filesystem being mounted at /root/syzkaller.pii3XX/0/file0 supports timestamps until 2038-01-19 (0x7fffffff)
[   30.727824] EXT4-fs (loop0): unmounting filesystem 00000000-0000-0000-0000-000000000000.
[   30.761371] loop0: detected capacity change from 0 to 512
[   30.765634] EXT4-fs (loop0): mounted filesystem 00000000-0000-0000-0000-000000000000 r/w without journal. Quota mode: writeback.
[   30.767879] ext4 filesystem being mounted at /root/syzkaller.pii3XX/1/file0 supports timestamps until 2038-01-19 (0x7fffffff)
[   30.790043] EXT4-fs (loop0): unmounting filesystem 00000000-0000-0000-0000-000000000000.
[   30.814863] loop0: detected capacity change from 0 to 512
[   30.839201] EXT4-fs (loop0): mounted filesystem 00000000-0000-0000-0000-000000000000 r/w without journal. Quota mode: writeback.
[   30.841860] ext4 filesystem being mounted at /root/syzkaller.pii3XX/2/file0 supports timestamps until 2038-01-19 (0x7fffffff)
[   30.860550] EXT4-fs (loop0): unmounting filesystem 00000000-0000-0000-0000-000000000000.
[   30.883105] loop0: detected capacity change from 0 to 512
[   30.889455] EXT4-fs (loop0): mounted filesystem 00000000-0000-0000-0000-000000000000 r/w without journal. Quota mode: writeback.
[   30.891506] ext4 filesystem being mounted at /root/syzkaller.pii3XX/3/file0 supports timestamps until 2038-01-19 (0x7fffffff)
[   30.915598] EXT4-fs (loop0): unmounting filesystem 00000000-0000-0000-0000-000000000000.
[   30.939291] loop0: detected capacity change from 0 to 512
[   30.946964] EXT4-fs (loop0): mounted filesystem 00000000-0000-0000-0000-000000000000 r/w without journal. Quota mode: writeback.
[   30.949580] ext4 filesystem being mounted at /root/syzkaller.pii3XX/4/file0 supports timestamps until 2038-01-19 (0x7fffffff)
[   30.957997] EXT4-fs (loop0): unmounting filesystem 00000000-0000-0000-0000-000000000000.
[   30.985451] loop0: detected capacity change from 0 to 512
[   30.993658] EXT4-fs (loop0): mounted filesystem 00000000-0000-0000-0000-000000000000 r/w without journal. Quota mode: writeback.
[   30.995362] ext4 filesystem being mounted at /root/syzkaller.pii3XX/5/file0 supports timestamps until 2038-01-19 (0x7fffffff)
[   31.002131] EXT4-fs (loop0): unmounting filesystem 00000000-0000-0000-0000-000000000000.
[   31.011357] loop0: detected capacity change from 0 to 512
[   31.017451] EXT4-fs (loop0): mounted filesystem 00000000-0000-0000-0000-000000000000 r/w without journal. Quota mode: writeback.
[   31.019118] ext4 filesystem being mounted at /root/syzkaller.pii3XX/6/file0 supports timestamps until 2038-01-19 (0x7fffffff)
[   31.026457] EXT4-fs (loop0): unmounting filesystem 00000000-0000-0000-0000-000000000000.
[   31.036202] loop0: detected capacity change from 0 to 512
[   31.041283] EXT4-fs (loop0): mounted filesystem 00000000-0000-0000-0000-000000000000 r/w without journal. Quota mode: writeback.
[   31.042950] ext4 filesystem being mounted at /root/syzkaller.pii3XX/7/file0 supports timestamps until 2038-01-19 (0x7fffffff)
[   31.051936] EXT4-fs (loop0): unmounting filesystem 00000000-0000-0000-0000-000000000000.
[   31.061014] loop0: detected capacity change from 0 to 512
[   31.066340] EXT4-fs (loop0): mounted filesystem 00000000-0000-0000-0000-000000000000 r/w without journal. Quota mode: writeback.
[   31.067973] ext4 filesystem being mounted at /root/syzkaller.pii3XX/8/file0 supports timestamps until 2038-01-19 (0x7fffffff)
[   31.074369] EXT4-fs (loop0): unmounting filesystem 00000000-0000-0000-0000-000000000000.
[   31.082279] loop0: detected capacity change from 0 to 512
[   31.095414] EXT4-fs (loop0): mounted filesystem 00000000-0000-0000-0000-000000000000 r/w without journal. Quota mode: writeback.
[   31.097565] ext4 filesystem being mounted at /root/syzkaller.pii3XX/9/file0 supports timestamps until 2038-01-19 (0x7fffffff)
[   31.103694] EXT4-fs (loop0): unmounting filesystem 00000000-0000-0000-0000-000000000000.
[   31.124792] loop0: detected capacity change from 0 to 512
[   31.130656] EXT4-fs (loop0): mounted filesystem 00000000-0000-0000-0000-000000000000 r/w without journal. Quota mode: writeback.
[   31.132339] ext4 filesystem being mounted at /root/syzkaller.pii3XX/10/file0 supports timestamps until 2038-01-19 (0x7fffffff)
[   31.140077] EXT4-fs (loop0): unmounting filesystem 00000000-0000-0000-0000-000000000000.
[   31.148306] loop0: detected capacity change from 0 to 512
[   31.154440] EXT4-fs (loop0): mounted filesystem 00000000-0000-0000-0000-000000000000 r/w without journal. Quota mode: writeback.
[   31.156183] ext4 filesystem being mounted at /root/syzkaller.pii3XX/11/file0 supports timestamps until 2038-01-19 (0x7fffffff)
[   31.163140] EXT4-fs (loop0): unmounting filesystem 00000000-0000-0000-0000-000000000000.
[   31.171726] loop0: detected capacity change from 0 to 512
[   31.177477] EXT4-fs (loop0): mounted filesystem 00000000-0000-0000-0000-000000000000 r/w without journal. Quota mode: writeback.
[   31.179191] ext4 filesystem being mounted at /root/syzkaller.pii3XX/12/file0 supports timestamps until 2038-01-19 (0x7fffffff)
[   31.186076] EXT4-fs (loop0): unmounting filesystem 00000000-0000-0000-0000-000000000000.
[   31.194760] loop0: detected capacity change from 0 to 512
[   31.212688] EXT4-fs (loop0): mounted filesystem 00000000-0000-0000-0000-000000000000 r/w without journal. Quota mode: writeback.
[   31.214469] ext4 filesystem being mounted at /root/syzkaller.pii3XX/13/file0 supports timestamps until 2038-01-19 (0x7fffffff)
[   31.223887] EXT4-fs (loop0): unmounting filesystem 00000000-0000-0000-0000-000000000000.
[   31.241001] loop0: detected capacity change from 0 to 512
[   31.251362] EXT4-fs (loop0): mounted filesystem 00000000-0000-0000-0000-000000000000 r/w without journal. Quota mode: writeback.
[   31.253354] ext4 filesystem being mounted at /root/syzkaller.pii3XX/14/file0 supports timestamps until 2038-01-19 (0x7fffffff)
[   31.259899] EXT4-fs (loop0): unmounting filesystem 00000000-0000-0000-0000-000000000000.
[   31.285338] loop0: detected capacity change from 0 to 512
[   31.291511] EXT4-fs (loop0): mounted filesystem 00000000-0000-0000-0000-000000000000 r/w without journal. Quota mode: writeback.
[   31.293295] ext4 filesystem being mounted at /root/syzkaller.pii3XX/15/file0 supports timestamps until 2038-01-19 (0x7fffffff)
[   31.302784] EXT4-fs (loop0): unmounting filesystem 00000000-0000-0000-0000-000000000000.
[   31.311487] loop0: detected capacity change from 0 to 512
[   31.317059] EXT4-fs (loop0): mounted filesystem 00000000-0000-0000-0000-000000000000 r/w without journal. Quota mode: writeback.
[   31.318726] ext4 filesystem being mounted at /root/syzkaller.pii3XX/16/file0 supports timestamps until 2038-01-19 (0x7fffffff)
[   31.329285] EXT4-fs (loop0): unmounting filesystem 00000000-0000-0000-0000-000000000000.
[   31.339122] loop0: detected capacity change from 0 to 512
[   31.349739] EXT4-fs (loop0): mounted filesystem 00000000-0000-0000-0000-000000000000 r/w without journal. Quota mode: writeback.
[   31.351438] ext4 filesystem being mounted at /root/syzkaller.pii3XX/17/file0 supports timestamps until 2038-01-19 (0x7fffffff)
[   31.358095] EXT4-fs (loop0): unmounting filesystem 00000000-0000-0000-0000-000000000000.
[   31.371099] loop0: detected capacity change from 0 to 512
[   31.371893] I/O error, dev loop0, sector 0 op 0x0:(READ) flags 0x80700 phys_seg 1 prio class 2
[   31.371979] I/O error, dev loop0, sector 0 op 0x0:(READ) flags 0x0 phys_seg 1 prio class 2
[   31.374414] Buffer I/O error on dev loop0, logical block 0, async page read
[   31.397719] EXT4-fs (loop0): mounted filesystem 00000000-0000-0000-0000-000000000000 r/w without journal. Quota mode: writeback.
[   31.399469] ext4 filesystem being mounted at /root/syzkaller.pii3XX/18/file0 supports timestamps until 2038-01-19 (0x7fffffff)
[   31.415497] EXT4-fs (loop0): unmounting filesystem 00000000-0000-0000-0000-000000000000.
[   31.428136] loop0: detected capacity change from 0 to 512
[   31.437029] EXT4-fs (loop0): mounted filesystem 00000000-0000-0000-0000-000000000000 r/w without journal. Quota mode: writeback.
[   31.439126] ext4 filesystem being mounted at /root/syzkaller.pii3XX/19/file0 supports timestamps until 2038-01-19 (0x7fffffff)
[   31.449027] EXT4-fs (loop0): unmounting filesystem 00000000-0000-0000-0000-000000000000.
[   31.462227] loop0: detected capacity change from 0 to 512
[   31.462668] I/O error, dev loop0, sector 0 op 0x0:(READ) flags 0x80700 phys_seg 1 prio class 2
[   31.471572] EXT4-fs (loop0): mounted filesystem 00000000-0000-0000-0000-000000000000 r/w without journal. Quota mode: writeback.
[   31.473764] ext4 filesystem being mounted at /root/syzkaller.pii3XX/20/file0 supports timestamps until 2038-01-19 (0x7fffffff)
[   31.485379] EXT4-fs (loop0): unmounting filesystem 00000000-0000-0000-0000-000000000000.
[   31.510078] loop0: detected capacity change from 0 to 512
[   31.531132] EXT4-fs (loop0): mounted filesystem 00000000-0000-0000-0000-000000000000 r/w without journal. Quota mode: writeback.
[   31.533462] ext4 filesystem being mounted at /root/syzkaller.pii3XX/21/file0 supports timestamps until 2038-01-19 (0x7fffffff)
[   31.542433] EXT4-fs (loop0): unmounting filesystem 00000000-0000-0000-0000-000000000000.
[   31.561104] loop0: detected capacity change from 0 to 512
[   31.569702] EXT4-fs (loop0): mounted filesystem 00000000-0000-0000-0000-000000000000 r/w without journal. Quota mode: writeback.
[   31.572216] ext4 filesystem being mounted at /root/syzkaller.pii3XX/22/file0 supports timestamps until 2038-01-19 (0x7fffffff)
[   31.581332] EXT4-fs (loop0): unmounting filesystem 00000000-0000-0000-0000-000000000000.
[   31.598675] loop0: detected capacity change from 0 to 512
[   31.610732] EXT4-fs (loop0): mounted filesystem 00000000-0000-0000-0000-000000000000 r/w without journal. Quota mode: writeback.
[   31.612940] ext4 filesystem being mounted at /root/syzkaller.pii3XX/23/file0 supports timestamps until 2038-01-19 (0x7fffffff)
[   31.620563] EXT4-fs (loop0): unmounting filesystem 00000000-0000-0000-0000-000000000000.
[   31.657201] loop0: detected capacity change from 0 to 512
[   31.670708] EXT4-fs (loop0): mounted filesystem 00000000-0000-0000-0000-000000000000 r/w without journal. Quota mode: writeback.
[   31.673777] ext4 filesystem being mounted at /root/syzkaller.pii3XX/24/file0 supports timestamps until 2038-01-19 (0x7fffffff)
[   31.685605] EXT4-fs (loop0): unmounting filesystem 00000000-0000-0000-0000-000000000000.
[   31.697273] loop0: detected capacity change from 0 to 512
[   31.717749] EXT4-fs (loop0): mounted filesystem 00000000-0000-0000-0000-000000000000 r/w without journal. Quota mode: writeback.
[   31.720184] ext4 filesystem being mounted at /root/syzkaller.pii3XX/25/file0 supports timestamps until 2038-01-19 (0x7fffffff)
[   31.736699] EXT4-fs (loop0): unmounting filesystem 00000000-0000-0000-0000-000000000000.
[   31.763600] loop0: detected capacity change from 0 to 512
[   31.769940] EXT4-fs (loop0): mounted filesystem 00000000-0000-0000-0000-000000000000 r/w without journal. Quota mode: writeback.
[   31.772472] ext4 filesystem being mounted at /root/syzkaller.pii3XX/26/file0 supports timestamps until 2038-01-19 (0x7fffffff)
[   31.789536] EXT4-fs (loop0): unmounting filesystem 00000000-0000-0000-0000-000000000000.
[   31.817117] loop0: detected capacity change from 0 to 512
[   31.828763] EXT4-fs (loop0): mounted filesystem 00000000-0000-0000-0000-000000000000 r/w without journal. Quota mode: writeback.
[   31.830290] ext4 filesystem being mounted at /root/syzkaller.pii3XX/27/file0 supports timestamps until 2038-01-19 (0x7fffffff)
[   31.840405] EXT4-fs (loop0): unmounting filesystem 00000000-0000-0000-0000-000000000000.
[   31.864881] loop0: detected capacity change from 0 to 512
[   31.871479] EXT4-fs (loop0): mounted filesystem 00000000-0000-0000-0000-000000000000 r/w without journal. Quota mode: writeback.
[   31.873306] ext4 filesystem being mounted at /root/syzkaller.pii3XX/28/file0 supports timestamps until 2038-01-19 (0x7fffffff)
[   31.879205] EXT4-fs (loop0): unmounting filesystem 00000000-0000-0000-0000-000000000000.
[   31.900435] loop0: detected capacity change from 0 to 512
[   31.906284] EXT4-fs (loop0): mounted filesystem 00000000-0000-0000-0000-000000000000 r/w without journal. Quota mode: writeback.
[   31.907877] ext4 filesystem being mounted at /root/syzkaller.pii3XX/29/file0 supports timestamps until 2038-01-19 (0x7fffffff)
[   31.915582] EXT4-fs (loop0): unmounting filesystem 00000000-0000-0000-0000-000000000000.
[   31.936765] loop0: detected capacity change from 0 to 512
[   31.942372] EXT4-fs (loop0): mounted filesystem 00000000-0000-0000-0000-000000000000 r/w without journal. Quota mode: writeback.
[   31.943987] ext4 filesystem being mounted at /root/syzkaller.pii3XX/30/file0 supports timestamps until 2038-01-19 (0x7fffffff)
[   31.953493] EXT4-fs (loop0): unmounting filesystem 00000000-0000-0000-0000-000000000000.
[   31.962274] loop0: detected capacity change from 0 to 512
[   31.972954] EXT4-fs (loop0): mounted filesystem 00000000-0000-0000-0000-000000000000 r/w without journal. Quota mode: writeback.
[   31.974512] ext4 filesystem being mounted at /root/syzkaller.pii3XX/31/file0 supports timestamps until 2038-01-19 (0x7fffffff)
[   32.004209] loop0: detected capacity change from 0 to 512
[   32.009000] ext4 filesystem being mounted at /root/syzkaller.pii3XX/32/file0 supports timestamps until 2038-01-19 (0x7fffffff)
[   32.040635] loop0: detected capacity change from 0 to 512
[   32.065320] ext4 filesystem being mounted at /root/syzkaller.pii3XX/33/file0 supports timestamps until 2038-01-19 (0x7fffffff)
[   32.086230] loop0: detected capacity change from 0 to 512
[   32.093585] ext4 filesystem being mounted at /root/syzkaller.pii3XX/34/file0 supports timestamps until 2038-01-19 (0x7fffffff)
[   32.120843] loop0: detected capacity change from 0 to 512
[   32.126934] ext4 filesystem being mounted at /root/syzkaller.pii3XX/35/file0 supports timestamps until 2038-01-19 (0x7fffffff)
[   32.142833] loop0: detected capacity change from 0 to 512
[   32.149535] ext4 filesystem being mounted at /root/syzkaller.pii3XX/36/file0 supports timestamps until 2038-01-19 (0x7fffffff)
[   32.180806] loop0: detected capacity change from 0 to 512
[   32.187020] ext4 filesystem being mounted at /root/syzkaller.pii3XX/37/file0 supports timestamps until 2038-01-19 (0x7fffffff)
[   32.200808] loop0: detected capacity change from 0 to 512
[   32.201564] I/O error, dev loop0, sector 0 op 0x0:(READ) flags 0x80700 phys_seg 1 prio class 2
[   32.201627] I/O error, dev loop0, sector 0 op 0x0:(READ) flags 0x0 phys_seg 1 prio class 2
[   32.203948] Buffer I/O error on dev loop0, logical block 0, async page read
[   32.209896] ext4 filesystem being mounted at /root/syzkaller.pii3XX/38/file0 supports timestamps until 2038-01-19 (0x7fffffff)
[   32.241014] loop0: detected capacity change from 0 to 512
[   32.249973] ext4 filesystem being mounted at /root/syzkaller.pii3XX/39/file0 supports timestamps until 2038-01-19 (0x7fffffff)
[   32.277575] loop0: detected capacity change from 0 to 512
[   32.284174] ext4 filesystem being mounted at /root/syzkaller.pii3XX/40/file0 supports timestamps until 2038-01-19 (0x7fffffff)
[   32.301496] loop0: detected capacity change from 0 to 512
[   32.310649] ext4 filesystem being mounted at /root/syzkaller.pii3XX/41/file0 supports timestamps until 2038-01-19 (0x7fffffff)
[   32.346395] loop0: detected capacity change from 0 to 512
[   32.355055] ext4 filesystem being mounted at /root/syzkaller.pii3XX/42/file0 supports timestamps until 2038-01-19 (0x7fffffff)
[   32.389751] loop0: detected capacity change from 0 to 512
[   32.398371] ext4 filesystem being mounted at /root/syzkaller.pii3XX/43/file0 supports timestamps until 2038-01-19 (0x7fffffff)
[   32.416600] loop0: detected capacity change from 0 to 512
[   32.427563] ext4 filesystem being mounted at /root/syzkaller.pii3XX/44/file0 supports timestamps until 2038-01-19 (0x7fffffff)
[   32.444794] loop0: detected capacity change from 0 to 512
[   32.450746] ext4 filesystem being mounted at /root/syzkaller.pii3XX/45/file0 supports timestamps until 2038-01-19 (0x7fffffff)
[   32.468345] loop0: detected capacity change from 0 to 512
[   32.468881] I/O error, dev loop0, sector 0 op 0x0:(READ) flags 0x80700 phys_seg 1 prio class 2
[   32.477583] ext4 filesystem being mounted at /root/syzkaller.pii3XX/46/file0 supports timestamps until 2038-01-19 (0x7fffffff)
[   32.509206] loop0: detected capacity change from 0 to 512
[   32.513457] ext4 filesystem being mounted at /root/syzkaller.pii3XX/47/file0 supports timestamps until 2038-01-19 (0x7fffffff)
[   32.527105] loop0: detected capacity change from 0 to 512
[   32.537336] ext4 filesystem being mounted at /root/syzkaller.pii3XX/48/file0 supports timestamps until 2038-01-19 (0x7fffffff)
[   32.553676] loop0: detected capacity change from 0 to 512
[   32.554307] I/O error, dev loop0, sector 0 op 0x0:(READ) flags 0x80700 phys_seg 1 prio class 2
[   32.566543] ext4 filesystem being mounted at /root/syzkaller.pii3XX/49/file0 supports timestamps until 2038-01-19 (0x7fffffff)
[   32.587328] loop0: detected capacity change from 0 to 512
[   32.593245] ext4 filesystem being mounted at /root/syzkaller.pii3XX/50/file0 supports timestamps until 2038-01-19 (0x7fffffff)
[   32.627174] loop0: detected capacity change from 0 to 512
[   32.640729] ext4 filesystem being mounted at /root/syzkaller.pii3XX/51/file0 supports timestamps until 2038-01-19 (0x7fffffff)
[   32.657779] loop0: detected capacity change from 0 to 512
[   32.663501] ext4 filesystem being mounted at /root/syzkaller.pii3XX/52/file0 supports timestamps until 2038-01-19 (0x7fffffff)
[   32.677751] loop0: detected capacity change from 0 to 512
[   32.683423] ext4 filesystem being mounted at /root/syzkaller.pii3XX/53/file0 supports timestamps until 2038-01-19 (0x7fffffff)
[   32.701626] loop0: detected capacity change from 0 to 512
[   32.708723] ext4 filesystem being mounted at /root/syzkaller.pii3XX/54/file0 supports timestamps until 2038-01-19 (0x7fffffff)
[   32.732197] loop0: detected capacity change from 0 to 512
[   32.745185] ext4 filesystem being mounted at /root/syzkaller.pii3XX/55/file0 supports timestamps until 2038-01-19 (0x7fffffff)
[   32.778706] loop0: detected capacity change from 0 to 512
[   32.789956] ext4 filesystem being mounted at /root/syzkaller.pii3XX/56/file0 supports timestamps until 2038-01-19 (0x7fffffff)
[   32.804731] loop0: detected capacity change from 0 to 512
[   32.811037] ext4 filesystem being mounted at /root/syzkaller.pii3XX/57/file0 supports timestamps until 2038-01-19 (0x7fffffff)
[   32.845509] loop0: detected capacity change from 0 to 512
[   32.851351] ext4 filesystem being mounted at /root/syzkaller.pii3XX/58/file0 supports timestamps until 2038-01-19 (0x7fffffff)
[   32.867414] loop0: detected capacity change from 0 to 512
[   32.877265] ext4 filesystem being mounted at /root/syzkaller.pii3XX/59/file0 supports timestamps until 2038-01-19 (0x7fffffff)
[   32.892694] loop0: detected capacity change from 0 to 512
[   32.901913] ext4 filesystem being mounted at /root/syzkaller.pii3XX/60/file0 supports timestamps until 2038-01-19 (0x7fffffff)
[   32.928612] loop0: detected capacity change from 0 to 512
[   32.937585] ext4 filesystem being mounted at /root/syzkaller.pii3XX/61/file0 supports timestamps until 2038-01-19 (0x7fffffff)
[   32.964935] loop0: detected capacity change from 0 to 512
[   32.971058] ext4 filesystem being mounted at /root/syzkaller.pii3XX/62/file0 supports timestamps until 2038-01-19 (0x7fffffff)
[   32.986117] loop0: detected capacity change from 0 to 512
[   32.997400] ext4 filesystem being mounted at /root/syzkaller.pii3XX/63/file0 supports timestamps until 2038-01-19 (0x7fffffff)
[   33.009691] loop0: detected capacity change from 0 to 512
[   33.019252] ext4 filesystem being mounted at /root/syzkaller.pii3XX/64/file0 supports timestamps until 2038-01-19 (0x7fffffff)
[   33.062039] loop0: detected capacity change from 0 to 512
[   33.073265] ext4 filesystem being mounted at /root/syzkaller.pii3XX/65/file0 supports timestamps until 2038-01-19 (0x7fffffff)
[   33.101684] loop0: detected capacity change from 0 to 512
[   33.109582] ext4 filesystem being mounted at /root/syzkaller.pii3XX/66/file0 supports timestamps until 2038-01-19 (0x7fffffff)
[   33.127715] loop0: detected capacity change from 0 to 512
[   33.134126] ext4 filesystem being mounted at /root/syzkaller.pii3XX/67/file0 supports timestamps until 2038-01-19 (0x7fffffff)
[   33.158600] loop0: detected capacity change from 0 to 512
[   33.172054] ext4 filesystem being mounted at /root/syzkaller.pii3XX/68/file0 supports timestamps until 2038-01-19 (0x7fffffff)
[   33.206483] loop0: detected capacity change from 0 to 512
[   33.213897] ext4 filesystem being mounted at /root/syzkaller.pii3XX/69/file0 supports timestamps until 2038-01-19 (0x7fffffff)
[   33.232392] loop0: detected capacity change from 0 to 512
[   33.237898] ext4 filesystem being mounted at /root/syzkaller.pii3XX/70/file0 supports timestamps until 2038-01-19 (0x7fffffff)
[   33.269978] loop0: detected capacity change from 0 to 512
[   33.277565] ext4 filesystem being mounted at /root/syzkaller.pii3XX/71/file0 supports timestamps until 2038-01-19 (0x7fffffff)
[   33.309280] loop0: detected capacity change from 0 to 512
[   33.315234] ext4 filesystem being mounted at /root/syzkaller.pii3XX/72/file0 supports timestamps until 2038-01-19 (0x7fffffff)
[   33.345041] loop0: detected capacity change from 0 to 512
[   33.350899] ext4 filesystem being mounted at /root/syzkaller.pii3XX/73/file0 supports timestamps until 2038-01-19 (0x7fffffff)
[   33.367106] loop0: detected capacity change from 0 to 512
[   33.377705] ext4 filesystem being mounted at /root/syzkaller.pii3XX/74/file0 supports timestamps until 2038-01-19 (0x7fffffff)
[   33.398684] loop0: detected capacity change from 0 to 512
[   33.409467] ext4 filesystem being mounted at /root/syzkaller.pii3XX/75/file0 supports timestamps until 2038-01-19 (0x7fffffff)
[   33.457075] loop0: detected capacity change from 0 to 512
[   33.457785] I/O error, dev loop0, sector 0 op 0x0:(READ) flags 0x80700 phys_seg 1 prio class 2
[   33.474706] ext4 filesystem being mounted at /root/syzkaller.pii3XX/76/file0 supports timestamps until 2038-01-19 (0x7fffffff)
[   33.497470] loop0: detected capacity change from 0 to 512
[   33.505287] ext4 filesystem being mounted at /root/syzkaller.pii3XX/77/file0 supports timestamps until 2038-01-19 (0x7fffffff)
[   33.525304] loop0: detected capacity change from 0 to 512
[   33.545305] ext4 filesystem being mounted at /root/syzkaller.pii3XX/78/file0 supports timestamps until 2038-01-19 (0x7fffffff)
[   33.566491] loop0: detected capacity change from 0 to 512
[   33.593572] ext4 filesystem being mounted at /root/syzkaller.pii3XX/79/file0 supports timestamps until 2038-01-19 (0x7fffffff)
[   33.617582] loop0: detected capacity change from 0 to 512
[   33.621068] ext4 filesystem being mounted at /root/syzkaller.pii3XX/80/file0 supports timestamps until 2038-01-19 (0x7fffffff)
[   33.660960] loop0: detected capacity change from 0 to 512
[   33.673259] ext4 filesystem being mounted at /root/syzkaller.pii3XX/81/file0 supports timestamps until 2038-01-19 (0x7fffffff)
[   33.689865] loop0: detected capacity change from 0 to 512
[   33.697459] ext4 filesystem being mounted at /root/syzkaller.pii3XX/82/file0 supports timestamps until 2038-01-19 (0x7fffffff)
[   33.720148] loop0: detected capacity change from 0 to 512
[   33.725662] ext4 filesystem being mounted at /root/syzkaller.pii3XX/83/file0 supports timestamps until 2038-01-19 (0x7fffffff)
[   33.762466] loop0: detected capacity change from 0 to 512
[   33.770380] ext4 filesystem being mounted at /root/syzkaller.pii3XX/84/file0 supports timestamps until 2038-01-19 (0x7fffffff)
[   33.796241] loop0: detected capacity change from 0 to 512
[   33.802671] ext4 filesystem being mounted at /root/syzkaller.pii3XX/85/file0 supports timestamps until 2038-01-19 (0x7fffffff)
[   33.818556] loop0: detected capacity change from 0 to 512
[   33.829498] ext4 filesystem being mounted at /root/syzkaller.pii3XX/86/file0 supports timestamps until 2038-01-19 (0x7fffffff)
[   33.844875] loop0: detected capacity change from 0 to 512
[   33.854105] ext4 filesystem being mounted at /root/syzkaller.pii3XX/87/file0 supports timestamps until 2038-01-19 (0x7fffffff)
[   33.867821] loop0: detected capacity change from 0 to 512
[   33.868342] I/O error, dev loop0, sector 0 op 0x0:(READ) flags 0x80700 phys_seg 1 prio class 2
[   33.875445] ext4 filesystem being mounted at /root/syzkaller.pii3XX/88/file0 supports timestamps until 2038-01-19 (0x7fffffff)
[   33.894951] loop0: detected capacity change from 0 to 512
[   33.920426] ext4 filesystem being mounted at /root/syzkaller.pii3XX/89/file0 supports timestamps until 2038-01-19 (0x7fffffff)
[   33.949122] loop0: detected capacity change from 0 to 512
[   33.975979] ext4 filesystem being mounted at /root/syzkaller.pii3XX/90/file0 supports timestamps until 2038-01-19 (0x7fffffff)
[   33.999756] loop0: detected capacity change from 0 to 512
[   34.006017] ext4 filesystem being mounted at /root/syzkaller.pii3XX/91/file0 supports timestamps until 2038-01-19 (0x7fffffff)
[   34.028630] loop0: detected capacity change from 0 to 512
[   34.029190] I/O error, dev loop0, sector 0 op 0x0:(READ) flags 0x80700 phys_seg 1 prio class 2
[   34.037759] ext4 filesystem being mounted at /root/syzkaller.pii3XX/92/file0 supports timestamps until 2038-01-19 (0x7fffffff)
[   34.053672] loop0: detected capacity change from 0 to 512
[   34.065705] ext4 filesystem being mounted at /root/syzkaller.pii3XX/93/file0 supports timestamps until 2038-01-19 (0x7fffffff)
[   34.098209] loop0: detected capacity change from 0 to 512
[   34.105448] ext4 filesystem being mounted at /root/syzkaller.pii3XX/94/file0 supports timestamps until 2038-01-19 (0x7fffffff)
[   34.124312] loop0: detected capacity change from 0 to 512
[   34.134864] ext4 filesystem being mounted at /root/syzkaller.pii3XX/95/file0 supports timestamps until 2038-01-19 (0x7fffffff)
[   34.165112] loop0: detected capacity change from 0 to 512
[   34.173757] ext4 filesystem being mounted at /root/syzkaller.pii3XX/96/file0 supports timestamps until 2038-01-19 (0x7fffffff)
[   34.188427] loop0: detected capacity change from 0 to 512
[   34.193910] ext4 filesystem being mounted at /root/syzkaller.pii3XX/97/file0 supports timestamps until 2038-01-19 (0x7fffffff)
[   34.210116] loop0: detected capacity change from 0 to 512
[   34.219349] ext4 filesystem being mounted at /root/syzkaller.pii3XX/98/file0 supports timestamps until 2038-01-19 (0x7fffffff)
[   34.249128] loop0: detected capacity change from 0 to 512
[   34.255071] ext4 filesystem being mounted at /root/syzkaller.pii3XX/99/file0 supports timestamps until 2038-01-19 (0x7fffffff)
[   34.270905] loop0: detected capacity change from 0 to 512
[   34.277083] ext4 filesystem being mounted at /root/syzkaller.pii3XX/100/file0 supports timestamps until 2038-01-19 (0x7fffffff)
[   34.304992] loop0: detected capacity change from 0 to 512
[   34.311038] ext4 filesystem being mounted at /root/syzkaller.pii3XX/101/file0 supports timestamps until 2038-01-19 (0x7fffffff)
[   34.337081] loop0: detected capacity change from 0 to 512
[   34.342778] ext4 filesystem being mounted at /root/syzkaller.pii3XX/102/file0 supports timestamps until 2038-01-19 (0x7fffffff)
[   34.372813] loop0: detected capacity change from 0 to 512
[   34.378590] ext4 filesystem being mounted at /root/syzkaller.pii3XX/103/file0 supports timestamps until 2038-01-19 (0x7fffffff)
[   34.405497] loop0: detected capacity change from 0 to 512
[   34.410970] ext4 filesystem being mounted at /root/syzkaller.pii3XX/104/file0 supports timestamps until 2038-01-19 (0x7fffffff)
[   34.426637] loop0: detected capacity change from 0 to 512
[   34.427349] Buffer I/O error on dev loop0, logical block 0, async page read
[   34.433395] ext4 filesystem being mounted at /root/syzkaller.pii3XX/105/file0 supports timestamps until 2038-01-19 (0x7fffffff)
[   34.450573] loop0: detected capacity change from 0 to 512
[   34.461286] ext4 filesystem being mounted at /root/syzkaller.pii3XX/106/file0 supports timestamps until 2038-01-19 (0x7fffffff)
[   34.492361] loop0: detected capacity change from 0 to 512
[   34.492754] Buffer I/O error on dev loop0, logical block 0, async page read
[   34.500482] ext4 filesystem being mounted at /root/syzkaller.pii3XX/107/file0 supports timestamps until 2038-01-19 (0x7fffffff)
[   34.521505] loop0: detected capacity change from 0 to 512
[   34.544969] ext4 filesystem being mounted at /root/syzkaller.pii3XX/108/file0 supports timestamps until 2038-01-19 (0x7fffffff)
[   34.562100] loop0: detected capacity change from 0 to 512
[   34.570056] ext4 filesystem being mounted at /root/syzkaller.pii3XX/109/file0 supports timestamps until 2038-01-19 (0x7fffffff)
[   34.590650] loop0: detected capacity change from 0 to 512
[   34.603176] ext4 filesystem being mounted at /root/syzkaller.pii3XX/110/file0 supports timestamps until 2038-01-19 (0x7fffffff)
[   34.639625] loop0: detected capacity change from 0 to 512
[   34.645406] ext4 filesystem being mounted at /root/syzkaller.pii3XX/111/file0 supports timestamps until 2038-01-19 (0x7fffffff)
[   34.663286] loop0: detected capacity change from 0 to 512
[   34.669758] ext4 filesystem being mounted at /root/syzkaller.pii3XX/112/file0 supports timestamps until 2038-01-19 (0x7fffffff)
[   34.706347] loop0: detected capacity change from 0 to 512
[   34.720213] ext4 filesystem being mounted at /root/syzkaller.pii3XX/113/file0 supports timestamps until 2038-01-19 (0x7fffffff)
[   34.744527] loop0: detected capacity change from 0 to 512
[   34.776196] ext4 filesystem being mounted at /root/syzkaller.pii3XX/114/file0 supports timestamps until 2038-01-19 (0x7fffffff)
[   34.816850] loop0: detected capacity change from 0 to 512
[   34.830227] ext4 filesystem being mounted at /root/syzkaller.pii3XX/115/file0 supports timestamps until 2038-01-19 (0x7fffffff)
[   34.859954] loop0: detected capacity change from 0 to 512
[   34.865976] ext4 filesystem being mounted at /root/syzkaller.pii3XX/116/file0 supports timestamps until 2038-01-19 (0x7fffffff)
[   34.907078] loop0: detected capacity change from 0 to 512
[   34.918230] ext4 filesystem being mounted at /root/syzkaller.pii3XX/117/file0 supports timestamps until 2038-01-19 (0x7fffffff)
[   34.961914] loop0: detected capacity change from 0 to 512
[   34.979942] ext4 filesystem being mounted at /root/syzkaller.pii3XX/118/file0 supports timestamps until 2038-01-19 (0x7fffffff)
[   35.014861] loop0: detected capacity change from 0 to 512
[   35.021484] ext4 filesystem being mounted at /root/syzkaller.pii3XX/119/file0 supports timestamps until 2038-01-19 (0x7fffffff)
[   35.039538] loop0: detected capacity change from 0 to 512
[   35.049028] ext4 filesystem being mounted at /root/syzkaller.pii3XX/120/file0 supports timestamps until 2038-01-19 (0x7fffffff)
[   35.062402] loop0: detected capacity change from 0 to 512
[   35.069154] ext4 filesystem being mounted at /root/syzkaller.pii3XX/121/file0 supports timestamps until 2038-01-19 (0x7fffffff)
[   35.085371] loop0: detected capacity change from 0 to 512
[   35.093472] ext4 filesystem being mounted at /root/syzkaller.pii3XX/122/file0 supports timestamps until 2038-01-19 (0x7fffffff)
[   35.107920] loop0: detected capacity change from 0 to 512
[   35.108640] Buffer I/O error on dev loop0, logical block 0, async page read
[   35.116478] ext4 filesystem being mounted at /root/syzkaller.pii3XX/123/file0 supports timestamps until 2038-01-19 (0x7fffffff)
[   35.142010] loop0: detected capacity change from 0 to 512
[   35.168053] ext4 filesystem being mounted at /root/syzkaller.pii3XX/125/file0 supports timestamps until 2038-01-19 (0x7fffffff)
[   35.197915] loop0: detected capacity change from 0 to 512
[   35.203386] ext4 filesystem being mounted at /root/syzkaller.pii3XX/126/file0 supports timestamps until 2038-01-19 (0x7fffffff)
[   35.218187] loop0: detected capacity change from 0 to 512
[   35.224979] ext4 filesystem being mounted at /root/syzkaller.pii3XX/127/file0 supports timestamps until 2038-01-19 (0x7fffffff)
[   35.252919] loop0: detected capacity change from 0 to 512
[   35.258705] ext4 filesystem being mounted at /root/syzkaller.pii3XX/128/file0 supports timestamps until 2038-01-19 (0x7fffffff)
[   35.274542] loop0: detected capacity change from 0 to 512
[   35.282797] ext4 filesystem being mounted at /root/syzkaller.pii3XX/129/file0 supports timestamps until 2038-01-19 (0x7fffffff)
[   35.312654] loop0: detected capacity change from 0 to 512
[   35.318698] ext4 filesystem being mounted at /root/syzkaller.pii3XX/130/file0 supports timestamps until 2038-01-19 (0x7fffffff)
[   35.334368] loop0: detected capacity change from 0 to 512
[   35.359377] ext4 filesystem being mounted at /root/syzkaller.pii3XX/131/file0 supports timestamps until 2038-01-19 (0x7fffffff)
[   35.389170] loop0: detected capacity change from 0 to 512
[   35.397370] ext4 filesystem being mounted at /root/syzkaller.pii3XX/132/file0 supports timestamps until 2038-01-19 (0x7fffffff)
[   35.413824] loop0: detected capacity change from 0 to 512
[   35.419241] ext4 filesystem being mounted at /root/syzkaller.pii3XX/133/file0 supports timestamps until 2038-01-19 (0x7fffffff)
[   35.435567] loop0: detected capacity change from 0 to 512
[   35.447768] ext4 filesystem being mounted at /root/syzkaller.pii3XX/134/file0 supports timestamps until 2038-01-19 (0x7fffffff)
[   35.463001] loop0: detected capacity change from 0 to 512
[   35.473030] ext4 filesystem being mounted at /root/syzkaller.pii3XX/135/file0 supports timestamps until 2038-01-19 (0x7fffffff)
[   35.504253] loop0: detected capacity change from 0 to 512
[   35.525395] ext4 filesystem being mounted at /root/syzkaller.pii3XX/136/file0 supports timestamps until 2038-01-19 (0x7fffffff)
[   35.557629] loop0: detected capacity change from 0 to 512
[   35.561599] ext4 filesystem being mounted at /root/syzkaller.pii3XX/137/file0 supports timestamps until 2038-01-19 (0x7fffffff)
[   35.580428] loop0: detected capacity change from 0 to 512
[   35.585148] ext4 filesystem being mounted at /root/syzkaller.pii3XX/138/file0 supports timestamps until 2038-01-19 (0x7fffffff)
[   35.597877] loop0: detected capacity change from 0 to 512
[   35.609048] ext4 filesystem being mounted at /root/syzkaller.pii3XX/139/file0 supports timestamps until 2038-01-19 (0x7fffffff)
[   35.625037] loop0: detected capacity change from 0 to 512
[   35.634076] ext4 filesystem being mounted at /root/syzkaller.pii3XX/140/file0 supports timestamps until 2038-01-19 (0x7fffffff)
[   35.653323] loop0: detected capacity change from 0 to 512
[   35.665995] ext4 filesystem being mounted at /root/syzkaller.pii3XX/141/file0 supports timestamps until 2038-01-19 (0x7fffffff)
[   35.683149] loop0: detected capacity change from 0 to 512
[   35.695069] ext4 filesystem being mounted at /root/syzkaller.pii3XX/142/file0 supports timestamps until 2038-01-19 (0x7fffffff)
[   35.714469] loop0: detected capacity change from 0 to 512
[   35.723545] ext4 filesystem being mounted at /root/syzkaller.pii3XX/143/file0 supports timestamps until 2038-01-19 (0x7fffffff)
[   35.762400] loop0: detected capacity change from 0 to 512
[   35.778065] ext4 filesystem being mounted at /root/syzkaller.pii3XX/144/file0 supports timestamps until 2038-01-19 (0x7fffffff)
[   35.816355] loop0: detected capacity change from 0 to 512
[   35.833369] ext4 filesystem being mounted at /root/syzkaller.pii3XX/145/file0 supports timestamps until 2038-01-19 (0x7fffffff)
[   35.862042] loop0: detected capacity change from 0 to 512
[   35.881215] ext4 filesystem being mounted at /root/syzkaller.pii3XX/146/file0 supports timestamps until 2038-01-19 (0x7fffffff)
[   35.911072] loop0: detected capacity change from 0 to 512
[   35.940416] ext4 filesystem being mounted at /root/syzkaller.pii3XX/147/file0 supports timestamps until 2038-01-19 (0x7fffffff)
[   35.973766] loop0: detected capacity change from 0 to 512
[   35.980196] ext4 filesystem being mounted at /root/syzkaller.pii3XX/148/file0 supports timestamps until 2038-01-19 (0x7fffffff)
[   35.995574] loop0: detected capacity change from 0 to 512
[   36.005429] ext4 filesystem being mounted at /root/syzkaller.pii3XX/149/file0 supports timestamps until 2038-01-19 (0x7fffffff)
[   36.033809] loop0: detected capacity change from 0 to 512
[   36.039285] ext4 filesystem being mounted at /root/syzkaller.pii3XX/150/file0 supports timestamps until 2038-01-19 (0x7fffffff)
[   36.054986] loop0: detected capacity change from 0 to 512
[   36.078115] ext4 filesystem being mounted at /root/syzkaller.pii3XX/151/file0 supports timestamps until 2038-01-19 (0x7fffffff)
[   36.107891] loop0: detected capacity change from 0 to 512
[   36.126421] ext4 filesystem being mounted at /root/syzkaller.pii3XX/152/file0 supports timestamps until 2038-01-19 (0x7fffffff)
[   36.156951] loop0: detected capacity change from 0 to 512
[   36.163369] ext4 filesystem being mounted at /root/syzkaller.pii3XX/153/file0 supports timestamps until 2038-01-19 (0x7fffffff)
[   36.192891] loop0: detected capacity change from 0 to 512
[   36.198604] ext4 filesystem being mounted at /root/syzkaller.pii3XX/154/file0 supports timestamps until 2038-01-19 (0x7fffffff)
[   36.228640] loop0: detected capacity change from 0 to 512
[   36.235769] ext4 filesystem being mounted at /root/syzkaller.pii3XX/155/file0 supports timestamps until 2038-01-19 (0x7fffffff)
[   36.264933] loop0: detected capacity change from 0 to 512
[   36.271349] ext4 filesystem being mounted at /root/syzkaller.pii3XX/156/file0 supports timestamps until 2038-01-19 (0x7fffffff)
[   36.286558] loop0: detected capacity change from 0 to 512
[   36.294208] ext4 filesystem being mounted at /root/syzkaller.pii3XX/157/file0 supports timestamps until 2038-01-19 (0x7fffffff)
[   36.308199] loop0: detected capacity change from 0 to 512
[   36.318951] ext4 filesystem being mounted at /root/syzkaller.pii3XX/158/file0 supports timestamps until 2038-01-19 (0x7fffffff)
[   36.337730] loop0: detected capacity change from 0 to 512
[   36.338032] Buffer I/O error on dev loop0, logical block 0, async page read
[   36.364876] ext4 filesystem being mounted at /root/syzkaller.pii3XX/159/file0 supports timestamps until 2038-01-19 (0x7fffffff)
[   36.397297] loop0: detected capacity change from 0 to 512
[   36.405380] EXT4-fs mount: 255 callbacks suppressed
[   36.405393] EXT4-fs (loop0): mounted filesystem 00000000-0000-0000-0000-000000000000 r/w without journal. Quota mode: writeback.
[   36.408563] ext4 filesystem being mounted at /root/syzkaller.pii3XX/160/file0 supports timestamps until 2038-01-19 (0x7fffffff)
[   36.416308] EXT4-fs (loop0): unmounting filesystem 00000000-0000-0000-0000-000000000000.
[   36.436514] loop0: detected capacity change from 0 to 512
[   36.445198] EXT4-fs (loop0): mounted filesystem 00000000-0000-0000-0000-000000000000 r/w without journal. Quota mode: writeback.
[   36.446786] ext4 filesystem being mounted at /root/syzkaller.pii3XX/161/file0 supports timestamps until 2038-01-19 (0x7fffffff)
[   36.455772] EXT4-fs (loop0): unmounting filesystem 00000000-0000-0000-0000-000000000000.
[   36.477140] loop0: detected capacity change from 0 to 512
[   36.483341] EXT4-fs (loop0): mounted filesystem 00000000-0000-0000-0000-000000000000 r/w without journal. Quota mode: writeback.
[   36.485612] ext4 filesystem being mounted at /root/syzkaller.pii3XX/162/file0 supports timestamps until 2038-01-19 (0x7fffffff)
[   36.493588] EXT4-fs (loop0): unmounting filesystem 00000000-0000-0000-0000-000000000000.
[   36.521090] loop0: detected capacity change from 0 to 512
[   36.521352] blk_print_req_error: 8 callbacks suppressed
[   36.521365] I/O error, dev loop0, sector 0 op 0x0:(READ) flags 0x80700 phys_seg 1 prio class 2
[   36.536784] EXT4-fs (loop0): mounted filesystem 00000000-0000-0000-0000-000000000000 r/w without journal. Quota mode: writeback.
[   36.538842] ext4 filesystem being mounted at /root/syzkaller.pii3XX/165/file0 supports timestamps until 2038-01-19 (0x7fffffff)
[   36.547973] EXT4-fs (loop0): unmounting filesystem 00000000-0000-0000-0000-000000000000.
[   36.561228] loop0: detected capacity change from 0 to 512
[   36.574564] EXT4-fs (loop0): mounted filesystem 00000000-0000-0000-0000-000000000000 r/w without journal. Quota mode: writeback.
[   36.576861] ext4 filesystem being mounted at /root/syzkaller.pii3XX/166/file0 supports timestamps until 2038-01-19 (0x7fffffff)
[   36.584122] EXT4-fs (loop0): unmounting filesystem 00000000-0000-0000-0000-000000000000.
[   36.610508] loop0: detected capacity change from 0 to 512
[   36.620224] EXT4-fs (loop0): mounted filesystem 00000000-0000-0000-0000-000000000000 r/w without journal. Quota mode: writeback.
[   36.622431] ext4 filesystem being mounted at /root/syzkaller.pii3XX/167/file0 supports timestamps until 2038-01-19 (0x7fffffff)
[   36.632214] EXT4-fs (loop0): unmounting filesystem 00000000-0000-0000-0000-000000000000.
[   36.657345] loop0: detected capacity change from 0 to 512
[   36.663958] EXT4-fs (loop0): mounted filesystem 00000000-0000-0000-0000-000000000000 r/w without journal. Quota mode: writeback.
[   36.665878] ext4 filesystem being mounted at /root/syzkaller.pii3XX/168/file0 supports timestamps until 2038-01-19 (0x7fffffff)
[   36.676637] EXT4-fs (loop0): unmounting filesystem 00000000-0000-0000-0000-000000000000.
[   36.696728] loop0: detected capacity change from 0 to 512
[   36.711298] EXT4-fs (loop0): mounted filesystem 00000000-0000-0000-0000-000000000000 r/w without journal. Quota mode: writeback.
[   36.715124] ext4 filesystem being mounted at /root/syzkaller.pii3XX/169/file0 supports timestamps until 2038-01-19 (0x7fffffff)
[   36.737965] EXT4-fs (loop0): unmounting filesystem 00000000-0000-0000-0000-000000000000.
[   36.765682] loop0: detected capacity change from 0 to 512
[   36.773534] EXT4-fs (loop0): mounted filesystem 00000000-0000-0000-0000-000000000000 r/w without journal. Quota mode: writeback.
[   36.775778] ext4 filesystem being mounted at /root/syzkaller.pii3XX/170/file0 supports timestamps until 2038-01-19 (0x7fffffff)
[   36.796299] EXT4-fs (loop0): unmounting filesystem 00000000-0000-0000-0000-000000000000.
[   36.825766] loop0: detected capacity change from 0 to 512
[   36.826211] I/O error, dev loop0, sector 0 op 0x0:(READ) flags 0x80700 phys_seg 1 prio class 2
[   36.837218] EXT4-fs (loop0): mounted filesystem 00000000-0000-0000-0000-000000000000 r/w without journal. Quota mode: writeback.
[   36.839419] ext4 filesystem being mounted at /root/syzkaller.pii3XX/171/file0 supports timestamps until 2038-01-19 (0x7fffffff)
[   36.856464] EXT4-fs (loop0): unmounting filesystem 00000000-0000-0000-0000-000000000000.
[   36.878284] loop0: detected capacity change from 0 to 512
[   36.910659] EXT4-fs (loop0): mounted filesystem 00000000-0000-0000-0000-000000000000 r/w without journal. Quota mode: writeback.
[   36.913739] ext4 filesystem being mounted at /root/syzkaller.pii3XX/172/file0 supports timestamps until 2038-01-19 (0x7fffffff)
[   36.925252] EXT4-fs (loop0): unmounting filesystem 00000000-0000-0000-0000-000000000000.
[   36.949904] loop0: detected capacity change from 0 to 512
[   36.958865] EXT4-fs (loop0): mounted filesystem 00000000-0000-0000-0000-000000000000 r/w without journal. Quota mode: writeback.
[   36.961107] ext4 filesystem being mounted at /root/syzkaller.pii3XX/173/file0 supports timestamps until 2038-01-19 (0x7fffffff)
[   36.967863] EXT4-fs (loop0): unmounting filesystem 00000000-0000-0000-0000-000000000000.
[   36.976821] loop0: detected capacity change from 0 to 512
[   36.984426] EXT4-fs (loop0): mounted filesystem 00000000-0000-0000-0000-000000000000 r/w without journal. Quota mode: writeback.
[   36.986240] ext4 filesystem being mounted at /root/syzkaller.pii3XX/174/file0 supports timestamps until 2038-01-19 (0x7fffffff)
[   36.993314] EXT4-fs (loop0): unmounting filesystem 00000000-0000-0000-0000-000000000000.
[   37.002339] loop0: detected capacity change from 0 to 512
[   37.013949] EXT4-fs (loop0): mounted filesystem 00000000-0000-0000-0000-000000000000 r/w without journal. Quota mode: writeback.
[   37.015998] ext4 filesystem being mounted at /root/syzkaller.pii3XX/175/file0 supports timestamps until 2038-01-19 (0x7fffffff)
[   37.024426] EXT4-fs (loop0): unmounting filesystem 00000000-0000-0000-0000-000000000000.
[   37.033172] loop0: detected capacity change from 0 to 512
[   37.039325] EXT4-fs (loop0): mounted filesystem 00000000-0000-0000-0000-000000000000 r/w without journal. Quota mode: writeback.
[   37.041180] ext4 filesystem being mounted at /root/syzkaller.pii3XX/176/file0 supports timestamps until 2038-01-19 (0x7fffffff)
[   37.048126] EXT4-fs (loop0): unmounting filesystem 00000000-0000-0000-0000-000000000000.
[   37.062183] loop0: detected capacity change from 0 to 512
[   37.071076] EXT4-fs (loop0): mounted filesystem 00000000-0000-0000-0000-000000000000 r/w without journal. Quota mode: writeback.
[   37.072843] ext4 filesystem being mounted at /root/syzkaller.pii3XX/177/file0 supports timestamps until 2038-01-19 (0x7fffffff)
[   37.079887] EXT4-fs (loop0): unmounting filesystem 00000000-0000-0000-0000-000000000000.
[   37.100599] loop0: detected capacity change from 0 to 512
[   37.106215] EXT4-fs (loop0): mounted filesystem 00000000-0000-0000-0000-000000000000 r/w without journal. Quota mode: writeback.
[   37.108050] ext4 filesystem being mounted at /root/syzkaller.pii3XX/178/file0 supports timestamps until 2038-01-19 (0x7fffffff)
[   37.117708] EXT4-fs (loop0): unmounting filesystem 00000000-0000-0000-0000-000000000000.
[   37.140641] loop0: detected capacity change from 0 to 512
[   37.146343] EXT4-fs (loop0): mounted filesystem 00000000-0000-0000-0000-000000000000 r/w without journal. Quota mode: writeback.
[   37.148592] ext4 filesystem being mounted at /root/syzkaller.pii3XX/179/file0 supports timestamps until 2038-01-19 (0x7fffffff)
[   37.155604] EXT4-fs (loop0): unmounting filesystem 00000000-0000-0000-0000-000000000000.
[   37.176618] loop0: detected capacity change from 0 to 512
[   37.182344] EXT4-fs (loop0): mounted filesystem 00000000-0000-0000-0000-000000000000 r/w without journal. Quota mode: writeback.
[   37.183955] ext4 filesystem being mounted at /root/syzkaller.pii3XX/180/file0 supports timestamps until 2038-01-19 (0x7fffffff)
[   37.190178] EXT4-fs (loop0): unmounting filesystem 00000000-0000-0000-0000-000000000000.
[   37.212742] loop0: detected capacity change from 0 to 512
[   37.219135] EXT4-fs (loop0): mounted filesystem 00000000-0000-0000-0000-000000000000 r/w without journal. Quota mode: writeback.
[   37.221158] ext4 filesystem being mounted at /root/syzkaller.pii3XX/181/file0 supports timestamps until 2038-01-19 (0x7fffffff)
[   37.229859] EXT4-fs (loop0): unmounting filesystem 00000000-0000-0000-0000-000000000000.
[   37.252537] loop0: detected capacity change from 0 to 512
[   37.258206] EXT4-fs (loop0): mounted filesystem 00000000-0000-0000-0000-000000000000 r/w without journal. Quota mode: writeback.
[   37.259803] ext4 filesystem being mounted at /root/syzkaller.pii3XX/182/file0 supports timestamps until 2038-01-19 (0x7fffffff)
[   37.266701] EXT4-fs (loop0): unmounting filesystem 00000000-0000-0000-0000-000000000000.
[   37.288852] loop0: detected capacity change from 0 to 512
[   37.294403] EXT4-fs (loop0): mounted filesystem 00000000-0000-0000-0000-000000000000 r/w without journal. Quota mode: writeback.
[   37.295988] ext4 filesystem being mounted at /root/syzkaller.pii3XX/183/file0 supports timestamps until 2038-01-19 (0x7fffffff)
[   37.303786] EXT4-fs (loop0): unmounting filesystem 00000000-0000-0000-0000-000000000000.
[   37.324950] loop0: detected capacity change from 0 to 512
[   37.334219] EXT4-fs (loop0): mounted filesystem 00000000-0000-0000-0000-000000000000 r/w without journal. Quota mode: writeback.
[   37.336218] ext4 filesystem being mounted at /root/syzkaller.pii3XX/184/file0 supports timestamps until 2038-01-19 (0x7fffffff)
[   37.342941] EXT4-fs (loop0): unmounting filesystem 00000000-0000-0000-0000-000000000000.
[   37.365563] loop0: detected capacity change from 0 to 512
[   37.372378] EXT4-fs (loop0): mounted filesystem 00000000-0000-0000-0000-000000000000 r/w without journal. Quota mode: writeback.
[   37.374261] ext4 filesystem being mounted at /root/syzkaller.pii3XX/185/file0 supports timestamps until 2038-01-19 (0x7fffffff)
[   37.382625] EXT4-fs (loop0): unmounting filesystem 00000000-0000-0000-0000-000000000000.
[   37.392640] loop0: detected capacity change from 0 to 512
[   37.400218] EXT4-fs (loop0): mounted filesystem 00000000-0000-0000-0000-000000000000 r/w without journal. Quota mode: writeback.
[   37.402205] ext4 filesystem being mounted at /root/syzkaller.pii3XX/186/file0 supports timestamps until 2038-01-19 (0x7fffffff)
[   37.411864] EXT4-fs (loop0): unmounting filesystem 00000000-0000-0000-0000-000000000000.
[   37.438944] loop0: detected capacity change from 0 to 512
[   37.449709] EXT4-fs (loop0): mounted filesystem 00000000-0000-0000-0000-000000000000 r/w without journal. Quota mode: writeback.
[   37.453185] ext4 filesystem being mounted at /root/syzkaller.pii3XX/187/file0 supports timestamps until 2038-01-19 (0x7fffffff)
[   37.460613] EXT4-fs (loop0): unmounting filesystem 00000000-0000-0000-0000-000000000000.
[   37.485843] loop0: detected capacity change from 0 to 512
[   37.497701] EXT4-fs (loop0): mounted filesystem 00000000-0000-0000-0000-000000000000 r/w without journal. Quota mode: writeback.
[   37.499876] ext4 filesystem being mounted at /root/syzkaller.pii3XX/188/file0 supports timestamps until 2038-01-19 (0x7fffffff)
[   37.509304] EXT4-fs (loop0): unmounting filesystem 00000000-0000-0000-0000-000000000000.
[   37.533563] loop0: detected capacity change from 0 to 512
[   37.540571] EXT4-fs (loop0): mounted filesystem 00000000-0000-0000-0000-000000000000 r/w without journal. Quota mode: writeback.
[   37.542677] ext4 filesystem being mounted at /root/syzkaller.pii3XX/189/file0 supports timestamps until 2038-01-19 (0x7fffffff)
[   37.552336] EXT4-fs (loop0): unmounting filesystem 00000000-0000-0000-0000-000000000000.
[   37.577446] loop0: detected capacity change from 0 to 512
[   37.583741] EXT4-fs (loop0): mounted filesystem 00000000-0000-0000-0000-000000000000 r/w without journal. Quota mode: writeback.
[   37.585612] ext4 filesystem being mounted at /root/syzkaller.pii3XX/190/file0 supports timestamps until 2038-01-19 (0x7fffffff)
[   37.592244] EXT4-fs (loop0): unmounting filesystem 00000000-0000-0000-0000-000000000000.
[   37.615016] loop0: detected capacity change from 0 to 512
[   37.621451] EXT4-fs (loop0): mounted filesystem 00000000-0000-0000-0000-000000000000 r/w without journal. Quota mode: writeback.
[   37.623207] ext4 filesystem being mounted at /root/syzkaller.pii3XX/191/file0 supports timestamps until 2038-01-19 (0x7fffffff)
[   37.630838] EXT4-fs (loop0): unmounting filesystem 00000000-0000-0000-0000-000000000000.
[   37.639083] loop0: detected capacity change from 0 to 512
[   37.649518] EXT4-fs (loop0): mounted filesystem 00000000-0000-0000-0000-000000000000 r/w without journal. Quota mode: writeback.
[   37.651238] ext4 filesystem being mounted at /root/syzkaller.pii3XX/192/file0 supports timestamps until 2038-01-19 (0x7fffffff)
[   37.657788] EXT4-fs (loop0): unmounting filesystem 00000000-0000-0000-0000-000000000000.
[   37.666461] loop0: detected capacity change from 0 to 512
[   37.696112] EXT4-fs (loop0): mounted filesystem 00000000-0000-0000-0000-000000000000 r/w without journal. Quota mode: writeback.
[   37.697788] ext4 filesystem being mounted at /root/syzkaller.pii3XX/193/file0 supports timestamps until 2038-01-19 (0x7fffffff)
[   37.713202] EXT4-fs (loop0): unmounting filesystem 00000000-0000-0000-0000-000000000000.
[   37.736818] loop0: detected capacity change from 0 to 512
[   37.742628] ext4 filesystem being mounted at /root/syzkaller.pii3XX/194/file0 supports timestamps until 2038-01-19 (0x7fffffff)
[   37.771211] loop0: detected capacity change from 0 to 512
[   37.798325] ext4 filesystem being mounted at /root/syzkaller.pii3XX/195/file0 supports timestamps until 2038-01-19 (0x7fffffff)
[   37.834387] loop0: detected capacity change from 0 to 512
[   37.869391] ext4 filesystem being mounted at /root/syzkaller.pii3XX/196/file0 supports timestamps until 2038-01-19 (0x7fffffff)
[   37.894232] loop0: detected capacity change from 0 to 512
[   37.901454] ext4 filesystem being mounted at /root/syzkaller.pii3XX/197/file0 supports timestamps until 2038-01-19 (0x7fffffff)
[   37.914759] loop0: detected capacity change from 0 to 512
[   37.925054] ext4 filesystem being mounted at /root/syzkaller.pii3XX/198/file0 supports timestamps until 2038-01-19 (0x7fffffff)
[   37.939234] loop0: detected capacity change from 0 to 512
[   37.964888] ext4 filesystem being mounted at /root/syzkaller.pii3XX/199/file0 supports timestamps until 2038-01-19 (0x7fffffff)
[   37.996802] loop0: detected capacity change from 0 to 512
[   38.006607] ext4 filesystem being mounted at /root/syzkaller.pii3XX/200/file0 supports timestamps until 2038-01-19 (0x7fffffff)
[   38.036903] loop0: detected capacity change from 0 to 512
[   38.043083] ext4 filesystem being mounted at /root/syzkaller.pii3XX/201/file0 supports timestamps until 2038-01-19 (0x7fffffff)
[   38.072950] loop0: detected capacity change from 0 to 512
[   38.078999] ext4 filesystem being mounted at /root/syzkaller.pii3XX/202/file0 supports timestamps until 2038-01-19 (0x7fffffff)
[   38.109108] loop0: detected capacity change from 0 to 512
[   38.117132] ext4 filesystem being mounted at /root/syzkaller.pii3XX/203/file0 supports timestamps until 2038-01-19 (0x7fffffff)
[   38.144794] loop0: detected capacity change from 0 to 512
[   38.151874] ext4 filesystem being mounted at /root/syzkaller.pii3XX/204/file0 supports timestamps until 2038-01-19 (0x7fffffff)
[   38.166904] loop0: detected capacity change from 0 to 512
[   38.177146] ext4 filesystem being mounted at /root/syzkaller.pii3XX/205/file0 supports timestamps until 2038-01-19 (0x7fffffff)
[   38.190800] loop0: detected capacity change from 0 to 512
[   38.198512] ext4 filesystem being mounted at /root/syzkaller.pii3XX/206/file0 supports timestamps until 2038-01-19 (0x7fffffff)
[   38.233369] loop0: detected capacity change from 0 to 512
[   38.240195] ext4 filesystem being mounted at /root/syzkaller.pii3XX/207/file0 supports timestamps until 2038-01-19 (0x7fffffff)
[   38.260533] loop0: detected capacity change from 0 to 512
[   38.265582] ext4 filesystem being mounted at /root/syzkaller.pii3XX/208/file0 supports timestamps until 2038-01-19 (0x7fffffff)
[   38.298169] loop0: detected capacity change from 0 to 512
[   38.306477] ext4 filesystem being mounted at /root/syzkaller.pii3XX/209/file0 supports timestamps until 2038-01-19 (0x7fffffff)
[   38.325231] loop0: detected capacity change from 0 to 512
[   38.329884] ext4 filesystem being mounted at /root/syzkaller.pii3XX/210/file0 supports timestamps until 2038-01-19 (0x7fffffff)
[   38.362120] loop0: detected capacity change from 0 to 512
