c[?7l[2J[0mSeaBIOS (version rel-1.16.0-0-gd239552ce722-prebuilt.qemu.org)


iPXE (http://ipxe.org) 00:03.0 CA00 PCI2.10 PnP PMM+7FF91000+7FEF1000 CA00
Press Ctrl-B to configure iPXE (PCI 00:03.0)...                                                                               


Booting from ROM..c[?7l[2J[0m.[    0.000000] Linux version 6.3.0-7acc13721130+ (root@p-rpls01) (gcc (GCC) 8.5.0 20210514 (Red Hat 8.5.0-19), GNU ld version 2.36.1-2.el8) #1 SMP PREEMPT_DYNAMIC Sun Jun 11 08:53:07 CST 2023
[    0.000000] Command line: console=ttyS0 root=/dev/sda earlyprintk=serial net.ifnames=0
[    0.000000] KERNEL supported cpus:
[    0.000000]   Intel GenuineIntel
[    0.000000]   AMD AuthenticAMD
[    0.000000]   Hygon HygonGenuine
[    0.000000]   Centaur CentaurHauls
[    0.000000]   zhaoxin   Shanghai  
[    0.000000] x86/fpu: Supporting XSAVE feature 0x001: 'x87 floating point registers'
[    0.000000] x86/fpu: Supporting XSAVE feature 0x002: 'SSE registers'
[    0.000000] x86/fpu: Supporting XSAVE feature 0x004: 'AVX registers'
[    0.000000] x86/fpu: Supporting XSAVE feature 0x200: 'Protection Keys User registers'
[    0.000000] x86/fpu: xstate_offset[2]:  576, xstate_sizes[2]:  256
[    0.000000] x86/fpu: xstate_offset[9]:  832, xstate_sizes[9]:    8
[    0.000000] x86/fpu: Enabled xstate features 0x207, context size is 840 bytes, using 'compacted' format.
[    0.000000] signal: max sigframe size: 3632
[    0.000000] BIOS-provided physical RAM map:
[    0.000000] BIOS-e820: [mem 0x0000000000000000-0x000000000009fbff] usable
[    0.000000] BIOS-e820: [mem 0x000000000009fc00-0x000000000009ffff] reserved
[    0.000000] BIOS-e820: [mem 0x00000000000f0000-0x00000000000fffff] reserved
[    0.000000] BIOS-e820: [mem 0x0000000000100000-0x000000007ffdffff] usable
[    0.000000] BIOS-e820: [mem 0x000000007ffe0000-0x000000007fffffff] reserved
[    0.000000] BIOS-e820: [mem 0x00000000feffc000-0x00000000feffffff] reserved
[    0.000000] BIOS-e820: [mem 0x00000000fffc0000-0x00000000ffffffff] reserved
[    0.000000] printk: bootconsole [earlyser0] enabled
[    0.000000] NX (Execute Disable) protection: active
[    0.000000] SMBIOS 2.8 present.
[    0.000000] DMI: QEMU Standard PC (i440FX + PIIX, 1996), BIOS rel-1.16.0-0-gd239552ce722-prebuilt.qemu.org 04/01/2014
[    0.000000] Hypervisor detected: KVM
[    0.000000] kvm-clock: Using msrs 4b564d01 and 4b564d00
[    0.000006] kvm-clock: using sched offset of 823889035 cycles
[    0.001403] clocksource: kvm-clock: mask: 0xffffffffffffffff max_cycles: 0x1cd42e4dffb, max_idle_ns: 881590591483 ns
[    0.005689] tsc: Detected 806.400 MHz processor
[    0.015483] last_pfn = 0x7ffe0 max_arch_pfn = 0x400000000
[    0.017137] x86/PAT: Configuration [0-7]: WB  WC  UC- UC  WB  WP  UC- WT  
[    0.026369] found SMP MP-table at [mem 0x000f5ba0-0x000f5baf]
[    0.028045] Using GB pages for direct mapping
[    0.030670] ACPI: Early table checksum verification disabled
[    0.032200] ACPI: RSDP 0x00000000000F59C0 000014 (v00 BOCHS )
[    0.033726] ACPI: RSDT 0x000000007FFE1951 000034 (v01 BOCHS  BXPC     00000001 BXPC 00000001)
[    0.035984] ACPI: FACP 0x000000007FFE17FD 000074 (v01 BOCHS  BXPC     00000001 BXPC 00000001)
[    0.038231] ACPI: DSDT 0x000000007FFE0040 0017BD (v01 BOCHS  BXPC     00000001 BXPC 00000001)
[    0.040484] ACPI: FACS 0x000000007FFE0000 000040
[    0.041704] ACPI: APIC 0x000000007FFE1871 000080 (v01 BOCHS  BXPC     00000001 BXPC 00000001)
[    0.043950] ACPI: HPET 0x000000007FFE18F1 000038 (v01 BOCHS  BXPC     00000001 BXPC 00000001)
[    0.046194] ACPI: WAET 0x000000007FFE1929 000028 (v01 BOCHS  BXPC     00000001 BXPC 00000001)
[    0.048494] ACPI: Reserving FACP table memory at [mem 0x7ffe17fd-0x7ffe1870]
[    0.050381] ACPI: Reserving DSDT table memory at [mem 0x7ffe0040-0x7ffe17fc]
[    0.052269] ACPI: Reserving FACS table memory at [mem 0x7ffe0000-0x7ffe003f]
[    0.054148] ACPI: Reserving APIC table memory at [mem 0x7ffe1871-0x7ffe18f0]
[    0.056037] ACPI: Reserving HPET table memory at [mem 0x7ffe18f1-0x7ffe1928]
[    0.057924] ACPI: Reserving WAET table memory at [mem 0x7ffe1929-0x7ffe1950]
[    0.061225] No NUMA configuration found
[    0.062246] Faking a node at [mem 0x0000000000000000-0x000000007ffdffff]
[    0.064121] NODE_DATA(0) allocated [mem 0x7ffb5000-0x7ffdffff]
[    0.069371] Zone ranges:
[    0.070067]   DMA      [mem 0x0000000000001000-0x0000000000ffffff]
[    0.071734]   DMA32    [mem 0x0000000001000000-0x000000007ffdffff]
[    0.073381]   Normal   empty
[    0.074149]   Device   empty
[    0.074918] Movable zone start for each node
[    0.076061] Early memory node ranges
[    0.077011]   node   0: [mem 0x0000000000001000-0x000000000009efff]
[    0.078668]   node   0: [mem 0x0000000000100000-0x000000007ffdffff]
[    0.080338] Initmem setup node 0 [mem 0x0000000000001000-0x000000007ffdffff]
[    0.082691] On node 0, zone DMA: 1 pages in unavailable ranges
[    0.082993] On node 0, zone DMA: 97 pages in unavailable ranges
[    0.124925] On node 0, zone DMA32: 32 pages in unavailable ranges
[    0.205382] kasan: KernelAddressSanitizer initialized
[    0.209274] ACPI: PM-Timer IO Port: 0x608
[    0.210396] ACPI: LAPIC_NMI (acpi_id[0xff] dfl dfl lint[0x1])
[    0.212092] IOAPIC[0]: apic_id 0, version 17, address 0xfec00000, GSI 0-23
[    0.213937] ACPI: INT_SRC_OVR (bus 0 bus_irq 0 global_irq 2 dfl dfl)
[    0.215644] ACPI: INT_SRC_OVR (bus 0 bus_irq 5 global_irq 5 high level)
[    0.217419] ACPI: INT_SRC_OVR (bus 0 bus_irq 9 global_irq 9 high level)
[    0.219187] ACPI: INT_SRC_OVR (bus 0 bus_irq 10 global_irq 10 high level)
[    0.221005] ACPI: INT_SRC_OVR (bus 0 bus_irq 11 global_irq 11 high level)
[    0.222872] ACPI: Using ACPI (MADT) for SMP configuration information
[    0.224611] ACPI: HPET id: 0x8086a201 base: 0xfed00000
[    0.225997] TSC deadline timer available
[    0.227075] smpboot: Allowing 2 CPUs, 0 hotplug CPUs
[    0.228504] kvm-guest: KVM setup pv remote TLB flush
[    0.229856] kvm-guest: setup PV sched yield
[    0.231089] PM: hibernation: Registered nosave memory: [mem 0x00000000-0x00000fff]
[    0.233141] PM: hibernation: Registered nosave memory: [mem 0x0009f000-0x0009ffff]
[    0.235183] PM: hibernation: Registered nosave memory: [mem 0x000a0000-0x000effff]
[    0.237211] PM: hibernation: Registered nosave memory: [mem 0x000f0000-0x000fffff]
[    0.239263] [mem 0x80000000-0xfeffbfff] available for PCI devices
[    0.240905] Booting paravirtualized kernel on KVM
[    0.242166] clocksource: refined-jiffies: mask: 0xffffffff max_cycles: 0xffffffff, max_idle_ns: 7645519600211568 ns
[    0.245018] setup_percpu: NR_CPUS:8192 nr_cpumask_bits:2 nr_cpu_ids:2 nr_node_ids:1
[    0.247808] percpu: Embedded 82 pages/cpu s299008 r8192 d28672 u1048576
[    0.249897] kvm-guest: PV spinlocks enabled
[    0.251042] PV qspinlock hash table entries: 256 (order: 0, 4096 bytes, linear)
[    0.253020] Kernel command line: net.ifnames=0 console=ttyS0 root=/dev/sda earlyprintk=serial net.ifnames=0
[    0.256094] random: crng init done
[    0.257560] Dentry cache hash table entries: 262144 (order: 9, 2097152 bytes, linear)
[    0.259903] Inode-cache hash table entries: 131072 (order: 8, 1048576 bytes, linear)
[    0.262411] Fallback order for Node 0: 0 
[    0.262428] Built 1 zonelists, mobility grouping on.  Total pages: 515808
[    0.265305] Policy zone: DMA32
[    0.266113] mem auto-init: stack:off, heap alloc:off, heap free:off
[    0.267765] stackdepot: allocating hash table via alloc_large_system_hash
[    0.271655] stackdepot hash table entries: 1048576 (order: 11, 8388608 bytes, linear)
[    0.325435] Memory: 1620316K/2096632K available (71680K kernel code, 13856K rwdata, 16156K rodata, 14516K init, 32792K bss, 476060K reserved, 0K cma-reserved)
[    0.330091] SLUB: HWalign=64, Order=0-3, MinObjects=0, CPUs=2, Nodes=1
[    0.331798] kmemleak: Kernel memory leak detector disabled
[    0.333350] ftrace: allocating 69159 entries in 271 pages
[    0.369366] ftrace: allocated 271 pages with 5 groups
[    0.375238] Dynamic Preempt: voluntary
[    0.376641] Running RCU self tests
[    0.377542] Running RCU synchronous self tests
[    0.378717] rcu: Preemptible hierarchical RCU implementation.
[    0.380408] rcu: 	RCU lockdep checking is enabled.
[    0.381706] rcu: 	RCU restricting CPUs from NR_CPUS=8192 to nr_cpu_ids=2.
[    0.383598] 	Trampoline variant of Tasks RCU enabled.
[    0.384912] 	Rude variant of Tasks RCU enabled.
[    0.386107] 	Tracing variant of Tasks RCU enabled.
[    0.387421] rcu: RCU calculated value of scheduler-enlistment delay is 25 jiffies.
[    0.389463] rcu: Adjusting geometry for rcu_fanout_leaf=16, nr_cpu_ids=2
[    0.391401] Running RCU synchronous self tests
[    0.437106] NR_IRQS: 524544, nr_irqs: 440, preallocated irqs: 16
[    0.439353] rcu: srcu_init: Setting srcu_struct sizes based on contention.
[    0.465073] Console: colour VGA+ 80x25
[    0.466191] printk: console [ttyS0] enabled
[    0.466191] printk: console [ttyS0] enabled
[    0.468508] printk: bootconsole [earlyser0] disabled
[    0.468508] printk: bootconsole [earlyser0] disabled
[    0.471273] Lock dependency validator: Copyright (c) 2006 Red Hat, Inc., Ingo Molnar
[    0.473414] ... MAX_LOCKDEP_SUBCLASSES:  8
[    0.474564] ... MAX_LOCK_DEPTH:          48
[    0.475748] ... MAX_LOCKDEP_KEYS:        8192
[    0.476971] ... CLASSHASH_SIZE:          4096
[    0.478194] ... MAX_LOCKDEP_ENTRIES:     32768
[    0.479449] ... MAX_LOCKDEP_CHAINS:      65536
[    0.480699] ... CHAINHASH_SIZE:          32768
[    0.481945]  memory used by lock dependency info: 6365 kB
[    0.483457]  memory used for stack traces: 4224 kB
[    0.484800]  per task-struct memory footprint: 1920 bytes
[    0.486399] ACPI: Core revision 20230331
[    0.488061] clocksource: hpet: mask: 0xffffffff max_cycles: 0xffffffff, max_idle_ns: 19112604467 ns
[    0.490942] APIC: Switch to symmetric I/O mode setup
[    0.493129] x2apic enabled
[    0.494665] Switched APIC routing to physical x2apic.
[    0.496205] kvm-guest: setup PV IPIs
[    0.500786] ..TIMER: vector=0x30 apic1=0 pin1=2 apic2=-1 pin2=-1
[    0.502555] clocksource: tsc-early: mask: 0xffffffffffffffff max_cycles: 0xb9fb05486c, max_idle_ns: 440795231721 ns
[    0.505539] Calibrating delay loop (skipped) preset value.. 1612.80 BogoMIPS (lpj=3225600)
[    0.509512] pid_max: default: 32768 minimum: 301
[    0.511039] LSM: initializing lsm=capability,yama,integrity
[    0.513517] Yama: becoming mindful.
[    0.514824] Mount-cache hash table entries: 4096 (order: 3, 32768 bytes, linear)
[    0.516866] Mountpoint-cache hash table entries: 4096 (order: 3, 32768 bytes, linear)
[    0.521730] CPU0: Thermal monitoring enabled (TM1)
[    0.523528] x86/cpu: User Mode Instruction Prevention (UMIP) activated
[    0.526097] Last level iTLB entries: 4KB 0, 2MB 0, 4MB 0
[    0.527597] Last level dTLB entries: 4KB 0, 2MB 0, 4MB 0, 1GB 0
[    0.529549] Spectre V1 : Mitigation: usercopy/swapgs barriers and __user pointer sanitization
[    0.531899] Spectre V2 : WARNING: Unprivileged eBPF is enabled with eIBRS on, data leaks possible via Spectre v2 BHB attacks!
[    0.533521] Spectre V2 : Mitigation: Enhanced / Automatic IBRS
[    0.535117] Spectre V2 : Spectre v2 / SpectreRSB mitigation: Filling RSB on context switch
[    0.537512] Spectre V2 : Spectre v2 / PBRSB-eIBRS: Retire a single CALL on VMEXIT
[    0.539545] Spectre V2 : mitigation: Enabling conditional Indirect Branch Prediction Barrier
[    0.541513] Speculative Store Bypass: Mitigation: Speculative Store Bypass disabled via prctl
[    0.545512] MMIO Stale Data: Unknown: No mitigations
[    0.688943] Freeing SMP alternatives memory: 56K
[    0.689578] Running RCU synchronous self tests
[    0.690798] Running RCU synchronous self tests
[    0.692580] smpboot: CPU0: Genuine Intel(R) 0000 (family: 0x6, model: 0xb7, stepping: 0x0)
[    0.693834] cblist_init_generic: Setting adjustable number of callback queues.
[    0.695855] cblist_init_generic: Setting shift to 1 and lim to 1.
[    0.697594] cblist_init_generic: Setting shift to 1 and lim to 1.
[    0.699366] cblist_init_generic: Setting shift to 1 and lim to 1.
[    0.701595] Running RCU-tasks wait API self tests
[    0.805999] Performance Events: Alderlake Hybrid events, full-width counters, Intel PMU driver.
[    0.810158] core: cpu_core PMU driver: 
[    0.811415] ... version:                2
[    0.813551] ... bit width:              48
[    0.814831] ... generic registers:      6
[    0.815932] ... value mask:             0000ffffffffffff
[    0.817522] ... max period:             00007fffffffffff
[    0.818985] ... fixed-purpose events:   3
[    0.820079] ... event mask:             0001000f0000003f
[    0.821586] Callback from call_rcu_tasks_trace() invoked.
[    0.823450] rcu: Hierarchical SRCU implementation.
[    0.825519] rcu: 	Max phase no-delay instances is 1000.
[    0.830777] unchecked MSR access error: WRMSR to 0x38f (tried to write 0x0001000f0000003f) at rIP: 0xffffffff811c79dc (native_write_msr+0xc/0x30)
[    0.833507] Call Trace:
[    0.833507]  <TASK>
[    0.833507]  __intel_pmu_enable_all.constprop.49+0x147/0x380
[    0.833507]  intel_pmu_enable_all+0x1e/0x30
[    0.833507]  x86_pmu_enable+0x8b9/0xd30
[    0.833507]  ? __pfx_ctx_sched_in+0x10/0x10
[    0.833507]  ? write_comp_data+0x2f/0x90
[    0.833507]  perf_pmu_enable+0xda/0x120
[    0.833507]  ctx_resched+0x22d/0x3c0
[    0.833507]  __perf_install_in_context+0x602/0x980
[    0.833507]  ? generic_exec_single+0x1c5/0x2c0
[    0.833507]  ? smp_call_function_single+0x193/0x460
[    0.833507]  ? __pfx___perf_install_in_context+0x10/0x10
[    0.833507]  remote_function+0x136/0x1b0
[    0.833507]  ? __pfx_remote_function+0x10/0x10
[    0.833507]  generic_exec_single+0x1cb/0x2c0
[    0.833507]  smp_call_function_single+0x193/0x460
[    0.833507]  ? __pfx_remote_function+0x10/0x10
[    0.833507]  ? __pfx_smp_call_function_single+0x10/0x10
[    0.833507]  ? __pfx_remote_function+0x10/0x10
[    0.833507]  ? __sanitizer_cov_trace_pc+0x25/0x60
[    0.833507]  ? exclusive_event_installable+0x25b/0x320
[    0.833507]  perf_install_in_context+0x4fe/0x5b0
[    0.833507]  ? __pfx_perf_install_in_context+0x10/0x10
[    0.833507]  ? __pfx___perf_install_in_context+0x10/0x10
[    0.833507]  ? exclusive_event_installable+0x25b/0x320
[    0.833507]  ? write_comp_data+0x2f/0x90
[    0.833507]  perf_event_create_kernel_counter+0x43b/0x4d0
[    0.833507]  hardlockup_detector_event_create+0x77/0x100
[    0.833507]  hardlockup_detector_perf_init+0x18/0x80
[    0.833507]  watchdog_nmi_probe+0x17/0x20
[    0.833507]  lockup_detector_init+0x75/0x100
[    0.833507]  kernel_init_freeable+0x97b/0x10e0
[    0.833507]  ? __pfx_kernel_init+0x10/0x10
[    0.833507]  kernel_init+0x26/0x1f0
[    0.833507]  ? __pfx_kernel_init+0x10/0x10
[    0.833507]  ret_from_fork+0x29/0x50
[    0.833507]  </TASK>
[    0.833887] smp: Bringing up secondary CPUs ...
[    0.835887] x86: Booting SMP configuration:
[    0.837535] .... node  #0, CPUs:      #1
[    0.839357] smp: Brought up 1 node, 2 CPUs
[    0.842646] smpboot: Max logical packages: 1
[    0.843830] smpboot: Total of 2 processors activated (3225.60 BogoMIPS)
[    0.849548] devtmpfs: initialized
[    0.851106] x86/mm: Memory block size: 128MB
[    0.865725] Running RCU synchronous self tests
[    0.866960] Running RCU synchronous self tests
[    0.868215] clocksource: jiffies: mask: 0xffffffff max_cycles: 0xffffffff, max_idle_ns: 7645041785100000 ns
[    0.869532] futex hash table entries: 512 (order: 4, 65536 bytes, linear)
[    0.871760] pinctrl core: initialized pinctrl subsystem
[    0.874273] 
[    0.874719] *************************************************************
[    0.877520] **     NOTICE NOTICE NOTICE NOTICE NOTICE NOTICE NOTICE    **
[    0.879294] **                                                         **
[    0.881520] **  IOMMU DebugFS SUPPORT HAS BEEN ENABLED IN THIS KERNEL  **
[    0.883300] **                                                         **
[    0.885523] ** This means that this kernel is built to expose internal **
[    0.887306] ** IOMMU data structures, which may compromise security on **
[    0.889518] ** your system.                                            **
[    0.891316] **                                                         **
[    0.893518] ** If you see this message and you are not debugging the   **
[    0.895300] ** kernel, report this immediately to your vendor!         **
[    0.897520] **                                                         **
[    0.899323] **     NOTICE NOTICE NOTICE NOTICE NOTICE NOTICE NOTICE    **
[    0.901519] *************************************************************
[    0.903541] PM: RTC time: 08:51:49, date: 2023-06-11
[    0.910521] Callback from call_rcu_tasks_rude() invoked.
[    0.910521] NET: Registered PF_NETLINK/PF_ROUTE protocol family
[    0.914720] DMA: preallocated 256 KiB GFP_KERNEL pool for atomic allocations
[    0.917542] DMA: preallocated 256 KiB GFP_KERNEL|GFP_DMA pool for atomic allocations
[    0.919536] DMA: preallocated 256 KiB GFP_KERNEL|GFP_DMA32 pool for atomic allocations
[    0.921634] audit: initializing netlink subsys (disabled)
[    0.926154] audit: type=2000 audit(1686473510.318:1): state=initialized audit_enabled=0 res=1
[    0.930602] thermal_sys: Registered thermal governor 'fair_share'
[    0.931417] thermal_sys: Registered thermal governor 'bang_bang'
[    0.933522] thermal_sys: Registered thermal governor 'step_wise'
[    0.935113] thermal_sys: Registered thermal governor 'user_space'
[    0.937619] cpuidle: using governor ladder
[    0.941536] cpuidle: using governor menu
[    0.943110] acpiphp: ACPI Hot Plug PCI Controller Driver version: 0.5
[    0.946167] PCI: Using configuration type 1 for base access
[    0.950135] kprobes: kprobe jump-optimization is enabled. All kprobes are optimized if possible.
[    1.343551] Callback from call_rcu_tasks() invoked.
[    1.346169] HugeTLB: registered 1.00 GiB page size, pre-allocated 0 pages
[    1.348031] HugeTLB: 16380 KiB vmemmap can be freed for a 1.00 GiB page
[    1.349535] HugeTLB: registered 2.00 MiB page size, pre-allocated 0 pages
[    1.351401] HugeTLB: 28 KiB vmemmap can be freed for a 2.00 MiB page
[    1.363356] ACPI: Added _OSI(Module Device)
[    1.365535] ACPI: Added _OSI(Processor Device)
[    1.366742] ACPI: Added _OSI(3.0 _SCP Extensions)
[    1.368030] ACPI: Added _OSI(Processor Aggregator Device)
[    1.394853] ACPI: 1 ACPI AML tables successfully acquired and loaded
[    5.735657] ACPI: Interpreter enabled
[    5.737706] ACPI: PM: (supports S0 S3 S4 S5)
[    5.738920] ACPI: Using IOAPIC for interrupt routing
[    5.741637] PCI: Using host bridge windows from ACPI; if necessary, use "pci=nocrs" and report a bug
[    5.744120] PCI: Using E820 reservations for host bridge windows
[    5.750891] ACPI: Enabled 2 GPEs in block 00 to 0F
[    5.800174] ACPI: PCI Root Bridge [PCI0] (domain 0000 [bus 00-ff])
[    5.801507] acpi PNP0A03:00: _OSC: OS supports [ASPM ClockPM Segments MSI EDR HPX-Type3]
[    5.801507] acpi PNP0A03:00: _OSC: not requesting OS control; OS requires [ExtendedConfig ASPM ClockPM MSI]
[    5.813706] acpi PNP0A03:00: fail to add MMCONFIG information, can't access extended configuration space under this bridge
[    5.824028] acpiphp: Slot [3] registered
[    5.825671] acpiphp: Slot [4] registered
[    5.826934] acpiphp: Slot [5] registered
[    5.828181] acpiphp: Slot [6] registered
[    5.833674] acpiphp: Slot [7] registered
[    5.834910] acpiphp: Slot [8] registered
[    5.836154] acpiphp: Slot [9] registered
[    5.838201] acpiphp: Slot [10] registered
[    5.839584] acpiphp: Slot [11] registered
[    5.841691] acpiphp: Slot [12] registered
[    5.842981] acpiphp: Slot [13] registered
[    5.845523] acpiphp: Slot [14] registered
[    5.846807] acpiphp: Slot [15] registered
[    5.848087] acpiphp: Slot [16] registered
[    5.849667] acpiphp: Slot [17] registered
[    5.850948] acpiphp: Slot [18] registered
[    5.852218] acpiphp: Slot [19] registered
[    5.857684] acpiphp: Slot [20] registered
[    5.858958] acpiphp: Slot [21] registered
[    5.860239] acpiphp: Slot [22] registered
[    5.861669] acpiphp: Slot [23] registered
[    5.862972] acpiphp: Slot [24] registered
[    5.864249] acpiphp: Slot [25] registered
[    5.869671] acpiphp: Slot [26] registered
[    5.870955] acpiphp: Slot [27] registered
[    5.872247] acpiphp: Slot [28] registered
[    5.873674] acpiphp: Slot [29] registered
[    5.874956] acpiphp: Slot [30] registered
[    5.876238] acpiphp: Slot [31] registered
[    5.877610] PCI host bridge to bus 0000:00
[    5.878782] pci_bus 0000:00: root bus resource [io  0x0000-0x0cf7 window]
[    5.881522] pci_bus 0000:00: root bus resource [io  0x0d00-0xffff window]
[    5.883415] pci_bus 0000:00: root bus resource [mem 0x000a0000-0x000bffff window]
[    5.889522] pci_bus 0000:00: root bus resource [mem 0x80000000-0xfebfffff window]
[    5.891586] pci_bus 0000:00: root bus resource [mem 0x100000000-0x17fffffff window]
[    5.893526] pci_bus 0000:00: root bus resource [bus 00-ff]
[    5.895341] pci 0000:00:00.0: [8086:1237] type 00 class 0x060000
[    5.915694] pci 0000:00:01.0: [8086:7000] type 00 class 0x060100
[    5.919800] pci 0000:00:01.1: [8086:7010] type 00 class 0x010180
[    5.924271] pci 0000:00:01.1: reg 0x20: [io  0xc040-0xc04f]
[    5.928145] pci 0000:00:01.1: legacy IDE quirk: reg 0x10: [io  0x01f0-0x01f7]
[    5.933524] pci 0000:00:01.1: legacy IDE quirk: reg 0x14: [io  0x03f6]
[    5.935352] pci 0000:00:01.1: legacy IDE quirk: reg 0x18: [io  0x0170-0x0177]
[    5.941542] pci 0000:00:01.1: legacy IDE quirk: reg 0x1c: [io  0x0376]
[    5.944170] pci 0000:00:01.3: [8086:7113] type 00 class 0x068000
[    5.946633] pci 0000:00:01.3: quirk: [io  0x0600-0x063f] claimed by PIIX4 ACPI
[    5.949539] pci 0000:00:01.3: quirk: [io  0x0700-0x070f] claimed by PIIX4 SMB
[    5.953588] pci 0000:00:02.0: [1234:1111] type 00 class 0x030000
[    5.962260] pci 0000:00:02.0: reg 0x10: [mem 0xfd000000-0xfdffffff pref]
[    5.969599] pci 0000:00:02.0: reg 0x18: [mem 0xfebf0000-0xfebf0fff]
[    5.979242] pci 0000:00:02.0: reg 0x30: [mem 0xfebe0000-0xfebeffff pref]
[    5.981772] pci 0000:00:02.0: Video device with shadowed ROM at [mem 0x000c0000-0x000dffff]
[    5.998778] pci 0000:00:03.0: [8086:100e] type 00 class 0x020000
[    6.002504] pci 0000:00:03.0: reg 0x10: [mem 0xfebc0000-0xfebdffff]
[    6.005991] pci 0000:00:03.0: reg 0x14: [io  0xc000-0xc03f]
[    6.014685] pci 0000:00:03.0: reg 0x30: [mem 0xfeb80000-0xfebbffff pref]
[    6.093507] ACPI: PCI: Interrupt link LNKA configured for IRQ 10
[    6.102586] ACPI: PCI: Interrupt link LNKB configured for IRQ 10
[    6.106417] ACPI: PCI: Interrupt link LNKC configured for IRQ 11
[    6.110270] ACPI: PCI: Interrupt link LNKD configured for IRQ 11
[    6.113526] ACPI: PCI: Interrupt link LNKS configured for IRQ 9
[    6.118911] iommu: Default domain type: Translated 
[    6.121530] iommu: DMA domain TLB invalidation policy: lazy mode 
[    6.127088] SCSI subsystem initialized
[    6.129674] ACPI: bus type USB registered
[    6.130865] usbcore: registered new interface driver usbfs
[    6.133587] usbcore: registered new interface driver hub
[    6.135038] usbcore: registered new device driver usb
[    6.137751] pps_core: LinuxPPS API ver. 1 registered
[    6.139057] pps_core: Software ver. 5.3.6 - Copyright 2005-2007 Rodolfo Giometti <giometti@linux.it>
[    6.141544] PTP clock support registered
[    6.145662] EDAC MC: Ver: 3.0.0
[    6.151616] NetLabel: Initializing
[    6.153532] NetLabel:  domain hash size = 128
[    6.154698] NetLabel:  protocols = UNLABELED CIPSOv4 CALIPSO
[    6.157536] NetLabel:  unlabeled traffic allowed by default
[    6.159257] PCI: Using ACPI for IRQ routing
[    6.161955] pci 0000:00:02.0: vgaarb: setting as boot VGA device
[    6.163331] pci 0000:00:02.0: vgaarb: bridge control possible
[    6.164824] pci 0000:00:02.0: vgaarb: VGA device added: decodes=io+mem,owns=io+mem,locks=none
[    6.165536] vgaarb: loaded
[    6.166300] hpet0: at MMIO 0xfed00000, IRQs 2, 8, 0
[    6.167491] hpet0: 3 comparators, 64-bit 100.000000 MHz counter
[    6.173939] clocksource: Switched to clocksource kvm-clock
[    6.176845] VFS: Disk quotas dquot_6.6.0
[    6.177935] VFS: Dquot-cache hash table entries: 512 (order 0, 4096 bytes)
[    6.179891] pnp: PnP ACPI init
[    6.185204] pnp: PnP ACPI: found 6 devices
[    6.204047] clocksource: acpi_pm: mask: 0xffffff max_cycles: 0xffffff, max_idle_ns: 2085701024 ns
[    6.207039] NET: Registered PF_INET protocol family
[    6.208588] IP idents hash table entries: 32768 (order: 6, 262144 bytes, linear)
[    6.212238] tcp_listen_portaddr_hash hash table entries: 1024 (order: 4, 73728 bytes, linear)
[    6.214546] Table-perturb hash table entries: 65536 (order: 6, 262144 bytes, linear)
[    6.216749] TCP established hash table entries: 16384 (order: 5, 131072 bytes, linear)
[    6.219157] TCP bind hash table entries: 16384 (order: 9, 2359296 bytes, linear)
[    6.222813] TCP: Hash tables configured (established 16384 bind 16384)
[    6.224837] UDP hash table entries: 1024 (order: 5, 163840 bytes, linear)
[    6.226696] UDP-Lite hash table entries: 1024 (order: 5, 163840 bytes, linear)
[    6.228962] NET: Registered PF_UNIX/PF_LOCAL protocol family
[    6.231267] RPC: Registered named UNIX socket transport module.
[    6.232907] RPC: Registered udp transport module.
[    6.234149] RPC: Registered tcp transport module.
[    6.235393] RPC: Registered tcp NFSv4.1 backchannel transport module.
[    6.237127] pci_bus 0000:00: resource 4 [io  0x0000-0x0cf7 window]
[    6.238755] pci_bus 0000:00: resource 5 [io  0x0d00-0xffff window]
[    6.240385] pci_bus 0000:00: resource 6 [mem 0x000a0000-0x000bffff window]
[    6.242189] pci_bus 0000:00: resource 7 [mem 0x80000000-0xfebfffff window]
[    6.243981] pci_bus 0000:00: resource 8 [mem 0x100000000-0x17fffffff window]
[    6.246291] pci 0000:00:01.0: PIIX3: Enabling Passive Release
[    6.247819] pci 0000:00:00.0: Limiting direct PCI/PCI transfers
[    6.249607] PCI: CLS 0 bytes, default 64
[    6.251304] ACPI: bus type thunderbolt registered
[    6.253132] clocksource: tsc: mask: 0xffffffffffffffff max_cycles: 0xb9fb05486c, max_idle_ns: 440795231721 ns
[    6.391387] Initialise system trusted keyrings
[    6.392900] Key type blacklist registered
[    6.394657] workingset: timestamp_bits=36 max_order=19 bucket_order=0
[    6.396695] zbud: loaded
[    6.399028] squashfs: version 4.0 (2009/01/31) Phillip Lougher
[    6.402747] NFS: Registering the id_resolver key type
[    6.404160] Key type id_resolver registered
[    6.405376] Key type id_legacy registered
[    6.406487] nfs4filelayout_init: NFSv4 File Layout Driver Registering...
[    6.408321] nfs4flexfilelayout_init: NFSv4 Flexfile Layout Driver Registering...
[    6.410567] fuse: init (API version 7.38)
[    6.412330] SGI XFS with ACLs, security attributes, realtime, quota, no debug enabled
[    6.416347] 9p: Installing v9fs 9p2000 file system support
[    6.426060] Key type asymmetric registered
[    6.427180] Asymmetric key parser 'x509' registered
[    6.428601] Block layer SCSI generic (bsg) driver version 0.4 loaded (major 243)
[    6.431144] io scheduler mq-deadline registered
[    6.432608] io scheduler bfq registered
[    6.434860] shpchp: Standard Hot Plug PCI Controller Driver version: 0.4
[    6.437492] IPMI message handler: version 39.2
[    6.438759] ipmi device interface
[    6.442761] input: Power Button as /devices/LNXSYSTM:00/LNXPWRBN:00/input/input0
[    6.445746] ACPI: button: Power Button [PWRF]
[    6.449901] ERST DBG: ERST support is disabled.
[    6.452847] Serial: 8250/16550 driver, 32 ports, IRQ sharing enabled
[    6.455934] 00:04: ttyS0 at I/O 0x3f8 (irq = 4, base_baud = 115200) is a 16550A
[    6.476061] Linux agpgart interface v0.103
[    6.479020] ACPI: bus type drm_connector registered
[    6.502187] brd: module loaded
[    6.515325] loop: module loaded
[    6.527312] scsi host0: ata_piix
[    6.529430] scsi host1: ata_piix
[    6.530718] ata1: PATA max MWDMA2 cmd 0x1f0 ctl 0x3f6 bmdma 0xc040 irq 14
[    6.532548] ata2: PATA max MWDMA2 cmd 0x170 ctl 0x376 bmdma 0xc048 irq 15
[    6.537219] tun: Universal TUN/TAP device driver, 1.6
[    6.538912] e100: Intel(R) PRO/100 Network Driver
[    6.540149] e100: Copyright(c) 1999-2006 Intel Corporation
[    6.541747] e1000: Intel(R) PRO/1000 Network Driver
[    6.543026] e1000: Copyright (c) 1999-2006 Intel Corporation.
[    6.692903] ata2: found unknown device (class 0)
[    6.695063] ata1: found unknown device (class 0)
[    6.697721] ata1.00: ATA-7: QEMU HARDDISK, 2.5+, max UDMA/100
[    6.699233] ata1.00: 16777216 sectors, multi 16: LBA48 
[    6.701080] ata2.00: ATAPI: QEMU DVD-ROM, 2.5+, max UDMA/100
[    6.705012] scsi 0:0:0:0: Direct-Access     ATA      QEMU HARDDISK    2.5+ PQ: 0 ANSI: 5
[    6.708852] scsi 0:0:0:0: Attached scsi generic sg0 type 0
[    6.711453] scsi 1:0:0:0: CD-ROM            QEMU     QEMU DVD-ROM     2.5+ PQ: 0 ANSI: 5
[    6.712006] sd 0:0:0:0: [sda] 16777216 512-byte logical blocks: (8.59 GB/8.00 GiB)
[    6.716260] sd 0:0:0:0: [sda] Write Protect is off
[    6.717830] sd 0:0:0:0: [sda] Write cache: enabled, read cache: enabled, doesn't support DPO or FUA
[    6.720252] sd 0:0:0:0: [sda] Preferred minimum I/O size 512 bytes
[    6.734308] scsi 1:0:0:0: Attached scsi generic sg1 type 5
[    6.743274] sd 0:0:0:0: [sda] Attached SCSI disk
[    7.350571] ACPI: \_SB_.LNKC: Enabled at IRQ 11
[    7.749541] e1000 0000:00:03.0 eth0: (PCI:33MHz:32-bit) 52:54:00:12:34:56
[    7.751192] e1000 0000:00:03.0 eth0: Intel(R) PRO/1000 Network Connection
[    7.752975] e1000e: Intel(R) PRO/1000 Network Driver
[    7.754121] e1000e: Copyright(c) 1999 - 2015 Intel Corporation.
[    7.755567] igb: Intel(R) Gigabit Ethernet Network Driver
[    7.756856] igb: Copyright (c) 2007-2014 Intel Corporation.
[    7.758307] PPP generic driver version 2.4.2
[    7.760985] VFIO - User Level meta-driver version: 0.3
[    7.763526] usbcore: registered new interface driver uas
[    7.764948] usbcore: registered new interface driver usb-storage
[    7.766571] i8042: PNP: PS/2 Controller [PNP0303:KBD,PNP0f13:MOU] at 0x60,0x64 irq 1,12
[    7.770375] serio: i8042 KBD port at 0x60,0x64 irq 1
[    7.771621] serio: i8042 AUX port at 0x60,0x64 irq 12
[    7.774788] mousedev: PS/2 mouse device common for all mice
[    7.777891] input: AT Translated Set 2 keyboard as /devices/platform/i8042/serio0/input/input1
[    7.781287] rtc_cmos 00:05: RTC can wake from S4
[    7.784185] input: VirtualPS/2 VMware VMMouse as /devices/platform/i8042/serio1/input/input4
[    7.785921] rtc_cmos 00:05: registered as rtc0
[    7.787598] rtc_cmos 00:05: setting system clock to 2023-06-11T08:51:54 UTC (1686473514)
[    7.790117] rtc_cmos 00:05: alarms up to one day, y3k, 242 bytes nvram, hpet irqs
[    7.790458] input: VirtualPS/2 VMware VMMouse as /devices/platform/i8042/serio1/input/input3
[    7.791953] i2c_dev: i2c /dev entries driver
[    7.795295] device-mapper: core: CONFIG_IMA_DISABLE_HTABLE is disabled. Duplicate IMA measurements will not be recorded in the IMA log.
[    7.798165] device-mapper: uevent: version 1.0.3
[    7.799956] device-mapper: ioctl: 4.48.0-ioctl (2023-03-01) initialised: dm-devel@redhat.com
[    7.801952] intel_pstate: CPU model not supported
[    7.803275] sdhci: Secure Digital Host Controller Interface driver
[    7.804746] sdhci: Copyright(c) Pierre Ossman
[    7.805927] sdhci-pltfm: SDHCI platform and OF driver helper
[    7.807530] ledtrig-cpu: registered to indicate activity on CPUs
[    7.810212] drop_monitor: Initializing network drop monitor service
[    7.812190] NET: Registered PF_INET6 protocol family
[    7.820549] Segment Routing with IPv6
[    7.821635] In-situ OAM (IOAM) with IPv6
[    7.822737] NET: Registered PF_PACKET protocol family
[    7.824392] 9pnet: Installing 9P2000 support
[    7.825679] Key type dns_resolver registered
[    7.828773] IPI shorthand broadcast: enabled
[    7.863568] sched_clock: Marking stable (7808009209, 52271385)->(6270650392, 1589630202)
[    7.866980] registered taskstats version 1
[    7.868749] Loading compiled-in X.509 certificates
[    7.911658] Key type .fscrypt registered
[    7.912881] Key type fscrypt-provisioning registered
[    7.917447] Key type encrypted registered
[    7.918635] ima: No TPM chip found, activating TPM-bypass!
[    7.920031] ima: Allocated hash algorithm: sha1
[    7.921338] ima: No architecture policies found
[    7.922638] evm: Initialising EVM extended attributes:
[    7.923972] evm: security.selinux
[    7.924878] evm: security.SMACK64
[    7.925748] evm: security.SMACK64EXEC
[    7.926692] evm: security.SMACK64TRANSMUTE
[    7.927753] evm: security.SMACK64MMAP
[    7.928733] evm: security.apparmor
[    7.929619] evm: security.ima
[    7.930394] evm: security.capability
[    7.931311] evm: HMAC attrs: 0x1
[    7.934698] PM:   Magic number: 11:13:877
[    7.937062] RAS: Correctable Errors collector initialized.
[    7.939373] clk: Disabling unused clocks
[    7.942365] md: Waiting for all devices to be available before autodetect
[    7.943541] md: If you don't use raid, use raid=noautodetect
[    7.944605] md: Autodetecting RAID arrays.
[    7.945330] md: autorun ...
[    7.945826] md: ... autorun DONE.
[    7.954257] EXT4-fs (sda): INFO: recovery required on readonly filesystem
[    7.955481] EXT4-fs (sda): write access will be enabled during recovery
[    8.228934] EXT4-fs (sda): recovery complete
[    8.232032] EXT4-fs (sda): mounted filesystem 23a53bb9-f815-47a5-b74c-5e08f7731193 with ordered data mode. Quota mode: none.
[    8.234087] VFS: Mounted root (ext4 filesystem) readonly on device 8:0.
[    8.236192] devtmpfs: mounted
[    8.252147] Freeing unused decrypted memory: 2036K
[    8.258402] Freeing unused kernel image (initmem) memory: 14516K
[    8.259545] Write protecting the kernel read-only data: 88064k
[    8.262163] Freeing unused kernel image (rodata/data gap) memory: 228K
[    8.369025] x86/mm: Checked W+X mappings: passed, no W+X pages found.
[    8.370435] Run /sbin/init as init process
[    8.552444] systemd[1]: RTC configured in localtime, applying delta of 0 minutes to system time.
[    8.605931] systemd[1]: systemd 239 (239-49.el8) running in system mode. (+PAM +AUDIT +SELINUX +IMA -APPARMOR +SMACK +SYSVINIT +UTMP +LIBCRYPTSETUP +GCRYPT +GNUTLS +ACL +XZ +LZ4 +SECCOMP +BLKID +ELFUTILS +KMOD +IDN2 -IDN +PCRE2 default-hierarchy=legacy)
[    8.610249] systemd[1]: Detected virtualization kvm.
[    8.611118] systemd[1]: Detected architecture x86-64.

Welcome to [0;31mCentOS Stream 8[0m!

[    8.672440] systemd[1]: Set hostname to <test>.
[    9.251338] systemd[1]: Listening on udev Control Socket.
[[0;32m  OK  [0m] Listening on udev Control Socket.
[    9.254633] systemd[1]: Listening on Device-mapper event daemon FIFOs.
[[0;32m  OK  [0m] Listening on Device-mapper event daemon FIFOs.
[    9.257585] systemd[1]: Started Forward Password Requests to Wall Directory Watch.
[[0;32m  OK  [0m] Started Forward Password Requests to Wall Directory Watch.
[    9.261506] systemd[1]: Listening on Journal Socket.
[[0;32m  OK  [0m] Listening on Journal Socket.
[    9.293291] systemd[1]: Starting Load Kernel Modules...
         Starting Load Kernel Modules...
[    9.305664] systemd[1]: Mounting Huge Pages File System...
         Mounting Huge Pages File System...
[[0;32m  OK  [0m] Created slice system-getty.slice.
[[0;32m  OK  [0m] Created slice system-serial\x2dgetty.slice.
[[0;32m  OK  [0m] Listening on initctl Compatibility Named Pipe.
[[0;32m  OK  [0m] Listening on RPCbind Server Activation Socket.
[[0;32m  OK  [0m] Listening on udev Kernel Socket.
         Starting udev Coldplug all Devices...
[[0;32m  OK  [0m] Set up automount Arbitrary Executabâ€¦rmats File System Automount Point.
[[0;32m  OK  [0m] Reached target Swap.
         Starting Remount Root and Kernel File Systems...
         Starting Monitoring of LVM2 mirrorsâ€¦ng dmeventd or progress polling...
[[0;32m  OK  [0m] Listening on Process Core Dump Socket.
[[0;32m  OK  [0m] Reached target RPC Port Mapper.
         Mounting POSIX Message Queue File System...
[[0;32m  OK  [0m] Listening on multipathd control socket.
[[0;32m  OK  [0m] Created slice system-sshd\x2dkeygen.slice.
[[0;32m  OK  [0m] Listening on LVM2 poll daemon socket.
[[0;32m  OK  [0m] Listening on Journal Socket (/dev/log).
         Starting Journal Service...
[[0;32m  OK  [0m] Created slice User and Session Slice.
[[0;32m  OK  [0m] Reached target Slices.
         Mounting Kernel Debug File System...
         Starting Setup Virtual Console...
[    9.876444] EXT4-fs (sda): re-mounted 23a53bb9-f815-47a5-b74c-5e08f7731193. Quota mode: none.
[[0;1;31mFAILED[0m] Failed to start Load Kernel Modules.
See 'systemctl status systemd-modules-load.service' for details.
[[0;32m  OK  [0m] Mounted Huge Pages File System.
[[0;32m  OK  [0m] Started Journal Service.
[[0;32m  OK  [0m] Started Remount Root and Kernel File Systems.
[[0;32m  OK  [0m] Mounted POSIX Message Queue File System.
[[0;32m  OK  [0m] Mounted Kernel Debug File System.
         Starting Create Static Device Nodes in /dev...
         Starting Load/Save Random Seed...
         Starting Flush Journal to Persistent Storage...
         Mounting Kernel Configuration File System...
         Mounting FUSE Control File System...
         Starting Apply Kernel Variables...
[[0;32m  OK  [0m] Started Create Static Device Nodes in /dev.
[[0;32m  OK  [0m] Started Load/Save Random Seed.
[[0;32m  OK  [0m] Mounted Kernel Configuration File System.
[[0;32m  OK  [0m] Mounted FUSE Control File System.
[[0;32m  OK  [0m] Started Setup Virtual Console.
[[0;32m  OK  [0m] Started Apply Kernel Variables.
         Starting udev Kernel Device Manager...
[[0;32m  OK  [0m] Started udev Coldplug all Devices.
[[0;32m  OK  [0m] Started Flush Journal to Persistent Storage.
         Starting udev Wait for Complete Device Initialization...
[[0;32m  OK  [0m] Started udev Kernel Device Manager.
         Starting Show Plymouth Boot Screen...
[[0;32m  OK  [0m] Started Show Plymouth Boot Screen.
[[0;32m  OK  [0m] Reached target Paths.
[[0;32m  OK  [0m] Reached target Local Encrypted Volumes.
[[0;32m  OK  [0m] Started Forward Password Requests to Plymouth Directory Watch.
[[0;32m  OK  [0m] Found device /dev/ttyS0.
[[0;32m  OK  [0m] Started Monitoring of LVM2 mirrors,â€¦sing dmeventd or progress polling.
[[0;32m  OK  [0m] Started udev Wait for Complete Device Initialization.
[[0;32m  OK  [0m] Listening on Load/Save RF Kill Switch Status /dev/rfkill Watch.
[[0;32m  OK  [0m] Reached target Local File Systems (Pre).
[[0;32m  OK  [0m] Reached target Local File Systems.
         Starting Create Volatile Files and Directories...
         Starting Restore /run/initramfs on shutdown...
         Starting Tell Plymouth To Write Out Runtime Data...
[[0;32m  OK  [0m] Started Restore /run/initramfs on shutdown.
[[0;32m  OK  [0m] Started Tell Plymouth To Write Out Runtime Data.
[[0;32m  OK  [0m] Started Create Volatile Files and Directories.
         Starting Security Auditing Service...
         Starting RPC Bind...
         Mounting RPC Pipe File System...
[[0;32m  OK  [0m] Mounted RPC Pipe File System.
[[0;32m  OK  [0m] Reached target rpc_pipefs.target.
[[0;32m  OK  [0m] Started RPC Bind.
[[0;32m  OK  [0m] Started Security Auditing Service.
         Starting Update UTMP about System Boot/Shutdown...
[[0;32m  OK  [0m] Started Update UTMP about System Boot/Shutdown.
[[0;32m  OK  [0m] Reached target System Initialization.
[[0;32m  OK  [0m] Started dnf makecache --timer.
[[0;32m  OK  [0m] Listening on SSSD Kerberos Cache Manager responder socket.
[[0;32m  OK  [0m] Listening on D-Bus System Message Bus Socket.
[[0;32m  OK  [0m] Reached target Sockets.
[[0;32m  OK  [0m] Started daily update of the root trust anchor for DNSSEC.
[[0;32m  OK  [0m] Started Daily Cleanup of Temporary Directories.
[[0;32m  OK  [0m] Reached target Timers.
[[0;32m  OK  [0m] Reached target Basic System.
         Starting Authorization Manager...
[[0;32m  OK  [0m] Started D-Bus System Message Bus.
[[0;32m  OK  [0m] Started irqbalance daemon.
[[0;32m  OK  [0m] Started Machine Check Exception Logging Daemon.
         Starting Network Manager...
         Starting Self Monitoring and Reporting Technology (SMART) Daemon...
[[0;32m  OK  [0m] Reached target sshd-keygen.target.
         Starting Login Service...
         Starting Auto-connect to subsystemsâ€¦-NVME devices found during boot...
         Starting NTP client/server...
[[0;32m  OK  [0m] Started Auto-connect to subsystems â€¦FC-NVME devices found during boot.
         Starting update of the root trust aâ€¦or DNSSEC validation in unbound...
[[0;32m  OK  [0m] Started Self Monitoring and Reporting Technology (SMART) Daemon.
[[0;32m  OK  [0m] Started Login Service.
[[0;32m  OK  [0m] Started Network Manager.
[[0;32m  OK  [0m] Reached target Network.
         Starting GSSAPI Proxy Daemon...
         Starting OpenSSH server daemon...
         Starting Dynamic System Tuning Daemon...
         Starting Network Manager Wait Online...
[[0;32m  OK  [0m] Started NTP client/server.
[[0;32m  OK  [0m] Started update of the root trust anâ€¦ for DNSSEC validation in unbound.
[[0;32m  OK  [0m] Started GSSAPI Proxy Daemon.
[[0;32m  OK  [0m] Started Authorization Manager.
[[0;32m  OK  [0m] Reached target NFS client services.
[[0;32m  OK  [0m] Reached target Remote File Systems (Pre).
[[0;32m  OK  [0m] Reached target Remote File Systems.
         Starting Permit User Sessions...
         Starting Hostname Service...
[[0;32m  OK  [0m] Started OpenSSH server daemon.
[[0;32m  OK  [0m] Started Permit User Sessions.
         Starting Terminate Plymouth Boot Screen...
         Starting Hold until boot process finishes up...
[[0;32m  OK  [0m] Started Command Scheduler.
[[0;32m  OK  [0m] Started Terminate Plymouth Boot Screen.
[[0;32m  OK  [0m] Started Hold until boot process finishes up.
[   15.000942] e1000: eth0 NIC Link is Up 1000 Mbps Full Duplex, Flow Control: RX
[   15.003219] IPv6: ADDRCONF(NETDEV_CHANGE): eth0: link becomes ready
[   15.527953] Spectre V2 : WARNING: Unprivileged eBPF is enabled with eIBRS on, data leaks possible via Spectre v2 BHB attacks!
[   15.530364] Spectre V2 : WARNING: Unprivileged eBPF is enabled with eIBRS on, data leaks possible via Spectre v2 BHB attacks!

CentOS Stream 8
Kernel 6.3.0-7acc13721130+ on an x86_64

test login: [   26.175274] memfd_create() without MFD_EXEC nor MFD_NOEXEC_SEAL, pid=331 'systemd'
[   31.806707] loop0: detected capacity change from 0 to 512
[   31.815739] EXT4-fs (loop0): mounted filesystem 00000000-0000-0000-0000-000000000000 without journal. Quota mode: writeback.
[   31.817884] ext4 filesystem being mounted at /root/syzkaller.nauEo8/0/file0 supports timestamps until 2038-01-19 (0x7fffffff)
[   31.851735] EXT4-fs (loop0): unmounting filesystem 00000000-0000-0000-0000-000000000000.
[   31.908827] loop0: detected capacity change from 0 to 512
[   31.919113] EXT4-fs (loop0): mounted filesystem 00000000-0000-0000-0000-000000000000 without journal. Quota mode: writeback.
[   31.921385] ext4 filesystem being mounted at /root/syzkaller.nauEo8/1/file0 supports timestamps until 2038-01-19 (0x7fffffff)
[   31.946419] EXT4-fs (loop0): unmounting filesystem 00000000-0000-0000-0000-000000000000.
[   31.972143] loop0: detected capacity change from 0 to 512
[   31.979846] EXT4-fs (loop0): mounted filesystem 00000000-0000-0000-0000-000000000000 without journal. Quota mode: writeback.
[   31.982030] ext4 filesystem being mounted at /root/syzkaller.nauEo8/2/file0 supports timestamps until 2038-01-19 (0x7fffffff)
[   32.006491] EXT4-fs (loop0): unmounting filesystem 00000000-0000-0000-0000-000000000000.
[   32.031698] loop0: detected capacity change from 0 to 512
[   32.043719] EXT4-fs (loop0): mounted filesystem 00000000-0000-0000-0000-000000000000 without journal. Quota mode: writeback.
[   32.047209] ext4 filesystem being mounted at /root/syzkaller.nauEo8/3/file0 supports timestamps until 2038-01-19 (0x7fffffff)
[   32.059675] EXT4-fs (loop0): unmounting filesystem 00000000-0000-0000-0000-000000000000.
[   32.076540] loop0: detected capacity change from 0 to 512
[   32.077633] I/O error, dev loop0, sector 0 op 0x0:(READ) flags 0x80700 phys_seg 1 prio class 2
[   32.084433] EXT4-fs (loop0): mounted filesystem 00000000-0000-0000-0000-000000000000 without journal. Quota mode: writeback.
[   32.086567] ext4 filesystem being mounted at /root/syzkaller.nauEo8/4/file0 supports timestamps until 2038-01-19 (0x7fffffff)
[   32.097426] EXT4-fs (loop0): unmounting filesystem 00000000-0000-0000-0000-000000000000.
[   32.118656] loop0: detected capacity change from 0 to 512
[   32.150855] EXT4-fs (loop0): mounted filesystem 00000000-0000-0000-0000-000000000000 without journal. Quota mode: writeback.
[   32.153401] ext4 filesystem being mounted at /root/syzkaller.nauEo8/5/file0 supports timestamps until 2038-01-19 (0x7fffffff)
[   32.162344] EXT4-fs (loop0): unmounting filesystem 00000000-0000-0000-0000-000000000000.
[   32.173892] loop0: detected capacity change from 0 to 512
[   32.202040] EXT4-fs (loop0): mounted filesystem 00000000-0000-0000-0000-000000000000 without journal. Quota mode: writeback.
[   32.204222] ext4 filesystem being mounted at /root/syzkaller.nauEo8/6/file0 supports timestamps until 2038-01-19 (0x7fffffff)
[   32.222045] EXT4-fs (loop0): unmounting filesystem 00000000-0000-0000-0000-000000000000.
[   32.239989] loop0: detected capacity change from 0 to 512
[   32.246652] EXT4-fs (loop0): mounted filesystem 00000000-0000-0000-0000-000000000000 without journal. Quota mode: writeback.
[   32.249038] ext4 filesystem being mounted at /root/syzkaller.nauEo8/7/file0 supports timestamps until 2038-01-19 (0x7fffffff)
[   32.259587] EXT4-fs (loop0): unmounting filesystem 00000000-0000-0000-0000-000000000000.
[   32.287381] loop0: detected capacity change from 0 to 512
[   32.298532] EXT4-fs (loop0): mounted filesystem 00000000-0000-0000-0000-000000000000 without journal. Quota mode: writeback.
[   32.301242] ext4 filesystem being mounted at /root/syzkaller.nauEo8/8/file0 supports timestamps until 2038-01-19 (0x7fffffff)
[   32.310666] EXT4-fs (loop0): unmounting filesystem 00000000-0000-0000-0000-000000000000.
[   32.335101] loop0: detected capacity change from 0 to 512
[   32.344959] EXT4-fs (loop0): mounted filesystem 00000000-0000-0000-0000-000000000000 without journal. Quota mode: writeback.
[   32.347029] ext4 filesystem being mounted at /root/syzkaller.nauEo8/9/file0 supports timestamps until 2038-01-19 (0x7fffffff)
[   32.361959] EXT4-fs (loop0): unmounting filesystem 00000000-0000-0000-0000-000000000000.
[   32.387701] loop0: detected capacity change from 0 to 512
[   32.400115] EXT4-fs (loop0): mounted filesystem 00000000-0000-0000-0000-000000000000 without journal. Quota mode: writeback.
[   32.402352] ext4 filesystem being mounted at /root/syzkaller.nauEo8/10/file0 supports timestamps until 2038-01-19 (0x7fffffff)
[   32.410160] EXT4-fs (loop0): unmounting filesystem 00000000-0000-0000-0000-000000000000.
[   32.420688] loop0: detected capacity change from 0 to 512
[   32.427452] EXT4-fs (loop0): mounted filesystem 00000000-0000-0000-0000-000000000000 without journal. Quota mode: writeback.
[   32.429908] ext4 filesystem being mounted at /root/syzkaller.nauEo8/11/file0 supports timestamps until 2038-01-19 (0x7fffffff)
[   32.438245] EXT4-fs (loop0): unmounting filesystem 00000000-0000-0000-0000-000000000000.
[   32.448129] loop0: detected capacity change from 0 to 512
[   32.461788] EXT4-fs (loop0): mounted filesystem 00000000-0000-0000-0000-000000000000 without journal. Quota mode: writeback.
[   32.464627] ext4 filesystem being mounted at /root/syzkaller.nauEo8/12/file0 supports timestamps until 2038-01-19 (0x7fffffff)
[   32.474121] EXT4-fs (loop0): unmounting filesystem 00000000-0000-0000-0000-000000000000.
[   32.488827] loop0: detected capacity change from 0 to 512
[   32.505665] EXT4-fs (loop0): mounted filesystem 00000000-0000-0000-0000-000000000000 without journal. Quota mode: writeback.
[   32.507856] ext4 filesystem being mounted at /root/syzkaller.nauEo8/13/file0 supports timestamps until 2038-01-19 (0x7fffffff)
[   32.526010] EXT4-fs (loop0): unmounting filesystem 00000000-0000-0000-0000-000000000000.
[   32.543927] loop0: detected capacity change from 0 to 512
[   32.574336] EXT4-fs (loop0): mounted filesystem 00000000-0000-0000-0000-000000000000 without journal. Quota mode: writeback.
[   32.577084] ext4 filesystem being mounted at /root/syzkaller.nauEo8/14/file0 supports timestamps until 2038-01-19 (0x7fffffff)
[   32.590436] EXT4-fs (loop0): unmounting filesystem 00000000-0000-0000-0000-000000000000.
[   32.608344] loop0: detected capacity change from 0 to 512
[   32.615219] EXT4-fs (loop0): mounted filesystem 00000000-0000-0000-0000-000000000000 without journal. Quota mode: writeback.
[   32.617972] ext4 filesystem being mounted at /root/syzkaller.nauEo8/15/file0 supports timestamps until 2038-01-19 (0x7fffffff)
[   32.626331] EXT4-fs (loop0): unmounting filesystem 00000000-0000-0000-0000-000000000000.
[   32.641893] loop0: detected capacity change from 0 to 512
[   32.642486] I/O error, dev loop0, sector 0 op 0x0:(READ) flags 0x80700 phys_seg 1 prio class 2
[   32.658596] EXT4-fs (loop0): mounted filesystem 00000000-0000-0000-0000-000000000000 without journal. Quota mode: writeback.
[   32.664813] ext4 filesystem being mounted at /root/syzkaller.nauEo8/16/file0 supports timestamps until 2038-01-19 (0x7fffffff)
[   32.688586] EXT4-fs (loop0): unmounting filesystem 00000000-0000-0000-0000-000000000000.
[   32.713004] loop0: detected capacity change from 0 to 512
[   32.719734] EXT4-fs (loop0): mounted filesystem 00000000-0000-0000-0000-000000000000 without journal. Quota mode: writeback.
[   32.722090] ext4 filesystem being mounted at /root/syzkaller.nauEo8/17/file0 supports timestamps until 2038-01-19 (0x7fffffff)
[   32.739131] EXT4-fs (loop0): unmounting filesystem 00000000-0000-0000-0000-000000000000.
[   32.751819] loop0: detected capacity change from 0 to 512
[   32.764150] EXT4-fs (loop0): mounted filesystem 00000000-0000-0000-0000-000000000000 without journal. Quota mode: writeback.
[   32.766953] ext4 filesystem being mounted at /root/syzkaller.nauEo8/18/file0 supports timestamps until 2038-01-19 (0x7fffffff)
[   32.776120] EXT4-fs (loop0): unmounting filesystem 00000000-0000-0000-0000-000000000000.
[   32.799221] loop0: detected capacity change from 0 to 512
[   32.806100] EXT4-fs (loop0): mounted filesystem 00000000-0000-0000-0000-000000000000 without journal. Quota mode: writeback.
[   32.808206] ext4 filesystem being mounted at /root/syzkaller.nauEo8/19/file0 supports timestamps until 2038-01-19 (0x7fffffff)
[   32.817937] EXT4-fs (loop0): unmounting filesystem 00000000-0000-0000-0000-000000000000.
[   32.847213] loop0: detected capacity change from 0 to 512
[   32.854295] EXT4-fs (loop0): mounted filesystem 00000000-0000-0000-0000-000000000000 without journal. Quota mode: writeback.
[   32.856626] ext4 filesystem being mounted at /root/syzkaller.nauEo8/20/file0 supports timestamps until 2038-01-19 (0x7fffffff)
[   32.888121] EXT4-fs (loop0): unmounting filesystem 00000000-0000-0000-0000-000000000000.
[   32.915061] loop0: detected capacity change from 0 to 512
[   32.922072] EXT4-fs (loop0): mounted filesystem 00000000-0000-0000-0000-000000000000 without journal. Quota mode: writeback.
[   32.924602] ext4 filesystem being mounted at /root/syzkaller.nauEo8/21/file0 supports timestamps until 2038-01-19 (0x7fffffff)
[   32.955175] EXT4-fs (loop0): unmounting filesystem 00000000-0000-0000-0000-000000000000.
[   32.983472] loop0: detected capacity change from 0 to 512
[   32.991285] EXT4-fs (loop0): mounted filesystem 00000000-0000-0000-0000-000000000000 without journal. Quota mode: writeback.
[   32.993494] ext4 filesystem being mounted at /root/syzkaller.nauEo8/22/file0 supports timestamps until 2038-01-19 (0x7fffffff)
[   33.006243] EXT4-fs (loop0): unmounting filesystem 00000000-0000-0000-0000-000000000000.
[   33.031238] loop0: detected capacity change from 0 to 512
[   33.039086] EXT4-fs (loop0): mounted filesystem 00000000-0000-0000-0000-000000000000 without journal. Quota mode: writeback.
[   33.041343] ext4 filesystem being mounted at /root/syzkaller.nauEo8/23/file0 supports timestamps until 2038-01-19 (0x7fffffff)
[   33.054961] EXT4-fs (loop0): unmounting filesystem 00000000-0000-0000-0000-000000000000.
[   33.078788] loop0: detected capacity change from 0 to 512
[   33.086754] EXT4-fs (loop0): mounted filesystem 00000000-0000-0000-0000-000000000000 without journal. Quota mode: writeback.
[   33.089068] ext4 filesystem being mounted at /root/syzkaller.nauEo8/24/file0 supports timestamps until 2038-01-19 (0x7fffffff)
[   33.096920] EXT4-fs (loop0): unmounting filesystem 00000000-0000-0000-0000-000000000000.
[   33.123464] loop0: detected capacity change from 0 to 512
[   33.131085] EXT4-fs (loop0): mounted filesystem 00000000-0000-0000-0000-000000000000 without journal. Quota mode: writeback.
[   33.133440] ext4 filesystem being mounted at /root/syzkaller.nauEo8/25/file0 supports timestamps until 2038-01-19 (0x7fffffff)
[   33.143023] EXT4-fs (loop0): unmounting filesystem 00000000-0000-0000-0000-000000000000.
[   33.167346] loop0: detected capacity change from 0 to 512
[   33.177828] EXT4-fs (loop0): mounted filesystem 00000000-0000-0000-0000-000000000000 without journal. Quota mode: writeback.
[   33.179948] ext4 filesystem being mounted at /root/syzkaller.nauEo8/26/file0 supports timestamps until 2038-01-19 (0x7fffffff)
[   33.188886] EXT4-fs (loop0): unmounting filesystem 00000000-0000-0000-0000-000000000000.
[   33.215208] loop0: detected capacity change from 0 to 512
[   33.222413] EXT4-fs (loop0): mounted filesystem 00000000-0000-0000-0000-000000000000 without journal. Quota mode: writeback.
[   33.224595] ext4 filesystem being mounted at /root/syzkaller.nauEo8/27/file0 supports timestamps until 2038-01-19 (0x7fffffff)
[   33.233952] EXT4-fs (loop0): unmounting filesystem 00000000-0000-0000-0000-000000000000.
[   33.246820] loop0: detected capacity change from 0 to 512
[   33.258181] EXT4-fs (loop0): mounted filesystem 00000000-0000-0000-0000-000000000000 without journal. Quota mode: writeback.
[   33.260717] ext4 filesystem being mounted at /root/syzkaller.nauEo8/28/file0 supports timestamps until 2038-01-19 (0x7fffffff)
[   33.269400] EXT4-fs (loop0): unmounting filesystem 00000000-0000-0000-0000-000000000000.
[   33.295040] loop0: detected capacity change from 0 to 512
[   33.302841] EXT4-fs (loop0): mounted filesystem 00000000-0000-0000-0000-000000000000 without journal. Quota mode: writeback.
[   33.305189] ext4 filesystem being mounted at /root/syzkaller.nauEo8/29/file0 supports timestamps until 2038-01-19 (0x7fffffff)
[   33.319301] EXT4-fs (loop0): unmounting filesystem 00000000-0000-0000-0000-000000000000.
[   33.332695] loop0: detected capacity change from 0 to 512
[   33.341326] EXT4-fs (loop0): mounted filesystem 00000000-0000-0000-0000-000000000000 without journal. Quota mode: writeback.
[   33.346934] ext4 filesystem being mounted at /root/syzkaller.nauEo8/30/file0 supports timestamps until 2038-01-19 (0x7fffffff)
[   33.358884] EXT4-fs (loop0): unmounting filesystem 00000000-0000-0000-0000-000000000000.
[   33.382901] loop0: detected capacity change from 0 to 512
[   33.390280] EXT4-fs (loop0): mounted filesystem 00000000-0000-0000-0000-000000000000 without journal. Quota mode: writeback.
[   33.392541] ext4 filesystem being mounted at /root/syzkaller.nauEo8/31/file0 supports timestamps until 2038-01-19 (0x7fffffff)
[   33.426493] loop0: detected capacity change from 0 to 512
[   33.434239] ext4 filesystem being mounted at /root/syzkaller.nauEo8/32/file0 supports timestamps until 2038-01-19 (0x7fffffff)
[   33.467279] loop0: detected capacity change from 0 to 512
[   33.474913] ext4 filesystem being mounted at /root/syzkaller.nauEo8/33/file0 supports timestamps until 2038-01-19 (0x7fffffff)
[   33.494325] loop0: detected capacity change from 0 to 512
[   33.502764] ext4 filesystem being mounted at /root/syzkaller.nauEo8/34/file0 supports timestamps until 2038-01-19 (0x7fffffff)
[   33.521212] loop0: detected capacity change from 0 to 512
[   33.534798] ext4 filesystem being mounted at /root/syzkaller.nauEo8/35/file0 supports timestamps until 2038-01-19 (0x7fffffff)
[   33.571153] loop0: detected capacity change from 0 to 512
[   33.579120] ext4 filesystem being mounted at /root/syzkaller.nauEo8/36/file0 supports timestamps until 2038-01-19 (0x7fffffff)
[   33.598847] loop0: detected capacity change from 0 to 512
[   33.606449] ext4 filesystem being mounted at /root/syzkaller.nauEo8/37/file0 supports timestamps until 2038-01-19 (0x7fffffff)
[   33.627659] loop0: detected capacity change from 0 to 512
[   33.657073] ext4 filesystem being mounted at /root/syzkaller.nauEo8/38/file0 supports timestamps until 2038-01-19 (0x7fffffff)
[   33.686686] loop0: detected capacity change from 0 to 512
[   33.695103] ext4 filesystem being mounted at /root/syzkaller.nauEo8/39/file0 supports timestamps until 2038-01-19 (0x7fffffff)
[   33.713808] loop0: detected capacity change from 0 to 512
[   33.722014] ext4 filesystem being mounted at /root/syzkaller.nauEo8/40/file0 supports timestamps until 2038-01-19 (0x7fffffff)
[   33.745517] loop0: detected capacity change from 0 to 512
[   33.753349] ext4 filesystem being mounted at /root/syzkaller.nauEo8/41/file0 supports timestamps until 2038-01-19 (0x7fffffff)
[   33.776182] loop0: detected capacity change from 0 to 512
[   33.777199] I/O error, dev loop0, sector 0 op 0x0:(READ) flags 0x80700 phys_seg 1 prio class 2
[   33.805296] ext4 filesystem being mounted at /root/syzkaller.nauEo8/42/file0 supports timestamps until 2038-01-19 (0x7fffffff)
[   33.851455] loop0: detected capacity change from 0 to 512
[   33.863274] ext4 filesystem being mounted at /root/syzkaller.nauEo8/43/file0 supports timestamps until 2038-01-19 (0x7fffffff)
[   33.899935] loop0: detected capacity change from 0 to 512
[   33.911783] ext4 filesystem being mounted at /root/syzkaller.nauEo8/44/file0 supports timestamps until 2038-01-19 (0x7fffffff)
[   33.956229] loop0: detected capacity change from 0 to 512
[   33.964106] ext4 filesystem being mounted at /root/syzkaller.nauEo8/45/file0 supports timestamps until 2038-01-19 (0x7fffffff)
[   34.012952] loop0: detected capacity change from 0 to 512
[   34.020176] ext4 filesystem being mounted at /root/syzkaller.nauEo8/46/file0 supports timestamps until 2038-01-19 (0x7fffffff)
[   34.059280] loop0: detected capacity change from 0 to 512
[   34.074114] ext4 filesystem being mounted at /root/syzkaller.nauEo8/47/file0 supports timestamps until 2038-01-19 (0x7fffffff)
[   34.126778] loop0: detected capacity change from 0 to 512
[   34.133898] ext4 filesystem being mounted at /root/syzkaller.nauEo8/48/file0 supports timestamps until 2038-01-19 (0x7fffffff)
[   34.174884] loop0: detected capacity change from 0 to 512
[   34.196248] ext4 filesystem being mounted at /root/syzkaller.nauEo8/49/file0 supports timestamps until 2038-01-19 (0x7fffffff)
[   34.227487] loop0: detected capacity change from 0 to 512
[   34.238444] ext4 filesystem being mounted at /root/syzkaller.nauEo8/50/file0 supports timestamps until 2038-01-19 (0x7fffffff)
[   34.271055] loop0: detected capacity change from 0 to 512
[   34.278311] ext4 filesystem being mounted at /root/syzkaller.nauEo8/51/file0 supports timestamps until 2038-01-19 (0x7fffffff)
[   34.298798] loop0: detected capacity change from 0 to 512
[   34.299807] I/O error, dev loop0, sector 0 op 0x0:(READ) flags 0x80700 phys_seg 1 prio class 2
[   34.306843] ext4 filesystem being mounted at /root/syzkaller.nauEo8/52/file0 supports timestamps until 2038-01-19 (0x7fffffff)
[   34.330569] loop0: detected capacity change from 0 to 512
[   34.338496] ext4 filesystem being mounted at /root/syzkaller.nauEo8/53/file0 supports timestamps until 2038-01-19 (0x7fffffff)
[   34.375869] loop0: detected capacity change from 0 to 512
[   34.376347] I/O error, dev loop0, sector 0 op 0x0:(READ) flags 0x80700 phys_seg 1 prio class 2
[   34.382256] ext4 filesystem being mounted at /root/syzkaller.nauEo8/54/file0 supports timestamps until 2038-01-19 (0x7fffffff)
[   34.439174] loop0: detected capacity change from 0 to 512
[   34.446732] ext4 filesystem being mounted at /root/syzkaller.nauEo8/55/file0 supports timestamps until 2038-01-19 (0x7fffffff)
[   34.499556] loop0: detected capacity change from 0 to 512
[   34.507164] ext4 filesystem being mounted at /root/syzkaller.nauEo8/56/file0 supports timestamps until 2038-01-19 (0x7fffffff)
[   34.548393] loop0: detected capacity change from 0 to 512
[   34.558727] ext4 filesystem being mounted at /root/syzkaller.nauEo8/57/file0 supports timestamps until 2038-01-19 (0x7fffffff)
[   34.590853] loop0: detected capacity change from 0 to 512
[   34.605942] ext4 filesystem being mounted at /root/syzkaller.nauEo8/58/file0 supports timestamps until 2038-01-19 (0x7fffffff)
[   34.659163] loop0: detected capacity change from 0 to 512
[   34.666592] ext4 filesystem being mounted at /root/syzkaller.nauEo8/59/file0 supports timestamps until 2038-01-19 (0x7fffffff)
[   34.685195] loop0: detected capacity change from 0 to 512
[   34.690334] ext4 filesystem being mounted at /root/syzkaller.nauEo8/60/file0 supports timestamps until 2038-01-19 (0x7fffffff)
[   34.709323] loop0: detected capacity change from 0 to 512
[   34.710124] I/O error, dev loop0, sector 0 op 0x0:(READ) flags 0x80700 phys_seg 1 prio class 2
[   34.738881] ext4 filesystem being mounted at /root/syzkaller.nauEo8/61/file0 supports timestamps until 2038-01-19 (0x7fffffff)
[   34.775677] loop0: detected capacity change from 0 to 512
[   34.783442] ext4 filesystem being mounted at /root/syzkaller.nauEo8/62/file0 supports timestamps until 2038-01-19 (0x7fffffff)
[   34.819280] loop0: detected capacity change from 0 to 512
[   34.829134] ext4 filesystem being mounted at /root/syzkaller.nauEo8/63/file0 supports timestamps until 2038-01-19 (0x7fffffff)
[   34.879487] loop0: detected capacity change from 0 to 512
[   34.886618] ext4 filesystem being mounted at /root/syzkaller.nauEo8/64/file0 supports timestamps until 2038-01-19 (0x7fffffff)
[   34.926277] loop0: detected capacity change from 0 to 512
[   34.934550] ext4 filesystem being mounted at /root/syzkaller.nauEo8/65/file0 supports timestamps until 2038-01-19 (0x7fffffff)
[   34.964844] loop0: detected capacity change from 0 to 512
[   34.974886] ext4 filesystem being mounted at /root/syzkaller.nauEo8/66/file0 supports timestamps until 2038-01-19 (0x7fffffff)
[   34.992560] loop0: detected capacity change from 0 to 512
[   35.009578] ext4 filesystem being mounted at /root/syzkaller.nauEo8/67/file0 supports timestamps until 2038-01-19 (0x7fffffff)
[   35.039543] loop0: detected capacity change from 0 to 512
[   35.062240] ext4 filesystem being mounted at /root/syzkaller.nauEo8/68/file0 supports timestamps until 2038-01-19 (0x7fffffff)
[   35.096806] loop0: detected capacity change from 0 to 512
[   35.106405] ext4 filesystem being mounted at /root/syzkaller.nauEo8/69/file0 supports timestamps until 2038-01-19 (0x7fffffff)
[   35.161633] loop0: detected capacity change from 0 to 512
[   35.187485] ext4 filesystem being mounted at /root/syzkaller.nauEo8/70/file0 supports timestamps until 2038-01-19 (0x7fffffff)
[   35.223755] loop0: detected capacity change from 0 to 512
[   35.230350] ext4 filesystem being mounted at /root/syzkaller.nauEo8/71/file0 supports timestamps until 2038-01-19 (0x7fffffff)
[   35.263162] loop0: detected capacity change from 0 to 512
[   35.271201] ext4 filesystem being mounted at /root/syzkaller.nauEo8/72/file0 supports timestamps until 2038-01-19 (0x7fffffff)
[   35.292256] loop0: detected capacity change from 0 to 512
[   35.318385] ext4 filesystem being mounted at /root/syzkaller.nauEo8/73/file0 supports timestamps until 2038-01-19 (0x7fffffff)
[   35.346590] loop0: detected capacity change from 0 to 512
[   35.355164] ext4 filesystem being mounted at /root/syzkaller.nauEo8/74/file0 supports timestamps until 2038-01-19 (0x7fffffff)
[   35.374610] loop0: detected capacity change from 0 to 512
[   35.381988] ext4 filesystem being mounted at /root/syzkaller.nauEo8/75/file0 supports timestamps until 2038-01-19 (0x7fffffff)
[   35.419555] loop0: detected capacity change from 0 to 512
[   35.427064] ext4 filesystem being mounted at /root/syzkaller.nauEo8/76/file0 supports timestamps until 2038-01-19 (0x7fffffff)
[   35.463076] loop0: detected capacity change from 0 to 512
[   35.471331] ext4 filesystem being mounted at /root/syzkaller.nauEo8/77/file0 supports timestamps until 2038-01-19 (0x7fffffff)
[   35.512910] loop0: detected capacity change from 0 to 512
[   35.522568] ext4 filesystem being mounted at /root/syzkaller.nauEo8/78/file0 supports timestamps until 2038-01-19 (0x7fffffff)
[   35.540769] loop0: detected capacity change from 0 to 512
[   35.541299] I/O error, dev loop0, sector 0 op 0x0:(READ) flags 0x80700 phys_seg 1 prio class 2
[   35.570549] ext4 filesystem being mounted at /root/syzkaller.nauEo8/79/file0 supports timestamps until 2038-01-19 (0x7fffffff)
[   35.598921] loop0: detected capacity change from 0 to 512
[   35.599781] I/O error, dev loop0, sector 0 op 0x0:(READ) flags 0x80700 phys_seg 1 prio class 2
[   35.612877] ext4 filesystem being mounted at /root/syzkaller.nauEo8/80/file0 supports timestamps until 2038-01-19 (0x7fffffff)
[   35.643982] loop0: detected capacity change from 0 to 512
[   35.659420] ext4 filesystem being mounted at /root/syzkaller.nauEo8/81/file0 supports timestamps until 2038-01-19 (0x7fffffff)
[   35.693394] loop0: detected capacity change from 0 to 512
[   35.694308] I/O error, dev loop0, sector 0 op 0x0:(READ) flags 0x80700 phys_seg 1 prio class 2
[   35.723052] ext4 filesystem being mounted at /root/syzkaller.nauEo8/83/file0 supports timestamps until 2038-01-19 (0x7fffffff)
[   35.763296] loop0: detected capacity change from 0 to 512
[   35.775871] ext4 filesystem being mounted at /root/syzkaller.nauEo8/84/file0 supports timestamps until 2038-01-19 (0x7fffffff)
[   35.818815] loop0: detected capacity change from 0 to 512
[   35.834822] ext4 filesystem being mounted at /root/syzkaller.nauEo8/85/file0 supports timestamps until 2038-01-19 (0x7fffffff)
[   35.880609] loop0: detected capacity change from 0 to 512
[   35.902675] ext4 filesystem being mounted at /root/syzkaller.nauEo8/86/file0 supports timestamps until 2038-01-19 (0x7fffffff)
[   35.959164] loop0: detected capacity change from 0 to 512
[   35.970817] ext4 filesystem being mounted at /root/syzkaller.nauEo8/87/file0 supports timestamps until 2038-01-19 (0x7fffffff)
[   36.001876] loop0: detected capacity change from 0 to 512
[   36.013526] ext4 filesystem being mounted at /root/syzkaller.nauEo8/88/file0 supports timestamps until 2038-01-19 (0x7fffffff)
[   36.034256] loop0: detected capacity change from 0 to 512
[   36.046471] ext4 filesystem being mounted at /root/syzkaller.nauEo8/89/file0 supports timestamps until 2038-01-19 (0x7fffffff)
[   36.079195] loop0: detected capacity change from 0 to 512
[   36.087010] ext4 filesystem being mounted at /root/syzkaller.nauEo8/90/file0 supports timestamps until 2038-01-19 (0x7fffffff)
[   36.106783] loop0: detected capacity change from 0 to 512
[   36.115755] ext4 filesystem being mounted at /root/syzkaller.nauEo8/91/file0 supports timestamps until 2038-01-19 (0x7fffffff)
[   36.140560] loop0: detected capacity change from 0 to 512
[   36.162667] ext4 filesystem being mounted at /root/syzkaller.nauEo8/92/file0 supports timestamps until 2038-01-19 (0x7fffffff)
[   36.207205] loop0: detected capacity change from 0 to 512
[   36.218698] ext4 filesystem being mounted at /root/syzkaller.nauEo8/93/file0 supports timestamps until 2038-01-19 (0x7fffffff)
[   36.239019] loop0: detected capacity change from 0 to 512
[   36.251066] ext4 filesystem being mounted at /root/syzkaller.nauEo8/94/file0 supports timestamps until 2038-01-19 (0x7fffffff)
[   36.283234] loop0: detected capacity change from 0 to 512
[   36.290829] ext4 filesystem being mounted at /root/syzkaller.nauEo8/95/file0 supports timestamps until 2038-01-19 (0x7fffffff)
[   36.323168] loop0: detected capacity change from 0 to 512
[   36.330772] ext4 filesystem being mounted at /root/syzkaller.nauEo8/96/file0 supports timestamps until 2038-01-19 (0x7fffffff)
[   36.352736] loop0: detected capacity change from 0 to 512
[   36.363266] ext4 filesystem being mounted at /root/syzkaller.nauEo8/97/file0 supports timestamps until 2038-01-19 (0x7fffffff)
[   36.387312] loop0: detected capacity change from 0 to 512
[   36.394611] ext4 filesystem being mounted at /root/syzkaller.nauEo8/98/file0 supports timestamps until 2038-01-19 (0x7fffffff)
[   36.431134] loop0: detected capacity change from 0 to 512
[   36.439011] ext4 filesystem being mounted at /root/syzkaller.nauEo8/99/file0 supports timestamps until 2038-01-19 (0x7fffffff)
[   36.474720] loop0: detected capacity change from 0 to 512
[   36.483394] ext4 filesystem being mounted at /root/syzkaller.nauEo8/100/file0 supports timestamps until 2038-01-19 (0x7fffffff)
[   36.504676] loop0: detected capacity change from 0 to 512
[   36.505246] I/O error, dev loop0, sector 0 op 0x0:(READ) flags 0x80700 phys_seg 1 prio class 2
[   36.519402] ext4 filesystem being mounted at /root/syzkaller.nauEo8/101/file0 supports timestamps until 2038-01-19 (0x7fffffff)
[   36.541102] loop0: detected capacity change from 0 to 512
[   36.550826] ext4 filesystem being mounted at /root/syzkaller.nauEo8/102/file0 supports timestamps until 2038-01-19 (0x7fffffff)
[   36.582809] loop0: detected capacity change from 0 to 512
[   36.590241] ext4 filesystem being mounted at /root/syzkaller.nauEo8/103/file0 supports timestamps until 2038-01-19 (0x7fffffff)
[   36.627082] loop0: detected capacity change from 0 to 512
[   36.635232] ext4 filesystem being mounted at /root/syzkaller.nauEo8/104/file0 supports timestamps until 2038-01-19 (0x7fffffff)
[   36.654188] loop0: detected capacity change from 0 to 512
[   36.667126] ext4 filesystem being mounted at /root/syzkaller.nauEo8/105/file0 supports timestamps until 2038-01-19 (0x7fffffff)
[   36.687671] loop0: detected capacity change from 0 to 512
[   36.699892] ext4 filesystem being mounted at /root/syzkaller.nauEo8/106/file0 supports timestamps until 2038-01-19 (0x7fffffff)
[   36.719850] loop0: detected capacity change from 0 to 512
[   36.727559] ext4 filesystem being mounted at /root/syzkaller.nauEo8/107/file0 supports timestamps until 2038-01-19 (0x7fffffff)
[   36.746994] loop0: detected capacity change from 0 to 512
[   36.763665] ext4 filesystem being mounted at /root/syzkaller.nauEo8/108/file0 supports timestamps until 2038-01-19 (0x7fffffff)
[   36.783237] loop0: detected capacity change from 0 to 512
[   36.796057] ext4 filesystem being mounted at /root/syzkaller.nauEo8/109/file0 supports timestamps until 2038-01-19 (0x7fffffff)
[   36.831075] loop0: detected capacity change from 0 to 512
[   36.841201] ext4 filesystem being mounted at /root/syzkaller.nauEo8/110/file0 supports timestamps until 2038-01-19 (0x7fffffff)
[   36.888439] loop0: detected capacity change from 0 to 512
[   36.899493] ext4 filesystem being mounted at /root/syzkaller.nauEo8/111/file0 supports timestamps until 2038-01-19 (0x7fffffff)
[   36.941816] loop0: detected capacity change from 0 to 512
[   36.949900] ext4 filesystem being mounted at /root/syzkaller.nauEo8/112/file0 supports timestamps until 2038-01-19 (0x7fffffff)
[   36.987287] loop0: detected capacity change from 0 to 512
[   36.998746] ext4 filesystem being mounted at /root/syzkaller.nauEo8/113/file0 supports timestamps until 2038-01-19 (0x7fffffff)
[   37.023480] loop0: detected capacity change from 0 to 512
[   37.034477] ext4 filesystem being mounted at /root/syzkaller.nauEo8/114/file0 supports timestamps until 2038-01-19 (0x7fffffff)
[   37.067424] loop0: detected capacity change from 0 to 512
[   37.080052] ext4 filesystem being mounted at /root/syzkaller.nauEo8/115/file0 supports timestamps until 2038-01-19 (0x7fffffff)
[   37.115427] loop0: detected capacity change from 0 to 512
[   37.122596] ext4 filesystem being mounted at /root/syzkaller.nauEo8/116/file0 supports timestamps until 2038-01-19 (0x7fffffff)
[   37.154870] loop0: detected capacity change from 0 to 512
[   37.162325] ext4 filesystem being mounted at /root/syzkaller.nauEo8/117/file0 supports timestamps until 2038-01-19 (0x7fffffff)
[   37.200441] loop0: detected capacity change from 0 to 512
[   37.210467] ext4 filesystem being mounted at /root/syzkaller.nauEo8/118/file0 supports timestamps until 2038-01-19 (0x7fffffff)
[   37.243186] loop0: detected capacity change from 0 to 512
[   37.251258] ext4 filesystem being mounted at /root/syzkaller.nauEo8/119/file0 supports timestamps until 2038-01-19 (0x7fffffff)
[   37.278696] loop0: detected capacity change from 0 to 512
[   37.287062] ext4 filesystem being mounted at /root/syzkaller.nauEo8/120/file0 supports timestamps until 2038-01-19 (0x7fffffff)
[   37.322790] loop0: detected capacity change from 0 to 512
[   37.335364] ext4 filesystem being mounted at /root/syzkaller.nauEo8/121/file0 supports timestamps until 2038-01-19 (0x7fffffff)
[   37.367103] loop0: detected capacity change from 0 to 512
[   37.374188] ext4 filesystem being mounted at /root/syzkaller.nauEo8/122/file0 supports timestamps until 2038-01-19 (0x7fffffff)
[   37.407077] loop0: detected capacity change from 0 to 512
[   37.415072] ext4 filesystem being mounted at /root/syzkaller.nauEo8/123/file0 supports timestamps until 2038-01-19 (0x7fffffff)
[   37.451311] loop0: detected capacity change from 0 to 512
[   37.463002] ext4 filesystem being mounted at /root/syzkaller.nauEo8/124/file0 supports timestamps until 2038-01-19 (0x7fffffff)
[   37.486008] loop0: detected capacity change from 0 to 512
[   37.494138] ext4 filesystem being mounted at /root/syzkaller.nauEo8/125/file0 supports timestamps until 2038-01-19 (0x7fffffff)
[   37.531901] loop0: detected capacity change from 0 to 512
[   37.541997] ext4 filesystem being mounted at /root/syzkaller.nauEo8/126/file0 supports timestamps until 2038-01-19 (0x7fffffff)
[   37.582940] loop0: detected capacity change from 0 to 512
[   37.590399] ext4 filesystem being mounted at /root/syzkaller.nauEo8/127/file0 supports timestamps until 2038-01-19 (0x7fffffff)
[   37.612572] loop0: detected capacity change from 0 to 512
[   37.618664] ext4 filesystem being mounted at /root/syzkaller.nauEo8/128/file0 supports timestamps until 2038-01-19 (0x7fffffff)
[   37.651472] loop0: detected capacity change from 0 to 512
[   37.658303] ext4 filesystem being mounted at /root/syzkaller.nauEo8/129/file0 supports timestamps until 2038-01-19 (0x7fffffff)
[   37.694930] loop0: detected capacity change from 0 to 512
[   37.702591] ext4 filesystem being mounted at /root/syzkaller.nauEo8/130/file0 supports timestamps until 2038-01-19 (0x7fffffff)
[   37.734901] loop0: detected capacity change from 0 to 512
[   37.742742] ext4 filesystem being mounted at /root/syzkaller.nauEo8/131/file0 supports timestamps until 2038-01-19 (0x7fffffff)
[   37.775076] loop0: detected capacity change from 0 to 512
[   37.784932] ext4 filesystem being mounted at /root/syzkaller.nauEo8/132/file0 supports timestamps until 2038-01-19 (0x7fffffff)
[   37.819017] loop0: detected capacity change from 0 to 512
[   37.830636] ext4 filesystem being mounted at /root/syzkaller.nauEo8/133/file0 supports timestamps until 2038-01-19 (0x7fffffff)
[   37.876967] loop0: detected capacity change from 0 to 512
[   37.882473] ext4 filesystem being mounted at /root/syzkaller.nauEo8/134/file0 supports timestamps until 2038-01-19 (0x7fffffff)
[   37.940144] loop0: detected capacity change from 0 to 512
[   37.962858] ext4 filesystem being mounted at /root/syzkaller.nauEo8/135/file0 supports timestamps until 2038-01-19 (0x7fffffff)
[   38.002486] loop0: detected capacity change from 0 to 512
[   38.010265] ext4 filesystem being mounted at /root/syzkaller.nauEo8/136/file0 supports timestamps until 2038-01-19 (0x7fffffff)
[   38.042910] loop0: detected capacity change from 0 to 512
[   38.050664] ext4 filesystem being mounted at /root/syzkaller.nauEo8/137/file0 supports timestamps until 2038-01-19 (0x7fffffff)
[   38.100181] loop0: detected capacity change from 0 to 512
[   38.109268] ext4 filesystem being mounted at /root/syzkaller.nauEo8/138/file0 supports timestamps until 2038-01-19 (0x7fffffff)
[   38.173140] loop0: detected capacity change from 0 to 512
[   38.180779] ext4 filesystem being mounted at /root/syzkaller.nauEo8/139/file0 supports timestamps until 2038-01-19 (0x7fffffff)
[   38.226912] loop0: detected capacity change from 0 to 512
[   38.245867] EXT4-fs mount: 215 callbacks suppressed
[   38.245885] EXT4-fs (loop0): mounted filesystem 00000000-0000-0000-0000-000000000000 without journal. Quota mode: writeback.
[   38.250130] ext4 filesystem being mounted at /root/syzkaller.nauEo8/140/file0 supports timestamps until 2038-01-19 (0x7fffffff)
[   38.258753] EXT4-fs (loop0): unmounting filesystem 00000000-0000-0000-0000-000000000000.
[   38.273722] loop0: detected capacity change from 0 to 512
[   38.294033] EXT4-fs (loop0): mounted filesystem 00000000-0000-0000-0000-000000000000 without journal. Quota mode: writeback.
[   38.296232] ext4 filesystem being mounted at /root/syzkaller.nauEo8/141/file0 supports timestamps until 2038-01-19 (0x7fffffff)
[   38.314456] EXT4-fs (loop0): unmounting filesystem 00000000-0000-0000-0000-000000000000.
[   38.338809] loop0: detected capacity change from 0 to 512
[   38.358854] EXT4-fs (loop0): mounted filesystem 00000000-0000-0000-0000-000000000000 without journal. Quota mode: writeback.
[   38.362111] ext4 filesystem being mounted at /root/syzkaller.nauEo8/142/file0 supports timestamps until 2038-01-19 (0x7fffffff)
[   38.370726] EXT4-fs (loop0): unmounting filesystem 00000000-0000-0000-0000-000000000000.
[   38.395215] loop0: detected capacity change from 0 to 512
[   38.402304] EXT4-fs (loop0): mounted filesystem 00000000-0000-0000-0000-000000000000 without journal. Quota mode: writeback.
[   38.405044] ext4 filesystem being mounted at /root/syzkaller.nauEo8/143/file0 supports timestamps until 2038-01-19 (0x7fffffff)
[   38.414790] EXT4-fs (loop0): unmounting filesystem 00000000-0000-0000-0000-000000000000.
[   38.439087] loop0: detected capacity change from 0 to 512
[   38.455363] EXT4-fs (loop0): mounted filesystem 00000000-0000-0000-0000-000000000000 without journal. Quota mode: writeback.
[   38.458645] ext4 filesystem being mounted at /root/syzkaller.nauEo8/144/file0 supports timestamps until 2038-01-19 (0x7fffffff)
[   38.467668] EXT4-fs (loop0): unmounting filesystem 00000000-0000-0000-0000-000000000000.
[   38.484993] loop0: detected capacity change from 0 to 512
[   38.498611] EXT4-fs (loop0): mounted filesystem 00000000-0000-0000-0000-000000000000 without journal. Quota mode: writeback.
[   38.500823] ext4 filesystem being mounted at /root/syzkaller.nauEo8/145/file0 supports timestamps until 2038-01-19 (0x7fffffff)
[   38.511445] EXT4-fs (loop0): unmounting filesystem 00000000-0000-0000-0000-000000000000.
[   38.535736] loop0: detected capacity change from 0 to 512
[   38.547079] EXT4-fs (loop0): mounted filesystem 00000000-0000-0000-0000-000000000000 without journal. Quota mode: writeback.
[   38.549358] ext4 filesystem being mounted at /root/syzkaller.nauEo8/146/file0 supports timestamps until 2038-01-19 (0x7fffffff)
[   38.561754] EXT4-fs (loop0): unmounting filesystem 00000000-0000-0000-0000-000000000000.
[   38.573717] loop0: detected capacity change from 0 to 512
[   38.581836] EXT4-fs (loop0): mounted filesystem 00000000-0000-0000-0000-000000000000 without journal. Quota mode: writeback.
[   38.583949] ext4 filesystem being mounted at /root/syzkaller.nauEo8/147/file0 supports timestamps until 2038-01-19 (0x7fffffff)
[   38.594393] EXT4-fs (loop0): unmounting filesystem 00000000-0000-0000-0000-000000000000.
[   38.607099] loop0: detected capacity change from 0 to 512
[   38.614722] EXT4-fs (loop0): mounted filesystem 00000000-0000-0000-0000-000000000000 without journal. Quota mode: writeback.
[   38.617527] ext4 filesystem being mounted at /root/syzkaller.nauEo8/148/file0 supports timestamps until 2038-01-19 (0x7fffffff)
[   38.630101] EXT4-fs (loop0): unmounting filesystem 00000000-0000-0000-0000-000000000000.
[   38.655134] loop0: detected capacity change from 0 to 512
[   38.662618] EXT4-fs (loop0): mounted filesystem 00000000-0000-0000-0000-000000000000 without journal. Quota mode: writeback.
[   38.665000] ext4 filesystem being mounted at /root/syzkaller.nauEo8/149/file0 supports timestamps until 2038-01-19 (0x7fffffff)
[   38.677299] EXT4-fs (loop0): unmounting filesystem 00000000-0000-0000-0000-000000000000.
[   38.688327] loop0: detected capacity change from 0 to 512
[   38.695339] EXT4-fs (loop0): mounted filesystem 00000000-0000-0000-0000-000000000000 without journal. Quota mode: writeback.
[   38.697818] ext4 filesystem being mounted at /root/syzkaller.nauEo8/150/file0 supports timestamps until 2038-01-19 (0x7fffffff)
[   38.707399] EXT4-fs (loop0): unmounting filesystem 00000000-0000-0000-0000-000000000000.
[   38.739174] loop0: detected capacity change from 0 to 512
[   38.746781] EXT4-fs (loop0): mounted filesystem 00000000-0000-0000-0000-000000000000 without journal. Quota mode: writeback.
[   38.748997] ext4 filesystem being mounted at /root/syzkaller.nauEo8/151/file0 supports timestamps until 2038-01-19 (0x7fffffff)
[   38.761293] EXT4-fs (loop0): unmounting filesystem 00000000-0000-0000-0000-000000000000.
[   38.787264] loop0: detected capacity change from 0 to 512
[   38.794653] EXT4-fs (loop0): mounted filesystem 00000000-0000-0000-0000-000000000000 without journal. Quota mode: writeback.
[   38.796932] ext4 filesystem being mounted at /root/syzkaller.nauEo8/152/file0 supports timestamps until 2038-01-19 (0x7fffffff)
[   38.811174] EXT4-fs (loop0): unmounting filesystem 00000000-0000-0000-0000-000000000000.
[   38.839095] loop0: detected capacity change from 0 to 512
[   38.849490] EXT4-fs (loop0): mounted filesystem 00000000-0000-0000-0000-000000000000 without journal. Quota mode: writeback.
[   38.851683] ext4 filesystem being mounted at /root/syzkaller.nauEo8/153/file0 supports timestamps until 2038-01-19 (0x7fffffff)
[   38.878707] EXT4-fs (loop0): unmounting filesystem 00000000-0000-0000-0000-000000000000.
[   38.895933] loop0: detected capacity change from 0 to 512
[   38.907226] EXT4-fs (loop0): mounted filesystem 00000000-0000-0000-0000-000000000000 without journal. Quota mode: writeback.
[   38.910546] ext4 filesystem being mounted at /root/syzkaller.nauEo8/154/file0 supports timestamps until 2038-01-19 (0x7fffffff)
[   38.944677] EXT4-fs (loop0): unmounting filesystem 00000000-0000-0000-0000-000000000000.
[   38.971394] loop0: detected capacity change from 0 to 512
[   38.983651] EXT4-fs (loop0): mounted filesystem 00000000-0000-0000-0000-000000000000 without journal. Quota mode: writeback.
[   38.986129] ext4 filesystem being mounted at /root/syzkaller.nauEo8/155/file0 supports timestamps until 2038-01-19 (0x7fffffff)
[   38.995293] EXT4-fs (loop0): unmounting filesystem 00000000-0000-0000-0000-000000000000.
[   39.016402] loop0: detected capacity change from 0 to 512
[   39.022496] EXT4-fs (loop0): mounted filesystem 00000000-0000-0000-0000-000000000000 without journal. Quota mode: writeback.
[   39.025116] ext4 filesystem being mounted at /root/syzkaller.nauEo8/156/file0 supports timestamps until 2038-01-19 (0x7fffffff)
[   39.033016] EXT4-fs (loop0): unmounting filesystem 00000000-0000-0000-0000-000000000000.
[   39.043378] loop0: detected capacity change from 0 to 512
[   39.077763] EXT4-fs (loop0): mounted filesystem 00000000-0000-0000-0000-000000000000 without journal. Quota mode: writeback.
[   39.080002] ext4 filesystem being mounted at /root/syzkaller.nauEo8/157/file0 supports timestamps until 2038-01-19 (0x7fffffff)
[   39.094298] EXT4-fs (loop0): unmounting filesystem 00000000-0000-0000-0000-000000000000.
[   39.110016] loop0: detected capacity change from 0 to 512
[   39.137851] EXT4-fs (loop0): mounted filesystem 00000000-0000-0000-0000-000000000000 without journal. Quota mode: writeback.
[   39.140061] ext4 filesystem being mounted at /root/syzkaller.nauEo8/158/file0 supports timestamps until 2038-01-19 (0x7fffffff)
[   39.154140] EXT4-fs (loop0): unmounting filesystem 00000000-0000-0000-0000-000000000000.
[   39.168105] loop0: detected capacity change from 0 to 512
[   39.183129] EXT4-fs (loop0): mounted filesystem 00000000-0000-0000-0000-000000000000 without journal. Quota mode: writeback.
[   39.186686] ext4 filesystem being mounted at /root/syzkaller.nauEo8/159/file0 supports timestamps until 2038-01-19 (0x7fffffff)
[   39.196576] EXT4-fs (loop0): unmounting filesystem 00000000-0000-0000-0000-000000000000.
[   39.223928] loop0: detected capacity change from 0 to 512
[   39.231228] EXT4-fs (loop0): mounted filesystem 00000000-0000-0000-0000-000000000000 without journal. Quota mode: writeback.
[   39.233459] ext4 filesystem being mounted at /root/syzkaller.nauEo8/160/file0 supports timestamps until 2038-01-19 (0x7fffffff)
[   39.244846] EXT4-fs (loop0): unmounting filesystem 00000000-0000-0000-0000-000000000000.
[   39.271130] loop0: detected capacity change from 0 to 512
[   39.282141] EXT4-fs (loop0): mounted filesystem 00000000-0000-0000-0000-000000000000 without journal. Quota mode: writeback.
[   39.284998] ext4 filesystem being mounted at /root/syzkaller.nauEo8/161/file0 supports timestamps until 2038-01-19 (0x7fffffff)
[   39.293847] EXT4-fs (loop0): unmounting filesystem 00000000-0000-0000-0000-000000000000.
[   39.318971] loop0: detected capacity change from 0 to 512
[   39.330186] EXT4-fs (loop0): mounted filesystem 00000000-0000-0000-0000-000000000000 without journal. Quota mode: writeback.
[   39.332405] ext4 filesystem being mounted at /root/syzkaller.nauEo8/162/file0 supports timestamps until 2038-01-19 (0x7fffffff)
[   39.344568] EXT4-fs (loop0): unmounting filesystem 00000000-0000-0000-0000-000000000000.
[   39.371014] loop0: detected capacity change from 0 to 512
[   39.378667] EXT4-fs (loop0): mounted filesystem 00000000-0000-0000-0000-000000000000 without journal. Quota mode: writeback.
[   39.380996] ext4 filesystem being mounted at /root/syzkaller.nauEo8/163/file0 supports timestamps until 2038-01-19 (0x7fffffff)
[   39.390618] EXT4-fs (loop0): unmounting filesystem 00000000-0000-0000-0000-000000000000.
[   39.415136] loop0: detected capacity change from 0 to 512
[   39.422925] EXT4-fs (loop0): mounted filesystem 00000000-0000-0000-0000-000000000000 without journal. Quota mode: writeback.
[   39.425251] ext4 filesystem being mounted at /root/syzkaller.nauEo8/164/file0 supports timestamps until 2038-01-19 (0x7fffffff)
[   39.435513] EXT4-fs (loop0): unmounting filesystem 00000000-0000-0000-0000-000000000000.
[   39.459246] loop0: detected capacity change from 0 to 512
[   39.467071] EXT4-fs (loop0): mounted filesystem 00000000-0000-0000-0000-000000000000 without journal. Quota mode: writeback.
[   39.469350] ext4 filesystem being mounted at /root/syzkaller.nauEo8/165/file0 supports timestamps until 2038-01-19 (0x7fffffff)
[   39.480878] EXT4-fs (loop0): unmounting filesystem 00000000-0000-0000-0000-000000000000.
[   39.506954] loop0: detected capacity change from 0 to 512
[   39.514617] EXT4-fs (loop0): mounted filesystem 00000000-0000-0000-0000-000000000000 without journal. Quota mode: writeback.
[   39.517878] ext4 filesystem being mounted at /root/syzkaller.nauEo8/166/file0 supports timestamps until 2038-01-19 (0x7fffffff)
[   39.528076] EXT4-fs (loop0): unmounting filesystem 00000000-0000-0000-0000-000000000000.
[   39.555867] loop0: detected capacity change from 0 to 512
[   39.567432] EXT4-fs (loop0): mounted filesystem 00000000-0000-0000-0000-000000000000 without journal. Quota mode: writeback.
[   39.569800] ext4 filesystem being mounted at /root/syzkaller.nauEo8/167/file0 supports timestamps until 2038-01-19 (0x7fffffff)
[   39.579579] EXT4-fs (loop0): unmounting filesystem 00000000-0000-0000-0000-000000000000.
[   39.607456] loop0: detected capacity change from 0 to 512
[   39.615499] EXT4-fs (loop0): mounted filesystem 00000000-0000-0000-0000-000000000000 without journal. Quota mode: writeback.
[   39.617781] ext4 filesystem being mounted at /root/syzkaller.nauEo8/168/file0 supports timestamps until 2038-01-19 (0x7fffffff)
[   39.629197] EXT4-fs (loop0): unmounting filesystem 00000000-0000-0000-0000-000000000000.
[   39.641077] loop0: detected capacity change from 0 to 512
[   39.647282] EXT4-fs (loop0): mounted filesystem 00000000-0000-0000-0000-000000000000 without journal. Quota mode: writeback.
[   39.649665] ext4 filesystem being mounted at /root/syzkaller.nauEo8/169/file0 supports timestamps until 2038-01-19 (0x7fffffff)
[   39.659419] EXT4-fs (loop0): unmounting filesystem 00000000-0000-0000-0000-000000000000.
[   39.670917] loop0: detected capacity change from 0 to 512
[   39.680131] EXT4-fs (loop0): mounted filesystem 00000000-0000-0000-0000-000000000000 without journal. Quota mode: writeback.
[   39.685949] ext4 filesystem being mounted at /root/syzkaller.nauEo8/170/file0 supports timestamps until 2038-01-19 (0x7fffffff)
[   39.696040] EXT4-fs (loop0): unmounting filesystem 00000000-0000-0000-0000-000000000000.
[   39.723120] loop0: detected capacity change from 0 to 512
[   39.730925] EXT4-fs (loop0): mounted filesystem 00000000-0000-0000-0000-000000000000 without journal. Quota mode: writeback.
[   39.733160] ext4 filesystem being mounted at /root/syzkaller.nauEo8/171/file0 supports timestamps until 2038-01-19 (0x7fffffff)
[   39.743154] EXT4-fs (loop0): unmounting filesystem 00000000-0000-0000-0000-000000000000.
[   39.754762] loop0: detected capacity change from 0 to 512
[   39.762248] ext4 filesystem being mounted at /root/syzkaller.nauEo8/172/file0 supports timestamps until 2038-01-19 (0x7fffffff)
[   39.780749] loop0: detected capacity change from 0 to 512
[   39.781857] I/O error, dev loop0, sector 0 op 0x0:(READ) flags 0x80700 phys_seg 1 prio class 2
[   39.810113] ext4 filesystem being mounted at /root/syzkaller.nauEo8/173/file0 supports timestamps until 2038-01-19 (0x7fffffff)
[   39.849518] loop0: detected capacity change from 0 to 512
[   39.854082] ext4 filesystem being mounted at /root/syzkaller.nauEo8/174/file0 supports timestamps until 2038-01-19 (0x7fffffff)
[   39.891602] loop0: detected capacity change from 0 to 512
[   39.931875] ext4 filesystem being mounted at /root/syzkaller.nauEo8/175/file0 supports timestamps until 2038-01-19 (0x7fffffff)
[   39.986004] loop0: detected capacity change from 0 to 512
[   40.008687] ext4 filesystem being mounted at /root/syzkaller.nauEo8/176/file0 supports timestamps until 2038-01-19 (0x7fffffff)
[   40.047776] loop0: detected capacity change from 0 to 512
[   40.060502] ext4 filesystem being mounted at /root/syzkaller.nauEo8/177/file0 supports timestamps until 2038-01-19 (0x7fffffff)
[   40.090665] loop0: detected capacity change from 0 to 512
[   40.102073] ext4 filesystem being mounted at /root/syzkaller.nauEo8/178/file0 supports timestamps until 2038-01-19 (0x7fffffff)
[   40.135090] loop0: detected capacity change from 0 to 512
[   40.143950] ext4 filesystem being mounted at /root/syzkaller.nauEo8/179/file0 supports timestamps until 2038-01-19 (0x7fffffff)
[   40.182944] loop0: detected capacity change from 0 to 512
[   40.190114] ext4 filesystem being mounted at /root/syzkaller.nauEo8/180/file0 supports timestamps until 2038-01-19 (0x7fffffff)
[   40.223326] loop0: detected capacity change from 0 to 512
[   40.233746] ext4 filesystem being mounted at /root/syzkaller.nauEo8/181/file0 supports timestamps until 2038-01-19 (0x7fffffff)
[   40.253878] loop0: detected capacity change from 0 to 512
[   40.254604] I/O error, dev loop0, sector 0 op 0x0:(READ) flags 0x80700 phys_seg 1 prio class 2
[   40.263141] ext4 filesystem being mounted at /root/syzkaller.nauEo8/182/file0 supports timestamps until 2038-01-19 (0x7fffffff)
[   40.295327] loop0: detected capacity change from 0 to 512
[   40.302480] ext4 filesystem being mounted at /root/syzkaller.nauEo8/183/file0 supports timestamps until 2038-01-19 (0x7fffffff)
[   40.327146] loop0: detected capacity change from 0 to 512
[   40.338000] ext4 filesystem being mounted at /root/syzkaller.nauEo8/184/file0 supports timestamps until 2038-01-19 (0x7fffffff)
[   40.371252] loop0: detected capacity change from 0 to 512
[   40.378917] ext4 filesystem being mounted at /root/syzkaller.nauEo8/185/file0 supports timestamps until 2038-01-19 (0x7fffffff)
[   40.399123] loop0: detected capacity change from 0 to 512
[   40.414634] ext4 filesystem being mounted at /root/syzkaller.nauEo8/186/file0 supports timestamps until 2038-01-19 (0x7fffffff)
[   40.434382] loop0: detected capacity change from 0 to 512
[   40.446249] ext4 filesystem being mounted at /root/syzkaller.nauEo8/187/file0 supports timestamps until 2038-01-19 (0x7fffffff)
[   40.479312] loop0: detected capacity change from 0 to 512
[   40.487230] ext4 filesystem being mounted at /root/syzkaller.nauEo8/188/file0 supports timestamps until 2038-01-19 (0x7fffffff)
[   40.519110] loop0: detected capacity change from 0 to 512
[   40.526750] ext4 filesystem being mounted at /root/syzkaller.nauEo8/189/file0 supports timestamps until 2038-01-19 (0x7fffffff)
[   40.563401] loop0: detected capacity change from 0 to 512
[   40.570779] ext4 filesystem being mounted at /root/syzkaller.nauEo8/190/file0 supports timestamps until 2038-01-19 (0x7fffffff)
[   40.603046] loop0: detected capacity change from 0 to 512
[   40.614669] ext4 filesystem being mounted at /root/syzkaller.nauEo8/191/file0 supports timestamps until 2038-01-19 (0x7fffffff)
[   40.636334] loop0: detected capacity change from 0 to 512
[   40.641798] ext4 filesystem being mounted at /root/syzkaller.nauEo8/192/file0 supports timestamps until 2038-01-19 (0x7fffffff)
[   40.661628] loop0: detected capacity change from 0 to 512
[   40.670493] ext4 filesystem being mounted at /root/syzkaller.nauEo8/193/file0 supports timestamps until 2038-01-19 (0x7fffffff)
[   40.694982] loop0: detected capacity change from 0 to 512
[   40.702153] ext4 filesystem being mounted at /root/syzkaller.nauEo8/194/file0 supports timestamps until 2038-01-19 (0x7fffffff)
[   40.719040] loop0: detected capacity change from 0 to 512
[   40.730199] ext4 filesystem being mounted at /root/syzkaller.nauEo8/195/file0 supports timestamps until 2038-01-19 (0x7fffffff)
[   40.749301] loop0: detected capacity change from 0 to 512
[   40.754227] ext4 filesystem being mounted at /root/syzkaller.nauEo8/196/file0 supports timestamps until 2038-01-19 (0x7fffffff)
[   40.776956] loop0: detected capacity change from 0 to 512
[   40.788683] ext4 filesystem being mounted at /root/syzkaller.nauEo8/197/file0 supports timestamps until 2038-01-19 (0x7fffffff)
[   40.814862] loop0: detected capacity change from 0 to 512
[   40.841615] ext4 filesystem being mounted at /root/syzkaller.nauEo8/198/file0 supports timestamps until 2038-01-19 (0x7fffffff)
[   40.876625] loop0: detected capacity change from 0 to 512
[   40.902019] ext4 filesystem being mounted at /root/syzkaller.nauEo8/199/file0 supports timestamps until 2038-01-19 (0x7fffffff)
[   40.936641] loop0: detected capacity change from 0 to 512
[   40.946518] ext4 filesystem being mounted at /root/syzkaller.nauEo8/200/file0 supports timestamps until 2038-01-19 (0x7fffffff)
[   40.982439] loop0: detected capacity change from 0 to 512
[   40.990116] ext4 filesystem being mounted at /root/syzkaller.nauEo8/201/file0 supports timestamps until 2038-01-19 (0x7fffffff)
[   41.027429] loop0: detected capacity change from 0 to 512
[   41.051646] ext4 filesystem being mounted at /root/syzkaller.nauEo8/202/file0 supports timestamps until 2038-01-19 (0x7fffffff)
[   41.081696] loop0: detected capacity change from 0 to 512
[   41.106677] ext4 filesystem being mounted at /root/syzkaller.nauEo8/203/file0 supports timestamps until 2038-01-19 (0x7fffffff)
[   41.138010] loop0: detected capacity change from 0 to 512
[   41.162054] ext4 filesystem being mounted at /root/syzkaller.nauEo8/204/file0 supports timestamps until 2038-01-19 (0x7fffffff)
[   41.203128] loop0: detected capacity change from 0 to 512
[   41.223586] ext4 filesystem being mounted at /root/syzkaller.nauEo8/205/file0 supports timestamps until 2038-01-19 (0x7fffffff)
[   41.255168] loop0: detected capacity change from 0 to 512
[   41.263165] ext4 filesystem being mounted at /root/syzkaller.nauEo8/206/file0 supports timestamps until 2038-01-19 (0x7fffffff)
[   41.294560] loop0: detected capacity change from 0 to 512
[   41.305147] ext4 filesystem being mounted at /root/syzkaller.nauEo8/207/file0 supports timestamps until 2038-01-19 (0x7fffffff)
[   41.338601] loop0: detected capacity change from 0 to 512
[   41.347402] ext4 filesystem being mounted at /root/syzkaller.nauEo8/208/file0 supports timestamps until 2038-01-19 (0x7fffffff)
[   41.379342] loop0: detected capacity change from 0 to 512
[   41.390119] ext4 filesystem being mounted at /root/syzkaller.nauEo8/209/file0 supports timestamps until 2038-01-19 (0x7fffffff)
[   41.423058] loop0: detected capacity change from 0 to 512
[   41.430427] ext4 filesystem being mounted at /root/syzkaller.nauEo8/210/file0 supports timestamps until 2038-01-19 (0x7fffffff)
[   41.454377] loop0: detected capacity change from 0 to 512
[   41.463375] ext4 filesystem being mounted at /root/syzkaller.nauEo8/211/file0 supports timestamps until 2038-01-19 (0x7fffffff)
[   41.495403] loop0: detected capacity change from 0 to 512
[   41.502399] ext4 filesystem being mounted at /root/syzkaller.nauEo8/212/file0 supports timestamps until 2038-01-19 (0x7fffffff)
