c[?7l[2J[0mSeaBIOS (version rel-1.16.0-0-gd239552ce722-prebuilt.qemu.org)


iPXE (http://ipxe.org) 00:03.0 CA00 PCI2.10 PnP PMM+7FF91000+7FEF1000 CA00
Press Ctrl-B to configure iPXE (PCI 00:03.0)...                                                                               


Booting from ROM...
c[?7l[2J[    0.000000] Linux version 5.17.0-a8988507e577+ (root@p-rpls01) (gcc (GCC) 8.5.0 20210514 (Red Hat 8.5.0-19), GNU ld version 2.36.1-2.el8) #1 SMP PREEMPT_DYNAMIC Wed Jun 7 14:34:35 CST 2023
[    0.000000] Command line: console=ttyS0 root=/dev/sda earlyprintk=serial net.ifnames=0
[    0.000000] KERNEL supported cpus:
[    0.000000]   Intel GenuineIntel
[    0.000000]   AMD AuthenticAMD
[    0.000000]   Hygon HygonGenuine
[    0.000000]   Centaur CentaurHauls
[    0.000000]   zhaoxin   Shanghai  
[    0.000000] x86/fpu: Supporting XSAVE feature 0x001: 'x87 floating point registers'
[    0.000000] x86/fpu: Supporting XSAVE feature 0x002: 'SSE registers'
[    0.000000] x86/fpu: Supporting XSAVE feature 0x004: 'AVX registers'
[    0.000000] x86/fpu: Supporting XSAVE feature 0x200: 'Protection Keys User registers'
[    0.000000] x86/fpu: xstate_offset[2]:  576, xstate_sizes[2]:  256
[    0.000000] x86/fpu: xstate_offset[9]:  832, xstate_sizes[9]:    8
[    0.000000] x86/fpu: Enabled xstate features 0x207, context size is 840 bytes, using 'compacted' format.
[    0.000000] signal: max sigframe size: 3632
[    0.000000] BIOS-provided physical RAM map:
[    0.000000] BIOS-e820: [mem 0x0000000000000000-0x000000000009fbff] usable
[    0.000000] BIOS-e820: [mem 0x000000000009fc00-0x000000000009ffff] reserved
[    0.000000] BIOS-e820: [mem 0x00000000000f0000-0x00000000000fffff] reserved
[    0.000000] BIOS-e820: [mem 0x0000000000100000-0x000000007ffdffff] usable
[    0.000000] BIOS-e820: [mem 0x000000007ffe0000-0x000000007fffffff] reserved
[    0.000000] BIOS-e820: [mem 0x00000000feffc000-0x00000000feffffff] reserved
[    0.000000] BIOS-e820: [mem 0x00000000fffc0000-0x00000000ffffffff] reserved
[    0.000000] printk: bootconsole [earlyser0] enabled
[    0.000000] NX (Execute Disable) protection: active
[    0.000000] SMBIOS 2.8 present.
[    0.000000] DMI: QEMU Standard PC (i440FX + PIIX, 1996), BIOS rel-1.16.0-0-gd239552ce722-prebuilt.qemu.org 04/01/2014
[    0.000000] Hypervisor detected: KVM
[    0.000000] kvm-clock: Using msrs 4b564d01 and 4b564d00
[    0.000005] kvm-clock: using sched offset of 799214191 cycles
[    0.001215] clocksource: kvm-clock: mask: 0xffffffffffffffff max_cycles: 0x1cd42e4dffb, max_idle_ns: 881590591483 ns
[    0.005016] tsc: Detected 806.400 MHz processor
[    0.013054] last_pfn = 0x7ffe0 max_arch_pfn = 0x400000000
[    0.014594] x86/PAT: Configuration [0-7]: WB  WC  UC- UC  WB  WP  UC- WT  
[    0.025133] found SMP MP-table at [mem 0x000f5ba0-0x000f5baf]
[    0.026915] Using GB pages for direct mapping
[    0.029797] ACPI: Early table checksum verification disabled
[    0.031247] ACPI: RSDP 0x00000000000F59C0 000014 (v00 BOCHS )
[    0.032608] ACPI: RSDT 0x000000007FFE1951 000034 (v01 BOCHS  BXPC     00000001 BXPC 00000001)
[    0.034664] ACPI: FACP 0x000000007FFE17FD 000074 (v01 BOCHS  BXPC     00000001 BXPC 00000001)
[    0.036666] ACPI: DSDT 0x000000007FFE0040 0017BD (v01 BOCHS  BXPC     00000001 BXPC 00000001)
[    0.038659] ACPI: FACS 0x000000007FFE0000 000040
[    0.039728] ACPI: APIC 0x000000007FFE1871 000080 (v01 BOCHS  BXPC     00000001 BXPC 00000001)
[    0.041694] ACPI: HPET 0x000000007FFE18F1 000038 (v01 BOCHS  BXPC     00000001 BXPC 00000001)
[    0.043684] ACPI: WAET 0x000000007FFE1929 000028 (v01 BOCHS  BXPC     00000001 BXPC 00000001)
[    0.045663] ACPI: Reserving FACP table memory at [mem 0x7ffe17fd-0x7ffe1870]
[    0.047298] ACPI: Reserving DSDT table memory at [mem 0x7ffe0040-0x7ffe17fc]
[    0.048923] ACPI: Reserving FACS table memory at [mem 0x7ffe0000-0x7ffe003f]
[    0.050554] ACPI: Reserving APIC table memory at [mem 0x7ffe1871-0x7ffe18f0]
[    0.052176] ACPI: Reserving HPET table memory at [mem 0x7ffe18f1-0x7ffe1928]
[    0.053800] ACPI: Reserving WAET table memory at [mem 0x7ffe1929-0x7ffe1950]
[    0.056978] No NUMA configuration found
[    0.057879] Faking a node at [mem 0x0000000000000000-0x000000007ffdffff]
[    0.059530] NODE_DATA(0) allocated [mem 0x7ffb5000-0x7ffdffff]
[    0.064661] Zone ranges:
[    0.065267]   DMA      [mem 0x0000000000001000-0x0000000000ffffff]
[    0.066702]   DMA32    [mem 0x0000000001000000-0x000000007ffdffff]
[    0.068126]   Normal   empty
[    0.068783]   Device   empty
[    0.069446] Movable zone start for each node
[    0.070424] Early memory node ranges
[    0.071238]   node   0: [mem 0x0000000000001000-0x000000000009efff]
[    0.072693]   node   0: [mem 0x0000000000100000-0x000000007ffdffff]
[    0.074145] Initmem setup node 0 [mem 0x0000000000001000-0x000000007ffdffff]
[    0.076902] On node 0, zone DMA: 1 pages in unavailable ranges
[    0.077455] On node 0, zone DMA: 97 pages in unavailable ranges
[    0.162968] On node 0, zone DMA32: 32 pages in unavailable ranges
[    1.339685] kasan: KernelAddressSanitizer initialized
[    1.342102] ACPI: PM-Timer IO Port: 0x608
[    1.342823] ACPI: LAPIC_NMI (acpi_id[0xff] dfl dfl lint[0x1])
[    1.343881] IOAPIC[0]: apic_id 0, version 17, address 0xfec00000, GSI 0-23
[    1.345010] ACPI: INT_SRC_OVR (bus 0 bus_irq 0 global_irq 2 dfl dfl)
[    1.346039] ACPI: INT_SRC_OVR (bus 0 bus_irq 5 global_irq 5 high level)
[    1.347108] ACPI: INT_SRC_OVR (bus 0 bus_irq 9 global_irq 9 high level)
[    1.348186] ACPI: INT_SRC_OVR (bus 0 bus_irq 10 global_irq 10 high level)
[    1.349280] ACPI: INT_SRC_OVR (bus 0 bus_irq 11 global_irq 11 high level)
[    1.350387] ACPI: Using ACPI (MADT) for SMP configuration information
[    1.351429] ACPI: HPET id: 0x8086a201 base: 0xfed00000
[    1.352294] TSC deadline timer available
[    1.352938] smpboot: Allowing 2 CPUs, 0 hotplug CPUs
[    1.353930] kvm-guest: KVM setup pv remote TLB flush
[    1.354751] kvm-guest: setup PV sched yield
[    1.355544] PM: hibernation: Registered nosave memory: [mem 0x00000000-0x00000fff]
[    1.356770] PM: hibernation: Registered nosave memory: [mem 0x0009f000-0x0009ffff]
[    1.357992] PM: hibernation: Registered nosave memory: [mem 0x000a0000-0x000effff]
[    1.359211] PM: hibernation: Registered nosave memory: [mem 0x000f0000-0x000fffff]
[    1.360435] [mem 0x80000000-0xfeffbfff] available for PCI devices
[    1.361420] Booting paravirtualized kernel on KVM
[    1.362219] clocksource: refined-jiffies: mask: 0xffffffff max_cycles: 0xffffffff, max_idle_ns: 7645519600211568 ns
[    1.363933] setup_percpu: NR_CPUS:8192 nr_cpumask_bits:2 nr_cpu_ids:2 nr_node_ids:1
[    1.366694] percpu: Embedded 79 pages/cpu s286720 r8192 d28672 u1048576
[    1.368043] kvm-guest: PV spinlocks enabled
[    1.368736] PV qspinlock hash table entries: 256 (order: 0, 4096 bytes, linear)
[    1.369957] Fallback order for Node 0: 0 
[    1.370624] Built 1 zonelists, mobility grouping on.  Total pages: 515808
[    1.371719] Policy zone: DMA32
[    1.372217] Kernel command line: net.ifnames=0 console=ttyS0 root=/dev/sda earlyprintk=serial net.ifnames=0
[    1.376507] Dentry cache hash table entries: 262144 (order: 9, 2097152 bytes, linear)
[    1.388046] Inode-cache hash table entries: 131072 (order: 8, 1048576 bytes, linear)
[    1.389493] mem auto-init: stack:off, heap alloc:off, heap free:off
[    1.390508] Stack Depot allocating hash table with memblock_alloc
[    1.448824] Memory: 1357240K/2096632K available (65552K kernel code, 14396K rwdata, 13792K rodata, 3972K init, 24416K bss, 739136K reserved, 0K cma-reserved)
[    1.451172] random: get_random_u64 called from __kmem_cache_create+0x2d/0x4f0 with crng_init=0
[    1.452154] SLUB: HWalign=64, Order=0-3, MinObjects=0, CPUs=2, Nodes=1
[    1.454582] kmemleak: Kernel memory leak detector disabled
[    1.455543] ftrace: allocating 66108 entries in 259 pages
[    1.493653] ftrace: allocated 259 pages with 3 groups
[    1.498971] Dynamic Preempt: voluntary
[    1.499874] Running RCU self tests
[    1.500453] rcu: Preemptible hierarchical RCU implementation.
[    1.501377] rcu: 	RCU lockdep checking is enabled.
[    1.502153] rcu: 	RCU restricting CPUs from NR_CPUS=8192 to nr_cpu_ids=2.
[    1.503238] 	Trampoline variant of Tasks RCU enabled.
[    1.504047] 	Rude variant of Tasks RCU enabled.
[    1.504768] 	Tracing variant of Tasks RCU enabled.
[    1.505532] rcu: RCU calculated value of scheduler-enlistment delay is 25 jiffies.
[    1.506752] rcu: Adjusting geometry for rcu_fanout_leaf=16, nr_cpu_ids=2
[    1.540326] NR_IRQS: 524544, nr_irqs: 440, preallocated irqs: 16
[    1.556611] Console: colour VGA+ 80x25
[    1.557319] printk: console [ttyS0] enabled
[    1.557319] printk: console [ttyS0] enabled
[    1.558692] printk: bootconsole [earlyser0] disabled
[    1.558692] printk: bootconsole [earlyser0] disabled
[    1.560308] Lock dependency validator: Copyright (c) 2006 Red Hat, Inc., Ingo Molnar
[    1.561578] ... MAX_LOCKDEP_SUBCLASSES:  8
[    1.562264] ... MAX_LOCK_DEPTH:          48
[    1.562960] ... MAX_LOCKDEP_KEYS:        8192
[    1.563685] ... CLASSHASH_SIZE:          4096
[    1.564411] ... MAX_LOCKDEP_ENTRIES:     32768
[    1.565149] ... MAX_LOCKDEP_CHAINS:      65536
[    1.565889] ... CHAINHASH_SIZE:          32768
[    1.566628]  memory used by lock dependency info: 6365 kB
[    1.567518]  memory used for stack traces: 4224 kB
[    1.568309]  per task-struct memory footprint: 1920 bytes
[    1.569263] ACPI: Core revision 20211217
[    1.570354] clocksource: hpet: mask: 0xffffffff max_cycles: 0xffffffff, max_idle_ns: 19112604467 ns
[    1.572053] APIC: Switch to symmetric I/O mode setup
[    1.573359] x2apic enabled
[    1.574291] Switched APIC routing to physical x2apic.
[    1.575137] kvm-guest: setup PV IPIs
[    1.577828] ..TIMER: vector=0x30 apic1=0 pin1=2 apic2=-1 pin2=-1
[    1.578879] clocksource: tsc-early: mask: 0xffffffffffffffff max_cycles: 0xb9fb05486c, max_idle_ns: 440795231721 ns
[    1.580651] Calibrating delay loop (skipped) preset value.. 1612.80 BogoMIPS (lpj=3225600)
[    1.582017] pid_max: default: 32768 minimum: 301
[    1.582958] LSM: Security Framework initializing
[    1.583772] Yama: becoming mindful.
[    1.584990] Mount-cache hash table entries: 4096 (order: 3, 32768 bytes, linear)
[    1.586219] Mountpoint-cache hash table entries: 4096 (order: 3, 32768 bytes, linear)
[    1.589630] CPU0: Thermal monitoring enabled (TM1)
[    1.592704] x86/cpu: User Mode Instruction Prevention (UMIP) activated
[    1.597732] Last level iTLB entries: 4KB 0, 2MB 0, 4MB 0
[    1.598722] Last level dTLB entries: 4KB 0, 2MB 0, 4MB 0, 1GB 0
[    1.599791] Spectre V1 : Mitigation: usercopy/swapgs barriers and __user pointer sanitization
[    1.600660] Spectre V2 : WARNING: Unprivileged eBPF is enabled with eIBRS on, data leaks possible via Spectre v2 BHB attacks!
[    1.602480] Spectre V2 : Mitigation: Enhanced IBRS
[    1.603249] Spectre V2 : Spectre v2 / SpectreRSB mitigation: Filling RSB on context switch
[    1.604652] Spectre V2 : mitigation: Enabling conditional Indirect Branch Prediction Barrier
[    1.605988] Speculative Store Bypass: Mitigation: Speculative Store Bypass disabled via prctl
[    1.658049] Freeing SMP alternatives memory: 52K
[    1.659710] smpboot: CPU0: Genuine Intel(R) 0000 (family: 0x6, model: 0xb7, stepping: 0x0)
[    1.660634] cblist_init_generic: Setting adjustable number of callback queues.
[    1.660634] cblist_init_generic: Setting shift to 1 and lim to 1.
[    1.660716] cblist_init_generic: Setting shift to 1 and lim to 1.
[    1.661788] cblist_init_generic: Setting shift to 1 and lim to 1.
[    1.662847] Running RCU-tasks wait API self tests
[    1.764849] Performance Events: generic architected perfmon, full-width counters, Intel PMU driver.
[    1.766347] ... version:                2
[    1.766942] ... bit width:              48
[    1.767547] ... generic registers:      6
[    1.768141] ... value mask:             0000ffffffffffff
[    1.768641] ... max period:             00007fffffffffff
[    1.769420] ... fixed-purpose events:   3
[    1.770012] ... event mask:             000000070000003f
[    1.771339] rcu: Hierarchical SRCU implementation.
[    1.776664] Callback from call_rcu_tasks_trace() invoked.
[    1.778494] smp: Bringing up secondary CPUs ...
[    1.779767] x86: Booting SMP configuration:
[    1.780432] .... node  #0, CPUs:      #1
[    1.781064] smp: Brought up 1 node, 2 CPUs
[    1.782008] smpboot: Max logical packages: 1
[    1.782639] smpboot: Total of 2 processors activated (3225.60 BogoMIPS)
[    1.793507] devtmpfs: initialized
[    1.794021] x86/mm: Memory block size: 128MB
[    1.813027] clocksource: jiffies: mask: 0xffffffff max_cycles: 0xffffffff, max_idle_ns: 7645041785100000 ns
[    1.814543] futex hash table entries: 512 (order: 4, 65536 bytes, linear)
[    1.816121] pinctrl core: initialized pinctrl subsystem
[    1.818029] 
[    1.818276] *************************************************************
[    1.819291] **     NOTICE NOTICE NOTICE NOTICE NOTICE NOTICE NOTICE    **
[    1.820313] **                                                         **
[    1.820641] **  IOMMU DebugFS SUPPORT HAS BEEN ENABLED IN THIS KERNEL  **
[    1.821657] **                                                         **
[    1.822671] ** This means that this kernel is built to expose internal **
[    1.823692] ** IOMMU data structures, which may compromise security on **
[    1.824640] ** your system.                                            **
[    1.825655] **                                                         **
[    1.826670] ** If you see this message and you are not debugging the   **
[    1.827689] ** kernel, report this immediately to your vendor!         **
[    1.828640] **                                                         **
[    1.829655] **     NOTICE NOTICE NOTICE NOTICE NOTICE NOTICE NOTICE    **
[    1.830669] *************************************************************
[    1.831811] PM: RTC time: 08:33:24, date: 2023-06-11
[    1.835656] NET: Registered PF_NETLINK/PF_ROUTE protocol family
[    1.837635] DMA: preallocated 256 KiB GFP_KERNEL pool for atomic allocations
[    1.838785] DMA: preallocated 256 KiB GFP_KERNEL|GFP_DMA pool for atomic allocations
[    1.840023] DMA: preallocated 256 KiB GFP_KERNEL|GFP_DMA32 pool for atomic allocations
[    1.840717] audit: initializing netlink subsys (disabled)
[    1.841577] audit: type=2000 audit(1686472405.351:1): state=initialized audit_enabled=0 res=1
[    1.842743] thermal_sys: Registered thermal governor 'fair_share'
[    1.842753] thermal_sys: Registered thermal governor 'bang_bang'
[    1.844647] thermal_sys: Registered thermal governor 'step_wise'
[    1.845570] thermal_sys: Registered thermal governor 'user_space'
[    1.846588] cpuidle: using governor ladder
[    1.848670] cpuidle: using governor menu
[    1.849738] acpiphp: ACPI Hot Plug PCI Controller Driver version: 0.5
[    1.851524] PCI: Using configuration type 1 for base access
[    1.868693] Callback from call_rcu_tasks_rude() invoked.
[    1.887279] kprobes: kprobe jump-optimization is enabled. All kprobes are optimized if possible.
[    1.888864] HugeTLB registered 1.00 GiB page size, pre-allocated 0 pages
[    1.889791] HugeTLB registered 2.00 MiB page size, pre-allocated 0 pages
[    1.897910] ACPI: Added _OSI(Module Device)
[    1.900658] ACPI: Added _OSI(Processor Device)
[    1.901388] ACPI: Added _OSI(3.0 _SCP Extensions)
[    1.902164] ACPI: Added _OSI(Processor Aggregator Device)
[    1.903068] ACPI: Added _OSI(Linux-Dell-Video)
[    1.903799] ACPI: Added _OSI(Linux-Lenovo-NV-HDMI-Audio)
[    1.904645] ACPI: Added _OSI(Linux-HPI-Hybrid-Graphics)
[    1.920745] ACPI: 1 ACPI AML tables successfully acquired and loaded
[    1.929164] ACPI: Interpreter enabled
[    1.929984] ACPI: PM: (supports S0 S3 S4 S5)
[    1.930700] ACPI: Using IOAPIC for interrupt routing
[    1.931636] PCI: Using host bridge windows from ACPI; if necessary, use "pci=nocrs" and report a bug
[    1.933931] ACPI: Enabled 2 GPEs in block 00 to 0F
[    1.969331] ACPI: PCI Root Bridge [PCI0] (domain 0000 [bus 00-ff])
[    1.970419] acpi PNP0A03:00: _OSC: OS supports [ASPM ClockPM Segments MSI EDR HPX-Type3]
[    1.971750] acpi PNP0A03:00: _OSC: not requesting OS control; OS requires [ExtendedConfig ASPM ClockPM MSI]
[    1.972822] Callback from call_rcu_tasks() invoked.
[    1.972898] acpi PNP0A03:00: fail to add MMCONFIG information, can't access extended PCI configuration space under this bridge.
[    1.980168] acpiphp: Slot [3] registered
[    1.980782] acpiphp: Slot [4] registered
[    1.981580] acpiphp: Slot [5] registered
[    1.982407] acpiphp: Slot [6] registered
[    1.983194] acpiphp: Slot [7] registered
[    1.983975] acpiphp: Slot [8] registered
[    1.984766] acpiphp: Slot [9] registered
[    1.985611] acpiphp: Slot [10] registered
[    1.986406] acpiphp: Slot [11] registered
[    1.987199] acpiphp: Slot [12] registered
[    1.988001] acpiphp: Slot [13] registered
[    1.988822] acpiphp: Slot [14] registered
[    1.989627] acpiphp: Slot [15] registered
[    1.990420] acpiphp: Slot [16] registered
[    1.991221] acpiphp: Slot [17] registered
[    1.992062] acpiphp: Slot [18] registered
[    1.992766] acpiphp: Slot [19] registered
[    1.993556] acpiphp: Slot [20] registered
[    1.994370] acpiphp: Slot [21] registered
[    1.995209] acpiphp: Slot [22] registered
[    1.996011] acpiphp: Slot [23] registered
[    1.996780] acpiphp: Slot [24] registered
[    1.997570] acpiphp: Slot [25] registered
[    1.998432] acpiphp: Slot [26] registered
[    1.999241] acpiphp: Slot [27] registered
[    2.000039] acpiphp: Slot [28] registered
[    2.000765] acpiphp: Slot [29] registered
[    2.001607] acpiphp: Slot [30] registered
[    2.002409] acpiphp: Slot [31] registered
[    2.003158] PCI host bridge to bus 0000:00
[    2.003859] pci_bus 0000:00: root bus resource [io  0x0000-0x0cf7 window]
[    2.004644] pci_bus 0000:00: root bus resource [io  0x0d00-0xffff window]
[    2.005765] pci_bus 0000:00: root bus resource [mem 0x000a0000-0x000bffff window]
[    2.006996] pci_bus 0000:00: root bus resource [mem 0x80000000-0xfebfffff window]
[    2.008233] pci_bus 0000:00: root bus resource [mem 0x100000000-0x17fffffff window]
[    2.008646] pci_bus 0000:00: root bus resource [bus 00-ff]
[    2.009757] pci 0000:00:00.0: [8086:1237] type 00 class 0x060000
[    2.020765] pci 0000:00:01.0: [8086:7000] type 00 class 0x060100
[    2.023312] pci 0000:00:01.1: [8086:7010] type 00 class 0x010180
[    2.025883] pci 0000:00:01.1: reg 0x20: [io  0xc040-0xc04f]
[    2.027536] pci 0000:00:01.1: legacy IDE quirk: reg 0x10: [io  0x01f0-0x01f7]
[    2.028645] pci 0000:00:01.1: legacy IDE quirk: reg 0x14: [io  0x03f6]
[    2.029723] pci 0000:00:01.1: legacy IDE quirk: reg 0x18: [io  0x0170-0x0177]
[    2.030904] pci 0000:00:01.1: legacy IDE quirk: reg 0x1c: [io  0x0376]
[    2.032494] pci 0000:00:01.3: [8086:7113] type 00 class 0x068000
[    2.033343] pci 0000:00:01.3: quirk: [io  0x0600-0x063f] claimed by PIIX4 ACPI
[    2.034716] pci 0000:00:01.3: quirk: [io  0x0700-0x070f] claimed by PIIX4 SMB
[    2.037407] pci 0000:00:02.0: [1234:1111] type 00 class 0x030000
[    2.041030] pci 0000:00:02.0: reg 0x10: [mem 0xfd000000-0xfdffffff pref]
[    2.044097] pci 0000:00:02.0: reg 0x18: [mem 0xfebf0000-0xfebf0fff]
[    2.048712] pci 0000:00:02.0: reg 0x30: [mem 0xfebe0000-0xfebeffff pref]
[    2.050460] pci 0000:00:02.0: Video device with shadowed ROM at [mem 0x000c0000-0x000dffff]
[    2.063561] pci 0000:00:03.0: [8086:100e] type 00 class 0x020000
[    2.065373] pci 0000:00:03.0: reg 0x10: [mem 0xfebc0000-0xfebdffff]
[    2.067010] pci 0000:00:03.0: reg 0x14: [io  0xc000-0xc03f]
[    2.070886] pci 0000:00:03.0: reg 0x30: [mem 0xfeb80000-0xfebbffff pref]
[    2.114280] ACPI: PCI: Interrupt link LNKA configured for IRQ 10
[    2.116311] ACPI: PCI: Interrupt link LNKB configured for IRQ 10
[    2.117515] ACPI: PCI: Interrupt link LNKC configured for IRQ 11
[    2.119351] ACPI: PCI: Interrupt link LNKD configured for IRQ 11
[    2.120766] ACPI: PCI: Interrupt link LNKS configured for IRQ 9
[    2.125197] iommu: Default domain type: Translated 
[    2.125559] iommu: DMA domain TLB invalidation policy: lazy mode 
[    2.134870] SCSI subsystem initialized
[    2.137516] ACPI: bus type USB registered
[    2.138519] usbcore: registered new interface driver usbfs
[    2.140772] usbcore: registered new interface driver hub
[    2.141743] usbcore: registered new device driver usb
[    2.143017] pps_core: LinuxPPS API ver. 1 registered
[    2.143892] pps_core: Software ver. 5.3.6 - Copyright 2005-2007 Rodolfo Giometti <giometti@linux.it>
[    2.144684] PTP clock support registered
[    2.145502] EDAC MC: Ver: 3.0.0
[    2.149510] NetLabel: Initializing
[    2.150105] NetLabel:  domain hash size = 128
[    2.150830] NetLabel:  protocols = UNLABELED CIPSOv4 CALIPSO
[    2.151970] NetLabel:  unlabeled traffic allowed by default
[    2.152946] PCI: Using ACPI for IRQ routing
[    2.153961] pci 0000:00:02.0: vgaarb: setting as boot VGA device
[    2.153961] pci 0000:00:02.0: vgaarb: bridge control possible
[    2.154683] pci 0000:00:02.0: vgaarb: VGA device added: decodes=io+mem,owns=io+mem,locks=none
[    2.156645] vgaarb: loaded
[    2.161403] hpet0: at MMIO 0xfed00000, IRQs 2, 8, 0
[    2.162238] hpet0: 3 comparators, 64-bit 100.000000 MHz counter
[    2.168062] clocksource: Switched to clocksource kvm-clock
[    2.387294] VFS: Disk quotas dquot_6.6.0
[    2.388104] VFS: Dquot-cache hash table entries: 512 (order 0, 4096 bytes)
[    2.390672] pnp: PnP ACPI init
[    2.395317] pnp: PnP ACPI: found 6 devices
[    2.413930] clocksource: acpi_pm: mask: 0xffffff max_cycles: 0xffffff, max_idle_ns: 2085701024 ns
[    2.416001] NET: Registered PF_INET protocol family
[    2.417387] IP idents hash table entries: 32768 (order: 6, 262144 bytes, linear)
[    2.420167] tcp_listen_portaddr_hash hash table entries: 1024 (order: 4, 81920 bytes, linear)
[    2.421847] TCP established hash table entries: 16384 (order: 5, 131072 bytes, linear)
[    2.423917] TCP bind hash table entries: 16384 (order: 8, 1179648 bytes, linear)
[    2.427606] TCP: Hash tables configured (established 16384 bind 16384)
[    2.429308] UDP hash table entries: 1024 (order: 5, 163840 bytes, linear)
[    2.430778] UDP-Lite hash table entries: 1024 (order: 5, 163840 bytes, linear)
[    2.432799] NET: Registered PF_UNIX/PF_LOCAL protocol family
[    2.435599] RPC: Registered named UNIX socket transport module.
[    2.436719] RPC: Registered udp transport module.
[    2.437553] RPC: Registered tcp transport module.
[    2.438384] RPC: Registered tcp NFSv4.1 backchannel transport module.
[    2.439579] pci_bus 0000:00: resource 4 [io  0x0000-0x0cf7 window]
[    2.440721] pci_bus 0000:00: resource 5 [io  0x0d00-0xffff window]
[    2.441812] pci_bus 0000:00: resource 6 [mem 0x000a0000-0x000bffff window]
[    2.443023] pci_bus 0000:00: resource 7 [mem 0x80000000-0xfebfffff window]
[    2.444233] pci_bus 0000:00: resource 8 [mem 0x100000000-0x17fffffff window]
[    2.445955] pci 0000:00:01.0: PIIX3: Enabling Passive Release
[    2.447000] pci 0000:00:00.0: Limiting direct PCI/PCI transfers
[    2.448081] pci 0000:00:01.0: Activating ISA DMA hang workarounds
[    2.449321] PCI: CLS 0 bytes, default 64
[    2.450791] ACPI: bus type thunderbolt registered
[    2.452173] clocksource: tsc: mask: 0xffffffffffffffff max_cycles: 0xb9fb05486c, max_idle_ns: 440795231721 ns
[    4.837980] Initialise system trusted keyrings
[    4.838730] Key type blacklist registered
[    4.839638] workingset: timestamp_bits=36 max_order=19 bucket_order=0
[    4.855700] zbud: loaded
[    4.860232] squashfs: version 4.0 (2009/01/31) Phillip Lougher
[    4.865181] NFS: Registering the id_resolver key type
[    4.865858] Key type id_resolver registered
[    4.866397] Key type id_legacy registered
[    4.867090] nfs4filelayout_init: NFSv4 File Layout Driver Registering...
[    4.867972] nfs4flexfilelayout_init: NFSv4 Flexfile Layout Driver Registering...
[    4.869301] fuse: init (API version 7.36)
[    4.870596] SGI XFS with ACLs, security attributes, realtime, quota, no debug enabled
[    4.875663] 9p: Installing v9fs 9p2000 file system support
[    4.882333] Key type asymmetric registered
[    4.882895] Asymmetric key parser 'x509' registered
[    4.885918] alg: self-tests for CTR-KDF (hmac(sha256)) passed
[    4.886756] Block layer SCSI generic (bsg) driver version 0.4 loaded (major 243)
[    4.887894] io scheduler mq-deadline registered
[    4.888791] io scheduler bfq registered
[    4.891381] shpchp: Standard Hot Plug PCI Controller Driver version: 0.4
[    4.892990] IPMI message handler: version 39.2
[    4.893634] ipmi device interface
[    4.896097] input: Power Button as /devices/LNXSYSTM:00/LNXPWRBN:00/input/input0
[    4.897461] ACPI: button: Power Button [PWRF]
[    4.899422] ERST DBG: ERST support is disabled.
[    4.901639] Serial: 8250/16550 driver, 32 ports, IRQ sharing enabled
[    4.903202] 00:04: ttyS0 at I/O 0x3f8 (irq = 4, base_baud = 115200) is a 16550A
[    4.919176] Linux agpgart interface v0.103
[    4.920744] ACPI: bus type drm_connector registered
[    4.938686] brd: module loaded
[    4.950224] loop: module loaded
[    4.957852] scsi host0: ata_piix
[    4.959682] scsi host1: ata_piix
[    4.960335] ata1: PATA max MWDMA2 cmd 0x1f0 ctl 0x3f6 bmdma 0xc040 irq 14
[    4.961199] ata2: PATA max MWDMA2 cmd 0x170 ctl 0x376 bmdma 0xc048 irq 15
[    4.964001] tun: Universal TUN/TAP device driver, 1.6
[    4.964992] e100: Intel(R) PRO/100 Network Driver
[    4.965573] e100: Copyright(c) 1999-2006 Intel Corporation
[    4.966297] e1000: Intel(R) PRO/1000 Network Driver
[    4.966897] e1000: Copyright (c) 1999-2006 Intel Corporation.
[    5.120918] ata1: found unknown device (class 0)
[    5.122149] ata1.00: ATA-7: QEMU HARDDISK, 2.5+, max UDMA/100
[    5.122871] ata1.00: 16777216 sectors, multi 16: LBA48 
[    5.124517] scsi 0:0:0:0: Direct-Access     ATA      QEMU HARDDISK    2.5+ PQ: 0 ANSI: 5
[    5.126492] scsi 0:0:0:0: Attached scsi generic sg0 type 0
[    5.128111] ata2: found unknown device (class 0)
[    5.129141] sd 0:0:0:0: [sda] 16777216 512-byte logical blocks: (8.59 GB/8.00 GiB)
[    5.130393] ata2.00: ATAPI: QEMU DVD-ROM, 2.5+, max UDMA/100
[    5.131342] sd 0:0:0:0: [sda] Write Protect is off
[    5.131999] sd 0:0:0:0: [sda] Write cache: enabled, read cache: enabled, doesn't support DPO or FUA
[    5.134062] scsi 1:0:0:0: CD-ROM            QEMU     QEMU DVD-ROM     2.5+ PQ: 0 ANSI: 5
[    5.136381] scsi 1:0:0:0: Attached scsi generic sg1 type 5
[    5.172898] sd 0:0:0:0: [sda] Attached SCSI disk
[    5.500733] ACPI: \_SB_.LNKC: Enabled at IRQ 11
[    5.845675] e1000 0000:00:03.0 eth0: (PCI:33MHz:32-bit) 52:54:00:12:34:56
[    5.846526] e1000 0000:00:03.0 eth0: Intel(R) PRO/1000 Network Connection
[    5.847503] e1000e: Intel(R) PRO/1000 Network Driver
[    5.848104] e1000e: Copyright(c) 1999 - 2015 Intel Corporation.
[    5.848912] igb: Intel(R) Gigabit Ethernet Network Driver
[    5.849563] igb: Copyright (c) 2007-2014 Intel Corporation.
[    5.850430] PPP generic driver version 2.4.2
[    5.851975] VFIO - User Level meta-driver version: 0.3
[    5.852719] ehci_hcd: USB 2.0 'Enhanced' Host Controller (EHCI) Driver
[    5.853517] ehci-pci: EHCI PCI platform driver
[    5.854135] ehci-platform: EHCI generic platform driver
[    5.854801] ohci_hcd: USB 1.1 'Open' Host Controller (OHCI) Driver
[    5.855556] ohci-pci: OHCI PCI platform driver
[    5.856138] ohci-platform: OHCI generic platform driver
[    5.856811] uhci_hcd: USB Universal Host Controller Interface driver
[    5.858348] usbcore: registered new interface driver uas
[    5.859065] usbcore: registered new interface driver usb-storage
[    5.859965] i8042: PNP: PS/2 Controller [PNP0303:KBD,PNP0f13:MOU] at 0x60,0x64 irq 1,12
[    5.861936] serio: i8042 KBD port at 0x60,0x64 irq 1
[    5.862572] serio: i8042 AUX port at 0x60,0x64 irq 12
[    5.864088] mousedev: PS/2 mouse device common for all mice
[    5.866579] input: AT Translated Set 2 keyboard as /devices/platform/i8042/serio0/input/input1
[    5.867899] rtc_cmos 00:05: RTC can wake from S4
[    5.869752] input: VirtualPS/2 VMware VMMouse as /devices/platform/i8042/serio1/input/input4
[    5.870305] rtc_cmos 00:05: registered as rtc0
[    5.871460] rtc_cmos 00:05: setting system clock to 2023-06-11T08:33:28 UTC (1686472408)
[    5.871584] input: VirtualPS/2 VMware VMMouse as /devices/platform/i8042/serio1/input/input3
[    5.873634] rtc_cmos 00:05: alarms up to one day, y3k, 242 bytes nvram, hpet irqs
[    5.874647] i2c_dev: i2c /dev entries driver
[    5.875453] device-mapper: core: CONFIG_IMA_DISABLE_HTABLE is disabled. Duplicate IMA measurements will not be recorded in the IMA log.
[    5.877068] device-mapper: uevent: version 1.0.3
[    5.878232] device-mapper: ioctl: 4.46.0-ioctl (2022-02-22) initialised: dm-devel@redhat.com
[    5.879266] intel_pstate: CPU model not supported
[    5.880015] sdhci: Secure Digital Host Controller Interface driver
[    5.880799] sdhci: Copyright(c) Pierre Ossman
[    5.881475] sdhci-pltfm: SDHCI platform and OF driver helper
[    5.882329] ledtrig-cpu: registered to indicate activity on CPUs
[    5.883460] drop_monitor: Initializing network drop monitor service
[    5.885219] NET: Registered PF_INET6 protocol family
[    5.889212] Segment Routing with IPv6
[    5.889704] In-situ OAM (IOAM) with IPv6
[    5.890231] NET: Registered PF_PACKET protocol family
[    5.891302] 9pnet: Installing 9P2000 support
[    5.891929] Key type dns_resolver registered
[    5.893433] IPI shorthand broadcast: enabled
[    5.894039] sched_clock: Marking stable (5862229700, 30990099)->(5930562124, -37342325)
[    5.895887] registered taskstats version 1
[    5.896601] Loading compiled-in X.509 certificates
[    5.897748] zswap: loaded using pool lzo/zbud
[    5.960376] Key type ._fscrypt registered
[    5.960923] Key type .fscrypt registered
[    5.961393] Key type fscrypt-provisioning registered
[    5.963827] Key type encrypted registered
[    5.964417] ima: No TPM chip found, activating TPM-bypass!
[    5.965139] ima: Allocated hash algorithm: sha1
[    5.965772] ima: No architecture policies found
[    5.966438] evm: Initialising EVM extended attributes:
[    5.967054] evm: security.selinux
[    5.967459] evm: security.SMACK64
[    5.967864] evm: security.SMACK64EXEC
[    5.968309] evm: security.SMACK64TRANSMUTE
[    5.968823] evm: security.SMACK64MMAP
[    5.969268] evm: security.apparmor
[    5.969684] evm: security.ima
[    5.970048] evm: security.capability
[    5.970483] evm: HMAC attrs: 0x1
[    5.977905] PM:   Magic number: 11:701:573
[    5.979159] RAS: Correctable Errors collector initialized.
[    5.981183] md: Waiting for all devices to be available before autodetect
[    5.981993] md: If you don't use raid, use raid=noautodetect
[    5.982668] md: Autodetecting RAID arrays.
[    5.983166] md: autorun ...
[    5.983506] md: ... autorun DONE.
[    5.997018] EXT4-fs (sda): INFO: recovery required on readonly filesystem
[    5.997853] EXT4-fs (sda): write access will be enabled during recovery
[    6.038694] random: fast init done
[    6.140915] EXT4-fs (sda): recovery complete
[    6.142705] EXT4-fs (sda): mounted filesystem with ordered data mode. Quota mode: none.
[    6.143721] VFS: Mounted root (ext4 filesystem) readonly on device 8:0.
[    6.145233] devtmpfs: mounted
[    6.160123] Freeing unused decrypted memory: 2036K
[    6.164966] Freeing unused kernel image (initmem) memory: 3972K
[    6.165727] Write protecting the kernel read-only data: 81920k
[    6.169270] Freeing unused kernel image (text/rodata gap) memory: 2028K
[    6.171027] Freeing unused kernel image (rodata/data gap) memory: 544K
[    6.247232] x86/mm: Checked W+X mappings: passed, no W+X pages found.
[    6.248013] Run /sbin/init as init process
[    6.358099] systemd[1]: RTC configured in localtime, applying delta of 0 minutes to system time.
[    6.393153] systemd[1]: systemd 239 (239-49.el8) running in system mode. (+PAM +AUDIT +SELINUX +IMA -APPARMOR +SMACK +SYSVINIT +UTMP +LIBCRYPTSETUP +GCRYPT +GNUTLS +ACL +XZ +LZ4 +SECCOMP +BLKID +ELFUTILS +KMOD +IDN2 -IDN +PCRE2 default-hierarchy=legacy)
[    6.396104] systemd[1]: Detected virtualization kvm.
[    6.396752] systemd[1]: Detected architecture x86-64.

Welcome to [0;31mCentOS Stream 8[0m!

[    6.411017] systemd[1]: Set hostname to <test>.
[    6.566921] random: lvmconfig: uninitialized urandom read (4 bytes read)
[    6.689676] random: systemd: uninitialized urandom read (16 bytes read)
[    6.706317] systemd[1]: Listening on Process Core Dump Socket.
[[0;32m  OK  [0m] Listening on Process Core Dump Socket.
[    6.708303] random: systemd: uninitialized urandom read (16 bytes read)
[    6.710699] systemd[1]: Set up automount Arbitrary Executable File Formats File System Automount Point.
[[0;32m  OK  [0m] Set up automount Arbitrary Executabâ€¦rmats File System Automount Point.
[    6.713814] systemd[1]: Listening on RPCbind Server Activation Socket.
[[0;32m  OK  [0m] Listening on RPCbind Server Activation Socket.
[    6.715426] systemd[1]: Reached target Swap.
[[0;32m  OK  [0m] Reached target Swap.
[    6.723849] systemd[1]: Created slice User and Session Slice.
[[0;32m  OK  [0m] Created slice User and Session Slice.
[    6.725726] systemd[1]: Listening on Journal Socket (/dev/log).
[[0;32m  OK  [0m] Listening on Journal Socket (/dev/log).
[[0;32m  OK  [0m] Listening on Device-mapper event daemon FIFOs.
[[0;32m  OK  [0m] Started Forward Password Requests to Wall Directory Watch.
[[0;32m  OK  [0m] Created slice system-sshd\x2dkeygen.slice.
[[0;32m  OK  [0m] Listening on udev Control Socket.
[[0;32m  OK  [0m] Created slice system-getty.slice.
[[0;32m  OK  [0m] Listening on LVM2 poll daemon socket.
[[0;32m  OK  [0m] Listening on Journal Socket.
         Starting Remount Root and Kernel File Systems...
         Starting Setup Virtual Console...
         Starting Monitoring of LVM2 mirrorsâ€¦ng dmeventd or progress polling...
         Mounting POSIX Message Queue File System...
[[0;32m  OK  [0m] Listening on udev Kernel Socket.
         Starting udev Coldplug all Devices...
         Mounting Huge Pages File System...
[[0;32m  OK  [0m] Created slice system-serial\x2dgetty.slice.
         Starting Load Kernel Modules...
[[0;32m  OK  [0m] Listening on initctl Compatibility Named Pipe.
[[0;32m  OK  [0m] Reached target Slices.
[[0;32m  OK  [0m] Listening on multipathd control socket.
[[0;32m  OK  [0m] Reached target RPC Port Mapper.
[    6.995108] EXT4-fs (sda): re-mounted. Quota mode: none.
         Starting Journal Service...
         Mounting Kernel Debug File System...
[[0;32m  OK  [0m] Started Remount Root and Kernel File Systems.
[[0;32m  OK  [0m] Mounted POSIX Message Queue File System.
[[0;32m  OK  [0m] Mounted Huge Pages File System.
[[0;1;31mFAILED[0m] Failed to start Load Kernel Modules.
See 'systemctl status systemd-modules-load.service' for details.
[[0;32m  OK  [0m] Mounted Kernel Debug File System.
         Mounting FUSE Control File System...
         Starting Apply Kernel Variables...
         Mounting Kernel Configuration File System...
         Starting Load/Save Random Seed...
         Starting Create Static Device Nodes in /dev...
[[0;32m  OK  [0m] Started Journal Service.
[[0;32m  OK  [0m] Mounted FUSE Control File System.
[[0;32m  OK  [0m] Started Apply Kernel Variables.
[[0;32m  OK  [0m] Mounted Kernel Configuration File System.
[[0;32m  OK  [0m] Started Load/Save Random Seed.
[[0;32m  OK  [0m] Started Create Static Device Nodes in /dev.
[[0;32m  OK  [0m] Started Setup Virtual Console.
         Starting udev Kernel Device Manager...
         Starting Flush Journal to Persistent Storage...
[[0;32m  OK  [0m] Started Flush Journal to Persistent Storage.
[[0;32m  OK  [0m] Started udev Coldplug all Devices.
         Starting udev Wait for Complete Device Initialization...
[[0;32m  OK  [0m] Started udev Kernel Device Manager.
         Starting Show Plymouth Boot Screen...
[[0;32m  OK  [0m] Started Show Plymouth Boot Screen.
[[0;32m  OK  [0m] Reached target Local Encrypted Volumes.
[[0;32m  OK  [0m] Reached target Paths.
[[0;32m  OK  [0m] Started Forward Password Requests to Plymouth Directory Watch.
[[0;32m  OK  [0m] Started Monitoring of LVM2 mirrors,â€¦sing dmeventd or progress polling.
[[0;32m  OK  [0m] Found device /dev/ttyS0.
[[0;32m  OK  [0m] Started udev Wait for Complete Device Initialization.
[[0;32m  OK  [0m] Listening on Load/Save RF Kill Switch Status /dev/rfkill Watch.
[[0;32m  OK  [0m] Reached target Local File Systems (Pre).
[[0;32m  OK  [0m] Reached target Local File Systems.
         Starting Tell Plymouth To Write Out Runtime Data...
         Starting Restore /run/initramfs on shutdown...
         Starting Create Volatile Files and Directories...
[[0;32m  OK  [0m] Started Tell Plymouth To Write Out Runtime Data.
[[0;32m  OK  [0m] Started Restore /run/initramfs on shutdown.
[[0;32m  OK  [0m] Started Create Volatile Files and Directories.
         Starting Security Auditing Service...
         Mounting RPC Pipe File System...
         Starting RPC Bind...
[[0;32m  OK  [0m] Mounted RPC Pipe File System.
[[0;32m  OK  [0m] Reached target rpc_pipefs.target.
[[0;32m  OK  [0m] Started RPC Bind.
[[0;32m  OK  [0m] Started Security Auditing Service.
         Starting Update UTMP about System Boot/Shutdown...
[[0;32m  OK  [0m] Started Update UTMP about System Boot/Shutdown.
[[0;32m  OK  [0m] Reached target System Initialization.
[[0;32m  OK  [0m] Listening on SSSD Kerberos Cache Manager responder socket.
[[0;32m  OK  [0m] Started dnf makecache --timer.
[[0;32m  OK  [0m] Started Daily Cleanup of Temporary Directories.
[[0;32m  OK  [0m] Listening on D-Bus System Message Bus Socket.
[[0;32m  OK  [0m] Reached target Sockets.
[[0;32m  OK  [0m] Reached target Basic System.
         Starting Self Monitoring and Reporting Technology (SMART) Daemon...
[[0;32m  OK  [0m] Started D-Bus System Message Bus.
[[0;32m  OK  [0m] Started Machine Check Exception Logging Daemon.
         Starting Auto-connect to subsystemsâ€¦-NVME devices found during boot...
         Starting Authorization Manager...
[[0;32m  OK  [0m] Reached target sshd-keygen.target.
[[0;32m  OK  [0m] Started irqbalance daemon.
         Starting Network Manager...
         Starting NTP client/server...
[[0;32m  OK  [0m] Started daily update of the root trust anchor for DNSSEC.
[[0;32m  OK  [0m] Reached target Timers.
         Starting Login Service...
[[0;32m  OK  [0m] Started Self Monitoring and Reporting Technology (SMART) Daemon.
[[0;32m  OK  [0m] Started Auto-connect to subsystems â€¦FC-NVME devices found during boot.
         Starting update of the root trust aâ€¦or DNSSEC validation in unbound...
[[0;32m  OK  [0m] Started Login Service.
[[0;32m  OK  [0m] Started NTP client/server.
[[0;32m  OK  [0m] Started Network Manager.
         Starting Network Manager Wait Online...
[[0;32m  OK  [0m] Reached target Network.
         Starting Dynamic System Tuning Daemon...
         Starting GSSAPI Proxy Daemon...
         Starting OpenSSH server daemon...
         Starting Hostname Service...
[[0;32m  OK  [0m] Started Authorization Manager.
[    9.683671] random: crng init done
[    9.684173] random: 7 urandom warning(s) missed due to ratelimiting
[[0;32m  OK  [0m] Started OpenSSH server daemon.
[[0;32m  OK  [0m] Started GSSAPI Proxy Daemon.
[[0;32m  OK  [0m] Reached target NFS client services.
[[0;32m  OK  [0m] Reached target Remote File Systems (Pre).
[[0;32m  OK  [0m] Reached target Remote File Systems.
         Starting Permit User Sessions...
[[0;32m  OK  [0m] Started update of the root trust anâ€¦ for DNSSEC validation in unbound.
[[0;32m  OK  [0m] Started Permit User Sessions.
         Starting Hold until boot process finishes up...
[[0;32m  OK  [0m] Started Command Scheduler.
         Starting Terminate Plymouth Boot Screen...
[    9.952884] e1000: eth0 NIC Link is Up 1000 Mbps Full Duplex, Flow Control: RX
[    9.954437] IPv6: ADDRCONF(NETDEV_CHANGE): eth0: link becomes ready
[   10.182283] Spectre V2 : WARNING: Unprivileged eBPF is enabled with eIBRS on, data leaks possible via Spectre v2 BHB attacks!
[   10.183866] Spectre V2 : WARNING: Unprivileged eBPF is enabled with eIBRS on, data leaks possible via Spectre v2 BHB attacks!

CentOS Stream 8
Kernel 5.17.0-a8988507e577+ on an x86_64

test login: [   29.316594] loop0: detected capacity change from 0 to 512
[   29.325606] EXT4-fs (loop0): mounted filesystem without journal. Quota mode: writeback.
[   29.327066] ext4 filesystem being mounted at /root/syzkaller.Rxv8xi/0/file0 supports timestamps until 2038 (0x7fffffff)
[   29.394474] loop0: detected capacity change from 0 to 512
[   29.405969] EXT4-fs (loop0): mounted filesystem without journal. Quota mode: writeback.
[   29.407941] ext4 filesystem being mounted at /root/syzkaller.Rxv8xi/1/file0 supports timestamps until 2038 (0x7fffffff)
[   29.453714] loop0: detected capacity change from 0 to 512
[   29.461956] EXT4-fs (loop0): mounted filesystem without journal. Quota mode: writeback.
[   29.464097] ext4 filesystem being mounted at /root/syzkaller.Rxv8xi/2/file0 supports timestamps until 2038 (0x7fffffff)
[   29.507260] loop0: detected capacity change from 0 to 512
[   29.514155] EXT4-fs (loop0): mounted filesystem without journal. Quota mode: writeback.
[   29.515792] ext4 filesystem being mounted at /root/syzkaller.Rxv8xi/3/file0 supports timestamps until 2038 (0x7fffffff)
[   29.546683] loop0: detected capacity change from 0 to 512
[   29.553902] EXT4-fs (loop0): mounted filesystem without journal. Quota mode: writeback.
[   29.555506] ext4 filesystem being mounted at /root/syzkaller.Rxv8xi/4/file0 supports timestamps until 2038 (0x7fffffff)
[   29.579237] loop0: detected capacity change from 0 to 512
[   29.585853] EXT4-fs (loop0): mounted filesystem without journal. Quota mode: writeback.
[   29.588189] ext4 filesystem being mounted at /root/syzkaller.Rxv8xi/5/file0 supports timestamps until 2038 (0x7fffffff)
[   29.622523] loop0: detected capacity change from 0 to 512
[   29.645555] EXT4-fs (loop0): mounted filesystem without journal. Quota mode: writeback.
[   29.647090] ext4 filesystem being mounted at /root/syzkaller.Rxv8xi/6/file0 supports timestamps until 2038 (0x7fffffff)
[   29.694729] loop0: detected capacity change from 0 to 512
[   29.707151] EXT4-fs (loop0): mounted filesystem without journal. Quota mode: writeback.
[   29.709944] ext4 filesystem being mounted at /root/syzkaller.Rxv8xi/7/file0 supports timestamps until 2038 (0x7fffffff)
[   29.746103] loop0: detected capacity change from 0 to 512
[   29.750090] EXT4-fs (loop0): mounted filesystem without journal. Quota mode: writeback.
[   29.751570] ext4 filesystem being mounted at /root/syzkaller.Rxv8xi/8/file0 supports timestamps until 2038 (0x7fffffff)
[   29.789699] loop0: detected capacity change from 0 to 512
[   29.798122] EXT4-fs (loop0): mounted filesystem without journal. Quota mode: writeback.
[   29.799612] ext4 filesystem being mounted at /root/syzkaller.Rxv8xi/9/file0 supports timestamps until 2038 (0x7fffffff)
[   29.829926] loop0: detected capacity change from 0 to 512
[   29.835560] EXT4-fs (loop0): mounted filesystem without journal. Quota mode: writeback.
[   29.837720] ext4 filesystem being mounted at /root/syzkaller.Rxv8xi/10/file0 supports timestamps until 2038 (0x7fffffff)
[   29.865012] loop0: detected capacity change from 0 to 512
[   29.869904] EXT4-fs (loop0): mounted filesystem without journal. Quota mode: writeback.
[   29.871745] ext4 filesystem being mounted at /root/syzkaller.Rxv8xi/11/file0 supports timestamps until 2038 (0x7fffffff)
[   29.911542] loop0: detected capacity change from 0 to 512
[   29.943463] EXT4-fs (loop0): mounted filesystem without journal. Quota mode: writeback.
[   29.944960] ext4 filesystem being mounted at /root/syzkaller.Rxv8xi/12/file0 supports timestamps until 2038 (0x7fffffff)
[   29.980816] loop0: detected capacity change from 0 to 512
[   29.985898] EXT4-fs (loop0): mounted filesystem without journal. Quota mode: writeback.
[   29.987684] ext4 filesystem being mounted at /root/syzkaller.Rxv8xi/13/file0 supports timestamps until 2038 (0x7fffffff)
[   30.029350] loop0: detected capacity change from 0 to 512
[   30.038265] EXT4-fs (loop0): mounted filesystem without journal. Quota mode: writeback.
[   30.039725] ext4 filesystem being mounted at /root/syzkaller.Rxv8xi/14/file0 supports timestamps until 2038 (0x7fffffff)
[   30.065595] loop0: detected capacity change from 0 to 512
[   30.074729] EXT4-fs (loop0): mounted filesystem without journal. Quota mode: writeback.
[   30.076190] ext4 filesystem being mounted at /root/syzkaller.Rxv8xi/15/file0 supports timestamps until 2038 (0x7fffffff)
[   30.122217] loop0: detected capacity change from 0 to 512
[   30.133825] EXT4-fs (loop0): mounted filesystem without journal. Quota mode: writeback.
[   30.135213] ext4 filesystem being mounted at /root/syzkaller.Rxv8xi/16/file0 supports timestamps until 2038 (0x7fffffff)
[   30.154131] loop0: detected capacity change from 0 to 512
[   30.165917] EXT4-fs (loop0): mounted filesystem without journal. Quota mode: writeback.
[   30.167513] ext4 filesystem being mounted at /root/syzkaller.Rxv8xi/17/file0 supports timestamps until 2038 (0x7fffffff)
[   30.212216] loop0: detected capacity change from 0 to 512
[   30.240041] EXT4-fs (loop0): mounted filesystem without journal. Quota mode: writeback.
[   30.242020] ext4 filesystem being mounted at /root/syzkaller.Rxv8xi/18/file0 supports timestamps until 2038 (0x7fffffff)
[   30.286246] loop0: detected capacity change from 0 to 512
[   30.293896] EXT4-fs (loop0): mounted filesystem without journal. Quota mode: writeback.
[   30.295554] ext4 filesystem being mounted at /root/syzkaller.Rxv8xi/19/file0 supports timestamps until 2038 (0x7fffffff)
[   30.322585] loop0: detected capacity change from 0 to 512
[   30.329915] EXT4-fs (loop0): mounted filesystem without journal. Quota mode: writeback.
[   30.331749] ext4 filesystem being mounted at /root/syzkaller.Rxv8xi/20/file0 supports timestamps until 2038 (0x7fffffff)
[   30.360995] loop0: detected capacity change from 0 to 512
[   30.379094] EXT4-fs (loop0): mounted filesystem without journal. Quota mode: writeback.
[   30.380933] ext4 filesystem being mounted at /root/syzkaller.Rxv8xi/21/file0 supports timestamps until 2038 (0x7fffffff)
[   30.406486] loop0: detected capacity change from 0 to 512
[   30.419628] EXT4-fs (loop0): mounted filesystem without journal. Quota mode: writeback.
[   30.421398] ext4 filesystem being mounted at /root/syzkaller.Rxv8xi/22/file0 supports timestamps until 2038 (0x7fffffff)
[   30.462614] loop0: detected capacity change from 0 to 512
[   30.473901] EXT4-fs (loop0): mounted filesystem without journal. Quota mode: writeback.
[   30.475915] ext4 filesystem being mounted at /root/syzkaller.Rxv8xi/23/file0 supports timestamps until 2038 (0x7fffffff)
[   30.510565] loop0: detected capacity change from 0 to 512
[   30.518370] EXT4-fs (loop0): mounted filesystem without journal. Quota mode: writeback.
[   30.519841] ext4 filesystem being mounted at /root/syzkaller.Rxv8xi/24/file0 supports timestamps until 2038 (0x7fffffff)
[   30.549335] loop0: detected capacity change from 0 to 512
[   30.557998] EXT4-fs (loop0): mounted filesystem without journal. Quota mode: writeback.
[   30.560541] ext4 filesystem being mounted at /root/syzkaller.Rxv8xi/25/file0 supports timestamps until 2038 (0x7fffffff)
[   30.605751] loop0: detected capacity change from 0 to 512
[   30.609922] EXT4-fs (loop0): mounted filesystem without journal. Quota mode: writeback.
[   30.611138] ext4 filesystem being mounted at /root/syzkaller.Rxv8xi/26/file0 supports timestamps until 2038 (0x7fffffff)
[   30.641898] loop0: detected capacity change from 0 to 512
[   30.649702] EXT4-fs (loop0): mounted filesystem without journal. Quota mode: writeback.
[   30.650831] ext4 filesystem being mounted at /root/syzkaller.Rxv8xi/27/file0 supports timestamps until 2038 (0x7fffffff)
[   30.682220] loop0: detected capacity change from 0 to 512
[   30.703789] EXT4-fs (loop0): mounted filesystem without journal. Quota mode: writeback.
[   30.705094] ext4 filesystem being mounted at /root/syzkaller.Rxv8xi/28/file0 supports timestamps until 2038 (0x7fffffff)
[   30.736399] loop0: detected capacity change from 0 to 512
[   30.745608] EXT4-fs (loop0): mounted filesystem without journal. Quota mode: writeback.
[   30.746666] ext4 filesystem being mounted at /root/syzkaller.Rxv8xi/29/file0 supports timestamps until 2038 (0x7fffffff)
[   30.772533] loop0: detected capacity change from 0 to 512
[   30.780071] EXT4-fs (loop0): mounted filesystem without journal. Quota mode: writeback.
[   30.781182] ext4 filesystem being mounted at /root/syzkaller.Rxv8xi/30/file0 supports timestamps until 2038 (0x7fffffff)
[   30.791788] loop0: detected capacity change from 0 to 512
[   30.797678] EXT4-fs (loop0): mounted filesystem without journal. Quota mode: writeback.
[   30.798728] ext4 filesystem being mounted at /root/syzkaller.Rxv8xi/31/file0 supports timestamps until 2038 (0x7fffffff)
[   30.821885] loop0: detected capacity change from 0 to 512
[   30.829920] EXT4-fs (loop0): mounted filesystem without journal. Quota mode: writeback.
[   30.830967] ext4 filesystem being mounted at /root/syzkaller.Rxv8xi/32/file0 supports timestamps until 2038 (0x7fffffff)
[   30.857919] loop0: detected capacity change from 0 to 512
[   30.861509] EXT4-fs (loop0): mounted filesystem without journal. Quota mode: writeback.
[   30.862551] ext4 filesystem being mounted at /root/syzkaller.Rxv8xi/33/file0 supports timestamps until 2038 (0x7fffffff)
[   30.895146] loop0: detected capacity change from 0 to 512
[   30.897673] EXT4-fs (loop0): mounted filesystem without journal. Quota mode: writeback.
[   30.898694] ext4 filesystem being mounted at /root/syzkaller.Rxv8xi/34/file0 supports timestamps until 2038 (0x7fffffff)
[   30.945555] loop0: detected capacity change from 0 to 512
[   30.949756] EXT4-fs (loop0): mounted filesystem without journal. Quota mode: writeback.
[   30.950793] ext4 filesystem being mounted at /root/syzkaller.Rxv8xi/35/file0 supports timestamps until 2038 (0x7fffffff)
[   30.973944] loop0: detected capacity change from 0 to 512
[   30.977640] EXT4-fs (loop0): mounted filesystem without journal. Quota mode: writeback.
[   30.978666] ext4 filesystem being mounted at /root/syzkaller.Rxv8xi/36/file0 supports timestamps until 2038 (0x7fffffff)
[   31.003741] loop0: detected capacity change from 0 to 512
[   31.009846] EXT4-fs (loop0): mounted filesystem without journal. Quota mode: writeback.
[   31.010854] ext4 filesystem being mounted at /root/syzkaller.Rxv8xi/37/file0 supports timestamps until 2038 (0x7fffffff)
[   31.033712] loop0: detected capacity change from 0 to 512
[   31.040167] EXT4-fs (loop0): mounted filesystem without journal. Quota mode: writeback.
[   31.041194] ext4 filesystem being mounted at /root/syzkaller.Rxv8xi/38/file0 supports timestamps until 2038 (0x7fffffff)
[   31.066033] loop0: detected capacity change from 0 to 512
[   31.069561] EXT4-fs (loop0): mounted filesystem without journal. Quota mode: writeback.
[   31.070588] ext4 filesystem being mounted at /root/syzkaller.Rxv8xi/39/file0 supports timestamps until 2038 (0x7fffffff)
[   31.087838] loop0: detected capacity change from 0 to 512
[   31.093797] EXT4-fs (loop0): mounted filesystem without journal. Quota mode: writeback.
[   31.094837] ext4 filesystem being mounted at /root/syzkaller.Rxv8xi/40/file0 supports timestamps until 2038 (0x7fffffff)
[   31.125078] loop0: detected capacity change from 0 to 512
[   31.129669] EXT4-fs (loop0): mounted filesystem without journal. Quota mode: writeback.
[   31.130683] ext4 filesystem being mounted at /root/syzkaller.Rxv8xi/41/file0 supports timestamps until 2038 (0x7fffffff)
[   31.147431] loop0: detected capacity change from 0 to 512
[   31.154525] EXT4-fs (loop0): mounted filesystem without journal. Quota mode: writeback.
[   31.155710] ext4 filesystem being mounted at /root/syzkaller.Rxv8xi/42/file0 supports timestamps until 2038 (0x7fffffff)
[   31.173113] loop0: detected capacity change from 0 to 512
[   31.178195] EXT4-fs (loop0): mounted filesystem without journal. Quota mode: writeback.
[   31.179216] ext4 filesystem being mounted at /root/syzkaller.Rxv8xi/43/file0 supports timestamps until 2038 (0x7fffffff)
[   31.199739] loop0: detected capacity change from 0 to 512
[   31.206334] EXT4-fs (loop0): mounted filesystem without journal. Quota mode: writeback.
[   31.207373] ext4 filesystem being mounted at /root/syzkaller.Rxv8xi/44/file0 supports timestamps until 2038 (0x7fffffff)
[   31.245664] loop0: detected capacity change from 0 to 512
[   31.250127] EXT4-fs (loop0): mounted filesystem without journal. Quota mode: writeback.
[   31.251411] ext4 filesystem being mounted at /root/syzkaller.Rxv8xi/45/file0 supports timestamps until 2038 (0x7fffffff)
[   31.274034] loop0: detected capacity change from 0 to 512
[   31.277653] EXT4-fs (loop0): mounted filesystem without journal. Quota mode: writeback.
[   31.278713] ext4 filesystem being mounted at /root/syzkaller.Rxv8xi/46/file0 supports timestamps until 2038 (0x7fffffff)
[   31.317833] loop0: detected capacity change from 0 to 512
[   31.326983] EXT4-fs (loop0): mounted filesystem without journal. Quota mode: writeback.
[   31.328164] ext4 filesystem being mounted at /root/syzkaller.Rxv8xi/47/file0 supports timestamps until 2038 (0x7fffffff)
[   31.369324] loop0: detected capacity change from 0 to 512
[   31.374380] EXT4-fs (loop0): mounted filesystem without journal. Quota mode: writeback.
[   31.375643] ext4 filesystem being mounted at /root/syzkaller.Rxv8xi/48/file0 supports timestamps until 2038 (0x7fffffff)
[   31.410250] loop0: detected capacity change from 0 to 512
[   31.413808] EXT4-fs (loop0): mounted filesystem without journal. Quota mode: writeback.
[   31.415427] ext4 filesystem being mounted at /root/syzkaller.Rxv8xi/49/file0 supports timestamps until 2038 (0x7fffffff)
[   31.458032] loop0: detected capacity change from 0 to 512
[   31.466145] EXT4-fs (loop0): mounted filesystem without journal. Quota mode: writeback.
[   31.467544] ext4 filesystem being mounted at /root/syzkaller.Rxv8xi/50/file0 supports timestamps until 2038 (0x7fffffff)
[   31.490482] loop0: detected capacity change from 0 to 512
[   31.494349] EXT4-fs (loop0): mounted filesystem without journal. Quota mode: writeback.
[   31.495749] ext4 filesystem being mounted at /root/syzkaller.Rxv8xi/51/file0 supports timestamps until 2038 (0x7fffffff)
[   31.534064] loop0: detected capacity change from 0 to 512
[   31.542109] EXT4-fs (loop0): mounted filesystem without journal. Quota mode: writeback.
[   31.543498] ext4 filesystem being mounted at /root/syzkaller.Rxv8xi/52/file0 supports timestamps until 2038 (0x7fffffff)
[   31.570389] loop0: detected capacity change from 0 to 512
[   31.578210] EXT4-fs (loop0): mounted filesystem without journal. Quota mode: writeback.
[   31.579629] ext4 filesystem being mounted at /root/syzkaller.Rxv8xi/53/file0 supports timestamps until 2038 (0x7fffffff)
[   31.610039] loop0: detected capacity change from 0 to 512
[   31.641957] EXT4-fs (loop0): mounted filesystem without journal. Quota mode: writeback.
[   31.643541] ext4 filesystem being mounted at /root/syzkaller.Rxv8xi/54/file0 supports timestamps until 2038 (0x7fffffff)
[   31.683795] loop0: detected capacity change from 0 to 512
[   31.694848] EXT4-fs (loop0): mounted filesystem without journal. Quota mode: writeback.
[   31.696459] ext4 filesystem being mounted at /root/syzkaller.Rxv8xi/56/file0 supports timestamps until 2038 (0x7fffffff)
[   31.736080] loop0: detected capacity change from 0 to 512
[   31.742528] EXT4-fs (loop0): mounted filesystem without journal. Quota mode: writeback.
[   31.744096] ext4 filesystem being mounted at /root/syzkaller.Rxv8xi/57/file0 supports timestamps until 2038 (0x7fffffff)
[   31.793733] loop0: detected capacity change from 0 to 512
[   31.826103] EXT4-fs (loop0): mounted filesystem without journal. Quota mode: writeback.
[   31.827783] ext4 filesystem being mounted at /root/syzkaller.Rxv8xi/59/file0 supports timestamps until 2038 (0x7fffffff)
[   31.874614] loop0: detected capacity change from 0 to 512
[   31.883057] EXT4-fs (loop0): mounted filesystem without journal. Quota mode: writeback.
[   31.884847] ext4 filesystem being mounted at /root/syzkaller.Rxv8xi/60/file0 supports timestamps until 2038 (0x7fffffff)
[   31.918865] loop0: detected capacity change from 0 to 512
[   31.926879] EXT4-fs (loop0): mounted filesystem without journal. Quota mode: writeback.
[   31.928757] ext4 filesystem being mounted at /root/syzkaller.Rxv8xi/61/file0 supports timestamps until 2038 (0x7fffffff)
[   31.966391] loop0: detected capacity change from 0 to 512
[   31.974014] EXT4-fs (loop0): mounted filesystem without journal. Quota mode: writeback.
[   31.975843] ext4 filesystem being mounted at /root/syzkaller.Rxv8xi/62/file0 supports timestamps until 2038 (0x7fffffff)
[   32.009585] loop0: detected capacity change from 0 to 512
[   32.014463] EXT4-fs (loop0): mounted filesystem without journal. Quota mode: writeback.
[   32.016119] ext4 filesystem being mounted at /root/syzkaller.Rxv8xi/63/file0 supports timestamps until 2038 (0x7fffffff)
[   32.059714] loop0: detected capacity change from 0 to 512
[   32.076548] EXT4-fs (loop0): mounted filesystem without journal. Quota mode: writeback.
[   32.078568] ext4 filesystem being mounted at /root/syzkaller.Rxv8xi/64/file0 supports timestamps until 2038 (0x7fffffff)
[   32.102768] loop0: detected capacity change from 0 to 512
[   32.110023] ext4 filesystem being mounted at /root/syzkaller.Rxv8xi/65/file0 supports timestamps until 2038 (0x7fffffff)
[   32.147562] loop0: detected capacity change from 0 to 512
[   32.158333] ext4 filesystem being mounted at /root/syzkaller.Rxv8xi/66/file0 supports timestamps until 2038 (0x7fffffff)
[   32.195020] loop0: detected capacity change from 0 to 512
[   32.201923] ext4 filesystem being mounted at /root/syzkaller.Rxv8xi/67/file0 supports timestamps until 2038 (0x7fffffff)
[   32.227778] loop0: detected capacity change from 0 to 512
[   32.251360] ext4 filesystem being mounted at /root/syzkaller.Rxv8xi/68/file0 supports timestamps until 2038 (0x7fffffff)
[   32.291323] loop0: detected capacity change from 0 to 512
[   32.299092] ext4 filesystem being mounted at /root/syzkaller.Rxv8xi/69/file0 supports timestamps until 2038 (0x7fffffff)
[   32.329407] loop0: detected capacity change from 0 to 512
[   32.354932] ext4 filesystem being mounted at /root/syzkaller.Rxv8xi/70/file0 supports timestamps until 2038 (0x7fffffff)
[   32.422508] loop0: detected capacity change from 0 to 512
[   32.468433] ext4 filesystem being mounted at /root/syzkaller.Rxv8xi/72/file0 supports timestamps until 2038 (0x7fffffff)
[   32.515263] loop0: detected capacity change from 0 to 512
[   32.525127] ext4 filesystem being mounted at /root/syzkaller.Rxv8xi/74/file0 supports timestamps until 2038 (0x7fffffff)
[   32.574571] loop0: detected capacity change from 0 to 512
[   32.587264] ext4 filesystem being mounted at /root/syzkaller.Rxv8xi/75/file0 supports timestamps until 2038 (0x7fffffff)
[   32.623193] loop0: detected capacity change from 0 to 512
[   32.630808] ext4 filesystem being mounted at /root/syzkaller.Rxv8xi/76/file0 supports timestamps until 2038 (0x7fffffff)
[   32.667171] loop0: detected capacity change from 0 to 512
[   32.674521] ext4 filesystem being mounted at /root/syzkaller.Rxv8xi/77/file0 supports timestamps until 2038 (0x7fffffff)
[   32.713805] loop0: detected capacity change from 0 to 512
[   32.723816] ext4 filesystem being mounted at /root/syzkaller.Rxv8xi/78/file0 supports timestamps until 2038 (0x7fffffff)
[   32.749908] loop0: detected capacity change from 0 to 512
[   32.758715] ext4 filesystem being mounted at /root/syzkaller.Rxv8xi/79/file0 supports timestamps until 2038 (0x7fffffff)
[   32.795847] loop0: detected capacity change from 0 to 512
[   32.802700] ext4 filesystem being mounted at /root/syzkaller.Rxv8xi/80/file0 supports timestamps until 2038 (0x7fffffff)
[   32.850773] loop0: detected capacity change from 0 to 512
[   32.859608] ext4 filesystem being mounted at /root/syzkaller.Rxv8xi/81/file0 supports timestamps until 2038 (0x7fffffff)
[   32.900786] loop0: detected capacity change from 0 to 512
[   32.938427] ext4 filesystem being mounted at /root/syzkaller.Rxv8xi/82/file0 supports timestamps until 2038 (0x7fffffff)
[   32.975670] loop0: detected capacity change from 0 to 512
[   32.982558] ext4 filesystem being mounted at /root/syzkaller.Rxv8xi/83/file0 supports timestamps until 2038 (0x7fffffff)
[   33.021603] loop0: detected capacity change from 0 to 512
[   33.058479] ext4 filesystem being mounted at /root/syzkaller.Rxv8xi/84/file0 supports timestamps until 2038 (0x7fffffff)
[   33.098001] loop0: detected capacity change from 0 to 512
[   33.107642] ext4 filesystem being mounted at /root/syzkaller.Rxv8xi/85/file0 supports timestamps until 2038 (0x7fffffff)
[   33.159936] loop0: detected capacity change from 0 to 512
[   33.168829] ext4 filesystem being mounted at /root/syzkaller.Rxv8xi/86/file0 supports timestamps until 2038 (0x7fffffff)
[   33.203785] loop0: detected capacity change from 0 to 512
[   33.210612] ext4 filesystem being mounted at /root/syzkaller.Rxv8xi/87/file0 supports timestamps until 2038 (0x7fffffff)
[   33.247063] loop0: detected capacity change from 0 to 512
[   33.256331] ext4 filesystem being mounted at /root/syzkaller.Rxv8xi/88/file0 supports timestamps until 2038 (0x7fffffff)
[   33.291588] loop0: detected capacity change from 0 to 512
[   33.298794] ext4 filesystem being mounted at /root/syzkaller.Rxv8xi/89/file0 supports timestamps until 2038 (0x7fffffff)
[   33.344227] loop0: detected capacity change from 0 to 512
[   33.379879] ext4 filesystem being mounted at /root/syzkaller.Rxv8xi/90/file0 supports timestamps until 2038 (0x7fffffff)
[   33.444619] loop0: detected capacity change from 0 to 512
[   33.451748] ext4 filesystem being mounted at /root/syzkaller.Rxv8xi/91/file0 supports timestamps until 2038 (0x7fffffff)
[   33.519271] loop0: detected capacity change from 0 to 512
[   33.526761] ext4 filesystem being mounted at /root/syzkaller.Rxv8xi/93/file0 supports timestamps until 2038 (0x7fffffff)
[   33.579918] loop0: detected capacity change from 0 to 512
[   33.597304] ext4 filesystem being mounted at /root/syzkaller.Rxv8xi/95/file0 supports timestamps until 2038 (0x7fffffff)
[   33.654496] loop0: detected capacity change from 0 to 512
[   33.662923] ext4 filesystem being mounted at /root/syzkaller.Rxv8xi/96/file0 supports timestamps until 2038 (0x7fffffff)
[   33.737243] loop0: detected capacity change from 0 to 512
[   33.776594] ext4 filesystem being mounted at /root/syzkaller.Rxv8xi/98/file0 supports timestamps until 2038 (0x7fffffff)
[   33.826211] loop0: detected capacity change from 0 to 512
[   33.834633] ext4 filesystem being mounted at /root/syzkaller.Rxv8xi/100/file0 supports timestamps until 2038 (0x7fffffff)
[   33.884134] loop0: detected capacity change from 0 to 512
[   33.891394] ext4 filesystem being mounted at /root/syzkaller.Rxv8xi/101/file0 supports timestamps until 2038 (0x7fffffff)
[   33.939127] loop0: detected capacity change from 0 to 512
[   33.952188] ext4 filesystem being mounted at /root/syzkaller.Rxv8xi/102/file0 supports timestamps until 2038 (0x7fffffff)
[   33.991319] loop0: detected capacity change from 0 to 512
[   34.000426] ext4 filesystem being mounted at /root/syzkaller.Rxv8xi/103/file0 supports timestamps until 2038 (0x7fffffff)
[   34.041963] loop0: detected capacity change from 0 to 512
[   34.050274] ext4 filesystem being mounted at /root/syzkaller.Rxv8xi/104/file0 supports timestamps until 2038 (0x7fffffff)
[   34.087635] loop0: detected capacity change from 0 to 512
[   34.097333] ext4 filesystem being mounted at /root/syzkaller.Rxv8xi/105/file0 supports timestamps until 2038 (0x7fffffff)
[   34.135211] loop0: detected capacity change from 0 to 512
[   34.159000] ext4 filesystem being mounted at /root/syzkaller.Rxv8xi/106/file0 supports timestamps until 2038 (0x7fffffff)
[   34.198643] loop0: detected capacity change from 0 to 512
[   34.206544] ext4 filesystem being mounted at /root/syzkaller.Rxv8xi/107/file0 supports timestamps until 2038 (0x7fffffff)
[   34.254254] loop0: detected capacity change from 0 to 512
[   34.268316] ext4 filesystem being mounted at /root/syzkaller.Rxv8xi/108/file0 supports timestamps until 2038 (0x7fffffff)
[   34.319881] loop0: detected capacity change from 0 to 512
[   34.337609] ext4 filesystem being mounted at /root/syzkaller.Rxv8xi/109/file0 supports timestamps until 2038 (0x7fffffff)
[   34.388938] loop0: detected capacity change from 0 to 512
[   34.399885] ext4 filesystem being mounted at /root/syzkaller.Rxv8xi/110/file0 supports timestamps until 2038 (0x7fffffff)
[   34.465193] loop0: detected capacity change from 0 to 512
[   34.494118] ext4 filesystem being mounted at /root/syzkaller.Rxv8xi/112/file0 supports timestamps until 2038 (0x7fffffff)
[   34.538814] loop0: detected capacity change from 0 to 512
[   34.556894] ext4 filesystem being mounted at /root/syzkaller.Rxv8xi/113/file0 supports timestamps until 2038 (0x7fffffff)
[   34.609987] loop0: detected capacity change from 0 to 512
[   34.624039] ext4 filesystem being mounted at /root/syzkaller.Rxv8xi/114/file0 supports timestamps until 2038 (0x7fffffff)
[   34.662504] loop0: detected capacity change from 0 to 512
[   34.670486] ext4 filesystem being mounted at /root/syzkaller.Rxv8xi/115/file0 supports timestamps until 2038 (0x7fffffff)
[   34.694949] loop0: detected capacity change from 0 to 512
[   34.706403] ext4 filesystem being mounted at /root/syzkaller.Rxv8xi/116/file0 supports timestamps until 2038 (0x7fffffff)
[   34.739027] loop0: detected capacity change from 0 to 512
[   34.746157] ext4 filesystem being mounted at /root/syzkaller.Rxv8xi/117/file0 supports timestamps until 2038 (0x7fffffff)
[   34.783440] loop0: detected capacity change from 0 to 512
[   34.799111] ext4 filesystem being mounted at /root/syzkaller.Rxv8xi/118/file0 supports timestamps until 2038 (0x7fffffff)
[   34.829911] loop0: detected capacity change from 0 to 512
[   34.840610] ext4 filesystem being mounted at /root/syzkaller.Rxv8xi/119/file0 supports timestamps until 2038 (0x7fffffff)
[   34.874698] loop0: detected capacity change from 0 to 512
[   34.886334] ext4 filesystem being mounted at /root/syzkaller.Rxv8xi/120/file0 supports timestamps until 2038 (0x7fffffff)
[   34.916360] loop0: detected capacity change from 0 to 512
[   34.923320] ext4 filesystem being mounted at /root/syzkaller.Rxv8xi/121/file0 supports timestamps until 2038 (0x7fffffff)
[   34.954977] loop0: detected capacity change from 0 to 512
[   34.963027] ext4 filesystem being mounted at /root/syzkaller.Rxv8xi/122/file0 supports timestamps until 2038 (0x7fffffff)
[   34.996921] loop0: detected capacity change from 0 to 512
[   35.002163] ext4 filesystem being mounted at /root/syzkaller.Rxv8xi/123/file0 supports timestamps until 2038 (0x7fffffff)
[   35.030519] loop0: detected capacity change from 0 to 512
[   35.054609] ext4 filesystem being mounted at /root/syzkaller.Rxv8xi/124/file0 supports timestamps until 2038 (0x7fffffff)
[   35.107808] loop0: detected capacity change from 0 to 512
[   35.121107] ext4 filesystem being mounted at /root/syzkaller.Rxv8xi/125/file0 supports timestamps until 2038 (0x7fffffff)
[   35.163412] loop0: detected capacity change from 0 to 512
[   35.186730] ext4 filesystem being mounted at /root/syzkaller.Rxv8xi/126/file0 supports timestamps until 2038 (0x7fffffff)
[   35.231501] loop0: detected capacity change from 0 to 512
[   35.237878] ext4 filesystem being mounted at /root/syzkaller.Rxv8xi/127/file0 supports timestamps until 2038 (0x7fffffff)
[   35.275296] loop0: detected capacity change from 0 to 512
[   35.323836] ext4 filesystem being mounted at /root/syzkaller.Rxv8xi/128/file0 supports timestamps until 2038 (0x7fffffff)
[   35.366982] loop0: detected capacity change from 0 to 512
[   35.376328] ext4 filesystem being mounted at /root/syzkaller.Rxv8xi/130/file0 supports timestamps until 2038 (0x7fffffff)
[   35.434516] loop0: detected capacity change from 0 to 512
[   35.448281] ext4 filesystem being mounted at /root/syzkaller.Rxv8xi/134/file0 supports timestamps until 2038 (0x7fffffff)
[   35.498289] loop0: detected capacity change from 0 to 512
[   35.506317] ext4 filesystem being mounted at /root/syzkaller.Rxv8xi/136/file0 supports timestamps until 2038 (0x7fffffff)
[   35.535468] loop0: detected capacity change from 0 to 512
[   35.542706] ext4 filesystem being mounted at /root/syzkaller.Rxv8xi/137/file0 supports timestamps until 2038 (0x7fffffff)
[   35.575422] loop0: detected capacity change from 0 to 512
[   35.585016] ext4 filesystem being mounted at /root/syzkaller.Rxv8xi/138/file0 supports timestamps until 2038 (0x7fffffff)
[   35.621487] loop0: detected capacity change from 0 to 512
[   35.626768] ext4 filesystem being mounted at /root/syzkaller.Rxv8xi/139/file0 supports timestamps until 2038 (0x7fffffff)
[   35.658521] loop0: detected capacity change from 0 to 512
[   35.666400] ext4 filesystem being mounted at /root/syzkaller.Rxv8xi/141/file0 supports timestamps until 2038 (0x7fffffff)
[   35.694159] loop0: detected capacity change from 0 to 512
[   35.701899] ext4 filesystem being mounted at /root/syzkaller.Rxv8xi/142/file0 supports timestamps until 2038 (0x7fffffff)
[   35.738120] loop0: detected capacity change from 0 to 512
[   35.742060] ext4 filesystem being mounted at /root/syzkaller.Rxv8xi/143/file0 supports timestamps until 2038 (0x7fffffff)
[   35.767136] loop0: detected capacity change from 0 to 512
[   35.793998] ext4 filesystem being mounted at /root/syzkaller.Rxv8xi/144/file0 supports timestamps until 2038 (0x7fffffff)
[   35.831148] loop0: detected capacity change from 0 to 512
[   35.855645] ext4 filesystem being mounted at /root/syzkaller.Rxv8xi/145/file0 supports timestamps until 2038 (0x7fffffff)
[   35.885572] loop0: detected capacity change from 0 to 512
[   35.897816] ext4 filesystem being mounted at /root/syzkaller.Rxv8xi/146/file0 supports timestamps until 2038 (0x7fffffff)
[   35.929497] loop0: detected capacity change from 0 to 512
[   35.934347] ext4 filesystem being mounted at /root/syzkaller.Rxv8xi/147/file0 supports timestamps until 2038 (0x7fffffff)
[   35.963773] loop0: detected capacity change from 0 to 512
[   35.986424] ext4 filesystem being mounted at /root/syzkaller.Rxv8xi/148/file0 supports timestamps until 2038 (0x7fffffff)
[   36.029512] loop0: detected capacity change from 0 to 512
[   36.038556] ext4 filesystem being mounted at /root/syzkaller.Rxv8xi/149/file0 supports timestamps until 2038 (0x7fffffff)
[   36.070357] loop0: detected capacity change from 0 to 512
[   36.080791] ext4 filesystem being mounted at /root/syzkaller.Rxv8xi/150/file0 supports timestamps until 2038 (0x7fffffff)
[   36.106097] loop0: detected capacity change from 0 to 512
[   36.112660] ext4 filesystem being mounted at /root/syzkaller.Rxv8xi/151/file0 supports timestamps until 2038 (0x7fffffff)
[   36.137381] loop0: detected capacity change from 0 to 512
[   36.141994] ext4 filesystem being mounted at /root/syzkaller.Rxv8xi/152/file0 supports timestamps until 2038 (0x7fffffff)
[   36.174879] loop0: detected capacity change from 0 to 512
[   36.182017] EXT4-fs mount: 75 callbacks suppressed
[   36.182027] EXT4-fs (loop0): mounted filesystem without journal. Quota mode: writeback.
[   36.185455] ext4 filesystem being mounted at /root/syzkaller.Rxv8xi/153/file0 supports timestamps until 2038 (0x7fffffff)
[   36.206508] loop0: detected capacity change from 0 to 512
[   36.214530] EXT4-fs (loop0): mounted filesystem without journal. Quota mode: writeback.
[   36.216110] ext4 filesystem being mounted at /root/syzkaller.Rxv8xi/154/file0 supports timestamps until 2038 (0x7fffffff)
[   36.251180] loop0: detected capacity change from 0 to 512
[   36.258180] EXT4-fs (loop0): mounted filesystem without journal. Quota mode: writeback.
[   36.260207] ext4 filesystem being mounted at /root/syzkaller.Rxv8xi/155/file0 supports timestamps until 2038 (0x7fffffff)
[   36.318327] loop0: detected capacity change from 0 to 512
[   36.330431] EXT4-fs (loop0): mounted filesystem without journal. Quota mode: writeback.
[   36.331974] ext4 filesystem being mounted at /root/syzkaller.Rxv8xi/156/file0 supports timestamps until 2038 (0x7fffffff)
[   36.383585] loop0: detected capacity change from 0 to 512
[   36.394216] EXT4-fs (loop0): mounted filesystem without journal. Quota mode: writeback.
[   36.395733] ext4 filesystem being mounted at /root/syzkaller.Rxv8xi/157/file0 supports timestamps until 2038 (0x7fffffff)
[   36.450069] loop0: detected capacity change from 0 to 512
[   36.457557] EXT4-fs (loop0): mounted filesystem without journal. Quota mode: writeback.
[   36.459099] ext4 filesystem being mounted at /root/syzkaller.Rxv8xi/158/file0 supports timestamps until 2038 (0x7fffffff)
[   36.491028] loop0: detected capacity change from 0 to 512
[   36.518460] EXT4-fs (loop0): mounted filesystem without journal. Quota mode: writeback.
[   36.520129] ext4 filesystem being mounted at /root/syzkaller.Rxv8xi/159/file0 supports timestamps until 2038 (0x7fffffff)
[   36.578031] loop0: detected capacity change from 0 to 512
[   36.585874] EXT4-fs (loop0): mounted filesystem without journal. Quota mode: writeback.
[   36.588219] ext4 filesystem being mounted at /root/syzkaller.Rxv8xi/160/file0 supports timestamps until 2038 (0x7fffffff)
[   36.623188] loop0: detected capacity change from 0 to 512
[   36.630609] EXT4-fs (loop0): mounted filesystem without journal. Quota mode: writeback.
[   36.632182] ext4 filesystem being mounted at /root/syzkaller.Rxv8xi/161/file0 supports timestamps until 2038 (0x7fffffff)
[   36.661786] loop0: detected capacity change from 0 to 512
[   36.670570] EXT4-fs (loop0): mounted filesystem without journal. Quota mode: writeback.
[   36.673064] ext4 filesystem being mounted at /root/syzkaller.Rxv8xi/162/file0 supports timestamps until 2038 (0x7fffffff)
[   36.708572] loop0: detected capacity change from 0 to 512
[   36.718952] EXT4-fs (loop0): mounted filesystem without journal. Quota mode: writeback.
[   36.721306] ext4 filesystem being mounted at /root/syzkaller.Rxv8xi/163/file0 supports timestamps until 2038 (0x7fffffff)
[   36.751276] loop0: detected capacity change from 0 to 512
[   36.759485] EXT4-fs (loop0): mounted filesystem without journal. Quota mode: writeback.
[   36.762894] ext4 filesystem being mounted at /root/syzkaller.Rxv8xi/164/file0 supports timestamps until 2038 (0x7fffffff)
[   36.802559] loop0: detected capacity change from 0 to 512
[   36.815125] EXT4-fs (loop0): mounted filesystem without journal. Quota mode: writeback.
[   36.817175] ext4 filesystem being mounted at /root/syzkaller.Rxv8xi/165/file0 supports timestamps until 2038 (0x7fffffff)
[   36.850567] loop0: detected capacity change from 0 to 512
[   36.859529] EXT4-fs (loop0): mounted filesystem without journal. Quota mode: writeback.
[   36.861233] ext4 filesystem being mounted at /root/syzkaller.Rxv8xi/166/file0 supports timestamps until 2038 (0x7fffffff)
[   36.894244] loop0: detected capacity change from 0 to 512
[   36.901890] EXT4-fs (loop0): mounted filesystem without journal. Quota mode: writeback.
[   36.903963] ext4 filesystem being mounted at /root/syzkaller.Rxv8xi/167/file0 supports timestamps until 2038 (0x7fffffff)
[   36.942119] loop0: detected capacity change from 0 to 512
[   36.950620] EXT4-fs (loop0): mounted filesystem without journal. Quota mode: writeback.
[   36.952185] ext4 filesystem being mounted at /root/syzkaller.Rxv8xi/168/file0 supports timestamps until 2038 (0x7fffffff)
[   36.990316] loop0: detected capacity change from 0 to 512
[   37.000929] EXT4-fs (loop0): mounted filesystem without journal. Quota mode: writeback.
[   37.002397] ext4 filesystem being mounted at /root/syzkaller.Rxv8xi/169/file0 supports timestamps until 2038 (0x7fffffff)
[   37.055324] loop0: detected capacity change from 0 to 512
[   37.061857] EXT4-fs (loop0): mounted filesystem without journal. Quota mode: writeback.
[   37.063433] ext4 filesystem being mounted at /root/syzkaller.Rxv8xi/170/file0 supports timestamps until 2038 (0x7fffffff)
[   37.111016] loop0: detected capacity change from 0 to 512
[   37.136396] EXT4-fs (loop0): mounted filesystem without journal. Quota mode: writeback.
[   37.138235] ext4 filesystem being mounted at /root/syzkaller.Rxv8xi/171/file0 supports timestamps until 2038 (0x7fffffff)
[   37.185349] loop0: detected capacity change from 0 to 512
[   37.190319] EXT4-fs (loop0): mounted filesystem without journal. Quota mode: writeback.
[   37.192001] ext4 filesystem being mounted at /root/syzkaller.Rxv8xi/172/file0 supports timestamps until 2038 (0x7fffffff)
[   37.214294] loop0: detected capacity change from 0 to 512
[   37.218173] EXT4-fs (loop0): mounted filesystem without journal. Quota mode: writeback.
[   37.219890] ext4 filesystem being mounted at /root/syzkaller.Rxv8xi/173/file0 supports timestamps until 2038 (0x7fffffff)
[   37.270979] loop0: detected capacity change from 0 to 512
[   37.278807] EXT4-fs (loop0): mounted filesystem without journal. Quota mode: writeback.
[   37.281782] ext4 filesystem being mounted at /root/syzkaller.Rxv8xi/175/file0 supports timestamps until 2038 (0x7fffffff)
[   37.309389] loop0: detected capacity change from 0 to 512
[   37.318122] EXT4-fs (loop0): mounted filesystem without journal. Quota mode: writeback.
[   37.319995] ext4 filesystem being mounted at /root/syzkaller.Rxv8xi/176/file0 supports timestamps until 2038 (0x7fffffff)
[   37.353986] loop0: detected capacity change from 0 to 512
[   37.362170] EXT4-fs (loop0): mounted filesystem without journal. Quota mode: writeback.
[   37.363772] ext4 filesystem being mounted at /root/syzkaller.Rxv8xi/177/file0 supports timestamps until 2038 (0x7fffffff)
[   37.401300] loop0: detected capacity change from 0 to 512
[   37.405746] EXT4-fs (loop0): mounted filesystem without journal. Quota mode: writeback.
[   37.407538] ext4 filesystem being mounted at /root/syzkaller.Rxv8xi/178/file0 supports timestamps until 2038 (0x7fffffff)
[   37.451514] loop0: detected capacity change from 0 to 512
[   37.462322] EXT4-fs (loop0): mounted filesystem without journal. Quota mode: writeback.
[   37.464029] ext4 filesystem being mounted at /root/syzkaller.Rxv8xi/180/file0 supports timestamps until 2038 (0x7fffffff)
[   37.514857] loop0: detected capacity change from 0 to 512
[   37.526275] EXT4-fs (loop0): mounted filesystem without journal. Quota mode: writeback.
[   37.527944] ext4 filesystem being mounted at /root/syzkaller.Rxv8xi/181/file0 supports timestamps until 2038 (0x7fffffff)
[   37.558085] loop0: detected capacity change from 0 to 512
[   37.566124] EXT4-fs (loop0): mounted filesystem without journal. Quota mode: writeback.
[   37.567660] ext4 filesystem being mounted at /root/syzkaller.Rxv8xi/182/file0 supports timestamps until 2038 (0x7fffffff)
[   37.602168] loop0: detected capacity change from 0 to 512
[   37.607252] EXT4-fs (loop0): mounted filesystem without journal. Quota mode: writeback.
[   37.608887] ext4 filesystem being mounted at /root/syzkaller.Rxv8xi/183/file0 supports timestamps until 2038 (0x7fffffff)
[   37.647744] loop0: detected capacity change from 0 to 512
[   37.654001] EXT4-fs (loop0): mounted filesystem without journal. Quota mode: writeback.
[   37.655435] ext4 filesystem being mounted at /root/syzkaller.Rxv8xi/184/file0 supports timestamps until 2038 (0x7fffffff)
[   37.685966] loop0: detected capacity change from 0 to 512
[   37.702560] EXT4-fs (loop0): mounted filesystem without journal. Quota mode: writeback.
[   37.704182] ext4 filesystem being mounted at /root/syzkaller.Rxv8xi/185/file0 supports timestamps until 2038 (0x7fffffff)
[   37.771423] loop0: detected capacity change from 0 to 512
[   37.781877] EXT4-fs (loop0): mounted filesystem without journal. Quota mode: writeback.
[   37.784000] ext4 filesystem being mounted at /root/syzkaller.Rxv8xi/187/file0 supports timestamps until 2038 (0x7fffffff)
[   37.813552] loop0: detected capacity change from 0 to 512
[   37.821969] EXT4-fs (loop0): mounted filesystem without journal. Quota mode: writeback.
[   37.824331] ext4 filesystem being mounted at /root/syzkaller.Rxv8xi/188/file0 supports timestamps until 2038 (0x7fffffff)
[   37.879638] loop0: detected capacity change from 0 to 512
[   37.906772] EXT4-fs (loop0): mounted filesystem without journal. Quota mode: writeback.
[   37.908449] ext4 filesystem being mounted at /root/syzkaller.Rxv8xi/189/file0 supports timestamps until 2038 (0x7fffffff)
[   37.956619] loop0: detected capacity change from 0 to 512
[   37.981008] EXT4-fs (loop0): mounted filesystem without journal. Quota mode: writeback.
[   37.982733] ext4 filesystem being mounted at /root/syzkaller.Rxv8xi/190/file0 supports timestamps until 2038 (0x7fffffff)
[   38.015401] loop0: detected capacity change from 0 to 512
[   38.021853] EXT4-fs (loop0): mounted filesystem without journal. Quota mode: writeback.
[   38.023455] ext4 filesystem being mounted at /root/syzkaller.Rxv8xi/191/file0 supports timestamps until 2038 (0x7fffffff)
[   38.059187] loop0: detected capacity change from 0 to 512
[   38.075035] EXT4-fs (loop0): mounted filesystem without journal. Quota mode: writeback.
[   38.076865] ext4 filesystem being mounted at /root/syzkaller.Rxv8xi/192/file0 supports timestamps until 2038 (0x7fffffff)
[   38.118701] loop0: detected capacity change from 0 to 512
[   38.125882] EXT4-fs (loop0): mounted filesystem without journal. Quota mode: writeback.
[   38.128298] ext4 filesystem being mounted at /root/syzkaller.Rxv8xi/193/file0 supports timestamps until 2038 (0x7fffffff)
[   38.157662] loop0: detected capacity change from 0 to 512
[   38.166902] EXT4-fs (loop0): mounted filesystem without journal. Quota mode: writeback.
[   38.168825] ext4 filesystem being mounted at /root/syzkaller.Rxv8xi/194/file0 supports timestamps until 2038 (0x7fffffff)
[   38.198930] loop0: detected capacity change from 0 to 512
[   38.223711] EXT4-fs (loop0): mounted filesystem without journal. Quota mode: writeback.
[   38.225378] ext4 filesystem being mounted at /root/syzkaller.Rxv8xi/195/file0 supports timestamps until 2038 (0x7fffffff)
[   38.273744] loop0: detected capacity change from 0 to 512
[   38.278128] EXT4-fs (loop0): mounted filesystem without journal. Quota mode: writeback.
[   38.284957] ext4 filesystem being mounted at /root/syzkaller.Rxv8xi/197/file0 supports timestamps until 2038 (0x7fffffff)
[   38.317905] loop0: detected capacity change from 0 to 512
[   38.329748] EXT4-fs (loop0): mounted filesystem without journal. Quota mode: writeback.
[   38.331940] ext4 filesystem being mounted at /root/syzkaller.Rxv8xi/198/file0 supports timestamps until 2038 (0x7fffffff)
[   38.370575] loop0: detected capacity change from 0 to 512
[   38.396354] EXT4-fs (loop0): mounted filesystem without journal. Quota mode: writeback.
[   38.399359] ext4 filesystem being mounted at /root/syzkaller.Rxv8xi/199/file0 supports timestamps until 2038 (0x7fffffff)
[   38.450646] loop0: detected capacity change from 0 to 512
[   38.462443] EXT4-fs (loop0): mounted filesystem without journal. Quota mode: writeback.
[   38.465379] ext4 filesystem being mounted at /root/syzkaller.Rxv8xi/200/file0 supports timestamps until 2038 (0x7fffffff)
[   38.510893] loop0: detected capacity change from 0 to 512
[   38.523435] EXT4-fs (loop0): mounted filesystem without journal. Quota mode: writeback.
[   38.525752] ext4 filesystem being mounted at /root/syzkaller.Rxv8xi/201/file0 supports timestamps until 2038 (0x7fffffff)
[   38.574575] loop0: detected capacity change from 0 to 512
[   38.587408] EXT4-fs (loop0): mounted filesystem without journal. Quota mode: writeback.
[   38.590738] ext4 filesystem being mounted at /root/syzkaller.Rxv8xi/202/file0 supports timestamps until 2038 (0x7fffffff)
[   38.645988] loop0: detected capacity change from 0 to 512
[   38.671717] EXT4-fs (loop0): mounted filesystem without journal. Quota mode: writeback.
[   38.674130] ext4 filesystem being mounted at /root/syzkaller.Rxv8xi/203/file0 supports timestamps until 2038 (0x7fffffff)
[   38.720181] loop0: detected capacity change from 0 to 512
[   38.728367] EXT4-fs (loop0): mounted filesystem without journal. Quota mode: writeback.
[   38.730352] ext4 filesystem being mounted at /root/syzkaller.Rxv8xi/204/file0 supports timestamps until 2038 (0x7fffffff)
[   38.777647] loop0: detected capacity change from 0 to 512
[   38.786880] EXT4-fs (loop0): mounted filesystem without journal. Quota mode: writeback.
[   38.789053] ext4 filesystem being mounted at /root/syzkaller.Rxv8xi/205/file0 supports timestamps until 2038 (0x7fffffff)
[   38.830093] loop0: detected capacity change from 0 to 512
[   38.843433] EXT4-fs (loop0): mounted filesystem without journal. Quota mode: writeback.
[   38.845842] ext4 filesystem being mounted at /root/syzkaller.Rxv8xi/206/file0 supports timestamps until 2038 (0x7fffffff)
[   38.892816] loop0: detected capacity change from 0 to 512
[   38.917722] EXT4-fs (loop0): mounted filesystem without journal. Quota mode: writeback.
[   38.919688] ext4 filesystem being mounted at /root/syzkaller.Rxv8xi/207/file0 supports timestamps until 2038 (0x7fffffff)
[   38.972495] loop0: detected capacity change from 0 to 512
[   38.978914] EXT4-fs (loop0): mounted filesystem without journal. Quota mode: writeback.
[   38.980793] ext4 filesystem being mounted at /root/syzkaller.Rxv8xi/208/file0 supports timestamps until 2038 (0x7fffffff)
[   39.019641] loop0: detected capacity change from 0 to 512
[   39.030397] EXT4-fs (loop0): mounted filesystem without journal. Quota mode: writeback.
[   39.033591] ext4 filesystem being mounted at /root/syzkaller.Rxv8xi/209/file0 supports timestamps until 2038 (0x7fffffff)
[   39.063554] loop0: detected capacity change from 0 to 512
[   39.070478] EXT4-fs (loop0): mounted filesystem without journal. Quota mode: writeback.
[   39.072288] ext4 filesystem being mounted at /root/syzkaller.Rxv8xi/210/file0 supports timestamps until 2038 (0x7fffffff)
[   39.118862] loop0: detected capacity change from 0 to 512
[   39.129030] EXT4-fs (loop0): mounted filesystem without journal. Quota mode: writeback.
[   39.130705] ext4 filesystem being mounted at /root/syzkaller.Rxv8xi/211/file0 supports timestamps until 2038 (0x7fffffff)
[   39.174635] loop0: detected capacity change from 0 to 512
[   39.182035] EXT4-fs (loop0): mounted filesystem without journal. Quota mode: writeback.
[   39.183893] ext4 filesystem being mounted at /root/syzkaller.Rxv8xi/212/file0 supports timestamps until 2038 (0x7fffffff)
[   39.217942] loop0: detected capacity change from 0 to 512
[   39.222596] EXT4-fs (loop0): mounted filesystem without journal. Quota mode: writeback.
[   39.240731] ext4 filesystem being mounted at /root/syzkaller.Rxv8xi/213/file0 supports timestamps until 2038 (0x7fffffff)
[   39.274781] loop0: detected capacity change from 0 to 512
[   39.287523] EXT4-fs (loop0): mounted filesystem without journal. Quota mode: writeback.
[   39.289591] ext4 filesystem being mounted at /root/syzkaller.Rxv8xi/214/file0 supports timestamps until 2038 (0x7fffffff)
[   39.331644] loop0: detected capacity change from 0 to 512
[   39.345665] EXT4-fs (loop0): mounted filesystem without journal. Quota mode: writeback.
[   39.347603] ext4 filesystem being mounted at /root/syzkaller.Rxv8xi/215/file0 supports timestamps until 2038 (0x7fffffff)
[   39.386273] loop0: detected capacity change from 0 to 512
[   39.400429] EXT4-fs (loop0): mounted filesystem without journal. Quota mode: writeback.
[   39.402430] ext4 filesystem being mounted at /root/syzkaller.Rxv8xi/216/file0 supports timestamps until 2038 (0x7fffffff)
[   39.442442] loop0: detected capacity change from 0 to 512
[   39.452137] EXT4-fs (loop0): mounted filesystem without journal. Quota mode: writeback.
[   39.454463] ext4 filesystem being mounted at /root/syzkaller.Rxv8xi/217/file0 supports timestamps until 2038 (0x7fffffff)
[   39.499987] loop0: detected capacity change from 0 to 512
[   39.506900] EXT4-fs (loop0): mounted filesystem without journal. Quota mode: writeback.
[   39.508923] ext4 filesystem being mounted at /root/syzkaller.Rxv8xi/218/file0 supports timestamps until 2038 (0x7fffffff)
[   39.576301] loop0: detected capacity change from 0 to 512
[   39.581992] EXT4-fs (loop0): mounted filesystem without journal. Quota mode: writeback.
[   39.584074] ext4 filesystem being mounted at /root/syzkaller.Rxv8xi/219/file0 supports timestamps until 2038 (0x7fffffff)
[   39.623019] loop0: detected capacity change from 0 to 512
[   39.631714] EXT4-fs (loop0): mounted filesystem without journal. Quota mode: writeback.
[   39.633791] ext4 filesystem being mounted at /root/syzkaller.Rxv8xi/220/file0 supports timestamps until 2038 (0x7fffffff)
[   39.670834] loop0: detected capacity change from 0 to 512
[   39.678400] ext4 filesystem being mounted at /root/syzkaller.Rxv8xi/221/file0 supports timestamps until 2038 (0x7fffffff)
[   39.716040] loop0: detected capacity change from 0 to 512
[   39.746639] ext4 filesystem being mounted at /root/syzkaller.Rxv8xi/222/file0 supports timestamps until 2038 (0x7fffffff)
[   39.795497] loop0: detected capacity change from 0 to 512
[   39.803600] ext4 filesystem being mounted at /root/syzkaller.Rxv8xi/223/file0 supports timestamps until 2038 (0x7fffffff)
[   39.837513] loop0: detected capacity change from 0 to 512
[   39.846893] ext4 filesystem being mounted at /root/syzkaller.Rxv8xi/224/file0 supports timestamps until 2038 (0x7fffffff)
[   39.877547] loop0: detected capacity change from 0 to 512
[   39.890326] ext4 filesystem being mounted at /root/syzkaller.Rxv8xi/225/file0 supports timestamps until 2038 (0x7fffffff)
[   39.926969] loop0: detected capacity change from 0 to 512
[   39.934166] ext4 filesystem being mounted at /root/syzkaller.Rxv8xi/226/file0 supports timestamps until 2038 (0x7fffffff)
[   39.990966] loop0: detected capacity change from 0 to 512
[   40.011570] ext4 filesystem being mounted at /root/syzkaller.Rxv8xi/228/file0 supports timestamps until 2038 (0x7fffffff)
[   40.043505] loop0: detected capacity change from 0 to 512
[   40.077498] ext4 filesystem being mounted at /root/syzkaller.Rxv8xi/229/file0 supports timestamps until 2038 (0x7fffffff)
[   40.141369] loop0: detected capacity change from 0 to 512
[   40.173672] ext4 filesystem being mounted at /root/syzkaller.Rxv8xi/230/file0 supports timestamps until 2038 (0x7fffffff)
[   40.218019] loop0: detected capacity change from 0 to 512
[   40.227286] ext4 filesystem being mounted at /root/syzkaller.Rxv8xi/232/file0 supports timestamps until 2038 (0x7fffffff)
[   40.254976] loop0: detected capacity change from 0 to 512
[   40.262278] ext4 filesystem being mounted at /root/syzkaller.Rxv8xi/233/file0 supports timestamps until 2038 (0x7fffffff)
[   40.299251] loop0: detected capacity change from 0 to 512
[   40.310207] ext4 filesystem being mounted at /root/syzkaller.Rxv8xi/234/file0 supports timestamps until 2038 (0x7fffffff)
[   40.346571] loop0: detected capacity change from 0 to 512
[   40.358433] ext4 filesystem being mounted at /root/syzkaller.Rxv8xi/235/file0 supports timestamps until 2038 (0x7fffffff)
[   40.402827] loop0: detected capacity change from 0 to 512
[   40.418414] ext4 filesystem being mounted at /root/syzkaller.Rxv8xi/236/file0 supports timestamps until 2038 (0x7fffffff)
[   40.462692] loop0: detected capacity change from 0 to 512
[   40.472580] ext4 filesystem being mounted at /root/syzkaller.Rxv8xi/237/file0 supports timestamps until 2038 (0x7fffffff)
[   40.502305] loop0: detected capacity change from 0 to 512
[   40.510960] ext4 filesystem being mounted at /root/syzkaller.Rxv8xi/238/file0 supports timestamps until 2038 (0x7fffffff)
[   40.546806] loop0: detected capacity change from 0 to 512
[   40.554709] ext4 filesystem being mounted at /root/syzkaller.Rxv8xi/239/file0 supports timestamps until 2038 (0x7fffffff)
[   40.581680] loop0: detected capacity change from 0 to 512
[   40.593369] ext4 filesystem being mounted at /root/syzkaller.Rxv8xi/240/file0 supports timestamps until 2038 (0x7fffffff)
[   40.627876] loop0: detected capacity change from 0 to 512
[   40.635314] ext4 filesystem being mounted at /root/syzkaller.Rxv8xi/241/file0 supports timestamps until 2038 (0x7fffffff)
[   40.662628] loop0: detected capacity change from 0 to 512
[   40.671468] ext4 filesystem being mounted at /root/syzkaller.Rxv8xi/242/file0 supports timestamps until 2038 (0x7fffffff)
[   40.711199] loop0: detected capacity change from 0 to 512
[   40.718634] ext4 filesystem being mounted at /root/syzkaller.Rxv8xi/243/file0 supports timestamps until 2038 (0x7fffffff)
[   40.741599] loop0: detected capacity change from 0 to 512
[   40.750707] ext4 filesystem being mounted at /root/syzkaller.Rxv8xi/244/file0 supports timestamps until 2038 (0x7fffffff)
[   40.775002] loop0: detected capacity change from 0 to 512
[   40.787374] ext4 filesystem being mounted at /root/syzkaller.Rxv8xi/245/file0 supports timestamps until 2038 (0x7fffffff)
[   40.814192] loop0: detected capacity change from 0 to 512
[   40.822019] ext4 filesystem being mounted at /root/syzkaller.Rxv8xi/246/file0 supports timestamps until 2038 (0x7fffffff)
[   40.857248] loop0: detected capacity change from 0 to 512
[   40.890499] ext4 filesystem being mounted at /root/syzkaller.Rxv8xi/247/file0 supports timestamps until 2038 (0x7fffffff)
[   40.924987] loop0: detected capacity change from 0 to 512
[   40.955383] ext4 filesystem being mounted at /root/syzkaller.Rxv8xi/248/file0 supports timestamps until 2038 (0x7fffffff)
[   40.998940] loop0: detected capacity change from 0 to 512
[   41.006476] ext4 filesystem being mounted at /root/syzkaller.Rxv8xi/249/file0 supports timestamps until 2038 (0x7fffffff)
[   41.039386] loop0: detected capacity change from 0 to 512
[   41.047018] ext4 filesystem being mounted at /root/syzkaller.Rxv8xi/250/file0 supports timestamps until 2038 (0x7fffffff)
[   41.087691] loop0: detected capacity change from 0 to 512
[   41.098686] ext4 filesystem being mounted at /root/syzkaller.Rxv8xi/251/file0 supports timestamps until 2038 (0x7fffffff)
[   41.130667] loop0: detected capacity change from 0 to 512
[   41.142476] ext4 filesystem being mounted at /root/syzkaller.Rxv8xi/252/file0 supports timestamps until 2038 (0x7fffffff)
[   41.196682] loop0: detected capacity change from 0 to 512
[   41.231303] ext4 filesystem being mounted at /root/syzkaller.Rxv8xi/253/file0 supports timestamps until 2038 (0x7fffffff)
[   41.272465] loop0: detected capacity change from 0 to 512
[   41.297103] ext4 filesystem being mounted at /root/syzkaller.Rxv8xi/254/file0 supports timestamps until 2038 (0x7fffffff)
[   41.334824] loop0: detected capacity change from 0 to 512
[   41.352378] ext4 filesystem being mounted at /root/syzkaller.Rxv8xi/255/file0 supports timestamps until 2038 (0x7fffffff)
[   41.398459] loop0: detected capacity change from 0 to 512
[   41.410520] ext4 filesystem being mounted at /root/syzkaller.Rxv8xi/256/file0 supports timestamps until 2038 (0x7fffffff)
[   41.459083] loop0: detected capacity change from 0 to 512
[   41.466273] ext4 filesystem being mounted at /root/syzkaller.Rxv8xi/257/file0 supports timestamps until 2038 (0x7fffffff)
[   41.502117] loop0: detected capacity change from 0 to 512
[   41.513089] ext4 filesystem being mounted at /root/syzkaller.Rxv8xi/258/file0 supports timestamps until 2038 (0x7fffffff)
[   41.551700] loop0: detected capacity change from 0 to 512
[   41.572472] ext4 filesystem being mounted at /root/syzkaller.Rxv8xi/259/file0 supports timestamps until 2038 (0x7fffffff)
[   41.611055] loop0: detected capacity change from 0 to 512
[   41.622746] ext4 filesystem being mounted at /root/syzkaller.Rxv8xi/260/file0 supports timestamps until 2038 (0x7fffffff)
[   41.674988] loop0: detected capacity change from 0 to 512
[   41.686974] ext4 filesystem being mounted at /root/syzkaller.Rxv8xi/261/file0 supports timestamps until 2038 (0x7fffffff)
[   41.731663] loop0: detected capacity change from 0 to 512
[   41.738984] ext4 filesystem being mounted at /root/syzkaller.Rxv8xi/262/file0 supports timestamps until 2038 (0x7fffffff)
[   41.765843] loop0: detected capacity change from 0 to 512
[   41.774861] ext4 filesystem being mounted at /root/syzkaller.Rxv8xi/263/file0 supports timestamps until 2038 (0x7fffffff)
[   41.801461] loop0: detected capacity change from 0 to 512
[   41.814356] ext4 filesystem being mounted at /root/syzkaller.Rxv8xi/264/file0 supports timestamps until 2038 (0x7fffffff)
[   41.847350] loop0: detected capacity change from 0 to 512
[   41.858444] ext4 filesystem being mounted at /root/syzkaller.Rxv8xi/265/file0 supports timestamps until 2038 (0x7fffffff)
[   41.882771] loop0: detected capacity change from 0 to 512
[   41.891457] ext4 filesystem being mounted at /root/syzkaller.Rxv8xi/266/file0 supports timestamps until 2038 (0x7fffffff)
[   41.934833] loop0: detected capacity change from 0 to 512
[   41.943729] ext4 filesystem being mounted at /root/syzkaller.Rxv8xi/267/file0 supports timestamps until 2038 (0x7fffffff)
[   41.988334] loop0: detected capacity change from 0 to 512
[   41.996529] ext4 filesystem being mounted at /root/syzkaller.Rxv8xi/268/file0 supports timestamps until 2038 (0x7fffffff)
[   42.034788] loop0: detected capacity change from 0 to 512
[   42.046840] ext4 filesystem being mounted at /root/syzkaller.Rxv8xi/269/file0 supports timestamps until 2038 (0x7fffffff)
