c[?7l[2J[0mSeaBIOS (version rel-1.14.0-0-g155821a1990b-prebuilt.qemu.org)


iPXE (http://ipxe.org) 00:03.0 CA00 PCI2.10 PnP PMM+7FF8F030+7FEEF030 CA00
Press Ctrl-B to configure iPXE (PCI 00:03.0)...                                                                               


Booting from ROM..c[?7l[2J[    0.000000] Linux version 5.15.0-rc4-1c36432b278c+ (root@p-rplp01) (gcc (GCC) 8.5.0 20210514 (Red Hat 8.5.0-17), GNU ld version 2.36.1-2.el8) #1 SMP Wed Nov 16 01:09:35 CST 2022
[    0.000000] Command line: console=ttyS0 root=/dev/sda earlyprintk=serial net.ifnames=0
[    0.000000] KERNEL supported cpus:
[    0.000000]   Intel GenuineIntel
[    0.000000]   AMD AuthenticAMD
[    0.000000]   Hygon HygonGenuine
[    0.000000]   Centaur CentaurHauls
[    0.000000]   zhaoxin   Shanghai  
[    0.000000] x86/fpu: Supporting XSAVE feature 0x001: 'x87 floating point registers'
[    0.000000] x86/fpu: Supporting XSAVE feature 0x002: 'SSE registers'
[    0.000000] x86/fpu: Supporting XSAVE feature 0x004: 'AVX registers'
[    0.000000] x86/fpu: Supporting XSAVE feature 0x200: 'Protection Keys User registers'
[    0.000000] x86/fpu: xstate_offset[2]:  576, xstate_sizes[2]:  256
[    0.000000] x86/fpu: xstate_offset[9]:  832, xstate_sizes[9]:    8
[    0.000000] x86/fpu: Enabled xstate features 0x207, context size is 840 bytes, using 'compacted' format.
[    0.000000] signal: max sigframe size: 3632
[    0.000000] BIOS-provided physical RAM map:
[    0.000000] BIOS-e820: [mem 0x0000000000000000-0x000000000009fbff] usable
[    0.000000] BIOS-e820: [mem 0x000000000009fc00-0x000000000009ffff] reserved
[    0.000000] BIOS-e820: [mem 0x00000000000f0000-0x00000000000fffff] reserved
[    0.000000] BIOS-e820: [mem 0x0000000000100000-0x000000007ffdffff] usable
[    0.000000] BIOS-e820: [mem 0x000000007ffe0000-0x000000007fffffff] reserved
[    0.000000] BIOS-e820: [mem 0x00000000feffc000-0x00000000feffffff] reserved
[    0.000000] BIOS-e820: [mem 0x00000000fffc0000-0x00000000ffffffff] reserved
[    0.000000] printk: bootconsole [earlyser0] enabled
[    0.000000] NX (Execute Disable) protection: active
[    0.000000] SMBIOS 2.8 present.
[    0.000000] DMI: QEMU Standard PC (i440FX + PIIX, 1996), BIOS rel-1.14.0-0-g155821a1990b-prebuilt.qemu.org 04/01/2014
[    0.000000] Hypervisor detected: KVM
[    0.000000] kvm-clock: Using msrs 4b564d01 and 4b564d00
[    0.000000] kvm-clock: cpu 0, msr 4601001, primary cpu clock
[    0.000002] kvm-clock: using sched offset of 395270382 cycles
[    0.000448] clocksource: kvm-clock: mask: 0xffffffffffffffff max_cycles: 0x1cd42e4dffb, max_idle_ns: 881590591483 ns
[    0.001714] tsc: Detected 1881.600 MHz processor
[    0.007019] last_pfn = 0x7ffe0 max_arch_pfn = 0x400000000
[    0.007512] x86/PAT: Configuration [0-7]: WB  WC  UC- UC  WB  WP  UC- WT  
[    0.015252] found SMP MP-table at [mem 0x000f5a90-0x000f5a9f]
[    0.015836] Using GB pages for direct mapping
[    0.017112] ACPI: Early table checksum verification disabled
[    0.017593] ACPI: RSDP 0x00000000000F5870 000014 (v00 BOCHS )
[    0.018066] ACPI: RSDT 0x000000007FFE1959 000034 (v01 BOCHS  BXPC     00000001 BXPC 00000001)
[    0.018771] ACPI: FACP 0x000000007FFE1805 000074 (v01 BOCHS  BXPC     00000001 BXPC 00000001)
[    0.019456] ACPI: DSDT 0x000000007FFE0040 0017C5 (v01 BOCHS  BXPC     00000001 BXPC 00000001)
[    0.020142] ACPI: FACS 0x000000007FFE0000 000040
[    0.020515] ACPI: APIC 0x000000007FFE1879 000080 (v01 BOCHS  BXPC     00000001 BXPC 00000001)
[    0.021197] ACPI: HPET 0x000000007FFE18F9 000038 (v01 BOCHS  BXPC     00000001 BXPC 00000001)
[    0.021875] ACPI: WAET 0x000000007FFE1931 000028 (v01 BOCHS  BXPC     00000001 BXPC 00000001)
[    0.022556] ACPI: Reserving FACP table memory at [mem 0x7ffe1805-0x7ffe1878]
[    0.023115] ACPI: Reserving DSDT table memory at [mem 0x7ffe0040-0x7ffe1804]
[    0.023678] ACPI: Reserving FACS table memory at [mem 0x7ffe0000-0x7ffe003f]
[    0.024251] ACPI: Reserving APIC table memory at [mem 0x7ffe1879-0x7ffe18f8]
[    0.024814] ACPI: Reserving HPET table memory at [mem 0x7ffe18f9-0x7ffe1930]
[    0.025366] ACPI: Reserving WAET table memory at [mem 0x7ffe1931-0x7ffe1958]
[    0.026649] No NUMA configuration found
[    0.026958] Faking a node at [mem 0x0000000000000000-0x000000007ffdffff]
[    0.027552] NODE_DATA(0) allocated [mem 0x7ffb5000-0x7ffdffff]
[    0.031031] Zone ranges:
[    0.031264]   DMA      [mem 0x0000000000001000-0x0000000000ffffff]
[    0.031768]   DMA32    [mem 0x0000000001000000-0x000000007ffdffff]
[    0.032263]   Normal   empty
[    0.032493]   Device   empty
[    0.032727] Movable zone start for each node
[    0.033062] Early memory node ranges
[    0.033346]   node   0: [mem 0x0000000000001000-0x000000000009efff]
[    0.033847]   node   0: [mem 0x0000000000100000-0x000000007ffdffff]
[    0.034350] Initmem setup node 0 [mem 0x0000000000001000-0x000000007ffdffff]
[    0.035512] On node 0, zone DMA: 1 pages in unavailable ranges
[    0.035686] On node 0, zone DMA: 97 pages in unavailable ranges
[    0.057839] On node 0, zone DMA32: 32 pages in unavailable ranges
[    0.058593] ACPI: PM-Timer IO Port: 0x608
[    0.059400] ACPI: LAPIC_NMI (acpi_id[0xff] dfl dfl lint[0x1])
[    0.059894] IOAPIC[0]: apic_id 0, version 17, address 0xfec00000, GSI 0-23
[    0.060430] ACPI: INT_SRC_OVR (bus 0 bus_irq 0 global_irq 2 dfl dfl)
[    0.060921] ACPI: INT_SRC_OVR (bus 0 bus_irq 5 global_irq 5 high level)
[    0.061439] ACPI: INT_SRC_OVR (bus 0 bus_irq 9 global_irq 9 high level)
[    0.061954] ACPI: INT_SRC_OVR (bus 0 bus_irq 10 global_irq 10 high level)
[    0.062484] ACPI: INT_SRC_OVR (bus 0 bus_irq 11 global_irq 11 high level)
[    0.063040] ACPI: Using ACPI (MADT) for SMP configuration information
[    0.063545] ACPI: HPET id: 0x8086a201 base: 0xfed00000
[    0.063972] TSC deadline timer available
[    0.064286] smpboot: Allowing 2 CPUs, 0 hotplug CPUs
[    0.064751] kvm-guest: KVM setup pv remote TLB flush
[    0.065142] kvm-guest: setup PV sched yield
[    0.065521] PM: hibernation: Registered nosave memory: [mem 0x00000000-0x00000fff]
[    0.066114] PM: hibernation: Registered nosave memory: [mem 0x0009f000-0x0009ffff]
[    0.066702] PM: hibernation: Registered nosave memory: [mem 0x000a0000-0x000effff]
[    0.067288] PM: hibernation: Registered nosave memory: [mem 0x000f0000-0x000fffff]
[    0.067887] [mem 0x80000000-0xfeffbfff] available for PCI devices
[    0.068372] Booting paravirtualized kernel on KVM
[    0.068767] clocksource: refined-jiffies: mask: 0xffffffff max_cycles: 0xffffffff, max_idle_ns: 7645519600211568 ns
[    0.069599] setup_percpu: NR_CPUS:8192 nr_cpumask_bits:2 nr_cpu_ids:2 nr_node_ids:1
[    0.073994] percpu: Embedded 53 pages/cpu s180224 r8192 d28672 u1048576
[    0.074778] kvm-guest: setup async PF for cpu 0
[    0.075149] kvm-guest: stealtime: cpu 0, msr 7dc2b080
[    0.075566] kvm-guest: PV spinlocks enabled
[    0.075925] PV qspinlock hash table entries: 256 (order: 0, 4096 bytes, linear)
[    0.076563] Built 1 zonelists, mobility grouping on.  Total pages: 515808
[    0.077128] Policy zone: DMA32
[    0.077384] Kernel command line: net.ifnames=0 console=ttyS0 root=/dev/sda earlyprintk=serial net.ifnames=0
[    0.079912] Dentry cache hash table entries: 262144 (order: 9, 2097152 bytes, linear)
[    0.080728] Inode-cache hash table entries: 131072 (order: 8, 1048576 bytes, linear)
[    0.081477] mem auto-init: stack:off, heap alloc:off, heap free:off
[    0.086646] Memory: 2001856K/2096632K available (28688K kernel code, 4326K rwdata, 7404K rodata, 3348K init, 10568K bss, 94520K reserved, 0K cma-reserved)
[    0.087797] random: get_random_u64 called from __kmem_cache_create+0x2f/0x460 with crng_init=0
[    0.088321] SLUB: HWalign=64, Order=0-3, MinObjects=0, CPUs=2, Nodes=1
[    0.089491] kmemleak: Kernel memory leak detector disabled
[    0.089943] ftrace: allocating 63882 entries in 250 pages
[    0.191025] ftrace: allocated 250 pages with 6 groups
[    0.191889] rcu: Hierarchical RCU implementation.
[    0.192334] rcu: 	RCU restricting CPUs from NR_CPUS=8192 to nr_cpu_ids=2.
[    0.192953] 	Trampoline variant of Tasks RCU enabled.
[    0.193412] 	Rude variant of Tasks RCU enabled.
[    0.193825] 	Tracing variant of Tasks RCU enabled.
[    0.194259] rcu: RCU calculated value of scheduler-enlistment delay is 25 jiffies.
[    0.194951] rcu: Adjusting geometry for rcu_fanout_leaf=16, nr_cpu_ids=2
[    0.219169] NR_IRQS: 524544, nr_irqs: 440, preallocated irqs: 16
[    0.227661] Console: colour VGA+ 80x25
[    0.228075] printk: console [ttyS0] enabled
[    0.228075] printk: console [ttyS0] enabled
[    0.228870] printk: bootconsole [earlyser0] disabled
[    0.228870] printk: bootconsole [earlyser0] disabled
[    0.229866] ACPI: Core revision 20210730
[    0.230477] clocksource: hpet: mask: 0xffffffff max_cycles: 0xffffffff, max_idle_ns: 19112604467 ns
[    0.231471] APIC: Switch to symmetric I/O mode setup
[    0.232178] x2apic enabled
[    0.232635] Switched APIC routing to physical x2apic.
[    0.233123] kvm-guest: setup PV IPIs
[    0.234296] ..TIMER: vector=0x30 apic1=0 pin1=2 apic2=-1 pin2=-1
[    0.234904] clocksource: tsc-early: mask: 0xffffffffffffffff max_cycles: 0x363e8c91135, max_idle_ns: 881590568389 ns
[    0.236002] Calibrating delay loop (skipped) preset value.. 3763.20 BogoMIPS (lpj=7526400)
[    0.236799] pid_max: default: 32768 minimum: 301
[    0.237337] LSM: Security Framework initializing
[    0.237802] Yama: becoming mindful.
[    0.238282] Mount-cache hash table entries: 4096 (order: 3, 32768 bytes, linear)
[    0.239014] Mountpoint-cache hash table entries: 4096 (order: 3, 32768 bytes, linear)
[    0.240983] x86/cpu: User Mode Instruction Prevention (UMIP) activated
[    0.244274] Last level iTLB entries: 4KB 0, 2MB 0, 4MB 0
[    0.244846] Last level dTLB entries: 4KB 0, 2MB 0, 4MB 0, 1GB 0
[    0.245459] Spectre V1 : Mitigation: usercopy/swapgs barriers and __user pointer sanitization
[    0.246267] Spectre V2 : Mitigation: Enhanced IBRS
[    0.247992] Spectre V2 : Spectre v2 / SpectreRSB mitigation: Filling RSB on context switch
[    0.248740] Spectre V2 : mitigation: Enabling conditional Indirect Branch Prediction Barrier
[    0.249495] Speculative Store Bypass: Mitigation: Speculative Store Bypass disabled via prctl and seccomp
[    0.290577] Freeing SMP alternatives memory: 56K
[    0.291436] smpboot: CPU0: Genuine Intel(R) 0000 (family: 0x6, model: 0xba, stepping: 0x2)
[    0.291989] Performance Events: generic architected perfmon, full-width counters, Intel PMU driver.
[    0.291989] ... version:                2
[    0.291989] ... bit width:              48
[    0.291989] ... generic registers:      6
[    0.291989] ... value mask:             0000ffffffffffff
[    0.291989] ... max period:             00007fffffffffff
[    0.291994] ... fixed-purpose events:   3
[    0.292356] ... event mask:             000000070000003f
[    0.293081] rcu: Hierarchical SRCU implementation.
[    0.296292] smp: Bringing up secondary CPUs ...
[    0.296966] x86: Booting SMP configuration:
[    0.297333] .... node  #0, CPUs:      #1
[    0.011960] kvm-clock: cpu 1, msr 4601041, secondary cpu clock
[    0.011960] smpboot: CPU 1 Converting physical 0 to logical die 1
[    0.304074] kvm-guest: setup async PF for cpu 1
[    0.304814] kvm-guest: stealtime: cpu 1, msr 7dd2b080
[    0.305660] smp: Brought up 1 node, 2 CPUs
[    0.305660] smpboot: Max logical packages: 2
[    0.305660] smpboot: Total of 2 processors activated (7526.40 BogoMIPS)
[    0.309386] devtmpfs: initialized
[    0.309386] x86/mm: Memory block size: 128MB
[    0.312304] clocksource: jiffies: mask: 0xffffffff max_cycles: 0xffffffff, max_idle_ns: 7645041785100000 ns
[    0.313096] futex hash table entries: 512 (order: 3, 32768 bytes, linear)
[    0.313782] pinctrl core: initialized pinctrl subsystem
[    0.314450] 
[    0.314578] *************************************************************
[    0.315105] **     NOTICE NOTICE NOTICE NOTICE NOTICE NOTICE NOTICE    **
[    0.315629] **                                                         **
[    0.315997] **  IOMMU DebugFS SUPPORT HAS BEEN ENABLED IN THIS KERNEL  **
[    0.316523] **                                                         **
[    0.317049] ** This means that this kernel is built to expose internal **
[    0.317575] ** IOMMU data structures, which may compromise security on **
[    0.318102] ** your system.                                            **
[    0.318632] **                                                         **
[    0.319160] ** If you see this message and you are not debugging the   **
[    0.319689] ** kernel, report this immediately to your vendor!         **
[    0.319991] **                                                         **
[    0.320520] **     NOTICE NOTICE NOTICE NOTICE NOTICE NOTICE NOTICE    **
[    0.321047] *************************************************************
[    0.321619] PM: RTC time: 17:45:47, date: 2022-11-15
[    0.323145] NET: Registered PF_NETLINK/PF_ROUTE protocol family
[    0.323957] DMA: preallocated 256 KiB GFP_KERNEL pool for atomic allocations
[    0.324001] DMA: preallocated 256 KiB GFP_KERNEL|GFP_DMA pool for atomic allocations
[    0.324614] DMA: preallocated 256 KiB GFP_KERNEL|GFP_DMA32 pool for atomic allocations
[    0.325234] audit: initializing netlink subsys (disabled)
[    0.325690] audit: type=2000 audit(1668534348.226:1): state=initialized audit_enabled=0 res=1
[    0.325690] thermal_sys: Registered thermal governor 'fair_share'
[    0.325690] thermal_sys: Registered thermal governor 'bang_bang'
[    0.325841] thermal_sys: Registered thermal governor 'step_wise'
[    0.327993] thermal_sys: Registered thermal governor 'user_space'
[    0.328466] cpuidle: using governor ladder
[    0.329238] cpuidle: using governor menu
[    0.329825] ACPI: bus type PCI registered
[    0.330140] acpiphp: ACPI Hot Plug PCI Controller Driver version: 0.5
[    0.330827] PCI: Using configuration type 1 for base access
[    0.338521] Kprobes globally optimized
[    0.338861] HugeTLB registered 1.00 GiB page size, pre-allocated 0 pages
[    0.338861] HugeTLB registered 2.00 MiB page size, pre-allocated 0 pages
[    0.344168] ACPI: Added _OSI(Module Device)
[    0.344508] ACPI: Added _OSI(Processor Device)
[    0.344852] ACPI: Added _OSI(3.0 _SCP Extensions)
[    0.345207] ACPI: Added _OSI(Processor Aggregator Device)
[    0.345616] ACPI: Added _OSI(Linux-Dell-Video)
[    0.345951] ACPI: Added _OSI(Linux-Lenovo-NV-HDMI-Audio)
[    0.346348] ACPI: Added _OSI(Linux-HPI-Hybrid-Graphics)
[    0.351199] ACPI: 1 ACPI AML tables successfully acquired and loaded
[    0.354008] ACPI: Interpreter enabled
[    0.354354] ACPI: PM: (supports S0 S3 S4 S5)
[    0.354678] ACPI: Using IOAPIC for interrupt routing
[    0.355081] PCI: Using host bridge windows from ACPI; if necessary, use "pci=nocrs" and report a bug
[    0.356266] ACPI: Enabled 2 GPEs in block 00 to 0F
[    0.366887] ACPI: PCI Root Bridge [PCI0] (domain 0000 [bus 00-ff])
[    0.367392] acpi PNP0A03:00: _OSC: OS supports [ASPM ClockPM Segments MSI EDR HPX-Type3]
[    0.368040] acpi PNP0A03:00: fail to add MMCONFIG information, can't access extended PCI configuration space under this bridge.
[    0.370133] acpiphp: Slot [3] registered
[    0.370484] acpiphp: Slot [4] registered
[    0.370831] acpiphp: Slot [5] registered
[    0.371180] acpiphp: Slot [6] registered
[    0.371529] acpiphp: Slot [7] registered
[    0.371881] acpiphp: Slot [8] registered
[    0.372037] acpiphp: Slot [9] registered
[    0.372383] acpiphp: Slot [10] registered
[    0.372741] acpiphp: Slot [11] registered
[    0.373100] acpiphp: Slot [12] registered
[    0.373455] acpiphp: Slot [13] registered
[    0.373811] acpiphp: Slot [14] registered
[    0.374165] acpiphp: Slot [15] registered
[    0.374519] acpiphp: Slot [16] registered
[    0.374873] acpiphp: Slot [17] registered
[    0.375229] acpiphp: Slot [18] registered
[    0.375586] acpiphp: Slot [19] registered
[    0.375943] acpiphp: Slot [20] registered
[    0.376036] acpiphp: Slot [21] registered
[    0.376390] acpiphp: Slot [22] registered
[    0.376746] acpiphp: Slot [23] registered
[    0.377099] acpiphp: Slot [24] registered
[    0.377453] acpiphp: Slot [25] registered
[    0.377806] acpiphp: Slot [26] registered
[    0.378163] acpiphp: Slot [27] registered
[    0.378521] acpiphp: Slot [28] registered
[    0.378875] acpiphp: Slot [29] registered
[    0.379229] acpiphp: Slot [30] registered
[    0.379585] acpiphp: Slot [31] registered
[    0.379911] PCI host bridge to bus 0000:00
[    0.379993] pci_bus 0000:00: root bus resource [io  0x0000-0x0cf7 window]
[    0.380522] pci_bus 0000:00: root bus resource [io  0x0d00-0xffff window]
[    0.381045] pci_bus 0000:00: root bus resource [mem 0x000a0000-0x000bffff window]
[    0.381618] pci_bus 0000:00: root bus resource [mem 0x80000000-0xfebfffff window]
[    0.382191] pci_bus 0000:00: root bus resource [mem 0x100000000-0x17fffffff window]
[    0.382778] pci_bus 0000:00: root bus resource [bus 00-ff]
[    0.383712] pci 0000:00:00.0: [8086:1237] type 00 class 0x060000
[    0.386654] pci 0000:00:01.0: [8086:7000] type 00 class 0x060100
[    0.387792] pci 0000:00:01.1: [8086:7010] type 00 class 0x010180
[    0.389468] pci 0000:00:01.1: reg 0x20: [io  0xc040-0xc04f]
[    0.390555] pci 0000:00:01.1: legacy IDE quirk: reg 0x10: [io  0x01f0-0x01f7]
[    0.391108] pci 0000:00:01.1: legacy IDE quirk: reg 0x14: [io  0x03f6]
[    0.391600] pci 0000:00:01.1: legacy IDE quirk: reg 0x18: [io  0x0170-0x0177]
[    0.392000] pci 0000:00:01.1: legacy IDE quirk: reg 0x1c: [io  0x0376]
[    0.393759] pci 0000:00:01.3: [8086:7113] type 00 class 0x068000
[    0.394483] pci 0000:00:01.3: quirk: [io  0x0600-0x063f] claimed by PIIX4 ACPI
[    0.395037] pci 0000:00:01.3: quirk: [io  0x0700-0x070f] claimed by PIIX4 SMB
[    0.396632] pci 0000:00:02.0: [1234:1111] type 00 class 0x030000
[    0.400024] pci 0000:00:02.0: reg 0x10: [mem 0xfd000000-0xfdffffff pref]
[    0.402724] pci 0000:00:02.0: reg 0x18: [mem 0xfebf0000-0xfebf0fff]
[    0.406249] pci 0000:00:02.0: reg 0x30: [mem 0xfebe0000-0xfebeffff pref]
[    0.409781] pci 0000:00:03.0: [8086:100e] type 00 class 0x020000
[    0.411084] pci 0000:00:03.0: reg 0x10: [mem 0xfebc0000-0xfebdffff]
[    0.411997] pci 0000:00:03.0: reg 0x14: [io  0xc000-0xc03f]
[    0.415403] pci 0000:00:03.0: reg 0x30: [mem 0xfeb80000-0xfebbffff pref]
[    0.424825] ACPI: PCI: Interrupt link LNKA configured for IRQ 10
[    0.425568] ACPI: PCI: Interrupt link LNKB configured for IRQ 10
[    0.426266] ACPI: PCI: Interrupt link LNKC configured for IRQ 11
[    0.426989] ACPI: PCI: Interrupt link LNKD configured for IRQ 11
[    0.427573] ACPI: PCI: Interrupt link LNKS configured for IRQ 9
[    0.428944] iommu: Default domain type: Translated 
[    0.428944] iommu: DMA domain TLB invalidation policy: lazy mode 
[    0.428944] pci 0000:00:02.0: vgaarb: setting as boot VGA device
[    0.428944] pci 0000:00:02.0: vgaarb: VGA device added: decodes=io+mem,owns=io+mem,locks=none
[    0.429206] pci 0000:00:02.0: vgaarb: bridge control possible
[    0.429648] vgaarb: loaded
[    0.432634] SCSI subsystem initialized
[    0.432970] ACPI: bus type USB registered
[    0.432970] usbcore: registered new interface driver usbfs
[    0.432970] usbcore: registered new interface driver hub
[    0.433376] usbcore: registered new device driver usb
[    0.433825] pps_core: LinuxPPS API ver. 1 registered
[    0.434188] pps_core: Software ver. 5.3.6 - Copyright 2005-2007 Rodolfo Giometti <giometti@linux.it>
[    0.434870] PTP clock support registered
[    0.436067] EDAC MC: Ver: 3.0.0
[    0.436542] NetLabel: Initializing
[    0.436841] NetLabel:  domain hash size = 128
[    0.437175] NetLabel:  protocols = UNLABELED CIPSOv4 CALIPSO
[    0.437667] NetLabel:  unlabeled traffic allowed by default
[    0.438122] PCI: Using ACPI for IRQ routing
[    0.440091] hpet0: at MMIO 0xfed00000, IRQs 2, 8, 0
[    0.440485] hpet0: 3 comparators, 64-bit 100.000000 MHz counter
[    0.445126] clocksource: Switched to clocksource kvm-clock
[    0.652299] VFS: Disk quotas dquot_6.6.0
[    0.652671] VFS: Dquot-cache hash table entries: 512 (order 0, 4096 bytes)
[    0.653389] pnp: PnP ACPI init
[    0.654926] pnp: PnP ACPI: found 6 devices
[    0.662466] clocksource: acpi_pm: mask: 0xffffff max_cycles: 0xffffff, max_idle_ns: 2085701024 ns
[    0.663362] NET: Registered PF_INET protocol family
[    0.664982] IP idents hash table entries: 32768 (order: 6, 262144 bytes, linear)
[    0.666351] tcp_listen_portaddr_hash hash table entries: 1024 (order: 2, 16384 bytes, linear)
[    0.666967] TCP established hash table entries: 16384 (order: 5, 131072 bytes, linear)
[    0.668894] TCP bind hash table entries: 16384 (order: 6, 262144 bytes, linear)
[    0.669530] TCP: Hash tables configured (established 16384 bind 16384)
[    0.670063] UDP hash table entries: 1024 (order: 3, 32768 bytes, linear)
[    0.670581] UDP-Lite hash table entries: 1024 (order: 3, 32768 bytes, linear)
[    0.671209] NET: Registered PF_UNIX/PF_LOCAL protocol family
[    0.671879] RPC: Registered named UNIX socket transport module.
[    0.672327] RPC: Registered udp transport module.
[    0.672672] RPC: Registered tcp transport module.
[    0.673016] RPC: Registered tcp NFSv4.1 backchannel transport module.
[    0.673524] pci_bus 0000:00: resource 4 [io  0x0000-0x0cf7 window]
[    0.673985] pci_bus 0000:00: resource 5 [io  0x0d00-0xffff window]
[    0.674443] pci_bus 0000:00: resource 6 [mem 0x000a0000-0x000bffff window]
[    0.674949] pci_bus 0000:00: resource 7 [mem 0x80000000-0xfebfffff window]
[    0.675457] pci_bus 0000:00: resource 8 [mem 0x100000000-0x17fffffff window]
[    0.676174] pci 0000:00:01.0: PIIX3: Enabling Passive Release
[    0.676612] pci 0000:00:00.0: Limiting direct PCI/PCI transfers
[    0.677072] pci 0000:00:01.0: Activating ISA DMA hang workarounds
[    0.677602] pci 0000:00:02.0: Video device with shadowed ROM at [mem 0x000c0000-0x000dffff]
[    0.678237] PCI: CLS 0 bytes, default 64
[    0.678875] clocksource: tsc: mask: 0xffffffffffffffff max_cycles: 0x363e8c91135, max_idle_ns: 881590568389 ns
[    2.982611] Initialise system trusted keyrings
[    2.983097] Key type blacklist registered
[    2.983681] workingset: timestamp_bits=36 max_order=19 bucket_order=0
[    2.988698] zbud: loaded
[    2.989633] squashfs: version 4.0 (2009/01/31) Phillip Lougher
[    2.990973] NFS: Registering the id_resolver key type
[    2.991442] Key type id_resolver registered
[    2.991822] Key type id_legacy registered
[    2.992274] nfs4filelayout_init: NFSv4 File Layout Driver Registering...
[    2.992884] nfs4flexfilelayout_init: NFSv4 Flexfile Layout Driver Registering...
[    2.993655] fuse: init (API version 7.34)
[    2.994167] SGI XFS with ACLs, security attributes, realtime, quota, no debug enabled
[    2.995727] 9p: Installing v9fs 9p2000 file system support
[    3.004292] Key type asymmetric registered
[    3.004705] Asymmetric key parser 'x509' registered
[    3.005213] Block layer SCSI generic (bsg) driver version 0.4 loaded (major 244)
[    3.006085] io scheduler mq-deadline registered
[    3.006580] io scheduler bfq registered
[    3.007362] shpchp: Standard Hot Plug PCI Controller Driver version: 0.4
[    3.008177] IPMI message handler: version 39.2
[    3.008598] ipmi device interface
[    3.009915] input: Power Button as /devices/LNXSYSTM:00/LNXPWRBN:00/input/input0
[    3.010676] ACPI: button: Power Button [PWRF]
[    3.011860] ERST DBG: ERST support is disabled.
[    3.012655] Serial: 8250/16550 driver, 32 ports, IRQ sharing enabled
[    3.013694] 00:04: ttyS0 at I/O 0x3f8 (irq = 4, base_baud = 115200) is a 16550A
[    3.021009] Linux agpgart interface v0.103
[    3.029433] brd: module loaded
[    3.033756] loop: module loaded
[    3.036973] scsi host0: ata_piix
[    3.037651] scsi host1: ata_piix
[    3.038044] ata1: PATA max MWDMA2 cmd 0x1f0 ctl 0x3f6 bmdma 0xc040 irq 14
[    3.038659] ata2: PATA max MWDMA2 cmd 0x170 ctl 0x376 bmdma 0xc048 irq 15
[    3.039720] libphy: Fixed MDIO Bus: probed
[    3.040392] tun: Universal TUN/TAP device driver, 1.6
[    3.041021] e100: Intel(R) PRO/100 Network Driver
[    3.041467] e100: Copyright(c) 1999-2006 Intel Corporation
[    3.042008] e1000: Intel(R) PRO/1000 Network Driver
[    3.042459] e1000: Copyright (c) 1999-2006 Intel Corporation.
[    3.134698] ACPI: \_SB_.LNKC: Enabled at IRQ 11
[    3.197065] ata1.00: ATA-7: QEMU HARDDISK, 2.5+, max UDMA/100
[    3.198032] ata1.00: 16777216 sectors, multi 16: LBA48 
[    3.200097] scsi 0:0:0:0: Direct-Access     ATA      QEMU HARDDISK    2.5+ PQ: 0 ANSI: 5
[    3.202637] ata2.00: ATAPI: QEMU DVD-ROM, 2.5+, max UDMA/100
[    3.204391] scsi 0:0:0:0: Attached scsi generic sg0 type 0
[    3.205707] sd 0:0:0:0: [sda] 16777216 512-byte logical blocks: (8.59 GB/8.00 GiB)
[    3.207004] sd 0:0:0:0: [sda] Write Protect is off
[    3.207854] sd 0:0:0:0: [sda] Write cache: enabled, read cache: enabled, doesn't support DPO or FUA
[    3.213585] scsi 1:0:0:0: CD-ROM            QEMU     QEMU DVD-ROM     2.5+ PQ: 0 ANSI: 5
[    3.216165] scsi 1:0:0:0: Attached scsi generic sg1 type 5
[    3.428319] sd 0:0:0:0: [sda] Attached SCSI disk
[    3.470039] e1000 0000:00:03.0 eth0: (PCI:33MHz:32-bit) 52:54:00:12:34:56
[    3.471244] e1000 0000:00:03.0 eth0: Intel(R) PRO/1000 Network Connection
[    3.472565] e1000e: Intel(R) PRO/1000 Network Driver
[    3.473409] e1000e: Copyright(c) 1999 - 2015 Intel Corporation.
[    3.474475] igb: Intel(R) Gigabit Ethernet Network Driver
[    3.475386] igb: Copyright (c) 2007-2014 Intel Corporation.
[    3.476455] PPP generic driver version 2.4.2
[    3.477666] VFIO - User Level meta-driver version: 0.3
[    3.478594] ehci_hcd: USB 2.0 'Enhanced' Host Controller (EHCI) Driver
[    3.479681] ehci-pci: EHCI PCI platform driver
[    3.480480] ehci-platform: EHCI generic platform driver
[    3.481379] ohci_hcd: USB 1.1 'Open' Host Controller (OHCI) Driver
[    3.482407] ohci-pci: OHCI PCI platform driver
[    3.483180] ohci-platform: OHCI generic platform driver
[    3.484124] uhci_hcd: USB Universal Host Controller Interface driver
[    3.485534] usbcore: registered new interface driver uas
[    3.486497] usbcore: registered new interface driver usb-storage
[    3.487704] i8042: PNP: PS/2 Controller [PNP0303:KBD,PNP0f13:MOU] at 0x60,0x64 irq 1,12
[    3.490318] serio: i8042 KBD port at 0x60,0x64 irq 1
[    3.491206] serio: i8042 AUX port at 0x60,0x64 irq 12
[    3.492659] mousedev: PS/2 mouse device common for all mice
[    3.494307] input: AT Translated Set 2 keyboard as /devices/platform/i8042/serio0/input/input1
[    3.495611] rtc_cmos 00:05: RTC can wake from S4
[    3.496727] input: VirtualPS/2 VMware VMMouse as /devices/platform/i8042/serio1/input/input4
[    3.498141] input: VirtualPS/2 VMware VMMouse as /devices/platform/i8042/serio1/input/input3
[    3.498156] rtc_cmos 00:05: registered as rtc0
[    3.499883] rtc_cmos 00:05: setting system clock to 2022-11-15T17:45:50 UTC (1668534350)
[    3.501562] rtc_cmos 00:05: alarms up to one day, y3k, 242 bytes nvram, hpet irqs
[    3.502886] i2c_dev: i2c /dev entries driver
[    3.503696] device-mapper: core: CONFIG_IMA_DISABLE_HTABLE is disabled. Duplicate IMA measurements will not be recorded in the IMA log.
[    3.505914] device-mapper: uevent: version 1.0.3
[    3.506935] device-mapper: ioctl: 4.45.0-ioctl (2021-03-22) initialised: dm-devel@redhat.com
[    3.508427] intel_pstate: CPU model not supported
[    3.509370] sdhci: Secure Digital Host Controller Interface driver
[    3.510431] sdhci: Copyright(c) Pierre Ossman
[    3.511318] sdhci-pltfm: SDHCI platform and OF driver helper
[    3.512552] ledtrig-cpu: registered to indicate activity on CPUs
[    3.513933] drop_monitor: Initializing network drop monitor service
[    3.515554] NET: Registered PF_INET6 protocol family
[    3.519203] Segment Routing with IPv6
[    3.519946] In-situ OAM (IOAM) with IPv6
[    3.520720] NET: Registered PF_PACKET protocol family
[    3.521910] 9pnet: Installing 9P2000 support
[    3.522716] Key type dns_resolver registered
[    3.524337] IPI shorthand broadcast: enabled
[    3.525159] sched_clock: Marking stable (3516035865, 7960191)->(3550386543, -26390487)
[    3.526552] registered taskstats version 1
[    3.527066] Loading compiled-in X.509 certificates
[    3.527636] zswap: loaded using pool lzo/zbud
[    3.528458] Key type ._fscrypt registered
[    3.528828] Key type .fscrypt registered
[    3.529193] Key type fscrypt-provisioning registered
[    3.530447] Key type encrypted registered
[    3.530863] ima: No TPM chip found, activating TPM-bypass!
[    3.531405] ima: Allocated hash algorithm: sha1
[    3.531885] ima: No architecture policies found
[    3.532375] evm: Initialising EVM extended attributes:
[    3.532867] evm: security.selinux
[    3.533186] evm: security.SMACK64
[    3.533518] evm: security.SMACK64EXEC
[    3.533873] evm: security.SMACK64TRANSMUTE
[    3.534268] evm: security.SMACK64MMAP
[    3.534613] evm: security.apparmor
[    3.534930] evm: security.ima
[    3.535211] evm: security.capability
[    3.535556] evm: HMAC attrs: 0x1
[    3.536863] PM:   Magic number: 14:198:795
[    3.537733] RAS: Correctable Errors collector initialized.
[    3.538740] md: Waiting for all devices to be available before autodetect
[    3.539373] md: If you don't use raid, use raid=noautodetect
[    3.539898] md: Autodetecting RAID arrays.
[    3.540324] md: autorun ...
[    3.540586] md: ... autorun DONE.
[    3.547128] EXT4-fs (sda): INFO: recovery required on readonly filesystem
[    3.548424] EXT4-fs (sda): write access will be enabled during recovery
[    3.593613] EXT4-fs (sda): recovery complete
[    3.596124] EXT4-fs (sda): mounted filesystem with ordered data mode. Opts: (null). Quota mode: none.
[    3.597850] VFS: Mounted root (ext4 filesystem) readonly on device 8:0.
[    3.599675] devtmpfs: mounted
[    3.605249] Freeing unused decrypted memory: 2036K
[    3.611049] Freeing unused kernel image (initmem) memory: 3348K
[    3.612187] Write protecting the kernel read-only data: 38912k
[    3.618218] Freeing unused kernel image (text/rodata gap) memory: 2028K
[    3.620882] Freeing unused kernel image (rodata/data gap) memory: 788K
[    3.771688] x86/mm: Checked W+X mappings: passed, no W+X pages found.
[    3.772916] Run /sbin/init as init process
[    3.855260] random: fast init done
[    3.959092] systemd[1]: RTC configured in localtime, applying delta of 0 minutes to system time.
[    3.996315] systemd[1]: systemd 239 (239-49.el8) running in system mode. (+PAM +AUDIT +SELINUX +IMA -APPARMOR +SMACK +SYSVINIT +UTMP +LIBCRYPTSETUP +GCRYPT +GNUTLS +ACL +XZ +LZ4 +SECCOMP +BLKID +ELFUTILS +KMOD +IDN2 -IDN +PCRE2 default-hierarchy=legacy)
[    3.998531] systemd[1]: Detected virtualization kvm.
[    3.999015] systemd[1]: Detected architecture x86-64.

Welcome to [0;31mCentOS Stream 8[0m!

[    4.027848] systemd[1]: Set hostname to <test>.
[    4.220476] random: lvmconfig: uninitialized urandom read (4 bytes read)
[    4.359108] random: systemd: uninitialized urandom read (16 bytes read)
[    4.360531] systemd[1]: Listening on udev Kernel Socket.
[[0;32m  OK  [0m] Listening on udev Kernel Socket.
[    4.362588] random: systemd: uninitialized urandom read (16 bytes read)
[    4.363716] systemd[1]: Reached target Swap.
[[0;32m  OK  [0m] Reached target Swap.
[    4.365274] systemd[1]: Listening on Device-mapper event daemon FIFOs.
[[0;32m  OK  [0m] Listening on Device-mapper event daemon FIFOs.
[    4.369869] systemd[1]: Created slice system-sshd\x2dkeygen.slice.
[[0;32m  OK  [0m] Created slice system-sshd\x2dkeygen.slice.
[    4.372601] systemd[1]: Created slice User and Session Slice.
[[0;32m  OK  [0m] Created slice User and Session Slice.
[    4.374453] systemd[1]: Reached target Slices.
[[0;32m  OK  [0m] Reached target Slices.
[[0;32m  OK  [0m] Started Forward Password Requests to Wall Directory Watch.
[[0;32m  OK  [0m] Listening on Journal Socket.
         Starting Load Kernel Modules...
         Starting Monitoring of LVM2 mirrorsâ€¦ng dmeventd or progress polling...
         Starting Remount Root and Kernel File Systems...
         Mounting POSIX Message Queue File System...
[[0;32m  OK  [0m] Listening on udev Control Socket.
         Starting udev Coldplug all Devices...
         Starting Setup Virtual Console...
[[0;32m  OK  [0m] Set up automount Arbitrary Executabâ€¦rmats File System Automount Point.
         Mounting Huge Pages File System...
         Mounting Kernel Debug File System...
[[0;32m  OK  [0m] Listening on LVM2 poll daemon socket.
[[0;32m  OK  [0m] Listening on initctl Compatibility Named Pipe.
[[0;32m  OK  [0m] Created slice system-serial\x2dgetty.slice.
[[0;32m  OK  [0m] Listening on multipathd control socket.
[[0;32m  OK  [0m] Listening on RPCbind Server Activation Socket.
[[0;32m  OK  [0m] Listening on Journal Socket (/dev/log).
[[0;32m  OK  [0m] Created slice system-getty.slice.
         Starting Journal Service...
[[0;32m  OK  [0m] Listening on Process Core Dump Socket.
[[0;32m  OK  [0m] Reached target RPC Port Mapper.
[[0;1;31mFAILED[0m] Failed to start Load Kernel Modules.
See 'systemctl status systemd-modules-load.service' for details.
[[0;32m  OK  [0m] Mounted POSIX Message Queue File System.
[[0;32m  OK  [0m] Mounted Huge Pages File System.
[[0;32m  OK  [0m] Mounted Kernel Debug File System.
[    4.610444] EXT4-fs (sda): re-mounted. Opts: (null). Quota mode: none.
[[0;32m  OK  [0m] Started Remount Root and Kernel File Systems.
         Starting Create Static Device Nodes in /dev...
         Starting Load/Save Random Seed...
         Mounting FUSE Control File System...
         Starting Apply Kernel Variables...
         Mounting Kernel Configuration File System...
[[0;32m  OK  [0m] Started Create Static Device Nodes in /dev.
[[0;32m  OK  [0m] Started Load/Save Random Seed.
         Starting udev Kernel Device Manager...
[[0;32m  OK  [0m] Mounted FUSE Control File System.
[[0;32m  OK  [0m] Started Apply Kernel Variables.
[[0;32m  OK  [0m] Mounted Kernel Configuration File System.
[[0;32m  OK  [0m] Started Journal Service.
         Starting Flush Journal to Persistent Storage...
[[0;32m  OK  [0m] Started udev Kernel Device Manager.
[[0;32m  OK  [0m] Started Setup Virtual Console.
[[0;32m  OK  [0m] Started udev Coldplug all Devices.
         Starting udev Wait for Complete Device Initialization...
         Starting Show Plymouth Boot Screen...
[[0;32m  OK  [0m] Started Flush Journal to Persistent Storage.
[[0;32m  OK  [0m] Started Show Plymouth Boot Screen.
[[0;32m  OK  [0m] Started Forward Password Requests to Plymouth Directory Watch.
[[0;32m  OK  [0m] Reached target Paths.
[[0;32m  OK  [0m] Reached target Local Encrypted Volumes.
[[0;32m  OK  [0m] Found device /dev/ttyS0.
[[0;32m  OK  [0m] Started Monitoring of LVM2 mirrors,â€¦sing dmeventd or progress polling.
[[0;32m  OK  [0m] Started udev Wait for Complete Device Initialization.
[[0;32m  OK  [0m] Listening on Load/Save RF Kill Switch Status /dev/rfkill Watch.
[[0;32m  OK  [0m] Reached target Local File Systems (Pre).
[[0;32m  OK  [0m] Reached target Local File Systems.
         Starting Create Volatile Files and Directories...
         Starting Restore /run/initramfs on shutdown...
         Starting Tell Plymouth To Write Out Runtime Data...
[[0;32m  OK  [0m] Started Restore /run/initramfs on shutdown.
[[0;32m  OK  [0m] Started Tell Plymouth To Write Out Runtime Data.
[[0;32m  OK  [0m] Started Create Volatile Files and Directories.
         Mounting RPC Pipe File System...
         Starting Security Auditing Service...
         Starting RPC Bind...
[[0;32m  OK  [0m] Mounted RPC Pipe File System.
[[0;32m  OK  [0m] Reached target rpc_pipefs.target.
[[0;32m  OK  [0m] Started RPC Bind.
[[0;32m  OK  [0m] Started Security Auditing Service.
         Starting Update UTMP about System Boot/Shutdown...
[[0;32m  OK  [0m] Started Update UTMP about System Boot/Shutdown.
[[0;32m  OK  [0m] Reached target System Initialization.
[[0;32m  OK  [0m] Started dnf makecache --timer.
[[0;32m  OK  [0m] Started daily update of the root trust anchor for DNSSEC.
[[0;32m  OK  [0m] Started Daily Cleanup of Temporary Directories.
[[0;32m  OK  [0m] Reached target Timers.
[[0;32m  OK  [0m] Listening on SSSD Kerberos Cache Manager responder socket.
[[0;32m  OK  [0m] Listening on D-Bus System Message Bus Socket.
[[0;32m  OK  [0m] Reached target Sockets.
[[0;32m  OK  [0m] Reached target Basic System.
         Starting Auto-connect to subsystemsâ€¦-NVME devices found during boot...
         Starting NTP client/server...
         Starting Self Monitoring and Reporting Technology (SMART) Daemon...
[[0;32m  OK  [0m] Reached target sshd-keygen.target.
[[0;32m  OK  [0m] Started irqbalance daemon.
         Starting Login Service...
[[0;32m  OK  [0m] Started D-Bus System Message Bus.
         Starting Network Manager...
         Starting Authorization Manager...
[[0;32m  OK  [0m] Started Machine Check Exception Logging Daemon.
[[0;32m  OK  [0m] Started Auto-connect to subsystems â€¦FC-NVME devices found during boot.
[[0;32m  OK  [0m] Started Self Monitoring and Reporting Technology (SMART) Daemon.
[[0;32m  OK  [0m] Started Login Service.
[[0;32m  OK  [0m] Started NTP client/server.
[[0;32m  OK  [0m] Started Network Manager.
         Starting Network Manager Wait Online...
[[0;32m  OK  [0m] Reached target Network.
         Starting Dynamic System Tuning Daemon...
         Starting OpenSSH server daemon...
         Starting GSSAPI Proxy Daemon...
         Starting Hostname Service...
[[0;32m  OK  [0m] Started Authorization Manager.
[[0;32m  OK  [0m] Started Hostname Service.
         Starting Network Manager Script Dispatcher Service...
[    6.500075] e1000: eth0 NIC Link is Up 1000 Mbps Full Duplex, Flow Control: RX
[    6.502391] IPv6: ADDRCONF(NETDEV_CHANGE): eth0: link becomes ready
[[0;32m  OK  [0m] Started Network Manager Script Dispatcher Service.
[[0;32m  OK  [0m] Started Dynamic System Tuning Daemon.
[    7.544036] random: crng init done
[    7.544399] random: 7 urandom warning(s) missed due to ratelimiting
[[0;32m  OK  [0m] Started OpenSSH server daemon.
[[0;32m  OK  [0m] Started GSSAPI Proxy Daemon.
[[0;32m  OK  [0m] Reached target NFS client services.
[[0;32m  OK  [0m] Reached target Remote File Systems (Pre).
[[0;32m  OK  [0m] Reached target Remote File Systems.
         Starting Permit User Sessions...
[[0;32m  OK  [0m] Started Permit User Sessions.
[[0;32m  OK  [0m] Started Command Scheduler.
         Starting Terminate Plymouth Boot Screen...
         Starting Hold until boot process finishes up...
[[0;32m  OK  [0m] Started Network Manager Wait Online.
[[0;32m  OK  [0m] Reached target Network is Online.
         Starting Notify NFS peers of a restart...
         Starting System Logging Service...

CentOS Stream 8
Kernel 5.15.0-rc4-1c36432b278c+ on an x86_64

test login: 