c[?7l[2J[0mSeaBIOS (version rel-1.14.0-0-g155821a1990b-prebuilt.qemu.org)


iPXE (http://ipxe.org) 00:03.0 CA00 PCI2.10 PnP PMM+7FF8F030+7FEEF030 CA00
Press Ctrl-B to configure iPXE (PCI 00:03.0)...                                                                               


Booting from ROM..c[?7l[2J[    0.000000] Linux version 5.15.0-rc4-32ed980c3020+ (root@p-rplp01) (gcc (GCC) 8.5.0 20210514 (Red Hat 8.5.0-17), GNU ld version 2.36.1-2.el8) #1 SMP Wed Nov 16 05:52:43 CST 2022
[    0.000000] Command line: console=ttyS0 root=/dev/sda earlyprintk=serial net.ifnames=0
[    0.000000] KERNEL supported cpus:
[    0.000000]   Intel GenuineIntel
[    0.000000]   AMD AuthenticAMD
[    0.000000]   Hygon HygonGenuine
[    0.000000]   Centaur CentaurHauls
[    0.000000]   zhaoxin   Shanghai  
[    0.000000] x86/fpu: Supporting XSAVE feature 0x001: 'x87 floating point registers'
[    0.000000] x86/fpu: Supporting XSAVE feature 0x002: 'SSE registers'
[    0.000000] x86/fpu: Supporting XSAVE feature 0x004: 'AVX registers'
[    0.000000] x86/fpu: Supporting XSAVE feature 0x200: 'Protection Keys User registers'
[    0.000000] x86/fpu: xstate_offset[2]:  576, xstate_sizes[2]:  256
[    0.000000] x86/fpu: xstate_offset[9]:  832, xstate_sizes[9]:    8
[    0.000000] x86/fpu: Enabled xstate features 0x207, context size is 840 bytes, using 'compacted' format.
[    0.000000] signal: max sigframe size: 3632
[    0.000000] BIOS-provided physical RAM map:
[    0.000000] BIOS-e820: [mem 0x0000000000000000-0x000000000009fbff] usable
[    0.000000] BIOS-e820: [mem 0x000000000009fc00-0x000000000009ffff] reserved
[    0.000000] BIOS-e820: [mem 0x00000000000f0000-0x00000000000fffff] reserved
[    0.000000] BIOS-e820: [mem 0x0000000000100000-0x000000007ffdffff] usable
[    0.000000] BIOS-e820: [mem 0x000000007ffe0000-0x000000007fffffff] reserved
[    0.000000] BIOS-e820: [mem 0x00000000feffc000-0x00000000feffffff] reserved
[    0.000000] BIOS-e820: [mem 0x00000000fffc0000-0x00000000ffffffff] reserved
[    0.000000] printk: bootconsole [earlyser0] enabled
[    0.000000] NX (Execute Disable) protection: active
[    0.000000] SMBIOS 2.8 present.
[    0.000000] DMI: QEMU Standard PC (i440FX + PIIX, 1996), BIOS rel-1.14.0-0-g155821a1990b-prebuilt.qemu.org 04/01/2014
[    0.000000] Hypervisor detected: KVM
[    0.000000] kvm-clock: Using msrs 4b564d01 and 4b564d00
[    0.000000] kvm-clock: cpu 0, msr 4601001, primary cpu clock
[    0.000003] kvm-clock: using sched offset of 270056597 cycles
[    0.000414] clocksource: kvm-clock: mask: 0xffffffffffffffff max_cycles: 0x1cd42e4dffb, max_idle_ns: 881590591483 ns
[    0.001586] tsc: Detected 1881.600 MHz processor
[    0.006938] last_pfn = 0x7ffe0 max_arch_pfn = 0x400000000
[    0.007396] x86/PAT: Configuration [0-7]: WB  WC  UC- UC  WB  WP  UC- WT  
[    0.012430] found SMP MP-table at [mem 0x000f5a90-0x000f5a9f]
[    0.012933] Using GB pages for direct mapping
[    0.014021] ACPI: Early table checksum verification disabled
[    0.014447] ACPI: RSDP 0x00000000000F5870 000014 (v00 BOCHS )
[    0.014878] ACPI: RSDT 0x000000007FFE1959 000034 (v01 BOCHS  BXPC     00000001 BXPC 00000001)
[    0.015504] ACPI: FACP 0x000000007FFE1805 000074 (v01 BOCHS  BXPC     00000001 BXPC 00000001)
[    0.016134] ACPI: DSDT 0x000000007FFE0040 0017C5 (v01 BOCHS  BXPC     00000001 BXPC 00000001)
[    0.016760] ACPI: FACS 0x000000007FFE0000 000040
[    0.017099] ACPI: APIC 0x000000007FFE1879 000080 (v01 BOCHS  BXPC     00000001 BXPC 00000001)
[    0.017733] ACPI: HPET 0x000000007FFE18F9 000038 (v01 BOCHS  BXPC     00000001 BXPC 00000001)
[    0.018359] ACPI: WAET 0x000000007FFE1931 000028 (v01 BOCHS  BXPC     00000001 BXPC 00000001)
[    0.018982] ACPI: Reserving FACP table memory at [mem 0x7ffe1805-0x7ffe1878]
[    0.019491] ACPI: Reserving DSDT table memory at [mem 0x7ffe0040-0x7ffe1804]
[    0.020000] ACPI: Reserving FACS table memory at [mem 0x7ffe0000-0x7ffe003f]
[    0.020510] ACPI: Reserving APIC table memory at [mem 0x7ffe1879-0x7ffe18f8]
[    0.021018] ACPI: Reserving HPET table memory at [mem 0x7ffe18f9-0x7ffe1930]
[    0.021531] ACPI: Reserving WAET table memory at [mem 0x7ffe1931-0x7ffe1958]
[    0.022577] No NUMA configuration found
[    0.022859] Faking a node at [mem 0x0000000000000000-0x000000007ffdffff]
[    0.023391] NODE_DATA(0) allocated [mem 0x7ffb5000-0x7ffdffff]
[    0.026802] Zone ranges:
[    0.027011]   DMA      [mem 0x0000000000001000-0x0000000000ffffff]
[    0.027463]   DMA32    [mem 0x0000000001000000-0x000000007ffdffff]
[    0.027912]   Normal   empty
[    0.028125]   Device   empty
[    0.028337] Movable zone start for each node
[    0.028643] Early memory node ranges
[    0.028900]   node   0: [mem 0x0000000000001000-0x000000000009efff]
[    0.029358]   node   0: [mem 0x0000000000100000-0x000000007ffdffff]
[    0.029818] Initmem setup node 0 [mem 0x0000000000001000-0x000000007ffdffff]
[    0.030664] On node 0, zone DMA: 1 pages in unavailable ranges
[    0.030686] On node 0, zone DMA: 97 pages in unavailable ranges
[    0.036782] On node 0, zone DMA32: 32 pages in unavailable ranges
[    0.037441] ACPI: PM-Timer IO Port: 0x608
[    0.038157] ACPI: LAPIC_NMI (acpi_id[0xff] dfl dfl lint[0x1])
[    0.038585] IOAPIC[0]: apic_id 0, version 17, address 0xfec00000, GSI 0-23
[    0.039062] ACPI: INT_SRC_OVR (bus 0 bus_irq 0 global_irq 2 dfl dfl)
[    0.039499] ACPI: INT_SRC_OVR (bus 0 bus_irq 5 global_irq 5 high level)
[    0.039955] ACPI: INT_SRC_OVR (bus 0 bus_irq 9 global_irq 9 high level)
[    0.040409] ACPI: INT_SRC_OVR (bus 0 bus_irq 10 global_irq 10 high level)
[    0.040875] ACPI: INT_SRC_OVR (bus 0 bus_irq 11 global_irq 11 high level)
[    0.041349] ACPI: Using ACPI (MADT) for SMP configuration information
[    0.041793] ACPI: HPET id: 0x8086a201 base: 0xfed00000
[    0.042156] TSC deadline timer available
[    0.042425] smpboot: Allowing 2 CPUs, 0 hotplug CPUs
[    0.042791] kvm-guest: KVM setup pv remote TLB flush
[    0.043133] kvm-guest: setup PV sched yield
[    0.043449] PM: hibernation: Registered nosave memory: [mem 0x00000000-0x00000fff]
[    0.043972] PM: hibernation: Registered nosave memory: [mem 0x0009f000-0x0009ffff]
[    0.044556] PM: hibernation: Registered nosave memory: [mem 0x000a0000-0x000effff]
[    0.045074] PM: hibernation: Registered nosave memory: [mem 0x000f0000-0x000fffff]
[    0.045603] [mem 0x80000000-0xfeffbfff] available for PCI devices
[    0.046020] Booting paravirtualized kernel on KVM
[    0.046346] clocksource: refined-jiffies: mask: 0xffffffff max_cycles: 0xffffffff, max_idle_ns: 7645519600211568 ns
[    0.047072] setup_percpu: NR_CPUS:8192 nr_cpumask_bits:2 nr_cpu_ids:2 nr_node_ids:1
[    0.047933] percpu: Embedded 53 pages/cpu s180224 r8192 d28672 u1048576
[    0.048558] kvm-guest: setup async PF for cpu 0
[    0.048879] kvm-guest: stealtime: cpu 0, msr 7dc2b080
[    0.049242] kvm-guest: PV spinlocks enabled
[    0.049555] PV qspinlock hash table entries: 256 (order: 0, 4096 bytes, linear)
[    0.050100] Built 1 zonelists, mobility grouping on.  Total pages: 515808
[    0.050597] Policy zone: DMA32
[    0.050823] Kernel command line: net.ifnames=0 console=ttyS0 root=/dev/sda earlyprintk=serial net.ifnames=0
[    0.052123] Dentry cache hash table entries: 262144 (order: 9, 2097152 bytes, linear)
[    0.052840] Inode-cache hash table entries: 131072 (order: 8, 1048576 bytes, linear)
[    0.053511] mem auto-init: stack:off, heap alloc:off, heap free:off
[    0.057605] Memory: 2001856K/2096632K available (28688K kernel code, 4326K rwdata, 7404K rodata, 3348K init, 10568K bss, 94520K reserved, 0K cma-reserved)
[    0.058581] random: get_random_u64 called from __kmem_cache_create+0x2f/0x460 with crng_init=0
[    0.058948] SLUB: HWalign=64, Order=0-3, MinObjects=0, CPUs=2, Nodes=1
[    0.059975] kmemleak: Kernel memory leak detector disabled
[    0.060357] ftrace: allocating 63885 entries in 250 pages
[    0.135926] ftrace: allocated 250 pages with 6 groups
[    0.136427] rcu: Hierarchical RCU implementation.
[    0.136752] rcu: 	RCU restricting CPUs from NR_CPUS=8192 to nr_cpu_ids=2.
[    0.137215] 	Trampoline variant of Tasks RCU enabled.
[    0.137564] 	Rude variant of Tasks RCU enabled.
[    0.137878] 	Tracing variant of Tasks RCU enabled.
[    0.138213] rcu: RCU calculated value of scheduler-enlistment delay is 25 jiffies.
[    0.138743] rcu: Adjusting geometry for rcu_fanout_leaf=16, nr_cpu_ids=2
[    0.158840] NR_IRQS: 524544, nr_irqs: 440, preallocated irqs: 16
[    0.166098] Console: colour VGA+ 80x25
[    0.166439] printk: console [ttyS0] enabled
[    0.166439] printk: console [ttyS0] enabled
[    0.167063] printk: bootconsole [earlyser0] disabled
[    0.167063] printk: bootconsole [earlyser0] disabled
[    0.167843] ACPI: Core revision 20210730
[    0.168322] clocksource: hpet: mask: 0xffffffff max_cycles: 0xffffffff, max_idle_ns: 19112604467 ns
[    0.169122] APIC: Switch to symmetric I/O mode setup
[    0.169674] x2apic enabled
[    0.170054] Switched APIC routing to physical x2apic.
[    0.170452] kvm-guest: setup PV IPIs
[    0.171434] ..TIMER: vector=0x30 apic1=0 pin1=2 apic2=-1 pin2=-1
[    0.171935] clocksource: tsc-early: mask: 0xffffffffffffffff max_cycles: 0x363e8c91135, max_idle_ns: 881590568389 ns
[    0.172843] Calibrating delay loop (skipped) preset value.. 3763.20 BogoMIPS (lpj=7526400)
[    0.176840] pid_max: default: 32768 minimum: 301
[    0.177265] LSM: Security Framework initializing
[    0.177624] Yama: becoming mindful.
[    0.177962] Mount-cache hash table entries: 4096 (order: 3, 32768 bytes, linear)
[    0.178528] Mountpoint-cache hash table entries: 4096 (order: 3, 32768 bytes, linear)
[    0.179671] x86/cpu: User Mode Instruction Prevention (UMIP) activated
[    0.180348] Last level iTLB entries: 4KB 0, 2MB 0, 4MB 0
[    0.180848] Last level dTLB entries: 4KB 0, 2MB 0, 4MB 0, 1GB 0
[    0.181293] Spectre V1 : Mitigation: usercopy/swapgs barriers and __user pointer sanitization
[    0.181906] Spectre V2 : Mitigation: Enhanced IBRS
[    0.182240] Spectre V2 : Spectre v2 / SpectreRSB mitigation: Filling RSB on context switch
[    0.182803] Spectre V2 : mitigation: Enabling conditional Indirect Branch Prediction Barrier
[    0.183379] Speculative Store Bypass: Mitigation: Speculative Store Bypass disabled via prctl and seccomp
[    0.211359] Freeing SMP alternatives memory: 56K
[    0.211935] smpboot: CPU0: Genuine Intel(R) 0000 (family: 0x6, model: 0xba, stepping: 0x2)
[    0.212724] Performance Events: generic architected perfmon, full-width counters, Intel PMU driver.
[    0.212834] ... version:                2
[    0.212834] ... bit width:              48
[    0.212834] ... generic registers:      6
[    0.212834] ... value mask:             0000ffffffffffff
[    0.212834] ... max period:             00007fffffffffff
[    0.212834] ... fixed-purpose events:   3
[    0.212834] ... event mask:             000000070000003f
[    0.212861] rcu: Hierarchical SRCU implementation.
[    0.215136] smp: Bringing up secondary CPUs ...
[    0.215638] x86: Booting SMP configuration:
[    0.215952] .... node  #0, CPUs:      #1
[    0.013328] kvm-clock: cpu 1, msr 4601041, secondary cpu clock
[    0.013328] smpboot: CPU 1 Converting physical 0 to logical die 1
[    0.220885] kvm-guest: setup async PF for cpu 1
[    0.221515] kvm-guest: stealtime: cpu 1, msr 7dd2b080
[    0.222235] smp: Brought up 1 node, 2 CPUs
[    0.222235] smpboot: Max logical packages: 2
[    0.222235] smpboot: Total of 2 processors activated (7526.40 BogoMIPS)
[    0.222485] devtmpfs: initialized
[    0.222485] x86/mm: Memory block size: 128MB
[    0.225829] clocksource: jiffies: mask: 0xffffffff max_cycles: 0xffffffff, max_idle_ns: 7645041785100000 ns
[    0.225829] futex hash table entries: 512 (order: 3, 32768 bytes, linear)
[    0.226330] pinctrl core: initialized pinctrl subsystem
[    0.226881] 
[    0.226993] *************************************************************
[    0.227457] **     NOTICE NOTICE NOTICE NOTICE NOTICE NOTICE NOTICE    **
[    0.228841] **                                                         **
[    0.229301] **  IOMMU DebugFS SUPPORT HAS BEEN ENABLED IN THIS KERNEL  **
[    0.229762] **                                                         **
[    0.230223] ** This means that this kernel is built to expose internal **
[    0.230685] ** IOMMU data structures, which may compromise security on **
[    0.231148] ** your system.                                            **
[    0.231609] **                                                         **
[    0.232075] ** If you see this message and you are not debugging the   **
[    0.232538] ** kernel, report this immediately to your vendor!         **
[    0.232839] **                                                         **
[    0.233301] **     NOTICE NOTICE NOTICE NOTICE NOTICE NOTICE NOTICE    **
[    0.233761] *************************************************************
[    0.234271] PM: RTC time: 22:16:02, date: 2022-11-15
[    0.235567] NET: Registered PF_NETLINK/PF_ROUTE protocol family
[    0.236295] DMA: preallocated 256 KiB GFP_KERNEL pool for atomic allocations
[    0.236785] DMA: preallocated 256 KiB GFP_KERNEL|GFP_DMA pool for atomic allocations
[    0.236841] DMA: preallocated 256 KiB GFP_KERNEL|GFP_DMA32 pool for atomic allocations
[    0.237398] audit: initializing netlink subsys (disabled)
[    0.237802] audit: type=2000 audit(1668550563.327:1): state=initialized audit_enabled=0 res=1
[    0.237802] thermal_sys: Registered thermal governor 'fair_share'
[    0.238086] thermal_sys: Registered thermal governor 'bang_bang'
[    0.238508] thermal_sys: Registered thermal governor 'step_wise'
[    0.238917] thermal_sys: Registered thermal governor 'user_space'
[    0.239344] cpuidle: using governor ladder
[    0.241119] cpuidle: using governor menu
[    0.241724] ACPI: bus type PCI registered
[    0.242006] acpiphp: ACPI Hot Plug PCI Controller Driver version: 0.5
[    0.242608] PCI: Using configuration type 1 for base access
[    0.249804] Kprobes globally optimized
[    0.250121] HugeTLB registered 1.00 GiB page size, pre-allocated 0 pages
[    0.250121] HugeTLB registered 2.00 MiB page size, pre-allocated 0 pages
[    0.253009] ACPI: Added _OSI(Module Device)
[    0.253324] ACPI: Added _OSI(Processor Device)
[    0.253629] ACPI: Added _OSI(3.0 _SCP Extensions)
[    0.253959] ACPI: Added _OSI(Processor Aggregator Device)
[    0.254332] ACPI: Added _OSI(Linux-Dell-Video)
[    0.254639] ACPI: Added _OSI(Linux-Lenovo-NV-HDMI-Audio)
[    0.255003] ACPI: Added _OSI(Linux-HPI-Hybrid-Graphics)
[    0.260288] ACPI: 1 ACPI AML tables successfully acquired and loaded
[    0.263023] ACPI: Interpreter enabled
[    0.263345] ACPI: PM: (supports S0 S3 S4 S5)
[    0.263642] ACPI: Using IOAPIC for interrupt routing
[    0.264008] PCI: Using host bridge windows from ACPI; if necessary, use "pci=nocrs" and report a bug
[    0.265109] ACPI: Enabled 2 GPEs in block 00 to 0F
[    0.275377] ACPI: PCI Root Bridge [PCI0] (domain 0000 [bus 00-ff])
[    0.275837] acpi PNP0A03:00: _OSC: OS supports [ASPM ClockPM Segments MSI EDR HPX-Type3]
[    0.276425] acpi PNP0A03:00: fail to add MMCONFIG information, can't access extended PCI configuration space under this bridge.
[    0.278018] acpiphp: Slot [3] registered
[    0.278339] acpiphp: Slot [4] registered
[    0.278661] acpiphp: Slot [5] registered
[    0.278977] acpiphp: Slot [6] registered
[    0.279299] acpiphp: Slot [7] registered
[    0.279618] acpiphp: Slot [8] registered
[    0.279933] acpiphp: Slot [9] registered
[    0.280253] acpiphp: Slot [10] registered
[    0.280577] acpiphp: Slot [11] registered
[    0.280893] acpiphp: Slot [12] registered
[    0.281218] acpiphp: Slot [13] registered
[    0.281637] acpiphp: Slot [14] registered
[    0.281984] acpiphp: Slot [15] registered
[    0.282311] acpiphp: Slot [16] registered
[    0.282639] acpiphp: Slot [17] registered
[    0.282965] acpiphp: Slot [18] registered
[    0.283290] acpiphp: Slot [19] registered
[    0.283614] acpiphp: Slot [20] registered
[    0.283935] acpiphp: Slot [21] registered
[    0.284261] acpiphp: Slot [22] registered
[    0.284587] acpiphp: Slot [23] registered
[    0.284882] acpiphp: Slot [24] registered
[    0.285210] acpiphp: Slot [25] registered
[    0.285533] acpiphp: Slot [26] registered
[    0.285857] acpiphp: Slot [27] registered
[    0.286181] acpiphp: Slot [28] registered
[    0.286506] acpiphp: Slot [29] registered
[    0.286827] acpiphp: Slot [30] registered
[    0.287150] acpiphp: Slot [31] registered
[    0.287443] PCI host bridge to bus 0000:00
[    0.287728] pci_bus 0000:00: root bus resource [io  0x0000-0x0cf7 window]
[    0.288202] pci_bus 0000:00: root bus resource [io  0x0d00-0xffff window]
[    0.288671] pci_bus 0000:00: root bus resource [mem 0x000a0000-0x000bffff window]
[    0.288837] pci_bus 0000:00: root bus resource [mem 0x80000000-0xfebfffff window]
[    0.289352] pci_bus 0000:00: root bus resource [mem 0x100000000-0x17fffffff window]
[    0.289879] pci_bus 0000:00: root bus resource [bus 00-ff]
[    0.290772] pci 0000:00:00.0: [8086:1237] type 00 class 0x060000
[    0.293828] pci 0000:00:01.0: [8086:7000] type 00 class 0x060100
[    0.294944] pci 0000:00:01.1: [8086:7010] type 00 class 0x010180
[    0.296792] pci 0000:00:01.1: reg 0x20: [io  0xc040-0xc04f]
[    0.297413] pci 0000:00:01.1: legacy IDE quirk: reg 0x10: [io  0x01f0-0x01f7]
[    0.297933] pci 0000:00:01.1: legacy IDE quirk: reg 0x14: [io  0x03f6]
[    0.298383] pci 0000:00:01.1: legacy IDE quirk: reg 0x18: [io  0x0170-0x0177]
[    0.298874] pci 0000:00:01.1: legacy IDE quirk: reg 0x1c: [io  0x0376]
[    0.299989] pci 0000:00:01.3: [8086:7113] type 00 class 0x068000
[    0.300657] pci 0000:00:01.3: quirk: [io  0x0600-0x063f] claimed by PIIX4 ACPI
[    0.300843] pci 0000:00:01.3: quirk: [io  0x0700-0x070f] claimed by PIIX4 SMB
[    0.302778] pci 0000:00:02.0: [1234:1111] type 00 class 0x030000
[    0.304086] pci 0000:00:02.0: reg 0x10: [mem 0xfd000000-0xfdffffff pref]
[    0.305688] pci 0000:00:02.0: reg 0x18: [mem 0xfebf0000-0xfebf0fff]
[    0.308709] pci 0000:00:02.0: reg 0x30: [mem 0xfebe0000-0xfebeffff pref]
[    0.311274] pci 0000:00:03.0: [8086:100e] type 00 class 0x020000
[    0.312232] pci 0000:00:03.0: reg 0x10: [mem 0xfebc0000-0xfebdffff]
[    0.313044] pci 0000:00:03.0: reg 0x14: [io  0xc000-0xc03f]
[    0.315521] pci 0000:00:03.0: reg 0x30: [mem 0xfeb80000-0xfebbffff pref]
[    0.323973] ACPI: PCI: Interrupt link LNKA configured for IRQ 10
[    0.324640] ACPI: PCI: Interrupt link LNKB configured for IRQ 10
[    0.325090] ACPI: PCI: Interrupt link LNKC configured for IRQ 11
[    0.325749] ACPI: PCI: Interrupt link LNKD configured for IRQ 11
[    0.326287] ACPI: PCI: Interrupt link LNKS configured for IRQ 9
[    0.327364] iommu: Default domain type: Translated 
[    0.327364] iommu: DMA domain TLB invalidation policy: lazy mode 
[    0.327364] pci 0000:00:02.0: vgaarb: setting as boot VGA device
[    0.327364] pci 0000:00:02.0: vgaarb: VGA device added: decodes=io+mem,owns=io+mem,locks=none
[    0.328839] pci 0000:00:02.0: vgaarb: bridge control possible
[    0.329227] vgaarb: loaded
[    0.329801] SCSI subsystem initialized
[    0.330095] ACPI: bus type USB registered
[    0.330095] usbcore: registered new interface driver usbfs
[    0.330095] usbcore: registered new interface driver hub
[    0.330095] usbcore: registered new device driver usb
[    0.330452] pps_core: LinuxPPS API ver. 1 registered
[    0.330795] pps_core: Software ver. 5.3.6 - Copyright 2005-2007 Rodolfo Giometti <giometti@linux.it>
[    0.331412] PTP clock support registered
[    0.332897] EDAC MC: Ver: 3.0.0
[    0.333208] NetLabel: Initializing
[    0.333421] NetLabel:  domain hash size = 128
[    0.333717] NetLabel:  protocols = UNLABELED CIPSOv4 CALIPSO
[    0.334125] NetLabel:  unlabeled traffic allowed by default
[    0.334535] PCI: Using ACPI for IRQ routing
[    0.334535] hpet0: at MMIO 0xfed00000, IRQs 2, 8, 0
[    0.334535] hpet0: 3 comparators, 64-bit 100.000000 MHz counter
[    0.338953] clocksource: Switched to clocksource kvm-clock
[    0.505029] VFS: Disk quotas dquot_6.6.0
[    0.505393] VFS: Dquot-cache hash table entries: 512 (order 0, 4096 bytes)
[    0.506038] pnp: PnP ACPI init
[    0.507463] pnp: PnP ACPI: found 6 devices
[    0.514805] clocksource: acpi_pm: mask: 0xffffff max_cycles: 0xffffff, max_idle_ns: 2085701024 ns
[    0.515647] NET: Registered PF_INET protocol family
[    0.516342] IP idents hash table entries: 32768 (order: 6, 262144 bytes, linear)
[    0.517518] tcp_listen_portaddr_hash hash table entries: 1024 (order: 2, 16384 bytes, linear)
[    0.518106] TCP established hash table entries: 16384 (order: 5, 131072 bytes, linear)
[    0.518954] TCP bind hash table entries: 16384 (order: 6, 262144 bytes, linear)
[    0.519538] TCP: Hash tables configured (established 16384 bind 16384)
[    0.520005] UDP hash table entries: 1024 (order: 3, 32768 bytes, linear)
[    0.520467] UDP-Lite hash table entries: 1024 (order: 3, 32768 bytes, linear)
[    0.521018] NET: Registered PF_UNIX/PF_LOCAL protocol family
[    0.521608] RPC: Registered named UNIX socket transport module.
[    0.522013] RPC: Registered udp transport module.
[    0.522334] RPC: Registered tcp transport module.
[    0.522655] RPC: Registered tcp NFSv4.1 backchannel transport module.
[    0.523107] pci_bus 0000:00: resource 4 [io  0x0000-0x0cf7 window]
[    0.523534] pci_bus 0000:00: resource 5 [io  0x0d00-0xffff window]
[    0.523960] pci_bus 0000:00: resource 6 [mem 0x000a0000-0x000bffff window]
[    0.524441] pci_bus 0000:00: resource 7 [mem 0x80000000-0xfebfffff window]
[    0.524933] pci_bus 0000:00: resource 8 [mem 0x100000000-0x17fffffff window]
[    0.525598] pci 0000:00:01.0: PIIX3: Enabling Passive Release
[    0.526010] pci 0000:00:00.0: Limiting direct PCI/PCI transfers
[    0.526438] pci 0000:00:01.0: Activating ISA DMA hang workarounds
[    0.526934] pci 0000:00:02.0: Video device with shadowed ROM at [mem 0x000c0000-0x000dffff]
[    0.527534] PCI: CLS 0 bytes, default 64
[    0.527988] clocksource: tsc: mask: 0xffffffffffffffff max_cycles: 0x363e8c91135, max_idle_ns: 881590568389 ns
[    2.572894] Initialise system trusted keyrings
[    2.573285] Key type blacklist registered
[    2.573649] workingset: timestamp_bits=36 max_order=19 bucket_order=0
[    2.577675] zbud: loaded
[    2.578383] squashfs: version 4.0 (2009/01/31) Phillip Lougher
[    2.579412] NFS: Registering the id_resolver key type
[    2.579775] Key type id_resolver registered
[    2.580068] Key type id_legacy registered
[    2.580389] nfs4filelayout_init: NFSv4 File Layout Driver Registering...
[    2.580868] nfs4flexfilelayout_init: NFSv4 Flexfile Layout Driver Registering...
[    2.581435] fuse: init (API version 7.34)
[    2.581836] SGI XFS with ACLs, security attributes, realtime, quota, no debug enabled
[    2.583067] 9p: Installing v9fs 9p2000 file system support
[    2.589786] Key type asymmetric registered
[    2.590055] Asymmetric key parser 'x509' registered
[    2.590424] Block layer SCSI generic (bsg) driver version 0.4 loaded (major 244)
[    2.591104] io scheduler mq-deadline registered
[    2.591474] io scheduler bfq registered
[    2.592008] shpchp: Standard Hot Plug PCI Controller Driver version: 0.4
[    2.592595] IPMI message handler: version 39.2
[    2.592929] ipmi device interface
[    2.593946] input: Power Button as /devices/LNXSYSTM:00/LNXPWRBN:00/input/input0
[    2.594528] ACPI: button: Power Button [PWRF]
[    2.595461] ERST DBG: ERST support is disabled.
[    2.596016] Serial: 8250/16550 driver, 32 ports, IRQ sharing enabled
[    2.596782] 00:04: ttyS0 at I/O 0x3f8 (irq = 4, base_baud = 115200) is a 16550A
[    2.601252] Linux agpgart interface v0.103
[    2.607992] brd: module loaded
[    2.611476] loop: module loaded
[    2.613907] scsi host0: ata_piix
[    2.614381] scsi host1: ata_piix
[    2.614676] ata1: PATA max MWDMA2 cmd 0x1f0 ctl 0x3f6 bmdma 0xc040 irq 14
[    2.615149] ata2: PATA max MWDMA2 cmd 0x170 ctl 0x376 bmdma 0xc048 irq 15
[    2.615961] libphy: Fixed MDIO Bus: probed
[    2.616687] tun: Universal TUN/TAP device driver, 1.6
[    2.617390] e100: Intel(R) PRO/100 Network Driver
[    2.617723] e100: Copyright(c) 1999-2006 Intel Corporation
[    2.618135] e1000: Intel(R) PRO/1000 Network Driver
[    2.618471] e1000: Copyright (c) 1999-2006 Intel Corporation.
[    2.693636] ACPI: \_SB_.LNKC: Enabled at IRQ 11
[    2.773471] ata1.00: ATA-7: QEMU HARDDISK, 2.5+, max UDMA/100
[    2.773873] ata1.00: 16777216 sectors, multi 16: LBA48 
[    2.774833] scsi 0:0:0:0: Direct-Access     ATA      QEMU HARDDISK    2.5+ PQ: 0 ANSI: 5
[    2.775996] ata2.00: ATAPI: QEMU DVD-ROM, 2.5+, max UDMA/100
[    2.776866] scsi 0:0:0:0: Attached scsi generic sg0 type 0
[    2.777456] sd 0:0:0:0: [sda] 16777216 512-byte logical blocks: (8.59 GB/8.00 GiB)
[    2.777992] sd 0:0:0:0: [sda] Write Protect is off
[    2.778347] sd 0:0:0:0: [sda] Write cache: enabled, read cache: enabled, doesn't support DPO or FUA
[    2.781219] scsi 1:0:0:0: CD-ROM            QEMU     QEMU DVD-ROM     2.5+ PQ: 0 ANSI: 5
[    2.782404] scsi 1:0:0:0: Attached scsi generic sg1 type 5
[    2.981087] sd 0:0:0:0: [sda] Attached SCSI disk
[    3.015200] e1000 0000:00:03.0 eth0: (PCI:33MHz:32-bit) 52:54:00:12:34:56
[    3.015621] e1000 0000:00:03.0 eth0: Intel(R) PRO/1000 Network Connection
[    3.016081] e1000e: Intel(R) PRO/1000 Network Driver
[    3.016375] e1000e: Copyright(c) 1999 - 2015 Intel Corporation.
[    3.016775] igb: Intel(R) Gigabit Ethernet Network Driver
[    3.017109] igb: Copyright (c) 2007-2014 Intel Corporation.
[    3.017498] PPP generic driver version 2.4.2
[    3.018106] VFIO - User Level meta-driver version: 0.3
[    3.018442] ehci_hcd: USB 2.0 'Enhanced' Host Controller (EHCI) Driver
[    3.018838] ehci-pci: EHCI PCI platform driver
[    3.019125] ehci-platform: EHCI generic platform driver
[    3.019453] ohci_hcd: USB 1.1 'Open' Host Controller (OHCI) Driver
[    3.019829] ohci-pci: OHCI PCI platform driver
[    3.020120] ohci-platform: OHCI generic platform driver
[    3.020451] uhci_hcd: USB Universal Host Controller Interface driver
[    3.021054] usbcore: registered new interface driver uas
[    3.021411] usbcore: registered new interface driver usb-storage
[    3.021863] i8042: PNP: PS/2 Controller [PNP0303:KBD,PNP0f13:MOU] at 0x60,0x64 irq 1,12
[    3.023048] serio: i8042 KBD port at 0x60,0x64 irq 1
[    3.023381] serio: i8042 AUX port at 0x60,0x64 irq 12
[    3.024079] mousedev: PS/2 mouse device common for all mice
[    3.024804] input: AT Translated Set 2 keyboard as /devices/platform/i8042/serio0/input/input1
[    3.025660] rtc_cmos 00:05: RTC can wake from S4
[    3.026726] rtc_cmos 00:05: registered as rtc0
[    3.027067] rtc_cmos 00:05: setting system clock to 2022-11-15T22:16:05 UTC (1668550565)
[    3.027665] rtc_cmos 00:05: alarms up to one day, y3k, 242 bytes nvram, hpet irqs
[    3.028164] i2c_dev: i2c /dev entries driver
[    3.028469] device-mapper: core: CONFIG_IMA_DISABLE_HTABLE is disabled. Duplicate IMA measurements will not be recorded in the IMA log.
[    3.029331] device-mapper: uevent: version 1.0.3
[    3.029946] device-mapper: ioctl: 4.45.0-ioctl (2021-03-22) initialised: dm-devel@redhat.com
[    3.030555] intel_pstate: CPU model not supported
[    3.031056] input: VirtualPS/2 VMware VMMouse as /devices/platform/i8042/serio1/input/input4
[    3.031691] sdhci: Secure Digital Host Controller Interface driver
[    3.032099] sdhci: Copyright(c) Pierre Ossman
[    3.032468] sdhci-pltfm: SDHCI platform and OF driver helper
[    3.032928] ledtrig-cpu: registered to indicate activity on CPUs
[    3.033470] drop_monitor: Initializing network drop monitor service
[    3.034145] input: VirtualPS/2 VMware VMMouse as /devices/platform/i8042/serio1/input/input3
[    3.034915] NET: Registered PF_INET6 protocol family
[    3.036179] Segment Routing with IPv6
[    3.036455] In-situ OAM (IOAM) with IPv6
[    3.036732] NET: Registered PF_PACKET protocol family
[    3.037179] 9pnet: Installing 9P2000 support
[    3.037481] Key type dns_resolver registered
[    3.038219] IPI shorthand broadcast: enabled
[    3.038514] sched_clock: Marking stable (3028716561, 9328270)->(3062538811, -24493980)
[    3.039251] registered taskstats version 1
[    3.039604] Loading compiled-in X.509 certificates
[    3.039963] zswap: loaded using pool lzo/zbud
[    3.040463] Key type ._fscrypt registered
[    3.040728] Key type .fscrypt registered
[    3.040996] Key type fscrypt-provisioning registered
[    3.041796] Key type encrypted registered
[    3.042108] ima: No TPM chip found, activating TPM-bypass!
[    3.042465] ima: Allocated hash algorithm: sha1
[    3.042767] ima: No architecture policies found
[    3.043077] evm: Initialising EVM extended attributes:
[    3.043405] evm: security.selinux
[    3.043622] evm: security.SMACK64
[    3.043839] evm: security.SMACK64EXEC
[    3.044080] evm: security.SMACK64TRANSMUTE
[    3.044344] evm: security.SMACK64MMAP
[    3.044583] evm: security.apparmor
[    3.044805] evm: security.ima
[    3.045013] evm: security.capability
[    3.045257] evm: HMAC attrs: 0x1
[    3.046143] PM:   Magic number: 14:213:300
[    3.046715] RAS: Correctable Errors collector initialized.
[    3.047312] md: Waiting for all devices to be available before autodetect
[    3.047753] md: If you don't use raid, use raid=noautodetect
[    3.048117] md: Autodetecting RAID arrays.
[    3.048383] md: autorun ...
[    3.048568] md: ... autorun DONE.
[    3.052231] EXT4-fs (sda): INFO: recovery required on readonly filesystem
[    3.052693] EXT4-fs (sda): write access will be enabled during recovery
[    3.074156] EXT4-fs (sda): recovery complete
[    3.075645] EXT4-fs (sda): mounted filesystem with ordered data mode. Opts: (null). Quota mode: none.
[    3.076280] VFS: Mounted root (ext4 filesystem) readonly on device 8:0.
[    3.077078] devtmpfs: mounted
[    3.082782] Freeing unused decrypted memory: 2036K
[    3.084655] Freeing unused kernel image (initmem) memory: 3348K
[    3.085068] Write protecting the kernel read-only data: 38912k
[    3.087509] Freeing unused kernel image (text/rodata gap) memory: 2028K
[    3.088532] Freeing unused kernel image (rodata/data gap) memory: 788K
[    3.170613] x86/mm: Checked W+X mappings: passed, no W+X pages found.
[    3.171067] Run /sbin/init as init process
[    3.214148] random: fast init done
[    3.259011] systemd[1]: RTC configured in localtime, applying delta of 0 minutes to system time.
[    3.275634] systemd[1]: systemd 239 (239-49.el8) running in system mode. (+PAM +AUDIT +SELINUX +IMA -APPARMOR +SMACK +SYSVINIT +UTMP +LIBCRYPTSETUP +GCRYPT +GNUTLS +ACL +XZ +LZ4 +SECCOMP +BLKID +ELFUTILS +KMOD +IDN2 -IDN +PCRE2 default-hierarchy=legacy)
[    3.277204] systemd[1]: Detected virtualization kvm.
[    3.277537] systemd[1]: Detected architecture x86-64.

Welcome to [0;31mCentOS Stream 8[0m!

[    3.298689] systemd[1]: Set hostname to <test>.
[    3.398405] random: lvmconfig: uninitialized urandom read (4 bytes read)
[    3.473821] random: systemd: uninitialized urandom read (16 bytes read)
[    3.474352] systemd[1]: Reached target Swap.
[[0;32m  OK  [0m] Reached target Swap.
[    3.475234] random: systemd: uninitialized urandom read (16 bytes read)
[    3.475861] systemd[1]: Listening on udev Control Socket.
[[0;32m  OK  [0m] Listening on udev Control Socket.
[    3.476949] systemd[1]: Listening on multipathd control socket.
[[0;32m  OK  [0m] Listening on multipathd control socket.
[    3.478015] systemd[1]: Listening on Journal Socket (/dev/log).
[[0;32m  OK  [0m] Listening on Journal Socket (/dev/log).
[    3.480299] systemd[1]: Created slice system-sshd\x2dkeygen.slice.
[[0;32m  OK  [0m] Created slice system-sshd\x2dkeygen.slice.
[    3.481648] systemd[1]: Created slice system-getty.slice.
[[0;32m  OK  [0m] Created slice system-getty.slice.
[[0;32m  OK  [0m] Listening on Process Core Dump Socket.
[[0;32m  OK  [0m] Started Forward Password Requests to Wall Directory Watch.
[[0;32m  OK  [0m] Listening on initctl Compatibility Named Pipe.
[[0;32m  OK  [0m] Set up automount Arbitrary Executabâ€¦rmats File System Automount Point.
[[0;32m  OK  [0m] Listening on Journal Socket.
         Starting Load Kernel Modules...
         Starting Journal Service...
         Mounting Kernel Debug File System...
         Starting Remount Root and Kernel File Systems...
         Starting Setup Virtual Console...
[[0;32m  OK  [0m] Listening on LVM2 poll daemon socket.
[[0;32m  OK  [0m] Created slice system-serial\x2dgetty.slice.
[[0;32m  OK  [0m] Listening on Device-mapper event daemon FIFOs.
         Starting Monitoring of LVM2 mirrorsâ€¦ng dmeventd or progress polling...
         Mounting POSIX Message Queue File System...
[[0;32m  OK  [0m] Created slice User and Session Slice.
[[0;32m  OK  [0m] Reached target Slices.
[[0;32m  OK  [0m] Listening on RPCbind Server Activation Socket.
[[0;32m  OK  [0m] Reached target RPC Port Mapper.
[[0;32m  OK  [0m] Listening on udev Kernel Socket.
         Starting udev Coldplug all Devices...
         Mounting Huge Pages File System...
[[0;1;31mFAILED[0m] Failed to start Load Kernel Modules.
See 'systemctl status systemd-modules-load.service' for details.
[[0;32m  OK  [0m] Started Journal Service.
[[0;32m  OK  [0m] Mounted Kernel Debug File System.
[[0;32m  OK  [0m] Mounted POSIX Message Queue File System.
[[0;32m  OK  [0m] Mounted Huge Pages File System.
         Mounting FUSE Control File System...
         Mounting Kernel Configuration File System...
         Starting Apply Kernel Variables...
[[0;32m  OK  [0m] Mounted FUSE Control File System.
[[0;32m  OK  [0m] Mounted Kernel Configuration File System.
[[0;32m  OK  [0m] Started Apply Kernel Variables.
[    3.724886] EXT4-fs (sda): re-mounted. Opts: (null). Quota mode: none.
[[0;32m  OK  [0m] Started Remount Root and Kernel File Systems.
         Starting Create Static Device Nodes in /dev...
         Starting Flush Journal to Persistent Storage...
         Starting Load/Save Random Seed...
[[0;32m  OK  [0m] Started Setup Virtual Console.
[[0;32m  OK  [0m] Started udev Coldplug all Devices.
[[0;32m  OK  [0m] Started Create Static Device Nodes in /dev.
         Starting udev Kernel Device Manager...
         Starting udev Wait for Complete Device Initialization...
[[0;32m  OK  [0m] Started Load/Save Random Seed.
[[0;32m  OK  [0m] Started Flush Journal to Persistent Storage.
[[0;32m  OK  [0m] Started udev Kernel Device Manager.
         Starting Show Plymouth Boot Screen...
[[0;32m  OK  [0m] Started Show Plymouth Boot Screen.
[[0;32m  OK  [0m] Started Forward Password Requests to Plymouth Directory Watch.
[[0;32m  OK  [0m] Reached target Paths.
[[0;32m  OK  [0m] Reached target Local Encrypted Volumes.
[[0;32m  OK  [0m] Found device /dev/ttyS0.
[[0;32m  OK  [0m] Started Monitoring of LVM2 mirrors,â€¦sing dmeventd or progress polling.
[[0;32m  OK  [0m] Listening on Load/Save RF Kill Switch Status /dev/rfkill Watch.
[[0;32m  OK  [0m] Started udev Wait for Complete Device Initialization.
[[0;32m  OK  [0m] Reached target Local File Systems (Pre).
[[0;32m  OK  [0m] Reached target Local File Systems.
         Starting Tell Plymouth To Write Out Runtime Data...
         Starting Restore /run/initramfs on shutdown...
         Starting Create Volatile Files and Directories...
[[0;32m  OK  [0m] Started Tell Plymouth To Write Out Runtime Data.
[[0;32m  OK  [0m] Started Restore /run/initramfs on shutdown.
[[0;32m  OK  [0m] Started Create Volatile Files and Directories.
         Starting RPC Bind...
         Mounting RPC Pipe File System...
         Starting Security Auditing Service...
[[0;32m  OK  [0m] Mounted RPC Pipe File System.
[[0;32m  OK  [0m] Reached target rpc_pipefs.target.
[[0;32m  OK  [0m] Started RPC Bind.
[[0;32m  OK  [0m] Started Security Auditing Service.
         Starting Update UTMP about System Boot/Shutdown...
[[0;32m  OK  [0m] Started Update UTMP about System Boot/Shutdown.
[[0;32m  OK  [0m] Reached target System Initialization.
[[0;32m  OK  [0m] Started daily update of the root trust anchor for DNSSEC.
[[0;32m  OK  [0m] Started Daily Cleanup of Temporary Directories.
[[0;32m  OK  [0m] Listening on D-Bus System Message Bus Socket.
[[0;32m  OK  [0m] Listening on SSSD Kerberos Cache Manager responder socket.
[[0;32m  OK  [0m] Reached target Sockets.
[[0;32m  OK  [0m] Reached target Basic System.
[[0;32m  OK  [0m] Started irqbalance daemon.
         Starting Self Monitoring and Reporting Technology (SMART) Daemon...
[[0;32m  OK  [0m] Started D-Bus System Message Bus.
         Starting Network Manager...
[[0;32m  OK  [0m] Started Machine Check Exception Logging Daemon.
         Starting Login Service...
[[0;32m  OK  [0m] Started dnf makecache --timer.
[[0;32m  OK  [0m] Reached target Timers.
[[0;32m  OK  [0m] Reached target sshd-keygen.target.
         Starting Authorization Manager...
         Starting Auto-connect to subsystemsâ€¦-NVME devices found during boot...
         Starting NTP client/server...
[[0;32m  OK  [0m] Started Auto-connect to subsystems â€¦FC-NVME devices found during boot.
[[0;32m  OK  [0m] Started Self Monitoring and Reporting Technology (SMART) Daemon.
[[0;32m  OK  [0m] Started Login Service.
[[0;32m  OK  [0m] Started NTP client/server.
[[0;32m  OK  [0m] Started Network Manager.
         Starting Network Manager Wait Online...
[[0;32m  OK  [0m] Reached target Network.
         Starting GSSAPI Proxy Daemon...
         Starting OpenSSH server daemon...
         Starting Dynamic System Tuning Daemon...
         Starting Hostname Service...
[[0;32m  OK  [0m] Started Authorization Manager.
[[0;32m  OK  [0m] Started Hostname Service.
         Starting Network Manager Script Dispatcher Service...
[[0;32m  OK  [0m] Started Network Manager Script Dispatcher Service.
[    4.944895] e1000: eth0 NIC Link is Up 1000 Mbps Full Duplex, Flow Control: RX
[    4.945886] IPv6: ADDRCONF(NETDEV_CHANGE): eth0: link becomes ready
[[0;32m  OK  [0m] Started Dynamic System Tuning Daemon.
[[0;32m  OK  [0m] Started Network Manager Wait Online.
[[0;32m  OK  [0m] Reached target Network is Online.
         Starting Notify NFS peers of a restart...
         Starting System Logging Service...
[[0;32m  OK  [0m] Started Notify NFS peers of a restart.
[[0;32m  OK  [0m] Started System Logging Service.
[    6.112864] random: crng init done
[    6.113277] random: 7 urandom warning(s) missed due to ratelimiting
[[0;32m  OK  [0m] Started OpenSSH server daemon.
[[0;32m  OK  [0m] Started GSSAPI Proxy Daemon.
[[0;32m  OK  [0m] Reached target NFS client services.
[[0;32m  OK  [0m] Reached target Remote File Systems (Pre).
[[0;32m  OK  [0m] Reached target Remote File Systems.
         Starting Permit User Sessions...
[[0;32m  OK  [0m] Started Permit User Sessions.
         Starting Hold until boot process finishes up...
         Starting Terminate Plymouth Boot Screen...
[[0;32m  OK  [0m] Started Command Scheduler.

CentOS Stream 8
Kernel 5.15.0-rc4-32ed980c3020+ on an x86_64

test login: 