c[?7l[2J[0mSeaBIOS (version rel-1.14.0-0-g155821a1990b-prebuilt.qemu.org)


iPXE (http://ipxe.org) 00:03.0 CA00 PCI2.10 PnP PMM+7FF8F030+7FEEF030 CA00
Press Ctrl-B to configure iPXE (PCI 00:03.0)...                                                                               


Booting from ROM..c[?7l[2J[    0.000000] Linux version 5.15.0-73d21a357981+ (root@p-rplp01) (gcc (GCC) 8.5.0 20210514 (Red Hat 8.5.0-17), GNU ld version 2.36.1-2.el8) #1 SMP PREEMPT Tue Nov 15 15:10:00 CST 2022
[    0.000000] Command line: console=ttyS0 root=/dev/sda earlyprintk=serial net.ifnames=0
[    0.000000] KERNEL supported cpus:
[    0.000000]   Intel GenuineIntel
[    0.000000]   AMD AuthenticAMD
[    0.000000]   Hygon HygonGenuine
[    0.000000]   Centaur CentaurHauls
[    0.000000]   zhaoxin   Shanghai  
[    0.000000] x86/fpu: Supporting XSAVE feature 0x001: 'x87 floating point registers'
[    0.000000] x86/fpu: Supporting XSAVE feature 0x002: 'SSE registers'
[    0.000000] x86/fpu: Supporting XSAVE feature 0x004: 'AVX registers'
[    0.000000] x86/fpu: Supporting XSAVE feature 0x200: 'Protection Keys User registers'
[    0.000000] x86/fpu: xstate_offset[2]:  576, xstate_sizes[2]:  256
[    0.000000] x86/fpu: xstate_offset[9]:  832, xstate_sizes[9]:    8
[    0.000000] x86/fpu: Enabled xstate features 0x207, context size is 840 bytes, using 'compacted' format.
[    0.000000] signal: max sigframe size: 3632
[    0.000000] BIOS-provided physical RAM map:
[    0.000000] BIOS-e820: [mem 0x0000000000000000-0x000000000009fbff] usable
[    0.000000] BIOS-e820: [mem 0x000000000009fc00-0x000000000009ffff] reserved
[    0.000000] BIOS-e820: [mem 0x00000000000f0000-0x00000000000fffff] reserved
[    0.000000] BIOS-e820: [mem 0x0000000000100000-0x000000007ffdffff] usable
[    0.000000] BIOS-e820: [mem 0x000000007ffe0000-0x000000007fffffff] reserved
[    0.000000] BIOS-e820: [mem 0x00000000feffc000-0x00000000feffffff] reserved
[    0.000000] BIOS-e820: [mem 0x00000000fffc0000-0x00000000ffffffff] reserved
[    0.000000] printk: bootconsole [earlyser0] enabled
[    0.000000] NX (Execute Disable) protection: active
[    0.000000] SMBIOS 2.8 present.
[    0.000000] DMI: QEMU Standard PC (i440FX + PIIX, 1996), BIOS rel-1.14.0-0-g155821a1990b-prebuilt.qemu.org 04/01/2014
[    0.000000] Hypervisor detected: KVM
[    0.000000] kvm-clock: Using msrs 4b564d01 and 4b564d00
[    0.000000] kvm-clock: cpu 0, msr 4601001, primary cpu clock
[    0.000002] kvm-clock: using sched offset of 238229171 cycles
[    0.000353] clocksource: kvm-clock: mask: 0xffffffffffffffff max_cycles: 0x1cd42e4dffb, max_idle_ns: 881590591483 ns
[    0.001363] tsc: Detected 1881.600 MHz processor
[    0.006180] last_pfn = 0x7ffe0 max_arch_pfn = 0x400000000
[    0.006617] x86/PAT: Configuration [0-7]: WB  WC  UC- UC  WB  WP  UC- WT  
[    0.011129] found SMP MP-table at [mem 0x000f5a90-0x000f5a9f]
[    0.011640] Using GB pages for direct mapping
[    0.012665] ACPI: Early table checksum verification disabled
[    0.013052] ACPI: RSDP 0x00000000000F5870 000014 (v00 BOCHS )
[    0.013448] ACPI: RSDT 0x000000007FFE1959 000034 (v01 BOCHS  BXPC     00000001 BXPC 00000001)
[    0.014029] ACPI: FACP 0x000000007FFE1805 000074 (v01 BOCHS  BXPC     00000001 BXPC 00000001)
[    0.014619] ACPI: DSDT 0x000000007FFE0040 0017C5 (v01 BOCHS  BXPC     00000001 BXPC 00000001)
[    0.015200] ACPI: FACS 0x000000007FFE0000 000040
[    0.015519] ACPI: APIC 0x000000007FFE1879 000080 (v01 BOCHS  BXPC     00000001 BXPC 00000001)
[    0.016103] ACPI: HPET 0x000000007FFE18F9 000038 (v01 BOCHS  BXPC     00000001 BXPC 00000001)
[    0.016680] ACPI: WAET 0x000000007FFE1931 000028 (v01 BOCHS  BXPC     00000001 BXPC 00000001)
[    0.017259] ACPI: Reserving FACP table memory at [mem 0x7ffe1805-0x7ffe1878]
[    0.017732] ACPI: Reserving DSDT table memory at [mem 0x7ffe0040-0x7ffe1804]
[    0.018202] ACPI: Reserving FACS table memory at [mem 0x7ffe0000-0x7ffe003f]
[    0.018671] ACPI: Reserving APIC table memory at [mem 0x7ffe1879-0x7ffe18f8]
[    0.019143] ACPI: Reserving HPET table memory at [mem 0x7ffe18f9-0x7ffe1930]
[    0.019613] ACPI: Reserving WAET table memory at [mem 0x7ffe1931-0x7ffe1958]
[    0.020585] No NUMA configuration found
[    0.020844] Faking a node at [mem 0x0000000000000000-0x000000007ffdffff]
[    0.021338] NODE_DATA(0) allocated [mem 0x7ffb5000-0x7ffdffff]
[    0.024471] Zone ranges:
[    0.024661]   DMA      [mem 0x0000000000001000-0x0000000000ffffff]
[    0.025077]   DMA32    [mem 0x0000000001000000-0x000000007ffdffff]
[    0.025491]   Normal   empty
[    0.025687]   Device   empty
[    0.025882] Movable zone start for each node
[    0.026166] Early memory node ranges
[    0.026403]   node   0: [mem 0x0000000000001000-0x000000000009efff]
[    0.026822]   node   0: [mem 0x0000000000100000-0x000000007ffdffff]
[    0.027242] Initmem setup node 0 [mem 0x0000000000001000-0x000000007ffdffff]
[    0.028064] On node 0, zone DMA: 1 pages in unavailable ranges
[    0.028085] On node 0, zone DMA: 97 pages in unavailable ranges
[    0.037073] On node 0, zone DMA32: 32 pages in unavailable ranges
[    0.037666] ACPI: PM-Timer IO Port: 0x608
[    0.038291] ACPI: LAPIC_NMI (acpi_id[0xff] dfl dfl lint[0x1])
[    0.038669] IOAPIC[0]: apic_id 0, version 17, address 0xfec00000, GSI 0-23
[    0.039090] ACPI: INT_SRC_OVR (bus 0 bus_irq 0 global_irq 2 dfl dfl)
[    0.039476] ACPI: INT_SRC_OVR (bus 0 bus_irq 5 global_irq 5 high level)
[    0.039889] ACPI: INT_SRC_OVR (bus 0 bus_irq 9 global_irq 9 high level)
[    0.040293] ACPI: INT_SRC_OVR (bus 0 bus_irq 10 global_irq 10 high level)
[    0.040707] ACPI: INT_SRC_OVR (bus 0 bus_irq 11 global_irq 11 high level)
[    0.041130] ACPI: Using ACPI (MADT) for SMP configuration information
[    0.041521] ACPI: HPET id: 0x8086a201 base: 0xfed00000
[    0.041845] TSC deadline timer available
[    0.042089] smpboot: Allowing 2 CPUs, 0 hotplug CPUs
[    0.042418] kvm-guest: KVM setup pv remote TLB flush
[    0.042722] kvm-guest: setup PV sched yield
[    0.043006] PM: hibernation: Registered nosave memory: [mem 0x00000000-0x00000fff]
[    0.043475] PM: hibernation: Registered nosave memory: [mem 0x0009f000-0x0009ffff]
[    0.043947] PM: hibernation: Registered nosave memory: [mem 0x000a0000-0x000effff]
[    0.044419] PM: hibernation: Registered nosave memory: [mem 0x000f0000-0x000fffff]
[    0.044886] [mem 0x80000000-0xfeffbfff] available for PCI devices
[    0.045263] Booting paravirtualized kernel on KVM
[    0.045560] clocksource: refined-jiffies: mask: 0xffffffff max_cycles: 0xffffffff, max_idle_ns: 7645519600211568 ns
[    0.046224] setup_percpu: NR_CPUS:8192 nr_cpumask_bits:2 nr_cpu_ids:2 nr_node_ids:1
[    0.047475] percpu: Embedded 53 pages/cpu s180224 r8192 d28672 u1048576
[    0.048068] kvm-guest: setup async PF for cpu 0
[    0.048365] kvm-guest: stealtime: cpu 0, msr 7dc2b080
[    0.048697] kvm-guest: PV spinlocks enabled
[    0.048981] PV qspinlock hash table entries: 256 (order: 0, 4096 bytes, linear)
[    0.049476] Built 1 zonelists, mobility grouping on.  Total pages: 515808
[    0.049933] Policy zone: DMA32
[    0.050140] Kernel command line: net.ifnames=0 console=ttyS0 root=/dev/sda earlyprintk=serial net.ifnames=0
[    0.051801] Dentry cache hash table entries: 262144 (order: 9, 2097152 bytes, linear)
[    0.052363] Inode-cache hash table entries: 131072 (order: 8, 1048576 bytes, linear)
[    0.052904] mem auto-init: stack:off, heap alloc:off, heap free:off
[    0.055952] Memory: 2001856K/2096632K available (28688K kernel code, 4325K rwdata, 7452K rodata, 3080K init, 10836K bss, 94520K reserved, 0K cma-reserved)
[    0.056784] random: get_random_u64 called from __kmem_cache_create+0x2f/0x470 with crng_init=0
[    0.057115] SLUB: HWalign=64, Order=0-3, MinObjects=0, CPUs=2, Nodes=1
[    0.057996] kmemleak: Kernel memory leak detector disabled
[    0.058325] ftrace: allocating 64248 entries in 251 pages
[    0.121991] ftrace: allocated 251 pages with 7 groups
[    0.123133] Dynamic Preempt: none
[    0.123345] rcu: Preemptible hierarchical RCU implementation.
[    0.123652] rcu: 	RCU restricting CPUs from NR_CPUS=8192 to nr_cpu_ids=2.
[    0.124024] 	Trampoline variant of Tasks RCU enabled.
[    0.124286] 	Rude variant of Tasks RCU enabled.
[    0.124522] 	Tracing variant of Tasks RCU enabled.
[    0.124771] rcu: RCU calculated value of scheduler-enlistment delay is 25 jiffies.
[    0.125164] rcu: Adjusting geometry for rcu_fanout_leaf=16, nr_cpu_ids=2
[    0.141026] NR_IRQS: 524544, nr_irqs: 440, preallocated irqs: 16
[    0.146496] Console: colour VGA+ 80x25
[    0.146724] printk: console [ttyS0] enabled
[    0.146724] printk: console [ttyS0] enabled
[    0.147170] printk: bootconsole [earlyser0] disabled
[    0.147170] printk: bootconsole [earlyser0] disabled
[    0.147725] ACPI: Core revision 20210730
[    0.148060] clocksource: hpet: mask: 0xffffffff max_cycles: 0xffffffff, max_idle_ns: 19112604467 ns
[    0.148611] APIC: Switch to symmetric I/O mode setup
[    0.149143] x2apic enabled
[    0.149421] Switched APIC routing to physical x2apic.
[    0.149698] kvm-guest: setup PV IPIs
[    0.150427] ..TIMER: vector=0x30 apic1=0 pin1=2 apic2=-1 pin2=-1
[    0.150769] clocksource: tsc-early: mask: 0xffffffffffffffff max_cycles: 0x363e8c91135, max_idle_ns: 881590568389 ns
[    0.151503] Calibrating delay loop (skipped) preset value.. 3763.20 BogoMIPS (lpj=7526400)
[    0.152125] pid_max: default: 32768 minimum: 301
[    0.152471] LSM: Security Framework initializing
[    0.155503] Yama: becoming mindful.
[    0.155749] Mount-cache hash table entries: 4096 (order: 3, 32768 bytes, linear)
[    0.156149] Mountpoint-cache hash table entries: 4096 (order: 3, 32768 bytes, linear)
[    0.156959] x86/cpu: User Mode Instruction Prevention (UMIP) activated
[    0.157418] Last level iTLB entries: 4KB 0, 2MB 0, 4MB 0
[    0.157708] Last level dTLB entries: 4KB 0, 2MB 0, 4MB 0, 1GB 0
[    0.158033] Spectre V1 : Mitigation: usercopy/swapgs barriers and __user pointer sanitization
[    0.158507] Spectre V2 : Mitigation: Enhanced IBRS
[    0.158781] Spectre V2 : Spectre v2 / SpectreRSB mitigation: Filling RSB on context switch
[    0.159246] Spectre V2 : mitigation: Enabling conditional Indirect Branch Prediction Barrier
[    0.159500] Speculative Store Bypass: Mitigation: Speculative Store Bypass disabled via prctl
[    0.186042] Freeing SMP alternatives memory: 56K
[    0.186480] smpboot: CPU0: Genuine Intel(R) 0000 (family: 0x6, model: 0xba, stepping: 0x2)
[    0.187144] Performance Events: generic architected perfmon, full-width counters, Intel PMU driver.
[    0.187496] ... version:                2
[    0.187496] ... bit width:              48
[    0.187496] ... generic registers:      6
[    0.187496] ... value mask:             0000ffffffffffff
[    0.187496] ... max period:             00007fffffffffff
[    0.187496] ... fixed-purpose events:   3
[    0.187496] ... event mask:             000000070000003f
[    0.187496] rcu: Hierarchical SRCU implementation.
[    0.188487] smp: Bringing up secondary CPUs ...
[    0.188897] x86: Booting SMP configuration:
[    0.189140] .... node  #0, CPUs:      #1
[    0.009971] kvm-clock: cpu 1, msr 4601041, secondary cpu clock
[    0.009971] smpboot: CPU 1 Converting physical 0 to logical die 1
[    0.191549] kvm-guest: setup async PF for cpu 1
[    0.191870] kvm-guest: stealtime: cpu 1, msr 7dd2b080
[    0.192217] smp: Brought up 1 node, 2 CPUs
[    0.192217] smpboot: Max logical packages: 2
[    0.192217] smpboot: Total of 2 processors activated (7526.40 BogoMIPS)
[    0.192659] devtmpfs: initialized
[    0.192659] x86/mm: Memory block size: 128MB
[    0.195707] clocksource: jiffies: mask: 0xffffffff max_cycles: 0xffffffff, max_idle_ns: 7645041785100000 ns
[    0.196229] futex hash table entries: 512 (order: 3, 32768 bytes, linear)
[    0.196641] pinctrl core: initialized pinctrl subsystem
[    0.197049] 
[    0.197132] *************************************************************
[    0.197475] **     NOTICE NOTICE NOTICE NOTICE NOTICE NOTICE NOTICE    **
[    0.197864] **                                                         **
[    0.198210] **  IOMMU DebugFS SUPPORT HAS BEEN ENABLED IN THIS KERNEL  **
[    0.198553] **                                                         **
[    0.198900] ** This means that this kernel is built to expose internal **
[    0.199245] ** IOMMU data structures, which may compromise security on **
[    0.199504] ** your system.                                            **
[    0.199849] **                                                         **
[    0.200192] ** If you see this message and you are not debugging the   **
[    0.200544] ** kernel, report this immediately to your vendor!         **
[    0.200889] **                                                         **
[    0.201239] **     NOTICE NOTICE NOTICE NOTICE NOTICE NOTICE NOTICE    **
[    0.201587] *************************************************************
[    0.201974] PM: RTC time: 07:28:31, date: 2022-11-15
[    0.202966] NET: Registered PF_NETLINK/PF_ROUTE protocol family
[    0.203587] DMA: preallocated 256 KiB GFP_KERNEL pool for atomic allocations
[    0.203966] DMA: preallocated 256 KiB GFP_KERNEL|GFP_DMA pool for atomic allocations
[    0.204372] DMA: preallocated 256 KiB GFP_KERNEL|GFP_DMA32 pool for atomic allocations
[    0.204805] audit: initializing netlink subsys (disabled)
[    0.205125] audit: type=2000 audit(1668497311.671:1): state=initialized audit_enabled=0 res=1
[    0.205125] thermal_sys: Registered thermal governor 'fair_share'
[    0.205125] thermal_sys: Registered thermal governor 'bang_bang'
[    0.205125] thermal_sys: Registered thermal governor 'step_wise'
[    0.205125] thermal_sys: Registered thermal governor 'user_space'
[    0.205148] cpuidle: using governor ladder
[    0.207504] cpuidle: using governor menu
[    0.208003] ACPI: bus type PCI registered
[    0.208231] acpiphp: ACPI Hot Plug PCI Controller Driver version: 0.5
[    0.208712] PCI: Using configuration type 1 for base access
[    0.214943] Kprobes globally optimized
[    0.215517] HugeTLB registered 1.00 GiB page size, pre-allocated 0 pages
[    0.215911] HugeTLB registered 2.00 MiB page size, pre-allocated 0 pages
[    0.216451] ACPI: Added _OSI(Module Device)
[    0.219502] ACPI: Added _OSI(Processor Device)
[    0.219756] ACPI: Added _OSI(3.0 _SCP Extensions)
[    0.220025] ACPI: Added _OSI(Processor Aggregator Device)
[    0.220333] ACPI: Added _OSI(Linux-Dell-Video)
[    0.220588] ACPI: Added _OSI(Linux-Lenovo-NV-HDMI-Audio)
[    0.220891] ACPI: Added _OSI(Linux-HPI-Hybrid-Graphics)
[    0.224321] ACPI: 1 ACPI AML tables successfully acquired and loaded
[    0.226625] ACPI: Interpreter enabled
[    0.226903] ACPI: PM: (supports S0 S3 S4 S5)
[    0.227165] ACPI: Using IOAPIC for interrupt routing
[    0.227451] PCI: Using host bridge windows from ACPI; if necessary, use "pci=nocrs" and report a bug
[    0.227915] ACPI: Enabled 2 GPEs in block 00 to 0F
[    0.236750] ACPI: PCI Root Bridge [PCI0] (domain 0000 [bus 00-ff])
[    0.237183] acpi PNP0A03:00: _OSC: OS supports [ASPM ClockPM Segments MSI EDR HPX-Type3]
[    0.237719] acpi PNP0A03:00: fail to add MMCONFIG information, can't access extended PCI configuration space under this bridge.
[    0.239450] acpiphp: Slot [3] registered
[    0.239537] acpiphp: Slot [4] registered
[    0.239800] acpiphp: Slot [5] registered
[    0.240058] acpiphp: Slot [6] registered
[    0.240318] acpiphp: Slot [7] registered
[    0.240577] acpiphp: Slot [8] registered
[    0.240843] acpiphp: Slot [9] registered
[    0.241102] acpiphp: Slot [10] registered
[    0.241364] acpiphp: Slot [11] registered
[    0.241626] acpiphp: Slot [12] registered
[    0.241891] acpiphp: Slot [13] registered
[    0.242162] acpiphp: Slot [14] registered
[    0.242427] acpiphp: Slot [15] registered
[    0.242728] acpiphp: Slot [16] registered
[    0.243030] acpiphp: Slot [17] registered
[    0.243327] acpiphp: Slot [18] registered
[    0.243540] acpiphp: Slot [19] registered
[    0.243837] acpiphp: Slot [20] registered
[    0.244133] acpiphp: Slot [21] registered
[    0.244426] acpiphp: Slot [22] registered
[    0.244719] acpiphp: Slot [23] registered
[    0.245014] acpiphp: Slot [24] registered
[    0.245309] acpiphp: Slot [25] registered
[    0.245603] acpiphp: Slot [26] registered
[    0.245899] acpiphp: Slot [27] registered
[    0.246194] acpiphp: Slot [28] registered
[    0.246495] acpiphp: Slot [29] registered
[    0.246793] acpiphp: Slot [30] registered
[    0.247085] acpiphp: Slot [31] registered
[    0.247353] PCI host bridge to bus 0000:00
[    0.247501] pci_bus 0000:00: root bus resource [io  0x0000-0x0cf7 window]
[    0.247930] pci_bus 0000:00: root bus resource [io  0x0d00-0xffff window]
[    0.248357] pci_bus 0000:00: root bus resource [mem 0x000a0000-0x000bffff window]
[    0.248825] pci_bus 0000:00: root bus resource [mem 0x80000000-0xfebfffff window]
[    0.249294] pci_bus 0000:00: root bus resource [mem 0x100000000-0x17fffffff window]
[    0.249790] pci_bus 0000:00: root bus resource [bus 00-ff]
[    0.250615] pci 0000:00:00.0: [8086:1237] type 00 class 0x060000
[    0.253369] pci 0000:00:01.0: [8086:7000] type 00 class 0x060100
[    0.254389] pci 0000:00:01.1: [8086:7010] type 00 class 0x010180
[    0.256112] pci 0000:00:01.1: reg 0x20: [io  0xc040-0xc04f]
[    0.257047] pci 0000:00:01.1: legacy IDE quirk: reg 0x10: [io  0x01f0-0x01f7]
[    0.257495] pci 0000:00:01.1: legacy IDE quirk: reg 0x14: [io  0x03f6]
[    0.257911] pci 0000:00:01.1: legacy IDE quirk: reg 0x18: [io  0x0170-0x0177]
[    0.258367] pci 0000:00:01.1: legacy IDE quirk: reg 0x1c: [io  0x0376]
[    0.259378] pci 0000:00:01.3: [8086:7113] type 00 class 0x068000
[    0.259714] pci 0000:00:01.3: quirk: [io  0x0600-0x063f] claimed by PIIX4 ACPI
[    0.260169] pci 0000:00:01.3: quirk: [io  0x0700-0x070f] claimed by PIIX4 SMB
[    0.261541] pci 0000:00:02.0: [1234:1111] type 00 class 0x030000
[    0.263102] pci 0000:00:02.0: reg 0x10: [mem 0xfd000000-0xfdffffff pref]
[    0.264918] pci 0000:00:02.0: reg 0x18: [mem 0xfebf0000-0xfebf0fff]
[    0.267690] pci 0000:00:02.0: reg 0x30: [mem 0xfebe0000-0xfebeffff pref]
[    0.270344] pci 0000:00:03.0: [8086:100e] type 00 class 0x020000
[    0.271168] pci 0000:00:03.0: reg 0x10: [mem 0xfebc0000-0xfebdffff]
[    0.271859] pci 0000:00:03.0: reg 0x14: [io  0xc000-0xc03f]
[    0.274371] pci 0000:00:03.0: reg 0x30: [mem 0xfeb80000-0xfebbffff pref]
[    0.282143] ACPI: PCI: Interrupt link LNKA configured for IRQ 10
[    0.282730] ACPI: PCI: Interrupt link LNKB configured for IRQ 10
[    0.283293] ACPI: PCI: Interrupt link LNKC configured for IRQ 11
[    0.283718] ACPI: PCI: Interrupt link LNKD configured for IRQ 11
[    0.284169] ACPI: PCI: Interrupt link LNKS configured for IRQ 9
[    0.285071] iommu: Default domain type: Translated 
[    0.285071] iommu: DMA domain TLB invalidation policy: lazy mode 
[    0.285071] pci 0000:00:02.0: vgaarb: setting as boot VGA device
[    0.285071] pci 0000:00:02.0: vgaarb: VGA device added: decodes=io+mem,owns=io+mem,locks=none
[    0.285071] pci 0000:00:02.0: vgaarb: bridge control possible
[    0.285071] vgaarb: loaded
[    0.287681] SCSI subsystem initialized
[    0.287925] ACPI: bus type USB registered
[    0.287925] usbcore: registered new interface driver usbfs
[    0.288185] usbcore: registered new interface driver hub
[    0.288501] usbcore: registered new device driver usb
[    0.288836] pps_core: LinuxPPS API ver. 1 registered
[    0.289121] pps_core: Software ver. 5.3.6 - Copyright 2005-2007 Rodolfo Giometti <giometti@linux.it>
[    0.289640] PTP clock support registered
[    0.289913] EDAC MC: Ver: 3.0.0
[    0.289913] NetLabel: Initializing
[    0.291499] NetLabel:  domain hash size = 128
[    0.291749] NetLabel:  protocols = UNLABELED CIPSOv4 CALIPSO
[    0.292092] NetLabel:  unlabeled traffic allowed by default
[    0.292433] PCI: Using ACPI for IRQ routing
[    0.292433] hpet0: at MMIO 0xfed00000, IRQs 2, 8, 0
[    0.292433] hpet0: 3 comparators, 64-bit 100.000000 MHz counter
[    0.297609] clocksource: Switched to clocksource kvm-clock
[    0.324656] VFS: Disk quotas dquot_6.6.0
[    0.324924] VFS: Dquot-cache hash table entries: 512 (order 0, 4096 bytes)
[    0.325415] pnp: PnP ACPI init
[    0.326632] pnp: PnP ACPI: found 6 devices
[    0.474477] clocksource: acpi_pm: mask: 0xffffff max_cycles: 0xffffff, max_idle_ns: 2085701024 ns
[    0.475276] NET: Registered PF_INET protocol family
[    0.476264] IP idents hash table entries: 32768 (order: 6, 262144 bytes, linear)
[    0.477024] tcp_listen_portaddr_hash hash table entries: 1024 (order: 2, 16384 bytes, linear)
[    0.477532] TCP established hash table entries: 16384 (order: 5, 131072 bytes, linear)
[    0.478055] TCP bind hash table entries: 16384 (order: 6, 262144 bytes, linear)
[    0.478560] TCP: Hash tables configured (established 16384 bind 16384)
[    0.478976] UDP hash table entries: 1024 (order: 3, 32768 bytes, linear)
[    0.479378] UDP-Lite hash table entries: 1024 (order: 3, 32768 bytes, linear)
[    0.479849] NET: Registered PF_UNIX/PF_LOCAL protocol family
[    0.481345] RPC: Registered named UNIX socket transport module.
[    0.481708] RPC: Registered udp transport module.
[    0.481985] RPC: Registered tcp transport module.
[    0.482261] RPC: Registered tcp NFSv4.1 backchannel transport module.
[    0.482649] pci_bus 0000:00: resource 4 [io  0x0000-0x0cf7 window]
[    0.483023] pci_bus 0000:00: resource 5 [io  0x0d00-0xffff window]
[    0.483389] pci_bus 0000:00: resource 6 [mem 0x000a0000-0x000bffff window]
[    0.483800] pci_bus 0000:00: resource 7 [mem 0x80000000-0xfebfffff window]
[    0.484207] pci_bus 0000:00: resource 8 [mem 0x100000000-0x17fffffff window]
[    0.484765] pci 0000:00:01.0: PIIX3: Enabling Passive Release
[    0.485116] pci 0000:00:00.0: Limiting direct PCI/PCI transfers
[    0.485478] pci 0000:00:01.0: Activating ISA DMA hang workarounds
[    0.485898] pci 0000:00:02.0: Video device with shadowed ROM at [mem 0x000c0000-0x000dffff]
[    0.486406] PCI: CLS 0 bytes, default 64
[    0.486784] clocksource: tsc: mask: 0xffffffffffffffff max_cycles: 0x363e8c91135, max_idle_ns: 881590568389 ns
[    2.192352] Initialise system trusted keyrings
[    2.192659] Key type blacklist registered
[    2.193075] workingset: timestamp_bits=36 max_order=19 bucket_order=0
[    2.196882] zbud: loaded
[    2.197533] squashfs: version 4.0 (2009/01/31) Phillip Lougher
[    2.198435] NFS: Registering the id_resolver key type
[    2.198748] Key type id_resolver registered
[    2.199007] Key type id_legacy registered
[    2.199286] nfs4filelayout_init: NFSv4 File Layout Driver Registering...
[    2.199696] nfs4flexfilelayout_init: NFSv4 Flexfile Layout Driver Registering...
[    2.200183] fuse: init (API version 7.34)
[    2.200534] SGI XFS with ACLs, security attributes, realtime, quota, no debug enabled
[    2.201654] 9p: Installing v9fs 9p2000 file system support
[    2.208059] Key type asymmetric registered
[    2.208346] Asymmetric key parser 'x509' registered
[    2.208734] Block layer SCSI generic (bsg) driver version 0.4 loaded (major 244)
[    2.209384] io scheduler mq-deadline registered
[    2.209729] io scheduler bfq registered
[    2.210332] shpchp: Standard Hot Plug PCI Controller Driver version: 0.4
[    2.210894] IPMI message handler: version 39.2
[    2.211194] ipmi device interface
[    2.212182] input: Power Button as /devices/LNXSYSTM:00/LNXPWRBN:00/input/input0
[    2.212727] ACPI: button: Power Button [PWRF]
[    2.213634] ERST DBG: ERST support is disabled.
[    2.214165] Serial: 8250/16550 driver, 32 ports, IRQ sharing enabled
[    2.214846] 00:04: ttyS0 at I/O 0x3f8 (irq = 4, base_baud = 115200) is a 16550A
[    2.220008] Linux agpgart interface v0.103
[    2.226413] brd: module loaded
[    2.229572] loop: module loaded
[    2.231986] scsi host0: ata_piix
[    2.232563] scsi host1: ata_piix
[    2.232842] ata1: PATA max MWDMA2 cmd 0x1f0 ctl 0x3f6 bmdma 0xc040 irq 14
[    2.233280] ata2: PATA max MWDMA2 cmd 0x170 ctl 0x376 bmdma 0xc048 irq 15
[    2.234031] libphy: Fixed MDIO Bus: probed
[    2.234449] tun: Universal TUN/TAP device driver, 1.6
[    2.234856] e100: Intel(R) PRO/100 Network Driver
[    2.235164] e100: Copyright(c) 1999-2006 Intel Corporation
[    2.235558] e1000: Intel(R) PRO/1000 Network Driver
[    2.235872] e1000: Copyright (c) 1999-2006 Intel Corporation.
[    2.302928] ACPI: \_SB_.LNKC: Enabled at IRQ 11
[    2.392326] ata1.00: ATA-7: QEMU HARDDISK, 2.5+, max UDMA/100
[    2.392677] ata1.00: 16777216 sectors, multi 16: LBA48 
[    2.393085] ata1.00: Read log page 0x00 failed, Emask 0x1
[    2.393399] ata1.00: ATA Identify Device Log not supported
[    2.393863] ata2.00: ATAPI: QEMU DVD-ROM, 2.5+, max UDMA/100
[    2.394855] ata1.00: Read log page 0x00 failed, Emask 0x1
[    2.395172] ata1.00: ATA Identify Device Log not supported
[    2.395660] scsi 0:0:0:0: Direct-Access     ATA      QEMU HARDDISK    2.5+ PQ: 0 ANSI: 5
[    2.396347] scsi 0:0:0:0: Attached scsi generic sg0 type 0
[    2.397068] scsi 1:0:0:0: CD-ROM            QEMU     QEMU DVD-ROM     2.5+ PQ: 0 ANSI: 5
[    2.397884] sd 0:0:0:0: [sda] 16777216 512-byte logical blocks: (8.59 GB/8.00 GiB)
[    2.399067] scsi 1:0:0:0: Attached scsi generic sg1 type 5
[    2.399433] sd 0:0:0:0: [sda] Write Protect is off
[    2.399784] sd 0:0:0:0: [sda] Write cache: enabled, read cache: enabled, doesn't support DPO or FUA
[    2.435643] sd 0:0:0:0: [sda] Attached SCSI disk
[    2.621664] e1000 0000:00:03.0 eth0: (PCI:33MHz:32-bit) 52:54:00:12:34:56
[    2.622080] e1000 0000:00:03.0 eth0: Intel(R) PRO/1000 Network Connection
[    2.622520] e1000e: Intel(R) PRO/1000 Network Driver
[    2.622808] e1000e: Copyright(c) 1999 - 2015 Intel Corporation.
[    2.623193] igb: Intel(R) Gigabit Ethernet Network Driver
[    2.623516] igb: Copyright (c) 2007-2014 Intel Corporation.
[    2.623900] PPP generic driver version 2.4.2
[    2.624684] VFIO - User Level meta-driver version: 0.3
[    2.625027] ehci_hcd: USB 2.0 'Enhanced' Host Controller (EHCI) Driver
[    2.625411] ehci-pci: EHCI PCI platform driver
[    2.625683] ehci-platform: EHCI generic platform driver
[    2.625993] ohci_hcd: USB 1.1 'Open' Host Controller (OHCI) Driver
[    2.626348] ohci-pci: OHCI PCI platform driver
[    2.626621] ohci-platform: OHCI generic platform driver
[    2.626950] uhci_hcd: USB Universal Host Controller Interface driver
[    2.627597] usbcore: registered new interface driver uas
[    2.627942] usbcore: registered new interface driver usb-storage
[    2.628350] i8042: PNP: PS/2 Controller [PNP0303:KBD,PNP0f13:MOU] at 0x60,0x64 irq 1,12
[    2.629500] serio: i8042 KBD port at 0x60,0x64 irq 1
[    2.629805] serio: i8042 AUX port at 0x60,0x64 irq 12
[    2.630535] mousedev: PS/2 mouse device common for all mice
[    2.631278] input: AT Translated Set 2 keyboard as /devices/platform/i8042/serio0/input/input1
[    2.631660] rtc_cmos 00:05: RTC can wake from S4
[    2.632823] rtc_cmos 00:05: registered as rtc0
[    2.633397] rtc_cmos 00:05: setting system clock to 2022-11-15T07:28:33 UTC (1668497313)
[    2.634420] rtc_cmos 00:05: alarms up to one day, y3k, 242 bytes nvram, hpet irqs
[    2.634498] input: VirtualPS/2 VMware VMMouse as /devices/platform/i8042/serio1/input/input4
[    2.635206] i2c_dev: i2c /dev entries driver
[    2.636158] device-mapper: core: CONFIG_IMA_DISABLE_HTABLE is disabled. Duplicate IMA measurements will not be recorded in the IMA log.
[    2.637445] device-mapper: uevent: version 1.0.3
[    2.638051] device-mapper: ioctl: 4.45.0-ioctl (2021-03-22) initialised: dm-devel@redhat.com
[    2.639078] intel_pstate: CPU model not supported
[    2.639421] sdhci: Secure Digital Host Controller Interface driver
[    2.639806] sdhci: Copyright(c) Pierre Ossman
[    2.640162] sdhci-pltfm: SDHCI platform and OF driver helper
[    2.640239] input: VirtualPS/2 VMware VMMouse as /devices/platform/i8042/serio1/input/input3
[    2.641092] ledtrig-cpu: registered to indicate activity on CPUs
[    2.641627] drop_monitor: Initializing network drop monitor service
[    2.642319] NET: Registered PF_INET6 protocol family
[    2.643571] Segment Routing with IPv6
[    2.643824] In-situ OAM (IOAM) with IPv6
[    2.644104] NET: Registered PF_PACKET protocol family
[    2.644575] 9pnet: Installing 9P2000 support
[    2.644875] Key type dns_resolver registered
[    2.645621] IPI shorthand broadcast: enabled
[    2.645922] sched_clock: Marking stable (2639470582, 5971007)->(2670263415, -24821826)
[    2.646687] registered taskstats version 1
[    2.647013] Loading compiled-in X.509 certificates
[    2.647384] zswap: loaded using pool lzo/zbud
[    2.647863] Key type ._fscrypt registered
[    2.648334] Key type .fscrypt registered
[    2.648631] Key type fscrypt-provisioning registered
[    2.649493] Key type encrypted registered
[    2.649779] ima: No TPM chip found, activating TPM-bypass!
[    2.650149] ima: Allocated hash algorithm: sha1
[    2.650454] ima: No architecture policies found
[    2.650774] evm: Initialising EVM extended attributes:
[    2.651120] evm: security.selinux
[    2.651341] evm: security.SMACK64
[    2.651576] evm: security.SMACK64EXEC
[    2.651818] evm: security.SMACK64TRANSMUTE
[    2.652091] evm: security.SMACK64MMAP
[    2.652334] evm: security.apparmor
[    2.652561] evm: security.ima
[    2.652759] evm: security.capability
[    2.652995] evm: HMAC attrs: 0x1
[    2.653831] PM:   Magic number: 14:823:470
[    2.654389] RAS: Correctable Errors collector initialized.
[    2.654990] md: Waiting for all devices to be available before autodetect
[    2.655444] md: If you don't use raid, use raid=noautodetect
[    2.655843] md: Autodetecting RAID arrays.
[    2.656124] md: autorun ...
[    2.656313] md: ... autorun DONE.
[    2.660236] EXT4-fs (sda): INFO: recovery required on readonly filesystem
[    2.660686] EXT4-fs (sda): write access will be enabled during recovery
[    2.683550] EXT4-fs (sda): recovery complete
[    2.685904] EXT4-fs (sda): mounted filesystem with ordered data mode. Opts: (null). Quota mode: none.
[    2.686562] VFS: Mounted root (ext4 filesystem) readonly on device 8:0.
[    2.687369] devtmpfs: mounted
[    2.692852] Freeing unused decrypted memory: 2036K
[    2.694523] Freeing unused kernel image (initmem) memory: 3080K
[    2.694899] Write protecting the kernel read-only data: 38912k
[    2.697291] Freeing unused kernel image (text/rodata gap) memory: 2028K
[    2.698273] Freeing unused kernel image (rodata/data gap) memory: 740K
[    2.770637] x86/mm: Checked W+X mappings: passed, no W+X pages found.
[    2.771059] Run /sbin/init as init process
[    2.797834] random: fast init done
[    2.821091] systemd[1]: RTC configured in localtime, applying delta of 0 minutes to system time.
[    2.834702] systemd[1]: systemd 239 (239-49.el8) running in system mode. (+PAM +AUDIT +SELINUX +IMA -APPARMOR +SMACK +SYSVINIT +UTMP +LIBCRYPTSETUP +GCRYPT +GNUTLS +ACL +XZ +LZ4 +SECCOMP +BLKID +ELFUTILS +KMOD +IDN2 -IDN +PCRE2 default-hierarchy=legacy)
[    2.836168] systemd[1]: Detected virtualization kvm.
[    2.836462] systemd[1]: Detected architecture x86-64.

Welcome to [0;31mCentOS Stream 8[0m!

[    2.859460] systemd[1]: Set hostname to <test>.
[    2.927918] random: lvmconfig: uninitialized urandom read (4 bytes read)
[    2.986058] random: systemd: uninitialized urandom read (16 bytes read)
[    2.987739] systemd[1]: Created slice system-serial\x2dgetty.slice.
[[0;32m  OK  [0m] Created slice system-serial\x2dgetty.slice.
[    2.988711] random: systemd: uninitialized urandom read (16 bytes read)
[    2.991962] systemd[1]: Listening on Process Core Dump Socket.
[[0;32m  OK  [0m] Listening on Process Core Dump Socket.
[    2.992975] systemd[1]: Listening on RPCbind Server Activation Socket.
[[0;32m  OK  [0m] Listening on RPCbind Server Activation Socket.
[    2.993989] systemd[1]: Listening on Journal Socket (/dev/log).
[[0;32m  OK  [0m] Listening on Journal Socket (/dev/log).
[    2.995171] systemd[1]: Created slice User and Session Slice.
[[0;32m  OK  [0m] Created slice User and Session Slice.
[    2.996022] systemd[1]: Reached target Slices.
[[0;32m  OK  [0m] Reached target Slices.
[[0;32m  OK  [0m] Listening on Device-mapper event daemon FIFOs.
[[0;32m  OK  [0m] Listening on udev Control Socket.
[[0;32m  OK  [0m] Reached target Swap.
[[0;32m  OK  [0m] Listening on Journal Socket.
         Mounting Huge Pages File System...
         Mounting Kernel Debug File System...
[[0;32m  OK  [0m] Set up automount Arbitrary Executabâ€¦rmats File System Automount Point.
         Starting Monitoring of LVM2 mirrorsâ€¦ng dmeventd or progress polling...
[[0;32m  OK  [0m] Listening on multipathd control socket.
         Starting Journal Service...
[[0;32m  OK  [0m] Started Forward Password Requests to Wall Directory Watch.
         Starting Setup Virtual Console...
[[0;32m  OK  [0m] Listening on LVM2 poll daemon socket.
[[0;32m  OK  [0m] Listening on udev Kernel Socket.
         Starting udev Coldplug all Devices...
[[0;32m  OK  [0m] Created slice system-sshd\x2dkeygen.slice.
[[0;32m  OK  [0m] Reached target RPC Port Mapper.
[[0;32m  OK  [0m] Created slice system-getty.slice.
         Mounting POSIX Message Queue File System...
         Starting Load Kernel Modules...
[[0;32m  OK  [0m] Listening on initctl Compatibility Named Pipe.
         Starting Remount Root and Kernel File Systems...
[[0;32m  OK  [0m] Mounted Huge Pages File System.
[[0;32m  OK  [0m] Started Journal Service.
[[0;32m  OK  [0m] Mounted Kernel Debug File System.
[[0;32m  OK  [0m] Mounted POSIX Message Queue File System.
[[0;1;31mFAILED[0m] Failed to start Load Kernel Modules.
See 'systemctl status systemd-modules-load.service' for details.
         Mounting Kernel Configuration File System...
         Starting Apply Kernel Variables...
         Mounting FUSE Control File System...
[[0;32m  OK  [0m] Mounted Kernel Configuration File System.
[[0;32m  OK  [0m] Started Apply Kernel Variables.
[[0;32m  OK  [0m] Mounted FUSE Control File System.
[[0;32m  OK  [0m] Started udev Coldplug all Devices.
         Starting udev Wait for Complete Device Initialization...
[[0;32m  OK  [0m] Started Setup Virtual Console.
[    3.373909] EXT4-fs (sda): re-mounted. Opts: (null). Quota mode: none.
[[0;32m  OK  [0m] Started Remount Root and Kernel File Systems.
         Starting Load/Save Random Seed...
         Starting Create Static Device Nodes in /dev...
         Starting Flush Journal to Persistent Storage...
[[0;32m  OK  [0m] Started Load/Save Random Seed.
[[0;32m  OK  [0m] Started Create Static Device Nodes in /dev.
         Starting udev Kernel Device Manager...
[[0;32m  OK  [0m] Started Flush Journal to Persistent Storage.
[[0;32m  OK  [0m] Started udev Kernel Device Manager.
         Starting Show Plymouth Boot Screen...
[[0;32m  OK  [0m] Started Show Plymouth Boot Screen.
[[0;32m  OK  [0m] Reached target Paths.
[[0;32m  OK  [0m] Reached target Local Encrypted Volumes.
[[0;32m  OK  [0m] Started Forward Password Requests to Plymouth Directory Watch.
[[0;32m  OK  [0m] Found device /dev/ttyS0.
[[0;32m  OK  [0m] Started Monitoring of LVM2 mirrors,â€¦sing dmeventd or progress polling.
[[0;32m  OK  [0m] Listening on Load/Save RF Kill Switch Status /dev/rfkill Watch.
[[0;32m  OK  [0m] Started udev Wait for Complete Device Initialization.
[[0;32m  OK  [0m] Reached target Local File Systems (Pre).
[[0;32m  OK  [0m] Reached target Local File Systems.
         Starting Tell Plymouth To Write Out Runtime Data...
         Starting Restore /run/initramfs on shutdown...
         Starting Create Volatile Files and Directories...
[[0;32m  OK  [0m] Started Restore /run/initramfs on shutdown.
[[0;32m  OK  [0m] Started Tell Plymouth To Write Out Runtime Data.
[[0;32m  OK  [0m] Started Create Volatile Files and Directories.
         Mounting RPC Pipe File System...
         Starting Security Auditing Service...
         Starting RPC Bind...
[[0;32m  OK  [0m] Mounted RPC Pipe File System.
[[0;32m  OK  [0m] Reached target rpc_pipefs.target.
[[0;32m  OK  [0m] Started RPC Bind.
[[0;32m  OK  [0m] Started Security Auditing Service.
         Starting Update UTMP about System Boot/Shutdown...
[[0;32m  OK  [0m] Started Update UTMP about System Boot/Shutdown.
[[0;32m  OK  [0m] Reached target System Initialization.
[[0;32m  OK  [0m] Started Daily Cleanup of Temporary Directories.
[[0;32m  OK  [0m] Listening on D-Bus System Message Bus Socket.
[[0;32m  OK  [0m] Started dnf makecache --timer.
[[0;32m  OK  [0m] Listening on SSSD Kerberos Cache Manager responder socket.
[[0;32m  OK  [0m] Reached target Sockets.
[[0;32m  OK  [0m] Started daily update of the root trust anchor for DNSSEC.
[[0;32m  OK  [0m] Reached target Timers.
[[0;32m  OK  [0m] Reached target Basic System.
         Starting Self Monitoring and Reporting Technology (SMART) Daemon...
         Starting NTP client/server...
[[0;32m  OK  [0m] Started D-Bus System Message Bus.
         Starting Login Service...
         Starting Authorization Manager...
         Starting Auto-connect to subsystemsâ€¦-NVME devices found during boot...
[[0;32m  OK  [0m] Started Machine Check Exception Logging Daemon.
         Starting Network Manager...
[[0;32m  OK  [0m] Reached target sshd-keygen.target.
[[0;32m  OK  [0m] Started irqbalance daemon.
[[0;32m  OK  [0m] Started Auto-connect to subsystems â€¦FC-NVME devices found during boot.
[[0;32m  OK  [0m] Started Self Monitoring and Reporting Technology (SMART) Daemon.
[[0;32m  OK  [0m] Started Login Service.
[[0;32m  OK  [0m] Started NTP client/server.
[[0;32m  OK  [0m] Started Network Manager.
[[0;32m  OK  [0m] Reached target Network.
         Starting GSSAPI Proxy Daemon...
         Starting OpenSSH server daemon...
         Starting Dynamic System Tuning Daemon...
         Starting Network Manager Wait Online...
         Starting Hostname Service...
[[0;32m  OK  [0m] Started Authorization Manager.
[[0;32m  OK  [0m] Started Hostname Service.
         Starting Network Manager Script Dispatcher Service...
[[0;32m  OK  [0m] Started Network Manager Script Dispatcher Service.
[    4.263538] e1000: eth0 NIC Link is Up 1000 Mbps Full Duplex, Flow Control: RX
[    4.264296] IPv6: ADDRCONF(NETDEV_CHANGE): eth0: link becomes ready
[[0;32m  OK  [0m] Started Dynamic System Tuning Daemon.
[[0;32m  OK  [0m] Started Network Manager Wait Online.
[[0;32m  OK  [0m] Reached target Network is Online.
         Starting System Logging Service...
         Starting Notify NFS peers of a restart...
[[0;32m  OK  [0m] Started Notify NFS peers of a restart.
[[0;32m  OK  [0m] Started System Logging Service.
[    5.511535] random: crng init done
[    5.511859] random: 7 urandom warning(s) missed due to ratelimiting
[[0;32m  OK  [0m] Started GSSAPI Proxy Daemon.
[[0;32m  OK  [0m] Reached target NFS client services.
[[0;32m  OK  [0m] Reached target Remote File Systems (Pre).
[[0;32m  OK  [0m] Reached target Remote File Systems.
         Starting Permit User Sessions...
[[0;32m  OK  [0m] Started OpenSSH server daemon.
[[0;32m  OK  [0m] Started Permit User Sessions.
         Starting Terminate Plymouth Boot Screen...
         Starting Hold until boot process finishes up...
[[0;32m  OK  [0m] Started Command Scheduler.

CentOS Stream 8
Kernel 5.15.0-73d21a357981+ on an x86_64

test login: [   27.915998] BUG: using smp_processor_id() in preemptible [00000000] code: repro/560
[   27.916512] caller is debug_smp_processor_id+0x1c/0x20
[   27.916826] CPU: 0 PID: 560 Comm: repro Not tainted 5.15.0-73d21a357981+ #1
[   27.917240] Hardware name: QEMU Standard PC (i440FX + PIIX, 1996), BIOS rel-1.14.0-0-g155821a1990b-prebuilt.qemu.org 04/01/2014
[   27.917916] Call Trace:
[   27.918068]  dump_stack_lvl+0x89/0xb5
[   27.918303]  dump_stack+0x15/0x17
[   27.918510]  check_preemption_disabled+0x167/0x180
[   27.918803]  ? text_poke_bp_batch+0x83/0x290
[   27.919070]  ? text_poke_loc_init+0x140/0x140
[   27.919341]  debug_smp_processor_id+0x1c/0x20
[   27.919612]  perf_ftrace_function_call+0x81/0x280
[   27.919904]  ? 0xffffffffa00dc099
[   27.920109]  ? write_comp_data+0x2f/0x90
[   27.920356]  ? __sanitizer_cov_trace_pc+0x21/0x50
[   27.920647]  ? write_comp_data+0x2f/0x90
[   27.920895]  0xffffffffa00dc099
[   27.921092]  ? __text_poke+0x4b0/0x4b0
[   27.921328]  ? __text_poke+0x5/0x4b0
[   27.921555]  __text_poke+0x5/0x4b0
[   27.921772]  text_poke_bp_batch+0x83/0x290
[   27.922035]  ? __text_poke+0x5/0x4b0
[   27.922268]  ? text_poke_bp_batch+0x83/0x290
[   27.922540]  ? 0xffffffffa00dc000
[   27.922748]  ? __x64_sys_set_thread_area+0x30/0x30
[   27.923061]  text_poke_queue+0xa7/0xc0
[   27.923300]  ftrace_replace_code+0xfd/0x170
[   27.923570]  ftrace_modify_all_code+0x1b1/0x270
[   27.923859]  arch_ftrace_update_code+0x9/0x10
[   27.924139]  ftrace_run_update_code+0x30/0xa0
[   27.924418]  ftrace_startup_enable+0x5e/0xa0
[   27.924693]  ftrace_startup+0x16a/0x240
[   27.924943]  register_ftrace_function+0x41/0x90
[   27.925238]  perf_ftrace_event_register+0xc1/0xf0
[   27.925548]  perf_trace_event_init+0x9d/0x4c0
[   27.925837]  perf_trace_init+0xd8/0x160
[   27.926092]  perf_tp_event_init+0x5c/0xa0
[   27.926364]  perf_try_init_event+0x88/0x270
[   27.926649]  perf_event_alloc+0xda2/0x1810
[   27.926930]  ? _raw_spin_unlock+0x1a/0x30
[   27.927201]  ? alloc_fd+0x159/0x260
[   27.927443]  __do_sys_perf_event_open+0x3c7/0x1a10
[   27.927764]  ? write_comp_data+0x2f/0x90
[   27.928033]  __x64_sys_perf_event_open+0x2b/0x30
[   27.928342]  do_syscall_64+0x37/0x80
[   27.928587]  entry_SYSCALL_64_after_hwframe+0x44/0xae
[   27.928926] RIP: 0033:0x7f8fe3b8a59d
[   27.929169] Code: 00 c3 66 2e 0f 1f 84 00 00 00 00 00 90 f3 0f 1e fa 48 89 f8 48 89 f7 48 89 d6 48 89 ca 4d 89 c2 4d 89 c8 4c 8b 4c 24 08 0f 05 <48> 3d 01 f0 ff ff 73 01 c3 48 8b 0d d3 08 0d 00 f7 d8 64 89 01 48
[   27.930368] RSP: 002b:00007ffccff36fb8 EFLAGS: 00000246 ORIG_RAX: 000000000000012a
[   27.930867] RAX: ffffffffffffffda RBX: 0000000000000000 RCX: 00007f8fe3b8a59d
[   27.931331] RDX: 0000000000000000 RSI: 0000000000000000 RDI: 00000000200001c0
[   27.931796] RBP: 00007ffccff36fc0 R08: 0000000000000000 R09: 00007ffccff36ff0
[   27.932260] R10: 00000000ffffffff R11: 0000000000000246 R12: 0000000000401180
[   27.932726] R13: 00007ffccff370e0 R14: 0000000000000000 R15: 0000000000000000
[   27.933221] BUG: using smp_processor_id() in preemptible [00000000] code: repro/560
[   27.933734] caller is debug_smp_processor_id+0x1c/0x20
[   27.934081] CPU: 0 PID: 560 Comm: repro Not tainted 5.15.0-73d21a357981+ #1
[   27.934553] Hardware name: QEMU Standard PC (i440FX + PIIX, 1996), BIOS rel-1.14.0-0-g155821a1990b-prebuilt.qemu.org 04/01/2014
[   27.935319] Call Trace:
[   27.935487]  dump_stack_lvl+0x89/0xb5
[   27.935729]  dump_stack+0x15/0x17
[   27.935932]  check_preemption_disabled+0x167/0x180
[   27.936224]  ? text_poke_bp_batch+0x83/0x290
[   27.936508]  ? text_poke_loc_init+0x140/0x140
[   27.936771]  debug_smp_processor_id+0x1c/0x20
[   27.937033]  perf_ftrace_function_call+0x81/0x280
[   27.937320]  ? 0xffffffffa00dc099
[   27.937536]  ? write_comp_data+0x2f/0x90
[   27.937783]  ? __sanitizer_cov_trace_pc+0x21/0x50
[   27.938068]  ? write_comp_data+0x2f/0x90
[   27.938305]  0xffffffffa00dc099
[   27.938496]  ? text_poke_bp_batch+0x290/0x290
[   27.938780]  ? __text_poke+0x5/0x4b0
[   27.939029]  __text_poke+0x5/0x4b0
[   27.939263]  text_poke_bp_batch+0x83/0x290
[   27.939543]  ? __text_poke+0x5/0x4b0
[   27.939788]  ? text_poke_bp_batch+0x83/0x290
[   27.940056]  ? 0xffffffffa00dc000
[   27.940255]  ? __x64_sys_set_thread_area+0x30/0x30
[   27.940543]  text_poke_queue+0xa7/0xc0
[   27.940770]  ftrace_replace_code+0xfd/0x170
[   27.941046]  ftrace_modify_all_code+0x1b1/0x270
[   27.941323]  arch_ftrace_update_code+0x9/0x10
[   27.941587]  ftrace_run_update_code+0x30/0xa0
[   27.941849]  ftrace_startup_enable+0x5e/0xa0
[   27.942112]  ftrace_startup+0x16a/0x240
[   27.942363]  register_ftrace_function+0x41/0x90
[   27.942635]  perf_ftrace_event_register+0xc1/0xf0
[   27.942942]  perf_trace_event_init+0x9d/0x4c0
[   27.943237]  perf_trace_init+0xd8/0x160
[   27.943498]  perf_tp_event_init+0x5c/0xa0
[   27.943750]  perf_try_init_event+0x88/0x270
[   27.944004]  perf_event_alloc+0xda2/0x1810
[   27.944251]  ? _raw_spin_unlock+0x1a/0x30
[   27.944524]  ? alloc_fd+0x159/0x260
[   27.944742]  __do_sys_perf_event_open+0x3c7/0x1a10
[   27.945029]  ? write_comp_data+0x2f/0x90
[   27.945269]  __x64_sys_perf_event_open+0x2b/0x30
[   27.945545]  do_syscall_64+0x37/0x80
[   27.945800]  entry_SYSCALL_64_after_hwframe+0x44/0xae
[   27.946105] RIP: 0033:0x7f8fe3b8a59d
[   27.946320] Code: 00 c3 66 2e 0f 1f 84 00 00 00 00 00 90 f3 0f 1e fa 48 89 f8 48 89 f7 48 89 d6 48 89 ca 4d 89 c2 4d 89 c8 4c 8b 4c 24 08 0f 05 <48> 3d 01 f0 ff ff 73 01 c3 48 8b 0d d3 08 0d 00 f7 d8 64 89 01 48
[   27.947481] RSP: 002b:00007ffccff36fb8 EFLAGS: 00000246 ORIG_RAX: 000000000000012a
[   27.947980] RAX: ffffffffffffffda RBX: 0000000000000000 RCX: 00007f8fe3b8a59d
[   27.948402] RDX: 0000000000000000 RSI: 0000000000000000 RDI: 00000000200001c0
[   27.948815] RBP: 00007ffccff36fc0 R08: 0000000000000000 R09: 00007ffccff36ff0
[   27.949257] R10: 00000000ffffffff R11: 0000000000000246 R12: 0000000000401180
[   27.949671] R13: 00007ffccff370e0 R14: 0000000000000000 R15: 0000000000000000
[   27.950096] BUG: using smp_processor_id() in preemptible [00000000] code: repro/560
[   27.950537] caller is debug_smp_processor_id+0x1c/0x20
[   27.950846] CPU: 0 PID: 560 Comm: repro Not tainted 5.15.0-73d21a357981+ #1
[   27.951255] Hardware name: QEMU Standard PC (i440FX + PIIX, 1996), BIOS rel-1.14.0-0-g155821a1990b-prebuilt.qemu.org 04/01/2014
[   27.951923] Call Trace:
[   27.952080]  dump_stack_lvl+0x89/0xb5
[   27.952614]  dump_stack+0x15/0x17
[   27.952826]  check_preemption_disabled+0x167/0x180
[   27.953115]  ? text_poke_bp_batch+0x83/0x290
[   27.953360]  ? text_poke_loc_init+0x140/0x140
[   27.953600]  debug_smp_processor_id+0x1c/0x20
[   27.953858]  perf_ftrace_function_call+0x81/0x280
[   27.954115]  ? 0xffffffffa00dc099
[   27.954296]  ? write_comp_data+0x2f/0x90
[   27.954510]  ? __sanitizer_cov_trace_pc+0x21/0x50
[   27.954793]  ? write_comp_data+0x2f/0x90
[   27.955029]  0xffffffffa00dc099
[   27.955204]  ? do_sync_core+0x30/0x30
[   27.955408]  ? __text_poke+0x5/0x4b0
[   27.955620]  __text_poke+0x5/0x4b0
[   27.955832]  text_poke_bp_batch+0x83/0x290
[   27.956077]  ? __text_poke+0x5/0x4b0
[   27.956277]  ? text_poke_bp_batch+0x83/0x290
[   27.956513]  ? 0xffffffffa00dc000
[   27.956694]  ? __x64_sys_set_thread_area+0x30/0x30
[   27.956955]  text_poke_queue+0xa7/0xc0
[   27.957184]  ftrace_replace_code+0xfd/0x170
[   27.957416]  ftrace_modify_all_code+0x1b1/0x270
[   27.957667]  arch_ftrace_update_code+0x9/0x10
[   27.957907]  ftrace_run_update_code+0x30/0xa0
[   27.958147]  ftrace_startup_enable+0x5e/0xa0
[   27.958406]  ftrace_startup+0x16a/0x240
[   27.958621]  register_ftrace_function+0x41/0x90
[   27.958877]  perf_ftrace_event_register+0xc1/0xf0
[   27.959167]  perf_trace_event_init+0x9d/0x4c0
[   27.959440]  perf_trace_init+0xd8/0x160
[   27.959670]  perf_tp_event_init+0x5c/0xa0
[   27.959894]  perf_try_init_event+0x88/0x270
[   27.960127]  perf_event_alloc+0xda2/0x1810
[   27.960359]  ? _raw_spin_unlock+0x1a/0x30
[   27.960598]  ? alloc_fd+0x159/0x260
[   27.960809]  __do_sys_perf_event_open+0x3c7/0x1a10
[   27.961076]  ? write_comp_data+0x2f/0x90
[   27.961298]  __x64_sys_perf_event_open+0x2b/0x30
[   27.961556]  do_syscall_64+0x37/0x80
[   27.961770]  entry_SYSCALL_64_after_hwframe+0x44/0xae
[   27.962068] RIP: 0033:0x7f8fe3b8a59d
[   27.962274] Code: 00 c3 66 2e 0f 1f 84 00 00 00 00 00 90 f3 0f 1e fa 48 89 f8 48 89 f7 48 89 d6 48 89 ca 4d 89 c2 4d 89 c8 4c 8b 4c 24 08 0f 05 <48> 3d 01 f0 ff ff 73 01 c3 48 8b 0d d3 08 0d 00 f7 d8 64 89 01 48
[   27.963355] RSP: 002b:00007ffccff36fb8 EFLAGS: 00000246 ORIG_RAX: 000000000000012a
[   27.963827] RAX: ffffffffffffffda RBX: 0000000000000000 RCX: 00007f8fe3b8a59d
[   27.964266] RDX: 0000000000000000 RSI: 0000000000000000 RDI: 00000000200001c0
[   27.964674] RBP: 00007ffccff36fc0 R08: 0000000000000000 R09: 00007ffccff36ff0
[   27.965082] R10: 00000000ffffffff R11: 0000000000000246 R12: 0000000000401180
[   27.965522] R13: 00007ffccff370e0 R14: 0000000000000000 R15: 0000000000000000
[   27.966011] BUG: using smp_processor_id() in preemptible [00000000] code: repro/560
[   27.966645] caller is debug_smp_processor_id+0x1c/0x20
[   27.966990] CPU: 0 PID: 560 Comm: repro Not tainted 5.15.0-73d21a357981+ #1
[   27.967448] Hardware name: QEMU Standard PC (i440FX + PIIX, 1996), BIOS rel-1.14.0-0-g155821a1990b-prebuilt.qemu.org 04/01/2014
[   27.968189] Call Trace:
[   27.968357]  dump_stack_lvl+0x89/0xb5
[   27.968686]  dump_stack+0x15/0x17
[   27.968928]  check_preemption_disabled+0x167/0x180
[   27.969248]  ? text_poke_bp_batch+0x83/0x290
[   27.969537]  ? text_poke_loc_init+0x140/0x140
[   27.969832]  debug_smp_processor_id+0x1c/0x20
[   27.970114]  perf_ftrace_function_call+0x81/0x280
[   27.970397]  ? 0xffffffffa00dc099
[   27.970596]  ? write_comp_data+0x2f/0x90
[   27.970847]  ? __sanitizer_cov_trace_pc+0x21/0x50
[   27.971175]  ? write_comp_data+0x2f/0x90
[   27.971440]  0xffffffffa00dc099
[   27.971653]  ? alternatives_smp_module_add+0x160/0x160
[   27.971997]  ? __text_poke+0x5/0x4b0
[   27.972234]  __text_poke+0x5/0x4b0
[   27.972442]  text_poke_bp_batch+0x83/0x290
[   27.972690]  ? __text_poke+0x5/0x4b0
[   27.972907]  ? text_poke_bp_batch+0x83/0x290
[   27.973164]  ? 0xffffffffa00dc000
[   27.973389]  ? __x64_sys_set_thread_area+0x30/0x30
[   27.973676]  text_poke_queue+0xa7/0xc0
[   27.973904]  ftrace_replace_code+0xfd/0x170
[   27.974159]  ftrace_modify_all_code+0x1b1/0x270
[   27.974439]  arch_ftrace_update_code+0x9/0x10
[   27.974734]  ftrace_run_update_code+0x30/0xa0
[   27.975030]  ftrace_startup_enable+0x5e/0xa0
[   27.975320]  ftrace_startup+0x16a/0x240
[   27.975583]  register_ftrace_function+0x41/0x90
[   27.975865]  perf_ftrace_event_register+0xc1/0xf0
[   27.976152]  perf_trace_event_init+0x9d/0x4c0
[   27.976419]  perf_trace_init+0xd8/0x160
[   27.976672]  perf_tp_event_init+0x5c/0xa0
[   27.976939]  perf_try_init_event+0x88/0x270
[   27.977195]  perf_event_alloc+0xda2/0x1810
[   27.977443]  ? _raw_spin_unlock+0x1a/0x30
[   27.977687]  ? alloc_fd+0x159/0x260
[   27.977913]  __do_sys_perf_event_open+0x3c7/0x1a10
[   27.978215]  ? write_comp_data+0x2f/0x90
[   27.978455]  __x64_sys_perf_event_open+0x2b/0x30
[   27.978732]  do_syscall_64+0x37/0x80
[   27.978981]  entry_SYSCALL_64_after_hwframe+0x44/0xae
[   27.979319] RIP: 0033:0x7f8fe3b8a59d
[   27.979562] Code: 00 c3 66 2e 0f 1f 84 00 00 00 00 00 90 f3 0f 1e fa 48 89 f8 48 89 f7 48 89 d6 48 89 ca 4d 89 c2 4d 89 c8 4c 8b 4c 24 08 0f 05 <48> 3d 01 f0 ff ff 73 01 c3 48 8b 0d d3 08 0d 00 f7 d8 64 89 01 48
[   27.980708] RSP: 002b:00007ffccff36fb8 EFLAGS: 00000246 ORIG_RAX: 000000000000012a
[   27.981152] RAX: ffffffffffffffda RBX: 0000000000000000 RCX: 00007f8fe3b8a59d
[   27.981602] RDX: 0000000000000000 RSI: 0000000000000000 RDI: 00000000200001c0
[   27.982017] RBP: 00007ffccff36fc0 R08: 0000000000000000 R09: 00007ffccff36ff0
[   27.982434] R10: 00000000ffffffff R11: 0000000000000246 R12: 0000000000401180
[   27.982917] R13: 00007ffccff370e0 R14: 0000000000000000 R15: 0000000000000000
[   27.983431] BUG: using smp_processor_id() in preemptible [00000000] code: repro/560
[   27.984088] caller is debug_smp_processor_id+0x1c/0x20
[   27.984546] CPU: 0 PID: 560 Comm: repro Not tainted 5.15.0-73d21a357981+ #1
[   27.985083] Hardware name: QEMU Standard PC (i440FX + PIIX, 1996), BIOS rel-1.14.0-0-g155821a1990b-prebuilt.qemu.org 04/01/2014
[   27.985824] Call Trace:
[   27.985993]  dump_stack_lvl+0x89/0xb5
[   27.986247]  dump_stack+0x15/0x17
[   27.986476]  check_preemption_disabled+0x167/0x180
[   27.986797]  ? text_poke_bp_batch+0x83/0x290
[   27.987095]  ? text_poke_loc_init+0x140/0x140
[   27.987390]  debug_smp_processor_id+0x1c/0x20
[   27.987684]  perf_ftrace_function_call+0x81/0x280
[   27.988000]  ? 0xffffffffa00dc099
[   27.988227]  ? write_comp_data+0x2f/0x90
[   27.988492]  ? __sanitizer_cov_trace_pc+0x21/0x50
[   27.988807]  ? write_comp_data+0x2f/0x90
[   27.989075]  0xffffffffa00dc099
[   27.989288]  ? alternatives_smp_module_del+0x90/0x90
[   27.989619]  ? __text_poke+0x5/0x4b0
[   27.989863]  __text_poke+0x5/0x4b0
[   27.990097]  text_poke_bp_batch+0x83/0x290
[   27.990375]  ? __text_poke+0x5/0x4b0
[   27.990620]  ? text_poke_bp_batch+0x83/0x290
[   27.990911]  ? 0xffffffffa00dc000
[   27.991137]  ? __x64_sys_set_thread_area+0x30/0x30
[   27.991465]  text_poke_queue+0xa7/0xc0
[   27.991723]  ftrace_replace_code+0xfd/0x170
[   27.992011]  ftrace_modify_all_code+0x1b1/0x270
[   27.992319]  arch_ftrace_update_code+0x9/0x10
[   27.992617]  ftrace_run_update_code+0x30/0xa0
[   27.992915]  ftrace_startup_enable+0x5e/0xa0
[   27.993205]  ftrace_startup+0x16a/0x240
[   27.993469]  register_ftrace_function+0x41/0x90
[   27.993778]  perf_ftrace_event_register+0xc1/0xf0
[   27.994102]  perf_trace_event_init+0x9d/0x4c0
[   27.994400]  perf_trace_init+0xd8/0x160
[   27.994663]  perf_tp_event_init+0x5c/0xa0
[   27.994943]  perf_try_init_event+0x88/0x270
[   27.995230]  perf_event_alloc+0xda2/0x1810
[   27.995510]  ? _raw_spin_unlock+0x1a/0x30
[   27.995785]  ? alloc_fd+0x159/0x260
[   27.996033]  __do_sys_perf_event_open+0x3c7/0x1a10
[   27.996362]  ? write_comp_data+0x2f/0x90
[   27.996637]  __x64_sys_perf_event_open+0x2b/0x30
[   27.996953]  do_syscall_64+0x37/0x80
[   27.997201]  entry_SYSCALL_64_after_hwframe+0x44/0xae
[   27.997545] RIP: 0033:0x7f8fe3b8a59d
[   27.997788] Code: 00 c3 66 2e 0f 1f 84 00 00 00 00 00 90 f3 0f 1e fa 48 89 f8 48 89 f7 48 89 d6 48 89 ca 4d 89 c2 4d 89 c8 4c 8b 4c 24 08 0f 05 <48> 3d 01 f0 ff ff 73 01 c3 48 8b 0d d3 08 0d 00 f7 d8 64 89 01 48
[   27.998879] RSP: 002b:00007ffccff36fb8 EFLAGS: 00000246 ORIG_RAX: 000000000000012a
[   27.999326] RAX: ffffffffffffffda RBX: 0000000000000000 RCX: 00007f8fe3b8a59d
[   27.999743] RDX: 0000000000000000 RSI: 0000000000000000 RDI: 00000000200001c0
[   28.000162] RBP: 00007ffccff36fc0 R08: 0000000000000000 R09: 00007ffccff36ff0
[   28.000583] R10: 00000000ffffffff R11: 0000000000000246 R12: 0000000000401180
[   28.001001] R13: 00007ffccff370e0 R14: 0000000000000000 R15: 0000000000000000
[   28.001455] BUG: using smp_processor_id() in preemptible [00000000] code: repro/560
[   28.002010] caller is debug_smp_processor_id+0x1c/0x20
[   28.002622] CPU: 0 PID: 560 Comm: repro Not tainted 5.15.0-73d21a357981+ #1
[   28.003310] Hardware name: QEMU Standard PC (i440FX + PIIX, 1996), BIOS rel-1.14.0-0-g155821a1990b-prebuilt.qemu.org 04/01/2014
[   28.003984] Call Trace:
[   28.004137]  dump_stack_lvl+0x89/0xb5
[   28.004371]  dump_stack+0x15/0x17
[   28.004583]  check_preemption_disabled+0x167/0x180
[   28.004876]  ? text_poke_bp_batch+0x83/0x290
[   28.005141]  ? text_poke_loc_init+0x140/0x140
[   28.005415]  debug_smp_processor_id+0x1c/0x20
[   28.005682]  perf_ftrace_function_call+0x81/0x280
[   28.005973]  ? 0xffffffffa00dc099
[   28.006179]  ? write_comp_data+0x2f/0x90
[   28.006423]  ? __sanitizer_cov_trace_pc+0x21/0x50
[   28.006716]  ? write_comp_data+0x2f/0x90
[   28.006969]  0xffffffffa00dc099
[   28.007167]  ? alternatives_enable_smp+0x90/0x90
[   28.007453]  ? __text_poke+0x5/0x4b0
[   28.007685]  __text_poke+0x5/0x4b0
[   28.007903]  text_poke_bp_batch+0x83/0x290
[   28.008164]  ? __text_poke+0x5/0x4b0
[   28.008394]  ? text_poke_bp_batch+0x83/0x290
[   28.008666]  ? 0xffffffffa00dc000
[   28.008878]  ? __x64_sys_set_thread_area+0x30/0x30
[   28.009181]  text_poke_queue+0xa7/0xc0
[   28.009426]  ftrace_replace_code+0xfd/0x170
[   28.009698]  ftrace_modify_all_code+0x1b1/0x270
[   28.009989]  arch_ftrace_update_code+0x9/0x10
[   28.010273]  ftrace_run_update_code+0x30/0xa0
[   28.010554]  ftrace_startup_enable+0x5e/0xa0
[   28.010836]  ftrace_startup+0x16a/0x240
[   28.011089]  register_ftrace_function+0x41/0x90
[   28.011382]  perf_ftrace_event_register+0xc1/0xf0
[   28.011696]  perf_trace_event_init+0x9d/0x4c0
[   28.011990]  perf_trace_init+0xd8/0x160
[   28.012252]  perf_tp_event_init+0x5c/0xa0
[   28.012524]  perf_try_init_event+0x88/0x270
[   28.012818]  perf_event_alloc+0xda2/0x1810
[   28.013131]  ? _raw_spin_unlock+0x1a/0x30
[   28.013432]  ? alloc_fd+0x159/0x260
[   28.013692]  __do_sys_perf_event_open+0x3c7/0x1a10
[   28.014028]  ? write_comp_data+0x2f/0x90
[   28.014308]  __x64_sys_perf_event_open+0x2b/0x30
[   28.014634]  do_syscall_64+0x37/0x80
[   28.014898]  entry_SYSCALL_64_after_hwframe+0x44/0xae
[   28.015245] RIP: 0033:0x7f8fe3b8a59d
[   28.015496] Code: 00 c3 66 2e 0f 1f 84 00 00 00 00 00 90 f3 0f 1e fa 48 89 f8 48 89 f7 48 89 d6 48 89 ca 4d 89 c2 4d 89 c8 4c 8b 4c 24 08 0f 05 <48> 3d 01 f0 ff ff 73 01 c3 48 8b 0d d3 08 0d 00 f7 d8 64 89 01 48
[   28.016736] RSP: 002b:00007ffccff36fb8 EFLAGS: 00000246 ORIG_RAX: 000000000000012a
[   28.017246] RAX: ffffffffffffffda RBX: 0000000000000000 RCX: 00007f8fe3b8a59d
[   28.017720] RDX: 0000000000000000 RSI: 0000000000000000 RDI: 00000000200001c0
[   28.018193] RBP: 00007ffccff36fc0 R08: 0000000000000000 R09: 00007ffccff36ff0
[   28.018666] R10: 00000000ffffffff R11: 0000000000000246 R12: 0000000000401180
[   28.019143] R13: 00007ffccff370e0 R14: 0000000000000000 R15: 0000000000000000
[   28.019691] BUG: using smp_processor_id() in preemptible [00000000] code: repro/560
[   28.020794] caller is debug_smp_processor_id+0x1c/0x20
[   28.021651] CPU: 0 PID: 560 Comm: repro Not tainted 5.15.0-73d21a357981+ #1
[   28.022527] Hardware name: QEMU Standard PC (i440FX + PIIX, 1996), BIOS rel-1.14.0-0-g155821a1990b-prebuilt.qemu.org 04/01/2014
[   28.023431] Call Trace:
[   28.023600]  dump_stack_lvl+0x89/0xb5
[   28.023846]  dump_stack+0x15/0x17
[   28.024066]  check_preemption_disabled+0x167/0x180
[   28.024376]  ? text_poke_bp_batch+0x83/0x290
[   28.024657]  ? text_poke_loc_init+0x140/0x140
[   28.025063]  debug_smp_processor_id+0x1c/0x20
[   28.025356]  perf_ftrace_function_call+0x81/0x280
[   28.025716]  ? 0xffffffffa00dc099
[   28.025926]  ? write_comp_data+0x2f/0x90
[   28.026158]  ? __sanitizer_cov_trace_pc+0x21/0x50
[   28.026457]  ? write_comp_data+0x2f/0x90
[   28.026691]  0xffffffffa00dc099
[   28.026900]  ? alternatives_text_reserved+0x70/0x70
[   28.027259]  ? __text_poke+0x5/0x4b0
[   28.027513]  __text_poke+0x5/0x4b0
[   28.027740]  text_poke_bp_batch+0x83/0x290
[   28.028024]  ? __text_poke+0x5/0x4b0
[   28.028253]  ? text_poke_bp_batch+0x83/0x290
[   28.028503]  ? 0xffffffffa00dc000
[   28.028717]  ? __x64_sys_set_thread_area+0x30/0x30
[   28.029014]  text_poke_queue+0xa7/0xc0
[   28.029262]  ftrace_replace_code+0xfd/0x170
[   28.029539]  ftrace_modify_all_code+0x1b1/0x270
[   28.029876]  arch_ftrace_update_code+0x9/0x10
[   28.030163]  ftrace_run_update_code+0x30/0xa0
[   28.030485]  ftrace_startup_enable+0x5e/0xa0
[   28.030765]  ftrace_startup+0x16a/0x240
[   28.031027]  register_ftrace_function+0x41/0x90
[   28.031322]  perf_ftrace_event_register+0xc1/0xf0
[   28.031629]  perf_trace_event_init+0x9d/0x4c0
[   28.031913]  perf_trace_init+0xd8/0x160
[   28.032165]  perf_tp_event_init+0x5c/0xa0
[   28.032429]  perf_try_init_event+0x88/0x270
[   28.032702]  perf_event_alloc+0xda2/0x1810
[   28.032971]  ? _raw_spin_unlock+0x1a/0x30
[   28.033236]  ? alloc_fd+0x159/0x260
[   28.033468]  __do_sys_perf_event_open+0x3c7/0x1a10
[   28.034583]  ? write_comp_data+0x2f/0x90
[   28.034862]  __x64_sys_perf_event_open+0x2b/0x30
[   28.035147]  do_syscall_64+0x37/0x80
[   28.035362]  entry_SYSCALL_64_after_hwframe+0x44/0xae
[   28.035656] RIP: 0033:0x7f8fe3b8a59d
[   28.035870] Code: 00 c3 66 2e 0f 1f 84 00 00 00 00 00 90 f3 0f 1e fa 48 89 f8 48 89 f7 48 89 d6 48 89 ca 4d 89 c2 4d 89 c8 4c 8b 4c 24 08 0f 05 <48> 3d 01 f0 ff ff 73 01 c3 48 8b 0d d3 08 0d 00 f7 d8 64 89 01 48
[   28.036829] RSP: 002b:00007ffccff36fb8 EFLAGS: 00000246 ORIG_RAX: 000000000000012a
[   28.037238] RAX: ffffffffffffffda RBX: 0000000000000000 RCX: 00007f8fe3b8a59d
[   28.037604] RDX: 0000000000000000 RSI: 0000000000000000 RDI: 00000000200001c0
[   28.037966] RBP: 00007ffccff36fc0 R08: 0000000000000000 R09: 00007ffccff36ff0
[   28.038342] R10: 00000000ffffffff R11: 0000000000000246 R12: 0000000000401180
[   28.038750] R13: 00007ffccff370e0 R14: 0000000000000000 R15: 0000000000000000
[   28.039216] BUG: using smp_processor_id() in preemptible [00000000] code: repro/560
[   28.039740] caller is debug_smp_processor_id+0x1c/0x20
[   28.039925] BUG: using smp_processor_id() in preemptible [00000000] code: repro/561
[   28.040101] CPU: 0 PID: 560 Comm: repro Not tainted 5.15.0-73d21a357981+ #1
[   28.040534] caller is debug_smp_processor_id+0x1c/0x20
[   28.040920] Hardware name: QEMU Standard PC (i440FX + PIIX, 1996), BIOS rel-1.14.0-0-g155821a1990b-prebuilt.qemu.org 04/01/2014
[   28.041865] Call Trace:
[   28.042014]  dump_stack_lvl+0x89/0xb5
[   28.042236]  dump_stack+0x15/0x17
[   28.042436]  check_preemption_disabled+0x167/0x180
[   28.042719]  ? text_poke_bp_batch+0x83/0x290
[   28.042988]  ? text_poke_loc_init+0x140/0x140
[   28.043315]  debug_smp_processor_id+0x1c/0x20
[   28.043577]  perf_ftrace_function_call+0x81/0x280
[   28.043862]  ? 0xffffffffa00dc099
[   28.044061]  ? write_comp_data+0x2f/0x90
[   28.044297]  ? __sanitizer_cov_trace_pc+0x21/0x50
[   28.044581]  ? write_comp_data+0x2f/0x90
[   28.044819]  0xffffffffa00dc099
[   28.045012]  ? text_poke_early+0xb0/0xb0
[   28.045251]  ? __text_poke+0x5/0x4b0
[   28.045472]  __text_poke+0x5/0x4b0
[   28.045683]  text_poke_bp_batch+0x83/0x290
[   28.045936]  ? __text_poke+0x5/0x4b0
[   28.046158]  ? text_poke_bp_batch+0x83/0x290
[   28.046424]  ? 0xffffffffa00dc000
[   28.046626]  ? __x64_sys_set_thread_area+0x30/0x30
[   28.046935]  text_poke_queue+0xa7/0xc0
[   28.047168]  ftrace_replace_code+0xfd/0x170
[   28.047434]  ftrace_modify_all_code+0x1b1/0x270
[   28.047714]  arch_ftrace_update_code+0x9/0x10
[   28.047986]  ftrace_run_update_code+0x30/0xa0
[   28.048259]  ftrace_startup_enable+0x5e/0xa0
[   28.048530]  ftrace_startup+0x16a/0x240
[   28.048775]  register_ftrace_function+0x41/0x90
[   28.049062]  perf_ftrace_event_register+0xc1/0xf0
[   28.049361]  perf_trace_event_init+0x9d/0x4c0
[   28.049643]  perf_trace_init+0xd8/0x160
[   28.049893]  perf_tp_event_init+0x5c/0xa0
[   28.050153]  perf_try_init_event+0x88/0x270
[   28.050425]  perf_event_alloc+0xda2/0x1810
[   28.050692]  ? _raw_spin_unlock+0x1a/0x30
[   28.050958]  ? alloc_fd+0x159/0x260
[   28.052800]  __do_sys_perf_event_open+0x3c7/0x1a10
[   28.053110]  ? write_comp_data+0x2f/0x90
[   28.053367]  __x64_sys_perf_event_open+0x2b/0x30
[   28.053662]  do_syscall_64+0x37/0x80
[   28.053899]  entry_SYSCALL_64_after_hwframe+0x44/0xae
[   28.054222] RIP: 0033:0x7f8fe3b8a59d
[   28.054454] Code: 00 c3 66 2e 0f 1f 84 00 00 00 00 00 90 f3 0f 1e fa 48 89 f8 48 89 f7 48 89 d6 48 89 ca 4d 89 c2 4d 89 c8 4c 8b 4c 24 08 0f 05 <48> 3d 01 f0 ff ff 73 01 c3 48 8b 0d d3 08 0d 00 f7 d8 64 89 01 48
[   28.055609] RSP: 002b:00007ffccff36fb8 EFLAGS: 00000246 ORIG_RAX: 000000000000012a
[   28.056083] RAX: ffffffffffffffda RBX: 0000000000000000 RCX: 00007f8fe3b8a59d
[   28.056528] RDX: 0000000000000000 RSI: 0000000000000000 RDI: 00000000200001c0
[   28.056973] RBP: 00007ffccff36fc0 R08: 0000000000000000 R09: 00007ffccff36ff0
[   28.057418] R10: 00000000ffffffff R11: 0000000000000246 R12: 0000000000401180
[   28.057862] R13: 00007ffccff370e0 R14: 0000000000000000 R15: 0000000000000000
[   28.058314] CPU: 1 PID: 561 Comm: repro Not tainted 5.15.0-73d21a357981+ #1
[   28.058324] BUG: using smp_processor_id() in preemptible [00000000] code: repro/560
[   28.058796] Hardware name: QEMU Standard PC (i440FX + PIIX, 1996), BIOS rel-1.14.0-0-g155821a1990b-prebuilt.qemu.org 04/01/2014
[   28.059275] caller is debug_smp_processor_id+0x1c/0x20
[   28.060017] Call Trace:
[   28.060023]  dump_stack_lvl+0x89/0xb5
[   28.060759]  dump_stack+0x15/0x17
[   28.060968]  check_preemption_disabled+0x167/0x180
[   28.061290]  ? exit_mmap+0xa6/0x310
[   28.061533]  ? destroy_context_ldt+0x30/0x30
[   28.061825]  debug_smp_processor_id+0x1c/0x20
[   28.062126]  perf_ftrace_function_call+0x81/0x280
[   28.062450]  ? write_comp_data+0x2f/0x90
[   28.062722]  ? __folio_memcg_unlock+0x25/0x60
[   28.063039]  ? write_comp_data+0x2f/0x90
[   28.063310]  0xffffffffa00dc099
[   28.063524]  ? write_comp_data+0x2f/0x90
[   28.063792]  ? __sanitizer_cov_trace_pc+0x21/0x50
[   28.064112]  ? exit_mmap+0x86/0x310
[   28.064354]  ? ldt_arch_exit_mmap+0x5/0x10
[   28.064633]  ? write_comp_data+0x2f/0x90
[   28.064902]  ldt_arch_exit_mmap+0x5/0x10
[   28.065171]  exit_mmap+0xa6/0x310
[   28.065400]  ? ldt_arch_exit_mmap+0x5/0x10
[   28.065676]  ? exit_mmap+0xa6/0x310
[   28.065913]  ? futex_cleanup+0x76/0x7c0
[   28.066174]  ? __sanitizer_cov_trace_pc+0x21/0x50
[   28.066490]  ? __sanitizer_cov_trace_pc+0x21/0x50
[   28.066803]  ? exit_aio+0x10f/0x150
[   28.067044]  ? delayed_uprobe_remove+0x9a/0xb0
[   28.067342]  ? write_comp_data+0x2f/0x90
[   28.067609]  mmput+0xa5/0x190
[   28.067814]  do_exit+0x489/0x1150
[   28.068040]  __x64_sys_exit+0x24/0x30
[   28.068287]  do_syscall_64+0x37/0x80
[   28.068530]  entry_SYSCALL_64_after_hwframe+0x44/0xae
[   28.068868] RIP: 0033:0x7f8fe3b8a59d
[   28.069107] Code: Unable to access opcode bytes at RIP 0x7f8fe3b8a573.
[   28.069518] RSP: 002b:00007ffccff36e68 EFLAGS: 00000202 ORIG_RAX: 000000000000003c
[   28.070009] RAX: ffffffffffffffda RBX: 0000000000000000 RCX: 00007f8fe3b8a59d
[   28.070468] RDX: 0000000000000000 RSI: 0000000000000000 RDI: 0000000000000000
[   28.070938] RBP: 00007ffccff36e80 R08: 0000000000000058 R09: 0000000000000000
[   28.071413] R10: 00007ffccff36ff0 R11: 0000000000000202 R12: 0000000000401180
[   28.071886] R13: 00007ffccff370e0 R14: 0000000000000000 R15: 0000000000000000
[   28.072361] CPU: 0 PID: 560 Comm: repro Not tainted 5.15.0-73d21a357981+ #1
[   28.072849] Hardware name: QEMU Standard PC (i440FX + PIIX, 1996), BIOS rel-1.14.0-0-g155821a1990b-prebuilt.qemu.org 04/01/2014
[   28.073719] Call Trace:
[   28.073887]  dump_stack_lvl+0x89/0xb5
[   28.074137]  dump_stack+0x15/0x17
[   28.074359]  check_preemption_disabled+0x167/0x180
[   28.074674]  ? text_poke_bp_batch+0x83/0x290
[   28.074972]  ? text_poke_loc_init+0x140/0x140
[   28.075260]  debug_smp_processor_id+0x1c/0x20
[   28.075544]  perf_ftrace_function_call+0x81/0x280
[   28.075850]  ? 0xffffffffa00dc099
[   28.076067]  ? write_comp_data+0x2f/0x90
[   28.076323]  ? __sanitizer_cov_trace_pc+0x21/0x50
[   28.076626]  ? write_comp_data+0x2f/0x90
[   28.076883]  0xffffffffa00dc099
[   28.077089]  ? apply_alternatives+0x360/0x360
[   28.077368]  ? __text_poke+0x5/0x4b0
[   28.077606]  __text_poke+0x5/0x4b0
[   28.077835]  text_poke_bp_batch+0x83/0x290
[   28.078107]  ? __text_poke+0x5/0x4b0
[   28.078350]  ? text_poke_bp_batch+0x83/0x290
[   28.078634]  ? 0xffffffffa00dc000
[   28.078870]  ? __x64_sys_set_thread_area+0x30/0x30
[   28.079187]  text_poke_queue+0xa7/0xc0
[   28.079438]  ftrace_replace_code+0xfd/0x170
[   28.079714]  ftrace_modify_all_code+0x1b1/0x270
[   28.080011]  arch_ftrace_update_code+0x9/0x10
[   28.080302]  ftrace_run_update_code+0x30/0xa0
[   28.080587]  ftrace_startup_enable+0x5e/0xa0
[   28.080867]  ftrace_startup+0x16a/0x240
[   28.081119]  register_ftrace_function+0x41/0x90
[   28.081415]  perf_ftrace_event_register+0xc1/0xf0
[   28.081724]  perf_trace_event_init+0x9d/0x4c0
[   28.082012]  perf_trace_init+0xd8/0x160
[   28.082266]  perf_tp_event_init+0x5c/0xa0
[   28.082527]  perf_try_init_event+0x88/0x270
[   28.082802]  perf_event_alloc+0xda2/0x1810
[   28.083074]  ? _raw_spin_unlock+0x1a/0x30
[   28.083341]  ? alloc_fd+0x159/0x260
[   28.083572]  __do_sys_perf_event_open+0x3c7/0x1a10
[   28.083882]  ? write_comp_data+0x2f/0x90
[   28.084142]  __x64_sys_perf_event_open+0x2b/0x30
[   28.084439]  do_syscall_64+0x37/0x80
[   28.084678]  entry_SYSCALL_64_after_hwframe+0x44/0xae
[   28.085002] RIP: 0033:0x7f8fe3b8a59d
[   28.085235] Code: 00 c3 66 2e 0f 1f 84 00 00 00 00 00 90 f3 0f 1e fa 48 89 f8 48 89 f7 48 89 d6 48 89 ca 4d 89 c2 4d 89 c8 4c 8b 4c 24 08 0f 05 <48> 3d 01 f0 ff ff 73 01 c3 48 8b 0d d3 08 0d 00 f7 d8 64 89 01 48
[   28.086384] RSP: 002b:00007ffccff36fb8 EFLAGS: 00000246 ORIG_RAX: 000000000000012a
[   28.086869] RAX: ffffffffffffffda RBX: 0000000000000000 RCX: 00007f8fe3b8a59d
[   28.087314] RDX: 0000000000000000 RSI: 0000000000000000 RDI: 00000000200001c0
[   28.087761] RBP: 00007ffccff36fc0 R08: 0000000000000000 R09: 00007ffccff36ff0
[   28.088206] R10: 00000000ffffffff R11: 0000000000000246 R12: 0000000000401180
[   28.088653] R13: 00007ffccff370e0 R14: 0000000000000000 R15: 0000000000000000
[  300.143689] INFO: task rcu_tasks_kthre:9 blocked for more than 147 seconds.
[  300.144420]       Not tainted 5.15.0-73d21a357981+ #1
[  300.144928] "echo 0 > /proc/sys/kernel/hung_task_timeout_secs" disables this message.
[  300.145701] task:rcu_tasks_kthre state:D stack:    0 pid:    9 ppid:     2 flags:0x00004000
[  300.146530] Call Trace:
[  300.146787]  __schedule+0x405/0x960
[  300.147163]  ? _raw_spin_unlock_irqrestore+0x29/0x3d
[  300.147686]  schedule+0x48/0xd0
[  300.148016]  schedule_timeout+0x33e/0x420
[  300.148428]  ? __sanitizer_cov_trace_pc+0x21/0x50
[  300.148910]  ? queue_delayed_work_on+0x81/0xc0
[  300.149367]  wait_for_completion+0x9c/0x100
[  300.149799]  __synchronize_srcu.part.23+0x83/0xb0
[  300.150284]  ? __bpf_trace_rcu_stall_warning+0x10/0x10
[  300.150808]  synchronize_srcu+0xd2/0x100
[  300.151173]  rcu_tasks_postscan+0x15/0x20
[  300.151395]  rcu_tasks_wait_gp+0xfa/0x200
[  300.151632]  ? rcu_tasks_kthread+0x113/0x1c0
[  300.151880]  rcu_tasks_kthread+0xf9/0x1c0
[  300.152122]  ? wait_woken+0x70/0x70
[  300.152339]  ? rcu_tasks_postscan+0x20/0x20
[  300.152592]  kthread+0x1d4/0x210
[  300.152792]  ? set_kthread_struct+0x80/0x80
[  300.153046]  ret_from_fork+0x1f/0x30
[  300.153303] INFO: task repro:560 blocked for more than 147 seconds.
[  300.153670]       Not tainted 5.15.0-73d21a357981+ #1
[  300.153970] "echo 0 > /proc/sys/kernel/hung_task_timeout_secs" disables this message.
[  300.154422] task:repro           state:D stack:    0 pid:  560 ppid:   559 flags:0x00004004
[  300.154926] Call Trace:
[  300.155080]  __schedule+0x405/0x960
[  300.155297]  ? default_wake_function+0x1a/0x20
[  300.155585]  schedule+0x48/0xd0
[  300.155783]  schedule_timeout+0x33e/0x420
[  300.156030]  ? _raw_spin_unlock_irqrestore+0x29/0x3d
[  300.156332]  ? __wake_up_common_lock+0x8c/0xc0
[  300.156604]  wait_for_completion+0x9c/0x100
[  300.156861]  __wait_rcu_gp+0x11d/0x140
[  300.157097]  rcu_barrier_tasks+0x3b/0x60
[  300.157340]  ? call_rcu_tasks_generic+0x80/0x80
[  300.157621]  ? __bpf_trace_rcu_stall_warning+0x10/0x10
[  300.157934]  synchronize_rcu_tasks+0xe/0x10
[  300.158190]  ftrace_shutdown+0x30d/0x3f0
[  300.158439]  unregister_ftrace_function+0x23/0x50
[  300.158728]  perf_ftrace_event_register+0x89/0xf0
[  300.159037]  ? perf_tp_event_init+0xa0/0xa0
[  300.159298]  perf_trace_destroy+0x32/0x50
[  300.159565]  tp_perf_event_destroy+0x1a/0x20
[  300.159829]  _free_event+0xff/0x690
[  300.160053]  put_event+0x3c/0x50
[  300.160258]  perf_event_release_kernel+0x2ee/0x360
[  300.160557]  ? perf_event_release_kernel+0x5/0x360
[  300.160853]  ? perf_event_release_kernel+0x360/0x360
[  300.161163]  perf_release+0x1e/0x30
[  300.161384]  __fput+0x111/0x440
[  300.161591]  ____fput+0x1a/0x20
[  300.161790]  task_work_run+0x88/0xd0
[  300.162021]  exit_to_user_mode_prepare+0x1ac/0x1c0
[  300.162323]  syscall_exit_to_user_mode+0x1c/0x30
[  300.162614]  do_syscall_64+0x46/0x80
[  300.162850]  entry_SYSCALL_64_after_hwframe+0x44/0xae
[  300.163169] RIP: 0033:0x7f8fe3b8a59d
[  300.163399] RSP: 002b:00007ffccff36fb8 EFLAGS: 00000246 ORIG_RAX: 000000000000012a
[  300.163896] RAX: ffffffffffffffea RBX: 0000000000000000 RCX: 00007f8fe3b8a59d
[  300.164342] RDX: 0000000000000000 RSI: 0000000000000000 RDI: 00000000200001c0
[  300.164790] RBP: 00007ffccff36fc0 R08: 0000000000000000 R09: 00007ffccff36ff0
[  300.165249] R10: 00000000ffffffff R11: 0000000000000246 R12: 0000000000401180
[  300.165706] R13: 00007ffccff370e0 R14: 0000000000000000 R15: 0000000000000000
[  447.599562] INFO: task rcu_tasks_kthre:9 blocked for more than 294 seconds.
[  447.600373]       Not tainted 5.15.0-73d21a357981+ #1
[  447.600668] "echo 0 > /proc/sys/kernel/hung_task_timeout_secs" disables this message.
[  447.601117] task:rcu_tasks_kthre state:D stack:    0 pid:    9 ppid:     2 flags:0x00004000
[  447.601614] Call Trace:
[  447.601766]  __schedule+0x405/0x960
[  447.601987]  ? _raw_spin_unlock_irqrestore+0x29/0x3d
[  447.602288]  schedule+0x48/0xd0
[  447.602482]  schedule_timeout+0x33e/0x420
[  447.602720]  ? __sanitizer_cov_trace_pc+0x21/0x50
[  447.603012]  ? queue_delayed_work_on+0x81/0xc0
[  447.603283]  wait_for_completion+0x9c/0x100
[  447.603558]  __synchronize_srcu.part.23+0x83/0xb0
[  447.603849]  ? __bpf_trace_rcu_stall_warning+0x10/0x10
[  447.604164]  synchronize_srcu+0xd2/0x100
[  447.604412]  rcu_tasks_postscan+0x15/0x20
[  447.604665]  rcu_tasks_wait_gp+0xfa/0x200
[  447.604918]  ? rcu_tasks_kthread+0x113/0x1c0
[  447.605185]  rcu_tasks_kthread+0xf9/0x1c0
[  447.605434]  ? wait_woken+0x70/0x70
[  447.605656]  ? rcu_tasks_postscan+0x20/0x20
[  447.605914]  kthread+0x1d4/0x210
[  447.606121]  ? set_kthread_struct+0x80/0x80
[  447.606380]  ret_from_fork+0x1f/0x30
[  447.606632] INFO: task repro:560 blocked for more than 294 seconds.
[  447.607010]       Not tainted 5.15.0-73d21a357981+ #1
[  447.607315] "echo 0 > /proc/sys/kernel/hung_task_timeout_secs" disables this message.
[  447.607782] task:repro           state:D stack:    0 pid:  560 ppid:   559 flags:0x00004004
[  447.608281] Call Trace:
[  447.608436]  __schedule+0x405/0x960
[  447.608661]  ? default_wake_function+0x1a/0x20
[  447.608940]  schedule+0x48/0xd0
[  447.609140]  schedule_timeout+0x33e/0x420
[  447.609391]  ? _raw_spin_unlock_irqrestore+0x29/0x3d
[  447.609698]  ? __wake_up_common_lock+0x8c/0xc0
[  447.609981]  wait_for_completion+0x9c/0x100
[  447.610244]  __wait_rcu_gp+0x11d/0x140
[  447.610481]  rcu_barrier_tasks+0x3b/0x60
[  447.610730]  ? call_rcu_tasks_generic+0x80/0x80
[  447.611017]  ? __bpf_trace_rcu_stall_warning+0x10/0x10
[  447.611356]  synchronize_rcu_tasks+0xe/0x10
[  447.611634]  ftrace_shutdown+0x30d/0x3f0
[  447.611887]  unregister_ftrace_function+0x23/0x50
[  447.612188]  perf_ftrace_event_register+0x89/0xf0
[  447.612488]  ? perf_tp_event_init+0xa0/0xa0
[  447.612755]  perf_trace_destroy+0x32/0x50
[  447.613013]  tp_perf_event_destroy+0x1a/0x20
[  447.613290]  _free_event+0xff/0x690
[  447.613519]  put_event+0x3c/0x50
[  447.613727]  perf_event_release_kernel+0x2ee/0x360
[  447.614035]  ? perf_event_release_kernel+0x5/0x360
[  447.614351]  ? perf_event_release_kernel+0x360/0x360
[  447.614678]  perf_release+0x1e/0x30
[  447.614925]  __fput+0x111/0x440
[  447.615137]  ____fput+0x1a/0x20
[  447.615348]  task_work_run+0x88/0xd0
[  447.615601]  exit_to_user_mode_prepare+0x1ac/0x1c0
[  447.615923]  syscall_exit_to_user_mode+0x1c/0x30
[  447.616233]  do_syscall_64+0x46/0x80
[  447.616477]  entry_SYSCALL_64_after_hwframe+0x44/0xae
[  447.616812] RIP: 0033:0x7f8fe3b8a59d
[  447.617051] RSP: 002b:00007ffccff36fb8 EFLAGS: 00000246 ORIG_RAX: 000000000000012a
[  447.617537] RAX: ffffffffffffffea RBX: 0000000000000000 RCX: 00007f8fe3b8a59d
[  447.617996] RDX: 0000000000000000 RSI: 0000000000000000 RDI: 00000000200001c0
[  447.618460] RBP: 00007ffccff36fc0 R08: 0000000000000000 R09: 00007ffccff36ff0
[  447.618923] R10: 00000000ffffffff R11: 0000000000000246 R12: 0000000000401180
[  447.619384] R13: 00007ffccff370e0 R14: 0000000000000000 R15: 0000000000000000
[  595.055785] INFO: task rcu_tasks_kthre:9 blocked for more than 442 seconds.
[  595.057115]       Not tainted 5.15.0-73d21a357981+ #1
[  595.058021] "echo 0 > /proc/sys/kernel/hung_task_timeout_secs" disables this message.
[  595.059425] task:rcu_tasks_kthre state:D stack:    0 pid:    9 ppid:     2 flags:0x00004000
[  595.060942] Call Trace:
[  595.061397]  __schedule+0x405/0x960
[  595.062065]  ? _raw_spin_unlock_irqrestore+0x29/0x3d
[  595.062978]  schedule+0x48/0xd0
[  595.063591]  schedule_timeout+0x33e/0x420
[  595.064332]  ? __sanitizer_cov_trace_pc+0x21/0x50
[  595.065189]  ? queue_delayed_work_on+0x81/0xc0
[  595.065999]  wait_for_completion+0x9c/0x100
[  595.066765]  __synchronize_srcu.part.23+0x83/0xb0
[  595.067658]  ? __bpf_trace_rcu_stall_warning+0x10/0x10
[  595.068593]  synchronize_srcu+0xd2/0x100
[  595.069314]  rcu_tasks_postscan+0x15/0x20
[  595.070050]  rcu_tasks_wait_gp+0xfa/0x200
[  595.070784]  ? rcu_tasks_kthread+0x113/0x1c0
[  595.071479]  rcu_tasks_kthread+0xf9/0x1c0
[  595.071932]  ? wait_woken+0x70/0x70
[  595.072287]  ? rcu_tasks_postscan+0x20/0x20
[  595.072697]  kthread+0x1d4/0x210
[  595.073019]  ? set_kthread_struct+0x80/0x80
[  595.073426]  ret_from_fork+0x1f/0x30
[  595.073840] INFO: task repro:560 blocked for more than 442 seconds.
[  595.074436]       Not tainted 5.15.0-73d21a357981+ #1
[  595.074925] "echo 0 > /proc/sys/kernel/hung_task_timeout_secs" disables this message.
[  595.075673] task:repro           state:D stack:    0 pid:  560 ppid:   559 flags:0x00004004
[  595.076470] Call Trace:
[  595.076712]  __schedule+0x405/0x960
[  595.077061]  ? default_wake_function+0x1a/0x20
[  595.077491]  schedule+0x48/0xd0
[  595.077794]  schedule_timeout+0x33e/0x420
[  595.078180]  ? _raw_spin_unlock_irqrestore+0x29/0x3d
[  595.078647]  ? __wake_up_common_lock+0x8c/0xc0
[  595.079082]  wait_for_completion+0x9c/0x100
[  595.079491]  __wait_rcu_gp+0x11d/0x140
[  595.079851]  rcu_barrier_tasks+0x3b/0x60
[  595.080227]  ? call_rcu_tasks_generic+0x80/0x80
[  595.080665]  ? __bpf_trace_rcu_stall_warning+0x10/0x10
[  595.081160]  synchronize_rcu_tasks+0xe/0x10
[  595.081567]  ftrace_shutdown+0x30d/0x3f0
[  595.081949]  unregister_ftrace_function+0x23/0x50
[  595.082404]  perf_ftrace_event_register+0x89/0xf0
[  595.082879]  ? perf_tp_event_init+0xa0/0xa0
[  595.083299]  perf_trace_destroy+0x32/0x50
[  595.083704]  tp_perf_event_destroy+0x1a/0x20
[  595.084121]  _free_event+0xff/0x690
[  595.084466]  put_event+0x3c/0x50
[  595.084785]  perf_event_release_kernel+0x2ee/0x360
[  595.085247]  ? perf_event_release_kernel+0x5/0x360
[  595.085710]  ? perf_event_release_kernel+0x360/0x360
[  595.086190]  perf_release+0x1e/0x30
[  595.086533]  __fput+0x111/0x440
[  595.086853]  ____fput+0x1a/0x20
[  595.087182]  task_work_run+0x88/0xd0
[  595.087560]  exit_to_user_mode_prepare+0x1ac/0x1c0
[  595.088039]  syscall_exit_to_user_mode+0x1c/0x30
[  595.088490]  do_syscall_64+0x46/0x80
[  595.088848]  entry_SYSCALL_64_after_hwframe+0x44/0xae
[  595.089342] RIP: 0033:0x7f8fe3b8a59d
[  595.089696] RSP: 002b:00007ffccff36fb8 EFLAGS: 00000246 ORIG_RAX: 000000000000012a
[  595.090415] RAX: ffffffffffffffea RBX: 0000000000000000 RCX: 00007f8fe3b8a59d
[  595.091080] RDX: 0000000000000000 RSI: 0000000000000000 RDI: 00000000200001c0
[  595.091795] RBP: 00007ffccff36fc0 R08: 0000000000000000 R09: 00007ffccff36ff0
[  595.092484] R10: 00000000ffffffff R11: 0000000000000246 R12: 0000000000401180
[  595.093158] R13: 00007ffccff370e0 R14: 0000000000000000 R15: 0000000000000000
[  742.511664] INFO: task rcu_tasks_kthre:9 blocked for more than 589 seconds.
[  742.512374]       Not tainted 5.15.0-73d21a357981+ #1
[  742.512898] "echo 0 > /proc/sys/kernel/hung_task_timeout_secs" disables this message.
[  742.513688] task:rcu_tasks_kthre state:D stack:    0 pid:    9 ppid:     2 flags:0x00004000
[  742.514553] Call Trace:
[  742.514818]  __schedule+0x405/0x960
[  742.515208]  ? _raw_spin_unlock_irqrestore+0x29/0x3d
[  742.515753]  schedule+0x48/0xd0
[  742.516125]  schedule_timeout+0x33e/0x420
[  742.516594]  ? __sanitizer_cov_trace_pc+0x21/0x50
[  742.517092]  ? queue_delayed_work_on+0x81/0xc0
[  742.517570]  wait_for_completion+0x9c/0x100
[  742.518017]  __synchronize_srcu.part.23+0x83/0xb0
[  742.518517]  ? __bpf_trace_rcu_stall_warning+0x10/0x10
[  742.519080]  synchronize_srcu+0xd2/0x100
[  742.519551]  rcu_tasks_postscan+0x15/0x20
[  742.520022]  rcu_tasks_wait_gp+0xfa/0x200
[  742.520459]  ? rcu_tasks_kthread+0x113/0x1c0
[  742.520943]  rcu_tasks_kthread+0xf9/0x1c0
[  742.521387]  ? wait_woken+0x70/0x70
[  742.521772]  ? rcu_tasks_postscan+0x20/0x20
[  742.522222]  kthread+0x1d4/0x210
[  742.522579]  ? set_kthread_struct+0x80/0x80
[  742.523041]  ret_from_fork+0x1f/0x30
[  742.523306] INFO: task repro:560 blocked for more than 589 seconds.
[  742.523720]       Not tainted 5.15.0-73d21a357981+ #1
[  742.524036] "echo 0 > /proc/sys/kernel/hung_task_timeout_secs" disables this message.
[  742.524511] task:repro           state:D stack:    0 pid:  560 ppid:   559 flags:0x00004004
[  742.525029] Call Trace:
[  742.525188]  __schedule+0x405/0x960
[  742.525419]  ? default_wake_function+0x1a/0x20
[  742.525707]  schedule+0x48/0xd0
[  742.525918]  schedule_timeout+0x33e/0x420
[  742.526178]  ? _raw_spin_unlock_irqrestore+0x29/0x3d
[  742.526501]  ? __wake_up_common_lock+0x8c/0xc0
[  742.526794]  wait_for_completion+0x9c/0x100
[  742.527085]  __wait_rcu_gp+0x11d/0x140
[  742.527339]  rcu_barrier_tasks+0x3b/0x60
[  742.527613]  ? call_rcu_tasks_generic+0x80/0x80
[  742.527914]  ? __bpf_trace_rcu_stall_warning+0x10/0x10
[  742.528259]  synchronize_rcu_tasks+0xe/0x10
[  742.528541]  ftrace_shutdown+0x30d/0x3f0
[  742.528808]  unregister_ftrace_function+0x23/0x50
[  742.529122]  perf_ftrace_event_register+0x89/0xf0
[  742.529440]  ? perf_tp_event_init+0xa0/0xa0
[  742.529723]  perf_trace_destroy+0x32/0x50
[  742.529993]  tp_perf_event_destroy+0x1a/0x20
[  742.530282]  _free_event+0xff/0x690
[  742.530521]  put_event+0x3c/0x50
[  742.530747]  perf_event_release_kernel+0x2ee/0x360
[  742.531081]  ? perf_event_release_kernel+0x5/0x360
[  742.531402]  ? perf_event_release_kernel+0x360/0x360
[  742.531744]  perf_release+0x1e/0x30
[  742.531981]  __fput+0x111/0x440
[  742.532203]  ____fput+0x1a/0x20
[  742.532421]  task_work_run+0x88/0xd0
[  742.532666]  exit_to_user_mode_prepare+0x1ac/0x1c0
[  742.532991]  syscall_exit_to_user_mode+0x1c/0x30
[  742.533301]  do_syscall_64+0x46/0x80
[  742.533560]  entry_SYSCALL_64_after_hwframe+0x44/0xae
[  742.533901] RIP: 0033:0x7f8fe3b8a59d
[  742.534147] RSP: 002b:00007ffccff36fb8 EFLAGS: 00000246 ORIG_RAX: 000000000000012a
[  742.534642] RAX: ffffffffffffffea RBX: 0000000000000000 RCX: 00007f8fe3b8a59d
[  742.535118] RDX: 0000000000000000 RSI: 0000000000000000 RDI: 00000000200001c0
[  742.535591] RBP: 00007ffccff36fc0 R08: 0000000000000000 R09: 00007ffccff36ff0
[  742.536057] R10: 00000000ffffffff R11: 0000000000000246 R12: 0000000000401180
[  742.536522] R13: 00007ffccff370e0 R14: 0000000000000000 R15: 0000000000000000
[  889.967722] INFO: task rcu_tasks_kthre:9 blocked for more than 737 seconds.
[  889.968581]       Not tainted 5.15.0-73d21a357981+ #1
[  889.969169] "echo 0 > /proc/sys/kernel/hung_task_timeout_secs" disables this message.
[  889.970068] task:rcu_tasks_kthre state:D stack:    0 pid:    9 ppid:     2 flags:0x00004000
[  889.971158] Call Trace:
[  889.971338]  __schedule+0x405/0x960
[  889.971609]  ? _raw_spin_unlock_irqrestore+0x29/0x3d
[  889.971948]  schedule+0x48/0xd0
[  889.972168]  schedule_timeout+0x33e/0x420
[  889.972444]  ? __sanitizer_cov_trace_pc+0x21/0x50
[  889.972770]  ? queue_delayed_work_on+0x81/0xc0
[  889.973075]  wait_for_completion+0x9c/0x100
[  889.973365]  __synchronize_srcu.part.23+0x83/0xb0
[  889.973690]  ? __bpf_trace_rcu_stall_warning+0x10/0x10
[  889.974037]  synchronize_srcu+0xd2/0x100
[  889.974306]  rcu_tasks_postscan+0x15/0x20
[  889.974581]  rcu_tasks_wait_gp+0xfa/0x200
[  889.974857]  ? rcu_tasks_kthread+0x113/0x1c0
[  889.975152]  rcu_tasks_kthread+0xf9/0x1c0
[  889.975427]  ? wait_woken+0x70/0x70
[  889.975680]  ? rcu_tasks_postscan+0x20/0x20
[  889.975968]  kthread+0x1d4/0x210
[  889.976192]  ? set_kthread_struct+0x80/0x80
[  889.976480]  ret_from_fork+0x1f/0x30
[  889.976764] INFO: task repro:560 blocked for more than 737 seconds.
[  889.977178]       Not tainted 5.15.0-73d21a357981+ #1
[  889.977513] "echo 0 > /proc/sys/kernel/hung_task_timeout_secs" disables this message.
[  889.978024] task:repro           state:D stack:    0 pid:  560 ppid:   559 flags:0x00004004
[  889.978575] Call Trace:
[  889.978743]  __schedule+0x405/0x960
[  889.978989]  ? default_wake_function+0x1a/0x20
[  889.979294]  schedule+0x48/0xd0
[  889.979529]  schedule_timeout+0x33e/0x420
[  889.979799]  ? _raw_spin_unlock_irqrestore+0x29/0x3d
[  889.980131]  ? __wake_up_common_lock+0x8c/0xc0
[  889.980431]  wait_for_completion+0x9c/0x100
[  889.980716]  __wait_rcu_gp+0x11d/0x140
[  889.980971]  rcu_barrier_tasks+0x3b/0x60
[  889.981235]  ? call_rcu_tasks_generic+0x80/0x80
[  889.981539]  ? __bpf_trace_rcu_stall_warning+0x10/0x10
[  889.981881]  synchronize_rcu_tasks+0xe/0x10
[  889.982163]  ftrace_shutdown+0x30d/0x3f0
[  889.982428]  unregister_ftrace_function+0x23/0x50
[  889.982741]  perf_ftrace_event_register+0x89/0xf0
[  889.983058]  ? perf_tp_event_init+0xa0/0xa0
[  889.983341]  perf_trace_destroy+0x32/0x50
[  889.983618]  tp_perf_event_destroy+0x1a/0x20
[  889.983906]  _free_event+0xff/0x690
[  889.984144]  put_event+0x3c/0x50
[  889.984365]  perf_event_release_kernel+0x2ee/0x360
[  889.984686]  ? perf_event_release_kernel+0x5/0x360
[  889.985005]  ? perf_event_release_kernel+0x360/0x360
[  889.985334]  perf_release+0x1e/0x30
[  889.985570]  __fput+0x111/0x440
[  889.985790]  ____fput+0x1a/0x20
[  889.986006]  task_work_run+0x88/0xd0
[  889.986249]  exit_to_user_mode_prepare+0x1ac/0x1c0
[  889.986569]  syscall_exit_to_user_mode+0x1c/0x30
[  889.986879]  do_syscall_64+0x46/0x80
[  889.987126]  entry_SYSCALL_64_after_hwframe+0x44/0xae
[  889.987462] RIP: 0033:0x7f8fe3b8a59d
[  889.987712] RSP: 002b:00007ffccff36fb8 EFLAGS: 00000246 ORIG_RAX: 000000000000012a
[  889.988204] RAX: ffffffffffffffea RBX: 0000000000000000 RCX: 00007f8fe3b8a59d
[  889.988669] RDX: 0000000000000000 RSI: 0000000000000000 RDI: 00000000200001c0
[  889.989130] RBP: 00007ffccff36fc0 R08: 0000000000000000 R09: 00007ffccff36ff0
[  889.989591] R10: 00000000ffffffff R11: 0000000000000246 R12: 0000000000401180
[  889.990052] R13: 00007ffccff370e0 R14: 0000000000000000 R15: 0000000000000000
