c[?7l[2J[0mSeaBIOS (version rel-1.14.0-0-g155821a1990b-prebuilt.qemu.org)


iPXE (http://ipxe.org) 00:03.0 CA00 PCI2.10 PnP PMM+7FF8F030+7FEEF030 CA00
Press Ctrl-B to configure iPXE (PCI 00:03.0)...                                                                               


Booting from ROM..c[?7l[2J[    0.000000] Linux version 5.16.0-rc5-7cd2802d7496+ (root@p-rplp01) (gcc (GCC) 8.5.0 20210514 (Red Hat 8.5.0-17), GNU ld version 2.36.1-2.el8) #1 SMP PREEMPT Tue Nov 15 11:38:22 CST 2022
[    0.000000] Command line: console=ttyS0 root=/dev/sda earlyprintk=serial net.ifnames=0
[    0.000000] KERNEL supported cpus:
[    0.000000]   Intel GenuineIntel
[    0.000000]   AMD AuthenticAMD
[    0.000000]   Hygon HygonGenuine
[    0.000000]   Centaur CentaurHauls
[    0.000000]   zhaoxin   Shanghai  
[    0.000000] x86/fpu: Supporting XSAVE feature 0x001: 'x87 floating point registers'
[    0.000000] x86/fpu: Supporting XSAVE feature 0x002: 'SSE registers'
[    0.000000] x86/fpu: Supporting XSAVE feature 0x004: 'AVX registers'
[    0.000000] x86/fpu: Supporting XSAVE feature 0x200: 'Protection Keys User registers'
[    0.000000] x86/fpu: xstate_offset[2]:  576, xstate_sizes[2]:  256
[    0.000000] x86/fpu: xstate_offset[9]:  832, xstate_sizes[9]:    8
[    0.000000] x86/fpu: Enabled xstate features 0x207, context size is 840 bytes, using 'compacted' format.
[    0.000000] signal: max sigframe size: 3632
[    0.000000] printk: bootconsole [earlyser0] enabled
[    0.000000] BIOS-provided physical RAM map:
[    0.000000] BIOS-e820: [mem 0x0000000000000000-0x000000000009fbff] usable
[    0.000000] BIOS-e820: [mem 0x000000000009fc00-0x000000000009ffff] reserved
[    0.000000] BIOS-e820: [mem 0x00000000000f0000-0x00000000000fffff] reserved
[    0.000000] BIOS-e820: [mem 0x0000000000100000-0x000000007ffdffff] usable
[    0.000000] BIOS-e820: [mem 0x000000007ffe0000-0x000000007fffffff] reserved
[    0.000000] BIOS-e820: [mem 0x00000000feffc000-0x00000000feffffff] reserved
[    0.000000] BIOS-e820: [mem 0x00000000fffc0000-0x00000000ffffffff] reserved
[    0.000000] NX (Execute Disable) protection: active
[    0.000000] SMBIOS 2.8 present.
[    0.000000] DMI: QEMU Standard PC (i440FX + PIIX, 1996), BIOS rel-1.14.0-0-g155821a1990b-prebuilt.qemu.org 04/01/2014
[    0.000000] Hypervisor detected: KVM
[    0.000000] kvm-clock: Using msrs 4b564d01 and 4b564d00
[    0.000000] kvm-clock: cpu 0, msr 4601001, primary cpu clock
[    0.000001] kvm-clock: using sched offset of 231365576 cycles
[    0.000305] clocksource: kvm-clock: mask: 0xffffffffffffffff max_cycles: 0x1cd42e4dffb, max_idle_ns: 881590591483 ns
[    0.001166] tsc: Detected 1881.600 MHz processor
[    0.005319] last_pfn = 0x7ffe0 max_arch_pfn = 0x400000000
[    0.005655] x86/PAT: Configuration [0-7]: WB  WC  UC- UC  WB  WP  UC- WT  
[    0.009724] found SMP MP-table at [mem 0x000f5a90-0x000f5a9f]
[    0.010090] Using GB pages for direct mapping
[    0.010963] ACPI: Early table checksum verification disabled
[    0.011274] ACPI: RSDP 0x00000000000F5870 000014 (v00 BOCHS )
[    0.011590] ACPI: RSDT 0x000000007FFE1959 000034 (v01 BOCHS  BXPC     00000001 BXPC 00000001)
[    0.012056] ACPI: FACP 0x000000007FFE1805 000074 (v01 BOCHS  BXPC     00000001 BXPC 00000001)
[    0.012542] ACPI: DSDT 0x000000007FFE0040 0017C5 (v01 BOCHS  BXPC     00000001 BXPC 00000001)
[    0.013005] ACPI: FACS 0x000000007FFE0000 000040
[    0.013259] ACPI: APIC 0x000000007FFE1879 000080 (v01 BOCHS  BXPC     00000001 BXPC 00000001)
[    0.013720] ACPI: HPET 0x000000007FFE18F9 000038 (v01 BOCHS  BXPC     00000001 BXPC 00000001)
[    0.014181] ACPI: WAET 0x000000007FFE1931 000028 (v01 BOCHS  BXPC     00000001 BXPC 00000001)
[    0.015167] ACPI: Reserving FACP table memory at [mem 0x7ffe1805-0x7ffe1878]
[    0.015544] ACPI: Reserving DSDT table memory at [mem 0x7ffe0040-0x7ffe1804]
[    0.015921] ACPI: Reserving FACS table memory at [mem 0x7ffe0000-0x7ffe003f]
[    0.016308] ACPI: Reserving APIC table memory at [mem 0x7ffe1879-0x7ffe18f8]
[    0.016694] ACPI: Reserving HPET table memory at [mem 0x7ffe18f9-0x7ffe1930]
[    0.017071] ACPI: Reserving WAET table memory at [mem 0x7ffe1931-0x7ffe1958]
[    0.017873] No NUMA configuration found
[    0.018080] Faking a node at [mem 0x0000000000000000-0x000000007ffdffff]
[    0.018478] NODE_DATA(0) allocated [mem 0x7ffb5000-0x7ffdffff]
[    0.021267] Zone ranges:
[    0.021410]   DMA      [mem 0x0000000000001000-0x0000000000ffffff]
[    0.021740]   DMA32    [mem 0x0000000001000000-0x000000007ffdffff]
[    0.022070]   Normal   empty
[    0.022225]   Device   empty
[    0.022381] Movable zone start for each node
[    0.022607] Early memory node ranges
[    0.022797]   node   0: [mem 0x0000000000001000-0x000000000009efff]
[    0.023131]   node   0: [mem 0x0000000000100000-0x000000007ffdffff]
[    0.023465] Initmem setup node 0 [mem 0x0000000000001000-0x000000007ffdffff]
[    0.024112] On node 0, zone DMA: 1 pages in unavailable ranges
[    0.024126] On node 0, zone DMA: 97 pages in unavailable ranges
[    0.035778] On node 0, zone DMA32: 32 pages in unavailable ranges
[    0.036285] ACPI: PM-Timer IO Port: 0x608
[    0.036835] ACPI: LAPIC_NMI (acpi_id[0xff] dfl dfl lint[0x1])
[    0.037167] IOAPIC[0]: apic_id 0, version 17, address 0xfec00000, GSI 0-23
[    0.037538] ACPI: INT_SRC_OVR (bus 0 bus_irq 0 global_irq 2 dfl dfl)
[    0.037878] ACPI: INT_SRC_OVR (bus 0 bus_irq 5 global_irq 5 high level)
[    0.038232] ACPI: INT_SRC_OVR (bus 0 bus_irq 9 global_irq 9 high level)
[    0.038585] ACPI: INT_SRC_OVR (bus 0 bus_irq 10 global_irq 10 high level)
[    0.038951] ACPI: INT_SRC_OVR (bus 0 bus_irq 11 global_irq 11 high level)
[    0.039319] ACPI: Using ACPI (MADT) for SMP configuration information
[    0.039660] ACPI: HPET id: 0x8086a201 base: 0xfed00000
[    0.039941] TSC deadline timer available
[    0.040150] smpboot: Allowing 2 CPUs, 0 hotplug CPUs
[    0.040436] kvm-guest: KVM setup pv remote TLB flush
[    0.040701] kvm-guest: setup PV sched yield
[    0.040948] PM: hibernation: Registered nosave memory: [mem 0x00000000-0x00000fff]
[    0.041353] PM: hibernation: Registered nosave memory: [mem 0x0009f000-0x0009ffff]
[    0.041754] PM: hibernation: Registered nosave memory: [mem 0x000a0000-0x000effff]
[    0.042161] PM: hibernation: Registered nosave memory: [mem 0x000f0000-0x000fffff]
[    0.042563] [mem 0x80000000-0xfeffbfff] available for PCI devices
[    0.042889] Booting paravirtualized kernel on KVM
[    0.043141] clocksource: refined-jiffies: mask: 0xffffffff max_cycles: 0xffffffff, max_idle_ns: 7645519600211568 ns
[    0.043703] setup_percpu: NR_CPUS:8192 nr_cpumask_bits:2 nr_cpu_ids:2 nr_node_ids:1
[    0.044482] percpu: Embedded 61 pages/cpu s212992 r8192 d28672 u1048576
[    0.044969] kvm-guest: setup async PF for cpu 0
[    0.045215] kvm-guest: stealtime: cpu 0, msr 7dc33080
[    0.045491] kvm-guest: PV spinlocks enabled
[    0.045723] PV qspinlock hash table entries: 256 (order: 0, 4096 bytes, linear)
[    0.046130] Fallback order for Node 0: 0 
[    0.046352] Built 1 zonelists, mobility grouping on.  Total pages: 515808
[    0.046720] Policy zone: DMA32
[    0.046886] Kernel command line: net.ifnames=0 console=ttyS0 root=/dev/sda earlyprintk=serial net.ifnames=0
[    0.047919] Dentry cache hash table entries: 262144 (order: 9, 2097152 bytes, linear)
[    0.048465] Inode-cache hash table entries: 131072 (order: 8, 1048576 bytes, linear)
[    0.048950] mem auto-init: stack:off, heap alloc:off, heap free:off
[    0.051736] Memory: 2001792K/2096632K available (28689K kernel code, 4383K rwdata, 7540K rodata, 3136K init, 10724K bss, 94584K reserved, 0K cma-reserved)
[    0.052485] random: get_random_u64 called from __kmem_cache_create+0x2f/0x480 with crng_init=0
[    0.052816] SLUB: HWalign=64, Order=0-3, MinObjects=0, CPUs=2, Nodes=1
[    0.053593] kmemleak: Kernel memory leak detector disabled
[    0.053880] ftrace: allocating 64647 entries in 253 pages
[    0.114324] ftrace: allocated 253 pages with 7 groups
[    0.115349] Dynamic Preempt: voluntary
[    0.115581] rcu: Preemptible hierarchical RCU implementation.
[    0.115875] rcu: 	RCU restricting CPUs from NR_CPUS=8192 to nr_cpu_ids=2.
[    0.116225] 	Trampoline variant of Tasks RCU enabled.
[    0.116485] 	Rude variant of Tasks RCU enabled.
[    0.116716] 	Tracing variant of Tasks RCU enabled.
[    0.116961] rcu: RCU calculated value of scheduler-enlistment delay is 25 jiffies.
[    0.117348] rcu: Adjusting geometry for rcu_fanout_leaf=16, nr_cpu_ids=2
[    0.133118] NR_IRQS: 524544, nr_irqs: 440, preallocated irqs: 16
[    0.138557] Console: colour VGA+ 80x25
[    0.138783] printk: console [ttyS0] enabled
[    0.138783] printk: console [ttyS0] enabled
[    0.139221] printk: bootconsole [earlyser0] disabled
[    0.139221] printk: bootconsole [earlyser0] disabled
[    0.139754] ACPI: Core revision 20210930
[    0.140070] clocksource: hpet: mask: 0xffffffff max_cycles: 0xffffffff, max_idle_ns: 19112604467 ns
[    0.140615] APIC: Switch to symmetric I/O mode setup
[    0.141000] x2apic enabled
[    0.141271] Switched APIC routing to physical x2apic.
[    0.141540] kvm-guest: setup PV IPIs
[    0.142267] ..TIMER: vector=0x30 apic1=0 pin1=2 apic2=-1 pin2=-1
[    0.142602] clocksource: tsc-early: mask: 0xffffffffffffffff max_cycles: 0x363e8c91135, max_idle_ns: 881590568389 ns
[    0.143162] Calibrating delay loop (skipped) preset value.. 3763.20 BogoMIPS (lpj=7526400)
[    0.143599] pid_max: default: 32768 minimum: 301
[    0.143881] LSM: Security Framework initializing
[    0.144132] Yama: becoming mindful.
[    0.144389] Mount-cache hash table entries: 4096 (order: 3, 32768 bytes, linear)
[    0.147161] Mountpoint-cache hash table entries: 4096 (order: 3, 32768 bytes, linear)
[    0.147970] x86/cpu: User Mode Instruction Prevention (UMIP) activated
[    0.148480] Last level iTLB entries: 4KB 0, 2MB 0, 4MB 0
[    0.148768] Last level dTLB entries: 4KB 0, 2MB 0, 4MB 0, 1GB 0
[    0.149092] Spectre V1 : Mitigation: usercopy/swapgs barriers and __user pointer sanitization
[    0.149538] Spectre V2 : Mitigation: Enhanced IBRS
[    0.149779] Spectre V2 : Spectre v2 / SpectreRSB mitigation: Filling RSB on context switch
[    0.150190] Spectre V2 : mitigation: Enabling conditional Indirect Branch Prediction Barrier
[    0.150619] Speculative Store Bypass: Mitigation: Speculative Store Bypass disabled via prctl
[    0.177324] Freeing SMP alternatives memory: 56K
[    0.177665] smpboot: CPU0: Genuine Intel(R) 0000 (family: 0x6, model: 0xba, stepping: 0x2)
[    0.178190] Performance Events: generic architected perfmon, full-width counters, Intel PMU driver.
[    0.178654] ... version:                2
[    0.178863] ... bit width:              48
[    0.179071] ... generic registers:      6
[    0.179157] ... value mask:             0000ffffffffffff
[    0.179157] ... max period:             00007fffffffffff
[    0.179157] ... fixed-purpose events:   3
[    0.179157] ... event mask:             000000070000003f
[    0.179157] rcu: Hierarchical SRCU implementation.
[    0.179480] smp: Bringing up secondary CPUs ...
[    0.179802] x86: Booting SMP configuration:
[    0.180014] .... node  #0, CPUs:      #1
[    0.009564] kvm-clock: cpu 1, msr 4601041, secondary cpu clock
[    0.009564] smpboot: CPU 1 Converting physical 0 to logical die 1
[    0.183181] kvm-guest: setup async PF for cpu 1
[    0.183463] kvm-guest: stealtime: cpu 1, msr 7dd33080
[    0.183769] smp: Brought up 1 node, 2 CPUs
[    0.183769] smpboot: Max logical packages: 2
[    0.183769] smpboot: Total of 2 processors activated (7526.40 BogoMIPS)
[    0.184396] devtmpfs: initialized
[    0.184396] x86/mm: Memory block size: 128MB
[    0.184593] clocksource: jiffies: mask: 0xffffffff max_cycles: 0xffffffff, max_idle_ns: 7645041785100000 ns
[    0.187161] futex hash table entries: 512 (order: 3, 32768 bytes, linear)
[    0.187560] pinctrl core: initialized pinctrl subsystem
[    0.187955] 
[    0.188036] *************************************************************
[    0.188374] **     NOTICE NOTICE NOTICE NOTICE NOTICE NOTICE NOTICE    **
[    0.188711] **                                                         **
[    0.189049] **  IOMMU DebugFS SUPPORT HAS BEEN ENABLED IN THIS KERNEL  **
[    0.189387] **                                                         **
[    0.189727] ** This means that this kernel is built to expose internal **
[    0.190091] ** IOMMU data structures, which may compromise security on **
[    0.190428] ** your system.                                            **
[    0.190767] **                                                         **
[    0.191104] ** If you see this message and you are not debugging the   **
[    0.191161] ** kernel, report this immediately to your vendor!         **
[    0.191498] **                                                         **
[    0.191834] **     NOTICE NOTICE NOTICE NOTICE NOTICE NOTICE NOTICE    **
[    0.192171] *************************************************************
[    0.192541] PM: RTC time: 03:55:35, date: 2022-11-15
[    0.193524] NET: Registered PF_NETLINK/PF_ROUTE protocol family
[    0.194129] DMA: preallocated 256 KiB GFP_KERNEL pool for atomic allocations
[    0.194526] DMA: preallocated 256 KiB GFP_KERNEL|GFP_DMA pool for atomic allocations
[    0.194944] DMA: preallocated 256 KiB GFP_KERNEL|GFP_DMA32 pool for atomic allocations
[    0.195171] audit: initializing netlink subsys (disabled)
[    0.195458] audit: type=2000 audit(1668484535.743:1): state=initialized audit_enabled=0 res=1
[    0.195458] thermal_sys: Registered thermal governor 'fair_share'
[    0.195672] thermal_sys: Registered thermal governor 'bang_bang'
[    0.195986] thermal_sys: Registered thermal governor 'step_wise'
[    0.196285] thermal_sys: Registered thermal governor 'user_space'
[    0.196593] cpuidle: using governor ladder
[    0.197131] cpuidle: using governor menu
[    0.197576] acpiphp: ACPI Hot Plug PCI Controller Driver version: 0.5
[    0.198060] PCI: Using configuration type 1 for base access
[    0.204449] kprobes: kprobe jump-optimization is enabled. All kprobes are optimized if possible.
[    0.204906] HugeTLB registered 1.00 GiB page size, pre-allocated 0 pages
[    0.204906] HugeTLB registered 2.00 MiB page size, pre-allocated 0 pages
[    0.204906] ACPI: Added _OSI(Module Device)
[    0.204906] ACPI: Added _OSI(Processor Device)
[    0.204906] ACPI: Added _OSI(3.0 _SCP Extensions)
[    0.204906] ACPI: Added _OSI(Processor Aggregator Device)
[    0.207160] ACPI: Added _OSI(Linux-Dell-Video)
[    0.207385] ACPI: Added _OSI(Linux-Lenovo-NV-HDMI-Audio)
[    0.207652] ACPI: Added _OSI(Linux-HPI-Hybrid-Graphics)
[    0.211172] ACPI: 1 ACPI AML tables successfully acquired and loaded
[    0.213246] ACPI: Interpreter enabled
[    0.213506] ACPI: PM: (supports S0 S3 S4 S5)
[    0.213747] ACPI: Using IOAPIC for interrupt routing
[    0.214044] PCI: Using host bridge windows from ACPI; if necessary, use "pci=nocrs" and report a bug
[    0.214914] ACPI: Enabled 2 GPEs in block 00 to 0F
[    0.222987] ACPI: PCI Root Bridge [PCI0] (domain 0000 [bus 00-ff])
[    0.223168] acpi PNP0A03:00: _OSC: OS supports [ASPM ClockPM Segments MSI EDR HPX-Type3]
[    0.223580] acpi PNP0A03:00: _OSC: not requesting OS control; OS requires [ExtendedConfig ASPM ClockPM MSI]
[    0.224088] acpi PNP0A03:00: fail to add MMCONFIG information, can't access extended PCI configuration space under this bridge.
[    0.225574] acpiphp: Slot [3] registered
[    0.225812] acpiphp: Slot [4] registered
[    0.226048] acpiphp: Slot [5] registered
[    0.226281] acpiphp: Slot [6] registered
[    0.226514] acpiphp: Slot [7] registered
[    0.226764] acpiphp: Slot [8] registered
[    0.227004] acpiphp: Slot [9] registered
[    0.227193] acpiphp: Slot [10] registered
[    0.227432] acpiphp: Slot [11] registered
[    0.227672] acpiphp: Slot [12] registered
[    0.227909] acpiphp: Slot [13] registered
[    0.228146] acpiphp: Slot [14] registered
[    0.228384] acpiphp: Slot [15] registered
[    0.228621] acpiphp: Slot [16] registered
[    0.228858] acpiphp: Slot [17] registered
[    0.229113] acpiphp: Slot [18] registered
[    0.229358] acpiphp: Slot [19] registered
[    0.229596] acpiphp: Slot [20] registered
[    0.229833] acpiphp: Slot [21] registered
[    0.230071] acpiphp: Slot [22] registered
[    0.230309] acpiphp: Slot [23] registered
[    0.230547] acpiphp: Slot [24] registered
[    0.230794] acpiphp: Slot [25] registered
[    0.231043] acpiphp: Slot [26] registered
[    0.231192] acpiphp: Slot [27] registered
[    0.231429] acpiphp: Slot [28] registered
[    0.231667] acpiphp: Slot [29] registered
[    0.231905] acpiphp: Slot [30] registered
[    0.232144] acpiphp: Slot [31] registered
[    0.232357] PCI host bridge to bus 0000:00
[    0.232568] pci_bus 0000:00: root bus resource [io  0x0000-0x0cf7 window]
[    0.232919] pci_bus 0000:00: root bus resource [io  0x0d00-0xffff window]
[    0.233280] pci_bus 0000:00: root bus resource [mem 0x000a0000-0x000bffff window]
[    0.233658] pci_bus 0000:00: root bus resource [mem 0x80000000-0xfebfffff window]
[    0.234035] pci_bus 0000:00: root bus resource [mem 0x100000000-0x17fffffff window]
[    0.234421] pci_bus 0000:00: root bus resource [bus 00-ff]
[    0.234729] pci 0000:00:00.0: [8086:1237] type 00 class 0x060000
[    0.236713] pci 0000:00:01.0: [8086:7000] type 00 class 0x060100
[    0.237378] pci 0000:00:01.1: [8086:7010] type 00 class 0x010180
[    0.238693] pci 0000:00:01.1: reg 0x20: [io  0xc040-0xc04f]
[    0.239387] pci 0000:00:01.1: legacy IDE quirk: reg 0x10: [io  0x01f0-0x01f7]
[    0.239752] pci 0000:00:01.1: legacy IDE quirk: reg 0x14: [io  0x03f6]
[    0.240081] pci 0000:00:01.1: legacy IDE quirk: reg 0x18: [io  0x0170-0x0177]
[    0.240440] pci 0000:00:01.1: legacy IDE quirk: reg 0x1c: [io  0x0376]
[    0.240906] pci 0000:00:01.3: [8086:7113] type 00 class 0x068000
[    0.241409] pci 0000:00:01.3: quirk: [io  0x0600-0x063f] claimed by PIIX4 ACPI
[    0.241777] pci 0000:00:01.3: quirk: [io  0x0700-0x070f] claimed by PIIX4 SMB
[    0.242404] pci 0000:00:02.0: [1234:1111] type 00 class 0x030000
[    0.243335] pci 0000:00:02.0: reg 0x10: [mem 0xfd000000-0xfdffffff pref]
[    0.244693] pci 0000:00:02.0: reg 0x18: [mem 0xfebf0000-0xfebf0fff]
[    0.247163] pci 0000:00:02.0: reg 0x30: [mem 0xfebe0000-0xfebeffff pref]
[    0.249284] pci 0000:00:03.0: [8086:100e] type 00 class 0x020000
[    0.250121] pci 0000:00:03.0: reg 0x10: [mem 0xfebc0000-0xfebdffff]
[    0.250929] pci 0000:00:03.0: reg 0x14: [io  0xc000-0xc03f]
[    0.253535] pci 0000:00:03.0: reg 0x30: [mem 0xfeb80000-0xfebbffff pref]
[    0.261750] ACPI: PCI: Interrupt link LNKA configured for IRQ 10
[    0.262316] ACPI: PCI: Interrupt link LNKB configured for IRQ 10
[    0.262872] ACPI: PCI: Interrupt link LNKC configured for IRQ 11
[    0.263379] ACPI: PCI: Interrupt link LNKD configured for IRQ 11
[    0.263825] ACPI: PCI: Interrupt link LNKS configured for IRQ 9
[    0.264734] iommu: Default domain type: Translated 
[    0.264734] iommu: DMA domain TLB invalidation policy: lazy mode 
[    0.264734] pci 0000:00:02.0: vgaarb: setting as boot VGA device
[    0.264734] pci 0000:00:02.0: vgaarb: VGA device added: decodes=io+mem,owns=io+mem,locks=none
[    0.264734] pci 0000:00:02.0: vgaarb: bridge control possible
[    0.264734] vgaarb: loaded
[    0.267280] SCSI subsystem initialized
[    0.267516] ACPI: bus type USB registered
[    0.267516] usbcore: registered new interface driver usbfs
[    0.267814] usbcore: registered new interface driver hub
[    0.268120] usbcore: registered new device driver usb
[    0.268443] pps_core: LinuxPPS API ver. 1 registered
[    0.268720] pps_core: Software ver. 5.3.6 - Copyright 2005-2007 Rodolfo Giometti <giometti@linux.it>
[    0.269226] PTP clock support registered
[    0.269488] EDAC MC: Ver: 3.0.0
[    0.269488] NetLabel: Initializing
[    0.269488] NetLabel:  domain hash size = 128
[    0.271160] NetLabel:  protocols = UNLABELED CIPSOv4 CALIPSO
[    0.271496] NetLabel:  unlabeled traffic allowed by default
[    0.271828] PCI: Using ACPI for IRQ routing
[    0.271828] hpet0: at MMIO 0xfed00000, IRQs 2, 8, 0
[    0.271828] hpet0: 3 comparators, 64-bit 100.000000 MHz counter
[    0.276254] clocksource: Switched to clocksource kvm-clock
[    0.299776] VFS: Disk quotas dquot_6.6.0
[    0.427249] VFS: Dquot-cache hash table entries: 512 (order 0, 4096 bytes)
[    0.427765] pnp: PnP ACPI init
[    0.428956] pnp: PnP ACPI: found 6 devices
[    0.435969] clocksource: acpi_pm: mask: 0xffffff max_cycles: 0xffffff, max_idle_ns: 2085701024 ns
[    0.436690] NET: Registered PF_INET protocol family
[    0.437033] IP idents hash table entries: 32768 (order: 6, 262144 bytes, linear)
[    0.438158] tcp_listen_portaddr_hash hash table entries: 1024 (order: 2, 16384 bytes, linear)
[    0.438667] TCP established hash table entries: 16384 (order: 5, 131072 bytes, linear)
[    0.439188] TCP bind hash table entries: 16384 (order: 6, 262144 bytes, linear)
[    0.439686] TCP: Hash tables configured (established 16384 bind 16384)
[    0.440267] UDP hash table entries: 1024 (order: 3, 32768 bytes, linear)
[    0.440665] UDP-Lite hash table entries: 1024 (order: 3, 32768 bytes, linear)
[    0.441126] NET: Registered PF_UNIX/PF_LOCAL protocol family
[    0.441574] RPC: Registered named UNIX socket transport module.
[    0.441917] RPC: Registered udp transport module.
[    0.442189] RPC: Registered tcp transport module.
[    0.442461] RPC: Registered tcp NFSv4.1 backchannel transport module.
[    0.442841] pci_bus 0000:00: resource 4 [io  0x0000-0x0cf7 window]
[    0.443211] pci_bus 0000:00: resource 5 [io  0x0d00-0xffff window]
[    0.443570] pci_bus 0000:00: resource 6 [mem 0x000a0000-0x000bffff window]
[    0.443968] pci_bus 0000:00: resource 7 [mem 0x80000000-0xfebfffff window]
[    0.444366] pci_bus 0000:00: resource 8 [mem 0x100000000-0x17fffffff window]
[    0.444902] pci 0000:00:01.0: PIIX3: Enabling Passive Release
[    0.445243] pci 0000:00:00.0: Limiting direct PCI/PCI transfers
[    0.445597] pci 0000:00:01.0: Activating ISA DMA hang workarounds
[    0.446004] pci 0000:00:02.0: Video device with shadowed ROM at [mem 0x000c0000-0x000dffff]
[    0.446499] PCI: CLS 0 bytes, default 64
[    0.446866] clocksource: tsc: mask: 0xffffffffffffffff max_cycles: 0x363e8c91135, max_idle_ns: 881590568389 ns
[    2.260112] Initialise system trusted keyrings
[    2.260385] Key type blacklist registered
[    2.260702] workingset: timestamp_bits=36 max_order=19 bucket_order=0
[    2.264337] zbud: loaded
[    2.264887] squashfs: version 4.0 (2009/01/31) Phillip Lougher
[    2.265752] NFS: Registering the id_resolver key type
[    2.266023] Key type id_resolver registered
[    2.266242] Key type id_legacy registered
[    2.266480] nfs4filelayout_init: NFSv4 File Layout Driver Registering...
[    2.266826] nfs4flexfilelayout_init: NFSv4 Flexfile Layout Driver Registering...
[    2.267272] fuse: init (API version 7.35)
[    2.267569] SGI XFS with ACLs, security attributes, realtime, quota, no debug enabled
[    2.268577] 9p: Installing v9fs 9p2000 file system support
[    2.274307] Key type asymmetric registered
[    2.274543] Asymmetric key parser 'x509' registered
[    2.274833] Block layer SCSI generic (bsg) driver version 0.4 loaded (major 243)
[    2.275378] io scheduler mq-deadline registered
[    2.275653] io scheduler bfq registered
[    2.276259] shpchp: Standard Hot Plug PCI Controller Driver version: 0.4
[    2.276749] IPMI message handler: version 39.2
[    2.277015] ipmi device interface
[    2.277942] input: Power Button as /devices/LNXSYSTM:00/LNXPWRBN:00/input/input0
[    2.278421] ACPI: button: Power Button [PWRF]
[    2.279132] ERST DBG: ERST support is disabled.
[    2.279582] Serial: 8250/16550 driver, 32 ports, IRQ sharing enabled
[    2.280122] 00:04: ttyS0 at I/O 0x3f8 (irq = 4, base_baud = 115200) is a 16550A
[    2.283636] Linux agpgart interface v0.103
[    2.284164] ACPI: bus type drm_connector registered
[    2.289281] brd: module loaded
[    2.291867] loop: module loaded
[    2.293770] scsi host0: ata_piix
[    2.294159] scsi host1: ata_piix
[    2.294409] ata1: PATA max MWDMA2 cmd 0x1f0 ctl 0x3f6 bmdma 0xc040 irq 14
[    2.294801] ata2: PATA max MWDMA2 cmd 0x170 ctl 0x376 bmdma 0xc048 irq 15
[    2.295510] libphy: Fixed MDIO Bus: probed
[    2.295934] tun: Universal TUN/TAP device driver, 1.6
[    2.296240] e100: Intel(R) PRO/100 Network Driver
[    2.296484] e100: Copyright(c) 1999-2006 Intel Corporation
[    2.296785] e1000: Intel(R) PRO/1000 Network Driver
[    2.297038] e1000: Copyright (c) 1999-2006 Intel Corporation.
[    2.361612] ACPI: \_SB_.LNKC: Enabled at IRQ 11
[    2.455544] ata1.00: ATA-7: QEMU HARDDISK, 2.5+, max UDMA/100
[    2.455870] ata1.00: 16777216 sectors, multi 16: LBA48 
[    2.456268] ata1.00: Read log 0x00 page 0x00 failed, Emask 0x1
[    2.457096] scsi 0:0:0:0: Direct-Access     ATA      QEMU HARDDISK    2.5+ PQ: 0 ANSI: 5
[    2.458080] scsi 0:0:0:0: Attached scsi generic sg0 type 0
[    2.458424] ata2.00: ATAPI: QEMU DVD-ROM, 2.5+, max UDMA/100
[    2.459534] sd 0:0:0:0: [sda] 16777216 512-byte logical blocks: (8.59 GB/8.00 GiB)
[    2.459974] sd 0:0:0:0: [sda] Write Protect is off
[    2.460271] sd 0:0:0:0: [sda] Write cache: enabled, read cache: enabled, doesn't support DPO or FUA
[    2.461394] scsi 1:0:0:0: CD-ROM            QEMU     QEMU DVD-ROM     2.5+ PQ: 0 ANSI: 5
[    2.462321] scsi 1:0:0:0: Attached scsi generic sg1 type 5
[    2.491233] sd 0:0:0:0: [sda] Attached SCSI disk
[    2.677227] e1000 0000:00:03.0 eth0: (PCI:33MHz:32-bit) 52:54:00:12:34:56
[    2.677587] e1000 0000:00:03.0 eth0: Intel(R) PRO/1000 Network Connection
[    2.677975] e1000e: Intel(R) PRO/1000 Network Driver
[    2.678232] e1000e: Copyright(c) 1999 - 2015 Intel Corporation.
[    2.678570] igb: Intel(R) Gigabit Ethernet Network Driver
[    2.678849] igb: Copyright (c) 2007-2014 Intel Corporation.
[    2.679207] PPP generic driver version 2.4.2
[    2.679871] VFIO - User Level meta-driver version: 0.3
[    2.680163] ehci_hcd: USB 2.0 'Enhanced' Host Controller (EHCI) Driver
[    2.680502] ehci-pci: EHCI PCI platform driver
[    2.680749] ehci-platform: EHCI generic platform driver
[    2.681028] ohci_hcd: USB 1.1 'Open' Host Controller (OHCI) Driver
[    2.681348] ohci-pci: OHCI PCI platform driver
[    2.681593] ohci-platform: OHCI generic platform driver
[    2.681871] uhci_hcd: USB Universal Host Controller Interface driver
[    2.682463] usbcore: registered new interface driver uas
[    2.682803] usbcore: registered new interface driver usb-storage
[    2.683224] i8042: PNP: PS/2 Controller [PNP0303:KBD,PNP0f13:MOU] at 0x60,0x64 irq 1,12
[    2.684278] serio: i8042 KBD port at 0x60,0x64 irq 1
[    2.684550] serio: i8042 AUX port at 0x60,0x64 irq 12
[    2.685321] mousedev: PS/2 mouse device common for all mice
[    2.685978] input: AT Translated Set 2 keyboard as /devices/platform/i8042/serio0/input/input1
[    2.686756] rtc_cmos 00:05: RTC can wake from S4
[    2.687344] input: VirtualPS/2 VMware VMMouse as /devices/platform/i8042/serio1/input/input4
[    2.688248] input: VirtualPS/2 VMware VMMouse as /devices/platform/i8042/serio1/input/input3
[    2.688800] rtc_cmos 00:05: registered as rtc0
[    2.689149] rtc_cmos 00:05: setting system clock to 2022-11-15T03:55:37 UTC (1668484537)
[    2.689700] rtc_cmos 00:05: alarms up to one day, y3k, 242 bytes nvram, hpet irqs
[    2.690144] i2c_dev: i2c /dev entries driver
[    2.690408] device-mapper: core: CONFIG_IMA_DISABLE_HTABLE is disabled. Duplicate IMA measurements will not be recorded in the IMA log.
[    2.691146] device-mapper: uevent: version 1.0.3
[    2.691528] device-mapper: ioctl: 4.45.0-ioctl (2021-03-22) initialised: dm-devel@redhat.com
[    2.691972] intel_pstate: CPU model not supported
[    2.692249] sdhci: Secure Digital Host Controller Interface driver
[    2.692567] sdhci: Copyright(c) Pierre Ossman
[    2.692829] sdhci-pltfm: SDHCI platform and OF driver helper
[    2.693271] ledtrig-cpu: registered to indicate activity on CPUs
[    2.693709] drop_monitor: Initializing network drop monitor service
[    2.694303] NET: Registered PF_INET6 protocol family
[    2.695289] Segment Routing with IPv6
[    2.695509] In-situ OAM (IOAM) with IPv6
[    2.695733] NET: Registered PF_PACKET protocol family
[    2.696197] 9pnet: Installing 9P2000 support
[    2.696437] Key type dns_resolver registered
[    2.697122] IPI shorthand broadcast: enabled
[    2.697393] sched_clock: Marking stable (2691414765, 5564736)->(2718171047, -21191546)
[    2.698035] registered taskstats version 1
[    2.698307] Loading compiled-in X.509 certificates
[    2.698692] zswap: loaded using pool lzo/zbud
[    2.699174] Key type ._fscrypt registered
[    2.699412] Key type .fscrypt registered
[    2.699641] Key type fscrypt-provisioning registered
[    2.700255] Key type encrypted registered
[    2.700500] ima: No TPM chip found, activating TPM-bypass!
[    2.700822] ima: Allocated hash algorithm: sha1
[    2.701093] ima: No architecture policies found
[    2.701370] evm: Initialising EVM extended attributes:
[    2.701666] evm: security.selinux
[    2.701862] evm: security.SMACK64
[    2.702058] evm: security.SMACK64EXEC
[    2.702273] evm: security.SMACK64TRANSMUTE
[    2.702516] evm: security.SMACK64MMAP
[    2.702730] evm: security.apparmor
[    2.702932] evm: security.ima
[    2.703152] evm: security.capability
[    2.703370] evm: HMAC attrs: 0x1
[    2.705443] PM:   Magic number: 14:364:917
[    2.705877] RAS: Correctable Errors collector initialized.
[    2.706381] md: Waiting for all devices to be available before autodetect
[    2.706786] md: If you don't use raid, use raid=noautodetect
[    2.707117] md: Autodetecting RAID arrays.
[    2.707367] md: autorun ...
[    2.707533] md: ... autorun DONE.
[    2.709624] EXT4-fs (sda): INFO: recovery required on readonly filesystem
[    2.710022] EXT4-fs (sda): write access will be enabled during recovery
[    2.747557] EXT4-fs (sda): recovery complete
[    2.748957] EXT4-fs (sda): mounted filesystem with ordered data mode. Opts: (null). Quota mode: none.
[    2.749521] VFS: Mounted root (ext4 filesystem) readonly on device 8:0.
[    2.750162] devtmpfs: mounted
[    2.755240] Freeing unused decrypted memory: 2036K
[    2.756711] Freeing unused kernel image (initmem) memory: 3136K
[    2.757062] Write protecting the kernel read-only data: 38912k
[    2.759020] Freeing unused kernel image (text/rodata gap) memory: 2028K
[    2.759722] Freeing unused kernel image (rodata/data gap) memory: 652K
[    2.833896] x86/mm: Checked W+X mappings: passed, no W+X pages found.
[    2.834251] Run /sbin/init as init process
[    2.856487] random: fast init done
[    2.879637] systemd[1]: RTC configured in localtime, applying delta of 0 minutes to system time.
[    2.890375] systemd[1]: systemd 239 (239-49.el8) running in system mode. (+PAM +AUDIT +SELINUX +IMA -APPARMOR +SMACK +SYSVINIT +UTMP +LIBCRYPTSETUP +GCRYPT +GNUTLS +ACL +XZ +LZ4 +SECCOMP +BLKID +ELFUTILS +KMOD +IDN2 -IDN +PCRE2 default-hierarchy=legacy)
[    2.891706] systemd[1]: Detected virtualization kvm.
[    2.892000] systemd[1]: Detected architecture x86-64.

Welcome to [0;31mCentOS Stream 8[0m!

[    2.907811] systemd[1]: Set hostname to <test>.
[    2.973061] random: lvmconfig: uninitialized urandom read (4 bytes read)
[    3.031388] random: systemd: uninitialized urandom read (16 bytes read)
[    3.031854] systemd[1]: Listening on Device-mapper event daemon FIFOs.
[[0;32m  OK  [0m] Listening on Device-mapper event daemon FIFOs.
[    3.032643] random: systemd: uninitialized urandom read (16 bytes read)
[    3.033118] systemd[1]: Listening on LVM2 poll daemon socket.
[[0;32m  OK  [0m] Listening on LVM2 poll daemon socket.
[    3.033888] systemd[1]: Listening on RPCbind Server Activation Socket.
[[0;32m  OK  [0m] Listening on RPCbind Server Activation Socket.
[    3.035316] systemd[1]: Created slice User and Session Slice.
[[0;32m  OK  [0m] Created slice User and Session Slice.
[    3.035968] systemd[1]: Reached target Slices.
[[0;32m  OK  [0m] Reached target Slices.
[    3.036587] systemd[1]: Listening on udev Control Socket.
[[0;32m  OK  [0m] Listening on udev Control Socket.
[[0;32m  OK  [0m] Listening on Journal Socket.
         Mounting Kernel Debug File System...
         Starting Load Kernel Modules...
         Starting Setup Virtual Console...
[[0;32m  OK  [0m] Created slice system-getty.slice.
[[0;32m  OK  [0m] Listening on multipathd control socket.
         Mounting POSIX Message Queue File System...
[[0;32m  OK  [0m] Listening on Process Core Dump Socket.
[[0;32m  OK  [0m] Created slice system-sshd\x2dkeygen.slice.
[[0;32m  OK  [0m] Reached target RPC Port Mapper.
[[0;32m  OK  [0m] Listening on Journal Socket (/dev/log).
         Starting Journal Service...
[[0;32m  OK  [0m] Reached target Swap.
         Starting Remount Root and Kernel File Systems...
[[0;32m  OK  [0m] Started Forward Password Requests to Wall Directory Watch.
[[0;32m  OK  [0m] Listening on initctl Compatibility Named Pipe.
         Mounting Huge Pages File System...
         Starting Monitoring of LVM2 mirrorsâ€¦ng dmeventd or progress polling...
[[0;32m  OK  [0m] Created slice system-serial\x2dgetty.slice.
[[0;32m  OK  [0m] Set up automount Arbitrary Executabâ€¦rmats File System Automount Point.
[[0;32m  OK  [0m] Listening on udev Kernel Socket.
         Starting udev Coldplug all Devices...
[[0;32m  OK  [0m] Mounted Kernel Debug File System.
[[0;1;31mFAILED[0m] Failed to start Load Kernel Modules.
See 'systemctl status systemd-modules-load.service' for details.
[[0;32m  OK  [0m] Mounted POSIX Message Queue File System.
[[0;32m  OK  [0m] Mounted Huge Pages File System.
         Starting Apply Kernel Variables...
         Mounting FUSE Control File System...
[    3.150916] EXT4-fs (sda): re-mounted. Opts: (null). Quota mode: none.
         Mounting Kernel Configuration File System...
[[0;32m  OK  [0m] Started Remount Root and Kernel File Systems.
[[0;32m  OK  [0m] Started Journal Service.
[[0;32m  OK  [0m] Mounted FUSE Control File System.
         Starting Flush Journal to Persistent Storage...
         Starting Load/Save Random Seed...
         Starting Create Static Device Nodes in /dev...
[[0;32m  OK  [0m] Started Apply Kernel Variables.
[[0;32m  OK  [0m] Mounted Kernel Configuration File System.
[[0;32m  OK  [0m] Started Load/Save Random Seed.
[[0;32m  OK  [0m] Started Create Static Device Nodes in /dev.
         Starting udev Kernel Device Manager...
[[0;32m  OK  [0m] Started Flush Journal to Persistent Storage.
[[0;32m  OK  [0m] Started Setup Virtual Console.
[[0;32m  OK  [0m] Started udev Coldplug all Devices.
         Starting udev Wait for Complete Device Initialization...
[[0;32m  OK  [0m] Started udev Kernel Device Manager.
         Starting Show Plymouth Boot Screen...
[[0;32m  OK  [0m] Started Show Plymouth Boot Screen.
[[0;32m  OK  [0m] Reached target Local Encrypted Volumes.
[[0;32m  OK  [0m] Reached target Paths.
[[0;32m  OK  [0m] Started Forward Password Requests to Plymouth Directory Watch.
[[0;32m  OK  [0m] Found device /dev/ttyS0.
[[0;32m  OK  [0m] Started Monitoring of LVM2 mirrors,â€¦sing dmeventd or progress polling.
[[0;32m  OK  [0m] Listening on Load/Save RF Kill Switch Status /dev/rfkill Watch.
[[0;32m  OK  [0m] Started udev Wait for Complete Device Initialization.
[[0;32m  OK  [0m] Reached target Local File Systems (Pre).
[[0;32m  OK  [0m] Reached target Local File Systems.
         Starting Tell Plymouth To Write Out Runtime Data...
         Starting Create Volatile Files and Directories...
         Starting Restore /run/initramfs on shutdown...
[[0;32m  OK  [0m] Started Restore /run/initramfs on shutdown.
[[0;32m  OK  [0m] Started Tell Plymouth To Write Out Runtime Data.
[[0;32m  OK  [0m] Started Create Volatile Files and Directories.
         Mounting RPC Pipe File System...
         Starting Security Auditing Service...
         Starting RPC Bind...
[[0;32m  OK  [0m] Mounted RPC Pipe File System.
[[0;32m  OK  [0m] Reached target rpc_pipefs.target.
[[0;32m  OK  [0m] Started RPC Bind.
[[0;32m  OK  [0m] Started Security Auditing Service.
         Starting Update UTMP about System Boot/Shutdown...
[[0;32m  OK  [0m] Started Update UTMP about System Boot/Shutdown.
[[0;32m  OK  [0m] Reached target System Initialization.
[[0;32m  OK  [0m] Started daily update of the root trust anchor for DNSSEC.
[[0;32m  OK  [0m] Started Daily Cleanup of Temporary Directories.
[[0;32m  OK  [0m] Started dnf makecache --timer.
[[0;32m  OK  [0m] Reached target Timers.
[[0;32m  OK  [0m] Listening on D-Bus System Message Bus Socket.
[[0;32m  OK  [0m] Listening on SSSD Kerberos Cache Manager responder socket.
[[0;32m  OK  [0m] Reached target Sockets.
[[0;32m  OK  [0m] Reached target Basic System.
         Starting Auto-connect to subsystemsâ€¦-NVME devices found during boot...
         Starting Login Service...
[[0;32m  OK  [0m] Started D-Bus System Message Bus.
         Starting Self Monitoring and Reporting Technology (SMART) Daemon...
         Starting Authorization Manager...
[[0;32m  OK  [0m] Reached target sshd-keygen.target.
         Starting Network Manager...
[[0;32m  OK  [0m] Started Machine Check Exception Logging Daemon.
         Starting NTP client/server...
[[0;32m  OK  [0m] Started irqbalance daemon.
[[0;32m  OK  [0m] Started Auto-connect to subsystems â€¦FC-NVME devices found during boot.
[[0;32m  OK  [0m] Started Login Service.
[[0;32m  OK  [0m] Started Self Monitoring and Reporting Technology (SMART) Daemon.
[[0;32m  OK  [0m] Started Network Manager.
[[0;32m  OK  [0m] Reached target Network.
         Starting GSSAPI Proxy Daemon...
         Starting OpenSSH server daemon...
         Starting Dynamic System Tuning Daemon...
         Starting Network Manager Wait Online...
         Starting Hostname Service...
[[0;32m  OK  [0m] Started NTP client/server.
[[0;32m  OK  [0m] Started Authorization Manager.
[[0;32m  OK  [0m] Started Hostname Service.
         Starting Network Manager Script Dispatcher Service...
[[0;32m  OK  [0m] Started Network Manager Script Dispatcher Service.
[    3.927290] e1000: eth0 NIC Link is Up 1000 Mbps Full Duplex, Flow Control: RX
[    3.928033] IPv6: ADDRCONF(NETDEV_CHANGE): eth0: link becomes ready
[[0;32m  OK  [0m] Started Dynamic System Tuning Daemon.
[[0;32m  OK  [0m] Started Network Manager Wait Online.
[[0;32m  OK  [0m] Reached target Network is Online.
         Starting Notify NFS peers of a restart...
         Starting System Logging Service...
[[0;32m  OK  [0m] Started Notify NFS peers of a restart.
[[0;32m  OK  [0m] Started System Logging Service.
[    5.183172] random: crng init done
[    5.183407] random: 7 urandom warning(s) missed due to ratelimiting
[[0;32m  OK  [0m] Started GSSAPI Proxy Daemon.
[[0;32m  OK  [0m] Reached target NFS client services.
[[0;32m  OK  [0m] Reached target Remote File Systems (Pre).
[[0;32m  OK  [0m] Reached target Remote File Systems.
         Starting Permit User Sessions...
[[0;32m  OK  [0m] Started Permit User Sessions.
         Starting Terminate Plymouth Boot Screen...
[[0;32m  OK  [0m] Started Command Scheduler.
         Starting Hold until boot process finishes up...
[[0;32m  OK  [0m] Started OpenSSH server daemon.

CentOS Stream 8
Kernel 5.16.0-rc5-7cd2802d7496+ on an x86_64

test login: [  300.135308] INFO: task rcu_tasks_kthre:9 blocked for more than 147 seconds.
[  300.135690]       Not tainted 5.16.0-rc5-7cd2802d7496+ #1
[  300.135973] "echo 0 > /proc/sys/kernel/hung_task_timeout_secs" disables this message.
[  300.136375] task:rcu_tasks_kthre state:D stack:    0 pid:    9 ppid:     2 flags:0x00004000
[  300.136810] Call Trace:
[  300.136945]  <TASK>
[  300.137064]  __schedule+0x405/0x950
[  300.137260]  ? _raw_spin_unlock_irqrestore+0x29/0x3d
[  300.137527]  schedule+0x48/0xd0
[  300.137700]  schedule_timeout+0x33e/0x420
[  300.137920]  ? __sanitizer_cov_trace_pc+0x21/0x50
[  300.138173]  ? queue_delayed_work_on+0x81/0xc0
[  300.138414]  wait_for_completion+0x9c/0x100
[  300.138642]  __synchronize_srcu.part.23+0x83/0xb0
[  300.138895]  ? __bpf_trace_rcu_stall_warning+0x10/0x10
[  300.139214]  synchronize_srcu+0xd2/0x100
[  300.139452]  rcu_tasks_postscan+0x15/0x20
[  300.139694]  rcu_tasks_wait_gp+0xfa/0x200
[  300.139938]  ? rcu_tasks_kthread+0x128/0x1c0
[  300.140171]  rcu_tasks_kthread+0x10e/0x1c0
[  300.140391]  ? wait_woken+0x70/0x70
[  300.140582]  ? rcu_tasks_postscan+0x20/0x20
[  300.140807]  kthread+0x1d4/0x210
[  300.140984]  ? set_kthread_struct+0x80/0x80
[  300.141210]  ret_from_fork+0x1f/0x30
[  300.141407]  </TASK>
[  300.141549] INFO: task repro:564 blocked for more than 147 seconds.
[  300.141879]       Not tainted 5.16.0-rc5-7cd2802d7496+ #1
[  300.142159] "echo 0 > /proc/sys/kernel/hung_task_timeout_secs" disables this message.
[  300.142560] task:repro           state:D stack:    0 pid:  564 ppid:   563 flags:0x00004004
[  300.142994] Call Trace:
[  300.143137]  <TASK>
[  300.143273]  __schedule+0x405/0x950
[  300.143485]  ? default_wake_function+0x1a/0x20
[  300.143751]  schedule+0x48/0xd0
[  300.143933]  schedule_timeout+0x33e/0x420
[  300.144148]  ? _raw_spin_unlock_irqrestore+0x29/0x3d
[  300.144413]  ? __wake_up_common_lock+0x8c/0xc0
[  300.144655]  wait_for_completion+0x9c/0x100
[  300.144881]  __wait_rcu_gp+0x11d/0x140
[  300.145084]  rcu_barrier_tasks+0x3b/0x60
[  300.145296]  ? call_rcu_tasks_generic+0x80/0x80
[  300.145539]  ? __bpf_trace_rcu_stall_warning+0x10/0x10
[  300.145812]  synchronize_rcu_tasks+0xe/0x10
[  300.146038]  ftrace_shutdown+0x30d/0x3f0
[  300.146251]  unregister_ftrace_function+0x23/0x40
[  300.146501]  perf_ftrace_event_register+0x89/0xf0
[  300.146754]  ? perf_tp_event_init+0xa0/0xa0
[  300.146984]  perf_trace_destroy+0x32/0x50
[  300.147224]  tp_perf_event_destroy+0x1a/0x20
[  300.147483]  _free_event+0xff/0x690
[  300.147696]  put_event+0x3c/0x50
[  300.147895]  perf_event_release_kernel+0x2ee/0x360
[  300.148181]  ? perf_event_release_kernel+0x5/0x360
[  300.148466]  ? perf_event_release_kernel+0x360/0x360
[  300.148760]  perf_release+0x1e/0x30
[  300.148973]  __fput+0x111/0x440
[  300.149167]  ____fput+0x1a/0x20
[  300.149360]  task_work_run+0x88/0xd0
[  300.149576]  exit_to_user_mode_prepare+0x1ac/0x1c0
[  300.149861]  syscall_exit_to_user_mode+0x1c/0x30
[  300.150136]  do_syscall_64+0x46/0x80
[  300.150354]  entry_SYSCALL_64_after_hwframe+0x44/0xae
[  300.150656] RIP: 0033:0x7fb99d3f859d
[  300.150873] RSP: 002b:00007ffe16928068 EFLAGS: 00000246 ORIG_RAX: 000000000000012a
[  300.151313] RAX: ffffffffffffffea RBX: 0000000000000000 RCX: 00007fb99d3f859d
[  300.151723] RDX: 0000000000000000 RSI: 0000000000000000 RDI: 00000000200001c0
[  300.152107] RBP: 00007ffe16928070 R08: 0000000000000000 R09: 00007ffe169280a0
[  300.152475] R10: 00000000ffffffff R11: 0000000000000246 R12: 0000000000401180
[  300.152843] R13: 00007ffe16928190 R14: 0000000000000000 R15: 0000000000000000
[  300.153214]  </TASK>
[  447.591344] INFO: task rcu_tasks_kthre:9 blocked for more than 294 seconds.
[  447.592077]       Not tainted 5.16.0-rc5-7cd2802d7496+ #1
[  447.592627] "echo 0 > /proc/sys/kernel/hung_task_timeout_secs" disables this message.
[  447.593409] task:rcu_tasks_kthre state:D stack:    0 pid:    9 ppid:     2 flags:0x00004000
[  447.594256] Call Trace:
[  447.594514]  <TASK>
[  447.594741]  __schedule+0x405/0x950
[  447.595122]  ? _raw_spin_unlock_irqrestore+0x29/0x3d
[  447.595654]  schedule+0x48/0xd0
[  447.595991]  schedule_timeout+0x33e/0x420
[  447.596410]  ? __sanitizer_cov_trace_pc+0x21/0x50
[  447.596899]  ? queue_delayed_work_on+0x81/0xc0
[  447.597365]  wait_for_completion+0x9c/0x100
[  447.597803]  __synchronize_srcu.part.23+0x83/0xb0
[  447.598295]  ? __bpf_trace_rcu_stall_warning+0x10/0x10
[  447.598828]  synchronize_srcu+0xd2/0x100
[  447.599205]  rcu_tasks_postscan+0x15/0x20
[  447.599456]  rcu_tasks_wait_gp+0xfa/0x200
[  447.599699]  ? rcu_tasks_kthread+0x128/0x1c0
[  447.599955]  rcu_tasks_kthread+0x10e/0x1c0
[  447.600176]  ? wait_woken+0x70/0x70
[  447.600368]  ? rcu_tasks_postscan+0x20/0x20
[  447.600596]  kthread+0x1d4/0x210
[  447.600774]  ? set_kthread_struct+0x80/0x80
[  447.601000]  ret_from_fork+0x1f/0x30
[  447.601197]  </TASK>
[  447.601339] INFO: task repro:564 blocked for more than 294 seconds.
[  447.601666]       Not tainted 5.16.0-rc5-7cd2802d7496+ #1
[  447.601948] "echo 0 > /proc/sys/kernel/hung_task_timeout_secs" disables this message.
[  447.602350] task:repro           state:D stack:    0 pid:  564 ppid:   563 flags:0x00004004
[  447.602785] Call Trace:
[  447.602918]  <TASK>
[  447.603035]  __schedule+0x405/0x950
[  447.603263]  ? default_wake_function+0x1a/0x20
[  447.603533]  schedule+0x48/0xd0
[  447.603727]  schedule_timeout+0x33e/0x420
[  447.603972]  ? _raw_spin_unlock_irqrestore+0x29/0x3d
[  447.604272]  ? __wake_up_common_lock+0x8c/0xc0
[  447.604545]  wait_for_completion+0x9c/0x100
[  447.604802]  __wait_rcu_gp+0x11d/0x140
[  447.605034]  rcu_barrier_tasks+0x3b/0x60
[  447.605274]  ? call_rcu_tasks_generic+0x80/0x80
[  447.605550]  ? __bpf_trace_rcu_stall_warning+0x10/0x10
[  447.605860]  synchronize_rcu_tasks+0xe/0x10
[  447.606116]  ftrace_shutdown+0x30d/0x3f0
[  447.606356]  unregister_ftrace_function+0x23/0x40
[  447.606643]  perf_ftrace_event_register+0x89/0xf0
[  447.606932]  ? perf_tp_event_init+0xa0/0xa0
[  447.607199]  perf_trace_destroy+0x32/0x50
[  447.607447]  tp_perf_event_destroy+0x1a/0x20
[  447.607708]  _free_event+0xff/0x690
[  447.607927]  put_event+0x3c/0x50
[  447.608111]  perf_event_release_kernel+0x2ee/0x360
[  447.608374]  ? perf_event_release_kernel+0x5/0x360
[  447.608636]  ? perf_event_release_kernel+0x360/0x360
[  447.608908]  perf_release+0x1e/0x30
[  447.609104]  __fput+0x111/0x440
[  447.609282]  ____fput+0x1a/0x20
[  447.609458]  task_work_run+0x88/0xd0
[  447.609658]  exit_to_user_mode_prepare+0x1ac/0x1c0
[  447.609923]  syscall_exit_to_user_mode+0x1c/0x30
[  447.610179]  do_syscall_64+0x46/0x80
[  447.610380]  entry_SYSCALL_64_after_hwframe+0x44/0xae
[  447.610659] RIP: 0033:0x7fb99d3f859d
[  447.610861] RSP: 002b:00007ffe16928068 EFLAGS: 00000246 ORIG_RAX: 000000000000012a
[  447.611297] RAX: ffffffffffffffea RBX: 0000000000000000 RCX: 00007fb99d3f859d
[  447.611728] RDX: 0000000000000000 RSI: 0000000000000000 RDI: 00000000200001c0
[  447.612133] RBP: 00007ffe16928070 R08: 0000000000000000 R09: 00007ffe169280a0
[  447.612518] R10: 00000000ffffffff R11: 0000000000000246 R12: 0000000000401180
[  447.612906] R13: 00007ffe16928190 R14: 0000000000000000 R15: 0000000000000000
[  447.613293]  </TASK>
[  595.047306] INFO: task rcu_tasks_kthre:9 blocked for more than 442 seconds.
[  595.047690]       Not tainted 5.16.0-rc5-7cd2802d7496+ #1
[  595.047973] "echo 0 > /proc/sys/kernel/hung_task_timeout_secs" disables this message.
[  595.048375] task:rcu_tasks_kthre state:D stack:    0 pid:    9 ppid:     2 flags:0x00004000
[  595.048812] Call Trace:
[  595.048947]  <TASK>
[  595.049065]  __schedule+0x405/0x950
[  595.049260]  ? _raw_spin_unlock_irqrestore+0x29/0x3d
[  595.049526]  schedule+0x48/0xd0
[  595.049702]  schedule_timeout+0x33e/0x420
[  595.049918]  ? __sanitizer_cov_trace_pc+0x21/0x50
[  595.050171]  ? queue_delayed_work_on+0x81/0xc0
[  595.050412]  wait_for_completion+0x9c/0x100
[  595.050640]  __synchronize_srcu.part.23+0x83/0xb0
[  595.050893]  ? __bpf_trace_rcu_stall_warning+0x10/0x10
[  595.051200]  synchronize_srcu+0xd2/0x100
[  595.051438]  rcu_tasks_postscan+0x15/0x20
[  595.051681]  rcu_tasks_wait_gp+0xfa/0x200
[  595.051924]  ? rcu_tasks_kthread+0x128/0x1c0
[  595.052159]  rcu_tasks_kthread+0x10e/0x1c0
[  595.052382]  ? wait_woken+0x70/0x70
[  595.052571]  ? rcu_tasks_postscan+0x20/0x20
[  595.052796]  kthread+0x1d4/0x210
[  595.052974]  ? set_kthread_struct+0x80/0x80
[  595.053199]  ret_from_fork+0x1f/0x30
[  595.053395]  </TASK>
[  595.053537] INFO: task repro:564 blocked for more than 442 seconds.
[  595.053861]       Not tainted 5.16.0-rc5-7cd2802d7496+ #1
[  595.054142] "echo 0 > /proc/sys/kernel/hung_task_timeout_secs" disables this message.
[  595.054544] task:repro           state:D stack:    0 pid:  564 ppid:   563 flags:0x00004004
[  595.054977] Call Trace:
[  595.055117]  <TASK>
[  595.055257]  __schedule+0x405/0x950
[  595.055479]  ? default_wake_function+0x1a/0x20
[  595.055745]  schedule+0x48/0xd0
[  595.055938]  schedule_timeout+0x33e/0x420
[  595.056178]  ? _raw_spin_unlock_irqrestore+0x29/0x3d
[  595.056472]  ? __wake_up_common_lock+0x8c/0xc0
[  595.056739]  wait_for_completion+0x9c/0x100
[  595.056991]  __wait_rcu_gp+0x11d/0x140
[  595.057218]  rcu_barrier_tasks+0x3b/0x60
[  595.057455]  ? call_rcu_tasks_generic+0x80/0x80
[  595.057725]  ? __bpf_trace_rcu_stall_warning+0x10/0x10
[  595.058030]  synchronize_rcu_tasks+0xe/0x10
[  595.058283]  ftrace_shutdown+0x30d/0x3f0
[  595.058519]  unregister_ftrace_function+0x23/0x40
[  595.058799]  perf_ftrace_event_register+0x89/0xf0
[  595.059084]  ? perf_tp_event_init+0xa0/0xa0
[  595.059331]  perf_trace_destroy+0x32/0x50
[  595.059574]  tp_perf_event_destroy+0x1a/0x20
[  595.059831]  _free_event+0xff/0x690
[  595.060029]  put_event+0x3c/0x50
[  595.060205]  perf_event_release_kernel+0x2ee/0x360
[  595.060460]  ? perf_event_release_kernel+0x5/0x360
[  595.060717]  ? perf_event_release_kernel+0x360/0x360
[  595.060981]  perf_release+0x1e/0x30
[  595.061172]  __fput+0x111/0x440
[  595.061346]  ____fput+0x1a/0x20
[  595.061519]  task_work_run+0x88/0xd0
[  595.061713]  exit_to_user_mode_prepare+0x1ac/0x1c0
[  595.061969]  syscall_exit_to_user_mode+0x1c/0x30
[  595.062215]  do_syscall_64+0x46/0x80
[  595.062410]  entry_SYSCALL_64_after_hwframe+0x44/0xae
[  595.062679] RIP: 0033:0x7fb99d3f859d
[  595.062870] RSP: 002b:00007ffe16928068 EFLAGS: 00000246 ORIG_RAX: 000000000000012a
[  595.063292] RAX: ffffffffffffffea RBX: 0000000000000000 RCX: 00007fb99d3f859d
[  595.063702] RDX: 0000000000000000 RSI: 0000000000000000 RDI: 00000000200001c0
[  595.064092] RBP: 00007ffe16928070 R08: 0000000000000000 R09: 00007ffe169280a0
[  595.064461] R10: 00000000ffffffff R11: 0000000000000246 R12: 0000000000401180
[  595.064830] R13: 00007ffe16928190 R14: 0000000000000000 R15: 0000000000000000
[  595.065201]  </TASK>
[  742.503309] INFO: task rcu_tasks_kthre:9 blocked for more than 589 seconds.
[  742.503691]       Not tainted 5.16.0-rc5-7cd2802d7496+ #1
[  742.503973] "echo 0 > /proc/sys/kernel/hung_task_timeout_secs" disables this message.
[  742.504374] task:rcu_tasks_kthre state:D stack:    0 pid:    9 ppid:     2 flags:0x00004000
[  742.504810] Call Trace:
[  742.504942]  <TASK>
[  742.505062]  __schedule+0x405/0x950
[  742.505257]  ? _raw_spin_unlock_irqrestore+0x29/0x3d
[  742.505523]  schedule+0x48/0xd0
[  742.505696]  schedule_timeout+0x33e/0x420
[  742.505914]  ? __sanitizer_cov_trace_pc+0x21/0x50
[  742.506167]  ? queue_delayed_work_on+0x81/0xc0
[  742.506408]  wait_for_completion+0x9c/0x100
[  742.506635]  __synchronize_srcu.part.23+0x83/0xb0
[  742.506888]  ? __bpf_trace_rcu_stall_warning+0x10/0x10
[  742.507191]  synchronize_srcu+0xd2/0x100
[  742.507429]  rcu_tasks_postscan+0x15/0x20
[  742.507671]  rcu_tasks_wait_gp+0xfa/0x200
[  742.507909]  ? rcu_tasks_kthread+0x128/0x1c0
[  742.508138]  rcu_tasks_kthread+0x10e/0x1c0
[  742.508360]  ? wait_woken+0x70/0x70
[  742.508551]  ? rcu_tasks_postscan+0x20/0x20
[  742.508776]  kthread+0x1d4/0x210
[  742.508954]  ? set_kthread_struct+0x80/0x80
[  742.509180]  ret_from_fork+0x1f/0x30
[  742.509378]  </TASK>
[  742.509518] INFO: task repro:564 blocked for more than 589 seconds.
[  742.509844]       Not tainted 5.16.0-rc5-7cd2802d7496+ #1
[  742.510125] "echo 0 > /proc/sys/kernel/hung_task_timeout_secs" disables this message.
[  742.510528] task:repro           state:D stack:    0 pid:  564 ppid:   563 flags:0x00004004
[  742.510961] Call Trace:
[  742.511096]  <TASK>
[  742.511239]  __schedule+0x405/0x950
[  742.511457]  ? default_wake_function+0x1a/0x20
[  742.511725]  schedule+0x48/0xd0
[  742.511919]  schedule_timeout+0x33e/0x420
[  742.512165]  ? _raw_spin_unlock_irqrestore+0x29/0x3d
[  742.512464]  ? __wake_up_common_lock+0x8c/0xc0
[  742.512737]  wait_for_completion+0x9c/0x100
[  742.512995]  __wait_rcu_gp+0x11d/0x140
[  742.513226]  rcu_barrier_tasks+0x3b/0x60
[  742.513466]  ? call_rcu_tasks_generic+0x80/0x80
[  742.513742]  ? __bpf_trace_rcu_stall_warning+0x10/0x10
[  742.514056]  synchronize_rcu_tasks+0xe/0x10
[  742.514311]  ftrace_shutdown+0x30d/0x3f0
[  742.514551]  unregister_ftrace_function+0x23/0x40
[  742.514838]  perf_ftrace_event_register+0x89/0xf0
[  742.515131]  ? perf_tp_event_init+0xa0/0xa0
[  742.515396]  perf_trace_destroy+0x32/0x50
[  742.515642]  tp_perf_event_destroy+0x1a/0x20
[  742.515899]  _free_event+0xff/0x690
[  742.516093]  put_event+0x3c/0x50
[  742.516272]  perf_event_release_kernel+0x2ee/0x360
[  742.516534]  ? perf_event_release_kernel+0x5/0x360
[  742.516799]  ? perf_event_release_kernel+0x360/0x360
[  742.517069]  perf_release+0x1e/0x30
[  742.517263]  __fput+0x111/0x440
[  742.517441]  ____fput+0x1a/0x20
[  742.517620]  task_work_run+0x88/0xd0
[  742.517820]  exit_to_user_mode_prepare+0x1ac/0x1c0
[  742.518084]  syscall_exit_to_user_mode+0x1c/0x30
[  742.518340]  do_syscall_64+0x46/0x80
[  742.518541]  entry_SYSCALL_64_after_hwframe+0x44/0xae
[  742.518820] RIP: 0033:0x7fb99d3f859d
[  742.519021] RSP: 002b:00007ffe16928068 EFLAGS: 00000246 ORIG_RAX: 000000000000012a
[  742.519446] RAX: ffffffffffffffea RBX: 0000000000000000 RCX: 00007fb99d3f859d
[  742.519859] RDX: 0000000000000000 RSI: 0000000000000000 RDI: 00000000200001c0
[  742.520249] RBP: 00007ffe16928070 R08: 0000000000000000 R09: 00007ffe169280a0
[  742.520618] R10: 00000000ffffffff R11: 0000000000000246 R12: 0000000000401180
[  742.520987] R13: 00007ffe16928190 R14: 0000000000000000 R15: 0000000000000000
[  742.521359]  </TASK>
[  889.959331] INFO: task rcu_tasks_kthre:9 blocked for more than 737 seconds.
[  889.959708]       Not tainted 5.16.0-rc5-7cd2802d7496+ #1
[  889.959991] "echo 0 > /proc/sys/kernel/hung_task_timeout_secs" disables this message.
[  889.960394] task:rcu_tasks_kthre state:D stack:    0 pid:    9 ppid:     2 flags:0x00004000
[  889.960833] Call Trace:
[  889.960966]  <TASK>
[  889.961083]  __schedule+0x405/0x950
[  889.961279]  ? _raw_spin_unlock_irqrestore+0x29/0x3d
[  889.961547]  schedule+0x48/0xd0
[  889.961720]  schedule_timeout+0x33e/0x420
[  889.961938]  ? __sanitizer_cov_trace_pc+0x21/0x50
[  889.962194]  ? queue_delayed_work_on+0x81/0xc0
[  889.962435]  wait_for_completion+0x9c/0x100
[  889.962661]  __synchronize_srcu.part.23+0x83/0xb0
[  889.962915]  ? __bpf_trace_rcu_stall_warning+0x10/0x10
[  889.963219]  synchronize_srcu+0xd2/0x100
[  889.963457]  rcu_tasks_postscan+0x15/0x20
[  889.963701]  rcu_tasks_wait_gp+0xfa/0x200
[  889.963941]  ? rcu_tasks_kthread+0x128/0x1c0
[  889.964171]  rcu_tasks_kthread+0x10e/0x1c0
[  889.964394]  ? wait_woken+0x70/0x70
[  889.964584]  ? rcu_tasks_postscan+0x20/0x20
[  889.964809]  kthread+0x1d4/0x210
[  889.964987]  ? set_kthread_struct+0x80/0x80
[  889.965213]  ret_from_fork+0x1f/0x30
[  889.965410]  </TASK>
[  889.965550] INFO: task repro:564 blocked for more than 737 seconds.
[  889.965876]       Not tainted 5.16.0-rc5-7cd2802d7496+ #1
[  889.966157] "echo 0 > /proc/sys/kernel/hung_task_timeout_secs" disables this message.
[  889.966559] task:repro           state:D stack:    0 pid:  564 ppid:   563 flags:0x00004004
[  889.967009] Call Trace:
[  889.967168]  <TASK>
[  889.967304]  __schedule+0x405/0x950
[  889.967518]  ? default_wake_function+0x1a/0x20
[  889.967787]  schedule+0x48/0xd0
[  889.967960]  schedule_timeout+0x33e/0x420
[  889.968180]  ? _raw_spin_unlock_irqrestore+0x29/0x3d
[  889.968446]  ? __wake_up_common_lock+0x8c/0xc0
[  889.968688]  wait_for_completion+0x9c/0x100
[  889.968921]  __wait_rcu_gp+0x11d/0x140
[  889.969131]  rcu_barrier_tasks+0x3b/0x60
[  889.969345]  ? call_rcu_tasks_generic+0x80/0x80
[  889.969589]  ? __bpf_trace_rcu_stall_warning+0x10/0x10
[  889.969869]  synchronize_rcu_tasks+0xe/0x10
[  889.970098]  ftrace_shutdown+0x30d/0x3f0
[  889.970313]  unregister_ftrace_function+0x23/0x40
[  889.970567]  perf_ftrace_event_register+0x89/0xf0
[  889.970824]  ? perf_tp_event_init+0xa0/0xa0
[  889.971056]  perf_trace_destroy+0x32/0x50
[  889.971311]  tp_perf_event_destroy+0x1a/0x20
[  889.971570]  _free_event+0xff/0x690
[  889.971789]  put_event+0x3c/0x50
[  889.971990]  perf_event_release_kernel+0x2ee/0x360
[  889.972282]  ? perf_event_release_kernel+0x5/0x360
[  889.972572]  ? perf_event_release_kernel+0x360/0x360
[  889.972872]  perf_release+0x1e/0x30
[  889.973088]  __fput+0x111/0x440
[  889.973287]  ____fput+0x1a/0x20
[  889.973484]  task_work_run+0x88/0xd0
[  889.973706]  exit_to_user_mode_prepare+0x1ac/0x1c0
[  889.974002]  syscall_exit_to_user_mode+0x1c/0x30
[  889.974283]  do_syscall_64+0x46/0x80
[  889.974507]  entry_SYSCALL_64_after_hwframe+0x44/0xae
[  889.974817] RIP: 0033:0x7fb99d3f859d
[  889.975040] RSP: 002b:00007ffe16928068 EFLAGS: 00000246 ORIG_RAX: 000000000000012a
[  889.975509] RAX: ffffffffffffffea RBX: 0000000000000000 RCX: 00007fb99d3f859d
[  889.975935] RDX: 0000000000000000 RSI: 0000000000000000 RDI: 00000000200001c0
[  889.976322] RBP: 00007ffe16928070 R08: 0000000000000000 R09: 00007ffe169280a0
[  889.976707] R10: 00000000ffffffff R11: 0000000000000246 R12: 0000000000401180
[  889.977092] R13: 00007ffe16928190 R14: 0000000000000000 R15: 0000000000000000
[  889.977477]  </TASK>
