c[?7l[2J[0mSeaBIOS (version rel-1.14.0-0-g155821a1990b-prebuilt.qemu.org)


iPXE (http://ipxe.org) 00:03.0 CA00 PCI2.10 PnP PMM+7FF8F030+7FEEF030 CA00
Press Ctrl-B to configure iPXE (PCI 00:03.0)...                                                                               


Booting from ROM..c[?7l[2J[    0.000000] Linux version 5.15.0-rc4-7d380f24fe66+ (root@p-rplp01) (gcc (GCC) 8.5.0 20210514 (Red Hat 8.5.0-17), GNU ld version 2.36.1-2.el8) #1 SMP PREEMPT Tue Nov 15 22:48:39 CST 2022
[    0.000000] Command line: console=ttyS0 root=/dev/sda earlyprintk=serial net.ifnames=0
[    0.000000] KERNEL supported cpus:
[    0.000000]   Intel GenuineIntel
[    0.000000]   AMD AuthenticAMD
[    0.000000]   Hygon HygonGenuine
[    0.000000]   Centaur CentaurHauls
[    0.000000]   zhaoxin   Shanghai  
[    0.000000] x86/fpu: Supporting XSAVE feature 0x001: 'x87 floating point registers'
[    0.000000] x86/fpu: Supporting XSAVE feature 0x002: 'SSE registers'
[    0.000000] x86/fpu: Supporting XSAVE feature 0x004: 'AVX registers'
[    0.000000] x86/fpu: Supporting XSAVE feature 0x200: 'Protection Keys User registers'
[    0.000000] x86/fpu: xstate_offset[2]:  576, xstate_sizes[2]:  256
[    0.000000] x86/fpu: xstate_offset[9]:  832, xstate_sizes[9]:    8
[    0.000000] x86/fpu: Enabled xstate features 0x207, context size is 840 bytes, using 'compacted' format.
[    0.000000] signal: max sigframe size: 3632
[    0.000000] BIOS-provided physical RAM map:
[    0.000000] BIOS-e820: [mem 0x0000000000000000-0x000000000009fbff] usable
[    0.000000] BIOS-e820: [mem 0x000000000009fc00-0x000000000009ffff] reserved
[    0.000000] BIOS-e820: [mem 0x00000000000f0000-0x00000000000fffff] reserved
[    0.000000] BIOS-e820: [mem 0x0000000000100000-0x000000007ffdffff] usable
[    0.000000] BIOS-e820: [mem 0x000000007ffe0000-0x000000007fffffff] reserved
[    0.000000] BIOS-e820: [mem 0x00000000feffc000-0x00000000feffffff] reserved
[    0.000000] BIOS-e820: [mem 0x00000000fffc0000-0x00000000ffffffff] reserved
[    0.000000] printk: bootconsole [earlyser0] enabled
[    0.000000] NX (Execute Disable) protection: active
[    0.000000] SMBIOS 2.8 present.
[    0.000000] DMI: QEMU Standard PC (i440FX + PIIX, 1996), BIOS rel-1.14.0-0-g155821a1990b-prebuilt.qemu.org 04/01/2014
[    0.000000] Hypervisor detected: KVM
[    0.000000] kvm-clock: Using msrs 4b564d01 and 4b564d00
[    0.000000] kvm-clock: cpu 0, msr 4601001, primary cpu clock
[    0.000005] kvm-clock: using sched offset of 1117111758 cycles
[    0.000591] clocksource: kvm-clock: mask: 0xffffffffffffffff max_cycles: 0x1cd42e4dffb, max_idle_ns: 881590591483 ns
[    0.002199] tsc: Detected 1881.600 MHz processor
[    0.008691] last_pfn = 0x7ffe0 max_arch_pfn = 0x400000000
[    0.009330] x86/PAT: Configuration [0-7]: WB  WC  UC- UC  WB  WP  UC- WT  
[    0.016678] found SMP MP-table at [mem 0x000f5a90-0x000f5a9f]
[    0.017411] Using GB pages for direct mapping
[    0.018786] ACPI: Early table checksum verification disabled
[    0.019379] ACPI: RSDP 0x00000000000F5870 000014 (v00 BOCHS )
[    0.019982] ACPI: RSDT 0x000000007FFE1959 000034 (v01 BOCHS  BXPC     00000001 BXPC 00000001)
[    0.020865] ACPI: FACP 0x000000007FFE1805 000074 (v01 BOCHS  BXPC     00000001 BXPC 00000001)
[    0.021746] ACPI: DSDT 0x000000007FFE0040 0017C5 (v01 BOCHS  BXPC     00000001 BXPC 00000001)
[    0.022617] ACPI: FACS 0x000000007FFE0000 000040
[    0.023087] ACPI: APIC 0x000000007FFE1879 000080 (v01 BOCHS  BXPC     00000001 BXPC 00000001)
[    0.023954] ACPI: HPET 0x000000007FFE18F9 000038 (v01 BOCHS  BXPC     00000001 BXPC 00000001)
[    0.024830] ACPI: WAET 0x000000007FFE1931 000028 (v01 BOCHS  BXPC     00000001 BXPC 00000001)
[    0.025694] ACPI: Reserving FACP table memory at [mem 0x7ffe1805-0x7ffe1878]
[    0.026410] ACPI: Reserving DSDT table memory at [mem 0x7ffe0040-0x7ffe1804]
[    0.027109] ACPI: Reserving FACS table memory at [mem 0x7ffe0000-0x7ffe003f]
[    0.027814] ACPI: Reserving APIC table memory at [mem 0x7ffe1879-0x7ffe18f8]
[    0.028523] ACPI: Reserving HPET table memory at [mem 0x7ffe18f9-0x7ffe1930]
[    0.029203] ACPI: Reserving WAET table memory at [mem 0x7ffe1931-0x7ffe1958]
[    0.030582] No NUMA configuration found
[    0.030971] Faking a node at [mem 0x0000000000000000-0x000000007ffdffff]
[    0.031695] NODE_DATA(0) allocated [mem 0x7ffb5000-0x7ffdffff]
[    0.035851] Zone ranges:
[    0.036152]   DMA      [mem 0x0000000000001000-0x0000000000ffffff]
[    0.036765]   DMA32    [mem 0x0000000001000000-0x000000007ffdffff]
[    0.037369]   Normal   empty
[    0.037660]   Device   empty
[    0.037943] Movable zone start for each node
[    0.038359] Early memory node ranges
[    0.038707]   node   0: [mem 0x0000000000001000-0x000000000009efff]
[    0.039320]   node   0: [mem 0x0000000000100000-0x000000007ffdffff]
[    0.039940] Initmem setup node 0 [mem 0x0000000000001000-0x000000007ffdffff]
[    0.042688] On node 0, zone DMA: 1 pages in unavailable ranges
[    0.042721] On node 0, zone DMA: 97 pages in unavailable ranges
[    0.075223] On node 0, zone DMA32: 32 pages in unavailable ranges
[    0.076119] ACPI: PM-Timer IO Port: 0x608
[    0.077156] ACPI: LAPIC_NMI (acpi_id[0xff] dfl dfl lint[0x1])
[    0.077800] IOAPIC[0]: apic_id 0, version 17, address 0xfec00000, GSI 0-23
[    0.078521] ACPI: INT_SRC_OVR (bus 0 bus_irq 0 global_irq 2 dfl dfl)
[    0.079161] ACPI: INT_SRC_OVR (bus 0 bus_irq 5 global_irq 5 high level)
[    0.079834] ACPI: INT_SRC_OVR (bus 0 bus_irq 9 global_irq 9 high level)
[    0.080503] ACPI: INT_SRC_OVR (bus 0 bus_irq 10 global_irq 10 high level)
[    0.081175] ACPI: INT_SRC_OVR (bus 0 bus_irq 11 global_irq 11 high level)
[    0.081870] ACPI: Using ACPI (MADT) for SMP configuration information
[    0.082512] ACPI: HPET id: 0x8086a201 base: 0xfed00000
[    0.083047] TSC deadline timer available
[    0.083442] smpboot: Allowing 2 CPUs, 0 hotplug CPUs
[    0.083977] kvm-guest: KVM setup pv remote TLB flush
[    0.084479] kvm-guest: setup PV sched yield
[    0.084930] PM: hibernation: Registered nosave memory: [mem 0x00000000-0x00000fff]
[    0.085690] PM: hibernation: Registered nosave memory: [mem 0x0009f000-0x0009ffff]
[    0.086450] PM: hibernation: Registered nosave memory: [mem 0x000a0000-0x000effff]
[    0.087203] PM: hibernation: Registered nosave memory: [mem 0x000f0000-0x000fffff]
[    0.087960] [mem 0x80000000-0xfeffbfff] available for PCI devices
[    0.088574] Booting paravirtualized kernel on KVM
[    0.089043] clocksource: refined-jiffies: mask: 0xffffffff max_cycles: 0xffffffff, max_idle_ns: 7645519600211568 ns
[    0.090098] setup_percpu: NR_CPUS:8192 nr_cpumask_bits:2 nr_cpu_ids:2 nr_node_ids:1
[    0.093483] percpu: Embedded 53 pages/cpu s180224 r8192 d28672 u1048576
[    0.094407] kvm-guest: setup async PF for cpu 0
[    0.094867] kvm-guest: stealtime: cpu 0, msr 7dc2b080
[    0.095385] kvm-guest: PV spinlocks enabled
[    0.095825] PV qspinlock hash table entries: 256 (order: 0, 4096 bytes, linear)
[    0.096612] Built 1 zonelists, mobility grouping on.  Total pages: 515808
[    0.097315] Policy zone: DMA32
[    0.097643] Kernel command line: net.ifnames=0 console=ttyS0 root=/dev/sda earlyprintk=serial net.ifnames=0
[    0.101812] Dentry cache hash table entries: 262144 (order: 9, 2097152 bytes, linear)
[    0.102913] Inode-cache hash table entries: 131072 (order: 8, 1048576 bytes, linear)
[    0.103850] mem auto-init: stack:off, heap alloc:off, heap free:off
[    0.110966] Memory: 2001856K/2096632K available (28689K kernel code, 4326K rwdata, 7444K rodata, 3204K init, 10712K bss, 94520K reserved, 0K cma-reserved)
[    0.112453] random: get_random_u64 called from __kmem_cache_create+0x2f/0x460 with crng_init=0
[    0.112938] SLUB: HWalign=64, Order=0-3, MinObjects=0, CPUs=2, Nodes=1
[    0.114403] kmemleak: Kernel memory leak detector disabled
[    0.114959] ftrace: allocating 63911 entries in 250 pages
[    0.213917] ftrace: allocated 250 pages with 6 groups
[    0.216568] Dynamic Preempt: none
[    0.217007] rcu: Preemptible hierarchical RCU implementation.
[    0.217565] rcu: 	RCU restricting CPUs from NR_CPUS=8192 to nr_cpu_ids=2.
[    0.218215] 	Trampoline variant of Tasks RCU enabled.
[    0.218710] 	Rude variant of Tasks RCU enabled.
[    0.219149] 	Tracing variant of Tasks RCU enabled.
[    0.219611] rcu: RCU calculated value of scheduler-enlistment delay is 25 jiffies.
[    0.220348] rcu: Adjusting geometry for rcu_fanout_leaf=16, nr_cpu_ids=2
[    0.244085] NR_IRQS: 524544, nr_irqs: 440, preallocated irqs: 16
[    0.252959] Console: colour VGA+ 80x25
[    0.253393] printk: console [ttyS0] enabled
[    0.253393] printk: console [ttyS0] enabled
[    0.254202] printk: bootconsole [earlyser0] disabled
[    0.254202] printk: bootconsole [earlyser0] disabled
[    0.255230] ACPI: Core revision 20210730
[    0.255831] clocksource: hpet: mask: 0xffffffff max_cycles: 0xffffffff, max_idle_ns: 19112604467 ns
[    0.256874] APIC: Switch to symmetric I/O mode setup
[    0.257752] x2apic enabled
[    0.258218] Switched APIC routing to physical x2apic.
[    0.258709] kvm-guest: setup PV IPIs
[    0.259894] ..TIMER: vector=0x30 apic1=0 pin1=2 apic2=-1 pin2=-1
[    0.260543] clocksource: tsc-early: mask: 0xffffffffffffffff max_cycles: 0x363e8c91135, max_idle_ns: 881590568389 ns
[    0.261687] Calibrating delay loop (skipped) preset value.. 3763.20 BogoMIPS (lpj=7526400)
[    0.262504] pid_max: default: 32768 minimum: 301
[    0.263052] LSM: Security Framework initializing
[    0.263529] Yama: becoming mindful.
[    0.263977] Mount-cache hash table entries: 4096 (order: 3, 32768 bytes, linear)
[    0.264757] Mountpoint-cache hash table entries: 4096 (order: 3, 32768 bytes, linear)
[    0.266520] x86/cpu: User Mode Instruction Prevention (UMIP) activated
[    0.267420] Last level iTLB entries: 4KB 0, 2MB 0, 4MB 0
[    0.267974] Last level dTLB entries: 4KB 0, 2MB 0, 4MB 0, 1GB 0
[    0.268622] Spectre V1 : Mitigation: usercopy/swapgs barriers and __user pointer sanitization
[    0.269693] Spectre V2 : Mitigation: Enhanced IBRS
[    0.270165] Spectre V2 : Spectre v2 / SpectreRSB mitigation: Filling RSB on context switch
[    0.270944] Spectre V2 : mitigation: Enabling conditional Indirect Branch Prediction Barrier
[    0.271711] Speculative Store Bypass: Mitigation: Speculative Store Bypass disabled via prctl and seccomp
[    0.302817] Freeing SMP alternatives memory: 56K
[    0.303592] smpboot: CPU0: Genuine Intel(R) 0000 (family: 0x6, model: 0xba, stepping: 0x2)
[    0.304635] Performance Events: generic architected perfmon, full-width counters, Intel PMU driver.
[    0.305548] ... version:                2
[    0.305673] ... bit width:              48
[    0.305673] ... generic registers:      6
[    0.305673] ... value mask:             0000ffffffffffff
[    0.305673] ... max period:             00007fffffffffff
[    0.305688] ... fixed-purpose events:   3
[    0.306106] ... event mask:             000000070000003f
[    0.306998] rcu: Hierarchical SRCU implementation.
[    0.309861] smp: Bringing up secondary CPUs ...
[    0.310561] x86: Booting SMP configuration:
[    0.310959] .... node  #0, CPUs:      #1
[    0.012664] kvm-clock: cpu 1, msr 4601041, secondary cpu clock
[    0.012664] smpboot: CPU 1 Converting physical 0 to logical die 1
[    0.313763] kvm-guest: setup async PF for cpu 1
[    0.314250] kvm-guest: stealtime: cpu 1, msr 7dd2b080
[    0.314727] smp: Brought up 1 node, 2 CPUs
[    0.314727] smpboot: Max logical packages: 2
[    0.314727] smpboot: Total of 2 processors activated (7526.40 BogoMIPS)
[    0.316027] devtmpfs: initialized
[    0.317819] x86/mm: Memory block size: 128MB
[    0.322002] clocksource: jiffies: mask: 0xffffffff max_cycles: 0xffffffff, max_idle_ns: 7645041785100000 ns
[    0.322944] futex hash table entries: 512 (order: 3, 32768 bytes, linear)
[    0.323706] pinctrl core: initialized pinctrl subsystem
[    0.324426] 
[    0.324569] *************************************************************
[    0.325171] **     NOTICE NOTICE NOTICE NOTICE NOTICE NOTICE NOTICE    **
[    0.325689] **                                                         **
[    0.326296] **  IOMMU DebugFS SUPPORT HAS BEEN ENABLED IN THIS KERNEL  **
[    0.326911] **                                                         **
[    0.327520] ** This means that this kernel is built to expose internal **
[    0.328133] ** IOMMU data structures, which may compromise security on **
[    0.328750] ** your system.                                            **
[    0.329365] **                                                         **
[    0.329681] ** If you see this message and you are not debugging the   **
[    0.330304] ** kernel, report this immediately to your vendor!         **
[    0.330916] **                                                         **
[    0.331529] **     NOTICE NOTICE NOTICE NOTICE NOTICE NOTICE NOTICE    **
[    0.332150] *************************************************************
[    0.332829] PM: RTC time: 15:22:31, date: 2022-11-15
[    0.334415] NET: Registered PF_NETLINK/PF_ROUTE protocol family
[    0.335394] DMA: preallocated 256 KiB GFP_KERNEL pool for atomic allocations
[    0.336051] DMA: preallocated 256 KiB GFP_KERNEL|GFP_DMA pool for atomic allocations
[    0.336765] DMA: preallocated 256 KiB GFP_KERNEL|GFP_DMA32 pool for atomic allocations
[    0.337543] audit: initializing netlink subsys (disabled)
[    0.337779] audit: type=2000 audit(1668525751.506:1): state=initialized audit_enabled=0 res=1
[    0.338118] thermal_sys: Registered thermal governor 'fair_share'
[    0.339242] thermal_sys: Registered thermal governor 'bang_bang'
[    0.339806] thermal_sys: Registered thermal governor 'step_wise'
[    0.340369] thermal_sys: Registered thermal governor 'user_space'
[    0.340949] cpuidle: using governor ladder
[    0.342070] cpuidle: using governor menu
[    0.342830] ACPI: bus type PCI registered
[    0.343207] acpiphp: ACPI Hot Plug PCI Controller Driver version: 0.5
[    0.344040] PCI: Using configuration type 1 for base access
[    0.352928] Kprobes globally optimized
[    0.353719] HugeTLB registered 1.00 GiB page size, pre-allocated 0 pages
[    0.354321] HugeTLB registered 2.00 MiB page size, pre-allocated 0 pages
[    0.357902] ACPI: Added _OSI(Module Device)
[    0.358330] ACPI: Added _OSI(Processor Device)
[    0.358742] ACPI: Added _OSI(3.0 _SCP Extensions)
[    0.359169] ACPI: Added _OSI(Processor Aggregator Device)
[    0.359673] ACPI: Added _OSI(Linux-Dell-Video)
[    0.360077] ACPI: Added _OSI(Linux-Lenovo-NV-HDMI-Audio)
[    0.360563] ACPI: Added _OSI(Linux-HPI-Hybrid-Graphics)
[    0.366057] ACPI: 1 ACPI AML tables successfully acquired and loaded
[    0.369648] ACPI: Interpreter enabled
[    0.369821] ACPI: PM: (supports S0 S3 S4 S5)
[    0.370218] ACPI: Using IOAPIC for interrupt routing
[    0.370718] PCI: Using host bridge windows from ACPI; if necessary, use "pci=nocrs" and report a bug
[    0.372175] ACPI: Enabled 2 GPEs in block 00 to 0F
[    0.384800] ACPI: PCI Root Bridge [PCI0] (domain 0000 [bus 00-ff])
[    0.385404] acpi PNP0A03:00: _OSC: OS supports [ASPM ClockPM Segments MSI EDR HPX-Type3]
[    0.385727] acpi PNP0A03:00: fail to add MMCONFIG information, can't access extended PCI configuration space under this bridge.
[    0.388200] acpiphp: Slot [3] registered
[    0.388621] acpiphp: Slot [4] registered
[    0.389041] acpiphp: Slot [5] registered
[    0.389466] acpiphp: Slot [6] registered
[    0.389740] acpiphp: Slot [7] registered
[    0.390158] acpiphp: Slot [8] registered
[    0.390573] acpiphp: Slot [9] registered
[    0.390990] acpiphp: Slot [10] registered
[    0.391437] acpiphp: Slot [11] registered
[    0.391865] acpiphp: Slot [12] registered
[    0.392297] acpiphp: Slot [13] registered
[    0.392734] acpiphp: Slot [14] registered
[    0.393174] acpiphp: Slot [15] registered
[    0.393631] acpiphp: Slot [16] registered
[    0.393749] acpiphp: Slot [17] registered
[    0.394192] acpiphp: Slot [18] registered
[    0.394636] acpiphp: Slot [19] registered
[    0.395093] acpiphp: Slot [20] registered
[    0.395516] acpiphp: Slot [21] registered
[    0.395945] acpiphp: Slot [22] registered
[    0.396383] acpiphp: Slot [23] registered
[    0.396839] acpiphp: Slot [24] registered
[    0.397275] acpiphp: Slot [25] registered
[    0.397742] acpiphp: Slot [26] registered
[    0.398197] acpiphp: Slot [27] registered
[    0.398640] acpiphp: Slot [28] registered
[    0.399052] acpiphp: Slot [29] registered
[    0.399453] acpiphp: Slot [30] registered
[    0.399896] acpiphp: Slot [31] registered
[    0.400301] PCI host bridge to bus 0000:00
[    0.400686] pci_bus 0000:00: root bus resource [io  0x0000-0x0cf7 window]
[    0.401315] pci_bus 0000:00: root bus resource [io  0x0d00-0xffff window]
[    0.401690] pci_bus 0000:00: root bus resource [mem 0x000a0000-0x000bffff window]
[    0.402385] pci_bus 0000:00: root bus resource [mem 0x80000000-0xfebfffff window]
[    0.403083] pci_bus 0000:00: root bus resource [mem 0x100000000-0x17fffffff window]
[    0.403790] pci_bus 0000:00: root bus resource [bus 00-ff]
[    0.404989] pci 0000:00:00.0: [8086:1237] type 00 class 0x060000
[    0.408938] pci 0000:00:01.0: [8086:7000] type 00 class 0x060100
[    0.410407] pci 0000:00:01.1: [8086:7010] type 00 class 0x010180
[    0.412792] pci 0000:00:01.1: reg 0x20: [io  0xc040-0xc04f]
[    0.414085] pci 0000:00:01.1: legacy IDE quirk: reg 0x10: [io  0x01f0-0x01f7]
[    0.414768] pci 0000:00:01.1: legacy IDE quirk: reg 0x14: [io  0x03f6]
[    0.415376] pci 0000:00:01.1: legacy IDE quirk: reg 0x18: [io  0x0170-0x0177]
[    0.416050] pci 0000:00:01.1: legacy IDE quirk: reg 0x1c: [io  0x0376]
[    0.417887] pci 0000:00:01.3: [8086:7113] type 00 class 0x068000
[    0.418769] pci 0000:00:01.3: quirk: [io  0x0600-0x063f] claimed by PIIX4 ACPI
[    0.419443] pci 0000:00:01.3: quirk: [io  0x0700-0x070f] claimed by PIIX4 SMB
[    0.421409] pci 0000:00:02.0: [1234:1111] type 00 class 0x030000
[    0.423250] pci 0000:00:02.0: reg 0x10: [mem 0xfd000000-0xfdffffff pref]
[    0.426189] pci 0000:00:02.0: reg 0x18: [mem 0xfebf0000-0xfebf0fff]
[    0.432190] pci 0000:00:02.0: reg 0x30: [mem 0xfebe0000-0xfebeffff pref]
[    0.438318] pci 0000:00:03.0: [8086:100e] type 00 class 0x020000
[    0.440463] pci 0000:00:03.0: reg 0x10: [mem 0xfebc0000-0xfebdffff]
[    0.442166] pci 0000:00:03.0: reg 0x14: [io  0xc000-0xc03f]
[    0.449038] pci 0000:00:03.0: reg 0x30: [mem 0xfeb80000-0xfebbffff pref]
[    0.460421] ACPI: PCI: Interrupt link LNKA configured for IRQ 10
[    0.461287] ACPI: PCI: Interrupt link LNKB configured for IRQ 10
[    0.461993] ACPI: PCI: Interrupt link LNKC configured for IRQ 11
[    0.462825] ACPI: PCI: Interrupt link LNKD configured for IRQ 11
[    0.463495] ACPI: PCI: Interrupt link LNKS configured for IRQ 9
[    0.464908] iommu: Default domain type: Translated 
[    0.464908] iommu: DMA domain TLB invalidation policy: lazy mode 
[    0.465767] pci 0000:00:02.0: vgaarb: setting as boot VGA device
[    0.466213] pci 0000:00:02.0: vgaarb: VGA device added: decodes=io+mem,owns=io+mem,locks=none
[    0.466926] pci 0000:00:02.0: vgaarb: bridge control possible
[    0.467417] vgaarb: loaded
[    0.468163] SCSI subsystem initialized
[    0.468541] ACPI: bus type USB registered
[    0.468541] usbcore: registered new interface driver usbfs
[    0.469713] usbcore: registered new interface driver hub
[    0.470172] usbcore: registered new device driver usb
[    0.470670] pps_core: LinuxPPS API ver. 1 registered
[    0.471092] pps_core: Software ver. 5.3.6 - Copyright 2005-2007 Rodolfo Giometti <giometti@linux.it>
[    0.471886] PTP clock support registered
[    0.472316] EDAC MC: Ver: 3.0.0
[    0.472316] NetLabel: Initializing
[    0.473680] NetLabel:  domain hash size = 128
[    0.474075] NetLabel:  protocols = UNLABELED CIPSOv4 CALIPSO
[    0.474630] NetLabel:  unlabeled traffic allowed by default
[    0.475193] PCI: Using ACPI for IRQ routing
[    0.475193] hpet0: at MMIO 0xfed00000, IRQs 2, 8, 0
[    0.475193] hpet0: 3 comparators, 64-bit 100.000000 MHz counter
[    0.479916] clocksource: Switched to clocksource kvm-clock
[    0.534745] VFS: Disk quotas dquot_6.6.0
[    0.535210] VFS: Dquot-cache hash table entries: 512 (order 0, 4096 bytes)
[    0.536039] pnp: PnP ACPI init
[    0.537900] pnp: PnP ACPI: found 6 devices
[    0.583920] clocksource: acpi_pm: mask: 0xffffff max_cycles: 0xffffff, max_idle_ns: 2085701024 ns
[    0.586073] NET: Registered PF_INET protocol family
[    0.591210] IP idents hash table entries: 32768 (order: 6, 262144 bytes, linear)
[    0.593286] tcp_listen_portaddr_hash hash table entries: 1024 (order: 2, 16384 bytes, linear)
[    0.594238] TCP established hash table entries: 16384 (order: 5, 131072 bytes, linear)
[    0.595103] TCP bind hash table entries: 16384 (order: 6, 262144 bytes, linear)
[    0.595933] TCP: Hash tables configured (established 16384 bind 16384)
[    0.596639] UDP hash table entries: 1024 (order: 3, 32768 bytes, linear)
[    0.597298] UDP-Lite hash table entries: 1024 (order: 3, 32768 bytes, linear)
[    0.598077] NET: Registered PF_UNIX/PF_LOCAL protocol family
[    0.614058] RPC: Registered named UNIX socket transport module.
[    0.615154] RPC: Registered udp transport module.
[    0.615982] RPC: Registered tcp transport module.
[    0.616819] RPC: Registered tcp NFSv4.1 backchannel transport module.
[    0.618026] pci_bus 0000:00: resource 4 [io  0x0000-0x0cf7 window]
[    0.619129] pci_bus 0000:00: resource 5 [io  0x0d00-0xffff window]
[    0.620223] pci_bus 0000:00: resource 6 [mem 0x000a0000-0x000bffff window]
[    0.621442] pci_bus 0000:00: resource 7 [mem 0x80000000-0xfebfffff window]
[    0.622667] pci_bus 0000:00: resource 8 [mem 0x100000000-0x17fffffff window]
[    0.624217] pci 0000:00:01.0: PIIX3: Enabling Passive Release
[    0.625261] pci 0000:00:00.0: Limiting direct PCI/PCI transfers
[    0.626342] pci 0000:00:01.0: Activating ISA DMA hang workarounds
[    0.627548] pci 0000:00:02.0: Video device with shadowed ROM at [mem 0x000c0000-0x000dffff]
[    0.629055] PCI: CLS 0 bytes, default 64
[    0.630078] clocksource: tsc: mask: 0xffffffffffffffff max_cycles: 0x363e8c91135, max_idle_ns: 881590568389 ns
[    2.979542] Initialise system trusted keyrings
[    2.980254] Key type blacklist registered
[    2.981110] workingset: timestamp_bits=36 max_order=19 bucket_order=0
[    2.987730] zbud: loaded
[    2.988932] squashfs: version 4.0 (2009/01/31) Phillip Lougher
[    2.990727] NFS: Registering the id_resolver key type
[    2.991478] Key type id_resolver registered
[    2.992085] Key type id_legacy registered
[    2.992753] nfs4filelayout_init: NFSv4 File Layout Driver Registering...
[    2.993767] nfs4flexfilelayout_init: NFSv4 Flexfile Layout Driver Registering...
[    2.994902] fuse: init (API version 7.34)
[    2.995692] SGI XFS with ACLs, security attributes, realtime, quota, no debug enabled
[    2.999030] 9p: Installing v9fs 9p2000 file system support
[    3.006007] Key type asymmetric registered
[    3.006325] Asymmetric key parser 'x509' registered
[    3.006709] Block layer SCSI generic (bsg) driver version 0.4 loaded (major 244)
[    3.007333] io scheduler mq-deadline registered
[    3.007709] io scheduler bfq registered
[    3.008270] shpchp: Standard Hot Plug PCI Controller Driver version: 0.4
[    3.008883] IPMI message handler: version 39.2
[    3.009216] ipmi device interface
[    3.010311] input: Power Button as /devices/LNXSYSTM:00/LNXPWRBN:00/input/input0
[    3.010917] ACPI: button: Power Button [PWRF]
[    3.011792] ERST DBG: ERST support is disabled.
[    3.012364] Serial: 8250/16550 driver, 32 ports, IRQ sharing enabled
[    3.013156] 00:04: ttyS0 at I/O 0x3f8 (irq = 4, base_baud = 115200) is a 16550A
[    3.017401] Linux agpgart interface v0.103
[    3.024711] brd: module loaded
[    3.028506] loop: module loaded
[    3.031051] scsi host0: ata_piix
[    3.033251] scsi host1: ata_piix
[    3.033601] ata1: PATA max MWDMA2 cmd 0x1f0 ctl 0x3f6 bmdma 0xc040 irq 14
[    3.034133] ata2: PATA max MWDMA2 cmd 0x170 ctl 0x376 bmdma 0xc048 irq 15
[    3.035002] libphy: Fixed MDIO Bus: probed
[    3.035542] tun: Universal TUN/TAP device driver, 1.6
[    3.036027] e100: Intel(R) PRO/100 Network Driver
[    3.036475] e100: Copyright(c) 1999-2006 Intel Corporation
[    3.036922] e1000: Intel(R) PRO/1000 Network Driver
[    3.037291] e1000: Copyright (c) 1999-2006 Intel Corporation.
[    3.121448] ACPI: \_SB_.LNKC: Enabled at IRQ 11
[    3.195533] ata2.00: ATAPI: QEMU DVD-ROM, 2.5+, max UDMA/100
[    3.196883] ata1.00: ATA-7: QEMU HARDDISK, 2.5+, max UDMA/100
[    3.197923] ata1.00: 16777216 sectors, multi 16: LBA48 
[    3.200489] scsi 0:0:0:0: Direct-Access     ATA      QEMU HARDDISK    2.5+ PQ: 0 ANSI: 5
[    3.202620] scsi 0:0:0:0: Attached scsi generic sg0 type 0
[    3.204433] scsi 1:0:0:0: CD-ROM            QEMU     QEMU DVD-ROM     2.5+ PQ: 0 ANSI: 5
[    3.207141] scsi 1:0:0:0: Attached scsi generic sg1 type 5
[    3.208777] sd 0:0:0:0: [sda] 16777216 512-byte logical blocks: (8.59 GB/8.00 GiB)
[    3.210300] sd 0:0:0:0: [sda] Write Protect is off
[    3.211277] sd 0:0:0:0: [sda] Write cache: enabled, read cache: enabled, doesn't support DPO or FUA
[    3.249885] sd 0:0:0:0: [sda] Attached SCSI disk
[    3.468154] e1000 0000:00:03.0 eth0: (PCI:33MHz:32-bit) 52:54:00:12:34:56
[    3.469453] e1000 0000:00:03.0 eth0: Intel(R) PRO/1000 Network Connection
[    3.470814] e1000e: Intel(R) PRO/1000 Network Driver
[    3.471712] e1000e: Copyright(c) 1999 - 2015 Intel Corporation.
[    3.472891] igb: Intel(R) Gigabit Ethernet Network Driver
[    3.473932] igb: Copyright (c) 2007-2014 Intel Corporation.
[    3.475105] PPP generic driver version 2.4.2
[    3.476489] VFIO - User Level meta-driver version: 0.3
[    3.477488] ehci_hcd: USB 2.0 'Enhanced' Host Controller (EHCI) Driver
[    3.478736] ehci-pci: EHCI PCI platform driver
[    3.479637] ehci-platform: EHCI generic platform driver
[    3.480679] ohci_hcd: USB 1.1 'Open' Host Controller (OHCI) Driver
[    3.481872] ohci-pci: OHCI PCI platform driver
[    3.482780] ohci-platform: OHCI generic platform driver
[    3.483778] uhci_hcd: USB Universal Host Controller Interface driver
[    3.485365] usbcore: registered new interface driver uas
[    3.486484] usbcore: registered new interface driver usb-storage
[    3.487766] i8042: PNP: PS/2 Controller [PNP0303:KBD,PNP0f13:MOU] at 0x60,0x64 irq 1,12
[    3.490508] serio: i8042 KBD port at 0x60,0x64 irq 1
[    3.491482] serio: i8042 AUX port at 0x60,0x64 irq 12
[    3.492962] mousedev: PS/2 mouse device common for all mice
[    3.494660] rtc_cmos 00:05: RTC can wake from S4
[    3.496690] rtc_cmos 00:05: registered as rtc0
[    3.497715] rtc_cmos 00:05: setting system clock to 2022-11-15T15:22:34 UTC (1668525754)
[    3.499438] rtc_cmos 00:05: alarms up to one day, y3k, 242 bytes nvram, hpet irqs
[    3.500945] i2c_dev: i2c /dev entries driver
[    3.501897] device-mapper: core: CONFIG_IMA_DISABLE_HTABLE is disabled. Duplicate IMA measurements will not be recorded in the IMA log.
[    3.504282] device-mapper: uevent: version 1.0.3
[    3.505813] device-mapper: ioctl: 4.45.0-ioctl (2021-03-22) initialised: dm-devel@redhat.com
[    3.506079] input: AT Translated Set 2 keyboard as /devices/platform/i8042/serio0/input/input1
[    3.506755] intel_pstate: CPU model not supported
[    3.508926] sdhci: Secure Digital Host Controller Interface driver
[    3.509545] sdhci: Copyright(c) Pierre Ossman
[    3.510095] sdhci-pltfm: SDHCI platform and OF driver helper
[    3.511419] input: VirtualPS/2 VMware VMMouse as /devices/platform/i8042/serio1/input/input4
[    3.513222] ledtrig-cpu: registered to indicate activity on CPUs
[    3.513945] input: VirtualPS/2 VMware VMMouse as /devices/platform/i8042/serio1/input/input3
[    3.515011] drop_monitor: Initializing network drop monitor service
[    3.517142] NET: Registered PF_INET6 protocol family
[    3.519318] Segment Routing with IPv6
[    3.519700] In-situ OAM (IOAM) with IPv6
[    3.520110] NET: Registered PF_PACKET protocol family
[    3.520772] 9pnet: Installing 9P2000 support
[    3.521221] Key type dns_resolver registered
[    3.522370] IPI shorthand broadcast: enabled
[    3.522834] sched_clock: Marking stable (3513456491, 8664371)->(3553812387, -31691525)
[    3.523991] registered taskstats version 1
[    3.524542] Loading compiled-in X.509 certificates
[    3.525108] zswap: loaded using pool lzo/zbud
[    3.525969] Key type ._fscrypt registered
[    3.526378] Key type .fscrypt registered
[    3.526775] Key type fscrypt-provisioning registered
[    3.528341] Key type encrypted registered
[    3.528777] ima: No TPM chip found, activating TPM-bypass!
[    3.529311] ima: Allocated hash algorithm: sha1
[    3.529794] ima: No architecture policies found
[    3.530267] evm: Initialising EVM extended attributes:
[    3.530782] evm: security.selinux
[    3.531120] evm: security.SMACK64
[    3.531445] evm: security.SMACK64EXEC
[    3.531806] evm: security.SMACK64TRANSMUTE
[    3.532219] evm: security.SMACK64MMAP
[    3.532602] evm: security.apparmor
[    3.532952] evm: security.ima
[    3.533250] evm: security.capability
[    3.533603] evm: HMAC attrs: 0x1
[    3.534912] PM:   Magic number: 14:571:386
[    3.535443] thermal cooling_device1: hash matches
[    3.536399] RAS: Correctable Errors collector initialized.
[    3.537358] md: Waiting for all devices to be available before autodetect
[    3.538050] md: If you don't use raid, use raid=noautodetect
[    3.538619] md: Autodetecting RAID arrays.
[    3.539043] md: autorun ...
[    3.539328] md: ... autorun DONE.
[    3.543372] EXT4-fs (sda): INFO: recovery required on readonly filesystem
[    3.544040] EXT4-fs (sda): write access will be enabled during recovery
[    3.573416] EXT4-fs (sda): recovery complete
[    3.576256] EXT4-fs (sda): mounted filesystem with ordered data mode. Opts: (null). Quota mode: none.
[    3.578025] VFS: Mounted root (ext4 filesystem) readonly on device 8:0.
[    3.580045] devtmpfs: mounted
[    3.583887] Freeing unused decrypted memory: 2036K
[    3.587593] Freeing unused kernel image (initmem) memory: 3204K
[    3.588720] Write protecting the kernel read-only data: 38912k
[    3.593382] Freeing unused kernel image (text/rodata gap) memory: 2028K
[    3.595504] Freeing unused kernel image (rodata/data gap) memory: 748K
[    3.734609] x86/mm: Checked W+X mappings: passed, no W+X pages found.
[    3.735347] Run /sbin/init as init process
[    3.849550] random: fast init done
[    3.912890] systemd[1]: RTC configured in localtime, applying delta of 0 minutes to system time.
[    3.952728] systemd[1]: systemd 239 (239-49.el8) running in system mode. (+PAM +AUDIT +SELINUX +IMA -APPARMOR +SMACK +SYSVINIT +UTMP +LIBCRYPTSETUP +GCRYPT +GNUTLS +ACL +XZ +LZ4 +SECCOMP +BLKID +ELFUTILS +KMOD +IDN2 -IDN +PCRE2 default-hierarchy=legacy)
[    3.956874] systemd[1]: Detected virtualization kvm.
[    3.957795] systemd[1]: Detected architecture x86-64.

Welcome to [0;31mCentOS Stream 8[0m!

[    4.008238] systemd[1]: Set hostname to <test>.
[    4.181645] random: lvmconfig: uninitialized urandom read (4 bytes read)
[    4.317109] random: systemd: uninitialized urandom read (16 bytes read)
[    4.317874] systemd[1]: Listening on udev Control Socket.
[[0;32m  OK  [0m] Listening on udev Control Socket.
[    4.318799] random: systemd: uninitialized urandom read (16 bytes read)
[    4.319399] systemd[1]: Listening on initctl Compatibility Named Pipe.
[[0;32m  OK  [0m] Listening on initctl Compatibility Named Pipe.
[    4.320504] systemd[1]: Listening on LVM2 poll daemon socket.
[[0;32m  OK  [0m] Listening on LVM2 poll daemon socket.
[    4.321420] systemd[1]: Listening on Device-mapper event daemon FIFOs.
[[0;32m  OK  [0m] Listening on Device-mapper event daemon FIFOs.
[    4.322504] systemd[1]: Listening on udev Kernel Socket.
[[0;32m  OK  [0m] Listening on udev Kernel Socket.
[    4.324809] systemd[1]: Created slice system-getty.slice.
[[0;32m  OK  [0m] Created slice system-getty.slice.
[[0;32m  OK  [0m] Listening on Process Core Dump Socket.
[[0;32m  OK  [0m] Listening on multipathd control socket.
[[0;32m  OK  [0m] Listening on Journal Socket (/dev/log).
[[0;32m  OK  [0m] Started Forward Password Requests to Wall Directory Watch.
[[0;32m  OK  [0m] Listening on Journal Socket.
         Mounting Huge Pages File System...
         Starting udev Coldplug all Devices...
         Mounting POSIX Message Queue File System...
         Starting Setup Virtual Console...
         Starting Journal Service...
         Starting Remount Root and Kernel File Systems...
         Starting Monitoring of LVM2 mirrorsâ€¦ng dmeventd or progress polling...
         Starting Load Kernel Modules...
[[0;32m  OK  [0m] Set up automount Arbitrary Executabâ€¦rmats File System Automount Point.
[[0;32m  OK  [0m] Created slice system-sshd\x2dkeygen.slice.
         Mounting Kernel Debug File System...
[[0;32m  OK  [0m] Reached target Swap.
[[0;32m  OK  [0m] Created slice User and Session Slice.
[[0;32m  OK  [0m] Reached target Slices.
[    4.521214] EXT4-fs (sda): re-mounted. Opts: (null). Quota mode: none.
[[0;32m  OK  [0m] Listening on RPCbind Server Activation Socket.
[[0;32m  OK  [0m] Reached target RPC Port Mapper.
[[0;32m  OK  [0m] Created slice system-serial\x2dgetty.slice.
[[0;32m  OK  [0m] Mounted Huge Pages File System.
[[0;32m  OK  [0m] Mounted POSIX Message Queue File System.
[[0;32m  OK  [0m] Started Remount Root and Kernel File Systems.
[[0;1;31mFAILED[0m] Failed to start Load Kernel Modules.
See 'systemctl status systemd-modules-load.service' for details.
[[0;32m  OK  [0m] Mounted Kernel Debug File System.
         Mounting FUSE Control File System...
         Starting Apply Kernel Variables...
         Mounting Kernel Configuration File System...
         Starting Load/Save Random Seed...
         Starting Create Static Device Nodes in /dev...
[[0;32m  OK  [0m] Started Journal Service.
[[0;32m  OK  [0m] Mounted FUSE Control File System.
[[0;32m  OK  [0m] Started Apply Kernel Variables.
[[0;32m  OK  [0m] Mounted Kernel Configuration File System.
[[0;32m  OK  [0m] Started Load/Save Random Seed.
         Starting Flush Journal to Persistent Storage...
[[0;32m  OK  [0m] Started Create Static Device Nodes in /dev.
         Starting udev Kernel Device Manager...
[[0;32m  OK  [0m] Started Setup Virtual Console.
[[0;32m  OK  [0m] Started udev Coldplug all Devices.
         Starting udev Wait for Complete Device Initialization...
[[0;32m  OK  [0m] Started Flush Journal to Persistent Storage.
[[0;32m  OK  [0m] Started udev Kernel Device Manager.
         Starting Show Plymouth Boot Screen...
[[0;32m  OK  [0m] Started Show Plymouth Boot Screen.
[[0;32m  OK  [0m] Started Forward Password Requests to Plymouth Directory Watch.
[[0;32m  OK  [0m] Reached target Paths.
[[0;32m  OK  [0m] Reached target Local Encrypted Volumes.
[[0;32m  OK  [0m] Found device /dev/ttyS0.
[[0;32m  OK  [0m] Started Monitoring of LVM2 mirrors,â€¦sing dmeventd or progress polling.
[[0;32m  OK  [0m] Started udev Wait for Complete Device Initialization.
[[0;32m  OK  [0m] Listening on Load/Save RF Kill Switch Status /dev/rfkill Watch.
[[0;32m  OK  [0m] Reached target Local File Systems (Pre).
[[0;32m  OK  [0m] Reached target Local File Systems.
         Starting Tell Plymouth To Write Out Runtime Data...
         Starting Restore /run/initramfs on shutdown...
         Starting Create Volatile Files and Directories...
[[0;32m  OK  [0m] Started Tell Plymouth To Write Out Runtime Data.
[[0;32m  OK  [0m] Started Restore /run/initramfs on shutdown.
[[0;32m  OK  [0m] Started Create Volatile Files and Directories.
         Starting Security Auditing Service...
         Starting RPC Bind...
         Mounting RPC Pipe File System...
[[0;32m  OK  [0m] Mounted RPC Pipe File System.
[[0;32m  OK  [0m] Reached target rpc_pipefs.target.
[[0;32m  OK  [0m] Started RPC Bind.
[[0;32m  OK  [0m] Started Security Auditing Service.
         Starting Update UTMP about System Boot/Shutdown...
[[0;32m  OK  [0m] Started Update UTMP about System Boot/Shutdown.
[[0;32m  OK  [0m] Reached target System Initialization.
[[0;32m  OK  [0m] Started Daily Cleanup of Temporary Directories.
[[0;32m  OK  [0m] Listening on D-Bus System Message Bus Socket.
[[0;32m  OK  [0m] Started daily update of the root trust anchor for DNSSEC.
[[0;32m  OK  [0m] Started dnf makecache --timer.
[[0;32m  OK  [0m] Reached target Timers.
[[0;32m  OK  [0m] Listening on SSSD Kerberos Cache Manager responder socket.
[[0;32m  OK  [0m] Reached target Sockets.
[[0;32m  OK  [0m] Reached target Basic System.
         Starting Auto-connect to subsystemsâ€¦-NVME devices found during boot...
         Starting Authorization Manager...
         Starting Self Monitoring and Reporting Technology (SMART) Daemon...
         Starting NTP client/server...
[[0;32m  OK  [0m] Started D-Bus System Message Bus.
         Starting Network Manager...
[[0;32m  OK  [0m] Reached target sshd-keygen.target.
[[0;32m  OK  [0m] Started Machine Check Exception Logging Daemon.
[[0;32m  OK  [0m] Started irqbalance daemon.
         Starting Login Service...
[[0;32m  OK  [0m] Started Self Monitoring and Reporting Technology (SMART) Daemon.
[[0;32m  OK  [0m] Started Auto-connect to subsystems â€¦FC-NVME devices found during boot.
[[0;32m  OK  [0m] Started Login Service.
[[0;32m  OK  [0m] Started NTP client/server.
[[0;32m  OK  [0m] Started Network Manager.
[[0;32m  OK  [0m] Reached target Network.
         Starting OpenSSH server daemon...
         Starting GSSAPI Proxy Daemon...
         Starting Dynamic System Tuning Daemon...
         Starting Network Manager Wait Online...
         Starting Hostname Service...
[[0;32m  OK  [0m] Started Authorization Manager.
[[0;32m  OK  [0m] Started Hostname Service.
         Starting Network Manager Script Dispatcher Service...
[[0;32m  OK  [0m] Started Network Manager Script Dispatcher Service.
[    6.731303] e1000: eth0 NIC Link is Up 1000 Mbps Full Duplex, Flow Control: RX
[    6.733650] IPv6: ADDRCONF(NETDEV_CHANGE): eth0: link becomes ready
[[0;32m  OK  [0m] Started Dynamic System Tuning Daemon.
[    7.613752] random: crng init done
[    7.614490] random: 7 urandom warning(s) missed due to ratelimiting
[[0;32m  OK  [0m] Started GSSAPI Proxy Daemon.
[[0;32m  OK  [0m] Started OpenSSH server daemon.
[[0;32m  OK  [0m] Reached target NFS client services.
[[0;32m  OK  [0m] Reached target Remote File Systems (Pre).
[[0;32m  OK  [0m] Reached target Remote File Systems.
         Starting Permit User Sessions...
[[0;32m  OK  [0m] Started Permit User Sessions.
[[0;32m  OK  [0m] Started Command Scheduler.
         Starting Hold until boot process finishes up...
         Starting Terminate Plymouth Boot Screen...

CentOS Stream 8
Kernel 5.15.0-rc4-7d380f24fe66+ on an x86_64

test login: [   28.380602] BUG: using smp_processor_id() in preemptible [00000000] code: repro/560
[   28.382178] caller is debug_smp_processor_id+0x1c/0x20
[   28.383208] CPU: 1 PID: 560 Comm: repro Not tainted 5.15.0-rc4-7d380f24fe66+ #1
[   28.384635] Hardware name: QEMU Standard PC (i440FX + PIIX, 1996), BIOS rel-1.14.0-0-g155821a1990b-prebuilt.qemu.org 04/01/2014
[   28.386785] Call Trace:
[   28.387279]  dump_stack_lvl+0x87/0xb1
[   28.388011]  dump_stack+0x15/0x17
[   28.388686]  check_preemption_disabled+0x167/0x180
[   28.389591]  ? text_poke_bp_batch+0x83/0x290
[   28.390403]  ? do_sync_core+0x30/0x30
[   28.391125]  debug_smp_processor_id+0x1c/0x20
[   28.391973]  perf_ftrace_function_call+0x7c/0x360
[   28.392896]  ? 0xffffffffa00dc099
[   28.393540]  ? write_comp_data+0x2f/0x90
[   28.394294]  ? __sanitizer_cov_trace_pc+0x21/0x50
[   28.395185]  ? write_comp_data+0x2f/0x90
[   28.395936]  0xffffffffa00dc099
[   28.396561]  ? __text_poke+0x4c0/0x4c0
[   28.397282]  ? __text_poke+0x5/0x4c0
[   28.397973]  __text_poke+0x5/0x4c0
[   28.398635]  text_poke_bp_batch+0x83/0x290
[   28.399425]  ? __text_poke+0x5/0x4c0
[   28.400114]  ? text_poke_bp_batch+0x83/0x290
[   28.400945]  ? 0xffffffffa00dc000
[   28.401597]  ? user_disable_single_step+0x50/0x50
[   28.402507]  text_poke_queue+0xa7/0xc0
[   28.403250]  ftrace_replace_code+0xfd/0x170
[   28.404066]  ftrace_modify_all_code+0x1b1/0x270
[   28.404934]  arch_ftrace_update_code+0x9/0x10
[   28.405770]  ftrace_run_update_code+0x30/0xa0
[   28.406606]  ftrace_startup_enable+0x5e/0xa0
[   28.407425]  ftrace_startup+0x16a/0x240
[   28.408155]  register_ftrace_function+0x41/0x90
[   28.409020]  perf_ftrace_event_register+0xc1/0xf0
[   28.409927]  perf_trace_event_init+0xa0/0x4c0
[   28.410764]  perf_trace_init+0xd8/0x160
[   28.411510]  perf_tp_event_init+0x57/0xa0
[   28.412292]  perf_try_init_event+0x83/0x270
[   28.413114]  perf_event_alloc+0xd92/0x1800
[   28.413920]  ? _raw_spin_unlock+0x1a/0x30
[   28.414701]  ? alloc_fd+0x159/0x260
[   28.415388]  __do_sys_perf_event_open+0x3c7/0x1a10
[   28.416305]  ? write_comp_data+0x2f/0x90
[   28.417084]  __x64_sys_perf_event_open+0x26/0x30
[   28.417971]  do_syscall_64+0x37/0x80
[   28.418684]  entry_SYSCALL_64_after_hwframe+0x44/0xae
[   28.419648] RIP: 0033:0x7fa7feb5759d
[   28.420343] Code: 00 c3 66 2e 0f 1f 84 00 00 00 00 00 90 f3 0f 1e fa 48 89 f8 48 89 f7 48 89 d6 48 89 ca 4d 89 c2 4d 89 c8 4c 8b 4c 24 08 0f 05 <48> 3d 01 f0 ff ff 73 01 c3 48 8b 0d d3 08 0d 00 f7 d8 64 89 01 48
[   28.423825] RSP: 002b:00007ffe5916a7d8 EFLAGS: 00000246 ORIG_RAX: 000000000000012a
[   28.425269] RAX: ffffffffffffffda RBX: 0000000000000000 RCX: 00007fa7feb5759d
[   28.426614] RDX: 0000000000000000 RSI: 0000000000000000 RDI: 00000000200001c0
[   28.427967] RBP: 00007ffe5916a7e0 R08: 0000000000000000 R09: 00007ffe5916a810
[   28.429333] R10: 00000000ffffffff R11: 0000000000000246 R12: 0000000000401180
[   28.430687] R13: 00007ffe5916a900 R14: 0000000000000000 R15: 0000000000000000
[   28.432120] BUG: using smp_processor_id() in preemptible [00000000] code: repro/560
[   28.433608] caller is debug_smp_processor_id+0x1c/0x20
[   28.434657] CPU: 1 PID: 560 Comm: repro Not tainted 5.15.0-rc4-7d380f24fe66+ #1
[   28.436092] Hardware name: QEMU Standard PC (i440FX + PIIX, 1996), BIOS rel-1.14.0-0-g155821a1990b-prebuilt.qemu.org 04/01/2014
[   28.438248] Call Trace:
[   28.438736]  dump_stack_lvl+0x87/0xb1
[   28.439468]  dump_stack+0x15/0x17
[   28.440132]  check_preemption_disabled+0x167/0x180
[   28.441077]  ? text_poke_bp_batch+0x83/0x290
[   28.441904]  ? do_sync_core+0x30/0x30
[   28.442616]  debug_smp_processor_id+0x1c/0x20
[   28.443459]  perf_ftrace_function_call+0x7c/0x360
[   28.444372]  ? 0xffffffffa00dc099
[   28.445031]  ? write_comp_data+0x2f/0x90
[   28.445802]  ? __sanitizer_cov_trace_pc+0x21/0x50
[   28.446719]  ? write_comp_data+0x2f/0x90
[   28.447484]  0xffffffffa00dc099
[   28.448099]  ? text_poke_bp_batch+0x290/0x290
[   28.448953]  ? __text_poke+0x5/0x4c0
[   28.449650]  __text_poke+0x5/0x4c0
[   28.450310]  text_poke_bp_batch+0x83/0x290
[   28.451102]  ? __text_poke+0x5/0x4c0
[   28.451796]  ? text_poke_bp_batch+0x83/0x290
[   28.452637]  ? 0xffffffffa00dc000
[   28.453291]  ? user_disable_single_step+0x50/0x50
[   28.454200]  text_poke_queue+0xa7/0xc0
[   28.454960]  ftrace_replace_code+0xfd/0x170
[   28.455805]  ftrace_modify_all_code+0x1b1/0x270
[   28.456715]  arch_ftrace_update_code+0x9/0x10
[   28.457570]  ftrace_run_update_code+0x30/0xa0
[   28.458447]  ftrace_startup_enable+0x5e/0xa0
[   28.459300]  ftrace_startup+0x16a/0x240
[   28.460063]  register_ftrace_function+0x41/0x90
[   28.460955]  perf_ftrace_event_register+0xc1/0xf0
[   28.461876]  perf_trace_event_init+0xa0/0x4c0
[   28.462728]  perf_trace_init+0xd8/0x160
[   28.463478]  perf_tp_event_init+0x57/0xa0
[   28.464259]  perf_try_init_event+0x83/0x270
[   28.465088]  perf_event_alloc+0xd92/0x1800
[   28.465887]  ? _raw_spin_unlock+0x1a/0x30
[   28.466664]  ? alloc_fd+0x159/0x260
[   28.467345]  __do_sys_perf_event_open+0x3c7/0x1a10
[   28.468264]  ? write_comp_data+0x2f/0x90
[   28.469051]  __x64_sys_perf_event_open+0x26/0x30
[   28.469954]  do_syscall_64+0x37/0x80
[   28.470674]  entry_SYSCALL_64_after_hwframe+0x44/0xae
[   28.471647] RIP: 0033:0x7fa7feb5759d
[   28.472291] BUG: using smp_processor_id() in preemptible [00000000] code: repro/561
[   28.472341] Code: 00 c3 66 2e 0f 1f 84 00 00 00 00 00 90 f3 0f 1e fa 48 89 f8 48 89 f7 48 89 d6 48 89 ca 4d 89 c2 4d 89 c8 4c 8b 4c 24 08 0f 05 <48> 3d 01 f0 ff ff 73 01 c3 48 8b 0d d3 08 0d 00 f7 d8 64 89 01 48
[   28.473857] caller is debug_smp_processor_id+0x1c/0x20
[   28.477285] RSP: 002b:00007ffe5916a7d8 EFLAGS: 00000246 ORIG_RAX: 000000000000012a
[   28.479717] RAX: ffffffffffffffda RBX: 0000000000000000 RCX: 00007fa7feb5759d
[   28.481077] RDX: 0000000000000000 RSI: 0000000000000000 RDI: 00000000200001c0
[   28.482421] RBP: 00007ffe5916a7e0 R08: 0000000000000000 R09: 00007ffe5916a810
[   28.483795] R10: 00000000ffffffff R11: 0000000000000246 R12: 0000000000401180
[   28.485229] R13: 00007ffe5916a900 R14: 0000000000000000 R15: 0000000000000000
[   28.486635] CPU: 0 PID: 561 Comm: repro Not tainted 5.15.0-rc4-7d380f24fe66+ #1
[   28.486702] BUG: using smp_processor_id() in preemptible [00000000] code: repro/560
[   28.488047] Hardware name: QEMU Standard PC (i440FX + PIIX, 1996), BIOS rel-1.14.0-0-g155821a1990b-prebuilt.qemu.org 04/01/2014
[   28.489505] caller is debug_smp_processor_id+0x1c/0x20
[   28.491641] Call Trace:
[   28.491663]  dump_stack_lvl+0x87/0xb1
[   28.491700]  dump_stack+0x15/0x17
[   28.494521]  check_preemption_disabled+0x167/0x180
[   28.495466]  ? exit_mmap+0xa6/0x310
[   28.496159]  ? destroy_context_ldt+0x30/0x30
[   28.497019]  debug_smp_processor_id+0x1c/0x20
[   28.497895]  perf_ftrace_function_call+0x7c/0x360
[   28.498837]  ? write_comp_data+0x2f/0x90
[   28.499624]  ? __unlock_page_memcg+0x25/0x60
[   28.500489]  ? write_comp_data+0x2f/0x90
[   28.501259]  ? __update_load_avg_cfs_rq+0x261/0x2f0
[   28.502203]  ? write_comp_data+0x2f/0x90
[   28.502975]  0xffffffffa00dc099
[   28.503604]  ? dequeue_entity+0x101/0x3e0
[   28.504396]  ? exit_mmap+0x86/0x310
[   28.505103]  ? ldt_arch_exit_mmap+0x5/0x10
[   28.505904]  ? write_comp_data+0x2f/0x90
[   28.506683]  ldt_arch_exit_mmap+0x5/0x10
[   28.507500]  exit_mmap+0xa6/0x310
[   28.508187]  ? ldt_arch_exit_mmap+0x5/0x10
[   28.509037]  ? exit_mmap+0xa6/0x310
[   28.509764]  ? futex_cleanup+0x76/0x7c0
[   28.510551]  ? __sanitizer_cov_trace_pc+0x21/0x50
[   28.511514]  ? __sanitizer_cov_trace_pc+0x21/0x50
[   28.512508]  ? exit_aio+0x10f/0x150
[   28.513241]  ? delayed_uprobe_remove+0x9a/0xb0
[   28.514166]  ? write_comp_data+0x2f/0x90
[   28.514969]  mmput+0xa5/0x190
[   28.515591]  do_exit+0x48b/0x1150
[   28.516277]  __x64_sys_exit+0x24/0x30
[   28.517052]  do_syscall_64+0x37/0x80
[   28.517803]  entry_SYSCALL_64_after_hwframe+0x44/0xae
[   28.518829] RIP: 0033:0x7fa7feb5759d
[   28.519559] Code: Unable to access opcode bytes at RIP 0x7fa7feb57573.
[   28.520856] RSP: 002b:00007ffe5916a688 EFLAGS: 00000206 ORIG_RAX: 000000000000003c
[   28.522348] RAX: ffffffffffffffda RBX: 0000000000000000 RCX: 00007fa7feb5759d
[   28.523754] RDX: 0000000000000000 RSI: 0000000000000000 RDI: 0000000000000000
[   28.525180] RBP: 00007ffe5916a6a0 R08: 0000000000000058 R09: 0000000000000000
[   28.526578] R10: 00007ffe5916a810 R11: 0000000000000206 R12: 0000000000401180
[   28.527977] R13: 00007ffe5916a900 R14: 0000000000000000 R15: 0000000000000000
[   28.529395] CPU: 1 PID: 560 Comm: repro Not tainted 5.15.0-rc4-7d380f24fe66+ #1
[   28.529479] BUG: using smp_processor_id() in preemptible [00000000] code: repro/561
[   28.530879] Hardware name: QEMU Standard PC (i440FX + PIIX, 1996), BIOS rel-1.14.0-0-g155821a1990b-prebuilt.qemu.org 04/01/2014
[   28.530898] Call Trace:
[   28.530908]  dump_stack_lvl+0x87/0xb1
[   28.532422] caller is debug_smp_processor_id+0x1c/0x20
[   28.534651]  dump_stack+0x15/0x17
[   28.534686]  check_preemption_disabled+0x167/0x180
[   28.538571]  ? text_poke_bp_batch+0x83/0x290
[   28.539448]  ? do_sync_core+0x30/0x30
[   28.540195]  debug_smp_processor_id+0x1c/0x20
[   28.541090]  perf_ftrace_function_call+0x7c/0x360
[   28.542043]  ? 0xffffffffa00dc099
[   28.542721]  ? write_comp_data+0x2f/0x90
[   28.543523]  ? __sanitizer_cov_trace_pc+0x21/0x50
[   28.544495]  ? write_comp_data+0x2f/0x90
[   28.545301]  0xffffffffa00dc099
[   28.545953]  ? alternatives_smp_module_add+0x160/0x160
[   28.546980]  ? __text_poke+0x5/0x4c0
[   28.547703]  __text_poke+0x5/0x4c0
[   28.548394]  text_poke_bp_batch+0x83/0x290
[   28.549241]  ? __text_poke+0x5/0x4c0
[   28.549974]  ? text_poke_bp_batch+0x83/0x290
[   28.550839]  ? 0xffffffffa00dc000
[   28.551510]  ? user_disable_single_step+0x50/0x50
[   28.552468]  text_poke_queue+0xa7/0xc0
[   28.553251]  ftrace_replace_code+0xfd/0x170
[   28.554104]  ftrace_modify_all_code+0x1b1/0x270
[   28.555016]  arch_ftrace_update_code+0x9/0x10
[   28.555886]  ftrace_run_update_code+0x30/0xa0
[   28.556774]  ftrace_startup_enable+0x5e/0xa0
[   28.557630]  ftrace_startup+0x16a/0x240
[   28.558404]  register_ftrace_function+0x41/0x90
[   28.559304]  perf_ftrace_event_register+0xc1/0xf0
[   28.560251]  perf_trace_event_init+0xa0/0x4c0
[   28.561145]  perf_trace_init+0xd8/0x160
[   28.561926]  perf_tp_event_init+0x57/0xa0
[   28.562741]  perf_try_init_event+0x83/0x270
[   28.563594]  perf_event_alloc+0xd92/0x1800
[   28.564419]  ? _raw_spin_unlock+0x1a/0x30
[   28.565253]  ? alloc_fd+0x159/0x260
[   28.565962]  __do_sys_perf_event_open+0x3c7/0x1a10
[   28.566918]  ? write_comp_data+0x2f/0x90
[   28.567729]  __x64_sys_perf_event_open+0x26/0x30
[   28.568664]  do_syscall_64+0x37/0x80
[   28.569391]  entry_SYSCALL_64_after_hwframe+0x44/0xae
[   28.570398] RIP: 0033:0x7fa7feb5759d
[   28.571127] Code: 00 c3 66 2e 0f 1f 84 00 00 00 00 00 90 f3 0f 1e fa 48 89 f8 48 89 f7 48 89 d6 48 89 ca 4d 89 c2 4d 89 c8 4c 8b 4c 24 08 0f 05 <48> 3d 01 f0 ff ff 73 01 c3 48 8b 0d d3 08 0d 00 f7 d8 64 89 01 48
[   28.574738] RSP: 002b:00007ffe5916a7d8 EFLAGS: 00000246 ORIG_RAX: 000000000000012a
[   28.576220] RAX: ffffffffffffffda RBX: 0000000000000000 RCX: 00007fa7feb5759d
[   28.577626] RDX: 0000000000000000 RSI: 0000000000000000 RDI: 00000000200001c0
[   28.579062] RBP: 00007ffe5916a7e0 R08: 0000000000000000 R09: 00007ffe5916a810
[   28.580480] R10: 00000000ffffffff R11: 0000000000000246 R12: 0000000000401180
[   28.581858] R13: 00007ffe5916a900 R14: 0000000000000000 R15: 0000000000000000
[   28.583252] CPU: 0 PID: 561 Comm: repro Not tainted 5.15.0-rc4-7d380f24fe66+ #1
[   28.583351] BUG: using smp_processor_id() in preemptible [00000000] code: repro/560
[   28.584728] Hardware name: QEMU Standard PC (i440FX + PIIX, 1996), BIOS rel-1.14.0-0-g155821a1990b-prebuilt.qemu.org 04/01/2014
[   28.586255] caller is debug_smp_processor_id+0x1c/0x20
[   28.588419] Call Trace:
[   28.589973]  dump_stack_lvl+0x87/0xb1
[   28.590723]  dump_stack+0x15/0x17
[   28.591401]  check_preemption_disabled+0x167/0x180
[   28.592368]  ? ldt_arch_exit_mmap+0xe/0x10
[   28.593213]  ? alloc_ldt_struct+0x90/0x90
[   28.594029]  debug_smp_processor_id+0x1c/0x20
[   28.594914]  perf_ftrace_function_call+0x7c/0x360
[   28.595870]  ? perf_ftrace_function_call+0x4c/0x360
[   28.596868]  ? write_comp_data+0x2f/0x90
[   28.597677]  ? __unlock_page_memcg+0x25/0x60
[   28.598528]  ? write_comp_data+0x2f/0x90
[   28.599317]  ? __update_load_avg_cfs_rq+0x261/0x2f0
[   28.600300]  0xffffffffa00dc099
[   28.600950]  ? 0xffffffffa00dc099
[   28.601623]  ? exit_mmap+0x86/0x310
[   28.602327]  ? free_ldt_pgtables+0x5/0xb0
[   28.603128]  ? ldt_arch_exit_mmap+0x5/0x10
[   28.603936]  ? write_comp_data+0x2f/0x90
[   28.604732]  free_ldt_pgtables+0x5/0xb0
[   28.605531]  ldt_arch_exit_mmap+0xe/0x10
[   28.606369]  ? free_ldt_pgtables+0x5/0xb0
[   28.607221]  ? ldt_arch_exit_mmap+0xe/0x10
[   28.608074]  exit_mmap+0xa6/0x310
[   28.608783]  ? futex_cleanup+0x76/0x7c0
[   28.609544]  ? __sanitizer_cov_trace_pc+0x21/0x50
[   28.610481]  ? __sanitizer_cov_trace_pc+0x21/0x50
[   28.611412]  ? exit_aio+0x10f/0x150
[   28.612111]  ? delayed_uprobe_remove+0x9a/0xb0
[   28.613008]  ? write_comp_data+0x2f/0x90
[   28.613795]  mmput+0xa5/0x190
[   28.614396]  do_exit+0x48b/0x1150
[   28.615072]  __x64_sys_exit+0x24/0x30
[   28.615811]  do_syscall_64+0x37/0x80
[   28.616544]  entry_SYSCALL_64_after_hwframe+0x44/0xae
[   28.617544] RIP: 0033:0x7fa7feb5759d
[   28.618272] Code: Unable to access opcode bytes at RIP 0x7fa7feb57573.
[   28.619599] RSP: 002b:00007ffe5916a688 EFLAGS: 00000206 ORIG_RAX: 000000000000003c
[   28.621111] RAX: ffffffffffffffda RBX: 0000000000000000 RCX: 00007fa7feb5759d
[   28.622505] RDX: 0000000000000000 RSI: 0000000000000000 RDI: 0000000000000000
[   28.623883] RBP: 00007ffe5916a6a0 R08: 0000000000000058 R09: 0000000000000000
[   28.625338] R10: 00007ffe5916a810 R11: 0000000000000206 R12: 0000000000401180
[   28.626762] R13: 00007ffe5916a900 R14: 0000000000000000 R15: 0000000000000000
[   28.628186] CPU: 1 PID: 560 Comm: repro Not tainted 5.15.0-rc4-7d380f24fe66+ #1
[   28.629663] Hardware name: QEMU Standard PC (i440FX + PIIX, 1996), BIOS rel-1.14.0-0-g155821a1990b-prebuilt.qemu.org 04/01/2014
[   28.631840] Call Trace:
[   28.632351]  dump_stack_lvl+0x87/0xb1
[   28.633120]  dump_stack+0x15/0x17
[   28.633817]  check_preemption_disabled+0x167/0x180
[   28.634789]  ? text_poke_bp_batch+0x83/0x290
[   28.635661]  ? do_sync_core+0x30/0x30
[   28.636410]  debug_smp_processor_id+0x1c/0x20
[   28.637302]  perf_ftrace_function_call+0x7c/0x360
[   28.638249]  ? 0xffffffffa00dc099
[   28.638931]  ? write_comp_data+0x2f/0x90
[   28.639722]  ? __sanitizer_cov_trace_pc+0x21/0x50
[   28.640678]  ? write_comp_data+0x2f/0x90
[   28.641469]  0xffffffffa00dc099
[   28.642109]  ? alternatives_smp_module_del+0x90/0x90
[   28.643098]  ? __text_poke+0x5/0x4c0
[   28.643820]  __text_poke+0x5/0x4c0
[   28.644529]  text_poke_bp_batch+0x83/0x290
[   28.645347]  ? __text_poke+0x5/0x4c0
[   28.646072]  ? text_poke_bp_batch+0x83/0x290
[   28.646937]  ? 0xffffffffa00dc000
[   28.647603]  ? user_disable_single_step+0x50/0x50
[   28.648552]  text_poke_queue+0xa7/0xc0
[   28.649311]  ftrace_replace_code+0xfd/0x170
[   28.650157]  ftrace_modify_all_code+0x1b1/0x270
[   28.651069]  arch_ftrace_update_code+0x9/0x10
[   28.651931]  ftrace_run_update_code+0x30/0xa0
[   28.652814]  ftrace_startup_enable+0x5e/0xa0
[   28.653666]  ftrace_startup+0x16a/0x240
[   28.654437]  register_ftrace_function+0x41/0x90
[   28.655347]  perf_ftrace_event_register+0xc1/0xf0
[   28.656292]  perf_trace_event_init+0xa0/0x4c0
[   28.657186]  perf_trace_init+0xd8/0x160
[   28.657967]  perf_tp_event_init+0x57/0xa0
[   28.658748]  perf_try_init_event+0x83/0x270
[   28.659568]  perf_event_alloc+0xd92/0x1800
[   28.660364]  ? _raw_spin_unlock+0x1a/0x30
[   28.661161]  ? alloc_fd+0x159/0x260
[   28.661847]  __do_sys_perf_event_open+0x3c7/0x1a10
[   28.662769]  ? write_comp_data+0x2f/0x90
[   28.663546]  __x64_sys_perf_event_open+0x26/0x30
[   28.664432]  do_syscall_64+0x37/0x80
[   28.665160]  entry_SYSCALL_64_after_hwframe+0x44/0xae
[   28.666134] RIP: 0033:0x7fa7feb5759d
[   28.666836] Code: 00 c3 66 2e 0f 1f 84 00 00 00 00 00 90 f3 0f 1e fa 48 89 f8 48 89 f7 48 89 d6 48 89 ca 4d 89 c2 4d 89 c8 4c 8b 4c 24 08 0f 05 <48> 3d 01 f0 ff ff 73 01 c3 48 8b 0d d3 08 0d 00 f7 d8 64 89 01 48
[   28.670343] RSP: 002b:00007ffe5916a7d8 EFLAGS: 00000246 ORIG_RAX: 000000000000012a
[   28.671785] RAX: ffffffffffffffda RBX: 0000000000000000 RCX: 00007fa7feb5759d
[   28.673132] RDX: 0000000000000000 RSI: 0000000000000000 RDI: 00000000200001c0
[   28.674472] RBP: 00007ffe5916a7e0 R08: 0000000000000000 R09: 00007ffe5916a810
[   28.675807] R10: 00000000ffffffff R11: 0000000000000246 R12: 0000000000401180
[   28.677169] R13: 00007ffe5916a900 R14: 0000000000000000 R15: 0000000000000000
[   28.678622] BUG: using smp_processor_id() in preemptible [00000000] code: repro/560
[   28.680076] caller is debug_smp_processor_id+0x1c/0x20
[   28.681101] CPU: 1 PID: 560 Comm: repro Not tainted 5.15.0-rc4-7d380f24fe66+ #1
[   28.682475] Hardware name: QEMU Standard PC (i440FX + PIIX, 1996), BIOS rel-1.14.0-0-g155821a1990b-prebuilt.qemu.org 04/01/2014
[   28.684591] Call Trace:
[   28.685083]  dump_stack_lvl+0x87/0xb1
[   28.685813]  dump_stack+0x15/0x17
[   28.686470]  check_preemption_disabled+0x167/0x180
[   28.687399]  ? text_poke_bp_batch+0x83/0x290
[   28.688236]  ? do_sync_core+0x30/0x30
[   28.688984]  debug_smp_processor_id+0x1c/0x20
[   28.689853]  perf_ftrace_function_call+0x7c/0x360
[   28.690784]  ? 0xffffffffa00dc099
[   28.691434]  ? write_comp_data+0x2f/0x90
[   28.692201]  ? __sanitizer_cov_trace_pc+0x21/0x50
[   28.693119]  ? write_comp_data+0x2f/0x90
[   28.693880]  0xffffffffa00dc099
[   28.694496]  ? alternatives_enable_smp+0x90/0x90
[   28.695387]  ? __text_poke+0x5/0x4c0
[   28.696091]  __text_poke+0x5/0x4c0
[   28.696773]  text_poke_bp_batch+0x83/0x290
[   28.697561]  ? __text_poke+0x5/0x4c0
[   28.698256]  ? text_poke_bp_batch+0x83/0x290
[   28.699079]  ? 0xffffffffa00dc000
[   28.699733]  ? user_disable_single_step+0x50/0x50
[   28.700672]  text_poke_queue+0xa7/0xc0
[   28.701421]  ftrace_replace_code+0xfd/0x170
[   28.702240]  ftrace_modify_all_code+0x1b1/0x270
[   28.703119]  arch_ftrace_update_code+0x9/0x10
[   28.703215] BUG: using smp_processor_id() in preemptible [00000000] code: repro/562
[   28.703964]  ftrace_run_update_code+0x30/0xa0
[   28.705471] caller is debug_smp_processor_id+0x1c/0x20
[   28.706294]  ftrace_startup_enable+0x5e/0xa0
[   28.708079]  ftrace_startup+0x16a/0x240
[   28.708844]  register_ftrace_function+0x41/0x90
[   28.709732]  perf_ftrace_event_register+0xc1/0xf0
[   28.710661]  perf_trace_event_init+0xa0/0x4c0
[   28.711530]  perf_trace_init+0xd8/0x160
[   28.712296]  perf_tp_event_init+0x57/0xa0
[   28.713116]  perf_try_init_event+0x83/0x270
[   28.713944]  perf_event_alloc+0xd92/0x1800
[   28.714748]  ? _raw_spin_unlock+0x1a/0x30
[   28.715542]  ? alloc_fd+0x159/0x260
[   28.716247]  __do_sys_perf_event_open+0x3c7/0x1a10
[   28.717191]  ? write_comp_data+0x2f/0x90
[   28.717970]  __x64_sys_perf_event_open+0x26/0x30
[   28.718869]  do_syscall_64+0x37/0x80
[   28.719581]  entry_SYSCALL_64_after_hwframe+0x44/0xae
[   28.720573] RIP: 0033:0x7fa7feb5759d
[   28.721277] Code: 00 c3 66 2e 0f 1f 84 00 00 00 00 00 90 f3 0f 1e fa 48 89 f8 48 89 f7 48 89 d6 48 89 ca 4d 89 c2 4d 89 c8 4c 8b 4c 24 08 0f 05 <48> 3d 01 f0 ff ff 73 01 c3 48 8b 0d d3 08 0d 00 f7 d8 64 89 01 48
[   28.724784] RSP: 002b:00007ffe5916a7d8 EFLAGS: 00000246 ORIG_RAX: 000000000000012a
[   28.726224] RAX: ffffffffffffffda RBX: 0000000000000000 RCX: 00007fa7feb5759d
[   28.727576] RDX: 0000000000000000 RSI: 0000000000000000 RDI: 00000000200001c0
[   28.728937] RBP: 00007ffe5916a7e0 R08: 0000000000000000 R09: 00007ffe5916a810
[   28.730269] R10: 00000000ffffffff R11: 0000000000000246 R12: 0000000000401180
[   28.731608] R13: 00007ffe5916a900 R14: 0000000000000000 R15: 0000000000000000
[   28.732987] CPU: 0 PID: 562 Comm: repro Not tainted 5.15.0-rc4-7d380f24fe66+ #1
[   28.733058] BUG: using smp_processor_id() in preemptible [00000000] code: repro/560
[   28.734399] Hardware name: QEMU Standard PC (i440FX + PIIX, 1996), BIOS rel-1.14.0-0-g155821a1990b-prebuilt.qemu.org 04/01/2014
[   28.734419] Call Trace:
[   28.734433]  dump_stack_lvl+0x87/0xb1
[   28.735871] caller is debug_smp_processor_id+0x1c/0x20
[   28.738010]  dump_stack+0x15/0x17
[   28.738039]  check_preemption_disabled+0x167/0x180
[   28.738064]  ? exit_to_user_mode_prepare+0xf0/0x1c0
[   28.742585]  ? get_sigframe_size+0x20/0x20
[   28.743382]  debug_smp_processor_id+0x1c/0x20
[   28.744212]  perf_ftrace_function_call+0x7c/0x360
[   28.745112]  ? write_comp_data+0x2f/0x90
[   28.745873]  ? write_comp_data+0x2f/0x90
[   28.746627]  ? __sanitizer_cov_trace_pc+0x21/0x50
[   28.747514]  ? write_comp_data+0x2f/0x90
[   28.748262]  0xffffffffa00dc099
[   28.748876]  ? __sanitizer_cov_trace_pc+0x21/0x50
[   28.749773]  ? __sanitizer_cov_trace_pc+0x21/0x50
[   28.750663]  ? __audit_syscall_exit+0x276/0x400
[   28.751522]  ? arch_do_signal_or_restart+0x5/0x7b0
[   28.752431]  arch_do_signal_or_restart+0x5/0x7b0
[   28.753353]  exit_to_user_mode_prepare+0xf0/0x1c0
[   28.754291]  ? arch_do_signal_or_restart+0x5/0x7b0
[   28.755247]  ? exit_to_user_mode_prepare+0xf0/0x1c0
[   28.756227]  syscall_exit_to_user_mode+0x1c/0x30
[   28.757204]  do_syscall_64+0x46/0x80
[   28.757963]  entry_SYSCALL_64_after_hwframe+0x44/0xae
[   28.758980] RIP: 0033:0x7fa7feb1fa18
[   28.759700] Code: 00 66 2e 0f 1f 84 00 00 00 00 00 0f 1f 80 00 00 00 00 f3 0f 1e fa 48 8d 05 85 e6 10 00 8b 00 85 c0 75 1f b8 23 00 00 00 0f 05 <0f> 1f 84 00 00 00 00 00 48 3d 00 f0 ff ff 77 48 c3 0f 1f 80 00 00
[   28.763307] RSP: 002b:00007ffe5916a738 EFLAGS: 00000246 ORIG_RAX: 0000000000000023
[   28.764839] RAX: 0000000000000000 RBX: 0000000000000000 RCX: 00007fa7feb1fa18
[   28.766224] RDX: 0000000000000000 RSI: 0000000000000000 RDI: 00007ffe5916a740
[   28.767603] RBP: 00007ffe5916a780 R08: 0000000000000000 R09: 0000000000000000
[   28.769035] R10: 0000000000000004 R11: 0000000000000246 R12: 0000000000401180
[   28.778931] R13: 00007ffe5916a900 R14: 0000000000000000 R15: 0000000000000000
[   28.779703] CPU: 1 PID: 560 Comm: repro Not tainted 5.15.0-rc4-7d380f24fe66+ #1
[   28.779809] BUG: using smp_processor_id() in preemptible [00000000] code: repro/562
[   28.781192] Hardware name: QEMU Standard PC (i440FX + PIIX, 1996), BIOS rel-1.14.0-0-g155821a1990b-prebuilt.qemu.org 04/01/2014
[   28.782002] caller is debug_smp_processor_id+0x1c/0x20
[   28.784196] Call Trace:
[   28.785275]  dump_stack_lvl+0x87/0xb1
[   28.786035]  dump_stack+0x15/0x17
[   28.786709]  check_preemption_disabled+0x167/0x180
[   28.787680]  ? text_poke_bp_batch+0x83/0x290
[   28.788579]  ? do_sync_core+0x30/0x30
[   28.789345]  debug_smp_processor_id+0x1c/0x20
[   28.790239]  perf_ftrace_function_call+0x7c/0x360
[   28.791195]  ? 0xffffffffa00dc099
[   28.791874]  ? write_comp_data+0x2f/0x90
[   28.792694]  ? __sanitizer_cov_trace_pc+0x21/0x50
[   28.793650]  ? write_comp_data+0x2f/0x90
[   28.794453]  0xffffffffa00dc099
[   28.795098]  ? alternatives_text_reserved+0x70/0x70
[   28.796081]  ? __text_poke+0x5/0x4c0
[   28.796836]  __text_poke+0x5/0x4c0
[   28.797522]  text_poke_bp_batch+0x83/0x290
[   28.798336]  ? __text_poke+0x5/0x4c0
[   28.799045]  ? text_poke_bp_batch+0x83/0x290
[   28.799899]  ? 0xffffffffa00dc000
[   28.800594]  ? user_disable_single_step+0x50/0x50
[   28.801535]  text_poke_queue+0xa7/0xc0
[   28.802306]  ftrace_replace_code+0xfd/0x170
[   28.803155]  ftrace_modify_all_code+0x1b1/0x270
[   28.804078]  arch_ftrace_update_code+0x9/0x10
[   28.804968]  ftrace_run_update_code+0x30/0xa0
[   28.805836]  ftrace_startup_enable+0x5e/0xa0
[   28.806686]  ftrace_startup+0x16a/0x240
[   28.807456]  register_ftrace_function+0x41/0x90
[   28.808360]  perf_ftrace_event_register+0xc1/0xf0
[   28.809324]  perf_trace_event_init+0xa0/0x4c0
[   28.810219]  perf_trace_init+0xd8/0x160
[   28.811028]  perf_tp_event_init+0x57/0xa0
[   28.811853]  perf_try_init_event+0x83/0x270
[   28.812752]  perf_event_alloc+0xd92/0x1800
[   28.813613]  ? _raw_spin_unlock+0x1a/0x30
[   28.814461]  ? alloc_fd+0x159/0x260
[   28.815212]  __do_sys_perf_event_open+0x3c7/0x1a10
[   28.816210]  ? write_comp_data+0x2f/0x90
[   28.817219]  __x64_sys_perf_event_open+0x26/0x30
[   28.818140]  do_syscall_64+0x37/0x80
[   28.818862]  entry_SYSCALL_64_after_hwframe+0x44/0xae
[   28.819873] RIP: 0033:0x7fa7feb5759d
[   28.820616] Code: 00 c3 66 2e 0f 1f 84 00 00 00 00 00 90 f3 0f 1e fa 48 89 f8 48 89 f7 48 89 d6 48 89 ca 4d 89 c2 4d 89 c8 4c 8b 4c 24 08 0f 05 <48> 3d 01 f0 ff ff 73 01 c3 48 8b 0d d3 08 0d 00 f7 d8 64 89 01 48
[   28.824141] RSP: 002b:00007ffe5916a7d8 EFLAGS: 00000246 ORIG_RAX: 000000000000012a
[   28.825621] RAX: ffffffffffffffda RBX: 0000000000000000 RCX: 00007fa7feb5759d
[   28.826981] RDX: 0000000000000000 RSI: 0000000000000000 RDI: 00000000200001c0
[   28.828341] RBP: 00007ffe5916a7e0 R08: 0000000000000000 R09: 00007ffe5916a810
[   28.829700] R10: 00000000ffffffff R11: 0000000000000246 R12: 0000000000401180
[   28.831095] R13: 00007ffe5916a900 R14: 0000000000000000 R15: 0000000000000000
[   28.832518] CPU: 0 PID: 562 Comm: repro Not tainted 5.15.0-rc4-7d380f24fe66+ #1
[   28.833386] Hardware name: QEMU Standard PC (i440FX + PIIX, 1996), BIOS rel-1.14.0-0-g155821a1990b-prebuilt.qemu.org 04/01/2014
[   28.834564] Call Trace:
[   28.834832]  dump_stack_lvl+0x87/0xb1
[   28.835245]  dump_stack+0x15/0x17
[   28.835614]  check_preemption_disabled+0x167/0x180
[   28.836133]  ? exit_mmap+0xa6/0x310
[   28.836525]  ? destroy_context_ldt+0x30/0x30
[   28.836998]  debug_smp_processor_id+0x1c/0x20
[   28.837479]  perf_ftrace_function_call+0x7c/0x360
[   28.838006]  ? __sanitizer_cov_trace_pc+0x21/0x50
[   28.838524]  ? vprintk+0xad/0xf0
[   28.838880]  ? _printk+0x64/0x80
[   28.839245]  ? write_comp_data+0x2f/0x90
[   28.839675]  ? __sanitizer_cov_trace_pc+0x21/0x50
[   28.840178]  0xffffffffa00dc099
[   28.840533]  ? is_bpf_text_address+0x27/0x30
[   28.841016]  ? exit_mmap+0x86/0x310
[   28.841433]  ? ldt_arch_exit_mmap+0x5/0x10
[   28.841910]  ? write_comp_data+0x2f/0x90
[   28.842363]  ldt_arch_exit_mmap+0x5/0x10
[   28.842816]  exit_mmap+0xa6/0x310
[   28.843195]  ? ldt_arch_exit_mmap+0x5/0x10
[   28.843662]  ? exit_mmap+0xa6/0x310
[   28.844056]  ? futex_cleanup+0x76/0x7c0
[   28.844485]  ? __sanitizer_cov_trace_pc+0x21/0x50
[   28.844992]  ? __sanitizer_cov_trace_pc+0x21/0x50
[   28.845517]  ? exit_aio+0x10f/0x150
[   28.845927]  ? delayed_uprobe_remove+0x9a/0xb0
[   28.846434]  ? write_comp_data+0x2f/0x90
[   28.846884]  mmput+0xa5/0x190
[   28.847221]  do_exit+0x48b/0x1150
[   28.847598]  ? exit_to_user_mode_prepare+0xf0/0x1c0
[   28.848119]  ? perf_ftrace_function_call+0x4c/0x360
[   28.848654]  ? write_comp_data+0x2f/0x90
[   28.849091]  do_group_exit+0x78/0x110
[   28.849498]  get_signal+0x1e1/0xdf0
[   28.849883]  ? write_comp_data+0x2f/0x90
[   28.850318]  arch_do_signal_or_restart+0xb7/0x7b0
[   28.850827]  ? __sanitizer_cov_trace_pc+0x21/0x50
[   28.851336]  ? __audit_syscall_exit+0x276/0x400
[   28.851829]  ? arch_do_signal_or_restart+0x5/0x7b0
[   28.852348]  exit_to_user_mode_prepare+0xf0/0x1c0
[   28.852864]  syscall_exit_to_user_mode+0x1c/0x30
[   28.853355]  do_syscall_64+0x46/0x80
[   28.853738]  entry_SYSCALL_64_after_hwframe+0x44/0xae
[   28.854263] RIP: 0033:0x7fa7feb1fa18
[   28.854642] Code: Unable to access opcode bytes at RIP 0x7fa7feb1f9ee.
[   28.855304] RSP: 002b:00007ffe5916a738 EFLAGS: 00000246 ORIG_RAX: 0000000000000023
[   28.856090] RAX: 0000000000000000 RBX: 0000000000000000 RCX: 00007fa7feb1fa18
[   28.856828] RDX: 0000000000000000 RSI: 0000000000000000 RDI: 00007ffe5916a740
[   28.857578] RBP: 00007ffe5916a780 R08: 0000000000000000 R09: 0000000000000000
[   28.858321] R10: 0000000000000004 R11: 0000000000000246 R12: 0000000000401180
[   28.859069] R13: 00007ffe5916a900 R14: 0000000000000000 R15: 0000000000000000
[  300.253730] INFO: task rcu_tasks_kthre:9 blocked for more than 147 seconds.
[  300.254683]       Not tainted 5.15.0-rc4-7d380f24fe66+ #1
[  300.255411] "echo 0 > /proc/sys/kernel/hung_task_timeout_secs" disables this message.
[  300.256447] task:rcu_tasks_kthre state:D stack:    0 pid:    9 ppid:     2 flags:0x00004000
[  300.257571] Call Trace:
[  300.257938]  __schedule+0x403/0x940
[  300.258439]  ? _raw_spin_unlock_irqrestore+0x22/0x40
[  300.259122]  schedule+0x48/0xd0
[  300.259563]  schedule_timeout+0x33e/0x420
[  300.260118]  ? __sanitizer_cov_trace_pc+0x21/0x50
[  300.260831]  ? queue_delayed_work_on+0x75/0xc0
[  300.261157]  wait_for_completion+0x9c/0x100
[  300.261449]  __synchronize_srcu.part.23+0x83/0xb0
[  300.261817]  ? __bpf_trace_rcu_stall_warning+0x10/0x10
[  300.262175]  synchronize_srcu+0xd2/0x100
[  300.262446]  rcu_tasks_postscan+0x15/0x20
[  300.262726]  rcu_tasks_wait_gp+0xfa/0x200
[  300.263001]  ? rcu_tasks_kthread+0x113/0x1c0
[  300.263293]  rcu_tasks_kthread+0xf9/0x1c0
[  300.263570]  ? wait_woken+0x70/0x70
[  300.263827]  ? rcu_tasks_postscan+0x20/0x20
[  300.264115]  kthread+0x1d4/0x210
[  300.264343]  ? set_kthread_struct+0x80/0x80
[  300.264637]  ret_from_fork+0x1f/0x30
[  300.264930] INFO: task repro:560 blocked for more than 147 seconds.
[  300.265348]       Not tainted 5.15.0-rc4-7d380f24fe66+ #1
[  300.265724] "echo 0 > /proc/sys/kernel/hung_task_timeout_secs" disables this message.
[  300.266238] task:repro           state:D stack:    0 pid:  560 ppid:   559 flags:0x00004004
[  300.266795] Call Trace:
[  300.266965]  __schedule+0x403/0x940
[  300.267208]  ? default_wake_function+0x1a/0x20
[  300.267515]  schedule+0x48/0xd0
[  300.267735]  schedule_timeout+0x33e/0x420
[  300.268011]  ? _raw_spin_unlock_irqrestore+0x22/0x40
[  300.268347]  ? __wake_up_common_lock+0x8c/0xc0
[  300.268654]  wait_for_completion+0x9c/0x100
[  300.268945]  __wait_rcu_gp+0x11d/0x140
[  300.269206]  rcu_barrier_tasks+0x3b/0x60
[  300.269477]  ? call_rcu_tasks_generic+0x80/0x80
[  300.269817]  ? __bpf_trace_rcu_stall_warning+0x10/0x10
[  300.270168]  synchronize_rcu_tasks+0xe/0x10
[  300.270456]  ftrace_shutdown+0x30d/0x3f0
[  300.270728]  unregister_ftrace_function+0x23/0x50
[  300.271049]  perf_ftrace_event_register+0x89/0xf0
[  300.271371]  ? perf_tp_event_init+0xa0/0xa0
[  300.271659]  perf_trace_destroy+0x35/0x50
[  300.271934]  tp_perf_event_destroy+0x15/0x20
[  300.272228]  _free_event+0xfa/0x680
[  300.272474]  put_event+0x37/0x50
[  300.272700]  perf_event_release_kernel+0x2e9/0x360
[  300.273026]  ? __sanitizer_cov_trace_pc+0x21/0x50
[  300.273349]  ? perf_event_release_kernel+0x360/0x360
[  300.273695]  perf_release+0x19/0x20
[  300.273938]  __fput+0x111/0x440
[  300.274160]  ____fput+0x1a/0x20
[  300.274379]  task_work_run+0x88/0xd0
[  300.274630]  exit_to_user_mode_prepare+0x1ac/0x1c0
[  300.274958]  syscall_exit_to_user_mode+0x1c/0x30
[  300.275275]  do_syscall_64+0x46/0x80
[  300.275522]  entry_SYSCALL_64_after_hwframe+0x44/0xae
[  300.275862] RIP: 0033:0x7fa7feb5759d
[  300.276108] RSP: 002b:00007ffe5916a7d8 EFLAGS: 00000246 ORIG_RAX: 000000000000012a
[  300.276618] RAX: ffffffffffffffea RBX: 0000000000000000 RCX: 00007fa7feb5759d
[  300.277084] RDX: 0000000000000000 RSI: 0000000000000000 RDI: 00000000200001c0
[  300.277550] RBP: 00007ffe5916a7e0 R08: 0000000000000000 R09: 00007ffe5916a810
[  300.278022] R10: 00000000ffffffff R11: 0000000000000246 R12: 0000000000401180
[  300.278486] R13: 00007ffe5916a900 R14: 0000000000000000 R15: 0000000000000000
[  447.709776] INFO: task rcu_tasks_kthre:9 blocked for more than 294 seconds.
[  447.710873]       Not tainted 5.15.0-rc4-7d380f24fe66+ #1
[  447.711704] "echo 0 > /proc/sys/kernel/hung_task_timeout_secs" disables this message.
[  447.712884] task:rcu_tasks_kthre state:D stack:    0 pid:    9 ppid:     2 flags:0x00004000
[  447.714104] Call Trace:
[  447.714471]  __schedule+0x403/0x940
[  447.715009]  ? _raw_spin_unlock_irqrestore+0x22/0x40
[  447.715748]  schedule+0x48/0xd0
[  447.716231]  schedule_timeout+0x33e/0x420
[  447.716845]  ? __sanitizer_cov_trace_pc+0x21/0x50
[  447.717552]  ? queue_delayed_work_on+0x75/0xc0
[  447.718239]  wait_for_completion+0x9c/0x100
[  447.718884]  __synchronize_srcu.part.23+0x83/0xb0
[  447.719594]  ? __bpf_trace_rcu_stall_warning+0x10/0x10
[  447.720361]  synchronize_srcu+0xd2/0x100
[  447.720962]  rcu_tasks_postscan+0x15/0x20
[  447.721578]  rcu_tasks_wait_gp+0xfa/0x200
[  447.722213]  ? rcu_tasks_kthread+0x113/0x1c0
[  447.722871]  rcu_tasks_kthread+0xf9/0x1c0
[  447.723486]  ? wait_woken+0x70/0x70
[  447.724027]  ? rcu_tasks_postscan+0x20/0x20
[  447.724675]  kthread+0x1d4/0x210
[  447.725178]  ? set_kthread_struct+0x80/0x80
[  447.725835]  ret_from_fork+0x1f/0x30
[  447.726452] INFO: task repro:560 blocked for more than 294 seconds.
[  447.727389]       Not tainted 5.15.0-rc4-7d380f24fe66+ #1
[  447.728194] "echo 0 > /proc/sys/kernel/hung_task_timeout_secs" disables this message.
[  447.729353] task:repro           state:D stack:    0 pid:  560 ppid:   559 flags:0x00004004
[  447.730616] Call Trace:
[  447.731012]  __schedule+0x403/0x940
[  447.731571]  ? default_wake_function+0x1a/0x20
[  447.732253]  schedule+0x48/0xd0
[  447.732868]  schedule_timeout+0x33e/0x420
[  447.733215]  ? _raw_spin_unlock_irqrestore+0x22/0x40
[  447.733610]  ? __wake_up_common_lock+0x8c/0xc0
[  447.734008]  wait_for_completion+0x9c/0x100
[  447.734347]  __wait_rcu_gp+0x11d/0x140
[  447.734653]  rcu_barrier_tasks+0x3b/0x60
[  447.734971]  ? call_rcu_tasks_generic+0x80/0x80
[  447.735334]  ? __bpf_trace_rcu_stall_warning+0x10/0x10
[  447.735745]  synchronize_rcu_tasks+0xe/0x10
[  447.736085]  ftrace_shutdown+0x30d/0x3f0
[  447.736403]  unregister_ftrace_function+0x23/0x50
[  447.736800]  perf_ftrace_event_register+0x89/0xf0
[  447.737186]  ? perf_tp_event_init+0xa0/0xa0
[  447.737532]  perf_trace_destroy+0x35/0x50
[  447.737878]  tp_perf_event_destroy+0x15/0x20
[  447.738230]  _free_event+0xfa/0x680
[  447.738520]  put_event+0x37/0x50
[  447.738792]  perf_event_release_kernel+0x2e9/0x360
[  447.739185]  ? __sanitizer_cov_trace_pc+0x21/0x50
[  447.739572]  ? perf_event_release_kernel+0x360/0x360
[  447.739978]  perf_release+0x19/0x20
[  447.740268]  __fput+0x111/0x440
[  447.740540]  ____fput+0x1a/0x20
[  447.740811]  task_work_run+0x88/0xd0
[  447.741115]  exit_to_user_mode_prepare+0x1ac/0x1c0
[  447.741516]  syscall_exit_to_user_mode+0x1c/0x30
[  447.741935]  do_syscall_64+0x46/0x80
[  447.742245]  entry_SYSCALL_64_after_hwframe+0x44/0xae
[  447.742659] RIP: 0033:0x7fa7feb5759d
[  447.742958] RSP: 002b:00007ffe5916a7d8 EFLAGS: 00000246 ORIG_RAX: 000000000000012a
[  447.743560] RAX: ffffffffffffffea RBX: 0000000000000000 RCX: 00007fa7feb5759d
[  447.744128] RDX: 0000000000000000 RSI: 0000000000000000 RDI: 00000000200001c0
[  447.744697] RBP: 00007ffe5916a7e0 R08: 0000000000000000 R09: 00007ffe5916a810
[  447.745272] R10: 00000000ffffffff R11: 0000000000000246 R12: 0000000000401180
[  447.745865] R13: 00007ffe5916a900 R14: 0000000000000000 R15: 0000000000000000
[  595.165940] INFO: task rcu_tasks_kthre:9 blocked for more than 442 seconds.
[  595.167073]       Not tainted 5.15.0-rc4-7d380f24fe66+ #1
[  595.167900] "echo 0 > /proc/sys/kernel/hung_task_timeout_secs" disables this message.
[  595.169090] task:rcu_tasks_kthre state:D stack:    0 pid:    9 ppid:     2 flags:0x00004000
[  595.170403] Call Trace:
[  595.170803]  __schedule+0x403/0x940
[  595.171375]  ? _raw_spin_unlock_irqrestore+0x22/0x40
[  595.172155]  schedule+0x48/0xd0
[  595.172665]  schedule_timeout+0x33e/0x420
[  595.173300]  ? __sanitizer_cov_trace_pc+0x21/0x50
[  595.174064]  ? queue_delayed_work_on+0x75/0xc0
[  595.174767]  wait_for_completion+0x9c/0x100
[  595.175427]  __synchronize_srcu.part.23+0x83/0xb0
[  595.176163]  ? __bpf_trace_rcu_stall_warning+0x10/0x10
[  595.176971]  synchronize_srcu+0xd2/0x100
[  595.177589]  rcu_tasks_postscan+0x15/0x20
[  595.178239]  rcu_tasks_wait_gp+0xfa/0x200
[  595.178877]  ? rcu_tasks_kthread+0x113/0x1c0
[  595.179555]  rcu_tasks_kthread+0xf9/0x1c0
[  595.180190]  ? wait_woken+0x70/0x70
[  595.180750]  ? rcu_tasks_postscan+0x20/0x20
[  595.181410]  kthread+0x1d4/0x210
[  595.181942]  ? set_kthread_struct+0x80/0x80
[  595.182603]  ret_from_fork+0x1f/0x30
[  595.183249] INFO: task repro:560 blocked for more than 442 seconds.
[  595.184214]       Not tainted 5.15.0-rc4-7d380f24fe66+ #1
[  595.184962] "echo 0 > /proc/sys/kernel/hung_task_timeout_secs" disables this message.
[  595.185642] task:repro           state:D stack:    0 pid:  560 ppid:   559 flags:0x00004004
[  595.186396] Call Trace:
[  595.186654]  __schedule+0x403/0x940
[  595.186977]  ? default_wake_function+0x1a/0x20
[  595.187375]  schedule+0x48/0xd0
[  595.187659]  schedule_timeout+0x33e/0x420
[  595.188017]  ? _raw_spin_unlock_irqrestore+0x22/0x40
[  595.188457]  ? __wake_up_common_lock+0x8c/0xc0
[  595.188861]  wait_for_completion+0x9c/0x100
[  595.189234]  __wait_rcu_gp+0x11d/0x140
[  595.189573]  rcu_barrier_tasks+0x3b/0x60
[  595.189934]  ? call_rcu_tasks_generic+0x80/0x80
[  595.190334]  ? __bpf_trace_rcu_stall_warning+0x10/0x10
[  595.190790]  synchronize_rcu_tasks+0xe/0x10
[  595.191163]  ftrace_shutdown+0x30d/0x3f0
[  595.191516]  unregister_ftrace_function+0x23/0x50
[  595.191932]  perf_ftrace_event_register+0x89/0xf0
[  595.192349]  ? perf_tp_event_init+0xa0/0xa0
[  595.192731]  perf_trace_destroy+0x35/0x50
[  595.193088]  tp_perf_event_destroy+0x15/0x20
[  595.193467]  _free_event+0xfa/0x680
[  595.193790]  put_event+0x37/0x50
[  595.194082]  perf_event_release_kernel+0x2e9/0x360
[  595.194505]  ? __sanitizer_cov_trace_pc+0x21/0x50
[  595.194924]  ? perf_event_release_kernel+0x360/0x360
[  595.195361]  perf_release+0x19/0x20
[  595.195673]  __fput+0x111/0x440
[  595.195958]  ____fput+0x1a/0x20
[  595.196241]  task_work_run+0x88/0xd0
[  595.196567]  exit_to_user_mode_prepare+0x1ac/0x1c0
[  595.196990]  syscall_exit_to_user_mode+0x1c/0x30
[  595.197400]  do_syscall_64+0x46/0x80
[  595.197731]  entry_SYSCALL_64_after_hwframe+0x44/0xae
[  595.198176] RIP: 0033:0x7fa7feb5759d
[  595.198495] RSP: 002b:00007ffe5916a7d8 EFLAGS: 00000246 ORIG_RAX: 000000000000012a
[  595.199150] RAX: ffffffffffffffea RBX: 0000000000000000 RCX: 00007fa7feb5759d
[  595.199762] RDX: 0000000000000000 RSI: 0000000000000000 RDI: 00000000200001c0
[  595.200376] RBP: 00007ffe5916a7e0 R08: 0000000000000000 R09: 00007ffe5916a810
[  595.200991] R10: 00000000ffffffff R11: 0000000000000246 R12: 0000000000401180
[  595.201588] R13: 00007ffe5916a900 R14: 0000000000000000 R15: 0000000000000000
[  742.621928] INFO: task rcu_tasks_kthre:9 blocked for more than 589 seconds.
[  742.623329]       Not tainted 5.15.0-rc4-7d380f24fe66+ #1
[  742.624331] "echo 0 > /proc/sys/kernel/hung_task_timeout_secs" disables this message.
[  742.625823] task:rcu_tasks_kthre state:D stack:    0 pid:    9 ppid:     2 flags:0x00004000
[  742.627352] Call Trace:
[  742.627828]  __schedule+0x403/0x940
[  742.628484]  ? _raw_spin_unlock_irqrestore+0x22/0x40
[  742.629400]  schedule+0x48/0xd0
[  742.630056]  schedule_timeout+0x33e/0x420
[  742.630815]  ? __sanitizer_cov_trace_pc+0x21/0x50
[  742.631703]  ? queue_delayed_work_on+0x75/0xc0
[  742.632562]  wait_for_completion+0x9c/0x100
[  742.633372]  __synchronize_srcu.part.23+0x83/0xb0
[  742.634301]  ? __bpf_trace_rcu_stall_warning+0x10/0x10
[  742.635259]  synchronize_srcu+0xd2/0x100
[  742.635985]  rcu_tasks_postscan+0x15/0x20
[  742.636726]  rcu_tasks_wait_gp+0xfa/0x200
[  742.637474]  ? rcu_tasks_kthread+0x113/0x1c0
[  742.638300]  rcu_tasks_kthread+0xf9/0x1c0
[  742.639059]  ? wait_woken+0x70/0x70
[  742.639717]  ? rcu_tasks_postscan+0x20/0x20
[  742.640502]  kthread+0x1d4/0x210
[  742.641124]  ? set_kthread_struct+0x80/0x80
[  742.641937]  ret_from_fork+0x1f/0x30
[  742.642722] INFO: task repro:560 blocked for more than 589 seconds.
[  742.643862]       Not tainted 5.15.0-rc4-7d380f24fe66+ #1
[  742.644855] "echo 0 > /proc/sys/kernel/hung_task_timeout_secs" disables this message.
[  742.646268] task:repro           state:D stack:    0 pid:  560 ppid:   559 flags:0x00004004
[  742.647737] Call Trace:
[  742.648184]  __schedule+0x403/0x940
[  742.648843]  ? default_wake_function+0x1a/0x20
[  742.649651]  schedule+0x48/0xd0
[  742.650263]  schedule_timeout+0x33e/0x420
[  742.651002]  ? _raw_spin_unlock_irqrestore+0x22/0x40
[  742.651897]  ? __wake_up_common_lock+0x8c/0xc0
[  742.652716]  wait_for_completion+0x9c/0x100
[  742.653484]  __wait_rcu_gp+0x11d/0x140
[  742.654204]  rcu_barrier_tasks+0x3b/0x60
[  742.654927]  ? call_rcu_tasks_generic+0x80/0x80
[  742.655749]  ? __bpf_trace_rcu_stall_warning+0x10/0x10
[  742.656685]  synchronize_rcu_tasks+0xe/0x10
[  742.657450]  ftrace_shutdown+0x30d/0x3f0
[  742.658187]  unregister_ftrace_function+0x23/0x50
[  742.659047]  perf_ftrace_event_register+0x89/0xf0
[  742.659926]  ? perf_tp_event_init+0xa0/0xa0
[  742.660726]  perf_trace_destroy+0x35/0x50
[  742.661479]  tp_perf_event_destroy+0x15/0x20
[  742.662298]  _free_event+0xfa/0x680
[  742.662970]  put_event+0x37/0x50
[  742.663579]  perf_event_release_kernel+0x2e9/0x360
[  742.664469]  ? __sanitizer_cov_trace_pc+0x21/0x50
[  742.665365]  ? perf_event_release_kernel+0x360/0x360
[  742.666308]  perf_release+0x19/0x20
[  742.666978]  __fput+0x111/0x440
[  742.667597]  ____fput+0x1a/0x20
[  742.668212]  task_work_run+0x88/0xd0
[  742.668918]  exit_to_user_mode_prepare+0x1ac/0x1c0
[  742.669863]  syscall_exit_to_user_mode+0x1c/0x30
[  742.670780]  do_syscall_64+0x46/0x80
[  742.671491]  entry_SYSCALL_64_after_hwframe+0x44/0xae
[  742.672457] RIP: 0033:0x7fa7feb5759d
[  742.676150] RSP: 002b:00007ffe5916a7d8 EFLAGS: 00000246 ORIG_RAX: 000000000000012a
[  742.676932] RAX: ffffffffffffffea RBX: 0000000000000000 RCX: 00007fa7feb5759d
[  742.677617] RDX: 0000000000000000 RSI: 0000000000000000 RDI: 00000000200001c0
[  742.678315] RBP: 00007ffe5916a7e0 R08: 0000000000000000 R09: 00007ffe5916a810
[  742.678999] R10: 00000000ffffffff R11: 0000000000000246 R12: 0000000000401180
[  742.679686] R13: 00007ffe5916a900 R14: 0000000000000000 R15: 0000000000000000
[  890.077927] INFO: task rcu_tasks_kthre:9 blocked for more than 737 seconds.
[  890.079255]       Not tainted 5.15.0-rc4-7d380f24fe66+ #1
[  890.080223] "echo 0 > /proc/sys/kernel/hung_task_timeout_secs" disables this message.
[  890.081620] task:rcu_tasks_kthre state:D stack:    0 pid:    9 ppid:     2 flags:0x00004000
[  890.083142] Call Trace:
[  890.083609]  __schedule+0x403/0x940
[  890.084268]  ? _raw_spin_unlock_irqrestore+0x22/0x40
[  890.085185]  schedule+0x48/0xd0
[  890.085798]  schedule_timeout+0x33e/0x420
[  890.086546]  ? __sanitizer_cov_trace_pc+0x21/0x50
[  890.087413]  ? queue_delayed_work_on+0x75/0xc0
[  890.088232]  wait_for_completion+0x9c/0x100
[  890.089012]  __synchronize_srcu.part.23+0x83/0xb0
[  890.089903]  ? __bpf_trace_rcu_stall_warning+0x10/0x10
[  890.090835]  synchronize_srcu+0xd2/0x100
[  890.091564]  rcu_tasks_postscan+0x15/0x20
[  890.092302]  rcu_tasks_wait_gp+0xfa/0x200
[  890.093054]  ? rcu_tasks_kthread+0x113/0x1c0
[  890.093874]  rcu_tasks_kthread+0xf9/0x1c0
[  890.094629]  ? wait_woken+0x70/0x70
[  890.095287]  ? rcu_tasks_postscan+0x20/0x20
[  890.096062]  kthread+0x1d4/0x210
[  890.096682]  ? set_kthread_struct+0x80/0x80
[  890.097460]  ret_from_fork+0x1f/0x30
[  890.098272] INFO: task repro:560 blocked for more than 737 seconds.
[  890.099428]       Not tainted 5.15.0-rc4-7d380f24fe66+ #1
[  890.100408] "echo 0 > /proc/sys/kernel/hung_task_timeout_secs" disables this message.
[  890.101854] task:repro           state:D stack:    0 pid:  560 ppid:   559 flags:0x00004004
[  890.103390] Call Trace:
[  890.103862]  __schedule+0x403/0x940
[  890.104570]  ? default_wake_function+0x1a/0x20
[  890.105428]  schedule+0x48/0xd0
[  890.106079]  schedule_timeout+0x33e/0x420
[  890.106835]  ? _raw_spin_unlock_irqrestore+0x22/0x40
[  890.107754]  ? __wake_up_common_lock+0x8c/0xc0
[  890.108606]  wait_for_completion+0x9c/0x100
[  890.109391]  __wait_rcu_gp+0x11d/0x140
[  890.110144]  rcu_barrier_tasks+0x3b/0x60
[  890.110896]  ? call_rcu_tasks_generic+0x80/0x80
[  890.111748]  ? __bpf_trace_rcu_stall_warning+0x10/0x10
[  890.112722]  synchronize_rcu_tasks+0xe/0x10
[  890.113512]  ftrace_shutdown+0x30d/0x3f0
[  890.114288]  unregister_ftrace_function+0x23/0x50
[  890.115170]  perf_ftrace_event_register+0x89/0xf0
[  890.116046]  ? perf_tp_event_init+0xa0/0xa0
[  890.116852]  perf_trace_destroy+0x35/0x50
[  890.117624]  tp_perf_event_destroy+0x15/0x20
[  890.118468]  _free_event+0xfa/0x680
[  890.119154]  put_event+0x37/0x50
[  890.119766]  perf_event_release_kernel+0x2e9/0x360
[  890.120673]  ? __sanitizer_cov_trace_pc+0x21/0x50
[  890.121552]  ? perf_event_release_kernel+0x360/0x360
[  890.122517]  perf_release+0x19/0x20
[  890.123192]  __fput+0x111/0x440
[  890.123798]  ____fput+0x1a/0x20
[  890.124399]  task_work_run+0x88/0xd0
[  890.125118]  exit_to_user_mode_prepare+0x1ac/0x1c0
[  890.126064]  syscall_exit_to_user_mode+0x1c/0x30
[  890.126943]  do_syscall_64+0x46/0x80
[  890.127616]  entry_SYSCALL_64_after_hwframe+0x44/0xae
[  890.128573] RIP: 0033:0x7fa7feb5759d
[  890.129246] RSP: 002b:00007ffe5916a7d8 EFLAGS: 00000246 ORIG_RAX: 000000000000012a
[  890.130681] RAX: ffffffffffffffea RBX: 0000000000000000 RCX: 00007fa7feb5759d
[  890.131985] RDX: 0000000000000000 RSI: 0000000000000000 RDI: 00000000200001c0
[  890.133311] RBP: 00007ffe5916a7e0 R08: 0000000000000000 R09: 00007ffe5916a810
[  890.134664] R10: 00000000ffffffff R11: 0000000000000246 R12: 0000000000401180
[  890.135990] R13: 00007ffe5916a900 R14: 0000000000000000 R15: 0000000000000000
