c[?7l[2J[0mSeaBIOS (version rel-1.14.0-0-g155821a1990b-prebuilt.qemu.org)


iPXE (http://ipxe.org) 00:03.0 CA00 PCI2.10 PnP PMM+7FF8F030+7FEEF030 CA00
Press Ctrl-B to configure iPXE (PCI 00:03.0)...                                                                               


Booting from ROM...
c[?7l[2J[    0.000000] Linux version 5.15.0-9a7e0a90a454+ (root@p-rplp01) (gcc (GCC) 8.5.0 20210514 (Red Hat 8.5.0-17), GNU ld version 2.36.1-2.el8) #1 SMP PREEMPT Tue Nov 15 20:39:04 CST 2022
[    0.000000] Command line: console=ttyS0 root=/dev/sda earlyprintk=serial net.ifnames=0
[    0.000000] KERNEL supported cpus:
[    0.000000]   Intel GenuineIntel
[    0.000000]   AMD AuthenticAMD
[    0.000000]   Hygon HygonGenuine
[    0.000000]   Centaur CentaurHauls
[    0.000000]   zhaoxin   Shanghai  
[    0.000000] x86/fpu: Supporting XSAVE feature 0x001: 'x87 floating point registers'
[    0.000000] x86/fpu: Supporting XSAVE feature 0x002: 'SSE registers'
[    0.000000] x86/fpu: Supporting XSAVE feature 0x004: 'AVX registers'
[    0.000000] x86/fpu: Supporting XSAVE feature 0x200: 'Protection Keys User registers'
[    0.000000] x86/fpu: xstate_offset[2]:  576, xstate_sizes[2]:  256
[    0.000000] x86/fpu: xstate_offset[9]:  832, xstate_sizes[9]:    8
[    0.000000] x86/fpu: Enabled xstate features 0x207, context size is 840 bytes, using 'compacted' format.
[    0.000000] signal: max sigframe size: 3632
[    0.000000] BIOS-provided physical RAM map:
[    0.000000] BIOS-e820: [mem 0x0000000000000000-0x000000000009fbff] usable
[    0.000000] BIOS-e820: [mem 0x000000000009fc00-0x000000000009ffff] reserved
[    0.000000] BIOS-e820: [mem 0x00000000000f0000-0x00000000000fffff] reserved
[    0.000000] BIOS-e820: [mem 0x0000000000100000-0x000000007ffdffff] usable
[    0.000000] BIOS-e820: [mem 0x000000007ffe0000-0x000000007fffffff] reserved
[    0.000000] BIOS-e820: [mem 0x00000000feffc000-0x00000000feffffff] reserved
[    0.000000] BIOS-e820: [mem 0x00000000fffc0000-0x00000000ffffffff] reserved
[    0.000000] printk: bootconsole [earlyser0] enabled
[    0.000000] NX (Execute Disable) protection: active
[    0.000000] SMBIOS 2.8 present.
[    0.000000] DMI: QEMU Standard PC (i440FX + PIIX, 1996), BIOS rel-1.14.0-0-g155821a1990b-prebuilt.qemu.org 04/01/2014
[    0.000000] Hypervisor detected: KVM
[    0.000000] kvm-clock: Using msrs 4b564d01 and 4b564d00
[    0.000000] kvm-clock: cpu 0, msr 4601001, primary cpu clock
[    0.000004] kvm-clock: using sched offset of 423499493 cycles
[    0.000551] clocksource: kvm-clock: mask: 0xffffffffffffffff max_cycles: 0x1cd42e4dffb, max_idle_ns: 881590591483 ns
[    0.002095] tsc: Detected 1881.600 MHz processor
[    0.008792] last_pfn = 0x7ffe0 max_arch_pfn = 0x400000000
[    0.009400] x86/PAT: Configuration [0-7]: WB  WC  UC- UC  WB  WP  UC- WT  
[    0.016273] found SMP MP-table at [mem 0x000f5a90-0x000f5a9f]
[    0.016958] Using GB pages for direct mapping
[    0.018426] ACPI: Early table checksum verification disabled
[    0.018992] ACPI: RSDP 0x00000000000F5870 000014 (v00 BOCHS )
[    0.019580] ACPI: RSDT 0x000000007FFE1959 000034 (v01 BOCHS  BXPC     00000001 BXPC 00000001)
[    0.020446] ACPI: FACP 0x000000007FFE1805 000074 (v01 BOCHS  BXPC     00000001 BXPC 00000001)
[    0.021302] ACPI: DSDT 0x000000007FFE0040 0017C5 (v01 BOCHS  BXPC     00000001 BXPC 00000001)
[    0.022150] ACPI: FACS 0x000000007FFE0000 000040
[    0.022622] ACPI: APIC 0x000000007FFE1879 000080 (v01 BOCHS  BXPC     00000001 BXPC 00000001)
[    0.023477] ACPI: HPET 0x000000007FFE18F9 000038 (v01 BOCHS  BXPC     00000001 BXPC 00000001)
[    0.024350] ACPI: WAET 0x000000007FFE1931 000028 (v01 BOCHS  BXPC     00000001 BXPC 00000001)
[    0.025210] ACPI: Reserving FACP table memory at [mem 0x7ffe1805-0x7ffe1878]
[    0.025911] ACPI: Reserving DSDT table memory at [mem 0x7ffe0040-0x7ffe1804]
[    0.026608] ACPI: Reserving FACS table memory at [mem 0x7ffe0000-0x7ffe003f]
[    0.027300] ACPI: Reserving APIC table memory at [mem 0x7ffe1879-0x7ffe18f8]
[    0.027995] ACPI: Reserving HPET table memory at [mem 0x7ffe18f9-0x7ffe1930]
[    0.028691] ACPI: Reserving WAET table memory at [mem 0x7ffe1931-0x7ffe1958]
[    0.030084] No NUMA configuration found
[    0.030471] Faking a node at [mem 0x0000000000000000-0x000000007ffdffff]
[    0.031193] NODE_DATA(0) allocated [mem 0x7ffb5000-0x7ffdffff]
[    0.035755] Zone ranges:
[    0.036036]   DMA      [mem 0x0000000000001000-0x0000000000ffffff]
[    0.036658]   DMA32    [mem 0x0000000001000000-0x000000007ffdffff]
[    0.037265]   Normal   empty
[    0.037550]   Device   empty
[    0.037836] Movable zone start for each node
[    0.038251] Early memory node ranges
[    0.038600]   node   0: [mem 0x0000000000001000-0x000000000009efff]
[    0.039214]   node   0: [mem 0x0000000000100000-0x000000007ffdffff]
[    0.039828] Initmem setup node 0 [mem 0x0000000000001000-0x000000007ffdffff]
[    0.040995] On node 0, zone DMA: 1 pages in unavailable ranges
[    0.041023] On node 0, zone DMA: 97 pages in unavailable ranges
[    0.051527] On node 0, zone DMA32: 32 pages in unavailable ranges
[    0.052462] ACPI: PM-Timer IO Port: 0x608
[    0.053476] ACPI: LAPIC_NMI (acpi_id[0xff] dfl dfl lint[0x1])
[    0.054088] IOAPIC[0]: apic_id 0, version 17, address 0xfec00000, GSI 0-23
[    0.054758] ACPI: INT_SRC_OVR (bus 0 bus_irq 0 global_irq 2 dfl dfl)
[    0.055378] ACPI: INT_SRC_OVR (bus 0 bus_irq 5 global_irq 5 high level)
[    0.056028] ACPI: INT_SRC_OVR (bus 0 bus_irq 9 global_irq 9 high level)
[    0.056686] ACPI: INT_SRC_OVR (bus 0 bus_irq 10 global_irq 10 high level)
[    0.057348] ACPI: INT_SRC_OVR (bus 0 bus_irq 11 global_irq 11 high level)
[    0.058021] ACPI: Using ACPI (MADT) for SMP configuration information
[    0.058643] ACPI: HPET id: 0x8086a201 base: 0xfed00000
[    0.059164] TSC deadline timer available
[    0.059550] smpboot: Allowing 2 CPUs, 0 hotplug CPUs
[    0.060080] kvm-guest: KVM setup pv remote TLB flush
[    0.060573] kvm-guest: setup PV sched yield
[    0.061023] PM: hibernation: Registered nosave memory: [mem 0x00000000-0x00000fff]
[    0.061772] PM: hibernation: Registered nosave memory: [mem 0x0009f000-0x0009ffff]
[    0.062508] PM: hibernation: Registered nosave memory: [mem 0x000a0000-0x000effff]
[    0.063240] PM: hibernation: Registered nosave memory: [mem 0x000f0000-0x000fffff]
[    0.063980] [mem 0x80000000-0xfeffbfff] available for PCI devices
[    0.064574] Booting paravirtualized kernel on KVM
[    0.065037] clocksource: refined-jiffies: mask: 0xffffffff max_cycles: 0xffffffff, max_idle_ns: 7645519600211568 ns
[    0.066079] setup_percpu: NR_CPUS:8192 nr_cpumask_bits:2 nr_cpu_ids:2 nr_node_ids:1
[    0.067544] percpu: Embedded 53 pages/cpu s180224 r8192 d28672 u1048576
[    0.068480] kvm-guest: setup async PF for cpu 0
[    0.068937] kvm-guest: stealtime: cpu 0, msr 7dc2b080
[    0.069453] kvm-guest: PV spinlocks enabled
[    0.069884] PV qspinlock hash table entries: 256 (order: 0, 4096 bytes, linear)
[    0.070643] Built 1 zonelists, mobility grouping on.  Total pages: 515808
[    0.071327] Policy zone: DMA32
[    0.071637] Kernel command line: net.ifnames=0 console=ttyS0 root=/dev/sda earlyprintk=serial net.ifnames=0
[    0.073559] Dentry cache hash table entries: 262144 (order: 9, 2097152 bytes, linear)
[    0.074593] Inode-cache hash table entries: 131072 (order: 8, 1048576 bytes, linear)
[    0.075509] mem auto-init: stack:off, heap alloc:off, heap free:off
[    0.083312] Memory: 2001856K/2096632K available (28689K kernel code, 4325K rwdata, 7452K rodata, 3076K init, 10840K bss, 94520K reserved, 0K cma-reserved)
[    0.084709] random: get_random_u64 called from __kmem_cache_create+0x2f/0x470 with crng_init=0
[    0.085218] SLUB: HWalign=64, Order=0-3, MinObjects=0, CPUs=2, Nodes=1
[    0.086664] kmemleak: Kernel memory leak detector disabled
[    0.087207] ftrace: allocating 64240 entries in 251 pages
[    0.191060] ftrace: allocated 251 pages with 7 groups
[    0.193500] Dynamic Preempt: none
[    0.193896] rcu: Preemptible hierarchical RCU implementation.
[    0.194426] rcu: 	RCU restricting CPUs from NR_CPUS=8192 to nr_cpu_ids=2.
[    0.195054] 	Trampoline variant of Tasks RCU enabled.
[    0.195522] 	Rude variant of Tasks RCU enabled.
[    0.195940] 	Tracing variant of Tasks RCU enabled.
[    0.196397] rcu: RCU calculated value of scheduler-enlistment delay is 25 jiffies.
[    0.197103] rcu: Adjusting geometry for rcu_fanout_leaf=16, nr_cpu_ids=2
[    0.222009] NR_IRQS: 524544, nr_irqs: 440, preallocated irqs: 16
[    0.230721] Console: colour VGA+ 80x25
[    0.231118] printk: console [ttyS0] enabled
[    0.231118] printk: console [ttyS0] enabled
[    0.231919] printk: bootconsole [earlyser0] disabled
[    0.231919] printk: bootconsole [earlyser0] disabled
[    0.232902] ACPI: Core revision 20210730
[    0.233472] clocksource: hpet: mask: 0xffffffff max_cycles: 0xffffffff, max_idle_ns: 19112604467 ns
[    0.234452] APIC: Switch to symmetric I/O mode setup
[    0.235357] x2apic enabled
[    0.235838] Switched APIC routing to physical x2apic.
[    0.236363] kvm-guest: setup PV IPIs
[    0.237564] ..TIMER: vector=0x30 apic1=0 pin1=2 apic2=-1 pin2=-1
[    0.238166] clocksource: tsc-early: mask: 0xffffffffffffffff max_cycles: 0x363e8c91135, max_idle_ns: 881590568389 ns
[    0.239404] Calibrating delay loop (skipped) preset value.. 3763.20 BogoMIPS (lpj=7526400)
[    0.240310] pid_max: default: 32768 minimum: 301
[    0.240831] LSM: Security Framework initializing
[    0.241283] Yama: becoming mindful.
[    0.241720] Mount-cache hash table entries: 4096 (order: 3, 32768 bytes, linear)
[    0.243403] Mountpoint-cache hash table entries: 4096 (order: 3, 32768 bytes, linear)
[    0.244887] x86/cpu: User Mode Instruction Prevention (UMIP) activated
[    0.245772] Last level iTLB entries: 4KB 0, 2MB 0, 4MB 0
[    0.246293] Last level dTLB entries: 4KB 0, 2MB 0, 4MB 0, 1GB 0
[    0.246876] Spectre V1 : Mitigation: usercopy/swapgs barriers and __user pointer sanitization
[    0.247407] Spectre V2 : Mitigation: Enhanced IBRS
[    0.247852] Spectre V2 : Spectre v2 / SpectreRSB mitigation: Filling RSB on context switch
[    0.248604] Spectre V2 : mitigation: Enabling conditional Indirect Branch Prediction Barrier
[    0.249385] Speculative Store Bypass: Mitigation: Speculative Store Bypass disabled via prctl and seccomp
[    0.295308] Freeing SMP alternatives memory: 56K
[    0.295604] smpboot: CPU0: Genuine Intel(R) 0000 (family: 0x6, model: 0xba, stepping: 0x2)
[    0.296591] Performance Events: generic architected perfmon, full-width counters, Intel PMU driver.
[    0.297446] ... version:                2
[    0.297815] ... bit width:              48
[    0.298190] ... generic registers:      6
[    0.298560] ... value mask:             0000ffffffffffff
[    0.299052] ... max period:             00007fffffffffff
[    0.299392] ... fixed-purpose events:   3
[    0.299396] ... event mask:             000000070000003f
[    0.300091] rcu: Hierarchical SRCU implementation.
[    0.303359] smp: Bringing up secondary CPUs ...
[    0.303595] x86: Booting SMP configuration:
[    0.303983] .... node  #0, CPUs:      #1
[    0.012566] kvm-clock: cpu 1, msr 4601041, secondary cpu clock
[    0.012566] smpboot: CPU 1 Converting physical 0 to logical die 1
[    0.311464] kvm-guest: setup async PF for cpu 1
[    0.312233] kvm-guest: stealtime: cpu 1, msr 7dd2b080
[    0.313137] smp: Brought up 1 node, 2 CPUs
[    0.313137] smpboot: Max logical packages: 2
[    0.313137] smpboot: Total of 2 processors activated (7526.40 BogoMIPS)
[    0.315513] devtmpfs: initialized
[    0.315833] x86/mm: Memory block size: 128MB
[    0.317699] clocksource: jiffies: mask: 0xffffffff max_cycles: 0xffffffff, max_idle_ns: 7645041785100000 ns
[    0.317699] futex hash table entries: 512 (order: 3, 32768 bytes, linear)
[    0.319535] pinctrl core: initialized pinctrl subsystem
[    0.320246] 
[    0.320388] *************************************************************
[    0.320986] **     NOTICE NOTICE NOTICE NOTICE NOTICE NOTICE NOTICE    **
[    0.321583] **                                                         **
[    0.322171] **  IOMMU DebugFS SUPPORT HAS BEEN ENABLED IN THIS KERNEL  **
[    0.322765] **                                                         **
[    0.323368] ** This means that this kernel is built to expose internal **
[    0.323400] ** IOMMU data structures, which may compromise security on **
[    0.324000] ** your system.                                            **
[    0.324597] **                                                         **
[    0.325192] ** If you see this message and you are not debugging the   **
[    0.325794] ** kernel, report this immediately to your vendor!         **
[    0.326396] **                                                         **
[    0.326991] **     NOTICE NOTICE NOTICE NOTICE NOTICE NOTICE NOTICE    **
[    0.327398] *************************************************************
[    0.328050] PM: RTC time: 13:14:40, date: 2022-11-15
[    0.329574] NET: Registered PF_NETLINK/PF_ROUTE protocol family
[    0.330499] DMA: preallocated 256 KiB GFP_KERNEL pool for atomic allocations
[    0.331134] DMA: preallocated 256 KiB GFP_KERNEL|GFP_DMA pool for atomic allocations
[    0.331402] DMA: preallocated 256 KiB GFP_KERNEL|GFP_DMA32 pool for atomic allocations
[    0.332125] audit: initializing netlink subsys (disabled)
[    0.332646] audit: type=2000 audit(1668518081.068:1): state=initialized audit_enabled=0 res=1
[    0.332646] thermal_sys: Registered thermal governor 'fair_share'
[    0.332942] thermal_sys: Registered thermal governor 'bang_bang'
[    0.333543] thermal_sys: Registered thermal governor 'step_wise'
[    0.335399] thermal_sys: Registered thermal governor 'user_space'
[    0.335950] cpuidle: using governor ladder
[    0.336849] cpuidle: using governor menu
[    0.337497] ACPI: bus type PCI registered
[    0.337855] acpiphp: ACPI Hot Plug PCI Controller Driver version: 0.5
[    0.338631] PCI: Using configuration type 1 for base access
[    0.347613] Kprobes globally optimized
[    0.348016] HugeTLB registered 1.00 GiB page size, pre-allocated 0 pages
[    0.348016] HugeTLB registered 2.00 MiB page size, pre-allocated 0 pages
[    0.351957] ACPI: Added _OSI(Module Device)
[    0.352014] ACPI: Added _OSI(Processor Device)
[    0.352398] ACPI: Added _OSI(3.0 _SCP Extensions)
[    0.352808] ACPI: Added _OSI(Processor Aggregator Device)
[    0.353291] ACPI: Added _OSI(Linux-Dell-Video)
[    0.353687] ACPI: Added _OSI(Linux-Lenovo-NV-HDMI-Audio)
[    0.355412] ACPI: Added _OSI(Linux-HPI-Hybrid-Graphics)
[    0.360597] ACPI: 1 ACPI AML tables successfully acquired and loaded
[    0.364053] ACPI: Interpreter enabled
[    0.364464] ACPI: PM: (supports S0 S3 S4 S5)
[    0.364850] ACPI: Using IOAPIC for interrupt routing
[    0.365334] PCI: Using host bridge windows from ACPI; if necessary, use "pci=nocrs" and report a bug
[    0.366729] ACPI: Enabled 2 GPEs in block 00 to 0F
[    0.379718] ACPI: PCI Root Bridge [PCI0] (domain 0000 [bus 00-ff])
[    0.380326] acpi PNP0A03:00: _OSC: OS supports [ASPM ClockPM Segments MSI EDR HPX-Type3]
[    0.381093] acpi PNP0A03:00: fail to add MMCONFIG information, can't access extended PCI configuration space under this bridge.
[    0.383643] acpiphp: Slot [3] registered
[    0.384060] acpiphp: Slot [4] registered
[    0.384481] acpiphp: Slot [5] registered
[    0.384900] acpiphp: Slot [6] registered
[    0.385329] acpiphp: Slot [7] registered
[    0.385743] acpiphp: Slot [8] registered
[    0.386149] acpiphp: Slot [9] registered
[    0.386563] acpiphp: Slot [10] registered
[    0.386983] acpiphp: Slot [11] registered
[    0.387408] acpiphp: Slot [12] registered
[    0.387828] acpiphp: Slot [13] registered
[    0.388252] acpiphp: Slot [14] registered
[    0.388664] acpiphp: Slot [15] registered
[    0.389098] acpiphp: Slot [16] registered
[    0.389519] acpiphp: Slot [17] registered
[    0.389929] acpiphp: Slot [18] registered
[    0.390354] acpiphp: Slot [19] registered
[    0.390772] acpiphp: Slot [20] registered
[    0.391190] acpiphp: Slot [21] registered
[    0.391455] acpiphp: Slot [22] registered
[    0.391851] acpiphp: Slot [23] registered
[    0.392260] acpiphp: Slot [24] registered
[    0.392665] acpiphp: Slot [25] registered
[    0.393079] acpiphp: Slot [26] registered
[    0.393502] acpiphp: Slot [27] registered
[    0.393932] acpiphp: Slot [28] registered
[    0.394354] acpiphp: Slot [29] registered
[    0.394789] acpiphp: Slot [30] registered
[    0.395205] acpiphp: Slot [31] registered
[    0.395425] PCI host bridge to bus 0000:00
[    0.395783] pci_bus 0000:00: root bus resource [io  0x0000-0x0cf7 window]
[    0.396369] pci_bus 0000:00: root bus resource [io  0x0d00-0xffff window]
[    0.396960] pci_bus 0000:00: root bus resource [mem 0x000a0000-0x000bffff window]
[    0.397625] pci_bus 0000:00: root bus resource [mem 0x80000000-0xfebfffff window]
[    0.398301] pci_bus 0000:00: root bus resource [mem 0x100000000-0x17fffffff window]
[    0.398991] pci_bus 0000:00: root bus resource [bus 00-ff]
[    0.400107] pci 0000:00:00.0: [8086:1237] type 00 class 0x060000
[    0.404049] pci 0000:00:01.0: [8086:7000] type 00 class 0x060100
[    0.405570] pci 0000:00:01.1: [8086:7010] type 00 class 0x010180
[    0.407986] pci 0000:00:01.1: reg 0x20: [io  0xc040-0xc04f]
[    0.409311] pci 0000:00:01.1: legacy IDE quirk: reg 0x10: [io  0x01f0-0x01f7]
[    0.409976] pci 0000:00:01.1: legacy IDE quirk: reg 0x14: [io  0x03f6]
[    0.410570] pci 0000:00:01.1: legacy IDE quirk: reg 0x18: [io  0x0170-0x0177]
[    0.411226] pci 0000:00:01.1: legacy IDE quirk: reg 0x1c: [io  0x0376]
[    0.412598] pci 0000:00:01.3: [8086:7113] type 00 class 0x068000
[    0.413457] pci 0000:00:01.3: quirk: [io  0x0600-0x063f] claimed by PIIX4 ACPI
[    0.414130] pci 0000:00:01.3: quirk: [io  0x0700-0x070f] claimed by PIIX4 SMB
[    0.416176] pci 0000:00:02.0: [1234:1111] type 00 class 0x030000
[    0.417756] pci 0000:00:02.0: reg 0x10: [mem 0xfd000000-0xfdffffff pref]
[    0.419976] pci 0000:00:02.0: reg 0x18: [mem 0xfebf0000-0xfebf0fff]
[    0.425154] pci 0000:00:02.0: reg 0x30: [mem 0xfebe0000-0xfebeffff pref]
[    0.431695] pci 0000:00:03.0: [8086:100e] type 00 class 0x020000
[    0.434239] pci 0000:00:03.0: reg 0x10: [mem 0xfebc0000-0xfebdffff]
[    0.435869] pci 0000:00:03.0: reg 0x14: [io  0xc000-0xc03f]
[    0.442193] pci 0000:00:03.0: reg 0x30: [mem 0xfeb80000-0xfebbffff pref]
[    0.467291] ACPI: PCI: Interrupt link LNKA configured for IRQ 10
[    0.468016] ACPI: PCI: Interrupt link LNKB configured for IRQ 10
[    0.469702] ACPI: PCI: Interrupt link LNKC configured for IRQ 11
[    0.471357] ACPI: PCI: Interrupt link LNKD configured for IRQ 11
[    0.471713] ACPI: PCI: Interrupt link LNKS configured for IRQ 9
[    0.474343] iommu: Default domain type: Translated 
[    0.474343] iommu: DMA domain TLB invalidation policy: lazy mode 
[    0.475531] pci 0000:00:02.0: vgaarb: setting as boot VGA device
[    0.476556] pci 0000:00:02.0: vgaarb: VGA device added: decodes=io+mem,owns=io+mem,locks=none
[    0.478086] pci 0000:00:02.0: vgaarb: bridge control possible
[    0.479117] vgaarb: loaded
[    0.480770] SCSI subsystem initialized
[    0.481585] ACPI: bus type USB registered
[    0.481585] usbcore: registered new interface driver usbfs
[    0.483469] usbcore: registered new interface driver hub
[    0.484458] usbcore: registered new device driver usb
[    0.485468] pps_core: LinuxPPS API ver. 1 registered
[    0.486364] pps_core: Software ver. 5.3.6 - Copyright 2005-2007 Rodolfo Giometti <giometti@linux.it>
[    0.487423] PTP clock support registered
[    0.488290] EDAC MC: Ver: 3.0.0
[    0.488360] NetLabel: Initializing
[    0.488725] NetLabel:  domain hash size = 128
[    0.491410] NetLabel:  protocols = UNLABELED CIPSOv4 CALIPSO
[    0.492476] NetLabel:  unlabeled traffic allowed by default
[    0.493561] PCI: Using ACPI for IRQ routing
[    0.493561] hpet0: at MMIO 0xfed00000, IRQs 2, 8, 0
[    0.495410] hpet0: 3 comparators, 64-bit 100.000000 MHz counter
[    0.498746] clocksource: Switched to clocksource kvm-clock
[    0.561312] VFS: Disk quotas dquot_6.6.0
[    0.561787] VFS: Dquot-cache hash table entries: 512 (order 0, 4096 bytes)
[    0.562595] pnp: PnP ACPI init
[    0.564500] pnp: PnP ACPI: found 6 devices
[    0.579475] clocksource: acpi_pm: mask: 0xffffff max_cycles: 0xffffff, max_idle_ns: 2085701024 ns
[    0.580617] NET: Registered PF_INET protocol family
[    0.581621] IP idents hash table entries: 32768 (order: 6, 262144 bytes, linear)
[    0.582790] tcp_listen_portaddr_hash hash table entries: 1024 (order: 2, 16384 bytes, linear)
[    0.583573] TCP established hash table entries: 16384 (order: 5, 131072 bytes, linear)
[    0.584375] TCP bind hash table entries: 16384 (order: 6, 262144 bytes, linear)
[    0.585163] TCP: Hash tables configured (established 16384 bind 16384)
[    0.585797] UDP hash table entries: 1024 (order: 3, 32768 bytes, linear)
[    0.586415] UDP-Lite hash table entries: 1024 (order: 3, 32768 bytes, linear)
[    0.587148] NET: Registered PF_UNIX/PF_LOCAL protocol family
[    0.603693] RPC: Registered named UNIX socket transport module.
[    0.604799] RPC: Registered udp transport module.
[    0.605643] RPC: Registered tcp transport module.
[    0.606480] RPC: Registered tcp NFSv4.1 backchannel transport module.
[    0.607677] pci_bus 0000:00: resource 4 [io  0x0000-0x0cf7 window]
[    0.608787] pci_bus 0000:00: resource 5 [io  0x0d00-0xffff window]
[    0.609932] pci_bus 0000:00: resource 6 [mem 0x000a0000-0x000bffff window]
[    0.611174] pci_bus 0000:00: resource 7 [mem 0x80000000-0xfebfffff window]
[    0.612415] pci_bus 0000:00: resource 8 [mem 0x100000000-0x17fffffff window]
[    0.614000] pci 0000:00:01.0: PIIX3: Enabling Passive Release
[    0.615048] pci 0000:00:00.0: Limiting direct PCI/PCI transfers
[    0.616163] pci 0000:00:01.0: Activating ISA DMA hang workarounds
[    0.617439] pci 0000:00:02.0: Video device with shadowed ROM at [mem 0x000c0000-0x000dffff]
[    0.619012] PCI: CLS 0 bytes, default 64
[    0.620050] clocksource: tsc: mask: 0xffffffffffffffff max_cycles: 0x363e8c91135, max_idle_ns: 881590568389 ns
[    3.343177] Initialise system trusted keyrings
[    3.344110] Key type blacklist registered
[    3.345094] workingset: timestamp_bits=36 max_order=19 bucket_order=0
[    3.353555] zbud: loaded
[    3.355167] squashfs: version 4.0 (2009/01/31) Phillip Lougher
[    3.357590] NFS: Registering the id_resolver key type
[    3.358498] Key type id_resolver registered
[    3.359224] Key type id_legacy registered
[    3.360036] nfs4filelayout_init: NFSv4 File Layout Driver Registering...
[    3.361200] nfs4flexfilelayout_init: NFSv4 Flexfile Layout Driver Registering...
[    3.362574] fuse: init (API version 7.34)
[    3.363546] SGI XFS with ACLs, security attributes, realtime, quota, no debug enabled
[    3.366299] 9p: Installing v9fs 9p2000 file system support
[    3.380275] Key type asymmetric registered
[    3.381049] Asymmetric key parser 'x509' registered
[    3.382051] Block layer SCSI generic (bsg) driver version 0.4 loaded (major 244)
[    3.383592] io scheduler mq-deadline registered
[    3.384514] io scheduler bfq registered
[    3.386669] shpchp: Standard Hot Plug PCI Controller Driver version: 0.4
[    3.388178] IPMI message handler: version 39.2
[    3.389007] ipmi device interface
[    3.391208] input: Power Button as /devices/LNXSYSTM:00/LNXPWRBN:00/input/input0
[    3.392679] ACPI: button: Power Button [PWRF]
[    3.394591] ERST DBG: ERST support is disabled.
[    3.395913] Serial: 8250/16550 driver, 32 ports, IRQ sharing enabled
[    3.397795] 00:04: ttyS0 at I/O 0x3f8 (irq = 4, base_baud = 115200) is a 16550A
[    3.407033] Linux agpgart interface v0.103
[    3.421677] brd: module loaded
[    3.428912] loop: module loaded
[    3.435331] scsi host0: ata_piix
[    3.436548] scsi host1: ata_piix
[    3.437311] ata1: PATA max MWDMA2 cmd 0x1f0 ctl 0x3f6 bmdma 0xc040 irq 14
[    3.438558] ata2: PATA max MWDMA2 cmd 0x170 ctl 0x376 bmdma 0xc048 irq 15
[    3.440527] libphy: Fixed MDIO Bus: probed
[    3.441607] tun: Universal TUN/TAP device driver, 1.6
[    3.442738] e100: Intel(R) PRO/100 Network Driver
[    3.443885] e100: Copyright(c) 1999-2006 Intel Corporation
[    3.445011] e1000: Intel(R) PRO/1000 Network Driver
[    3.445908] e1000: Copyright (c) 1999-2006 Intel Corporation.
[    3.567103] ACPI: \_SB_.LNKC: Enabled at IRQ 11
[    3.600780] ata1.00: ATA-7: QEMU HARDDISK, 2.5+, max UDMA/100
[    3.601694] ata1.00: 16777216 sectors, multi 16: LBA48 
[    3.603069] ata2.00: ATAPI: QEMU DVD-ROM, 2.5+, max UDMA/100
[    3.604770] ata1.00: Read log page 0x00 failed, Emask 0x1
[    3.605628] ata1.00: ATA Identify Device Log not supported
[    3.607238] ata1.00: Read log page 0x00 failed, Emask 0x1
[    3.608110] ata1.00: ATA Identify Device Log not supported
[    3.609325] scsi 0:0:0:0: Direct-Access     ATA      QEMU HARDDISK    2.5+ PQ: 0 ANSI: 5
[    3.611049] scsi 0:0:0:0: Attached scsi generic sg0 type 0
[    3.612305] sd 0:0:0:0: [sda] 16777216 512-byte logical blocks: (8.59 GB/8.00 GiB)
[    3.613503] sd 0:0:0:0: [sda] Write Protect is off
[    3.614307] sd 0:0:0:0: [sda] Write cache: enabled, read cache: enabled, doesn't support DPO or FUA
[    3.617408] scsi 1:0:0:0: CD-ROM            QEMU     QEMU DVD-ROM     2.5+ PQ: 0 ANSI: 5
[    3.619862] scsi 1:0:0:0: Attached scsi generic sg1 type 5
[    3.651668] sd 0:0:0:0: [sda] Attached SCSI disk
[    3.897292] e1000 0000:00:03.0 eth0: (PCI:33MHz:32-bit) 52:54:00:12:34:56
[    3.898549] e1000 0000:00:03.0 eth0: Intel(R) PRO/1000 Network Connection
[    3.899907] e1000e: Intel(R) PRO/1000 Network Driver
[    3.900785] e1000e: Copyright(c) 1999 - 2015 Intel Corporation.
[    3.901905] igb: Intel(R) Gigabit Ethernet Network Driver
[    3.902851] igb: Copyright (c) 2007-2014 Intel Corporation.
[    3.903983] PPP generic driver version 2.4.2
[    3.905286] VFIO - User Level meta-driver version: 0.3
[    3.906239] ehci_hcd: USB 2.0 'Enhanced' Host Controller (EHCI) Driver
[    3.907426] ehci-pci: EHCI PCI platform driver
[    3.908268] ehci-platform: EHCI generic platform driver
[    3.909241] ohci_hcd: USB 1.1 'Open' Host Controller (OHCI) Driver
[    3.910351] ohci-pci: OHCI PCI platform driver
[    3.911169] ohci-platform: OHCI generic platform driver
[    3.912119] uhci_hcd: USB Universal Host Controller Interface driver
[    3.913647] usbcore: registered new interface driver uas
[    3.914653] usbcore: registered new interface driver usb-storage
[    3.915901] i8042: PNP: PS/2 Controller [PNP0303:KBD,PNP0f13:MOU] at 0x60,0x64 irq 1,12
[    3.918308] serio: i8042 KBD port at 0x60,0x64 irq 1
[    3.919193] serio: i8042 AUX port at 0x60,0x64 irq 12
[    3.920579] mousedev: PS/2 mouse device common for all mice
[    3.922122] rtc_cmos 00:05: RTC can wake from S4
[    3.923943] rtc_cmos 00:05: registered as rtc0
[    3.924857] rtc_cmos 00:05: setting system clock to 2022-11-15T13:14:44 UTC (1668518084)
[    3.926449] rtc_cmos 00:05: alarms up to one day, y3k, 242 bytes nvram, hpet irqs
[    3.927835] i2c_dev: i2c /dev entries driver
[    3.928646] device-mapper: core: CONFIG_IMA_DISABLE_HTABLE is disabled. Duplicate IMA measurements will not be recorded in the IMA log.
[    3.930896] device-mapper: uevent: version 1.0.3
[    3.932168] device-mapper: ioctl: 4.45.0-ioctl (2021-03-22) initialised: dm-devel@redhat.com
[    3.933678] intel_pstate: CPU model not supported
[    3.934605] sdhci: Secure Digital Host Controller Interface driver
[    3.935721] sdhci: Copyright(c) Pierre Ossman
[    3.936593] sdhci-pltfm: SDHCI platform and OF driver helper
[    3.937838] input: AT Translated Set 2 keyboard as /devices/platform/i8042/serio0/input/input1
[    3.940617] input: VirtualPS/2 VMware VMMouse as /devices/platform/i8042/serio1/input/input4
[    3.942192] ledtrig-cpu: registered to indicate activity on CPUs
[    3.943571] drop_monitor: Initializing network drop monitor service
[    3.945337] NET: Registered PF_INET6 protocol family
[    3.946948] input: VirtualPS/2 VMware VMMouse as /devices/platform/i8042/serio1/input/input3
[    3.950519] Segment Routing with IPv6
[    3.951240] In-situ OAM (IOAM) with IPv6
[    3.952009] NET: Registered PF_PACKET protocol family
[    3.953171] 9pnet: Installing 9P2000 support
[    3.953988] Key type dns_resolver registered
[    3.955716] IPI shorthand broadcast: enabled
[    3.956543] sched_clock: Marking stable (3946831283, 8566254)->(3986666697, -31269160)
[    3.958408] registered taskstats version 1
[    3.959251] Loading compiled-in X.509 certificates
[    3.960246] zswap: loaded using pool lzo/zbud
[    3.961504] Key type ._fscrypt registered
[    3.962232] Key type .fscrypt registered
[    3.962935] Key type fscrypt-provisioning registered
[    3.964841] Key type encrypted registered
[    3.965606] ima: No TPM chip found, activating TPM-bypass!
[    3.966589] ima: Allocated hash algorithm: sha1
[    3.967465] ima: No architecture policies found
[    3.968313] evm: Initialising EVM extended attributes:
[    3.969233] evm: security.selinux
[    3.969834] evm: security.SMACK64
[    3.970434] evm: security.SMACK64EXEC
[    3.971093] evm: security.SMACK64TRANSMUTE
[    3.971850] evm: security.SMACK64MMAP
[    3.972511] evm: security.apparmor
[    3.973136] evm: security.ima
[    3.973676] evm: security.capability
[    3.974321] evm: HMAC attrs: 0x1
[    3.976325] PM:   Magic number: 14:703:230
[    3.977653] RAS: Correctable Errors collector initialized.
[    3.979190] md: Waiting for all devices to be available before autodetect
[    3.980425] md: If you don't use raid, use raid=noautodetect
[    3.981451] md: Autodetecting RAID arrays.
[    3.982192] md: autorun ...
[    3.982706] md: ... autorun DONE.
[    3.987472] EXT4-fs (sda): INFO: recovery required on readonly filesystem
[    3.988707] EXT4-fs (sda): write access will be enabled during recovery
[    4.021642] EXT4-fs (sda): recovery complete
[    4.023853] EXT4-fs (sda): mounted filesystem with ordered data mode. Opts: (null). Quota mode: none.
[    4.024789] VFS: Mounted root (ext4 filesystem) readonly on device 8:0.
[    4.026065] devtmpfs: mounted
[    4.034424] Freeing unused decrypted memory: 2036K
[    4.037098] Freeing unused kernel image (initmem) memory: 3076K
[    4.037667] Write protecting the kernel read-only data: 38912k
[    4.041055] Freeing unused kernel image (text/rodata gap) memory: 2028K
[    4.042347] Freeing unused kernel image (rodata/data gap) memory: 740K
[    4.157149] x86/mm: Checked W+X mappings: passed, no W+X pages found.
[    4.157747] Run /sbin/init as init process
[    4.240686] random: fast init done
[    4.287167] systemd[1]: RTC configured in localtime, applying delta of 0 minutes to system time.
[    4.318513] systemd[1]: systemd 239 (239-49.el8) running in system mode. (+PAM +AUDIT +SELINUX +IMA -APPARMOR +SMACK +SYSVINIT +UTMP +LIBCRYPTSETUP +GCRYPT +GNUTLS +ACL +XZ +LZ4 +SECCOMP +BLKID +ELFUTILS +KMOD +IDN2 -IDN +PCRE2 default-hierarchy=legacy)
[    4.320608] systemd[1]: Detected virtualization kvm.
[    4.321077] systemd[1]: Detected architecture x86-64.

Welcome to [0;31mCentOS Stream 8[0m!

[    4.345757] systemd[1]: Set hostname to <test>.
[    4.493129] random: lvmconfig: uninitialized urandom read (4 bytes read)
[    4.642041] random: systemd: uninitialized urandom read (16 bytes read)
[    4.642881] systemd[1]: Set up automount Arbitrary Executable File Formats File System Automount Point.
[[0;32m  OK  [0m] Set up automount Arbitrary Executabâ€¦rmats File System Automount Point.
[    4.645182] random: systemd: uninitialized urandom read (16 bytes read)
[    4.648128] systemd[1]: Created slice User and Session Slice.
[[0;32m  OK  [0m] Created slice User and Session Slice.
[    4.651326] systemd[1]: Created slice system-sshd\x2dkeygen.slice.
[[0;32m  OK  [0m] Created slice system-sshd\x2dkeygen.slice.
[    4.654029] systemd[1]: Created slice system-serial\x2dgetty.slice.
[[0;32m  OK  [0m] Created slice system-serial\x2dgetty.slice.
[    4.656816] systemd[1]: Created slice system-getty.slice.
[[0;32m  OK  [0m] Created slice system-getty.slice.
[    4.658617] systemd[1]: Reached target Swap.
[[0;32m  OK  [0m] Reached target Swap.
[[0;32m  OK  [0m] Started Forward Password Requests to Wall Directory Watch.
[[0;32m  OK  [0m] Listening on LVM2 poll daemon socket.
[[0;32m  OK  [0m] Listening on Device-mapper event daemon FIFOs.
[[0;32m  OK  [0m] Listening on udev Control Socket.
[[0;32m  OK  [0m] Listening on Process Core Dump Socket.
[[0;32m  OK  [0m] Listening on Journal Socket.
         Mounting Huge Pages File System...
         Mounting POSIX Message Queue File System...
         Starting Setup Virtual Console...
         Mounting Kernel Debug File System...
         Starting Monitoring of LVM2 mirrorsâ€¦ng dmeventd or progress polling...
[[0;32m  OK  [0m] Listening on udev Kernel Socket.
         Starting udev Coldplug all Devices...
[[0;32m  OK  [0m] Listening on multipathd control socket.
[[0;32m  OK  [0m] Listening on initctl Compatibility Named Pipe.
[[0;32m  OK  [0m] Listening on Journal Socket (/dev/log).
         Starting Journal Service...
[[0;32m  OK  [0m] Listening on RPCbind Server Activation Socket.
[[0;32m  OK  [0m] Reached target RPC Port Mapper.
         Starting Load Kernel Modules...
         Starting Remount Root and Kernel File Systems...
[[0;32m  OK  [0m] Reached target Slices.
[[0;32m  OK  [0m] Mounted Huge Pages File System.
[[0;32m  OK  [0m] Mounted POSIX Message Queue File System.
[[0;32m  OK  [0m] Mounted Kernel Debug File System.
[[0;1;31mFAILED[0m] Failed to start Load Kernel Modules.
See 'systemctl status systemd-modules-load.service' for details.
[    4.992887] EXT4-fs (sda): re-mounted. Opts: (null). Quota mode: none.
         Starting Apply Kernel Variables...
         Mounting FUSE Control File System...
         Mounting Kernel Configuration File System...
[[0;32m  OK  [0m] Started Remount Root and Kernel File Systems.
[[0;32m  OK  [0m] Mounted Kernel Configuration File System.
         Starting Load/Save Random Seed...
         Starting Create Static Device Nodes in /dev...
[[0;32m  OK  [0m] Mounted FUSE Control File System.
[[0;32m  OK  [0m] Started Load/Save Random Seed.
[[0;32m  OK  [0m] Started Apply Kernel Variables.
[[0;32m  OK  [0m] Started Create Static Device Nodes in /dev.
         Starting udev Kernel Device Manager...
[[0;32m  OK  [0m] Started Journal Service.
         Starting Flush Journal to Persistent Storage...
[[0;32m  OK  [0m] Started Flush Journal to Persistent Storage.
[[0;32m  OK  [0m] Started udev Kernel Device Manager.
[[0;32m  OK  [0m] Started udev Coldplug all Devices.
[[0;32m  OK  [0m] Started Setup Virtual Console.
         Starting udev Wait for Complete Device Initialization...
         Starting Show Plymouth Boot Screen...
[[0;32m  OK  [0m] Started Show Plymouth Boot Screen.
[[0;32m  OK  [0m] Started Forward Password Requests to Plymouth Directory Watch.
[[0;32m  OK  [0m] Reached target Paths.
[[0;32m  OK  [0m] Reached target Local Encrypted Volumes.
[[0;32m  OK  [0m] Found device /dev/ttyS0.
[[0;32m  OK  [0m] Started Monitoring of LVM2 mirrors,â€¦sing dmeventd or progress polling.
[[0;32m  OK  [0m] Listening on Load/Save RF Kill Switch Status /dev/rfkill Watch.
[[0;32m  OK  [0m] Started udev Wait for Complete Device Initialization.
[[0;32m  OK  [0m] Reached target Local File Systems (Pre).
[[0;32m  OK  [0m] Reached target Local File Systems.
         Starting Tell Plymouth To Write Out Runtime Data...
         Starting Restore /run/initramfs on shutdown...
         Starting Create Volatile Files and Directories...
[[0;32m  OK  [0m] Started Tell Plymouth To Write Out Runtime Data.
[[0;32m  OK  [0m] Started Restore /run/initramfs on shutdown.
[[0;32m  OK  [0m] Started Create Volatile Files and Directories.
         Starting RPC Bind...
         Mounting RPC Pipe File System...
         Starting Security Auditing Service...
[[0;32m  OK  [0m] Mounted RPC Pipe File System.
[[0;32m  OK  [0m] Reached target rpc_pipefs.target.
[[0;32m  OK  [0m] Started RPC Bind.
[[0;32m  OK  [0m] Started Security Auditing Service.
         Starting Update UTMP about System Boot/Shutdown...
[[0;32m  OK  [0m] Started Update UTMP about System Boot/Shutdown.
[[0;32m  OK  [0m] Reached target System Initialization.
[[0;32m  OK  [0m] Listening on SSSD Kerberos Cache Manager responder socket.
[[0;32m  OK  [0m] Started dnf makecache --timer.
[[0;32m  OK  [0m] Listening on D-Bus System Message Bus Socket.
[[0;32m  OK  [0m] Reached target Sockets.
[[0;32m  OK  [0m] Reached target Basic System.
[[0;32m  OK  [0m] Started Machine Check Exception Logging Daemon.
         Starting Auto-connect to subsystemsâ€¦-NVME devices found during boot...
         Starting Login Service...
         Starting Authorization Manager...
[[0;32m  OK  [0m] Started irqbalance daemon.
[[0;32m  OK  [0m] Reached target sshd-keygen.target.
         Starting NTP client/server...
[[0;32m  OK  [0m] Started D-Bus System Message Bus.
         Starting Network Manager...
[[0;32m  OK  [0m] Started daily update of the root trust anchor for DNSSEC.
         Starting Self Monitoring and Reporting Technology (SMART) Daemon...
[[0;32m  OK  [0m] Started Daily Cleanup of Temporary Directories.
[[0;32m  OK  [0m] Reached target Timers.
[[0;32m  OK  [0m] Started Auto-connect to subsystems â€¦FC-NVME devices found during boot.
[[0;32m  OK  [0m] Started Login Service.
[[0;32m  OK  [0m] Started Self Monitoring and Reporting Technology (SMART) Daemon.
[[0;32m  OK  [0m] Started NTP client/server.
[[0;32m  OK  [0m] Started Network Manager.
[[0;32m  OK  [0m] Reached target Network.
         Starting OpenSSH server daemon...
         Starting Dynamic System Tuning Daemon...
         Starting GSSAPI Proxy Daemon...
         Starting Network Manager Wait Online...
         Starting Hostname Service...
[[0;32m  OK  [0m] Started Authorization Manager.
[[0;32m  OK  [0m] Started Hostname Service.
         Starting Network Manager Script Dispatcher Service...
[    6.883472] e1000: eth0 NIC Link is Up 1000 Mbps Full Duplex, Flow Control: RX
[    6.885841] IPv6: ADDRCONF(NETDEV_CHANGE): eth0: link becomes ready
[[0;32m  OK  [0m] Started Network Manager Script Dispatcher Service.
[[0;32m  OK  [0m] Started Dynamic System Tuning Daemon.
[    7.891426] random: crng init done
[    7.892193] random: 7 urandom warning(s) missed due to ratelimiting
[[0;32m  OK  [0m] Started OpenSSH server daemon.
[[0;32m  OK  [0m] Started GSSAPI Proxy Daemon.
[[0;32m  OK  [0m] Reached target NFS client services.
[[0;32m  OK  [0m] Reached target Remote File Systems (Pre).
[[0;32m  OK  [0m] Reached target Remote File Systems.
         Starting Permit User Sessions...
[[0;32m  OK  [0m] Started Permit User Sessions.
         Starting Terminate Plymouth Boot Screen...
         Starting Hold until boot process finishes up...
[[0;32m  OK  [0m] Started Command Scheduler.

CentOS Stream 8
Kernel 5.15.0-9a7e0a90a454+ on an x86_64

test login: [   28.802879] BUG: using smp_processor_id() in preemptible [00000000] code: repro/557
[   28.803634] caller is debug_smp_processor_id+0x1c/0x20
[   28.804109] CPU: 1 PID: 557 Comm: repro Not tainted 5.15.0-9a7e0a90a454+ #1
[   28.804741] Hardware name: QEMU Standard PC (i440FX + PIIX, 1996), BIOS rel-1.14.0-0-g155821a1990b-prebuilt.qemu.org 04/01/2014
[   28.805762] Call Trace:
[   28.805992]  dump_stack_lvl+0x89/0xb5
[   28.806332]  dump_stack+0x15/0x17
[   28.806645]  check_preemption_disabled+0x167/0x180
[   28.807081]  ? text_poke_bp_batch+0x83/0x290
[   28.807481]  ? text_poke_loc_init+0x140/0x140
[   28.807884]  debug_smp_processor_id+0x1c/0x20
[   28.808275]  perf_ftrace_function_call+0x81/0x280
[   28.808692]  ? 0xffffffffa00da099
[   28.809000]  ? write_comp_data+0x2f/0x90
[   28.809364]  ? __sanitizer_cov_trace_pc+0x21/0x50
[   28.809791]  ? write_comp_data+0x2f/0x90
[   28.810151]  0xffffffffa00da099
[   28.810430]  ? __text_poke+0x4b0/0x4b0
[   28.810779]  ? __text_poke+0x5/0x4b0
[   28.811113]  __text_poke+0x5/0x4b0
[   28.811429]  text_poke_bp_batch+0x83/0x290
[   28.811810]  ? __text_poke+0x5/0x4b0
[   28.812140]  ? text_poke_bp_batch+0x83/0x290
[   28.812534]  ? 0xffffffffa00da000
[   28.812844]  ? tboot_dying_cpu+0xa0/0xa0
[   28.813204]  text_poke_queue+0xa7/0xc0
[   28.813553]  ftrace_replace_code+0xfd/0x170
[   28.813943]  ftrace_modify_all_code+0x1b1/0x270
[   28.814360]  arch_ftrace_update_code+0x9/0x10
[   28.814762]  ftrace_run_update_code+0x30/0xa0
[   28.815155]  ftrace_startup_enable+0x5e/0xa0
[   28.815546]  ftrace_startup+0x16a/0x240
[   28.815903]  register_ftrace_function+0x41/0x90
[   28.816320]  perf_ftrace_event_register+0xc1/0xf0
[   28.816750]  perf_trace_event_init+0x9d/0x4c0
[   28.817156]  perf_trace_init+0xd8/0x160
[   28.817513]  perf_tp_event_init+0x5c/0xa0
[   28.817889]  perf_try_init_event+0x88/0x270
[   28.818275]  perf_event_alloc+0xda2/0x1810
[   28.818654]  ? _raw_spin_unlock+0x1a/0x30
[   28.819027]  ? alloc_fd+0x159/0x260
[   28.819358]  __do_sys_perf_event_open+0x3c7/0x1a10
[   28.819796]  ? write_comp_data+0x2f/0x90
[   28.820162]  __x64_sys_perf_event_open+0x2b/0x30
[   28.820582]  do_syscall_64+0x37/0x80
[   28.820907]  entry_SYSCALL_64_after_hwframe+0x44/0xae
[   28.821353] RIP: 0033:0x7fb16612659d
[   28.821671] Code: 00 c3 66 2e 0f 1f 84 00 00 00 00 00 90 f3 0f 1e fa 48 89 f8 48 89 f7 48 89 d6 48 89 ca 4d 89 c2 4d 89 c8 4c 8b 4c 24 08 0f 05 <48> 3d 01 f0 ff ff 73 01 c3 48 8b 0d d3 08 0d 00 f7 d8 64 89 01 48
[   28.823287] RSP: 002b:00007ffc9eced018 EFLAGS: 00000246 ORIG_RAX: 000000000000012a
[   28.823955] RAX: ffffffffffffffda RBX: 0000000000000000 RCX: 00007fb16612659d
[   28.824565] RDX: 0000000000000000 RSI: 0000000000000000 RDI: 00000000200001c0
[   28.825182] RBP: 00007ffc9eced020 R08: 0000000000000000 R09: 00007ffc9eced050
[   28.825795] R10: 00000000ffffffff R11: 0000000000000246 R12: 0000000000401180
[   28.826427] R13: 00007ffc9eced140 R14: 0000000000000000 R15: 0000000000000000
[   28.827080] BUG: using smp_processor_id() in preemptible [00000000] code: repro/557
[   28.827758] caller is debug_smp_processor_id+0x1c/0x20
[   28.828225] CPU: 1 PID: 557 Comm: repro Not tainted 5.15.0-9a7e0a90a454+ #1
[   28.828860] Hardware name: QEMU Standard PC (i440FX + PIIX, 1996), BIOS rel-1.14.0-0-g155821a1990b-prebuilt.qemu.org 04/01/2014
[   28.829868] Call Trace:
[   28.830093]  dump_stack_lvl+0x89/0xb5
[   28.830432]  dump_stack+0x15/0x17
[   28.830738]  check_preemption_disabled+0x167/0x180
[   28.831174]  ? text_poke_bp_batch+0x83/0x290
[   28.831570]  ? text_poke_loc_init+0x140/0x140
[   28.831972]  debug_smp_processor_id+0x1c/0x20
[   28.832370]  perf_ftrace_function_call+0x81/0x280
[   28.832798]  ? 0xffffffffa00da099
[   28.833123]  ? write_comp_data+0x2f/0x90
[   28.833481]  ? __sanitizer_cov_trace_pc+0x21/0x50
[   28.833909]  ? write_comp_data+0x2f/0x90
[   28.834270]  0xffffffffa00da099
[   28.834550]  ? text_poke_bp_batch+0x290/0x290
[   28.834941]  ? __text_poke+0x5/0x4b0
[   28.835274]  __text_poke+0x5/0x4b0
[   28.835595]  text_poke_bp_batch+0x83/0x290
[   28.835974]  ? __text_poke+0x5/0x4b0
[   28.836306]  ? text_poke_bp_batch+0x83/0x290
[   28.836698]  ? 0xffffffffa00da000
[   28.837013]  ? tboot_dying_cpu+0xa0/0xa0
[   28.837374]  text_poke_queue+0xa7/0xc0
[   28.837718]  ftrace_replace_code+0xfd/0x170
[   28.838104]  ftrace_modify_all_code+0x1b1/0x270
[   28.838520]  arch_ftrace_update_code+0x9/0x10
[   28.838923]  ftrace_run_update_code+0x30/0xa0
[   28.839325]  ftrace_startup_enable+0x5e/0xa0
[   28.839724]  ftrace_startup+0x16a/0x240
[   28.840079]  register_ftrace_function+0x41/0x90
[   28.840495]  perf_ftrace_event_register+0xc1/0xf0
[   28.840935]  perf_trace_event_init+0x9d/0x4c0
[   28.841334]  perf_trace_init+0xd8/0x160
[   28.841690]  perf_tp_event_init+0x5c/0xa0
[   28.842055]  perf_try_init_event+0x88/0x270
[   28.842439]  perf_event_alloc+0xda2/0x1810
[   28.842809]  ? _raw_spin_unlock+0x1a/0x30
[   28.843175]  ? alloc_fd+0x159/0x260
[   28.843503]  __do_sys_perf_event_open+0x3c7/0x1a10
[   28.843938]  ? write_comp_data+0x2f/0x90
[   28.844298]  __x64_sys_perf_event_open+0x2b/0x30
[   28.844717]  do_syscall_64+0x37/0x80
[   28.845063]  entry_SYSCALL_64_after_hwframe+0x44/0xae
[   28.845522] RIP: 0033:0x7fb16612659d
[   28.845850] Code: 00 c3 66 2e 0f 1f 84 00 00 00 00 00 90 f3 0f 1e fa 48 89 f8 48 89 f7 48 89 d6 48 89 ca 4d 89 c2 4d 89 c8 4c 8b 4c 24 08 0f 05 <48> 3d 01 f0 ff ff 73 01 c3 48 8b 0d d3 08 0d 00 f7 d8 64 89 01 48
[   28.847487] RSP: 002b:00007ffc9eced018 EFLAGS: 00000246 ORIG_RAX: 000000000000012a
[   28.848162] RAX: ffffffffffffffda RBX: 0000000000000000 RCX: 00007fb16612659d
[   28.848793] RDX: 0000000000000000 RSI: 0000000000000000 RDI: 00000000200001c0
[   28.849430] RBP: 00007ffc9eced020 R08: 0000000000000000 R09: 00007ffc9eced050
[   28.850067] R10: 00000000ffffffff R11: 0000000000000246 R12: 0000000000401180
[   28.850698] R13: 00007ffc9eced140 R14: 0000000000000000 R15: 0000000000000000
[   28.851346] BUG: using smp_processor_id() in preemptible [00000000] code: repro/557
[   28.852030] caller is debug_smp_processor_id+0x1c/0x20
[   28.852500] CPU: 1 PID: 557 Comm: repro Not tainted 5.15.0-9a7e0a90a454+ #1
[   28.853131] Hardware name: QEMU Standard PC (i440FX + PIIX, 1996), BIOS rel-1.14.0-0-g155821a1990b-prebuilt.qemu.org 04/01/2014
[   28.854138] Call Trace:
[   28.854363]  dump_stack_lvl+0x89/0xb5
[   28.854703]  dump_stack+0x15/0x17
[   28.855010]  check_preemption_disabled+0x167/0x180
[   28.855453]  ? text_poke_bp_batch+0x83/0x290
[   28.855844]  ? text_poke_loc_init+0x140/0x140
[   28.856249]  debug_smp_processor_id+0x1c/0x20
[   28.856651]  perf_ftrace_function_call+0x81/0x280
[   28.857091]  ? 0xffffffffa00da099
[   28.857392]  ? write_comp_data+0x2f/0x90
[   28.857754]  ? __sanitizer_cov_trace_pc+0x21/0x50
[   28.858186]  ? write_comp_data+0x2f/0x90
[   28.858549]  0xffffffffa00da099
[   28.858838]  ? do_sync_core+0x30/0x30
[   28.859178]  ? __text_poke+0x5/0x4b0
[   28.859516]  __text_poke+0x5/0x4b0
[   28.859836]  text_poke_bp_batch+0x83/0x290
[   28.860214]  ? __text_poke+0x5/0x4b0
[   28.860547]  ? text_poke_bp_batch+0x83/0x290
[   28.860943]  ? 0xffffffffa00da000
[   28.861248]  ? tboot_dying_cpu+0xa0/0xa0
[   28.861612]  text_poke_queue+0xa7/0xc0
[   28.861957]  ftrace_replace_code+0xfd/0x170
[   28.862345]  ftrace_modify_all_code+0x1b1/0x270
[   28.862755]  arch_ftrace_update_code+0x9/0x10
[   28.863155]  ftrace_run_update_code+0x30/0xa0
[   28.863552]  ftrace_startup_enable+0x5e/0xa0
[   28.863942]  ftrace_startup+0x16a/0x240
[   28.864298]  register_ftrace_function+0x41/0x90
[   28.864712]  perf_ftrace_event_register+0xc1/0xf0
[   28.865149]  perf_trace_event_init+0x9d/0x4c0
[   28.865548]  perf_trace_init+0xd8/0x160
[   28.865952]  perf_tp_event_init+0x5c/0xa0
[   28.866346]  perf_try_init_event+0x88/0x270
[   28.866736]  perf_event_alloc+0xda2/0x1810
[   28.867112]  ? _raw_spin_unlock+0x1a/0x30
[   28.867478]  ? alloc_fd+0x159/0x260
[   28.867804]  __do_sys_perf_event_open+0x3c7/0x1a10
[   28.868233]  ? write_comp_data+0x2f/0x90
[   28.868601]  __x64_sys_perf_event_open+0x2b/0x30
[   28.869030]  do_syscall_64+0x37/0x80
[   28.869359]  entry_SYSCALL_64_after_hwframe+0x44/0xae
[   28.869822] RIP: 0033:0x7fb16612659d
[   28.870147] Code: 00 c3 66 2e 0f 1f 84 00 00 00 00 00 90 f3 0f 1e fa 48 89 f8 48 89 f7 48 89 d6 48 89 ca 4d 89 c2 4d 89 c8 4c 8b 4c 24 08 0f 05 <48> 3d 01 f0 ff ff 73 01 c3 48 8b 0d d3 08 0d 00 f7 d8 64 89 01 48
[   28.871791] RSP: 002b:00007ffc9eced018 EFLAGS: 00000246 ORIG_RAX: 000000000000012a
[   28.872464] RAX: ffffffffffffffda RBX: 0000000000000000 RCX: 00007fb16612659d
[   28.873105] RDX: 0000000000000000 RSI: 0000000000000000 RDI: 00000000200001c0
[   28.873736] RBP: 00007ffc9eced020 R08: 0000000000000000 R09: 00007ffc9eced050
[   28.874371] R10: 00000000ffffffff R11: 0000000000000246 R12: 0000000000401180
[   28.875004] R13: 00007ffc9eced140 R14: 0000000000000000 R15: 0000000000000000
[   28.875646] BUG: using smp_processor_id() in preemptible [00000000] code: repro/557
[   28.876320] caller is debug_smp_processor_id+0x1c/0x20
[   28.876797] CPU: 1 PID: 557 Comm: repro Not tainted 5.15.0-9a7e0a90a454+ #1
[   28.877441] Hardware name: QEMU Standard PC (i440FX + PIIX, 1996), BIOS rel-1.14.0-0-g155821a1990b-prebuilt.qemu.org 04/01/2014
[   28.878480] Call Trace:
[   28.878710]  dump_stack_lvl+0x89/0xb5
[   28.879058]  dump_stack+0x15/0x17
[   28.879376]  check_preemption_disabled+0x167/0x180
[   28.879826]  ? text_poke_bp_batch+0x83/0x290
[   28.880233]  ? text_poke_loc_init+0x140/0x140
[   28.880648]  debug_smp_processor_id+0x1c/0x20
[   28.881078]  perf_ftrace_function_call+0x81/0x280
[   28.881521]  ? 0xffffffffa00da099
[   28.881834]  ? write_comp_data+0x2f/0x90
[   28.882205]  ? __sanitizer_cov_trace_pc+0x21/0x50
[   28.882652]  ? write_comp_data+0x2f/0x90
[   28.883025]  0xffffffffa00da099
[   28.883329]  ? alternatives_smp_module_add+0x160/0x160
[   28.883815]  ? __text_poke+0x5/0x4b0
[   28.884162]  __text_poke+0x5/0x4b0
[   28.884491]  text_poke_bp_batch+0x83/0x290
[   28.884922]  ? __text_poke+0x5/0x4b0
[   28.885275]  ? text_poke_bp_batch+0x83/0x290
[   28.885684]  ? 0xffffffffa00da000
[   28.886000]  ? tboot_dying_cpu+0xa0/0xa0
[   28.886464]  text_poke_queue+0xa7/0xc0
[   28.886828]  ftrace_replace_code+0xfd/0x170
[   28.887227]  ftrace_modify_all_code+0x1b1/0x270
[   28.887735]  arch_ftrace_update_code+0x9/0x10
[   28.888155]  ftrace_run_update_code+0x30/0xa0
[   28.888564]  ftrace_startup_enable+0x5e/0xa0
[   28.888972]  ftrace_startup+0x16a/0x240
[   28.889337]  register_ftrace_function+0x41/0x90
[   28.889760]  perf_ftrace_event_register+0xc1/0xf0
[   28.890200]  perf_trace_event_init+0x9d/0x4c0
[   28.890610]  perf_trace_init+0xd8/0x160
[   28.890977]  perf_tp_event_init+0x5c/0xa0
[   28.891353]  perf_try_init_event+0x88/0x270
[   28.891751]  perf_event_alloc+0xda2/0x1810
[   28.892141]  ? _raw_spin_unlock+0x1a/0x30
[   28.892520]  ? alloc_fd+0x159/0x260
[   28.892865]  __do_sys_perf_event_open+0x3c7/0x1a10
[   28.893311]  ? write_comp_data+0x2f/0x90
[   28.893685]  __x64_sys_perf_event_open+0x2b/0x30
[   28.894118]  do_syscall_64+0x37/0x80
[   28.894458]  entry_SYSCALL_64_after_hwframe+0x44/0xae
[   28.894933] RIP: 0033:0x7fb16612659d
[   28.895271] Code: 00 c3 66 2e 0f 1f 84 00 00 00 00 00 90 f3 0f 1e fa 48 89 f8 48 89 f7 48 89 d6 48 89 ca 4d 89 c2 4d 89 c8 4c 8b 4c 24 08 0f 05 <48> 3d 01 f0 ff ff 73 01 c3 48 8b 0d d3 08 0d 00 f7 d8 64 89 01 48
[   28.896949] RSP: 002b:00007ffc9eced018 EFLAGS: 00000246 ORIG_RAX: 000000000000012a
[   28.897632] RAX: ffffffffffffffda RBX: 0000000000000000 RCX: 00007fb16612659d
[   28.898287] RDX: 0000000000000000 RSI: 0000000000000000 RDI: 00000000200001c0
[   28.898938] RBP: 00007ffc9eced020 R08: 0000000000000000 R09: 00007ffc9eced050
[   28.899591] R10: 00000000ffffffff R11: 0000000000000246 R12: 0000000000401180
[   28.900240] R13: 00007ffc9eced140 R14: 0000000000000000 R15: 0000000000000000
[   28.900920] BUG: using smp_processor_id() in preemptible [00000000] code: repro/557
[   28.901621] caller is debug_smp_processor_id+0x1c/0x20
[   28.902101] CPU: 1 PID: 557 Comm: repro Not tainted 5.15.0-9a7e0a90a454+ #1
[   28.902734] Hardware name: QEMU Standard PC (i440FX + PIIX, 1996), BIOS rel-1.14.0-0-g155821a1990b-prebuilt.qemu.org 04/01/2014
[   28.903732] Call Trace:
[   28.903954]  dump_stack_lvl+0x89/0xb5
[   28.904293]  dump_stack+0x15/0x17
[   28.904607]  check_preemption_disabled+0x167/0x180
[   28.905068]  ? text_poke_bp_batch+0x83/0x290
[   28.905475]  ? text_poke_loc_init+0x140/0x140
[   28.905893]  debug_smp_processor_id+0x1c/0x20
[   28.906309]  perf_ftrace_function_call+0x81/0x280
[   28.906753]  ? 0xffffffffa00da099
[   28.907064]  ? write_comp_data+0x2f/0x90
[   28.907434]  ? __sanitizer_cov_trace_pc+0x21/0x50
[   28.907872]  ? write_comp_data+0x2f/0x90
[   28.908250]  0xffffffffa00da099
[   28.908546]  ? alternatives_smp_module_del+0x90/0x90
[   28.909018]  ? __text_poke+0x5/0x4b0
[   28.909363]  __text_poke+0x5/0x4b0
[   28.909687]  text_poke_bp_batch+0x83/0x290
[   28.910077]  ? __text_poke+0x5/0x4b0
[   28.910426]  ? text_poke_bp_batch+0x83/0x290
[   28.910804]  ? 0xffffffffa00da000
[   28.911111]  ? tboot_dying_cpu+0xa0/0xa0
[   28.911483]  text_poke_queue+0xa7/0xc0
[   28.911839]  ftrace_replace_code+0xfd/0x170
[   28.912233]  ftrace_modify_all_code+0x1b1/0x270
[   28.912662]  arch_ftrace_update_code+0x9/0x10
[   28.913083]  ftrace_run_update_code+0x30/0xa0
[   28.913496]  ftrace_startup_enable+0x5e/0xa0
[   28.913594] BUG: using smp_processor_id() in preemptible [00000000] code: repro/558
[   28.913902]  ftrace_startup+0x16a/0x240
[   28.915284] caller is debug_smp_processor_id+0x1c/0x20
[   28.915629]  register_ftrace_function+0x41/0x90
[   28.915644]  perf_ftrace_event_register+0xc1/0xf0
[   28.917398]  perf_trace_event_init+0x9d/0x4c0
[   28.917808]  perf_trace_init+0xd8/0x160
[   28.918173]  perf_tp_event_init+0x5c/0xa0
[   28.918550]  perf_try_init_event+0x88/0x270
[   28.918947]  perf_event_alloc+0xda2/0x1810
[   28.919339]  ? _raw_spin_unlock+0x1a/0x30
[   28.919720]  ? alloc_fd+0x159/0x260
[   28.920056]  __do_sys_perf_event_open+0x3c7/0x1a10
[   28.920508]  ? write_comp_data+0x2f/0x90
[   28.920891]  __x64_sys_perf_event_open+0x2b/0x30
[   28.921331]  do_syscall_64+0x37/0x80
[   28.921673]  entry_SYSCALL_64_after_hwframe+0x44/0xae
[   28.922134] RIP: 0033:0x7fb16612659d
[   28.922459] Code: 00 c3 66 2e 0f 1f 84 00 00 00 00 00 90 f3 0f 1e fa 48 89 f8 48 89 f7 48 89 d6 48 89 ca 4d 89 c2 4d 89 c8 4c 8b 4c 24 08 0f 05 <48> 3d 01 f0 ff ff 73 01 c3 48 8b 0d d3 08 0d 00 f7 d8 64 89 01 48
[   28.924139] RSP: 002b:00007ffc9eced018 EFLAGS: 00000246 ORIG_RAX: 000000000000012a
[   28.924816] RAX: ffffffffffffffda RBX: 0000000000000000 RCX: 00007fb16612659d
[   28.925447] RDX: 0000000000000000 RSI: 0000000000000000 RDI: 00000000200001c0
[   28.926076] RBP: 00007ffc9eced020 R08: 0000000000000000 R09: 00007ffc9eced050
[   28.926720] R10: 00000000ffffffff R11: 0000000000000246 R12: 0000000000401180
[   28.927373] R13: 00007ffc9eced140 R14: 0000000000000000 R15: 0000000000000000
[   28.928033] CPU: 0 PID: 558 Comm: repro Not tainted 5.15.0-9a7e0a90a454+ #1
[   28.928042] BUG: using smp_processor_id() in preemptible [00000000] code: repro/557
[   28.928054] caller is debug_smp_processor_id+0x1c/0x20
[   28.929268] Hardware name: QEMU Standard PC (i440FX + PIIX, 1996), BIOS rel-1.14.0-0-g155821a1990b-prebuilt.qemu.org 04/01/2014
[   28.932817] Call Trace:
[   28.933294]  dump_stack_lvl+0x89/0xb5
[   28.933970]  dump_stack+0x15/0x17
[   28.934574]  check_preemption_disabled+0x167/0x180
[   28.935428]  ? exit_mmap+0xa6/0x310
[   28.936064]  ? destroy_context_ldt+0x30/0x30
[   28.936855]  debug_smp_processor_id+0x1c/0x20
[   28.937642]  perf_ftrace_function_call+0x81/0x280
[   28.938492]  ? _raw_spin_unlock+0x1a/0x30
[   28.939220]  ? raw_spin_rq_unlock+0xe/0x10
[   28.939965]  ? load_balance+0x652/0xc50
[   28.940664]  ? _raw_spin_unlock+0x1a/0x30
[   28.941403]  0xffffffffa00da099
[   28.941973]  ? raw_spin_rq_lock_nested+0x29/0x30
[   28.942796]  ? exit_mmap+0x86/0x310
[   28.943432]  ? ldt_arch_exit_mmap+0x5/0x10
[   28.944169]  ? write_comp_data+0x2f/0x90
[   28.944903]  ldt_arch_exit_mmap+0x5/0x10
[   28.945629]  exit_mmap+0xa6/0x310
[   28.946238]  ? ldt_arch_exit_mmap+0x5/0x10
[   28.946979]  ? exit_mmap+0xa6/0x310
[   28.947617]  ? futex_cleanup+0x76/0x7c0
[   28.948323]  ? __sanitizer_cov_trace_pc+0x21/0x50
[   28.949191]  ? __sanitizer_cov_trace_pc+0x21/0x50
[   28.950038]  ? exit_aio+0x10f/0x150
[   28.950675]  ? delayed_uprobe_remove+0x9a/0xb0
[   28.951479]  ? write_comp_data+0x2f/0x90
[   28.952198]  mmput+0xa5/0x190
[   28.952759]  do_exit+0x489/0x1150
[   28.953387]  __x64_sys_exit+0x24/0x30
[   28.954057]  do_syscall_64+0x37/0x80
[   28.954711]  entry_SYSCALL_64_after_hwframe+0x44/0xae
[   28.955612] RIP: 0033:0x7fb16612659d
[   28.956260] Code: Unable to access opcode bytes at RIP 0x7fb166126573.
[   28.957413] RSP: 002b:00007ffc9ececec8 EFLAGS: 00000202 ORIG_RAX: 000000000000003c
[   28.958739] RAX: ffffffffffffffda RBX: 0000000000000000 RCX: 00007fb16612659d
[   28.959986] RDX: 0000000000000000 RSI: 0000000000000000 RDI: 0000000000000000
[   28.961249] RBP: 00007ffc9ececee0 R08: 0000000000000058 R09: 0000000000000000
[   28.962484] R10: 00007ffc9eced050 R11: 0000000000000202 R12: 0000000000401180
[   28.963746] R13: 00007ffc9eced140 R14: 0000000000000000 R15: 0000000000000000
[   28.965014] CPU: 1 PID: 557 Comm: repro Not tainted 5.15.0-9a7e0a90a454+ #1
[   28.965060] BUG: using smp_processor_id() in preemptible [00000000] code: repro/558
[   28.965708] Hardware name: QEMU Standard PC (i440FX + PIIX, 1996), BIOS rel-1.14.0-0-g155821a1990b-prebuilt.qemu.org 04/01/2014
[   28.967040] caller is debug_smp_processor_id+0x1c/0x20
[   28.968093] Call Trace:
[   28.968100]  dump_stack_lvl+0x89/0xb5
[   28.968121]  dump_stack+0x15/0x17
[   28.969922]  check_preemption_disabled+0x167/0x180
[   28.970374]  ? text_poke_bp_batch+0x83/0x290
[   28.970783]  ? text_poke_loc_init+0x140/0x140
[   28.971201]  debug_smp_processor_id+0x1c/0x20
[   28.971619]  perf_ftrace_function_call+0x81/0x280
[   28.972070]  ? 0xffffffffa00da099
[   28.972389]  ? write_comp_data+0x2f/0x90
[   28.972764]  ? __sanitizer_cov_trace_pc+0x21/0x50
[   28.973224]  ? write_comp_data+0x2f/0x90
[   28.973604]  0xffffffffa00da099
[   28.973909]  ? alternatives_enable_smp+0x90/0x90
[   28.974348]  ? __text_poke+0x5/0x4b0
[   28.974699]  __text_poke+0x5/0x4b0
[   28.975035]  text_poke_bp_batch+0x83/0x290
[   28.975430]  ? __text_poke+0x5/0x4b0
[   28.975778]  ? text_poke_bp_batch+0x83/0x290
[   28.976194]  ? 0xffffffffa00da000
[   28.976509]  ? tboot_dying_cpu+0xa0/0xa0
[   28.976899]  text_poke_queue+0xa7/0xc0
[   28.977264]  ftrace_replace_code+0xfd/0x170
[   28.977669]  ftrace_modify_all_code+0x1b1/0x270
[   28.978104]  arch_ftrace_update_code+0x9/0x10
[   28.978525]  ftrace_run_update_code+0x30/0xa0
[   28.978959]  ftrace_startup_enable+0x5e/0xa0
[   28.979367]  ftrace_startup+0x16a/0x240
[   28.979738]  register_ftrace_function+0x41/0x90
[   28.980168]  perf_ftrace_event_register+0xc1/0xf0
[   28.980617]  perf_trace_event_init+0x9d/0x4c0
[   28.981051]  perf_trace_init+0xd8/0x160
[   28.981423]  perf_tp_event_init+0x5c/0xa0
[   28.981812]  perf_try_init_event+0x88/0x270
[   28.982216]  perf_event_alloc+0xda2/0x1810
[   28.982611]  ? _raw_spin_unlock+0x1a/0x30
[   28.983000]  ? alloc_fd+0x159/0x260
[   28.983343]  __do_sys_perf_event_open+0x3c7/0x1a10
[   28.983799]  ? write_comp_data+0x2f/0x90
[   28.984123]  __x64_sys_perf_event_open+0x2b/0x30
[   28.984537]  do_syscall_64+0x37/0x80
[   28.984900]  entry_SYSCALL_64_after_hwframe+0x44/0xae
[   28.985388] RIP: 0033:0x7fb16612659d
[   28.985740] Code: 00 c3 66 2e 0f 1f 84 00 00 00 00 00 90 f3 0f 1e fa 48 89 f8 48 89 f7 48 89 d6 48 89 ca 4d 89 c2 4d 89 c8 4c 8b 4c 24 08 0f 05 <48> 3d 01 f0 ff ff 73 01 c3 48 8b 0d d3 08 0d 00 f7 d8 64 89 01 48
[   28.987464] RSP: 002b:00007ffc9eced018 EFLAGS: 00000246 ORIG_RAX: 000000000000012a
[   28.988178] RAX: ffffffffffffffda RBX: 0000000000000000 RCX: 00007fb16612659d
[   28.988859] RDX: 0000000000000000 RSI: 0000000000000000 RDI: 00000000200001c0
[   28.989521] RBP: 00007ffc9eced020 R08: 0000000000000000 R09: 00007ffc9eced050
[   28.990187] R10: 00000000ffffffff R11: 0000000000000246 R12: 0000000000401180
[   28.990850] R13: 00007ffc9eced140 R14: 0000000000000000 R15: 0000000000000000
[   28.991526] CPU: 0 PID: 558 Comm: repro Not tainted 5.15.0-9a7e0a90a454+ #1
[   28.991556] BUG: using smp_processor_id() in preemptible [00000000] code: repro/557
[   28.992790] Hardware name: QEMU Standard PC (i440FX + PIIX, 1996), BIOS rel-1.14.0-0-g155821a1990b-prebuilt.qemu.org 04/01/2014
[   28.993501] caller is debug_smp_processor_id+0x1c/0x20
[   28.995495] Call Trace:
[   28.995508]  dump_stack_lvl+0x89/0xb5
[   28.997125]  dump_stack+0x15/0x17
[   28.997750]  check_preemption_disabled+0x167/0x180
[   28.998629]  ? ldt_arch_exit_mmap+0xe/0x10
[   28.999388]  ? alloc_ldt_struct+0x90/0x90
[   29.000127]  debug_smp_processor_id+0x1c/0x20
[   29.000937]  perf_ftrace_function_call+0x81/0x280
[   29.001809]  ? perf_ftrace_function_call+0x51/0x280
[   29.002696]  ? _raw_spin_unlock+0x1a/0x30
[   29.003436]  ? raw_spin_rq_unlock+0xe/0x10
[   29.004194]  ? load_balance+0x652/0xc50
[   29.004924]  ? _raw_spin_unlock+0x1a/0x30
[   29.005670]  0xffffffffa00da099
[   29.006257]  ? 0xffffffffa00da099
[   29.006874]  ? exit_mmap+0x86/0x310
[   29.007532]  ? free_ldt_pgtables+0x5/0xb0
[   29.008276]  ? ldt_arch_exit_mmap+0x5/0x10
[   29.009060]  ? write_comp_data+0x2f/0x90
[   29.009793]  free_ldt_pgtables+0x5/0xb0
[   29.010509]  ldt_arch_exit_mmap+0xe/0x10
[   29.011237]  ? free_ldt_pgtables+0x5/0xb0
[   29.011978]  ? ldt_arch_exit_mmap+0xe/0x10
[   29.012731]  exit_mmap+0xa6/0x310
[   29.013365]  ? futex_cleanup+0x76/0x7c0
[   29.014080]  ? __sanitizer_cov_trace_pc+0x21/0x50
[   29.014941]  ? __sanitizer_cov_trace_pc+0x21/0x50
[   29.015804]  ? exit_aio+0x10f/0x150
[   29.016457]  ? delayed_uprobe_remove+0x9a/0xb0
[   29.017289]  ? write_comp_data+0x2f/0x90
[   29.018016]  mmput+0xa5/0x190
[   29.018579]  do_exit+0x489/0x1150
[   29.019202]  __x64_sys_exit+0x24/0x30
[   29.019881]  do_syscall_64+0x37/0x80
[   29.020550]  entry_SYSCALL_64_after_hwframe+0x44/0xae
[   29.021481] RIP: 0033:0x7fb16612659d
[   29.022141] Code: Unable to access opcode bytes at RIP 0x7fb166126573.
[   29.023300] RSP: 002b:00007ffc9ececec8 EFLAGS: 00000202 ORIG_RAX: 000000000000003c
[   29.024648] RAX: ffffffffffffffda RBX: 0000000000000000 RCX: 00007fb16612659d
[   29.025924] RDX: 0000000000000000 RSI: 0000000000000000 RDI: 0000000000000000
[   29.027194] RBP: 00007ffc9ececee0 R08: 0000000000000058 R09: 0000000000000000
[   29.028464] R10: 00007ffc9eced050 R11: 0000000000000202 R12: 0000000000401180
[   29.029740] R13: 00007ffc9eced140 R14: 0000000000000000 R15: 0000000000000000
[   29.031022] CPU: 1 PID: 557 Comm: repro Not tainted 5.15.0-9a7e0a90a454+ #1
[   29.031153] BUG: using smp_processor_id() in preemptible [00000000] code: repro/559
[   29.031709] Hardware name: QEMU Standard PC (i440FX + PIIX, 1996), BIOS rel-1.14.0-0-g155821a1990b-prebuilt.qemu.org 04/01/2014
[   29.031720] Call Trace:
[   29.031726]  dump_stack_lvl+0x89/0xb5
[   29.033104] caller is debug_smp_processor_id+0x1c/0x20
[   29.034164]  dump_stack+0x15/0x17
[   29.035767]  check_preemption_disabled+0x167/0x180
[   29.036228]  ? text_poke_bp_batch+0x83/0x290
[   29.036646]  ? text_poke_loc_init+0x140/0x140
[   29.037079]  debug_smp_processor_id+0x1c/0x20
[   29.037505]  perf_ftrace_function_call+0x81/0x280
[   29.037959]  ? 0xffffffffa00da099
[   29.038282]  ? write_comp_data+0x2f/0x90
[   29.038666]  ? __sanitizer_cov_trace_pc+0x21/0x50
[   29.039120]  ? write_comp_data+0x2f/0x90
[   29.039506]  0xffffffffa00da099
[   29.039814]  ? alternatives_text_reserved+0x70/0x70
[   29.040286]  ? __text_poke+0x5/0x4b0
[   29.040639]  __text_poke+0x5/0x4b0
[   29.040984]  text_poke_bp_batch+0x83/0x290
[   29.041381]  ? __text_poke+0x5/0x4b0
[   29.041736]  ? text_poke_bp_batch+0x83/0x290
[   29.042150]  ? 0xffffffffa00da000
[   29.042472]  ? tboot_dying_cpu+0xa0/0xa0
[   29.042856]  text_poke_queue+0xa7/0xc0
[   29.043224]  ftrace_replace_code+0xfd/0x170
[   29.043636]  ftrace_modify_all_code+0x1b1/0x270
[   29.044073]  arch_ftrace_update_code+0x9/0x10
[   29.044494]  ftrace_run_update_code+0x30/0xa0
[   29.044924]  ftrace_startup_enable+0x5e/0xa0
[   29.045339]  ftrace_startup+0x16a/0x240
[   29.045714]  register_ftrace_function+0x41/0x90
[   29.046150]  perf_ftrace_event_register+0xc1/0xf0
[   29.046604]  perf_trace_event_init+0x9d/0x4c0
[   29.047029]  perf_trace_init+0xd8/0x160
[   29.047403]  perf_tp_event_init+0x5c/0xa0
[   29.047796]  perf_try_init_event+0x88/0x270
[   29.048207]  perf_event_alloc+0xda2/0x1810
[   29.048605]  ? _raw_spin_unlock+0x1a/0x30
[   29.048998]  ? alloc_fd+0x159/0x260
[   29.049346]  __do_sys_perf_event_open+0x3c7/0x1a10
[   29.049808]  ? write_comp_data+0x2f/0x90
[   29.050196]  __x64_sys_perf_event_open+0x2b/0x30
[   29.050641]  do_syscall_64+0x37/0x80
[   29.050993]  entry_SYSCALL_64_after_hwframe+0x44/0xae
[   29.051481] RIP: 0033:0x7fb16612659d
[   29.051831] Code: 00 c3 66 2e 0f 1f 84 00 00 00 00 00 90 f3 0f 1e fa 48 89 f8 48 89 f7 48 89 d6 48 89 ca 4d 89 c2 4d 89 c8 4c 8b 4c 24 08 0f 05 <48> 3d 01 f0 ff ff 73 01 c3 48 8b 0d d3 08 0d 00 f7 d8 64 89 01 48
[   29.053575] RSP: 002b:00007ffc9eced018 EFLAGS: 00000246 ORIG_RAX: 000000000000012a
[   29.054288] RAX: ffffffffffffffda RBX: 0000000000000000 RCX: 00007fb16612659d
[   29.054960] RDX: 0000000000000000 RSI: 0000000000000000 RDI: 00000000200001c0
[   29.055625] RBP: 00007ffc9eced020 R08: 0000000000000000 R09: 00007ffc9eced050
[   29.056290] R10: 00000000ffffffff R11: 0000000000000246 R12: 0000000000401180
[   29.056965] R13: 00007ffc9eced140 R14: 0000000000000000 R15: 0000000000000000
[   29.057638] CPU: 0 PID: 559 Comm: repro Not tainted 5.15.0-9a7e0a90a454+ #1
[   29.058908] Hardware name: QEMU Standard PC (i440FX + PIIX, 1996), BIOS rel-1.14.0-0-g155821a1990b-prebuilt.qemu.org 04/01/2014
[   29.060945] Call Trace:
[   29.061401]  dump_stack_lvl+0x89/0xb5
[   29.062087]  dump_stack+0x15/0x17
[   29.062708]  check_preemption_disabled+0x167/0x180
[   29.063585]  ? exit_mmap+0xa6/0x310
[   29.064235]  ? destroy_context_ldt+0x30/0x30
[   29.065028]  debug_smp_processor_id+0x1c/0x20
[   29.065827]  perf_ftrace_function_call+0x81/0x280
[   29.066691]  ? load_balance+0x15d/0xc50
[   29.067401]  ? kvm_sched_clock_read+0x9/0x20
[   29.068192]  ? _raw_spin_unlock+0x1a/0x30
[   29.068941]  0xffffffffa00da099
[   29.069522]  ? write_comp_data+0x2f/0x90
[   29.070246]  ? __sanitizer_cov_trace_pc+0x21/0x50
[   29.071105]  ? exit_mmap+0x86/0x310
[   29.071756]  ? ldt_arch_exit_mmap+0x5/0x10
[   29.072513]  ? write_comp_data+0x2f/0x90
[   29.073245]  ldt_arch_exit_mmap+0x5/0x10
[   29.073970]  exit_mmap+0xa6/0x310
[   29.074588]  ? ldt_arch_exit_mmap+0x5/0x10
[   29.075340]  ? exit_mmap+0xa6/0x310
[   29.075987]  ? futex_cleanup+0x76/0x7c0
[   29.076697]  ? __sanitizer_cov_trace_pc+0x21/0x50
[   29.077565]  ? __sanitizer_cov_trace_pc+0x21/0x50
[   29.078425]  ? exit_aio+0x10f/0x150
[   29.079075]  ? delayed_uprobe_remove+0x9a/0xb0
[   29.079891]  ? write_comp_data+0x2f/0x90
[   29.080613]  mmput+0xa5/0x190
[   29.081178]  do_exit+0x489/0x1150
[   29.081801]  __x64_sys_exit+0x24/0x30
[   29.082483]  do_syscall_64+0x37/0x80
[   29.083148]  entry_SYSCALL_64_after_hwframe+0x44/0xae
[   29.084067] RIP: 0033:0x7fb16612659d
[   29.084722] Code: Unable to access opcode bytes at RIP 0x7fb166126573.
[   29.085888] RSP: 002b:00007ffc9ececfa8 EFLAGS: 00000202 ORIG_RAX: 000000000000003c
[   29.087237] RAX: ffffffffffffffda RBX: 0000000000000000 RCX: 00007fb16612659d
[   29.088511] RDX: 0000000000000000 RSI: 0000000000000000 RDI: 0000000000000000
[   29.089792] RBP: 00007ffc9ececfc0 R08: 0000000000000000 R09: 00007ffc9edc62d0
[   29.091065] R10: 0000000000000000 R11: 0000000000000202 R12: 0000000000401180
[   29.092337] R13: 00007ffc9eced140 R14: 0000000000000000 R15: 0000000000000000
[  300.231517] INFO: task rcu_tasks_kthre:9 blocked for more than 147 seconds.
[  300.232612]       Not tainted 5.15.0-9a7e0a90a454+ #1
[  300.233375] "echo 0 > /proc/sys/kernel/hung_task_timeout_secs" disables this message.
[  300.234524] task:rcu_tasks_kthre state:D stack:    0 pid:    9 ppid:     2 flags:0x00004000
[  300.235776] Call Trace:
[  300.236167]  __schedule+0x405/0x960
[  300.236717]  ? _raw_spin_unlock_irqrestore+0x29/0x3d
[  300.237476]  schedule+0x48/0xd0
[  300.237966]  schedule_timeout+0x33e/0x420
[  300.238578]  ? __sanitizer_cov_trace_pc+0x21/0x50
[  300.239293]  ? queue_delayed_work_on+0x81/0xc0
[  300.240101]  wait_for_completion+0x9c/0x100
[  300.240750]  __synchronize_srcu.part.23+0x83/0xb0
[  300.241477]  ? __bpf_trace_rcu_stall_warning+0x10/0x10
[  300.242253]  synchronize_srcu+0xd2/0x100
[  300.242853]  rcu_tasks_postscan+0x15/0x20
[  300.243480]  rcu_tasks_wait_gp+0xfa/0x200
[  300.244099]  ? rcu_tasks_kthread+0x113/0x1c0
[  300.244753]  rcu_tasks_kthread+0xf9/0x1c0
[  300.245282]  ? wait_woken+0x70/0x70
[  300.245577]  ? rcu_tasks_postscan+0x20/0x20
[  300.245906]  kthread+0x1d4/0x210
[  300.246165]  ? set_kthread_struct+0x80/0x80
[  300.246489]  ret_from_fork+0x1f/0x30
[  300.246819] INFO: task repro:557 blocked for more than 147 seconds.
[  300.247293]       Not tainted 5.15.0-9a7e0a90a454+ #1
[  300.247708] "echo 0 > /proc/sys/kernel/hung_task_timeout_secs" disables this message.
[  300.248286] task:repro           state:D stack:    0 pid:  557 ppid:   556 flags:0x00004004
[  300.248932] Call Trace:
[  300.249126]  __schedule+0x405/0x960
[  300.249399]  ? default_wake_function+0x1a/0x20
[  300.249745]  schedule+0x48/0xd0
[  300.249995]  schedule_timeout+0x33e/0x420
[  300.250311]  ? _raw_spin_unlock_irqrestore+0x29/0x3d
[  300.250694]  ? __wake_up_common_lock+0x8c/0xc0
[  300.251041]  wait_for_completion+0x9c/0x100
[  300.251368]  __wait_rcu_gp+0x11d/0x140
[  300.251678]  rcu_barrier_tasks+0x3b/0x60
[  300.251986]  ? call_rcu_tasks_generic+0x80/0x80
[  300.252337]  ? __bpf_trace_rcu_stall_warning+0x10/0x10
[  300.252736]  synchronize_rcu_tasks+0xe/0x10
[  300.253078]  ftrace_shutdown+0x30d/0x3f0
[  300.253389]  unregister_ftrace_function+0x23/0x50
[  300.253751]  perf_ftrace_event_register+0x89/0xf0
[  300.254118]  ? perf_tp_event_init+0xa0/0xa0
[  300.254445]  perf_trace_destroy+0x32/0x50
[  300.254758]  tp_perf_event_destroy+0x1a/0x20
[  300.255093]  _free_event+0xff/0x690
[  300.255371]  put_event+0x3c/0x50
[  300.255637]  perf_event_release_kernel+0x2ee/0x360
[  300.256008]  ? perf_event_release_kernel+0x5/0x360
[  300.256379]  ? perf_event_release_kernel+0x360/0x360
[  300.256761]  perf_release+0x1e/0x30
[  300.257040]  __fput+0x111/0x440
[  300.257291]  ____fput+0x1a/0x20
[  300.257539]  task_work_run+0x88/0xd0
[  300.257818]  exit_to_user_mode_prepare+0x1ac/0x1c0
[  300.258187]  syscall_exit_to_user_mode+0x1c/0x30
[  300.258542]  do_syscall_64+0x46/0x80
[  300.258823]  entry_SYSCALL_64_after_hwframe+0x44/0xae
[  300.259213] RIP: 0033:0x7fb16612659d
[  300.259510] RSP: 002b:00007ffc9eced018 EFLAGS: 00000246 ORIG_RAX: 000000000000012a
[  300.260092] RAX: ffffffffffffffea RBX: 0000000000000000 RCX: 00007fb16612659d
[  300.260641] RDX: 0000000000000000 RSI: 0000000000000000 RDI: 00000000200001c0
[  300.261196] RBP: 00007ffc9eced020 R08: 0000000000000000 R09: 00007ffc9eced050
[  300.261742] R10: 00000000ffffffff R11: 0000000000000246 R12: 0000000000401180
[  300.262290] R13: 00007ffc9eced140 R14: 0000000000000000 R15: 0000000000000000
[  447.687498] INFO: task rcu_tasks_kthre:9 blocked for more than 294 seconds.
[  447.688778]       Not tainted 5.15.0-9a7e0a90a454+ #1
[  447.689665] "echo 0 > /proc/sys/kernel/hung_task_timeout_secs" disables this message.
[  447.690992] task:rcu_tasks_kthre state:D stack:    0 pid:    9 ppid:     2 flags:0x00004000
[  447.692484] Call Trace:
[  447.692972]  __schedule+0x405/0x960
[  447.693605]  ? _raw_spin_unlock_irqrestore+0x29/0x3d
[  447.694471]  schedule+0x48/0xd0
[  447.695036]  schedule_timeout+0x33e/0x420
[  447.695786]  ? __sanitizer_cov_trace_pc+0x21/0x50
[  447.696638]  ? queue_delayed_work_on+0x81/0xc0
[  447.697446]  wait_for_completion+0x9c/0x100
[  447.698184]  __synchronize_srcu.part.23+0x83/0xb0
[  447.699016]  ? __bpf_trace_rcu_stall_warning+0x10/0x10
[  447.699965]  synchronize_srcu+0xd2/0x100
[  447.700692]  rcu_tasks_postscan+0x15/0x20
[  447.701435]  rcu_tasks_wait_gp+0xfa/0x200
[  447.702169]  ? rcu_tasks_kthread+0x113/0x1c0
[  447.702939]  rcu_tasks_kthread+0xf9/0x1c0
[  447.703703]  ? wait_woken+0x70/0x70
[  447.704361]  ? rcu_tasks_postscan+0x20/0x20
[  447.705134]  kthread+0x1d4/0x210
[  447.705730]  ? set_kthread_struct+0x80/0x80
[  447.706484]  ret_from_fork+0x1f/0x30
[  447.707237] INFO: task repro:557 blocked for more than 294 seconds.
[  447.708370]       Not tainted 5.15.0-9a7e0a90a454+ #1
[  447.709284] "echo 0 > /proc/sys/kernel/hung_task_timeout_secs" disables this message.
[  447.710649] task:repro           state:D stack:    0 pid:  557 ppid:   556 flags:0x00004004
[  447.712162] Call Trace:
[  447.712623]  __schedule+0x405/0x960
[  447.713287]  ? default_wake_function+0x1a/0x20
[  447.714095]  schedule+0x48/0xd0
[  447.714683]  schedule_timeout+0x33e/0x420
[  447.715437]  ? _raw_spin_unlock_irqrestore+0x29/0x3d
[  447.716339]  ? __wake_up_common_lock+0x8c/0xc0
[  447.717151]  wait_for_completion+0x9c/0x100
[  447.717908]  __wait_rcu_gp+0x11d/0x140
[  447.718590]  rcu_barrier_tasks+0x3b/0x60
[  447.719295]  ? call_rcu_tasks_generic+0x80/0x80
[  447.720151]  ? __bpf_trace_rcu_stall_warning+0x10/0x10
[  447.721086]  synchronize_rcu_tasks+0xe/0x10
[  447.721844]  ftrace_shutdown+0x30d/0x3f0
[  447.722552]  unregister_ftrace_function+0x23/0x50
[  447.723420]  perf_ftrace_event_register+0x89/0xf0
[  447.724271]  ? perf_tp_event_init+0xa0/0xa0
[  447.725044]  perf_trace_destroy+0x32/0x50
[  447.725775]  tp_perf_event_destroy+0x1a/0x20
[  447.726554]  _free_event+0xff/0x690
[  447.727198]  put_event+0x3c/0x50
[  447.727822]  perf_event_release_kernel+0x2ee/0x360
[  447.728698]  ? perf_event_release_kernel+0x5/0x360
[  447.729583]  ? perf_event_release_kernel+0x360/0x360
[  447.730471]  perf_release+0x1e/0x30
[  447.731107]  __fput+0x111/0x440
[  447.731715]  ____fput+0x1a/0x20
[  447.732300]  task_work_run+0x88/0xd0
[  447.732965]  exit_to_user_mode_prepare+0x1ac/0x1c0
[  447.733824]  syscall_exit_to_user_mode+0x1c/0x30
[  447.734658]  do_syscall_64+0x46/0x80
[  447.735317]  entry_SYSCALL_64_after_hwframe+0x44/0xae
[  447.736258] RIP: 0033:0x7fb16612659d
[  447.736939] RSP: 002b:00007ffc9eced018 EFLAGS: 00000246 ORIG_RAX: 000000000000012a
[  447.738262] RAX: ffffffffffffffea RBX: 0000000000000000 RCX: 00007fb16612659d
[  447.739530] RDX: 0000000000000000 RSI: 0000000000000000 RDI: 00000000200001c0
[  447.740783] RBP: 00007ffc9eced020 R08: 0000000000000000 R09: 00007ffc9eced050
[  447.742040] R10: 00000000ffffffff R11: 0000000000000246 R12: 0000000000401180
[  447.743279] R13: 00007ffc9eced140 R14: 0000000000000000 R15: 0000000000000000
[  595.143724] INFO: task rcu_tasks_kthre:9 blocked for more than 442 seconds.
[  595.144845]       Not tainted 5.15.0-9a7e0a90a454+ #1
[  595.145627] "echo 0 > /proc/sys/kernel/hung_task_timeout_secs" disables this message.
[  595.146806] task:rcu_tasks_kthre state:D stack:    0 pid:    9 ppid:     2 flags:0x00004000
[  595.148111] Call Trace:
[  595.148508]  __schedule+0x405/0x960
[  595.149078]  ? _raw_spin_unlock_irqrestore+0x29/0x3d
[  595.149850]  schedule+0x48/0xd0
[  595.150350]  schedule_timeout+0x33e/0x420
[  595.150977]  ? __sanitizer_cov_trace_pc+0x21/0x50
[  595.151728]  ? queue_delayed_work_on+0x81/0xc0
[  595.152427]  wait_for_completion+0x9c/0x100
[  595.153098]  __synchronize_srcu.part.23+0x83/0xb0
[  595.153836]  ? __bpf_trace_rcu_stall_warning+0x10/0x10
[  595.154632]  synchronize_srcu+0xd2/0x100
[  595.155249]  rcu_tasks_postscan+0x15/0x20
[  595.155902]  rcu_tasks_wait_gp+0xfa/0x200
[  595.156535]  ? rcu_tasks_kthread+0x113/0x1c0
[  595.157210]  rcu_tasks_kthread+0xf9/0x1c0
[  595.157837]  ? wait_woken+0x70/0x70
[  595.158392]  ? rcu_tasks_postscan+0x20/0x20
[  595.159047]  kthread+0x1d4/0x210
[  595.159579]  ? set_kthread_struct+0x80/0x80
[  595.160236]  ret_from_fork+0x1f/0x30
[  595.160944] INFO: task repro:557 blocked for more than 442 seconds.
[  595.161500]       Not tainted 5.15.0-9a7e0a90a454+ #1
[  595.161905] "echo 0 > /proc/sys/kernel/hung_task_timeout_secs" disables this message.
[  595.162513] task:repro           state:D stack:    0 pid:  557 ppid:   556 flags:0x00004004
[  595.163179] Call Trace:
[  595.163388]  __schedule+0x405/0x960
[  595.163704]  ? default_wake_function+0x1a/0x20
[  595.164072]  schedule+0x48/0xd0
[  595.164334]  schedule_timeout+0x33e/0x420
[  595.164663]  ? _raw_spin_unlock_irqrestore+0x29/0x3d
[  595.165069]  ? __wake_up_common_lock+0x8c/0xc0
[  595.165430]  wait_for_completion+0x9c/0x100
[  595.165773]  __wait_rcu_gp+0x11d/0x140
[  595.166080]  rcu_barrier_tasks+0x3b/0x60
[  595.166398]  ? call_rcu_tasks_generic+0x80/0x80
[  595.166765]  ? __bpf_trace_rcu_stall_warning+0x10/0x10
[  595.167181]  synchronize_rcu_tasks+0xe/0x10
[  595.167532]  ftrace_shutdown+0x30d/0x3f0
[  595.167854]  unregister_ftrace_function+0x23/0x50
[  595.168234]  perf_ftrace_event_register+0x89/0xf0
[  595.168622]  ? perf_tp_event_init+0xa0/0xa0
[  595.168978]  perf_trace_destroy+0x32/0x50
[  595.169313]  tp_perf_event_destroy+0x1a/0x20
[  595.169670]  _free_event+0xff/0x690
[  595.169964]  put_event+0x3c/0x50
[  595.170234]  perf_event_release_kernel+0x2ee/0x360
[  595.170628]  ? perf_event_release_kernel+0x5/0x360
[  595.171021]  ? perf_event_release_kernel+0x360/0x360
[  595.171439]  perf_release+0x1e/0x30
[  595.171732]  __fput+0x111/0x440
[  595.172001]  ____fput+0x1a/0x20
[  595.172266]  task_work_run+0x88/0xd0
[  595.172567]  exit_to_user_mode_prepare+0x1ac/0x1c0
[  595.172969]  syscall_exit_to_user_mode+0x1c/0x30
[  595.173351]  do_syscall_64+0x46/0x80
[  595.173652]  entry_SYSCALL_64_after_hwframe+0x44/0xae
[  595.174068] RIP: 0033:0x7fb16612659d
[  595.174367] RSP: 002b:00007ffc9eced018 EFLAGS: 00000246 ORIG_RAX: 000000000000012a
[  595.174980] RAX: ffffffffffffffea RBX: 0000000000000000 RCX: 00007fb16612659d
[  595.175561] RDX: 0000000000000000 RSI: 0000000000000000 RDI: 00000000200001c0
[  595.176136] RBP: 00007ffc9eced020 R08: 0000000000000000 R09: 00007ffc9eced050
[  595.176710] R10: 00000000ffffffff R11: 0000000000000246 R12: 0000000000401180
[  595.177292] R13: 00007ffc9eced140 R14: 0000000000000000 R15: 0000000000000000
[  742.599592] INFO: task rcu_tasks_kthre:9 blocked for more than 589 seconds.
[  742.600783]       Not tainted 5.15.0-9a7e0a90a454+ #1
[  742.601595] "echo 0 > /proc/sys/kernel/hung_task_timeout_secs" disables this message.
[  742.602832] task:rcu_tasks_kthre state:D stack:    0 pid:    9 ppid:     2 flags:0x00004000
[  742.604198] Call Trace:
[  742.604615]  __schedule+0x405/0x960
[  742.605211]  ? _raw_spin_unlock_irqrestore+0x29/0x3d
[  742.606023]  schedule+0x48/0xd0
[  742.606548]  schedule_timeout+0x33e/0x420
[  742.607204]  ? __sanitizer_cov_trace_pc+0x21/0x50
[  742.607988]  ? queue_delayed_work_on+0x81/0xc0
[  742.608723]  wait_for_completion+0x9c/0x100
[  742.609429]  __synchronize_srcu.part.23+0x83/0xb0
[  742.610202]  ? __bpf_trace_rcu_stall_warning+0x10/0x10
[  742.611042]  synchronize_srcu+0xd2/0x100
[  742.611713]  rcu_tasks_postscan+0x15/0x20
[  742.612380]  rcu_tasks_wait_gp+0xfa/0x200
[  742.613062]  ? rcu_tasks_kthread+0x113/0x1c0
[  742.613767]  rcu_tasks_kthread+0xf9/0x1c0
[  742.614430]  ? wait_woken+0x70/0x70
[  742.615014]  ? rcu_tasks_postscan+0x20/0x20
[  742.615726]  kthread+0x1d4/0x210
[  742.616272]  ? set_kthread_struct+0x80/0x80
[  742.616963]  ret_from_fork+0x1f/0x30
[  742.617644] INFO: task repro:557 blocked for more than 589 seconds.
[  742.618646]       Not tainted 5.15.0-9a7e0a90a454+ #1
[  742.619473] "echo 0 > /proc/sys/kernel/hung_task_timeout_secs" disables this message.
[  742.620712] task:repro           state:D stack:    0 pid:  557 ppid:   556 flags:0x00004004
[  742.622051] Call Trace:
[  742.622458]  __schedule+0x405/0x960
[  742.623038]  ? default_wake_function+0x1a/0x20
[  742.623782]  schedule+0x48/0xd0
[  742.624314]  schedule_timeout+0x33e/0x420
[  742.625043]  ? _raw_spin_unlock_irqrestore+0x29/0x3d
[  742.625488]  ? __wake_up_common_lock+0x8c/0xc0
[  742.625894]  wait_for_completion+0x9c/0x100
[  742.626263]  __wait_rcu_gp+0x11d/0x140
[  742.626597]  rcu_barrier_tasks+0x3b/0x60
[  742.626945]  ? call_rcu_tasks_generic+0x80/0x80
[  742.627342]  ? __bpf_trace_rcu_stall_warning+0x10/0x10
[  742.627818]  synchronize_rcu_tasks+0xe/0x10
[  742.628187]  ftrace_shutdown+0x30d/0x3f0
[  742.628533]  unregister_ftrace_function+0x23/0x50
[  742.628955]  perf_ftrace_event_register+0x89/0xf0
[  742.629358]  ? perf_tp_event_init+0xa0/0xa0
[  742.629728]  perf_trace_destroy+0x32/0x50
[  742.630082]  tp_perf_event_destroy+0x1a/0x20
[  742.630456]  _free_event+0xff/0x690
[  742.630768]  put_event+0x3c/0x50
[  742.631056]  perf_event_release_kernel+0x2ee/0x360
[  742.631483]  ? perf_event_release_kernel+0x5/0x360
[  742.631900]  ? perf_event_release_kernel+0x360/0x360
[  742.632328]  perf_release+0x1e/0x30
[  742.632637]  __fput+0x111/0x440
[  742.632938]  ____fput+0x1a/0x20
[  742.633218]  task_work_run+0x88/0xd0
[  742.633537]  exit_to_user_mode_prepare+0x1ac/0x1c0
[  742.633953]  syscall_exit_to_user_mode+0x1c/0x30
[  742.634362]  do_syscall_64+0x46/0x80
[  742.634678]  entry_SYSCALL_64_after_hwframe+0x44/0xae
[  742.635117] RIP: 0033:0x7fb16612659d
[  742.635448] RSP: 002b:00007ffc9eced018 EFLAGS: 00000246 ORIG_RAX: 000000000000012a
[  742.636092] RAX: ffffffffffffffea RBX: 0000000000000000 RCX: 00007fb16612659d
[  742.636699] RDX: 0000000000000000 RSI: 0000000000000000 RDI: 00000000200001c0
[  742.637305] RBP: 00007ffc9eced020 R08: 0000000000000000 R09: 00007ffc9eced050
[  742.637908] R10: 00000000ffffffff R11: 0000000000000246 R12: 0000000000401180
[  742.638516] R13: 00007ffc9eced140 R14: 0000000000000000 R15: 0000000000000000
[  890.055540] INFO: task rcu_tasks_kthre:9 blocked for more than 737 seconds.
[  890.056611]       Not tainted 5.15.0-9a7e0a90a454+ #1
[  890.057397] "echo 0 > /proc/sys/kernel/hung_task_timeout_secs" disables this message.
[  890.058550] task:rcu_tasks_kthre state:D stack:    0 pid:    9 ppid:     2 flags:0x00004000
[  890.059870] Call Trace:
[  890.060281]  __schedule+0x405/0x960
[  890.060834]  ? _raw_spin_unlock_irqrestore+0x29/0x3d
[  890.061407]  schedule+0x48/0xd0
[  890.061660]  schedule_timeout+0x33e/0x420
[  890.061971]  ? __sanitizer_cov_trace_pc+0x21/0x50
[  890.062334]  ? queue_delayed_work_on+0x81/0xc0
[  890.062684]  wait_for_completion+0x9c/0x100
[  890.063010]  __synchronize_srcu.part.23+0x83/0xb0
[  890.063376]  ? __bpf_trace_rcu_stall_warning+0x10/0x10
[  890.063799]  synchronize_srcu+0xd2/0x100
[  890.064103]  rcu_tasks_postscan+0x15/0x20
[  890.064415]  rcu_tasks_wait_gp+0xfa/0x200
[  890.064731]  ? rcu_tasks_kthread+0x113/0x1c0
[  890.065067]  rcu_tasks_kthread+0xf9/0x1c0
[  890.065380]  ? wait_woken+0x70/0x70
[  890.065656]  ? rcu_tasks_postscan+0x20/0x20
[  890.065988]  kthread+0x1d4/0x210
[  890.066250]  ? set_kthread_struct+0x80/0x80
[  890.066585]  ret_from_fork+0x1f/0x30
[  890.066915] INFO: task repro:557 blocked for more than 737 seconds.
[  890.067416]       Not tainted 5.15.0-9a7e0a90a454+ #1
[  890.067805] "echo 0 > /proc/sys/kernel/hung_task_timeout_secs" disables this message.
[  890.068405] task:repro           state:D stack:    0 pid:  557 ppid:   556 flags:0x00004004
[  890.069063] Call Trace:
[  890.069260]  __schedule+0x405/0x960
[  890.069550]  ? default_wake_function+0x1a/0x20
[  890.069908]  schedule+0x48/0xd0
[  890.070161]  schedule_timeout+0x33e/0x420
[  890.070475]  ? _raw_spin_unlock_irqrestore+0x29/0x3d
[  890.070864]  ? __wake_up_common_lock+0x8c/0xc0
[  890.071216]  wait_for_completion+0x9c/0x100
[  890.071567]  __wait_rcu_gp+0x11d/0x140
[  890.071873]  rcu_barrier_tasks+0x3b/0x60
[  890.072187]  ? call_rcu_tasks_generic+0x80/0x80
[  890.072551]  ? __bpf_trace_rcu_stall_warning+0x10/0x10
[  890.072965]  synchronize_rcu_tasks+0xe/0x10
[  890.073307]  ftrace_shutdown+0x30d/0x3f0
[  890.073638]  unregister_ftrace_function+0x23/0x50
[  890.074015]  perf_ftrace_event_register+0x89/0xf0
[  890.074391]  ? perf_tp_event_init+0xa0/0xa0
[  890.074736]  perf_trace_destroy+0x32/0x50
[  890.075066]  tp_perf_event_destroy+0x1a/0x20
[  890.075423]  _free_event+0xff/0x690
[  890.075708]  put_event+0x3c/0x50
[  890.075972]  perf_event_release_kernel+0x2ee/0x360
[  890.076363]  ? perf_event_release_kernel+0x5/0x360
[  890.076757]  ? perf_event_release_kernel+0x360/0x360
[  890.077166]  perf_release+0x1e/0x30
[  890.077452]  __fput+0x111/0x440
[  890.077716]  ____fput+0x1a/0x20
[  890.077985]  task_work_run+0x88/0xd0
[  890.078286]  exit_to_user_mode_prepare+0x1ac/0x1c0
[  890.078675]  syscall_exit_to_user_mode+0x1c/0x30
[  890.079039]  do_syscall_64+0x46/0x80
[  890.079341]  entry_SYSCALL_64_after_hwframe+0x44/0xae
[  890.079771] RIP: 0033:0x7fb16612659d
[  890.080066] RSP: 002b:00007ffc9eced018 EFLAGS: 00000246 ORIG_RAX: 000000000000012a
[  890.080655] RAX: ffffffffffffffea RBX: 0000000000000000 RCX: 00007fb16612659d
[  890.081235] RDX: 0000000000000000 RSI: 0000000000000000 RDI: 00000000200001c0
[  890.081787] RBP: 00007ffc9eced020 R08: 0000000000000000 R09: 00007ffc9eced050
[  890.082352] R10: 00000000ffffffff R11: 0000000000000246 R12: 0000000000401180
[  890.082915] R13: 00007ffc9eced140 R14: 0000000000000000 R15: 0000000000000000
