c[?7l[2J[0mSeaBIOS (version rel-1.14.0-0-g155821a1990b-prebuilt.qemu.org)


iPXE (http://ipxe.org) 00:03.0 CA00 PCI2.10 PnP PMM+7FF8F030+7FEEF030 CA00
Press Ctrl-B to configure iPXE (PCI 00:03.0)...                                                                               


Booting from ROM..c[?7l[2J[    0.000000] Linux version 5.11.0-f40ddce88593 (root@p-rplp01) (gcc (GCC) 8.5.0 20210514 (Red Hat 8.5.0-15), GNU ld version 2.36.1-2.el8) #1 SMP Fri Oct 28 13:52:10 CST 2022
[    0.000000] Command line: console=ttyS0 root=/dev/sda earlyprintk=serial net.ifnames=0
[    0.000000] KERNEL supported cpus:
[    0.000000]   Intel GenuineIntel
[    0.000000]   AMD AuthenticAMD
[    0.000000]   Hygon HygonGenuine
[    0.000000]   Centaur CentaurHauls
[    0.000000]   zhaoxin   Shanghai  
[    0.000000] x86/fpu: Supporting XSAVE feature 0x001: 'x87 floating point registers'
[    0.000000] x86/fpu: Supporting XSAVE feature 0x002: 'SSE registers'
[    0.000000] x86/fpu: Supporting XSAVE feature 0x004: 'AVX registers'
[    0.000000] x86/fpu: Supporting XSAVE feature 0x200: 'Protection Keys User registers'
[    0.000000] x86/fpu: xstate_offset[2]:  576, xstate_sizes[2]:  256
[    0.000000] x86/fpu: xstate_offset[9]:  832, xstate_sizes[9]:    8
[    0.000000] x86/fpu: Enabled xstate features 0x207, context size is 840 bytes, using 'compacted' format.
[    0.000000] BIOS-provided physical RAM map:
[    0.000000] BIOS-e820: [mem 0x0000000000000000-0x000000000009fbff] usable
[    0.000000] BIOS-e820: [mem 0x000000000009fc00-0x000000000009ffff] reserved
[    0.000000] BIOS-e820: [mem 0x00000000000f0000-0x00000000000fffff] reserved
[    0.000000] BIOS-e820: [mem 0x0000000000100000-0x000000007ffdffff] usable
[    0.000000] BIOS-e820: [mem 0x000000007ffe0000-0x000000007fffffff] reserved
[    0.000000] BIOS-e820: [mem 0x00000000feffc000-0x00000000feffffff] reserved
[    0.000000] BIOS-e820: [mem 0x00000000fffc0000-0x00000000ffffffff] reserved
[    0.000000] printk: bootconsole [earlyser0] enabled
[    0.000000] NX (Execute Disable) protection: active
[    0.000000] SMBIOS 2.8 present.
[    0.000000] DMI: QEMU Standard PC (i440FX + PIIX, 1996), BIOS rel-1.14.0-0-g155821a1990b-prebuilt.qemu.org 04/01/2014
[    0.000000] Hypervisor detected: KVM
[    0.000000] kvm-clock: Using msrs 4b564d01 and 4b564d00
[    0.000000] kvm-clock: cpu 0, msr 4601001, primary cpu clock
[    0.000000] kvm-clock: using sched offset of 218876014 cycles
[    0.000310] clocksource: kvm-clock: mask: 0xffffffffffffffff max_cycles: 0x1cd42e4dffb, max_idle_ns: 881590591483 ns
[    0.001197] tsc: Detected 1881.600 MHz processor
[    0.005848] last_pfn = 0x7ffe0 max_arch_pfn = 0x400000000
[    0.006266] x86/PAT: Configuration [0-7]: WB  WC  UC- UC  WB  WP  UC- WT  
[    0.010264] found SMP MP-table at [mem 0x000f5a90-0x000f5a9f]
[    0.011250] check: Scanning 1 areas for low memory corruption
[    0.011591] Using GB pages for direct mapping
[    0.012448] ACPI: Early table checksum verification disabled
[    0.012762] ACPI: RSDP 0x00000000000F5870 000014 (v00 BOCHS )
[    0.013087] ACPI: RSDT 0x000000007FFE1959 000034 (v01 BOCHS  BXPC     00000001 BXPC 00000001)
[    0.013567] ACPI: FACP 0x000000007FFE1805 000074 (v01 BOCHS  BXPC     00000001 BXPC 00000001)
[    0.014046] ACPI: DSDT 0x000000007FFE0040 0017C5 (v01 BOCHS  BXPC     00000001 BXPC 00000001)
[    0.014523] ACPI: FACS 0x000000007FFE0000 000040
[    0.014786] ACPI: APIC 0x000000007FFE1879 000080 (v01 BOCHS  BXPC     00000001 BXPC 00000001)
[    0.015262] ACPI: HPET 0x000000007FFE18F9 000038 (v01 BOCHS  BXPC     00000001 BXPC 00000001)
[    0.015738] ACPI: WAET 0x000000007FFE1931 000028 (v01 BOCHS  BXPC     00000001 BXPC 00000001)
[    0.016642] No NUMA configuration found
[    0.016853] Faking a node at [mem 0x0000000000000000-0x000000007ffdffff]
[    0.017262] NODE_DATA(0) allocated [mem 0x7ffb5000-0x7ffdffff]
[    0.019920] Zone ranges:
[    0.020068]   DMA      [mem 0x0000000000001000-0x0000000000ffffff]
[    0.020419]   DMA32    [mem 0x0000000001000000-0x000000007ffdffff]
[    0.020759]   Normal   empty
[    0.020919]   Device   empty
[    0.021079] Movable zone start for each node
[    0.021313] Early memory node ranges
[    0.021508]   node   0: [mem 0x0000000000001000-0x000000000009efff]
[    0.021858]   node   0: [mem 0x0000000000100000-0x000000007ffdffff]
[    0.022744] Zeroed struct page in unavailable ranges: 130 pages
[    0.022750] Initmem setup node 0 [mem 0x0000000000001000-0x000000007ffdffff]
[    0.027681] ACPI: PM-Timer IO Port: 0x608
[    0.027942] ACPI: LAPIC_NMI (acpi_id[0xff] dfl dfl lint[0x1])
[    0.028286] IOAPIC[0]: apic_id 0, version 17, address 0xfec00000, GSI 0-23
[    0.028669] ACPI: INT_SRC_OVR (bus 0 bus_irq 0 global_irq 2 dfl dfl)
[    0.029021] ACPI: INT_SRC_OVR (bus 0 bus_irq 5 global_irq 5 high level)
[    0.029386] ACPI: INT_SRC_OVR (bus 0 bus_irq 9 global_irq 9 high level)
[    0.029751] ACPI: INT_SRC_OVR (bus 0 bus_irq 10 global_irq 10 high level)
[    0.030125] ACPI: INT_SRC_OVR (bus 0 bus_irq 11 global_irq 11 high level)
[    0.030521] Using ACPI (MADT) for SMP configuration information
[    0.030863] ACPI: HPET id: 0x8086a201 base: 0xfed00000
[    0.031153] TSC deadline timer available
[    0.031369] smpboot: Allowing 2 CPUs, 0 hotplug CPUs
[    0.031653] kvm-guest: KVM setup pv remote TLB flush
[    0.031930] kvm-guest: setup PV sched yield
[    0.032181] PM: hibernation: Registered nosave memory: [mem 0x00000000-0x00000fff]
[    0.032598] PM: hibernation: Registered nosave memory: [mem 0x0009f000-0x0009ffff]
[    0.033012] PM: hibernation: Registered nosave memory: [mem 0x000a0000-0x000effff]
[    0.033425] PM: hibernation: Registered nosave memory: [mem 0x000f0000-0x000fffff]
[    0.033839] [mem 0x80000000-0xfeffbfff] available for PCI devices
[    0.034174] Booting paravirtualized kernel on KVM
[    0.034433] clocksource: refined-jiffies: mask: 0xffffffff max_cycles: 0xffffffff, max_idle_ns: 7645519600211568 ns
[    0.035028] setup_percpu: NR_CPUS:8192 nr_cpumask_bits:2 nr_cpu_ids:2 nr_node_ids:1
[    0.035736] percpu: Embedded 56 pages/cpu s192512 r8192 d28672 u1048576
[    0.036219] kvm-guest: KVM setup async PF for cpu 0
[    0.036490] kvm-guest: stealtime: cpu 0, msr 7dc2e080
[    0.036774] kvm-guest: PV spinlocks enabled
[    0.037012] PV qspinlock hash table entries: 256 (order: 0, 4096 bytes, linear)
[    0.037426] Built 1 zonelists, mobility grouping on.  Total pages: 515945
[    0.037805] Policy zone: DMA32
[    0.037976] Kernel command line: net.ifnames=0 console=ttyS0 root=/dev/sda earlyprintk=serial net.ifnames=0
[    0.038953] Dentry cache hash table entries: 262144 (order: 9, 2097152 bytes, linear)
[    0.039483] Inode-cache hash table entries: 131072 (order: 8, 1048576 bytes, linear)
[    0.039975] mem auto-init: stack:off, heap alloc:off, heap free:off
[    0.042981] Memory: 2002388K/2096632K available (28688K kernel code, 4244K rwdata, 7188K rodata, 3048K init, 10960K bss, 93988K reserved, 0K cma-reserved)
[    0.043764] random: get_random_u64 called from __kmem_cache_create+0x33/0x440 with crng_init=0
[    0.043999] SLUB: HWalign=64, Order=0-3, MinObjects=0, CPUs=2, Nodes=1
[    0.044822] kmemleak: Kernel memory leak detector disabled
[    0.045129] ftrace: allocating 61964 entries in 243 pages
[    0.103496] ftrace: allocated 243 pages with 6 groups
[    0.103904] rcu: Hierarchical RCU implementation.
[    0.104188] rcu: 	RCU restricting CPUs from NR_CPUS=8192 to nr_cpu_ids=2.
[    0.104598] 	Trampoline variant of Tasks RCU enabled.
[    0.104902] 	Rude variant of Tasks RCU enabled.
[    0.105176] 	Tracing variant of Tasks RCU enabled.
[    0.105464] rcu: RCU calculated value of scheduler-enlistment delay is 25 jiffies.
[    0.105919] rcu: Adjusting geometry for rcu_fanout_leaf=16, nr_cpu_ids=2
[    0.117149] NR_IRQS: 524544, nr_irqs: 440, preallocated irqs: 16
[    0.122944] Console: colour VGA+ 80x25
[    0.123179] printk: console [ttyS0] enabled
[    0.123179] printk: console [ttyS0] enabled
[    0.123640] printk: bootconsole [earlyser0] disabled
[    0.123640] printk: bootconsole [earlyser0] disabled
[    0.124200] ACPI: Core revision 20201113
[    0.124529] clocksource: hpet: mask: 0xffffffff max_cycles: 0xffffffff, max_idle_ns: 19112604467 ns
[    0.125096] APIC: Switch to symmetric I/O mode setup
[    0.125626] x2apic enabled
[    0.125911] Switched APIC routing to physical x2apic.
[    0.126197] kvm-guest: setup PV IPIs
[    0.126959] ..TIMER: vector=0x30 apic1=0 pin1=2 apic2=-1 pin2=-1
[    0.127314] clocksource: tsc-early: mask: 0xffffffffffffffff max_cycles: 0x363e8c91135, max_idle_ns: 881590568389 ns
[    0.127900] Calibrating delay loop (skipped) preset value.. 3763.20 BogoMIPS (lpj=7526400)
[    0.128360] pid_max: default: 32768 minimum: 301
[    0.128652] LSM: Security Framework initializing
[    0.128919] Yama: becoming mindful.
[    0.131938] Mount-cache hash table entries: 4096 (order: 3, 32768 bytes, linear)
[    0.132356] Mountpoint-cache hash table entries: 4096 (order: 3, 32768 bytes, linear)
[    0.133199] x86/cpu: User Mode Instruction Prevention (UMIP) activated
[    0.133720] Last level iTLB entries: 4KB 0, 2MB 0, 4MB 0
[    0.134024] Last level dTLB entries: 4KB 0, 2MB 0, 4MB 0, 1GB 0
[    0.134358] Spectre V1 : Mitigation: usercopy/swapgs barriers and __user pointer sanitization
[    0.134830] Spectre V2 : Mitigation: Enhanced IBRS
[    0.135087] Spectre V2 : Spectre v2 / SpectreRSB mitigation: Filling RSB on context switch
[    0.135521] Spectre V2 : mitigation: Enabling conditional Indirect Branch Prediction Barrier
[    0.135900] Speculative Store Bypass: Mitigation: Speculative Store Bypass disabled via prctl and seccomp
[    0.136642] Freeing SMP alternatives memory: 52K
[    0.138465] smpboot: CPU0: Genuine Intel(R) 0000 (family: 0x6, model: 0xba, stepping: 0x2)
[    0.139022] Performance Events: generic architected perfmon, full-width counters, Intel PMU driver.
[    0.139513] ... version:                2
[    0.139747] ... bit width:              48
[    0.139897] ... generic registers:      6
[    0.139897] ... value mask:             0000ffffffffffff
[    0.139897] ... max period:             00007fffffffffff
[    0.139897] ... fixed-purpose events:   3
[    0.139897] ... event mask:             000000070000003f
[    0.139897] rcu: Hierarchical SRCU implementation.
[    0.140332] smp: Bringing up secondary CPUs ...
[    0.140664] x86: Booting SMP configuration:
[    0.140889] .... node  #0, CPUs:      #1
[    0.010259] kvm-clock: cpu 1, msr 4601041, secondary cpu clock
[    0.010259] smpboot: CPU 1 Converting physical 0 to logical die 1
[    0.143920] kvm-guest: KVM setup async PF for cpu 1
[    0.144237] kvm-guest: stealtime: cpu 1, msr 7dd2e080
[    0.144550] smp: Brought up 1 node, 2 CPUs
[    0.144550] smpboot: Max logical packages: 2
[    0.144550] smpboot: Total of 2 processors activated (7526.40 BogoMIPS)
[    0.145155] devtmpfs: initialized
[    0.145155] x86/mm: Memory block size: 128MB
[    0.145155] clocksource: jiffies: mask: 0xffffffff max_cycles: 0xffffffff, max_idle_ns: 7645041785100000 ns
[    0.147902] futex hash table entries: 512 (order: 3, 32768 bytes, linear)
[    0.148364] pinctrl core: initialized pinctrl subsystem
[    0.148765] 
[    0.148851] *************************************************************
[    0.149208] **     NOTICE NOTICE NOTICE NOTICE NOTICE NOTICE NOTICE    **
[    0.149571] **                                                         **
[    0.149928] **  IOMMU DebugFS SUPPORT HAS BEEN ENABLED IN THIS KERNEL  **
[    0.150286] **                                                         **
[    0.150643] ** This means that this kernel is built to expose internal **
[    0.151001] ** IOMMU data structures, which may compromise security on **
[    0.151359] ** your system.                                            **
[    0.151719] **                                                         **
[    0.151901] ** If you see this message and you are not debugging the   **
[    0.152292] ** kernel, report this immediately to your vendor!         **
[    0.152652] **                                                         **
[    0.153009] **     NOTICE NOTICE NOTICE NOTICE NOTICE NOTICE NOTICE    **
[    0.153367] *************************************************************
[    0.153759] PM: RTC time: 03:02:01, date: 2022-11-15
[    0.154768] NET: Registered protocol family 16
[    0.155246] DMA: preallocated 256 KiB GFP_KERNEL pool for atomic allocations
[    0.155626] DMA: preallocated 256 KiB GFP_KERNEL|GFP_DMA pool for atomic allocations
[    0.155902] DMA: preallocated 256 KiB GFP_KERNEL|GFP_DMA32 pool for atomic allocations
[    0.156350] audit: initializing netlink subsys (disabled)
[    0.156653] audit: type=2000 audit(1668481322.137:1): state=initialized audit_enabled=0 res=1
[    0.156653] thermal_sys: Registered thermal governor 'fair_share'
[    0.156653] thermal_sys: Registered thermal governor 'bang_bang'
[    0.156762] thermal_sys: Registered thermal governor 'step_wise'
[    0.157082] thermal_sys: Registered thermal governor 'user_space'
[    0.157413] cpuidle: using governor ladder
[    0.157957] cpuidle: using governor menu
[    0.158424] ACPI: bus type PCI registered
[    0.158668] acpiphp: ACPI Hot Plug PCI Controller Driver version: 0.5
[    0.160029] PCI: Using configuration type 1 for base access
[    0.165283] HugeTLB registered 1.00 GiB page size, pre-allocated 0 pages
[    0.165283] HugeTLB registered 2.00 MiB page size, pre-allocated 0 pages
[    0.168019] ACPI: Added _OSI(Module Device)
[    0.168276] ACPI: Added _OSI(Processor Device)
[    0.168543] ACPI: Added _OSI(3.0 _SCP Extensions)
[    0.168825] ACPI: Added _OSI(Processor Aggregator Device)
[    0.169151] ACPI: Added _OSI(Linux-Dell-Video)
[    0.169419] ACPI: Added _OSI(Linux-Lenovo-NV-HDMI-Audio)
[    0.169736] ACPI: Added _OSI(Linux-HPI-Hybrid-Graphics)
[    0.173375] ACPI: 1 ACPI AML tables successfully acquired and loaded
[    0.175606] ACPI: Interpreter enabled
[    0.175893] ACPI: (supports S0 S3 S4 S5)
[    0.175900] ACPI: Using IOAPIC for interrupt routing
[    0.176182] PCI: Using host bridge windows from ACPI; if necessary, use "pci=nocrs" and report a bug
[    0.177018] ACPI: Enabled 2 GPEs in block 00 to 0F
[    0.185119] ACPI: PCI Root Bridge [PCI0] (domain 0000 [bus 00-ff])
[    0.185467] acpi PNP0A03:00: _OSC: OS supports [ASPM ClockPM Segments MSI EDR HPX-Type3]
[    0.185927] acpi PNP0A03:00: fail to add MMCONFIG information, can't access extended PCI configuration space under this bridge.
[    0.187439] acpiphp: Slot [3] registered
[    0.187698] acpiphp: Slot [4] registered
[    0.187934] acpiphp: Slot [5] registered
[    0.188179] acpiphp: Slot [6] registered
[    0.188425] acpiphp: Slot [7] registered
[    0.188670] acpiphp: Slot [8] registered
[    0.188916] acpiphp: Slot [9] registered
[    0.189162] acpiphp: Slot [10] registered
[    0.189413] acpiphp: Slot [11] registered
[    0.189666] acpiphp: Slot [12] registered
[    0.189916] acpiphp: Slot [13] registered
[    0.190167] acpiphp: Slot [14] registered
[    0.190419] acpiphp: Slot [15] registered
[    0.190669] acpiphp: Slot [16] registered
[    0.190922] acpiphp: Slot [17] registered
[    0.191173] acpiphp: Slot [18] registered
[    0.191423] acpiphp: Slot [19] registered
[    0.191686] acpiphp: Slot [20] registered
[    0.191936] acpiphp: Slot [21] registered
[    0.192214] acpiphp: Slot [22] registered
[    0.192495] acpiphp: Slot [23] registered
[    0.192776] acpiphp: Slot [24] registered
[    0.193057] acpiphp: Slot [25] registered
[    0.193335] acpiphp: Slot [26] registered
[    0.193614] acpiphp: Slot [27] registered
[    0.193893] acpiphp: Slot [28] registered
[    0.194171] acpiphp: Slot [29] registered
[    0.194453] acpiphp: Slot [30] registered
[    0.194733] acpiphp: Slot [31] registered
[    0.194986] PCI host bridge to bus 0000:00
[    0.195233] pci_bus 0000:00: root bus resource [io  0x0000-0x0cf7 window]
[    0.195650] pci_bus 0000:00: root bus resource [io  0x0d00-0xffff window]
[    0.195900] pci_bus 0000:00: root bus resource [mem 0x000a0000-0x000bffff window]
[    0.196300] pci_bus 0000:00: root bus resource [mem 0x80000000-0xfebfffff window]
[    0.196700] pci_bus 0000:00: root bus resource [mem 0x100000000-0x17fffffff window]
[    0.197110] pci_bus 0000:00: root bus resource [bus 00-ff]
[    0.197435] pci 0000:00:00.0: [8086:1237] type 00 class 0x060000
[    0.198749] pci 0000:00:01.0: [8086:7000] type 00 class 0x060100
[    0.199613] pci 0000:00:01.1: [8086:7010] type 00 class 0x010180
[    0.200905] pci 0000:00:01.1: reg 0x20: [io  0xc040-0xc04f]
[    0.201644] pci 0000:00:01.1: legacy IDE quirk: reg 0x10: [io  0x01f0-0x01f7]
[    0.202029] pci 0000:00:01.1: legacy IDE quirk: reg 0x14: [io  0x03f6]
[    0.202379] pci 0000:00:01.1: legacy IDE quirk: reg 0x18: [io  0x0170-0x0177]
[    0.202760] pci 0000:00:01.1: legacy IDE quirk: reg 0x1c: [io  0x0376]
[    0.203420] pci 0000:00:01.3: [8086:7113] type 00 class 0x068000
[    0.203965] pci 0000:00:01.3: quirk: [io  0x0600-0x063f] claimed by PIIX4 ACPI
[    0.204617] pci 0000:00:01.3: quirk: [io  0x0700-0x070f] claimed by PIIX4 SMB
[    0.205476] pci 0000:00:02.0: [1234:1111] type 00 class 0x030000
[    0.207195] pci 0000:00:02.0: reg 0x10: [mem 0xfd000000-0xfdffffff pref]
[    0.208734] pci 0000:00:02.0: reg 0x18: [mem 0xfebf0000-0xfebf0fff]
[    0.211303] pci 0000:00:02.0: reg 0x30: [mem 0xfebe0000-0xfebeffff pref]
[    0.212685] pci 0000:00:03.0: [8086:100e] type 00 class 0x020000
[    0.213616] pci 0000:00:03.0: reg 0x10: [mem 0xfebc0000-0xfebdffff]
[    0.214614] pci 0000:00:03.0: reg 0x14: [io  0xc000-0xc03f]
[    0.216336] pci 0000:00:03.0: reg 0x30: [mem 0xfeb80000-0xfebbffff pref]
[    0.222968] ACPI: PCI Interrupt Link [LNKA] (IRQs 5 *10 11)
[    0.223540] ACPI: PCI Interrupt Link [LNKB] (IRQs 5 *10 11)
[    0.224101] ACPI: PCI Interrupt Link [LNKC] (IRQs 5 10 *11)
[    0.224826] ACPI: PCI Interrupt Link [LNKD] (IRQs 5 10 *11)
[    0.225275] ACPI: PCI Interrupt Link [LNKS] (IRQs *9)
[    0.226065] iommu: Default domain type: Translated 
[    0.226065] pci 0000:00:02.0: vgaarb: setting as boot VGA device
[    0.226065] pci 0000:00:02.0: vgaarb: VGA device added: decodes=io+mem,owns=io+mem,locks=none
[    0.226065] pci 0000:00:02.0: vgaarb: bridge control possible
[    0.226065] vgaarb: loaded
[    0.228198] SCSI subsystem initialized
[    0.228422] ACPI: bus type USB registered
[    0.228422] usbcore: registered new interface driver usbfs
[    0.228503] usbcore: registered new interface driver hub
[    0.228798] usbcore: registered new device driver usb
[    0.229105] pps_core: LinuxPPS API ver. 1 registered
[    0.229373] pps_core: Software ver. 5.3.6 - Copyright 2005-2007 Rodolfo Giometti <giometti@linux.it>
[    0.229862] PTP clock support registered
[    0.230112] EDAC MC: Ver: 3.0.0
[    0.230112] NetLabel: Initializing
[    0.230112] NetLabel:  domain hash size = 128
[    0.231911] NetLabel:  protocols = UNLABELED CIPSOv4 CALIPSO
[    0.232235] NetLabel:  unlabeled traffic allowed by default
[    0.232554] PCI: Using ACPI for IRQ routing
[    0.232554] hpet0: at MMIO 0xfed00000, IRQs 2, 8, 0
[    0.232554] hpet0: 3 comparators, 64-bit 100.000000 MHz counter
[    0.237061] clocksource: Switched to clocksource kvm-clock
[    0.400131] VFS: Disk quotas dquot_6.6.0
[    0.400414] VFS: Dquot-cache hash table entries: 512 (order 0, 4096 bytes)
[    0.400870] pnp: PnP ACPI init
[    0.402003] pnp: PnP ACPI: found 6 devices
[    0.408659] clocksource: acpi_pm: mask: 0xffffff max_cycles: 0xffffff, max_idle_ns: 2085701024 ns
[    0.409318] NET: Registered protocol family 2
[    1.988069] tcp_listen_portaddr_hash hash table entries: 1024 (order: 2, 16384 bytes, linear)
[    1.988547] TCP established hash table entries: 16384 (order: 5, 131072 bytes, linear)
[    1.989025] TCP bind hash table entries: 16384 (order: 6, 262144 bytes, linear)
[    1.989488] TCP: Hash tables configured (established 16384 bind 16384)
[    1.989879] UDP hash table entries: 1024 (order: 3, 32768 bytes, linear)
[    1.990245] UDP-Lite hash table entries: 1024 (order: 3, 32768 bytes, linear)
[    1.990669] NET: Registered protocol family 1
[    1.991029] RPC: Registered named UNIX socket transport module.
[    1.991345] RPC: Registered udp transport module.
[    1.991596] RPC: Registered tcp transport module.
[    1.991846] RPC: Registered tcp NFSv4.1 backchannel transport module.
[    1.992206] pci_bus 0000:00: resource 4 [io  0x0000-0x0cf7 window]
[    1.992539] pci_bus 0000:00: resource 5 [io  0x0d00-0xffff window]
[    1.992871] pci_bus 0000:00: resource 6 [mem 0x000a0000-0x000bffff window]
[    1.993239] pci_bus 0000:00: resource 7 [mem 0x80000000-0xfebfffff window]
[    1.993618] pci_bus 0000:00: resource 8 [mem 0x100000000-0x17fffffff window]
[    1.994119] pci 0000:00:01.0: PIIX3: Enabling Passive Release
[    1.994433] pci 0000:00:00.0: Limiting direct PCI/PCI transfers
[    1.994761] pci 0000:00:01.0: Activating ISA DMA hang workarounds
[    1.995137] pci 0000:00:02.0: Video device with shadowed ROM at [mem 0x000c0000-0x000dffff]
[    1.995595] PCI: CLS 0 bytes, default 64
[    1.995991] clocksource: tsc: mask: 0xffffffffffffffff max_cycles: 0x363e8c91135, max_idle_ns: 881590568389 ns
[    1.996830] check: Scanning for low memory corruption every 60 seconds
[    1.998640] Initialise system trusted keyrings
[    1.998920] Key type blacklist registered
[    1.999169] workingset: timestamp_bits=36 max_order=19 bucket_order=0
[    2.002195] zbud: loaded
[    2.003058] squashfs: version 4.0 (2009/01/31) Phillip Lougher
[    2.003722] NFS: Registering the id_resolver key type
[    2.004007] Key type id_resolver registered
[    2.004257] Key type id_legacy registered
[    2.004532] nfs4filelayout_init: NFSv4 File Layout Driver Registering...
[    2.004963] fuse: init (API version 7.33)
[    2.005302] SGI XFS with ACLs, security attributes, realtime, quota, no debug enabled
[    2.006269] 9p: Installing v9fs 9p2000 file system support
[    2.012597] Key type asymmetric registered
[    2.012844] Asymmetric key parser 'x509' registered
[    2.013143] Block layer SCSI generic (bsg) driver version 0.4 loaded (major 244)
[    2.013605] io scheduler mq-deadline registered
[    2.013909] io scheduler bfq registered
[    2.014276] shpchp: Standard Hot Plug PCI Controller Driver version: 0.4
[    2.014771] IPMI message handler: version 39.2
[    2.015043] ipmi device interface
[    2.015943] input: Power Button as /devices/LNXSYSTM:00/LNXPWRBN:00/input/input0
[    2.016427] ACPI: Power Button [PWRF]
[    2.017118] ERST DBG: ERST support is disabled.
[    2.017556] Serial: 8250/16550 driver, 32 ports, IRQ sharing enabled
[    2.018163] 00:04: ttyS0 at I/O 0x3f8 (irq = 4, base_baud = 115200) is a 16550A
[    2.021663] Linux agpgart interface v0.103
[    2.026705] brd: module loaded
[    2.030075] loop: module loaded
[    2.031582] scsi host0: ata_piix
[    2.031910] scsi host1: ata_piix
[    2.032162] ata1: PATA max MWDMA2 cmd 0x1f0 ctl 0x3f6 bmdma 0xc040 irq 14
[    2.032566] ata2: PATA max MWDMA2 cmd 0x170 ctl 0x376 bmdma 0xc048 irq 15
[    2.033250] libphy: Fixed MDIO Bus: probed
[    2.033652] tun: Universal TUN/TAP device driver, 1.6
[    2.034001] e100: Intel(R) PRO/100 Network Driver
[    2.034281] e100: Copyright(c) 1999-2006 Intel Corporation
[    2.034626] e1000: Intel(R) PRO/1000 Network Driver
[    2.034919] e1000: Copyright (c) 1999-2006 Intel Corporation.
[    2.099259] PCI Interrupt Link [LNKC] enabled at IRQ 11
[    2.192746] ata1.00: ATA-7: QEMU HARDDISK, 2.5+, max UDMA/100
[    2.193092] ata1.00: 16777216 sectors, multi 16: LBA48 
[    2.193561] ata2.00: ATAPI: QEMU DVD-ROM, 2.5+, max UDMA/100
[    2.194681] scsi 0:0:0:0: Direct-Access     ATA      QEMU HARDDISK    2.5+ PQ: 0 ANSI: 5
[    2.195421] sd 0:0:0:0: [sda] 16777216 512-byte logical blocks: (8.59 GB/8.00 GiB)
[    2.195883] sd 0:0:0:0: [sda] Write Protect is off
[    2.196198] sd 0:0:0:0: [sda] Write cache: enabled, read cache: enabled, doesn't support DPO or FUA
[    2.196775] sd 0:0:0:0: Attached scsi generic sg0 type 0
[    2.197819] scsi 1:0:0:0: CD-ROM            QEMU     QEMU DVD-ROM     2.5+ PQ: 0 ANSI: 5
[    2.199129] scsi 1:0:0:0: Attached scsi generic sg1 type 5
[    2.200533] sd 0:0:0:0: [sda] Attached SCSI disk
[    2.413980] e1000 0000:00:03.0 eth0: (PCI:33MHz:32-bit) 52:54:00:12:34:56
[    2.414351] e1000 0000:00:03.0 eth0: Intel(R) PRO/1000 Network Connection
[    2.414744] e1000e: Intel(R) PRO/1000 Network Driver
[    2.415008] e1000e: Copyright(c) 1999 - 2015 Intel Corporation.
[    2.415351] igb: Intel(R) Gigabit Ethernet Network Driver
[    2.415639] igb: Copyright (c) 2007-2014 Intel Corporation.
[    2.415983] PPP generic driver version 2.4.2
[    2.416625] VFIO - User Level meta-driver version: 0.3
[    2.416932] ehci_hcd: USB 2.0 'Enhanced' Host Controller (EHCI) Driver
[    2.417281] ehci-pci: EHCI PCI platform driver
[    2.417552] ehci-platform: EHCI generic platform driver
[    2.417856] ohci_hcd: USB 1.1 'Open' Host Controller (OHCI) Driver
[    2.418183] ohci-pci: OHCI PCI platform driver
[    2.418430] ohci-platform: OHCI generic platform driver
[    2.418715] uhci_hcd: USB Universal Host Controller Interface driver
[    2.419320] usbcore: registered new interface driver uas
[    2.419665] usbcore: registered new interface driver usb-storage
[    2.420074] i8042: PNP: PS/2 Controller [PNP0303:KBD,PNP0f13:MOU] at 0x60,0x64 irq 1,12
[    2.421138] serio: i8042 KBD port at 0x60,0x64 irq 1
[    2.421416] serio: i8042 AUX port at 0x60,0x64 irq 12
[    2.421887] mousedev: PS/2 mouse device common for all mice
[    2.422525] input: AT Translated Set 2 keyboard as /devices/platform/i8042/serio0/input/input1
[    2.423189] rtc_cmos 00:05: RTC can wake from S4
[    2.424061] input: VirtualPS/2 VMware VMMouse as /devices/platform/i8042/serio1/input/input4
[    2.424591] rtc_cmos 00:05: registered as rtc0
[    2.424938] rtc_cmos 00:05: setting system clock to 2022-11-15T03:02:03 UTC (1668481323)
[    2.425433] rtc_cmos 00:05: alarms up to one day, y3k, 242 bytes nvram, hpet irqs
[    2.425885] i2c /dev entries driver
[    2.426147] device-mapper: uevent: version 1.0.3
[    2.426566] device-mapper: ioctl: 4.43.0-ioctl (2020-10-01) initialised: dm-devel@redhat.com
[    2.427066] intel_pstate: CPU model not supported
[    2.427397] sdhci: Secure Digital Host Controller Interface driver
[    2.427764] sdhci: Copyright(c) Pierre Ossman
[    2.428078] sdhci-pltfm: SDHCI platform and OF driver helper
[    2.428553] ledtrig-cpu: registered to indicate activity on CPUs
[    2.428979] input: VirtualPS/2 VMware VMMouse as /devices/platform/i8042/serio1/input/input3
[    2.429544] drop_monitor: Initializing network drop monitor service
[    2.430261] NET: Registered protocol family 10
[    2.431153] Segment Routing with IPv6
[    2.431396] NET: Registered protocol family 17
[    2.431790] 9pnet: Installing 9P2000 support
[    2.432069] Key type dns_resolver registered
[    2.432692] IPI shorthand broadcast: enabled
[    2.432967] sched_clock: Marking stable (2426300553, 6259779)->(2453627398, -21067066)
[    2.433563] registered taskstats version 1
[    2.433823] Loading compiled-in X.509 certificates
[    2.434148] zswap: loaded using pool lzo/zbud
[    2.434553] Key type ._fscrypt registered
[    2.434793] Key type .fscrypt registered
[    2.435029] Key type fscrypt-provisioning registered
[    2.435543] Key type encrypted registered
[    2.435790] ima: No TPM chip found, activating TPM-bypass!
[    2.436126] ima: Allocated hash algorithm: sha1
[    2.436403] ima: No architecture policies found
[    2.436684] evm: Initialising EVM extended attributes:
[    2.436987] evm: security.selinux
[    2.437187] evm: security.SMACK64
[    2.437389] evm: security.SMACK64EXEC
[    2.437612] evm: security.SMACK64TRANSMUTE
[    2.437857] evm: security.SMACK64MMAP
[    2.438076] evm: security.apparmor
[    2.438282] evm: security.ima
[    2.438462] evm: security.capability
[    2.438677] evm: HMAC attrs: 0x1
[    2.440294] PM:   Magic number: 14:434:7
[    2.440724] RAS: Correctable Errors collector initialized.
[    2.441239] md: Waiting for all devices to be available before autodetect
[    2.441653] md: If you don't use raid, use raid=noautodetect
[    2.441987] md: Autodetecting RAID arrays.
[    2.442235] md: autorun ...
[    2.442405] md: ... autorun DONE.
[    2.446249] EXT4-fs (sda): INFO: recovery required on readonly filesystem
[    2.446665] EXT4-fs (sda): write access will be enabled during recovery
[    2.458900] EXT4-fs (sda): recovery complete
[    2.460424] EXT4-fs (sda): mounted filesystem with ordered data mode. Opts: (null). Quota mode: none.
[    2.460999] VFS: Mounted root (ext4 filesystem) readonly on device 8:0.
[    2.461609] devtmpfs: mounted
[    2.467920] Freeing unused decrypted memory: 2036K
[    2.469346] Freeing unused kernel image (initmem) memory: 3048K
[    2.476063] Write protecting the kernel read-only data: 38912k
[    2.478246] Freeing unused kernel image (text/rodata gap) memory: 2028K
[    2.479214] Freeing unused kernel image (rodata/data gap) memory: 1004K
[    2.552848] x86/mm: Checked W+X mappings: passed, no W+X pages found.
[    2.553215] Run /sbin/init as init process
[    2.593102] random: fast init done
[    2.609035] systemd[1]: RTC configured in localtime, applying delta of 0 minutes to system time.
[    2.619879] systemd[1]: systemd 239 (239-49.el8) running in system mode. (+PAM +AUDIT +SELINUX +IMA -APPARMOR +SMACK +SYSVINIT +UTMP +LIBCRYPTSETUP +GCRYPT +GNUTLS +ACL +XZ +LZ4 +SECCOMP +BLKID +ELFUTILS +KMOD +IDN2 -IDN +PCRE2 default-hierarchy=legacy)
[    2.621243] systemd[1]: Detected virtualization kvm.
[    2.621549] systemd[1]: Detected architecture x86-64.

Welcome to [0;31mCentOS Stream 8[0m!

[    2.632838] systemd[1]: Set hostname to <test>.
[    2.692674] random: lvmconfig: uninitialized urandom read (4 bytes read)
[    2.744720] random: systemd: uninitialized urandom read (16 bytes read)
[    2.745231] systemd[1]: Listening on udev Control Socket.
[[0;32m  OK  [0m] Listening on udev Control Socket.
[    2.745924] random: systemd: uninitialized urandom read (16 bytes read)
[    2.746322] systemd[1]: Reached target Swap.
[[0;32m  OK  [0m] Reached target Swap.
[    2.746860] systemd[1]: Started Forward Password Requests to Wall Directory Watch.
[[0;32m  OK  [0m] Started Forward Password Requests to Wall Directory Watch.
[    2.750363] systemd[1]: Listening on Process Core Dump Socket.
[[0;32m  OK  [0m] Listening on Process Core Dump Socket.
[    2.751201] systemd[1]: Set up automount Arbitrary Executable File Formats File System Automount Point.
[[0;32m  OK  [0m] Set up automount Arbitrary Executabâ€¦rmats File System Automount Point.
[    2.753526] systemd[1]: Created slice system-getty.slice.
[[0;32m  OK  [0m] Created slice system-getty.slice.
[[0;32m  OK  [0m] Listening on initctl Compatibility Named Pipe.
[[0;32m  OK  [0m] Created slice system-serial\x2dgetty.slice.
[[0;32m  OK  [0m] Created slice User and Session Slice.
[[0;32m  OK  [0m] Listening on Device-mapper event daemon FIFOs.
[[0;32m  OK  [0m] Reached target Slices.
[[0;32m  OK  [0m] Listening on LVM2 poll daemon socket.
[[0;32m  OK  [0m] Listening on Journal Socket.
         Mounting POSIX Message Queue File System...
         Mounting Kernel Debug File System...
         Starting Remount Root and Kernel File Systems...
[[0;32m  OK  [0m] Listening on Journal Socket (/dev/log).
[[0;32m  OK  [0m] Listening on udev Kernel Socket.
[[0;32m  OK  [0m] Listening on multipathd control socket.
         Starting Monitoring of LVM2 mirrorsâ€¦ng dmeventd or progress polling...
[[0;32m  OK  [0m] Listening on RPCbind Server Activation Socket.
         Mounting Huge Pages File System...
         Starting Setup Virtual Console...
[[0;32m  OK  [0m] Created slice system-sshd\x2dkeygen.slice.
         Starting Load Kernel Modules...
[[0;32m  OK  [0m] Reached target RPC Port Mapper.
         Starting udev Coldplug all Devices...
         Starting Journal Service...
[[0;32m  OK  [0m] Mounted POSIX Message Queue File System.
[[0;32m  OK  [0m] Mounted Kernel Debug File System.
[[0;32m  OK  [0m] Mounted Huge Pages File System.
[[0;1;31mFAILED[0m] Failed to start Load Kernel Modules.
See 'systemctl status systemd-modules-load.service' for details.
         Mounting Kernel Configuration File System...
         Starting Apply Kernel Variables...
         Mounting FUSE Control File System...
[[0;32m  OK  [0m] Mounted Kernel Configuration File System.
[[0;32m  OK  [0m] Mounted FUSE Control File System.
[    2.897306] EXT4-fs (sda): re-mounted. Opts: (null). Quota mode: none.
[[0;32m  OK  [0m] Started Apply Kernel Variables.
[[0;32m  OK  [0m] Started Remount Root and Kernel File Systems.
         Starting Create Static Device Nodes in /dev...
         Starting Load/Save Random Seed...
[[0;32m  OK  [0m] Started Load/Save Random Seed.
[[0;32m  OK  [0m] Started Journal Service.
         Starting Flush Journal to Persistent Storage...
[[0;32m  OK  [0m] Started Create Static Device Nodes in /dev.
         Starting udev Kernel Device Manager...
[[0;32m  OK  [0m] Started Flush Journal to Persistent Storage.
[[0;32m  OK  [0m] Started udev Coldplug all Devices.
[[0;32m  OK  [0m] Started udev Kernel Device Manager.
         Starting udev Wait for Complete Device Initialization...
[[0;32m  OK  [0m] Started Setup Virtual Console.
         Starting Show Plymouth Boot Screen...
[[0;32m  OK  [0m] Started Show Plymouth Boot Screen.
[[0;32m  OK  [0m] Reached target Paths.
[[0;32m  OK  [0m] Reached target Local Encrypted Volumes.
[[0;32m  OK  [0m] Started Forward Password Requests to Plymouth Directory Watch.
[[0;32m  OK  [0m] Found device /dev/ttyS0.
[[0;32m  OK  [0m] Listening on Load/Save RF Kill Switch Status /dev/rfkill Watch.
[[0;32m  OK  [0m] Started Monitoring of LVM2 mirrors,â€¦sing dmeventd or progress polling.
[[0;32m  OK  [0m] Started udev Wait for Complete Device Initialization.
[[0;32m  OK  [0m] Reached target Local File Systems (Pre).
[[0;32m  OK  [0m] Reached target Local File Systems.
         Starting Restore /run/initramfs on shutdown...
         Starting Create Volatile Files and Directories...
         Starting Tell Plymouth To Write Out Runtime Data...
[[0;32m  OK  [0m] Started Restore /run/initramfs on shutdown.
[[0;32m  OK  [0m] Started Tell Plymouth To Write Out Runtime Data.
[[0;32m  OK  [0m] Started Create Volatile Files and Directories.
         Starting RPC Bind...
         Starting Security Auditing Service...
         Mounting RPC Pipe File System...
[[0;32m  OK  [0m] Mounted RPC Pipe File System.
[[0;32m  OK  [0m] Reached target rpc_pipefs.target.
[[0;32m  OK  [0m] Started RPC Bind.
[[0;32m  OK  [0m] Started Security Auditing Service.
         Starting Update UTMP about System Boot/Shutdown...
[[0;32m  OK  [0m] Started Update UTMP about System Boot/Shutdown.
[[0;32m  OK  [0m] Reached target System Initialization.
[[0;32m  OK  [0m] Started daily update of the root trust anchor for DNSSEC.
[[0;32m  OK  [0m] Listening on SSSD Kerberos Cache Manager responder socket.
[[0;32m  OK  [0m] Started Daily Cleanup of Temporary Directories.
[[0;32m  OK  [0m] Started dnf makecache --timer.
[[0;32m  OK  [0m] Reached target Timers.
[[0;32m  OK  [0m] Listening on D-Bus System Message Bus Socket.
[[0;32m  OK  [0m] Reached target Sockets.
[[0;32m  OK  [0m] Reached target Basic System.
         Starting Self Monitoring and Reporting Technology (SMART) Daemon...
         Starting Login Service...
[[0;32m  OK  [0m] Started Machine Check Exception Logging Daemon.
         Starting Auto-connect to subsystemsâ€¦-NVME devices found during boot...
[[0;32m  OK  [0m] Started irqbalance daemon.
[[0;32m  OK  [0m] Started D-Bus System Message Bus.
         Starting Network Manager...
         Starting NTP client/server...
[[0;32m  OK  [0m] Reached target sshd-keygen.target.
         Starting Authorization Manager...
[[0;32m  OK  [0m] Started Auto-connect to subsystems â€¦FC-NVME devices found during boot.
[[0;32m  OK  [0m] Started Self Monitoring and Reporting Technology (SMART) Daemon.
[[0;32m  OK  [0m] Started Network Manager.
         Starting Network Manager Wait Online...
[[0;32m  OK  [0m] Reached target Network.
         Starting GSSAPI Proxy Daemon...
         Starting OpenSSH server daemon...
         Starting Dynamic System Tuning Daemon...
[[0;32m  OK  [0m] Started Login Service.
         Starting Hostname Service...
[[0;32m  OK  [0m] Started NTP client/server.
[[0;32m  OK  [0m] Started Authorization Manager.
[[0;32m  OK  [0m] Started Hostname Service.
         Starting Network Manager Script Dispatcher Service...
[[0;32m  OK  [0m] Started Network Manager Script Dispatcher Service.
[    3.707983] e1000: eth0 NIC Link is Up 1000 Mbps Full Duplex, Flow Control: RX
[    3.708731] IPv6: ADDRCONF(NETDEV_CHANGE): eth0: link becomes ready
[[0;32m  OK  [0m] Started Dynamic System Tuning Daemon.
[[0;32m  OK  [0m] Started Network Manager Wait Online.
[[0;32m  OK  [0m] Reached target Network is Online.
         Starting System Logging Service...
         Starting Notify NFS peers of a restart...
[[0;32m  OK  [0m] Started Notify NFS peers of a restart.
[[0;32m  OK  [0m] Started System Logging Service.
[    4.831915] random: crng init done
[    4.832146] random: 7 urandom warning(s) missed due to ratelimiting
[[0;32m  OK  [0m] Started OpenSSH server daemon.
[[0;32m  OK  [0m] Started GSSAPI Proxy Daemon.
[[0;32m  OK  [0m] Reached target NFS client services.
[[0;32m  OK  [0m] Reached target Remote File Systems (Pre).
[[0;32m  OK  [0m] Reached target Remote File Systems.
         Starting Permit User Sessions...
[[0;32m  OK  [0m] Started Permit User Sessions.
         Starting Hold until boot process finishes up...
         Starting Terminate Plymouth Boot Screen...
[[0;32m  OK  [0m] Started Command Scheduler.

CentOS Stream 8
Kernel 5.11.0-f40ddce88593 on an x86_64

test login: 