c[?7l[2J[0mSeaBIOS (version rel-1.16.0-0-gd239552ce722-prebuilt.qemu.org)


iPXE (http://ipxe.org) 00:03.0 CA00 PCI2.10 PnP PMM+7FF91000+7FEF1000 CA00
Press Ctrl-B to configure iPXE (PCI 00:03.0)...                                                                               


Booting from ROM..c[?7l[2J[    0.000000] Linux version 5.16.0-rc5-099eac91bcda+ (root@984fee00a1f6.jf.intel.com) (gcc (GCC) 8.5.0 20210514 (Red Hat 8.5.0-17), GNU ld version 2.36.1-3.el8) #1 SMP PREEMPT Mon Dec 12 23:51:54 PST 2022
[    0.000000] Command line: console=ttyS0 root=/dev/sda earlyprintk=serial net.ifnames=0
[    0.000000] KERNEL supported cpus:
[    0.000000]   Intel GenuineIntel
[    0.000000]   AMD AuthenticAMD
[    0.000000]   Hygon HygonGenuine
[    0.000000]   Centaur CentaurHauls
[    0.000000]   zhaoxin   Shanghai  
[    0.000000] x86/split lock detection: #DB: warning on user-space bus_locks
[    0.000000] x86/fpu: Supporting XSAVE feature 0x001: 'x87 floating point registers'
[    0.000000] x86/fpu: Supporting XSAVE feature 0x002: 'SSE registers'
[    0.000000] x86/fpu: Supporting XSAVE feature 0x004: 'AVX registers'
[    0.000000] x86/fpu: Supporting XSAVE feature 0x020: 'AVX-512 opmask'
[    0.000000] x86/fpu: Supporting XSAVE feature 0x040: 'AVX-512 Hi256'
[    0.000000] x86/fpu: Supporting XSAVE feature 0x080: 'AVX-512 ZMM_Hi256'
[    0.000000] x86/fpu: Supporting XSAVE feature 0x200: 'Protection Keys User registers'
[    0.000000] x86/fpu: Supporting XSAVE feature 0x20000: 'AMX Tile config'
[    0.000000] x86/fpu: Supporting XSAVE feature 0x40000: 'AMX Tile data'
[    0.000000] x86/fpu: xstate_offset[2]:  576, xstate_sizes[2]:  256
[    0.000000] x86/fpu: xstate_offset[5]:  832, xstate_sizes[5]:   64
[    0.000000] x86/fpu: xstate_offset[6]:  896, xstate_sizes[6]:  512
[    0.000000] x86/fpu: xstate_offset[7]: 1408, xstate_sizes[7]: 1024
[    0.000000] x86/fpu: xstate_offset[9]: 2432, xstate_sizes[9]:    8
[    0.000000] x86/fpu: xstate_offset[17]: 2496, xstate_sizes[17]:   64
[    0.000000] x86/fpu: xstate_offset[18]: 2560, xstate_sizes[18]: 8192
[    0.000000] x86/fpu: Enabled xstate features 0x602e7, context size is 10752 bytes, using 'compacted' format.
[    0.000000] signal: max sigframe size: 11952
[    0.000000] printk: bootconsole [earlyser0] enabled
[    0.000000] BIOS-provided physical RAM map:
[    0.000000] BIOS-e820: [mem 0x0000000000000000-0x000000000009fbff] usable
[    0.000000] BIOS-e820: [mem 0x000000000009fc00-0x000000000009ffff] reserved
[    0.000000] BIOS-e820: [mem 0x00000000000f0000-0x00000000000fffff] reserved
[    0.000000] BIOS-e820: [mem 0x0000000000100000-0x000000007ffdffff] usable
[    0.000000] BIOS-e820: [mem 0x000000007ffe0000-0x000000007fffffff] reserved
[    0.000000] BIOS-e820: [mem 0x00000000feffc000-0x00000000feffffff] reserved
[    0.000000] BIOS-e820: [mem 0x00000000fffc0000-0x00000000ffffffff] reserved
[    0.000000] NX (Execute Disable) protection: active
[    0.000000] SMBIOS 2.8 present.
[    0.000000] DMI: QEMU Standard PC (i440FX + PIIX, 1996), BIOS rel-1.16.0-0-gd239552ce722-prebuilt.qemu.org 04/01/2014
[    0.000000] Hypervisor detected: KVM
[    0.000000] kvm-clock: Using msrs 4b564d01 and 4b564d00
[    0.000000] kvm-clock: cpu 0, msr 5601001, primary cpu clock
[    0.000003] kvm-clock: using sched offset of 341711654 cycles
[    0.000495] clocksource: kvm-clock: mask: 0xffffffffffffffff max_cycles: 0x1cd42e4dffb, max_idle_ns: 881590591483 ns
[    0.001903] tsc: Detected 1700.000 MHz processor
[    0.008557] last_pfn = 0x7ffe0 max_arch_pfn = 0x10000000000
[    0.009083] x86/PAT: Configuration [0-7]: WB  WC  UC- UC  WB  WP  UC- WT  
[    0.014692] found SMP MP-table at [mem 0x000f5ba0-0x000f5baf]
[    0.015240] Using GB pages for direct mapping
[    0.016630] ACPI: Early table checksum verification disabled
[    0.017124] ACPI: RSDP 0x00000000000F59C0 000014 (v00 BOCHS )
[    0.017637] ACPI: RSDT 0x000000007FFE1951 000034 (v01 BOCHS  BXPC     00000001 BXPC 00000001)
[    0.018391] ACPI: FACP 0x000000007FFE17FD 000074 (v01 BOCHS  BXPC     00000001 BXPC 00000001)
[    0.019147] ACPI: DSDT 0x000000007FFE0040 0017BD (v01 BOCHS  BXPC     00000001 BXPC 00000001)
[    0.019899] ACPI: FACS 0x000000007FFE0000 000040
[    0.020308] ACPI: APIC 0x000000007FFE1871 000080 (v01 BOCHS  BXPC     00000001 BXPC 00000001)
[    0.021062] ACPI: HPET 0x000000007FFE18F1 000038 (v01 BOCHS  BXPC     00000001 BXPC 00000001)
[    0.021814] ACPI: WAET 0x000000007FFE1929 000028 (v01 BOCHS  BXPC     00000001 BXPC 00000001)
[    0.022563] ACPI: Reserving FACP table memory at [mem 0x7ffe17fd-0x7ffe1870]
[    0.023171] ACPI: Reserving DSDT table memory at [mem 0x7ffe0040-0x7ffe17fc]
[    0.023784] ACPI: Reserving FACS table memory at [mem 0x7ffe0000-0x7ffe003f]
[    0.024392] ACPI: Reserving APIC table memory at [mem 0x7ffe1871-0x7ffe18f0]
[    0.025001] ACPI: Reserving HPET table memory at [mem 0x7ffe18f1-0x7ffe1928]
[    0.025611] ACPI: Reserving WAET table memory at [mem 0x7ffe1929-0x7ffe1950]
[    0.027012] No NUMA configuration found
[    0.027344] Faking a node at [mem 0x0000000000000000-0x000000007ffdffff]
[    0.027984] NODE_DATA(0) allocated [mem 0x7ffb5000-0x7ffdffff]
[    0.032471] Zone ranges:
[    0.032705]   DMA      [mem 0x0000000000001000-0x0000000000ffffff]
[    0.033234]   DMA32    [mem 0x0000000001000000-0x000000007ffdffff]
[    0.033765]   Normal   empty
[    0.034012]   Device   empty
[    0.034259] Movable zone start for each node
[    0.034625] Early memory node ranges
[    0.034927]   node   0: [mem 0x0000000000001000-0x000000000009efff]
[    0.035463]   node   0: [mem 0x0000000000100000-0x000000007ffdffff]
[    0.035998] Initmem setup node 0 [mem 0x0000000000001000-0x000000007ffdffff]
[    0.036965] On node 0, zone DMA: 1 pages in unavailable ranges
[    0.036983] On node 0, zone DMA: 97 pages in unavailable ranges
[    0.044576] On node 0, zone DMA32: 32 pages in unavailable ranges
[    0.045350] ACPI: PM-Timer IO Port: 0x608
[    0.046225] ACPI: LAPIC_NMI (acpi_id[0xff] dfl dfl lint[0x1])
[    0.046768] IOAPIC[0]: apic_id 0, version 17, address 0xfec00000, GSI 0-23
[    0.047365] ACPI: INT_SRC_OVR (bus 0 bus_irq 0 global_irq 2 dfl dfl)
[    0.047912] ACPI: INT_SRC_OVR (bus 0 bus_irq 5 global_irq 5 high level)
[    0.048481] ACPI: INT_SRC_OVR (bus 0 bus_irq 9 global_irq 9 high level)
[    0.049045] ACPI: INT_SRC_OVR (bus 0 bus_irq 10 global_irq 10 high level)
[    0.049628] ACPI: INT_SRC_OVR (bus 0 bus_irq 11 global_irq 11 high level)
[    0.050217] ACPI: Using ACPI (MADT) for SMP configuration information
[    0.050767] ACPI: HPET id: 0x8086a201 base: 0xfed00000
[    0.051213] TSC deadline timer available
[    0.051551] smpboot: Allowing 2 CPUs, 0 hotplug CPUs
[    0.052001] kvm-guest: KVM setup pv remote TLB flush
[    0.052426] kvm-guest: setup PV sched yield
[    0.052823] PM: hibernation: Registered nosave memory: [mem 0x00000000-0x00000fff]
[    0.053473] PM: hibernation: Registered nosave memory: [mem 0x0009f000-0x0009ffff]
[    0.054119] PM: hibernation: Registered nosave memory: [mem 0x000a0000-0x000effff]
[    0.054764] PM: hibernation: Registered nosave memory: [mem 0x000f0000-0x000fffff]
[    0.055409] [mem 0x80000000-0xfeffbfff] available for PCI devices
[    0.055929] Booting paravirtualized kernel on KVM
[    0.056331] clocksource: refined-jiffies: mask: 0xffffffff max_cycles: 0xffffffff, max_idle_ns: 7645519600211568 ns
[    0.057233] setup_percpu: NR_CPUS:8192 nr_cpumask_bits:2 nr_cpu_ids:2 nr_node_ids:1
[    0.058353] percpu: Embedded 63 pages/cpu s221184 r8192 d28672 u1048576
[    0.059120] kvm-guest: setup async PF for cpu 0
[    0.059513] kvm-guest: stealtime: cpu 0, msr 7da35080
[    0.059955] kvm-guest: PV spinlocks enabled
[    0.060323] PV qspinlock hash table entries: 256 (order: 0, 4096 bytes, linear)
[    0.060968] Fallback order for Node 0: 0 
[    0.061328] Built 1 zonelists, mobility grouping on.  Total pages: 515808
[    0.061916] Policy zone: DMA32
[    0.062181] Kernel command line: net.ifnames=0 console=ttyS0 root=/dev/sda earlyprintk=serial net.ifnames=0
[    0.063712] Dentry cache hash table entries: 262144 (order: 9, 2097152 bytes, linear)
[    0.064539] Inode-cache hash table entries: 131072 (order: 8, 1048576 bytes, linear)
[    0.065303] mem auto-init: stack:off, heap alloc:off, heap free:off
[    0.070396] Memory: 1983428K/2096632K available (32785K kernel code, 5312K rwdata, 7832K rodata, 3176K init, 22012K bss, 113004K reserved, 0K cma-reserved)
[    0.071566] random: get_random_u64 called from __kmem_cache_create+0x2f/0x4e0 with crng_init=0
[    0.072147] SLUB: HWalign=64, Order=0-3, MinObjects=0, CPUs=2, Nodes=1
[    0.073388] kmemleak: Kernel memory leak detector disabled
[    0.073863] ftrace: allocating 65539 entries in 257 pages
[    0.166031] ftrace: allocated 257 pages with 2 groups
[    0.169232] Dynamic Preempt: voluntary
[    0.169654] Running RCU self tests
[    0.169942] rcu: Preemptible hierarchical RCU implementation.
[    0.170414] rcu: 	RCU lockdep checking is enabled.
[    0.170808] rcu: 	RCU restricting CPUs from NR_CPUS=8192 to nr_cpu_ids=2.
[    0.171364] 	Trampoline variant of Tasks RCU enabled.
[    0.171780] 	Rude variant of Tasks RCU enabled.
[    0.172150] 	Tracing variant of Tasks RCU enabled.
[    0.172546] rcu: RCU calculated value of scheduler-enlistment delay is 25 jiffies.
[    0.173165] rcu: Adjusting geometry for rcu_fanout_leaf=16, nr_cpu_ids=2
[    0.196662] NR_IRQS: 524544, nr_irqs: 440, preallocated irqs: 16
[    0.205224] Console: colour VGA+ 80x25
[    0.205587] printk: console [ttyS0] enabled
[    0.205587] printk: console [ttyS0] enabled
[    0.206292] printk: bootconsole [earlyser0] disabled
[    0.206292] printk: bootconsole [earlyser0] disabled
[    0.207124] Lock dependency validator: Copyright (c) 2006 Red Hat, Inc., Ingo Molnar
[    0.207778] ... MAX_LOCKDEP_SUBCLASSES:  8
[    0.208133] ... MAX_LOCK_DEPTH:          48
[    0.208493] ... MAX_LOCKDEP_KEYS:        8192
[    0.208868] ... CLASSHASH_SIZE:          4096
[    0.209243] ... MAX_LOCKDEP_ENTRIES:     32768
[    0.209627] ... MAX_LOCKDEP_CHAINS:      65536
[    0.210009] ... CHAINHASH_SIZE:          32768
[    0.210390]  memory used by lock dependency info: 6365 kB
[    0.210853]  memory used for stack traces: 4224 kB
[    0.211263]  per task-struct memory footprint: 1920 bytes
[    0.211761] ACPI: Core revision 20210930
[    0.212326] clocksource: hpet: mask: 0xffffffff max_cycles: 0xffffffff, max_idle_ns: 19112604467 ns
[    0.213222] APIC: Switch to symmetric I/O mode setup
[    0.213860] x2apic enabled
[    0.214284] Switched APIC routing to physical x2apic.
[    0.214719] kvm-guest: setup PV IPIs
[    0.215896] ..TIMER: vector=0x30 apic1=0 pin1=2 apic2=-1 pin2=-1
[    0.216429] clocksource: tsc-early: mask: 0xffffffffffffffff max_cycles: 0x1881273ac8e, max_idle_ns: 440795257284 ns
[    0.217366] Calibrating delay loop (skipped) preset value.. 3400.00 BogoMIPS (lpj=6800000)
[    0.218069] pid_max: default: 32768 minimum: 301
[    0.218536] LSM: Security Framework initializing
[    0.218935] Yama: becoming mindful.
[    0.219328] Mount-cache hash table entries: 4096 (order: 3, 32768 bytes, linear)
[    0.219972] Mountpoint-cache hash table entries: 4096 (order: 3, 32768 bytes, linear)
[    0.221790] x86/cpu: User Mode Instruction Prevention (UMIP) activated
[    0.222561] Last level iTLB entries: 4KB 0, 2MB 0, 4MB 0
[    0.223021] Last level dTLB entries: 4KB 0, 2MB 0, 4MB 0, 1GB 0
[    0.223535] Spectre V1 : Mitigation: usercopy/swapgs barriers and __user pointer sanitization
[    0.224255] Spectre V2 : Mitigation: Enhanced IBRS
[    0.224638] Spectre V2 : Spectre v2 / SpectreRSB mitigation: Filling RSB on context switch
[    0.225289] Spectre V2 : mitigation: Enabling conditional Indirect Branch Prediction Barrier
[    0.225363] Speculative Store Bypass: Mitigation: Speculative Store Bypass disabled via prctl
[    0.266430] Freeing SMP alternatives memory: 56K
[    0.267075] smpboot: CPU0: Intel(R) Xeon(R) Gold 6414TDX (family: 0x6, model: 0x8f, stepping: 0x6)
[    0.268274] Running RCU-tasks wait API self tests
[    0.369490] Performance Events: Sapphire Rapids events, full-width counters, Intel PMU driver.
[    0.370248] ... version:                2
[    0.370583] ... bit width:              48
[    0.370918] ... generic registers:      8
[    0.371246] ... value mask:             0000ffffffffffff
[    0.371677] ... max period:             00007fffffffffff
[    0.372111] ... fixed-purpose events:   3
[    0.372440] ... event mask:             00000007000000ff
[    0.373189] rcu: Hierarchical SRCU implementation.
[    0.376066] smp: Bringing up secondary CPUs ...
[    0.376899] x86: Booting SMP configuration:
[    0.377249] .... node  #0, CPUs:      #1
[    0.015954] kvm-clock: cpu 1, msr 5601041, secondary cpu clock
[    0.378051] kvm-guest: setup async PF for cpu 1
[    0.378305] kvm-guest: stealtime: cpu 1, msr 7db35080
[    0.378763] smp: Brought up 1 node, 2 CPUs
[    0.378763] smpboot: Max logical packages: 1
[    0.378763] smpboot: Total of 2 processors activated (6800.00 BogoMIPS)
[    0.381844] devtmpfs: initialized
[    0.381941] x86/mm: Memory block size: 128MB
[    0.385374] Callback from call_rcu_tasks_trace() invoked.
[    0.385874] clocksource: jiffies: mask: 0xffffffff max_cycles: 0xffffffff, max_idle_ns: 7645041785100000 ns
[    0.386173] futex hash table entries: 512 (order: 4, 65536 bytes, linear)
[    0.387013] pinctrl core: initialized pinctrl subsystem
[    0.388035] 
[    0.388167] *************************************************************
[    0.388712] **     NOTICE NOTICE NOTICE NOTICE NOTICE NOTICE NOTICE    **
[    0.389369] **                                                         **
[    0.389905] **  IOMMU DebugFS SUPPORT HAS BEEN ENABLED IN THIS KERNEL  **
[    0.390443] **                                                         **
[    0.390980] ** This means that this kernel is built to expose internal **
[    0.391520] ** IOMMU data structures, which may compromise security on **
[    0.392058] ** your system.                                            **
[    0.392596] **                                                         **
[    0.393134] ** If you see this message and you are not debugging the   **
[    0.393374] ** kernel, report this immediately to your vendor!         **
[    0.393923] **                                                         **
[    0.394470] **     NOTICE NOTICE NOTICE NOTICE NOTICE NOTICE NOTICE    **
[    0.395020] *************************************************************
[    0.395619] PM: RTC time: 08:21:16, date: 2022-12-13
[    0.397149] NET: Registered PF_NETLINK/PF_ROUTE protocol family
[    0.397997] DMA: preallocated 256 KiB GFP_KERNEL pool for atomic allocations
[    0.398569] DMA: preallocated 256 KiB GFP_KERNEL|GFP_DMA pool for atomic allocations
[    0.399190] DMA: preallocated 256 KiB GFP_KERNEL|GFP_DMA32 pool for atomic allocations
[    0.399855] audit: initializing netlink subsys (disabled)
[    0.400303] audit: type=2000 audit(1670919677.681:1): state=initialized audit_enabled=0 res=1
[    0.400303] thermal_sys: Registered thermal governor 'fair_share'
[    0.400303] thermal_sys: Registered thermal governor 'bang_bang'
[    0.400303] thermal_sys: Registered thermal governor 'step_wise'
[    0.400303] thermal_sys: Registered thermal governor 'user_space'
[    0.400303] cpuidle: using governor ladder
[    0.400303] cpuidle: using governor menu
[    0.400543] acpiphp: ACPI Hot Plug PCI Controller Driver version: 0.5
[    0.401351] PCI: Using configuration type 1 for base access
[    0.416955] kprobes: kprobe jump-optimization is enabled. All kprobes are optimized if possible.
[    0.421485] HugeTLB registered 1.00 GiB page size, pre-allocated 0 pages
[    0.421959] HugeTLB registered 2.00 MiB page size, pre-allocated 0 pages
[    0.422622] ACPI: Added _OSI(Module Device)
[    0.425366] ACPI: Added _OSI(Processor Device)
[    0.425730] ACPI: Added _OSI(3.0 _SCP Extensions)
[    0.426115] ACPI: Added _OSI(Processor Aggregator Device)
[    0.426556] ACPI: Added _OSI(Linux-Dell-Video)
[    0.426919] ACPI: Added _OSI(Linux-Lenovo-NV-HDMI-Audio)
[    0.427353] ACPI: Added _OSI(Linux-HPI-Hybrid-Graphics)
[    0.433550] ACPI: 1 ACPI AML tables successfully acquired and loaded
[    0.437711] ACPI: Interpreter enabled
[    0.438107] ACPI: PM: (supports S0 S3 S4 S5)
[    0.438458] ACPI: Using IOAPIC for interrupt routing
[    0.438907] PCI: Using host bridge windows from ACPI; if necessary, use "pci=nocrs" and report a bug
[    0.440379] ACPI: Enabled 2 GPEs in block 00 to 0F
[    0.458200] ACPI: PCI Root Bridge [PCI0] (domain 0000 [bus 00-ff])
[    0.458716] acpi PNP0A03:00: _OSC: OS supports [ASPM ClockPM Segments MSI EDR HPX-Type3]
[    0.459365] acpi PNP0A03:00: _OSC: not requesting OS control; OS requires [ExtendedConfig ASPM ClockPM MSI]
[    0.460199] acpi PNP0A03:00: fail to add MMCONFIG information, can't access extended PCI configuration space under this bridge.
[    0.463192] acpiphp: Slot [3] registered
[    0.463587] acpiphp: Slot [4] registered
[    0.463977] acpiphp: Slot [5] registered
[    0.464364] acpiphp: Slot [6] registered
[    0.464749] acpiphp: Slot [7] registered
[    0.465146] acpiphp: Slot [8] registered
[    0.465435] acpiphp: Slot [9] registered
[    0.465822] acpiphp: Slot [10] registered
[    0.466218] acpiphp: Slot [11] registered
[    0.466611] acpiphp: Slot [12] registered
[    0.467006] acpiphp: Slot [13] registered
[    0.467405] acpiphp: Slot [14] registered
[    0.467799] acpiphp: Slot [15] registered
[    0.468193] acpiphp: Slot [16] registered
[    0.468586] acpiphp: Slot [17] registered
[    0.468982] acpiphp: Slot [18] registered
[    0.469384] acpiphp: Slot [19] registered
[    0.469778] acpiphp: Slot [20] registered
[    0.470173] acpiphp: Slot [21] registered
[    0.470574] acpiphp: Slot [22] registered
[    0.470968] acpiphp: Slot [23] registered
[    0.471367] acpiphp: Slot [24] registered
[    0.471760] acpiphp: Slot [25] registered
[    0.472157] acpiphp: Slot [26] registered
[    0.472550] acpiphp: Slot [27] registered
[    0.472955] acpiphp: Slot [28] registered
[    0.473349] acpiphp: Slot [29] registered
[    0.473411] Callback from call_rcu_tasks_rude() invoked.
[    0.473527] acpiphp: Slot [30] registered
[    0.474259] acpiphp: Slot [31] registered
[    0.474604] PCI host bridge to bus 0000:00
[    0.474936] pci_bus 0000:00: root bus resource [io  0x0000-0x0cf7 window]
[    0.475479] pci_bus 0000:00: root bus resource [io  0x0d00-0xffff window]
[    0.476022] pci_bus 0000:00: root bus resource [mem 0x000a0000-0x000bffff window]
[    0.476623] pci_bus 0000:00: root bus resource [mem 0x80000000-0xfebfffff window]
[    0.477219] pci_bus 0000:00: root bus resource [mem 0x100000000-0x17fffffff window]
[    0.477361] pci_bus 0000:00: root bus resource [bus 00-ff]
[    0.477866] pci 0000:00:00.0: [8086:1237] type 00 class 0x060000
[    0.481632] pci 0000:00:01.0: [8086:7000] type 00 class 0x060100
[    0.482783] pci 0000:00:01.1: [8086:7010] type 00 class 0x010180
[    0.484839] pci 0000:00:01.1: reg 0x20: [io  0xc040-0xc04f]
[    0.486071] pci 0000:00:01.1: legacy IDE quirk: reg 0x10: [io  0x01f0-0x01f7]
[    0.486654] pci 0000:00:01.1: legacy IDE quirk: reg 0x14: [io  0x03f6]
[    0.487177] pci 0000:00:01.1: legacy IDE quirk: reg 0x18: [io  0x0170-0x0177]
[    0.487743] pci 0000:00:01.1: legacy IDE quirk: reg 0x1c: [io  0x0376]
[    0.488558] pci 0000:00:01.3: [8086:7113] type 00 class 0x068000
[    0.489352] pci 0000:00:01.3: quirk: [io  0x0600-0x063f] claimed by PIIX4 ACPI
[    0.489936] pci 0000:00:01.3: quirk: [io  0x0700-0x070f] claimed by PIIX4 SMB
[    0.490985] pci 0000:00:02.0: [1234:1111] type 00 class 0x030000
[    0.492188] pci 0000:00:02.0: reg 0x10: [mem 0xfd000000-0xfdffffff pref]
[    0.493677] pci 0000:00:02.0: reg 0x18: [mem 0xfebf0000-0xfebf0fff]
[    0.496826] pci 0000:00:02.0: reg 0x30: [mem 0xfebe0000-0xfebeffff pref]
[    0.500434] pci 0000:00:03.0: [8086:100e] type 00 class 0x020000
[    0.501363] pci 0000:00:03.0: reg 0x10: [mem 0xfebc0000-0xfebdffff]
[    0.502267] pci 0000:00:03.0: reg 0x14: [io  0xc000-0xc03f]
[    0.505369] pci 0000:00:03.0: reg 0x30: [mem 0xfeb80000-0xfebbffff pref]
[    0.517243] ACPI: PCI: Interrupt link LNKA configured for IRQ 10
[    0.517745] ACPI: PCI: Interrupt link LNKB configured for IRQ 10
[    0.518605] ACPI: PCI: Interrupt link LNKC configured for IRQ 11
[    0.519463] ACPI: PCI: Interrupt link LNKD configured for IRQ 11
[    0.520132] ACPI: PCI: Interrupt link LNKS configured for IRQ 9
[    0.521582] iommu: Default domain type: Translated 
[    0.521766] iommu: DMA domain TLB invalidation policy: lazy mode 
[    0.522387] pci 0000:00:02.0: vgaarb: setting as boot VGA device
[    0.522387] pci 0000:00:02.0: vgaarb: VGA device added: decodes=io+mem,owns=io+mem,locks=none
[    0.522387] pci 0000:00:02.0: vgaarb: bridge control possible
[    0.522387] vgaarb: loaded
[    0.523014] SCSI subsystem initialized
[    0.525596] ACPI: bus type USB registered
[    0.526022] usbcore: registered new interface driver usbfs
[    0.526510] usbcore: registered new interface driver hub
[    0.526969] usbcore: registered new device driver usb
[    0.527485] pps_core: LinuxPPS API ver. 1 registered
[    0.527887] pps_core: Software ver. 5.3.6 - Copyright 2005-2007 Rodolfo Giometti <giometti@linux.it>
[    0.529380] PTP clock support registered
[    0.529765] EDAC MC: Ver: 3.0.0
[    0.530166] NetLabel: Initializing
[    0.530446] NetLabel:  domain hash size = 128
[    0.530446] NetLabel:  protocols = UNLABELED CIPSOv4 CALIPSO
[    0.530446] NetLabel:  unlabeled traffic allowed by default
[    0.530446] PCI: Using ACPI for IRQ routing
[    0.533578] hpet0: at MMIO 0xfed00000, IRQs 2, 8, 0
[    0.533998] hpet0: 3 comparators, 64-bit 100.000000 MHz counter
[    0.536672] clocksource: Switched to clocksource kvm-clock
[    0.577466] Callback from call_rcu_tasks() invoked.
[    0.642299] VFS: Disk quotas dquot_6.6.0
[    0.642669] VFS: Dquot-cache hash table entries: 512 (order 0, 4096 bytes)
[    0.643508] pnp: PnP ACPI init
[    0.645661] pnp: PnP ACPI: found 6 devices
[    0.657018] clocksource: acpi_pm: mask: 0xffffff max_cycles: 0xffffff, max_idle_ns: 2085701024 ns
[    0.658084] NET: Registered PF_INET protocol family
[    0.658570] IP idents hash table entries: 32768 (order: 6, 262144 bytes, linear)
[    0.659715] tcp_listen_portaddr_hash hash table entries: 1024 (order: 4, 81920 bytes, linear)
[    0.660439] TCP established hash table entries: 16384 (order: 5, 131072 bytes, linear)
[    0.661245] TCP bind hash table entries: 16384 (order: 8, 1179648 bytes, linear)
[    0.662458] TCP: Hash tables configured (established 16384 bind 16384)
[    0.663080] UDP hash table entries: 1024 (order: 5, 163840 bytes, linear)
[    0.663721] UDP-Lite hash table entries: 1024 (order: 5, 163840 bytes, linear)
[    0.664468] NET: Registered PF_UNIX/PF_LOCAL protocol family
[    0.665518] RPC: Registered named UNIX socket transport module.
[    0.666004] RPC: Registered udp transport module.
[    0.666386] RPC: Registered tcp transport module.
[    0.666763] RPC: Registered tcp NFSv4.1 backchannel transport module.
[    0.667291] pci_bus 0000:00: resource 4 [io  0x0000-0x0cf7 window]
[    0.667789] pci_bus 0000:00: resource 5 [io  0x0d00-0xffff window]
[    0.668291] pci_bus 0000:00: resource 6 [mem 0x000a0000-0x000bffff window]
[    0.668840] pci_bus 0000:00: resource 7 [mem 0x80000000-0xfebfffff window]
[    0.669403] pci_bus 0000:00: resource 8 [mem 0x100000000-0x17fffffff window]
[    0.670239] pci 0000:00:01.0: PIIX3: Enabling Passive Release
[    0.670709] pci 0000:00:00.0: Limiting direct PCI/PCI transfers
[    0.671199] pci 0000:00:01.0: Activating ISA DMA hang workarounds
[    0.671762] pci 0000:00:02.0: Video device with shadowed ROM at [mem 0x000c0000-0x000dffff]
[    0.672450] PCI: CLS 0 bytes, default 64
[    0.673083] ACPI: bus type thunderbolt registered
[    0.673740] clocksource: tsc: mask: 0xffffffffffffffff max_cycles: 0x1881273ac8e, max_idle_ns: 440795257284 ns
[    3.391807] sgx: There are zero EPC sections.
[    3.395766] Initialise system trusted keyrings
[    3.396259] Key type blacklist registered
[    3.396786] workingset: timestamp_bits=36 max_order=19 bucket_order=0
[    3.408065] zbud: loaded
[    3.410347] squashfs: version 4.0 (2009/01/31) Phillip Lougher
[    3.412381] NFS: Registering the id_resolver key type
[    3.412854] Key type id_resolver registered
[    3.413196] Key type id_legacy registered
[    3.413696] nfs4filelayout_init: NFSv4 File Layout Driver Registering...
[    3.414269] nfs4flexfilelayout_init: NFSv4 Flexfile Layout Driver Registering...
[    3.415012] fuse: init (API version 7.35)
[    3.415681] SGI XFS with ACLs, security attributes, realtime, quota, no debug enabled
[    3.418213] 9p: Installing v9fs 9p2000 file system support
[    3.426368] Key type asymmetric registered
[    3.426713] Asymmetric key parser 'x509' registered
[    3.427283] Block layer SCSI generic (bsg) driver version 0.4 loaded (major 243)
[    3.428546] io scheduler mq-deadline registered
[    3.429079] io scheduler bfq registered
[    3.430607] shpchp: Standard Hot Plug PCI Controller Driver version: 0.4
[    3.431640] IPMI message handler: version 39.2
[    3.432055] ipmi device interface
[    3.434135] input: Power Button as /devices/LNXSYSTM:00/LNXPWRBN:00/input/input0
[    3.435098] ACPI: button: Power Button [PWRF]
[    3.436461] ERST DBG: ERST support is disabled.
[    3.437352] Serial: 8250/16550 driver, 32 ports, IRQ sharing enabled
[    3.438358] 00:04: ttyS0 at I/O 0x3f8 (irq = 4, base_baud = 115200) is a 16550A
[    3.448425] Linux agpgart interface v0.103
[    3.449407] ACPI: bus type drm_connector registered
[    3.461520] brd: module loaded
[    3.469320] loop: module loaded
[    3.473878] scsi host0: ata_piix
[    3.474803] scsi host1: ata_piix
[    3.475239] ata1: PATA max MWDMA2 cmd 0x1f0 ctl 0x3f6 bmdma 0xc040 irq 14
[    3.475793] ata2: PATA max MWDMA2 cmd 0x170 ctl 0x376 bmdma 0xc048 irq 15
[    3.477611] libphy: Fixed MDIO Bus: probed
[    3.478271] tun: Universal TUN/TAP device driver, 1.6
[    3.478839] e100: Intel(R) PRO/100 Network Driver
[    3.479224] e100: Copyright(c) 1999-2006 Intel Corporation
[    3.479708] e1000: Intel(R) PRO/1000 Network Driver
[    3.480104] e1000: Copyright (c) 1999-2006 Intel Corporation.
[    3.634033] ata1.00: ATA-7: QEMU HARDDISK, 2.5+, max UDMA/100
[    3.634502] ata1.00: 16777216 sectors, multi 16: LBA48 
[    3.635250] ata1.00: Read log 0x00 page 0x00 failed, Emask 0x1
[    3.636298] ata2.00: ATAPI: QEMU DVD-ROM, 2.5+, max UDMA/100
[    3.637788] scsi 0:0:0:0: Direct-Access     ATA      QEMU HARDDISK    2.5+ PQ: 0 ANSI: 5
[    3.639169] scsi 0:0:0:0: Attached scsi generic sg0 type 0
[    3.640245] sd 0:0:0:0: [sda] 16777216 512-byte logical blocks: (8.59 GB/8.00 GiB)
[    3.640882] sd 0:0:0:0: [sda] Write Protect is off
[    3.641316] sd 0:0:0:0: [sda] Write cache: enabled, read cache: enabled, doesn't support DPO or FUA
[    3.644147] scsi 1:0:0:0: CD-ROM            QEMU     QEMU DVD-ROM     2.5+ PQ: 0 ANSI: 5
[    3.645673] scsi 1:0:0:0: Attached scsi generic sg1 type 5
[    3.678062] ACPI: \_SB_.LNKC: Enabled at IRQ 11
[    3.681540] sd 0:0:0:0: [sda] Attached SCSI disk
[    4.004522] e1000 0000:00:03.0 eth0: (PCI:33MHz:32-bit) 52:54:00:12:34:56
[    4.005127] e1000 0000:00:03.0 eth0: Intel(R) PRO/1000 Network Connection
[    4.005798] e1000e: Intel(R) PRO/1000 Network Driver
[    4.006195] e1000e: Copyright(c) 1999 - 2015 Intel Corporation.
[    4.006733] igb: Intel(R) Gigabit Ethernet Network Driver
[    4.007163] igb: Copyright (c) 2007-2014 Intel Corporation.
[    4.007722] PPP generic driver version 2.4.2
[    4.008608] VFIO - User Level meta-driver version: 0.3
[    4.009081] ehci_hcd: USB 2.0 'Enhanced' Host Controller (EHCI) Driver
[    4.009637] ehci-pci: EHCI PCI platform driver
[    4.010026] ehci-platform: EHCI generic platform driver
[    4.010470] ohci_hcd: USB 1.1 'Open' Host Controller (OHCI) Driver
[    4.010964] ohci-pci: OHCI PCI platform driver
[    4.011346] ohci-platform: OHCI generic platform driver
[    4.011784] uhci_hcd: USB Universal Host Controller Interface driver
[    4.012555] usbcore: registered new interface driver uas
[    4.013043] usbcore: registered new interface driver usb-storage
[    4.013659] i8042: PNP: PS/2 Controller [PNP0303:KBD,PNP0f13:MOU] at 0x60,0x64 irq 1,12
[    4.015016] serio: i8042 KBD port at 0x60,0x64 irq 1
[    4.015461] serio: i8042 AUX port at 0x60,0x64 irq 12
[    4.016498] mousedev: PS/2 mouse device common for all mice
[    4.017782] input: AT Translated Set 2 keyboard as /devices/platform/i8042/serio0/input/input1
[    4.019521] input: VirtualPS/2 VMware VMMouse as /devices/platform/i8042/serio1/input/input4
[    4.020652] rtc_cmos 00:05: RTC can wake from S4
[    4.021246] input: VirtualPS/2 VMware VMMouse as /devices/platform/i8042/serio1/input/input3
[    4.022935] rtc_cmos 00:05: registered as rtc0
[    4.023384] rtc_cmos 00:05: setting system clock to 2022-12-13T08:21:20 UTC (1670919680)
[    4.024191] rtc_cmos 00:05: alarms up to one day, y3k, 242 bytes nvram, hpet irqs
[    4.024828] i2c_dev: i2c /dev entries driver
[    4.025234] device-mapper: core: CONFIG_IMA_DISABLE_HTABLE is disabled. Duplicate IMA measurements will not be recorded in the IMA log.
[    4.026332] device-mapper: uevent: version 1.0.3
[    4.026978] device-mapper: ioctl: 4.45.0-ioctl (2021-03-22) initialised: dm-devel@redhat.com
[    4.027664] intel_pstate: CPU model not supported
[    4.028143] sdhci: Secure Digital Host Controller Interface driver
[    4.028643] sdhci: Copyright(c) Pierre Ossman
[    4.029076] sdhci-pltfm: SDHCI platform and OF driver helper
[    4.029607] ledtrig-cpu: registered to indicate activity on CPUs
[    4.030317] drop_monitor: Initializing network drop monitor service
[    4.031484] NET: Registered PF_INET6 protocol family
[    4.035058] Segment Routing with IPv6
[    4.035393] In-situ OAM (IOAM) with IPv6
[    4.035752] NET: Registered PF_PACKET protocol family
[    4.036410] 9pnet: Installing 9P2000 support
[    4.036832] Key type dns_resolver registered
[    4.037987] IPI shorthand broadcast: enabled
[    4.038398] sched_clock: Marking stable (4025801035, 11954671)->(4047091357, -9335651)
[    4.039581] registered taskstats version 1
[    4.040071] Loading compiled-in X.509 certificates
[    4.040751] zswap: loaded using pool lzo/zbud
[    4.042002] Key type ._fscrypt registered
[    4.042332] Key type .fscrypt registered
[    4.042646] Key type fscrypt-provisioning registered
[    4.044024] Key type encrypted registered
[    4.044401] ima: No TPM chip found, activating TPM-bypass!
[    4.044854] ima: Allocated hash algorithm: sha1
[    4.045279] ima: No architecture policies found
[    4.045791] evm: Initialising EVM extended attributes:
[    4.046206] evm: security.selinux
[    4.046481] evm: security.SMACK64
[    4.046752] evm: security.SMACK64EXEC
[    4.047050] evm: security.SMACK64TRANSMUTE
[    4.047385] evm: security.SMACK64MMAP
[    4.047684] evm: security.apparmor
[    4.047962] evm: security.ima
[    4.048210] evm: security.capability
[    4.048506] evm: HMAC attrs: 0x1
[    4.053546] PM:   Magic number: 2:683:371
[    4.054298] RAS: Correctable Errors collector initialized.
[    4.055734] md: Waiting for all devices to be available before autodetect
[    4.056281] md: If you don't use raid, use raid=noautodetect
[    4.056730] md: Autodetecting RAID arrays.
[    4.057066] md: autorun ...
[    4.057297] md: ... autorun DONE.
[    4.062048] EXT4-fs (sda): mounted filesystem with ordered data mode. Opts: (null). Quota mode: none.
[    4.062855] VFS: Mounted root (ext4 filesystem) readonly on device 8:0.
[    4.064644] devtmpfs: mounted
[    4.080637] Freeing unused decrypted memory: 2036K
[    4.082322] Freeing unused kernel image (initmem) memory: 3176K
[    4.089410] Write protecting the kernel read-only data: 43008k
[    4.092588] Freeing unused kernel image (text/rodata gap) memory: 2028K
[    4.093422] Freeing unused kernel image (rodata/data gap) memory: 360K
[    4.194885] x86/mm: Checked W+X mappings: passed, no W+X pages found.
[    4.195397] Run /sbin/init as init process
[    4.254121] random: fast init done
[    4.270204] systemd[1]: RTC configured in localtime, applying delta of 0 minutes to system time.
[    4.293810] systemd[1]: systemd 239 (239-49.el8) running in system mode. (+PAM +AUDIT +SELINUX +IMA -APPARMOR +SMACK +SYSVINIT +UTMP +LIBCRYPTSETUP +GCRYPT +GNUTLS +ACL +XZ +LZ4 +SECCOMP +BLKID +ELFUTILS +KMOD +IDN2 -IDN +PCRE2 default-hierarchy=legacy)
[    4.295743] systemd[1]: Detected virtualization kvm.
[    4.296145] systemd[1]: Detected architecture x86-64.

Welcome to [0;31mCentOS Stream 8[0m!

[    4.322596] systemd[1]: Set hostname to <test>.
[    4.447648] random: lvmconfig: uninitialized urandom read (4 bytes read)
[    4.533481] random: systemd: uninitialized urandom read (16 bytes read)
[    4.534387] systemd[1]: Listening on udev Control Socket.
[[0;32m  OK  [0m] Listening on udev Control Socket.
[    4.535538] random: systemd: uninitialized urandom read (16 bytes read)
[    4.536657] systemd[1]: Listening on RPCbind Server Activation Socket.
[[0;32m  OK  [0m] Listening on RPCbind Server Activation Socket.
[    4.537705] systemd[1]: Reached target RPC Port Mapper.
[[0;32m  OK  [0m] Reached target RPC Port Mapper.
[    4.538889] systemd[1]: Listening on Journal Socket.
[[0;32m  OK  [0m] Listening on Journal Socket.
[    4.544902] systemd[1]: Starting Setup Virtual Console...
         Starting Setup Virtual Console...
[    4.548753] systemd[1]: Mounting POSIX Message Queue File System...
         Mounting POSIX Message Queue File System...
         Mounting Huge Pages File System...
         Mounting Kernel Debug File System...
[[0;32m  OK  [0m] Listening on multipathd control socket.
[[0;32m  OK  [0m] Listening on udev Kernel Socket.
         Starting udev Coldplug all Devices...
[[0;32m  OK  [0m] Listening on Journal Socket (/dev/log).
         Starting Journal Service...
[[0;32m  OK  [0m] Listening on LVM2 poll daemon socket.
[[0;32m  OK  [0m] Set up automount Arbitrary Executabâ€¦rmats File System Automount Point.
[[0;32m  OK  [0m] Created slice system-sshd\x2dkeygen.slice.
         Starting Remount Root and Kernel File Systems...
[[0;32m  OK  [0m] Created slice system-getty.slice.
[[0;32m  OK  [0m] Listening on Device-mapper event daemon FIFOs.
         Starting Monitoring of LVM2 mirrorsâ€¦ng dmeventd or progress polling...
[[0;32m  OK  [0m] Started Forward Password Requests to Wall Directory Watch.
         Starting Load Kernel Modules...
[[0;32m  OK  [0m] Reached target Swap.
[[0;32m  OK  [0m] Listening on initctl Compatibility Named Pipe.
[[0;32m  OK  [0m] Created slice system-serial\x2dgetty.slice.
[[0;32m  OK  [0m] Created slice User and Session Slice.
[[0;32m  OK  [0m] Reached target Slices.
[[0;32m  OK  [0m] Listening on Process Core Dump Socket.
[[0;32m  OK  [0m] Mounted POSIX Message Queue File System.
[[0;32m  OK  [0m] Started Journal Service.
[[0;32m  OK  [0m] Mounted Huge Pages File System.
[[0;32m  OK  [0m] Mounted Kernel Debug File System.
[[0;32m  OK  [0m] Started Setup Virtual Console.
[[0;1;31mFAILED[0m] Failed to start Load Kernel Modules.
See 'systemctl status systemd-modules-load.service' for details.
         Starting Apply Kernel Variables...
         Mounting Kernel Configuration File System...
         Mounting FUSE Control File System...
[[0;32m  OK  [0m] Mounted FUSE Control File System.
[[0;32m  OK  [0m] Mounted Kernel Configuration File System.
[    4.945235] EXT4-fs (sda): re-mounted. Opts: (null). Quota mode: none.
[[0;32m  OK  [0m] Started Apply Kernel Variables.
[[0;32m  OK  [0m] Started Remount Root and Kernel File Systems.
         Starting Load/Save Random Seed...
         Starting Flush Journal to Persistent Storage...
         Starting Create Static Device Nodes in /dev...
[[0;32m  OK  [0m] Started Load/Save Random Seed.
[[0;32m  OK  [0m] Started Flush Journal to Persistent Storage.
[[0;32m  OK  [0m] Started Create Static Device Nodes in /dev.
         Starting udev Kernel Device Manager...
[[0;32m  OK  [0m] Started udev Coldplug all Devices.
         Starting udev Wait for Complete Device Initialization...
[[0;32m  OK  [0m] Started udev Kernel Device Manager.
         Starting Show Plymouth Boot Screen...
[[0;32m  OK  [0m] Started Show Plymouth Boot Screen.
[[0;32m  OK  [0m] Reached target Local Encrypted Volumes.
[[0;32m  OK  [0m] Reached target Paths.
[[0;32m  OK  [0m] Started Forward Password Requests to Plymouth Directory Watch.
[[0;32m  OK  [0m] Found device /dev/ttyS0.
[[0;32m  OK  [0m] Started Monitoring of LVM2 mirrors,â€¦sing dmeventd or progress polling.
[[0;32m  OK  [0m] Started udev Wait for Complete Device Initialization.
[[0;32m  OK  [0m] Listening on Load/Save RF Kill Switch Status /dev/rfkill Watch.
[[0;32m  OK  [0m] Reached target Local File Systems (Pre).
[[0;32m  OK  [0m] Reached target Local File Systems.
         Starting Restore /run/initramfs on shutdown...
         Starting Tell Plymouth To Write Out Runtime Data...
         Starting Create Volatile Files and Directories...
[[0;32m  OK  [0m] Started Restore /run/initramfs on shutdown.
[[0;32m  OK  [0m] Started Tell Plymouth To Write Out Runtime Data.
[[0;32m  OK  [0m] Started Create Volatile Files and Directories.
         Starting RPC Bind...
         Starting Security Auditing Service...
         Mounting RPC Pipe File System...
[[0;32m  OK  [0m] Mounted RPC Pipe File System.
[[0;32m  OK  [0m] Reached target rpc_pipefs.target.
[[0;32m  OK  [0m] Started RPC Bind.
[[0;32m  OK  [0m] Started Security Auditing Service.
         Starting Update UTMP about System Boot/Shutdown...
[[0;32m  OK  [0m] Started Update UTMP about System Boot/Shutdown.
[[0;32m  OK  [0m] Reached target System Initialization.
[[0;32m  OK  [0m] Listening on D-Bus System Message Bus Socket.
[[0;32m  OK  [0m] Listening on SSSD Kerberos Cache Manager responder socket.
[[0;32m  OK  [0m] Reached target Sockets.
[[0;32m  OK  [0m] Started Daily Cleanup of Temporary Directories.
[[0;32m  OK  [0m] Reached target Basic System.
[[0;32m  OK  [0m] Started Machine Check Exception Logging Daemon.
[[0;32m  OK  [0m] Reached target sshd-keygen.target.
         Starting NTP client/server...
         Starting Self Monitoring and Reporting Technology (SMART) Daemon...
         Starting Login Service...
[[0;32m  OK  [0m] Started D-Bus System Message Bus.
         Starting Network Manager...
         Starting Auto-connect to subsystemsâ€¦-NVME devices found during boot...
[[0;32m  OK  [0m] Started dnf makecache --timer.
         Starting Authorization Manager...
[[0;32m  OK  [0m] Started irqbalance daemon.
[[0;32m  OK  [0m] Started daily update of the root trust anchor for DNSSEC.
[[0;32m  OK  [0m] Reached target Timers.
[[0;32m  OK  [0m] Started Auto-connect to subsystems â€¦FC-NVME devices found during boot.
[[0;32m  OK  [0m] Started Self Monitoring and Reporting Technology (SMART) Daemon.
         Starting update of the root trust aâ€¦or DNSSEC validation in unbound...
[[0;32m  OK  [0m] Started Login Service.
[[0;32m  OK  [0m] Started NTP client/server.
[[0;32m  OK  [0m] Started Network Manager.
         Starting Network Manager Wait Online...
[[0;32m  OK  [0m] Reached target Network.
         Starting GSSAPI Proxy Daemon...
         Starting Dynamic System Tuning Daemon...
         Starting OpenSSH server daemon...
         Starting Hostname Service...
[[0;32m  OK  [0m] Started Authorization Manager.
[[0;32m  OK  [0m] Started Hostname Service.
         Starting Network Manager Script Dispatcher Service...
[    6.681523] e1000: eth0 NIC Link is Up 1000 Mbps Full Duplex, Flow Control: RX
[    6.682552] IPv6: ADDRCONF(NETDEV_CHANGE): eth0: link becomes ready
[[0;32m  OK  [0m] Started Network Manager Script Dispatcher Service.
[[0;32m  OK  [0m] Started Dynamic System Tuning Daemon.
[    7.613551] random: crng init done
[    7.613888] random: 7 urandom warning(s) missed due to ratelimiting
[[0;32m  OK  [0m] Started OpenSSH server daemon.
[[0;32m  OK  [0m] Started GSSAPI Proxy Daemon.
[[0;32m  OK  [0m] Reached target NFS client services.
[[0;32m  OK  [0m] Reached target Remote File Systems (Pre).
[[0;32m  OK  [0m] Reached target Remote File Systems.
         Starting Permit User Sessions...
[[0;32m  OK  [0m] Started update of the root trust anâ€¦ for DNSSEC validation in unbound.
[[0;32m  OK  [0m] Started Permit User Sessions.
[[0;32m  OK  [0m] Started Command Scheduler.
         Starting Hold until boot process finishes up...
         Starting Terminate Plymouth Boot Screen...

CentOS Stream 8
Kernel 5.16.0-rc5-099eac91bcda+ on an x86_64

test login: [   28.260266] warning: checkpointing journal with EXT4_IOC_CHECKPOINT_FLAG_ZEROOUT can be slow
[   28.535123] warning: checkpointing journal with EXT4_IOC_CHECKPOINT_FLAG_ZEROOUT can be slow
[   28.765313] warning: checkpointing journal with EXT4_IOC_CHECKPOINT_FLAG_ZEROOUT can be slow
[   28.993140] warning: checkpointing journal with EXT4_IOC_CHECKPOINT_FLAG_ZEROOUT can be slow
[   29.220047] warning: checkpointing journal with EXT4_IOC_CHECKPOINT_FLAG_ZEROOUT can be slow
[   29.445664] warning: checkpointing journal with EXT4_IOC_CHECKPOINT_FLAG_ZEROOUT can be slow
[   29.670660] warning: checkpointing journal with EXT4_IOC_CHECKPOINT_FLAG_ZEROOUT can be slow
[   29.895642] warning: checkpointing journal with EXT4_IOC_CHECKPOINT_FLAG_ZEROOUT can be slow
[   30.122166] warning: checkpointing journal with EXT4_IOC_CHECKPOINT_FLAG_ZEROOUT can be slow
[   30.346704] warning: checkpointing journal with EXT4_IOC_CHECKPOINT_FLAG_ZEROOUT can be slow
[   33.483956] ext4_ioctl_checkpoint: 13 callbacks suppressed
[   33.483968] warning: checkpointing journal with EXT4_IOC_CHECKPOINT_FLAG_ZEROOUT can be slow
[   33.709017] warning: checkpointing journal with EXT4_IOC_CHECKPOINT_FLAG_ZEROOUT can be slow
[   33.933635] warning: checkpointing journal with EXT4_IOC_CHECKPOINT_FLAG_ZEROOUT can be slow
[   34.157988] warning: checkpointing journal with EXT4_IOC_CHECKPOINT_FLAG_ZEROOUT can be slow
[   34.382824] warning: checkpointing journal with EXT4_IOC_CHECKPOINT_FLAG_ZEROOUT can be slow
[   34.607268] warning: checkpointing journal with EXT4_IOC_CHECKPOINT_FLAG_ZEROOUT can be slow
[   34.832808] warning: checkpointing journal with EXT4_IOC_CHECKPOINT_FLAG_ZEROOUT can be slow
[   35.058847] warning: checkpointing journal with EXT4_IOC_CHECKPOINT_FLAG_ZEROOUT can be slow
[   35.283322] warning: checkpointing journal with EXT4_IOC_CHECKPOINT_FLAG_ZEROOUT can be slow
[   35.507772] warning: checkpointing journal with EXT4_IOC_CHECKPOINT_FLAG_ZEROOUT can be slow
[   38.654200] ext4_ioctl_checkpoint: 13 callbacks suppressed
[   38.654212] warning: checkpointing journal with EXT4_IOC_CHECKPOINT_FLAG_ZEROOUT can be slow
[   38.879324] warning: checkpointing journal with EXT4_IOC_CHECKPOINT_FLAG_ZEROOUT can be slow
[   39.104377] warning: checkpointing journal with EXT4_IOC_CHECKPOINT_FLAG_ZEROOUT can be slow
[   39.329809] warning: checkpointing journal with EXT4_IOC_CHECKPOINT_FLAG_ZEROOUT can be slow
[   39.554012] warning: checkpointing journal with EXT4_IOC_CHECKPOINT_FLAG_ZEROOUT can be slow
[   39.778637] warning: checkpointing journal with EXT4_IOC_CHECKPOINT_FLAG_ZEROOUT can be slow
[   40.003391] warning: checkpointing journal with EXT4_IOC_CHECKPOINT_FLAG_ZEROOUT can be slow
[   40.229161] warning: checkpointing journal with EXT4_IOC_CHECKPOINT_FLAG_ZEROOUT can be slow
[   40.453720] warning: checkpointing journal with EXT4_IOC_CHECKPOINT_FLAG_ZEROOUT can be slow
[   40.677671] warning: checkpointing journal with EXT4_IOC_CHECKPOINT_FLAG_ZEROOUT can be slow
[   43.817695] ext4_ioctl_checkpoint: 13 callbacks suppressed
[   43.817707] warning: checkpointing journal with EXT4_IOC_CHECKPOINT_FLAG_ZEROOUT can be slow
[   44.043196] warning: checkpointing journal with EXT4_IOC_CHECKPOINT_FLAG_ZEROOUT can be slow
[   44.268688] warning: checkpointing journal with EXT4_IOC_CHECKPOINT_FLAG_ZEROOUT can be slow
[   44.493799] warning: checkpointing journal with EXT4_IOC_CHECKPOINT_FLAG_ZEROOUT can be slow
[   44.719275] warning: checkpointing journal with EXT4_IOC_CHECKPOINT_FLAG_ZEROOUT can be slow
[   44.944658] warning: checkpointing journal with EXT4_IOC_CHECKPOINT_FLAG_ZEROOUT can be slow
[   45.169831] warning: checkpointing journal with EXT4_IOC_CHECKPOINT_FLAG_ZEROOUT can be slow
[   45.395120] warning: checkpointing journal with EXT4_IOC_CHECKPOINT_FLAG_ZEROOUT can be slow
[   45.619729] warning: checkpointing journal with EXT4_IOC_CHECKPOINT_FLAG_ZEROOUT can be slow
[   45.844368] warning: checkpointing journal with EXT4_IOC_CHECKPOINT_FLAG_ZEROOUT can be slow
[   48.987523] ext4_ioctl_checkpoint: 13 callbacks suppressed
[   48.987535] warning: checkpointing journal with EXT4_IOC_CHECKPOINT_FLAG_ZEROOUT can be slow
[   49.213121] warning: checkpointing journal with EXT4_IOC_CHECKPOINT_FLAG_ZEROOUT can be slow
[   49.438902] warning: checkpointing journal with EXT4_IOC_CHECKPOINT_FLAG_ZEROOUT can be slow
[   49.665036] warning: checkpointing journal with EXT4_IOC_CHECKPOINT_FLAG_ZEROOUT can be slow
[   49.889958] warning: checkpointing journal with EXT4_IOC_CHECKPOINT_FLAG_ZEROOUT can be slow
[   50.114730] warning: checkpointing journal with EXT4_IOC_CHECKPOINT_FLAG_ZEROOUT can be slow
[   50.339161] warning: checkpointing journal with EXT4_IOC_CHECKPOINT_FLAG_ZEROOUT can be slow
[   50.564119] warning: checkpointing journal with EXT4_IOC_CHECKPOINT_FLAG_ZEROOUT can be slow
[   50.788750] warning: checkpointing journal with EXT4_IOC_CHECKPOINT_FLAG_ZEROOUT can be slow
[   51.014723] warning: checkpointing journal with EXT4_IOC_CHECKPOINT_FLAG_ZEROOUT can be slow
[   54.153850] ext4_ioctl_checkpoint: 13 callbacks suppressed
[   54.153862] warning: checkpointing journal with EXT4_IOC_CHECKPOINT_FLAG_ZEROOUT can be slow
[   54.378955] warning: checkpointing journal with EXT4_IOC_CHECKPOINT_FLAG_ZEROOUT can be slow
[   54.603623] warning: checkpointing journal with EXT4_IOC_CHECKPOINT_FLAG_ZEROOUT can be slow
[   54.830023] warning: checkpointing journal with EXT4_IOC_CHECKPOINT_FLAG_ZEROOUT can be slow
[   55.054728] warning: checkpointing journal with EXT4_IOC_CHECKPOINT_FLAG_ZEROOUT can be slow
[   55.280586] warning: checkpointing journal with EXT4_IOC_CHECKPOINT_FLAG_ZEROOUT can be slow
[   55.506040] warning: checkpointing journal with EXT4_IOC_CHECKPOINT_FLAG_ZEROOUT can be slow
[   55.730656] warning: checkpointing journal with EXT4_IOC_CHECKPOINT_FLAG_ZEROOUT can be slow
[   55.955070] warning: checkpointing journal with EXT4_IOC_CHECKPOINT_FLAG_ZEROOUT can be slow
[   56.179642] warning: checkpointing journal with EXT4_IOC_CHECKPOINT_FLAG_ZEROOUT can be slow
[   59.314292] ext4_ioctl_checkpoint: 13 callbacks suppressed
[   59.314304] warning: checkpointing journal with EXT4_IOC_CHECKPOINT_FLAG_ZEROOUT can be slow
[   59.540120] warning: checkpointing journal with EXT4_IOC_CHECKPOINT_FLAG_ZEROOUT can be slow
[   59.764283] warning: checkpointing journal with EXT4_IOC_CHECKPOINT_FLAG_ZEROOUT can be slow
[   59.989397] warning: checkpointing journal with EXT4_IOC_CHECKPOINT_FLAG_ZEROOUT can be slow
[   60.215889] warning: checkpointing journal with EXT4_IOC_CHECKPOINT_FLAG_ZEROOUT can be slow
[   60.439731] warning: checkpointing journal with EXT4_IOC_CHECKPOINT_FLAG_ZEROOUT can be slow
[   60.664410] warning: checkpointing journal with EXT4_IOC_CHECKPOINT_FLAG_ZEROOUT can be slow
[   60.888847] warning: checkpointing journal with EXT4_IOC_CHECKPOINT_FLAG_ZEROOUT can be slow
[   61.116154] warning: checkpointing journal with EXT4_IOC_CHECKPOINT_FLAG_ZEROOUT can be slow
[   61.342143] warning: checkpointing journal with EXT4_IOC_CHECKPOINT_FLAG_ZEROOUT can be slow
[   64.473488] ext4_ioctl_checkpoint: 13 callbacks suppressed
[   64.473500] warning: checkpointing journal with EXT4_IOC_CHECKPOINT_FLAG_ZEROOUT can be slow
[   64.697268] warning: checkpointing journal with EXT4_IOC_CHECKPOINT_FLAG_ZEROOUT can be slow
[   64.920539] warning: checkpointing journal with EXT4_IOC_CHECKPOINT_FLAG_ZEROOUT can be slow
[   65.144061] warning: checkpointing journal with EXT4_IOC_CHECKPOINT_FLAG_ZEROOUT can be slow
[   65.368646] warning: checkpointing journal with EXT4_IOC_CHECKPOINT_FLAG_ZEROOUT can be slow
[   65.594986] warning: checkpointing journal with EXT4_IOC_CHECKPOINT_FLAG_ZEROOUT can be slow
[   65.818478] warning: checkpointing journal with EXT4_IOC_CHECKPOINT_FLAG_ZEROOUT can be slow
[   66.042018] warning: checkpointing journal with EXT4_IOC_CHECKPOINT_FLAG_ZEROOUT can be slow
[   66.265417] warning: checkpointing journal with EXT4_IOC_CHECKPOINT_FLAG_ZEROOUT can be slow
[   66.488811] warning: checkpointing journal with EXT4_IOC_CHECKPOINT_FLAG_ZEROOUT can be slow
[   69.594611] ext4_ioctl_checkpoint: 13 callbacks suppressed
[   69.594623] warning: checkpointing journal with EXT4_IOC_CHECKPOINT_FLAG_ZEROOUT can be slow
[   69.818036] warning: checkpointing journal with EXT4_IOC_CHECKPOINT_FLAG_ZEROOUT can be slow
[   70.040393] warning: checkpointing journal with EXT4_IOC_CHECKPOINT_FLAG_ZEROOUT can be slow
[   70.262484] warning: checkpointing journal with EXT4_IOC_CHECKPOINT_FLAG_ZEROOUT can be slow
[   70.485180] warning: checkpointing journal with EXT4_IOC_CHECKPOINT_FLAG_ZEROOUT can be slow
[   70.707559] warning: checkpointing journal with EXT4_IOC_CHECKPOINT_FLAG_ZEROOUT can be slow
[   70.929412] warning: checkpointing journal with EXT4_IOC_CHECKPOINT_FLAG_ZEROOUT can be slow
[   71.151400] warning: checkpointing journal with EXT4_IOC_CHECKPOINT_FLAG_ZEROOUT can be slow
[   71.373615] warning: checkpointing journal with EXT4_IOC_CHECKPOINT_FLAG_ZEROOUT can be slow
[   71.596025] warning: checkpointing journal with EXT4_IOC_CHECKPOINT_FLAG_ZEROOUT can be slow
[   74.694559] ext4_ioctl_checkpoint: 13 callbacks suppressed
[   74.694571] warning: checkpointing journal with EXT4_IOC_CHECKPOINT_FLAG_ZEROOUT can be slow
[   74.916374] warning: checkpointing journal with EXT4_IOC_CHECKPOINT_FLAG_ZEROOUT can be slow
[   75.138050] warning: checkpointing journal with EXT4_IOC_CHECKPOINT_FLAG_ZEROOUT can be slow
[   75.359952] warning: checkpointing journal with EXT4_IOC_CHECKPOINT_FLAG_ZEROOUT can be slow
[   75.581294] warning: checkpointing journal with EXT4_IOC_CHECKPOINT_FLAG_ZEROOUT can be slow
[   75.804080] warning: checkpointing journal with EXT4_IOC_CHECKPOINT_FLAG_ZEROOUT can be slow
[   76.025845] warning: checkpointing journal with EXT4_IOC_CHECKPOINT_FLAG_ZEROOUT can be slow
[   76.247669] warning: checkpointing journal with EXT4_IOC_CHECKPOINT_FLAG_ZEROOUT can be slow
[   76.469279] warning: checkpointing journal with EXT4_IOC_CHECKPOINT_FLAG_ZEROOUT can be slow
[   76.691866] warning: checkpointing journal with EXT4_IOC_CHECKPOINT_FLAG_ZEROOUT can be slow
[   79.796713] ext4_ioctl_checkpoint: 13 callbacks suppressed
[   79.796725] warning: checkpointing journal with EXT4_IOC_CHECKPOINT_FLAG_ZEROOUT can be slow
[   80.018978] warning: checkpointing journal with EXT4_IOC_CHECKPOINT_FLAG_ZEROOUT can be slow
[   80.240348] warning: checkpointing journal with EXT4_IOC_CHECKPOINT_FLAG_ZEROOUT can be slow
[   80.462214] warning: checkpointing journal with EXT4_IOC_CHECKPOINT_FLAG_ZEROOUT can be slow
[   80.684816] warning: checkpointing journal with EXT4_IOC_CHECKPOINT_FLAG_ZEROOUT can be slow
[   80.906907] warning: checkpointing journal with EXT4_IOC_CHECKPOINT_FLAG_ZEROOUT can be slow
[   81.129166] warning: checkpointing journal with EXT4_IOC_CHECKPOINT_FLAG_ZEROOUT can be slow
[   81.351939] warning: checkpointing journal with EXT4_IOC_CHECKPOINT_FLAG_ZEROOUT can be slow
[   81.575571] warning: checkpointing journal with EXT4_IOC_CHECKPOINT_FLAG_ZEROOUT can be slow
[   81.797682] warning: checkpointing journal with EXT4_IOC_CHECKPOINT_FLAG_ZEROOUT can be slow
[   84.897342] ext4_ioctl_checkpoint: 13 callbacks suppressed
[   84.898495] warning: checkpointing journal with EXT4_IOC_CHECKPOINT_FLAG_ZEROOUT can be slow
[   85.120223] warning: checkpointing journal with EXT4_IOC_CHECKPOINT_FLAG_ZEROOUT can be slow
[   85.342925] warning: checkpointing journal with EXT4_IOC_CHECKPOINT_FLAG_ZEROOUT can be slow
[   85.565768] warning: checkpointing journal with EXT4_IOC_CHECKPOINT_FLAG_ZEROOUT can be slow
[   85.788119] warning: checkpointing journal with EXT4_IOC_CHECKPOINT_FLAG_ZEROOUT can be slow
[   86.010923] warning: checkpointing journal with EXT4_IOC_CHECKPOINT_FLAG_ZEROOUT can be slow
[   86.232359] warning: checkpointing journal with EXT4_IOC_CHECKPOINT_FLAG_ZEROOUT can be slow
[   86.454475] warning: checkpointing journal with EXT4_IOC_CHECKPOINT_FLAG_ZEROOUT can be slow
[   86.678236] warning: checkpointing journal with EXT4_IOC_CHECKPOINT_FLAG_ZEROOUT can be slow
[   86.899871] warning: checkpointing journal with EXT4_IOC_CHECKPOINT_FLAG_ZEROOUT can be slow
[   90.000336] ext4_ioctl_checkpoint: 13 callbacks suppressed
[   90.000349] warning: checkpointing journal with EXT4_IOC_CHECKPOINT_FLAG_ZEROOUT can be slow
[   90.223191] warning: checkpointing journal with EXT4_IOC_CHECKPOINT_FLAG_ZEROOUT can be slow
[   90.445225] warning: checkpointing journal with EXT4_IOC_CHECKPOINT_FLAG_ZEROOUT can be slow
[   90.667680] warning: checkpointing journal with EXT4_IOC_CHECKPOINT_FLAG_ZEROOUT can be slow
[   90.890218] warning: checkpointing journal with EXT4_IOC_CHECKPOINT_FLAG_ZEROOUT can be slow
[   91.113726] warning: checkpointing journal with EXT4_IOC_CHECKPOINT_FLAG_ZEROOUT can be slow
[   91.335305] warning: checkpointing journal with EXT4_IOC_CHECKPOINT_FLAG_ZEROOUT can be slow
[   91.557308] warning: checkpointing journal with EXT4_IOC_CHECKPOINT_FLAG_ZEROOUT can be slow
[   91.778924] warning: checkpointing journal with EXT4_IOC_CHECKPOINT_FLAG_ZEROOUT can be slow
[   92.001036] warning: checkpointing journal with EXT4_IOC_CHECKPOINT_FLAG_ZEROOUT can be slow
[   95.101128] ext4_ioctl_checkpoint: 13 callbacks suppressed
[   95.101140] warning: checkpointing journal with EXT4_IOC_CHECKPOINT_FLAG_ZEROOUT can be slow
[   95.323551] warning: checkpointing journal with EXT4_IOC_CHECKPOINT_FLAG_ZEROOUT can be slow
[   95.545916] warning: checkpointing journal with EXT4_IOC_CHECKPOINT_FLAG_ZEROOUT can be slow
[   95.768135] warning: checkpointing journal with EXT4_IOC_CHECKPOINT_FLAG_ZEROOUT can be slow
[   95.989522] warning: checkpointing journal with EXT4_IOC_CHECKPOINT_FLAG_ZEROOUT can be slow
[   96.212004] warning: checkpointing journal with EXT4_IOC_CHECKPOINT_FLAG_ZEROOUT can be slow
[   96.435987] warning: checkpointing journal with EXT4_IOC_CHECKPOINT_FLAG_ZEROOUT can be slow
[   96.658545] warning: checkpointing journal with EXT4_IOC_CHECKPOINT_FLAG_ZEROOUT can be slow
[   96.881296] warning: checkpointing journal with EXT4_IOC_CHECKPOINT_FLAG_ZEROOUT can be slow
[   97.104018] warning: checkpointing journal with EXT4_IOC_CHECKPOINT_FLAG_ZEROOUT can be slow
[  100.209808] ext4_ioctl_checkpoint: 13 callbacks suppressed
[  100.209820] warning: checkpointing journal with EXT4_IOC_CHECKPOINT_FLAG_ZEROOUT can be slow
[  100.431914] warning: checkpointing journal with EXT4_IOC_CHECKPOINT_FLAG_ZEROOUT can be slow
[  100.657140] warning: checkpointing journal with EXT4_IOC_CHECKPOINT_FLAG_ZEROOUT can be slow
[  100.881859] warning: checkpointing journal with EXT4_IOC_CHECKPOINT_FLAG_ZEROOUT can be slow
[  101.105614] warning: checkpointing journal with EXT4_IOC_CHECKPOINT_FLAG_ZEROOUT can be slow
[  101.328742] warning: checkpointing journal with EXT4_IOC_CHECKPOINT_FLAG_ZEROOUT can be slow
[  101.551343] warning: checkpointing journal with EXT4_IOC_CHECKPOINT_FLAG_ZEROOUT can be slow
[  101.774286] warning: checkpointing journal with EXT4_IOC_CHECKPOINT_FLAG_ZEROOUT can be slow
[  101.996707] warning: checkpointing journal with EXT4_IOC_CHECKPOINT_FLAG_ZEROOUT can be slow
[  102.219140] warning: checkpointing journal with EXT4_IOC_CHECKPOINT_FLAG_ZEROOUT can be slow
[  105.321028] ext4_ioctl_checkpoint: 13 callbacks suppressed
[  105.321040] warning: checkpointing journal with EXT4_IOC_CHECKPOINT_FLAG_ZEROOUT can be slow
[  105.543406] warning: checkpointing journal with EXT4_IOC_CHECKPOINT_FLAG_ZEROOUT can be slow
[  105.765565] warning: checkpointing journal with EXT4_IOC_CHECKPOINT_FLAG_ZEROOUT can be slow
[  105.988569] warning: checkpointing journal with EXT4_IOC_CHECKPOINT_FLAG_ZEROOUT can be slow
[  106.212051] warning: checkpointing journal with EXT4_IOC_CHECKPOINT_FLAG_ZEROOUT can be slow
[  106.434401] warning: checkpointing journal with EXT4_IOC_CHECKPOINT_FLAG_ZEROOUT can be slow
[  106.655917] warning: checkpointing journal with EXT4_IOC_CHECKPOINT_FLAG_ZEROOUT can be slow
[  106.877992] warning: checkpointing journal with EXT4_IOC_CHECKPOINT_FLAG_ZEROOUT can be slow
[  107.099751] warning: checkpointing journal with EXT4_IOC_CHECKPOINT_FLAG_ZEROOUT can be slow
[  107.321707] warning: checkpointing journal with EXT4_IOC_CHECKPOINT_FLAG_ZEROOUT can be slow
[  110.423212] ext4_ioctl_checkpoint: 13 callbacks suppressed
[  110.423224] warning: checkpointing journal with EXT4_IOC_CHECKPOINT_FLAG_ZEROOUT can be slow
[  110.646772] warning: checkpointing journal with EXT4_IOC_CHECKPOINT_FLAG_ZEROOUT can be slow
[  110.869738] warning: checkpointing journal with EXT4_IOC_CHECKPOINT_FLAG_ZEROOUT can be slow
[  111.091905] warning: checkpointing journal with EXT4_IOC_CHECKPOINT_FLAG_ZEROOUT can be slow
[  111.313462] warning: checkpointing journal with EXT4_IOC_CHECKPOINT_FLAG_ZEROOUT can be slow
[  111.535653] warning: checkpointing journal with EXT4_IOC_CHECKPOINT_FLAG_ZEROOUT can be slow
[  111.757991] warning: checkpointing journal with EXT4_IOC_CHECKPOINT_FLAG_ZEROOUT can be slow
[  111.980549] warning: checkpointing journal with EXT4_IOC_CHECKPOINT_FLAG_ZEROOUT can be slow
[  112.202758] warning: checkpointing journal with EXT4_IOC_CHECKPOINT_FLAG_ZEROOUT can be slow
[  112.424952] warning: checkpointing journal with EXT4_IOC_CHECKPOINT_FLAG_ZEROOUT can be slow
[  115.524170] ext4_ioctl_checkpoint: 13 callbacks suppressed
[  115.524182] warning: checkpointing journal with EXT4_IOC_CHECKPOINT_FLAG_ZEROOUT can be slow
[  115.746425] warning: checkpointing journal with EXT4_IOC_CHECKPOINT_FLAG_ZEROOUT can be slow
[  115.968885] warning: checkpointing journal with EXT4_IOC_CHECKPOINT_FLAG_ZEROOUT can be slow
[  116.190998] warning: checkpointing journal with EXT4_IOC_CHECKPOINT_FLAG_ZEROOUT can be slow
[  116.412841] warning: checkpointing journal with EXT4_IOC_CHECKPOINT_FLAG_ZEROOUT can be slow
[  116.634831] warning: checkpointing journal with EXT4_IOC_CHECKPOINT_FLAG_ZEROOUT can be slow
[  116.856865] warning: checkpointing journal with EXT4_IOC_CHECKPOINT_FLAG_ZEROOUT can be slow
[  117.079489] warning: checkpointing journal with EXT4_IOC_CHECKPOINT_FLAG_ZEROOUT can be slow
[  117.302420] warning: checkpointing journal with EXT4_IOC_CHECKPOINT_FLAG_ZEROOUT can be slow
[  117.525155] warning: checkpointing journal with EXT4_IOC_CHECKPOINT_FLAG_ZEROOUT can be slow
[  120.627443] ext4_ioctl_checkpoint: 13 callbacks suppressed
[  120.627456] warning: checkpointing journal with EXT4_IOC_CHECKPOINT_FLAG_ZEROOUT can be slow
[  120.850589] warning: checkpointing journal with EXT4_IOC_CHECKPOINT_FLAG_ZEROOUT can be slow
[  121.073022] warning: checkpointing journal with EXT4_IOC_CHECKPOINT_FLAG_ZEROOUT can be slow
[  121.295462] warning: checkpointing journal with EXT4_IOC_CHECKPOINT_FLAG_ZEROOUT can be slow
[  121.516900] warning: checkpointing journal with EXT4_IOC_CHECKPOINT_FLAG_ZEROOUT can be slow
[  121.738876] warning: checkpointing journal with EXT4_IOC_CHECKPOINT_FLAG_ZEROOUT can be slow
[  121.960605] warning: checkpointing journal with EXT4_IOC_CHECKPOINT_FLAG_ZEROOUT can be slow
[  122.182220] warning: checkpointing journal with EXT4_IOC_CHECKPOINT_FLAG_ZEROOUT can be slow
[  122.404094] warning: checkpointing journal with EXT4_IOC_CHECKPOINT_FLAG_ZEROOUT can be slow
[  122.626155] warning: checkpointing journal with EXT4_IOC_CHECKPOINT_FLAG_ZEROOUT can be slow
[  125.728841] ext4_ioctl_checkpoint: 13 callbacks suppressed
[  125.728854] warning: checkpointing journal with EXT4_IOC_CHECKPOINT_FLAG_ZEROOUT can be slow
[  125.951466] warning: checkpointing journal with EXT4_IOC_CHECKPOINT_FLAG_ZEROOUT can be slow
[  126.173583] warning: checkpointing journal with EXT4_IOC_CHECKPOINT_FLAG_ZEROOUT can be slow
[  126.395663] warning: checkpointing journal with EXT4_IOC_CHECKPOINT_FLAG_ZEROOUT can be slow
[  126.617250] warning: checkpointing journal with EXT4_IOC_CHECKPOINT_FLAG_ZEROOUT can be slow
[  126.839058] warning: checkpointing journal with EXT4_IOC_CHECKPOINT_FLAG_ZEROOUT can be slow
[  127.060259] warning: checkpointing journal with EXT4_IOC_CHECKPOINT_FLAG_ZEROOUT can be slow
[  127.282450] warning: checkpointing journal with EXT4_IOC_CHECKPOINT_FLAG_ZEROOUT can be slow
[  127.504425] warning: checkpointing journal with EXT4_IOC_CHECKPOINT_FLAG_ZEROOUT can be slow
[  127.726780] warning: checkpointing journal with EXT4_IOC_CHECKPOINT_FLAG_ZEROOUT can be slow
[  130.830771] ext4_ioctl_checkpoint: 13 callbacks suppressed
[  130.830784] warning: checkpointing journal with EXT4_IOC_CHECKPOINT_FLAG_ZEROOUT can be slow
[  131.053793] warning: checkpointing journal with EXT4_IOC_CHECKPOINT_FLAG_ZEROOUT can be slow
[  131.275865] warning: checkpointing journal with EXT4_IOC_CHECKPOINT_FLAG_ZEROOUT can be slow
[  131.497960] warning: checkpointing journal with EXT4_IOC_CHECKPOINT_FLAG_ZEROOUT can be slow
[  131.720098] warning: checkpointing journal with EXT4_IOC_CHECKPOINT_FLAG_ZEROOUT can be slow
[  131.941877] warning: checkpointing journal with EXT4_IOC_CHECKPOINT_FLAG_ZEROOUT can be slow
[  132.164257] warning: checkpointing journal with EXT4_IOC_CHECKPOINT_FLAG_ZEROOUT can be slow
[  132.386170] warning: checkpointing journal with EXT4_IOC_CHECKPOINT_FLAG_ZEROOUT can be slow
[  132.609901] warning: checkpointing journal with EXT4_IOC_CHECKPOINT_FLAG_ZEROOUT can be slow
[  132.831975] warning: checkpointing journal with EXT4_IOC_CHECKPOINT_FLAG_ZEROOUT can be slow
[  135.942589] ext4_ioctl_checkpoint: 13 callbacks suppressed
[  135.942601] warning: checkpointing journal with EXT4_IOC_CHECKPOINT_FLAG_ZEROOUT can be slow
[  136.165759] warning: checkpointing journal with EXT4_IOC_CHECKPOINT_FLAG_ZEROOUT can be slow
[  136.388621] warning: checkpointing journal with EXT4_IOC_CHECKPOINT_FLAG_ZEROOUT can be slow
[  136.611810] warning: checkpointing journal with EXT4_IOC_CHECKPOINT_FLAG_ZEROOUT can be slow
[  136.834938] warning: checkpointing journal with EXT4_IOC_CHECKPOINT_FLAG_ZEROOUT can be slow
[  137.057916] warning: checkpointing journal with EXT4_IOC_CHECKPOINT_FLAG_ZEROOUT can be slow
[  137.280648] warning: checkpointing journal with EXT4_IOC_CHECKPOINT_FLAG_ZEROOUT can be slow
[  137.503632] warning: checkpointing journal with EXT4_IOC_CHECKPOINT_FLAG_ZEROOUT can be slow
[  137.726421] warning: checkpointing journal with EXT4_IOC_CHECKPOINT_FLAG_ZEROOUT can be slow
[  137.948196] warning: checkpointing journal with EXT4_IOC_CHECKPOINT_FLAG_ZEROOUT can be slow
[  141.045871] ext4_ioctl_checkpoint: 13 callbacks suppressed
[  141.045885] warning: checkpointing journal with EXT4_IOC_CHECKPOINT_FLAG_ZEROOUT can be slow
[  141.268259] warning: checkpointing journal with EXT4_IOC_CHECKPOINT_FLAG_ZEROOUT can be slow
[  141.490168] warning: checkpointing journal with EXT4_IOC_CHECKPOINT_FLAG_ZEROOUT can be slow
[  141.712245] warning: checkpointing journal with EXT4_IOC_CHECKPOINT_FLAG_ZEROOUT can be slow
[  141.934895] warning: checkpointing journal with EXT4_IOC_CHECKPOINT_FLAG_ZEROOUT can be slow
[  142.157606] warning: checkpointing journal with EXT4_IOC_CHECKPOINT_FLAG_ZEROOUT can be slow
[  142.381017] warning: checkpointing journal with EXT4_IOC_CHECKPOINT_FLAG_ZEROOUT can be slow
[  142.602927] warning: checkpointing journal with EXT4_IOC_CHECKPOINT_FLAG_ZEROOUT can be slow
[  142.825052] warning: checkpointing journal with EXT4_IOC_CHECKPOINT_FLAG_ZEROOUT can be slow
[  143.047585] warning: checkpointing journal with EXT4_IOC_CHECKPOINT_FLAG_ZEROOUT can be slow
[  146.154404] ext4_ioctl_checkpoint: 13 callbacks suppressed
[  146.154416] warning: checkpointing journal with EXT4_IOC_CHECKPOINT_FLAG_ZEROOUT can be slow
[  146.377479] warning: checkpointing journal with EXT4_IOC_CHECKPOINT_FLAG_ZEROOUT can be slow
[  146.600687] warning: checkpointing journal with EXT4_IOC_CHECKPOINT_FLAG_ZEROOUT can be slow
[  146.823483] warning: checkpointing journal with EXT4_IOC_CHECKPOINT_FLAG_ZEROOUT can be slow
[  147.046311] warning: checkpointing journal with EXT4_IOC_CHECKPOINT_FLAG_ZEROOUT can be slow
[  147.270085] warning: checkpointing journal with EXT4_IOC_CHECKPOINT_FLAG_ZEROOUT can be slow
[  147.491837] warning: checkpointing journal with EXT4_IOC_CHECKPOINT_FLAG_ZEROOUT can be slow
[  147.714052] warning: checkpointing journal with EXT4_IOC_CHECKPOINT_FLAG_ZEROOUT can be slow
[  147.937141] warning: checkpointing journal with EXT4_IOC_CHECKPOINT_FLAG_ZEROOUT can be slow
[  148.159317] warning: checkpointing journal with EXT4_IOC_CHECKPOINT_FLAG_ZEROOUT can be slow
[  151.232309] ext4_ioctl_checkpoint: 13 callbacks suppressed
[  151.232321] warning: checkpointing journal with EXT4_IOC_CHECKPOINT_FLAG_ZEROOUT can be slow
[  151.455928] warning: checkpointing journal with EXT4_IOC_CHECKPOINT_FLAG_ZEROOUT can be slow
[  151.678899] warning: checkpointing journal with EXT4_IOC_CHECKPOINT_FLAG_ZEROOUT can be slow
[  151.903270] warning: checkpointing journal with EXT4_IOC_CHECKPOINT_FLAG_ZEROOUT can be slow
[  152.126352] warning: checkpointing journal with EXT4_IOC_CHECKPOINT_FLAG_ZEROOUT can be slow
[  152.349854] warning: checkpointing journal with EXT4_IOC_CHECKPOINT_FLAG_ZEROOUT can be slow
[  152.572482] warning: checkpointing journal with EXT4_IOC_CHECKPOINT_FLAG_ZEROOUT can be slow
[  152.794958] warning: checkpointing journal with EXT4_IOC_CHECKPOINT_FLAG_ZEROOUT can be slow
[  153.017841] warning: checkpointing journal with EXT4_IOC_CHECKPOINT_FLAG_ZEROOUT can be slow
[  153.240733] warning: checkpointing journal with EXT4_IOC_CHECKPOINT_FLAG_ZEROOUT can be slow
[  156.344945] ext4_ioctl_checkpoint: 13 callbacks suppressed
[  156.344957] warning: checkpointing journal with EXT4_IOC_CHECKPOINT_FLAG_ZEROOUT can be slow
[  156.568065] warning: checkpointing journal with EXT4_IOC_CHECKPOINT_FLAG_ZEROOUT can be slow
[  156.790694] warning: checkpointing journal with EXT4_IOC_CHECKPOINT_FLAG_ZEROOUT can be slow
[  157.014044] warning: checkpointing journal with EXT4_IOC_CHECKPOINT_FLAG_ZEROOUT can be slow
[  157.236597] warning: checkpointing journal with EXT4_IOC_CHECKPOINT_FLAG_ZEROOUT can be slow
[  157.459267] warning: checkpointing journal with EXT4_IOC_CHECKPOINT_FLAG_ZEROOUT can be slow
[  157.682307] warning: checkpointing journal with EXT4_IOC_CHECKPOINT_FLAG_ZEROOUT can be slow
[  157.904313] warning: checkpointing journal with EXT4_IOC_CHECKPOINT_FLAG_ZEROOUT can be slow
[  158.127304] warning: checkpointing journal with EXT4_IOC_CHECKPOINT_FLAG_ZEROOUT can be slow
[  158.349534] warning: checkpointing journal with EXT4_IOC_CHECKPOINT_FLAG_ZEROOUT can be slow
[  161.449916] ext4_ioctl_checkpoint: 13 callbacks suppressed
[  161.449928] warning: checkpointing journal with EXT4_IOC_CHECKPOINT_FLAG_ZEROOUT can be slow
[  161.672933] warning: checkpointing journal with EXT4_IOC_CHECKPOINT_FLAG_ZEROOUT can be slow
[  161.895712] warning: checkpointing journal with EXT4_IOC_CHECKPOINT_FLAG_ZEROOUT can be slow
[  162.118564] warning: checkpointing journal with EXT4_IOC_CHECKPOINT_FLAG_ZEROOUT can be slow
[  162.341045] warning: checkpointing journal with EXT4_IOC_CHECKPOINT_FLAG_ZEROOUT can be slow
[  162.563909] warning: checkpointing journal with EXT4_IOC_CHECKPOINT_FLAG_ZEROOUT can be slow
[  162.786480] warning: checkpointing journal with EXT4_IOC_CHECKPOINT_FLAG_ZEROOUT can be slow
[  163.009305] warning: checkpointing journal with EXT4_IOC_CHECKPOINT_FLAG_ZEROOUT can be slow
[  163.232237] warning: checkpointing journal with EXT4_IOC_CHECKPOINT_FLAG_ZEROOUT can be slow
[  163.454201] warning: checkpointing journal with EXT4_IOC_CHECKPOINT_FLAG_ZEROOUT can be slow
[  166.553970] ext4_ioctl_checkpoint: 13 callbacks suppressed
[  166.553982] warning: checkpointing journal with EXT4_IOC_CHECKPOINT_FLAG_ZEROOUT can be slow
[  166.776592] warning: checkpointing journal with EXT4_IOC_CHECKPOINT_FLAG_ZEROOUT can be slow
[  166.998785] warning: checkpointing journal with EXT4_IOC_CHECKPOINT_FLAG_ZEROOUT can be slow
[  167.221282] warning: checkpointing journal with EXT4_IOC_CHECKPOINT_FLAG_ZEROOUT can be slow
[  167.443547] warning: checkpointing journal with EXT4_IOC_CHECKPOINT_FLAG_ZEROOUT can be slow
[  167.665751] warning: checkpointing journal with EXT4_IOC_CHECKPOINT_FLAG_ZEROOUT can be slow
[  167.887280] warning: checkpointing journal with EXT4_IOC_CHECKPOINT_FLAG_ZEROOUT can be slow
[  168.109919] warning: checkpointing journal with EXT4_IOC_CHECKPOINT_FLAG_ZEROOUT can be slow
[  168.332705] warning: checkpointing journal with EXT4_IOC_CHECKPOINT_FLAG_ZEROOUT can be slow
[  168.554637] warning: checkpointing journal with EXT4_IOC_CHECKPOINT_FLAG_ZEROOUT can be slow
[  171.652645] ext4_ioctl_checkpoint: 13 callbacks suppressed
[  171.652658] warning: checkpointing journal with EXT4_IOC_CHECKPOINT_FLAG_ZEROOUT can be slow
[  171.875357] warning: checkpointing journal with EXT4_IOC_CHECKPOINT_FLAG_ZEROOUT can be slow
[  172.097450] warning: checkpointing journal with EXT4_IOC_CHECKPOINT_FLAG_ZEROOUT can be slow
[  172.319560] warning: checkpointing journal with EXT4_IOC_CHECKPOINT_FLAG_ZEROOUT can be slow
[  172.541948] warning: checkpointing journal with EXT4_IOC_CHECKPOINT_FLAG_ZEROOUT can be slow
[  172.764425] warning: checkpointing journal with EXT4_IOC_CHECKPOINT_FLAG_ZEROOUT can be slow
[  172.986865] warning: checkpointing journal with EXT4_IOC_CHECKPOINT_FLAG_ZEROOUT can be slow
[  173.209654] warning: checkpointing journal with EXT4_IOC_CHECKPOINT_FLAG_ZEROOUT can be slow
[  173.435410] warning: checkpointing journal with EXT4_IOC_CHECKPOINT_FLAG_ZEROOUT can be slow
