c[?7l[2J[0mSeaBIOS (version rel-1.16.0-0-gd239552ce722-prebuilt.qemu.org)


iPXE (http://ipxe.org) 00:03.0 CA00 PCI2.10 PnP PMM+7FF91000+7FEF1000 CA00
Press Ctrl-B to configure iPXE (PCI 00:03.0)...                                                                               


Booting from ROM..c[?7l[2J[    0.000000] Linux version 5.19.0-48a577dc1b09+ (root@984fee00a1f6.jf.intel.com) (gcc (GCC) 8.5.0 20210514 (Red Hat 8.5.0-17), GNU ld version 2.36.1-3.el8) #1 SMP PREEMPT_DYNAMIC Tue Dec 13 03:10:44 PST 2022
[    0.000000] Command line: console=ttyS0 root=/dev/sda earlyprintk=serial net.ifnames=0
[    0.000000] KERNEL supported cpus:
[    0.000000]   Intel GenuineIntel
[    0.000000]   AMD AuthenticAMD
[    0.000000]   Hygon HygonGenuine
[    0.000000]   Centaur CentaurHauls
[    0.000000]   zhaoxin   Shanghai  
[    0.000000] x86/split lock detection: #DB: warning on user-space bus_locks
[    0.000000] x86/fpu: Supporting XSAVE feature 0x001: 'x87 floating point registers'
[    0.000000] x86/fpu: Supporting XSAVE feature 0x002: 'SSE registers'
[    0.000000] x86/fpu: Supporting XSAVE feature 0x004: 'AVX registers'
[    0.000000] x86/fpu: Supporting XSAVE feature 0x020: 'AVX-512 opmask'
[    0.000000] x86/fpu: Supporting XSAVE feature 0x040: 'AVX-512 Hi256'
[    0.000000] x86/fpu: Supporting XSAVE feature 0x080: 'AVX-512 ZMM_Hi256'
[    0.000000] x86/fpu: Supporting XSAVE feature 0x200: 'Protection Keys User registers'
[    0.000000] x86/fpu: Supporting XSAVE feature 0x20000: 'AMX Tile config'
[    0.000000] x86/fpu: Supporting XSAVE feature 0x40000: 'AMX Tile data'
[    0.000000] x86/fpu: xstate_offset[2]:  576, xstate_sizes[2]:  256
[    0.000000] x86/fpu: xstate_offset[5]:  832, xstate_sizes[5]:   64
[    0.000000] x86/fpu: xstate_offset[6]:  896, xstate_sizes[6]:  512
[    0.000000] x86/fpu: xstate_offset[7]: 1408, xstate_sizes[7]: 1024
[    0.000000] x86/fpu: xstate_offset[9]: 2432, xstate_sizes[9]:    8
[    0.000000] x86/fpu: xstate_offset[17]: 2496, xstate_sizes[17]:   64
[    0.000000] x86/fpu: xstate_offset[18]: 2560, xstate_sizes[18]: 8192
[    0.000000] x86/fpu: Enabled xstate features 0x602e7, context size is 10752 bytes, using 'compacted' format.
[    0.000000] signal: max sigframe size: 11952
[    0.000000] BIOS-provided physical RAM map:
[    0.000000] BIOS-e820: [mem 0x0000000000000000-0x000000000009fbff] usable
[    0.000000] BIOS-e820: [mem 0x000000000009fc00-0x000000000009ffff] reserved
[    0.000000] BIOS-e820: [mem 0x00000000000f0000-0x00000000000fffff] reserved
[    0.000000] BIOS-e820: [mem 0x0000000000100000-0x000000007ffdffff] usable
[    0.000000] BIOS-e820: [mem 0x000000007ffe0000-0x000000007fffffff] reserved
[    0.000000] BIOS-e820: [mem 0x00000000feffc000-0x00000000feffffff] reserved
[    0.000000] BIOS-e820: [mem 0x00000000fffc0000-0x00000000ffffffff] reserved
[    0.000000] printk: bootconsole [earlyser0] enabled
[    0.000000] NX (Execute Disable) protection: active
[    0.000000] SMBIOS 2.8 present.
[    0.000000] DMI: QEMU Standard PC (i440FX + PIIX, 1996), BIOS rel-1.16.0-0-gd239552ce722-prebuilt.qemu.org 04/01/2014
[    0.000000] Hypervisor detected: KVM
[    0.000000] kvm-clock: Using msrs 4b564d01 and 4b564d00
[    0.000003] kvm-clock: using sched offset of 367605909 cycles
[    0.000464] clocksource: kvm-clock: mask: 0xffffffffffffffff max_cycles: 0x1cd42e4dffb, max_idle_ns: 881590591483 ns
[    0.001876] tsc: Detected 1700.000 MHz processor
[    0.011382] last_pfn = 0x7ffe0 max_arch_pfn = 0x10000000000
[    0.011921] x86/PAT: Configuration [0-7]: WB  WC  UC- UC  WB  WP  UC- WT  
[    0.018459] found SMP MP-table at [mem 0x000f5ba0-0x000f5baf]
[    0.019016] Using GB pages for direct mapping
[    0.020711] ACPI: Early table checksum verification disabled
[    0.021213] ACPI: RSDP 0x00000000000F59C0 000014 (v00 BOCHS )
[    0.021730] ACPI: RSDT 0x000000007FFE1951 000034 (v01 BOCHS  BXPC     00000001 BXPC 00000001)
[    0.022498] ACPI: FACP 0x000000007FFE17FD 000074 (v01 BOCHS  BXPC     00000001 BXPC 00000001)
[    0.023264] ACPI: DSDT 0x000000007FFE0040 0017BD (v01 BOCHS  BXPC     00000001 BXPC 00000001)
[    0.024018] ACPI: FACS 0x000000007FFE0000 000040
[    0.024438] ACPI: APIC 0x000000007FFE1871 000080 (v01 BOCHS  BXPC     00000001 BXPC 00000001)
[    0.025197] ACPI: HPET 0x000000007FFE18F1 000038 (v01 BOCHS  BXPC     00000001 BXPC 00000001)
[    0.025955] ACPI: WAET 0x000000007FFE1929 000028 (v01 BOCHS  BXPC     00000001 BXPC 00000001)
[    0.026707] ACPI: Reserving FACP table memory at [mem 0x7ffe17fd-0x7ffe1870]
[    0.027326] ACPI: Reserving DSDT table memory at [mem 0x7ffe0040-0x7ffe17fc]
[    0.027938] ACPI: Reserving FACS table memory at [mem 0x7ffe0000-0x7ffe003f]
[    0.028556] ACPI: Reserving APIC table memory at [mem 0x7ffe1871-0x7ffe18f0]
[    0.029173] ACPI: Reserving HPET table memory at [mem 0x7ffe18f1-0x7ffe1928]
[    0.029786] ACPI: Reserving WAET table memory at [mem 0x7ffe1929-0x7ffe1950]
[    0.031533] No NUMA configuration found
[    0.031866] Faking a node at [mem 0x0000000000000000-0x000000007ffdffff]
[    0.032538] NODE_DATA(0) allocated [mem 0x7ffb5000-0x7ffdffff]
[    0.038210] Zone ranges:
[    0.038450]   DMA      [mem 0x0000000000001000-0x0000000000ffffff]
[    0.038993]   DMA32    [mem 0x0000000001000000-0x000000007ffdffff]
[    0.039537]   Normal   empty
[    0.039790]   Device   empty
[    0.040045] Movable zone start for each node
[    0.040418] Early memory node ranges
[    0.040726]   node   0: [mem 0x0000000000001000-0x000000000009efff]
[    0.041275]   node   0: [mem 0x0000000000100000-0x000000007ffdffff]
[    0.041823] Initmem setup node 0 [mem 0x0000000000001000-0x000000007ffdffff]
[    0.042804] On node 0, zone DMA: 1 pages in unavailable ranges
[    0.042824] On node 0, zone DMA: 97 pages in unavailable ranges
[    0.050413] On node 0, zone DMA32: 32 pages in unavailable ranges
[    0.051203] ACPI: PM-Timer IO Port: 0x608
[    0.052096] ACPI: LAPIC_NMI (acpi_id[0xff] dfl dfl lint[0x1])
[    0.052648] IOAPIC[0]: apic_id 0, version 17, address 0xfec00000, GSI 0-23
[    0.053262] ACPI: INT_SRC_OVR (bus 0 bus_irq 0 global_irq 2 dfl dfl)
[    0.053818] ACPI: INT_SRC_OVR (bus 0 bus_irq 5 global_irq 5 high level)
[    0.054398] ACPI: INT_SRC_OVR (bus 0 bus_irq 9 global_irq 9 high level)
[    0.054974] ACPI: INT_SRC_OVR (bus 0 bus_irq 10 global_irq 10 high level)
[    0.055569] ACPI: INT_SRC_OVR (bus 0 bus_irq 11 global_irq 11 high level)
[    0.056182] ACPI: Using ACPI (MADT) for SMP configuration information
[    0.056737] ACPI: HPET id: 0x8086a201 base: 0xfed00000
[    0.057193] TSC deadline timer available
[    0.057537] smpboot: Allowing 2 CPUs, 0 hotplug CPUs
[    0.058004] kvm-guest: KVM setup pv remote TLB flush
[    0.058441] kvm-guest: setup PV sched yield
[    0.058852] PM: hibernation: Registered nosave memory: [mem 0x00000000-0x00000fff]
[    0.059516] PM: hibernation: Registered nosave memory: [mem 0x0009f000-0x0009ffff]
[    0.060176] PM: hibernation: Registered nosave memory: [mem 0x000a0000-0x000effff]
[    0.060829] PM: hibernation: Registered nosave memory: [mem 0x000f0000-0x000fffff]
[    0.061490] [mem 0x80000000-0xfeffbfff] available for PCI devices
[    0.062018] Booting paravirtualized kernel on KVM
[    0.062432] clocksource: refined-jiffies: mask: 0xffffffff max_cycles: 0xffffffff, max_idle_ns: 7645519600211568 ns
[    0.063356] setup_percpu: NR_CPUS:8192 nr_cpumask_bits:2 nr_cpu_ids:2 nr_node_ids:1
[    0.064513] percpu: Embedded 64 pages/cpu s225280 r8192 d28672 u1048576
[    0.065338] kvm-guest: PV spinlocks enabled
[    0.065716] PV qspinlock hash table entries: 256 (order: 0, 4096 bytes, linear)
[    0.066373] Fallback order for Node 0: 0 
[    0.066741] Built 1 zonelists, mobility grouping on.  Total pages: 515808
[    0.067340] Policy zone: DMA32
[    0.067610] Kernel command line: net.ifnames=0 console=ttyS0 root=/dev/sda earlyprintk=serial net.ifnames=0
[    0.069229] Dentry cache hash table entries: 262144 (order: 9, 2097152 bytes, linear)
[    0.070061] Inode-cache hash table entries: 131072 (order: 8, 1048576 bytes, linear)
[    0.070852] mem auto-init: stack:off, heap alloc:off, heap free:off
[    0.076043] Memory: 1983420K/2096632K available (32784K kernel code, 4524K rwdata, 8072K rodata, 3644K init, 22324K bss, 113012K reserved, 0K cma-reserved)
[    0.078273] SLUB: HWalign=64, Order=0-3, MinObjects=0, CPUs=2, Nodes=1
[    0.078825] kmemleak: Kernel memory leak detector disabled
[    0.079315] ftrace: allocating 66650 entries in 261 pages
[    0.103904] ftrace: allocated 261 pages with 3 groups
[    0.107559] Dynamic Preempt: voluntary
[    0.108031] Running RCU self tests
[    0.108339] rcu: Preemptible hierarchical RCU implementation.
[    0.108818] rcu: 	RCU lockdep checking is enabled.
[    0.109222] rcu: 	RCU restricting CPUs from NR_CPUS=8192 to nr_cpu_ids=2.
[    0.109787] 	Trampoline variant of Tasks RCU enabled.
[    0.110210] 	Rude variant of Tasks RCU enabled.
[    0.110586] 	Tracing variant of Tasks RCU enabled.
[    0.110985] rcu: RCU calculated value of scheduler-enlistment delay is 25 jiffies.
[    0.111619] rcu: Adjusting geometry for rcu_fanout_leaf=16, nr_cpu_ids=2
[    0.141146] NR_IRQS: 524544, nr_irqs: 440, preallocated irqs: 16
[    0.141975] rcu: srcu_init: Setting srcu_struct sizes based on contention.
[    0.150245] Console: colour VGA+ 80x25
[    0.150613] printk: console [ttyS0] enabled
[    0.150613] printk: console [ttyS0] enabled
[    0.151335] printk: bootconsole [earlyser0] disabled
[    0.151335] printk: bootconsole [earlyser0] disabled
[    0.152187] Lock dependency validator: Copyright (c) 2006 Red Hat, Inc., Ingo Molnar
[    0.152854] ... MAX_LOCKDEP_SUBCLASSES:  8
[    0.153217] ... MAX_LOCK_DEPTH:          48
[    0.153584] ... MAX_LOCKDEP_KEYS:        8192
[    0.153966] ... CLASSHASH_SIZE:          4096
[    0.154352] ... MAX_LOCKDEP_ENTRIES:     32768
[    0.154743] ... MAX_LOCKDEP_CHAINS:      65536
[    0.155140] ... CHAINHASH_SIZE:          32768
[    0.155530]  memory used by lock dependency info: 6365 kB
[    0.155999]  memory used for stack traces: 4224 kB
[    0.156421]  per task-struct memory footprint: 1920 bytes
[    0.156942] ACPI: Core revision 20220331
[    0.157556] clocksource: hpet: mask: 0xffffffff max_cycles: 0xffffffff, max_idle_ns: 19112604467 ns
[    0.158483] APIC: Switch to symmetric I/O mode setup
[    0.159134] x2apic enabled
[    0.159562] Switched APIC routing to physical x2apic.
[    0.160002] kvm-guest: setup PV IPIs
[    0.161258] ..TIMER: vector=0x30 apic1=0 pin1=2 apic2=-1 pin2=-1
[    0.161801] clocksource: tsc-early: mask: 0xffffffffffffffff max_cycles: 0x1881273ac8e, max_idle_ns: 440795257284 ns
[    0.162756] Calibrating delay loop (skipped) preset value.. 3400.00 BogoMIPS (lpj=6800000)
[    0.163475] pid_max: default: 32768 minimum: 301
[    0.164026] LSM: Security Framework initializing
[    0.164435] Yama: becoming mindful.
[    0.164942] Mount-cache hash table entries: 4096 (order: 3, 32768 bytes, linear)
[    0.165592] Mountpoint-cache hash table entries: 4096 (order: 3, 32768 bytes, linear)
[    0.167819] x86/cpu: User Mode Instruction Prevention (UMIP) activated
[    0.168553] Last level iTLB entries: 4KB 0, 2MB 0, 4MB 0
[    0.169023] Last level dTLB entries: 4KB 0, 2MB 0, 4MB 0, 1GB 0
[    0.169559] Spectre V1 : Mitigation: usercopy/swapgs barriers and __user pointer sanitization
[    0.170289] Spectre V2 : WARNING: Unprivileged eBPF is enabled with eIBRS on, data leaks possible via Spectre v2 BHB attacks!
[    0.170753] Spectre V2 : Mitigation: Enhanced IBRS
[    0.171152] Spectre V2 : Spectre v2 / SpectreRSB mitigation: Filling RSB on context switch
[    0.171815] Spectre V2 : mitigation: Enabling conditional Indirect Branch Prediction Barrier
[    0.172497] Speculative Store Bypass: Mitigation: Speculative Store Bypass disabled via prctl
[    0.287820] Freeing SMP alternatives memory: 56K
[    0.288466] smpboot: CPU0: Intel(R) Xeon(R) Gold 6414TDX (family: 0x6, model: 0x8f, stepping: 0x6)
[    0.289658] cblist_init_generic: Setting adjustable number of callback queues.
[    0.290256] cblist_init_generic: Setting shift to 1 and lim to 1.
[    0.290742] cblist_init_generic: Setting shift to 1 and lim to 1.
[    0.290742] cblist_init_generic: Setting shift to 1 and lim to 1.
[    0.290742] Running RCU-tasks wait API self tests
[    0.390824] Performance Events: Sapphire Rapids events, full-width counters, Intel PMU driver.
[    0.391582] ... version:                2
[    0.391906] ... bit width:              48
[    0.392242] ... generic registers:      8
[    0.392569] ... value mask:             0000ffffffffffff
[    0.392994] ... max period:             00007fffffffffff
[    0.393419] ... fixed-purpose events:   3
[    0.393749] ... event mask:             00000007000000ff
[    0.394554] rcu: Hierarchical SRCU implementation.
[    0.394747] rcu: 	Max phase no-delay instances is 1000.
[    0.398016] smp: Bringing up secondary CPUs ...
[    0.398880] x86: Booting SMP configuration:
[    0.399232] .... node  #0, CPUs:      #1
[    0.399666] smp: Brought up 1 node, 2 CPUs
[    0.399666] smpboot: Max logical packages: 1
[    0.399862] smpboot: Total of 2 processors activated (6800.00 BogoMIPS)
[    0.402779] devtmpfs: initialized
[    0.403331] x86/mm: Memory block size: 128MB
[    0.405615] clocksource: jiffies: mask: 0xffffffff max_cycles: 0xffffffff, max_idle_ns: 7645041785100000 ns
[    0.406765] Callback from call_rcu_tasks_trace() invoked.
[    0.407224] futex hash table entries: 512 (order: 4, 65536 bytes, linear)
[    0.408031] pinctrl core: initialized pinctrl subsystem
[    0.409063] 
[    0.409196] *************************************************************
[    0.409743] **     NOTICE NOTICE NOTICE NOTICE NOTICE NOTICE NOTICE    **
[    0.410291] **                                                         **
[    0.410753] **  IOMMU DebugFS SUPPORT HAS BEEN ENABLED IN THIS KERNEL  **
[    0.411300] **                                                         **
[    0.411849] ** This means that this kernel is built to expose internal **
[    0.412394] ** IOMMU data structures, which may compromise security on **
[    0.412943] ** your system.                                            **
[    0.413489] **                                                         **
[    0.414036] ** If you see this message and you are not debugging the   **
[    0.414583] ** kernel, report this immediately to your vendor!         **
[    0.414752] **                                                         **
[    0.415301] **     NOTICE NOTICE NOTICE NOTICE NOTICE NOTICE NOTICE    **
[    0.415848] *************************************************************
[    0.416444] PM: RTC time: 11:39:34, date: 2022-12-13
[    0.419580] NET: Registered PF_NETLINK/PF_ROUTE protocol family
[    0.420751] DMA: preallocated 256 KiB GFP_KERNEL pool for atomic allocations
[    0.421334] DMA: preallocated 256 KiB GFP_KERNEL|GFP_DMA pool for atomic allocations
[    0.421971] DMA: preallocated 256 KiB GFP_KERNEL|GFP_DMA32 pool for atomic allocations
[    0.422668] audit: initializing netlink subsys (disabled)
[    0.422822] audit: type=2000 audit(1670931575.698:1): state=initialized audit_enabled=0 res=1
[    0.423410] thermal_sys: Registered thermal governor 'fair_share'
[    0.423528] thermal_sys: Registered thermal governor 'bang_bang'
[    0.424034] thermal_sys: Registered thermal governor 'step_wise'
[    0.424519] thermal_sys: Registered thermal governor 'user_space'
[    0.425054] cpuidle: using governor ladder
[    0.425902] cpuidle: using governor menu
[    0.426530] HugeTLB: can optimize 4095 vmemmap pages for hugepages-1048576kB
[    0.426760] acpiphp: ACPI Hot Plug PCI Controller Driver version: 0.5
[    0.427614] PCI: Using configuration type 1 for base access
[    0.444523] kprobes: kprobe jump-optimization is enabled. All kprobes are optimized if possible.
[    0.593386] HugeTLB: can optimize 7 vmemmap pages for hugepages-2048kB
[    0.593925] HugeTLB registered 1.00 GiB page size, pre-allocated 0 pages
[    0.594472] HugeTLB registered 2.00 MiB page size, pre-allocated 0 pages
[    0.597041] ACPI: Added _OSI(Module Device)
[    0.597407] ACPI: Added _OSI(Processor Device)
[    0.597772] ACPI: Added _OSI(3.0 _SCP Extensions)
[    0.598160] ACPI: Added _OSI(Processor Aggregator Device)
[    0.598597] ACPI: Added _OSI(Linux-Dell-Video)
[    0.598752] ACPI: Added _OSI(Linux-Lenovo-NV-HDMI-Audio)
[    0.599189] ACPI: Added _OSI(Linux-HPI-Hybrid-Graphics)
[    0.605456] ACPI: 1 ACPI AML tables successfully acquired and loaded
[    0.609544] ACPI: Interpreter enabled
[    0.609952] ACPI: PM: (supports S0 S3 S4 S5)
[    0.610303] ACPI: Using IOAPIC for interrupt routing
[    0.610755] PCI: Using host bridge windows from ACPI; if necessary, use "pci=nocrs" and report a bug
[    0.611493] PCI: Using E820 reservations for host bridge windows
[    0.612709] ACPI: Enabled 2 GPEs in block 00 to 0F
[    0.630839] ACPI: PCI Root Bridge [PCI0] (domain 0000 [bus 00-ff])
[    0.631363] acpi PNP0A03:00: _OSC: OS supports [ASPM ClockPM Segments MSI EDR HPX-Type3]
[    0.632029] acpi PNP0A03:00: _OSC: not requesting OS control; OS requires [ExtendedConfig ASPM ClockPM MSI]
[    0.632881] acpi PNP0A03:00: fail to add MMCONFIG information, can't access extended PCI configuration space under this bridge.
[    0.636372] acpiphp: Slot [3] registered
[    0.636780] acpiphp: Slot [4] registered
[    0.637173] acpiphp: Slot [5] registered
[    0.637568] acpiphp: Slot [6] registered
[    0.637974] acpiphp: Slot [7] registered
[    0.638456] acpiphp: Slot [8] registered
[    0.638829] acpiphp: Slot [9] registered
[    0.639223] acpiphp: Slot [10] registered
[    0.639622] acpiphp: Slot [11] registered
[    0.640026] acpiphp: Slot [12] registered
[    0.640425] acpiphp: Slot [13] registered
[    0.640837] acpiphp: Slot [14] registered
[    0.641239] acpiphp: Slot [15] registered
[    0.641638] acpiphp: Slot [16] registered
[    0.642060] acpiphp: Slot [17] registered
[    0.642461] acpiphp: Slot [18] registered
[    0.642827] acpiphp: Slot [19] registered
[    0.643226] acpiphp: Slot [20] registered
[    0.643626] acpiphp: Slot [21] registered
[    0.644028] acpiphp: Slot [22] registered
[    0.644447] acpiphp: Slot [23] registered
[    0.644851] acpiphp: Slot [24] registered
[    0.645251] acpiphp: Slot [25] registered
[    0.645650] acpiphp: Slot [26] registered
[    0.646052] acpiphp: Slot [27] registered
[    0.646460] acpiphp: Slot [28] registered
[    0.646817] acpiphp: Slot [29] registered
[    0.647217] acpiphp: Slot [30] registered
[    0.647620] acpiphp: Slot [31] registered
[    0.647973] PCI host bridge to bus 0000:00
[    0.648311] pci_bus 0000:00: root bus resource [io  0x0000-0x0cf7 window]
[    0.648865] pci_bus 0000:00: root bus resource [io  0x0d00-0xffff window]
[    0.649416] pci_bus 0000:00: root bus resource [mem 0x000a0000-0x000bffff window]
[    0.650024] pci_bus 0000:00: root bus resource [mem 0x80000000-0xfebfffff window]
[    0.650640] pci_bus 0000:00: root bus resource [mem 0x100000000-0x17fffffff window]
[    0.650748] pci_bus 0000:00: root bus resource [bus 00-ff]
[    0.651307] pci 0000:00:00.0: [8086:1237] type 00 class 0x060000
[    0.654933] pci 0000:00:01.0: [8086:7000] type 00 class 0x060100
[    0.656137] pci 0000:00:01.1: [8086:7010] type 00 class 0x010180
[    0.658298] pci 0000:00:01.1: reg 0x20: [io  0xc040-0xc04f]
[    0.659252] pci 0000:00:01.1: legacy IDE quirk: reg 0x10: [io  0x01f0-0x01f7]
[    0.659834] pci 0000:00:01.1: legacy IDE quirk: reg 0x14: [io  0x03f6]
[    0.660362] pci 0000:00:01.1: legacy IDE quirk: reg 0x18: [io  0x0170-0x0177]
[    0.660937] pci 0000:00:01.1: legacy IDE quirk: reg 0x1c: [io  0x0376]
[    0.661765] pci 0000:00:01.3: [8086:7113] type 00 class 0x068000
[    0.662570] pci 0000:00:01.3: quirk: [io  0x0600-0x063f] claimed by PIIX4 ACPI
[    0.662755] pci 0000:00:01.3: quirk: [io  0x0700-0x070f] claimed by PIIX4 SMB
[    0.663618] pci 0000:00:02.0: [1234:1111] type 00 class 0x030000
[    0.664978] pci 0000:00:02.0: reg 0x10: [mem 0xfd000000-0xfdffffff pref]
[    0.666778] pci 0000:00:02.0: reg 0x18: [mem 0xfebf0000-0xfebf0fff]
[    0.669537] pci 0000:00:02.0: reg 0x30: [mem 0xfebe0000-0xfebeffff pref]
[    0.670158] pci 0000:00:02.0: Video device with shadowed ROM at [mem 0x000c0000-0x000dffff]
[    0.673582] pci 0000:00:03.0: [8086:100e] type 00 class 0x020000
[    0.674616] pci 0000:00:03.0: reg 0x10: [mem 0xfebc0000-0xfebdffff]
[    0.675389] pci 0000:00:03.0: reg 0x14: [io  0xc000-0xc03f]
[    0.678750] pci 0000:00:03.0: reg 0x30: [mem 0xfeb80000-0xfebbffff pref]
[    0.690194] ACPI: PCI: Interrupt link LNKA configured for IRQ 10
[    0.691091] ACPI: PCI: Interrupt link LNKB configured for IRQ 10
[    0.691961] ACPI: PCI: Interrupt link LNKC configured for IRQ 11
[    0.692825] ACPI: PCI: Interrupt link LNKD configured for IRQ 11
[    0.693496] ACPI: PCI: Interrupt link LNKS configured for IRQ 9
[    0.695045] iommu: Default domain type: Translated 
[    0.695451] iommu: DMA domain TLB invalidation policy: lazy mode 
[    0.696984] SCSI subsystem initialized
[    0.697532] ACPI: bus type USB registered
[    0.697958] usbcore: registered new interface driver usbfs
[    0.698456] usbcore: registered new interface driver hub
[    0.698783] usbcore: registered new device driver usb
[    0.699291] pps_core: LinuxPPS API ver. 1 registered
[    0.699704] pps_core: Software ver. 5.3.6 - Copyright 2005-2007 Rodolfo Giometti <giometti@linux.it>
[    0.700447] PTP clock support registered
[    0.700926] EDAC MC: Ver: 3.0.0
[    0.702500] NetLabel: Initializing
[    0.702749] NetLabel:  domain hash size = 128
[    0.703104] NetLabel:  protocols = UNLABELED CIPSOv4 CALIPSO
[    0.703640] NetLabel:  unlabeled traffic allowed by default
[    0.704391] PCI: Using ACPI for IRQ routing
[    0.704935] pci 0000:00:02.0: vgaarb: setting as boot VGA device
[    0.705435] pci 0000:00:02.0: vgaarb: bridge control possible
[    0.705908] pci 0000:00:02.0: vgaarb: VGA device added: decodes=io+mem,owns=io+mem,locks=none
[    0.706600] vgaarb: loaded
[    0.707431] hpet0: at MMIO 0xfed00000, IRQs 2, 8, 0
[    0.707853] hpet0: 3 comparators, 64-bit 100.000000 MHz counter
[    3.501817] clocksource: Switched to clocksource kvm-clock
[    3.502336] VFS: Disk quotas dquot_6.6.0
[    3.502336] VFS: Dquot-cache hash table entries: 512 (order 0, 4096 bytes)
[    3.502336] pnp: PnP ACPI init
[    3.503569] pnp: PnP ACPI: found 6 devices
[    3.515189] clocksource: acpi_pm: mask: 0xffffff max_cycles: 0xffffff, max_idle_ns: 2085701024 ns
[    3.516357] NET: Registered PF_INET protocol family
[    3.516883] IP idents hash table entries: 32768 (order: 6, 262144 bytes, linear)
[    3.518421] tcp_listen_portaddr_hash hash table entries: 1024 (order: 4, 73728 bytes, linear)
[    3.519169] Table-perturb hash table entries: 65536 (order: 6, 262144 bytes, linear)
[    3.519804] TCP established hash table entries: 16384 (order: 5, 131072 bytes, linear)
[    3.520621] TCP bind hash table entries: 16384 (order: 8, 1179648 bytes, linear)
[    3.521886] TCP: Hash tables configured (established 16384 bind 16384)
[    3.522526] UDP hash table entries: 1024 (order: 5, 163840 bytes, linear)
[    3.523488] UDP-Lite hash table entries: 1024 (order: 5, 163840 bytes, linear)
[    3.524262] NET: Registered PF_UNIX/PF_LOCAL protocol family
[    3.531118] RPC: Registered named UNIX socket transport module.
[    3.531620] RPC: Registered udp transport module.
[    3.532007] RPC: Registered tcp transport module.
[    3.532392] RPC: Registered tcp NFSv4.1 backchannel transport module.
[    3.532930] pci_bus 0000:00: resource 4 [io  0x0000-0x0cf7 window]
[    3.533440] pci_bus 0000:00: resource 5 [io  0x0d00-0xffff window]
[    3.533946] pci_bus 0000:00: resource 6 [mem 0x000a0000-0x000bffff window]
[    3.534510] pci_bus 0000:00: resource 7 [mem 0x80000000-0xfebfffff window]
[    3.535080] pci_bus 0000:00: resource 8 [mem 0x100000000-0x17fffffff window]
[    3.535900] pci 0000:00:01.0: PIIX3: Enabling Passive Release
[    3.536381] pci 0000:00:00.0: Limiting direct PCI/PCI transfers
[    3.536984] PCI: CLS 0 bytes, default 64
[    3.537352] ACPI: bus type thunderbolt registered
[    3.538016] clocksource: tsc: mask: 0xffffffffffffffff max_cycles: 0x1881273ac8e, max_idle_ns: 440795257284 ns
[    3.558686] sgx: There are zero EPC sections.
[    3.559231] Callback from call_rcu_tasks_rude() invoked.
[    3.607140] Callback from call_rcu_tasks() invoked.
[    3.675088] Initialise system trusted keyrings
[    3.675554] Key type blacklist registered
[    3.676154] workingset: timestamp_bits=36 max_order=19 bucket_order=0
[    3.687998] zbud: loaded
[    3.690489] squashfs: version 4.0 (2009/01/31) Phillip Lougher
[    3.692607] NFS: Registering the id_resolver key type
[    3.693065] Key type id_resolver registered
[    3.693415] Key type id_legacy registered
[    3.693857] nfs4filelayout_init: NFSv4 File Layout Driver Registering...
[    3.694431] nfs4flexfilelayout_init: NFSv4 Flexfile Layout Driver Registering...
[    3.695167] fuse: init (API version 7.36)
[    3.695822] SGI XFS with ACLs, security attributes, realtime, quota, no debug enabled
[    3.698387] 9p: Installing v9fs 9p2000 file system support
[    3.706426] Key type asymmetric registered
[    3.706782] Asymmetric key parser 'x509' registered
[    3.708485] alg: self-tests for CTR-KDF (hmac(sha256)) passed
[    3.709004] Block layer SCSI generic (bsg) driver version 0.4 loaded (major 243)
[    3.709722] io scheduler mq-deadline registered
[    3.710131] io scheduler bfq registered
[    3.711366] shpchp: Standard Hot Plug PCI Controller Driver version: 0.4
[    3.712357] IPMI message handler: version 39.2
[    3.712781] ipmi device interface
[    3.714698] input: Power Button as /devices/LNXSYSTM:00/LNXPWRBN:00/input/input0
[    3.715641] ACPI: button: Power Button [PWRF]
[    3.716984] ERST DBG: ERST support is disabled.
[    3.718049] Serial: 8250/16550 driver, 32 ports, IRQ sharing enabled
[    3.719065] 00:04: ttyS0 at I/O 0x3f8 (irq = 4, base_baud = 115200) is a 16550A
[    3.729134] Linux agpgart interface v0.103
[    3.730028] ACPI: bus type drm_connector registered
[    3.743597] brd: module loaded
[    3.751154] loop: module loaded
[    3.756049] scsi host0: ata_piix
[    3.756966] scsi host1: ata_piix
[    3.757407] ata1: PATA max MWDMA2 cmd 0x1f0 ctl 0x3f6 bmdma 0xc040 irq 14
[    3.757955] ata2: PATA max MWDMA2 cmd 0x170 ctl 0x376 bmdma 0xc048 irq 15
[    3.759907] tun: Universal TUN/TAP device driver, 1.6
[    3.760506] e100: Intel(R) PRO/100 Network Driver
[    3.760888] e100: Copyright(c) 1999-2006 Intel Corporation
[    3.761372] e1000: Intel(R) PRO/1000 Network Driver
[    3.761763] e1000: Copyright (c) 1999-2006 Intel Corporation.
[    3.918899] ata1: found unknown device (class 0)
[    3.919813] ata1.00: ATA-7: QEMU HARDDISK, 2.5+, max UDMA/100
[    3.920296] ata1.00: 16777216 sectors, multi 16: LBA48 
[    3.921545] scsi 0:0:0:0: Direct-Access     ATA      QEMU HARDDISK    2.5+ PQ: 0 ANSI: 5
[    3.923727] sd 0:0:0:0: Attached scsi generic sg0 type 0
[    3.923962] sd 0:0:0:0: [sda] 16777216 512-byte logical blocks: (8.59 GB/8.00 GiB)
[    3.924583] ata2: found unknown device (class 0)
[    3.924909] sd 0:0:0:0: [sda] Write Protect is off
[    3.925822] ata2.00: ATAPI: QEMU DVD-ROM, 2.5+, max UDMA/100
[    3.925836] sd 0:0:0:0: [sda] Write cache: enabled, read cache: enabled, doesn't support DPO or FUA
[    3.927352] sd 0:0:0:0: [sda] Preferred minimum I/O size 512 bytes
[    3.929478] scsi 1:0:0:0: CD-ROM            QEMU     QEMU DVD-ROM     2.5+ PQ: 0 ANSI: 5
[    3.948085] sd 0:0:0:0: [sda] Attached SCSI disk
[    3.951383] ACPI: \_SB_.LNKC: Enabled at IRQ 11
[    3.959493] scsi 1:0:0:0: Attached scsi generic sg1 type 5
[    4.277898] e1000 0000:00:03.0 eth0: (PCI:33MHz:32-bit) 52:54:00:12:34:56
[    4.278504] e1000 0000:00:03.0 eth0: Intel(R) PRO/1000 Network Connection
[    4.279173] e1000e: Intel(R) PRO/1000 Network Driver
[    4.279580] e1000e: Copyright(c) 1999 - 2015 Intel Corporation.
[    4.280122] igb: Intel(R) Gigabit Ethernet Network Driver
[    4.280563] igb: Copyright (c) 2007-2014 Intel Corporation.
[    4.281127] PPP generic driver version 2.4.2
[    4.281881] VFIO - User Level meta-driver version: 0.3
[    4.282339] ehci_hcd: USB 2.0 'Enhanced' Host Controller (EHCI) Driver
[    4.282885] ehci-pci: EHCI PCI platform driver
[    4.283277] ehci-platform: EHCI generic platform driver
[    4.283718] ohci_hcd: USB 1.1 'Open' Host Controller (OHCI) Driver
[    4.284224] ohci-pci: OHCI PCI platform driver
[    4.284614] ohci-platform: OHCI generic platform driver
[    4.285059] uhci_hcd: USB Universal Host Controller Interface driver
[    4.285850] usbcore: registered new interface driver uas
[    4.286352] usbcore: registered new interface driver usb-storage
[    4.286979] i8042: PNP: PS/2 Controller [PNP0303:KBD,PNP0f13:MOU] at 0x60,0x64 irq 1,12
[    4.288352] serio: i8042 KBD port at 0x60,0x64 irq 1
[    4.288797] serio: i8042 AUX port at 0x60,0x64 irq 12
[    4.289917] mousedev: PS/2 mouse device common for all mice
[    4.291215] input: AT Translated Set 2 keyboard as /devices/platform/i8042/serio0/input/input1
[    4.293034] input: VirtualPS/2 VMware VMMouse as /devices/platform/i8042/serio1/input/input4
[    4.294211] rtc_cmos 00:05: RTC can wake from S4
[    4.294805] input: VirtualPS/2 VMware VMMouse as /devices/platform/i8042/serio1/input/input3
[    4.296589] rtc_cmos 00:05: registered as rtc0
[    4.297042] rtc_cmos 00:05: setting system clock to 2022-12-13T11:39:38 UTC (1670931578)
[    4.297863] rtc_cmos 00:05: alarms up to one day, y3k, 242 bytes nvram, hpet irqs
[    4.298504] i2c_dev: i2c /dev entries driver
[    4.298935] device-mapper: core: CONFIG_IMA_DISABLE_HTABLE is disabled. Duplicate IMA measurements will not be recorded in the IMA log.
[    4.300012] device-mapper: uevent: version 1.0.3
[    4.300676] device-mapper: ioctl: 4.47.0-ioctl (2022-07-28) initialised: dm-devel@redhat.com
[    4.301364] intel_pstate: CPU model not supported
[    4.301838] sdhci: Secure Digital Host Controller Interface driver
[    4.302339] sdhci: Copyright(c) Pierre Ossman
[    4.302790] sdhci-pltfm: SDHCI platform and OF driver helper
[    4.303306] ledtrig-cpu: registered to indicate activity on CPUs
[    4.304149] drop_monitor: Initializing network drop monitor service
[    4.305380] NET: Registered PF_INET6 protocol family
[    4.307669] Segment Routing with IPv6
[    4.308013] In-situ OAM (IOAM) with IPv6
[    4.308386] NET: Registered PF_PACKET protocol family
[    4.309063] 9pnet: Installing 9P2000 support
[    4.309480] Key type dns_resolver registered
[    4.310630] IPI shorthand broadcast: enabled
[    4.311060] sched_clock: Marking stable (4298808364, 12180106)->(4323957942, -12969472)
[    4.312356] registered taskstats version 1
[    4.312852] Loading compiled-in X.509 certificates
[    4.313527] zswap: loaded using pool lzo/zbud
[    4.314648] Key type ._fscrypt registered
[    4.314998] Key type .fscrypt registered
[    4.315320] Key type fscrypt-provisioning registered
[    4.316736] Key type encrypted registered
[    4.317112] ima: No TPM chip found, activating TPM-bypass!
[    4.317571] ima: Allocated hash algorithm: sha1
[    4.317992] ima: No architecture policies found
[    4.318447] evm: Initialising EVM extended attributes:
[    4.318879] evm: security.selinux
[    4.319153] evm: security.SMACK64
[    4.319429] evm: security.SMACK64EXEC
[    4.319729] evm: security.SMACK64TRANSMUTE
[    4.320062] evm: security.SMACK64MMAP
[    4.320371] evm: security.apparmor
[    4.320653] evm: security.ima
[    4.320896] evm: security.capability
[    4.321189] evm: HMAC attrs: 0x1
[    4.326317] PM:   Magic number: 2:313:681
[    4.327136] RAS: Correctable Errors collector initialized.
[    4.328943] md: Waiting for all devices to be available before autodetect
[    4.329335] md: If you don't use raid, use raid=noautodetect
[    4.329659] md: Autodetecting RAID arrays.
[    4.329904] md: autorun ...
[    4.330070] md: ... autorun DONE.
[    4.335006] EXT4-fs (sda): mounted filesystem with ordered data mode. Quota mode: none.
[    4.335533] VFS: Mounted root (ext4 filesystem) readonly on device 8:0.
[    4.337515] devtmpfs: mounted
[    4.347427] Freeing unused decrypted memory: 2036K
[    4.349343] Freeing unused kernel image (initmem) memory: 3644K
[    4.362796] Write protecting the kernel read-only data: 43008k
[    4.365833] Freeing unused kernel image (text/rodata gap) memory: 2028K
[    4.366377] Freeing unused kernel image (rodata/data gap) memory: 120K
[    4.474478] x86/mm: Checked W+X mappings: passed, no W+X pages found.
[    4.474864] Run /sbin/init as init process
[    4.554016] systemd[1]: RTC configured in localtime, applying delta of 0 minutes to system time.
[    4.578270] systemd[1]: systemd 239 (239-49.el8) running in system mode. (+PAM +AUDIT +SELINUX +IMA -APPARMOR +SMACK +SYSVINIT +UTMP +LIBCRYPTSETUP +GCRYPT +GNUTLS +ACL +XZ +LZ4 +SECCOMP +BLKID +ELFUTILS +KMOD +IDN2 -IDN +PCRE2 default-hierarchy=legacy)
[    4.579711] systemd[1]: Detected virtualization kvm.
[    4.580004] systemd[1]: Detected architecture x86-64.

Welcome to [0;31mCentOS Stream 8[0m!

[    4.601288] systemd[1]: Set hostname to <test>.
[    6.550816] random: crng init done
[    6.640193] systemd[1]: Created slice User and Session Slice.
[[0;32m  OK  [0m] Created slice User and Session Slice.
[    6.641389] systemd[1]: Listening on multipathd control socket.
[[0;32m  OK  [0m] Listening on multipathd control socket.
[    6.642183] systemd[1]: Reached target Slices.
[[0;32m  OK  [0m] Reached target Slices.
[    6.644557] systemd[1]: Created slice system-sshd\x2dkeygen.slice.
[[0;32m  OK  [0m] Created slice system-sshd\x2dkeygen.slice.
[    6.645716] systemd[1]: Listening on Journal Socket.
[[0;32m  OK  [0m] Listening on Journal Socket.
[    6.679125] systemd[1]: Starting Load Kernel Modules...
         Starting Load Kernel Modules...
         Mounting Kernel Debug File System...
         Mounting POSIX Message Queue File System...
[[0;32m  OK  [0m] Set up automount Arbitrary Executabâ€¦rmats File System Automount Point.
[[0;32m  OK  [0m] Listening on RPCbind Server Activation Socket.
[[0;32m  OK  [0m] Reached target RPC Port Mapper.
         Starting Remount Root and Kernel File Systems...
[[0;32m  OK  [0m] Listening on LVM2 poll daemon socket.
[[0;32m  OK  [0m] Reached target Swap.
[[0;32m  OK  [0m] Created slice system-serial\x2dgetty.slice.
[[0;32m  OK  [0m] Started Forward Password Requests to Wall Directory Watch.
[[0;32m  OK  [0m] Listening on Process Core Dump Socket.
[[0;32m  OK  [0m] Listening on initctl Compatibility Named Pipe.
[[0;32m  OK  [0m] Listening on udev Control Socket.
[[0;32m  OK  [0m] Listening on udev Kernel Socket.
         Starting udev Coldplug all Devices...
[[0;32m  OK  [0m] Listening on Device-mapper event daemon FIFOs.
         Starting Monitoring of LVM2 mirrorsâ€¦ng dmeventd or progress polling...
[[0;32m  OK  [0m] Listening on Journal Socket (/dev/log).
         Starting Journal Service...
         Starting Setup Virtual Console...
         Mounting Huge Pages File System...
[[0;32m  OK  [0m] Created slice system-getty.slice.
[    6.873918] EXT4-fs (sda): re-mounted. Quota mode: none.
[[0;1;31mFAILED[0m] Failed to start Load Kernel Modules.
See 'systemctl status systemd-modules-load.service' for details.
[[0;32m  OK  [0m] Started Journal Service.
[[0;32m  OK  [0m] Mounted Kernel Debug File System.
[[0;32m  OK  [0m] Mounted POSIX Message Queue File System.
[[0;32m  OK  [0m] Started Remount Root and Kernel File Systems.
[[0;32m  OK  [0m] Mounted Huge Pages File System.
         Starting Load/Save Random Seed...
         Starting Create Static Device Nodes in /dev...
         Starting Flush Journal to Persistent Storage...
         Mounting Kernel Configuration File System...
         Mounting FUSE Control File System...
         Starting Apply Kernel Variables...
[[0;32m  OK  [0m] Started Load/Save Random Seed.
[[0;32m  OK  [0m] Started Create Static Device Nodes in /dev.
[[0;32m  OK  [0m] Mounted Kernel Configuration File System.
[[0;32m  OK  [0m] Mounted FUSE Control File System.
[[0;32m  OK  [0m] Started Setup Virtual Console.
[[0;32m  OK  [0m] Started Apply Kernel Variables.
         Starting udev Kernel Device Manager...
[[0;32m  OK  [0m] Started udev Coldplug all Devices.
[[0;32m  OK  [0m] Started Flush Journal to Persistent Storage.
         Starting udev Wait for Complete Device Initialization...
[[0;32m  OK  [0m] Started udev Kernel Device Manager.
         Starting Show Plymouth Boot Screen...
[[0;32m  OK  [0m] Started Show Plymouth Boot Screen.
[[0;32m  OK  [0m] Started Forward Password Requests to Plymouth Directory Watch.
[[0;32m  OK  [0m] Reached target Local Encrypted Volumes.
[[0;32m  OK  [0m] Reached target Paths.
[[0;32m  OK  [0m] Found device /dev/ttyS0.
[[0;32m  OK  [0m] Started Monitoring of LVM2 mirrors,â€¦sing dmeventd or progress polling.
[[0;32m  OK  [0m] Started udev Wait for Complete Device Initialization.
[[0;32m  OK  [0m] Listening on Load/Save RF Kill Switch Status /dev/rfkill Watch.
[[0;32m  OK  [0m] Reached target Local File Systems (Pre).
[[0;32m  OK  [0m] Reached target Local File Systems.
         Starting Tell Plymouth To Write Out Runtime Data...
         Starting Restore /run/initramfs on shutdown...
         Starting Create Volatile Files and Directories...
[[0;32m  OK  [0m] Started Tell Plymouth To Write Out Runtime Data.
[[0;32m  OK  [0m] Started Restore /run/initramfs on shutdown.
[[0;32m  OK  [0m] Started Create Volatile Files and Directories.
         Mounting RPC Pipe File System...
         Starting Security Auditing Service...
         Starting RPC Bind...
[[0;32m  OK  [0m] Mounted RPC Pipe File System.
[[0;32m  OK  [0m] Reached target rpc_pipefs.target.
[[0;32m  OK  [0m] Started RPC Bind.
[[0;32m  OK  [0m] Started Security Auditing Service.
         Starting Update UTMP about System Boot/Shutdown...
[[0;32m  OK  [0m] Started Update UTMP about System Boot/Shutdown.
[[0;32m  OK  [0m] Reached target System Initialization.
[[0;32m  OK  [0m] Listening on SSSD Kerberos Cache Manager responder socket.
[[0;32m  OK  [0m] Started Daily Cleanup of Temporary Directories.
[[0;32m  OK  [0m] Started daily update of the root trust anchor for DNSSEC.
[[0;32m  OK  [0m] Listening on D-Bus System Message Bus Socket.
[[0;32m  OK  [0m] Reached target Sockets.
[[0;32m  OK  [0m] Reached target Basic System.
[[0;32m  OK  [0m] Started Machine Check Exception Logging Daemon.
         Starting Auto-connect to subsystemsâ€¦-NVME devices found during boot...
         Starting Self Monitoring and Reporting Technology (SMART) Daemon...
[[0;32m  OK  [0m] Started irqbalance daemon.
         Starting Login Service...
         Starting NTP client/server...
         Starting Authorization Manager...
[[0;32m  OK  [0m] Started D-Bus System Message Bus.
         Starting Network Manager...
[[0;32m  OK  [0m] Reached target sshd-keygen.target.
[[0;32m  OK  [0m] Started dnf makecache --timer.
[[0;32m  OK  [0m] Reached target Timers.
[[0;32m  OK  [0m] Started Self Monitoring and Reporting Technology (SMART) Daemon.
[[0;32m  OK  [0m] Started Auto-connect to subsystems â€¦FC-NVME devices found during boot.
         Starting update of the root trust aâ€¦or DNSSEC validation in unbound...
[[0;32m  OK  [0m] Started Login Service.
[[0;32m  OK  [0m] Started Network Manager.
[[0;32m  OK  [0m] Reached target Network.
         Starting GSSAPI Proxy Daemon...
         Starting Dynamic System Tuning Daemon...
         Starting OpenSSH server daemon...
         Starting Network Manager Wait Online...
[[0;32m  OK  [0m] Started update of the root trust anâ€¦ for DNSSEC validation in unbound.
[[0;32m  OK  [0m] Started NTP client/server.
[[0;32m  OK  [0m] Started OpenSSH server daemon.
[[0;32m  OK  [0m] Started GSSAPI Proxy Daemon.
         Starting Hostname Service...
[[0;32m  OK  [0m] Reached target NFS client services.
[[0;32m  OK  [0m] Reached target Remote File Systems (Pre).
[[0;32m  OK  [0m] Reached target Remote File Systems.
         Starting Permit User Sessions...
[[0;32m  OK  [0m] Started Authorization Manager.
[[0;32m  OK  [0m] Started Permit User Sessions.
         Starting Hold until boot process finishes up...
         Starting Terminate Plymouth Boot Screen...
[[0;32m  OK  [0m] Started Command Scheduler.
[    9.115131] e1000: eth0 NIC Link is Up 1000 Mbps Full Duplex, Flow Control: RX
[    9.116082] IPv6: ADDRCONF(NETDEV_CHANGE): eth0: link becomes ready
[    9.262288] Spectre V2 : WARNING: Unprivileged eBPF is enabled with eIBRS on, data leaks possible via Spectre v2 BHB attacks!
[    9.263027] Spectre V2 : WARNING: Unprivileged eBPF is enabled with eIBRS on, data leaks possible via Spectre v2 BHB attacks!

CentOS Stream 8
Kernel 5.19.0-48a577dc1b09+ on an x86_64

test login: [   28.517583] warning: checkpointing journal with EXT4_IOC_CHECKPOINT_FLAG_ZEROOUT can be slow
[   28.564666] 
[   28.565240] ======================================================
[   28.565586] WARNING: possible circular locking dependency detected
[   28.565938] 5.19.0-48a577dc1b09+ #1 Not tainted
[   28.566200] ------------------------------------------------------
[   28.566544] repro/571 is trying to acquire lock:
[   28.566810] ff110000060e6c80 (&sb->s_type->i_mutex_key#8){++++}-{3:3}, at: ext4_bmap+0x39/0x1c0
[   28.567325] 
[   28.567325] but task is already holding lock:
[   28.567650] ff110000092713f8 (&journal->j_checkpoint_mutex){+.+.}-{3:3}, at: jbd2_journal_flush+0x267/0x5f0
[   28.568211] 
[   28.568211] which lock already depends on the new lock.
[   28.568211] 
[   28.568659] 
[   28.568659] the existing dependency chain (in reverse order) is:
[   28.569076] 
[   28.569076] -> #3 (&journal->j_checkpoint_mutex){+.+.}-{3:3}:
[   28.569486]        mutex_lock_io_nested+0xaf/0xda0
[   28.569767]        jbd2_journal_flush+0xcf/0x5f0
[   28.570041]        __ext4_ioctl+0x225/0x25b0
[   28.570293]        ext4_ioctl+0x2e/0x40
[   28.570520]        __x64_sys_ioctl+0x10e/0x160
[   28.570783]        do_syscall_64+0x3b/0x90
[   28.571028]        entry_SYSCALL_64_after_hwframe+0x63/0xcd
[   28.571347] 
[   28.571347] -> #2 (&journal->j_barrier){+.+.}-{3:3}:
[   28.571720]        __mutex_lock+0x9c/0xf60
[   28.571964]        mutex_lock_nested+0x1f/0x30
[   28.572225]        jbd2_journal_lock_updates+0xbe/0x1a0
[   28.572525]        ext4_change_inode_journal_flag+0xd4/0x2c0
[   28.572854]        ext4_fileattr_set+0x860/0xe40
[   28.573123]        vfs_fileattr_set+0x365/0x4e0
[   28.573390]        do_vfs_ioctl+0x378/0xcc0
[   28.573635]        __x64_sys_ioctl+0xca/0x160
[   28.573895]        do_syscall_64+0x3b/0x90
[   28.574135]        entry_SYSCALL_64_after_hwframe+0x63/0xcd
[   28.574456] 
[   28.574456] -> #1 (&sbi->s_writepages_rwsem){++++}-{0:0}:
[   28.574853]        percpu_down_write+0x4d/0x2d0
[   28.575117]        ext4_ind_migrate+0xcc/0x390
[   28.575378]        ext4_fileattr_set+0xbad/0xe40
[   28.575647]        vfs_fileattr_set+0x365/0x4e0
[   28.575916]        do_vfs_ioctl+0x378/0xcc0
[   28.576163]        __x64_sys_ioctl+0xca/0x160
[   28.576422]        do_syscall_64+0x3b/0x90
[   28.576662]        entry_SYSCALL_64_after_hwframe+0x63/0xcd
[   28.576982] 
[   28.576982] -> #0 (&sb->s_type->i_mutex_key#8){++++}-{3:3}:
[   28.577389]        __lock_acquire+0x1023/0x1de0
[   28.577657]        lock_acquire+0xd6/0x2f0
[   28.577900]        down_read+0x45/0x160
[   28.578128]        ext4_bmap+0x39/0x1c0
[   28.578353]        bmap+0x40/0x70
[   28.578551]        jbd2_journal_bmap+0x61/0xe0
[   28.578811]        jbd2_journal_flush+0x461/0x5f0
[   28.579092]        __ext4_ioctl+0x225/0x25b0
[   28.579343]        ext4_ioctl+0x2e/0x40
[   28.579570]        __x64_sys_ioctl+0x10e/0x160
[   28.579831]        do_syscall_64+0x3b/0x90
[   28.580075]        entry_SYSCALL_64_after_hwframe+0x63/0xcd
[   28.580395] 
[   28.580395] other info that might help us debug this:
[   28.580395] 
[   28.580835] Chain exists of:
[   28.580835]   &sb->s_type->i_mutex_key#8 --> &journal->j_barrier --> &journal->j_checkpoint_mutex
[   28.580835] 
[   28.581574]  Possible unsafe locking scenario:
[   28.581574] 
[   28.581907]        CPU0                    CPU1
[   28.582163]        ----                    ----
[   28.582418]   lock(&journal->j_checkpoint_mutex);
[   28.582689]                                lock(&journal->j_barrier);
[   28.583057]                                lock(&journal->j_checkpoint_mutex);
[   28.583460]   lock(&sb->s_type->i_mutex_key#8);
[   28.583722] 
[   28.583722]  *** DEADLOCK ***
[   28.583722] 
[   28.584058] 2 locks held by repro/571:
[   28.584276]  #0: ff11000009271170 (&journal->j_barrier){+.+.}-{3:3}, at: jbd2_journal_lock_updates+0xbe/0x1a0
[   28.584844]  #1: ff110000092713f8 (&journal->j_checkpoint_mutex){+.+.}-{3:3}, at: jbd2_journal_flush+0x267/0x5f0
[   28.585428] 
[   28.585428] stack backtrace:
[   28.585676] CPU: 1 PID: 571 Comm: repro Not tainted 5.19.0-48a577dc1b09+ #1
[   28.586072] Hardware name: QEMU Standard PC (i440FX + PIIX, 1996), BIOS rel-1.16.0-0-gd239552ce722-prebuilt.qemu.org 04/01/2014
[   28.586701] Call Trace:
[   28.586849]  <TASK>
[   28.586977]  dump_stack_lvl+0xa7/0xdb
[   28.587197]  dump_stack+0x19/0x1f
[   28.587396]  print_circular_bug.isra.47.cold.68+0x13e/0x143
[   28.587721]  check_noncircular+0x102/0x120
[   28.587969]  __lock_acquire+0x1023/0x1de0
[   28.588211]  lock_acquire+0xd6/0x2f0
[   28.588426]  ? ext4_bmap+0x39/0x1c0
[   28.588638]  down_read+0x45/0x160
[   28.588840]  ? ext4_bmap+0x39/0x1c0
[   28.589051]  ? ext4_invalidate_folio+0x1e0/0x1e0
[   28.589319]  ext4_bmap+0x39/0x1c0
[   28.589518]  ? ext4_invalidate_folio+0x1e0/0x1e0
[   28.589790]  bmap+0x40/0x70
[   28.589964]  jbd2_journal_bmap+0x61/0xe0
[   28.590201]  jbd2_journal_flush+0x461/0x5f0
[   28.590451]  __ext4_ioctl+0x225/0x25b0
[   28.590677]  ? __sanitizer_cov_trace_pc+0x25/0x60
[   28.590960]  ? do_vfs_ioctl+0xb8/0xcc0
[   28.591185]  ? __sanitizer_cov_trace_pc+0x25/0x60
[   28.591462]  ext4_ioctl+0x2e/0x40
[   28.591665]  __x64_sys_ioctl+0x10e/0x160
[   28.591904]  ? ext4_fileattr_set+0xe40/0xe40
[   28.592158]  do_syscall_64+0x3b/0x90
[   28.592372]  entry_SYSCALL_64_after_hwframe+0x63/0xcd
[   28.592665] RIP: 0033:0x7f51bc57d59d
[   28.592881] Code: 00 c3 66 2e 0f 1f 84 00 00 00 00 00 90 f3 0f 1e fa 48 89 f8 48 89 f7 48 89 d6 48 89 ca 4d 89 c2 4d 89 c8 4c 8b 4c 24 08 0f 05 <48> 3d 01 f0 ff ff 73 01 c3 48 8b 0d d3 08 0d 00 f7 d8 64 89 01 48
[   28.593906] RSP: 002b:00007fff9a432398 EFLAGS: 00000217 ORIG_RAX: 0000000000000010
[   28.594331] RAX: ffffffffffffffda RBX: 0000000000000000 RCX: 00007f51bc57d59d
[   28.594732] RDX: 0000000020000080 RSI: 000000004004662b RDI: 0000000000000004
[   28.595136] RBP: 00007fff9a4323b0 R08: 00007fff9a432490 R09: 00007fff9a432490
[   28.595536] R10: 00007fff9a432490 R11: 0000000000000217 R12: 0000000000401060
[   28.595940] R13: 00007fff9a432490 R14: 0000000000000000 R15: 0000000000000000
[   28.596347]  </TASK>
[   28.808256] warning: checkpointing journal with EXT4_IOC_CHECKPOINT_FLAG_ZEROOUT can be slow
[   29.021226] warning: checkpointing journal with EXT4_IOC_CHECKPOINT_FLAG_ZEROOUT can be slow
[   29.234051] warning: checkpointing journal with EXT4_IOC_CHECKPOINT_FLAG_ZEROOUT can be slow
[   29.445112] warning: checkpointing journal with EXT4_IOC_CHECKPOINT_FLAG_ZEROOUT can be slow
[   29.655037] warning: checkpointing journal with EXT4_IOC_CHECKPOINT_FLAG_ZEROOUT can be slow
[   29.864506] warning: checkpointing journal with EXT4_IOC_CHECKPOINT_FLAG_ZEROOUT can be slow
[   30.073721] warning: checkpointing journal with EXT4_IOC_CHECKPOINT_FLAG_ZEROOUT can be slow
[   30.282949] warning: checkpointing journal with EXT4_IOC_CHECKPOINT_FLAG_ZEROOUT can be slow
[   30.492395] warning: checkpointing journal with EXT4_IOC_CHECKPOINT_FLAG_ZEROOUT can be slow
[   33.630330] ext4_ioctl_checkpoint: 14 callbacks suppressed
[   33.630342] warning: checkpointing journal with EXT4_IOC_CHECKPOINT_FLAG_ZEROOUT can be slow
[   33.839649] warning: checkpointing journal with EXT4_IOC_CHECKPOINT_FLAG_ZEROOUT can be slow
[   34.048408] warning: checkpointing journal with EXT4_IOC_CHECKPOINT_FLAG_ZEROOUT can be slow
[   34.257168] warning: checkpointing journal with EXT4_IOC_CHECKPOINT_FLAG_ZEROOUT can be slow
[   34.466322] warning: checkpointing journal with EXT4_IOC_CHECKPOINT_FLAG_ZEROOUT can be slow
[   34.675262] warning: checkpointing journal with EXT4_IOC_CHECKPOINT_FLAG_ZEROOUT can be slow
[   34.884057] warning: checkpointing journal with EXT4_IOC_CHECKPOINT_FLAG_ZEROOUT can be slow
[   35.093386] warning: checkpointing journal with EXT4_IOC_CHECKPOINT_FLAG_ZEROOUT can be slow
[   35.302926] warning: checkpointing journal with EXT4_IOC_CHECKPOINT_FLAG_ZEROOUT can be slow
[   35.513989] warning: checkpointing journal with EXT4_IOC_CHECKPOINT_FLAG_ZEROOUT can be slow
[   38.650268] ext4_ioctl_checkpoint: 14 callbacks suppressed
[   38.650282] warning: checkpointing journal with EXT4_IOC_CHECKPOINT_FLAG_ZEROOUT can be slow
[   38.859094] warning: checkpointing journal with EXT4_IOC_CHECKPOINT_FLAG_ZEROOUT can be slow
[   39.068277] warning: checkpointing journal with EXT4_IOC_CHECKPOINT_FLAG_ZEROOUT can be slow
[   39.278724] warning: checkpointing journal with EXT4_IOC_CHECKPOINT_FLAG_ZEROOUT can be slow
[   39.490170] warning: checkpointing journal with EXT4_IOC_CHECKPOINT_FLAG_ZEROOUT can be slow
[   39.700674] warning: checkpointing journal with EXT4_IOC_CHECKPOINT_FLAG_ZEROOUT can be slow
[   39.911633] warning: checkpointing journal with EXT4_IOC_CHECKPOINT_FLAG_ZEROOUT can be slow
[   40.121277] warning: checkpointing journal with EXT4_IOC_CHECKPOINT_FLAG_ZEROOUT can be slow
[   40.332351] warning: checkpointing journal with EXT4_IOC_CHECKPOINT_FLAG_ZEROOUT can be slow
[   40.543166] warning: checkpointing journal with EXT4_IOC_CHECKPOINT_FLAG_ZEROOUT can be slow
[   43.675575] ext4_ioctl_checkpoint: 14 callbacks suppressed
[   43.675587] warning: checkpointing journal with EXT4_IOC_CHECKPOINT_FLAG_ZEROOUT can be slow
[   43.885389] warning: checkpointing journal with EXT4_IOC_CHECKPOINT_FLAG_ZEROOUT can be slow
[   44.095224] warning: checkpointing journal with EXT4_IOC_CHECKPOINT_FLAG_ZEROOUT can be slow
[   44.304916] warning: checkpointing journal with EXT4_IOC_CHECKPOINT_FLAG_ZEROOUT can be slow
[   44.514405] warning: checkpointing journal with EXT4_IOC_CHECKPOINT_FLAG_ZEROOUT can be slow
[   44.724076] warning: checkpointing journal with EXT4_IOC_CHECKPOINT_FLAG_ZEROOUT can be slow
[   44.934921] warning: checkpointing journal with EXT4_IOC_CHECKPOINT_FLAG_ZEROOUT can be slow
[   45.145986] warning: checkpointing journal with EXT4_IOC_CHECKPOINT_FLAG_ZEROOUT can be slow
[   45.356660] warning: checkpointing journal with EXT4_IOC_CHECKPOINT_FLAG_ZEROOUT can be slow
[   45.568045] warning: checkpointing journal with EXT4_IOC_CHECKPOINT_FLAG_ZEROOUT can be slow
[   48.702919] ext4_ioctl_checkpoint: 14 callbacks suppressed
[   48.702932] warning: checkpointing journal with EXT4_IOC_CHECKPOINT_FLAG_ZEROOUT can be slow
[   48.912481] warning: checkpointing journal with EXT4_IOC_CHECKPOINT_FLAG_ZEROOUT can be slow
[   49.121151] warning: checkpointing journal with EXT4_IOC_CHECKPOINT_FLAG_ZEROOUT can be slow
[   49.330504] warning: checkpointing journal with EXT4_IOC_CHECKPOINT_FLAG_ZEROOUT can be slow
[   49.541080] warning: checkpointing journal with EXT4_IOC_CHECKPOINT_FLAG_ZEROOUT can be slow
[   49.751963] warning: checkpointing journal with EXT4_IOC_CHECKPOINT_FLAG_ZEROOUT can be slow
[   49.963543] warning: checkpointing journal with EXT4_IOC_CHECKPOINT_FLAG_ZEROOUT can be slow
[   50.173740] warning: checkpointing journal with EXT4_IOC_CHECKPOINT_FLAG_ZEROOUT can be slow
[   50.383711] warning: checkpointing journal with EXT4_IOC_CHECKPOINT_FLAG_ZEROOUT can be slow
[   50.593166] warning: checkpointing journal with EXT4_IOC_CHECKPOINT_FLAG_ZEROOUT can be slow
[   53.732289] ext4_ioctl_checkpoint: 14 callbacks suppressed
[   53.732301] warning: checkpointing journal with EXT4_IOC_CHECKPOINT_FLAG_ZEROOUT can be slow
[   53.944013] warning: checkpointing journal with EXT4_IOC_CHECKPOINT_FLAG_ZEROOUT can be slow
[   54.155628] warning: checkpointing journal with EXT4_IOC_CHECKPOINT_FLAG_ZEROOUT can be slow
[   54.367682] warning: checkpointing journal with EXT4_IOC_CHECKPOINT_FLAG_ZEROOUT can be slow
[   54.577761] warning: checkpointing journal with EXT4_IOC_CHECKPOINT_FLAG_ZEROOUT can be slow
[   54.788499] warning: checkpointing journal with EXT4_IOC_CHECKPOINT_FLAG_ZEROOUT can be slow
[   54.999655] warning: checkpointing journal with EXT4_IOC_CHECKPOINT_FLAG_ZEROOUT can be slow
[   55.209430] warning: checkpointing journal with EXT4_IOC_CHECKPOINT_FLAG_ZEROOUT can be slow
[   55.419517] warning: checkpointing journal with EXT4_IOC_CHECKPOINT_FLAG_ZEROOUT can be slow
[   55.629661] warning: checkpointing journal with EXT4_IOC_CHECKPOINT_FLAG_ZEROOUT can be slow
[   58.765049] ext4_ioctl_checkpoint: 14 callbacks suppressed
[   58.765061] warning: checkpointing journal with EXT4_IOC_CHECKPOINT_FLAG_ZEROOUT can be slow
[   58.976205] warning: checkpointing journal with EXT4_IOC_CHECKPOINT_FLAG_ZEROOUT can be slow
[   59.187889] warning: checkpointing journal with EXT4_IOC_CHECKPOINT_FLAG_ZEROOUT can be slow
[   59.399230] warning: checkpointing journal with EXT4_IOC_CHECKPOINT_FLAG_ZEROOUT can be slow
[   59.609238] warning: checkpointing journal with EXT4_IOC_CHECKPOINT_FLAG_ZEROOUT can be slow
[   59.819747] warning: checkpointing journal with EXT4_IOC_CHECKPOINT_FLAG_ZEROOUT can be slow
[   60.030323] warning: checkpointing journal with EXT4_IOC_CHECKPOINT_FLAG_ZEROOUT can be slow
[   60.240003] warning: checkpointing journal with EXT4_IOC_CHECKPOINT_FLAG_ZEROOUT can be slow
[   60.449585] warning: checkpointing journal with EXT4_IOC_CHECKPOINT_FLAG_ZEROOUT can be slow
[   60.658652] warning: checkpointing journal with EXT4_IOC_CHECKPOINT_FLAG_ZEROOUT can be slow
[   63.799478] ext4_ioctl_checkpoint: 14 callbacks suppressed
[   63.799490] warning: checkpointing journal with EXT4_IOC_CHECKPOINT_FLAG_ZEROOUT can be slow
[   64.011307] warning: checkpointing journal with EXT4_IOC_CHECKPOINT_FLAG_ZEROOUT can be slow
[   64.222500] warning: checkpointing journal with EXT4_IOC_CHECKPOINT_FLAG_ZEROOUT can be slow
[   64.434305] warning: checkpointing journal with EXT4_IOC_CHECKPOINT_FLAG_ZEROOUT can be slow
[   64.645067] warning: checkpointing journal with EXT4_IOC_CHECKPOINT_FLAG_ZEROOUT can be slow
[   64.855890] warning: checkpointing journal with EXT4_IOC_CHECKPOINT_FLAG_ZEROOUT can be slow
[   65.066000] warning: checkpointing journal with EXT4_IOC_CHECKPOINT_FLAG_ZEROOUT can be slow
[   65.276398] warning: checkpointing journal with EXT4_IOC_CHECKPOINT_FLAG_ZEROOUT can be slow
[   65.487063] warning: checkpointing journal with EXT4_IOC_CHECKPOINT_FLAG_ZEROOUT can be slow
[   65.698012] warning: checkpointing journal with EXT4_IOC_CHECKPOINT_FLAG_ZEROOUT can be slow
[   68.862736] ext4_ioctl_checkpoint: 14 callbacks suppressed
[   68.863570] warning: checkpointing journal with EXT4_IOC_CHECKPOINT_FLAG_ZEROOUT can be slow
[   69.076348] warning: checkpointing journal with EXT4_IOC_CHECKPOINT_FLAG_ZEROOUT can be slow
[   69.289120] warning: checkpointing journal with EXT4_IOC_CHECKPOINT_FLAG_ZEROOUT can be slow
[   69.502407] warning: checkpointing journal with EXT4_IOC_CHECKPOINT_FLAG_ZEROOUT can be slow
[   69.716311] warning: checkpointing journal with EXT4_IOC_CHECKPOINT_FLAG_ZEROOUT can be slow
[   69.929092] warning: checkpointing journal with EXT4_IOC_CHECKPOINT_FLAG_ZEROOUT can be slow
[   70.141516] warning: checkpointing journal with EXT4_IOC_CHECKPOINT_FLAG_ZEROOUT can be slow
[   70.354876] warning: checkpointing journal with EXT4_IOC_CHECKPOINT_FLAG_ZEROOUT can be slow
[   70.567455] warning: checkpointing journal with EXT4_IOC_CHECKPOINT_FLAG_ZEROOUT can be slow
[   70.779254] warning: checkpointing journal with EXT4_IOC_CHECKPOINT_FLAG_ZEROOUT can be slow
[   73.915723] ext4_ioctl_checkpoint: 14 callbacks suppressed
[   73.915735] warning: checkpointing journal with EXT4_IOC_CHECKPOINT_FLAG_ZEROOUT can be slow
[   74.125071] warning: checkpointing journal with EXT4_IOC_CHECKPOINT_FLAG_ZEROOUT can be slow
[   74.334069] warning: checkpointing journal with EXT4_IOC_CHECKPOINT_FLAG_ZEROOUT can be slow
[   74.543771] warning: checkpointing journal with EXT4_IOC_CHECKPOINT_FLAG_ZEROOUT can be slow
[   74.752922] warning: checkpointing journal with EXT4_IOC_CHECKPOINT_FLAG_ZEROOUT can be slow
[   74.961657] warning: checkpointing journal with EXT4_IOC_CHECKPOINT_FLAG_ZEROOUT can be slow
[   75.170460] warning: checkpointing journal with EXT4_IOC_CHECKPOINT_FLAG_ZEROOUT can be slow
[   75.379096] warning: checkpointing journal with EXT4_IOC_CHECKPOINT_FLAG_ZEROOUT can be slow
[   75.588468] warning: checkpointing journal with EXT4_IOC_CHECKPOINT_FLAG_ZEROOUT can be slow
[   75.797786] warning: checkpointing journal with EXT4_IOC_CHECKPOINT_FLAG_ZEROOUT can be slow
[   78.933571] ext4_ioctl_checkpoint: 14 callbacks suppressed
[   78.933584] warning: checkpointing journal with EXT4_IOC_CHECKPOINT_FLAG_ZEROOUT can be slow
[   79.142804] warning: checkpointing journal with EXT4_IOC_CHECKPOINT_FLAG_ZEROOUT can be slow
[   79.351677] warning: checkpointing journal with EXT4_IOC_CHECKPOINT_FLAG_ZEROOUT can be slow
[   79.560710] warning: checkpointing journal with EXT4_IOC_CHECKPOINT_FLAG_ZEROOUT can be slow
[   79.769211] warning: checkpointing journal with EXT4_IOC_CHECKPOINT_FLAG_ZEROOUT can be slow
[   79.978198] warning: checkpointing journal with EXT4_IOC_CHECKPOINT_FLAG_ZEROOUT can be slow
[   80.187190] warning: checkpointing journal with EXT4_IOC_CHECKPOINT_FLAG_ZEROOUT can be slow
[   80.396323] warning: checkpointing journal with EXT4_IOC_CHECKPOINT_FLAG_ZEROOUT can be slow
[   80.605746] warning: checkpointing journal with EXT4_IOC_CHECKPOINT_FLAG_ZEROOUT can be slow
[   80.814517] warning: checkpointing journal with EXT4_IOC_CHECKPOINT_FLAG_ZEROOUT can be slow
[   83.949768] ext4_ioctl_checkpoint: 14 callbacks suppressed
[   83.949781] warning: checkpointing journal with EXT4_IOC_CHECKPOINT_FLAG_ZEROOUT can be slow
[   84.158834] warning: checkpointing journal with EXT4_IOC_CHECKPOINT_FLAG_ZEROOUT can be slow
[   84.367367] warning: checkpointing journal with EXT4_IOC_CHECKPOINT_FLAG_ZEROOUT can be slow
[   84.575944] warning: checkpointing journal with EXT4_IOC_CHECKPOINT_FLAG_ZEROOUT can be slow
[   84.784565] warning: checkpointing journal with EXT4_IOC_CHECKPOINT_FLAG_ZEROOUT can be slow
[   84.993522] warning: checkpointing journal with EXT4_IOC_CHECKPOINT_FLAG_ZEROOUT can be slow
[   85.202663] warning: checkpointing journal with EXT4_IOC_CHECKPOINT_FLAG_ZEROOUT can be slow
[   85.412403] warning: checkpointing journal with EXT4_IOC_CHECKPOINT_FLAG_ZEROOUT can be slow
[   85.623439] warning: checkpointing journal with EXT4_IOC_CHECKPOINT_FLAG_ZEROOUT can be slow
[   85.833135] warning: checkpointing journal with EXT4_IOC_CHECKPOINT_FLAG_ZEROOUT can be slow
[   89.160558] ext4_ioctl_checkpoint: 14 callbacks suppressed
[   89.160569] warning: checkpointing journal with EXT4_IOC_CHECKPOINT_FLAG_ZEROOUT can be slow
[   89.372486] warning: checkpointing journal with EXT4_IOC_CHECKPOINT_FLAG_ZEROOUT can be slow
[   89.583887] warning: checkpointing journal with EXT4_IOC_CHECKPOINT_FLAG_ZEROOUT can be slow
[   89.794614] warning: checkpointing journal with EXT4_IOC_CHECKPOINT_FLAG_ZEROOUT can be slow
[   90.005186] warning: checkpointing journal with EXT4_IOC_CHECKPOINT_FLAG_ZEROOUT can be slow
[   90.214646] warning: checkpointing journal with EXT4_IOC_CHECKPOINT_FLAG_ZEROOUT can be slow
[   90.424324] warning: checkpointing journal with EXT4_IOC_CHECKPOINT_FLAG_ZEROOUT can be slow
[   90.634821] warning: checkpointing journal with EXT4_IOC_CHECKPOINT_FLAG_ZEROOUT can be slow
[   90.845760] warning: checkpointing journal with EXT4_IOC_CHECKPOINT_FLAG_ZEROOUT can be slow
[   91.056622] warning: checkpointing journal with EXT4_IOC_CHECKPOINT_FLAG_ZEROOUT can be slow
[   94.187419] ext4_ioctl_checkpoint: 14 callbacks suppressed
[   94.187431] warning: checkpointing journal with EXT4_IOC_CHECKPOINT_FLAG_ZEROOUT can be slow
[   94.397092] warning: checkpointing journal with EXT4_IOC_CHECKPOINT_FLAG_ZEROOUT can be slow
[   94.606284] warning: checkpointing journal with EXT4_IOC_CHECKPOINT_FLAG_ZEROOUT can be slow
[   94.815772] warning: checkpointing journal with EXT4_IOC_CHECKPOINT_FLAG_ZEROOUT can be slow
[   95.024695] warning: checkpointing journal with EXT4_IOC_CHECKPOINT_FLAG_ZEROOUT can be slow
[   95.235105] warning: checkpointing journal with EXT4_IOC_CHECKPOINT_FLAG_ZEROOUT can be slow
[   95.445443] warning: checkpointing journal with EXT4_IOC_CHECKPOINT_FLAG_ZEROOUT can be slow
[   95.655178] warning: checkpointing journal with EXT4_IOC_CHECKPOINT_FLAG_ZEROOUT can be slow
[   95.865748] warning: checkpointing journal with EXT4_IOC_CHECKPOINT_FLAG_ZEROOUT can be slow
[   96.075483] warning: checkpointing journal with EXT4_IOC_CHECKPOINT_FLAG_ZEROOUT can be slow
[   99.209183] ext4_ioctl_checkpoint: 14 callbacks suppressed
[   99.209195] warning: checkpointing journal with EXT4_IOC_CHECKPOINT_FLAG_ZEROOUT can be slow
[   99.418476] warning: checkpointing journal with EXT4_IOC_CHECKPOINT_FLAG_ZEROOUT can be slow
[   99.627363] warning: checkpointing journal with EXT4_IOC_CHECKPOINT_FLAG_ZEROOUT can be slow
[   99.837169] warning: checkpointing journal with EXT4_IOC_CHECKPOINT_FLAG_ZEROOUT can be slow
[  100.050555] warning: checkpointing journal with EXT4_IOC_CHECKPOINT_FLAG_ZEROOUT can be slow
[  100.263153] warning: checkpointing journal with EXT4_IOC_CHECKPOINT_FLAG_ZEROOUT can be slow
[  100.476273] warning: checkpointing journal with EXT4_IOC_CHECKPOINT_FLAG_ZEROOUT can be slow
[  100.688960] warning: checkpointing journal with EXT4_IOC_CHECKPOINT_FLAG_ZEROOUT can be slow
[  100.901437] warning: checkpointing journal with EXT4_IOC_CHECKPOINT_FLAG_ZEROOUT can be slow
[  101.113420] warning: checkpointing journal with EXT4_IOC_CHECKPOINT_FLAG_ZEROOUT can be slow
[  104.248920] ext4_ioctl_checkpoint: 14 callbacks suppressed
[  104.248932] warning: checkpointing journal with EXT4_IOC_CHECKPOINT_FLAG_ZEROOUT can be slow
[  104.458107] warning: checkpointing journal with EXT4_IOC_CHECKPOINT_FLAG_ZEROOUT can be slow
[  104.667501] warning: checkpointing journal with EXT4_IOC_CHECKPOINT_FLAG_ZEROOUT can be slow
[  104.896808] warning: checkpointing journal with EXT4_IOC_CHECKPOINT_FLAG_ZEROOUT can be slow
[  105.126295] warning: checkpointing journal with EXT4_IOC_CHECKPOINT_FLAG_ZEROOUT can be slow
[  105.356446] warning: checkpointing journal with EXT4_IOC_CHECKPOINT_FLAG_ZEROOUT can be slow
[  105.586080] warning: checkpointing journal with EXT4_IOC_CHECKPOINT_FLAG_ZEROOUT can be slow
[  105.814432] warning: checkpointing journal with EXT4_IOC_CHECKPOINT_FLAG_ZEROOUT can be slow
[  106.034843] warning: checkpointing journal with EXT4_IOC_CHECKPOINT_FLAG_ZEROOUT can be slow
[  106.254121] warning: checkpointing journal with EXT4_IOC_CHECKPOINT_FLAG_ZEROOUT can be slow
[  109.332192] ext4_ioctl_checkpoint: 13 callbacks suppressed
[  109.332206] warning: checkpointing journal with EXT4_IOC_CHECKPOINT_FLAG_ZEROOUT can be slow
[  109.561362] warning: checkpointing journal with EXT4_IOC_CHECKPOINT_FLAG_ZEROOUT can be slow
[  109.790824] warning: checkpointing journal with EXT4_IOC_CHECKPOINT_FLAG_ZEROOUT can be slow
[  110.020710] warning: checkpointing journal with EXT4_IOC_CHECKPOINT_FLAG_ZEROOUT can be slow
[  110.240966] warning: checkpointing journal with EXT4_IOC_CHECKPOINT_FLAG_ZEROOUT can be slow
[  110.470345] warning: checkpointing journal with EXT4_IOC_CHECKPOINT_FLAG_ZEROOUT can be slow
[  110.700270] warning: checkpointing journal with EXT4_IOC_CHECKPOINT_FLAG_ZEROOUT can be slow
[  110.918289] warning: checkpointing journal with EXT4_IOC_CHECKPOINT_FLAG_ZEROOUT can be slow
[  111.134298] warning: checkpointing journal with EXT4_IOC_CHECKPOINT_FLAG_ZEROOUT can be slow
[  111.353992] warning: checkpointing journal with EXT4_IOC_CHECKPOINT_FLAG_ZEROOUT can be slow
[  114.485159] ext4_ioctl_checkpoint: 13 callbacks suppressed
[  114.485173] warning: checkpointing journal with EXT4_IOC_CHECKPOINT_FLAG_ZEROOUT can be slow
[  114.706246] warning: checkpointing journal with EXT4_IOC_CHECKPOINT_FLAG_ZEROOUT can be slow
[  114.935053] warning: checkpointing journal with EXT4_IOC_CHECKPOINT_FLAG_ZEROOUT can be slow
[  115.166484] warning: checkpointing journal with EXT4_IOC_CHECKPOINT_FLAG_ZEROOUT can be slow
[  115.395902] warning: checkpointing journal with EXT4_IOC_CHECKPOINT_FLAG_ZEROOUT can be slow
[  115.625693] warning: checkpointing journal with EXT4_IOC_CHECKPOINT_FLAG_ZEROOUT can be slow
[  115.855080] warning: checkpointing journal with EXT4_IOC_CHECKPOINT_FLAG_ZEROOUT can be slow
[  116.075498] warning: checkpointing journal with EXT4_IOC_CHECKPOINT_FLAG_ZEROOUT can be slow
[  116.295109] warning: checkpointing journal with EXT4_IOC_CHECKPOINT_FLAG_ZEROOUT can be slow
[  116.515481] warning: checkpointing journal with EXT4_IOC_CHECKPOINT_FLAG_ZEROOUT can be slow
[  119.642839] ext4_ioctl_checkpoint: 13 callbacks suppressed
[  119.642856] warning: checkpointing journal with EXT4_IOC_CHECKPOINT_FLAG_ZEROOUT can be slow
[  119.863740] warning: checkpointing journal with EXT4_IOC_CHECKPOINT_FLAG_ZEROOUT can be slow
[  120.083793] warning: checkpointing journal with EXT4_IOC_CHECKPOINT_FLAG_ZEROOUT can be slow
[  120.304877] warning: checkpointing journal with EXT4_IOC_CHECKPOINT_FLAG_ZEROOUT can be slow
[  120.526425] warning: checkpointing journal with EXT4_IOC_CHECKPOINT_FLAG_ZEROOUT can be slow
[  120.739089] warning: checkpointing journal with EXT4_IOC_CHECKPOINT_FLAG_ZEROOUT can be slow
[  120.956094] warning: checkpointing journal with EXT4_IOC_CHECKPOINT_FLAG_ZEROOUT can be slow
[  121.176142] warning: checkpointing journal with EXT4_IOC_CHECKPOINT_FLAG_ZEROOUT can be slow
[  121.404994] warning: checkpointing journal with EXT4_IOC_CHECKPOINT_FLAG_ZEROOUT can be slow
[  121.633915] warning: checkpointing journal with EXT4_IOC_CHECKPOINT_FLAG_ZEROOUT can be slow
[  124.736385] ext4_ioctl_checkpoint: 13 callbacks suppressed
[  124.736402] warning: checkpointing journal with EXT4_IOC_CHECKPOINT_FLAG_ZEROOUT can be slow
[  124.964828] warning: checkpointing journal with EXT4_IOC_CHECKPOINT_FLAG_ZEROOUT can be slow
[  125.190773] warning: checkpointing journal with EXT4_IOC_CHECKPOINT_FLAG_ZEROOUT can be slow
[  125.417903] warning: checkpointing journal with EXT4_IOC_CHECKPOINT_FLAG_ZEROOUT can be slow
[  125.645584] warning: checkpointing journal with EXT4_IOC_CHECKPOINT_FLAG_ZEROOUT can be slow
[  125.871416] warning: checkpointing journal with EXT4_IOC_CHECKPOINT_FLAG_ZEROOUT can be slow
[  126.084125] warning: checkpointing journal with EXT4_IOC_CHECKPOINT_FLAG_ZEROOUT can be slow
[  126.311139] warning: checkpointing journal with EXT4_IOC_CHECKPOINT_FLAG_ZEROOUT can be slow
[  126.537280] warning: checkpointing journal with EXT4_IOC_CHECKPOINT_FLAG_ZEROOUT can be slow
[  126.759817] warning: checkpointing journal with EXT4_IOC_CHECKPOINT_FLAG_ZEROOUT can be slow
[  129.832598] ext4_ioctl_checkpoint: 13 callbacks suppressed
[  129.832612] warning: checkpointing journal with EXT4_IOC_CHECKPOINT_FLAG_ZEROOUT can be slow
[  130.052881] warning: checkpointing journal with EXT4_IOC_CHECKPOINT_FLAG_ZEROOUT can be slow
[  130.272623] warning: checkpointing journal with EXT4_IOC_CHECKPOINT_FLAG_ZEROOUT can be slow
[  130.492755] warning: checkpointing journal with EXT4_IOC_CHECKPOINT_FLAG_ZEROOUT can be slow
[  130.712560] warning: checkpointing journal with EXT4_IOC_CHECKPOINT_FLAG_ZEROOUT can be slow
[  130.932722] warning: checkpointing journal with EXT4_IOC_CHECKPOINT_FLAG_ZEROOUT can be slow
[  131.152852] warning: checkpointing journal with EXT4_IOC_CHECKPOINT_FLAG_ZEROOUT can be slow
[  131.371113] warning: checkpointing journal with EXT4_IOC_CHECKPOINT_FLAG_ZEROOUT can be slow
[  131.591127] warning: checkpointing journal with EXT4_IOC_CHECKPOINT_FLAG_ZEROOUT can be slow
[  131.812025] warning: checkpointing journal with EXT4_IOC_CHECKPOINT_FLAG_ZEROOUT can be slow
[  134.959054] ext4_ioctl_checkpoint: 13 callbacks suppressed
[  134.959071] warning: checkpointing journal with EXT4_IOC_CHECKPOINT_FLAG_ZEROOUT can be slow
[  135.187760] warning: checkpointing journal with EXT4_IOC_CHECKPOINT_FLAG_ZEROOUT can be slow
[  135.407483] warning: checkpointing journal with EXT4_IOC_CHECKPOINT_FLAG_ZEROOUT can be slow
[  135.627919] warning: checkpointing journal with EXT4_IOC_CHECKPOINT_FLAG_ZEROOUT can be slow
[  135.848036] warning: checkpointing journal with EXT4_IOC_CHECKPOINT_FLAG_ZEROOUT can be slow
[  136.068735] warning: checkpointing journal with EXT4_IOC_CHECKPOINT_FLAG_ZEROOUT can be slow
[  136.288929] warning: checkpointing journal with EXT4_IOC_CHECKPOINT_FLAG_ZEROOUT can be slow
[  136.509569] warning: checkpointing journal with EXT4_IOC_CHECKPOINT_FLAG_ZEROOUT can be slow
[  136.731074] warning: checkpointing journal with EXT4_IOC_CHECKPOINT_FLAG_ZEROOUT can be slow
[  136.959281] warning: checkpointing journal with EXT4_IOC_CHECKPOINT_FLAG_ZEROOUT can be slow
[  140.055652] ext4_ioctl_checkpoint: 13 callbacks suppressed
[  140.055666] warning: checkpointing journal with EXT4_IOC_CHECKPOINT_FLAG_ZEROOUT can be slow
[  140.285003] warning: checkpointing journal with EXT4_IOC_CHECKPOINT_FLAG_ZEROOUT can be slow
[  140.513222] warning: checkpointing journal with EXT4_IOC_CHECKPOINT_FLAG_ZEROOUT can be slow
[  140.741606] warning: checkpointing journal with EXT4_IOC_CHECKPOINT_FLAG_ZEROOUT can be slow
[  140.961529] warning: checkpointing journal with EXT4_IOC_CHECKPOINT_FLAG_ZEROOUT can be slow
[  141.181827] warning: checkpointing journal with EXT4_IOC_CHECKPOINT_FLAG_ZEROOUT can be slow
[  141.402462] warning: checkpointing journal with EXT4_IOC_CHECKPOINT_FLAG_ZEROOUT can be slow
[  141.633073] warning: checkpointing journal with EXT4_IOC_CHECKPOINT_FLAG_ZEROOUT can be slow
[  141.861140] warning: checkpointing journal with EXT4_IOC_CHECKPOINT_FLAG_ZEROOUT can be slow
[  142.081411] warning: checkpointing journal with EXT4_IOC_CHECKPOINT_FLAG_ZEROOUT can be slow
[  145.160397] ext4_ioctl_checkpoint: 13 callbacks suppressed
[  145.160410] warning: checkpointing journal with EXT4_IOC_CHECKPOINT_FLAG_ZEROOUT can be slow
[  145.390097] warning: checkpointing journal with EXT4_IOC_CHECKPOINT_FLAG_ZEROOUT can be slow
[  145.618812] warning: checkpointing journal with EXT4_IOC_CHECKPOINT_FLAG_ZEROOUT can be slow
[  145.849142] warning: checkpointing journal with EXT4_IOC_CHECKPOINT_FLAG_ZEROOUT can be slow
[  146.079101] warning: checkpointing journal with EXT4_IOC_CHECKPOINT_FLAG_ZEROOUT can be slow
[  146.308161] warning: checkpointing journal with EXT4_IOC_CHECKPOINT_FLAG_ZEROOUT can be slow
[  146.529674] warning: checkpointing journal with EXT4_IOC_CHECKPOINT_FLAG_ZEROOUT can be slow
[  146.747463] warning: checkpointing journal with EXT4_IOC_CHECKPOINT_FLAG_ZEROOUT can be slow
[  146.976387] warning: checkpointing journal with EXT4_IOC_CHECKPOINT_FLAG_ZEROOUT can be slow
[  147.205407] warning: checkpointing journal with EXT4_IOC_CHECKPOINT_FLAG_ZEROOUT can be slow
[  150.315442] ext4_ioctl_checkpoint: 13 callbacks suppressed
[  150.315455] warning: checkpointing journal with EXT4_IOC_CHECKPOINT_FLAG_ZEROOUT can be slow
[  150.543738] warning: checkpointing journal with EXT4_IOC_CHECKPOINT_FLAG_ZEROOUT can be slow
[  150.764674] warning: checkpointing journal with EXT4_IOC_CHECKPOINT_FLAG_ZEROOUT can be slow
[  150.985334] warning: checkpointing journal with EXT4_IOC_CHECKPOINT_FLAG_ZEROOUT can be slow
[  151.206468] warning: checkpointing journal with EXT4_IOC_CHECKPOINT_FLAG_ZEROOUT can be slow
[  151.435947] warning: checkpointing journal with EXT4_IOC_CHECKPOINT_FLAG_ZEROOUT can be slow
[  151.663020] warning: checkpointing journal with EXT4_IOC_CHECKPOINT_FLAG_ZEROOUT can be slow
[  151.884047] warning: checkpointing journal with EXT4_IOC_CHECKPOINT_FLAG_ZEROOUT can be slow
[  152.104917] warning: checkpointing journal with EXT4_IOC_CHECKPOINT_FLAG_ZEROOUT can be slow
[  152.334132] warning: checkpointing journal with EXT4_IOC_CHECKPOINT_FLAG_ZEROOUT can be slow
[  155.438233] ext4_ioctl_checkpoint: 13 callbacks suppressed
[  155.438247] warning: checkpointing journal with EXT4_IOC_CHECKPOINT_FLAG_ZEROOUT can be slow
[  155.659216] warning: checkpointing journal with EXT4_IOC_CHECKPOINT_FLAG_ZEROOUT can be slow
[  155.880032] warning: checkpointing journal with EXT4_IOC_CHECKPOINT_FLAG_ZEROOUT can be slow
[  156.101767] warning: checkpointing journal with EXT4_IOC_CHECKPOINT_FLAG_ZEROOUT can be slow
[  156.321465] warning: checkpointing journal with EXT4_IOC_CHECKPOINT_FLAG_ZEROOUT can be slow
[  156.541940] warning: checkpointing journal with EXT4_IOC_CHECKPOINT_FLAG_ZEROOUT can be slow
[  156.763623] warning: checkpointing journal with EXT4_IOC_CHECKPOINT_FLAG_ZEROOUT can be slow
[  156.983986] warning: checkpointing journal with EXT4_IOC_CHECKPOINT_FLAG_ZEROOUT can be slow
[  157.207462] warning: checkpointing journal with EXT4_IOC_CHECKPOINT_FLAG_ZEROOUT can be slow
[  157.428001] warning: checkpointing journal with EXT4_IOC_CHECKPOINT_FLAG_ZEROOUT can be slow
[  160.516635] ext4_ioctl_checkpoint: 13 callbacks suppressed
[  160.516648] warning: checkpointing journal with EXT4_IOC_CHECKPOINT_FLAG_ZEROOUT can be slow
[  160.732338] warning: checkpointing journal with EXT4_IOC_CHECKPOINT_FLAG_ZEROOUT can be slow
[  160.953596] warning: checkpointing journal with EXT4_IOC_CHECKPOINT_FLAG_ZEROOUT can be slow
[  161.174068] warning: checkpointing journal with EXT4_IOC_CHECKPOINT_FLAG_ZEROOUT can be slow
[  161.394832] warning: checkpointing journal with EXT4_IOC_CHECKPOINT_FLAG_ZEROOUT can be slow
[  161.615867] warning: checkpointing journal with EXT4_IOC_CHECKPOINT_FLAG_ZEROOUT can be slow
[  161.836167] warning: checkpointing journal with EXT4_IOC_CHECKPOINT_FLAG_ZEROOUT can be slow
[  162.057506] warning: checkpointing journal with EXT4_IOC_CHECKPOINT_FLAG_ZEROOUT can be slow
[  162.278880] warning: checkpointing journal with EXT4_IOC_CHECKPOINT_FLAG_ZEROOUT can be slow
[  162.499777] warning: checkpointing journal with EXT4_IOC_CHECKPOINT_FLAG_ZEROOUT can be slow
[  165.605165] ext4_ioctl_checkpoint: 13 callbacks suppressed
[  165.605181] warning: checkpointing journal with EXT4_IOC_CHECKPOINT_FLAG_ZEROOUT can be slow
[  165.826340] warning: checkpointing journal with EXT4_IOC_CHECKPOINT_FLAG_ZEROOUT can be slow
[  166.047451] warning: checkpointing journal with EXT4_IOC_CHECKPOINT_FLAG_ZEROOUT can be slow
[  166.269249] warning: checkpointing journal with EXT4_IOC_CHECKPOINT_FLAG_ZEROOUT can be slow
[  166.500634] warning: checkpointing journal with EXT4_IOC_CHECKPOINT_FLAG_ZEROOUT can be slow
[  166.729860] warning: checkpointing journal with EXT4_IOC_CHECKPOINT_FLAG_ZEROOUT can be slow
[  166.951422] warning: checkpointing journal with EXT4_IOC_CHECKPOINT_FLAG_ZEROOUT can be slow
[  167.181341] warning: checkpointing journal with EXT4_IOC_CHECKPOINT_FLAG_ZEROOUT can be slow
[  167.412320] warning: checkpointing journal with EXT4_IOC_CHECKPOINT_FLAG_ZEROOUT can be slow
[  167.642348] warning: checkpointing journal with EXT4_IOC_CHECKPOINT_FLAG_ZEROOUT can be slow
[  170.620900] ext4_ioctl_checkpoint: 12 callbacks suppressed
[  170.620917] warning: checkpointing journal with EXT4_IOC_CHECKPOINT_FLAG_ZEROOUT can be slow
[  170.849911] warning: checkpointing journal with EXT4_IOC_CHECKPOINT_FLAG_ZEROOUT can be slow
[  171.076421] warning: checkpointing journal with EXT4_IOC_CHECKPOINT_FLAG_ZEROOUT can be slow
[  171.297638] warning: checkpointing journal with EXT4_IOC_CHECKPOINT_FLAG_ZEROOUT can be slow
[  171.518863] warning: checkpointing journal with EXT4_IOC_CHECKPOINT_FLAG_ZEROOUT can be slow
[  171.739471] warning: checkpointing journal with EXT4_IOC_CHECKPOINT_FLAG_ZEROOUT can be slow
[  171.960314] warning: checkpointing journal with EXT4_IOC_CHECKPOINT_FLAG_ZEROOUT can be slow
[  172.180514] warning: checkpointing journal with EXT4_IOC_CHECKPOINT_FLAG_ZEROOUT can be slow
[  172.401408] warning: checkpointing journal with EXT4_IOC_CHECKPOINT_FLAG_ZEROOUT can be slow
[  172.623180] warning: checkpointing journal with EXT4_IOC_CHECKPOINT_FLAG_ZEROOUT can be slow
[  175.770738] ext4_ioctl_checkpoint: 13 callbacks suppressed
[  175.771580] warning: checkpointing journal with EXT4_IOC_CHECKPOINT_FLAG_ZEROOUT can be slow
