c[?7l[2J[0mSeaBIOS (version rel-1.16.0-0-gd239552ce722-prebuilt.qemu.org)


iPXE (http://ipxe.org) 00:03.0 CA00 PCI2.10 PnP PMM+7FF91000+7FEF1000 CA00
Press Ctrl-B to configure iPXE (PCI 00:03.0)...                                                                               


Booting from ROM..c[?7l[2J[    0.000000] Linux version 5.19.0-rc5-5e9466a5d060+ (root@984fee00a1f6.jf.intel.com) (gcc (GCC) 8.5.0 20210514 (Red Hat 8.5.0-17), GNU ld version 2.36.1-3.el8) #1 SMP PREEMPT_DYNAMIC Tue Dec 13 05:20:28 PST 2022
[    0.000000] Command line: console=ttyS0 root=/dev/sda earlyprintk=serial net.ifnames=0
[    0.000000] KERNEL supported cpus:
[    0.000000]   Intel GenuineIntel
[    0.000000]   AMD AuthenticAMD
[    0.000000]   Hygon HygonGenuine
[    0.000000]   Centaur CentaurHauls
[    0.000000]   zhaoxin   Shanghai  
[    0.000000] x86/split lock detection: #DB: warning on user-space bus_locks
[    0.000000] x86/fpu: Supporting XSAVE feature 0x001: 'x87 floating point registers'
[    0.000000] x86/fpu: Supporting XSAVE feature 0x002: 'SSE registers'
[    0.000000] x86/fpu: Supporting XSAVE feature 0x004: 'AVX registers'
[    0.000000] x86/fpu: Supporting XSAVE feature 0x020: 'AVX-512 opmask'
[    0.000000] x86/fpu: Supporting XSAVE feature 0x040: 'AVX-512 Hi256'
[    0.000000] x86/fpu: Supporting XSAVE feature 0x080: 'AVX-512 ZMM_Hi256'
[    0.000000] x86/fpu: Supporting XSAVE feature 0x200: 'Protection Keys User registers'
[    0.000000] x86/fpu: Supporting XSAVE feature 0x20000: 'AMX Tile config'
[    0.000000] x86/fpu: Supporting XSAVE feature 0x40000: 'AMX Tile data'
[    0.000000] x86/fpu: xstate_offset[2]:  576, xstate_sizes[2]:  256
[    0.000000] x86/fpu: xstate_offset[5]:  832, xstate_sizes[5]:   64
[    0.000000] x86/fpu: xstate_offset[6]:  896, xstate_sizes[6]:  512
[    0.000000] x86/fpu: xstate_offset[7]: 1408, xstate_sizes[7]: 1024
[    0.000000] x86/fpu: xstate_offset[9]: 2432, xstate_sizes[9]:    8
[    0.000000] x86/fpu: xstate_offset[17]: 2496, xstate_sizes[17]:   64
[    0.000000] x86/fpu: xstate_offset[18]: 2560, xstate_sizes[18]: 8192
[    0.000000] x86/fpu: Enabled xstate features 0x602e7, context size is 10752 bytes, using 'compacted' format.
[    0.000000] signal: max sigframe size: 11952
[    0.000000] BIOS-provided physical RAM map:
[    0.000000] BIOS-e820: [mem 0x0000000000000000-0x000000000009fbff] usable
[    0.000000] BIOS-e820: [mem 0x000000000009fc00-0x000000000009ffff] reserved
[    0.000000] BIOS-e820: [mem 0x00000000000f0000-0x00000000000fffff] reserved
[    0.000000] BIOS-e820: [mem 0x0000000000100000-0x000000007ffdffff] usable
[    0.000000] BIOS-e820: [mem 0x000000007ffe0000-0x000000007fffffff] reserved
[    0.000000] BIOS-e820: [mem 0x00000000feffc000-0x00000000feffffff] reserved
[    0.000000] BIOS-e820: [mem 0x00000000fffc0000-0x00000000ffffffff] reserved
[    0.000000] printk: bootconsole [earlyser0] enabled
[    0.000000] NX (Execute Disable) protection: active
[    0.000000] SMBIOS 2.8 present.
[    0.000000] DMI: QEMU Standard PC (i440FX + PIIX, 1996), BIOS rel-1.16.0-0-gd239552ce722-prebuilt.qemu.org 04/01/2014
[    0.000000] Hypervisor detected: KVM
[    0.000000] kvm-clock: Using msrs 4b564d01 and 4b564d00
[    0.000003] kvm-clock: using sched offset of 347957115 cycles
[    0.000452] clocksource: kvm-clock: mask: 0xffffffffffffffff max_cycles: 0x1cd42e4dffb, max_idle_ns: 881590591483 ns
[    0.001847] tsc: Detected 1700.000 MHz processor
[    0.009147] last_pfn = 0x7ffe0 max_arch_pfn = 0x10000000000
[    0.009675] x86/PAT: Configuration [0-7]: WB  WC  UC- UC  WB  WP  UC- WT  
[    0.015554] found SMP MP-table at [mem 0x000f5ba0-0x000f5baf]
[    0.016100] Using GB pages for direct mapping
[    0.017500] ACPI: Early table checksum verification disabled
[    0.017994] ACPI: RSDP 0x00000000000F59C0 000014 (v00 BOCHS )
[    0.018497] ACPI: RSDT 0x000000007FFE1951 000034 (v01 BOCHS  BXPC     00000001 BXPC 00000001)
[    0.019243] ACPI: FACP 0x000000007FFE17FD 000074 (v01 BOCHS  BXPC     00000001 BXPC 00000001)
[    0.019991] ACPI: DSDT 0x000000007FFE0040 0017BD (v01 BOCHS  BXPC     00000001 BXPC 00000001)
[    0.020734] ACPI: FACS 0x000000007FFE0000 000040
[    0.021141] ACPI: APIC 0x000000007FFE1871 000080 (v01 BOCHS  BXPC     00000001 BXPC 00000001)
[    0.021885] ACPI: HPET 0x000000007FFE18F1 000038 (v01 BOCHS  BXPC     00000001 BXPC 00000001)
[    0.022625] ACPI: WAET 0x000000007FFE1929 000028 (v01 BOCHS  BXPC     00000001 BXPC 00000001)
[    0.023366] ACPI: Reserving FACP table memory at [mem 0x7ffe17fd-0x7ffe1870]
[    0.023969] ACPI: Reserving DSDT table memory at [mem 0x7ffe0040-0x7ffe17fc]
[    0.024573] ACPI: Reserving FACS table memory at [mem 0x7ffe0000-0x7ffe003f]
[    0.025180] ACPI: Reserving APIC table memory at [mem 0x7ffe1871-0x7ffe18f0]
[    0.025786] ACPI: Reserving HPET table memory at [mem 0x7ffe18f1-0x7ffe1928]
[    0.026389] ACPI: Reserving WAET table memory at [mem 0x7ffe1929-0x7ffe1950]
[    0.027844] No NUMA configuration found
[    0.028172] Faking a node at [mem 0x0000000000000000-0x000000007ffdffff]
[    0.028815] NODE_DATA(0) allocated [mem 0x7ffb5000-0x7ffdffff]
[    0.033500] Zone ranges:
[    0.033740]   DMA      [mem 0x0000000000001000-0x0000000000ffffff]
[    0.034272]   DMA32    [mem 0x0000000001000000-0x000000007ffdffff]
[    0.034808]   Normal   empty
[    0.035055]   Device   empty
[    0.035303] Movable zone start for each node
[    0.035668] Early memory node ranges
[    0.035974]   node   0: [mem 0x0000000000001000-0x000000000009efff]
[    0.036511]   node   0: [mem 0x0000000000100000-0x000000007ffdffff]
[    0.037052] Initmem setup node 0 [mem 0x0000000000001000-0x000000007ffdffff]
[    0.038025] On node 0, zone DMA: 1 pages in unavailable ranges
[    0.038043] On node 0, zone DMA: 97 pages in unavailable ranges
[    0.045546] On node 0, zone DMA32: 32 pages in unavailable ranges
[    0.046324] ACPI: PM-Timer IO Port: 0x608
[    0.047204] ACPI: LAPIC_NMI (acpi_id[0xff] dfl dfl lint[0x1])
[    0.047750] IOAPIC[0]: apic_id 0, version 17, address 0xfec00000, GSI 0-23
[    0.048351] ACPI: INT_SRC_OVR (bus 0 bus_irq 0 global_irq 2 dfl dfl)
[    0.048901] ACPI: INT_SRC_OVR (bus 0 bus_irq 5 global_irq 5 high level)
[    0.049469] ACPI: INT_SRC_OVR (bus 0 bus_irq 9 global_irq 9 high level)
[    0.050041] ACPI: INT_SRC_OVR (bus 0 bus_irq 10 global_irq 10 high level)
[    0.050623] ACPI: INT_SRC_OVR (bus 0 bus_irq 11 global_irq 11 high level)
[    0.051222] ACPI: Using ACPI (MADT) for SMP configuration information
[    0.051773] ACPI: HPET id: 0x8086a201 base: 0xfed00000
[    0.052221] TSC deadline timer available
[    0.052556] smpboot: Allowing 2 CPUs, 0 hotplug CPUs
[    0.053010] kvm-guest: KVM setup pv remote TLB flush
[    0.053436] kvm-guest: setup PV sched yield
[    0.053838] PM: hibernation: Registered nosave memory: [mem 0x00000000-0x00000fff]
[    0.054488] PM: hibernation: Registered nosave memory: [mem 0x0009f000-0x0009ffff]
[    0.055135] PM: hibernation: Registered nosave memory: [mem 0x000a0000-0x000effff]
[    0.055790] PM: hibernation: Registered nosave memory: [mem 0x000f0000-0x000fffff]
[    0.056437] [mem 0x80000000-0xfeffbfff] available for PCI devices
[    0.056959] Booting paravirtualized kernel on KVM
[    0.057362] clocksource: refined-jiffies: mask: 0xffffffff max_cycles: 0xffffffff, max_idle_ns: 7645519600211568 ns
[    0.058267] setup_percpu: NR_CPUS:8192 nr_cpumask_bits:2 nr_cpu_ids:2 nr_node_ids:1
[    0.059391] percpu: Embedded 64 pages/cpu s225280 r8192 d28672 u1048576
[    0.060165] kvm-guest: PV spinlocks enabled
[    0.060538] PV qspinlock hash table entries: 256 (order: 0, 4096 bytes, linear)
[    0.061184] Fallback order for Node 0: 0 
[    0.061544] Built 1 zonelists, mobility grouping on.  Total pages: 515808
[    0.062134] Policy zone: DMA32
[    0.062400] Kernel command line: net.ifnames=0 console=ttyS0 root=/dev/sda earlyprintk=serial net.ifnames=0
[    0.063951] Dentry cache hash table entries: 262144 (order: 9, 2097152 bytes, linear)
[    0.064780] Inode-cache hash table entries: 131072 (order: 8, 1048576 bytes, linear)
[    0.065544] mem auto-init: stack:off, heap alloc:off, heap free:off
[    0.070653] Memory: 1983420K/2096632K available (32784K kernel code, 4463K rwdata, 8052K rodata, 3292K init, 22736K bss, 113012K reserved, 0K cma-reserved)
[    0.072686] SLUB: HWalign=64, Order=0-3, MinObjects=0, CPUs=2, Nodes=1
[    0.073234] kmemleak: Kernel memory leak detector disabled
[    0.073714] ftrace: allocating 66253 entries in 259 pages
[    0.096294] ftrace: allocated 259 pages with 3 groups
[    0.099697] Dynamic Preempt: voluntary
[    0.100141] Running RCU self tests
[    0.100428] rcu: Preemptible hierarchical RCU implementation.
[    0.100905] rcu: 	RCU lockdep checking is enabled.
[    0.101298] rcu: 	RCU restricting CPUs from NR_CPUS=8192 to nr_cpu_ids=2.
[    0.101861] 	Trampoline variant of Tasks RCU enabled.
[    0.102275] 	Rude variant of Tasks RCU enabled.
[    0.102647] 	Tracing variant of Tasks RCU enabled.
[    0.103044] rcu: RCU calculated value of scheduler-enlistment delay is 25 jiffies.
[    0.103665] rcu: Adjusting geometry for rcu_fanout_leaf=16, nr_cpu_ids=2
[    0.128811] NR_IRQS: 524544, nr_irqs: 440, preallocated irqs: 16
[    0.129607] rcu: srcu_init: Setting srcu_struct sizes based on contention.
[    0.137799] Console: colour VGA+ 80x25
[    0.138159] printk: console [ttyS0] enabled
[    0.138159] printk: console [ttyS0] enabled
[    0.138872] printk: bootconsole [earlyser0] disabled
[    0.138872] printk: bootconsole [earlyser0] disabled
[    0.139706] Lock dependency validator: Copyright (c) 2006 Red Hat, Inc., Ingo Molnar
[    0.140364] ... MAX_LOCKDEP_SUBCLASSES:  8
[    0.140722] ... MAX_LOCK_DEPTH:          48
[    0.141084] ... MAX_LOCKDEP_KEYS:        8192
[    0.141460] ... CLASSHASH_SIZE:          4096
[    0.141838] ... MAX_LOCKDEP_ENTRIES:     32768
[    0.142221] ... MAX_LOCKDEP_CHAINS:      65536
[    0.142602] ... CHAINHASH_SIZE:          32768
[    0.142986]  memory used by lock dependency info: 6365 kB
[    0.143450]  memory used for stack traces: 4224 kB
[    0.143864]  per task-struct memory footprint: 1920 bytes
[    0.144370] ACPI: Core revision 20220331
[    0.144958] clocksource: hpet: mask: 0xffffffff max_cycles: 0xffffffff, max_idle_ns: 19112604467 ns
[    0.145855] APIC: Switch to symmetric I/O mode setup
[    0.146498] x2apic enabled
[    0.146927] Switched APIC routing to physical x2apic.
[    0.147362] kvm-guest: setup PV IPIs
[    0.148584] ..TIMER: vector=0x30 apic1=0 pin1=2 apic2=-1 pin2=-1
[    0.149121] clocksource: tsc-early: mask: 0xffffffffffffffff max_cycles: 0x1881273ac8e, max_idle_ns: 440795257284 ns
[    0.150057] Calibrating delay loop (skipped) preset value.. 3400.00 BogoMIPS (lpj=6800000)
[    0.150767] pid_max: default: 32768 minimum: 301
[    0.151298] LSM: Security Framework initializing
[    0.151704] Yama: becoming mindful.
[    0.152178] Mount-cache hash table entries: 4096 (order: 3, 32768 bytes, linear)
[    0.152815] Mountpoint-cache hash table entries: 4096 (order: 3, 32768 bytes, linear)
[    0.154731] x86/cpu: User Mode Instruction Prevention (UMIP) activated
[    0.155455] Last level iTLB entries: 4KB 0, 2MB 0, 4MB 0
[    0.155915] Last level dTLB entries: 4KB 0, 2MB 0, 4MB 0, 1GB 0
[    0.156439] Spectre V1 : Mitigation: usercopy/swapgs barriers and __user pointer sanitization
[    0.157163] Spectre V2 : WARNING: Unprivileged eBPF is enabled with eIBRS on, data leaks possible via Spectre v2 BHB attacks!
[    0.158055] Spectre V2 : Mitigation: Enhanced IBRS
[    0.158438] Spectre V2 : Spectre v2 / SpectreRSB mitigation: Filling RSB on context switch
[    0.159097] Spectre V2 : mitigation: Enabling conditional Indirect Branch Prediction Barrier
[    0.159762] Speculative Store Bypass: Mitigation: Speculative Store Bypass disabled via prctl
[    0.206263] Freeing SMP alternatives memory: 56K
[    0.206893] smpboot: CPU0: Intel(R) Xeon(R) Gold 6414TDX (family: 0x6, model: 0x8f, stepping: 0x6)
[    0.208073] cblist_init_generic: Setting adjustable number of callback queues.
[    0.208660] cblist_init_generic: Setting shift to 1 and lim to 1.
[    0.209199] cblist_init_generic: Setting shift to 1 and lim to 1.
[    0.209732] cblist_init_generic: Setting shift to 1 and lim to 1.
[    0.210046] Running RCU-tasks wait API self tests
[    0.310116] Performance Events: Sapphire Rapids events, full-width counters, Intel PMU driver.
[    0.310863] ... version:                2
[    0.311199] ... bit width:              48
[    0.311527] ... generic registers:      8
[    0.311849] ... value mask:             0000ffffffffffff
[    0.312278] ... max period:             00007fffffffffff
[    0.312701] ... fixed-purpose events:   3
[    0.313029] ... event mask:             00000007000000ff
[    0.313824] rcu: Hierarchical SRCU implementation.
[    0.316863] smp: Bringing up secondary CPUs ...
[    0.317690] x86: Booting SMP configuration:
[    0.318040] .... node  #0, CPUs:      #1
[    0.318485] smp: Brought up 1 node, 2 CPUs
[    0.318771] smpboot: Max logical packages: 1
[    0.319118] smpboot: Total of 2 processors activated (6800.00 BogoMIPS)
[    0.320355] devtmpfs: initialized
[    0.320355] x86/mm: Memory block size: 128MB
[    0.323953] clocksource: jiffies: mask: 0xffffffff max_cycles: 0xffffffff, max_idle_ns: 7645041785100000 ns
[    0.323953] futex hash table entries: 512 (order: 4, 65536 bytes, linear)
[    0.326055] Callback from call_rcu_tasks_trace() invoked.
[    0.326291] pinctrl core: initialized pinctrl subsystem
[    0.327521] 
[    0.327653] *************************************************************
[    0.328188] **     NOTICE NOTICE NOTICE NOTICE NOTICE NOTICE NOTICE    **
[    0.328730] **                                                         **
[    0.329268] **  IOMMU DebugFS SUPPORT HAS BEEN ENABLED IN THIS KERNEL  **
[    0.329804] **                                                         **
[    0.330055] ** This means that this kernel is built to expose internal **
[    0.330596] ** IOMMU data structures, which may compromise security on **
[    0.331135] ** your system.                                            **
[    0.331675] **                                                         **
[    0.332213] ** If you see this message and you are not debugging the   **
[    0.332750] ** kernel, report this immediately to your vendor!         **
[    0.333290] **                                                         **
[    0.333826] **     NOTICE NOTICE NOTICE NOTICE NOTICE NOTICE NOTICE    **
[    0.334049] *************************************************************
[    0.334641] PM: RTC time: 13:48:14, date: 2022-12-13
[    0.337049] NET: Registered PF_NETLINK/PF_ROUTE protocol family
[    0.338187] DMA: preallocated 256 KiB GFP_KERNEL pool for atomic allocations
[    0.338765] DMA: preallocated 256 KiB GFP_KERNEL|GFP_DMA pool for atomic allocations
[    0.339390] DMA: preallocated 256 KiB GFP_KERNEL|GFP_DMA32 pool for atomic allocations
[    0.340075] audit: initializing netlink subsys (disabled)
[    0.340530] audit: type=2000 audit(1670939295.389:1): state=initialized audit_enabled=0 res=1
[    0.340530] thermal_sys: Registered thermal governor 'fair_share'
[    0.340530] thermal_sys: Registered thermal governor 'bang_bang'
[    0.340530] thermal_sys: Registered thermal governor 'step_wise'
[    0.340530] thermal_sys: Registered thermal governor 'user_space'
[    0.342113] cpuidle: using governor ladder
[    0.342928] cpuidle: using governor menu
[    0.343572] HugeTLB: can optimize 4095 vmemmap pages for hugepages-1048576kB
[    0.344161] acpiphp: ACPI Hot Plug PCI Controller Driver version: 0.5
[    0.346114] PCI: Using configuration type 1 for base access
[    0.362661] kprobes: kprobe jump-optimization is enabled. All kprobes are optimized if possible.
[    0.363386] HugeTLB: can optimize 7 vmemmap pages for hugepages-2048kB
[    0.363386] HugeTLB registered 1.00 GiB page size, pre-allocated 0 pages
[    0.363519] HugeTLB registered 2.00 MiB page size, pre-allocated 0 pages
[    0.516600] ACPI: Added _OSI(Module Device)
[    0.516957] ACPI: Added _OSI(Processor Device)
[    0.517314] ACPI: Added _OSI(3.0 _SCP Extensions)
[    0.517702] ACPI: Added _OSI(Processor Aggregator Device)
[    0.518086] ACPI: Added _OSI(Linux-Dell-Video)
[    0.518451] ACPI: Added _OSI(Linux-Lenovo-NV-HDMI-Audio)
[    0.518875] ACPI: Added _OSI(Linux-HPI-Hybrid-Graphics)
[    0.525122] ACPI: 1 ACPI AML tables successfully acquired and loaded
[    0.529180] ACPI: Interpreter enabled
[    0.529580] ACPI: PM: (supports S0 S3 S4 S5)
[    0.529928] ACPI: Using IOAPIC for interrupt routing
[    0.530096] PCI: Using host bridge windows from ACPI; if necessary, use "pci=nocrs" and report a bug
[    0.530817] PCI: Using E820 reservations for host bridge windows
[    0.532035] ACPI: Enabled 2 GPEs in block 00 to 0F
[    0.549975] ACPI: PCI Root Bridge [PCI0] (domain 0000 [bus 00-ff])
[    0.550063] acpi PNP0A03:00: _OSC: OS supports [ASPM ClockPM Segments MSI EDR HPX-Type3]
[    0.550716] acpi PNP0A03:00: _OSC: not requesting OS control; OS requires [ExtendedConfig ASPM ClockPM MSI]
[    0.551553] acpi PNP0A03:00: fail to add MMCONFIG information, can't access extended PCI configuration space under this bridge.
[    0.554604] acpiphp: Slot [3] registered
[    0.554996] acpiphp: Slot [4] registered
[    0.555385] acpiphp: Slot [5] registered
[    0.555787] acpiphp: Slot [6] registered
[    0.556175] acpiphp: Slot [7] registered
[    0.556566] acpiphp: Slot [8] registered
[    0.556954] acpiphp: Slot [9] registered
[    0.557343] acpiphp: Slot [10] registered
[    0.557749] acpiphp: Slot [11] registered
[    0.558121] acpiphp: Slot [12] registered
[    0.558518] acpiphp: Slot [13] registered
[    0.558913] acpiphp: Slot [14] registered
[    0.559308] acpiphp: Slot [15] registered
[    0.559713] acpiphp: Slot [16] registered
[    0.560108] acpiphp: Slot [17] registered
[    0.560506] acpiphp: Slot [18] registered
[    0.560901] acpiphp: Slot [19] registered
[    0.561315] acpiphp: Slot [20] registered
[    0.561714] acpiphp: Slot [21] registered
[    0.562111] acpiphp: Slot [22] registered
[    0.562508] acpiphp: Slot [23] registered
[    0.562904] acpiphp: Slot [24] registered
[    0.563308] acpiphp: Slot [25] registered
[    0.563706] acpiphp: Slot [26] registered
[    0.564102] acpiphp: Slot [27] registered
[    0.564499] acpiphp: Slot [28] registered
[    0.564895] acpiphp: Slot [29] registered
[    0.565298] acpiphp: Slot [30] registered
[    0.565695] acpiphp: Slot [31] registered
[    0.566039] PCI host bridge to bus 0000:00
[    0.566051] pci_bus 0000:00: root bus resource [io  0x0000-0x0cf7 window]
[    0.566598] pci_bus 0000:00: root bus resource [io  0x0d00-0xffff window]
[    0.567146] pci_bus 0000:00: root bus resource [mem 0x000a0000-0x000bffff window]
[    0.567745] pci_bus 0000:00: root bus resource [mem 0x80000000-0xfebfffff window]
[    0.568346] pci_bus 0000:00: root bus resource [mem 0x100000000-0x17fffffff window]
[    0.568960] pci_bus 0000:00: root bus resource [bus 00-ff]
[    0.569487] pci 0000:00:00.0: [8086:1237] type 00 class 0x060000
[    0.573225] pci 0000:00:01.0: [8086:7000] type 00 class 0x060100
[    0.574398] pci 0000:00:01.1: [8086:7010] type 00 class 0x010180
[    0.576443] pci 0000:00:01.1: reg 0x20: [io  0xc040-0xc04f]
[    0.577673] pci 0000:00:01.1: legacy IDE quirk: reg 0x10: [io  0x01f0-0x01f7]
[    0.578059] pci 0000:00:01.1: legacy IDE quirk: reg 0x14: [io  0x03f6]
[    0.578579] pci 0000:00:01.1: legacy IDE quirk: reg 0x18: [io  0x0170-0x0177]
[    0.579154] pci 0000:00:01.1: legacy IDE quirk: reg 0x1c: [io  0x0376]
[    0.579960] pci 0000:00:01.3: [8086:7113] type 00 class 0x068000
[    0.580751] pci 0000:00:01.3: quirk: [io  0x0600-0x063f] claimed by PIIX4 ACPI
[    0.581341] pci 0000:00:01.3: quirk: [io  0x0700-0x070f] claimed by PIIX4 SMB
[    0.582404] pci 0000:00:02.0: [1234:1111] type 00 class 0x030000
[    0.583637] pci 0000:00:02.0: reg 0x10: [mem 0xfd000000-0xfdffffff pref]
[    0.585388] pci 0000:00:02.0: reg 0x18: [mem 0xfebf0000-0xfebf0fff]
[    0.588166] pci 0000:00:02.0: reg 0x30: [mem 0xfebe0000-0xfebeffff pref]
[    0.588783] pci 0000:00:02.0: Video device with shadowed ROM at [mem 0x000c0000-0x000dffff]
[    0.592472] pci 0000:00:03.0: [8086:100e] type 00 class 0x020000
[    0.593461] pci 0000:00:03.0: reg 0x10: [mem 0xfebc0000-0xfebdffff]
[    0.594297] pci 0000:00:03.0: reg 0x14: [io  0xc000-0xc03f]
[    0.598026] pci 0000:00:03.0: reg 0x30: [mem 0xfeb80000-0xfebbffff pref]
[    0.608871] ACPI: PCI: Interrupt link LNKA configured for IRQ 10
[    0.609755] ACPI: PCI: Interrupt link LNKB configured for IRQ 10
[    0.610423] ACPI: PCI: Interrupt link LNKC configured for IRQ 11
[    0.611278] ACPI: PCI: Interrupt link LNKD configured for IRQ 11
[    0.611945] ACPI: PCI: Interrupt link LNKS configured for IRQ 9
[    0.613462] iommu: Default domain type: Translated 
[    0.613866] iommu: DMA domain TLB invalidation policy: lazy mode 
[    0.615058] SCSI subsystem initialized
[    0.615625] ACPI: bus type USB registered
[    0.616029] usbcore: registered new interface driver usbfs
[    0.616517] usbcore: registered new interface driver hub
[    0.616970] usbcore: registered new device driver usb
[    0.617477] pps_core: LinuxPPS API ver. 1 registered
[    0.617876] pps_core: Software ver. 5.3.6 - Copyright 2005-2007 Rodolfo Giometti <giometti@linux.it>
[    0.618074] PTP clock support registered
[    0.618539] EDAC MC: Ver: 3.0.0
[    0.620058] NetLabel: Initializing
[    0.620340] NetLabel:  domain hash size = 128
[    0.620692] NetLabel:  protocols = UNLABELED CIPSOv4 CALIPSO
[    0.621200] NetLabel:  unlabeled traffic allowed by default
[    0.621908] PCI: Using ACPI for IRQ routing
[    0.622264] pci 0000:00:02.0: vgaarb: setting as boot VGA device
[    0.622763] pci 0000:00:02.0: vgaarb: bridge control possible
[    0.623227] pci 0000:00:02.0: vgaarb: VGA device added: decodes=io+mem,owns=io+mem,locks=none
[    0.623911] vgaarb: loaded
[    0.624398] hpet0: at MMIO 0xfed00000, IRQs 2, 8, 0
[    0.624813] hpet0: 3 comparators, 64-bit 100.000000 MHz counter
[    3.402238] clocksource: Switched to clocksource kvm-clock
[    3.402414] Callback from call_rcu_tasks_rude() invoked.
[    3.403567] VFS: Disk quotas dquot_6.6.0
[    3.403567] VFS: Dquot-cache hash table entries: 512 (order 0, 4096 bytes)
[    3.403567] pnp: PnP ACPI init
[    3.407084] pnp: PnP ACPI: found 6 devices
[    3.418689] clocksource: acpi_pm: mask: 0xffffff max_cycles: 0xffffff, max_idle_ns: 2085701024 ns
[    3.419766] NET: Registered PF_INET protocol family
[    3.420271] IP idents hash table entries: 32768 (order: 6, 262144 bytes, linear)
[    3.421872] tcp_listen_portaddr_hash hash table entries: 1024 (order: 4, 73728 bytes, linear)
[    3.422596] Table-perturb hash table entries: 65536 (order: 6, 262144 bytes, linear)
[    3.423223] TCP established hash table entries: 16384 (order: 5, 131072 bytes, linear)
[    3.424017] TCP bind hash table entries: 16384 (order: 8, 1179648 bytes, linear)
[    3.425259] TCP: Hash tables configured (established 16384 bind 16384)
[    3.425889] UDP hash table entries: 1024 (order: 5, 163840 bytes, linear)
[    3.426534] UDP-Lite hash table entries: 1024 (order: 5, 163840 bytes, linear)
[    3.427297] NET: Registered PF_UNIX/PF_LOCAL protocol family
[    3.428648] RPC: Registered named UNIX socket transport module.
[    3.429148] RPC: Registered udp transport module.
[    3.429526] RPC: Registered tcp transport module.
[    3.429908] RPC: Registered tcp NFSv4.1 backchannel transport module.
[    3.430461] pci_bus 0000:00: resource 4 [io  0x0000-0x0cf7 window]
[    3.430971] pci_bus 0000:00: resource 5 [io  0x0d00-0xffff window]
[    3.431471] pci_bus 0000:00: resource 6 [mem 0x000a0000-0x000bffff window]
[    3.432032] pci_bus 0000:00: resource 7 [mem 0x80000000-0xfebfffff window]
[    3.432587] pci_bus 0000:00: resource 8 [mem 0x100000000-0x17fffffff window]
[    3.433397] pci 0000:00:01.0: PIIX3: Enabling Passive Release
[    3.433876] pci 0000:00:00.0: Limiting direct PCI/PCI transfers
[    3.434384] pci 0000:00:01.0: Activating ISA DMA hang workarounds
[    3.434988] PCI: CLS 0 bytes, default 64
[    3.435687] ACPI: bus type thunderbolt registered
[    3.436354] clocksource: tsc: mask: 0xffffffffffffffff max_cycles: 0x1881273ac8e, max_idle_ns: 440795257284 ns
[    3.470104] sgx: There are zero EPC sections.
[    3.510140] Callback from call_rcu_tasks() invoked.
[    3.578701] Initialise system trusted keyrings
[    3.579182] Key type blacklist registered
[    3.579771] workingset: timestamp_bits=36 max_order=19 bucket_order=0
[    3.591066] zbud: loaded
[    3.593948] squashfs: version 4.0 (2009/01/31) Phillip Lougher
[    3.596036] NFS: Registering the id_resolver key type
[    3.596490] Key type id_resolver registered
[    3.596840] Key type id_legacy registered
[    3.597271] nfs4filelayout_init: NFSv4 File Layout Driver Registering...
[    3.597835] nfs4flexfilelayout_init: NFSv4 Flexfile Layout Driver Registering...
[    3.598589] fuse: init (API version 7.36)
[    3.599255] SGI XFS with ACLs, security attributes, realtime, quota, no debug enabled
[    3.601700] 9p: Installing v9fs 9p2000 file system support
[    3.609802] Key type asymmetric registered
[    3.610154] Asymmetric key parser 'x509' registered
[    3.611885] alg: self-tests for CTR-KDF (hmac(sha256)) passed
[    3.612396] Block layer SCSI generic (bsg) driver version 0.4 loaded (major 243)
[    3.613115] io scheduler mq-deadline registered
[    3.613556] io scheduler bfq registered
[    3.614954] shpchp: Standard Hot Plug PCI Controller Driver version: 0.4
[    3.615958] IPMI message handler: version 39.2
[    3.616365] ipmi device interface
[    3.618311] input: Power Button as /devices/LNXSYSTM:00/LNXPWRBN:00/input/input0
[    3.619248] ACPI: button: Power Button [PWRF]
[    3.620556] ERST DBG: ERST support is disabled.
[    3.621526] Serial: 8250/16550 driver, 32 ports, IRQ sharing enabled
[    3.622505] 00:04: ttyS0 at I/O 0x3f8 (irq = 4, base_baud = 115200) is a 16550A
[    3.632469] Linux agpgart interface v0.103
[    3.633348] ACPI: bus type drm_connector registered
[    3.647184] brd: module loaded
[    3.654780] loop: module loaded
[    3.659328] scsi host0: ata_piix
[    3.660241] scsi host1: ata_piix
[    3.660682] ata1: PATA max MWDMA2 cmd 0x1f0 ctl 0x3f6 bmdma 0xc040 irq 14
[    3.661230] ata2: PATA max MWDMA2 cmd 0x170 ctl 0x376 bmdma 0xc048 irq 15
[    3.663370] tun: Universal TUN/TAP device driver, 1.6
[    3.663952] e100: Intel(R) PRO/100 Network Driver
[    3.664332] e100: Copyright(c) 1999-2006 Intel Corporation
[    3.664810] e1000: Intel(R) PRO/1000 Network Driver
[    3.665200] e1000: Copyright (c) 1999-2006 Intel Corporation.
[    3.822176] ata1: found unknown device (class 0)
[    3.823066] ata1.00: ATA-7: QEMU HARDDISK, 2.5+, max UDMA/100
[    3.823537] ata1.00: 16777216 sectors, multi 16: LBA48 
[    3.824805] scsi 0:0:0:0: Direct-Access     ATA      QEMU HARDDISK    2.5+ PQ: 0 ANSI: 5
[    3.826839] sd 0:0:0:0: [sda] 16777216 512-byte logical blocks: (8.59 GB/8.00 GiB)
[    3.827494] sd 0:0:0:0: [sda] Write Protect is off
[    3.827936] sd 0:0:0:0: [sda] Write cache: enabled, read cache: enabled, doesn't support DPO or FUA
[    3.828718] sd 0:0:0:0: Attached scsi generic sg0 type 0
[    3.829335] sd 0:0:0:0: [sda] Preferred minimum I/O size 512 bytes
[    3.831191] ata2: found unknown device (class 0)
[    3.831966] ata2.00: ATAPI: QEMU DVD-ROM, 2.5+, max UDMA/100
[    3.833363] scsi 1:0:0:0: CD-ROM            QEMU     QEMU DVD-ROM     2.5+ PQ: 0 ANSI: 5
[    3.848493] ACPI: \_SB_.LNKC: Enabled at IRQ 11
[    3.855355] sd 0:0:0:0: [sda] Attached SCSI disk
[    3.862756] scsi 1:0:0:0: Attached scsi generic sg1 type 5
[    4.173188] e1000 0000:00:03.0 eth0: (PCI:33MHz:32-bit) 52:54:00:12:34:56
[    4.173785] e1000 0000:00:03.0 eth0: Intel(R) PRO/1000 Network Connection
[    4.174439] e1000e: Intel(R) PRO/1000 Network Driver
[    4.174842] e1000e: Copyright(c) 1999 - 2015 Intel Corporation.
[    4.175391] igb: Intel(R) Gigabit Ethernet Network Driver
[    4.175827] igb: Copyright (c) 2007-2014 Intel Corporation.
[    4.176387] PPP generic driver version 2.4.2
[    4.177105] VFIO - User Level meta-driver version: 0.3
[    4.177561] ehci_hcd: USB 2.0 'Enhanced' Host Controller (EHCI) Driver
[    4.178110] ehci-pci: EHCI PCI platform driver
[    4.178502] ehci-platform: EHCI generic platform driver
[    4.178946] ohci_hcd: USB 1.1 'Open' Host Controller (OHCI) Driver
[    4.179455] ohci-pci: OHCI PCI platform driver
[    4.179843] ohci-platform: OHCI generic platform driver
[    4.180280] uhci_hcd: USB Universal Host Controller Interface driver
[    4.181063] usbcore: registered new interface driver uas
[    4.181565] usbcore: registered new interface driver usb-storage
[    4.182190] i8042: PNP: PS/2 Controller [PNP0303:KBD,PNP0f13:MOU] at 0x60,0x64 irq 1,12
[    4.183547] serio: i8042 KBD port at 0x60,0x64 irq 1
[    4.183996] serio: i8042 AUX port at 0x60,0x64 irq 12
[    4.185086] mousedev: PS/2 mouse device common for all mice
[    4.186383] input: AT Translated Set 2 keyboard as /devices/platform/i8042/serio0/input/input1
[    4.188165] input: VirtualPS/2 VMware VMMouse as /devices/platform/i8042/serio1/input/input4
[    4.189381] rtc_cmos 00:05: RTC can wake from S4
[    4.189914] input: VirtualPS/2 VMware VMMouse as /devices/platform/i8042/serio1/input/input3
[    4.191595] rtc_cmos 00:05: registered as rtc0
[    4.192037] rtc_cmos 00:05: setting system clock to 2022-12-13T13:48:18 UTC (1670939298)
[    4.192837] rtc_cmos 00:05: alarms up to one day, y3k, 242 bytes nvram, hpet irqs
[    4.193468] i2c_dev: i2c /dev entries driver
[    4.193878] device-mapper: core: CONFIG_IMA_DISABLE_HTABLE is disabled. Duplicate IMA measurements will not be recorded in the IMA log.
[    4.194972] device-mapper: uevent: version 1.0.3
[    4.195615] device-mapper: ioctl: 4.46.0-ioctl (2022-02-22) initialised: dm-devel@redhat.com
[    4.196297] intel_pstate: CPU model not supported
[    4.196770] sdhci: Secure Digital Host Controller Interface driver
[    4.197260] sdhci: Copyright(c) Pierre Ossman
[    4.197685] sdhci-pltfm: SDHCI platform and OF driver helper
[    4.198208] ledtrig-cpu: registered to indicate activity on CPUs
[    4.199034] drop_monitor: Initializing network drop monitor service
[    4.200579] NET: Registered PF_INET6 protocol family
[    4.202798] Segment Routing with IPv6
[    4.203136] In-situ OAM (IOAM) with IPv6
[    4.203492] NET: Registered PF_PACKET protocol family
[    4.204156] 9pnet: Installing 9P2000 support
[    4.204582] Key type dns_resolver registered
[    4.205706] IPI shorthand broadcast: enabled
[    4.206133] sched_clock: Marking stable (4194201348, 11859714)->(4215204496, -9143434)
[    4.207373] registered taskstats version 1
[    4.207858] Loading compiled-in X.509 certificates
[    4.208535] zswap: loaded using pool lzo/zbud
[    4.209637] Key type ._fscrypt registered
[    4.209971] Key type .fscrypt registered
[    4.210313] Key type fscrypt-provisioning registered
[    4.211741] Key type encrypted registered
[    4.212116] ima: No TPM chip found, activating TPM-bypass!
[    4.212569] ima: Allocated hash algorithm: sha1
[    4.212989] ima: No architecture policies found
[    4.213451] evm: Initialising EVM extended attributes:
[    4.213870] evm: security.selinux
[    4.214153] evm: security.SMACK64
[    4.214422] evm: security.SMACK64EXEC
[    4.214722] evm: security.SMACK64TRANSMUTE
[    4.215050] evm: security.SMACK64MMAP
[    4.215346] evm: security.apparmor
[    4.215621] evm: security.ima
[    4.215872] evm: security.capability
[    4.216160] evm: HMAC attrs: 0x1
[    4.221198] PM:   Magic number: 2:181:837
[    4.221952] RAS: Correctable Errors collector initialized.
[    4.223777] md: Waiting for all devices to be available before autodetect
[    4.224156] md: If you don't use raid, use raid=noautodetect
[    4.224476] md: Autodetecting RAID arrays.
[    4.224720] md: autorun ...
[    4.224885] md: ... autorun DONE.
[    4.229868] EXT4-fs (sda): mounted filesystem with ordered data mode. Quota mode: none.
[    4.230506] VFS: Mounted root (ext4 filesystem) readonly on device 8:0.
[    4.232521] devtmpfs: mounted
[    4.243371] Freeing unused decrypted memory: 2036K
[    4.245846] Freeing unused kernel image (initmem) memory: 3292K
[    4.262103] Write protecting the kernel read-only data: 43008k
[    4.265169] Freeing unused kernel image (text/rodata gap) memory: 2028K
[    4.265711] Freeing unused kernel image (rodata/data gap) memory: 140K
[    4.372396] x86/mm: Checked W+X mappings: passed, no W+X pages found.
[    4.372778] Run /sbin/init as init process
[    4.450128] systemd[1]: RTC configured in localtime, applying delta of 0 minutes to system time.
[    4.474672] systemd[1]: systemd 239 (239-49.el8) running in system mode. (+PAM +AUDIT +SELINUX +IMA -APPARMOR +SMACK +SYSVINIT +UTMP +LIBCRYPTSETUP +GCRYPT +GNUTLS +ACL +XZ +LZ4 +SECCOMP +BLKID +ELFUTILS +KMOD +IDN2 -IDN +PCRE2 default-hierarchy=legacy)
[    4.476053] systemd[1]: Detected virtualization kvm.
[    4.476343] systemd[1]: Detected architecture x86-64.

Welcome to [0;31mCentOS Stream 8[0m!

[    4.500513] systemd[1]: Set hostname to <test>.
[    6.338100] random: crng init done
[    6.430923] systemd[1]: Listening on Process Core Dump Socket.
[[0;32m  OK  [0m] Listening on Process Core Dump Socket.
[    6.434637] systemd[1]: Created slice system-serial\x2dgetty.slice.
[[0;32m  OK  [0m] Created slice system-serial\x2dgetty.slice.
[    6.436138] systemd[1]: Listening on RPCbind Server Activation Socket.
[[0;32m  OK  [0m] Listening on RPCbind Server Activation Socket.
[    6.437148] systemd[1]: Listening on initctl Compatibility Named Pipe.
[[0;32m  OK  [0m] Listening on initctl Compatibility Named Pipe.
[    6.438183] systemd[1]: Listening on udev Kernel Socket.
[[0;32m  OK  [0m] Listening on udev Kernel Socket.
[    6.439059] systemd[1]: Listening on multipathd control socket.
[[0;32m  OK  [0m] Listening on multipathd control socket.
[[0;32m  OK  [0m] Created slice system-getty.slice.
[[0;32m  OK  [0m] Reached target Swap.
[[0;32m  OK  [0m] Listening on Device-mapper event daemon FIFOs.
[[0;32m  OK  [0m] Reached target RPC Port Mapper.
[[0;32m  OK  [0m] Created slice User and Session Slice.
[[0;32m  OK  [0m] Reached target Slices.
[[0;32m  OK  [0m] Listening on LVM2 poll daemon socket.
[[0;32m  OK  [0m] Listening on Journal Socket (/dev/log).
[[0;32m  OK  [0m] Listening on Journal Socket.
         Starting Load Kernel Modules...
         Mounting Huge Pages File System...
         Starting Setup Virtual Console...
         Starting Monitoring of LVM2 mirrorsâ€¦ng dmeventd or progress polling...
         Mounting POSIX Message Queue File System...
         Starting Remount Root and Kernel File Systems...
[[0;32m  OK  [0m] Listening on udev Control Socket.
         Starting udev Coldplug all Devices...
         Mounting Kernel Debug File System...
[[0;32m  OK  [0m] Started Forward Password Requests to Wall Directory Watch.
         Starting Journal Service...
[[0;32m  OK  [0m] Created slice system-sshd\x2dkeygen.slice.
[[0;32m  OK  [0m] Set up automount Arbitrary Executabâ€¦rmats File System Automount Point.
[[0;1;31mFAILED[    6.683983] EXT4-fs (sda): re-mounted. Quota mode: none.
[0m] Failed to start Load Kernel Modules.
See 'systemctl status systemd-modules-load.service' for details.
[[0;32m  OK  [0m] Mounted Huge Pages File System.
[[0;32m  OK  [0m] Started Monitoring of LVM2 mirrors,â€¦sing dmeventd or progress polling.
[[0;32m  OK  [0m] Mounted POSIX Message Queue File System.
[[0;32m  OK  [0m] Started Remount Root and Kernel File Systems.
[[0;32m  OK  [0m] Mounted Kernel Debug File System.
         Starting Create Static Device Nodes in /dev...
         Starting Load/Save Random Seed...
         Mounting Kernel Configuration File System...
         Mounting FUSE Control File System...
         Starting Apply Kernel Variables...
[[0;32m  OK  [0m] Started Journal Service.
[[0;32m  OK  [0m] Started Setup Virtual Console.
[[0;32m  OK  [0m] Started Create Static Device Nodes in /dev.
[[0;32m  OK  [0m] Started Load/Save Random Seed.
[[0;32m  OK  [0m] Mounted Kernel Configuration File System.
[[0;32m  OK  [0m] Mounted FUSE Control File System.
[[0;32m  OK  [0m] Started Apply Kernel Variables.
         Starting udev Kernel Device Manager...
         Starting Flush Journal to Persistent Storage...
[[0;32m  OK  [0m] Started Flush Journal to Persistent Storage.
[[0;32m  OK  [0m] Started udev Kernel Device Manager.
[[0;32m  OK  [0m] Started udev Coldplug all Devices.
         Starting udev Wait for Complete Device Initialization...
         Starting Show Plymouth Boot Screen...
[[0;32m  OK  [0m] Started Show Plymouth Boot Screen.
[[0;32m  OK  [0m] Reached target Local Encrypted Volumes.
[[0;32m  OK  [0m] Reached target Paths.
[[0;32m  OK  [0m] Started Forward Password Requests to Plymouth Directory Watch.
[[0;32m  OK  [0m] Found device /dev/ttyS0.
[[0;32m  OK  [0m] Started udev Wait for Complete Device Initialization.
[[0;32m  OK  [0m] Listening on Load/Save RF Kill Switch Status /dev/rfkill Watch.
[[0;32m  OK  [0m] Reached target Local File Systems (Pre).
[[0;32m  OK  [0m] Reached target Local File Systems.
         Starting Create Volatile Files and Directories...
         Starting Restore /run/initramfs on shutdown...
         Starting Tell Plymouth To Write Out Runtime Data...
[[0;32m  OK  [0m] Started Restore /run/initramfs on shutdown.
[[0;32m  OK  [0m] Started Tell Plymouth To Write Out Runtime Data.
[[0;32m  OK  [0m] Started Create Volatile Files and Directories.
         Starting RPC Bind...
         Mounting RPC Pipe File System...
         Starting Security Auditing Service...
[[0;32m  OK  [0m] Mounted RPC Pipe File System.
[[0;32m  OK  [0m] Reached target rpc_pipefs.target.
[[0;32m  OK  [0m] Started RPC Bind.
[[0;32m  OK  [0m] Started Security Auditing Service.
         Starting Update UTMP about System Boot/Shutdown...
[[0;32m  OK  [0m] Started Update UTMP about System Boot/Shutdown.
[[0;32m  OK  [0m] Reached target System Initialization.
[[0;32m  OK  [0m] Listening on D-Bus System Message Bus Socket.
[[0;32m  OK  [0m] Started daily update of the root trust anchor for DNSSEC.
[[0;32m  OK  [0m] Started Daily Cleanup of Temporary Directories.
[[0;32m  OK  [0m] Started dnf makecache --timer.
[[0;32m  OK  [0m] Reached target Timers.
[[0;32m  OK  [0m] Listening on SSSD Kerberos Cache Manager responder socket.
[[0;32m  OK  [0m] Reached target Sockets.
[[0;32m  OK  [0m] Reached target Basic System.
[[0;32m  OK  [0m] Started irqbalance daemon.
         Starting Login Service...
[[0;32m  OK  [0m] Started Machine Check Exception Logging Daemon.
[[0;32m  OK  [0m] Started D-Bus System Message Bus.
         Starting Authorization Manager...
         Starting Network Manager...
         Starting Auto-connect to subsystemsâ€¦-NVME devices found during boot...
         Starting NTP client/server...
         Starting Self Monitoring and Reporting Technology (SMART) Daemon...
[[0;32m  OK  [0m] Reached target sshd-keygen.target.
[[0;32m  OK  [0m] Started Auto-connect to subsystems â€¦FC-NVME devices found during boot.
         Starting update of the root trust aâ€¦or DNSSEC validation in unbound...
[[0;32m  OK  [0m] Started Login Service.
[[0;32m  OK  [0m] Started Self Monitoring and Reporting Technology (SMART) Daemon.
[[0;32m  OK  [0m] Started Network Manager.
[[0;32m  OK  [0m] Reached target Network.
         Starting Dynamic System Tuning Daemon...
         Starting GSSAPI Proxy Daemon...
         Starting OpenSSH server daemon...
         Starting Network Manager Wait Online...
[[0;32m  OK  [0m] Started update of the root trust anâ€¦ for DNSSEC validation in unbound.
         Starting Hostname Service...
[[0;32m  OK  [0m] Started Authorization Manager.
[[0;32m  OK  [0m] Started GSSAPI Proxy Daemon.
[[0;32m  OK  [0m] Reached target NFS client services.
[[0;32m  OK  [0m] Reached target Remote File Systems (Pre).
[[0;32m  OK  [0m] Reached target Remote File Systems.
         Starting Permit User Sessions...
[[0;32m  OK  [0m] Started OpenSSH server daemon.
[[0;32m  OK  [0m] Started Permit User Sessions.
         Starting Hold until boot process finishes up...
         Starting Terminate Plymouth Boot Screen...
[[0;32m  OK  [0m] Started Command Scheduler.
[[0;32m  OK  [0m] Started NTP client/server.
[    8.690812] e1000: eth0 NIC Link is Up 1000 Mbps Full Duplex, Flow Control: RX
[    8.691656] IPv6: ADDRCONF(NETDEV_CHANGE): eth0: link becomes ready
[    8.839206] Spectre V2 : WARNING: Unprivileged eBPF is enabled with eIBRS on, data leaks possible via Spectre v2 BHB attacks!
[    8.839893] Spectre V2 : WARNING: Unprivileged eBPF is enabled with eIBRS on, data leaks possible via Spectre v2 BHB attacks!

CentOS Stream 8
Kernel 5.19.0-rc5-5e9466a5d060+ on an x86_64

test login: [   28.316946] warning: checkpointing journal with EXT4_IOC_CHECKPOINT_FLAG_ZEROOUT can be slow
[   28.579872] warning: checkpointing journal with EXT4_IOC_CHECKPOINT_FLAG_ZEROOUT can be slow
[   28.799473] warning: checkpointing journal with EXT4_IOC_CHECKPOINT_FLAG_ZEROOUT can be slow
[   29.017456] warning: checkpointing journal with EXT4_IOC_CHECKPOINT_FLAG_ZEROOUT can be slow
[   29.235008] warning: checkpointing journal with EXT4_IOC_CHECKPOINT_FLAG_ZEROOUT can be slow
[   29.452265] warning: checkpointing journal with EXT4_IOC_CHECKPOINT_FLAG_ZEROOUT can be slow
[   29.668327] warning: checkpointing journal with EXT4_IOC_CHECKPOINT_FLAG_ZEROOUT can be slow
[   29.884386] warning: checkpointing journal with EXT4_IOC_CHECKPOINT_FLAG_ZEROOUT can be slow
[   30.100281] warning: checkpointing journal with EXT4_IOC_CHECKPOINT_FLAG_ZEROOUT can be slow
[   30.316649] warning: checkpointing journal with EXT4_IOC_CHECKPOINT_FLAG_ZEROOUT can be slow
[   33.335533] ext4_ioctl_checkpoint: 13 callbacks suppressed
[   33.335545] warning: checkpointing journal with EXT4_IOC_CHECKPOINT_FLAG_ZEROOUT can be slow
[   33.552114] warning: checkpointing journal with EXT4_IOC_CHECKPOINT_FLAG_ZEROOUT can be slow
[   33.768725] warning: checkpointing journal with EXT4_IOC_CHECKPOINT_FLAG_ZEROOUT can be slow
[   33.985410] warning: checkpointing journal with EXT4_IOC_CHECKPOINT_FLAG_ZEROOUT can be slow
[   34.202245] warning: checkpointing journal with EXT4_IOC_CHECKPOINT_FLAG_ZEROOUT can be slow
[   34.417961] warning: checkpointing journal with EXT4_IOC_CHECKPOINT_FLAG_ZEROOUT can be slow
[   34.635987] warning: checkpointing journal with EXT4_IOC_CHECKPOINT_FLAG_ZEROOUT can be slow
[   34.851750] warning: checkpointing journal with EXT4_IOC_CHECKPOINT_FLAG_ZEROOUT can be slow
[   35.068122] warning: checkpointing journal with EXT4_IOC_CHECKPOINT_FLAG_ZEROOUT can be slow
[   35.283902] warning: checkpointing journal with EXT4_IOC_CHECKPOINT_FLAG_ZEROOUT can be slow
[   38.515848] ext4_ioctl_checkpoint: 14 callbacks suppressed
[   38.515859] warning: checkpointing journal with EXT4_IOC_CHECKPOINT_FLAG_ZEROOUT can be slow
[   38.732589] warning: checkpointing journal with EXT4_IOC_CHECKPOINT_FLAG_ZEROOUT can be slow
[   38.950565] warning: checkpointing journal with EXT4_IOC_CHECKPOINT_FLAG_ZEROOUT can be slow
[   39.167490] warning: checkpointing journal with EXT4_IOC_CHECKPOINT_FLAG_ZEROOUT can be slow
[   39.383879] warning: checkpointing journal with EXT4_IOC_CHECKPOINT_FLAG_ZEROOUT can be slow
[   39.600727] warning: checkpointing journal with EXT4_IOC_CHECKPOINT_FLAG_ZEROOUT can be slow
[   39.816406] warning: checkpointing journal with EXT4_IOC_CHECKPOINT_FLAG_ZEROOUT can be slow
[   40.033377] warning: checkpointing journal with EXT4_IOC_CHECKPOINT_FLAG_ZEROOUT can be slow
[   40.249487] warning: checkpointing journal with EXT4_IOC_CHECKPOINT_FLAG_ZEROOUT can be slow
[   40.465814] warning: checkpointing journal with EXT4_IOC_CHECKPOINT_FLAG_ZEROOUT can be slow
[   43.697094] ext4_ioctl_checkpoint: 14 callbacks suppressed
[   43.697106] warning: checkpointing journal with EXT4_IOC_CHECKPOINT_FLAG_ZEROOUT can be slow
[   43.913133] warning: checkpointing journal with EXT4_IOC_CHECKPOINT_FLAG_ZEROOUT can be slow
[   44.128203] warning: checkpointing journal with EXT4_IOC_CHECKPOINT_FLAG_ZEROOUT can be slow
[   44.343311] warning: checkpointing journal with EXT4_IOC_CHECKPOINT_FLAG_ZEROOUT can be slow
[   44.559413] warning: checkpointing journal with EXT4_IOC_CHECKPOINT_FLAG_ZEROOUT can be slow
[   44.774457] warning: checkpointing journal with EXT4_IOC_CHECKPOINT_FLAG_ZEROOUT can be slow
[   44.989977] warning: checkpointing journal with EXT4_IOC_CHECKPOINT_FLAG_ZEROOUT can be slow
[   45.205926] warning: checkpointing journal with EXT4_IOC_CHECKPOINT_FLAG_ZEROOUT can be slow
[   45.421831] warning: checkpointing journal with EXT4_IOC_CHECKPOINT_FLAG_ZEROOUT can be slow
[   45.637389] warning: checkpointing journal with EXT4_IOC_CHECKPOINT_FLAG_ZEROOUT can be slow
[   48.869520] ext4_ioctl_checkpoint: 14 callbacks suppressed
[   48.869532] warning: checkpointing journal with EXT4_IOC_CHECKPOINT_FLAG_ZEROOUT can be slow
[   49.085905] warning: checkpointing journal with EXT4_IOC_CHECKPOINT_FLAG_ZEROOUT can be slow
[   49.301523] warning: checkpointing journal with EXT4_IOC_CHECKPOINT_FLAG_ZEROOUT can be slow
[   49.517428] warning: checkpointing journal with EXT4_IOC_CHECKPOINT_FLAG_ZEROOUT can be slow
[   49.733954] warning: checkpointing journal with EXT4_IOC_CHECKPOINT_FLAG_ZEROOUT can be slow
[   49.949785] warning: checkpointing journal with EXT4_IOC_CHECKPOINT_FLAG_ZEROOUT can be slow
[   50.165555] warning: checkpointing journal with EXT4_IOC_CHECKPOINT_FLAG_ZEROOUT can be slow
[   50.380986] warning: checkpointing journal with EXT4_IOC_CHECKPOINT_FLAG_ZEROOUT can be slow
[   50.597882] warning: checkpointing journal with EXT4_IOC_CHECKPOINT_FLAG_ZEROOUT can be slow
[   50.813495] warning: checkpointing journal with EXT4_IOC_CHECKPOINT_FLAG_ZEROOUT can be slow
[   54.044887] ext4_ioctl_checkpoint: 14 callbacks suppressed
[   54.044899] warning: checkpointing journal with EXT4_IOC_CHECKPOINT_FLAG_ZEROOUT can be slow
[   54.261026] warning: checkpointing journal with EXT4_IOC_CHECKPOINT_FLAG_ZEROOUT can be slow
[   54.476473] warning: checkpointing journal with EXT4_IOC_CHECKPOINT_FLAG_ZEROOUT can be slow
[   54.693082] warning: checkpointing journal with EXT4_IOC_CHECKPOINT_FLAG_ZEROOUT can be slow
[   54.909245] warning: checkpointing journal with EXT4_IOC_CHECKPOINT_FLAG_ZEROOUT can be slow
[   55.125234] warning: checkpointing journal with EXT4_IOC_CHECKPOINT_FLAG_ZEROOUT can be slow
[   55.341305] warning: checkpointing journal with EXT4_IOC_CHECKPOINT_FLAG_ZEROOUT can be slow
[   55.557974] warning: checkpointing journal with EXT4_IOC_CHECKPOINT_FLAG_ZEROOUT can be slow
[   55.773639] warning: checkpointing journal with EXT4_IOC_CHECKPOINT_FLAG_ZEROOUT can be slow
[   55.989430] warning: checkpointing journal with EXT4_IOC_CHECKPOINT_FLAG_ZEROOUT can be slow
[   59.219590] ext4_ioctl_checkpoint: 14 callbacks suppressed
[   59.219602] warning: checkpointing journal with EXT4_IOC_CHECKPOINT_FLAG_ZEROOUT can be slow
[   59.436396] warning: checkpointing journal with EXT4_IOC_CHECKPOINT_FLAG_ZEROOUT can be slow
[   59.652542] warning: checkpointing journal with EXT4_IOC_CHECKPOINT_FLAG_ZEROOUT can be slow
[   59.868258] warning: checkpointing journal with EXT4_IOC_CHECKPOINT_FLAG_ZEROOUT can be slow
[   60.084425] warning: checkpointing journal with EXT4_IOC_CHECKPOINT_FLAG_ZEROOUT can be slow
[   60.300530] warning: checkpointing journal with EXT4_IOC_CHECKPOINT_FLAG_ZEROOUT can be slow
[   60.516506] warning: checkpointing journal with EXT4_IOC_CHECKPOINT_FLAG_ZEROOUT can be slow
[   60.732701] warning: checkpointing journal with EXT4_IOC_CHECKPOINT_FLAG_ZEROOUT can be slow
[   60.949532] warning: checkpointing journal with EXT4_IOC_CHECKPOINT_FLAG_ZEROOUT can be slow
[   61.165867] warning: checkpointing journal with EXT4_IOC_CHECKPOINT_FLAG_ZEROOUT can be slow
[   64.396391] ext4_ioctl_checkpoint: 14 callbacks suppressed
[   64.396403] warning: checkpointing journal with EXT4_IOC_CHECKPOINT_FLAG_ZEROOUT can be slow
[   64.612025] warning: checkpointing journal with EXT4_IOC_CHECKPOINT_FLAG_ZEROOUT can be slow
[   64.827121] warning: checkpointing journal with EXT4_IOC_CHECKPOINT_FLAG_ZEROOUT can be slow
[   65.043494] warning: checkpointing journal with EXT4_IOC_CHECKPOINT_FLAG_ZEROOUT can be slow
[   65.258929] warning: checkpointing journal with EXT4_IOC_CHECKPOINT_FLAG_ZEROOUT can be slow
[   65.476114] warning: checkpointing journal with EXT4_IOC_CHECKPOINT_FLAG_ZEROOUT can be slow
[   65.693034] warning: checkpointing journal with EXT4_IOC_CHECKPOINT_FLAG_ZEROOUT can be slow
[   65.908789] warning: checkpointing journal with EXT4_IOC_CHECKPOINT_FLAG_ZEROOUT can be slow
[   66.125014] warning: checkpointing journal with EXT4_IOC_CHECKPOINT_FLAG_ZEROOUT can be slow
[   66.340338] warning: checkpointing journal with EXT4_IOC_CHECKPOINT_FLAG_ZEROOUT can be slow
[   69.572038] ext4_ioctl_checkpoint: 14 callbacks suppressed
[   69.572050] warning: checkpointing journal with EXT4_IOC_CHECKPOINT_FLAG_ZEROOUT can be slow
[   69.788686] warning: checkpointing journal with EXT4_IOC_CHECKPOINT_FLAG_ZEROOUT can be slow
[   70.003437] warning: checkpointing journal with EXT4_IOC_CHECKPOINT_FLAG_ZEROOUT can be slow
[   70.219162] warning: checkpointing journal with EXT4_IOC_CHECKPOINT_FLAG_ZEROOUT can be slow
[   70.436103] warning: checkpointing journal with EXT4_IOC_CHECKPOINT_FLAG_ZEROOUT can be slow
[   70.651844] warning: checkpointing journal with EXT4_IOC_CHECKPOINT_FLAG_ZEROOUT can be slow
[   70.867771] warning: checkpointing journal with EXT4_IOC_CHECKPOINT_FLAG_ZEROOUT can be slow
[   71.082715] warning: checkpointing journal with EXT4_IOC_CHECKPOINT_FLAG_ZEROOUT can be slow
[   71.298128] warning: checkpointing journal with EXT4_IOC_CHECKPOINT_FLAG_ZEROOUT can be slow
[   71.513841] warning: checkpointing journal with EXT4_IOC_CHECKPOINT_FLAG_ZEROOUT can be slow
[   74.768795] ext4_ioctl_checkpoint: 14 callbacks suppressed
[   74.768807] warning: checkpointing journal with EXT4_IOC_CHECKPOINT_FLAG_ZEROOUT can be slow
[   74.985292] warning: checkpointing journal with EXT4_IOC_CHECKPOINT_FLAG_ZEROOUT can be slow
[   75.202196] warning: checkpointing journal with EXT4_IOC_CHECKPOINT_FLAG_ZEROOUT can be slow
[   75.419751] warning: checkpointing journal with EXT4_IOC_CHECKPOINT_FLAG_ZEROOUT can be slow
[   75.635118] warning: checkpointing journal with EXT4_IOC_CHECKPOINT_FLAG_ZEROOUT can be slow
[   75.851847] warning: checkpointing journal with EXT4_IOC_CHECKPOINT_FLAG_ZEROOUT can be slow
[   76.067129] warning: checkpointing journal with EXT4_IOC_CHECKPOINT_FLAG_ZEROOUT can be slow
[   76.282694] warning: checkpointing journal with EXT4_IOC_CHECKPOINT_FLAG_ZEROOUT can be slow
[   76.499423] warning: checkpointing journal with EXT4_IOC_CHECKPOINT_FLAG_ZEROOUT can be slow
[   76.714656] warning: checkpointing journal with EXT4_IOC_CHECKPOINT_FLAG_ZEROOUT can be slow
[   79.968906] ext4_ioctl_checkpoint: 14 callbacks suppressed
[   79.968919] warning: checkpointing journal with EXT4_IOC_CHECKPOINT_FLAG_ZEROOUT can be slow
[   80.187803] warning: checkpointing journal with EXT4_IOC_CHECKPOINT_FLAG_ZEROOUT can be slow
[   80.407242] warning: checkpointing journal with EXT4_IOC_CHECKPOINT_FLAG_ZEROOUT can be slow
[   80.628234] warning: checkpointing journal with EXT4_IOC_CHECKPOINT_FLAG_ZEROOUT can be slow
[   80.847364] warning: checkpointing journal with EXT4_IOC_CHECKPOINT_FLAG_ZEROOUT can be slow
[   81.066406] warning: checkpointing journal with EXT4_IOC_CHECKPOINT_FLAG_ZEROOUT can be slow
[   81.285794] warning: checkpointing journal with EXT4_IOC_CHECKPOINT_FLAG_ZEROOUT can be slow
[   81.505714] warning: checkpointing journal with EXT4_IOC_CHECKPOINT_FLAG_ZEROOUT can be slow
[   81.725988] warning: checkpointing journal with EXT4_IOC_CHECKPOINT_FLAG_ZEROOUT can be slow
[   81.946098] warning: checkpointing journal with EXT4_IOC_CHECKPOINT_FLAG_ZEROOUT can be slow
[   84.987419] ext4_ioctl_checkpoint: 13 callbacks suppressed
[   84.987430] warning: checkpointing journal with EXT4_IOC_CHECKPOINT_FLAG_ZEROOUT can be slow
[   85.204243] warning: checkpointing journal with EXT4_IOC_CHECKPOINT_FLAG_ZEROOUT can be slow
[   85.421208] warning: checkpointing journal with EXT4_IOC_CHECKPOINT_FLAG_ZEROOUT can be slow
[   85.637429] warning: checkpointing journal with EXT4_IOC_CHECKPOINT_FLAG_ZEROOUT can be slow
[   85.853832] warning: checkpointing journal with EXT4_IOC_CHECKPOINT_FLAG_ZEROOUT can be slow
[   86.069854] warning: checkpointing journal with EXT4_IOC_CHECKPOINT_FLAG_ZEROOUT can be slow
[   86.285713] warning: checkpointing journal with EXT4_IOC_CHECKPOINT_FLAG_ZEROOUT can be slow
[   86.501770] warning: checkpointing journal with EXT4_IOC_CHECKPOINT_FLAG_ZEROOUT can be slow
[   86.717936] warning: checkpointing journal with EXT4_IOC_CHECKPOINT_FLAG_ZEROOUT can be slow
[   86.934103] warning: checkpointing journal with EXT4_IOC_CHECKPOINT_FLAG_ZEROOUT can be slow
[   90.173920] ext4_ioctl_checkpoint: 14 callbacks suppressed
[   90.173933] warning: checkpointing journal with EXT4_IOC_CHECKPOINT_FLAG_ZEROOUT can be slow
[   90.392781] warning: checkpointing journal with EXT4_IOC_CHECKPOINT_FLAG_ZEROOUT can be slow
[   90.612367] warning: checkpointing journal with EXT4_IOC_CHECKPOINT_FLAG_ZEROOUT can be slow
[   90.832564] warning: checkpointing journal with EXT4_IOC_CHECKPOINT_FLAG_ZEROOUT can be slow
[   91.051741] warning: checkpointing journal with EXT4_IOC_CHECKPOINT_FLAG_ZEROOUT can be slow
[   91.269354] warning: checkpointing journal with EXT4_IOC_CHECKPOINT_FLAG_ZEROOUT can be slow
[   91.488839] warning: checkpointing journal with EXT4_IOC_CHECKPOINT_FLAG_ZEROOUT can be slow
[   91.707629] warning: checkpointing journal with EXT4_IOC_CHECKPOINT_FLAG_ZEROOUT can be slow
[   91.927067] warning: checkpointing journal with EXT4_IOC_CHECKPOINT_FLAG_ZEROOUT can be slow
[   92.144872] warning: checkpointing journal with EXT4_IOC_CHECKPOINT_FLAG_ZEROOUT can be slow
[   95.384178] ext4_ioctl_checkpoint: 14 callbacks suppressed
[   95.384190] warning: checkpointing journal with EXT4_IOC_CHECKPOINT_FLAG_ZEROOUT can be slow
[   95.600622] warning: checkpointing journal with EXT4_IOC_CHECKPOINT_FLAG_ZEROOUT can be slow
[   95.816745] warning: checkpointing journal with EXT4_IOC_CHECKPOINT_FLAG_ZEROOUT can be slow
[   96.031694] warning: checkpointing journal with EXT4_IOC_CHECKPOINT_FLAG_ZEROOUT can be slow
[   96.247611] warning: checkpointing journal with EXT4_IOC_CHECKPOINT_FLAG_ZEROOUT can be slow
[   96.463588] warning: checkpointing journal with EXT4_IOC_CHECKPOINT_FLAG_ZEROOUT can be slow
[   96.679709] warning: checkpointing journal with EXT4_IOC_CHECKPOINT_FLAG_ZEROOUT can be slow
[   96.896084] warning: checkpointing journal with EXT4_IOC_CHECKPOINT_FLAG_ZEROOUT can be slow
[   97.111525] warning: checkpointing journal with EXT4_IOC_CHECKPOINT_FLAG_ZEROOUT can be slow
[   97.326773] warning: checkpointing journal with EXT4_IOC_CHECKPOINT_FLAG_ZEROOUT can be slow
[  100.555703] ext4_ioctl_checkpoint: 14 callbacks suppressed
[  100.555716] warning: checkpointing journal with EXT4_IOC_CHECKPOINT_FLAG_ZEROOUT can be slow
[  100.772258] warning: checkpointing journal with EXT4_IOC_CHECKPOINT_FLAG_ZEROOUT can be slow
[  100.988789] warning: checkpointing journal with EXT4_IOC_CHECKPOINT_FLAG_ZEROOUT can be slow
[  101.195514] warning: checkpointing journal with EXT4_IOC_CHECKPOINT_FLAG_ZEROOUT can be slow
[  101.411192] warning: checkpointing journal with EXT4_IOC_CHECKPOINT_FLAG_ZEROOUT can be slow
[  101.627836] warning: checkpointing journal with EXT4_IOC_CHECKPOINT_FLAG_ZEROOUT can be slow
[  101.842909] warning: checkpointing journal with EXT4_IOC_CHECKPOINT_FLAG_ZEROOUT can be slow
[  102.059476] warning: checkpointing journal with EXT4_IOC_CHECKPOINT_FLAG_ZEROOUT can be slow
[  102.275617] warning: checkpointing journal with EXT4_IOC_CHECKPOINT_FLAG_ZEROOUT can be slow
[  102.491553] warning: checkpointing journal with EXT4_IOC_CHECKPOINT_FLAG_ZEROOUT can be slow
[  105.719475] ext4_ioctl_checkpoint: 14 callbacks suppressed
[  105.719487] warning: checkpointing journal with EXT4_IOC_CHECKPOINT_FLAG_ZEROOUT can be slow
[  105.935644] warning: checkpointing journal with EXT4_IOC_CHECKPOINT_FLAG_ZEROOUT can be slow
[  106.151641] warning: checkpointing journal with EXT4_IOC_CHECKPOINT_FLAG_ZEROOUT can be slow
[  106.522011] warning: checkpointing journal with EXT4_IOC_CHECKPOINT_FLAG_ZEROOUT can be slow
[  106.737583] warning: checkpointing journal with EXT4_IOC_CHECKPOINT_FLAG_ZEROOUT can be slow
[  106.953820] warning: checkpointing journal with EXT4_IOC_CHECKPOINT_FLAG_ZEROOUT can be slow
[  107.170411] warning: checkpointing journal with EXT4_IOC_CHECKPOINT_FLAG_ZEROOUT can be slow
[  107.387120] warning: checkpointing journal with EXT4_IOC_CHECKPOINT_FLAG_ZEROOUT can be slow
[  107.603217] warning: checkpointing journal with EXT4_IOC_CHECKPOINT_FLAG_ZEROOUT can be slow
[  107.819818] warning: checkpointing journal with EXT4_IOC_CHECKPOINT_FLAG_ZEROOUT can be slow
[  110.836656] ext4_ioctl_checkpoint: 13 callbacks suppressed
[  110.836668] warning: checkpointing journal with EXT4_IOC_CHECKPOINT_FLAG_ZEROOUT can be slow
[  111.053018] warning: checkpointing journal with EXT4_IOC_CHECKPOINT_FLAG_ZEROOUT can be slow
[  111.268656] warning: checkpointing journal with EXT4_IOC_CHECKPOINT_FLAG_ZEROOUT can be slow
[  111.485507] warning: checkpointing journal with EXT4_IOC_CHECKPOINT_FLAG_ZEROOUT can be slow
[  111.702372] warning: checkpointing journal with EXT4_IOC_CHECKPOINT_FLAG_ZEROOUT can be slow
[  111.918775] warning: checkpointing journal with EXT4_IOC_CHECKPOINT_FLAG_ZEROOUT can be slow
[  112.136901] warning: checkpointing journal with EXT4_IOC_CHECKPOINT_FLAG_ZEROOUT can be slow
[  112.353738] warning: checkpointing journal with EXT4_IOC_CHECKPOINT_FLAG_ZEROOUT can be slow
[  112.570339] warning: checkpointing journal with EXT4_IOC_CHECKPOINT_FLAG_ZEROOUT can be slow
[  112.786356] warning: checkpointing journal with EXT4_IOC_CHECKPOINT_FLAG_ZEROOUT can be slow
[  116.016262] ext4_ioctl_checkpoint: 14 callbacks suppressed
[  116.016274] warning: checkpointing journal with EXT4_IOC_CHECKPOINT_FLAG_ZEROOUT can be slow
[  116.232045] warning: checkpointing journal with EXT4_IOC_CHECKPOINT_FLAG_ZEROOUT can be slow
[  116.447142] warning: checkpointing journal with EXT4_IOC_CHECKPOINT_FLAG_ZEROOUT can be slow
[  116.663262] warning: checkpointing journal with EXT4_IOC_CHECKPOINT_FLAG_ZEROOUT can be slow
[  116.879430] warning: checkpointing journal with EXT4_IOC_CHECKPOINT_FLAG_ZEROOUT can be slow
[  117.095656] warning: checkpointing journal with EXT4_IOC_CHECKPOINT_FLAG_ZEROOUT can be slow
[  117.311165] warning: checkpointing journal with EXT4_IOC_CHECKPOINT_FLAG_ZEROOUT can be slow
[  117.526736] warning: checkpointing journal with EXT4_IOC_CHECKPOINT_FLAG_ZEROOUT can be slow
[  117.742663] warning: checkpointing journal with EXT4_IOC_CHECKPOINT_FLAG_ZEROOUT can be slow
[  117.957787] warning: checkpointing journal with EXT4_IOC_CHECKPOINT_FLAG_ZEROOUT can be slow
[  121.181733] ext4_ioctl_checkpoint: 14 callbacks suppressed
[  121.181745] warning: checkpointing journal with EXT4_IOC_CHECKPOINT_FLAG_ZEROOUT can be slow
[  121.397949] warning: checkpointing journal with EXT4_IOC_CHECKPOINT_FLAG_ZEROOUT can be slow
[  121.613973] warning: checkpointing journal with EXT4_IOC_CHECKPOINT_FLAG_ZEROOUT can be slow
[  121.829947] warning: checkpointing journal with EXT4_IOC_CHECKPOINT_FLAG_ZEROOUT can be slow
[  122.045787] warning: checkpointing journal with EXT4_IOC_CHECKPOINT_FLAG_ZEROOUT can be slow
[  122.262570] warning: checkpointing journal with EXT4_IOC_CHECKPOINT_FLAG_ZEROOUT can be slow
[  122.479596] warning: checkpointing journal with EXT4_IOC_CHECKPOINT_FLAG_ZEROOUT can be slow
[  122.695345] warning: checkpointing journal with EXT4_IOC_CHECKPOINT_FLAG_ZEROOUT can be slow
[  122.910569] warning: checkpointing journal with EXT4_IOC_CHECKPOINT_FLAG_ZEROOUT can be slow
[  123.125928] warning: checkpointing journal with EXT4_IOC_CHECKPOINT_FLAG_ZEROOUT can be slow
[  126.353452] ext4_ioctl_checkpoint: 14 callbacks suppressed
[  126.353464] warning: checkpointing journal with EXT4_IOC_CHECKPOINT_FLAG_ZEROOUT can be slow
[  126.569151] warning: checkpointing journal with EXT4_IOC_CHECKPOINT_FLAG_ZEROOUT can be slow
[  126.784647] warning: checkpointing journal with EXT4_IOC_CHECKPOINT_FLAG_ZEROOUT can be slow
[  126.999975] warning: checkpointing journal with EXT4_IOC_CHECKPOINT_FLAG_ZEROOUT can be slow
[  127.216702] warning: checkpointing journal with EXT4_IOC_CHECKPOINT_FLAG_ZEROOUT can be slow
[  127.431796] warning: checkpointing journal with EXT4_IOC_CHECKPOINT_FLAG_ZEROOUT can be slow
[  127.648291] warning: checkpointing journal with EXT4_IOC_CHECKPOINT_FLAG_ZEROOUT can be slow
[  127.864675] warning: checkpointing journal with EXT4_IOC_CHECKPOINT_FLAG_ZEROOUT can be slow
[  128.080844] warning: checkpointing journal with EXT4_IOC_CHECKPOINT_FLAG_ZEROOUT can be slow
[  128.296148] warning: checkpointing journal with EXT4_IOC_CHECKPOINT_FLAG_ZEROOUT can be slow
[  131.521565] ext4_ioctl_checkpoint: 14 callbacks suppressed
[  131.521577] warning: checkpointing journal with EXT4_IOC_CHECKPOINT_FLAG_ZEROOUT can be slow
[  131.737866] warning: checkpointing journal with EXT4_IOC_CHECKPOINT_FLAG_ZEROOUT can be slow
[  131.953169] warning: checkpointing journal with EXT4_IOC_CHECKPOINT_FLAG_ZEROOUT can be slow
[  132.169545] warning: checkpointing journal with EXT4_IOC_CHECKPOINT_FLAG_ZEROOUT can be slow
[  132.384903] warning: checkpointing journal with EXT4_IOC_CHECKPOINT_FLAG_ZEROOUT can be slow
[  132.599637] warning: checkpointing journal with EXT4_IOC_CHECKPOINT_FLAG_ZEROOUT can be slow
[  132.815298] warning: checkpointing journal with EXT4_IOC_CHECKPOINT_FLAG_ZEROOUT can be slow
[  133.031069] warning: checkpointing journal with EXT4_IOC_CHECKPOINT_FLAG_ZEROOUT can be slow
[  133.247110] warning: checkpointing journal with EXT4_IOC_CHECKPOINT_FLAG_ZEROOUT can be slow
[  133.463556] warning: checkpointing journal with EXT4_IOC_CHECKPOINT_FLAG_ZEROOUT can be slow
[  136.691147] ext4_ioctl_checkpoint: 14 callbacks suppressed
[  136.691159] warning: checkpointing journal with EXT4_IOC_CHECKPOINT_FLAG_ZEROOUT can be slow
[  136.906257] warning: checkpointing journal with EXT4_IOC_CHECKPOINT_FLAG_ZEROOUT can be slow
[  137.121185] warning: checkpointing journal with EXT4_IOC_CHECKPOINT_FLAG_ZEROOUT can be slow
[  137.337261] warning: checkpointing journal with EXT4_IOC_CHECKPOINT_FLAG_ZEROOUT can be slow
[  137.758685] warning: checkpointing journal with EXT4_IOC_CHECKPOINT_FLAG_ZEROOUT can be slow
[  137.975123] warning: checkpointing journal with EXT4_IOC_CHECKPOINT_FLAG_ZEROOUT can be slow
[  138.191229] warning: checkpointing journal with EXT4_IOC_CHECKPOINT_FLAG_ZEROOUT can be slow
[  138.407968] warning: checkpointing journal with EXT4_IOC_CHECKPOINT_FLAG_ZEROOUT can be slow
[  138.623541] warning: checkpointing journal with EXT4_IOC_CHECKPOINT_FLAG_ZEROOUT can be slow
[  138.839528] warning: checkpointing journal with EXT4_IOC_CHECKPOINT_FLAG_ZEROOUT can be slow
[  141.854826] ext4_ioctl_checkpoint: 13 callbacks suppressed
[  141.854838] warning: checkpointing journal with EXT4_IOC_CHECKPOINT_FLAG_ZEROOUT can be slow
[  142.071140] warning: checkpointing journal with EXT4_IOC_CHECKPOINT_FLAG_ZEROOUT can be slow
[  142.287431] warning: checkpointing journal with EXT4_IOC_CHECKPOINT_FLAG_ZEROOUT can be slow
[  142.503411] warning: checkpointing journal with EXT4_IOC_CHECKPOINT_FLAG_ZEROOUT can be slow
[  142.719106] warning: checkpointing journal with EXT4_IOC_CHECKPOINT_FLAG_ZEROOUT can be slow
[  142.934553] warning: checkpointing journal with EXT4_IOC_CHECKPOINT_FLAG_ZEROOUT can be slow
[  143.151782] warning: checkpointing journal with EXT4_IOC_CHECKPOINT_FLAG_ZEROOUT can be slow
[  143.430625] warning: checkpointing journal with EXT4_IOC_CHECKPOINT_FLAG_ZEROOUT can be slow
[  143.647637] warning: checkpointing journal with EXT4_IOC_CHECKPOINT_FLAG_ZEROOUT can be slow
[  143.863934] warning: checkpointing journal with EXT4_IOC_CHECKPOINT_FLAG_ZEROOUT can be slow
[  146.880192] ext4_ioctl_checkpoint: 13 callbacks suppressed
[  146.880205] warning: checkpointing journal with EXT4_IOC_CHECKPOINT_FLAG_ZEROOUT can be slow
[  147.095881] warning: checkpointing journal with EXT4_IOC_CHECKPOINT_FLAG_ZEROOUT can be slow
[  147.311409] warning: checkpointing journal with EXT4_IOC_CHECKPOINT_FLAG_ZEROOUT can be slow
[  147.526969] warning: checkpointing journal with EXT4_IOC_CHECKPOINT_FLAG_ZEROOUT can be slow
[  147.742788] warning: checkpointing journal with EXT4_IOC_CHECKPOINT_FLAG_ZEROOUT can be slow
[  147.961778] warning: checkpointing journal with EXT4_IOC_CHECKPOINT_FLAG_ZEROOUT can be slow
[  148.181772] warning: checkpointing journal with EXT4_IOC_CHECKPOINT_FLAG_ZEROOUT can be slow
[  148.414842] warning: checkpointing journal with EXT4_IOC_CHECKPOINT_FLAG_ZEROOUT can be slow
[  148.646564] warning: checkpointing journal with EXT4_IOC_CHECKPOINT_FLAG_ZEROOUT can be slow
[  148.865305] warning: checkpointing journal with EXT4_IOC_CHECKPOINT_FLAG_ZEROOUT can be slow
[  151.888342] ext4_ioctl_checkpoint: 13 callbacks suppressed
[  151.888355] warning: checkpointing journal with EXT4_IOC_CHECKPOINT_FLAG_ZEROOUT can be slow
[  152.104611] warning: checkpointing journal with EXT4_IOC_CHECKPOINT_FLAG_ZEROOUT can be slow
[  152.320327] warning: checkpointing journal with EXT4_IOC_CHECKPOINT_FLAG_ZEROOUT can be slow
[  152.536558] warning: checkpointing journal with EXT4_IOC_CHECKPOINT_FLAG_ZEROOUT can be slow
[  152.752463] warning: checkpointing journal with EXT4_IOC_CHECKPOINT_FLAG_ZEROOUT can be slow
[  152.968349] warning: checkpointing journal with EXT4_IOC_CHECKPOINT_FLAG_ZEROOUT can be slow
[  153.184577] warning: checkpointing journal with EXT4_IOC_CHECKPOINT_FLAG_ZEROOUT can be slow
[  153.400757] warning: checkpointing journal with EXT4_IOC_CHECKPOINT_FLAG_ZEROOUT can be slow
[  153.617916] warning: checkpointing journal with EXT4_IOC_CHECKPOINT_FLAG_ZEROOUT can be slow
[  153.833372] warning: checkpointing journal with EXT4_IOC_CHECKPOINT_FLAG_ZEROOUT can be slow
[  157.060937] ext4_ioctl_checkpoint: 14 callbacks suppressed
[  157.060948] warning: checkpointing journal with EXT4_IOC_CHECKPOINT_FLAG_ZEROOUT can be slow
[  157.276469] warning: checkpointing journal with EXT4_IOC_CHECKPOINT_FLAG_ZEROOUT can be slow
[  157.492007] warning: checkpointing journal with EXT4_IOC_CHECKPOINT_FLAG_ZEROOUT can be slow
[  157.708216] warning: checkpointing journal with EXT4_IOC_CHECKPOINT_FLAG_ZEROOUT can be slow
[  157.924059] warning: checkpointing journal with EXT4_IOC_CHECKPOINT_FLAG_ZEROOUT can be slow
[  158.139932] warning: checkpointing journal with EXT4_IOC_CHECKPOINT_FLAG_ZEROOUT can be slow
[  158.355730] warning: checkpointing journal with EXT4_IOC_CHECKPOINT_FLAG_ZEROOUT can be slow
[  158.572076] warning: checkpointing journal with EXT4_IOC_CHECKPOINT_FLAG_ZEROOUT can be slow
[  158.787357] warning: checkpointing journal with EXT4_IOC_CHECKPOINT_FLAG_ZEROOUT can be slow
[  159.006546] warning: checkpointing journal with EXT4_IOC_CHECKPOINT_FLAG_ZEROOUT can be slow
[  162.240640] ext4_ioctl_checkpoint: 14 callbacks suppressed
[  162.240652] warning: checkpointing journal with EXT4_IOC_CHECKPOINT_FLAG_ZEROOUT can be slow
[  162.456366] warning: checkpointing journal with EXT4_IOC_CHECKPOINT_FLAG_ZEROOUT can be slow
[  162.672182] warning: checkpointing journal with EXT4_IOC_CHECKPOINT_FLAG_ZEROOUT can be slow
[  162.887758] warning: checkpointing journal with EXT4_IOC_CHECKPOINT_FLAG_ZEROOUT can be slow
[  163.103096] warning: checkpointing journal with EXT4_IOC_CHECKPOINT_FLAG_ZEROOUT can be slow
[  163.319793] warning: checkpointing journal with EXT4_IOC_CHECKPOINT_FLAG_ZEROOUT can be slow
[  163.535671] warning: checkpointing journal with EXT4_IOC_CHECKPOINT_FLAG_ZEROOUT can be slow
[  163.751252] warning: checkpointing journal with EXT4_IOC_CHECKPOINT_FLAG_ZEROOUT can be slow
[  163.968232] warning: checkpointing journal with EXT4_IOC_CHECKPOINT_FLAG_ZEROOUT can be slow
[  164.184388] warning: checkpointing journal with EXT4_IOC_CHECKPOINT_FLAG_ZEROOUT can be slow
[  167.411190] ext4_ioctl_checkpoint: 14 callbacks suppressed
[  167.411202] warning: checkpointing journal with EXT4_IOC_CHECKPOINT_FLAG_ZEROOUT can be slow
[  167.627733] warning: checkpointing journal with EXT4_IOC_CHECKPOINT_FLAG_ZEROOUT can be slow
[  167.843486] warning: checkpointing journal with EXT4_IOC_CHECKPOINT_FLAG_ZEROOUT can be slow
[  168.059677] warning: checkpointing journal with EXT4_IOC_CHECKPOINT_FLAG_ZEROOUT can be slow
[  168.274737] warning: checkpointing journal with EXT4_IOC_CHECKPOINT_FLAG_ZEROOUT can be slow
[  168.490398] warning: checkpointing journal with EXT4_IOC_CHECKPOINT_FLAG_ZEROOUT can be slow
[  168.708353] warning: checkpointing journal with EXT4_IOC_CHECKPOINT_FLAG_ZEROOUT can be slow
[  169.124551] warning: checkpointing journal with EXT4_IOC_CHECKPOINT_FLAG_ZEROOUT can be slow
[  169.340517] warning: checkpointing journal with EXT4_IOC_CHECKPOINT_FLAG_ZEROOUT can be slow
[  169.556473] warning: checkpointing journal with EXT4_IOC_CHECKPOINT_FLAG_ZEROOUT can be slow
[  172.580580] ext4_ioctl_checkpoint: 13 callbacks suppressed
[  172.580592] warning: checkpointing journal with EXT4_IOC_CHECKPOINT_FLAG_ZEROOUT can be slow
[  172.797892] warning: checkpointing journal with EXT4_IOC_CHECKPOINT_FLAG_ZEROOUT can be slow
[  173.014273] warning: checkpointing journal with EXT4_IOC_CHECKPOINT_FLAG_ZEROOUT can be slow
[  173.231686] warning: checkpointing journal with EXT4_IOC_CHECKPOINT_FLAG_ZEROOUT can be slow
[  173.448905] warning: checkpointing journal with EXT4_IOC_CHECKPOINT_FLAG_ZEROOUT can be slow
[  173.665123] warning: checkpointing journal with EXT4_IOC_CHECKPOINT_FLAG_ZEROOUT can be slow
[  173.881677] warning: checkpointing journal with EXT4_IOC_CHECKPOINT_FLAG_ZEROOUT can be slow
[  174.097153] warning: checkpointing journal with EXT4_IOC_CHECKPOINT_FLAG_ZEROOUT can be slow
[  174.312479] warning: checkpointing journal with EXT4_IOC_CHECKPOINT_FLAG_ZEROOUT can be slow
