c[?7l[2J[0mSeaBIOS (version rel-1.16.0-0-gd239552ce722-prebuilt.qemu.org)


iPXE (http://ipxe.org) 00:03.0 CA00 PCI2.10 PnP PMM+7FF91000+7FEF1000 CA00
Press Ctrl-B to configure iPXE (PCI 00:03.0)...                                                                               


Booting from ROM..c[?7l[2J[    0.000000] Linux version 5.19.0-rc5-6bc0d63dad7f+ (root@984fee00a1f6.jf.intel.com) (gcc (GCC) 8.5.0 20210514 (Red Hat 8.5.0-17), GNU ld version 2.36.1-3.el8) #1 SMP PREEMPT_DYNAMIC Tue Dec 13 06:24:43 PST 2022
[    0.000000] Command line: console=ttyS0 root=/dev/sda earlyprintk=serial net.ifnames=0
[    0.000000] KERNEL supported cpus:
[    0.000000]   Intel GenuineIntel
[    0.000000]   AMD AuthenticAMD
[    0.000000]   Hygon HygonGenuine
[    0.000000]   Centaur CentaurHauls
[    0.000000]   zhaoxin   Shanghai  
[    0.000000] x86/split lock detection: #DB: warning on user-space bus_locks
[    0.000000] x86/fpu: Supporting XSAVE feature 0x001: 'x87 floating point registers'
[    0.000000] x86/fpu: Supporting XSAVE feature 0x002: 'SSE registers'
[    0.000000] x86/fpu: Supporting XSAVE feature 0x004: 'AVX registers'
[    0.000000] x86/fpu: Supporting XSAVE feature 0x020: 'AVX-512 opmask'
[    0.000000] x86/fpu: Supporting XSAVE feature 0x040: 'AVX-512 Hi256'
[    0.000000] x86/fpu: Supporting XSAVE feature 0x080: 'AVX-512 ZMM_Hi256'
[    0.000000] x86/fpu: Supporting XSAVE feature 0x200: 'Protection Keys User registers'
[    0.000000] x86/fpu: Supporting XSAVE feature 0x20000: 'AMX Tile config'
[    0.000000] x86/fpu: Supporting XSAVE feature 0x40000: 'AMX Tile data'
[    0.000000] x86/fpu: xstate_offset[2]:  576, xstate_sizes[2]:  256
[    0.000000] x86/fpu: xstate_offset[5]:  832, xstate_sizes[5]:   64
[    0.000000] x86/fpu: xstate_offset[6]:  896, xstate_sizes[6]:  512
[    0.000000] x86/fpu: xstate_offset[7]: 1408, xstate_sizes[7]: 1024
[    0.000000] x86/fpu: xstate_offset[9]: 2432, xstate_sizes[9]:    8
[    0.000000] x86/fpu: xstate_offset[17]: 2496, xstate_sizes[17]:   64
[    0.000000] x86/fpu: xstate_offset[18]: 2560, xstate_sizes[18]: 8192
[    0.000000] x86/fpu: Enabled xstate features 0x602e7, context size is 10752 bytes, using 'compacted' format.
[    0.000000] signal: max sigframe size: 11952
[    0.000000] BIOS-provided physical RAM map:
[    0.000000] BIOS-e820: [mem 0x0000000000000000-0x000000000009fbff] usable
[    0.000000] BIOS-e820: [mem 0x000000000009fc00-0x000000000009ffff] reserved
[    0.000000] BIOS-e820: [mem 0x00000000000f0000-0x00000000000fffff] reserved
[    0.000000] BIOS-e820: [mem 0x0000000000100000-0x000000007ffdffff] usable
[    0.000000] BIOS-e820: [mem 0x000000007ffe0000-0x000000007fffffff] reserved
[    0.000000] BIOS-e820: [mem 0x00000000feffc000-0x00000000feffffff] reserved
[    0.000000] BIOS-e820: [mem 0x00000000fffc0000-0x00000000ffffffff] reserved
[    0.000000] printk: bootconsole [earlyser0] enabled
[    0.000000] NX (Execute Disable) protection: active
[    0.000000] SMBIOS 2.8 present.
[    0.000000] DMI: QEMU Standard PC (i440FX + PIIX, 1996), BIOS rel-1.16.0-0-gd239552ce722-prebuilt.qemu.org 04/01/2014
[    0.000000] Hypervisor detected: KVM
[    0.000000] kvm-clock: Using msrs 4b564d01 and 4b564d00
[    0.000003] kvm-clock: using sched offset of 402720041 cycles
[    0.000451] clocksource: kvm-clock: mask: 0xffffffffffffffff max_cycles: 0x1cd42e4dffb, max_idle_ns: 881590591483 ns
[    0.001851] tsc: Detected 1700.000 MHz processor
[    0.009090] last_pfn = 0x7ffe0 max_arch_pfn = 0x10000000000
[    0.009622] x86/PAT: Configuration [0-7]: WB  WC  UC- UC  WB  WP  UC- WT  
[    0.015493] found SMP MP-table at [mem 0x000f5ba0-0x000f5baf]
[    0.016052] Using GB pages for direct mapping
[    0.017463] ACPI: Early table checksum verification disabled
[    0.017958] ACPI: RSDP 0x00000000000F59C0 000014 (v00 BOCHS )
[    0.018467] ACPI: RSDT 0x000000007FFE1951 000034 (v01 BOCHS  BXPC     00000001 BXPC 00000001)
[    0.019218] ACPI: FACP 0x000000007FFE17FD 000074 (v01 BOCHS  BXPC     00000001 BXPC 00000001)
[    0.019967] ACPI: DSDT 0x000000007FFE0040 0017BD (v01 BOCHS  BXPC     00000001 BXPC 00000001)
[    0.020719] ACPI: FACS 0x000000007FFE0000 000040
[    0.021130] ACPI: APIC 0x000000007FFE1871 000080 (v01 BOCHS  BXPC     00000001 BXPC 00000001)
[    0.021872] ACPI: HPET 0x000000007FFE18F1 000038 (v01 BOCHS  BXPC     00000001 BXPC 00000001)
[    0.022616] ACPI: WAET 0x000000007FFE1929 000028 (v01 BOCHS  BXPC     00000001 BXPC 00000001)
[    0.023359] ACPI: Reserving FACP table memory at [mem 0x7ffe17fd-0x7ffe1870]
[    0.023964] ACPI: Reserving DSDT table memory at [mem 0x7ffe0040-0x7ffe17fc]
[    0.024566] ACPI: Reserving FACS table memory at [mem 0x7ffe0000-0x7ffe003f]
[    0.025175] ACPI: Reserving APIC table memory at [mem 0x7ffe1871-0x7ffe18f0]
[    0.025777] ACPI: Reserving HPET table memory at [mem 0x7ffe18f1-0x7ffe1928]
[    0.026387] ACPI: Reserving WAET table memory at [mem 0x7ffe1929-0x7ffe1950]
[    0.027827] No NUMA configuration found
[    0.028159] Faking a node at [mem 0x0000000000000000-0x000000007ffdffff]
[    0.028800] NODE_DATA(0) allocated [mem 0x7ffb5000-0x7ffdffff]
[    0.033559] Zone ranges:
[    0.033794]   DMA      [mem 0x0000000000001000-0x0000000000ffffff]
[    0.034333]   DMA32    [mem 0x0000000001000000-0x000000007ffdffff]
[    0.034868]   Normal   empty
[    0.035121]   Device   empty
[    0.035372] Movable zone start for each node
[    0.035738] Early memory node ranges
[    0.036047]   node   0: [mem 0x0000000000001000-0x000000000009efff]
[    0.036586]   node   0: [mem 0x0000000000100000-0x000000007ffdffff]
[    0.037131] Initmem setup node 0 [mem 0x0000000000001000-0x000000007ffdffff]
[    0.038043] On node 0, zone DMA: 1 pages in unavailable ranges
[    0.038061] On node 0, zone DMA: 97 pages in unavailable ranges
[    0.044916] On node 0, zone DMA32: 32 pages in unavailable ranges
[    0.045703] ACPI: PM-Timer IO Port: 0x608
[    0.046589] ACPI: LAPIC_NMI (acpi_id[0xff] dfl dfl lint[0x1])
[    0.047132] IOAPIC[0]: apic_id 0, version 17, address 0xfec00000, GSI 0-23
[    0.047736] ACPI: INT_SRC_OVR (bus 0 bus_irq 0 global_irq 2 dfl dfl)
[    0.048278] ACPI: INT_SRC_OVR (bus 0 bus_irq 5 global_irq 5 high level)
[    0.048837] ACPI: INT_SRC_OVR (bus 0 bus_irq 9 global_irq 9 high level)
[    0.049397] ACPI: INT_SRC_OVR (bus 0 bus_irq 10 global_irq 10 high level)
[    0.049974] ACPI: INT_SRC_OVR (bus 0 bus_irq 11 global_irq 11 high level)
[    0.050561] ACPI: Using ACPI (MADT) for SMP configuration information
[    0.051109] ACPI: HPET id: 0x8086a201 base: 0xfed00000
[    0.051548] TSC deadline timer available
[    0.051879] smpboot: Allowing 2 CPUs, 0 hotplug CPUs
[    0.052331] kvm-guest: KVM setup pv remote TLB flush
[    0.052751] kvm-guest: setup PV sched yield
[    0.053155] PM: hibernation: Registered nosave memory: [mem 0x00000000-0x00000fff]
[    0.053796] PM: hibernation: Registered nosave memory: [mem 0x0009f000-0x0009ffff]
[    0.054436] PM: hibernation: Registered nosave memory: [mem 0x000a0000-0x000effff]
[    0.055071] PM: hibernation: Registered nosave memory: [mem 0x000f0000-0x000fffff]
[    0.055710] [mem 0x80000000-0xfeffbfff] available for PCI devices
[    0.056224] Booting paravirtualized kernel on KVM
[    0.056622] clocksource: refined-jiffies: mask: 0xffffffff max_cycles: 0xffffffff, max_idle_ns: 7645519600211568 ns
[    0.057516] setup_percpu: NR_CPUS:8192 nr_cpumask_bits:2 nr_cpu_ids:2 nr_node_ids:1
[    0.058574] percpu: Embedded 64 pages/cpu s225280 r8192 d28672 u1048576
[    0.059346] kvm-guest: PV spinlocks enabled
[    0.059713] PV qspinlock hash table entries: 256 (order: 0, 4096 bytes, linear)
[    0.060356] Fallback order for Node 0: 0 
[    0.060712] Built 1 zonelists, mobility grouping on.  Total pages: 515808
[    0.061294] Policy zone: DMA32
[    0.061556] Kernel command line: net.ifnames=0 console=ttyS0 root=/dev/sda earlyprintk=serial net.ifnames=0
[    0.063060] Dentry cache hash table entries: 262144 (order: 9, 2097152 bytes, linear)
[    0.063859] Inode-cache hash table entries: 131072 (order: 8, 1048576 bytes, linear)
[    0.064619] mem auto-init: stack:off, heap alloc:off, heap free:off
[    0.069542] Memory: 1983420K/2096632K available (32784K kernel code, 4463K rwdata, 8052K rodata, 3292K init, 22736K bss, 113012K reserved, 0K cma-reserved)
[    0.072304] SLUB: HWalign=64, Order=0-3, MinObjects=0, CPUs=2, Nodes=1
[    0.073352] kmemleak: Kernel memory leak detector disabled
[    0.074283] ftrace: allocating 66263 entries in 259 pages
[    0.100981] ftrace: allocated 259 pages with 3 groups
[    0.104763] Dynamic Preempt: voluntary
[    0.105218] Running RCU self tests
[    0.105505] rcu: Preemptible hierarchical RCU implementation.
[    0.105981] rcu: 	RCU lockdep checking is enabled.
[    0.106376] rcu: 	RCU restricting CPUs from NR_CPUS=8192 to nr_cpu_ids=2.
[    0.106937] 	Trampoline variant of Tasks RCU enabled.
[    0.107359] 	Rude variant of Tasks RCU enabled.
[    0.107733] 	Tracing variant of Tasks RCU enabled.
[    0.108134] rcu: RCU calculated value of scheduler-enlistment delay is 25 jiffies.
[    0.108760] rcu: Adjusting geometry for rcu_fanout_leaf=16, nr_cpu_ids=2
[    0.133751] NR_IRQS: 524544, nr_irqs: 440, preallocated irqs: 16
[    0.134564] rcu: srcu_init: Setting srcu_struct sizes based on contention.
[    0.142999] Console: colour VGA+ 80x25
[    0.143371] printk: console [ttyS0] enabled
[    0.143371] printk: console [ttyS0] enabled
[    0.144079] printk: bootconsole [earlyser0] disabled
[    0.144079] printk: bootconsole [earlyser0] disabled
[    0.144906] Lock dependency validator: Copyright (c) 2006 Red Hat, Inc., Ingo Molnar
[    0.145559] ... MAX_LOCKDEP_SUBCLASSES:  8
[    0.145912] ... MAX_LOCK_DEPTH:          48
[    0.146272] ... MAX_LOCKDEP_KEYS:        8192
[    0.146646] ... CLASSHASH_SIZE:          4096
[    0.147024] ... MAX_LOCKDEP_ENTRIES:     32768
[    0.147405] ... MAX_LOCKDEP_CHAINS:      65536
[    0.147784] ... CHAINHASH_SIZE:          32768
[    0.148169]  memory used by lock dependency info: 6365 kB
[    0.148628]  memory used for stack traces: 4224 kB
[    0.149042]  per task-struct memory footprint: 1920 bytes
[    0.149547] ACPI: Core revision 20220331
[    0.150126] clocksource: hpet: mask: 0xffffffff max_cycles: 0xffffffff, max_idle_ns: 19112604467 ns
[    0.151015] APIC: Switch to symmetric I/O mode setup
[    0.151636] x2apic enabled
[    0.152065] Switched APIC routing to physical x2apic.
[    0.152495] kvm-guest: setup PV IPIs
[    0.153721] ..TIMER: vector=0x30 apic1=0 pin1=2 apic2=-1 pin2=-1
[    0.154256] clocksource: tsc-early: mask: 0xffffffffffffffff max_cycles: 0x1881273ac8e, max_idle_ns: 440795257284 ns
[    0.155183] Calibrating delay loop (skipped) preset value.. 3400.00 BogoMIPS (lpj=6800000)
[    0.155880] pid_max: default: 32768 minimum: 301
[    0.156407] LSM: Security Framework initializing
[    0.156801] Yama: becoming mindful.
[    0.157279] Mount-cache hash table entries: 4096 (order: 3, 32768 bytes, linear)
[    0.157904] Mountpoint-cache hash table entries: 4096 (order: 3, 32768 bytes, linear)
[    0.159797] x86/cpu: User Mode Instruction Prevention (UMIP) activated
[    0.160516] Last level iTLB entries: 4KB 0, 2MB 0, 4MB 0
[    0.160970] Last level dTLB entries: 4KB 0, 2MB 0, 4MB 0, 1GB 0
[    0.161487] Spectre V1 : Mitigation: usercopy/swapgs barriers and __user pointer sanitization
[    0.162202] Spectre V2 : WARNING: Unprivileged eBPF is enabled with eIBRS on, data leaks possible via Spectre v2 BHB attacks!
[    0.163137] Spectre V2 : Mitigation: Enhanced IBRS
[    0.163178] Spectre V2 : Spectre v2 / SpectreRSB mitigation: Filling RSB on context switch
[    0.163829] Spectre V2 : mitigation: Enabling conditional Indirect Branch Prediction Barrier
[    0.164484] Speculative Store Bypass: Mitigation: Speculative Store Bypass disabled via prctl
[    0.213095] Freeing SMP alternatives memory: 56K
[    0.213739] smpboot: CPU0: Intel(R) Xeon(R) Gold 6414TDX (family: 0x6, model: 0x8f, stepping: 0x6)
[    0.214927] cblist_init_generic: Setting adjustable number of callback queues.
[    0.215170] cblist_init_generic: Setting shift to 1 and lim to 1.
[    0.215170] cblist_init_generic: Setting shift to 1 and lim to 1.
[    0.215170] cblist_init_generic: Setting shift to 1 and lim to 1.
[    0.215170] Running RCU-tasks wait API self tests
[    0.315256] Performance Events: Sapphire Rapids events, full-width counters, Intel PMU driver.
[    0.316017] ... version:                2
[    0.316340] ... bit width:              48
[    0.316676] ... generic registers:      8
[    0.317001] ... value mask:             0000ffffffffffff
[    0.317426] ... max period:             00007fffffffffff
[    0.317850] ... fixed-purpose events:   3
[    0.318174] ... event mask:             00000007000000ff
[    0.319005] rcu: Hierarchical SRCU implementation.
[    0.322040] smp: Bringing up secondary CPUs ...
[    0.322892] x86: Booting SMP configuration:
[    0.323192] .... node  #0, CPUs:      #1
[    0.323627] smp: Brought up 1 node, 2 CPUs
[    0.323905] smpboot: Max logical packages: 1
[    0.324256] smpboot: Total of 2 processors activated (6800.00 BogoMIPS)
[    0.325608] devtmpfs: initialized
[    0.327273] x86/mm: Memory block size: 128MB
[    0.329559] clocksource: jiffies: mask: 0xffffffff max_cycles: 0xffffffff, max_idle_ns: 7645041785100000 ns
[    0.331180] Callback from call_rcu_tasks_trace() invoked.
[    0.331196] futex hash table entries: 512 (order: 4, 65536 bytes, linear)
[    0.332450] pinctrl core: initialized pinctrl subsystem
[    0.333505] 
[    0.333637] *************************************************************
[    0.334189] **     NOTICE NOTICE NOTICE NOTICE NOTICE NOTICE NOTICE    **
[    0.334736] **                                                         **
[    0.335181] **  IOMMU DebugFS SUPPORT HAS BEEN ENABLED IN THIS KERNEL  **
[    0.335730] **                                                         **
[    0.336279] ** This means that this kernel is built to expose internal **
[    0.336830] ** IOMMU data structures, which may compromise security on **
[    0.337375] ** your system.                                            **
[    0.337926] **                                                         **
[    0.338473] ** If you see this message and you are not debugging the   **
[    0.339025] ** kernel, report this immediately to your vendor!         **
[    0.339174] **                                                         **
[    0.339722] **     NOTICE NOTICE NOTICE NOTICE NOTICE NOTICE NOTICE    **
[    0.340273] *************************************************************
[    0.340868] PM: RTC time: 14:53:13, date: 2022-12-13
[    0.343346] NET: Registered PF_NETLINK/PF_ROUTE protocol family
[    0.344506] DMA: preallocated 256 KiB GFP_KERNEL pool for atomic allocations
[    0.345087] DMA: preallocated 256 KiB GFP_KERNEL|GFP_DMA pool for atomic allocations
[    0.345728] DMA: preallocated 256 KiB GFP_KERNEL|GFP_DMA32 pool for atomic allocations
[    0.346429] audit: initializing netlink subsys (disabled)
[    0.346889] audit: type=2000 audit(1670943194.600:1): state=initialized audit_enabled=0 res=1
[    0.346889] thermal_sys: Registered thermal governor 'fair_share'
[    0.346889] thermal_sys: Registered thermal governor 'bang_bang'
[    0.346889] thermal_sys: Registered thermal governor 'step_wise'
[    0.346889] thermal_sys: Registered thermal governor 'user_space'
[    0.347241] cpuidle: using governor ladder
[    0.348071] cpuidle: using governor menu
[    0.348725] HugeTLB: can optimize 4095 vmemmap pages for hugepages-1048576kB
[    0.349318] acpiphp: ACPI Hot Plug PCI Controller Driver version: 0.5
[    0.351550] PCI: Using configuration type 1 for base access
[    0.368162] kprobes: kprobe jump-optimization is enabled. All kprobes are optimized if possible.
[    0.521769] HugeTLB: can optimize 7 vmemmap pages for hugepages-2048kB
[    0.522333] HugeTLB registered 1.00 GiB page size, pre-allocated 0 pages
[    0.522875] HugeTLB registered 2.00 MiB page size, pre-allocated 0 pages
[    0.525541] ACPI: Added _OSI(Module Device)
[    0.525912] ACPI: Added _OSI(Processor Device)
[    0.526279] ACPI: Added _OSI(3.0 _SCP Extensions)
[    0.526667] ACPI: Added _OSI(Processor Aggregator Device)
[    0.527101] ACPI: Added _OSI(Linux-Dell-Video)
[    0.527180] ACPI: Added _OSI(Linux-Lenovo-NV-HDMI-Audio)
[    0.527614] ACPI: Added _OSI(Linux-HPI-Hybrid-Graphics)
[    0.533867] ACPI: 1 ACPI AML tables successfully acquired and loaded
[    0.537986] ACPI: Interpreter enabled
[    0.538387] ACPI: PM: (supports S0 S3 S4 S5)
[    0.538739] ACPI: Using IOAPIC for interrupt routing
[    0.539190] PCI: Using host bridge windows from ACPI; if necessary, use "pci=nocrs" and report a bug
[    0.539916] PCI: Using E820 reservations for host bridge windows
[    0.541131] ACPI: Enabled 2 GPEs in block 00 to 0F
[    0.559150] ACPI: PCI Root Bridge [PCI0] (domain 0000 [bus 00-ff])
[    0.559189] acpi PNP0A03:00: _OSC: OS supports [ASPM ClockPM Segments MSI EDR HPX-Type3]
[    0.559833] acpi PNP0A03:00: _OSC: not requesting OS control; OS requires [ExtendedConfig ASPM ClockPM MSI]
[    0.560664] acpi PNP0A03:00: fail to add MMCONFIG information, can't access extended PCI configuration space under this bridge.
[    0.563734] acpiphp: Slot [3] registered
[    0.564131] acpiphp: Slot [4] registered
[    0.564520] acpiphp: Slot [5] registered
[    0.564908] acpiphp: Slot [6] registered
[    0.565300] acpiphp: Slot [7] registered
[    0.565697] acpiphp: Slot [8] registered
[    0.566089] acpiphp: Slot [9] registered
[    0.566477] acpiphp: Slot [10] registered
[    0.566873] acpiphp: Slot [11] registered
[    0.567245] acpiphp: Slot [12] registered
[    0.567647] acpiphp: Slot [13] registered
[    0.568051] acpiphp: Slot [14] registered
[    0.568445] acpiphp: Slot [15] registered
[    0.568838] acpiphp: Slot [16] registered
[    0.569247] acpiphp: Slot [17] registered
[    0.569642] acpiphp: Slot [18] registered
[    0.570040] acpiphp: Slot [19] registered
[    0.570448] acpiphp: Slot [20] registered
[    0.570844] acpiphp: Slot [21] registered
[    0.571254] acpiphp: Slot [22] registered
[    0.571650] acpiphp: Slot [23] registered
[    0.572047] acpiphp: Slot [24] registered
[    0.572441] acpiphp: Slot [25] registered
[    0.572836] acpiphp: Slot [26] registered
[    0.573249] acpiphp: Slot [27] registered
[    0.573644] acpiphp: Slot [28] registered
[    0.574041] acpiphp: Slot [29] registered
[    0.574435] acpiphp: Slot [30] registered
[    0.574828] acpiphp: Slot [31] registered
[    0.575175] PCI host bridge to bus 0000:00
[    0.575509] pci_bus 0000:00: root bus resource [io  0x0000-0x0cf7 window]
[    0.576054] pci_bus 0000:00: root bus resource [io  0x0d00-0xffff window]
[    0.576595] pci_bus 0000:00: root bus resource [mem 0x000a0000-0x000bffff window]
[    0.577195] pci_bus 0000:00: root bus resource [mem 0x80000000-0xfebfffff window]
[    0.577794] pci_bus 0000:00: root bus resource [mem 0x100000000-0x17fffffff window]
[    0.578412] pci_bus 0000:00: root bus resource [bus 00-ff]
[    0.578945] pci 0000:00:00.0: [8086:1237] type 00 class 0x060000
[    0.582460] pci 0000:00:01.0: [8086:7000] type 00 class 0x060100
[    0.583613] pci 0000:00:01.1: [8086:7010] type 00 class 0x010180
[    0.585566] pci 0000:00:01.1: reg 0x20: [io  0xc040-0xc04f]
[    0.586798] pci 0000:00:01.1: legacy IDE quirk: reg 0x10: [io  0x01f0-0x01f7]
[    0.587179] pci 0000:00:01.1: legacy IDE quirk: reg 0x14: [io  0x03f6]
[    0.587716] pci 0000:00:01.1: legacy IDE quirk: reg 0x18: [io  0x0170-0x0177]
[    0.588298] pci 0000:00:01.1: legacy IDE quirk: reg 0x1c: [io  0x0376]
[    0.589134] pci 0000:00:01.3: [8086:7113] type 00 class 0x068000
[    0.589940] pci 0000:00:01.3: quirk: [io  0x0600-0x063f] claimed by PIIX4 ACPI
[    0.590536] pci 0000:00:01.3: quirk: [io  0x0700-0x070f] claimed by PIIX4 SMB
[    0.591608] pci 0000:00:02.0: [1234:1111] type 00 class 0x030000
[    0.592817] pci 0000:00:02.0: reg 0x10: [mem 0xfd000000-0xfdffffff pref]
[    0.594613] pci 0000:00:02.0: reg 0x18: [mem 0xfebf0000-0xfebf0fff]
[    0.597193] pci 0000:00:02.0: reg 0x30: [mem 0xfebe0000-0xfebeffff pref]
[    0.597814] pci 0000:00:02.0: Video device with shadowed ROM at [mem 0x000c0000-0x000dffff]
[    0.601541] pci 0000:00:03.0: [8086:100e] type 00 class 0x020000
[    0.602480] pci 0000:00:03.0: reg 0x10: [mem 0xfebc0000-0xfebdffff]
[    0.603432] pci 0000:00:03.0: reg 0x14: [io  0xc000-0xc03f]
[    0.607091] pci 0000:00:03.0: reg 0x30: [mem 0xfeb80000-0xfebbffff pref]
[    0.618094] ACPI: PCI: Interrupt link LNKA configured for IRQ 10
[    0.618971] ACPI: PCI: Interrupt link LNKB configured for IRQ 10
[    0.619551] ACPI: PCI: Interrupt link LNKC configured for IRQ 11
[    0.620400] ACPI: PCI: Interrupt link LNKD configured for IRQ 11
[    0.621061] ACPI: PCI: Interrupt link LNKS configured for IRQ 9
[    0.622600] iommu: Default domain type: Translated 
[    0.623002] iommu: DMA domain TLB invalidation policy: lazy mode 
[    0.624263] SCSI subsystem initialized
[    0.624852] ACPI: bus type USB registered
[    0.625241] usbcore: registered new interface driver usbfs
[    0.625727] usbcore: registered new interface driver hub
[    0.626184] usbcore: registered new device driver usb
[    0.626683] pps_core: LinuxPPS API ver. 1 registered
[    0.627086] pps_core: Software ver. 5.3.6 - Copyright 2005-2007 Rodolfo Giometti <giometti@linux.it>
[    0.627195] PTP clock support registered
[    0.627657] EDAC MC: Ver: 3.0.0
[    0.629203] NetLabel: Initializing
[    0.629490] NetLabel:  domain hash size = 128
[    0.629840] NetLabel:  protocols = UNLABELED CIPSOv4 CALIPSO
[    0.630350] NetLabel:  unlabeled traffic allowed by default
[    0.631110] PCI: Using ACPI for IRQ routing
[    0.631385] pci 0000:00:02.0: vgaarb: setting as boot VGA device
[    0.631879] pci 0000:00:02.0: vgaarb: bridge control possible
[    0.632340] pci 0000:00:02.0: vgaarb: VGA device added: decodes=io+mem,owns=io+mem,locks=none
[    0.633018] vgaarb: loaded
[    0.633569] hpet0: at MMIO 0xfed00000, IRQs 2, 8, 0
[    0.633978] hpet0: 3 comparators, 64-bit 100.000000 MHz counter
[    3.586936] clocksource: Switched to clocksource kvm-clock
[    3.584525] Callback from call_rcu_tasks_rude() invoked.
[    3.695312] Callback from call_rcu_tasks() invoked.
[    3.760365] VFS: Disk quotas dquot_6.6.0
[    3.760784] VFS: Dquot-cache hash table entries: 512 (order 0, 4096 bytes)
[    3.761658] pnp: PnP ACPI init
[    3.763987] pnp: PnP ACPI: found 6 devices
[    3.777217] clocksource: acpi_pm: mask: 0xffffff max_cycles: 0xffffff, max_idle_ns: 2085701024 ns
[    3.778321] NET: Registered PF_INET protocol family
[    3.778837] IP idents hash table entries: 32768 (order: 6, 262144 bytes, linear)
[    3.780437] tcp_listen_portaddr_hash hash table entries: 1024 (order: 4, 73728 bytes, linear)
[    3.781156] Table-perturb hash table entries: 65536 (order: 6, 262144 bytes, linear)
[    3.781793] TCP established hash table entries: 16384 (order: 5, 131072 bytes, linear)
[    3.782593] TCP bind hash table entries: 16384 (order: 8, 1179648 bytes, linear)
[    3.783857] TCP: Hash tables configured (established 16384 bind 16384)
[    3.784502] UDP hash table entries: 1024 (order: 5, 163840 bytes, linear)
[    3.785158] UDP-Lite hash table entries: 1024 (order: 5, 163840 bytes, linear)
[    3.785938] NET: Registered PF_UNIX/PF_LOCAL protocol family
[    3.786961] RPC: Registered named UNIX socket transport module.
[    3.787502] RPC: Registered udp transport module.
[    3.787888] RPC: Registered tcp transport module.
[    3.788268] RPC: Registered tcp NFSv4.1 backchannel transport module.
[    3.788812] pci_bus 0000:00: resource 4 [io  0x0000-0x0cf7 window]
[    3.789324] pci_bus 0000:00: resource 5 [io  0x0d00-0xffff window]
[    3.789833] pci_bus 0000:00: resource 6 [mem 0x000a0000-0x000bffff window]
[    3.790397] pci_bus 0000:00: resource 7 [mem 0x80000000-0xfebfffff window]
[    3.790957] pci_bus 0000:00: resource 8 [mem 0x100000000-0x17fffffff window]
[    3.792355] pci 0000:00:01.0: PIIX3: Enabling Passive Release
[    3.793245] pci 0000:00:00.0: Limiting direct PCI/PCI transfers
[    3.794166] pci 0000:00:01.0: Activating ISA DMA hang workarounds
[    3.795294] PCI: CLS 0 bytes, default 64
[    3.795959] ACPI: bus type thunderbolt registered
[    3.797314] clocksource: tsc: mask: 0xffffffffffffffff max_cycles: 0x1881273ac8e, max_idle_ns: 440795257284 ns
[    3.798528] sgx: There are zero EPC sections.
[    3.803473] Initialise system trusted keyrings
[    3.804115] Key type blacklist registered
[    3.804790] workingset: timestamp_bits=36 max_order=19 bucket_order=0
[    3.822306] zbud: loaded
[    3.826004] squashfs: version 4.0 (2009/01/31) Phillip Lougher
[    3.828379] NFS: Registering the id_resolver key type
[    3.828814] Key type id_resolver registered
[    3.829151] Key type id_legacy registered
[    3.829587] nfs4filelayout_init: NFSv4 File Layout Driver Registering...
[    3.830140] nfs4flexfilelayout_init: NFSv4 Flexfile Layout Driver Registering...
[    3.830891] fuse: init (API version 7.36)
[    3.831558] SGI XFS with ACLs, security attributes, realtime, quota, no debug enabled
[    3.834082] 9p: Installing v9fs 9p2000 file system support
[    3.842220] Key type asymmetric registered
[    3.842568] Asymmetric key parser 'x509' registered
[    3.844123] alg: self-tests for CTR-KDF (hmac(sha256)) passed
[    3.844639] Block layer SCSI generic (bsg) driver version 0.4 loaded (major 243)
[    3.845529] io scheduler mq-deadline registered
[    3.845972] io scheduler bfq registered
[    3.847436] shpchp: Standard Hot Plug PCI Controller Driver version: 0.4
[    3.848408] IPMI message handler: version 39.2
[    3.848820] ipmi device interface
[    3.850845] input: Power Button as /devices/LNXSYSTM:00/LNXPWRBN:00/input/input0
[    3.851837] ACPI: button: Power Button [PWRF]
[    3.853219] ERST DBG: ERST support is disabled.
[    3.854244] Serial: 8250/16550 driver, 32 ports, IRQ sharing enabled
[    3.855274] 00:04: ttyS0 at I/O 0x3f8 (irq = 4, base_baud = 115200) is a 16550A
[    3.865340] Linux agpgart interface v0.103
[    3.866249] ACPI: bus type drm_connector registered
[    3.880286] brd: module loaded
[    3.887915] loop: module loaded
[    3.892527] scsi host0: ata_piix
[    3.893416] scsi host1: ata_piix
[    3.893845] ata1: PATA max MWDMA2 cmd 0x1f0 ctl 0x3f6 bmdma 0xc040 irq 14
[    3.894402] ata2: PATA max MWDMA2 cmd 0x170 ctl 0x376 bmdma 0xc048 irq 15
[    3.896335] tun: Universal TUN/TAP device driver, 1.6
[    3.896930] e100: Intel(R) PRO/100 Network Driver
[    3.897318] e100: Copyright(c) 1999-2006 Intel Corporation
[    3.897804] e1000: Intel(R) PRO/1000 Network Driver
[    3.898199] e1000: Copyright (c) 1999-2006 Intel Corporation.
[    4.055363] ata1: found unknown device (class 0)
[    4.056336] ata1.00: ATA-7: QEMU HARDDISK, 2.5+, max UDMA/100
[    4.056811] ata1.00: 16777216 sectors, multi 16: LBA48 
[    4.058197] scsi 0:0:0:0: Direct-Access     ATA      QEMU HARDDISK    2.5+ PQ: 0 ANSI: 5
[    4.059886] scsi 0:0:0:0: Attached scsi generic sg0 type 0
[    4.061022] sd 0:0:0:0: [sda] 16777216 512-byte logical blocks: (8.59 GB/8.00 GiB)
[    4.061679] sd 0:0:0:0: [sda] Write Protect is off
[    4.062114] sd 0:0:0:0: [sda] Write cache: enabled, read cache: enabled, doesn't support DPO or FUA
[    4.062940] ata2: found unknown device (class 0)
[    4.063573] sd 0:0:0:0: [sda] Preferred minimum I/O size 512 bytes
[    4.064483] ata2.00: ATAPI: QEMU DVD-ROM, 2.5+, max UDMA/100
[    4.066996] scsi 1:0:0:0: CD-ROM            QEMU     QEMU DVD-ROM     2.5+ PQ: 0 ANSI: 5
[    4.083213] ACPI: \_SB_.LNKC: Enabled at IRQ 11
[    4.084747] sd 0:0:0:0: [sda] Attached SCSI disk
[    4.096113] scsi 1:0:0:0: Attached scsi generic sg1 type 5
[    4.410517] e1000 0000:00:03.0 eth0: (PCI:33MHz:32-bit) 52:54:00:12:34:56
[    4.411137] e1000 0000:00:03.0 eth0: Intel(R) PRO/1000 Network Connection
[    4.411838] e1000e: Intel(R) PRO/1000 Network Driver
[    4.412243] e1000e: Copyright(c) 1999 - 2015 Intel Corporation.
[    4.412803] igb: Intel(R) Gigabit Ethernet Network Driver
[    4.413240] igb: Copyright (c) 2007-2014 Intel Corporation.
[    4.413821] PPP generic driver version 2.4.2
[    4.414794] VFIO - User Level meta-driver version: 0.3
[    4.415313] ehci_hcd: USB 2.0 'Enhanced' Host Controller (EHCI) Driver
[    4.415860] ehci-pci: EHCI PCI platform driver
[    4.416251] ehci-platform: EHCI generic platform driver
[    4.416696] ohci_hcd: USB 1.1 'Open' Host Controller (OHCI) Driver
[    4.417192] ohci-pci: OHCI PCI platform driver
[    4.417593] ohci-platform: OHCI generic platform driver
[    4.418030] uhci_hcd: USB Universal Host Controller Interface driver
[    4.418890] usbcore: registered new interface driver uas
[    4.419420] usbcore: registered new interface driver usb-storage
[    4.420037] i8042: PNP: PS/2 Controller [PNP0303:KBD,PNP0f13:MOU] at 0x60,0x64 irq 1,12
[    4.421490] serio: i8042 KBD port at 0x60,0x64 irq 1
[    4.421942] serio: i8042 AUX port at 0x60,0x64 irq 12
[    4.423133] mousedev: PS/2 mouse device common for all mice
[    4.424481] input: AT Translated Set 2 keyboard as /devices/platform/i8042/serio0/input/input1
[    4.426400] input: VirtualPS/2 VMware VMMouse as /devices/platform/i8042/serio1/input/input4
[    4.427429] rtc_cmos 00:05: RTC can wake from S4
[    4.428208] input: VirtualPS/2 VMware VMMouse as /devices/platform/i8042/serio1/input/input3
[    4.429550] rtc_cmos 00:05: registered as rtc0
[    4.430036] rtc_cmos 00:05: setting system clock to 2022-12-13T14:53:17 UTC (1670943197)
[    4.430871] rtc_cmos 00:05: alarms up to one day, y3k, 242 bytes nvram, hpet irqs
[    4.431543] i2c_dev: i2c /dev entries driver
[    4.431957] device-mapper: core: CONFIG_IMA_DISABLE_HTABLE is disabled. Duplicate IMA measurements will not be recorded in the IMA log.
[    4.433053] device-mapper: uevent: version 1.0.3
[    4.433742] device-mapper: ioctl: 4.46.0-ioctl (2022-02-22) initialised: dm-devel@redhat.com
[    4.434436] intel_pstate: CPU model not supported
[    4.434928] sdhci: Secure Digital Host Controller Interface driver
[    4.435446] sdhci: Copyright(c) Pierre Ossman
[    4.435884] sdhci-pltfm: SDHCI platform and OF driver helper
[    4.436423] ledtrig-cpu: registered to indicate activity on CPUs
[    4.437334] drop_monitor: Initializing network drop monitor service
[    4.438583] NET: Registered PF_INET6 protocol family
[    4.441054] Segment Routing with IPv6
[    4.441404] In-situ OAM (IOAM) with IPv6
[    4.441768] NET: Registered PF_PACKET protocol family
[    4.442453] 9pnet: Installing 9P2000 support
[    4.442882] Key type dns_resolver registered
[    4.444100] IPI shorthand broadcast: enabled
[    4.444527] sched_clock: Marking stable (4431778467, 12024215)->(4460537917, -16735235)
[    4.445833] registered taskstats version 1
[    4.446361] Loading compiled-in X.509 certificates
[    4.447060] zswap: loaded using pool lzo/zbud
[    4.448243] Key type ._fscrypt registered
[    4.448582] Key type .fscrypt registered
[    4.448908] Key type fscrypt-provisioning registered
[    4.450368] Key type encrypted registered
[    4.450750] ima: No TPM chip found, activating TPM-bypass!
[    4.451224] ima: Allocated hash algorithm: sha1
[    4.451650] ima: No architecture policies found
[    4.452073] evm: Initialising EVM extended attributes:
[    4.452495] evm: security.selinux
[    4.452772] evm: security.SMACK64
[    4.453050] evm: security.SMACK64EXEC
[    4.453354] evm: security.SMACK64TRANSMUTE
[    4.453693] evm: security.SMACK64MMAP
[    4.453998] evm: security.apparmor
[    4.454281] evm: security.ima
[    4.454532] evm: security.capability
[    4.454827] evm: HMAC attrs: 0x1
[    4.459990] PM:   Magic number: 2:837:889
[    4.460834] RAS: Correctable Errors collector initialized.
[    4.462682] md: Waiting for all devices to be available before autodetect
[    4.463068] md: If you don't use raid, use raid=noautodetect
[    4.463432] md: Autodetecting RAID arrays.
[    4.463678] md: autorun ...
[    4.463843] md: ... autorun DONE.
[    4.469409] EXT4-fs (sda): mounted filesystem with ordered data mode. Quota mode: none.
[    4.469939] VFS: Mounted root (ext4 filesystem) readonly on device 8:0.
[    4.472133] devtmpfs: mounted
[    4.483133] Freeing unused decrypted memory: 2036K
[    4.485667] Freeing unused kernel image (initmem) memory: 3292K
[    4.491352] Write protecting the kernel read-only data: 43008k
[    4.494453] Freeing unused kernel image (text/rodata gap) memory: 2028K
[    4.494987] Freeing unused kernel image (rodata/data gap) memory: 140K
[    4.602951] x86/mm: Checked W+X mappings: passed, no W+X pages found.
[    4.603341] Run /sbin/init as init process
[    4.682906] systemd[1]: RTC configured in localtime, applying delta of 0 minutes to system time.
[    4.708437] systemd[1]: systemd 239 (239-49.el8) running in system mode. (+PAM +AUDIT +SELINUX +IMA -APPARMOR +SMACK +SYSVINIT +UTMP +LIBCRYPTSETUP +GCRYPT +GNUTLS +ACL +XZ +LZ4 +SECCOMP +BLKID +ELFUTILS +KMOD +IDN2 -IDN +PCRE2 default-hierarchy=legacy)
[    4.709859] systemd[1]: Detected virtualization kvm.
[    4.710150] systemd[1]: Detected architecture x86-64.

Welcome to [0;31mCentOS Stream 8[0m!

[    4.732894] systemd[1]: Set hostname to <test>.
[    6.647314] random: crng init done
[    6.745158] systemd[1]: Listening on Process Core Dump Socket.
[[0;32m  OK  [0m] Listening on Process Core Dump Socket.
[    6.746401] systemd[1]: Listening on initctl Compatibility Named Pipe.
[[0;32m  OK  [0m] Listening on initctl Compatibility Named Pipe.
[    6.747613] systemd[1]: Listening on Journal Socket.
[[0;32m  OK  [0m] Listening on Journal Socket.
[    6.753220] systemd[1]: Mounting Kernel Debug File System...
         Mounting Kernel Debug File System...
[    6.757168] systemd[1]: Mounting POSIX Message Queue File System...
         Mounting POSIX Message Queue File System...
[    6.758789] systemd[1]: Listening on RPCbind Server Activation Socket.
[[0;32m  OK  [0m] Listening on RPCbind Server Activation Socket.
[[0;32m  OK  [0m] Reached target RPC Port Mapper.
         Starting Setup Virtual Console...
[[0;32m  OK  [0m] Listening on Device-mapper event daemon FIFOs.
         Starting Monitoring of LVM2 mirrorsâ€¦ng dmeventd or progress polling...
[[0;32m  OK  [0m] Listening on Journal Socket (/dev/log).
         Starting Journal Service...
[[0;32m  OK  [0m] Listening on LVM2 poll daemon socket.
[[0;32m  OK  [0m] Listening on multipathd control socket.
         Starting Remount Root and Kernel File Systems...
[[0;32m  OK  [0m] Listening on udev Control Socket.
[[0;32m  OK  [0m] Created slice User and Session Slice.
[[0;32m  OK  [0m] Reached target Slices.
[[0;32m  OK  [0m] Listening on udev Kernel Socket.
         Starting udev Coldplug all Devices...
[[0;32m  OK  [0m] Created slice system-getty.slice.
[[0;32m  OK  [0m] Created slice system-sshd\x2dkeygen.slice.
[[0;32m  OK  [0m] Created slice system-serial\x2dgetty.slice.
[[0;32m  OK  [0m] Started Forward Password Requests to Wall Directory Watch.
[[0;32m  OK  [0m] Reached target Swap.
[[0;32m  OK  [0m] Set up automount Arbitrary Executabâ€¦rmats File System Automount Point.
         Starting Load Kernel Modules...
         Mounting Huge Pages File System...
[[0;32m  OK  [0m] Mounted Kernel Debug File System.
[[0;32m  OK  [0m] Mounted POSIX Message Queue File System.
[[0;1;31mFAILED[0m] Failed to start Load Kernel Modules.
See 'systemctl status systemd-modules-load.service' for details.
[[0;32m  OK  [0m] Mounted Huge Pages File System.
[    7.044353] EXT4-fs (sda): re-mounted. Quota mode: none.
[[0;32m  OK  [0m] Started Journal Service.
[[0;32m  OK  [0m] Started Remount Root and Kernel File Systems.
         Starting Create Static Device Nodes in /dev...
         Starting Load/Save Random Seed...
         Starting Flush Journal to Persistent Storage...
         Mounting FUSE Control File System...
         Mounting Kernel Configuration File System...
         Starting Apply Kernel Variables...
[[0;32m  OK  [0m] Started Create Static Device Nodes in /dev.
[[0;32m  OK  [0m] Started Load/Save Random Seed.
[[0;32m  OK  [0m] Mounted FUSE Control File System.
[[0;32m  OK  [0m] Mounted Kernel Configuration File System.
[[0;32m  OK  [0m] Started Apply Kernel Variables.
[[0;32m  OK  [0m] Started Setup Virtual Console.
         Starting udev Kernel Device Manager...
[[0;32m  OK  [0m] Started Flush Journal to Persistent Storage.
[[0;32m  OK  [0m] Started udev Coldplug all Devices.
         Starting udev Wait for Complete Device Initialization...
[[0;32m  OK  [0m] Started udev Kernel Device Manager.
         Starting Show Plymouth Boot Screen...
[[0;32m  OK  [0m] Started Show Plymouth Boot Screen.
[[0;32m  OK  [0m] Started Forward Password Requests to Plymouth Directory Watch.
[[0;32m  OK  [0m] Reached target Paths.
[[0;32m  OK  [0m] Reached target Local Encrypted Volumes.
[[0;32m  OK  [0m] Found device /dev/ttyS0.
[[0;32m  OK  [0m] Started Monitoring of LVM2 mirrors,â€¦sing dmeventd or progress polling.
[[0;32m  OK  [0m] Started udev Wait for Complete Device Initialization.
[[0;32m  OK  [0m] Reached target Local File Systems (Pre).
[[0;32m  OK  [0m] Reached target Local File Systems.
         Starting Create Volatile Files and Directories...
         Starting Restore /run/initramfs on shutdown...
         Starting Tell Plymouth To Write Out Runtime Data...
[[0;32m  OK  [0m] Listening on Load/Save RF Kill Switch Status /dev/rfkill Watch.
[[0;32m  OK  [0m] Started Restore /run/initramfs on shutdown.
[[0;32m  OK  [0m] Started Create Volatile Files and Directories.
[[0;32m  OK  [0m] Started Tell Plymouth To Write Out Runtime Data.
         Starting RPC Bind...
         Starting Security Auditing Service...
         Mounting RPC Pipe File System...
[[0;32m  OK  [0m] Mounted RPC Pipe File System.
[[0;32m  OK  [0m] Reached target rpc_pipefs.target.
[[0;32m  OK  [0m] Started RPC Bind.
[[0;32m  OK  [0m] Started Security Auditing Service.
         Starting Update UTMP about System Boot/Shutdown...
[[0;32m  OK  [0m] Started Update UTMP about System Boot/Shutdown.
[[0;32m  OK  [0m] Reached target System Initialization.
[[0;32m  OK  [0m] Started daily update of the root trust anchor for DNSSEC.
[[0;32m  OK  [0m] Started dnf makecache --timer.
[[0;32m  OK  [0m] Listening on D-Bus System Message Bus Socket.
[[0;32m  OK  [0m] Started Daily Cleanup of Temporary Directories.
[[0;32m  OK  [0m] Reached target Timers.
[[0;32m  OK  [0m] Listening on SSSD Kerberos Cache Manager responder socket.
[[0;32m  OK  [0m] Reached target Sockets.
[[0;32m  OK  [0m] Reached target Basic System.
         Starting NTP client/server...
[[0;32m  OK  [0m] Started Machine Check Exception Logging Daemon.
         Starting Login Service...
[[0;32m  OK  [0m] Started D-Bus System Message Bus.
         Starting Network Manager...
         Starting Auto-connect to subsystemsâ€¦-NVME devices found during boot...
         Starting Self Monitoring and Reporting Technology (SMART) Daemon...
[[0;32m  OK  [0m] Started irqbalance daemon.
         Starting Authorization Manager...
[[0;32m  OK  [0m] Reached target sshd-keygen.target.
[[0;32m  OK  [0m] Started Auto-connect to subsystems â€¦FC-NVME devices found during boot.
         Starting update of the root trust aâ€¦or DNSSEC validation in unbound...
[[0;32m  OK  [0m] Started Self Monitoring and Reporting Technology (SMART) Daemon.
[[0;32m  OK  [0m] Started Login Service.
[[0;32m  OK  [0m] Started Network Manager.
         Starting Network Manager Wait Online...
[[0;32m  OK  [0m] Reached target Network.
         Starting OpenSSH server daemon...
         Starting GSSAPI Proxy Daemon...
         Starting Dynamic System Tuning Daemon...
[[0;32m  OK  [0m] Started NTP client/server.
[[0;32m  OK  [0m] Started update of the root trust anâ€¦ for DNSSEC validation in unbound.
         Starting Hostname Service...
[[0;32m  OK  [0m] Started OpenSSH server daemon.
[[0;32m  OK  [0m] Started Authorization Manager.
[[0;32m  OK  [0m] Started GSSAPI Proxy Daemon.
[[0;32m  OK  [0m] Reached target NFS client services.
[[0;32m  OK  [0m] Reached target Remote File Systems (Pre).
[[0;32m  OK  [0m] Reached target Remote File Systems.
         Starting Permit User Sessions...
[[0;32m  OK  [0m] Started Permit User Sessions.
         Starting Terminate Plymouth Boot Screen...
         Starting Hold until boot process finishes up...
[[0;32m  OK  [0m] Started Command Scheduler.
[[0;32m  OK  [0m] Started Terminate Plymouth Boot Screen.
[[0;32m  OK  [0m] Started Hold until boot process finishes up.
[    9.055407] e1000: eth0 NIC Link is Up 1000 Mbps Full Duplex, Flow Control: RX
[    9.056257] IPv6: ADDRCONF(NETDEV_CHANGE): eth0: link becomes ready
[    9.221791] Spectre V2 : WARNING: Unprivileged eBPF is enabled with eIBRS on, data leaks possible via Spectre v2 BHB attacks!
[    9.222495] Spectre V2 : WARNING: Unprivileged eBPF is enabled with eIBRS on, data leaks possible via Spectre v2 BHB attacks!

CentOS Stream 8
Kernel 5.19.0-rc5-6bc0d63dad7f+ on an x86_64

test login: [   28.446192] warning: checkpointing journal with EXT4_IOC_CHECKPOINT_FLAG_ZEROOUT can be slow
[   28.491623] 
[   28.492210] ======================================================
[   28.492550] WARNING: possible circular locking dependency detected
[   28.492890] 5.19.0-rc5-6bc0d63dad7f+ #1 Not tainted
[   28.493171] ------------------------------------------------------
[   28.493516] repro/562 is trying to acquire lock:
[   28.493776] ff110000060e2a00 (&sb->s_type->i_mutex_key#8){++++}-{3:3}, at: ext4_bmap+0x39/0x1c0
[   28.494282] 
[   28.494282] but task is already holding lock:
[   28.494604] ff110000090bb3f8 (&journal->j_checkpoint_mutex){+.+.}-{3:3}, at: jbd2_journal_flush+0x263/0x5f0
[   28.495154] 
[   28.495154] which lock already depends on the new lock.
[   28.495154] 
[   28.495600] 
[   28.495600] the existing dependency chain (in reverse order) is:
[   28.496013] 
[   28.496013] -> #3 (&journal->j_checkpoint_mutex){+.+.}-{3:3}:
[   28.496420]        mutex_lock_io_nested+0xaf/0xda0
[   28.496700]        jbd2_journal_flush+0xcf/0x5f0
[   28.496970]        __ext4_ioctl+0xab4/0x2250
[   28.497218]        ext4_ioctl+0x2e/0x40
[   28.497441]        __x64_sys_ioctl+0x10a/0x160
[   28.497701]        do_syscall_64+0x3b/0x90
[   28.497944]        entry_SYSCALL_64_after_hwframe+0x46/0xb0
[   28.498258] 
[   28.498258] -> #2 (&journal->j_barrier){+.+.}-{3:3}:
[   28.498622]        __mutex_lock+0x9c/0xf60
[   28.498860]        mutex_lock_nested+0x1f/0x30
[   28.499122]        jbd2_journal_lock_updates+0xbe/0x190
[   28.499423]        ext4_change_inode_journal_flag+0xd4/0x2c0
[   28.499746]        ext4_fileattr_set+0x85c/0xe40
[   28.500013]        vfs_fileattr_set+0x365/0x4e0
[   28.500276]        do_vfs_ioctl+0x374/0xcc0
[   28.500518]        __x64_sys_ioctl+0xc6/0x160
[   28.500771]        do_syscall_64+0x3b/0x90
[   28.501012]        entry_SYSCALL_64_after_hwframe+0x46/0xb0
[   28.501327] 
[   28.501327] -> #1 (&sbi->s_writepages_rwsem){++++}-{0:0}:
[   28.501715]        percpu_down_write+0x4d/0x2d0
[   28.501981]        ext4_ind_migrate+0xcc/0x390
[   28.502241]        ext4_fileattr_set+0xba9/0xe40
[   28.502507]        vfs_fileattr_set+0x365/0x4e0
[   28.502769]        do_vfs_ioctl+0x374/0xcc0
[   28.503014]        __x64_sys_ioctl+0xc6/0x160
[   28.503271]        do_syscall_64+0x3b/0x90
[   28.503508]        entry_SYSCALL_64_after_hwframe+0x46/0xb0
[   28.503823] 
[   28.503823] -> #0 (&sb->s_type->i_mutex_key#8){++++}-{3:3}:
[   28.504228]        __lock_acquire+0x1090/0x1cd0
[   28.504491]        lock_acquire+0xd6/0x2f0
[   28.504729]        down_read+0x45/0x150
[   28.504957]        ext4_bmap+0x39/0x1c0
[   28.505179]        bmap+0x40/0x60
[   28.505373]        jbd2_journal_bmap+0x61/0xd0
[   28.505631]        jbd2_journal_flush+0x45d/0x5f0
[   28.505902]        __ext4_ioctl+0xab4/0x2250
[   28.506154]        ext4_ioctl+0x2e/0x40
[   28.506376]        __x64_sys_ioctl+0x10a/0x160
[   28.506635]        do_syscall_64+0x3b/0x90
[   28.506872]        entry_SYSCALL_64_after_hwframe+0x46/0xb0
[   28.507191] 
[   28.507191] other info that might help us debug this:
[   28.507191] 
[   28.507624] Chain exists of:
[   28.507624]   &sb->s_type->i_mutex_key#8 --> &journal->j_barrier --> &journal->j_checkpoint_mutex
[   28.507624] 
[   28.508350]  Possible unsafe locking scenario:
[   28.508350] 
[   28.508676]        CPU0                    CPU1
[   28.508931]        ----                    ----
[   28.509185]   lock(&journal->j_checkpoint_mutex);
[   28.509451]                                lock(&journal->j_barrier);
[   28.509807]                                lock(&journal->j_checkpoint_mutex);
[   28.510210]   lock(&sb->s_type->i_mutex_key#8);
[   28.510470] 
[   28.510470]  *** DEADLOCK ***
[   28.510470] 
[   28.510796] 2 locks held by repro/562:
[   28.511015]  #0: ff110000090bb170 (&journal->j_barrier){+.+.}-{3:3}, at: jbd2_journal_lock_updates+0xbe/0x190
[   28.511581]  #1: ff110000090bb3f8 (&journal->j_checkpoint_mutex){+.+.}-{3:3}, at: jbd2_journal_flush+0x263/0x5f0
[   28.512159] 
[   28.512159] stack backtrace:
[   28.512403] CPU: 0 PID: 562 Comm: repro Not tainted 5.19.0-rc5-6bc0d63dad7f+ #1
[   28.512808] Hardware name: QEMU Standard PC (i440FX + PIIX, 1996), BIOS rel-1.16.0-0-gd239552ce722-prebuilt.qemu.org 04/01/2014
[   28.513434] Call Trace:
[   28.513577]  <TASK>
[   28.513704]  dump_stack_lvl+0xa7/0xd7
[   28.513921]  dump_stack+0x19/0x1b
[   28.514121]  print_circular_bug.isra.47.cold.68+0x13e/0x143
[   28.514442]  check_noncircular+0xfe/0x110
[   28.514677]  ? write_comp_data+0x2f/0x90
[   28.514910]  ? __sanitizer_cov_trace_pc+0x25/0x50
[   28.515190]  __lock_acquire+0x1090/0x1cd0
[   28.515430]  lock_acquire+0xd6/0x2f0
[   28.515642]  ? ext4_bmap+0x39/0x1c0
[   28.515853]  down_read+0x45/0x150
[   28.516054]  ? ext4_bmap+0x39/0x1c0
[   28.516260]  ? ext4_invalidate_folio+0x1e0/0x1e0
[   28.516526]  ext4_bmap+0x39/0x1c0
[   28.516723]  ? ext4_invalidate_folio+0x1e0/0x1e0
[   28.516994]  bmap+0x40/0x60
[   28.517162]  jbd2_journal_bmap+0x61/0xd0
[   28.517393]  jbd2_journal_flush+0x45d/0x5f0
[   28.517640]  __ext4_ioctl+0xab4/0x2250
[   28.517860]  ? __sanitizer_cov_trace_pc+0x25/0x50
[   28.518136]  ? do_vfs_ioctl+0xb8/0xcc0
[   28.518358]  ? __sanitizer_cov_trace_pc+0x25/0x50
[   28.518633]  ext4_ioctl+0x2e/0x40
[   28.518831]  __x64_sys_ioctl+0x10a/0x160
[   28.519065]  ? ext4_fileattr_set+0xe40/0xe40
[   28.519315]  do_syscall_64+0x3b/0x90
[   28.519528]  entry_SYSCALL_64_after_hwframe+0x46/0xb0
[   28.519816] RIP: 0033:0x7ff86d6cd59d
[   28.520033] Code: 00 c3 66 2e 0f 1f 84 00 00 00 00 00 90 f3 0f 1e fa 48 89 f8 48 89 f7 48 89 d6 48 89 ca 4d 89 c2 4d 89 c8 4c 8b 4c 24 08 0f 05 <48> 3d 01 f0 ff ff 73 01 c3 48 8b 0d d3 08 0d 00 f7 d8 64 89 01 48
[   28.521042] RSP: 002b:00007fff79b3d578 EFLAGS: 00000217 ORIG_RAX: 0000000000000010
[   28.521462] RAX: ffffffffffffffda RBX: 0000000000000000 RCX: 00007ff86d6cd59d
[   28.521857] RDX: 0000000020000080 RSI: 000000004004662b RDI: 0000000000000004
[   28.522255] RBP: 00007fff79b3d590 R08: 00007fff79b3d670 R09: 00007fff79b3d670
[   28.522650] R10: 00007fff79b3d670 R11: 0000000000000217 R12: 0000000000401060
[   28.523047] R13: 00007fff79b3d670 R14: 0000000000000000 R15: 0000000000000000
[   28.523447]  </TASK>
[   28.735696] warning: checkpointing journal with EXT4_IOC_CHECKPOINT_FLAG_ZEROOUT can be slow
[   28.953564] warning: checkpointing journal with EXT4_IOC_CHECKPOINT_FLAG_ZEROOUT can be slow
[   29.170389] warning: checkpointing journal with EXT4_IOC_CHECKPOINT_FLAG_ZEROOUT can be slow
[   29.386333] warning: checkpointing journal with EXT4_IOC_CHECKPOINT_FLAG_ZEROOUT can be slow
[   29.602217] warning: checkpointing journal with EXT4_IOC_CHECKPOINT_FLAG_ZEROOUT can be slow
[   29.818425] warning: checkpointing journal with EXT4_IOC_CHECKPOINT_FLAG_ZEROOUT can be slow
[   30.034241] warning: checkpointing journal with EXT4_IOC_CHECKPOINT_FLAG_ZEROOUT can be slow
[   30.250003] warning: checkpointing journal with EXT4_IOC_CHECKPOINT_FLAG_ZEROOUT can be slow
[   30.466358] warning: checkpointing journal with EXT4_IOC_CHECKPOINT_FLAG_ZEROOUT can be slow
[   33.482673] ext4_ioctl_checkpoint: 13 callbacks suppressed
[   33.482685] warning: checkpointing journal with EXT4_IOC_CHECKPOINT_FLAG_ZEROOUT can be slow
[   33.698534] warning: checkpointing journal with EXT4_IOC_CHECKPOINT_FLAG_ZEROOUT can be slow
[   33.914430] warning: checkpointing journal with EXT4_IOC_CHECKPOINT_FLAG_ZEROOUT can be slow
[   34.130230] warning: checkpointing journal with EXT4_IOC_CHECKPOINT_FLAG_ZEROOUT can be slow
[   34.346397] warning: checkpointing journal with EXT4_IOC_CHECKPOINT_FLAG_ZEROOUT can be slow
[   34.562414] warning: checkpointing journal with EXT4_IOC_CHECKPOINT_FLAG_ZEROOUT can be slow
[   34.778978] warning: checkpointing journal with EXT4_IOC_CHECKPOINT_FLAG_ZEROOUT can be slow
[   34.995314] warning: checkpointing journal with EXT4_IOC_CHECKPOINT_FLAG_ZEROOUT can be slow
[   35.211523] warning: checkpointing journal with EXT4_IOC_CHECKPOINT_FLAG_ZEROOUT can be slow
[   35.428000] warning: checkpointing journal with EXT4_IOC_CHECKPOINT_FLAG_ZEROOUT can be slow
[   38.652204] ext4_ioctl_checkpoint: 14 callbacks suppressed
[   38.652216] warning: checkpointing journal with EXT4_IOC_CHECKPOINT_FLAG_ZEROOUT can be slow
[   38.867762] warning: checkpointing journal with EXT4_IOC_CHECKPOINT_FLAG_ZEROOUT can be slow
[   39.082776] warning: checkpointing journal with EXT4_IOC_CHECKPOINT_FLAG_ZEROOUT can be slow
[   39.299779] warning: checkpointing journal with EXT4_IOC_CHECKPOINT_FLAG_ZEROOUT can be slow
[   39.515562] warning: checkpointing journal with EXT4_IOC_CHECKPOINT_FLAG_ZEROOUT can be slow
[   39.731544] warning: checkpointing journal with EXT4_IOC_CHECKPOINT_FLAG_ZEROOUT can be slow
[   39.948546] warning: checkpointing journal with EXT4_IOC_CHECKPOINT_FLAG_ZEROOUT can be slow
[   40.164973] warning: checkpointing journal with EXT4_IOC_CHECKPOINT_FLAG_ZEROOUT can be slow
[   40.381105] warning: checkpointing journal with EXT4_IOC_CHECKPOINT_FLAG_ZEROOUT can be slow
[   40.596675] warning: checkpointing journal with EXT4_IOC_CHECKPOINT_FLAG_ZEROOUT can be slow
[   44.020397] ext4_ioctl_checkpoint: 11 callbacks suppressed
[   44.020409] warning: checkpointing journal with EXT4_IOC_CHECKPOINT_FLAG_ZEROOUT can be slow
[   44.236018] warning: checkpointing journal with EXT4_IOC_CHECKPOINT_FLAG_ZEROOUT can be slow
[   44.451253] warning: checkpointing journal with EXT4_IOC_CHECKPOINT_FLAG_ZEROOUT can be slow
[   44.666378] warning: checkpointing journal with EXT4_IOC_CHECKPOINT_FLAG_ZEROOUT can be slow
[   44.881152] warning: checkpointing journal with EXT4_IOC_CHECKPOINT_FLAG_ZEROOUT can be slow
[   45.095925] warning: checkpointing journal with EXT4_IOC_CHECKPOINT_FLAG_ZEROOUT can be slow
[   45.310756] warning: checkpointing journal with EXT4_IOC_CHECKPOINT_FLAG_ZEROOUT can be slow
[   45.526612] warning: checkpointing journal with EXT4_IOC_CHECKPOINT_FLAG_ZEROOUT can be slow
[   45.741411] warning: checkpointing journal with EXT4_IOC_CHECKPOINT_FLAG_ZEROOUT can be slow
[   45.955916] warning: checkpointing journal with EXT4_IOC_CHECKPOINT_FLAG_ZEROOUT can be slow
[   49.176037] ext4_ioctl_checkpoint: 14 callbacks suppressed
[   49.176049] warning: checkpointing journal with EXT4_IOC_CHECKPOINT_FLAG_ZEROOUT can be slow
[   49.391305] warning: checkpointing journal with EXT4_IOC_CHECKPOINT_FLAG_ZEROOUT can be slow
[   49.606551] warning: checkpointing journal with EXT4_IOC_CHECKPOINT_FLAG_ZEROOUT can be slow
[   49.822165] warning: checkpointing journal with EXT4_IOC_CHECKPOINT_FLAG_ZEROOUT can be slow
[   50.038704] warning: checkpointing journal with EXT4_IOC_CHECKPOINT_FLAG_ZEROOUT can be slow
[   50.253762] warning: checkpointing journal with EXT4_IOC_CHECKPOINT_FLAG_ZEROOUT can be slow
[   50.469453] warning: checkpointing journal with EXT4_IOC_CHECKPOINT_FLAG_ZEROOUT can be slow
[   50.685141] warning: checkpointing journal with EXT4_IOC_CHECKPOINT_FLAG_ZEROOUT can be slow
[   50.900555] warning: checkpointing journal with EXT4_IOC_CHECKPOINT_FLAG_ZEROOUT can be slow
[   51.116474] warning: checkpointing journal with EXT4_IOC_CHECKPOINT_FLAG_ZEROOUT can be slow
[   54.334871] ext4_ioctl_checkpoint: 14 callbacks suppressed
[   54.334882] warning: checkpointing journal with EXT4_IOC_CHECKPOINT_FLAG_ZEROOUT can be slow
[   54.549305] warning: checkpointing journal with EXT4_IOC_CHECKPOINT_FLAG_ZEROOUT can be slow
[   54.763964] warning: checkpointing journal with EXT4_IOC_CHECKPOINT_FLAG_ZEROOUT can be slow
[   54.980629] warning: checkpointing journal with EXT4_IOC_CHECKPOINT_FLAG_ZEROOUT can be slow
[   55.196071] warning: checkpointing journal with EXT4_IOC_CHECKPOINT_FLAG_ZEROOUT can be slow
[   55.410687] warning: checkpointing journal with EXT4_IOC_CHECKPOINT_FLAG_ZEROOUT can be slow
[   55.626450] warning: checkpointing journal with EXT4_IOC_CHECKPOINT_FLAG_ZEROOUT can be slow
[   55.841950] warning: checkpointing journal with EXT4_IOC_CHECKPOINT_FLAG_ZEROOUT can be slow
[   56.058044] warning: checkpointing journal with EXT4_IOC_CHECKPOINT_FLAG_ZEROOUT can be slow
[   56.272947] warning: checkpointing journal with EXT4_IOC_CHECKPOINT_FLAG_ZEROOUT can be slow
[   60.830247] ext4_ioctl_checkpoint: 14 callbacks suppressed
[   60.830259] warning: checkpointing journal with EXT4_IOC_CHECKPOINT_FLAG_ZEROOUT can be slow
[   62.184727] warning: checkpointing journal with EXT4_IOC_CHECKPOINT_FLAG_ZEROOUT can be slow
[   62.401420] warning: checkpointing journal with EXT4_IOC_CHECKPOINT_FLAG_ZEROOUT can be slow
[   62.617314] warning: checkpointing journal with EXT4_IOC_CHECKPOINT_FLAG_ZEROOUT can be slow
[   62.833168] warning: checkpointing journal with EXT4_IOC_CHECKPOINT_FLAG_ZEROOUT can be slow
[   63.048565] warning: checkpointing journal with EXT4_IOC_CHECKPOINT_FLAG_ZEROOUT can be slow
[   63.264373] warning: checkpointing journal with EXT4_IOC_CHECKPOINT_FLAG_ZEROOUT can be slow
[   63.479941] warning: checkpointing journal with EXT4_IOC_CHECKPOINT_FLAG_ZEROOUT can be slow
[   63.695764] warning: checkpointing journal with EXT4_IOC_CHECKPOINT_FLAG_ZEROOUT can be slow
[   63.911643] warning: checkpointing journal with EXT4_IOC_CHECKPOINT_FLAG_ZEROOUT can be slow
[   65.853249] ext4_ioctl_checkpoint: 8 callbacks suppressed
[   65.853261] warning: checkpointing journal with EXT4_IOC_CHECKPOINT_FLAG_ZEROOUT can be slow
[   66.069815] warning: checkpointing journal with EXT4_IOC_CHECKPOINT_FLAG_ZEROOUT can be slow
[   66.285992] warning: checkpointing journal with EXT4_IOC_CHECKPOINT_FLAG_ZEROOUT can be slow
[   66.503340] warning: checkpointing journal with EXT4_IOC_CHECKPOINT_FLAG_ZEROOUT can be slow
[   66.719468] warning: checkpointing journal with EXT4_IOC_CHECKPOINT_FLAG_ZEROOUT can be slow
[   66.935493] warning: checkpointing journal with EXT4_IOC_CHECKPOINT_FLAG_ZEROOUT can be slow
[   67.151616] warning: checkpointing journal with EXT4_IOC_CHECKPOINT_FLAG_ZEROOUT can be slow
[   67.367889] warning: checkpointing journal with EXT4_IOC_CHECKPOINT_FLAG_ZEROOUT can be slow
[   67.583782] warning: checkpointing journal with EXT4_IOC_CHECKPOINT_FLAG_ZEROOUT can be slow
[   67.799834] warning: checkpointing journal with EXT4_IOC_CHECKPOINT_FLAG_ZEROOUT can be slow
[   71.037412] ext4_ioctl_checkpoint: 14 callbacks suppressed
[   71.037423] warning: checkpointing journal with EXT4_IOC_CHECKPOINT_FLAG_ZEROOUT can be slow
[   71.253927] warning: checkpointing journal with EXT4_IOC_CHECKPOINT_FLAG_ZEROOUT can be slow
[   71.469624] warning: checkpointing journal with EXT4_IOC_CHECKPOINT_FLAG_ZEROOUT can be slow
[   71.686108] warning: checkpointing journal with EXT4_IOC_CHECKPOINT_FLAG_ZEROOUT can be slow
[   71.902023] warning: checkpointing journal with EXT4_IOC_CHECKPOINT_FLAG_ZEROOUT can be slow
[   72.118067] warning: checkpointing journal with EXT4_IOC_CHECKPOINT_FLAG_ZEROOUT can be slow
[   72.333955] warning: checkpointing journal with EXT4_IOC_CHECKPOINT_FLAG_ZEROOUT can be slow
[   72.549833] warning: checkpointing journal with EXT4_IOC_CHECKPOINT_FLAG_ZEROOUT can be slow
[   72.766036] warning: checkpointing journal with EXT4_IOC_CHECKPOINT_FLAG_ZEROOUT can be slow
[   72.982003] warning: checkpointing journal with EXT4_IOC_CHECKPOINT_FLAG_ZEROOUT can be slow
[   76.215288] ext4_ioctl_checkpoint: 14 callbacks suppressed
[   76.215301] warning: checkpointing journal with EXT4_IOC_CHECKPOINT_FLAG_ZEROOUT can be slow
[   76.431003] warning: checkpointing journal with EXT4_IOC_CHECKPOINT_FLAG_ZEROOUT can be slow
[   76.645635] warning: checkpointing journal with EXT4_IOC_CHECKPOINT_FLAG_ZEROOUT can be slow
[   76.860641] warning: checkpointing journal with EXT4_IOC_CHECKPOINT_FLAG_ZEROOUT can be slow
[   77.075541] warning: checkpointing journal with EXT4_IOC_CHECKPOINT_FLAG_ZEROOUT can be slow
[   77.359990] warning: checkpointing journal with EXT4_IOC_CHECKPOINT_FLAG_ZEROOUT can be slow
[   78.442926] warning: checkpointing journal with EXT4_IOC_CHECKPOINT_FLAG_ZEROOUT can be slow
[   78.665214] warning: checkpointing journal with EXT4_IOC_CHECKPOINT_FLAG_ZEROOUT can be slow
[   78.886688] warning: checkpointing journal with EXT4_IOC_CHECKPOINT_FLAG_ZEROOUT can be slow
[   79.109031] warning: checkpointing journal with EXT4_IOC_CHECKPOINT_FLAG_ZEROOUT can be slow
[   81.323714] ext4_ioctl_checkpoint: 9 callbacks suppressed
[   81.323726] warning: checkpointing journal with EXT4_IOC_CHECKPOINT_FLAG_ZEROOUT can be slow
[   81.545796] warning: checkpointing journal with EXT4_IOC_CHECKPOINT_FLAG_ZEROOUT can be slow
[   81.767659] warning: checkpointing journal with EXT4_IOC_CHECKPOINT_FLAG_ZEROOUT can be slow
[   81.989498] warning: checkpointing journal with EXT4_IOC_CHECKPOINT_FLAG_ZEROOUT can be slow
[   82.206467] warning: checkpointing journal with EXT4_IOC_CHECKPOINT_FLAG_ZEROOUT can be slow
[   82.422659] warning: checkpointing journal with EXT4_IOC_CHECKPOINT_FLAG_ZEROOUT can be slow
[   82.638895] warning: checkpointing journal with EXT4_IOC_CHECKPOINT_FLAG_ZEROOUT can be slow
[   82.854635] warning: checkpointing journal with EXT4_IOC_CHECKPOINT_FLAG_ZEROOUT can be slow
[   83.072115] warning: checkpointing journal with EXT4_IOC_CHECKPOINT_FLAG_ZEROOUT can be slow
[   83.288732] warning: checkpointing journal with EXT4_IOC_CHECKPOINT_FLAG_ZEROOUT can be slow
[   86.514470] ext4_ioctl_checkpoint: 14 callbacks suppressed
[   86.514482] warning: checkpointing journal with EXT4_IOC_CHECKPOINT_FLAG_ZEROOUT can be slow
[   86.729954] warning: checkpointing journal with EXT4_IOC_CHECKPOINT_FLAG_ZEROOUT can be slow
[   86.945612] warning: checkpointing journal with EXT4_IOC_CHECKPOINT_FLAG_ZEROOUT can be slow
[   87.160931] warning: checkpointing journal with EXT4_IOC_CHECKPOINT_FLAG_ZEROOUT can be slow
[   87.376455] warning: checkpointing journal with EXT4_IOC_CHECKPOINT_FLAG_ZEROOUT can be slow
[   87.591935] warning: checkpointing journal with EXT4_IOC_CHECKPOINT_FLAG_ZEROOUT can be slow
[   87.808338] warning: checkpointing journal with EXT4_IOC_CHECKPOINT_FLAG_ZEROOUT can be slow
[   88.024402] warning: checkpointing journal with EXT4_IOC_CHECKPOINT_FLAG_ZEROOUT can be slow
[   88.242134] warning: checkpointing journal with EXT4_IOC_CHECKPOINT_FLAG_ZEROOUT can be slow
[   88.458165] warning: checkpointing journal with EXT4_IOC_CHECKPOINT_FLAG_ZEROOUT can be slow
[   91.692817] ext4_ioctl_checkpoint: 14 callbacks suppressed
[   91.692829] warning: checkpointing journal with EXT4_IOC_CHECKPOINT_FLAG_ZEROOUT can be slow
[   91.909961] warning: checkpointing journal with EXT4_IOC_CHECKPOINT_FLAG_ZEROOUT can be slow
[   92.125897] warning: checkpointing journal with EXT4_IOC_CHECKPOINT_FLAG_ZEROOUT can be slow
[   92.341980] warning: checkpointing journal with EXT4_IOC_CHECKPOINT_FLAG_ZEROOUT can be slow
[   92.557925] warning: checkpointing journal with EXT4_IOC_CHECKPOINT_FLAG_ZEROOUT can be slow
[   92.776761] warning: checkpointing journal with EXT4_IOC_CHECKPOINT_FLAG_ZEROOUT can be slow
[   92.999340] warning: checkpointing journal with EXT4_IOC_CHECKPOINT_FLAG_ZEROOUT can be slow
[   93.219957] warning: checkpointing journal with EXT4_IOC_CHECKPOINT_FLAG_ZEROOUT can be slow
[   93.438607] warning: checkpointing journal with EXT4_IOC_CHECKPOINT_FLAG_ZEROOUT can be slow
[   93.723481] warning: checkpointing journal with EXT4_IOC_CHECKPOINT_FLAG_ZEROOUT can be slow
[   96.909183] ext4_ioctl_checkpoint: 4 callbacks suppressed
[   96.909195] warning: checkpointing journal with EXT4_IOC_CHECKPOINT_FLAG_ZEROOUT can be slow
[   97.125751] warning: checkpointing journal with EXT4_IOC_CHECKPOINT_FLAG_ZEROOUT can be slow
[   97.341580] warning: checkpointing journal with EXT4_IOC_CHECKPOINT_FLAG_ZEROOUT can be slow
[   97.562188] warning: checkpointing journal with EXT4_IOC_CHECKPOINT_FLAG_ZEROOUT can be slow
[   97.787894] warning: checkpointing journal with EXT4_IOC_CHECKPOINT_FLAG_ZEROOUT can be slow
[   98.004553] warning: checkpointing journal with EXT4_IOC_CHECKPOINT_FLAG_ZEROOUT can be slow
[   98.220672] warning: checkpointing journal with EXT4_IOC_CHECKPOINT_FLAG_ZEROOUT can be slow
[   98.436989] warning: checkpointing journal with EXT4_IOC_CHECKPOINT_FLAG_ZEROOUT can be slow
[   98.652991] warning: checkpointing journal with EXT4_IOC_CHECKPOINT_FLAG_ZEROOUT can be slow
[   98.869051] warning: checkpointing journal with EXT4_IOC_CHECKPOINT_FLAG_ZEROOUT can be slow
[  102.098895] ext4_ioctl_checkpoint: 14 callbacks suppressed
[  102.098906] warning: checkpointing journal with EXT4_IOC_CHECKPOINT_FLAG_ZEROOUT can be slow
[  102.314126] warning: checkpointing journal with EXT4_IOC_CHECKPOINT_FLAG_ZEROOUT can be slow
[  102.529108] warning: checkpointing journal with EXT4_IOC_CHECKPOINT_FLAG_ZEROOUT can be slow
[  102.744106] warning: checkpointing journal with EXT4_IOC_CHECKPOINT_FLAG_ZEROOUT can be slow
[  102.958939] warning: checkpointing journal with EXT4_IOC_CHECKPOINT_FLAG_ZEROOUT can be slow
[  103.174310] warning: checkpointing journal with EXT4_IOC_CHECKPOINT_FLAG_ZEROOUT can be slow
[  103.390484] warning: checkpointing journal with EXT4_IOC_CHECKPOINT_FLAG_ZEROOUT can be slow
[  103.605592] warning: checkpointing journal with EXT4_IOC_CHECKPOINT_FLAG_ZEROOUT can be slow
[  103.820777] warning: checkpointing journal with EXT4_IOC_CHECKPOINT_FLAG_ZEROOUT can be slow
[  104.036424] warning: checkpointing journal with EXT4_IOC_CHECKPOINT_FLAG_ZEROOUT can be slow
[  107.260003] ext4_ioctl_checkpoint: 14 callbacks suppressed
[  107.260015] warning: checkpointing journal with EXT4_IOC_CHECKPOINT_FLAG_ZEROOUT can be slow
[  107.475412] warning: checkpointing journal with EXT4_IOC_CHECKPOINT_FLAG_ZEROOUT can be slow
[  107.690335] warning: checkpointing journal with EXT4_IOC_CHECKPOINT_FLAG_ZEROOUT can be slow
[  107.905767] warning: checkpointing journal with EXT4_IOC_CHECKPOINT_FLAG_ZEROOUT can be slow
[  108.121776] warning: checkpointing journal with EXT4_IOC_CHECKPOINT_FLAG_ZEROOUT can be slow
[  108.337609] warning: checkpointing journal with EXT4_IOC_CHECKPOINT_FLAG_ZEROOUT can be slow
[  108.558153] warning: checkpointing journal with EXT4_IOC_CHECKPOINT_FLAG_ZEROOUT can be slow
[  108.773476] warning: checkpointing journal with EXT4_IOC_CHECKPOINT_FLAG_ZEROOUT can be slow
[  108.989171] warning: checkpointing journal with EXT4_IOC_CHECKPOINT_FLAG_ZEROOUT can be slow
[  109.204820] warning: checkpointing journal with EXT4_IOC_CHECKPOINT_FLAG_ZEROOUT can be slow
[  113.071210] ext4_ioctl_checkpoint: 11 callbacks suppressed
[  113.071221] warning: checkpointing journal with EXT4_IOC_CHECKPOINT_FLAG_ZEROOUT can be slow
[  113.287392] warning: checkpointing journal with EXT4_IOC_CHECKPOINT_FLAG_ZEROOUT can be slow
[  113.502575] warning: checkpointing journal with EXT4_IOC_CHECKPOINT_FLAG_ZEROOUT can be slow
[  113.718389] warning: checkpointing journal with EXT4_IOC_CHECKPOINT_FLAG_ZEROOUT can be slow
[  113.934357] warning: checkpointing journal with EXT4_IOC_CHECKPOINT_FLAG_ZEROOUT can be slow
[  114.149301] warning: checkpointing journal with EXT4_IOC_CHECKPOINT_FLAG_ZEROOUT can be slow
[  114.364483] warning: checkpointing journal with EXT4_IOC_CHECKPOINT_FLAG_ZEROOUT can be slow
[  114.579350] warning: checkpointing journal with EXT4_IOC_CHECKPOINT_FLAG_ZEROOUT can be slow
[  114.794276] warning: checkpointing journal with EXT4_IOC_CHECKPOINT_FLAG_ZEROOUT can be slow
[  115.008906] warning: checkpointing journal with EXT4_IOC_CHECKPOINT_FLAG_ZEROOUT can be slow
[  118.244434] ext4_ioctl_checkpoint: 14 callbacks suppressed
[  118.244445] warning: checkpointing journal with EXT4_IOC_CHECKPOINT_FLAG_ZEROOUT can be slow
[  118.459686] warning: checkpointing journal with EXT4_IOC_CHECKPOINT_FLAG_ZEROOUT can be slow
[  118.675533] warning: checkpointing journal with EXT4_IOC_CHECKPOINT_FLAG_ZEROOUT can be slow
[  118.891978] warning: checkpointing journal with EXT4_IOC_CHECKPOINT_FLAG_ZEROOUT can be slow
[  119.107304] warning: checkpointing journal with EXT4_IOC_CHECKPOINT_FLAG_ZEROOUT can be slow
[  119.323292] warning: checkpointing journal with EXT4_IOC_CHECKPOINT_FLAG_ZEROOUT can be slow
[  119.538641] warning: checkpointing journal with EXT4_IOC_CHECKPOINT_FLAG_ZEROOUT can be slow
[  119.754174] warning: checkpointing journal with EXT4_IOC_CHECKPOINT_FLAG_ZEROOUT can be slow
[  119.968890] warning: checkpointing journal with EXT4_IOC_CHECKPOINT_FLAG_ZEROOUT can be slow
[  120.183587] warning: checkpointing journal with EXT4_IOC_CHECKPOINT_FLAG_ZEROOUT can be slow
[  123.418407] ext4_ioctl_checkpoint: 14 callbacks suppressed
[  123.418419] warning: checkpointing journal with EXT4_IOC_CHECKPOINT_FLAG_ZEROOUT can be slow
[  123.633988] warning: checkpointing journal with EXT4_IOC_CHECKPOINT_FLAG_ZEROOUT can be slow
[  123.848917] warning: checkpointing journal with EXT4_IOC_CHECKPOINT_FLAG_ZEROOUT can be slow
[  124.063684] warning: checkpointing journal with EXT4_IOC_CHECKPOINT_FLAG_ZEROOUT can be slow
[  124.278114] warning: checkpointing journal with EXT4_IOC_CHECKPOINT_FLAG_ZEROOUT can be slow
[  124.493873] warning: checkpointing journal with EXT4_IOC_CHECKPOINT_FLAG_ZEROOUT can be slow
[  124.709019] warning: checkpointing journal with EXT4_IOC_CHECKPOINT_FLAG_ZEROOUT can be slow
[  124.923994] warning: checkpointing journal with EXT4_IOC_CHECKPOINT_FLAG_ZEROOUT can be slow
[  125.139397] warning: checkpointing journal with EXT4_IOC_CHECKPOINT_FLAG_ZEROOUT can be slow
[  125.354704] warning: checkpointing journal with EXT4_IOC_CHECKPOINT_FLAG_ZEROOUT can be slow
[  128.791731] ext4_ioctl_checkpoint: 14 callbacks suppressed
[  128.791743] warning: checkpointing journal with EXT4_IOC_CHECKPOINT_FLAG_ZEROOUT can be slow
[  130.155659] warning: checkpointing journal with EXT4_IOC_CHECKPOINT_FLAG_ZEROOUT can be slow
[  130.371215] warning: checkpointing journal with EXT4_IOC_CHECKPOINT_FLAG_ZEROOUT can be slow
[  130.586538] warning: checkpointing journal with EXT4_IOC_CHECKPOINT_FLAG_ZEROOUT can be slow
[  130.802062] warning: checkpointing journal with EXT4_IOC_CHECKPOINT_FLAG_ZEROOUT can be slow
[  131.017326] warning: checkpointing journal with EXT4_IOC_CHECKPOINT_FLAG_ZEROOUT can be slow
[  131.233141] warning: checkpointing journal with EXT4_IOC_CHECKPOINT_FLAG_ZEROOUT can be slow
[  131.449071] warning: checkpointing journal with EXT4_IOC_CHECKPOINT_FLAG_ZEROOUT can be slow
[  131.664369] warning: checkpointing journal with EXT4_IOC_CHECKPOINT_FLAG_ZEROOUT can be slow
[  131.880972] warning: checkpointing journal with EXT4_IOC_CHECKPOINT_FLAG_ZEROOUT can be slow
[  133.814060] ext4_ioctl_checkpoint: 8 callbacks suppressed
[  133.814072] warning: checkpointing journal with EXT4_IOC_CHECKPOINT_FLAG_ZEROOUT can be slow
[  134.029901] warning: checkpointing journal with EXT4_IOC_CHECKPOINT_FLAG_ZEROOUT can be slow
[  134.245118] warning: checkpointing journal with EXT4_IOC_CHECKPOINT_FLAG_ZEROOUT can be slow
[  134.460494] warning: checkpointing journal with EXT4_IOC_CHECKPOINT_FLAG_ZEROOUT can be slow
[  134.675878] warning: checkpointing journal with EXT4_IOC_CHECKPOINT_FLAG_ZEROOUT can be slow
[  134.891447] warning: checkpointing journal with EXT4_IOC_CHECKPOINT_FLAG_ZEROOUT can be slow
[  135.106954] warning: checkpointing journal with EXT4_IOC_CHECKPOINT_FLAG_ZEROOUT can be slow
[  135.322255] warning: checkpointing journal with EXT4_IOC_CHECKPOINT_FLAG_ZEROOUT can be slow
[  135.538738] warning: checkpointing journal with EXT4_IOC_CHECKPOINT_FLAG_ZEROOUT can be slow
[  135.754229] warning: checkpointing journal with EXT4_IOC_CHECKPOINT_FLAG_ZEROOUT can be slow
[  138.984174] ext4_ioctl_checkpoint: 14 callbacks suppressed
[  138.984185] warning: checkpointing journal with EXT4_IOC_CHECKPOINT_FLAG_ZEROOUT can be slow
[  139.199787] warning: checkpointing journal with EXT4_IOC_CHECKPOINT_FLAG_ZEROOUT can be slow
[  139.415034] warning: checkpointing journal with EXT4_IOC_CHECKPOINT_FLAG_ZEROOUT can be slow
[  139.630166] warning: checkpointing journal with EXT4_IOC_CHECKPOINT_FLAG_ZEROOUT can be slow
[  139.846109] warning: checkpointing journal with EXT4_IOC_CHECKPOINT_FLAG_ZEROOUT can be slow
[  140.061845] warning: checkpointing journal with EXT4_IOC_CHECKPOINT_FLAG_ZEROOUT can be slow
[  140.277502] warning: checkpointing journal with EXT4_IOC_CHECKPOINT_FLAG_ZEROOUT can be slow
[  140.494140] warning: checkpointing journal with EXT4_IOC_CHECKPOINT_FLAG_ZEROOUT can be slow
[  140.710776] warning: checkpointing journal with EXT4_IOC_CHECKPOINT_FLAG_ZEROOUT can be slow
[  140.926604] warning: checkpointing journal with EXT4_IOC_CHECKPOINT_FLAG_ZEROOUT can be slow
[  144.166179] ext4_ioctl_checkpoint: 14 callbacks suppressed
[  144.166191] warning: checkpointing journal with EXT4_IOC_CHECKPOINT_FLAG_ZEROOUT can be slow
[  144.382356] warning: checkpointing journal with EXT4_IOC_CHECKPOINT_FLAG_ZEROOUT can be slow
[  144.598955] warning: checkpointing journal with EXT4_IOC_CHECKPOINT_FLAG_ZEROOUT can be slow
[  144.814389] warning: checkpointing journal with EXT4_IOC_CHECKPOINT_FLAG_ZEROOUT can be slow
[  145.029439] warning: checkpointing journal with EXT4_IOC_CHECKPOINT_FLAG_ZEROOUT can be slow
[  145.245450] warning: checkpointing journal with EXT4_IOC_CHECKPOINT_FLAG_ZEROOUT can be slow
[  145.732366] warning: checkpointing journal with EXT4_IOC_CHECKPOINT_FLAG_ZEROOUT can be slow
[  146.489418] warning: checkpointing journal with EXT4_IOC_CHECKPOINT_FLAG_ZEROOUT can be slow
[  146.705453] warning: checkpointing journal with EXT4_IOC_CHECKPOINT_FLAG_ZEROOUT can be slow
[  146.921205] warning: checkpointing journal with EXT4_IOC_CHECKPOINT_FLAG_ZEROOUT can be slow
[  149.287774] ext4_ioctl_checkpoint: 10 callbacks suppressed
[  149.287786] warning: checkpointing journal with EXT4_IOC_CHECKPOINT_FLAG_ZEROOUT can be slow
[  149.503622] warning: checkpointing journal with EXT4_IOC_CHECKPOINT_FLAG_ZEROOUT can be slow
[  149.720043] warning: checkpointing journal with EXT4_IOC_CHECKPOINT_FLAG_ZEROOUT can be slow
[  149.936615] warning: checkpointing journal with EXT4_IOC_CHECKPOINT_FLAG_ZEROOUT can be slow
[  150.153226] warning: checkpointing journal with EXT4_IOC_CHECKPOINT_FLAG_ZEROOUT can be slow
[  150.369553] warning: checkpointing journal with EXT4_IOC_CHECKPOINT_FLAG_ZEROOUT can be slow
[  150.586782] warning: checkpointing journal with EXT4_IOC_CHECKPOINT_FLAG_ZEROOUT can be slow
[  150.803655] warning: checkpointing journal with EXT4_IOC_CHECKPOINT_FLAG_ZEROOUT can be slow
[  151.019660] warning: checkpointing journal with EXT4_IOC_CHECKPOINT_FLAG_ZEROOUT can be slow
[  151.235742] warning: checkpointing journal with EXT4_IOC_CHECKPOINT_FLAG_ZEROOUT can be slow
[  154.465558] ext4_ioctl_checkpoint: 14 callbacks suppressed
[  154.465570] warning: checkpointing journal with EXT4_IOC_CHECKPOINT_FLAG_ZEROOUT can be slow
[  154.683191] warning: checkpointing journal with EXT4_IOC_CHECKPOINT_FLAG_ZEROOUT can be slow
[  154.901742] warning: checkpointing journal with EXT4_IOC_CHECKPOINT_FLAG_ZEROOUT can be slow
[  155.117785] warning: checkpointing journal with EXT4_IOC_CHECKPOINT_FLAG_ZEROOUT can be slow
[  155.333760] warning: checkpointing journal with EXT4_IOC_CHECKPOINT_FLAG_ZEROOUT can be slow
[  155.549968] warning: checkpointing journal with EXT4_IOC_CHECKPOINT_FLAG_ZEROOUT can be slow
[  155.765488] warning: checkpointing journal with EXT4_IOC_CHECKPOINT_FLAG_ZEROOUT can be slow
[  155.983261] warning: checkpointing journal with EXT4_IOC_CHECKPOINT_FLAG_ZEROOUT can be slow
[  156.204558] warning: checkpointing journal with EXT4_IOC_CHECKPOINT_FLAG_ZEROOUT can be slow
[  156.421876] warning: checkpointing journal with EXT4_IOC_CHECKPOINT_FLAG_ZEROOUT can be slow
[  159.665933] ext4_ioctl_checkpoint: 14 callbacks suppressed
[  159.665945] warning: checkpointing journal with EXT4_IOC_CHECKPOINT_FLAG_ZEROOUT can be slow
[  159.882303] warning: checkpointing journal with EXT4_IOC_CHECKPOINT_FLAG_ZEROOUT can be slow
[  160.099157] warning: checkpointing journal with EXT4_IOC_CHECKPOINT_FLAG_ZEROOUT can be slow
[  160.316318] warning: checkpointing journal with EXT4_IOC_CHECKPOINT_FLAG_ZEROOUT can be slow
[  160.532557] warning: checkpointing journal with EXT4_IOC_CHECKPOINT_FLAG_ZEROOUT can be slow
[  160.748546] warning: checkpointing journal with EXT4_IOC_CHECKPOINT_FLAG_ZEROOUT can be slow
[  160.964971] warning: checkpointing journal with EXT4_IOC_CHECKPOINT_FLAG_ZEROOUT can be slow
[  161.181603] warning: checkpointing journal with EXT4_IOC_CHECKPOINT_FLAG_ZEROOUT can be slow
[  161.398568] warning: checkpointing journal with EXT4_IOC_CHECKPOINT_FLAG_ZEROOUT can be slow
[  161.614489] warning: checkpointing journal with EXT4_IOC_CHECKPOINT_FLAG_ZEROOUT can be slow
[  164.851699] ext4_ioctl_checkpoint: 11 callbacks suppressed
[  164.851710] warning: checkpointing journal with EXT4_IOC_CHECKPOINT_FLAG_ZEROOUT can be slow
[  165.067258] warning: checkpointing journal with EXT4_IOC_CHECKPOINT_FLAG_ZEROOUT can be slow
[  165.284052] warning: checkpointing journal with EXT4_IOC_CHECKPOINT_FLAG_ZEROOUT can be slow
[  165.508219] warning: checkpointing journal with EXT4_IOC_CHECKPOINT_FLAG_ZEROOUT can be slow
[  165.723799] warning: checkpointing journal with EXT4_IOC_CHECKPOINT_FLAG_ZEROOUT can be slow
[  165.945795] warning: checkpointing journal with EXT4_IOC_CHECKPOINT_FLAG_ZEROOUT can be slow
[  166.161703] warning: checkpointing journal with EXT4_IOC_CHECKPOINT_FLAG_ZEROOUT can be slow
[  166.377522] warning: checkpointing journal with EXT4_IOC_CHECKPOINT_FLAG_ZEROOUT can be slow
[  166.596712] warning: checkpointing journal with EXT4_IOC_CHECKPOINT_FLAG_ZEROOUT can be slow
[  166.811740] warning: checkpointing journal with EXT4_IOC_CHECKPOINT_FLAG_ZEROOUT can be slow
[  170.067330] ext4_ioctl_checkpoint: 14 callbacks suppressed
[  170.067343] warning: checkpointing journal with EXT4_IOC_CHECKPOINT_FLAG_ZEROOUT can be slow
[  170.283335] warning: checkpointing journal with EXT4_IOC_CHECKPOINT_FLAG_ZEROOUT can be slow
[  170.498652] warning: checkpointing journal with EXT4_IOC_CHECKPOINT_FLAG_ZEROOUT can be slow
[  170.713584] warning: checkpointing journal with EXT4_IOC_CHECKPOINT_FLAG_ZEROOUT can be slow
[  170.928881] warning: checkpointing journal with EXT4_IOC_CHECKPOINT_FLAG_ZEROOUT can be slow
[  171.144623] warning: checkpointing journal with EXT4_IOC_CHECKPOINT_FLAG_ZEROOUT can be slow
[  171.360162] warning: checkpointing journal with EXT4_IOC_CHECKPOINT_FLAG_ZEROOUT can be slow
[  171.575964] warning: checkpointing journal with EXT4_IOC_CHECKPOINT_FLAG_ZEROOUT can be slow
[  171.790814] warning: checkpointing journal with EXT4_IOC_CHECKPOINT_FLAG_ZEROOUT can be slow
[  172.006518] warning: checkpointing journal with EXT4_IOC_CHECKPOINT_FLAG_ZEROOUT can be slow
[  175.236086] ext4_ioctl_checkpoint: 14 callbacks suppressed
[  175.236097] warning: checkpointing journal with EXT4_IOC_CHECKPOINT_FLAG_ZEROOUT can be slow
[  175.454839] warning: checkpointing journal with EXT4_IOC_CHECKPOINT_FLAG_ZEROOUT can be slow
[  175.669973] warning: checkpointing journal with EXT4_IOC_CHECKPOINT_FLAG_ZEROOUT can be slow
