c[?7l[2J[0mSeaBIOS (version rel-1.16.0-0-gd239552ce722-prebuilt.qemu.org)


iPXE (http://ipxe.org) 00:03.0 CA00 PCI2.10 PnP PMM+7FF91000+7FEF1000 CA00
Press Ctrl-B to configure iPXE (PCI 00:03.0)...                                                                               


Booting from ROM..c[?7l[2J[    0.000000] Linux version 5.19.0-798cd57cd5f8+ (root@984fee00a1f6.jf.intel.com) (gcc (GCC) 8.5.0 20210514 (Red Hat 8.5.0-17), GNU ld version 2.36.1-3.el8) #1 SMP PREEMPT_DYNAMIC Tue Dec 13 02:05:52 PST 2022
[    0.000000] Command line: console=ttyS0 root=/dev/sda earlyprintk=serial net.ifnames=0
[    0.000000] KERNEL supported cpus:
[    0.000000]   Intel GenuineIntel
[    0.000000]   AMD AuthenticAMD
[    0.000000]   Hygon HygonGenuine
[    0.000000]   Centaur CentaurHauls
[    0.000000]   zhaoxin   Shanghai  
[    0.000000] x86/split lock detection: #DB: warning on user-space bus_locks
[    0.000000] x86/fpu: Supporting XSAVE feature 0x001: 'x87 floating point registers'
[    0.000000] x86/fpu: Supporting XSAVE feature 0x002: 'SSE registers'
[    0.000000] x86/fpu: Supporting XSAVE feature 0x004: 'AVX registers'
[    0.000000] x86/fpu: Supporting XSAVE feature 0x020: 'AVX-512 opmask'
[    0.000000] x86/fpu: Supporting XSAVE feature 0x040: 'AVX-512 Hi256'
[    0.000000] x86/fpu: Supporting XSAVE feature 0x080: 'AVX-512 ZMM_Hi256'
[    0.000000] x86/fpu: Supporting XSAVE feature 0x200: 'Protection Keys User registers'
[    0.000000] x86/fpu: Supporting XSAVE feature 0x20000: 'AMX Tile config'
[    0.000000] x86/fpu: Supporting XSAVE feature 0x40000: 'AMX Tile data'
[    0.000000] x86/fpu: xstate_offset[2]:  576, xstate_sizes[2]:  256
[    0.000000] x86/fpu: xstate_offset[5]:  832, xstate_sizes[5]:   64
[    0.000000] x86/fpu: xstate_offset[6]:  896, xstate_sizes[6]:  512
[    0.000000] x86/fpu: xstate_offset[7]: 1408, xstate_sizes[7]: 1024
[    0.000000] x86/fpu: xstate_offset[9]: 2432, xstate_sizes[9]:    8
[    0.000000] x86/fpu: xstate_offset[17]: 2496, xstate_sizes[17]:   64
[    0.000000] x86/fpu: xstate_offset[18]: 2560, xstate_sizes[18]: 8192
[    0.000000] x86/fpu: Enabled xstate features 0x602e7, context size is 10752 bytes, using 'compacted' format.
[    0.000000] signal: max sigframe size: 11952
[    0.000000] BIOS-provided physical RAM map:
[    0.000000] BIOS-e820: [mem 0x0000000000000000-0x000000000009fbff] usable
[    0.000000] BIOS-e820: [mem 0x000000000009fc00-0x000000000009ffff] reserved
[    0.000000] BIOS-e820: [mem 0x00000000000f0000-0x00000000000fffff] reserved
[    0.000000] BIOS-e820: [mem 0x0000000000100000-0x000000007ffdffff] usable
[    0.000000] BIOS-e820: [mem 0x000000007ffe0000-0x000000007fffffff] reserved
[    0.000000] BIOS-e820: [mem 0x00000000feffc000-0x00000000feffffff] reserved
[    0.000000] BIOS-e820: [mem 0x00000000fffc0000-0x00000000ffffffff] reserved
[    0.000000] printk: bootconsole [earlyser0] enabled
[    0.000000] NX (Execute Disable) protection: active
[    0.000000] SMBIOS 2.8 present.
[    0.000000] DMI: QEMU Standard PC (i440FX + PIIX, 1996), BIOS rel-1.16.0-0-gd239552ce722-prebuilt.qemu.org 04/01/2014
[    0.000000] Hypervisor detected: KVM
[    0.000000] kvm-clock: Using msrs 4b564d01 and 4b564d00
[    0.000003] kvm-clock: using sched offset of 383915457 cycles
[    0.000458] clocksource: kvm-clock: mask: 0xffffffffffffffff max_cycles: 0x1cd42e4dffb, max_idle_ns: 881590591483 ns
[    0.001857] tsc: Detected 1700.000 MHz processor
[    0.010850] last_pfn = 0x7ffe0 max_arch_pfn = 0x10000000000
[    0.011386] x86/PAT: Configuration [0-7]: WB  WC  UC- UC  WB  WP  UC- WT  
[    0.018074] found SMP MP-table at [mem 0x000f5ba0-0x000f5baf]
[    0.018641] Using GB pages for direct mapping
[    0.020350] ACPI: Early table checksum verification disabled
[    0.020849] ACPI: RSDP 0x00000000000F59C0 000014 (v00 BOCHS )
[    0.021369] ACPI: RSDT 0x000000007FFE1951 000034 (v01 BOCHS  BXPC     00000001 BXPC 00000001)
[    0.022133] ACPI: FACP 0x000000007FFE17FD 000074 (v01 BOCHS  BXPC     00000001 BXPC 00000001)
[    0.022901] ACPI: DSDT 0x000000007FFE0040 0017BD (v01 BOCHS  BXPC     00000001 BXPC 00000001)
[    0.023659] ACPI: FACS 0x000000007FFE0000 000040
[    0.024077] ACPI: APIC 0x000000007FFE1871 000080 (v01 BOCHS  BXPC     00000001 BXPC 00000001)
[    0.024837] ACPI: HPET 0x000000007FFE18F1 000038 (v01 BOCHS  BXPC     00000001 BXPC 00000001)
[    0.025599] ACPI: WAET 0x000000007FFE1929 000028 (v01 BOCHS  BXPC     00000001 BXPC 00000001)
[    0.026356] ACPI: Reserving FACP table memory at [mem 0x7ffe17fd-0x7ffe1870]
[    0.026971] ACPI: Reserving DSDT table memory at [mem 0x7ffe0040-0x7ffe17fc]
[    0.027591] ACPI: Reserving FACS table memory at [mem 0x7ffe0000-0x7ffe003f]
[    0.028208] ACPI: Reserving APIC table memory at [mem 0x7ffe1871-0x7ffe18f0]
[    0.028822] ACPI: Reserving HPET table memory at [mem 0x7ffe18f1-0x7ffe1928]
[    0.029442] ACPI: Reserving WAET table memory at [mem 0x7ffe1929-0x7ffe1950]
[    0.031166] No NUMA configuration found
[    0.031504] Faking a node at [mem 0x0000000000000000-0x000000007ffdffff]
[    0.032170] NODE_DATA(0) allocated [mem 0x7ffb5000-0x7ffdffff]
[    0.038049] Zone ranges:
[    0.038298]   DMA      [mem 0x0000000000001000-0x0000000000ffffff]
[    0.038844]   DMA32    [mem 0x0000000001000000-0x000000007ffdffff]
[    0.039390]   Normal   empty
[    0.039647]   Device   empty
[    0.039904] Movable zone start for each node
[    0.040280] Early memory node ranges
[    0.040590]   node   0: [mem 0x0000000000001000-0x000000000009efff]
[    0.041138]   node   0: [mem 0x0000000000100000-0x000000007ffdffff]
[    0.041695] Initmem setup node 0 [mem 0x0000000000001000-0x000000007ffdffff]
[    0.042857] On node 0, zone DMA: 1 pages in unavailable ranges
[    0.042877] On node 0, zone DMA: 97 pages in unavailable ranges
[    0.053331] On node 0, zone DMA32: 32 pages in unavailable ranges
[    0.054116] ACPI: PM-Timer IO Port: 0x608
[    0.055002] ACPI: LAPIC_NMI (acpi_id[0xff] dfl dfl lint[0x1])
[    0.055557] IOAPIC[0]: apic_id 0, version 17, address 0xfec00000, GSI 0-23
[    0.056165] ACPI: INT_SRC_OVR (bus 0 bus_irq 0 global_irq 2 dfl dfl)
[    0.056719] ACPI: INT_SRC_OVR (bus 0 bus_irq 5 global_irq 5 high level)
[    0.057294] ACPI: INT_SRC_OVR (bus 0 bus_irq 9 global_irq 9 high level)
[    0.057862] ACPI: INT_SRC_OVR (bus 0 bus_irq 10 global_irq 10 high level)
[    0.058452] ACPI: INT_SRC_OVR (bus 0 bus_irq 11 global_irq 11 high level)
[    0.059052] ACPI: Using ACPI (MADT) for SMP configuration information
[    0.059602] ACPI: HPET id: 0x8086a201 base: 0xfed00000
[    0.060055] TSC deadline timer available
[    0.060398] smpboot: Allowing 2 CPUs, 0 hotplug CPUs
[    0.060858] kvm-guest: KVM setup pv remote TLB flush
[    0.061291] kvm-guest: setup PV sched yield
[    0.061706] PM: hibernation: Registered nosave memory: [mem 0x00000000-0x00000fff]
[    0.062360] PM: hibernation: Registered nosave memory: [mem 0x0009f000-0x0009ffff]
[    0.063005] PM: hibernation: Registered nosave memory: [mem 0x000a0000-0x000effff]
[    0.063656] PM: hibernation: Registered nosave memory: [mem 0x000f0000-0x000fffff]
[    0.064311] [mem 0x80000000-0xfeffbfff] available for PCI devices
[    0.064832] Booting paravirtualized kernel on KVM
[    0.065241] clocksource: refined-jiffies: mask: 0xffffffff max_cycles: 0xffffffff, max_idle_ns: 7645519600211568 ns
[    0.066150] setup_percpu: NR_CPUS:8192 nr_cpumask_bits:2 nr_cpu_ids:2 nr_node_ids:1
[    0.067485] percpu: Embedded 64 pages/cpu s225280 r8192 d28672 u1048576
[    0.068315] kvm-guest: PV spinlocks enabled
[    0.068689] PV qspinlock hash table entries: 256 (order: 0, 4096 bytes, linear)
[    0.069341] Fallback order for Node 0: 0 
[    0.069709] Built 1 zonelists, mobility grouping on.  Total pages: 515808
[    0.070306] Policy zone: DMA32
[    0.070574] Kernel command line: net.ifnames=0 console=ttyS0 root=/dev/sda earlyprintk=serial net.ifnames=0
[    0.072400] Dentry cache hash table entries: 262144 (order: 9, 2097152 bytes, linear)
[    0.073283] Inode-cache hash table entries: 131072 (order: 8, 1048576 bytes, linear)
[    0.074068] mem auto-init: stack:off, heap alloc:off, heap free:off
[    0.080716] Memory: 1983420K/2096632K available (32784K kernel code, 4523K rwdata, 8068K rodata, 3644K init, 22324K bss, 113012K reserved, 0K cma-reserved)
[    0.082980] SLUB: HWalign=64, Order=0-3, MinObjects=0, CPUs=2, Nodes=1
[    0.083541] kmemleak: Kernel memory leak detector disabled
[    0.084036] ftrace: allocating 66592 entries in 261 pages
[    0.114430] ftrace: allocated 261 pages with 3 groups
[    0.118368] Dynamic Preempt: voluntary
[    0.118849] Running RCU self tests
[    0.119147] rcu: Preemptible hierarchical RCU implementation.
[    0.119627] rcu: 	RCU lockdep checking is enabled.
[    0.120022] rcu: 	RCU restricting CPUs from NR_CPUS=8192 to nr_cpu_ids=2.
[    0.120587] 	Trampoline variant of Tasks RCU enabled.
[    0.121004] 	Rude variant of Tasks RCU enabled.
[    0.121380] 	Tracing variant of Tasks RCU enabled.
[    0.121775] rcu: RCU calculated value of scheduler-enlistment delay is 25 jiffies.
[    0.122406] rcu: Adjusting geometry for rcu_fanout_leaf=16, nr_cpu_ids=2
[    0.152966] NR_IRQS: 524544, nr_irqs: 440, preallocated irqs: 16
[    0.153812] rcu: srcu_init: Setting srcu_struct sizes based on contention.
[    0.162096] Console: colour VGA+ 80x25
[    0.162472] printk: console [ttyS0] enabled
[    0.162472] printk: console [ttyS0] enabled
[    0.163183] printk: bootconsole [earlyser0] disabled
[    0.163183] printk: bootconsole [earlyser0] disabled
[    0.164025] Lock dependency validator: Copyright (c) 2006 Red Hat, Inc., Ingo Molnar
[    0.164686] ... MAX_LOCKDEP_SUBCLASSES:  8
[    0.165044] ... MAX_LOCK_DEPTH:          48
[    0.165412] ... MAX_LOCKDEP_KEYS:        8192
[    0.165791] ... CLASSHASH_SIZE:          4096
[    0.166171] ... MAX_LOCKDEP_ENTRIES:     32768
[    0.166561] ... MAX_LOCKDEP_CHAINS:      65536
[    0.166947] ... CHAINHASH_SIZE:          32768
[    0.167340]  memory used by lock dependency info: 6365 kB
[    0.167805]  memory used for stack traces: 4224 kB
[    0.168223]  per task-struct memory footprint: 1920 bytes
[    0.168745] ACPI: Core revision 20220331
[    0.169400] clocksource: hpet: mask: 0xffffffff max_cycles: 0xffffffff, max_idle_ns: 19112604467 ns
[    0.170326] APIC: Switch to symmetric I/O mode setup
[    0.170960] x2apic enabled
[    0.171393] Switched APIC routing to physical x2apic.
[    0.171830] kvm-guest: setup PV IPIs
[    0.173078] ..TIMER: vector=0x30 apic1=0 pin1=2 apic2=-1 pin2=-1
[    0.173621] clocksource: tsc-early: mask: 0xffffffffffffffff max_cycles: 0x1881273ac8e, max_idle_ns: 440795257284 ns
[    0.174565] Calibrating delay loop (skipped) preset value.. 3400.00 BogoMIPS (lpj=6800000)
[    0.175280] pid_max: default: 32768 minimum: 301
[    0.175842] LSM: Security Framework initializing
[    0.176252] Yama: becoming mindful.
[    0.176780] Mount-cache hash table entries: 4096 (order: 3, 32768 bytes, linear)
[    0.177426] Mountpoint-cache hash table entries: 4096 (order: 3, 32768 bytes, linear)
[    0.179723] x86/cpu: User Mode Instruction Prevention (UMIP) activated
[    0.180453] Last level iTLB entries: 4KB 0, 2MB 0, 4MB 0
[    0.180924] Last level dTLB entries: 4KB 0, 2MB 0, 4MB 0, 1GB 0
[    0.181448] Spectre V1 : Mitigation: usercopy/swapgs barriers and __user pointer sanitization
[    0.182171] Spectre V2 : WARNING: Unprivileged eBPF is enabled with eIBRS on, data leaks possible via Spectre v2 BHB attacks!
[    0.182562] Spectre V2 : Mitigation: Enhanced IBRS
[    0.182948] Spectre V2 : Spectre v2 / SpectreRSB mitigation: Filling RSB on context switch
[    0.183599] Spectre V2 : mitigation: Enabling conditional Indirect Branch Prediction Barrier
[    0.184267] Speculative Store Bypass: Mitigation: Speculative Store Bypass disabled via prctl
[    0.310306] Freeing SMP alternatives memory: 56K
[    0.310848] smpboot: CPU0: Intel(R) Xeon(R) Gold 6414TDX (family: 0x6, model: 0x8f, stepping: 0x6)
[    0.312081] cblist_init_generic: Setting adjustable number of callback queues.
[    0.312683] cblist_init_generic: Setting shift to 1 and lim to 1.
[    0.313228] cblist_init_generic: Setting shift to 1 and lim to 1.
[    0.313786] cblist_init_generic: Setting shift to 1 and lim to 1.
[    0.314332] Running RCU-tasks wait API self tests
[    0.418632] Performance Events: Sapphire Rapids events, full-width counters, Intel PMU driver.
[    0.419399] ... version:                2
[    0.419724] ... bit width:              48
[    0.420064] ... generic registers:      8
[    0.420387] ... value mask:             0000ffffffffffff
[    0.420812] ... max period:             00007fffffffffff
[    0.421244] ... fixed-purpose events:   3
[    0.421567] ... event mask:             00000007000000ff
[    0.422398] rcu: Hierarchical SRCU implementation.
[    0.422554] rcu: 	Max phase no-delay instances is 1000.
[    0.425959] smp: Bringing up secondary CPUs ...
[    0.426873] x86: Booting SMP configuration:
[    0.427226] .... node  #0, CPUs:      #1
[    0.427680] smp: Brought up 1 node, 2 CPUs
[    0.427680] smpboot: Max logical packages: 1
[    0.427747] smpboot: Total of 2 processors activated (6800.00 BogoMIPS)
[    0.431351] devtmpfs: initialized
[    0.431351] x86/mm: Memory block size: 128MB
[    0.434630] Callback from call_rcu_tasks_trace() invoked.
[    0.435562] clocksource: jiffies: mask: 0xffffffff max_cycles: 0xffffffff, max_idle_ns: 7645041785100000 ns
[    0.436357] futex hash table entries: 512 (order: 4, 65536 bytes, linear)
[    0.437167] pinctrl core: initialized pinctrl subsystem
[    0.438228] 
[    0.438361] *************************************************************
[    0.438561] **     NOTICE NOTICE NOTICE NOTICE NOTICE NOTICE NOTICE    **
[    0.439102] **                                                         **
[    0.439647] **  IOMMU DebugFS SUPPORT HAS BEEN ENABLED IN THIS KERNEL  **
[    0.440187] **                                                         **
[    0.440737] ** This means that this kernel is built to expose internal **
[    0.441288] ** IOMMU data structures, which may compromise security on **
[    0.441829] ** your system.                                            **
[    0.442373] **                                                         **
[    0.442559] ** If you see this message and you are not debugging the   **
[    0.443105] ** kernel, report this immediately to your vendor!         **
[    0.443651] **                                                         **
[    0.444194] **     NOTICE NOTICE NOTICE NOTICE NOTICE NOTICE NOTICE    **
[    0.444735] *************************************************************
[    0.445330] PM: RTC time: 10:33:54, date: 2022-12-13
[    0.448879] NET: Registered PF_NETLINK/PF_ROUTE protocol family
[    0.450088] DMA: preallocated 256 KiB GFP_KERNEL pool for atomic allocations
[    0.450565] DMA: preallocated 256 KiB GFP_KERNEL|GFP_DMA pool for atomic allocations
[    0.451199] DMA: preallocated 256 KiB GFP_KERNEL|GFP_DMA32 pool for atomic allocations
[    0.451896] audit: initializing netlink subsys (disabled)
[    0.452410] audit: type=2000 audit(1670927635.551:1): state=initialized audit_enabled=0 res=1
[    0.452410] thermal_sys: Registered thermal governor 'fair_share'
[    0.452410] thermal_sys: Registered thermal governor 'bang_bang'
[    0.452410] thermal_sys: Registered thermal governor 'step_wise'
[    0.452410] thermal_sys: Registered thermal governor 'user_space'
[    0.454606] cpuidle: using governor ladder
[    0.455449] cpuidle: using governor menu
[    0.456089] HugeTLB: can optimize 4095 vmemmap pages for hugepages-1048576kB
[    0.456670] acpiphp: ACPI Hot Plug PCI Controller Driver version: 0.5
[    0.457538] PCI: Using configuration type 1 for base access
[    0.475083] kprobes: kprobe jump-optimization is enabled. All kprobes are optimized if possible.
[    0.632822] HugeTLB: can optimize 7 vmemmap pages for hugepages-2048kB
[    0.633365] HugeTLB registered 1.00 GiB page size, pre-allocated 0 pages
[    0.633914] HugeTLB registered 2.00 MiB page size, pre-allocated 0 pages
[    0.637065] ACPI: Added _OSI(Module Device)
[    0.637432] ACPI: Added _OSI(Processor Device)
[    0.637794] ACPI: Added _OSI(3.0 _SCP Extensions)
[    0.638180] ACPI: Added _OSI(Processor Aggregator Device)
[    0.638559] ACPI: Added _OSI(Linux-Dell-Video)
[    0.638923] ACPI: Added _OSI(Linux-Lenovo-NV-HDMI-Audio)
[    0.639360] ACPI: Added _OSI(Linux-HPI-Hybrid-Graphics)
[    0.645984] ACPI: 1 ACPI AML tables successfully acquired and loaded
[    0.650264] ACPI: Interpreter enabled
[    0.650654] ACPI: PM: (supports S0 S3 S4 S5)
[    0.651008] ACPI: Using IOAPIC for interrupt routing
[    0.651460] PCI: Using host bridge windows from ACPI; if necessary, use "pci=nocrs" and report a bug
[    0.652190] PCI: Using E820 reservations for host bridge windows
[    0.653444] ACPI: Enabled 2 GPEs in block 00 to 0F
[    0.672385] ACPI: PCI Root Bridge [PCI0] (domain 0000 [bus 00-ff])
[    0.672905] acpi PNP0A03:00: _OSC: OS supports [ASPM ClockPM Segments MSI EDR HPX-Type3]
[    0.673555] acpi PNP0A03:00: _OSC: not requesting OS control; OS requires [ExtendedConfig ASPM ClockPM MSI]
[    0.674393] acpi PNP0A03:00: fail to add MMCONFIG information, can't access extended PCI configuration space under this bridge.
[    0.677254] acpiphp: Slot [3] registered
[    0.677662] acpiphp: Slot [4] registered
[    0.678054] acpiphp: Slot [5] registered
[    0.678445] acpiphp: Slot [6] registered
[    0.678650] acpiphp: Slot [7] registered
[    0.679040] acpiphp: Slot [8] registered
[    0.679444] acpiphp: Slot [9] registered
[    0.679836] acpiphp: Slot [10] registered
[    0.680233] acpiphp: Slot [11] registered
[    0.680634] acpiphp: Slot [12] registered
[    0.681031] acpiphp: Slot [13] registered
[    0.681443] acpiphp: Slot [14] registered
[    0.681841] acpiphp: Slot [15] registered
[    0.682239] acpiphp: Slot [16] registered
[    0.682627] acpiphp: Slot [17] registered
[    0.683040] acpiphp: Slot [18] registered
[    0.683448] acpiphp: Slot [19] registered
[    0.683845] acpiphp: Slot [20] registered
[    0.684242] acpiphp: Slot [21] registered
[    0.684642] acpiphp: Slot [22] registered
[    0.685061] acpiphp: Slot [23] registered
[    0.685461] acpiphp: Slot [24] registered
[    0.685858] acpiphp: Slot [25] registered
[    0.686254] acpiphp: Slot [26] registered
[    0.686628] acpiphp: Slot [27] registered
[    0.687033] acpiphp: Slot [28] registered
[    0.687435] acpiphp: Slot [29] registered
[    0.687832] acpiphp: Slot [30] registered
[    0.688228] acpiphp: Slot [31] registered
[    0.688574] PCI host bridge to bus 0000:00
[    0.688910] pci_bus 0000:00: root bus resource [io  0x0000-0x0cf7 window]
[    0.689455] pci_bus 0000:00: root bus resource [io  0x0d00-0xffff window]
[    0.689995] pci_bus 0000:00: root bus resource [mem 0x000a0000-0x000bffff window]
[    0.690555] pci_bus 0000:00: root bus resource [mem 0x80000000-0xfebfffff window]
[    0.691150] pci_bus 0000:00: root bus resource [mem 0x100000000-0x17fffffff window]
[    0.691764] pci_bus 0000:00: root bus resource [bus 00-ff]
[    0.692310] pci 0000:00:00.0: [8086:1237] type 00 class 0x060000
[    0.696264] pci 0000:00:01.0: [8086:7000] type 00 class 0x060100
[    0.697470] pci 0000:00:01.1: [8086:7010] type 00 class 0x010180
[    0.699855] pci 0000:00:01.1: reg 0x20: [io  0xc040-0xc04f]
[    0.701034] pci 0000:00:01.1: legacy IDE quirk: reg 0x10: [io  0x01f0-0x01f7]
[    0.701606] pci 0000:00:01.1: legacy IDE quirk: reg 0x14: [io  0x03f6]
[    0.702122] pci 0000:00:01.1: legacy IDE quirk: reg 0x18: [io  0x0170-0x0177]
[    0.702557] pci 0000:00:01.1: legacy IDE quirk: reg 0x1c: [io  0x0376]
[    0.703382] pci 0000:00:01.3: [8086:7113] type 00 class 0x068000
[    0.704174] pci 0000:00:01.3: quirk: [io  0x0600-0x063f] claimed by PIIX4 ACPI
[    0.704755] pci 0000:00:01.3: quirk: [io  0x0700-0x070f] claimed by PIIX4 SMB
[    0.705833] pci 0000:00:02.0: [1234:1111] type 00 class 0x030000
[    0.706950] pci 0000:00:02.0: reg 0x10: [mem 0xfd000000-0xfdffffff pref]
[    0.708922] pci 0000:00:02.0: reg 0x18: [mem 0xfebf0000-0xfebf0fff]
[    0.711639] pci 0000:00:02.0: reg 0x30: [mem 0xfebe0000-0xfebeffff pref]
[    0.712260] pci 0000:00:02.0: Video device with shadowed ROM at [mem 0x000c0000-0x000dffff]
[    0.716106] pci 0000:00:03.0: [8086:100e] type 00 class 0x020000
[    0.717420] pci 0000:00:03.0: reg 0x10: [mem 0xfebc0000-0xfebdffff]
[    0.718565] pci 0000:00:03.0: reg 0x14: [io  0xc000-0xc03f]
[    0.721252] pci 0000:00:03.0: reg 0x30: [mem 0xfeb80000-0xfebbffff pref]
[    0.733082] ACPI: PCI: Interrupt link LNKA configured for IRQ 10
[    0.733987] ACPI: PCI: Interrupt link LNKB configured for IRQ 10
[    0.734890] ACPI: PCI: Interrupt link LNKC configured for IRQ 11
[    0.735765] ACPI: PCI: Interrupt link LNKD configured for IRQ 11
[    0.736442] ACPI: PCI: Interrupt link LNKS configured for IRQ 9
[    0.738024] iommu: Default domain type: Translated 
[    0.738462] iommu: DMA domain TLB invalidation policy: lazy mode 
[    0.740063] SCSI subsystem initialized
[    0.740723] ACPI: bus type USB registered
[    0.741118] usbcore: registered new interface driver usbfs
[    0.741609] usbcore: registered new interface driver hub
[    0.742078] usbcore: registered new device driver usb
[    0.742608] pps_core: LinuxPPS API ver. 1 registered
[    0.743016] pps_core: Software ver. 5.3.6 - Copyright 2005-2007 Rodolfo Giometti <giometti@linux.it>
[    0.743756] PTP clock support registered
[    0.744241] EDAC MC: Ver: 3.0.0
[    0.745936] NetLabel: Initializing
[    0.746226] NetLabel:  domain hash size = 128
[    0.746557] NetLabel:  protocols = UNLABELED CIPSOv4 CALIPSO
[    0.747074] NetLabel:  unlabeled traffic allowed by default
[    0.747855] PCI: Using ACPI for IRQ routing
[    0.748400] pci 0000:00:02.0: vgaarb: setting as boot VGA device
[    0.748909] pci 0000:00:02.0: vgaarb: bridge control possible
[    0.749375] pci 0000:00:02.0: vgaarb: VGA device added: decodes=io+mem,owns=io+mem,locks=none
[    0.750068] vgaarb: loaded
[    0.750611] hpet0: at MMIO 0xfed00000, IRQs 2, 8, 0
[    0.751031] hpet0: 3 comparators, 64-bit 100.000000 MHz counter
[    3.665074] clocksource: Switched to clocksource kvm-clock
[    3.666456] VFS: Disk quotas dquot_6.6.0
[    3.666456] VFS: Dquot-cache hash table entries: 512 (order 0, 4096 bytes)
[    3.666456] pnp: PnP ACPI init
[    3.667825] pnp: PnP ACPI: found 6 devices
[    3.680032] clocksource: acpi_pm: mask: 0xffffff max_cycles: 0xffffff, max_idle_ns: 2085701024 ns
[    3.681177] NET: Registered PF_INET protocol family
[    3.681700] IP idents hash table entries: 32768 (order: 6, 262144 bytes, linear)
[    3.683326] tcp_listen_portaddr_hash hash table entries: 1024 (order: 4, 73728 bytes, linear)
[    3.684058] Table-perturb hash table entries: 65536 (order: 6, 262144 bytes, linear)
[    3.684690] TCP established hash table entries: 16384 (order: 5, 131072 bytes, linear)
[    3.685501] TCP bind hash table entries: 16384 (order: 8, 1179648 bytes, linear)
[    3.686773] TCP: Hash tables configured (established 16384 bind 16384)
[    3.687423] UDP hash table entries: 1024 (order: 5, 163840 bytes, linear)
[    3.688067] UDP-Lite hash table entries: 1024 (order: 5, 163840 bytes, linear)
[    3.689204] NET: Registered PF_UNIX/PF_LOCAL protocol family
[    3.690101] RPC: Registered named UNIX socket transport module.
[    3.690620] RPC: Registered udp transport module.
[    3.691007] RPC: Registered tcp transport module.
[    3.691389] RPC: Registered tcp NFSv4.1 backchannel transport module.
[    3.691931] pci_bus 0000:00: resource 4 [io  0x0000-0x0cf7 window]
[    3.692445] pci_bus 0000:00: resource 5 [io  0x0d00-0xffff window]
[    3.692946] pci_bus 0000:00: resource 6 [mem 0x000a0000-0x000bffff window]
[    3.693506] pci_bus 0000:00: resource 7 [mem 0x80000000-0xfebfffff window]
[    3.694062] pci_bus 0000:00: resource 8 [mem 0x100000000-0x17fffffff window]
[    3.694918] pci 0000:00:01.0: PIIX3: Enabling Passive Release
[    3.695402] pci 0000:00:00.0: Limiting direct PCI/PCI transfers
[    3.695898] pci 0000:00:01.0: Activating ISA DMA hang workarounds
[    3.696488] PCI: CLS 0 bytes, default 64
[    3.696860] ACPI: bus type thunderbolt registered
[    3.697607] clocksource: tsc: mask: 0xffffffffffffffff max_cycles: 0x1881273ac8e, max_idle_ns: 440795257284 ns
[    3.725486] sgx: There are zero EPC sections.
[    3.726185] Callback from call_rcu_tasks_rude() invoked.
[    3.770642] Callback from call_rcu_tasks() invoked.
[    3.848297] Initialise system trusted keyrings
[    3.848783] Key type blacklist registered
[    3.849436] workingset: timestamp_bits=36 max_order=19 bucket_order=0
[    3.861722] zbud: loaded
[    3.864331] squashfs: version 4.0 (2009/01/31) Phillip Lougher
[    3.866298] NFS: Registering the id_resolver key type
[    3.866751] Key type id_resolver registered
[    3.867093] Key type id_legacy registered
[    3.867541] nfs4filelayout_init: NFSv4 File Layout Driver Registering...
[    3.868102] nfs4flexfilelayout_init: NFSv4 Flexfile Layout Driver Registering...
[    3.868803] fuse: init (API version 7.36)
[    3.869470] SGI XFS with ACLs, security attributes, realtime, quota, no debug enabled
[    3.872177] 9p: Installing v9fs 9p2000 file system support
[    3.880570] Key type asymmetric registered
[    3.880914] Asymmetric key parser 'x509' registered
[    3.883041] alg: self-tests for CTR-KDF (hmac(sha256)) passed
[    3.883576] Block layer SCSI generic (bsg) driver version 0.4 loaded (major 243)
[    3.884326] io scheduler mq-deadline registered
[    3.884732] io scheduler bfq registered
[    3.886401] shpchp: Standard Hot Plug PCI Controller Driver version: 0.4
[    3.887479] IPMI message handler: version 39.2
[    3.887922] ipmi device interface
[    3.889989] input: Power Button as /devices/LNXSYSTM:00/LNXPWRBN:00/input/input0
[    3.890973] ACPI: button: Power Button [PWRF]
[    3.892376] ERST DBG: ERST support is disabled.
[    3.893392] Serial: 8250/16550 driver, 32 ports, IRQ sharing enabled
[    3.894491] 00:04: ttyS0 at I/O 0x3f8 (irq = 4, base_baud = 115200) is a 16550A
[    3.904676] Linux agpgart interface v0.103
[    3.905655] ACPI: bus type drm_connector registered
[    3.920165] brd: module loaded
[    3.927954] loop: module loaded
[    3.932699] scsi host0: ata_piix
[    3.933591] scsi host1: ata_piix
[    3.934033] ata1: PATA max MWDMA2 cmd 0x1f0 ctl 0x3f6 bmdma 0xc040 irq 14
[    3.934609] ata2: PATA max MWDMA2 cmd 0x170 ctl 0x376 bmdma 0xc048 irq 15
[    3.936296] tun: Universal TUN/TAP device driver, 1.6
[    3.936887] e100: Intel(R) PRO/100 Network Driver
[    3.937268] e100: Copyright(c) 1999-2006 Intel Corporation
[    3.937753] e1000: Intel(R) PRO/1000 Network Driver
[    3.938146] e1000: Copyright (c) 1999-2006 Intel Corporation.
[    4.094702] ata1: found unknown device (class 0)
[    4.095633] ata1.00: ATA-7: QEMU HARDDISK, 2.5+, max UDMA/100
[    4.096092] ata1.00: 16777216 sectors, multi 16: LBA48 
[    4.096927] ata2: found unknown device (class 0)
[    4.098067] scsi 0:0:0:0: Direct-Access     ATA      QEMU HARDDISK    2.5+ PQ: 0 ANSI: 5
[    4.099871] sd 0:0:0:0: Attached scsi generic sg0 type 0
[    4.100465] sd 0:0:0:0: [sda] 16777216 512-byte logical blocks: (8.59 GB/8.00 GiB)
[    4.101147] sd 0:0:0:0: [sda] Write Protect is off
[    4.101581] sd 0:0:0:0: [sda] Write cache: enabled, read cache: enabled, doesn't support DPO or FUA
[    4.102330] sd 0:0:0:0: [sda] Preferred minimum I/O size 512 bytes
[    4.103337] ata2.00: ATAPI: QEMU DVD-ROM, 2.5+, max UDMA/100
[    4.105786] scsi 1:0:0:0: CD-ROM            QEMU     QEMU DVD-ROM     2.5+ PQ: 0 ANSI: 5
[    4.123980] sd 0:0:0:0: [sda] Attached SCSI disk
[    4.131468] ACPI: \_SB_.LNKC: Enabled at IRQ 11
[    4.139354] scsi 1:0:0:0: Attached scsi generic sg1 type 5
[    4.457828] e1000 0000:00:03.0 eth0: (PCI:33MHz:32-bit) 52:54:00:12:34:56
[    4.458450] e1000 0000:00:03.0 eth0: Intel(R) PRO/1000 Network Connection
[    4.459144] e1000e: Intel(R) PRO/1000 Network Driver
[    4.459549] e1000e: Copyright(c) 1999 - 2015 Intel Corporation.
[    4.460105] igb: Intel(R) Gigabit Ethernet Network Driver
[    4.460542] igb: Copyright (c) 2007-2014 Intel Corporation.
[    4.461100] PPP generic driver version 2.4.2
[    4.462069] VFIO - User Level meta-driver version: 0.3
[    4.462589] ehci_hcd: USB 2.0 'Enhanced' Host Controller (EHCI) Driver
[    4.463125] ehci-pci: EHCI PCI platform driver
[    4.463546] ehci-platform: EHCI generic platform driver
[    4.463996] ohci_hcd: USB 1.1 'Open' Host Controller (OHCI) Driver
[    4.464499] ohci-pci: OHCI PCI platform driver
[    4.464888] ohci-platform: OHCI generic platform driver
[    4.465333] uhci_hcd: USB Universal Host Controller Interface driver
[    4.466193] usbcore: registered new interface driver uas
[    4.466715] usbcore: registered new interface driver usb-storage
[    4.467327] i8042: PNP: PS/2 Controller [PNP0303:KBD,PNP0f13:MOU] at 0x60,0x64 irq 1,12
[    4.468768] serio: i8042 KBD port at 0x60,0x64 irq 1
[    4.469219] serio: i8042 AUX port at 0x60,0x64 irq 12
[    4.470414] mousedev: PS/2 mouse device common for all mice
[    4.471773] input: AT Translated Set 2 keyboard as /devices/platform/i8042/serio0/input/input1
[    4.473705] input: VirtualPS/2 VMware VMMouse as /devices/platform/i8042/serio1/input/input4
[    4.474900] rtc_cmos 00:05: RTC can wake from S4
[    4.475523] input: VirtualPS/2 VMware VMMouse as /devices/platform/i8042/serio1/input/input3
[    4.477247] rtc_cmos 00:05: registered as rtc0
[    4.477688] rtc_cmos 00:05: setting system clock to 2022-12-13T10:33:58 UTC (1670927638)
[    4.478493] rtc_cmos 00:05: alarms up to one day, y3k, 242 bytes nvram, hpet irqs
[    4.479136] i2c_dev: i2c /dev entries driver
[    4.479542] device-mapper: core: CONFIG_IMA_DISABLE_HTABLE is disabled. Duplicate IMA measurements will not be recorded in the IMA log.
[    4.480608] device-mapper: uevent: version 1.0.3
[    4.481278] device-mapper: ioctl: 4.47.0-ioctl (2022-07-28) initialised: dm-devel@redhat.com
[    4.481973] intel_pstate: CPU model not supported
[    4.482482] sdhci: Secure Digital Host Controller Interface driver
[    4.483003] sdhci: Copyright(c) Pierre Ossman
[    4.483437] sdhci-pltfm: SDHCI platform and OF driver helper
[    4.483968] ledtrig-cpu: registered to indicate activity on CPUs
[    4.484974] drop_monitor: Initializing network drop monitor service
[    4.486315] NET: Registered PF_INET6 protocol family
[    4.488988] Segment Routing with IPv6
[    4.489330] In-situ OAM (IOAM) with IPv6
[    4.489702] NET: Registered PF_PACKET protocol family
[    4.490400] 9pnet: Installing 9P2000 support
[    4.490864] Key type dns_resolver registered
[    4.492202] IPI shorthand broadcast: enabled
[    4.492641] sched_clock: Marking stable (4479722327, 12148886)->(4502853280, -10982067)
[    4.493962] registered taskstats version 1
[    4.494496] Loading compiled-in X.509 certificates
[    4.495333] zswap: loaded using pool lzo/zbud
[    4.496651] Key type ._fscrypt registered
[    4.496975] Key type .fscrypt registered
[    4.497287] Key type fscrypt-provisioning registered
[    4.499076] Key type encrypted registered
[    4.499543] ima: No TPM chip found, activating TPM-bypass!
[    4.500006] ima: Allocated hash algorithm: sha1
[    4.500432] ima: No architecture policies found
[    4.500863] evm: Initialising EVM extended attributes:
[    4.501277] evm: security.selinux
[    4.501553] evm: security.SMACK64
[    4.501821] evm: security.SMACK64EXEC
[    4.502117] evm: security.SMACK64TRANSMUTE
[    4.502450] evm: security.SMACK64MMAP
[    4.502769] evm: security.apparmor
[    4.503049] evm: security.ima
[    4.503291] evm: security.capability
[    4.503583] evm: HMAC attrs: 0x1
[    4.510129] PM:   Magic number: 2:104:578
[    4.510592] platform pcspkr: hash matches
[    4.511403] RAS: Correctable Errors collector initialized.
[    4.513359] md: Waiting for all devices to be available before autodetect
[    4.513746] md: If you don't use raid, use raid=noautodetect
[    4.514070] md: Autodetecting RAID arrays.
[    4.514316] md: autorun ...
[    4.514483] md: ... autorun DONE.
[    4.520192] EXT4-fs (sda): mounted filesystem with ordered data mode. Quota mode: none.
[    4.520759] VFS: Mounted root (ext4 filesystem) readonly on device 8:0.
[    4.522873] devtmpfs: mounted
[    4.533330] Freeing unused decrypted memory: 2036K
[    4.535500] Freeing unused kernel image (initmem) memory: 3644K
[    4.538715] Write protecting the kernel read-only data: 43008k
[    4.542084] Freeing unused kernel image (text/rodata gap) memory: 2028K
[    4.542662] Freeing unused kernel image (rodata/data gap) memory: 124K
[    4.659138] x86/mm: Checked W+X mappings: passed, no W+X pages found.
[    4.659490] Run /sbin/init as init process
[    4.746410] systemd[1]: RTC configured in localtime, applying delta of 0 minutes to system time.
[    4.773505] systemd[1]: systemd 239 (239-49.el8) running in system mode. (+PAM +AUDIT +SELINUX +IMA -APPARMOR +SMACK +SYSVINIT +UTMP +LIBCRYPTSETUP +GCRYPT +GNUTLS +ACL +XZ +LZ4 +SECCOMP +BLKID +ELFUTILS +KMOD +IDN2 -IDN +PCRE2 default-hierarchy=legacy)
[    4.774937] systemd[1]: Detected virtualization kvm.
[    4.775218] systemd[1]: Detected architecture x86-64.

Welcome to [0;31mCentOS Stream 8[0m!

[    4.795797] systemd[1]: Set hostname to <test>.
[    6.738648] random: crng init done
[    6.832662] systemd[1]: Listening on LVM2 poll daemon socket.
[[0;32m  OK  [0m] Listening on LVM2 poll daemon socket.
[    6.833915] systemd[1]: Listening on initctl Compatibility Named Pipe.
[[0;32m  OK  [0m] Listening on initctl Compatibility Named Pipe.
[    6.836939] systemd[1]: Created slice User and Session Slice.
[[0;32m  OK  [0m] Created slice User and Session Slice.
[    6.837946] systemd[1]: Listening on udev Kernel Socket.
[[0;32m  OK  [0m] Listening on udev Kernel Socket.
[    6.839275] systemd[1]: Listening on RPCbind Server Activation Socket.
[[0;32m  OK  [0m] Listening on RPCbind Server Activation Socket.
[    6.840309] systemd[1]: Listening on Device-mapper event daemon FIFOs.
[[0;32m  OK  [0m] Listening on Device-mapper event daemon FIFOs.
[[0;32m  OK  [0m] Listening on Process Core Dump Socket.
[[0;32m  OK  [0m] Set up automount Arbitrary Executabâ€¦rmats File System Automount Point.
[[0;32m  OK  [0m] Listening on multipathd control socket.
[[0;32m  OK  [0m] Created slice system-sshd\x2dkeygen.slice.
[[0;32m  OK  [0m] Started Forward Password Requests to Wall Directory Watch.
[[0;32m  OK  [0m] Reached target Swap.
[[0;32m  OK  [0m] Reached target RPC Port Mapper.
[[0;32m  OK  [0m] Listening on Journal Socket (/dev/log).
[[0;32m  OK  [0m] Created slice system-serial\x2dgetty.slice.
[[0;32m  OK  [0m] Listening on Journal Socket.
         Mounting Huge Pages File System...
         Starting Load Kernel Modules...
         Mounting POSIX Message Queue File System...
         Starting Setup Virtual Console...
         Mounting Kernel Debug File System...
[[0;32m  OK  [0m] Created slice system-getty.slice.
[[0;32m  OK  [0m] Reached target Slices.
         Starting Journal Service...
         Starting Remount Root and Kernel File Systems...
[[0;32m  OK  [0m] Listening on udev Control Socket.
         Starting udev Coldplug all Devices...
         Starting Monitoring of LVM2 mirrorsâ€¦ng dmeventd or progress polling...
[[0;32m  OK  [0m] Mounted Huge Pages File System.
[[0;1;31mFAILED[0m] Failed to start Load Kernel Modules.
See 'systemctl status systemd-modules-load.service' for details.
[[0;32m  OK  [0m] Started Journal Service.
[[0;32m  OK  [0m] Mounted POSIX Message Queue File System.
[[0;32m  OK  [0m] Mounted Kernel Debug File System.
[    7.191430] EXT4-fs (sda): re-mounted. Quota mode: none.
         Mounting FUSE Control File System...
         Mounting Kernel Configuration File System...
         Starting Apply Kernel Variables...
[[0;32m  OK  [0m] Started Remount Root and Kernel File Systems.
[[0;32m  OK  [0m] Started Setup Virtual Console.
[[0;32m  OK  [0m] Mounted FUSE Control File System.
[[0;32m  OK  [0m] Mounted Kernel Configuration File System.
[[0;32m  OK  [0m] Started Apply Kernel Variables.
         Starting Flush Journal to Persistent Storage...
         Starting Load/Save Random Seed...
         Starting Create Static Device Nodes in /dev...
[[0;32m  OK  [0m] Started Load/Save Random Seed.
[[0;32m  OK  [0m] Started Flush Journal to Persistent Storage.
[[0;32m  OK  [0m] Started Create Static Device Nodes in /dev.
         Starting udev Kernel Device Manager...
[[0;32m  OK  [0m] Started udev Coldplug all Devices.
[[0;32m  OK  [0m] Started udev Kernel Device Manager.
         Starting udev Wait for Complete Device Initialization...
         Starting Show Plymouth Boot Screen...
[[0;32m  OK  [0m] Started Show Plymouth Boot Screen.
[[0;32m  OK  [0m] Reached target Paths.
[[0;32m  OK  [0m] Reached target Local Encrypted Volumes.
[[0;32m  OK  [0m] Started Forward Password Requests to Plymouth Directory Watch.
[[0;32m  OK  [0m] Found device /dev/ttyS0.
[[0;32m  OK  [0m] Started Monitoring of LVM2 mirrors,â€¦sing dmeventd or progress polling.
[[0;32m  OK  [0m] Started udev Wait for Complete Device Initialization.
[[0;32m  OK  [0m] Listening on Load/Save RF Kill Switch Status /dev/rfkill Watch.
[[0;32m  OK  [0m] Reached target Local File Systems (Pre).
[[0;32m  OK  [0m] Reached target Local File Systems.
         Starting Restore /run/initramfs on shutdown...
         Starting Create Volatile Files and Directories...
         Starting Tell Plymouth To Write Out Runtime Data...
[[0;32m  OK  [0m] Started Restore /run/initramfs on shutdown.
[[0;32m  OK  [0m] Started Tell Plymouth To Write Out Runtime Data.
[[0;32m  OK  [0m] Started Create Volatile Files and Directories.
         Mounting RPC Pipe File System...
         Starting Security Auditing Service...
         Starting RPC Bind...
[[0;32m  OK  [0m] Mounted RPC Pipe File System.
[[0;32m  OK  [0m] Reached target rpc_pipefs.target.
[[0;32m  OK  [0m] Started RPC Bind.
[[0;32m  OK  [0m] Started Security Auditing Service.
         Starting Update UTMP about System Boot/Shutdown...
[[0;32m  OK  [0m] Started Update UTMP about System Boot/Shutdown.
[[0;32m  OK  [0m] Reached target System Initialization.
[[0;32m  OK  [0m] Listening on SSSD Kerberos Cache Manager responder socket.
[[0;32m  OK  [0m] Listening on D-Bus System Message Bus Socket.
[[0;32m  OK  [0m] Reached target Sockets.
[[0;32m  OK  [0m] Started dnf makecache --timer.
[[0;32m  OK  [0m] Started daily update of the root trust anchor for DNSSEC.
[[0;32m  OK  [0m] Reached target Basic System.
[[0;32m  OK  [0m] Started irqbalance daemon.
[[0;32m  OK  [0m] Reached target sshd-keygen.target.
[[0;32m  OK  [0m] Started D-Bus System Message Bus.
         Starting Network Manager...
         Starting Authorization Manager...
         Starting NTP client/server...
         Starting Self Monitoring and Reporting Technology (SMART) Daemon...
         Starting Login Service...
[[0;32m  OK  [0m] Started Machine Check Exception Logging Daemon.
         Starting Auto-connect to subsystemsâ€¦-NVME devices found during boot...
[[0;32m  OK  [0m] Started Daily Cleanup of Temporary Directories.
[[0;32m  OK  [0m] Reached target Timers.
[[0;32m  OK  [0m] Started Auto-connect to subsystems â€¦FC-NVME devices found during boot.
         Starting update of the root trust aâ€¦or DNSSEC validation in unbound...
[[0;32m  OK  [0m] Started Self Monitoring and Reporting Technology (SMART) Daemon.
[[0;32m  OK  [0m] Started update of the root trust anâ€¦ for DNSSEC validation in unbound.
[[0;32m  OK  [0m] Started Network Manager.
         Starting Network Manager Wait Online...
[[0;32m  OK  [0m] Reached target Network.
         Starting OpenSSH server daemon...
         Starting GSSAPI Proxy Daemon...
         Starting Dynamic System Tuning Daemon...
[[0;32m  OK  [0m] Started NTP client/server.
[[0;32m  OK  [0m] Started Login Service.
[[0;32m  OK  [0m] Started OpenSSH server daemon.
         Starting Hostname Service...
[[0;32m  OK  [0m] Started Authorization Manager.
[[0;32m  OK  [0m] Started GSSAPI Proxy Daemon.
[[0;32m  OK  [0m] Reached target NFS client services.
[[0;32m  OK  [0m] Reached target Remote File Systems (Pre).
[[0;32m  OK  [0m] Reached target Remote File Systems.
         Starting Permit User Sessions...
[[0;32m  OK  [0m] Started Permit User Sessions.
         Starting Hold until boot process finishes up...
[[0;32m  OK  [0m] Started Command Scheduler.
         Starting Terminate Plymouth Boot Screen...
[    9.378801] e1000: eth0 NIC Link is Up 1000 Mbps Full Duplex, Flow Control: RX
[    9.379683] IPv6: ADDRCONF(NETDEV_CHANGE): eth0: link becomes ready
[    9.527186] Spectre V2 : WARNING: Unprivileged eBPF is enabled with eIBRS on, data leaks possible via Spectre v2 BHB attacks!
[    9.527905] Spectre V2 : WARNING: Unprivileged eBPF is enabled with eIBRS on, data leaks possible via Spectre v2 BHB attacks!

CentOS Stream 8
Kernel 5.19.0-798cd57cd5f8+ on an x86_64

test login: [   28.501358] warning: checkpointing journal with EXT4_IOC_CHECKPOINT_FLAG_ZEROOUT can be slow
[   28.774129] warning: checkpointing journal with EXT4_IOC_CHECKPOINT_FLAG_ZEROOUT can be slow
[   29.003630] warning: checkpointing journal with EXT4_IOC_CHECKPOINT_FLAG_ZEROOUT can be slow
[   29.230259] warning: checkpointing journal with EXT4_IOC_CHECKPOINT_FLAG_ZEROOUT can be slow
[   29.456066] warning: checkpointing journal with EXT4_IOC_CHECKPOINT_FLAG_ZEROOUT can be slow
[   29.680104] warning: checkpointing journal with EXT4_IOC_CHECKPOINT_FLAG_ZEROOUT can be slow
[   29.904264] warning: checkpointing journal with EXT4_IOC_CHECKPOINT_FLAG_ZEROOUT can be slow
[   30.160871] warning: checkpointing journal with EXT4_IOC_CHECKPOINT_FLAG_ZEROOUT can be slow
[   30.483893] warning: checkpointing journal with EXT4_IOC_CHECKPOINT_FLAG_ZEROOUT can be slow
[   30.710283] warning: checkpointing journal with EXT4_IOC_CHECKPOINT_FLAG_ZEROOUT can be slow
[   33.649384] ext4_ioctl_checkpoint: 12 callbacks suppressed
[   33.649397] warning: checkpointing journal with EXT4_IOC_CHECKPOINT_FLAG_ZEROOUT can be slow
[   33.872485] warning: checkpointing journal with EXT4_IOC_CHECKPOINT_FLAG_ZEROOUT can be slow
[   34.095043] warning: checkpointing journal with EXT4_IOC_CHECKPOINT_FLAG_ZEROOUT can be slow
[   34.317044] warning: checkpointing journal with EXT4_IOC_CHECKPOINT_FLAG_ZEROOUT can be slow
[   34.538166] warning: checkpointing journal with EXT4_IOC_CHECKPOINT_FLAG_ZEROOUT can be slow
[   34.759462] warning: checkpointing journal with EXT4_IOC_CHECKPOINT_FLAG_ZEROOUT can be slow
[   34.981195] warning: checkpointing journal with EXT4_IOC_CHECKPOINT_FLAG_ZEROOUT can be slow
[   35.203455] warning: checkpointing journal with EXT4_IOC_CHECKPOINT_FLAG_ZEROOUT can be slow
[   35.425466] warning: checkpointing journal with EXT4_IOC_CHECKPOINT_FLAG_ZEROOUT can be slow
[   35.647396] warning: checkpointing journal with EXT4_IOC_CHECKPOINT_FLAG_ZEROOUT can be slow
[   38.746341] ext4_ioctl_checkpoint: 13 callbacks suppressed
[   38.746354] warning: checkpointing journal with EXT4_IOC_CHECKPOINT_FLAG_ZEROOUT can be slow
[   38.967163] warning: checkpointing journal with EXT4_IOC_CHECKPOINT_FLAG_ZEROOUT can be slow
[   39.188173] warning: checkpointing journal with EXT4_IOC_CHECKPOINT_FLAG_ZEROOUT can be slow
[   39.410223] warning: checkpointing journal with EXT4_IOC_CHECKPOINT_FLAG_ZEROOUT can be slow
[   39.639384] warning: checkpointing journal with EXT4_IOC_CHECKPOINT_FLAG_ZEROOUT can be slow
[   39.864303] warning: checkpointing journal with EXT4_IOC_CHECKPOINT_FLAG_ZEROOUT can be slow
[   40.088627] warning: checkpointing journal with EXT4_IOC_CHECKPOINT_FLAG_ZEROOUT can be slow
[   40.311530] warning: checkpointing journal with EXT4_IOC_CHECKPOINT_FLAG_ZEROOUT can be slow
[   40.532829] warning: checkpointing journal with EXT4_IOC_CHECKPOINT_FLAG_ZEROOUT can be slow
[   40.754246] warning: checkpointing journal with EXT4_IOC_CHECKPOINT_FLAG_ZEROOUT can be slow
[   43.865453] ext4_ioctl_checkpoint: 13 callbacks suppressed
[   43.865466] warning: checkpointing journal with EXT4_IOC_CHECKPOINT_FLAG_ZEROOUT can be slow
[   44.092124] warning: checkpointing journal with EXT4_IOC_CHECKPOINT_FLAG_ZEROOUT can be slow
[   44.317310] warning: checkpointing journal with EXT4_IOC_CHECKPOINT_FLAG_ZEROOUT can be slow
[   44.541161] warning: checkpointing journal with EXT4_IOC_CHECKPOINT_FLAG_ZEROOUT can be slow
[   44.764549] warning: checkpointing journal with EXT4_IOC_CHECKPOINT_FLAG_ZEROOUT can be slow
[   44.987396] warning: checkpointing journal with EXT4_IOC_CHECKPOINT_FLAG_ZEROOUT can be slow
[   45.211927] warning: checkpointing journal with EXT4_IOC_CHECKPOINT_FLAG_ZEROOUT can be slow
[   45.433956] warning: checkpointing journal with EXT4_IOC_CHECKPOINT_FLAG_ZEROOUT can be slow
[   45.655709] warning: checkpointing journal with EXT4_IOC_CHECKPOINT_FLAG_ZEROOUT can be slow
[   45.878403] warning: checkpointing journal with EXT4_IOC_CHECKPOINT_FLAG_ZEROOUT can be slow
[   48.995266] ext4_ioctl_checkpoint: 13 callbacks suppressed
[   48.995279] warning: checkpointing journal with EXT4_IOC_CHECKPOINT_FLAG_ZEROOUT can be slow
[   49.219747] warning: checkpointing journal with EXT4_IOC_CHECKPOINT_FLAG_ZEROOUT can be slow
[   49.443127] warning: checkpointing journal with EXT4_IOC_CHECKPOINT_FLAG_ZEROOUT can be slow
[   49.667414] warning: checkpointing journal with EXT4_IOC_CHECKPOINT_FLAG_ZEROOUT can be slow
[   49.892601] warning: checkpointing journal with EXT4_IOC_CHECKPOINT_FLAG_ZEROOUT can be slow
[   50.117880] warning: checkpointing journal with EXT4_IOC_CHECKPOINT_FLAG_ZEROOUT can be slow
[   50.342968] warning: checkpointing journal with EXT4_IOC_CHECKPOINT_FLAG_ZEROOUT can be slow
[   50.568476] warning: checkpointing journal with EXT4_IOC_CHECKPOINT_FLAG_ZEROOUT can be slow
[   50.793515] warning: checkpointing journal with EXT4_IOC_CHECKPOINT_FLAG_ZEROOUT can be slow
[   51.018753] warning: checkpointing journal with EXT4_IOC_CHECKPOINT_FLAG_ZEROOUT can be slow
[   54.162442] ext4_ioctl_checkpoint: 13 callbacks suppressed
[   54.162454] warning: checkpointing journal with EXT4_IOC_CHECKPOINT_FLAG_ZEROOUT can be slow
[   54.385767] warning: checkpointing journal with EXT4_IOC_CHECKPOINT_FLAG_ZEROOUT can be slow
[   54.607827] warning: checkpointing journal with EXT4_IOC_CHECKPOINT_FLAG_ZEROOUT can be slow
[   54.830630] warning: checkpointing journal with EXT4_IOC_CHECKPOINT_FLAG_ZEROOUT can be slow
[   55.052068] warning: checkpointing journal with EXT4_IOC_CHECKPOINT_FLAG_ZEROOUT can be slow
[   55.273989] warning: checkpointing journal with EXT4_IOC_CHECKPOINT_FLAG_ZEROOUT can be slow
[   55.496001] warning: checkpointing journal with EXT4_IOC_CHECKPOINT_FLAG_ZEROOUT can be slow
[   55.719340] warning: checkpointing journal with EXT4_IOC_CHECKPOINT_FLAG_ZEROOUT can be slow
[   55.942498] warning: checkpointing journal with EXT4_IOC_CHECKPOINT_FLAG_ZEROOUT can be slow
[   56.164613] warning: checkpointing journal with EXT4_IOC_CHECKPOINT_FLAG_ZEROOUT can be slow
[   59.172849] ext4_ioctl_checkpoint: 12 callbacks suppressed
[   59.172860] warning: checkpointing journal with EXT4_IOC_CHECKPOINT_FLAG_ZEROOUT can be slow
[   59.395392] warning: checkpointing journal with EXT4_IOC_CHECKPOINT_FLAG_ZEROOUT can be slow
[   59.618070] warning: checkpointing journal with EXT4_IOC_CHECKPOINT_FLAG_ZEROOUT can be slow
[   59.840310] warning: checkpointing journal with EXT4_IOC_CHECKPOINT_FLAG_ZEROOUT can be slow
[   60.061817] warning: checkpointing journal with EXT4_IOC_CHECKPOINT_FLAG_ZEROOUT can be slow
[   60.284142] warning: checkpointing journal with EXT4_IOC_CHECKPOINT_FLAG_ZEROOUT can be slow
[   60.505960] warning: checkpointing journal with EXT4_IOC_CHECKPOINT_FLAG_ZEROOUT can be slow
[   60.728286] warning: checkpointing journal with EXT4_IOC_CHECKPOINT_FLAG_ZEROOUT can be slow
[   60.952229] warning: checkpointing journal with EXT4_IOC_CHECKPOINT_FLAG_ZEROOUT can be slow
[   61.177440] warning: checkpointing journal with EXT4_IOC_CHECKPOINT_FLAG_ZEROOUT can be slow
[   64.321812] ext4_ioctl_checkpoint: 13 callbacks suppressed
[   64.321825] warning: checkpointing journal with EXT4_IOC_CHECKPOINT_FLAG_ZEROOUT can be slow
[   64.544519] warning: checkpointing journal with EXT4_IOC_CHECKPOINT_FLAG_ZEROOUT can be slow
[   64.766804] warning: checkpointing journal with EXT4_IOC_CHECKPOINT_FLAG_ZEROOUT can be slow
[   64.987922] warning: checkpointing journal with EXT4_IOC_CHECKPOINT_FLAG_ZEROOUT can be slow
[   65.209742] warning: checkpointing journal with EXT4_IOC_CHECKPOINT_FLAG_ZEROOUT can be slow
[   65.432087] warning: checkpointing journal with EXT4_IOC_CHECKPOINT_FLAG_ZEROOUT can be slow
[   65.653679] warning: checkpointing journal with EXT4_IOC_CHECKPOINT_FLAG_ZEROOUT can be slow
[   65.876087] warning: checkpointing journal with EXT4_IOC_CHECKPOINT_FLAG_ZEROOUT can be slow
[   66.098734] warning: checkpointing journal with EXT4_IOC_CHECKPOINT_FLAG_ZEROOUT can be slow
[   66.327878] warning: checkpointing journal with EXT4_IOC_CHECKPOINT_FLAG_ZEROOUT can be slow
[   69.503241] ext4_ioctl_checkpoint: 13 callbacks suppressed
[   69.503253] warning: checkpointing journal with EXT4_IOC_CHECKPOINT_FLAG_ZEROOUT can be slow
[   69.727877] warning: checkpointing journal with EXT4_IOC_CHECKPOINT_FLAG_ZEROOUT can be slow
[   69.951227] warning: checkpointing journal with EXT4_IOC_CHECKPOINT_FLAG_ZEROOUT can be slow
[   70.175060] warning: checkpointing journal with EXT4_IOC_CHECKPOINT_FLAG_ZEROOUT can be slow
[   70.399949] warning: checkpointing journal with EXT4_IOC_CHECKPOINT_FLAG_ZEROOUT can be slow
[   70.624509] warning: checkpointing journal with EXT4_IOC_CHECKPOINT_FLAG_ZEROOUT can be slow
[   70.849172] warning: checkpointing journal with EXT4_IOC_CHECKPOINT_FLAG_ZEROOUT can be slow
[   71.073853] warning: checkpointing journal with EXT4_IOC_CHECKPOINT_FLAG_ZEROOUT can be slow
[   71.298081] warning: checkpointing journal with EXT4_IOC_CHECKPOINT_FLAG_ZEROOUT can be slow
[   71.524070] warning: checkpointing journal with EXT4_IOC_CHECKPOINT_FLAG_ZEROOUT can be slow
[   74.660365] ext4_ioctl_checkpoint: 13 callbacks suppressed
[   74.660378] warning: checkpointing journal with EXT4_IOC_CHECKPOINT_FLAG_ZEROOUT can be slow
[   74.886321] warning: checkpointing journal with EXT4_IOC_CHECKPOINT_FLAG_ZEROOUT can be slow
[   75.112040] warning: checkpointing journal with EXT4_IOC_CHECKPOINT_FLAG_ZEROOUT can be slow
[   75.338638] warning: checkpointing journal with EXT4_IOC_CHECKPOINT_FLAG_ZEROOUT can be slow
[   75.565579] warning: checkpointing journal with EXT4_IOC_CHECKPOINT_FLAG_ZEROOUT can be slow
[   75.792971] warning: checkpointing journal with EXT4_IOC_CHECKPOINT_FLAG_ZEROOUT can be slow
[   76.020214] warning: checkpointing journal with EXT4_IOC_CHECKPOINT_FLAG_ZEROOUT can be slow
[   76.247480] warning: checkpointing journal with EXT4_IOC_CHECKPOINT_FLAG_ZEROOUT can be slow
[   76.473408] warning: checkpointing journal with EXT4_IOC_CHECKPOINT_FLAG_ZEROOUT can be slow
[   76.699337] warning: checkpointing journal with EXT4_IOC_CHECKPOINT_FLAG_ZEROOUT can be slow
[   79.845917] ext4_ioctl_checkpoint: 13 callbacks suppressed
[   79.845930] warning: checkpointing journal with EXT4_IOC_CHECKPOINT_FLAG_ZEROOUT can be slow
[   80.070424] warning: checkpointing journal with EXT4_IOC_CHECKPOINT_FLAG_ZEROOUT can be slow
[   80.294878] warning: checkpointing journal with EXT4_IOC_CHECKPOINT_FLAG_ZEROOUT can be slow
[   80.520236] warning: checkpointing journal with EXT4_IOC_CHECKPOINT_FLAG_ZEROOUT can be slow
[   80.745670] warning: checkpointing journal with EXT4_IOC_CHECKPOINT_FLAG_ZEROOUT can be slow
[   80.970348] warning: checkpointing journal with EXT4_IOC_CHECKPOINT_FLAG_ZEROOUT can be slow
[   81.195343] warning: checkpointing journal with EXT4_IOC_CHECKPOINT_FLAG_ZEROOUT can be slow
[   81.419631] warning: checkpointing journal with EXT4_IOC_CHECKPOINT_FLAG_ZEROOUT can be slow
[   81.646182] warning: checkpointing journal with EXT4_IOC_CHECKPOINT_FLAG_ZEROOUT can be slow
[   81.871054] warning: checkpointing journal with EXT4_IOC_CHECKPOINT_FLAG_ZEROOUT can be slow
[   84.856322] ext4_ioctl_checkpoint: 12 callbacks suppressed
[   84.856335] warning: checkpointing journal with EXT4_IOC_CHECKPOINT_FLAG_ZEROOUT can be slow
[   85.082649] warning: checkpointing journal with EXT4_IOC_CHECKPOINT_FLAG_ZEROOUT can be slow
[   85.308680] warning: checkpointing journal with EXT4_IOC_CHECKPOINT_FLAG_ZEROOUT can be slow
[   85.535388] warning: checkpointing journal with EXT4_IOC_CHECKPOINT_FLAG_ZEROOUT can be slow
[   85.761989] warning: checkpointing journal with EXT4_IOC_CHECKPOINT_FLAG_ZEROOUT can be slow
[   85.989931] warning: checkpointing journal with EXT4_IOC_CHECKPOINT_FLAG_ZEROOUT can be slow
[   86.217680] warning: checkpointing journal with EXT4_IOC_CHECKPOINT_FLAG_ZEROOUT can be slow
[   86.443791] warning: checkpointing journal with EXT4_IOC_CHECKPOINT_FLAG_ZEROOUT can be slow
[   86.669499] warning: checkpointing journal with EXT4_IOC_CHECKPOINT_FLAG_ZEROOUT can be slow
[   86.895560] warning: checkpointing journal with EXT4_IOC_CHECKPOINT_FLAG_ZEROOUT can be slow
[   90.068031] ext4_ioctl_checkpoint: 13 callbacks suppressed
[   90.068044] warning: checkpointing journal with EXT4_IOC_CHECKPOINT_FLAG_ZEROOUT can be slow
[   90.295667] warning: checkpointing journal with EXT4_IOC_CHECKPOINT_FLAG_ZEROOUT can be slow
[   90.522008] warning: checkpointing journal with EXT4_IOC_CHECKPOINT_FLAG_ZEROOUT can be slow
[   90.748134] warning: checkpointing journal with EXT4_IOC_CHECKPOINT_FLAG_ZEROOUT can be slow
[   90.973447] warning: checkpointing journal with EXT4_IOC_CHECKPOINT_FLAG_ZEROOUT can be slow
[   91.198431] warning: checkpointing journal with EXT4_IOC_CHECKPOINT_FLAG_ZEROOUT can be slow
[   91.422899] warning: checkpointing journal with EXT4_IOC_CHECKPOINT_FLAG_ZEROOUT can be slow
[   91.646074] warning: checkpointing journal with EXT4_IOC_CHECKPOINT_FLAG_ZEROOUT can be slow
[   91.870154] warning: checkpointing journal with EXT4_IOC_CHECKPOINT_FLAG_ZEROOUT can be slow
[   92.093735] warning: checkpointing journal with EXT4_IOC_CHECKPOINT_FLAG_ZEROOUT can be slow
[   95.235398] ext4_ioctl_checkpoint: 13 callbacks suppressed
[   95.235410] warning: checkpointing journal with EXT4_IOC_CHECKPOINT_FLAG_ZEROOUT can be slow
[   95.460640] warning: checkpointing journal with EXT4_IOC_CHECKPOINT_FLAG_ZEROOUT can be slow
[   95.686451] warning: checkpointing journal with EXT4_IOC_CHECKPOINT_FLAG_ZEROOUT can be slow
[   95.913496] warning: checkpointing journal with EXT4_IOC_CHECKPOINT_FLAG_ZEROOUT can be slow
[   96.139892] warning: checkpointing journal with EXT4_IOC_CHECKPOINT_FLAG_ZEROOUT can be slow
[   96.367587] warning: checkpointing journal with EXT4_IOC_CHECKPOINT_FLAG_ZEROOUT can be slow
[   96.594154] warning: checkpointing journal with EXT4_IOC_CHECKPOINT_FLAG_ZEROOUT can be slow
[   96.820568] warning: checkpointing journal with EXT4_IOC_CHECKPOINT_FLAG_ZEROOUT can be slow
[   97.046401] warning: checkpointing journal with EXT4_IOC_CHECKPOINT_FLAG_ZEROOUT can be slow
[   97.272924] warning: checkpointing journal with EXT4_IOC_CHECKPOINT_FLAG_ZEROOUT can be slow
[  100.443063] ext4_ioctl_checkpoint: 13 callbacks suppressed
[  100.443076] warning: checkpointing journal with EXT4_IOC_CHECKPOINT_FLAG_ZEROOUT can be slow
[  100.669907] warning: checkpointing journal with EXT4_IOC_CHECKPOINT_FLAG_ZEROOUT can be slow
[  100.897615] warning: checkpointing journal with EXT4_IOC_CHECKPOINT_FLAG_ZEROOUT can be slow
[  101.126891] warning: checkpointing journal with EXT4_IOC_CHECKPOINT_FLAG_ZEROOUT can be slow
[  101.354025] warning: checkpointing journal with EXT4_IOC_CHECKPOINT_FLAG_ZEROOUT can be slow
[  101.581473] warning: checkpointing journal with EXT4_IOC_CHECKPOINT_FLAG_ZEROOUT can be slow
[  101.808711] warning: checkpointing journal with EXT4_IOC_CHECKPOINT_FLAG_ZEROOUT can be slow
[  102.036418] warning: checkpointing journal with EXT4_IOC_CHECKPOINT_FLAG_ZEROOUT can be slow
[  102.263936] warning: checkpointing journal with EXT4_IOC_CHECKPOINT_FLAG_ZEROOUT can be slow
[  102.491363] warning: checkpointing journal with EXT4_IOC_CHECKPOINT_FLAG_ZEROOUT can be slow
[  105.631700] ext4_ioctl_checkpoint: 13 callbacks suppressed
[  105.631713] warning: checkpointing journal with EXT4_IOC_CHECKPOINT_FLAG_ZEROOUT can be slow
[  105.860479] warning: checkpointing journal with EXT4_IOC_CHECKPOINT_FLAG_ZEROOUT can be slow
[  106.088996] warning: checkpointing journal with EXT4_IOC_CHECKPOINT_FLAG_ZEROOUT can be slow
[  106.318809] warning: checkpointing journal with EXT4_IOC_CHECKPOINT_FLAG_ZEROOUT can be slow
[  106.546249] warning: checkpointing journal with EXT4_IOC_CHECKPOINT_FLAG_ZEROOUT can be slow
[  106.774138] warning: checkpointing journal with EXT4_IOC_CHECKPOINT_FLAG_ZEROOUT can be slow
[  107.001746] warning: checkpointing journal with EXT4_IOC_CHECKPOINT_FLAG_ZEROOUT can be slow
[  107.229824] warning: checkpointing journal with EXT4_IOC_CHECKPOINT_FLAG_ZEROOUT can be slow
[  107.460934] warning: checkpointing journal with EXT4_IOC_CHECKPOINT_FLAG_ZEROOUT can be slow
[  107.689125] warning: checkpointing journal with EXT4_IOC_CHECKPOINT_FLAG_ZEROOUT can be slow
[  110.661188] ext4_ioctl_checkpoint: 12 callbacks suppressed
[  110.661202] warning: checkpointing journal with EXT4_IOC_CHECKPOINT_FLAG_ZEROOUT can be slow
[  110.890829] warning: checkpointing journal with EXT4_IOC_CHECKPOINT_FLAG_ZEROOUT can be slow
[  111.119240] warning: checkpointing journal with EXT4_IOC_CHECKPOINT_FLAG_ZEROOUT can be slow
[  111.347321] warning: checkpointing journal with EXT4_IOC_CHECKPOINT_FLAG_ZEROOUT can be slow
[  111.574680] warning: checkpointing journal with EXT4_IOC_CHECKPOINT_FLAG_ZEROOUT can be slow
[  111.802689] warning: checkpointing journal with EXT4_IOC_CHECKPOINT_FLAG_ZEROOUT can be slow
[  112.029723] warning: checkpointing journal with EXT4_IOC_CHECKPOINT_FLAG_ZEROOUT can be slow
[  112.256477] warning: checkpointing journal with EXT4_IOC_CHECKPOINT_FLAG_ZEROOUT can be slow
[  112.482206] warning: checkpointing journal with EXT4_IOC_CHECKPOINT_FLAG_ZEROOUT can be slow
[  112.707401] warning: checkpointing journal with EXT4_IOC_CHECKPOINT_FLAG_ZEROOUT can be slow
[  115.698794] ext4_ioctl_checkpoint: 12 callbacks suppressed
[  115.698807] warning: checkpointing journal with EXT4_IOC_CHECKPOINT_FLAG_ZEROOUT can be slow
[  115.930318] warning: checkpointing journal with EXT4_IOC_CHECKPOINT_FLAG_ZEROOUT can be slow
[  116.161191] warning: checkpointing journal with EXT4_IOC_CHECKPOINT_FLAG_ZEROOUT can be slow
[  116.387275] warning: checkpointing journal with EXT4_IOC_CHECKPOINT_FLAG_ZEROOUT can be slow
[  116.611745] warning: checkpointing journal with EXT4_IOC_CHECKPOINT_FLAG_ZEROOUT can be slow
[  116.836933] warning: checkpointing journal with EXT4_IOC_CHECKPOINT_FLAG_ZEROOUT can be slow
[  117.063289] warning: checkpointing journal with EXT4_IOC_CHECKPOINT_FLAG_ZEROOUT can be slow
[  117.289291] warning: checkpointing journal with EXT4_IOC_CHECKPOINT_FLAG_ZEROOUT can be slow
[  117.516256] warning: checkpointing journal with EXT4_IOC_CHECKPOINT_FLAG_ZEROOUT can be slow
[  117.743147] warning: checkpointing journal with EXT4_IOC_CHECKPOINT_FLAG_ZEROOUT can be slow
[  120.912487] ext4_ioctl_checkpoint: 13 callbacks suppressed
[  120.912501] warning: checkpointing journal with EXT4_IOC_CHECKPOINT_FLAG_ZEROOUT can be slow
[  121.139637] warning: checkpointing journal with EXT4_IOC_CHECKPOINT_FLAG_ZEROOUT can be slow
[  121.365206] warning: checkpointing journal with EXT4_IOC_CHECKPOINT_FLAG_ZEROOUT can be slow
[  121.591686] warning: checkpointing journal with EXT4_IOC_CHECKPOINT_FLAG_ZEROOUT can be slow
[  121.818041] warning: checkpointing journal with EXT4_IOC_CHECKPOINT_FLAG_ZEROOUT can be slow
[  122.045010] warning: checkpointing journal with EXT4_IOC_CHECKPOINT_FLAG_ZEROOUT can be slow
[  122.272129] warning: checkpointing journal with EXT4_IOC_CHECKPOINT_FLAG_ZEROOUT can be slow
[  122.499440] warning: checkpointing journal with EXT4_IOC_CHECKPOINT_FLAG_ZEROOUT can be slow
[  122.726836] warning: checkpointing journal with EXT4_IOC_CHECKPOINT_FLAG_ZEROOUT can be slow
[  122.954636] warning: checkpointing journal with EXT4_IOC_CHECKPOINT_FLAG_ZEROOUT can be slow
[  126.136750] ext4_ioctl_checkpoint: 13 callbacks suppressed
[  126.136763] warning: checkpointing journal with EXT4_IOC_CHECKPOINT_FLAG_ZEROOUT can be slow
[  126.364726] warning: checkpointing journal with EXT4_IOC_CHECKPOINT_FLAG_ZEROOUT can be slow
[  126.592174] warning: checkpointing journal with EXT4_IOC_CHECKPOINT_FLAG_ZEROOUT can be slow
[  126.819945] warning: checkpointing journal with EXT4_IOC_CHECKPOINT_FLAG_ZEROOUT can be slow
[  127.047318] warning: checkpointing journal with EXT4_IOC_CHECKPOINT_FLAG_ZEROOUT can be slow
[  127.274982] warning: checkpointing journal with EXT4_IOC_CHECKPOINT_FLAG_ZEROOUT can be slow
[  127.503043] warning: checkpointing journal with EXT4_IOC_CHECKPOINT_FLAG_ZEROOUT can be slow
[  127.730778] warning: checkpointing journal with EXT4_IOC_CHECKPOINT_FLAG_ZEROOUT can be slow
[  127.959806] warning: checkpointing journal with EXT4_IOC_CHECKPOINT_FLAG_ZEROOUT can be slow
[  128.188671] warning: checkpointing journal with EXT4_IOC_CHECKPOINT_FLAG_ZEROOUT can be slow
[  131.146040] ext4_ioctl_checkpoint: 12 callbacks suppressed
[  131.146054] warning: checkpointing journal with EXT4_IOC_CHECKPOINT_FLAG_ZEROOUT can be slow
[  131.374440] warning: checkpointing journal with EXT4_IOC_CHECKPOINT_FLAG_ZEROOUT can be slow
[  131.602219] warning: checkpointing journal with EXT4_IOC_CHECKPOINT_FLAG_ZEROOUT can be slow
[  131.830419] warning: checkpointing journal with EXT4_IOC_CHECKPOINT_FLAG_ZEROOUT can be slow
[  132.058196] warning: checkpointing journal with EXT4_IOC_CHECKPOINT_FLAG_ZEROOUT can be slow
[  132.285741] warning: checkpointing journal with EXT4_IOC_CHECKPOINT_FLAG_ZEROOUT can be slow
[  132.512773] warning: checkpointing journal with EXT4_IOC_CHECKPOINT_FLAG_ZEROOUT can be slow
[  132.738975] warning: checkpointing journal with EXT4_IOC_CHECKPOINT_FLAG_ZEROOUT can be slow
[  132.967574] warning: checkpointing journal with EXT4_IOC_CHECKPOINT_FLAG_ZEROOUT can be slow
[  133.194125] warning: checkpointing journal with EXT4_IOC_CHECKPOINT_FLAG_ZEROOUT can be slow
[  136.322796] ext4_ioctl_checkpoint: 13 callbacks suppressed
[  136.322809] warning: checkpointing journal with EXT4_IOC_CHECKPOINT_FLAG_ZEROOUT can be slow
[  136.546474] warning: checkpointing journal with EXT4_IOC_CHECKPOINT_FLAG_ZEROOUT can be slow
[  136.773067] warning: checkpointing journal with EXT4_IOC_CHECKPOINT_FLAG_ZEROOUT can be slow
[  137.002925] warning: checkpointing journal with EXT4_IOC_CHECKPOINT_FLAG_ZEROOUT can be slow
[  137.232514] warning: checkpointing journal with EXT4_IOC_CHECKPOINT_FLAG_ZEROOUT can be slow
[  137.460516] warning: checkpointing journal with EXT4_IOC_CHECKPOINT_FLAG_ZEROOUT can be slow
[  137.688956] warning: checkpointing journal with EXT4_IOC_CHECKPOINT_FLAG_ZEROOUT can be slow
[  137.914845] warning: checkpointing journal with EXT4_IOC_CHECKPOINT_FLAG_ZEROOUT can be slow
[  138.140054] warning: checkpointing journal with EXT4_IOC_CHECKPOINT_FLAG_ZEROOUT can be slow
[  138.366482] warning: checkpointing journal with EXT4_IOC_CHECKPOINT_FLAG_ZEROOUT can be slow
[  141.331915] ext4_ioctl_checkpoint: 12 callbacks suppressed
[  141.331927] warning: checkpointing journal with EXT4_IOC_CHECKPOINT_FLAG_ZEROOUT can be slow
[  141.558714] warning: checkpointing journal with EXT4_IOC_CHECKPOINT_FLAG_ZEROOUT can be slow
[  141.783987] warning: checkpointing journal with EXT4_IOC_CHECKPOINT_FLAG_ZEROOUT can be slow
[  142.009763] warning: checkpointing journal with EXT4_IOC_CHECKPOINT_FLAG_ZEROOUT can be slow
[  142.237312] warning: checkpointing journal with EXT4_IOC_CHECKPOINT_FLAG_ZEROOUT can be slow
[  142.463778] warning: checkpointing journal with EXT4_IOC_CHECKPOINT_FLAG_ZEROOUT can be slow
[  142.692555] warning: checkpointing journal with EXT4_IOC_CHECKPOINT_FLAG_ZEROOUT can be slow
[  142.920166] warning: checkpointing journal with EXT4_IOC_CHECKPOINT_FLAG_ZEROOUT can be slow
[  143.147957] warning: checkpointing journal with EXT4_IOC_CHECKPOINT_FLAG_ZEROOUT can be slow
[  143.375352] warning: checkpointing journal with EXT4_IOC_CHECKPOINT_FLAG_ZEROOUT can be slow
[  146.547609] ext4_ioctl_checkpoint: 13 callbacks suppressed
[  146.547622] warning: checkpointing journal with EXT4_IOC_CHECKPOINT_FLAG_ZEROOUT can be slow
[  146.773397] warning: checkpointing journal with EXT4_IOC_CHECKPOINT_FLAG_ZEROOUT can be slow
[  146.998649] warning: checkpointing journal with EXT4_IOC_CHECKPOINT_FLAG_ZEROOUT can be slow
[  147.224550] warning: checkpointing journal with EXT4_IOC_CHECKPOINT_FLAG_ZEROOUT can be slow
[  147.449964] warning: checkpointing journal with EXT4_IOC_CHECKPOINT_FLAG_ZEROOUT can be slow
[  147.674707] warning: checkpointing journal with EXT4_IOC_CHECKPOINT_FLAG_ZEROOUT can be slow
[  147.899425] warning: checkpointing journal with EXT4_IOC_CHECKPOINT_FLAG_ZEROOUT can be slow
[  148.124192] warning: checkpointing journal with EXT4_IOC_CHECKPOINT_FLAG_ZEROOUT can be slow
[  148.349594] warning: checkpointing journal with EXT4_IOC_CHECKPOINT_FLAG_ZEROOUT can be slow
[  148.575672] warning: checkpointing journal with EXT4_IOC_CHECKPOINT_FLAG_ZEROOUT can be slow
[  151.740824] ext4_ioctl_checkpoint: 13 callbacks suppressed
[  151.740836] warning: checkpointing journal with EXT4_IOC_CHECKPOINT_FLAG_ZEROOUT can be slow
[  151.966977] warning: checkpointing journal with EXT4_IOC_CHECKPOINT_FLAG_ZEROOUT can be slow
[  152.193521] warning: checkpointing journal with EXT4_IOC_CHECKPOINT_FLAG_ZEROOUT can be slow
[  152.422964] warning: checkpointing journal with EXT4_IOC_CHECKPOINT_FLAG_ZEROOUT can be slow
[  152.650021] warning: checkpointing journal with EXT4_IOC_CHECKPOINT_FLAG_ZEROOUT can be slow
[  152.877719] warning: checkpointing journal with EXT4_IOC_CHECKPOINT_FLAG_ZEROOUT can be slow
[  153.106260] warning: checkpointing journal with EXT4_IOC_CHECKPOINT_FLAG_ZEROOUT can be slow
[  153.334776] warning: checkpointing journal with EXT4_IOC_CHECKPOINT_FLAG_ZEROOUT can be slow
[  153.562305] warning: checkpointing journal with EXT4_IOC_CHECKPOINT_FLAG_ZEROOUT can be slow
[  153.790116] warning: checkpointing journal with EXT4_IOC_CHECKPOINT_FLAG_ZEROOUT can be slow
[  156.942801] ext4_ioctl_checkpoint: 13 callbacks suppressed
[  156.942813] warning: checkpointing journal with EXT4_IOC_CHECKPOINT_FLAG_ZEROOUT can be slow
[  157.168249] warning: checkpointing journal with EXT4_IOC_CHECKPOINT_FLAG_ZEROOUT can be slow
[  157.394815] warning: checkpointing journal with EXT4_IOC_CHECKPOINT_FLAG_ZEROOUT can be slow
[  157.620303] warning: checkpointing journal with EXT4_IOC_CHECKPOINT_FLAG_ZEROOUT can be slow
[  157.844509] warning: checkpointing journal with EXT4_IOC_CHECKPOINT_FLAG_ZEROOUT can be slow
[  158.069753] warning: checkpointing journal with EXT4_IOC_CHECKPOINT_FLAG_ZEROOUT can be slow
[  158.295210] warning: checkpointing journal with EXT4_IOC_CHECKPOINT_FLAG_ZEROOUT can be slow
[  158.521707] warning: checkpointing journal with EXT4_IOC_CHECKPOINT_FLAG_ZEROOUT can be slow
[  158.747715] warning: checkpointing journal with EXT4_IOC_CHECKPOINT_FLAG_ZEROOUT can be slow
[  158.972285] warning: checkpointing journal with EXT4_IOC_CHECKPOINT_FLAG_ZEROOUT can be slow
[  161.969397] ext4_ioctl_checkpoint: 12 callbacks suppressed
[  161.969411] warning: checkpointing journal with EXT4_IOC_CHECKPOINT_FLAG_ZEROOUT can be slow
[  162.196263] warning: checkpointing journal with EXT4_IOC_CHECKPOINT_FLAG_ZEROOUT can be slow
[  162.423129] warning: checkpointing journal with EXT4_IOC_CHECKPOINT_FLAG_ZEROOUT can be slow
[  162.649193] warning: checkpointing journal with EXT4_IOC_CHECKPOINT_FLAG_ZEROOUT can be slow
[  162.874679] warning: checkpointing journal with EXT4_IOC_CHECKPOINT_FLAG_ZEROOUT can be slow
[  163.100224] warning: checkpointing journal with EXT4_IOC_CHECKPOINT_FLAG_ZEROOUT can be slow
[  163.327748] warning: checkpointing journal with EXT4_IOC_CHECKPOINT_FLAG_ZEROOUT can be slow
[  163.554978] warning: checkpointing journal with EXT4_IOC_CHECKPOINT_FLAG_ZEROOUT can be slow
[  163.782652] warning: checkpointing journal with EXT4_IOC_CHECKPOINT_FLAG_ZEROOUT can be slow
[  164.010682] warning: checkpointing journal with EXT4_IOC_CHECKPOINT_FLAG_ZEROOUT can be slow
[  166.976180] ext4_ioctl_checkpoint: 12 callbacks suppressed
[  166.976194] warning: checkpointing journal with EXT4_IOC_CHECKPOINT_FLAG_ZEROOUT can be slow
[  167.204771] warning: checkpointing journal with EXT4_IOC_CHECKPOINT_FLAG_ZEROOUT can be slow
[  167.433450] warning: checkpointing journal with EXT4_IOC_CHECKPOINT_FLAG_ZEROOUT can be slow
[  167.662626] warning: checkpointing journal with EXT4_IOC_CHECKPOINT_FLAG_ZEROOUT can be slow
[  167.890616] warning: checkpointing journal with EXT4_IOC_CHECKPOINT_FLAG_ZEROOUT can be slow
[  168.118722] warning: checkpointing journal with EXT4_IOC_CHECKPOINT_FLAG_ZEROOUT can be slow
[  168.349572] warning: checkpointing journal with EXT4_IOC_CHECKPOINT_FLAG_ZEROOUT can be slow
[  168.584659] warning: checkpointing journal with EXT4_IOC_CHECKPOINT_FLAG_ZEROOUT can be slow
[  168.816627] warning: checkpointing journal with EXT4_IOC_CHECKPOINT_FLAG_ZEROOUT can be slow
[  169.055099] warning: checkpointing journal with EXT4_IOC_CHECKPOINT_FLAG_ZEROOUT can be slow
[  172.206715] ext4_ioctl_checkpoint: 12 callbacks suppressed
[  172.206733] warning: checkpointing journal with EXT4_IOC_CHECKPOINT_FLAG_ZEROOUT can be slow
[  172.459647] warning: checkpointing journal with EXT4_IOC_CHECKPOINT_FLAG_ZEROOUT can be slow
[  172.694956] warning: checkpointing journal with EXT4_IOC_CHECKPOINT_FLAG_ZEROOUT can be slow
[  172.929621] warning: checkpointing journal with EXT4_IOC_CHECKPOINT_FLAG_ZEROOUT can be slow
[  173.164107] warning: checkpointing journal with EXT4_IOC_CHECKPOINT_FLAG_ZEROOUT can be slow
[  173.400392] warning: checkpointing journal with EXT4_IOC_CHECKPOINT_FLAG_ZEROOUT can be slow
[  173.636426] warning: checkpointing journal with EXT4_IOC_CHECKPOINT_FLAG_ZEROOUT can be slow
[  173.873461] warning: checkpointing journal with EXT4_IOC_CHECKPOINT_FLAG_ZEROOUT can be slow
[  174.110769] warning: checkpointing journal with EXT4_IOC_CHECKPOINT_FLAG_ZEROOUT can be slow
