c[?7l[2J[0mSeaBIOS (version rel-1.16.0-0-gd239552ce722-prebuilt.qemu.org)


iPXE (http://ipxe.org) 00:03.0 CA00 PCI2.10 PnP PMM+7FF91000+7FEF1000 CA00
Press Ctrl-B to configure iPXE (PCI 00:03.0)...                                                                               


Booting from ROM..c[?7l[2J[    0.000000] Linux version 6.1.0-830b3c68c1fb-51ae846cff56-revert+ (root@984fee00a1f6.jf.intel.com) (gcc (GCC) 8.5.0 20210514 (Red Hat 8.5.0-17), GNU ld version 2.36.1-3.el8) #1 SMP PREEMPT_DYNAMIC Tue Dec 13 09:35:03 PST 2022
[    0.000000] Command line: console=ttyS0 root=/dev/sda earlyprintk=serial net.ifnames=0
[    0.000000] KERNEL supported cpus:
[    0.000000]   Intel GenuineIntel
[    0.000000]   AMD AuthenticAMD
[    0.000000]   Hygon HygonGenuine
[    0.000000]   Centaur CentaurHauls
[    0.000000]   zhaoxin   Shanghai  
[    0.000000] x86/split lock detection: #DB: warning on user-space bus_locks
[    0.000000] x86/fpu: Supporting XSAVE feature 0x001: 'x87 floating point registers'
[    0.000000] x86/fpu: Supporting XSAVE feature 0x002: 'SSE registers'
[    0.000000] x86/fpu: Supporting XSAVE feature 0x004: 'AVX registers'
[    0.000000] x86/fpu: Supporting XSAVE feature 0x020: 'AVX-512 opmask'
[    0.000000] x86/fpu: Supporting XSAVE feature 0x040: 'AVX-512 Hi256'
[    0.000000] x86/fpu: Supporting XSAVE feature 0x080: 'AVX-512 ZMM_Hi256'
[    0.000000] x86/fpu: Supporting XSAVE feature 0x200: 'Protection Keys User registers'
[    0.000000] x86/fpu: Supporting XSAVE feature 0x20000: 'AMX Tile config'
[    0.000000] x86/fpu: Supporting XSAVE feature 0x40000: 'AMX Tile data'
[    0.000000] x86/fpu: xstate_offset[2]:  576, xstate_sizes[2]:  256
[    0.000000] x86/fpu: xstate_offset[5]:  832, xstate_sizes[5]:   64
[    0.000000] x86/fpu: xstate_offset[6]:  896, xstate_sizes[6]:  512
[    0.000000] x86/fpu: xstate_offset[7]: 1408, xstate_sizes[7]: 1024
[    0.000000] x86/fpu: xstate_offset[9]: 2432, xstate_sizes[9]:    8
[    0.000000] x86/fpu: xstate_offset[17]: 2496, xstate_sizes[17]:   64
[    0.000000] x86/fpu: xstate_offset[18]: 2560, xstate_sizes[18]: 8192
[    0.000000] x86/fpu: Enabled xstate features 0x602e7, context size is 10752 bytes, using 'compacted' format.
[    0.000000] signal: max sigframe size: 11952
[    0.000000] BIOS-provided physical RAM map:
[    0.000000] BIOS-e820: [mem 0x0000000000000000-0x000000000009fbff] usable
[    0.000000] BIOS-e820: [mem 0x000000000009fc00-0x000000000009ffff] reserved
[    0.000000] BIOS-e820: [mem 0x00000000000f0000-0x00000000000fffff] reserved
[    0.000000] BIOS-e820: [mem 0x0000000000100000-0x000000007ffdffff] usable
[    0.000000] BIOS-e820: [mem 0x000000007ffe0000-0x000000007fffffff] reserved
[    0.000000] BIOS-e820: [mem 0x00000000feffc000-0x00000000feffffff] reserved
[    0.000000] BIOS-e820: [mem 0x00000000fffc0000-0x00000000ffffffff] reserved
[    0.000000] printk: bootconsole [earlyser0] enabled
[    0.000000] NX (Execute Disable) protection: active
[    0.000000] SMBIOS 2.8 present.
[    0.000000] DMI: QEMU Standard PC (i440FX + PIIX, 1996), BIOS rel-1.16.0-0-gd239552ce722-prebuilt.qemu.org 04/01/2014
[    0.000000] Hypervisor detected: KVM
[    0.000000] kvm-clock: Using msrs 4b564d01 and 4b564d00
[    0.000003] kvm-clock: using sched offset of 369639285 cycles
[    0.000461] clocksource: kvm-clock: mask: 0xffffffffffffffff max_cycles: 0x1cd42e4dffb, max_idle_ns: 881590591483 ns
[    0.001869] tsc: Detected 1700.000 MHz processor
[    0.010841] last_pfn = 0x7ffe0 max_arch_pfn = 0x10000000000
[    0.011383] x86/PAT: Configuration [0-7]: WB  WC  UC- UC  WB  WP  UC- WT  
[    0.017930] found SMP MP-table at [mem 0x000f5ba0-0x000f5baf]
[    0.018498] Using GB pages for direct mapping
[    0.020212] ACPI: Early table checksum verification disabled
[    0.020714] ACPI: RSDP 0x00000000000F59C0 000014 (v00 BOCHS )
[    0.021241] ACPI: RSDT 0x000000007FFE1951 000034 (v01 BOCHS  BXPC     00000001 BXPC 00000001)
[    0.022008] ACPI: FACP 0x000000007FFE17FD 000074 (v01 BOCHS  BXPC     00000001 BXPC 00000001)
[    0.022777] ACPI: DSDT 0x000000007FFE0040 0017BD (v01 BOCHS  BXPC     00000001 BXPC 00000001)
[    0.023546] ACPI: FACS 0x000000007FFE0000 000040
[    0.023967] ACPI: APIC 0x000000007FFE1871 000080 (v01 BOCHS  BXPC     00000001 BXPC 00000001)
[    0.024736] ACPI: HPET 0x000000007FFE18F1 000038 (v01 BOCHS  BXPC     00000001 BXPC 00000001)
[    0.025505] ACPI: WAET 0x000000007FFE1929 000028 (v01 BOCHS  BXPC     00000001 BXPC 00000001)
[    0.026270] ACPI: Reserving FACP table memory at [mem 0x7ffe17fd-0x7ffe1870]
[    0.026887] ACPI: Reserving DSDT table memory at [mem 0x7ffe0040-0x7ffe17fc]
[    0.027509] ACPI: Reserving FACS table memory at [mem 0x7ffe0000-0x7ffe003f]
[    0.028131] ACPI: Reserving APIC table memory at [mem 0x7ffe1871-0x7ffe18f0]
[    0.028750] ACPI: Reserving HPET table memory at [mem 0x7ffe18f1-0x7ffe1928]
[    0.029373] ACPI: Reserving WAET table memory at [mem 0x7ffe1929-0x7ffe1950]
[    0.031033] No NUMA configuration found
[    0.031373] Faking a node at [mem 0x0000000000000000-0x000000007ffdffff]
[    0.032050] NODE_DATA(0) allocated [mem 0x7ffb5000-0x7ffdffff]
[    0.036926] Zone ranges:
[    0.037173]   DMA      [mem 0x0000000000001000-0x0000000000ffffff]
[    0.037721]   DMA32    [mem 0x0000000001000000-0x000000007ffdffff]
[    0.038273]   Normal   empty
[    0.038532]   Device   empty
[    0.038790] Movable zone start for each node
[    0.039172] Early memory node ranges
[    0.039485]   node   0: [mem 0x0000000000001000-0x000000000009efff]
[    0.040035]   node   0: [mem 0x0000000000100000-0x000000007ffdffff]
[    0.040598] Initmem setup node 0 [mem 0x0000000000001000-0x000000007ffdffff]
[    0.041589] On node 0, zone DMA: 1 pages in unavailable ranges
[    0.041609] On node 0, zone DMA: 97 pages in unavailable ranges
[    0.049200] On node 0, zone DMA32: 32 pages in unavailable ranges
[    0.049985] ACPI: PM-Timer IO Port: 0x608
[    0.050875] ACPI: LAPIC_NMI (acpi_id[0xff] dfl dfl lint[0x1])
[    0.051429] IOAPIC[0]: apic_id 0, version 17, address 0xfec00000, GSI 0-23
[    0.052038] ACPI: INT_SRC_OVR (bus 0 bus_irq 0 global_irq 2 dfl dfl)
[    0.052597] ACPI: INT_SRC_OVR (bus 0 bus_irq 5 global_irq 5 high level)
[    0.053177] ACPI: INT_SRC_OVR (bus 0 bus_irq 9 global_irq 9 high level)
[    0.053755] ACPI: INT_SRC_OVR (bus 0 bus_irq 10 global_irq 10 high level)
[    0.054349] ACPI: INT_SRC_OVR (bus 0 bus_irq 11 global_irq 11 high level)
[    0.054957] ACPI: Using ACPI (MADT) for SMP configuration information
[    0.055514] ACPI: HPET id: 0x8086a201 base: 0xfed00000
[    0.055969] TSC deadline timer available
[    0.056311] smpboot: Allowing 2 CPUs, 0 hotplug CPUs
[    0.056773] kvm-guest: KVM setup pv remote TLB flush
[    0.057208] kvm-guest: setup PV sched yield
[    0.057619] PM: hibernation: Registered nosave memory: [mem 0x00000000-0x00000fff]
[    0.058278] PM: hibernation: Registered nosave memory: [mem 0x0009f000-0x0009ffff]
[    0.058930] PM: hibernation: Registered nosave memory: [mem 0x000a0000-0x000effff]
[    0.059586] PM: hibernation: Registered nosave memory: [mem 0x000f0000-0x000fffff]
[    0.060245] [mem 0x80000000-0xfeffbfff] available for PCI devices
[    0.060771] Booting paravirtualized kernel on KVM
[    0.061183] clocksource: refined-jiffies: mask: 0xffffffff max_cycles: 0xffffffff, max_idle_ns: 7645519600211568 ns
[    0.062102] setup_percpu: NR_CPUS:8192 nr_cpumask_bits:2 nr_cpu_ids:2 nr_node_ids:1
[    0.063257] percpu: Embedded 64 pages/cpu s225280 r8192 d28672 u1048576
[    0.064071] kvm-guest: PV spinlocks enabled
[    0.064451] PV qspinlock hash table entries: 256 (order: 0, 4096 bytes, linear)
[    0.065110] Fallback order for Node 0: 0 
[    0.065481] Built 1 zonelists, mobility grouping on.  Total pages: 515808
[    0.066078] Policy zone: DMA32
[    0.066355] Kernel command line: net.ifnames=0 console=ttyS0 root=/dev/sda earlyprintk=serial net.ifnames=0
[    0.067977] Dentry cache hash table entries: 262144 (order: 9, 2097152 bytes, linear)
[    0.068816] Inode-cache hash table entries: 131072 (order: 8, 1048576 bytes, linear)
[    0.069605] mem auto-init: stack:off, heap alloc:off, heap free:off
[    0.074752] Memory: 1983420K/2096632K available (32784K kernel code, 4693K rwdata, 7820K rodata, 3672K init, 22124K bss, 113012K reserved, 0K cma-reserved)
[    0.076997] SLUB: HWalign=64, Order=0-3, MinObjects=0, CPUs=2, Nodes=1
[    0.077567] kmemleak: Kernel memory leak detector disabled
[    0.078062] ftrace: allocating 67277 entries in 263 pages
[    0.103518] ftrace: allocated 263 pages with 4 groups
[    0.107207] Dynamic Preempt: voluntary
[    0.107675] Running RCU self tests
[    0.107973] rcu: Preemptible hierarchical RCU implementation.
[    0.108463] rcu: 	RCU lockdep checking is enabled.
[    0.108866] rcu: 	RCU restricting CPUs from NR_CPUS=8192 to nr_cpu_ids=2.
[    0.109446] 	Trampoline variant of Tasks RCU enabled.
[    0.109872] 	Rude variant of Tasks RCU enabled.
[    0.110258] 	Tracing variant of Tasks RCU enabled.
[    0.110662] rcu: RCU calculated value of scheduler-enlistment delay is 25 jiffies.
[    0.111306] rcu: Adjusting geometry for rcu_fanout_leaf=16, nr_cpu_ids=2
[    0.142165] NR_IRQS: 524544, nr_irqs: 440, preallocated irqs: 16
[    0.142999] rcu: srcu_init: Setting srcu_struct sizes based on contention.
[    0.151435] Console: colour VGA+ 80x25
[    0.151808] printk: console [ttyS0] enabled
[    0.151808] printk: console [ttyS0] enabled
[    0.152530] printk: bootconsole [earlyser0] disabled
[    0.152530] printk: bootconsole [earlyser0] disabled
[    0.153386] Lock dependency validator: Copyright (c) 2006 Red Hat, Inc., Ingo Molnar
[    0.154050] ... MAX_LOCKDEP_SUBCLASSES:  8
[    0.154417] ... MAX_LOCK_DEPTH:          48
[    0.154786] ... MAX_LOCKDEP_KEYS:        8192
[    0.155174] ... CLASSHASH_SIZE:          4096
[    0.155558] ... MAX_LOCKDEP_ENTRIES:     32768
[    0.155948] ... MAX_LOCKDEP_CHAINS:      65536
[    0.156342] ... CHAINHASH_SIZE:          32768
[    0.156733]  memory used by lock dependency info: 6365 kB
[    0.157209]  memory used for stack traces: 4224 kB
[    0.157630]  per task-struct memory footprint: 1920 bytes
[    0.158150] ACPI: Core revision 20220331
[    0.158773] clocksource: hpet: mask: 0xffffffff max_cycles: 0xffffffff, max_idle_ns: 19112604467 ns
[    0.159709] APIC: Switch to symmetric I/O mode setup
[    0.160359] x2apic enabled
[    0.160788] Switched APIC routing to physical x2apic.
[    0.161234] kvm-guest: setup PV IPIs
[    0.162493] ..TIMER: vector=0x30 apic1=0 pin1=2 apic2=-1 pin2=-1
[    0.163036] clocksource: tsc-early: mask: 0xffffffffffffffff max_cycles: 0x1881273ac8e, max_idle_ns: 440795257284 ns
[    0.164005] Calibrating delay loop (skipped) preset value.. 3400.00 BogoMIPS (lpj=6800000)
[    0.164721] pid_max: default: 32768 minimum: 301
[    0.165276] LSM: Security Framework initializing
[    0.165682] Yama: becoming mindful.
[    0.166193] Mount-cache hash table entries: 4096 (order: 3, 32768 bytes, linear)
[    0.166836] Mountpoint-cache hash table entries: 4096 (order: 3, 32768 bytes, linear)
[    0.169181] x86/cpu: User Mode Instruction Prevention (UMIP) activated
[    0.169916] Last level iTLB entries: 4KB 0, 2MB 0, 4MB 0
[    0.170383] Last level dTLB entries: 4KB 0, 2MB 0, 4MB 0, 1GB 0
[    0.170914] Spectre V1 : Mitigation: usercopy/swapgs barriers and __user pointer sanitization
[    0.171647] Spectre V2 : WARNING: Unprivileged eBPF is enabled with eIBRS on, data leaks possible via Spectre v2 BHB attacks!
[    0.171999] Spectre V2 : Mitigation: Enhanced IBRS
[    0.172389] Spectre V2 : Spectre v2 / SpectreRSB mitigation: Filling RSB on context switch
[    0.173053] Spectre V2 : Spectre v2 / PBRSB-eIBRS: Retire a single CALL on VMEXIT
[    0.173653] Spectre V2 : mitigation: Enabling conditional Indirect Branch Prediction Barrier
[    0.174331] Speculative Store Bypass: Mitigation: Speculative Store Bypass disabled via prctl
[    0.175015] MMIO Stale Data: Unknown: No mitigations
[    0.292098] Freeing SMP alternatives memory: 56K
[    0.292777] smpboot: CPU0: Intel(R) Xeon(R) Gold 6414TDX (family: 0x6, model: 0x8f, stepping: 0x6)
[    0.293940] cblist_init_generic: Setting adjustable number of callback queues.
[    0.294541] cblist_init_generic: Setting shift to 1 and lim to 1.
[    0.295087] cblist_init_generic: Setting shift to 1 and lim to 1.
[    0.295642] cblist_init_generic: Setting shift to 1 and lim to 1.
[    0.295991] Running RCU-tasks wait API self tests
[    0.396088] Performance Events: Sapphire Rapids events, full-width counters, Intel PMU driver.
[    0.396895] ... version:                2
[    0.397226] ... bit width:              48
[    0.397564] ... generic registers:      8
[    0.397892] ... value mask:             0000ffffffffffff
[    0.398325] ... max period:             00007fffffffffff
[    0.398771] ... fixed-purpose events:   3
[    0.399100] ... event mask:             00000007000000ff
[    0.399966] rcu: Hierarchical SRCU implementation.
[    0.399996] rcu: 	Max phase no-delay instances is 1000.
[    0.403323] smp: Bringing up secondary CPUs ...
[    0.404201] x86: Booting SMP configuration:
[    0.404557] .... node  #0, CPUs:      #1
[    0.404989] smp: Brought up 1 node, 2 CPUs
[    0.404989] smpboot: Max logical packages: 1
[    0.405162] smpboot: Total of 2 processors activated (6800.00 BogoMIPS)
[    0.408260] devtmpfs: initialized
[    0.408588] x86/mm: Memory block size: 128MB
[    0.410864] clocksource: jiffies: mask: 0xffffffff max_cycles: 0xffffffff, max_idle_ns: 7645041785100000 ns
[    0.412015] Callback from call_rcu_tasks_trace() invoked.
[    0.412476] futex hash table entries: 512 (order: 4, 65536 bytes, linear)
[    0.413268] pinctrl core: initialized pinctrl subsystem
[    0.414267] 
[    0.414404] *************************************************************
[    0.414955] **     NOTICE NOTICE NOTICE NOTICE NOTICE NOTICE NOTICE    **
[    0.415510] **                                                         **
[    0.416000] **  IOMMU DebugFS SUPPORT HAS BEEN ENABLED IN THIS KERNEL  **
[    0.416552] **                                                         **
[    0.417100] ** This means that this kernel is built to expose internal **
[    0.417655] ** IOMMU data structures, which may compromise security on **
[    0.418202] ** your system.                                            **
[    0.418756] **                                                         **
[    0.419307] ** If you see this message and you are not debugging the   **
[    0.419858] ** kernel, report this immediately to your vendor!         **
[    0.420000] **                                                         **
[    0.420552] **     NOTICE NOTICE NOTICE NOTICE NOTICE NOTICE NOTICE    **
[    0.421104] *************************************************************
[    0.421704] PM: RTC time: 17:35:53, date: 2022-12-13
[    0.424852] NET: Registered PF_NETLINK/PF_ROUTE protocol family
[    0.426007] DMA: preallocated 256 KiB GFP_KERNEL pool for atomic allocations
[    0.426593] DMA: preallocated 256 KiB GFP_KERNEL|GFP_DMA pool for atomic allocations
[    0.427237] DMA: preallocated 256 KiB GFP_KERNEL|GFP_DMA32 pool for atomic allocations
[    0.427938] audit: initializing netlink subsys (disabled)
[    0.428068] audit: type=2000 audit(1670952954.354:1): state=initialized audit_enabled=0 res=1
[    0.428648] thermal_sys: Registered thermal governor 'fair_share'
[    0.428777] thermal_sys: Registered thermal governor 'bang_bang'
[    0.429278] thermal_sys: Registered thermal governor 'step_wise'
[    0.429771] thermal_sys: Registered thermal governor 'user_space'
[    0.430301] cpuidle: using governor ladder
[    0.431155] cpuidle: using governor menu
[    0.431807] acpiphp: ACPI Hot Plug PCI Controller Driver version: 0.5
[    0.432338] PCI: Using configuration type 1 for base access
[    0.449107] kprobes: kprobe jump-optimization is enabled. All kprobes are optimized if possible.
[    0.708794] HugeTLB: registered 1.00 GiB page size, pre-allocated 0 pages
[    0.709359] HugeTLB: 16380 KiB vmemmap can be freed for a 1.00 GiB page
[    0.709909] HugeTLB: registered 2.00 MiB page size, pre-allocated 0 pages
[    0.710462] HugeTLB: 28 KiB vmemmap can be freed for a 2.00 MiB page
[    0.712751] ACPI: Added _OSI(Module Device)
[    0.713110] ACPI: Added _OSI(Processor Device)
[    0.713477] ACPI: Added _OSI(3.0 _SCP Extensions)
[    0.713873] ACPI: Added _OSI(Processor Aggregator Device)
[    0.720979] ACPI: 1 ACPI AML tables successfully acquired and loaded
[    0.725110] ACPI: Interpreter enabled
[    0.725524] ACPI: PM: (supports S0 S3 S4 S5)
[    0.725884] ACPI: Using IOAPIC for interrupt routing
[    0.726341] PCI: Using host bridge windows from ACPI; if necessary, use "pci=nocrs" and report a bug
[    0.727087] PCI: Using E820 reservations for host bridge windows
[    0.728313] ACPI: Enabled 2 GPEs in block 00 to 0F
[    0.746312] ACPI: PCI Root Bridge [PCI0] (domain 0000 [bus 00-ff])
[    0.746841] acpi PNP0A03:00: _OSC: OS supports [ASPM ClockPM Segments MSI EDR HPX-Type3]
[    0.747492] acpi PNP0A03:00: _OSC: not requesting OS control; OS requires [ExtendedConfig ASPM ClockPM MSI]
[    0.748061] acpi PNP0A03:00: fail to add MMCONFIG information, can't access extended PCI configuration space under this bridge.
[    0.751818] acpiphp: Slot [3] registered
[    0.752080] acpiphp: Slot [4] registered
[    0.752482] acpiphp: Slot [5] registered
[    0.752878] acpiphp: Slot [6] registered
[    0.753279] acpiphp: Slot [7] registered
[    0.753676] acpiphp: Slot [8] registered
[    0.754080] acpiphp: Slot [9] registered
[    0.754478] acpiphp: Slot [10] registered
[    0.754883] acpiphp: Slot [11] registered
[    0.755290] acpiphp: Slot [12] registered
[    0.755701] acpiphp: Slot [13] registered
[    0.756067] acpiphp: Slot [14] registered
[    0.756475] acpiphp: Slot [15] registered
[    0.756888] acpiphp: Slot [16] registered
[    0.757306] acpiphp: Slot [17] registered
[    0.757716] acpiphp: Slot [18] registered
[    0.758119] acpiphp: Slot [19] registered
[    0.758530] acpiphp: Slot [20] registered
[    0.758932] acpiphp: Slot [21] registered
[    0.759338] acpiphp: Slot [22] registered
[    0.759748] acpiphp: Slot [23] registered
[    0.760067] acpiphp: Slot [24] registered
[    0.760474] acpiphp: Slot [25] registered
[    0.760878] acpiphp: Slot [26] registered
[    0.761283] acpiphp: Slot [27] registered
[    0.761696] acpiphp: Slot [28] registered
[    0.762101] acpiphp: Slot [29] registered
[    0.762503] acpiphp: Slot [30] registered
[    0.762901] acpiphp: Slot [31] registered
[    0.763251] PCI host bridge to bus 0000:00
[    0.763583] pci_bus 0000:00: root bus resource [io  0x0000-0x0cf7 window]
[    0.763996] pci_bus 0000:00: root bus resource [io  0x0d00-0xffff window]
[    0.764543] pci_bus 0000:00: root bus resource [mem 0x000a0000-0x000bffff window]
[    0.765148] pci_bus 0000:00: root bus resource [mem 0x80000000-0xfebfffff window]
[    0.765749] pci_bus 0000:00: root bus resource [mem 0x100000000-0x17fffffff window]
[    0.766376] pci_bus 0000:00: root bus resource [bus 00-ff]
[    0.766919] pci 0000:00:00.0: [8086:1237] type 00 class 0x060000
[    0.770539] pci 0000:00:01.0: [8086:7000] type 00 class 0x060100
[    0.771746] pci 0000:00:01.1: [8086:7010] type 00 class 0x010180
[    0.773835] pci 0000:00:01.1: reg 0x20: [io  0xc040-0xc04f]
[    0.774869] pci 0000:00:01.1: legacy IDE quirk: reg 0x10: [io  0x01f0-0x01f7]
[    0.775446] pci 0000:00:01.1: legacy IDE quirk: reg 0x14: [io  0x03f6]
[    0.775974] pci 0000:00:01.1: legacy IDE quirk: reg 0x18: [io  0x0170-0x0177]
[    0.775999] pci 0000:00:01.1: legacy IDE quirk: reg 0x1c: [io  0x0376]
[    0.776832] pci 0000:00:01.3: [8086:7113] type 00 class 0x068000
[    0.777635] pci 0000:00:01.3: quirk: [io  0x0600-0x063f] claimed by PIIX4 ACPI
[    0.778226] pci 0000:00:01.3: quirk: [io  0x0700-0x070f] claimed by PIIX4 SMB
[    0.779092] pci 0000:00:02.0: [1234:1111] type 00 class 0x030000
[    0.780334] pci 0000:00:02.0: reg 0x10: [mem 0xfd000000-0xfdffffff pref]
[    0.782311] pci 0000:00:02.0: reg 0x18: [mem 0xfebf0000-0xfebf0fff]
[    0.784962] pci 0000:00:02.0: reg 0x30: [mem 0xfebe0000-0xfebeffff pref]
[    0.785570] pci 0000:00:02.0: Video device with shadowed ROM at [mem 0x000c0000-0x000dffff]
[    0.789073] pci 0000:00:03.0: [8086:100e] type 00 class 0x020000
[    0.790108] pci 0000:00:03.0: reg 0x10: [mem 0xfebc0000-0xfebdffff]
[    0.791190] pci 0000:00:03.0: reg 0x14: [io  0xc000-0xc03f]
[    0.794683] pci 0000:00:03.0: reg 0x30: [mem 0xfeb80000-0xfebbffff pref]
[    0.805968] ACPI: PCI: Interrupt link LNKA configured for IRQ 10
[    0.806850] ACPI: PCI: Interrupt link LNKB configured for IRQ 10
[    0.807708] ACPI: PCI: Interrupt link LNKC configured for IRQ 11
[    0.808368] ACPI: PCI: Interrupt link LNKD configured for IRQ 11
[    0.809038] ACPI: PCI: Interrupt link LNKS configured for IRQ 9
[    0.810572] iommu: Default domain type: Translated 
[    0.810974] iommu: DMA domain TLB invalidation policy: lazy mode 
[    0.812525] SCSI subsystem initialized
[    0.813089] ACPI: bus type USB registered
[    0.813475] usbcore: registered new interface driver usbfs
[    0.814011] usbcore: registered new interface driver hub
[    0.814477] usbcore: registered new device driver usb
[    0.814999] pps_core: LinuxPPS API ver. 1 registered
[    0.815406] pps_core: Software ver. 5.3.6 - Copyright 2005-2007 Rodolfo Giometti <giometti@linux.it>
[    0.816007] PTP clock support registered
[    0.816471] EDAC MC: Ver: 3.0.0
[    0.818077] NetLabel: Initializing
[    0.818372] NetLabel:  domain hash size = 128
[    0.818727] NetLabel:  protocols = UNLABELED CIPSOv4 CALIPSO
[    0.819251] NetLabel:  unlabeled traffic allowed by default
[    0.820186] PCI: Using ACPI for IRQ routing
[    0.820765] pci 0000:00:02.0: vgaarb: setting as boot VGA device
[    0.821273] pci 0000:00:02.0: vgaarb: bridge control possible
[    0.821740] pci 0000:00:02.0: vgaarb: VGA device added: decodes=io+mem,owns=io+mem,locks=none
[    0.822436] vgaarb: loaded
[    0.822999] hpet0: at MMIO 0xfed00000, IRQs 2, 8, 0
[    0.823421] hpet0: 3 comparators, 64-bit 100.000000 MHz counter
[    3.699995] clocksource: Switched to clocksource kvm-clock
[    3.708466] Callback from call_rcu_tasks_rude() invoked.
[    3.808137] Callback from call_rcu_tasks() invoked.
[    3.876248] VFS: Disk quotas dquot_6.6.0
[    3.876635] VFS: Dquot-cache hash table entries: 512 (order 0, 4096 bytes)
[    3.877468] pnp: PnP ACPI init
[    3.879692] pnp: PnP ACPI: found 6 devices
[    3.891143] clocksource: acpi_pm: mask: 0xffffff max_cycles: 0xffffff, max_idle_ns: 2085701024 ns
[    3.892248] NET: Registered PF_INET protocol family
[    3.892777] IP idents hash table entries: 32768 (order: 6, 262144 bytes, linear)
[    3.894434] tcp_listen_portaddr_hash hash table entries: 1024 (order: 4, 73728 bytes, linear)
[    3.895175] Table-perturb hash table entries: 65536 (order: 6, 262144 bytes, linear)
[    3.895810] TCP established hash table entries: 16384 (order: 5, 131072 bytes, linear)
[    3.896693] TCP bind hash table entries: 16384 (order: 9, 2359296 bytes, linear)
[    3.898554] TCP: Hash tables configured (established 16384 bind 16384)
[    3.899192] UDP hash table entries: 1024 (order: 5, 163840 bytes, linear)
[    3.899832] UDP-Lite hash table entries: 1024 (order: 5, 163840 bytes, linear)
[    3.900611] NET: Registered PF_UNIX/PF_LOCAL protocol family
[    3.901743] RPC: Registered named UNIX socket transport module.
[    3.902262] RPC: Registered udp transport module.
[    3.902643] RPC: Registered tcp transport module.
[    3.903024] RPC: Registered tcp NFSv4.1 backchannel transport module.
[    3.903553] pci_bus 0000:00: resource 4 [io  0x0000-0x0cf7 window]
[    3.904080] pci_bus 0000:00: resource 5 [io  0x0d00-0xffff window]
[    3.904586] pci_bus 0000:00: resource 6 [mem 0x000a0000-0x000bffff window]
[    3.905141] pci_bus 0000:00: resource 7 [mem 0x80000000-0xfebfffff window]
[    3.905701] pci_bus 0000:00: resource 8 [mem 0x100000000-0x17fffffff window]
[    3.906518] pci 0000:00:01.0: PIIX3: Enabling Passive Release
[    3.906995] pci 0000:00:00.0: Limiting direct PCI/PCI transfers
[    3.907601] PCI: CLS 0 bytes, default 64
[    3.907959] ACPI: bus type thunderbolt registered
[    3.908643] clocksource: tsc: mask: 0xffffffffffffffff max_cycles: 0x1881273ac8e, max_idle_ns: 440795257284 ns
[    3.909523] sgx: There are zero EPC sections.
[    3.913183] Initialise system trusted keyrings
[    3.913633] Key type blacklist registered
[    3.914144] workingset: timestamp_bits=36 max_order=19 bucket_order=0
[    3.925693] zbud: loaded
[    3.928251] squashfs: version 4.0 (2009/01/31) Phillip Lougher
[    3.930126] NFS: Registering the id_resolver key type
[    3.930547] Key type id_resolver registered
[    3.930885] Key type id_legacy registered
[    3.931325] nfs4filelayout_init: NFSv4 File Layout Driver Registering...
[    3.931880] nfs4flexfilelayout_init: NFSv4 Flexfile Layout Driver Registering...
[    3.932615] fuse: init (API version 7.37)
[    3.933268] SGI XFS with ACLs, security attributes, realtime, quota, no debug enabled
[    3.935757] 9p: Installing v9fs 9p2000 file system support
[    3.943942] Key type asymmetric registered
[    3.944296] Asymmetric key parser 'x509' registered
[    3.946415] alg: self-tests for CTR-KDF (hmac(sha256)) passed
[    3.946948] Block layer SCSI generic (bsg) driver version 0.4 loaded (major 243)
[    3.947688] io scheduler mq-deadline registered
[    3.948219] io scheduler bfq registered
[    3.949486] shpchp: Standard Hot Plug PCI Controller Driver version: 0.4
[    3.950496] IPMI message handler: version 39.2
[    3.950902] ipmi device interface
[    3.952845] input: Power Button as /devices/LNXSYSTM:00/LNXPWRBN:00/input/input0
[    3.953690] ACPI: button: Power Button [PWRF]
[    3.954949] ERST DBG: ERST support is disabled.
[    3.955905] Serial: 8250/16550 driver, 32 ports, IRQ sharing enabled
[    3.956900] 00:04: ttyS0 at I/O 0x3f8 (irq = 4, base_baud = 115200) is a 16550A
[    3.966971] Linux agpgart interface v0.103
[    3.967845] ACPI: bus type drm_connector registered
[    3.981330] brd: module loaded
[    3.989358] loop: module loaded
[    3.993641] scsi host0: ata_piix
[    3.994492] scsi host1: ata_piix
[    3.994934] ata1: PATA max MWDMA2 cmd 0x1f0 ctl 0x3f6 bmdma 0xc040 irq 14
[    3.995486] ata2: PATA max MWDMA2 cmd 0x170 ctl 0x376 bmdma 0xc048 irq 15
[    3.997144] tun: Universal TUN/TAP device driver, 1.6
[    3.997714] e100: Intel(R) PRO/100 Network Driver
[    3.998101] e100: Copyright(c) 1999-2006 Intel Corporation
[    3.998580] e1000: Intel(R) PRO/1000 Network Driver
[    3.998970] e1000: Copyright (c) 1999-2006 Intel Corporation.
[    4.156149] ata1: found unknown device (class 0)
[    4.157053] ata1.00: ATA-7: QEMU HARDDISK, 2.5+, max UDMA/100
[    4.157524] ata1.00: 16777216 sectors, multi 16: LBA48 
[    4.158373] ata2: found unknown device (class 0)
[    4.159406] scsi 0:0:0:0: Direct-Access     ATA      QEMU HARDDISK    2.5+ PQ: 0 ANSI: 5
[    4.161019] scsi 0:0:0:0: Attached scsi generic sg0 type 0
[    4.162304] ata2.00: ATAPI: QEMU DVD-ROM, 2.5+, max UDMA/100
[    4.163001] sd 0:0:0:0: [sda] 16777216 512-byte logical blocks: (8.59 GB/8.00 GiB)
[    4.163958] sd 0:0:0:0: [sda] Write Protect is off
[    4.164489] sd 0:0:0:0: [sda] Write cache: enabled, read cache: enabled, doesn't support DPO or FUA
[    4.164497] scsi 1:0:0:0: CD-ROM            QEMU     QEMU DVD-ROM     2.5+ PQ: 0 ANSI: 5
[    4.165278] sd 0:0:0:0: [sda] Preferred minimum I/O size 512 bytes
[    4.185623] ACPI: \_SB_.LNKC: Enabled at IRQ 11
[    4.193125] sd 0:0:0:0: [sda] Attached SCSI disk
[    4.200893] scsi 1:0:0:0: Attached scsi generic sg1 type 5
[    4.511145] e1000 0000:00:03.0 eth0: (PCI:33MHz:32-bit) 52:54:00:12:34:56
[    4.511732] e1000 0000:00:03.0 eth0: Intel(R) PRO/1000 Network Connection
[    4.512394] e1000e: Intel(R) PRO/1000 Network Driver
[    4.512795] e1000e: Copyright(c) 1999 - 2015 Intel Corporation.
[    4.513337] igb: Intel(R) Gigabit Ethernet Network Driver
[    4.513770] igb: Copyright (c) 2007-2014 Intel Corporation.
[    4.514339] PPP generic driver version 2.4.2
[    4.515278] VFIO - User Level meta-driver version: 0.3
[    4.516174] usbcore: registered new interface driver uas
[    4.516679] usbcore: registered new interface driver usb-storage
[    4.517312] i8042: PNP: PS/2 Controller [PNP0303:KBD,PNP0f13:MOU] at 0x60,0x64 irq 1,12
[    4.518641] serio: i8042 KBD port at 0x60,0x64 irq 1
[    4.519093] serio: i8042 AUX port at 0x60,0x64 irq 12
[    4.520236] mousedev: PS/2 mouse device common for all mice
[    4.521611] input: AT Translated Set 2 keyboard as /devices/platform/i8042/serio0/input/input1
[    4.523267] input: VirtualPS/2 VMware VMMouse as /devices/platform/i8042/serio1/input/input4
[    4.524212] rtc_cmos 00:05: RTC can wake from S4
[    4.524748] input: VirtualPS/2 VMware VMMouse as /devices/platform/i8042/serio1/input/input3
[    4.525880] rtc_cmos 00:05: registered as rtc0
[    4.526311] rtc_cmos 00:05: setting system clock to 2022-12-13T17:35:57 UTC (1670952957)
[    4.527117] rtc_cmos 00:05: alarms up to one day, y3k, 242 bytes nvram, hpet irqs
[    4.527783] i2c_dev: i2c /dev entries driver
[    4.528205] device-mapper: core: CONFIG_IMA_DISABLE_HTABLE is disabled. Duplicate IMA measurements will not be recorded in the IMA log.
[    4.529282] device-mapper: uevent: version 1.0.3
[    4.529925] device-mapper: ioctl: 4.47.0-ioctl (2022-07-28) initialised: dm-devel@redhat.com
[    4.530606] intel_pstate: CPU model not supported
[    4.531076] sdhci: Secure Digital Host Controller Interface driver
[    4.531569] sdhci: Copyright(c) Pierre Ossman
[    4.532030] sdhci-pltfm: SDHCI platform and OF driver helper
[    4.532529] ledtrig-cpu: registered to indicate activity on CPUs
[    4.533334] drop_monitor: Initializing network drop monitor service
[    4.534347] NET: Registered PF_INET6 protocol family
[    4.536907] Segment Routing with IPv6
[    4.537252] In-situ OAM (IOAM) with IPv6
[    4.537613] NET: Registered PF_PACKET protocol family
[    4.538285] 9pnet: Installing 9P2000 support
[    4.538683] Key type dns_resolver registered
[    4.539817] IPI shorthand broadcast: enabled
[    4.540251] sched_clock: Marking stable (4527779086, 12397857)->(4551378720, -11201777)
[    4.541590] registered taskstats version 1
[    4.542053] Loading compiled-in X.509 certificates
[    4.542708] zswap: loaded using pool lzo/zbud
[    4.543527] Key type .fscrypt registered
[    4.543849] Key type fscrypt-provisioning registered
[    4.545163] Key type encrypted registered
[    4.545519] ima: No TPM chip found, activating TPM-bypass!
[    4.545969] ima: Allocated hash algorithm: sha1
[    4.546369] ima: No architecture policies found
[    4.546807] evm: Initialising EVM extended attributes:
[    4.547223] evm: security.selinux
[    4.547492] evm: security.SMACK64
[    4.547761] evm: security.SMACK64EXEC
[    4.548078] evm: security.SMACK64TRANSMUTE
[    4.548408] evm: security.SMACK64MMAP
[    4.548704] evm: security.apparmor
[    4.548979] evm: security.ima
[    4.549230] evm: security.capability
[    4.549524] evm: HMAC attrs: 0x1
[    4.554521] PM:   Magic number: 2:846:592
[    4.555238] RAS: Correctable Errors collector initialized.
[    4.556860] md: Waiting for all devices to be available before autodetect
[    4.557250] md: If you don't use raid, use raid=noautodetect
[    4.557573] md: Autodetecting RAID arrays.
[    4.557816] md: autorun ...
[    4.557980] md: ... autorun DONE.
[    4.563176] EXT4-fs (sda): mounted filesystem with ordered data mode. Quota mode: none.
[    4.563690] VFS: Mounted root (ext4 filesystem) readonly on device 8:0.
[    4.565977] devtmpfs: mounted
[    4.573557] Freeing unused decrypted memory: 2036K
[    4.575486] Freeing unused kernel image (initmem) memory: 3672K
[    4.584058] Write protecting the kernel read-only data: 43008k
[    4.587207] Freeing unused kernel image (text/rodata gap) memory: 2028K
[    4.587883] Freeing unused kernel image (rodata/data gap) memory: 372K
[    4.698024] x86/mm: Checked W+X mappings: passed, no W+X pages found.
[    4.698377] Run /sbin/init as init process
[    4.778901] systemd[1]: RTC configured in localtime, applying delta of 0 minutes to system time.
[    4.804115] systemd[1]: systemd 239 (239-49.el8) running in system mode. (+PAM +AUDIT +SELINUX +IMA -APPARMOR +SMACK +SYSVINIT +UTMP +LIBCRYPTSETUP +GCRYPT +GNUTLS +ACL +XZ +LZ4 +SECCOMP +BLKID +ELFUTILS +KMOD +IDN2 -IDN +PCRE2 default-hierarchy=legacy)
[    4.805528] systemd[1]: Detected virtualization kvm.
[    4.805817] systemd[1]: Detected architecture x86-64.

Welcome to [0;31mCentOS Stream 8[0m!

[    4.859392] systemd[1]: Set hostname to <test>.
[    5.932062] random: crng init done
[    6.023437] systemd[1]: Created slice User and Session Slice.
[[0;32m  OK  [0m] Created slice User and Session Slice.
[    6.024690] systemd[1]: Listening on Device-mapper event daemon FIFOs.
[[0;32m  OK  [0m] Listening on Device-mapper event daemon FIFOs.
[    6.026189] systemd[1]: Set up automount Arbitrary Executable File Formats File System Automount Point.
[[0;32m  OK  [0m] Set up automount Arbitrary Executabâ€¦rmats File System Automount Point.
[    6.027525] systemd[1]: Listening on initctl Compatibility Named Pipe.
[[0;32m  OK  [0m] Listening on initctl Compatibility Named Pipe.
[    6.036067] systemd[1]: Listening on Process Core Dump Socket.
[[0;32m  OK  [0m] Listening on Process Core Dump Socket.
[    6.037063] systemd[1]: Listening on udev Kernel Socket.
[[0;32m  OK  [0m] Listening on udev Kernel Socket.
[[0;32m  OK  [0m] Created slice system-serial\x2dgetty.slice.
[[0;32m  OK  [0m] Listening on Journal Socket (/dev/log).
[[0;32m  OK  [0m] Listening on RPCbind Server Activation Socket.
[[0;32m  OK  [0m] Created slice system-getty.slice.
[[0;32m  OK  [0m] Reached target RPC Port Mapper.
[[0;32m  OK  [0m] Started Forward Password Requests to Wall Directory Watch.
[[0;32m  OK  [0m] Reached target Swap.
[[0;32m  OK  [0m] Created slice system-sshd\x2dkeygen.slice.
[[0;32m  OK  [0m] Listening on Journal Socket.
         Starting Setup Virtual Console...
         Starting Journal Service...
         Starting Monitoring of LVM2 mirrorsâ€¦ng dmeventd or progress polling...
         Starting Remount Root and Kernel File Systems...
         Mounting Kernel Debug File System...
         Mounting Huge Pages File System...
         Mounting POSIX Message Queue File System...
[[0;32m  OK  [0m] Listening on LVM2 poll daemon socket.
[[0;32m  OK  [0m] Listening on udev Control Socket.
         Starting udev Coldplug all Devices...
[[0;32m  OK  [0m] Reached target Slices.
[[0;32m  OK  [0m] Listening on multipathd control socket.
         Starting Load Kernel Modules...
[    6.332355] EXT4-fs (sda): re-mounted. Quota mode: none.
[[0;32m  OK  [0m] Started Journal Service.
[[0;32m  OK  [0m] Started Monitoring of LVM2 mirrors,â€¦sing dmeventd or progress polling.
[[0;32m  OK  [0m] Started Remount Root and Kernel File Systems.
[[0;32m  OK  [0m] Mounted Kernel Debug File System.
[[0;32m  OK  [0m] Mounted Huge Pages File System.
[[0;32m  OK  [0m] Mounted POSIX Message Queue File System.
[[0;1;31mFAILED[0m] Failed to start Load Kernel Modules.
See 'systemctl status systemd-modules-load.service' for details.
         Mounting FUSE Control File System...
         Starting Apply Kernel Variables...
         Mounting Kernel Configuration File System...
         Starting Load/Save Random Seed...
         Starting Create Static Device Nodes in /dev...
         Starting Flush Journal to Persistent Storage...
[[0;32m  OK  [0m] Started Setup Virtual Console.
[[0;32m  OK  [0m] Mounted FUSE Control File System.
[[0;32m  OK  [0m] Started Apply Kernel Variables.
[[0;32m  OK  [0m] Mounted Kernel Configuration File System.
[[0;32m  OK  [0m] Started Load/Save Random Seed.
[[0;32m  OK  [0m] Started Create Static Device Nodes in /dev.
         Starting udev Kernel Device Manager...
[[0;32m  OK  [0m] Started Flush Journal to Persistent Storage.
[[0;32m  OK  [0m] Started udev Kernel Device Manager.
[[0;32m  OK  [0m] Started udev Coldplug all Devices.
         Starting udev Wait for Complete Device Initialization...
         Starting Show Plymouth Boot Screen...
[[0;32m  OK  [0m] Started Show Plymouth Boot Screen.
[[0;32m  OK  [0m] Started Forward Password Requests to Plymouth Directory Watch.
[[0;32m  OK  [0m] Reached target Local Encrypted Volumes.
[[0;32m  OK  [0m] Reached target Paths.
[[0;32m  OK  [0m] Found device /dev/ttyS0.
[[0;32m  OK  [0m] Started udev Wait for Complete Device Initialization.
[[0;32m  OK  [0m] Reached target Local File Systems (Pre).
[[0;32m  OK  [0m] Reached target Local File Systems.
         Starting Tell Plymouth To Write Out Runtime Data...
         Starting Create Volatile Files and Directories...
         Starting Restore /run/initramfs on shutdown...
[[0;32m  OK  [0m] Listening on Load/Save RF Kill Switch Status /dev/rfkill Watch.
[[0;32m  OK  [0m] Started Tell Plymouth To Write Out Runtime Data.
[[0;32m  OK  [0m] Started Create Volatile Files and Directories.
[[0;32m  OK  [0m] Started Restore /run/initramfs on shutdown.
         Starting Security Auditing Service...
         Mounting RPC Pipe File System...
         Starting RPC Bind...
[[0;32m  OK  [0m] Mounted RPC Pipe File System.
[[0;32m  OK  [0m] Reached target rpc_pipefs.target.
[[0;32m  OK  [0m] Started RPC Bind.
[[0;32m  OK  [0m] Started Security Auditing Service.
         Starting Update UTMP about System Boot/Shutdown...
[[0;32m  OK  [0m] Started Update UTMP about System Boot/Shutdown.
[[0;32m  OK  [0m] Reached target System Initialization.
[[0;32m  OK  [0m] Started Daily Cleanup of Temporary Directories.
[[0;32m  OK  [0m] Started daily update of the root trust anchor for DNSSEC.
[[0;32m  OK  [0m] Listening on D-Bus System Message Bus Socket.
[[0;32m  OK  [0m] Listening on SSSD Kerberos Cache Manager responder socket.
[[0;32m  OK  [0m] Reached target Sockets.
[[0;32m  OK  [0m] Reached target Basic System.
         Starting Login Service...
         Starting Self Monitoring and Reporting Technology (SMART) Daemon...
[[0;32m  OK  [0m] Reached target sshd-keygen.target.
[[0;32m  OK  [0m] Started Machine Check Exception Logging Daemon.
         Starting NTP client/server...
         Starting Auto-connect to subsystemsâ€¦-NVME devices found during boot...
[[0;32m  OK  [0m] Started irqbalance daemon.
[[0;32m  OK  [0m] Started D-Bus System Message Bus.
         Starting Network Manager...
         Starting Authorization Manager...
[[0;32m  OK  [0m] Started dnf makecache --timer.
[[0;32m  OK  [0m] Reached target Timers.
[[0;32m  OK  [0m] Started Self Monitoring and Reporting Technology (SMART) Daemon.
[[0;32m  OK  [0m] Started Auto-connect to subsystems â€¦FC-NVME devices found during boot.
         Starting update of the root trust aâ€¦or DNSSEC validation in unbound...
[[0;32m  OK  [0m] Started Login Service.
[[0;32m  OK  [0m] Started NTP client/server.
[[0;32m  OK  [0m] Started Network Manager.
[[0;32m  OK  [0m] Reached target Network.
         Starting Dynamic System Tuning Daemon...
         Starting OpenSSH server daemon...
         Starting GSSAPI Proxy Daemon...
         Starting Network Manager Wait Online...
[[0;32m  OK  [0m] Started update of the root trust anâ€¦ for DNSSEC validation in unbound.
         Starting Hostname Service...
[[0;32m  OK  [0m] Started OpenSSH server daemon.
[[0;32m  OK  [0m] Started GSSAPI Proxy Daemon.
[[0;32m  OK  [0m] Started Authorization Manager.
[[0;32m  OK  [0m] Reached target NFS client services.
[[0;32m  OK  [0m] Reached target Remote File Systems (Pre).
[[0;32m  OK  [0m] Reached target Remote File Systems.
         Starting Permit User Sessions...
[[0;32m  OK  [0m] Started Permit User Sessions.
         Starting Hold until boot process finishes up...
[[0;32m  OK  [0m] Started Command Scheduler.
         Starting Terminate Plymouth Boot Screen...
[    8.432181] e1000: eth0 NIC Link is Up 1000 Mbps Full Duplex, Flow Control: RX
[    8.433045] IPv6: ADDRCONF(NETDEV_CHANGE): eth0: link becomes ready
[    8.639609] Spectre V2 : WARNING: Unprivileged eBPF is enabled with eIBRS on, data leaks possible via Spectre v2 BHB attacks!
[    8.640368] Spectre V2 : WARNING: Unprivileged eBPF is enabled with eIBRS on, data leaks possible via Spectre v2 BHB attacks!

CentOS Stream 8
Kernel 6.1.0-830b3c68c1fb-51ae846cff56-revert+ on an x86_64

test login: [   28.578764] warning: checkpointing journal with EXT4_IOC_CHECKPOINT_FLAG_ZEROOUT can be slow
[   28.844483] warning: checkpointing journal with EXT4_IOC_CHECKPOINT_FLAG_ZEROOUT can be slow
[   29.070443] warning: checkpointing journal with EXT4_IOC_CHECKPOINT_FLAG_ZEROOUT can be slow
[   29.294339] warning: checkpointing journal with EXT4_IOC_CHECKPOINT_FLAG_ZEROOUT can be slow
[   29.515799] warning: checkpointing journal with EXT4_IOC_CHECKPOINT_FLAG_ZEROOUT can be slow
[   29.736645] warning: checkpointing journal with EXT4_IOC_CHECKPOINT_FLAG_ZEROOUT can be slow
[   29.957538] warning: checkpointing journal with EXT4_IOC_CHECKPOINT_FLAG_ZEROOUT can be slow
[   30.177446] warning: checkpointing journal with EXT4_IOC_CHECKPOINT_FLAG_ZEROOUT can be slow
[   30.397380] warning: checkpointing journal with EXT4_IOC_CHECKPOINT_FLAG_ZEROOUT can be slow
[   30.618259] warning: checkpointing journal with EXT4_IOC_CHECKPOINT_FLAG_ZEROOUT can be slow
[   33.679894] ext4_ioctl_checkpoint: 13 callbacks suppressed
[   33.679905] warning: checkpointing journal with EXT4_IOC_CHECKPOINT_FLAG_ZEROOUT can be slow
[   33.898591] warning: checkpointing journal with EXT4_IOC_CHECKPOINT_FLAG_ZEROOUT can be slow
[   34.117410] warning: checkpointing journal with EXT4_IOC_CHECKPOINT_FLAG_ZEROOUT can be slow
[   34.336810] warning: checkpointing journal with EXT4_IOC_CHECKPOINT_FLAG_ZEROOUT can be slow
[   34.556322] warning: checkpointing journal with EXT4_IOC_CHECKPOINT_FLAG_ZEROOUT can be slow
[   34.775457] warning: checkpointing journal with EXT4_IOC_CHECKPOINT_FLAG_ZEROOUT can be slow
[   34.994573] warning: checkpointing journal with EXT4_IOC_CHECKPOINT_FLAG_ZEROOUT can be slow
[   35.213899] warning: checkpointing journal with EXT4_IOC_CHECKPOINT_FLAG_ZEROOUT can be slow
[   35.434149] warning: checkpointing journal with EXT4_IOC_CHECKPOINT_FLAG_ZEROOUT can be slow
[   35.653863] warning: checkpointing journal with EXT4_IOC_CHECKPOINT_FLAG_ZEROOUT can be slow
[   38.719642] ext4_ioctl_checkpoint: 13 callbacks suppressed
[   38.719653] warning: checkpointing journal with EXT4_IOC_CHECKPOINT_FLAG_ZEROOUT can be slow
[   38.940095] warning: checkpointing journal with EXT4_IOC_CHECKPOINT_FLAG_ZEROOUT can be slow
[   39.161945] warning: checkpointing journal with EXT4_IOC_CHECKPOINT_FLAG_ZEROOUT can be slow
[   39.380898] warning: checkpointing journal with EXT4_IOC_CHECKPOINT_FLAG_ZEROOUT can be slow
[   39.599910] warning: checkpointing journal with EXT4_IOC_CHECKPOINT_FLAG_ZEROOUT can be slow
[   39.818713] warning: checkpointing journal with EXT4_IOC_CHECKPOINT_FLAG_ZEROOUT can be slow
[   40.038277] warning: checkpointing journal with EXT4_IOC_CHECKPOINT_FLAG_ZEROOUT can be slow
[   40.258855] warning: checkpointing journal with EXT4_IOC_CHECKPOINT_FLAG_ZEROOUT can be slow
[   40.478483] warning: checkpointing journal with EXT4_IOC_CHECKPOINT_FLAG_ZEROOUT can be slow
[   40.698965] warning: checkpointing journal with EXT4_IOC_CHECKPOINT_FLAG_ZEROOUT can be slow
[   43.742042] ext4_ioctl_checkpoint: 13 callbacks suppressed
[   43.742053] warning: checkpointing journal with EXT4_IOC_CHECKPOINT_FLAG_ZEROOUT can be slow
[   43.961925] warning: checkpointing journal with EXT4_IOC_CHECKPOINT_FLAG_ZEROOUT can be slow
[   44.181331] warning: checkpointing journal with EXT4_IOC_CHECKPOINT_FLAG_ZEROOUT can be slow
[   44.400867] warning: checkpointing journal with EXT4_IOC_CHECKPOINT_FLAG_ZEROOUT can be slow
[   44.620598] warning: checkpointing journal with EXT4_IOC_CHECKPOINT_FLAG_ZEROOUT can be slow
[   44.841146] warning: checkpointing journal with EXT4_IOC_CHECKPOINT_FLAG_ZEROOUT can be slow
[   45.060801] warning: checkpointing journal with EXT4_IOC_CHECKPOINT_FLAG_ZEROOUT can be slow
[   45.280923] warning: checkpointing journal with EXT4_IOC_CHECKPOINT_FLAG_ZEROOUT can be slow
[   45.500951] warning: checkpointing journal with EXT4_IOC_CHECKPOINT_FLAG_ZEROOUT can be slow
[   45.720628] warning: checkpointing journal with EXT4_IOC_CHECKPOINT_FLAG_ZEROOUT can be slow
[   48.801763] ext4_ioctl_checkpoint: 13 callbacks suppressed
[   48.801776] warning: checkpointing journal with EXT4_IOC_CHECKPOINT_FLAG_ZEROOUT can be slow
[   49.025961] warning: checkpointing journal with EXT4_IOC_CHECKPOINT_FLAG_ZEROOUT can be slow
[   49.249880] warning: checkpointing journal with EXT4_IOC_CHECKPOINT_FLAG_ZEROOUT can be slow
[   49.473127] warning: checkpointing journal with EXT4_IOC_CHECKPOINT_FLAG_ZEROOUT can be slow
[   49.695486] warning: checkpointing journal with EXT4_IOC_CHECKPOINT_FLAG_ZEROOUT can be slow
[   49.917558] warning: checkpointing journal with EXT4_IOC_CHECKPOINT_FLAG_ZEROOUT can be slow
[   50.137999] warning: checkpointing journal with EXT4_IOC_CHECKPOINT_FLAG_ZEROOUT can be slow
[   50.358169] warning: checkpointing journal with EXT4_IOC_CHECKPOINT_FLAG_ZEROOUT can be slow
[   50.578037] warning: checkpointing journal with EXT4_IOC_CHECKPOINT_FLAG_ZEROOUT can be slow
[   50.798033] warning: checkpointing journal with EXT4_IOC_CHECKPOINT_FLAG_ZEROOUT can be slow
[   53.883033] ext4_ioctl_checkpoint: 13 callbacks suppressed
[   53.883045] warning: checkpointing journal with EXT4_IOC_CHECKPOINT_FLAG_ZEROOUT can be slow
[   54.105146] warning: checkpointing journal with EXT4_IOC_CHECKPOINT_FLAG_ZEROOUT can be slow
[   54.327168] warning: checkpointing journal with EXT4_IOC_CHECKPOINT_FLAG_ZEROOUT can be slow
[   54.548560] warning: checkpointing journal with EXT4_IOC_CHECKPOINT_FLAG_ZEROOUT can be slow
[   54.770586] warning: checkpointing journal with EXT4_IOC_CHECKPOINT_FLAG_ZEROOUT can be slow
[   54.993032] warning: checkpointing journal with EXT4_IOC_CHECKPOINT_FLAG_ZEROOUT can be slow
[   55.216926] warning: checkpointing journal with EXT4_IOC_CHECKPOINT_FLAG_ZEROOUT can be slow
[   55.440596] warning: checkpointing journal with EXT4_IOC_CHECKPOINT_FLAG_ZEROOUT can be slow
[   55.664064] warning: checkpointing journal with EXT4_IOC_CHECKPOINT_FLAG_ZEROOUT can be slow
[   55.887048] warning: checkpointing journal with EXT4_IOC_CHECKPOINT_FLAG_ZEROOUT can be slow
[   59.004829] ext4_ioctl_checkpoint: 13 callbacks suppressed
[   59.004841] warning: checkpointing journal with EXT4_IOC_CHECKPOINT_FLAG_ZEROOUT can be slow
[   59.225852] warning: checkpointing journal with EXT4_IOC_CHECKPOINT_FLAG_ZEROOUT can be slow
[   59.447248] warning: checkpointing journal with EXT4_IOC_CHECKPOINT_FLAG_ZEROOUT can be slow
[   59.667935] warning: checkpointing journal with EXT4_IOC_CHECKPOINT_FLAG_ZEROOUT can be slow
[   59.888227] warning: checkpointing journal with EXT4_IOC_CHECKPOINT_FLAG_ZEROOUT can be slow
[   60.108695] warning: checkpointing journal with EXT4_IOC_CHECKPOINT_FLAG_ZEROOUT can be slow
[   60.329132] warning: checkpointing journal with EXT4_IOC_CHECKPOINT_FLAG_ZEROOUT can be slow
[   60.549795] warning: checkpointing journal with EXT4_IOC_CHECKPOINT_FLAG_ZEROOUT can be slow
[   60.770209] warning: checkpointing journal with EXT4_IOC_CHECKPOINT_FLAG_ZEROOUT can be slow
[   60.990298] warning: checkpointing journal with EXT4_IOC_CHECKPOINT_FLAG_ZEROOUT can be slow
[   64.062311] ext4_ioctl_checkpoint: 13 callbacks suppressed
[   64.062324] warning: checkpointing journal with EXT4_IOC_CHECKPOINT_FLAG_ZEROOUT can be slow
[   64.282495] warning: checkpointing journal with EXT4_IOC_CHECKPOINT_FLAG_ZEROOUT can be slow
[   64.502496] warning: checkpointing journal with EXT4_IOC_CHECKPOINT_FLAG_ZEROOUT can be slow
[   64.723113] warning: checkpointing journal with EXT4_IOC_CHECKPOINT_FLAG_ZEROOUT can be slow
[   64.942555] warning: checkpointing journal with EXT4_IOC_CHECKPOINT_FLAG_ZEROOUT can be slow
[   65.162058] warning: checkpointing journal with EXT4_IOC_CHECKPOINT_FLAG_ZEROOUT can be slow
[   65.381509] warning: checkpointing journal with EXT4_IOC_CHECKPOINT_FLAG_ZEROOUT can be slow
[   65.601344] warning: checkpointing journal with EXT4_IOC_CHECKPOINT_FLAG_ZEROOUT can be slow
[   65.821048] warning: checkpointing journal with EXT4_IOC_CHECKPOINT_FLAG_ZEROOUT can be slow
[   66.041454] warning: checkpointing journal with EXT4_IOC_CHECKPOINT_FLAG_ZEROOUT can be slow
[   69.151281] ext4_ioctl_checkpoint: 13 callbacks suppressed
[   69.151293] warning: checkpointing journal with EXT4_IOC_CHECKPOINT_FLAG_ZEROOUT can be slow
[   69.372214] warning: checkpointing journal with EXT4_IOC_CHECKPOINT_FLAG_ZEROOUT can be slow
[   69.592753] warning: checkpointing journal with EXT4_IOC_CHECKPOINT_FLAG_ZEROOUT can be slow
[   69.812777] warning: checkpointing journal with EXT4_IOC_CHECKPOINT_FLAG_ZEROOUT can be slow
[   70.033437] warning: checkpointing journal with EXT4_IOC_CHECKPOINT_FLAG_ZEROOUT can be slow
[   70.253243] warning: checkpointing journal with EXT4_IOC_CHECKPOINT_FLAG_ZEROOUT can be slow
[   70.473251] warning: checkpointing journal with EXT4_IOC_CHECKPOINT_FLAG_ZEROOUT can be slow
[   70.692908] warning: checkpointing journal with EXT4_IOC_CHECKPOINT_FLAG_ZEROOUT can be slow
[   70.912830] warning: checkpointing journal with EXT4_IOC_CHECKPOINT_FLAG_ZEROOUT can be slow
[   71.131565] warning: checkpointing journal with EXT4_IOC_CHECKPOINT_FLAG_ZEROOUT can be slow
[   74.200905] ext4_ioctl_checkpoint: 13 callbacks suppressed
[   74.200917] warning: checkpointing journal with EXT4_IOC_CHECKPOINT_FLAG_ZEROOUT can be slow
[   74.420657] warning: checkpointing journal with EXT4_IOC_CHECKPOINT_FLAG_ZEROOUT can be slow
[   74.640580] warning: checkpointing journal with EXT4_IOC_CHECKPOINT_FLAG_ZEROOUT can be slow
[   74.860297] warning: checkpointing journal with EXT4_IOC_CHECKPOINT_FLAG_ZEROOUT can be slow
[   75.079767] warning: checkpointing journal with EXT4_IOC_CHECKPOINT_FLAG_ZEROOUT can be slow
[   75.299660] warning: checkpointing journal with EXT4_IOC_CHECKPOINT_FLAG_ZEROOUT can be slow
[   75.519502] warning: checkpointing journal with EXT4_IOC_CHECKPOINT_FLAG_ZEROOUT can be slow
[   75.739245] warning: checkpointing journal with EXT4_IOC_CHECKPOINT_FLAG_ZEROOUT can be slow
[   75.958537] warning: checkpointing journal with EXT4_IOC_CHECKPOINT_FLAG_ZEROOUT can be slow
[   76.178176] warning: checkpointing journal with EXT4_IOC_CHECKPOINT_FLAG_ZEROOUT can be slow
[   79.247679] ext4_ioctl_checkpoint: 13 callbacks suppressed
[   79.247691] warning: checkpointing journal with EXT4_IOC_CHECKPOINT_FLAG_ZEROOUT can be slow
[   79.466861] warning: checkpointing journal with EXT4_IOC_CHECKPOINT_FLAG_ZEROOUT can be slow
[   79.686309] warning: checkpointing journal with EXT4_IOC_CHECKPOINT_FLAG_ZEROOUT can be slow
[   79.906405] warning: checkpointing journal with EXT4_IOC_CHECKPOINT_FLAG_ZEROOUT can be slow
[   80.125187] warning: checkpointing journal with EXT4_IOC_CHECKPOINT_FLAG_ZEROOUT can be slow
[   80.344686] warning: checkpointing journal with EXT4_IOC_CHECKPOINT_FLAG_ZEROOUT can be slow
[   80.563918] warning: checkpointing journal with EXT4_IOC_CHECKPOINT_FLAG_ZEROOUT can be slow
[   80.784286] warning: checkpointing journal with EXT4_IOC_CHECKPOINT_FLAG_ZEROOUT can be slow
[   81.005411] warning: checkpointing journal with EXT4_IOC_CHECKPOINT_FLAG_ZEROOUT can be slow
[   81.225219] warning: checkpointing journal with EXT4_IOC_CHECKPOINT_FLAG_ZEROOUT can be slow
[   84.292615] ext4_ioctl_checkpoint: 13 callbacks suppressed
[   84.292626] warning: checkpointing journal with EXT4_IOC_CHECKPOINT_FLAG_ZEROOUT can be slow
[   84.512467] warning: checkpointing journal with EXT4_IOC_CHECKPOINT_FLAG_ZEROOUT can be slow
[   84.732248] warning: checkpointing journal with EXT4_IOC_CHECKPOINT_FLAG_ZEROOUT can be slow
[   84.952123] warning: checkpointing journal with EXT4_IOC_CHECKPOINT_FLAG_ZEROOUT can be slow
[   85.171747] warning: checkpointing journal with EXT4_IOC_CHECKPOINT_FLAG_ZEROOUT can be slow
[   85.391985] warning: checkpointing journal with EXT4_IOC_CHECKPOINT_FLAG_ZEROOUT can be slow
[   85.611891] warning: checkpointing journal with EXT4_IOC_CHECKPOINT_FLAG_ZEROOUT can be slow
[   85.833039] warning: checkpointing journal with EXT4_IOC_CHECKPOINT_FLAG_ZEROOUT can be slow
[   86.052952] warning: checkpointing journal with EXT4_IOC_CHECKPOINT_FLAG_ZEROOUT can be slow
[   86.272483] warning: checkpointing journal with EXT4_IOC_CHECKPOINT_FLAG_ZEROOUT can be slow
[   89.341073] ext4_ioctl_checkpoint: 13 callbacks suppressed
[   89.341085] warning: checkpointing journal with EXT4_IOC_CHECKPOINT_FLAG_ZEROOUT can be slow
[   89.560279] warning: checkpointing journal with EXT4_IOC_CHECKPOINT_FLAG_ZEROOUT can be slow
[   89.779605] warning: checkpointing journal with EXT4_IOC_CHECKPOINT_FLAG_ZEROOUT can be slow
[   89.998715] warning: checkpointing journal with EXT4_IOC_CHECKPOINT_FLAG_ZEROOUT can be slow
[   90.218503] warning: checkpointing journal with EXT4_IOC_CHECKPOINT_FLAG_ZEROOUT can be slow
[   90.438238] warning: checkpointing journal with EXT4_IOC_CHECKPOINT_FLAG_ZEROOUT can be slow
[   90.657720] warning: checkpointing journal with EXT4_IOC_CHECKPOINT_FLAG_ZEROOUT can be slow
[   90.878420] warning: checkpointing journal with EXT4_IOC_CHECKPOINT_FLAG_ZEROOUT can be slow
[   91.097444] warning: checkpointing journal with EXT4_IOC_CHECKPOINT_FLAG_ZEROOUT can be slow
[   91.316978] warning: checkpointing journal with EXT4_IOC_CHECKPOINT_FLAG_ZEROOUT can be slow
[   94.383373] ext4_ioctl_checkpoint: 13 callbacks suppressed
[   94.383385] warning: checkpointing journal with EXT4_IOC_CHECKPOINT_FLAG_ZEROOUT can be slow
[   94.602915] warning: checkpointing journal with EXT4_IOC_CHECKPOINT_FLAG_ZEROOUT can be slow
[   94.822068] warning: checkpointing journal with EXT4_IOC_CHECKPOINT_FLAG_ZEROOUT can be slow
[   95.041614] warning: checkpointing journal with EXT4_IOC_CHECKPOINT_FLAG_ZEROOUT can be slow
[   95.261524] warning: checkpointing journal with EXT4_IOC_CHECKPOINT_FLAG_ZEROOUT can be slow
[   95.480757] warning: checkpointing journal with EXT4_IOC_CHECKPOINT_FLAG_ZEROOUT can be slow
[   95.700890] warning: checkpointing journal with EXT4_IOC_CHECKPOINT_FLAG_ZEROOUT can be slow
[   95.919789] warning: checkpointing journal with EXT4_IOC_CHECKPOINT_FLAG_ZEROOUT can be slow
[   96.138906] warning: checkpointing journal with EXT4_IOC_CHECKPOINT_FLAG_ZEROOUT can be slow
[   96.358221] warning: checkpointing journal with EXT4_IOC_CHECKPOINT_FLAG_ZEROOUT can be slow
[   99.423806] ext4_ioctl_checkpoint: 13 callbacks suppressed
[   99.423818] warning: checkpointing journal with EXT4_IOC_CHECKPOINT_FLAG_ZEROOUT can be slow
[   99.643029] warning: checkpointing journal with EXT4_IOC_CHECKPOINT_FLAG_ZEROOUT can be slow
[   99.862473] warning: checkpointing journal with EXT4_IOC_CHECKPOINT_FLAG_ZEROOUT can be slow
[  100.082385] warning: checkpointing journal with EXT4_IOC_CHECKPOINT_FLAG_ZEROOUT can be slow
[  100.301904] warning: checkpointing journal with EXT4_IOC_CHECKPOINT_FLAG_ZEROOUT can be slow
[  100.521408] warning: checkpointing journal with EXT4_IOC_CHECKPOINT_FLAG_ZEROOUT can be slow
[  100.741684] warning: checkpointing journal with EXT4_IOC_CHECKPOINT_FLAG_ZEROOUT can be slow
[  100.961574] warning: checkpointing journal with EXT4_IOC_CHECKPOINT_FLAG_ZEROOUT can be slow
[  101.180985] warning: checkpointing journal with EXT4_IOC_CHECKPOINT_FLAG_ZEROOUT can be slow
[  101.399932] warning: checkpointing journal with EXT4_IOC_CHECKPOINT_FLAG_ZEROOUT can be slow
[  104.473599] ext4_ioctl_checkpoint: 13 callbacks suppressed
[  104.473612] warning: checkpointing journal with EXT4_IOC_CHECKPOINT_FLAG_ZEROOUT can be slow
[  104.693149] warning: checkpointing journal with EXT4_IOC_CHECKPOINT_FLAG_ZEROOUT can be slow
[  104.912812] warning: checkpointing journal with EXT4_IOC_CHECKPOINT_FLAG_ZEROOUT can be slow
[  105.133718] warning: checkpointing journal with EXT4_IOC_CHECKPOINT_FLAG_ZEROOUT can be slow
[  105.353496] warning: checkpointing journal with EXT4_IOC_CHECKPOINT_FLAG_ZEROOUT can be slow
[  105.572630] warning: checkpointing journal with EXT4_IOC_CHECKPOINT_FLAG_ZEROOUT can be slow
[  105.792465] warning: checkpointing journal with EXT4_IOC_CHECKPOINT_FLAG_ZEROOUT can be slow
[  106.012184] warning: checkpointing journal with EXT4_IOC_CHECKPOINT_FLAG_ZEROOUT can be slow
[  106.231383] warning: checkpointing journal with EXT4_IOC_CHECKPOINT_FLAG_ZEROOUT can be slow
[  106.450439] warning: checkpointing journal with EXT4_IOC_CHECKPOINT_FLAG_ZEROOUT can be slow
[  109.517102] ext4_ioctl_checkpoint: 13 callbacks suppressed
[  109.517113] warning: checkpointing journal with EXT4_IOC_CHECKPOINT_FLAG_ZEROOUT can be slow
[  109.736589] warning: checkpointing journal with EXT4_IOC_CHECKPOINT_FLAG_ZEROOUT can be slow
[  109.956516] warning: checkpointing journal with EXT4_IOC_CHECKPOINT_FLAG_ZEROOUT can be slow
[  110.176317] warning: checkpointing journal with EXT4_IOC_CHECKPOINT_FLAG_ZEROOUT can be slow
[  110.395899] warning: checkpointing journal with EXT4_IOC_CHECKPOINT_FLAG_ZEROOUT can be slow
[  110.615884] warning: checkpointing journal with EXT4_IOC_CHECKPOINT_FLAG_ZEROOUT can be slow
[  110.835116] warning: checkpointing journal with EXT4_IOC_CHECKPOINT_FLAG_ZEROOUT can be slow
[  111.053652] warning: checkpointing journal with EXT4_IOC_CHECKPOINT_FLAG_ZEROOUT can be slow
[  111.273370] warning: checkpointing journal with EXT4_IOC_CHECKPOINT_FLAG_ZEROOUT can be slow
[  111.492781] warning: checkpointing journal with EXT4_IOC_CHECKPOINT_FLAG_ZEROOUT can be slow
[  114.559168] ext4_ioctl_checkpoint: 13 callbacks suppressed
[  114.559179] warning: checkpointing journal with EXT4_IOC_CHECKPOINT_FLAG_ZEROOUT can be slow
[  114.779082] warning: checkpointing journal with EXT4_IOC_CHECKPOINT_FLAG_ZEROOUT can be slow
[  114.999580] warning: checkpointing journal with EXT4_IOC_CHECKPOINT_FLAG_ZEROOUT can be slow
[  115.219002] warning: checkpointing journal with EXT4_IOC_CHECKPOINT_FLAG_ZEROOUT can be slow
[  115.438599] warning: checkpointing journal with EXT4_IOC_CHECKPOINT_FLAG_ZEROOUT can be slow
[  115.658803] warning: checkpointing journal with EXT4_IOC_CHECKPOINT_FLAG_ZEROOUT can be slow
[  115.878357] warning: checkpointing journal with EXT4_IOC_CHECKPOINT_FLAG_ZEROOUT can be slow
[  116.098492] warning: checkpointing journal with EXT4_IOC_CHECKPOINT_FLAG_ZEROOUT can be slow
[  116.318365] warning: checkpointing journal with EXT4_IOC_CHECKPOINT_FLAG_ZEROOUT can be slow
[  116.538190] warning: checkpointing journal with EXT4_IOC_CHECKPOINT_FLAG_ZEROOUT can be slow
[  119.670878] ext4_ioctl_checkpoint: 13 callbacks suppressed
[  119.670890] warning: checkpointing journal with EXT4_IOC_CHECKPOINT_FLAG_ZEROOUT can be slow
[  119.890523] warning: checkpointing journal with EXT4_IOC_CHECKPOINT_FLAG_ZEROOUT can be slow
[  120.110105] warning: checkpointing journal with EXT4_IOC_CHECKPOINT_FLAG_ZEROOUT can be slow
[  120.329992] warning: checkpointing journal with EXT4_IOC_CHECKPOINT_FLAG_ZEROOUT can be slow
[  120.549478] warning: checkpointing journal with EXT4_IOC_CHECKPOINT_FLAG_ZEROOUT can be slow
[  120.768682] warning: checkpointing journal with EXT4_IOC_CHECKPOINT_FLAG_ZEROOUT can be slow
[  120.987931] warning: checkpointing journal with EXT4_IOC_CHECKPOINT_FLAG_ZEROOUT can be slow
[  121.206635] warning: checkpointing journal with EXT4_IOC_CHECKPOINT_FLAG_ZEROOUT can be slow
[  121.426184] warning: checkpointing journal with EXT4_IOC_CHECKPOINT_FLAG_ZEROOUT can be slow
[  121.645496] warning: checkpointing journal with EXT4_IOC_CHECKPOINT_FLAG_ZEROOUT can be slow
[  124.713835] ext4_ioctl_checkpoint: 13 callbacks suppressed
[  124.713847] warning: checkpointing journal with EXT4_IOC_CHECKPOINT_FLAG_ZEROOUT can be slow
[  124.933498] warning: checkpointing journal with EXT4_IOC_CHECKPOINT_FLAG_ZEROOUT can be slow
[  125.153923] warning: checkpointing journal with EXT4_IOC_CHECKPOINT_FLAG_ZEROOUT can be slow
[  125.374737] warning: checkpointing journal with EXT4_IOC_CHECKPOINT_FLAG_ZEROOUT can be slow
[  125.594590] warning: checkpointing journal with EXT4_IOC_CHECKPOINT_FLAG_ZEROOUT can be slow
[  125.813486] warning: checkpointing journal with EXT4_IOC_CHECKPOINT_FLAG_ZEROOUT can be slow
[  126.033083] warning: checkpointing journal with EXT4_IOC_CHECKPOINT_FLAG_ZEROOUT can be slow
[  126.252869] warning: checkpointing journal with EXT4_IOC_CHECKPOINT_FLAG_ZEROOUT can be slow
[  126.472969] warning: checkpointing journal with EXT4_IOC_CHECKPOINT_FLAG_ZEROOUT can be slow
[  126.692865] warning: checkpointing journal with EXT4_IOC_CHECKPOINT_FLAG_ZEROOUT can be slow
[  129.765888] ext4_ioctl_checkpoint: 13 callbacks suppressed
[  129.765900] warning: checkpointing journal with EXT4_IOC_CHECKPOINT_FLAG_ZEROOUT can be slow
[  129.986774] warning: checkpointing journal with EXT4_IOC_CHECKPOINT_FLAG_ZEROOUT can be slow
[  130.207432] warning: checkpointing journal with EXT4_IOC_CHECKPOINT_FLAG_ZEROOUT can be slow
[  130.428477] warning: checkpointing journal with EXT4_IOC_CHECKPOINT_FLAG_ZEROOUT can be slow
[  130.648318] warning: checkpointing journal with EXT4_IOC_CHECKPOINT_FLAG_ZEROOUT can be slow
[  130.868523] warning: checkpointing journal with EXT4_IOC_CHECKPOINT_FLAG_ZEROOUT can be slow
[  131.088253] warning: checkpointing journal with EXT4_IOC_CHECKPOINT_FLAG_ZEROOUT can be slow
[  131.308076] warning: checkpointing journal with EXT4_IOC_CHECKPOINT_FLAG_ZEROOUT can be slow
[  131.528965] warning: checkpointing journal with EXT4_IOC_CHECKPOINT_FLAG_ZEROOUT can be slow
[  131.748784] warning: checkpointing journal with EXT4_IOC_CHECKPOINT_FLAG_ZEROOUT can be slow
[  134.814251] ext4_ioctl_checkpoint: 13 callbacks suppressed
[  134.814263] warning: checkpointing journal with EXT4_IOC_CHECKPOINT_FLAG_ZEROOUT can be slow
[  135.035236] warning: checkpointing journal with EXT4_IOC_CHECKPOINT_FLAG_ZEROOUT can be slow
[  135.254734] warning: checkpointing journal with EXT4_IOC_CHECKPOINT_FLAG_ZEROOUT can be slow
[  135.474347] warning: checkpointing journal with EXT4_IOC_CHECKPOINT_FLAG_ZEROOUT can be slow
[  135.694139] warning: checkpointing journal with EXT4_IOC_CHECKPOINT_FLAG_ZEROOUT can be slow
[  135.914375] warning: checkpointing journal with EXT4_IOC_CHECKPOINT_FLAG_ZEROOUT can be slow
[  136.134286] warning: checkpointing journal with EXT4_IOC_CHECKPOINT_FLAG_ZEROOUT can be slow
[  136.355113] warning: checkpointing journal with EXT4_IOC_CHECKPOINT_FLAG_ZEROOUT can be slow
[  136.574391] warning: checkpointing journal with EXT4_IOC_CHECKPOINT_FLAG_ZEROOUT can be slow
[  136.794312] warning: checkpointing journal with EXT4_IOC_CHECKPOINT_FLAG_ZEROOUT can be slow
[  139.863282] ext4_ioctl_checkpoint: 13 callbacks suppressed
[  139.863294] warning: checkpointing journal with EXT4_IOC_CHECKPOINT_FLAG_ZEROOUT can be slow
[  140.083194] warning: checkpointing journal with EXT4_IOC_CHECKPOINT_FLAG_ZEROOUT can be slow
[  140.302512] warning: checkpointing journal with EXT4_IOC_CHECKPOINT_FLAG_ZEROOUT can be slow
[  140.522216] warning: checkpointing journal with EXT4_IOC_CHECKPOINT_FLAG_ZEROOUT can be slow
[  140.742399] warning: checkpointing journal with EXT4_IOC_CHECKPOINT_FLAG_ZEROOUT can be slow
[  140.962123] warning: checkpointing journal with EXT4_IOC_CHECKPOINT_FLAG_ZEROOUT can be slow
[  141.182572] warning: checkpointing journal with EXT4_IOC_CHECKPOINT_FLAG_ZEROOUT can be slow
[  141.401788] warning: checkpointing journal with EXT4_IOC_CHECKPOINT_FLAG_ZEROOUT can be slow
[  141.621575] warning: checkpointing journal with EXT4_IOC_CHECKPOINT_FLAG_ZEROOUT can be slow
[  141.841131] warning: checkpointing journal with EXT4_IOC_CHECKPOINT_FLAG_ZEROOUT can be slow
[  144.909327] ext4_ioctl_checkpoint: 13 callbacks suppressed
[  144.909339] warning: checkpointing journal with EXT4_IOC_CHECKPOINT_FLAG_ZEROOUT can be slow
[  145.129671] warning: checkpointing journal with EXT4_IOC_CHECKPOINT_FLAG_ZEROOUT can be slow
[  145.349376] warning: checkpointing journal with EXT4_IOC_CHECKPOINT_FLAG_ZEROOUT can be slow
[  145.569465] warning: checkpointing journal with EXT4_IOC_CHECKPOINT_FLAG_ZEROOUT can be slow
[  145.789384] warning: checkpointing journal with EXT4_IOC_CHECKPOINT_FLAG_ZEROOUT can be slow
[  146.009535] warning: checkpointing journal with EXT4_IOC_CHECKPOINT_FLAG_ZEROOUT can be slow
[  146.230495] warning: checkpointing journal with EXT4_IOC_CHECKPOINT_FLAG_ZEROOUT can be slow
[  146.450516] warning: checkpointing journal with EXT4_IOC_CHECKPOINT_FLAG_ZEROOUT can be slow
[  146.670630] warning: checkpointing journal with EXT4_IOC_CHECKPOINT_FLAG_ZEROOUT can be slow
[  146.890345] warning: checkpointing journal with EXT4_IOC_CHECKPOINT_FLAG_ZEROOUT can be slow
[  149.968331] ext4_ioctl_checkpoint: 13 callbacks suppressed
[  149.968343] warning: checkpointing journal with EXT4_IOC_CHECKPOINT_FLAG_ZEROOUT can be slow
[  150.189239] warning: checkpointing journal with EXT4_IOC_CHECKPOINT_FLAG_ZEROOUT can be slow
[  150.409245] warning: checkpointing journal with EXT4_IOC_CHECKPOINT_FLAG_ZEROOUT can be slow
[  150.629543] warning: checkpointing journal with EXT4_IOC_CHECKPOINT_FLAG_ZEROOUT can be slow
[  150.849470] warning: checkpointing journal with EXT4_IOC_CHECKPOINT_FLAG_ZEROOUT can be slow
[  151.069042] warning: checkpointing journal with EXT4_IOC_CHECKPOINT_FLAG_ZEROOUT can be slow
[  151.290230] warning: checkpointing journal with EXT4_IOC_CHECKPOINT_FLAG_ZEROOUT can be slow
[  151.509941] warning: checkpointing journal with EXT4_IOC_CHECKPOINT_FLAG_ZEROOUT can be slow
[  151.730513] warning: checkpointing journal with EXT4_IOC_CHECKPOINT_FLAG_ZEROOUT can be slow
[  151.949896] warning: checkpointing journal with EXT4_IOC_CHECKPOINT_FLAG_ZEROOUT can be slow
[  155.019011] ext4_ioctl_checkpoint: 13 callbacks suppressed
[  155.019023] warning: checkpointing journal with EXT4_IOC_CHECKPOINT_FLAG_ZEROOUT can be slow
[  155.238621] warning: checkpointing journal with EXT4_IOC_CHECKPOINT_FLAG_ZEROOUT can be slow
[  155.458550] warning: checkpointing journal with EXT4_IOC_CHECKPOINT_FLAG_ZEROOUT can be slow
[  155.679601] warning: checkpointing journal with EXT4_IOC_CHECKPOINT_FLAG_ZEROOUT can be slow
[  155.899704] warning: checkpointing journal with EXT4_IOC_CHECKPOINT_FLAG_ZEROOUT can be slow
[  156.119757] warning: checkpointing journal with EXT4_IOC_CHECKPOINT_FLAG_ZEROOUT can be slow
[  156.339661] warning: checkpointing journal with EXT4_IOC_CHECKPOINT_FLAG_ZEROOUT can be slow
[  156.558992] warning: checkpointing journal with EXT4_IOC_CHECKPOINT_FLAG_ZEROOUT can be slow
[  156.778891] warning: checkpointing journal with EXT4_IOC_CHECKPOINT_FLAG_ZEROOUT can be slow
[  156.998908] warning: checkpointing journal with EXT4_IOC_CHECKPOINT_FLAG_ZEROOUT can be slow
[  160.074419] ext4_ioctl_checkpoint: 13 callbacks suppressed
[  160.074431] warning: checkpointing journal with EXT4_IOC_CHECKPOINT_FLAG_ZEROOUT can be slow
[  160.294633] warning: checkpointing journal with EXT4_IOC_CHECKPOINT_FLAG_ZEROOUT can be slow
[  160.514686] warning: checkpointing journal with EXT4_IOC_CHECKPOINT_FLAG_ZEROOUT can be slow
[  160.735878] warning: checkpointing journal with EXT4_IOC_CHECKPOINT_FLAG_ZEROOUT can be slow
[  160.955641] warning: checkpointing journal with EXT4_IOC_CHECKPOINT_FLAG_ZEROOUT can be slow
[  161.175854] warning: checkpointing journal with EXT4_IOC_CHECKPOINT_FLAG_ZEROOUT can be slow
[  161.395523] warning: checkpointing journal with EXT4_IOC_CHECKPOINT_FLAG_ZEROOUT can be slow
[  161.615147] warning: checkpointing journal with EXT4_IOC_CHECKPOINT_FLAG_ZEROOUT can be slow
[  161.834612] warning: checkpointing journal with EXT4_IOC_CHECKPOINT_FLAG_ZEROOUT can be slow
[  162.054006] warning: checkpointing journal with EXT4_IOC_CHECKPOINT_FLAG_ZEROOUT can be slow
[  165.091910] ext4_ioctl_checkpoint: 13 callbacks suppressed
[  165.091922] warning: checkpointing journal with EXT4_IOC_CHECKPOINT_FLAG_ZEROOUT can be slow
[  165.311931] warning: checkpointing journal with EXT4_IOC_CHECKPOINT_FLAG_ZEROOUT can be slow
[  165.531239] warning: checkpointing journal with EXT4_IOC_CHECKPOINT_FLAG_ZEROOUT can be slow
[  165.750449] warning: checkpointing journal with EXT4_IOC_CHECKPOINT_FLAG_ZEROOUT can be slow
[  165.969904] warning: checkpointing journal with EXT4_IOC_CHECKPOINT_FLAG_ZEROOUT can be slow
[  166.190089] warning: checkpointing journal with EXT4_IOC_CHECKPOINT_FLAG_ZEROOUT can be slow
[  166.409590] warning: checkpointing journal with EXT4_IOC_CHECKPOINT_FLAG_ZEROOUT can be slow
[  166.629871] warning: checkpointing journal with EXT4_IOC_CHECKPOINT_FLAG_ZEROOUT can be slow
[  166.849707] warning: checkpointing journal with EXT4_IOC_CHECKPOINT_FLAG_ZEROOUT can be slow
[  167.070061] warning: checkpointing journal with EXT4_IOC_CHECKPOINT_FLAG_ZEROOUT can be slow
[  170.144147] ext4_ioctl_checkpoint: 13 callbacks suppressed
[  170.144159] warning: checkpointing journal with EXT4_IOC_CHECKPOINT_FLAG_ZEROOUT can be slow
[  170.364709] warning: checkpointing journal with EXT4_IOC_CHECKPOINT_FLAG_ZEROOUT can be slow
[  170.584709] warning: checkpointing journal with EXT4_IOC_CHECKPOINT_FLAG_ZEROOUT can be slow
[  170.804415] warning: checkpointing journal with EXT4_IOC_CHECKPOINT_FLAG_ZEROOUT can be slow
[  171.024250] warning: checkpointing journal with EXT4_IOC_CHECKPOINT_FLAG_ZEROOUT can be slow
[  171.243773] warning: checkpointing journal with EXT4_IOC_CHECKPOINT_FLAG_ZEROOUT can be slow
[  171.463584] warning: checkpointing journal with EXT4_IOC_CHECKPOINT_FLAG_ZEROOUT can be slow
[  171.683279] warning: checkpointing journal with EXT4_IOC_CHECKPOINT_FLAG_ZEROOUT can be slow
[  171.902803] warning: checkpointing journal with EXT4_IOC_CHECKPOINT_FLAG_ZEROOUT can be slow
[  172.122907] warning: checkpointing journal with EXT4_IOC_CHECKPOINT_FLAG_ZEROOUT can be slow
[  175.194069] ext4_ioctl_checkpoint: 13 callbacks suppressed
[  175.194080] warning: checkpointing journal with EXT4_IOC_CHECKPOINT_FLAG_ZEROOUT can be slow
[  175.413476] warning: checkpointing journal with EXT4_IOC_CHECKPOINT_FLAG_ZEROOUT can be slow
[  175.633979] warning: checkpointing journal with EXT4_IOC_CHECKPOINT_FLAG_ZEROOUT can be slow
[  175.853710] warning: checkpointing journal with EXT4_IOC_CHECKPOINT_FLAG_ZEROOUT can be slow
