c[?7l[2J[0mSeaBIOS (version rel-1.16.0-0-gd239552ce722-prebuilt.qemu.org)


iPXE (http://ipxe.org) 00:03.0 CA00 PCI2.10 PnP PMM+7FF91000+7FEF1000 CA00
Press Ctrl-B to configure iPXE (PCI 00:03.0)...                                                                               


Booting from ROM..c[?7l[2J[    0.000000] Linux version 6.1.0-830b3c68c1fb (root@984fee00a1f6.jf.intel.com) (gcc (GCC) 8.5.0 20210514 (Red Hat 8.5.0-17), GNU ld version 2.36.1-3.el8) #1 SMP PREEMPT_DYNAMIC Mon Dec 12 17:55:47 PST 2022
[    0.000000] Command line: console=ttyS0 root=/dev/sda earlyprintk=serial net.ifnames=0
[    0.000000] KERNEL supported cpus:
[    0.000000]   Intel GenuineIntel
[    0.000000]   AMD AuthenticAMD
[    0.000000]   Hygon HygonGenuine
[    0.000000]   Centaur CentaurHauls
[    0.000000]   zhaoxin   Shanghai  
[    0.000000] x86/split lock detection: #DB: warning on user-space bus_locks
[    0.000000] x86/fpu: Supporting XSAVE feature 0x001: 'x87 floating point registers'
[    0.000000] x86/fpu: Supporting XSAVE feature 0x002: 'SSE registers'
[    0.000000] x86/fpu: Supporting XSAVE feature 0x004: 'AVX registers'
[    0.000000] x86/fpu: Supporting XSAVE feature 0x020: 'AVX-512 opmask'
[    0.000000] x86/fpu: Supporting XSAVE feature 0x040: 'AVX-512 Hi256'
[    0.000000] x86/fpu: Supporting XSAVE feature 0x080: 'AVX-512 ZMM_Hi256'
[    0.000000] x86/fpu: Supporting XSAVE feature 0x200: 'Protection Keys User registers'
[    0.000000] x86/fpu: Supporting XSAVE feature 0x20000: 'AMX Tile config'
[    0.000000] x86/fpu: Supporting XSAVE feature 0x40000: 'AMX Tile data'
[    0.000000] x86/fpu: xstate_offset[2]:  576, xstate_sizes[2]:  256
[    0.000000] x86/fpu: xstate_offset[5]:  832, xstate_sizes[5]:   64
[    0.000000] x86/fpu: xstate_offset[6]:  896, xstate_sizes[6]:  512
[    0.000000] x86/fpu: xstate_offset[7]: 1408, xstate_sizes[7]: 1024
[    0.000000] x86/fpu: xstate_offset[9]: 2432, xstate_sizes[9]:    8
[    0.000000] x86/fpu: xstate_offset[17]: 2496, xstate_sizes[17]:   64
[    0.000000] x86/fpu: xstate_offset[18]: 2560, xstate_sizes[18]: 8192
[    0.000000] x86/fpu: Enabled xstate features 0x602e7, context size is 10752 bytes, using 'compacted' format.
[    0.000000] signal: max sigframe size: 11952
[    0.000000] BIOS-provided physical RAM map:
[    0.000000] BIOS-e820: [mem 0x0000000000000000-0x000000000009fbff] usable
[    0.000000] BIOS-e820: [mem 0x000000000009fc00-0x000000000009ffff] reserved
[    0.000000] BIOS-e820: [mem 0x00000000000f0000-0x00000000000fffff] reserved
[    0.000000] BIOS-e820: [mem 0x0000000000100000-0x000000007ffdffff] usable
[    0.000000] BIOS-e820: [mem 0x000000007ffe0000-0x000000007fffffff] reserved
[    0.000000] BIOS-e820: [mem 0x00000000feffc000-0x00000000feffffff] reserved
[    0.000000] BIOS-e820: [mem 0x00000000fffc0000-0x00000000ffffffff] reserved
[    0.000000] printk: bootconsole [earlyser0] enabled
[    0.000000] NX (Execute Disable) protection: active
[    0.000000] SMBIOS 2.8 present.
[    0.000000] DMI: QEMU Standard PC (i440FX + PIIX, 1996), BIOS rel-1.16.0-0-gd239552ce722-prebuilt.qemu.org 04/01/2014
[    0.000000] Hypervisor detected: KVM
[    0.000000] kvm-clock: Using msrs 4b564d01 and 4b564d00
[    0.000003] kvm-clock: using sched offset of 362690264 cycles
[    0.000455] clocksource: kvm-clock: mask: 0xffffffffffffffff max_cycles: 0x1cd42e4dffb, max_idle_ns: 881590591483 ns
[    0.001859] tsc: Detected 1700.000 MHz processor
[    0.010720] last_pfn = 0x7ffe0 max_arch_pfn = 0x10000000000
[    0.011253] x86/PAT: Configuration [0-7]: WB  WC  UC- UC  WB  WP  UC- WT  
[    0.017790] found SMP MP-table at [mem 0x000f5ba0-0x000f5baf]
[    0.018340] Using GB pages for direct mapping
[    0.020052] ACPI: Early table checksum verification disabled
[    0.020543] ACPI: RSDP 0x00000000000F59C0 000014 (v00 BOCHS )
[    0.021055] ACPI: RSDT 0x000000007FFE1951 000034 (v01 BOCHS  BXPC     00000001 BXPC 00000001)
[    0.021808] ACPI: FACP 0x000000007FFE17FD 000074 (v01 BOCHS  BXPC     00000001 BXPC 00000001)
[    0.022562] ACPI: DSDT 0x000000007FFE0040 0017BD (v01 BOCHS  BXPC     00000001 BXPC 00000001)
[    0.023310] ACPI: FACS 0x000000007FFE0000 000040
[    0.023725] ACPI: APIC 0x000000007FFE1871 000080 (v01 BOCHS  BXPC     00000001 BXPC 00000001)
[    0.024474] ACPI: HPET 0x000000007FFE18F1 000038 (v01 BOCHS  BXPC     00000001 BXPC 00000001)
[    0.025227] ACPI: WAET 0x000000007FFE1929 000028 (v01 BOCHS  BXPC     00000001 BXPC 00000001)
[    0.025975] ACPI: Reserving FACP table memory at [mem 0x7ffe17fd-0x7ffe1870]
[    0.026581] ACPI: Reserving DSDT table memory at [mem 0x7ffe0040-0x7ffe17fc]
[    0.027190] ACPI: Reserving FACS table memory at [mem 0x7ffe0000-0x7ffe003f]
[    0.027800] ACPI: Reserving APIC table memory at [mem 0x7ffe1871-0x7ffe18f0]
[    0.028407] ACPI: Reserving HPET table memory at [mem 0x7ffe18f1-0x7ffe1928]
[    0.029016] ACPI: Reserving WAET table memory at [mem 0x7ffe1929-0x7ffe1950]
[    0.030657] No NUMA configuration found
[    0.030992] Faking a node at [mem 0x0000000000000000-0x000000007ffdffff]
[    0.031651] NODE_DATA(0) allocated [mem 0x7ffb5000-0x7ffdffff]
[    0.036693] Zone ranges:
[    0.036930]   DMA      [mem 0x0000000000001000-0x0000000000ffffff]
[    0.037466]   DMA32    [mem 0x0000000001000000-0x000000007ffdffff]
[    0.038006]   Normal   empty
[    0.038259]   Device   empty
[    0.038513] Movable zone start for each node
[    0.038883] Early memory node ranges
[    0.039191]   node   0: [mem 0x0000000000001000-0x000000000009efff]
[    0.039737]   node   0: [mem 0x0000000000100000-0x000000007ffdffff]
[    0.040281] Initmem setup node 0 [mem 0x0000000000001000-0x000000007ffdffff]
[    0.041266] On node 0, zone DMA: 1 pages in unavailable ranges
[    0.041285] On node 0, zone DMA: 97 pages in unavailable ranges
[    0.049361] On node 0, zone DMA32: 32 pages in unavailable ranges
[    0.050148] ACPI: PM-Timer IO Port: 0x608
[    0.051030] ACPI: LAPIC_NMI (acpi_id[0xff] dfl dfl lint[0x1])
[    0.051579] IOAPIC[0]: apic_id 0, version 17, address 0xfec00000, GSI 0-23
[    0.052189] ACPI: INT_SRC_OVR (bus 0 bus_irq 0 global_irq 2 dfl dfl)
[    0.052743] ACPI: INT_SRC_OVR (bus 0 bus_irq 5 global_irq 5 high level)
[    0.053315] ACPI: INT_SRC_OVR (bus 0 bus_irq 9 global_irq 9 high level)
[    0.053891] ACPI: INT_SRC_OVR (bus 0 bus_irq 10 global_irq 10 high level)
[    0.054478] ACPI: INT_SRC_OVR (bus 0 bus_irq 11 global_irq 11 high level)
[    0.055081] ACPI: Using ACPI (MADT) for SMP configuration information
[    0.055634] ACPI: HPET id: 0x8086a201 base: 0xfed00000
[    0.056085] TSC deadline timer available
[    0.056423] smpboot: Allowing 2 CPUs, 0 hotplug CPUs
[    0.056885] kvm-guest: KVM setup pv remote TLB flush
[    0.057314] kvm-guest: setup PV sched yield
[    0.057726] PM: hibernation: Registered nosave memory: [mem 0x00000000-0x00000fff]
[    0.058379] PM: hibernation: Registered nosave memory: [mem 0x0009f000-0x0009ffff]
[    0.059031] PM: hibernation: Registered nosave memory: [mem 0x000a0000-0x000effff]
[    0.059683] PM: hibernation: Registered nosave memory: [mem 0x000f0000-0x000fffff]
[    0.060335] [mem 0x80000000-0xfeffbfff] available for PCI devices
[    0.060862] Booting paravirtualized kernel on KVM
[    0.061270] clocksource: refined-jiffies: mask: 0xffffffff max_cycles: 0xffffffff, max_idle_ns: 7645519600211568 ns
[    0.062183] setup_percpu: NR_CPUS:8192 nr_cpumask_bits:2 nr_cpu_ids:2 nr_node_ids:1
[    0.063358] percpu: Embedded 64 pages/cpu s225280 r8192 d28672 u1048576
[    0.064185] kvm-guest: PV spinlocks enabled
[    0.064560] PV qspinlock hash table entries: 256 (order: 0, 4096 bytes, linear)
[    0.065215] Fallback order for Node 0: 0 
[    0.065582] Built 1 zonelists, mobility grouping on.  Total pages: 515808
[    0.066178] Policy zone: DMA32
[    0.066448] Kernel command line: net.ifnames=0 console=ttyS0 root=/dev/sda earlyprintk=serial net.ifnames=0
[    0.068080] Dentry cache hash table entries: 262144 (order: 9, 2097152 bytes, linear)
[    0.068912] Inode-cache hash table entries: 131072 (order: 8, 1048576 bytes, linear)
[    0.069701] mem auto-init: stack:off, heap alloc:off, heap free:off
[    0.074801] Memory: 1983420K/2096632K available (32784K kernel code, 4693K rwdata, 7820K rodata, 3672K init, 22124K bss, 113012K reserved, 0K cma-reserved)
[    0.076994] SLUB: HWalign=64, Order=0-3, MinObjects=0, CPUs=2, Nodes=1
[    0.077544] kmemleak: Kernel memory leak detector disabled
[    0.078029] ftrace: allocating 67277 entries in 263 pages
[    0.102870] ftrace: allocated 263 pages with 4 groups
[    0.106457] Dynamic Preempt: voluntary
[    0.106920] Running RCU self tests
[    0.107211] rcu: Preemptible hierarchical RCU implementation.
[    0.107696] rcu: 	RCU lockdep checking is enabled.
[    0.108092] rcu: 	RCU restricting CPUs from NR_CPUS=8192 to nr_cpu_ids=2.
[    0.108668] 	Trampoline variant of Tasks RCU enabled.
[    0.109086] 	Rude variant of Tasks RCU enabled.
[    0.109460] 	Tracing variant of Tasks RCU enabled.
[    0.109859] rcu: RCU calculated value of scheduler-enlistment delay is 25 jiffies.
[    0.110483] rcu: Adjusting geometry for rcu_fanout_leaf=16, nr_cpu_ids=2
[    0.141263] NR_IRQS: 524544, nr_irqs: 440, preallocated irqs: 16
[    0.142086] rcu: srcu_init: Setting srcu_struct sizes based on contention.
[    0.150357] Console: colour VGA+ 80x25
[    0.150726] printk: console [ttyS0] enabled
[    0.150726] printk: console [ttyS0] enabled
[    0.151446] printk: bootconsole [earlyser0] disabled
[    0.151446] printk: bootconsole [earlyser0] disabled
[    0.152290] Lock dependency validator: Copyright (c) 2006 Red Hat, Inc., Ingo Molnar
[    0.152951] ... MAX_LOCKDEP_SUBCLASSES:  8
[    0.153311] ... MAX_LOCK_DEPTH:          48
[    0.153680] ... MAX_LOCKDEP_KEYS:        8192
[    0.154060] ... CLASSHASH_SIZE:          4096
[    0.154440] ... MAX_LOCKDEP_ENTRIES:     32768
[    0.154830] ... MAX_LOCKDEP_CHAINS:      65536
[    0.155218] ... CHAINHASH_SIZE:          32768
[    0.155605]  memory used by lock dependency info: 6365 kB
[    0.156074]  memory used for stack traces: 4224 kB
[    0.156490]  per task-struct memory footprint: 1920 bytes
[    0.157005] ACPI: Core revision 20220331
[    0.157624] clocksource: hpet: mask: 0xffffffff max_cycles: 0xffffffff, max_idle_ns: 19112604467 ns
[    0.158549] APIC: Switch to symmetric I/O mode setup
[    0.159199] x2apic enabled
[    0.159632] Switched APIC routing to physical x2apic.
[    0.160072] kvm-guest: setup PV IPIs
[    0.161319] ..TIMER: vector=0x30 apic1=0 pin1=2 apic2=-1 pin2=-1
[    0.161861] clocksource: tsc-early: mask: 0xffffffffffffffff max_cycles: 0x1881273ac8e, max_idle_ns: 440795257284 ns
[    0.162826] Calibrating delay loop (skipped) preset value.. 3400.00 BogoMIPS (lpj=6800000)
[    0.163534] pid_max: default: 32768 minimum: 301
[    0.164088] LSM: Security Framework initializing
[    0.164492] Yama: becoming mindful.
[    0.164995] Mount-cache hash table entries: 4096 (order: 3, 32768 bytes, linear)
[    0.165634] Mountpoint-cache hash table entries: 4096 (order: 3, 32768 bytes, linear)
[    0.167935] x86/cpu: User Mode Instruction Prevention (UMIP) activated
[    0.168663] Last level iTLB entries: 4KB 0, 2MB 0, 4MB 0
[    0.169133] Last level dTLB entries: 4KB 0, 2MB 0, 4MB 0, 1GB 0
[    0.169654] Spectre V1 : Mitigation: usercopy/swapgs barriers and __user pointer sanitization
[    0.170378] Spectre V2 : WARNING: Unprivileged eBPF is enabled with eIBRS on, data leaks possible via Spectre v2 BHB attacks!
[    0.170819] Spectre V2 : Mitigation: Enhanced IBRS
[    0.171203] Spectre V2 : Spectre v2 / SpectreRSB mitigation: Filling RSB on context switch
[    0.171857] Spectre V2 : Spectre v2 / PBRSB-eIBRS: Retire a single CALL on VMEXIT
[    0.172454] Spectre V2 : mitigation: Enabling conditional Indirect Branch Prediction Barrier
[    0.173120] Speculative Store Bypass: Mitigation: Speculative Store Bypass disabled via prctl
[    0.173796] MMIO Stale Data: Unknown: No mitigations
[    0.290281] Freeing SMP alternatives memory: 56K
[    0.290954] smpboot: CPU0: Intel(R) Xeon(R) Gold 6414TDX (family: 0x6, model: 0x8f, stepping: 0x6)
[    0.292093] cblist_init_generic: Setting adjustable number of callback queues.
[    0.292676] cblist_init_generic: Setting shift to 1 and lim to 1.
[    0.293211] cblist_init_generic: Setting shift to 1 and lim to 1.
[    0.293748] cblist_init_generic: Setting shift to 1 and lim to 1.
[    0.294285] Running RCU-tasks wait API self tests
[    0.394908] Performance Events: Sapphire Rapids events, full-width counters, Intel PMU driver.
[    0.395693] ... version:                2
[    0.396014] ... bit width:              48
[    0.396341] ... generic registers:      8
[    0.396668] ... value mask:             0000ffffffffffff
[    0.397088] ... max period:             00007fffffffffff
[    0.397507] ... fixed-purpose events:   3
[    0.397831] ... event mask:             00000007000000ff
[    0.398667] rcu: Hierarchical SRCU implementation.
[    0.398817] rcu: 	Max phase no-delay instances is 1000.
[    0.402128] smp: Bringing up secondary CPUs ...
[    0.402992] x86: Booting SMP configuration:
[    0.403338] .... node  #0, CPUs:      #1
[    0.403704] smp: Brought up 1 node, 2 CPUs
[    0.403704] smpboot: Max logical packages: 1
[    0.403897] smpboot: Total of 2 processors activated (6800.00 BogoMIPS)
[    0.406835] devtmpfs: initialized
[    0.407391] x86/mm: Memory block size: 128MB
[    0.409660] clocksource: jiffies: mask: 0xffffffff max_cycles: 0xffffffff, max_idle_ns: 7645041785100000 ns
[    0.410835] Callback from call_rcu_tasks_trace() invoked.
[    0.411282] futex hash table entries: 512 (order: 4, 65536 bytes, linear)
[    0.412067] pinctrl core: initialized pinctrl subsystem
[    0.413063] 
[    0.413196] *************************************************************
[    0.413734] **     NOTICE NOTICE NOTICE NOTICE NOTICE NOTICE NOTICE    **
[    0.414270] **                                                         **
[    0.414804] **  IOMMU DebugFS SUPPORT HAS BEEN ENABLED IN THIS KERNEL  **
[    0.414822] **                                                         **
[    0.415357] ** This means that this kernel is built to expose internal **
[    0.415895] ** IOMMU data structures, which may compromise security on **
[    0.416432] ** your system.                                            **
[    0.416973] **                                                         **
[    0.417507] ** If you see this message and you are not debugging the   **
[    0.418045] ** kernel, report this immediately to your vendor!         **
[    0.418579] **                                                         **
[    0.418821] **     NOTICE NOTICE NOTICE NOTICE NOTICE NOTICE NOTICE    **
[    0.419356] *************************************************************
[    0.419940] PM: RTC time: 07:43:53, date: 2022-12-13
[    0.423092] NET: Registered PF_NETLINK/PF_ROUTE protocol family
[    0.424242] DMA: preallocated 256 KiB GFP_KERNEL pool for atomic allocations
[    0.424816] DMA: preallocated 256 KiB GFP_KERNEL|GFP_DMA pool for atomic allocations
[    0.425438] DMA: preallocated 256 KiB GFP_KERNEL|GFP_DMA32 pool for atomic allocations
[    0.426115] audit: initializing netlink subsys (disabled)
[    0.426623] audit: type=2000 audit(1670917433.906:1): state=initialized audit_enabled=0 res=1
[    0.427288] thermal_sys: Registered thermal governor 'fair_share'
[    0.428013] thermal_sys: Registered thermal governor 'bang_bang'
[    0.428503] thermal_sys: Registered thermal governor 'step_wise'
[    0.428979] thermal_sys: Registered thermal governor 'user_space'
[    0.429499] cpuidle: using governor ladder
[    0.430328] cpuidle: using governor menu
[    0.430967] acpiphp: ACPI Hot Plug PCI Controller Driver version: 0.5
[    0.431814] PCI: Using configuration type 1 for base access
[    0.448562] kprobes: kprobe jump-optimization is enabled. All kprobes are optimized if possible.
[    0.702934] HugeTLB: registered 1.00 GiB page size, pre-allocated 0 pages
[    0.703489] HugeTLB: 16380 KiB vmemmap can be freed for a 1.00 GiB page
[    0.704019] HugeTLB: registered 2.00 MiB page size, pre-allocated 0 pages
[    0.704556] HugeTLB: 28 KiB vmemmap can be freed for a 2.00 MiB page
[    0.706728] ACPI: Added _OSI(Module Device)
[    0.706820] ACPI: Added _OSI(Processor Device)
[    0.707180] ACPI: Added _OSI(3.0 _SCP Extensions)
[    0.707561] ACPI: Added _OSI(Processor Aggregator Device)
[    0.714620] ACPI: 1 ACPI AML tables successfully acquired and loaded
[    0.718391] ACPI: Interpreter enabled
[    0.718796] ACPI: PM: (supports S0 S3 S4 S5)
[    0.718818] ACPI: Using IOAPIC for interrupt routing
[    0.719266] PCI: Using host bridge windows from ACPI; if necessary, use "pci=nocrs" and report a bug
[    0.719986] PCI: Using E820 reservations for host bridge windows
[    0.721195] ACPI: Enabled 2 GPEs in block 00 to 0F
[    0.739194] ACPI: PCI Root Bridge [PCI0] (domain 0000 [bus 00-ff])
[    0.739720] acpi PNP0A03:00: _OSC: OS supports [ASPM ClockPM Segments MSI EDR HPX-Type3]
[    0.740364] acpi PNP0A03:00: _OSC: not requesting OS control; OS requires [ExtendedConfig ASPM ClockPM MSI]
[    0.741208] acpi PNP0A03:00: fail to add MMCONFIG information, can't access extended PCI configuration space under this bridge.
[    0.744694] acpiphp: Slot [3] registered
[    0.745089] acpiphp: Slot [4] registered
[    0.745477] acpiphp: Slot [5] registered
[    0.745866] acpiphp: Slot [6] registered
[    0.746251] acpiphp: Slot [7] registered
[    0.746638] acpiphp: Slot [8] registered
[    0.746895] acpiphp: Slot [9] registered
[    0.747281] acpiphp: Slot [10] registered
[    0.747678] acpiphp: Slot [11] registered
[    0.748071] acpiphp: Slot [12] registered
[    0.748473] acpiphp: Slot [13] registered
[    0.748869] acpiphp: Slot [14] registered
[    0.749262] acpiphp: Slot [15] registered
[    0.749666] acpiphp: Slot [16] registered
[    0.750069] acpiphp: Slot [17] registered
[    0.750469] acpiphp: Slot [18] registered
[    0.750867] acpiphp: Slot [19] registered
[    0.751259] acpiphp: Slot [20] registered
[    0.751655] acpiphp: Slot [21] registered
[    0.752046] acpiphp: Slot [22] registered
[    0.752448] acpiphp: Slot [23] registered
[    0.752850] acpiphp: Slot [24] registered
[    0.753243] acpiphp: Slot [25] registered
[    0.753910] acpiphp: Slot [26] registered
[    0.754303] acpiphp: Slot [27] registered
[    0.754708] acpiphp: Slot [28] registered
[    0.754887] acpiphp: Slot [29] registered
[    0.755285] acpiphp: Slot [30] registered
[    0.755680] acpiphp: Slot [31] registered
[    0.756022] PCI host bridge to bus 0000:00
[    0.756356] pci_bus 0000:00: root bus resource [io  0x0000-0x0cf7 window]
[    0.756897] pci_bus 0000:00: root bus resource [io  0x0d00-0xffff window]
[    0.757444] pci_bus 0000:00: root bus resource [mem 0x000a0000-0x000bffff window]
[    0.758041] pci_bus 0000:00: root bus resource [mem 0x80000000-0xfebfffff window]
[    0.758638] pci_bus 0000:00: root bus resource [mem 0x100000000-0x17fffffff window]
[    0.758818] pci_bus 0000:00: root bus resource [bus 00-ff]
[    0.759368] pci 0000:00:00.0: [8086:1237] type 00 class 0x060000
[    0.762993] pci 0000:00:01.0: [8086:7000] type 00 class 0x060100
[    0.764189] pci 0000:00:01.1: [8086:7010] type 00 class 0x010180
[    0.766637] pci 0000:00:01.1: reg 0x20: [io  0xc040-0xc04f]
[    0.767299] pci 0000:00:01.1: legacy IDE quirk: reg 0x10: [io  0x01f0-0x01f7]
[    0.767875] pci 0000:00:01.1: legacy IDE quirk: reg 0x14: [io  0x03f6]
[    0.768395] pci 0000:00:01.1: legacy IDE quirk: reg 0x18: [io  0x0170-0x0177]
[    0.768965] pci 0000:00:01.1: legacy IDE quirk: reg 0x1c: [io  0x0376]
[    0.769796] pci 0000:00:01.3: [8086:7113] type 00 class 0x068000
[    0.770589] pci 0000:00:01.3: quirk: [io  0x0600-0x063f] claimed by PIIX4 ACPI
[    0.770825] pci 0000:00:01.3: quirk: [io  0x0700-0x070f] claimed by PIIX4 SMB
[    0.771696] pci 0000:00:02.0: [1234:1111] type 00 class 0x030000
[    0.772903] pci 0000:00:02.0: reg 0x10: [mem 0xfd000000-0xfdffffff pref]
[    0.774821] pci 0000:00:02.0: reg 0x18: [mem 0xfebf0000-0xfebf0fff]
[    0.777681] pci 0000:00:02.0: reg 0x30: [mem 0xfebe0000-0xfebeffff pref]
[    0.778298] pci 0000:00:02.0: Video device with shadowed ROM at [mem 0x000c0000-0x000dffff]
[    0.781649] pci 0000:00:03.0: [8086:100e] type 00 class 0x020000
[    0.782694] pci 0000:00:03.0: reg 0x10: [mem 0xfebc0000-0xfebdffff]
[    0.783357] pci 0000:00:03.0: reg 0x14: [io  0xc000-0xc03f]
[    0.787074] pci 0000:00:03.0: reg 0x30: [mem 0xfeb80000-0xfebbffff pref]
[    0.798280] ACPI: PCI: Interrupt link LNKA configured for IRQ 10
[    0.799169] ACPI: PCI: Interrupt link LNKB configured for IRQ 10
[    0.800024] ACPI: PCI: Interrupt link LNKC configured for IRQ 11
[    0.800877] ACPI: PCI: Interrupt link LNKD configured for IRQ 11
[    0.801539] ACPI: PCI: Interrupt link LNKS configured for IRQ 9
[    0.803076] iommu: Default domain type: Translated 
[    0.803474] iommu: DMA domain TLB invalidation policy: lazy mode 
[    0.804987] SCSI subsystem initialized
[    0.805538] ACPI: bus type USB registered
[    0.805920] usbcore: registered new interface driver usbfs
[    0.806402] usbcore: registered new interface driver hub
[    0.806851] usbcore: registered new device driver usb
[    0.807363] pps_core: LinuxPPS API ver. 1 registered
[    0.807761] pps_core: Software ver. 5.3.6 - Copyright 2005-2007 Rodolfo Giometti <giometti@linux.it>
[    0.808489] PTP clock support registered
[    0.808949] EDAC MC: Ver: 3.0.0
[    0.810539] NetLabel: Initializing
[    0.810819] NetLabel:  domain hash size = 128
[    0.811172] NetLabel:  protocols = UNLABELED CIPSOv4 CALIPSO
[    0.811689] NetLabel:  unlabeled traffic allowed by default
[    0.812829] PCI: Using ACPI for IRQ routing
[    0.813395] pci 0000:00:02.0: vgaarb: setting as boot VGA device
[    0.813891] pci 0000:00:02.0: vgaarb: bridge control possible
[    0.814350] pci 0000:00:02.0: vgaarb: VGA device added: decodes=io+mem,owns=io+mem,locks=none
[    0.814820] vgaarb: loaded
[    0.815389] hpet0: at MMIO 0xfed00000, IRQs 2, 8, 0
[    0.815797] hpet0: 3 comparators, 64-bit 100.000000 MHz counter
[    3.697666] clocksource: Switched to clocksource kvm-clock
[    3.697852] VFS: Disk quotas dquot_6.6.0
[    3.697852] VFS: Dquot-cache hash table entries: 512 (order 0, 4096 bytes)
[    3.698198] pnp: PnP ACPI init
[    3.700650] pnp: PnP ACPI: found 6 devices
[    3.706834] Callback from call_rcu_tasks_rude() invoked.
[    3.718446] clocksource: acpi_pm: mask: 0xffffff max_cycles: 0xffffff, max_idle_ns: 2085701024 ns
[    3.720135] NET: Registered PF_INET protocol family
[    3.721073] IP idents hash table entries: 32768 (order: 6, 262144 bytes, linear)
[    3.723272] tcp_listen_portaddr_hash hash table entries: 1024 (order: 4, 73728 bytes, linear)
[    3.724580] Table-perturb hash table entries: 65536 (order: 6, 262144 bytes, linear)
[    3.725805] TCP established hash table entries: 16384 (order: 5, 131072 bytes, linear)
[    3.727593] TCP bind hash table entries: 16384 (order: 9, 2359296 bytes, linear)
[    3.729894] TCP: Hash tables configured (established 16384 bind 16384)
[    3.731185] UDP hash table entries: 1024 (order: 5, 163840 bytes, linear)
[    3.732256] UDP-Lite hash table entries: 1024 (order: 5, 163840 bytes, linear)
[    3.733557] NET: Registered PF_UNIX/PF_LOCAL protocol family
[    3.734869] RPC: Registered named UNIX socket transport module.
[    3.735812] RPC: Registered udp transport module.
[    3.736553] RPC: Registered tcp transport module.
[    3.737299] RPC: Registered tcp NFSv4.1 backchannel transport module.
[    3.738326] pci_bus 0000:00: resource 4 [io  0x0000-0x0cf7 window]
[    3.739319] pci_bus 0000:00: resource 5 [io  0x0d00-0xffff window]
[    3.740291] pci_bus 0000:00: resource 6 [mem 0x000a0000-0x000bffff window]
[    3.741380] pci_bus 0000:00: resource 7 [mem 0x80000000-0xfebfffff window]
[    3.742460] pci_bus 0000:00: resource 8 [mem 0x100000000-0x17fffffff window]
[    3.743822] pci 0000:00:01.0: PIIX3: Enabling Passive Release
[    3.744619] pci 0000:00:00.0: Limiting direct PCI/PCI transfers
[    3.745666] PCI: CLS 0 bytes, default 64
[    3.746624] ACPI: bus type thunderbolt registered
[    3.747664] clocksource: tsc: mask: 0xffffffffffffffff max_cycles: 0x1881273ac8e, max_idle_ns: 440795257284 ns
[    3.754955] sgx: There are zero EPC sections.
[    3.802941] Callback from call_rcu_tasks() invoked.
[    3.868275] Initialise system trusted keyrings
[    3.868769] Key type blacklist registered
[    3.869282] workingset: timestamp_bits=36 max_order=19 bucket_order=0
[    3.880703] zbud: loaded
[    3.883230] squashfs: version 4.0 (2009/01/31) Phillip Lougher
[    3.885328] NFS: Registering the id_resolver key type
[    3.885770] Key type id_resolver registered
[    3.886107] Key type id_legacy registered
[    3.886540] nfs4filelayout_init: NFSv4 File Layout Driver Registering...
[    3.887111] nfs4flexfilelayout_init: NFSv4 Flexfile Layout Driver Registering...
[    3.887817] fuse: init (API version 7.37)
[    3.888461] SGI XFS with ACLs, security attributes, realtime, quota, no debug enabled
[    3.891306] 9p: Installing v9fs 9p2000 file system support
[    3.899691] Key type asymmetric registered
[    3.900032] Asymmetric key parser 'x509' registered
[    3.901737] alg: self-tests for CTR-KDF (hmac(sha256)) passed
[    3.902275] Block layer SCSI generic (bsg) driver version 0.4 loaded (major 243)
[    3.902990] io scheduler mq-deadline registered
[    3.903485] io scheduler bfq registered
[    3.904708] shpchp: Standard Hot Plug PCI Controller Driver version: 0.4
[    3.905702] IPMI message handler: version 39.2
[    3.906106] ipmi device interface
[    3.908003] input: Power Button as /devices/LNXSYSTM:00/LNXPWRBN:00/input/input0
[    3.908821] ACPI: button: Power Button [PWRF]
[    3.910083] ERST DBG: ERST support is disabled.
[    3.911007] Serial: 8250/16550 driver, 32 ports, IRQ sharing enabled
[    3.911983] 00:04: ttyS0 at I/O 0x3f8 (irq = 4, base_baud = 115200) is a 16550A
[    3.921401] Linux agpgart interface v0.103
[    3.922249] ACPI: bus type drm_connector registered
[    3.935506] brd: module loaded
[    3.943556] loop: module loaded
[    3.947783] scsi host0: ata_piix
[    3.948599] scsi host1: ata_piix
[    3.949026] ata1: PATA max MWDMA2 cmd 0x1f0 ctl 0x3f6 bmdma 0xc040 irq 14
[    3.949570] ata2: PATA max MWDMA2 cmd 0x170 ctl 0x376 bmdma 0xc048 irq 15
[    3.951223] tun: Universal TUN/TAP device driver, 1.6
[    3.951779] e100: Intel(R) PRO/100 Network Driver
[    3.952156] e100: Copyright(c) 1999-2006 Intel Corporation
[    3.952634] e1000: Intel(R) PRO/1000 Network Driver
[    3.953022] e1000: Copyright (c) 1999-2006 Intel Corporation.
[    4.106963] ata2: found unknown device (class 0)
[    4.107773] ata1: found unknown device (class 0)
[    4.108818] ata1.00: ATA-7: QEMU HARDDISK, 2.5+, max UDMA/100
[    4.109371] ata1.00: 16777216 sectors, multi 16: LBA48 
[    4.110386] ata2.00: ATAPI: QEMU DVD-ROM, 2.5+, max UDMA/100
[    4.112451] scsi 0:0:0:0: Direct-Access     ATA      QEMU HARDDISK    2.5+ PQ: 0 ANSI: 5
[    4.114503] sd 0:0:0:0: [sda] 16777216 512-byte logical blocks: (8.59 GB/8.00 GiB)
[    4.115285] sd 0:0:0:0: [sda] Write Protect is off
[    4.115799] sd 0:0:0:0: [sda] Write cache: enabled, read cache: enabled, doesn't support DPO or FUA
[    4.116706] sd 0:0:0:0: Attached scsi generic sg0 type 0
[    4.117356] sd 0:0:0:0: [sda] Preferred minimum I/O size 512 bytes
[    4.118542] scsi 1:0:0:0: CD-ROM            QEMU     QEMU DVD-ROM     2.5+ PQ: 0 ANSI: 5
[    4.138046] ACPI: \_SB_.LNKC: Enabled at IRQ 11
[    4.144169] sd 0:0:0:0: [sda] Attached SCSI disk
[    4.151579] scsi 1:0:0:0: Attached scsi generic sg1 type 5
[    4.465934] e1000 0000:00:03.0 eth0: (PCI:33MHz:32-bit) 52:54:00:12:34:56
[    4.466545] e1000 0000:00:03.0 eth0: Intel(R) PRO/1000 Network Connection
[    4.467199] e1000e: Intel(R) PRO/1000 Network Driver
[    4.467598] e1000e: Copyright(c) 1999 - 2015 Intel Corporation.
[    4.468142] igb: Intel(R) Gigabit Ethernet Network Driver
[    4.468575] igb: Copyright (c) 2007-2014 Intel Corporation.
[    4.469129] PPP generic driver version 2.4.2
[    4.470027] VFIO - User Level meta-driver version: 0.3
[    4.471244] usbcore: registered new interface driver uas
[    4.471824] usbcore: registered new interface driver usb-storage
[    4.472524] i8042: PNP: PS/2 Controller [PNP0303:KBD,PNP0f13:MOU] at 0x60,0x64 irq 1,12
[    4.473959] serio: i8042 KBD port at 0x60,0x64 irq 1
[    4.474478] serio: i8042 AUX port at 0x60,0x64 irq 12
[    4.475945] mousedev: PS/2 mouse device common for all mice
[    4.477524] input: AT Translated Set 2 keyboard as /devices/platform/i8042/serio0/input/input1
[    4.479364] rtc_cmos 00:05: RTC can wake from S4
[    4.480286] input: VirtualPS/2 VMware VMMouse as /devices/platform/i8042/serio1/input/input4
[    4.480885] rtc_cmos 00:05: registered as rtc0
[    4.482068] rtc_cmos 00:05: setting system clock to 2022-12-13T07:43:57 UTC (1670917437)
[    4.482972] rtc_cmos 00:05: alarms up to one day, y3k, 242 bytes nvram, hpet irqs
[    4.483063] input: VirtualPS/2 VMware VMMouse as /devices/platform/i8042/serio1/input/input3
[    4.483662] i2c_dev: i2c /dev entries driver
[    4.485339] device-mapper: core: CONFIG_IMA_DISABLE_HTABLE is disabled. Duplicate IMA measurements will not be recorded in the IMA log.
[    4.486399] device-mapper: uevent: version 1.0.3
[    4.487058] device-mapper: ioctl: 4.47.0-ioctl (2022-07-28) initialised: dm-devel@redhat.com
[    4.487733] intel_pstate: CPU model not supported
[    4.488209] sdhci: Secure Digital Host Controller Interface driver
[    4.488701] sdhci: Copyright(c) Pierre Ossman
[    4.489130] sdhci-pltfm: SDHCI platform and OF driver helper
[    4.489628] ledtrig-cpu: registered to indicate activity on CPUs
[    4.490446] drop_monitor: Initializing network drop monitor service
[    4.491485] NET: Registered PF_INET6 protocol family
[    4.493599] Segment Routing with IPv6
[    4.494122] In-situ OAM (IOAM) with IPv6
[    4.494787] NET: Registered PF_PACKET protocol family
[    4.495902] 9pnet: Installing 9P2000 support
[    4.496299] Key type dns_resolver registered
[    4.497425] IPI shorthand broadcast: enabled
[    4.497829] sched_clock: Marking stable (4485046652, 12141696)->(4508601278, -11412930)
[    4.499072] registered taskstats version 1
[    4.499596] Loading compiled-in X.509 certificates
[    4.500257] zswap: loaded using pool lzo/zbud
[    4.501224] Key type .fscrypt registered
[    4.501552] Key type fscrypt-provisioning registered
[    4.502991] Key type encrypted registered
[    4.503363] ima: No TPM chip found, activating TPM-bypass!
[    4.503809] ima: Allocated hash algorithm: sha1
[    4.504225] ima: No architecture policies found
[    4.504665] evm: Initialising EVM extended attributes:
[    4.505074] evm: security.selinux
[    4.505343] evm: security.SMACK64
[    4.505611] evm: security.SMACK64EXEC
[    4.505906] evm: security.SMACK64TRANSMUTE
[    4.506234] evm: security.SMACK64MMAP
[    4.506534] evm: security.apparmor
[    4.506850] evm: security.ima
[    4.507092] evm: security.capability
[    4.507382] evm: HMAC attrs: 0x1
[    4.512207] PM:   Magic number: 2:439:723
[    4.512577] block loop3: hash matches
[    4.513293] RAS: Correctable Errors collector initialized.
[    4.514915] md: Waiting for all devices to be available before autodetect
[    4.515294] md: If you don't use raid, use raid=noautodetect
[    4.515615] md: Autodetecting RAID arrays.
[    4.515855] md: autorun ...
[    4.516018] md: ... autorun DONE.
[    4.521119] EXT4-fs (sda): mounted filesystem with ordered data mode. Quota mode: none.
[    4.521643] VFS: Mounted root (ext4 filesystem) readonly on device 8:0.
[    4.524235] devtmpfs: mounted
[    4.531786] Freeing unused decrypted memory: 2036K
[    4.533698] Freeing unused kernel image (initmem) memory: 3672K
[    4.538914] Write protecting the kernel read-only data: 43008k
[    4.542039] Freeing unused kernel image (text/rodata gap) memory: 2028K
[    4.542715] Freeing unused kernel image (rodata/data gap) memory: 372K
[    4.651328] x86/mm: Checked W+X mappings: passed, no W+X pages found.
[    4.651680] Run /sbin/init as init process
[    4.732947] systemd[1]: RTC configured in localtime, applying delta of 0 minutes to system time.
[    4.757877] systemd[1]: systemd 239 (239-49.el8) running in system mode. (+PAM +AUDIT +SELINUX +IMA -APPARMOR +SMACK +SYSVINIT +UTMP +LIBCRYPTSETUP +GCRYPT +GNUTLS +ACL +XZ +LZ4 +SECCOMP +BLKID +ELFUTILS +KMOD +IDN2 -IDN +PCRE2 default-hierarchy=legacy)
[    4.759341] systemd[1]: Detected virtualization kvm.
[    4.759627] systemd[1]: Detected architecture x86-64.

Welcome to [0;31mCentOS Stream 8[0m!

[    4.806773] systemd[1]: Set hostname to <test>.
[    5.874899] random: crng init done
[    5.964735] systemd[1]: Listening on RPCbind Server Activation Socket.
[[0;32m  OK  [0m] Listening on RPCbind Server Activation Socket.
[    5.966044] systemd[1]: Listening on Journal Socket (/dev/log).
[[0;32m  OK  [0m] Listening on Journal Socket (/dev/log).
[    5.968725] systemd[1]: Created slice User and Session Slice.
[[0;32m  OK  [0m] Created slice User and Session Slice.
[    5.969520] systemd[1]: Reached target Swap.
[[0;32m  OK  [0m] Reached target Swap.
[    5.970365] systemd[1]: Listening on Journal Socket.
[[0;32m  OK  [0m] Listening on Journal Socket.
[    5.991019] systemd[1]: Mounting POSIX Message Queue File System...
         Mounting POSIX Message Queue File System...
         Starting Load Kernel Modules...
         Mounting Huge Pages File System...
         Starting Journal Service...
[[0;32m  OK  [0m] Started Forward Password Requests to Wall Directory Watch.
[[0;32m  OK  [0m] Listening on LVM2 poll daemon socket.
[[0;32m  OK  [0m] Listening on udev Kernel Socket.
         Starting Remount Root and Kernel File Systems...
         Mounting Kernel Debug File System...
[[0;32m  OK  [0m] Listening on Device-mapper event daemon FIFOs.
[[0;32m  OK  [0m] Listening on initctl Compatibility Named Pipe.
[[0;32m  OK  [0m] Reached target Slices.
[[0;32m  OK  [0m] Created slice system-serial\x2dgetty.slice.
[[0;32m  OK  [0m] Listening on multipathd control socket.
[[0;32m  OK  [0m] Set up automount Arbitrary Executabâ€¦rmats File System Automount Point.
[[0;32m  OK  [0m] Listening on Process Core Dump Socket.
[[0;32m  OK  [0m] Listening on udev Control Socket.
         Starting udev Coldplug all Devices...
         Starting Monitoring of LVM2 mirrorsâ€¦ng dmeventd or progress polling...
[[0;32m  OK  [0m] Reached target RPC Port Mapper.
[[0;32m  OK  [0m] Created slice system-getty.slice.
         Starting Setup Virtual Console...
[[0;32m  OK  [0m] Created slice system-sshd\x2dkeygen.slice.
[[0;32m  OK  [0m] Mounted POSIX Message Queue File System.
[[0;1;31mFAILED[0m] Failed to start Load Kernel Modules.
See 'systemctl status systemd-modules-load.service' for details.
[[0;32m  OK  [0m] Started Journal Service.
[[0;32m  OK  [0m] Mounted Huge Pages File System.
[[0;32m  OK  [0m] Mounted Kernel Debug File System.
[    6.303247] EXT4-fs (sda): re-mounted. Quota mode: none.
[[0;32m  OK  [0m] Started Remount Root and Kernel File Systems.
         Starting Load/Save Random Seed...
         Starting Create Static Device Nodes in /dev...
         Starting Flush Journal to Persistent Storage...
         Mounting FUSE Control File System...
         Mounting Kernel Configuration File System...
         Starting Apply Kernel Variables...
[[0;32m  OK  [0m] Started Load/Save Random Seed.
[[0;32m  OK  [0m] Started Create Static Device Nodes in /dev.
[[0;32m  OK  [0m] Mounted FUSE Control File System.
[[0;32m  OK  [0m] Mounted Kernel Configuration File System.
[[0;32m  OK  [0m] Started Apply Kernel Variables.
[[0;32m  OK  [0m] Started Setup Virtual Console.
         Starting udev Kernel Device Manager...
[[0;32m  OK  [0m] Started udev Coldplug all Devices.
         Starting udev Wait for Complete Device Initialization...
[[0;32m  OK  [0m] Started Flush Journal to Persistent Storage.
[[0;32m  OK  [0m] Started udev Kernel Device Manager.
         Starting Show Plymouth Boot Screen...
[[0;32m  OK  [0m] Started Show Plymouth Boot Screen.
[[0;32m  OK  [0m] Reached target Paths.
[[0;32m  OK  [0m] Reached target Local Encrypted Volumes.
[[0;32m  OK  [0m] Started Forward Password Requests to Plymouth Directory Watch.
[[0;32m  OK  [0m] Found device /dev/ttyS0.
[[0;32m  OK  [0m] Started Monitoring of LVM2 mirrors,â€¦sing dmeventd or progress polling.
[[0;32m  OK  [0m] Started udev Wait for Complete Device Initialization.
[[0;32m  OK  [0m] Listening on Load/Save RF Kill Switch Status /dev/rfkill Watch.
[[0;32m  OK  [0m] Reached target Local File Systems (Pre).
[[0;32m  OK  [0m] Reached target Local File Systems.
         Starting Restore /run/initramfs on shutdown...
         Starting Create Volatile Files and Directories...
         Starting Tell Plymouth To Write Out Runtime Data...
[[0;32m  OK  [0m] Started Restore /run/initramfs on shutdown.
[[0;32m  OK  [0m] Started Tell Plymouth To Write Out Runtime Data.
[[0;32m  OK  [0m] Started Create Volatile Files and Directories.
         Mounting RPC Pipe File System...
         Starting Security Auditing Service...
         Starting RPC Bind...
[[0;32m  OK  [0m] Mounted RPC Pipe File System.
[[0;32m  OK  [0m] Reached target rpc_pipefs.target.
[[0;32m  OK  [0m] Started RPC Bind.
[[0;32m  OK  [0m] Started Security Auditing Service.
         Starting Update UTMP about System Boot/Shutdown...
[[0;32m  OK  [0m] Started Update UTMP about System Boot/Shutdown.
[[0;32m  OK  [0m] Reached target System Initialization.
[[0;32m  OK  [0m] Listening on D-Bus System Message Bus Socket.
[[0;32m  OK  [0m] Started daily update of the root trust anchor for DNSSEC.
[[0;32m  OK  [0m] Started dnf makecache --timer.
[[0;32m  OK  [0m] Listening on SSSD Kerberos Cache Manager responder socket.
[[0;32m  OK  [0m] Reached target Sockets.
[[0;32m  OK  [0m] Reached target Basic System.
[[0;32m  OK  [0m] Started irqbalance daemon.
         Starting Auto-connect to subsystemsâ€¦-NVME devices found during boot...
[[0;32m  OK  [0m] Started Machine Check Exception Logging Daemon.
         Starting Login Service...
[[0;32m  OK  [0m] Started D-Bus System Message Bus.
         Starting Authorization Manager...
         Starting Network Manager...
[[0;32m  OK  [0m] Reached target sshd-keygen.target.
[[0;32m  OK  [0m] Started Daily Cleanup of Temporary Directories.
[[0;32m  OK  [0m] Reached target Timers.
         Starting Self Monitoring and Reporting Technology (SMART) Daemon...
         Starting NTP client/server...
[[0;32m  OK  [0m] Started Auto-connect to subsystems â€¦FC-NVME devices found during boot.
         Starting update of the root trust aâ€¦or DNSSEC validation in unbound...
[[0;32m  OK  [0m] Started Login Service.
[[0;32m  OK  [0m] Started Self Monitoring and Reporting Technology (SMART) Daemon.
[[0;32m  OK  [0m] Started Network Manager.
[[0;32m  OK  [0m] Reached target Network.
         Starting Dynamic System Tuning Daemon...
         Starting GSSAPI Proxy Daemon...
         Starting OpenSSH server daemon...
         Starting Network Manager Wait Online...
[[0;32m  OK  [0m] Started update of the root trust anâ€¦ for DNSSEC validation in unbound.
[[0;32m  OK  [0m] Started NTP client/server.
[[0;32m  OK  [0m] Started Authorization Manager.
         Starting Hostname Service...
[[0;32m  OK  [0m] Started GSSAPI Proxy Daemon.
[[0;32m  OK  [0m] Started OpenSSH server daemon.
[[0;32m  OK  [0m] Reached target NFS client services.
[[0;32m  OK  [0m] Reached target Remote File Systems (Pre).
[[0;32m  OK  [0m] Reached target Remote File Systems.
         Starting Permit User Sessions...
[[0;32m  OK  [0m] Started Permit User Sessions.
         Starting Hold until boot process finishes up...
[[0;32m  OK  [0m] Started Command Scheduler.
         Starting Terminate Plymouth Boot Screen...
[    8.471022] e1000: eth0 NIC Link is Up 1000 Mbps Full Duplex, Flow Control: RX
[    8.471840] IPv6: ADDRCONF(NETDEV_CHANGE): eth0: link becomes ready
[    8.617050] Spectre V2 : WARNING: Unprivileged eBPF is enabled with eIBRS on, data leaks possible via Spectre v2 BHB attacks!
[    8.617747] Spectre V2 : WARNING: Unprivileged eBPF is enabled with eIBRS on, data leaks possible via Spectre v2 BHB attacks!

CentOS Stream 8
Kernel 6.1.0-830b3c68c1fb on an x86_64

test login: [   28.377432] warning: checkpointing journal with EXT4_IOC_CHECKPOINT_FLAG_ZEROOUT can be slow
[   28.421104] 
[   28.421671] ======================================================
[   28.422016] WARNING: possible circular locking dependency detected
[   28.422358] 6.1.0-830b3c68c1fb #1 Not tainted
[   28.422607] ------------------------------------------------------
[   28.422956] repro/588 is trying to acquire lock:
[   28.423217] ff110000060e5980 (&sb->s_type->i_mutex_key#8){++++}-{3:3}, at: ext4_bmap+0x39/0x1c0
[   28.423729] 
[   28.423729] but task is already holding lock:
[   28.424055] ff110000093323f8 (&journal->j_checkpoint_mutex){+.+.}-{3:3}, at: jbd2_journal_flush+0x267/0x5f0
[   28.424610] 
[   28.424610] which lock already depends on the new lock.
[   28.424610] 
[   28.425057] 
[   28.425057] the existing dependency chain (in reverse order) is:
[   28.425467] 
[   28.425467] -> #3 (&journal->j_checkpoint_mutex){+.+.}-{3:3}:
[   28.425877]        mutex_lock_io_nested+0xad/0xd60
[   28.426156]        jbd2_journal_flush+0xcf/0x5f0
[   28.426429]        __ext4_ioctl+0x225/0x25c0
[   28.426680]        ext4_ioctl+0x2e/0x40
[   28.426908]        __x64_sys_ioctl+0x10e/0x160
[   28.427171]        do_syscall_64+0x3b/0x90
[   28.427417]        entry_SYSCALL_64_after_hwframe+0x63/0xcd
[   28.427739] 
[   28.427739] -> #2 (&journal->j_barrier){+.+.}-{3:3}:
[   28.428105]        __mutex_lock+0x9c/0xf30
[   28.428342]        mutex_lock_nested+0x1f/0x30
[   28.428600]        jbd2_journal_lock_updates+0xbe/0x1a0
[   28.428909]        ext4_change_inode_journal_flag+0xd4/0x2c0
[   28.429234]        ext4_fileattr_set+0x86d/0xe60
[   28.429501]        vfs_fileattr_set+0x365/0x4e0
[   28.429765]        do_vfs_ioctl+0x378/0xcc0
[   28.430010]        __x64_sys_ioctl+0xca/0x160
[   28.430265]        do_syscall_64+0x3b/0x90
[   28.430508]        entry_SYSCALL_64_after_hwframe+0x63/0xcd
[   28.430832] 
[   28.430832] -> #1 (&sbi->s_writepages_rwsem){++++}-{0:0}:
[   28.431224]        percpu_down_write+0x4d/0x2d0
[   28.431487]        ext4_ind_migrate+0xcc/0x390
[   28.431748]        ext4_fileattr_set+0xbba/0xe60
[   28.432018]        vfs_fileattr_set+0x365/0x4e0
[   28.432280]        do_vfs_ioctl+0x378/0xcc0
[   28.432525]        __x64_sys_ioctl+0xca/0x160
[   28.432780]        do_syscall_64+0x3b/0x90
[   28.433027]        entry_SYSCALL_64_after_hwframe+0x63/0xcd
[   28.433349] 
[   28.433349] -> #0 (&sb->s_type->i_mutex_key#8){++++}-{3:3}:
[   28.433751]        __lock_acquire+0x1023/0x1d20
[   28.434022]        lock_acquire+0xd6/0x2f0
[   28.434259]        down_read+0x45/0x160
[   28.434483]        ext4_bmap+0x39/0x1c0
[   28.434718]        bmap+0x40/0x70
[   28.434925]        jbd2_journal_bmap+0x61/0xe0
[   28.435186]        jbd2_journal_flush+0x461/0x5f0
[   28.435459]        __ext4_ioctl+0x225/0x25c0
[   28.435708]        ext4_ioctl+0x2e/0x40
[   28.435935]        __x64_sys_ioctl+0x10e/0x160
[   28.436193]        do_syscall_64+0x3b/0x90
[   28.436436]        entry_SYSCALL_64_after_hwframe+0x63/0xcd
[   28.436757] 
[   28.436757] other info that might help us debug this:
[   28.436757] 
[   28.437194] Chain exists of:
[   28.437194]   &sb->s_type->i_mutex_key#8 --> &journal->j_barrier --> &journal->j_checkpoint_mutex
[   28.437194] 
[   28.437924]  Possible unsafe locking scenario:
[   28.437924] 
[   28.438251]        CPU0                    CPU1
[   28.438505]        ----                    ----
[   28.438759]   lock(&journal->j_checkpoint_mutex);
[   28.439030]                                lock(&journal->j_barrier);
[   28.439388]                                lock(&journal->j_checkpoint_mutex);
[   28.439788]   lock(&sb->s_type->i_mutex_key#8);
[   28.440052] 
[   28.440052]  *** DEADLOCK ***
[   28.440052] 
[   28.440378] 2 locks held by repro/588:
[   28.440595]  #0: ff11000009332170 (&journal->j_barrier){+.+.}-{3:3}, at: jbd2_journal_lock_updates+0xbe/0x1a0
[   28.441168]  #1: ff110000093323f8 (&journal->j_checkpoint_mutex){+.+.}-{3:3}, at: jbd2_journal_flush+0x267/0x5f0
[   28.441746] 
[   28.441746] stack backtrace:
[   28.441994] CPU: 1 PID: 588 Comm: repro Not tainted 6.1.0-830b3c68c1fb #1
[   28.442375] Hardware name: QEMU Standard PC (i440FX + PIIX, 1996), BIOS rel-1.16.0-0-gd239552ce722-prebuilt.qemu.org 04/01/2014
[   28.443004] Call Trace:
[   28.443148]  <TASK>
[   28.443275]  dump_stack_lvl+0xa7/0xdb
[   28.443497]  dump_stack+0x19/0x1f
[   28.443699]  print_circular_bug.isra.46.cold.67+0x13e/0x143
[   28.444031]  check_noncircular+0x102/0x120
[   28.444277]  ? write_comp_data+0x2f/0x90
[   28.444508]  ? __sanitizer_cov_trace_pc+0x25/0x60
[   28.444783]  __lock_acquire+0x1023/0x1d20
[   28.445025]  lock_acquire+0xd6/0x2f0
[   28.445236]  ? ext4_bmap+0x39/0x1c0
[   28.445453]  down_read+0x45/0x160
[   28.445652]  ? ext4_bmap+0x39/0x1c0
[   28.445865]  ? ext4_invalidate_folio+0x1e0/0x1e0
[   28.446143]  ext4_bmap+0x39/0x1c0
[   28.446347]  ? ext4_invalidate_folio+0x1e0/0x1e0
[   28.446622]  bmap+0x40/0x70
[   28.446800]  jbd2_journal_bmap+0x61/0xe0
[   28.447038]  jbd2_journal_flush+0x461/0x5f0
[   28.447287]  __ext4_ioctl+0x225/0x25c0
[   28.447510]  ? __sanitizer_cov_trace_pc+0x25/0x60
[   28.447782]  ? do_vfs_ioctl+0xb8/0xcc0
[   28.448006]  ? __sanitizer_cov_trace_pc+0x25/0x60
[   28.448281]  ext4_ioctl+0x2e/0x40
[   28.448480]  __x64_sys_ioctl+0x10e/0x160
[   28.448712]  ? ext4_fileattr_set+0xe60/0xe60
[   28.448964]  do_syscall_64+0x3b/0x90
[   28.449183]  entry_SYSCALL_64_after_hwframe+0x63/0xcd
[   28.449479] RIP: 0033:0x7f839e4b959d
[   28.449689] Code: 00 c3 66 2e 0f 1f 84 00 00 00 00 00 90 f3 0f 1e fa 48 89 f8 48 89 f7 48 89 d6 48 89 ca 4d 89 c2 4d 89 c8 4c 8b 4c 24 08 0f 05 <48> 3d 01 f0 ff ff 73 01 c3 48 8b 0d d3 08 0d 00 f7 d8 64 89 01 48
[   28.450702] RSP: 002b:00007ffd48343808 EFLAGS: 00000217 ORIG_RAX: 0000000000000010
[   28.451127] RAX: ffffffffffffffda RBX: 0000000000000000 RCX: 00007f839e4b959d
[   28.451523] RDX: 0000000020000080 RSI: 000000004004662b RDI: 0000000000000004
[   28.451922] RBP: 00007ffd48343820 R08: 00007ffd48343900 R09: 00007ffd48343900
[   28.452317] R10: 00007ffd48343900 R11: 0000000000000217 R12: 0000000000401060
[   28.452712] R13: 00007ffd48343900 R14: 0000000000000000 R15: 0000000000000000
[   28.453116]  </TASK>
[   28.675120] warning: checkpointing journal with EXT4_IOC_CHECKPOINT_FLAG_ZEROOUT can be slow
[   28.898857] warning: checkpointing journal with EXT4_IOC_CHECKPOINT_FLAG_ZEROOUT can be slow
[   29.121957] warning: checkpointing journal with EXT4_IOC_CHECKPOINT_FLAG_ZEROOUT can be slow
[   29.343926] warning: checkpointing journal with EXT4_IOC_CHECKPOINT_FLAG_ZEROOUT can be slow
[   29.563709] warning: checkpointing journal with EXT4_IOC_CHECKPOINT_FLAG_ZEROOUT can be slow
[   29.783732] warning: checkpointing journal with EXT4_IOC_CHECKPOINT_FLAG_ZEROOUT can be slow
[   30.002988] warning: checkpointing journal with EXT4_IOC_CHECKPOINT_FLAG_ZEROOUT can be slow
[   30.222407] warning: checkpointing journal with EXT4_IOC_CHECKPOINT_FLAG_ZEROOUT can be slow
[   30.442175] warning: checkpointing journal with EXT4_IOC_CHECKPOINT_FLAG_ZEROOUT can be slow
[   33.495841] ext4_ioctl_checkpoint: 13 callbacks suppressed
[   33.495853] warning: checkpointing journal with EXT4_IOC_CHECKPOINT_FLAG_ZEROOUT can be slow
[   33.714325] warning: checkpointing journal with EXT4_IOC_CHECKPOINT_FLAG_ZEROOUT can be slow
[   33.932831] warning: checkpointing journal with EXT4_IOC_CHECKPOINT_FLAG_ZEROOUT can be slow
[   34.151299] warning: checkpointing journal with EXT4_IOC_CHECKPOINT_FLAG_ZEROOUT can be slow
[   34.370576] warning: checkpointing journal with EXT4_IOC_CHECKPOINT_FLAG_ZEROOUT can be slow
[   34.589091] warning: checkpointing journal with EXT4_IOC_CHECKPOINT_FLAG_ZEROOUT can be slow
[   34.808403] warning: checkpointing journal with EXT4_IOC_CHECKPOINT_FLAG_ZEROOUT can be slow
[   35.028663] warning: checkpointing journal with EXT4_IOC_CHECKPOINT_FLAG_ZEROOUT can be slow
[   35.247587] warning: checkpointing journal with EXT4_IOC_CHECKPOINT_FLAG_ZEROOUT can be slow
