c[?7l[2J[0mSeaBIOS (version rel-1.16.0-0-gd239552ce722-prebuilt.qemu.org)


iPXE (http://ipxe.org) 00:03.0 CA00 PCI2.10 PnP PMM+7FF91000+7FEF1000 CA00
Press Ctrl-B to configure iPXE (PCI 00:03.0)...                                                                               


Booting from ROM..c[?7l[2J[    0.000000] Linux version 5.19.0-b069122256e4+ (root@984fee00a1f6.jf.intel.com) (gcc (GCC) 8.5.0 20210514 (Red Hat 8.5.0-17), GNU ld version 2.36.1-3.el8) #1 SMP PREEMPT_DYNAMIC Tue Dec 13 01:33:14 PST 2022
[    0.000000] Command line: console=ttyS0 root=/dev/sda earlyprintk=serial net.ifnames=0
[    0.000000] KERNEL supported cpus:
[    0.000000]   Intel GenuineIntel
[    0.000000]   AMD AuthenticAMD
[    0.000000]   Hygon HygonGenuine
[    0.000000]   Centaur CentaurHauls
[    0.000000]   zhaoxin   Shanghai  
[    0.000000] x86/split lock detection: #DB: warning on user-space bus_locks
[    0.000000] x86/fpu: Supporting XSAVE feature 0x001: 'x87 floating point registers'
[    0.000000] x86/fpu: Supporting XSAVE feature 0x002: 'SSE registers'
[    0.000000] x86/fpu: Supporting XSAVE feature 0x004: 'AVX registers'
[    0.000000] x86/fpu: Supporting XSAVE feature 0x020: 'AVX-512 opmask'
[    0.000000] x86/fpu: Supporting XSAVE feature 0x040: 'AVX-512 Hi256'
[    0.000000] x86/fpu: Supporting XSAVE feature 0x080: 'AVX-512 ZMM_Hi256'
[    0.000000] x86/fpu: Supporting XSAVE feature 0x200: 'Protection Keys User registers'
[    0.000000] x86/fpu: Supporting XSAVE feature 0x20000: 'AMX Tile config'
[    0.000000] x86/fpu: Supporting XSAVE feature 0x40000: 'AMX Tile data'
[    0.000000] x86/fpu: xstate_offset[2]:  576, xstate_sizes[2]:  256
[    0.000000] x86/fpu: xstate_offset[5]:  832, xstate_sizes[5]:   64
[    0.000000] x86/fpu: xstate_offset[6]:  896, xstate_sizes[6]:  512
[    0.000000] x86/fpu: xstate_offset[7]: 1408, xstate_sizes[7]: 1024
[    0.000000] x86/fpu: xstate_offset[9]: 2432, xstate_sizes[9]:    8
[    0.000000] x86/fpu: xstate_offset[17]: 2496, xstate_sizes[17]:   64
[    0.000000] x86/fpu: xstate_offset[18]: 2560, xstate_sizes[18]: 8192
[    0.000000] x86/fpu: Enabled xstate features 0x602e7, context size is 10752 bytes, using 'compacted' format.
[    0.000000] signal: max sigframe size: 11952
[    0.000000] BIOS-provided physical RAM map:
[    0.000000] BIOS-e820: [mem 0x0000000000000000-0x000000000009fbff] usable
[    0.000000] BIOS-e820: [mem 0x000000000009fc00-0x000000000009ffff] reserved
[    0.000000] BIOS-e820: [mem 0x00000000000f0000-0x00000000000fffff] reserved
[    0.000000] BIOS-e820: [mem 0x0000000000100000-0x000000007ffdffff] usable
[    0.000000] BIOS-e820: [mem 0x000000007ffe0000-0x000000007fffffff] reserved
[    0.000000] BIOS-e820: [mem 0x00000000feffc000-0x00000000feffffff] reserved
[    0.000000] BIOS-e820: [mem 0x00000000fffc0000-0x00000000ffffffff] reserved
[    0.000000] printk: bootconsole [earlyser0] enabled
[    0.000000] NX (Execute Disable) protection: active
[    0.000000] SMBIOS 2.8 present.
[    0.000000] DMI: QEMU Standard PC (i440FX + PIIX, 1996), BIOS rel-1.16.0-0-gd239552ce722-prebuilt.qemu.org 04/01/2014
[    0.000000] Hypervisor detected: KVM
[    0.000000] kvm-clock: Using msrs 4b564d01 and 4b564d00
[    0.000003] kvm-clock: using sched offset of 392955642 cycles
[    0.000455] clocksource: kvm-clock: mask: 0xffffffffffffffff max_cycles: 0x1cd42e4dffb, max_idle_ns: 881590591483 ns
[    0.001857] tsc: Detected 1700.000 MHz processor
[    0.011160] last_pfn = 0x7ffe0 max_arch_pfn = 0x10000000000
[    0.011693] x86/PAT: Configuration [0-7]: WB  WC  UC- UC  WB  WP  UC- WT  
[    0.018370] found SMP MP-table at [mem 0x000f5ba0-0x000f5baf]
[    0.018926] Using GB pages for direct mapping
[    0.020617] ACPI: Early table checksum verification disabled
[    0.021113] ACPI: RSDP 0x00000000000F59C0 000014 (v00 BOCHS )
[    0.021628] ACPI: RSDT 0x000000007FFE1951 000034 (v01 BOCHS  BXPC     00000001 BXPC 00000001)
[    0.022383] ACPI: FACP 0x000000007FFE17FD 000074 (v01 BOCHS  BXPC     00000001 BXPC 00000001)
[    0.023139] ACPI: DSDT 0x000000007FFE0040 0017BD (v01 BOCHS  BXPC     00000001 BXPC 00000001)
[    0.023887] ACPI: FACS 0x000000007FFE0000 000040
[    0.024299] ACPI: APIC 0x000000007FFE1871 000080 (v01 BOCHS  BXPC     00000001 BXPC 00000001)
[    0.025050] ACPI: HPET 0x000000007FFE18F1 000038 (v01 BOCHS  BXPC     00000001 BXPC 00000001)
[    0.025797] ACPI: WAET 0x000000007FFE1929 000028 (v01 BOCHS  BXPC     00000001 BXPC 00000001)
[    0.026543] ACPI: Reserving FACP table memory at [mem 0x7ffe17fd-0x7ffe1870]
[    0.027150] ACPI: Reserving DSDT table memory at [mem 0x7ffe0040-0x7ffe17fc]
[    0.027755] ACPI: Reserving FACS table memory at [mem 0x7ffe0000-0x7ffe003f]
[    0.028362] ACPI: Reserving APIC table memory at [mem 0x7ffe1871-0x7ffe18f0]
[    0.028970] ACPI: Reserving HPET table memory at [mem 0x7ffe18f1-0x7ffe1928]
[    0.029574] ACPI: Reserving WAET table memory at [mem 0x7ffe1929-0x7ffe1950]
[    0.031258] No NUMA configuration found
[    0.031587] Faking a node at [mem 0x0000000000000000-0x000000007ffdffff]
[    0.032247] NODE_DATA(0) allocated [mem 0x7ffb5000-0x7ffdffff]
[    0.038076] Zone ranges:
[    0.038317]   DMA      [mem 0x0000000000001000-0x0000000000ffffff]
[    0.038851]   DMA32    [mem 0x0000000001000000-0x000000007ffdffff]
[    0.039388]   Normal   empty
[    0.039641]   Device   empty
[    0.039897] Movable zone start for each node
[    0.040262] Early memory node ranges
[    0.040569]   node   0: [mem 0x0000000000001000-0x000000000009efff]
[    0.041113]   node   0: [mem 0x0000000000100000-0x000000007ffdffff]
[    0.041656] Initmem setup node 0 [mem 0x0000000000001000-0x000000007ffdffff]
[    0.042799] On node 0, zone DMA: 1 pages in unavailable ranges
[    0.042820] On node 0, zone DMA: 97 pages in unavailable ranges
[    0.053285] On node 0, zone DMA32: 32 pages in unavailable ranges
[    0.054079] ACPI: PM-Timer IO Port: 0x608
[    0.054962] ACPI: LAPIC_NMI (acpi_id[0xff] dfl dfl lint[0x1])
[    0.055513] IOAPIC[0]: apic_id 0, version 17, address 0xfec00000, GSI 0-23
[    0.056125] ACPI: INT_SRC_OVR (bus 0 bus_irq 0 global_irq 2 dfl dfl)
[    0.056674] ACPI: INT_SRC_OVR (bus 0 bus_irq 5 global_irq 5 high level)
[    0.057250] ACPI: INT_SRC_OVR (bus 0 bus_irq 9 global_irq 9 high level)
[    0.057821] ACPI: INT_SRC_OVR (bus 0 bus_irq 10 global_irq 10 high level)
[    0.058409] ACPI: INT_SRC_OVR (bus 0 bus_irq 11 global_irq 11 high level)
[    0.059015] ACPI: Using ACPI (MADT) for SMP configuration information
[    0.059566] ACPI: HPET id: 0x8086a201 base: 0xfed00000
[    0.060020] TSC deadline timer available
[    0.060359] smpboot: Allowing 2 CPUs, 0 hotplug CPUs
[    0.060820] kvm-guest: KVM setup pv remote TLB flush
[    0.061251] kvm-guest: setup PV sched yield
[    0.061665] PM: hibernation: Registered nosave memory: [mem 0x00000000-0x00000fff]
[    0.062321] PM: hibernation: Registered nosave memory: [mem 0x0009f000-0x0009ffff]
[    0.062970] PM: hibernation: Registered nosave memory: [mem 0x000a0000-0x000effff]
[    0.063616] PM: hibernation: Registered nosave memory: [mem 0x000f0000-0x000fffff]
[    0.064268] [mem 0x80000000-0xfeffbfff] available for PCI devices
[    0.064791] Booting paravirtualized kernel on KVM
[    0.065202] clocksource: refined-jiffies: mask: 0xffffffff max_cycles: 0xffffffff, max_idle_ns: 7645519600211568 ns
[    0.066116] setup_percpu: NR_CPUS:8192 nr_cpumask_bits:2 nr_cpu_ids:2 nr_node_ids:1
[    0.067449] percpu: Embedded 64 pages/cpu s225280 r8192 d28672 u1048576
[    0.068283] kvm-guest: PV spinlocks enabled
[    0.068658] PV qspinlock hash table entries: 256 (order: 0, 4096 bytes, linear)
[    0.069312] Fallback order for Node 0: 0 
[    0.069679] Built 1 zonelists, mobility grouping on.  Total pages: 515808
[    0.070275] Policy zone: DMA32
[    0.070541] Kernel command line: net.ifnames=0 console=ttyS0 root=/dev/sda earlyprintk=serial net.ifnames=0
[    0.072373] Dentry cache hash table entries: 262144 (order: 9, 2097152 bytes, linear)
[    0.073258] Inode-cache hash table entries: 131072 (order: 8, 1048576 bytes, linear)
[    0.074049] mem auto-init: stack:off, heap alloc:off, heap free:off
[    0.080748] Memory: 1983420K/2096632K available (32784K kernel code, 4531K rwdata, 8064K rodata, 3644K init, 22316K bss, 113012K reserved, 0K cma-reserved)
[    0.083021] SLUB: HWalign=64, Order=0-3, MinObjects=0, CPUs=2, Nodes=1
[    0.083570] kmemleak: Kernel memory leak detector disabled
[    0.084061] ftrace: allocating 66469 entries in 260 pages
[    0.114260] ftrace: allocated 260 pages with 2 groups
[    0.118077] Dynamic Preempt: voluntary
[    0.118551] Running RCU self tests
[    0.118845] rcu: Preemptible hierarchical RCU implementation.
[    0.119328] rcu: 	RCU lockdep checking is enabled.
[    0.119725] rcu: 	RCU restricting CPUs from NR_CPUS=8192 to nr_cpu_ids=2.
[    0.120290] 	Trampoline variant of Tasks RCU enabled.
[    0.120706] 	Rude variant of Tasks RCU enabled.
[    0.121083] 	Tracing variant of Tasks RCU enabled.
[    0.121479] rcu: RCU calculated value of scheduler-enlistment delay is 25 jiffies.
[    0.122105] rcu: Adjusting geometry for rcu_fanout_leaf=16, nr_cpu_ids=2
[    0.152190] NR_IRQS: 524544, nr_irqs: 440, preallocated irqs: 16
[    0.153033] rcu: srcu_init: Setting srcu_struct sizes based on contention.
[    0.161320] Console: colour VGA+ 80x25
[    0.161689] printk: console [ttyS0] enabled
[    0.161689] printk: console [ttyS0] enabled
[    0.162405] printk: bootconsole [earlyser0] disabled
[    0.162405] printk: bootconsole [earlyser0] disabled
[    0.163250] Lock dependency validator: Copyright (c) 2006 Red Hat, Inc., Ingo Molnar
[    0.163912] ... MAX_LOCKDEP_SUBCLASSES:  8
[    0.164270] ... MAX_LOCK_DEPTH:          48
[    0.164633] ... MAX_LOCKDEP_KEYS:        8192
[    0.165019] ... CLASSHASH_SIZE:          4096
[    0.165397] ... MAX_LOCKDEP_ENTRIES:     32768
[    0.165782] ... MAX_LOCKDEP_CHAINS:      65536
[    0.166171] ... CHAINHASH_SIZE:          32768
[    0.166557]  memory used by lock dependency info: 6365 kB
[    0.167026]  memory used for stack traces: 4224 kB
[    0.167442]  per task-struct memory footprint: 1920 bytes
[    0.167971] ACPI: Core revision 20220331
[    0.168607] clocksource: hpet: mask: 0xffffffff max_cycles: 0xffffffff, max_idle_ns: 19112604467 ns
[    0.169533] APIC: Switch to symmetric I/O mode setup
[    0.170174] x2apic enabled
[    0.170601] Switched APIC routing to physical x2apic.
[    0.171045] kvm-guest: setup PV IPIs
[    0.172299] ..TIMER: vector=0x30 apic1=0 pin1=2 apic2=-1 pin2=-1
[    0.172838] clocksource: tsc-early: mask: 0xffffffffffffffff max_cycles: 0x1881273ac8e, max_idle_ns: 440795257284 ns
[    0.173793] Calibrating delay loop (skipped) preset value.. 3400.00 BogoMIPS (lpj=6800000)
[    0.174505] pid_max: default: 32768 minimum: 301
[    0.175072] LSM: Security Framework initializing
[    0.175477] Yama: becoming mindful.
[    0.176012] Mount-cache hash table entries: 4096 (order: 3, 32768 bytes, linear)
[    0.176652] Mountpoint-cache hash table entries: 4096 (order: 3, 32768 bytes, linear)
[    0.178946] x86/cpu: User Mode Instruction Prevention (UMIP) activated
[    0.179684] Last level iTLB entries: 4KB 0, 2MB 0, 4MB 0
[    0.180149] Last level dTLB entries: 4KB 0, 2MB 0, 4MB 0, 1GB 0
[    0.180678] Spectre V1 : Mitigation: usercopy/swapgs barriers and __user pointer sanitization
[    0.181406] Spectre V2 : WARNING: Unprivileged eBPF is enabled with eIBRS on, data leaks possible via Spectre v2 BHB attacks!
[    0.181789] Spectre V2 : Mitigation: Enhanced IBRS
[    0.182175] Spectre V2 : Spectre v2 / SpectreRSB mitigation: Filling RSB on context switch
[    0.182833] Spectre V2 : mitigation: Enabling conditional Indirect Branch Prediction Barrier
[    0.183501] Speculative Store Bypass: Mitigation: Speculative Store Bypass disabled via prctl
[    0.304709] Freeing SMP alternatives memory: 56K
[    0.305387] smpboot: CPU0: Intel(R) Xeon(R) Gold 6414TDX (family: 0x6, model: 0x8f, stepping: 0x6)
[    0.305777] cblist_init_generic: Setting adjustable number of callback queues.
[    0.305777] cblist_init_generic: Setting shift to 1 and lim to 1.
[    0.305777] cblist_init_generic: Setting shift to 1 and lim to 1.
[    0.305777] cblist_init_generic: Setting shift to 1 and lim to 1.
[    0.305777] Running RCU-tasks wait API self tests
[    0.405862] Performance Events: Sapphire Rapids events, full-width counters, Intel PMU driver.
[    0.406623] ... version:                2
[    0.406947] ... bit width:              48
[    0.407280] ... generic registers:      8
[    0.407610] ... value mask:             0000ffffffffffff
[    0.408036] ... max period:             00007fffffffffff
[    0.408463] ... fixed-purpose events:   3
[    0.408788] ... event mask:             00000007000000ff
[    0.409620] rcu: Hierarchical SRCU implementation.
[    0.409782] rcu: 	Max phase no-delay instances is 1000.
[    0.412991] smp: Bringing up secondary CPUs ...
[    0.413872] x86: Booting SMP configuration:
[    0.414224] .... node  #0, CPUs:      #1
[    0.414665] smp: Brought up 1 node, 2 CPUs
[    0.414665] smpboot: Max logical packages: 1
[    0.414854] smpboot: Total of 2 processors activated (6800.00 BogoMIPS)
[    0.417800] devtmpfs: initialized
[    0.418367] x86/mm: Memory block size: 128MB
[    0.420765] clocksource: jiffies: mask: 0xffffffff max_cycles: 0xffffffff, max_idle_ns: 7645041785100000 ns
[    0.421799] Callback from call_rcu_tasks_trace() invoked.
[    0.422248] futex hash table entries: 512 (order: 4, 65536 bytes, linear)
[    0.423041] pinctrl core: initialized pinctrl subsystem
[    0.424073] 
[    0.424205] *************************************************************
[    0.424746] **     NOTICE NOTICE NOTICE NOTICE NOTICE NOTICE NOTICE    **
[    0.425281] **                                                         **
[    0.425786] **  IOMMU DebugFS SUPPORT HAS BEEN ENABLED IN THIS KERNEL  **
[    0.426327] **                                                         **
[    0.426872] ** This means that this kernel is built to expose internal **
[    0.427411] ** IOMMU data structures, which may compromise security on **
[    0.427956] ** your system.                                            **
[    0.428498] **                                                         **
[    0.429037] ** If you see this message and you are not debugging the   **
[    0.429581] ** kernel, report this immediately to your vendor!         **
[    0.429786] **                                                         **
[    0.430326] **     NOTICE NOTICE NOTICE NOTICE NOTICE NOTICE NOTICE    **
[    0.430869] *************************************************************
[    0.431462] PM: RTC time: 10:01:16, date: 2022-12-13
[    0.434108] NET: Registered PF_NETLINK/PF_ROUTE protocol family
[    0.435276] DMA: preallocated 256 KiB GFP_KERNEL pool for atomic allocations
[    0.435851] DMA: preallocated 256 KiB GFP_KERNEL|GFP_DMA pool for atomic allocations
[    0.436476] DMA: preallocated 256 KiB GFP_KERNEL|GFP_DMA32 pool for atomic allocations
[    0.437173] audit: initializing netlink subsys (disabled)
[    0.437685] audit: type=2000 audit(1670925677.084:1): state=initialized audit_enabled=0 res=1
[    0.438391] thermal_sys: Registered thermal governor 'fair_share'
[    0.438457] thermal_sys: Registered thermal governor 'bang_bang'
[    0.438948] thermal_sys: Registered thermal governor 'step_wise'
[    0.439432] thermal_sys: Registered thermal governor 'user_space'
[    0.439955] cpuidle: using governor ladder
[    0.440792] cpuidle: using governor menu
[    0.441417] HugeTLB: can optimize 4095 vmemmap pages for hugepages-1048576kB
[    0.441793] acpiphp: ACPI Hot Plug PCI Controller Driver version: 0.5
[    0.442657] PCI: Using configuration type 1 for base access
[    0.459370] kprobes: kprobe jump-optimization is enabled. All kprobes are optimized if possible.
[    0.602692] HugeTLB: can optimize 7 vmemmap pages for hugepages-2048kB
[    0.603227] HugeTLB registered 1.00 GiB page size, pre-allocated 0 pages
[    0.603764] HugeTLB registered 2.00 MiB page size, pre-allocated 0 pages
[    0.606836] ACPI: Added _OSI(Module Device)
[    0.607197] ACPI: Added _OSI(Processor Device)
[    0.607557] ACPI: Added _OSI(3.0 _SCP Extensions)
[    0.607942] ACPI: Added _OSI(Processor Aggregator Device)
[    0.608376] ACPI: Added _OSI(Linux-Dell-Video)
[    0.608737] ACPI: Added _OSI(Linux-Lenovo-NV-HDMI-Audio)
[    0.609161] ACPI: Added _OSI(Linux-HPI-Hybrid-Graphics)
[    0.615397] ACPI: 1 ACPI AML tables successfully acquired and loaded
[    0.619269] ACPI: Interpreter enabled
[    0.619669] ACPI: PM: (supports S0 S3 S4 S5)
[    0.620017] ACPI: Using IOAPIC for interrupt routing
[    0.620464] PCI: Using host bridge windows from ACPI; if necessary, use "pci=nocrs" and report a bug
[    0.621187] PCI: Using E820 reservations for host bridge windows
[    0.622401] ACPI: Enabled 2 GPEs in block 00 to 0F
[    0.640389] ACPI: PCI Root Bridge [PCI0] (domain 0000 [bus 00-ff])
[    0.640907] acpi PNP0A03:00: _OSC: OS supports [ASPM ClockPM Segments MSI EDR HPX-Type3]
[    0.641558] acpi PNP0A03:00: _OSC: not requesting OS control; OS requires [ExtendedConfig ASPM ClockPM MSI]
[    0.641846] acpi PNP0A03:00: fail to add MMCONFIG information, can't access extended PCI configuration space under this bridge.
[    0.645305] acpiphp: Slot [3] registered
[    0.645705] acpiphp: Slot [4] registered
[    0.645852] acpiphp: Slot [5] registered
[    0.646240] acpiphp: Slot [6] registered
[    0.646631] acpiphp: Slot [7] registered
[    0.647019] acpiphp: Slot [8] registered
[    0.647418] acpiphp: Slot [9] registered
[    0.647809] acpiphp: Slot [10] registered
[    0.648204] acpiphp: Slot [11] registered
[    0.648602] acpiphp: Slot [12] registered
[    0.649006] acpiphp: Slot [13] registered
[    0.649400] acpiphp: Slot [14] registered
[    0.649800] acpiphp: Slot [15] registered
[    0.650194] acpiphp: Slot [16] registered
[    0.650602] acpiphp: Slot [17] registered
[    0.651005] acpiphp: Slot [18] registered
[    0.651400] acpiphp: Slot [19] registered
[    0.651799] acpiphp: Slot [20] registered
[    0.652194] acpiphp: Slot [21] registered
[    0.652592] acpiphp: Slot [22] registered
[    0.653007] acpiphp: Slot [23] registered
[    0.653401] acpiphp: Slot [24] registered
[    0.653801] acpiphp: Slot [25] registered
[    0.654196] acpiphp: Slot [26] registered
[    0.654593] acpiphp: Slot [27] registered
[    0.654995] acpiphp: Slot [28] registered
[    0.655388] acpiphp: Slot [29] registered
[    0.655785] acpiphp: Slot [30] registered
[    0.656180] acpiphp: Slot [31] registered
[    0.656530] PCI host bridge to bus 0000:00
[    0.656869] pci_bus 0000:00: root bus resource [io  0x0000-0x0cf7 window]
[    0.657414] pci_bus 0000:00: root bus resource [io  0x0d00-0xffff window]
[    0.657782] pci_bus 0000:00: root bus resource [mem 0x000a0000-0x000bffff window]
[    0.658385] pci_bus 0000:00: root bus resource [mem 0x80000000-0xfebfffff window]
[    0.658990] pci_bus 0000:00: root bus resource [mem 0x100000000-0x17fffffff window]
[    0.659606] pci_bus 0000:00: root bus resource [bus 00-ff]
[    0.660147] pci 0000:00:00.0: [8086:1237] type 00 class 0x060000
[    0.663958] pci 0000:00:01.0: [8086:7000] type 00 class 0x060100
[    0.665153] pci 0000:00:01.1: [8086:7010] type 00 class 0x010180
[    0.667491] pci 0000:00:01.1: reg 0x20: [io  0xc040-0xc04f]
[    0.668446] pci 0000:00:01.1: legacy IDE quirk: reg 0x10: [io  0x01f0-0x01f7]
[    0.669023] pci 0000:00:01.1: legacy IDE quirk: reg 0x14: [io  0x03f6]
[    0.669549] pci 0000:00:01.1: legacy IDE quirk: reg 0x18: [io  0x0170-0x0177]
[    0.669785] pci 0000:00:01.1: legacy IDE quirk: reg 0x1c: [io  0x0376]
[    0.670638] pci 0000:00:01.3: [8086:7113] type 00 class 0x068000
[    0.671433] pci 0000:00:01.3: quirk: [io  0x0600-0x063f] claimed by PIIX4 ACPI
[    0.672020] pci 0000:00:01.3: quirk: [io  0x0700-0x070f] claimed by PIIX4 SMB
[    0.673103] pci 0000:00:02.0: [1234:1111] type 00 class 0x030000
[    0.674057] pci 0000:00:02.0: reg 0x10: [mem 0xfd000000-0xfdffffff pref]
[    0.676148] pci 0000:00:02.0: reg 0x18: [mem 0xfebf0000-0xfebf0fff]
[    0.678972] pci 0000:00:02.0: reg 0x30: [mem 0xfebe0000-0xfebeffff pref]
[    0.679596] pci 0000:00:02.0: Video device with shadowed ROM at [mem 0x000c0000-0x000dffff]
[    0.683321] pci 0000:00:03.0: [8086:100e] type 00 class 0x020000
[    0.684453] pci 0000:00:03.0: reg 0x10: [mem 0xfebc0000-0xfebdffff]
[    0.685681] pci 0000:00:03.0: reg 0x14: [io  0xc000-0xc03f]
[    0.688781] pci 0000:00:03.0: reg 0x30: [mem 0xfeb80000-0xfebbffff pref]
[    0.700429] ACPI: PCI: Interrupt link LNKA configured for IRQ 10
[    0.701313] ACPI: PCI: Interrupt link LNKB configured for IRQ 10
[    0.702155] ACPI: PCI: Interrupt link LNKC configured for IRQ 11
[    0.703004] ACPI: PCI: Interrupt link LNKD configured for IRQ 11
[    0.703668] ACPI: PCI: Interrupt link LNKS configured for IRQ 9
[    0.705217] iommu: Default domain type: Translated 
[    0.705619] iommu: DMA domain TLB invalidation policy: lazy mode 
[    0.706872] SCSI subsystem initialized
[    0.707433] ACPI: bus type USB registered
[    0.707846] usbcore: registered new interface driver usbfs
[    0.708342] usbcore: registered new interface driver hub
[    0.708801] usbcore: registered new device driver usb
[    0.709301] pps_core: LinuxPPS API ver. 1 registered
[    0.709705] pps_core: Software ver. 5.3.6 - Copyright 2005-2007 Rodolfo Giometti <giometti@linux.it>
[    0.709793] PTP clock support registered
[    0.710273] EDAC MC: Ver: 3.0.0
[    0.711882] NetLabel: Initializing
[    0.712170] NetLabel:  domain hash size = 128
[    0.712520] NetLabel:  protocols = UNLABELED CIPSOv4 CALIPSO
[    0.713051] NetLabel:  unlabeled traffic allowed by default
[    0.713808] PCI: Using ACPI for IRQ routing
[    0.714362] pci 0000:00:02.0: vgaarb: setting as boot VGA device
[    0.714857] pci 0000:00:02.0: vgaarb: bridge control possible
[    0.715322] pci 0000:00:02.0: vgaarb: VGA device added: decodes=io+mem,owns=io+mem,locks=none
[    0.716001] vgaarb: loaded
[    0.716497] hpet0: at MMIO 0xfed00000, IRQs 2, 8, 0
[    0.716910] hpet0: 3 comparators, 64-bit 100.000000 MHz counter
[    3.308537] clocksource: Switched to clocksource kvm-clock
[    3.309777] VFS: Disk quotas dquot_6.6.0
[    3.309777] VFS: Dquot-cache hash table entries: 512 (order 0, 4096 bytes)
[    3.309777] pnp: PnP ACPI init
[    3.311407] pnp: PnP ACPI: found 6 devices
[    3.323080] clocksource: acpi_pm: mask: 0xffffff max_cycles: 0xffffff, max_idle_ns: 2085701024 ns
[    3.324237] NET: Registered PF_INET protocol family
[    3.324734] IP idents hash table entries: 32768 (order: 6, 262144 bytes, linear)
[    3.326269] tcp_listen_portaddr_hash hash table entries: 1024 (order: 4, 73728 bytes, linear)
[    3.326970] Table-perturb hash table entries: 65536 (order: 6, 262144 bytes, linear)
[    3.327585] TCP established hash table entries: 16384 (order: 5, 131072 bytes, linear)
[    3.328376] TCP bind hash table entries: 16384 (order: 8, 1179648 bytes, linear)
[    3.329534] TCP: Hash tables configured (established 16384 bind 16384)
[    3.330182] UDP hash table entries: 1024 (order: 5, 163840 bytes, linear)
[    3.330792] UDP-Lite hash table entries: 1024 (order: 5, 163840 bytes, linear)
[    3.331547] NET: Registered PF_UNIX/PF_LOCAL protocol family
[    3.332383] RPC: Registered named UNIX socket transport module.
[    3.332871] RPC: Registered udp transport module.
[    3.333246] RPC: Registered tcp transport module.
[    3.333619] RPC: Registered tcp NFSv4.1 backchannel transport module.
[    3.334168] pci_bus 0000:00: resource 4 [io  0x0000-0x0cf7 window]
[    3.334668] pci_bus 0000:00: resource 5 [io  0x0d00-0xffff window]
[    3.335166] pci_bus 0000:00: resource 6 [mem 0x000a0000-0x000bffff window]
[    3.335714] pci_bus 0000:00: resource 7 [mem 0x80000000-0xfebfffff window]
[    3.336265] pci_bus 0000:00: resource 8 [mem 0x100000000-0x17fffffff window]
[    3.337083] pci 0000:00:01.0: PIIX3: Enabling Passive Release
[    3.337556] pci 0000:00:00.0: Limiting direct PCI/PCI transfers
[    3.338064] pci 0000:00:01.0: Activating ISA DMA hang workarounds
[    3.338654] PCI: CLS 0 bytes, default 64
[    3.339018] ACPI: bus type thunderbolt registered
[    3.339715] clocksource: tsc: mask: 0xffffffffffffffff max_cycles: 0x1881273ac8e, max_idle_ns: 440795257284 ns
[    3.362938] sgx: There are zero EPC sections.
[    3.369869] Callback from call_rcu_tasks_rude() invoked.
[    3.417872] Callback from call_rcu_tasks() invoked.
[    3.482399] Initialise system trusted keyrings
[    3.482888] Key type blacklist registered
[    3.483485] workingset: timestamp_bits=36 max_order=19 bucket_order=0
[    3.494650] zbud: loaded
[    3.497126] squashfs: version 4.0 (2009/01/31) Phillip Lougher
[    3.499308] NFS: Registering the id_resolver key type
[    3.499740] Key type id_resolver registered
[    3.500082] Key type id_legacy registered
[    3.500507] nfs4filelayout_init: NFSv4 File Layout Driver Registering...
[    3.501056] nfs4flexfilelayout_init: NFSv4 Flexfile Layout Driver Registering...
[    3.501749] fuse: init (API version 7.36)
[    3.502418] SGI XFS with ACLs, security attributes, realtime, quota, no debug enabled
[    3.504994] 9p: Installing v9fs 9p2000 file system support
[    3.513614] Key type asymmetric registered
[    3.513974] Asymmetric key parser 'x509' registered
[    3.516063] alg: self-tests for CTR-KDF (hmac(sha256)) passed
[    3.516606] Block layer SCSI generic (bsg) driver version 0.4 loaded (major 243)
[    3.517324] io scheduler mq-deadline registered
[    3.517722] io scheduler bfq registered
[    3.519265] shpchp: Standard Hot Plug PCI Controller Driver version: 0.4
[    3.520256] IPMI message handler: version 39.2
[    3.520657] ipmi device interface
[    3.522654] input: Power Button as /devices/LNXSYSTM:00/LNXPWRBN:00/input/input0
[    3.523603] ACPI: button: Power Button [PWRF]
[    3.524931] ERST DBG: ERST support is disabled.
[    3.525931] Serial: 8250/16550 driver, 32 ports, IRQ sharing enabled
[    3.527484] 00:04: ttyS0 at I/O 0x3f8 (irq = 4, base_baud = 115200) is a 16550A
[    3.537214] Linux agpgart interface v0.103
[    3.538136] ACPI: bus type drm_connector registered
[    3.551193] brd: module loaded
[    3.558843] loop: module loaded
[    3.563425] scsi host0: ata_piix
[    3.564333] scsi host1: ata_piix
[    3.564766] ata1: PATA max MWDMA2 cmd 0x1f0 ctl 0x3f6 bmdma 0xc040 irq 14
[    3.565306] ata2: PATA max MWDMA2 cmd 0x170 ctl 0x376 bmdma 0xc048 irq 15
[    3.567025] tun: Universal TUN/TAP device driver, 1.6
[    3.567581] e100: Intel(R) PRO/100 Network Driver
[    3.567957] e100: Copyright(c) 1999-2006 Intel Corporation
[    3.568427] e1000: Intel(R) PRO/1000 Network Driver
[    3.568815] e1000: Copyright (c) 1999-2006 Intel Corporation.
[    3.725936] ata2: found unknown device (class 0)
[    3.726727] ata1: found unknown device (class 0)
[    3.727720] ata1.00: ATA-7: QEMU HARDDISK, 2.5+, max UDMA/100
[    3.728194] ata1.00: 16777216 sectors, multi 16: LBA48 
[    3.728806] ata2.00: ATAPI: QEMU DVD-ROM, 2.5+, max UDMA/100
[    3.730747] scsi 0:0:0:0: Direct-Access     ATA      QEMU HARDDISK    2.5+ PQ: 0 ANSI: 5
[    3.732485] sd 0:0:0:0: Attached scsi generic sg0 type 0
[    3.732962] sd 0:0:0:0: [sda] 16777216 512-byte logical blocks: (8.59 GB/8.00 GiB)
[    3.733596] sd 0:0:0:0: [sda] Write Protect is off
[    3.734138] sd 0:0:0:0: [sda] Write cache: enabled, read cache: enabled, doesn't support DPO or FUA
[    3.734281] scsi 1:0:0:0: CD-ROM            QEMU     QEMU DVD-ROM     2.5+ PQ: 0 ANSI: 5
[    3.734972] sd 0:0:0:0: [sda] Preferred minimum I/O size 512 bytes
[    3.755703] sd 0:0:0:0: [sda] Attached SCSI disk
[    3.758747] ACPI: \_SB_.LNKC: Enabled at IRQ 11
[    3.766638] scsi 1:0:0:0: Attached scsi generic sg1 type 5
[    4.084972] e1000 0000:00:03.0 eth0: (PCI:33MHz:32-bit) 52:54:00:12:34:56
[    4.085571] e1000 0000:00:03.0 eth0: Intel(R) PRO/1000 Network Connection
[    4.086281] e1000e: Intel(R) PRO/1000 Network Driver
[    4.086684] e1000e: Copyright(c) 1999 - 2015 Intel Corporation.
[    4.087245] igb: Intel(R) Gigabit Ethernet Network Driver
[    4.087681] igb: Copyright (c) 2007-2014 Intel Corporation.
[    4.088248] PPP generic driver version 2.4.2
[    4.089204] VFIO - User Level meta-driver version: 0.3
[    4.089697] ehci_hcd: USB 2.0 'Enhanced' Host Controller (EHCI) Driver
[    4.090265] ehci-pci: EHCI PCI platform driver
[    4.090671] ehci-platform: EHCI generic platform driver
[    4.091120] ohci_hcd: USB 1.1 'Open' Host Controller (OHCI) Driver
[    4.091618] ohci-pci: OHCI PCI platform driver
[    4.092006] ohci-platform: OHCI generic platform driver
[    4.092456] uhci_hcd: USB Universal Host Controller Interface driver
[    4.093290] usbcore: registered new interface driver uas
[    4.093801] usbcore: registered new interface driver usb-storage
[    4.094406] i8042: PNP: PS/2 Controller [PNP0303:KBD,PNP0f13:MOU] at 0x60,0x64 irq 1,12
[    4.095787] serio: i8042 KBD port at 0x60,0x64 irq 1
[    4.096241] serio: i8042 AUX port at 0x60,0x64 irq 12
[    4.097407] mousedev: PS/2 mouse device common for all mice
[    4.098732] input: AT Translated Set 2 keyboard as /devices/platform/i8042/serio0/input/input1
[    4.100590] input: VirtualPS/2 VMware VMMouse as /devices/platform/i8042/serio1/input/input4
[    4.101688] rtc_cmos 00:05: RTC can wake from S4
[    4.102405] input: VirtualPS/2 VMware VMMouse as /devices/platform/i8042/serio1/input/input3
[    4.104210] rtc_cmos 00:05: registered as rtc0
[    4.104646] rtc_cmos 00:05: setting system clock to 2022-12-13T10:01:20 UTC (1670925680)
[    4.105442] rtc_cmos 00:05: alarms up to one day, y3k, 242 bytes nvram, hpet irqs
[    4.106085] i2c_dev: i2c /dev entries driver
[    4.106481] device-mapper: core: CONFIG_IMA_DISABLE_HTABLE is disabled. Duplicate IMA measurements will not be recorded in the IMA log.
[    4.107545] device-mapper: uevent: version 1.0.3
[    4.108251] device-mapper: ioctl: 4.47.0-ioctl (2022-07-28) initialised: dm-devel@redhat.com
[    4.108931] intel_pstate: CPU model not supported
[    4.109409] sdhci: Secure Digital Host Controller Interface driver
[    4.109917] sdhci: Copyright(c) Pierre Ossman
[    4.110352] sdhci-pltfm: SDHCI platform and OF driver helper
[    4.110860] ledtrig-cpu: registered to indicate activity on CPUs
[    4.111743] drop_monitor: Initializing network drop monitor service
[    4.112963] NET: Registered PF_INET6 protocol family
[    4.115717] Segment Routing with IPv6
[    4.116057] In-situ OAM (IOAM) with IPv6
[    4.116415] NET: Registered PF_PACKET protocol family
[    4.117135] 9pnet: Installing 9P2000 support
[    4.117562] Key type dns_resolver registered
[    4.118843] IPI shorthand broadcast: enabled
[    4.119309] sched_clock: Marking stable (4106393087, 12165576)->(4133717198, -15158535)
[    4.120640] registered taskstats version 1
[    4.121155] Loading compiled-in X.509 certificates
[    4.121909] zswap: loaded using pool lzo/zbud
[    4.123101] Key type ._fscrypt registered
[    4.123434] Key type .fscrypt registered
[    4.123752] Key type fscrypt-provisioning registered
[    4.125543] Key type encrypted registered
[    4.126019] ima: No TPM chip found, activating TPM-bypass!
[    4.126469] ima: Allocated hash algorithm: sha1
[    4.126888] ima: No architecture policies found
[    4.127308] evm: Initialising EVM extended attributes:
[    4.127711] evm: security.selinux
[    4.127980] evm: security.SMACK64
[    4.128244] evm: security.SMACK64EXEC
[    4.128538] evm: security.SMACK64TRANSMUTE
[    4.128869] evm: security.SMACK64MMAP
[    4.129161] evm: security.apparmor
[    4.129436] evm: security.ima
[    4.129676] evm: security.capability
[    4.130003] evm: HMAC attrs: 0x1
[    4.136307] PM:   Magic number: 2:36:22
[    4.137133] RAS: Correctable Errors collector initialized.
[    4.139235] md: Waiting for all devices to be available before autodetect
[    4.139624] md: If you don't use raid, use raid=noautodetect
[    4.139951] md: Autodetecting RAID arrays.
[    4.140197] md: autorun ...
[    4.140365] md: ... autorun DONE.
[    4.146157] EXT4-fs (sda): mounted filesystem with ordered data mode. Quota mode: none.
[    4.146693] VFS: Mounted root (ext4 filesystem) readonly on device 8:0.
[    4.148939] devtmpfs: mounted
[    4.159578] Freeing unused decrypted memory: 2036K
[    4.161598] Freeing unused kernel image (initmem) memory: 3644K
[    4.169857] Write protecting the kernel read-only data: 43008k
[    4.173070] Freeing unused kernel image (text/rodata gap) memory: 2028K
[    4.173609] Freeing unused kernel image (rodata/data gap) memory: 128K
[    4.278407] x86/mm: Checked W+X mappings: passed, no W+X pages found.
[    4.278757] Run /sbin/init as init process
[    4.365883] systemd[1]: RTC configured in localtime, applying delta of 0 minutes to system time.
[    4.391517] systemd[1]: systemd 239 (239-49.el8) running in system mode. (+PAM +AUDIT +SELINUX +IMA -APPARMOR +SMACK +SYSVINIT +UTMP +LIBCRYPTSETUP +GCRYPT +GNUTLS +ACL +XZ +LZ4 +SECCOMP +BLKID +ELFUTILS +KMOD +IDN2 -IDN +PCRE2 default-hierarchy=legacy)
[    4.392911] systemd[1]: Detected virtualization kvm.
[    4.393198] systemd[1]: Detected architecture x86-64.

Welcome to [0;31mCentOS Stream 8[0m!

[    4.413700] systemd[1]: Set hostname to <test>.
[    6.357883] random: crng init done
[    6.450214] systemd[1]: Listening on LVM2 poll daemon socket.
[[0;32m  OK  [0m] Listening on LVM2 poll daemon socket.
[    6.451598] systemd[1]: Listening on Journal Socket.
[[0;32m  OK  [0m] Listening on Journal Socket.
[    6.458790] systemd[1]: Starting Load Kernel Modules...
         Starting Load Kernel Modules...
[    6.467871] systemd[1]: Listening on Process Core Dump Socket.
[[0;32m  OK  [0m] Listening on Process Core Dump Socket.
[    6.468899] systemd[1]: Listening on initctl Compatibility Named Pipe.
[[0;32m  OK  [0m] Listening on initctl Compatibility Named Pipe.
[    6.470521] systemd[1]: Started Forward Password Requests to Wall Directory Watch.
[[0;32m  OK  [0m] Started Forward Password Requests to Wall Directory Watch.
[[0;32m  OK  [0m] Set up automount Arbitrary Executabâ€¦rmats File System Automount Point.
[[0;32m  OK  [0m] Created slice User and Session Slice.
[[0;32m  OK  [0m] Reached target Slices.
[[0;32m  OK  [0m] Created slice system-getty.slice.
         Starting Remount Root and Kernel File Systems...
[[0;32m  OK  [0m] Listening on Journal Socket (/dev/log).
         Starting Journal Service...
         Starting Setup Virtual Console...
[[0;32m  OK  [0m] Listening on udev Kernel Socket.
[[0;32m  OK  [0m] Listening on multipathd control socket.
         Mounting Kernel Debug File System...
         Mounting POSIX Message Queue File System...
[[0;32m  OK  [0m] Listening on RPCbind Server Activation Socket.
[[0;32m  OK  [0m] Reached target Swap.
         Mounting Huge Pages File System...
[[0;32m  OK  [0m] Created slice system-sshd\x2dkeygen.slice.
[[0;32m  OK  [0m] Listening on udev Control Socket.
         Starting udev Coldplug all Devices...
[[0;32m  OK  [0m] Listening on Device-mapper event daemon FIFOs.
         Starting Monitoring of LVM2 mirrorsâ€¦ng dmeventd or progress polling...
[[0;32m  OK  [0m] Reached target RPC Port Mapper.
[[0;32m  OK  [0m] Created slice system-serial\x2dgetty.slice.
[    6.749836] EXT4-fs (sda): re-mounted. Quota mode: none.
[[0;32m  OK  [0m] Started Journal Service.
[[0;1;31mFAILED[0m] Failed to start Load Kernel Modules.
See 'systemctl status systemd-modules-load.service' for details.
[[0;32m  OK  [0m] Started Remount Root and Kernel File Systems.
[[0;32m  OK  [0m] Mounted Kernel Debug File System.
[[0;32m  OK  [0m] Mounted POSIX Message Queue File System.
[[0;32m  OK  [0m] Mounted Huge Pages File System.
         Starting Load/Save Random Seed...
         Starting Create Static Device Nodes in /dev...
         Starting Apply Kernel Variables...
         Mounting FUSE Control File System...
         Mounting Kernel Configuration File System...
         Starting Flush Journal to Persistent Storage...
[[0;32m  OK  [0m] Started Load/Save Random Seed.
[[0;32m  OK  [0m] Started Create Static Device Nodes in /dev.
[[0;32m  OK  [0m] Started Setup Virtual Console.
[[0;32m  OK  [0m] Started Apply Kernel Variables.
[[0;32m  OK  [0m] Mounted FUSE Control File System.
[[0;32m  OK  [0m] Mounted Kernel Configuration File System.
         Starting udev Kernel Device Manager...
[[0;32m  OK  [0m] Started Flush Journal to Persistent Storage.
[[0;32m  OK  [0m] Started udev Coldplug all Devices.
         Starting udev Wait for Complete Device Initialization...
[[0;32m  OK  [0m] Started udev Kernel Device Manager.
         Starting Show Plymouth Boot Screen...
[[0;32m  OK  [0m] Started Show Plymouth Boot Screen.
[[0;32m  OK  [0m] Started Forward Password Requests to Plymouth Directory Watch.
[[0;32m  OK  [0m] Reached target Local Encrypted Volumes.
[[0;32m  OK  [0m] Reached target Paths.
[[0;32m  OK  [0m] Found device /dev/ttyS0.
[[0;32m  OK  [0m] Started Monitoring of LVM2 mirrors,â€¦sing dmeventd or progress polling.
[[0;32m  OK  [0m] Started udev Wait for Complete Device Initialization.
[[0;32m  OK  [0m] Listening on Load/Save RF Kill Switch Status /dev/rfkill Watch.
[[0;32m  OK  [0m] Reached target Local File Systems (Pre).
[[0;32m  OK  [0m] Reached target Local File Systems.
         Starting Tell Plymouth To Write Out Runtime Data...
         Starting Create Volatile Files and Directories...
         Starting Restore /run/initramfs on shutdown...
[[0;32m  OK  [0m] Started Tell Plymouth To Write Out Runtime Data.
[[0;32m  OK  [0m] Started Restore /run/initramfs on shutdown.
[[0;32m  OK  [0m] Started Create Volatile Files and Directories.
         Mounting RPC Pipe File System...
         Starting Security Auditing Service...
         Starting RPC Bind...
[[0;32m  OK  [0m] Mounted RPC Pipe File System.
[[0;32m  OK  [0m] Reached target rpc_pipefs.target.
[[0;32m  OK  [0m] Started RPC Bind.
[[0;32m  OK  [0m] Started Security Auditing Service.
         Starting Update UTMP about System Boot/Shutdown...
[[0;32m  OK  [0m] Started Update UTMP about System Boot/Shutdown.
[[0;32m  OK  [0m] Reached target System Initialization.
[[0;32m  OK  [0m] Started dnf makecache --timer.
[[0;32m  OK  [0m] Started Daily Cleanup of Temporary Directories.
[[0;32m  OK  [0m] Started daily update of the root trust anchor for DNSSEC.
[[0;32m  OK  [0m] Reached target Timers.
[[0;32m  OK  [0m] Listening on D-Bus System Message Bus Socket.
[[0;32m  OK  [0m] Listening on SSSD Kerberos Cache Manager responder socket.
[[0;32m  OK  [0m] Reached target Sockets.
[[0;32m  OK  [0m] Reached target Basic System.
[[0;32m  OK  [0m] Started Machine Check Exception Logging Daemon.
         Starting Self Monitoring and Reporting Technology (SMART) Daemon...
         Starting Login Service...
         Starting Auto-connect to subsystemsâ€¦-NVME devices found during boot...
         Starting Authorization Manager...
[[0;32m  OK  [0m] Started D-Bus System Message Bus.
         Starting Network Manager...
         Starting NTP client/server...
[[0;32m  OK  [0m] Started irqbalance daemon.
[[0;32m  OK  [0m] Reached target sshd-keygen.target.
[[0;32m  OK  [0m] Started Self Monitoring and Reporting Technology (SMART) Daemon.
[[0;32m  OK  [0m] Started Auto-connect to subsystems â€¦FC-NVME devices found during boot.
         Starting update of the root trust aâ€¦or DNSSEC validation in unbound...
[[0;32m  OK  [0m] Started Login Service.
[[0;32m  OK  [0m] Started Network Manager.
         Starting Network Manager Wait Online...
[[0;32m  OK  [0m] Reached target Network.
         Starting Dynamic System Tuning Daemon...
         Starting OpenSSH server daemon...
         Starting GSSAPI Proxy Daemon...
[[0;32m  OK  [0m] Started NTP client/server.
[[0;32m  OK  [0m] Started update of the root trust anâ€¦ for DNSSEC validation in unbound.
         Starting Hostname Service...
[[0;32m  OK  [0m] Started OpenSSH server daemon.
[[0;32m  OK  [0m] Started GSSAPI Proxy Daemon.
[[0;32m  OK  [0m] Reached target NFS client services.
[[0;32m  OK  [0m] Reached target Remote File Systems (Pre).
[[0;32m  OK  [0m] Reached target Remote File Systems.
         Starting Permit User Sessions...
[[0;32m  OK  [0m] Started Permit User Sessions.
         Starting Hold until boot process finishes up...
[[0;32m  OK  [0m] Started Command Scheduler.
         Starting Terminate Plymouth Boot Screen...
[[0;32m  OK  [0m] Started Authorization Manager.
[    8.846029] e1000: eth0 NIC Link is Up 1000 Mbps Full Duplex, Flow Control: RX
[    8.846912] IPv6: ADDRCONF(NETDEV_CHANGE): eth0: link becomes ready
[    9.000013] Spectre V2 : WARNING: Unprivileged eBPF is enabled with eIBRS on, data leaks possible via Spectre v2 BHB attacks!
[    9.000730] Spectre V2 : WARNING: Unprivileged eBPF is enabled with eIBRS on, data leaks possible via Spectre v2 BHB attacks!

CentOS Stream 8
Kernel 5.19.0-b069122256e4+ on an x86_64

test login: [   28.364598] warning: checkpointing journal with EXT4_IOC_CHECKPOINT_FLAG_ZEROOUT can be slow
[   28.617628] warning: checkpointing journal with EXT4_IOC_CHECKPOINT_FLAG_ZEROOUT can be slow
[   28.843695] warning: checkpointing journal with EXT4_IOC_CHECKPOINT_FLAG_ZEROOUT can be slow
[   29.069539] warning: checkpointing journal with EXT4_IOC_CHECKPOINT_FLAG_ZEROOUT can be slow
[   29.293843] warning: checkpointing journal with EXT4_IOC_CHECKPOINT_FLAG_ZEROOUT can be slow
[   29.518041] warning: checkpointing journal with EXT4_IOC_CHECKPOINT_FLAG_ZEROOUT can be slow
[   29.742539] warning: checkpointing journal with EXT4_IOC_CHECKPOINT_FLAG_ZEROOUT can be slow
[   29.966485] warning: checkpointing journal with EXT4_IOC_CHECKPOINT_FLAG_ZEROOUT can be slow
[   30.190176] warning: checkpointing journal with EXT4_IOC_CHECKPOINT_FLAG_ZEROOUT can be slow
[   30.413897] warning: checkpointing journal with EXT4_IOC_CHECKPOINT_FLAG_ZEROOUT can be slow
[   33.529040] ext4_ioctl_checkpoint: 13 callbacks suppressed
[   33.529052] warning: checkpointing journal with EXT4_IOC_CHECKPOINT_FLAG_ZEROOUT can be slow
[   33.752979] warning: checkpointing journal with EXT4_IOC_CHECKPOINT_FLAG_ZEROOUT can be slow
[   33.975611] warning: checkpointing journal with EXT4_IOC_CHECKPOINT_FLAG_ZEROOUT can be slow
[   34.198621] warning: checkpointing journal with EXT4_IOC_CHECKPOINT_FLAG_ZEROOUT can be slow
[   34.421964] warning: checkpointing journal with EXT4_IOC_CHECKPOINT_FLAG_ZEROOUT can be slow
[   34.645118] warning: checkpointing journal with EXT4_IOC_CHECKPOINT_FLAG_ZEROOUT can be slow
[   34.868460] warning: checkpointing journal with EXT4_IOC_CHECKPOINT_FLAG_ZEROOUT can be slow
[   35.091792] warning: checkpointing journal with EXT4_IOC_CHECKPOINT_FLAG_ZEROOUT can be slow
[   35.314333] warning: checkpointing journal with EXT4_IOC_CHECKPOINT_FLAG_ZEROOUT can be slow
[   35.537032] warning: checkpointing journal with EXT4_IOC_CHECKPOINT_FLAG_ZEROOUT can be slow
[   38.651314] ext4_ioctl_checkpoint: 13 callbacks suppressed
[   38.651326] warning: checkpointing journal with EXT4_IOC_CHECKPOINT_FLAG_ZEROOUT can be slow
[   38.874839] warning: checkpointing journal with EXT4_IOC_CHECKPOINT_FLAG_ZEROOUT can be slow
[   39.099721] warning: checkpointing journal with EXT4_IOC_CHECKPOINT_FLAG_ZEROOUT can be slow
[   39.322513] warning: checkpointing journal with EXT4_IOC_CHECKPOINT_FLAG_ZEROOUT can be slow
[   39.545573] warning: checkpointing journal with EXT4_IOC_CHECKPOINT_FLAG_ZEROOUT can be slow
[   39.768643] warning: checkpointing journal with EXT4_IOC_CHECKPOINT_FLAG_ZEROOUT can be slow
[   39.992171] warning: checkpointing journal with EXT4_IOC_CHECKPOINT_FLAG_ZEROOUT can be slow
[   40.216035] warning: checkpointing journal with EXT4_IOC_CHECKPOINT_FLAG_ZEROOUT can be slow
[   40.438680] warning: checkpointing journal with EXT4_IOC_CHECKPOINT_FLAG_ZEROOUT can be slow
[   40.661581] warning: checkpointing journal with EXT4_IOC_CHECKPOINT_FLAG_ZEROOUT can be slow
[   43.776006] ext4_ioctl_checkpoint: 13 callbacks suppressed
[   43.776016] warning: checkpointing journal with EXT4_IOC_CHECKPOINT_FLAG_ZEROOUT can be slow
[   44.000703] warning: checkpointing journal with EXT4_IOC_CHECKPOINT_FLAG_ZEROOUT can be slow
[   44.224624] warning: checkpointing journal with EXT4_IOC_CHECKPOINT_FLAG_ZEROOUT can be slow
[   44.448666] warning: checkpointing journal with EXT4_IOC_CHECKPOINT_FLAG_ZEROOUT can be slow
[   44.672762] warning: checkpointing journal with EXT4_IOC_CHECKPOINT_FLAG_ZEROOUT can be slow
[   44.895628] warning: checkpointing journal with EXT4_IOC_CHECKPOINT_FLAG_ZEROOUT can be slow
[   45.118489] warning: checkpointing journal with EXT4_IOC_CHECKPOINT_FLAG_ZEROOUT can be slow
[   45.341085] warning: checkpointing journal with EXT4_IOC_CHECKPOINT_FLAG_ZEROOUT can be slow
[   45.563623] warning: checkpointing journal with EXT4_IOC_CHECKPOINT_FLAG_ZEROOUT can be slow
[   45.786782] warning: checkpointing journal with EXT4_IOC_CHECKPOINT_FLAG_ZEROOUT can be slow
[   48.899951] ext4_ioctl_checkpoint: 13 callbacks suppressed
[   48.899961] warning: checkpointing journal with EXT4_IOC_CHECKPOINT_FLAG_ZEROOUT can be slow
[   49.122126] warning: checkpointing journal with EXT4_IOC_CHECKPOINT_FLAG_ZEROOUT can be slow
[   49.344824] warning: checkpointing journal with EXT4_IOC_CHECKPOINT_FLAG_ZEROOUT can be slow
[   49.567333] warning: checkpointing journal with EXT4_IOC_CHECKPOINT_FLAG_ZEROOUT can be slow
[   49.790898] warning: checkpointing journal with EXT4_IOC_CHECKPOINT_FLAG_ZEROOUT can be slow
[   50.013460] warning: checkpointing journal with EXT4_IOC_CHECKPOINT_FLAG_ZEROOUT can be slow
[   50.236349] warning: checkpointing journal with EXT4_IOC_CHECKPOINT_FLAG_ZEROOUT can be slow
[   50.459070] warning: checkpointing journal with EXT4_IOC_CHECKPOINT_FLAG_ZEROOUT can be slow
[   50.682079] warning: checkpointing journal with EXT4_IOC_CHECKPOINT_FLAG_ZEROOUT can be slow
[   50.904323] warning: checkpointing journal with EXT4_IOC_CHECKPOINT_FLAG_ZEROOUT can be slow
[   54.014223] ext4_ioctl_checkpoint: 13 callbacks suppressed
[   54.014235] warning: checkpointing journal with EXT4_IOC_CHECKPOINT_FLAG_ZEROOUT can be slow
[   54.237113] warning: checkpointing journal with EXT4_IOC_CHECKPOINT_FLAG_ZEROOUT can be slow
[   54.461191] warning: checkpointing journal with EXT4_IOC_CHECKPOINT_FLAG_ZEROOUT can be slow
[   54.684977] warning: checkpointing journal with EXT4_IOC_CHECKPOINT_FLAG_ZEROOUT can be slow
[   54.907654] warning: checkpointing journal with EXT4_IOC_CHECKPOINT_FLAG_ZEROOUT can be slow
[   55.130838] warning: checkpointing journal with EXT4_IOC_CHECKPOINT_FLAG_ZEROOUT can be slow
[   55.353478] warning: checkpointing journal with EXT4_IOC_CHECKPOINT_FLAG_ZEROOUT can be slow
[   55.576379] warning: checkpointing journal with EXT4_IOC_CHECKPOINT_FLAG_ZEROOUT can be slow
[   55.798905] warning: checkpointing journal with EXT4_IOC_CHECKPOINT_FLAG_ZEROOUT can be slow
[   56.021940] warning: checkpointing journal with EXT4_IOC_CHECKPOINT_FLAG_ZEROOUT can be slow
[   59.134384] ext4_ioctl_checkpoint: 13 callbacks suppressed
[   59.134394] warning: checkpointing journal with EXT4_IOC_CHECKPOINT_FLAG_ZEROOUT can be slow
[   59.357999] warning: checkpointing journal with EXT4_IOC_CHECKPOINT_FLAG_ZEROOUT can be slow
[   59.580515] warning: checkpointing journal with EXT4_IOC_CHECKPOINT_FLAG_ZEROOUT can be slow
[   59.804419] warning: checkpointing journal with EXT4_IOC_CHECKPOINT_FLAG_ZEROOUT can be slow
[   60.028945] warning: checkpointing journal with EXT4_IOC_CHECKPOINT_FLAG_ZEROOUT can be slow
[   60.251480] warning: checkpointing journal with EXT4_IOC_CHECKPOINT_FLAG_ZEROOUT can be slow
[   60.474151] warning: checkpointing journal with EXT4_IOC_CHECKPOINT_FLAG_ZEROOUT can be slow
[   60.696960] warning: checkpointing journal with EXT4_IOC_CHECKPOINT_FLAG_ZEROOUT can be slow
[   60.920027] warning: checkpointing journal with EXT4_IOC_CHECKPOINT_FLAG_ZEROOUT can be slow
[   61.142743] warning: checkpointing journal with EXT4_IOC_CHECKPOINT_FLAG_ZEROOUT can be slow
[   64.258600] ext4_ioctl_checkpoint: 13 callbacks suppressed
[   64.258612] warning: checkpointing journal with EXT4_IOC_CHECKPOINT_FLAG_ZEROOUT can be slow
[   64.481119] warning: checkpointing journal with EXT4_IOC_CHECKPOINT_FLAG_ZEROOUT can be slow
[   64.703611] warning: checkpointing journal with EXT4_IOC_CHECKPOINT_FLAG_ZEROOUT can be slow
[   64.926190] warning: checkpointing journal with EXT4_IOC_CHECKPOINT_FLAG_ZEROOUT can be slow
[   65.149642] warning: checkpointing journal with EXT4_IOC_CHECKPOINT_FLAG_ZEROOUT can be slow
[   65.372810] warning: checkpointing journal with EXT4_IOC_CHECKPOINT_FLAG_ZEROOUT can be slow
[   65.595639] warning: checkpointing journal with EXT4_IOC_CHECKPOINT_FLAG_ZEROOUT can be slow
[   65.818860] warning: checkpointing journal with EXT4_IOC_CHECKPOINT_FLAG_ZEROOUT can be slow
[   66.042315] warning: checkpointing journal with EXT4_IOC_CHECKPOINT_FLAG_ZEROOUT can be slow
[   66.265559] warning: checkpointing journal with EXT4_IOC_CHECKPOINT_FLAG_ZEROOUT can be slow
[   69.379806] ext4_ioctl_checkpoint: 13 callbacks suppressed
[   69.379816] warning: checkpointing journal with EXT4_IOC_CHECKPOINT_FLAG_ZEROOUT can be slow
[   69.603087] warning: checkpointing journal with EXT4_IOC_CHECKPOINT_FLAG_ZEROOUT can be slow
[   69.826698] warning: checkpointing journal with EXT4_IOC_CHECKPOINT_FLAG_ZEROOUT can be slow
[   70.050240] warning: checkpointing journal with EXT4_IOC_CHECKPOINT_FLAG_ZEROOUT can be slow
[   70.273441] warning: checkpointing journal with EXT4_IOC_CHECKPOINT_FLAG_ZEROOUT can be slow
[   70.496085] warning: checkpointing journal with EXT4_IOC_CHECKPOINT_FLAG_ZEROOUT can be slow
[   70.719485] warning: checkpointing journal with EXT4_IOC_CHECKPOINT_FLAG_ZEROOUT can be slow
[   70.942324] warning: checkpointing journal with EXT4_IOC_CHECKPOINT_FLAG_ZEROOUT can be slow
[   71.165309] warning: checkpointing journal with EXT4_IOC_CHECKPOINT_FLAG_ZEROOUT can be slow
[   71.387882] warning: checkpointing journal with EXT4_IOC_CHECKPOINT_FLAG_ZEROOUT can be slow
[   74.505611] ext4_ioctl_checkpoint: 13 callbacks suppressed
[   74.505620] warning: checkpointing journal with EXT4_IOC_CHECKPOINT_FLAG_ZEROOUT can be slow
[   74.728797] warning: checkpointing journal with EXT4_IOC_CHECKPOINT_FLAG_ZEROOUT can be slow
[   74.951698] warning: checkpointing journal with EXT4_IOC_CHECKPOINT_FLAG_ZEROOUT can be slow
[   75.175053] warning: checkpointing journal with EXT4_IOC_CHECKPOINT_FLAG_ZEROOUT can be slow
[   75.398318] warning: checkpointing journal with EXT4_IOC_CHECKPOINT_FLAG_ZEROOUT can be slow
[   75.621678] warning: checkpointing journal with EXT4_IOC_CHECKPOINT_FLAG_ZEROOUT can be slow
[   75.844376] warning: checkpointing journal with EXT4_IOC_CHECKPOINT_FLAG_ZEROOUT can be slow
[   76.067485] warning: checkpointing journal with EXT4_IOC_CHECKPOINT_FLAG_ZEROOUT can be slow
[   76.290874] warning: checkpointing journal with EXT4_IOC_CHECKPOINT_FLAG_ZEROOUT can be slow
[   76.513859] warning: checkpointing journal with EXT4_IOC_CHECKPOINT_FLAG_ZEROOUT can be slow
[   79.631559] ext4_ioctl_checkpoint: 13 callbacks suppressed
[   79.631571] warning: checkpointing journal with EXT4_IOC_CHECKPOINT_FLAG_ZEROOUT can be slow
[   79.855799] warning: checkpointing journal with EXT4_IOC_CHECKPOINT_FLAG_ZEROOUT can be slow
[   80.079634] warning: checkpointing journal with EXT4_IOC_CHECKPOINT_FLAG_ZEROOUT can be slow
[   80.302962] warning: checkpointing journal with EXT4_IOC_CHECKPOINT_FLAG_ZEROOUT can be slow
[   80.526208] warning: checkpointing journal with EXT4_IOC_CHECKPOINT_FLAG_ZEROOUT can be slow
[   80.749934] warning: checkpointing journal with EXT4_IOC_CHECKPOINT_FLAG_ZEROOUT can be slow
[   80.972905] warning: checkpointing journal with EXT4_IOC_CHECKPOINT_FLAG_ZEROOUT can be slow
[   81.196199] warning: checkpointing journal with EXT4_IOC_CHECKPOINT_FLAG_ZEROOUT can be slow
[   81.420014] warning: checkpointing journal with EXT4_IOC_CHECKPOINT_FLAG_ZEROOUT can be slow
[   81.643071] warning: checkpointing journal with EXT4_IOC_CHECKPOINT_FLAG_ZEROOUT can be slow
[   84.759432] ext4_ioctl_checkpoint: 13 callbacks suppressed
[   84.759444] warning: checkpointing journal with EXT4_IOC_CHECKPOINT_FLAG_ZEROOUT can be slow
[   84.983511] warning: checkpointing journal with EXT4_IOC_CHECKPOINT_FLAG_ZEROOUT can be slow
[   85.206705] warning: checkpointing journal with EXT4_IOC_CHECKPOINT_FLAG_ZEROOUT can be slow
[   85.430265] warning: checkpointing journal with EXT4_IOC_CHECKPOINT_FLAG_ZEROOUT can be slow
[   85.653915] warning: checkpointing journal with EXT4_IOC_CHECKPOINT_FLAG_ZEROOUT can be slow
[   85.877398] warning: checkpointing journal with EXT4_IOC_CHECKPOINT_FLAG_ZEROOUT can be slow
[   86.100177] warning: checkpointing journal with EXT4_IOC_CHECKPOINT_FLAG_ZEROOUT can be slow
[   86.324785] warning: checkpointing journal with EXT4_IOC_CHECKPOINT_FLAG_ZEROOUT can be slow
[   86.548249] warning: checkpointing journal with EXT4_IOC_CHECKPOINT_FLAG_ZEROOUT can be slow
[   86.770682] warning: checkpointing journal with EXT4_IOC_CHECKPOINT_FLAG_ZEROOUT can be slow
[   89.885158] ext4_ioctl_checkpoint: 13 callbacks suppressed
[   89.885168] warning: checkpointing journal with EXT4_IOC_CHECKPOINT_FLAG_ZEROOUT can be slow
[   90.108160] warning: checkpointing journal with EXT4_IOC_CHECKPOINT_FLAG_ZEROOUT can be slow
[   90.330225] warning: checkpointing journal with EXT4_IOC_CHECKPOINT_FLAG_ZEROOUT can be slow
[   90.552906] warning: checkpointing journal with EXT4_IOC_CHECKPOINT_FLAG_ZEROOUT can be slow
[   90.775713] warning: checkpointing journal with EXT4_IOC_CHECKPOINT_FLAG_ZEROOUT can be slow
[   90.999063] warning: checkpointing journal with EXT4_IOC_CHECKPOINT_FLAG_ZEROOUT can be slow
[   91.222952] warning: checkpointing journal with EXT4_IOC_CHECKPOINT_FLAG_ZEROOUT can be slow
[   91.445637] warning: checkpointing journal with EXT4_IOC_CHECKPOINT_FLAG_ZEROOUT can be slow
[   91.668316] warning: checkpointing journal with EXT4_IOC_CHECKPOINT_FLAG_ZEROOUT can be slow
[   91.891399] warning: checkpointing journal with EXT4_IOC_CHECKPOINT_FLAG_ZEROOUT can be slow
[   95.034042] ext4_ioctl_checkpoint: 13 callbacks suppressed
[   95.034055] warning: checkpointing journal with EXT4_IOC_CHECKPOINT_FLAG_ZEROOUT can be slow
[   95.259735] warning: checkpointing journal with EXT4_IOC_CHECKPOINT_FLAG_ZEROOUT can be slow
[   95.484879] warning: checkpointing journal with EXT4_IOC_CHECKPOINT_FLAG_ZEROOUT can be slow
[   95.709624] warning: checkpointing journal with EXT4_IOC_CHECKPOINT_FLAG_ZEROOUT can be slow
[   95.933248] warning: checkpointing journal with EXT4_IOC_CHECKPOINT_FLAG_ZEROOUT can be slow
[   96.157071] warning: checkpointing journal with EXT4_IOC_CHECKPOINT_FLAG_ZEROOUT can be slow
[   96.383983] warning: checkpointing journal with EXT4_IOC_CHECKPOINT_FLAG_ZEROOUT can be slow
[   96.606768] warning: checkpointing journal with EXT4_IOC_CHECKPOINT_FLAG_ZEROOUT can be slow
[   96.829195] warning: checkpointing journal with EXT4_IOC_CHECKPOINT_FLAG_ZEROOUT can be slow
[   97.051389] warning: checkpointing journal with EXT4_IOC_CHECKPOINT_FLAG_ZEROOUT can be slow
[  100.201256] ext4_ioctl_checkpoint: 13 callbacks suppressed
[  100.201266] warning: checkpointing journal with EXT4_IOC_CHECKPOINT_FLAG_ZEROOUT can be slow
[  100.427704] warning: checkpointing journal with EXT4_IOC_CHECKPOINT_FLAG_ZEROOUT can be slow
[  100.656664] warning: checkpointing journal with EXT4_IOC_CHECKPOINT_FLAG_ZEROOUT can be slow
[  100.886937] warning: checkpointing journal with EXT4_IOC_CHECKPOINT_FLAG_ZEROOUT can be slow
[  101.115679] warning: checkpointing journal with EXT4_IOC_CHECKPOINT_FLAG_ZEROOUT can be slow
[  101.344569] warning: checkpointing journal with EXT4_IOC_CHECKPOINT_FLAG_ZEROOUT can be slow
[  101.573417] warning: checkpointing journal with EXT4_IOC_CHECKPOINT_FLAG_ZEROOUT can be slow
[  101.802987] warning: checkpointing journal with EXT4_IOC_CHECKPOINT_FLAG_ZEROOUT can be slow
[  102.031260] warning: checkpointing journal with EXT4_IOC_CHECKPOINT_FLAG_ZEROOUT can be slow
[  102.260670] warning: checkpointing journal with EXT4_IOC_CHECKPOINT_FLAG_ZEROOUT can be slow
[  105.203166] ext4_ioctl_checkpoint: 12 callbacks suppressed
[  105.203178] warning: checkpointing journal with EXT4_IOC_CHECKPOINT_FLAG_ZEROOUT can be slow
[  105.426128] warning: checkpointing journal with EXT4_IOC_CHECKPOINT_FLAG_ZEROOUT can be slow
[  105.649146] warning: checkpointing journal with EXT4_IOC_CHECKPOINT_FLAG_ZEROOUT can be slow
[  105.870626] warning: checkpointing journal with EXT4_IOC_CHECKPOINT_FLAG_ZEROOUT can be slow
[  106.091313] warning: checkpointing journal with EXT4_IOC_CHECKPOINT_FLAG_ZEROOUT can be slow
[  106.312116] warning: checkpointing journal with EXT4_IOC_CHECKPOINT_FLAG_ZEROOUT can be slow
[  106.532827] warning: checkpointing journal with EXT4_IOC_CHECKPOINT_FLAG_ZEROOUT can be slow
[  106.753448] warning: checkpointing journal with EXT4_IOC_CHECKPOINT_FLAG_ZEROOUT can be slow
[  106.975110] warning: checkpointing journal with EXT4_IOC_CHECKPOINT_FLAG_ZEROOUT can be slow
[  107.195906] warning: checkpointing journal with EXT4_IOC_CHECKPOINT_FLAG_ZEROOUT can be slow
[  110.287555] ext4_ioctl_checkpoint: 13 callbacks suppressed
[  110.287567] warning: checkpointing journal with EXT4_IOC_CHECKPOINT_FLAG_ZEROOUT can be slow
[  110.508550] warning: checkpointing journal with EXT4_IOC_CHECKPOINT_FLAG_ZEROOUT can be slow
[  110.729769] warning: checkpointing journal with EXT4_IOC_CHECKPOINT_FLAG_ZEROOUT can be slow
[  110.952069] warning: checkpointing journal with EXT4_IOC_CHECKPOINT_FLAG_ZEROOUT can be slow
[  111.173117] warning: checkpointing journal with EXT4_IOC_CHECKPOINT_FLAG_ZEROOUT can be slow
[  111.393429] warning: checkpointing journal with EXT4_IOC_CHECKPOINT_FLAG_ZEROOUT can be slow
[  111.615248] warning: checkpointing journal with EXT4_IOC_CHECKPOINT_FLAG_ZEROOUT can be slow
[  111.838575] warning: checkpointing journal with EXT4_IOC_CHECKPOINT_FLAG_ZEROOUT can be slow
[  112.063197] warning: checkpointing journal with EXT4_IOC_CHECKPOINT_FLAG_ZEROOUT can be slow
[  112.287934] warning: checkpointing journal with EXT4_IOC_CHECKPOINT_FLAG_ZEROOUT can be slow
[  115.421670] ext4_ioctl_checkpoint: 13 callbacks suppressed
[  115.421679] warning: checkpointing journal with EXT4_IOC_CHECKPOINT_FLAG_ZEROOUT can be slow
[  115.643415] warning: checkpointing journal with EXT4_IOC_CHECKPOINT_FLAG_ZEROOUT can be slow
[  115.864446] warning: checkpointing journal with EXT4_IOC_CHECKPOINT_FLAG_ZEROOUT can be slow
[  116.085722] warning: checkpointing journal with EXT4_IOC_CHECKPOINT_FLAG_ZEROOUT can be slow
[  116.306524] warning: checkpointing journal with EXT4_IOC_CHECKPOINT_FLAG_ZEROOUT can be slow
[  116.527819] warning: checkpointing journal with EXT4_IOC_CHECKPOINT_FLAG_ZEROOUT can be slow
[  116.748402] warning: checkpointing journal with EXT4_IOC_CHECKPOINT_FLAG_ZEROOUT can be slow
[  116.970537] warning: checkpointing journal with EXT4_IOC_CHECKPOINT_FLAG_ZEROOUT can be slow
[  117.192864] warning: checkpointing journal with EXT4_IOC_CHECKPOINT_FLAG_ZEROOUT can be slow
[  117.414420] warning: checkpointing journal with EXT4_IOC_CHECKPOINT_FLAG_ZEROOUT can be slow
[  120.500373] ext4_ioctl_checkpoint: 13 callbacks suppressed
[  120.500382] warning: checkpointing journal with EXT4_IOC_CHECKPOINT_FLAG_ZEROOUT can be slow
[  120.721470] warning: checkpointing journal with EXT4_IOC_CHECKPOINT_FLAG_ZEROOUT can be slow
[  120.943146] warning: checkpointing journal with EXT4_IOC_CHECKPOINT_FLAG_ZEROOUT can be slow
[  121.164648] warning: checkpointing journal with EXT4_IOC_CHECKPOINT_FLAG_ZEROOUT can be slow
[  121.386016] warning: checkpointing journal with EXT4_IOC_CHECKPOINT_FLAG_ZEROOUT can be slow
[  121.607695] warning: checkpointing journal with EXT4_IOC_CHECKPOINT_FLAG_ZEROOUT can be slow
[  121.828688] warning: checkpointing journal with EXT4_IOC_CHECKPOINT_FLAG_ZEROOUT can be slow
[  122.050417] warning: checkpointing journal with EXT4_IOC_CHECKPOINT_FLAG_ZEROOUT can be slow
[  122.271303] warning: checkpointing journal with EXT4_IOC_CHECKPOINT_FLAG_ZEROOUT can be slow
[  122.492902] warning: checkpointing journal with EXT4_IOC_CHECKPOINT_FLAG_ZEROOUT can be slow
[  125.581906] ext4_ioctl_checkpoint: 13 callbacks suppressed
[  125.581925] warning: checkpointing journal with EXT4_IOC_CHECKPOINT_FLAG_ZEROOUT can be slow
[  125.804057] warning: checkpointing journal with EXT4_IOC_CHECKPOINT_FLAG_ZEROOUT can be slow
[  126.025224] warning: checkpointing journal with EXT4_IOC_CHECKPOINT_FLAG_ZEROOUT can be slow
[  126.246463] warning: checkpointing journal with EXT4_IOC_CHECKPOINT_FLAG_ZEROOUT can be slow
[  126.477609] warning: checkpointing journal with EXT4_IOC_CHECKPOINT_FLAG_ZEROOUT can be slow
[  126.703662] warning: checkpointing journal with EXT4_IOC_CHECKPOINT_FLAG_ZEROOUT can be slow
[  126.926250] warning: checkpointing journal with EXT4_IOC_CHECKPOINT_FLAG_ZEROOUT can be slow
[  127.149018] warning: checkpointing journal with EXT4_IOC_CHECKPOINT_FLAG_ZEROOUT can be slow
[  127.372116] warning: checkpointing journal with EXT4_IOC_CHECKPOINT_FLAG_ZEROOUT can be slow
[  127.593544] warning: checkpointing journal with EXT4_IOC_CHECKPOINT_FLAG_ZEROOUT can be slow
[  130.682077] ext4_ioctl_checkpoint: 13 callbacks suppressed
[  130.682089] warning: checkpointing journal with EXT4_IOC_CHECKPOINT_FLAG_ZEROOUT can be slow
[  130.904236] warning: checkpointing journal with EXT4_IOC_CHECKPOINT_FLAG_ZEROOUT can be slow
[  131.126182] warning: checkpointing journal with EXT4_IOC_CHECKPOINT_FLAG_ZEROOUT can be slow
[  131.348617] warning: checkpointing journal with EXT4_IOC_CHECKPOINT_FLAG_ZEROOUT can be slow
[  131.569737] warning: checkpointing journal with EXT4_IOC_CHECKPOINT_FLAG_ZEROOUT can be slow
[  131.791103] warning: checkpointing journal with EXT4_IOC_CHECKPOINT_FLAG_ZEROOUT can be slow
[  132.012442] warning: checkpointing journal with EXT4_IOC_CHECKPOINT_FLAG_ZEROOUT can be slow
[  132.234421] warning: checkpointing journal with EXT4_IOC_CHECKPOINT_FLAG_ZEROOUT can be slow
[  132.457053] warning: checkpointing journal with EXT4_IOC_CHECKPOINT_FLAG_ZEROOUT can be slow
[  132.678687] warning: checkpointing journal with EXT4_IOC_CHECKPOINT_FLAG_ZEROOUT can be slow
[  135.775445] ext4_ioctl_checkpoint: 13 callbacks suppressed
[  135.775454] warning: checkpointing journal with EXT4_IOC_CHECKPOINT_FLAG_ZEROOUT can be slow
[  135.996626] warning: checkpointing journal with EXT4_IOC_CHECKPOINT_FLAG_ZEROOUT can be slow
[  136.217853] warning: checkpointing journal with EXT4_IOC_CHECKPOINT_FLAG_ZEROOUT can be slow
[  136.439040] warning: checkpointing journal with EXT4_IOC_CHECKPOINT_FLAG_ZEROOUT can be slow
[  136.660632] warning: checkpointing journal with EXT4_IOC_CHECKPOINT_FLAG_ZEROOUT can be slow
[  136.882136] warning: checkpointing journal with EXT4_IOC_CHECKPOINT_FLAG_ZEROOUT can be slow
[  137.103616] warning: checkpointing journal with EXT4_IOC_CHECKPOINT_FLAG_ZEROOUT can be slow
[  137.325542] warning: checkpointing journal with EXT4_IOC_CHECKPOINT_FLAG_ZEROOUT can be slow
[  137.546150] warning: checkpointing journal with EXT4_IOC_CHECKPOINT_FLAG_ZEROOUT can be slow
[  137.767936] warning: checkpointing journal with EXT4_IOC_CHECKPOINT_FLAG_ZEROOUT can be slow
[  140.861568] ext4_ioctl_checkpoint: 13 callbacks suppressed
[  140.861580] warning: checkpointing journal with EXT4_IOC_CHECKPOINT_FLAG_ZEROOUT can be slow
[  141.083012] warning: checkpointing journal with EXT4_IOC_CHECKPOINT_FLAG_ZEROOUT can be slow
[  141.304740] warning: checkpointing journal with EXT4_IOC_CHECKPOINT_FLAG_ZEROOUT can be slow
[  141.526735] warning: checkpointing journal with EXT4_IOC_CHECKPOINT_FLAG_ZEROOUT can be slow
[  141.748309] warning: checkpointing journal with EXT4_IOC_CHECKPOINT_FLAG_ZEROOUT can be slow
[  141.970106] warning: checkpointing journal with EXT4_IOC_CHECKPOINT_FLAG_ZEROOUT can be slow
[  142.192865] warning: checkpointing journal with EXT4_IOC_CHECKPOINT_FLAG_ZEROOUT can be slow
[  142.413983] warning: checkpointing journal with EXT4_IOC_CHECKPOINT_FLAG_ZEROOUT can be slow
[  142.635819] warning: checkpointing journal with EXT4_IOC_CHECKPOINT_FLAG_ZEROOUT can be slow
[  142.856788] warning: checkpointing journal with EXT4_IOC_CHECKPOINT_FLAG_ZEROOUT can be slow
[  145.944927] ext4_ioctl_checkpoint: 13 callbacks suppressed
[  145.944938] warning: checkpointing journal with EXT4_IOC_CHECKPOINT_FLAG_ZEROOUT can be slow
[  146.166841] warning: checkpointing journal with EXT4_IOC_CHECKPOINT_FLAG_ZEROOUT can be slow
[  146.388554] warning: checkpointing journal with EXT4_IOC_CHECKPOINT_FLAG_ZEROOUT can be slow
[  146.610495] warning: checkpointing journal with EXT4_IOC_CHECKPOINT_FLAG_ZEROOUT can be slow
[  146.831910] warning: checkpointing journal with EXT4_IOC_CHECKPOINT_FLAG_ZEROOUT can be slow
[  147.054306] warning: checkpointing journal with EXT4_IOC_CHECKPOINT_FLAG_ZEROOUT can be slow
[  147.275770] warning: checkpointing journal with EXT4_IOC_CHECKPOINT_FLAG_ZEROOUT can be slow
[  147.497173] warning: checkpointing journal with EXT4_IOC_CHECKPOINT_FLAG_ZEROOUT can be slow
[  147.718639] warning: checkpointing journal with EXT4_IOC_CHECKPOINT_FLAG_ZEROOUT can be slow
[  147.939648] warning: checkpointing journal with EXT4_IOC_CHECKPOINT_FLAG_ZEROOUT can be slow
[  151.023756] ext4_ioctl_checkpoint: 13 callbacks suppressed
[  151.023766] warning: checkpointing journal with EXT4_IOC_CHECKPOINT_FLAG_ZEROOUT can be slow
[  151.244788] warning: checkpointing journal with EXT4_IOC_CHECKPOINT_FLAG_ZEROOUT can be slow
[  151.467204] warning: checkpointing journal with EXT4_IOC_CHECKPOINT_FLAG_ZEROOUT can be slow
[  151.689541] warning: checkpointing journal with EXT4_IOC_CHECKPOINT_FLAG_ZEROOUT can be slow
[  151.910783] warning: checkpointing journal with EXT4_IOC_CHECKPOINT_FLAG_ZEROOUT can be slow
[  152.133048] warning: checkpointing journal with EXT4_IOC_CHECKPOINT_FLAG_ZEROOUT can be slow
[  152.354483] warning: checkpointing journal with EXT4_IOC_CHECKPOINT_FLAG_ZEROOUT can be slow
[  152.576170] warning: checkpointing journal with EXT4_IOC_CHECKPOINT_FLAG_ZEROOUT can be slow
[  152.796946] warning: checkpointing journal with EXT4_IOC_CHECKPOINT_FLAG_ZEROOUT can be slow
[  153.018174] warning: checkpointing journal with EXT4_IOC_CHECKPOINT_FLAG_ZEROOUT can be slow
[  156.103867] ext4_ioctl_checkpoint: 13 callbacks suppressed
[  156.103877] warning: checkpointing journal with EXT4_IOC_CHECKPOINT_FLAG_ZEROOUT can be slow
[  156.324930] warning: checkpointing journal with EXT4_IOC_CHECKPOINT_FLAG_ZEROOUT can be slow
[  156.546285] warning: checkpointing journal with EXT4_IOC_CHECKPOINT_FLAG_ZEROOUT can be slow
[  156.767693] warning: checkpointing journal with EXT4_IOC_CHECKPOINT_FLAG_ZEROOUT can be slow
[  156.990056] warning: checkpointing journal with EXT4_IOC_CHECKPOINT_FLAG_ZEROOUT can be slow
[  157.211164] warning: checkpointing journal with EXT4_IOC_CHECKPOINT_FLAG_ZEROOUT can be slow
[  157.443633] warning: checkpointing journal with EXT4_IOC_CHECKPOINT_FLAG_ZEROOUT can be slow
[  157.665833] warning: checkpointing journal with EXT4_IOC_CHECKPOINT_FLAG_ZEROOUT can be slow
[  157.888146] warning: checkpointing journal with EXT4_IOC_CHECKPOINT_FLAG_ZEROOUT can be slow
[  158.109485] warning: checkpointing journal with EXT4_IOC_CHECKPOINT_FLAG_ZEROOUT can be slow
[  161.196201] ext4_ioctl_checkpoint: 13 callbacks suppressed
[  161.196210] warning: checkpointing journal with EXT4_IOC_CHECKPOINT_FLAG_ZEROOUT can be slow
[  161.416959] warning: checkpointing journal with EXT4_IOC_CHECKPOINT_FLAG_ZEROOUT can be slow
[  161.637858] warning: checkpointing journal with EXT4_IOC_CHECKPOINT_FLAG_ZEROOUT can be slow
[  161.858741] warning: checkpointing journal with EXT4_IOC_CHECKPOINT_FLAG_ZEROOUT can be slow
[  162.078971] warning: checkpointing journal with EXT4_IOC_CHECKPOINT_FLAG_ZEROOUT can be slow
[  162.300250] warning: checkpointing journal with EXT4_IOC_CHECKPOINT_FLAG_ZEROOUT can be slow
[  162.522139] warning: checkpointing journal with EXT4_IOC_CHECKPOINT_FLAG_ZEROOUT can be slow
[  162.744001] warning: checkpointing journal with EXT4_IOC_CHECKPOINT_FLAG_ZEROOUT can be slow
[  162.965214] warning: checkpointing journal with EXT4_IOC_CHECKPOINT_FLAG_ZEROOUT can be slow
[  163.186706] warning: checkpointing journal with EXT4_IOC_CHECKPOINT_FLAG_ZEROOUT can be slow
[  166.288406] ext4_ioctl_checkpoint: 13 callbacks suppressed
[  166.288415] warning: checkpointing journal with EXT4_IOC_CHECKPOINT_FLAG_ZEROOUT can be slow
[  166.510424] warning: checkpointing journal with EXT4_IOC_CHECKPOINT_FLAG_ZEROOUT can be slow
[  166.731738] warning: checkpointing journal with EXT4_IOC_CHECKPOINT_FLAG_ZEROOUT can be slow
[  166.953021] warning: checkpointing journal with EXT4_IOC_CHECKPOINT_FLAG_ZEROOUT can be slow
[  167.173485] warning: checkpointing journal with EXT4_IOC_CHECKPOINT_FLAG_ZEROOUT can be slow
[  167.420077] warning: checkpointing journal with EXT4_IOC_CHECKPOINT_FLAG_ZEROOUT can be slow
[  167.682176] warning: checkpointing journal with EXT4_IOC_CHECKPOINT_FLAG_ZEROOUT can be slow
[  167.904886] warning: checkpointing journal with EXT4_IOC_CHECKPOINT_FLAG_ZEROOUT can be slow
[  168.128300] warning: checkpointing journal with EXT4_IOC_CHECKPOINT_FLAG_ZEROOUT can be slow
[  168.351886] warning: checkpointing journal with EXT4_IOC_CHECKPOINT_FLAG_ZEROOUT can be slow
[  171.437234] ext4_ioctl_checkpoint: 13 callbacks suppressed
[  171.437244] warning: checkpointing journal with EXT4_IOC_CHECKPOINT_FLAG_ZEROOUT can be slow
[  171.658640] warning: checkpointing journal with EXT4_IOC_CHECKPOINT_FLAG_ZEROOUT can be slow
[  171.879777] warning: checkpointing journal with EXT4_IOC_CHECKPOINT_FLAG_ZEROOUT can be slow
[  172.101370] warning: checkpointing journal with EXT4_IOC_CHECKPOINT_FLAG_ZEROOUT can be slow
[  172.322542] warning: checkpointing journal with EXT4_IOC_CHECKPOINT_FLAG_ZEROOUT can be slow
[  172.544578] warning: checkpointing journal with EXT4_IOC_CHECKPOINT_FLAG_ZEROOUT can be slow
[  172.766177] warning: checkpointing journal with EXT4_IOC_CHECKPOINT_FLAG_ZEROOUT can be slow
[  172.987430] warning: checkpointing journal with EXT4_IOC_CHECKPOINT_FLAG_ZEROOUT can be slow
[  173.209653] warning: checkpointing journal with EXT4_IOC_CHECKPOINT_FLAG_ZEROOUT can be slow
