c[?7l[2J[0mSeaBIOS (version rel-1.16.0-0-gd239552ce722-prebuilt.qemu.org)


iPXE (http://ipxe.org) 00:03.0 CA00 PCI2.10 PnP PMM+7FF91000+7FEF1000 CA00
Press Ctrl-B to configure iPXE (PCI 00:03.0)...                                                                               


Booting from ROM..c[?7l[2J[    0.000000] Linux version 5.11.0-f40ddce88593 (root@984fee00a1f6.jf.intel.com) (gcc (GCC) 8.5.0 20210514 (Red Hat 8.5.0-17), GNU ld version 2.36.1-3.el8) #1 SMP Sat Nov 19 18:42:07 CST 2022
[    0.000000] Command line: console=ttyS0 root=/dev/sda earlyprintk=serial net.ifnames=0
[    0.000000] KERNEL supported cpus:
[    0.000000]   Intel GenuineIntel
[    0.000000]   AMD AuthenticAMD
[    0.000000]   Hygon HygonGenuine
[    0.000000]   Centaur CentaurHauls
[    0.000000]   zhaoxin   Shanghai  
[    0.000000] x86/fpu: Supporting XSAVE feature 0x001: 'x87 floating point registers'
[    0.000000] x86/fpu: Supporting XSAVE feature 0x002: 'SSE registers'
[    0.000000] x86/fpu: Supporting XSAVE feature 0x004: 'AVX registers'
[    0.000000] x86/fpu: Supporting XSAVE feature 0x020: 'AVX-512 opmask'
[    0.000000] x86/fpu: Supporting XSAVE feature 0x040: 'AVX-512 Hi256'
[    0.000000] x86/fpu: Supporting XSAVE feature 0x080: 'AVX-512 ZMM_Hi256'
[    0.000000] x86/fpu: Supporting XSAVE feature 0x200: 'Protection Keys User registers'
[    0.000000] x86/fpu: xstate_offset[2]:  576, xstate_sizes[2]:  256
[    0.000000] x86/fpu: xstate_offset[5]:  832, xstate_sizes[5]:   64
[    0.000000] x86/fpu: xstate_offset[6]:  896, xstate_sizes[6]:  512
[    0.000000] x86/fpu: xstate_offset[7]: 1408, xstate_sizes[7]: 1024
[    0.000000] x86/fpu: xstate_offset[9]: 2432, xstate_sizes[9]:    8
[    0.000000] x86/fpu: Enabled xstate features 0x2e7, context size is 2440 bytes, using 'compacted' format.
[    0.000000] BIOS-provided physical RAM map:
[    0.000000] BIOS-e820: [mem 0x0000000000000000-0x000000000009fbff] usable
[    0.000000] BIOS-e820: [mem 0x000000000009fc00-0x000000000009ffff] reserved
[    0.000000] BIOS-e820: [mem 0x00000000000f0000-0x00000000000fffff] reserved
[    0.000000] BIOS-e820: [mem 0x0000000000100000-0x000000007ffdffff] usable
[    0.000000] BIOS-e820: [mem 0x000000007ffe0000-0x000000007fffffff] reserved
[    0.000000] BIOS-e820: [mem 0x00000000feffc000-0x00000000feffffff] reserved
[    0.000000] BIOS-e820: [mem 0x00000000fffc0000-0x00000000ffffffff] reserved
[    0.000000] printk: bootconsole [earlyser0] enabled
[    0.000000] NX (Execute Disable) protection: active
[    0.000000] SMBIOS 2.8 present.
[    0.000000] DMI: QEMU Standard PC (i440FX + PIIX, 1996), BIOS rel-1.16.0-0-gd239552ce722-prebuilt.qemu.org 04/01/2014
[    0.000000] Hypervisor detected: KVM
[    0.000000] kvm-clock: Using msrs 4b564d01 and 4b564d00
[    0.000000] kvm-clock: cpu 0, msr 4601001, primary cpu clock
[    0.000000] kvm-clock: using sched offset of 299352755 cycles
[    0.000511] clocksource: kvm-clock: mask: 0xffffffffffffffff max_cycles: 0x1cd42e4dffb, max_idle_ns: 881590591483 ns
[    0.001972] tsc: Detected 1700.000 MHz processor
[    0.009515] last_pfn = 0x7ffe0 max_arch_pfn = 0x10000000000
[    0.010155] x86/PAT: Configuration [0-7]: WB  WC  UC- UC  WB  WP  UC- WT  
[    0.016123] found SMP MP-table at [mem 0x000f5ba0-0x000f5baf]
[    0.017647] check: Scanning 1 areas for low memory corruption
[    0.018199] Using GB pages for direct mapping
[    0.019488] ACPI: Early table checksum verification disabled
[    0.020004] ACPI: RSDP 0x00000000000F59C0 000014 (v00 BOCHS )
[    0.020534] ACPI: RSDT 0x000000007FFE1951 000034 (v01 BOCHS  BXPC     00000001 BXPC 00000001)
[    0.021317] ACPI: FACP 0x000000007FFE17FD 000074 (v01 BOCHS  BXPC     00000001 BXPC 00000001)
[    0.022103] ACPI: DSDT 0x000000007FFE0040 0017BD (v01 BOCHS  BXPC     00000001 BXPC 00000001)
[    0.022886] ACPI: FACS 0x000000007FFE0000 000040
[    0.023313] ACPI: APIC 0x000000007FFE1871 000080 (v01 BOCHS  BXPC     00000001 BXPC 00000001)
[    0.024097] ACPI: HPET 0x000000007FFE18F1 000038 (v01 BOCHS  BXPC     00000001 BXPC 00000001)
[    0.024877] ACPI: WAET 0x000000007FFE1929 000028 (v01 BOCHS  BXPC     00000001 BXPC 00000001)
[    0.026477] No NUMA configuration found
[    0.026826] Faking a node at [mem 0x0000000000000000-0x000000007ffdffff]
[    0.027497] NODE_DATA(0) allocated [mem 0x7ffb5000-0x7ffdffff]
[    0.031970] Zone ranges:
[    0.032214]   DMA      [mem 0x0000000000001000-0x0000000000ffffff]
[    0.032776]   DMA32    [mem 0x0000000001000000-0x000000007ffdffff]
[    0.033335]   Normal   empty
[    0.033596]   Device   empty
[    0.033858] Movable zone start for each node
[    0.034242] Early memory node ranges
[    0.034563]   node   0: [mem 0x0000000000001000-0x000000000009efff]
[    0.035132]   node   0: [mem 0x0000000000100000-0x000000007ffdffff]
[    0.036456] Zeroed struct page in unavailable ranges: 130 pages
[    0.036464] Initmem setup node 0 [mem 0x0000000000001000-0x000000007ffdffff]
[    0.045477] ACPI: PM-Timer IO Port: 0x608
[    0.045869] ACPI: LAPIC_NMI (acpi_id[0xff] dfl dfl lint[0x1])
[    0.046416] IOAPIC[0]: apic_id 0, version 17, address 0xfec00000, GSI 0-23
[    0.047039] ACPI: INT_SRC_OVR (bus 0 bus_irq 0 global_irq 2 dfl dfl)
[    0.047607] ACPI: INT_SRC_OVR (bus 0 bus_irq 5 global_irq 5 high level)
[    0.048201] ACPI: INT_SRC_OVR (bus 0 bus_irq 9 global_irq 9 high level)
[    0.048792] ACPI: INT_SRC_OVR (bus 0 bus_irq 10 global_irq 10 high level)
[    0.049398] ACPI: INT_SRC_OVR (bus 0 bus_irq 11 global_irq 11 high level)
[    0.050035] Using ACPI (MADT) for SMP configuration information
[    0.050559] ACPI: HPET id: 0x8086a201 base: 0xfed00000
[    0.051027] TSC deadline timer available
[    0.051378] smpboot: Allowing 2 CPUs, 0 hotplug CPUs
[    0.051834] kvm-guest: KVM setup pv remote TLB flush
[    0.052285] kvm-guest: setup PV sched yield
[    0.052690] PM: hibernation: Registered nosave memory: [mem 0x00000000-0x00000fff]
[    0.053368] PM: hibernation: Registered nosave memory: [mem 0x0009f000-0x0009ffff]
[    0.054042] PM: hibernation: Registered nosave memory: [mem 0x000a0000-0x000effff]
[    0.054713] PM: hibernation: Registered nosave memory: [mem 0x000f0000-0x000fffff]
[    0.055388] [mem 0x80000000-0xfeffbfff] available for PCI devices
[    0.055933] Booting paravirtualized kernel on KVM
[    0.056352] clocksource: refined-jiffies: mask: 0xffffffff max_cycles: 0xffffffff, max_idle_ns: 7645519600211568 ns
[    0.057292] setup_percpu: NR_CPUS:8192 nr_cpumask_bits:2 nr_cpu_ids:2 nr_node_ids:1
[    0.058462] percpu: Embedded 56 pages/cpu s192512 r8192 d28672 u1048576
[    0.059235] kvm-guest: KVM setup async PF for cpu 0
[    0.059671] kvm-guest: stealtime: cpu 0, msr 7da2e080
[    0.060134] kvm-guest: PV spinlocks enabled
[    0.060519] PV qspinlock hash table entries: 256 (order: 0, 4096 bytes, linear)
[    0.061188] Built 1 zonelists, mobility grouping on.  Total pages: 515945
[    0.061803] Policy zone: DMA32
[    0.062078] Kernel command line: net.ifnames=0 console=ttyS0 root=/dev/sda earlyprintk=serial net.ifnames=0
[    0.063673] Dentry cache hash table entries: 262144 (order: 9, 2097152 bytes, linear)
[    0.064522] Inode-cache hash table entries: 131072 (order: 8, 1048576 bytes, linear)
[    0.065308] mem auto-init: stack:off, heap alloc:off, heap free:off
[    0.070301] Memory: 2000424K/2096632K available (28688K kernel code, 4244K rwdata, 7188K rodata, 3048K init, 10960K bss, 96008K reserved, 0K cma-reserved)
[    0.071560] random: get_random_u64 called from __kmem_cache_create+0x33/0x440 with crng_init=0
[    0.071901] SLUB: HWalign=64, Order=0-3, MinObjects=0, CPUs=2, Nodes=1
[    0.073254] kmemleak: Kernel memory leak detector disabled
[    0.073753] ftrace: allocating 61964 entries in 243 pages
[    0.160420] ftrace: allocated 243 pages with 6 groups
[    0.160996] rcu: Hierarchical RCU implementation.
[    0.161416] rcu: 	RCU restricting CPUs from NR_CPUS=8192 to nr_cpu_ids=2.
[    0.162027] 	Trampoline variant of Tasks RCU enabled.
[    0.162477] 	Rude variant of Tasks RCU enabled.
[    0.162882] 	Tracing variant of Tasks RCU enabled.
[    0.163309] rcu: RCU calculated value of scheduler-enlistment delay is 25 jiffies.
[    0.163989] rcu: Adjusting geometry for rcu_fanout_leaf=16, nr_cpu_ids=2
[    0.179623] NR_IRQS: 524544, nr_irqs: 440, preallocated irqs: 16
[    0.188660] Console: colour VGA+ 80x25
[    0.189041] printk: console [ttyS0] enabled
[    0.189041] printk: console [ttyS0] enabled
[    0.189802] printk: bootconsole [earlyser0] disabled
[    0.189802] printk: bootconsole [earlyser0] disabled
[    0.190721] ACPI: Core revision 20201113
[    0.191271] clocksource: hpet: mask: 0xffffffff max_cycles: 0xffffffff, max_idle_ns: 19112604467 ns
[    0.192189] APIC: Switch to symmetric I/O mode setup
[    0.192867] x2apic enabled
[    0.193309] Switched APIC routing to physical x2apic.
[    0.193773] kvm-guest: setup PV IPIs
[    0.194908] ..TIMER: vector=0x30 apic1=0 pin1=2 apic2=-1 pin2=-1
[    0.195473] clocksource: tsc-early: mask: 0xffffffffffffffff max_cycles: 0x1881273ac8e, max_idle_ns: 440795257284 ns
[    0.196450] Calibrating delay loop (skipped) preset value.. 3400.00 BogoMIPS (lpj=6800000)
[    0.197202] pid_max: default: 32768 minimum: 301
[    0.197668] LSM: Security Framework initializing
[    0.198097] Yama: becoming mindful.
[    0.198576] Mount-cache hash table entries: 4096 (order: 3, 32768 bytes, linear)
[    0.199253] Mountpoint-cache hash table entries: 4096 (order: 3, 32768 bytes, linear)
[    0.200811] x86/cpu: User Mode Instruction Prevention (UMIP) activated
[    0.201587] Last level iTLB entries: 4KB 0, 2MB 0, 4MB 0
[    0.202080] Last level dTLB entries: 4KB 0, 2MB 0, 4MB 0, 1GB 0
[    0.202628] Spectre V1 : Mitigation: usercopy/swapgs barriers and __user pointer sanitization
[    0.203400] Spectre V2 : Mitigation: Enhanced IBRS
[    0.203813] Spectre V2 : Spectre v2 / SpectreRSB mitigation: Filling RSB on context switch
[    0.204452] Spectre V2 : mitigation: Enabling conditional Indirect Branch Prediction Barrier
[    0.205171] Speculative Store Bypass: Mitigation: Speculative Store Bypass disabled via prctl and seccomp
[    0.206351] Freeing SMP alternatives memory: 52K
[    0.209072] smpboot: CPU0: Intel(R) Xeon(R) Gold 6414TDX (family: 0x6, model: 0x8f, stepping: 0x6)
[    0.210002] Performance Events: generic architected perfmon, full-width counters, Intel PMU driver.
[    0.210807] ... version:                2
[    0.211163] ... bit width:              48
[    0.211523] ... generic registers:      8
[    0.211876] ... value mask:             0000ffffffffffff
[    0.212341] ... max period:             00007fffffffffff
[    0.212448] ... fixed-purpose events:   3
[    0.212451] ... event mask:             00000007000000ff
[    0.213050] rcu: Hierarchical SRCU implementation.
[    0.215362] smp: Bringing up secondary CPUs ...
[    0.215894] x86: Booting SMP configuration:
[    0.216258] .... node  #0, CPUs:      #1
[    0.012066] kvm-clock: cpu 1, msr 4601041, secondary cpu clock
[    0.217060] kvm-guest: KVM setup async PF for cpu 1
[    0.217424] kvm-guest: stealtime: cpu 1, msr 7db2e080
[    0.217887] smp: Brought up 1 node, 2 CPUs
[    0.217887] smpboot: Max logical packages: 1
[    0.217887] smpboot: Total of 2 processors activated (6800.00 BogoMIPS)
[    0.218028] devtmpfs: initialized
[    0.218028] x86/mm: Memory block size: 128MB
[    0.221352] clocksource: jiffies: mask: 0xffffffff max_cycles: 0xffffffff, max_idle_ns: 7645041785100000 ns
[    0.221592] futex hash table entries: 512 (order: 3, 32768 bytes, linear)
[    0.222268] pinctrl core: initialized pinctrl subsystem
[    0.222893] 
[    0.223030] *************************************************************
[    0.224456] **     NOTICE NOTICE NOTICE NOTICE NOTICE NOTICE NOTICE    **
[    0.225033] **                                                         **
[    0.225615] **  IOMMU DebugFS SUPPORT HAS BEEN ENABLED IN THIS KERNEL  **
[    0.226194] **                                                         **
[    0.226777] ** This means that this kernel is built to expose internal **
[    0.227355] ** IOMMU data structures, which may compromise security on **
[    0.227936] ** your system.                                            **
[    0.228451] **                                                         **
[    0.229028] ** If you see this message and you are not debugging the   **
[    0.229611] ** kernel, report this immediately to your vendor!         **
[    0.230191] **                                                         **
[    0.230771] **     NOTICE NOTICE NOTICE NOTICE NOTICE NOTICE NOTICE    **
[    0.231351] *************************************************************
[    0.231978] PM: RTC time: 07:44:54, date: 2022-12-13
[    0.233316] NET: Registered protocol family 16
[    0.234041] DMA: preallocated 256 KiB GFP_KERNEL pool for atomic allocations
[    0.234653] DMA: preallocated 256 KiB GFP_KERNEL|GFP_DMA pool for atomic allocations
[    0.235321] DMA: preallocated 256 KiB GFP_KERNEL|GFP_DMA32 pool for atomic allocations
[    0.236014] audit: initializing netlink subsys (disabled)
[    0.236473] audit: type=2000 audit(1670917495.352:1): state=initialized audit_enabled=0 res=1
[    0.236842] thermal_sys: Registered thermal governor 'fair_share'
[    0.237206] thermal_sys: Registered thermal governor 'bang_bang'
[    0.237758] thermal_sys: Registered thermal governor 'step_wise'
[    0.238280] thermal_sys: Registered thermal governor 'user_space'
[    0.238814] cpuidle: using governor ladder
[    0.240454] cpuidle: using governor menu
[    0.241089] ACPI: bus type PCI registered
[    0.241440] acpiphp: ACPI Hot Plug PCI Controller Driver version: 0.5
[    0.242176] PCI: Using configuration type 1 for base access
[    0.250238] HugeTLB registered 1.00 GiB page size, pre-allocated 0 pages
[    0.250238] HugeTLB registered 2.00 MiB page size, pre-allocated 0 pages
[    0.252897] ACPI: Added _OSI(Module Device)
[    0.253018] ACPI: Added _OSI(Processor Device)
[    0.253411] ACPI: Added _OSI(3.0 _SCP Extensions)
[    0.253818] ACPI: Added _OSI(Processor Aggregator Device)
[    0.254289] ACPI: Added _OSI(Linux-Dell-Video)
[    0.254676] ACPI: Added _OSI(Linux-Lenovo-NV-HDMI-Audio)
[    0.255133] ACPI: Added _OSI(Linux-HPI-Hybrid-Graphics)
[    0.260557] ACPI: 1 ACPI AML tables successfully acquired and loaded
[    0.263621] ACPI: Interpreter enabled
[    0.264004] ACPI: (supports S0 S3 S4 S5)
[    0.264350] ACPI: Using IOAPIC for interrupt routing
[    0.264475] PCI: Using host bridge windows from ACPI; if necessary, use "pci=nocrs" and report a bug
[    0.265774] ACPI: Enabled 2 GPEs in block 00 to 0F
[    0.277546] ACPI: PCI Root Bridge [PCI0] (domain 0000 [bus 00-ff])
[    0.278099] acpi PNP0A03:00: _OSC: OS supports [ASPM ClockPM Segments MSI EDR HPX-Type3]
[    0.278835] acpi PNP0A03:00: fail to add MMCONFIG information, can't access extended PCI configuration space under this bridge.
[    0.281100] acpiphp: Slot [3] registered
[    0.281492] acpiphp: Slot [4] registered
[    0.281886] acpiphp: Slot [5] registered
[    0.282277] acpiphp: Slot [6] registered
[    0.282669] acpiphp: Slot [7] registered
[    0.283062] acpiphp: Slot [8] registered
[    0.283460] acpiphp: Slot [9] registered
[    0.283854] acpiphp: Slot [10] registered
[    0.284253] acpiphp: Slot [11] registered
[    0.284501] acpiphp: Slot [12] registered
[    0.284903] acpiphp: Slot [13] registered
[    0.285302] acpiphp: Slot [14] registered
[    0.285708] acpiphp: Slot [15] registered
[    0.286107] acpiphp: Slot [16] registered
[    0.286507] acpiphp: Slot [17] registered
[    0.286907] acpiphp: Slot [18] registered
[    0.287306] acpiphp: Slot [19] registered
[    0.287707] acpiphp: Slot [20] registered
[    0.288106] acpiphp: Slot [21] registered
[    0.288505] acpiphp: Slot [22] registered
[    0.288906] acpiphp: Slot [23] registered
[    0.289304] acpiphp: Slot [24] registered
[    0.289705] acpiphp: Slot [25] registered
[    0.290103] acpiphp: Slot [26] registered
[    0.290502] acpiphp: Slot [27] registered
[    0.290909] acpiphp: Slot [28] registered
[    0.291308] acpiphp: Slot [29] registered
[    0.291716] acpiphp: Slot [30] registered
[    0.292115] acpiphp: Slot [31] registered
[    0.292464] PCI host bridge to bus 0000:00
[    0.292827] pci_bus 0000:00: root bus resource [io  0x0000-0x0cf7 window]
[    0.293418] pci_bus 0000:00: root bus resource [io  0x0d00-0xffff window]
[    0.294012] pci_bus 0000:00: root bus resource [mem 0x000a0000-0x000bffff window]
[    0.294665] pci_bus 0000:00: root bus resource [mem 0x80000000-0xfebfffff window]
[    0.295315] pci_bus 0000:00: root bus resource [mem 0x100000000-0x17fffffff window]
[    0.295981] pci_bus 0000:00: root bus resource [bus 00-ff]
[    0.296499] pci 0000:00:00.0: [8086:1237] type 00 class 0x060000
[    0.298448] pci 0000:00:01.0: [8086:7000] type 00 class 0x060100
[    0.299753] pci 0000:00:01.1: [8086:7010] type 00 class 0x010180
[    0.301865] pci 0000:00:01.1: reg 0x20: [io  0xc040-0xc04f]
[    0.302988] pci 0000:00:01.1: legacy IDE quirk: reg 0x10: [io  0x01f0-0x01f7]
[    0.303606] pci 0000:00:01.1: legacy IDE quirk: reg 0x14: [io  0x03f6]
[    0.304170] pci 0000:00:01.1: legacy IDE quirk: reg 0x18: [io  0x0170-0x0177]
[    0.304453] pci 0000:00:01.1: legacy IDE quirk: reg 0x1c: [io  0x0376]
[    0.305501] pci 0000:00:01.3: [8086:7113] type 00 class 0x068000
[    0.306341] pci 0000:00:01.3: quirk: [io  0x0600-0x063f] claimed by PIIX4 ACPI
[    0.306969] pci 0000:00:01.3: quirk: [io  0x0700-0x070f] claimed by PIIX4 SMB
[    0.308283] pci 0000:00:02.0: [1234:1111] type 00 class 0x030000
[    0.309165] pci 0000:00:02.0: reg 0x10: [mem 0xfd000000-0xfdffffff pref]
[    0.311050] pci 0000:00:02.0: reg 0x18: [mem 0xfebf0000-0xfebf0fff]
[    0.313507] pci 0000:00:02.0: reg 0x30: [mem 0xfebe0000-0xfebeffff pref]
[    0.315427] pci 0000:00:03.0: [8086:100e] type 00 class 0x020000
[    0.316454] pci 0000:00:03.0: reg 0x10: [mem 0xfebc0000-0xfebdffff]
[    0.317691] pci 0000:00:03.0: reg 0x14: [io  0xc000-0xc03f]
[    0.321484] pci 0000:00:03.0: reg 0x30: [mem 0xfeb80000-0xfebbffff pref]
[    0.331486] ACPI: PCI Interrupt Link [LNKA] (IRQs 5 *10 11)
[    0.332269] ACPI: PCI Interrupt Link [LNKB] (IRQs 5 *10 11)
[    0.332751] ACPI: PCI Interrupt Link [LNKC] (IRQs 5 10 *11)
[    0.333519] ACPI: PCI Interrupt Link [LNKD] (IRQs 5 10 *11)
[    0.334158] ACPI: PCI Interrupt Link [LNKS] (IRQs *9)
[    0.336472] iommu: Default domain type: Translated 
[    0.336941] pci 0000:00:02.0: vgaarb: setting as boot VGA device
[    0.337001] pci 0000:00:02.0: vgaarb: VGA device added: decodes=io+mem,owns=io+mem,locks=none
[    0.337736] pci 0000:00:02.0: vgaarb: bridge control possible
[    0.340487] vgaarb: loaded
[    0.341189] SCSI subsystem initialized
[    0.341521] ACPI: bus type USB registered
[    0.341521] usbcore: registered new interface driver usbfs
[    0.341521] usbcore: registered new interface driver hub
[    0.341947] usbcore: registered new device driver usb
[    0.341947] pps_core: LinuxPPS API ver. 1 registered
[    0.341947] pps_core: Software ver. 5.3.6 - Copyright 2005-2007 Rodolfo Giometti <giometti@linux.it>
[    0.341947] PTP clock support registered
[    0.344470] EDAC MC: Ver: 3.0.0
[    0.344887] NetLabel: Initializing
[    0.345112] NetLabel:  domain hash size = 128
[    0.345498] NetLabel:  protocols = UNLABELED CIPSOv4 CALIPSO
[    0.346023] NetLabel:  unlabeled traffic allowed by default
[    0.346541] PCI: Using ACPI for IRQ routing
[    0.348628] hpet0: at MMIO 0xfed00000, IRQs 2, 8, 0
[    0.349071] hpet0: 3 comparators, 64-bit 100.000000 MHz counter
[    0.352461] clocksource: Switched to clocksource kvm-clock
[    0.389579] VFS: Disk quotas dquot_6.6.0
[    0.389957] VFS: Dquot-cache hash table entries: 512 (order 0, 4096 bytes)
[    0.390679] pnp: PnP ACPI init
[    0.392264] pnp: PnP ACPI: found 6 devices
[    0.400137] clocksource: acpi_pm: mask: 0xffffff max_cycles: 0xffffff, max_idle_ns: 2085701024 ns
[    0.401172] NET: Registered protocol family 2
[    2.836793] tcp_listen_portaddr_hash hash table entries: 1024 (order: 2, 16384 bytes, linear)
[    2.837652] TCP established hash table entries: 16384 (order: 5, 131072 bytes, linear)
[    2.838506] TCP bind hash table entries: 16384 (order: 6, 262144 bytes, linear)
[    2.839382] TCP: Hash tables configured (established 16384 bind 16384)
[    2.840485] UDP hash table entries: 1024 (order: 3, 32768 bytes, linear)
[    2.841151] UDP-Lite hash table entries: 1024 (order: 3, 32768 bytes, linear)
[    2.841919] NET: Registered protocol family 1
[    2.842647] RPC: Registered named UNIX socket transport module.
[    2.843181] RPC: Registered udp transport module.
[    2.843609] RPC: Registered tcp transport module.
[    2.844031] RPC: Registered tcp NFSv4.1 backchannel transport module.
[    2.844651] pci_bus 0000:00: resource 4 [io  0x0000-0x0cf7 window]
[    2.845212] pci_bus 0000:00: resource 5 [io  0x0d00-0xffff window]
[    2.845773] pci_bus 0000:00: resource 6 [mem 0x000a0000-0x000bffff window]
[    2.846392] pci_bus 0000:00: resource 7 [mem 0x80000000-0xfebfffff window]
[    2.847018] pci_bus 0000:00: resource 8 [mem 0x100000000-0x17fffffff window]
[    2.847868] pci 0000:00:01.0: PIIX3: Enabling Passive Release
[    2.848396] pci 0000:00:00.0: Limiting direct PCI/PCI transfers
[    2.848968] pci 0000:00:01.0: Activating ISA DMA hang workarounds
[    2.849618] pci 0000:00:02.0: Video device with shadowed ROM at [mem 0x000c0000-0x000dffff]
[    2.850388] PCI: CLS 0 bytes, default 64
[    2.851057] clocksource: tsc: mask: 0xffffffffffffffff max_cycles: 0x1881273ac8e, max_idle_ns: 440795257284 ns
[    2.852073] sgx: There are zero EPC sections.
[    2.853019] check: Scanning for low memory corruption every 60 seconds
[    2.855492] Initialise system trusted keyrings
[    2.855960] Key type blacklist registered
[    2.856419] workingset: timestamp_bits=36 max_order=19 bucket_order=0
[    2.861745] zbud: loaded
[    2.862679] squashfs: version 4.0 (2009/01/31) Phillip Lougher
[    2.863829] NFS: Registering the id_resolver key type
[    2.864293] Key type id_resolver registered
[    2.864688] Key type id_legacy registered
[    2.865108] nfs4filelayout_init: NFSv4 File Layout Driver Registering...
[    2.865783] fuse: init (API version 7.33)
[    2.866292] SGI XFS with ACLs, security attributes, realtime, quota, no debug enabled
[    2.867666] 9p: Installing v9fs 9p2000 file system support
[    2.875547] Key type asymmetric registered
[    2.875919] Asymmetric key parser 'x509' registered
[    2.876367] Block layer SCSI generic (bsg) driver version 0.4 loaded (major 244)
[    2.877179] io scheduler mq-deadline registered
[    2.877691] io scheduler bfq registered
[    2.878278] shpchp: Standard Hot Plug PCI Controller Driver version: 0.4
[    2.879036] IPMI message handler: version 39.2
[    2.879443] ipmi device interface
[    2.880687] input: Power Button as /devices/LNXSYSTM:00/LNXPWRBN:00/input/input0
[    2.881404] ACPI: Power Button [PWRF]
[    2.882364] ERST DBG: ERST support is disabled.
[    2.883054] Serial: 8250/16550 driver, 32 ports, IRQ sharing enabled
[    2.883972] 00:04: ttyS0 at I/O 0x3f8 (irq = 4, base_baud = 115200) is a 16550A
[    2.889075] Linux agpgart interface v0.103
[    2.896203] brd: module loaded
[    2.901815] loop: module loaded
[    2.904297] scsi host0: ata_piix
[    2.904868] scsi host1: ata_piix
[    2.905238] ata1: PATA max MWDMA2 cmd 0x1f0 ctl 0x3f6 bmdma 0xc040 irq 14
[    2.905836] ata2: PATA max MWDMA2 cmd 0x170 ctl 0x376 bmdma 0xc048 irq 15
[    2.907039] libphy: Fixed MDIO Bus: probed
[    2.907578] tun: Universal TUN/TAP device driver, 1.6
[    2.908101] e100: Intel(R) PRO/100 Network Driver
[    2.908534] e100: Copyright(c) 1999-2006 Intel Corporation
[    2.909049] e1000: Intel(R) PRO/1000 Network Driver
[    2.909478] e1000: Copyright (c) 1999-2006 Intel Corporation.
[    2.996884] PCI Interrupt Link [LNKC] enabled at IRQ 11
[    3.065038] ata1.00: ATA-7: QEMU HARDDISK, 2.5+, max UDMA/100
[    3.065557] ata1.00: 16777216 sectors, multi 16: LBA48 
[    3.066703] scsi 0:0:0:0: Direct-Access     ATA      QEMU HARDDISK    2.5+ PQ: 0 ANSI: 5
[    3.067681] scsi 0:0:0:0: Attached scsi generic sg0 type 0
[    3.068360] sd 0:0:0:0: [sda] 16777216 512-byte logical blocks: (8.59 GB/8.00 GiB)
[    3.069066] sd 0:0:0:0: [sda] Write Protect is off
[    3.069522] sd 0:0:0:0: [sda] Write cache: enabled, read cache: enabled, doesn't support DPO or FUA
[    3.070879] ata2.00: ATAPI: QEMU DVD-ROM, 2.5+, max UDMA/100
[    3.072351] scsi 1:0:0:0: CD-ROM            QEMU     QEMU DVD-ROM     2.5+ PQ: 0 ANSI: 5
[    3.074280] scsi 1:0:0:0: Attached scsi generic sg1 type 5
[    3.075371] sd 0:0:0:0: [sda] Attached SCSI disk
[    3.323481] e1000 0000:00:03.0 eth0: (PCI:33MHz:32-bit) 52:54:00:12:34:56
[    3.324085] e1000 0000:00:03.0 eth0: Intel(R) PRO/1000 Network Connection
[    3.324728] e1000e: Intel(R) PRO/1000 Network Driver
[    3.325154] e1000e: Copyright(c) 1999 - 2015 Intel Corporation.
[    3.325713] igb: Intel(R) Gigabit Ethernet Network Driver
[    3.326176] igb: Copyright (c) 2007-2014 Intel Corporation.
[    3.326729] PPP generic driver version 2.4.2
[    3.327256] VFIO - User Level meta-driver version: 0.3
[    3.327739] ehci_hcd: USB 2.0 'Enhanced' Host Controller (EHCI) Driver
[    3.328310] ehci-pci: EHCI PCI platform driver
[    3.328729] ehci-platform: EHCI generic platform driver
[    3.329202] ohci_hcd: USB 1.1 'Open' Host Controller (OHCI) Driver
[    3.329754] ohci-pci: OHCI PCI platform driver
[    3.330161] ohci-platform: OHCI generic platform driver
[    3.330637] uhci_hcd: USB Universal Host Controller Interface driver
[    3.331340] usbcore: registered new interface driver uas
[    3.331855] usbcore: registered new interface driver usb-storage
[    3.332463] i8042: PNP: PS/2 Controller [PNP0303:KBD,PNP0f13:MOU] at 0x60,0x64 irq 1,12
[    3.333732] serio: i8042 KBD port at 0x60,0x64 irq 1
[    3.334172] serio: i8042 AUX port at 0x60,0x64 irq 12
[    3.334968] mousedev: PS/2 mouse device common for all mice
[    3.335806] rtc_cmos 00:05: RTC can wake from S4
[    3.336321] input: AT Translated Set 2 keyboard as /devices/platform/i8042/serio0/input/input1
[    3.337161] rtc_cmos 00:05: registered as rtc0
[    3.337879] rtc_cmos 00:05: setting system clock to 2022-12-13T07:44:57 UTC (1670917497)
[    3.337886] input: VirtualPS/2 VMware VMMouse as /devices/platform/i8042/serio1/input/input4
[    3.338265] input: VirtualPS/2 VMware VMMouse as /devices/platform/i8042/serio1/input/input3
[    3.340198] rtc_cmos 00:05: alarms up to one day, y3k, 242 bytes nvram, hpet irqs
[    3.340863] i2c /dev entries driver
[    3.341243] device-mapper: uevent: version 1.0.3
[    3.341761] device-mapper: ioctl: 4.43.0-ioctl (2020-10-01) initialised: dm-devel@redhat.com
[    3.342494] intel_pstate: CPU model not supported
[    3.342950] sdhci: Secure Digital Host Controller Interface driver
[    3.343474] sdhci: Copyright(c) Pierre Ossman
[    3.343907] sdhci-pltfm: SDHCI platform and OF driver helper
[    3.344413] ledtrig-cpu: registered to indicate activity on CPUs
[    3.345007] drop_monitor: Initializing network drop monitor service
[    3.345919] NET: Registered protocol family 10
[    3.347352] Segment Routing with IPv6
[    3.347710] NET: Registered protocol family 17
[    3.348235] 9pnet: Installing 9P2000 support
[    3.348650] Key type dns_resolver registered
[    3.349470] IPI shorthand broadcast: enabled
[    3.349864] sched_clock: Marking stable (3341235028, 8066971)->(3350581272, -1279273)
[    3.350675] registered taskstats version 1
[    3.351060] Loading compiled-in X.509 certificates
[    3.351534] zswap: loaded using pool lzo/zbud
[    3.352163] Key type ._fscrypt registered
[    3.352591] Key type .fscrypt registered
[    3.352939] Key type fscrypt-provisioning registered
[    3.353666] Key type encrypted registered
[    3.354024] ima: No TPM chip found, activating TPM-bypass!
[    3.354498] ima: Allocated hash algorithm: sha1
[    3.354900] ima: No architecture policies found
[    3.355310] evm: Initialising EVM extended attributes:
[    3.355750] evm: security.selinux
[    3.356042] evm: security.SMACK64
[    3.356333] evm: security.SMACK64EXEC
[    3.356664] evm: security.SMACK64TRANSMUTE
[    3.357025] evm: security.SMACK64MMAP
[    3.357351] evm: security.apparmor
[    3.357655] evm: security.ima
[    3.357921] evm: security.capability
[    3.358238] evm: HMAC attrs: 0x1
[    3.360318] PM:   Magic number: 2:439:723
[    3.360721] block loop3: hash matches
[    3.361274] RAS: Correctable Errors collector initialized.
[    3.361992] md: Waiting for all devices to be available before autodetect
[    3.362584] md: If you don't use raid, use raid=noautodetect
[    3.363079] md: Autodetecting RAID arrays.
[    3.363441] md: autorun ...
[    3.363699] md: ... autorun DONE.
[    3.367008] EXT4-fs (sda): mounted filesystem with ordered data mode. Opts: (null). Quota mode: none.
[    3.367834] VFS: Mounted root (ext4 filesystem) readonly on device 8:0.
[    3.369089] devtmpfs: mounted
[    3.377224] Freeing unused decrypted memory: 2036K
[    3.379318] Freeing unused kernel image (initmem) memory: 3048K
[    3.384509] Write protecting the kernel read-only data: 38912k
[    3.387226] Freeing unused kernel image (text/rodata gap) memory: 2028K
[    3.388345] Freeing unused kernel image (rodata/data gap) memory: 1004K
[    3.495286] x86/mm: Checked W+X mappings: passed, no W+X pages found.
[    3.495847] Run /sbin/init as init process
[    3.543104] random: fast init done
[    3.549905] systemd[1]: RTC configured in localtime, applying delta of 0 minutes to system time.
[    3.564072] systemd[1]: systemd 239 (239-49.el8) running in system mode. (+PAM +AUDIT +SELINUX +IMA -APPARMOR +SMACK +SYSVINIT +UTMP +LIBCRYPTSETUP +GCRYPT +GNUTLS +ACL +XZ +LZ4 +SECCOMP +BLKID +ELFUTILS +KMOD +IDN2 -IDN +PCRE2 default-hierarchy=legacy)
[    3.566066] systemd[1]: Detected virtualization kvm.
[    3.566505] systemd[1]: Detected architecture x86-64.

Welcome to [0;31mCentOS Stream 8[0m!

[    3.587098] systemd[1]: Set hostname to <test>.
[    3.669322] random: lvmconfig: uninitialized urandom read (4 bytes read)
[    3.734856] random: systemd: uninitialized urandom read (16 bytes read)
[    3.735571] systemd[1]: Set up automount Arbitrary Executable File Formats File System Automount Point.
[[0;32m  OK  [0m] Set up automount Arbitrary Executabâ€¦rmats File System Automount Point.
[    3.737118] random: systemd: uninitialized urandom read (16 bytes read)
[    3.737820] systemd[1]: Listening on LVM2 poll daemon socket.
[[0;32m  OK  [0m] Listening on LVM2 poll daemon socket.
[    3.738879] systemd[1]: Listening on udev Control Socket.
[[0;32m  OK  [0m] Listening on udev Control Socket.
[    3.739821] systemd[1]: Started Forward Password Requests to Wall Directory Watch.
[[0;32m  OK  [0m] Started Forward Password Requests to Wall Directory Watch.
[    3.741033] systemd[1]: Reached target Swap.
[[0;32m  OK  [0m] Reached target Swap.
[    3.741868] systemd[1]: Listening on Journal Socket.
[[0;32m  OK  [0m] Listening on Journal Socket.
         Mounting Kernel Debug File System...
[[0;32m  OK  [0m] Listening on Device-mapper event daemon FIFOs.
[[0;32m  OK  [0m] Listening on Journal Socket (/dev/log).
         Mounting POSIX Message Queue File System...
[[0;32m  OK  [0m] Created slice User and Session Slice.
         Starting Remount Root and Kernel File Systems...
[[0;32m  OK  [0m] Created slice system-getty.slice.
         Starting Load Kernel Modules...
[[0;32m  OK  [0m] Listening on Process Core Dump Socket.
[[0;32m  OK  [0m] Reached target Slices.
[[0;32m  OK  [0m] Listening on RPCbind Server Activation Socket.
[[0;32m  OK  [0m] Reached target RPC Port Mapper.
[[0;32m  OK  [0m] Listening on initctl Compatibility Named Pipe.
[[0;32m  OK  [0m] Created slice system-sshd\x2dkeygen.slice.
         Mounting Huge Pages File System...
         Starting Monitoring of LVM2 mirrorsâ€¦ng dmeventd or progress polling...
[[0;32m  OK  [0m] Listening on udev Kernel Socket.
         Starting udev Coldplug all Devices...
         Starting Journal Service...
         Starting Setup Virtual Console...
[[0;32m  OK  [0m] Created slice system-serial\x2dgetty.slice.
[[0;32m  OK  [0m] Listening on multipathd control socket.
[[0;32m  OK  [0m] Mounted Kernel Debug File System.
[[0;32m  OK  [0m] Mounted POSIX Message Queue File System.
[[0;1;31mFAILED[0m] Failed to start Load Kernel Modules.
See 'systemctl status systemd-mo[    3.899918] EXT4-fs (sda): re-mounted. Opts: (null). Quota mode: none.
dules-load.service' for details.
[[0;32m  OK  [0m] Mounted Huge Pages File System.
         Starting Apply Kernel Variables...
         Mounting FUSE Control File System...
         Mounting Kernel Configuration File System...
[[0;32m  OK  [0m] Started Journal Service.
[[0;32m  OK  [0m] Started Remount Root and Kernel File Systems.
[[0;32m  OK  [0m] Started Apply Kernel Variables.
[[0;32m  OK  [0m] Started udev Coldplug all Devices.
[[0;32m  OK  [0m] Started Setup Virtual Console.
[[0;32m  OK  [0m] Mounted FUSE Control File System.
[[0;32m  OK  [0m] Mounted Kernel Configuration File System.
         Starting udev Wait for Complete Device Initialization...
         Starting Load/Save Random Seed...
         Starting Create Static Device Nodes in /dev...
         Starting Flush Journal to Persistent Storage...
[[0;32m  OK  [0m] Started Load/Save Random Seed.
[[0;32m  OK  [0m] Started Create Static Device Nodes in /dev.
[[0;32m  OK  [0m] Started Flush Journal to Persistent Storage.
         Starting udev Kernel Device Manager...
[[0;32m  OK  [0m] Started udev Kernel Device Manager.
         Starting Show Plymouth Boot Screen...
[[0;32m  OK  [0m] Started Show Plymouth Boot Screen.
[[0;32m  OK  [0m] Started Forward Password Requests to Plymouth Directory Watch.
[[0;32m  OK  [0m] Reached target Paths.
[[0;32m  OK  [0m] Reached target Local Encrypted Volumes.
[[0;32m  OK  [0m] Found device /dev/ttyS0.
[[0;32m  OK  [0m] Listening on Load/Save RF Kill Switch Status /dev/rfkill Watch.
[[0;32m  OK  [0m] Started udev Wait for Complete Device Initialization.
[[0;32m  OK  [0m] Started Monitoring of LVM2 mirrors,â€¦sing dmeventd or progress polling.
[[0;32m  OK  [0m] Reached target Local File Systems (Pre).
[[0;32m  OK  [0m] Reached target Local File Systems.
         Starting Restore /run/initramfs on shutdown...
         Starting Create Volatile Files and Directories...
         Starting Tell Plymouth To Write Out Runtime Data...
[[0;32m  OK  [0m] Started Restore /run/initramfs on shutdown.
[[0;32m  OK  [0m] Started Tell Plymouth To Write Out Runtime Data.
[[0;32m  OK  [0m] Started Create Volatile Files and Directories.
         Mounting RPC Pipe File System...
         Starting RPC Bind...
         Starting Security Auditing Service...
[[0;32m  OK  [0m] Mounted RPC Pipe File System.
[[0;32m  OK  [0m] Reached target rpc_pipefs.target.
[[0;32m  OK  [0m] Started RPC Bind.
[[0;32m  OK  [0m] Started Security Auditing Service.
         Starting Update UTMP about System Boot/Shutdown...
[[0;32m  OK  [0m] Started Update UTMP about System Boot/Shutdown.
[[0;32m  OK  [0m] Reached target System Initialization.
[[0;32m  OK  [0m] Started daily update of the root trust anchor for DNSSEC.
[[0;32m  OK  [0m] Started dnf makecache --timer.
[[0;32m  OK  [0m] Listening on SSSD Kerberos Cache Manager responder socket.
[[0;32m  OK  [0m] Listening on D-Bus System Message Bus Socket.
[[0;32m  OK  [0m] Reached target Sockets.
[[0;32m  OK  [0m] Reached target Basic System.
[[0;32m  OK  [0m] Started irqbalance daemon.
[[0;32m  OK  [0m] Started Machine Check Exception Logging Daemon.
         Starting NTP client/server...
         Starting Self Monitoring and Reporting Technology (SMART) Daemon...
[[0;32m  OK  [0m] Started D-Bus System Message Bus.
         Starting Login Service...
         Starting Authorization Manager...
         Starting Auto-connect to subsystemsâ€¦-NVME devices found during boot...
         Starting Network Manager...
[[0;32m  OK  [0m] Reached target sshd-keygen.target.
[[0;32m  OK  [0m] Started Daily Cleanup of Temporary Directories.
[[0;32m  OK  [0m] Reached target Timers.
[[0;32m  OK  [0m] Started Auto-connect to subsystems â€¦FC-NVME devices found during boot.
         Starting update of the root trust aâ€¦or DNSSEC validation in unbound...
[[0;32m  OK  [0m] Started Self Monitoring and Reporting Technology (SMART) Daemon.
[[0;32m  OK  [0m] Started Login Service.
[[0;32m  OK  [0m] Started NTP client/server.
[[0;32m  OK  [0m] Started Network Manager.
         Starting Network Manager Wait Online...
[[0;32m  OK  [0m] Reached target Network.
         Starting OpenSSH server daemon...
         Starting Dynamic System Tuning Daemon...
         Starting GSSAPI Proxy Daemon...
         Starting Hostname Service...
[[0;32m  OK  [0m] Started Authorization Manager.
[[0;32m  OK  [0m] Started Hostname Service.
         Starting Network Manager Script Dispatcher Service...
[    5.028532] e1000: eth0 NIC Link is Up 1000 Mbps Full Duplex, Flow Control: RX
[    5.029599] IPv6: ADDRCONF(NETDEV_CHANGE): eth0: link becomes ready
[[0;32m  OK  [0m] Started Network Manager Script Dispatcher Service.
[[0;32m  OK  [0m] Started Dynamic System Tuning Daemon.
[    6.040465] random: crng init done
[    6.040783] random: 7 urandom warning(s) missed due to ratelimiting
[[0;32m  OK  [0m] Started update of the root trust anâ€¦ for DNSSEC validation in unbound.
[[0;32m  OK  [0m] Started GSSAPI Proxy Daemon.
[[0;32m  OK  [0m] Reached target NFS client services.
[[0;32m  OK  [0m] Reached target Remote File Systems (Pre).
[[0;32m  OK  [0m] Reached target Remote File Systems.
         Starting Permit User Sessions...
[[0;32m  OK  [0m] Started OpenSSH server daemon.
[[0;32m  OK  [0m] Started Permit User Sessions.
         Starting Hold until boot process finishes up...
         Starting Terminate Plymouth Boot Screen...
[[0;32m  OK  [0m] Started Command Scheduler.
[[0;32m  OK  [0m] Started Network Manager Wait Online.
[[0;32m  OK  [0m] Reached target Network is Online.
         Starting System Logging Service...
         Starting Notify NFS peers of a restart...

CentOS Stream 8
Kernel 5.11.0-f40ddce88593 on an x86_64

test login: 