c[?7l[2J[0mSeaBIOS (version rel-1.16.0-0-gd239552ce722-prebuilt.qemu.org)


iPXE (http://ipxe.org) 00:03.0 CA00 PCI2.10 PnP PMM+7FF91000+7FEF1000 CA00
Press Ctrl-B to configure iPXE (PCI 00:03.0)...                                                                               


Booting from ROM..c[?7l[2J[    0.000000] Linux version 5.19.0-fa9db655d0e1+ (root@984fee00a1f6.jf.intel.com) (gcc (GCC) 8.5.0 20210514 (Red Hat 8.5.0-17), GNU ld version 2.36.1-3.el8) #1 SMP PREEMPT_DYNAMIC Tue Dec 13 04:48:24 PST 2022
[    0.000000] Command line: console=ttyS0 root=/dev/sda earlyprintk=serial net.ifnames=0
[    0.000000] KERNEL supported cpus:
[    0.000000]   Intel GenuineIntel
[    0.000000]   AMD AuthenticAMD
[    0.000000]   Hygon HygonGenuine
[    0.000000]   Centaur CentaurHauls
[    0.000000]   zhaoxin   Shanghai  
[    0.000000] x86/split lock detection: #DB: warning on user-space bus_locks
[    0.000000] x86/fpu: Supporting XSAVE feature 0x001: 'x87 floating point registers'
[    0.000000] x86/fpu: Supporting XSAVE feature 0x002: 'SSE registers'
[    0.000000] x86/fpu: Supporting XSAVE feature 0x004: 'AVX registers'
[    0.000000] x86/fpu: Supporting XSAVE feature 0x020: 'AVX-512 opmask'
[    0.000000] x86/fpu: Supporting XSAVE feature 0x040: 'AVX-512 Hi256'
[    0.000000] x86/fpu: Supporting XSAVE feature 0x080: 'AVX-512 ZMM_Hi256'
[    0.000000] x86/fpu: Supporting XSAVE feature 0x200: 'Protection Keys User registers'
[    0.000000] x86/fpu: Supporting XSAVE feature 0x20000: 'AMX Tile config'
[    0.000000] x86/fpu: Supporting XSAVE feature 0x40000: 'AMX Tile data'
[    0.000000] x86/fpu: xstate_offset[2]:  576, xstate_sizes[2]:  256
[    0.000000] x86/fpu: xstate_offset[5]:  832, xstate_sizes[5]:   64
[    0.000000] x86/fpu: xstate_offset[6]:  896, xstate_sizes[6]:  512
[    0.000000] x86/fpu: xstate_offset[7]: 1408, xstate_sizes[7]: 1024
[    0.000000] x86/fpu: xstate_offset[9]: 2432, xstate_sizes[9]:    8
[    0.000000] x86/fpu: xstate_offset[17]: 2496, xstate_sizes[17]:   64
[    0.000000] x86/fpu: xstate_offset[18]: 2560, xstate_sizes[18]: 8192
[    0.000000] x86/fpu: Enabled xstate features 0x602e7, context size is 10752 bytes, using 'compacted' format.
[    0.000000] signal: max sigframe size: 11952
[    0.000000] BIOS-provided physical RAM map:
[    0.000000] BIOS-e820: [mem 0x0000000000000000-0x000000000009fbff] usable
[    0.000000] BIOS-e820: [mem 0x000000000009fc00-0x000000000009ffff] reserved
[    0.000000] BIOS-e820: [mem 0x00000000000f0000-0x00000000000fffff] reserved
[    0.000000] BIOS-e820: [mem 0x0000000000100000-0x000000007ffdffff] usable
[    0.000000] BIOS-e820: [mem 0x000000007ffe0000-0x000000007fffffff] reserved
[    0.000000] BIOS-e820: [mem 0x00000000feffc000-0x00000000feffffff] reserved
[    0.000000] BIOS-e820: [mem 0x00000000fffc0000-0x00000000ffffffff] reserved
[    0.000000] printk: bootconsole [earlyser0] enabled
[    0.000000] NX (Execute Disable) protection: active
[    0.000000] SMBIOS 2.8 present.
[    0.000000] DMI: QEMU Standard PC (i440FX + PIIX, 1996), BIOS rel-1.16.0-0-gd239552ce722-prebuilt.qemu.org 04/01/2014
[    0.000000] Hypervisor detected: KVM
[    0.000000] kvm-clock: Using msrs 4b564d01 and 4b564d00
[    0.000003] kvm-clock: using sched offset of 376781008 cycles
[    0.000452] clocksource: kvm-clock: mask: 0xffffffffffffffff max_cycles: 0x1cd42e4dffb, max_idle_ns: 881590591483 ns
[    0.001859] tsc: Detected 1700.000 MHz processor
[    0.011280] last_pfn = 0x7ffe0 max_arch_pfn = 0x10000000000
[    0.011818] x86/PAT: Configuration [0-7]: WB  WC  UC- UC  WB  WP  UC- WT  
[    0.018406] found SMP MP-table at [mem 0x000f5ba0-0x000f5baf]
[    0.018965] Using GB pages for direct mapping
[    0.020674] ACPI: Early table checksum verification disabled
[    0.021165] ACPI: RSDP 0x00000000000F59C0 000014 (v00 BOCHS )
[    0.021680] ACPI: RSDT 0x000000007FFE1951 000034 (v01 BOCHS  BXPC     00000001 BXPC 00000001)
[    0.022431] ACPI: FACP 0x000000007FFE17FD 000074 (v01 BOCHS  BXPC     00000001 BXPC 00000001)
[    0.023187] ACPI: DSDT 0x000000007FFE0040 0017BD (v01 BOCHS  BXPC     00000001 BXPC 00000001)
[    0.023935] ACPI: FACS 0x000000007FFE0000 000040
[    0.024349] ACPI: APIC 0x000000007FFE1871 000080 (v01 BOCHS  BXPC     00000001 BXPC 00000001)
[    0.025097] ACPI: HPET 0x000000007FFE18F1 000038 (v01 BOCHS  BXPC     00000001 BXPC 00000001)
[    0.025847] ACPI: WAET 0x000000007FFE1929 000028 (v01 BOCHS  BXPC     00000001 BXPC 00000001)
[    0.026596] ACPI: Reserving FACP table memory at [mem 0x7ffe17fd-0x7ffe1870]
[    0.027202] ACPI: Reserving DSDT table memory at [mem 0x7ffe0040-0x7ffe17fc]
[    0.027811] ACPI: Reserving FACS table memory at [mem 0x7ffe0000-0x7ffe003f]
[    0.028415] ACPI: Reserving APIC table memory at [mem 0x7ffe1871-0x7ffe18f0]
[    0.029023] ACPI: Reserving HPET table memory at [mem 0x7ffe18f1-0x7ffe1928]
[    0.029632] ACPI: Reserving WAET table memory at [mem 0x7ffe1929-0x7ffe1950]
[    0.031355] No NUMA configuration found
[    0.031689] Faking a node at [mem 0x0000000000000000-0x000000007ffdffff]
[    0.032346] NODE_DATA(0) allocated [mem 0x7ffb5000-0x7ffdffff]
[    0.038076] Zone ranges:
[    0.038315]   DMA      [mem 0x0000000000001000-0x0000000000ffffff]
[    0.038856]   DMA32    [mem 0x0000000001000000-0x000000007ffdffff]
[    0.039390]   Normal   empty
[    0.039646]   Device   empty
[    0.039899] Movable zone start for each node
[    0.040265] Early memory node ranges
[    0.040572]   node   0: [mem 0x0000000000001000-0x000000000009efff]
[    0.041115]   node   0: [mem 0x0000000000100000-0x000000007ffdffff]
[    0.041660] Initmem setup node 0 [mem 0x0000000000001000-0x000000007ffdffff]
[    0.042803] On node 0, zone DMA: 1 pages in unavailable ranges
[    0.042824] On node 0, zone DMA: 97 pages in unavailable ranges
[    0.053375] On node 0, zone DMA32: 32 pages in unavailable ranges
[    0.054171] ACPI: PM-Timer IO Port: 0x608
[    0.055054] ACPI: LAPIC_NMI (acpi_id[0xff] dfl dfl lint[0x1])
[    0.055605] IOAPIC[0]: apic_id 0, version 17, address 0xfec00000, GSI 0-23
[    0.056214] ACPI: INT_SRC_OVR (bus 0 bus_irq 0 global_irq 2 dfl dfl)
[    0.056766] ACPI: INT_SRC_OVR (bus 0 bus_irq 5 global_irq 5 high level)
[    0.057335] ACPI: INT_SRC_OVR (bus 0 bus_irq 9 global_irq 9 high level)
[    0.057910] ACPI: INT_SRC_OVR (bus 0 bus_irq 10 global_irq 10 high level)
[    0.058493] ACPI: INT_SRC_OVR (bus 0 bus_irq 11 global_irq 11 high level)
[    0.059098] ACPI: Using ACPI (MADT) for SMP configuration information
[    0.059649] ACPI: HPET id: 0x8086a201 base: 0xfed00000
[    0.060100] TSC deadline timer available
[    0.060436] smpboot: Allowing 2 CPUs, 0 hotplug CPUs
[    0.060897] kvm-guest: KVM setup pv remote TLB flush
[    0.061324] kvm-guest: setup PV sched yield
[    0.061738] PM: hibernation: Registered nosave memory: [mem 0x00000000-0x00000fff]
[    0.062390] PM: hibernation: Registered nosave memory: [mem 0x0009f000-0x0009ffff]
[    0.063038] PM: hibernation: Registered nosave memory: [mem 0x000a0000-0x000effff]
[    0.063689] PM: hibernation: Registered nosave memory: [mem 0x000f0000-0x000fffff]
[    0.064339] [mem 0x80000000-0xfeffbfff] available for PCI devices
[    0.064865] Booting paravirtualized kernel on KVM
[    0.065270] clocksource: refined-jiffies: mask: 0xffffffff max_cycles: 0xffffffff, max_idle_ns: 7645519600211568 ns
[    0.066180] setup_percpu: NR_CPUS:8192 nr_cpumask_bits:2 nr_cpu_ids:2 nr_node_ids:1
[    0.067519] percpu: Embedded 64 pages/cpu s225280 r8192 d28672 u1048576
[    0.068350] kvm-guest: PV spinlocks enabled
[    0.068729] PV qspinlock hash table entries: 256 (order: 0, 4096 bytes, linear)
[    0.069378] Fallback order for Node 0: 0 
[    0.069751] Built 1 zonelists, mobility grouping on.  Total pages: 515808
[    0.070342] Policy zone: DMA32
[    0.070612] Kernel command line: net.ifnames=0 console=ttyS0 root=/dev/sda earlyprintk=serial net.ifnames=0
[    0.072435] Dentry cache hash table entries: 262144 (order: 9, 2097152 bytes, linear)
[    0.073317] Inode-cache hash table entries: 131072 (order: 8, 1048576 bytes, linear)
[    0.074103] mem auto-init: stack:off, heap alloc:off, heap free:off
[    0.080811] Memory: 1983420K/2096632K available (32784K kernel code, 4524K rwdata, 8068K rodata, 3644K init, 22324K bss, 113012K reserved, 0K cma-reserved)
[    0.083056] SLUB: HWalign=64, Order=0-3, MinObjects=0, CPUs=2, Nodes=1
[    0.083606] kmemleak: Kernel memory leak detector disabled
[    0.084091] ftrace: allocating 66619 entries in 261 pages
[    0.113620] ftrace: allocated 261 pages with 3 groups
[    0.117542] Dynamic Preempt: voluntary
[    0.118017] Running RCU self tests
[    0.118309] rcu: Preemptible hierarchical RCU implementation.
[    0.118787] rcu: 	RCU lockdep checking is enabled.
[    0.119181] rcu: 	RCU restricting CPUs from NR_CPUS=8192 to nr_cpu_ids=2.
[    0.119745] 	Trampoline variant of Tasks RCU enabled.
[    0.120161] 	Rude variant of Tasks RCU enabled.
[    0.120533] 	Tracing variant of Tasks RCU enabled.
[    0.120930] rcu: RCU calculated value of scheduler-enlistment delay is 25 jiffies.
[    0.121552] rcu: Adjusting geometry for rcu_fanout_leaf=16, nr_cpu_ids=2
[    0.151883] NR_IRQS: 524544, nr_irqs: 440, preallocated irqs: 16
[    0.152720] rcu: srcu_init: Setting srcu_struct sizes based on contention.
[    0.161016] Console: colour VGA+ 80x25
[    0.161383] printk: console [ttyS0] enabled
[    0.161383] printk: console [ttyS0] enabled
[    0.162096] printk: bootconsole [earlyser0] disabled
[    0.162096] printk: bootconsole [earlyser0] disabled
[    0.162937] Lock dependency validator: Copyright (c) 2006 Red Hat, Inc., Ingo Molnar
[    0.163598] ... MAX_LOCKDEP_SUBCLASSES:  8
[    0.163958] ... MAX_LOCK_DEPTH:          48
[    0.164322] ... MAX_LOCKDEP_KEYS:        8192
[    0.164703] ... CLASSHASH_SIZE:          4096
[    0.165082] ... MAX_LOCKDEP_ENTRIES:     32768
[    0.165468] ... MAX_LOCKDEP_CHAINS:      65536
[    0.165856] ... CHAINHASH_SIZE:          32768
[    0.166242]  memory used by lock dependency info: 6365 kB
[    0.166711]  memory used for stack traces: 4224 kB
[    0.167126]  per task-struct memory footprint: 1920 bytes
[    0.167652] ACPI: Core revision 20220331
[    0.168275] clocksource: hpet: mask: 0xffffffff max_cycles: 0xffffffff, max_idle_ns: 19112604467 ns
[    0.169192] APIC: Switch to symmetric I/O mode setup
[    0.169829] x2apic enabled
[    0.170255] Switched APIC routing to physical x2apic.
[    0.170696] kvm-guest: setup PV IPIs
[    0.171949] ..TIMER: vector=0x30 apic1=0 pin1=2 apic2=-1 pin2=-1
[    0.172487] clocksource: tsc-early: mask: 0xffffffffffffffff max_cycles: 0x1881273ac8e, max_idle_ns: 440795257284 ns
[    0.173431] Calibrating delay loop (skipped) preset value.. 3400.00 BogoMIPS (lpj=6800000)
[    0.174140] pid_max: default: 32768 minimum: 301
[    0.174705] LSM: Security Framework initializing
[    0.175111] Yama: becoming mindful.
[    0.175638] Mount-cache hash table entries: 4096 (order: 3, 32768 bytes, linear)
[    0.176275] Mountpoint-cache hash table entries: 4096 (order: 3, 32768 bytes, linear)
[    0.178590] x86/cpu: User Mode Instruction Prevention (UMIP) activated
[    0.179323] Last level iTLB entries: 4KB 0, 2MB 0, 4MB 0
[    0.179785] Last level dTLB entries: 4KB 0, 2MB 0, 4MB 0, 1GB 0
[    0.180312] Spectre V1 : Mitigation: usercopy/swapgs barriers and __user pointer sanitization
[    0.181038] Spectre V2 : WARNING: Unprivileged eBPF is enabled with eIBRS on, data leaks possible via Spectre v2 BHB attacks!
[    0.181427] Spectre V2 : Mitigation: Enhanced IBRS
[    0.181811] Spectre V2 : Spectre v2 / SpectreRSB mitigation: Filling RSB on context switch
[    0.182473] Spectre V2 : mitigation: Enabling conditional Indirect Branch Prediction Barrier
[    0.183140] Speculative Store Bypass: Mitigation: Speculative Store Bypass disabled via prctl
[    0.305974] Freeing SMP alternatives memory: 56K
[    0.306639] smpboot: CPU0: Intel(R) Xeon(R) Gold 6414TDX (family: 0x6, model: 0x8f, stepping: 0x6)
[    0.307852] cblist_init_generic: Setting adjustable number of callback queues.
[    0.308443] cblist_init_generic: Setting shift to 1 and lim to 1.
[    0.308985] cblist_init_generic: Setting shift to 1 and lim to 1.
[    0.309416] cblist_init_generic: Setting shift to 1 and lim to 1.
[    0.309416] Running RCU-tasks wait API self tests
[    0.409509] Performance Events: Sapphire Rapids events, full-width counters, Intel PMU driver.
[    0.410262] ... version:                2
[    0.410591] ... bit width:              48
[    0.410918] ... generic registers:      8
[    0.411238] ... value mask:             0000ffffffffffff
[    0.411662] ... max period:             00007fffffffffff
[    0.412084] ... fixed-purpose events:   3
[    0.412405] ... event mask:             00000007000000ff
[    0.413240] rcu: Hierarchical SRCU implementation.
[    0.413421] rcu: 	Max phase no-delay instances is 1000.
[    0.416770] smp: Bringing up secondary CPUs ...
[    0.417678] x86: Booting SMP configuration:
[    0.418027] .... node  #0, CPUs:      #1
[    0.418471] smp: Brought up 1 node, 2 CPUs
[    0.418471] smpboot: Max logical packages: 1
[    0.418602] smpboot: Total of 2 processors activated (6800.00 BogoMIPS)
[    0.421963] devtmpfs: initialized
[    0.422011] x86/mm: Memory block size: 128MB
[    0.425469] Callback from call_rcu_tasks_trace() invoked.
[    0.426212] clocksource: jiffies: mask: 0xffffffff max_cycles: 0xffffffff, max_idle_ns: 7645041785100000 ns
[    0.426997] futex hash table entries: 512 (order: 4, 65536 bytes, linear)
[    0.427802] pinctrl core: initialized pinctrl subsystem
[    0.428867] 
[    0.428999] *************************************************************
[    0.429427] **     NOTICE NOTICE NOTICE NOTICE NOTICE NOTICE NOTICE    **
[    0.429966] **                                                         **
[    0.430508] **  IOMMU DebugFS SUPPORT HAS BEEN ENABLED IN THIS KERNEL  **
[    0.431046] **                                                         **
[    0.431589] ** This means that this kernel is built to expose internal **
[    0.432132] ** IOMMU data structures, which may compromise security on **
[    0.432668] ** your system.                                            **
[    0.433212] **                                                         **
[    0.433426] ** If you see this message and you are not debugging the   **
[    0.433966] ** kernel, report this immediately to your vendor!         **
[    0.434504] **                                                         **
[    0.435043] **     NOTICE NOTICE NOTICE NOTICE NOTICE NOTICE NOTICE    **
[    0.435580] *************************************************************
[    0.436171] PM: RTC time: 13:16:32, date: 2022-12-13
[    0.439599] NET: Registered PF_NETLINK/PF_ROUTE protocol family
[    0.440798] DMA: preallocated 256 KiB GFP_KERNEL pool for atomic allocations
[    0.441373] DMA: preallocated 256 KiB GFP_KERNEL|GFP_DMA pool for atomic allocations
[    0.441431] DMA: preallocated 256 KiB GFP_KERNEL|GFP_DMA32 pool for atomic allocations
[    0.442120] audit: initializing netlink subsys (disabled)
[    0.442640] audit: type=2000 audit(1670937392.980:1): state=initialized audit_enabled=0 res=1
[    0.442640] thermal_sys: Registered thermal governor 'fair_share'
[    0.442640] thermal_sys: Registered thermal governor 'bang_bang'
[    0.442667] thermal_sys: Registered thermal governor 'step_wise'
[    0.443147] thermal_sys: Registered thermal governor 'user_space'
[    0.443672] cpuidle: using governor ladder
[    0.445436] cpuidle: using governor menu
[    0.446066] HugeTLB: can optimize 4095 vmemmap pages for hugepages-1048576kB
[    0.446641] acpiphp: ACPI Hot Plug PCI Controller Driver version: 0.5
[    0.447504] PCI: Using configuration type 1 for base access
[    0.464739] kprobes: kprobe jump-optimization is enabled. All kprobes are optimized if possible.
[    0.466396] HugeTLB: can optimize 7 vmemmap pages for hugepages-2048kB
[    0.466946] HugeTLB registered 1.00 GiB page size, pre-allocated 0 pages
[    0.467480] HugeTLB registered 2.00 MiB page size, pre-allocated 0 pages
[    0.613416] ACPI: Added _OSI(Module Device)
[    0.613426] ACPI: Added _OSI(Processor Device)
[    0.613777] ACPI: Added _OSI(3.0 _SCP Extensions)
[    0.614150] ACPI: Added _OSI(Processor Aggregator Device)
[    0.614575] ACPI: Added _OSI(Linux-Dell-Video)
[    0.614933] ACPI: Added _OSI(Linux-Lenovo-NV-HDMI-Audio)
[    0.615354] ACPI: Added _OSI(Linux-HPI-Hybrid-Graphics)
[    0.621891] ACPI: 1 ACPI AML tables successfully acquired and loaded
[    3.748571] Callback from call_rcu_tasks_rude() invoked.
[    3.813800] ACPI: Interpreter enabled
[    3.814230] ACPI: PM: (supports S0 S3 S4 S5)
[    3.814581] ACPI: Using IOAPIC for interrupt routing
[    3.815045] PCI: Using host bridge windows from ACPI; if necessary, use "pci=nocrs" and report a bug
[    3.815770] PCI: Using E820 reservations for host bridge windows
[    3.817016] ACPI: Enabled 2 GPEs in block 00 to 0F
[    3.835701] ACPI: PCI Root Bridge [PCI0] (domain 0000 [bus 00-ff])
[    3.836223] acpi PNP0A03:00: _OSC: OS supports [ASPM ClockPM Segments MSI EDR HPX-Type3]
[    3.836875] acpi PNP0A03:00: _OSC: not requesting OS control; OS requires [ExtendedConfig ASPM ClockPM MSI]
[    3.837497] acpi PNP0A03:00: fail to add MMCONFIG information, can't access extended PCI configuration space under this bridge.
[    3.841110] acpiphp: Slot [3] registered
[    3.841500] acpiphp: Slot [4] registered
[    3.841890] acpiphp: Slot [5] registered
[    3.842283] acpiphp: Slot [6] registered
[    3.842672] acpiphp: Slot [7] registered
[    3.843072] acpiphp: Slot [8] registered
[    3.843464] acpiphp: Slot [9] registered
[    3.843853] acpiphp: Slot [10] registered
[    3.844254] acpiphp: Slot [11] registered
[    3.844652] acpiphp: Slot [12] registered
[    3.845058] acpiphp: Slot [13] registered
[    3.845461] acpiphp: Slot [14] registered
[    3.845857] acpiphp: Slot [15] registered
[    3.846254] acpiphp: Slot [16] registered
[    3.846650] acpiphp: Slot [17] registered
[    3.847058] acpiphp: Slot [18] registered
[    3.847455] acpiphp: Slot [19] registered
[    3.847852] acpiphp: Slot [20] registered
[    3.848250] acpiphp: Slot [21] registered
[    3.848648] acpiphp: Slot [22] registered
[    3.849055] acpiphp: Slot [23] registered
[    3.849511] acpiphp: Slot [24] registered
[    3.849540] Callback from call_rcu_tasks() invoked.
[    3.849920] acpiphp: Slot [25] registered
[    3.851205] acpiphp: Slot [26] registered
[    3.851612] acpiphp: Slot [27] registered
[    3.852011] acpiphp: Slot [28] registered
[    3.852412] acpiphp: Slot [29] registered
[    3.852808] acpiphp: Slot [30] registered
[    3.853207] acpiphp: Slot [31] registered
[    3.853442] PCI host bridge to bus 0000:00
[    3.853773] pci_bus 0000:00: root bus resource [io  0x0000-0x0cf7 window]
[    3.854320] pci_bus 0000:00: root bus resource [io  0x0d00-0xffff window]
[    3.854864] pci_bus 0000:00: root bus resource [mem 0x000a0000-0x000bffff window]
[    3.855464] pci_bus 0000:00: root bus resource [mem 0x80000000-0xfebfffff window]
[    3.856061] pci_bus 0000:00: root bus resource [mem 0x100000000-0x17fffffff window]
[    3.856680] pci_bus 0000:00: root bus resource [bus 00-ff]
[    3.857248] pci 0000:00:00.0: [8086:1237] type 00 class 0x060000
[    3.860747] pci 0000:00:01.0: [8086:7000] type 00 class 0x060100
[    3.861989] pci 0000:00:01.1: [8086:7010] type 00 class 0x010180
[    3.864291] pci 0000:00:01.1: reg 0x20: [io  0xc040-0xc04f]
[    3.865440] pci 0000:00:01.1: legacy IDE quirk: reg 0x10: [io  0x01f0-0x01f7]
[    3.866017] pci 0000:00:01.1: legacy IDE quirk: reg 0x14: [io  0x03f6]
[    3.866536] pci 0000:00:01.1: legacy IDE quirk: reg 0x18: [io  0x0170-0x0177]
[    3.867105] pci 0000:00:01.1: legacy IDE quirk: reg 0x1c: [io  0x0376]
[    3.867951] pci 0000:00:01.3: [8086:7113] type 00 class 0x068000
[    3.868752] pci 0000:00:01.3: quirk: [io  0x0600-0x063f] claimed by PIIX4 ACPI
[    3.869338] pci 0000:00:01.3: quirk: [io  0x0700-0x070f] claimed by PIIX4 SMB
[    3.869721] pci 0000:00:02.0: [1234:1111] type 00 class 0x030000
[    3.871408] pci 0000:00:02.0: reg 0x10: [mem 0xfd000000-0xfdffffff pref]
[    3.873428] pci 0000:00:02.0: reg 0x18: [mem 0xfebf0000-0xfebf0fff]
[    3.876272] pci 0000:00:02.0: reg 0x30: [mem 0xfebe0000-0xfebeffff pref]
[    3.876889] pci 0000:00:02.0: Video device with shadowed ROM at [mem 0x000c0000-0x000dffff]
[    3.880384] pci 0000:00:03.0: [8086:100e] type 00 class 0x020000
[    3.881425] pci 0000:00:03.0: reg 0x10: [mem 0xfebc0000-0xfebdffff]
[    3.882670] pci 0000:00:03.0: reg 0x14: [io  0xc000-0xc03f]
[    3.885822] pci 0000:00:03.0: reg 0x30: [mem 0xfeb80000-0xfebbffff pref]
[    3.897379] ACPI: PCI: Interrupt link LNKA configured for IRQ 10
[    3.897831] ACPI: PCI: Interrupt link LNKB configured for IRQ 10
[    3.898701] ACPI: PCI: Interrupt link LNKC configured for IRQ 11
[    3.899568] ACPI: PCI: Interrupt link LNKD configured for IRQ 11
[    3.900238] ACPI: PCI: Interrupt link LNKS configured for IRQ 9
[    3.901772] iommu: Default domain type: Translated 
[    3.901867] iommu: DMA domain TLB invalidation policy: lazy mode 
[    3.903330] SCSI subsystem initialized
[    3.905682] ACPI: bus type USB registered
[    3.906134] usbcore: registered new interface driver usbfs
[    3.906622] usbcore: registered new interface driver hub
[    3.907082] usbcore: registered new device driver usb
[    3.907611] pps_core: LinuxPPS API ver. 1 registered
[    3.908007] pps_core: Software ver. 5.3.6 - Copyright 2005-2007 Rodolfo Giometti <giometti@linux.it>
[    3.908738] PTP clock support registered
[    3.909122] EDAC MC: Ver: 3.0.0
[    3.909756] NetLabel: Initializing
[    3.910044] NetLabel:  domain hash size = 128
[    3.910402] NetLabel:  protocols = UNLABELED CIPSOv4 CALIPSO
[    3.910919] NetLabel:  unlabeled traffic allowed by default
[    3.911522] PCI: Using ACPI for IRQ routing
[    3.913457] pci 0000:00:02.0: vgaarb: setting as boot VGA device
[    3.913969] pci 0000:00:02.0: vgaarb: bridge control possible
[    3.914438] pci 0000:00:02.0: vgaarb: VGA device added: decodes=io+mem,owns=io+mem,locks=none
[    3.914438] vgaarb: loaded
[    3.914438] hpet0: at MMIO 0xfed00000, IRQs 2, 8, 0
[    3.914438] hpet0: 3 comparators, 64-bit 100.000000 MHz counter
[    3.919735] clocksource: Switched to clocksource kvm-clock
[    3.921416] VFS: Disk quotas dquot_6.6.0
[    3.921416] VFS: Dquot-cache hash table entries: 512 (order 0, 4096 bytes)
[    3.921416] pnp: PnP ACPI init
[    3.922960] pnp: PnP ACPI: found 6 devices
[    3.935076] clocksource: acpi_pm: mask: 0xffffff max_cycles: 0xffffff, max_idle_ns: 2085701024 ns
[    3.936181] NET: Registered PF_INET protocol family
[    3.936737] IP idents hash table entries: 32768 (order: 6, 262144 bytes, linear)
[    3.938441] tcp_listen_portaddr_hash hash table entries: 1024 (order: 4, 73728 bytes, linear)
[    3.939163] Table-perturb hash table entries: 65536 (order: 6, 262144 bytes, linear)
[    3.939784] TCP established hash table entries: 16384 (order: 5, 131072 bytes, linear)
[    3.940594] TCP bind hash table entries: 16384 (order: 8, 1179648 bytes, linear)
[    3.942014] TCP: Hash tables configured (established 16384 bind 16384)
[    3.942680] UDP hash table entries: 1024 (order: 5, 163840 bytes, linear)
[    3.943785] UDP-Lite hash table entries: 1024 (order: 5, 163840 bytes, linear)
[    3.944556] NET: Registered PF_UNIX/PF_LOCAL protocol family
[    3.945460] RPC: Registered named UNIX socket transport module.
[    3.945952] RPC: Registered udp transport module.
[    3.946332] RPC: Registered tcp transport module.
[    3.946708] RPC: Registered tcp NFSv4.1 backchannel transport module.
[    3.947241] pci_bus 0000:00: resource 4 [io  0x0000-0x0cf7 window]
[    3.947742] pci_bus 0000:00: resource 5 [io  0x0d00-0xffff window]
[    3.948240] pci_bus 0000:00: resource 6 [mem 0x000a0000-0x000bffff window]
[    3.948792] pci_bus 0000:00: resource 7 [mem 0x80000000-0xfebfffff window]
[    3.949347] pci_bus 0000:00: resource 8 [mem 0x100000000-0x17fffffff window]
[    3.950218] pci 0000:00:01.0: PIIX3: Enabling Passive Release
[    3.950689] pci 0000:00:00.0: Limiting direct PCI/PCI transfers
[    3.951275] PCI: CLS 0 bytes, default 64
[    3.952038] ACPI: bus type thunderbolt registered
[    3.952723] clocksource: tsc: mask: 0xffffffffffffffff max_cycles: 0x1881273ac8e, max_idle_ns: 440795257284 ns
[    3.953644] sgx: There are zero EPC sections.
[    4.036279] Initialise system trusted keyrings
[    4.036763] Key type blacklist registered
[    4.037380] workingset: timestamp_bits=36 max_order=19 bucket_order=0
[    4.049439] zbud: loaded
[    4.051858] squashfs: version 4.0 (2009/01/31) Phillip Lougher
[    4.054063] NFS: Registering the id_resolver key type
[    4.054519] Key type id_resolver registered
[    4.054856] Key type id_legacy registered
[    4.055289] nfs4filelayout_init: NFSv4 File Layout Driver Registering...
[    4.055845] nfs4flexfilelayout_init: NFSv4 Flexfile Layout Driver Registering...
[    4.056560] fuse: init (API version 7.36)
[    4.057212] SGI XFS with ACLs, security attributes, realtime, quota, no debug enabled
[    4.059840] 9p: Installing v9fs 9p2000 file system support
[    4.068340] Key type asymmetric registered
[    4.068683] Asymmetric key parser 'x509' registered
[    4.070872] alg: self-tests for CTR-KDF (hmac(sha256)) passed
[    4.071415] Block layer SCSI generic (bsg) driver version 0.4 loaded (major 243)
[    4.072152] io scheduler mq-deadline registered
[    4.072563] io scheduler bfq registered
[    4.074153] shpchp: Standard Hot Plug PCI Controller Driver version: 0.4
[    4.075174] IPMI message handler: version 39.2
[    4.075605] ipmi device interface
[    4.077608] input: Power Button as /devices/LNXSYSTM:00/LNXPWRBN:00/input/input0
[    4.078544] ACPI: button: Power Button [PWRF]
[    4.079856] ERST DBG: ERST support is disabled.
[    4.080840] Serial: 8250/16550 driver, 32 ports, IRQ sharing enabled
[    4.081942] 00:04: ttyS0 at I/O 0x3f8 (irq = 4, base_baud = 115200) is a 16550A
[    4.091986] Linux agpgart interface v0.103
[    4.092951] ACPI: bus type drm_connector registered
[    4.107481] brd: module loaded
[    4.115403] loop: module loaded
[    4.120618] scsi host0: ata_piix
[    4.121536] scsi host1: ata_piix
[    4.121979] ata1: PATA max MWDMA2 cmd 0x1f0 ctl 0x3f6 bmdma 0xc040 irq 14
[    4.122526] ata2: PATA max MWDMA2 cmd 0x170 ctl 0x376 bmdma 0xc048 irq 15
[    4.124857] tun: Universal TUN/TAP device driver, 1.6
[    4.125414] e100: Intel(R) PRO/100 Network Driver
[    4.125818] e100: Copyright(c) 1999-2006 Intel Corporation
[    4.126310] e1000: Intel(R) PRO/1000 Network Driver
[    4.126700] e1000: Copyright (c) 1999-2006 Intel Corporation.
[    4.281578] ata2: found unknown device (class 0)
[    4.282388] ata1: found unknown device (class 0)
[    4.283189] ata2.00: ATAPI: QEMU DVD-ROM, 2.5+, max UDMA/100
[    4.284042] ata1.00: ATA-7: QEMU HARDDISK, 2.5+, max UDMA/100
[    4.284514] ata1.00: 16777216 sectors, multi 16: LBA48 
[    4.286287] scsi 0:0:0:0: Direct-Access     ATA      QEMU HARDDISK    2.5+ PQ: 0 ANSI: 5
[    4.288053] sd 0:0:0:0: Attached scsi generic sg0 type 0
[    4.288825] sd 0:0:0:0: [sda] 16777216 512-byte logical blocks: (8.59 GB/8.00 GiB)
[    4.289735] sd 0:0:0:0: [sda] Write Protect is off
[    4.289753] scsi 1:0:0:0: CD-ROM            QEMU     QEMU DVD-ROM     2.5+ PQ: 0 ANSI: 5
[    4.290889] sd 0:0:0:0: [sda] Write cache: enabled, read cache: enabled, doesn't support DPO or FUA
[    4.291907] sd 0:0:0:0: [sda] Preferred minimum I/O size 512 bytes
[    4.310768] sd 0:0:0:0: [sda] Attached SCSI disk
[    4.318184] scsi 1:0:0:0: Attached scsi generic sg1 type 5
[    4.321653] ACPI: \_SB_.LNKC: Enabled at IRQ 11
[    4.648632] e1000 0000:00:03.0 eth0: (PCI:33MHz:32-bit) 52:54:00:12:34:56
[    4.649234] e1000 0000:00:03.0 eth0: Intel(R) PRO/1000 Network Connection
[    4.649902] e1000e: Intel(R) PRO/1000 Network Driver
[    4.650304] e1000e: Copyright(c) 1999 - 2015 Intel Corporation.
[    4.650870] igb: Intel(R) Gigabit Ethernet Network Driver
[    4.651303] igb: Copyright (c) 2007-2014 Intel Corporation.
[    4.651866] PPP generic driver version 2.4.2
[    4.652820] VFIO - User Level meta-driver version: 0.3
[    4.653303] ehci_hcd: USB 2.0 'Enhanced' Host Controller (EHCI) Driver
[    4.653854] ehci-pci: EHCI PCI platform driver
[    4.654260] ehci-platform: EHCI generic platform driver
[    4.654698] ohci_hcd: USB 1.1 'Open' Host Controller (OHCI) Driver
[    4.655197] ohci-pci: OHCI PCI platform driver
[    4.655588] ohci-platform: OHCI generic platform driver
[    4.656023] uhci_hcd: USB Universal Host Controller Interface driver
[    4.656876] usbcore: registered new interface driver uas
[    4.657400] usbcore: registered new interface driver usb-storage
[    4.658057] i8042: PNP: PS/2 Controller [PNP0303:KBD,PNP0f13:MOU] at 0x60,0x64 irq 1,12
[    4.659537] serio: i8042 KBD port at 0x60,0x64 irq 1
[    4.659998] serio: i8042 AUX port at 0x60,0x64 irq 12
[    4.661217] mousedev: PS/2 mouse device common for all mice
[    4.662616] input: AT Translated Set 2 keyboard as /devices/platform/i8042/serio0/input/input1
[    4.664599] input: VirtualPS/2 VMware VMMouse as /devices/platform/i8042/serio1/input/input4
[    4.665673] rtc_cmos 00:05: RTC can wake from S4
[    4.666494] input: VirtualPS/2 VMware VMMouse as /devices/platform/i8042/serio1/input/input3
[    4.667455] rtc_cmos 00:05: registered as rtc0
[    4.668010] rtc_cmos 00:05: setting system clock to 2022-12-13T13:16:37 UTC (1670937397)
[    4.668831] rtc_cmos 00:05: alarms up to one day, y3k, 242 bytes nvram, hpet irqs
[    4.669490] i2c_dev: i2c /dev entries driver
[    4.669904] device-mapper: core: CONFIG_IMA_DISABLE_HTABLE is disabled. Duplicate IMA measurements will not be recorded in the IMA log.
[    4.670975] device-mapper: uevent: version 1.0.3
[    4.671648] device-mapper: ioctl: 4.47.0-ioctl (2022-07-28) initialised: dm-devel@redhat.com
[    4.672327] intel_pstate: CPU model not supported
[    4.672791] sdhci: Secure Digital Host Controller Interface driver
[    4.673284] sdhci: Copyright(c) Pierre Ossman
[    4.673746] sdhci-pltfm: SDHCI platform and OF driver helper
[    4.674268] ledtrig-cpu: registered to indicate activity on CPUs
[    4.675143] drop_monitor: Initializing network drop monitor service
[    4.676387] NET: Registered PF_INET6 protocol family
[    4.679085] Segment Routing with IPv6
[    4.679441] In-situ OAM (IOAM) with IPv6
[    4.679815] NET: Registered PF_PACKET protocol family
[    4.680541] 9pnet: Installing 9P2000 support
[    4.680963] Key type dns_resolver registered
[    4.682230] IPI shorthand broadcast: enabled
[    4.682636] sched_clock: Marking stable (4669831604, 12119210)->(4696470644, -14519830)
[    4.683977] registered taskstats version 1
[    4.684504] Loading compiled-in X.509 certificates
[    4.685351] zswap: loaded using pool lzo/zbud
[    4.686633] Key type ._fscrypt registered
[    4.686969] Key type .fscrypt registered
[    4.687296] Key type fscrypt-provisioning registered
[    4.689056] Key type encrypted registered
[    4.689465] ima: No TPM chip found, activating TPM-bypass!
[    4.689919] ima: Allocated hash algorithm: sha1
[    4.690357] ima: No architecture policies found
[    4.690827] evm: Initialising EVM extended attributes:
[    4.691240] evm: security.selinux
[    4.691510] evm: security.SMACK64
[    4.691779] evm: security.SMACK64EXEC
[    4.692075] evm: security.SMACK64TRANSMUTE
[    4.692411] evm: security.SMACK64MMAP
[    4.692706] evm: security.apparmor
[    4.692981] evm: security.ima
[    4.693229] evm: security.capability
[    4.693556] evm: HMAC attrs: 0x1
[    4.700004] PM:   Magic number: 2:113:281
[    4.700431] tty tty18: hash matches
[    4.701166] RAS: Correctable Errors collector initialized.
[    4.703188] md: Waiting for all devices to be available before autodetect
[    4.703571] md: If you don't use raid, use raid=noautodetect
[    4.703890] md: Autodetecting RAID arrays.
[    4.704128] md: autorun ...
[    4.704296] md: ... autorun DONE.
[    4.710213] EXT4-fs (sda): mounted filesystem with ordered data mode. Quota mode: none.
[    4.710766] VFS: Mounted root (ext4 filesystem) readonly on device 8:0.
[    4.712934] devtmpfs: mounted
[    4.723325] Freeing unused decrypted memory: 2036K
[    4.725478] Freeing unused kernel image (initmem) memory: 3644K
[    4.737523] Write protecting the kernel read-only data: 43008k
[    4.740832] Freeing unused kernel image (text/rodata gap) memory: 2028K
[    4.741384] Freeing unused kernel image (rodata/data gap) memory: 124K
[    4.850928] x86/mm: Checked W+X mappings: passed, no W+X pages found.
[    4.851284] Run /sbin/init as init process
[    4.938274] systemd[1]: RTC configured in localtime, applying delta of 0 minutes to system time.
[    4.964046] systemd[1]: systemd 239 (239-49.el8) running in system mode. (+PAM +AUDIT +SELINUX +IMA -APPARMOR +SMACK +SYSVINIT +UTMP +LIBCRYPTSETUP +GCRYPT +GNUTLS +ACL +XZ +LZ4 +SECCOMP +BLKID +ELFUTILS +KMOD +IDN2 -IDN +PCRE2 default-hierarchy=legacy)
[    4.965504] systemd[1]: Detected virtualization kvm.
[    4.965793] systemd[1]: Detected architecture x86-64.

Welcome to [0;31mCentOS Stream 8[0m!

[    4.989345] systemd[1]: Set hostname to <test>.
[    6.921562] random: crng init done
[    7.015036] systemd[1]: Listening on Journal Socket.
[[0;32m  OK  [0m] Listening on Journal Socket.
[    7.045860] systemd[1]: Starting Remount Root and Kernel File Systems...
         Starting Remount Root and Kernel File Systems...
[    7.047946] systemd[1]: Created slice system-serial\x2dgetty.slice.
[[0;32m  OK  [0m] Created slice system-serial\x2dgetty.slice.
[    7.053248] systemd[1]: Starting Load Kernel Modules...
         Starting Load Kernel Modules...
[    7.060703] systemd[1]: Listening on multipathd control socket.
[[0;32m  OK  [0m] Listening on multipathd control socket.
[    7.062475] systemd[1]: Created slice User and Session Slice.
[[0;32m  OK  [0m] Created slice User and Session Slice.
         Mounting Kernel Debug File System...
[[0;32m  OK  [0m] Listening on udev Control Socket.
         Starting Setup Virtual Console...
[[0;32m  OK  [0m] Reached target Swap.
[[0;32m  OK  [0m] Listening on LVM2 poll daemon socket.
[[0;32m  OK  [0m] Listening on Device-mapper event daemon FIFOs.
[[0;32m  OK  [0m] Created slice system-sshd\x2dkeygen.slice.
[[0;32m  OK  [0m] Started Forward Password Requests to Wall Directory Watch.
[[0;32m  OK  [0m] Created slice system-getty.slice.
         Mounting POSIX Message Queue File System...
[[0;32m  OK  [0m] Listening on initctl Compatibility Named Pipe.
[[0;32m  OK  [0m] Listening on Journal Socket (/dev/log).
         Starting Journal Service...
         Starting Monitoring of LVM2 mirrorsâ€¦ng dmeventd or progress polling...
[[0;32m  OK  [0m] Listening on udev Kernel Socket.
         Starting udev Coldplug all Devices...
[    7.213645] EXT4-fs (sda): re-mounted. Quota mode: none.
[[0;32m  OK  [0m] Set up automount Arbitrary Executabâ€¦rmats File System Automount Point.
[[0;32m  OK  [0m] Listening on RPCbind Server Activation Socket.
[[0;32m  OK  [0m] Reached target RPC Port Mapper.
[[0;32m  OK  [0m] Reached target Slices.
         Mounting Huge Pages File System...
[[0;32m  OK  [0m] Listening on Process Core Dump Socket.
[[0;32m  OK  [0m] Started Remount Root and Kernel File Systems.
[[0;1;31mFAILED[0m] Failed to start Load Kernel Modules.
See 'systemctl status systemd-modules-load.service' for details.
[[0;32m  OK  [0m] Mounted Kernel Debug File System.
[[0;32m  OK  [0m] Mounted POSIX Message Queue File System.
[[0;32m  OK  [0m] Mounted Huge Pages File System.
         Starting Apply Kernel Variables...
         Mounting Kernel Configuration File System...
         Mounting FUSE Control File System...
         Starting Create Static Device Nodes in /dev...
         Starting Load/Save Random Seed...
[[0;32m  OK  [0m] Started Journal Service.
[[0;32m  OK  [0m] Started Setup Virtual Console.
[[0;32m  OK  [0m] Started Apply Kernel Variables.
[[0;32m  OK  [0m] Mounted Kernel Configuration File System.
[[0;32m  OK  [0m] Mounted FUSE Control File System.
[[0;32m  OK  [0m] Started Create Static Device Nodes in /dev.
[[0;32m  OK  [0m] Started Load/Save Random Seed.
         Starting udev Kernel Device Manager...
         Starting Flush Journal to Persistent Storage...
[[0;32m  OK  [0m] Started Flush Journal to Persistent Storage.
[[0;32m  OK  [0m] Started udev Kernel Device Manager.
[[0;32m  OK  [0m] Started udev Coldplug all Devices.
         Starting udev Wait for Complete Device Initialization...
         Starting Show Plymouth Boot Screen...
[[0;32m  OK  [0m] Started Show Plymouth Boot Screen.
[[0;32m  OK  [0m] Started Forward Password Requests to Plymouth Directory Watch.
[[0;32m  OK  [0m] Reached target Local Encrypted Volumes.
[[0;32m  OK  [0m] Reached target Paths.
[[0;32m  OK  [0m] Found device /dev/ttyS0.
[[0;32m  OK  [0m] Started Monitoring of LVM2 mirrors,â€¦sing dmeventd or progress polling.
[[0;32m  OK  [0m] Started udev Wait for Complete Device Initialization.
[[0;32m  OK  [0m] Listening on Load/Save RF Kill Switch Status /dev/rfkill Watch.
[[0;32m  OK  [0m] Reached target Local File Systems (Pre).
[[0;32m  OK  [0m] Reached target Local File Systems.
         Starting Restore /run/initramfs on shutdown...
         Starting Tell Plymouth To Write Out Runtime Data...
         Starting Create Volatile Files and Directories...
[[0;32m  OK  [0m] Started Restore /run/initramfs on shutdown.
[[0;32m  OK  [0m] Started Tell Plymouth To Write Out Runtime Data.
[[0;32m  OK  [0m] Started Create Volatile Files and Directories.
         Starting RPC Bind...
         Starting Security Auditing Service...
         Mounting RPC Pipe File System...
[[0;32m  OK  [0m] Mounted RPC Pipe File System.
[[0;32m  OK  [0m] Reached target rpc_pipefs.target.
[[0;32m  OK  [0m] Started RPC Bind.
[[0;32m  OK  [0m] Started Security Auditing Service.
         Starting Update UTMP about System Boot/Shutdown...
[[0;32m  OK  [0m] Started Update UTMP about System Boot/Shutdown.
[[0;32m  OK  [0m] Reached target System Initialization.
[[0;32m  OK  [0m] Started daily update of the root trust anchor for DNSSEC.
[[0;32m  OK  [0m] Started dnf makecache --timer.
[[0;32m  OK  [0m] Started Daily Cleanup of Temporary Directories.
[[0;32m  OK  [0m] Reached target Timers.
[[0;32m  OK  [0m] Listening on D-Bus System Message Bus Socket.
[[0;32m  OK  [0m] Listening on SSSD Kerberos Cache Manager responder socket.
[[0;32m  OK  [0m] Reached target Sockets.
[[0;32m  OK  [0m] Reached target Basic System.
         Starting Self Monitoring and Reporting Technology (SMART) Daemon...
[[0;32m  OK  [0m] Reached target sshd-keygen.target.
[[0;32m  OK  [0m] Started Machine Check Exception Logging Daemon.
         Starting Login Service...
         Starting NTP client/server...
         Starting Auto-connect to subsystemsâ€¦-NVME devices found during boot...
[[0;32m  OK  [0m] Started D-Bus System Message Bus.
[[0;32m  OK  [0m] Started irqbalance daemon.
         Starting Network Manager...
         Starting Authorization Manager...
[[0;32m  OK  [0m] Started Self Monitoring and Reporting Technology (SMART) Daemon.
[[0;32m  OK  [0m] Started Auto-connect to subsystems â€¦FC-NVME devices found during boot.
         Starting update of the root trust aâ€¦or DNSSEC validation in unbound...
[[0;32m  OK  [0m] Started Login Service.
[[0;32m  OK  [0m] Started Network Manager.
         Starting Network Manager Wait Online...
[[0;32m  OK  [0m] Reached target Network.
         Starting OpenSSH server daemon...
         Starting Dynamic System Tuning Daemon...
         Starting GSSAPI Proxy Daemon...
[[0;32m  OK  [0m] Started update of the root trust anâ€¦ for DNSSEC validation in unbound.
[[0;32m  OK  [0m] Started NTP client/server.
[[0;32m  OK  [0m] Started OpenSSH server daemon.
         Starting Hostname Service...
[[0;32m  OK  [0m] Started Authorization Manager.
[[0;32m  OK  [0m] Started GSSAPI Proxy Daemon.
[[0;32m  OK  [0m] Reached target NFS client services.
[[0;32m  OK  [0m] Reached target Remote File Systems (Pre).
[[0;32m  OK  [0m] Reached target Remote File Systems.
         Starting Permit User Sessions...
[[0;32m  OK  [0m] Started Permit User Sessions.
[[0;32m  OK  [0m] Started Command Scheduler.
         Starting Hold until boot process finishes up...
         Starting Terminate Plymouth Boot Screen...
[    9.437870] e1000: eth0 NIC Link is Up 1000 Mbps Full Duplex, Flow Control: RX
[    9.438755] IPv6: ADDRCONF(NETDEV_CHANGE): eth0: link becomes ready
[    9.609672] Spectre V2 : WARNING: Unprivileged eBPF is enabled with eIBRS on, data leaks possible via Spectre v2 BHB attacks!
[    9.610352] Spectre V2 : WARNING: Unprivileged eBPF is enabled with eIBRS on, data leaks possible via Spectre v2 BHB attacks!

CentOS Stream 8
Kernel 5.19.0-fa9db655d0e1+ on an x86_64

test login: [   28.508262] warning: checkpointing journal with EXT4_IOC_CHECKPOINT_FLAG_ZEROOUT can be slow
[   28.776943] warning: checkpointing journal with EXT4_IOC_CHECKPOINT_FLAG_ZEROOUT can be slow
[   29.001122] warning: checkpointing journal with EXT4_IOC_CHECKPOINT_FLAG_ZEROOUT can be slow
[   29.225254] warning: checkpointing journal with EXT4_IOC_CHECKPOINT_FLAG_ZEROOUT can be slow
[   29.448102] warning: checkpointing journal with EXT4_IOC_CHECKPOINT_FLAG_ZEROOUT can be slow
[   29.671368] warning: checkpointing journal with EXT4_IOC_CHECKPOINT_FLAG_ZEROOUT can be slow
[   29.897636] warning: checkpointing journal with EXT4_IOC_CHECKPOINT_FLAG_ZEROOUT can be slow
[   30.121326] warning: checkpointing journal with EXT4_IOC_CHECKPOINT_FLAG_ZEROOUT can be slow
[   30.344721] warning: checkpointing journal with EXT4_IOC_CHECKPOINT_FLAG_ZEROOUT can be slow
[   30.568204] warning: checkpointing journal with EXT4_IOC_CHECKPOINT_FLAG_ZEROOUT can be slow
[   33.661871] ext4_ioctl_checkpoint: 13 callbacks suppressed
[   33.661883] warning: checkpointing journal with EXT4_IOC_CHECKPOINT_FLAG_ZEROOUT can be slow
[   33.881769] warning: checkpointing journal with EXT4_IOC_CHECKPOINT_FLAG_ZEROOUT can be slow
[   34.101814] warning: checkpointing journal with EXT4_IOC_CHECKPOINT_FLAG_ZEROOUT can be slow
[   34.322167] warning: checkpointing journal with EXT4_IOC_CHECKPOINT_FLAG_ZEROOUT can be slow
[   34.541442] warning: checkpointing journal with EXT4_IOC_CHECKPOINT_FLAG_ZEROOUT can be slow
[   34.760510] warning: checkpointing journal with EXT4_IOC_CHECKPOINT_FLAG_ZEROOUT can be slow
[   34.979761] warning: checkpointing journal with EXT4_IOC_CHECKPOINT_FLAG_ZEROOUT can be slow
[   35.199067] warning: checkpointing journal with EXT4_IOC_CHECKPOINT_FLAG_ZEROOUT can be slow
[   35.418419] warning: checkpointing journal with EXT4_IOC_CHECKPOINT_FLAG_ZEROOUT can be slow
[   35.637947] warning: checkpointing journal with EXT4_IOC_CHECKPOINT_FLAG_ZEROOUT can be slow
[   38.705439] ext4_ioctl_checkpoint: 13 callbacks suppressed
[   38.705452] warning: checkpointing journal with EXT4_IOC_CHECKPOINT_FLAG_ZEROOUT can be slow
[   38.924927] warning: checkpointing journal with EXT4_IOC_CHECKPOINT_FLAG_ZEROOUT can be slow
[   39.144881] warning: checkpointing journal with EXT4_IOC_CHECKPOINT_FLAG_ZEROOUT can be slow
[   39.364445] warning: checkpointing journal with EXT4_IOC_CHECKPOINT_FLAG_ZEROOUT can be slow
[   39.584213] warning: checkpointing journal with EXT4_IOC_CHECKPOINT_FLAG_ZEROOUT can be slow
[   39.804573] warning: checkpointing journal with EXT4_IOC_CHECKPOINT_FLAG_ZEROOUT can be slow
[   40.025401] warning: checkpointing journal with EXT4_IOC_CHECKPOINT_FLAG_ZEROOUT can be slow
[   40.245034] warning: checkpointing journal with EXT4_IOC_CHECKPOINT_FLAG_ZEROOUT can be slow
[   40.464615] warning: checkpointing journal with EXT4_IOC_CHECKPOINT_FLAG_ZEROOUT can be slow
[   40.685046] warning: checkpointing journal with EXT4_IOC_CHECKPOINT_FLAG_ZEROOUT can be slow
[   43.754037] ext4_ioctl_checkpoint: 13 callbacks suppressed
[   43.754049] warning: checkpointing journal with EXT4_IOC_CHECKPOINT_FLAG_ZEROOUT can be slow
[   43.974316] warning: checkpointing journal with EXT4_IOC_CHECKPOINT_FLAG_ZEROOUT can be slow
[   44.194269] warning: checkpointing journal with EXT4_IOC_CHECKPOINT_FLAG_ZEROOUT can be slow
[   44.413502] warning: checkpointing journal with EXT4_IOC_CHECKPOINT_FLAG_ZEROOUT can be slow
[   44.632987] warning: checkpointing journal with EXT4_IOC_CHECKPOINT_FLAG_ZEROOUT can be slow
[   44.852166] warning: checkpointing journal with EXT4_IOC_CHECKPOINT_FLAG_ZEROOUT can be slow
[   45.071605] warning: checkpointing journal with EXT4_IOC_CHECKPOINT_FLAG_ZEROOUT can be slow
[   45.291473] warning: checkpointing journal with EXT4_IOC_CHECKPOINT_FLAG_ZEROOUT can be slow
[   45.511529] warning: checkpointing journal with EXT4_IOC_CHECKPOINT_FLAG_ZEROOUT can be slow
[   45.731010] warning: checkpointing journal with EXT4_IOC_CHECKPOINT_FLAG_ZEROOUT can be slow
[   48.801771] ext4_ioctl_checkpoint: 13 callbacks suppressed
[   48.801784] warning: checkpointing journal with EXT4_IOC_CHECKPOINT_FLAG_ZEROOUT can be slow
[   49.021362] warning: checkpointing journal with EXT4_IOC_CHECKPOINT_FLAG_ZEROOUT can be slow
[   49.241141] warning: checkpointing journal with EXT4_IOC_CHECKPOINT_FLAG_ZEROOUT can be slow
[   49.460875] warning: checkpointing journal with EXT4_IOC_CHECKPOINT_FLAG_ZEROOUT can be slow
[   49.680718] warning: checkpointing journal with EXT4_IOC_CHECKPOINT_FLAG_ZEROOUT can be slow
[   49.901234] warning: checkpointing journal with EXT4_IOC_CHECKPOINT_FLAG_ZEROOUT can be slow
[   50.121287] warning: checkpointing journal with EXT4_IOC_CHECKPOINT_FLAG_ZEROOUT can be slow
[   50.340827] warning: checkpointing journal with EXT4_IOC_CHECKPOINT_FLAG_ZEROOUT can be slow
[   50.561534] warning: checkpointing journal with EXT4_IOC_CHECKPOINT_FLAG_ZEROOUT can be slow
[   50.780921] warning: checkpointing journal with EXT4_IOC_CHECKPOINT_FLAG_ZEROOUT can be slow
[   53.855132] ext4_ioctl_checkpoint: 13 callbacks suppressed
[   53.855144] warning: checkpointing journal with EXT4_IOC_CHECKPOINT_FLAG_ZEROOUT can be slow
[   54.075272] warning: checkpointing journal with EXT4_IOC_CHECKPOINT_FLAG_ZEROOUT can be slow
[   54.295515] warning: checkpointing journal with EXT4_IOC_CHECKPOINT_FLAG_ZEROOUT can be slow
[   54.515786] warning: checkpointing journal with EXT4_IOC_CHECKPOINT_FLAG_ZEROOUT can be slow
[   54.736107] warning: checkpointing journal with EXT4_IOC_CHECKPOINT_FLAG_ZEROOUT can be slow
[   54.956150] warning: checkpointing journal with EXT4_IOC_CHECKPOINT_FLAG_ZEROOUT can be slow
[   55.177838] warning: checkpointing journal with EXT4_IOC_CHECKPOINT_FLAG_ZEROOUT can be slow
[   55.398925] warning: checkpointing journal with EXT4_IOC_CHECKPOINT_FLAG_ZEROOUT can be slow
[   55.619804] warning: checkpointing journal with EXT4_IOC_CHECKPOINT_FLAG_ZEROOUT can be slow
[   55.840390] warning: checkpointing journal with EXT4_IOC_CHECKPOINT_FLAG_ZEROOUT can be slow
[   58.912192] ext4_ioctl_checkpoint: 13 callbacks suppressed
[   58.912205] warning: checkpointing journal with EXT4_IOC_CHECKPOINT_FLAG_ZEROOUT can be slow
[   59.129878] warning: checkpointing journal with EXT4_IOC_CHECKPOINT_FLAG_ZEROOUT can be slow
[   59.350341] warning: checkpointing journal with EXT4_IOC_CHECKPOINT_FLAG_ZEROOUT can be slow
[   59.570441] warning: checkpointing journal with EXT4_IOC_CHECKPOINT_FLAG_ZEROOUT can be slow
[   59.790754] warning: checkpointing journal with EXT4_IOC_CHECKPOINT_FLAG_ZEROOUT can be slow
[   60.011811] warning: checkpointing journal with EXT4_IOC_CHECKPOINT_FLAG_ZEROOUT can be slow
[   60.231755] warning: checkpointing journal with EXT4_IOC_CHECKPOINT_FLAG_ZEROOUT can be slow
[   60.451775] warning: checkpointing journal with EXT4_IOC_CHECKPOINT_FLAG_ZEROOUT can be slow
[   60.672062] warning: checkpointing journal with EXT4_IOC_CHECKPOINT_FLAG_ZEROOUT can be slow
[   60.892532] warning: checkpointing journal with EXT4_IOC_CHECKPOINT_FLAG_ZEROOUT can be slow
[   63.962346] ext4_ioctl_checkpoint: 13 callbacks suppressed
[   63.962359] warning: checkpointing journal with EXT4_IOC_CHECKPOINT_FLAG_ZEROOUT can be slow
[   64.187622] warning: checkpointing journal with EXT4_IOC_CHECKPOINT_FLAG_ZEROOUT can be slow
[   64.406676] warning: checkpointing journal with EXT4_IOC_CHECKPOINT_FLAG_ZEROOUT can be slow
[   64.626296] warning: checkpointing journal with EXT4_IOC_CHECKPOINT_FLAG_ZEROOUT can be slow
[   64.846131] warning: checkpointing journal with EXT4_IOC_CHECKPOINT_FLAG_ZEROOUT can be slow
[   65.066571] warning: checkpointing journal with EXT4_IOC_CHECKPOINT_FLAG_ZEROOUT can be slow
[   65.285659] warning: checkpointing journal with EXT4_IOC_CHECKPOINT_FLAG_ZEROOUT can be slow
[   65.505527] warning: checkpointing journal with EXT4_IOC_CHECKPOINT_FLAG_ZEROOUT can be slow
[   65.724667] warning: checkpointing journal with EXT4_IOC_CHECKPOINT_FLAG_ZEROOUT can be slow
[   65.944242] warning: checkpointing journal with EXT4_IOC_CHECKPOINT_FLAG_ZEROOUT can be slow
[   69.012030] ext4_ioctl_checkpoint: 13 callbacks suppressed
[   69.012043] warning: checkpointing journal with EXT4_IOC_CHECKPOINT_FLAG_ZEROOUT can be slow
[   69.232055] warning: checkpointing journal with EXT4_IOC_CHECKPOINT_FLAG_ZEROOUT can be slow
[   69.451688] warning: checkpointing journal with EXT4_IOC_CHECKPOINT_FLAG_ZEROOUT can be slow
[   69.671678] warning: checkpointing journal with EXT4_IOC_CHECKPOINT_FLAG_ZEROOUT can be slow
[   69.892478] warning: checkpointing journal with EXT4_IOC_CHECKPOINT_FLAG_ZEROOUT can be slow
[   70.111703] warning: checkpointing journal with EXT4_IOC_CHECKPOINT_FLAG_ZEROOUT can be slow
[   70.330987] warning: checkpointing journal with EXT4_IOC_CHECKPOINT_FLAG_ZEROOUT can be slow
[   70.550492] warning: checkpointing journal with EXT4_IOC_CHECKPOINT_FLAG_ZEROOUT can be slow
[   70.770731] warning: checkpointing journal with EXT4_IOC_CHECKPOINT_FLAG_ZEROOUT can be slow
[   70.990350] warning: checkpointing journal with EXT4_IOC_CHECKPOINT_FLAG_ZEROOUT can be slow
[   74.057986] ext4_ioctl_checkpoint: 13 callbacks suppressed
[   74.057999] warning: checkpointing journal with EXT4_IOC_CHECKPOINT_FLAG_ZEROOUT can be slow
[   74.277759] warning: checkpointing journal with EXT4_IOC_CHECKPOINT_FLAG_ZEROOUT can be slow
[   74.497246] warning: checkpointing journal with EXT4_IOC_CHECKPOINT_FLAG_ZEROOUT can be slow
[   74.717125] warning: checkpointing journal with EXT4_IOC_CHECKPOINT_FLAG_ZEROOUT can be slow
[   74.937613] warning: checkpointing journal with EXT4_IOC_CHECKPOINT_FLAG_ZEROOUT can be slow
[   75.157143] warning: checkpointing journal with EXT4_IOC_CHECKPOINT_FLAG_ZEROOUT can be slow
[   75.376303] warning: checkpointing journal with EXT4_IOC_CHECKPOINT_FLAG_ZEROOUT can be slow
[   75.595338] warning: checkpointing journal with EXT4_IOC_CHECKPOINT_FLAG_ZEROOUT can be slow
[   75.815581] warning: checkpointing journal with EXT4_IOC_CHECKPOINT_FLAG_ZEROOUT can be slow
[   76.035257] warning: checkpointing journal with EXT4_IOC_CHECKPOINT_FLAG_ZEROOUT can be slow
[   79.105063] ext4_ioctl_checkpoint: 13 callbacks suppressed
[   79.105080] warning: checkpointing journal with EXT4_IOC_CHECKPOINT_FLAG_ZEROOUT can be slow
[   79.325982] warning: checkpointing journal with EXT4_IOC_CHECKPOINT_FLAG_ZEROOUT can be slow
[   79.547228] warning: checkpointing journal with EXT4_IOC_CHECKPOINT_FLAG_ZEROOUT can be slow
[   79.767594] warning: checkpointing journal with EXT4_IOC_CHECKPOINT_FLAG_ZEROOUT can be slow
[   79.988143] warning: checkpointing journal with EXT4_IOC_CHECKPOINT_FLAG_ZEROOUT can be slow
[   80.209049] warning: checkpointing journal with EXT4_IOC_CHECKPOINT_FLAG_ZEROOUT can be slow
[   80.429490] warning: checkpointing journal with EXT4_IOC_CHECKPOINT_FLAG_ZEROOUT can be slow
[   80.649660] warning: checkpointing journal with EXT4_IOC_CHECKPOINT_FLAG_ZEROOUT can be slow
[   80.869351] warning: checkpointing journal with EXT4_IOC_CHECKPOINT_FLAG_ZEROOUT can be slow
[   81.089322] warning: checkpointing journal with EXT4_IOC_CHECKPOINT_FLAG_ZEROOUT can be slow
[   84.162964] ext4_ioctl_checkpoint: 13 callbacks suppressed
[   84.162976] warning: checkpointing journal with EXT4_IOC_CHECKPOINT_FLAG_ZEROOUT can be slow
[   84.382226] warning: checkpointing journal with EXT4_IOC_CHECKPOINT_FLAG_ZEROOUT can be slow
[   84.602419] warning: checkpointing journal with EXT4_IOC_CHECKPOINT_FLAG_ZEROOUT can be slow
[   84.822159] warning: checkpointing journal with EXT4_IOC_CHECKPOINT_FLAG_ZEROOUT can be slow
[   85.041413] warning: checkpointing journal with EXT4_IOC_CHECKPOINT_FLAG_ZEROOUT can be slow
[   85.260473] warning: checkpointing journal with EXT4_IOC_CHECKPOINT_FLAG_ZEROOUT can be slow
[   85.479645] warning: checkpointing journal with EXT4_IOC_CHECKPOINT_FLAG_ZEROOUT can be slow
[   85.699865] warning: checkpointing journal with EXT4_IOC_CHECKPOINT_FLAG_ZEROOUT can be slow
[   85.919240] warning: checkpointing journal with EXT4_IOC_CHECKPOINT_FLAG_ZEROOUT can be slow
[   86.138588] warning: checkpointing journal with EXT4_IOC_CHECKPOINT_FLAG_ZEROOUT can be slow
[   89.214382] ext4_ioctl_checkpoint: 13 callbacks suppressed
[   89.214393] warning: checkpointing journal with EXT4_IOC_CHECKPOINT_FLAG_ZEROOUT can be slow
[   89.434890] warning: checkpointing journal with EXT4_IOC_CHECKPOINT_FLAG_ZEROOUT can be slow
[   89.654431] warning: checkpointing journal with EXT4_IOC_CHECKPOINT_FLAG_ZEROOUT can be slow
[   89.851109] warning: checkpointing journal with EXT4_IOC_CHECKPOINT_FLAG_ZEROOUT can be slow
[   90.069633] warning: checkpointing journal with EXT4_IOC_CHECKPOINT_FLAG_ZEROOUT can be slow
[   90.288700] warning: checkpointing journal with EXT4_IOC_CHECKPOINT_FLAG_ZEROOUT can be slow
[   90.508134] warning: checkpointing journal with EXT4_IOC_CHECKPOINT_FLAG_ZEROOUT can be slow
[   90.727937] warning: checkpointing journal with EXT4_IOC_CHECKPOINT_FLAG_ZEROOUT can be slow
[   90.947673] warning: checkpointing journal with EXT4_IOC_CHECKPOINT_FLAG_ZEROOUT can be slow
[   91.167701] warning: checkpointing journal with EXT4_IOC_CHECKPOINT_FLAG_ZEROOUT can be slow
[   94.236287] ext4_ioctl_checkpoint: 13 callbacks suppressed
[   94.236299] warning: checkpointing journal with EXT4_IOC_CHECKPOINT_FLAG_ZEROOUT can be slow
[   94.456336] warning: checkpointing journal with EXT4_IOC_CHECKPOINT_FLAG_ZEROOUT can be slow
[   94.675893] warning: checkpointing journal with EXT4_IOC_CHECKPOINT_FLAG_ZEROOUT can be slow
[   94.895255] warning: checkpointing journal with EXT4_IOC_CHECKPOINT_FLAG_ZEROOUT can be slow
[   95.114191] warning: checkpointing journal with EXT4_IOC_CHECKPOINT_FLAG_ZEROOUT can be slow
[   95.333738] warning: checkpointing journal with EXT4_IOC_CHECKPOINT_FLAG_ZEROOUT can be slow
[   95.553248] warning: checkpointing journal with EXT4_IOC_CHECKPOINT_FLAG_ZEROOUT can be slow
[   95.773290] warning: checkpointing journal with EXT4_IOC_CHECKPOINT_FLAG_ZEROOUT can be slow
[   95.993003] warning: checkpointing journal with EXT4_IOC_CHECKPOINT_FLAG_ZEROOUT can be slow
[   96.213109] warning: checkpointing journal with EXT4_IOC_CHECKPOINT_FLAG_ZEROOUT can be slow
[   99.281459] ext4_ioctl_checkpoint: 13 callbacks suppressed
[   99.281471] warning: checkpointing journal with EXT4_IOC_CHECKPOINT_FLAG_ZEROOUT can be slow
[   99.500783] warning: checkpointing journal with EXT4_IOC_CHECKPOINT_FLAG_ZEROOUT can be slow
[   99.720661] warning: checkpointing journal with EXT4_IOC_CHECKPOINT_FLAG_ZEROOUT can be slow
[   99.940123] warning: checkpointing journal with EXT4_IOC_CHECKPOINT_FLAG_ZEROOUT can be slow
[  100.160550] warning: checkpointing journal with EXT4_IOC_CHECKPOINT_FLAG_ZEROOUT can be slow
[  100.380307] warning: checkpointing journal with EXT4_IOC_CHECKPOINT_FLAG_ZEROOUT can be slow
[  100.600710] warning: checkpointing journal with EXT4_IOC_CHECKPOINT_FLAG_ZEROOUT can be slow
[  100.821319] warning: checkpointing journal with EXT4_IOC_CHECKPOINT_FLAG_ZEROOUT can be slow
[  101.042666] warning: checkpointing journal with EXT4_IOC_CHECKPOINT_FLAG_ZEROOUT can be slow
[  101.262509] warning: checkpointing journal with EXT4_IOC_CHECKPOINT_FLAG_ZEROOUT can be slow
[  104.333700] ext4_ioctl_checkpoint: 13 callbacks suppressed
[  104.333718] warning: checkpointing journal with EXT4_IOC_CHECKPOINT_FLAG_ZEROOUT can be slow
[  104.553569] warning: checkpointing journal with EXT4_IOC_CHECKPOINT_FLAG_ZEROOUT can be slow
[  104.773194] warning: checkpointing journal with EXT4_IOC_CHECKPOINT_FLAG_ZEROOUT can be slow
[  104.993062] warning: checkpointing journal with EXT4_IOC_CHECKPOINT_FLAG_ZEROOUT can be slow
[  105.213170] warning: checkpointing journal with EXT4_IOC_CHECKPOINT_FLAG_ZEROOUT can be slow
[  105.432924] warning: checkpointing journal with EXT4_IOC_CHECKPOINT_FLAG_ZEROOUT can be slow
[  105.653244] warning: checkpointing journal with EXT4_IOC_CHECKPOINT_FLAG_ZEROOUT can be slow
[  105.873005] warning: checkpointing journal with EXT4_IOC_CHECKPOINT_FLAG_ZEROOUT can be slow
[  106.092929] warning: checkpointing journal with EXT4_IOC_CHECKPOINT_FLAG_ZEROOUT can be slow
[  106.312306] warning: checkpointing journal with EXT4_IOC_CHECKPOINT_FLAG_ZEROOUT can be slow
[  109.381785] ext4_ioctl_checkpoint: 13 callbacks suppressed
[  109.381798] warning: checkpointing journal with EXT4_IOC_CHECKPOINT_FLAG_ZEROOUT can be slow
[  109.601741] warning: checkpointing journal with EXT4_IOC_CHECKPOINT_FLAG_ZEROOUT can be slow
[  109.821874] warning: checkpointing journal with EXT4_IOC_CHECKPOINT_FLAG_ZEROOUT can be slow
[  110.042251] warning: checkpointing journal with EXT4_IOC_CHECKPOINT_FLAG_ZEROOUT can be slow
[  110.261742] warning: checkpointing journal with EXT4_IOC_CHECKPOINT_FLAG_ZEROOUT can be slow
[  110.482795] warning: checkpointing journal with EXT4_IOC_CHECKPOINT_FLAG_ZEROOUT can be slow
[  110.702828] warning: checkpointing journal with EXT4_IOC_CHECKPOINT_FLAG_ZEROOUT can be slow
[  110.922593] warning: checkpointing journal with EXT4_IOC_CHECKPOINT_FLAG_ZEROOUT can be slow
[  111.142761] warning: checkpointing journal with EXT4_IOC_CHECKPOINT_FLAG_ZEROOUT can be slow
[  111.362887] warning: checkpointing journal with EXT4_IOC_CHECKPOINT_FLAG_ZEROOUT can be slow
[  114.437966] ext4_ioctl_checkpoint: 13 callbacks suppressed
[  114.437984] warning: checkpointing journal with EXT4_IOC_CHECKPOINT_FLAG_ZEROOUT can be slow
[  114.658424] warning: checkpointing journal with EXT4_IOC_CHECKPOINT_FLAG_ZEROOUT can be slow
[  114.878387] warning: checkpointing journal with EXT4_IOC_CHECKPOINT_FLAG_ZEROOUT can be slow
[  115.098264] warning: checkpointing journal with EXT4_IOC_CHECKPOINT_FLAG_ZEROOUT can be slow
[  115.317941] warning: checkpointing journal with EXT4_IOC_CHECKPOINT_FLAG_ZEROOUT can be slow
[  115.538904] warning: checkpointing journal with EXT4_IOC_CHECKPOINT_FLAG_ZEROOUT can be slow
[  115.758733] warning: checkpointing journal with EXT4_IOC_CHECKPOINT_FLAG_ZEROOUT can be slow
[  115.978135] warning: checkpointing journal with EXT4_IOC_CHECKPOINT_FLAG_ZEROOUT can be slow
[  116.197300] warning: checkpointing journal with EXT4_IOC_CHECKPOINT_FLAG_ZEROOUT can be slow
[  116.416757] warning: checkpointing journal with EXT4_IOC_CHECKPOINT_FLAG_ZEROOUT can be slow
[  119.484499] ext4_ioctl_checkpoint: 13 callbacks suppressed
[  119.484512] warning: checkpointing journal with EXT4_IOC_CHECKPOINT_FLAG_ZEROOUT can be slow
[  119.704761] warning: checkpointing journal with EXT4_IOC_CHECKPOINT_FLAG_ZEROOUT can be slow
[  119.924538] warning: checkpointing journal with EXT4_IOC_CHECKPOINT_FLAG_ZEROOUT can be slow
[  120.145376] warning: checkpointing journal with EXT4_IOC_CHECKPOINT_FLAG_ZEROOUT can be slow
[  120.364625] warning: checkpointing journal with EXT4_IOC_CHECKPOINT_FLAG_ZEROOUT can be slow
[  120.571950] warning: checkpointing journal with EXT4_IOC_CHECKPOINT_FLAG_ZEROOUT can be slow
[  120.791776] warning: checkpointing journal with EXT4_IOC_CHECKPOINT_FLAG_ZEROOUT can be slow
[  121.012020] warning: checkpointing journal with EXT4_IOC_CHECKPOINT_FLAG_ZEROOUT can be slow
[  121.231917] warning: checkpointing journal with EXT4_IOC_CHECKPOINT_FLAG_ZEROOUT can be slow
[  121.451346] warning: checkpointing journal with EXT4_IOC_CHECKPOINT_FLAG_ZEROOUT can be slow
[  124.519726] ext4_ioctl_checkpoint: 13 callbacks suppressed
[  124.519739] warning: checkpointing journal with EXT4_IOC_CHECKPOINT_FLAG_ZEROOUT can be slow
[  124.739446] warning: checkpointing journal with EXT4_IOC_CHECKPOINT_FLAG_ZEROOUT can be slow
[  124.959359] warning: checkpointing journal with EXT4_IOC_CHECKPOINT_FLAG_ZEROOUT can be slow
[  125.179592] warning: checkpointing journal with EXT4_IOC_CHECKPOINT_FLAG_ZEROOUT can be slow
[  125.400342] warning: checkpointing journal with EXT4_IOC_CHECKPOINT_FLAG_ZEROOUT can be slow
[  125.620361] warning: checkpointing journal with EXT4_IOC_CHECKPOINT_FLAG_ZEROOUT can be slow
[  125.839939] warning: checkpointing journal with EXT4_IOC_CHECKPOINT_FLAG_ZEROOUT can be slow
[  126.059698] warning: checkpointing journal with EXT4_IOC_CHECKPOINT_FLAG_ZEROOUT can be slow
[  126.279680] warning: checkpointing journal with EXT4_IOC_CHECKPOINT_FLAG_ZEROOUT can be slow
[  126.499987] warning: checkpointing journal with EXT4_IOC_CHECKPOINT_FLAG_ZEROOUT can be slow
[  129.570255] ext4_ioctl_checkpoint: 13 callbacks suppressed
[  129.570268] warning: checkpointing journal with EXT4_IOC_CHECKPOINT_FLAG_ZEROOUT can be slow
[  129.790658] warning: checkpointing journal with EXT4_IOC_CHECKPOINT_FLAG_ZEROOUT can be slow
[  130.010551] warning: checkpointing journal with EXT4_IOC_CHECKPOINT_FLAG_ZEROOUT can be slow
[  130.231753] warning: checkpointing journal with EXT4_IOC_CHECKPOINT_FLAG_ZEROOUT can be slow
[  130.451667] warning: checkpointing journal with EXT4_IOC_CHECKPOINT_FLAG_ZEROOUT can be slow
[  130.670681] warning: checkpointing journal with EXT4_IOC_CHECKPOINT_FLAG_ZEROOUT can be slow
[  130.890876] warning: checkpointing journal with EXT4_IOC_CHECKPOINT_FLAG_ZEROOUT can be slow
[  131.111400] warning: checkpointing journal with EXT4_IOC_CHECKPOINT_FLAG_ZEROOUT can be slow
[  131.331675] warning: checkpointing journal with EXT4_IOC_CHECKPOINT_FLAG_ZEROOUT can be slow
[  131.551205] warning: checkpointing journal with EXT4_IOC_CHECKPOINT_FLAG_ZEROOUT can be slow
[  134.624149] ext4_ioctl_checkpoint: 13 callbacks suppressed
[  134.624162] warning: checkpointing journal with EXT4_IOC_CHECKPOINT_FLAG_ZEROOUT can be slow
[  134.843937] warning: checkpointing journal with EXT4_IOC_CHECKPOINT_FLAG_ZEROOUT can be slow
[  135.063677] warning: checkpointing journal with EXT4_IOC_CHECKPOINT_FLAG_ZEROOUT can be slow
[  135.283605] warning: checkpointing journal with EXT4_IOC_CHECKPOINT_FLAG_ZEROOUT can be slow
[  135.503921] warning: checkpointing journal with EXT4_IOC_CHECKPOINT_FLAG_ZEROOUT can be slow
[  135.724172] warning: checkpointing journal with EXT4_IOC_CHECKPOINT_FLAG_ZEROOUT can be slow
[  135.944467] warning: checkpointing journal with EXT4_IOC_CHECKPOINT_FLAG_ZEROOUT can be slow
[  136.165250] warning: checkpointing journal with EXT4_IOC_CHECKPOINT_FLAG_ZEROOUT can be slow
[  136.385708] warning: checkpointing journal with EXT4_IOC_CHECKPOINT_FLAG_ZEROOUT can be slow
[  136.605749] warning: checkpointing journal with EXT4_IOC_CHECKPOINT_FLAG_ZEROOUT can be slow
[  139.683213] ext4_ioctl_checkpoint: 13 callbacks suppressed
[  139.683225] warning: checkpointing journal with EXT4_IOC_CHECKPOINT_FLAG_ZEROOUT can be slow
[  139.903717] warning: checkpointing journal with EXT4_IOC_CHECKPOINT_FLAG_ZEROOUT can be slow
[  140.123989] warning: checkpointing journal with EXT4_IOC_CHECKPOINT_FLAG_ZEROOUT can be slow
[  140.343991] warning: checkpointing journal with EXT4_IOC_CHECKPOINT_FLAG_ZEROOUT can be slow
[  140.563949] warning: checkpointing journal with EXT4_IOC_CHECKPOINT_FLAG_ZEROOUT can be slow
[  140.784251] warning: checkpointing journal with EXT4_IOC_CHECKPOINT_FLAG_ZEROOUT can be slow
[  141.003896] warning: checkpointing journal with EXT4_IOC_CHECKPOINT_FLAG_ZEROOUT can be slow
[  141.223392] warning: checkpointing journal with EXT4_IOC_CHECKPOINT_FLAG_ZEROOUT can be slow
[  141.443067] warning: checkpointing journal with EXT4_IOC_CHECKPOINT_FLAG_ZEROOUT can be slow
[  141.662997] warning: checkpointing journal with EXT4_IOC_CHECKPOINT_FLAG_ZEROOUT can be slow
[  144.734206] ext4_ioctl_checkpoint: 13 callbacks suppressed
[  144.734219] warning: checkpointing journal with EXT4_IOC_CHECKPOINT_FLAG_ZEROOUT can be slow
[  144.954494] warning: checkpointing journal with EXT4_IOC_CHECKPOINT_FLAG_ZEROOUT can be slow
[  145.174404] warning: checkpointing journal with EXT4_IOC_CHECKPOINT_FLAG_ZEROOUT can be slow
[  145.394739] warning: checkpointing journal with EXT4_IOC_CHECKPOINT_FLAG_ZEROOUT can be slow
[  145.614803] warning: checkpointing journal with EXT4_IOC_CHECKPOINT_FLAG_ZEROOUT can be slow
[  145.834283] warning: checkpointing journal with EXT4_IOC_CHECKPOINT_FLAG_ZEROOUT can be slow
[  146.053989] warning: checkpointing journal with EXT4_IOC_CHECKPOINT_FLAG_ZEROOUT can be slow
[  146.273975] warning: checkpointing journal with EXT4_IOC_CHECKPOINT_FLAG_ZEROOUT can be slow
[  146.493378] warning: checkpointing journal with EXT4_IOC_CHECKPOINT_FLAG_ZEROOUT can be slow
[  146.713781] warning: checkpointing journal with EXT4_IOC_CHECKPOINT_FLAG_ZEROOUT can be slow
[  149.785005] ext4_ioctl_checkpoint: 13 callbacks suppressed
[  149.785018] warning: checkpointing journal with EXT4_IOC_CHECKPOINT_FLAG_ZEROOUT can be slow
[  150.008190] warning: checkpointing journal with EXT4_IOC_CHECKPOINT_FLAG_ZEROOUT can be slow
[  150.230840] warning: checkpointing journal with EXT4_IOC_CHECKPOINT_FLAG_ZEROOUT can be slow
[  150.451737] warning: checkpointing journal with EXT4_IOC_CHECKPOINT_FLAG_ZEROOUT can be slow
[  150.672542] warning: checkpointing journal with EXT4_IOC_CHECKPOINT_FLAG_ZEROOUT can be slow
[  150.892832] warning: checkpointing journal with EXT4_IOC_CHECKPOINT_FLAG_ZEROOUT can be slow
[  151.112475] warning: checkpointing journal with EXT4_IOC_CHECKPOINT_FLAG_ZEROOUT can be slow
[  151.292844] warning: checkpointing journal with EXT4_IOC_CHECKPOINT_FLAG_ZEROOUT can be slow
[  151.513932] warning: checkpointing journal with EXT4_IOC_CHECKPOINT_FLAG_ZEROOUT can be slow
[  151.733729] warning: checkpointing journal with EXT4_IOC_CHECKPOINT_FLAG_ZEROOUT can be slow
[  154.808475] ext4_ioctl_checkpoint: 13 callbacks suppressed
[  154.808487] warning: checkpointing journal with EXT4_IOC_CHECKPOINT_FLAG_ZEROOUT can be slow
[  155.028644] warning: checkpointing journal with EXT4_IOC_CHECKPOINT_FLAG_ZEROOUT can be slow
[  155.248245] warning: checkpointing journal with EXT4_IOC_CHECKPOINT_FLAG_ZEROOUT can be slow
[  155.467927] warning: checkpointing journal with EXT4_IOC_CHECKPOINT_FLAG_ZEROOUT can be slow
[  155.687993] warning: checkpointing journal with EXT4_IOC_CHECKPOINT_FLAG_ZEROOUT can be slow
[  155.907844] warning: checkpointing journal with EXT4_IOC_CHECKPOINT_FLAG_ZEROOUT can be slow
[  156.128526] warning: checkpointing journal with EXT4_IOC_CHECKPOINT_FLAG_ZEROOUT can be slow
[  156.347999] warning: checkpointing journal with EXT4_IOC_CHECKPOINT_FLAG_ZEROOUT can be slow
[  156.568384] warning: checkpointing journal with EXT4_IOC_CHECKPOINT_FLAG_ZEROOUT can be slow
[  156.789077] warning: checkpointing journal with EXT4_IOC_CHECKPOINT_FLAG_ZEROOUT can be slow
[  159.862034] ext4_ioctl_checkpoint: 13 callbacks suppressed
[  159.862047] warning: checkpointing journal with EXT4_IOC_CHECKPOINT_FLAG_ZEROOUT can be slow
[  160.082414] warning: checkpointing journal with EXT4_IOC_CHECKPOINT_FLAG_ZEROOUT can be slow
[  160.301877] warning: checkpointing journal with EXT4_IOC_CHECKPOINT_FLAG_ZEROOUT can be slow
[  160.521374] warning: checkpointing journal with EXT4_IOC_CHECKPOINT_FLAG_ZEROOUT can be slow
[  160.741201] warning: checkpointing journal with EXT4_IOC_CHECKPOINT_FLAG_ZEROOUT can be slow
[  160.961035] warning: checkpointing journal with EXT4_IOC_CHECKPOINT_FLAG_ZEROOUT can be slow
[  161.181714] warning: checkpointing journal with EXT4_IOC_CHECKPOINT_FLAG_ZEROOUT can be slow
[  161.401144] warning: checkpointing journal with EXT4_IOC_CHECKPOINT_FLAG_ZEROOUT can be slow
[  161.621054] warning: checkpointing journal with EXT4_IOC_CHECKPOINT_FLAG_ZEROOUT can be slow
[  161.841383] warning: checkpointing journal with EXT4_IOC_CHECKPOINT_FLAG_ZEROOUT can be slow
[  164.917550] ext4_ioctl_checkpoint: 13 callbacks suppressed
[  164.917563] warning: checkpointing journal with EXT4_IOC_CHECKPOINT_FLAG_ZEROOUT can be slow
[  165.138300] warning: checkpointing journal with EXT4_IOC_CHECKPOINT_FLAG_ZEROOUT can be slow
[  165.359389] warning: checkpointing journal with EXT4_IOC_CHECKPOINT_FLAG_ZEROOUT can be slow
[  165.581497] warning: checkpointing journal with EXT4_IOC_CHECKPOINT_FLAG_ZEROOUT can be slow
[  165.801808] warning: checkpointing journal with EXT4_IOC_CHECKPOINT_FLAG_ZEROOUT can be slow
[  166.022450] warning: checkpointing journal with EXT4_IOC_CHECKPOINT_FLAG_ZEROOUT can be slow
[  166.242461] warning: checkpointing journal with EXT4_IOC_CHECKPOINT_FLAG_ZEROOUT can be slow
[  166.462299] warning: checkpointing journal with EXT4_IOC_CHECKPOINT_FLAG_ZEROOUT can be slow
[  166.682566] warning: checkpointing journal with EXT4_IOC_CHECKPOINT_FLAG_ZEROOUT can be slow
[  166.902371] warning: checkpointing journal with EXT4_IOC_CHECKPOINT_FLAG_ZEROOUT can be slow
[  169.979877] ext4_ioctl_checkpoint: 13 callbacks suppressed
[  169.979890] warning: checkpointing journal with EXT4_IOC_CHECKPOINT_FLAG_ZEROOUT can be slow
[  170.200577] warning: checkpointing journal with EXT4_IOC_CHECKPOINT_FLAG_ZEROOUT can be slow
[  170.420903] warning: checkpointing journal with EXT4_IOC_CHECKPOINT_FLAG_ZEROOUT can be slow
[  170.642593] warning: checkpointing journal with EXT4_IOC_CHECKPOINT_FLAG_ZEROOUT can be slow
[  170.863011] warning: checkpointing journal with EXT4_IOC_CHECKPOINT_FLAG_ZEROOUT can be slow
[  171.083921] warning: checkpointing journal with EXT4_IOC_CHECKPOINT_FLAG_ZEROOUT can be slow
[  171.304669] warning: checkpointing journal with EXT4_IOC_CHECKPOINT_FLAG_ZEROOUT can be slow
[  171.524503] warning: checkpointing journal with EXT4_IOC_CHECKPOINT_FLAG_ZEROOUT can be slow
[  171.744465] warning: checkpointing journal with EXT4_IOC_CHECKPOINT_FLAG_ZEROOUT can be slow
[  171.964600] warning: checkpointing journal with EXT4_IOC_CHECKPOINT_FLAG_ZEROOUT can be slow
[  175.082600] ext4_ioctl_checkpoint: 13 callbacks suppressed
[  175.082613] warning: checkpointing journal with EXT4_IOC_CHECKPOINT_FLAG_ZEROOUT can be slow
[  175.306921] warning: checkpointing journal with EXT4_IOC_CHECKPOINT_FLAG_ZEROOUT can be slow
[  175.529812] warning: checkpointing journal with EXT4_IOC_CHECKPOINT_FLAG_ZEROOUT can be slow
[  175.752890] warning: checkpointing journal with EXT4_IOC_CHECKPOINT_FLAG_ZEROOUT can be slow
