c[?7l[2J[0mSeaBIOS (version rel-1.16.0-0-gd239552ce722-prebuilt.qemu.org)


iPXE (http://ipxe.org) 00:03.0 CA00 PCI2.10 PnP PMM+7FF91000+7FEF1000 CA00
Press Ctrl-B to configure iPXE (PCI 00:03.0)...                                                                               


Booting from ROM..c[?7l[2J[    0.000000] Linux version 5.19.0-rc5-fd7e672ea98b+ (root@984fee00a1f6.jf.intel.com) (gcc (GCC) 8.5.0 20210514 (Red Hat 8.5.0-17), GNU ld version 2.36.1-3.el8) #1 SMP PREEMPT_DYNAMIC Tue Dec 13 08:34:21 PST 2022
[    0.000000] Command line: console=ttyS0 root=/dev/sda earlyprintk=serial net.ifnames=0
[    0.000000] KERNEL supported cpus:
[    0.000000]   Intel GenuineIntel
[    0.000000]   AMD AuthenticAMD
[    0.000000]   Hygon HygonGenuine
[    0.000000]   Centaur CentaurHauls
[    0.000000]   zhaoxin   Shanghai  
[    0.000000] x86/split lock detection: #DB: warning on user-space bus_locks
[    0.000000] x86/fpu: Supporting XSAVE feature 0x001: 'x87 floating point registers'
[    0.000000] x86/fpu: Supporting XSAVE feature 0x002: 'SSE registers'
[    0.000000] x86/fpu: Supporting XSAVE feature 0x004: 'AVX registers'
[    0.000000] x86/fpu: Supporting XSAVE feature 0x020: 'AVX-512 opmask'
[    0.000000] x86/fpu: Supporting XSAVE feature 0x040: 'AVX-512 Hi256'
[    0.000000] x86/fpu: Supporting XSAVE feature 0x080: 'AVX-512 ZMM_Hi256'
[    0.000000] x86/fpu: Supporting XSAVE feature 0x200: 'Protection Keys User registers'
[    0.000000] x86/fpu: Supporting XSAVE feature 0x20000: 'AMX Tile config'
[    0.000000] x86/fpu: Supporting XSAVE feature 0x40000: 'AMX Tile data'
[    0.000000] x86/fpu: xstate_offset[2]:  576, xstate_sizes[2]:  256
[    0.000000] x86/fpu: xstate_offset[5]:  832, xstate_sizes[5]:   64
[    0.000000] x86/fpu: xstate_offset[6]:  896, xstate_sizes[6]:  512
[    0.000000] x86/fpu: xstate_offset[7]: 1408, xstate_sizes[7]: 1024
[    0.000000] x86/fpu: xstate_offset[9]: 2432, xstate_sizes[9]:    8
[    0.000000] x86/fpu: xstate_offset[17]: 2496, xstate_sizes[17]:   64
[    0.000000] x86/fpu: xstate_offset[18]: 2560, xstate_sizes[18]: 8192
[    0.000000] x86/fpu: Enabled xstate features 0x602e7, context size is 10752 bytes, using 'compacted' format.
[    0.000000] signal: max sigframe size: 11952
[    0.000000] BIOS-provided physical RAM map:
[    0.000000] BIOS-e820: [mem 0x0000000000000000-0x000000000009fbff] usable
[    0.000000] BIOS-e820: [mem 0x000000000009fc00-0x000000000009ffff] reserved
[    0.000000] BIOS-e820: [mem 0x00000000000f0000-0x00000000000fffff] reserved
[    0.000000] BIOS-e820: [mem 0x0000000000100000-0x000000007ffdffff] usable
[    0.000000] BIOS-e820: [mem 0x000000007ffe0000-0x000000007fffffff] reserved
[    0.000000] BIOS-e820: [mem 0x00000000feffc000-0x00000000feffffff] reserved
[    0.000000] BIOS-e820: [mem 0x00000000fffc0000-0x00000000ffffffff] reserved
[    0.000000] printk: bootconsole [earlyser0] enabled
[    0.000000] NX (Execute Disable) protection: active
[    0.000000] SMBIOS 2.8 present.
[    0.000000] DMI: QEMU Standard PC (i440FX + PIIX, 1996), BIOS rel-1.16.0-0-gd239552ce722-prebuilt.qemu.org 04/01/2014
[    0.000000] Hypervisor detected: KVM
[    0.000000] kvm-clock: Using msrs 4b564d01 and 4b564d00
[    0.000003] kvm-clock: using sched offset of 344933033 cycles
[    0.000449] clocksource: kvm-clock: mask: 0xffffffffffffffff max_cycles: 0x1cd42e4dffb, max_idle_ns: 881590591483 ns
[    0.001838] tsc: Detected 1700.000 MHz processor
[    0.009096] last_pfn = 0x7ffe0 max_arch_pfn = 0x10000000000
[    0.009624] x86/PAT: Configuration [0-7]: WB  WC  UC- UC  WB  WP  UC- WT  
[    0.015516] found SMP MP-table at [mem 0x000f5ba0-0x000f5baf]
[    0.016063] Using GB pages for direct mapping
[    0.017464] ACPI: Early table checksum verification disabled
[    0.017958] ACPI: RSDP 0x00000000000F59C0 000014 (v00 BOCHS )
[    0.018462] ACPI: RSDT 0x000000007FFE1951 000034 (v01 BOCHS  BXPC     00000001 BXPC 00000001)
[    0.019209] ACPI: FACP 0x000000007FFE17FD 000074 (v01 BOCHS  BXPC     00000001 BXPC 00000001)
[    0.019956] ACPI: DSDT 0x000000007FFE0040 0017BD (v01 BOCHS  BXPC     00000001 BXPC 00000001)
[    0.020692] ACPI: FACS 0x000000007FFE0000 000040
[    0.021102] ACPI: APIC 0x000000007FFE1871 000080 (v01 BOCHS  BXPC     00000001 BXPC 00000001)
[    0.021847] ACPI: HPET 0x000000007FFE18F1 000038 (v01 BOCHS  BXPC     00000001 BXPC 00000001)
[    0.022585] ACPI: WAET 0x000000007FFE1929 000028 (v01 BOCHS  BXPC     00000001 BXPC 00000001)
[    0.023328] ACPI: Reserving FACP table memory at [mem 0x7ffe17fd-0x7ffe1870]
[    0.023935] ACPI: Reserving DSDT table memory at [mem 0x7ffe0040-0x7ffe17fc]
[    0.024534] ACPI: Reserving FACS table memory at [mem 0x7ffe0000-0x7ffe003f]
[    0.025139] ACPI: Reserving APIC table memory at [mem 0x7ffe1871-0x7ffe18f0]
[    0.025738] ACPI: Reserving HPET table memory at [mem 0x7ffe18f1-0x7ffe1928]
[    0.026341] ACPI: Reserving WAET table memory at [mem 0x7ffe1929-0x7ffe1950]
[    0.027780] No NUMA configuration found
[    0.028113] Faking a node at [mem 0x0000000000000000-0x000000007ffdffff]
[    0.028747] NODE_DATA(0) allocated [mem 0x7ffb5000-0x7ffdffff]
[    0.033481] Zone ranges:
[    0.033715]   DMA      [mem 0x0000000000001000-0x0000000000ffffff]
[    0.034252]   DMA32    [mem 0x0000000001000000-0x000000007ffdffff]
[    0.034778]   Normal   empty
[    0.035034]   Device   empty
[    0.035283] Movable zone start for each node
[    0.035647] Early memory node ranges
[    0.035957]   node   0: [mem 0x0000000000001000-0x000000000009efff]
[    0.036490]   node   0: [mem 0x0000000000100000-0x000000007ffdffff]
[    0.037030] Initmem setup node 0 [mem 0x0000000000001000-0x000000007ffdffff]
[    0.037998] On node 0, zone DMA: 1 pages in unavailable ranges
[    0.038016] On node 0, zone DMA: 97 pages in unavailable ranges
[    0.045620] On node 0, zone DMA32: 32 pages in unavailable ranges
[    0.046403] ACPI: PM-Timer IO Port: 0x608
[    0.047277] ACPI: LAPIC_NMI (acpi_id[0xff] dfl dfl lint[0x1])
[    0.047817] IOAPIC[0]: apic_id 0, version 17, address 0xfec00000, GSI 0-23
[    0.048417] ACPI: INT_SRC_OVR (bus 0 bus_irq 0 global_irq 2 dfl dfl)
[    0.048966] ACPI: INT_SRC_OVR (bus 0 bus_irq 5 global_irq 5 high level)
[    0.049531] ACPI: INT_SRC_OVR (bus 0 bus_irq 9 global_irq 9 high level)
[    0.050101] ACPI: INT_SRC_OVR (bus 0 bus_irq 10 global_irq 10 high level)
[    0.050680] ACPI: INT_SRC_OVR (bus 0 bus_irq 11 global_irq 11 high level)
[    0.051279] ACPI: Using ACPI (MADT) for SMP configuration information
[    0.051826] ACPI: HPET id: 0x8086a201 base: 0xfed00000
[    0.052276] TSC deadline timer available
[    0.052612] smpboot: Allowing 2 CPUs, 0 hotplug CPUs
[    0.053066] kvm-guest: KVM setup pv remote TLB flush
[    0.053489] kvm-guest: setup PV sched yield
[    0.053891] PM: hibernation: Registered nosave memory: [mem 0x00000000-0x00000fff]
[    0.054540] PM: hibernation: Registered nosave memory: [mem 0x0009f000-0x0009ffff]
[    0.055184] PM: hibernation: Registered nosave memory: [mem 0x000a0000-0x000effff]
[    0.055825] PM: hibernation: Registered nosave memory: [mem 0x000f0000-0x000fffff]
[    0.056474] [mem 0x80000000-0xfeffbfff] available for PCI devices
[    0.056995] Booting paravirtualized kernel on KVM
[    0.057397] clocksource: refined-jiffies: mask: 0xffffffff max_cycles: 0xffffffff, max_idle_ns: 7645519600211568 ns
[    0.058299] setup_percpu: NR_CPUS:8192 nr_cpumask_bits:2 nr_cpu_ids:2 nr_node_ids:1
[    0.059426] percpu: Embedded 64 pages/cpu s225280 r8192 d28672 u1048576
[    0.060200] kvm-guest: PV spinlocks enabled
[    0.060570] PV qspinlock hash table entries: 256 (order: 0, 4096 bytes, linear)
[    0.061219] Fallback order for Node 0: 0 
[    0.061580] Built 1 zonelists, mobility grouping on.  Total pages: 515808
[    0.062170] Policy zone: DMA32
[    0.062434] Kernel command line: net.ifnames=0 console=ttyS0 root=/dev/sda earlyprintk=serial net.ifnames=0
[    0.063982] Dentry cache hash table entries: 262144 (order: 9, 2097152 bytes, linear)
[    0.064800] Inode-cache hash table entries: 131072 (order: 8, 1048576 bytes, linear)
[    0.065565] mem auto-init: stack:off, heap alloc:off, heap free:off
[    0.070694] Memory: 1983420K/2096632K available (32784K kernel code, 4463K rwdata, 8052K rodata, 3292K init, 22736K bss, 113012K reserved, 0K cma-reserved)
[    0.072728] SLUB: HWalign=64, Order=0-3, MinObjects=0, CPUs=2, Nodes=1
[    0.073274] kmemleak: Kernel memory leak detector disabled
[    0.073750] ftrace: allocating 66260 entries in 259 pages
[    0.096478] ftrace: allocated 259 pages with 3 groups
[    0.099883] Dynamic Preempt: voluntary
[    0.100324] Running RCU self tests
[    0.100609] rcu: Preemptible hierarchical RCU implementation.
[    0.101085] rcu: 	RCU lockdep checking is enabled.
[    0.101478] rcu: 	RCU restricting CPUs from NR_CPUS=8192 to nr_cpu_ids=2.
[    0.102042] 	Trampoline variant of Tasks RCU enabled.
[    0.102458] 	Rude variant of Tasks RCU enabled.
[    0.102828] 	Tracing variant of Tasks RCU enabled.
[    0.103231] rcu: RCU calculated value of scheduler-enlistment delay is 25 jiffies.
[    0.103854] rcu: Adjusting geometry for rcu_fanout_leaf=16, nr_cpu_ids=2
[    0.129174] NR_IRQS: 524544, nr_irqs: 440, preallocated irqs: 16
[    0.129970] rcu: srcu_init: Setting srcu_struct sizes based on contention.
[    0.138176] Console: colour VGA+ 80x25
[    0.138534] printk: console [ttyS0] enabled
[    0.138534] printk: console [ttyS0] enabled
[    0.139247] printk: bootconsole [earlyser0] disabled
[    0.139247] printk: bootconsole [earlyser0] disabled
[    0.140084] Lock dependency validator: Copyright (c) 2006 Red Hat, Inc., Ingo Molnar
[    0.140741] ... MAX_LOCKDEP_SUBCLASSES:  8
[    0.141099] ... MAX_LOCK_DEPTH:          48
[    0.141460] ... MAX_LOCKDEP_KEYS:        8192
[    0.141843] ... CLASSHASH_SIZE:          4096
[    0.142221] ... MAX_LOCKDEP_ENTRIES:     32768
[    0.142603] ... MAX_LOCKDEP_CHAINS:      65536
[    0.142990] ... CHAINHASH_SIZE:          32768
[    0.143373]  memory used by lock dependency info: 6365 kB
[    0.143837]  memory used for stack traces: 4224 kB
[    0.144249]  per task-struct memory footprint: 1920 bytes
[    0.144756] ACPI: Core revision 20220331
[    0.145335] clocksource: hpet: mask: 0xffffffff max_cycles: 0xffffffff, max_idle_ns: 19112604467 ns
[    0.146233] APIC: Switch to symmetric I/O mode setup
[    0.146879] x2apic enabled
[    0.147301] Switched APIC routing to physical x2apic.
[    0.147735] kvm-guest: setup PV IPIs
[    0.148965] ..TIMER: vector=0x30 apic1=0 pin1=2 apic2=-1 pin2=-1
[    0.149500] clocksource: tsc-early: mask: 0xffffffffffffffff max_cycles: 0x1881273ac8e, max_idle_ns: 440795257284 ns
[    0.150435] Calibrating delay loop (skipped) preset value.. 3400.00 BogoMIPS (lpj=6800000)
[    0.151142] pid_max: default: 32768 minimum: 301
[    0.151672] LSM: Security Framework initializing
[    0.152077] Yama: becoming mindful.
[    0.152548] Mount-cache hash table entries: 4096 (order: 3, 32768 bytes, linear)
[    0.153186] Mountpoint-cache hash table entries: 4096 (order: 3, 32768 bytes, linear)
[    0.155101] x86/cpu: User Mode Instruction Prevention (UMIP) activated
[    0.155815] Last level iTLB entries: 4KB 0, 2MB 0, 4MB 0
[    0.156278] Last level dTLB entries: 4KB 0, 2MB 0, 4MB 0, 1GB 0
[    0.156795] Spectre V1 : Mitigation: usercopy/swapgs barriers and __user pointer sanitization
[    0.157516] Spectre V2 : WARNING: Unprivileged eBPF is enabled with eIBRS on, data leaks possible via Spectre v2 BHB attacks!
[    0.158434] Spectre V2 : Mitigation: Enhanced IBRS
[    0.158820] Spectre V2 : Spectre v2 / SpectreRSB mitigation: Filling RSB on context switch
[    0.159474] Spectre V2 : mitigation: Enabling conditional Indirect Branch Prediction Barrier
[    0.160139] Speculative Store Bypass: Mitigation: Speculative Store Bypass disabled via prctl
[    0.206812] Freeing SMP alternatives memory: 56K
[    0.207444] smpboot: CPU0: Intel(R) Xeon(R) Gold 6414TDX (family: 0x6, model: 0x8f, stepping: 0x6)
[    0.208615] cblist_init_generic: Setting adjustable number of callback queues.
[    0.209204] cblist_init_generic: Setting shift to 1 and lim to 1.
[    0.209744] cblist_init_generic: Setting shift to 1 and lim to 1.
[    0.210281] cblist_init_generic: Setting shift to 1 and lim to 1.
[    0.210424] Running RCU-tasks wait API self tests
[    0.310495] Performance Events: Sapphire Rapids events, full-width counters, Intel PMU driver.
[    0.311244] ... version:                2
[    0.311563] ... bit width:              48
[    0.311900] ... generic registers:      8
[    0.312222] ... value mask:             0000ffffffffffff
[    0.312643] ... max period:             00007fffffffffff
[    0.313064] ... fixed-purpose events:   3
[    0.313385] ... event mask:             00000007000000ff
[    0.314180] rcu: Hierarchical SRCU implementation.
[    0.317238] smp: Bringing up secondary CPUs ...
[    0.318064] x86: Booting SMP configuration:
[    0.318408] .... node  #0, CPUs:      #1
[    0.318854] smp: Brought up 1 node, 2 CPUs
[    0.319143] smpboot: Max logical packages: 1
[    0.319486] smpboot: Total of 2 processors activated (6800.00 BogoMIPS)
[    0.320719] devtmpfs: initialized
[    0.320719] x86/mm: Memory block size: 128MB
[    0.324345] clocksource: jiffies: mask: 0xffffffff max_cycles: 0xffffffff, max_idle_ns: 7645041785100000 ns
[    0.324345] futex hash table entries: 512 (order: 4, 65536 bytes, linear)
[    0.326433] Callback from call_rcu_tasks_trace() invoked.
[    0.326673] pinctrl core: initialized pinctrl subsystem
[    0.327902] 
[    0.328032] *************************************************************
[    0.328572] **     NOTICE NOTICE NOTICE NOTICE NOTICE NOTICE NOTICE    **
[    0.329110] **                                                         **
[    0.329644] **  IOMMU DebugFS SUPPORT HAS BEEN ENABLED IN THIS KERNEL  **
[    0.330184] **                                                         **
[    0.330434] ** This means that this kernel is built to expose internal **
[    0.330973] ** IOMMU data structures, which may compromise security on **
[    0.331507] ** your system.                                            **
[    0.332046] **                                                         **
[    0.332583] ** If you see this message and you are not debugging the   **
[    0.333122] ** kernel, report this immediately to your vendor!         **
[    0.333656] **                                                         **
[    0.334195] **     NOTICE NOTICE NOTICE NOTICE NOTICE NOTICE NOTICE    **
[    0.334427] *************************************************************
[    0.335016] PM: RTC time: 17:02:38, date: 2022-12-13
[    0.337410] NET: Registered PF_NETLINK/PF_ROUTE protocol family
[    0.338554] DMA: preallocated 256 KiB GFP_KERNEL pool for atomic allocations
[    0.339125] DMA: preallocated 256 KiB GFP_KERNEL|GFP_DMA pool for atomic allocations
[    0.339755] DMA: preallocated 256 KiB GFP_KERNEL|GFP_DMA32 pool for atomic allocations
[    0.340440] audit: initializing netlink subsys (disabled)
[    0.340896] audit: type=2000 audit(1670950959.576:1): state=initialized audit_enabled=0 res=1
[    0.340896] thermal_sys: Registered thermal governor 'fair_share'
[    0.340896] thermal_sys: Registered thermal governor 'bang_bang'
[    0.340896] thermal_sys: Registered thermal governor 'step_wise'
[    0.342437] thermal_sys: Registered thermal governor 'user_space'
[    0.342965] cpuidle: using governor ladder
[    0.343302] cpuidle: using governor menu
[    0.343943] HugeTLB: can optimize 4095 vmemmap pages for hugepages-1048576kB
[    0.344525] acpiphp: ACPI Hot Plug PCI Controller Driver version: 0.5
[    0.345400] PCI: Using configuration type 1 for base access
[    0.362503] kprobes: kprobe jump-optimization is enabled. All kprobes are optimized if possible.
[    0.515678] HugeTLB: can optimize 7 vmemmap pages for hugepages-2048kB
[    0.516227] HugeTLB registered 1.00 GiB page size, pre-allocated 0 pages
[    0.516765] HugeTLB registered 2.00 MiB page size, pre-allocated 0 pages
[    0.519441] ACPI: Added _OSI(Module Device)
[    0.519805] ACPI: Added _OSI(Processor Device)
[    0.520166] ACPI: Added _OSI(3.0 _SCP Extensions)
[    0.520545] ACPI: Added _OSI(Processor Aggregator Device)
[    0.520982] ACPI: Added _OSI(Linux-Dell-Video)
[    0.521341] ACPI: Added _OSI(Linux-Lenovo-NV-HDMI-Audio)
[    0.521771] ACPI: Added _OSI(Linux-HPI-Hybrid-Graphics)
[    0.528060] ACPI: 1 ACPI AML tables successfully acquired and loaded
[    0.531933] ACPI: Interpreter enabled
[    0.532327] ACPI: PM: (supports S0 S3 S4 S5)
[    0.532675] ACPI: Using IOAPIC for interrupt routing
[    0.533118] PCI: Using host bridge windows from ACPI; if necessary, use "pci=nocrs" and report a bug
[    0.533841] PCI: Using E820 reservations for host bridge windows
[    0.535061] ACPI: Enabled 2 GPEs in block 00 to 0F
[    0.553033] ACPI: PCI Root Bridge [PCI0] (domain 0000 [bus 00-ff])
[    0.553550] acpi PNP0A03:00: _OSC: OS supports [ASPM ClockPM Segments MSI EDR HPX-Type3]
[    0.554200] acpi PNP0A03:00: _OSC: not requesting OS control; OS requires [ExtendedConfig ASPM ClockPM MSI]
[    0.554491] acpi PNP0A03:00: fail to add MMCONFIG information, can't access extended PCI configuration space under this bridge.
[    0.557530] acpiphp: Slot [3] registered
[    0.557920] acpiphp: Slot [4] registered
[    0.558313] acpiphp: Slot [5] registered
[    0.558498] acpiphp: Slot [6] registered
[    0.558892] acpiphp: Slot [7] registered
[    0.559290] acpiphp: Slot [8] registered
[    0.559678] acpiphp: Slot [9] registered
[    0.560074] acpiphp: Slot [10] registered
[    0.560469] acpiphp: Slot [11] registered
[    0.560866] acpiphp: Slot [12] registered
[    0.561270] acpiphp: Slot [13] registered
[    0.561664] acpiphp: Slot [14] registered
[    0.562061] acpiphp: Slot [15] registered
[    0.562457] acpiphp: Slot [16] registered
[    0.562863] acpiphp: Slot [17] registered
[    0.563258] acpiphp: Slot [18] registered
[    0.563652] acpiphp: Slot [19] registered
[    0.564059] acpiphp: Slot [20] registered
[    0.564453] acpiphp: Slot [21] registered
[    0.564856] acpiphp: Slot [22] registered
[    0.565258] acpiphp: Slot [23] registered
[    0.565654] acpiphp: Slot [24] registered
[    0.566051] acpiphp: Slot [25] registered
[    0.566446] acpiphp: Slot [26] registered
[    0.566862] acpiphp: Slot [27] registered
[    0.567255] acpiphp: Slot [28] registered
[    0.567649] acpiphp: Slot [29] registered
[    0.568044] acpiphp: Slot [30] registered
[    0.568436] acpiphp: Slot [31] registered
[    0.568781] PCI host bridge to bus 0000:00
[    0.569115] pci_bus 0000:00: root bus resource [io  0x0000-0x0cf7 window]
[    0.569659] pci_bus 0000:00: root bus resource [io  0x0d00-0xffff window]
[    0.570205] pci_bus 0000:00: root bus resource [mem 0x000a0000-0x000bffff window]
[    0.570429] pci_bus 0000:00: root bus resource [mem 0x80000000-0xfebfffff window]
[    0.571022] pci_bus 0000:00: root bus resource [mem 0x100000000-0x17fffffff window]
[    0.571638] pci_bus 0000:00: root bus resource [bus 00-ff]
[    0.572157] pci 0000:00:00.0: [8086:1237] type 00 class 0x060000
[    0.575929] pci 0000:00:01.0: [8086:7000] type 00 class 0x060100
[    0.577082] pci 0000:00:01.1: [8086:7010] type 00 class 0x010180
[    0.579056] pci 0000:00:01.1: reg 0x20: [io  0xc040-0xc04f]
[    0.580277] pci 0000:00:01.1: legacy IDE quirk: reg 0x10: [io  0x01f0-0x01f7]
[    0.580857] pci 0000:00:01.1: legacy IDE quirk: reg 0x14: [io  0x03f6]
[    0.581387] pci 0000:00:01.1: legacy IDE quirk: reg 0x18: [io  0x0170-0x0177]
[    0.581950] pci 0000:00:01.1: legacy IDE quirk: reg 0x1c: [io  0x0376]
[    0.582724] pci 0000:00:01.3: [8086:7113] type 00 class 0x068000
[    0.583514] pci 0000:00:01.3: quirk: [io  0x0600-0x063f] claimed by PIIX4 ACPI
[    0.584094] pci 0000:00:01.3: quirk: [io  0x0700-0x070f] claimed by PIIX4 SMB
[    0.585150] pci 0000:00:02.0: [1234:1111] type 00 class 0x030000
[    0.586394] pci 0000:00:02.0: reg 0x10: [mem 0xfd000000-0xfdffffff pref]
[    0.587650] pci 0000:00:02.0: reg 0x18: [mem 0xfebf0000-0xfebf0fff]
[    0.590633] pci 0000:00:02.0: reg 0x30: [mem 0xfebe0000-0xfebeffff pref]
[    0.591247] pci 0000:00:02.0: Video device with shadowed ROM at [mem 0x000c0000-0x000dffff]
[    0.594930] pci 0000:00:03.0: [8086:100e] type 00 class 0x020000
[    0.595912] pci 0000:00:03.0: reg 0x10: [mem 0xfebc0000-0xfebdffff]
[    0.596860] pci 0000:00:03.0: reg 0x14: [io  0xc000-0xc03f]
[    0.600499] pci 0000:00:03.0: reg 0x30: [mem 0xfeb80000-0xfebbffff pref]
[    0.611897] ACPI: PCI: Interrupt link LNKA configured for IRQ 10
[    0.612779] ACPI: PCI: Interrupt link LNKB configured for IRQ 10
[    0.613637] ACPI: PCI: Interrupt link LNKC configured for IRQ 11
[    0.614495] ACPI: PCI: Interrupt link LNKD configured for IRQ 11
[    0.615154] ACPI: PCI: Interrupt link LNKS configured for IRQ 9
[    0.616659] iommu: Default domain type: Translated 
[    0.617057] iommu: DMA domain TLB invalidation policy: lazy mode 
[    0.618570] SCSI subsystem initialized
[    0.619146] ACPI: bus type USB registered
[    0.619533] usbcore: registered new interface driver usbfs
[    0.620019] usbcore: registered new interface driver hub
[    0.620473] usbcore: registered new device driver usb
[    0.620970] pps_core: LinuxPPS API ver. 1 registered
[    0.621366] pps_core: Software ver. 5.3.6 - Copyright 2005-2007 Rodolfo Giometti <giometti@linux.it>
[    0.622102] PTP clock support registered
[    0.622561] EDAC MC: Ver: 3.0.0
[    0.624074] NetLabel: Initializing
[    0.624355] NetLabel:  domain hash size = 128
[    0.624709] NetLabel:  protocols = UNLABELED CIPSOv4 CALIPSO
[    0.625210] NetLabel:  unlabeled traffic allowed by default
[    0.625941] PCI: Using ACPI for IRQ routing
[    0.626489] pci 0000:00:02.0: vgaarb: setting as boot VGA device
[    0.626980] pci 0000:00:02.0: vgaarb: bridge control possible
[    0.627438] pci 0000:00:02.0: vgaarb: VGA device added: decodes=io+mem,owns=io+mem,locks=none
[    0.628118] vgaarb: loaded
[    0.628641] hpet0: at MMIO 0xfed00000, IRQs 2, 8, 0
[    0.629050] hpet0: 3 comparators, 64-bit 100.000000 MHz counter
[    3.403500] Callback from call_rcu_tasks_rude() invoked.
[    3.404065] clocksource: Switched to clocksource kvm-clock
[    3.405174] VFS: Disk quotas dquot_6.6.0
[    3.405546] VFS: Dquot-cache hash table entries: 512 (order 0, 4096 bytes)
[    3.406345] pnp: PnP ACPI init
[    3.407709] pnp: PnP ACPI: found 6 devices
[    3.419338] clocksource: acpi_pm: mask: 0xffffff max_cycles: 0xffffff, max_idle_ns: 2085701024 ns
[    3.420458] NET: Registered PF_INET protocol family
[    3.420959] IP idents hash table entries: 32768 (order: 6, 262144 bytes, linear)
[    3.422467] tcp_listen_portaddr_hash hash table entries: 1024 (order: 4, 73728 bytes, linear)
[    3.423177] Table-perturb hash table entries: 65536 (order: 6, 262144 bytes, linear)
[    3.423790] TCP established hash table entries: 16384 (order: 5, 131072 bytes, linear)
[    3.424603] TCP bind hash table entries: 16384 (order: 8, 1179648 bytes, linear)
[    3.425805] TCP: Hash tables configured (established 16384 bind 16384)
[    3.426421] UDP hash table entries: 1024 (order: 5, 163840 bytes, linear)
[    3.427083] UDP-Lite hash table entries: 1024 (order: 5, 163840 bytes, linear)
[    3.427825] NET: Registered PF_UNIX/PF_LOCAL protocol family
[    3.428600] RPC: Registered named UNIX socket transport module.
[    3.429082] RPC: Registered udp transport module.
[    3.429456] RPC: Registered tcp transport module.
[    3.429833] RPC: Registered tcp NFSv4.1 backchannel transport module.
[    3.430353] pci_bus 0000:00: resource 4 [io  0x0000-0x0cf7 window]
[    3.430869] pci_bus 0000:00: resource 5 [io  0x0d00-0xffff window]
[    3.431362] pci_bus 0000:00: resource 6 [mem 0x000a0000-0x000bffff window]
[    3.431912] pci_bus 0000:00: resource 7 [mem 0x80000000-0xfebfffff window]
[    3.432458] pci_bus 0000:00: resource 8 [mem 0x100000000-0x17fffffff window]
[    3.433260] pci 0000:00:01.0: PIIX3: Enabling Passive Release
[    3.433725] pci 0000:00:00.0: Limiting direct PCI/PCI transfers
[    3.434220] pci 0000:00:01.0: Activating ISA DMA hang workarounds
[    3.434823] PCI: CLS 0 bytes, default 64
[    3.435177] ACPI: bus type thunderbolt registered
[    3.435851] clocksource: tsc: mask: 0xffffffffffffffff max_cycles: 0x1881273ac8e, max_idle_ns: 440795257284 ns
[    3.462419] sgx: There are zero EPC sections.
[    3.514504] Callback from call_rcu_tasks() invoked.
[    3.578924] Initialise system trusted keyrings
[    3.579378] Key type blacklist registered
[    3.579960] workingset: timestamp_bits=36 max_order=19 bucket_order=0
[    3.591585] zbud: loaded
[    3.594055] squashfs: version 4.0 (2009/01/31) Phillip Lougher
[    3.596125] NFS: Registering the id_resolver key type
[    3.596570] Key type id_resolver registered
[    3.596913] Key type id_legacy registered
[    3.597337] nfs4filelayout_init: NFSv4 File Layout Driver Registering...
[    3.597898] nfs4flexfilelayout_init: NFSv4 Flexfile Layout Driver Registering...
[    3.598647] fuse: init (API version 7.36)
[    3.599295] SGI XFS with ACLs, security attributes, realtime, quota, no debug enabled
[    3.601872] 9p: Installing v9fs 9p2000 file system support
[    3.609954] Key type asymmetric registered
[    3.610288] Asymmetric key parser 'x509' registered
[    3.612072] alg: self-tests for CTR-KDF (hmac(sha256)) passed
[    3.612592] Block layer SCSI generic (bsg) driver version 0.4 loaded (major 243)
[    3.613312] io scheduler mq-deadline registered
[    3.613740] io scheduler bfq registered
[    3.615139] shpchp: Standard Hot Plug PCI Controller Driver version: 0.4
[    3.616164] IPMI message handler: version 39.2
[    3.616566] ipmi device interface
[    3.618542] input: Power Button as /devices/LNXSYSTM:00/LNXPWRBN:00/input/input0
[    3.619493] ACPI: button: Power Button [PWRF]
[    3.620841] ERST DBG: ERST support is disabled.
[    3.621825] Serial: 8250/16550 driver, 32 ports, IRQ sharing enabled
[    3.622838] 00:04: ttyS0 at I/O 0x3f8 (irq = 4, base_baud = 115200) is a 16550A
[    3.632842] Linux agpgart interface v0.103
[    3.633715] ACPI: bus type drm_connector registered
[    3.647765] brd: module loaded
[    3.655376] loop: module loaded
[    3.659908] scsi host0: ata_piix
[    3.660774] scsi host1: ata_piix
[    3.661211] ata1: PATA max MWDMA2 cmd 0x1f0 ctl 0x3f6 bmdma 0xc040 irq 14
[    3.661745] ata2: PATA max MWDMA2 cmd 0x170 ctl 0x376 bmdma 0xc048 irq 15
[    3.663644] tun: Universal TUN/TAP device driver, 1.6
[    3.664211] e100: Intel(R) PRO/100 Network Driver
[    3.664583] e100: Copyright(c) 1999-2006 Intel Corporation
[    3.665055] e1000: Intel(R) PRO/1000 Network Driver
[    3.665441] e1000: Copyright (c) 1999-2006 Intel Corporation.
[    3.822556] ata1: found unknown device (class 0)
[    3.823460] ata1.00: ATA-7: QEMU HARDDISK, 2.5+, max UDMA/100
[    3.823924] ata1.00: 16777216 sectors, multi 16: LBA48 
[    3.825181] scsi 0:0:0:0: Direct-Access     ATA      QEMU HARDDISK    2.5+ PQ: 0 ANSI: 5
[    3.827205] sd 0:0:0:0: [sda] 16777216 512-byte logical blocks: (8.59 GB/8.00 GiB)
[    3.827851] sd 0:0:0:0: [sda] Write Protect is off
[    3.828289] sd 0:0:0:0: [sda] Write cache: enabled, read cache: enabled, doesn't support DPO or FUA
[    3.829057] sd 0:0:0:0: Attached scsi generic sg0 type 0
[    3.829680] sd 0:0:0:0: [sda] Preferred minimum I/O size 512 bytes
[    3.831485] ata2: found unknown device (class 0)
[    3.832250] ata2.00: ATAPI: QEMU DVD-ROM, 2.5+, max UDMA/100
[    3.833539] scsi 1:0:0:0: CD-ROM            QEMU     QEMU DVD-ROM     2.5+ PQ: 0 ANSI: 5
[    3.848457] ACPI: \_SB_.LNKC: Enabled at IRQ 11
[    3.859857] scsi 1:0:0:0: Attached scsi generic sg1 type 5
[    3.860638] sd 0:0:0:0: [sda] Attached SCSI disk
[    4.173564] e1000 0000:00:03.0 eth0: (PCI:33MHz:32-bit) 52:54:00:12:34:56
[    4.174147] e1000 0000:00:03.0 eth0: Intel(R) PRO/1000 Network Connection
[    4.174794] e1000e: Intel(R) PRO/1000 Network Driver
[    4.175191] e1000e: Copyright(c) 1999 - 2015 Intel Corporation.
[    4.175736] igb: Intel(R) Gigabit Ethernet Network Driver
[    4.176161] igb: Copyright (c) 2007-2014 Intel Corporation.
[    4.176715] PPP generic driver version 2.4.2
[    4.177456] VFIO - User Level meta-driver version: 0.3
[    4.177902] ehci_hcd: USB 2.0 'Enhanced' Host Controller (EHCI) Driver
[    4.178421] ehci-pci: EHCI PCI platform driver
[    4.178822] ehci-platform: EHCI generic platform driver
[    4.179259] ohci_hcd: USB 1.1 'Open' Host Controller (OHCI) Driver
[    4.179749] ohci-pci: OHCI PCI platform driver
[    4.180143] ohci-platform: OHCI generic platform driver
[    4.180579] uhci_hcd: USB Universal Host Controller Interface driver
[    4.181353] usbcore: registered new interface driver uas
[    4.181850] usbcore: registered new interface driver usb-storage
[    4.182469] i8042: PNP: PS/2 Controller [PNP0303:KBD,PNP0f13:MOU] at 0x60,0x64 irq 1,12
[    4.183850] serio: i8042 KBD port at 0x60,0x64 irq 1
[    4.184284] serio: i8042 AUX port at 0x60,0x64 irq 12
[    4.185369] mousedev: PS/2 mouse device common for all mice
[    4.186658] input: AT Translated Set 2 keyboard as /devices/platform/i8042/serio0/input/input1
[    4.188461] input: VirtualPS/2 VMware VMMouse as /devices/platform/i8042/serio1/input/input4
[    4.189612] rtc_cmos 00:05: RTC can wake from S4
[    4.190145] input: VirtualPS/2 VMware VMMouse as /devices/platform/i8042/serio1/input/input3
[    4.191584] rtc_cmos 00:05: registered as rtc0
[    4.192036] rtc_cmos 00:05: setting system clock to 2022-12-13T17:02:42 UTC (1670950962)
[    4.192828] rtc_cmos 00:05: alarms up to one day, y3k, 242 bytes nvram, hpet irqs
[    4.193448] i2c_dev: i2c /dev entries driver
[    4.193851] device-mapper: core: CONFIG_IMA_DISABLE_HTABLE is disabled. Duplicate IMA measurements will not be recorded in the IMA log.
[    4.194939] device-mapper: uevent: version 1.0.3
[    4.195587] device-mapper: ioctl: 4.46.0-ioctl (2022-02-22) initialised: dm-devel@redhat.com
[    4.196260] intel_pstate: CPU model not supported
[    4.196726] sdhci: Secure Digital Host Controller Interface driver
[    4.197213] sdhci: Copyright(c) Pierre Ossman
[    4.197649] sdhci-pltfm: SDHCI platform and OF driver helper
[    4.198155] ledtrig-cpu: registered to indicate activity on CPUs
[    4.198985] drop_monitor: Initializing network drop monitor service
[    4.200208] NET: Registered PF_INET6 protocol family
[    4.202409] Segment Routing with IPv6
[    4.202774] In-situ OAM (IOAM) with IPv6
[    4.203141] NET: Registered PF_PACKET protocol family
[    4.203806] 9pnet: Installing 9P2000 support
[    4.204213] Key type dns_resolver registered
[    4.205335] IPI shorthand broadcast: enabled
[    4.205737] sched_clock: Marking stable (4193228933, 11879840)->(4214226673, -9117900)
[    4.207000] registered taskstats version 1
[    4.207474] Loading compiled-in X.509 certificates
[    4.208139] zswap: loaded using pool lzo/zbud
[    4.209224] Key type ._fscrypt registered
[    4.209551] Key type .fscrypt registered
[    4.209874] Key type fscrypt-provisioning registered
[    4.211294] Key type encrypted registered
[    4.211662] ima: No TPM chip found, activating TPM-bypass!
[    4.212114] ima: Allocated hash algorithm: sha1
[    4.212529] ima: No architecture policies found
[    4.212991] evm: Initialising EVM extended attributes:
[    4.213396] evm: security.selinux
[    4.213666] evm: security.SMACK64
[    4.213941] evm: security.SMACK64EXEC
[    4.214236] evm: security.SMACK64TRANSMUTE
[    4.214597] evm: security.SMACK64MMAP
[    4.214897] evm: security.apparmor
[    4.215170] evm: security.ima
[    4.215413] evm: security.capability
[    4.215699] evm: HMAC attrs: 0x1
[    4.220766] PM:   Magic number: 2:778:36
[    4.221132] bdi 7:1: hash matches
[    4.221427] misc loop-control: hash matches
[    4.222139] RAS: Correctable Errors collector initialized.
[    4.223938] md: Waiting for all devices to be available before autodetect
[    4.224310] md: If you don't use raid, use raid=noautodetect
[    4.224624] md: Autodetecting RAID arrays.
[    4.224867] md: autorun ...
[    4.225026] md: ... autorun DONE.
[    4.229948] EXT4-fs (sda): mounted filesystem with ordered data mode. Quota mode: none.
[    4.230559] VFS: Mounted root (ext4 filesystem) readonly on device 8:0.
[    4.232587] devtmpfs: mounted
[    4.243520] Freeing unused decrypted memory: 2036K
[    4.245983] Freeing unused kernel image (initmem) memory: 3292K
[    4.254494] Write protecting the kernel read-only data: 43008k
[    4.257538] Freeing unused kernel image (text/rodata gap) memory: 2028K
[    4.258073] Freeing unused kernel image (rodata/data gap) memory: 140K
[    4.366321] x86/mm: Checked W+X mappings: passed, no W+X pages found.
[    4.366703] Run /sbin/init as init process
[    4.444792] systemd[1]: RTC configured in localtime, applying delta of 0 minutes to system time.
[    4.469670] systemd[1]: systemd 239 (239-49.el8) running in system mode. (+PAM +AUDIT +SELINUX +IMA -APPARMOR +SMACK +SYSVINIT +UTMP +LIBCRYPTSETUP +GCRYPT +GNUTLS +ACL +XZ +LZ4 +SECCOMP +BLKID +ELFUTILS +KMOD +IDN2 -IDN +PCRE2 default-hierarchy=legacy)
[    4.471073] systemd[1]: Detected virtualization kvm.
[    4.471358] systemd[1]: Detected architecture x86-64.

Welcome to [0;31mCentOS Stream 8[0m!

[    4.496121] systemd[1]: Set hostname to <test>.
[    6.446478] random: crng init done
[    6.532306] systemd[1]: Listening on LVM2 poll daemon socket.
[[0;32m  OK  [0m] Listening on LVM2 poll daemon socket.
[    6.533519] systemd[1]: Listening on udev Kernel Socket.
[[0;32m  OK  [0m] Listening on udev Kernel Socket.
[    6.534514] systemd[1]: Listening on initctl Compatibility Named Pipe.
[[0;32m  OK  [0m] Listening on initctl Compatibility Named Pipe.
[    6.535649] systemd[1]: Started Forward Password Requests to Wall Directory Watch.
[[0;32m  OK  [0m] Started Forward Password Requests to Wall Directory Watch.
[    6.537051] systemd[1]: Listening on Journal Socket.
[[0;32m  OK  [0m] Listening on Journal Socket.
[    6.537950] systemd[1]: Listening on Device-mapper event daemon FIFOs.
[[0;32m  OK  [0m] Listening on Device-mapper event daemon FIFOs.
         Mounting POSIX Message Queue File System...
[[0;32m  OK  [0m] Listening on RPCbind Server Activation Socket.
[[0;32m  OK  [0m] Set up automount Arbitrary Executabâ€¦rmats File System Automount Point.
[[0;32m  OK  [0m] Created slice User and Session Slice.
[[0;32m  OK  [0m] Reached target Slices.
[[0;32m  OK  [0m] Reached target RPC Port Mapper.
         Starting Monitoring of LVM2 mirrorsâ€¦ng dmeventd or progress polling...
[[0;32m  OK  [0m] Listening on multipathd control socket.
         Starting Load Kernel Modules...
         Starting Setup Virtual Console...
[[0;32m  OK  [0m] Created slice system-serial\x2dgetty.slice.
[[0;32m  OK  [0m] Listening on Process Core Dump Socket.
[[0;32m  OK  [0m] Reached target Swap.
         Mounting Kernel Debug File System...
[[0;32m  OK  [0m] Listening on Journal Socket (/dev/log).
[[0;32m  OK  [0m] Listening on udev Control Socket.
         Starting udev Coldplug all Devices...
[[0;32m  OK  [0m] Created slice system-getty.slice.
         Mounting Huge Pages File System...
         Starting Journal Service...
         Starting Remount Root and Kernel File Systems...
[[0;32m  OK  [0m] Created slice system-sshd\x2dkeygen.slice.
[[0;32m  OK  [0m] Mounted POSIX Message Queue File System.
[[0;32m  OK  [0m] Started Monitoring of LVM2 mirrors,â€¦sing dmeventd or progress polling.
[[0;1;31mFAILED[0m] Failed to start Load Kernel Modules.
See 'systemctl status systemd-modules-load.service' for details.
[[0;32m  OK  [0m] Mounted Kernel Debug File System.
[[0;32m  OK  [0m] Mounted Huge Pages File System.
         Mounting Kernel Configuration File System...
         Starting Apply Kernel Variables...
         Mounting FUSE Control File System...
[[0;32m  OK  [0m] Started Apply Kernel Variables.
[[0;32m  OK  [0m] Started Journal Service.
[[0;32m  OK  [0m] Mounted Kernel Configuration File System.
[[0;32m  OK  [0m] Mounted FUSE Control File System.
[    7.048457] EXT4-fs (sda): re-mounted. Quota mode: none.
[[0;32m  OK  [0m] Started Setup Virtual Console.
[[0;32m  OK  [0m] Started Remount Root and Kernel File Systems.
         Starting Flush Journal to Persistent Storage...
         Starting Load/Save Random Seed...
         Starting Create Static Device Nodes in /dev...
[[0;32m  OK  [0m] Started Flush Journal to Persistent Storage.
[[0;32m  OK  [0m] Started Load/Save Random Seed.
[[0;32m  OK  [0m] Started Create Static Device Nodes in /dev.
         Starting udev Kernel Device Manager...
[[0;32m  OK  [0m] Started udev Coldplug all Devices.
         Starting udev Wait for Complete Device Initialization...
[[0;32m  OK  [0m] Started udev Kernel Device Manager.
         Starting Show Plymouth Boot Screen...
[[0;32m  OK  [0m] Started Show Plymouth Boot Screen.
[[0;32m  OK  [0m] Reached target Paths.
[[0;32m  OK  [0m] Reached target Local Encrypted Volumes.
[[0;32m  OK  [0m] Started Forward Password Requests to Plymouth Directory Watch.
[[0;32m  OK  [0m] Found device /dev/ttyS0.
[[0;32m  OK  [0m] Started udev Wait for Complete Device Initialization.
[[0;32m  OK  [0m] Reached target Local File Systems (Pre).
[[0;32m  OK  [0m] Reached target Local File Systems.
         Starting Restore /run/initramfs on shutdown...
         Starting Create Volatile Files and Directories...
         Starting Tell Plymouth To Write Out Runtime Data...
[[0;32m  OK  [0m] Listening on Load/Save RF Kill Switch Status /dev/rfkill Watch.
[[0;32m  OK  [0m] Started Restore /run/initramfs on shutdown.
[[0;32m  OK  [0m] Started Tell Plymouth To Write Out Runtime Data.
[[0;32m  OK  [0m] Started Create Volatile Files and Directories.
         Starting RPC Bind...
         Starting Security Auditing Service...
         Mounting RPC Pipe File System...
[[0;32m  OK  [0m] Mounted RPC Pipe File System.
[[0;32m  OK  [0m] Started RPC Bind.
[[0;32m  OK  [0m] Reached target rpc_pipefs.target.
[[0;32m  OK  [0m] Started Security Auditing Service.
         Starting Update UTMP about System Boot/Shutdown...
[[0;32m  OK  [0m] Started Update UTMP about System Boot/Shutdown.
[[0;32m  OK  [0m] Reached target System Initialization.
[[0;32m  OK  [0m] Started dnf makecache --timer.
[[0;32m  OK  [0m] Listening on SSSD Kerberos Cache Manager responder socket.
[[0;32m  OK  [0m] Started daily update of the root trust anchor for DNSSEC.
[[0;32m  OK  [0m] Started Daily Cleanup of Temporary Directories.
[[0;32m  OK  [0m] Reached target Timers.
[[0;32m  OK  [0m] Listening on D-Bus System Message Bus Socket.
[[0;32m  OK  [0m] Reached target Sockets.
[[0;32m  OK  [0m] Reached target Basic System.
[[0;32m  OK  [0m] Started Machine Check Exception Logging Daemon.
         Starting Auto-connect to subsystemsâ€¦-NVME devices found during boot...
[[0;32m  OK  [0m] Started irqbalance daemon.
[[0;32m  OK  [0m] Started D-Bus System Message Bus.
         Starting Authorization Manager...
         Starting Login Service...
         Starting Network Manager...
[[0;32m  OK  [0m] Reached target sshd-keygen.target.
         Starting NTP client/server...
         Starting Self Monitoring and Reporting Technology (SMART) Daemon...
[[0;32m  OK  [0m] Started Auto-connect to subsystems â€¦FC-NVME devices found during boot.
         Starting update of the root trust aâ€¦or DNSSEC validation in unbound...
[[0;32m  OK  [0m] Started Login Service.
[[0;32m  OK  [0m] Started Self Monitoring and Reporting Technology (SMART) Daemon.
[[0;32m  OK  [0m] Started update of the root trust anâ€¦ for DNSSEC validation in unbound.
[[0;32m  OK  [0m] Started NTP client/server.
[[0;32m  OK  [0m] Started Network Manager.
[[0;32m  OK  [0m] Reached target Network.
         Starting Dynamic System Tuning Daemon...
         Starting GSSAPI Proxy Daemon...
         Starting OpenSSH server daemon...
         Starting Network Manager Wait Online...
[[0;32m  OK  [0m] Started Authorization Manager.
         Starting Hostname Service...
[[0;32m  OK  [0m] Started OpenSSH server daemon.
[[0;32m  OK  [0m] Started GSSAPI Proxy Daemon.
[[0;32m  OK  [0m] Reached target NFS client services.
[[0;32m  OK  [0m] Reached target Remote File Systems (Pre).
[[0;32m  OK  [0m] Reached target Remote File Systems.
         Starting Permit User Sessions...
[[0;32m  OK  [0m] Started Permit User Sessions.
         Starting Terminate Plymouth Boot Screen...
         Starting Hold until boot process finishes up...
[[0;32m  OK  [0m] Started Command Scheduler.
[    8.874810] e1000: eth0 NIC Link is Up 1000 Mbps Full Duplex, Flow Control: RX
[    8.875801] IPv6: ADDRCONF(NETDEV_CHANGE): eth0: link becomes ready
[    9.008649] Spectre V2 : WARNING: Unprivileged eBPF is enabled with eIBRS on, data leaks possible via Spectre v2 BHB attacks!
[    9.009321] Spectre V2 : WARNING: Unprivileged eBPF is enabled with eIBRS on, data leaks possible via Spectre v2 BHB attacks!

CentOS Stream 8
Kernel 5.19.0-rc5-fd7e672ea98b+ on an x86_64

test login: [   28.329281] warning: checkpointing journal with EXT4_IOC_CHECKPOINT_FLAG_ZEROOUT can be slow
[   28.593894] warning: checkpointing journal with EXT4_IOC_CHECKPOINT_FLAG_ZEROOUT can be slow
[   28.816245] warning: checkpointing journal with EXT4_IOC_CHECKPOINT_FLAG_ZEROOUT can be slow
[   29.036273] warning: checkpointing journal with EXT4_IOC_CHECKPOINT_FLAG_ZEROOUT can be slow
[   29.256619] warning: checkpointing journal with EXT4_IOC_CHECKPOINT_FLAG_ZEROOUT can be slow
[   29.476823] warning: checkpointing journal with EXT4_IOC_CHECKPOINT_FLAG_ZEROOUT can be slow
[   29.696973] warning: checkpointing journal with EXT4_IOC_CHECKPOINT_FLAG_ZEROOUT can be slow
[   29.917171] warning: checkpointing journal with EXT4_IOC_CHECKPOINT_FLAG_ZEROOUT can be slow
[   30.137697] warning: checkpointing journal with EXT4_IOC_CHECKPOINT_FLAG_ZEROOUT can be slow
[   30.357693] warning: checkpointing journal with EXT4_IOC_CHECKPOINT_FLAG_ZEROOUT can be slow
[   33.402094] ext4_ioctl_checkpoint: 13 callbacks suppressed
[   33.402106] warning: checkpointing journal with EXT4_IOC_CHECKPOINT_FLAG_ZEROOUT can be slow
[   33.619726] warning: checkpointing journal with EXT4_IOC_CHECKPOINT_FLAG_ZEROOUT can be slow
[   33.838764] warning: checkpointing journal with EXT4_IOC_CHECKPOINT_FLAG_ZEROOUT can be slow
[   34.057353] warning: checkpointing journal with EXT4_IOC_CHECKPOINT_FLAG_ZEROOUT can be slow
[   34.277591] warning: checkpointing journal with EXT4_IOC_CHECKPOINT_FLAG_ZEROOUT can be slow
[   34.498362] warning: checkpointing journal with EXT4_IOC_CHECKPOINT_FLAG_ZEROOUT can be slow
[   34.719891] warning: checkpointing journal with EXT4_IOC_CHECKPOINT_FLAG_ZEROOUT can be slow
[   34.940674] warning: checkpointing journal with EXT4_IOC_CHECKPOINT_FLAG_ZEROOUT can be slow
[   35.160552] warning: checkpointing journal with EXT4_IOC_CHECKPOINT_FLAG_ZEROOUT can be slow
[   35.381170] warning: checkpointing journal with EXT4_IOC_CHECKPOINT_FLAG_ZEROOUT can be slow
[   38.426521] ext4_ioctl_checkpoint: 13 callbacks suppressed
[   38.426533] warning: checkpointing journal with EXT4_IOC_CHECKPOINT_FLAG_ZEROOUT can be slow
[   38.644317] warning: checkpointing journal with EXT4_IOC_CHECKPOINT_FLAG_ZEROOUT can be slow
[   38.861507] warning: checkpointing journal with EXT4_IOC_CHECKPOINT_FLAG_ZEROOUT can be slow
[   39.081746] warning: checkpointing journal with EXT4_IOC_CHECKPOINT_FLAG_ZEROOUT can be slow
[   39.299941] warning: checkpointing journal with EXT4_IOC_CHECKPOINT_FLAG_ZEROOUT can be slow
[   39.518979] warning: checkpointing journal with EXT4_IOC_CHECKPOINT_FLAG_ZEROOUT can be slow
[   39.736230] warning: checkpointing journal with EXT4_IOC_CHECKPOINT_FLAG_ZEROOUT can be slow
[   39.953192] warning: checkpointing journal with EXT4_IOC_CHECKPOINT_FLAG_ZEROOUT can be slow
[   40.171047] warning: checkpointing journal with EXT4_IOC_CHECKPOINT_FLAG_ZEROOUT can be slow
[   40.387748] warning: checkpointing journal with EXT4_IOC_CHECKPOINT_FLAG_ZEROOUT can be slow
[   43.632177] ext4_ioctl_checkpoint: 14 callbacks suppressed
[   43.632189] warning: checkpointing journal with EXT4_IOC_CHECKPOINT_FLAG_ZEROOUT can be slow
[   43.849492] warning: checkpointing journal with EXT4_IOC_CHECKPOINT_FLAG_ZEROOUT can be slow
[   44.065736] warning: checkpointing journal with EXT4_IOC_CHECKPOINT_FLAG_ZEROOUT can be slow
[   44.282247] warning: checkpointing journal with EXT4_IOC_CHECKPOINT_FLAG_ZEROOUT can be slow
[   44.499854] warning: checkpointing journal with EXT4_IOC_CHECKPOINT_FLAG_ZEROOUT can be slow
[   44.716752] warning: checkpointing journal with EXT4_IOC_CHECKPOINT_FLAG_ZEROOUT can be slow
[   44.934413] warning: checkpointing journal with EXT4_IOC_CHECKPOINT_FLAG_ZEROOUT can be slow
[   45.151156] warning: checkpointing journal with EXT4_IOC_CHECKPOINT_FLAG_ZEROOUT can be slow
[   45.368173] warning: checkpointing journal with EXT4_IOC_CHECKPOINT_FLAG_ZEROOUT can be slow
[   45.584841] warning: checkpointing journal with EXT4_IOC_CHECKPOINT_FLAG_ZEROOUT can be slow
[   48.828896] ext4_ioctl_checkpoint: 14 callbacks suppressed
[   48.828908] warning: checkpointing journal with EXT4_IOC_CHECKPOINT_FLAG_ZEROOUT can be slow
[   49.045606] warning: checkpointing journal with EXT4_IOC_CHECKPOINT_FLAG_ZEROOUT can be slow
[   49.262241] warning: checkpointing journal with EXT4_IOC_CHECKPOINT_FLAG_ZEROOUT can be slow
[   49.478700] warning: checkpointing journal with EXT4_IOC_CHECKPOINT_FLAG_ZEROOUT can be slow
[   49.696212] warning: checkpointing journal with EXT4_IOC_CHECKPOINT_FLAG_ZEROOUT can be slow
[   49.914260] warning: checkpointing journal with EXT4_IOC_CHECKPOINT_FLAG_ZEROOUT can be slow
[   50.130830] warning: checkpointing journal with EXT4_IOC_CHECKPOINT_FLAG_ZEROOUT can be slow
[   50.347475] warning: checkpointing journal with EXT4_IOC_CHECKPOINT_FLAG_ZEROOUT can be slow
[   50.564071] warning: checkpointing journal with EXT4_IOC_CHECKPOINT_FLAG_ZEROOUT can be slow
[   50.780317] warning: checkpointing journal with EXT4_IOC_CHECKPOINT_FLAG_ZEROOUT can be slow
[   54.028506] ext4_ioctl_checkpoint: 14 callbacks suppressed
[   54.028518] warning: checkpointing journal with EXT4_IOC_CHECKPOINT_FLAG_ZEROOUT can be slow
[   54.245596] warning: checkpointing journal with EXT4_IOC_CHECKPOINT_FLAG_ZEROOUT can be slow
[   54.462321] warning: checkpointing journal with EXT4_IOC_CHECKPOINT_FLAG_ZEROOUT can be slow
[   54.678974] warning: checkpointing journal with EXT4_IOC_CHECKPOINT_FLAG_ZEROOUT can be slow
[   54.895236] warning: checkpointing journal with EXT4_IOC_CHECKPOINT_FLAG_ZEROOUT can be slow
[   55.112939] warning: checkpointing journal with EXT4_IOC_CHECKPOINT_FLAG_ZEROOUT can be slow
[   55.329055] warning: checkpointing journal with EXT4_IOC_CHECKPOINT_FLAG_ZEROOUT can be slow
[   55.545443] warning: checkpointing journal with EXT4_IOC_CHECKPOINT_FLAG_ZEROOUT can be slow
[   55.763553] warning: checkpointing journal with EXT4_IOC_CHECKPOINT_FLAG_ZEROOUT can be slow
[   55.980779] warning: checkpointing journal with EXT4_IOC_CHECKPOINT_FLAG_ZEROOUT can be slow
[   59.222140] ext4_ioctl_checkpoint: 14 callbacks suppressed
[   59.222151] warning: checkpointing journal with EXT4_IOC_CHECKPOINT_FLAG_ZEROOUT can be slow
[   59.439006] warning: checkpointing journal with EXT4_IOC_CHECKPOINT_FLAG_ZEROOUT can be slow
[   59.655640] warning: checkpointing journal with EXT4_IOC_CHECKPOINT_FLAG_ZEROOUT can be slow
[   59.873497] warning: checkpointing journal with EXT4_IOC_CHECKPOINT_FLAG_ZEROOUT can be slow
[   60.090033] warning: checkpointing journal with EXT4_IOC_CHECKPOINT_FLAG_ZEROOUT can be slow
[   60.306719] warning: checkpointing journal with EXT4_IOC_CHECKPOINT_FLAG_ZEROOUT can be slow
[   60.523783] warning: checkpointing journal with EXT4_IOC_CHECKPOINT_FLAG_ZEROOUT can be slow
[   60.740696] warning: checkpointing journal with EXT4_IOC_CHECKPOINT_FLAG_ZEROOUT can be slow
[   60.957680] warning: checkpointing journal with EXT4_IOC_CHECKPOINT_FLAG_ZEROOUT can be slow
[   61.174344] warning: checkpointing journal with EXT4_IOC_CHECKPOINT_FLAG_ZEROOUT can be slow
[   64.417895] ext4_ioctl_checkpoint: 14 callbacks suppressed
[   64.417907] warning: checkpointing journal with EXT4_IOC_CHECKPOINT_FLAG_ZEROOUT can be slow
[   64.634219] warning: checkpointing journal with EXT4_IOC_CHECKPOINT_FLAG_ZEROOUT can be slow
[   64.851401] warning: checkpointing journal with EXT4_IOC_CHECKPOINT_FLAG_ZEROOUT can be slow
[   65.068975] warning: checkpointing journal with EXT4_IOC_CHECKPOINT_FLAG_ZEROOUT can be slow
[   65.285188] warning: checkpointing journal with EXT4_IOC_CHECKPOINT_FLAG_ZEROOUT can be slow
[   65.501922] warning: checkpointing journal with EXT4_IOC_CHECKPOINT_FLAG_ZEROOUT can be slow
[   65.719172] warning: checkpointing journal with EXT4_IOC_CHECKPOINT_FLAG_ZEROOUT can be slow
[   65.935972] warning: checkpointing journal with EXT4_IOC_CHECKPOINT_FLAG_ZEROOUT can be slow
[   66.152962] warning: checkpointing journal with EXT4_IOC_CHECKPOINT_FLAG_ZEROOUT can be slow
[   66.369764] warning: checkpointing journal with EXT4_IOC_CHECKPOINT_FLAG_ZEROOUT can be slow
[   69.613043] ext4_ioctl_checkpoint: 14 callbacks suppressed
[   69.613054] warning: checkpointing journal with EXT4_IOC_CHECKPOINT_FLAG_ZEROOUT can be slow
[   69.830355] warning: checkpointing journal with EXT4_IOC_CHECKPOINT_FLAG_ZEROOUT can be slow
[   70.047770] warning: checkpointing journal with EXT4_IOC_CHECKPOINT_FLAG_ZEROOUT can be slow
[   70.265473] warning: checkpointing journal with EXT4_IOC_CHECKPOINT_FLAG_ZEROOUT can be slow
[   70.483434] warning: checkpointing journal with EXT4_IOC_CHECKPOINT_FLAG_ZEROOUT can be slow
[   70.699959] warning: checkpointing journal with EXT4_IOC_CHECKPOINT_FLAG_ZEROOUT can be slow
[   70.916424] warning: checkpointing journal with EXT4_IOC_CHECKPOINT_FLAG_ZEROOUT can be slow
[   71.132665] warning: checkpointing journal with EXT4_IOC_CHECKPOINT_FLAG_ZEROOUT can be slow
[   71.350837] warning: checkpointing journal with EXT4_IOC_CHECKPOINT_FLAG_ZEROOUT can be slow
[   71.568893] warning: checkpointing journal with EXT4_IOC_CHECKPOINT_FLAG_ZEROOUT can be slow
[   74.803168] ext4_ioctl_checkpoint: 14 callbacks suppressed
[   74.803180] warning: checkpointing journal with EXT4_IOC_CHECKPOINT_FLAG_ZEROOUT can be slow
[   75.020734] warning: checkpointing journal with EXT4_IOC_CHECKPOINT_FLAG_ZEROOUT can be slow
[   75.237073] warning: checkpointing journal with EXT4_IOC_CHECKPOINT_FLAG_ZEROOUT can be slow
[   75.453331] warning: checkpointing journal with EXT4_IOC_CHECKPOINT_FLAG_ZEROOUT can be slow
[   75.670143] warning: checkpointing journal with EXT4_IOC_CHECKPOINT_FLAG_ZEROOUT can be slow
[   75.887023] warning: checkpointing journal with EXT4_IOC_CHECKPOINT_FLAG_ZEROOUT can be slow
[   76.103111] warning: checkpointing journal with EXT4_IOC_CHECKPOINT_FLAG_ZEROOUT can be slow
[   76.320178] warning: checkpointing journal with EXT4_IOC_CHECKPOINT_FLAG_ZEROOUT can be slow
[   76.536965] warning: checkpointing journal with EXT4_IOC_CHECKPOINT_FLAG_ZEROOUT can be slow
[   76.753405] warning: checkpointing journal with EXT4_IOC_CHECKPOINT_FLAG_ZEROOUT can be slow
[   79.997790] ext4_ioctl_checkpoint: 14 callbacks suppressed
[   79.997802] warning: checkpointing journal with EXT4_IOC_CHECKPOINT_FLAG_ZEROOUT can be slow
[   80.215208] warning: checkpointing journal with EXT4_IOC_CHECKPOINT_FLAG_ZEROOUT can be slow
[   80.431659] warning: checkpointing journal with EXT4_IOC_CHECKPOINT_FLAG_ZEROOUT can be slow
[   80.648503] warning: checkpointing journal with EXT4_IOC_CHECKPOINT_FLAG_ZEROOUT can be slow
[   80.865340] warning: checkpointing journal with EXT4_IOC_CHECKPOINT_FLAG_ZEROOUT can be slow
[   81.082050] warning: checkpointing journal with EXT4_IOC_CHECKPOINT_FLAG_ZEROOUT can be slow
[   81.298513] warning: checkpointing journal with EXT4_IOC_CHECKPOINT_FLAG_ZEROOUT can be slow
[   81.514767] warning: checkpointing journal with EXT4_IOC_CHECKPOINT_FLAG_ZEROOUT can be slow
[   81.731222] warning: checkpointing journal with EXT4_IOC_CHECKPOINT_FLAG_ZEROOUT can be slow
[   81.947702] warning: checkpointing journal with EXT4_IOC_CHECKPOINT_FLAG_ZEROOUT can be slow
[   85.194682] ext4_ioctl_checkpoint: 14 callbacks suppressed
[   85.194693] warning: checkpointing journal with EXT4_IOC_CHECKPOINT_FLAG_ZEROOUT can be slow
[   85.411985] warning: checkpointing journal with EXT4_IOC_CHECKPOINT_FLAG_ZEROOUT can be slow
[   85.628674] warning: checkpointing journal with EXT4_IOC_CHECKPOINT_FLAG_ZEROOUT can be slow
[   85.845655] warning: checkpointing journal with EXT4_IOC_CHECKPOINT_FLAG_ZEROOUT can be slow
[   86.062249] warning: checkpointing journal with EXT4_IOC_CHECKPOINT_FLAG_ZEROOUT can be slow
[   86.278816] warning: checkpointing journal with EXT4_IOC_CHECKPOINT_FLAG_ZEROOUT can be slow
[   86.494652] warning: checkpointing journal with EXT4_IOC_CHECKPOINT_FLAG_ZEROOUT can be slow
[   86.711403] warning: checkpointing journal with EXT4_IOC_CHECKPOINT_FLAG_ZEROOUT can be slow
[   86.928667] warning: checkpointing journal with EXT4_IOC_CHECKPOINT_FLAG_ZEROOUT can be slow
[   87.145217] warning: checkpointing journal with EXT4_IOC_CHECKPOINT_FLAG_ZEROOUT can be slow
[   90.229690] ext4_ioctl_checkpoint: 13 callbacks suppressed
[   90.229701] warning: checkpointing journal with EXT4_IOC_CHECKPOINT_FLAG_ZEROOUT can be slow
[   90.446302] warning: checkpointing journal with EXT4_IOC_CHECKPOINT_FLAG_ZEROOUT can be slow
[   90.662461] warning: checkpointing journal with EXT4_IOC_CHECKPOINT_FLAG_ZEROOUT can be slow
[   90.878413] warning: checkpointing journal with EXT4_IOC_CHECKPOINT_FLAG_ZEROOUT can be slow
[   91.095082] warning: checkpointing journal with EXT4_IOC_CHECKPOINT_FLAG_ZEROOUT can be slow
[   91.312389] warning: checkpointing journal with EXT4_IOC_CHECKPOINT_FLAG_ZEROOUT can be slow
[   91.529258] warning: checkpointing journal with EXT4_IOC_CHECKPOINT_FLAG_ZEROOUT can be slow
[   91.746565] warning: checkpointing journal with EXT4_IOC_CHECKPOINT_FLAG_ZEROOUT can be slow
[   91.964098] warning: checkpointing journal with EXT4_IOC_CHECKPOINT_FLAG_ZEROOUT can be slow
[   92.180575] warning: checkpointing journal with EXT4_IOC_CHECKPOINT_FLAG_ZEROOUT can be slow
[   95.420523] ext4_ioctl_checkpoint: 14 callbacks suppressed
[   95.420535] warning: checkpointing journal with EXT4_IOC_CHECKPOINT_FLAG_ZEROOUT can be slow
[   95.637341] warning: checkpointing journal with EXT4_IOC_CHECKPOINT_FLAG_ZEROOUT can be slow
[   95.853438] warning: checkpointing journal with EXT4_IOC_CHECKPOINT_FLAG_ZEROOUT can be slow
[   96.072714] warning: checkpointing journal with EXT4_IOC_CHECKPOINT_FLAG_ZEROOUT can be slow
[   96.291630] warning: checkpointing journal with EXT4_IOC_CHECKPOINT_FLAG_ZEROOUT can be slow
[   96.509754] warning: checkpointing journal with EXT4_IOC_CHECKPOINT_FLAG_ZEROOUT can be slow
[   96.727850] warning: checkpointing journal with EXT4_IOC_CHECKPOINT_FLAG_ZEROOUT can be slow
[   96.944807] warning: checkpointing journal with EXT4_IOC_CHECKPOINT_FLAG_ZEROOUT can be slow
[   97.162327] warning: checkpointing journal with EXT4_IOC_CHECKPOINT_FLAG_ZEROOUT can be slow
[   97.379028] warning: checkpointing journal with EXT4_IOC_CHECKPOINT_FLAG_ZEROOUT can be slow
[  100.621653] ext4_ioctl_checkpoint: 14 callbacks suppressed
[  100.621665] warning: checkpointing journal with EXT4_IOC_CHECKPOINT_FLAG_ZEROOUT can be slow
[  100.838406] warning: checkpointing journal with EXT4_IOC_CHECKPOINT_FLAG_ZEROOUT can be slow
[  101.055273] warning: checkpointing journal with EXT4_IOC_CHECKPOINT_FLAG_ZEROOUT can be slow
[  101.271881] warning: checkpointing journal with EXT4_IOC_CHECKPOINT_FLAG_ZEROOUT can be slow
[  101.488648] warning: checkpointing journal with EXT4_IOC_CHECKPOINT_FLAG_ZEROOUT can be slow
[  101.705757] warning: checkpointing journal with EXT4_IOC_CHECKPOINT_FLAG_ZEROOUT can be slow
[  101.923509] warning: checkpointing journal with EXT4_IOC_CHECKPOINT_FLAG_ZEROOUT can be slow
[  102.140289] warning: checkpointing journal with EXT4_IOC_CHECKPOINT_FLAG_ZEROOUT can be slow
[  102.357634] warning: checkpointing journal with EXT4_IOC_CHECKPOINT_FLAG_ZEROOUT can be slow
[  102.574138] warning: checkpointing journal with EXT4_IOC_CHECKPOINT_FLAG_ZEROOUT can be slow
[  105.813397] ext4_ioctl_checkpoint: 14 callbacks suppressed
[  105.813413] warning: checkpointing journal with EXT4_IOC_CHECKPOINT_FLAG_ZEROOUT can be slow
[  106.029887] warning: checkpointing journal with EXT4_IOC_CHECKPOINT_FLAG_ZEROOUT can be slow
[  106.246075] warning: checkpointing journal with EXT4_IOC_CHECKPOINT_FLAG_ZEROOUT can be slow
[  106.462941] warning: checkpointing journal with EXT4_IOC_CHECKPOINT_FLAG_ZEROOUT can be slow
[  106.680149] warning: checkpointing journal with EXT4_IOC_CHECKPOINT_FLAG_ZEROOUT can be slow
[  106.897847] warning: checkpointing journal with EXT4_IOC_CHECKPOINT_FLAG_ZEROOUT can be slow
[  107.114129] warning: checkpointing journal with EXT4_IOC_CHECKPOINT_FLAG_ZEROOUT can be slow
[  107.330483] warning: checkpointing journal with EXT4_IOC_CHECKPOINT_FLAG_ZEROOUT can be slow
[  107.547276] warning: checkpointing journal with EXT4_IOC_CHECKPOINT_FLAG_ZEROOUT can be slow
[  107.763673] warning: checkpointing journal with EXT4_IOC_CHECKPOINT_FLAG_ZEROOUT can be slow
[  111.004069] ext4_ioctl_checkpoint: 14 callbacks suppressed
[  111.004081] warning: checkpointing journal with EXT4_IOC_CHECKPOINT_FLAG_ZEROOUT can be slow
[  111.220759] warning: checkpointing journal with EXT4_IOC_CHECKPOINT_FLAG_ZEROOUT can be slow
[  111.437204] warning: checkpointing journal with EXT4_IOC_CHECKPOINT_FLAG_ZEROOUT can be slow
[  111.654509] warning: checkpointing journal with EXT4_IOC_CHECKPOINT_FLAG_ZEROOUT can be slow
[  111.871504] warning: checkpointing journal with EXT4_IOC_CHECKPOINT_FLAG_ZEROOUT can be slow
[  112.088742] warning: checkpointing journal with EXT4_IOC_CHECKPOINT_FLAG_ZEROOUT can be slow
[  112.305451] warning: checkpointing journal with EXT4_IOC_CHECKPOINT_FLAG_ZEROOUT can be slow
[  112.522499] warning: checkpointing journal with EXT4_IOC_CHECKPOINT_FLAG_ZEROOUT can be slow
[  112.739243] warning: checkpointing journal with EXT4_IOC_CHECKPOINT_FLAG_ZEROOUT can be slow
[  112.955743] warning: checkpointing journal with EXT4_IOC_CHECKPOINT_FLAG_ZEROOUT can be slow
[  116.199898] ext4_ioctl_checkpoint: 14 callbacks suppressed
[  116.199911] warning: checkpointing journal with EXT4_IOC_CHECKPOINT_FLAG_ZEROOUT can be slow
[  116.416838] warning: checkpointing journal with EXT4_IOC_CHECKPOINT_FLAG_ZEROOUT can be slow
[  116.633766] warning: checkpointing journal with EXT4_IOC_CHECKPOINT_FLAG_ZEROOUT can be slow
[  116.850936] warning: checkpointing journal with EXT4_IOC_CHECKPOINT_FLAG_ZEROOUT can be slow
[  117.071674] warning: checkpointing journal with EXT4_IOC_CHECKPOINT_FLAG_ZEROOUT can be slow
[  117.292235] warning: checkpointing journal with EXT4_IOC_CHECKPOINT_FLAG_ZEROOUT can be slow
[  117.514158] warning: checkpointing journal with EXT4_IOC_CHECKPOINT_FLAG_ZEROOUT can be slow
[  117.735121] warning: checkpointing journal with EXT4_IOC_CHECKPOINT_FLAG_ZEROOUT can be slow
[  117.955869] warning: checkpointing journal with EXT4_IOC_CHECKPOINT_FLAG_ZEROOUT can be slow
[  118.175218] warning: checkpointing journal with EXT4_IOC_CHECKPOINT_FLAG_ZEROOUT can be slow
[  121.212235] ext4_ioctl_checkpoint: 13 callbacks suppressed
[  121.212247] warning: checkpointing journal with EXT4_IOC_CHECKPOINT_FLAG_ZEROOUT can be slow
[  121.431569] warning: checkpointing journal with EXT4_IOC_CHECKPOINT_FLAG_ZEROOUT can be slow
[  121.650653] warning: checkpointing journal with EXT4_IOC_CHECKPOINT_FLAG_ZEROOUT can be slow
[  121.868614] warning: checkpointing journal with EXT4_IOC_CHECKPOINT_FLAG_ZEROOUT can be slow
[  122.085890] warning: checkpointing journal with EXT4_IOC_CHECKPOINT_FLAG_ZEROOUT can be slow
[  122.303647] warning: checkpointing journal with EXT4_IOC_CHECKPOINT_FLAG_ZEROOUT can be slow
[  122.523798] warning: checkpointing journal with EXT4_IOC_CHECKPOINT_FLAG_ZEROOUT can be slow
[  122.743769] warning: checkpointing journal with EXT4_IOC_CHECKPOINT_FLAG_ZEROOUT can be slow
[  122.963424] warning: checkpointing journal with EXT4_IOC_CHECKPOINT_FLAG_ZEROOUT can be slow
[  123.181972] warning: checkpointing journal with EXT4_IOC_CHECKPOINT_FLAG_ZEROOUT can be slow
[  126.261670] ext4_ioctl_checkpoint: 13 callbacks suppressed
[  126.261682] warning: checkpointing journal with EXT4_IOC_CHECKPOINT_FLAG_ZEROOUT can be slow
[  126.482744] warning: checkpointing journal with EXT4_IOC_CHECKPOINT_FLAG_ZEROOUT can be slow
[  126.702713] warning: checkpointing journal with EXT4_IOC_CHECKPOINT_FLAG_ZEROOUT can be slow
[  126.922202] warning: checkpointing journal with EXT4_IOC_CHECKPOINT_FLAG_ZEROOUT can be slow
[  127.140782] warning: checkpointing journal with EXT4_IOC_CHECKPOINT_FLAG_ZEROOUT can be slow
[  127.360360] warning: checkpointing journal with EXT4_IOC_CHECKPOINT_FLAG_ZEROOUT can be slow
[  127.579259] warning: checkpointing journal with EXT4_IOC_CHECKPOINT_FLAG_ZEROOUT can be slow
[  127.798296] warning: checkpointing journal with EXT4_IOC_CHECKPOINT_FLAG_ZEROOUT can be slow
[  128.017119] warning: checkpointing journal with EXT4_IOC_CHECKPOINT_FLAG_ZEROOUT can be slow
[  128.234717] warning: checkpointing journal with EXT4_IOC_CHECKPOINT_FLAG_ZEROOUT can be slow
[  131.284270] ext4_ioctl_checkpoint: 13 callbacks suppressed
[  131.284281] warning: checkpointing journal with EXT4_IOC_CHECKPOINT_FLAG_ZEROOUT can be slow
[  131.501548] warning: checkpointing journal with EXT4_IOC_CHECKPOINT_FLAG_ZEROOUT can be slow
[  131.718698] warning: checkpointing journal with EXT4_IOC_CHECKPOINT_FLAG_ZEROOUT can be slow
[  131.936261] warning: checkpointing journal with EXT4_IOC_CHECKPOINT_FLAG_ZEROOUT can be slow
[  132.153546] warning: checkpointing journal with EXT4_IOC_CHECKPOINT_FLAG_ZEROOUT can be slow
[  132.370756] warning: checkpointing journal with EXT4_IOC_CHECKPOINT_FLAG_ZEROOUT can be slow
[  132.587358] warning: checkpointing journal with EXT4_IOC_CHECKPOINT_FLAG_ZEROOUT can be slow
[  132.805505] warning: checkpointing journal with EXT4_IOC_CHECKPOINT_FLAG_ZEROOUT can be slow
[  133.024889] warning: checkpointing journal with EXT4_IOC_CHECKPOINT_FLAG_ZEROOUT can be slow
[  133.241940] warning: checkpointing journal with EXT4_IOC_CHECKPOINT_FLAG_ZEROOUT can be slow
[  136.500801] ext4_ioctl_checkpoint: 14 callbacks suppressed
[  136.500813] warning: checkpointing journal with EXT4_IOC_CHECKPOINT_FLAG_ZEROOUT can be slow
[  136.720548] warning: checkpointing journal with EXT4_IOC_CHECKPOINT_FLAG_ZEROOUT can be slow
[  136.939097] warning: checkpointing journal with EXT4_IOC_CHECKPOINT_FLAG_ZEROOUT can be slow
[  137.157053] warning: checkpointing journal with EXT4_IOC_CHECKPOINT_FLAG_ZEROOUT can be slow
[  137.375775] warning: checkpointing journal with EXT4_IOC_CHECKPOINT_FLAG_ZEROOUT can be slow
[  137.594290] warning: checkpointing journal with EXT4_IOC_CHECKPOINT_FLAG_ZEROOUT can be slow
[  137.812531] warning: checkpointing journal with EXT4_IOC_CHECKPOINT_FLAG_ZEROOUT can be slow
[  138.030590] warning: checkpointing journal with EXT4_IOC_CHECKPOINT_FLAG_ZEROOUT can be slow
[  138.248329] warning: checkpointing journal with EXT4_IOC_CHECKPOINT_FLAG_ZEROOUT can be slow
[  138.465085] warning: checkpointing journal with EXT4_IOC_CHECKPOINT_FLAG_ZEROOUT can be slow
[  141.511453] ext4_ioctl_checkpoint: 13 callbacks suppressed
[  141.511465] warning: checkpointing journal with EXT4_IOC_CHECKPOINT_FLAG_ZEROOUT can be slow
[  141.728943] warning: checkpointing journal with EXT4_IOC_CHECKPOINT_FLAG_ZEROOUT can be slow
[  141.945579] warning: checkpointing journal with EXT4_IOC_CHECKPOINT_FLAG_ZEROOUT can be slow
[  142.162730] warning: checkpointing journal with EXT4_IOC_CHECKPOINT_FLAG_ZEROOUT can be slow
[  142.379633] warning: checkpointing journal with EXT4_IOC_CHECKPOINT_FLAG_ZEROOUT can be slow
[  142.597386] warning: checkpointing journal with EXT4_IOC_CHECKPOINT_FLAG_ZEROOUT can be slow
[  142.814496] warning: checkpointing journal with EXT4_IOC_CHECKPOINT_FLAG_ZEROOUT can be slow
[  143.037097] warning: checkpointing journal with EXT4_IOC_CHECKPOINT_FLAG_ZEROOUT can be slow
[  143.255566] warning: checkpointing journal with EXT4_IOC_CHECKPOINT_FLAG_ZEROOUT can be slow
[  143.472598] warning: checkpointing journal with EXT4_IOC_CHECKPOINT_FLAG_ZEROOUT can be slow
[  146.720913] ext4_ioctl_checkpoint: 14 callbacks suppressed
[  146.720924] warning: checkpointing journal with EXT4_IOC_CHECKPOINT_FLAG_ZEROOUT can be slow
[  146.937204] warning: checkpointing journal with EXT4_IOC_CHECKPOINT_FLAG_ZEROOUT can be slow
[  147.153445] warning: checkpointing journal with EXT4_IOC_CHECKPOINT_FLAG_ZEROOUT can be slow
[  147.370471] warning: checkpointing journal with EXT4_IOC_CHECKPOINT_FLAG_ZEROOUT can be slow
[  147.587778] warning: checkpointing journal with EXT4_IOC_CHECKPOINT_FLAG_ZEROOUT can be slow
[  147.804410] warning: checkpointing journal with EXT4_IOC_CHECKPOINT_FLAG_ZEROOUT can be slow
[  148.022022] warning: checkpointing journal with EXT4_IOC_CHECKPOINT_FLAG_ZEROOUT can be slow
[  148.238759] warning: checkpointing journal with EXT4_IOC_CHECKPOINT_FLAG_ZEROOUT can be slow
[  148.455302] warning: checkpointing journal with EXT4_IOC_CHECKPOINT_FLAG_ZEROOUT can be slow
[  148.672149] warning: checkpointing journal with EXT4_IOC_CHECKPOINT_FLAG_ZEROOUT can be slow
[  151.749102] ext4_ioctl_checkpoint: 13 callbacks suppressed
[  151.749114] warning: checkpointing journal with EXT4_IOC_CHECKPOINT_FLAG_ZEROOUT can be slow
[  151.966261] warning: checkpointing journal with EXT4_IOC_CHECKPOINT_FLAG_ZEROOUT can be slow
[  152.183943] warning: checkpointing journal with EXT4_IOC_CHECKPOINT_FLAG_ZEROOUT can be slow
[  152.400209] warning: checkpointing journal with EXT4_IOC_CHECKPOINT_FLAG_ZEROOUT can be slow
[  152.616866] warning: checkpointing journal with EXT4_IOC_CHECKPOINT_FLAG_ZEROOUT can be slow
[  152.838851] warning: checkpointing journal with EXT4_IOC_CHECKPOINT_FLAG_ZEROOUT can be slow
[  153.058983] warning: checkpointing journal with EXT4_IOC_CHECKPOINT_FLAG_ZEROOUT can be slow
[  153.276604] warning: checkpointing journal with EXT4_IOC_CHECKPOINT_FLAG_ZEROOUT can be slow
[  153.494154] warning: checkpointing journal with EXT4_IOC_CHECKPOINT_FLAG_ZEROOUT can be slow
[  153.711435] warning: checkpointing journal with EXT4_IOC_CHECKPOINT_FLAG_ZEROOUT can be slow
[  156.963540] ext4_ioctl_checkpoint: 14 callbacks suppressed
[  156.963553] warning: checkpointing journal with EXT4_IOC_CHECKPOINT_FLAG_ZEROOUT can be slow
[  157.180546] warning: checkpointing journal with EXT4_IOC_CHECKPOINT_FLAG_ZEROOUT can be slow
[  157.397064] warning: checkpointing journal with EXT4_IOC_CHECKPOINT_FLAG_ZEROOUT can be slow
[  157.614305] warning: checkpointing journal with EXT4_IOC_CHECKPOINT_FLAG_ZEROOUT can be slow
[  157.831752] warning: checkpointing journal with EXT4_IOC_CHECKPOINT_FLAG_ZEROOUT can be slow
[  158.048298] warning: checkpointing journal with EXT4_IOC_CHECKPOINT_FLAG_ZEROOUT can be slow
[  158.264521] warning: checkpointing journal with EXT4_IOC_CHECKPOINT_FLAG_ZEROOUT can be slow
[  158.481286] warning: checkpointing journal with EXT4_IOC_CHECKPOINT_FLAG_ZEROOUT can be slow
[  158.698385] warning: checkpointing journal with EXT4_IOC_CHECKPOINT_FLAG_ZEROOUT can be slow
[  158.915429] warning: checkpointing journal with EXT4_IOC_CHECKPOINT_FLAG_ZEROOUT can be slow
[  162.173854] ext4_ioctl_checkpoint: 14 callbacks suppressed
[  162.173866] warning: checkpointing journal with EXT4_IOC_CHECKPOINT_FLAG_ZEROOUT can be slow
[  162.391326] warning: checkpointing journal with EXT4_IOC_CHECKPOINT_FLAG_ZEROOUT can be slow
[  162.608721] warning: checkpointing journal with EXT4_IOC_CHECKPOINT_FLAG_ZEROOUT can be slow
[  162.827244] warning: checkpointing journal with EXT4_IOC_CHECKPOINT_FLAG_ZEROOUT can be slow
[  163.044067] warning: checkpointing journal with EXT4_IOC_CHECKPOINT_FLAG_ZEROOUT can be slow
[  163.260517] warning: checkpointing journal with EXT4_IOC_CHECKPOINT_FLAG_ZEROOUT can be slow
[  163.477286] warning: checkpointing journal with EXT4_IOC_CHECKPOINT_FLAG_ZEROOUT can be slow
[  163.693793] warning: checkpointing journal with EXT4_IOC_CHECKPOINT_FLAG_ZEROOUT can be slow
[  163.910985] warning: checkpointing journal with EXT4_IOC_CHECKPOINT_FLAG_ZEROOUT can be slow
[  164.127316] warning: checkpointing journal with EXT4_IOC_CHECKPOINT_FLAG_ZEROOUT can be slow
[  167.372044] ext4_ioctl_checkpoint: 14 callbacks suppressed
[  167.372056] warning: checkpointing journal with EXT4_IOC_CHECKPOINT_FLAG_ZEROOUT can be slow
[  167.588770] warning: checkpointing journal with EXT4_IOC_CHECKPOINT_FLAG_ZEROOUT can be slow
[  167.805039] warning: checkpointing journal with EXT4_IOC_CHECKPOINT_FLAG_ZEROOUT can be slow
[  168.021905] warning: checkpointing journal with EXT4_IOC_CHECKPOINT_FLAG_ZEROOUT can be slow
[  168.239531] warning: checkpointing journal with EXT4_IOC_CHECKPOINT_FLAG_ZEROOUT can be slow
[  168.455737] warning: checkpointing journal with EXT4_IOC_CHECKPOINT_FLAG_ZEROOUT can be slow
[  168.673156] warning: checkpointing journal with EXT4_IOC_CHECKPOINT_FLAG_ZEROOUT can be slow
[  168.889990] warning: checkpointing journal with EXT4_IOC_CHECKPOINT_FLAG_ZEROOUT can be slow
[  169.106652] warning: checkpointing journal with EXT4_IOC_CHECKPOINT_FLAG_ZEROOUT can be slow
[  169.323175] warning: checkpointing journal with EXT4_IOC_CHECKPOINT_FLAG_ZEROOUT can be slow
[  172.579562] ext4_ioctl_checkpoint: 14 callbacks suppressed
[  172.579574] warning: checkpointing journal with EXT4_IOC_CHECKPOINT_FLAG_ZEROOUT can be slow
[  172.797734] warning: checkpointing journal with EXT4_IOC_CHECKPOINT_FLAG_ZEROOUT can be slow
[  173.015038] warning: checkpointing journal with EXT4_IOC_CHECKPOINT_FLAG_ZEROOUT can be slow
[  173.231581] warning: checkpointing journal with EXT4_IOC_CHECKPOINT_FLAG_ZEROOUT can be slow
[  173.448336] warning: checkpointing journal with EXT4_IOC_CHECKPOINT_FLAG_ZEROOUT can be slow
[  173.665033] warning: checkpointing journal with EXT4_IOC_CHECKPOINT_FLAG_ZEROOUT can be slow
[  173.882247] warning: checkpointing journal with EXT4_IOC_CHECKPOINT_FLAG_ZEROOUT can be slow
[  174.099235] warning: checkpointing journal with EXT4_IOC_CHECKPOINT_FLAG_ZEROOUT can be slow
[  174.316386] warning: checkpointing journal with EXT4_IOC_CHECKPOINT_FLAG_ZEROOUT can be slow
