c[?7l[2J[0mSeaBIOS (version rel-1.16.0-0-gd239552ce722-prebuilt.qemu.org)


iPXE (http://ipxe.org) 00:03.0 CA00 PCI2.10 PnP PMM+7FF91000+7FEF1000 CA00
Press Ctrl-B to configure iPXE (PCI 00:03.0)...                                                                               


Booting from ROM..c[?7l[2J[0m.[    0.000000] Linux version 6.4.0-rc4-1419c3ba3144+ (root@p-rpls01) (gcc (GCC) 8.5.0 20210514 (Red Hat 8.5.0-19), GNU ld version 2.36.1-2.el8) #1 SMP PREEMPT_DYNAMIC Wed Jun 28 14:02:12 CST 2023
[    0.000000] Command line: console=ttyS0 root=/dev/sda earlyprintk=serial net.ifnames=0 quiet plymouth.enable=0
[    0.000000] KERNEL supported cpus:
[    0.000000]   Intel GenuineIntel
[    0.000000]   AMD AuthenticAMD
[    0.000000]   Hygon HygonGenuine
[    0.000000]   Centaur CentaurHauls
[    0.000000]   zhaoxin   Shanghai  
[    0.000000] x86/fpu: Supporting XSAVE feature 0x001: 'x87 floating point registers'
[    0.000000] x86/fpu: Supporting XSAVE feature 0x002: 'SSE registers'
[    0.000000] x86/fpu: Supporting XSAVE feature 0x004: 'AVX registers'
[    0.000000] x86/fpu: Supporting XSAVE feature 0x200: 'Protection Keys User registers'
[    0.000000] x86/fpu: xstate_offset[2]:  576, xstate_sizes[2]:  256
[    0.000000] x86/fpu: xstate_offset[9]:  832, xstate_sizes[9]:    8
[    0.000000] x86/fpu: Enabled xstate features 0x207, context size is 840 bytes, using 'compacted' format.
[    0.000000] signal: max sigframe size: 3632
[    0.000000] BIOS-provided physical RAM map:
[    0.000000] BIOS-e820: [mem 0x0000000000000000-0x000000000009fbff] usable
[    0.000000] BIOS-e820: [mem 0x000000000009fc00-0x000000000009ffff] reserved
[    0.000000] BIOS-e820: [mem 0x00000000000f0000-0x00000000000fffff] reserved
[    0.000000] BIOS-e820: [mem 0x0000000000100000-0x000000007ffdffff] usable
[    0.000000] BIOS-e820: [mem 0x000000007ffe0000-0x000000007fffffff] reserved
[    0.000000] BIOS-e820: [mem 0x00000000feffc000-0x00000000feffffff] reserved
[    0.000000] BIOS-e820: [mem 0x00000000fffc0000-0x00000000ffffffff] reserved
[    0.000000] printk: bootconsole [earlyser0] enabled
[    0.328477] Spectre V2 : WARNING: Unprivileged eBPF is enabled with eIBRS on, data leaks possible via Spectre v2 BHB attacks!
[    9.162630] systemd[1]: Failed to start Load Kernel Modules.
[[0;1;31mFAILED[0m] Failed to start [0;1;39mLoad Kernel Modules[0m.

CentOS Stream 9
Kernel 6.4.0-rc4-1419c3ba3144+ on an x86_64

Activate the web console with: systemctl enable --now cockpit.socket

test login: [   26.276319] loop0: detected capacity change from 0 to 2048
[   26.285395] EXT4-fs (loop0): mounted filesystem 00000000-0000-0000-0000-000000000000 r/w without journal. Quota mode: none.
[   26.310806] EXT4-fs (loop0): unmounting filesystem 00000000-0000-0000-0000-000000000000.
[   26.335274] loop0: detected capacity change from 0 to 2048
[   26.340375] EXT4-fs (loop0): mounted filesystem 00000000-0000-0000-0000-000000000000 r/w without journal. Quota mode: none.
[   26.367135] EXT4-fs (loop0): unmounting filesystem 00000000-0000-0000-0000-000000000000.
[   26.389516] loop0: detected capacity change from 0 to 2048
[   26.399972] EXT4-fs (loop0): mounted filesystem 00000000-0000-0000-0000-000000000000 r/w without journal. Quota mode: none.
[   26.424935] EXT4-fs (loop0): unmounting filesystem 00000000-0000-0000-0000-000000000000.
[   26.458912] loop0: detected capacity change from 0 to 2048
[   26.464676] EXT4-fs (loop0): mounted filesystem 00000000-0000-0000-0000-000000000000 r/w without journal. Quota mode: none.
[   26.472132] EXT4-fs (loop0): unmounting filesystem 00000000-0000-0000-0000-000000000000.
[   26.489435] loop0: detected capacity change from 0 to 2048
[   26.490561] I/O error, dev loop0, sector 0 op 0x0:(READ) flags 0x80700 phys_seg 1 prio class 2
[   26.490667] I/O error, dev loop0, sector 0 op 0x0:(READ) flags 0x0 phys_seg 1 prio class 2
[   26.493730] Buffer I/O error on dev loop0, logical block 0, async page read
[   26.499944] EXT4-fs (loop0): mounted filesystem 00000000-0000-0000-0000-000000000000 r/w without journal. Quota mode: none.
[   26.512540] EXT4-fs (loop0): unmounting filesystem 00000000-0000-0000-0000-000000000000.
[   26.559670] loop0: detected capacity change from 0 to 2048
[   26.572674] EXT4-fs (loop0): mounted filesystem 00000000-0000-0000-0000-000000000000 r/w without journal. Quota mode: none.
[   26.580001] EXT4-fs (loop0): unmounting filesystem 00000000-0000-0000-0000-000000000000.
[   26.626558] loop0: detected capacity change from 0 to 2048
[   26.631630] EXT4-fs (loop0): mounted filesystem 00000000-0000-0000-0000-000000000000 r/w without journal. Quota mode: none.
[   26.640426] EXT4-fs (loop0): unmounting filesystem 00000000-0000-0000-0000-000000000000.
[   26.663158] loop0: detected capacity change from 0 to 2048
[   26.671386] EXT4-fs (loop0): mounted filesystem 00000000-0000-0000-0000-000000000000 r/w without journal. Quota mode: none.
[   26.685676] EXT4-fs (loop0): unmounting filesystem 00000000-0000-0000-0000-000000000000.
[   26.706799] loop0: detected capacity change from 0 to 2048
[   26.715846] EXT4-fs (loop0): mounted filesystem 00000000-0000-0000-0000-000000000000 r/w without journal. Quota mode: none.
[   26.739675] EXT4-fs (loop0): unmounting filesystem 00000000-0000-0000-0000-000000000000.
[   26.760951] loop0: detected capacity change from 0 to 2048
[   26.768018] EXT4-fs (loop0): mounted filesystem 00000000-0000-0000-0000-000000000000 r/w without journal. Quota mode: none.
[   26.775683] EXT4-fs (loop0): unmounting filesystem 00000000-0000-0000-0000-000000000000.
[   26.796826] loop0: detected capacity change from 0 to 2048
[   26.814972] EXT4-fs (loop0): mounted filesystem 00000000-0000-0000-0000-000000000000 r/w without journal. Quota mode: none.
[   26.822509] EXT4-fs (loop0): unmounting filesystem 00000000-0000-0000-0000-000000000000.
[   26.866738] loop0: detected capacity change from 0 to 2048
[   26.872394] EXT4-fs (loop0): mounted filesystem 00000000-0000-0000-0000-000000000000 r/w without journal. Quota mode: none.
[   26.881784] EXT4-fs (loop0): unmounting filesystem 00000000-0000-0000-0000-000000000000.
[   26.924798] loop0: detected capacity change from 0 to 2048
[   26.932068] EXT4-fs (loop0): mounted filesystem 00000000-0000-0000-0000-000000000000 r/w without journal. Quota mode: none.
[   26.939062] EXT4-fs (loop0): unmounting filesystem 00000000-0000-0000-0000-000000000000.
[   26.977579] loop0: detected capacity change from 0 to 2048
[   26.983770] EXT4-fs (loop0): mounted filesystem 00000000-0000-0000-0000-000000000000 r/w without journal. Quota mode: none.
[   26.991900] EXT4-fs (loop0): unmounting filesystem 00000000-0000-0000-0000-000000000000.
[   27.036953] loop0: detected capacity change from 0 to 2048
[   27.043845] EXT4-fs (loop0): mounted filesystem 00000000-0000-0000-0000-000000000000 r/w without journal. Quota mode: none.
[   27.051657] EXT4-fs (loop0): unmounting filesystem 00000000-0000-0000-0000-000000000000.
[   27.071345] loop0: detected capacity change from 0 to 2048
[   27.082969] EXT4-fs (loop0): mounted filesystem 00000000-0000-0000-0000-000000000000 r/w without journal. Quota mode: none.
[   27.091799] EXT4-fs (loop0): unmounting filesystem 00000000-0000-0000-0000-000000000000.
[   27.114985] loop0: detected capacity change from 0 to 2048
[   27.120021] EXT4-fs (loop0): mounted filesystem 00000000-0000-0000-0000-000000000000 r/w without journal. Quota mode: none.
[   27.127766] EXT4-fs (loop0): unmounting filesystem 00000000-0000-0000-0000-000000000000.
[   27.146553] loop0: detected capacity change from 0 to 2048
[   27.155483] EXT4-fs (loop0): mounted filesystem 00000000-0000-0000-0000-000000000000 r/w without journal. Quota mode: none.
[   27.167678] EXT4-fs (loop0): unmounting filesystem 00000000-0000-0000-0000-000000000000.
[   27.190353] loop0: detected capacity change from 0 to 2048
[   27.204015] EXT4-fs (loop0): mounted filesystem 00000000-0000-0000-0000-000000000000 r/w without journal. Quota mode: none.
[   27.213502] EXT4-fs (loop0): unmounting filesystem 00000000-0000-0000-0000-000000000000.
[   27.250083] loop0: detected capacity change from 0 to 2048
[   27.256235] EXT4-fs (loop0): mounted filesystem 00000000-0000-0000-0000-000000000000 r/w without journal. Quota mode: none.
[   27.265243] EXT4-fs (loop0): unmounting filesystem 00000000-0000-0000-0000-000000000000.
[   27.289374] loop0: detected capacity change from 0 to 2048
[   27.298447] EXT4-fs (loop0): mounted filesystem 00000000-0000-0000-0000-000000000000 r/w without journal. Quota mode: none.
[   27.319936] EXT4-fs (loop0): unmounting filesystem 00000000-0000-0000-0000-000000000000.
[   27.354388] loop0: detected capacity change from 0 to 2048
[   27.359872] EXT4-fs (loop0): mounted filesystem 00000000-0000-0000-0000-000000000000 r/w without journal. Quota mode: none.
[   27.378989] EXT4-fs (loop0): unmounting filesystem 00000000-0000-0000-0000-000000000000.
[   27.397506] loop0: detected capacity change from 0 to 2048
[   27.409893] EXT4-fs (loop0): mounted filesystem 00000000-0000-0000-0000-000000000000 r/w without journal. Quota mode: none.
[   27.422428] EXT4-fs (loop0): unmounting filesystem 00000000-0000-0000-0000-000000000000.
[   27.452703] loop0: detected capacity change from 0 to 2048
[   27.460125] EXT4-fs (loop0): mounted filesystem 00000000-0000-0000-0000-000000000000 r/w without journal. Quota mode: none.
[   27.468106] EXT4-fs (loop0): unmounting filesystem 00000000-0000-0000-0000-000000000000.
[   27.505605] loop0: detected capacity change from 0 to 2048
[   27.511816] EXT4-fs (loop0): mounted filesystem 00000000-0000-0000-0000-000000000000 r/w without journal. Quota mode: none.
[   27.519995] EXT4-fs (loop0): unmounting filesystem 00000000-0000-0000-0000-000000000000.
[   27.562329] loop0: detected capacity change from 0 to 2048
[   27.568067] EXT4-fs (loop0): mounted filesystem 00000000-0000-0000-0000-000000000000 r/w without journal. Quota mode: none.
[   27.574779] EXT4-fs (loop0): unmounting filesystem 00000000-0000-0000-0000-000000000000.
[   27.596023] loop0: detected capacity change from 0 to 2048
[   27.606657] EXT4-fs (loop0): mounted filesystem 00000000-0000-0000-0000-000000000000 r/w without journal. Quota mode: none.
[   27.616094] EXT4-fs (loop0): unmounting filesystem 00000000-0000-0000-0000-000000000000.
[   27.642651] loop0: detected capacity change from 0 to 2048
[   27.652099] EXT4-fs (loop0): mounted filesystem 00000000-0000-0000-0000-000000000000 r/w without journal. Quota mode: none.
[   27.659857] EXT4-fs (loop0): unmounting filesystem 00000000-0000-0000-0000-000000000000.
[   27.679026] loop0: detected capacity change from 0 to 2048
[   27.689084] EXT4-fs (loop0): mounted filesystem 00000000-0000-0000-0000-000000000000 r/w without journal. Quota mode: none.
[   27.707677] EXT4-fs (loop0): unmounting filesystem 00000000-0000-0000-0000-000000000000.
[   27.732208] loop0: detected capacity change from 0 to 2048
[   27.743626] EXT4-fs (loop0): mounted filesystem 00000000-0000-0000-0000-000000000000 r/w without journal. Quota mode: none.
[   27.750973] EXT4-fs (loop0): unmounting filesystem 00000000-0000-0000-0000-000000000000.
[   27.774533] loop0: detected capacity change from 0 to 2048
[   27.780525] EXT4-fs (loop0): mounted filesystem 00000000-0000-0000-0000-000000000000 r/w without journal. Quota mode: none.
[   27.789069] EXT4-fs (loop0): unmounting filesystem 00000000-0000-0000-0000-000000000000.
[   27.813210] loop0: detected capacity change from 0 to 2048
[   27.819343] EXT4-fs (loop0): mounted filesystem 00000000-0000-0000-0000-000000000000 r/w without journal. Quota mode: none.
[   27.849524] loop0: detected capacity change from 0 to 2048
[   27.884186] loop0: detected capacity change from 0 to 2048
[   27.921062] loop0: detected capacity change from 0 to 2048
[   27.965770] loop0: detected capacity change from 0 to 2048
[   28.014365] loop0: detected capacity change from 0 to 2048
[   28.048989] loop0: detected capacity change from 0 to 2048
[   28.097072] loop0: detected capacity change from 0 to 2048
[   28.130446] loop0: detected capacity change from 0 to 2048
[   28.186726] loop0: detected capacity change from 0 to 2048
[   28.231098] loop0: detected capacity change from 0 to 2048
[   28.274505] loop0: detected capacity change from 0 to 2048
[   28.306265] loop0: detected capacity change from 0 to 2048
[   28.381157] loop0: detected capacity change from 0 to 2048
[   28.440676] loop0: detected capacity change from 0 to 2048
[   28.492597] loop0: detected capacity change from 0 to 2048
[   28.527897] loop0: detected capacity change from 0 to 2048
[   28.574146] loop0: detected capacity change from 0 to 2048
[   28.604591] loop0: detected capacity change from 0 to 2048
[   28.656716] loop0: detected capacity change from 0 to 2048
[   28.705562] loop0: detected capacity change from 0 to 2048
[   28.740731] loop0: detected capacity change from 0 to 2048
[   28.785720] loop0: detected capacity change from 0 to 2048
[   28.812606] loop0: detected capacity change from 0 to 2048
[   28.871304] loop0: detected capacity change from 0 to 2048
[   28.918320] loop0: detected capacity change from 0 to 2048
[   28.961169] loop0: detected capacity change from 0 to 2048
[   28.983607] loop0: detected capacity change from 0 to 2048
[   29.035284] loop0: detected capacity change from 0 to 2048
[   29.077649] loop0: detected capacity change from 0 to 2048
[   29.122530] loop0: detected capacity change from 0 to 2048
[   29.165572] loop0: detected capacity change from 0 to 2048
[   29.196524] loop0: detected capacity change from 0 to 2048
[   29.258163] loop0: detected capacity change from 0 to 2048
[   29.283052] loop0: detected capacity change from 0 to 2048
[   29.346744] loop0: detected capacity change from 0 to 2048
[   29.388112] loop0: detected capacity change from 0 to 2048
[   29.441401] loop0: detected capacity change from 0 to 2048
[   29.480116] loop0: detected capacity change from 0 to 2048
[   29.509295] loop0: detected capacity change from 0 to 2048
[   29.565205] loop0: detected capacity change from 0 to 2048
[   29.594472] loop0: detected capacity change from 0 to 2048
[   29.653130] loop0: detected capacity change from 0 to 2048
[   29.689430] loop0: detected capacity change from 0 to 2048
[   29.728671] loop0: detected capacity change from 0 to 2048
[   29.768230] loop0: detected capacity change from 0 to 2048
[   29.797621] loop0: detected capacity change from 0 to 2048
[   29.846550] loop0: detected capacity change from 0 to 2048
[   29.903142] loop0: detected capacity change from 0 to 2048
[   29.952823] loop0: detected capacity change from 0 to 2048
[   29.981122] loop0: detected capacity change from 0 to 2048
[   30.029567] loop0: detected capacity change from 0 to 2048
[   30.074190] loop0: detected capacity change from 0 to 2048
[   30.105185] loop0: detected capacity change from 0 to 2048
[   30.144896] loop0: detected capacity change from 0 to 2048
[   30.189361] loop0: detected capacity change from 0 to 2048
[   30.233429] loop0: detected capacity change from 0 to 2048
[   30.285805] loop0: detected capacity change from 0 to 2048
[   30.331241] loop0: detected capacity change from 0 to 2048
[   30.398707] loop0: detected capacity change from 0 to 2048
[   30.446805] loop0: detected capacity change from 0 to 2048
[   30.488510] loop0: detected capacity change from 0 to 2048
[   30.519511] loop0: detected capacity change from 0 to 2048
[   30.548337] loop0: detected capacity change from 0 to 2048
[   30.583191] loop0: detected capacity change from 0 to 2048
[   30.615799] loop0: detected capacity change from 0 to 2048
[   30.666183] loop0: detected capacity change from 0 to 2048
[   30.702354] loop0: detected capacity change from 0 to 2048
[   30.734767] loop0: detected capacity change from 0 to 2048
[   30.735413] I/O error, dev loop0, sector 0 op 0x0:(READ) flags 0x80700 phys_seg 1 prio class 2
[   30.771981] loop0: detected capacity change from 0 to 2048
[   30.812554] loop0: detected capacity change from 0 to 2048
[   30.849735] loop0: detected capacity change from 0 to 2048
[   30.899146] loop0: detected capacity change from 0 to 2048
[   30.949580] loop0: detected capacity change from 0 to 2048
[   30.992507] loop0: detected capacity change from 0 to 2048
[   31.051203] loop0: detected capacity change from 0 to 2048
[   31.098398] loop0: detected capacity change from 0 to 2048
[   31.141618] loop0: detected capacity change from 0 to 2048
[   31.173156] loop0: detected capacity change from 0 to 2048
[   31.209979] loop0: detected capacity change from 0 to 2048
[   31.240688] loop0: detected capacity change from 0 to 2048
[   31.280488] loop0: detected capacity change from 0 to 2048
[   31.345749] loop0: detected capacity change from 0 to 2048
[   31.384614] loop0: detected capacity change from 0 to 2048
[   31.433170] loop0: detected capacity change from 0 to 2048
[   31.482229] loop0: detected capacity change from 0 to 2048
[   31.514643] loop0: detected capacity change from 0 to 2048
[   31.549065] loop0: detected capacity change from 0 to 2048
[   31.606527] loop0: detected capacity change from 0 to 2048
[   31.658418] loop0: detected capacity change from 0 to 2048
[   31.706022] loop0: detected capacity change from 0 to 2048
[   31.749401] loop0: detected capacity change from 0 to 2048
[   31.793503] loop0: detected capacity change from 0 to 2048
[   31.826440] loop0: detected capacity change from 0 to 2048
[   31.881900] loop0: detected capacity change from 0 to 2048
[   31.907789] loop0: detected capacity change from 0 to 2048
[   31.940678] loop0: detected capacity change from 0 to 2048
[   31.968696] loop0: detected capacity change from 0 to 2048
[   32.004887] loop0: detected capacity change from 0 to 2048
[   32.043803] loop0: detected capacity change from 0 to 2048
[   32.102307] loop0: detected capacity change from 0 to 2048
[   32.135592] loop0: detected capacity change from 0 to 2048
[   32.165439] loop0: detected capacity change from 0 to 2048
[   32.165915] I/O error, dev loop0, sector 0 op 0x0:(READ) flags 0x80700 phys_seg 1 prio class 2
[   32.219957] loop0: detected capacity change from 0 to 2048
[   32.265569] loop0: detected capacity change from 0 to 2048
[   32.297384] loop0: detected capacity change from 0 to 2048
[   32.297914] I/O error, dev loop0, sector 0 op 0x0:(READ) flags 0x80700 phys_seg 1 prio class 2
[   32.361619] loop0: detected capacity change from 0 to 2048
[   32.417553] loop0: detected capacity change from 0 to 2048
[   32.449589] loop0: detected capacity change from 0 to 2048
[   32.450550] I/O error, dev loop0, sector 0 op 0x0:(READ) flags 0x80700 phys_seg 1 prio class 2
[   32.492364] loop0: detected capacity change from 0 to 2048
[   32.532092] loop0: detected capacity change from 0 to 2048
[   32.576121] loop0: detected capacity change from 0 to 2048
[   32.603182] loop0: detected capacity change from 0 to 2048
[   32.641207] loop0: detected capacity change from 0 to 2048
[   32.684773] loop0: detected capacity change from 0 to 2048
[   32.733194] loop0: detected capacity change from 0 to 2048
[   32.768545] loop0: detected capacity change from 0 to 2048
[   32.813811] loop0: detected capacity change from 0 to 2048
[   32.844913] loop0: detected capacity change from 0 to 2048
[   32.845558] I/O error, dev loop0, sector 0 op 0x0:(READ) flags 0x80700 phys_seg 1 prio class 2
[   32.898244] loop0: detected capacity change from 0 to 2048
[   32.926751] loop0: detected capacity change from 0 to 2048
[   32.977642] loop0: detected capacity change from 0 to 2048
[   33.021403] loop0: detected capacity change from 0 to 2048
[   33.074479] loop0: detected capacity change from 0 to 2048
[   33.125208] loop0: detected capacity change from 0 to 2048
[   33.161843] loop0: detected capacity change from 0 to 2048
[   33.200226] loop0: detected capacity change from 0 to 2048
[   33.233419] loop0: detected capacity change from 0 to 2048
[   33.285329] loop0: detected capacity change from 0 to 2048
[   33.337709] loop0: detected capacity change from 0 to 2048
[   33.381330] loop0: detected capacity change from 0 to 2048
[   33.436933] loop0: detected capacity change from 0 to 2048
[   33.481648] loop0: detected capacity change from 0 to 2048
[   33.508543] loop0: detected capacity change from 0 to 2048
[   33.565913] loop0: detected capacity change from 0 to 2048
[   33.608894] loop0: detected capacity change from 0 to 2048
[   33.653568] loop0: detected capacity change from 0 to 2048
[   33.708811] loop0: detected capacity change from 0 to 2048
[   33.753233] loop0: detected capacity change from 0 to 2048
[   33.793915] loop0: detected capacity change from 0 to 2048
[   33.819361] loop0: detected capacity change from 0 to 2048
[   33.873776] loop0: detected capacity change from 0 to 2048
[   33.919794] loop0: detected capacity change from 0 to 2048
[   33.968893] loop0: detected capacity change from 0 to 2048
[   34.014903] loop0: detected capacity change from 0 to 2048
[   34.057858] loop0: detected capacity change from 0 to 2048
[   34.101606] loop0: detected capacity change from 0 to 2048
[   34.134339] loop0: detected capacity change from 0 to 2048
[   34.178245] loop0: detected capacity change from 0 to 2048
[   34.225260] loop0: detected capacity change from 0 to 2048
[   34.273355] loop0: detected capacity change from 0 to 2048
[   34.300926] loop0: detected capacity change from 0 to 2048
[   34.354306] loop0: detected capacity change from 0 to 2048
[   34.406406] loop0: detected capacity change from 0 to 2048
[   34.447512] loop0: detected capacity change from 0 to 2048
[   34.511455] loop0: detected capacity change from 0 to 2048
[   34.555509] loop0: detected capacity change from 0 to 2048
[   34.597351] loop0: detected capacity change from 0 to 2048
[   34.628578] loop0: detected capacity change from 0 to 2048
[   34.681688] loop0: detected capacity change from 0 to 2048
[   34.733017] loop0: detected capacity change from 0 to 2048
[   34.775967] loop0: detected capacity change from 0 to 2048
[   34.816718] loop0: detected capacity change from 0 to 2048
[   34.868415] loop0: detected capacity change from 0 to 2048
[   34.906917] loop0: detected capacity change from 0 to 2048
[   34.963027] loop0: detected capacity change from 0 to 2048
[   35.013201] loop0: detected capacity change from 0 to 2048
[   35.058321] loop0: detected capacity change from 0 to 2048
[   35.101007] loop0: detected capacity change from 0 to 2048
[   35.137893] loop0: detected capacity change from 0 to 2048
[   35.174180] loop0: detected capacity change from 0 to 2048
[   35.205253] loop0: detected capacity change from 0 to 2048
[   35.247222] loop0: detected capacity change from 0 to 2048
[   35.303616] loop0: detected capacity change from 0 to 2048
[   35.351886] loop0: detected capacity change from 0 to 2048
[   35.408479] loop0: detected capacity change from 0 to 2048
[   35.454354] loop0: detected capacity change from 0 to 2048
[   35.488619] loop0: detected capacity change from 0 to 2048
[   35.521029] loop0: detected capacity change from 0 to 2048
[   35.577663] loop0: detected capacity change from 0 to 2048
[   35.621683] loop0: detected capacity change from 0 to 2048
[   35.650111] loop0: detected capacity change from 0 to 2048
[   35.684243] loop0: detected capacity change from 0 to 2048
[   35.723819] loop0: detected capacity change from 0 to 2048
[   35.760502] loop0: detected capacity change from 0 to 2048
[   35.799520] loop0: detected capacity change from 0 to 2048
[   35.835805] loop0: detected capacity change from 0 to 2048
[   35.872748] loop0: detected capacity change from 0 to 2048
[   35.913666] loop0: detected capacity change from 0 to 2048
[   35.961895] loop0: detected capacity change from 0 to 2048
[   36.004348] loop0: detected capacity change from 0 to 2048
[   36.036206] loop0: detected capacity change from 0 to 2048
[   36.094331] loop0: detected capacity change from 0 to 2048
[   36.138324] loop0: detected capacity change from 0 to 2048
[   36.172990] loop0: detected capacity change from 0 to 2048
[   36.217446] loop0: detected capacity change from 0 to 2048
[   36.244700] loop0: detected capacity change from 0 to 2048
[   36.286474] loop0: detected capacity change from 0 to 2048
[   36.354461] loop0: detected capacity change from 0 to 2048
[   36.405198] loop0: detected capacity change from 0 to 2048
[   36.439433] loop0: detected capacity change from 0 to 2048
[   36.440366] I/O error, dev loop0, sector 0 op 0x0:(READ) flags 0x80700 phys_seg 1 prio class 2
[   36.494532] loop0: detected capacity change from 0 to 2048
[   36.539311] loop0: detected capacity change from 0 to 2048
[   36.581538] loop0: detected capacity change from 0 to 2048
[   36.608086] loop0: detected capacity change from 0 to 2048
[   36.655810] loop0: detected capacity change from 0 to 2048
[   36.701257] loop0: detected capacity change from 0 to 2048
[   36.739127] loop0: detected capacity change from 0 to 2048
[   36.797314] loop0: detected capacity change from 0 to 2048
[   36.841033] loop0: detected capacity change from 0 to 2048
[   36.887283] loop0: detected capacity change from 0 to 2048
[   36.931145] loop0: detected capacity change from 0 to 2048
[   36.974407] loop0: detected capacity change from 0 to 2048
[   37.005639] loop0: detected capacity change from 0 to 2048
[   37.070346] loop0: detected capacity change from 0 to 2048
[   37.099221] loop0: detected capacity change from 0 to 2048
[   37.133284] loop0: detected capacity change from 0 to 2048
[   37.195245] loop0: detected capacity change from 0 to 2048
[   37.226299] loop0: detected capacity change from 0 to 2048
[   37.259444] loop0: detected capacity change from 0 to 2048
[   37.260002] I/O error, dev loop0, sector 0 op 0x0:(READ) flags 0x80700 phys_seg 1 prio class 2
[   37.302912] loop0: detected capacity change from 0 to 2048
[   37.354845] loop0: detected capacity change from 0 to 2048
[   37.418800] loop0: detected capacity change from 0 to 2048
[   37.467548] loop0: detected capacity change from 0 to 2048
[   37.476241] EXT4-fs mount: 445 callbacks suppressed
[   37.476257] EXT4-fs (loop0): mounted filesystem 00000000-0000-0000-0000-000000000000 r/w without journal. Quota mode: none.
[   37.485584] EXT4-fs (loop0): unmounting filesystem 00000000-0000-0000-0000-000000000000.
[   37.508745] loop0: detected capacity change from 0 to 2048
[   37.515769] EXT4-fs (loop0): mounted filesystem 00000000-0000-0000-0000-000000000000 r/w without journal. Quota mode: none.
[   37.526212] EXT4-fs (loop0): unmounting filesystem 00000000-0000-0000-0000-000000000000.
[   37.553748] loop0: detected capacity change from 0 to 2048
[   37.560092] EXT4-fs (loop0): mounted filesystem 00000000-0000-0000-0000-000000000000 r/w without journal. Quota mode: none.
[   37.566561] EXT4-fs (loop0): unmounting filesystem 00000000-0000-0000-0000-000000000000.
[   37.601811] loop0: detected capacity change from 0 to 2048
[   37.607537] EXT4-fs (loop0): mounted filesystem 00000000-0000-0000-0000-000000000000 r/w without journal. Quota mode: none.
[   37.614961] EXT4-fs (loop0): unmounting filesystem 00000000-0000-0000-0000-000000000000.
[   37.649207] loop0: detected capacity change from 0 to 2048
[   37.656096] EXT4-fs (loop0): mounted filesystem 00000000-0000-0000-0000-000000000000 r/w without journal. Quota mode: none.
[   37.664572] EXT4-fs (loop0): unmounting filesystem 00000000-0000-0000-0000-000000000000.
[   37.701725] loop0: detected capacity change from 0 to 2048
[   37.708115] EXT4-fs (loop0): mounted filesystem 00000000-0000-0000-0000-000000000000 r/w without journal. Quota mode: none.
[   37.716953] EXT4-fs (loop0): unmounting filesystem 00000000-0000-0000-0000-000000000000.
[   37.752810] loop0: detected capacity change from 0 to 2048
[   37.760090] EXT4-fs (loop0): mounted filesystem 00000000-0000-0000-0000-000000000000 r/w without journal. Quota mode: none.
[   37.767913] EXT4-fs (loop0): unmounting filesystem 00000000-0000-0000-0000-000000000000.
[   37.788637] loop0: detected capacity change from 0 to 2048
[   37.789569] I/O error, dev loop0, sector 0 op 0x0:(READ) flags 0x80700 phys_seg 1 prio class 2
[   37.801863] EXT4-fs (loop0): mounted filesystem 00000000-0000-0000-0000-000000000000 r/w without journal. Quota mode: none.
[   37.812819] EXT4-fs (loop0): unmounting filesystem 00000000-0000-0000-0000-000000000000.
[   37.831963] loop0: detected capacity change from 0 to 2048
[   37.839482] EXT4-fs (loop0): mounted filesystem 00000000-0000-0000-0000-000000000000 r/w without journal. Quota mode: none.
[   37.847072] EXT4-fs (loop0): unmounting filesystem 00000000-0000-0000-0000-000000000000.
[   37.886505] loop0: detected capacity change from 0 to 2048
[   37.891531] EXT4-fs (loop0): mounted filesystem 00000000-0000-0000-0000-000000000000 r/w without journal. Quota mode: none.
[   37.899071] EXT4-fs (loop0): unmounting filesystem 00000000-0000-0000-0000-000000000000.
[   37.921150] loop0: detected capacity change from 0 to 2048
[   37.938776] EXT4-fs (loop0): mounted filesystem 00000000-0000-0000-0000-000000000000 r/w without journal. Quota mode: none.
[   37.951154] EXT4-fs (loop0): unmounting filesystem 00000000-0000-0000-0000-000000000000.
[   37.971682] loop0: detected capacity change from 0 to 2048
[   37.980111] EXT4-fs (loop0): mounted filesystem 00000000-0000-0000-0000-000000000000 r/w without journal. Quota mode: none.
[   37.989863] EXT4-fs (loop0): unmounting filesystem 00000000-0000-0000-0000-000000000000.
[   38.011875] loop0: detected capacity change from 0 to 2048
[   38.020436] EXT4-fs (loop0): mounted filesystem 00000000-0000-0000-0000-000000000000 r/w without journal. Quota mode: none.
[   38.030328] EXT4-fs (loop0): unmounting filesystem 00000000-0000-0000-0000-000000000000.
[   38.052434] loop0: detected capacity change from 0 to 2048
[   38.059941] EXT4-fs (loop0): mounted filesystem 00000000-0000-0000-0000-000000000000 r/w without journal. Quota mode: none.
[   38.069534] EXT4-fs (loop0): unmounting filesystem 00000000-0000-0000-0000-000000000000.
[   38.091072] loop0: detected capacity change from 0 to 2048
[   38.096001] EXT4-fs (loop0): mounted filesystem 00000000-0000-0000-0000-000000000000 r/w without journal. Quota mode: none.
[   38.105346] EXT4-fs (loop0): unmounting filesystem 00000000-0000-0000-0000-000000000000.
[   38.128440] loop0: detected capacity change from 0 to 2048
[   38.136016] EXT4-fs (loop0): mounted filesystem 00000000-0000-0000-0000-000000000000 r/w without journal. Quota mode: none.
[   38.145848] EXT4-fs (loop0): unmounting filesystem 00000000-0000-0000-0000-000000000000.
[   38.166960] loop0: detected capacity change from 0 to 2048
[   38.176234] EXT4-fs (loop0): mounted filesystem 00000000-0000-0000-0000-000000000000 r/w without journal. Quota mode: none.
[   38.185987] EXT4-fs (loop0): unmounting filesystem 00000000-0000-0000-0000-000000000000.
[   38.208800] loop0: detected capacity change from 0 to 2048
[   38.215838] EXT4-fs (loop0): mounted filesystem 00000000-0000-0000-0000-000000000000 r/w without journal. Quota mode: none.
[   38.225882] EXT4-fs (loop0): unmounting filesystem 00000000-0000-0000-0000-000000000000.
[   38.248714] loop0: detected capacity change from 0 to 2048
[   38.255710] EXT4-fs (loop0): mounted filesystem 00000000-0000-0000-0000-000000000000 r/w without journal. Quota mode: none.
[   38.265337] EXT4-fs (loop0): unmounting filesystem 00000000-0000-0000-0000-000000000000.
[   38.287257] loop0: detected capacity change from 0 to 2048
[   38.295249] EXT4-fs (loop0): mounted filesystem 00000000-0000-0000-0000-000000000000 r/w without journal. Quota mode: none.
[   38.306145] EXT4-fs (loop0): unmounting filesystem 00000000-0000-0000-0000-000000000000.
[   38.333055] loop0: detected capacity change from 0 to 2048
[   38.340279] EXT4-fs (loop0): mounted filesystem 00000000-0000-0000-0000-000000000000 r/w without journal. Quota mode: none.
[   38.358356] EXT4-fs (loop0): unmounting filesystem 00000000-0000-0000-0000-000000000000.
[   38.379489] loop0: detected capacity change from 0 to 2048
[   38.395361] EXT4-fs (loop0): mounted filesystem 00000000-0000-0000-0000-000000000000 r/w without journal. Quota mode: none.
[   38.411021] EXT4-fs (loop0): unmounting filesystem 00000000-0000-0000-0000-000000000000.
[   38.436130] loop0: detected capacity change from 0 to 2048
[   38.443652] EXT4-fs (loop0): mounted filesystem 00000000-0000-0000-0000-000000000000 r/w without journal. Quota mode: none.
[   38.453220] EXT4-fs (loop0): unmounting filesystem 00000000-0000-0000-0000-000000000000.
[   38.480257] loop0: detected capacity change from 0 to 2048
[   38.487700] EXT4-fs (loop0): mounted filesystem 00000000-0000-0000-0000-000000000000 r/w without journal. Quota mode: none.
[   38.497649] EXT4-fs (loop0): unmounting filesystem 00000000-0000-0000-0000-000000000000.
[   38.541167] loop0: detected capacity change from 0 to 2048
[   38.547721] EXT4-fs (loop0): mounted filesystem 00000000-0000-0000-0000-000000000000 r/w without journal. Quota mode: none.
[   38.554775] EXT4-fs (loop0): unmounting filesystem 00000000-0000-0000-0000-000000000000.
[   38.573336] loop0: detected capacity change from 0 to 2048
[   38.597226] EXT4-fs (loop0): mounted filesystem 00000000-0000-0000-0000-000000000000 r/w without journal. Quota mode: none.
[   38.607091] EXT4-fs (loop0): unmounting filesystem 00000000-0000-0000-0000-000000000000.
[   38.645546] loop0: detected capacity change from 0 to 2048
[   38.651536] EXT4-fs (loop0): mounted filesystem 00000000-0000-0000-0000-000000000000 r/w without journal. Quota mode: none.
[   38.659140] EXT4-fs (loop0): unmounting filesystem 00000000-0000-0000-0000-000000000000.
[   38.685757] loop0: detected capacity change from 0 to 2048
[   38.691645] EXT4-fs (loop0): mounted filesystem 00000000-0000-0000-0000-000000000000 r/w without journal. Quota mode: none.
[   38.700183] EXT4-fs (loop0): unmounting filesystem 00000000-0000-0000-0000-000000000000.
[   38.741531] loop0: detected capacity change from 0 to 2048
[   38.747780] EXT4-fs (loop0): mounted filesystem 00000000-0000-0000-0000-000000000000 r/w without journal. Quota mode: none.
[   38.757231] EXT4-fs (loop0): unmounting filesystem 00000000-0000-0000-0000-000000000000.
[   38.797645] loop0: detected capacity change from 0 to 2048
[   38.804023] EXT4-fs (loop0): mounted filesystem 00000000-0000-0000-0000-000000000000 r/w without journal. Quota mode: none.
[   38.813543] EXT4-fs (loop0): unmounting filesystem 00000000-0000-0000-0000-000000000000.
[   38.853730] loop0: detected capacity change from 0 to 2048
[   38.863531] EXT4-fs (loop0): mounted filesystem 00000000-0000-0000-0000-000000000000 r/w without journal. Quota mode: none.
[   38.871597] EXT4-fs (loop0): unmounting filesystem 00000000-0000-0000-0000-000000000000.
[   38.913331] loop0: detected capacity change from 0 to 2048
[   38.924058] EXT4-fs (loop0): mounted filesystem 00000000-0000-0000-0000-000000000000 r/w without journal. Quota mode: none.
[   38.930283] EXT4-fs (loop0): unmounting filesystem 00000000-0000-0000-0000-000000000000.
[   38.965312] loop0: detected capacity change from 0 to 2048
[   38.992846] loop0: detected capacity change from 0 to 2048
[   39.034158] loop0: detected capacity change from 0 to 2048
[   39.067620] loop0: detected capacity change from 0 to 2048
[   39.105870] loop0: detected capacity change from 0 to 2048
[   39.158039] loop0: detected capacity change from 0 to 2048
[   39.205697] loop0: detected capacity change from 0 to 2048
[   39.242910] loop0: detected capacity change from 0 to 2048
[   39.275380] loop0: detected capacity change from 0 to 2048
[   39.334355] loop0: detected capacity change from 0 to 2048
[   39.380979] loop0: detected capacity change from 0 to 2048
[   39.430032] loop0: detected capacity change from 0 to 2048
[   39.474295] loop0: detected capacity change from 0 to 2048
[   39.506330] loop0: detected capacity change from 0 to 2048
[   39.547034] loop0: detected capacity change from 0 to 2048
[   39.547868] I/O error, dev loop0, sector 0 op 0x0:(READ) flags 0x80700 phys_seg 1 prio class 2
[   39.598620] loop0: detected capacity change from 0 to 2048
[   39.642824] loop0: detected capacity change from 0 to 2048
[   39.672110] loop0: detected capacity change from 0 to 2048
[   39.719449] loop0: detected capacity change from 0 to 2048
[   39.755313] loop0: detected capacity change from 0 to 2048
[   39.789451] loop0: detected capacity change from 0 to 2048
[   39.824822] loop0: detected capacity change from 0 to 2048
[   39.867262] loop0: detected capacity change from 0 to 2048
[   39.896187] loop0: detected capacity change from 0 to 2048
[   39.944803] loop0: detected capacity change from 0 to 2048
[   39.994972] loop0: detected capacity change from 0 to 2048
[   40.040233] loop0: detected capacity change from 0 to 2048
[   40.086928] loop0: detected capacity change from 0 to 2048
[   40.132319] loop0: detected capacity change from 0 to 2048
[   40.174982] loop0: detected capacity change from 0 to 2048
[   40.208790] loop0: detected capacity change from 0 to 2048
[   40.248100] loop0: detected capacity change from 0 to 2048
[   40.302409] loop0: detected capacity change from 0 to 2048
[   40.357774] loop0: detected capacity change from 0 to 2048
[   40.407173] loop0: detected capacity change from 0 to 2048
[   40.445525] loop0: detected capacity change from 0 to 2048
[   40.477840] loop0: detected capacity change from 0 to 2048
[   40.518581] loop0: detected capacity change from 0 to 2048
[   40.518940] I/O error, dev loop0, sector 0 op 0x0:(READ) flags 0x80700 phys_seg 1 prio class 2
[   40.555538] loop0: detected capacity change from 0 to 2048
[   40.603987] loop0: detected capacity change from 0 to 2048
[   40.645033] loop0: detected capacity change from 0 to 2048
[   40.680912] loop0: detected capacity change from 0 to 2048
[   40.681561] I/O error, dev loop0, sector 0 op 0x0:(READ) flags 0x80700 phys_seg 1 prio class 2
[   40.734521] loop0: detected capacity change from 0 to 2048
[   40.778384] loop0: detected capacity change from 0 to 2048
[   40.826590] loop0: detected capacity change from 0 to 2048
[   40.857791] loop0: detected capacity change from 0 to 2048
[   40.905196] loop0: detected capacity change from 0 to 2048
[   40.954114] loop0: detected capacity change from 0 to 2048
[   41.002415] loop0: detected capacity change from 0 to 2048
[   41.053613] loop0: detected capacity change from 0 to 2048
[   41.085990] loop0: detected capacity change from 0 to 2048
[   41.086657] I/O error, dev loop0, sector 0 op 0x0:(READ) flags 0x80700 phys_seg 1 prio class 2
[   41.138908] loop0: detected capacity change from 0 to 2048
[   41.168356] loop0: detected capacity change from 0 to 2048
[   41.198927] loop0: detected capacity change from 0 to 2048
[   41.249716] loop0: detected capacity change from 0 to 2048
[   41.281629] loop0: detected capacity change from 0 to 2048
[   41.313511] loop0: detected capacity change from 0 to 2048
[   41.367828] loop0: detected capacity change from 0 to 2048
[   41.425822] loop0: detected capacity change from 0 to 2048
[   41.475823] loop0: detected capacity change from 0 to 2048
[   41.521199] loop0: detected capacity change from 0 to 2048
[   41.565683] loop0: detected capacity change from 0 to 2048
[   41.598122] loop0: detected capacity change from 0 to 2048
[   41.625510] loop0: detected capacity change from 0 to 2048
[   41.679304] loop0: detected capacity change from 0 to 2048
[   41.679843] I/O error, dev loop0, sector 0 op 0x0:(READ) flags 0x80700 phys_seg 1 prio class 2
[   41.733630] loop0: detected capacity change from 0 to 2048
[   41.764565] loop0: detected capacity change from 0 to 2048
[   41.765131] I/O error, dev loop0, sector 0 op 0x0:(READ) flags 0x80700 phys_seg 1 prio class 2
[   41.806489] loop0: detected capacity change from 0 to 2048
[   41.806947] I/O error, dev loop0, sector 0 op 0x0:(READ) flags 0x80700 phys_seg 1 prio class 2
[   41.862522] loop0: detected capacity change from 0 to 2048
[   41.900592] loop0: detected capacity change from 0 to 2048
[   41.901002] I/O error, dev loop0, sector 0 op 0x0:(READ) flags 0x80700 phys_seg 1 prio class 2
[   41.936207] loop0: detected capacity change from 0 to 2048
[   41.976624] loop0: detected capacity change from 0 to 2048
[   42.008582] loop0: detected capacity change from 0 to 2048
[   42.068823] loop0: detected capacity change from 0 to 2048
[   42.104553] loop0: detected capacity change from 0 to 2048
[   42.139731] loop0: detected capacity change from 0 to 2048
[   42.170098] loop0: detected capacity change from 0 to 2048
[   42.219385] loop0: detected capacity change from 0 to 2048
[   42.271001] loop0: detected capacity change from 0 to 2048
[   42.304598] loop0: detected capacity change from 0 to 2048
[   42.363296] loop0: detected capacity change from 0 to 2048
[   42.406275] loop0: detected capacity change from 0 to 2048
[   42.465517] loop0: detected capacity change from 0 to 2048
[   42.498308] loop0: detected capacity change from 0 to 2048
[   42.549387] loop0: detected capacity change from 0 to 2048
[   42.576241] loop0: detected capacity change from 0 to 2048
[   42.620374] loop0: detected capacity change from 0 to 2048
[   42.656317] loop0: detected capacity change from 0 to 2048
[   42.707244] loop0: detected capacity change from 0 to 2048
[   42.756010] loop0: detected capacity change from 0 to 2048
[   42.800885] loop0: detected capacity change from 0 to 2048
[   42.830561] loop0: detected capacity change from 0 to 2048
[   42.860234] loop0: detected capacity change from 0 to 2048
[   42.915339] loop0: detected capacity change from 0 to 2048
[   42.941452] loop0: detected capacity change from 0 to 2048
[   42.992040] loop0: detected capacity change from 0 to 2048
[   43.041757] loop0: detected capacity change from 0 to 2048
[   43.069773] loop0: detected capacity change from 0 to 2048
[   43.122478] loop0: detected capacity change from 0 to 2048
[   43.162974] loop0: detected capacity change from 0 to 2048
[   43.194819] loop0: detected capacity change from 0 to 2048
[   43.254305] loop0: detected capacity change from 0 to 2048
[   43.288534] loop0: detected capacity change from 0 to 2048
[   43.341051] loop0: detected capacity change from 0 to 2048
[   43.398059] loop0: detected capacity change from 0 to 2048
[   43.429841] loop0: detected capacity change from 0 to 2048
[   43.457784] loop0: detected capacity change from 0 to 2048
[   43.513736] loop0: detected capacity change from 0 to 2048
[   43.546623] loop0: detected capacity change from 0 to 2048
[   43.581671] loop0: detected capacity change from 0 to 2048
[   43.607642] loop0: detected capacity change from 0 to 2048
[   43.641814] loop0: detected capacity change from 0 to 2048
[   43.680781] loop0: detected capacity change from 0 to 2048
[   43.746255] loop0: detected capacity change from 0 to 2048
[   43.794786] loop0: detected capacity change from 0 to 2048
[   43.824502] loop0: detected capacity change from 0 to 2048
[   43.825298] I/O error, dev loop0, sector 0 op 0x0:(READ) flags 0x80700 phys_seg 1 prio class 2
[   43.879575] loop0: detected capacity change from 0 to 2048
[   43.906297] loop0: detected capacity change from 0 to 2048
[   43.942953] loop0: detected capacity change from 0 to 2048
[   43.981642] loop0: detected capacity change from 0 to 2048
[   44.020827] loop0: detected capacity change from 0 to 2048
[   44.074700] loop0: detected capacity change from 0 to 2048
[   44.117676] loop0: detected capacity change from 0 to 2048
[   44.141832] loop0: detected capacity change from 0 to 2048
[   44.181358] loop0: detected capacity change from 0 to 2048
[   44.229391] loop0: detected capacity change from 0 to 2048
[   44.261345] loop0: detected capacity change from 0 to 2048
[   44.298599] loop0: detected capacity change from 0 to 2048
[   44.358092] loop0: detected capacity change from 0 to 2048
[   44.404414] loop0: detected capacity change from 0 to 2048
[   44.447972] loop0: detected capacity change from 0 to 2048
[   44.490169] loop0: detected capacity change from 0 to 2048
[   44.519109] loop0: detected capacity change from 0 to 2048
[   44.561590] loop0: detected capacity change from 0 to 2048
[   44.589754] loop0: detected capacity change from 0 to 2048
[   44.649630] loop0: detected capacity change from 0 to 2048
[   44.693197] loop0: detected capacity change from 0 to 2048
[   44.720261] loop0: detected capacity change from 0 to 2048
[   44.766576] loop0: detected capacity change from 0 to 2048
[   44.842339] loop0: detected capacity change from 0 to 2048
[   44.843193] I/O error, dev loop0, sector 0 op 0x0:(READ) flags 0x80700 phys_seg 1 prio class 2
[   44.898733] loop0: detected capacity change from 0 to 2048
[   44.942186] loop0: detected capacity change from 0 to 2048
[   44.988808] loop0: detected capacity change from 0 to 2048
[   45.034821] loop0: detected capacity change from 0 to 2048
[   45.078809] loop0: detected capacity change from 0 to 2048
[   45.122682] loop0: detected capacity change from 0 to 2048
[   45.152905] loop0: detected capacity change from 0 to 2048
[   45.185181] loop0: detected capacity change from 0 to 2048
[   45.222632] loop0: detected capacity change from 0 to 2048
[   45.283881] loop0: detected capacity change from 0 to 2048
[   45.339918] loop0: detected capacity change from 0 to 2048
[   45.387590] loop0: detected capacity change from 0 to 2048
[   45.447258] loop0: detected capacity change from 0 to 2048
[   45.494243] loop0: detected capacity change from 0 to 2048
[   45.539289] loop0: detected capacity change from 0 to 2048
[   45.585243] loop0: detected capacity change from 0 to 2048
[   45.624821] loop0: detected capacity change from 0 to 2048
[   45.660064] loop0: detected capacity change from 0 to 2048
[   45.703838] loop0: detected capacity change from 0 to 2048
[   45.743339] loop0: detected capacity change from 0 to 2048
[   45.805299] loop0: detected capacity change from 0 to 2048
[   45.848981] loop0: detected capacity change from 0 to 2048
[   45.893423] loop0: detected capacity change from 0 to 2048
[   45.937542] loop0: detected capacity change from 0 to 2048
[   45.981050] loop0: detected capacity change from 0 to 2048
[   46.030972] loop0: detected capacity change from 0 to 2048
[   46.061095] loop0: detected capacity change from 0 to 2048
[   46.111607] loop0: detected capacity change from 0 to 2048
[   46.137828] loop0: detected capacity change from 0 to 2048
[   46.180121] loop0: detected capacity change from 0 to 2048
[   46.228545] loop0: detected capacity change from 0 to 2048
[   46.259762] loop0: detected capacity change from 0 to 2048
[   46.310825] loop0: detected capacity change from 0 to 2048
[   46.365079] loop0: detected capacity change from 0 to 2048
[   46.417690] loop0: detected capacity change from 0 to 2048
[   46.452641] loop0: detected capacity change from 0 to 2048
[   46.509993] loop0: detected capacity change from 0 to 2048
[   46.543834] loop0: detected capacity change from 0 to 2048
[   46.578595] loop0: detected capacity change from 0 to 2048
[   46.611942] loop0: detected capacity change from 0 to 2048
[   46.651920] loop0: detected capacity change from 0 to 2048
[   46.696914] loop0: detected capacity change from 0 to 2048
[   46.730359] loop0: detected capacity change from 0 to 2048
[   46.772283] loop0: detected capacity change from 0 to 2048
[   46.819198] loop0: detected capacity change from 0 to 2048
[   46.875072] loop0: detected capacity change from 0 to 2048
[   46.911773] loop0: detected capacity change from 0 to 2048
[   46.965628] loop0: detected capacity change from 0 to 2048
[   46.998553] loop0: detected capacity change from 0 to 2048
[   46.999090] I/O error, dev loop0, sector 0 op 0x0:(READ) flags 0x80700 phys_seg 1 prio class 2
[   47.037369] loop0: detected capacity change from 0 to 2048
[   47.094853] loop0: detected capacity change from 0 to 2048
[   47.120863] loop0: detected capacity change from 0 to 2048
[   47.178105] loop0: detected capacity change from 0 to 2048
[   47.205629] loop0: detected capacity change from 0 to 2048
[   47.237072] loop0: detected capacity change from 0 to 2048
[   47.273713] loop0: detected capacity change from 0 to 2048
[   47.310605] loop0: detected capacity change from 0 to 2048
[   47.361504] loop0: detected capacity change from 0 to 2048
[   47.427622] loop0: detected capacity change from 0 to 2048
[   47.470672] loop0: detected capacity change from 0 to 2048
[   47.506490] loop0: detected capacity change from 0 to 2048
[   47.566831] loop0: detected capacity change from 0 to 2048
[   47.610550] loop0: detected capacity change from 0 to 2048
[   47.654568] loop0: detected capacity change from 0 to 2048
[   47.690999] loop0: detected capacity change from 0 to 2048
[   47.720043] loop0: detected capacity change from 0 to 2048
[   47.773022] loop0: detected capacity change from 0 to 2048
[   47.807401] loop0: detected capacity change from 0 to 2048
[   47.852594] loop0: detected capacity change from 0 to 2048
[   47.879209] loop0: detected capacity change from 0 to 2048
[   47.925494] loop0: detected capacity change from 0 to 2048
[   47.955047] loop0: detected capacity change from 0 to 2048
[   47.992051] loop0: detected capacity change from 0 to 2048
[   48.042558] loop0: detected capacity change from 0 to 2048
[   48.083843] loop0: detected capacity change from 0 to 2048
[   48.116680] loop0: detected capacity change from 0 to 2048
[   48.163021] loop0: detected capacity change from 0 to 2048
[   48.220734] loop0: detected capacity change from 0 to 2048
[   48.248032] loop0: detected capacity change from 0 to 2048
[   48.288768] loop0: detected capacity change from 0 to 2048
[   48.331165] loop0: detected capacity change from 0 to 2048
[   48.381282] loop0: detected capacity change from 0 to 2048
[   48.442198] loop0: detected capacity change from 0 to 2048
[   48.464282] loop0: detected capacity change from 0 to 2048
[   48.516571] loop0: detected capacity change from 0 to 2048
[   48.554822] loop0: detected capacity change from 0 to 2048
[   48.597526] loop0: detected capacity change from 0 to 2048
[   48.630374] loop0: detected capacity change from 0 to 2048
[   48.670114] loop0: detected capacity change from 0 to 2048
[   48.708412] loop0: detected capacity change from 0 to 2048
[   48.741552] loop0: detected capacity change from 0 to 2048
[   48.771611] loop0: detected capacity change from 0 to 2048
[   48.803899] loop0: detected capacity change from 0 to 2048
[   48.861121] loop0: detected capacity change from 0 to 2048
[   48.908577] loop0: detected capacity change from 0 to 2048
[   48.956929] loop0: detected capacity change from 0 to 2048
[   49.009241] loop0: detected capacity change from 0 to 2048
[   49.053118] loop0: detected capacity change from 0 to 2048
[   49.087309] loop0: detected capacity change from 0 to 2048
[   49.125677] loop0: detected capacity change from 0 to 2048
[   49.167195] loop0: detected capacity change from 0 to 2048
[   49.221711] loop0: detected capacity change from 0 to 2048
[   49.255420] loop0: detected capacity change from 0 to 2048
[   49.316479] loop0: detected capacity change from 0 to 2048
[   49.377883] loop0: detected capacity change from 0 to 2048
[   49.432305] loop0: detected capacity change from 0 to 2048
[   49.476183] loop0: detected capacity change from 0 to 2048
[   49.503978] loop0: detected capacity change from 0 to 2048
[   49.548764] loop0: detected capacity change from 0 to 2048
[   49.583671] loop0: detected capacity change from 0 to 2048
[   49.619659] loop0: detected capacity change from 0 to 2048
[   49.668779] loop0: detected capacity change from 0 to 2048
[   49.706228] loop0: detected capacity change from 0 to 2048
[   49.757709] loop0: detected capacity change from 0 to 2048
[   49.789713] loop0: detected capacity change from 0 to 2048
[   49.838655] loop0: detected capacity change from 0 to 2048
[   49.862147] loop0: detected capacity change from 0 to 2048
[   49.893223] loop0: detected capacity change from 0 to 2048
[   49.932644] loop0: detected capacity change from 0 to 2048
[   49.988132] loop0: detected capacity change from 0 to 2048
[   50.033889] loop0: detected capacity change from 0 to 2048
[   50.060008] loop0: detected capacity change from 0 to 2048
[   50.100163] loop0: detected capacity change from 0 to 2048
[   50.140237] loop0: detected capacity change from 0 to 2048
[   50.177316] loop0: detected capacity change from 0 to 2048
[   50.213598] loop0: detected capacity change from 0 to 2048
[   50.262466] loop0: detected capacity change from 0 to 2048
[   50.310317] loop0: detected capacity change from 0 to 2048
[   50.366504] loop0: detected capacity change from 0 to 2048
[   50.407723] loop0: detected capacity change from 0 to 2048
[   50.451889] loop0: detected capacity change from 0 to 2048
[   50.497310] loop0: detected capacity change from 0 to 2048
[   50.530305] loop0: detected capacity change from 0 to 2048
[   50.531188] I/O error, dev loop0, sector 0 op 0x0:(READ) flags 0x80700 phys_seg 1 prio class 2
[   50.574252] loop0: detected capacity change from 0 to 2048
[   50.606468] loop0: detected capacity change from 0 to 2048
[   50.654073] loop0: detected capacity change from 0 to 2048
[   50.693179] loop0: detected capacity change from 0 to 2048
[   50.730681] loop0: detected capacity change from 0 to 2048
[   50.769069] loop0: detected capacity change from 0 to 2048
[   50.809665] loop0: detected capacity change from 0 to 2048
[   50.855820] loop0: detected capacity change from 0 to 2048
[   50.885675] loop0: detected capacity change from 0 to 2048
[   50.928156] loop0: detected capacity change from 0 to 2048
[   50.964716] loop0: detected capacity change from 0 to 2048
[   51.013425] loop0: detected capacity change from 0 to 2048
[   51.063581] loop0: detected capacity change from 0 to 2048
[   51.092695] loop0: detected capacity change from 0 to 2048
[   51.125489] loop0: detected capacity change from 0 to 2048
[   51.169008] loop0: detected capacity change from 0 to 2048
[   51.214519] loop0: detected capacity change from 0 to 2048
[   51.215518] I/O error, dev loop0, sector 0 op 0x0:(READ) flags 0x80700 phys_seg 1 prio class 2
[   51.269253] loop0: detected capacity change from 0 to 2048
[   51.307122] loop0: detected capacity change from 0 to 2048
[   51.307596] I/O error, dev loop0, sector 0 op 0x0:(READ) flags 0x80700 phys_seg 1 prio class 2
[   51.366547] loop0: detected capacity change from 0 to 2048
[   51.425175] loop0: detected capacity change from 0 to 2048
[   51.461563] loop0: detected capacity change from 0 to 2048
[   51.501585] loop0: detected capacity change from 0 to 2048
[   51.549147] loop0: detected capacity change from 0 to 2048
[   51.596996] loop0: detected capacity change from 0 to 2048
[   51.623068] loop0: detected capacity change from 0 to 2048
[   51.666437] loop0: detected capacity change from 0 to 2048
[   51.694534] loop0: detected capacity change from 0 to 2048
[   51.745745] loop0: detected capacity change from 0 to 2048
[   51.790038] loop0: detected capacity change from 0 to 2048
[   51.833370] loop0: detected capacity change from 0 to 2048
[   51.877648] loop0: detected capacity change from 0 to 2048
[   51.926045] loop0: detected capacity change from 0 to 2048
[   51.969708] loop0: detected capacity change from 0 to 2048
[   52.014192] loop0: detected capacity change from 0 to 2048
[   52.040673] loop0: detected capacity change from 0 to 2048
[   52.098690] loop0: detected capacity change from 0 to 2048
[   52.149527] loop0: detected capacity change from 0 to 2048
[   52.184177] loop0: detected capacity change from 0 to 2048
[   52.234546] loop0: detected capacity change from 0 to 2048
[   52.280149] loop0: detected capacity change from 0 to 2048
[   52.315257] loop0: detected capacity change from 0 to 2048
[   52.373522] loop0: detected capacity change from 0 to 2048
[   52.421977] loop0: detected capacity change from 0 to 2048
[   52.469541] loop0: detected capacity change from 0 to 2048
[   52.501754] loop0: detected capacity change from 0 to 2048
[   52.531485] loop0: detected capacity change from 0 to 2048
[   52.589333] loop0: detected capacity change from 0 to 2048
[   52.640761] loop0: detected capacity change from 0 to 2048
[   52.685141] loop0: detected capacity change from 0 to 2048
[   52.741273] loop0: detected capacity change from 0 to 2048
[   52.772566] loop0: detected capacity change from 0 to 2048
[   52.813570] loop0: detected capacity change from 0 to 2048
[   52.852935] loop0: detected capacity change from 0 to 2048
[   52.889505] loop0: detected capacity change from 0 to 2048
[   52.933901] loop0: detected capacity change from 0 to 2048
[   52.966466] loop0: detected capacity change from 0 to 2048
[   53.020756] loop0: detected capacity change from 0 to 2048
[   53.050637] loop0: detected capacity change from 0 to 2048
[   53.082588] loop0: detected capacity change from 0 to 2048
[   53.114963] loop0: detected capacity change from 0 to 2048
[   53.156175] loop0: detected capacity change from 0 to 2048
[   53.201589] loop0: detected capacity change from 0 to 2048
[   53.232680] loop0: detected capacity change from 0 to 2048
[   53.233353] I/O error, dev loop0, sector 0 op 0x0:(READ) flags 0x80700 phys_seg 1 prio class 2
[   53.276186] loop0: detected capacity change from 0 to 2048
[   53.311478] loop0: detected capacity change from 0 to 2048
[   53.363499] loop0: detected capacity change from 0 to 2048
[   53.419419] loop0: detected capacity change from 0 to 2048
[   53.480006] loop0: detected capacity change from 0 to 2048
[   53.523935] loop0: detected capacity change from 0 to 2048
[   53.569187] loop0: detected capacity change from 0 to 2048
[   53.592789] loop0: detected capacity change from 0 to 2048
[   53.634888] loop0: detected capacity change from 0 to 2048
[   53.691481] loop0: detected capacity change from 0 to 2048
[   53.724701] loop0: detected capacity change from 0 to 2048
[   53.763956] loop0: detected capacity change from 0 to 2048
[   53.802279] loop0: detected capacity change from 0 to 2048
[   53.837544] loop0: detected capacity change from 0 to 2048
[   53.886992] loop0: detected capacity change from 0 to 2048
[   53.913675] loop0: detected capacity change from 0 to 2048
[   53.976492] loop0: detected capacity change from 0 to 2048
[   54.001309] loop0: detected capacity change from 0 to 2048
[   54.055343] loop0: detected capacity change from 0 to 2048
[   54.090985] loop0: detected capacity change from 0 to 2048
[   54.125549] loop0: detected capacity change from 0 to 2048
[   54.167847] loop0: detected capacity change from 0 to 2048
[   54.212917] loop0: detected capacity change from 0 to 2048
[   54.249263] loop0: detected capacity change from 0 to 2048
[   54.291370] loop0: detected capacity change from 0 to 2048
[   54.323774] loop0: detected capacity change from 0 to 2048
[   54.372025] loop0: detected capacity change from 0 to 2048
[   54.416767] loop0: detected capacity change from 0 to 2048
[   54.468583] loop0: detected capacity change from 0 to 2048
[   54.507854] loop0: detected capacity change from 0 to 2048
[   54.549530] loop0: detected capacity change from 0 to 2048
[   54.578862] loop0: detected capacity change from 0 to 2048
[   54.616980] loop0: detected capacity change from 0 to 2048
[   54.653861] loop0: detected capacity change from 0 to 2048
[   54.703453] loop0: detected capacity change from 0 to 2048
[   54.744538] loop0: detected capacity change from 0 to 2048
[   54.774330] loop0: detected capacity change from 0 to 2048
[   54.805715] loop0: detected capacity change from 0 to 2048
[   54.841498] loop0: detected capacity change from 0 to 2048
[   54.882978] loop0: detected capacity change from 0 to 2048
[   54.918742] loop0: detected capacity change from 0 to 2048
[   54.968796] loop0: detected capacity change from 0 to 2048
[   55.018616] loop0: detected capacity change from 0 to 2048
[   55.042842] loop0: detected capacity change from 0 to 2048
[   55.080130] loop0: detected capacity change from 0 to 2048
[   55.128628] loop0: detected capacity change from 0 to 2048
[   55.156518] loop0: detected capacity change from 0 to 2048
[   55.156810] I/O error, dev loop0, sector 0 op 0x0:(READ) flags 0x80700 phys_seg 1 prio class 2
[   55.204412] loop0: detected capacity change from 0 to 2048
[   55.253624] loop0: detected capacity change from 0 to 2048
[   55.285435] loop0: detected capacity change from 0 to 2048
[   55.335673] loop0: detected capacity change from 0 to 2048
[   55.389277] loop0: detected capacity change from 0 to 2048
[   55.449504] loop0: detected capacity change from 0 to 2048
[   55.492805] loop0: detected capacity change from 0 to 2048
[   55.525834] loop0: detected capacity change from 0 to 2048
[   55.565576] loop0: detected capacity change from 0 to 2048
[   55.592359] loop0: detected capacity change from 0 to 2048
[   55.633068] loop0: detected capacity change from 0 to 2048
[   55.669079] loop0: detected capacity change from 0 to 2048
[   55.703805] loop0: detected capacity change from 0 to 2048
[   55.745757] loop0: detected capacity change from 0 to 2048
[   55.780759] loop0: detected capacity change from 0 to 2048
[   55.833561] loop0: detected capacity change from 0 to 2048
[   55.882182] loop0: detected capacity change from 0 to 2048
[   55.906359] loop0: detected capacity change from 0 to 2048
[   55.961282] loop0: detected capacity change from 0 to 2048
[   55.993234] loop0: detected capacity change from 0 to 2048
[   56.048901] loop0: detected capacity change from 0 to 2048
[   56.093218] loop0: detected capacity change from 0 to 2048
[   56.122401] loop0: detected capacity change from 0 to 2048
[   56.165238] loop0: detected capacity change from 0 to 2048
[   56.207228] loop0: detected capacity change from 0 to 2048
[   56.235923] loop0: detected capacity change from 0 to 2048
[   56.272713] loop0: detected capacity change from 0 to 2048
[   56.304718] loop0: detected capacity change from 0 to 2048
[   56.359181] loop0: detected capacity change from 0 to 2048
[   56.417827] loop0: detected capacity change from 0 to 2048
[   56.453833] loop0: detected capacity change from 0 to 2048
[   56.482136] loop0: detected capacity change from 0 to 2048
[   56.514280] loop0: detected capacity change from 0 to 2048
[   56.549888] loop0: detected capacity change from 0 to 2048
[   56.582952] loop0: detected capacity change from 0 to 2048
[   56.615521] loop0: detected capacity change from 0 to 2048
[   56.647959] loop0: detected capacity change from 0 to 2048
[   56.699900] loop0: detected capacity change from 0 to 2048
[   56.744401] loop0: detected capacity change from 0 to 2048
[   56.784538] loop0: detected capacity change from 0 to 2048
[   56.830797] loop0: detected capacity change from 0 to 2048
[   56.873231] loop0: detected capacity change from 0 to 2048
[   56.922126] loop0: detected capacity change from 0 to 2048
[   56.966468] loop0: detected capacity change from 0 to 2048
[   56.999335] loop0: detected capacity change from 0 to 2048
[   57.033657] loop0: detected capacity change from 0 to 2048
[   57.067933] loop0: detected capacity change from 0 to 2048
[   57.121185] loop0: detected capacity change from 0 to 2048
[   57.155353] loop0: detected capacity change from 0 to 2048
[   57.197139] loop0: detected capacity change from 0 to 2048
[   57.236135] loop0: detected capacity change from 0 to 2048
[   57.285712] loop0: detected capacity change from 0 to 2048
[   57.328200] loop0: detected capacity change from 0 to 2048
[   57.361007] loop0: detected capacity change from 0 to 2048
[   57.401905] loop0: detected capacity change from 0 to 2048
[   57.472940] loop0: detected capacity change from 0 to 2048
[   57.521617] loop0: detected capacity change from 0 to 2048
[   57.565186] loop0: detected capacity change from 0 to 2048
[   57.595291] loop0: detected capacity change from 0 to 2048
[   57.653579] loop0: detected capacity change from 0 to 2048
[   57.677724] loop0: detected capacity change from 0 to 2048
[   57.730257] loop0: detected capacity change from 0 to 2048
[   57.777064] loop0: detected capacity change from 0 to 2048
[   57.807029] loop0: detected capacity change from 0 to 2048
[   57.850892] loop0: detected capacity change from 0 to 2048
[   57.893085] loop0: detected capacity change from 0 to 2048
[   57.936171] loop0: detected capacity change from 0 to 2048
[   57.972890] loop0: detected capacity change from 0 to 2048
[   57.973424] I/O error, dev loop0, sector 0 op 0x0:(READ) flags 0x80700 phys_seg 1 prio class 2
[   58.013754] loop0: detected capacity change from 0 to 2048
[   58.046560] loop0: detected capacity change from 0 to 2048
[   58.083293] loop0: detected capacity change from 0 to 2048
[   58.115454] loop0: detected capacity change from 0 to 2048
[   58.149871] loop0: detected capacity change from 0 to 2048
[   58.205782] loop0: detected capacity change from 0 to 2048
[   58.248869] loop0: detected capacity change from 0 to 2048
[   58.249327] I/O error, dev loop0, sector 0 op 0x0:(READ) flags 0x80700 phys_seg 1 prio class 2
[   58.289018] loop0: detected capacity change from 0 to 2048
[   58.341913] loop0: detected capacity change from 0 to 2048
[   58.404288] loop0: detected capacity change from 0 to 2048
[   58.449156] loop0: detected capacity change from 0 to 2048
[   58.494297] loop0: detected capacity change from 0 to 2048
[   58.535911] loop0: detected capacity change from 0 to 2048
[   58.572031] loop0: detected capacity change from 0 to 2048
[   58.608341] loop0: detected capacity change from 0 to 2048
[   58.664988] loop0: detected capacity change from 0 to 2048
[   58.711146] loop0: detected capacity change from 0 to 2048
[   58.736665] loop0: detected capacity change from 0 to 2048
[   58.773277] loop0: detected capacity change from 0 to 2048
[   58.818531] loop0: detected capacity change from 0 to 2048
[   58.853005] loop0: detected capacity change from 0 to 2048
[   58.905241] loop0: detected capacity change from 0 to 2048
[   58.948928] loop0: detected capacity change from 0 to 2048
[   59.000752] loop0: detected capacity change from 0 to 2048
[   59.044819] loop0: detected capacity change from 0 to 2048
[   59.080500] loop0: detected capacity change from 0 to 2048
[   59.115293] loop0: detected capacity change from 0 to 2048
[   59.141345] loop0: detected capacity change from 0 to 2048
[   59.141836] I/O error, dev loop0, sector 0 op 0x0:(READ) flags 0x80700 phys_seg 1 prio class 2
[   59.199008] loop0: detected capacity change from 0 to 2048
[   59.240208] loop0: detected capacity change from 0 to 2048
[   59.267121] loop0: detected capacity change from 0 to 2048
[   59.329167] loop0: detected capacity change from 0 to 2048
[   59.378489] loop0: detected capacity change from 0 to 2048
[   59.429956] loop0: detected capacity change from 0 to 2048
[   59.457577] loop0: detected capacity change from 0 to 2048
[   59.496057] loop0: detected capacity change from 0 to 2048
[   59.549718] loop0: detected capacity change from 0 to 2048
[   59.594206] loop0: detected capacity change from 0 to 2048
[   59.637674] loop0: detected capacity change from 0 to 2048
[   59.685619] loop0: detected capacity change from 0 to 2048
[   59.733721] loop0: detected capacity change from 0 to 2048
[   59.777227] loop0: detected capacity change from 0 to 2048
[   59.810862] loop0: detected capacity change from 0 to 2048
[   59.845911] loop0: detected capacity change from 0 to 2048
[   59.872187] loop0: detected capacity change from 0 to 2048
[   59.917513] loop0: detected capacity change from 0 to 2048
[   59.947527] loop0: detected capacity change from 0 to 2048
[   60.005202] loop0: detected capacity change from 0 to 2048
[   60.053283] loop0: detected capacity change from 0 to 2048
[   60.100177] loop0: detected capacity change from 0 to 2048
[   60.136884] loop0: detected capacity change from 0 to 2048
[   60.167913] loop0: detected capacity change from 0 to 2048
[   60.218181] loop0: detected capacity change from 0 to 2048
[   60.219145] I/O error, dev loop0, sector 0 op 0x0:(READ) flags 0x80700 phys_seg 1 prio class 2
[   60.249008] loop0: detected capacity change from 0 to 2048
[   60.301702] loop0: detected capacity change from 0 to 2048
[   60.353192] loop0: detected capacity change from 0 to 2048
[   60.411954] loop0: detected capacity change from 0 to 2048
[   60.444163] loop0: detected capacity change from 0 to 2048
[   60.484014] loop0: detected capacity change from 0 to 2048
[   60.523314] loop0: detected capacity change from 0 to 2048
[   60.560224] loop0: detected capacity change from 0 to 2048
[   60.561148] I/O error, dev loop0, sector 0 op 0x0:(READ) flags 0x80700 phys_seg 1 prio class 2
[   60.595442] loop0: detected capacity change from 0 to 2048
[   60.638388] loop0: detected capacity change from 0 to 2048
[   60.686862] loop0: detected capacity change from 0 to 2048
[   60.738211] loop0: detected capacity change from 0 to 2048
[   60.764077] loop0: detected capacity change from 0 to 2048
[   60.819312] loop0: detected capacity change from 0 to 2048
[   60.870907] loop0: detected capacity change from 0 to 2048
[   60.923217] loop0: detected capacity change from 0 to 2048
[   60.974575] loop0: detected capacity change from 0 to 2048
[   61.016403] loop0: detected capacity change from 0 to 2048
[   61.047291] loop0: detected capacity change from 0 to 2048
[   61.086828] loop0: detected capacity change from 0 to 2048
[   61.125172] loop0: detected capacity change from 0 to 2048
[   61.174842] loop0: detected capacity change from 0 to 2048
[   61.207032] loop0: detected capacity change from 0 to 2048
[   61.249719] loop0: detected capacity change from 0 to 2048
[   61.280414] loop0: detected capacity change from 0 to 2048
[   61.336800] loop0: detected capacity change from 0 to 2048
[   61.394893] loop0: detected capacity change from 0 to 2048
[   61.446769] loop0: detected capacity change from 0 to 2048
[   61.494757] loop0: detected capacity change from 0 to 2048
[   61.538470] loop0: detected capacity change from 0 to 2048
[   61.581734] loop0: detected capacity change from 0 to 2048
[   61.626347] loop0: detected capacity change from 0 to 2048
[   61.654811] loop0: detected capacity change from 0 to 2048
[   61.709078] loop0: detected capacity change from 0 to 2048
[   61.754203] loop0: detected capacity change from 0 to 2048
[   61.798232] loop0: detected capacity change from 0 to 2048
[   61.826843] loop0: detected capacity change from 0 to 2048
[   61.870595] loop0: detected capacity change from 0 to 2048
[   61.910481] loop0: detected capacity change from 0 to 2048
[   61.953391] loop0: detected capacity change from 0 to 2048
[   61.998549] loop0: detected capacity change from 0 to 2048
[   62.040818] loop0: detected capacity change from 0 to 2048
[   62.078209] loop0: detected capacity change from 0 to 2048
[   62.120255] loop0: detected capacity change from 0 to 2048
[   62.148273] loop0: detected capacity change from 0 to 2048
[   62.184101] loop0: detected capacity change from 0 to 2048
[   62.217124] loop0: detected capacity change from 0 to 2048
[   62.258966] loop0: detected capacity change from 0 to 2048
[   62.289782] loop0: detected capacity change from 0 to 2048
[   62.332387] loop0: detected capacity change from 0 to 2048
[   62.393067] loop0: detected capacity change from 0 to 2048
[   62.452133] loop0: detected capacity change from 0 to 2048
[   62.484216] loop0: detected capacity change from 0 to 2048
[   62.521301] loop0: detected capacity change from 0 to 2048
[   62.566716] loop0: detected capacity change from 0 to 2048
[   62.617558] loop0: detected capacity change from 0 to 2048
[   62.652874] loop0: detected capacity change from 0 to 2048
[   62.691597] loop0: detected capacity change from 0 to 2048
[   62.731683] loop0: detected capacity change from 0 to 2048
[   62.767426] loop0: detected capacity change from 0 to 2048
[   62.821601] loop0: detected capacity change from 0 to 2048
[   62.852145] loop0: detected capacity change from 0 to 2048
[   62.907357] loop0: detected capacity change from 0 to 2048
[   62.949369] loop0: detected capacity change from 0 to 2048
[   62.977884] loop0: detected capacity change from 0 to 2048
[   63.030668] loop0: detected capacity change from 0 to 2048
[   63.059064] loop0: detected capacity change from 0 to 2048
[   63.114737] loop0: detected capacity change from 0 to 2048
[   63.151494] loop0: detected capacity change from 0 to 2048
[   63.151974] I/O error, dev loop0, sector 0 op 0x0:(READ) flags 0x80700 phys_seg 1 prio class 2
[   63.191067] loop0: detected capacity change from 0 to 2048
[   63.226900] loop0: detected capacity change from 0 to 2048
[   63.281242] loop0: detected capacity change from 0 to 2048
[   63.314026] loop0: detected capacity change from 0 to 2048
[   63.360309] loop0: detected capacity change from 0 to 2048
[   63.406435] loop0: detected capacity change from 0 to 2048
[   63.443774] loop0: detected capacity change from 0 to 2048
[   63.492538] loop0: detected capacity change from 0 to 2048
[   63.526442] loop0: detected capacity change from 0 to 2048
[   63.553076] loop0: detected capacity change from 0 to 2048
[   63.612762] loop0: detected capacity change from 0 to 2048
[   63.642132] loop0: detected capacity change from 0 to 2048
[   63.684201] loop0: detected capacity change from 0 to 2048
[   63.734246] loop0: detected capacity change from 0 to 2048
[   63.758978] loop0: detected capacity change from 0 to 2048
[   63.759679] I/O error, dev loop0, sector 0 op 0x0:(READ) flags 0x80700 phys_seg 1 prio class 2
[   63.800623] loop0: detected capacity change from 0 to 2048
[   63.829788] loop0: detected capacity change from 0 to 2048
[   63.897353] loop0: detected capacity change from 0 to 2048
[   63.943740] loop0: detected capacity change from 0 to 2048
[   63.973560] loop0: detected capacity change from 0 to 2048
[   64.009657] loop0: detected capacity change from 0 to 2048
[   64.037449] loop0: detected capacity change from 0 to 2048
[   64.038194] I/O error, dev loop0, sector 0 op 0x0:(READ) flags 0x80700 phys_seg 1 prio class 2
[   64.101192] loop0: detected capacity change from 0 to 2048
[   64.134159] loop0: detected capacity change from 0 to 2048
[   64.172790] loop0: detected capacity change from 0 to 2048
[   64.214344] loop0: detected capacity change from 0 to 2048
[   64.255910] loop0: detected capacity change from 0 to 2048
[   64.312672] loop0: detected capacity change from 0 to 2048
[   64.355212] loop0: detected capacity change from 0 to 2048
[   64.400095] loop0: detected capacity change from 0 to 2048
[   64.400489] I/O error, dev loop0, sector 0 op 0x0:(READ) flags 0x80700 phys_seg 1 prio class 2
[   64.444241] loop0: detected capacity change from 0 to 2048
[   64.486113] loop0: detected capacity change from 0 to 2048
[   64.512809] loop0: detected capacity change from 0 to 2048
[   64.566852] loop0: detected capacity change from 0 to 2048
[   64.595184] loop0: detected capacity change from 0 to 2048
[   64.634148] loop0: detected capacity change from 0 to 2048
[   64.694368] loop0: detected capacity change from 0 to 2048
[   64.727368] loop0: detected capacity change from 0 to 2048
[   64.774171] loop0: detected capacity change from 0 to 2048
[   64.809610] loop0: detected capacity change from 0 to 2048
[   64.861231] loop0: detected capacity change from 0 to 2048
[   64.904919] loop0: detected capacity change from 0 to 2048
[   64.905911] I/O error, dev loop0, sector 0 op 0x0:(READ) flags 0x80700 phys_seg 1 prio class 2
[   64.954401] loop0: detected capacity change from 0 to 2048
[   64.992925] loop0: detected capacity change from 0 to 2048
[   65.051882] loop0: detected capacity change from 0 to 2048
[   65.097390] loop0: detected capacity change from 0 to 2048
[   65.119757] loop0: detected capacity change from 0 to 2048
[   65.150737] loop0: detected capacity change from 0 to 2048
[   65.200780] loop0: detected capacity change from 0 to 2048
[   65.229085] loop0: detected capacity change from 0 to 2048
[   65.281198] loop0: detected capacity change from 0 to 2048
[   65.326208] loop0: detected capacity change from 0 to 2048
[   65.375686] loop0: detected capacity change from 0 to 2048
[   65.376511] I/O error, dev loop0, sector 0 op 0x0:(READ) flags 0x80700 phys_seg 1 prio class 2
[   65.435797] loop0: detected capacity change from 0 to 2048
[   65.490257] loop0: detected capacity change from 0 to 2048
[   65.531359] loop0: detected capacity change from 0 to 2048
[   65.558896] loop0: detected capacity change from 0 to 2048
[   65.559386] I/O error, dev loop0, sector 0 op 0x0:(READ) flags 0x80700 phys_seg 1 prio class 2
[   65.599665] loop0: detected capacity change from 0 to 2048
[   65.600754] I/O error, dev loop0, sector 0 op 0x0:(READ) flags 0x80700 phys_seg 1 prio class 2
[   65.653424] loop0: detected capacity change from 0 to 2048
[   65.699370] loop0: detected capacity change from 0 to 2048
[   65.724195] loop0: detected capacity change from 0 to 2048
[   65.759606] loop0: detected capacity change from 0 to 2048
[   65.798561] loop0: detected capacity change from 0 to 2048
[   65.825061] loop0: detected capacity change from 0 to 2048
[   65.826259] I/O error, dev loop0, sector 0 op 0x0:(READ) flags 0x80700 phys_seg 1 prio class 2
[   65.826321] I/O error, dev loop0, sector 0 op 0x0:(READ) flags 0x0 phys_seg 1 prio class 2
[   65.829474] Buffer I/O error on dev loop0, logical block 0, async page read
[   65.886897] loop0: detected capacity change from 0 to 2048
[   65.923400] loop0: detected capacity change from 0 to 2048
[   65.923894] Buffer I/O error on dev loop0, logical block 0, async page read
[   65.989555] loop0: detected capacity change from 0 to 2048
[   66.026294] loop0: detected capacity change from 0 to 2048
[   66.061890] loop0: detected capacity change from 0 to 2048
[   66.098368] loop0: detected capacity change from 0 to 2048
[   66.157021] loop0: detected capacity change from 0 to 2048
[   66.200392] loop0: detected capacity change from 0 to 2048
[   66.231311] loop0: detected capacity change from 0 to 2048
[   66.232220] Buffer I/O error on dev loop0, logical block 0, async page read
[   66.286498] loop0: detected capacity change from 0 to 2048
[   66.329499] loop0: detected capacity change from 0 to 2048
[   66.381557] loop0: detected capacity change from 0 to 2048
[   66.442931] loop0: detected capacity change from 0 to 2048
[   66.490828] loop0: detected capacity change from 0 to 2048
[   66.533799] loop0: detected capacity change from 0 to 2048
[   66.577139] loop0: detected capacity change from 0 to 2048
[   66.622308] loop0: detected capacity change from 0 to 2048
[   66.651688] loop0: detected capacity change from 0 to 2048
[   66.652080] Buffer I/O error on dev loop0, logical block 0, async page read
[   66.695979] loop0: detected capacity change from 0 to 2048
[   66.696866] Buffer I/O error on dev loop0, logical block 0, async page read
[   66.749680] loop0: detected capacity change from 0 to 2048
[   66.776087] loop0: detected capacity change from 0 to 2048
[   66.829060] loop0: detected capacity change from 0 to 2048
[   66.874459] loop0: detected capacity change from 0 to 2048
[   66.917658] loop0: detected capacity change from 0 to 2048
[   66.944529] loop0: detected capacity change from 0 to 2048
[   67.002963] loop0: detected capacity change from 0 to 2048
[   67.045901] loop0: detected capacity change from 0 to 2048
[   67.078387] loop0: detected capacity change from 0 to 2048
[   67.134498] loop0: detected capacity change from 0 to 2048
[   67.169035] loop0: detected capacity change from 0 to 2048
[   67.204120] loop0: detected capacity change from 0 to 2048
[   67.246470] loop0: detected capacity change from 0 to 2048
[   67.297596] loop0: detected capacity change from 0 to 2048
[   67.348839] loop0: detected capacity change from 0 to 2048
[   67.388460] loop0: detected capacity change from 0 to 2048
[   67.444072] loop0: detected capacity change from 0 to 2048
[   67.484232] loop0: detected capacity change from 0 to 2048
[   67.491440] EXT4-fs mount: 1348 callbacks suppressed
[   67.491453] EXT4-fs (loop0): mounted filesystem 00000000-0000-0000-0000-000000000000 r/w without journal. Quota mode: none.
[   67.499750] EXT4-fs (loop0): unmounting filesystem 00000000-0000-0000-0000-000000000000.
[   67.537498] loop0: detected capacity change from 0 to 2048
[   67.547931] EXT4-fs (loop0): mounted filesystem 00000000-0000-0000-0000-000000000000 r/w without journal. Quota mode: none.
[   67.555686] EXT4-fs (loop0): unmounting filesystem 00000000-0000-0000-0000-000000000000.
[   67.590049] loop0: detected capacity change from 0 to 2048
[   67.595595] EXT4-fs (loop0): mounted filesystem 00000000-0000-0000-0000-000000000000 r/w without journal. Quota mode: none.
[   67.602216] EXT4-fs (loop0): unmounting filesystem 00000000-0000-0000-0000-000000000000.
[   67.622448] loop0: detected capacity change from 0 to 2048
[   67.636012] EXT4-fs (loop0): mounted filesystem 00000000-0000-0000-0000-000000000000 r/w without journal. Quota mode: none.
[   67.643944] EXT4-fs (loop0): unmounting filesystem 00000000-0000-0000-0000-000000000000.
[   67.681502] loop0: detected capacity change from 0 to 2048
[   67.687591] EXT4-fs (loop0): mounted filesystem 00000000-0000-0000-0000-000000000000 r/w without journal. Quota mode: none.
[   67.696070] EXT4-fs (loop0): unmounting filesystem 00000000-0000-0000-0000-000000000000.
[   67.729088] loop0: detected capacity change from 0 to 2048
[   67.736089] EXT4-fs (loop0): mounted filesystem 00000000-0000-0000-0000-000000000000 r/w without journal. Quota mode: none.
[   67.743939] EXT4-fs (loop0): unmounting filesystem 00000000-0000-0000-0000-000000000000.
[   67.765019] loop0: detected capacity change from 0 to 2048
[   67.773176] EXT4-fs (loop0): mounted filesystem 00000000-0000-0000-0000-000000000000 r/w without journal. Quota mode: none.
[   67.783156] EXT4-fs (loop0): unmounting filesystem 00000000-0000-0000-0000-000000000000.
[   67.803606] loop0: detected capacity change from 0 to 2048
[   67.807906] EXT4-fs (loop0): mounted filesystem 00000000-0000-0000-0000-000000000000 r/w without journal. Quota mode: none.
[   67.816146] EXT4-fs (loop0): unmounting filesystem 00000000-0000-0000-0000-000000000000.
[   67.854101] loop0: detected capacity change from 0 to 2048
[   67.859957] EXT4-fs (loop0): mounted filesystem 00000000-0000-0000-0000-000000000000 r/w without journal. Quota mode: none.
[   67.866615] EXT4-fs (loop0): unmounting filesystem 00000000-0000-0000-0000-000000000000.
[   67.890017] loop0: detected capacity change from 0 to 2048
[   67.895787] EXT4-fs (loop0): mounted filesystem 00000000-0000-0000-0000-000000000000 r/w without journal. Quota mode: none.
[   67.903795] EXT4-fs (loop0): unmounting filesystem 00000000-0000-0000-0000-000000000000.
[   67.944707] loop0: detected capacity change from 0 to 2048
[   67.951611] EXT4-fs (loop0): mounted filesystem 00000000-0000-0000-0000-000000000000 r/w without journal. Quota mode: none.
[   67.959696] EXT4-fs (loop0): unmounting filesystem 00000000-0000-0000-0000-000000000000.
[   68.001514] loop0: detected capacity change from 0 to 2048
[   68.007779] EXT4-fs (loop0): mounted filesystem 00000000-0000-0000-0000-000000000000 r/w without journal. Quota mode: none.
[   68.018044] EXT4-fs (loop0): unmounting filesystem 00000000-0000-0000-0000-000000000000.
[   68.043859] loop0: detected capacity change from 0 to 2048
[   68.051947] EXT4-fs (loop0): mounted filesystem 00000000-0000-0000-0000-000000000000 r/w without journal. Quota mode: none.
[   68.060578] EXT4-fs (loop0): unmounting filesystem 00000000-0000-0000-0000-000000000000.
[   68.098524] loop0: detected capacity change from 0 to 2048
[   68.104189] EXT4-fs (loop0): mounted filesystem 00000000-0000-0000-0000-000000000000 r/w without journal. Quota mode: none.
[   68.111699] EXT4-fs (loop0): unmounting filesystem 00000000-0000-0000-0000-000000000000.
[   68.136865] loop0: detected capacity change from 0 to 2048
[   68.143995] EXT4-fs (loop0): mounted filesystem 00000000-0000-0000-0000-000000000000 r/w without journal. Quota mode: none.
[   68.151149] EXT4-fs (loop0): unmounting filesystem 00000000-0000-0000-0000-000000000000.
[   68.177205] loop0: detected capacity change from 0 to 2048
[   68.187757] EXT4-fs (loop0): mounted filesystem 00000000-0000-0000-0000-000000000000 r/w without journal. Quota mode: none.
[   68.195695] EXT4-fs (loop0): unmounting filesystem 00000000-0000-0000-0000-000000000000.
[   68.222311] loop0: detected capacity change from 0 to 2048
[   68.227577] EXT4-fs (loop0): mounted filesystem 00000000-0000-0000-0000-000000000000 r/w without journal. Quota mode: none.
[   68.235137] EXT4-fs (loop0): unmounting filesystem 00000000-0000-0000-0000-000000000000.
[   68.264568] loop0: detected capacity change from 0 to 2048
[   68.271963] EXT4-fs (loop0): mounted filesystem 00000000-0000-0000-0000-000000000000 r/w without journal. Quota mode: none.
[   68.281640] EXT4-fs (loop0): unmounting filesystem 00000000-0000-0000-0000-000000000000.
[   68.304677] loop0: detected capacity change from 0 to 2048
[   68.315852] EXT4-fs (loop0): mounted filesystem 00000000-0000-0000-0000-000000000000 r/w without journal. Quota mode: none.
[   68.327646] EXT4-fs (loop0): unmounting filesystem 00000000-0000-0000-0000-000000000000.
[   68.356355] loop0: detected capacity change from 0 to 2048
[   68.363856] EXT4-fs (loop0): mounted filesystem 00000000-0000-0000-0000-000000000000 r/w without journal. Quota mode: none.
[   68.384958] EXT4-fs (loop0): unmounting filesystem 00000000-0000-0000-0000-000000000000.
[   68.417525] loop0: detected capacity change from 0 to 2048
[   68.423922] EXT4-fs (loop0): mounted filesystem 00000000-0000-0000-0000-000000000000 r/w without journal. Quota mode: none.
[   68.443064] EXT4-fs (loop0): unmounting filesystem 00000000-0000-0000-0000-000000000000.
[   68.481616] loop0: detected capacity change from 0 to 2048
[   68.487807] EXT4-fs (loop0): mounted filesystem 00000000-0000-0000-0000-000000000000 r/w without journal. Quota mode: none.
[   68.496548] EXT4-fs (loop0): unmounting filesystem 00000000-0000-0000-0000-000000000000.
[   68.536224] loop0: detected capacity change from 0 to 2048
[   68.547990] EXT4-fs (loop0): mounted filesystem 00000000-0000-0000-0000-000000000000 r/w without journal. Quota mode: none.
[   68.554084] EXT4-fs (loop0): unmounting filesystem 00000000-0000-0000-0000-000000000000.
[   68.590184] loop0: detected capacity change from 0 to 2048
[   68.599869] EXT4-fs (loop0): mounted filesystem 00000000-0000-0000-0000-000000000000 r/w without journal. Quota mode: none.
[   68.606566] EXT4-fs (loop0): unmounting filesystem 00000000-0000-0000-0000-000000000000.
[   68.641250] loop0: detected capacity change from 0 to 2048
[   68.647875] EXT4-fs (loop0): mounted filesystem 00000000-0000-0000-0000-000000000000 r/w without journal. Quota mode: none.
[   68.654180] EXT4-fs (loop0): unmounting filesystem 00000000-0000-0000-0000-000000000000.
[   68.688387] loop0: detected capacity change from 0 to 2048
[   68.695949] EXT4-fs (loop0): mounted filesystem 00000000-0000-0000-0000-000000000000 r/w without journal. Quota mode: none.
[   68.701812] EXT4-fs (loop0): unmounting filesystem 00000000-0000-0000-0000-000000000000.
[   68.718796] loop0: detected capacity change from 0 to 2048
[   68.731829] EXT4-fs (loop0): mounted filesystem 00000000-0000-0000-0000-000000000000 r/w without journal. Quota mode: none.
[   68.740077] EXT4-fs (loop0): unmounting filesystem 00000000-0000-0000-0000-000000000000.
[   68.759067] loop0: detected capacity change from 0 to 2048
[   68.767894] EXT4-fs (loop0): mounted filesystem 00000000-0000-0000-0000-000000000000 r/w without journal. Quota mode: none.
[   68.777328] EXT4-fs (loop0): unmounting filesystem 00000000-0000-0000-0000-000000000000.
[   68.798837] loop0: detected capacity change from 0 to 2048
[   68.803803] EXT4-fs (loop0): mounted filesystem 00000000-0000-0000-0000-000000000000 r/w without journal. Quota mode: none.
[   68.816168] EXT4-fs (loop0): unmounting filesystem 00000000-0000-0000-0000-000000000000.
[   68.852622] loop0: detected capacity change from 0 to 2048
[   68.859679] EXT4-fs (loop0): mounted filesystem 00000000-0000-0000-0000-000000000000 r/w without journal. Quota mode: none.
[   68.866291] EXT4-fs (loop0): unmounting filesystem 00000000-0000-0000-0000-000000000000.
[   68.885119] loop0: detected capacity change from 0 to 2048
[   68.896870] EXT4-fs (loop0): mounted filesystem 00000000-0000-0000-0000-000000000000 r/w without journal. Quota mode: none.
[   68.903088] EXT4-fs (loop0): unmounting filesystem 00000000-0000-0000-0000-000000000000.
[   68.924089] loop0: detected capacity change from 0 to 2048
[   68.935772] EXT4-fs (loop0): mounted filesystem 00000000-0000-0000-0000-000000000000 r/w without journal. Quota mode: none.
[   68.945282] EXT4-fs (loop0): unmounting filesystem 00000000-0000-0000-0000-000000000000.
[   68.967405] loop0: detected capacity change from 0 to 2048
[   69.012095] loop0: detected capacity change from 0 to 2048
[   69.046526] loop0: detected capacity change from 0 to 2048
[   69.079972] loop0: detected capacity change from 0 to 2048
[   69.118538] loop0: detected capacity change from 0 to 2048
[   69.151159] loop0: detected capacity change from 0 to 2048
[   69.184269] loop0: detected capacity change from 0 to 2048
[   69.221348] loop0: detected capacity change from 0 to 2048
[   69.270471] loop0: detected capacity change from 0 to 2048
[   69.318962] loop0: detected capacity change from 0 to 2048
[   69.359172] loop0: detected capacity change from 0 to 2048
[   69.428402] loop0: detected capacity change from 0 to 2048
[   69.454828] loop0: detected capacity change from 0 to 2048
[   69.517589] loop0: detected capacity change from 0 to 2048
[   69.565353] loop0: detected capacity change from 0 to 2048
[   69.608240] loop0: detected capacity change from 0 to 2048
[   69.653377] loop0: detected capacity change from 0 to 2048
[   69.677607] loop0: detected capacity change from 0 to 2048
[   69.732536] loop0: detected capacity change from 0 to 2048
[   69.756927] loop0: detected capacity change from 0 to 2048
[   69.788456] loop0: detected capacity change from 0 to 2048
[   69.840844] loop0: detected capacity change from 0 to 2048
[   69.864588] loop0: detected capacity change from 0 to 2048
[   69.911492] loop0: detected capacity change from 0 to 2048
[   69.946971] loop0: detected capacity change from 0 to 2048
[   69.980619] loop0: detected capacity change from 0 to 2048
[   70.028463] loop0: detected capacity change from 0 to 2048
[   70.061658] loop0: detected capacity change from 0 to 2048
[   70.101180] loop0: detected capacity change from 0 to 2048
[   70.134079] loop0: detected capacity change from 0 to 2048
[   70.175874] loop0: detected capacity change from 0 to 2048
[   70.225784] loop0: detected capacity change from 0 to 2048
[   70.269275] loop0: detected capacity change from 0 to 2048
[   70.316179] loop0: detected capacity change from 0 to 2048
[   70.360607] loop0: detected capacity change from 0 to 2048
[   70.417324] loop0: detected capacity change from 0 to 2048
[   70.465520] loop0: detected capacity change from 0 to 2048
[   70.508791] loop0: detected capacity change from 0 to 2048
[   70.538699] loop0: detected capacity change from 0 to 2048
[   70.539336] blk_print_req_error: 8 callbacks suppressed
[   70.539351] I/O error, dev loop0, sector 0 op 0x0:(READ) flags 0x80700 phys_seg 1 prio class 2
[   70.589398] loop0: detected capacity change from 0 to 2048
[   70.612631] loop0: detected capacity change from 0 to 2048
[   70.666043] loop0: detected capacity change from 0 to 2048
[   70.709619] loop0: detected capacity change from 0 to 2048
[   70.743221] loop0: detected capacity change from 0 to 2048
[   70.798279] loop0: detected capacity change from 0 to 2048
[   70.841736] loop0: detected capacity change from 0 to 2048
[   70.885612] loop0: detected capacity change from 0 to 2048
[   70.930078] loop0: detected capacity change from 0 to 2048
[   70.973659] loop0: detected capacity change from 0 to 2048
[   71.002636] loop0: detected capacity change from 0 to 2048
[   71.062201] loop0: detected capacity change from 0 to 2048
[   71.105361] loop0: detected capacity change from 0 to 2048
[   71.136869] loop0: detected capacity change from 0 to 2048
[   71.179472] loop0: detected capacity change from 0 to 2048
[   71.224969] loop0: detected capacity change from 0 to 2048
[   71.269685] loop0: detected capacity change from 0 to 2048
[   71.296703] loop0: detected capacity change from 0 to 2048
[   71.357614] loop0: detected capacity change from 0 to 2048
[   71.415254] loop0: detected capacity change from 0 to 2048
[   71.465054] loop0: detected capacity change from 0 to 2048
[   71.506725] loop0: detected capacity change from 0 to 2048
[   71.565331] loop0: detected capacity change from 0 to 2048
[   71.597403] loop0: detected capacity change from 0 to 2048
[   71.646149] loop0: detected capacity change from 0 to 2048
[   71.694811] loop0: detected capacity change from 0 to 2048
[   71.716802] loop0: detected capacity change from 0 to 2048
[   71.764526] loop0: detected capacity change from 0 to 2048
[   71.789728] loop0: detected capacity change from 0 to 2048
[   71.828222] loop0: detected capacity change from 0 to 2048
[   71.877268] loop0: detected capacity change from 0 to 2048
[   71.921678] loop0: detected capacity change from 0 to 2048
[   71.949373] loop0: detected capacity change from 0 to 2048
[   71.990841] loop0: detected capacity change from 0 to 2048
[   72.041206] loop0: detected capacity change from 0 to 2048
[   72.072978] loop0: detected capacity change from 0 to 2048
[   72.111234] loop0: detected capacity change from 0 to 2048
[   72.141098] loop0: detected capacity change from 0 to 2048
[   72.174914] loop0: detected capacity change from 0 to 2048
[   72.229004] loop0: detected capacity change from 0 to 2048
[   72.275683] loop0: detected capacity change from 0 to 2048
[   72.317716] loop0: detected capacity change from 0 to 2048
[   72.369318] loop0: detected capacity change from 0 to 2048
[   72.432837] loop0: detected capacity change from 0 to 2048
[   72.472763] loop0: detected capacity change from 0 to 2048
[   72.508766] loop0: detected capacity change from 0 to 2048
[   72.547479] loop0: detected capacity change from 0 to 2048
[   72.594812] loop0: detected capacity change from 0 to 2048
[   72.640980] loop0: detected capacity change from 0 to 2048
[   72.673211] loop0: detected capacity change from 0 to 2048
[   72.706359] loop0: detected capacity change from 0 to 2048
[   72.706915] I/O error, dev loop0, sector 0 op 0x0:(READ) flags 0x80700 phys_seg 1 prio class 2
[   72.746957] loop0: detected capacity change from 0 to 2048
[   72.770439] loop0: detected capacity change from 0 to 2048
[   72.807104] loop0: detected capacity change from 0 to 2048
[   72.845883] loop0: detected capacity change from 0 to 2048
[   72.872592] loop0: detected capacity change from 0 to 2048
[   72.914778] loop0: detected capacity change from 0 to 2048
[   72.953706] loop0: detected capacity change from 0 to 2048
[   73.001291] loop0: detected capacity change from 0 to 2048
[   73.051201] loop0: detected capacity change from 0 to 2048
[   73.102307] loop0: detected capacity change from 0 to 2048
[   73.135780] loop0: detected capacity change from 0 to 2048
[   73.181784] loop0: detected capacity change from 0 to 2048
[   73.220283] loop0: detected capacity change from 0 to 2048
[   73.246996] loop0: detected capacity change from 0 to 2048
[   73.276767] loop0: detected capacity change from 0 to 2048
[   73.335146] loop0: detected capacity change from 0 to 2048
[   73.401213] loop0: detected capacity change from 0 to 2048
[   73.451691] loop0: detected capacity change from 0 to 2048
[   73.498153] loop0: detected capacity change from 0 to 2048
[   73.531274] loop0: detected capacity change from 0 to 2048
[   73.570955] loop0: detected capacity change from 0 to 2048
[   73.607967] loop0: detected capacity change from 0 to 2048
[   73.658177] loop0: detected capacity change from 0 to 2048
[   73.695214] loop0: detected capacity change from 0 to 2048
[   73.737001] loop0: detected capacity change from 0 to 2048
[   73.770645] loop0: detected capacity change from 0 to 2048
[   73.809006] loop0: detected capacity change from 0 to 2048
[   73.843894] loop0: detected capacity change from 0 to 2048
[   73.881601] loop0: detected capacity change from 0 to 2048
[   73.926610] loop0: detected capacity change from 0 to 2048
[   73.974146] loop0: detected capacity change from 0 to 2048
[   74.017910] loop0: detected capacity change from 0 to 2048
[   74.054768] loop0: detected capacity change from 0 to 2048
[   74.097558] loop0: detected capacity change from 0 to 2048
[   74.141433] loop0: detected capacity change from 0 to 2048
[   74.172583] loop0: detected capacity change from 0 to 2048
[   74.221374] loop0: detected capacity change from 0 to 2048
[   74.253106] loop0: detected capacity change from 0 to 2048
[   74.300734] loop0: detected capacity change from 0 to 2048
[   74.354771] loop0: detected capacity change from 0 to 2048
[   74.393360] loop0: detected capacity change from 0 to 2048
[   74.436751] loop0: detected capacity change from 0 to 2048
[   74.476228] loop0: detected capacity change from 0 to 2048
[   74.522443] loop0: detected capacity change from 0 to 2048
[   74.562585] loop0: detected capacity change from 0 to 2048
[   74.598695] loop0: detected capacity change from 0 to 2048
[   74.640369] loop0: detected capacity change from 0 to 2048
[   74.675813] loop0: detected capacity change from 0 to 2048
[   74.700151] loop0: detected capacity change from 0 to 2048
[   74.700765] I/O error, dev loop0, sector 0 op 0x0:(READ) flags 0x80700 phys_seg 1 prio class 2
