c[?7l[2J[0mSeaBIOS (version rel-1.16.0-0-gd239552ce722-prebuilt.qemu.org)


iPXE (http://ipxe.org) 00:03.0 CA00 PCI2.10 PnP PMM+7FF91000+7FEF1000 CA00
Press Ctrl-B to configure iPXE (PCI 00:03.0)...                                                                               


Booting from ROM..c[?7l[2J[0m.[    0.000000] Linux version 6.4.0-rc4-1683c329b6a2+ (root@p-rpls01) (gcc (GCC) 8.5.0 20210514 (Red Hat 8.5.0-19), GNU ld version 2.36.1-2.el8) #1 SMP PREEMPT_DYNAMIC Wed Jun 28 18:00:20 CST 2023
[    0.000000] Command line: console=ttyS0 root=/dev/sda earlyprintk=serial net.ifnames=0 quiet plymouth.enable=0
[    0.000000] KERNEL supported cpus:
[    0.000000]   Intel GenuineIntel
[    0.000000]   AMD AuthenticAMD
[    0.000000]   Hygon HygonGenuine
[    0.000000]   Centaur CentaurHauls
[    0.000000]   zhaoxin   Shanghai  
[    0.000000] x86/fpu: Supporting XSAVE feature 0x001: 'x87 floating point registers'
[    0.000000] x86/fpu: Supporting XSAVE feature 0x002: 'SSE registers'
[    0.000000] x86/fpu: Supporting XSAVE feature 0x004: 'AVX registers'
[    0.000000] x86/fpu: Supporting XSAVE feature 0x200: 'Protection Keys User registers'
[    0.000000] x86/fpu: xstate_offset[2]:  576, xstate_sizes[2]:  256
[    0.000000] x86/fpu: xstate_offset[9]:  832, xstate_sizes[9]:    8
[    0.000000] x86/fpu: Enabled xstate features 0x207, context size is 840 bytes, using 'compacted' format.
[    0.000000] signal: max sigframe size: 3632
[    0.000000] BIOS-provided physical RAM map:
[    0.000000] BIOS-e820: [mem 0x0000000000000000-0x000000000009fbff] usable
[    0.000000] BIOS-e820: [mem 0x000000000009fc00-0x000000000009ffff] reserved
[    0.000000] BIOS-e820: [mem 0x00000000000f0000-0x00000000000fffff] reserved
[    0.000000] BIOS-e820: [mem 0x0000000000100000-0x000000007ffdffff] usable
[    0.000000] BIOS-e820: [mem 0x000000007ffe0000-0x000000007fffffff] reserved
[    0.000000] BIOS-e820: [mem 0x00000000feffc000-0x00000000feffffff] reserved
[    0.000000] BIOS-e820: [mem 0x00000000fffc0000-0x00000000ffffffff] reserved
[    0.000000] printk: bootconsole [earlyser0] enabled
[    0.369473] Spectre V2 : WARNING: Unprivileged eBPF is enabled with eIBRS on, data leaks possible via Spectre v2 BHB attacks!
[   10.104833] systemd[1]: Failed to start Load Kernel Modules.
[[0;1;31mFAILED[0m] Failed to start [0;1;39mLoad Kernel Modules[0m.

CentOS Stream 9
Kernel 6.4.0-rc4-1683c329b6a2+ on an x86_64

Activate the web console with: systemctl enable --now cockpit.socket

test login: [   26.459467] loop0: detected capacity change from 0 to 2048
[   26.466686] EXT4-fs (loop0): mounted filesystem 00000000-0000-0000-0000-000000000000 r/w without journal. Quota mode: none.
[   26.479718] EXT4-fs (loop0): unmounting filesystem 00000000-0000-0000-0000-000000000000.
[   26.509562] loop0: detected capacity change from 0 to 2048
[   26.513977] EXT4-fs (loop0): mounted filesystem 00000000-0000-0000-0000-000000000000 r/w without journal. Quota mode: none.
[   26.523469] EXT4-fs (loop0): unmounting filesystem 00000000-0000-0000-0000-000000000000.
[   26.549257] loop0: detected capacity change from 0 to 2048
[   26.554090] EXT4-fs (loop0): mounted filesystem 00000000-0000-0000-0000-000000000000 r/w without journal. Quota mode: none.
[   26.561458] EXT4-fs (loop0): unmounting filesystem 00000000-0000-0000-0000-000000000000.
[   26.588845] loop0: detected capacity change from 0 to 2048
[   26.598679] EXT4-fs (loop0): mounted filesystem 00000000-0000-0000-0000-000000000000 r/w without journal. Quota mode: none.
[   26.602647] EXT4-fs (loop0): unmounting filesystem 00000000-0000-0000-0000-000000000000.
[   26.628225] loop0: detected capacity change from 0 to 2048
[   26.638091] EXT4-fs (loop0): mounted filesystem 00000000-0000-0000-0000-000000000000 r/w without journal. Quota mode: none.
[   26.641522] EXT4-fs (loop0): unmounting filesystem 00000000-0000-0000-0000-000000000000.
[   26.665483] loop0: detected capacity change from 0 to 2048
[   26.670210] EXT4-fs (loop0): mounted filesystem 00000000-0000-0000-0000-000000000000 r/w without journal. Quota mode: none.
[   26.673121] EXT4-fs (loop0): unmounting filesystem 00000000-0000-0000-0000-000000000000.
[   26.697761] loop0: detected capacity change from 0 to 2048
[   26.701889] EXT4-fs (loop0): mounted filesystem 00000000-0000-0000-0000-000000000000 r/w without journal. Quota mode: none.
[   26.706662] EXT4-fs (loop0): unmounting filesystem 00000000-0000-0000-0000-000000000000.
[   26.733244] loop0: detected capacity change from 0 to 2048
[   26.737931] EXT4-fs (loop0): mounted filesystem 00000000-0000-0000-0000-000000000000 r/w without journal. Quota mode: none.
[   26.742219] EXT4-fs (loop0): unmounting filesystem 00000000-0000-0000-0000-000000000000.
[   26.752201] loop0: detected capacity change from 0 to 2048
[   26.763159] EXT4-fs (loop0): mounted filesystem 00000000-0000-0000-0000-000000000000 r/w without journal. Quota mode: none.
[   26.789778] EXT4-fs (loop0): unmounting filesystem 00000000-0000-0000-0000-000000000000.
[   26.800213] loop0: detected capacity change from 0 to 2048
[   26.806174] EXT4-fs (loop0): mounted filesystem 00000000-0000-0000-0000-000000000000 r/w without journal. Quota mode: none.
[   26.810172] EXT4-fs (loop0): unmounting filesystem 00000000-0000-0000-0000-000000000000.
[   26.842108] loop0: detected capacity change from 0 to 2048
[   26.846303] EXT4-fs (loop0): mounted filesystem 00000000-0000-0000-0000-000000000000 r/w without journal. Quota mode: none.
[   26.851476] EXT4-fs (loop0): unmounting filesystem 00000000-0000-0000-0000-000000000000.
[   26.864107] loop0: detected capacity change from 0 to 2048
[   26.870558] EXT4-fs (loop0): mounted filesystem 00000000-0000-0000-0000-000000000000 r/w without journal. Quota mode: none.
[   26.874610] EXT4-fs (loop0): unmounting filesystem 00000000-0000-0000-0000-000000000000.
[   26.896899] loop0: detected capacity change from 0 to 2048
[   26.902044] EXT4-fs (loop0): mounted filesystem 00000000-0000-0000-0000-000000000000 r/w without journal. Quota mode: none.
[   26.911319] EXT4-fs (loop0): unmounting filesystem 00000000-0000-0000-0000-000000000000.
[   26.938054] loop0: detected capacity change from 0 to 2048
[   26.942238] EXT4-fs (loop0): mounted filesystem 00000000-0000-0000-0000-000000000000 r/w without journal. Quota mode: none.
[   26.947526] EXT4-fs (loop0): unmounting filesystem 00000000-0000-0000-0000-000000000000.
[   26.959782] loop0: detected capacity change from 0 to 2048
[   26.966404] EXT4-fs (loop0): mounted filesystem 00000000-0000-0000-0000-000000000000 r/w without journal. Quota mode: none.
[   26.971273] EXT4-fs (loop0): unmounting filesystem 00000000-0000-0000-0000-000000000000.
[   27.001288] loop0: detected capacity change from 0 to 2048
[   27.006231] EXT4-fs (loop0): mounted filesystem 00000000-0000-0000-0000-000000000000 r/w without journal. Quota mode: none.
[   27.011841] EXT4-fs (loop0): unmounting filesystem 00000000-0000-0000-0000-000000000000.
[   27.025408] loop0: detected capacity change from 0 to 2048
[   27.035099] EXT4-fs (loop0): mounted filesystem 00000000-0000-0000-0000-000000000000 r/w without journal. Quota mode: none.
[   27.043591] EXT4-fs (loop0): unmounting filesystem 00000000-0000-0000-0000-000000000000.
[   27.057224] loop0: detected capacity change from 0 to 2048
[   27.066443] EXT4-fs (loop0): mounted filesystem 00000000-0000-0000-0000-000000000000 r/w without journal. Quota mode: none.
[   27.071263] EXT4-fs (loop0): unmounting filesystem 00000000-0000-0000-0000-000000000000.
[   27.084593] loop0: detected capacity change from 0 to 2048
[   27.090553] EXT4-fs (loop0): mounted filesystem 00000000-0000-0000-0000-000000000000 r/w without journal. Quota mode: none.
[   27.095917] EXT4-fs (loop0): unmounting filesystem 00000000-0000-0000-0000-000000000000.
[   27.106766] loop0: detected capacity change from 0 to 2048
[   27.110647] EXT4-fs (loop0): mounted filesystem 00000000-0000-0000-0000-000000000000 r/w without journal. Quota mode: none.
[   27.116472] EXT4-fs (loop0): unmounting filesystem 00000000-0000-0000-0000-000000000000.
[   27.128241] loop0: detected capacity change from 0 to 2048
[   27.138137] EXT4-fs (loop0): mounted filesystem 00000000-0000-0000-0000-000000000000 r/w without journal. Quota mode: none.
[   27.142152] EXT4-fs (loop0): unmounting filesystem 00000000-0000-0000-0000-000000000000.
[   27.167641] loop0: detected capacity change from 0 to 2048
[   27.170072] EXT4-fs (loop0): mounted filesystem 00000000-0000-0000-0000-000000000000 r/w without journal. Quota mode: none.
[   27.175484] EXT4-fs (loop0): unmounting filesystem 00000000-0000-0000-0000-000000000000.
[   27.188570] loop0: detected capacity change from 0 to 2048
[   27.204221] EXT4-fs (loop0): mounted filesystem 00000000-0000-0000-0000-000000000000 r/w without journal. Quota mode: none.
[   27.208707] EXT4-fs (loop0): unmounting filesystem 00000000-0000-0000-0000-000000000000.
[   27.240067] loop0: detected capacity change from 0 to 2048
[   27.246495] EXT4-fs (loop0): mounted filesystem 00000000-0000-0000-0000-000000000000 r/w without journal. Quota mode: none.
[   27.252697] EXT4-fs (loop0): unmounting filesystem 00000000-0000-0000-0000-000000000000.
[   27.268236] loop0: detected capacity change from 0 to 2048
[   27.281325] EXT4-fs (loop0): mounted filesystem 00000000-0000-0000-0000-000000000000 r/w without journal. Quota mode: none.
[   27.287423] EXT4-fs (loop0): unmounting filesystem 00000000-0000-0000-0000-000000000000.
[   27.303252] loop0: detected capacity change from 0 to 2048
[   27.310554] EXT4-fs (loop0): mounted filesystem 00000000-0000-0000-0000-000000000000 r/w without journal. Quota mode: none.
[   27.315342] EXT4-fs (loop0): unmounting filesystem 00000000-0000-0000-0000-000000000000.
[   27.327135] loop0: detected capacity change from 0 to 2048
[   27.342166] EXT4-fs (loop0): mounted filesystem 00000000-0000-0000-0000-000000000000 r/w without journal. Quota mode: none.
[   27.349394] EXT4-fs (loop0): unmounting filesystem 00000000-0000-0000-0000-000000000000.
[   27.366591] loop0: detected capacity change from 0 to 2048
[   27.371417] EXT4-fs (loop0): mounted filesystem 00000000-0000-0000-0000-000000000000 r/w without journal. Quota mode: none.
[   27.380028] EXT4-fs (loop0): unmounting filesystem 00000000-0000-0000-0000-000000000000.
[   27.421010] loop0: detected capacity change from 0 to 2048
[   27.426794] EXT4-fs (loop0): mounted filesystem 00000000-0000-0000-0000-000000000000 r/w without journal. Quota mode: none.
[   27.432329] EXT4-fs (loop0): unmounting filesystem 00000000-0000-0000-0000-000000000000.
[   27.462768] loop0: detected capacity change from 0 to 2048
[   27.466742] EXT4-fs (loop0): mounted filesystem 00000000-0000-0000-0000-000000000000 r/w without journal. Quota mode: none.
[   27.482442] EXT4-fs (loop0): unmounting filesystem 00000000-0000-0000-0000-000000000000.
[   27.514866] loop0: detected capacity change from 0 to 2048
[   27.518622] EXT4-fs (loop0): mounted filesystem 00000000-0000-0000-0000-000000000000 r/w without journal. Quota mode: none.
[   27.533889] EXT4-fs (loop0): unmounting filesystem 00000000-0000-0000-0000-000000000000.
[   27.569668] loop0: detected capacity change from 0 to 2048
[   27.574693] EXT4-fs (loop0): mounted filesystem 00000000-0000-0000-0000-000000000000 r/w without journal. Quota mode: none.
[   27.603498] loop0: detected capacity change from 0 to 2048
[   27.648351] loop0: detected capacity change from 0 to 2048
[   27.669649] loop0: detected capacity change from 0 to 2048
[   27.707696] loop0: detected capacity change from 0 to 2048
[   27.738790] loop0: detected capacity change from 0 to 2048
[   27.770323] loop0: detected capacity change from 0 to 2048
[   27.804284] loop0: detected capacity change from 0 to 2048
[   27.838107] loop0: detected capacity change from 0 to 2048
[   27.868296] loop0: detected capacity change from 0 to 2048
[   27.900681] loop0: detected capacity change from 0 to 2048
[   27.938342] loop0: detected capacity change from 0 to 2048
[   27.967344] loop0: detected capacity change from 0 to 2048
[   28.001989] loop0: detected capacity change from 0 to 2048
[   28.035790] loop0: detected capacity change from 0 to 2048
[   28.086846] loop0: detected capacity change from 0 to 2048
[   28.135203] loop0: detected capacity change from 0 to 2048
[   28.175921] loop0: detected capacity change from 0 to 2048
[   28.219559] loop0: detected capacity change from 0 to 2048
[   28.249781] loop0: detected capacity change from 0 to 2048
[   28.285931] loop0: detected capacity change from 0 to 2048
[   28.318465] loop0: detected capacity change from 0 to 2048
[   28.348677] loop0: detected capacity change from 0 to 2048
[   28.349528] I/O error, dev loop0, sector 0 op 0x0:(READ) flags 0x80700 phys_seg 1 prio class 2
[   28.410525] loop0: detected capacity change from 0 to 2048
[   28.451809] loop0: detected capacity change from 0 to 2048
[   28.502790] loop0: detected capacity change from 0 to 2048
[   28.551352] loop0: detected capacity change from 0 to 2048
[   28.603793] loop0: detected capacity change from 0 to 2048
[   28.635113] loop0: detected capacity change from 0 to 2048
[   28.675456] loop0: detected capacity change from 0 to 2048
[   28.715739] loop0: detected capacity change from 0 to 2048
[   28.760175] loop0: detected capacity change from 0 to 2048
[   28.791837] loop0: detected capacity change from 0 to 2048
[   28.829647] loop0: detected capacity change from 0 to 2048
[   28.867053] loop0: detected capacity change from 0 to 2048
[   28.901194] loop0: detected capacity change from 0 to 2048
[   28.928234] loop0: detected capacity change from 0 to 2048
[   28.962667] loop0: detected capacity change from 0 to 2048
[   29.018802] loop0: detected capacity change from 0 to 2048
[   29.049907] loop0: detected capacity change from 0 to 2048
[   29.083500] loop0: detected capacity change from 0 to 2048
[   29.117337] loop0: detected capacity change from 0 to 2048
[   29.151961] loop0: detected capacity change from 0 to 2048
[   29.204220] loop0: detected capacity change from 0 to 2048
[   29.233331] loop0: detected capacity change from 0 to 2048
[   29.234402] I/O error, dev loop0, sector 0 op 0x0:(READ) flags 0x80700 phys_seg 1 prio class 2
[   29.234457] I/O error, dev loop0, sector 0 op 0x0:(READ) flags 0x0 phys_seg 1 prio class 2
[   29.237618] Buffer I/O error on dev loop0, logical block 0, async page read
[   29.266571] loop0: detected capacity change from 0 to 2048
[   29.291264] loop0: detected capacity change from 0 to 2048
[   29.338703] loop0: detected capacity change from 0 to 2048
[   29.387772] loop0: detected capacity change from 0 to 2048
[   29.416285] loop0: detected capacity change from 0 to 2048
[   29.441558] loop0: detected capacity change from 0 to 2048
[   29.480491] loop0: detected capacity change from 0 to 2048
[   29.524437] loop0: detected capacity change from 0 to 2048
[   29.582523] loop0: detected capacity change from 0 to 2048
[   29.612600] loop0: detected capacity change from 0 to 2048
[   29.646774] loop0: detected capacity change from 0 to 2048
[   29.683254] loop0: detected capacity change from 0 to 2048
[   29.717616] loop0: detected capacity change from 0 to 2048
[   29.747957] loop0: detected capacity change from 0 to 2048
[   29.798409] loop0: detected capacity change from 0 to 2048
[   29.842889] loop0: detected capacity change from 0 to 2048
[   29.890757] loop0: detected capacity change from 0 to 2048
[   29.918659] loop0: detected capacity change from 0 to 2048
[   29.943776] loop0: detected capacity change from 0 to 2048
[   29.974080] loop0: detected capacity change from 0 to 2048
[   30.002692] loop0: detected capacity change from 0 to 2048
[   30.003542] I/O error, dev loop0, sector 0 op 0x0:(READ) flags 0x80700 phys_seg 1 prio class 2
[   30.039181] loop0: detected capacity change from 0 to 2048
[   30.087240] loop0: detected capacity change from 0 to 2048
[   30.134695] loop0: detected capacity change from 0 to 2048
[   30.183266] loop0: detected capacity change from 0 to 2048
[   30.207313] loop0: detected capacity change from 0 to 2048
[   30.207729] I/O error, dev loop0, sector 0 op 0x0:(READ) flags 0x80700 phys_seg 1 prio class 2
[   30.246227] loop0: detected capacity change from 0 to 2048
[   30.298456] loop0: detected capacity change from 0 to 2048
[   30.331752] loop0: detected capacity change from 0 to 2048
[   30.375815] loop0: detected capacity change from 0 to 2048
[   30.376546] I/O error, dev loop0, sector 0 op 0x0:(READ) flags 0x80700 phys_seg 1 prio class 2
[   30.415812] loop0: detected capacity change from 0 to 2048
[   30.464266] loop0: detected capacity change from 0 to 2048
[   30.504176] loop0: detected capacity change from 0 to 2048
[   30.504717] I/O error, dev loop0, sector 0 op 0x0:(READ) flags 0x80700 phys_seg 1 prio class 2
[   30.554794] loop0: detected capacity change from 0 to 2048
[   30.612451] loop0: detected capacity change from 0 to 2048
[   30.643464] loop0: detected capacity change from 0 to 2048
[   30.681312] loop0: detected capacity change from 0 to 2048
[   30.755383] loop0: detected capacity change from 0 to 2048
[   30.804884] loop0: detected capacity change from 0 to 2048
[   30.834525] loop0: detected capacity change from 0 to 2048
[   30.868482] loop0: detected capacity change from 0 to 2048
[   30.927969] loop0: detected capacity change from 0 to 2048
[   30.963389] loop0: detected capacity change from 0 to 2048
[   31.000924] loop0: detected capacity change from 0 to 2048
[   31.044717] loop0: detected capacity change from 0 to 2048
[   31.078045] loop0: detected capacity change from 0 to 2048
[   31.130052] loop0: detected capacity change from 0 to 2048
[   31.170200] loop0: detected capacity change from 0 to 2048
[   31.201942] loop0: detected capacity change from 0 to 2048
[   31.244084] loop0: detected capacity change from 0 to 2048
[   31.291796] loop0: detected capacity change from 0 to 2048
[   31.343045] loop0: detected capacity change from 0 to 2048
[   31.373564] loop0: detected capacity change from 0 to 2048
[   31.404567] loop0: detected capacity change from 0 to 2048
[   31.443228] loop0: detected capacity change from 0 to 2048
[   31.483117] loop0: detected capacity change from 0 to 2048
[   31.554858] loop0: detected capacity change from 0 to 2048
[   31.598251] loop0: detected capacity change from 0 to 2048
[   31.655109] loop0: detected capacity change from 0 to 2048
[   31.700266] loop0: detected capacity change from 0 to 2048
[   31.741213] loop0: detected capacity change from 0 to 2048
[   31.762618] loop0: detected capacity change from 0 to 2048
[   31.795962] loop0: detected capacity change from 0 to 2048
[   31.820096] loop0: detected capacity change from 0 to 2048
[   31.868279] loop0: detected capacity change from 0 to 2048
[   31.912859] loop0: detected capacity change from 0 to 2048
[   31.949011] loop0: detected capacity change from 0 to 2048
[   31.992148] loop0: detected capacity change from 0 to 2048
[   32.035256] loop0: detected capacity change from 0 to 2048
[   32.077245] loop0: detected capacity change from 0 to 2048
[   32.102394] loop0: detected capacity change from 0 to 2048
[   32.126116] loop0: detected capacity change from 0 to 2048
[   32.151154] loop0: detected capacity change from 0 to 2048
[   32.183041] loop0: detected capacity change from 0 to 2048
[   32.223945] loop0: detected capacity change from 0 to 2048
[   32.253790] loop0: detected capacity change from 0 to 2048
[   32.282470] loop0: detected capacity change from 0 to 2048
[   32.307526] loop0: detected capacity change from 0 to 2048
[   32.340356] loop0: detected capacity change from 0 to 2048
[   32.376601] loop0: detected capacity change from 0 to 2048
[   32.416635] loop0: detected capacity change from 0 to 2048
[   32.439667] loop0: detected capacity change from 0 to 2048
[   32.469788] loop0: detected capacity change from 0 to 2048
[   32.524052] loop0: detected capacity change from 0 to 2048
[   32.567876] loop0: detected capacity change from 0 to 2048
[   32.599936] loop0: detected capacity change from 0 to 2048
[   32.600247] I/O error, dev loop0, sector 0 op 0x0:(READ) flags 0x80700 phys_seg 1 prio class 2
[   32.639719] loop0: detected capacity change from 0 to 2048
[   32.662819] loop0: detected capacity change from 0 to 2048
[   32.688320] loop0: detected capacity change from 0 to 2048
[   32.720140] loop0: detected capacity change from 0 to 2048
[   32.747426] loop0: detected capacity change from 0 to 2048
[   32.772509] loop0: detected capacity change from 0 to 2048
[   32.810483] loop0: detected capacity change from 0 to 2048
[   32.842687] loop0: detected capacity change from 0 to 2048
[   32.871894] loop0: detected capacity change from 0 to 2048
[   32.899123] loop0: detected capacity change from 0 to 2048
[   32.946215] loop0: detected capacity change from 0 to 2048
[   32.990592] loop0: detected capacity change from 0 to 2048
[   33.031484] loop0: detected capacity change from 0 to 2048
[   33.080920] loop0: detected capacity change from 0 to 2048
[   33.123039] loop0: detected capacity change from 0 to 2048
[   33.151846] loop0: detected capacity change from 0 to 2048
[   33.152279] I/O error, dev loop0, sector 0 op 0x0:(READ) flags 0x80700 phys_seg 1 prio class 2
[   33.202942] loop0: detected capacity change from 0 to 2048
[   33.250306] loop0: detected capacity change from 0 to 2048
[   33.293808] loop0: detected capacity change from 0 to 2048
[   33.320368] loop0: detected capacity change from 0 to 2048
[   33.353185] loop0: detected capacity change from 0 to 2048
[   33.392249] loop0: detected capacity change from 0 to 2048
[   33.422525] loop0: detected capacity change from 0 to 2048
[   33.477483] loop0: detected capacity change from 0 to 2048
[   33.513497] loop0: detected capacity change from 0 to 2048
[   33.571998] loop0: detected capacity change from 0 to 2048
[   33.618215] loop0: detected capacity change from 0 to 2048
[   33.645831] loop0: detected capacity change from 0 to 2048
[   33.696561] loop0: detected capacity change from 0 to 2048
[   33.728290] loop0: detected capacity change from 0 to 2048
[   33.760264] loop0: detected capacity change from 0 to 2048
[   33.790820] loop0: detected capacity change from 0 to 2048
[   33.810138] loop0: detected capacity change from 0 to 2048
[   33.846890] loop0: detected capacity change from 0 to 2048
[   33.895717] loop0: detected capacity change from 0 to 2048
[   33.937418] loop0: detected capacity change from 0 to 2048
[   33.974508] loop0: detected capacity change from 0 to 2048
[   33.997281] loop0: detected capacity change from 0 to 2048
[   34.032622] loop0: detected capacity change from 0 to 2048
[   34.071184] loop0: detected capacity change from 0 to 2048
[   34.116177] loop0: detected capacity change from 0 to 2048
[   34.146427] loop0: detected capacity change from 0 to 2048
[   34.147375] I/O error, dev loop0, sector 0 op 0x0:(READ) flags 0x80700 phys_seg 1 prio class 2
[   34.195740] loop0: detected capacity change from 0 to 2048
[   34.238037] loop0: detected capacity change from 0 to 2048
[   34.283097] loop0: detected capacity change from 0 to 2048
[   34.329091] loop0: detected capacity change from 0 to 2048
[   34.371137] loop0: detected capacity change from 0 to 2048
[   34.418729] loop0: detected capacity change from 0 to 2048
[   34.462705] loop0: detected capacity change from 0 to 2048
[   34.506995] loop0: detected capacity change from 0 to 2048
[   34.562065] loop0: detected capacity change from 0 to 2048
[   34.591461] loop0: detected capacity change from 0 to 2048
[   34.592103] I/O error, dev loop0, sector 0 op 0x0:(READ) flags 0x80700 phys_seg 1 prio class 2
[   34.627911] loop0: detected capacity change from 0 to 2048
[   34.676177] loop0: detected capacity change from 0 to 2048
[   34.711316] loop0: detected capacity change from 0 to 2048
[   34.764292] loop0: detected capacity change from 0 to 2048
[   34.805732] loop0: detected capacity change from 0 to 2048
[   34.806702] I/O error, dev loop0, sector 0 op 0x0:(READ) flags 0x80700 phys_seg 1 prio class 2
[   34.858221] loop0: detected capacity change from 0 to 2048
[   34.883024] loop0: detected capacity change from 0 to 2048
[   34.939682] loop0: detected capacity change from 0 to 2048
[   34.991014] loop0: detected capacity change from 0 to 2048
[   35.019476] loop0: detected capacity change from 0 to 2048
[   35.049530] loop0: detected capacity change from 0 to 2048
[   35.096617] loop0: detected capacity change from 0 to 2048
[   35.150688] loop0: detected capacity change from 0 to 2048
[   35.200129] loop0: detected capacity change from 0 to 2048
[   35.247486] loop0: detected capacity change from 0 to 2048
[   35.284637] loop0: detected capacity change from 0 to 2048
[   35.308732] loop0: detected capacity change from 0 to 2048
[   35.351081] loop0: detected capacity change from 0 to 2048
[   35.415095] loop0: detected capacity change from 0 to 2048
[   35.462645] loop0: detected capacity change from 0 to 2048
[   35.490008] loop0: detected capacity change from 0 to 2048
[   35.562009] loop0: detected capacity change from 0 to 2048
[   35.606487] loop0: detected capacity change from 0 to 2048
[   35.633288] loop0: detected capacity change from 0 to 2048
[   35.670011] loop0: detected capacity change from 0 to 2048
[   35.704617] loop0: detected capacity change from 0 to 2048
[   35.743237] loop0: detected capacity change from 0 to 2048
[   35.777659] loop0: detected capacity change from 0 to 2048
[   35.778061] I/O error, dev loop0, sector 0 op 0x0:(READ) flags 0x80700 phys_seg 1 prio class 2
[   35.818607] loop0: detected capacity change from 0 to 2048
[   35.856643] loop0: detected capacity change from 0 to 2048
[   35.907626] loop0: detected capacity change from 0 to 2048
[   35.939678] loop0: detected capacity change from 0 to 2048
[   35.988451] loop0: detected capacity change from 0 to 2048
[   36.043564] loop0: detected capacity change from 0 to 2048
[   36.093699] loop0: detected capacity change from 0 to 2048
[   36.115870] loop0: detected capacity change from 0 to 2048
[   36.167429] loop0: detected capacity change from 0 to 2048
[   36.199762] loop0: detected capacity change from 0 to 2048
[   36.251421] loop0: detected capacity change from 0 to 2048
[   36.299569] loop0: detected capacity change from 0 to 2048
[   36.345895] loop0: detected capacity change from 0 to 2048
[   36.382141] loop0: detected capacity change from 0 to 2048
[   36.416235] loop0: detected capacity change from 0 to 2048
[   36.453795] loop0: detected capacity change from 0 to 2048
[   36.492521] loop0: detected capacity change from 0 to 2048
[   36.539855] loop0: detected capacity change from 0 to 2048
[   36.582543] loop0: detected capacity change from 0 to 2048
[   36.583509] I/O error, dev loop0, sector 0 op 0x0:(READ) flags 0x80700 phys_seg 1 prio class 2
[   36.644083] loop0: detected capacity change from 0 to 2048
[   36.687577] loop0: detected capacity change from 0 to 2048
[   36.720891] loop0: detected capacity change from 0 to 2048
[   36.754713] loop0: detected capacity change from 0 to 2048
[   36.808285] loop0: detected capacity change from 0 to 2048
[   36.858868] loop0: detected capacity change from 0 to 2048
[   36.892781] loop0: detected capacity change from 0 to 2048
[   36.893796] I/O error, dev loop0, sector 0 op 0x0:(READ) flags 0x80700 phys_seg 1 prio class 2
[   36.941946] loop0: detected capacity change from 0 to 2048
[   36.989900] loop0: detected capacity change from 0 to 2048
[   37.024009] loop0: detected capacity change from 0 to 2048
[   37.057317] loop0: detected capacity change from 0 to 2048
[   37.085672] loop0: detected capacity change from 0 to 2048
[   37.125823] loop0: detected capacity change from 0 to 2048
[   37.158390] loop0: detected capacity change from 0 to 2048
[   37.189473] loop0: detected capacity change from 0 to 2048
[   37.220873] loop0: detected capacity change from 0 to 2048
[   37.257353] loop0: detected capacity change from 0 to 2048
[   37.294160] loop0: detected capacity change from 0 to 2048
[   37.326348] loop0: detected capacity change from 0 to 2048
[   37.361572] loop0: detected capacity change from 0 to 2048
[   37.411836] loop0: detected capacity change from 0 to 2048
[   37.455586] loop0: detected capacity change from 0 to 2048
[   37.498242] loop0: detected capacity change from 0 to 2048
[   37.542265] loop0: detected capacity change from 0 to 2048
[   37.599087] loop0: detected capacity change from 0 to 2048
[   37.629846] loop0: detected capacity change from 0 to 2048
[   37.662132] loop0: detected capacity change from 0 to 2048
[   37.699827] loop0: detected capacity change from 0 to 2048
[   37.731711] loop0: detected capacity change from 0 to 2048
[   37.768132] loop0: detected capacity change from 0 to 2048
[   37.800426] loop0: detected capacity change from 0 to 2048
[   37.834317] loop0: detected capacity change from 0 to 2048
[   37.859975] loop0: detected capacity change from 0 to 2048
[   37.892249] loop0: detected capacity change from 0 to 2048
[   37.916907] loop0: detected capacity change from 0 to 2048
[   37.948063] loop0: detected capacity change from 0 to 2048
[   37.992045] loop0: detected capacity change from 0 to 2048
[   38.024209] loop0: detected capacity change from 0 to 2048
[   38.068393] loop0: detected capacity change from 0 to 2048
[   38.105547] loop0: detected capacity change from 0 to 2048
[   38.141440] loop0: detected capacity change from 0 to 2048
[   38.166339] loop0: detected capacity change from 0 to 2048
[   38.192058] loop0: detected capacity change from 0 to 2048
[   38.224474] loop0: detected capacity change from 0 to 2048
[   38.248365] loop0: detected capacity change from 0 to 2048
[   38.276032] loop0: detected capacity change from 0 to 2048
[   38.308004] loop0: detected capacity change from 0 to 2048
[   38.340028] loop0: detected capacity change from 0 to 2048
[   38.367403] loop0: detected capacity change from 0 to 2048
[   38.400300] loop0: detected capacity change from 0 to 2048
[   38.418801] EXT4-fs unmount: 558 callbacks suppressed
[   38.418812] EXT4-fs (loop0): unmounting filesystem 00000000-0000-0000-0000-000000000000.
[   38.448984] loop0: detected capacity change from 0 to 2048
[   38.454394] EXT4-fs (loop0): mounted filesystem 00000000-0000-0000-0000-000000000000 r/w without journal. Quota mode: none.
[   38.460100] EXT4-fs (loop0): unmounting filesystem 00000000-0000-0000-0000-000000000000.
[   38.473579] loop0: detected capacity change from 0 to 2048
[   38.482418] EXT4-fs (loop0): mounted filesystem 00000000-0000-0000-0000-000000000000 r/w without journal. Quota mode: none.
[   38.496675] EXT4-fs (loop0): unmounting filesystem 00000000-0000-0000-0000-000000000000.
[   38.510880] loop0: detected capacity change from 0 to 2048
[   38.528332] EXT4-fs (loop0): mounted filesystem 00000000-0000-0000-0000-000000000000 r/w without journal. Quota mode: none.
[   38.544133] EXT4-fs (loop0): unmounting filesystem 00000000-0000-0000-0000-000000000000.
[   38.559344] loop0: detected capacity change from 0 to 2048
[   38.566544] EXT4-fs (loop0): mounted filesystem 00000000-0000-0000-0000-000000000000 r/w without journal. Quota mode: none.
[   38.571960] EXT4-fs (loop0): unmounting filesystem 00000000-0000-0000-0000-000000000000.
[   38.602302] loop0: detected capacity change from 0 to 2048
[   38.606872] EXT4-fs (loop0): mounted filesystem 00000000-0000-0000-0000-000000000000 r/w without journal. Quota mode: none.
[   38.611845] EXT4-fs (loop0): unmounting filesystem 00000000-0000-0000-0000-000000000000.
[   38.640797] loop0: detected capacity change from 0 to 2048
[   38.646366] EXT4-fs (loop0): mounted filesystem 00000000-0000-0000-0000-000000000000 r/w without journal. Quota mode: none.
[   38.654246] EXT4-fs (loop0): unmounting filesystem 00000000-0000-0000-0000-000000000000.
[   38.675925] loop0: detected capacity change from 0 to 2048
[   38.682322] EXT4-fs (loop0): mounted filesystem 00000000-0000-0000-0000-000000000000 r/w without journal. Quota mode: none.
[   38.687207] EXT4-fs (loop0): unmounting filesystem 00000000-0000-0000-0000-000000000000.
[   38.697928] loop0: detected capacity change from 0 to 2048
[   38.702723] EXT4-fs (loop0): mounted filesystem 00000000-0000-0000-0000-000000000000 r/w without journal. Quota mode: none.
[   38.716007] EXT4-fs (loop0): unmounting filesystem 00000000-0000-0000-0000-000000000000.
[   38.728622] loop0: detected capacity change from 0 to 2048
[   38.744108] EXT4-fs (loop0): mounted filesystem 00000000-0000-0000-0000-000000000000 r/w without journal. Quota mode: none.
[   38.749296] EXT4-fs (loop0): unmounting filesystem 00000000-0000-0000-0000-000000000000.
[   38.766546] loop0: detected capacity change from 0 to 2048
[   38.770482] EXT4-fs (loop0): mounted filesystem 00000000-0000-0000-0000-000000000000 r/w without journal. Quota mode: none.
[   38.776669] EXT4-fs (loop0): unmounting filesystem 00000000-0000-0000-0000-000000000000.
[   38.795696] loop0: detected capacity change from 0 to 2048
[   38.806726] EXT4-fs (loop0): mounted filesystem 00000000-0000-0000-0000-000000000000 r/w without journal. Quota mode: none.
[   38.811937] EXT4-fs (loop0): unmounting filesystem 00000000-0000-0000-0000-000000000000.
[   38.833534] loop0: detected capacity change from 0 to 2048
[   38.839201] EXT4-fs (loop0): mounted filesystem 00000000-0000-0000-0000-000000000000 r/w without journal. Quota mode: none.
[   38.846997] EXT4-fs (loop0): unmounting filesystem 00000000-0000-0000-0000-000000000000.
[   38.882840] loop0: detected capacity change from 0 to 2048
[   38.886827] EXT4-fs (loop0): mounted filesystem 00000000-0000-0000-0000-000000000000 r/w without journal. Quota mode: none.
[   38.895486] EXT4-fs (loop0): unmounting filesystem 00000000-0000-0000-0000-000000000000.
[   38.915747] loop0: detected capacity change from 0 to 2048
[   38.922450] EXT4-fs (loop0): mounted filesystem 00000000-0000-0000-0000-000000000000 r/w without journal. Quota mode: none.
[   38.931379] EXT4-fs (loop0): unmounting filesystem 00000000-0000-0000-0000-000000000000.
[   38.962212] loop0: detected capacity change from 0 to 2048
[   38.966749] EXT4-fs (loop0): mounted filesystem 00000000-0000-0000-0000-000000000000 r/w without journal. Quota mode: none.
[   38.980612] EXT4-fs (loop0): unmounting filesystem 00000000-0000-0000-0000-000000000000.
[   38.998292] loop0: detected capacity change from 0 to 2048
[   39.002671] EXT4-fs (loop0): mounted filesystem 00000000-0000-0000-0000-000000000000 r/w without journal. Quota mode: none.
[   39.008705] EXT4-fs (loop0): unmounting filesystem 00000000-0000-0000-0000-000000000000.
[   39.029941] loop0: detected capacity change from 0 to 2048
[   39.035203] EXT4-fs (loop0): mounted filesystem 00000000-0000-0000-0000-000000000000 r/w without journal. Quota mode: none.
[   39.044446] EXT4-fs (loop0): unmounting filesystem 00000000-0000-0000-0000-000000000000.
[   39.064848] loop0: detected capacity change from 0 to 2048
[   39.070719] EXT4-fs (loop0): mounted filesystem 00000000-0000-0000-0000-000000000000 r/w without journal. Quota mode: none.
[   39.078675] EXT4-fs (loop0): unmounting filesystem 00000000-0000-0000-0000-000000000000.
[   39.110905] loop0: detected capacity change from 0 to 2048
[   39.114430] EXT4-fs (loop0): mounted filesystem 00000000-0000-0000-0000-000000000000 r/w without journal. Quota mode: none.
[   39.120019] EXT4-fs (loop0): unmounting filesystem 00000000-0000-0000-0000-000000000000.
[   39.151085] loop0: detected capacity change from 0 to 2048
[   39.159061] EXT4-fs (loop0): mounted filesystem 00000000-0000-0000-0000-000000000000 r/w without journal. Quota mode: none.
[   39.167950] EXT4-fs (loop0): unmounting filesystem 00000000-0000-0000-0000-000000000000.
[   39.202291] loop0: detected capacity change from 0 to 2048
[   39.206947] EXT4-fs (loop0): mounted filesystem 00000000-0000-0000-0000-000000000000 r/w without journal. Quota mode: none.
[   39.215678] EXT4-fs (loop0): unmounting filesystem 00000000-0000-0000-0000-000000000000.
[   39.238196] loop0: detected capacity change from 0 to 2048
[   39.246447] EXT4-fs (loop0): mounted filesystem 00000000-0000-0000-0000-000000000000 r/w without journal. Quota mode: none.
[   39.259818] EXT4-fs (loop0): unmounting filesystem 00000000-0000-0000-0000-000000000000.
[   39.290636] loop0: detected capacity change from 0 to 2048
[   39.294897] EXT4-fs (loop0): mounted filesystem 00000000-0000-0000-0000-000000000000 r/w without journal. Quota mode: none.
[   39.303137] EXT4-fs (loop0): unmounting filesystem 00000000-0000-0000-0000-000000000000.
[   39.338512] loop0: detected capacity change from 0 to 2048
[   39.342877] EXT4-fs (loop0): mounted filesystem 00000000-0000-0000-0000-000000000000 r/w without journal. Quota mode: none.
[   39.353019] EXT4-fs (loop0): unmounting filesystem 00000000-0000-0000-0000-000000000000.
[   39.385507] loop0: detected capacity change from 0 to 2048
[   39.390634] EXT4-fs (loop0): mounted filesystem 00000000-0000-0000-0000-000000000000 r/w without journal. Quota mode: none.
[   39.397652] EXT4-fs (loop0): unmounting filesystem 00000000-0000-0000-0000-000000000000.
[   39.430768] loop0: detected capacity change from 0 to 2048
[   39.434461] EXT4-fs (loop0): mounted filesystem 00000000-0000-0000-0000-000000000000 r/w without journal. Quota mode: none.
[   39.439799] EXT4-fs (loop0): unmounting filesystem 00000000-0000-0000-0000-000000000000.
[   39.470441] loop0: detected capacity change from 0 to 2048
[   39.474609] EXT4-fs (loop0): mounted filesystem 00000000-0000-0000-0000-000000000000 r/w without journal. Quota mode: none.
[   39.491280] EXT4-fs (loop0): unmounting filesystem 00000000-0000-0000-0000-000000000000.
[   39.522520] loop0: detected capacity change from 0 to 2048
[   39.530180] EXT4-fs (loop0): mounted filesystem 00000000-0000-0000-0000-000000000000 r/w without journal. Quota mode: none.
[   39.536689] EXT4-fs (loop0): unmounting filesystem 00000000-0000-0000-0000-000000000000.
[   39.551942] loop0: detected capacity change from 0 to 2048
[   39.559634] EXT4-fs (loop0): mounted filesystem 00000000-0000-0000-0000-000000000000 r/w without journal. Quota mode: none.
[   39.570871] EXT4-fs (loop0): unmounting filesystem 00000000-0000-0000-0000-000000000000.
[   39.607304] loop0: detected capacity change from 0 to 2048
[   39.614859] EXT4-fs (loop0): mounted filesystem 00000000-0000-0000-0000-000000000000 r/w without journal. Quota mode: none.
[   39.624270] EXT4-fs (loop0): unmounting filesystem 00000000-0000-0000-0000-000000000000.
[   39.646153] loop0: detected capacity change from 0 to 2048
[   39.650950] EXT4-fs (loop0): mounted filesystem 00000000-0000-0000-0000-000000000000 r/w without journal. Quota mode: none.
[   39.659012] EXT4-fs (loop0): unmounting filesystem 00000000-0000-0000-0000-000000000000.
[   39.694741] loop0: detected capacity change from 0 to 2048
[   39.698510] EXT4-fs (loop0): mounted filesystem 00000000-0000-0000-0000-000000000000 r/w without journal. Quota mode: none.
[   39.719898] loop0: detected capacity change from 0 to 2048
[   39.770636] loop0: detected capacity change from 0 to 2048
[   39.803288] loop0: detected capacity change from 0 to 2048
[   39.845555] loop0: detected capacity change from 0 to 2048
[   39.870990] loop0: detected capacity change from 0 to 2048
[   39.907963] loop0: detected capacity change from 0 to 2048
[   39.908906] I/O error, dev loop0, sector 0 op 0x0:(READ) flags 0x80700 phys_seg 1 prio class 2
[   39.960883] loop0: detected capacity change from 0 to 2048
[   39.961705] I/O error, dev loop0, sector 0 op 0x0:(READ) flags 0x80700 phys_seg 1 prio class 2
[   39.987700] loop0: detected capacity change from 0 to 2048
[   40.019932] loop0: detected capacity change from 0 to 2048
[   40.051754] loop0: detected capacity change from 0 to 2048
[   40.097443] loop0: detected capacity change from 0 to 2048
[   40.128003] loop0: detected capacity change from 0 to 2048
[   40.159513] loop0: detected capacity change from 0 to 2048
[   40.188879] loop0: detected capacity change from 0 to 2048
[   40.189630] I/O error, dev loop0, sector 0 op 0x0:(READ) flags 0x80700 phys_seg 1 prio class 2
[   40.219685] loop0: detected capacity change from 0 to 2048
[   40.272621] loop0: detected capacity change from 0 to 2048
[   40.312535] loop0: detected capacity change from 0 to 2048
[   40.339487] loop0: detected capacity change from 0 to 2048
[   40.373548] loop0: detected capacity change from 0 to 2048
[   40.408630] loop0: detected capacity change from 0 to 2048
[   40.441905] loop0: detected capacity change from 0 to 2048
[   40.472210] loop0: detected capacity change from 0 to 2048
[   40.526078] loop0: detected capacity change from 0 to 2048
[   40.574235] loop0: detected capacity change from 0 to 2048
[   40.621486] loop0: detected capacity change from 0 to 2048
[   40.670685] loop0: detected capacity change from 0 to 2048
[   40.695172] loop0: detected capacity change from 0 to 2048
[   40.751294] loop0: detected capacity change from 0 to 2048
[   40.793969] loop0: detected capacity change from 0 to 2048
[   40.834586] loop0: detected capacity change from 0 to 2048
[   40.856645] loop0: detected capacity change from 0 to 2048
[   40.887980] loop0: detected capacity change from 0 to 2048
[   40.930670] loop0: detected capacity change from 0 to 2048
[   40.962044] loop0: detected capacity change from 0 to 2048
[   41.007145] loop0: detected capacity change from 0 to 2048
[   41.037324] loop0: detected capacity change from 0 to 2048
[   41.063836] loop0: detected capacity change from 0 to 2048
[   41.099907] loop0: detected capacity change from 0 to 2048
[   41.131643] loop0: detected capacity change from 0 to 2048
[   41.161528] loop0: detected capacity change from 0 to 2048
[   41.214507] loop0: detected capacity change from 0 to 2048
[   41.235063] loop0: detected capacity change from 0 to 2048
[   41.272264] loop0: detected capacity change from 0 to 2048
[   41.272880] I/O error, dev loop0, sector 0 op 0x0:(READ) flags 0x80700 phys_seg 1 prio class 2
[   41.308223] loop0: detected capacity change from 0 to 2048
[   41.355053] loop0: detected capacity change from 0 to 2048
[   41.390205] loop0: detected capacity change from 0 to 2048
[   41.416857] loop0: detected capacity change from 0 to 2048
[   41.417683] I/O error, dev loop0, sector 0 op 0x0:(READ) flags 0x80700 phys_seg 1 prio class 2
[   41.452888] loop0: detected capacity change from 0 to 2048
[   41.504159] loop0: detected capacity change from 0 to 2048
[   41.545068] loop0: detected capacity change from 0 to 2048
[   41.592289] loop0: detected capacity change from 0 to 2048
[   41.628541] loop0: detected capacity change from 0 to 2048
[   41.663715] loop0: detected capacity change from 0 to 2048
[   41.692577] loop0: detected capacity change from 0 to 2048
[   41.730006] loop0: detected capacity change from 0 to 2048
[   41.770160] loop0: detected capacity change from 0 to 2048
[   41.822149] loop0: detected capacity change from 0 to 2048
[   41.851611] loop0: detected capacity change from 0 to 2048
[   41.898643] loop0: detected capacity change from 0 to 2048
[   41.923832] loop0: detected capacity change from 0 to 2048
[   41.970835] loop0: detected capacity change from 0 to 2048
[   42.000787] loop0: detected capacity change from 0 to 2048
[   42.044817] loop0: detected capacity change from 0 to 2048
[   42.094624] loop0: detected capacity change from 0 to 2048
[   42.122774] loop0: detected capacity change from 0 to 2048
[   42.165379] loop0: detected capacity change from 0 to 2048
[   42.186567] loop0: detected capacity change from 0 to 2048
[   42.238799] loop0: detected capacity change from 0 to 2048
[   42.278366] loop0: detected capacity change from 0 to 2048
[   42.317637] loop0: detected capacity change from 0 to 2048
[   42.340352] loop0: detected capacity change from 0 to 2048
[   42.369532] loop0: detected capacity change from 0 to 2048
[   42.396536] loop0: detected capacity change from 0 to 2048
[   42.433613] loop0: detected capacity change from 0 to 2048
[   42.475853] loop0: detected capacity change from 0 to 2048
[   42.511076] loop0: detected capacity change from 0 to 2048
[   42.544255] loop0: detected capacity change from 0 to 2048
[   42.589072] loop0: detected capacity change from 0 to 2048
[   42.630432] loop0: detected capacity change from 0 to 2048
[   42.666156] loop0: detected capacity change from 0 to 2048
[   42.702959] loop0: detected capacity change from 0 to 2048
[   42.734550] loop0: detected capacity change from 0 to 2048
[   42.769825] loop0: detected capacity change from 0 to 2048
[   42.793007] loop0: detected capacity change from 0 to 2048
[   42.830745] loop0: detected capacity change from 0 to 2048
[   42.847299] loop0: detected capacity change from 0 to 2048
[   42.885551] loop0: detected capacity change from 0 to 2048
[   42.904733] loop0: detected capacity change from 0 to 2048
[   42.941837] loop0: detected capacity change from 0 to 2048
[   42.974012] loop0: detected capacity change from 0 to 2048
[   42.999444] loop0: detected capacity change from 0 to 2048
[   43.020161] loop0: detected capacity change from 0 to 2048
[   43.044101] loop0: detected capacity change from 0 to 2048
[   43.069031] loop0: detected capacity change from 0 to 2048
[   43.095755] loop0: detected capacity change from 0 to 2048
[   43.114855] loop0: detected capacity change from 0 to 2048
[   43.158497] loop0: detected capacity change from 0 to 2048
[   43.176812] loop0: detected capacity change from 0 to 2048
[   43.217839] loop0: detected capacity change from 0 to 2048
[   43.250172] loop0: detected capacity change from 0 to 2048
[   43.283258] loop0: detected capacity change from 0 to 2048
[   43.314199] loop0: detected capacity change from 0 to 2048
[   43.329894] loop0: detected capacity change from 0 to 2048
[   43.370834] loop0: detected capacity change from 0 to 2048
[   43.398942] loop0: detected capacity change from 0 to 2048
[   43.399386] I/O error, dev loop0, sector 0 op 0x0:(READ) flags 0x80700 phys_seg 1 prio class 2
[   43.444592] loop0: detected capacity change from 0 to 2048
[   43.465782] loop0: detected capacity change from 0 to 2048
[   43.508338] loop0: detected capacity change from 0 to 2048
[   43.538532] loop0: detected capacity change from 0 to 2048
[   43.581454] loop0: detected capacity change from 0 to 2048
[   43.600685] loop0: detected capacity change from 0 to 2048
[   43.622276] loop0: detected capacity change from 0 to 2048
[   43.622699] I/O error, dev loop0, sector 0 op 0x0:(READ) flags 0x80700 phys_seg 1 prio class 2
[   43.652718] loop0: detected capacity change from 0 to 2048
[   43.684371] loop0: detected capacity change from 0 to 2048
[   43.716871] loop0: detected capacity change from 0 to 2048
[   43.736719] loop0: detected capacity change from 0 to 2048
[   43.776943] loop0: detected capacity change from 0 to 2048
[   43.808329] loop0: detected capacity change from 0 to 2048
[   43.844891] loop0: detected capacity change from 0 to 2048
[   43.881413] loop0: detected capacity change from 0 to 2048
[   43.916796] loop0: detected capacity change from 0 to 2048
[   43.948917] loop0: detected capacity change from 0 to 2048
[   43.989882] loop0: detected capacity change from 0 to 2048
[   44.021032] loop0: detected capacity change from 0 to 2048
[   44.059744] loop0: detected capacity change from 0 to 2048
[   44.094026] loop0: detected capacity change from 0 to 2048
[   44.136453] loop0: detected capacity change from 0 to 2048
[   44.180655] loop0: detected capacity change from 0 to 2048
[   44.216251] loop0: detected capacity change from 0 to 2048
[   44.253013] loop0: detected capacity change from 0 to 2048
[   44.288698] loop0: detected capacity change from 0 to 2048
[   44.306155] loop0: detected capacity change from 0 to 2048
[   44.340860] loop0: detected capacity change from 0 to 2048
[   44.372982] loop0: detected capacity change from 0 to 2048
[   44.391675] loop0: detected capacity change from 0 to 2048
[   44.425528] loop0: detected capacity change from 0 to 2048
[   44.457839] loop0: detected capacity change from 0 to 2048
[   44.490842] loop0: detected capacity change from 0 to 2048
[   44.529271] loop0: detected capacity change from 0 to 2048
[   44.565352] loop0: detected capacity change from 0 to 2048
[   44.583650] loop0: detected capacity change from 0 to 2048
[   44.602768] loop0: detected capacity change from 0 to 2048
[   44.634013] loop0: detected capacity change from 0 to 2048
[   44.678636] loop0: detected capacity change from 0 to 2048
[   44.710706] loop0: detected capacity change from 0 to 2048
[   44.742162] loop0: detected capacity change from 0 to 2048
[   44.776470] loop0: detected capacity change from 0 to 2048
[   44.818205] loop0: detected capacity change from 0 to 2048
[   44.842325] loop0: detected capacity change from 0 to 2048
[   44.864607] loop0: detected capacity change from 0 to 2048
[   44.901923] loop0: detected capacity change from 0 to 2048
[   44.933708] loop0: detected capacity change from 0 to 2048
[   44.951537] loop0: detected capacity change from 0 to 2048
[   44.971687] loop0: detected capacity change from 0 to 2048
[   44.997020] loop0: detected capacity change from 0 to 2048
[   45.025965] loop0: detected capacity change from 0 to 2048
[   45.050975] loop0: detected capacity change from 0 to 2048
[   45.076544] loop0: detected capacity change from 0 to 2048
[   45.100826] loop0: detected capacity change from 0 to 2048
[   45.125944] loop0: detected capacity change from 0 to 2048
[   45.126197] I/O error, dev loop0, sector 0 op 0x0:(READ) flags 0x80700 phys_seg 1 prio class 2
[   45.148484] loop0: detected capacity change from 0 to 2048
[   45.177942] loop0: detected capacity change from 0 to 2048
[   45.202472] loop0: detected capacity change from 0 to 2048
[   45.226867] loop0: detected capacity change from 0 to 2048
[   45.250647] loop0: detected capacity change from 0 to 2048
[   45.273490] loop0: detected capacity change from 0 to 2048
[   45.297660] loop0: detected capacity change from 0 to 2048
[   45.321646] loop0: detected capacity change from 0 to 2048
[   45.344916] loop0: detected capacity change from 0 to 2048
[   45.368249] loop0: detected capacity change from 0 to 2048
[   45.392340] loop0: detected capacity change from 0 to 2048
[   45.416746] loop0: detected capacity change from 0 to 2048
[   45.450929] loop0: detected capacity change from 0 to 2048
[   45.473630] loop0: detected capacity change from 0 to 2048
[   45.500433] loop0: detected capacity change from 0 to 2048
[   45.536578] loop0: detected capacity change from 0 to 2048
[   45.567085] loop0: detected capacity change from 0 to 2048
[   45.607503] loop0: detected capacity change from 0 to 2048
[   45.626596] loop0: detected capacity change from 0 to 2048
[   45.655325] loop0: detected capacity change from 0 to 2048
[   45.684997] loop0: detected capacity change from 0 to 2048
[   45.707671] loop0: detected capacity change from 0 to 2048
[   45.726926] loop0: detected capacity change from 0 to 2048
[   45.750279] loop0: detected capacity change from 0 to 2048
[   45.774498] loop0: detected capacity change from 0 to 2048
[   45.796807] loop0: detected capacity change from 0 to 2048
[   45.821667] loop0: detected capacity change from 0 to 2048
[   45.850511] loop0: detected capacity change from 0 to 2048
[   45.872316] loop0: detected capacity change from 0 to 2048
[   45.903656] loop0: detected capacity change from 0 to 2048
[   45.935507] loop0: detected capacity change from 0 to 2048
[   45.967774] loop0: detected capacity change from 0 to 2048
[   45.968085] I/O error, dev loop0, sector 0 op 0x0:(READ) flags 0x80700 phys_seg 1 prio class 2
[   46.001549] loop0: detected capacity change from 0 to 2048
[   46.028369] loop0: detected capacity change from 0 to 2048
[   46.055785] loop0: detected capacity change from 0 to 2048
[   46.081471] loop0: detected capacity change from 0 to 2048
[   46.113730] loop0: detected capacity change from 0 to 2048
[   46.140854] loop0: detected capacity change from 0 to 2048
[   46.182263] loop0: detected capacity change from 0 to 2048
[   46.221826] loop0: detected capacity change from 0 to 2048
[   46.254223] loop0: detected capacity change from 0 to 2048
[   46.285784] loop0: detected capacity change from 0 to 2048
[   46.309208] loop0: detected capacity change from 0 to 2048
[   46.345450] loop0: detected capacity change from 0 to 2048
[   46.392242] loop0: detected capacity change from 0 to 2048
[   46.433080] loop0: detected capacity change from 0 to 2048
[   46.459359] loop0: detected capacity change from 0 to 2048
[   46.478369] loop0: detected capacity change from 0 to 2048
[   46.517442] loop0: detected capacity change from 0 to 2048
[   46.551447] loop0: detected capacity change from 0 to 2048
[   46.574660] loop0: detected capacity change from 0 to 2048
[   46.595439] loop0: detected capacity change from 0 to 2048
[   46.626752] loop0: detected capacity change from 0 to 2048
[   46.662439] loop0: detected capacity change from 0 to 2048
[   46.685772] loop0: detected capacity change from 0 to 2048
[   46.727559] loop0: detected capacity change from 0 to 2048
[   46.768772] loop0: detected capacity change from 0 to 2048
[   46.801344] loop0: detected capacity change from 0 to 2048
[   46.832997] loop0: detected capacity change from 0 to 2048
[   46.860060] loop0: detected capacity change from 0 to 2048
[   46.860569] I/O error, dev loop0, sector 0 op 0x0:(READ) flags 0x80700 phys_seg 1 prio class 2
[   46.885590] loop0: detected capacity change from 0 to 2048
[   46.918550] loop0: detected capacity change from 0 to 2048
[   46.949893] loop0: detected capacity change from 0 to 2048
[   46.986179] loop0: detected capacity change from 0 to 2048
[   47.007461] loop0: detected capacity change from 0 to 2048
[   47.032610] loop0: detected capacity change from 0 to 2048
[   47.032857] I/O error, dev loop0, sector 0 op 0x0:(READ) flags 0x80700 phys_seg 1 prio class 2
[   47.070937] loop0: detected capacity change from 0 to 2048
[   47.102585] loop0: detected capacity change from 0 to 2048
[   47.122059] loop0: detected capacity change from 0 to 2048
[   47.158425] loop0: detected capacity change from 0 to 2048
[   47.183506] loop0: detected capacity change from 0 to 2048
[   47.221379] loop0: detected capacity change from 0 to 2048
[   47.254241] loop0: detected capacity change from 0 to 2048
[   47.289434] loop0: detected capacity change from 0 to 2048
[   47.306181] loop0: detected capacity change from 0 to 2048
[   47.345209] loop0: detected capacity change from 0 to 2048
[   47.378160] loop0: detected capacity change from 0 to 2048
[   47.414051] loop0: detected capacity change from 0 to 2048
[   47.448028] loop0: detected capacity change from 0 to 2048
[   47.494879] loop0: detected capacity change from 0 to 2048
[   47.529272] loop0: detected capacity change from 0 to 2048
[   47.579372] loop0: detected capacity change from 0 to 2048
[   47.620046] loop0: detected capacity change from 0 to 2048
[   47.643561] loop0: detected capacity change from 0 to 2048
[   47.670482] loop0: detected capacity change from 0 to 2048
[   47.707378] loop0: detected capacity change from 0 to 2048
[   47.755185] loop0: detected capacity change from 0 to 2048
[   47.780591] loop0: detected capacity change from 0 to 2048
[   47.808754] loop0: detected capacity change from 0 to 2048
[   47.835745] loop0: detected capacity change from 0 to 2048
[   47.860813] loop0: detected capacity change from 0 to 2048
[   47.886263] loop0: detected capacity change from 0 to 2048
[   47.934055] loop0: detected capacity change from 0 to 2048
[   47.950955] loop0: detected capacity change from 0 to 2048
[   47.979298] loop0: detected capacity change from 0 to 2048
[   48.002248] loop0: detected capacity change from 0 to 2048
[   48.056109] loop0: detected capacity change from 0 to 2048
[   48.096812] loop0: detected capacity change from 0 to 2048
[   48.133354] loop0: detected capacity change from 0 to 2048
[   48.169561] loop0: detected capacity change from 0 to 2048
[   48.200773] loop0: detected capacity change from 0 to 2048
[   48.240414] loop0: detected capacity change from 0 to 2048
[   48.267937] loop0: detected capacity change from 0 to 2048
[   48.292637] loop0: detected capacity change from 0 to 2048
[   48.327788] loop0: detected capacity change from 0 to 2048
[   48.328185] I/O error, dev loop0, sector 0 op 0x0:(READ) flags 0x80700 phys_seg 1 prio class 2
[   48.365356] loop0: detected capacity change from 0 to 2048
[   48.395688] loop0: detected capacity change from 0 to 2048
[   48.411877] loop0: detected capacity change from 0 to 2048
[   48.436256] loop0: detected capacity change from 0 to 2048
[   48.484357] loop0: detected capacity change from 0 to 2048
[   48.509568] loop0: detected capacity change from 0 to 2048
[   48.530707] loop0: detected capacity change from 0 to 2048
[   48.559109] loop0: detected capacity change from 0 to 2048
[   48.590631] loop0: detected capacity change from 0 to 2048
[   48.617347] loop0: detected capacity change from 0 to 2048
[   48.663089] loop0: detected capacity change from 0 to 2048
[   48.696184] loop0: detected capacity change from 0 to 2048
[   48.726192] loop0: detected capacity change from 0 to 2048
[   48.766671] loop0: detected capacity change from 0 to 2048
[   48.789632] loop0: detected capacity change from 0 to 2048
[   48.789912] I/O error, dev loop0, sector 0 op 0x0:(READ) flags 0x80700 phys_seg 1 prio class 2
[   48.824262] loop0: detected capacity change from 0 to 2048
[   48.864314] loop0: detected capacity change from 0 to 2048
[   48.893169] loop0: detected capacity change from 0 to 2048
[   48.944289] loop0: detected capacity change from 0 to 2048
[   48.983656] loop0: detected capacity change from 0 to 2048
[   49.019366] loop0: detected capacity change from 0 to 2048
[   49.034826] loop0: detected capacity change from 0 to 2048
[   49.067407] loop0: detected capacity change from 0 to 2048
[   49.088885] loop0: detected capacity change from 0 to 2048
[   49.140916] loop0: detected capacity change from 0 to 2048
[   49.178213] loop0: detected capacity change from 0 to 2048
[   49.199238] loop0: detected capacity change from 0 to 2048
[   49.232573] loop0: detected capacity change from 0 to 2048
[   49.271204] loop0: detected capacity change from 0 to 2048
[   49.311079] loop0: detected capacity change from 0 to 2048
[   49.343275] loop0: detected capacity change from 0 to 2048
[   49.390643] loop0: detected capacity change from 0 to 2048
[   49.434157] loop0: detected capacity change from 0 to 2048
[   49.466184] loop0: detected capacity change from 0 to 2048
[   49.502210] loop0: detected capacity change from 0 to 2048
[   49.555442] loop0: detected capacity change from 0 to 2048
[   49.596318] loop0: detected capacity change from 0 to 2048
[   49.643338] loop0: detected capacity change from 0 to 2048
[   49.678288] loop0: detected capacity change from 0 to 2048
[   49.709747] loop0: detected capacity change from 0 to 2048
[   49.747526] loop0: detected capacity change from 0 to 2048
[   49.777072] loop0: detected capacity change from 0 to 2048
[   49.837903] loop0: detected capacity change from 0 to 2048
[   49.865574] loop0: detected capacity change from 0 to 2048
[   49.923631] loop0: detected capacity change from 0 to 2048
[   49.960082] loop0: detected capacity change from 0 to 2048
[   49.992682] loop0: detected capacity change from 0 to 2048
[   50.040182] loop0: detected capacity change from 0 to 2048
[   50.067459] loop0: detected capacity change from 0 to 2048
[   50.108231] loop0: detected capacity change from 0 to 2048
[   50.164076] loop0: detected capacity change from 0 to 2048
[   50.207437] loop0: detected capacity change from 0 to 2048
[   50.257396] loop0: detected capacity change from 0 to 2048
[   50.298943] loop0: detected capacity change from 0 to 2048
[   50.328193] loop0: detected capacity change from 0 to 2048
[   50.359260] loop0: detected capacity change from 0 to 2048
[   50.415149] loop0: detected capacity change from 0 to 2048
[   50.441652] loop0: detected capacity change from 0 to 2048
[   50.474613] loop0: detected capacity change from 0 to 2048
[   50.511701] loop0: detected capacity change from 0 to 2048
[   50.569722] loop0: detected capacity change from 0 to 2048
[   50.612814] loop0: detected capacity change from 0 to 2048
[   50.648935] loop0: detected capacity change from 0 to 2048
[   50.680217] loop0: detected capacity change from 0 to 2048
[   50.708420] loop0: detected capacity change from 0 to 2048
[   50.745267] loop0: detected capacity change from 0 to 2048
[   50.783034] loop0: detected capacity change from 0 to 2048
[   50.783501] I/O error, dev loop0, sector 0 op 0x0:(READ) flags 0x80700 phys_seg 1 prio class 2
[   50.828474] loop0: detected capacity change from 0 to 2048
[   50.876307] loop0: detected capacity change from 0 to 2048
[   50.926498] loop0: detected capacity change from 0 to 2048
[   50.970652] loop0: detected capacity change from 0 to 2048
[   50.992460] loop0: detected capacity change from 0 to 2048
[   51.035565] loop0: detected capacity change from 0 to 2048
[   51.072070] loop0: detected capacity change from 0 to 2048
[   51.100138] loop0: detected capacity change from 0 to 2048
[   51.150815] loop0: detected capacity change from 0 to 2048
[   51.196973] loop0: detected capacity change from 0 to 2048
[   51.230102] loop0: detected capacity change from 0 to 2048
[   51.275548] loop0: detected capacity change from 0 to 2048
[   51.318658] loop0: detected capacity change from 0 to 2048
[   51.345780] loop0: detected capacity change from 0 to 2048
[   51.390760] loop0: detected capacity change from 0 to 2048
[   51.414865] loop0: detected capacity change from 0 to 2048
[   51.449567] loop0: detected capacity change from 0 to 2048
[   51.483184] loop0: detected capacity change from 0 to 2048
[   51.535017] loop0: detected capacity change from 0 to 2048
[   51.575463] loop0: detected capacity change from 0 to 2048
[   51.616222] loop0: detected capacity change from 0 to 2048
[   51.650440] loop0: detected capacity change from 0 to 2048
[   51.706418] loop0: detected capacity change from 0 to 2048
[   51.737612] loop0: detected capacity change from 0 to 2048
[   51.778748] loop0: detected capacity change from 0 to 2048
[   51.806395] loop0: detected capacity change from 0 to 2048
[   51.862676] loop0: detected capacity change from 0 to 2048
[   51.906589] loop0: detected capacity change from 0 to 2048
[   51.946847] loop0: detected capacity change from 0 to 2048
[   51.981034] loop0: detected capacity change from 0 to 2048
[   52.021521] loop0: detected capacity change from 0 to 2048
[   52.045571] loop0: detected capacity change from 0 to 2048
[   52.086023] loop0: detected capacity change from 0 to 2048
[   52.126952] loop0: detected capacity change from 0 to 2048
[   52.155364] loop0: detected capacity change from 0 to 2048
[   52.203172] loop0: detected capacity change from 0 to 2048
[   52.254325] loop0: detected capacity change from 0 to 2048
[   52.297061] loop0: detected capacity change from 0 to 2048
[   52.349332] loop0: detected capacity change from 0 to 2048
[   52.373166] loop0: detected capacity change from 0 to 2048
[   52.421610] loop0: detected capacity change from 0 to 2048
[   52.445564] loop0: detected capacity change from 0 to 2048
[   52.470968] loop0: detected capacity change from 0 to 2048
[   52.542575] loop0: detected capacity change from 0 to 2048
[   52.575581] loop0: detected capacity change from 0 to 2048
[   52.628392] loop0: detected capacity change from 0 to 2048
[   52.654385] loop0: detected capacity change from 0 to 2048
[   52.686357] loop0: detected capacity change from 0 to 2048
[   52.718238] loop0: detected capacity change from 0 to 2048
[   52.750500] loop0: detected capacity change from 0 to 2048
[   52.789427] loop0: detected capacity change from 0 to 2048
[   52.821528] loop0: detected capacity change from 0 to 2048
[   52.846388] loop0: detected capacity change from 0 to 2048
[   52.846782] I/O error, dev loop0, sector 0 op 0x0:(READ) flags 0x80700 phys_seg 1 prio class 2
[   52.892604] loop0: detected capacity change from 0 to 2048
[   52.919526] loop0: detected capacity change from 0 to 2048
[   52.952480] loop0: detected capacity change from 0 to 2048
[   52.986853] loop0: detected capacity change from 0 to 2048
[   53.035688] loop0: detected capacity change from 0 to 2048
[   53.063543] loop0: detected capacity change from 0 to 2048
[   53.064095] I/O error, dev loop0, sector 0 op 0x0:(READ) flags 0x80700 phys_seg 1 prio class 2
[   53.116080] loop0: detected capacity change from 0 to 2048
[   53.159447] loop0: detected capacity change from 0 to 2048
[   53.190887] loop0: detected capacity change from 0 to 2048
[   53.227131] loop0: detected capacity change from 0 to 2048
[   53.282008] loop0: detected capacity change from 0 to 2048
[   53.310997] loop0: detected capacity change from 0 to 2048
[   53.347288] loop0: detected capacity change from 0 to 2048
[   53.387803] loop0: detected capacity change from 0 to 2048
[   53.428507] loop0: detected capacity change from 0 to 2048
[   53.465700] loop0: detected capacity change from 0 to 2048
[   53.521600] loop0: detected capacity change from 0 to 2048
[   53.564665] loop0: detected capacity change from 0 to 2048
[   53.617033] loop0: detected capacity change from 0 to 2048
[   53.649725] loop0: detected capacity change from 0 to 2048
[   53.704445] loop0: detected capacity change from 0 to 2048
[   53.750057] loop0: detected capacity change from 0 to 2048
[   53.777473] loop0: detected capacity change from 0 to 2048
[   53.812200] loop0: detected capacity change from 0 to 2048
[   53.851142] loop0: detected capacity change from 0 to 2048
[   53.885762] loop0: detected capacity change from 0 to 2048
[   53.922648] loop0: detected capacity change from 0 to 2048
[   53.968537] loop0: detected capacity change from 0 to 2048
[   54.008833] loop0: detected capacity change from 0 to 2048
[   54.044681] loop0: detected capacity change from 0 to 2048
[   54.080292] loop0: detected capacity change from 0 to 2048
[   54.116315] loop0: detected capacity change from 0 to 2048
[   54.156632] loop0: detected capacity change from 0 to 2048
[   54.190123] loop0: detected capacity change from 0 to 2048
[   54.220622] loop0: detected capacity change from 0 to 2048
[   54.266046] loop0: detected capacity change from 0 to 2048
[   54.311200] loop0: detected capacity change from 0 to 2048
[   54.350527] loop0: detected capacity change from 0 to 2048
[   54.389779] loop0: detected capacity change from 0 to 2048
[   54.422690] loop0: detected capacity change from 0 to 2048
[   54.464456] loop0: detected capacity change from 0 to 2048
[   54.504849] loop0: detected capacity change from 0 to 2048
[   54.552641] loop0: detected capacity change from 0 to 2048
[   54.604075] loop0: detected capacity change from 0 to 2048
[   54.605055] I/O error, dev loop0, sector 0 op 0x0:(READ) flags 0x80700 phys_seg 1 prio class 2
[   54.643517] loop0: detected capacity change from 0 to 2048
[   54.697785] loop0: detected capacity change from 0 to 2048
[   54.741939] loop0: detected capacity change from 0 to 2048
[   54.785625] loop0: detected capacity change from 0 to 2048
[   54.829089] loop0: detected capacity change from 0 to 2048
[   54.857799] loop0: detected capacity change from 0 to 2048
[   54.904030] loop0: detected capacity change from 0 to 2048
[   54.963886] loop0: detected capacity change from 0 to 2048
[   55.010272] loop0: detected capacity change from 0 to 2048
[   55.042614] loop0: detected capacity change from 0 to 2048
[   55.107208] loop0: detected capacity change from 0 to 2048
[   55.141231] loop0: detected capacity change from 0 to 2048
[   55.193609] loop0: detected capacity change from 0 to 2048
[   55.229783] loop0: detected capacity change from 0 to 2048
[   55.269889] loop0: detected capacity change from 0 to 2048
[   55.311728] loop0: detected capacity change from 0 to 2048
[   55.354079] loop0: detected capacity change from 0 to 2048
[   55.399526] loop0: detected capacity change from 0 to 2048
[   55.440267] loop0: detected capacity change from 0 to 2048
[   55.469518] loop0: detected capacity change from 0 to 2048
[   55.526381] loop0: detected capacity change from 0 to 2048
[   55.527109] I/O error, dev loop0, sector 0 op 0x0:(READ) flags 0x80700 phys_seg 1 prio class 2
[   55.591747] loop0: detected capacity change from 0 to 2048
[   55.592455] I/O error, dev loop0, sector 0 op 0x0:(READ) flags 0x80700 phys_seg 1 prio class 2
[   55.651079] loop0: detected capacity change from 0 to 2048
[   55.702688] loop0: detected capacity change from 0 to 2048
[   55.751513] loop0: detected capacity change from 0 to 2048
[   55.796900] loop0: detected capacity change from 0 to 2048
[   55.836034] loop0: detected capacity change from 0 to 2048
[   55.886699] loop0: detected capacity change from 0 to 2048
[   55.928528] loop0: detected capacity change from 0 to 2048
[   55.976269] loop0: detected capacity change from 0 to 2048
[   56.024843] loop0: detected capacity change from 0 to 2048
[   56.063387] loop0: detected capacity change from 0 to 2048
[   56.123665] loop0: detected capacity change from 0 to 2048
[   56.163289] loop0: detected capacity change from 0 to 2048
[   56.200788] loop0: detected capacity change from 0 to 2048
[   56.250749] loop0: detected capacity change from 0 to 2048
[   56.283656] loop0: detected capacity change from 0 to 2048
[   56.347085] loop0: detected capacity change from 0 to 2048
[   56.391210] loop0: detected capacity change from 0 to 2048
[   56.440614] loop0: detected capacity change from 0 to 2048
[   56.483509] loop0: detected capacity change from 0 to 2048
[   56.550014] loop0: detected capacity change from 0 to 2048
[   56.594197] loop0: detected capacity change from 0 to 2048
[   56.594863] I/O error, dev loop0, sector 0 op 0x0:(READ) flags 0x80700 phys_seg 1 prio class 2
[   56.648357] loop0: detected capacity change from 0 to 2048
[   56.694166] loop0: detected capacity change from 0 to 2048
[   56.746703] loop0: detected capacity change from 0 to 2048
[   56.794893] loop0: detected capacity change from 0 to 2048
[   56.847101] loop0: detected capacity change from 0 to 2048
[   56.882365] loop0: detected capacity change from 0 to 2048
[   56.928896] loop0: detected capacity change from 0 to 2048
[   56.975837] loop0: detected capacity change from 0 to 2048
[   56.976794] I/O error, dev loop0, sector 0 op 0x0:(READ) flags 0x80700 phys_seg 1 prio class 2
[   57.030849] loop0: detected capacity change from 0 to 2048
[   57.078504] loop0: detected capacity change from 0 to 2048
[   57.114673] loop0: detected capacity change from 0 to 2048
[   57.170017] loop0: detected capacity change from 0 to 2048
[   57.213430] loop0: detected capacity change from 0 to 2048
[   57.260504] loop0: detected capacity change from 0 to 2048
[   57.303811] loop0: detected capacity change from 0 to 2048
[   57.347474] loop0: detected capacity change from 0 to 2048
[   57.397800] loop0: detected capacity change from 0 to 2048
[   57.439748] loop0: detected capacity change from 0 to 2048
[   57.489506] loop0: detected capacity change from 0 to 2048
[   57.543405] loop0: detected capacity change from 0 to 2048
[   57.611266] loop0: detected capacity change from 0 to 2048
[   57.646865] loop0: detected capacity change from 0 to 2048
[   57.685025] loop0: detected capacity change from 0 to 2048
[   57.727766] loop0: detected capacity change from 0 to 2048
[   57.764138] loop0: detected capacity change from 0 to 2048
[   57.829888] loop0: detected capacity change from 0 to 2048
[   57.864495] loop0: detected capacity change from 0 to 2048
[   57.910637] loop0: detected capacity change from 0 to 2048
[   57.949703] loop0: detected capacity change from 0 to 2048
[   57.988730] loop0: detected capacity change from 0 to 2048
[   57.989541] I/O error, dev loop0, sector 0 op 0x0:(READ) flags 0x80700 phys_seg 1 prio class 2
[   58.031071] loop0: detected capacity change from 0 to 2048
[   58.072795] loop0: detected capacity change from 0 to 2048
[   58.110464] loop0: detected capacity change from 0 to 2048
[   58.156270] loop0: detected capacity change from 0 to 2048
[   58.198903] loop0: detected capacity change from 0 to 2048
[   58.246344] loop0: detected capacity change from 0 to 2048
[   58.288929] loop0: detected capacity change from 0 to 2048
[   58.326625] loop0: detected capacity change from 0 to 2048
[   58.364128] loop0: detected capacity change from 0 to 2048
[   58.422638] loop0: detected capacity change from 0 to 2048
[   58.465935] loop0: detected capacity change from 0 to 2048
[   58.496671] loop0: detected capacity change from 0 to 2048
[   58.547664] loop0: detected capacity change from 0 to 2048
[   58.610903] loop0: detected capacity change from 0 to 2048
[   58.648873] loop0: detected capacity change from 0 to 2048
[   58.686889] loop0: detected capacity change from 0 to 2048
[   58.687870] I/O error, dev loop0, sector 0 op 0x0:(READ) flags 0x80700 phys_seg 1 prio class 2
[   58.730712] loop0: detected capacity change from 0 to 2048
[   58.768662] loop0: detected capacity change from 0 to 2048
[   58.815039] loop0: detected capacity change from 0 to 2048
[   58.863288] loop0: detected capacity change from 0 to 2048
[   58.898414] loop0: detected capacity change from 0 to 2048
[   58.944848] loop0: detected capacity change from 0 to 2048
[   58.993413] loop0: detected capacity change from 0 to 2048
[   59.045074] loop0: detected capacity change from 0 to 2048
[   59.081667] loop0: detected capacity change from 0 to 2048
[   59.137773] loop0: detected capacity change from 0 to 2048
[   59.185001] loop0: detected capacity change from 0 to 2048
[   59.216726] loop0: detected capacity change from 0 to 2048
[   59.258341] loop0: detected capacity change from 0 to 2048
[   59.286654] loop0: detected capacity change from 0 to 2048
[   59.327822] loop0: detected capacity change from 0 to 2048
[   59.360998] loop0: detected capacity change from 0 to 2048
[   59.395095] loop0: detected capacity change from 0 to 2048
[   59.395424] I/O error, dev loop0, sector 0 op 0x0:(READ) flags 0x80700 phys_seg 1 prio class 2
[   59.434393] loop0: detected capacity change from 0 to 2048
[   59.461911] loop0: detected capacity change from 0 to 2048
[   59.508448] loop0: detected capacity change from 0 to 2048
[   59.543975] loop0: detected capacity change from 0 to 2048
[   59.590604] loop0: detected capacity change from 0 to 2048
[   59.629581] loop0: detected capacity change from 0 to 2048
[   59.666305] loop0: detected capacity change from 0 to 2048
[   59.702157] loop0: detected capacity change from 0 to 2048
[   59.738595] loop0: detected capacity change from 0 to 2048
[   59.766792] loop0: detected capacity change from 0 to 2048
[   59.767236] I/O error, dev loop0, sector 0 op 0x0:(READ) flags 0x80700 phys_seg 1 prio class 2
[   59.806027] loop0: detected capacity change from 0 to 2048
[   59.855671] loop0: detected capacity change from 0 to 2048
[   59.893016] loop0: detected capacity change from 0 to 2048
[   59.894046] I/O error, dev loop0, sector 0 op 0x0:(READ) flags 0x80700 phys_seg 1 prio class 2
[   59.953302] loop0: detected capacity change from 0 to 2048
[   59.995784] loop0: detected capacity change from 0 to 2048
[   60.023535] loop0: detected capacity change from 0 to 2048
[   60.023946] I/O error, dev loop0, sector 0 op 0x0:(READ) flags 0x80700 phys_seg 1 prio class 2
[   60.053982] loop0: detected capacity change from 0 to 2048
[   60.054393] I/O error, dev loop0, sector 0 op 0x0:(READ) flags 0x80700 phys_seg 1 prio class 2
[   60.092541] loop0: detected capacity change from 0 to 2048
[   60.128790] loop0: detected capacity change from 0 to 2048
[   60.167635] loop0: detected capacity change from 0 to 2048
[   60.167949] I/O error, dev loop0, sector 0 op 0x0:(READ) flags 0x80700 phys_seg 1 prio class 2
[   60.212772] loop0: detected capacity change from 0 to 2048
[   60.241658] loop0: detected capacity change from 0 to 2048
[   60.276133] loop0: detected capacity change from 0 to 2048
[   60.303109] loop0: detected capacity change from 0 to 2048
[   60.333814] loop0: detected capacity change from 0 to 2048
[   60.334581] Buffer I/O error on dev loop0, logical block 0, async page read
[   60.365494] loop0: detected capacity change from 0 to 2048
[   60.411544] loop0: detected capacity change from 0 to 2048
[   60.449004] loop0: detected capacity change from 0 to 2048
[   60.491878] loop0: detected capacity change from 0 to 2048
[   60.521137] loop0: detected capacity change from 0 to 2048
[   60.572393] loop0: detected capacity change from 0 to 2048
[   60.594723] loop0: detected capacity change from 0 to 2048
[   60.639394] loop0: detected capacity change from 0 to 2048
[   60.686131] loop0: detected capacity change from 0 to 2048
[   60.710659] loop0: detected capacity change from 0 to 2048
[   60.741296] loop0: detected capacity change from 0 to 2048
[   60.766124] loop0: detected capacity change from 0 to 2048
[   60.805810] loop0: detected capacity change from 0 to 2048
[   60.847436] loop0: detected capacity change from 0 to 2048
[   60.887439] loop0: detected capacity change from 0 to 2048
[   60.923187] loop0: detected capacity change from 0 to 2048
[   60.957757] loop0: detected capacity change from 0 to 2048
[   61.004612] loop0: detected capacity change from 0 to 2048
[   61.034948] loop0: detected capacity change from 0 to 2048
[   61.067535] loop0: detected capacity change from 0 to 2048
[   61.111849] loop0: detected capacity change from 0 to 2048
[   61.136035] loop0: detected capacity change from 0 to 2048
[   61.172088] loop0: detected capacity change from 0 to 2048
[   61.212162] loop0: detected capacity change from 0 to 2048
[   61.251905] loop0: detected capacity change from 0 to 2048
[   61.283095] loop0: detected capacity change from 0 to 2048
[   61.316412] loop0: detected capacity change from 0 to 2048
[   61.348431] loop0: detected capacity change from 0 to 2048
[   61.377644] loop0: detected capacity change from 0 to 2048
[   61.406646] loop0: detected capacity change from 0 to 2048
[   61.439488] loop0: detected capacity change from 0 to 2048
[   61.493589] loop0: detected capacity change from 0 to 2048
[   61.527102] loop0: detected capacity change from 0 to 2048
[   61.561749] loop0: detected capacity change from 0 to 2048
[   61.609633] loop0: detected capacity change from 0 to 2048
[   61.644801] loop0: detected capacity change from 0 to 2048
[   61.686155] loop0: detected capacity change from 0 to 2048
[   61.725867] loop0: detected capacity change from 0 to 2048
[   61.769615] loop0: detected capacity change from 0 to 2048
[   61.798988] loop0: detected capacity change from 0 to 2048
[   61.843459] loop0: detected capacity change from 0 to 2048
[   61.843867] blk_print_req_error: 2 callbacks suppressed
[   61.843882] I/O error, dev loop0, sector 0 op 0x0:(READ) flags 0x80700 phys_seg 1 prio class 2
[   61.888085] loop0: detected capacity change from 0 to 2048
[   61.927155] loop0: detected capacity change from 0 to 2048
[   61.957446] loop0: detected capacity change from 0 to 2048
[   61.958005] I/O error, dev loop0, sector 0 op 0x0:(READ) flags 0x80700 phys_seg 1 prio class 2
[   62.006437] loop0: detected capacity change from 0 to 2048
[   62.025913] loop0: detected capacity change from 0 to 2048
[   62.057431] loop0: detected capacity change from 0 to 2048
[   62.095418] loop0: detected capacity change from 0 to 2048
[   62.146815] loop0: detected capacity change from 0 to 2048
[   62.170064] loop0: detected capacity change from 0 to 2048
[   62.206317] loop0: detected capacity change from 0 to 2048
[   62.251357] loop0: detected capacity change from 0 to 2048
[   62.298176] loop0: detected capacity change from 0 to 2048
[   62.342249] loop0: detected capacity change from 0 to 2048
[   62.378158] loop0: detected capacity change from 0 to 2048
[   62.403971] loop0: detected capacity change from 0 to 2048
[   62.404634] I/O error, dev loop0, sector 0 op 0x0:(READ) flags 0x80700 phys_seg 1 prio class 2
[   62.438355] loop0: detected capacity change from 0 to 2048
[   62.468489] loop0: detected capacity change from 0 to 2048
[   62.509595] loop0: detected capacity change from 0 to 2048
[   62.553601] loop0: detected capacity change from 0 to 2048
[   62.594770] loop0: detected capacity change from 0 to 2048
[   62.655401] loop0: detected capacity change from 0 to 2048
[   62.702249] loop0: detected capacity change from 0 to 2048
[   62.738771] loop0: detected capacity change from 0 to 2048
[   62.788595] loop0: detected capacity change from 0 to 2048
[   62.848618] loop0: detected capacity change from 0 to 2048
[   62.896667] loop0: detected capacity change from 0 to 2048
[   62.938695] loop0: detected capacity change from 0 to 2048
[   62.967181] loop0: detected capacity change from 0 to 2048
[   62.968084] I/O error, dev loop0, sector 0 op 0x0:(READ) flags 0x80700 phys_seg 1 prio class 2
[   62.968136] I/O error, dev loop0, sector 0 op 0x0:(READ) flags 0x0 phys_seg 1 prio class 2
[   62.970859] Buffer I/O error on dev loop0, logical block 0, async page read
[   62.999282] loop0: detected capacity change from 0 to 2048
[   63.046096] loop0: detected capacity change from 0 to 2048
[   63.067730] loop0: detected capacity change from 0 to 2048
[   63.099346] loop0: detected capacity change from 0 to 2048
[   63.124444] loop0: detected capacity change from 0 to 2048
[   63.165982] loop0: detected capacity change from 0 to 2048
[   63.166317] I/O error, dev loop0, sector 0 op 0x0:(READ) flags 0x80700 phys_seg 1 prio class 2
[   63.202378] loop0: detected capacity change from 0 to 2048
[   63.242762] loop0: detected capacity change from 0 to 2048
[   63.270308] loop0: detected capacity change from 0 to 2048
[   63.325158] loop0: detected capacity change from 0 to 2048
[   63.358048] loop0: detected capacity change from 0 to 2048
[   63.410052] loop0: detected capacity change from 0 to 2048
[   63.453211] loop0: detected capacity change from 0 to 2048
[   63.485887] loop0: detected capacity change from 0 to 2048
[   63.552398] loop0: detected capacity change from 0 to 2048
[   63.612279] loop0: detected capacity change from 0 to 2048
[   63.645629] loop0: detected capacity change from 0 to 2048
[   63.678451] loop0: detected capacity change from 0 to 2048
[   63.722709] loop0: detected capacity change from 0 to 2048
[   63.767037] loop0: detected capacity change from 0 to 2048
[   63.811348] loop0: detected capacity change from 0 to 2048
[   63.858966] loop0: detected capacity change from 0 to 2048
[   63.907407] loop0: detected capacity change from 0 to 2048
[   63.953630] loop0: detected capacity change from 0 to 2048
[   63.986575] loop0: detected capacity change from 0 to 2048
[   64.039072] loop0: detected capacity change from 0 to 2048
[   64.090999] loop0: detected capacity change from 0 to 2048
[   64.132853] loop0: detected capacity change from 0 to 2048
[   64.174391] loop0: detected capacity change from 0 to 2048
[   64.213576] loop0: detected capacity change from 0 to 2048
[   64.249422] loop0: detected capacity change from 0 to 2048
[   64.287895] loop0: detected capacity change from 0 to 2048
[   64.326159] loop0: detected capacity change from 0 to 2048
[   64.358468] loop0: detected capacity change from 0 to 2048
[   64.398869] loop0: detected capacity change from 0 to 2048
[   64.449357] loop0: detected capacity change from 0 to 2048
[   64.482230] loop0: detected capacity change from 0 to 2048
[   64.524542] loop0: detected capacity change from 0 to 2048
[   64.574476] loop0: detected capacity change from 0 to 2048
[   64.624167] loop0: detected capacity change from 0 to 2048
[   64.625298] I/O error, dev loop0, sector 0 op 0x0:(READ) flags 0x80700 phys_seg 1 prio class 2
[   64.625369] I/O error, dev loop0, sector 0 op 0x0:(READ) flags 0x0 phys_seg 1 prio class 2
[   64.628610] Buffer I/O error on dev loop0, logical block 0, async page read
[   64.668065] loop0: detected capacity change from 0 to 2048
[   64.698595] loop0: detected capacity change from 0 to 2048
[   64.742244] loop0: detected capacity change from 0 to 2048
[   64.785313] loop0: detected capacity change from 0 to 2048
[   64.842490] loop0: detected capacity change from 0 to 2048
[   64.883863] loop0: detected capacity change from 0 to 2048
[   64.926832] loop0: detected capacity change from 0 to 2048
[   64.959041] loop0: detected capacity change from 0 to 2048
[   65.022573] loop0: detected capacity change from 0 to 2048
[   65.070009] loop0: detected capacity change from 0 to 2048
[   65.118500] loop0: detected capacity change from 0 to 2048
[   65.152996] loop0: detected capacity change from 0 to 2048
[   65.196097] loop0: detected capacity change from 0 to 2048
[   65.246703] loop0: detected capacity change from 0 to 2048
[   65.283309] loop0: detected capacity change from 0 to 2048
[   65.283651] I/O error, dev loop0, sector 0 op 0x0:(READ) flags 0x80700 phys_seg 1 prio class 2
[   65.343060] loop0: detected capacity change from 0 to 2048
[   65.385219] loop0: detected capacity change from 0 to 2048
[   65.420305] loop0: detected capacity change from 0 to 2048
[   65.420859] I/O error, dev loop0, sector 0 op 0x0:(READ) flags 0x80700 phys_seg 1 prio class 2
[   65.476980] loop0: detected capacity change from 0 to 2048
[   65.522056] loop0: detected capacity change from 0 to 2048
[   65.522537] Buffer I/O error on dev loop0, logical block 0, async page read
[   65.588411] loop0: detected capacity change from 0 to 2048
[   65.627939] loop0: detected capacity change from 0 to 2048
[   65.676832] loop0: detected capacity change from 0 to 2048
[   65.702956] loop0: detected capacity change from 0 to 2048
[   65.761010] loop0: detected capacity change from 0 to 2048
[   65.788881] loop0: detected capacity change from 0 to 2048
[   65.841742] loop0: detected capacity change from 0 to 2048
[   65.887428] loop0: detected capacity change from 0 to 2048
[   65.928183] loop0: detected capacity change from 0 to 2048
[   65.928668] Buffer I/O error on dev loop0, logical block 0, async page read
[   65.983653] loop0: detected capacity change from 0 to 2048
[   65.984261] Buffer I/O error on dev loop0, logical block 0, async page read
[   66.028827] loop0: detected capacity change from 0 to 2048
[   66.061586] loop0: detected capacity change from 0 to 2048
[   66.112372] loop0: detected capacity change from 0 to 2048
[   66.143860] loop0: detected capacity change from 0 to 2048
[   66.199334] loop0: detected capacity change from 0 to 2048
[   66.232785] loop0: detected capacity change from 0 to 2048
[   66.270899] loop0: detected capacity change from 0 to 2048
[   66.312651] loop0: detected capacity change from 0 to 2048
[   66.349861] loop0: detected capacity change from 0 to 2048
[   66.392844] loop0: detected capacity change from 0 to 2048
[   66.446104] loop0: detected capacity change from 0 to 2048
[   66.446690] Buffer I/O error on dev loop0, logical block 0, async page read
[   66.493028] loop0: detected capacity change from 0 to 2048
[   66.545712] loop0: detected capacity change from 0 to 2048
[   66.590354] loop0: detected capacity change from 0 to 2048
[   66.624261] loop0: detected capacity change from 0 to 2048
[   66.662538] loop0: detected capacity change from 0 to 2048
[   66.692051] loop0: detected capacity change from 0 to 2048
[   66.692592] Buffer I/O error on dev loop0, logical block 0, async page read
[   66.736284] loop0: detected capacity change from 0 to 2048
[   66.775699] loop0: detected capacity change from 0 to 2048
[   66.814060] loop0: detected capacity change from 0 to 2048
[   66.883210] loop0: detected capacity change from 0 to 2048
[   66.931423] loop0: detected capacity change from 0 to 2048
[   66.967535] loop0: detected capacity change from 0 to 2048
[   67.003839] loop0: detected capacity change from 0 to 2048
[   67.044255] loop0: detected capacity change from 0 to 2048
[   67.088175] loop0: detected capacity change from 0 to 2048
[   67.145382] loop0: detected capacity change from 0 to 2048
[   67.195204] loop0: detected capacity change from 0 to 2048
[   67.242310] loop0: detected capacity change from 0 to 2048
[   67.283573] loop0: detected capacity change from 0 to 2048
[   67.322871] loop0: detected capacity change from 0 to 2048
[   67.364532] loop0: detected capacity change from 0 to 2048
[   67.395243] loop0: detected capacity change from 0 to 2048
[   67.462079] loop0: detected capacity change from 0 to 2048
[   67.512528] loop0: detected capacity change from 0 to 2048
[   67.559659] loop0: detected capacity change from 0 to 2048
[   67.630610] loop0: detected capacity change from 0 to 2048
[   67.652673] loop0: detected capacity change from 0 to 2048
[   67.692595] loop0: detected capacity change from 0 to 2048
[   67.726532] loop0: detected capacity change from 0 to 2048
[   67.762120] loop0: detected capacity change from 0 to 2048
[   67.802481] loop0: detected capacity change from 0 to 2048
[   67.838278] loop0: detected capacity change from 0 to 2048
[   67.886744] loop0: detected capacity change from 0 to 2048
[   67.916948] loop0: detected capacity change from 0 to 2048
[   67.962663] loop0: detected capacity change from 0 to 2048
[   67.995268] loop0: detected capacity change from 0 to 2048
[   68.043043] loop0: detected capacity change from 0 to 2048
[   68.092196] loop0: detected capacity change from 0 to 2048
[   68.154992] loop0: detected capacity change from 0 to 2048
[   68.205473] loop0: detected capacity change from 0 to 2048
[   68.234487] loop0: detected capacity change from 0 to 2048
[   68.303571] loop0: detected capacity change from 0 to 2048
[   68.339011] loop0: detected capacity change from 0 to 2048
[   68.383693] loop0: detected capacity change from 0 to 2048
[   68.419761] loop0: detected capacity change from 0 to 2048
[   68.435431] EXT4-fs mount: 1509 callbacks suppressed
[   68.435449] EXT4-fs (loop0): mounted filesystem 00000000-0000-0000-0000-000000000000 r/w without journal. Quota mode: none.
[   68.446424] EXT4-fs (loop0): unmounting filesystem 00000000-0000-0000-0000-000000000000.
[   68.492469] loop0: detected capacity change from 0 to 2048
[   68.499350] EXT4-fs (loop0): mounted filesystem 00000000-0000-0000-0000-000000000000 r/w without journal. Quota mode: none.
[   68.526268] EXT4-fs (loop0): unmounting filesystem 00000000-0000-0000-0000-000000000000.
[   68.546723] loop0: detected capacity change from 0 to 2048
[   68.559367] EXT4-fs (loop0): mounted filesystem 00000000-0000-0000-0000-000000000000 r/w without journal. Quota mode: none.
[   68.578413] EXT4-fs (loop0): unmounting filesystem 00000000-0000-0000-0000-000000000000.
[   68.598366] loop0: detected capacity change from 0 to 2048
[   68.598833] blk_print_req_error: 10 callbacks suppressed
[   68.598848] I/O error, dev loop0, sector 0 op 0x0:(READ) flags 0x80700 phys_seg 1 prio class 2
[   68.612850] EXT4-fs (loop0): mounted filesystem 00000000-0000-0000-0000-000000000000 r/w without journal. Quota mode: none.
[   68.620637] EXT4-fs (loop0): unmounting filesystem 00000000-0000-0000-0000-000000000000.
[   68.646150] loop0: detected capacity change from 0 to 2048
[   68.654813] EXT4-fs (loop0): mounted filesystem 00000000-0000-0000-0000-000000000000 r/w without journal. Quota mode: none.
[   68.668585] EXT4-fs (loop0): unmounting filesystem 00000000-0000-0000-0000-000000000000.
[   68.693489] loop0: detected capacity change from 0 to 2048
[   68.703204] EXT4-fs (loop0): mounted filesystem 00000000-0000-0000-0000-000000000000 r/w without journal. Quota mode: none.
[   68.720044] EXT4-fs (loop0): unmounting filesystem 00000000-0000-0000-0000-000000000000.
[   68.744101] loop0: detected capacity change from 0 to 2048
[   68.751287] EXT4-fs (loop0): mounted filesystem 00000000-0000-0000-0000-000000000000 r/w without journal. Quota mode: none.
[   68.759127] EXT4-fs (loop0): unmounting filesystem 00000000-0000-0000-0000-000000000000.
[   68.794253] loop0: detected capacity change from 0 to 2048
[   68.799536] EXT4-fs (loop0): mounted filesystem 00000000-0000-0000-0000-000000000000 r/w without journal. Quota mode: none.
[   68.808468] EXT4-fs (loop0): unmounting filesystem 00000000-0000-0000-0000-000000000000.
[   68.846863] loop0: detected capacity change from 0 to 2048
[   68.859714] EXT4-fs (loop0): mounted filesystem 00000000-0000-0000-0000-000000000000 r/w without journal. Quota mode: none.
[   68.868449] EXT4-fs (loop0): unmounting filesystem 00000000-0000-0000-0000-000000000000.
[   68.897456] loop0: detected capacity change from 0 to 2048
[   68.903175] EXT4-fs (loop0): mounted filesystem 00000000-0000-0000-0000-000000000000 r/w without journal. Quota mode: none.
[   68.911125] EXT4-fs (loop0): unmounting filesystem 00000000-0000-0000-0000-000000000000.
[   68.935233] loop0: detected capacity change from 0 to 2048
[   68.935707] I/O error, dev loop0, sector 0 op 0x0:(READ) flags 0x80700 phys_seg 1 prio class 2
[   68.943070] EXT4-fs (loop0): mounted filesystem 00000000-0000-0000-0000-000000000000 r/w without journal. Quota mode: none.
[   68.960279] EXT4-fs (loop0): unmounting filesystem 00000000-0000-0000-0000-000000000000.
[   68.983780] loop0: detected capacity change from 0 to 2048
[   68.994148] EXT4-fs (loop0): mounted filesystem 00000000-0000-0000-0000-000000000000 r/w without journal. Quota mode: none.
[   69.002594] EXT4-fs (loop0): unmounting filesystem 00000000-0000-0000-0000-000000000000.
[   69.030008] loop0: detected capacity change from 0 to 2048
[   69.039177] EXT4-fs (loop0): mounted filesystem 00000000-0000-0000-0000-000000000000 r/w without journal. Quota mode: none.
[   69.051031] EXT4-fs (loop0): unmounting filesystem 00000000-0000-0000-0000-000000000000.
[   69.076798] loop0: detected capacity change from 0 to 2048
[   69.083217] EXT4-fs (loop0): mounted filesystem 00000000-0000-0000-0000-000000000000 r/w without journal. Quota mode: none.
[   69.094428] EXT4-fs (loop0): unmounting filesystem 00000000-0000-0000-0000-000000000000.
[   69.119095] loop0: detected capacity change from 0 to 2048
[   69.133159] EXT4-fs (loop0): mounted filesystem 00000000-0000-0000-0000-000000000000 r/w without journal. Quota mode: none.
[   69.140701] EXT4-fs (loop0): unmounting filesystem 00000000-0000-0000-0000-000000000000.
[   69.161518] loop0: detected capacity change from 0 to 2048
[   69.178451] EXT4-fs (loop0): mounted filesystem 00000000-0000-0000-0000-000000000000 r/w without journal. Quota mode: none.
[   69.192352] EXT4-fs (loop0): unmounting filesystem 00000000-0000-0000-0000-000000000000.
[   69.226508] loop0: detected capacity change from 0 to 2048
[   69.235095] EXT4-fs (loop0): mounted filesystem 00000000-0000-0000-0000-000000000000 r/w without journal. Quota mode: none.
[   69.246245] EXT4-fs (loop0): unmounting filesystem 00000000-0000-0000-0000-000000000000.
[   69.274418] loop0: detected capacity change from 0 to 2048
[   69.287390] EXT4-fs (loop0): mounted filesystem 00000000-0000-0000-0000-000000000000 r/w without journal. Quota mode: none.
[   69.296586] EXT4-fs (loop0): unmounting filesystem 00000000-0000-0000-0000-000000000000.
[   69.322549] loop0: detected capacity change from 0 to 2048
[   69.331327] EXT4-fs (loop0): mounted filesystem 00000000-0000-0000-0000-000000000000 r/w without journal. Quota mode: none.
[   69.339446] EXT4-fs (loop0): unmounting filesystem 00000000-0000-0000-0000-000000000000.
[   69.377085] loop0: detected capacity change from 0 to 2048
[   69.386978] EXT4-fs (loop0): mounted filesystem 00000000-0000-0000-0000-000000000000 r/w without journal. Quota mode: none.
[   69.402802] EXT4-fs (loop0): unmounting filesystem 00000000-0000-0000-0000-000000000000.
[   69.431323] loop0: detected capacity change from 0 to 2048
[   69.439241] EXT4-fs (loop0): mounted filesystem 00000000-0000-0000-0000-000000000000 r/w without journal. Quota mode: none.
[   69.447394] EXT4-fs (loop0): unmounting filesystem 00000000-0000-0000-0000-000000000000.
[   69.467226] loop0: detected capacity change from 0 to 2048
[   69.479421] EXT4-fs (loop0): mounted filesystem 00000000-0000-0000-0000-000000000000 r/w without journal. Quota mode: none.
[   69.495577] EXT4-fs (loop0): unmounting filesystem 00000000-0000-0000-0000-000000000000.
[   69.530684] loop0: detected capacity change from 0 to 2048
[   69.539211] EXT4-fs (loop0): mounted filesystem 00000000-0000-0000-0000-000000000000 r/w without journal. Quota mode: none.
[   69.568934] EXT4-fs (loop0): unmounting filesystem 00000000-0000-0000-0000-000000000000.
[   69.591097] loop0: detected capacity change from 0 to 2048
[   69.599420] EXT4-fs (loop0): mounted filesystem 00000000-0000-0000-0000-000000000000 r/w without journal. Quota mode: none.
[   69.616094] EXT4-fs (loop0): unmounting filesystem 00000000-0000-0000-0000-000000000000.
[   69.642667] loop0: detected capacity change from 0 to 2048
[   69.657649] EXT4-fs (loop0): mounted filesystem 00000000-0000-0000-0000-000000000000 r/w without journal. Quota mode: none.
[   69.666178] EXT4-fs (loop0): unmounting filesystem 00000000-0000-0000-0000-000000000000.
[   69.695595] loop0: detected capacity change from 0 to 2048
[   69.703226] EXT4-fs (loop0): mounted filesystem 00000000-0000-0000-0000-000000000000 r/w without journal. Quota mode: none.
[   69.711113] EXT4-fs (loop0): unmounting filesystem 00000000-0000-0000-0000-000000000000.
[   69.742517] loop0: detected capacity change from 0 to 2048
[   69.755605] EXT4-fs (loop0): mounted filesystem 00000000-0000-0000-0000-000000000000 r/w without journal. Quota mode: none.
[   69.763983] EXT4-fs (loop0): unmounting filesystem 00000000-0000-0000-0000-000000000000.
[   69.785353] loop0: detected capacity change from 0 to 2048
