c[?7l[2J[0mSeaBIOS (version rel-1.16.1-0-g3208b098f51a-prebuilt.qemu.org)


iPXE (http://ipxe.org) 00:03.0 CA00 PCI2.10 PnP PMM+7EFD0F40+7EF30F40 CA00
Press Ctrl-B to configure iPXE (PCI 00:03.0)...                                                                               


Booting from ROM...
c[?7l[2J[    0.000000] Linux version 6.4.0-rc7-45a3e24f65e9 (root@p-tglh01.sh.intel.com) (gcc (GCC) 8.5.0 20210514 (Red Hat 8.5.0-19), GNU ld version 2.36.1-2.el8) #1 SMP PREEMPT_DYNAMIC Tue Jun 20 18:05:26 CST 2023
[    0.000000] Command line: console=ttyS0 root=/dev/sda earlyprintk=serial net.ifnames=0 quiet plymouth.enable=0
[    0.000000] KERNEL supported cpus:
[    0.000000]   Intel GenuineIntel
[    0.000000]   AMD AuthenticAMD
[    0.000000]   Hygon HygonGenuine
[    0.000000]   Centaur CentaurHauls
[    0.000000]   zhaoxin   Shanghai  
[    0.000000] x86/fpu: Supporting XSAVE feature 0x001: 'x87 floating point registers'
[    0.000000] x86/fpu: Supporting XSAVE feature 0x002: 'SSE registers'
[    0.000000] x86/fpu: Supporting XSAVE feature 0x004: 'AVX registers'
[    0.000000] x86/fpu: Supporting XSAVE feature 0x020: 'AVX-512 opmask'
[    0.000000] x86/fpu: Supporting XSAVE feature 0x040: 'AVX-512 Hi256'
[    0.000000] x86/fpu: Supporting XSAVE feature 0x080: 'AVX-512 ZMM_Hi256'
[    0.000000] x86/fpu: Supporting XSAVE feature 0x200: 'Protection Keys User registers'
[    0.000000] x86/fpu: xstate_offset[2]:  576, xstate_sizes[2]:  256
[    0.000000] x86/fpu: xstate_offset[5]:  832, xstate_sizes[5]:   64
[    0.000000] x86/fpu: xstate_offset[6]:  896, xstate_sizes[6]:  512
[    0.000000] x86/fpu: xstate_offset[7]: 1408, xstate_sizes[7]: 1024
[    0.000000] x86/fpu: xstate_offset[9]: 2432, xstate_sizes[9]:    8
[    0.000000] x86/fpu: Enabled xstate features 0x2e7, context size is 2440 bytes, using 'compacted' format.
[    0.000000] signal: max sigframe size: 3632
[    0.000000] BIOS-provided physical RAM map:
[    0.000000] BIOS-e820: [mem 0x0000000000000000-0x000000000009fbff] usable
[    0.000000] BIOS-e820: [mem 0x000000000009fc00-0x000000000009ffff] reserved
[    0.000000] BIOS-e820: [mem 0x00000000000f0000-0x00000000000fffff] reserved
[    0.000000] BIOS-e820: [mem 0x0000000000100000-0x000000007ffdffff] usable
[    0.000000] BIOS-e820: [mem 0x000000007ffe0000-0x000000007fffffff] reserved
[    0.000000] BIOS-e820: [mem 0x00000000feffc000-0x00000000feffffff] reserved
[    0.000000] BIOS-e820: [mem 0x00000000fffc0000-0x00000000ffffffff] reserved
[    0.000000] printk: bootconsole [earlyser0] enabled
[    0.240804] Spectre V2 : WARNING: Unprivileged eBPF is enabled with eIBRS on, data leaks possible via Spectre v2 BHB attacks!
[    8.644495] systemd[1]: Failed to start Load Kernel Modules.
[[0;1;31mFAILED[0m] Failed to start [0;1;39mLoad Kernel Modules[0m.

CentOS Stream 9
Kernel 6.4.0-rc7-45a3e24f65e9 on an x86_64

Activate the web console with: systemctl enable --now cockpit.socket

test login: [   25.637012] loop0: detected capacity change from 0 to 2048
[   25.642060] EXT4-fs (loop0): mounted filesystem 00000000-0000-0000-0000-000000000000 r/w without journal. Quota mode: none.
[   25.670079] EXT4-fs (loop0): unmounting filesystem 00000000-0000-0000-0000-000000000000.
[   25.703330] loop0: detected capacity change from 0 to 2048
[   25.709089] EXT4-fs (loop0): mounted filesystem 00000000-0000-0000-0000-000000000000 r/w without journal. Quota mode: none.
[   25.728323] EXT4-fs (loop0): unmounting filesystem 00000000-0000-0000-0000-000000000000.
[   25.745391] loop0: detected capacity change from 0 to 2048
[   25.749099] EXT4-fs (loop0): mounted filesystem 00000000-0000-0000-0000-000000000000 r/w without journal. Quota mode: none.
[   25.767478] EXT4-fs (loop0): unmounting filesystem 00000000-0000-0000-0000-000000000000.
[   25.792197] loop0: detected capacity change from 0 to 2048
[   25.797053] EXT4-fs (loop0): mounted filesystem 00000000-0000-0000-0000-000000000000 r/w without journal. Quota mode: none.
[   25.804006] EXT4-fs (loop0): unmounting filesystem 00000000-0000-0000-0000-000000000000.
[   25.840742] loop0: detected capacity change from 0 to 2048
[   25.845208] EXT4-fs (loop0): mounted filesystem 00000000-0000-0000-0000-000000000000 r/w without journal. Quota mode: none.
[   25.850898] EXT4-fs (loop0): unmounting filesystem 00000000-0000-0000-0000-000000000000.
[   25.868129] loop0: detected capacity change from 0 to 2048
[   25.880782] EXT4-fs (loop0): mounted filesystem 00000000-0000-0000-0000-000000000000 r/w without journal. Quota mode: none.
[   25.886921] EXT4-fs (loop0): unmounting filesystem 00000000-0000-0000-0000-000000000000.
[   25.920403] loop0: detected capacity change from 0 to 2048
[   25.925132] EXT4-fs (loop0): mounted filesystem 00000000-0000-0000-0000-000000000000 r/w without journal. Quota mode: none.
[   25.931316] EXT4-fs (loop0): unmounting filesystem 00000000-0000-0000-0000-000000000000.
[   25.949330] loop0: detected capacity change from 0 to 2048
[   25.957550] EXT4-fs (loop0): mounted filesystem 00000000-0000-0000-0000-000000000000 r/w without journal. Quota mode: none.
[   25.967024] EXT4-fs (loop0): unmounting filesystem 00000000-0000-0000-0000-000000000000.
[   25.998829] loop0: detected capacity change from 0 to 2048
[   26.005184] EXT4-fs (loop0): mounted filesystem 00000000-0000-0000-0000-000000000000 r/w without journal. Quota mode: none.
[   26.029155] EXT4-fs (loop0): unmounting filesystem 00000000-0000-0000-0000-000000000000.
[   26.063952] loop0: detected capacity change from 0 to 2048
[   26.069215] EXT4-fs (loop0): mounted filesystem 00000000-0000-0000-0000-000000000000 r/w without journal. Quota mode: none.
[   26.077529] EXT4-fs (loop0): unmounting filesystem 00000000-0000-0000-0000-000000000000.
[   26.111297] loop0: detected capacity change from 0 to 2048
[   26.117452] EXT4-fs (loop0): mounted filesystem 00000000-0000-0000-0000-000000000000 r/w without journal. Quota mode: none.
[   26.125841] EXT4-fs (loop0): unmounting filesystem 00000000-0000-0000-0000-000000000000.
[   26.160700] loop0: detected capacity change from 0 to 2048
[   26.165212] EXT4-fs (loop0): mounted filesystem 00000000-0000-0000-0000-000000000000 r/w without journal. Quota mode: none.
[   26.173595] EXT4-fs (loop0): unmounting filesystem 00000000-0000-0000-0000-000000000000.
[   26.200883] loop0: detected capacity change from 0 to 2048
[   26.206055] EXT4-fs (loop0): mounted filesystem 00000000-0000-0000-0000-000000000000 r/w without journal. Quota mode: none.
[   26.216589] EXT4-fs (loop0): unmounting filesystem 00000000-0000-0000-0000-000000000000.
[   26.247686] loop0: detected capacity change from 0 to 2048
[   26.252939] EXT4-fs (loop0): mounted filesystem 00000000-0000-0000-0000-000000000000 r/w without journal. Quota mode: none.
[   26.258289] EXT4-fs (loop0): unmounting filesystem 00000000-0000-0000-0000-000000000000.
[   26.297577] loop0: detected capacity change from 0 to 2048
[   26.305217] EXT4-fs (loop0): mounted filesystem 00000000-0000-0000-0000-000000000000 r/w without journal. Quota mode: none.
[   26.310530] EXT4-fs (loop0): unmounting filesystem 00000000-0000-0000-0000-000000000000.
[   26.323230] loop0: detected capacity change from 0 to 2048
[   26.329287] EXT4-fs (loop0): mounted filesystem 00000000-0000-0000-0000-000000000000 r/w without journal. Quota mode: none.
[   26.337982] EXT4-fs (loop0): unmounting filesystem 00000000-0000-0000-0000-000000000000.
[   26.372080] loop0: detected capacity change from 0 to 2048
[   26.377367] EXT4-fs (loop0): mounted filesystem 00000000-0000-0000-0000-000000000000 r/w without journal. Quota mode: none.
[   26.389132] EXT4-fs (loop0): unmounting filesystem 00000000-0000-0000-0000-000000000000.
[   26.423565] loop0: detected capacity change from 0 to 2048
[   26.429377] EXT4-fs (loop0): mounted filesystem 00000000-0000-0000-0000-000000000000 r/w without journal. Quota mode: none.
[   26.435571] EXT4-fs (loop0): unmounting filesystem 00000000-0000-0000-0000-000000000000.
[   26.459126] loop0: detected capacity change from 0 to 2048
[   26.473217] EXT4-fs (loop0): mounted filesystem 00000000-0000-0000-0000-000000000000 r/w without journal. Quota mode: none.
[   26.480639] EXT4-fs (loop0): unmounting filesystem 00000000-0000-0000-0000-000000000000.
[   26.505147] loop0: detected capacity change from 0 to 2048
[   26.519948] EXT4-fs (loop0): mounted filesystem 00000000-0000-0000-0000-000000000000 r/w without journal. Quota mode: none.
[   26.526431] EXT4-fs (loop0): unmounting filesystem 00000000-0000-0000-0000-000000000000.
[   26.546785] loop0: detected capacity change from 0 to 2048
[   26.552915] EXT4-fs (loop0): mounted filesystem 00000000-0000-0000-0000-000000000000 r/w without journal. Quota mode: none.
[   26.565735] EXT4-fs (loop0): unmounting filesystem 00000000-0000-0000-0000-000000000000.
[   26.602985] loop0: detected capacity change from 0 to 2048
[   26.609366] EXT4-fs (loop0): mounted filesystem 00000000-0000-0000-0000-000000000000 r/w without journal. Quota mode: none.
[   26.614314] EXT4-fs (loop0): unmounting filesystem 00000000-0000-0000-0000-000000000000.
[   26.654154] loop0: detected capacity change from 0 to 2048
[   26.661287] EXT4-fs (loop0): mounted filesystem 00000000-0000-0000-0000-000000000000 r/w without journal. Quota mode: none.
[   26.685306] EXT4-fs (loop0): unmounting filesystem 00000000-0000-0000-0000-000000000000.
[   26.710592] loop0: detected capacity change from 0 to 2048
[   26.719805] EXT4-fs (loop0): mounted filesystem 00000000-0000-0000-0000-000000000000 r/w without journal. Quota mode: none.
[   26.749884] EXT4-fs (loop0): unmounting filesystem 00000000-0000-0000-0000-000000000000.
[   26.770865] loop0: detected capacity change from 0 to 2048
[   26.777208] EXT4-fs (loop0): mounted filesystem 00000000-0000-0000-0000-000000000000 r/w without journal. Quota mode: none.
[   26.783153] EXT4-fs (loop0): unmounting filesystem 00000000-0000-0000-0000-000000000000.
[   26.819570] loop0: detected capacity change from 0 to 2048
[   26.825707] EXT4-fs (loop0): mounted filesystem 00000000-0000-0000-0000-000000000000 r/w without journal. Quota mode: none.
[   26.831843] EXT4-fs (loop0): unmounting filesystem 00000000-0000-0000-0000-000000000000.
[   26.864965] loop0: detected capacity change from 0 to 2048
[   26.869364] EXT4-fs (loop0): mounted filesystem 00000000-0000-0000-0000-000000000000 r/w without journal. Quota mode: none.
[   26.874382] EXT4-fs (loop0): unmounting filesystem 00000000-0000-0000-0000-000000000000.
[   26.908669] loop0: detected capacity change from 0 to 2048
[   26.913550] EXT4-fs (loop0): mounted filesystem 00000000-0000-0000-0000-000000000000 r/w without journal. Quota mode: none.
[   26.919183] EXT4-fs (loop0): unmounting filesystem 00000000-0000-0000-0000-000000000000.
[   26.934704] loop0: detected capacity change from 0 to 2048
[   26.945212] EXT4-fs (loop0): mounted filesystem 00000000-0000-0000-0000-000000000000 r/w without journal. Quota mode: none.
[   26.954029] EXT4-fs (loop0): unmounting filesystem 00000000-0000-0000-0000-000000000000.
[   26.977438] loop0: detected capacity change from 0 to 2048
[   26.981096] EXT4-fs (loop0): mounted filesystem 00000000-0000-0000-0000-000000000000 r/w without journal. Quota mode: none.
[   26.987047] EXT4-fs (loop0): unmounting filesystem 00000000-0000-0000-0000-000000000000.
[   27.009256] loop0: detected capacity change from 0 to 2048
[   27.017084] EXT4-fs (loop0): mounted filesystem 00000000-0000-0000-0000-000000000000 r/w without journal. Quota mode: none.
[   27.025038] EXT4-fs (loop0): unmounting filesystem 00000000-0000-0000-0000-000000000000.
[   27.050781] loop0: detected capacity change from 0 to 2048
[   27.057090] EXT4-fs (loop0): mounted filesystem 00000000-0000-0000-0000-000000000000 r/w without journal. Quota mode: none.
[   27.095252] loop0: detected capacity change from 0 to 2048
[   27.135372] loop0: detected capacity change from 0 to 2048
[   27.159364] loop0: detected capacity change from 0 to 2048
[   27.159813] I/O error, dev loop0, sector 0 op 0x0:(READ) flags 0x80700 phys_seg 1 prio class 2
[   27.211493] loop0: detected capacity change from 0 to 2048
[   27.253439] loop0: detected capacity change from 0 to 2048
[   27.274712] loop0: detected capacity change from 0 to 2048
[   27.312541] loop0: detected capacity change from 0 to 2048
[   27.345297] loop0: detected capacity change from 0 to 2048
[   27.395003] loop0: detected capacity change from 0 to 2048
[   27.439904] loop0: detected capacity change from 0 to 2048
[   27.464811] loop0: detected capacity change from 0 to 2048
[   27.494349] loop0: detected capacity change from 0 to 2048
[   27.552844] loop0: detected capacity change from 0 to 2048
[   27.553194] I/O error, dev loop0, sector 0 op 0x0:(READ) flags 0x80700 phys_seg 1 prio class 2
[   27.585582] loop0: detected capacity change from 0 to 2048
[   27.632598] loop0: detected capacity change from 0 to 2048
[   27.675845] loop0: detected capacity change from 0 to 2048
[   27.719222] loop0: detected capacity change from 0 to 2048
[   27.762349] loop0: detected capacity change from 0 to 2048
[   27.811669] loop0: detected capacity change from 0 to 2048
[   27.834078] loop0: detected capacity change from 0 to 2048
[   27.866983] loop0: detected capacity change from 0 to 2048
[   27.902107] loop0: detected capacity change from 0 to 2048
[   27.955434] loop0: detected capacity change from 0 to 2048
[   27.977369] loop0: detected capacity change from 0 to 2048
[   28.019329] loop0: detected capacity change from 0 to 2048
[   28.062136] loop0: detected capacity change from 0 to 2048
[   28.103422] loop0: detected capacity change from 0 to 2048
[   28.154718] loop0: detected capacity change from 0 to 2048
[   28.203088] loop0: detected capacity change from 0 to 2048
[   28.252532] loop0: detected capacity change from 0 to 2048
[   28.294130] loop0: detected capacity change from 0 to 2048
[   28.343352] loop0: detected capacity change from 0 to 2048
[   28.366488] loop0: detected capacity change from 0 to 2048
[   28.419335] loop0: detected capacity change from 0 to 2048
[   28.460325] loop0: detected capacity change from 0 to 2048
[   28.491114] loop0: detected capacity change from 0 to 2048
[   28.523142] loop0: detected capacity change from 0 to 2048
[   28.561152] loop0: detected capacity change from 0 to 2048
[   28.607953] loop0: detected capacity change from 0 to 2048
[   28.631246] loop0: detected capacity change from 0 to 2048
[   28.686196] loop0: detected capacity change from 0 to 2048
[   28.739248] loop0: detected capacity change from 0 to 2048
[   28.794427] loop0: detected capacity change from 0 to 2048
[   28.844387] loop0: detected capacity change from 0 to 2048
[   28.874284] loop0: detected capacity change from 0 to 2048
[   28.909897] loop0: detected capacity change from 0 to 2048
[   28.933254] loop0: detected capacity change from 0 to 2048
[   28.964686] loop0: detected capacity change from 0 to 2048
[   28.965086] I/O error, dev loop0, sector 0 op 0x0:(READ) flags 0x80700 phys_seg 1 prio class 2
[   29.006448] loop0: detected capacity change from 0 to 2048
[   29.030828] loop0: detected capacity change from 0 to 2048
[   29.076695] loop0: detected capacity change from 0 to 2048
[   29.118899] loop0: detected capacity change from 0 to 2048
[   29.167701] loop0: detected capacity change from 0 to 2048
[   29.192248] loop0: detected capacity change from 0 to 2048
[   29.223384] loop0: detected capacity change from 0 to 2048
[   29.260850] loop0: detected capacity change from 0 to 2048
[   29.288658] loop0: detected capacity change from 0 to 2048
[   29.332429] loop0: detected capacity change from 0 to 2048
[   29.354328] loop0: detected capacity change from 0 to 2048
[   29.394986] loop0: detected capacity change from 0 to 2048
[   29.422386] loop0: detected capacity change from 0 to 2048
[   29.479107] loop0: detected capacity change from 0 to 2048
[   29.508508] loop0: detected capacity change from 0 to 2048
[   29.555918] loop0: detected capacity change from 0 to 2048
[   29.580858] loop0: detected capacity change from 0 to 2048
[   29.627116] loop0: detected capacity change from 0 to 2048
[   29.660100] loop0: detected capacity change from 0 to 2048
[   29.719029] loop0: detected capacity change from 0 to 2048
[   29.754387] loop0: detected capacity change from 0 to 2048
[   29.792141] loop0: detected capacity change from 0 to 2048
[   29.846660] loop0: detected capacity change from 0 to 2048
[   29.892103] loop0: detected capacity change from 0 to 2048
[   29.923115] loop0: detected capacity change from 0 to 2048
[   29.966533] loop0: detected capacity change from 0 to 2048
[   30.000458] loop0: detected capacity change from 0 to 2048
[   30.033925] loop0: detected capacity change from 0 to 2048
[   30.070606] loop0: detected capacity change from 0 to 2048
[   30.125300] loop0: detected capacity change from 0 to 2048
[   30.157769] loop0: detected capacity change from 0 to 2048
[   30.203852] loop0: detected capacity change from 0 to 2048
[   30.247407] loop0: detected capacity change from 0 to 2048
[   30.297957] loop0: detected capacity change from 0 to 2048
[   30.347744] loop0: detected capacity change from 0 to 2048
[   30.388245] loop0: detected capacity change from 0 to 2048
[   30.436426] loop0: detected capacity change from 0 to 2048
[   30.475325] loop0: detected capacity change from 0 to 2048
[   30.517712] loop0: detected capacity change from 0 to 2048
[   30.561493] loop0: detected capacity change from 0 to 2048
[   30.607323] loop0: detected capacity change from 0 to 2048
[   30.636584] loop0: detected capacity change from 0 to 2048
[   30.683499] loop0: detected capacity change from 0 to 2048
[   30.728197] loop0: detected capacity change from 0 to 2048
[   30.773913] loop0: detected capacity change from 0 to 2048
[   30.812165] loop0: detected capacity change from 0 to 2048
[   30.843370] loop0: detected capacity change from 0 to 2048
[   30.871573] loop0: detected capacity change from 0 to 2048
[   30.905339] loop0: detected capacity change from 0 to 2048
[   30.934811] loop0: detected capacity change from 0 to 2048
[   30.977590] loop0: detected capacity change from 0 to 2048
[   31.020239] loop0: detected capacity change from 0 to 2048
[   31.059129] loop0: detected capacity change from 0 to 2048
[   31.098359] loop0: detected capacity change from 0 to 2048
[   31.142771] loop0: detected capacity change from 0 to 2048
[   31.187505] loop0: detected capacity change from 0 to 2048
[   31.217612] loop0: detected capacity change from 0 to 2048
[   31.246819] loop0: detected capacity change from 0 to 2048
[   31.282195] loop0: detected capacity change from 0 to 2048
[   31.306502] loop0: detected capacity change from 0 to 2048
[   31.354206] loop0: detected capacity change from 0 to 2048
[   31.386236] loop0: detected capacity change from 0 to 2048
[   31.432127] loop0: detected capacity change from 0 to 2048
[   31.476033] loop0: detected capacity change from 0 to 2048
[   31.506276] loop0: detected capacity change from 0 to 2048
[   31.506667] I/O error, dev loop0, sector 0 op 0x0:(READ) flags 0x80700 phys_seg 1 prio class 2
[   31.548284] loop0: detected capacity change from 0 to 2048
[   31.581494] loop0: detected capacity change from 0 to 2048
[   31.610082] loop0: detected capacity change from 0 to 2048
[   31.644290] loop0: detected capacity change from 0 to 2048
[   31.702770] loop0: detected capacity change from 0 to 2048
[   31.752114] loop0: detected capacity change from 0 to 2048
[   31.790297] loop0: detected capacity change from 0 to 2048
[   31.833135] loop0: detected capacity change from 0 to 2048
[   31.860957] loop0: detected capacity change from 0 to 2048
[   31.910673] loop0: detected capacity change from 0 to 2048
[   31.952772] loop0: detected capacity change from 0 to 2048
[   31.986778] loop0: detected capacity change from 0 to 2048
[   32.014913] loop0: detected capacity change from 0 to 2048
[   32.060194] loop0: detected capacity change from 0 to 2048
[   32.108538] loop0: detected capacity change from 0 to 2048
[   32.138046] loop0: detected capacity change from 0 to 2048
[   32.187721] loop0: detected capacity change from 0 to 2048
[   32.214923] loop0: detected capacity change from 0 to 2048
[   32.242998] loop0: detected capacity change from 0 to 2048
[   32.273817] loop0: detected capacity change from 0 to 2048
[   32.297294] loop0: detected capacity change from 0 to 2048
[   32.332313] loop0: detected capacity change from 0 to 2048
[   32.368594] loop0: detected capacity change from 0 to 2048
[   32.410437] loop0: detected capacity change from 0 to 2048
[   32.455172] loop0: detected capacity change from 0 to 2048
[   32.484895] loop0: detected capacity change from 0 to 2048
[   32.508630] loop0: detected capacity change from 0 to 2048
[   32.556728] loop0: detected capacity change from 0 to 2048
[   32.602742] loop0: detected capacity change from 0 to 2048
[   32.625622] loop0: detected capacity change from 0 to 2048
[   32.667368] loop0: detected capacity change from 0 to 2048
[   32.706619] loop0: detected capacity change from 0 to 2048
[   32.771380] loop0: detected capacity change from 0 to 2048
[   32.811378] loop0: detected capacity change from 0 to 2048
[   32.840554] loop0: detected capacity change from 0 to 2048
[   32.876885] loop0: detected capacity change from 0 to 2048
[   32.917594] loop0: detected capacity change from 0 to 2048
[   32.959806] loop0: detected capacity change from 0 to 2048
[   32.990414] loop0: detected capacity change from 0 to 2048
[   33.039225] loop0: detected capacity change from 0 to 2048
[   33.070118] loop0: detected capacity change from 0 to 2048
[   33.116083] loop0: detected capacity change from 0 to 2048
[   33.154395] loop0: detected capacity change from 0 to 2048
[   33.178461] loop0: detected capacity change from 0 to 2048
[   33.238911] loop0: detected capacity change from 0 to 2048
[   33.284970] loop0: detected capacity change from 0 to 2048
[   33.312542] loop0: detected capacity change from 0 to 2048
[   33.369176] loop0: detected capacity change from 0 to 2048
[   33.412032] loop0: detected capacity change from 0 to 2048
[   33.509379] loop0: detected capacity change from 0 to 2048
[   33.551978] loop0: detected capacity change from 0 to 2048
[   33.581788] loop0: detected capacity change from 0 to 2048
[   33.641035] loop0: detected capacity change from 0 to 2048
[   33.686980] loop0: detected capacity change from 0 to 2048
[   33.739387] loop0: detected capacity change from 0 to 2048
[   33.774372] loop0: detected capacity change from 0 to 2048
[   33.808932] loop0: detected capacity change from 0 to 2048
[   33.842800] loop0: detected capacity change from 0 to 2048
[   33.873198] loop0: detected capacity change from 0 to 2048
[   33.913788] loop0: detected capacity change from 0 to 2048
[   33.953755] loop0: detected capacity change from 0 to 2048
[   33.994572] loop0: detected capacity change from 0 to 2048
[   34.025137] loop0: detected capacity change from 0 to 2048
[   34.062805] loop0: detected capacity change from 0 to 2048
[   34.094861] loop0: detected capacity change from 0 to 2048
[   34.127378] loop0: detected capacity change from 0 to 2048
[   34.160199] loop0: detected capacity change from 0 to 2048
[   34.198474] loop0: detected capacity change from 0 to 2048
[   34.236136] loop0: detected capacity change from 0 to 2048
[   34.269734] loop0: detected capacity change from 0 to 2048
[   34.297543] loop0: detected capacity change from 0 to 2048
[   34.344456] loop0: detected capacity change from 0 to 2048
[   34.387545] loop0: detected capacity change from 0 to 2048
[   34.419785] loop0: detected capacity change from 0 to 2048
[   34.455167] loop0: detected capacity change from 0 to 2048
[   34.508725] loop0: detected capacity change from 0 to 2048
[   34.558271] loop0: detected capacity change from 0 to 2048
[   34.604528] loop0: detected capacity change from 0 to 2048
[   34.642000] loop0: detected capacity change from 0 to 2048
[   34.705452] loop0: detected capacity change from 0 to 2048
[   34.756973] loop0: detected capacity change from 0 to 2048
[   34.803811] loop0: detected capacity change from 0 to 2048
[   34.833575] loop0: detected capacity change from 0 to 2048
[   34.876112] loop0: detected capacity change from 0 to 2048
[   34.901655] loop0: detected capacity change from 0 to 2048
[   34.939388] loop0: detected capacity change from 0 to 2048
[   34.991533] loop0: detected capacity change from 0 to 2048
[   35.035440] loop0: detected capacity change from 0 to 2048
[   35.076391] loop0: detected capacity change from 0 to 2048
[   35.114045] loop0: detected capacity change from 0 to 2048
[   35.154176] loop0: detected capacity change from 0 to 2048
[   35.190440] loop0: detected capacity change from 0 to 2048
[   35.230410] loop0: detected capacity change from 0 to 2048
[   35.265169] loop0: detected capacity change from 0 to 2048
[   35.309266] loop0: detected capacity change from 0 to 2048
[   35.352342] loop0: detected capacity change from 0 to 2048
[   35.382176] loop0: detected capacity change from 0 to 2048
[   35.416205] loop0: detected capacity change from 0 to 2048
[   35.463552] loop0: detected capacity change from 0 to 2048
[   35.491687] loop0: detected capacity change from 0 to 2048
[   35.526817] loop0: detected capacity change from 0 to 2048
[   35.562819] loop0: detected capacity change from 0 to 2048
[   35.598665] loop0: detected capacity change from 0 to 2048
[   35.644730] loop0: detected capacity change from 0 to 2048
[   35.684422] loop0: detected capacity change from 0 to 2048
[   35.726107] loop0: detected capacity change from 0 to 2048
[   35.769100] loop0: detected capacity change from 0 to 2048
[   35.793767] loop0: detected capacity change from 0 to 2048
[   35.832430] loop0: detected capacity change from 0 to 2048
[   35.868222] loop0: detected capacity change from 0 to 2048
[   35.912056] loop0: detected capacity change from 0 to 2048
[   35.935413] loop0: detected capacity change from 0 to 2048
[   35.974151] loop0: detected capacity change from 0 to 2048
[   36.010398] loop0: detected capacity change from 0 to 2048
[   36.041415] loop0: detected capacity change from 0 to 2048
[   36.073695] loop0: detected capacity change from 0 to 2048
[   36.131915] loop0: detected capacity change from 0 to 2048
[   36.170230] loop0: detected capacity change from 0 to 2048
[   36.196076] loop0: detected capacity change from 0 to 2048
[   36.234662] loop0: detected capacity change from 0 to 2048
[   36.266831] loop0: detected capacity change from 0 to 2048
[   36.304908] loop0: detected capacity change from 0 to 2048
[   36.338114] loop0: detected capacity change from 0 to 2048
[   36.371982] loop0: detected capacity change from 0 to 2048
[   36.404969] loop0: detected capacity change from 0 to 2048
[   36.436259] loop0: detected capacity change from 0 to 2048
[   36.469048] loop0: detected capacity change from 0 to 2048
[   36.505186] loop0: detected capacity change from 0 to 2048
[   36.537708] loop0: detected capacity change from 0 to 2048
[   36.538109] I/O error, dev loop0, sector 0 op 0x0:(READ) flags 0x80700 phys_seg 1 prio class 2
[   36.577929] loop0: detected capacity change from 0 to 2048
[   36.615064] loop0: detected capacity change from 0 to 2048
[   36.671939] loop0: detected capacity change from 0 to 2048
[   36.693651] EXT4-fs unmount: 490 callbacks suppressed
[   36.693663] EXT4-fs (loop0): unmounting filesystem 00000000-0000-0000-0000-000000000000.
[   36.715347] loop0: detected capacity change from 0 to 2048
[   36.721265] EXT4-fs (loop0): mounted filesystem 00000000-0000-0000-0000-000000000000 r/w without journal. Quota mode: none.
[   36.734456] EXT4-fs (loop0): unmounting filesystem 00000000-0000-0000-0000-000000000000.
[   36.755804] loop0: detected capacity change from 0 to 2048
[   36.765314] EXT4-fs (loop0): mounted filesystem 00000000-0000-0000-0000-000000000000 r/w without journal. Quota mode: none.
[   36.771420] EXT4-fs (loop0): unmounting filesystem 00000000-0000-0000-0000-000000000000.
[   36.811812] loop0: detected capacity change from 0 to 2048
[   36.817686] EXT4-fs (loop0): mounted filesystem 00000000-0000-0000-0000-000000000000 r/w without journal. Quota mode: none.
[   36.824091] EXT4-fs (loop0): unmounting filesystem 00000000-0000-0000-0000-000000000000.
[   36.845022] loop0: detected capacity change from 0 to 2048
[   36.856334] EXT4-fs (loop0): mounted filesystem 00000000-0000-0000-0000-000000000000 r/w without journal. Quota mode: none.
[   36.862798] EXT4-fs (loop0): unmounting filesystem 00000000-0000-0000-0000-000000000000.
[   36.881297] loop0: detected capacity change from 0 to 2048
[   36.898164] EXT4-fs (loop0): mounted filesystem 00000000-0000-0000-0000-000000000000 r/w without journal. Quota mode: none.
[   36.904131] EXT4-fs (loop0): unmounting filesystem 00000000-0000-0000-0000-000000000000.
[   36.918452] loop0: detected capacity change from 0 to 2048
[   36.918858] I/O error, dev loop0, sector 0 op 0x0:(READ) flags 0x80700 phys_seg 1 prio class 2
[   36.926025] EXT4-fs (loop0): mounted filesystem 00000000-0000-0000-0000-000000000000 r/w without journal. Quota mode: none.
[   36.930925] EXT4-fs (loop0): unmounting filesystem 00000000-0000-0000-0000-000000000000.
[   36.965945] loop0: detected capacity change from 0 to 2048
[   36.974417] EXT4-fs (loop0): mounted filesystem 00000000-0000-0000-0000-000000000000 r/w without journal. Quota mode: none.
[   36.980831] EXT4-fs (loop0): unmounting filesystem 00000000-0000-0000-0000-000000000000.
[   37.013760] loop0: detected capacity change from 0 to 2048
[   37.017253] EXT4-fs (loop0): mounted filesystem 00000000-0000-0000-0000-000000000000 r/w without journal. Quota mode: none.
[   37.025222] EXT4-fs (loop0): unmounting filesystem 00000000-0000-0000-0000-000000000000.
[   37.041946] loop0: detected capacity change from 0 to 2048
[   37.053203] EXT4-fs (loop0): mounted filesystem 00000000-0000-0000-0000-000000000000 r/w without journal. Quota mode: none.
[   37.058987] EXT4-fs (loop0): unmounting filesystem 00000000-0000-0000-0000-000000000000.
[   37.086782] loop0: detected capacity change from 0 to 2048
[   37.097179] EXT4-fs (loop0): mounted filesystem 00000000-0000-0000-0000-000000000000 r/w without journal. Quota mode: none.
[   37.102885] EXT4-fs (loop0): unmounting filesystem 00000000-0000-0000-0000-000000000000.
[   37.126740] loop0: detected capacity change from 0 to 2048
[   37.133304] EXT4-fs (loop0): mounted filesystem 00000000-0000-0000-0000-000000000000 r/w without journal. Quota mode: none.
[   37.139496] EXT4-fs (loop0): unmounting filesystem 00000000-0000-0000-0000-000000000000.
[   37.161498] loop0: detected capacity change from 0 to 2048
[   37.165713] EXT4-fs (loop0): mounted filesystem 00000000-0000-0000-0000-000000000000 r/w without journal. Quota mode: none.
[   37.181116] EXT4-fs (loop0): unmounting filesystem 00000000-0000-0000-0000-000000000000.
[   37.215792] loop0: detected capacity change from 0 to 2048
[   37.221571] EXT4-fs (loop0): mounted filesystem 00000000-0000-0000-0000-000000000000 r/w without journal. Quota mode: none.
[   37.227991] EXT4-fs (loop0): unmounting filesystem 00000000-0000-0000-0000-000000000000.
[   37.259866] loop0: detected capacity change from 0 to 2048
[   37.265183] EXT4-fs (loop0): mounted filesystem 00000000-0000-0000-0000-000000000000 r/w without journal. Quota mode: none.
[   37.272967] EXT4-fs (loop0): unmounting filesystem 00000000-0000-0000-0000-000000000000.
[   37.303445] loop0: detected capacity change from 0 to 2048
[   37.309104] EXT4-fs (loop0): mounted filesystem 00000000-0000-0000-0000-000000000000 r/w without journal. Quota mode: none.
[   37.314987] EXT4-fs (loop0): unmounting filesystem 00000000-0000-0000-0000-000000000000.
[   37.332568] loop0: detected capacity change from 0 to 2048
[   37.341086] EXT4-fs (loop0): mounted filesystem 00000000-0000-0000-0000-000000000000 r/w without journal. Quota mode: none.
[   37.352208] EXT4-fs (loop0): unmounting filesystem 00000000-0000-0000-0000-000000000000.
[   37.374654] loop0: detected capacity change from 0 to 2048
[   37.381014] EXT4-fs (loop0): mounted filesystem 00000000-0000-0000-0000-000000000000 r/w without journal. Quota mode: none.
[   37.390604] EXT4-fs (loop0): unmounting filesystem 00000000-0000-0000-0000-000000000000.
[   37.410694] loop0: detected capacity change from 0 to 2048
[   37.417286] EXT4-fs (loop0): mounted filesystem 00000000-0000-0000-0000-000000000000 r/w without journal. Quota mode: none.
[   37.423808] EXT4-fs (loop0): unmounting filesystem 00000000-0000-0000-0000-000000000000.
[   37.442817] loop0: detected capacity change from 0 to 2048
[   37.449039] EXT4-fs (loop0): mounted filesystem 00000000-0000-0000-0000-000000000000 r/w without journal. Quota mode: none.
[   37.455081] EXT4-fs (loop0): unmounting filesystem 00000000-0000-0000-0000-000000000000.
[   37.476890] loop0: detected capacity change from 0 to 2048
[   37.482617] EXT4-fs (loop0): mounted filesystem 00000000-0000-0000-0000-000000000000 r/w without journal. Quota mode: none.
[   37.490470] EXT4-fs (loop0): unmounting filesystem 00000000-0000-0000-0000-000000000000.
[   37.511672] loop0: detected capacity change from 0 to 2048
[   37.517012] EXT4-fs (loop0): mounted filesystem 00000000-0000-0000-0000-000000000000 r/w without journal. Quota mode: none.
[   37.523984] EXT4-fs (loop0): unmounting filesystem 00000000-0000-0000-0000-000000000000.
[   37.554869] loop0: detected capacity change from 0 to 2048
[   37.561049] EXT4-fs (loop0): mounted filesystem 00000000-0000-0000-0000-000000000000 r/w without journal. Quota mode: none.
[   37.566216] EXT4-fs (loop0): unmounting filesystem 00000000-0000-0000-0000-000000000000.
[   37.585354] loop0: detected capacity change from 0 to 2048
[   37.589256] EXT4-fs (loop0): mounted filesystem 00000000-0000-0000-0000-000000000000 r/w without journal. Quota mode: none.
[   37.601227] EXT4-fs (loop0): unmounting filesystem 00000000-0000-0000-0000-000000000000.
[   37.638787] loop0: detected capacity change from 0 to 2048
[   37.645104] EXT4-fs (loop0): mounted filesystem 00000000-0000-0000-0000-000000000000 r/w without journal. Quota mode: none.
[   37.656265] EXT4-fs (loop0): unmounting filesystem 00000000-0000-0000-0000-000000000000.
[   37.691763] loop0: detected capacity change from 0 to 2048
[   37.696910] EXT4-fs (loop0): mounted filesystem 00000000-0000-0000-0000-000000000000 r/w without journal. Quota mode: none.
[   37.710491] EXT4-fs (loop0): unmounting filesystem 00000000-0000-0000-0000-000000000000.
[   37.746251] loop0: detected capacity change from 0 to 2048
[   37.753051] EXT4-fs (loop0): mounted filesystem 00000000-0000-0000-0000-000000000000 r/w without journal. Quota mode: none.
[   37.768124] EXT4-fs (loop0): unmounting filesystem 00000000-0000-0000-0000-000000000000.
[   37.788028] loop0: detected capacity change from 0 to 2048
[   37.793104] EXT4-fs (loop0): mounted filesystem 00000000-0000-0000-0000-000000000000 r/w without journal. Quota mode: none.
[   37.802979] EXT4-fs (loop0): unmounting filesystem 00000000-0000-0000-0000-000000000000.
[   37.819338] loop0: detected capacity change from 0 to 2048
[   37.824916] EXT4-fs (loop0): mounted filesystem 00000000-0000-0000-0000-000000000000 r/w without journal. Quota mode: none.
[   37.829533] EXT4-fs (loop0): unmounting filesystem 00000000-0000-0000-0000-000000000000.
[   37.842499] loop0: detected capacity change from 0 to 2048
[   37.849211] EXT4-fs (loop0): mounted filesystem 00000000-0000-0000-0000-000000000000 r/w without journal. Quota mode: none.
[   37.858608] EXT4-fs (loop0): unmounting filesystem 00000000-0000-0000-0000-000000000000.
[   37.882128] loop0: detected capacity change from 0 to 2048
[   37.893478] EXT4-fs (loop0): mounted filesystem 00000000-0000-0000-0000-000000000000 r/w without journal. Quota mode: none.
[   37.903381] EXT4-fs (loop0): unmounting filesystem 00000000-0000-0000-0000-000000000000.
[   37.924979] loop0: detected capacity change from 0 to 2048
[   37.929208] EXT4-fs (loop0): mounted filesystem 00000000-0000-0000-0000-000000000000 r/w without journal. Quota mode: none.
[   37.938392] EXT4-fs (loop0): unmounting filesystem 00000000-0000-0000-0000-000000000000.
[   37.958397] loop0: detected capacity change from 0 to 2048
[   37.965160] EXT4-fs (loop0): mounted filesystem 00000000-0000-0000-0000-000000000000 r/w without journal. Quota mode: none.
[   38.017354] loop0: detected capacity change from 0 to 2048
[   38.049521] loop0: detected capacity change from 0 to 2048
[   38.099478] loop0: detected capacity change from 0 to 2048
[   38.128009] loop0: detected capacity change from 0 to 2048
[   38.183418] loop0: detected capacity change from 0 to 2048
[   38.227349] loop0: detected capacity change from 0 to 2048
[   38.260845] loop0: detected capacity change from 0 to 2048
[   38.292717] loop0: detected capacity change from 0 to 2048
[   38.324302] loop0: detected capacity change from 0 to 2048
[   38.374824] loop0: detected capacity change from 0 to 2048
[   38.403813] loop0: detected capacity change from 0 to 2048
[   38.437326] loop0: detected capacity change from 0 to 2048
[   38.472341] loop0: detected capacity change from 0 to 2048
[   38.526075] loop0: detected capacity change from 0 to 2048
[   38.548209] loop0: detected capacity change from 0 to 2048
[   38.579979] loop0: detected capacity change from 0 to 2048
[   38.580505] I/O error, dev loop0, sector 0 op 0x0:(READ) flags 0x80700 phys_seg 1 prio class 2
[   38.580555] I/O error, dev loop0, sector 0 op 0x0:(READ) flags 0x0 phys_seg 1 prio class 2
[   38.581874] Buffer I/O error on dev loop0, logical block 0, async page read
[   38.618557] loop0: detected capacity change from 0 to 2048
[   38.660498] loop0: detected capacity change from 0 to 2048
[   38.701777] loop0: detected capacity change from 0 to 2048
[   38.759333] loop0: detected capacity change from 0 to 2048
[   38.808215] loop0: detected capacity change from 0 to 2048
[   38.859435] loop0: detected capacity change from 0 to 2048
[   38.885763] loop0: detected capacity change from 0 to 2048
[   38.935990] loop0: detected capacity change from 0 to 2048
[   38.987403] loop0: detected capacity change from 0 to 2048
[   39.027985] loop0: detected capacity change from 0 to 2048
[   39.071365] loop0: detected capacity change from 0 to 2048
[   39.103807] loop0: detected capacity change from 0 to 2048
[   39.136869] loop0: detected capacity change from 0 to 2048
[   39.180207] loop0: detected capacity change from 0 to 2048
[   39.205304] loop0: detected capacity change from 0 to 2048
[   39.229835] loop0: detected capacity change from 0 to 2048
[   39.286614] loop0: detected capacity change from 0 to 2048
[   39.327965] loop0: detected capacity change from 0 to 2048
[   39.368794] loop0: detected capacity change from 0 to 2048
[   39.392482] loop0: detected capacity change from 0 to 2048
[   39.424608] loop0: detected capacity change from 0 to 2048
[   39.424935] I/O error, dev loop0, sector 0 op 0x0:(READ) flags 0x80700 phys_seg 1 prio class 2
[   39.458496] loop0: detected capacity change from 0 to 2048
[   39.509940] loop0: detected capacity change from 0 to 2048
[   39.553411] loop0: detected capacity change from 0 to 2048
[   39.591062] loop0: detected capacity change from 0 to 2048
[   39.639965] loop0: detected capacity change from 0 to 2048
[   39.684786] loop0: detected capacity change from 0 to 2048
[   39.722889] loop0: detected capacity change from 0 to 2048
[   39.723372] I/O error, dev loop0, sector 0 op 0x0:(READ) flags 0x80700 phys_seg 1 prio class 2
[   39.759791] loop0: detected capacity change from 0 to 2048
[   39.792035] loop0: detected capacity change from 0 to 2048
[   39.836006] loop0: detected capacity change from 0 to 2048
[   39.876460] loop0: detected capacity change from 0 to 2048
[   39.908286] loop0: detected capacity change from 0 to 2048
[   39.934365] loop0: detected capacity change from 0 to 2048
[   39.984619] loop0: detected capacity change from 0 to 2048
[   40.012262] loop0: detected capacity change from 0 to 2048
[   40.046057] loop0: detected capacity change from 0 to 2048
[   40.082582] loop0: detected capacity change from 0 to 2048
[   40.105762] loop0: detected capacity change from 0 to 2048
[   40.160255] loop0: detected capacity change from 0 to 2048
[   40.182321] loop0: detected capacity change from 0 to 2048
[   40.231869] loop0: detected capacity change from 0 to 2048
[   40.273805] loop0: detected capacity change from 0 to 2048
[   40.320669] loop0: detected capacity change from 0 to 2048
[   40.367029] loop0: detected capacity change from 0 to 2048
[   40.411118] loop0: detected capacity change from 0 to 2048
[   40.465164] loop0: detected capacity change from 0 to 2048
[   40.492487] loop0: detected capacity change from 0 to 2048
[   40.528373] loop0: detected capacity change from 0 to 2048
[   40.557832] loop0: detected capacity change from 0 to 2048
[   40.601704] loop0: detected capacity change from 0 to 2048
[   40.629064] loop0: detected capacity change from 0 to 2048
[   40.674428] loop0: detected capacity change from 0 to 2048
[   40.735231] loop0: detected capacity change from 0 to 2048
[   40.771926] loop0: detected capacity change from 0 to 2048
[   40.819117] loop0: detected capacity change from 0 to 2048
[   40.858030] loop0: detected capacity change from 0 to 2048
[   40.899016] loop0: detected capacity change from 0 to 2048
[   40.922077] loop0: detected capacity change from 0 to 2048
[   40.967444] loop0: detected capacity change from 0 to 2048
[   41.027127] loop0: detected capacity change from 0 to 2048
[   41.058677] loop0: detected capacity change from 0 to 2048
[   41.090262] loop0: detected capacity change from 0 to 2048
[   41.119420] loop0: detected capacity change from 0 to 2048
[   41.165625] loop0: detected capacity change from 0 to 2048
[   41.189858] loop0: detected capacity change from 0 to 2048
[   41.241547] loop0: detected capacity change from 0 to 2048
[   41.276798] loop0: detected capacity change from 0 to 2048
[   41.317338] loop0: detected capacity change from 0 to 2048
[   41.355412] loop0: detected capacity change from 0 to 2048
[   41.385244] loop0: detected capacity change from 0 to 2048
[   41.414668] loop0: detected capacity change from 0 to 2048
[   41.463452] loop0: detected capacity change from 0 to 2048
[   41.505486] loop0: detected capacity change from 0 to 2048
[   41.531275] loop0: detected capacity change from 0 to 2048
[   41.579227] loop0: detected capacity change from 0 to 2048
[   41.620307] loop0: detected capacity change from 0 to 2048
[   41.647074] loop0: detected capacity change from 0 to 2048
[   41.708007] loop0: detected capacity change from 0 to 2048
[   41.761258] loop0: detected capacity change from 0 to 2048
[   41.803278] loop0: detected capacity change from 0 to 2048
[   41.846929] loop0: detected capacity change from 0 to 2048
[   41.887174] loop0: detected capacity change from 0 to 2048
[   41.912546] loop0: detected capacity change from 0 to 2048
[   41.946979] loop0: detected capacity change from 0 to 2048
[   41.980750] loop0: detected capacity change from 0 to 2048
[   42.008374] loop0: detected capacity change from 0 to 2048
[   42.030818] loop0: detected capacity change from 0 to 2048
[   42.073265] loop0: detected capacity change from 0 to 2048
[   42.114666] loop0: detected capacity change from 0 to 2048
[   42.154711] loop0: detected capacity change from 0 to 2048
[   42.186602] loop0: detected capacity change from 0 to 2048
[   42.231108] loop0: detected capacity change from 0 to 2048
[   42.274804] loop0: detected capacity change from 0 to 2048
[   42.320078] loop0: detected capacity change from 0 to 2048
[   42.348768] loop0: detected capacity change from 0 to 2048
[   42.390745] loop0: detected capacity change from 0 to 2048
[   42.423297] loop0: detected capacity change from 0 to 2048
[   42.461584] loop0: detected capacity change from 0 to 2048
[   42.484563] loop0: detected capacity change from 0 to 2048
[   42.484978] I/O error, dev loop0, sector 0 op 0x0:(READ) flags 0x80700 phys_seg 1 prio class 2
[   42.533916] loop0: detected capacity change from 0 to 2048
[   42.578152] loop0: detected capacity change from 0 to 2048
[   42.599214] loop0: detected capacity change from 0 to 2048
[   42.633912] loop0: detected capacity change from 0 to 2048
[   42.681102] loop0: detected capacity change from 0 to 2048
[   42.728190] loop0: detected capacity change from 0 to 2048
[   42.774276] loop0: detected capacity change from 0 to 2048
[   42.805205] loop0: detected capacity change from 0 to 2048
[   42.860400] loop0: detected capacity change from 0 to 2048
[   42.883084] loop0: detected capacity change from 0 to 2048
[   42.931196] loop0: detected capacity change from 0 to 2048
[   42.956693] loop0: detected capacity change from 0 to 2048
[   42.991929] loop0: detected capacity change from 0 to 2048
[   43.021016] loop0: detected capacity change from 0 to 2048
[   43.066372] loop0: detected capacity change from 0 to 2048
[   43.122812] loop0: detected capacity change from 0 to 2048
[   43.153654] loop0: detected capacity change from 0 to 2048
[   43.203417] loop0: detected capacity change from 0 to 2048
[   43.229431] loop0: detected capacity change from 0 to 2048
[   43.271569] loop0: detected capacity change from 0 to 2048
[   43.302894] loop0: detected capacity change from 0 to 2048
[   43.346313] loop0: detected capacity change from 0 to 2048
[   43.392426] loop0: detected capacity change from 0 to 2048
[   43.436150] loop0: detected capacity change from 0 to 2048
[   43.462104] loop0: detected capacity change from 0 to 2048
[   43.501223] loop0: detected capacity change from 0 to 2048
[   43.534373] loop0: detected capacity change from 0 to 2048
[   43.565041] loop0: detected capacity change from 0 to 2048
[   43.610972] loop0: detected capacity change from 0 to 2048
[   43.648507] loop0: detected capacity change from 0 to 2048
[   43.694324] loop0: detected capacity change from 0 to 2048
[   43.740077] loop0: detected capacity change from 0 to 2048
[   43.778264] loop0: detected capacity change from 0 to 2048
[   43.816414] loop0: detected capacity change from 0 to 2048
[   43.851792] loop0: detected capacity change from 0 to 2048
[   43.890575] loop0: detected capacity change from 0 to 2048
[   43.921613] loop0: detected capacity change from 0 to 2048
[   43.950848] loop0: detected capacity change from 0 to 2048
[   43.987553] loop0: detected capacity change from 0 to 2048
[   44.018933] loop0: detected capacity change from 0 to 2048
[   44.064501] loop0: detected capacity change from 0 to 2048
[   44.100718] loop0: detected capacity change from 0 to 2048
[   44.133988] loop0: detected capacity change from 0 to 2048
[   44.164093] loop0: detected capacity change from 0 to 2048
[   44.197608] loop0: detected capacity change from 0 to 2048
[   44.237876] loop0: detected capacity change from 0 to 2048
[   44.267475] loop0: detected capacity change from 0 to 2048
[   44.304509] loop0: detected capacity change from 0 to 2048
[   44.335005] loop0: detected capacity change from 0 to 2048
[   44.372100] loop0: detected capacity change from 0 to 2048
[   44.401158] loop0: detected capacity change from 0 to 2048
[   44.432339] loop0: detected capacity change from 0 to 2048
[   44.465744] loop0: detected capacity change from 0 to 2048
[   44.500682] loop0: detected capacity change from 0 to 2048
[   44.542504] loop0: detected capacity change from 0 to 2048
[   44.577125] loop0: detected capacity change from 0 to 2048
[   44.600908] loop0: detected capacity change from 0 to 2048
[   44.633801] loop0: detected capacity change from 0 to 2048
[   44.658369] loop0: detected capacity change from 0 to 2048
[   44.700749] loop0: detected capacity change from 0 to 2048
[   44.744268] loop0: detected capacity change from 0 to 2048
[   44.798262] loop0: detected capacity change from 0 to 2048
[   44.837511] loop0: detected capacity change from 0 to 2048
[   44.858684] loop0: detected capacity change from 0 to 2048
[   44.910791] loop0: detected capacity change from 0 to 2048
[   44.955632] loop0: detected capacity change from 0 to 2048
[   44.987852] loop0: detected capacity change from 0 to 2048
[   45.016534] loop0: detected capacity change from 0 to 2048
[   45.048221] loop0: detected capacity change from 0 to 2048
[   45.098500] loop0: detected capacity change from 0 to 2048
[   45.155235] loop0: detected capacity change from 0 to 2048
[   45.198400] loop0: detected capacity change from 0 to 2048
[   45.242917] loop0: detected capacity change from 0 to 2048
[   45.274175] loop0: detected capacity change from 0 to 2048
[   45.306210] loop0: detected capacity change from 0 to 2048
[   45.341636] loop0: detected capacity change from 0 to 2048
[   45.366803] loop0: detected capacity change from 0 to 2048
[   45.405039] loop0: detected capacity change from 0 to 2048
[   45.459725] loop0: detected capacity change from 0 to 2048
[   45.500751] loop0: detected capacity change from 0 to 2048
[   45.530987] loop0: detected capacity change from 0 to 2048
[   45.565119] loop0: detected capacity change from 0 to 2048
[   45.602954] loop0: detected capacity change from 0 to 2048
[   45.647712] loop0: detected capacity change from 0 to 2048
[   45.689595] loop0: detected capacity change from 0 to 2048
[   45.770816] loop0: detected capacity change from 0 to 2048
[   45.809454] loop0: detected capacity change from 0 to 2048
[   45.840633] loop0: detected capacity change from 0 to 2048
[   45.894938] loop0: detected capacity change from 0 to 2048
[   45.931547] loop0: detected capacity change from 0 to 2048
[   45.982313] loop0: detected capacity change from 0 to 2048
[   46.013120] loop0: detected capacity change from 0 to 2048
[   46.041533] loop0: detected capacity change from 0 to 2048
[   46.090726] loop0: detected capacity change from 0 to 2048
[   46.128795] loop0: detected capacity change from 0 to 2048
[   46.159538] loop0: detected capacity change from 0 to 2048
[   46.197325] loop0: detected capacity change from 0 to 2048
[   46.229093] loop0: detected capacity change from 0 to 2048
[   46.268619] loop0: detected capacity change from 0 to 2048
[   46.313692] loop0: detected capacity change from 0 to 2048
[   46.333146] loop0: detected capacity change from 0 to 2048
[   46.364907] loop0: detected capacity change from 0 to 2048
[   46.388588] loop0: detected capacity change from 0 to 2048
[   46.413157] loop0: detected capacity change from 0 to 2048
[   46.438975] loop0: detected capacity change from 0 to 2048
[   46.467965] loop0: detected capacity change from 0 to 2048
[   46.496452] loop0: detected capacity change from 0 to 2048
[   46.525715] loop0: detected capacity change from 0 to 2048
[   46.554061] loop0: detected capacity change from 0 to 2048
[   46.579270] loop0: detected capacity change from 0 to 2048
[   46.616924] loop0: detected capacity change from 0 to 2048
[   46.641731] loop0: detected capacity change from 0 to 2048
[   46.672366] loop0: detected capacity change from 0 to 2048
[   46.721095] loop0: detected capacity change from 0 to 2048
[   46.762568] loop0: detected capacity change from 0 to 2048
[   46.797163] loop0: detected capacity change from 0 to 2048
[   46.842015] loop0: detected capacity change from 0 to 2048
[   46.881226] loop0: detected capacity change from 0 to 2048
[   46.929882] loop0: detected capacity change from 0 to 2048
[   46.967183] loop0: detected capacity change from 0 to 2048
[   47.009820] loop0: detected capacity change from 0 to 2048
[   47.054392] loop0: detected capacity change from 0 to 2048
[   47.087399] loop0: detected capacity change from 0 to 2048
[   47.138295] loop0: detected capacity change from 0 to 2048
[   47.167467] loop0: detected capacity change from 0 to 2048
[   47.204249] loop0: detected capacity change from 0 to 2048
[   47.239986] loop0: detected capacity change from 0 to 2048
[   47.272164] loop0: detected capacity change from 0 to 2048
[   47.306696] loop0: detected capacity change from 0 to 2048
[   47.334343] loop0: detected capacity change from 0 to 2048
[   47.366431] loop0: detected capacity change from 0 to 2048
[   47.409814] loop0: detected capacity change from 0 to 2048
[   47.454163] loop0: detected capacity change from 0 to 2048
[   47.479111] loop0: detected capacity change from 0 to 2048
[   47.504365] loop0: detected capacity change from 0 to 2048
[   47.554653] loop0: detected capacity change from 0 to 2048
[   47.585206] loop0: detected capacity change from 0 to 2048
[   47.629810] loop0: detected capacity change from 0 to 2048
[   47.670867] loop0: detected capacity change from 0 to 2048
[   47.716038] loop0: detected capacity change from 0 to 2048
[   47.766285] loop0: detected capacity change from 0 to 2048
[   47.819975] loop0: detected capacity change from 0 to 2048
[   47.862843] loop0: detected capacity change from 0 to 2048
[   47.892228] loop0: detected capacity change from 0 to 2048
[   47.927605] loop0: detected capacity change from 0 to 2048
[   47.958563] loop0: detected capacity change from 0 to 2048
[   47.991061] loop0: detected capacity change from 0 to 2048
[   48.018624] loop0: detected capacity change from 0 to 2048
[   48.056757] loop0: detected capacity change from 0 to 2048
[   48.087392] loop0: detected capacity change from 0 to 2048
[   48.136018] loop0: detected capacity change from 0 to 2048
[   48.164098] loop0: detected capacity change from 0 to 2048
[   48.199163] loop0: detected capacity change from 0 to 2048
[   48.230323] loop0: detected capacity change from 0 to 2048
[   48.268534] loop0: detected capacity change from 0 to 2048
[   48.311225] loop0: detected capacity change from 0 to 2048
[   48.339783] loop0: detected capacity change from 0 to 2048
[   48.375761] loop0: detected capacity change from 0 to 2048
[   48.406234] loop0: detected capacity change from 0 to 2048
[   48.446977] loop0: detected capacity change from 0 to 2048
[   48.488977] loop0: detected capacity change from 0 to 2048
[   48.526528] loop0: detected capacity change from 0 to 2048
[   48.566787] loop0: detected capacity change from 0 to 2048
[   48.596026] loop0: detected capacity change from 0 to 2048
[   48.632351] loop0: detected capacity change from 0 to 2048
[   48.667129] loop0: detected capacity change from 0 to 2048
[   48.707174] loop0: detected capacity change from 0 to 2048
[   48.753865] loop0: detected capacity change from 0 to 2048
[   48.799184] loop0: detected capacity change from 0 to 2048
[   48.822086] loop0: detected capacity change from 0 to 2048
[   48.858670] loop0: detected capacity change from 0 to 2048
[   48.888899] loop0: detected capacity change from 0 to 2048
[   48.941133] loop0: detected capacity change from 0 to 2048
[   48.969996] loop0: detected capacity change from 0 to 2048
[   48.998626] loop0: detected capacity change from 0 to 2048
[   49.053828] loop0: detected capacity change from 0 to 2048
[   49.097845] loop0: detected capacity change from 0 to 2048
[   49.127186] loop0: detected capacity change from 0 to 2048
[   49.156452] loop0: detected capacity change from 0 to 2048
[   49.190224] loop0: detected capacity change from 0 to 2048
[   49.214716] loop0: detected capacity change from 0 to 2048
[   49.247139] loop0: detected capacity change from 0 to 2048
[   49.272185] loop0: detected capacity change from 0 to 2048
[   49.312902] loop0: detected capacity change from 0 to 2048
[   49.346874] loop0: detected capacity change from 0 to 2048
[   49.381813] loop0: detected capacity change from 0 to 2048
[   49.403469] loop0: detected capacity change from 0 to 2048
[   49.440538] loop0: detected capacity change from 0 to 2048
[   49.474308] loop0: detected capacity change from 0 to 2048
[   49.508583] loop0: detected capacity change from 0 to 2048
[   49.558907] loop0: detected capacity change from 0 to 2048
[   49.590548] loop0: detected capacity change from 0 to 2048
[   49.626750] loop0: detected capacity change from 0 to 2048
[   49.627102] I/O error, dev loop0, sector 0 op 0x0:(READ) flags 0x80700 phys_seg 1 prio class 2
[   49.661247] loop0: detected capacity change from 0 to 2048
[   49.713102] loop0: detected capacity change from 0 to 2048
[   49.762257] loop0: detected capacity change from 0 to 2048
[   49.801368] loop0: detected capacity change from 0 to 2048
[   49.841354] loop0: detected capacity change from 0 to 2048
[   49.881728] loop0: detected capacity change from 0 to 2048
[   49.925345] loop0: detected capacity change from 0 to 2048
[   49.948760] loop0: detected capacity change from 0 to 2048
[   49.975248] loop0: detected capacity change from 0 to 2048
[   50.007561] loop0: detected capacity change from 0 to 2048
[   50.037476] loop0: detected capacity change from 0 to 2048
[   50.068287] loop0: detected capacity change from 0 to 2048
[   50.097384] loop0: detected capacity change from 0 to 2048
[   50.125052] loop0: detected capacity change from 0 to 2048
[   50.163432] loop0: detected capacity change from 0 to 2048
[   50.206345] loop0: detected capacity change from 0 to 2048
[   50.238867] loop0: detected capacity change from 0 to 2048
[   50.274758] loop0: detected capacity change from 0 to 2048
[   50.306032] loop0: detected capacity change from 0 to 2048
[   50.338692] loop0: detected capacity change from 0 to 2048
[   50.376012] loop0: detected capacity change from 0 to 2048
[   50.412039] loop0: detected capacity change from 0 to 2048
[   50.443080] loop0: detected capacity change from 0 to 2048
[   50.485370] loop0: detected capacity change from 0 to 2048
[   50.540346] loop0: detected capacity change from 0 to 2048
[   50.584018] loop0: detected capacity change from 0 to 2048
[   50.622737] loop0: detected capacity change from 0 to 2048
[   50.652235] loop0: detected capacity change from 0 to 2048
[   50.691174] loop0: detected capacity change from 0 to 2048
[   50.736554] loop0: detected capacity change from 0 to 2048
[   50.786479] loop0: detected capacity change from 0 to 2048
[   50.814630] loop0: detected capacity change from 0 to 2048
[   50.851366] loop0: detected capacity change from 0 to 2048
[   50.891462] loop0: detected capacity change from 0 to 2048
[   50.926390] loop0: detected capacity change from 0 to 2048
[   50.965332] loop0: detected capacity change from 0 to 2048
[   51.010768] loop0: detected capacity change from 0 to 2048
[   51.038628] loop0: detected capacity change from 0 to 2048
[   51.081727] loop0: detected capacity change from 0 to 2048
[   51.122448] loop0: detected capacity change from 0 to 2048
[   51.166789] loop0: detected capacity change from 0 to 2048
[   51.199039] loop0: detected capacity change from 0 to 2048
[   51.227992] loop0: detected capacity change from 0 to 2048
[   51.275401] loop0: detected capacity change from 0 to 2048
[   51.310631] loop0: detected capacity change from 0 to 2048
[   51.354334] loop0: detected capacity change from 0 to 2048
[   51.380180] loop0: detected capacity change from 0 to 2048
[   51.437650] loop0: detected capacity change from 0 to 2048
[   51.468875] loop0: detected capacity change from 0 to 2048
[   51.505965] loop0: detected capacity change from 0 to 2048
[   51.535089] loop0: detected capacity change from 0 to 2048
[   51.574164] loop0: detected capacity change from 0 to 2048
[   51.605788] loop0: detected capacity change from 0 to 2048
[   51.637821] loop0: detected capacity change from 0 to 2048
[   51.673011] loop0: detected capacity change from 0 to 2048
[   51.723322] loop0: detected capacity change from 0 to 2048
[   51.764756] loop0: detected capacity change from 0 to 2048
[   51.813853] loop0: detected capacity change from 0 to 2048
[   51.866933] loop0: detected capacity change from 0 to 2048
[   51.891985] loop0: detected capacity change from 0 to 2048
[   51.892379] I/O error, dev loop0, sector 0 op 0x0:(READ) flags 0x80700 phys_seg 1 prio class 2
[   51.931163] loop0: detected capacity change from 0 to 2048
[   51.968582] loop0: detected capacity change from 0 to 2048
[   52.001237] loop0: detected capacity change from 0 to 2048
[   52.052835] loop0: detected capacity change from 0 to 2048
[   52.093660] loop0: detected capacity change from 0 to 2048
[   52.118956] loop0: detected capacity change from 0 to 2048
[   52.149563] loop0: detected capacity change from 0 to 2048
[   52.177346] loop0: detected capacity change from 0 to 2048
[   52.207908] loop0: detected capacity change from 0 to 2048
[   52.249468] loop0: detected capacity change from 0 to 2048
[   52.272912] loop0: detected capacity change from 0 to 2048
[   52.300244] loop0: detected capacity change from 0 to 2048
[   52.334554] loop0: detected capacity change from 0 to 2048
[   52.363070] loop0: detected capacity change from 0 to 2048
[   52.391150] loop0: detected capacity change from 0 to 2048
[   52.421138] loop0: detected capacity change from 0 to 2048
[   52.446976] loop0: detected capacity change from 0 to 2048
[   52.477828] loop0: detected capacity change from 0 to 2048
[   52.508784] loop0: detected capacity change from 0 to 2048
[   52.534196] loop0: detected capacity change from 0 to 2048
[   52.589420] loop0: detected capacity change from 0 to 2048
[   52.625219] loop0: detected capacity change from 0 to 2048
[   52.683010] loop0: detected capacity change from 0 to 2048
[   52.718093] loop0: detected capacity change from 0 to 2048
[   52.741803] loop0: detected capacity change from 0 to 2048
[   52.771295] loop0: detected capacity change from 0 to 2048
[   52.806088] loop0: detected capacity change from 0 to 2048
[   52.832284] loop0: detected capacity change from 0 to 2048
[   52.883603] loop0: detected capacity change from 0 to 2048
[   52.907219] loop0: detected capacity change from 0 to 2048
[   52.937427] loop0: detected capacity change from 0 to 2048
[   52.974229] loop0: detected capacity change from 0 to 2048
[   53.028915] loop0: detected capacity change from 0 to 2048
[   53.056059] loop0: detected capacity change from 0 to 2048
[   53.097500] loop0: detected capacity change from 0 to 2048
[   53.121034] loop0: detected capacity change from 0 to 2048
[   53.158464] loop0: detected capacity change from 0 to 2048
[   53.188454] loop0: detected capacity change from 0 to 2048
[   53.229856] loop0: detected capacity change from 0 to 2048
[   53.253870] loop0: detected capacity change from 0 to 2048
[   53.298009] loop0: detected capacity change from 0 to 2048
[   53.325367] loop0: detected capacity change from 0 to 2048
[   53.370887] loop0: detected capacity change from 0 to 2048
[   53.399987] loop0: detected capacity change from 0 to 2048
[   53.443287] loop0: detected capacity change from 0 to 2048
[   53.488028] loop0: detected capacity change from 0 to 2048
[   53.531048] loop0: detected capacity change from 0 to 2048
[   53.559100] loop0: detected capacity change from 0 to 2048
[   53.590805] loop0: detected capacity change from 0 to 2048
[   53.626907] loop0: detected capacity change from 0 to 2048
[   53.661617] loop0: detected capacity change from 0 to 2048
[   53.716381] loop0: detected capacity change from 0 to 2048
[   53.771532] loop0: detected capacity change from 0 to 2048
[   53.823546] loop0: detected capacity change from 0 to 2048
[   53.867425] loop0: detected capacity change from 0 to 2048
[   53.911075] loop0: detected capacity change from 0 to 2048
[   53.939319] loop0: detected capacity change from 0 to 2048
[   53.979417] loop0: detected capacity change from 0 to 2048
[   54.029030] loop0: detected capacity change from 0 to 2048
[   54.071427] loop0: detected capacity change from 0 to 2048
[   54.096799] loop0: detected capacity change from 0 to 2048
[   54.134871] loop0: detected capacity change from 0 to 2048
[   54.159386] loop0: detected capacity change from 0 to 2048
[   54.203043] loop0: detected capacity change from 0 to 2048
[   54.245364] loop0: detected capacity change from 0 to 2048
[   54.286202] loop0: detected capacity change from 0 to 2048
[   54.324532] loop0: detected capacity change from 0 to 2048
[   54.368298] loop0: detected capacity change from 0 to 2048
[   54.397538] loop0: detected capacity change from 0 to 2048
[   54.452119] loop0: detected capacity change from 0 to 2048
[   54.516591] loop0: detected capacity change from 0 to 2048
[   54.551451] loop0: detected capacity change from 0 to 2048
[   54.600343] loop0: detected capacity change from 0 to 2048
[   54.646976] loop0: detected capacity change from 0 to 2048
[   54.690743] loop0: detected capacity change from 0 to 2048
[   54.746917] loop0: detected capacity change from 0 to 2048
[   54.794913] loop0: detected capacity change from 0 to 2048
[   54.823847] loop0: detected capacity change from 0 to 2048
[   54.877820] loop0: detected capacity change from 0 to 2048
[   54.923634] loop0: detected capacity change from 0 to 2048
[   54.965555] loop0: detected capacity change from 0 to 2048
[   54.986036] loop0: detected capacity change from 0 to 2048
[   55.015115] loop0: detected capacity change from 0 to 2048
[   55.052955] loop0: detected capacity change from 0 to 2048
[   55.085219] loop0: detected capacity change from 0 to 2048
[   55.139387] loop0: detected capacity change from 0 to 2048
[   55.168690] loop0: detected capacity change from 0 to 2048
[   55.197826] loop0: detected capacity change from 0 to 2048
[   55.255574] loop0: detected capacity change from 0 to 2048
[   55.281939] loop0: detected capacity change from 0 to 2048
[   55.315563] loop0: detected capacity change from 0 to 2048
[   55.344630] loop0: detected capacity change from 0 to 2048
[   55.378307] loop0: detected capacity change from 0 to 2048
[   55.425499] loop0: detected capacity change from 0 to 2048
[   55.482226] loop0: detected capacity change from 0 to 2048
[   55.508444] loop0: detected capacity change from 0 to 2048
[   55.545624] loop0: detected capacity change from 0 to 2048
[   55.580397] loop0: detected capacity change from 0 to 2048
[   55.627136] loop0: detected capacity change from 0 to 2048
[   55.670986] loop0: detected capacity change from 0 to 2048
[   55.715682] loop0: detected capacity change from 0 to 2048
[   55.759533] loop0: detected capacity change from 0 to 2048
[   55.790204] loop0: detected capacity change from 0 to 2048
[   55.834972] loop0: detected capacity change from 0 to 2048
[   55.867343] loop0: detected capacity change from 0 to 2048
[   55.919079] loop0: detected capacity change from 0 to 2048
[   55.941626] loop0: detected capacity change from 0 to 2048
[   55.978298] loop0: detected capacity change from 0 to 2048
[   56.009390] loop0: detected capacity change from 0 to 2048
[   56.068743] loop0: detected capacity change from 0 to 2048
[   56.112610] loop0: detected capacity change from 0 to 2048
[   56.140703] loop0: detected capacity change from 0 to 2048
[   56.188131] loop0: detected capacity change from 0 to 2048
[   56.226923] loop0: detected capacity change from 0 to 2048
[   56.272250] loop0: detected capacity change from 0 to 2048
[   56.316289] loop0: detected capacity change from 0 to 2048
[   56.345384] loop0: detected capacity change from 0 to 2048
[   56.375640] loop0: detected capacity change from 0 to 2048
[   56.418480] loop0: detected capacity change from 0 to 2048
[   56.452995] loop0: detected capacity change from 0 to 2048
[   56.487914] loop0: detected capacity change from 0 to 2048
[   56.525216] loop0: detected capacity change from 0 to 2048
[   56.564142] loop0: detected capacity change from 0 to 2048
[   56.609962] loop0: detected capacity change from 0 to 2048
[   56.633023] loop0: detected capacity change from 0 to 2048
[   56.684971] loop0: detected capacity change from 0 to 2048
[   56.724673] loop0: detected capacity change from 0 to 2048
[   56.760257] loop0: detected capacity change from 0 to 2048
[   56.760676] I/O error, dev loop0, sector 0 op 0x0:(READ) flags 0x80700 phys_seg 1 prio class 2
[   56.799892] loop0: detected capacity change from 0 to 2048
[   56.828680] loop0: detected capacity change from 0 to 2048
[   56.878244] loop0: detected capacity change from 0 to 2048
[   56.921923] loop0: detected capacity change from 0 to 2048
[   56.944898] loop0: detected capacity change from 0 to 2048
[   56.994744] loop0: detected capacity change from 0 to 2048
[   57.023505] loop0: detected capacity change from 0 to 2048
[   57.067854] loop0: detected capacity change from 0 to 2048
[   57.101329] loop0: detected capacity change from 0 to 2048
[   57.146864] loop0: detected capacity change from 0 to 2048
[   57.175872] loop0: detected capacity change from 0 to 2048
[   57.206745] loop0: detected capacity change from 0 to 2048
[   57.241031] loop0: detected capacity change from 0 to 2048
[   57.241382] I/O error, dev loop0, sector 0 op 0x0:(READ) flags 0x80700 phys_seg 1 prio class 2
[   57.272938] loop0: detected capacity change from 0 to 2048
[   57.298929] loop0: detected capacity change from 0 to 2048
[   57.339899] loop0: detected capacity change from 0 to 2048
[   57.369501] loop0: detected capacity change from 0 to 2048
[   57.420961] loop0: detected capacity change from 0 to 2048
[   57.448031] loop0: detected capacity change from 0 to 2048
[   57.483292] loop0: detected capacity change from 0 to 2048
[   57.531310] loop0: detected capacity change from 0 to 2048
[   57.572068] loop0: detected capacity change from 0 to 2048
[   57.599023] loop0: detected capacity change from 0 to 2048
[   57.599421] I/O error, dev loop0, sector 0 op 0x0:(READ) flags 0x80700 phys_seg 1 prio class 2
[   57.629639] loop0: detected capacity change from 0 to 2048
[   57.678343] loop0: detected capacity change from 0 to 2048
[   57.734947] loop0: detected capacity change from 0 to 2048
[   57.792614] loop0: detected capacity change from 0 to 2048
[   57.843486] loop0: detected capacity change from 0 to 2048
[   57.883554] loop0: detected capacity change from 0 to 2048
[   57.928903] loop0: detected capacity change from 0 to 2048
[   57.960331] loop0: detected capacity change from 0 to 2048
[   57.998579] loop0: detected capacity change from 0 to 2048
[   58.040284] loop0: detected capacity change from 0 to 2048
[   58.094108] loop0: detected capacity change from 0 to 2048
[   58.134289] loop0: detected capacity change from 0 to 2048
[   58.174354] loop0: detected capacity change from 0 to 2048
[   58.202414] loop0: detected capacity change from 0 to 2048
[   58.234451] loop0: detected capacity change from 0 to 2048
[   58.271602] loop0: detected capacity change from 0 to 2048
[   58.311442] loop0: detected capacity change from 0 to 2048
[   58.350051] loop0: detected capacity change from 0 to 2048
[   58.377186] loop0: detected capacity change from 0 to 2048
[   58.416929] loop0: detected capacity change from 0 to 2048
[   58.445080] loop0: detected capacity change from 0 to 2048
[   58.473710] loop0: detected capacity change from 0 to 2048
[   58.507326] loop0: detected capacity change from 0 to 2048
[   58.537540] loop0: detected capacity change from 0 to 2048
[   58.569560] loop0: detected capacity change from 0 to 2048
[   58.600529] loop0: detected capacity change from 0 to 2048
[   58.600920] I/O error, dev loop0, sector 0 op 0x0:(READ) flags 0x80700 phys_seg 1 prio class 2
[   58.600968] I/O error, dev loop0, sector 0 op 0x0:(READ) flags 0x0 phys_seg 1 prio class 2
[   58.602057] Buffer I/O error on dev loop0, logical block 0, async page read
[   58.636962] loop0: detected capacity change from 0 to 2048
[   58.664507] loop0: detected capacity change from 0 to 2048
[   58.706565] loop0: detected capacity change from 0 to 2048
[   58.752820] loop0: detected capacity change from 0 to 2048
[   58.788236] loop0: detected capacity change from 0 to 2048
[   58.835128] loop0: detected capacity change from 0 to 2048
[   58.865959] loop0: detected capacity change from 0 to 2048
[   58.896788] loop0: detected capacity change from 0 to 2048
[   58.943122] loop0: detected capacity change from 0 to 2048
[   58.986185] loop0: detected capacity change from 0 to 2048
[   59.010537] loop0: detected capacity change from 0 to 2048
[   59.062617] loop0: detected capacity change from 0 to 2048
[   59.111194] loop0: detected capacity change from 0 to 2048
[   59.150489] loop0: detected capacity change from 0 to 2048
[   59.183550] loop0: detected capacity change from 0 to 2048
[   59.229765] loop0: detected capacity change from 0 to 2048
[   59.254490] loop0: detected capacity change from 0 to 2048
[   59.286103] loop0: detected capacity change from 0 to 2048
[   59.317571] loop0: detected capacity change from 0 to 2048
[   59.370320] loop0: detected capacity change from 0 to 2048
[   59.410007] loop0: detected capacity change from 0 to 2048
[   59.435277] loop0: detected capacity change from 0 to 2048
[   59.469708] loop0: detected capacity change from 0 to 2048
[   59.506368] loop0: detected capacity change from 0 to 2048
[   59.555144] loop0: detected capacity change from 0 to 2048
[   59.599960] loop0: detected capacity change from 0 to 2048
[   59.647202] loop0: detected capacity change from 0 to 2048
[   59.696855] loop0: detected capacity change from 0 to 2048
[   59.746535] loop0: detected capacity change from 0 to 2048
[   59.777297] loop0: detected capacity change from 0 to 2048
[   59.826574] loop0: detected capacity change from 0 to 2048
[   59.856288] loop0: detected capacity change from 0 to 2048
[   59.893792] loop0: detected capacity change from 0 to 2048
[   59.930584] loop0: detected capacity change from 0 to 2048
[   59.959258] loop0: detected capacity change from 0 to 2048
[   59.996737] loop0: detected capacity change from 0 to 2048
[   59.997140] I/O error, dev loop0, sector 0 op 0x0:(READ) flags 0x80700 phys_seg 1 prio class 2
[   60.031029] loop0: detected capacity change from 0 to 2048
[   60.059492] loop0: detected capacity change from 0 to 2048
[   60.105589] loop0: detected capacity change from 0 to 2048
[   60.146600] loop0: detected capacity change from 0 to 2048
[   60.181227] loop0: detected capacity change from 0 to 2048
[   60.213999] loop0: detected capacity change from 0 to 2048
[   60.250017] loop0: detected capacity change from 0 to 2048
[   60.281085] loop0: detected capacity change from 0 to 2048
[   60.314907] loop0: detected capacity change from 0 to 2048
[   60.348192] loop0: detected capacity change from 0 to 2048
[   60.381611] loop0: detected capacity change from 0 to 2048
[   60.410066] loop0: detected capacity change from 0 to 2048
[   60.457766] loop0: detected capacity change from 0 to 2048
[   60.505415] loop0: detected capacity change from 0 to 2048
[   60.560849] loop0: detected capacity change from 0 to 2048
[   60.605013] loop0: detected capacity change from 0 to 2048
[   60.658969] loop0: detected capacity change from 0 to 2048
[   60.725294] loop0: detected capacity change from 0 to 2048
[   60.777536] loop0: detected capacity change from 0 to 2048
[   60.841162] loop0: detected capacity change from 0 to 2048
[   60.884189] loop0: detected capacity change from 0 to 2048
[   60.914099] loop0: detected capacity change from 0 to 2048
[   60.947883] loop0: detected capacity change from 0 to 2048
[   60.977279] loop0: detected capacity change from 0 to 2048
[   61.002182] loop0: detected capacity change from 0 to 2048
[   61.058124] loop0: detected capacity change from 0 to 2048
[   61.087146] loop0: detected capacity change from 0 to 2048
[   61.136605] loop0: detected capacity change from 0 to 2048
[   61.178769] loop0: detected capacity change from 0 to 2048
[   61.218907] loop0: detected capacity change from 0 to 2048
[   61.244537] loop0: detected capacity change from 0 to 2048
[   61.280437] loop0: detected capacity change from 0 to 2048
[   61.322386] loop0: detected capacity change from 0 to 2048
[   61.376467] loop0: detected capacity change from 0 to 2048
[   61.419478] loop0: detected capacity change from 0 to 2048
[   61.469075] loop0: detected capacity change from 0 to 2048
[   61.515686] loop0: detected capacity change from 0 to 2048
[   61.544210] loop0: detected capacity change from 0 to 2048
[   61.574278] loop0: detected capacity change from 0 to 2048
[   61.603800] loop0: detected capacity change from 0 to 2048
[   61.641244] loop0: detected capacity change from 0 to 2048
[   61.670336] loop0: detected capacity change from 0 to 2048
[   61.718392] loop0: detected capacity change from 0 to 2048
[   61.770375] loop0: detected capacity change from 0 to 2048
[   61.799952] loop0: detected capacity change from 0 to 2048
[   61.834337] loop0: detected capacity change from 0 to 2048
[   61.876271] loop0: detected capacity change from 0 to 2048
[   61.926795] loop0: detected capacity change from 0 to 2048
[   61.965600] loop0: detected capacity change from 0 to 2048
[   61.991051] loop0: detected capacity change from 0 to 2048
[   62.033587] loop0: detected capacity change from 0 to 2048
[   62.077488] loop0: detected capacity change from 0 to 2048
[   62.104178] loop0: detected capacity change from 0 to 2048
[   62.138047] loop0: detected capacity change from 0 to 2048
[   62.192373] loop0: detected capacity change from 0 to 2048
[   62.237445] loop0: detected capacity change from 0 to 2048
[   62.270446] loop0: detected capacity change from 0 to 2048
[   62.324153] loop0: detected capacity change from 0 to 2048
[   62.364719] loop0: detected capacity change from 0 to 2048
[   62.411269] loop0: detected capacity change from 0 to 2048
[   62.441541] loop0: detected capacity change from 0 to 2048
[   62.482021] loop0: detected capacity change from 0 to 2048
[   62.509713] loop0: detected capacity change from 0 to 2048
[   62.542238] loop0: detected capacity change from 0 to 2048
[   62.583218] loop0: detected capacity change from 0 to 2048
[   62.618946] loop0: detected capacity change from 0 to 2048
[   62.664130] loop0: detected capacity change from 0 to 2048
[   62.707423] loop0: detected capacity change from 0 to 2048
[   62.775074] loop0: detected capacity change from 0 to 2048
[   62.835288] loop0: detected capacity change from 0 to 2048
[   62.871374] loop0: detected capacity change from 0 to 2048
[   62.912142] loop0: detected capacity change from 0 to 2048
[   62.959552] loop0: detected capacity change from 0 to 2048
[   63.005145] loop0: detected capacity change from 0 to 2048
[   63.033179] loop0: detected capacity change from 0 to 2048
[   63.075440] loop0: detected capacity change from 0 to 2048
[   63.105928] loop0: detected capacity change from 0 to 2048
[   63.146264] loop0: detected capacity change from 0 to 2048
[   63.196412] loop0: detected capacity change from 0 to 2048
[   63.239111] loop0: detected capacity change from 0 to 2048
[   63.262982] loop0: detected capacity change from 0 to 2048
[   63.305563] loop0: detected capacity change from 0 to 2048
[   63.354279] loop0: detected capacity change from 0 to 2048
[   63.402253] loop0: detected capacity change from 0 to 2048
[   63.451903] loop0: detected capacity change from 0 to 2048
[   63.493209] loop0: detected capacity change from 0 to 2048
[   63.531208] loop0: detected capacity change from 0 to 2048
[   63.560646] loop0: detected capacity change from 0 to 2048
[   63.588802] loop0: detected capacity change from 0 to 2048
[   63.622954] loop0: detected capacity change from 0 to 2048
[   63.660229] loop0: detected capacity change from 0 to 2048
[   63.722753] loop0: detected capacity change from 0 to 2048
[   63.764874] loop0: detected capacity change from 0 to 2048
[   63.789865] loop0: detected capacity change from 0 to 2048
[   63.827193] loop0: detected capacity change from 0 to 2048
[   63.869688] loop0: detected capacity change from 0 to 2048
[   63.870087] I/O error, dev loop0, sector 0 op 0x0:(READ) flags 0x80700 phys_seg 1 prio class 2
[   63.921409] loop0: detected capacity change from 0 to 2048
[   63.968960] loop0: detected capacity change from 0 to 2048
[   64.013346] loop0: detected capacity change from 0 to 2048
[   64.056608] loop0: detected capacity change from 0 to 2048
[   64.098936] loop0: detected capacity change from 0 to 2048
[   64.129302] loop0: detected capacity change from 0 to 2048
[   64.177423] loop0: detected capacity change from 0 to 2048
[   64.222832] loop0: detected capacity change from 0 to 2048
[   64.265867] loop0: detected capacity change from 0 to 2048
[   64.295667] loop0: detected capacity change from 0 to 2048
[   64.339118] loop0: detected capacity change from 0 to 2048
[   64.382394] loop0: detected capacity change from 0 to 2048
[   64.408606] loop0: detected capacity change from 0 to 2048
[   64.445213] loop0: detected capacity change from 0 to 2048
[   64.490899] loop0: detected capacity change from 0 to 2048
[   64.545556] loop0: detected capacity change from 0 to 2048
[   64.571231] loop0: detected capacity change from 0 to 2048
[   64.615938] loop0: detected capacity change from 0 to 2048
[   64.648334] loop0: detected capacity change from 0 to 2048
[   64.711696] loop0: detected capacity change from 0 to 2048
[   64.755423] loop0: detected capacity change from 0 to 2048
[   64.808493] loop0: detected capacity change from 0 to 2048
[   64.835338] loop0: detected capacity change from 0 to 2048
[   64.871189] loop0: detected capacity change from 0 to 2048
[   64.871646] I/O error, dev loop0, sector 0 op 0x0:(READ) flags 0x80700 phys_seg 1 prio class 2
[   64.871708] I/O error, dev loop0, sector 0 op 0x0:(READ) flags 0x0 phys_seg 1 prio class 2
[   64.871726] Buffer I/O error on dev loop0, logical block 0, async page read
[   64.871763] I/O error, dev loop0, sector 0 op 0x0:(READ) flags 0x0 phys_seg 1 prio class 2
[   64.871780] Buffer I/O error on dev loop0, logical block 0, async page read
[   64.871810] I/O error, dev loop0, sector 0 op 0x0:(READ) flags 0x0 phys_seg 1 prio class 2
[   64.875159] Buffer I/O error on dev loop0, logical block 0, async page read
[   64.914690] loop0: detected capacity change from 0 to 2048
[   64.963686] loop0: detected capacity change from 0 to 2048
[   64.991758] loop0: detected capacity change from 0 to 2048
[   65.027018] loop0: detected capacity change from 0 to 2048
[   65.075146] loop0: detected capacity change from 0 to 2048
[   65.101549] loop0: detected capacity change from 0 to 2048
[   65.145927] loop0: detected capacity change from 0 to 2048
[   65.187866] loop0: detected capacity change from 0 to 2048
[   65.217672] loop0: detected capacity change from 0 to 2048
[   65.249852] loop0: detected capacity change from 0 to 2048
[   65.293774] loop0: detected capacity change from 0 to 2048
[   65.319509] loop0: detected capacity change from 0 to 2048
[   65.364537] loop0: detected capacity change from 0 to 2048
[   65.392458] loop0: detected capacity change from 0 to 2048
[   65.431676] loop0: detected capacity change from 0 to 2048
[   65.490822] loop0: detected capacity change from 0 to 2048
[   65.520318] loop0: detected capacity change from 0 to 2048
[   65.552453] loop0: detected capacity change from 0 to 2048
[   65.599759] loop0: detected capacity change from 0 to 2048
[   65.625348] loop0: detected capacity change from 0 to 2048
[   65.659985] loop0: detected capacity change from 0 to 2048
[   65.702264] loop0: detected capacity change from 0 to 2048
[   65.762496] loop0: detected capacity change from 0 to 2048
[   65.811856] loop0: detected capacity change from 0 to 2048
[   65.841297] loop0: detected capacity change from 0 to 2048
[   65.877773] loop0: detected capacity change from 0 to 2048
[   65.923323] loop0: detected capacity change from 0 to 2048
[   65.966264] loop0: detected capacity change from 0 to 2048
[   66.001951] loop0: detected capacity change from 0 to 2048
[   66.029830] loop0: detected capacity change from 0 to 2048
[   66.067542] loop0: detected capacity change from 0 to 2048
[   66.107159] loop0: detected capacity change from 0 to 2048
[   66.156997] loop0: detected capacity change from 0 to 2048
[   66.206191] loop0: detected capacity change from 0 to 2048
[   66.243254] loop0: detected capacity change from 0 to 2048
[   66.276852] loop0: detected capacity change from 0 to 2048
[   66.327328] loop0: detected capacity change from 0 to 2048
[   66.369599] loop0: detected capacity change from 0 to 2048
[   66.403992] loop0: detected capacity change from 0 to 2048
[   66.450246] loop0: detected capacity change from 0 to 2048
[   66.495437] loop0: detected capacity change from 0 to 2048
[   66.535327] loop0: detected capacity change from 0 to 2048
[   66.562289] loop0: detected capacity change from 0 to 2048
[   66.616405] loop0: detected capacity change from 0 to 2048
[   66.644405] loop0: detected capacity change from 0 to 2048
[   66.678744] loop0: detected capacity change from 0 to 2048
[   66.712620] EXT4-fs unmount: 1496 callbacks suppressed
[   66.712632] EXT4-fs (loop0): unmounting filesystem 00000000-0000-0000-0000-000000000000.
[   66.737166] loop0: detected capacity change from 0 to 2048
[   66.741572] EXT4-fs (loop0): mounted filesystem 00000000-0000-0000-0000-000000000000 r/w without journal. Quota mode: none.
[   66.758373] EXT4-fs (loop0): unmounting filesystem 00000000-0000-0000-0000-000000000000.
[   66.783920] loop0: detected capacity change from 0 to 2048
[   66.792515] EXT4-fs (loop0): mounted filesystem 00000000-0000-0000-0000-000000000000 r/w without journal. Quota mode: none.
[   66.801749] EXT4-fs (loop0): unmounting filesystem 00000000-0000-0000-0000-000000000000.
[   66.822115] loop0: detected capacity change from 0 to 2048
[   66.829007] EXT4-fs (loop0): mounted filesystem 00000000-0000-0000-0000-000000000000 r/w without journal. Quota mode: none.
[   66.838668] EXT4-fs (loop0): unmounting filesystem 00000000-0000-0000-0000-000000000000.
[   66.875159] loop0: detected capacity change from 0 to 2048
[   66.881415] EXT4-fs (loop0): mounted filesystem 00000000-0000-0000-0000-000000000000 r/w without journal. Quota mode: none.
[   66.888441] EXT4-fs (loop0): unmounting filesystem 00000000-0000-0000-0000-000000000000.
[   66.914695] loop0: detected capacity change from 0 to 2048
[   66.921023] EXT4-fs (loop0): mounted filesystem 00000000-0000-0000-0000-000000000000 r/w without journal. Quota mode: none.
[   66.927340] EXT4-fs (loop0): unmounting filesystem 00000000-0000-0000-0000-000000000000.
[   66.947294] loop0: detected capacity change from 0 to 2048
[   66.957401] EXT4-fs (loop0): mounted filesystem 00000000-0000-0000-0000-000000000000 r/w without journal. Quota mode: none.
[   66.965675] EXT4-fs (loop0): unmounting filesystem 00000000-0000-0000-0000-000000000000.
[   66.991779] loop0: detected capacity change from 0 to 2048
[   66.998392] EXT4-fs (loop0): mounted filesystem 00000000-0000-0000-0000-000000000000 r/w without journal. Quota mode: none.
[   67.003886] EXT4-fs (loop0): unmounting filesystem 00000000-0000-0000-0000-000000000000.
[   67.036472] loop0: detected capacity change from 0 to 2048
[   67.041002] EXT4-fs (loop0): mounted filesystem 00000000-0000-0000-0000-000000000000 r/w without journal. Quota mode: none.
[   67.046785] EXT4-fs (loop0): unmounting filesystem 00000000-0000-0000-0000-000000000000.
[   67.068302] loop0: detected capacity change from 0 to 2048
[   67.081078] EXT4-fs (loop0): mounted filesystem 00000000-0000-0000-0000-000000000000 r/w without journal. Quota mode: none.
[   67.087939] EXT4-fs (loop0): unmounting filesystem 00000000-0000-0000-0000-000000000000.
[   67.119165] loop0: detected capacity change from 0 to 2048
[   67.125088] EXT4-fs (loop0): mounted filesystem 00000000-0000-0000-0000-000000000000 r/w without journal. Quota mode: none.
[   67.132771] EXT4-fs (loop0): unmounting filesystem 00000000-0000-0000-0000-000000000000.
[   67.155358] loop0: detected capacity change from 0 to 2048
[   67.167314] EXT4-fs (loop0): mounted filesystem 00000000-0000-0000-0000-000000000000 r/w without journal. Quota mode: none.
[   67.177212] EXT4-fs (loop0): unmounting filesystem 00000000-0000-0000-0000-000000000000.
[   67.201526] loop0: detected capacity change from 0 to 2048
[   67.209261] EXT4-fs (loop0): mounted filesystem 00000000-0000-0000-0000-000000000000 r/w without journal. Quota mode: none.
[   67.218263] EXT4-fs (loop0): unmounting filesystem 00000000-0000-0000-0000-000000000000.
[   67.238423] loop0: detected capacity change from 0 to 2048
[   67.249024] EXT4-fs (loop0): mounted filesystem 00000000-0000-0000-0000-000000000000 r/w without journal. Quota mode: none.
[   67.260667] EXT4-fs (loop0): unmounting filesystem 00000000-0000-0000-0000-000000000000.
[   67.296414] loop0: detected capacity change from 0 to 2048
[   67.301449] EXT4-fs (loop0): mounted filesystem 00000000-0000-0000-0000-000000000000 r/w without journal. Quota mode: none.
[   67.307114] EXT4-fs (loop0): unmounting filesystem 00000000-0000-0000-0000-000000000000.
[   67.325890] loop0: detected capacity change from 0 to 2048
[   67.335897] EXT4-fs (loop0): mounted filesystem 00000000-0000-0000-0000-000000000000 r/w without journal. Quota mode: none.
[   67.345936] EXT4-fs (loop0): unmounting filesystem 00000000-0000-0000-0000-000000000000.
[   67.374423] loop0: detected capacity change from 0 to 2048
[   67.393109] EXT4-fs (loop0): mounted filesystem 00000000-0000-0000-0000-000000000000 r/w without journal. Quota mode: none.
[   67.401217] EXT4-fs (loop0): unmounting filesystem 00000000-0000-0000-0000-000000000000.
[   67.426424] loop0: detected capacity change from 0 to 2048
[   67.433117] EXT4-fs (loop0): mounted filesystem 00000000-0000-0000-0000-000000000000 r/w without journal. Quota mode: none.
[   67.442096] EXT4-fs (loop0): unmounting filesystem 00000000-0000-0000-0000-000000000000.
[   67.479897] loop0: detected capacity change from 0 to 2048
[   67.485044] EXT4-fs (loop0): mounted filesystem 00000000-0000-0000-0000-000000000000 r/w without journal. Quota mode: none.
[   67.489893] EXT4-fs (loop0): unmounting filesystem 00000000-0000-0000-0000-000000000000.
[   67.503055] loop0: detected capacity change from 0 to 2048
[   67.509659] EXT4-fs (loop0): mounted filesystem 00000000-0000-0000-0000-000000000000 r/w without journal. Quota mode: none.
[   67.519578] EXT4-fs (loop0): unmounting filesystem 00000000-0000-0000-0000-000000000000.
[   67.539194] loop0: detected capacity change from 0 to 2048
[   67.545193] EXT4-fs (loop0): mounted filesystem 00000000-0000-0000-0000-000000000000 r/w without journal. Quota mode: none.
[   67.553949] EXT4-fs (loop0): unmounting filesystem 00000000-0000-0000-0000-000000000000.
[   67.577790] loop0: detected capacity change from 0 to 2048
[   67.581362] EXT4-fs (loop0): mounted filesystem 00000000-0000-0000-0000-000000000000 r/w without journal. Quota mode: none.
[   67.590371] EXT4-fs (loop0): unmounting filesystem 00000000-0000-0000-0000-000000000000.
[   67.627301] loop0: detected capacity change from 0 to 2048
[   67.633049] EXT4-fs (loop0): mounted filesystem 00000000-0000-0000-0000-000000000000 r/w without journal. Quota mode: none.
[   67.638481] EXT4-fs (loop0): unmounting filesystem 00000000-0000-0000-0000-000000000000.
[   67.651538] loop0: detected capacity change from 0 to 2048
[   67.665315] EXT4-fs (loop0): mounted filesystem 00000000-0000-0000-0000-000000000000 r/w without journal. Quota mode: none.
[   67.673206] EXT4-fs (loop0): unmounting filesystem 00000000-0000-0000-0000-000000000000.
[   67.696475] loop0: detected capacity change from 0 to 2048
[   67.705083] EXT4-fs (loop0): mounted filesystem 00000000-0000-0000-0000-000000000000 r/w without journal. Quota mode: none.
[   67.719103] EXT4-fs (loop0): unmounting filesystem 00000000-0000-0000-0000-000000000000.
[   67.738330] loop0: detected capacity change from 0 to 2048
[   67.750808] EXT4-fs (loop0): mounted filesystem 00000000-0000-0000-0000-000000000000 r/w without journal. Quota mode: none.
[   67.764894] EXT4-fs (loop0): unmounting filesystem 00000000-0000-0000-0000-000000000000.
[   67.782864] loop0: detected capacity change from 0 to 2048
[   67.800040] EXT4-fs (loop0): mounted filesystem 00000000-0000-0000-0000-000000000000 r/w without journal. Quota mode: none.
[   67.806112] EXT4-fs (loop0): unmounting filesystem 00000000-0000-0000-0000-000000000000.
[   67.829511] loop0: detected capacity change from 0 to 2048
[   67.833128] EXT4-fs (loop0): mounted filesystem 00000000-0000-0000-0000-000000000000 r/w without journal. Quota mode: none.
[   67.840088] EXT4-fs (loop0): unmounting filesystem 00000000-0000-0000-0000-000000000000.
[   67.860916] loop0: detected capacity change from 0 to 2048
[   67.873010] EXT4-fs (loop0): mounted filesystem 00000000-0000-0000-0000-000000000000 r/w without journal. Quota mode: none.
[   67.879063] EXT4-fs (loop0): unmounting filesystem 00000000-0000-0000-0000-000000000000.
[   67.899479] loop0: detected capacity change from 0 to 2048
[   67.910551] EXT4-fs (loop0): mounted filesystem 00000000-0000-0000-0000-000000000000 r/w without journal. Quota mode: none.
[   67.920187] EXT4-fs (loop0): unmounting filesystem 00000000-0000-0000-0000-000000000000.
[   67.940890] loop0: detected capacity change from 0 to 2048
[   67.952532] EXT4-fs (loop0): mounted filesystem 00000000-0000-0000-0000-000000000000 r/w without journal. Quota mode: none.
[   67.965432] EXT4-fs (loop0): unmounting filesystem 00000000-0000-0000-0000-000000000000.
[   67.985518] loop0: detected capacity change from 0 to 2048
[   67.985879] I/O error, dev loop0, sector 0 op 0x0:(READ) flags 0x80700 phys_seg 1 prio class 2
[   67.995969] EXT4-fs (loop0): mounted filesystem 00000000-0000-0000-0000-000000000000 r/w without journal. Quota mode: none.
[   68.001721] EXT4-fs (loop0): unmounting filesystem 00000000-0000-0000-0000-000000000000.
[   68.033731] loop0: detected capacity change from 0 to 2048
[   68.048216] EXT4-fs (loop0): mounted filesystem 00000000-0000-0000-0000-000000000000 r/w without journal. Quota mode: none.
[   68.068991] loop0: detected capacity change from 0 to 2048
[   68.122591] loop0: detected capacity change from 0 to 2048
[   68.147764] loop0: detected capacity change from 0 to 2048
[   68.182504] loop0: detected capacity change from 0 to 2048
[   68.226594] loop0: detected capacity change from 0 to 2048
[   68.263349] loop0: detected capacity change from 0 to 2048
[   68.299486] loop0: detected capacity change from 0 to 2048
[   68.332593] loop0: detected capacity change from 0 to 2048
[   68.370121] loop0: detected capacity change from 0 to 2048
[   68.370584] I/O error, dev loop0, sector 0 op 0x0:(READ) flags 0x80700 phys_seg 1 prio class 2
[   68.406529] loop0: detected capacity change from 0 to 2048
[   68.446292] loop0: detected capacity change from 0 to 2048
[   68.484475] loop0: detected capacity change from 0 to 2048
[   68.516308] loop0: detected capacity change from 0 to 2048
[   68.556664] loop0: detected capacity change from 0 to 2048
[   68.598107] loop0: detected capacity change from 0 to 2048
[   68.631472] loop0: detected capacity change from 0 to 2048
[   68.672243] loop0: detected capacity change from 0 to 2048
[   68.705864] loop0: detected capacity change from 0 to 2048
[   68.752126] loop0: detected capacity change from 0 to 2048
[   68.824673] loop0: detected capacity change from 0 to 2048
[   68.856884] loop0: detected capacity change from 0 to 2048
[   68.878793] loop0: detected capacity change from 0 to 2048
[   68.931229] loop0: detected capacity change from 0 to 2048
[   68.975489] loop0: detected capacity change from 0 to 2048
[   69.011221] loop0: detected capacity change from 0 to 2048
[   69.046156] loop0: detected capacity change from 0 to 2048
[   69.088368] loop0: detected capacity change from 0 to 2048
[   69.120523] loop0: detected capacity change from 0 to 2048
[   69.154858] loop0: detected capacity change from 0 to 2048
[   69.200057] loop0: detected capacity change from 0 to 2048
[   69.243088] loop0: detected capacity change from 0 to 2048
[   69.287916] loop0: detected capacity change from 0 to 2048
[   69.313380] loop0: detected capacity change from 0 to 2048
[   69.351097] loop0: detected capacity change from 0 to 2048
[   69.382954] loop0: detected capacity change from 0 to 2048
[   69.414852] loop0: detected capacity change from 0 to 2048
[   69.464151] loop0: detected capacity change from 0 to 2048
[   69.509841] loop0: detected capacity change from 0 to 2048
[   69.539893] loop0: detected capacity change from 0 to 2048
[   69.582139] loop0: detected capacity change from 0 to 2048
[   69.631909] loop0: detected capacity change from 0 to 2048
[   69.676432] loop0: detected capacity change from 0 to 2048
[   69.712508] loop0: detected capacity change from 0 to 2048
[   69.770451] loop0: detected capacity change from 0 to 2048
[   69.809029] loop0: detected capacity change from 0 to 2048
[   69.838920] loop0: detected capacity change from 0 to 2048
[   69.875887] loop0: detected capacity change from 0 to 2048
[   69.911220] loop0: detected capacity change from 0 to 2048
[   69.947561] loop0: detected capacity change from 0 to 2048
[   69.983192] loop0: detected capacity change from 0 to 2048
[   70.015414] loop0: detected capacity change from 0 to 2048
[   70.059434] loop0: detected capacity change from 0 to 2048
[   70.107442] loop0: detected capacity change from 0 to 2048
[   70.151507] loop0: detected capacity change from 0 to 2048
[   70.180737] loop0: detected capacity change from 0 to 2048
[   70.228227] loop0: detected capacity change from 0 to 2048
[   70.253443] loop0: detected capacity change from 0 to 2048
[   70.311746] loop0: detected capacity change from 0 to 2048
[   70.352267] loop0: detected capacity change from 0 to 2048
[   70.383982] loop0: detected capacity change from 0 to 2048
[   70.409089] loop0: detected capacity change from 0 to 2048
[   70.446028] loop0: detected capacity change from 0 to 2048
[   70.478943] loop0: detected capacity change from 0 to 2048
[   70.523699] loop0: detected capacity change from 0 to 2048
[   70.561704] loop0: detected capacity change from 0 to 2048
[   70.606686] loop0: detected capacity change from 0 to 2048
