c[?7l[2J[0mSeaBIOS (version rel-1.16.0-0-gd239552ce722-prebuilt.qemu.org)


iPXE (http://ipxe.org) 00:03.0 CA00 PCI2.10 PnP PMM+7FF91000+7FEF1000 CA00
Press Ctrl-B to configure iPXE (PCI 00:03.0)...                                                                               


Booting from ROM...
c[?7l[2J[    0.000000] Linux version 6.4.0-6995e2de6891 (root@p-rpls01) (gcc (GCC) 8.5.0 20210514 (Red Hat 8.5.0-19), GNU ld version 2.36.1-2.el8) #1 SMP PREEMPT_DYNAMIC Tue Jun 27 20:41:26 CST 2023
[    0.000000] Command line: console=ttyS0 root=/dev/sda earlyprintk=serial net.ifnames=0 quiet plymouth.enable=0
[    0.000000] KERNEL supported cpus:
[    0.000000]   Intel GenuineIntel
[    0.000000]   AMD AuthenticAMD
[    0.000000]   Hygon HygonGenuine
[    0.000000]   Centaur CentaurHauls
[    0.000000]   zhaoxin   Shanghai  
[    0.000000] x86/fpu: Supporting XSAVE feature 0x001: 'x87 floating point registers'
[    0.000000] x86/fpu: Supporting XSAVE feature 0x002: 'SSE registers'
[    0.000000] x86/fpu: Supporting XSAVE feature 0x004: 'AVX registers'
[    0.000000] x86/fpu: Supporting XSAVE feature 0x200: 'Protection Keys User registers'
[    0.000000] x86/fpu: xstate_offset[2]:  576, xstate_sizes[2]:  256
[    0.000000] x86/fpu: xstate_offset[9]:  832, xstate_sizes[9]:    8
[    0.000000] x86/fpu: Enabled xstate features 0x207, context size is 840 bytes, using 'compacted' format.
[    0.000000] signal: max sigframe size: 3632
[    0.000000] BIOS-provided physical RAM map:
[    0.000000] BIOS-e820: [mem 0x0000000000000000-0x000000000009fbff] usable
[    0.000000] BIOS-e820: [mem 0x000000000009fc00-0x000000000009ffff] reserved
[    0.000000] BIOS-e820: [mem 0x00000000000f0000-0x00000000000fffff] reserved
[    0.000000] BIOS-e820: [mem 0x0000000000100000-0x000000007ffdffff] usable
[    0.000000] BIOS-e820: [mem 0x000000007ffe0000-0x000000007fffffff] reserved
[    0.000000] BIOS-e820: [mem 0x00000000feffc000-0x00000000feffffff] reserved
[    0.000000] BIOS-e820: [mem 0x00000000fffc0000-0x00000000ffffffff] reserved
[    0.000000] printk: bootconsole [earlyser0] enabled
[    0.214424] Spectre V2 : WARNING: Unprivileged eBPF is enabled with eIBRS on, data leaks possible via Spectre v2 BHB attacks!
[    6.113814] systemd[1]: Failed to start Load Kernel Modules.
[[0;1;31mFAILED[0m] Failed to start [0;1;39mLoad Kernel Modules[0m.

CentOS Stream 9
Kernel 6.4.0-6995e2de6891 on an x86_64

Activate the web console with: systemctl enable --now cockpit.socket

test login: [   19.410601] loop0: detected capacity change from 0 to 2048
[   19.417183] EXT4-fs (loop0): mounted filesystem 00000000-0000-0000-0000-000000000000 r/w without journal. Quota mode: none.
[   19.433218] EXT4-fs (loop0): unmounting filesystem 00000000-0000-0000-0000-000000000000.
[   19.448845] loop0: detected capacity change from 0 to 2048
[   19.453045] EXT4-fs (loop0): mounted filesystem 00000000-0000-0000-0000-000000000000 r/w without journal. Quota mode: none.
[   19.467947] EXT4-fs (loop0): unmounting filesystem 00000000-0000-0000-0000-000000000000.
[   19.480386] loop0: detected capacity change from 0 to 2048
[   19.487954] EXT4-fs (loop0): mounted filesystem 00000000-0000-0000-0000-000000000000 r/w without journal. Quota mode: none.
[   19.498747] EXT4-fs (loop0): unmounting filesystem 00000000-0000-0000-0000-000000000000.
[   19.512312] loop0: detected capacity change from 0 to 2048
[   19.525672] EXT4-fs (loop0): mounted filesystem 00000000-0000-0000-0000-000000000000 r/w without journal. Quota mode: none.
[   19.531977] EXT4-fs (loop0): unmounting filesystem 00000000-0000-0000-0000-000000000000.
[   19.551521] loop0: detected capacity change from 0 to 2048
[   19.556293] EXT4-fs (loop0): mounted filesystem 00000000-0000-0000-0000-000000000000 r/w without journal. Quota mode: none.
[   19.562493] EXT4-fs (loop0): unmounting filesystem 00000000-0000-0000-0000-000000000000.
[   19.578898] loop0: detected capacity change from 0 to 2048
[   19.584407] EXT4-fs (loop0): mounted filesystem 00000000-0000-0000-0000-000000000000 r/w without journal. Quota mode: none.
[   19.590049] EXT4-fs (loop0): unmounting filesystem 00000000-0000-0000-0000-000000000000.
[   19.606402] loop0: detected capacity change from 0 to 2048
[   19.612248] EXT4-fs (loop0): mounted filesystem 00000000-0000-0000-0000-000000000000 r/w without journal. Quota mode: none.
[   19.617426] EXT4-fs (loop0): unmounting filesystem 00000000-0000-0000-0000-000000000000.
[   19.632868] loop0: detected capacity change from 0 to 2048
[   19.640386] EXT4-fs (loop0): mounted filesystem 00000000-0000-0000-0000-000000000000 r/w without journal. Quota mode: none.
[   19.647034] EXT4-fs (loop0): unmounting filesystem 00000000-0000-0000-0000-000000000000.
[   19.662239] loop0: detected capacity change from 0 to 2048
[   19.669330] EXT4-fs (loop0): mounted filesystem 00000000-0000-0000-0000-000000000000 r/w without journal. Quota mode: none.
[   19.695889] EXT4-fs (loop0): unmounting filesystem 00000000-0000-0000-0000-000000000000.
[   19.710470] loop0: detected capacity change from 0 to 2048
[   19.715894] EXT4-fs (loop0): mounted filesystem 00000000-0000-0000-0000-000000000000 r/w without journal. Quota mode: none.
[   19.720857] EXT4-fs (loop0): unmounting filesystem 00000000-0000-0000-0000-000000000000.
[   19.734434] loop0: detected capacity change from 0 to 2048
[   19.741268] EXT4-fs (loop0): mounted filesystem 00000000-0000-0000-0000-000000000000 r/w without journal. Quota mode: none.
[   19.749142] EXT4-fs (loop0): unmounting filesystem 00000000-0000-0000-0000-000000000000.
[   19.766667] loop0: detected capacity change from 0 to 2048
[   19.776270] EXT4-fs (loop0): mounted filesystem 00000000-0000-0000-0000-000000000000 r/w without journal. Quota mode: none.
[   19.781510] EXT4-fs (loop0): unmounting filesystem 00000000-0000-0000-0000-000000000000.
[   19.795105] loop0: detected capacity change from 0 to 2048
[   19.807234] EXT4-fs (loop0): mounted filesystem 00000000-0000-0000-0000-000000000000 r/w without journal. Quota mode: none.
[   19.816307] EXT4-fs (loop0): unmounting filesystem 00000000-0000-0000-0000-000000000000.
[   19.831441] loop0: detected capacity change from 0 to 2048
[   19.836064] EXT4-fs (loop0): mounted filesystem 00000000-0000-0000-0000-000000000000 r/w without journal. Quota mode: none.
[   19.844953] EXT4-fs (loop0): unmounting filesystem 00000000-0000-0000-0000-000000000000.
[   19.862557] loop0: detected capacity change from 0 to 2048
[   19.872453] EXT4-fs (loop0): mounted filesystem 00000000-0000-0000-0000-000000000000 r/w without journal. Quota mode: none.
[   19.877279] EXT4-fs (loop0): unmounting filesystem 00000000-0000-0000-0000-000000000000.
[   19.891470] loop0: detected capacity change from 0 to 2048
[   19.896403] EXT4-fs (loop0): mounted filesystem 00000000-0000-0000-0000-000000000000 r/w without journal. Quota mode: none.
[   19.906192] EXT4-fs (loop0): unmounting filesystem 00000000-0000-0000-0000-000000000000.
[   19.928632] loop0: detected capacity change from 0 to 2048
[   19.936208] EXT4-fs (loop0): mounted filesystem 00000000-0000-0000-0000-000000000000 r/w without journal. Quota mode: none.
[   19.941910] EXT4-fs (loop0): unmounting filesystem 00000000-0000-0000-0000-000000000000.
[   19.961731] loop0: detected capacity change from 0 to 2048
[   19.968427] EXT4-fs (loop0): mounted filesystem 00000000-0000-0000-0000-000000000000 r/w without journal. Quota mode: none.
[   19.973704] EXT4-fs (loop0): unmounting filesystem 00000000-0000-0000-0000-000000000000.
[   19.986725] loop0: detected capacity change from 0 to 2048
[   19.992504] EXT4-fs (loop0): mounted filesystem 00000000-0000-0000-0000-000000000000 r/w without journal. Quota mode: none.
[   20.002498] EXT4-fs (loop0): unmounting filesystem 00000000-0000-0000-0000-000000000000.
[   20.018205] loop0: detected capacity change from 0 to 2048
[   20.030306] EXT4-fs (loop0): mounted filesystem 00000000-0000-0000-0000-000000000000 r/w without journal. Quota mode: none.
[   20.035676] EXT4-fs (loop0): unmounting filesystem 00000000-0000-0000-0000-000000000000.
[   20.053220] loop0: detected capacity change from 0 to 2048
[   20.060546] EXT4-fs (loop0): mounted filesystem 00000000-0000-0000-0000-000000000000 r/w without journal. Quota mode: none.
[   20.067332] EXT4-fs (loop0): unmounting filesystem 00000000-0000-0000-0000-000000000000.
[   20.082770] loop0: detected capacity change from 0 to 2048
[   20.092433] EXT4-fs (loop0): mounted filesystem 00000000-0000-0000-0000-000000000000 r/w without journal. Quota mode: none.
[   20.097485] EXT4-fs (loop0): unmounting filesystem 00000000-0000-0000-0000-000000000000.
[   20.113767] loop0: detected capacity change from 0 to 2048
[   20.122348] EXT4-fs (loop0): mounted filesystem 00000000-0000-0000-0000-000000000000 r/w without journal. Quota mode: none.
[   20.127453] EXT4-fs (loop0): unmounting filesystem 00000000-0000-0000-0000-000000000000.
[   20.140705] loop0: detected capacity change from 0 to 2048
[   20.141105] I/O error, dev loop0, sector 0 op 0x0:(READ) flags 0x80700 phys_seg 1 prio class 2
[   20.156598] EXT4-fs (loop0): mounted filesystem 00000000-0000-0000-0000-000000000000 r/w without journal. Quota mode: none.
[   20.161256] EXT4-fs (loop0): unmounting filesystem 00000000-0000-0000-0000-000000000000.
[   20.178311] loop0: detected capacity change from 0 to 2048
[   20.188433] EXT4-fs (loop0): mounted filesystem 00000000-0000-0000-0000-000000000000 r/w without journal. Quota mode: none.
[   20.199678] EXT4-fs (loop0): unmounting filesystem 00000000-0000-0000-0000-000000000000.
[   20.214704] loop0: detected capacity change from 0 to 2048
[   20.223992] EXT4-fs (loop0): mounted filesystem 00000000-0000-0000-0000-000000000000 r/w without journal. Quota mode: none.
[   20.229176] EXT4-fs (loop0): unmounting filesystem 00000000-0000-0000-0000-000000000000.
[   20.242239] loop0: detected capacity change from 0 to 2048
[   20.248008] EXT4-fs (loop0): mounted filesystem 00000000-0000-0000-0000-000000000000 r/w without journal. Quota mode: none.
[   20.256701] EXT4-fs (loop0): unmounting filesystem 00000000-0000-0000-0000-000000000000.
[   20.276062] loop0: detected capacity change from 0 to 2048
[   20.276613] I/O error, dev loop0, sector 0 op 0x0:(READ) flags 0x80700 phys_seg 1 prio class 2
[   20.280261] EXT4-fs (loop0): mounted filesystem 00000000-0000-0000-0000-000000000000 r/w without journal. Quota mode: none.
[   20.290488] EXT4-fs (loop0): unmounting filesystem 00000000-0000-0000-0000-000000000000.
[   20.306418] loop0: detected capacity change from 0 to 2048
[   20.312244] EXT4-fs (loop0): mounted filesystem 00000000-0000-0000-0000-000000000000 r/w without journal. Quota mode: none.
[   20.317530] EXT4-fs (loop0): unmounting filesystem 00000000-0000-0000-0000-000000000000.
[   20.330669] loop0: detected capacity change from 0 to 2048
[   20.336234] EXT4-fs (loop0): mounted filesystem 00000000-0000-0000-0000-000000000000 r/w without journal. Quota mode: none.
[   20.342478] EXT4-fs (loop0): unmounting filesystem 00000000-0000-0000-0000-000000000000.
[   20.358451] loop0: detected capacity change from 0 to 2048
[   20.364352] EXT4-fs (loop0): mounted filesystem 00000000-0000-0000-0000-000000000000 r/w without journal. Quota mode: none.
[   20.369694] EXT4-fs (loop0): unmounting filesystem 00000000-0000-0000-0000-000000000000.
[   20.385333] loop0: detected capacity change from 0 to 2048
[   20.396507] EXT4-fs (loop0): mounted filesystem 00000000-0000-0000-0000-000000000000 r/w without journal. Quota mode: none.
[   20.413397] loop0: detected capacity change from 0 to 2048
[   20.456583] loop0: detected capacity change from 0 to 2048
[   20.492095] loop0: detected capacity change from 0 to 2048
[   20.523283] loop0: detected capacity change from 0 to 2048
[   20.553995] loop0: detected capacity change from 0 to 2048
[   20.576559] loop0: detected capacity change from 0 to 2048
[   20.612103] loop0: detected capacity change from 0 to 2048
[   20.632066] loop0: detected capacity change from 0 to 2048
[   20.665027] loop0: detected capacity change from 0 to 2048
[   20.694429] loop0: detected capacity change from 0 to 2048
[   20.717359] loop0: detected capacity change from 0 to 2048
[   20.753208] loop0: detected capacity change from 0 to 2048
[   20.790080] loop0: detected capacity change from 0 to 2048
[   20.817259] loop0: detected capacity change from 0 to 2048
[   20.849296] loop0: detected capacity change from 0 to 2048
[   20.874573] loop0: detected capacity change from 0 to 2048
[   20.904295] loop0: detected capacity change from 0 to 2048
[   20.927481] loop0: detected capacity change from 0 to 2048
[   20.951689] loop0: detected capacity change from 0 to 2048
[   20.978905] loop0: detected capacity change from 0 to 2048
[   21.008306] loop0: detected capacity change from 0 to 2048
[   21.032775] loop0: detected capacity change from 0 to 2048
[   21.065111] loop0: detected capacity change from 0 to 2048
[   21.089502] loop0: detected capacity change from 0 to 2048
[   21.120485] loop0: detected capacity change from 0 to 2048
[   21.143816] loop0: detected capacity change from 0 to 2048
[   21.175409] loop0: detected capacity change from 0 to 2048
[   21.199452] loop0: detected capacity change from 0 to 2048
[   21.227482] loop0: detected capacity change from 0 to 2048
[   21.250704] loop0: detected capacity change from 0 to 2048
[   21.278159] loop0: detected capacity change from 0 to 2048
[   21.307105] loop0: detected capacity change from 0 to 2048
[   21.332337] loop0: detected capacity change from 0 to 2048
[   21.353493] loop0: detected capacity change from 0 to 2048
[   21.353889] I/O error, dev loop0, sector 0 op 0x0:(READ) flags 0x80700 phys_seg 1 prio class 2
[   21.381124] loop0: detected capacity change from 0 to 2048
[   21.402209] loop0: detected capacity change from 0 to 2048
[   21.436746] loop0: detected capacity change from 0 to 2048
[   21.467412] loop0: detected capacity change from 0 to 2048
[   21.506790] loop0: detected capacity change from 0 to 2048
[   21.533838] loop0: detected capacity change from 0 to 2048
[   21.560682] loop0: detected capacity change from 0 to 2048
[   21.591349] loop0: detected capacity change from 0 to 2048
[   21.618065] loop0: detected capacity change from 0 to 2048
[   21.643741] loop0: detected capacity change from 0 to 2048
[   21.683978] loop0: detected capacity change from 0 to 2048
[   21.707795] loop0: detected capacity change from 0 to 2048
[   21.738113] loop0: detected capacity change from 0 to 2048
[   21.776056] loop0: detected capacity change from 0 to 2048
[   21.805592] loop0: detected capacity change from 0 to 2048
[   21.832822] loop0: detected capacity change from 0 to 2048
[   21.867087] loop0: detected capacity change from 0 to 2048
[   21.891813] loop0: detected capacity change from 0 to 2048
[   21.911928] loop0: detected capacity change from 0 to 2048
[   21.912636] I/O error, dev loop0, sector 0 op 0x0:(READ) flags 0x80700 phys_seg 1 prio class 2
[   21.935854] loop0: detected capacity change from 0 to 2048
[   21.975249] loop0: detected capacity change from 0 to 2048
[   21.999985] loop0: detected capacity change from 0 to 2048
[   22.024734] loop0: detected capacity change from 0 to 2048
[   22.066391] loop0: detected capacity change from 0 to 2048
[   22.093438] loop0: detected capacity change from 0 to 2048
[   22.124392] loop0: detected capacity change from 0 to 2048
[   22.125183] I/O error, dev loop0, sector 0 op 0x0:(READ) flags 0x80700 phys_seg 1 prio class 2
[   22.125228] I/O error, dev loop0, sector 0 op 0x0:(READ) flags 0x0 phys_seg 1 prio class 2
[   22.127629] Buffer I/O error on dev loop0, logical block 0, async page read
[   22.155364] loop0: detected capacity change from 0 to 2048
[   22.185595] loop0: detected capacity change from 0 to 2048
[   22.217667] loop0: detected capacity change from 0 to 2048
[   22.218101] I/O error, dev loop0, sector 0 op 0x0:(READ) flags 0x80700 phys_seg 1 prio class 2
[   22.249462] loop0: detected capacity change from 0 to 2048
[   22.249895] I/O error, dev loop0, sector 0 op 0x0:(READ) flags 0x80700 phys_seg 1 prio class 2
[   22.276326] loop0: detected capacity change from 0 to 2048
[   22.303794] loop0: detected capacity change from 0 to 2048
[   22.337213] loop0: detected capacity change from 0 to 2048
[   22.364872] loop0: detected capacity change from 0 to 2048
[   22.365402] I/O error, dev loop0, sector 0 op 0x0:(READ) flags 0x80700 phys_seg 1 prio class 2
[   22.393669] loop0: detected capacity change from 0 to 2048
[   22.426620] loop0: detected capacity change from 0 to 2048
[   22.464968] loop0: detected capacity change from 0 to 2048
[   22.500677] loop0: detected capacity change from 0 to 2048
[   22.523147] loop0: detected capacity change from 0 to 2048
[   22.555452] loop0: detected capacity change from 0 to 2048
[   22.581399] loop0: detected capacity change from 0 to 2048
[   22.613271] loop0: detected capacity change from 0 to 2048
[   22.646345] loop0: detected capacity change from 0 to 2048
[   22.669419] loop0: detected capacity change from 0 to 2048
[   22.699524] loop0: detected capacity change from 0 to 2048
[   22.723766] loop0: detected capacity change from 0 to 2048
[   22.748405] loop0: detected capacity change from 0 to 2048
[   22.780579] loop0: detected capacity change from 0 to 2048
[   22.800771] loop0: detected capacity change from 0 to 2048
[   22.836185] loop0: detected capacity change from 0 to 2048
[   22.863310] loop0: detected capacity change from 0 to 2048
[   22.890064] loop0: detected capacity change from 0 to 2048
[   22.919736] loop0: detected capacity change from 0 to 2048
[   22.946427] loop0: detected capacity change from 0 to 2048
[   22.979170] loop0: detected capacity change from 0 to 2048
[   23.002237] loop0: detected capacity change from 0 to 2048
[   23.027670] loop0: detected capacity change from 0 to 2048
[   23.054018] loop0: detected capacity change from 0 to 2048
[   23.078730] loop0: detected capacity change from 0 to 2048
[   23.100920] loop0: detected capacity change from 0 to 2048
[   23.127385] loop0: detected capacity change from 0 to 2048
[   23.161976] loop0: detected capacity change from 0 to 2048
[   23.189787] loop0: detected capacity change from 0 to 2048
[   23.219006] loop0: detected capacity change from 0 to 2048
[   23.258091] loop0: detected capacity change from 0 to 2048
[   23.279224] loop0: detected capacity change from 0 to 2048
[   23.309330] loop0: detected capacity change from 0 to 2048
[   23.309928] I/O error, dev loop0, sector 0 op 0x0:(READ) flags 0x80700 phys_seg 1 prio class 2
[   23.338162] loop0: detected capacity change from 0 to 2048
[   23.364401] loop0: detected capacity change from 0 to 2048
[   23.364766] Buffer I/O error on dev loop0, logical block 0, async page read
[   23.396313] loop0: detected capacity change from 0 to 2048
[   23.426900] loop0: detected capacity change from 0 to 2048
[   23.469424] loop0: detected capacity change from 0 to 2048
[   23.503896] loop0: detected capacity change from 0 to 2048
[   23.531749] loop0: detected capacity change from 0 to 2048
[   23.554034] loop0: detected capacity change from 0 to 2048
[   23.580827] loop0: detected capacity change from 0 to 2048
[   23.610558] loop0: detected capacity change from 0 to 2048
[   23.642865] loop0: detected capacity change from 0 to 2048
[   23.668413] loop0: detected capacity change from 0 to 2048
[   23.701962] loop0: detected capacity change from 0 to 2048
[   23.728890] loop0: detected capacity change from 0 to 2048
[   23.760708] loop0: detected capacity change from 0 to 2048
[   23.791391] loop0: detected capacity change from 0 to 2048
[   23.815790] loop0: detected capacity change from 0 to 2048
[   23.844972] loop0: detected capacity change from 0 to 2048
[   23.874213] loop0: detected capacity change from 0 to 2048
[   23.900766] loop0: detected capacity change from 0 to 2048
[   23.935767] loop0: detected capacity change from 0 to 2048
[   23.958299] loop0: detected capacity change from 0 to 2048
[   23.986489] loop0: detected capacity change from 0 to 2048
[   24.007748] loop0: detected capacity change from 0 to 2048
[   24.035633] loop0: detected capacity change from 0 to 2048
[   24.061691] loop0: detected capacity change from 0 to 2048
[   24.099339] loop0: detected capacity change from 0 to 2048
[   24.133950] loop0: detected capacity change from 0 to 2048
[   24.158014] loop0: detected capacity change from 0 to 2048
[   24.192345] loop0: detected capacity change from 0 to 2048
[   24.221644] loop0: detected capacity change from 0 to 2048
[   24.251788] loop0: detected capacity change from 0 to 2048
[   24.269375] loop0: detected capacity change from 0 to 2048
[   24.306776] loop0: detected capacity change from 0 to 2048
[   24.335465] loop0: detected capacity change from 0 to 2048
[   24.335749] Buffer I/O error on dev loop0, logical block 0, async page read
[   24.364386] loop0: detected capacity change from 0 to 2048
[   24.396107] loop0: detected capacity change from 0 to 2048
[   24.428563] loop0: detected capacity change from 0 to 2048
[   24.462216] loop0: detected capacity change from 0 to 2048
[   24.503593] loop0: detected capacity change from 0 to 2048
[   24.529325] loop0: detected capacity change from 0 to 2048
[   24.555945] loop0: detected capacity change from 0 to 2048
[   24.590483] loop0: detected capacity change from 0 to 2048
[   24.620936] loop0: detected capacity change from 0 to 2048
[   24.646219] loop0: detected capacity change from 0 to 2048
[   24.670712] loop0: detected capacity change from 0 to 2048
[   24.703455] loop0: detected capacity change from 0 to 2048
[   24.726363] loop0: detected capacity change from 0 to 2048
[   24.756949] loop0: detected capacity change from 0 to 2048
[   24.784219] loop0: detected capacity change from 0 to 2048
[   24.812205] loop0: detected capacity change from 0 to 2048
[   24.855672] loop0: detected capacity change from 0 to 2048
[   24.883887] loop0: detected capacity change from 0 to 2048
[   24.919106] loop0: detected capacity change from 0 to 2048
[   24.945822] loop0: detected capacity change from 0 to 2048
[   24.977942] loop0: detected capacity change from 0 to 2048
[   25.011987] loop0: detected capacity change from 0 to 2048
[   25.012942] Buffer I/O error on dev loop0, logical block 0, async page read
[   25.046247] loop0: detected capacity change from 0 to 2048
[   25.080869] loop0: detected capacity change from 0 to 2048
[   25.107345] loop0: detected capacity change from 0 to 2048
[   25.135202] loop0: detected capacity change from 0 to 2048
[   25.166206] loop0: detected capacity change from 0 to 2048
[   25.193961] loop0: detected capacity change from 0 to 2048
[   25.223590] loop0: detected capacity change from 0 to 2048
[   25.259698] loop0: detected capacity change from 0 to 2048
[   25.283356] loop0: detected capacity change from 0 to 2048
[   25.305429] loop0: detected capacity change from 0 to 2048
[   25.306084] blk_print_req_error: 6 callbacks suppressed
[   25.306095] I/O error, dev loop0, sector 0 op 0x0:(READ) flags 0x80700 phys_seg 1 prio class 2
[   25.336863] loop0: detected capacity change from 0 to 2048
[   25.361830] loop0: detected capacity change from 0 to 2048
[   25.388748] loop0: detected capacity change from 0 to 2048
[   25.424128] loop0: detected capacity change from 0 to 2048
[   25.461422] loop0: detected capacity change from 0 to 2048
[   25.496948] loop0: detected capacity change from 0 to 2048
[   25.534224] loop0: detected capacity change from 0 to 2048
[   25.562747] loop0: detected capacity change from 0 to 2048
[   25.594759] loop0: detected capacity change from 0 to 2048
[   25.619421] loop0: detected capacity change from 0 to 2048
[   25.640463] loop0: detected capacity change from 0 to 2048
[   25.669610] loop0: detected capacity change from 0 to 2048
[   25.698550] loop0: detected capacity change from 0 to 2048
[   25.699179] I/O error, dev loop0, sector 0 op 0x0:(READ) flags 0x80700 phys_seg 1 prio class 2
[   25.729123] loop0: detected capacity change from 0 to 2048
[   25.761261] loop0: detected capacity change from 0 to 2048
[   25.786674] loop0: detected capacity change from 0 to 2048
[   25.812603] loop0: detected capacity change from 0 to 2048
[   25.844049] loop0: detected capacity change from 0 to 2048
[   25.865325] loop0: detected capacity change from 0 to 2048
[   25.892004] loop0: detected capacity change from 0 to 2048
[   25.917413] loop0: detected capacity change from 0 to 2048
[   25.957347] loop0: detected capacity change from 0 to 2048
[   25.982195] loop0: detected capacity change from 0 to 2048
[   26.013161] loop0: detected capacity change from 0 to 2048
[   26.036525] loop0: detected capacity change from 0 to 2048
[   26.072394] loop0: detected capacity change from 0 to 2048
[   26.113751] loop0: detected capacity change from 0 to 2048
[   26.145414] loop0: detected capacity change from 0 to 2048
[   26.180465] loop0: detected capacity change from 0 to 2048
[   26.213554] loop0: detected capacity change from 0 to 2048
[   26.251921] loop0: detected capacity change from 0 to 2048
[   26.281937] loop0: detected capacity change from 0 to 2048
[   26.312097] loop0: detected capacity change from 0 to 2048
[   26.355566] loop0: detected capacity change from 0 to 2048
[   26.385080] loop0: detected capacity change from 0 to 2048
[   26.423493] loop0: detected capacity change from 0 to 2048
[   26.455879] loop0: detected capacity change from 0 to 2048
[   26.496772] loop0: detected capacity change from 0 to 2048
[   26.543336] loop0: detected capacity change from 0 to 2048
[   26.567779] loop0: detected capacity change from 0 to 2048
[   26.597207] loop0: detected capacity change from 0 to 2048
[   26.632048] loop0: detected capacity change from 0 to 2048
[   26.660751] loop0: detected capacity change from 0 to 2048
[   26.696963] loop0: detected capacity change from 0 to 2048
[   26.725453] loop0: detected capacity change from 0 to 2048
[   26.767349] loop0: detected capacity change from 0 to 2048
[   26.794609] loop0: detected capacity change from 0 to 2048
[   26.829891] loop0: detected capacity change from 0 to 2048
[   26.854705] loop0: detected capacity change from 0 to 2048
[   26.882451] loop0: detected capacity change from 0 to 2048
[   26.931715] loop0: detected capacity change from 0 to 2048
[   26.958195] loop0: detected capacity change from 0 to 2048
[   26.992068] loop0: detected capacity change from 0 to 2048
[   27.014987] loop0: detected capacity change from 0 to 2048
[   27.051196] loop0: detected capacity change from 0 to 2048
[   27.088136] loop0: detected capacity change from 0 to 2048
[   27.117088] loop0: detected capacity change from 0 to 2048
[   27.147620] loop0: detected capacity change from 0 to 2048
[   27.173275] loop0: detected capacity change from 0 to 2048
[   27.199772] loop0: detected capacity change from 0 to 2048
[   27.229845] loop0: detected capacity change from 0 to 2048
[   27.260416] loop0: detected capacity change from 0 to 2048
[   27.286508] loop0: detected capacity change from 0 to 2048
[   27.317260] loop0: detected capacity change from 0 to 2048
[   27.345079] loop0: detected capacity change from 0 to 2048
[   27.375292] loop0: detected capacity change from 0 to 2048
[   27.400677] loop0: detected capacity change from 0 to 2048
[   27.435213] loop0: detected capacity change from 0 to 2048
[   27.477941] loop0: detected capacity change from 0 to 2048
[   27.518357] loop0: detected capacity change from 0 to 2048
[   27.555837] loop0: detected capacity change from 0 to 2048
[   27.584968] loop0: detected capacity change from 0 to 2048
[   27.624658] loop0: detected capacity change from 0 to 2048
[   27.661285] loop0: detected capacity change from 0 to 2048
[   27.688551] loop0: detected capacity change from 0 to 2048
[   27.723714] loop0: detected capacity change from 0 to 2048
[   27.751888] loop0: detected capacity change from 0 to 2048
[   27.783499] loop0: detected capacity change from 0 to 2048
[   27.818287] loop0: detected capacity change from 0 to 2048
[   27.846131] loop0: detected capacity change from 0 to 2048
[   27.891921] loop0: detected capacity change from 0 to 2048
[   27.892283] I/O error, dev loop0, sector 0 op 0x0:(READ) flags 0x80700 phys_seg 1 prio class 2
[   27.942690] loop0: detected capacity change from 0 to 2048
[   27.968479] loop0: detected capacity change from 0 to 2048
[   27.999973] loop0: detected capacity change from 0 to 2048
[   28.040245] loop0: detected capacity change from 0 to 2048
[   28.063478] loop0: detected capacity change from 0 to 2048
[   28.104696] loop0: detected capacity change from 0 to 2048
[   28.135824] loop0: detected capacity change from 0 to 2048
[   28.173405] loop0: detected capacity change from 0 to 2048
[   28.208595] loop0: detected capacity change from 0 to 2048
[   28.243370] loop0: detected capacity change from 0 to 2048
[   28.268487] loop0: detected capacity change from 0 to 2048
[   28.304632] loop0: detected capacity change from 0 to 2048
[   28.343307] loop0: detected capacity change from 0 to 2048
[   28.370051] loop0: detected capacity change from 0 to 2048
[   28.370974] I/O error, dev loop0, sector 0 op 0x0:(READ) flags 0x80700 phys_seg 1 prio class 2
[   28.405517] loop0: detected capacity change from 0 to 2048
[   28.442579] loop0: detected capacity change from 0 to 2048
[   28.488277] loop0: detected capacity change from 0 to 2048
[   28.532409] loop0: detected capacity change from 0 to 2048
[   28.560861] loop0: detected capacity change from 0 to 2048
[   28.561216] I/O error, dev loop0, sector 0 op 0x0:(READ) flags 0x80700 phys_seg 1 prio class 2
[   28.592061] loop0: detected capacity change from 0 to 2048
[   28.632616] loop0: detected capacity change from 0 to 2048
[   28.673028] loop0: detected capacity change from 0 to 2048
[   28.701052] loop0: detected capacity change from 0 to 2048
[   28.734207] loop0: detected capacity change from 0 to 2048
[   28.768544] loop0: detected capacity change from 0 to 2048
[   28.794476] loop0: detected capacity change from 0 to 2048
[   28.841507] loop0: detected capacity change from 0 to 2048
[   28.868481] loop0: detected capacity change from 0 to 2048
[   28.906127] loop0: detected capacity change from 0 to 2048
[   28.936406] loop0: detected capacity change from 0 to 2048
[   28.936842] I/O error, dev loop0, sector 0 op 0x0:(READ) flags 0x80700 phys_seg 1 prio class 2
[   28.973145] loop0: detected capacity change from 0 to 2048
[   29.004184] loop0: detected capacity change from 0 to 2048
[   29.036264] loop0: detected capacity change from 0 to 2048
[   29.056691] loop0: detected capacity change from 0 to 2048
[   29.102033] loop0: detected capacity change from 0 to 2048
[   29.130328] loop0: detected capacity change from 0 to 2048
[   29.171375] loop0: detected capacity change from 0 to 2048
[   29.209204] loop0: detected capacity change from 0 to 2048
[   29.247601] loop0: detected capacity change from 0 to 2048
[   29.281046] loop0: detected capacity change from 0 to 2048
[   29.313940] loop0: detected capacity change from 0 to 2048
[   29.344340] loop0: detected capacity change from 0 to 2048
[   29.376864] loop0: detected capacity change from 0 to 2048
[   29.415611] loop0: detected capacity change from 0 to 2048
[   29.416458] I/O error, dev loop0, sector 0 op 0x0:(READ) flags 0x80700 phys_seg 1 prio class 2
[   29.465324] loop0: detected capacity change from 0 to 2048
[   29.465839] I/O error, dev loop0, sector 0 op 0x0:(READ) flags 0x80700 phys_seg 1 prio class 2
[   29.505729] loop0: detected capacity change from 0 to 2048
[   29.546652] loop0: detected capacity change from 0 to 2048
[   29.576625] loop0: detected capacity change from 0 to 2048
[   29.616193] loop0: detected capacity change from 0 to 2048
[   29.616879] I/O error, dev loop0, sector 0 op 0x0:(READ) flags 0x80700 phys_seg 1 prio class 2
[   29.657123] loop0: detected capacity change from 0 to 2048
[   29.657674] I/O error, dev loop0, sector 0 op 0x0:(READ) flags 0x80700 phys_seg 1 prio class 2
[   29.689616] loop0: detected capacity change from 0 to 2048
[   29.729424] loop0: detected capacity change from 0 to 2048
[   29.764702] loop0: detected capacity change from 0 to 2048
[   29.801039] loop0: detected capacity change from 0 to 2048
[   29.841090] loop0: detected capacity change from 0 to 2048
[   29.873205] loop0: detected capacity change from 0 to 2048
[   29.911569] loop0: detected capacity change from 0 to 2048
[   29.937598] loop0: detected capacity change from 0 to 2048
[   29.971596] loop0: detected capacity change from 0 to 2048
[   29.972295] Buffer I/O error on dev loop0, logical block 0, async page read
[   30.004150] loop0: detected capacity change from 0 to 2048
[   30.040791] loop0: detected capacity change from 0 to 2048
[   30.070131] loop0: detected capacity change from 0 to 2048
[   30.096708] loop0: detected capacity change from 0 to 2048
[   30.140872] loop0: detected capacity change from 0 to 2048
[   30.179918] loop0: detected capacity change from 0 to 2048
[   30.211446] loop0: detected capacity change from 0 to 2048
[   30.212245] Buffer I/O error on dev loop0, logical block 0, async page read
[   30.250204] loop0: detected capacity change from 0 to 2048
[   30.282080] loop0: detected capacity change from 0 to 2048
[   30.311910] loop0: detected capacity change from 0 to 2048
[   30.342603] loop0: detected capacity change from 0 to 2048
[   30.343408] blk_print_req_error: 4 callbacks suppressed
[   30.343423] I/O error, dev loop0, sector 0 op 0x0:(READ) flags 0x80700 phys_seg 1 prio class 2
[   30.384217] loop0: detected capacity change from 0 to 2048
[   30.417353] loop0: detected capacity change from 0 to 2048
[   30.465944] loop0: detected capacity change from 0 to 2048
[   30.515114] loop0: detected capacity change from 0 to 2048
[   30.551334] loop0: detected capacity change from 0 to 2048
[   30.589195] loop0: detected capacity change from 0 to 2048
[   30.624776] loop0: detected capacity change from 0 to 2048
[   30.666187] loop0: detected capacity change from 0 to 2048
[   30.703604] loop0: detected capacity change from 0 to 2048
[   30.736539] loop0: detected capacity change from 0 to 2048
[   30.769854] loop0: detected capacity change from 0 to 2048
[   30.806445] loop0: detected capacity change from 0 to 2048
[   30.833189] loop0: detected capacity change from 0 to 2048
[   30.870030] loop0: detected capacity change from 0 to 2048
[   30.910693] loop0: detected capacity change from 0 to 2048
[   30.936837] loop0: detected capacity change from 0 to 2048
[   30.965964] loop0: detected capacity change from 0 to 2048
[   31.003635] loop0: detected capacity change from 0 to 2048
[   31.034037] loop0: detected capacity change from 0 to 2048
[   31.034745] I/O error, dev loop0, sector 0 op 0x0:(READ) flags 0x80700 phys_seg 1 prio class 2
[   31.078637] loop0: detected capacity change from 0 to 2048
[   31.109731] loop0: detected capacity change from 0 to 2048
[   31.143278] loop0: detected capacity change from 0 to 2048
[   31.184431] loop0: detected capacity change from 0 to 2048
[   31.184926] I/O error, dev loop0, sector 0 op 0x0:(READ) flags 0x80700 phys_seg 1 prio class 2
[   31.224657] loop0: detected capacity change from 0 to 2048
[   31.257716] loop0: detected capacity change from 0 to 2048
[   31.286950] loop0: detected capacity change from 0 to 2048
[   31.317007] loop0: detected capacity change from 0 to 2048
[   31.344388] loop0: detected capacity change from 0 to 2048
[   31.381856] loop0: detected capacity change from 0 to 2048
[   31.382437] I/O error, dev loop0, sector 0 op 0x0:(READ) flags 0x80700 phys_seg 1 prio class 2
[   31.414200] loop0: detected capacity change from 0 to 2048
[   31.437553] loop0: detected capacity change from 0 to 2048
[   31.480100] loop0: detected capacity change from 0 to 2048
[   31.509310] loop0: detected capacity change from 0 to 2048
[   31.547501] loop0: detected capacity change from 0 to 2048
[   31.574522] loop0: detected capacity change from 0 to 2048
[   31.605608] loop0: detected capacity change from 0 to 2048
[   31.633635] loop0: detected capacity change from 0 to 2048
[   31.665166] loop0: detected capacity change from 0 to 2048
[   31.692050] loop0: detected capacity change from 0 to 2048
[   31.720851] loop0: detected capacity change from 0 to 2048
[   31.749212] loop0: detected capacity change from 0 to 2048
[   31.779981] loop0: detected capacity change from 0 to 2048
[   31.830262] loop0: detected capacity change from 0 to 2048
[   31.864600] loop0: detected capacity change from 0 to 2048
[   31.896451] loop0: detected capacity change from 0 to 2048
[   31.943572] loop0: detected capacity change from 0 to 2048
[   31.975848] loop0: detected capacity change from 0 to 2048
[   32.005070] loop0: detected capacity change from 0 to 2048
[   32.044252] loop0: detected capacity change from 0 to 2048
[   32.072913] loop0: detected capacity change from 0 to 2048
[   32.109096] loop0: detected capacity change from 0 to 2048
[   32.109647] I/O error, dev loop0, sector 0 op 0x0:(READ) flags 0x80700 phys_seg 1 prio class 2
[   32.150737] loop0: detected capacity change from 0 to 2048
[   32.171591] loop0: detected capacity change from 0 to 2048
[   32.201531] loop0: detected capacity change from 0 to 2048
[   32.227184] loop0: detected capacity change from 0 to 2048
[   32.261241] loop0: detected capacity change from 0 to 2048
[   32.292569] loop0: detected capacity change from 0 to 2048
[   32.320236] loop0: detected capacity change from 0 to 2048
[   32.346534] loop0: detected capacity change from 0 to 2048
[   32.369519] loop0: detected capacity change from 0 to 2048
[   32.370004] I/O error, dev loop0, sector 0 op 0x0:(READ) flags 0x80700 phys_seg 1 prio class 2
[   32.403802] loop0: detected capacity change from 0 to 2048
[   32.431844] loop0: detected capacity change from 0 to 2048
[   32.473118] loop0: detected capacity change from 0 to 2048
[   32.509759] loop0: detected capacity change from 0 to 2048
[   32.540782] loop0: detected capacity change from 0 to 2048
[   32.578474] loop0: detected capacity change from 0 to 2048
[   32.599523] loop0: detected capacity change from 0 to 2048
[   32.625286] loop0: detected capacity change from 0 to 2048
[   32.654076] loop0: detected capacity change from 0 to 2048
[   32.696282] loop0: detected capacity change from 0 to 2048
[   32.737739] loop0: detected capacity change from 0 to 2048
[   32.768729] loop0: detected capacity change from 0 to 2048
[   32.804526] loop0: detected capacity change from 0 to 2048
[   32.833520] loop0: detected capacity change from 0 to 2048
[   32.863428] loop0: detected capacity change from 0 to 2048
[   32.863762] I/O error, dev loop0, sector 0 op 0x0:(READ) flags 0x80700 phys_seg 1 prio class 2
[   32.894677] loop0: detected capacity change from 0 to 2048
[   32.925193] loop0: detected capacity change from 0 to 2048
[   32.948074] loop0: detected capacity change from 0 to 2048
[   32.981325] loop0: detected capacity change from 0 to 2048
[   33.009587] loop0: detected capacity change from 0 to 2048
[   33.041614] loop0: detected capacity change from 0 to 2048
[   33.070507] loop0: detected capacity change from 0 to 2048
[   33.097767] loop0: detected capacity change from 0 to 2048
[   33.125722] loop0: detected capacity change from 0 to 2048
[   33.126046] I/O error, dev loop0, sector 0 op 0x0:(READ) flags 0x80700 phys_seg 1 prio class 2
[   33.161238] loop0: detected capacity change from 0 to 2048
[   33.196157] loop0: detected capacity change from 0 to 2048
[   33.226608] loop0: detected capacity change from 0 to 2048
[   33.249375] loop0: detected capacity change from 0 to 2048
[   33.273413] loop0: detected capacity change from 0 to 2048
[   33.305451] loop0: detected capacity change from 0 to 2048
[   33.330745] loop0: detected capacity change from 0 to 2048
[   33.357751] loop0: detected capacity change from 0 to 2048
[   33.395800] loop0: detected capacity change from 0 to 2048
[   33.420204] loop0: detected capacity change from 0 to 2048
[   33.468426] loop0: detected capacity change from 0 to 2048
[   33.516336] loop0: detected capacity change from 0 to 2048
[   33.516968] I/O error, dev loop0, sector 0 op 0x0:(READ) flags 0x80700 phys_seg 1 prio class 2
[   33.556123] loop0: detected capacity change from 0 to 2048
[   33.584333] loop0: detected capacity change from 0 to 2048
[   33.621801] loop0: detected capacity change from 0 to 2048
[   33.656895] loop0: detected capacity change from 0 to 2048
[   33.696441] loop0: detected capacity change from 0 to 2048
[   33.696895] I/O error, dev loop0, sector 0 op 0x0:(READ) flags 0x80700 phys_seg 1 prio class 2
[   33.740598] loop0: detected capacity change from 0 to 2048
[   33.763384] loop0: detected capacity change from 0 to 2048
[   33.796086] loop0: detected capacity change from 0 to 2048
[   33.825472] loop0: detected capacity change from 0 to 2048
[   33.861385] loop0: detected capacity change from 0 to 2048
[   33.890123] loop0: detected capacity change from 0 to 2048
[   33.924169] loop0: detected capacity change from 0 to 2048
[   33.953581] loop0: detected capacity change from 0 to 2048
[   33.982017] loop0: detected capacity change from 0 to 2048
[   34.012604] loop0: detected capacity change from 0 to 2048
[   34.049646] loop0: detected capacity change from 0 to 2048
[   34.049947] Buffer I/O error on dev loop0, logical block 0, async page read
[   34.086269] loop0: detected capacity change from 0 to 2048
[   34.118920] loop0: detected capacity change from 0 to 2048
[   34.150746] loop0: detected capacity change from 0 to 2048
[   34.171678] loop0: detected capacity change from 0 to 2048
[   34.205683] loop0: detected capacity change from 0 to 2048
[   34.237261] loop0: detected capacity change from 0 to 2048
[   34.259006] loop0: detected capacity change from 0 to 2048
[   34.297365] loop0: detected capacity change from 0 to 2048
[   34.326739] loop0: detected capacity change from 0 to 2048
[   34.354875] loop0: detected capacity change from 0 to 2048
[   34.392135] loop0: detected capacity change from 0 to 2048
[   34.418653] loop0: detected capacity change from 0 to 2048
[   34.470409] loop0: detected capacity change from 0 to 2048
[   34.525835] loop0: detected capacity change from 0 to 2048
[   34.559781] loop0: detected capacity change from 0 to 2048
[   34.580564] loop0: detected capacity change from 0 to 2048
[   34.607764] loop0: detected capacity change from 0 to 2048
[   34.634161] loop0: detected capacity change from 0 to 2048
[   34.658335] loop0: detected capacity change from 0 to 2048
[   34.688239] loop0: detected capacity change from 0 to 2048
[   34.718759] loop0: detected capacity change from 0 to 2048
[   34.747724] loop0: detected capacity change from 0 to 2048
[   34.773998] loop0: detected capacity change from 0 to 2048
[   34.803971] loop0: detected capacity change from 0 to 2048
[   34.826149] loop0: detected capacity change from 0 to 2048
[   34.860076] loop0: detected capacity change from 0 to 2048
[   34.868631] EXT4-fs unmount: 914 callbacks suppressed
[   34.868642] EXT4-fs (loop0): unmounting filesystem 00000000-0000-0000-0000-000000000000.
[   34.886405] loop0: detected capacity change from 0 to 2048
[   34.887249] Buffer I/O error on dev loop0, logical block 0, async page read
[   34.887283] Buffer I/O error on dev loop0, logical block 0, async page read
[   34.887305] Buffer I/O error on dev loop0, logical block 0, async page read
[   34.887326] Buffer I/O error on dev loop0, logical block 0, async page read
[   34.899279] EXT4-fs (loop0): mounted filesystem 00000000-0000-0000-0000-000000000000 r/w without journal. Quota mode: none.
[   34.904569] EXT4-fs (loop0): unmounting filesystem 00000000-0000-0000-0000-000000000000.
[   34.926081] loop0: detected capacity change from 0 to 2048
[   34.932260] EXT4-fs (loop0): mounted filesystem 00000000-0000-0000-0000-000000000000 r/w without journal. Quota mode: none.
[   34.941315] EXT4-fs (loop0): unmounting filesystem 00000000-0000-0000-0000-000000000000.
[   34.957692] loop0: detected capacity change from 0 to 2048
[   34.964019] EXT4-fs (loop0): mounted filesystem 00000000-0000-0000-0000-000000000000 r/w without journal. Quota mode: none.
[   34.969148] EXT4-fs (loop0): unmounting filesystem 00000000-0000-0000-0000-000000000000.
[   34.983795] loop0: detected capacity change from 0 to 2048
[   34.996931] EXT4-fs (loop0): mounted filesystem 00000000-0000-0000-0000-000000000000 r/w without journal. Quota mode: none.
[   35.002374] EXT4-fs (loop0): unmounting filesystem 00000000-0000-0000-0000-000000000000.
[   35.014607] loop0: detected capacity change from 0 to 2048
[   35.026749] EXT4-fs (loop0): mounted filesystem 00000000-0000-0000-0000-000000000000 r/w without journal. Quota mode: none.
[   35.035666] EXT4-fs (loop0): unmounting filesystem 00000000-0000-0000-0000-000000000000.
[   35.053646] loop0: detected capacity change from 0 to 2048
[   35.064221] EXT4-fs (loop0): mounted filesystem 00000000-0000-0000-0000-000000000000 r/w without journal. Quota mode: none.
[   35.073979] EXT4-fs (loop0): unmounting filesystem 00000000-0000-0000-0000-000000000000.
[   35.090782] loop0: detected capacity change from 0 to 2048
[   35.096554] EXT4-fs (loop0): mounted filesystem 00000000-0000-0000-0000-000000000000 r/w without journal. Quota mode: none.
[   35.107080] EXT4-fs (loop0): unmounting filesystem 00000000-0000-0000-0000-000000000000.
[   35.126464] loop0: detected capacity change from 0 to 2048
[   35.132248] EXT4-fs (loop0): mounted filesystem 00000000-0000-0000-0000-000000000000 r/w without journal. Quota mode: none.
[   35.137446] EXT4-fs (loop0): unmounting filesystem 00000000-0000-0000-0000-000000000000.
[   35.157062] loop0: detected capacity change from 0 to 2048
[   35.160205] EXT4-fs (loop0): mounted filesystem 00000000-0000-0000-0000-000000000000 r/w without journal. Quota mode: none.
[   35.166919] EXT4-fs (loop0): unmounting filesystem 00000000-0000-0000-0000-000000000000.
[   35.187867] loop0: detected capacity change from 0 to 2048
[   35.192572] EXT4-fs (loop0): mounted filesystem 00000000-0000-0000-0000-000000000000 r/w without journal. Quota mode: none.
[   35.199737] EXT4-fs (loop0): unmounting filesystem 00000000-0000-0000-0000-000000000000.
[   35.220431] loop0: detected capacity change from 0 to 2048
[   35.220969] Buffer I/O error on dev loop0, logical block 0, async page read
[   35.233479] EXT4-fs (loop0): mounted filesystem 00000000-0000-0000-0000-000000000000 r/w without journal. Quota mode: none.
[   35.243549] EXT4-fs (loop0): unmounting filesystem 00000000-0000-0000-0000-000000000000.
[   35.261164] loop0: detected capacity change from 0 to 2048
[   35.268679] EXT4-fs (loop0): mounted filesystem 00000000-0000-0000-0000-000000000000 r/w without journal. Quota mode: none.
[   35.276923] EXT4-fs (loop0): unmounting filesystem 00000000-0000-0000-0000-000000000000.
[   35.302407] loop0: detected capacity change from 0 to 2048
[   35.313245] EXT4-fs (loop0): mounted filesystem 00000000-0000-0000-0000-000000000000 r/w without journal. Quota mode: none.
[   35.320824] EXT4-fs (loop0): unmounting filesystem 00000000-0000-0000-0000-000000000000.
[   35.335856] loop0: detected capacity change from 0 to 2048
[   35.336812] Buffer I/O error on dev loop0, logical block 0, async page read
[   35.347246] EXT4-fs (loop0): mounted filesystem 00000000-0000-0000-0000-000000000000 r/w without journal. Quota mode: none.
[   35.357692] EXT4-fs (loop0): unmounting filesystem 00000000-0000-0000-0000-000000000000.
[   35.377348] loop0: detected capacity change from 0 to 2048
[   35.384271] EXT4-fs (loop0): mounted filesystem 00000000-0000-0000-0000-000000000000 r/w without journal. Quota mode: none.
[   35.393080] EXT4-fs (loop0): unmounting filesystem 00000000-0000-0000-0000-000000000000.
[   35.411937] loop0: detected capacity change from 0 to 2048
[   35.416358] EXT4-fs (loop0): mounted filesystem 00000000-0000-0000-0000-000000000000 r/w without journal. Quota mode: none.
[   35.423664] EXT4-fs (loop0): unmounting filesystem 00000000-0000-0000-0000-000000000000.
[   35.439138] loop0: detected capacity change from 0 to 2048
[   35.456116] EXT4-fs (loop0): mounted filesystem 00000000-0000-0000-0000-000000000000 r/w without journal. Quota mode: none.
[   35.465546] EXT4-fs (loop0): unmounting filesystem 00000000-0000-0000-0000-000000000000.
[   35.486268] loop0: detected capacity change from 0 to 2048
[   35.498187] EXT4-fs (loop0): mounted filesystem 00000000-0000-0000-0000-000000000000 r/w without journal. Quota mode: none.
[   35.517469] EXT4-fs (loop0): unmounting filesystem 00000000-0000-0000-0000-000000000000.
[   35.534547] loop0: detected capacity change from 0 to 2048
[   35.546789] EXT4-fs (loop0): mounted filesystem 00000000-0000-0000-0000-000000000000 r/w without journal. Quota mode: none.
[   35.553055] EXT4-fs (loop0): unmounting filesystem 00000000-0000-0000-0000-000000000000.
[   35.569984] loop0: detected capacity change from 0 to 2048
[   35.576077] EXT4-fs (loop0): mounted filesystem 00000000-0000-0000-0000-000000000000 r/w without journal. Quota mode: none.
[   35.582028] EXT4-fs (loop0): unmounting filesystem 00000000-0000-0000-0000-000000000000.
[   35.598287] loop0: detected capacity change from 0 to 2048
[   35.608167] EXT4-fs (loop0): mounted filesystem 00000000-0000-0000-0000-000000000000 r/w without journal. Quota mode: none.
[   35.615876] EXT4-fs (loop0): unmounting filesystem 00000000-0000-0000-0000-000000000000.
[   35.631695] loop0: detected capacity change from 0 to 2048
[   35.632188] blk_print_req_error: 11 callbacks suppressed
[   35.632200] I/O error, dev loop0, sector 0 op 0x0:(READ) flags 0x80700 phys_seg 1 prio class 2
[   35.642667] EXT4-fs (loop0): mounted filesystem 00000000-0000-0000-0000-000000000000 r/w without journal. Quota mode: none.
[   35.650422] EXT4-fs (loop0): unmounting filesystem 00000000-0000-0000-0000-000000000000.
[   35.663838] loop0: detected capacity change from 0 to 2048
[   35.675442] EXT4-fs (loop0): mounted filesystem 00000000-0000-0000-0000-000000000000 r/w without journal. Quota mode: none.
[   35.680556] EXT4-fs (loop0): unmounting filesystem 00000000-0000-0000-0000-000000000000.
[   35.694175] loop0: detected capacity change from 0 to 2048
[   35.700101] EXT4-fs (loop0): mounted filesystem 00000000-0000-0000-0000-000000000000 r/w without journal. Quota mode: none.
[   35.709056] EXT4-fs (loop0): unmounting filesystem 00000000-0000-0000-0000-000000000000.
[   35.727726] loop0: detected capacity change from 0 to 2048
[   35.733046] EXT4-fs (loop0): mounted filesystem 00000000-0000-0000-0000-000000000000 r/w without journal. Quota mode: none.
[   35.741461] EXT4-fs (loop0): unmounting filesystem 00000000-0000-0000-0000-000000000000.
[   35.759999] loop0: detected capacity change from 0 to 2048
[   35.760455] I/O error, dev loop0, sector 0 op 0x0:(READ) flags 0x80700 phys_seg 1 prio class 2
[   35.770646] EXT4-fs (loop0): mounted filesystem 00000000-0000-0000-0000-000000000000 r/w without journal. Quota mode: none.
[   35.779934] EXT4-fs (loop0): unmounting filesystem 00000000-0000-0000-0000-000000000000.
[   35.797056] loop0: detected capacity change from 0 to 2048
[   35.804246] EXT4-fs (loop0): mounted filesystem 00000000-0000-0000-0000-000000000000 r/w without journal. Quota mode: none.
[   35.809435] EXT4-fs (loop0): unmounting filesystem 00000000-0000-0000-0000-000000000000.
[   35.825622] loop0: detected capacity change from 0 to 2048
[   35.836706] EXT4-fs (loop0): mounted filesystem 00000000-0000-0000-0000-000000000000 r/w without journal. Quota mode: none.
[   35.845589] EXT4-fs (loop0): unmounting filesystem 00000000-0000-0000-0000-000000000000.
[   35.871439] loop0: detected capacity change from 0 to 2048
[   35.879653] EXT4-fs (loop0): mounted filesystem 00000000-0000-0000-0000-000000000000 r/w without journal. Quota mode: none.
[   35.886398] EXT4-fs (loop0): unmounting filesystem 00000000-0000-0000-0000-000000000000.
[   35.905858] loop0: detected capacity change from 0 to 2048
[   35.912662] EXT4-fs (loop0): mounted filesystem 00000000-0000-0000-0000-000000000000 r/w without journal. Quota mode: none.
[   35.917792] EXT4-fs (loop0): unmounting filesystem 00000000-0000-0000-0000-000000000000.
[   35.932225] loop0: detected capacity change from 0 to 2048
[   35.936794] EXT4-fs (loop0): mounted filesystem 00000000-0000-0000-0000-000000000000 r/w without journal. Quota mode: none.
[   35.944821] EXT4-fs (loop0): unmounting filesystem 00000000-0000-0000-0000-000000000000.
[   35.960158] loop0: detected capacity change from 0 to 2048
[   35.973241] EXT4-fs (loop0): mounted filesystem 00000000-0000-0000-0000-000000000000 r/w without journal. Quota mode: none.
[   35.998502] loop0: detected capacity change from 0 to 2048
[   36.029434] loop0: detected capacity change from 0 to 2048
[   36.068167] loop0: detected capacity change from 0 to 2048
[   36.068888] I/O error, dev loop0, sector 0 op 0x0:(READ) flags 0x80700 phys_seg 1 prio class 2
[   36.102333] loop0: detected capacity change from 0 to 2048
[   36.135571] loop0: detected capacity change from 0 to 2048
[   36.181796] loop0: detected capacity change from 0 to 2048
[   36.214053] loop0: detected capacity change from 0 to 2048
[   36.255905] loop0: detected capacity change from 0 to 2048
[   36.289173] loop0: detected capacity change from 0 to 2048
[   36.289533] I/O error, dev loop0, sector 0 op 0x0:(READ) flags 0x80700 phys_seg 1 prio class 2
[   36.326716] loop0: detected capacity change from 0 to 2048
[   36.357614] loop0: detected capacity change from 0 to 2048
[   36.386534] loop0: detected capacity change from 0 to 2048
[   36.419857] loop0: detected capacity change from 0 to 2048
[   36.456364] loop0: detected capacity change from 0 to 2048
[   36.485134] loop0: detected capacity change from 0 to 2048
[   36.527789] loop0: detected capacity change from 0 to 2048
[   36.547666] loop0: detected capacity change from 0 to 2048
[   36.583406] loop0: detected capacity change from 0 to 2048
[   36.619694] loop0: detected capacity change from 0 to 2048
[   36.648864] loop0: detected capacity change from 0 to 2048
[   36.679425] loop0: detected capacity change from 0 to 2048
[   36.700948] loop0: detected capacity change from 0 to 2048
[   36.733428] loop0: detected capacity change from 0 to 2048
[   36.763768] loop0: detected capacity change from 0 to 2048
[   36.791740] loop0: detected capacity change from 0 to 2048
[   36.820747] loop0: detected capacity change from 0 to 2048
[   36.852064] loop0: detected capacity change from 0 to 2048
[   36.884184] loop0: detected capacity change from 0 to 2048
[   36.916226] loop0: detected capacity change from 0 to 2048
[   36.950282] loop0: detected capacity change from 0 to 2048
[   36.987975] loop0: detected capacity change from 0 to 2048
[   37.022097] loop0: detected capacity change from 0 to 2048
[   37.046767] loop0: detected capacity change from 0 to 2048
[   37.095183] loop0: detected capacity change from 0 to 2048
[   37.123496] loop0: detected capacity change from 0 to 2048
[   37.158127] loop0: detected capacity change from 0 to 2048
[   37.197343] loop0: detected capacity change from 0 to 2048
[   37.222406] loop0: detected capacity change from 0 to 2048
[   37.259611] loop0: detected capacity change from 0 to 2048
[   37.302977] loop0: detected capacity change from 0 to 2048
[   37.329656] loop0: detected capacity change from 0 to 2048
[   37.371274] loop0: detected capacity change from 0 to 2048
[   37.403934] loop0: detected capacity change from 0 to 2048
[   37.442689] loop0: detected capacity change from 0 to 2048
[   37.485143] loop0: detected capacity change from 0 to 2048
[   37.531303] loop0: detected capacity change from 0 to 2048
[   37.565529] loop0: detected capacity change from 0 to 2048
[   37.601327] loop0: detected capacity change from 0 to 2048
[   37.649336] loop0: detected capacity change from 0 to 2048
[   37.688626] loop0: detected capacity change from 0 to 2048
[   37.723660] loop0: detected capacity change from 0 to 2048
[   37.755736] loop0: detected capacity change from 0 to 2048
[   37.785130] loop0: detected capacity change from 0 to 2048
[   37.812784] loop0: detected capacity change from 0 to 2048
[   37.846297] loop0: detected capacity change from 0 to 2048
[   37.871822] loop0: detected capacity change from 0 to 2048
[   37.900732] loop0: detected capacity change from 0 to 2048
[   37.933937] loop0: detected capacity change from 0 to 2048
[   37.967787] loop0: detected capacity change from 0 to 2048
[   37.988936] loop0: detected capacity change from 0 to 2048
[   38.016220] loop0: detected capacity change from 0 to 2048
[   38.045219] loop0: detected capacity change from 0 to 2048
[   38.072855] loop0: detected capacity change from 0 to 2048
[   38.112802] loop0: detected capacity change from 0 to 2048
[   38.144815] loop0: detected capacity change from 0 to 2048
[   38.177530] loop0: detected capacity change from 0 to 2048
[   38.211563] loop0: detected capacity change from 0 to 2048
[   38.236716] loop0: detected capacity change from 0 to 2048
[   38.270029] loop0: detected capacity change from 0 to 2048
[   38.302219] loop0: detected capacity change from 0 to 2048
[   38.329408] loop0: detected capacity change from 0 to 2048
[   38.350191] loop0: detected capacity change from 0 to 2048
[   38.387349] loop0: detected capacity change from 0 to 2048
[   38.417455] loop0: detected capacity change from 0 to 2048
[   38.459130] loop0: detected capacity change from 0 to 2048
[   38.514129] loop0: detected capacity change from 0 to 2048
[   38.552930] loop0: detected capacity change from 0 to 2048
[   38.596973] loop0: detected capacity change from 0 to 2048
[   38.619736] loop0: detected capacity change from 0 to 2048
[   38.662411] loop0: detected capacity change from 0 to 2048
[   38.692839] loop0: detected capacity change from 0 to 2048
[   38.717398] loop0: detected capacity change from 0 to 2048
[   38.749804] loop0: detected capacity change from 0 to 2048
[   38.750309] I/O error, dev loop0, sector 0 op 0x0:(READ) flags 0x80700 phys_seg 1 prio class 2
[   38.786578] loop0: detected capacity change from 0 to 2048
[   38.815193] loop0: detected capacity change from 0 to 2048
[   38.835623] loop0: detected capacity change from 0 to 2048
[   38.870190] loop0: detected capacity change from 0 to 2048
[   38.900584] loop0: detected capacity change from 0 to 2048
[   38.927901] loop0: detected capacity change from 0 to 2048
[   38.964467] loop0: detected capacity change from 0 to 2048
[   38.995806] loop0: detected capacity change from 0 to 2048
[   39.022769] loop0: detected capacity change from 0 to 2048
[   39.050384] loop0: detected capacity change from 0 to 2048
[   39.078063] loop0: detected capacity change from 0 to 2048
[   39.099285] loop0: detected capacity change from 0 to 2048
[   39.132324] loop0: detected capacity change from 0 to 2048
[   39.165823] loop0: detected capacity change from 0 to 2048
[   39.203594] loop0: detected capacity change from 0 to 2048
[   39.228129] loop0: detected capacity change from 0 to 2048
[   39.266439] loop0: detected capacity change from 0 to 2048
[   39.305608] loop0: detected capacity change from 0 to 2048
[   39.338648] loop0: detected capacity change from 0 to 2048
[   39.366123] loop0: detected capacity change from 0 to 2048
[   39.408459] loop0: detected capacity change from 0 to 2048
[   39.443985] loop0: detected capacity change from 0 to 2048
[   39.485182] loop0: detected capacity change from 0 to 2048
[   39.531142] loop0: detected capacity change from 0 to 2048
[   39.571331] loop0: detected capacity change from 0 to 2048
[   39.571837] I/O error, dev loop0, sector 0 op 0x0:(READ) flags 0x80700 phys_seg 1 prio class 2
[   39.602500] loop0: detected capacity change from 0 to 2048
[   39.630371] loop0: detected capacity change from 0 to 2048
[   39.665888] loop0: detected capacity change from 0 to 2048
[   39.692388] loop0: detected capacity change from 0 to 2048
[   39.719065] loop0: detected capacity change from 0 to 2048
[   39.745707] loop0: detected capacity change from 0 to 2048
[   39.778548] loop0: detected capacity change from 0 to 2048
[   39.814924] loop0: detected capacity change from 0 to 2048
[   39.845329] loop0: detected capacity change from 0 to 2048
[   39.868303] loop0: detected capacity change from 0 to 2048
[   39.900284] loop0: detected capacity change from 0 to 2048
[   39.927560] loop0: detected capacity change from 0 to 2048
[   39.953153] loop0: detected capacity change from 0 to 2048
[   39.983324] loop0: detected capacity change from 0 to 2048
[   40.014234] loop0: detected capacity change from 0 to 2048
[   40.043209] loop0: detected capacity change from 0 to 2048
[   40.069958] loop0: detected capacity change from 0 to 2048
[   40.100095] loop0: detected capacity change from 0 to 2048
[   40.100846] I/O error, dev loop0, sector 0 op 0x0:(READ) flags 0x80700 phys_seg 1 prio class 2
[   40.130827] loop0: detected capacity change from 0 to 2048
[   40.156993] loop0: detected capacity change from 0 to 2048
[   40.196347] loop0: detected capacity change from 0 to 2048
[   40.231342] loop0: detected capacity change from 0 to 2048
[   40.257923] loop0: detected capacity change from 0 to 2048
[   40.258302] I/O error, dev loop0, sector 0 op 0x0:(READ) flags 0x80700 phys_seg 1 prio class 2
[   40.298763] loop0: detected capacity change from 0 to 2048
[   40.336268] loop0: detected capacity change from 0 to 2048
[   40.357913] loop0: detected capacity change from 0 to 2048
[   40.384285] loop0: detected capacity change from 0 to 2048
[   40.418272] loop0: detected capacity change from 0 to 2048
[   40.455914] loop0: detected capacity change from 0 to 2048
[   40.497933] loop0: detected capacity change from 0 to 2048
[   40.540230] loop0: detected capacity change from 0 to 2048
[   40.602989] loop0: detected capacity change from 0 to 2048
[   40.631574] loop0: detected capacity change from 0 to 2048
[   40.664792] loop0: detected capacity change from 0 to 2048
[   40.690997] loop0: detected capacity change from 0 to 2048
[   40.717905] loop0: detected capacity change from 0 to 2048
[   40.743599] loop0: detected capacity change from 0 to 2048
[   40.781880] loop0: detected capacity change from 0 to 2048
[   40.810223] loop0: detected capacity change from 0 to 2048
[   40.841964] loop0: detected capacity change from 0 to 2048
[   40.875292] loop0: detected capacity change from 0 to 2048
[   40.896850] loop0: detected capacity change from 0 to 2048
[   40.930152] loop0: detected capacity change from 0 to 2048
[   40.930558] I/O error, dev loop0, sector 0 op 0x0:(READ) flags 0x80700 phys_seg 1 prio class 2
[   40.955620] loop0: detected capacity change from 0 to 2048
[   40.988413] loop0: detected capacity change from 0 to 2048
[   41.022337] loop0: detected capacity change from 0 to 2048
[   41.055699] loop0: detected capacity change from 0 to 2048
[   41.093514] loop0: detected capacity change from 0 to 2048
[   41.130303] loop0: detected capacity change from 0 to 2048
[   41.164419] loop0: detected capacity change from 0 to 2048
[   41.195388] loop0: detected capacity change from 0 to 2048
[   41.233549] loop0: detected capacity change from 0 to 2048
[   41.261001] loop0: detected capacity change from 0 to 2048
[   41.295821] loop0: detected capacity change from 0 to 2048
[   41.330517] loop0: detected capacity change from 0 to 2048
[   41.353542] loop0: detected capacity change from 0 to 2048
[   41.383363] loop0: detected capacity change from 0 to 2048
[   41.408407] loop0: detected capacity change from 0 to 2048
[   41.439693] loop0: detected capacity change from 0 to 2048
[   41.478098] loop0: detected capacity change from 0 to 2048
[   41.518647] loop0: detected capacity change from 0 to 2048
[   41.536836] loop0: detected capacity change from 0 to 2048
[   41.567127] loop0: detected capacity change from 0 to 2048
[   41.589394] loop0: detected capacity change from 0 to 2048
[   41.624597] loop0: detected capacity change from 0 to 2048
[   41.659038] loop0: detected capacity change from 0 to 2048
[   41.691280] loop0: detected capacity change from 0 to 2048
[   41.715686] loop0: detected capacity change from 0 to 2048
[   41.746503] loop0: detected capacity change from 0 to 2048
[   41.773113] loop0: detected capacity change from 0 to 2048
[   41.798124] loop0: detected capacity change from 0 to 2048
[   41.820758] loop0: detected capacity change from 0 to 2048
[   41.855461] loop0: detected capacity change from 0 to 2048
[   41.884046] loop0: detected capacity change from 0 to 2048
[   41.884541] I/O error, dev loop0, sector 0 op 0x0:(READ) flags 0x80700 phys_seg 1 prio class 2
[   41.927353] loop0: detected capacity change from 0 to 2048
[   41.957121] loop0: detected capacity change from 0 to 2048
[   42.001925] loop0: detected capacity change from 0 to 2048
[   42.029359] loop0: detected capacity change from 0 to 2048
[   42.052638] loop0: detected capacity change from 0 to 2048
[   42.097610] loop0: detected capacity change from 0 to 2048
[   42.117016] loop0: detected capacity change from 0 to 2048
[   42.145522] loop0: detected capacity change from 0 to 2048
[   42.146101] I/O error, dev loop0, sector 0 op 0x0:(READ) flags 0x80700 phys_seg 1 prio class 2
[   42.174031] loop0: detected capacity change from 0 to 2048
[   42.206159] loop0: detected capacity change from 0 to 2048
[   42.238654] loop0: detected capacity change from 0 to 2048
[   42.267427] loop0: detected capacity change from 0 to 2048
[   42.300119] loop0: detected capacity change from 0 to 2048
[   42.331511] loop0: detected capacity change from 0 to 2048
[   42.356421] loop0: detected capacity change from 0 to 2048
[   42.379435] loop0: detected capacity change from 0 to 2048
[   42.407673] loop0: detected capacity change from 0 to 2048
[   42.437146] loop0: detected capacity change from 0 to 2048
[   42.480120] loop0: detected capacity change from 0 to 2048
[   42.512501] loop0: detected capacity change from 0 to 2048
[   42.530362] loop0: detected capacity change from 0 to 2048
[   42.562190] loop0: detected capacity change from 0 to 2048
[   42.596960] loop0: detected capacity change from 0 to 2048
[   42.617016] loop0: detected capacity change from 0 to 2048
[   42.641981] loop0: detected capacity change from 0 to 2048
[   42.674708] loop0: detected capacity change from 0 to 2048
[   42.708849] loop0: detected capacity change from 0 to 2048
[   42.740310] loop0: detected capacity change from 0 to 2048
[   42.773980] loop0: detected capacity change from 0 to 2048
[   42.807603] loop0: detected capacity change from 0 to 2048
[   42.838060] loop0: detected capacity change from 0 to 2048
[   42.876301] loop0: detected capacity change from 0 to 2048
[   42.917091] loop0: detected capacity change from 0 to 2048
[   42.949474] loop0: detected capacity change from 0 to 2048
[   42.987521] loop0: detected capacity change from 0 to 2048
[   43.015352] loop0: detected capacity change from 0 to 2048
[   43.044615] loop0: detected capacity change from 0 to 2048
[   43.071600] loop0: detected capacity change from 0 to 2048
[   43.104459] loop0: detected capacity change from 0 to 2048
[   43.128330] loop0: detected capacity change from 0 to 2048
[   43.161447] loop0: detected capacity change from 0 to 2048
[   43.161795] I/O error, dev loop0, sector 0 op 0x0:(READ) flags 0x80700 phys_seg 1 prio class 2
[   43.199334] loop0: detected capacity change from 0 to 2048
[   43.230207] loop0: detected capacity change from 0 to 2048
[   43.254964] loop0: detected capacity change from 0 to 2048
[   43.289875] loop0: detected capacity change from 0 to 2048
[   43.311828] loop0: detected capacity change from 0 to 2048
[   43.332615] loop0: detected capacity change from 0 to 2048
[   43.362675] loop0: detected capacity change from 0 to 2048
[   43.388829] loop0: detected capacity change from 0 to 2048
[   43.418025] loop0: detected capacity change from 0 to 2048
[   43.450448] loop0: detected capacity change from 0 to 2048
[   43.484200] loop0: detected capacity change from 0 to 2048
[   43.523043] loop0: detected capacity change from 0 to 2048
[   43.523532] I/O error, dev loop0, sector 0 op 0x0:(READ) flags 0x80700 phys_seg 1 prio class 2
[   43.557589] loop0: detected capacity change from 0 to 2048
[   43.599889] loop0: detected capacity change from 0 to 2048
[   43.628126] loop0: detected capacity change from 0 to 2048
[   43.654678] loop0: detected capacity change from 0 to 2048
[   43.689997] loop0: detected capacity change from 0 to 2048
[   43.723111] loop0: detected capacity change from 0 to 2048
[   43.767881] loop0: detected capacity change from 0 to 2048
[   43.806765] loop0: detected capacity change from 0 to 2048
[   43.844655] loop0: detected capacity change from 0 to 2048
[   43.893423] loop0: detected capacity change from 0 to 2048
[   43.928049] loop0: detected capacity change from 0 to 2048
[   43.964610] loop0: detected capacity change from 0 to 2048
[   43.989899] loop0: detected capacity change from 0 to 2048
[   44.028622] loop0: detected capacity change from 0 to 2048
[   44.029070] I/O error, dev loop0, sector 0 op 0x0:(READ) flags 0x80700 phys_seg 1 prio class 2
[   44.072599] loop0: detected capacity change from 0 to 2048
[   44.107273] loop0: detected capacity change from 0 to 2048
[   44.148935] loop0: detected capacity change from 0 to 2048
[   44.181306] loop0: detected capacity change from 0 to 2048
[   44.225771] loop0: detected capacity change from 0 to 2048
[   44.263098] loop0: detected capacity change from 0 to 2048
[   44.292063] loop0: detected capacity change from 0 to 2048
[   44.342350] loop0: detected capacity change from 0 to 2048
[   44.374390] loop0: detected capacity change from 0 to 2048
[   44.405459] loop0: detected capacity change from 0 to 2048
[   44.458597] loop0: detected capacity change from 0 to 2048
[   44.459758] I/O error, dev loop0, sector 0 op 0x0:(READ) flags 0x80700 phys_seg 1 prio class 2
[   44.459820] I/O error, dev loop0, sector 0 op 0x0:(READ) flags 0x0 phys_seg 1 prio class 2
[   44.459839] Buffer I/O error on dev loop0, logical block 0, async page read
[   44.459945] I/O error, dev loop0, sector 0 op 0x0:(READ) flags 0x0 phys_seg 1 prio class 2
[   44.465963] Buffer I/O error on dev loop0, logical block 0, async page read
[   44.512540] loop0: detected capacity change from 0 to 2048
[   44.561479] loop0: detected capacity change from 0 to 2048
[   44.599556] loop0: detected capacity change from 0 to 2048
[   44.641656] loop0: detected capacity change from 0 to 2048
[   44.683922] loop0: detected capacity change from 0 to 2048
[   44.721291] loop0: detected capacity change from 0 to 2048
[   44.757287] loop0: detected capacity change from 0 to 2048
[   44.796980] loop0: detected capacity change from 0 to 2048
[   44.824911] loop0: detected capacity change from 0 to 2048
[   44.856501] loop0: detected capacity change from 0 to 2048
[   44.895289] loop0: detected capacity change from 0 to 2048
[   44.937489] loop0: detected capacity change from 0 to 2048
[   44.975881] loop0: detected capacity change from 0 to 2048
[   45.012120] loop0: detected capacity change from 0 to 2048
[   45.053902] loop0: detected capacity change from 0 to 2048
[   45.077803] loop0: detected capacity change from 0 to 2048
[   45.116518] loop0: detected capacity change from 0 to 2048
[   45.151659] loop0: detected capacity change from 0 to 2048
[   45.152166] I/O error, dev loop0, sector 0 op 0x0:(READ) flags 0x80700 phys_seg 1 prio class 2
[   45.195962] loop0: detected capacity change from 0 to 2048
[   45.196902] Buffer I/O error on dev loop0, logical block 0, async page read
[   45.234129] loop0: detected capacity change from 0 to 2048
[   45.269039] loop0: detected capacity change from 0 to 2048
[   45.308007] loop0: detected capacity change from 0 to 2048
[   45.342190] loop0: detected capacity change from 0 to 2048
[   45.372673] loop0: detected capacity change from 0 to 2048
[   45.416579] loop0: detected capacity change from 0 to 2048
[   45.463621] loop0: detected capacity change from 0 to 2048
[   45.517502] loop0: detected capacity change from 0 to 2048
[   45.561316] loop0: detected capacity change from 0 to 2048
[   45.586617] loop0: detected capacity change from 0 to 2048
[   45.632259] loop0: detected capacity change from 0 to 2048
[   45.669684] loop0: detected capacity change from 0 to 2048
[   45.708068] loop0: detected capacity change from 0 to 2048
[   45.742231] loop0: detected capacity change from 0 to 2048
[   45.780058] loop0: detected capacity change from 0 to 2048
[   45.818627] loop0: detected capacity change from 0 to 2048
[   45.858615] loop0: detected capacity change from 0 to 2048
[   45.888615] loop0: detected capacity change from 0 to 2048
[   45.929715] loop0: detected capacity change from 0 to 2048
[   45.969269] loop0: detected capacity change from 0 to 2048
[   46.008762] loop0: detected capacity change from 0 to 2048
[   46.044574] loop0: detected capacity change from 0 to 2048
[   46.075616] loop0: detected capacity change from 0 to 2048
[   46.103313] loop0: detected capacity change from 0 to 2048
[   46.142692] loop0: detected capacity change from 0 to 2048
[   46.172476] loop0: detected capacity change from 0 to 2048
[   46.203100] loop0: detected capacity change from 0 to 2048
[   46.232178] loop0: detected capacity change from 0 to 2048
[   46.265874] loop0: detected capacity change from 0 to 2048
[   46.303040] loop0: detected capacity change from 0 to 2048
[   46.344227] loop0: detected capacity change from 0 to 2048
[   46.373001] loop0: detected capacity change from 0 to 2048
[   46.373710] blk_print_req_error: 2 callbacks suppressed
[   46.373725] I/O error, dev loop0, sector 0 op 0x0:(READ) flags 0x80700 phys_seg 1 prio class 2
[   46.419957] loop0: detected capacity change from 0 to 2048
[   46.457038] loop0: detected capacity change from 0 to 2048
[   46.499062] loop0: detected capacity change from 0 to 2048
[   46.551567] loop0: detected capacity change from 0 to 2048
[   46.593371] loop0: detected capacity change from 0 to 2048
[   46.633510] loop0: detected capacity change from 0 to 2048
[   46.662741] loop0: detected capacity change from 0 to 2048
[   46.714108] loop0: detected capacity change from 0 to 2048
[   46.745680] loop0: detected capacity change from 0 to 2048
[   46.746776] I/O error, dev loop0, sector 0 op 0x0:(READ) flags 0x80700 phys_seg 1 prio class 2
[   46.784346] loop0: detected capacity change from 0 to 2048
[   46.823587] loop0: detected capacity change from 0 to 2048
[   46.869683] loop0: detected capacity change from 0 to 2048
[   46.902633] loop0: detected capacity change from 0 to 2048
[   46.941486] loop0: detected capacity change from 0 to 2048
[   46.975628] loop0: detected capacity change from 0 to 2048
[   47.015337] loop0: detected capacity change from 0 to 2048
[   47.051531] loop0: detected capacity change from 0 to 2048
[   47.086334] loop0: detected capacity change from 0 to 2048
[   47.134451] loop0: detected capacity change from 0 to 2048
[   47.162681] loop0: detected capacity change from 0 to 2048
[   47.202480] loop0: detected capacity change from 0 to 2048
[   47.231506] loop0: detected capacity change from 0 to 2048
[   47.271380] loop0: detected capacity change from 0 to 2048
[   47.303113] loop0: detected capacity change from 0 to 2048
[   47.335300] loop0: detected capacity change from 0 to 2048
[   47.376790] loop0: detected capacity change from 0 to 2048
[   47.377363] I/O error, dev loop0, sector 0 op 0x0:(READ) flags 0x80700 phys_seg 1 prio class 2
[   47.416459] loop0: detected capacity change from 0 to 2048
[   47.442305] loop0: detected capacity change from 0 to 2048
[   47.489712] loop0: detected capacity change from 0 to 2048
[   47.536740] loop0: detected capacity change from 0 to 2048
[   47.577862] loop0: detected capacity change from 0 to 2048
[   47.613897] loop0: detected capacity change from 0 to 2048
[   47.644940] loop0: detected capacity change from 0 to 2048
[   47.683269] loop0: detected capacity change from 0 to 2048
[   47.718233] loop0: detected capacity change from 0 to 2048
[   47.745570] loop0: detected capacity change from 0 to 2048
[   47.776674] loop0: detected capacity change from 0 to 2048
[   47.795687] loop0: detected capacity change from 0 to 2048
[   47.831290] loop0: detected capacity change from 0 to 2048
[   47.851933] loop0: detected capacity change from 0 to 2048
[   47.883122] loop0: detected capacity change from 0 to 2048
[   47.905530] loop0: detected capacity change from 0 to 2048
[   47.932943] loop0: detected capacity change from 0 to 2048
[   47.960570] loop0: detected capacity change from 0 to 2048
[   48.002058] loop0: detected capacity change from 0 to 2048
[   48.026540] loop0: detected capacity change from 0 to 2048
[   48.060505] loop0: detected capacity change from 0 to 2048
[   48.093084] loop0: detected capacity change from 0 to 2048
[   48.113608] loop0: detected capacity change from 0 to 2048
[   48.142343] loop0: detected capacity change from 0 to 2048
[   48.167503] loop0: detected capacity change from 0 to 2048
[   48.197474] loop0: detected capacity change from 0 to 2048
[   48.229985] loop0: detected capacity change from 0 to 2048
[   48.255962] loop0: detected capacity change from 0 to 2048
[   48.279488] loop0: detected capacity change from 0 to 2048
[   48.280176] I/O error, dev loop0, sector 0 op 0x0:(READ) flags 0x80700 phys_seg 1 prio class 2
[   48.312969] loop0: detected capacity change from 0 to 2048
[   48.351859] loop0: detected capacity change from 0 to 2048
[   48.352540] I/O error, dev loop0, sector 0 op 0x0:(READ) flags 0x80700 phys_seg 1 prio class 2
[   48.388533] loop0: detected capacity change from 0 to 2048
[   48.421284] loop0: detected capacity change from 0 to 2048
[   48.456964] loop0: detected capacity change from 0 to 2048
[   48.521290] loop0: detected capacity change from 0 to 2048
[   48.569692] loop0: detected capacity change from 0 to 2048
[   48.602017] loop0: detected capacity change from 0 to 2048
[   48.642349] loop0: detected capacity change from 0 to 2048
[   48.668987] loop0: detected capacity change from 0 to 2048
[   48.711507] loop0: detected capacity change from 0 to 2048
[   48.752570] loop0: detected capacity change from 0 to 2048
[   48.786244] loop0: detected capacity change from 0 to 2048
[   48.830363] loop0: detected capacity change from 0 to 2048
[   48.875317] loop0: detected capacity change from 0 to 2048
[   48.904565] loop0: detected capacity change from 0 to 2048
[   48.940659] loop0: detected capacity change from 0 to 2048
[   48.972162] loop0: detected capacity change from 0 to 2048
[   49.004046] loop0: detected capacity change from 0 to 2048
[   49.005106] I/O error, dev loop0, sector 0 op 0x0:(READ) flags 0x80700 phys_seg 1 prio class 2
[   49.037641] loop0: detected capacity change from 0 to 2048
[   49.092639] loop0: detected capacity change from 0 to 2048
[   49.119467] loop0: detected capacity change from 0 to 2048
[   49.156423] loop0: detected capacity change from 0 to 2048
[   49.195925] loop0: detected capacity change from 0 to 2048
[   49.225465] loop0: detected capacity change from 0 to 2048
[   49.265251] loop0: detected capacity change from 0 to 2048
[   49.294406] loop0: detected capacity change from 0 to 2048
[   49.323773] loop0: detected capacity change from 0 to 2048
[   49.350094] loop0: detected capacity change from 0 to 2048
[   49.397983] loop0: detected capacity change from 0 to 2048
[   49.443554] loop0: detected capacity change from 0 to 2048
[   49.484120] loop0: detected capacity change from 0 to 2048
[   49.533451] loop0: detected capacity change from 0 to 2048
[   49.568864] loop0: detected capacity change from 0 to 2048
[   49.569191] I/O error, dev loop0, sector 0 op 0x0:(READ) flags 0x80700 phys_seg 1 prio class 2
[   49.608360] loop0: detected capacity change from 0 to 2048
[   49.632667] loop0: detected capacity change from 0 to 2048
[   49.686996] loop0: detected capacity change from 0 to 2048
[   49.721779] loop0: detected capacity change from 0 to 2048
[   49.759899] loop0: detected capacity change from 0 to 2048
[   49.783721] loop0: detected capacity change from 0 to 2048
[   49.826176] loop0: detected capacity change from 0 to 2048
[   49.854753] loop0: detected capacity change from 0 to 2048
[   49.905399] loop0: detected capacity change from 0 to 2048
[   49.935515] loop0: detected capacity change from 0 to 2048
[   49.973362] loop0: detected capacity change from 0 to 2048
[   49.999400] loop0: detected capacity change from 0 to 2048
[   50.046198] loop0: detected capacity change from 0 to 2048
[   50.081771] loop0: detected capacity change from 0 to 2048
[   50.116625] loop0: detected capacity change from 0 to 2048
[   50.153254] loop0: detected capacity change from 0 to 2048
[   50.188095] loop0: detected capacity change from 0 to 2048
[   50.223834] loop0: detected capacity change from 0 to 2048
[   50.260253] loop0: detected capacity change from 0 to 2048
[   50.292856] loop0: detected capacity change from 0 to 2048
[   50.335305] loop0: detected capacity change from 0 to 2048
[   50.382254] loop0: detected capacity change from 0 to 2048
[   50.408220] loop0: detected capacity change from 0 to 2048
[   50.408634] I/O error, dev loop0, sector 0 op 0x0:(READ) flags 0x80700 phys_seg 1 prio class 2
[   50.438081] loop0: detected capacity change from 0 to 2048
[   50.495710] loop0: detected capacity change from 0 to 2048
[   50.542222] loop0: detected capacity change from 0 to 2048
[   50.580268] loop0: detected capacity change from 0 to 2048
[   50.624911] loop0: detected capacity change from 0 to 2048
[   50.654153] loop0: detected capacity change from 0 to 2048
[   50.691175] loop0: detected capacity change from 0 to 2048
[   50.727907] loop0: detected capacity change from 0 to 2048
[   50.759042] loop0: detected capacity change from 0 to 2048
[   50.803256] loop0: detected capacity change from 0 to 2048
[   50.848916] loop0: detected capacity change from 0 to 2048
[   50.887088] loop0: detected capacity change from 0 to 2048
[   50.933016] loop0: detected capacity change from 0 to 2048
[   50.966378] loop0: detected capacity change from 0 to 2048
[   51.014458] loop0: detected capacity change from 0 to 2048
[   51.015624] I/O error, dev loop0, sector 0 op 0x0:(READ) flags 0x80700 phys_seg 1 prio class 2
[   51.015692] I/O error, dev loop0, sector 0 op 0x0:(READ) flags 0x0 phys_seg 1 prio class 2
[   51.015713] Buffer I/O error on dev loop0, logical block 0, async page read
[   51.015752] Buffer I/O error on dev loop0, logical block 0, async page read
[   51.062571] loop0: detected capacity change from 0 to 2048
[   51.063143] Buffer I/O error on dev loop0, logical block 0, async page read
[   51.092721] loop0: detected capacity change from 0 to 2048
[   51.141924] loop0: detected capacity change from 0 to 2048
[   51.174558] loop0: detected capacity change from 0 to 2048
[   51.211586] loop0: detected capacity change from 0 to 2048
[   51.258043] loop0: detected capacity change from 0 to 2048
[   51.290566] loop0: detected capacity change from 0 to 2048
[   51.331967] loop0: detected capacity change from 0 to 2048
[   51.368233] loop0: detected capacity change from 0 to 2048
[   51.403108] loop0: detected capacity change from 0 to 2048
[   51.444342] loop0: detected capacity change from 0 to 2048
[   51.501715] loop0: detected capacity change from 0 to 2048
[   51.554250] loop0: detected capacity change from 0 to 2048
[   51.583261] loop0: detected capacity change from 0 to 2048
[   51.622102] loop0: detected capacity change from 0 to 2048
[   51.663535] loop0: detected capacity change from 0 to 2048
[   51.709560] loop0: detected capacity change from 0 to 2048
[   51.754684] loop0: detected capacity change from 0 to 2048
[   51.796446] loop0: detected capacity change from 0 to 2048
[   51.842286] loop0: detected capacity change from 0 to 2048
[   51.842981] blk_print_req_error: 3 callbacks suppressed
[   51.842997] I/O error, dev loop0, sector 0 op 0x0:(READ) flags 0x80700 phys_seg 1 prio class 2
[   51.888442] loop0: detected capacity change from 0 to 2048
[   51.924031] loop0: detected capacity change from 0 to 2048
[   51.956626] loop0: detected capacity change from 0 to 2048
[   51.999321] loop0: detected capacity change from 0 to 2048
[   52.040085] loop0: detected capacity change from 0 to 2048
[   52.077616] loop0: detected capacity change from 0 to 2048
[   52.113071] loop0: detected capacity change from 0 to 2048
[   52.149561] loop0: detected capacity change from 0 to 2048
[   52.186988] loop0: detected capacity change from 0 to 2048
[   52.224103] loop0: detected capacity change from 0 to 2048
[   52.252848] loop0: detected capacity change from 0 to 2048
[   52.302164] loop0: detected capacity change from 0 to 2048
[   52.303413] I/O error, dev loop0, sector 0 op 0x0:(READ) flags 0x80700 phys_seg 1 prio class 2
[   52.303480] I/O error, dev loop0, sector 0 op 0x0:(READ) flags 0x0 phys_seg 1 prio class 2
[   52.306781] Buffer I/O error on dev loop0, logical block 0, async page read
[   52.351098] loop0: detected capacity change from 0 to 2048
[   52.351962] I/O error, dev loop0, sector 0 op 0x0:(READ) flags 0x80700 phys_seg 1 prio class 2
[   52.389120] loop0: detected capacity change from 0 to 2048
[   52.427263] loop0: detected capacity change from 0 to 2048
[   52.486148] loop0: detected capacity change from 0 to 2048
[   52.546689] loop0: detected capacity change from 0 to 2048
[   52.588501] loop0: detected capacity change from 0 to 2048
[   52.614570] loop0: detected capacity change from 0 to 2048
[   52.648817] loop0: detected capacity change from 0 to 2048
[   52.693191] loop0: detected capacity change from 0 to 2048
[   52.732952] loop0: detected capacity change from 0 to 2048
[   52.733669] I/O error, dev loop0, sector 0 op 0x0:(READ) flags 0x80700 phys_seg 1 prio class 2
[   52.775828] loop0: detected capacity change from 0 to 2048
[   52.813569] loop0: detected capacity change from 0 to 2048
[   52.856781] loop0: detected capacity change from 0 to 2048
[   52.900773] loop0: detected capacity change from 0 to 2048
[   52.936473] loop0: detected capacity change from 0 to 2048
[   52.981040] loop0: detected capacity change from 0 to 2048
[   53.022210] loop0: detected capacity change from 0 to 2048
[   53.061780] loop0: detected capacity change from 0 to 2048
[   53.102040] loop0: detected capacity change from 0 to 2048
[   53.132173] loop0: detected capacity change from 0 to 2048
[   53.171699] loop0: detected capacity change from 0 to 2048
[   53.205163] loop0: detected capacity change from 0 to 2048
[   53.238419] loop0: detected capacity change from 0 to 2048
[   53.272100] loop0: detected capacity change from 0 to 2048
[   53.336210] loop0: detected capacity change from 0 to 2048
[   53.371538] loop0: detected capacity change from 0 to 2048
[   53.371947] I/O error, dev loop0, sector 0 op 0x0:(READ) flags 0x80700 phys_seg 1 prio class 2
[   53.415440] loop0: detected capacity change from 0 to 2048
[   53.460275] loop0: detected capacity change from 0 to 2048
[   53.511550] loop0: detected capacity change from 0 to 2048
[   53.563094] loop0: detected capacity change from 0 to 2048
[   53.599939] loop0: detected capacity change from 0 to 2048
[   53.600856] I/O error, dev loop0, sector 0 op 0x0:(READ) flags 0x80700 phys_seg 1 prio class 2
[   53.639862] loop0: detected capacity change from 0 to 2048
[   53.687189] loop0: detected capacity change from 0 to 2048
[   53.722606] loop0: detected capacity change from 0 to 2048
[   53.774048] loop0: detected capacity change from 0 to 2048
[   53.810609] loop0: detected capacity change from 0 to 2048
[   53.841627] loop0: detected capacity change from 0 to 2048
[   53.887077] loop0: detected capacity change from 0 to 2048
[   53.911626] loop0: detected capacity change from 0 to 2048
[   53.954254] loop0: detected capacity change from 0 to 2048
[   53.988598] loop0: detected capacity change from 0 to 2048
[   54.025325] loop0: detected capacity change from 0 to 2048
[   54.062246] loop0: detected capacity change from 0 to 2048
[   54.107722] loop0: detected capacity change from 0 to 2048
[   54.143051] loop0: detected capacity change from 0 to 2048
[   54.180057] loop0: detected capacity change from 0 to 2048
[   54.216101] loop0: detected capacity change from 0 to 2048
[   54.262082] loop0: detected capacity change from 0 to 2048
[   54.296301] loop0: detected capacity change from 0 to 2048
[   54.329154] loop0: detected capacity change from 0 to 2048
[   54.369504] loop0: detected capacity change from 0 to 2048
[   54.369967] I/O error, dev loop0, sector 0 op 0x0:(READ) flags 0x80700 phys_seg 1 prio class 2
[   54.415602] loop0: detected capacity change from 0 to 2048
[   54.456726] loop0: detected capacity change from 0 to 2048
[   54.527978] loop0: detected capacity change from 0 to 2048
[   54.564097] loop0: detected capacity change from 0 to 2048
[   54.606252] loop0: detected capacity change from 0 to 2048
[   54.643675] loop0: detected capacity change from 0 to 2048
[   54.689502] loop0: detected capacity change from 0 to 2048
[   54.725096] loop0: detected capacity change from 0 to 2048
[   54.761348] loop0: detected capacity change from 0 to 2048
[   54.806402] loop0: detected capacity change from 0 to 2048
[   54.851731] loop0: detected capacity change from 0 to 2048
[   54.881978] loop0: detected capacity change from 0 to 2048
[   54.929817] loop0: detected capacity change from 0 to 2048
[   54.967450] loop0: detected capacity change from 0 to 2048
[   55.008982] loop0: detected capacity change from 0 to 2048
[   55.056495] loop0: detected capacity change from 0 to 2048
[   55.093440] loop0: detected capacity change from 0 to 2048
[   55.137184] loop0: detected capacity change from 0 to 2048
[   55.175936] loop0: detected capacity change from 0 to 2048
[   55.219133] loop0: detected capacity change from 0 to 2048
[   55.249088] loop0: detected capacity change from 0 to 2048
[   55.249773] I/O error, dev loop0, sector 0 op 0x0:(READ) flags 0x80700 phys_seg 1 prio class 2
[   55.289078] loop0: detected capacity change from 0 to 2048
[   55.339312] loop0: detected capacity change from 0 to 2048
[   55.379978] loop0: detected capacity change from 0 to 2048
[   55.421222] loop0: detected capacity change from 0 to 2048
[   55.422284] I/O error, dev loop0, sector 0 op 0x0:(READ) flags 0x80700 phys_seg 1 prio class 2
[   55.475891] loop0: detected capacity change from 0 to 2048
[   55.476769] Buffer I/O error on dev loop0, logical block 0, async page read
[   55.524984] loop0: detected capacity change from 0 to 2048
[   55.574046] loop0: detected capacity change from 0 to 2048
[   55.618359] loop0: detected capacity change from 0 to 2048
[   55.653882] loop0: detected capacity change from 0 to 2048
[   55.695642] loop0: detected capacity change from 0 to 2048
[   55.734536] loop0: detected capacity change from 0 to 2048
[   55.778042] loop0: detected capacity change from 0 to 2048
[   55.818709] loop0: detected capacity change from 0 to 2048
[   55.849628] loop0: detected capacity change from 0 to 2048
[   55.889416] loop0: detected capacity change from 0 to 2048
[   55.937892] loop0: detected capacity change from 0 to 2048
[   55.969097] loop0: detected capacity change from 0 to 2048
[   56.018555] loop0: detected capacity change from 0 to 2048
[   56.053144] loop0: detected capacity change from 0 to 2048
[   56.083131] loop0: detected capacity change from 0 to 2048
[   56.125802] loop0: detected capacity change from 0 to 2048
[   56.155922] loop0: detected capacity change from 0 to 2048
[   56.205855] loop0: detected capacity change from 0 to 2048
[   56.240674] loop0: detected capacity change from 0 to 2048
[   56.273536] loop0: detected capacity change from 0 to 2048
[   56.311118] loop0: detected capacity change from 0 to 2048
[   56.349850] loop0: detected capacity change from 0 to 2048
[   56.383410] loop0: detected capacity change from 0 to 2048
[   56.431073] loop0: detected capacity change from 0 to 2048
[   56.489059] loop0: detected capacity change from 0 to 2048
[   56.541262] loop0: detected capacity change from 0 to 2048
[   56.585025] loop0: detected capacity change from 0 to 2048
[   56.620572] loop0: detected capacity change from 0 to 2048
[   56.654880] loop0: detected capacity change from 0 to 2048
[   56.686394] loop0: detected capacity change from 0 to 2048
[   56.713986] loop0: detected capacity change from 0 to 2048
[   56.755163] loop0: detected capacity change from 0 to 2048
[   56.792892] loop0: detected capacity change from 0 to 2048
[   56.831023] loop0: detected capacity change from 0 to 2048
[   56.868406] loop0: detected capacity change from 0 to 2048
[   56.904921] loop0: detected capacity change from 0 to 2048
[   56.934371] loop0: detected capacity change from 0 to 2048
[   56.966111] loop0: detected capacity change from 0 to 2048
[   57.006136] loop0: detected capacity change from 0 to 2048
[   57.045379] loop0: detected capacity change from 0 to 2048
[   57.075462] loop0: detected capacity change from 0 to 2048
[   57.121744] loop0: detected capacity change from 0 to 2048
[   57.151895] loop0: detected capacity change from 0 to 2048
[   57.152284] blk_print_req_error: 2 callbacks suppressed
[   57.152300] I/O error, dev loop0, sector 0 op 0x0:(READ) flags 0x80700 phys_seg 1 prio class 2
[   57.187640] loop0: detected capacity change from 0 to 2048
[   57.228863] loop0: detected capacity change from 0 to 2048
[   57.272164] loop0: detected capacity change from 0 to 2048
[   57.303146] loop0: detected capacity change from 0 to 2048
[   57.333961] loop0: detected capacity change from 0 to 2048
[   57.378705] loop0: detected capacity change from 0 to 2048
[   57.408189] loop0: detected capacity change from 0 to 2048
[   57.447920] loop0: detected capacity change from 0 to 2048
[   57.495180] loop0: detected capacity change from 0 to 2048
[   57.548000] loop0: detected capacity change from 0 to 2048
[   57.574881] loop0: detected capacity change from 0 to 2048
[   57.611651] loop0: detected capacity change from 0 to 2048
[   57.653384] loop0: detected capacity change from 0 to 2048
[   57.684696] loop0: detected capacity change from 0 to 2048
[   57.730472] loop0: detected capacity change from 0 to 2048
[   57.769105] loop0: detected capacity change from 0 to 2048
[   57.770001] I/O error, dev loop0, sector 0 op 0x0:(READ) flags 0x80700 phys_seg 1 prio class 2
[   57.812907] loop0: detected capacity change from 0 to 2048
[   57.846450] loop0: detected capacity change from 0 to 2048
[   57.847343] I/O error, dev loop0, sector 0 op 0x0:(READ) flags 0x80700 phys_seg 1 prio class 2
[   57.888749] loop0: detected capacity change from 0 to 2048
[   57.918675] loop0: detected capacity change from 0 to 2048
[   57.957142] loop0: detected capacity change from 0 to 2048
[   57.988501] loop0: detected capacity change from 0 to 2048
[   58.029699] loop0: detected capacity change from 0 to 2048
[   58.059440] loop0: detected capacity change from 0 to 2048
[   58.104299] loop0: detected capacity change from 0 to 2048
[   58.141301] loop0: detected capacity change from 0 to 2048
[   58.182608] loop0: detected capacity change from 0 to 2048
[   58.222961] loop0: detected capacity change from 0 to 2048
[   58.253734] loop0: detected capacity change from 0 to 2048
[   58.295841] loop0: detected capacity change from 0 to 2048
[   58.336508] loop0: detected capacity change from 0 to 2048
[   58.336847] I/O error, dev loop0, sector 0 op 0x0:(READ) flags 0x80700 phys_seg 1 prio class 2
[   58.377661] loop0: detected capacity change from 0 to 2048
[   58.411999] loop0: detected capacity change from 0 to 2048
[   58.449201] loop0: detected capacity change from 0 to 2048
[   58.496032] loop0: detected capacity change from 0 to 2048
[   58.543555] loop0: detected capacity change from 0 to 2048
[   58.582675] loop0: detected capacity change from 0 to 2048
[   58.619464] loop0: detected capacity change from 0 to 2048
[   58.653421] loop0: detected capacity change from 0 to 2048
[   58.699576] loop0: detected capacity change from 0 to 2048
[   58.731156] loop0: detected capacity change from 0 to 2048
[   58.765759] loop0: detected capacity change from 0 to 2048
[   58.801534] loop0: detected capacity change from 0 to 2048
[   58.843494] loop0: detected capacity change from 0 to 2048
[   58.880147] loop0: detected capacity change from 0 to 2048
[   58.929666] loop0: detected capacity change from 0 to 2048
[   58.962396] loop0: detected capacity change from 0 to 2048
[   58.998519] loop0: detected capacity change from 0 to 2048
[   58.999273] I/O error, dev loop0, sector 0 op 0x0:(READ) flags 0x80700 phys_seg 1 prio class 2
[   59.043041] loop0: detected capacity change from 0 to 2048
[   59.073733] loop0: detected capacity change from 0 to 2048
[   59.121709] loop0: detected capacity change from 0 to 2048
[   59.161458] loop0: detected capacity change from 0 to 2048
[   59.207882] loop0: detected capacity change from 0 to 2048
[   59.257657] loop0: detected capacity change from 0 to 2048
[   59.302590] loop0: detected capacity change from 0 to 2048
[   59.331595] loop0: detected capacity change from 0 to 2048
[   59.384273] loop0: detected capacity change from 0 to 2048
[   59.424829] loop0: detected capacity change from 0 to 2048
[   59.475429] loop0: detected capacity change from 0 to 2048
[   59.526168] loop0: detected capacity change from 0 to 2048
[   59.568343] loop0: detected capacity change from 0 to 2048
[   59.606988] loop0: detected capacity change from 0 to 2048
[   59.638698] loop0: detected capacity change from 0 to 2048
[   59.675162] loop0: detected capacity change from 0 to 2048
[   59.724233] loop0: detected capacity change from 0 to 2048
