c[?7l[2J[0mSeaBIOS (version rel-1.16.0-0-gd239552ce722-prebuilt.qemu.org)


iPXE (http://ipxe.org) 00:03.0 CA00 PCI2.10 PnP PMM+7FF91000+7FEF1000 CA00
Press Ctrl-B to configure iPXE (PCI 00:03.0)...                                                                               


Booting from ROM...
c[?7l[2J[    0.000000] Linux version 6.2.0-70756b49be4e+ (root@p-rpls01) (gcc (GCC) 8.5.0 20210514 (Red Hat 8.5.0-19), GNU ld version 2.36.1-2.el8) #1 SMP PREEMPT_DYNAMIC Wed Jun 28 01:15:57 CST 2023
[    0.000000] Command line: console=ttyS0 root=/dev/sda earlyprintk=serial net.ifnames=0 quiet plymouth.enable=0
[    0.000000] KERNEL supported cpus:
[    0.000000]   Intel GenuineIntel
[    0.000000]   AMD AuthenticAMD
[    0.000000]   Hygon HygonGenuine
[    0.000000]   Centaur CentaurHauls
[    0.000000]   zhaoxin   Shanghai  
[    0.000000] x86/fpu: Supporting XSAVE feature 0x001: 'x87 floating point registers'
[    0.000000] x86/fpu: Supporting XSAVE feature 0x002: 'SSE registers'
[    0.000000] x86/fpu: Supporting XSAVE feature 0x004: 'AVX registers'
[    0.000000] x86/fpu: Supporting XSAVE feature 0x200: 'Protection Keys User registers'
[    0.000000] x86/fpu: xstate_offset[2]:  576, xstate_sizes[2]:  256
[    0.000000] x86/fpu: xstate_offset[9]:  832, xstate_sizes[9]:    8
[    0.000000] x86/fpu: Enabled xstate features 0x207, context size is 840 bytes, using 'compacted' format.
[    0.000000] signal: max sigframe size: 3632
[    0.000000] BIOS-provided physical RAM map:
[    0.000000] BIOS-e820: [mem 0x0000000000000000-0x000000000009fbff] usable
[    0.000000] BIOS-e820: [mem 0x000000000009fc00-0x000000000009ffff] reserved
[    0.000000] BIOS-e820: [mem 0x00000000000f0000-0x00000000000fffff] reserved
[    0.000000] BIOS-e820: [mem 0x0000000000100000-0x000000007ffdffff] usable
[    0.000000] BIOS-e820: [mem 0x000000007ffe0000-0x000000007fffffff] reserved
[    0.000000] BIOS-e820: [mem 0x00000000feffc000-0x00000000feffffff] reserved
[    0.000000] BIOS-e820: [mem 0x00000000fffc0000-0x00000000ffffffff] reserved
[    0.000000] printk: bootconsole [earlyser0] enabled
[    0.289356] Spectre V2 : WARNING: Unprivileged eBPF is enabled with eIBRS on, data leaks possible via Spectre v2 BHB attacks!
[    7.531704] systemd[1]: Failed to start Load Kernel Modules.
[[0;1;31mFAILED[0m] Failed to start [0;1;39mLoad Kernel Modules[0m.

CentOS Stream 9
Kernel 6.2.0-70756b49be4e+ on an x86_64

Activate the web console with: systemctl enable --now cockpit.socket

test login: [   25.333275] loop0: detected capacity change from 0 to 2048
[   25.348490] EXT4-fs (loop0): mounted filesystem 00000000-0000-0000-0000-000000000000 without journal. Quota mode: none.
[   25.374260] EXT4-fs (loop0): unmounting filesystem 00000000-0000-0000-0000-000000000000.
[   25.398198] loop0: detected capacity change from 0 to 2048
[   25.411324] EXT4-fs (loop0): mounted filesystem 00000000-0000-0000-0000-000000000000 without journal. Quota mode: none.
[   25.434550] EXT4-fs (loop0): unmounting filesystem 00000000-0000-0000-0000-000000000000.
[   25.458395] loop0: detected capacity change from 0 to 2048
[   25.470753] EXT4-fs (loop0): mounted filesystem 00000000-0000-0000-0000-000000000000 without journal. Quota mode: none.
[   25.495318] EXT4-fs (loop0): unmounting filesystem 00000000-0000-0000-0000-000000000000.
[   25.515641] loop0: detected capacity change from 0 to 2048
[   25.523300] EXT4-fs (loop0): mounted filesystem 00000000-0000-0000-0000-000000000000 without journal. Quota mode: none.
[   25.534974] EXT4-fs (loop0): unmounting filesystem 00000000-0000-0000-0000-000000000000.
[   25.559117] loop0: detected capacity change from 0 to 2048
[   25.575537] EXT4-fs (loop0): mounted filesystem 00000000-0000-0000-0000-000000000000 without journal. Quota mode: none.
[   25.585769] EXT4-fs (loop0): unmounting filesystem 00000000-0000-0000-0000-000000000000.
[   25.612560] loop0: detected capacity change from 0 to 2048
[   25.623688] EXT4-fs (loop0): mounted filesystem 00000000-0000-0000-0000-000000000000 without journal. Quota mode: none.
[   25.631939] EXT4-fs (loop0): unmounting filesystem 00000000-0000-0000-0000-000000000000.
[   25.657115] loop0: detected capacity change from 0 to 2048
[   25.670626] EXT4-fs (loop0): mounted filesystem 00000000-0000-0000-0000-000000000000 without journal. Quota mode: none.
[   25.678903] EXT4-fs (loop0): unmounting filesystem 00000000-0000-0000-0000-000000000000.
[   25.697895] loop0: detected capacity change from 0 to 2048
[   25.706360] EXT4-fs (loop0): mounted filesystem 00000000-0000-0000-0000-000000000000 without journal. Quota mode: none.
[   25.723558] EXT4-fs (loop0): unmounting filesystem 00000000-0000-0000-0000-000000000000.
[   25.746866] loop0: detected capacity change from 0 to 2048
[   25.759293] EXT4-fs (loop0): mounted filesystem 00000000-0000-0000-0000-000000000000 without journal. Quota mode: none.
[   25.798159] EXT4-fs (loop0): unmounting filesystem 00000000-0000-0000-0000-000000000000.
[   25.819907] loop0: detected capacity change from 0 to 2048
[   25.826578] EXT4-fs (loop0): mounted filesystem 00000000-0000-0000-0000-000000000000 without journal. Quota mode: none.
[   25.833648] EXT4-fs (loop0): unmounting filesystem 00000000-0000-0000-0000-000000000000.
[   25.849545] loop0: detected capacity change from 0 to 2048
[   25.858871] EXT4-fs (loop0): mounted filesystem 00000000-0000-0000-0000-000000000000 without journal. Quota mode: none.
[   25.868986] EXT4-fs (loop0): unmounting filesystem 00000000-0000-0000-0000-000000000000.
[   25.892323] loop0: detected capacity change from 0 to 2048
[   25.898765] EXT4-fs (loop0): mounted filesystem 00000000-0000-0000-0000-000000000000 without journal. Quota mode: none.
[   25.910063] EXT4-fs (loop0): unmounting filesystem 00000000-0000-0000-0000-000000000000.
[   25.934293] loop0: detected capacity change from 0 to 2048
[   25.946288] EXT4-fs (loop0): mounted filesystem 00000000-0000-0000-0000-000000000000 without journal. Quota mode: none.
[   25.955588] EXT4-fs (loop0): unmounting filesystem 00000000-0000-0000-0000-000000000000.
[   25.980034] loop0: detected capacity change from 0 to 2048
[   25.986646] EXT4-fs (loop0): mounted filesystem 00000000-0000-0000-0000-000000000000 without journal. Quota mode: none.
[   25.996614] EXT4-fs (loop0): unmounting filesystem 00000000-0000-0000-0000-000000000000.
[   26.022408] loop0: detected capacity change from 0 to 2048
[   26.026438] EXT4-fs (loop0): mounted filesystem 00000000-0000-0000-0000-000000000000 without journal. Quota mode: none.
[   26.034130] EXT4-fs (loop0): unmounting filesystem 00000000-0000-0000-0000-000000000000.
[   26.056087] loop0: detected capacity change from 0 to 2048
[   26.068087] EXT4-fs (loop0): mounted filesystem 00000000-0000-0000-0000-000000000000 without journal. Quota mode: none.
[   26.078794] EXT4-fs (loop0): unmounting filesystem 00000000-0000-0000-0000-000000000000.
[   26.098921] loop0: detected capacity change from 0 to 2048
[   26.110939] EXT4-fs (loop0): mounted filesystem 00000000-0000-0000-0000-000000000000 without journal. Quota mode: none.
[   26.120867] EXT4-fs (loop0): unmounting filesystem 00000000-0000-0000-0000-000000000000.
[   26.143975] loop0: detected capacity change from 0 to 2048
[   26.160525] EXT4-fs (loop0): mounted filesystem 00000000-0000-0000-0000-000000000000 without journal. Quota mode: none.
[   26.169508] EXT4-fs (loop0): unmounting filesystem 00000000-0000-0000-0000-000000000000.
[   26.194851] loop0: detected capacity change from 0 to 2048
[   26.207194] EXT4-fs (loop0): mounted filesystem 00000000-0000-0000-0000-000000000000 without journal. Quota mode: none.
[   26.216377] EXT4-fs (loop0): unmounting filesystem 00000000-0000-0000-0000-000000000000.
[   26.243420] loop0: detected capacity change from 0 to 2048
[   26.252035] EXT4-fs (loop0): mounted filesystem 00000000-0000-0000-0000-000000000000 without journal. Quota mode: none.
[   26.260575] EXT4-fs (loop0): unmounting filesystem 00000000-0000-0000-0000-000000000000.
[   26.278706] loop0: detected capacity change from 0 to 2048
[   26.288550] EXT4-fs (loop0): mounted filesystem 00000000-0000-0000-0000-000000000000 without journal. Quota mode: none.
[   26.300543] EXT4-fs (loop0): unmounting filesystem 00000000-0000-0000-0000-000000000000.
[   26.323249] loop0: detected capacity change from 0 to 2048
[   26.331082] EXT4-fs (loop0): mounted filesystem 00000000-0000-0000-0000-000000000000 without journal. Quota mode: none.
[   26.341912] EXT4-fs (loop0): unmounting filesystem 00000000-0000-0000-0000-000000000000.
[   26.368326] loop0: detected capacity change from 0 to 2048
[   26.382126] EXT4-fs (loop0): mounted filesystem 00000000-0000-0000-0000-000000000000 without journal. Quota mode: none.
[   26.401563] EXT4-fs (loop0): unmounting filesystem 00000000-0000-0000-0000-000000000000.
[   26.421352] loop0: detected capacity change from 0 to 2048
[   26.429661] EXT4-fs (loop0): mounted filesystem 00000000-0000-0000-0000-000000000000 without journal. Quota mode: none.
[   26.450354] EXT4-fs (loop0): unmounting filesystem 00000000-0000-0000-0000-000000000000.
[   26.473216] loop0: detected capacity change from 0 to 2048
[   26.483188] EXT4-fs (loop0): mounted filesystem 00000000-0000-0000-0000-000000000000 without journal. Quota mode: none.
[   26.490817] EXT4-fs (loop0): unmounting filesystem 00000000-0000-0000-0000-000000000000.
[   26.513588] loop0: detected capacity change from 0 to 2048
[   26.526588] EXT4-fs (loop0): mounted filesystem 00000000-0000-0000-0000-000000000000 without journal. Quota mode: none.
[   26.534223] EXT4-fs (loop0): unmounting filesystem 00000000-0000-0000-0000-000000000000.
[   26.561119] loop0: detected capacity change from 0 to 2048
[   26.566873] EXT4-fs (loop0): mounted filesystem 00000000-0000-0000-0000-000000000000 without journal. Quota mode: none.
[   26.574317] EXT4-fs (loop0): unmounting filesystem 00000000-0000-0000-0000-000000000000.
[   26.593131] loop0: detected capacity change from 0 to 2048
[   26.610475] EXT4-fs (loop0): mounted filesystem 00000000-0000-0000-0000-000000000000 without journal. Quota mode: none.
[   26.617953] EXT4-fs (loop0): unmounting filesystem 00000000-0000-0000-0000-000000000000.
[   26.644564] loop0: detected capacity change from 0 to 2048
[   26.654857] EXT4-fs (loop0): mounted filesystem 00000000-0000-0000-0000-000000000000 without journal. Quota mode: none.
[   26.663183] EXT4-fs (loop0): unmounting filesystem 00000000-0000-0000-0000-000000000000.
[   26.683851] loop0: detected capacity change from 0 to 2048
[   26.693640] EXT4-fs (loop0): mounted filesystem 00000000-0000-0000-0000-000000000000 without journal. Quota mode: none.
[   26.705915] EXT4-fs (loop0): unmounting filesystem 00000000-0000-0000-0000-000000000000.
[   26.726905] loop0: detected capacity change from 0 to 2048
[   26.734632] EXT4-fs (loop0): mounted filesystem 00000000-0000-0000-0000-000000000000 without journal. Quota mode: none.
[   26.742285] EXT4-fs (loop0): unmounting filesystem 00000000-0000-0000-0000-000000000000.
[   26.764409] loop0: detected capacity change from 0 to 2048
[   26.771084] EXT4-fs (loop0): mounted filesystem 00000000-0000-0000-0000-000000000000 without journal. Quota mode: none.
[   26.793804] loop0: detected capacity change from 0 to 2048
[   26.828289] loop0: detected capacity change from 0 to 2048
[   26.880527] loop0: detected capacity change from 0 to 2048
[   26.915986] loop0: detected capacity change from 0 to 2048
[   26.942936] loop0: detected capacity change from 0 to 2048
[   26.985368] loop0: detected capacity change from 0 to 2048
[   27.028146] loop0: detected capacity change from 0 to 2048
[   27.057187] loop0: detected capacity change from 0 to 2048
[   27.095047] loop0: detected capacity change from 0 to 2048
[   27.128017] loop0: detected capacity change from 0 to 2048
[   27.162900] loop0: detected capacity change from 0 to 2048
[   27.202808] loop0: detected capacity change from 0 to 2048
[   27.251687] loop0: detected capacity change from 0 to 2048
[   27.282711] loop0: detected capacity change from 0 to 2048
[   27.323192] loop0: detected capacity change from 0 to 2048
[   27.382151] loop0: detected capacity change from 0 to 2048
[   27.426083] loop0: detected capacity change from 0 to 2048
[   27.482953] loop0: detected capacity change from 0 to 2048
[   27.517355] loop0: detected capacity change from 0 to 2048
[   27.568040] loop0: detected capacity change from 0 to 2048
[   27.592497] loop0: detected capacity change from 0 to 2048
[   27.637764] loop0: detected capacity change from 0 to 2048
[   27.671788] loop0: detected capacity change from 0 to 2048
[   27.695953] loop0: detected capacity change from 0 to 2048
[   27.737625] loop0: detected capacity change from 0 to 2048
[   27.777494] loop0: detected capacity change from 0 to 2048
[   27.778572] I/O error, dev loop0, sector 0 op 0x0:(READ) flags 0x80700 phys_seg 1 prio class 2
[   27.822256] loop0: detected capacity change from 0 to 2048
[   27.856583] loop0: detected capacity change from 0 to 2048
[   27.911798] loop0: detected capacity change from 0 to 2048
[   27.939726] loop0: detected capacity change from 0 to 2048
[   27.983253] loop0: detected capacity change from 0 to 2048
[   28.012446] loop0: detected capacity change from 0 to 2048
[   28.059289] loop0: detected capacity change from 0 to 2048
[   28.116561] loop0: detected capacity change from 0 to 2048
[   28.156931] loop0: detected capacity change from 0 to 2048
[   28.199746] loop0: detected capacity change from 0 to 2048
[   28.236505] loop0: detected capacity change from 0 to 2048
[   28.273598] loop0: detected capacity change from 0 to 2048
[   28.322538] loop0: detected capacity change from 0 to 2048
[   28.358710] loop0: detected capacity change from 0 to 2048
[   28.411202] loop0: detected capacity change from 0 to 2048
[   28.464109] loop0: detected capacity change from 0 to 2048
[   28.491976] loop0: detected capacity change from 0 to 2048
[   28.547225] loop0: detected capacity change from 0 to 2048
[   28.576389] loop0: detected capacity change from 0 to 2048
[   28.614605] loop0: detected capacity change from 0 to 2048
[   28.644875] loop0: detected capacity change from 0 to 2048
[   28.683879] loop0: detected capacity change from 0 to 2048
[   28.730280] loop0: detected capacity change from 0 to 2048
[   28.777757] loop0: detected capacity change from 0 to 2048
[   28.803593] loop0: detected capacity change from 0 to 2048
[   28.844498] loop0: detected capacity change from 0 to 2048
[   28.887263] loop0: detected capacity change from 0 to 2048
[   28.930205] loop0: detected capacity change from 0 to 2048
[   28.966408] loop0: detected capacity change from 0 to 2048
[   29.006015] loop0: detected capacity change from 0 to 2048
[   29.042265] loop0: detected capacity change from 0 to 2048
[   29.075642] loop0: detected capacity change from 0 to 2048
[   29.116578] loop0: detected capacity change from 0 to 2048
[   29.151989] loop0: detected capacity change from 0 to 2048
[   29.191425] loop0: detected capacity change from 0 to 2048
[   29.242089] loop0: detected capacity change from 0 to 2048
[   29.268657] loop0: detected capacity change from 0 to 2048
[   29.308407] loop0: detected capacity change from 0 to 2048
[   29.358805] loop0: detected capacity change from 0 to 2048
[   29.421793] loop0: detected capacity change from 0 to 2048
[   29.476636] loop0: detected capacity change from 0 to 2048
[   29.504201] loop0: detected capacity change from 0 to 2048
[   29.550790] loop0: detected capacity change from 0 to 2048
[   29.606604] loop0: detected capacity change from 0 to 2048
[   29.645598] loop0: detected capacity change from 0 to 2048
[   29.692442] loop0: detected capacity change from 0 to 2048
[   29.732672] loop0: detected capacity change from 0 to 2048
[   29.786036] loop0: detected capacity change from 0 to 2048
[   29.817357] loop0: detected capacity change from 0 to 2048
[   29.818342] I/O error, dev loop0, sector 0 op 0x0:(READ) flags 0x80700 phys_seg 1 prio class 2
[   29.852445] loop0: detected capacity change from 0 to 2048
[   29.894151] loop0: detected capacity change from 0 to 2048
[   29.945719] loop0: detected capacity change from 0 to 2048
[   29.982874] loop0: detected capacity change from 0 to 2048
[   30.034366] loop0: detected capacity change from 0 to 2048
[   30.071672] loop0: detected capacity change from 0 to 2048
[   30.117155] loop0: detected capacity change from 0 to 2048
[   30.167720] loop0: detected capacity change from 0 to 2048
[   30.168397] I/O error, dev loop0, sector 0 op 0x0:(READ) flags 0x80700 phys_seg 1 prio class 2
[   30.209237] loop0: detected capacity change from 0 to 2048
[   30.252191] loop0: detected capacity change from 0 to 2048
[   30.281491] loop0: detected capacity change from 0 to 2048
[   30.319665] loop0: detected capacity change from 0 to 2048
[   30.359901] loop0: detected capacity change from 0 to 2048
[   30.397261] loop0: detected capacity change from 0 to 2048
[   30.444498] loop0: detected capacity change from 0 to 2048
[   30.474557] loop0: detected capacity change from 0 to 2048
[   30.509061] loop0: detected capacity change from 0 to 2048
[   30.537136] loop0: detected capacity change from 0 to 2048
[   30.576190] loop0: detected capacity change from 0 to 2048
[   30.608694] loop0: detected capacity change from 0 to 2048
[   30.642867] loop0: detected capacity change from 0 to 2048
[   30.679474] loop0: detected capacity change from 0 to 2048
[   30.711678] loop0: detected capacity change from 0 to 2048
[   30.748420] loop0: detected capacity change from 0 to 2048
[   30.786926] loop0: detected capacity change from 0 to 2048
[   30.827153] loop0: detected capacity change from 0 to 2048
[   30.867151] loop0: detected capacity change from 0 to 2048
[   30.867767] I/O error, dev loop0, sector 0 op 0x0:(READ) flags 0x80700 phys_seg 1 prio class 2
[   30.910807] loop0: detected capacity change from 0 to 2048
[   30.947112] loop0: detected capacity change from 0 to 2048
[   30.988007] loop0: detected capacity change from 0 to 2048
[   31.032477] loop0: detected capacity change from 0 to 2048
[   31.077836] loop0: detected capacity change from 0 to 2048
[   31.116027] loop0: detected capacity change from 0 to 2048
[   31.149007] loop0: detected capacity change from 0 to 2048
[   31.182939] loop0: detected capacity change from 0 to 2048
[   31.223187] loop0: detected capacity change from 0 to 2048
[   31.259477] loop0: detected capacity change from 0 to 2048
[   31.291520] loop0: detected capacity change from 0 to 2048
[   31.335322] loop0: detected capacity change from 0 to 2048
[   31.359378] loop0: detected capacity change from 0 to 2048
[   31.409379] loop0: detected capacity change from 0 to 2048
[   31.439487] loop0: detected capacity change from 0 to 2048
[   31.477878] loop0: detected capacity change from 0 to 2048
[   31.500087] loop0: detected capacity change from 0 to 2048
[   31.501026] I/O error, dev loop0, sector 0 op 0x0:(READ) flags 0x80700 phys_seg 1 prio class 2
[   31.538964] loop0: detected capacity change from 0 to 2048
[   31.571506] loop0: detected capacity change from 0 to 2048
[   31.610534] loop0: detected capacity change from 0 to 2048
[   31.646785] loop0: detected capacity change from 0 to 2048
[   31.677704] loop0: detected capacity change from 0 to 2048
[   31.702474] loop0: detected capacity change from 0 to 2048
[   31.753239] loop0: detected capacity change from 0 to 2048
[   31.775270] loop0: detected capacity change from 0 to 2048
[   31.817290] loop0: detected capacity change from 0 to 2048
[   31.851811] loop0: detected capacity change from 0 to 2048
[   31.893883] loop0: detected capacity change from 0 to 2048
[   31.935918] loop0: detected capacity change from 0 to 2048
[   31.979785] loop0: detected capacity change from 0 to 2048
[   32.015943] loop0: detected capacity change from 0 to 2048
[   32.054309] loop0: detected capacity change from 0 to 2048
[   32.096591] loop0: detected capacity change from 0 to 2048
[   32.127968] loop0: detected capacity change from 0 to 2048
[   32.128417] I/O error, dev loop0, sector 0 op 0x0:(READ) flags 0x80700 phys_seg 1 prio class 2
[   32.161767] loop0: detected capacity change from 0 to 2048
[   32.195889] loop0: detected capacity change from 0 to 2048
[   32.234511] loop0: detected capacity change from 0 to 2048
[   32.235177] I/O error, dev loop0, sector 0 op 0x0:(READ) flags 0x80700 phys_seg 1 prio class 2
[   32.273630] loop0: detected capacity change from 0 to 2048
[   32.312711] loop0: detected capacity change from 0 to 2048
[   32.351791] loop0: detected capacity change from 0 to 2048
[   32.400925] loop0: detected capacity change from 0 to 2048
[   32.441295] loop0: detected capacity change from 0 to 2048
[   32.475549] loop0: detected capacity change from 0 to 2048
[   32.507639] loop0: detected capacity change from 0 to 2048
[   32.507959] I/O error, dev loop0, sector 0 op 0x0:(READ) flags 0x80700 phys_seg 1 prio class 2
[   32.541311] loop0: detected capacity change from 0 to 2048
[   32.581828] loop0: detected capacity change from 0 to 2048
[   32.610913] loop0: detected capacity change from 0 to 2048
[   32.647332] loop0: detected capacity change from 0 to 2048
[   32.680125] loop0: detected capacity change from 0 to 2048
[   32.720449] loop0: detected capacity change from 0 to 2048
[   32.762566] loop0: detected capacity change from 0 to 2048
[   32.799105] loop0: detected capacity change from 0 to 2048
[   32.848177] loop0: detected capacity change from 0 to 2048
[   32.883419] loop0: detected capacity change from 0 to 2048
[   32.931671] loop0: detected capacity change from 0 to 2048
[   32.970539] loop0: detected capacity change from 0 to 2048
[   33.015290] loop0: detected capacity change from 0 to 2048
[   33.046937] loop0: detected capacity change from 0 to 2048
[   33.075716] loop0: detected capacity change from 0 to 2048
[   33.109371] loop0: detected capacity change from 0 to 2048
[   33.143211] loop0: detected capacity change from 0 to 2048
[   33.185433] loop0: detected capacity change from 0 to 2048
[   33.223361] loop0: detected capacity change from 0 to 2048
[   33.264975] loop0: detected capacity change from 0 to 2048
[   33.308181] loop0: detected capacity change from 0 to 2048
[   33.337600] loop0: detected capacity change from 0 to 2048
[   33.377474] loop0: detected capacity change from 0 to 2048
[   33.425653] loop0: detected capacity change from 0 to 2048
[   33.472323] loop0: detected capacity change from 0 to 2048
[   33.511993] loop0: detected capacity change from 0 to 2048
[   33.547591] loop0: detected capacity change from 0 to 2048
[   33.583278] loop0: detected capacity change from 0 to 2048
[   33.616208] loop0: detected capacity change from 0 to 2048
[   33.646136] loop0: detected capacity change from 0 to 2048
[   33.677857] loop0: detected capacity change from 0 to 2048
[   33.713905] loop0: detected capacity change from 0 to 2048
[   33.750512] loop0: detected capacity change from 0 to 2048
[   33.751485] I/O error, dev loop0, sector 0 op 0x0:(READ) flags 0x80700 phys_seg 1 prio class 2
[   33.797888] loop0: detected capacity change from 0 to 2048
[   33.834247] loop0: detected capacity change from 0 to 2048
[   33.867453] loop0: detected capacity change from 0 to 2048
[   33.907739] loop0: detected capacity change from 0 to 2048
[   33.956194] loop0: detected capacity change from 0 to 2048
[   34.005699] loop0: detected capacity change from 0 to 2048
[   34.045118] loop0: detected capacity change from 0 to 2048
[   34.085604] loop0: detected capacity change from 0 to 2048
[   34.123760] loop0: detected capacity change from 0 to 2048
[   34.162360] loop0: detected capacity change from 0 to 2048
[   34.211865] loop0: detected capacity change from 0 to 2048
[   34.248367] loop0: detected capacity change from 0 to 2048
[   34.289565] loop0: detected capacity change from 0 to 2048
[   34.325195] loop0: detected capacity change from 0 to 2048
[   34.368824] loop0: detected capacity change from 0 to 2048
[   34.426081] loop0: detected capacity change from 0 to 2048
[   34.474408] loop0: detected capacity change from 0 to 2048
[   34.505355] loop0: detected capacity change from 0 to 2048
[   34.551199] loop0: detected capacity change from 0 to 2048
[   34.579036] loop0: detected capacity change from 0 to 2048
[   34.617377] loop0: detected capacity change from 0 to 2048
[   34.654062] loop0: detected capacity change from 0 to 2048
[   34.689956] loop0: detected capacity change from 0 to 2048
[   34.720622] loop0: detected capacity change from 0 to 2048
[   34.755449] loop0: detected capacity change from 0 to 2048
[   34.787091] loop0: detected capacity change from 0 to 2048
[   34.829981] loop0: detected capacity change from 0 to 2048
[   34.871002] loop0: detected capacity change from 0 to 2048
[   34.900046] loop0: detected capacity change from 0 to 2048
[   34.942470] loop0: detected capacity change from 0 to 2048
[   34.975679] loop0: detected capacity change from 0 to 2048
[   35.024356] loop0: detected capacity change from 0 to 2048
[   35.025285] I/O error, dev loop0, sector 0 op 0x0:(READ) flags 0x80700 phys_seg 1 prio class 2
[   35.068136] loop0: detected capacity change from 0 to 2048
[   35.096294] loop0: detected capacity change from 0 to 2048
[   35.137845] loop0: detected capacity change from 0 to 2048
[   35.178898] loop0: detected capacity change from 0 to 2048
[   35.216489] loop0: detected capacity change from 0 to 2048
[   35.254403] loop0: detected capacity change from 0 to 2048
[   35.254944] I/O error, dev loop0, sector 0 op 0x0:(READ) flags 0x80700 phys_seg 1 prio class 2
[   35.300428] loop0: detected capacity change from 0 to 2048
[   35.345456] loop0: detected capacity change from 0 to 2048
[   35.392150] loop0: detected capacity change from 0 to 2048
[   35.441204] loop0: detected capacity change from 0 to 2048
[   35.489929] loop0: detected capacity change from 0 to 2048
[   35.525068] loop0: detected capacity change from 0 to 2048
[   35.567193] loop0: detected capacity change from 0 to 2048
[   35.607305] loop0: detected capacity change from 0 to 2048
[   35.648396] loop0: detected capacity change from 0 to 2048
[   35.682503] loop0: detected capacity change from 0 to 2048
[   35.723712] loop0: detected capacity change from 0 to 2048
[   35.760619] loop0: detected capacity change from 0 to 2048
[   35.800732] loop0: detected capacity change from 0 to 2048
[   35.841117] loop0: detected capacity change from 0 to 2048
[   35.850724] EXT4-fs mount: 461 callbacks suppressed
[   35.850738] EXT4-fs (loop0): mounted filesystem 00000000-0000-0000-0000-000000000000 without journal. Quota mode: none.
[   35.861779] EXT4-fs (loop0): unmounting filesystem 00000000-0000-0000-0000-000000000000.
[   35.886432] loop0: detected capacity change from 0 to 2048
[   35.898682] EXT4-fs (loop0): mounted filesystem 00000000-0000-0000-0000-000000000000 without journal. Quota mode: none.
[   35.908494] EXT4-fs (loop0): unmounting filesystem 00000000-0000-0000-0000-000000000000.
[   35.935067] loop0: detected capacity change from 0 to 2048
[   35.942422] EXT4-fs (loop0): mounted filesystem 00000000-0000-0000-0000-000000000000 without journal. Quota mode: none.
[   35.949621] EXT4-fs (loop0): unmounting filesystem 00000000-0000-0000-0000-000000000000.
[   35.975601] loop0: detected capacity change from 0 to 2048
[   35.986138] EXT4-fs (loop0): mounted filesystem 00000000-0000-0000-0000-000000000000 without journal. Quota mode: none.
[   35.993223] EXT4-fs (loop0): unmounting filesystem 00000000-0000-0000-0000-000000000000.
[   36.009271] loop0: detected capacity change from 0 to 2048
[   36.018515] EXT4-fs (loop0): mounted filesystem 00000000-0000-0000-0000-000000000000 without journal. Quota mode: none.
[   36.028498] EXT4-fs (loop0): unmounting filesystem 00000000-0000-0000-0000-000000000000.
[   36.054388] loop0: detected capacity change from 0 to 2048
[   36.068015] EXT4-fs (loop0): mounted filesystem 00000000-0000-0000-0000-000000000000 without journal. Quota mode: none.
[   36.074634] EXT4-fs (loop0): unmounting filesystem 00000000-0000-0000-0000-000000000000.
[   36.102124] loop0: detected capacity change from 0 to 2048
[   36.107154] EXT4-fs (loop0): mounted filesystem 00000000-0000-0000-0000-000000000000 without journal. Quota mode: none.
[   36.115324] EXT4-fs (loop0): unmounting filesystem 00000000-0000-0000-0000-000000000000.
[   36.130577] loop0: detected capacity change from 0 to 2048
[   36.140627] EXT4-fs (loop0): mounted filesystem 00000000-0000-0000-0000-000000000000 without journal. Quota mode: none.
[   36.152007] EXT4-fs (loop0): unmounting filesystem 00000000-0000-0000-0000-000000000000.
[   36.167409] loop0: detected capacity change from 0 to 2048
[   36.189085] EXT4-fs (loop0): mounted filesystem 00000000-0000-0000-0000-000000000000 without journal. Quota mode: none.
[   36.199966] EXT4-fs (loop0): unmounting filesystem 00000000-0000-0000-0000-000000000000.
[   36.226571] loop0: detected capacity change from 0 to 2048
[   36.234390] EXT4-fs (loop0): mounted filesystem 00000000-0000-0000-0000-000000000000 without journal. Quota mode: none.
[   36.246386] EXT4-fs (loop0): unmounting filesystem 00000000-0000-0000-0000-000000000000.
[   36.266949] loop0: detected capacity change from 0 to 2048
[   36.274252] EXT4-fs (loop0): mounted filesystem 00000000-0000-0000-0000-000000000000 without journal. Quota mode: none.
[   36.289464] EXT4-fs (loop0): unmounting filesystem 00000000-0000-0000-0000-000000000000.
[   36.311657] loop0: detected capacity change from 0 to 2048
[   36.312454] I/O error, dev loop0, sector 0 op 0x0:(READ) flags 0x80700 phys_seg 1 prio class 2
[   36.334019] EXT4-fs (loop0): mounted filesystem 00000000-0000-0000-0000-000000000000 without journal. Quota mode: none.
[   36.341626] EXT4-fs (loop0): unmounting filesystem 00000000-0000-0000-0000-000000000000.
[   36.372170] loop0: detected capacity change from 0 to 2048
[   36.379071] EXT4-fs (loop0): mounted filesystem 00000000-0000-0000-0000-000000000000 without journal. Quota mode: none.
[   36.398481] EXT4-fs (loop0): unmounting filesystem 00000000-0000-0000-0000-000000000000.
[   36.422912] loop0: detected capacity change from 0 to 2048
[   36.434462] EXT4-fs (loop0): mounted filesystem 00000000-0000-0000-0000-000000000000 without journal. Quota mode: none.
[   36.446720] EXT4-fs (loop0): unmounting filesystem 00000000-0000-0000-0000-000000000000.
[   36.492724] loop0: detected capacity change from 0 to 2048
[   36.498675] EXT4-fs (loop0): mounted filesystem 00000000-0000-0000-0000-000000000000 without journal. Quota mode: none.
[   36.507013] EXT4-fs (loop0): unmounting filesystem 00000000-0000-0000-0000-000000000000.
[   36.533446] loop0: detected capacity change from 0 to 2048
[   36.538411] EXT4-fs (loop0): mounted filesystem 00000000-0000-0000-0000-000000000000 without journal. Quota mode: none.
[   36.545001] EXT4-fs (loop0): unmounting filesystem 00000000-0000-0000-0000-000000000000.
[   36.571159] loop0: detected capacity change from 0 to 2048
[   36.578725] EXT4-fs (loop0): mounted filesystem 00000000-0000-0000-0000-000000000000 without journal. Quota mode: none.
[   36.589248] EXT4-fs (loop0): unmounting filesystem 00000000-0000-0000-0000-000000000000.
[   36.610809] loop0: detected capacity change from 0 to 2048
[   36.623024] EXT4-fs (loop0): mounted filesystem 00000000-0000-0000-0000-000000000000 without journal. Quota mode: none.
[   36.629817] EXT4-fs (loop0): unmounting filesystem 00000000-0000-0000-0000-000000000000.
[   36.649202] loop0: detected capacity change from 0 to 2048
[   36.658573] EXT4-fs (loop0): mounted filesystem 00000000-0000-0000-0000-000000000000 without journal. Quota mode: none.
[   36.673172] EXT4-fs (loop0): unmounting filesystem 00000000-0000-0000-0000-000000000000.
[   36.692080] loop0: detected capacity change from 0 to 2048
[   36.702026] EXT4-fs (loop0): mounted filesystem 00000000-0000-0000-0000-000000000000 without journal. Quota mode: none.
[   36.715004] EXT4-fs (loop0): unmounting filesystem 00000000-0000-0000-0000-000000000000.
[   36.740281] loop0: detected capacity change from 0 to 2048
[   36.747229] EXT4-fs (loop0): mounted filesystem 00000000-0000-0000-0000-000000000000 without journal. Quota mode: none.
[   36.756909] EXT4-fs (loop0): unmounting filesystem 00000000-0000-0000-0000-000000000000.
[   36.779658] loop0: detected capacity change from 0 to 2048
[   36.791601] EXT4-fs (loop0): mounted filesystem 00000000-0000-0000-0000-000000000000 without journal. Quota mode: none.
[   36.806545] EXT4-fs (loop0): unmounting filesystem 00000000-0000-0000-0000-000000000000.
[   36.831862] loop0: detected capacity change from 0 to 2048
[   36.838776] EXT4-fs (loop0): mounted filesystem 00000000-0000-0000-0000-000000000000 without journal. Quota mode: none.
[   36.846179] EXT4-fs (loop0): unmounting filesystem 00000000-0000-0000-0000-000000000000.
[   36.863993] loop0: detected capacity change from 0 to 2048
[   36.879047] EXT4-fs (loop0): mounted filesystem 00000000-0000-0000-0000-000000000000 without journal. Quota mode: none.
[   36.892594] EXT4-fs (loop0): unmounting filesystem 00000000-0000-0000-0000-000000000000.
[   36.916187] loop0: detected capacity change from 0 to 2048
[   36.922423] EXT4-fs (loop0): mounted filesystem 00000000-0000-0000-0000-000000000000 without journal. Quota mode: none.
[   36.929931] EXT4-fs (loop0): unmounting filesystem 00000000-0000-0000-0000-000000000000.
[   36.944032] loop0: detected capacity change from 0 to 2048
[   36.967021] EXT4-fs (loop0): mounted filesystem 00000000-0000-0000-0000-000000000000 without journal. Quota mode: none.
[   36.974854] EXT4-fs (loop0): unmounting filesystem 00000000-0000-0000-0000-000000000000.
[   37.003169] loop0: detected capacity change from 0 to 2048
[   37.004213] I/O error, dev loop0, sector 0 op 0x0:(READ) flags 0x80700 phys_seg 1 prio class 2
[   37.004315] I/O error, dev loop0, sector 0 op 0x0:(READ) flags 0x0 phys_seg 1 prio class 2
[   37.007483] Buffer I/O error on dev loop0, logical block 0, async page read
[   37.025096] EXT4-fs (loop0): mounted filesystem 00000000-0000-0000-0000-000000000000 without journal. Quota mode: none.
[   37.031717] EXT4-fs (loop0): unmounting filesystem 00000000-0000-0000-0000-000000000000.
[   37.055188] loop0: detected capacity change from 0 to 2048
[   37.062360] EXT4-fs (loop0): mounted filesystem 00000000-0000-0000-0000-000000000000 without journal. Quota mode: none.
[   37.069797] EXT4-fs (loop0): unmounting filesystem 00000000-0000-0000-0000-000000000000.
[   37.084362] loop0: detected capacity change from 0 to 2048
[   37.098571] EXT4-fs (loop0): mounted filesystem 00000000-0000-0000-0000-000000000000 without journal. Quota mode: none.
[   37.112684] EXT4-fs (loop0): unmounting filesystem 00000000-0000-0000-0000-000000000000.
[   37.138154] loop0: detected capacity change from 0 to 2048
[   37.146401] EXT4-fs (loop0): mounted filesystem 00000000-0000-0000-0000-000000000000 without journal. Quota mode: none.
[   37.155369] EXT4-fs (loop0): unmounting filesystem 00000000-0000-0000-0000-000000000000.
[   37.179184] loop0: detected capacity change from 0 to 2048
[   37.191732] EXT4-fs (loop0): mounted filesystem 00000000-0000-0000-0000-000000000000 without journal. Quota mode: none.
[   37.199480] EXT4-fs (loop0): unmounting filesystem 00000000-0000-0000-0000-000000000000.
[   37.228183] loop0: detected capacity change from 0 to 2048
[   37.234742] EXT4-fs (loop0): mounted filesystem 00000000-0000-0000-0000-000000000000 without journal. Quota mode: none.
[   37.245258] EXT4-fs (loop0): unmounting filesystem 00000000-0000-0000-0000-000000000000.
[   37.269216] loop0: detected capacity change from 0 to 2048
[   37.295956] loop0: detected capacity change from 0 to 2048
[   37.336306] loop0: detected capacity change from 0 to 2048
[   37.387369] loop0: detected capacity change from 0 to 2048
[   37.438045] loop0: detected capacity change from 0 to 2048
[   37.480224] loop0: detected capacity change from 0 to 2048
[   37.523056] loop0: detected capacity change from 0 to 2048
[   37.523485] I/O error, dev loop0, sector 0 op 0x0:(READ) flags 0x80700 phys_seg 1 prio class 2
[   37.558726] loop0: detected capacity change from 0 to 2048
[   37.591904] loop0: detected capacity change from 0 to 2048
[   37.635867] loop0: detected capacity change from 0 to 2048
[   37.665976] loop0: detected capacity change from 0 to 2048
[   37.702323] loop0: detected capacity change from 0 to 2048
[   37.748319] loop0: detected capacity change from 0 to 2048
[   37.777853] loop0: detected capacity change from 0 to 2048
[   37.805972] loop0: detected capacity change from 0 to 2048
[   37.826548] loop0: detected capacity change from 0 to 2048
[   37.859633] loop0: detected capacity change from 0 to 2048
[   37.899690] loop0: detected capacity change from 0 to 2048
[   37.924653] loop0: detected capacity change from 0 to 2048
[   37.961858] loop0: detected capacity change from 0 to 2048
[   37.994628] loop0: detected capacity change from 0 to 2048
[   38.033403] loop0: detected capacity change from 0 to 2048
[   38.074289] loop0: detected capacity change from 0 to 2048
[   38.107310] loop0: detected capacity change from 0 to 2048
[   38.149899] loop0: detected capacity change from 0 to 2048
[   38.191760] loop0: detected capacity change from 0 to 2048
[   38.235406] loop0: detected capacity change from 0 to 2048
[   38.272279] loop0: detected capacity change from 0 to 2048
[   38.317009] loop0: detected capacity change from 0 to 2048
[   38.346435] loop0: detected capacity change from 0 to 2048
[   38.394438] loop0: detected capacity change from 0 to 2048
[   38.451723] loop0: detected capacity change from 0 to 2048
[   38.496338] loop0: detected capacity change from 0 to 2048
[   38.543483] loop0: detected capacity change from 0 to 2048
[   38.570638] loop0: detected capacity change from 0 to 2048
[   38.613866] loop0: detected capacity change from 0 to 2048
[   38.614389] I/O error, dev loop0, sector 0 op 0x0:(READ) flags 0x80700 phys_seg 1 prio class 2
[   38.649092] loop0: detected capacity change from 0 to 2048
[   38.689772] loop0: detected capacity change from 0 to 2048
[   38.734258] loop0: detected capacity change from 0 to 2048
[   38.777725] loop0: detected capacity change from 0 to 2048
[   38.814202] loop0: detected capacity change from 0 to 2048
[   38.849015] loop0: detected capacity change from 0 to 2048
[   38.888618] loop0: detected capacity change from 0 to 2048
[   38.889101] I/O error, dev loop0, sector 0 op 0x0:(READ) flags 0x80700 phys_seg 1 prio class 2
[   38.935432] loop0: detected capacity change from 0 to 2048
[   38.970199] loop0: detected capacity change from 0 to 2048
[   38.971143] I/O error, dev loop0, sector 0 op 0x0:(READ) flags 0x80700 phys_seg 1 prio class 2
[   39.011980] loop0: detected capacity change from 0 to 2048
[   39.047696] loop0: detected capacity change from 0 to 2048
[   39.094476] loop0: detected capacity change from 0 to 2048
[   39.129602] loop0: detected capacity change from 0 to 2048
[   39.167480] loop0: detected capacity change from 0 to 2048
[   39.209467] loop0: detected capacity change from 0 to 2048
[   39.238729] loop0: detected capacity change from 0 to 2048
[   39.286596] loop0: detected capacity change from 0 to 2048
[   39.322144] loop0: detected capacity change from 0 to 2048
[   39.322831] I/O error, dev loop0, sector 0 op 0x0:(READ) flags 0x80700 phys_seg 1 prio class 2
[   39.358987] loop0: detected capacity change from 0 to 2048
[   39.407769] loop0: detected capacity change from 0 to 2048
[   39.450230] loop0: detected capacity change from 0 to 2048
[   39.450809] I/O error, dev loop0, sector 0 op 0x0:(READ) flags 0x80700 phys_seg 1 prio class 2
[   39.498711] loop0: detected capacity change from 0 to 2048
[   39.526339] loop0: detected capacity change from 0 to 2048
[   39.569662] loop0: detected capacity change from 0 to 2048
[   39.616604] loop0: detected capacity change from 0 to 2048
[   39.652085] loop0: detected capacity change from 0 to 2048
[   39.677564] loop0: detected capacity change from 0 to 2048
[   39.716705] loop0: detected capacity change from 0 to 2048
[   39.752837] loop0: detected capacity change from 0 to 2048
[   39.784027] loop0: detected capacity change from 0 to 2048
[   39.826121] loop0: detected capacity change from 0 to 2048
[   39.869794] loop0: detected capacity change from 0 to 2048
[   39.908028] loop0: detected capacity change from 0 to 2048
[   39.941940] loop0: detected capacity change from 0 to 2048
[   39.967169] loop0: detected capacity change from 0 to 2048
[   40.006153] loop0: detected capacity change from 0 to 2048
[   40.037118] loop0: detected capacity change from 0 to 2048
[   40.070380] loop0: detected capacity change from 0 to 2048
[   40.071385] I/O error, dev loop0, sector 0 op 0x0:(READ) flags 0x80700 phys_seg 1 prio class 2
[   40.103628] loop0: detected capacity change from 0 to 2048
[   40.149864] loop0: detected capacity change from 0 to 2048
[   40.187128] loop0: detected capacity change from 0 to 2048
[   40.228545] loop0: detected capacity change from 0 to 2048
[   40.282019] loop0: detected capacity change from 0 to 2048
[   40.306726] loop0: detected capacity change from 0 to 2048
[   40.343730] loop0: detected capacity change from 0 to 2048
[   40.405262] loop0: detected capacity change from 0 to 2048
[   40.450022] loop0: detected capacity change from 0 to 2048
[   40.488930] loop0: detected capacity change from 0 to 2048
[   40.527312] loop0: detected capacity change from 0 to 2048
[   40.570986] loop0: detected capacity change from 0 to 2048
[   40.613737] loop0: detected capacity change from 0 to 2048
[   40.654716] loop0: detected capacity change from 0 to 2048
[   40.685249] loop0: detected capacity change from 0 to 2048
[   40.712327] loop0: detected capacity change from 0 to 2048
[   40.747469] loop0: detected capacity change from 0 to 2048
[   40.748309] I/O error, dev loop0, sector 0 op 0x0:(READ) flags 0x80700 phys_seg 1 prio class 2
[   40.784078] loop0: detected capacity change from 0 to 2048
[   40.784862] I/O error, dev loop0, sector 0 op 0x0:(READ) flags 0x80700 phys_seg 1 prio class 2
[   40.812612] loop0: detected capacity change from 0 to 2048
[   40.843189] loop0: detected capacity change from 0 to 2048
[   40.881002] loop0: detected capacity change from 0 to 2048
[   40.909411] loop0: detected capacity change from 0 to 2048
[   40.945299] loop0: detected capacity change from 0 to 2048
[   40.979953] loop0: detected capacity change from 0 to 2048
[   41.016530] loop0: detected capacity change from 0 to 2048
[   41.052051] loop0: detected capacity change from 0 to 2048
[   41.084392] loop0: detected capacity change from 0 to 2048
[   41.085123] I/O error, dev loop0, sector 0 op 0x0:(READ) flags 0x80700 phys_seg 1 prio class 2
[   41.110368] loop0: detected capacity change from 0 to 2048
[   41.147401] loop0: detected capacity change from 0 to 2048
[   41.179310] loop0: detected capacity change from 0 to 2048
[   41.218523] loop0: detected capacity change from 0 to 2048
[   41.255283] loop0: detected capacity change from 0 to 2048
[   41.290821] loop0: detected capacity change from 0 to 2048
[   41.318060] loop0: detected capacity change from 0 to 2048
[   41.346204] loop0: detected capacity change from 0 to 2048
[   41.384506] loop0: detected capacity change from 0 to 2048
[   41.429444] loop0: detected capacity change from 0 to 2048
[   41.466293] loop0: detected capacity change from 0 to 2048
[   41.497895] loop0: detected capacity change from 0 to 2048
[   41.525183] loop0: detected capacity change from 0 to 2048
[   41.573577] loop0: detected capacity change from 0 to 2048
[   41.574151] I/O error, dev loop0, sector 0 op 0x0:(READ) flags 0x80700 phys_seg 1 prio class 2
[   41.615705] loop0: detected capacity change from 0 to 2048
[   41.647041] loop0: detected capacity change from 0 to 2048
[   41.696169] loop0: detected capacity change from 0 to 2048
[   41.728856] loop0: detected capacity change from 0 to 2048
[   41.770543] loop0: detected capacity change from 0 to 2048
[   41.811460] loop0: detected capacity change from 0 to 2048
[   41.848612] loop0: detected capacity change from 0 to 2048
[   41.886533] loop0: detected capacity change from 0 to 2048
[   41.932013] loop0: detected capacity change from 0 to 2048
[   41.932906] I/O error, dev loop0, sector 0 op 0x0:(READ) flags 0x80700 phys_seg 1 prio class 2
[   41.972083] loop0: detected capacity change from 0 to 2048
[   41.973042] Buffer I/O error on dev loop0, logical block 0, async page read
[   42.016442] loop0: detected capacity change from 0 to 2048
[   42.051411] loop0: detected capacity change from 0 to 2048
[   42.094983] loop0: detected capacity change from 0 to 2048
[   42.095770] Buffer I/O error on dev loop0, logical block 0, async page read
[   42.145615] loop0: detected capacity change from 0 to 2048
[   42.146078] Buffer I/O error on dev loop0, logical block 0, async page read
[   42.185663] loop0: detected capacity change from 0 to 2048
[   42.225486] loop0: detected capacity change from 0 to 2048
[   42.271866] loop0: detected capacity change from 0 to 2048
[   42.318963] loop0: detected capacity change from 0 to 2048
[   42.349577] loop0: detected capacity change from 0 to 2048
[   42.404594] loop0: detected capacity change from 0 to 2048
[   42.453675] loop0: detected capacity change from 0 to 2048
[   42.506976] loop0: detected capacity change from 0 to 2048
[   42.546375] loop0: detected capacity change from 0 to 2048
[   42.547451] Buffer I/O error on dev loop0, logical block 0, async page read
[   42.581375] loop0: detected capacity change from 0 to 2048
[   42.635000] loop0: detected capacity change from 0 to 2048
[   42.673710] loop0: detected capacity change from 0 to 2048
[   42.709934] loop0: detected capacity change from 0 to 2048
[   42.752386] loop0: detected capacity change from 0 to 2048
[   42.804287] loop0: detected capacity change from 0 to 2048
[   42.839368] loop0: detected capacity change from 0 to 2048
[   42.874079] loop0: detected capacity change from 0 to 2048
[   42.914439] loop0: detected capacity change from 0 to 2048
[   42.959988] loop0: detected capacity change from 0 to 2048
[   42.993887] loop0: detected capacity change from 0 to 2048
[   43.032723] loop0: detected capacity change from 0 to 2048
[   43.074772] loop0: detected capacity change from 0 to 2048
[   43.118786] loop0: detected capacity change from 0 to 2048
[   43.152165] loop0: detected capacity change from 0 to 2048
[   43.197065] loop0: detected capacity change from 0 to 2048
[   43.239591] loop0: detected capacity change from 0 to 2048
[   43.277336] loop0: detected capacity change from 0 to 2048
[   43.313503] loop0: detected capacity change from 0 to 2048
[   43.348520] loop0: detected capacity change from 0 to 2048
[   43.382024] loop0: detected capacity change from 0 to 2048
[   43.412092] loop0: detected capacity change from 0 to 2048
[   43.465196] loop0: detected capacity change from 0 to 2048
[   43.506681] loop0: detected capacity change from 0 to 2048
[   43.539374] loop0: detected capacity change from 0 to 2048
[   43.587156] loop0: detected capacity change from 0 to 2048
[   43.625794] loop0: detected capacity change from 0 to 2048
[   43.671101] loop0: detected capacity change from 0 to 2048
[   43.737370] loop0: detected capacity change from 0 to 2048
[   43.784401] loop0: detected capacity change from 0 to 2048
[   43.821548] loop0: detected capacity change from 0 to 2048
[   43.854030] loop0: detected capacity change from 0 to 2048
[   43.893744] loop0: detected capacity change from 0 to 2048
[   43.935690] loop0: detected capacity change from 0 to 2048
[   43.972955] loop0: detected capacity change from 0 to 2048
[   44.013893] loop0: detected capacity change from 0 to 2048
[   44.055063] loop0: detected capacity change from 0 to 2048
[   44.090810] loop0: detected capacity change from 0 to 2048
[   44.132317] loop0: detected capacity change from 0 to 2048
[   44.132909] blk_print_req_error: 8 callbacks suppressed
[   44.132924] I/O error, dev loop0, sector 0 op 0x0:(READ) flags 0x80700 phys_seg 1 prio class 2
[   44.177025] loop0: detected capacity change from 0 to 2048
[   44.177689] I/O error, dev loop0, sector 0 op 0x0:(READ) flags 0x80700 phys_seg 1 prio class 2
[   44.216934] loop0: detected capacity change from 0 to 2048
[   44.250504] loop0: detected capacity change from 0 to 2048
[   44.297431] loop0: detected capacity change from 0 to 2048
[   44.330004] loop0: detected capacity change from 0 to 2048
[   44.371445] loop0: detected capacity change from 0 to 2048
[   44.432208] loop0: detected capacity change from 0 to 2048
[   44.433042] I/O error, dev loop0, sector 0 op 0x0:(READ) flags 0x80700 phys_seg 1 prio class 2
[   44.482624] loop0: detected capacity change from 0 to 2048
[   44.520958] loop0: detected capacity change from 0 to 2048
[   44.562071] loop0: detected capacity change from 0 to 2048
[   44.605723] loop0: detected capacity change from 0 to 2048
[   44.656192] loop0: detected capacity change from 0 to 2048
[   44.697311] loop0: detected capacity change from 0 to 2048
[   44.725921] loop0: detected capacity change from 0 to 2048
[   44.768966] loop0: detected capacity change from 0 to 2048
[   44.799757] loop0: detected capacity change from 0 to 2048
[   44.839465] loop0: detected capacity change from 0 to 2048
[   44.873396] loop0: detected capacity change from 0 to 2048
[   44.919038] loop0: detected capacity change from 0 to 2048
[   44.953921] loop0: detected capacity change from 0 to 2048
[   44.991166] loop0: detected capacity change from 0 to 2048
[   45.035456] loop0: detected capacity change from 0 to 2048
[   45.079570] loop0: detected capacity change from 0 to 2048
[   45.106326] loop0: detected capacity change from 0 to 2048
[   45.150704] loop0: detected capacity change from 0 to 2048
[   45.182631] loop0: detected capacity change from 0 to 2048
[   45.228214] loop0: detected capacity change from 0 to 2048
[   45.274061] loop0: detected capacity change from 0 to 2048
[   45.274552] I/O error, dev loop0, sector 0 op 0x0:(READ) flags 0x80700 phys_seg 1 prio class 2
[   45.307861] loop0: detected capacity change from 0 to 2048
[   45.347537] loop0: detected capacity change from 0 to 2048
[   45.402071] loop0: detected capacity change from 0 to 2048
[   45.403098] I/O error, dev loop0, sector 0 op 0x0:(READ) flags 0x80700 phys_seg 1 prio class 2
[   45.455078] loop0: detected capacity change from 0 to 2048
[   45.505980] loop0: detected capacity change from 0 to 2048
[   45.546308] loop0: detected capacity change from 0 to 2048
[   45.546765] I/O error, dev loop0, sector 0 op 0x0:(READ) flags 0x80700 phys_seg 1 prio class 2
[   45.593546] loop0: detected capacity change from 0 to 2048
[   45.635121] loop0: detected capacity change from 0 to 2048
[   45.675136] loop0: detected capacity change from 0 to 2048
[   45.716032] loop0: detected capacity change from 0 to 2048
[   45.749734] loop0: detected capacity change from 0 to 2048
[   45.787944] loop0: detected capacity change from 0 to 2048
[   45.833089] loop0: detected capacity change from 0 to 2048
[   45.862535] loop0: detected capacity change from 0 to 2048
[   45.899241] loop0: detected capacity change from 0 to 2048
[   45.900207] I/O error, dev loop0, sector 0 op 0x0:(READ) flags 0x80700 phys_seg 1 prio class 2
[   45.941315] loop0: detected capacity change from 0 to 2048
[   45.985182] loop0: detected capacity change from 0 to 2048
[   46.014147] loop0: detected capacity change from 0 to 2048
[   46.056630] loop0: detected capacity change from 0 to 2048
[   46.088618] loop0: detected capacity change from 0 to 2048
[   46.129831] loop0: detected capacity change from 0 to 2048
[   46.163414] loop0: detected capacity change from 0 to 2048
[   46.209656] loop0: detected capacity change from 0 to 2048
[   46.246178] loop0: detected capacity change from 0 to 2048
[   46.246946] I/O error, dev loop0, sector 0 op 0x0:(READ) flags 0x80700 phys_seg 1 prio class 2
[   46.278158] loop0: detected capacity change from 0 to 2048
[   46.323248] loop0: detected capacity change from 0 to 2048
[   46.362263] loop0: detected capacity change from 0 to 2048
[   46.409203] loop0: detected capacity change from 0 to 2048
[   46.466768] loop0: detected capacity change from 0 to 2048
[   46.503310] loop0: detected capacity change from 0 to 2048
[   46.551484] loop0: detected capacity change from 0 to 2048
[   46.585098] loop0: detected capacity change from 0 to 2048
[   46.623984] loop0: detected capacity change from 0 to 2048
[   46.654794] loop0: detected capacity change from 0 to 2048
[   46.689511] loop0: detected capacity change from 0 to 2048
[   46.716524] loop0: detected capacity change from 0 to 2048
[   46.761658] loop0: detected capacity change from 0 to 2048
[   46.762665] I/O error, dev loop0, sector 0 op 0x0:(READ) flags 0x80700 phys_seg 1 prio class 2
[   46.802089] loop0: detected capacity change from 0 to 2048
[   46.803077] I/O error, dev loop0, sector 0 op 0x0:(READ) flags 0x80700 phys_seg 1 prio class 2
[   46.846360] loop0: detected capacity change from 0 to 2048
[   46.876483] loop0: detected capacity change from 0 to 2048
[   46.877483] Buffer I/O error on dev loop0, logical block 0, async page read
[   46.913277] loop0: detected capacity change from 0 to 2048
[   46.959789] loop0: detected capacity change from 0 to 2048
[   46.991310] loop0: detected capacity change from 0 to 2048
[   47.030779] loop0: detected capacity change from 0 to 2048
[   47.073320] loop0: detected capacity change from 0 to 2048
[   47.119554] loop0: detected capacity change from 0 to 2048
[   47.170346] loop0: detected capacity change from 0 to 2048
[   47.211729] loop0: detected capacity change from 0 to 2048
[   47.238700] loop0: detected capacity change from 0 to 2048
[   47.284153] loop0: detected capacity change from 0 to 2048
[   47.284996] Buffer I/O error on dev loop0, logical block 0, async page read
[   47.326689] loop0: detected capacity change from 0 to 2048
[   47.375765] loop0: detected capacity change from 0 to 2048
[   47.428602] loop0: detected capacity change from 0 to 2048
[   47.481373] loop0: detected capacity change from 0 to 2048
[   47.521800] loop0: detected capacity change from 0 to 2048
[   47.558467] loop0: detected capacity change from 0 to 2048
[   47.591761] loop0: detected capacity change from 0 to 2048
[   47.592833] Buffer I/O error on dev loop0, logical block 0, async page read
[   47.639319] loop0: detected capacity change from 0 to 2048
[   47.679020] loop0: detected capacity change from 0 to 2048
[   47.718453] loop0: detected capacity change from 0 to 2048
[   47.762917] loop0: detected capacity change from 0 to 2048
[   47.789043] loop0: detected capacity change from 0 to 2048
[   47.845315] loop0: detected capacity change from 0 to 2048
[   47.870300] loop0: detected capacity change from 0 to 2048
[   47.914265] loop0: detected capacity change from 0 to 2048
[   47.945618] loop0: detected capacity change from 0 to 2048
[   47.976235] loop0: detected capacity change from 0 to 2048
[   48.022506] loop0: detected capacity change from 0 to 2048
[   48.059288] loop0: detected capacity change from 0 to 2048
[   48.099976] loop0: detected capacity change from 0 to 2048
[   48.144391] loop0: detected capacity change from 0 to 2048
[   48.181192] loop0: detected capacity change from 0 to 2048
[   48.218596] loop0: detected capacity change from 0 to 2048
[   48.258333] loop0: detected capacity change from 0 to 2048
[   48.259290] Buffer I/O error on dev loop0, logical block 0, async page read
[   48.300082] loop0: detected capacity change from 0 to 2048
[   48.335577] loop0: detected capacity change from 0 to 2048
[   48.377846] loop0: detected capacity change from 0 to 2048
[   48.420564] loop0: detected capacity change from 0 to 2048
[   48.486153] loop0: detected capacity change from 0 to 2048
[   48.486882] Buffer I/O error on dev loop0, logical block 0, async page read
[   48.527400] loop0: detected capacity change from 0 to 2048
[   48.576348] loop0: detected capacity change from 0 to 2048
[   48.608677] loop0: detected capacity change from 0 to 2048
[   48.645791] loop0: detected capacity change from 0 to 2048
[   48.685104] loop0: detected capacity change from 0 to 2048
[   48.732701] loop0: detected capacity change from 0 to 2048
[   48.784668] loop0: detected capacity change from 0 to 2048
[   48.813464] loop0: detected capacity change from 0 to 2048
[   48.854006] loop0: detected capacity change from 0 to 2048
[   48.903863] loop0: detected capacity change from 0 to 2048
[   48.941830] loop0: detected capacity change from 0 to 2048
[   48.983780] loop0: detected capacity change from 0 to 2048
[   49.012449] loop0: detected capacity change from 0 to 2048
[   49.061057] loop0: detected capacity change from 0 to 2048
[   49.098488] loop0: detected capacity change from 0 to 2048
[   49.140138] loop0: detected capacity change from 0 to 2048
[   49.176639] loop0: detected capacity change from 0 to 2048
[   49.220808] loop0: detected capacity change from 0 to 2048
[   49.255450] loop0: detected capacity change from 0 to 2048
[   49.291854] loop0: detected capacity change from 0 to 2048
[   49.334337] loop0: detected capacity change from 0 to 2048
[   49.368400] loop0: detected capacity change from 0 to 2048
[   49.432555] loop0: detected capacity change from 0 to 2048
[   49.473770] loop0: detected capacity change from 0 to 2048
[   49.522619] loop0: detected capacity change from 0 to 2048
[   49.565305] loop0: detected capacity change from 0 to 2048
[   49.599352] loop0: detected capacity change from 0 to 2048
[   49.634199] loop0: detected capacity change from 0 to 2048
[   49.669233] loop0: detected capacity change from 0 to 2048
[   49.709959] loop0: detected capacity change from 0 to 2048
[   49.749715] loop0: detected capacity change from 0 to 2048
[   49.750159] blk_print_req_error: 12 callbacks suppressed
[   49.750175] I/O error, dev loop0, sector 0 op 0x0:(READ) flags 0x80700 phys_seg 1 prio class 2
[   49.791996] loop0: detected capacity change from 0 to 2048
[   49.826477] loop0: detected capacity change from 0 to 2048
[   49.860701] loop0: detected capacity change from 0 to 2048
[   49.891161] loop0: detected capacity change from 0 to 2048
[   49.936933] loop0: detected capacity change from 0 to 2048
[   49.969717] loop0: detected capacity change from 0 to 2048
[   50.007331] loop0: detected capacity change from 0 to 2048
[   50.035904] loop0: detected capacity change from 0 to 2048
[   50.071438] loop0: detected capacity change from 0 to 2048
[   50.101667] loop0: detected capacity change from 0 to 2048
[   50.143534] loop0: detected capacity change from 0 to 2048
[   50.174193] loop0: detected capacity change from 0 to 2048
[   50.210493] loop0: detected capacity change from 0 to 2048
[   50.211314] I/O error, dev loop0, sector 0 op 0x0:(READ) flags 0x80700 phys_seg 1 prio class 2
[   50.249462] loop0: detected capacity change from 0 to 2048
[   50.304441] loop0: detected capacity change from 0 to 2048
[   50.344643] loop0: detected capacity change from 0 to 2048
[   50.389870] loop0: detected capacity change from 0 to 2048
[   50.436400] loop0: detected capacity change from 0 to 2048
[   50.488480] loop0: detected capacity change from 0 to 2048
[   50.528445] loop0: detected capacity change from 0 to 2048
[   50.553111] loop0: detected capacity change from 0 to 2048
[   50.581244] loop0: detected capacity change from 0 to 2048
[   50.608726] loop0: detected capacity change from 0 to 2048
[   50.637989] loop0: detected capacity change from 0 to 2048
[   50.676190] loop0: detected capacity change from 0 to 2048
[   50.721935] loop0: detected capacity change from 0 to 2048
[   50.762837] loop0: detected capacity change from 0 to 2048
[   50.802563] loop0: detected capacity change from 0 to 2048
[   50.829515] loop0: detected capacity change from 0 to 2048
[   50.870641] loop0: detected capacity change from 0 to 2048
[   50.916730] loop0: detected capacity change from 0 to 2048
[   50.952634] loop0: detected capacity change from 0 to 2048
[   50.990597] loop0: detected capacity change from 0 to 2048
[   51.029368] loop0: detected capacity change from 0 to 2048
[   51.029996] I/O error, dev loop0, sector 0 op 0x0:(READ) flags 0x80700 phys_seg 1 prio class 2
[   51.074729] loop0: detected capacity change from 0 to 2048
[   51.116346] loop0: detected capacity change from 0 to 2048
[   51.163498] loop0: detected capacity change from 0 to 2048
[   51.200664] loop0: detected capacity change from 0 to 2048
[   51.238883] loop0: detected capacity change from 0 to 2048
[   51.278197] loop0: detected capacity change from 0 to 2048
[   51.306718] loop0: detected capacity change from 0 to 2048
[   51.342017] loop0: detected capacity change from 0 to 2048
[   51.398067] loop0: detected capacity change from 0 to 2048
[   51.446439] loop0: detected capacity change from 0 to 2048
[   51.493666] loop0: detected capacity change from 0 to 2048
[   51.538200] loop0: detected capacity change from 0 to 2048
[   51.564419] loop0: detected capacity change from 0 to 2048
[   51.594726] loop0: detected capacity change from 0 to 2048
[   51.631409] loop0: detected capacity change from 0 to 2048
[   51.631934] I/O error, dev loop0, sector 0 op 0x0:(READ) flags 0x80700 phys_seg 1 prio class 2
[   51.670193] loop0: detected capacity change from 0 to 2048
[   51.670962] I/O error, dev loop0, sector 0 op 0x0:(READ) flags 0x80700 phys_seg 1 prio class 2
[   51.705274] loop0: detected capacity change from 0 to 2048
[   51.733777] loop0: detected capacity change from 0 to 2048
[   51.770800] loop0: detected capacity change from 0 to 2048
[   51.795710] loop0: detected capacity change from 0 to 2048
[   51.836354] loop0: detected capacity change from 0 to 2048
[   51.864234] loop0: detected capacity change from 0 to 2048
[   51.906128] loop0: detected capacity change from 0 to 2048
[   51.940624] loop0: detected capacity change from 0 to 2048
[   51.941244] I/O error, dev loop0, sector 0 op 0x0:(READ) flags 0x80700 phys_seg 1 prio class 2
[   51.985286] loop0: detected capacity change from 0 to 2048
[   52.018421] loop0: detected capacity change from 0 to 2048
[   52.052114] loop0: detected capacity change from 0 to 2048
[   52.091970] loop0: detected capacity change from 0 to 2048
[   52.129723] loop0: detected capacity change from 0 to 2048
[   52.183190] loop0: detected capacity change from 0 to 2048
[   52.214832] loop0: detected capacity change from 0 to 2048
[   52.249557] loop0: detected capacity change from 0 to 2048
[   52.291441] loop0: detected capacity change from 0 to 2048
[   52.292135] I/O error, dev loop0, sector 0 op 0x0:(READ) flags 0x80700 phys_seg 1 prio class 2
[   52.334807] loop0: detected capacity change from 0 to 2048
[   52.375217] loop0: detected capacity change from 0 to 2048
[   52.423759] loop0: detected capacity change from 0 to 2048
[   52.463580] loop0: detected capacity change from 0 to 2048
[   52.508348] loop0: detected capacity change from 0 to 2048
[   52.548961] loop0: detected capacity change from 0 to 2048
[   52.549798] I/O error, dev loop0, sector 0 op 0x0:(READ) flags 0x80700 phys_seg 1 prio class 2
[   52.589465] loop0: detected capacity change from 0 to 2048
[   52.638164] loop0: detected capacity change from 0 to 2048
[   52.685374] loop0: detected capacity change from 0 to 2048
[   52.720091] loop0: detected capacity change from 0 to 2048
[   52.759071] loop0: detected capacity change from 0 to 2048
[   52.804223] loop0: detected capacity change from 0 to 2048
[   52.840064] loop0: detected capacity change from 0 to 2048
[   52.876370] loop0: detected capacity change from 0 to 2048
[   52.877372] I/O error, dev loop0, sector 0 op 0x0:(READ) flags 0x80700 phys_seg 1 prio class 2
[   52.877435] I/O error, dev loop0, sector 0 op 0x0:(READ) flags 0x0 phys_seg 1 prio class 2
[   52.877454] Buffer I/O error on dev loop0, logical block 0, async page read
[   52.877492] Buffer I/O error on dev loop0, logical block 0, async page read
[   52.921146] loop0: detected capacity change from 0 to 2048
[   52.960160] loop0: detected capacity change from 0 to 2048
[   53.000934] loop0: detected capacity change from 0 to 2048
[   53.036899] loop0: detected capacity change from 0 to 2048
[   53.082895] loop0: detected capacity change from 0 to 2048
[   53.127936] loop0: detected capacity change from 0 to 2048
[   53.166112] loop0: detected capacity change from 0 to 2048
[   53.207877] loop0: detected capacity change from 0 to 2048
[   53.248290] loop0: detected capacity change from 0 to 2048
[   53.282291] loop0: detected capacity change from 0 to 2048
[   53.325914] loop0: detected capacity change from 0 to 2048
[   53.369455] loop0: detected capacity change from 0 to 2048
[   53.420323] loop0: detected capacity change from 0 to 2048
[   53.467358] loop0: detected capacity change from 0 to 2048
[   53.497328] loop0: detected capacity change from 0 to 2048
[   53.534548] loop0: detected capacity change from 0 to 2048
[   53.535111] Buffer I/O error on dev loop0, logical block 0, async page read
[   53.574978] loop0: detected capacity change from 0 to 2048
[   53.609533] loop0: detected capacity change from 0 to 2048
[   53.640468] loop0: detected capacity change from 0 to 2048
[   53.682555] loop0: detected capacity change from 0 to 2048
[   53.709221] loop0: detected capacity change from 0 to 2048
[   53.743525] loop0: detected capacity change from 0 to 2048
[   53.775199] loop0: detected capacity change from 0 to 2048
[   53.814372] loop0: detected capacity change from 0 to 2048
[   53.838652] loop0: detected capacity change from 0 to 2048
[   53.880689] loop0: detected capacity change from 0 to 2048
[   53.909822] loop0: detected capacity change from 0 to 2048
[   53.945600] loop0: detected capacity change from 0 to 2048
[   53.946083] Buffer I/O error on dev loop0, logical block 0, async page read
[   53.983743] loop0: detected capacity change from 0 to 2048
[   54.025945] loop0: detected capacity change from 0 to 2048
[   54.060954] loop0: detected capacity change from 0 to 2048
[   54.104472] loop0: detected capacity change from 0 to 2048
[   54.144104] loop0: detected capacity change from 0 to 2048
[   54.171999] loop0: detected capacity change from 0 to 2048
[   54.208128] loop0: detected capacity change from 0 to 2048
[   54.244686] loop0: detected capacity change from 0 to 2048
[   54.278599] loop0: detected capacity change from 0 to 2048
[   54.317507] loop0: detected capacity change from 0 to 2048
[   54.347619] loop0: detected capacity change from 0 to 2048
[   54.400593] loop0: detected capacity change from 0 to 2048
[   54.448446] loop0: detected capacity change from 0 to 2048
[   54.498845] loop0: detected capacity change from 0 to 2048
[   54.529689] loop0: detected capacity change from 0 to 2048
[   54.568001] loop0: detected capacity change from 0 to 2048
[   54.597835] loop0: detected capacity change from 0 to 2048
[   54.639830] loop0: detected capacity change from 0 to 2048
[   54.687301] loop0: detected capacity change from 0 to 2048
[   54.735054] loop0: detected capacity change from 0 to 2048
[   54.774925] loop0: detected capacity change from 0 to 2048
[   54.808385] loop0: detected capacity change from 0 to 2048
[   54.852615] loop0: detected capacity change from 0 to 2048
[   54.879378] loop0: detected capacity change from 0 to 2048
[   54.915602] loop0: detected capacity change from 0 to 2048
[   54.945382] loop0: detected capacity change from 0 to 2048
[   54.983642] loop0: detected capacity change from 0 to 2048
[   55.023888] loop0: detected capacity change from 0 to 2048
[   55.062492] loop0: detected capacity change from 0 to 2048
[   55.116961] loop0: detected capacity change from 0 to 2048
[   55.163829] loop0: detected capacity change from 0 to 2048
[   55.211811] loop0: detected capacity change from 0 to 2048
[   55.241904] loop0: detected capacity change from 0 to 2048
[   55.278856] loop0: detected capacity change from 0 to 2048
[   55.311454] loop0: detected capacity change from 0 to 2048
[   55.335796] loop0: detected capacity change from 0 to 2048
[   55.363229] loop0: detected capacity change from 0 to 2048
[   55.415171] loop0: detected capacity change from 0 to 2048
[   55.453203] loop0: detected capacity change from 0 to 2048
[   55.485874] loop0: detected capacity change from 0 to 2048
[   55.505125] loop0: detected capacity change from 0 to 2048
[   55.545927] loop0: detected capacity change from 0 to 2048
[   55.574452] loop0: detected capacity change from 0 to 2048
[   55.612329] loop0: detected capacity change from 0 to 2048
[   55.648383] loop0: detected capacity change from 0 to 2048
[   55.674828] loop0: detected capacity change from 0 to 2048
[   55.675453] blk_print_req_error: 5 callbacks suppressed
[   55.675463] I/O error, dev loop0, sector 0 op 0x0:(READ) flags 0x80700 phys_seg 1 prio class 2
[   55.709455] loop0: detected capacity change from 0 to 2048
[   55.738317] loop0: detected capacity change from 0 to 2048
[   55.764088] loop0: detected capacity change from 0 to 2048
[   55.797327] loop0: detected capacity change from 0 to 2048
[   55.834474] loop0: detected capacity change from 0 to 2048
[   55.876733] loop0: detected capacity change from 0 to 2048
[   55.877197] I/O error, dev loop0, sector 0 op 0x0:(READ) flags 0x80700 phys_seg 1 prio class 2
[   55.914707] loop0: detected capacity change from 0 to 2048
[   55.941078] loop0: detected capacity change from 0 to 2048
[   55.966206] loop0: detected capacity change from 0 to 2048
[   55.966946] I/O error, dev loop0, sector 0 op 0x0:(READ) flags 0x80700 phys_seg 1 prio class 2
[   56.015375] loop0: detected capacity change from 0 to 2048
[   56.058030] loop0: detected capacity change from 0 to 2048
[   56.102999] loop0: detected capacity change from 0 to 2048
[   56.142121] loop0: detected capacity change from 0 to 2048
[   56.175519] loop0: detected capacity change from 0 to 2048
[   56.176316] I/O error, dev loop0, sector 0 op 0x0:(READ) flags 0x80700 phys_seg 1 prio class 2
[   56.213302] loop0: detected capacity change from 0 to 2048
[   56.255574] loop0: detected capacity change from 0 to 2048
[   56.287908] loop0: detected capacity change from 0 to 2048
[   56.288347] I/O error, dev loop0, sector 0 op 0x0:(READ) flags 0x80700 phys_seg 1 prio class 2
[   56.324331] loop0: detected capacity change from 0 to 2048
[   56.362561] loop0: detected capacity change from 0 to 2048
[   56.409914] loop0: detected capacity change from 0 to 2048
[   56.475261] loop0: detected capacity change from 0 to 2048
[   56.515494] loop0: detected capacity change from 0 to 2048
[   56.540116] loop0: detected capacity change from 0 to 2048
[   56.582732] loop0: detected capacity change from 0 to 2048
[   56.583112] I/O error, dev loop0, sector 0 op 0x0:(READ) flags 0x80700 phys_seg 1 prio class 2
[   56.619861] loop0: detected capacity change from 0 to 2048
[   56.659319] loop0: detected capacity change from 0 to 2048
[   56.695581] loop0: detected capacity change from 0 to 2048
[   56.723619] loop0: detected capacity change from 0 to 2048
[   56.767420] loop0: detected capacity change from 0 to 2048
[   56.804347] loop0: detected capacity change from 0 to 2048
[   56.833339] loop0: detected capacity change from 0 to 2048
[   56.875730] loop0: detected capacity change from 0 to 2048
[   56.913778] loop0: detected capacity change from 0 to 2048
[   56.914561] I/O error, dev loop0, sector 0 op 0x0:(READ) flags 0x80700 phys_seg 1 prio class 2
[   56.961427] loop0: detected capacity change from 0 to 2048
[   56.994419] loop0: detected capacity change from 0 to 2048
[   57.034693] loop0: detected capacity change from 0 to 2048
[   57.075640] loop0: detected capacity change from 0 to 2048
[   57.117482] loop0: detected capacity change from 0 to 2048
[   57.153740] loop0: detected capacity change from 0 to 2048
[   57.187154] loop0: detected capacity change from 0 to 2048
[   57.220618] loop0: detected capacity change from 0 to 2048
[   57.253498] loop0: detected capacity change from 0 to 2048
[   57.292929] loop0: detected capacity change from 0 to 2048
[   57.325756] loop0: detected capacity change from 0 to 2048
[   57.364201] loop0: detected capacity change from 0 to 2048
[   57.410106] loop0: detected capacity change from 0 to 2048
[   57.465178] loop0: detected capacity change from 0 to 2048
[   57.506119] loop0: detected capacity change from 0 to 2048
[   57.547003] loop0: detected capacity change from 0 to 2048
[   57.581466] loop0: detected capacity change from 0 to 2048
[   57.620524] loop0: detected capacity change from 0 to 2048
[   57.649857] loop0: detected capacity change from 0 to 2048
[   57.683910] loop0: detected capacity change from 0 to 2048
[   57.723172] loop0: detected capacity change from 0 to 2048
[   57.752617] loop0: detected capacity change from 0 to 2048
[   57.797274] loop0: detected capacity change from 0 to 2048
[   57.836094] loop0: detected capacity change from 0 to 2048
[   57.869897] loop0: detected capacity change from 0 to 2048
[   57.905872] loop0: detected capacity change from 0 to 2048
[   57.944150] loop0: detected capacity change from 0 to 2048
[   57.984968] loop0: detected capacity change from 0 to 2048
[   58.013475] loop0: detected capacity change from 0 to 2048
[   58.055166] loop0: detected capacity change from 0 to 2048
[   58.095523] loop0: detected capacity change from 0 to 2048
[   58.133882] loop0: detected capacity change from 0 to 2048
[   58.179578] loop0: detected capacity change from 0 to 2048
[   58.211887] loop0: detected capacity change from 0 to 2048
[   58.248152] loop0: detected capacity change from 0 to 2048
[   58.287393] loop0: detected capacity change from 0 to 2048
[   58.326001] loop0: detected capacity change from 0 to 2048
[   58.353194] loop0: detected capacity change from 0 to 2048
[   58.399505] loop0: detected capacity change from 0 to 2048
[   58.450461] loop0: detected capacity change from 0 to 2048
[   58.494004] loop0: detected capacity change from 0 to 2048
[   58.539161] loop0: detected capacity change from 0 to 2048
[   58.571517] loop0: detected capacity change from 0 to 2048
[   58.605557] loop0: detected capacity change from 0 to 2048
[   58.644515] loop0: detected capacity change from 0 to 2048
[   58.675479] loop0: detected capacity change from 0 to 2048
[   58.703891] loop0: detected capacity change from 0 to 2048
[   58.736574] loop0: detected capacity change from 0 to 2048
[   58.776050] loop0: detected capacity change from 0 to 2048
[   58.811635] loop0: detected capacity change from 0 to 2048
[   58.838950] loop0: detected capacity change from 0 to 2048
[   58.878401] loop0: detected capacity change from 0 to 2048
[   58.909520] loop0: detected capacity change from 0 to 2048
[   58.954492] loop0: detected capacity change from 0 to 2048
[   58.989845] loop0: detected capacity change from 0 to 2048
[   59.025993] loop0: detected capacity change from 0 to 2048
[   59.051359] loop0: detected capacity change from 0 to 2048
[   59.080352] loop0: detected capacity change from 0 to 2048
[   59.110290] loop0: detected capacity change from 0 to 2048
[   59.135696] loop0: detected capacity change from 0 to 2048
[   59.185938] loop0: detected capacity change from 0 to 2048
[   59.225182] loop0: detected capacity change from 0 to 2048
[   59.264189] loop0: detected capacity change from 0 to 2048
[   59.306471] loop0: detected capacity change from 0 to 2048
[   59.345266] loop0: detected capacity change from 0 to 2048
[   59.381455] loop0: detected capacity change from 0 to 2048
[   59.382414] I/O error, dev loop0, sector 0 op 0x0:(READ) flags 0x80700 phys_seg 1 prio class 2
[   59.439405] loop0: detected capacity change from 0 to 2048
[   59.480460] loop0: detected capacity change from 0 to 2048
[   59.524595] loop0: detected capacity change from 0 to 2048
[   59.566270] loop0: detected capacity change from 0 to 2048
[   59.599818] loop0: detected capacity change from 0 to 2048
[   59.628511] loop0: detected capacity change from 0 to 2048
[   59.673828] loop0: detected capacity change from 0 to 2048
[   59.712461] loop0: detected capacity change from 0 to 2048
[   59.744064] loop0: detected capacity change from 0 to 2048
[   59.783376] loop0: detected capacity change from 0 to 2048
[   59.831339] loop0: detected capacity change from 0 to 2048
[   59.865899] loop0: detected capacity change from 0 to 2048
[   59.902531] loop0: detected capacity change from 0 to 2048
[   59.935222] loop0: detected capacity change from 0 to 2048
[   59.981382] loop0: detected capacity change from 0 to 2048
[   60.010290] loop0: detected capacity change from 0 to 2048
[   60.055987] loop0: detected capacity change from 0 to 2048
[   60.087083] loop0: detected capacity change from 0 to 2048
[   60.124080] loop0: detected capacity change from 0 to 2048
[   60.151682] loop0: detected capacity change from 0 to 2048
[   60.205169] loop0: detected capacity change from 0 to 2048
[   60.239791] loop0: detected capacity change from 0 to 2048
[   60.287496] loop0: detected capacity change from 0 to 2048
[   60.288470] I/O error, dev loop0, sector 0 op 0x0:(READ) flags 0x80700 phys_seg 1 prio class 2
[   60.323348] loop0: detected capacity change from 0 to 2048
[   60.357577] loop0: detected capacity change from 0 to 2048
[   60.406735] loop0: detected capacity change from 0 to 2048
[   60.465785] loop0: detected capacity change from 0 to 2048
[   60.507008] loop0: detected capacity change from 0 to 2048
[   60.546265] loop0: detected capacity change from 0 to 2048
[   60.590558] loop0: detected capacity change from 0 to 2048
[   60.634422] loop0: detected capacity change from 0 to 2048
[   60.659233] loop0: detected capacity change from 0 to 2048
[   60.706774] loop0: detected capacity change from 0 to 2048
[   60.744348] loop0: detected capacity change from 0 to 2048
[   60.780140] loop0: detected capacity change from 0 to 2048
[   60.810305] loop0: detected capacity change from 0 to 2048
[   60.844695] loop0: detected capacity change from 0 to 2048
[   60.879834] loop0: detected capacity change from 0 to 2048
[   60.915655] loop0: detected capacity change from 0 to 2048
[   60.955133] loop0: detected capacity change from 0 to 2048
[   60.997587] loop0: detected capacity change from 0 to 2048
[   61.028012] loop0: detected capacity change from 0 to 2048
[   61.071560] loop0: detected capacity change from 0 to 2048
[   61.113789] loop0: detected capacity change from 0 to 2048
[   61.154372] loop0: detected capacity change from 0 to 2048
[   61.187573] loop0: detected capacity change from 0 to 2048
[   61.188295] I/O error, dev loop0, sector 0 op 0x0:(READ) flags 0x80700 phys_seg 1 prio class 2
[   61.235463] loop0: detected capacity change from 0 to 2048
[   61.281716] loop0: detected capacity change from 0 to 2048
[   61.320047] loop0: detected capacity change from 0 to 2048
[   61.359457] loop0: detected capacity change from 0 to 2048
[   61.405061] loop0: detected capacity change from 0 to 2048
[   61.449755] loop0: detected capacity change from 0 to 2048
[   61.491381] loop0: detected capacity change from 0 to 2048
[   61.531730] loop0: detected capacity change from 0 to 2048
[   61.572039] loop0: detected capacity change from 0 to 2048
[   61.612465] loop0: detected capacity change from 0 to 2048
[   61.658895] loop0: detected capacity change from 0 to 2048
[   61.694427] loop0: detected capacity change from 0 to 2048
[   61.736082] loop0: detected capacity change from 0 to 2048
[   61.774060] loop0: detected capacity change from 0 to 2048
[   61.817196] loop0: detected capacity change from 0 to 2048
[   61.856569] loop0: detected capacity change from 0 to 2048
[   61.900046] loop0: detected capacity change from 0 to 2048
[   61.946343] loop0: detected capacity change from 0 to 2048
[   61.988550] loop0: detected capacity change from 0 to 2048
[   62.024941] loop0: detected capacity change from 0 to 2048
[   62.059471] loop0: detected capacity change from 0 to 2048
[   62.105861] loop0: detected capacity change from 0 to 2048
[   62.142708] loop0: detected capacity change from 0 to 2048
[   62.199433] loop0: detected capacity change from 0 to 2048
[   62.236445] loop0: detected capacity change from 0 to 2048
[   62.236943] I/O error, dev loop0, sector 0 op 0x0:(READ) flags 0x80700 phys_seg 1 prio class 2
[   62.273657] loop0: detected capacity change from 0 to 2048
[   62.329482] loop0: detected capacity change from 0 to 2048
[   62.364075] loop0: detected capacity change from 0 to 2048
[   62.423632] loop0: detected capacity change from 0 to 2048
[   62.465445] loop0: detected capacity change from 0 to 2048
[   62.466403] I/O error, dev loop0, sector 0 op 0x0:(READ) flags 0x80700 phys_seg 1 prio class 2
[   62.509365] loop0: detected capacity change from 0 to 2048
[   62.557962] loop0: detected capacity change from 0 to 2048
[   62.597063] loop0: detected capacity change from 0 to 2048
[   62.625632] loop0: detected capacity change from 0 to 2048
[   62.655634] loop0: detected capacity change from 0 to 2048
[   62.701463] loop0: detected capacity change from 0 to 2048
[   62.702164] I/O error, dev loop0, sector 0 op 0x0:(READ) flags 0x80700 phys_seg 1 prio class 2
[   62.742980] loop0: detected capacity change from 0 to 2048
[   62.782181] loop0: detected capacity change from 0 to 2048
[   62.826028] loop0: detected capacity change from 0 to 2048
[   62.857363] loop0: detected capacity change from 0 to 2048
[   62.894720] loop0: detected capacity change from 0 to 2048
[   62.929086] loop0: detected capacity change from 0 to 2048
[   62.964003] loop0: detected capacity change from 0 to 2048
[   63.007695] loop0: detected capacity change from 0 to 2048
[   63.038265] loop0: detected capacity change from 0 to 2048
[   63.089514] loop0: detected capacity change from 0 to 2048
[   63.120016] loop0: detected capacity change from 0 to 2048
[   63.163554] loop0: detected capacity change from 0 to 2048
[   63.214462] loop0: detected capacity change from 0 to 2048
[   63.258583] loop0: detected capacity change from 0 to 2048
[   63.288165] loop0: detected capacity change from 0 to 2048
[   63.332507] loop0: detected capacity change from 0 to 2048
[   63.362739] loop0: detected capacity change from 0 to 2048
[   63.406574] loop0: detected capacity change from 0 to 2048
[   63.460014] loop0: detected capacity change from 0 to 2048
[   63.525754] loop0: detected capacity change from 0 to 2048
[   63.553610] loop0: detected capacity change from 0 to 2048
[   63.598343] loop0: detected capacity change from 0 to 2048
[   63.660224] loop0: detected capacity change from 0 to 2048
[   63.695671] loop0: detected capacity change from 0 to 2048
[   63.727391] loop0: detected capacity change from 0 to 2048
[   63.768111] loop0: detected capacity change from 0 to 2048
[   63.798388] loop0: detected capacity change from 0 to 2048
[   63.854372] loop0: detected capacity change from 0 to 2048
[   63.897489] loop0: detected capacity change from 0 to 2048
[   63.924379] loop0: detected capacity change from 0 to 2048
[   63.970750] loop0: detected capacity change from 0 to 2048
[   64.012420] loop0: detected capacity change from 0 to 2048
[   64.048095] loop0: detected capacity change from 0 to 2048
[   64.078491] loop0: detected capacity change from 0 to 2048
[   64.110400] loop0: detected capacity change from 0 to 2048
[   64.151805] loop0: detected capacity change from 0 to 2048
[   64.187236] loop0: detected capacity change from 0 to 2048
[   64.229174] loop0: detected capacity change from 0 to 2048
[   64.260595] loop0: detected capacity change from 0 to 2048
[   64.297764] loop0: detected capacity change from 0 to 2048
[   64.343204] loop0: detected capacity change from 0 to 2048
[   64.388533] loop0: detected capacity change from 0 to 2048
[   64.434185] loop0: detected capacity change from 0 to 2048
[   64.489788] loop0: detected capacity change from 0 to 2048
[   64.531573] loop0: detected capacity change from 0 to 2048
[   64.568946] loop0: detected capacity change from 0 to 2048
[   64.606110] loop0: detected capacity change from 0 to 2048
[   64.634864] loop0: detected capacity change from 0 to 2048
[   64.680712] loop0: detected capacity change from 0 to 2048
[   64.712278] loop0: detected capacity change from 0 to 2048
[   64.747138] loop0: detected capacity change from 0 to 2048
[   64.793520] loop0: detected capacity change from 0 to 2048
[   64.832284] loop0: detected capacity change from 0 to 2048
[   64.872284] loop0: detected capacity change from 0 to 2048
[   64.913625] loop0: detected capacity change from 0 to 2048
[   64.963040] loop0: detected capacity change from 0 to 2048
[   64.994533] loop0: detected capacity change from 0 to 2048
[   65.039573] loop0: detected capacity change from 0 to 2048
[   65.039994] I/O error, dev loop0, sector 0 op 0x0:(READ) flags 0x80700 phys_seg 1 prio class 2
[   65.076723] loop0: detected capacity change from 0 to 2048
[   65.132327] loop0: detected capacity change from 0 to 2048
[   65.133177] I/O error, dev loop0, sector 0 op 0x0:(READ) flags 0x80700 phys_seg 1 prio class 2
[   65.178532] loop0: detected capacity change from 0 to 2048
[   65.179081] I/O error, dev loop0, sector 0 op 0x0:(READ) flags 0x80700 phys_seg 1 prio class 2
[   65.221998] loop0: detected capacity change from 0 to 2048
[   65.268412] loop0: detected capacity change from 0 to 2048
[   65.305520] loop0: detected capacity change from 0 to 2048
[   65.334329] loop0: detected capacity change from 0 to 2048
[   65.379280] loop0: detected capacity change from 0 to 2048
[   65.437546] loop0: detected capacity change from 0 to 2048
[   65.487584] loop0: detected capacity change from 0 to 2048
[   65.519974] loop0: detected capacity change from 0 to 2048
[   65.556544] loop0: detected capacity change from 0 to 2048
[   65.603685] loop0: detected capacity change from 0 to 2048
[   65.640076] loop0: detected capacity change from 0 to 2048
[   65.681805] loop0: detected capacity change from 0 to 2048
[   65.720629] loop0: detected capacity change from 0 to 2048
[   65.762376] loop0: detected capacity change from 0 to 2048
[   65.806015] loop0: detected capacity change from 0 to 2048
[   65.836967] loop0: detected capacity change from 0 to 2048
[   65.854844] EXT4-fs unmount: 1455 callbacks suppressed
[   65.854860] EXT4-fs (loop0): unmounting filesystem 00000000-0000-0000-0000-000000000000.
[   65.875042] loop0: detected capacity change from 0 to 2048
[   65.882640] EXT4-fs (loop0): mounted filesystem 00000000-0000-0000-0000-000000000000 without journal. Quota mode: none.
[   65.892205] EXT4-fs (loop0): unmounting filesystem 00000000-0000-0000-0000-000000000000.
[   65.917769] loop0: detected capacity change from 0 to 2048
[   65.922672] EXT4-fs (loop0): mounted filesystem 00000000-0000-0000-0000-000000000000 without journal. Quota mode: none.
[   65.930802] EXT4-fs (loop0): unmounting filesystem 00000000-0000-0000-0000-000000000000.
[   65.951446] loop0: detected capacity change from 0 to 2048
[   65.975418] EXT4-fs (loop0): mounted filesystem 00000000-0000-0000-0000-000000000000 without journal. Quota mode: none.
[   65.984323] EXT4-fs (loop0): unmounting filesystem 00000000-0000-0000-0000-000000000000.
[   66.006998] loop0: detected capacity change from 0 to 2048
[   66.014581] EXT4-fs (loop0): mounted filesystem 00000000-0000-0000-0000-000000000000 without journal. Quota mode: none.
[   66.031064] EXT4-fs (loop0): unmounting filesystem 00000000-0000-0000-0000-000000000000.
[   66.069163] loop0: detected capacity change from 0 to 2048
[   66.079409] EXT4-fs (loop0): mounted filesystem 00000000-0000-0000-0000-000000000000 without journal. Quota mode: none.
[   66.087092] EXT4-fs (loop0): unmounting filesystem 00000000-0000-0000-0000-000000000000.
[   66.106492] loop0: detected capacity change from 0 to 2048
[   66.116017] EXT4-fs (loop0): mounted filesystem 00000000-0000-0000-0000-000000000000 without journal. Quota mode: none.
[   66.129822] EXT4-fs (loop0): unmounting filesystem 00000000-0000-0000-0000-000000000000.
[   66.148687] loop0: detected capacity change from 0 to 2048
[   66.173502] EXT4-fs (loop0): mounted filesystem 00000000-0000-0000-0000-000000000000 without journal. Quota mode: none.
[   66.184177] EXT4-fs (loop0): unmounting filesystem 00000000-0000-0000-0000-000000000000.
[   66.208209] loop0: detected capacity change from 0 to 2048
[   66.214618] EXT4-fs (loop0): mounted filesystem 00000000-0000-0000-0000-000000000000 without journal. Quota mode: none.
[   66.222428] EXT4-fs (loop0): unmounting filesystem 00000000-0000-0000-0000-000000000000.
[   66.241709] loop0: detected capacity change from 0 to 2048
[   66.250534] EXT4-fs (loop0): mounted filesystem 00000000-0000-0000-0000-000000000000 without journal. Quota mode: none.
[   66.269121] EXT4-fs (loop0): unmounting filesystem 00000000-0000-0000-0000-000000000000.
[   66.292574] loop0: detected capacity change from 0 to 2048
[   66.298694] EXT4-fs (loop0): mounted filesystem 00000000-0000-0000-0000-000000000000 without journal. Quota mode: none.
[   66.307833] EXT4-fs (loop0): unmounting filesystem 00000000-0000-0000-0000-000000000000.
[   66.331981] loop0: detected capacity change from 0 to 2048
[   66.343013] EXT4-fs (loop0): mounted filesystem 00000000-0000-0000-0000-000000000000 without journal. Quota mode: none.
[   66.351403] EXT4-fs (loop0): unmounting filesystem 00000000-0000-0000-0000-000000000000.
[   66.373453] loop0: detected capacity change from 0 to 2048
[   66.382692] EXT4-fs (loop0): mounted filesystem 00000000-0000-0000-0000-000000000000 without journal. Quota mode: none.
[   66.418981] EXT4-fs (loop0): unmounting filesystem 00000000-0000-0000-0000-000000000000.
[   66.440988] loop0: detected capacity change from 0 to 2048
[   66.451776] EXT4-fs (loop0): mounted filesystem 00000000-0000-0000-0000-000000000000 without journal. Quota mode: none.
[   66.476320] EXT4-fs (loop0): unmounting filesystem 00000000-0000-0000-0000-000000000000.
[   66.496686] loop0: detected capacity change from 0 to 2048
[   66.502472] EXT4-fs (loop0): mounted filesystem 00000000-0000-0000-0000-000000000000 without journal. Quota mode: none.
[   66.510812] EXT4-fs (loop0): unmounting filesystem 00000000-0000-0000-0000-000000000000.
[   66.531372] loop0: detected capacity change from 0 to 2048
[   66.542569] EXT4-fs (loop0): mounted filesystem 00000000-0000-0000-0000-000000000000 without journal. Quota mode: none.
[   66.554455] EXT4-fs (loop0): unmounting filesystem 00000000-0000-0000-0000-000000000000.
[   66.578192] loop0: detected capacity change from 0 to 2048
[   66.586569] EXT4-fs (loop0): mounted filesystem 00000000-0000-0000-0000-000000000000 without journal. Quota mode: none.
[   66.595489] EXT4-fs (loop0): unmounting filesystem 00000000-0000-0000-0000-000000000000.
[   66.619395] loop0: detected capacity change from 0 to 2048
[   66.627933] EXT4-fs (loop0): mounted filesystem 00000000-0000-0000-0000-000000000000 without journal. Quota mode: none.
[   66.635648] EXT4-fs (loop0): unmounting filesystem 00000000-0000-0000-0000-000000000000.
[   66.657889] loop0: detected capacity change from 0 to 2048
[   66.673535] EXT4-fs (loop0): mounted filesystem 00000000-0000-0000-0000-000000000000 without journal. Quota mode: none.
[   66.685762] EXT4-fs (loop0): unmounting filesystem 00000000-0000-0000-0000-000000000000.
[   66.703664] loop0: detected capacity change from 0 to 2048
[   66.714454] EXT4-fs (loop0): mounted filesystem 00000000-0000-0000-0000-000000000000 without journal. Quota mode: none.
[   66.725164] EXT4-fs (loop0): unmounting filesystem 00000000-0000-0000-0000-000000000000.
[   66.742249] loop0: detected capacity change from 0 to 2048
[   66.770311] EXT4-fs (loop0): mounted filesystem 00000000-0000-0000-0000-000000000000 without journal. Quota mode: none.
[   66.781478] EXT4-fs (loop0): unmounting filesystem 00000000-0000-0000-0000-000000000000.
[   66.802952] loop0: detected capacity change from 0 to 2048
[   66.810660] EXT4-fs (loop0): mounted filesystem 00000000-0000-0000-0000-000000000000 without journal. Quota mode: none.
[   66.822051] EXT4-fs (loop0): unmounting filesystem 00000000-0000-0000-0000-000000000000.
[   66.842434] loop0: detected capacity change from 0 to 2048
[   66.861627] EXT4-fs (loop0): mounted filesystem 00000000-0000-0000-0000-000000000000 without journal. Quota mode: none.
[   66.869861] EXT4-fs (loop0): unmounting filesystem 00000000-0000-0000-0000-000000000000.
[   66.893675] loop0: detected capacity change from 0 to 2048
[   66.894665] I/O error, dev loop0, sector 0 op 0x0:(READ) flags 0x80700 phys_seg 1 prio class 2
[   66.908022] EXT4-fs (loop0): mounted filesystem 00000000-0000-0000-0000-000000000000 without journal. Quota mode: none.
[   66.921173] EXT4-fs (loop0): unmounting filesystem 00000000-0000-0000-0000-000000000000.
[   66.947056] loop0: detected capacity change from 0 to 2048
[   66.955186] EXT4-fs (loop0): mounted filesystem 00000000-0000-0000-0000-000000000000 without journal. Quota mode: none.
[   66.962945] EXT4-fs (loop0): unmounting filesystem 00000000-0000-0000-0000-000000000000.
[   66.987683] loop0: detected capacity change from 0 to 2048
[   66.994505] EXT4-fs (loop0): mounted filesystem 00000000-0000-0000-0000-000000000000 without journal. Quota mode: none.
[   67.002261] EXT4-fs (loop0): unmounting filesystem 00000000-0000-0000-0000-000000000000.
[   67.025903] loop0: detected capacity change from 0 to 2048
[   67.038106] EXT4-fs (loop0): mounted filesystem 00000000-0000-0000-0000-000000000000 without journal. Quota mode: none.
[   67.048643] EXT4-fs (loop0): unmounting filesystem 00000000-0000-0000-0000-000000000000.
[   67.069444] loop0: detected capacity change from 0 to 2048
[   67.074768] EXT4-fs (loop0): mounted filesystem 00000000-0000-0000-0000-000000000000 without journal. Quota mode: none.
[   67.083484] EXT4-fs (loop0): unmounting filesystem 00000000-0000-0000-0000-000000000000.
[   67.106568] loop0: detected capacity change from 0 to 2048
[   67.107477] I/O error, dev loop0, sector 0 op 0x0:(READ) flags 0x80700 phys_seg 1 prio class 2
[   67.125144] EXT4-fs (loop0): mounted filesystem 00000000-0000-0000-0000-000000000000 without journal. Quota mode: none.
[   67.131903] EXT4-fs (loop0): unmounting filesystem 00000000-0000-0000-0000-000000000000.
[   67.153345] loop0: detected capacity change from 0 to 2048
[   67.170654] EXT4-fs (loop0): mounted filesystem 00000000-0000-0000-0000-000000000000 without journal. Quota mode: none.
[   67.181294] EXT4-fs (loop0): unmounting filesystem 00000000-0000-0000-0000-000000000000.
[   67.198174] loop0: detected capacity change from 0 to 2048
[   67.206544] EXT4-fs (loop0): mounted filesystem 00000000-0000-0000-0000-000000000000 without journal. Quota mode: none.
[   67.214556] EXT4-fs (loop0): unmounting filesystem 00000000-0000-0000-0000-000000000000.
[   67.235634] loop0: detected capacity change from 0 to 2048
[   67.248129] EXT4-fs (loop0): mounted filesystem 00000000-0000-0000-0000-000000000000 without journal. Quota mode: none.
[   67.256054] EXT4-fs (loop0): unmounting filesystem 00000000-0000-0000-0000-000000000000.
[   67.271954] loop0: detected capacity change from 0 to 2048
[   67.290811] EXT4-fs (loop0): mounted filesystem 00000000-0000-0000-0000-000000000000 without journal. Quota mode: none.
[   67.315824] loop0: detected capacity change from 0 to 2048
[   67.350012] loop0: detected capacity change from 0 to 2048
[   67.377197] loop0: detected capacity change from 0 to 2048
[   67.423677] loop0: detected capacity change from 0 to 2048
[   67.468671] loop0: detected capacity change from 0 to 2048
[   67.508719] loop0: detected capacity change from 0 to 2048
[   67.555454] loop0: detected capacity change from 0 to 2048
[   67.595901] loop0: detected capacity change from 0 to 2048
[   67.625350] loop0: detected capacity change from 0 to 2048
[   67.661794] loop0: detected capacity change from 0 to 2048
[   67.707732] loop0: detected capacity change from 0 to 2048
[   67.745261] loop0: detected capacity change from 0 to 2048
[   67.778450] loop0: detected capacity change from 0 to 2048
[   67.809397] loop0: detected capacity change from 0 to 2048
[   67.847636] loop0: detected capacity change from 0 to 2048
[   67.890226] loop0: detected capacity change from 0 to 2048
[   67.918213] loop0: detected capacity change from 0 to 2048
[   67.948107] loop0: detected capacity change from 0 to 2048
[   67.976412] loop0: detected capacity change from 0 to 2048
[   67.977360] I/O error, dev loop0, sector 0 op 0x0:(READ) flags 0x80700 phys_seg 1 prio class 2
[   67.977448] I/O error, dev loop0, sector 0 op 0x0:(READ) flags 0x0 phys_seg 1 prio class 2
[   67.979935] Buffer I/O error on dev loop0, logical block 0, async page read
[   68.024116] loop0: detected capacity change from 0 to 2048
[   68.050744] loop0: detected capacity change from 0 to 2048
[   68.094671] loop0: detected capacity change from 0 to 2048
[   68.142877] loop0: detected capacity change from 0 to 2048
[   68.181083] loop0: detected capacity change from 0 to 2048
[   68.213250] loop0: detected capacity change from 0 to 2048
[   68.258871] loop0: detected capacity change from 0 to 2048
[   68.304450] loop0: detected capacity change from 0 to 2048
[   68.354450] loop0: detected capacity change from 0 to 2048
[   68.395533] loop0: detected capacity change from 0 to 2048
[   68.445750] loop0: detected capacity change from 0 to 2048
[   68.491002] loop0: detected capacity change from 0 to 2048
[   68.527778] loop0: detected capacity change from 0 to 2048
[   68.569511] loop0: detected capacity change from 0 to 2048
[   68.599378] loop0: detected capacity change from 0 to 2048
[   68.648041] loop0: detected capacity change from 0 to 2048
[   68.682253] loop0: detected capacity change from 0 to 2048
