c[?7l[2J[0mSeaBIOS (version rel-1.16.0-0-gd239552ce722-prebuilt.qemu.org)


iPXE (http://ipxe.org) 00:03.0 CA00 PCI2.10 PnP PMM+7FF91000+7FEF1000 CA00
Press Ctrl-B to configure iPXE (PCI 00:03.0)...                                                                               


Booting from ROM...
c[?7l[2J[    0.000000] Linux version 6.4.0-rc4-afead42fdfca+ (root@p-rpls01) (gcc (GCC) 8.5.0 20210514 (Red Hat 8.5.0-19), GNU ld version 2.36.1-2.el8) #1 SMP PREEMPT_DYNAMIC Sun Jun 11 18:36:14 CST 2023
[    0.000000] Command line: console=ttyS0 root=/dev/sda earlyprintk=serial net.ifnames=0 quiet plymouth.enable=0
[    0.000000] KERNEL supported cpus:
[    0.000000]   Intel GenuineIntel
[    0.000000]   AMD AuthenticAMD
[    0.000000]   Hygon HygonGenuine
[    0.000000]   Centaur CentaurHauls
[    0.000000]   zhaoxin   Shanghai  
[    0.000000] x86/fpu: Supporting XSAVE feature 0x001: 'x87 floating point registers'
[    0.000000] x86/fpu: Supporting XSAVE feature 0x002: 'SSE registers'
[    0.000000] x86/fpu: Supporting XSAVE feature 0x004: 'AVX registers'
[    0.000000] x86/fpu: Supporting XSAVE feature 0x200: 'Protection Keys User registers'
[    0.000000] x86/fpu: xstate_offset[2]:  576, xstate_sizes[2]:  256
[    0.000000] x86/fpu: xstate_offset[9]:  832, xstate_sizes[9]:    8
[    0.000000] x86/fpu: Enabled xstate features 0x207, context size is 840 bytes, using 'compacted' format.
[    0.000000] signal: max sigframe size: 3632
[    0.000000] BIOS-provided physical RAM map:
[    0.000000] BIOS-e820: [mem 0x0000000000000000-0x000000000009fbff] usable
[    0.000000] BIOS-e820: [mem 0x000000000009fc00-0x000000000009ffff] reserved
[    0.000000] BIOS-e820: [mem 0x00000000000f0000-0x00000000000fffff] reserved
[    0.000000] BIOS-e820: [mem 0x0000000000100000-0x000000007ffdffff] usable
[    0.000000] BIOS-e820: [mem 0x000000007ffe0000-0x000000007fffffff] reserved
[    0.000000] BIOS-e820: [mem 0x00000000feffc000-0x00000000feffffff] reserved
[    0.000000] BIOS-e820: [mem 0x00000000fffc0000-0x00000000ffffffff] reserved
[    0.000000] printk: bootconsole [earlyser0] enabled
[    0.284625] Spectre V2 : WARNING: Unprivileged eBPF is enabled with eIBRS on, data leaks possible via Spectre v2 BHB attacks!
[    9.701010] systemd[1]: Failed to start Load Kernel Modules.
[[0;1;31mFAILED[0m] Failed to start [0;1;39mLoad Kernel Modules[0m.

CentOS Stream 9
Kernel 6.4.0-rc4-afead42fdfca+ on an x86_64

Activate the web console with: systemctl enable --now cockpit.socket

test login: [   25.348132] loop0: detected capacity change from 0 to 2048
[   25.359035] EXT4-fs (loop0): mounted filesystem 00000000-0000-0000-0000-000000000000 r/w without journal. Quota mode: none.
[   25.392820] EXT4-fs (loop0): unmounting filesystem 00000000-0000-0000-0000-000000000000.
[   25.419230] loop0: detected capacity change from 0 to 2048
[   25.426047] EXT4-fs (loop0): mounted filesystem 00000000-0000-0000-0000-000000000000 r/w without journal. Quota mode: none.
[   25.445141] EXT4-fs (loop0): unmounting filesystem 00000000-0000-0000-0000-000000000000.
[   25.484142] loop0: detected capacity change from 0 to 2048
[   25.493454] EXT4-fs (loop0): mounted filesystem 00000000-0000-0000-0000-000000000000 r/w without journal. Quota mode: none.
[   25.507034] EXT4-fs (loop0): unmounting filesystem 00000000-0000-0000-0000-000000000000.
[   25.536875] loop0: detected capacity change from 0 to 2048
[   25.537314] I/O error, dev loop0, sector 0 op 0x0:(READ) flags 0x80700 phys_seg 1 prio class 2
[   25.549193] EXT4-fs (loop0): mounted filesystem 00000000-0000-0000-0000-000000000000 r/w without journal. Quota mode: none.
[   25.559884] EXT4-fs (loop0): unmounting filesystem 00000000-0000-0000-0000-000000000000.
[   25.586868] loop0: detected capacity change from 0 to 2048
[   25.593829] EXT4-fs (loop0): mounted filesystem 00000000-0000-0000-0000-000000000000 r/w without journal. Quota mode: none.
[   25.611931] EXT4-fs (loop0): unmounting filesystem 00000000-0000-0000-0000-000000000000.
[   25.632942] loop0: detected capacity change from 0 to 2048
[   25.646411] EXT4-fs (loop0): mounted filesystem 00000000-0000-0000-0000-000000000000 r/w without journal. Quota mode: none.
[   25.654268] EXT4-fs (loop0): unmounting filesystem 00000000-0000-0000-0000-000000000000.
[   25.685277] loop0: detected capacity change from 0 to 2048
[   25.693250] EXT4-fs (loop0): mounted filesystem 00000000-0000-0000-0000-000000000000 r/w without journal. Quota mode: none.
[   25.700331] EXT4-fs (loop0): unmounting filesystem 00000000-0000-0000-0000-000000000000.
[   25.736191] loop0: detected capacity change from 0 to 2048
[   25.741536] EXT4-fs (loop0): mounted filesystem 00000000-0000-0000-0000-000000000000 r/w without journal. Quota mode: none.
[   25.749187] EXT4-fs (loop0): unmounting filesystem 00000000-0000-0000-0000-000000000000.
[   25.770839] loop0: detected capacity change from 0 to 2048
[   25.777153] EXT4-fs (loop0): mounted filesystem 00000000-0000-0000-0000-000000000000 r/w without journal. Quota mode: none.
[   25.808009] EXT4-fs (loop0): unmounting filesystem 00000000-0000-0000-0000-000000000000.
[   25.842553] loop0: detected capacity change from 0 to 2048
[   25.849281] EXT4-fs (loop0): mounted filesystem 00000000-0000-0000-0000-000000000000 r/w without journal. Quota mode: none.
[   25.855967] EXT4-fs (loop0): unmounting filesystem 00000000-0000-0000-0000-000000000000.
[   25.889074] loop0: detected capacity change from 0 to 2048
[   25.897821] EXT4-fs (loop0): mounted filesystem 00000000-0000-0000-0000-000000000000 r/w without journal. Quota mode: none.
[   25.907654] EXT4-fs (loop0): unmounting filesystem 00000000-0000-0000-0000-000000000000.
[   25.946698] loop0: detected capacity change from 0 to 2048
[   25.953770] EXT4-fs (loop0): mounted filesystem 00000000-0000-0000-0000-000000000000 r/w without journal. Quota mode: none.
[   25.960051] EXT4-fs (loop0): unmounting filesystem 00000000-0000-0000-0000-000000000000.
[   25.994267] loop0: detected capacity change from 0 to 2048
[   26.001533] EXT4-fs (loop0): mounted filesystem 00000000-0000-0000-0000-000000000000 r/w without journal. Quota mode: none.
[   26.015584] EXT4-fs (loop0): unmounting filesystem 00000000-0000-0000-0000-000000000000.
[   26.035895] loop0: detected capacity change from 0 to 2048
[   26.045383] EXT4-fs (loop0): mounted filesystem 00000000-0000-0000-0000-000000000000 r/w without journal. Quota mode: none.
[   26.052538] EXT4-fs (loop0): unmounting filesystem 00000000-0000-0000-0000-000000000000.
[   26.070196] loop0: detected capacity change from 0 to 2048
[   26.077000] EXT4-fs (loop0): mounted filesystem 00000000-0000-0000-0000-000000000000 r/w without journal. Quota mode: none.
[   26.085008] EXT4-fs (loop0): unmounting filesystem 00000000-0000-0000-0000-000000000000.
[   26.107193] loop0: detected capacity change from 0 to 2048
[   26.112898] EXT4-fs (loop0): mounted filesystem 00000000-0000-0000-0000-000000000000 r/w without journal. Quota mode: none.
[   26.121042] EXT4-fs (loop0): unmounting filesystem 00000000-0000-0000-0000-000000000000.
[   26.156393] loop0: detected capacity change from 0 to 2048
[   26.163026] EXT4-fs (loop0): mounted filesystem 00000000-0000-0000-0000-000000000000 r/w without journal. Quota mode: none.
[   26.172136] EXT4-fs (loop0): unmounting filesystem 00000000-0000-0000-0000-000000000000.
[   26.213791] loop0: detected capacity change from 0 to 2048
[   26.221708] EXT4-fs (loop0): mounted filesystem 00000000-0000-0000-0000-000000000000 r/w without journal. Quota mode: none.
[   26.229421] EXT4-fs (loop0): unmounting filesystem 00000000-0000-0000-0000-000000000000.
[   26.265710] loop0: detected capacity change from 0 to 2048
[   26.273671] EXT4-fs (loop0): mounted filesystem 00000000-0000-0000-0000-000000000000 r/w without journal. Quota mode: none.
[   26.289078] EXT4-fs (loop0): unmounting filesystem 00000000-0000-0000-0000-000000000000.
[   26.307375] loop0: detected capacity change from 0 to 2048
[   26.320558] EXT4-fs (loop0): mounted filesystem 00000000-0000-0000-0000-000000000000 r/w without journal. Quota mode: none.
[   26.328702] EXT4-fs (loop0): unmounting filesystem 00000000-0000-0000-0000-000000000000.
[   26.349292] loop0: detected capacity change from 0 to 2048
[   26.357316] EXT4-fs (loop0): mounted filesystem 00000000-0000-0000-0000-000000000000 r/w without journal. Quota mode: none.
[   26.367471] EXT4-fs (loop0): unmounting filesystem 00000000-0000-0000-0000-000000000000.
[   26.399192] loop0: detected capacity change from 0 to 2048
[   26.405360] EXT4-fs (loop0): mounted filesystem 00000000-0000-0000-0000-000000000000 r/w without journal. Quota mode: none.
[   26.418271] EXT4-fs (loop0): unmounting filesystem 00000000-0000-0000-0000-000000000000.
[   26.436211] loop0: detected capacity change from 0 to 2048
[   26.440999] EXT4-fs (loop0): mounted filesystem 00000000-0000-0000-0000-000000000000 r/w without journal. Quota mode: none.
[   26.464435] EXT4-fs (loop0): unmounting filesystem 00000000-0000-0000-0000-000000000000.
[   26.487239] loop0: detected capacity change from 0 to 2048
[   26.493116] EXT4-fs (loop0): mounted filesystem 00000000-0000-0000-0000-000000000000 r/w without journal. Quota mode: none.
[   26.502297] EXT4-fs (loop0): unmounting filesystem 00000000-0000-0000-0000-000000000000.
[   26.535208] loop0: detected capacity change from 0 to 2048
[   26.540973] EXT4-fs (loop0): mounted filesystem 00000000-0000-0000-0000-000000000000 r/w without journal. Quota mode: none.
[   26.548646] EXT4-fs (loop0): unmounting filesystem 00000000-0000-0000-0000-000000000000.
[   26.568881] loop0: detected capacity change from 0 to 2048
[   26.569707] I/O error, dev loop0, sector 0 op 0x0:(READ) flags 0x80700 phys_seg 1 prio class 2
[   26.586238] EXT4-fs (loop0): mounted filesystem 00000000-0000-0000-0000-000000000000 r/w without journal. Quota mode: none.
[   26.597467] EXT4-fs (loop0): unmounting filesystem 00000000-0000-0000-0000-000000000000.
[   26.628614] loop0: detected capacity change from 0 to 2048
[   26.637700] EXT4-fs (loop0): mounted filesystem 00000000-0000-0000-0000-000000000000 r/w without journal. Quota mode: none.
[   26.647956] EXT4-fs (loop0): unmounting filesystem 00000000-0000-0000-0000-000000000000.
[   26.668941] loop0: detected capacity change from 0 to 2048
[   26.674064] EXT4-fs (loop0): mounted filesystem 00000000-0000-0000-0000-000000000000 r/w without journal. Quota mode: none.
[   26.682754] EXT4-fs (loop0): unmounting filesystem 00000000-0000-0000-0000-000000000000.
[   26.719777] loop0: detected capacity change from 0 to 2048
[   26.724944] EXT4-fs (loop0): mounted filesystem 00000000-0000-0000-0000-000000000000 r/w without journal. Quota mode: none.
[   26.732640] EXT4-fs (loop0): unmounting filesystem 00000000-0000-0000-0000-000000000000.
[   26.766320] loop0: detected capacity change from 0 to 2048
[   26.773055] EXT4-fs (loop0): mounted filesystem 00000000-0000-0000-0000-000000000000 r/w without journal. Quota mode: none.
[   26.781230] EXT4-fs (loop0): unmounting filesystem 00000000-0000-0000-0000-000000000000.
[   26.818449] loop0: detected capacity change from 0 to 2048
[   26.825339] EXT4-fs (loop0): mounted filesystem 00000000-0000-0000-0000-000000000000 r/w without journal. Quota mode: none.
[   26.834466] EXT4-fs (loop0): unmounting filesystem 00000000-0000-0000-0000-000000000000.
[   26.856568] loop0: detected capacity change from 0 to 2048
[   26.861545] EXT4-fs (loop0): mounted filesystem 00000000-0000-0000-0000-000000000000 r/w without journal. Quota mode: none.
[   26.885373] loop0: detected capacity change from 0 to 2048
[   26.922526] loop0: detected capacity change from 0 to 2048
[   26.950389] loop0: detected capacity change from 0 to 2048
[   26.983688] loop0: detected capacity change from 0 to 2048
[   27.023050] loop0: detected capacity change from 0 to 2048
[   27.063756] loop0: detected capacity change from 0 to 2048
[   27.104037] loop0: detected capacity change from 0 to 2048
[   27.158422] loop0: detected capacity change from 0 to 2048
[   27.219158] loop0: detected capacity change from 0 to 2048
[   27.242934] loop0: detected capacity change from 0 to 2048
[   27.301570] loop0: detected capacity change from 0 to 2048
[   27.347771] loop0: detected capacity change from 0 to 2048
[   27.406280] loop0: detected capacity change from 0 to 2048
[   27.452597] loop0: detected capacity change from 0 to 2048
[   27.488041] loop0: detected capacity change from 0 to 2048
[   27.514215] loop0: detected capacity change from 0 to 2048
[   27.544144] loop0: detected capacity change from 0 to 2048
[   27.578958] loop0: detected capacity change from 0 to 2048
[   27.613926] loop0: detected capacity change from 0 to 2048
[   27.647997] loop0: detected capacity change from 0 to 2048
[   27.675251] loop0: detected capacity change from 0 to 2048
[   27.706291] loop0: detected capacity change from 0 to 2048
[   27.734849] loop0: detected capacity change from 0 to 2048
[   27.764864] loop0: detected capacity change from 0 to 2048
[   27.765619] I/O error, dev loop0, sector 0 op 0x0:(READ) flags 0x80700 phys_seg 1 prio class 2
[   27.815248] loop0: detected capacity change from 0 to 2048
[   27.862167] loop0: detected capacity change from 0 to 2048
[   27.913640] loop0: detected capacity change from 0 to 2048
[   27.944632] loop0: detected capacity change from 0 to 2048
[   28.003758] loop0: detected capacity change from 0 to 2048
[   28.024724] loop0: detected capacity change from 0 to 2048
[   28.073782] loop0: detected capacity change from 0 to 2048
[   28.108989] loop0: detected capacity change from 0 to 2048
[   28.163604] loop0: detected capacity change from 0 to 2048
[   28.204910] loop0: detected capacity change from 0 to 2048
[   28.240490] loop0: detected capacity change from 0 to 2048
[   28.274146] loop0: detected capacity change from 0 to 2048
[   28.321657] loop0: detected capacity change from 0 to 2048
[   28.357420] loop0: detected capacity change from 0 to 2048
[   28.419558] loop0: detected capacity change from 0 to 2048
[   28.478859] loop0: detected capacity change from 0 to 2048
[   28.529725] loop0: detected capacity change from 0 to 2048
[   28.574120] loop0: detected capacity change from 0 to 2048
[   28.608103] loop0: detected capacity change from 0 to 2048
[   28.645179] loop0: detected capacity change from 0 to 2048
[   28.694057] loop0: detected capacity change from 0 to 2048
[   28.740608] loop0: detected capacity change from 0 to 2048
[   28.781502] loop0: detected capacity change from 0 to 2048
[   28.837518] loop0: detected capacity change from 0 to 2048
[   28.862114] loop0: detected capacity change from 0 to 2048
[   28.907621] loop0: detected capacity change from 0 to 2048
[   28.947891] loop0: detected capacity change from 0 to 2048
[   28.985020] loop0: detected capacity change from 0 to 2048
[   29.031019] loop0: detected capacity change from 0 to 2048
[   29.069531] loop0: detected capacity change from 0 to 2048
[   29.097774] loop0: detected capacity change from 0 to 2048
[   29.098765] I/O error, dev loop0, sector 0 op 0x0:(READ) flags 0x80700 phys_seg 1 prio class 2
[   29.154491] loop0: detected capacity change from 0 to 2048
[   29.189237] loop0: detected capacity change from 0 to 2048
[   29.236886] loop0: detected capacity change from 0 to 2048
[   29.237841] I/O error, dev loop0, sector 0 op 0x0:(READ) flags 0x80700 phys_seg 1 prio class 2
[   29.274032] loop0: detected capacity change from 0 to 2048
[   29.309833] loop0: detected capacity change from 0 to 2048
[   29.349280] loop0: detected capacity change from 0 to 2048
[   29.385953] loop0: detected capacity change from 0 to 2048
[   29.437657] loop0: detected capacity change from 0 to 2048
[   29.476977] loop0: detected capacity change from 0 to 2048
[   29.524529] loop0: detected capacity change from 0 to 2048
[   29.569700] loop0: detected capacity change from 0 to 2048
[   29.606657] loop0: detected capacity change from 0 to 2048
[   29.638583] loop0: detected capacity change from 0 to 2048
[   29.668688] loop0: detected capacity change from 0 to 2048
[   29.697915] loop0: detected capacity change from 0 to 2048
[   29.698790] I/O error, dev loop0, sector 0 op 0x0:(READ) flags 0x80700 phys_seg 1 prio class 2
[   29.729783] loop0: detected capacity change from 0 to 2048
[   29.769776] loop0: detected capacity change from 0 to 2048
[   29.821496] loop0: detected capacity change from 0 to 2048
[   29.863799] loop0: detected capacity change from 0 to 2048
[   29.906764] loop0: detected capacity change from 0 to 2048
[   29.939213] loop0: detected capacity change from 0 to 2048
[   29.970610] loop0: detected capacity change from 0 to 2048
[   30.002805] loop0: detected capacity change from 0 to 2048
[   30.040768] loop0: detected capacity change from 0 to 2048
[   30.071646] loop0: detected capacity change from 0 to 2048
[   30.101581] loop0: detected capacity change from 0 to 2048
[   30.129710] loop0: detected capacity change from 0 to 2048
[   30.154923] loop0: detected capacity change from 0 to 2048
[   30.181413] loop0: detected capacity change from 0 to 2048
[   30.205715] loop0: detected capacity change from 0 to 2048
[   30.229578] loop0: detected capacity change from 0 to 2048
[   30.253396] loop0: detected capacity change from 0 to 2048
[   30.279077] loop0: detected capacity change from 0 to 2048
[   30.305787] loop0: detected capacity change from 0 to 2048
[   30.334782] loop0: detected capacity change from 0 to 2048
[   30.361302] loop0: detected capacity change from 0 to 2048
[   30.390015] loop0: detected capacity change from 0 to 2048
[   30.429464] loop0: detected capacity change from 0 to 2048
[   30.476027] loop0: detected capacity change from 0 to 2048
[   30.512276] loop0: detected capacity change from 0 to 2048
[   30.551022] loop0: detected capacity change from 0 to 2048
[   30.577456] loop0: detected capacity change from 0 to 2048
[   30.601663] loop0: detected capacity change from 0 to 2048
[   30.645716] loop0: detected capacity change from 0 to 2048
[   30.697609] loop0: detected capacity change from 0 to 2048
[   30.722313] loop0: detected capacity change from 0 to 2048
[   30.764883] loop0: detected capacity change from 0 to 2048
[   30.804465] loop0: detected capacity change from 0 to 2048
[   30.833975] loop0: detected capacity change from 0 to 2048
[   30.881317] loop0: detected capacity change from 0 to 2048
[   30.920626] loop0: detected capacity change from 0 to 2048
[   30.959534] loop0: detected capacity change from 0 to 2048
[   31.004162] loop0: detected capacity change from 0 to 2048
[   31.048625] loop0: detected capacity change from 0 to 2048
[   31.089939] loop0: detected capacity change from 0 to 2048
[   31.122921] loop0: detected capacity change from 0 to 2048
[   31.157783] loop0: detected capacity change from 0 to 2048
[   31.196861] loop0: detected capacity change from 0 to 2048
[   31.243737] loop0: detected capacity change from 0 to 2048
[   31.270177] loop0: detected capacity change from 0 to 2048
[   31.335597] loop0: detected capacity change from 0 to 2048
[   31.382758] loop0: detected capacity change from 0 to 2048
[   31.452231] loop0: detected capacity change from 0 to 2048
[   31.496357] loop0: detected capacity change from 0 to 2048
[   31.518894] loop0: detected capacity change from 0 to 2048
[   31.548576] loop0: detected capacity change from 0 to 2048
[   31.588962] loop0: detected capacity change from 0 to 2048
[   31.631081] loop0: detected capacity change from 0 to 2048
[   31.682385] loop0: detected capacity change from 0 to 2048
[   31.730424] loop0: detected capacity change from 0 to 2048
[   31.762259] loop0: detected capacity change from 0 to 2048
[   31.792831] loop0: detected capacity change from 0 to 2048
[   31.833900] loop0: detected capacity change from 0 to 2048
[   31.873239] loop0: detected capacity change from 0 to 2048
[   31.924374] loop0: detected capacity change from 0 to 2048
[   31.946469] loop0: detected capacity change from 0 to 2048
[   32.003355] loop0: detected capacity change from 0 to 2048
[   32.054329] loop0: detected capacity change from 0 to 2048
[   32.106469] loop0: detected capacity change from 0 to 2048
[   32.146764] loop0: detected capacity change from 0 to 2048
[   32.188019] loop0: detected capacity change from 0 to 2048
[   32.222534] loop0: detected capacity change from 0 to 2048
[   32.257032] loop0: detected capacity change from 0 to 2048
[   32.284600] loop0: detected capacity change from 0 to 2048
[   32.317718] loop0: detected capacity change from 0 to 2048
[   32.318633] I/O error, dev loop0, sector 0 op 0x0:(READ) flags 0x80700 phys_seg 1 prio class 2
[   32.359390] loop0: detected capacity change from 0 to 2048
[   32.414419] loop0: detected capacity change from 0 to 2048
[   32.457841] loop0: detected capacity change from 0 to 2048
[   32.479773] loop0: detected capacity change from 0 to 2048
[   32.524495] loop0: detected capacity change from 0 to 2048
[   32.554360] loop0: detected capacity change from 0 to 2048
[   32.601218] loop0: detected capacity change from 0 to 2048
[   32.637699] loop0: detected capacity change from 0 to 2048
[   32.672903] loop0: detected capacity change from 0 to 2048
[   32.710596] loop0: detected capacity change from 0 to 2048
[   32.752172] loop0: detected capacity change from 0 to 2048
[   32.783298] loop0: detected capacity change from 0 to 2048
[   32.826120] loop0: detected capacity change from 0 to 2048
[   32.858872] loop0: detected capacity change from 0 to 2048
[   32.895708] loop0: detected capacity change from 0 to 2048
[   32.930630] loop0: detected capacity change from 0 to 2048
[   32.964540] loop0: detected capacity change from 0 to 2048
[   33.004939] loop0: detected capacity change from 0 to 2048
[   33.041887] loop0: detected capacity change from 0 to 2048
[   33.078916] loop0: detected capacity change from 0 to 2048
[   33.079568] I/O error, dev loop0, sector 0 op 0x0:(READ) flags 0x80700 phys_seg 1 prio class 2
[   33.110530] loop0: detected capacity change from 0 to 2048
[   33.146288] loop0: detected capacity change from 0 to 2048
[   33.180244] loop0: detected capacity change from 0 to 2048
[   33.208787] loop0: detected capacity change from 0 to 2048
[   33.241316] loop0: detected capacity change from 0 to 2048
[   33.280178] loop0: detected capacity change from 0 to 2048
[   33.308268] loop0: detected capacity change from 0 to 2048
[   33.345710] loop0: detected capacity change from 0 to 2048
[   33.396745] loop0: detected capacity change from 0 to 2048
[   33.433644] loop0: detected capacity change from 0 to 2048
[   33.489296] loop0: detected capacity change from 0 to 2048
[   33.536199] loop0: detected capacity change from 0 to 2048
[   33.586174] loop0: detected capacity change from 0 to 2048
[   33.630833] loop0: detected capacity change from 0 to 2048
[   33.674480] loop0: detected capacity change from 0 to 2048
[   33.722578] loop0: detected capacity change from 0 to 2048
[   33.766494] loop0: detected capacity change from 0 to 2048
[   33.797628] loop0: detected capacity change from 0 to 2048
[   33.833251] loop0: detected capacity change from 0 to 2048
[   33.887612] loop0: detected capacity change from 0 to 2048
[   33.930993] loop0: detected capacity change from 0 to 2048
[   33.962533] loop0: detected capacity change from 0 to 2048
[   34.003506] loop0: detected capacity change from 0 to 2048
[   34.038071] loop0: detected capacity change from 0 to 2048
[   34.083533] loop0: detected capacity change from 0 to 2048
[   34.115583] loop0: detected capacity change from 0 to 2048
[   34.182292] loop0: detected capacity change from 0 to 2048
[   34.234411] loop0: detected capacity change from 0 to 2048
[   34.278590] loop0: detected capacity change from 0 to 2048
[   34.313340] loop0: detected capacity change from 0 to 2048
[   34.314322] I/O error, dev loop0, sector 0 op 0x0:(READ) flags 0x80700 phys_seg 1 prio class 2
[   34.368785] loop0: detected capacity change from 0 to 2048
[   34.426676] loop0: detected capacity change from 0 to 2048
[   34.487007] loop0: detected capacity change from 0 to 2048
[   34.535211] loop0: detected capacity change from 0 to 2048
[   34.586244] loop0: detected capacity change from 0 to 2048
[   34.630971] loop0: detected capacity change from 0 to 2048
[   34.658802] loop0: detected capacity change from 0 to 2048
[   34.702095] loop0: detected capacity change from 0 to 2048
[   34.738361] loop0: detected capacity change from 0 to 2048
[   34.781214] loop0: detected capacity change from 0 to 2048
[   34.812691] loop0: detected capacity change from 0 to 2048
[   34.856148] loop0: detected capacity change from 0 to 2048
[   34.915079] loop0: detected capacity change from 0 to 2048
[   34.959384] loop0: detected capacity change from 0 to 2048
[   35.003653] loop0: detected capacity change from 0 to 2048
[   35.047998] loop0: detected capacity change from 0 to 2048
[   35.091079] loop0: detected capacity change from 0 to 2048
[   35.117633] loop0: detected capacity change from 0 to 2048
[   35.156338] loop0: detected capacity change from 0 to 2048
[   35.211296] loop0: detected capacity change from 0 to 2048
[   35.259068] loop0: detected capacity change from 0 to 2048
[   35.287855] loop0: detected capacity change from 0 to 2048
[   35.336919] loop0: detected capacity change from 0 to 2048
[   35.373170] loop0: detected capacity change from 0 to 2048
[   35.422106] loop0: detected capacity change from 0 to 2048
[   35.481342] loop0: detected capacity change from 0 to 2048
[   35.523370] loop0: detected capacity change from 0 to 2048
[   35.571473] loop0: detected capacity change from 0 to 2048
[   35.620364] loop0: detected capacity change from 0 to 2048
[   35.641617] loop0: detected capacity change from 0 to 2048
[   35.706689] loop0: detected capacity change from 0 to 2048
[   35.742259] loop0: detected capacity change from 0 to 2048
[   35.788700] loop0: detected capacity change from 0 to 2048
[   35.832864] loop0: detected capacity change from 0 to 2048
[   35.871564] loop0: detected capacity change from 0 to 2048
[   35.921523] loop0: detected capacity change from 0 to 2048
[   35.956821] loop0: detected capacity change from 0 to 2048
[   36.006647] loop0: detected capacity change from 0 to 2048
[   36.040201] loop0: detected capacity change from 0 to 2048
[   36.072242] loop0: detected capacity change from 0 to 2048
[   36.123190] loop0: detected capacity change from 0 to 2048
[   36.155552] loop0: detected capacity change from 0 to 2048
[   36.199704] loop0: detected capacity change from 0 to 2048
[   36.221396] loop0: detected capacity change from 0 to 2048
[   36.254046] loop0: detected capacity change from 0 to 2048
[   36.285786] loop0: detected capacity change from 0 to 2048
[   36.314149] loop0: detected capacity change from 0 to 2048
[   36.345209] loop0: detected capacity change from 0 to 2048
[   36.373828] loop0: detected capacity change from 0 to 2048
[   36.418693] loop0: detected capacity change from 0 to 2048
[   36.458485] loop0: detected capacity change from 0 to 2048
[   36.459110] I/O error, dev loop0, sector 0 op 0x0:(READ) flags 0x80700 phys_seg 1 prio class 2
[   36.502017] loop0: detected capacity change from 0 to 2048
[   36.529383] loop0: detected capacity change from 0 to 2048
[   36.555701] loop0: detected capacity change from 0 to 2048
[   36.593784] loop0: detected capacity change from 0 to 2048
[   36.621292] loop0: detected capacity change from 0 to 2048
[   36.646338] loop0: detected capacity change from 0 to 2048
[   36.685948] loop0: detected capacity change from 0 to 2048
[   36.711915] loop0: detected capacity change from 0 to 2048
[   36.750641] loop0: detected capacity change from 0 to 2048
[   36.785998] loop0: detected capacity change from 0 to 2048
[   36.827911] loop0: detected capacity change from 0 to 2048
[   36.848894] loop0: detected capacity change from 0 to 2048
[   36.849579] I/O error, dev loop0, sector 0 op 0x0:(READ) flags 0x80700 phys_seg 1 prio class 2
[   36.881724] loop0: detected capacity change from 0 to 2048
[   36.923098] loop0: detected capacity change from 0 to 2048
[   36.964989] loop0: detected capacity change from 0 to 2048
[   37.005189] loop0: detected capacity change from 0 to 2048
[   37.043929] loop0: detected capacity change from 0 to 2048
[   37.083983] loop0: detected capacity change from 0 to 2048
[   37.116500] loop0: detected capacity change from 0 to 2048
[   37.154609] loop0: detected capacity change from 0 to 2048
[   37.184052] loop0: detected capacity change from 0 to 2048
[   37.239235] loop0: detected capacity change from 0 to 2048
[   37.260385] loop0: detected capacity change from 0 to 2048
[   37.303622] loop0: detected capacity change from 0 to 2048
[   37.333192] loop0: detected capacity change from 0 to 2048
[   37.374391] loop0: detected capacity change from 0 to 2048
[   37.422591] loop0: detected capacity change from 0 to 2048
[   37.477339] loop0: detected capacity change from 0 to 2048
[   37.516022] loop0: detected capacity change from 0 to 2048
[   37.562809] loop0: detected capacity change from 0 to 2048
[   37.604091] loop0: detected capacity change from 0 to 2048
[   37.655538] loop0: detected capacity change from 0 to 2048
[   37.688643] loop0: detected capacity change from 0 to 2048
[   37.739573] loop0: detected capacity change from 0 to 2048
[   37.770988] loop0: detected capacity change from 0 to 2048
[   37.815239] loop0: detected capacity change from 0 to 2048
[   37.845656] loop0: detected capacity change from 0 to 2048
[   37.890356] loop0: detected capacity change from 0 to 2048
[   37.920170] loop0: detected capacity change from 0 to 2048
[   37.964297] loop0: detected capacity change from 0 to 2048
[   38.009436] loop0: detected capacity change from 0 to 2048
[   38.017337] EXT4-fs mount: 563 callbacks suppressed
[   38.017352] EXT4-fs (loop0): mounted filesystem 00000000-0000-0000-0000-000000000000 r/w without journal. Quota mode: none.
[   38.024659] EXT4-fs (loop0): unmounting filesystem 00000000-0000-0000-0000-000000000000.
[   38.057929] loop0: detected capacity change from 0 to 2048
[   38.065498] EXT4-fs (loop0): mounted filesystem 00000000-0000-0000-0000-000000000000 r/w without journal. Quota mode: none.
[   38.071370] EXT4-fs (loop0): unmounting filesystem 00000000-0000-0000-0000-000000000000.
[   38.095234] loop0: detected capacity change from 0 to 2048
[   38.101755] EXT4-fs (loop0): mounted filesystem 00000000-0000-0000-0000-000000000000 r/w without journal. Quota mode: none.
[   38.111524] EXT4-fs (loop0): unmounting filesystem 00000000-0000-0000-0000-000000000000.
[   38.145107] loop0: detected capacity change from 0 to 2048
[   38.149019] EXT4-fs (loop0): mounted filesystem 00000000-0000-0000-0000-000000000000 r/w without journal. Quota mode: none.
[   38.157175] EXT4-fs (loop0): unmounting filesystem 00000000-0000-0000-0000-000000000000.
[   38.194616] loop0: detected capacity change from 0 to 2048
[   38.201638] EXT4-fs (loop0): mounted filesystem 00000000-0000-0000-0000-000000000000 r/w without journal. Quota mode: none.
[   38.211109] EXT4-fs (loop0): unmounting filesystem 00000000-0000-0000-0000-000000000000.
[   38.250202] loop0: detected capacity change from 0 to 2048
[   38.257702] EXT4-fs (loop0): mounted filesystem 00000000-0000-0000-0000-000000000000 r/w without journal. Quota mode: none.
[   38.265977] EXT4-fs (loop0): unmounting filesystem 00000000-0000-0000-0000-000000000000.
[   38.283088] loop0: detected capacity change from 0 to 2048
[   38.304164] EXT4-fs (loop0): mounted filesystem 00000000-0000-0000-0000-000000000000 r/w without journal. Quota mode: none.
[   38.311562] EXT4-fs (loop0): unmounting filesystem 00000000-0000-0000-0000-000000000000.
[   38.346813] loop0: detected capacity change from 0 to 2048
[   38.363365] EXT4-fs (loop0): mounted filesystem 00000000-0000-0000-0000-000000000000 r/w without journal. Quota mode: none.
[   38.373119] EXT4-fs (loop0): unmounting filesystem 00000000-0000-0000-0000-000000000000.
[   38.410639] loop0: detected capacity change from 0 to 2048
[   38.417713] EXT4-fs (loop0): mounted filesystem 00000000-0000-0000-0000-000000000000 r/w without journal. Quota mode: none.
[   38.442321] EXT4-fs (loop0): unmounting filesystem 00000000-0000-0000-0000-000000000000.
[   38.475195] loop0: detected capacity change from 0 to 2048
[   38.481096] EXT4-fs (loop0): mounted filesystem 00000000-0000-0000-0000-000000000000 r/w without journal. Quota mode: none.
[   38.498341] EXT4-fs (loop0): unmounting filesystem 00000000-0000-0000-0000-000000000000.
[   38.520915] loop0: detected capacity change from 0 to 2048
[   38.536866] EXT4-fs (loop0): mounted filesystem 00000000-0000-0000-0000-000000000000 r/w without journal. Quota mode: none.
[   38.544734] EXT4-fs (loop0): unmounting filesystem 00000000-0000-0000-0000-000000000000.
[   38.578792] loop0: detected capacity change from 0 to 2048
[   38.585211] EXT4-fs (loop0): mounted filesystem 00000000-0000-0000-0000-000000000000 r/w without journal. Quota mode: none.
[   38.593244] EXT4-fs (loop0): unmounting filesystem 00000000-0000-0000-0000-000000000000.
[   38.610882] loop0: detected capacity change from 0 to 2048
[   38.627220] EXT4-fs (loop0): mounted filesystem 00000000-0000-0000-0000-000000000000 r/w without journal. Quota mode: none.
[   38.639951] EXT4-fs (loop0): unmounting filesystem 00000000-0000-0000-0000-000000000000.
[   38.669442] loop0: detected capacity change from 0 to 2048
[   38.685401] EXT4-fs (loop0): mounted filesystem 00000000-0000-0000-0000-000000000000 r/w without journal. Quota mode: none.
[   38.695358] EXT4-fs (loop0): unmounting filesystem 00000000-0000-0000-0000-000000000000.
[   38.716005] loop0: detected capacity change from 0 to 2048
[   38.721133] EXT4-fs (loop0): mounted filesystem 00000000-0000-0000-0000-000000000000 r/w without journal. Quota mode: none.
[   38.738545] EXT4-fs (loop0): unmounting filesystem 00000000-0000-0000-0000-000000000000.
[   38.754430] loop0: detected capacity change from 0 to 2048
[   38.769400] EXT4-fs (loop0): mounted filesystem 00000000-0000-0000-0000-000000000000 r/w without journal. Quota mode: none.
[   38.775803] EXT4-fs (loop0): unmounting filesystem 00000000-0000-0000-0000-000000000000.
[   38.808236] loop0: detected capacity change from 0 to 2048
[   38.816210] EXT4-fs (loop0): mounted filesystem 00000000-0000-0000-0000-000000000000 r/w without journal. Quota mode: none.
[   38.822951] EXT4-fs (loop0): unmounting filesystem 00000000-0000-0000-0000-000000000000.
[   38.853231] loop0: detected capacity change from 0 to 2048
[   38.861370] EXT4-fs (loop0): mounted filesystem 00000000-0000-0000-0000-000000000000 r/w without journal. Quota mode: none.
[   38.870054] EXT4-fs (loop0): unmounting filesystem 00000000-0000-0000-0000-000000000000.
[   38.903345] loop0: detected capacity change from 0 to 2048
[   38.913086] EXT4-fs (loop0): mounted filesystem 00000000-0000-0000-0000-000000000000 r/w without journal. Quota mode: none.
[   38.920436] EXT4-fs (loop0): unmounting filesystem 00000000-0000-0000-0000-000000000000.
[   38.952923] loop0: detected capacity change from 0 to 2048
[   38.957158] EXT4-fs (loop0): mounted filesystem 00000000-0000-0000-0000-000000000000 r/w without journal. Quota mode: none.
[   38.965496] EXT4-fs (loop0): unmounting filesystem 00000000-0000-0000-0000-000000000000.
[   38.990133] loop0: detected capacity change from 0 to 2048
[   38.996990] EXT4-fs (loop0): mounted filesystem 00000000-0000-0000-0000-000000000000 r/w without journal. Quota mode: none.
[   39.007369] EXT4-fs (loop0): unmounting filesystem 00000000-0000-0000-0000-000000000000.
[   39.044936] loop0: detected capacity change from 0 to 2048
[   39.049135] EXT4-fs (loop0): mounted filesystem 00000000-0000-0000-0000-000000000000 r/w without journal. Quota mode: none.
[   39.058229] EXT4-fs (loop0): unmounting filesystem 00000000-0000-0000-0000-000000000000.
[   39.086015] loop0: detected capacity change from 0 to 2048
[   39.101605] EXT4-fs (loop0): mounted filesystem 00000000-0000-0000-0000-000000000000 r/w without journal. Quota mode: none.
[   39.110257] EXT4-fs (loop0): unmounting filesystem 00000000-0000-0000-0000-000000000000.
[   39.132393] loop0: detected capacity change from 0 to 2048
[   39.145643] EXT4-fs (loop0): mounted filesystem 00000000-0000-0000-0000-000000000000 r/w without journal. Quota mode: none.
[   39.152101] EXT4-fs (loop0): unmounting filesystem 00000000-0000-0000-0000-000000000000.
[   39.182900] loop0: detected capacity change from 0 to 2048
[   39.189443] EXT4-fs (loop0): mounted filesystem 00000000-0000-0000-0000-000000000000 r/w without journal. Quota mode: none.
[   39.197722] EXT4-fs (loop0): unmounting filesystem 00000000-0000-0000-0000-000000000000.
[   39.222934] loop0: detected capacity change from 0 to 2048
[   39.229852] EXT4-fs (loop0): mounted filesystem 00000000-0000-0000-0000-000000000000 r/w without journal. Quota mode: none.
[   39.238503] EXT4-fs (loop0): unmounting filesystem 00000000-0000-0000-0000-000000000000.
[   39.266770] loop0: detected capacity change from 0 to 2048
[   39.273379] EXT4-fs (loop0): mounted filesystem 00000000-0000-0000-0000-000000000000 r/w without journal. Quota mode: none.
[   39.281343] EXT4-fs (loop0): unmounting filesystem 00000000-0000-0000-0000-000000000000.
[   39.306587] loop0: detected capacity change from 0 to 2048
[   39.313640] EXT4-fs (loop0): mounted filesystem 00000000-0000-0000-0000-000000000000 r/w without journal. Quota mode: none.
[   39.323728] EXT4-fs (loop0): unmounting filesystem 00000000-0000-0000-0000-000000000000.
[   39.343362] loop0: detected capacity change from 0 to 2048
[   39.353078] EXT4-fs (loop0): mounted filesystem 00000000-0000-0000-0000-000000000000 r/w without journal. Quota mode: none.
[   39.363876] EXT4-fs (loop0): unmounting filesystem 00000000-0000-0000-0000-000000000000.
[   39.391393] loop0: detected capacity change from 0 to 2048
[   39.401538] EXT4-fs (loop0): mounted filesystem 00000000-0000-0000-0000-000000000000 r/w without journal. Quota mode: none.
[   39.420830] EXT4-fs (loop0): unmounting filesystem 00000000-0000-0000-0000-000000000000.
[   39.444590] loop0: detected capacity change from 0 to 2048
[   39.453733] EXT4-fs (loop0): mounted filesystem 00000000-0000-0000-0000-000000000000 r/w without journal. Quota mode: none.
[   39.476820] EXT4-fs (loop0): unmounting filesystem 00000000-0000-0000-0000-000000000000.
[   39.494945] loop0: detected capacity change from 0 to 2048
[   39.506794] EXT4-fs (loop0): mounted filesystem 00000000-0000-0000-0000-000000000000 r/w without journal. Quota mode: none.
[   39.516377] EXT4-fs (loop0): unmounting filesystem 00000000-0000-0000-0000-000000000000.
[   39.544062] loop0: detected capacity change from 0 to 2048
[   39.572739] loop0: detected capacity change from 0 to 2048
[   39.624642] loop0: detected capacity change from 0 to 2048
[   39.657741] loop0: detected capacity change from 0 to 2048
[   39.658329] I/O error, dev loop0, sector 0 op 0x0:(READ) flags 0x80700 phys_seg 1 prio class 2
[   39.686890] loop0: detected capacity change from 0 to 2048
[   39.718306] loop0: detected capacity change from 0 to 2048
[   39.767287] loop0: detected capacity change from 0 to 2048
[   39.768272] I/O error, dev loop0, sector 0 op 0x0:(READ) flags 0x80700 phys_seg 1 prio class 2
[   39.796968] loop0: detected capacity change from 0 to 2048
[   39.844699] loop0: detected capacity change from 0 to 2048
[   39.881797] loop0: detected capacity change from 0 to 2048
[   39.917122] loop0: detected capacity change from 0 to 2048
[   39.949661] loop0: detected capacity change from 0 to 2048
[   39.990450] loop0: detected capacity change from 0 to 2048
[   40.026462] loop0: detected capacity change from 0 to 2048
[   40.066911] loop0: detected capacity change from 0 to 2048
[   40.098840] loop0: detected capacity change from 0 to 2048
[   40.158888] loop0: detected capacity change from 0 to 2048
[   40.204144] loop0: detected capacity change from 0 to 2048
[   40.240574] loop0: detected capacity change from 0 to 2048
[   40.241461] I/O error, dev loop0, sector 0 op 0x0:(READ) flags 0x80700 phys_seg 1 prio class 2
[   40.303357] loop0: detected capacity change from 0 to 2048
[   40.329308] loop0: detected capacity change from 0 to 2048
[   40.383022] loop0: detected capacity change from 0 to 2048
[   40.438760] loop0: detected capacity change from 0 to 2048
[   40.502677] loop0: detected capacity change from 0 to 2048
[   40.546362] loop0: detected capacity change from 0 to 2048
[   40.592093] loop0: detected capacity change from 0 to 2048
[   40.644506] loop0: detected capacity change from 0 to 2048
[   40.674381] loop0: detected capacity change from 0 to 2048
[   40.702437] loop0: detected capacity change from 0 to 2048
[   40.763028] loop0: detected capacity change from 0 to 2048
[   40.798697] loop0: detected capacity change from 0 to 2048
[   40.854606] loop0: detected capacity change from 0 to 2048
[   40.898744] loop0: detected capacity change from 0 to 2048
[   40.947238] loop0: detected capacity change from 0 to 2048
[   40.989393] loop0: detected capacity change from 0 to 2048
[   41.043073] loop0: detected capacity change from 0 to 2048
[   41.083028] loop0: detected capacity change from 0 to 2048
[   41.126147] loop0: detected capacity change from 0 to 2048
[   41.171175] loop0: detected capacity change from 0 to 2048
[   41.214205] loop0: detected capacity change from 0 to 2048
[   41.258666] loop0: detected capacity change from 0 to 2048
[   41.301978] loop0: detected capacity change from 0 to 2048
[   41.348323] loop0: detected capacity change from 0 to 2048
[   41.374336] loop0: detected capacity change from 0 to 2048
[   41.444536] loop0: detected capacity change from 0 to 2048
[   41.503204] loop0: detected capacity change from 0 to 2048
[   41.529012] loop0: detected capacity change from 0 to 2048
[   41.569455] loop0: detected capacity change from 0 to 2048
[   41.624323] loop0: detected capacity change from 0 to 2048
[   41.654270] loop0: detected capacity change from 0 to 2048
[   41.692385] loop0: detected capacity change from 0 to 2048
[   41.726254] loop0: detected capacity change from 0 to 2048
[   41.767670] loop0: detected capacity change from 0 to 2048
[   41.815193] loop0: detected capacity change from 0 to 2048
[   41.815982] I/O error, dev loop0, sector 0 op 0x0:(READ) flags 0x80700 phys_seg 1 prio class 2
[   41.854822] loop0: detected capacity change from 0 to 2048
[   41.891635] loop0: detected capacity change from 0 to 2048
[   41.921405] loop0: detected capacity change from 0 to 2048
[   41.953041] loop0: detected capacity change from 0 to 2048
[   41.998017] loop0: detected capacity change from 0 to 2048
[   42.053089] loop0: detected capacity change from 0 to 2048
[   42.077775] loop0: detected capacity change from 0 to 2048
[   42.126480] loop0: detected capacity change from 0 to 2048
[   42.161847] loop0: detected capacity change from 0 to 2048
[   42.195676] loop0: detected capacity change from 0 to 2048
[   42.248588] loop0: detected capacity change from 0 to 2048
[   42.290644] loop0: detected capacity change from 0 to 2048
[   42.291328] I/O error, dev loop0, sector 0 op 0x0:(READ) flags 0x80700 phys_seg 1 prio class 2
[   42.330516] loop0: detected capacity change from 0 to 2048
[   42.364908] loop0: detected capacity change from 0 to 2048
[   42.417616] loop0: detected capacity change from 0 to 2048
[   42.464216] loop0: detected capacity change from 0 to 2048
[   42.502332] loop0: detected capacity change from 0 to 2048
[   42.529926] loop0: detected capacity change from 0 to 2048
[   42.574733] loop0: detected capacity change from 0 to 2048
[   42.575097] I/O error, dev loop0, sector 0 op 0x0:(READ) flags 0x80700 phys_seg 1 prio class 2
[   42.623279] loop0: detected capacity change from 0 to 2048
[   42.648858] loop0: detected capacity change from 0 to 2048
[   42.684074] loop0: detected capacity change from 0 to 2048
[   42.726535] loop0: detected capacity change from 0 to 2048
[   42.746349] loop0: detected capacity change from 0 to 2048
[   42.798468] loop0: detected capacity change from 0 to 2048
[   42.827866] loop0: detected capacity change from 0 to 2048
[   42.861303] loop0: detected capacity change from 0 to 2048
[   42.906195] loop0: detected capacity change from 0 to 2048
[   42.924841] loop0: detected capacity change from 0 to 2048
[   42.954370] loop0: detected capacity change from 0 to 2048
[   43.006924] loop0: detected capacity change from 0 to 2048
[   43.032855] loop0: detected capacity change from 0 to 2048
[   43.061092] loop0: detected capacity change from 0 to 2048
[   43.086808] loop0: detected capacity change from 0 to 2048
[   43.124873] loop0: detected capacity change from 0 to 2048
[   43.179620] loop0: detected capacity change from 0 to 2048
[   43.223772] loop0: detected capacity change from 0 to 2048
[   43.266676] loop0: detected capacity change from 0 to 2048
[   43.306064] loop0: detected capacity change from 0 to 2048
[   43.350712] loop0: detected capacity change from 0 to 2048
[   43.405361] loop0: detected capacity change from 0 to 2048
[   43.422196] loop0: detected capacity change from 0 to 2048
[   43.453517] loop0: detected capacity change from 0 to 2048
[   43.495632] loop0: detected capacity change from 0 to 2048
[   43.524822] loop0: detected capacity change from 0 to 2048
[   43.544002] loop0: detected capacity change from 0 to 2048
[   43.565538] loop0: detected capacity change from 0 to 2048
[   43.620779] loop0: detected capacity change from 0 to 2048
[   43.641372] loop0: detected capacity change from 0 to 2048
[   43.668699] loop0: detected capacity change from 0 to 2048
[   43.696132] loop0: detected capacity change from 0 to 2048
[   43.725552] loop0: detected capacity change from 0 to 2048
[   43.758462] loop0: detected capacity change from 0 to 2048
[   43.787382] loop0: detected capacity change from 0 to 2048
[   43.788643] I/O error, dev loop0, sector 0 op 0x0:(READ) flags 0x80700 phys_seg 1 prio class 2
[   43.826213] loop0: detected capacity change from 0 to 2048
[   43.859134] loop0: detected capacity change from 0 to 2048
[   43.886706] loop0: detected capacity change from 0 to 2048
[   43.934946] loop0: detected capacity change from 0 to 2048
[   43.982288] loop0: detected capacity change from 0 to 2048
[   44.006857] loop0: detected capacity change from 0 to 2048
[   44.049771] loop0: detected capacity change from 0 to 2048
[   44.077083] loop0: detected capacity change from 0 to 2048
[   44.115931] loop0: detected capacity change from 0 to 2048
[   44.156205] loop0: detected capacity change from 0 to 2048
[   44.194378] loop0: detected capacity change from 0 to 2048
[   44.245104] loop0: detected capacity change from 0 to 2048
[   44.284926] loop0: detected capacity change from 0 to 2048
[   44.320726] loop0: detected capacity change from 0 to 2048
[   44.355714] loop0: detected capacity change from 0 to 2048
[   44.400331] loop0: detected capacity change from 0 to 2048
[   44.457987] loop0: detected capacity change from 0 to 2048
[   44.498807] loop0: detected capacity change from 0 to 2048
[   44.535572] loop0: detected capacity change from 0 to 2048
[   44.590999] loop0: detected capacity change from 0 to 2048
[   44.634794] loop0: detected capacity change from 0 to 2048
[   44.657370] loop0: detected capacity change from 0 to 2048
[   44.698224] loop0: detected capacity change from 0 to 2048
[   44.732844] loop0: detected capacity change from 0 to 2048
[   44.761728] loop0: detected capacity change from 0 to 2048
[   44.802163] loop0: detected capacity change from 0 to 2048
[   44.837859] loop0: detected capacity change from 0 to 2048
[   44.897122] loop0: detected capacity change from 0 to 2048
[   44.943683] loop0: detected capacity change from 0 to 2048
[   44.976901] loop0: detected capacity change from 0 to 2048
[   45.020469] loop0: detected capacity change from 0 to 2048
[   45.021342] I/O error, dev loop0, sector 0 op 0x0:(READ) flags 0x80700 phys_seg 1 prio class 2
[   45.068928] loop0: detected capacity change from 0 to 2048
[   45.100030] loop0: detected capacity change from 0 to 2048
[   45.167079] loop0: detected capacity change from 0 to 2048
[   45.198229] loop0: detected capacity change from 0 to 2048
[   45.230792] loop0: detected capacity change from 0 to 2048
[   45.276945] loop0: detected capacity change from 0 to 2048
[   45.309318] loop0: detected capacity change from 0 to 2048
[   45.346005] loop0: detected capacity change from 0 to 2048
[   45.380085] loop0: detected capacity change from 0 to 2048
[   45.442705] loop0: detected capacity change from 0 to 2048
[   45.495346] loop0: detected capacity change from 0 to 2048
[   45.542893] loop0: detected capacity change from 0 to 2048
[   45.579965] loop0: detected capacity change from 0 to 2048
[   45.634886] loop0: detected capacity change from 0 to 2048
[   45.666485] loop0: detected capacity change from 0 to 2048
[   45.711324] loop0: detected capacity change from 0 to 2048
[   45.759336] loop0: detected capacity change from 0 to 2048
[   45.785143] loop0: detected capacity change from 0 to 2048
[   45.822351] loop0: detected capacity change from 0 to 2048
[   45.852135] loop0: detected capacity change from 0 to 2048
[   45.892507] loop0: detected capacity change from 0 to 2048
[   45.940015] loop0: detected capacity change from 0 to 2048
[   45.975977] loop0: detected capacity change from 0 to 2048
[   46.025791] loop0: detected capacity change from 0 to 2048
[   46.072477] loop0: detected capacity change from 0 to 2048
[   46.112194] loop0: detected capacity change from 0 to 2048
[   46.112707] I/O error, dev loop0, sector 0 op 0x0:(READ) flags 0x80700 phys_seg 1 prio class 2
[   46.150302] loop0: detected capacity change from 0 to 2048
[   46.198640] loop0: detected capacity change from 0 to 2048
[   46.237057] loop0: detected capacity change from 0 to 2048
[   46.280393] loop0: detected capacity change from 0 to 2048
[   46.318170] loop0: detected capacity change from 0 to 2048
[   46.351017] loop0: detected capacity change from 0 to 2048
[   46.411181] loop0: detected capacity change from 0 to 2048
[   46.467672] loop0: detected capacity change from 0 to 2048
[   46.516270] loop0: detected capacity change from 0 to 2048
[   46.516879] I/O error, dev loop0, sector 0 op 0x0:(READ) flags 0x80700 phys_seg 1 prio class 2
[   46.553978] loop0: detected capacity change from 0 to 2048
[   46.586500] loop0: detected capacity change from 0 to 2048
[   46.639122] loop0: detected capacity change from 0 to 2048
[   46.667511] loop0: detected capacity change from 0 to 2048
[   46.717467] loop0: detected capacity change from 0 to 2048
[   46.762941] loop0: detected capacity change from 0 to 2048
[   46.806004] loop0: detected capacity change from 0 to 2048
[   46.851018] loop0: detected capacity change from 0 to 2048
[   46.889265] loop0: detected capacity change from 0 to 2048
[   46.920130] loop0: detected capacity change from 0 to 2048
[   46.973296] loop0: detected capacity change from 0 to 2048
[   47.005433] loop0: detected capacity change from 0 to 2048
[   47.036324] loop0: detected capacity change from 0 to 2048
[   47.058601] loop0: detected capacity change from 0 to 2048
[   47.093676] loop0: detected capacity change from 0 to 2048
[   47.124199] loop0: detected capacity change from 0 to 2048
[   47.124744] I/O error, dev loop0, sector 0 op 0x0:(READ) flags 0x80700 phys_seg 1 prio class 2
[   47.169357] loop0: detected capacity change from 0 to 2048
[   47.208167] loop0: detected capacity change from 0 to 2048
[   47.250125] loop0: detected capacity change from 0 to 2048
[   47.281598] loop0: detected capacity change from 0 to 2048
[   47.313147] loop0: detected capacity change from 0 to 2048
[   47.365849] loop0: detected capacity change from 0 to 2048
[   47.429822] loop0: detected capacity change from 0 to 2048
[   47.473247] loop0: detected capacity change from 0 to 2048
[   47.510576] loop0: detected capacity change from 0 to 2048
[   47.541346] loop0: detected capacity change from 0 to 2048
[   47.594652] loop0: detected capacity change from 0 to 2048
[   47.628889] loop0: detected capacity change from 0 to 2048
[   47.670390] loop0: detected capacity change from 0 to 2048
[   47.696561] loop0: detected capacity change from 0 to 2048
[   47.748349] loop0: detected capacity change from 0 to 2048
[   47.781156] loop0: detected capacity change from 0 to 2048
[   47.807048] loop0: detected capacity change from 0 to 2048
[   47.847273] loop0: detected capacity change from 0 to 2048
[   47.895389] loop0: detected capacity change from 0 to 2048
[   47.943706] loop0: detected capacity change from 0 to 2048
[   47.970125] loop0: detected capacity change from 0 to 2048
[   48.012438] loop0: detected capacity change from 0 to 2048
[   48.047301] loop0: detected capacity change from 0 to 2048
[   48.084278] loop0: detected capacity change from 0 to 2048
[   48.121836] loop0: detected capacity change from 0 to 2048
[   48.152992] loop0: detected capacity change from 0 to 2048
[   48.154027] I/O error, dev loop0, sector 0 op 0x0:(READ) flags 0x80700 phys_seg 1 prio class 2
[   48.154101] I/O error, dev loop0, sector 0 op 0x0:(READ) flags 0x0 phys_seg 1 prio class 2
[   48.157220] Buffer I/O error on dev loop0, logical block 0, async page read
[   48.190559] loop0: detected capacity change from 0 to 2048
[   48.222133] loop0: detected capacity change from 0 to 2048
[   48.257547] loop0: detected capacity change from 0 to 2048
[   48.312205] loop0: detected capacity change from 0 to 2048
[   48.334611] loop0: detected capacity change from 0 to 2048
[   48.361124] loop0: detected capacity change from 0 to 2048
[   48.392256] loop0: detected capacity change from 0 to 2048
[   48.428420] loop0: detected capacity change from 0 to 2048
[   48.472159] loop0: detected capacity change from 0 to 2048
[   48.513706] loop0: detected capacity change from 0 to 2048
[   48.535132] loop0: detected capacity change from 0 to 2048
[   48.566192] loop0: detected capacity change from 0 to 2048
[   48.601665] loop0: detected capacity change from 0 to 2048
[   48.631739] loop0: detected capacity change from 0 to 2048
[   48.678708] loop0: detected capacity change from 0 to 2048
[   48.702662] loop0: detected capacity change from 0 to 2048
[   48.729262] loop0: detected capacity change from 0 to 2048
[   48.762919] loop0: detected capacity change from 0 to 2048
[   48.799177] loop0: detected capacity change from 0 to 2048
[   48.838209] loop0: detected capacity change from 0 to 2048
[   48.882472] loop0: detected capacity change from 0 to 2048
[   48.913582] loop0: detected capacity change from 0 to 2048
[   48.936821] loop0: detected capacity change from 0 to 2048
[   48.982135] loop0: detected capacity change from 0 to 2048
[   49.017413] loop0: detected capacity change from 0 to 2048
[   49.059084] loop0: detected capacity change from 0 to 2048
[   49.082524] loop0: detected capacity change from 0 to 2048
[   49.109629] loop0: detected capacity change from 0 to 2048
[   49.150644] loop0: detected capacity change from 0 to 2048
[   49.176540] loop0: detected capacity change from 0 to 2048
[   49.209531] loop0: detected capacity change from 0 to 2048
[   49.232727] loop0: detected capacity change from 0 to 2048
[   49.272508] loop0: detected capacity change from 0 to 2048
[   49.273183] I/O error, dev loop0, sector 0 op 0x0:(READ) flags 0x80700 phys_seg 1 prio class 2
[   49.311454] loop0: detected capacity change from 0 to 2048
[   49.337355] loop0: detected capacity change from 0 to 2048
[   49.367174] loop0: detected capacity change from 0 to 2048
[   49.409067] loop0: detected capacity change from 0 to 2048
[   49.449057] loop0: detected capacity change from 0 to 2048
[   49.492553] loop0: detected capacity change from 0 to 2048
[   49.528052] loop0: detected capacity change from 0 to 2048
[   49.562981] loop0: detected capacity change from 0 to 2048
[   49.563515] I/O error, dev loop0, sector 0 op 0x0:(READ) flags 0x80700 phys_seg 1 prio class 2
[   49.584765] loop0: detected capacity change from 0 to 2048
[   49.610063] loop0: detected capacity change from 0 to 2048
[   49.635849] loop0: detected capacity change from 0 to 2048
[   49.656247] loop0: detected capacity change from 0 to 2048
[   49.680968] loop0: detected capacity change from 0 to 2048
[   49.708548] loop0: detected capacity change from 0 to 2048
[   49.733301] loop0: detected capacity change from 0 to 2048
[   49.773894] loop0: detected capacity change from 0 to 2048
[   49.807218] loop0: detected capacity change from 0 to 2048
[   49.841042] loop0: detected capacity change from 0 to 2048
[   49.877015] loop0: detected capacity change from 0 to 2048
[   49.908866] loop0: detected capacity change from 0 to 2048
[   49.929014] loop0: detected capacity change from 0 to 2048
[   49.961119] loop0: detected capacity change from 0 to 2048
[   49.989367] loop0: detected capacity change from 0 to 2048
[   50.028671] loop0: detected capacity change from 0 to 2048
[   50.046008] loop0: detected capacity change from 0 to 2048
[   50.067931] loop0: detected capacity change from 0 to 2048
[   50.109137] loop0: detected capacity change from 0 to 2048
[   50.144604] loop0: detected capacity change from 0 to 2048
[   50.177140] loop0: detected capacity change from 0 to 2048
[   50.194236] loop0: detected capacity change from 0 to 2048
[   50.236005] loop0: detected capacity change from 0 to 2048
[   50.257573] loop0: detected capacity change from 0 to 2048
[   50.298431] loop0: detected capacity change from 0 to 2048
[   50.332527] loop0: detected capacity change from 0 to 2048
[   50.372957] loop0: detected capacity change from 0 to 2048
[   50.409568] loop0: detected capacity change from 0 to 2048
[   50.445117] loop0: detected capacity change from 0 to 2048
[   50.486949] loop0: detected capacity change from 0 to 2048
[   50.521043] loop0: detected capacity change from 0 to 2048
[   50.536123] loop0: detected capacity change from 0 to 2048
[   50.563347] loop0: detected capacity change from 0 to 2048
[   50.601930] loop0: detected capacity change from 0 to 2048
[   50.626744] loop0: detected capacity change from 0 to 2048
[   50.654235] loop0: detected capacity change from 0 to 2048
[   50.686746] loop0: detected capacity change from 0 to 2048
[   50.730040] loop0: detected capacity change from 0 to 2048
[   50.750047] loop0: detected capacity change from 0 to 2048
[   50.793386] loop0: detected capacity change from 0 to 2048
[   50.832500] loop0: detected capacity change from 0 to 2048
[   50.860345] loop0: detected capacity change from 0 to 2048
[   50.884971] loop0: detected capacity change from 0 to 2048
[   50.922097] loop0: detected capacity change from 0 to 2048
[   50.958905] loop0: detected capacity change from 0 to 2048
[   50.996182] loop0: detected capacity change from 0 to 2048
[   51.014944] loop0: detected capacity change from 0 to 2048
[   51.049919] loop0: detected capacity change from 0 to 2048
[   51.081029] loop0: detected capacity change from 0 to 2048
[   51.122115] loop0: detected capacity change from 0 to 2048
[   51.145429] loop0: detected capacity change from 0 to 2048
[   51.185357] loop0: detected capacity change from 0 to 2048
[   51.217420] loop0: detected capacity change from 0 to 2048
[   51.239772] loop0: detected capacity change from 0 to 2048
[   51.273077] loop0: detected capacity change from 0 to 2048
[   51.313913] loop0: detected capacity change from 0 to 2048
[   51.348905] loop0: detected capacity change from 0 to 2048
[   51.364450] loop0: detected capacity change from 0 to 2048
[   51.398595] loop0: detected capacity change from 0 to 2048
[   51.460551] loop0: detected capacity change from 0 to 2048
[   51.481310] loop0: detected capacity change from 0 to 2048
[   51.519617] loop0: detected capacity change from 0 to 2048
[   51.535183] loop0: detected capacity change from 0 to 2048
[   51.551590] loop0: detected capacity change from 0 to 2048
[   51.581393] loop0: detected capacity change from 0 to 2048
[   51.604385] loop0: detected capacity change from 0 to 2048
[   51.631802] loop0: detected capacity change from 0 to 2048
[   51.650723] loop0: detected capacity change from 0 to 2048
[   51.670994] loop0: detected capacity change from 0 to 2048
[   51.717146] loop0: detected capacity change from 0 to 2048
[   51.756537] loop0: detected capacity change from 0 to 2048
[   51.794511] loop0: detected capacity change from 0 to 2048
[   51.833074] loop0: detected capacity change from 0 to 2048
[   51.876024] loop0: detected capacity change from 0 to 2048
[   51.907326] loop0: detected capacity change from 0 to 2048
[   51.944685] loop0: detected capacity change from 0 to 2048
[   51.967443] loop0: detected capacity change from 0 to 2048
[   52.003502] loop0: detected capacity change from 0 to 2048
[   52.040773] loop0: detected capacity change from 0 to 2048
[   52.073259] loop0: detected capacity change from 0 to 2048
[   52.104635] loop0: detected capacity change from 0 to 2048
[   52.138091] loop0: detected capacity change from 0 to 2048
[   52.181619] loop0: detected capacity change from 0 to 2048
[   52.217234] loop0: detected capacity change from 0 to 2048
[   52.249766] loop0: detected capacity change from 0 to 2048
[   52.285997] loop0: detected capacity change from 0 to 2048
[   52.322472] loop0: detected capacity change from 0 to 2048
[   52.365159] loop0: detected capacity change from 0 to 2048
[   52.394272] loop0: detected capacity change from 0 to 2048
[   52.424747] loop0: detected capacity change from 0 to 2048
[   52.455618] loop0: detected capacity change from 0 to 2048
[   52.501072] loop0: detected capacity change from 0 to 2048
[   52.525133] loop0: detected capacity change from 0 to 2048
[   52.551111] loop0: detected capacity change from 0 to 2048
[   52.578190] loop0: detected capacity change from 0 to 2048
[   52.621552] loop0: detected capacity change from 0 to 2048
[   52.646315] loop0: detected capacity change from 0 to 2048
[   52.685778] loop0: detected capacity change from 0 to 2048
[   52.718113] loop0: detected capacity change from 0 to 2048
[   52.749720] loop0: detected capacity change from 0 to 2048
[   52.776433] loop0: detected capacity change from 0 to 2048
[   52.796012] loop0: detected capacity change from 0 to 2048
[   52.822934] loop0: detected capacity change from 0 to 2048
[   52.823242] I/O error, dev loop0, sector 0 op 0x0:(READ) flags 0x80700 phys_seg 1 prio class 2
[   52.866667] loop0: detected capacity change from 0 to 2048
[   52.888806] loop0: detected capacity change from 0 to 2048
[   52.915986] loop0: detected capacity change from 0 to 2048
[   52.945628] loop0: detected capacity change from 0 to 2048
[   52.976414] loop0: detected capacity change from 0 to 2048
[   53.002079] loop0: detected capacity change from 0 to 2048
[   53.033153] loop0: detected capacity change from 0 to 2048
[   53.033572] I/O error, dev loop0, sector 0 op 0x0:(READ) flags 0x80700 phys_seg 1 prio class 2
[   53.059063] loop0: detected capacity change from 0 to 2048
[   53.110831] loop0: detected capacity change from 0 to 2048
[   53.134965] loop0: detected capacity change from 0 to 2048
[   53.178142] loop0: detected capacity change from 0 to 2048
[   53.207320] loop0: detected capacity change from 0 to 2048
[   53.229193] loop0: detected capacity change from 0 to 2048
[   53.257995] loop0: detected capacity change from 0 to 2048
[   53.286022] loop0: detected capacity change from 0 to 2048
[   53.312404] loop0: detected capacity change from 0 to 2048
[   53.344857] loop0: detected capacity change from 0 to 2048
[   53.371975] loop0: detected capacity change from 0 to 2048
[   53.406002] loop0: detected capacity change from 0 to 2048
[   53.445207] loop0: detected capacity change from 0 to 2048
[   53.476714] loop0: detected capacity change from 0 to 2048
[   53.494862] loop0: detected capacity change from 0 to 2048
[   53.525764] loop0: detected capacity change from 0 to 2048
[   53.555048] loop0: detected capacity change from 0 to 2048
[   53.555645] I/O error, dev loop0, sector 0 op 0x0:(READ) flags 0x80700 phys_seg 1 prio class 2
[   53.555680] I/O error, dev loop0, sector 0 op 0x0:(READ) flags 0x0 phys_seg 1 prio class 2
[   53.555693] Buffer I/O error on dev loop0, logical block 0, async page read
[   53.555716] I/O error, dev loop0, sector 0 op 0x0:(READ) flags 0x0 phys_seg 1 prio class 2
[   53.559121] Buffer I/O error on dev loop0, logical block 0, async page read
[   53.596467] loop0: detected capacity change from 0 to 2048
[   53.614321] loop0: detected capacity change from 0 to 2048
[   53.655576] loop0: detected capacity change from 0 to 2048
[   53.672271] loop0: detected capacity change from 0 to 2048
[   53.708714] loop0: detected capacity change from 0 to 2048
[   53.737013] loop0: detected capacity change from 0 to 2048
[   53.737509] I/O error, dev loop0, sector 0 op 0x0:(READ) flags 0x80700 phys_seg 1 prio class 2
[   53.764014] loop0: detected capacity change from 0 to 2048
[   53.764485] I/O error, dev loop0, sector 0 op 0x0:(READ) flags 0x80700 phys_seg 1 prio class 2
[   53.801993] loop0: detected capacity change from 0 to 2048
[   53.832109] loop0: detected capacity change from 0 to 2048
[   53.832665] I/O error, dev loop0, sector 0 op 0x0:(READ) flags 0x80700 phys_seg 1 prio class 2
[   53.860444] loop0: detected capacity change from 0 to 2048
[   53.884160] loop0: detected capacity change from 0 to 2048
[   53.906512] loop0: detected capacity change from 0 to 2048
[   53.931302] loop0: detected capacity change from 0 to 2048
[   53.961653] loop0: detected capacity change from 0 to 2048
[   53.981543] loop0: detected capacity change from 0 to 2048
[   54.004752] loop0: detected capacity change from 0 to 2048
[   54.029225] loop0: detected capacity change from 0 to 2048
[   54.055030] loop0: detected capacity change from 0 to 2048
[   54.083206] loop0: detected capacity change from 0 to 2048
[   54.106177] loop0: detected capacity change from 0 to 2048
[   54.129637] loop0: detected capacity change from 0 to 2048
[   54.130180] I/O error, dev loop0, sector 0 op 0x0:(READ) flags 0x80700 phys_seg 1 prio class 2
[   54.169057] loop0: detected capacity change from 0 to 2048
[   54.216329] loop0: detected capacity change from 0 to 2048
[   54.235648] loop0: detected capacity change from 0 to 2048
[   54.268186] loop0: detected capacity change from 0 to 2048
[   54.294712] loop0: detected capacity change from 0 to 2048
[   54.295286] I/O error, dev loop0, sector 0 op 0x0:(READ) flags 0x80700 phys_seg 1 prio class 2
[   54.324194] loop0: detected capacity change from 0 to 2048
[   54.366084] loop0: detected capacity change from 0 to 2048
[   54.414419] loop0: detected capacity change from 0 to 2048
[   54.450288] loop0: detected capacity change from 0 to 2048
[   54.498100] loop0: detected capacity change from 0 to 2048
[   54.519983] loop0: detected capacity change from 0 to 2048
[   54.553371] loop0: detected capacity change from 0 to 2048
[   54.589698] loop0: detected capacity change from 0 to 2048
[   54.620998] loop0: detected capacity change from 0 to 2048
[   54.645104] loop0: detected capacity change from 0 to 2048
[   54.683206] loop0: detected capacity change from 0 to 2048
[   54.704999] loop0: detected capacity change from 0 to 2048
[   54.739700] loop0: detected capacity change from 0 to 2048
[   54.783335] loop0: detected capacity change from 0 to 2048
[   54.809984] loop0: detected capacity change from 0 to 2048
[   54.810634] Buffer I/O error on dev loop0, logical block 0, async page read
[   54.854494] loop0: detected capacity change from 0 to 2048
[   54.893380] loop0: detected capacity change from 0 to 2048
[   54.921155] loop0: detected capacity change from 0 to 2048
[   54.951388] loop0: detected capacity change from 0 to 2048
[   54.971284] loop0: detected capacity change from 0 to 2048
[   55.002086] loop0: detected capacity change from 0 to 2048
[   55.023680] loop0: detected capacity change from 0 to 2048
[   55.054962] loop0: detected capacity change from 0 to 2048
[   55.098147] loop0: detected capacity change from 0 to 2048
[   55.121686] loop0: detected capacity change from 0 to 2048
[   55.141078] loop0: detected capacity change from 0 to 2048
[   55.177536] loop0: detected capacity change from 0 to 2048
[   55.213775] loop0: detected capacity change from 0 to 2048
[   55.252847] loop0: detected capacity change from 0 to 2048
[   55.277284] loop0: detected capacity change from 0 to 2048
[   55.311647] loop0: detected capacity change from 0 to 2048
[   55.349278] loop0: detected capacity change from 0 to 2048
[   55.380125] loop0: detected capacity change from 0 to 2048
[   55.400346] loop0: detected capacity change from 0 to 2048
[   55.400679] Buffer I/O error on dev loop0, logical block 0, async page read
[   55.432209] loop0: detected capacity change from 0 to 2048
[   55.432706] Buffer I/O error on dev loop0, logical block 0, async page read
[   55.470337] loop0: detected capacity change from 0 to 2048
[   55.505852] loop0: detected capacity change from 0 to 2048
[   55.528730] loop0: detected capacity change from 0 to 2048
[   55.549009] loop0: detected capacity change from 0 to 2048
[   55.565825] loop0: detected capacity change from 0 to 2048
[   55.583766] loop0: detected capacity change from 0 to 2048
[   55.604357] loop0: detected capacity change from 0 to 2048
[   55.604711] Buffer I/O error on dev loop0, logical block 0, async page read
[   55.645574] loop0: detected capacity change from 0 to 2048
[   55.671035] loop0: detected capacity change from 0 to 2048
[   55.715022] loop0: detected capacity change from 0 to 2048
[   55.757911] loop0: detected capacity change from 0 to 2048
[   55.774042] loop0: detected capacity change from 0 to 2048
[   55.805339] loop0: detected capacity change from 0 to 2048
[   55.826205] loop0: detected capacity change from 0 to 2048
[   55.854357] loop0: detected capacity change from 0 to 2048
[   55.886477] loop0: detected capacity change from 0 to 2048
[   55.908737] loop0: detected capacity change from 0 to 2048
[   55.909099] Buffer I/O error on dev loop0, logical block 0, async page read
[   55.954336] loop0: detected capacity change from 0 to 2048
[   55.975139] loop0: detected capacity change from 0 to 2048
[   56.004244] loop0: detected capacity change from 0 to 2048
[   56.053616] loop0: detected capacity change from 0 to 2048
[   56.078318] loop0: detected capacity change from 0 to 2048
[   56.099494] loop0: detected capacity change from 0 to 2048
[   56.130592] loop0: detected capacity change from 0 to 2048
[   56.162118] loop0: detected capacity change from 0 to 2048
[   56.206272] loop0: detected capacity change from 0 to 2048
[   56.243036] loop0: detected capacity change from 0 to 2048
[   56.277971] loop0: detected capacity change from 0 to 2048
[   56.306535] loop0: detected capacity change from 0 to 2048
[   56.341428] loop0: detected capacity change from 0 to 2048
[   56.357114] loop0: detected capacity change from 0 to 2048
[   56.397502] loop0: detected capacity change from 0 to 2048
[   56.437458] loop0: detected capacity change from 0 to 2048
[   56.476101] loop0: detected capacity change from 0 to 2048
[   56.510167] loop0: detected capacity change from 0 to 2048
[   56.510470] Buffer I/O error on dev loop0, logical block 0, async page read
[   56.536518] loop0: detected capacity change from 0 to 2048
[   56.559330] loop0: detected capacity change from 0 to 2048
[   56.600496] loop0: detected capacity change from 0 to 2048
[   56.619710] loop0: detected capacity change from 0 to 2048
[   56.620080] Buffer I/O error on dev loop0, logical block 0, async page read
[   56.660545] loop0: detected capacity change from 0 to 2048
[   56.679297] loop0: detected capacity change from 0 to 2048
[   56.679745] Buffer I/O error on dev loop0, logical block 0, async page read
[   56.700683] loop0: detected capacity change from 0 to 2048
[   56.715910] loop0: detected capacity change from 0 to 2048
[   56.738505] loop0: detected capacity change from 0 to 2048
[   56.766389] loop0: detected capacity change from 0 to 2048
[   56.795119] loop0: detected capacity change from 0 to 2048
[   56.835993] loop0: detected capacity change from 0 to 2048
[   56.881338] loop0: detected capacity change from 0 to 2048
[   56.917074] loop0: detected capacity change from 0 to 2048
[   56.958827] loop0: detected capacity change from 0 to 2048
[   56.994781] loop0: detected capacity change from 0 to 2048
[   57.034339] loop0: detected capacity change from 0 to 2048
[   57.059880] loop0: detected capacity change from 0 to 2048
[   57.086914] loop0: detected capacity change from 0 to 2048
[   57.112320] loop0: detected capacity change from 0 to 2048
[   57.143603] loop0: detected capacity change from 0 to 2048
[   57.185538] loop0: detected capacity change from 0 to 2048
[   57.221882] loop0: detected capacity change from 0 to 2048
[   57.255660] loop0: detected capacity change from 0 to 2048
[   57.289675] loop0: detected capacity change from 0 to 2048
[   57.321562] loop0: detected capacity change from 0 to 2048
[   57.362199] loop0: detected capacity change from 0 to 2048
[   57.398675] loop0: detected capacity change from 0 to 2048
[   57.442826] loop0: detected capacity change from 0 to 2048
[   57.494606] loop0: detected capacity change from 0 to 2048
[   57.534817] loop0: detected capacity change from 0 to 2048
[   57.563334] loop0: detected capacity change from 0 to 2048
[   57.588545] loop0: detected capacity change from 0 to 2048
[   57.614003] loop0: detected capacity change from 0 to 2048
[   57.655209] loop0: detected capacity change from 0 to 2048
[   57.684735] loop0: detected capacity change from 0 to 2048
[   57.726311] loop0: detected capacity change from 0 to 2048
[   57.766510] loop0: detected capacity change from 0 to 2048
[   57.802254] loop0: detected capacity change from 0 to 2048
[   57.825677] loop0: detected capacity change from 0 to 2048
[   57.845744] loop0: detected capacity change from 0 to 2048
[   57.874211] loop0: detected capacity change from 0 to 2048
[   57.910233] loop0: detected capacity change from 0 to 2048
[   57.942886] loop0: detected capacity change from 0 to 2048
[   57.966209] loop0: detected capacity change from 0 to 2048
[   57.994655] loop0: detected capacity change from 0 to 2048
[   58.046044] loop0: detected capacity change from 0 to 2048
[   58.069087] loop0: detected capacity change from 0 to 2048
[   58.069774] blk_print_req_error: 22 callbacks suppressed
[   58.069783] I/O error, dev loop0, sector 0 op 0x0:(READ) flags 0x80700 phys_seg 1 prio class 2
[   58.113717] loop0: detected capacity change from 0 to 2048
[   58.144586] loop0: detected capacity change from 0 to 2048
[   58.182728] loop0: detected capacity change from 0 to 2048
[   58.204098] loop0: detected capacity change from 0 to 2048
[   58.204528] I/O error, dev loop0, sector 0 op 0x0:(READ) flags 0x80700 phys_seg 1 prio class 2
[   58.243761] loop0: detected capacity change from 0 to 2048
[   58.268629] loop0: detected capacity change from 0 to 2048
[   58.269177] I/O error, dev loop0, sector 0 op 0x0:(READ) flags 0x80700 phys_seg 1 prio class 2
[   58.297433] loop0: detected capacity change from 0 to 2048
[   58.329787] loop0: detected capacity change from 0 to 2048
[   58.330486] I/O error, dev loop0, sector 0 op 0x0:(READ) flags 0x80700 phys_seg 1 prio class 2
[   58.366916] loop0: detected capacity change from 0 to 2048
[   58.412417] loop0: detected capacity change from 0 to 2048
[   58.473812] loop0: detected capacity change from 0 to 2048
[   58.514882] loop0: detected capacity change from 0 to 2048
[   58.515610] I/O error, dev loop0, sector 0 op 0x0:(READ) flags 0x80700 phys_seg 1 prio class 2
[   58.551005] loop0: detected capacity change from 0 to 2048
[   58.580339] loop0: detected capacity change from 0 to 2048
[   58.632550] loop0: detected capacity change from 0 to 2048
[   58.672516] loop0: detected capacity change from 0 to 2048
[   58.726257] loop0: detected capacity change from 0 to 2048
[   58.770731] loop0: detected capacity change from 0 to 2048
[   58.814836] loop0: detected capacity change from 0 to 2048
[   58.859186] loop0: detected capacity change from 0 to 2048
[   58.902512] loop0: detected capacity change from 0 to 2048
[   58.927311] loop0: detected capacity change from 0 to 2048
[   58.983171] loop0: detected capacity change from 0 to 2048
[   59.027277] loop0: detected capacity change from 0 to 2048
[   59.072726] loop0: detected capacity change from 0 to 2048
[   59.122321] loop0: detected capacity change from 0 to 2048
[   59.146563] loop0: detected capacity change from 0 to 2048
[   59.197968] loop0: detected capacity change from 0 to 2048
[   59.244523] loop0: detected capacity change from 0 to 2048
[   59.286540] loop0: detected capacity change from 0 to 2048
[   59.314044] loop0: detected capacity change from 0 to 2048
[   59.366554] loop0: detected capacity change from 0 to 2048
[   59.399945] loop0: detected capacity change from 0 to 2048
[   59.438747] loop0: detected capacity change from 0 to 2048
[   59.492301] loop0: detected capacity change from 0 to 2048
[   59.527117] loop0: detected capacity change from 0 to 2048
[   59.562257] loop0: detected capacity change from 0 to 2048
[   59.587774] loop0: detected capacity change from 0 to 2048
[   59.621742] loop0: detected capacity change from 0 to 2048
[   59.656654] loop0: detected capacity change from 0 to 2048
[   59.693473] loop0: detected capacity change from 0 to 2048
[   59.694362] I/O error, dev loop0, sector 0 op 0x0:(READ) flags 0x80700 phys_seg 1 prio class 2
[   59.742305] loop0: detected capacity change from 0 to 2048
[   59.776497] loop0: detected capacity change from 0 to 2048
[   59.826232] loop0: detected capacity change from 0 to 2048
[   59.883078] loop0: detected capacity change from 0 to 2048
[   59.926145] loop0: detected capacity change from 0 to 2048
[   59.954045] loop0: detected capacity change from 0 to 2048
[   60.017239] loop0: detected capacity change from 0 to 2048
[   60.062429] loop0: detected capacity change from 0 to 2048
[   60.111049] loop0: detected capacity change from 0 to 2048
[   60.145012] loop0: detected capacity change from 0 to 2048
[   60.185915] loop0: detected capacity change from 0 to 2048
[   60.225062] loop0: detected capacity change from 0 to 2048
[   60.272327] loop0: detected capacity change from 0 to 2048
[   60.323940] loop0: detected capacity change from 0 to 2048
[   60.353842] loop0: detected capacity change from 0 to 2048
[   60.385625] loop0: detected capacity change from 0 to 2048
[   60.453525] loop0: detected capacity change from 0 to 2048
[   60.498881] loop0: detected capacity change from 0 to 2048
[   60.528847] loop0: detected capacity change from 0 to 2048
[   60.557885] loop0: detected capacity change from 0 to 2048
[   60.603783] loop0: detected capacity change from 0 to 2048
[   60.656681] loop0: detected capacity change from 0 to 2048
[   60.693284] loop0: detected capacity change from 0 to 2048
[   60.728407] loop0: detected capacity change from 0 to 2048
[   60.770319] loop0: detected capacity change from 0 to 2048
[   60.828146] loop0: detected capacity change from 0 to 2048
[   60.828653] I/O error, dev loop0, sector 0 op 0x0:(READ) flags 0x80700 phys_seg 1 prio class 2
[   60.869065] loop0: detected capacity change from 0 to 2048
[   60.928517] loop0: detected capacity change from 0 to 2048
[   60.964074] loop0: detected capacity change from 0 to 2048
[   61.005598] loop0: detected capacity change from 0 to 2048
[   61.032620] loop0: detected capacity change from 0 to 2048
[   61.096192] loop0: detected capacity change from 0 to 2048
[   61.141673] loop0: detected capacity change from 0 to 2048
[   61.182371] loop0: detected capacity change from 0 to 2048
[   61.212396] loop0: detected capacity change from 0 to 2048
[   61.252488] loop0: detected capacity change from 0 to 2048
[   61.294098] loop0: detected capacity change from 0 to 2048
[   61.362095] loop0: detected capacity change from 0 to 2048
[   61.401257] loop0: detected capacity change from 0 to 2048
[   61.472990] loop0: detected capacity change from 0 to 2048
[   61.532801] loop0: detected capacity change from 0 to 2048
[   61.578100] loop0: detected capacity change from 0 to 2048
[   61.621641] loop0: detected capacity change from 0 to 2048
[   61.650475] loop0: detected capacity change from 0 to 2048
[   61.651256] I/O error, dev loop0, sector 0 op 0x0:(READ) flags 0x80700 phys_seg 1 prio class 2
[   61.688526] loop0: detected capacity change from 0 to 2048
[   61.744499] loop0: detected capacity change from 0 to 2048
[   61.788372] loop0: detected capacity change from 0 to 2048
[   61.822645] loop0: detected capacity change from 0 to 2048
[   61.854203] loop0: detected capacity change from 0 to 2048
[   61.909620] loop0: detected capacity change from 0 to 2048
[   61.954514] loop0: detected capacity change from 0 to 2048
[   61.978869] loop0: detected capacity change from 0 to 2048
[   62.028394] loop0: detected capacity change from 0 to 2048
[   62.071101] loop0: detected capacity change from 0 to 2048
[   62.104943] loop0: detected capacity change from 0 to 2048
[   62.138750] loop0: detected capacity change from 0 to 2048
[   62.172695] loop0: detected capacity change from 0 to 2048
[   62.207562] loop0: detected capacity change from 0 to 2048
[   62.260663] loop0: detected capacity change from 0 to 2048
[   62.304829] loop0: detected capacity change from 0 to 2048
[   62.355939] loop0: detected capacity change from 0 to 2048
[   62.395382] loop0: detected capacity change from 0 to 2048
[   62.443610] loop0: detected capacity change from 0 to 2048
[   62.482023] loop0: detected capacity change from 0 to 2048
[   62.517170] loop0: detected capacity change from 0 to 2048
[   62.552629] loop0: detected capacity change from 0 to 2048
[   62.591855] loop0: detected capacity change from 0 to 2048
[   62.634774] loop0: detected capacity change from 0 to 2048
[   62.678974] loop0: detected capacity change from 0 to 2048
[   62.722100] loop0: detected capacity change from 0 to 2048
[   62.754600] loop0: detected capacity change from 0 to 2048
[   62.786534] loop0: detected capacity change from 0 to 2048
[   62.835983] loop0: detected capacity change from 0 to 2048
[   62.836895] I/O error, dev loop0, sector 0 op 0x0:(READ) flags 0x80700 phys_seg 1 prio class 2
[   62.886880] loop0: detected capacity change from 0 to 2048
[   62.929812] loop0: detected capacity change from 0 to 2048
[   62.978672] loop0: detected capacity change from 0 to 2048
[   63.024815] loop0: detected capacity change from 0 to 2048
[   63.069692] loop0: detected capacity change from 0 to 2048
[   63.116987] loop0: detected capacity change from 0 to 2048
[   63.153095] loop0: detected capacity change from 0 to 2048
[   63.177926] loop0: detected capacity change from 0 to 2048
[   63.221791] loop0: detected capacity change from 0 to 2048
[   63.253548] loop0: detected capacity change from 0 to 2048
[   63.296370] loop0: detected capacity change from 0 to 2048
[   63.322012] loop0: detected capacity change from 0 to 2048
[   63.365587] loop0: detected capacity change from 0 to 2048
[   63.403563] loop0: detected capacity change from 0 to 2048
[   63.445638] loop0: detected capacity change from 0 to 2048
[   63.490384] loop0: detected capacity change from 0 to 2048
[   63.530292] loop0: detected capacity change from 0 to 2048
[   63.570752] loop0: detected capacity change from 0 to 2048
[   63.601272] loop0: detected capacity change from 0 to 2048
[   63.663963] loop0: detected capacity change from 0 to 2048
[   63.696601] loop0: detected capacity change from 0 to 2048
[   63.697037] I/O error, dev loop0, sector 0 op 0x0:(READ) flags 0x80700 phys_seg 1 prio class 2
[   63.734708] loop0: detected capacity change from 0 to 2048
[   63.768394] loop0: detected capacity change from 0 to 2048
[   63.809074] loop0: detected capacity change from 0 to 2048
[   63.837076] loop0: detected capacity change from 0 to 2048
[   63.867510] loop0: detected capacity change from 0 to 2048
[   63.904107] loop0: detected capacity change from 0 to 2048
[   63.940837] loop0: detected capacity change from 0 to 2048
[   63.973314] loop0: detected capacity change from 0 to 2048
[   64.005315] loop0: detected capacity change from 0 to 2048
[   64.059153] loop0: detected capacity change from 0 to 2048
[   64.103000] loop0: detected capacity change from 0 to 2048
[   64.134692] loop0: detected capacity change from 0 to 2048
[   64.169961] loop0: detected capacity change from 0 to 2048
[   64.202839] loop0: detected capacity change from 0 to 2048
[   64.258414] loop0: detected capacity change from 0 to 2048
[   64.306834] loop0: detected capacity change from 0 to 2048
[   64.355595] loop0: detected capacity change from 0 to 2048
[   64.400261] loop0: detected capacity change from 0 to 2048
[   64.447974] loop0: detected capacity change from 0 to 2048
[   64.506818] loop0: detected capacity change from 0 to 2048
[   64.551263] loop0: detected capacity change from 0 to 2048
[   64.573137] loop0: detected capacity change from 0 to 2048
[   64.609945] loop0: detected capacity change from 0 to 2048
[   64.646210] loop0: detected capacity change from 0 to 2048
[   64.683002] loop0: detected capacity change from 0 to 2048
[   64.722472] loop0: detected capacity change from 0 to 2048
[   64.757640] loop0: detected capacity change from 0 to 2048
[   64.786983] loop0: detected capacity change from 0 to 2048
[   64.830224] loop0: detected capacity change from 0 to 2048
[   64.864984] loop0: detected capacity change from 0 to 2048
[   64.914506] loop0: detected capacity change from 0 to 2048
[   64.959226] loop0: detected capacity change from 0 to 2048
[   64.997363] loop0: detected capacity change from 0 to 2048
[   65.032734] loop0: detected capacity change from 0 to 2048
[   65.063879] loop0: detected capacity change from 0 to 2048
[   65.109395] loop0: detected capacity change from 0 to 2048
[   65.150820] loop0: detected capacity change from 0 to 2048
[   65.194440] loop0: detected capacity change from 0 to 2048
[   65.229022] loop0: detected capacity change from 0 to 2048
[   65.262487] loop0: detected capacity change from 0 to 2048
[   65.327746] loop0: detected capacity change from 0 to 2048
[   65.360372] loop0: detected capacity change from 0 to 2048
[   65.361142] I/O error, dev loop0, sector 0 op 0x0:(READ) flags 0x80700 phys_seg 1 prio class 2
[   65.421428] loop0: detected capacity change from 0 to 2048
[   65.478266] loop0: detected capacity change from 0 to 2048
[   65.520073] loop0: detected capacity change from 0 to 2048
[   65.520699] I/O error, dev loop0, sector 0 op 0x0:(READ) flags 0x80700 phys_seg 1 prio class 2
[   65.560736] loop0: detected capacity change from 0 to 2048
[   65.605238] loop0: detected capacity change from 0 to 2048
[   65.642846] loop0: detected capacity change from 0 to 2048
[   65.678764] loop0: detected capacity change from 0 to 2048
[   65.710858] loop0: detected capacity change from 0 to 2048
[   65.748346] loop0: detected capacity change from 0 to 2048
[   65.790725] loop0: detected capacity change from 0 to 2048
[   65.826296] loop0: detected capacity change from 0 to 2048
[   65.826864] I/O error, dev loop0, sector 0 op 0x0:(READ) flags 0x80700 phys_seg 1 prio class 2
[   65.869721] loop0: detected capacity change from 0 to 2048
[   65.905716] loop0: detected capacity change from 0 to 2048
[   65.906262] I/O error, dev loop0, sector 0 op 0x0:(READ) flags 0x80700 phys_seg 1 prio class 2
[   65.941377] loop0: detected capacity change from 0 to 2048
[   65.975763] loop0: detected capacity change from 0 to 2048
[   66.008416] loop0: detected capacity change from 0 to 2048
[   66.043774] loop0: detected capacity change from 0 to 2048
[   66.093557] loop0: detected capacity change from 0 to 2048
[   66.144227] loop0: detected capacity change from 0 to 2048
[   66.191767] loop0: detected capacity change from 0 to 2048
[   66.241184] loop0: detected capacity change from 0 to 2048
[   66.303877] loop0: detected capacity change from 0 to 2048
[   66.347966] loop0: detected capacity change from 0 to 2048
[   66.377732] loop0: detected capacity change from 0 to 2048
[   66.410913] loop0: detected capacity change from 0 to 2048
[   66.466361] loop0: detected capacity change from 0 to 2048
[   66.509232] loop0: detected capacity change from 0 to 2048
[   66.558806] loop0: detected capacity change from 0 to 2048
[   66.588894] loop0: detected capacity change from 0 to 2048
[   66.633575] loop0: detected capacity change from 0 to 2048
[   66.669226] loop0: detected capacity change from 0 to 2048
[   66.706034] loop0: detected capacity change from 0 to 2048
[   66.740282] loop0: detected capacity change from 0 to 2048
[   66.740841] I/O error, dev loop0, sector 0 op 0x0:(READ) flags 0x80700 phys_seg 1 prio class 2
[   66.788440] loop0: detected capacity change from 0 to 2048
[   66.836348] loop0: detected capacity change from 0 to 2048
[   66.880253] loop0: detected capacity change from 0 to 2048
[   66.906685] loop0: detected capacity change from 0 to 2048
[   66.946610] loop0: detected capacity change from 0 to 2048
[   66.947060] I/O error, dev loop0, sector 0 op 0x0:(READ) flags 0x80700 phys_seg 1 prio class 2
[   66.993771] loop0: detected capacity change from 0 to 2048
[   67.043281] loop0: detected capacity change from 0 to 2048
[   67.091918] loop0: detected capacity change from 0 to 2048
[   67.122761] loop0: detected capacity change from 0 to 2048
[   67.177773] loop0: detected capacity change from 0 to 2048
[   67.209126] loop0: detected capacity change from 0 to 2048
[   67.258175] loop0: detected capacity change from 0 to 2048
[   67.285713] loop0: detected capacity change from 0 to 2048
[   67.324646] loop0: detected capacity change from 0 to 2048
[   67.359774] loop0: detected capacity change from 0 to 2048
[   67.390711] loop0: detected capacity change from 0 to 2048
[   67.441891] loop0: detected capacity change from 0 to 2048
[   67.502543] loop0: detected capacity change from 0 to 2048
[   67.567369] loop0: detected capacity change from 0 to 2048
[   67.615142] loop0: detected capacity change from 0 to 2048
[   67.662612] loop0: detected capacity change from 0 to 2048
[   67.690716] loop0: detected capacity change from 0 to 2048
[   67.751346] loop0: detected capacity change from 0 to 2048
[   67.781526] loop0: detected capacity change from 0 to 2048
[   67.782056] I/O error, dev loop0, sector 0 op 0x0:(READ) flags 0x80700 phys_seg 1 prio class 2
[   67.824640] loop0: detected capacity change from 0 to 2048
[   67.854475] loop0: detected capacity change from 0 to 2048
[   67.907751] loop0: detected capacity change from 0 to 2048
[   67.943808] loop0: detected capacity change from 0 to 2048
[   67.980937] loop0: detected capacity change from 0 to 2048
[   68.036474] loop0: detected capacity change from 0 to 2048
[   68.042422] EXT4-fs mount: 1534 callbacks suppressed
[   68.042438] EXT4-fs (loop0): mounted filesystem 00000000-0000-0000-0000-000000000000 r/w without journal. Quota mode: none.
[   68.051587] EXT4-fs (loop0): unmounting filesystem 00000000-0000-0000-0000-000000000000.
[   68.088995] loop0: detected capacity change from 0 to 2048
[   68.093884] EXT4-fs (loop0): mounted filesystem 00000000-0000-0000-0000-000000000000 r/w without journal. Quota mode: none.
[   68.102310] EXT4-fs (loop0): unmounting filesystem 00000000-0000-0000-0000-000000000000.
[   68.144250] loop0: detected capacity change from 0 to 2048
[   68.149691] EXT4-fs (loop0): mounted filesystem 00000000-0000-0000-0000-000000000000 r/w without journal. Quota mode: none.
[   68.158652] EXT4-fs (loop0): unmounting filesystem 00000000-0000-0000-0000-000000000000.
[   68.196577] loop0: detected capacity change from 0 to 2048
[   68.201792] EXT4-fs (loop0): mounted filesystem 00000000-0000-0000-0000-000000000000 r/w without journal. Quota mode: none.
[   68.209695] EXT4-fs (loop0): unmounting filesystem 00000000-0000-0000-0000-000000000000.
[   68.234444] loop0: detected capacity change from 0 to 2048
[   68.241431] EXT4-fs (loop0): mounted filesystem 00000000-0000-0000-0000-000000000000 r/w without journal. Quota mode: none.
[   68.257728] EXT4-fs (loop0): unmounting filesystem 00000000-0000-0000-0000-000000000000.
[   68.278453] loop0: detected capacity change from 0 to 2048
[   68.285588] EXT4-fs (loop0): mounted filesystem 00000000-0000-0000-0000-000000000000 r/w without journal. Quota mode: none.
[   68.295680] EXT4-fs (loop0): unmounting filesystem 00000000-0000-0000-0000-000000000000.
[   68.324834] loop0: detected capacity change from 0 to 2048
[   68.333225] EXT4-fs (loop0): mounted filesystem 00000000-0000-0000-0000-000000000000 r/w without journal. Quota mode: none.
[   68.341063] EXT4-fs (loop0): unmounting filesystem 00000000-0000-0000-0000-000000000000.
[   68.369514] loop0: detected capacity change from 0 to 2048
[   68.377507] EXT4-fs (loop0): mounted filesystem 00000000-0000-0000-0000-000000000000 r/w without journal. Quota mode: none.
[   68.388451] EXT4-fs (loop0): unmounting filesystem 00000000-0000-0000-0000-000000000000.
[   68.420732] loop0: detected capacity change from 0 to 2048
[   68.425569] EXT4-fs (loop0): mounted filesystem 00000000-0000-0000-0000-000000000000 r/w without journal. Quota mode: none.
[   68.452451] EXT4-fs (loop0): unmounting filesystem 00000000-0000-0000-0000-000000000000.
[   68.494783] loop0: detected capacity change from 0 to 2048
[   68.501426] EXT4-fs (loop0): mounted filesystem 00000000-0000-0000-0000-000000000000 r/w without journal. Quota mode: none.
[   68.515295] EXT4-fs (loop0): unmounting filesystem 00000000-0000-0000-0000-000000000000.
[   68.558827] loop0: detected capacity change from 0 to 2048
[   68.565474] EXT4-fs (loop0): mounted filesystem 00000000-0000-0000-0000-000000000000 r/w without journal. Quota mode: none.
[   68.572788] EXT4-fs (loop0): unmounting filesystem 00000000-0000-0000-0000-000000000000.
[   68.606925] loop0: detected capacity change from 0 to 2048
[   68.615113] EXT4-fs (loop0): mounted filesystem 00000000-0000-0000-0000-000000000000 r/w without journal. Quota mode: none.
[   68.624570] EXT4-fs (loop0): unmounting filesystem 00000000-0000-0000-0000-000000000000.
[   68.641553] loop0: detected capacity change from 0 to 2048
[   68.660664] EXT4-fs (loop0): mounted filesystem 00000000-0000-0000-0000-000000000000 r/w without journal. Quota mode: none.
[   68.668731] EXT4-fs (loop0): unmounting filesystem 00000000-0000-0000-0000-000000000000.
[   68.691509] loop0: detected capacity change from 0 to 2048
[   68.697379] EXT4-fs (loop0): mounted filesystem 00000000-0000-0000-0000-000000000000 r/w without journal. Quota mode: none.
[   68.705429] EXT4-fs (loop0): unmounting filesystem 00000000-0000-0000-0000-000000000000.
[   68.737801] loop0: detected capacity change from 0 to 2048
[   68.745249] EXT4-fs (loop0): mounted filesystem 00000000-0000-0000-0000-000000000000 r/w without journal. Quota mode: none.
[   68.752395] EXT4-fs (loop0): unmounting filesystem 00000000-0000-0000-0000-000000000000.
[   68.786428] loop0: detected capacity change from 0 to 2048
[   68.793201] EXT4-fs (loop0): mounted filesystem 00000000-0000-0000-0000-000000000000 r/w without journal. Quota mode: none.
[   68.801262] EXT4-fs (loop0): unmounting filesystem 00000000-0000-0000-0000-000000000000.
[   68.834778] loop0: detected capacity change from 0 to 2048
[   68.845160] EXT4-fs (loop0): mounted filesystem 00000000-0000-0000-0000-000000000000 r/w without journal. Quota mode: none.
[   68.853380] EXT4-fs (loop0): unmounting filesystem 00000000-0000-0000-0000-000000000000.
[   68.887271] loop0: detected capacity change from 0 to 2048
[   68.894046] EXT4-fs (loop0): mounted filesystem 00000000-0000-0000-0000-000000000000 r/w without journal. Quota mode: none.
[   68.903101] EXT4-fs (loop0): unmounting filesystem 00000000-0000-0000-0000-000000000000.
[   68.924757] loop0: detected capacity change from 0 to 2048
[   68.928846] EXT4-fs (loop0): mounted filesystem 00000000-0000-0000-0000-000000000000 r/w without journal. Quota mode: none.
[   68.943666] EXT4-fs (loop0): unmounting filesystem 00000000-0000-0000-0000-000000000000.
[   68.979633] loop0: detected capacity change from 0 to 2048
[   68.985248] EXT4-fs (loop0): mounted filesystem 00000000-0000-0000-0000-000000000000 r/w without journal. Quota mode: none.
[   68.995628] EXT4-fs (loop0): unmounting filesystem 00000000-0000-0000-0000-000000000000.
[   69.035263] loop0: detected capacity change from 0 to 2048
[   69.041377] EXT4-fs (loop0): mounted filesystem 00000000-0000-0000-0000-000000000000 r/w without journal. Quota mode: none.
[   69.050053] EXT4-fs (loop0): unmounting filesystem 00000000-0000-0000-0000-000000000000.
[   69.073613] loop0: detected capacity change from 0 to 2048
[   69.081508] EXT4-fs (loop0): mounted filesystem 00000000-0000-0000-0000-000000000000 r/w without journal. Quota mode: none.
[   69.089374] EXT4-fs (loop0): unmounting filesystem 00000000-0000-0000-0000-000000000000.
[   69.122955] loop0: detected capacity change from 0 to 2048
[   69.129510] EXT4-fs (loop0): mounted filesystem 00000000-0000-0000-0000-000000000000 r/w without journal. Quota mode: none.
[   69.137184] EXT4-fs (loop0): unmounting filesystem 00000000-0000-0000-0000-000000000000.
[   69.161058] loop0: detected capacity change from 0 to 2048
[   69.164921] EXT4-fs (loop0): mounted filesystem 00000000-0000-0000-0000-000000000000 r/w without journal. Quota mode: none.
[   69.175862] EXT4-fs (loop0): unmounting filesystem 00000000-0000-0000-0000-000000000000.
[   69.211770] loop0: detected capacity change from 0 to 2048
[   69.218078] EXT4-fs (loop0): mounted filesystem 00000000-0000-0000-0000-000000000000 r/w without journal. Quota mode: none.
