c[?7l[2J[0mSeaBIOS (version rel-1.16.0-0-gd239552ce722-prebuilt.qemu.org)


iPXE (http://ipxe.org) 00:03.0 CA00 PCI2.10 PnP PMM+7FF91000+7FEF1000 CA00
Press Ctrl-B to configure iPXE (PCI 00:03.0)...                                                                               


Booting from ROM...
c[?7l[2J[    0.000000] Linux version 6.4.0-rc4-b928dfdcb27d+ (root@p-rpls01) (gcc (GCC) 8.5.0 20210514 (Red Hat 8.5.0-19), GNU ld version 2.36.1-2.el8) #1 SMP PREEMPT_DYNAMIC Wed Jun 28 20:26:39 CST 2023
[    0.000000] Command line: console=ttyS0 root=/dev/sda earlyprintk=serial net.ifnames=0 quiet plymouth.enable=0
[    0.000000] KERNEL supported cpus:
[    0.000000]   Intel GenuineIntel
[    0.000000]   AMD AuthenticAMD
[    0.000000]   Hygon HygonGenuine
[    0.000000]   Centaur CentaurHauls
[    0.000000]   zhaoxin   Shanghai  
[    0.000000] x86/fpu: Supporting XSAVE feature 0x001: 'x87 floating point registers'
[    0.000000] x86/fpu: Supporting XSAVE feature 0x002: 'SSE registers'
[    0.000000] x86/fpu: Supporting XSAVE feature 0x004: 'AVX registers'
[    0.000000] x86/fpu: Supporting XSAVE feature 0x200: 'Protection Keys User registers'
[    0.000000] x86/fpu: xstate_offset[2]:  576, xstate_sizes[2]:  256
[    0.000000] x86/fpu: xstate_offset[9]:  832, xstate_sizes[9]:    8
[    0.000000] x86/fpu: Enabled xstate features 0x207, context size is 840 bytes, using 'compacted' format.
[    0.000000] signal: max sigframe size: 3632
[    0.000000] BIOS-provided physical RAM map:
[    0.000000] BIOS-e820: [mem 0x0000000000000000-0x000000000009fbff] usable
[    0.000000] BIOS-e820: [mem 0x000000000009fc00-0x000000000009ffff] reserved
[    0.000000] BIOS-e820: [mem 0x00000000000f0000-0x00000000000fffff] reserved
[    0.000000] BIOS-e820: [mem 0x0000000000100000-0x000000007ffdffff] usable
[    0.000000] BIOS-e820: [mem 0x000000007ffe0000-0x000000007fffffff] reserved
[    0.000000] BIOS-e820: [mem 0x00000000feffc000-0x00000000feffffff] reserved
[    0.000000] BIOS-e820: [mem 0x00000000fffc0000-0x00000000ffffffff] reserved
[    0.000000] printk: bootconsole [earlyser0] enabled
[    0.228418] Spectre V2 : WARNING: Unprivileged eBPF is enabled with eIBRS on, data leaks possible via Spectre v2 BHB attacks!
[   11.309269] systemd[1]: Failed to start Load Kernel Modules.
[[0;1;31mFAILED[0m] Failed to start [0;1;39mLoad Kernel Modules[0m.

CentOS Stream 9
Kernel 6.4.0-rc4-b928dfdcb27d+ on an x86_64

Activate the web console with: systemctl enable --now cockpit.socket

test login: [   25.838274] loop0: detected capacity change from 0 to 2048
[   25.847065] EXT4-fs (loop0): mounted filesystem 00000000-0000-0000-0000-000000000000 r/w without journal. Quota mode: none.
[   25.874011] EXT4-fs (loop0): unmounting filesystem 00000000-0000-0000-0000-000000000000.
[   25.895081] loop0: detected capacity change from 0 to 2048
[   25.902078] EXT4-fs (loop0): mounted filesystem 00000000-0000-0000-0000-000000000000 r/w without journal. Quota mode: none.
[   25.920362] EXT4-fs (loop0): unmounting filesystem 00000000-0000-0000-0000-000000000000.
[   25.942241] loop0: detected capacity change from 0 to 2048
[   25.942905] I/O error, dev loop0, sector 0 op 0x0:(READ) flags 0x80700 phys_seg 1 prio class 2
[   25.950012] EXT4-fs (loop0): mounted filesystem 00000000-0000-0000-0000-000000000000 r/w without journal. Quota mode: none.
[   25.969149] EXT4-fs (loop0): unmounting filesystem 00000000-0000-0000-0000-000000000000.
[   25.992312] loop0: detected capacity change from 0 to 2048
[   26.001510] EXT4-fs (loop0): mounted filesystem 00000000-0000-0000-0000-000000000000 r/w without journal. Quota mode: none.
[   26.010071] EXT4-fs (loop0): unmounting filesystem 00000000-0000-0000-0000-000000000000.
[   26.026665] loop0: detected capacity change from 0 to 2048
[   26.037686] EXT4-fs (loop0): mounted filesystem 00000000-0000-0000-0000-000000000000 r/w without journal. Quota mode: none.
[   26.048954] EXT4-fs (loop0): unmounting filesystem 00000000-0000-0000-0000-000000000000.
[   26.081144] loop0: detected capacity change from 0 to 2048
[   26.090472] EXT4-fs (loop0): mounted filesystem 00000000-0000-0000-0000-000000000000 r/w without journal. Quota mode: none.
[   26.109284] EXT4-fs (loop0): unmounting filesystem 00000000-0000-0000-0000-000000000000.
[   26.128906] loop0: detected capacity change from 0 to 2048
[   26.141027] EXT4-fs (loop0): mounted filesystem 00000000-0000-0000-0000-000000000000 r/w without journal. Quota mode: none.
[   26.152848] EXT4-fs (loop0): unmounting filesystem 00000000-0000-0000-0000-000000000000.
[   26.173922] loop0: detected capacity change from 0 to 2048
[   26.181746] EXT4-fs (loop0): mounted filesystem 00000000-0000-0000-0000-000000000000 r/w without journal. Quota mode: none.
[   26.189289] EXT4-fs (loop0): unmounting filesystem 00000000-0000-0000-0000-000000000000.
[   26.214580] loop0: detected capacity change from 0 to 2048
[   26.221444] EXT4-fs (loop0): mounted filesystem 00000000-0000-0000-0000-000000000000 r/w without journal. Quota mode: none.
[   26.245027] EXT4-fs (loop0): unmounting filesystem 00000000-0000-0000-0000-000000000000.
[   26.279094] loop0: detected capacity change from 0 to 2048
[   26.285527] EXT4-fs (loop0): mounted filesystem 00000000-0000-0000-0000-000000000000 r/w without journal. Quota mode: none.
[   26.296067] EXT4-fs (loop0): unmounting filesystem 00000000-0000-0000-0000-000000000000.
[   26.324081] loop0: detected capacity change from 0 to 2048
[   26.334196] EXT4-fs (loop0): mounted filesystem 00000000-0000-0000-0000-000000000000 r/w without journal. Quota mode: none.
[   26.343187] EXT4-fs (loop0): unmounting filesystem 00000000-0000-0000-0000-000000000000.
[   26.365059] loop0: detected capacity change from 0 to 2048
[   26.377149] EXT4-fs (loop0): mounted filesystem 00000000-0000-0000-0000-000000000000 r/w without journal. Quota mode: none.
[   26.386733] EXT4-fs (loop0): unmounting filesystem 00000000-0000-0000-0000-000000000000.
[   26.424114] loop0: detected capacity change from 0 to 2048
[   26.429829] EXT4-fs (loop0): mounted filesystem 00000000-0000-0000-0000-000000000000 r/w without journal. Quota mode: none.
[   26.440014] EXT4-fs (loop0): unmounting filesystem 00000000-0000-0000-0000-000000000000.
[   26.462065] loop0: detected capacity change from 0 to 2048
[   26.483944] EXT4-fs (loop0): mounted filesystem 00000000-0000-0000-0000-000000000000 r/w without journal. Quota mode: none.
[   26.491554] EXT4-fs (loop0): unmounting filesystem 00000000-0000-0000-0000-000000000000.
[   26.532421] loop0: detected capacity change from 0 to 2048
[   26.537458] EXT4-fs (loop0): mounted filesystem 00000000-0000-0000-0000-000000000000 r/w without journal. Quota mode: none.
[   26.548245] EXT4-fs (loop0): unmounting filesystem 00000000-0000-0000-0000-000000000000.
[   26.579372] loop0: detected capacity change from 0 to 2048
[   26.593618] EXT4-fs (loop0): mounted filesystem 00000000-0000-0000-0000-000000000000 r/w without journal. Quota mode: none.
[   26.603027] EXT4-fs (loop0): unmounting filesystem 00000000-0000-0000-0000-000000000000.
[   26.627742] loop0: detected capacity change from 0 to 2048
[   26.633467] EXT4-fs (loop0): mounted filesystem 00000000-0000-0000-0000-000000000000 r/w without journal. Quota mode: none.
[   26.641123] EXT4-fs (loop0): unmounting filesystem 00000000-0000-0000-0000-000000000000.
[   26.676380] loop0: detected capacity change from 0 to 2048
[   26.685610] EXT4-fs (loop0): mounted filesystem 00000000-0000-0000-0000-000000000000 r/w without journal. Quota mode: none.
[   26.696599] EXT4-fs (loop0): unmounting filesystem 00000000-0000-0000-0000-000000000000.
[   26.721442] loop0: detected capacity change from 0 to 2048
[   26.721954] I/O error, dev loop0, sector 0 op 0x0:(READ) flags 0x80700 phys_seg 1 prio class 2
[   26.737472] EXT4-fs (loop0): mounted filesystem 00000000-0000-0000-0000-000000000000 r/w without journal. Quota mode: none.
[   26.751678] EXT4-fs (loop0): unmounting filesystem 00000000-0000-0000-0000-000000000000.
[   26.770148] loop0: detected capacity change from 0 to 2048
[   26.785697] EXT4-fs (loop0): mounted filesystem 00000000-0000-0000-0000-000000000000 r/w without journal. Quota mode: none.
[   26.796590] EXT4-fs (loop0): unmounting filesystem 00000000-0000-0000-0000-000000000000.
[   26.814614] loop0: detected capacity change from 0 to 2048
[   26.821201] EXT4-fs (loop0): mounted filesystem 00000000-0000-0000-0000-000000000000 r/w without journal. Quota mode: none.
[   26.829182] EXT4-fs (loop0): unmounting filesystem 00000000-0000-0000-0000-000000000000.
[   26.849387] loop0: detected capacity change from 0 to 2048
[   26.860443] EXT4-fs (loop0): mounted filesystem 00000000-0000-0000-0000-000000000000 r/w without journal. Quota mode: none.
[   26.883677] EXT4-fs (loop0): unmounting filesystem 00000000-0000-0000-0000-000000000000.
[   26.907203] loop0: detected capacity change from 0 to 2048
[   26.918886] EXT4-fs (loop0): mounted filesystem 00000000-0000-0000-0000-000000000000 r/w without journal. Quota mode: none.
[   26.944595] EXT4-fs (loop0): unmounting filesystem 00000000-0000-0000-0000-000000000000.
[   26.967107] loop0: detected capacity change from 0 to 2048
[   26.973519] EXT4-fs (loop0): mounted filesystem 00000000-0000-0000-0000-000000000000 r/w without journal. Quota mode: none.
[   26.984622] EXT4-fs (loop0): unmounting filesystem 00000000-0000-0000-0000-000000000000.
[   27.029179] loop0: detected capacity change from 0 to 2048
[   27.038083] EXT4-fs (loop0): mounted filesystem 00000000-0000-0000-0000-000000000000 r/w without journal. Quota mode: none.
[   27.045239] EXT4-fs (loop0): unmounting filesystem 00000000-0000-0000-0000-000000000000.
[   27.079315] loop0: detected capacity change from 0 to 2048
[   27.089588] EXT4-fs (loop0): mounted filesystem 00000000-0000-0000-0000-000000000000 r/w without journal. Quota mode: none.
[   27.097726] EXT4-fs (loop0): unmounting filesystem 00000000-0000-0000-0000-000000000000.
[   27.116654] loop0: detected capacity change from 0 to 2048
[   27.125524] EXT4-fs (loop0): mounted filesystem 00000000-0000-0000-0000-000000000000 r/w without journal. Quota mode: none.
[   27.146037] EXT4-fs (loop0): unmounting filesystem 00000000-0000-0000-0000-000000000000.
[   27.184291] loop0: detected capacity change from 0 to 2048
[   27.193669] EXT4-fs (loop0): mounted filesystem 00000000-0000-0000-0000-000000000000 r/w without journal. Quota mode: none.
[   27.203917] EXT4-fs (loop0): unmounting filesystem 00000000-0000-0000-0000-000000000000.
[   27.221166] loop0: detected capacity change from 0 to 2048
[   27.235342] EXT4-fs (loop0): mounted filesystem 00000000-0000-0000-0000-000000000000 r/w without journal. Quota mode: none.
[   27.249256] EXT4-fs (loop0): unmounting filesystem 00000000-0000-0000-0000-000000000000.
[   27.272248] loop0: detected capacity change from 0 to 2048
[   27.281819] EXT4-fs (loop0): mounted filesystem 00000000-0000-0000-0000-000000000000 r/w without journal. Quota mode: none.
[   27.292010] EXT4-fs (loop0): unmounting filesystem 00000000-0000-0000-0000-000000000000.
[   27.314055] loop0: detected capacity change from 0 to 2048
[   27.325821] EXT4-fs (loop0): mounted filesystem 00000000-0000-0000-0000-000000000000 r/w without journal. Quota mode: none.
[   27.335150] EXT4-fs (loop0): unmounting filesystem 00000000-0000-0000-0000-000000000000.
[   27.377533] loop0: detected capacity change from 0 to 2048
[   27.385159] EXT4-fs (loop0): mounted filesystem 00000000-0000-0000-0000-000000000000 r/w without journal. Quota mode: none.
[   27.428822] loop0: detected capacity change from 0 to 2048
[   27.480056] loop0: detected capacity change from 0 to 2048
[   27.524312] loop0: detected capacity change from 0 to 2048
[   27.562831] loop0: detected capacity change from 0 to 2048
[   27.620662] loop0: detected capacity change from 0 to 2048
[   27.655814] loop0: detected capacity change from 0 to 2048
[   27.707669] loop0: detected capacity change from 0 to 2048
[   27.749236] loop0: detected capacity change from 0 to 2048
[   27.805122] loop0: detected capacity change from 0 to 2048
[   27.844254] loop0: detected capacity change from 0 to 2048
[   27.881950] loop0: detected capacity change from 0 to 2048
[   27.926708] loop0: detected capacity change from 0 to 2048
[   27.927824] I/O error, dev loop0, sector 0 op 0x0:(READ) flags 0x80700 phys_seg 1 prio class 2
[   27.927891] I/O error, dev loop0, sector 0 op 0x0:(READ) flags 0x0 phys_seg 1 prio class 2
[   27.927996] Buffer I/O error on dev loop0, logical block 0, async page read
[   27.984461] loop0: detected capacity change from 0 to 2048
[   28.016934] loop0: detected capacity change from 0 to 2048
[   28.017384] I/O error, dev loop0, sector 0 op 0x0:(READ) flags 0x80700 phys_seg 1 prio class 2
[   28.054061] loop0: detected capacity change from 0 to 2048
[   28.089223] loop0: detected capacity change from 0 to 2048
[   28.132420] loop0: detected capacity change from 0 to 2048
[   28.172343] loop0: detected capacity change from 0 to 2048
[   28.212888] loop0: detected capacity change from 0 to 2048
[   28.241440] loop0: detected capacity change from 0 to 2048
[   28.299289] loop0: detected capacity change from 0 to 2048
[   28.354805] loop0: detected capacity change from 0 to 2048
[   28.390785] loop0: detected capacity change from 0 to 2048
[   28.435622] loop0: detected capacity change from 0 to 2048
[   28.475529] loop0: detected capacity change from 0 to 2048
[   28.508167] loop0: detected capacity change from 0 to 2048
[   28.562613] loop0: detected capacity change from 0 to 2048
[   28.601197] loop0: detected capacity change from 0 to 2048
[   28.641220] loop0: detected capacity change from 0 to 2048
[   28.688000] loop0: detected capacity change from 0 to 2048
[   28.719686] loop0: detected capacity change from 0 to 2048
[   28.758138] loop0: detected capacity change from 0 to 2048
[   28.791130] loop0: detected capacity change from 0 to 2048
[   28.835718] loop0: detected capacity change from 0 to 2048
[   28.875661] loop0: detected capacity change from 0 to 2048
[   28.941993] loop0: detected capacity change from 0 to 2048
[   28.990666] loop0: detected capacity change from 0 to 2048
[   29.039850] loop0: detected capacity change from 0 to 2048
[   29.077720] loop0: detected capacity change from 0 to 2048
[   29.120925] loop0: detected capacity change from 0 to 2048
[   29.170480] loop0: detected capacity change from 0 to 2048
[   29.211508] loop0: detected capacity change from 0 to 2048
[   29.247828] loop0: detected capacity change from 0 to 2048
[   29.298270] loop0: detected capacity change from 0 to 2048
[   29.342800] loop0: detected capacity change from 0 to 2048
[   29.369054] loop0: detected capacity change from 0 to 2048
[   29.413636] loop0: detected capacity change from 0 to 2048
[   29.464493] loop0: detected capacity change from 0 to 2048
[   29.521898] loop0: detected capacity change from 0 to 2048
[   29.549750] loop0: detected capacity change from 0 to 2048
[   29.589434] loop0: detected capacity change from 0 to 2048
[   29.624831] loop0: detected capacity change from 0 to 2048
[   29.667996] loop0: detected capacity change from 0 to 2048
[   29.696937] loop0: detected capacity change from 0 to 2048
[   29.697681] I/O error, dev loop0, sector 0 op 0x0:(READ) flags 0x80700 phys_seg 1 prio class 2
[   29.741194] loop0: detected capacity change from 0 to 2048
[   29.776422] loop0: detected capacity change from 0 to 2048
[   29.838778] loop0: detected capacity change from 0 to 2048
[   29.881255] loop0: detected capacity change from 0 to 2048
[   29.927120] loop0: detected capacity change from 0 to 2048
[   29.994411] loop0: detected capacity change from 0 to 2048
[   30.041477] loop0: detected capacity change from 0 to 2048
[   30.098488] loop0: detected capacity change from 0 to 2048
[   30.145715] loop0: detected capacity change from 0 to 2048
[   30.188868] loop0: detected capacity change from 0 to 2048
[   30.239477] loop0: detected capacity change from 0 to 2048
[   30.284944] loop0: detected capacity change from 0 to 2048
[   30.320089] loop0: detected capacity change from 0 to 2048
[   30.364019] loop0: detected capacity change from 0 to 2048
[   30.396234] loop0: detected capacity change from 0 to 2048
[   30.448705] loop0: detected capacity change from 0 to 2048
[   30.495592] loop0: detected capacity change from 0 to 2048
[   30.524481] loop0: detected capacity change from 0 to 2048
[   30.568680] loop0: detected capacity change from 0 to 2048
[   30.597279] loop0: detected capacity change from 0 to 2048
[   30.645409] loop0: detected capacity change from 0 to 2048
[   30.680704] loop0: detected capacity change from 0 to 2048
[   30.722108] loop0: detected capacity change from 0 to 2048
[   30.756856] loop0: detected capacity change from 0 to 2048
[   30.803033] loop0: detected capacity change from 0 to 2048
[   30.851295] loop0: detected capacity change from 0 to 2048
[   30.895378] loop0: detected capacity change from 0 to 2048
[   30.960628] loop0: detected capacity change from 0 to 2048
[   30.999847] loop0: detected capacity change from 0 to 2048
[   31.037110] loop0: detected capacity change from 0 to 2048
[   31.081139] loop0: detected capacity change from 0 to 2048
[   31.125363] loop0: detected capacity change from 0 to 2048
[   31.178437] loop0: detected capacity change from 0 to 2048
[   31.231186] loop0: detected capacity change from 0 to 2048
[   31.269612] loop0: detected capacity change from 0 to 2048
[   31.297833] loop0: detected capacity change from 0 to 2048
[   31.350330] loop0: detected capacity change from 0 to 2048
[   31.408003] loop0: detected capacity change from 0 to 2048
[   31.441411] loop0: detected capacity change from 0 to 2048
[   31.478633] loop0: detected capacity change from 0 to 2048
[   31.516125] loop0: detected capacity change from 0 to 2048
[   31.556571] loop0: detected capacity change from 0 to 2048
[   31.596529] loop0: detected capacity change from 0 to 2048
[   31.645606] loop0: detected capacity change from 0 to 2048
[   31.696403] loop0: detected capacity change from 0 to 2048
[   31.725331] loop0: detected capacity change from 0 to 2048
[   31.768659] loop0: detected capacity change from 0 to 2048
[   31.802331] loop0: detected capacity change from 0 to 2048
[   31.839091] loop0: detected capacity change from 0 to 2048
[   31.903879] loop0: detected capacity change from 0 to 2048
[   31.958751] loop0: detected capacity change from 0 to 2048
[   32.027499] loop0: detected capacity change from 0 to 2048
[   32.075213] loop0: detected capacity change from 0 to 2048
[   32.140929] loop0: detected capacity change from 0 to 2048
[   32.188128] loop0: detected capacity change from 0 to 2048
[   32.240347] loop0: detected capacity change from 0 to 2048
[   32.295703] loop0: detected capacity change from 0 to 2048
[   32.342601] loop0: detected capacity change from 0 to 2048
[   32.370004] loop0: detected capacity change from 0 to 2048
[   32.416523] loop0: detected capacity change from 0 to 2048
[   32.456198] loop0: detected capacity change from 0 to 2048
[   32.507187] loop0: detected capacity change from 0 to 2048
[   32.533071] loop0: detected capacity change from 0 to 2048
[   32.582924] loop0: detected capacity change from 0 to 2048
[   32.634672] loop0: detected capacity change from 0 to 2048
[   32.679705] loop0: detected capacity change from 0 to 2048
[   32.726912] loop0: detected capacity change from 0 to 2048
[   32.775247] loop0: detected capacity change from 0 to 2048
[   32.808779] loop0: detected capacity change from 0 to 2048
[   32.809378] I/O error, dev loop0, sector 0 op 0x0:(READ) flags 0x80700 phys_seg 1 prio class 2
[   32.873535] loop0: detected capacity change from 0 to 2048
[   32.918704] loop0: detected capacity change from 0 to 2048
[   32.959227] loop0: detected capacity change from 0 to 2048
[   32.994843] loop0: detected capacity change from 0 to 2048
[   33.029173] loop0: detected capacity change from 0 to 2048
[   33.030016] I/O error, dev loop0, sector 0 op 0x0:(READ) flags 0x80700 phys_seg 1 prio class 2
[   33.080681] loop0: detected capacity change from 0 to 2048
[   33.135935] loop0: detected capacity change from 0 to 2048
[   33.180603] loop0: detected capacity change from 0 to 2048
[   33.218263] loop0: detected capacity change from 0 to 2048
[   33.258081] loop0: detected capacity change from 0 to 2048
[   33.259138] I/O error, dev loop0, sector 0 op 0x0:(READ) flags 0x80700 phys_seg 1 prio class 2
[   33.297999] loop0: detected capacity change from 0 to 2048
[   33.298799] I/O error, dev loop0, sector 0 op 0x0:(READ) flags 0x80700 phys_seg 1 prio class 2
[   33.354338] loop0: detected capacity change from 0 to 2048
[   33.401809] loop0: detected capacity change from 0 to 2048
[   33.443833] loop0: detected capacity change from 0 to 2048
[   33.493983] loop0: detected capacity change from 0 to 2048
[   33.526493] loop0: detected capacity change from 0 to 2048
[   33.566344] loop0: detected capacity change from 0 to 2048
[   33.616398] loop0: detected capacity change from 0 to 2048
[   33.669339] loop0: detected capacity change from 0 to 2048
[   33.714746] loop0: detected capacity change from 0 to 2048
[   33.758368] loop0: detected capacity change from 0 to 2048
[   33.794115] loop0: detected capacity change from 0 to 2048
[   33.834278] loop0: detected capacity change from 0 to 2048
[   33.879322] loop0: detected capacity change from 0 to 2048
[   33.936119] loop0: detected capacity change from 0 to 2048
[   33.987174] loop0: detected capacity change from 0 to 2048
[   34.047814] loop0: detected capacity change from 0 to 2048
[   34.069648] loop0: detected capacity change from 0 to 2048
[   34.126378] loop0: detected capacity change from 0 to 2048
[   34.171312] loop0: detected capacity change from 0 to 2048
[   34.196828] loop0: detected capacity change from 0 to 2048
[   34.240576] loop0: detected capacity change from 0 to 2048
[   34.241569] I/O error, dev loop0, sector 0 op 0x0:(READ) flags 0x80700 phys_seg 1 prio class 2
[   34.300939] loop0: detected capacity change from 0 to 2048
[   34.334800] loop0: detected capacity change from 0 to 2048
[   34.379912] loop0: detected capacity change from 0 to 2048
[   34.425761] loop0: detected capacity change from 0 to 2048
[   34.457392] loop0: detected capacity change from 0 to 2048
[   34.458296] I/O error, dev loop0, sector 0 op 0x0:(READ) flags 0x80700 phys_seg 1 prio class 2
[   34.492614] loop0: detected capacity change from 0 to 2048
[   34.493649] I/O error, dev loop0, sector 0 op 0x0:(READ) flags 0x80700 phys_seg 1 prio class 2
[   34.544348] loop0: detected capacity change from 0 to 2048
[   34.583579] loop0: detected capacity change from 0 to 2048
[   34.634260] loop0: detected capacity change from 0 to 2048
[   34.683260] loop0: detected capacity change from 0 to 2048
[   34.708644] loop0: detected capacity change from 0 to 2048
[   34.748210] loop0: detected capacity change from 0 to 2048
[   34.800569] loop0: detected capacity change from 0 to 2048
[   34.836712] loop0: detected capacity change from 0 to 2048
[   34.875668] loop0: detected capacity change from 0 to 2048
[   34.932976] loop0: detected capacity change from 0 to 2048
[   34.994527] loop0: detected capacity change from 0 to 2048
[   35.023172] loop0: detected capacity change from 0 to 2048
[   35.071786] loop0: detected capacity change from 0 to 2048
[   35.101265] loop0: detected capacity change from 0 to 2048
[   35.139683] loop0: detected capacity change from 0 to 2048
[   35.184553] loop0: detected capacity change from 0 to 2048
[   35.242771] loop0: detected capacity change from 0 to 2048
[   35.275043] loop0: detected capacity change from 0 to 2048
[   35.326687] loop0: detected capacity change from 0 to 2048
[   35.356886] loop0: detected capacity change from 0 to 2048
[   35.415194] loop0: detected capacity change from 0 to 2048
[   35.447805] loop0: detected capacity change from 0 to 2048
[   35.476002] loop0: detected capacity change from 0 to 2048
[   35.535278] loop0: detected capacity change from 0 to 2048
[   35.561942] loop0: detected capacity change from 0 to 2048
[   35.604183] loop0: detected capacity change from 0 to 2048
[   35.653340] loop0: detected capacity change from 0 to 2048
[   35.692889] loop0: detected capacity change from 0 to 2048
[   35.728598] loop0: detected capacity change from 0 to 2048
[   35.784355] loop0: detected capacity change from 0 to 2048
[   35.820540] loop0: detected capacity change from 0 to 2048
[   35.872881] loop0: detected capacity change from 0 to 2048
[   35.936682] loop0: detected capacity change from 0 to 2048
[   35.990076] loop0: detected capacity change from 0 to 2048
[   36.036554] loop0: detected capacity change from 0 to 2048
[   36.065232] loop0: detected capacity change from 0 to 2048
[   36.122355] loop0: detected capacity change from 0 to 2048
[   36.159995] loop0: detected capacity change from 0 to 2048
[   36.206316] loop0: detected capacity change from 0 to 2048
[   36.243821] loop0: detected capacity change from 0 to 2048
[   36.269668] loop0: detected capacity change from 0 to 2048
[   36.312656] loop0: detected capacity change from 0 to 2048
[   36.363272] loop0: detected capacity change from 0 to 2048
[   36.399872] loop0: detected capacity change from 0 to 2048
[   36.400845] I/O error, dev loop0, sector 0 op 0x0:(READ) flags 0x80700 phys_seg 1 prio class 2
[   36.443699] loop0: detected capacity change from 0 to 2048
[   36.486058] loop0: detected capacity change from 0 to 2048
[   36.529875] loop0: detected capacity change from 0 to 2048
[   36.565162] loop0: detected capacity change from 0 to 2048
[   36.612018] loop0: detected capacity change from 0 to 2048
[   36.655025] loop0: detected capacity change from 0 to 2048
[   36.681448] loop0: detected capacity change from 0 to 2048
[   36.727264] loop0: detected capacity change from 0 to 2048
[   36.772777] loop0: detected capacity change from 0 to 2048
[   36.804040] loop0: detected capacity change from 0 to 2048
[   36.843905] loop0: detected capacity change from 0 to 2048
[   36.890117] loop0: detected capacity change from 0 to 2048
[   36.931688] loop0: detected capacity change from 0 to 2048
[   36.982061] loop0: detected capacity change from 0 to 2048
[   37.020141] loop0: detected capacity change from 0 to 2048
[   37.048324] loop0: detected capacity change from 0 to 2048
[   37.086713] loop0: detected capacity change from 0 to 2048
[   37.133562] loop0: detected capacity change from 0 to 2048
[   37.175953] loop0: detected capacity change from 0 to 2048
[   37.208791] loop0: detected capacity change from 0 to 2048
[   37.209150] I/O error, dev loop0, sector 0 op 0x0:(READ) flags 0x80700 phys_seg 1 prio class 2
[   37.250456] loop0: detected capacity change from 0 to 2048
[   37.287258] loop0: detected capacity change from 0 to 2048
[   37.338022] loop0: detected capacity change from 0 to 2048
[   37.383145] loop0: detected capacity change from 0 to 2048
[   37.426670] loop0: detected capacity change from 0 to 2048
[   37.465207] loop0: detected capacity change from 0 to 2048
[   37.494814] loop0: detected capacity change from 0 to 2048
[   37.558875] loop0: detected capacity change from 0 to 2048
[   37.607492] loop0: detected capacity change from 0 to 2048
[   37.651116] loop0: detected capacity change from 0 to 2048
[   37.678466] loop0: detected capacity change from 0 to 2048
[   37.718688] loop0: detected capacity change from 0 to 2048
[   37.758678] loop0: detected capacity change from 0 to 2048
[   37.796468] loop0: detected capacity change from 0 to 2048
[   37.822775] loop0: detected capacity change from 0 to 2048
[   37.872311] loop0: detected capacity change from 0 to 2048
[   37.872750] I/O error, dev loop0, sector 0 op 0x0:(READ) flags 0x80700 phys_seg 1 prio class 2
[   37.928467] loop0: detected capacity change from 0 to 2048
[   37.979310] loop0: detected capacity change from 0 to 2048
[   38.031335] loop0: detected capacity change from 0 to 2048
[   38.077196] loop0: detected capacity change from 0 to 2048
[   38.120248] loop0: detected capacity change from 0 to 2048
[   38.169164] loop0: detected capacity change from 0 to 2048
[   38.212682] loop0: detected capacity change from 0 to 2048
[   38.259166] loop0: detected capacity change from 0 to 2048
[   38.288970] loop0: detected capacity change from 0 to 2048
[   38.318039] loop0: detected capacity change from 0 to 2048
[   38.352404] loop0: detected capacity change from 0 to 2048
[   38.385060] loop0: detected capacity change from 0 to 2048
[   38.418012] loop0: detected capacity change from 0 to 2048
[   38.418457] I/O error, dev loop0, sector 0 op 0x0:(READ) flags 0x80700 phys_seg 1 prio class 2
[   38.446006] loop0: detected capacity change from 0 to 2048
[   38.477424] loop0: detected capacity change from 0 to 2048
[   38.517189] loop0: detected capacity change from 0 to 2048
[   38.561650] loop0: detected capacity change from 0 to 2048
[   38.603059] loop0: detected capacity change from 0 to 2048
[   38.643065] loop0: detected capacity change from 0 to 2048
[   38.679139] loop0: detected capacity change from 0 to 2048
[   38.714777] loop0: detected capacity change from 0 to 2048
[   38.750234] loop0: detected capacity change from 0 to 2048
[   38.810490] loop0: detected capacity change from 0 to 2048
[   38.842451] loop0: detected capacity change from 0 to 2048
[   38.911389] loop0: detected capacity change from 0 to 2048
[   38.967808] loop0: detected capacity change from 0 to 2048
[   39.017644] loop0: detected capacity change from 0 to 2048
[   39.044750] loop0: detected capacity change from 0 to 2048
[   39.100427] loop0: detected capacity change from 0 to 2048
[   39.150843] loop0: detected capacity change from 0 to 2048
[   39.194958] loop0: detected capacity change from 0 to 2048
[   39.225958] loop0: detected capacity change from 0 to 2048
[   39.265373] loop0: detected capacity change from 0 to 2048
[   39.312126] loop0: detected capacity change from 0 to 2048
[   39.358653] loop0: detected capacity change from 0 to 2048
[   39.414506] loop0: detected capacity change from 0 to 2048
[   39.466800] loop0: detected capacity change from 0 to 2048
[   39.514523] loop0: detected capacity change from 0 to 2048
[   39.571110] loop0: detected capacity change from 0 to 2048
[   39.606577] loop0: detected capacity change from 0 to 2048
[   39.658967] loop0: detected capacity change from 0 to 2048
[   39.684828] loop0: detected capacity change from 0 to 2048
[   39.723747] loop0: detected capacity change from 0 to 2048
[   39.724408] I/O error, dev loop0, sector 0 op 0x0:(READ) flags 0x80700 phys_seg 1 prio class 2
[   39.764425] loop0: detected capacity change from 0 to 2048
[   39.827684] loop0: detected capacity change from 0 to 2048
[   39.855864] loop0: detected capacity change from 0 to 2048
[   39.924136] loop0: detected capacity change from 0 to 2048
[   39.980096] loop0: detected capacity change from 0 to 2048
[   40.027143] loop0: detected capacity change from 0 to 2048
[   40.033605] EXT4-fs mount: 579 callbacks suppressed
[   40.033620] EXT4-fs (loop0): mounted filesystem 00000000-0000-0000-0000-000000000000 r/w without journal. Quota mode: none.
[   40.041985] EXT4-fs (loop0): unmounting filesystem 00000000-0000-0000-0000-000000000000.
[   40.064636] loop0: detected capacity change from 0 to 2048
[   40.072956] EXT4-fs (loop0): mounted filesystem 00000000-0000-0000-0000-000000000000 r/w without journal. Quota mode: none.
[   40.086040] EXT4-fs (loop0): unmounting filesystem 00000000-0000-0000-0000-000000000000.
[   40.109660] loop0: detected capacity change from 0 to 2048
[   40.117669] EXT4-fs (loop0): mounted filesystem 00000000-0000-0000-0000-000000000000 r/w without journal. Quota mode: none.
[   40.126871] EXT4-fs (loop0): unmounting filesystem 00000000-0000-0000-0000-000000000000.
[   40.163982] loop0: detected capacity change from 0 to 2048
[   40.169163] EXT4-fs (loop0): mounted filesystem 00000000-0000-0000-0000-000000000000 r/w without journal. Quota mode: none.
[   40.177387] EXT4-fs (loop0): unmounting filesystem 00000000-0000-0000-0000-000000000000.
[   40.216462] loop0: detected capacity change from 0 to 2048
[   40.221868] EXT4-fs (loop0): mounted filesystem 00000000-0000-0000-0000-000000000000 r/w without journal. Quota mode: none.
[   40.229475] EXT4-fs (loop0): unmounting filesystem 00000000-0000-0000-0000-000000000000.
[   40.262622] loop0: detected capacity change from 0 to 2048
[   40.269093] EXT4-fs (loop0): mounted filesystem 00000000-0000-0000-0000-000000000000 r/w without journal. Quota mode: none.
[   40.277246] EXT4-fs (loop0): unmounting filesystem 00000000-0000-0000-0000-000000000000.
[   40.314833] loop0: detected capacity change from 0 to 2048
[   40.320928] EXT4-fs (loop0): mounted filesystem 00000000-0000-0000-0000-000000000000 r/w without journal. Quota mode: none.
[   40.328093] EXT4-fs (loop0): unmounting filesystem 00000000-0000-0000-0000-000000000000.
[   40.344860] loop0: detected capacity change from 0 to 2048
[   40.358840] EXT4-fs (loop0): mounted filesystem 00000000-0000-0000-0000-000000000000 r/w without journal. Quota mode: none.
[   40.368711] EXT4-fs (loop0): unmounting filesystem 00000000-0000-0000-0000-000000000000.
[   40.393218] loop0: detected capacity change from 0 to 2048
[   40.400764] EXT4-fs (loop0): mounted filesystem 00000000-0000-0000-0000-000000000000 r/w without journal. Quota mode: none.
[   40.414896] EXT4-fs (loop0): unmounting filesystem 00000000-0000-0000-0000-000000000000.
[   40.450282] loop0: detected capacity change from 0 to 2048
[   40.461440] EXT4-fs (loop0): mounted filesystem 00000000-0000-0000-0000-000000000000 r/w without journal. Quota mode: none.
[   40.469969] EXT4-fs (loop0): unmounting filesystem 00000000-0000-0000-0000-000000000000.
[   40.507233] loop0: detected capacity change from 0 to 2048
[   40.513410] EXT4-fs (loop0): mounted filesystem 00000000-0000-0000-0000-000000000000 r/w without journal. Quota mode: none.
[   40.523751] EXT4-fs (loop0): unmounting filesystem 00000000-0000-0000-0000-000000000000.
[   40.562360] loop0: detected capacity change from 0 to 2048
[   40.569407] EXT4-fs (loop0): mounted filesystem 00000000-0000-0000-0000-000000000000 r/w without journal. Quota mode: none.
[   40.586003] EXT4-fs (loop0): unmounting filesystem 00000000-0000-0000-0000-000000000000.
[   40.608337] loop0: detected capacity change from 0 to 2048
[   40.618802] EXT4-fs (loop0): mounted filesystem 00000000-0000-0000-0000-000000000000 r/w without journal. Quota mode: none.
[   40.627672] EXT4-fs (loop0): unmounting filesystem 00000000-0000-0000-0000-000000000000.
[   40.650816] loop0: detected capacity change from 0 to 2048
[   40.661153] EXT4-fs (loop0): mounted filesystem 00000000-0000-0000-0000-000000000000 r/w without journal. Quota mode: none.
[   40.668406] EXT4-fs (loop0): unmounting filesystem 00000000-0000-0000-0000-000000000000.
[   40.685187] loop0: detected capacity change from 0 to 2048
[   40.700437] EXT4-fs (loop0): mounted filesystem 00000000-0000-0000-0000-000000000000 r/w without journal. Quota mode: none.
[   40.714532] EXT4-fs (loop0): unmounting filesystem 00000000-0000-0000-0000-000000000000.
[   40.744964] loop0: detected capacity change from 0 to 2048
[   40.748948] EXT4-fs (loop0): mounted filesystem 00000000-0000-0000-0000-000000000000 r/w without journal. Quota mode: none.
[   40.754700] EXT4-fs (loop0): unmounting filesystem 00000000-0000-0000-0000-000000000000.
[   40.772068] loop0: detected capacity change from 0 to 2048
[   40.776809] EXT4-fs (loop0): mounted filesystem 00000000-0000-0000-0000-000000000000 r/w without journal. Quota mode: none.
[   40.793654] EXT4-fs (loop0): unmounting filesystem 00000000-0000-0000-0000-000000000000.
[   40.809460] loop0: detected capacity change from 0 to 2048
[   40.812942] EXT4-fs (loop0): mounted filesystem 00000000-0000-0000-0000-000000000000 r/w without journal. Quota mode: none.
[   40.819278] EXT4-fs (loop0): unmounting filesystem 00000000-0000-0000-0000-000000000000.
[   40.832728] loop0: detected capacity change from 0 to 2048
[   40.844864] EXT4-fs (loop0): mounted filesystem 00000000-0000-0000-0000-000000000000 r/w without journal. Quota mode: none.
[   40.861434] EXT4-fs (loop0): unmounting filesystem 00000000-0000-0000-0000-000000000000.
[   40.892547] loop0: detected capacity change from 0 to 2048
[   40.897511] EXT4-fs (loop0): mounted filesystem 00000000-0000-0000-0000-000000000000 r/w without journal. Quota mode: none.
[   40.908547] EXT4-fs (loop0): unmounting filesystem 00000000-0000-0000-0000-000000000000.
[   40.939728] loop0: detected capacity change from 0 to 2048
[   40.944891] EXT4-fs (loop0): mounted filesystem 00000000-0000-0000-0000-000000000000 r/w without journal. Quota mode: none.
[   40.957726] EXT4-fs (loop0): unmounting filesystem 00000000-0000-0000-0000-000000000000.
[   40.993118] loop0: detected capacity change from 0 to 2048
[   40.997545] EXT4-fs (loop0): mounted filesystem 00000000-0000-0000-0000-000000000000 r/w without journal. Quota mode: none.
[   41.006263] EXT4-fs (loop0): unmounting filesystem 00000000-0000-0000-0000-000000000000.
[   41.041461] loop0: detected capacity change from 0 to 2048
[   41.054017] EXT4-fs (loop0): mounted filesystem 00000000-0000-0000-0000-000000000000 r/w without journal. Quota mode: none.
[   41.062325] EXT4-fs (loop0): unmounting filesystem 00000000-0000-0000-0000-000000000000.
[   41.101742] loop0: detected capacity change from 0 to 2048
[   41.109083] EXT4-fs (loop0): mounted filesystem 00000000-0000-0000-0000-000000000000 r/w without journal. Quota mode: none.
[   41.118632] EXT4-fs (loop0): unmounting filesystem 00000000-0000-0000-0000-000000000000.
[   41.144268] loop0: detected capacity change from 0 to 2048
[   41.153448] EXT4-fs (loop0): mounted filesystem 00000000-0000-0000-0000-000000000000 r/w without journal. Quota mode: none.
[   41.163560] EXT4-fs (loop0): unmounting filesystem 00000000-0000-0000-0000-000000000000.
[   41.205838] loop0: detected capacity change from 0 to 2048
[   41.213218] EXT4-fs (loop0): mounted filesystem 00000000-0000-0000-0000-000000000000 r/w without journal. Quota mode: none.
[   41.220443] EXT4-fs (loop0): unmounting filesystem 00000000-0000-0000-0000-000000000000.
[   41.253895] loop0: detected capacity change from 0 to 2048
[   41.261573] EXT4-fs (loop0): mounted filesystem 00000000-0000-0000-0000-000000000000 r/w without journal. Quota mode: none.
[   41.269680] EXT4-fs (loop0): unmounting filesystem 00000000-0000-0000-0000-000000000000.
[   41.296088] loop0: detected capacity change from 0 to 2048
[   41.301458] EXT4-fs (loop0): mounted filesystem 00000000-0000-0000-0000-000000000000 r/w without journal. Quota mode: none.
[   41.310736] EXT4-fs (loop0): unmounting filesystem 00000000-0000-0000-0000-000000000000.
[   41.346784] loop0: detected capacity change from 0 to 2048
[   41.352938] EXT4-fs (loop0): mounted filesystem 00000000-0000-0000-0000-000000000000 r/w without journal. Quota mode: none.
[   41.361487] EXT4-fs (loop0): unmounting filesystem 00000000-0000-0000-0000-000000000000.
[   41.394217] loop0: detected capacity change from 0 to 2048
[   41.401845] EXT4-fs (loop0): mounted filesystem 00000000-0000-0000-0000-000000000000 r/w without journal. Quota mode: none.
[   41.411202] EXT4-fs (loop0): unmounting filesystem 00000000-0000-0000-0000-000000000000.
[   41.434772] loop0: detected capacity change from 0 to 2048
[   41.445027] EXT4-fs (loop0): mounted filesystem 00000000-0000-0000-0000-000000000000 r/w without journal. Quota mode: none.
[   41.450422] EXT4-fs (loop0): unmounting filesystem 00000000-0000-0000-0000-000000000000.
[   41.472916] loop0: detected capacity change from 0 to 2048
[   41.485649] EXT4-fs (loop0): mounted filesystem 00000000-0000-0000-0000-000000000000 r/w without journal. Quota mode: none.
[   41.495367] EXT4-fs (loop0): unmounting filesystem 00000000-0000-0000-0000-000000000000.
[   41.522367] loop0: detected capacity change from 0 to 2048
[   41.561392] loop0: detected capacity change from 0 to 2048
[   41.598411] loop0: detected capacity change from 0 to 2048
[   41.634097] loop0: detected capacity change from 0 to 2048
[   41.670755] loop0: detected capacity change from 0 to 2048
[   41.717623] loop0: detected capacity change from 0 to 2048
[   41.741464] loop0: detected capacity change from 0 to 2048
[   41.785409] loop0: detected capacity change from 0 to 2048
[   41.805475] loop0: detected capacity change from 0 to 2048
[   41.854765] loop0: detected capacity change from 0 to 2048
[   41.892775] loop0: detected capacity change from 0 to 2048
[   41.922771] loop0: detected capacity change from 0 to 2048
[   41.957497] loop0: detected capacity change from 0 to 2048
[   42.000745] loop0: detected capacity change from 0 to 2048
[   42.047098] loop0: detected capacity change from 0 to 2048
[   42.087972] loop0: detected capacity change from 0 to 2048
[   42.112081] loop0: detected capacity change from 0 to 2048
[   42.174853] loop0: detected capacity change from 0 to 2048
[   42.204329] loop0: detected capacity change from 0 to 2048
[   42.236674] loop0: detected capacity change from 0 to 2048
[   42.275904] loop0: detected capacity change from 0 to 2048
[   42.318127] loop0: detected capacity change from 0 to 2048
[   42.352465] loop0: detected capacity change from 0 to 2048
[   42.383889] loop0: detected capacity change from 0 to 2048
[   42.412042] loop0: detected capacity change from 0 to 2048
[   42.412575] I/O error, dev loop0, sector 0 op 0x0:(READ) flags 0x80700 phys_seg 1 prio class 2
[   42.439559] loop0: detected capacity change from 0 to 2048
[   42.465650] loop0: detected capacity change from 0 to 2048
[   42.491772] loop0: detected capacity change from 0 to 2048
[   42.547054] loop0: detected capacity change from 0 to 2048
[   42.586681] loop0: detected capacity change from 0 to 2048
[   42.609441] loop0: detected capacity change from 0 to 2048
[   42.645600] loop0: detected capacity change from 0 to 2048
[   42.668969] loop0: detected capacity change from 0 to 2048
[   42.720794] loop0: detected capacity change from 0 to 2048
[   42.746722] loop0: detected capacity change from 0 to 2048
[   42.771039] loop0: detected capacity change from 0 to 2048
[   42.794096] loop0: detected capacity change from 0 to 2048
[   42.830771] loop0: detected capacity change from 0 to 2048
[   42.868729] loop0: detected capacity change from 0 to 2048
[   42.907537] loop0: detected capacity change from 0 to 2048
[   42.957372] loop0: detected capacity change from 0 to 2048
[   43.001370] loop0: detected capacity change from 0 to 2048
[   43.042265] loop0: detected capacity change from 0 to 2048
[   43.042570] I/O error, dev loop0, sector 0 op 0x0:(READ) flags 0x80700 phys_seg 1 prio class 2
[   43.086336] loop0: detected capacity change from 0 to 2048
[   43.124539] loop0: detected capacity change from 0 to 2048
[   43.149150] loop0: detected capacity change from 0 to 2048
[   43.186137] loop0: detected capacity change from 0 to 2048
[   43.218709] loop0: detected capacity change from 0 to 2048
[   43.246584] loop0: detected capacity change from 0 to 2048
[   43.275147] loop0: detected capacity change from 0 to 2048
[   43.305883] loop0: detected capacity change from 0 to 2048
[   43.336888] loop0: detected capacity change from 0 to 2048
[   43.362045] loop0: detected capacity change from 0 to 2048
[   43.407764] loop0: detected capacity change from 0 to 2048
[   43.430290] loop0: detected capacity change from 0 to 2048
[   43.474187] loop0: detected capacity change from 0 to 2048
[   43.502878] loop0: detected capacity change from 0 to 2048
[   43.538395] loop0: detected capacity change from 0 to 2048
[   43.573988] loop0: detected capacity change from 0 to 2048
[   43.618044] loop0: detected capacity change from 0 to 2048
[   43.651335] loop0: detected capacity change from 0 to 2048
[   43.693905] loop0: detected capacity change from 0 to 2048
[   43.729997] loop0: detected capacity change from 0 to 2048
[   43.765976] loop0: detected capacity change from 0 to 2048
[   43.807809] loop0: detected capacity change from 0 to 2048
[   43.848166] loop0: detected capacity change from 0 to 2048
[   43.908671] loop0: detected capacity change from 0 to 2048
[   43.961076] loop0: detected capacity change from 0 to 2048
[   44.007313] loop0: detected capacity change from 0 to 2048
[   44.040675] loop0: detected capacity change from 0 to 2048
[   44.065592] loop0: detected capacity change from 0 to 2048
[   44.097876] loop0: detected capacity change from 0 to 2048
[   44.120542] loop0: detected capacity change from 0 to 2048
[   44.120862] I/O error, dev loop0, sector 0 op 0x0:(READ) flags 0x80700 phys_seg 1 prio class 2
[   44.159902] loop0: detected capacity change from 0 to 2048
[   44.186066] loop0: detected capacity change from 0 to 2048
[   44.223730] loop0: detected capacity change from 0 to 2048
[   44.267863] loop0: detected capacity change from 0 to 2048
[   44.288237] loop0: detected capacity change from 0 to 2048
[   44.317635] loop0: detected capacity change from 0 to 2048
[   44.343440] loop0: detected capacity change from 0 to 2048
[   44.385962] loop0: detected capacity change from 0 to 2048
[   44.405603] loop0: detected capacity change from 0 to 2048
[   44.438107] loop0: detected capacity change from 0 to 2048
[   44.469538] loop0: detected capacity change from 0 to 2048
[   44.514664] loop0: detected capacity change from 0 to 2048
[   44.535159] loop0: detected capacity change from 0 to 2048
[   44.567884] loop0: detected capacity change from 0 to 2048
[   44.604250] loop0: detected capacity change from 0 to 2048
[   44.629870] loop0: detected capacity change from 0 to 2048
[   44.662564] loop0: detected capacity change from 0 to 2048
[   44.705870] loop0: detected capacity change from 0 to 2048
[   44.738322] loop0: detected capacity change from 0 to 2048
[   44.774523] loop0: detected capacity change from 0 to 2048
[   44.797567] loop0: detected capacity change from 0 to 2048
[   44.842549] loop0: detected capacity change from 0 to 2048
[   44.887848] loop0: detected capacity change from 0 to 2048
[   44.916545] loop0: detected capacity change from 0 to 2048
[   44.963738] loop0: detected capacity change from 0 to 2048
[   45.006119] loop0: detected capacity change from 0 to 2048
[   45.041701] loop0: detected capacity change from 0 to 2048
[   45.066254] loop0: detected capacity change from 0 to 2048
[   45.094336] loop0: detected capacity change from 0 to 2048
[   45.134903] loop0: detected capacity change from 0 to 2048
[   45.170125] loop0: detected capacity change from 0 to 2048
[   45.196017] loop0: detected capacity change from 0 to 2048
[   45.222529] loop0: detected capacity change from 0 to 2048
[   45.265127] loop0: detected capacity change from 0 to 2048
[   45.284071] loop0: detected capacity change from 0 to 2048
[   45.307062] loop0: detected capacity change from 0 to 2048
[   45.349622] loop0: detected capacity change from 0 to 2048
[   45.375043] loop0: detected capacity change from 0 to 2048
[   45.406224] loop0: detected capacity change from 0 to 2048
[   45.438600] loop0: detected capacity change from 0 to 2048
[   45.476036] loop0: detected capacity change from 0 to 2048
[   45.510362] loop0: detected capacity change from 0 to 2048
[   45.548015] loop0: detected capacity change from 0 to 2048
[   45.588863] loop0: detected capacity change from 0 to 2048
[   45.638071] loop0: detected capacity change from 0 to 2048
[   45.675539] loop0: detected capacity change from 0 to 2048
[   45.717468] loop0: detected capacity change from 0 to 2048
[   45.752692] loop0: detected capacity change from 0 to 2048
[   45.794446] loop0: detected capacity change from 0 to 2048
[   45.825438] loop0: detected capacity change from 0 to 2048
[   45.855375] loop0: detected capacity change from 0 to 2048
[   45.903079] loop0: detected capacity change from 0 to 2048
[   45.963865] loop0: detected capacity change from 0 to 2048
[   46.003004] loop0: detected capacity change from 0 to 2048
[   46.027254] loop0: detected capacity change from 0 to 2048
[   46.056576] I/O error, dev loop0, sector 24 op 0x0:(READ) flags 0x80700 phys_seg 1 prio class 2
[   46.065165] loop0: detected capacity change from 0 to 2048
[   46.094095] loop0: detected capacity change from 0 to 2048
[   46.134087] loop0: detected capacity change from 0 to 2048
[   46.158665] loop0: detected capacity change from 0 to 2048
[   46.186896] loop0: detected capacity change from 0 to 2048
[   46.218254] loop0: detected capacity change from 0 to 2048
[   46.244757] loop0: detected capacity change from 0 to 2048
[   46.272485] loop0: detected capacity change from 0 to 2048
[   46.305483] loop0: detected capacity change from 0 to 2048
[   46.341523] loop0: detected capacity change from 0 to 2048
[   46.383081] loop0: detected capacity change from 0 to 2048
[   46.401258] loop0: detected capacity change from 0 to 2048
[   46.429479] loop0: detected capacity change from 0 to 2048
[   46.460982] loop0: detected capacity change from 0 to 2048
[   46.520268] loop0: detected capacity change from 0 to 2048
[   46.561190] loop0: detected capacity change from 0 to 2048
[   46.594546] loop0: detected capacity change from 0 to 2048
[   46.624619] loop0: detected capacity change from 0 to 2048
[   46.661991] loop0: detected capacity change from 0 to 2048
[   46.710866] loop0: detected capacity change from 0 to 2048
[   46.731107] loop0: detected capacity change from 0 to 2048
[   46.760153] loop0: detected capacity change from 0 to 2048
[   46.782030] loop0: detected capacity change from 0 to 2048
[   46.811997] loop0: detected capacity change from 0 to 2048
[   46.843190] loop0: detected capacity change from 0 to 2048
[   46.873836] loop0: detected capacity change from 0 to 2048
[   46.924349] loop0: detected capacity change from 0 to 2048
[   46.953040] loop0: detected capacity change from 0 to 2048
[   46.984342] loop0: detected capacity change from 0 to 2048
[   47.020844] loop0: detected capacity change from 0 to 2048
[   47.051421] loop0: detected capacity change from 0 to 2048
[   47.083937] loop0: detected capacity change from 0 to 2048
[   47.105002] loop0: detected capacity change from 0 to 2048
[   47.126681] loop0: detected capacity change from 0 to 2048
[   47.153469] loop0: detected capacity change from 0 to 2048
[   47.177566] loop0: detected capacity change from 0 to 2048
[   47.201691] loop0: detected capacity change from 0 to 2048
[   47.225968] loop0: detected capacity change from 0 to 2048
[   47.254049] loop0: detected capacity change from 0 to 2048
[   47.285865] loop0: detected capacity change from 0 to 2048
[   47.341874] loop0: detected capacity change from 0 to 2048
[   47.372018] loop0: detected capacity change from 0 to 2048
[   47.406000] loop0: detected capacity change from 0 to 2048
[   47.442690] loop0: detected capacity change from 0 to 2048
[   47.472071] loop0: detected capacity change from 0 to 2048
[   47.499863] loop0: detected capacity change from 0 to 2048
[   47.526628] loop0: detected capacity change from 0 to 2048
[   47.555315] loop0: detected capacity change from 0 to 2048
[   47.582889] loop0: detected capacity change from 0 to 2048
[   47.610661] loop0: detected capacity change from 0 to 2048
[   47.634360] loop0: detected capacity change from 0 to 2048
[   47.660354] loop0: detected capacity change from 0 to 2048
[   47.690312] loop0: detected capacity change from 0 to 2048
[   47.719049] loop0: detected capacity change from 0 to 2048
[   47.746772] loop0: detected capacity change from 0 to 2048
[   47.790438] loop0: detected capacity change from 0 to 2048
[   47.813014] loop0: detected capacity change from 0 to 2048
[   47.844759] loop0: detected capacity change from 0 to 2048
[   47.885240] loop0: detected capacity change from 0 to 2048
[   47.927032] loop0: detected capacity change from 0 to 2048
[   47.977307] loop0: detected capacity change from 0 to 2048
[   48.014331] loop0: detected capacity change from 0 to 2048
[   48.058468] loop0: detected capacity change from 0 to 2048
[   48.114675] loop0: detected capacity change from 0 to 2048
[   48.149105] loop0: detected capacity change from 0 to 2048
[   48.178527] loop0: detected capacity change from 0 to 2048
[   48.213057] loop0: detected capacity change from 0 to 2048
[   48.250053] loop0: detected capacity change from 0 to 2048
[   48.289227] loop0: detected capacity change from 0 to 2048
[   48.326056] loop0: detected capacity change from 0 to 2048
[   48.356156] loop0: detected capacity change from 0 to 2048
[   48.386239] loop0: detected capacity change from 0 to 2048
[   48.414672] loop0: detected capacity change from 0 to 2048
[   48.442486] loop0: detected capacity change from 0 to 2048
[   48.473976] loop0: detected capacity change from 0 to 2048
[   48.502568] loop0: detected capacity change from 0 to 2048
[   48.537558] loop0: detected capacity change from 0 to 2048
[   48.578996] loop0: detected capacity change from 0 to 2048
[   48.614436] loop0: detected capacity change from 0 to 2048
[   48.643176] loop0: detected capacity change from 0 to 2048
[   48.676283] loop0: detected capacity change from 0 to 2048
[   48.719090] loop0: detected capacity change from 0 to 2048
[   48.741915] loop0: detected capacity change from 0 to 2048
[   48.773968] loop0: detected capacity change from 0 to 2048
[   48.805373] loop0: detected capacity change from 0 to 2048
[   48.850020] loop0: detected capacity change from 0 to 2048
[   48.894760] loop0: detected capacity change from 0 to 2048
[   48.929285] loop0: detected capacity change from 0 to 2048
[   48.964517] loop0: detected capacity change from 0 to 2048
[   49.013204] loop0: detected capacity change from 0 to 2048
[   49.046021] loop0: detected capacity change from 0 to 2048
[   49.078852] loop0: detected capacity change from 0 to 2048
[   49.127971] loop0: detected capacity change from 0 to 2048
[   49.170563] loop0: detected capacity change from 0 to 2048
[   49.206965] loop0: detected capacity change from 0 to 2048
[   49.232050] loop0: detected capacity change from 0 to 2048
[   49.256352] loop0: detected capacity change from 0 to 2048
[   49.287780] loop0: detected capacity change from 0 to 2048
[   49.327124] loop0: detected capacity change from 0 to 2048
[   49.367153] loop0: detected capacity change from 0 to 2048
[   49.393189] loop0: detected capacity change from 0 to 2048
[   49.437639] loop0: detected capacity change from 0 to 2048
[   49.481936] loop0: detected capacity change from 0 to 2048
[   49.509717] loop0: detected capacity change from 0 to 2048
[   49.533124] loop0: detected capacity change from 0 to 2048
[   49.557870] loop0: detected capacity change from 0 to 2048
[   49.601590] loop0: detected capacity change from 0 to 2048
[   49.638121] loop0: detected capacity change from 0 to 2048
[   49.677939] loop0: detected capacity change from 0 to 2048
[   49.709986] loop0: detected capacity change from 0 to 2048
[   49.758574] loop0: detected capacity change from 0 to 2048
[   49.802451] loop0: detected capacity change from 0 to 2048
[   49.843952] loop0: detected capacity change from 0 to 2048
[   49.868450] loop0: detected capacity change from 0 to 2048
[   49.922432] loop0: detected capacity change from 0 to 2048
[   49.971833] loop0: detected capacity change from 0 to 2048
[   50.001223] loop0: detected capacity change from 0 to 2048
[   50.035631] loop0: detected capacity change from 0 to 2048
[   50.060397] loop0: detected capacity change from 0 to 2048
[   50.088967] loop0: detected capacity change from 0 to 2048
[   50.111069] loop0: detected capacity change from 0 to 2048
[   50.142254] loop0: detected capacity change from 0 to 2048
[   50.170768] loop0: detected capacity change from 0 to 2048
[   50.197573] loop0: detected capacity change from 0 to 2048
[   50.247713] loop0: detected capacity change from 0 to 2048
[   50.283538] loop0: detected capacity change from 0 to 2048
[   50.305429] loop0: detected capacity change from 0 to 2048
[   50.334007] loop0: detected capacity change from 0 to 2048
[   50.374040] loop0: detected capacity change from 0 to 2048
[   50.395027] loop0: detected capacity change from 0 to 2048
[   50.434019] loop0: detected capacity change from 0 to 2048
[   50.459649] loop0: detected capacity change from 0 to 2048
[   50.504703] loop0: detected capacity change from 0 to 2048
[   50.538124] loop0: detected capacity change from 0 to 2048
[   50.581843] loop0: detected capacity change from 0 to 2048
[   50.599826] loop0: detected capacity change from 0 to 2048
[   50.648591] loop0: detected capacity change from 0 to 2048
[   50.686906] loop0: detected capacity change from 0 to 2048
[   50.711222] loop0: detected capacity change from 0 to 2048
[   50.747021] loop0: detected capacity change from 0 to 2048
[   50.798229] loop0: detected capacity change from 0 to 2048
[   50.825690] loop0: detected capacity change from 0 to 2048
[   50.878297] loop0: detected capacity change from 0 to 2048
[   50.917064] loop0: detected capacity change from 0 to 2048
[   50.976370] loop0: detected capacity change from 0 to 2048
[   51.017902] loop0: detected capacity change from 0 to 2048
[   51.061778] loop0: detected capacity change from 0 to 2048
[   51.084962] loop0: detected capacity change from 0 to 2048
[   51.109716] loop0: detected capacity change from 0 to 2048
[   51.149695] loop0: detected capacity change from 0 to 2048
[   51.191070] loop0: detected capacity change from 0 to 2048
[   51.215210] loop0: detected capacity change from 0 to 2048
[   51.240923] loop0: detected capacity change from 0 to 2048
[   51.266315] loop0: detected capacity change from 0 to 2048
[   51.291726] loop0: detected capacity change from 0 to 2048
[   51.314123] loop0: detected capacity change from 0 to 2048
[   51.314500] I/O error, dev loop0, sector 0 op 0x0:(READ) flags 0x80700 phys_seg 1 prio class 2
[   51.342689] loop0: detected capacity change from 0 to 2048
[   51.372166] loop0: detected capacity change from 0 to 2048
[   51.400528] loop0: detected capacity change from 0 to 2048
[   51.431120] loop0: detected capacity change from 0 to 2048
[   51.461201] loop0: detected capacity change from 0 to 2048
[   51.485930] loop0: detected capacity change from 0 to 2048
[   51.517500] loop0: detected capacity change from 0 to 2048
[   51.542649] loop0: detected capacity change from 0 to 2048
[   51.569999] loop0: detected capacity change from 0 to 2048
[   51.605619] loop0: detected capacity change from 0 to 2048
[   51.637027] loop0: detected capacity change from 0 to 2048
[   51.689398] loop0: detected capacity change from 0 to 2048
[   51.732357] loop0: detected capacity change from 0 to 2048
[   51.768656] loop0: detected capacity change from 0 to 2048
[   51.807137] loop0: detected capacity change from 0 to 2048
[   51.850498] loop0: detected capacity change from 0 to 2048
[   51.893971] loop0: detected capacity change from 0 to 2048
[   51.940001] loop0: detected capacity change from 0 to 2048
[   51.969132] loop0: detected capacity change from 0 to 2048
[   52.006895] loop0: detected capacity change from 0 to 2048
[   52.034827] loop0: detected capacity change from 0 to 2048
[   52.035332] I/O error, dev loop0, sector 0 op 0x0:(READ) flags 0x80700 phys_seg 1 prio class 2
[   52.060844] loop0: detected capacity change from 0 to 2048
[   52.098797] loop0: detected capacity change from 0 to 2048
[   52.121633] loop0: detected capacity change from 0 to 2048
[   52.167483] loop0: detected capacity change from 0 to 2048
[   52.203896] loop0: detected capacity change from 0 to 2048
[   52.243025] loop0: detected capacity change from 0 to 2048
[   52.276902] loop0: detected capacity change from 0 to 2048
[   52.321222] loop0: detected capacity change from 0 to 2048
[   52.360809] loop0: detected capacity change from 0 to 2048
[   52.404350] loop0: detected capacity change from 0 to 2048
[   52.429281] loop0: detected capacity change from 0 to 2048
[   52.470063] loop0: detected capacity change from 0 to 2048
[   52.502820] loop0: detected capacity change from 0 to 2048
[   52.555148] loop0: detected capacity change from 0 to 2048
[   52.577898] loop0: detected capacity change from 0 to 2048
[   52.633860] loop0: detected capacity change from 0 to 2048
[   52.679619] loop0: detected capacity change from 0 to 2048
[   52.699161] loop0: detected capacity change from 0 to 2048
[   52.734456] loop0: detected capacity change from 0 to 2048
[   52.779170] loop0: detected capacity change from 0 to 2048
[   52.800737] loop0: detected capacity change from 0 to 2048
[   52.830979] loop0: detected capacity change from 0 to 2048
[   52.879010] loop0: detected capacity change from 0 to 2048
[   52.908877] loop0: detected capacity change from 0 to 2048
[   52.945967] loop0: detected capacity change from 0 to 2048
[   52.979735] loop0: detected capacity change from 0 to 2048
[   53.011848] loop0: detected capacity change from 0 to 2048
[   53.043072] loop0: detected capacity change from 0 to 2048
[   53.089657] loop0: detected capacity change from 0 to 2048
[   53.128199] loop0: detected capacity change from 0 to 2048
[   53.153575] loop0: detected capacity change from 0 to 2048
[   53.195375] loop0: detected capacity change from 0 to 2048
[   53.227774] loop0: detected capacity change from 0 to 2048
[   53.260754] loop0: detected capacity change from 0 to 2048
[   53.285881] loop0: detected capacity change from 0 to 2048
[   53.343224] loop0: detected capacity change from 0 to 2048
[   53.384809] loop0: detected capacity change from 0 to 2048
[   53.408617] loop0: detected capacity change from 0 to 2048
[   53.453291] loop0: detected capacity change from 0 to 2048
[   53.491263] loop0: detected capacity change from 0 to 2048
[   53.531038] loop0: detected capacity change from 0 to 2048
[   53.567112] loop0: detected capacity change from 0 to 2048
[   53.595042] loop0: detected capacity change from 0 to 2048
[   53.639216] loop0: detected capacity change from 0 to 2048
[   53.664926] loop0: detected capacity change from 0 to 2048
[   53.693859] loop0: detected capacity change from 0 to 2048
[   53.719599] loop0: detected capacity change from 0 to 2048
[   53.758302] loop0: detected capacity change from 0 to 2048
[   53.781171] loop0: detected capacity change from 0 to 2048
[   53.822207] loop0: detected capacity change from 0 to 2048
[   53.843757] loop0: detected capacity change from 0 to 2048
[   53.885136] loop0: detected capacity change from 0 to 2048
[   53.913802] loop0: detected capacity change from 0 to 2048
[   53.958799] loop0: detected capacity change from 0 to 2048
[   53.986492] loop0: detected capacity change from 0 to 2048
[   54.013732] loop0: detected capacity change from 0 to 2048
[   54.052444] loop0: detected capacity change from 0 to 2048
[   54.080801] loop0: detected capacity change from 0 to 2048
[   54.111339] loop0: detected capacity change from 0 to 2048
[   54.154438] loop0: detected capacity change from 0 to 2048
[   54.193724] loop0: detected capacity change from 0 to 2048
[   54.237311] loop0: detected capacity change from 0 to 2048
[   54.271123] loop0: detected capacity change from 0 to 2048
[   54.304991] loop0: detected capacity change from 0 to 2048
[   54.344510] loop0: detected capacity change from 0 to 2048
[   54.396666] loop0: detected capacity change from 0 to 2048
[   54.438697] loop0: detected capacity change from 0 to 2048
[   54.466203] loop0: detected capacity change from 0 to 2048
[   54.509554] loop0: detected capacity change from 0 to 2048
[   54.540373] loop0: detected capacity change from 0 to 2048
[   54.541208] I/O error, dev loop0, sector 0 op 0x0:(READ) flags 0x80700 phys_seg 1 prio class 2
[   54.592096] loop0: detected capacity change from 0 to 2048
[   54.633316] loop0: detected capacity change from 0 to 2048
[   54.658947] loop0: detected capacity change from 0 to 2048
[   54.688833] loop0: detected capacity change from 0 to 2048
[   54.689458] I/O error, dev loop0, sector 0 op 0x0:(READ) flags 0x80700 phys_seg 1 prio class 2
[   54.735349] loop0: detected capacity change from 0 to 2048
[   54.771061] loop0: detected capacity change from 0 to 2048
[   54.814027] loop0: detected capacity change from 0 to 2048
[   54.856407] loop0: detected capacity change from 0 to 2048
[   54.884379] loop0: detected capacity change from 0 to 2048
[   54.928573] loop0: detected capacity change from 0 to 2048
[   54.976205] loop0: detected capacity change from 0 to 2048
[   55.006730] loop0: detected capacity change from 0 to 2048
[   55.054041] loop0: detected capacity change from 0 to 2048
[   55.086613] loop0: detected capacity change from 0 to 2048
[   55.114793] loop0: detected capacity change from 0 to 2048
[   55.162720] loop0: detected capacity change from 0 to 2048
[   55.189138] loop0: detected capacity change from 0 to 2048
[   55.189602] I/O error, dev loop0, sector 0 op 0x0:(READ) flags 0x80700 phys_seg 1 prio class 2
[   55.240920] loop0: detected capacity change from 0 to 2048
[   55.279279] loop0: detected capacity change from 0 to 2048
[   55.305220] loop0: detected capacity change from 0 to 2048
[   55.354119] loop0: detected capacity change from 0 to 2048
[   55.390863] loop0: detected capacity change from 0 to 2048
[   55.411318] loop0: detected capacity change from 0 to 2048
[   55.438299] loop0: detected capacity change from 0 to 2048
[   55.473244] loop0: detected capacity change from 0 to 2048
[   55.506737] loop0: detected capacity change from 0 to 2048
[   55.528923] loop0: detected capacity change from 0 to 2048
[   55.571233] loop0: detected capacity change from 0 to 2048
[   55.602672] loop0: detected capacity change from 0 to 2048
[   55.633999] loop0: detected capacity change from 0 to 2048
[   55.666413] loop0: detected capacity change from 0 to 2048
[   55.696598] loop0: detected capacity change from 0 to 2048
[   55.728202] loop0: detected capacity change from 0 to 2048
[   55.773499] loop0: detected capacity change from 0 to 2048
[   55.806510] loop0: detected capacity change from 0 to 2048
[   55.850796] loop0: detected capacity change from 0 to 2048
[   55.875675] loop0: detected capacity change from 0 to 2048
[   55.914987] loop0: detected capacity change from 0 to 2048
[   55.955526] loop0: detected capacity change from 0 to 2048
[   55.984119] loop0: detected capacity change from 0 to 2048
[   56.014793] loop0: detected capacity change from 0 to 2048
[   56.070736] loop0: detected capacity change from 0 to 2048
[   56.116299] loop0: detected capacity change from 0 to 2048
[   56.151825] loop0: detected capacity change from 0 to 2048
[   56.194912] loop0: detected capacity change from 0 to 2048
[   56.213529] loop0: detected capacity change from 0 to 2048
[   56.248247] loop0: detected capacity change from 0 to 2048
[   56.272582] loop0: detected capacity change from 0 to 2048
[   56.307044] loop0: detected capacity change from 0 to 2048
[   56.336457] loop0: detected capacity change from 0 to 2048
[   56.363803] loop0: detected capacity change from 0 to 2048
[   56.396695] loop0: detected capacity change from 0 to 2048
[   56.434416] loop0: detected capacity change from 0 to 2048
[   56.471826] loop0: detected capacity change from 0 to 2048
[   56.507731] loop0: detected capacity change from 0 to 2048
[   56.542279] loop0: detected capacity change from 0 to 2048
[   56.562106] loop0: detected capacity change from 0 to 2048
[   56.562593] I/O error, dev loop0, sector 0 op 0x0:(READ) flags 0x80700 phys_seg 1 prio class 2
[   56.606533] loop0: detected capacity change from 0 to 2048
[   56.650640] loop0: detected capacity change from 0 to 2048
[   56.686903] loop0: detected capacity change from 0 to 2048
[   56.721830] loop0: detected capacity change from 0 to 2048
[   56.740466] loop0: detected capacity change from 0 to 2048
[   56.773062] loop0: detected capacity change from 0 to 2048
[   56.810318] loop0: detected capacity change from 0 to 2048
[   56.852140] loop0: detected capacity change from 0 to 2048
[   56.907106] loop0: detected capacity change from 0 to 2048
[   56.963977] loop0: detected capacity change from 0 to 2048
[   57.010825] loop0: detected capacity change from 0 to 2048
[   57.035099] loop0: detected capacity change from 0 to 2048
[   57.082870] loop0: detected capacity change from 0 to 2048
[   57.119814] loop0: detected capacity change from 0 to 2048
[   57.155082] loop0: detected capacity change from 0 to 2048
[   57.177901] loop0: detected capacity change from 0 to 2048
[   57.219082] loop0: detected capacity change from 0 to 2048
[   57.262771] loop0: detected capacity change from 0 to 2048
[   57.290604] loop0: detected capacity change from 0 to 2048
[   57.316408] loop0: detected capacity change from 0 to 2048
[   57.340853] loop0: detected capacity change from 0 to 2048
[   57.369309] loop0: detected capacity change from 0 to 2048
[   57.394851] loop0: detected capacity change from 0 to 2048
[   57.426793] loop0: detected capacity change from 0 to 2048
[   57.457188] loop0: detected capacity change from 0 to 2048
[   57.486304] loop0: detected capacity change from 0 to 2048
[   57.511950] loop0: detected capacity change from 0 to 2048
[   57.542103] loop0: detected capacity change from 0 to 2048
[   57.583106] loop0: detected capacity change from 0 to 2048
[   57.605788] loop0: detected capacity change from 0 to 2048
[   57.638697] loop0: detected capacity change from 0 to 2048
[   57.684532] loop0: detected capacity change from 0 to 2048
[   57.713403] loop0: detected capacity change from 0 to 2048
[   57.746265] loop0: detected capacity change from 0 to 2048
[   57.747045] I/O error, dev loop0, sector 0 op 0x0:(READ) flags 0x80700 phys_seg 1 prio class 2
[   57.792436] loop0: detected capacity change from 0 to 2048
[   57.847347] loop0: detected capacity change from 0 to 2048
[   57.873621] loop0: detected capacity change from 0 to 2048
[   57.929558] loop0: detected capacity change from 0 to 2048
[   57.980422] loop0: detected capacity change from 0 to 2048
[   58.017066] loop0: detected capacity change from 0 to 2048
[   58.061390] loop0: detected capacity change from 0 to 2048
[   58.090265] loop0: detected capacity change from 0 to 2048
[   58.122023] loop0: detected capacity change from 0 to 2048
[   58.158685] loop0: detected capacity change from 0 to 2048
[   58.190794] loop0: detected capacity change from 0 to 2048
[   58.243043] loop0: detected capacity change from 0 to 2048
[   58.290769] loop0: detected capacity change from 0 to 2048
[   58.345461] loop0: detected capacity change from 0 to 2048
[   58.393886] loop0: detected capacity change from 0 to 2048
[   58.426009] loop0: detected capacity change from 0 to 2048
[   58.463988] loop0: detected capacity change from 0 to 2048
[   58.494601] loop0: detected capacity change from 0 to 2048
[   58.530653] loop0: detected capacity change from 0 to 2048
[   58.573169] loop0: detected capacity change from 0 to 2048
[   58.627637] loop0: detected capacity change from 0 to 2048
[   58.651069] loop0: detected capacity change from 0 to 2048
[   58.688097] loop0: detected capacity change from 0 to 2048
[   58.734441] loop0: detected capacity change from 0 to 2048
[   58.758518] loop0: detected capacity change from 0 to 2048
[   58.800865] loop0: detected capacity change from 0 to 2048
[   58.830871] loop0: detected capacity change from 0 to 2048
[   58.866268] loop0: detected capacity change from 0 to 2048
[   58.933694] loop0: detected capacity change from 0 to 2048
[   58.989580] loop0: detected capacity change from 0 to 2048
[   59.033341] loop0: detected capacity change from 0 to 2048
[   59.055458] loop0: detected capacity change from 0 to 2048
[   59.082562] loop0: detected capacity change from 0 to 2048
[   59.118088] loop0: detected capacity change from 0 to 2048
[   59.152199] loop0: detected capacity change from 0 to 2048
[   59.193207] loop0: detected capacity change from 0 to 2048
[   59.228766] loop0: detected capacity change from 0 to 2048
[   59.261697] loop0: detected capacity change from 0 to 2048
[   59.297089] loop0: detected capacity change from 0 to 2048
[   59.328776] loop0: detected capacity change from 0 to 2048
[   59.358645] loop0: detected capacity change from 0 to 2048
[   59.388362] loop0: detected capacity change from 0 to 2048
[   59.425608] loop0: detected capacity change from 0 to 2048
[   59.456962] loop0: detected capacity change from 0 to 2048
[   59.493279] loop0: detected capacity change from 0 to 2048
[   59.521004] loop0: detected capacity change from 0 to 2048
[   59.561066] loop0: detected capacity change from 0 to 2048
[   59.608315] loop0: detected capacity change from 0 to 2048
[   59.609384] I/O error, dev loop0, sector 0 op 0x0:(READ) flags 0x80700 phys_seg 1 prio class 2
[   59.644674] loop0: detected capacity change from 0 to 2048
[   59.702591] loop0: detected capacity change from 0 to 2048
[   59.744269] loop0: detected capacity change from 0 to 2048
[   59.775286] loop0: detected capacity change from 0 to 2048
[   59.815794] loop0: detected capacity change from 0 to 2048
[   59.843073] loop0: detected capacity change from 0 to 2048
[   59.877125] loop0: detected capacity change from 0 to 2048
[   59.912458] loop0: detected capacity change from 0 to 2048
[   59.963013] loop0: detected capacity change from 0 to 2048
[   59.989256] loop0: detected capacity change from 0 to 2048
[   60.021143] loop0: detected capacity change from 0 to 2048
[   60.049663] loop0: detected capacity change from 0 to 2048
[   60.082050] loop0: detected capacity change from 0 to 2048
[   60.109138] loop0: detected capacity change from 0 to 2048
[   60.150999] loop0: detected capacity change from 0 to 2048
[   60.185562] loop0: detected capacity change from 0 to 2048
[   60.214666] loop0: detected capacity change from 0 to 2048
[   60.250413] loop0: detected capacity change from 0 to 2048
[   60.269264] loop0: detected capacity change from 0 to 2048
[   60.320139] loop0: detected capacity change from 0 to 2048
[   60.361030] loop0: detected capacity change from 0 to 2048
[   60.405776] loop0: detected capacity change from 0 to 2048
[   60.437501] loop0: detected capacity change from 0 to 2048
[   60.486317] loop0: detected capacity change from 0 to 2048
[   60.512152] loop0: detected capacity change from 0 to 2048
[   60.568625] loop0: detected capacity change from 0 to 2048
[   60.586995] loop0: detected capacity change from 0 to 2048
[   60.622856] loop0: detected capacity change from 0 to 2048
[   60.656883] loop0: detected capacity change from 0 to 2048
[   60.683881] loop0: detected capacity change from 0 to 2048
[   60.730791] loop0: detected capacity change from 0 to 2048
[   60.760424] loop0: detected capacity change from 0 to 2048
[   60.791928] loop0: detected capacity change from 0 to 2048
[   60.828073] loop0: detected capacity change from 0 to 2048
[   60.852476] loop0: detected capacity change from 0 to 2048
[   60.852926] I/O error, dev loop0, sector 0 op 0x0:(READ) flags 0x80700 phys_seg 1 prio class 2
[   60.902681] loop0: detected capacity change from 0 to 2048
[   60.946315] loop0: detected capacity change from 0 to 2048
[   60.977727] loop0: detected capacity change from 0 to 2048
[   60.999727] loop0: detected capacity change from 0 to 2048
[   61.029054] loop0: detected capacity change from 0 to 2048
[   61.067101] loop0: detected capacity change from 0 to 2048
[   61.087227] loop0: detected capacity change from 0 to 2048
[   61.116220] loop0: detected capacity change from 0 to 2048
[   61.154990] loop0: detected capacity change from 0 to 2048
[   61.180924] loop0: detected capacity change from 0 to 2048
[   61.220012] loop0: detected capacity change from 0 to 2048
[   61.257105] loop0: detected capacity change from 0 to 2048
[   61.289533] loop0: detected capacity change from 0 to 2048
[   61.325820] loop0: detected capacity change from 0 to 2048
[   61.326772] I/O error, dev loop0, sector 0 op 0x0:(READ) flags 0x80700 phys_seg 1 prio class 2
[   61.352412] loop0: detected capacity change from 0 to 2048
[   61.392445] loop0: detected capacity change from 0 to 2048
[   61.418271] loop0: detected capacity change from 0 to 2048
[   61.447546] loop0: detected capacity change from 0 to 2048
[   61.479450] loop0: detected capacity change from 0 to 2048
[   61.532587] loop0: detected capacity change from 0 to 2048
[   61.557744] loop0: detected capacity change from 0 to 2048
[   61.605815] loop0: detected capacity change from 0 to 2048
[   61.649358] loop0: detected capacity change from 0 to 2048
[   61.669533] loop0: detected capacity change from 0 to 2048
[   61.702690] loop0: detected capacity change from 0 to 2048
[   61.729298] loop0: detected capacity change from 0 to 2048
[   61.752815] loop0: detected capacity change from 0 to 2048
[   61.784195] loop0: detected capacity change from 0 to 2048
[   61.826901] loop0: detected capacity change from 0 to 2048
[   61.866873] loop0: detected capacity change from 0 to 2048
[   61.925741] loop0: detected capacity change from 0 to 2048
[   61.955032] loop0: detected capacity change from 0 to 2048
[   61.985815] loop0: detected capacity change from 0 to 2048
[   62.003503] loop0: detected capacity change from 0 to 2048
[   62.056314] loop0: detected capacity change from 0 to 2048
[   62.093001] loop0: detected capacity change from 0 to 2048
[   62.121724] loop0: detected capacity change from 0 to 2048
[   62.176688] loop0: detected capacity change from 0 to 2048
[   62.227481] loop0: detected capacity change from 0 to 2048
[   62.266862] loop0: detected capacity change from 0 to 2048
[   62.302875] loop0: detected capacity change from 0 to 2048
[   62.338815] loop0: detected capacity change from 0 to 2048
[   62.377868] loop0: detected capacity change from 0 to 2048
[   62.400774] loop0: detected capacity change from 0 to 2048
[   62.425066] loop0: detected capacity change from 0 to 2048
[   62.447168] loop0: detected capacity change from 0 to 2048
[   62.472394] loop0: detected capacity change from 0 to 2048
[   62.472883] I/O error, dev loop0, sector 0 op 0x0:(READ) flags 0x80700 phys_seg 1 prio class 2
[   62.495295] loop0: detected capacity change from 0 to 2048
[   62.522255] loop0: detected capacity change from 0 to 2048
[   62.574854] loop0: detected capacity change from 0 to 2048
[   62.611246] loop0: detected capacity change from 0 to 2048
[   62.645628] loop0: detected capacity change from 0 to 2048
[   62.674644] loop0: detected capacity change from 0 to 2048
[   62.694113] loop0: detected capacity change from 0 to 2048
[   62.727085] loop0: detected capacity change from 0 to 2048
[   62.746240] loop0: detected capacity change from 0 to 2048
[   62.788189] loop0: detected capacity change from 0 to 2048
[   62.823215] loop0: detected capacity change from 0 to 2048
[   62.847089] loop0: detected capacity change from 0 to 2048
[   62.880066] loop0: detected capacity change from 0 to 2048
[   62.916962] loop0: detected capacity change from 0 to 2048
[   62.964257] loop0: detected capacity change from 0 to 2048
[   62.998586] loop0: detected capacity change from 0 to 2048
[   62.999139] I/O error, dev loop0, sector 0 op 0x0:(READ) flags 0x80700 phys_seg 1 prio class 2
[   63.048315] loop0: detected capacity change from 0 to 2048
[   63.069568] loop0: detected capacity change from 0 to 2048
[   63.069997] I/O error, dev loop0, sector 0 op 0x0:(READ) flags 0x80700 phys_seg 1 prio class 2
[   63.101480] loop0: detected capacity change from 0 to 2048
[   63.131598] loop0: detected capacity change from 0 to 2048
[   63.165033] loop0: detected capacity change from 0 to 2048
[   63.190329] loop0: detected capacity change from 0 to 2048
[   63.191059] I/O error, dev loop0, sector 0 op 0x0:(READ) flags 0x80700 phys_seg 1 prio class 2
[   63.214903] loop0: detected capacity change from 0 to 2048
[   63.270760] loop0: detected capacity change from 0 to 2048
[   63.303818] loop0: detected capacity change from 0 to 2048
[   63.341951] loop0: detected capacity change from 0 to 2048
[   63.372097] loop0: detected capacity change from 0 to 2048
[   63.403313] loop0: detected capacity change from 0 to 2048
[   63.424673] loop0: detected capacity change from 0 to 2048
[   63.474709] loop0: detected capacity change from 0 to 2048
[   63.514199] loop0: detected capacity change from 0 to 2048
[   63.553125] loop0: detected capacity change from 0 to 2048
[   63.586366] loop0: detected capacity change from 0 to 2048
[   63.607322] loop0: detected capacity change from 0 to 2048
[   63.645815] loop0: detected capacity change from 0 to 2048
[   63.669499] loop0: detected capacity change from 0 to 2048
[   63.713802] loop0: detected capacity change from 0 to 2048
[   63.750285] loop0: detected capacity change from 0 to 2048
[   63.773247] loop0: detected capacity change from 0 to 2048
[   63.805248] loop0: detected capacity change from 0 to 2048
[   63.850270] loop0: detected capacity change from 0 to 2048
[   63.888850] loop0: detected capacity change from 0 to 2048
[   63.944494] loop0: detected capacity change from 0 to 2048
[   63.991211] loop0: detected capacity change from 0 to 2048
[   64.015298] loop0: detected capacity change from 0 to 2048
[   64.044779] loop0: detected capacity change from 0 to 2048
[   64.091110] loop0: detected capacity change from 0 to 2048
[   64.111213] loop0: detected capacity change from 0 to 2048
[   64.155105] loop0: detected capacity change from 0 to 2048
[   64.173149] loop0: detected capacity change from 0 to 2048
[   64.223253] loop0: detected capacity change from 0 to 2048
[   64.263596] loop0: detected capacity change from 0 to 2048
[   64.281136] loop0: detected capacity change from 0 to 2048
[   64.331089] loop0: detected capacity change from 0 to 2048
[   64.367116] loop0: detected capacity change from 0 to 2048
[   64.403763] loop0: detected capacity change from 0 to 2048
[   64.425513] loop0: detected capacity change from 0 to 2048
[   64.450727] loop0: detected capacity change from 0 to 2048
[   64.498698] loop0: detected capacity change from 0 to 2048
[   64.519978] loop0: detected capacity change from 0 to 2048
[   64.567309] loop0: detected capacity change from 0 to 2048
[   64.602700] loop0: detected capacity change from 0 to 2048
[   64.626509] loop0: detected capacity change from 0 to 2048
[   64.661129] loop0: detected capacity change from 0 to 2048
[   64.696527] loop0: detected capacity change from 0 to 2048
[   64.729125] loop0: detected capacity change from 0 to 2048
[   64.765878] loop0: detected capacity change from 0 to 2048
[   64.801085] loop0: detected capacity change from 0 to 2048
[   64.839990] loop0: detected capacity change from 0 to 2048
[   64.889614] loop0: detected capacity change from 0 to 2048
[   64.939272] loop0: detected capacity change from 0 to 2048
[   64.968487] loop0: detected capacity change from 0 to 2048
[   65.002924] loop0: detected capacity change from 0 to 2048
[   65.028935] loop0: detected capacity change from 0 to 2048
[   65.062346] loop0: detected capacity change from 0 to 2048
[   65.081126] loop0: detected capacity change from 0 to 2048
[   65.113775] loop0: detected capacity change from 0 to 2048
[   65.114557] I/O error, dev loop0, sector 0 op 0x0:(READ) flags 0x80700 phys_seg 1 prio class 2
[   65.145538] loop0: detected capacity change from 0 to 2048
[   65.182772] loop0: detected capacity change from 0 to 2048
[   65.203785] loop0: detected capacity change from 0 to 2048
[   65.242917] loop0: detected capacity change from 0 to 2048
[   65.277847] loop0: detected capacity change from 0 to 2048
[   65.310071] loop0: detected capacity change from 0 to 2048
[   65.338850] loop0: detected capacity change from 0 to 2048
[   65.365798] loop0: detected capacity change from 0 to 2048
[   65.391134] loop0: detected capacity change from 0 to 2048
[   65.416468] loop0: detected capacity change from 0 to 2048
[   65.454859] loop0: detected capacity change from 0 to 2048
[   65.503699] loop0: detected capacity change from 0 to 2048
[   65.544536] loop0: detected capacity change from 0 to 2048
[   65.593103] loop0: detected capacity change from 0 to 2048
[   65.638275] loop0: detected capacity change from 0 to 2048
[   65.686149] loop0: detected capacity change from 0 to 2048
[   65.723955] loop0: detected capacity change from 0 to 2048
[   65.772349] loop0: detected capacity change from 0 to 2048
[   65.798662] loop0: detected capacity change from 0 to 2048
[   65.852857] loop0: detected capacity change from 0 to 2048
[   65.878374] loop0: detected capacity change from 0 to 2048
[   65.912979] loop0: detected capacity change from 0 to 2048
[   65.949578] loop0: detected capacity change from 0 to 2048
[   65.977147] loop0: detected capacity change from 0 to 2048
[   66.015067] loop0: detected capacity change from 0 to 2048
[   66.058226] loop0: detected capacity change from 0 to 2048
[   66.080251] loop0: detected capacity change from 0 to 2048
[   66.118005] loop0: detected capacity change from 0 to 2048
[   66.162259] loop0: detected capacity change from 0 to 2048
[   66.206499] loop0: detected capacity change from 0 to 2048
[   66.258926] loop0: detected capacity change from 0 to 2048
[   66.284584] loop0: detected capacity change from 0 to 2048
[   66.323168] loop0: detected capacity change from 0 to 2048
[   66.365780] loop0: detected capacity change from 0 to 2048
[   66.392741] loop0: detected capacity change from 0 to 2048
[   66.416921] loop0: detected capacity change from 0 to 2048
[   66.454612] loop0: detected capacity change from 0 to 2048
[   66.494664] loop0: detected capacity change from 0 to 2048
[   66.495293] I/O error, dev loop0, sector 0 op 0x0:(READ) flags 0x80700 phys_seg 1 prio class 2
[   66.530269] loop0: detected capacity change from 0 to 2048
[   66.572228] loop0: detected capacity change from 0 to 2048
[   66.593318] loop0: detected capacity change from 0 to 2048
[   66.622983] loop0: detected capacity change from 0 to 2048
[   66.647918] loop0: detected capacity change from 0 to 2048
[   66.676434] loop0: detected capacity change from 0 to 2048
[   66.702317] loop0: detected capacity change from 0 to 2048
[   66.725608] loop0: detected capacity change from 0 to 2048
[   66.756100] loop0: detected capacity change from 0 to 2048
[   66.784618] loop0: detected capacity change from 0 to 2048
[   66.810758] loop0: detected capacity change from 0 to 2048
[   66.833541] loop0: detected capacity change from 0 to 2048
[   66.854446] loop0: detected capacity change from 0 to 2048
[   66.902411] loop0: detected capacity change from 0 to 2048
[   66.940374] loop0: detected capacity change from 0 to 2048
[   66.970752] loop0: detected capacity change from 0 to 2048
[   67.019645] loop0: detected capacity change from 0 to 2048
[   67.046008] loop0: detected capacity change from 0 to 2048
[   67.079185] loop0: detected capacity change from 0 to 2048
[   67.106049] loop0: detected capacity change from 0 to 2048
[   67.136447] loop0: detected capacity change from 0 to 2048
[   67.182682] loop0: detected capacity change from 0 to 2048
[   67.208610] loop0: detected capacity change from 0 to 2048
[   67.240856] loop0: detected capacity change from 0 to 2048
[   67.289771] loop0: detected capacity change from 0 to 2048
[   67.324411] loop0: detected capacity change from 0 to 2048
[   67.353636] loop0: detected capacity change from 0 to 2048
[   67.394406] loop0: detected capacity change from 0 to 2048
[   67.422260] loop0: detected capacity change from 0 to 2048
[   67.469880] loop0: detected capacity change from 0 to 2048
[   67.523678] loop0: detected capacity change from 0 to 2048
[   67.562726] loop0: detected capacity change from 0 to 2048
[   67.602452] loop0: detected capacity change from 0 to 2048
[   67.624644] loop0: detected capacity change from 0 to 2048
[   67.654100] loop0: detected capacity change from 0 to 2048
[   67.678297] loop0: detected capacity change from 0 to 2048
[   67.707023] loop0: detected capacity change from 0 to 2048
[   67.747663] loop0: detected capacity change from 0 to 2048
[   67.783010] loop0: detected capacity change from 0 to 2048
[   67.804882] loop0: detected capacity change from 0 to 2048
[   67.850959] loop0: detected capacity change from 0 to 2048
[   67.875572] loop0: detected capacity change from 0 to 2048
[   67.904998] loop0: detected capacity change from 0 to 2048
[   67.950363] loop0: detected capacity change from 0 to 2048
[   67.971079] loop0: detected capacity change from 0 to 2048
[   68.000620] loop0: detected capacity change from 0 to 2048
[   68.033993] loop0: detected capacity change from 0 to 2048
[   68.034627] I/O error, dev loop0, sector 0 op 0x0:(READ) flags 0x80700 phys_seg 1 prio class 2
[   68.079443] loop0: detected capacity change from 0 to 2048
[   68.106002] loop0: detected capacity change from 0 to 2048
[   68.142064] loop0: detected capacity change from 0 to 2048
[   68.180845] loop0: detected capacity change from 0 to 2048
[   68.216202] loop0: detected capacity change from 0 to 2048
[   68.249763] loop0: detected capacity change from 0 to 2048
[   68.250653] I/O error, dev loop0, sector 0 op 0x0:(READ) flags 0x80700 phys_seg 1 prio class 2
[   68.289960] loop0: detected capacity change from 0 to 2048
[   68.338875] loop0: detected capacity change from 0 to 2048
[   68.381455] loop0: detected capacity change from 0 to 2048
[   68.428327] loop0: detected capacity change from 0 to 2048
[   68.461869] loop0: detected capacity change from 0 to 2048
[   68.496739] loop0: detected capacity change from 0 to 2048
[   68.530200] loop0: detected capacity change from 0 to 2048
[   68.568707] loop0: detected capacity change from 0 to 2048
[   68.597353] loop0: detected capacity change from 0 to 2048
[   68.629309] loop0: detected capacity change from 0 to 2048
[   68.660503] loop0: detected capacity change from 0 to 2048
[   68.705078] loop0: detected capacity change from 0 to 2048
[   68.747267] loop0: detected capacity change from 0 to 2048
[   68.775191] loop0: detected capacity change from 0 to 2048
[   68.815242] loop0: detected capacity change from 0 to 2048
[   68.844826] loop0: detected capacity change from 0 to 2048
[   68.845789] I/O error, dev loop0, sector 0 op 0x0:(READ) flags 0x80700 phys_seg 1 prio class 2
[   68.884742] loop0: detected capacity change from 0 to 2048
[   68.946827] loop0: detected capacity change from 0 to 2048
[   68.987677] loop0: detected capacity change from 0 to 2048
[   69.043129] loop0: detected capacity change from 0 to 2048
[   69.069090] loop0: detected capacity change from 0 to 2048
[   69.113586] loop0: detected capacity change from 0 to 2048
[   69.165606] loop0: detected capacity change from 0 to 2048
[   69.209973] loop0: detected capacity change from 0 to 2048
[   69.242029] loop0: detected capacity change from 0 to 2048
[   69.289012] loop0: detected capacity change from 0 to 2048
[   69.318517] loop0: detected capacity change from 0 to 2048
[   69.355696] loop0: detected capacity change from 0 to 2048
[   69.386581] loop0: detected capacity change from 0 to 2048
[   69.441807] loop0: detected capacity change from 0 to 2048
[   69.496404] loop0: detected capacity change from 0 to 2048
[   69.541331] loop0: detected capacity change from 0 to 2048
[   69.566220] loop0: detected capacity change from 0 to 2048
[   69.618011] loop0: detected capacity change from 0 to 2048
[   69.648026] loop0: detected capacity change from 0 to 2048
[   69.648453] I/O error, dev loop0, sector 0 op 0x0:(READ) flags 0x80700 phys_seg 1 prio class 2
[   69.689605] loop0: detected capacity change from 0 to 2048
[   69.722824] loop0: detected capacity change from 0 to 2048
[   69.756454] loop0: detected capacity change from 0 to 2048
[   69.797228] loop0: detected capacity change from 0 to 2048
[   69.825018] loop0: detected capacity change from 0 to 2048
[   69.856091] loop0: detected capacity change from 0 to 2048
[   69.897236] loop0: detected capacity change from 0 to 2048
[   69.937006] loop0: detected capacity change from 0 to 2048
[   70.002586] loop0: detected capacity change from 0 to 2048
[   70.050772] loop0: detected capacity change from 0 to 2048
[   70.057864] EXT4-fs mount: 1616 callbacks suppressed
[   70.057878] EXT4-fs (loop0): mounted filesystem 00000000-0000-0000-0000-000000000000 r/w without journal. Quota mode: none.
[   70.066581] EXT4-fs (loop0): unmounting filesystem 00000000-0000-0000-0000-000000000000.
[   70.090479] loop0: detected capacity change from 0 to 2048
[   70.101461] EXT4-fs (loop0): mounted filesystem 00000000-0000-0000-0000-000000000000 r/w without journal. Quota mode: none.
[   70.108741] EXT4-fs (loop0): unmounting filesystem 00000000-0000-0000-0000-000000000000.
[   70.129789] loop0: detected capacity change from 0 to 2048
[   70.141169] EXT4-fs (loop0): mounted filesystem 00000000-0000-0000-0000-000000000000 r/w without journal. Quota mode: none.
[   70.150043] EXT4-fs (loop0): unmounting filesystem 00000000-0000-0000-0000-000000000000.
[   70.171000] loop0: detected capacity change from 0 to 2048
[   70.177149] EXT4-fs (loop0): mounted filesystem 00000000-0000-0000-0000-000000000000 r/w without journal. Quota mode: none.
[   70.190961] EXT4-fs (loop0): unmounting filesystem 00000000-0000-0000-0000-000000000000.
[   70.211883] loop0: detected capacity change from 0 to 2048
[   70.226306] EXT4-fs (loop0): mounted filesystem 00000000-0000-0000-0000-000000000000 r/w without journal. Quota mode: none.
[   70.232678] EXT4-fs (loop0): unmounting filesystem 00000000-0000-0000-0000-000000000000.
[   70.253926] loop0: detected capacity change from 0 to 2048
[   70.261616] EXT4-fs (loop0): mounted filesystem 00000000-0000-0000-0000-000000000000 r/w without journal. Quota mode: none.
[   70.271927] EXT4-fs (loop0): unmounting filesystem 00000000-0000-0000-0000-000000000000.
[   70.314481] loop0: detected capacity change from 0 to 2048
[   70.320783] EXT4-fs (loop0): mounted filesystem 00000000-0000-0000-0000-000000000000 r/w without journal. Quota mode: none.
[   70.328008] EXT4-fs (loop0): unmounting filesystem 00000000-0000-0000-0000-000000000000.
[   70.349272] loop0: detected capacity change from 0 to 2048
[   70.357214] EXT4-fs (loop0): mounted filesystem 00000000-0000-0000-0000-000000000000 r/w without journal. Quota mode: none.
[   70.365914] EXT4-fs (loop0): unmounting filesystem 00000000-0000-0000-0000-000000000000.
[   70.386777] loop0: detected capacity change from 0 to 2048
[   70.393742] EXT4-fs (loop0): mounted filesystem 00000000-0000-0000-0000-000000000000 r/w without journal. Quota mode: none.
[   70.400832] EXT4-fs (loop0): unmounting filesystem 00000000-0000-0000-0000-000000000000.
[   70.438865] loop0: detected capacity change from 0 to 2048
[   70.444989] EXT4-fs (loop0): mounted filesystem 00000000-0000-0000-0000-000000000000 r/w without journal. Quota mode: none.
[   70.451033] EXT4-fs (loop0): unmounting filesystem 00000000-0000-0000-0000-000000000000.
[   70.486614] loop0: detected capacity change from 0 to 2048
[   70.493269] EXT4-fs (loop0): mounted filesystem 00000000-0000-0000-0000-000000000000 r/w without journal. Quota mode: none.
[   70.499373] EXT4-fs (loop0): unmounting filesystem 00000000-0000-0000-0000-000000000000.
[   70.520251] loop0: detected capacity change from 0 to 2048
[   70.525012] EXT4-fs (loop0): mounted filesystem 00000000-0000-0000-0000-000000000000 r/w without journal. Quota mode: none.
[   70.540880] EXT4-fs (loop0): unmounting filesystem 00000000-0000-0000-0000-000000000000.
[   70.560943] loop0: detected capacity change from 0 to 2048
[   70.572730] EXT4-fs (loop0): mounted filesystem 00000000-0000-0000-0000-000000000000 r/w without journal. Quota mode: none.
[   70.581549] EXT4-fs (loop0): unmounting filesystem 00000000-0000-0000-0000-000000000000.
[   70.600963] loop0: detected capacity change from 0 to 2048
[   70.608690] EXT4-fs (loop0): mounted filesystem 00000000-0000-0000-0000-000000000000 r/w without journal. Quota mode: none.
[   70.620282] EXT4-fs (loop0): unmounting filesystem 00000000-0000-0000-0000-000000000000.
[   70.658733] loop0: detected capacity change from 0 to 2048
[   70.665425] EXT4-fs (loop0): mounted filesystem 00000000-0000-0000-0000-000000000000 r/w without journal. Quota mode: none.
[   70.673488] EXT4-fs (loop0): unmounting filesystem 00000000-0000-0000-0000-000000000000.
[   70.697547] loop0: detected capacity change from 0 to 2048
[   70.705304] EXT4-fs (loop0): mounted filesystem 00000000-0000-0000-0000-000000000000 r/w without journal. Quota mode: none.
[   70.712697] EXT4-fs (loop0): unmounting filesystem 00000000-0000-0000-0000-000000000000.
[   70.728793] loop0: detected capacity change from 0 to 2048
[   70.729684] I/O error, dev loop0, sector 0 op 0x0:(READ) flags 0x80700 phys_seg 1 prio class 2
[   70.744178] EXT4-fs (loop0): mounted filesystem 00000000-0000-0000-0000-000000000000 r/w without journal. Quota mode: none.
[   70.756714] EXT4-fs (loop0): unmounting filesystem 00000000-0000-0000-0000-000000000000.
[   70.775026] loop0: detected capacity change from 0 to 2048
[   70.784755] EXT4-fs (loop0): mounted filesystem 00000000-0000-0000-0000-000000000000 r/w without journal. Quota mode: none.
[   70.795725] EXT4-fs (loop0): unmounting filesystem 00000000-0000-0000-0000-000000000000.
[   70.823096] loop0: detected capacity change from 0 to 2048
[   70.829539] EXT4-fs (loop0): mounted filesystem 00000000-0000-0000-0000-000000000000 r/w without journal. Quota mode: none.
[   70.836484] EXT4-fs (loop0): unmounting filesystem 00000000-0000-0000-0000-000000000000.
[   70.854634] loop0: detected capacity change from 0 to 2048
[   70.869372] EXT4-fs (loop0): mounted filesystem 00000000-0000-0000-0000-000000000000 r/w without journal. Quota mode: none.
[   70.879942] EXT4-fs (loop0): unmounting filesystem 00000000-0000-0000-0000-000000000000.
[   70.917072] loop0: detected capacity change from 0 to 2048
