c[?7l[2J[0mSeaBIOS (version rel-1.16.0-0-gd239552ce722-prebuilt.qemu.org)


iPXE (http://ipxe.org) 00:03.0 CA00 PCI2.10 PnP PMM+7FF91000+7FEF1000 CA00
Press Ctrl-B to configure iPXE (PCI 00:03.0)...                                                                               


Booting from ROM..c[?7l[2J[0m.[    0.000000] Linux version 6.4.0-rc4-fd2186d1c708+ (root@p-rpls01) (gcc (GCC) 8.5.0 20210514 (Red Hat 8.5.0-19), GNU ld version 2.36.1-2.el8) #1 SMP PREEMPT_DYNAMIC Wed Jun 28 16:41:15 CST 2023
[    0.000000] Command line: console=ttyS0 root=/dev/sda earlyprintk=serial net.ifnames=0 quiet plymouth.enable=0
[    0.000000] KERNEL supported cpus:
[    0.000000]   Intel GenuineIntel
[    0.000000]   AMD AuthenticAMD
[    0.000000]   Hygon HygonGenuine
[    0.000000]   Centaur CentaurHauls
[    0.000000]   zhaoxin   Shanghai  
[    0.000000] x86/fpu: Supporting XSAVE feature 0x001: 'x87 floating point registers'
[    0.000000] x86/fpu: Supporting XSAVE feature 0x002: 'SSE registers'
[    0.000000] x86/fpu: Supporting XSAVE feature 0x004: 'AVX registers'
[    0.000000] x86/fpu: Supporting XSAVE feature 0x200: 'Protection Keys User registers'
[    0.000000] x86/fpu: xstate_offset[2]:  576, xstate_sizes[2]:  256
[    0.000000] x86/fpu: xstate_offset[9]:  832, xstate_sizes[9]:    8
[    0.000000] x86/fpu: Enabled xstate features 0x207, context size is 840 bytes, using 'compacted' format.
[    0.000000] signal: max sigframe size: 3632
[    0.000000] BIOS-provided physical RAM map:
[    0.000000] BIOS-e820: [mem 0x0000000000000000-0x000000000009fbff] usable
[    0.000000] BIOS-e820: [mem 0x000000000009fc00-0x000000000009ffff] reserved
[    0.000000] BIOS-e820: [mem 0x00000000000f0000-0x00000000000fffff] reserved
[    0.000000] BIOS-e820: [mem 0x0000000000100000-0x000000007ffdffff] usable
[    0.000000] BIOS-e820: [mem 0x000000007ffe0000-0x000000007fffffff] reserved
[    0.000000] BIOS-e820: [mem 0x00000000feffc000-0x00000000feffffff] reserved
[    0.000000] BIOS-e820: [mem 0x00000000fffc0000-0x00000000ffffffff] reserved
[    0.000000] printk: bootconsole [earlyser0] enabled
[    0.361729] Spectre V2 : WARNING: Unprivileged eBPF is enabled with eIBRS on, data leaks possible via Spectre v2 BHB attacks!
[   11.093814] systemd[1]: Failed to start Load Kernel Modules.
[[0;1;31mFAILED[0m] Failed to start [0;1;39mLoad Kernel Modules[0m.

CentOS Stream 9
Kernel 6.4.0-rc4-fd2186d1c708+ on an x86_64

Activate the web console with: systemctl enable --now cockpit.socket

test login: [   30.014126] loop0: detected capacity change from 0 to 2048
[   30.021025] EXT4-fs (loop0): mounted filesystem 00000000-0000-0000-0000-000000000000 r/w without journal. Quota mode: none.
[   30.043475] EXT4-fs (loop0): unmounting filesystem 00000000-0000-0000-0000-000000000000.
[   30.082615] loop0: detected capacity change from 0 to 2048
[   30.091850] EXT4-fs (loop0): mounted filesystem 00000000-0000-0000-0000-000000000000 r/w without journal. Quota mode: none.
[   30.114903] EXT4-fs (loop0): unmounting filesystem 00000000-0000-0000-0000-000000000000.
[   30.144448] loop0: detected capacity change from 0 to 2048
[   30.151689] EXT4-fs (loop0): mounted filesystem 00000000-0000-0000-0000-000000000000 r/w without journal. Quota mode: none.
[   30.172136] EXT4-fs (loop0): unmounting filesystem 00000000-0000-0000-0000-000000000000.
[   30.219762] loop0: detected capacity change from 0 to 2048
[   30.228906] EXT4-fs (loop0): mounted filesystem 00000000-0000-0000-0000-000000000000 r/w without journal. Quota mode: none.
[   30.239449] EXT4-fs (loop0): unmounting filesystem 00000000-0000-0000-0000-000000000000.
[   30.282177] loop0: detected capacity change from 0 to 2048
[   30.287656] EXT4-fs (loop0): mounted filesystem 00000000-0000-0000-0000-000000000000 r/w without journal. Quota mode: none.
[   30.295129] EXT4-fs (loop0): unmounting filesystem 00000000-0000-0000-0000-000000000000.
[   30.339495] loop0: detected capacity change from 0 to 2048
[   30.347030] EXT4-fs (loop0): mounted filesystem 00000000-0000-0000-0000-000000000000 r/w without journal. Quota mode: none.
[   30.357277] EXT4-fs (loop0): unmounting filesystem 00000000-0000-0000-0000-000000000000.
[   30.381612] loop0: detected capacity change from 0 to 2048
[   30.390372] EXT4-fs (loop0): mounted filesystem 00000000-0000-0000-0000-000000000000 r/w without journal. Quota mode: none.
[   30.401079] EXT4-fs (loop0): unmounting filesystem 00000000-0000-0000-0000-000000000000.
[   30.443492] loop0: detected capacity change from 0 to 2048
[   30.451278] EXT4-fs (loop0): mounted filesystem 00000000-0000-0000-0000-000000000000 r/w without journal. Quota mode: none.
[   30.461642] EXT4-fs (loop0): unmounting filesystem 00000000-0000-0000-0000-000000000000.
[   30.487848] loop0: detected capacity change from 0 to 2048
[   30.496366] EXT4-fs (loop0): mounted filesystem 00000000-0000-0000-0000-000000000000 r/w without journal. Quota mode: none.
[   30.510765] EXT4-fs (loop0): unmounting filesystem 00000000-0000-0000-0000-000000000000.
[   30.548649] loop0: detected capacity change from 0 to 2048
[   30.572271] EXT4-fs (loop0): mounted filesystem 00000000-0000-0000-0000-000000000000 r/w without journal. Quota mode: none.
[   30.587236] EXT4-fs (loop0): unmounting filesystem 00000000-0000-0000-0000-000000000000.
[   30.613138] loop0: detected capacity change from 0 to 2048
[   30.630913] EXT4-fs (loop0): mounted filesystem 00000000-0000-0000-0000-000000000000 r/w without journal. Quota mode: none.
[   30.640837] EXT4-fs (loop0): unmounting filesystem 00000000-0000-0000-0000-000000000000.
[   30.669797] loop0: detected capacity change from 0 to 2048
[   30.684007] EXT4-fs (loop0): mounted filesystem 00000000-0000-0000-0000-000000000000 r/w without journal. Quota mode: none.
[   30.704415] EXT4-fs (loop0): unmounting filesystem 00000000-0000-0000-0000-000000000000.
[   30.758600] loop0: detected capacity change from 0 to 2048
[   30.768041] EXT4-fs (loop0): mounted filesystem 00000000-0000-0000-0000-000000000000 r/w without journal. Quota mode: none.
[   30.780644] EXT4-fs (loop0): unmounting filesystem 00000000-0000-0000-0000-000000000000.
[   30.801461] loop0: detected capacity change from 0 to 2048
[   30.811483] EXT4-fs (loop0): mounted filesystem 00000000-0000-0000-0000-000000000000 r/w without journal. Quota mode: none.
[   30.843070] EXT4-fs (loop0): unmounting filesystem 00000000-0000-0000-0000-000000000000.
[   30.883930] loop0: detected capacity change from 0 to 2048
[   30.891828] EXT4-fs (loop0): mounted filesystem 00000000-0000-0000-0000-000000000000 r/w without journal. Quota mode: none.
[   30.911094] EXT4-fs (loop0): unmounting filesystem 00000000-0000-0000-0000-000000000000.
[   30.938582] loop0: detected capacity change from 0 to 2048
[   30.944031] EXT4-fs (loop0): mounted filesystem 00000000-0000-0000-0000-000000000000 r/w without journal. Quota mode: none.
[   30.955835] EXT4-fs (loop0): unmounting filesystem 00000000-0000-0000-0000-000000000000.
[   30.992458] loop0: detected capacity change from 0 to 2048
[   30.999991] EXT4-fs (loop0): mounted filesystem 00000000-0000-0000-0000-000000000000 r/w without journal. Quota mode: none.
[   31.018134] EXT4-fs (loop0): unmounting filesystem 00000000-0000-0000-0000-000000000000.
[   31.050833] loop0: detected capacity change from 0 to 2048
[   31.055550] EXT4-fs (loop0): mounted filesystem 00000000-0000-0000-0000-000000000000 r/w without journal. Quota mode: none.
[   31.080751] EXT4-fs (loop0): unmounting filesystem 00000000-0000-0000-0000-000000000000.
[   31.106950] loop0: detected capacity change from 0 to 2048
[   31.119606] EXT4-fs (loop0): mounted filesystem 00000000-0000-0000-0000-000000000000 r/w without journal. Quota mode: none.
[   31.140695] EXT4-fs (loop0): unmounting filesystem 00000000-0000-0000-0000-000000000000.
[   31.181176] loop0: detected capacity change from 0 to 2048
[   31.191723] EXT4-fs (loop0): mounted filesystem 00000000-0000-0000-0000-000000000000 r/w without journal. Quota mode: none.
[   31.203420] EXT4-fs (loop0): unmounting filesystem 00000000-0000-0000-0000-000000000000.
[   31.247626] loop0: detected capacity change from 0 to 2048
[   31.255246] EXT4-fs (loop0): mounted filesystem 00000000-0000-0000-0000-000000000000 r/w without journal. Quota mode: none.
[   31.262907] EXT4-fs (loop0): unmounting filesystem 00000000-0000-0000-0000-000000000000.
[   31.303111] loop0: detected capacity change from 0 to 2048
[   31.311303] EXT4-fs (loop0): mounted filesystem 00000000-0000-0000-0000-000000000000 r/w without journal. Quota mode: none.
[   31.321367] EXT4-fs (loop0): unmounting filesystem 00000000-0000-0000-0000-000000000000.
[   31.370834] loop0: detected capacity change from 0 to 2048
[   31.376052] EXT4-fs (loop0): mounted filesystem 00000000-0000-0000-0000-000000000000 r/w without journal. Quota mode: none.
[   31.397075] EXT4-fs (loop0): unmounting filesystem 00000000-0000-0000-0000-000000000000.
[   31.418438] loop0: detected capacity change from 0 to 2048
[   31.440540] EXT4-fs (loop0): mounted filesystem 00000000-0000-0000-0000-000000000000 r/w without journal. Quota mode: none.
[   31.450786] EXT4-fs (loop0): unmounting filesystem 00000000-0000-0000-0000-000000000000.
[   31.473625] loop0: detected capacity change from 0 to 2048
[   31.480060] EXT4-fs (loop0): mounted filesystem 00000000-0000-0000-0000-000000000000 r/w without journal. Quota mode: none.
[   31.489722] EXT4-fs (loop0): unmounting filesystem 00000000-0000-0000-0000-000000000000.
[   31.513998] loop0: detected capacity change from 0 to 2048
[   31.519233] EXT4-fs (loop0): mounted filesystem 00000000-0000-0000-0000-000000000000 r/w without journal. Quota mode: none.
[   31.530585] EXT4-fs (loop0): unmounting filesystem 00000000-0000-0000-0000-000000000000.
[   31.549790] loop0: detected capacity change from 0 to 2048
[   31.565501] EXT4-fs (loop0): mounted filesystem 00000000-0000-0000-0000-000000000000 r/w without journal. Quota mode: none.
[   31.572944] EXT4-fs (loop0): unmounting filesystem 00000000-0000-0000-0000-000000000000.
[   31.619156] loop0: detected capacity change from 0 to 2048
[   31.627219] EXT4-fs (loop0): mounted filesystem 00000000-0000-0000-0000-000000000000 r/w without journal. Quota mode: none.
[   31.646239] EXT4-fs (loop0): unmounting filesystem 00000000-0000-0000-0000-000000000000.
[   31.676916] loop0: detected capacity change from 0 to 2048
[   31.683457] EXT4-fs (loop0): mounted filesystem 00000000-0000-0000-0000-000000000000 r/w without journal. Quota mode: none.
[   31.692854] EXT4-fs (loop0): unmounting filesystem 00000000-0000-0000-0000-000000000000.
[   31.728567] loop0: detected capacity change from 0 to 2048
[   31.735291] EXT4-fs (loop0): mounted filesystem 00000000-0000-0000-0000-000000000000 r/w without journal. Quota mode: none.
[   31.742769] EXT4-fs (loop0): unmounting filesystem 00000000-0000-0000-0000-000000000000.
[   31.765593] loop0: detected capacity change from 0 to 2048
[   31.779103] EXT4-fs (loop0): mounted filesystem 00000000-0000-0000-0000-000000000000 r/w without journal. Quota mode: none.
[   31.787784] EXT4-fs (loop0): unmounting filesystem 00000000-0000-0000-0000-000000000000.
[   31.831637] loop0: detected capacity change from 0 to 2048
[   31.840069] EXT4-fs (loop0): mounted filesystem 00000000-0000-0000-0000-000000000000 r/w without journal. Quota mode: none.
[   31.878047] loop0: detected capacity change from 0 to 2048
[   31.911419] loop0: detected capacity change from 0 to 2048
[   31.959918] loop0: detected capacity change from 0 to 2048
[   32.010914] loop0: detected capacity change from 0 to 2048
[   32.048453] loop0: detected capacity change from 0 to 2048
[   32.117995] loop0: detected capacity change from 0 to 2048
[   32.178020] loop0: detected capacity change from 0 to 2048
[   32.211789] loop0: detected capacity change from 0 to 2048
[   32.253991] loop0: detected capacity change from 0 to 2048
[   32.301348] loop0: detected capacity change from 0 to 2048
[   32.348584] loop0: detected capacity change from 0 to 2048
[   32.394567] loop0: detected capacity change from 0 to 2048
[   32.442461] loop0: detected capacity change from 0 to 2048
[   32.468397] loop0: detected capacity change from 0 to 2048
[   32.514139] loop0: detected capacity change from 0 to 2048
[   32.554849] loop0: detected capacity change from 0 to 2048
[   32.598199] loop0: detected capacity change from 0 to 2048
[   32.631816] loop0: detected capacity change from 0 to 2048
[   32.667566] loop0: detected capacity change from 0 to 2048
[   32.704295] loop0: detected capacity change from 0 to 2048
[   32.741745] loop0: detected capacity change from 0 to 2048
[   32.777249] loop0: detected capacity change from 0 to 2048
[   32.811743] loop0: detected capacity change from 0 to 2048
[   32.845161] loop0: detected capacity change from 0 to 2048
[   32.845948] I/O error, dev loop0, sector 0 op 0x0:(READ) flags 0x80700 phys_seg 1 prio class 2
[   32.902535] loop0: detected capacity change from 0 to 2048
[   32.938806] loop0: detected capacity change from 0 to 2048
[   33.002739] loop0: detected capacity change from 0 to 2048
[   33.052858] loop0: detected capacity change from 0 to 2048
[   33.053205] I/O error, dev loop0, sector 0 op 0x0:(READ) flags 0x80700 phys_seg 1 prio class 2
[   33.112282] loop0: detected capacity change from 0 to 2048
[   33.171296] loop0: detected capacity change from 0 to 2048
[   33.172118] I/O error, dev loop0, sector 0 op 0x0:(READ) flags 0x80700 phys_seg 1 prio class 2
[   33.219229] loop0: detected capacity change from 0 to 2048
[   33.263431] loop0: detected capacity change from 0 to 2048
[   33.310642] loop0: detected capacity change from 0 to 2048
[   33.378133] loop0: detected capacity change from 0 to 2048
[   33.423799] loop0: detected capacity change from 0 to 2048
[   33.483586] loop0: detected capacity change from 0 to 2048
[   33.544897] loop0: detected capacity change from 0 to 2048
[   33.612960] loop0: detected capacity change from 0 to 2048
[   33.670535] loop0: detected capacity change from 0 to 2048
[   33.729563] loop0: detected capacity change from 0 to 2048
[   33.794917] loop0: detected capacity change from 0 to 2048
[   33.854705] loop0: detected capacity change from 0 to 2048
[   33.905253] loop0: detected capacity change from 0 to 2048
[   33.969031] loop0: detected capacity change from 0 to 2048
[   34.032308] loop0: detected capacity change from 0 to 2048
[   34.124813] loop0: detected capacity change from 0 to 2048
[   34.212735] loop0: detected capacity change from 0 to 2048
[   34.293593] loop0: detected capacity change from 0 to 2048
[   34.364949] loop0: detected capacity change from 0 to 2048
[   34.366099] I/O error, dev loop0, sector 0 op 0x0:(READ) flags 0x80700 phys_seg 1 prio class 2
[   34.432990] loop0: detected capacity change from 0 to 2048
[   34.476491] loop0: detected capacity change from 0 to 2048
[   34.528926] loop0: detected capacity change from 0 to 2048
[   34.600175] loop0: detected capacity change from 0 to 2048
[   34.670755] loop0: detected capacity change from 0 to 2048
[   34.729144] loop0: detected capacity change from 0 to 2048
[   34.730097] I/O error, dev loop0, sector 0 op 0x0:(READ) flags 0x80700 phys_seg 1 prio class 2
[   34.784248] loop0: detected capacity change from 0 to 2048
[   34.830845] loop0: detected capacity change from 0 to 2048
[   34.878594] loop0: detected capacity change from 0 to 2048
[   34.953140] loop0: detected capacity change from 0 to 2048
[   35.021963] loop0: detected capacity change from 0 to 2048
[   35.106407] loop0: detected capacity change from 0 to 2048
[   35.184702] loop0: detected capacity change from 0 to 2048
[   35.238320] loop0: detected capacity change from 0 to 2048
[   35.280139] loop0: detected capacity change from 0 to 2048
[   35.343581] loop0: detected capacity change from 0 to 2048
[   35.393842] loop0: detected capacity change from 0 to 2048
[   35.461008] loop0: detected capacity change from 0 to 2048
[   35.552425] loop0: detected capacity change from 0 to 2048
[   35.606659] loop0: detected capacity change from 0 to 2048
[   35.669940] loop0: detected capacity change from 0 to 2048
[   35.732731] loop0: detected capacity change from 0 to 2048
[   35.794643] loop0: detected capacity change from 0 to 2048
[   35.856209] loop0: detected capacity change from 0 to 2048
[   35.916648] loop0: detected capacity change from 0 to 2048
[   35.984105] loop0: detected capacity change from 0 to 2048
[   36.051916] loop0: detected capacity change from 0 to 2048
[   36.130918] loop0: detected capacity change from 0 to 2048
[   36.210186] loop0: detected capacity change from 0 to 2048
[   36.264183] loop0: detected capacity change from 0 to 2048
[   36.350436] loop0: detected capacity change from 0 to 2048
[   36.413565] loop0: detected capacity change from 0 to 2048
[   36.476504] loop0: detected capacity change from 0 to 2048
[   36.545836] loop0: detected capacity change from 0 to 2048
[   36.601653] loop0: detected capacity change from 0 to 2048
[   36.669198] loop0: detected capacity change from 0 to 2048
[   36.730446] loop0: detected capacity change from 0 to 2048
[   36.790268] loop0: detected capacity change from 0 to 2048
[   36.846599] loop0: detected capacity change from 0 to 2048
[   36.904571] loop0: detected capacity change from 0 to 2048
[   36.948722] loop0: detected capacity change from 0 to 2048
[   37.016503] loop0: detected capacity change from 0 to 2048
[   37.105106] loop0: detected capacity change from 0 to 2048
[   37.174541] loop0: detected capacity change from 0 to 2048
[   37.245286] loop0: detected capacity change from 0 to 2048
[   37.307403] loop0: detected capacity change from 0 to 2048
[   37.373770] loop0: detected capacity change from 0 to 2048
[   37.435678] loop0: detected capacity change from 0 to 2048
[   37.499070] loop0: detected capacity change from 0 to 2048
[   37.559588] loop0: detected capacity change from 0 to 2048
[   37.624917] loop0: detected capacity change from 0 to 2048
[   37.675069] loop0: detected capacity change from 0 to 2048
[   37.740006] loop0: detected capacity change from 0 to 2048
[   37.805595] loop0: detected capacity change from 0 to 2048
[   37.869670] loop0: detected capacity change from 0 to 2048
[   37.926160] loop0: detected capacity change from 0 to 2048
[   37.976928] loop0: detected capacity change from 0 to 2048
[   38.045125] loop0: detected capacity change from 0 to 2048
[   38.119347] loop0: detected capacity change from 0 to 2048
[   38.186296] loop0: detected capacity change from 0 to 2048
[   38.238938] loop0: detected capacity change from 0 to 2048
[   38.296396] loop0: detected capacity change from 0 to 2048
[   38.372018] loop0: detected capacity change from 0 to 2048
[   38.432148] loop0: detected capacity change from 0 to 2048
[   38.483470] loop0: detected capacity change from 0 to 2048
[   38.551028] loop0: detected capacity change from 0 to 2048
[   38.619956] loop0: detected capacity change from 0 to 2048
[   38.676984] loop0: detected capacity change from 0 to 2048
[   38.748511] loop0: detected capacity change from 0 to 2048
[   38.807992] loop0: detected capacity change from 0 to 2048
[   38.859623] loop0: detected capacity change from 0 to 2048
[   38.919755] loop0: detected capacity change from 0 to 2048
[   38.992552] loop0: detected capacity change from 0 to 2048
[   38.993239] I/O error, dev loop0, sector 0 op 0x0:(READ) flags 0x80700 phys_seg 1 prio class 2
[   39.014213] EXT4-fs mount: 243 callbacks suppressed
[   39.014237] EXT4-fs (loop0): mounted filesystem 00000000-0000-0000-0000-000000000000 r/w without journal. Quota mode: none.
[   39.032078] EXT4-fs (loop0): unmounting filesystem 00000000-0000-0000-0000-000000000000.
[   39.064663] loop0: detected capacity change from 0 to 2048
[   39.072123] EXT4-fs (loop0): mounted filesystem 00000000-0000-0000-0000-000000000000 r/w without journal. Quota mode: none.
[   39.098183] EXT4-fs (loop0): unmounting filesystem 00000000-0000-0000-0000-000000000000.
[   39.138493] loop0: detected capacity change from 0 to 2048
[   39.148062] EXT4-fs (loop0): mounted filesystem 00000000-0000-0000-0000-000000000000 r/w without journal. Quota mode: none.
[   39.181742] EXT4-fs (loop0): unmounting filesystem 00000000-0000-0000-0000-000000000000.
[   39.221818] loop0: detected capacity change from 0 to 2048
[   39.231846] EXT4-fs (loop0): mounted filesystem 00000000-0000-0000-0000-000000000000 r/w without journal. Quota mode: none.
[   39.242166] EXT4-fs (loop0): unmounting filesystem 00000000-0000-0000-0000-000000000000.
[   39.274452] loop0: detected capacity change from 0 to 2048
[   39.287261] EXT4-fs (loop0): mounted filesystem 00000000-0000-0000-0000-000000000000 r/w without journal. Quota mode: none.
[   39.309105] EXT4-fs (loop0): unmounting filesystem 00000000-0000-0000-0000-000000000000.
[   39.355145] loop0: detected capacity change from 0 to 2048
[   39.368524] EXT4-fs (loop0): mounted filesystem 00000000-0000-0000-0000-000000000000 r/w without journal. Quota mode: none.
[   39.379411] EXT4-fs (loop0): unmounting filesystem 00000000-0000-0000-0000-000000000000.
[   39.405814] loop0: detected capacity change from 0 to 2048
[   39.426415] EXT4-fs (loop0): mounted filesystem 00000000-0000-0000-0000-000000000000 r/w without journal. Quota mode: none.
[   39.436043] EXT4-fs (loop0): unmounting filesystem 00000000-0000-0000-0000-000000000000.
[   39.480681] loop0: detected capacity change from 0 to 2048
[   39.492719] EXT4-fs (loop0): mounted filesystem 00000000-0000-0000-0000-000000000000 r/w without journal. Quota mode: none.
[   39.503601] EXT4-fs (loop0): unmounting filesystem 00000000-0000-0000-0000-000000000000.
[   39.550748] loop0: detected capacity change from 0 to 2048
[   39.564269] EXT4-fs (loop0): mounted filesystem 00000000-0000-0000-0000-000000000000 r/w without journal. Quota mode: none.
[   39.581962] EXT4-fs (loop0): unmounting filesystem 00000000-0000-0000-0000-000000000000.
[   39.620257] loop0: detected capacity change from 0 to 2048
[   39.628493] EXT4-fs (loop0): mounted filesystem 00000000-0000-0000-0000-000000000000 r/w without journal. Quota mode: none.
[   39.640361] EXT4-fs (loop0): unmounting filesystem 00000000-0000-0000-0000-000000000000.
[   39.670952] loop0: detected capacity change from 0 to 2048
[   39.693045] EXT4-fs (loop0): mounted filesystem 00000000-0000-0000-0000-000000000000 r/w without journal. Quota mode: none.
[   39.706137] EXT4-fs (loop0): unmounting filesystem 00000000-0000-0000-0000-000000000000.
[   39.751772] loop0: detected capacity change from 0 to 2048
[   39.764024] EXT4-fs (loop0): mounted filesystem 00000000-0000-0000-0000-000000000000 r/w without journal. Quota mode: none.
[   39.776713] EXT4-fs (loop0): unmounting filesystem 00000000-0000-0000-0000-000000000000.
[   39.812308] loop0: detected capacity change from 0 to 2048
[   39.819934] EXT4-fs (loop0): mounted filesystem 00000000-0000-0000-0000-000000000000 r/w without journal. Quota mode: none.
[   39.838278] EXT4-fs (loop0): unmounting filesystem 00000000-0000-0000-0000-000000000000.
[   39.890584] loop0: detected capacity change from 0 to 2048
[   39.899846] EXT4-fs (loop0): mounted filesystem 00000000-0000-0000-0000-000000000000 r/w without journal. Quota mode: none.
[   39.912298] EXT4-fs (loop0): unmounting filesystem 00000000-0000-0000-0000-000000000000.
[   39.960290] loop0: detected capacity change from 0 to 2048
[   39.968259] EXT4-fs (loop0): mounted filesystem 00000000-0000-0000-0000-000000000000 r/w without journal. Quota mode: none.
[   39.980257] EXT4-fs (loop0): unmounting filesystem 00000000-0000-0000-0000-000000000000.
[   40.005865] loop0: detected capacity change from 0 to 2048
[   40.012310] EXT4-fs (loop0): mounted filesystem 00000000-0000-0000-0000-000000000000 r/w without journal. Quota mode: none.
[   40.044304] EXT4-fs (loop0): unmounting filesystem 00000000-0000-0000-0000-000000000000.
[   40.079680] loop0: detected capacity change from 0 to 2048
[   40.088451] EXT4-fs (loop0): mounted filesystem 00000000-0000-0000-0000-000000000000 r/w without journal. Quota mode: none.
[   40.117093] EXT4-fs (loop0): unmounting filesystem 00000000-0000-0000-0000-000000000000.
[   40.151745] loop0: detected capacity change from 0 to 2048
[   40.164468] EXT4-fs (loop0): mounted filesystem 00000000-0000-0000-0000-000000000000 r/w without journal. Quota mode: none.
[   40.194434] EXT4-fs (loop0): unmounting filesystem 00000000-0000-0000-0000-000000000000.
[   40.238440] loop0: detected capacity change from 0 to 2048
[   40.244253] EXT4-fs (loop0): mounted filesystem 00000000-0000-0000-0000-000000000000 r/w without journal. Quota mode: none.
[   40.255279] EXT4-fs (loop0): unmounting filesystem 00000000-0000-0000-0000-000000000000.
[   40.280018] loop0: detected capacity change from 0 to 2048
[   40.291375] EXT4-fs (loop0): mounted filesystem 00000000-0000-0000-0000-000000000000 r/w without journal. Quota mode: none.
[   40.304418] EXT4-fs (loop0): unmounting filesystem 00000000-0000-0000-0000-000000000000.
[   40.333373] loop0: detected capacity change from 0 to 2048
[   40.344179] EXT4-fs (loop0): mounted filesystem 00000000-0000-0000-0000-000000000000 r/w without journal. Quota mode: none.
[   40.360818] EXT4-fs (loop0): unmounting filesystem 00000000-0000-0000-0000-000000000000.
[   40.389498] loop0: detected capacity change from 0 to 2048
[   40.405302] EXT4-fs (loop0): mounted filesystem 00000000-0000-0000-0000-000000000000 r/w without journal. Quota mode: none.
[   40.428311] EXT4-fs (loop0): unmounting filesystem 00000000-0000-0000-0000-000000000000.
[   40.467417] loop0: detected capacity change from 0 to 2048
[   40.485533] EXT4-fs (loop0): mounted filesystem 00000000-0000-0000-0000-000000000000 r/w without journal. Quota mode: none.
[   40.497149] EXT4-fs (loop0): unmounting filesystem 00000000-0000-0000-0000-000000000000.
[   40.524706] loop0: detected capacity change from 0 to 2048
[   40.540939] EXT4-fs (loop0): mounted filesystem 00000000-0000-0000-0000-000000000000 r/w without journal. Quota mode: none.
[   40.559121] EXT4-fs (loop0): unmounting filesystem 00000000-0000-0000-0000-000000000000.
[   40.592952] loop0: detected capacity change from 0 to 2048
[   40.600152] EXT4-fs (loop0): mounted filesystem 00000000-0000-0000-0000-000000000000 r/w without journal. Quota mode: none.
[   40.611204] EXT4-fs (loop0): unmounting filesystem 00000000-0000-0000-0000-000000000000.
[   40.648679] loop0: detected capacity change from 0 to 2048
[   40.659762] EXT4-fs (loop0): mounted filesystem 00000000-0000-0000-0000-000000000000 r/w without journal. Quota mode: none.
[   40.677184] EXT4-fs (loop0): unmounting filesystem 00000000-0000-0000-0000-000000000000.
[   40.710530] loop0: detected capacity change from 0 to 2048
[   40.724115] EXT4-fs (loop0): mounted filesystem 00000000-0000-0000-0000-000000000000 r/w without journal. Quota mode: none.
[   40.736241] EXT4-fs (loop0): unmounting filesystem 00000000-0000-0000-0000-000000000000.
[   40.763978] loop0: detected capacity change from 0 to 2048
[   40.779364] EXT4-fs (loop0): mounted filesystem 00000000-0000-0000-0000-000000000000 r/w without journal. Quota mode: none.
[   40.791606] EXT4-fs (loop0): unmounting filesystem 00000000-0000-0000-0000-000000000000.
[   40.829350] loop0: detected capacity change from 0 to 2048
[   40.835970] EXT4-fs (loop0): mounted filesystem 00000000-0000-0000-0000-000000000000 r/w without journal. Quota mode: none.
[   40.848495] EXT4-fs (loop0): unmounting filesystem 00000000-0000-0000-0000-000000000000.
[   40.887640] loop0: detected capacity change from 0 to 2048
[   40.904612] EXT4-fs (loop0): mounted filesystem 00000000-0000-0000-0000-000000000000 r/w without journal. Quota mode: none.
[   40.916101] EXT4-fs (loop0): unmounting filesystem 00000000-0000-0000-0000-000000000000.
[   40.954270] loop0: detected capacity change from 0 to 2048
[   40.965919] EXT4-fs (loop0): mounted filesystem 00000000-0000-0000-0000-000000000000 r/w without journal. Quota mode: none.
[   40.982566] EXT4-fs (loop0): unmounting filesystem 00000000-0000-0000-0000-000000000000.
[   41.017350] loop0: detected capacity change from 0 to 2048
[   41.028254] EXT4-fs (loop0): mounted filesystem 00000000-0000-0000-0000-000000000000 r/w without journal. Quota mode: none.
[   41.066069] EXT4-fs (loop0): unmounting filesystem 00000000-0000-0000-0000-000000000000.
[   41.096232] loop0: detected capacity change from 0 to 2048
[   41.171800] loop0: detected capacity change from 0 to 2048
[   41.243236] loop0: detected capacity change from 0 to 2048
[   41.306721] loop0: detected capacity change from 0 to 2048
[   41.372600] loop0: detected capacity change from 0 to 2048
[   41.426401] loop0: detected capacity change from 0 to 2048
[   41.470216] loop0: detected capacity change from 0 to 2048
[   41.530188] loop0: detected capacity change from 0 to 2048
[   41.585855] loop0: detected capacity change from 0 to 2048
[   41.644865] loop0: detected capacity change from 0 to 2048
[   41.708699] loop0: detected capacity change from 0 to 2048
[   41.770229] loop0: detected capacity change from 0 to 2048
[   41.830227] loop0: detected capacity change from 0 to 2048
[   41.887060] loop0: detected capacity change from 0 to 2048
[   41.940952] loop0: detected capacity change from 0 to 2048
[   41.992266] loop0: detected capacity change from 0 to 2048
[   42.062033] loop0: detected capacity change from 0 to 2048
[   42.153451] loop0: detected capacity change from 0 to 2048
[   42.234348] loop0: detected capacity change from 0 to 2048
[   42.291231] loop0: detected capacity change from 0 to 2048
[   42.367689] loop0: detected capacity change from 0 to 2048
[   42.416561] loop0: detected capacity change from 0 to 2048
[   42.491398] loop0: detected capacity change from 0 to 2048
[   42.543927] loop0: detected capacity change from 0 to 2048
[   42.600034] loop0: detected capacity change from 0 to 2048
[   42.672062] loop0: detected capacity change from 0 to 2048
[   42.717276] loop0: detected capacity change from 0 to 2048
[   42.773896] loop0: detected capacity change from 0 to 2048
[   42.837989] loop0: detected capacity change from 0 to 2048
[   42.897539] loop0: detected capacity change from 0 to 2048
[   42.898541] I/O error, dev loop0, sector 0 op 0x0:(READ) flags 0x80700 phys_seg 1 prio class 2
[   42.962093] loop0: detected capacity change from 0 to 2048
[   43.026199] loop0: detected capacity change from 0 to 2048
[   43.121716] loop0: detected capacity change from 0 to 2048
[   43.198496] loop0: detected capacity change from 0 to 2048
[   43.253774] loop0: detected capacity change from 0 to 2048
[   43.254368] I/O error, dev loop0, sector 0 op 0x0:(READ) flags 0x80700 phys_seg 1 prio class 2
[   43.318972] loop0: detected capacity change from 0 to 2048
[   43.392522] loop0: detected capacity change from 0 to 2048
[   43.439463] loop0: detected capacity change from 0 to 2048
[   43.499740] loop0: detected capacity change from 0 to 2048
[   43.545891] loop0: detected capacity change from 0 to 2048
[   43.607067] loop0: detected capacity change from 0 to 2048
[   43.668575] loop0: detected capacity change from 0 to 2048
[   43.737805] loop0: detected capacity change from 0 to 2048
[   43.790499] loop0: detected capacity change from 0 to 2048
[   43.843003] loop0: detected capacity change from 0 to 2048
[   43.901054] loop0: detected capacity change from 0 to 2048
[   43.958818] loop0: detected capacity change from 0 to 2048
[   44.008651] loop0: detected capacity change from 0 to 2048
[   44.084366] loop0: detected capacity change from 0 to 2048
[   44.184145] loop0: detected capacity change from 0 to 2048
[   44.248378] loop0: detected capacity change from 0 to 2048
[   44.333200] loop0: detected capacity change from 0 to 2048
[   44.379334] loop0: detected capacity change from 0 to 2048
[   44.447077] loop0: detected capacity change from 0 to 2048
[   44.520688] loop0: detected capacity change from 0 to 2048
[   44.562510] loop0: detected capacity change from 0 to 2048
[   44.622479] loop0: detected capacity change from 0 to 2048
[   44.699615] loop0: detected capacity change from 0 to 2048
[   44.755791] loop0: detected capacity change from 0 to 2048
[   44.806881] loop0: detected capacity change from 0 to 2048
[   44.865067] loop0: detected capacity change from 0 to 2048
[   44.922938] loop0: detected capacity change from 0 to 2048
[   44.984691] loop0: detected capacity change from 0 to 2048
[   45.054998] loop0: detected capacity change from 0 to 2048
[   45.147851] loop0: detected capacity change from 0 to 2048
[   45.238482] loop0: detected capacity change from 0 to 2048
[   45.295833] loop0: detected capacity change from 0 to 2048
[   45.296620] I/O error, dev loop0, sector 0 op 0x0:(READ) flags 0x80700 phys_seg 1 prio class 2
[   45.349560] loop0: detected capacity change from 0 to 2048
[   45.407490] loop0: detected capacity change from 0 to 2048
[   45.465335] loop0: detected capacity change from 0 to 2048
[   45.523538] loop0: detected capacity change from 0 to 2048
[   45.584556] loop0: detected capacity change from 0 to 2048
[   45.632547] loop0: detected capacity change from 0 to 2048
[   45.695504] loop0: detected capacity change from 0 to 2048
[   45.740548] loop0: detected capacity change from 0 to 2048
[   45.798709] loop0: detected capacity change from 0 to 2048
[   45.839862] loop0: detected capacity change from 0 to 2048
[   45.900381] loop0: detected capacity change from 0 to 2048
[   45.959318] loop0: detected capacity change from 0 to 2048
[   46.019781] loop0: detected capacity change from 0 to 2048
[   46.090904] loop0: detected capacity change from 0 to 2048
[   46.163590] loop0: detected capacity change from 0 to 2048
[   46.244130] loop0: detected capacity change from 0 to 2048
[   46.298395] loop0: detected capacity change from 0 to 2048
[   46.361940] loop0: detected capacity change from 0 to 2048
[   46.362762] I/O error, dev loop0, sector 0 op 0x0:(READ) flags 0x80700 phys_seg 1 prio class 2
[   46.419988] loop0: detected capacity change from 0 to 2048
[   46.501975] loop0: detected capacity change from 0 to 2048
[   46.560099] loop0: detected capacity change from 0 to 2048
[   46.623905] loop0: detected capacity change from 0 to 2048
[   46.684800] loop0: detected capacity change from 0 to 2048
[   46.742366] loop0: detected capacity change from 0 to 2048
[   46.795258] loop0: detected capacity change from 0 to 2048
[   46.864370] loop0: detected capacity change from 0 to 2048
[   46.951803] loop0: detected capacity change from 0 to 2048
[   47.013577] loop0: detected capacity change from 0 to 2048
[   47.090601] loop0: detected capacity change from 0 to 2048
[   47.166797] loop0: detected capacity change from 0 to 2048
[   47.286207] loop0: detected capacity change from 0 to 2048
[   47.336412] loop0: detected capacity change from 0 to 2048
[   47.400362] loop0: detected capacity change from 0 to 2048
[   47.447338] loop0: detected capacity change from 0 to 2048
[   47.514038] loop0: detected capacity change from 0 to 2048
[   47.571708] loop0: detected capacity change from 0 to 2048
[   47.628195] loop0: detected capacity change from 0 to 2048
[   47.682448] loop0: detected capacity change from 0 to 2048
[   47.743470] loop0: detected capacity change from 0 to 2048
[   47.796337] loop0: detected capacity change from 0 to 2048
[   47.859553] loop0: detected capacity change from 0 to 2048
[   47.916995] loop0: detected capacity change from 0 to 2048
[   47.972131] loop0: detected capacity change from 0 to 2048
[   48.016423] loop0: detected capacity change from 0 to 2048
[   48.073107] loop0: detected capacity change from 0 to 2048
[   48.147465] loop0: detected capacity change from 0 to 2048
[   48.194689] ------------[ cut here ]------------
[   48.195696] Looking for class "&ei->i_data_sem" with key __key.95713, but found a different class "&ei->i_data_sem" with the same key
[   48.198059] WARNING: CPU: 1 PID: 1609 at kernel/locking/lockdep.c:941 look_up_lock_class.isra.34+0xb8/0x140
[   48.199977] Modules linked in:
[   48.200603] CPU: 1 PID: 1609 Comm: repro Not tainted 6.4.0-rc4-fd2186d1c708+ #1
[   48.202023] Hardware name: QEMU Standard PC (i440FX + PIIX, 1996), BIOS rel-1.16.0-0-gd239552ce722-prebuilt.qemu.org 04/01/2014
[   48.204212] RIP: 0010:look_up_lock_class.isra.34+0xb8/0x140
[   48.205320] Code: 38 49 8b 55 00 48 81 fa a0 fd e7 88 74 2b 80 3d 01 52 f7 01 00 75 22 48 c7 c7 40 18 6b 85 c6 05 f1 51 f7 01 01 e8 78 90 ea fb <0f> 0b eb 0b e8 af c4 86 fd 85 c0 75 56 31 db 48 83 c4 08 48 89 d8
[   48.208862] RSP: 0018:ffff88800f56f430 EFLAGS: 00010082
[   48.209887] RAX: 0000000000000000 RBX: ffffffff895d4b60 RCX: ffffffff81232620
[   48.211272] RDX: 0000000000000000 RSI: ffff88800ba18000 RDI: 0000000000000002
[   48.212640] RBP: ffff88800f56f458 R08: ffffed100d9662c2 R09: ffffed100d9662c2
[   48.214018] R10: ffff88806cb3160b R11: ffffed100d9662c1 R12: ffffffff89f3f801
[   48.215407] R13: ffff888021cf2058 R14: ffff888021cf2070 R15: 0000000000000000
[   48.216777] FS:  00007f4e30d78800(0000) GS:ffff88806cb00000(0000) knlGS:0000000000000000
[   48.218317] CS:  0010 DS: 0000 ES: 0000 CR0: 0000000080050033
[   48.219443] CR2: 0000000020004700 CR3: 00000000148b2000 CR4: 0000000000750ee0
[   48.220825] PKRU: 55555554
[   48.221378] Call Trace:
[   48.221877]  <TASK>
[   48.222317]  ? show_regs+0x66/0x70
[   48.223007]  ? __warn+0xef/0x340
[   48.223680]  ? look_up_lock_class.isra.34+0xb8/0x140
[   48.224667]  ? look_up_lock_class.isra.34+0xb8/0x140
[   48.225664]  ? report_bug+0x360/0x570
[   48.226408]  ? check_kcov_mode+0x20/0x40
[   48.227221]  ? handle_bug+0x48/0x80
[   48.227942]  ? exc_invalid_op+0x1c/0x50
[   48.228702]  ? asm_exc_invalid_op+0x1f/0x30
[   48.229547]  ? __warn_printk+0x160/0x2b0
[   48.230319]  ? look_up_lock_class.isra.34+0xb8/0x140
[   48.231316]  register_lock_class+0xca/0x11e0
[   48.232174]  ? stack_trace_save+0x8b/0xc0
[   48.232976]  ? __pfx_stack_trace_save+0x10/0x10
[   48.233892]  ? __pfx_register_lock_class+0x10/0x10
[   48.234855]  ? __sanitizer_cov_trace_pc+0x25/0x60
[   48.235819]  __lock_acquire+0x104/0x56f0
[   48.236619]  ? __pfx___lock_acquire+0x10/0x10
[   48.237492]  ? __pfx___lock_acquire+0x10/0x10
[   48.238364]  ? mark_lock.part.47+0xf8/0xb20
[   48.239210]  lock_acquire+0x1bc/0x4c0
[   48.239952]  ? ext4_double_down_write_data_sem+0x79/0x90
[   48.241002]  ? __pfx_lock_acquire+0x10/0x10
[   48.241846]  down_write_nested+0x9a/0x1f0
[   48.242640]  ? ext4_double_down_write_data_sem+0x79/0x90
[   48.243692]  ? __pfx_down_write_nested+0x10/0x10
[   48.244600]  ? __pfx_down_write_nested+0x10/0x10
[   48.245513]  ? write_comp_data+0x2f/0x90
[   48.246300]  ? write_comp_data+0x2f/0x90
[   48.247084]  ext4_double_down_write_data_sem+0x79/0x90
[   48.248103]  ext4_move_extents+0x410/0x31e0
[   48.248932]  ? __pfx_lock_release+0x10/0x10
[   48.249763]  ? __pfx_lock_acquire+0x10/0x10
[   48.250593]  ? write_comp_data+0x2f/0x90
[   48.251389]  ? __kasan_check_read+0x15/0x20
[   48.252214]  ? __kasan_check_read+0x15/0x20
[   48.253038]  ? hlock_class+0x52/0x130
[   48.253777]  ? __lock_acquire+0x1b91/0x56f0
[   48.254627]  ? __pfx_ext4_move_extents+0x10/0x10
[   48.255554]  ? __pfx___lock_acquire+0x10/0x10
[   48.256432]  ? __this_cpu_preempt_check+0x20/0x30
[   48.257354]  ? lock_is_held_type+0xe6/0x140
[   48.258187]  ? rcu_read_lock_any_held+0xda/0x100
[   48.259094]  ? write_comp_data+0x2f/0x90
[   48.259894]  ? write_comp_data+0x2f/0x90
[   48.260676]  ? __sanitizer_cov_trace_pc+0x25/0x60
[   48.261631]  ? write_comp_data+0x2f/0x90
[   48.262421]  __ext4_ioctl+0x3de8/0x49e0
[   48.263199]  ? __pfx___ext4_ioctl+0x10/0x10
[   48.264025]  ? __lock_acquire+0x1b91/0x56f0
[   48.264861]  ? kasan_quarantine_put+0xbe/0x1b0
[   48.265743]  ? __kasan_slab_free+0x116/0x1a0
[   48.266598]  ? write_comp_data+0x2f/0x90
[   48.267394]  ? __sanitizer_cov_trace_switch+0x57/0xa0
[   48.268389]  ? __sanitizer_cov_trace_pc+0x25/0x60
[   48.269331]  ? __pfx_do_vfs_ioctl+0x10/0x10
[   48.270163]  ? __this_cpu_preempt_check+0x20/0x30
[   48.271081]  ? lock_release+0x3f8/0x770
[   48.271858]  ? __audit_syscall_entry+0x3d5/0x540
[   48.272771]  ? __pfx_lock_release+0x10/0x10
[   48.273605]  ? __pfx_lock_acquire+0x10/0x10
[   48.274437]  ? ktime_get_coarse_real_ts64+0x181/0x1b0
[   48.275438]  ? __audit_syscall_entry+0x3d5/0x540
[   48.276353]  ? __this_cpu_preempt_check+0x20/0x30
[   48.277272]  ? write_comp_data+0x2f/0x90
[   48.278057]  ? __sanitizer_cov_trace_pc+0x25/0x60
[   48.278995]  ? ktime_get_coarse_real_ts64+0x12e/0x1b0
[   48.280009]  ? write_comp_data+0x2f/0x90
[   48.280797]  ? write_comp_data+0x2f/0x90
[   48.281584]  ? __pfx_ext4_ioctl+0x10/0x10
[   48.282373]  ext4_ioctl+0x2e/0x40
[   48.283037]  ? ext4_ioctl+0x2e/0x40
[   48.283759]  __x64_sys_ioctl+0x1a3/0x230
[   48.284551]  do_syscall_64+0x3b/0x90
[   48.285271]  entry_SYSCALL_64_after_hwframe+0x72/0xdc
[   48.286257] RIP: 0033:0x7f4e30a3ee5d
[   48.286964] Code: ff c3 66 2e 0f 1f 84 00 00 00 00 00 90 f3 0f 1e fa 48 89 f8 48 89 f7 48 89 d6 48 89 ca 4d 89 c2 4d 89 c8 4c 8b 4c 24 08 0f 05 <48> 3d 01 f0 ff ff 73 01 c3 48 8b 0d 93 af 1b 00 f7 d8 64 89 01 48
[   48.290448] RSP: 002b:00007ffe5fd45b18 EFLAGS: 00000246 ORIG_RAX: 0000000000000010
[   48.291907] RAX: ffffffffffffffda RBX: 0000000000000000 RCX: 00007f4e30a3ee5d
[   48.293272] RDX: 0000000020000000 RSI: 00000000c028660f RDI: 0000000000000005
[   48.294644] RBP: 00007ffe5fd45b90 R08: 0000000000000000 R09: 0000000000000000
[   48.296011] R10: 0000000000000000 R11: 0000000000000246 R12: 00007ffe5fd45d08
[   48.297372] R13: 0000000000404cd8 R14: 0000000000408e08 R15: 00007f4e30dbd000
[   48.298748]  </TASK>
[   48.299216] irq event stamp: 6917
[   48.299873] hardirqs last  enabled at (6917): [<ffffffff814da581>] ktime_get_coarse_real_ts64+0x181/0x1b0
[   48.301688] hardirqs last disabled at (6916): [<ffffffff814da54b>] ktime_get_coarse_real_ts64+0x14b/0x1b0
[   48.303496] softirqs last  enabled at (6360): [<ffffffff853cd2e5>] __do_softirq+0x4f5/0x77c
[   48.305098] softirqs last disabled at (6353): [<ffffffff812500b5>] irq_exit_rcu+0xe5/0x130
[   48.306674] ---[ end trace 0000000000000000 ]---
[   48.341266] loop0: detected capacity change from 0 to 2048
[   48.382422] loop0: detected capacity change from 0 to 2048
[   48.447333] loop0: detected capacity change from 0 to 2048
[   48.524855] loop0: detected capacity change from 0 to 2048
[   48.582529] loop0: detected capacity change from 0 to 2048
[   48.627465] loop0: detected capacity change from 0 to 2048
[   48.700990] loop0: detected capacity change from 0 to 2048
[   48.757783] loop0: detected capacity change from 0 to 2048
[   48.758536] I/O error, dev loop0, sector 0 op 0x0:(READ) flags 0x80700 phys_seg 1 prio class 2
[   48.802917] loop0: detected capacity change from 0 to 2048
[   48.879314] loop0: detected capacity change from 0 to 2048
[   48.926447] loop0: detected capacity change from 0 to 2048
[   48.986531] loop0: detected capacity change from 0 to 2048
[   49.034519] loop0: detected capacity change from 0 to 2048
[   49.125090] loop0: detected capacity change from 0 to 2048
[   49.194811] loop0: detected capacity change from 0 to 2048
[   49.268067] loop0: detected capacity change from 0 to 2048
[   49.314931] loop0: detected capacity change from 0 to 2048
[   49.384861] loop0: detected capacity change from 0 to 2048
[   49.447382] loop0: detected capacity change from 0 to 2048
[   49.502116] loop0: detected capacity change from 0 to 2048
[   49.575815] loop0: detected capacity change from 0 to 2048
[   49.648707] loop0: detected capacity change from 0 to 2048
[   49.699717] loop0: detected capacity change from 0 to 2048
[   49.752195] loop0: detected capacity change from 0 to 2048
[   49.821103] loop0: detected capacity change from 0 to 2048
[   49.884409] loop0: detected capacity change from 0 to 2048
[   49.885289] I/O error, dev loop0, sector 0 op 0x0:(READ) flags 0x80700 phys_seg 1 prio class 2
[   49.937704] loop0: detected capacity change from 0 to 2048
[   49.989787] loop0: detected capacity change from 0 to 2048
[   50.050636] loop0: detected capacity change from 0 to 2048
[   50.051381] I/O error, dev loop0, sector 0 op 0x0:(READ) flags 0x80700 phys_seg 1 prio class 2
[   50.137991] loop0: detected capacity change from 0 to 2048
[   50.216193] loop0: detected capacity change from 0 to 2048
[   50.263951] loop0: detected capacity change from 0 to 2048
[   50.321299] loop0: detected capacity change from 0 to 2048
[   50.383478] loop0: detected capacity change from 0 to 2048
[   50.431572] loop0: detected capacity change from 0 to 2048
[   50.485804] loop0: detected capacity change from 0 to 2048
[   50.531351] loop0: detected capacity change from 0 to 2048
[   50.593276] loop0: detected capacity change from 0 to 2048
[   50.657349] loop0: detected capacity change from 0 to 2048
[   50.723801] loop0: detected capacity change from 0 to 2048
[   50.771806] loop0: detected capacity change from 0 to 2048
[   50.845579] loop0: detected capacity change from 0 to 2048
[   50.897271] loop0: detected capacity change from 0 to 2048
[   50.955730] loop0: detected capacity change from 0 to 2048
[   51.001025] loop0: detected capacity change from 0 to 2048
[   51.062244] loop0: detected capacity change from 0 to 2048
[   51.141983] loop0: detected capacity change from 0 to 2048
[   51.227703] loop0: detected capacity change from 0 to 2048
[   51.282821] loop0: detected capacity change from 0 to 2048
[   51.349570] loop0: detected capacity change from 0 to 2048
[   51.406852] loop0: detected capacity change from 0 to 2048
[   51.467472] loop0: detected capacity change from 0 to 2048
[   51.515855] loop0: detected capacity change from 0 to 2048
[   51.588806] loop0: detected capacity change from 0 to 2048
[   51.636253] loop0: detected capacity change from 0 to 2048
[   51.714695] loop0: detected capacity change from 0 to 2048
[   51.769221] loop0: detected capacity change from 0 to 2048
[   51.833594] loop0: detected capacity change from 0 to 2048
[   51.878495] loop0: detected capacity change from 0 to 2048
[   51.922967] loop0: detected capacity change from 0 to 2048
[   51.990151] loop0: detected capacity change from 0 to 2048
[   52.031493] loop0: detected capacity change from 0 to 2048
[   52.104421] loop0: detected capacity change from 0 to 2048
[   52.166934] loop0: detected capacity change from 0 to 2048
[   52.218667] loop0: detected capacity change from 0 to 2048
[   52.259662] loop0: detected capacity change from 0 to 2048
[   52.326410] loop0: detected capacity change from 0 to 2048
[   52.371501] loop0: detected capacity change from 0 to 2048
[   52.430276] loop0: detected capacity change from 0 to 2048
[   52.431351] I/O error, dev loop0, sector 0 op 0x0:(READ) flags 0x80700 phys_seg 1 prio class 2
[   52.486010] loop0: detected capacity change from 0 to 2048
[   52.537635] loop0: detected capacity change from 0 to 2048
[   52.586582] loop0: detected capacity change from 0 to 2048
[   52.651640] loop0: detected capacity change from 0 to 2048
[   52.652613] I/O error, dev loop0, sector 0 op 0x0:(READ) flags 0x80700 phys_seg 1 prio class 2
[   52.704192] loop0: detected capacity change from 0 to 2048
[   52.772760] loop0: detected capacity change from 0 to 2048
[   52.810441] loop0: detected capacity change from 0 to 2048
[   52.869205] loop0: detected capacity change from 0 to 2048
[   52.921795] loop0: detected capacity change from 0 to 2048
[   52.978241] loop0: detected capacity change from 0 to 2048
[   53.011686] loop0: detected capacity change from 0 to 2048
[   53.073717] loop0: detected capacity change from 0 to 2048
[   53.136173] loop0: detected capacity change from 0 to 2048
[   53.183044] loop0: detected capacity change from 0 to 2048
[   53.251343] loop0: detected capacity change from 0 to 2048
[   53.310074] loop0: detected capacity change from 0 to 2048
[   53.361259] loop0: detected capacity change from 0 to 2048
[   53.414272] loop0: detected capacity change from 0 to 2048
[   53.470175] loop0: detected capacity change from 0 to 2048
[   53.524872] loop0: detected capacity change from 0 to 2048
[   53.573668] loop0: detected capacity change from 0 to 2048
[   53.610899] loop0: detected capacity change from 0 to 2048
[   53.669674] loop0: detected capacity change from 0 to 2048
[   53.707680] loop0: detected capacity change from 0 to 2048
[   53.765988] loop0: detected capacity change from 0 to 2048
[   53.824187] loop0: detected capacity change from 0 to 2048
[   53.895068] loop0: detected capacity change from 0 to 2048
[   53.953615] loop0: detected capacity change from 0 to 2048
[   53.985347] loop0: detected capacity change from 0 to 2048
[   54.028401] loop0: detected capacity change from 0 to 2048
[   54.107667] loop0: detected capacity change from 0 to 2048
[   54.186982] loop0: detected capacity change from 0 to 2048
[   54.247922] loop0: detected capacity change from 0 to 2048
[   54.290876] loop0: detected capacity change from 0 to 2048
[   54.292016] I/O error, dev loop0, sector 0 op 0x0:(READ) flags 0x80700 phys_seg 1 prio class 2
[   54.343082] loop0: detected capacity change from 0 to 2048
[   54.396865] loop0: detected capacity change from 0 to 2048
[   54.455266] loop0: detected capacity change from 0 to 2048
[   54.513511] loop0: detected capacity change from 0 to 2048
[   54.556991] loop0: detected capacity change from 0 to 2048
[   54.624868] loop0: detected capacity change from 0 to 2048
[   54.666215] loop0: detected capacity change from 0 to 2048
[   54.740197] loop0: detected capacity change from 0 to 2048
[   54.740900] I/O error, dev loop0, sector 0 op 0x0:(READ) flags 0x80700 phys_seg 1 prio class 2
[   54.797312] loop0: detected capacity change from 0 to 2048
[   54.858685] loop0: detected capacity change from 0 to 2048
[   54.905187] loop0: detected capacity change from 0 to 2048
[   54.966788] loop0: detected capacity change from 0 to 2048
[   55.036788] loop0: detected capacity change from 0 to 2048
[   55.114427] loop0: detected capacity change from 0 to 2048
[   55.196898] loop0: detected capacity change from 0 to 2048
[   55.268720] loop0: detected capacity change from 0 to 2048
[   55.330478] loop0: detected capacity change from 0 to 2048
[   55.378101] loop0: detected capacity change from 0 to 2048
[   55.438403] loop0: detected capacity change from 0 to 2048
[   55.498536] loop0: detected capacity change from 0 to 2048
[   55.551259] loop0: detected capacity change from 0 to 2048
[   55.615879] loop0: detected capacity change from 0 to 2048
[   55.685325] loop0: detected capacity change from 0 to 2048
[   55.725535] loop0: detected capacity change from 0 to 2048
[   55.781903] loop0: detected capacity change from 0 to 2048
[   55.826958] loop0: detected capacity change from 0 to 2048
[   55.868107] loop0: detected capacity change from 0 to 2048
[   55.912773] loop0: detected capacity change from 0 to 2048
[   55.982708] loop0: detected capacity change from 0 to 2048
[   56.029032] loop0: detected capacity change from 0 to 2048
[   56.072637] loop0: detected capacity change from 0 to 2048
[   56.163774] loop0: detected capacity change from 0 to 2048
[   56.220023] loop0: detected capacity change from 0 to 2048
[   56.274759] loop0: detected capacity change from 0 to 2048
[   56.328226] loop0: detected capacity change from 0 to 2048
[   56.382750] loop0: detected capacity change from 0 to 2048
[   56.443082] loop0: detected capacity change from 0 to 2048
[   56.489271] loop0: detected capacity change from 0 to 2048
[   56.538511] loop0: detected capacity change from 0 to 2048
[   56.597853] loop0: detected capacity change from 0 to 2048
[   56.655845] loop0: detected capacity change from 0 to 2048
[   56.707440] loop0: detected capacity change from 0 to 2048
[   56.771846] loop0: detected capacity change from 0 to 2048
[   56.815444] loop0: detected capacity change from 0 to 2048
[   56.896643] loop0: detected capacity change from 0 to 2048
[   56.951624] loop0: detected capacity change from 0 to 2048
[   57.017231] loop0: detected capacity change from 0 to 2048
[   57.018417] I/O error, dev loop0, sector 0 op 0x0:(READ) flags 0x80700 phys_seg 1 prio class 2
[   57.101333] loop0: detected capacity change from 0 to 2048
[   57.190758] loop0: detected capacity change from 0 to 2048
[   57.261242] loop0: detected capacity change from 0 to 2048
[   57.316840] loop0: detected capacity change from 0 to 2048
[   57.371110] loop0: detected capacity change from 0 to 2048
[   57.424791] loop0: detected capacity change from 0 to 2048
[   57.504185] loop0: detected capacity change from 0 to 2048
[   57.578736] loop0: detected capacity change from 0 to 2048
[   57.631537] loop0: detected capacity change from 0 to 2048
[   57.706982] loop0: detected capacity change from 0 to 2048
[   57.762711] loop0: detected capacity change from 0 to 2048
[   57.816106] loop0: detected capacity change from 0 to 2048
[   57.862828] loop0: detected capacity change from 0 to 2048
[   57.922813] loop0: detected capacity change from 0 to 2048
[   57.975083] loop0: detected capacity change from 0 to 2048
[   58.032049] loop0: detected capacity change from 0 to 2048
[   58.107925] loop0: detected capacity change from 0 to 2048
[   58.195576] loop0: detected capacity change from 0 to 2048
[   58.259939] loop0: detected capacity change from 0 to 2048
[   58.297913] loop0: detected capacity change from 0 to 2048
[   58.335254] loop0: detected capacity change from 0 to 2048
[   58.398312] loop0: detected capacity change from 0 to 2048
[   58.475572] loop0: detected capacity change from 0 to 2048
[   58.537785] loop0: detected capacity change from 0 to 2048
[   58.591018] loop0: detected capacity change from 0 to 2048
[   58.640004] loop0: detected capacity change from 0 to 2048
[   58.698551] loop0: detected capacity change from 0 to 2048
[   58.765106] loop0: detected capacity change from 0 to 2048
[   58.823411] loop0: detected capacity change from 0 to 2048
[   58.882242] loop0: detected capacity change from 0 to 2048
[   58.946354] loop0: detected capacity change from 0 to 2048
[   59.015037] loop0: detected capacity change from 0 to 2048
[   59.081889] loop0: detected capacity change from 0 to 2048
[   59.162861] loop0: detected capacity change from 0 to 2048
[   59.229116] loop0: detected capacity change from 0 to 2048
[   59.298325] loop0: detected capacity change from 0 to 2048
[   59.354910] loop0: detected capacity change from 0 to 2048
[   59.408732] loop0: detected capacity change from 0 to 2048
[   59.457897] loop0: detected capacity change from 0 to 2048
[   59.510260] loop0: detected capacity change from 0 to 2048
[   59.510976] I/O error, dev loop0, sector 0 op 0x0:(READ) flags 0x80700 phys_seg 1 prio class 2
[   59.580157] loop0: detected capacity change from 0 to 2048
[   59.627970] loop0: detected capacity change from 0 to 2048
[   59.699935] loop0: detected capacity change from 0 to 2048
[   59.746138] loop0: detected capacity change from 0 to 2048
[   59.811926] loop0: detected capacity change from 0 to 2048
[   59.860547] loop0: detected capacity change from 0 to 2048
[   59.928579] loop0: detected capacity change from 0 to 2048
[   59.967026] loop0: detected capacity change from 0 to 2048
[   60.014415] loop0: detected capacity change from 0 to 2048
[   60.073654] loop0: detected capacity change from 0 to 2048
[   60.131882] loop0: detected capacity change from 0 to 2048
[   60.180247] loop0: detected capacity change from 0 to 2048
[   60.222527] loop0: detected capacity change from 0 to 2048
[   60.258492] loop0: detected capacity change from 0 to 2048
[   60.301790] loop0: detected capacity change from 0 to 2048
[   60.357762] loop0: detected capacity change from 0 to 2048
[   60.413124] loop0: detected capacity change from 0 to 2048
[   60.462591] loop0: detected capacity change from 0 to 2048
[   60.526225] loop0: detected capacity change from 0 to 2048
[   60.566842] loop0: detected capacity change from 0 to 2048
[   60.615484] loop0: detected capacity change from 0 to 2048
[   60.616129] I/O error, dev loop0, sector 0 op 0x0:(READ) flags 0x80700 phys_seg 1 prio class 2
[   60.667206] loop0: detected capacity change from 0 to 2048
[   60.667585] I/O error, dev loop0, sector 0 op 0x0:(READ) flags 0x80700 phys_seg 1 prio class 2
[   60.715493] loop0: detected capacity change from 0 to 2048
[   60.760075] loop0: detected capacity change from 0 to 2048
[   60.760554] I/O error, dev loop0, sector 0 op 0x0:(READ) flags 0x80700 phys_seg 1 prio class 2
[   60.803398] loop0: detected capacity change from 0 to 2048
[   60.804012] I/O error, dev loop0, sector 0 op 0x0:(READ) flags 0x80700 phys_seg 1 prio class 2
[   60.850000] loop0: detected capacity change from 0 to 2048
[   60.888160] loop0: detected capacity change from 0 to 2048
[   60.931101] loop0: detected capacity change from 0 to 2048
[   60.991480] loop0: detected capacity change from 0 to 2048
[   61.037261] loop0: detected capacity change from 0 to 2048
[   61.099276] loop0: detected capacity change from 0 to 2048
[   61.146180] loop0: detected capacity change from 0 to 2048
[   61.213729] loop0: detected capacity change from 0 to 2048
[   61.258625] loop0: detected capacity change from 0 to 2048
[   61.313781] loop0: detected capacity change from 0 to 2048
[   61.344467] loop0: detected capacity change from 0 to 2048
[   61.394671] loop0: detected capacity change from 0 to 2048
[   61.430032] loop0: detected capacity change from 0 to 2048
[   61.479501] loop0: detected capacity change from 0 to 2048
[   61.519754] loop0: detected capacity change from 0 to 2048
[   61.554551] loop0: detected capacity change from 0 to 2048
[   61.598997] loop0: detected capacity change from 0 to 2048
[   61.638602] loop0: detected capacity change from 0 to 2048
[   61.689321] loop0: detected capacity change from 0 to 2048
[   61.737338] loop0: detected capacity change from 0 to 2048
[   61.783245] loop0: detected capacity change from 0 to 2048
[   61.832763] loop0: detected capacity change from 0 to 2048
[   61.886907] loop0: detected capacity change from 0 to 2048
[   61.935359] loop0: detected capacity change from 0 to 2048
[   61.983737] loop0: detected capacity change from 0 to 2048
[   62.046616] loop0: detected capacity change from 0 to 2048
[   62.106478] loop0: detected capacity change from 0 to 2048
[   62.171368] loop0: detected capacity change from 0 to 2048
[   62.218437] loop0: detected capacity change from 0 to 2048
[   62.251692] loop0: detected capacity change from 0 to 2048
[   62.290526] loop0: detected capacity change from 0 to 2048
[   62.324074] loop0: detected capacity change from 0 to 2048
[   62.386816] loop0: detected capacity change from 0 to 2048
[   62.430333] loop0: detected capacity change from 0 to 2048
[   62.457468] loop0: detected capacity change from 0 to 2048
[   62.500209] loop0: detected capacity change from 0 to 2048
[   62.552682] loop0: detected capacity change from 0 to 2048
[   62.594278] loop0: detected capacity change from 0 to 2048
[   62.635908] loop0: detected capacity change from 0 to 2048
[   62.688062] loop0: detected capacity change from 0 to 2048
[   62.729007] loop0: detected capacity change from 0 to 2048
[   62.787048] loop0: detected capacity change from 0 to 2048
[   62.840044] loop0: detected capacity change from 0 to 2048
[   62.872882] loop0: detected capacity change from 0 to 2048
[   62.907639] loop0: detected capacity change from 0 to 2048
[   62.947157] loop0: detected capacity change from 0 to 2048
[   62.981663] loop0: detected capacity change from 0 to 2048
[   63.021190] loop0: detected capacity change from 0 to 2048
[   63.056758] loop0: detected capacity change from 0 to 2048
[   63.092175] loop0: detected capacity change from 0 to 2048
[   63.143407] loop0: detected capacity change from 0 to 2048
[   63.192038] loop0: detected capacity change from 0 to 2048
[   63.226467] loop0: detected capacity change from 0 to 2048
[   63.262955] loop0: detected capacity change from 0 to 2048
[   63.307583] loop0: detected capacity change from 0 to 2048
[   63.348749] loop0: detected capacity change from 0 to 2048
[   63.383912] loop0: detected capacity change from 0 to 2048
[   63.459804] loop0: detected capacity change from 0 to 2048
[   63.497369] loop0: detected capacity change from 0 to 2048
[   63.555760] loop0: detected capacity change from 0 to 2048
[   63.589341] loop0: detected capacity change from 0 to 2048
[   63.638699] loop0: detected capacity change from 0 to 2048
[   63.691645] loop0: detected capacity change from 0 to 2048
[   63.743149] loop0: detected capacity change from 0 to 2048
[   63.790173] loop0: detected capacity change from 0 to 2048
[   63.828212] loop0: detected capacity change from 0 to 2048
[   63.866171] loop0: detected capacity change from 0 to 2048
[   63.924661] loop0: detected capacity change from 0 to 2048
[   63.968158] loop0: detected capacity change from 0 to 2048
[   64.008542] loop0: detected capacity change from 0 to 2048
[   64.044156] loop0: detected capacity change from 0 to 2048
[   64.083801] loop0: detected capacity change from 0 to 2048
[   64.155585] loop0: detected capacity change from 0 to 2048
[   64.204962] loop0: detected capacity change from 0 to 2048
[   64.258949] loop0: detected capacity change from 0 to 2048
[   64.316789] loop0: detected capacity change from 0 to 2048
[   64.373940] loop0: detected capacity change from 0 to 2048
[   64.426914] loop0: detected capacity change from 0 to 2048
[   64.477769] loop0: detected capacity change from 0 to 2048
[   64.527422] loop0: detected capacity change from 0 to 2048
[   64.576778] loop0: detected capacity change from 0 to 2048
[   64.610535] loop0: detected capacity change from 0 to 2048
[   64.670855] loop0: detected capacity change from 0 to 2048
[   64.730584] loop0: detected capacity change from 0 to 2048
[   64.768242] loop0: detected capacity change from 0 to 2048
[   64.814339] loop0: detected capacity change from 0 to 2048
[   64.841990] loop0: detected capacity change from 0 to 2048
[   64.902553] loop0: detected capacity change from 0 to 2048
[   64.942314] loop0: detected capacity change from 0 to 2048
[   65.010100] loop0: detected capacity change from 0 to 2048
[   65.041229] loop0: detected capacity change from 0 to 2048
[   65.104357] loop0: detected capacity change from 0 to 2048
[   65.155286] loop0: detected capacity change from 0 to 2048
[   65.206555] loop0: detected capacity change from 0 to 2048
[   65.234053] loop0: detected capacity change from 0 to 2048
[   65.284323] loop0: detected capacity change from 0 to 2048
[   65.346468] loop0: detected capacity change from 0 to 2048
[   65.378057] loop0: detected capacity change from 0 to 2048
[   65.412112] loop0: detected capacity change from 0 to 2048
[   65.447530] loop0: detected capacity change from 0 to 2048
[   65.500138] loop0: detected capacity change from 0 to 2048
[   65.534659] loop0: detected capacity change from 0 to 2048
[   65.596305] loop0: detected capacity change from 0 to 2048
[   65.634426] loop0: detected capacity change from 0 to 2048
[   65.674415] loop0: detected capacity change from 0 to 2048
[   65.719961] loop0: detected capacity change from 0 to 2048
[   65.720564] I/O error, dev loop0, sector 0 op 0x0:(READ) flags 0x80700 phys_seg 1 prio class 2
[   65.762684] loop0: detected capacity change from 0 to 2048
[   65.813789] loop0: detected capacity change from 0 to 2048
[   65.863293] loop0: detected capacity change from 0 to 2048
[   65.904068] loop0: detected capacity change from 0 to 2048
[   65.942471] loop0: detected capacity change from 0 to 2048
[   65.981363] loop0: detected capacity change from 0 to 2048
[   66.022781] loop0: detected capacity change from 0 to 2048
[   66.063499] loop0: detected capacity change from 0 to 2048
[   66.117117] loop0: detected capacity change from 0 to 2048
[   66.168367] loop0: detected capacity change from 0 to 2048
[   66.212985] loop0: detected capacity change from 0 to 2048
[   66.252347] loop0: detected capacity change from 0 to 2048
[   66.304714] loop0: detected capacity change from 0 to 2048
[   66.341747] loop0: detected capacity change from 0 to 2048
[   66.342806] I/O error, dev loop0, sector 0 op 0x0:(READ) flags 0x80700 phys_seg 1 prio class 2
[   66.391352] loop0: detected capacity change from 0 to 2048
[   66.434315] loop0: detected capacity change from 0 to 2048
[   66.435317] I/O error, dev loop0, sector 0 op 0x0:(READ) flags 0x80700 phys_seg 1 prio class 2
[   66.483234] loop0: detected capacity change from 0 to 2048
[   66.530809] loop0: detected capacity change from 0 to 2048
[   66.566485] loop0: detected capacity change from 0 to 2048
[   66.609639] loop0: detected capacity change from 0 to 2048
[   66.642990] loop0: detected capacity change from 0 to 2048
[   66.683530] loop0: detected capacity change from 0 to 2048
[   66.720063] loop0: detected capacity change from 0 to 2048
[   66.760714] loop0: detected capacity change from 0 to 2048
[   66.812020] loop0: detected capacity change from 0 to 2048
[   66.872333] loop0: detected capacity change from 0 to 2048
[   66.910193] loop0: detected capacity change from 0 to 2048
[   66.954484] loop0: detected capacity change from 0 to 2048
[   66.994299] loop0: detected capacity change from 0 to 2048
[   67.026462] loop0: detected capacity change from 0 to 2048
[   67.068771] loop0: detected capacity change from 0 to 2048
[   67.119856] loop0: detected capacity change from 0 to 2048
[   67.174617] loop0: detected capacity change from 0 to 2048
[   67.238183] loop0: detected capacity change from 0 to 2048
[   67.295422] loop0: detected capacity change from 0 to 2048
[   67.336032] loop0: detected capacity change from 0 to 2048
[   67.402774] loop0: detected capacity change from 0 to 2048
[   67.455104] loop0: detected capacity change from 0 to 2048
[   67.490059] loop0: detected capacity change from 0 to 2048
[   67.534615] loop0: detected capacity change from 0 to 2048
[   67.571141] loop0: detected capacity change from 0 to 2048
[   67.620889] loop0: detected capacity change from 0 to 2048
[   67.652132] loop0: detected capacity change from 0 to 2048
[   67.707513] loop0: detected capacity change from 0 to 2048
[   67.763307] loop0: detected capacity change from 0 to 2048
[   67.789793] loop0: detected capacity change from 0 to 2048
[   67.824668] loop0: detected capacity change from 0 to 2048
[   67.877307] loop0: detected capacity change from 0 to 2048
[   67.916472] loop0: detected capacity change from 0 to 2048
[   67.963358] loop0: detected capacity change from 0 to 2048
[   67.964045] I/O error, dev loop0, sector 0 op 0x0:(READ) flags 0x80700 phys_seg 1 prio class 2
[   68.005697] loop0: detected capacity change from 0 to 2048
[   68.048711] loop0: detected capacity change from 0 to 2048
[   68.092259] loop0: detected capacity change from 0 to 2048
[   68.160276] loop0: detected capacity change from 0 to 2048
[   68.231408] loop0: detected capacity change from 0 to 2048
[   68.283808] loop0: detected capacity change from 0 to 2048
[   68.284730] I/O error, dev loop0, sector 0 op 0x0:(READ) flags 0x80700 phys_seg 1 prio class 2
[   68.319325] loop0: detected capacity change from 0 to 2048
[   68.360009] loop0: detected capacity change from 0 to 2048
[   68.415990] loop0: detected capacity change from 0 to 2048
[   68.450005] loop0: detected capacity change from 0 to 2048
[   68.507038] loop0: detected capacity change from 0 to 2048
[   68.507845] I/O error, dev loop0, sector 0 op 0x0:(READ) flags 0x80700 phys_seg 1 prio class 2
[   68.547956] loop0: detected capacity change from 0 to 2048
[   68.590327] loop0: detected capacity change from 0 to 2048
[   68.623977] loop0: detected capacity change from 0 to 2048
[   68.679861] loop0: detected capacity change from 0 to 2048
[   68.718590] loop0: detected capacity change from 0 to 2048
[   68.783064] loop0: detected capacity change from 0 to 2048
[   68.811924] loop0: detected capacity change from 0 to 2048
[   68.845689] loop0: detected capacity change from 0 to 2048
[   68.899070] loop0: detected capacity change from 0 to 2048
[   68.954312] loop0: detected capacity change from 0 to 2048
[   68.982540] loop0: detected capacity change from 0 to 2048
[   69.018055] loop0: detected capacity change from 0 to 2048
[   69.026604] EXT4-fs mount: 1012 callbacks suppressed
[   69.026624] EXT4-fs (loop0): mounted filesystem 00000000-0000-0000-0000-000000000000 r/w without journal. Quota mode: none.
[   69.036923] EXT4-fs (loop0): unmounting filesystem 00000000-0000-0000-0000-000000000000.
[   69.059922] loop0: detected capacity change from 0 to 2048
[   69.068197] EXT4-fs (loop0): mounted filesystem 00000000-0000-0000-0000-000000000000 r/w without journal. Quota mode: none.
[   69.097028] EXT4-fs (loop0): unmounting filesystem 00000000-0000-0000-0000-000000000000.
[   69.126594] loop0: detected capacity change from 0 to 2048
[   69.142775] EXT4-fs (loop0): mounted filesystem 00000000-0000-0000-0000-000000000000 r/w without journal. Quota mode: none.
[   69.166065] EXT4-fs (loop0): unmounting filesystem 00000000-0000-0000-0000-000000000000.
[   69.198680] loop0: detected capacity change from 0 to 2048
[   69.222256] EXT4-fs (loop0): mounted filesystem 00000000-0000-0000-0000-000000000000 r/w without journal. Quota mode: none.
[   69.235587] EXT4-fs (loop0): unmounting filesystem 00000000-0000-0000-0000-000000000000.
[   69.264096] loop0: detected capacity change from 0 to 2048
[   69.271519] EXT4-fs (loop0): mounted filesystem 00000000-0000-0000-0000-000000000000 r/w without journal. Quota mode: none.
[   69.282821] EXT4-fs (loop0): unmounting filesystem 00000000-0000-0000-0000-000000000000.
[   69.319125] loop0: detected capacity change from 0 to 2048
[   69.331543] EXT4-fs (loop0): mounted filesystem 00000000-0000-0000-0000-000000000000 r/w without journal. Quota mode: none.
[   69.339601] EXT4-fs (loop0): unmounting filesystem 00000000-0000-0000-0000-000000000000.
[   69.374279] loop0: detected capacity change from 0 to 2048
[   69.380022] EXT4-fs (loop0): mounted filesystem 00000000-0000-0000-0000-000000000000 r/w without journal. Quota mode: none.
[   69.394009] EXT4-fs (loop0): unmounting filesystem 00000000-0000-0000-0000-000000000000.
[   69.424984] loop0: detected capacity change from 0 to 2048
[   69.431540] EXT4-fs (loop0): mounted filesystem 00000000-0000-0000-0000-000000000000 r/w without journal. Quota mode: none.
[   69.442344] EXT4-fs (loop0): unmounting filesystem 00000000-0000-0000-0000-000000000000.
[   69.469960] loop0: detected capacity change from 0 to 2048
[   69.475501] EXT4-fs (loop0): mounted filesystem 00000000-0000-0000-0000-000000000000 r/w without journal. Quota mode: none.
[   69.488101] EXT4-fs (loop0): unmounting filesystem 00000000-0000-0000-0000-000000000000.
[   69.516159] loop0: detected capacity change from 0 to 2048
[   69.527428] EXT4-fs (loop0): mounted filesystem 00000000-0000-0000-0000-000000000000 r/w without journal. Quota mode: none.
[   69.534281] EXT4-fs (loop0): unmounting filesystem 00000000-0000-0000-0000-000000000000.
[   69.550241] loop0: detected capacity change from 0 to 2048
[   69.574005] EXT4-fs (loop0): mounted filesystem 00000000-0000-0000-0000-000000000000 r/w without journal. Quota mode: none.
[   69.583822] EXT4-fs (loop0): unmounting filesystem 00000000-0000-0000-0000-000000000000.
[   69.612846] loop0: detected capacity change from 0 to 2048
[   69.619482] EXT4-fs (loop0): mounted filesystem 00000000-0000-0000-0000-000000000000 r/w without journal. Quota mode: none.
[   69.626762] EXT4-fs (loop0): unmounting filesystem 00000000-0000-0000-0000-000000000000.
[   69.662976] loop0: detected capacity change from 0 to 2048
[   69.671262] EXT4-fs (loop0): mounted filesystem 00000000-0000-0000-0000-000000000000 r/w without journal. Quota mode: none.
[   69.679500] EXT4-fs (loop0): unmounting filesystem 00000000-0000-0000-0000-000000000000.
[   69.703587] loop0: detected capacity change from 0 to 2048
[   69.704741] I/O error, dev loop0, sector 0 op 0x0:(READ) flags 0x80700 phys_seg 1 prio class 2
[   69.711447] EXT4-fs (loop0): mounted filesystem 00000000-0000-0000-0000-000000000000 r/w without journal. Quota mode: none.
[   69.723060] EXT4-fs (loop0): unmounting filesystem 00000000-0000-0000-0000-000000000000.
[   69.758893] loop0: detected capacity change from 0 to 2048
[   69.767732] EXT4-fs (loop0): mounted filesystem 00000000-0000-0000-0000-000000000000 r/w without journal. Quota mode: none.
[   69.777023] EXT4-fs (loop0): unmounting filesystem 00000000-0000-0000-0000-000000000000.
[   69.806678] loop0: detected capacity change from 0 to 2048
[   69.811736] EXT4-fs (loop0): mounted filesystem 00000000-0000-0000-0000-000000000000 r/w without journal. Quota mode: none.
[   69.821851] EXT4-fs (loop0): unmounting filesystem 00000000-0000-0000-0000-000000000000.
[   69.852012] loop0: detected capacity change from 0 to 2048
[   69.859391] EXT4-fs (loop0): mounted filesystem 00000000-0000-0000-0000-000000000000 r/w without journal. Quota mode: none.
[   69.869998] EXT4-fs (loop0): unmounting filesystem 00000000-0000-0000-0000-000000000000.
[   69.909824] loop0: detected capacity change from 0 to 2048
[   69.915190] EXT4-fs (loop0): mounted filesystem 00000000-0000-0000-0000-000000000000 r/w without journal. Quota mode: none.
[   69.923409] EXT4-fs (loop0): unmounting filesystem 00000000-0000-0000-0000-000000000000.
[   69.961262] loop0: detected capacity change from 0 to 2048
[   69.968036] EXT4-fs (loop0): mounted filesystem 00000000-0000-0000-0000-000000000000 r/w without journal. Quota mode: none.
[   69.976071] EXT4-fs (loop0): unmounting filesystem 00000000-0000-0000-0000-000000000000.
[   69.997170] loop0: detected capacity change from 0 to 2048
[   70.003360] EXT4-fs (loop0): mounted filesystem 00000000-0000-0000-0000-000000000000 r/w without journal. Quota mode: none.
[   70.017818] EXT4-fs (loop0): unmounting filesystem 00000000-0000-0000-0000-000000000000.
[   70.067213] loop0: detected capacity change from 0 to 2048
[   70.075571] EXT4-fs (loop0): mounted filesystem 00000000-0000-0000-0000-000000000000 r/w without journal. Quota mode: none.
[   70.091805] EXT4-fs (loop0): unmounting filesystem 00000000-0000-0000-0000-000000000000.
[   70.132084] loop0: detected capacity change from 0 to 2048
[   70.139758] EXT4-fs (loop0): mounted filesystem 00000000-0000-0000-0000-000000000000 r/w without journal. Quota mode: none.
[   70.166003] EXT4-fs (loop0): unmounting filesystem 00000000-0000-0000-0000-000000000000.
[   70.186149] loop0: detected capacity change from 0 to 2048
[   70.198043] EXT4-fs (loop0): mounted filesystem 00000000-0000-0000-0000-000000000000 r/w without journal. Quota mode: none.
[   70.206344] EXT4-fs (loop0): unmounting filesystem 00000000-0000-0000-0000-000000000000.
[   70.227963] loop0: detected capacity change from 0 to 2048
[   70.242296] EXT4-fs (loop0): mounted filesystem 00000000-0000-0000-0000-000000000000 r/w without journal. Quota mode: none.
[   70.255359] EXT4-fs (loop0): unmounting filesystem 00000000-0000-0000-0000-000000000000.
[   70.275979] loop0: detected capacity change from 0 to 2048
[   70.276340] I/O error, dev loop0, sector 0 op 0x0:(READ) flags 0x80700 phys_seg 1 prio class 2
[   70.292834] EXT4-fs (loop0): mounted filesystem 00000000-0000-0000-0000-000000000000 r/w without journal. Quota mode: none.
[   70.304371] EXT4-fs (loop0): unmounting filesystem 00000000-0000-0000-0000-000000000000.
[   70.327446] loop0: detected capacity change from 0 to 2048
[   70.335316] EXT4-fs (loop0): mounted filesystem 00000000-0000-0000-0000-000000000000 r/w without journal. Quota mode: none.
[   70.356711] EXT4-fs (loop0): unmounting filesystem 00000000-0000-0000-0000-000000000000.
[   70.384404] loop0: detected capacity change from 0 to 2048
[   70.399092] EXT4-fs (loop0): mounted filesystem 00000000-0000-0000-0000-000000000000 r/w without journal. Quota mode: none.
[   70.408313] EXT4-fs (loop0): unmounting filesystem 00000000-0000-0000-0000-000000000000.
[   70.431353] loop0: detected capacity change from 0 to 2048
[   70.439460] EXT4-fs (loop0): mounted filesystem 00000000-0000-0000-0000-000000000000 r/w without journal. Quota mode: none.
[   70.451052] EXT4-fs (loop0): unmounting filesystem 00000000-0000-0000-0000-000000000000.
[   70.478206] loop0: detected capacity change from 0 to 2048
[   70.494586] EXT4-fs (loop0): mounted filesystem 00000000-0000-0000-0000-000000000000 r/w without journal. Quota mode: none.
[   70.503025] EXT4-fs (loop0): unmounting filesystem 00000000-0000-0000-0000-000000000000.
[   70.526291] loop0: detected capacity change from 0 to 2048
[   70.534319] EXT4-fs (loop0): mounted filesystem 00000000-0000-0000-0000-000000000000 r/w without journal. Quota mode: none.
[   70.553178] EXT4-fs (loop0): unmounting filesystem 00000000-0000-0000-0000-000000000000.
[   70.575840] loop0: detected capacity change from 0 to 2048
[   70.586016] EXT4-fs (loop0): mounted filesystem 00000000-0000-0000-0000-000000000000 r/w without journal. Quota mode: none.
[   70.604585] EXT4-fs (loop0): unmounting filesystem 00000000-0000-0000-0000-000000000000.
[   70.627942] loop0: detected capacity change from 0 to 2048
[   70.638137] EXT4-fs (loop0): mounted filesystem 00000000-0000-0000-0000-000000000000 r/w without journal. Quota mode: none.
[   70.649369] EXT4-fs (loop0): unmounting filesystem 00000000-0000-0000-0000-000000000000.
[   70.679763] loop0: detected capacity change from 0 to 2048
[   70.741865] loop0: detected capacity change from 0 to 2048
[   70.790794] loop0: detected capacity change from 0 to 2048
[   70.844961] loop0: detected capacity change from 0 to 2048
[   70.895277] loop0: detected capacity change from 0 to 2048
[   70.949290] loop0: detected capacity change from 0 to 2048
[   71.016524] loop0: detected capacity change from 0 to 2048
[   71.062269] loop0: detected capacity change from 0 to 2048
[   71.121251] loop0: detected capacity change from 0 to 2048
[   71.199199] loop0: detected capacity change from 0 to 2048
[   71.199795] I/O error, dev loop0, sector 0 op 0x0:(READ) flags 0x80700 phys_seg 1 prio class 2
[   71.277230] loop0: detected capacity change from 0 to 2048
[   71.340950] loop0: detected capacity change from 0 to 2048
[   71.379770] loop0: detected capacity change from 0 to 2048
[   71.446276] loop0: detected capacity change from 0 to 2048
[   71.492031] loop0: detected capacity change from 0 to 2048
[   71.559227] loop0: detected capacity change from 0 to 2048
[   71.614980] loop0: detected capacity change from 0 to 2048
[   71.675162] loop0: detected capacity change from 0 to 2048
[   71.717167] loop0: detected capacity change from 0 to 2048
[   71.783580] loop0: detected capacity change from 0 to 2048
[   71.857277] loop0: detected capacity change from 0 to 2048
[   71.909211] loop0: detected capacity change from 0 to 2048
[   71.963929] loop0: detected capacity change from 0 to 2048
[   72.018560] loop0: detected capacity change from 0 to 2048
[   72.084741] loop0: detected capacity change from 0 to 2048
[   72.166200] loop0: detected capacity change from 0 to 2048
[   72.214121] loop0: detected capacity change from 0 to 2048
[   72.287431] loop0: detected capacity change from 0 to 2048
[   72.346215] loop0: detected capacity change from 0 to 2048
[   72.395953] loop0: detected capacity change from 0 to 2048
[   72.453089] loop0: detected capacity change from 0 to 2048
[   72.512298] loop0: detected capacity change from 0 to 2048
[   72.565852] loop0: detected capacity change from 0 to 2048
[   72.627110] loop0: detected capacity change from 0 to 2048
[   72.683869] loop0: detected capacity change from 0 to 2048
[   72.734191] loop0: detected capacity change from 0 to 2048
[   72.797765] loop0: detected capacity change from 0 to 2048
[   72.841876] loop0: detected capacity change from 0 to 2048
[   72.885021] loop0: detected capacity change from 0 to 2048
[   72.928247] loop0: detected capacity change from 0 to 2048
[   72.973561] loop0: detected capacity change from 0 to 2048
[   73.021451] loop0: detected capacity change from 0 to 2048
[   73.067059] loop0: detected capacity change from 0 to 2048
[   73.190373] loop0: detected capacity change from 0 to 2048
[   73.263335] loop0: detected capacity change from 0 to 2048
[   73.322490] loop0: detected capacity change from 0 to 2048
[   73.389045] loop0: detected capacity change from 0 to 2048
[   73.440975] loop0: detected capacity change from 0 to 2048
[   73.496706] loop0: detected capacity change from 0 to 2048
[   73.573928] loop0: detected capacity change from 0 to 2048
[   73.639519] loop0: detected capacity change from 0 to 2048
[   73.702260] loop0: detected capacity change from 0 to 2048
[   73.764324] loop0: detected capacity change from 0 to 2048
[   73.814727] loop0: detected capacity change from 0 to 2048
[   73.887862] loop0: detected capacity change from 0 to 2048
[   73.953911] loop0: detected capacity change from 0 to 2048
[   74.001941] loop0: detected capacity change from 0 to 2048
[   74.059421] loop0: detected capacity change from 0 to 2048
[   74.117961] loop0: detected capacity change from 0 to 2048
[   74.204875] loop0: detected capacity change from 0 to 2048
[   74.273229] loop0: detected capacity change from 0 to 2048
[   74.335453] loop0: detected capacity change from 0 to 2048
[   74.406485] loop0: detected capacity change from 0 to 2048
[   74.447356] loop0: detected capacity change from 0 to 2048
[   74.503704] loop0: detected capacity change from 0 to 2048
[   74.576140] loop0: detected capacity change from 0 to 2048
[   74.616676] loop0: detected capacity change from 0 to 2048
[   74.662317] loop0: detected capacity change from 0 to 2048
[   74.739490] loop0: detected capacity change from 0 to 2048
[   74.800053] loop0: detected capacity change from 0 to 2048
[   74.851633] loop0: detected capacity change from 0 to 2048
[   74.895356] loop0: detected capacity change from 0 to 2048
[   74.945660] loop0: detected capacity change from 0 to 2048
[   75.005896] loop0: detected capacity change from 0 to 2048
[   75.062085] loop0: detected capacity change from 0 to 2048
[   75.131580] loop0: detected capacity change from 0 to 2048
[   75.197779] loop0: detected capacity change from 0 to 2048
[   75.275410] loop0: detected capacity change from 0 to 2048
[   75.353033] loop0: detected capacity change from 0 to 2048
[   75.402023] loop0: detected capacity change from 0 to 2048
[   75.470996] loop0: detected capacity change from 0 to 2048
[   75.529135] loop0: detected capacity change from 0 to 2048
[   75.583681] loop0: detected capacity change from 0 to 2048
[   75.640519] loop0: detected capacity change from 0 to 2048
[   75.699658] loop0: detected capacity change from 0 to 2048
[   75.756889] loop0: detected capacity change from 0 to 2048
[   75.807506] loop0: detected capacity change from 0 to 2048
[   75.853359] loop0: detected capacity change from 0 to 2048
[   75.914759] loop0: detected capacity change from 0 to 2048
[   75.915518] I/O error, dev loop0, sector 0 op 0x0:(READ) flags 0x80700 phys_seg 1 prio class 2
[   75.975482] loop0: detected capacity change from 0 to 2048
[   76.035920] loop0: detected capacity change from 0 to 2048
[   76.082018] loop0: detected capacity change from 0 to 2048
[   76.163495] loop0: detected capacity change from 0 to 2048
[   76.219455] loop0: detected capacity change from 0 to 2048
[   76.298473] loop0: detected capacity change from 0 to 2048
[   76.351864] loop0: detected capacity change from 0 to 2048
[   76.427273] loop0: detected capacity change from 0 to 2048
[   76.476384] loop0: detected capacity change from 0 to 2048
[   76.540805] loop0: detected capacity change from 0 to 2048
[   76.611276] loop0: detected capacity change from 0 to 2048
[   76.681673] loop0: detected capacity change from 0 to 2048
[   76.728208] loop0: detected capacity change from 0 to 2048
[   76.775676] loop0: detected capacity change from 0 to 2048
[   76.844792] loop0: detected capacity change from 0 to 2048
[   76.908601] loop0: detected capacity change from 0 to 2048
[   76.968302] loop0: detected capacity change from 0 to 2048
[   77.037598] loop0: detected capacity change from 0 to 2048
[   77.103045] loop0: detected capacity change from 0 to 2048
[   77.104012] I/O error, dev loop0, sector 0 op 0x0:(READ) flags 0x80700 phys_seg 1 prio class 2
[   77.178493] loop0: detected capacity change from 0 to 2048
[   77.250645] loop0: detected capacity change from 0 to 2048
[   77.327271] loop0: detected capacity change from 0 to 2048
[   77.384947] loop0: detected capacity change from 0 to 2048
[   77.447310] loop0: detected capacity change from 0 to 2048
[   77.498813] loop0: detected capacity change from 0 to 2048
[   77.553797] loop0: detected capacity change from 0 to 2048
[   77.601795] loop0: detected capacity change from 0 to 2048
[   77.660957] loop0: detected capacity change from 0 to 2048
[   77.724114] loop0: detected capacity change from 0 to 2048
[   77.805166] loop0: detected capacity change from 0 to 2048
[   77.866827] loop0: detected capacity change from 0 to 2048
[   77.931682] loop0: detected capacity change from 0 to 2048
[   77.990368] loop0: detected capacity change from 0 to 2048
[   78.047741] loop0: detected capacity change from 0 to 2048
[   78.127386] loop0: detected capacity change from 0 to 2048
[   78.192078] loop0: detected capacity change from 0 to 2048
[   78.243715] loop0: detected capacity change from 0 to 2048
[   78.299009] loop0: detected capacity change from 0 to 2048
[   78.300185] I/O error, dev loop0, sector 0 op 0x0:(READ) flags 0x80700 phys_seg 1 prio class 2
[   78.368774] loop0: detected capacity change from 0 to 2048
[   78.408940] loop0: detected capacity change from 0 to 2048
[   78.472210] loop0: detected capacity change from 0 to 2048
[   78.472950] I/O error, dev loop0, sector 0 op 0x0:(READ) flags 0x80700 phys_seg 1 prio class 2
[   78.531611] loop0: detected capacity change from 0 to 2048
[   78.578990] loop0: detected capacity change from 0 to 2048
[   78.627910] loop0: detected capacity change from 0 to 2048
[   78.667152] loop0: detected capacity change from 0 to 2048
[   78.730719] loop0: detected capacity change from 0 to 2048
[   78.775589] loop0: detected capacity change from 0 to 2048
[   78.823768] loop0: detected capacity change from 0 to 2048
[   78.891736] loop0: detected capacity change from 0 to 2048
[   78.944703] loop0: detected capacity change from 0 to 2048
[   78.993722] loop0: detected capacity change from 0 to 2048
[   79.063920] loop0: detected capacity change from 0 to 2048
[   79.128322] loop0: detected capacity change from 0 to 2048
[   79.182386] loop0: detected capacity change from 0 to 2048
[   79.254180] loop0: detected capacity change from 0 to 2048
[   79.304036] loop0: detected capacity change from 0 to 2048
[   79.335982] loop0: detected capacity change from 0 to 2048
[   79.380999] loop0: detected capacity change from 0 to 2048
[   79.409109] loop0: detected capacity change from 0 to 2048
[   79.463012] loop0: detected capacity change from 0 to 2048
[   79.520251] loop0: detected capacity change from 0 to 2048
[   79.564926] loop0: detected capacity change from 0 to 2048
[   79.614977] loop0: detected capacity change from 0 to 2048
[   79.658909] loop0: detected capacity change from 0 to 2048
[   79.694379] loop0: detected capacity change from 0 to 2048
[   79.750926] loop0: detected capacity change from 0 to 2048
[   79.751553] I/O error, dev loop0, sector 0 op 0x0:(READ) flags 0x80700 phys_seg 1 prio class 2
[   79.831954] loop0: detected capacity change from 0 to 2048
[   79.887471] loop0: detected capacity change from 0 to 2048
[   79.960959] loop0: detected capacity change from 0 to 2048
[   80.029596] loop0: detected capacity change from 0 to 2048
[   80.075850] loop0: detected capacity change from 0 to 2048
[   80.135875] loop0: detected capacity change from 0 to 2048
[   80.226401] loop0: detected capacity change from 0 to 2048
[   80.267212] loop0: detected capacity change from 0 to 2048
[   80.328771] loop0: detected capacity change from 0 to 2048
[   80.394081] loop0: detected capacity change from 0 to 2048
[   80.458107] loop0: detected capacity change from 0 to 2048
[   80.500900] loop0: detected capacity change from 0 to 2048
[   80.573135] loop0: detected capacity change from 0 to 2048
[   80.621169] loop0: detected capacity change from 0 to 2048
[   80.689753] loop0: detected capacity change from 0 to 2048
[   80.751812] loop0: detected capacity change from 0 to 2048
[   80.807438] loop0: detected capacity change from 0 to 2048
[   80.848012] loop0: detected capacity change from 0 to 2048
[   80.920201] loop0: detected capacity change from 0 to 2048
[   80.966183] loop0: detected capacity change from 0 to 2048
[   81.021097] loop0: detected capacity change from 0 to 2048
[   81.065072] loop0: detected capacity change from 0 to 2048
[   81.116597] loop0: detected capacity change from 0 to 2048
[   81.178451] loop0: detected capacity change from 0 to 2048
[   81.241076] loop0: detected capacity change from 0 to 2048
[   81.342170] loop0: detected capacity change from 0 to 2048
[   81.404224] loop0: detected capacity change from 0 to 2048
[   81.460660] loop0: detected capacity change from 0 to 2048
[   81.502585] loop0: detected capacity change from 0 to 2048
[   81.582151] loop0: detected capacity change from 0 to 2048
[   81.632567] loop0: detected capacity change from 0 to 2048
[   81.700488] loop0: detected capacity change from 0 to 2048
[   81.760238] loop0: detected capacity change from 0 to 2048
[   81.818813] loop0: detected capacity change from 0 to 2048
[   81.861916] loop0: detected capacity change from 0 to 2048
[   81.918487] loop0: detected capacity change from 0 to 2048
[   81.971520] loop0: detected capacity change from 0 to 2048
[   82.036801] loop0: detected capacity change from 0 to 2048
[   82.090598] loop0: detected capacity change from 0 to 2048
[   82.137213] loop0: detected capacity change from 0 to 2048
[   82.221013] loop0: detected capacity change from 0 to 2048
[   82.287442] loop0: detected capacity change from 0 to 2048
[   82.351915] loop0: detected capacity change from 0 to 2048
[   82.430107] loop0: detected capacity change from 0 to 2048
[   82.499043] loop0: detected capacity change from 0 to 2048
[   82.557894] loop0: detected capacity change from 0 to 2048
[   82.599866] loop0: detected capacity change from 0 to 2048
[   82.665590] loop0: detected capacity change from 0 to 2048
[   82.710139] loop0: detected capacity change from 0 to 2048
[   82.770770] loop0: detected capacity change from 0 to 2048
[   82.822472] loop0: detected capacity change from 0 to 2048
[   82.890332] loop0: detected capacity change from 0 to 2048
[   82.956947] loop0: detected capacity change from 0 to 2048
[   83.013225] loop0: detected capacity change from 0 to 2048
[   83.075958] loop0: detected capacity change from 0 to 2048
[   83.139374] loop0: detected capacity change from 0 to 2048
[   83.216479] loop0: detected capacity change from 0 to 2048
[   83.281789] loop0: detected capacity change from 0 to 2048
[   83.348909] loop0: detected capacity change from 0 to 2048
[   83.395573] loop0: detected capacity change from 0 to 2048
[   83.457513] loop0: detected capacity change from 0 to 2048
[   83.508817] loop0: detected capacity change from 0 to 2048
[   83.572005] loop0: detected capacity change from 0 to 2048
[   83.645542] loop0: detected capacity change from 0 to 2048
[   83.694054] loop0: detected capacity change from 0 to 2048
[   83.695103] I/O error, dev loop0, sector 0 op 0x0:(READ) flags 0x80700 phys_seg 1 prio class 2
[   83.695227] I/O error, dev loop0, sector 0 op 0x0:(READ) flags 0x0 phys_seg 1 prio class 2
[   83.698207] Buffer I/O error on dev loop0, logical block 0, async page read
[   83.754567] loop0: detected capacity change from 0 to 2048
[   83.825884] loop0: detected capacity change from 0 to 2048
[   83.888238] loop0: detected capacity change from 0 to 2048
[   83.936044] loop0: detected capacity change from 0 to 2048
[   84.000295] loop0: detected capacity change from 0 to 2048
[   84.045099] loop0: detected capacity change from 0 to 2048
[   84.114880] loop0: detected capacity change from 0 to 2048
[   84.177998] loop0: detected capacity change from 0 to 2048
[   84.243251] loop0: detected capacity change from 0 to 2048
[   84.298989] loop0: detected capacity change from 0 to 2048
[   84.371787] loop0: detected capacity change from 0 to 2048
[   84.412526] loop0: detected capacity change from 0 to 2048
[   84.477690] loop0: detected capacity change from 0 to 2048
[   84.532000] loop0: detected capacity change from 0 to 2048
[   84.588020] loop0: detected capacity change from 0 to 2048
[   84.588871] I/O error, dev loop0, sector 0 op 0x0:(READ) flags 0x80700 phys_seg 1 prio class 2
[   84.642124] loop0: detected capacity change from 0 to 2048
[   84.687694] loop0: detected capacity change from 0 to 2048
[   84.758533] loop0: detected capacity change from 0 to 2048
[   84.805469] loop0: detected capacity change from 0 to 2048
[   84.864282] loop0: detected capacity change from 0 to 2048
[   84.909260] loop0: detected capacity change from 0 to 2048
[   84.982815] loop0: detected capacity change from 0 to 2048
[   85.062109] loop0: detected capacity change from 0 to 2048
[   85.114053] loop0: detected capacity change from 0 to 2048
[   85.114688] I/O error, dev loop0, sector 0 op 0x0:(READ) flags 0x80700 phys_seg 1 prio class 2
[   85.175495] loop0: detected capacity change from 0 to 2048
[   85.252090] loop0: detected capacity change from 0 to 2048
[   85.342954] loop0: detected capacity change from 0 to 2048
[   85.343692] I/O error, dev loop0, sector 0 op 0x0:(READ) flags 0x80700 phys_seg 1 prio class 2
[   85.398668] loop0: detected capacity change from 0 to 2048
[   85.471661] loop0: detected capacity change from 0 to 2048
[   85.524116] loop0: detected capacity change from 0 to 2048
[   85.565235] loop0: detected capacity change from 0 to 2048
[   85.607103] loop0: detected capacity change from 0 to 2048
[   85.690129] loop0: detected capacity change from 0 to 2048
[   85.742740] loop0: detected capacity change from 0 to 2048
[   85.803604] loop0: detected capacity change from 0 to 2048
[   85.856962] loop0: detected capacity change from 0 to 2048
[   85.917799] loop0: detected capacity change from 0 to 2048
[   85.962746] loop0: detected capacity change from 0 to 2048
[   86.027919] loop0: detected capacity change from 0 to 2048
[   86.079461] loop0: detected capacity change from 0 to 2048
[   86.145754] loop0: detected capacity change from 0 to 2048
[   86.227771] loop0: detected capacity change from 0 to 2048
[   86.295978] loop0: detected capacity change from 0 to 2048
[   86.364247] loop0: detected capacity change from 0 to 2048
[   86.409863] loop0: detected capacity change from 0 to 2048
[   86.486014] loop0: detected capacity change from 0 to 2048
[   86.562371] loop0: detected capacity change from 0 to 2048
[   86.617678] loop0: detected capacity change from 0 to 2048
[   86.658272] loop0: detected capacity change from 0 to 2048
[   86.723739] loop0: detected capacity change from 0 to 2048
[   86.769284] loop0: detected capacity change from 0 to 2048
[   86.826887] loop0: detected capacity change from 0 to 2048
[   86.889317] loop0: detected capacity change from 0 to 2048
[   86.950197] loop0: detected capacity change from 0 to 2048
[   87.004702] loop0: detected capacity change from 0 to 2048
[   87.061349] loop0: detected capacity change from 0 to 2048
[   87.126513] loop0: detected capacity change from 0 to 2048
[   87.189144] loop0: detected capacity change from 0 to 2048
[   87.275011] loop0: detected capacity change from 0 to 2048
[   87.339455] loop0: detected capacity change from 0 to 2048
[   87.406666] loop0: detected capacity change from 0 to 2048
[   87.468097] loop0: detected capacity change from 0 to 2048
[   87.516419] loop0: detected capacity change from 0 to 2048
[   87.575157] loop0: detected capacity change from 0 to 2048
[   87.654053] loop0: detected capacity change from 0 to 2048
[   87.722340] loop0: detected capacity change from 0 to 2048
[   87.788742] loop0: detected capacity change from 0 to 2048
[   87.789321] I/O error, dev loop0, sector 0 op 0x0:(READ) flags 0x80700 phys_seg 1 prio class 2
[   87.843240] loop0: detected capacity change from 0 to 2048
[   87.895575] loop0: detected capacity change from 0 to 2048
[   87.958016] loop0: detected capacity change from 0 to 2048
[   88.018980] loop0: detected capacity change from 0 to 2048
[   88.069089] loop0: detected capacity change from 0 to 2048
[   88.136448] loop0: detected capacity change from 0 to 2048
[   88.209507] loop0: detected capacity change from 0 to 2048
[   88.210488] I/O error, dev loop0, sector 0 op 0x0:(READ) flags 0x80700 phys_seg 1 prio class 2
[   88.210589] I/O error, dev loop0, sector 0 op 0x0:(READ) flags 0x0 phys_seg 1 prio class 2
[   88.213506] Buffer I/O error on dev loop0, logical block 0, async page read
[   88.299117] loop0: detected capacity change from 0 to 2048
[   88.351327] loop0: detected capacity change from 0 to 2048
[   88.427871] loop0: detected capacity change from 0 to 2048
[   88.471231] loop0: detected capacity change from 0 to 2048
[   88.557694] loop0: detected capacity change from 0 to 2048
[   88.623920] loop0: detected capacity change from 0 to 2048
[   88.668275] loop0: detected capacity change from 0 to 2048
[   88.733567] loop0: detected capacity change from 0 to 2048
[   88.812369] loop0: detected capacity change from 0 to 2048
[   88.904934] loop0: detected capacity change from 0 to 2048
[   88.956841] loop0: detected capacity change from 0 to 2048
[   89.022170] loop0: detected capacity change from 0 to 2048
[   89.099102] loop0: detected capacity change from 0 to 2048
[   89.151028] loop0: detected capacity change from 0 to 2048
[   89.237835] loop0: detected capacity change from 0 to 2048
