c[?7l[2J[0mSeaBIOS (version rel-1.14.0-0-g155821a1990b-prebuilt.qemu.org)


iPXE (http://ipxe.org) 00:03.0 CA00 PCI2.10 PnP PMM+7FF8F030+7FEEF030 CA00
Press Ctrl-B to configure iPXE (PCI 00:03.0)...                                                                               


Booting from ROM..c[?7l[2J[0m.[    0.000000] Linux version 6.1.0-13c574fec815+ (root@p-rplp02) (gcc (GCC) 8.5.0 20210514 (Red Hat 8.5.0-17), GNU ld version 2.36.1-2.el8) #1 SMP PREEMPT_DYNAMIC Sat Dec 31 22:07:56 CST 2022
[    0.000000] Command line: console=ttyS0 root=/dev/sda earlyprintk=serial net.ifnames=0
[    0.000000] KERNEL supported cpus:
[    0.000000]   Intel GenuineIntel
[    0.000000]   AMD AuthenticAMD
[    0.000000]   Hygon HygonGenuine
[    0.000000]   Centaur CentaurHauls
[    0.000000]   zhaoxin   Shanghai  
[    0.000000] x86/fpu: Supporting XSAVE feature 0x001: 'x87 floating point registers'
[    0.000000] x86/fpu: Supporting XSAVE feature 0x002: 'SSE registers'
[    0.000000] x86/fpu: Supporting XSAVE feature 0x004: 'AVX registers'
[    0.000000] x86/fpu: Supporting XSAVE feature 0x200: 'Protection Keys User registers'
[    0.000000] x86/fpu: xstate_offset[2]:  576, xstate_sizes[2]:  256
[    0.000000] x86/fpu: xstate_offset[9]:  832, xstate_sizes[9]:    8
[    0.000000] x86/fpu: Enabled xstate features 0x207, context size is 840 bytes, using 'compacted' format.
[    0.000000] signal: max sigframe size: 3632
[    0.000000] BIOS-provided physical RAM map:
[    0.000000] BIOS-e820: [mem 0x0000000000000000-0x000000000009fbff] usable
[    0.000000] BIOS-e820: [mem 0x000000000009fc00-0x000000000009ffff] reserved
[    0.000000] BIOS-e820: [mem 0x00000000000f0000-0x00000000000fffff] reserved
[    0.000000] BIOS-e820: [mem 0x0000000000100000-0x000000007ffdffff] usable
[    0.000000] BIOS-e820: [mem 0x000000007ffe0000-0x000000007fffffff] reserved
[    0.000000] BIOS-e820: [mem 0x00000000feffc000-0x00000000feffffff] reserved
[    0.000000] BIOS-e820: [mem 0x00000000fffc0000-0x00000000ffffffff] reserved
[    0.000000] printk: bootconsole [earlyser0] enabled
[    0.000000] NX (Execute Disable) protection: active
[    0.000000] SMBIOS 2.8 present.
[    0.000000] DMI: QEMU Standard PC (i440FX + PIIX, 1996), BIOS rel-1.14.0-0-g155821a1990b-prebuilt.qemu.org 04/01/2014
[    0.000000] Hypervisor detected: KVM
[    0.000000] kvm-clock: Using msrs 4b564d01 and 4b564d00
[    0.000005] kvm-clock: using sched offset of 430560504 cycles
[    0.000874] clocksource: kvm-clock: mask: 0xffffffffffffffff max_cycles: 0x1cd42e4dffb, max_idle_ns: 881590591483 ns
[    0.003587] tsc: Detected 1881.600 MHz processor
[    0.011188] last_pfn = 0x7ffe0 max_arch_pfn = 0x400000000
[    0.012311] x86/PAT: Configuration [0-7]: WB  WC  UC- UC  WB  WP  UC- WT  
[    0.021689] found SMP MP-table at [mem 0x000f5a90-0x000f5a9f]
[    0.022927] Using GB pages for direct mapping
[    0.025345] ACPI: Early table checksum verification disabled
[    0.026391] ACPI: RSDP 0x00000000000F5870 000014 (v00 BOCHS )
[    0.027363] ACPI: RSDT 0x000000007FFE1959 000034 (v01 BOCHS  BXPC     00000001 BXPC 00000001)
[    0.028873] ACPI: FACP 0x000000007FFE1805 000074 (v01 BOCHS  BXPC     00000001 BXPC 00000001)
[    0.030299] ACPI: DSDT 0x000000007FFE0040 0017C5 (v01 BOCHS  BXPC     00000001 BXPC 00000001)
[    0.031715] ACPI: FACS 0x000000007FFE0000 000040
[    0.032491] ACPI: APIC 0x000000007FFE1879 000080 (v01 BOCHS  BXPC     00000001 BXPC 00000001)
[    0.033904] ACPI: HPET 0x000000007FFE18F9 000038 (v01 BOCHS  BXPC     00000001 BXPC 00000001)
[    0.035314] ACPI: WAET 0x000000007FFE1931 000028 (v01 BOCHS  BXPC     00000001 BXPC 00000001)
[    0.036729] ACPI: Reserving FACP table memory at [mem 0x7ffe1805-0x7ffe1878]
[    0.037881] ACPI: Reserving DSDT table memory at [mem 0x7ffe0040-0x7ffe1804]
[    0.039033] ACPI: Reserving FACS table memory at [mem 0x7ffe0000-0x7ffe003f]
[    0.040187] ACPI: Reserving APIC table memory at [mem 0x7ffe1879-0x7ffe18f8]
[    0.041341] ACPI: Reserving HPET table memory at [mem 0x7ffe18f9-0x7ffe1930]
[    0.042492] ACPI: Reserving WAET table memory at [mem 0x7ffe1931-0x7ffe1958]
[    0.045014] No NUMA configuration found
[    0.045651] Faking a node at [mem 0x0000000000000000-0x000000007ffdffff]
[    0.046841] NODE_DATA(0) allocated [mem 0x7ffb5000-0x7ffdffff]
[    0.051172] Zone ranges:
[    0.051604]   DMA      [mem 0x0000000000001000-0x0000000000ffffff]
[    0.052622]   DMA32    [mem 0x0000000001000000-0x000000007ffdffff]
[    0.053637]   Normal   empty
[    0.054107]   Device   empty
[    0.054581] Movable zone start for each node
[    0.055278] Early memory node ranges
[    0.055861]   node   0: [mem 0x0000000000001000-0x000000000009efff]
[    0.056883]   node   0: [mem 0x0000000000100000-0x000000007ffdffff]
[    0.057903] Initmem setup node 0 [mem 0x0000000000001000-0x000000007ffdffff]
[    0.059671] On node 0, zone DMA: 1 pages in unavailable ranges
[    0.060070] On node 0, zone DMA: 97 pages in unavailable ranges
[    0.113166] On node 0, zone DMA32: 32 pages in unavailable ranges
[    0.114519] ACPI: PM-Timer IO Port: 0x608
[    0.115956] ACPI: LAPIC_NMI (acpi_id[0xff] dfl dfl lint[0x1])
[    0.116837] IOAPIC[0]: apic_id 0, version 17, address 0xfec00000, GSI 0-23
[    0.117816] ACPI: INT_SRC_OVR (bus 0 bus_irq 0 global_irq 2 dfl dfl)
[    0.118687] ACPI: INT_SRC_OVR (bus 0 bus_irq 5 global_irq 5 high level)
[    0.119602] ACPI: INT_SRC_OVR (bus 0 bus_irq 9 global_irq 9 high level)
[    0.120563] ACPI: INT_SRC_OVR (bus 0 bus_irq 10 global_irq 10 high level)
[    0.121494] ACPI: INT_SRC_OVR (bus 0 bus_irq 11 global_irq 11 high level)
[    0.122439] ACPI: Using ACPI (MADT) for SMP configuration information
[    0.123317] ACPI: HPET id: 0x8086a201 base: 0xfed00000
[    0.124050] TSC deadline timer available
[    0.124607] smpboot: Allowing 2 CPUs, 0 hotplug CPUs
[    0.125450] kvm-guest: KVM setup pv remote TLB flush
[    0.126191] kvm-guest: setup PV sched yield
[    0.126917] PM: hibernation: Registered nosave memory: [mem 0x00000000-0x00000fff]
[    0.128097] PM: hibernation: Registered nosave memory: [mem 0x0009f000-0x0009ffff]
[    0.129332] PM: hibernation: Registered nosave memory: [mem 0x000a0000-0x000effff]
[    0.130567] PM: hibernation: Registered nosave memory: [mem 0x000f0000-0x000fffff]
[    0.131814] [mem 0x80000000-0xfeffbfff] available for PCI devices
[    0.132814] Booting paravirtualized kernel on KVM
[    0.133631] clocksource: refined-jiffies: mask: 0xffffffff max_cycles: 0xffffffff, max_idle_ns: 7645519600211568 ns
[    0.135364] setup_percpu: NR_CPUS:8192 nr_cpumask_bits:2 nr_cpu_ids:2 nr_node_ids:1
[    0.141398] percpu: Embedded 64 pages/cpu s225280 r8192 d28672 u1048576
[    0.142798] kvm-guest: PV spinlocks enabled
[    0.143507] PV qspinlock hash table entries: 256 (order: 0, 4096 bytes, linear)
[    0.144771] Fallback order for Node 0: 0 
[    0.145455] Built 1 zonelists, mobility grouping on.  Total pages: 515808
[    0.146568] Policy zone: DMA32
[    0.147069] Kernel command line: net.ifnames=0 console=ttyS0 root=/dev/sda earlyprintk=serial net.ifnames=0
[    0.149245] random: crng init done
[    0.153755] Dentry cache hash table entries: 262144 (order: 9, 2097152 bytes, linear)
[    0.155197] Inode-cache hash table entries: 131072 (order: 8, 1048576 bytes, linear)
[    0.156630] mem auto-init: stack:off, heap alloc:off, heap free:off
[    0.161206] Memory: 1985384K/2096632K available (32784K kernel code, 4695K rwdata, 7828K rodata, 3668K init, 22124K bss, 110992K reserved, 0K cma-reserved)
[    0.163819] SLUB: HWalign=64, Order=0-3, MinObjects=0, CPUs=2, Nodes=1
[    0.164706] kmemleak: Kernel memory leak detector disabled
[    0.165478] ftrace: allocating 67399 entries in 264 pages
[    0.208396] ftrace: allocated 264 pages with 2 groups
[    0.213119] Dynamic Preempt: voluntary
[    0.213915] Running RCU self tests
[    0.214486] rcu: Preemptible hierarchical RCU implementation.
[    0.215411] rcu: 	RCU lockdep checking is enabled.
[    0.216182] rcu: 	RCU restricting CPUs from NR_CPUS=8192 to nr_cpu_ids=2.
[    0.217271] 	Trampoline variant of Tasks RCU enabled.
[    0.218081] 	Rude variant of Tasks RCU enabled.
[    0.218807] 	Tracing variant of Tasks RCU enabled.
[    0.219572] rcu: RCU calculated value of scheduler-enlistment delay is 25 jiffies.
[    0.220782] rcu: Adjusting geometry for rcu_fanout_leaf=16, nr_cpu_ids=2
[    0.249425] NR_IRQS: 524544, nr_irqs: 440, preallocated irqs: 16
[    0.250770] rcu: srcu_init: Setting srcu_struct sizes based on contention.
[    0.268157] Console: colour VGA+ 80x25
[    0.268840] printk: console [ttyS0] enabled
[    0.268840] printk: console [ttyS0] enabled
[    0.270214] printk: bootconsole [earlyser0] disabled
[    0.270214] printk: bootconsole [earlyser0] disabled
[    0.271849] Lock dependency validator: Copyright (c) 2006 Red Hat, Inc., Ingo Molnar
[    0.273129] ... MAX_LOCKDEP_SUBCLASSES:  8
[    0.273810] ... MAX_LOCK_DEPTH:          48
[    0.274508] ... MAX_LOCKDEP_KEYS:        8192
[    0.275236] ... CLASSHASH_SIZE:          4096
[    0.275972] ... MAX_LOCKDEP_ENTRIES:     32768
[    0.276713] ... MAX_LOCKDEP_CHAINS:      65536
[    0.277451] ... CHAINHASH_SIZE:          32768
[    0.278194]  memory used by lock dependency info: 6365 kB
[    0.279084]  memory used for stack traces: 4224 kB
[    0.279888]  per task-struct memory footprint: 1920 bytes
[    0.280832] ACPI: Core revision 20221020
[    0.281829] clocksource: hpet: mask: 0xffffffff max_cycles: 0xffffffff, max_idle_ns: 19112604467 ns
[    0.283552] APIC: Switch to symmetric I/O mode setup
[    0.284926] x2apic enabled
[    0.285918] Switched APIC routing to physical x2apic.
[    0.286769] kvm-guest: setup PV IPIs
[    0.289791] ..TIMER: vector=0x30 apic1=0 pin1=2 apic2=-1 pin2=-1
[    0.290859] clocksource: tsc-early: mask: 0xffffffffffffffff max_cycles: 0x363e8c91135, max_idle_ns: 881590568389 ns
[    0.292668] Calibrating delay loop (skipped) preset value.. 3763.20 BogoMIPS (lpj=7526400)
[    0.294032] pid_max: default: 32768 minimum: 301
[    0.294880] LSM: Security Framework initializing
[    0.296665] Yama: becoming mindful.
[    0.297468] Mount-cache hash table entries: 4096 (order: 3, 32768 bytes, linear)
[    0.298695] Mountpoint-cache hash table entries: 4096 (order: 3, 32768 bytes, linear)
[    0.301775] CPU0: Thermal monitoring enabled (TM1)
[    0.303494] x86/cpu: User Mode Instruction Prevention (UMIP) activated
[    0.305664] Last level iTLB entries: 4KB 0, 2MB 0, 4MB 0
[    0.306642] Last level dTLB entries: 4KB 0, 2MB 0, 4MB 0, 1GB 0
[    0.307691] Spectre V1 : Mitigation: usercopy/swapgs barriers and __user pointer sanitization
[    0.308679] Spectre V2 : WARNING: Unprivileged eBPF is enabled with eIBRS on, data leaks possible via Spectre v2 BHB attacks!
[    0.310531] Spectre V2 : Mitigation: Enhanced IBRS
[    0.311306] Spectre V2 : Spectre v2 / SpectreRSB mitigation: Filling RSB on context switch
[    0.312646] Spectre V2 : Spectre v2 / PBRSB-eIBRS: Retire a single CALL on VMEXIT
[    0.313849] Spectre V2 : mitigation: Enabling conditional Indirect Branch Prediction Barrier
[    0.315194] Speculative Store Bypass: Mitigation: Speculative Store Bypass disabled via prctl
[    0.316646] MMIO Stale Data: Unknown: No mitigations
[    0.440078] Freeing SMP alternatives memory: 56K
[    0.441233] smpboot: CPU0: Genuine Intel(R) 0000 (family: 0x6, model: 0xba, stepping: 0x2)
[    0.443006] cblist_init_generic: Setting adjustable number of callback queues.
[    0.444210] cblist_init_generic: Setting shift to 1 and lim to 1.
[    0.444746] cblist_init_generic: Setting shift to 1 and lim to 1.
[    0.445799] cblist_init_generic: Setting shift to 1 and lim to 1.
[    0.446831] Running RCU-tasks wait API self tests
[    0.548772] Performance Events: Alderlake Hybrid events, full-width counters, Intel PMU driver.
[    0.550510] core: cpu_core PMU driver: 
[    0.551011] ... version:                2
[    0.551528] ... bit width:              48
[    0.552049] ... generic registers:      6
[    0.552557] ... value mask:             0000ffffffffffff
[    0.552651] ... max period:             00007fffffffffff
[    0.553316] ... fixed-purpose events:   3
[    0.553824] ... event mask:             0001000f0000003f
[    0.554716] rcu: Hierarchical SRCU implementation.
[    0.555328] rcu: 	Max phase no-delay instances is 1000.
[    0.559133] unchecked MSR access error: WRMSR to 0x38f (tried to write 0x0001000f0000003f) at rIP: 0xffffffff810cf45c (native_write_msr+0xc/0x30)
[    0.560643] Call Trace:
[    0.560643]  <TASK>
[    0.560643]  __intel_pmu_enable_all.constprop.46+0xb5/0x140
[    0.560643]  intel_pmu_enable_all+0x1e/0x30
[    0.560643]  x86_pmu_enable+0x46d/0x5a0
[    0.560643]  ? write_comp_data+0x2f/0x90
[    0.560643]  perf_pmu_enable+0x53/0x70
[    0.560643]  ctx_resched+0x14d/0x1e0
[    0.560643]  __perf_install_in_context+0x2f7/0x450
[    0.560643]  ? perf_assert_pmu_disabled.isra.84+0x50/0x50
[    0.560643]  ? perf_assert_pmu_disabled.isra.84+0x50/0x50
[    0.560643]  remote_function+0x80/0xa0
[    0.560643]  ? perf_assert_pmu_disabled.isra.84+0x50/0x50
[    0.560643]  generic_exec_single+0x124/0x190
[    0.560643]  smp_call_function_single+0x11c/0x240
[    0.560643]  ? perf_assert_pmu_disabled.isra.84+0x50/0x50
[    0.560643]  ? __sanitizer_cov_trace_pc+0x25/0x60
[    0.560643]  ? write_comp_data+0x2f/0x90
[    0.560643]  perf_install_in_context+0x2d8/0x300
[    0.560643]  ? ctx_resched+0x1e0/0x1e0
[    0.560643]  perf_event_create_kernel_counter+0x278/0x2a0
[    0.560643]  ? find_next_bit+0x30/0x30
[    0.560643]  hardlockup_detector_event_create+0x46/0xd0
[    0.560643]  hardlockup_detector_perf_init+0x18/0x66
[    0.560643]  watchdog_nmi_probe+0x17/0x1d
[    0.560643]  lockup_detector_init+0x40/0xaf
[    0.560643]  kernel_init_freeable+0x264/0x422
[    0.560643]  ? __wait_for_common+0x19d/0x1f0
[    0.560643]  ? rest_init+0x240/0x240
[    0.560643]  kernel_init+0x24/0x1e0
[    0.560643]  ? rest_init+0x240/0x240
[    0.560643]  ret_from_fork+0x1f/0x30
[    0.560643]  </TASK>
[    0.560685] Callback from call_rcu_tasks_trace() invoked.
[    0.561801] smp: Bringing up secondary CPUs ...
[    0.564784] x86: Booting SMP configuration:
[    0.565496] .... node  #0, CPUs:      #1
[    0.036740] smpboot: CPU 1 Converting physical 0 to logical die 1
[    0.572841] smp: Brought up 1 node, 2 CPUs
[    0.573403] smpboot: Max logical packages: 2
[    0.574093] smpboot: Total of 2 processors activated (7526.40 BogoMIPS)
[    0.582836] devtmpfs: initialized
[    0.582836] x86/mm: Memory block size: 128MB
[    0.586444] clocksource: jiffies: mask: 0xffffffff max_cycles: 0xffffffff, max_idle_ns: 7645041785100000 ns
[    0.586661] futex hash table entries: 512 (order: 4, 65536 bytes, linear)
[    0.588938] pinctrl core: initialized pinctrl subsystem
[    0.590363] 
[    0.590636] *************************************************************
[    0.591727] **     NOTICE NOTICE NOTICE NOTICE NOTICE NOTICE NOTICE    **
[    0.592655] **                                                         **
[    0.593743] **  IOMMU DebugFS SUPPORT HAS BEEN ENABLED IN THIS KERNEL  **
[    0.594819] **                                                         **
[    0.595905] ** This means that this kernel is built to expose internal **
[    0.596651] ** IOMMU data structures, which may compromise security on **
[    0.597737] ** your system.                                            **
[    0.598814] **                                                         **
[    0.599896] ** If you see this message and you are not debugging the   **
[    0.600652] ** kernel, report this immediately to your vendor!         **
[    0.601733] **                                                         **
[    0.602812] **     NOTICE NOTICE NOTICE NOTICE NOTICE NOTICE NOTICE    **
[    0.603897] *************************************************************
[    0.604784] PM: RTC time: 11:12:26, date: 2023-01-03
[    0.609986] NET: Registered PF_NETLINK/PF_ROUTE protocol family
[    0.611573] DMA: preallocated 256 KiB GFP_KERNEL pool for atomic allocations
[    0.612678] DMA: preallocated 256 KiB GFP_KERNEL|GFP_DMA pool for atomic allocations
[    0.613932] DMA: preallocated 256 KiB GFP_KERNEL|GFP_DMA32 pool for atomic allocations
[    0.615247] audit: initializing netlink subsys (disabled)
[    0.616204] audit: type=2000 audit(1672744346.783:1): state=initialized audit_enabled=0 res=1
[    0.617082] thermal_sys: Registered thermal governor 'fair_share'
[    0.617834] thermal_sys: Registered thermal governor 'bang_bang'
[    0.618825] thermal_sys: Registered thermal governor 'step_wise'
[    0.619792] thermal_sys: Registered thermal governor 'user_space'
[    0.620709] cpuidle: using governor ladder
[    0.622354] cpuidle: using governor menu
[    0.623328] acpiphp: ACPI Hot Plug PCI Controller Driver version: 0.5
[    0.624743] PCI: Using configuration type 1 for base access
[    0.639518] kprobes: kprobe jump-optimization is enabled. All kprobes are optimized if possible.
[    0.933034] HugeTLB: registered 1.00 GiB page size, pre-allocated 0 pages
[    0.934324] HugeTLB: 16380 KiB vmemmap can be freed for a 1.00 GiB page
[    0.935508] HugeTLB: registered 2.00 MiB page size, pre-allocated 0 pages
[    0.936655] HugeTLB: 28 KiB vmemmap can be freed for a 2.00 MiB page
[    0.941666] ACPI: Added _OSI(Module Device)
[    0.942310] ACPI: Added _OSI(Processor Device)
[    0.942950] ACPI: Added _OSI(3.0 _SCP Extensions)
[    0.943628] ACPI: Added _OSI(Processor Aggregator Device)
[    0.950102] ACPI: 1 ACPI AML tables successfully acquired and loaded
[    0.954598] ACPI: Interpreter enabled
[    0.955284] ACPI: PM: (supports S0 S3 S4 S5)
[    0.955936] ACPI: Using IOAPIC for interrupt routing
[    0.956702] PCI: Using host bridge windows from ACPI; if necessary, use "pci=nocrs" and report a bug
[    0.958170] PCI: Using E820 reservations for host bridge windows
[    0.959968] ACPI: Enabled 2 GPEs in block 00 to 0F
[    0.978029] ACPI: PCI Root Bridge [PCI0] (domain 0000 [bus 00-ff])
[    0.979204] acpi PNP0A03:00: _OSC: OS supports [ASPM ClockPM Segments MSI EDR HPX-Type3]
[    0.980660] acpi PNP0A03:00: _OSC: not requesting OS control; OS requires [ExtendedConfig ASPM ClockPM MSI]
[    0.982477] acpi PNP0A03:00: fail to add MMCONFIG information, can't access extended PCI configuration space under this bridge.
[    0.987228] acpiphp: Slot [3] registered
[    0.988047] acpiphp: Slot [4] registered
[    0.988738] acpiphp: Slot [5] registered
[    0.989547] acpiphp: Slot [6] registered
[    0.990348] acpiphp: Slot [7] registered
[    0.991157] acpiphp: Slot [8] registered
[    0.991965] acpiphp: Slot [9] registered
[    0.992739] acpiphp: Slot [10] registered
[    0.993575] acpiphp: Slot [11] registered
[    0.994402] acpiphp: Slot [12] registered
[    0.995224] acpiphp: Slot [13] registered
[    0.996053] acpiphp: Slot [14] registered
[    0.996796] acpiphp: Slot [15] registered
[    0.997628] acpiphp: Slot [16] registered
[    0.998467] acpiphp: Slot [17] registered
[    0.999296] acpiphp: Slot [18] registered
[    1.000107] acpiphp: Slot [19] registered
[    1.000736] acpiphp: Slot [20] registered
[    1.001560] acpiphp: Slot [21] registered
[    1.002578] acpiphp: Slot [22] registered
[    1.003465] acpiphp: Slot [23] registered
[    1.004304] acpiphp: Slot [24] registered
[    1.004745] acpiphp: Slot [25] registered
[    1.005559] acpiphp: Slot [26] registered
[    1.006373] acpiphp: Slot [27] registered
[    1.007185] acpiphp: Slot [28] registered
[    1.008002] acpiphp: Slot [29] registered
[    1.008735] acpiphp: Slot [30] registered
[    1.009547] acpiphp: Slot [31] registered
[    1.010331] PCI host bridge to bus 0000:00
[    1.011085] pci_bus 0000:00: root bus resource [io  0x0000-0x0cf7 window]
[    1.012355] pci_bus 0000:00: root bus resource [io  0x0d00-0xffff window]
[    1.012653] pci_bus 0000:00: root bus resource [mem 0x000a0000-0x000bffff window]
[    1.014004] pci_bus 0000:00: root bus resource [mem 0x80000000-0xfebfffff window]
[    1.015363] pci_bus 0000:00: root bus resource [mem 0x100000000-0x17fffffff window]
[    1.016655] pci_bus 0000:00: root bus resource [bus 00-ff]
[    1.017837] pci 0000:00:00.0: [8086:1237] type 00 class 0x060000
[    1.022711] pci 0000:00:01.0: [8086:7000] type 00 class 0x060100
[    1.025311] pci 0000:00:01.1: [8086:7010] type 00 class 0x010180
[    1.028261] pci 0000:00:01.1: reg 0x20: [io  0xc040-0xc04f]
[    1.029452] pci 0000:00:01.1: legacy IDE quirk: reg 0x10: [io  0x01f0-0x01f7]
[    1.030778] pci 0000:00:01.1: legacy IDE quirk: reg 0x14: [io  0x03f6]
[    1.031981] pci 0000:00:01.1: legacy IDE quirk: reg 0x18: [io  0x0170-0x0177]
[    1.032655] pci 0000:00:01.1: legacy IDE quirk: reg 0x1c: [io  0x0376]
[    1.034271] pci 0000:00:01.3: [8086:7113] type 00 class 0x068000
[    1.036550] pci 0000:00:01.3: quirk: [io  0x0600-0x063f] claimed by PIIX4 ACPI
[    1.036675] pci 0000:00:01.3: quirk: [io  0x0700-0x070f] claimed by PIIX4 SMB
[    1.038489] pci 0000:00:02.0: [1234:1111] type 00 class 0x030000
[    1.041371] pci 0000:00:02.0: reg 0x10: [mem 0xfd000000-0xfdffffff pref]
[    1.044761] pci 0000:00:02.0: reg 0x18: [mem 0xfebf0000-0xfebf0fff]
[    1.051536] pci 0000:00:02.0: reg 0x30: [mem 0xfebe0000-0xfebeffff pref]
[    1.053027] pci 0000:00:02.0: Video device with shadowed ROM at [mem 0x000c0000-0x000dffff]
[    1.060186] pci 0000:00:03.0: [8086:100e] type 00 class 0x020000
[    1.061678] pci 0000:00:03.0: reg 0x10: [mem 0xfebc0000-0xfebdffff]
[    1.063411] pci 0000:00:03.0: reg 0x14: [io  0xc000-0xc03f]
[    1.066764] pci 0000:00:03.0: reg 0x30: [mem 0xfeb80000-0xfebbffff pref]
[    1.091018] ACPI: PCI: Interrupt link LNKA configured for IRQ 10
[    1.092716] ACPI: PCI: Interrupt link LNKB configured for IRQ 10
[    1.094358] ACPI: PCI: Interrupt link LNKC configured for IRQ 11
[    1.095977] ACPI: PCI: Interrupt link LNKD configured for IRQ 11
[    1.096953] ACPI: PCI: Interrupt link LNKS configured for IRQ 9
[    1.100029] iommu: Default domain type: Translated 
[    1.100658] iommu: DMA domain TLB invalidation policy: lazy mode 
[    1.103592] SCSI subsystem initialized
[    1.104801] ACPI: bus type USB registered
[    1.105649] usbcore: registered new interface driver usbfs
[    1.106660] usbcore: registered new interface driver hub
[    1.107608] usbcore: registered new device driver usb
[    1.108671] pps_core: LinuxPPS API ver. 1 registered
[    1.109528] pps_core: Software ver. 5.3.6 - Copyright 2005-2007 Rodolfo Giometti <giometti@linux.it>
[    1.111069] PTP clock support registered
[    1.112039] EDAC MC: Ver: 3.0.0
[    1.117414] NetLabel: Initializing
[    1.118173] NetLabel:  domain hash size = 128
[    1.118984] NetLabel:  protocols = UNLABELED CIPSOv4 CALIPSO
[    1.120118] NetLabel:  unlabeled traffic allowed by default
[    1.152980] PCI: Using ACPI for IRQ routing
[    1.154073] pci 0000:00:02.0: vgaarb: setting as boot VGA device
[    1.155089] pci 0000:00:02.0: vgaarb: bridge control possible
[    1.156111] pci 0000:00:02.0: vgaarb: VGA device added: decodes=io+mem,owns=io+mem,locks=none
[    1.156654] vgaarb: loaded
[    1.157751] hpet0: at MMIO 0xfed00000, IRQs 2, 8, 0
[    1.158657] hpet0: 3 comparators, 64-bit 100.000000 MHz counter
[    3.234373] clocksource: Switched to clocksource kvm-clock
[    3.234577] VFS: Disk quotas dquot_6.6.0
[    3.234577] VFS: Dquot-cache hash table entries: 512 (order 0, 4096 bytes)
[    3.235604] pnp: PnP ACPI init
[    3.237675] pnp: PnP ACPI: found 6 devices
[    3.238323] Callback from call_rcu_tasks_rude() invoked.
[    3.261816] clocksource: acpi_pm: mask: 0xffffff max_cycles: 0xffffff, max_idle_ns: 2085701024 ns
[    3.263146] NET: Registered PF_INET protocol family
[    3.263849] IP idents hash table entries: 32768 (order: 6, 262144 bytes, linear)
[    3.265734] tcp_listen_portaddr_hash hash table entries: 1024 (order: 4, 73728 bytes, linear)
[    3.266757] Table-perturb hash table entries: 65536 (order: 6, 262144 bytes, linear)
[    3.267680] TCP established hash table entries: 16384 (order: 5, 131072 bytes, linear)
[    3.271551] TCP bind hash table entries: 16384 (order: 9, 2359296 bytes, linear)
[    3.277128] TCP: Hash tables configured (established 16384 bind 16384)
[    3.288739] UDP hash table entries: 1024 (order: 5, 163840 bytes, linear)
[    3.289512] UDP-Lite hash table entries: 1024 (order: 5, 163840 bytes, linear)
[    3.290403] NET: Registered PF_UNIX/PF_LOCAL protocol family
[    3.291475] RPC: Registered named UNIX socket transport module.
[    3.292182] RPC: Registered udp transport module.
[    3.292755] RPC: Registered tcp transport module.
[    3.293271] RPC: Registered tcp NFSv4.1 backchannel transport module.
[    3.293986] pci_bus 0000:00: resource 4 [io  0x0000-0x0cf7 window]
[    3.294653] pci_bus 0000:00: resource 5 [io  0x0d00-0xffff window]
[    3.295316] pci_bus 0000:00: resource 6 [mem 0x000a0000-0x000bffff window]
[    3.296051] pci_bus 0000:00: resource 7 [mem 0x80000000-0xfebfffff window]
[    3.296798] pci_bus 0000:00: resource 8 [mem 0x100000000-0x17fffffff window]
[    3.297759] pci 0000:00:01.0: PIIX3: Enabling Passive Release
[    3.298387] pci 0000:00:00.0: Limiting direct PCI/PCI transfers
[    3.299128] PCI: CLS 0 bytes, default 64
[    3.299606] ACPI: bus type thunderbolt registered
[    3.308674] clocksource: tsc: mask: 0xffffffffffffffff max_cycles: 0x363e8c91135, max_idle_ns: 881590568389 ns
[    3.348859] Callback from call_rcu_tasks() invoked.
[    3.394340] Initialise system trusted keyrings
[    3.394914] Key type blacklist registered
[    3.395613] workingset: timestamp_bits=36 max_order=19 bucket_order=0
[    3.396344] zbud: loaded
[    3.397164] squashfs: version 4.0 (2009/01/31) Phillip Lougher
[    3.398424] NFS: Registering the id_resolver key type
[    3.398966] Key type id_resolver registered
[    3.399417] Key type id_legacy registered
[    3.399868] nfs4filelayout_init: NFSv4 File Layout Driver Registering...
[    3.400589] nfs4flexfilelayout_init: NFSv4 Flexfile Layout Driver Registering...
[    3.401550] fuse: init (API version 7.37)
[    3.402086] SGI XFS with ACLs, security attributes, realtime, quota, no debug enabled
[    3.403407] 9p: Installing v9fs 9p2000 file system support
[    3.409553] Key type asymmetric registered
[    3.409992] Asymmetric key parser 'x509' registered
[    3.411531] alg: self-tests for CTR-KDF (hmac(sha256)) passed
[    3.412207] Block layer SCSI generic (bsg) driver version 0.4 loaded (major 243)
[    3.413215] io scheduler mq-deadline registered
[    3.413724] io scheduler bfq registered
[    3.415016] shpchp: Standard Hot Plug PCI Controller Driver version: 0.4
[    3.416136] IPMI message handler: version 39.2
[    3.416708] ipmi device interface
[    3.418494] input: Power Button as /devices/LNXSYSTM:00/LNXPWRBN:00/input/input0
[    3.419543] ACPI: button: Power Button [PWRF]
[    3.420855] ERST DBG: ERST support is disabled.
[    3.421872] Serial: 8250/16550 driver, 32 ports, IRQ sharing enabled
[    3.423103] 00:04: ttyS0 at I/O 0x3f8 (irq = 4, base_baud = 115200) is a 16550A
[    3.433134] Linux agpgart interface v0.103
[    3.434099] ACPI: bus type drm_connector registered
[    3.443272] brd: module loaded
[    3.448508] loop: module loaded
[    3.454975] scsi host0: ata_piix
[    3.455710] scsi host1: ata_piix
[    3.456173] ata1: PATA max MWDMA2 cmd 0x1f0 ctl 0x3f6 bmdma 0xc040 irq 14
[    3.456905] ata2: PATA max MWDMA2 cmd 0x170 ctl 0x376 bmdma 0xc048 irq 15
[    3.458367] tun: Universal TUN/TAP device driver, 1.6
[    3.459382] e100: Intel(R) PRO/100 Network Driver
[    3.460021] e100: Copyright(c) 1999-2006 Intel Corporation
[    3.460624] e1000: Intel(R) PRO/1000 Network Driver
[    3.461163] e1000: Copyright (c) 1999-2006 Intel Corporation.
[    3.592248] ACPI: \_SB_.LNKC: Enabled at IRQ 11
[    3.616847] ata1: found unknown device (class 0)
[    3.617720] ata2: found unknown device (class 0)
[    3.619022] ata1.00: ATA-7: QEMU HARDDISK, 2.5+, max UDMA/100
[    3.619680] ata1.00: 16777216 sectors, multi 16: LBA48 
[    3.620427] ata2.00: ATAPI: QEMU DVD-ROM, 2.5+, max UDMA/100
[    3.622196] scsi 0:0:0:0: Direct-Access     ATA      QEMU HARDDISK    2.5+ PQ: 0 ANSI: 5
[    3.623754] sd 0:0:0:0: Attached scsi generic sg0 type 0
[    3.624030] sd 0:0:0:0: [sda] 16777216 512-byte logical blocks: (8.59 GB/8.00 GiB)
[    3.625412] sd 0:0:0:0: [sda] Write Protect is off
[    3.625967] scsi 1:0:0:0: CD-ROM            QEMU     QEMU DVD-ROM     2.5+ PQ: 0 ANSI: 5
[    3.626934] sd 0:0:0:0: [sda] Write cache: enabled, read cache: enabled, doesn't support DPO or FUA
[    3.628123] sd 0:0:0:0: [sda] Preferred minimum I/O size 512 bytes
[    3.646811] sd 0:0:0:0: [sda] Attached SCSI disk
[    3.661405] scsi 1:0:0:0: Attached scsi generic sg1 type 5
[    3.937005] e1000 0000:00:03.0 eth0: (PCI:33MHz:32-bit) 52:54:00:12:34:56
[    3.937784] e1000 0000:00:03.0 eth0: Intel(R) PRO/1000 Network Connection
[    3.938602] e1000e: Intel(R) PRO/1000 Network Driver
[    3.939150] e1000e: Copyright(c) 1999 - 2015 Intel Corporation.
[    3.939848] igb: Intel(R) Gigabit Ethernet Network Driver
[    3.940438] igb: Copyright (c) 2007-2014 Intel Corporation.
[    3.941136] PPP generic driver version 2.4.2
[    3.942089] VFIO - User Level meta-driver version: 0.3
[    3.943041] usbcore: registered new interface driver uas
[    3.943661] usbcore: registered new interface driver usb-storage
[    3.944449] i8042: PNP: PS/2 Controller [PNP0303:KBD,PNP0f13:MOU] at 0x60,0x64 irq 1,12
[    3.946234] serio: i8042 KBD port at 0x60,0x64 irq 1
[    3.946806] serio: i8042 AUX port at 0x60,0x64 irq 12
[    3.947867] mousedev: PS/2 mouse device common for all mice
[    3.949207] input: AT Translated Set 2 keyboard as /devices/platform/i8042/serio0/input/input1
[    3.950866] rtc_cmos 00:05: RTC can wake from S4
[    3.951650] input: VirtualPS/2 VMware VMMouse as /devices/platform/i8042/serio1/input/input4
[    3.953431] input: VirtualPS/2 VMware VMMouse as /devices/platform/i8042/serio1/input/input3
[    3.954061] rtc_cmos 00:05: registered as rtc0
[    3.955095] rtc_cmos 00:05: setting system clock to 2023-01-03T11:12:29 UTC (1672744349)
[    3.956326] rtc_cmos 00:05: alarms up to one day, y3k, 242 bytes nvram, hpet irqs
[    3.957299] i2c_dev: i2c /dev entries driver
[    3.958522] device-mapper: core: CONFIG_IMA_DISABLE_HTABLE is disabled. Duplicate IMA measurements will not be recorded in the IMA log.
[    3.960202] device-mapper: uevent: version 1.0.3
[    3.961018] device-mapper: ioctl: 4.47.0-ioctl (2022-07-28) initialised: dm-devel@redhat.com
[    3.962146] intel_pstate: CPU model not supported
[    3.962858] sdhci: Secure Digital Host Controller Interface driver
[    3.963675] sdhci: Copyright(c) Pierre Ossman
[    3.964316] sdhci-pltfm: SDHCI platform and OF driver helper
[    3.965144] ledtrig-cpu: registered to indicate activity on CPUs
[    3.966331] drop_monitor: Initializing network drop monitor service
[    3.967385] NET: Registered PF_INET6 protocol family
[    3.969459] Segment Routing with IPv6
[    3.969885] In-situ OAM (IOAM) with IPv6
[    3.970335] NET: Registered PF_PACKET protocol family
[    3.970980] 9pnet: Installing 9P2000 support
[    3.971471] Key type dns_resolver registered
[    3.972574] IPI shorthand broadcast: enabled
[    3.973104] sched_clock: Marking stable (3940289131, 32740935)->(4045490769, -72460703)
[    3.974335] registered taskstats version 1
[    3.974884] Loading compiled-in X.509 certificates
[    3.975593] zswap: loaded using pool lzo/zbud
[    3.987458] Key type .fscrypt registered
[    3.987874] Key type fscrypt-provisioning registered
[    3.989269] Key type encrypted registered
[    3.989741] ima: No TPM chip found, activating TPM-bypass!
[    3.990307] ima: Allocated hash algorithm: sha1
[    3.990823] ima: No architecture policies found
[    3.991331] evm: Initialising EVM extended attributes:
[    3.991857] evm: security.selinux
[    3.992200] evm: security.SMACK64
[    3.992543] evm: security.SMACK64EXEC
[    3.992947] evm: security.SMACK64TRANSMUTE
[    3.993371] evm: security.SMACK64MMAP
[    3.993748] evm: security.apparmor
[    3.994098] evm: security.ima
[    3.994408] evm: security.capability
[    3.994776] evm: HMAC attrs: 0x1
[    4.001814] PM:   Magic number: 7:526:225
[    4.002531] RAS: Correctable Errors collector initialized.
[    4.004125] md: Waiting for all devices to be available before autodetect
[    4.004563] md: If you don't use raid, use raid=noautodetect
[    4.004997] md: Autodetecting RAID arrays.
[    4.005303] md: autorun ...
[    4.005514] md: ... autorun DONE.
[    4.024847] EXT4-fs (sda): mounted filesystem with ordered data mode. Quota mode: none.
[    4.025463] VFS: Mounted root (ext4 filesystem) readonly on device 8:0.
[    4.028870] devtmpfs: mounted
[    4.036288] Freeing unused decrypted memory: 2036K
[    4.040100] Freeing unused kernel image (initmem) memory: 3668K
[    4.040567] Write protecting the kernel read-only data: 43008k
[    4.043383] Freeing unused kernel image (text/rodata gap) memory: 2028K
[    4.044551] Freeing unused kernel image (rodata/data gap) memory: 364K
[    4.122658] x86/mm: Checked W+X mappings: passed, no W+X pages found.
[    4.123146] Run /sbin/init as init process
[    4.267533] systemd[1]: RTC configured in localtime, applying delta of 0 minutes to system time.
[    4.300514] systemd[1]: systemd 239 (239-49.el8) running in system mode. (+PAM +AUDIT +SELINUX +IMA -APPARMOR +SMACK +SYSVINIT +UTMP +LIBCRYPTSETUP +GCRYPT +GNUTLS +ACL +XZ +LZ4 +SECCOMP +BLKID +ELFUTILS +KMOD +IDN2 -IDN +PCRE2 default-hierarchy=legacy)
[    4.302259] systemd[1]: Detected virtualization kvm.
[    4.302621] systemd[1]: Detected architecture x86-64.

Welcome to [0;31mCentOS Stream 8[0m!

[    4.366520] systemd[1]: Set hostname to <test>.
[    4.680683] systemd[1]: Created slice system-getty.slice.
[[0;32m  OK  [0m] Created slice system-getty.slice.
[    4.682239] systemd[1]: Listening on initctl Compatibility Named Pipe.
[[0;32m  OK  [0m] Listening on initctl Compatibility Named Pipe.
[    4.683709] systemd[1]: Reached target Swap.
[[0;32m  OK  [0m] Reached target Swap.
[    4.690386] systemd[1]: Listening on Process Core Dump Socket.
[[0;32m  OK  [0m] Listening on Process Core Dump Socket.
[    4.691788] systemd[1]: Listening on Journal Socket (/dev/log).
[[0;32m  OK  [0m] Listening on Journal Socket (/dev/log).
[    4.693508] systemd[1]: Set up automount Arbitrary Executable File Formats File System Automount Point.
[[0;32m  OK  [0m] Set up automount Arbitrary Executabâ€¦rmats File System Automount Point.
[[0;32m  OK  [0m] Created slice system-serial\x2dgetty.slice.
[[0;32m  OK  [0m] Listening on udev Control Socket.
[[0;32m  OK  [0m] Started Forward Password Requests to Wall Directory Watch.
[[0;32m  OK  [0m] Listening on multipathd control socket.
[[0;32m  OK  [0m] Listening on udev Kernel Socket.
[[0;32m  OK  [0m] Created slice system-sshd\x2dkeygen.slice.
[[0;32m  OK  [0m] Listening on LVM2 poll daemon socket.
[[0;32m  OK  [0m] Created slice User and Session Slice.
[[0;32m  OK  [0m] Reached target Slices.
[[0;32m  OK  [0m] Listening on RPCbind Server Activation Socket.
[[0;32m  OK  [0m] Reached target RPC Port Mapper.
[[0;32m  OK  [0m] Listening on Journal Socket.
         Starting Remount Root and Kernel File Systems...
         Mounting POSIX Message Queue File System...
         Mounting Huge Pages File System...
         Mounting Kernel Debug File System...
         Starting Journal Service...
         Starting Setup Virtual Console...
         Starting Load Kernel Modules...
         Starting udev Coldplug all Devices...
[[0;32m  OK  [0m] Listening on Device-mapper event daemon FIFOs.
         Starting Monitoring of LVM2 mirrorsâ€¦ng dmeventd or progress polling...
[[0;32m  OK  [0m] Mounted POSIX Message Queue File System.
[[0;32m  OK  [0m] Mounted Huge Pages File System.
[[0;32m  OK  [0m] Mounted Kernel Debug File System.
[[0;1;31mFAILED[0m] Failed to start Load Kernel Modules.
See 'systemctl status systemd-modules-load.service' for details.
[    4.996581] EXT4-fs (sda): re-mounted. Quota mode: none.
[[0;32m  OK  [0m] Started Journal Service.
[[0;32m  OK  [0m] Started Remount Root and Kernel File Systems.
         Starting Load/Save Random Seed...
         Starting Create Static Device Nodes in /dev...
         Starting Flush Journal to Persistent Storage...
         Mounting Kernel Configuration File System...
         Starting Apply Kernel Variables...
         Mounting FUSE Control File System...
[[0;32m  OK  [0m] Started Load/Save Random Seed.
[[0;32m  OK  [0m] Started udev Coldplug all Devices.
[[0;32m  OK  [0m] Started Create Static Device Nodes in /dev.
[[0;32m  OK  [0m] Mounted Kernel Configuration File System.
[[0;32m  OK  [0m] Started Apply Kernel Variables.
[[0;32m  OK  [0m] Started Setup Virtual Console.
[[0;32m  OK  [0m] Mounted FUSE Control File System.
         Starting udev Kernel Device Manager...
         Starting udev Wait for Complete Device Initialization...
[[0;32m  OK  [0m] Started Flush Journal to Persistent Storage.
[[0;32m  OK  [0m] Started udev Kernel Device Manager.
         Starting Show Plymouth Boot Screen...
[[0;32m  OK  [0m] Started Show Plymouth Boot Screen.
[[0;32m  OK  [0m] Reached target Local Encrypted Volumes.
[[0;32m  OK  [0m] Reached target Paths.
[[0;32m  OK  [0m] Started Forward Password Requests to Plymouth Directory Watch.
[[0;32m  OK  [0m] Found device /dev/ttyS0.
[[0;32m  OK  [0m] Started Monitoring of LVM2 mirrors,â€¦sing dmeventd or progress polling.
[[0;32m  OK  [0m] Started udev Wait for Complete Device Initialization.
[[0;32m  OK  [0m] Reached target Local File Systems (Pre).
[[0;32m  OK  [0m] Reached target Local File Systems.
         Starting Tell Plymouth To Write Out Runtime Data...
         Starting Restore /run/initramfs on shutdown...
         Starting Create Volatile Files and Directories...
[[0;32m  OK  [0m] Listening on Load/Save RF Kill Switch Status /dev/rfkill Watch.
[[0;32m  OK  [0m] Started Tell Plymouth To Write Out Runtime Data.
[[0;32m  OK  [0m] Started Restore /run/initramfs on shutdown.
[[0;32m  OK  [0m] Started Create Volatile Files and Directories.
         Mounting RPC Pipe File System...
         Starting Security Auditing Service...
         Starting RPC Bind...
[[0;32m  OK  [0m] Mounted RPC Pipe File System.
[[0;32m  OK  [0m] Reached target rpc_pipefs.target.
[[0;32m  OK  [0m] Started RPC Bind.
[[0;32m  OK  [0m] Started Security Auditing Service.
         Starting Update UTMP about System Boot/Shutdown...
[[0;32m  OK  [0m] Started Update UTMP about System Boot/Shutdown.
[[0;32m  OK  [0m] Reached target System Initialization.
[[0;32m  OK  [0m] Listening on D-Bus System Message Bus Socket.
[[0;32m  OK  [0m] Started Daily Cleanup of Temporary Directories.
[[0;32m  OK  [0m] Started dnf makecache --timer.
[[0;32m  OK  [0m] Started daily update of the root trust anchor for DNSSEC.
[[0;32m  OK  [0m] Reached target Timers.
[[0;32m  OK  [0m] Listening on SSSD Kerberos Cache Manager responder socket.
[[0;32m  OK  [0m] Reached target Sockets.
[[0;32m  OK  [0m] Reached target Basic System.
         Starting NTP client/server...
[[0;32m  OK  [0m] Started irqbalance daemon.
         Starting Login Service...
         Starting Authorization Manager...
         Starting Auto-connect to subsystemsâ€¦-NVME devices found during boot...
[[0;32m  OK  [0m] Started D-Bus System Message Bus.
         Starting Network Manager...
[[0;32m  OK  [0m] Started Machine Check Exception Logging Daemon.
         Starting Self Monitoring and Reporting Technology (SMART) Daemon...
[[0;32m  OK  [0m] Reached target sshd-keygen.target.
[[0;32m  OK  [0m] Started Auto-connect to subsystems â€¦FC-NVME devices found during boot.
         Starting update of the root trust aâ€¦or DNSSEC validation in unbound...
[[0;32m  OK  [0m] Started Login Service.
[[0;32m  OK  [0m] Started Self Monitoring and Reporting Technology (SMART) Daemon.
[[0;32m  OK  [0m] Started NTP client/server.
[[0;32m  OK  [0m] Started Network Manager.
         Starting Network Manager Wait Online...
[[0;32m  OK  [0m] Reached target Network.
         Starting OpenSSH server daemon...
         Starting Dynamic System Tuning Daemon...
         Starting GSSAPI Proxy Daemon...
[[0;32m  OK  [0m] Started update of the root trust anâ€¦ for DNSSEC validation in unbound.
[[0;32m  OK  [0m] Started OpenSSH server daemon.
         Starting Hostname Service...
[[0;32m  OK  [0m] Started Authorization Manager.
[[0;32m  OK  [0m] Started GSSAPI Proxy Daemon.
[[0;32m  OK  [0m] Reached target NFS client services.
[[0;32m  OK  [0m] Reached target Remote File Systems (Pre).
[[0;32m  OK  [0m] Reached target Remote File Systems.
         Starting Permit User Sessions...
[[0;32m  OK  [0m] Started Permit User Sessions.
         Starting Hold until boot process finishes up...
[[0;32m  OK  [0m] Started Command Scheduler.
         Starting Terminate Plymouth Boot Screen...
[    6.988946] e1000: eth0 NIC Link is Up 1000 Mbps Full Duplex, Flow Control: RX
[    6.990295] IPv6: ADDRCONF(NETDEV_CHANGE): eth0: link becomes ready
[    7.311797] Spectre V2 : WARNING: Unprivileged eBPF is enabled with eIBRS on, data leaks possible via Spectre v2 BHB attacks!
[    7.312968] Spectre V2 : WARNING: Unprivileged eBPF is enabled with eIBRS on, data leaks possible via Spectre v2 BHB attacks!

CentOS Stream 8
Kernel 6.1.0-13c574fec815+ on an x86_64

test login: [   28.455909] sg_write: data in/out 131036/42 bytes for SCSI command 0xff-- guessing data in;
[   28.455909]    program repro not setting count and/or reply_len properly
[   28.457539] ------------[ cut here ]------------
[   28.457957] WARNING: CPU: 1 PID: 567 at lib/iov_iter.c:629 _copy_from_iter+0x130/0xa60
[   28.458681] Modules linked in:
[   28.458966] CPU: 1 PID: 567 Comm: repro Not tainted 6.1.0-13c574fec815+ #1
[   28.459610] Hardware name: QEMU Standard PC (i440FX + PIIX, 1996), BIOS rel-1.14.0-0-g155821a1990b-prebuilt.qemu.org 04/01/2014
[   28.460736] RIP: 0010:_copy_from_iter+0x130/0xa60
[   28.461218] Code: 41 5e 41 5f 5d c3 cc cc cc cc e8 6b 0b 5f ff be 79 02 00 00 48 c7 c7 6c 1e 73 83 e8 4a 45 7f ff e9 3f ff ff ff e8 50 0b 5f ff <0f> 0b 31 db eb ac e8 45 0b 5f ff 31 ff 44 89 f6 e8 4b 0c 5f ff 45
[   28.463220] RSP: 0018:ffffc90000fdf988 EFLAGS: 00010246
[   28.463720] RAX: 0000000000000000 RBX: 0000000000001000 RCX: ffffffff81caadd3
[   28.464343] RDX: 0000000000000000 RSI: ffff888009410000 RDI: 0000000000000002
[   28.465033] RBP: ffffc90000fdfa18 R08: ffffc90000fdfa3f R09: 000000000000ffff
[   28.465624] R10: ffffea00004c8400 R11: 0000000000000000 R12: ffffc90000fdfad0
[   28.466228] R13: 0000000000000000 R14: ffffea00004c7e00 R15: 0000000000000000
[   28.466815] FS:  00007f0b810e9740(0000) GS:ffff88807dd00000(0000) knlGS:0000000000000000
[   28.467517] CS:  0010 DS: 0000 ES: 0000 CR0: 0000000080050033
[   28.467994] CR2: 0000000020000041 CR3: 000000000d886005 CR4: 0000000000770ee0
[   28.468592] PKRU: 55555554
[   28.468856] Call Trace:
[   28.469102]  <TASK>
[   28.469295]  ? __sanitizer_cov_trace_pc+0x25/0x60
[   28.469716]  ? bio_add_hw_page+0x234/0x2e0
[   28.470086]  ? write_comp_data+0x2f/0x90
[   28.470441]  copy_page_from_iter+0x1aa/0x370
[   28.470829]  ? write_comp_data+0x2f/0x90
[   28.471141]  blk_rq_map_user_iov+0x531/0xa70
[   28.471512]  blk_rq_map_user+0x86/0xc0
[   28.471811]  blk_rq_map_user_io+0xbe/0xd0
[   28.472119]  sg_common_write.isra.20+0x5fd/0xb10
[   28.472503]  sg_write+0x43a/0x750
[   28.472794]  ? __lock_acquire+0xa26/0x1d20
[   28.473113]  ? write_comp_data+0x2f/0x90
[   28.473416]  ? __sanitizer_cov_trace_pc+0x25/0x60
[   28.473774]  ? security_file_permission+0x177/0x340
[   28.474149]  ? __sanitizer_cov_trace_pc+0x25/0x60
[   28.474504]  ? write_comp_data+0x2f/0x90
[   28.474807]  vfs_write+0x1b6/0x780
[   28.475084]  ? sg_ioctl+0x1340/0x1340
[   28.475378]  ? __sanitizer_cov_trace_pc+0x25/0x60
[   28.475733]  ? write_comp_data+0x2f/0x90
[   28.476033]  ? write_comp_data+0x2f/0x90
[   28.476341]  ksys_write+0x9f/0x170
[   28.476619]  __x64_sys_write+0x27/0x30
[   28.476935]  do_syscall_64+0x3b/0x90
[   28.477231]  entry_SYSCALL_64_after_hwframe+0x63/0xcd
[   28.477609] RIP: 0033:0x7f0b8120e59d
[   28.477885] Code: 00 c3 66 2e 0f 1f 84 00 00 00 00 00 90 f3 0f 1e fa 48 89 f8 48 89 f7 48 89 d6 48 89 ca 4d 89 c2 4d 89 c8 4c 8b 4c 24 08 0f 05 <48> 3d 01 f0 ff ff 73 01 c3 48 8b 0d d3 08 0d 00 f7 d8 64 89 01 48
[   28.479190] RSP: 002b:00007fffcf00d4e8 EFLAGS: 00000213 ORIG_RAX: 0000000000000001
[   28.479742] RAX: ffffffffffffffda RBX: 0000000000000000 RCX: 00007f0b8120e59d
[   28.480255] RDX: 0000000000000058 RSI: 0000000020000080 RDI: 0000000000000003
[   28.480787] RBP: 00007fffcf00d500 R08: 002367732f766564 R09: 00007fffcf00d5e0
[   28.481305] R10: 000000000000000f R11: 0000000000000213 R12: 00000000004010a0
[   28.481817] R13: 00007fffcf00d5e0 R14: 0000000000000000 R15: 0000000000000000
[   28.482343]  </TASK>
[   28.482517] irq event stamp: 5093
[   28.482767] hardirqs last  enabled at (5101): [<ffffffff811b9341>] __up_console_sem+0x91/0xb0
[   28.483474] hardirqs last disabled at (5108): [<ffffffff811b9326>] __up_console_sem+0x76/0xb0
[   28.484089] softirqs last  enabled at (4732): [<ffffffff83000329>] __do_softirq+0x329/0x490
[   28.484761] softirqs last disabled at (4723): [<ffffffff811125e2>] irq_exit_rcu+0xd2/0x100
[   28.485369] ---[ end trace 0000000000000000 ]---
[   28.489897] sg_write: data in/out 131036/42 bytes for SCSI command 0xff-- guessing data in;
[   28.489897]    program repro not setting count and/or reply_len properly
[   28.494010] sg_write: data in/out 131036/42 bytes for SCSI command 0xff-- guessing data in;
[   28.494010]    program repro not setting count and/or reply_len properly
[   28.497812] sg_write: data in/out 131036/42 bytes for SCSI command 0xff-- guessing data in;
[   28.497812]    program repro not setting count and/or reply_len properly
[   28.501718] sg_write: data in/out 131036/42 bytes for SCSI command 0xff-- guessing data in;
[   28.501718]    program repro not setting count and/or reply_len properly
[   28.505678] sg_write: data in/out 131036/42 bytes for SCSI command 0xff-- guessing data in;
[   28.505678]    program repro not setting count and/or reply_len properly
[   28.510604] sg_write: data in/out 131036/42 bytes for SCSI command 0xff-- guessing data in;
[   28.510604]    program repro not setting count and/or reply_len properly
[   28.515622] sg_write: data in/out 131036/42 bytes for SCSI command 0xff-- guessing data in;
[   28.515622]    program repro not setting count and/or reply_len properly
[   28.520782] sg_write: data in/out 131036/42 bytes for SCSI command 0xff-- guessing data in;
[   28.520782]    program repro not setting count and/or reply_len properly
[   28.525374] sg_write: data in/out 131036/42 bytes for SCSI command 0xff-- guessing data in;
[   28.525374]    program repro not setting count and/or reply_len properly
[   33.457993] sg_write: 1533 callbacks suppressed
[   33.458003] sg_write: data in/out 131036/42 bytes for SCSI command 0xff-- guessing data in;
[   33.458003]    program repro not setting count and/or reply_len properly
[   33.463149] sg_write: data in/out 131036/42 bytes for SCSI command 0xff-- guessing data in;
[   33.463149]    program repro not setting count and/or reply_len properly
[   33.467757] sg_write: data in/out 131036/42 bytes for SCSI command 0xff-- guessing data in;
[   33.467757]    program repro not setting count and/or reply_len properly
[   33.472396] sg_write: data in/out 131036/42 bytes for SCSI command 0xff-- guessing data in;
[   33.472396]    program repro not setting count and/or reply_len properly
[   33.477303] sg_write: data in/out 131036/42 bytes for SCSI command 0xff-- guessing data in;
[   33.477303]    program repro not setting count and/or reply_len properly
[   33.482008] sg_write: data in/out 131036/42 bytes for SCSI command 0xff-- guessing data in;
[   33.482008]    program repro not setting count and/or reply_len properly
[   33.486653] sg_write: data in/out 131036/42 bytes for SCSI command 0xff-- guessing data in;
[   33.486653]    program repro not setting count and/or reply_len properly
[   33.491208] sg_write: data in/out 131036/42 bytes for SCSI command 0xff-- guessing data in;
[   33.491208]    program repro not setting count and/or reply_len properly
[   33.496520] sg_write: data in/out 131036/42 bytes for SCSI command 0xff-- guessing data in;
[   33.496520]    program repro not setting count and/or reply_len properly
[   33.501427] sg_write: data in/out 131036/42 bytes for SCSI command 0xff-- guessing data in;
[   33.501427]    program repro not setting count and/or reply_len properly
[   38.463350] sg_write: 1556 callbacks suppressed
[   38.463361] sg_write: data in/out 131036/42 bytes for SCSI command 0xff-- guessing data in;
[   38.463361]    program repro not setting count and/or reply_len properly
[   38.468076] sg_write: data in/out 131036/42 bytes for SCSI command 0xff-- guessing data in;
[   38.468076]    program repro not setting count and/or reply_len properly
[   38.472460] sg_write: data in/out 131036/42 bytes for SCSI command 0xff-- guessing data in;
[   38.472460]    program repro not setting count and/or reply_len properly
[   38.477158] sg_write: data in/out 131036/42 bytes for SCSI command 0xff-- guessing data in;
[   38.477158]    program repro not setting count and/or reply_len properly
[   38.481891] sg_write: data in/out 131036/42 bytes for SCSI command 0xff-- guessing data in;
[   38.481891]    program repro not setting count and/or reply_len properly
[   38.486443] sg_write: data in/out 131036/42 bytes for SCSI command 0xff-- guessing data in;
[   38.486443]    program repro not setting count and/or reply_len properly
[   38.491360] sg_write: data in/out 131036/42 bytes for SCSI command 0xff-- guessing data in;
[   38.491360]    program repro not setting count and/or reply_len properly
[   38.496161] sg_write: data in/out 131036/42 bytes for SCSI command 0xff-- guessing data in;
[   38.496161]    program repro not setting count and/or reply_len properly
[   38.501043] sg_write: data in/out 131036/42 bytes for SCSI command 0xff-- guessing data in;
[   38.501043]    program repro not setting count and/or reply_len properly
[   38.505956] sg_write: data in/out 131036/42 bytes for SCSI command 0xff-- guessing data in;
[   38.505956]    program repro not setting count and/or reply_len properly
[   43.466489] sg_write: 1588 callbacks suppressed
[   43.466498] sg_write: data in/out 131036/42 bytes for SCSI command 0xff-- guessing data in;
[   43.466498]    program repro not setting count and/or reply_len properly
[   43.470956] sg_write: data in/out 131036/42 bytes for SCSI command 0xff-- guessing data in;
[   43.470956]    program repro not setting count and/or reply_len properly
[   43.475002] sg_write: data in/out 131036/42 bytes for SCSI command 0xff-- guessing data in;
[   43.475002]    program repro not setting count and/or reply_len properly
[   43.479150] sg_write: data in/out 131036/42 bytes for SCSI command 0xff-- guessing data in;
[   43.479150]    program repro not setting count and/or reply_len properly
[   43.483592] sg_write: data in/out 131036/42 bytes for SCSI command 0xff-- guessing data in;
[   43.483592]    program repro not setting count and/or reply_len properly
[   43.487832] sg_write: data in/out 131036/42 bytes for SCSI command 0xff-- guessing data in;
[   43.487832]    program repro not setting count and/or reply_len properly
[   43.492959] sg_write: data in/out 131036/42 bytes for SCSI command 0xff-- guessing data in;
[   43.492959]    program repro not setting count and/or reply_len properly
[   43.497837] sg_write: data in/out 131036/42 bytes for SCSI command 0xff-- guessing data in;
[   43.497837]    program repro not setting count and/or reply_len properly
[   43.502792] sg_write: data in/out 131036/42 bytes for SCSI command 0xff-- guessing data in;
[   43.502792]    program repro not setting count and/or reply_len properly
[   43.507529] sg_write: data in/out 131036/42 bytes for SCSI command 0xff-- guessing data in;
[   43.507529]    program repro not setting count and/or reply_len properly
[   48.468926] sg_write: 1571 callbacks suppressed
[   48.468938] sg_write: data in/out 131036/42 bytes for SCSI command 0xff-- guessing data in;
[   48.468938]    program repro not setting count and/or reply_len properly
[   48.474112] sg_write: data in/out 131036/42 bytes for SCSI command 0xff-- guessing data in;
[   48.474112]    program repro not setting count and/or reply_len properly
[   48.478527] sg_write: data in/out 131036/42 bytes for SCSI command 0xff-- guessing data in;
[   48.478527]    program repro not setting count and/or reply_len properly
[   48.482812] sg_write: data in/out 131036/42 bytes for SCSI command 0xff-- guessing data in;
[   48.482812]    program repro not setting count and/or reply_len properly
[   48.487068] sg_write: data in/out 131036/42 bytes for SCSI command 0xff-- guessing data in;
[   48.487068]    program repro not setting count and/or reply_len properly
[   48.491881] sg_write: data in/out 131036/42 bytes for SCSI command 0xff-- guessing data in;
[   48.491881]    program repro not setting count and/or reply_len properly
[   48.496527] sg_write: data in/out 131036/42 bytes for SCSI command 0xff-- guessing data in;
[   48.496527]    program repro not setting count and/or reply_len properly
[   48.501534] sg_write: data in/out 131036/42 bytes for SCSI command 0xff-- guessing data in;
[   48.501534]    program repro not setting count and/or reply_len properly
[   48.506149] sg_write: data in/out 131036/42 bytes for SCSI command 0xff-- guessing data in;
[   48.506149]    program repro not setting count and/or reply_len properly
[   48.510799] sg_write: data in/out 131036/42 bytes for SCSI command 0xff-- guessing data in;
[   48.510799]    program repro not setting count and/or reply_len properly
[   53.473818] sg_write: 1543 callbacks suppressed
[   53.473830] sg_write: data in/out 131036/42 bytes for SCSI command 0xff-- guessing data in;
[   53.473830]    program repro not setting count and/or reply_len properly
[   53.478931] sg_write: data in/out 131036/42 bytes for SCSI command 0xff-- guessing data in;
[   53.478931]    program repro not setting count and/or reply_len properly
[   53.483664] sg_write: data in/out 131036/42 bytes for SCSI command 0xff-- guessing data in;
[   53.483664]    program repro not setting count and/or reply_len properly
[   53.488436] sg_write: data in/out 131036/42 bytes for SCSI command 0xff-- guessing data in;
[   53.488436]    program repro not setting count and/or reply_len properly
[   53.493477] sg_write: data in/out 131036/42 bytes for SCSI command 0xff-- guessing data in;
[   53.493477]    program repro not setting count and/or reply_len properly
[   53.498145] sg_write: data in/out 131036/42 bytes for SCSI command 0xff-- guessing data in;
[   53.498145]    program repro not setting count and/or reply_len properly
[   53.503116] sg_write: data in/out 131036/42 bytes for SCSI command 0xff-- guessing data in;
[   53.503116]    program repro not setting count and/or reply_len properly
[   53.508247] sg_write: data in/out 131036/42 bytes for SCSI command 0xff-- guessing data in;
[   53.508247]    program repro not setting count and/or reply_len properly
[   53.513634] sg_write: data in/out 131036/42 bytes for SCSI command 0xff-- guessing data in;
[   53.513634]    program repro not setting count and/or reply_len properly
[   53.517974] sg_write: data in/out 131036/42 bytes for SCSI command 0xff-- guessing data in;
[   53.517974]    program repro not setting count and/or reply_len properly
[   58.480018] sg_write: 1596 callbacks suppressed
[   58.480029] sg_write: data in/out 131036/42 bytes for SCSI command 0xff-- guessing data in;
[   58.480029]    program repro not setting count and/or reply_len properly
[   58.485389] sg_write: data in/out 131036/42 bytes for SCSI command 0xff-- guessing data in;
[   58.485389]    program repro not setting count and/or reply_len properly
[   58.489983] sg_write: data in/out 131036/42 bytes for SCSI command 0xff-- guessing data in;
[   58.489983]    program repro not setting count and/or reply_len properly
[   58.494732] sg_write: data in/out 131036/42 bytes for SCSI command 0xff-- guessing data in;
[   58.494732]    program repro not setting count and/or reply_len properly
[   58.499835] sg_write: data in/out 131036/42 bytes for SCSI command 0xff-- guessing data in;
[   58.499835]    program repro not setting count and/or reply_len properly
[   58.504942] sg_write: data in/out 131036/42 bytes for SCSI command 0xff-- guessing data in;
[   58.504942]    program repro not setting count and/or reply_len properly
[   58.509896] sg_write: data in/out 131036/42 bytes for SCSI command 0xff-- guessing data in;
[   58.509896]    program repro not setting count and/or reply_len properly
[   58.514725] sg_write: data in/out 131036/42 bytes for SCSI command 0xff-- guessing data in;
[   58.514725]    program repro not setting count and/or reply_len properly
[   58.519584] sg_write: data in/out 131036/42 bytes for SCSI command 0xff-- guessing data in;
[   58.519584]    program repro not setting count and/or reply_len properly
[   58.524330] sg_write: data in/out 131036/42 bytes for SCSI command 0xff-- guessing data in;
[   58.524330]    program repro not setting count and/or reply_len properly
[   63.482163] sg_write: 1544 callbacks suppressed
[   63.482174] sg_write: data in/out 131036/42 bytes for SCSI command 0xff-- guessing data in;
[   63.482174]    program repro not setting count and/or reply_len properly
[   63.487626] sg_write: data in/out 131036/42 bytes for SCSI command 0xff-- guessing data in;
[   63.487626]    program repro not setting count and/or reply_len properly
[   63.492812] sg_write: data in/out 131036/42 bytes for SCSI command 0xff-- guessing data in;
[   63.492812]    program repro not setting count and/or reply_len properly
[   63.497520] sg_write: data in/out 131036/42 bytes for SCSI command 0xff-- guessing data in;
[   63.497520]    program repro not setting count and/or reply_len properly
[   63.502272] sg_write: data in/out 131036/42 bytes for SCSI command 0xff-- guessing data in;
[   63.502272]    program repro not setting count and/or reply_len properly
[   63.507225] sg_write: data in/out 131036/42 bytes for SCSI command 0xff-- guessing data in;
[   63.507225]    program repro not setting count and/or reply_len properly
[   63.512345] sg_write: data in/out 131036/42 bytes for SCSI command 0xff-- guessing data in;
[   63.512345]    program repro not setting count and/or reply_len properly
[   63.517399] sg_write: data in/out 131036/42 bytes for SCSI command 0xff-- guessing data in;
[   63.517399]    program repro not setting count and/or reply_len properly
[   63.522257] sg_write: data in/out 131036/42 bytes for SCSI command 0xff-- guessing data in;
[   63.522257]    program repro not setting count and/or reply_len properly
[   63.527181] sg_write: data in/out 131036/42 bytes for SCSI command 0xff-- guessing data in;
[   63.527181]    program repro not setting count and/or reply_len properly
[   68.486095] sg_write: 1575 callbacks suppressed
[   68.486104] sg_write: data in/out 131036/42 bytes for SCSI command 0xff-- guessing data in;
[   68.486104]    program repro not setting count and/or reply_len properly
[   68.490596] sg_write: data in/out 131036/42 bytes for SCSI command 0xff-- guessing data in;
[   68.490596]    program repro not setting count and/or reply_len properly
[   68.494662] sg_write: data in/out 131036/42 bytes for SCSI command 0xff-- guessing data in;
[   68.494662]    program repro not setting count and/or reply_len properly
[   68.498644] sg_write: data in/out 131036/42 bytes for SCSI command 0xff-- guessing data in;
[   68.498644]    program repro not setting count and/or reply_len properly
[   68.502790] sg_write: data in/out 131036/42 bytes for SCSI command 0xff-- guessing data in;
[   68.502790]    program repro not setting count and/or reply_len properly
[   68.506914] sg_write: data in/out 131036/42 bytes for SCSI command 0xff-- guessing data in;
[   68.506914]    program repro not setting count and/or reply_len properly
[   68.511138] sg_write: data in/out 131036/42 bytes for SCSI command 0xff-- guessing data in;
[   68.511138]    program repro not setting count and/or reply_len properly
[   68.515958] sg_write: data in/out 131036/42 bytes for SCSI command 0xff-- guessing data in;
[   68.515958]    program repro not setting count and/or reply_len properly
[   68.521435] sg_write: data in/out 131036/42 bytes for SCSI command 0xff-- guessing data in;
[   68.521435]    program repro not setting count and/or reply_len properly
[   68.526195] sg_write: data in/out 131036/42 bytes for SCSI command 0xff-- guessing data in;
[   68.526195]    program repro not setting count and/or reply_len properly
[   73.489787] sg_write: 1601 callbacks suppressed
[   73.489797] sg_write: data in/out 131036/42 bytes for SCSI command 0xff-- guessing data in;
[   73.489797]    program repro not setting count and/or reply_len properly
[   73.494267] sg_write: data in/out 131036/42 bytes for SCSI command 0xff-- guessing data in;
[   73.494267]    program repro not setting count and/or reply_len properly
[   73.498141] sg_write: data in/out 131036/42 bytes for SCSI command 0xff-- guessing data in;
[   73.498141]    program repro not setting count and/or reply_len properly
[   73.502002] sg_write: data in/out 131036/42 bytes for SCSI command 0xff-- guessing data in;
[   73.502002]    program repro not setting count and/or reply_len properly
[   73.505939] sg_write: data in/out 131036/42 bytes for SCSI command 0xff-- guessing data in;
[   73.505939]    program repro not setting count and/or reply_len properly
[   73.510294] sg_write: data in/out 131036/42 bytes for SCSI command 0xff-- guessing data in;
[   73.510294]    program repro not setting count and/or reply_len properly
[   73.514795] sg_write: data in/out 131036/42 bytes for SCSI command 0xff-- guessing data in;
[   73.514795]    program repro not setting count and/or reply_len properly
[   73.519582] sg_write: data in/out 131036/42 bytes for SCSI command 0xff-- guessing data in;
[   73.519582]    program repro not setting count and/or reply_len properly
[   73.524395] sg_write: data in/out 131036/42 bytes for SCSI command 0xff-- guessing data in;
[   73.524395]    program repro not setting count and/or reply_len properly
[   73.529352] sg_write: data in/out 131036/42 bytes for SCSI command 0xff-- guessing data in;
[   73.529352]    program repro not setting count and/or reply_len properly
[   78.494476] sg_write: 1541 callbacks suppressed
[   78.494483] sg_write: data in/out 131036/42 bytes for SCSI command 0xff-- guessing data in;
[   78.494483]    program repro not setting count and/or reply_len properly
[   78.498905] sg_write: data in/out 131036/42 bytes for SCSI command 0xff-- guessing data in;
[   78.498905]    program repro not setting count and/or reply_len properly
[   78.502850] sg_write: data in/out 131036/42 bytes for SCSI command 0xff-- guessing data in;
[   78.502850]    program repro not setting count and/or reply_len properly
[   78.506837] sg_write: data in/out 131036/42 bytes for SCSI command 0xff-- guessing data in;
[   78.506837]    program repro not setting count and/or reply_len properly
[   78.510845] sg_write: data in/out 131036/42 bytes for SCSI command 0xff-- guessing data in;
[   78.510845]    program repro not setting count and/or reply_len properly
[   78.514854] sg_write: data in/out 131036/42 bytes for SCSI command 0xff-- guessing data in;
[   78.514854]    program repro not setting count and/or reply_len properly
[   78.519422] sg_write: data in/out 131036/42 bytes for SCSI command 0xff-- guessing data in;
[   78.519422]    program repro not setting count and/or reply_len properly
[   78.524517] sg_write: data in/out 131036/42 bytes for SCSI command 0xff-- guessing data in;
[   78.524517]    program repro not setting count and/or reply_len properly
[   78.529445] sg_write: data in/out 131036/42 bytes for SCSI command 0xff-- guessing data in;
[   78.529445]    program repro not setting count and/or reply_len properly
[   78.534158] sg_write: data in/out 131036/42 bytes for SCSI command 0xff-- guessing data in;
[   78.534158]    program repro not setting count and/or reply_len properly
[   83.499226] sg_write: 1534 callbacks suppressed
[   83.499236] sg_write: data in/out 131036/42 bytes for SCSI command 0xff-- guessing data in;
[   83.499236]    program repro not setting count and/or reply_len properly
[   83.504285] sg_write: data in/out 131036/42 bytes for SCSI command 0xff-- guessing data in;
[   83.504285]    program repro not setting count and/or reply_len properly
[   83.509069] sg_write: data in/out 131036/42 bytes for SCSI command 0xff-- guessing data in;
[   83.509069]    program repro not setting count and/or reply_len properly
[   83.514069] sg_write: data in/out 131036/42 bytes for SCSI command 0xff-- guessing data in;
[   83.514069]    program repro not setting count and/or reply_len properly
[   83.518562] sg_write: data in/out 131036/42 bytes for SCSI command 0xff-- guessing data in;
[   83.518562]    program repro not setting count and/or reply_len properly
[   83.523087] sg_write: data in/out 131036/42 bytes for SCSI command 0xff-- guessing data in;
[   83.523087]    program repro not setting count and/or reply_len properly
[   83.527661] sg_write: data in/out 131036/42 bytes for SCSI command 0xff-- guessing data in;
[   83.527661]    program repro not setting count and/or reply_len properly
[   83.532474] sg_write: data in/out 131036/42 bytes for SCSI command 0xff-- guessing data in;
[   83.532474]    program repro not setting count and/or reply_len properly
[   83.537292] sg_write: data in/out 131036/42 bytes for SCSI command 0xff-- guessing data in;
[   83.537292]    program repro not setting count and/or reply_len properly
[   83.541833] sg_write: data in/out 131036/42 bytes for SCSI command 0xff-- guessing data in;
[   83.541833]    program repro not setting count and/or reply_len properly
[   88.501419] sg_write: 1567 callbacks suppressed
[   88.501428] sg_write: data in/out 131036/42 bytes for SCSI command 0xff-- guessing data in;
[   88.501428]    program repro not setting count and/or reply_len properly
[   88.506726] sg_write: data in/out 131036/42 bytes for SCSI command 0xff-- guessing data in;
[   88.506726]    program repro not setting count and/or reply_len properly
[   88.511717] sg_write: data in/out 131036/42 bytes for SCSI command 0xff-- guessing data in;
[   88.511717]    program repro not setting count and/or reply_len properly
[   88.516475] sg_write: data in/out 131036/42 bytes for SCSI command 0xff-- guessing data in;
[   88.516475]    program repro not setting count and/or reply_len properly
[   88.521278] sg_write: data in/out 131036/42 bytes for SCSI command 0xff-- guessing data in;
[   88.521278]    program repro not setting count and/or reply_len properly
[   88.526049] sg_write: data in/out 131036/42 bytes for SCSI command 0xff-- guessing data in;
[   88.526049]    program repro not setting count and/or reply_len properly
[   88.530621] sg_write: data in/out 131036/42 bytes for SCSI command 0xff-- guessing data in;
[   88.530621]    program repro not setting count and/or reply_len properly
[   88.535013] sg_write: data in/out 131036/42 bytes for SCSI command 0xff-- guessing data in;
[   88.535013]    program repro not setting count and/or reply_len properly
[   88.539705] sg_write: data in/out 131036/42 bytes for SCSI command 0xff-- guessing data in;
[   88.539705]    program repro not setting count and/or reply_len properly
[   88.544217] sg_write: data in/out 131036/42 bytes for SCSI command 0xff-- guessing data in;
[   88.544217]    program repro not setting count and/or reply_len properly
[   93.507728] sg_write: 1578 callbacks suppressed
[   93.507739] sg_write: data in/out 131036/42 bytes for SCSI command 0xff-- guessing data in;
[   93.507739]    program repro not setting count and/or reply_len properly
[   93.512628] sg_write: data in/out 131036/42 bytes for SCSI command 0xff-- guessing data in;
[   93.512628]    program repro not setting count and/or reply_len properly
[   93.517338] sg_write: data in/out 131036/42 bytes for SCSI command 0xff-- guessing data in;
[   93.517338]    program repro not setting count and/or reply_len properly
[   93.522216] sg_write: data in/out 131036/42 bytes for SCSI command 0xff-- guessing data in;
[   93.522216]    program repro not setting count and/or reply_len properly
[   93.526896] sg_write: data in/out 131036/42 bytes for SCSI command 0xff-- guessing data in;
[   93.526896]    program repro not setting count and/or reply_len properly
[   93.531536] sg_write: data in/out 131036/42 bytes for SCSI command 0xff-- guessing data in;
[   93.531536]    program repro not setting count and/or reply_len properly
[   93.536322] sg_write: data in/out 131036/42 bytes for SCSI command 0xff-- guessing data in;
[   93.536322]    program repro not setting count and/or reply_len properly
[   93.541378] sg_write: data in/out 131036/42 bytes for SCSI command 0xff-- guessing data in;
[   93.541378]    program repro not setting count and/or reply_len properly
[   93.546237] sg_write: data in/out 131036/42 bytes for SCSI command 0xff-- guessing data in;
[   93.546237]    program repro not setting count and/or reply_len properly
[   93.550776] sg_write: data in/out 131036/42 bytes for SCSI command 0xff-- guessing data in;
[   93.550776]    program repro not setting count and/or reply_len properly
[   98.510314] sg_write: 1537 callbacks suppressed
[   98.510332] sg_write: data in/out 131036/42 bytes for SCSI command 0xff-- guessing data in;
[   98.510332]    program repro not setting count and/or reply_len properly
[   98.515284] sg_write: data in/out 131036/42 bytes for SCSI command 0xff-- guessing data in;
[   98.515284]    program repro not setting count and/or reply_len properly
[   98.520595] sg_write: data in/out 131036/42 bytes for SCSI command 0xff-- guessing data in;
[   98.520595]    program repro not setting count and/or reply_len properly
[   98.525595] sg_write: data in/out 131036/42 bytes for SCSI command 0xff-- guessing data in;
[   98.525595]    program repro not setting count and/or reply_len properly
[   98.530301] sg_write: data in/out 131036/42 bytes for SCSI command 0xff-- guessing data in;
[   98.530301]    program repro not setting count and/or reply_len properly
[   98.535121] sg_write: data in/out 131036/42 bytes for SCSI command 0xff-- guessing data in;
[   98.535121]    program repro not setting count and/or reply_len properly
[   98.540324] sg_write: data in/out 131036/42 bytes for SCSI command 0xff-- guessing data in;
[   98.540324]    program repro not setting count and/or reply_len properly
[   98.545386] sg_write: data in/out 131036/42 bytes for SCSI command 0xff-- guessing data in;
[   98.545386]    program repro not setting count and/or reply_len properly
[   98.550035] sg_write: data in/out 131036/42 bytes for SCSI command 0xff-- guessing data in;
[   98.550035]    program repro not setting count and/or reply_len properly
[   98.554653] sg_write: data in/out 131036/42 bytes for SCSI command 0xff-- guessing data in;
[   98.554653]    program repro not setting count and/or reply_len properly
[  103.513236] sg_write: 1562 callbacks suppressed
[  103.513245] sg_write: data in/out 131036/42 bytes for SCSI command 0xff-- guessing data in;
[  103.513245]    program repro not setting count and/or reply_len properly
[  103.517588] sg_write: data in/out 131036/42 bytes for SCSI command 0xff-- guessing data in;
[  103.517588]    program repro not setting count and/or reply_len properly
[  103.521654] sg_write: data in/out 131036/42 bytes for SCSI command 0xff-- guessing data in;
[  103.521654]    program repro not setting count and/or reply_len properly
[  103.526242] sg_write: data in/out 131036/42 bytes for SCSI command 0xff-- guessing data in;
[  103.526242]    program repro not setting count and/or reply_len properly
[  103.530992] sg_write: data in/out 131036/42 bytes for SCSI command 0xff-- guessing data in;
[  103.530992]    program repro not setting count and/or reply_len properly
[  103.535810] sg_write: data in/out 131036/42 bytes for SCSI command 0xff-- guessing data in;
[  103.535810]    program repro not setting count and/or reply_len properly
[  103.540370] sg_write: data in/out 131036/42 bytes for SCSI command 0xff-- guessing data in;
[  103.540370]    program repro not setting count and/or reply_len properly
[  103.545090] sg_write: data in/out 131036/42 bytes for SCSI command 0xff-- guessing data in;
[  103.545090]    program repro not setting count and/or reply_len properly
[  103.549808] sg_write: data in/out 131036/42 bytes for SCSI command 0xff-- guessing data in;
[  103.549808]    program repro not setting count and/or reply_len properly
[  103.554713] sg_write: data in/out 131036/42 bytes for SCSI command 0xff-- guessing data in;
[  103.554713]    program repro not setting count and/or reply_len properly
[  108.518207] sg_write: 1569 callbacks suppressed
[  108.518218] sg_write: data in/out 131036/42 bytes for SCSI command 0xff-- guessing data in;
[  108.518218]    program repro not setting count and/or reply_len properly
[  108.523797] sg_write: data in/out 131036/42 bytes for SCSI command 0xff-- guessing data in;
[  108.523797]    program repro not setting count and/or reply_len properly
[  108.528710] sg_write: data in/out 131036/42 bytes for SCSI command 0xff-- guessing data in;
[  108.528710]    program repro not setting count and/or reply_len properly
[  108.533881] sg_write: data in/out 131036/42 bytes for SCSI command 0xff-- guessing data in;
[  108.533881]    program repro not setting count and/or reply_len properly
[  108.538766] sg_write: data in/out 131036/42 bytes for SCSI command 0xff-- guessing data in;
[  108.538766]    program repro not setting count and/or reply_len properly
[  108.543467] sg_write: data in/out 131036/42 bytes for SCSI command 0xff-- guessing data in;
[  108.543467]    program repro not setting count and/or reply_len properly
[  108.548818] sg_write: data in/out 131036/42 bytes for SCSI command 0xff-- guessing data in;
[  108.548818]    program repro not setting count and/or reply_len properly
[  108.553793] sg_write: data in/out 131036/42 bytes for SCSI command 0xff-- guessing data in;
[  108.553793]    program repro not setting count and/or reply_len properly
[  108.558780] sg_write: data in/out 131036/42 bytes for SCSI command 0xff-- guessing data in;
[  108.558780]    program repro not setting count and/or reply_len properly
[  108.563800] sg_write: data in/out 131036/42 bytes for SCSI command 0xff-- guessing data in;
[  108.563800]    program repro not setting count and/or reply_len properly
[  113.523020] sg_write: 1568 callbacks suppressed
[  113.523031] sg_write: data in/out 131036/42 bytes for SCSI command 0xff-- guessing data in;
[  113.523031]    program repro not setting count and/or reply_len properly
[  113.528272] sg_write: data in/out 131036/42 bytes for SCSI command 0xff-- guessing data in;
[  113.528272]    program repro not setting count and/or reply_len properly
[  113.533035] sg_write: data in/out 131036/42 bytes for SCSI command 0xff-- guessing data in;
[  113.533035]    program repro not setting count and/or reply_len properly
[  113.537541] sg_write: data in/out 131036/42 bytes for SCSI command 0xff-- guessing data in;
[  113.537541]    program repro not setting count and/or reply_len properly
[  113.542395] sg_write: data in/out 131036/42 bytes for SCSI command 0xff-- guessing data in;
[  113.542395]    program repro not setting count and/or reply_len properly
[  113.547151] sg_write: data in/out 131036/42 bytes for SCSI command 0xff-- guessing data in;
[  113.547151]    program repro not setting count and/or reply_len properly
[  113.551812] sg_write: data in/out 131036/42 bytes for SCSI command 0xff-- guessing data in;
[  113.551812]    program repro not setting count and/or reply_len properly
[  113.556350] sg_write: data in/out 131036/42 bytes for SCSI command 0xff-- guessing data in;
[  113.556350]    program repro not setting count and/or reply_len properly
[  113.560965] sg_write: data in/out 131036/42 bytes for SCSI command 0xff-- guessing data in;
[  113.560965]    program repro not setting count and/or reply_len properly
[  113.565696] sg_write: data in/out 131036/42 bytes for SCSI command 0xff-- guessing data in;
[  113.565696]    program repro not setting count and/or reply_len properly
[  118.527169] sg_write: 1543 callbacks suppressed
[  118.527178] sg_write: data in/out 131036/42 bytes for SCSI command 0xff-- guessing data in;
[  118.527178]    program repro not setting count and/or reply_len properly
[  118.532074] sg_write: data in/out 131036/42 bytes for SCSI command 0xff-- guessing data in;
[  118.532074]    program repro not setting count and/or reply_len properly
[  118.537076] sg_write: data in/out 131036/42 bytes for SCSI command 0xff-- guessing data in;
[  118.537076]    program repro not setting count and/or reply_len properly
[  118.542110] sg_write: data in/out 131036/42 bytes for SCSI command 0xff-- guessing data in;
[  118.542110]    program repro not setting count and/or reply_len properly
[  118.546922] sg_write: data in/out 131036/42 bytes for SCSI command 0xff-- guessing data in;
[  118.546922]    program repro not setting count and/or reply_len properly
[  118.551503] sg_write: data in/out 131036/42 bytes for SCSI command 0xff-- guessing data in;
[  118.551503]    program repro not setting count and/or reply_len properly
[  118.556281] sg_write: data in/out 131036/42 bytes for SCSI command 0xff-- guessing data in;
[  118.556281]    program repro not setting count and/or reply_len properly
[  118.561223] sg_write: data in/out 131036/42 bytes for SCSI command 0xff-- guessing data in;
[  118.561223]    program repro not setting count and/or reply_len properly
[  118.565891] sg_write: data in/out 131036/42 bytes for SCSI command 0xff-- guessing data in;
[  118.565891]    program repro not setting count and/or reply_len properly
[  118.570388] sg_write: data in/out 131036/42 bytes for SCSI command 0xff-- guessing data in;
[  118.570388]    program repro not setting count and/or reply_len properly
[  123.530670] sg_write: 1588 callbacks suppressed
[  123.530683] sg_write: data in/out 131036/42 bytes for SCSI command 0xff-- guessing data in;
[  123.530683]    program repro not setting count and/or reply_len properly
[  123.536239] sg_write: data in/out 131036/42 bytes for SCSI command 0xff-- guessing data in;
[  123.536239]    program repro not setting count and/or reply_len properly
[  123.541148] sg_write: data in/out 131036/42 bytes for SCSI command 0xff-- guessing data in;
[  123.541148]    program repro not setting count and/or reply_len properly
[  123.545929] sg_write: data in/out 131036/42 bytes for SCSI command 0xff-- guessing data in;
[  123.545929]    program repro not setting count and/or reply_len properly
[  123.550439] sg_write: data in/out 131036/42 bytes for SCSI command 0xff-- guessing data in;
[  123.550439]    program repro not setting count and/or reply_len properly
[  123.555205] sg_write: data in/out 131036/42 bytes for SCSI command 0xff-- guessing data in;
[  123.555205]    program repro not setting count and/or reply_len properly
[  123.560228] sg_write: data in/out 131036/42 bytes for SCSI command 0xff-- guessing data in;
[  123.560228]    program repro not setting count and/or reply_len properly
[  123.565211] sg_write: data in/out 131036/42 bytes for SCSI command 0xff-- guessing data in;
[  123.565211]    program repro not setting count and/or reply_len properly
[  123.569936] sg_write: data in/out 131036/42 bytes for SCSI command 0xff-- guessing data in;
[  123.569936]    program repro not setting count and/or reply_len properly
[  123.574752] sg_write: data in/out 131036/42 bytes for SCSI command 0xff-- guessing data in;
[  123.574752]    program repro not setting count and/or reply_len properly
[  128.535095] sg_write: 1545 callbacks suppressed
[  128.535105] sg_write: data in/out 131036/42 bytes for SCSI command 0xff-- guessing data in;
[  128.535105]    program repro not setting count and/or reply_len properly
[  128.539905] sg_write: data in/out 131036/42 bytes for SCSI command 0xff-- guessing data in;
[  128.539905]    program repro not setting count and/or reply_len properly
[  128.543996] sg_write: data in/out 131036/42 bytes for SCSI command 0xff-- guessing data in;
[  128.543996]    program repro not setting count and/or reply_len properly
[  128.548237] sg_write: data in/out 131036/42 bytes for SCSI command 0xff-- guessing data in;
[  128.548237]    program repro not setting count and/or reply_len properly
[  128.552758] sg_write: data in/out 131036/42 bytes for SCSI command 0xff-- guessing data in;
[  128.552758]    program repro not setting count and/or reply_len properly
[  128.557406] sg_write: data in/out 131036/42 bytes for SCSI command 0xff-- guessing data in;
[  128.557406]    program repro not setting count and/or reply_len properly
[  128.562279] sg_write: data in/out 131036/42 bytes for SCSI command 0xff-- guessing data in;
[  128.562279]    program repro not setting count and/or reply_len properly
[  128.566827] sg_write: data in/out 131036/42 bytes for SCSI command 0xff-- guessing data in;
[  128.566827]    program repro not setting count and/or reply_len properly
[  128.571335] sg_write: data in/out 131036/42 bytes for SCSI command 0xff-- guessing data in;
[  128.571335]    program repro not setting count and/or reply_len properly
[  128.576422] sg_write: data in/out 131036/42 bytes for SCSI command 0xff-- guessing data in;
[  128.576422]    program repro not setting count and/or reply_len properly
[  133.539463] sg_write: 1556 callbacks suppressed
[  133.539474] sg_write: data in/out 131036/42 bytes for SCSI command 0xff-- guessing data in;
[  133.539474]    program repro not setting count and/or reply_len properly
[  133.545461] sg_write: data in/out 131036/42 bytes for SCSI command 0xff-- guessing data in;
[  133.545461]    program repro not setting count and/or reply_len properly
[  133.550273] sg_write: data in/out 131036/42 bytes for SCSI command 0xff-- guessing data in;
[  133.550273]    program repro not setting count and/or reply_len properly
[  133.554927] sg_write: data in/out 131036/42 bytes for SCSI command 0xff-- guessing data in;
[  133.554927]    program repro not setting count and/or reply_len properly
[  133.560148] sg_write: data in/out 131036/42 bytes for SCSI command 0xff-- guessing data in;
[  133.560148]    program repro not setting count and/or reply_len properly
[  133.565446] sg_write: data in/out 131036/42 bytes for SCSI command 0xff-- guessing data in;
[  133.565446]    program repro not setting count and/or reply_len properly
[  133.570263] sg_write: data in/out 131036/42 bytes for SCSI command 0xff-- guessing data in;
[  133.570263]    program repro not setting count and/or reply_len properly
[  133.574896] sg_write: data in/out 131036/42 bytes for SCSI command 0xff-- guessing data in;
[  133.574896]    program repro not setting count and/or reply_len properly
[  133.579912] sg_write: data in/out 131036/42 bytes for SCSI command 0xff-- guessing data in;
[  133.579912]    program repro not setting count and/or reply_len properly
[  133.585165] sg_write: data in/out 131036/42 bytes for SCSI command 0xff-- guessing data in;
[  133.585165]    program repro not setting count and/or reply_len properly
[  138.543750] sg_write: 1521 callbacks suppressed
[  138.543760] sg_write: data in/out 131036/42 bytes for SCSI command 0xff-- guessing data in;
[  138.543760]    program repro not setting count and/or reply_len properly
[  138.548383] sg_write: data in/out 131036/42 bytes for SCSI command 0xff-- guessing data in;
[  138.548383]    program repro not setting count and/or reply_len properly
[  138.552943] sg_write: data in/out 131036/42 bytes for SCSI command 0xff-- guessing data in;
[  138.552943]    program repro not setting count and/or reply_len properly
[  138.557469] sg_write: data in/out 131036/42 bytes for SCSI command 0xff-- guessing data in;
[  138.557469]    program repro not setting count and/or reply_len properly
[  138.561488] sg_write: data in/out 131036/42 bytes for SCSI command 0xff-- guessing data in;
[  138.561488]    program repro not setting count and/or reply_len properly
[  138.565682] sg_write: data in/out 131036/42 bytes for SCSI command 0xff-- guessing data in;
[  138.565682]    program repro not setting count and/or reply_len properly
[  138.570172] sg_write: data in/out 131036/42 bytes for SCSI command 0xff-- guessing data in;
[  138.570172]    program repro not setting count and/or reply_len properly
[  138.574944] sg_write: data in/out 131036/42 bytes for SCSI command 0xff-- guessing data in;
[  138.574944]    program repro not setting count and/or reply_len properly
[  138.580362] sg_write: data in/out 131036/42 bytes for SCSI command 0xff-- guessing data in;
[  138.580362]    program repro not setting count and/or reply_len properly
[  138.585379] sg_write: data in/out 131036/42 bytes for SCSI command 0xff-- guessing data in;
[  138.585379]    program repro not setting count and/or reply_len properly
[  143.547127] sg_write: 1539 callbacks suppressed
[  143.547139] sg_write: data in/out 131036/42 bytes for SCSI command 0xff-- guessing data in;
[  143.547139]    program repro not setting count and/or reply_len properly
[  143.552743] sg_write: data in/out 131036/42 bytes for SCSI command 0xff-- guessing data in;
[  143.552743]    program repro not setting count and/or reply_len properly
[  143.557658] sg_write: data in/out 131036/42 bytes for SCSI command 0xff-- guessing data in;
[  143.557658]    program repro not setting count and/or reply_len properly
[  143.562899] sg_write: data in/out 131036/42 bytes for SCSI command 0xff-- guessing data in;
[  143.562899]    program repro not setting count and/or reply_len properly
[  143.568623] sg_write: data in/out 131036/42 bytes for SCSI command 0xff-- guessing data in;
[  143.568623]    program repro not setting count and/or reply_len properly
[  143.573362] sg_write: data in/out 131036/42 bytes for SCSI command 0xff-- guessing data in;
[  143.573362]    program repro not setting count and/or reply_len properly
[  143.577909] sg_write: data in/out 131036/42 bytes for SCSI command 0xff-- guessing data in;
[  143.577909]    program repro not setting count and/or reply_len properly
[  143.582278] sg_write: data in/out 131036/42 bytes for SCSI command 0xff-- guessing data in;
[  143.582278]    program repro not setting count and/or reply_len properly
[  143.586730] sg_write: data in/out 131036/42 bytes for SCSI command 0xff-- guessing data in;
[  143.586730]    program repro not setting count and/or reply_len properly
[  143.591278] sg_write: data in/out 131036/42 bytes for SCSI command 0xff-- guessing data in;
[  143.591278]    program repro not setting count and/or reply_len properly
[  148.551061] sg_write: 1535 callbacks suppressed
[  148.551070] sg_write: data in/out 131036/42 bytes for SCSI command 0xff-- guessing data in;
[  148.551070]    program repro not setting count and/or reply_len properly
[  148.556153] sg_write: data in/out 131036/42 bytes for SCSI command 0xff-- guessing data in;
[  148.556153]    program repro not setting count and/or reply_len properly
[  148.560295] sg_write: data in/out 131036/42 bytes for SCSI command 0xff-- guessing data in;
[  148.560295]    program repro not setting count and/or reply_len properly
[  148.564545] sg_write: data in/out 131036/42 bytes for SCSI command 0xff-- guessing data in;
[  148.564545]    program repro not setting count and/or reply_len properly
[  148.568807] sg_write: data in/out 131036/42 bytes for SCSI command 0xff-- guessing data in;
[  148.568807]    program repro not setting count and/or reply_len properly
[  148.573429] sg_write: data in/out 131036/42 bytes for SCSI command 0xff-- guessing data in;
[  148.573429]    program repro not setting count and/or reply_len properly
[  148.578181] sg_write: data in/out 131036/42 bytes for SCSI command 0xff-- guessing data in;
[  148.578181]    program repro not setting count and/or reply_len properly
[  148.582656] sg_write: data in/out 131036/42 bytes for SCSI command 0xff-- guessing data in;
[  148.582656]    program repro not setting count and/or reply_len properly
[  148.587275] sg_write: data in/out 131036/42 bytes for SCSI command 0xff-- guessing data in;
[  148.587275]    program repro not setting count and/or reply_len properly
[  148.592187] sg_write: data in/out 131036/42 bytes for SCSI command 0xff-- guessing data in;
[  148.592187]    program repro not setting count and/or reply_len properly
[  153.554705] sg_write: 1541 callbacks suppressed
[  153.554716] sg_write: data in/out 131036/42 bytes for SCSI command 0xff-- guessing data in;
[  153.554716]    program repro not setting count and/or reply_len properly
[  153.559946] sg_write: data in/out 131036/42 bytes for SCSI command 0xff-- guessing data in;
[  153.559946]    program repro not setting count and/or reply_len properly
[  153.564913] sg_write: data in/out 131036/42 bytes for SCSI command 0xff-- guessing data in;
[  153.564913]    program repro not setting count and/or reply_len properly
[  153.569515] sg_write: data in/out 131036/42 bytes for SCSI command 0xff-- guessing data in;
[  153.569515]    program repro not setting count and/or reply_len properly
[  153.574091] sg_write: data in/out 131036/42 bytes for SCSI command 0xff-- guessing data in;
[  153.574091]    program repro not setting count and/or reply_len properly
[  153.578712] sg_write: data in/out 131036/42 bytes for SCSI command 0xff-- guessing data in;
[  153.578712]    program repro not setting count and/or reply_len properly
[  153.583847] sg_write: data in/out 131036/42 bytes for SCSI command 0xff-- guessing data in;
[  153.583847]    program repro not setting count and/or reply_len properly
[  153.588975] sg_write: data in/out 131036/42 bytes for SCSI command 0xff-- guessing data in;
[  153.588975]    program repro not setting count and/or reply_len properly
[  153.593708] sg_write: data in/out 131036/42 bytes for SCSI command 0xff-- guessing data in;
[  153.593708]    program repro not setting count and/or reply_len properly
[  153.598243] sg_write: data in/out 131036/42 bytes for SCSI command 0xff-- guessing data in;
[  153.598243]    program repro not setting count and/or reply_len properly
[  158.559438] sg_write: 1534 callbacks suppressed
[  158.559456] sg_write: data in/out 131036/42 bytes for SCSI command 0xff-- guessing data in;
[  158.559456]    program repro not setting count and/or reply_len properly
[  158.564420] sg_write: data in/out 131036/42 bytes for SCSI command 0xff-- guessing data in;
[  158.564420]    program repro not setting count and/or reply_len properly
[  158.569435] sg_write: data in/out 131036/42 bytes for SCSI command 0xff-- guessing data in;
[  158.569435]    program repro not setting count and/or reply_len properly
[  158.574247] sg_write: data in/out 131036/42 bytes for SCSI command 0xff-- guessing data in;
[  158.574247]    program repro not setting count and/or reply_len properly
[  158.578931] sg_write: data in/out 131036/42 bytes for SCSI command 0xff-- guessing data in;
[  158.578931]    program repro not setting count and/or reply_len properly
[  158.583699] sg_write: data in/out 131036/42 bytes for SCSI command 0xff-- guessing data in;
[  158.583699]    program repro not setting count and/or reply_len properly
[  158.588713] sg_write: data in/out 131036/42 bytes for SCSI command 0xff-- guessing data in;
[  158.588713]    program repro not setting count and/or reply_len properly
[  158.593478] sg_write: data in/out 131036/42 bytes for SCSI command 0xff-- guessing data in;
[  158.593478]    program repro not setting count and/or reply_len properly
[  158.597956] sg_write: data in/out 131036/42 bytes for SCSI command 0xff-- guessing data in;
[  158.597956]    program repro not setting count and/or reply_len properly
[  158.602629] sg_write: data in/out 131036/42 bytes for SCSI command 0xff-- guessing data in;
[  158.602629]    program repro not setting count and/or reply_len properly
[  163.562168] sg_write: 1608 callbacks suppressed
[  163.562177] sg_write: data in/out 131036/42 bytes for SCSI command 0xff-- guessing data in;
[  163.562177]    program repro not setting count and/or reply_len properly
[  163.567036] sg_write: data in/out 131036/42 bytes for SCSI command 0xff-- guessing data in;
[  163.567036]    program repro not setting count and/or reply_len properly
[  163.571967] sg_write: data in/out 131036/42 bytes for SCSI command 0xff-- guessing data in;
[  163.571967]    program repro not setting count and/or reply_len properly
[  163.577310] sg_write: data in/out 131036/42 bytes for SCSI command 0xff-- guessing data in;
[  163.577310]    program repro not setting count and/or reply_len properly
[  163.582296] sg_write: data in/out 131036/42 bytes for SCSI command 0xff-- guessing data in;
[  163.582296]    program repro not setting count and/or reply_len properly
[  163.587119] sg_write: data in/out 131036/42 bytes for SCSI command 0xff-- guessing data in;
[  163.587119]    program repro not setting count and/or reply_len properly
[  163.592153] sg_write: data in/out 131036/42 bytes for SCSI command 0xff-- guessing data in;
[  163.592153]    program repro not setting count and/or reply_len properly
[  163.597561] sg_write: data in/out 131036/42 bytes for SCSI command 0xff-- guessing data in;
[  163.597561]    program repro not setting count and/or reply_len properly
[  163.602534] sg_write: data in/out 131036/42 bytes for SCSI command 0xff-- guessing data in;
[  163.602534]    program repro not setting count and/or reply_len properly
[  163.607555] sg_write: data in/out 131036/42 bytes for SCSI command 0xff-- guessing data in;
[  163.607555]    program repro not setting count and/or reply_len properly
[  168.567232] sg_write: 1398 callbacks suppressed
[  168.567245] sg_write: data in/out 131036/42 bytes for SCSI command 0xff-- guessing data in;
[  168.567245]    program repro not setting count and/or reply_len properly
[  168.572980] sg_write: data in/out 131036/42 bytes for SCSI command 0xff-- guessing data in;
[  168.572980]    program repro not setting count and/or reply_len properly
[  168.578999] sg_write: data in/out 131036/42 bytes for SCSI command 0xff-- guessing data in;
[  168.578999]    program repro not setting count and/or reply_len properly
[  168.584856] sg_write: data in/out 131036/42 bytes for SCSI command 0xff-- guessing data in;
[  168.584856]    program repro not setting count and/or reply_len properly
[  168.589820] sg_write: data in/out 131036/42 bytes for SCSI command 0xff-- guessing data in;
[  168.589820]    program repro not setting count and/or reply_len properly
[  168.594602] sg_write: data in/out 131036/42 bytes for SCSI command 0xff-- guessing data in;
[  168.594602]    program repro not setting count and/or reply_len properly
[  168.599772] sg_write: data in/out 131036/42 bytes for SCSI command 0xff-- guessing data in;
[  168.599772]    program repro not setting count and/or reply_len properly
[  168.605617] sg_write: data in/out 131036/42 bytes for SCSI command 0xff-- guessing data in;
[  168.605617]    program repro not setting count and/or reply_len properly
[  168.611067] sg_write: data in/out 131036/42 bytes for SCSI command 0xff-- guessing data in;
[  168.611067]    program repro not setting count and/or reply_len properly
[  168.616521] sg_write: data in/out 131036/42 bytes for SCSI command 0xff-- guessing data in;
[  168.616521]    program repro not setting count and/or reply_len properly
[  173.570404] sg_write: 1422 callbacks suppressed
[  173.570413] sg_write: data in/out 131036/42 bytes for SCSI command 0xff-- guessing data in;
[  173.570413]    program repro not setting count and/or reply_len properly
[  173.574239] sg_write: data in/out 131036/42 bytes for SCSI command 0xff-- guessing data in;
[  173.574239]    program repro not setting count and/or reply_len properly
[  173.577868] sg_write: data in/out 131036/42 bytes for SCSI command 0xff-- guessing data in;
[  173.577868]    program repro not setting count and/or reply_len properly
[  173.581780] sg_write: data in/out 131036/42 bytes for SCSI command 0xff-- guessing data in;
[  173.581780]    program repro not setting count and/or reply_len properly
[  173.585597] sg_write: data in/out 131036/42 bytes for SCSI command 0xff-- guessing data in;
[  173.585597]    program repro not setting count and/or reply_len properly
[  173.589895] sg_write: data in/out 131036/42 bytes for SCSI command 0xff-- guessing data in;
[  173.589895]    program repro not setting count and/or reply_len properly
[  173.594324] sg_write: data in/out 131036/42 bytes for SCSI command 0xff-- guessing data in;
[  173.594324]    program repro not setting count and/or reply_len properly
[  173.598690] sg_write: data in/out 131036/42 bytes for SCSI command 0xff-- guessing data in;
[  173.598690]    program repro not setting count and/or reply_len properly
[  173.603145] sg_write: data in/out 131036/42 bytes for SCSI command 0xff-- guessing data in;
[  173.603145]    program repro not setting count and/or reply_len properly
[  173.607885] sg_write: data in/out 131036/42 bytes for SCSI command 0xff-- guessing data in;
[  173.607885]    program repro not setting count and/or reply_len properly
