c[?7l[2J[0mSeaBIOS (version rel-1.14.0-0-g155821a1990b-prebuilt.qemu.org)


iPXE (http://ipxe.org) 00:03.0 CA00 PCI2.10 PnP PMM+7FF8F030+7FEEF030 CA00
Press Ctrl-B to configure iPXE (PCI 00:03.0)...                                                                               


Booting from ROM...
c[?7l[2J[    0.000000] Linux version 6.1.0-268369b171ff+ (root@p-rplp02) (gcc (GCC) 8.5.0 20210514 (Red Hat 8.5.0-17), GNU ld version 2.36.1-2.el8) #1 SMP PREEMPT_DYNAMIC Tue Jan  3 18:30:00 CST 2023
[    0.000000] Command line: console=ttyS0 root=/dev/sda earlyprintk=serial net.ifnames=0
[    0.000000] KERNEL supported cpus:
[    0.000000]   Intel GenuineIntel
[    0.000000]   AMD AuthenticAMD
[    0.000000]   Hygon HygonGenuine
[    0.000000]   Centaur CentaurHauls
[    0.000000]   zhaoxin   Shanghai  
[    0.000000] x86/fpu: Supporting XSAVE feature 0x001: 'x87 floating point registers'
[    0.000000] x86/fpu: Supporting XSAVE feature 0x002: 'SSE registers'
[    0.000000] x86/fpu: Supporting XSAVE feature 0x004: 'AVX registers'
[    0.000000] x86/fpu: Supporting XSAVE feature 0x200: 'Protection Keys User registers'
[    0.000000] x86/fpu: xstate_offset[2]:  576, xstate_sizes[2]:  256
[    0.000000] x86/fpu: xstate_offset[9]:  832, xstate_sizes[9]:    8
[    0.000000] x86/fpu: Enabled xstate features 0x207, context size is 840 bytes, using 'compacted' format.
[    0.000000] signal: max sigframe size: 3632
[    0.000000] BIOS-provided physical RAM map:
[    0.000000] BIOS-e820: [mem 0x0000000000000000-0x000000000009fbff] usable
[    0.000000] BIOS-e820: [mem 0x000000000009fc00-0x000000000009ffff] reserved
[    0.000000] BIOS-e820: [mem 0x00000000000f0000-0x00000000000fffff] reserved
[    0.000000] BIOS-e820: [mem 0x0000000000100000-0x000000007ffdffff] usable
[    0.000000] BIOS-e820: [mem 0x000000007ffe0000-0x000000007fffffff] reserved
[    0.000000] BIOS-e820: [mem 0x00000000feffc000-0x00000000feffffff] reserved
[    0.000000] BIOS-e820: [mem 0x00000000fffc0000-0x00000000ffffffff] reserved
[    0.000000] printk: bootconsole [earlyser0] enabled
[    0.000000] NX (Execute Disable) protection: active
[    0.000000] SMBIOS 2.8 present.
[    0.000000] DMI: QEMU Standard PC (i440FX + PIIX, 1996), BIOS rel-1.14.0-0-g155821a1990b-prebuilt.qemu.org 04/01/2014
[    0.000000] Hypervisor detected: KVM
[    0.000000] kvm-clock: Using msrs 4b564d01 and 4b564d00
[    0.000006] kvm-clock: using sched offset of 520517439 cycles
[    0.000886] clocksource: kvm-clock: mask: 0xffffffffffffffff max_cycles: 0x1cd42e4dffb, max_idle_ns: 881590591483 ns
[    0.003621] tsc: Detected 1881.600 MHz processor
[    0.010704] last_pfn = 0x7ffe0 max_arch_pfn = 0x400000000
[    0.011838] x86/PAT: Configuration [0-7]: WB  WC  UC- UC  WB  WP  UC- WT  
[    0.021315] found SMP MP-table at [mem 0x000f5a90-0x000f5a9f]
[    0.022690] Using GB pages for direct mapping
[    0.025302] ACPI: Early table checksum verification disabled
[    0.026376] ACPI: RSDP 0x00000000000F5870 000014 (v00 BOCHS )
[    0.027370] ACPI: RSDT 0x000000007FFE1959 000034 (v01 BOCHS  BXPC     00000001 BXPC 00000001)
[    0.028835] ACPI: FACP 0x000000007FFE1805 000074 (v01 BOCHS  BXPC     00000001 BXPC 00000001)
[    0.030275] ACPI: DSDT 0x000000007FFE0040 0017C5 (v01 BOCHS  BXPC     00000001 BXPC 00000001)
[    0.031705] ACPI: FACS 0x000000007FFE0000 000040
[    0.032489] ACPI: APIC 0x000000007FFE1879 000080 (v01 BOCHS  BXPC     00000001 BXPC 00000001)
[    0.033904] ACPI: HPET 0x000000007FFE18F9 000038 (v01 BOCHS  BXPC     00000001 BXPC 00000001)
[    0.035325] ACPI: WAET 0x000000007FFE1931 000028 (v01 BOCHS  BXPC     00000001 BXPC 00000001)
[    0.036764] ACPI: Reserving FACP table memory at [mem 0x7ffe1805-0x7ffe1878]
[    0.037937] ACPI: Reserving DSDT table memory at [mem 0x7ffe0040-0x7ffe1804]
[    0.039107] ACPI: Reserving FACS table memory at [mem 0x7ffe0000-0x7ffe003f]
[    0.040301] ACPI: Reserving APIC table memory at [mem 0x7ffe1879-0x7ffe18f8]
[    0.041529] ACPI: Reserving HPET table memory at [mem 0x7ffe18f9-0x7ffe1930]
[    0.042714] ACPI: Reserving WAET table memory at [mem 0x7ffe1931-0x7ffe1958]
[    0.045282] No NUMA configuration found
[    0.045941] Faking a node at [mem 0x0000000000000000-0x000000007ffdffff]
[    0.047171] NODE_DATA(0) allocated [mem 0x7ffb5000-0x7ffdffff]
[    0.051960] Zone ranges:
[    0.052424]   DMA      [mem 0x0000000000001000-0x0000000000ffffff]
[    0.053488]   DMA32    [mem 0x0000000001000000-0x000000007ffdffff]
[    0.054527]   Normal   empty
[    0.055010]   Device   empty
[    0.055498] Movable zone start for each node
[    0.056210] Early memory node ranges
[    0.056842]   node   0: [mem 0x0000000000001000-0x000000000009efff]
[    0.057884]   node   0: [mem 0x0000000000100000-0x000000007ffdffff]
[    0.058935] Initmem setup node 0 [mem 0x0000000000001000-0x000000007ffdffff]
[    0.060672] On node 0, zone DMA: 1 pages in unavailable ranges
[    0.061057] On node 0, zone DMA: 97 pages in unavailable ranges
[    0.107276] On node 0, zone DMA32: 32 pages in unavailable ranges
[    0.108698] ACPI: PM-Timer IO Port: 0x608
[    0.110204] ACPI: LAPIC_NMI (acpi_id[0xff] dfl dfl lint[0x1])
[    0.111151] IOAPIC[0]: apic_id 0, version 17, address 0xfec00000, GSI 0-23
[    0.112192] ACPI: INT_SRC_OVR (bus 0 bus_irq 0 global_irq 2 dfl dfl)
[    0.113109] ACPI: INT_SRC_OVR (bus 0 bus_irq 5 global_irq 5 high level)
[    0.114068] ACPI: INT_SRC_OVR (bus 0 bus_irq 9 global_irq 9 high level)
[    0.115031] ACPI: INT_SRC_OVR (bus 0 bus_irq 10 global_irq 10 high level)
[    0.116016] ACPI: INT_SRC_OVR (bus 0 bus_irq 11 global_irq 11 high level)
[    0.117045] ACPI: Using ACPI (MADT) for SMP configuration information
[    0.118021] ACPI: HPET id: 0x8086a201 base: 0xfed00000
[    0.118842] TSC deadline timer available
[    0.119472] smpboot: Allowing 2 CPUs, 0 hotplug CPUs
[    0.120495] kvm-guest: KVM setup pv remote TLB flush
[    0.121355] kvm-guest: setup PV sched yield
[    0.122203] PM: hibernation: Registered nosave memory: [mem 0x00000000-0x00000fff]
[    0.123480] PM: hibernation: Registered nosave memory: [mem 0x0009f000-0x0009ffff]
[    0.124779] PM: hibernation: Registered nosave memory: [mem 0x000a0000-0x000effff]
[    0.126041] PM: hibernation: Registered nosave memory: [mem 0x000f0000-0x000fffff]
[    0.127313] [mem 0x80000000-0xfeffbfff] available for PCI devices
[    0.128330] Booting paravirtualized kernel on KVM
[    0.129186] clocksource: refined-jiffies: mask: 0xffffffff max_cycles: 0xffffffff, max_idle_ns: 7645519600211568 ns
[    0.130957] setup_percpu: NR_CPUS:8192 nr_cpumask_bits:2 nr_cpu_ids:2 nr_node_ids:1
[    0.136245] percpu: Embedded 64 pages/cpu s225280 r8192 d28672 u1048576
[    0.137726] kvm-guest: PV spinlocks enabled
[    0.138443] PV qspinlock hash table entries: 256 (order: 0, 4096 bytes, linear)
[    0.139735] Fallback order for Node 0: 0 
[    0.140467] Built 1 zonelists, mobility grouping on.  Total pages: 515808
[    0.141605] Policy zone: DMA32
[    0.142115] Kernel command line: net.ifnames=0 console=ttyS0 root=/dev/sda earlyprintk=serial net.ifnames=0
[    0.144926] random: crng init done
[    0.149010] Dentry cache hash table entries: 262144 (order: 9, 2097152 bytes, linear)
[    0.151914] Inode-cache hash table entries: 131072 (order: 8, 1048576 bytes, linear)
[    0.153422] mem auto-init: stack:off, heap alloc:off, heap free:off
[    0.158287] Memory: 1985384K/2096632K available (32784K kernel code, 4695K rwdata, 7828K rodata, 3668K init, 22124K bss, 110992K reserved, 0K cma-reserved)
[    0.160989] SLUB: HWalign=64, Order=0-3, MinObjects=0, CPUs=2, Nodes=1
[    0.161913] kmemleak: Kernel memory leak detector disabled
[    0.162733] ftrace: allocating 67399 entries in 264 pages
[    0.202419] ftrace: allocated 264 pages with 2 groups
[    0.207296] Dynamic Preempt: voluntary
[    0.208187] Running RCU self tests
[    0.208785] rcu: Preemptible hierarchical RCU implementation.
[    0.209720] rcu: 	RCU lockdep checking is enabled.
[    0.210497] rcu: 	RCU restricting CPUs from NR_CPUS=8192 to nr_cpu_ids=2.
[    0.211599] 	Trampoline variant of Tasks RCU enabled.
[    0.212430] 	Rude variant of Tasks RCU enabled.
[    0.213169] 	Tracing variant of Tasks RCU enabled.
[    0.213949] rcu: RCU calculated value of scheduler-enlistment delay is 25 jiffies.
[    0.215179] rcu: Adjusting geometry for rcu_fanout_leaf=16, nr_cpu_ids=2
[    0.244000] NR_IRQS: 524544, nr_irqs: 440, preallocated irqs: 16
[    0.245457] rcu: srcu_init: Setting srcu_struct sizes based on contention.
[    0.262548] Console: colour VGA+ 80x25
[    0.263324] printk: console [ttyS0] enabled
[    0.263324] printk: console [ttyS0] enabled
[    0.264741] printk: bootconsole [earlyser0] disabled
[    0.264741] printk: bootconsole [earlyser0] disabled
[    0.266422] Lock dependency validator: Copyright (c) 2006 Red Hat, Inc., Ingo Molnar
[    0.267716] ... MAX_LOCKDEP_SUBCLASSES:  8
[    0.268416] ... MAX_LOCK_DEPTH:          48
[    0.269137] ... MAX_LOCKDEP_KEYS:        8192
[    0.269877] ... CLASSHASH_SIZE:          4096
[    0.270613] ... MAX_LOCKDEP_ENTRIES:     32768
[    0.271359] ... MAX_LOCKDEP_CHAINS:      65536
[    0.272110] ... CHAINHASH_SIZE:          32768
[    0.272865]  memory used by lock dependency info: 6365 kB
[    0.273772]  memory used for stack traces: 4224 kB
[    0.274585]  per task-struct memory footprint: 1920 bytes
[    0.275559] ACPI: Core revision 20221020
[    0.276630] clocksource: hpet: mask: 0xffffffff max_cycles: 0xffffffff, max_idle_ns: 19112604467 ns
[    0.278442] APIC: Switch to symmetric I/O mode setup
[    0.279838] x2apic enabled
[    0.280844] Switched APIC routing to physical x2apic.
[    0.281709] kvm-guest: setup PV IPIs
[    0.284831] ..TIMER: vector=0x30 apic1=0 pin1=2 apic2=-1 pin2=-1
[    0.285939] clocksource: tsc-early: mask: 0xffffffffffffffff max_cycles: 0x363e8c91135, max_idle_ns: 881590568389 ns
[    0.287706] Calibrating delay loop (skipped) preset value.. 3763.20 BogoMIPS (lpj=7526400)
[    0.289065] pid_max: default: 32768 minimum: 301
[    0.289908] LSM: Security Framework initializing
[    0.291701] Yama: becoming mindful.
[    0.292535] Mount-cache hash table entries: 4096 (order: 3, 32768 bytes, linear)
[    0.293744] Mountpoint-cache hash table entries: 4096 (order: 3, 32768 bytes, linear)
[    0.297138] CPU0: Thermal monitoring enabled (TM1)
[    0.299776] x86/cpu: User Mode Instruction Prevention (UMIP) activated
[    0.302174] Last level iTLB entries: 4KB 0, 2MB 0, 4MB 0
[    0.303708] Last level dTLB entries: 4KB 0, 2MB 0, 4MB 0, 1GB 0
[    0.304803] Spectre V1 : Mitigation: usercopy/swapgs barriers and __user pointer sanitization
[    0.306203] Spectre V2 : WARNING: Unprivileged eBPF is enabled with eIBRS on, data leaks possible via Spectre v2 BHB attacks!
[    0.307686] Spectre V2 : Mitigation: Enhanced IBRS
[    0.308446] Spectre V2 : Spectre v2 / SpectreRSB mitigation: Filling RSB on context switch
[    0.309752] Spectre V2 : Spectre v2 / PBRSB-eIBRS: Retire a single CALL on VMEXIT
[    0.311684] Spectre V2 : mitigation: Enabling conditional Indirect Branch Prediction Barrier
[    0.313000] Speculative Store Bypass: Mitigation: Speculative Store Bypass disabled via prctl
[    0.314352] MMIO Stale Data: Unknown: No mitigations
[    0.437672] Freeing SMP alternatives memory: 56K
[    0.439242] smpboot: CPU0: Genuine Intel(R) 0000 (family: 0x6, model: 0xba, stepping: 0x2)
[    0.439668] cblist_init_generic: Setting adjustable number of callback queues.
[    0.439668] cblist_init_generic: Setting shift to 1 and lim to 1.
[    0.439750] cblist_init_generic: Setting shift to 1 and lim to 1.
[    0.440783] cblist_init_generic: Setting shift to 1 and lim to 1.
[    0.441776] Running RCU-tasks wait API self tests
[    0.543830] Performance Events: Alderlake Hybrid events, full-width counters, Intel PMU driver.
[    0.545577] core: cpu_core PMU driver: 
[    0.546068] ... version:                2
[    0.546574] ... bit width:              48
[    0.547083] ... generic registers:      6
[    0.547585] ... value mask:             0000ffffffffffff
[    0.547678] ... max period:             00007fffffffffff
[    0.548332] ... fixed-purpose events:   3
[    0.548830] ... event mask:             0001000f0000003f
[    0.549807] rcu: Hierarchical SRCU implementation.
[    0.550410] rcu: 	Max phase no-delay instances is 1000.
[    0.554209] unchecked MSR access error: WRMSR to 0x38f (tried to write 0x0001000f0000003f) at rIP: 0xffffffff810cf45c (native_write_msr+0xc/0x30)
[    0.555668] Call Trace:
[    0.555668]  <TASK>
[    0.555668]  __intel_pmu_enable_all.constprop.46+0xb5/0x140
[    0.555668]  intel_pmu_enable_all+0x1e/0x30
[    0.555668]  x86_pmu_enable+0x46d/0x5a0
[    0.555668]  ? write_comp_data+0x2f/0x90
[    0.555668]  perf_pmu_enable+0x53/0x70
[    0.555668]  ctx_resched+0x14d/0x1e0
[    0.555668]  __perf_install_in_context+0x2f7/0x450
[    0.555668]  ? perf_assert_pmu_disabled.isra.84+0x50/0x50
[    0.555668]  ? perf_assert_pmu_disabled.isra.84+0x50/0x50
[    0.555668]  remote_function+0x80/0xa0
[    0.555668]  ? perf_assert_pmu_disabled.isra.84+0x50/0x50
[    0.555668]  generic_exec_single+0x124/0x190
[    0.555668]  smp_call_function_single+0x11c/0x240
[    0.555668]  ? perf_assert_pmu_disabled.isra.84+0x50/0x50
[    0.555668]  ? __sanitizer_cov_trace_pc+0x25/0x60
[    0.555668]  ? write_comp_data+0x2f/0x90
[    0.555668]  perf_install_in_context+0x2d8/0x300
[    0.555668]  ? ctx_resched+0x1e0/0x1e0
[    0.555668]  perf_event_create_kernel_counter+0x278/0x2a0
[    0.555668]  ? find_next_bit+0x30/0x30
[    0.555668]  hardlockup_detector_event_create+0x46/0xd0
[    0.555668]  hardlockup_detector_perf_init+0x18/0x66
[    0.555668]  watchdog_nmi_probe+0x17/0x1d
[    0.555668]  lockup_detector_init+0x40/0xaf
[    0.555668]  kernel_init_freeable+0x264/0x422
[    0.555668]  ? __wait_for_common+0x19d/0x1f0
[    0.555668]  ? rest_init+0x240/0x240
[    0.555668]  kernel_init+0x24/0x1e0
[    0.555668]  ? rest_init+0x240/0x240
[    0.555668]  ret_from_fork+0x1f/0x30
[    0.555668]  </TASK>
[    0.555724] Callback from call_rcu_tasks_trace() invoked.
[    0.556876] smp: Bringing up secondary CPUs ...
[    0.559490] x86: Booting SMP configuration:
[    0.559691] .... node  #0, CPUs:      #1
[    0.033082] smpboot: CPU 1 Converting physical 0 to logical die 1
[    0.563931] smp: Brought up 1 node, 2 CPUs
[    0.564633] smpboot: Max logical packages: 2
[    0.565320] smpboot: Total of 2 processors activated (7526.40 BogoMIPS)
[    0.577456] devtmpfs: initialized
[    0.577456] x86/mm: Memory block size: 128MB
[    0.581693] clocksource: jiffies: mask: 0xffffffff max_cycles: 0xffffffff, max_idle_ns: 7645041785100000 ns
[    0.581693] futex hash table entries: 512 (order: 4, 65536 bytes, linear)
[    0.584021] pinctrl core: initialized pinctrl subsystem
[    0.585316] 
[    0.585536] *************************************************************
[    0.586443] **     NOTICE NOTICE NOTICE NOTICE NOTICE NOTICE NOTICE    **
[    0.587346] **                                                         **
[    0.587677] **  IOMMU DebugFS SUPPORT HAS BEEN ENABLED IN THIS KERNEL  **
[    0.588607] **                                                         **
[    0.589564] ** This means that this kernel is built to expose internal **
[    0.590542] ** IOMMU data structures, which may compromise security on **
[    0.591580] ** your system.                                            **
[    0.591684] **                                                         **
[    0.592759] ** If you see this message and you are not debugging the   **
[    0.593826] ** kernel, report this immediately to your vendor!         **
[    0.594909] **                                                         **
[    0.595676] **     NOTICE NOTICE NOTICE NOTICE NOTICE NOTICE NOTICE    **
[    0.596765] *************************************************************
[    0.597992] PM: RTC time: 10:32:44, date: 2023-01-03
[    0.605910] NET: Registered PF_NETLINK/PF_ROUTE protocol family
[    0.607336] DMA: preallocated 256 KiB GFP_KERNEL pool for atomic allocations
[    0.607698] DMA: preallocated 256 KiB GFP_KERNEL|GFP_DMA pool for atomic allocations
[    0.608772] DMA: preallocated 256 KiB GFP_KERNEL|GFP_DMA32 pool for atomic allocations
[    0.609917] audit: initializing netlink subsys (disabled)
[    0.610802] audit: type=2000 audit(1672741964.505:1): state=initialized audit_enabled=0 res=1
[    0.611735] thermal_sys: Registered thermal governor 'fair_share'
[    0.612187] thermal_sys: Registered thermal governor 'bang_bang'
[    0.613034] thermal_sys: Registered thermal governor 'step_wise'
[    0.613864] thermal_sys: Registered thermal governor 'user_space'
[    0.614772] cpuidle: using governor ladder
[    0.616289] cpuidle: using governor menu
[    0.617355] acpiphp: ACPI Hot Plug PCI Controller Driver version: 0.5
[    0.618867] PCI: Using configuration type 1 for base access
[    0.633813] kprobes: kprobe jump-optimization is enabled. All kprobes are optimized if possible.
[    0.864685] HugeTLB: registered 1.00 GiB page size, pre-allocated 0 pages
[    0.866051] HugeTLB: 16380 KiB vmemmap can be freed for a 1.00 GiB page
[    0.867252] HugeTLB: registered 2.00 MiB page size, pre-allocated 0 pages
[    0.867686] HugeTLB: 28 KiB vmemmap can be freed for a 2.00 MiB page
[    0.878035] ACPI: Added _OSI(Module Device)
[    0.878839] ACPI: Added _OSI(Processor Device)
[    0.879639] ACPI: Added _OSI(3.0 _SCP Extensions)
[    0.879685] ACPI: Added _OSI(Processor Aggregator Device)
[    0.886441] ACPI: 1 ACPI AML tables successfully acquired and loaded
[    0.891421] ACPI: Interpreter enabled
[    0.891806] ACPI: PM: (supports S0 S3 S4 S5)
[    0.892567] ACPI: Using IOAPIC for interrupt routing
[    0.893525] PCI: Using host bridge windows from ACPI; if necessary, use "pci=nocrs" and report a bug
[    0.895109] PCI: Using E820 reservations for host bridge windows
[    0.896469] ACPI: Enabled 2 GPEs in block 00 to 0F
[    0.915534] ACPI: PCI Root Bridge [PCI0] (domain 0000 [bus 00-ff])
[    0.915710] acpi PNP0A03:00: _OSC: OS supports [ASPM ClockPM Segments MSI EDR HPX-Type3]
[    0.917130] acpi PNP0A03:00: _OSC: not requesting OS control; OS requires [ExtendedConfig ASPM ClockPM MSI]
[    0.918919] acpi PNP0A03:00: fail to add MMCONFIG information, can't access extended PCI configuration space under this bridge.
[    0.922512] acpiphp: Slot [3] registered
[    0.923315] acpiphp: Slot [4] registered
[    0.923764] acpiphp: Slot [5] registered
[    0.924552] acpiphp: Slot [6] registered
[    0.925331] acpiphp: Slot [7] registered
[    0.926116] acpiphp: Slot [8] registered
[    0.926894] acpiphp: Slot [9] registered
[    0.927668] acpiphp: Slot [10] registered
[    0.928480] acpiphp: Slot [11] registered
[    0.929273] acpiphp: Slot [12] registered
[    0.930084] acpiphp: Slot [13] registered
[    0.930886] acpiphp: Slot [14] registered
[    0.931702] acpiphp: Slot [15] registered
[    0.932606] acpiphp: Slot [16] registered
[    0.933453] acpiphp: Slot [17] registered
[    0.934288] acpiphp: Slot [18] registered
[    0.935125] acpiphp: Slot [19] registered
[    0.935764] acpiphp: Slot [20] registered
[    0.936599] acpiphp: Slot [21] registered
[    0.937699] acpiphp: Slot [22] registered
[    0.938525] acpiphp: Slot [23] registered
[    0.939343] acpiphp: Slot [24] registered
[    0.939802] acpiphp: Slot [25] registered
[    0.940617] acpiphp: Slot [26] registered
[    0.941446] acpiphp: Slot [27] registered
[    0.942262] acpiphp: Slot [28] registered
[    0.943077] acpiphp: Slot [29] registered
[    0.943774] acpiphp: Slot [30] registered
[    0.944597] acpiphp: Slot [31] registered
[    0.945378] PCI host bridge to bus 0000:00
[    0.946129] pci_bus 0000:00: root bus resource [io  0x0000-0x0cf7 window]
[    0.947397] pci_bus 0000:00: root bus resource [io  0x0d00-0xffff window]
[    0.947680] pci_bus 0000:00: root bus resource [mem 0x000a0000-0x000bffff window]
[    0.949042] pci_bus 0000:00: root bus resource [mem 0x80000000-0xfebfffff window]
[    0.950395] pci_bus 0000:00: root bus resource [mem 0x100000000-0x17fffffff window]
[    0.951691] pci_bus 0000:00: root bus resource [bus 00-ff]
[    0.952897] pci 0000:00:00.0: [8086:1237] type 00 class 0x060000
[    0.957926] pci 0000:00:01.0: [8086:7000] type 00 class 0x060100
[    0.960412] pci 0000:00:01.1: [8086:7010] type 00 class 0x010180
[    0.963391] pci 0000:00:01.1: reg 0x20: [io  0xc040-0xc04f]
[    0.964491] pci 0000:00:01.1: legacy IDE quirk: reg 0x10: [io  0x01f0-0x01f7]
[    0.965782] pci 0000:00:01.1: legacy IDE quirk: reg 0x14: [io  0x03f6]
[    0.966959] pci 0000:00:01.1: legacy IDE quirk: reg 0x18: [io  0x0170-0x0177]
[    0.967699] pci 0000:00:01.1: legacy IDE quirk: reg 0x1c: [io  0x0376]
[    0.969396] pci 0000:00:01.3: [8086:7113] type 00 class 0x068000
[    0.971863] pci 0000:00:01.3: quirk: [io  0x0600-0x063f] claimed by PIIX4 ACPI
[    0.973226] pci 0000:00:01.3: quirk: [io  0x0700-0x070f] claimed by PIIX4 SMB
[    0.975096] pci 0000:00:02.0: [1234:1111] type 00 class 0x030000
[    0.979312] pci 0000:00:02.0: reg 0x10: [mem 0xfd000000-0xfdffffff pref]
[    0.982659] pci 0000:00:02.0: reg 0x18: [mem 0xfebf0000-0xfebf0fff]
[    0.990116] pci 0000:00:02.0: reg 0x30: [mem 0xfebe0000-0xfebeffff pref]
[    0.992054] pci 0000:00:02.0: Video device with shadowed ROM at [mem 0x000c0000-0x000dffff]
[    0.998510] pci 0000:00:03.0: [8086:100e] type 00 class 0x020000
[    1.000420] pci 0000:00:03.0: reg 0x10: [mem 0xfebc0000-0xfebdffff]
[    1.002282] pci 0000:00:03.0: reg 0x14: [io  0xc000-0xc03f]
[    1.006526] pci 0000:00:03.0: reg 0x30: [mem 0xfeb80000-0xfebbffff pref]
[    1.049848] ACPI: PCI: Interrupt link LNKA configured for IRQ 10
[    1.051464] ACPI: PCI: Interrupt link LNKB configured for IRQ 10
[    1.052106] ACPI: PCI: Interrupt link LNKC configured for IRQ 11
[    1.053617] ACPI: PCI: Interrupt link LNKD configured for IRQ 11
[    1.054939] ACPI: PCI: Interrupt link LNKS configured for IRQ 9
[    1.057813] iommu: Default domain type: Translated 
[    1.058773] iommu: DMA domain TLB invalidation policy: lazy mode 
[    1.062195] SCSI subsystem initialized
[    1.063551] ACPI: bus type USB registered
[    1.063806] usbcore: registered new interface driver usbfs
[    1.064856] usbcore: registered new interface driver hub
[    1.066053] usbcore: registered new device driver usb
[    1.067192] pps_core: LinuxPPS API ver. 1 registered
[    1.067681] pps_core: Software ver. 5.3.6 - Copyright 2005-2007 Rodolfo Giometti <giometti@linux.it>
[    1.069314] PTP clock support registered
[    1.070391] EDAC MC: Ver: 3.0.0
[    1.075563] NetLabel: Initializing
[    1.075717] NetLabel:  domain hash size = 128
[    1.076672] NetLabel:  protocols = UNLABELED CIPSOv4 CALIPSO
[    1.077829] NetLabel:  unlabeled traffic allowed by default
[    1.112269] PCI: Using ACPI for IRQ routing
[    1.113561] pci 0000:00:02.0: vgaarb: setting as boot VGA device
[    1.114667] pci 0000:00:02.0: vgaarb: bridge control possible
[    1.115668] pci 0000:00:02.0: vgaarb: VGA device added: decodes=io+mem,owns=io+mem,locks=none
[    1.115679] vgaarb: loaded
[    1.117394] hpet0: at MMIO 0xfed00000, IRQs 2, 8, 0
[    1.118295] hpet0: 3 comparators, 64-bit 100.000000 MHz counter
[    3.665629] clocksource: Switched to clocksource kvm-clock
[    3.666101] Callback from call_rcu_tasks_rude() invoked.
[    3.666896] VFS: Disk quotas dquot_6.6.0
[    3.667744] VFS: Dquot-cache hash table entries: 512 (order 0, 4096 bytes)
[    3.669402] pnp: PnP ACPI init
[    3.672275] pnp: PnP ACPI: found 6 devices
[    3.685431] clocksource: acpi_pm: mask: 0xffffff max_cycles: 0xffffff, max_idle_ns: 2085701024 ns
[    3.687582] NET: Registered PF_INET protocol family
[    3.689088] IP idents hash table entries: 32768 (order: 6, 262144 bytes, linear)
[    3.691921] tcp_listen_portaddr_hash hash table entries: 1024 (order: 4, 73728 bytes, linear)
[    3.693629] Table-perturb hash table entries: 65536 (order: 6, 262144 bytes, linear)
[    3.695043] TCP established hash table entries: 16384 (order: 5, 131072 bytes, linear)
[    3.700726] TCP bind hash table entries: 16384 (order: 9, 2359296 bytes, linear)
[    3.705479] TCP: Hash tables configured (established 16384 bind 16384)
[    3.706731] UDP hash table entries: 1024 (order: 5, 163840 bytes, linear)
[    3.707954] UDP-Lite hash table entries: 1024 (order: 5, 163840 bytes, linear)
[    3.709377] NET: Registered PF_UNIX/PF_LOCAL protocol family
[    3.712108] RPC: Registered named UNIX socket transport module.
[    3.713001] RPC: Registered udp transport module.
[    3.713704] RPC: Registered tcp transport module.
[    3.714410] RPC: Registered tcp NFSv4.1 backchannel transport module.
[    3.715439] pci_bus 0000:00: resource 4 [io  0x0000-0x0cf7 window]
[    3.716423] pci_bus 0000:00: resource 5 [io  0x0d00-0xffff window]
[    3.717418] pci_bus 0000:00: resource 6 [mem 0x000a0000-0x000bffff window]
[    3.718562] pci_bus 0000:00: resource 7 [mem 0x80000000-0xfebfffff window]
[    3.719807] pci_bus 0000:00: resource 8 [mem 0x100000000-0x17fffffff window]
[    3.721421] pci 0000:00:01.0: PIIX3: Enabling Passive Release
[    3.722498] pci 0000:00:00.0: Limiting direct PCI/PCI transfers
[    3.723820] PCI: CLS 0 bytes, default 64
[    3.725111] ACPI: bus type thunderbolt registered
[    3.726589] clocksource: tsc: mask: 0xffffffffffffffff max_cycles: 0x363e8c91135, max_idle_ns: 881590568389 ns
[    3.775784] Callback from call_rcu_tasks() invoked.
[    3.875470] Initialise system trusted keyrings
[    3.876327] Key type blacklist registered
[    3.877245] workingset: timestamp_bits=36 max_order=19 bucket_order=0
[    3.878235] zbud: loaded
[    3.879384] squashfs: version 4.0 (2009/01/31) Phillip Lougher
[    3.881150] NFS: Registering the id_resolver key type
[    3.881886] Key type id_resolver registered
[    3.882477] Key type id_legacy registered
[    3.883076] nfs4filelayout_init: NFSv4 File Layout Driver Registering...
[    3.884069] nfs4flexfilelayout_init: NFSv4 Flexfile Layout Driver Registering...
[    3.885213] fuse: init (API version 7.37)
[    3.885936] SGI XFS with ACLs, security attributes, realtime, quota, no debug enabled
[    3.887645] 9p: Installing v9fs 9p2000 file system support
[    3.895431] Key type asymmetric registered
[    3.896246] Asymmetric key parser 'x509' registered
[    3.899486] alg: self-tests for CTR-KDF (hmac(sha256)) passed
[    3.900624] Block layer SCSI generic (bsg) driver version 0.4 loaded (major 243)
[    3.902157] io scheduler mq-deadline registered
[    3.902972] io scheduler bfq registered
[    3.905273] shpchp: Standard Hot Plug PCI Controller Driver version: 0.4
[    3.906919] IPMI message handler: version 39.2
[    3.907769] ipmi device interface
[    3.910260] input: Power Button as /devices/LNXSYSTM:00/LNXPWRBN:00/input/input0
[    3.911837] ACPI: button: Power Button [PWRF]
[    3.913912] ERST DBG: ERST support is disabled.
[    3.915457] Serial: 8250/16550 driver, 32 ports, IRQ sharing enabled
[    3.917625] 00:04: ttyS0 at I/O 0x3f8 (irq = 4, base_baud = 115200) is a 16550A
[    3.928327] Linux agpgart interface v0.103
[    3.929887] ACPI: bus type drm_connector registered
[    3.943722] brd: module loaded
[    3.952503] loop: module loaded
[    3.959467] scsi host0: ata_piix
[    3.960737] scsi host1: ata_piix
[    3.961369] ata1: PATA max MWDMA2 cmd 0x1f0 ctl 0x3f6 bmdma 0xc040 irq 14
[    3.962297] ata2: PATA max MWDMA2 cmd 0x170 ctl 0x376 bmdma 0xc048 irq 15
[    3.964335] tun: Universal TUN/TAP device driver, 1.6
[    3.965213] e100: Intel(R) PRO/100 Network Driver
[    3.965861] e100: Copyright(c) 1999-2006 Intel Corporation
[    3.966660] e1000: Intel(R) PRO/1000 Network Driver
[    3.967335] e1000: Copyright (c) 1999-2006 Intel Corporation.
[    4.124141] ata1: found unknown device (class 0)
[    4.125852] ata1.00: ATA-7: QEMU HARDDISK, 2.5+, max UDMA/100
[    4.126815] ata1.00: 16777216 sectors, multi 16: LBA48 
[    4.128069] ata2: found unknown device (class 0)
[    4.129287] ata2.00: ATAPI: QEMU DVD-ROM, 2.5+, max UDMA/100
[    4.131304] scsi 0:0:0:0: Direct-Access     ATA      QEMU HARDDISK    2.5+ PQ: 0 ANSI: 5
[    4.133906] sd 0:0:0:0: Attached scsi generic sg0 type 0
[    4.133965] sd 0:0:0:0: [sda] 16777216 512-byte logical blocks: (8.59 GB/8.00 GiB)
[    4.135833] sd 0:0:0:0: [sda] Write Protect is off
[    4.136716] sd 0:0:0:0: [sda] Write cache: enabled, read cache: enabled, doesn't support DPO or FUA
[    4.136826] scsi 1:0:0:0: CD-ROM            QEMU     QEMU DVD-ROM     2.5+ PQ: 0 ANSI: 5
[    4.137986] sd 0:0:0:0: [sda] Preferred minimum I/O size 512 bytes
[    4.142080] ACPI: \_SB_.LNKC: Enabled at IRQ 11
[    4.162840] sd 0:0:0:0: [sda] Attached SCSI disk
[    4.169270] scsi 1:0:0:0: Attached scsi generic sg1 type 5
[    4.505362] e1000 0000:00:03.0 eth0: (PCI:33MHz:32-bit) 52:54:00:12:34:56
[    4.506266] e1000 0000:00:03.0 eth0: Intel(R) PRO/1000 Network Connection
[    4.507257] e1000e: Intel(R) PRO/1000 Network Driver
[    4.507900] e1000e: Copyright(c) 1999 - 2015 Intel Corporation.
[    4.508726] igb: Intel(R) Gigabit Ethernet Network Driver
[    4.509415] igb: Copyright (c) 2007-2014 Intel Corporation.
[    4.510250] PPP generic driver version 2.4.2
[    4.511269] VFIO - User Level meta-driver version: 0.3
[    4.512778] usbcore: registered new interface driver uas
[    4.513647] usbcore: registered new interface driver usb-storage
[    4.514800] i8042: PNP: PS/2 Controller [PNP0303:KBD,PNP0f13:MOU] at 0x60,0x64 irq 1,12
[    4.517585] serio: i8042 KBD port at 0x60,0x64 irq 1
[    4.518435] serio: i8042 AUX port at 0x60,0x64 irq 12
[    4.519916] mousedev: PS/2 mouse device common for all mice
[    4.521690] input: AT Translated Set 2 keyboard as /devices/platform/i8042/serio0/input/input1
[    4.523924] rtc_cmos 00:05: RTC can wake from S4
[    4.525803] input: VirtualPS/2 VMware VMMouse as /devices/platform/i8042/serio1/input/input4
[    4.528451] input: VirtualPS/2 VMware VMMouse as /devices/platform/i8042/serio1/input/input3
[    4.530342] rtc_cmos 00:05: registered as rtc0
[    4.531201] rtc_cmos 00:05: setting system clock to 2023-01-03T10:32:48 UTC (1672741968)
[    4.532733] rtc_cmos 00:05: alarms up to one day, y3k, 242 bytes nvram, hpet irqs
[    4.534001] i2c_dev: i2c /dev entries driver
[    4.535023] device-mapper: core: CONFIG_IMA_DISABLE_HTABLE is disabled. Duplicate IMA measurements will not be recorded in the IMA log.
[    4.536989] device-mapper: uevent: version 1.0.3
[    4.537926] device-mapper: ioctl: 4.47.0-ioctl (2022-07-28) initialised: dm-devel@redhat.com
[    4.539273] intel_pstate: CPU model not supported
[    4.540149] sdhci: Secure Digital Host Controller Interface driver
[    4.541441] sdhci: Copyright(c) Pierre Ossman
[    4.542251] sdhci-pltfm: SDHCI platform and OF driver helper
[    4.543366] ledtrig-cpu: registered to indicate activity on CPUs
[    4.544788] drop_monitor: Initializing network drop monitor service
[    4.545994] NET: Registered PF_INET6 protocol family
[    4.549901] Segment Routing with IPv6
[    4.550550] In-situ OAM (IOAM) with IPv6
[    4.551249] NET: Registered PF_PACKET protocol family
[    4.552467] 9pnet: Installing 9P2000 support
[    4.553235] Key type dns_resolver registered
[    4.555079] IPI shorthand broadcast: enabled
[    4.555895] sched_clock: Marking stable (4526711112, 29082341)->(4645069214, -89275761)
[    4.559540] registered taskstats version 1
[    4.561750] Loading compiled-in X.509 certificates
[    4.563469] zswap: loaded using pool lzo/zbud
[    4.579201] Key type .fscrypt registered
[    4.579769] Key type fscrypt-provisioning registered
[    4.581495] Key type encrypted registered
[    4.582098] ima: No TPM chip found, activating TPM-bypass!
[    4.582803] ima: Allocated hash algorithm: sha1
[    4.583444] ima: No architecture policies found
[    4.584105] evm: Initialising EVM extended attributes:
[    4.584755] evm: security.selinux
[    4.585183] evm: security.SMACK64
[    4.585610] evm: security.SMACK64EXEC
[    4.586079] evm: security.SMACK64TRANSMUTE
[    4.586600] evm: security.SMACK64MMAP
[    4.587067] evm: security.apparmor
[    4.587510] evm: security.ima
[    4.587907] evm: security.capability
[    4.588366] evm: HMAC attrs: 0x1
[    4.594860] PM:   Magic number: 7:729:526
[    4.596111] RAS: Correctable Errors collector initialized.
[    4.598394] md: Waiting for all devices to be available before autodetect
[    4.599062] md: If you don't use raid, use raid=noautodetect
[    4.599631] md: Autodetecting RAID arrays.
[    4.600093] md: autorun ...
[    4.600379] md: ... autorun DONE.
[    4.622006] EXT4-fs (sda): mounted filesystem with ordered data mode. Quota mode: none.
[    4.622892] VFS: Mounted root (ext4 filesystem) readonly on device 8:0.
[    4.627190] devtmpfs: mounted
[    4.635601] Freeing unused decrypted memory: 2036K
[    4.641027] Freeing unused kernel image (initmem) memory: 3668K
[    4.641707] Write protecting the kernel read-only data: 43008k
[    4.647067] Freeing unused kernel image (text/rodata gap) memory: 2028K
[    4.648505] Freeing unused kernel image (rodata/data gap) memory: 364K
[    4.738890] x86/mm: Checked W+X mappings: passed, no W+X pages found.
[    4.739477] Run /sbin/init as init process
[    4.890733] systemd[1]: RTC configured in localtime, applying delta of 0 minutes to system time.
[    4.934435] systemd[1]: systemd 239 (239-49.el8) running in system mode. (+PAM +AUDIT +SELINUX +IMA -APPARMOR +SMACK +SYSVINIT +UTMP +LIBCRYPTSETUP +GCRYPT +GNUTLS +ACL +XZ +LZ4 +SECCOMP +BLKID +ELFUTILS +KMOD +IDN2 -IDN +PCRE2 default-hierarchy=legacy)
[    4.936980] systemd[1]: Detected virtualization kvm.
[    4.937508] systemd[1]: Detected architecture x86-64.

Welcome to [0;31mCentOS Stream 8[0m!

[    4.990813] systemd[1]: Set hostname to <test>.
[    5.425947] systemd[1]: Created slice system-getty.slice.
[[0;32m  OK  [0m] Created slice system-getty.slice.
[    5.427984] systemd[1]: Created slice User and Session Slice.
[[0;32m  OK  [0m] Created slice User and Session Slice.
[    5.429250] systemd[1]: Started Forward Password Requests to Wall Directory Watch.
[[0;32m  OK  [0m] Started Forward Password Requests to Wall Directory Watch.
[    5.431277] systemd[1]: Set up automount Arbitrary Executable File Formats File System Automount Point.
[[0;32m  OK  [0m] Set up automount Arbitrary Executabâ€¦rmats File System Automount Point.
[    5.433885] systemd[1]: Created slice system-sshd\x2dkeygen.slice.
[[0;32m  OK  [0m] Created slice system-sshd\x2dkeygen.slice.
[    5.436261] systemd[1]: Listening on RPCbind Server Activation Socket.
[[0;32m  OK  [0m] Listening on RPCbind Server Activation Socket.
[[0;32m  OK  [0m] Reached target RPC Port Mapper.
[[0;32m  OK  [0m] Listening on udev Control Socket.
[[0;32m  OK  [0m] Listening on Process Core Dump Socket.
[[0;32m  OK  [0m] Listening on Journal Socket (/dev/log).
[[0;32m  OK  [0m] Listening on Journal Socket.
         Starting Load Kernel Modules...
         Mounting POSIX Message Queue File System...
         Starting Journal Service...
         Mounting Kernel Debug File System...
[[0;32m  OK  [0m] Reached target Slices.
         Starting Remount Root and Kernel File Systems...
[[0;32m  OK  [0m] Listening on LVM2 poll daemon socket.
         Starting Setup Virtual Console...
[[0;32m  OK  [0m] Created slice system-serial\x2dgetty.slice.
[[0;32m  OK  [0m] Listening on Device-mapper event daemon FIFOs.
         Mounting Huge Pages File System...
[[0;32m  OK  [0m] Listening on udev Kernel Socket.
         Starting udev Coldplug all Devices...
[[0;32m  OK  [0m] Listening on multipathd control socket.
[[0;32m  OK  [0m] Listening on initctl Compatibility Named Pipe.
[[0;32m  OK  [0m] Reached target Swap.
         Starting Monitoring of LVM2 mirrorsâ€¦ng dmeventd or progress polling...
[    5.871996] EXT4-fs (sda): re-mounted. Quota mode: none.
[[0;1;31mFAILED[0m] Failed to start Load Kernel Modules.
See 'systemctl status systemd-modules-load.service' for details.
[[0;32m  OK  [0m] Started Journal Service.
[[0;32m  OK  [0m] Mounted POSIX Message Queue File System.
[[0;32m  OK  [0m] Mounted Kernel Debug File System.
[[0;32m  OK  [0m] Started Remount Root and Kernel File Systems.
[[0;32m  OK  [0m] Mounted Huge Pages File System.
         Starting Create Static Device Nodes in /dev...
         Starting Load/Save Random Seed...
         Starting Flush Journal to Persistent Storage...
         Mounting FUSE Control File System...
         Mounting Kernel Configuration File System...
         Starting Apply Kernel Variables...
[[0;32m  OK  [0m] Started Load/Save Random Seed.
[[0;32m  OK  [0m] Mounted Kernel Configuration File System.
[[0;32m  OK  [0m] Started Create Static Device Nodes in /dev.
[[0;32m  OK  [0m] Mounted FUSE Control File System.
         Starting udev Kernel Device Manager...
[[0;32m  OK  [0m] Started Flush Journal to Persistent Storage.
[[0;32m  OK  [0m] Started Apply Kernel Variables.
[[0;32m  OK  [0m] Started udev Coldplug all Devices.
[[0;32m  OK  [0m] Started udev Kernel Device Manager.
         Starting udev Wait for Complete Device Initialization...
[[0;32m  OK  [0m] Started Setup Virtual Console.
         Starting Show Plymouth Boot Screen...
[[0;32m  OK  [0m] Started Show Plymouth Boot Screen.
[[0;32m  OK  [0m] Reached target Paths.
[[0;32m  OK  [0m] Reached target Local Encrypted Volumes.
[[0;32m  OK  [0m] Started Forward Password Requests to Plymouth Directory Watch.
[[0;32m  OK  [0m] Found device /dev/ttyS0.
[[0;32m  OK  [0m] Started Monitoring of LVM2 mirrors,â€¦sing dmeventd or progress polling.
[[0;32m  OK  [0m] Started udev Wait for Complete Device Initialization.
[[0;32m  OK  [0m] Listening on Load/Save RF Kill Switch Status /dev/rfkill Watch.
[[0;32m  OK  [0m] Reached target Local File Systems (Pre).
[[0;32m  OK  [0m] Reached target Local File Systems.
         Starting Create Volatile Files and Directories...
         Starting Restore /run/initramfs on shutdown...
         Starting Tell Plymouth To Write Out Runtime Data...
[[0;32m  OK  [0m] Started Create Volatile Files and Directories.
[[0;32m  OK  [0m] Started Restore /run/initramfs on shutdown.
[[0;32m  OK  [0m] Started Tell Plymouth To Write Out Runtime Data.
         Starting RPC Bind...
         Mounting RPC Pipe File System...
         Starting Security Auditing Service...
[[0;32m  OK  [0m] Mounted RPC Pipe File System.
[[0;32m  OK  [0m] Reached target rpc_pipefs.target.
[[0;32m  OK  [0m] Started RPC Bind.
[[0;32m  OK  [0m] Started Security Auditing Service.
         Starting Update UTMP about System Boot/Shutdown...
[[0;32m  OK  [0m] Started Update UTMP about System Boot/Shutdown.
[[0;32m  OK  [0m] Reached target System Initialization.
[[0;32m  OK  [0m] Listening on SSSD Kerberos Cache Manager responder socket.
[[0;32m  OK  [0m] Listening on D-Bus System Message Bus Socket.
[[0;32m  OK  [0m] Reached target Sockets.
[[0;32m  OK  [0m] Reached target Basic System.
         Starting Auto-connect to subsystemsâ€¦-NVME devices found during boot...
[[0;32m  OK  [0m] Started D-Bus System Message Bus.
[[0;32m  OK  [0m] Reached target sshd-keygen.target.
         Starting Authorization Manager...
         Starting Network Manager...
         Starting Login Service...
[[0;32m  OK  [0m] Started daily update of the root trust anchor for DNSSEC.
[[0;32m  OK  [0m] Started dnf makecache --timer.
[[0;32m  OK  [0m] Started Machine Check Exception Logging Daemon.
         Starting Self Monitoring and Reporting Technology (SMART) Daemon...
[[0;32m  OK  [0m] Started Daily Cleanup of Temporary Directories.
[[0;32m  OK  [0m] Reached target Timers.
         Starting NTP client/server...
[[0;32m  OK  [0m] Started irqbalance daemon.
[[0;32m  OK  [0m] Started Auto-connect to subsystems â€¦FC-NVME devices found during boot.
         Starting update of the root trust aâ€¦or DNSSEC validation in unbound...
[[0;32m  OK  [0m] Started Login Service.
[[0;32m  OK  [0m] Started Self Monitoring and Reporting Technology (SMART) Daemon.
[[0;32m  OK  [0m] Started Network Manager.
[[0;32m  OK  [0m] Reached target Network.
         Starting Dynamic System Tuning Daemon...
         Starting GSSAPI Proxy Daemon...
         Starting OpenSSH server daemon...
         Starting Network Manager Wait Online...
[[0;32m  OK  [0m] Started NTP client/server.
         Starting Hostname Service...
[[0;32m  OK  [0m] Started GSSAPI Proxy Daemon.
[[0;32m  OK  [0m] Reached target NFS client services.
[[0;32m  OK  [0m] Reached target Remote File Systems (Pre).
[[0;32m  OK  [0m] Reached target Remote File Systems.
         Starting Permit User Sessions...
[[0;32m  OK  [0m] Started update of the root trust anâ€¦ for DNSSEC validation in unbound.
[[0;32m  OK  [0m] Started OpenSSH server daemon.
[[0;32m  OK  [0m] Started Authorization Manager.
[[0;32m  OK  [0m] Started Permit User Sessions.
[[0;32m  OK  [0m] Started Command Scheduler.
         Starting Terminate Plymouth Boot Screen...
         Starting Hold until boot process finishes up...
[[0;32m  OK  [0m] Started Terminate Plymouth Boot Screen.
[[0;32m  OK  [0m] Started Hold until boot process finishes up.
[    8.812083] e1000: eth0 NIC Link is Up 1000 Mbps Full Duplex, Flow Control: RX
[    8.813369] IPv6: ADDRCONF(NETDEV_CHANGE): eth0: link becomes ready
[    9.170280] Spectre V2 : WARNING: Unprivileged eBPF is enabled with eIBRS on, data leaks possible via Spectre v2 BHB attacks!
[    9.171297] Spectre V2 : WARNING: Unprivileged eBPF is enabled with eIBRS on, data leaks possible via Spectre v2 BHB attacks!

CentOS Stream 8
Kernel 6.1.0-268369b171ff+ on an x86_64

test login: [   28.683121] sg_write: data in/out 131036/42 bytes for SCSI command 0xff-- guessing data in;
[   28.683121]    program repro not setting count and/or reply_len properly
[   28.689162] sg_write: data in/out 131036/42 bytes for SCSI command 0xff-- guessing data in;
[   28.689162]    program repro not setting count and/or reply_len properly
[   28.694116] sg_write: data in/out 131036/42 bytes for SCSI command 0xff-- guessing data in;
[   28.694116]    program repro not setting count and/or reply_len properly
[   28.698999] sg_write: data in/out 131036/42 bytes for SCSI command 0xff-- guessing data in;
[   28.698999]    program repro not setting count and/or reply_len properly
[   28.704619] sg_write: data in/out 131036/42 bytes for SCSI command 0xff-- guessing data in;
[   28.704619]    program repro not setting count and/or reply_len properly
[   28.709945] sg_write: data in/out 131036/42 bytes for SCSI command 0xff-- guessing data in;
[   28.709945]    program repro not setting count and/or reply_len properly
[   28.714837] sg_write: data in/out 131036/42 bytes for SCSI command 0xff-- guessing data in;
[   28.714837]    program repro not setting count and/or reply_len properly
[   28.719959] sg_write: data in/out 131036/42 bytes for SCSI command 0xff-- guessing data in;
[   28.719959]    program repro not setting count and/or reply_len properly
[   28.724867] sg_write: data in/out 131036/42 bytes for SCSI command 0xff-- guessing data in;
[   28.724867]    program repro not setting count and/or reply_len properly
[   28.730206] sg_write: data in/out 131036/42 bytes for SCSI command 0xff-- guessing data in;
[   28.730206]    program repro not setting count and/or reply_len properly
[   33.683944] sg_write: 1352 callbacks suppressed
[   33.683959] sg_write: data in/out 131036/42 bytes for SCSI command 0xff-- guessing data in;
[   33.683959]    program repro not setting count and/or reply_len properly
[   33.689145] sg_write: data in/out 131036/42 bytes for SCSI command 0xff-- guessing data in;
[   33.689145]    program repro not setting count and/or reply_len properly
[   33.693964] sg_write: data in/out 131036/42 bytes for SCSI command 0xff-- guessing data in;
[   33.693964]    program repro not setting count and/or reply_len properly
[   33.698958] sg_write: data in/out 131036/42 bytes for SCSI command 0xff-- guessing data in;
[   33.698958]    program repro not setting count and/or reply_len properly
[   33.704768] sg_write: data in/out 131036/42 bytes for SCSI command 0xff-- guessing data in;
[   33.704768]    program repro not setting count and/or reply_len properly
[   33.712132] sg_write: data in/out 131036/42 bytes for SCSI command 0xff-- guessing data in;
[   33.712132]    program repro not setting count and/or reply_len properly
[   33.716825] sg_write: data in/out 131036/42 bytes for SCSI command 0xff-- guessing data in;
[   33.716825]    program repro not setting count and/or reply_len properly
[   33.721498] sg_write: data in/out 131036/42 bytes for SCSI command 0xff-- guessing data in;
[   33.721498]    program repro not setting count and/or reply_len properly
[   33.726231] sg_write: data in/out 131036/42 bytes for SCSI command 0xff-- guessing data in;
[   33.726231]    program repro not setting count and/or reply_len properly
[   33.731114] sg_write: data in/out 131036/42 bytes for SCSI command 0xff-- guessing data in;
[   33.731114]    program repro not setting count and/or reply_len properly
[   38.688228] sg_write: 1364 callbacks suppressed
[   38.688239] sg_write: data in/out 131036/42 bytes for SCSI command 0xff-- guessing data in;
[   38.688239]    program repro not setting count and/or reply_len properly
[   38.693832] sg_write: data in/out 131036/42 bytes for SCSI command 0xff-- guessing data in;
[   38.693832]    program repro not setting count and/or reply_len properly
[   38.698836] sg_write: data in/out 131036/42 bytes for SCSI command 0xff-- guessing data in;
[   38.698836]    program repro not setting count and/or reply_len properly
[   38.704184] sg_write: data in/out 131036/42 bytes for SCSI command 0xff-- guessing data in;
[   38.704184]    program repro not setting count and/or reply_len properly
[   38.709418] sg_write: data in/out 131036/42 bytes for SCSI command 0xff-- guessing data in;
[   38.709418]    program repro not setting count and/or reply_len properly
[   38.715026] sg_write: data in/out 131036/42 bytes for SCSI command 0xff-- guessing data in;
[   38.715026]    program repro not setting count and/or reply_len properly
[   38.720407] sg_write: data in/out 131036/42 bytes for SCSI command 0xff-- guessing data in;
[   38.720407]    program repro not setting count and/or reply_len properly
[   38.725494] sg_write: data in/out 131036/42 bytes for SCSI command 0xff-- guessing data in;
[   38.725494]    program repro not setting count and/or reply_len properly
[   38.730430] sg_write: data in/out 131036/42 bytes for SCSI command 0xff-- guessing data in;
[   38.730430]    program repro not setting count and/or reply_len properly
[   38.736000] sg_write: data in/out 131036/42 bytes for SCSI command 0xff-- guessing data in;
[   38.736000]    program repro not setting count and/or reply_len properly
[   43.695014] sg_write: 1277 callbacks suppressed
[   43.695027] sg_write: data in/out 131036/42 bytes for SCSI command 0xff-- guessing data in;
[   43.695027]    program repro not setting count and/or reply_len properly
[   43.701190] sg_write: data in/out 131036/42 bytes for SCSI command 0xff-- guessing data in;
[   43.701190]    program repro not setting count and/or reply_len properly
[   43.706699] sg_write: data in/out 131036/42 bytes for SCSI command 0xff-- guessing data in;
[   43.706699]    program repro not setting count and/or reply_len properly
[   43.712341] sg_write: data in/out 131036/42 bytes for SCSI command 0xff-- guessing data in;
[   43.712341]    program repro not setting count and/or reply_len properly
[   43.719283] sg_write: data in/out 131036/42 bytes for SCSI command 0xff-- guessing data in;
[   43.719283]    program repro not setting count and/or reply_len properly
[   43.726776] sg_write: data in/out 131036/42 bytes for SCSI command 0xff-- guessing data in;
[   43.726776]    program repro not setting count and/or reply_len properly
[   43.733306] sg_write: data in/out 131036/42 bytes for SCSI command 0xff-- guessing data in;
[   43.733306]    program repro not setting count and/or reply_len properly
[   43.738708] sg_write: data in/out 131036/42 bytes for SCSI command 0xff-- guessing data in;
[   43.738708]    program repro not setting count and/or reply_len properly
[   43.744344] sg_write: data in/out 131036/42 bytes for SCSI command 0xff-- guessing data in;
[   43.744344]    program repro not setting count and/or reply_len properly
[   43.749780] sg_write: data in/out 131036/42 bytes for SCSI command 0xff-- guessing data in;
[   43.749780]    program repro not setting count and/or reply_len properly
[   48.698144] sg_write: 1279 callbacks suppressed
[   48.698156] sg_write: data in/out 131036/42 bytes for SCSI command 0xff-- guessing data in;
[   48.698156]    program repro not setting count and/or reply_len properly
[   48.704892] sg_write: data in/out 131036/42 bytes for SCSI command 0xff-- guessing data in;
[   48.704892]    program repro not setting count and/or reply_len properly
[   48.710306] sg_write: data in/out 131036/42 bytes for SCSI command 0xff-- guessing data in;
[   48.710306]    program repro not setting count and/or reply_len properly
[   48.715864] sg_write: data in/out 131036/42 bytes for SCSI command 0xff-- guessing data in;
[   48.715864]    program repro not setting count and/or reply_len properly
[   48.721509] sg_write: data in/out 131036/42 bytes for SCSI command 0xff-- guessing data in;
[   48.721509]    program repro not setting count and/or reply_len properly
[   48.727138] sg_write: data in/out 131036/42 bytes for SCSI command 0xff-- guessing data in;
[   48.727138]    program repro not setting count and/or reply_len properly
[   48.733013] sg_write: data in/out 131036/42 bytes for SCSI command 0xff-- guessing data in;
[   48.733013]    program repro not setting count and/or reply_len properly
[   48.738620] sg_write: data in/out 131036/42 bytes for SCSI command 0xff-- guessing data in;
[   48.738620]    program repro not setting count and/or reply_len properly
[   48.743949] sg_write: data in/out 131036/42 bytes for SCSI command 0xff-- guessing data in;
[   48.743949]    program repro not setting count and/or reply_len properly
[   48.749196] sg_write: data in/out 131036/42 bytes for SCSI command 0xff-- guessing data in;
[   48.749196]    program repro not setting count and/or reply_len properly
[   53.702288] sg_write: 1253 callbacks suppressed
[   53.702301] sg_write: data in/out 131036/42 bytes for SCSI command 0xff-- guessing data in;
[   53.702301]    program repro not setting count and/or reply_len properly
[   53.708609] sg_write: data in/out 131036/42 bytes for SCSI command 0xff-- guessing data in;
[   53.708609]    program repro not setting count and/or reply_len properly
[   53.714074] sg_write: data in/out 131036/42 bytes for SCSI command 0xff-- guessing data in;
[   53.714074]    program repro not setting count and/or reply_len properly
[   53.719263] sg_write: data in/out 131036/42 bytes for SCSI command 0xff-- guessing data in;
[   53.719263]    program repro not setting count and/or reply_len properly
[   53.724680] sg_write: data in/out 131036/42 bytes for SCSI command 0xff-- guessing data in;
[   53.724680]    program repro not setting count and/or reply_len properly
[   53.730012] sg_write: data in/out 131036/42 bytes for SCSI command 0xff-- guessing data in;
[   53.730012]    program repro not setting count and/or reply_len properly
[   53.735448] sg_write: data in/out 131036/42 bytes for SCSI command 0xff-- guessing data in;
[   53.735448]    program repro not setting count and/or reply_len properly
[   53.740920] sg_write: data in/out 131036/42 bytes for SCSI command 0xff-- guessing data in;
[   53.740920]    program repro not setting count and/or reply_len properly
[   53.746300] sg_write: data in/out 131036/42 bytes for SCSI command 0xff-- guessing data in;
[   53.746300]    program repro not setting count and/or reply_len properly
[   53.751283] sg_write: data in/out 131036/42 bytes for SCSI command 0xff-- guessing data in;
[   53.751283]    program repro not setting count and/or reply_len properly
[   58.705580] sg_write: 1250 callbacks suppressed
[   58.705610] sg_write: data in/out 131036/42 bytes for SCSI command 0xff-- guessing data in;
[   58.705610]    program repro not setting count and/or reply_len properly
[   58.711394] sg_write: data in/out 131036/42 bytes for SCSI command 0xff-- guessing data in;
[   58.711394]    program repro not setting count and/or reply_len properly
[   58.716800] sg_write: data in/out 131036/42 bytes for SCSI command 0xff-- guessing data in;
[   58.716800]    program repro not setting count and/or reply_len properly
[   58.723264] sg_write: data in/out 131036/42 bytes for SCSI command 0xff-- guessing data in;
[   58.723264]    program repro not setting count and/or reply_len properly
[   58.730412] sg_write: data in/out 131036/42 bytes for SCSI command 0xff-- guessing data in;
[   58.730412]    program repro not setting count and/or reply_len properly
[   58.737766] sg_write: data in/out 131036/42 bytes for SCSI command 0xff-- guessing data in;
[   58.737766]    program repro not setting count and/or reply_len properly
[   58.745054] sg_write: data in/out 131036/42 bytes for SCSI command 0xff-- guessing data in;
[   58.745054]    program repro not setting count and/or reply_len properly
[   58.751327] sg_write: data in/out 131036/42 bytes for SCSI command 0xff-- guessing data in;
[   58.751327]    program repro not setting count and/or reply_len properly
[   58.757334] sg_write: data in/out 131036/42 bytes for SCSI command 0xff-- guessing data in;
[   58.757334]    program repro not setting count and/or reply_len properly
[   58.763024] sg_write: data in/out 131036/42 bytes for SCSI command 0xff-- guessing data in;
[   58.763024]    program repro not setting count and/or reply_len properly
[   63.709481] sg_write: 1254 callbacks suppressed
[   63.709492] sg_write: data in/out 131036/42 bytes for SCSI command 0xff-- guessing data in;
[   63.709492]    program repro not setting count and/or reply_len properly
[   63.714715] sg_write: data in/out 131036/42 bytes for SCSI command 0xff-- guessing data in;
[   63.714715]    program repro not setting count and/or reply_len properly
[   63.719705] sg_write: data in/out 131036/42 bytes for SCSI command 0xff-- guessing data in;
[   63.719705]    program repro not setting count and/or reply_len properly
[   63.724787] sg_write: data in/out 131036/42 bytes for SCSI command 0xff-- guessing data in;
[   63.724787]    program repro not setting count and/or reply_len properly
[   63.730133] sg_write: data in/out 131036/42 bytes for SCSI command 0xff-- guessing data in;
[   63.730133]    program repro not setting count and/or reply_len properly
[   63.735119] sg_write: data in/out 131036/42 bytes for SCSI command 0xff-- guessing data in;
[   63.735119]    program repro not setting count and/or reply_len properly
[   63.740193] sg_write: data in/out 131036/42 bytes for SCSI command 0xff-- guessing data in;
[   63.740193]    program repro not setting count and/or reply_len properly
[   63.745051] sg_write: data in/out 131036/42 bytes for SCSI command 0xff-- guessing data in;
[   63.745051]    program repro not setting count and/or reply_len properly
[   63.750281] sg_write: data in/out 131036/42 bytes for SCSI command 0xff-- guessing data in;
[   63.750281]    program repro not setting count and/or reply_len properly
[   63.756247] sg_write: data in/out 131036/42 bytes for SCSI command 0xff-- guessing data in;
[   63.756247]    program repro not setting count and/or reply_len properly
[   68.712421] sg_write: 1257 callbacks suppressed
[   68.712431] sg_write: data in/out 131036/42 bytes for SCSI command 0xff-- guessing data in;
[   68.712431]    program repro not setting count and/or reply_len properly
[   68.717613] sg_write: data in/out 131036/42 bytes for SCSI command 0xff-- guessing data in;
[   68.717613]    program repro not setting count and/or reply_len properly
[   68.722293] sg_write: data in/out 131036/42 bytes for SCSI command 0xff-- guessing data in;
[   68.722293]    program repro not setting count and/or reply_len properly
[   68.727197] sg_write: data in/out 131036/42 bytes for SCSI command 0xff-- guessing data in;
[   68.727197]    program repro not setting count and/or reply_len properly
[   68.732206] sg_write: data in/out 131036/42 bytes for SCSI command 0xff-- guessing data in;
[   68.732206]    program repro not setting count and/or reply_len properly
[   68.737415] sg_write: data in/out 131036/42 bytes for SCSI command 0xff-- guessing data in;
[   68.737415]    program repro not setting count and/or reply_len properly
[   68.743114] sg_write: data in/out 131036/42 bytes for SCSI command 0xff-- guessing data in;
[   68.743114]    program repro not setting count and/or reply_len properly
[   68.749051] sg_write: data in/out 131036/42 bytes for SCSI command 0xff-- guessing data in;
[   68.749051]    program repro not setting count and/or reply_len properly
[   68.754685] sg_write: data in/out 131036/42 bytes for SCSI command 0xff-- guessing data in;
[   68.754685]    program repro not setting count and/or reply_len properly
[   68.760602] sg_write: data in/out 131036/42 bytes for SCSI command 0xff-- guessing data in;
[   68.760602]    program repro not setting count and/or reply_len properly
[   73.716853] sg_write: 1268 callbacks suppressed
[   73.716865] sg_write: data in/out 131036/42 bytes for SCSI command 0xff-- guessing data in;
[   73.716865]    program repro not setting count and/or reply_len properly
[   73.722907] sg_write: data in/out 131036/42 bytes for SCSI command 0xff-- guessing data in;
[   73.722907]    program repro not setting count and/or reply_len properly
[   73.728763] sg_write: data in/out 131036/42 bytes for SCSI command 0xff-- guessing data in;
[   73.728763]    program repro not setting count and/or reply_len properly
[   73.734280] sg_write: data in/out 131036/42 bytes for SCSI command 0xff-- guessing data in;
[   73.734280]    program repro not setting count and/or reply_len properly
[   73.740140] sg_write: data in/out 131036/42 bytes for SCSI command 0xff-- guessing data in;
[   73.740140]    program repro not setting count and/or reply_len properly
[   73.745848] sg_write: data in/out 131036/42 bytes for SCSI command 0xff-- guessing data in;
[   73.745848]    program repro not setting count and/or reply_len properly
[   73.751443] sg_write: data in/out 131036/42 bytes for SCSI command 0xff-- guessing data in;
[   73.751443]    program repro not setting count and/or reply_len properly
[   73.757199] sg_write: data in/out 131036/42 bytes for SCSI command 0xff-- guessing data in;
[   73.757199]    program repro not setting count and/or reply_len properly
[   73.762744] sg_write: data in/out 131036/42 bytes for SCSI command 0xff-- guessing data in;
[   73.762744]    program repro not setting count and/or reply_len properly
[   73.768636] sg_write: data in/out 131036/42 bytes for SCSI command 0xff-- guessing data in;
[   73.768636]    program repro not setting count and/or reply_len properly
[   78.723150] sg_write: 1232 callbacks suppressed
[   78.723162] sg_write: data in/out 131036/42 bytes for SCSI command 0xff-- guessing data in;
[   78.723162]    program repro not setting count and/or reply_len properly
[   78.729258] sg_write: data in/out 131036/42 bytes for SCSI command 0xff-- guessing data in;
[   78.729258]    program repro not setting count and/or reply_len properly
[   78.734500] sg_write: data in/out 131036/42 bytes for SCSI command 0xff-- guessing data in;
[   78.734500]    program repro not setting count and/or reply_len properly
[   78.739862] sg_write: data in/out 131036/42 bytes for SCSI command 0xff-- guessing data in;
[   78.739862]    program repro not setting count and/or reply_len properly
[   78.745235] sg_write: data in/out 131036/42 bytes for SCSI command 0xff-- guessing data in;
[   78.745235]    program repro not setting count and/or reply_len properly
[   78.750271] sg_write: data in/out 131036/42 bytes for SCSI command 0xff-- guessing data in;
[   78.750271]    program repro not setting count and/or reply_len properly
[   78.755073] sg_write: data in/out 131036/42 bytes for SCSI command 0xff-- guessing data in;
[   78.755073]    program repro not setting count and/or reply_len properly
[   78.760114] sg_write: data in/out 131036/42 bytes for SCSI command 0xff-- guessing data in;
[   78.760114]    program repro not setting count and/or reply_len properly
[   78.765343] sg_write: data in/out 131036/42 bytes for SCSI command 0xff-- guessing data in;
[   78.765343]    program repro not setting count and/or reply_len properly
[   78.770710] sg_write: data in/out 131036/42 bytes for SCSI command 0xff-- guessing data in;
[   78.770710]    program repro not setting count and/or reply_len properly
[   83.724233] sg_write: 1262 callbacks suppressed
[   83.724244] sg_write: data in/out 131036/42 bytes for SCSI command 0xff-- guessing data in;
[   83.724244]    program repro not setting count and/or reply_len properly
[   83.730248] sg_write: data in/out 131036/42 bytes for SCSI command 0xff-- guessing data in;
[   83.730248]    program repro not setting count and/or reply_len properly
[   83.736191] sg_write: data in/out 131036/42 bytes for SCSI command 0xff-- guessing data in;
[   83.736191]    program repro not setting count and/or reply_len properly
[   83.742157] sg_write: data in/out 131036/42 bytes for SCSI command 0xff-- guessing data in;
[   83.742157]    program repro not setting count and/or reply_len properly
[   83.748791] sg_write: data in/out 131036/42 bytes for SCSI command 0xff-- guessing data in;
[   83.748791]    program repro not setting count and/or reply_len properly
[   83.754098] sg_write: data in/out 131036/42 bytes for SCSI command 0xff-- guessing data in;
[   83.754098]    program repro not setting count and/or reply_len properly
[   83.760066] sg_write: data in/out 131036/42 bytes for SCSI command 0xff-- guessing data in;
[   83.760066]    program repro not setting count and/or reply_len properly
[   83.765618] sg_write: data in/out 131036/42 bytes for SCSI command 0xff-- guessing data in;
[   83.765618]    program repro not setting count and/or reply_len properly
[   83.771977] sg_write: data in/out 131036/42 bytes for SCSI command 0xff-- guessing data in;
[   83.771977]    program repro not setting count and/or reply_len properly
[   83.778993] sg_write: data in/out 131036/42 bytes for SCSI command 0xff-- guessing data in;
[   83.778993]    program repro not setting count and/or reply_len properly
[   88.730975] sg_write: 1069 callbacks suppressed
[   88.730993] sg_write: data in/out 131036/42 bytes for SCSI command 0xff-- guessing data in;
[   88.730993]    program repro not setting count and/or reply_len properly
[   88.740272] sg_write: data in/out 131036/42 bytes for SCSI command 0xff-- guessing data in;
[   88.740272]    program repro not setting count and/or reply_len properly
[   88.748473] sg_write: data in/out 131036/42 bytes for SCSI command 0xff-- guessing data in;
[   88.748473]    program repro not setting count and/or reply_len properly
[   88.756640] sg_write: data in/out 131036/42 bytes for SCSI command 0xff-- guessing data in;
[   88.756640]    program repro not setting count and/or reply_len properly
[   88.764950] sg_write: data in/out 131036/42 bytes for SCSI command 0xff-- guessing data in;
[   88.764950]    program repro not setting count and/or reply_len properly
[   88.773664] sg_write: data in/out 131036/42 bytes for SCSI command 0xff-- guessing data in;
[   88.773664]    program repro not setting count and/or reply_len properly
[   88.782439] sg_write: data in/out 131036/42 bytes for SCSI command 0xff-- guessing data in;
[   88.782439]    program repro not setting count and/or reply_len properly
[   88.791030] sg_write: data in/out 131036/42 bytes for SCSI command 0xff-- guessing data in;
[   88.791030]    program repro not setting count and/or reply_len properly
[   88.800067] sg_write: data in/out 131036/42 bytes for SCSI command 0xff-- guessing data in;
[   88.800067]    program repro not setting count and/or reply_len properly
[   88.808655] sg_write: data in/out 131036/42 bytes for SCSI command 0xff-- guessing data in;
[   88.808655]    program repro not setting count and/or reply_len properly
[   93.731887] sg_write: 908 callbacks suppressed
[   93.731906] sg_write: data in/out 131036/42 bytes for SCSI command 0xff-- guessing data in;
[   93.731906]    program repro not setting count and/or reply_len properly
[   93.741347] sg_write: data in/out 131036/42 bytes for SCSI command 0xff-- guessing data in;
[   93.741347]    program repro not setting count and/or reply_len properly
[   93.750031] sg_write: data in/out 131036/42 bytes for SCSI command 0xff-- guessing data in;
[   93.750031]    program repro not setting count and/or reply_len properly
[   93.758642] sg_write: data in/out 131036/42 bytes for SCSI command 0xff-- guessing data in;
[   93.758642]    program repro not setting count and/or reply_len properly
[   93.767252] sg_write: data in/out 131036/42 bytes for SCSI command 0xff-- guessing data in;
[   93.767252]    program repro not setting count and/or reply_len properly
[   93.775397] sg_write: data in/out 131036/42 bytes for SCSI command 0xff-- guessing data in;
[   93.775397]    program repro not setting count and/or reply_len properly
[   93.783864] sg_write: data in/out 131036/42 bytes for SCSI command 0xff-- guessing data in;
[   93.783864]    program repro not setting count and/or reply_len properly
[   93.793106] sg_write: data in/out 131036/42 bytes for SCSI command 0xff-- guessing data in;
[   93.793106]    program repro not setting count and/or reply_len properly
[   93.801927] sg_write: data in/out 131036/42 bytes for SCSI command 0xff-- guessing data in;
[   93.801927]    program repro not setting count and/or reply_len properly
[   93.810558] sg_write: data in/out 131036/42 bytes for SCSI command 0xff-- guessing data in;
[   93.810558]    program repro not setting count and/or reply_len properly
[   98.738854] sg_write: 1201 callbacks suppressed
[   98.738866] sg_write: data in/out 131036/42 bytes for SCSI command 0xff-- guessing data in;
[   98.738866]    program repro not setting count and/or reply_len properly
[   98.744212] sg_write: data in/out 131036/42 bytes for SCSI command 0xff-- guessing data in;
[   98.744212]    program repro not setting count and/or reply_len properly
[   98.749291] sg_write: data in/out 131036/42 bytes for SCSI command 0xff-- guessing data in;
[   98.749291]    program repro not setting count and/or reply_len properly
[   98.754370] sg_write: data in/out 131036/42 bytes for SCSI command 0xff-- guessing data in;
[   98.754370]    program repro not setting count and/or reply_len properly
[   98.759380] sg_write: data in/out 131036/42 bytes for SCSI command 0xff-- guessing data in;
[   98.759380]    program repro not setting count and/or reply_len properly
[   98.764380] sg_write: data in/out 131036/42 bytes for SCSI command 0xff-- guessing data in;
[   98.764380]    program repro not setting count and/or reply_len properly
[   98.769119] sg_write: data in/out 131036/42 bytes for SCSI command 0xff-- guessing data in;
[   98.769119]    program repro not setting count and/or reply_len properly
[   98.773222] sg_write: data in/out 131036/42 bytes for SCSI command 0xff-- guessing data in;
[   98.773222]    program repro not setting count and/or reply_len properly
[   98.777534] sg_write: data in/out 131036/42 bytes for SCSI command 0xff-- guessing data in;
[   98.777534]    program repro not setting count and/or reply_len properly
[   98.781801] sg_write: data in/out 131036/42 bytes for SCSI command 0xff-- guessing data in;
[   98.781801]    program repro not setting count and/or reply_len properly
[  103.742290] sg_write: 1229 callbacks suppressed
[  103.742305] sg_write: data in/out 131036/42 bytes for SCSI command 0xff-- guessing data in;
[  103.742305]    program repro not setting count and/or reply_len properly
[  103.751566] sg_write: data in/out 131036/42 bytes for SCSI command 0xff-- guessing data in;
[  103.751566]    program repro not setting count and/or reply_len properly
[  103.759834] sg_write: data in/out 131036/42 bytes for SCSI command 0xff-- guessing data in;
[  103.759834]    program repro not setting count and/or reply_len properly
[  103.767627] sg_write: data in/out 131036/42 bytes for SCSI command 0xff-- guessing data in;
[  103.767627]    program repro not setting count and/or reply_len properly
[  103.773792] sg_write: data in/out 131036/42 bytes for SCSI command 0xff-- guessing data in;
[  103.773792]    program repro not setting count and/or reply_len properly
[  103.780838] sg_write: data in/out 131036/42 bytes for SCSI command 0xff-- guessing data in;
[  103.780838]    program repro not setting count and/or reply_len properly
[  103.787508] sg_write: data in/out 131036/42 bytes for SCSI command 0xff-- guessing data in;
[  103.787508]    program repro not setting count and/or reply_len properly
[  103.793700] sg_write: data in/out 131036/42 bytes for SCSI command 0xff-- guessing data in;
[  103.793700]    program repro not setting count and/or reply_len properly
[  103.799622] sg_write: data in/out 131036/42 bytes for SCSI command 0xff-- guessing data in;
[  103.799622]    program repro not setting count and/or reply_len properly
[  103.805693] sg_write: data in/out 131036/42 bytes for SCSI command 0xff-- guessing data in;
[  103.805693]    program repro not setting count and/or reply_len properly
[  108.744541] sg_write: 1325 callbacks suppressed
[  108.744554] sg_write: data in/out 131036/42 bytes for SCSI command 0xff-- guessing data in;
[  108.744554]    program repro not setting count and/or reply_len properly
[  108.750027] sg_write: data in/out 131036/42 bytes for SCSI command 0xff-- guessing data in;
[  108.750027]    program repro not setting count and/or reply_len properly
[  108.754803] sg_write: data in/out 131036/42 bytes for SCSI command 0xff-- guessing data in;
[  108.754803]    program repro not setting count and/or reply_len properly
[  108.759961] sg_write: data in/out 131036/42 bytes for SCSI command 0xff-- guessing data in;
[  108.759961]    program repro not setting count and/or reply_len properly
[  108.764875] sg_write: data in/out 131036/42 bytes for SCSI command 0xff-- guessing data in;
[  108.764875]    program repro not setting count and/or reply_len properly
[  108.769711] sg_write: data in/out 131036/42 bytes for SCSI command 0xff-- guessing data in;
[  108.769711]    program repro not setting count and/or reply_len properly
[  108.774654] sg_write: data in/out 131036/42 bytes for SCSI command 0xff-- guessing data in;
[  108.774654]    program repro not setting count and/or reply_len properly
[  108.779475] sg_write: data in/out 131036/42 bytes for SCSI command 0xff-- guessing data in;
[  108.779475]    program repro not setting count and/or reply_len properly
[  108.785006] sg_write: data in/out 131036/42 bytes for SCSI command 0xff-- guessing data in;
[  108.785006]    program repro not setting count and/or reply_len properly
[  108.790210] sg_write: data in/out 131036/42 bytes for SCSI command 0xff-- guessing data in;
[  108.790210]    program repro not setting count and/or reply_len properly
[  113.748406] sg_write: 1296 callbacks suppressed
[  113.748420] sg_write: data in/out 131036/42 bytes for SCSI command 0xff-- guessing data in;
[  113.748420]    program repro not setting count and/or reply_len properly
[  113.754852] sg_write: data in/out 131036/42 bytes for SCSI command 0xff-- guessing data in;
[  113.754852]    program repro not setting count and/or reply_len properly
[  113.760335] sg_write: data in/out 131036/42 bytes for SCSI command 0xff-- guessing data in;
[  113.760335]    program repro not setting count and/or reply_len properly
[  113.765888] sg_write: data in/out 131036/42 bytes for SCSI command 0xff-- guessing data in;
[  113.765888]    program repro not setting count and/or reply_len properly
[  113.771396] sg_write: data in/out 131036/42 bytes for SCSI command 0xff-- guessing data in;
[  113.771396]    program repro not setting count and/or reply_len properly
[  113.777032] sg_write: data in/out 131036/42 bytes for SCSI command 0xff-- guessing data in;
[  113.777032]    program repro not setting count and/or reply_len properly
[  113.782504] sg_write: data in/out 131036/42 bytes for SCSI command 0xff-- guessing data in;
[  113.782504]    program repro not setting count and/or reply_len properly
[  113.788380] sg_write: data in/out 131036/42 bytes for SCSI command 0xff-- guessing data in;
[  113.788380]    program repro not setting count and/or reply_len properly
[  113.793854] sg_write: data in/out 131036/42 bytes for SCSI command 0xff-- guessing data in;
[  113.793854]    program repro not setting count and/or reply_len properly
[  113.799272] sg_write: data in/out 131036/42 bytes for SCSI command 0xff-- guessing data in;
[  113.799272]    program repro not setting count and/or reply_len properly
[  118.752788] sg_write: 1311 callbacks suppressed
[  118.752802] sg_write: data in/out 131036/42 bytes for SCSI command 0xff-- guessing data in;
[  118.752802]    program repro not setting count and/or reply_len properly
[  118.758579] sg_write: data in/out 131036/42 bytes for SCSI command 0xff-- guessing data in;
[  118.758579]    program repro not setting count and/or reply_len properly
[  118.764378] sg_write: data in/out 131036/42 bytes for SCSI command 0xff-- guessing data in;
[  118.764378]    program repro not setting count and/or reply_len properly
[  118.769833] sg_write: data in/out 131036/42 bytes for SCSI command 0xff-- guessing data in;
[  118.769833]    program repro not setting count and/or reply_len properly
[  118.775262] sg_write: data in/out 131036/42 bytes for SCSI command 0xff-- guessing data in;
[  118.775262]    program repro not setting count and/or reply_len properly
[  118.780843] sg_write: data in/out 131036/42 bytes for SCSI command 0xff-- guessing data in;
[  118.780843]    program repro not setting count and/or reply_len properly
[  118.786225] sg_write: data in/out 131036/42 bytes for SCSI command 0xff-- guessing data in;
[  118.786225]    program repro not setting count and/or reply_len properly
[  118.791578] sg_write: data in/out 131036/42 bytes for SCSI command 0xff-- guessing data in;
[  118.791578]    program repro not setting count and/or reply_len properly
[  118.797380] sg_write: data in/out 131036/42 bytes for SCSI command 0xff-- guessing data in;
[  118.797380]    program repro not setting count and/or reply_len properly
[  118.803156] sg_write: data in/out 131036/42 bytes for SCSI command 0xff-- guessing data in;
[  118.803156]    program repro not setting count and/or reply_len properly
[  123.756241] sg_write: 1294 callbacks suppressed
[  123.756270] sg_write: data in/out 131036/42 bytes for SCSI command 0xff-- guessing data in;
[  123.756270]    program repro not setting count and/or reply_len properly
[  123.762226] sg_write: data in/out 131036/42 bytes for SCSI command 0xff-- guessing data in;
[  123.762226]    program repro not setting count and/or reply_len properly
[  123.767662] sg_write: data in/out 131036/42 bytes for SCSI command 0xff-- guessing data in;
[  123.767662]    program repro not setting count and/or reply_len properly
[  123.773092] sg_write: data in/out 131036/42 bytes for SCSI command 0xff-- guessing data in;
[  123.773092]    program repro not setting count and/or reply_len properly
[  123.778289] sg_write: data in/out 131036/42 bytes for SCSI command 0xff-- guessing data in;
[  123.778289]    program repro not setting count and/or reply_len properly
[  123.783926] sg_write: data in/out 131036/42 bytes for SCSI command 0xff-- guessing data in;
[  123.783926]    program repro not setting count and/or reply_len properly
[  123.789316] sg_write: data in/out 131036/42 bytes for SCSI command 0xff-- guessing data in;
[  123.789316]    program repro not setting count and/or reply_len properly
[  123.794505] sg_write: data in/out 131036/42 bytes for SCSI command 0xff-- guessing data in;
[  123.794505]    program repro not setting count and/or reply_len properly
[  123.800167] sg_write: data in/out 131036/42 bytes for SCSI command 0xff-- guessing data in;
[  123.800167]    program repro not setting count and/or reply_len properly
[  123.805631] sg_write: data in/out 131036/42 bytes for SCSI command 0xff-- guessing data in;
[  123.805631]    program repro not setting count and/or reply_len properly
[  128.760897] sg_write: 1287 callbacks suppressed
[  128.760910] sg_write: data in/out 131036/42 bytes for SCSI command 0xff-- guessing data in;
[  128.760910]    program repro not setting count and/or reply_len properly
[  128.766776] sg_write: data in/out 131036/42 bytes for SCSI command 0xff-- guessing data in;
[  128.766776]    program repro not setting count and/or reply_len properly
[  128.772701] sg_write: data in/out 131036/42 bytes for SCSI command 0xff-- guessing data in;
[  128.772701]    program repro not setting count and/or reply_len properly
[  128.778204] sg_write: data in/out 131036/42 bytes for SCSI command 0xff-- guessing data in;
[  128.778204]    program repro not setting count and/or reply_len properly
[  128.783978] sg_write: data in/out 131036/42 bytes for SCSI command 0xff-- guessing data in;
[  128.783978]    program repro not setting count and/or reply_len properly
[  128.789605] sg_write: data in/out 131036/42 bytes for SCSI command 0xff-- guessing data in;
[  128.789605]    program repro not setting count and/or reply_len properly
[  128.794879] sg_write: data in/out 131036/42 bytes for SCSI command 0xff-- guessing data in;
[  128.794879]    program repro not setting count and/or reply_len properly
[  128.800487] sg_write: data in/out 131036/42 bytes for SCSI command 0xff-- guessing data in;
[  128.800487]    program repro not setting count and/or reply_len properly
[  128.805920] sg_write: data in/out 131036/42 bytes for SCSI command 0xff-- guessing data in;
[  128.805920]    program repro not setting count and/or reply_len properly
[  128.811382] sg_write: data in/out 131036/42 bytes for SCSI command 0xff-- guessing data in;
[  128.811382]    program repro not setting count and/or reply_len properly
[  133.766210] sg_write: 1261 callbacks suppressed
[  133.766225] sg_write: data in/out 131036/42 bytes for SCSI command 0xff-- guessing data in;
[  133.766225]    program repro not setting count and/or reply_len properly
[  133.771994] sg_write: data in/out 131036/42 bytes for SCSI command 0xff-- guessing data in;
[  133.771994]    program repro not setting count and/or reply_len properly
[  133.777039] sg_write: data in/out 131036/42 bytes for SCSI command 0xff-- guessing data in;
[  133.777039]    program repro not setting count and/or reply_len properly
[  133.781998] sg_write: data in/out 131036/42 bytes for SCSI command 0xff-- guessing data in;
[  133.781998]    program repro not setting count and/or reply_len properly
[  133.787292] sg_write: data in/out 131036/42 bytes for SCSI command 0xff-- guessing data in;
[  133.787292]    program repro not setting count and/or reply_len properly
[  133.793171] sg_write: data in/out 131036/42 bytes for SCSI command 0xff-- guessing data in;
[  133.793171]    program repro not setting count and/or reply_len properly
[  133.798805] sg_write: data in/out 131036/42 bytes for SCSI command 0xff-- guessing data in;
[  133.798805]    program repro not setting count and/or reply_len properly
[  133.804782] sg_write: data in/out 131036/42 bytes for SCSI command 0xff-- guessing data in;
[  133.804782]    program repro not setting count and/or reply_len properly
[  133.810542] sg_write: data in/out 131036/42 bytes for SCSI command 0xff-- guessing data in;
[  133.810542]    program repro not setting count and/or reply_len properly
[  133.816033] sg_write: data in/out 131036/42 bytes for SCSI command 0xff-- guessing data in;
[  133.816033]    program repro not setting count and/or reply_len properly
[  138.768165] sg_write: 1265 callbacks suppressed
[  138.768178] sg_write: data in/out 131036/42 bytes for SCSI command 0xff-- guessing data in;
[  138.768178]    program repro not setting count and/or reply_len properly
[  138.774163] sg_write: data in/out 131036/42 bytes for SCSI command 0xff-- guessing data in;
[  138.774163]    program repro not setting count and/or reply_len properly
[  138.779489] sg_write: data in/out 131036/42 bytes for SCSI command 0xff-- guessing data in;
[  138.779489]    program repro not setting count and/or reply_len properly
[  138.785125] sg_write: data in/out 131036/42 bytes for SCSI command 0xff-- guessing data in;
[  138.785125]    program repro not setting count and/or reply_len properly
[  138.790050] sg_write: data in/out 131036/42 bytes for SCSI command 0xff-- guessing data in;
[  138.790050]    program repro not setting count and/or reply_len properly
[  138.794725] sg_write: data in/out 131036/42 bytes for SCSI command 0xff-- guessing data in;
[  138.794725]    program repro not setting count and/or reply_len properly
[  138.799554] sg_write: data in/out 131036/42 bytes for SCSI command 0xff-- guessing data in;
[  138.799554]    program repro not setting count and/or reply_len properly
[  138.804400] sg_write: data in/out 131036/42 bytes for SCSI command 0xff-- guessing data in;
[  138.804400]    program repro not setting count and/or reply_len properly
[  138.809562] sg_write: data in/out 131036/42 bytes for SCSI command 0xff-- guessing data in;
[  138.809562]    program repro not setting count and/or reply_len properly
[  138.815076] sg_write: data in/out 131036/42 bytes for SCSI command 0xff-- guessing data in;
[  138.815076]    program repro not setting count and/or reply_len properly
[  143.774175] sg_write: 1282 callbacks suppressed
[  143.774189] sg_write: data in/out 131036/42 bytes for SCSI command 0xff-- guessing data in;
[  143.774189]    program repro not setting count and/or reply_len properly
[  143.780927] sg_write: data in/out 131036/42 bytes for SCSI command 0xff-- guessing data in;
[  143.780927]    program repro not setting count and/or reply_len properly
[  143.786249] sg_write: data in/out 131036/42 bytes for SCSI command 0xff-- guessing data in;
[  143.786249]    program repro not setting count and/or reply_len properly
[  143.792013] sg_write: data in/out 131036/42 bytes for SCSI command 0xff-- guessing data in;
[  143.792013]    program repro not setting count and/or reply_len properly
[  143.797512] sg_write: data in/out 131036/42 bytes for SCSI command 0xff-- guessing data in;
[  143.797512]    program repro not setting count and/or reply_len properly
[  143.802902] sg_write: data in/out 131036/42 bytes for SCSI command 0xff-- guessing data in;
[  143.802902]    program repro not setting count and/or reply_len properly
[  143.808498] sg_write: data in/out 131036/42 bytes for SCSI command 0xff-- guessing data in;
[  143.808498]    program repro not setting count and/or reply_len properly
[  143.813944] sg_write: data in/out 131036/42 bytes for SCSI command 0xff-- guessing data in;
[  143.813944]    program repro not setting count and/or reply_len properly
[  143.819466] sg_write: data in/out 131036/42 bytes for SCSI command 0xff-- guessing data in;
[  143.819466]    program repro not setting count and/or reply_len properly
[  143.824430] sg_write: data in/out 131036/42 bytes for SCSI command 0xff-- guessing data in;
[  143.824430]    program repro not setting count and/or reply_len properly
[  148.778114] sg_write: 1257 callbacks suppressed
[  148.778127] sg_write: data in/out 131036/42 bytes for SCSI command 0xff-- guessing data in;
[  148.778127]    program repro not setting count and/or reply_len properly
[  148.784981] sg_write: data in/out 131036/42 bytes for SCSI command 0xff-- guessing data in;
[  148.784981]    program repro not setting count and/or reply_len properly
[  148.790651] sg_write: data in/out 131036/42 bytes for SCSI command 0xff-- guessing data in;
[  148.790651]    program repro not setting count and/or reply_len properly
[  148.796631] sg_write: data in/out 131036/42 bytes for SCSI command 0xff-- guessing data in;
[  148.796631]    program repro not setting count and/or reply_len properly
[  148.802313] sg_write: data in/out 131036/42 bytes for SCSI command 0xff-- guessing data in;
[  148.802313]    program repro not setting count and/or reply_len properly
[  148.808304] sg_write: data in/out 131036/42 bytes for SCSI command 0xff-- guessing data in;
[  148.808304]    program repro not setting count and/or reply_len properly
[  148.813988] sg_write: data in/out 131036/42 bytes for SCSI command 0xff-- guessing data in;
[  148.813988]    program repro not setting count and/or reply_len properly
[  148.819474] sg_write: data in/out 131036/42 bytes for SCSI command 0xff-- guessing data in;
[  148.819474]    program repro not setting count and/or reply_len properly
[  148.825028] sg_write: data in/out 131036/42 bytes for SCSI command 0xff-- guessing data in;
[  148.825028]    program repro not setting count and/or reply_len properly
[  148.830252] sg_write: data in/out 131036/42 bytes for SCSI command 0xff-- guessing data in;
[  148.830252]    program repro not setting count and/or reply_len properly
[  153.782830] sg_write: 1281 callbacks suppressed
[  153.782844] sg_write: data in/out 131036/42 bytes for SCSI command 0xff-- guessing data in;
[  153.782844]    program repro not setting count and/or reply_len properly
[  153.789445] sg_write: data in/out 131036/42 bytes for SCSI command 0xff-- guessing data in;
[  153.789445]    program repro not setting count and/or reply_len properly
[  153.795492] sg_write: data in/out 131036/42 bytes for SCSI command 0xff-- guessing data in;
[  153.795492]    program repro not setting count and/or reply_len properly
[  153.801263] sg_write: data in/out 131036/42 bytes for SCSI command 0xff-- guessing data in;
[  153.801263]    program repro not setting count and/or reply_len properly
[  153.807128] sg_write: data in/out 131036/42 bytes for SCSI command 0xff-- guessing data in;
[  153.807128]    program repro not setting count and/or reply_len properly
[  153.812952] sg_write: data in/out 131036/42 bytes for SCSI command 0xff-- guessing data in;
[  153.812952]    program repro not setting count and/or reply_len properly
[  153.818645] sg_write: data in/out 131036/42 bytes for SCSI command 0xff-- guessing data in;
[  153.818645]    program repro not setting count and/or reply_len properly
[  153.824825] sg_write: data in/out 131036/42 bytes for SCSI command 0xff-- guessing data in;
[  153.824825]    program repro not setting count and/or reply_len properly
[  153.830597] sg_write: data in/out 131036/42 bytes for SCSI command 0xff-- guessing data in;
[  153.830597]    program repro not setting count and/or reply_len properly
[  153.836529] sg_write: data in/out 131036/42 bytes for SCSI command 0xff-- guessing data in;
[  153.836529]    program repro not setting count and/or reply_len properly
[  158.785477] sg_write: 1290 callbacks suppressed
[  158.785487] sg_write: data in/out 131036/42 bytes for SCSI command 0xff-- guessing data in;
[  158.785487]    program repro not setting count and/or reply_len properly
[  158.790836] sg_write: data in/out 131036/42 bytes for SCSI command 0xff-- guessing data in;
[  158.790836]    program repro not setting count and/or reply_len properly
[  158.795638] sg_write: data in/out 131036/42 bytes for SCSI command 0xff-- guessing data in;
[  158.795638]    program repro not setting count and/or reply_len properly
[  158.800786] sg_write: data in/out 131036/42 bytes for SCSI command 0xff-- guessing data in;
[  158.800786]    program repro not setting count and/or reply_len properly
[  158.806103] sg_write: data in/out 131036/42 bytes for SCSI command 0xff-- guessing data in;
[  158.806103]    program repro not setting count and/or reply_len properly
[  158.811359] sg_write: data in/out 131036/42 bytes for SCSI command 0xff-- guessing data in;
[  158.811359]    program repro not setting count and/or reply_len properly
[  158.816903] sg_write: data in/out 131036/42 bytes for SCSI command 0xff-- guessing data in;
[  158.816903]    program repro not setting count and/or reply_len properly
[  158.822448] sg_write: data in/out 131036/42 bytes for SCSI command 0xff-- guessing data in;
[  158.822448]    program repro not setting count and/or reply_len properly
[  158.828417] sg_write: data in/out 131036/42 bytes for SCSI command 0xff-- guessing data in;
[  158.828417]    program repro not setting count and/or reply_len properly
[  158.834500] sg_write: data in/out 131036/42 bytes for SCSI command 0xff-- guessing data in;
[  158.834500]    program repro not setting count and/or reply_len properly
[  163.791088] sg_write: 1257 callbacks suppressed
[  163.791100] sg_write: data in/out 131036/42 bytes for SCSI command 0xff-- guessing data in;
[  163.791100]    program repro not setting count and/or reply_len properly
[  163.797319] sg_write: data in/out 131036/42 bytes for SCSI command 0xff-- guessing data in;
[  163.797319]    program repro not setting count and/or reply_len properly
[  163.802832] sg_write: data in/out 131036/42 bytes for SCSI command 0xff-- guessing data in;
[  163.802832]    program repro not setting count and/or reply_len properly
[  163.808516] sg_write: data in/out 131036/42 bytes for SCSI command 0xff-- guessing data in;
[  163.808516]    program repro not setting count and/or reply_len properly
[  163.814117] sg_write: data in/out 131036/42 bytes for SCSI command 0xff-- guessing data in;
[  163.814117]    program repro not setting count and/or reply_len properly
[  163.819270] sg_write: data in/out 131036/42 bytes for SCSI command 0xff-- guessing data in;
[  163.819270]    program repro not setting count and/or reply_len properly
[  163.824715] sg_write: data in/out 131036/42 bytes for SCSI command 0xff-- guessing data in;
[  163.824715]    program repro not setting count and/or reply_len properly
[  163.829917] sg_write: data in/out 131036/42 bytes for SCSI command 0xff-- guessing data in;
[  163.829917]    program repro not setting count and/or reply_len properly
[  163.834683] sg_write: data in/out 131036/42 bytes for SCSI command 0xff-- guessing data in;
[  163.834683]    program repro not setting count and/or reply_len properly
[  163.839457] sg_write: data in/out 131036/42 bytes for SCSI command 0xff-- guessing data in;
[  163.839457]    program repro not setting count and/or reply_len properly
[  168.792030] sg_write: 1267 callbacks suppressed
[  168.792041] sg_write: data in/out 131036/42 bytes for SCSI command 0xff-- guessing data in;
[  168.792041]    program repro not setting count and/or reply_len properly
[  168.797350] sg_write: data in/out 131036/42 bytes for SCSI command 0xff-- guessing data in;
[  168.797350]    program repro not setting count and/or reply_len properly
[  168.802307] sg_write: data in/out 131036/42 bytes for SCSI command 0xff-- guessing data in;
[  168.802307]    program repro not setting count and/or reply_len properly
[  168.807530] sg_write: data in/out 131036/42 bytes for SCSI command 0xff-- guessing data in;
[  168.807530]    program repro not setting count and/or reply_len properly
[  168.812588] sg_write: data in/out 131036/42 bytes for SCSI command 0xff-- guessing data in;
[  168.812588]    program repro not setting count and/or reply_len properly
[  168.817473] sg_write: data in/out 131036/42 bytes for SCSI command 0xff-- guessing data in;
[  168.817473]    program repro not setting count and/or reply_len properly
[  168.822356] sg_write: data in/out 131036/42 bytes for SCSI command 0xff-- guessing data in;
[  168.822356]    program repro not setting count and/or reply_len properly
[  168.827946] sg_write: data in/out 131036/42 bytes for SCSI command 0xff-- guessing data in;
[  168.827946]    program repro not setting count and/or reply_len properly
[  168.833637] sg_write: data in/out 131036/42 bytes for SCSI command 0xff-- guessing data in;
[  168.833637]    program repro not setting count and/or reply_len properly
[  168.839326] sg_write: data in/out 131036/42 bytes for SCSI command 0xff-- guessing data in;
[  168.839326]    program repro not setting count and/or reply_len properly
[  173.798272] sg_write: 1223 callbacks suppressed
[  173.798285] sg_write: data in/out 131036/42 bytes for SCSI command 0xff-- guessing data in;
[  173.798285]    program repro not setting count and/or reply_len properly
[  173.803848] sg_write: data in/out 131036/42 bytes for SCSI command 0xff-- guessing data in;
[  173.803848]    program repro not setting count and/or reply_len properly
[  173.808667] sg_write: data in/out 131036/42 bytes for SCSI command 0xff-- guessing data in;
[  173.808667]    program repro not setting count and/or reply_len properly
[  173.813414] sg_write: data in/out 131036/42 bytes for SCSI command 0xff-- guessing data in;
[  173.813414]    program repro not setting count and/or reply_len properly
[  173.818040] sg_write: data in/out 131036/42 bytes for SCSI command 0xff-- guessing data in;
[  173.818040]    program repro not setting count and/or reply_len properly
[  173.823392] sg_write: data in/out 131036/42 bytes for SCSI command 0xff-- guessing data in;
[  173.823392]    program repro not setting count and/or reply_len properly
[  173.828856] sg_write: data in/out 131036/42 bytes for SCSI command 0xff-- guessing data in;
[  173.828856]    program repro not setting count and/or reply_len properly
[  173.834076] sg_write: data in/out 131036/42 bytes for SCSI command 0xff-- guessing data in;
[  173.834076]    program repro not setting count and/or reply_len properly
[  173.839363] sg_write: data in/out 131036/42 bytes for SCSI command 0xff-- guessing data in;
[  173.839363]    program repro not setting count and/or reply_len properly
[  173.845023] sg_write: data in/out 131036/42 bytes for SCSI command 0xff-- guessing data in;
[  173.845023]    program repro not setting count and/or reply_len properly
