c[?7l[2J[0mSeaBIOS (version rel-1.14.0-0-g155821a1990b-prebuilt.qemu.org)


iPXE (http://ipxe.org) 00:03.0 CA00 PCI2.10 PnP PMM+7FF8F030+7FEEF030 CA00
Press Ctrl-B to configure iPXE (PCI 00:03.0)...                                                                               


Booting from ROM...
c[?7l[2J[    0.000000] Linux version 5.19.0-526942b8134c+ (root@p-rplp02) (gcc (GCC) 8.5.0 20210514 (Red Hat 8.5.0-17), GNU ld version 2.36.1-2.el8) #1 SMP PREEMPT_DYNAMIC Tue Dec 27 11:39:03 CST 2022
[    0.000000] Command line: console=ttyS0 root=/dev/sda earlyprintk=serial net.ifnames=0
[    0.000000] KERNEL supported cpus:
[    0.000000]   Intel GenuineIntel
[    0.000000]   AMD AuthenticAMD
[    0.000000]   Hygon HygonGenuine
[    0.000000]   Centaur CentaurHauls
[    0.000000]   zhaoxin   Shanghai  
[    0.000000] x86/fpu: Supporting XSAVE feature 0x001: 'x87 floating point registers'
[    0.000000] x86/fpu: Supporting XSAVE feature 0x002: 'SSE registers'
[    0.000000] x86/fpu: Supporting XSAVE feature 0x004: 'AVX registers'
[    0.000000] x86/fpu: Supporting XSAVE feature 0x200: 'Protection Keys User registers'
[    0.000000] x86/fpu: xstate_offset[2]:  576, xstate_sizes[2]:  256
[    0.000000] x86/fpu: xstate_offset[9]:  832, xstate_sizes[9]:    8
[    0.000000] x86/fpu: Enabled xstate features 0x207, context size is 840 bytes, using 'compacted' format.
[    0.000000] signal: max sigframe size: 3632
[    0.000000] BIOS-provided physical RAM map:
[    0.000000] BIOS-e820: [mem 0x0000000000000000-0x000000000009fbff] usable
[    0.000000] BIOS-e820: [mem 0x000000000009fc00-0x000000000009ffff] reserved
[    0.000000] BIOS-e820: [mem 0x00000000000f0000-0x00000000000fffff] reserved
[    0.000000] BIOS-e820: [mem 0x0000000000100000-0x000000007ffdffff] usable
[    0.000000] BIOS-e820: [mem 0x000000007ffe0000-0x000000007fffffff] reserved
[    0.000000] BIOS-e820: [mem 0x00000000feffc000-0x00000000feffffff] reserved
[    0.000000] BIOS-e820: [mem 0x00000000fffc0000-0x00000000ffffffff] reserved
[    0.000000] printk: bootconsole [earlyser0] enabled
[    0.000000] NX (Execute Disable) protection: active
[    0.000000] SMBIOS 2.8 present.
[    0.000000] DMI: QEMU Standard PC (i440FX + PIIX, 1996), BIOS rel-1.14.0-0-g155821a1990b-prebuilt.qemu.org 04/01/2014
[    0.000000] Hypervisor detected: KVM
[    0.000000] kvm-clock: Using msrs 4b564d01 and 4b564d00
[    0.000007] kvm-clock: using sched offset of 623353214 cycles
[    0.000988] clocksource: kvm-clock: mask: 0xffffffffffffffff max_cycles: 0x1cd42e4dffb, max_idle_ns: 881590591483 ns
[    0.004094] tsc: Detected 1881.600 MHz processor
[    0.012697] last_pfn = 0x7ffe0 max_arch_pfn = 0x400000000
[    0.014005] x86/PAT: Configuration [0-7]: WB  WC  UC- UC  WB  WP  UC- WT  
[    0.026122] found SMP MP-table at [mem 0x000f5a90-0x000f5a9f]
[    0.027636] Using GB pages for direct mapping
[    0.030946] ACPI: Early table checksum verification disabled
[    0.032174] ACPI: RSDP 0x00000000000F5870 000014 (v00 BOCHS )
[    0.033325] ACPI: RSDT 0x000000007FFE1959 000034 (v01 BOCHS  BXPC     00000001 BXPC 00000001)
[    0.035007] ACPI: FACP 0x000000007FFE1805 000074 (v01 BOCHS  BXPC     00000001 BXPC 00000001)
[    0.036647] ACPI: DSDT 0x000000007FFE0040 0017C5 (v01 BOCHS  BXPC     00000001 BXPC 00000001)
[    0.038282] ACPI: FACS 0x000000007FFE0000 000040
[    0.039192] ACPI: APIC 0x000000007FFE1879 000080 (v01 BOCHS  BXPC     00000001 BXPC 00000001)
[    0.040816] ACPI: HPET 0x000000007FFE18F9 000038 (v01 BOCHS  BXPC     00000001 BXPC 00000001)
[    0.042459] ACPI: WAET 0x000000007FFE1931 000028 (v01 BOCHS  BXPC     00000001 BXPC 00000001)
[    0.044092] ACPI: Reserving FACP table memory at [mem 0x7ffe1805-0x7ffe1878]
[    0.045444] ACPI: Reserving DSDT table memory at [mem 0x7ffe0040-0x7ffe1804]
[    0.046781] ACPI: Reserving FACS table memory at [mem 0x7ffe0000-0x7ffe003f]
[    0.048100] ACPI: Reserving APIC table memory at [mem 0x7ffe1879-0x7ffe18f8]
[    0.049406] ACPI: Reserving HPET table memory at [mem 0x7ffe18f9-0x7ffe1930]
[    0.050668] ACPI: Reserving WAET table memory at [mem 0x7ffe1931-0x7ffe1958]
[    0.053189] No NUMA configuration found
[    0.053781] Faking a node at [mem 0x0000000000000000-0x000000007ffdffff]
[    0.054912] NODE_DATA(0) allocated [mem 0x7ffb5000-0x7ffdffff]
[    0.060696] Zone ranges:
[    0.061114]   DMA      [mem 0x0000000000001000-0x0000000000ffffff]
[    0.062069]   DMA32    [mem 0x0000000001000000-0x000000007ffdffff]
[    0.063026]   Normal   empty
[    0.063475]   Device   empty
[    0.063924] Movable zone start for each node
[    0.064577] Early memory node ranges
[    0.065131]   node   0: [mem 0x0000000000001000-0x000000000009efff]
[    0.066127]   node   0: [mem 0x0000000000100000-0x000000007ffdffff]
[    0.067152] Initmem setup node 0 [mem 0x0000000000001000-0x000000007ffdffff]
[    0.068934] On node 0, zone DMA: 1 pages in unavailable ranges
[    0.069354] On node 0, zone DMA: 97 pages in unavailable ranges
[    0.120272] On node 0, zone DMA32: 32 pages in unavailable ranges
[    0.121784] ACPI: PM-Timer IO Port: 0x608
[    0.123384] ACPI: LAPIC_NMI (acpi_id[0xff] dfl dfl lint[0x1])
[    0.124419] IOAPIC[0]: apic_id 0, version 17, address 0xfec00000, GSI 0-23
[    0.125505] ACPI: INT_SRC_OVR (bus 0 bus_irq 0 global_irq 2 dfl dfl)
[    0.126477] ACPI: INT_SRC_OVR (bus 0 bus_irq 5 global_irq 5 high level)
[    0.127486] ACPI: INT_SRC_OVR (bus 0 bus_irq 9 global_irq 9 high level)
[    0.128495] ACPI: INT_SRC_OVR (bus 0 bus_irq 10 global_irq 10 high level)
[    0.129521] ACPI: INT_SRC_OVR (bus 0 bus_irq 11 global_irq 11 high level)
[    0.130585] ACPI: Using ACPI (MADT) for SMP configuration information
[    0.131556] ACPI: HPET id: 0x8086a201 base: 0xfed00000
[    0.132365] TSC deadline timer available
[    0.132975] smpboot: Allowing 2 CPUs, 0 hotplug CPUs
[    0.133983] kvm-guest: KVM setup pv remote TLB flush
[    0.134793] kvm-guest: setup PV sched yield
[    0.135620] PM: hibernation: Registered nosave memory: [mem 0x00000000-0x00000fff]
[    0.136854] PM: hibernation: Registered nosave memory: [mem 0x0009f000-0x0009ffff]
[    0.138105] PM: hibernation: Registered nosave memory: [mem 0x000a0000-0x000effff]
[    0.139404] PM: hibernation: Registered nosave memory: [mem 0x000f0000-0x000fffff]
[    0.140770] [mem 0x80000000-0xfeffbfff] available for PCI devices
[    0.141913] Booting paravirtualized kernel on KVM
[    0.142876] clocksource: refined-jiffies: mask: 0xffffffff max_cycles: 0xffffffff, max_idle_ns: 7645519600211568 ns
[    0.144834] setup_percpu: NR_CPUS:8192 nr_cpumask_bits:2 nr_cpu_ids:2 nr_node_ids:1
[    0.151489] percpu: Embedded 64 pages/cpu s225280 r8192 d28672 u1048576
[    0.152851] kvm-guest: PV spinlocks enabled
[    0.153487] PV qspinlock hash table entries: 256 (order: 0, 4096 bytes, linear)
[    0.154651] Fallback order for Node 0: 0 
[    0.155295] Built 1 zonelists, mobility grouping on.  Total pages: 515808
[    0.156311] Policy zone: DMA32
[    0.156773] Kernel command line: net.ifnames=0 console=ttyS0 root=/dev/sda earlyprintk=serial net.ifnames=0
[    0.162145] Dentry cache hash table entries: 262144 (order: 9, 2097152 bytes, linear)
[    0.164880] Inode-cache hash table entries: 131072 (order: 8, 1048576 bytes, linear)
[    0.166419] mem auto-init: stack:off, heap alloc:off, heap free:off
[    0.172820] Memory: 1985384K/2096632K available (32784K kernel code, 4530K rwdata, 8056K rodata, 3644K init, 22316K bss, 110992K reserved, 0K cma-reserved)
[    0.176524] SLUB: HWalign=64, Order=0-3, MinObjects=0, CPUs=2, Nodes=1
[    0.177483] kmemleak: Kernel memory leak detector disabled
[    0.178363] ftrace: allocating 66436 entries in 260 pages
[    0.230956] ftrace: allocated 260 pages with 2 groups
[    0.236182] Dynamic Preempt: voluntary
[    0.237093] Running RCU self tests
[    0.237636] rcu: Preemptible hierarchical RCU implementation.
[    0.238547] rcu: 	RCU lockdep checking is enabled.
[    0.239287] rcu: 	RCU restricting CPUs from NR_CPUS=8192 to nr_cpu_ids=2.
[    0.240370] 	Trampoline variant of Tasks RCU enabled.
[    0.241202] 	Rude variant of Tasks RCU enabled.
[    0.241960] 	Tracing variant of Tasks RCU enabled.
[    0.242827] rcu: RCU calculated value of scheduler-enlistment delay is 25 jiffies.
[    0.244170] rcu: Adjusting geometry for rcu_fanout_leaf=16, nr_cpu_ids=2
[    0.278059] NR_IRQS: 524544, nr_irqs: 440, preallocated irqs: 16
[    0.279649] rcu: srcu_init: Setting srcu_struct sizes based on contention.
[    0.298278] Console: colour VGA+ 80x25
[    0.299042] printk: console [ttyS0] enabled
[    0.299042] printk: console [ttyS0] enabled
[    0.300541] printk: bootconsole [earlyser0] disabled
[    0.300541] printk: bootconsole [earlyser0] disabled
[    0.302323] Lock dependency validator: Copyright (c) 2006 Red Hat, Inc., Ingo Molnar
[    0.303721] ... MAX_LOCKDEP_SUBCLASSES:  8
[    0.304475] ... MAX_LOCK_DEPTH:          48
[    0.305238] ... MAX_LOCKDEP_KEYS:        8192
[    0.306033] ... CLASSHASH_SIZE:          4096
[    0.306831] ... MAX_LOCKDEP_ENTRIES:     32768
[    0.307634] ... MAX_LOCKDEP_CHAINS:      65536
[    0.308454] ... CHAINHASH_SIZE:          32768
[    0.309273]  memory used by lock dependency info: 6365 kB
[    0.310258]  memory used for stack traces: 4224 kB
[    0.311138]  per task-struct memory footprint: 1920 bytes
[    0.312244] ACPI: Core revision 20220331
[    0.313438] clocksource: hpet: mask: 0xffffffff max_cycles: 0xffffffff, max_idle_ns: 19112604467 ns
[    0.315377] APIC: Switch to symmetric I/O mode setup
[    0.316881] x2apic enabled
[    0.317977] Switched APIC routing to physical x2apic.
[    0.318926] kvm-guest: setup PV IPIs
[    0.322471] ..TIMER: vector=0x30 apic1=0 pin1=2 apic2=-1 pin2=-1
[    0.323774] clocksource: tsc-early: mask: 0xffffffffffffffff max_cycles: 0x363e8c91135, max_idle_ns: 881590568389 ns
[    0.325713] Calibrating delay loop (skipped) preset value.. 3763.20 BogoMIPS (lpj=7526400)
[    0.327220] pid_max: default: 32768 minimum: 301
[    0.329905] LSM: Security Framework initializing
[    0.330770] Yama: becoming mindful.
[    0.331818] Mount-cache hash table entries: 4096 (order: 3, 32768 bytes, linear)
[    0.333740] Mountpoint-cache hash table entries: 4096 (order: 3, 32768 bytes, linear)
[    0.337991] CPU0: Thermal monitoring enabled (TM1)
[    0.341793] x86/cpu: User Mode Instruction Prevention (UMIP) activated
[    0.344752] Last level iTLB entries: 4KB 0, 2MB 0, 4MB 0
[    0.345758] Last level dTLB entries: 4KB 0, 2MB 0, 4MB 0, 1GB 0
[    0.346970] Spectre V1 : Mitigation: usercopy/swapgs barriers and __user pointer sanitization
[    0.349700] Spectre V2 : WARNING: Unprivileged eBPF is enabled with eIBRS on, data leaks possible via Spectre v2 BHB attacks!
[    0.351629] Spectre V2 : Mitigation: Enhanced IBRS
[    0.352437] Spectre V2 : Spectre v2 / SpectreRSB mitigation: Filling RSB on context switch
[    0.353699] Spectre V2 : mitigation: Enabling conditional Indirect Branch Prediction Barrier
[    0.355073] Speculative Store Bypass: Mitigation: Speculative Store Bypass disabled via prctl
[    0.492580] Freeing SMP alternatives memory: 56K
[    0.494218] smpboot: CPU0: Genuine Intel(R) 0000 (family: 0x6, model: 0xba, stepping: 0x2)
[    0.496384] cblist_init_generic: Setting adjustable number of callback queues.
[    0.497465] cblist_init_generic: Setting shift to 1 and lim to 1.
[    0.497800] cblist_init_generic: Setting shift to 1 and lim to 1.
[    0.498763] cblist_init_generic: Setting shift to 1 and lim to 1.
[    0.499745] Running RCU-tasks wait API self tests
[    0.601907] Performance Events: Alderlake Hybrid events, full-width counters, Intel PMU driver.
[    0.604527] core: cpu_core PMU driver: 
[    0.605207] ... version:                2
[    0.605691] ... bit width:              48
[    0.606385] ... generic registers:      6
[    0.607066] ... value mask:             0000ffffffffffff
[    0.607965] ... max period:             00007fffffffffff
[    0.608869] ... fixed-purpose events:   3
[    0.609567] ... event mask:             0001000f0000003f
[    0.609747] Callback from call_rcu_tasks_trace() invoked.
[    0.611214] rcu: Hierarchical SRCU implementation.
[    0.612075] rcu: 	Max phase no-delay instances is 1000.
[    0.618596] unchecked MSR access error: WRMSR to 0x38f (tried to write 0x0001000f0000003f) at rIP: 0xffffffff810ca4cc (native_write_msr+0xc/0x30)
[    0.621013] Call Trace:
[    0.621439]  <TASK>
[    0.621679]  __intel_pmu_enable_all.constprop.45+0x68/0x100
[    0.621679]  intel_pmu_enable_all+0x1e/0x30
[    0.621679]  x86_pmu_enable+0x46d/0x5a0
[    0.621679]  ? write_comp_data+0x2f/0x90
[    0.621679]  perf_pmu_enable+0x53/0x70
[    0.621679]  ctx_resched+0xab/0xf0
[    0.621679]  __perf_install_in_context+0x347/0x4b0
[    0.621679]  ? perf_duration_warn+0x50/0x50
[    0.621679]  ? perf_duration_warn+0x50/0x50
[    0.621679]  remote_function+0x80/0xa0
[    0.621679]  ? perf_duration_warn+0x50/0x50
[    0.621679]  generic_exec_single+0x124/0x190
[    0.621679]  smp_call_function_single+0x11c/0x240
[    0.621679]  ? perf_duration_warn+0x50/0x50
[    0.621679]  ? __sanitizer_cov_trace_pc+0x25/0x60
[    0.621679]  ? write_comp_data+0x2f/0x90
[    0.621679]  perf_install_in_context+0x2e8/0x310
[    0.621679]  ? ctx_resched+0xf0/0xf0
[    0.621679]  perf_event_create_kernel_counter+0x16a/0x200
[    0.621679]  ? hardlockup_detector_event_create+0xd0/0xd0
[    0.621679]  hardlockup_detector_event_create+0x46/0xd0
[    0.621679]  hardlockup_detector_perf_init+0x18/0x66
[    0.621679]  watchdog_nmi_probe+0x17/0x1d
[    0.621679]  lockup_detector_init+0x40/0xaf
[    0.621679]  kernel_init_freeable+0x264/0x411
[    0.621679]  ? rest_init+0x240/0x240
[    0.621679]  kernel_init+0x24/0x1e0
[    0.621679]  ? rest_init+0x240/0x240
[    0.621679]  ret_from_fork+0x1f/0x30
[    0.621679]  </TASK>
[    0.622316] smp: Bringing up secondary CPUs ...
[    0.624602] x86: Booting SMP configuration:
[    0.625448] .... node  #0, CPUs:      #1
[    0.040823] smpboot: CPU 1 Converting physical 0 to logical die 1
[    0.630044] smp: Brought up 1 node, 2 CPUs
[    0.630734] smpboot: Max logical packages: 2
[    0.631572] smpboot: Total of 2 processors activated (7526.40 BogoMIPS)
[    0.642364] devtmpfs: initialized
[    0.643063] x86/mm: Memory block size: 128MB
[    0.650628] clocksource: jiffies: mask: 0xffffffff max_cycles: 0xffffffff, max_idle_ns: 7645041785100000 ns
[    0.652992] futex hash table entries: 512 (order: 4, 65536 bytes, linear)
[    0.654462] pinctrl core: initialized pinctrl subsystem
[    0.656998] 
[    0.657324] *************************************************************
[    0.657692] **     NOTICE NOTICE NOTICE NOTICE NOTICE NOTICE NOTICE    **
[    0.658900] **                                                         **
[    0.660108] **  IOMMU DebugFS SUPPORT HAS BEEN ENABLED IN THIS KERNEL  **
[    0.661316] **                                                         **
[    0.661688] ** This means that this kernel is built to expose internal **
[    0.662886] ** IOMMU data structures, which may compromise security on **
[    0.664103] ** your system.                                            **
[    0.665366] **                                                         **
[    0.665689] ** If you see this message and you are not debugging the   **
[    0.666943] ** kernel, report this immediately to your vendor!         **
[    0.668227] **                                                         **
[    0.669512] **     NOTICE NOTICE NOTICE NOTICE NOTICE NOTICE NOTICE    **
[    0.669689] *************************************************************
[    0.671188] PM: RTC time: 03:05:49, date: 2023-01-03
[    0.676771] NET: Registered PF_NETLINK/PF_ROUTE protocol family
[    0.678977] DMA: preallocated 256 KiB GFP_KERNEL pool for atomic allocations
[    0.680298] DMA: preallocated 256 KiB GFP_KERNEL|GFP_DMA pool for atomic allocations
[    0.681713] DMA: preallocated 256 KiB GFP_KERNEL|GFP_DMA32 pool for atomic allocations
[    0.683274] audit: initializing netlink subsys (disabled)
[    0.684515] audit: type=2000 audit(1672715150.050:1): state=initialized audit_enabled=0 res=1
[    0.685986] thermal_sys: Registered thermal governor 'fair_share'
[    0.686209] thermal_sys: Registered thermal governor 'bang_bang'
[    0.687334] thermal_sys: Registered thermal governor 'step_wise'
[    0.688437] thermal_sys: Registered thermal governor 'user_space'
[    0.689660] cpuidle: using governor ladder
[    0.690504] cpuidle: using governor menu
[    0.691896] HugeTLB: can optimize 4095 vmemmap pages for hugepages-1048576kB
[    0.693357] acpiphp: ACPI Hot Plug PCI Controller Driver version: 0.5
[    0.694614] PCI: Using configuration type 1 for base access
[    0.706529] Callback from call_rcu_tasks_rude() invoked.
[    0.728119] kprobes: kprobe jump-optimization is enabled. All kprobes are optimized if possible.
[    1.001746] Callback from call_rcu_tasks() invoked.
[    1.003506] HugeTLB: can optimize 7 vmemmap pages for hugepages-2048kB
[    1.004787] HugeTLB registered 1.00 GiB page size, pre-allocated 0 pages
[    1.005705] HugeTLB registered 2.00 MiB page size, pre-allocated 0 pages
[    1.015738] ACPI: Added _OSI(Module Device)
[    1.016629] ACPI: Added _OSI(Processor Device)
[    1.017479] ACPI: Added _OSI(3.0 _SCP Extensions)
[    1.017700] ACPI: Added _OSI(Processor Aggregator Device)
[    1.018738] ACPI: Added _OSI(Linux-Dell-Video)
[    1.019597] ACPI: Added _OSI(Linux-Lenovo-NV-HDMI-Audio)
[    1.020616] ACPI: Added _OSI(Linux-HPI-Hybrid-Graphics)
[    1.032204] ACPI: 1 ACPI AML tables successfully acquired and loaded
[    1.039979] ACPI: Interpreter enabled
[    1.040914] ACPI: PM: (supports S0 S3 S4 S5)
[    1.041692] ACPI: Using IOAPIC for interrupt routing
[    1.042755] PCI: Using host bridge windows from ACPI; if necessary, use "pci=nocrs" and report a bug
[    1.044479] PCI: Using E820 reservations for host bridge windows
[    1.046959] ACPI: Enabled 2 GPEs in block 00 to 0F
[    1.080906] ACPI: PCI Root Bridge [PCI0] (domain 0000 [bus 00-ff])
[    1.081738] acpi PNP0A03:00: _OSC: OS supports [ASPM ClockPM Segments MSI EDR HPX-Type3]
[    1.083283] acpi PNP0A03:00: _OSC: not requesting OS control; OS requires [ExtendedConfig ASPM ClockPM MSI]
[    1.085238] acpi PNP0A03:00: fail to add MMCONFIG information, can't access extended PCI configuration space under this bridge.
[    1.090858] acpiphp: Slot [3] registered
[    1.091773] acpiphp: Slot [4] registered
[    1.092667] acpiphp: Slot [5] registered
[    1.093574] acpiphp: Slot [6] registered
[    1.093871] acpiphp: Slot [7] registered
[    1.094824] acpiphp: Slot [8] registered
[    1.095720] acpiphp: Slot [9] registered
[    1.096625] acpiphp: Slot [10] registered
[    1.097511] acpiphp: Slot [11] registered
[    1.097861] acpiphp: Slot [12] registered
[    1.098740] acpiphp: Slot [13] registered
[    1.099622] acpiphp: Slot [14] registered
[    1.100429] acpiphp: Slot [15] registered
[    1.101260] acpiphp: Slot [16] registered
[    1.101849] acpiphp: Slot [17] registered
[    1.102716] acpiphp: Slot [18] registered
[    1.103565] acpiphp: Slot [19] registered
[    1.104402] acpiphp: Slot [20] registered
[    1.105239] acpiphp: Slot [21] registered
[    1.105895] acpiphp: Slot [22] registered
[    1.106713] acpiphp: Slot [23] registered
[    1.107559] acpiphp: Slot [24] registered
[    1.108375] acpiphp: Slot [25] registered
[    1.109234] acpiphp: Slot [26] registered
[    1.109828] acpiphp: Slot [27] registered
[    1.110683] acpiphp: Slot [28] registered
[    1.111534] acpiphp: Slot [29] registered
[    1.112386] acpiphp: Slot [30] registered
[    1.113268] acpiphp: Slot [31] registered
[    1.113748] PCI host bridge to bus 0000:00
[    1.114513] pci_bus 0000:00: root bus resource [io  0x0000-0x0cf7 window]
[    1.115761] pci_bus 0000:00: root bus resource [io  0x0d00-0xffff window]
[    1.117029] pci_bus 0000:00: root bus resource [mem 0x000a0000-0x000bffff window]
[    1.117694] pci_bus 0000:00: root bus resource [mem 0x80000000-0xfebfffff window]
[    1.119125] pci_bus 0000:00: root bus resource [mem 0x100000000-0x17fffffff window]
[    1.120592] pci_bus 0000:00: root bus resource [bus 00-ff]
[    1.121933] pci 0000:00:00.0: [8086:1237] type 00 class 0x060000
[    1.130197] pci 0000:00:01.0: [8086:7000] type 00 class 0x060100
[    1.132993] pci 0000:00:01.1: [8086:7010] type 00 class 0x010180
[    1.136539] pci 0000:00:01.1: reg 0x20: [io  0xc040-0xc04f]
[    1.138646] pci 0000:00:01.1: legacy IDE quirk: reg 0x10: [io  0x01f0-0x01f7]
[    1.140032] pci 0000:00:01.1: legacy IDE quirk: reg 0x14: [io  0x03f6]
[    1.141291] pci 0000:00:01.1: legacy IDE quirk: reg 0x18: [io  0x0170-0x0177]
[    1.141694] pci 0000:00:01.1: legacy IDE quirk: reg 0x1c: [io  0x0376]
[    1.143936] pci 0000:00:01.3: [8086:7113] type 00 class 0x068000
[    1.145886] pci 0000:00:01.3: quirk: [io  0x0600-0x063f] claimed by PIIX4 ACPI
[    1.147279] pci 0000:00:01.3: quirk: [io  0x0700-0x070f] claimed by PIIX4 SMB
[    1.150030] pci 0000:00:02.0: [1234:1111] type 00 class 0x030000
[    1.154424] pci 0000:00:02.0: reg 0x10: [mem 0xfd000000-0xfdffffff pref]
[    1.158322] pci 0000:00:02.0: reg 0x18: [mem 0xfebf0000-0xfebf0fff]
[    1.165857] pci 0000:00:02.0: reg 0x30: [mem 0xfebe0000-0xfebeffff pref]
[    1.167923] pci 0000:00:02.0: Video device with shadowed ROM at [mem 0x000c0000-0x000dffff]
[    1.177839] pci 0000:00:03.0: [8086:100e] type 00 class 0x020000
[    1.180223] pci 0000:00:03.0: reg 0x10: [mem 0xfebc0000-0xfebdffff]
[    1.182165] pci 0000:00:03.0: reg 0x14: [io  0xc000-0xc03f]
[    1.189435] pci 0000:00:03.0: reg 0x30: [mem 0xfeb80000-0xfebbffff pref]
[    1.220943] ACPI: PCI: Interrupt link LNKA configured for IRQ 10
[    1.222558] ACPI: PCI: Interrupt link LNKB configured for IRQ 10
[    1.224536] ACPI: PCI: Interrupt link LNKC configured for IRQ 11
[    1.226478] ACPI: PCI: Interrupt link LNKD configured for IRQ 11
[    1.228051] ACPI: PCI: Interrupt link LNKS configured for IRQ 9
[    1.232861] iommu: Default domain type: Translated 
[    1.233705] iommu: DMA domain TLB invalidation policy: lazy mode 
[    1.237827] SCSI subsystem initialized
[    1.239500] ACPI: bus type USB registered
[    1.240536] usbcore: registered new interface driver usbfs
[    1.241759] usbcore: registered new interface driver hub
[    1.242864] usbcore: registered new device driver usb
[    1.244181] pps_core: LinuxPPS API ver. 1 registered
[    1.245158] pps_core: Software ver. 5.3.6 - Copyright 2005-2007 Rodolfo Giometti <giometti@linux.it>
[    1.245730] PTP clock support registered
[    1.246971] EDAC MC: Ver: 3.0.0
[    1.251295] NetLabel: Initializing
[    1.251974] NetLabel:  domain hash size = 128
[    1.252812] NetLabel:  protocols = UNLABELED CIPSOv4 CALIPSO
[    1.253848] NetLabel:  unlabeled traffic allowed by default
[    1.290543] PCI: Using ACPI for IRQ routing
[    1.291866] pci 0000:00:02.0: vgaarb: setting as boot VGA device
[    1.293042] pci 0000:00:02.0: vgaarb: bridge control possible
[    1.293679] pci 0000:00:02.0: vgaarb: VGA device added: decodes=io+mem,owns=io+mem,locks=none
[    1.293691] vgaarb: loaded
[    1.295209] hpet0: at MMIO 0xfed00000, IRQs 2, 8, 0
[    1.296102] hpet0: 3 comparators, 64-bit 100.000000 MHz counter
[    5.954455] clocksource: Switched to clocksource kvm-clock
[    6.246994] VFS: Disk quotas dquot_6.6.0
[    6.247974] VFS: Dquot-cache hash table entries: 512 (order 0, 4096 bytes)
[    6.250035] pnp: PnP ACPI init
[    6.253736] pnp: PnP ACPI: found 6 devices
[    6.268755] clocksource: acpi_pm: mask: 0xffffff max_cycles: 0xffffff, max_idle_ns: 2085701024 ns
[    6.271185] NET: Registered PF_INET protocol family
[    6.272928] IP idents hash table entries: 32768 (order: 6, 262144 bytes, linear)
[    6.276231] tcp_listen_portaddr_hash hash table entries: 1024 (order: 4, 73728 bytes, linear)
[    6.278168] Table-perturb hash table entries: 65536 (order: 6, 262144 bytes, linear)
[    6.279756] TCP established hash table entries: 16384 (order: 5, 131072 bytes, linear)
[    6.281903] TCP bind hash table entries: 16384 (order: 8, 1179648 bytes, linear)
[    6.286301] TCP: Hash tables configured (established 16384 bind 16384)
[    6.288109] UDP hash table entries: 1024 (order: 5, 163840 bytes, linear)
[    6.289856] UDP-Lite hash table entries: 1024 (order: 5, 163840 bytes, linear)
[    6.291945] NET: Registered PF_UNIX/PF_LOCAL protocol family
[    6.294197] RPC: Registered named UNIX socket transport module.
[    6.295458] RPC: Registered udp transport module.
[    6.296449] RPC: Registered tcp transport module.
[    6.297437] RPC: Registered tcp NFSv4.1 backchannel transport module.
[    6.298923] pci_bus 0000:00: resource 4 [io  0x0000-0x0cf7 window]
[    6.300217] pci_bus 0000:00: resource 5 [io  0x0d00-0xffff window]
[    6.301494] pci_bus 0000:00: resource 6 [mem 0x000a0000-0x000bffff window]
[    6.302924] pci_bus 0000:00: resource 7 [mem 0x80000000-0xfebfffff window]
[    6.304331] pci_bus 0000:00: resource 8 [mem 0x100000000-0x17fffffff window]
[    6.306176] pci 0000:00:01.0: PIIX3: Enabling Passive Release
[    6.307377] pci 0000:00:00.0: Limiting direct PCI/PCI transfers
[    6.308633] pci 0000:00:01.0: Activating ISA DMA hang workarounds
[    6.310069] PCI: CLS 0 bytes, default 64
[    6.311036] ACPI: bus type thunderbolt registered
[    6.312719] clocksource: tsc: mask: 0xffffffffffffffff max_cycles: 0x363e8c91135, max_idle_ns: 881590568389 ns
[    6.321515] Initialise system trusted keyrings
[    6.322739] Key type blacklist registered
[    6.323859] workingset: timestamp_bits=36 max_order=19 bucket_order=0
[    6.339555] zbud: loaded
[    6.343050] squashfs: version 4.0 (2009/01/31) Phillip Lougher
[    6.346988] NFS: Registering the id_resolver key type
[    6.348062] Key type id_resolver registered
[    6.348904] Key type id_legacy registered
[    6.349935] nfs4filelayout_init: NFSv4 File Layout Driver Registering...
[    6.351308] nfs4flexfilelayout_init: NFSv4 Flexfile Layout Driver Registering...
[    6.352963] fuse: init (API version 7.36)
[    6.354215] SGI XFS with ACLs, security attributes, realtime, quota, no debug enabled
[    6.358476] 9p: Installing v9fs 9p2000 file system support
[    6.368378] Key type asymmetric registered
[    6.369247] Asymmetric key parser 'x509' registered
[    6.373094] alg: self-tests for CTR-KDF (hmac(sha256)) passed
[    6.374377] Block layer SCSI generic (bsg) driver version 0.4 loaded (major 243)
[    6.376201] io scheduler mq-deadline registered
[    6.377163] io scheduler bfq registered
[    6.380171] shpchp: Standard Hot Plug PCI Controller Driver version: 0.4
[    6.382297] IPMI message handler: version 39.2
[    6.383314] ipmi device interface
[    6.386313] input: Power Button as /devices/LNXSYSTM:00/LNXPWRBN:00/input/input0
[    6.388265] ACPI: button: Power Button [PWRF]
[    6.390631] ERST DBG: ERST support is disabled.
[    6.392430] Serial: 8250/16550 driver, 32 ports, IRQ sharing enabled
[    6.394951] 00:04: ttyS0 at I/O 0x3f8 (irq = 4, base_baud = 115200) is a 16550A
[    6.407643] Linux agpgart interface v0.103
[    6.409523] ACPI: bus type drm_connector registered
[    6.429138] brd: module loaded
[    6.440944] loop: module loaded
[    6.450371] scsi host0: ata_piix
[    6.452757] scsi host1: ata_piix
[    6.453814] ata1: PATA max MWDMA2 cmd 0x1f0 ctl 0x3f6 bmdma 0xc040 irq 14
[    6.455038] ata2: PATA max MWDMA2 cmd 0x170 ctl 0x376 bmdma 0xc048 irq 15
[    6.459441] tun: Universal TUN/TAP device driver, 1.6
[    6.460859] e100: Intel(R) PRO/100 Network Driver
[    6.461794] e100: Copyright(c) 1999-2006 Intel Corporation
[    6.462876] e1000: Intel(R) PRO/1000 Network Driver
[    6.463778] e1000: Copyright (c) 1999-2006 Intel Corporation.
[    6.613951] ata1: found unknown device (class 0)
[    6.615292] ata2: found unknown device (class 0)
[    6.616995] ata1.00: ATA-7: QEMU HARDDISK, 2.5+, max UDMA/100
[    6.618053] ata1.00: 16777216 sectors, multi 16: LBA48 
[    6.619209] ata2.00: ATAPI: QEMU DVD-ROM, 2.5+, max UDMA/100
[    6.622948] scsi 0:0:0:0: Direct-Access     ATA      QEMU HARDDISK    2.5+ PQ: 0 ANSI: 5
[    6.627285] sd 0:0:0:0: Attached scsi generic sg0 type 0
[    6.628288] sd 0:0:0:0: [sda] 16777216 512-byte logical blocks: (8.59 GB/8.00 GiB)
[    6.629906] sd 0:0:0:0: [sda] Write Protect is off
[    6.630807] scsi 1:0:0:0: CD-ROM            QEMU     QEMU DVD-ROM     2.5+ PQ: 0 ANSI: 5
[    6.632454] sd 0:0:0:0: [sda] Write cache: enabled, read cache: enabled, doesn't support DPO or FUA
[    6.641876] sd 0:0:0:0: [sda] Preferred minimum I/O size 512 bytes
[    6.656230] sd 0:0:0:0: [sda] Attached SCSI disk
[    6.659337] scsi 1:0:0:0: Attached scsi generic sg1 type 5
[    6.718078] ACPI: \_SB_.LNKC: Enabled at IRQ 11
[    7.092904] e1000 0000:00:03.0 eth0: (PCI:33MHz:32-bit) 52:54:00:12:34:56
[    7.094273] e1000 0000:00:03.0 eth0: Intel(R) PRO/1000 Network Connection
[    7.095734] e1000e: Intel(R) PRO/1000 Network Driver
[    7.096637] e1000e: Copyright(c) 1999 - 2015 Intel Corporation.
[    7.097851] igb: Intel(R) Gigabit Ethernet Network Driver
[    7.098814] igb: Copyright (c) 2007-2014 Intel Corporation.
[    7.100028] PPP generic driver version 2.4.2
[    7.101534] VFIO - User Level meta-driver version: 0.3
[    7.102648] ehci_hcd: USB 2.0 'Enhanced' Host Controller (EHCI) Driver
[    7.103819] ehci-pci: EHCI PCI platform driver
[    7.104787] ehci-platform: EHCI generic platform driver
[    7.105857] ohci_hcd: USB 1.1 'Open' Host Controller (OHCI) Driver
[    7.106995] ohci-pci: OHCI PCI platform driver
[    7.107874] ohci-platform: OHCI generic platform driver
[    7.108862] uhci_hcd: USB Universal Host Controller Interface driver
[    7.110917] usbcore: registered new interface driver uas
[    7.112044] usbcore: registered new interface driver usb-storage
[    7.113446] i8042: PNP: PS/2 Controller [PNP0303:KBD,PNP0f13:MOU] at 0x60,0x64 irq 1,12
[    7.116534] serio: i8042 KBD port at 0x60,0x64 irq 1
[    7.117465] serio: i8042 AUX port at 0x60,0x64 irq 12
[    7.119598] mousedev: PS/2 mouse device common for all mice
[    7.122668] input: AT Translated Set 2 keyboard as /devices/platform/i8042/serio0/input/input1
[    7.125924] input: VirtualPS/2 VMware VMMouse as /devices/platform/i8042/serio1/input/input4
[    7.128507] input: VirtualPS/2 VMware VMMouse as /devices/platform/i8042/serio1/input/input3
[    7.130160] rtc_cmos 00:05: RTC can wake from S4
[    7.133306] rtc_cmos 00:05: registered as rtc0
[    7.134332] rtc_cmos 00:05: setting system clock to 2023-01-03T03:05:55 UTC (1672715155)
[    7.136330] rtc_cmos 00:05: alarms up to one day, y3k, 242 bytes nvram, hpet irqs
[    7.138011] i2c_dev: i2c /dev entries driver
[    7.139576] device-mapper: core: CONFIG_IMA_DISABLE_HTABLE is disabled. Duplicate IMA measurements will not be recorded in the IMA log.
[    7.142332] device-mapper: uevent: version 1.0.3
[    7.143658] device-mapper: ioctl: 4.47.0-ioctl (2022-07-28) initialised: dm-devel@redhat.com
[    7.145369] intel_pstate: CPU model not supported
[    7.146513] sdhci: Secure Digital Host Controller Interface driver
[    7.148021] sdhci: Copyright(c) Pierre Ossman
[    7.149056] sdhci-pltfm: SDHCI platform and OF driver helper
[    7.150426] ledtrig-cpu: registered to indicate activity on CPUs
[    7.152372] drop_monitor: Initializing network drop monitor service
[    7.154718] NET: Registered PF_INET6 protocol family
[    7.160174] Segment Routing with IPv6
[    7.160997] In-situ OAM (IOAM) with IPv6
[    7.161895] NET: Registered PF_PACKET protocol family
[    7.163588] 9pnet: Installing 9P2000 support
[    7.164580] Key type dns_resolver registered
[    7.167150] IPI shorthand broadcast: enabled
[    7.168173] sched_clock: Marking stable (7129642078, 36823378)->(7252857313, -86391857)
[    7.171108] registered taskstats version 1
[    7.172384] Loading compiled-in X.509 certificates
[    7.174135] zswap: loaded using pool lzo/zbud
[    7.176501] Key type ._fscrypt registered
[    7.177298] Key type .fscrypt registered
[    7.178092] Key type fscrypt-provisioning registered
[    7.181508] Key type encrypted registered
[    7.182420] ima: No TPM chip found, activating TPM-bypass!
[    7.183478] ima: Allocated hash algorithm: sha1
[    7.184420] ima: No architecture policies found
[    7.185491] evm: Initialising EVM extended attributes:
[    7.186451] evm: security.selinux
[    7.187063] evm: security.SMACK64
[    7.187667] evm: security.SMACK64EXEC
[    7.188338] evm: security.SMACK64TRANSMUTE
[    7.189078] evm: security.SMACK64MMAP
[    7.189761] evm: security.apparmor
[    7.190383] evm: security.ima
[    7.190927] evm: security.capability
[    7.191575] evm: HMAC attrs: 0x1
[    7.202952] PM:   Magic number: 7:22:57
[    7.204745] RAS: Correctable Errors collector initialized.
[    7.207553] md: Waiting for all devices to be available before autodetect
[    7.208444] md: If you don't use raid, use raid=noautodetect
[    7.209179] md: Autodetecting RAID arrays.
[    7.209791] md: autorun ...
[    7.210171] md: ... autorun DONE.
[    7.229477] EXT4-fs (sda): mounted filesystem with ordered data mode. Quota mode: none.
[    7.230788] VFS: Mounted root (ext4 filesystem) readonly on device 8:0.
[    7.235995] devtmpfs: mounted
[    7.247443] Freeing unused decrypted memory: 2036K
[    7.253500] Freeing unused kernel image (initmem) memory: 3644K
[    7.254429] Write protecting the kernel read-only data: 43008k
[    7.261621] Freeing unused kernel image (text/rodata gap) memory: 2028K
[    7.263041] Freeing unused kernel image (rodata/data gap) memory: 136K
[    7.443966] x86/mm: Checked W+X mappings: passed, no W+X pages found.
[    7.444831] Run /sbin/init as init process
[    7.697751] systemd[1]: RTC configured in localtime, applying delta of 0 minutes to system time.
[    7.746110] systemd[1]: systemd 239 (239-49.el8) running in system mode. (+PAM +AUDIT +SELINUX +IMA -APPARMOR +SMACK +SYSVINIT +UTMP +LIBCRYPTSETUP +GCRYPT +GNUTLS +ACL +XZ +LZ4 +SECCOMP +BLKID +ELFUTILS +KMOD +IDN2 -IDN +PCRE2 default-hierarchy=legacy)
[    7.749136] systemd[1]: Detected virtualization kvm.
[    7.749766] systemd[1]: Detected architecture x86-64.

Welcome to [0;31mCentOS Stream 8[0m!

[    7.772004] systemd[1]: Set hostname to <test>.
[    9.709932] random: crng init done
[    9.963721] systemd[1]: Listening on RPCbind Server Activation Socket.
[[0;32m  OK  [0m] Listening on RPCbind Server Activation Socket.
[    9.969954] systemd[1]: Created slice system-getty.slice.
[[0;32m  OK  [0m] Created slice system-getty.slice.
[    9.972954] systemd[1]: Created slice system-sshd\x2dkeygen.slice.
[[0;32m  OK  [0m] Created slice system-sshd\x2dkeygen.slice.
[    9.975145] systemd[1]: Listening on initctl Compatibility Named Pipe.
[[0;32m  OK  [0m] Listening on initctl Compatibility Named Pipe.
[    9.977567] systemd[1]: Listening on Journal Socket.
[[0;32m  OK  [0m] Listening on Journal Socket.
[   10.002227] systemd[1]: Mounting Kernel Debug File System...
         Mounting Kernel Debug File System...
[[0;32m  OK  [0m] Listening on udev Control Socket.
         Mounting POSIX Message Queue File System...
[[0;32m  OK  [0m] Reached target Swap.
[[0;32m  OK  [0m] Reached target RPC Port Mapper.
[[0;32m  OK  [0m] Listening on udev Kernel Socket.
         Starting udev Coldplug all Devices...
         Starting Remount Root and Kernel File Systems...
[[0;32m  OK  [0m] Listening on Process Core Dump Socket.
         Mounting Huge Pages File System...
[[0;32m  OK  [0m] Listening on LVM2 poll daemon socket.
[[0;32m  OK  [0m] Listening on Journal Socket (/dev/log).
         Starting Load Kernel Modules...
[[0;32m  OK  [0m] Created slice User and Session Slice.
[[0;32m  OK  [0m] Reached target Slices.
[[0;32m  OK  [0m] Listening on multipathd control socket.
[[0;32m  OK  [0m] Listening on Device-mapper event daemon FIFOs.
         Starting Monitoring of LVM2 mirrorsâ€¦ng dmeventd or progress polling...
         Starting Setup Virtual Console...
         Starting Journal Service...
[[0;32m  OK  [0m] Created slice system-serial\x2dgetty.slice.
[[0;32m  OK  [0m] Started Forward Password Requests to Wall Directory Watch.
[[0;32m  OK  [0m] Set up automount Arbitrary Executabâ€¦rmats File System Automount Point.
[   10.494449] EXT4-fs (sda): re-mounted. Quota mode: none.
[[0;32m  OK  [0m] Mounted Kernel Debug File System.
[[0;32m  OK  [0m] Started Journal Service.
[[0;32m  OK  [0m] Mounted POSIX Message Queue File System.
[[0;32m  OK  [0m] Started Remount Root and Kernel File Systems.
[[0;32m  OK  [0m] Mounted Huge Pages File System.
[[0;1;31mFAILED[0m] Failed to start Load Kernel Modules.
See 'systemctl status systemd-modules-load.service' for details.
         Mounting Kernel Configuration File System...
         Mounting FUSE Control File System...
         Starting Apply Kernel Variables...
         Starting Load/Save Random Seed...
         Starting Create Static Device Nodes in /dev...
         Starting Flush Journal to Persistent Storage...
[[0;32m  OK  [0m] Mounted Kernel Configuration File System.
[[0;32m  OK  [0m] Mounted FUSE Control File System.
[[0;32m  OK  [0m] Started Apply Kernel Variables.
[[0;32m  OK  [0m] Started Load/Save Random Seed.
[[0;32m  OK  [0m] Started Create Static Device Nodes in /dev.
[[0;32m  OK  [0m] Started Setup Virtual Console.
         Starting udev Kernel Device Manager...
[[0;32m  OK  [0m] Started udev Coldplug all Devices.
[[0;32m  OK  [0m] Started Flush Journal to Persistent Storage.
         Starting udev Wait for Complete Device Initialization...
[[0;32m  OK  [0m] Started udev Kernel Device Manager.
         Starting Show Plymouth Boot Screen...
[[0;32m  OK  [0m] Started Show Plymouth Boot Screen.
[[0;32m  OK  [0m] Started Forward Password Requests to Plymouth Directory Watch.
[[0;32m  OK  [0m] Reached target Local Encrypted Volumes.
[[0;32m  OK  [0m] Reached target Paths.
[[0;32m  OK  [0m] Found device /dev/ttyS0.
[[0;32m  OK  [0m] Started Monitoring of LVM2 mirrors,â€¦sing dmeventd or progress polling.
[[0;32m  OK  [0m] Listening on Load/Save RF Kill Switch Status /dev/rfkill Watch.
[[0;32m  OK  [0m] Started udev Wait for Complete Device Initialization.
[[0;32m  OK  [0m] Reached target Local File Systems (Pre).
[[0;32m  OK  [0m] Reached target Local File Systems.
         Starting Tell Plymouth To Write Out Runtime Data...
         Starting Restore /run/initramfs on shutdown...
         Starting Create Volatile Files and Directories...
[[0;32m  OK  [0m] Started Tell Plymouth To Write Out Runtime Data.
[[0;32m  OK  [0m] Started Restore /run/initramfs on shutdown.
[[0;32m  OK  [0m] Started Create Volatile Files and Directories.
         Starting Security Auditing Service...
         Mounting RPC Pipe File System...
         Starting RPC Bind...
[[0;32m  OK  [0m] Mounted RPC Pipe File System.
[[0;32m  OK  [0m] Reached target rpc_pipefs.target.
[[0;32m  OK  [0m] Started RPC Bind.
[[0;32m  OK  [0m] Started Security Auditing Service.
         Starting Update UTMP about System Boot/Shutdown...
[[0;32m  OK  [0m] Started Update UTMP about System Boot/Shutdown.
[[0;32m  OK  [0m] Reached target System Initialization.
[[0;32m  OK  [0m] Started Daily Cleanup of Temporary Directories.
[[0;32m  OK  [0m] Started dnf makecache --timer.
[[0;32m  OK  [0m] Started daily update of the root trust anchor for DNSSEC.
[[0;32m  OK  [0m] Reached target Timers.
[[0;32m  OK  [0m] Listening on D-Bus System Message Bus Socket.
[[0;32m  OK  [0m] Listening on SSSD Kerberos Cache Manager responder socket.
[[0;32m  OK  [0m] Reached target Sockets.
[[0;32m  OK  [0m] Reached target Basic System.
[[0;32m  OK  [0m] Started D-Bus System Message Bus.
         Starting Self Monitoring and Reporting Technology (SMART) Daemon...
         Starting Auto-connect to subsystemsâ€¦-NVME devices found during boot...
         Starting Login Service...
[[0;32m  OK  [0m] Started irqbalance daemon.
         Starting NTP client/server...
         Starting Authorization Manager...
         Starting Network Manager...
[[0;32m  OK  [0m] Reached target sshd-keygen.target.
[[0;32m  OK  [0m] Started Machine Check Exception Logging Daemon.
[[0;32m  OK  [0m] Started Self Monitoring and Reporting Technology (SMART) Daemon.
[[0;32m  OK  [0m] Started Auto-connect to subsystems â€¦FC-NVME devices found during boot.
         Starting update of the root trust aâ€¦or DNSSEC validation in unbound...
[[0;32m  OK  [0m] Started Login Service.
[[0;32m  OK  [0m] Started Network Manager.
[[0;32m  OK  [0m] Reached target Network.
         Starting Dynamic System Tuning Daemon...
         Starting GSSAPI Proxy Daemon...
         Starting OpenSSH server daemon...
         Starting Network Manager Wait Online...
[[0;32m  OK  [0m] Started update of the root trust anâ€¦ for DNSSEC validation in unbound.
[[0;32m  OK  [0m] Started NTP client/server.
[[0;32m  OK  [0m] Started GSSAPI Proxy Daemon.
[[0;32m  OK  [0m] Reached target NFS client services.
[[0;32m  OK  [0m] Reached target Remote File Systems (Pre).
[[0;32m  OK  [0m] Reached target Remote File Systems.
         Starting Permit User Sessions...
         Starting Hostname Service...
[[0;32m  OK  [0m] Started OpenSSH server daemon.
[[0;32m  OK  [0m] Started Authorization Manager.
[[0;32m  OK  [0m] Started Permit User Sessions.
         Starting Terminate Plymouth Boot Screen...
[[0;32m  OK  [0m] Started Command Scheduler.
         Starting Hold until boot process finishes up...
[[0;32m  OK  [0m] Started Terminate Plymouth Boot Screen.
[[0;32m  OK  [0m] Started Hold until boot process finishes up.
[   14.266716] e1000: eth0 NIC Link is Up 1000 Mbps Full Duplex, Flow Control: RX
[   14.268566] IPv6: ADDRCONF(NETDEV_CHANGE): eth0: link becomes ready
[   14.858701] Spectre V2 : WARNING: Unprivileged eBPF is enabled with eIBRS on, data leaks possible via Spectre v2 BHB attacks!
[   14.860383] Spectre V2 : WARNING: Unprivileged eBPF is enabled with eIBRS on, data leaks possible via Spectre v2 BHB attacks!

CentOS Stream 8
Kernel 5.19.0-526942b8134c+ on an x86_64

test login: [   29.139370] sg_write: data in/out 131036/42 bytes for SCSI command 0xff-- guessing data in;
[   29.139370]    program repro not setting count and/or reply_len properly
[   29.146376] sg_write: data in/out 131036/42 bytes for SCSI command 0xff-- guessing data in;
[   29.146376]    program repro not setting count and/or reply_len properly
[   29.153058] sg_write: data in/out 131036/42 bytes for SCSI command 0xff-- guessing data in;
[   29.153058]    program repro not setting count and/or reply_len properly
[   29.159410] sg_write: data in/out 131036/42 bytes for SCSI command 0xff-- guessing data in;
[   29.159410]    program repro not setting count and/or reply_len properly
[   29.166769] sg_write: data in/out 131036/42 bytes for SCSI command 0xff-- guessing data in;
[   29.166769]    program repro not setting count and/or reply_len properly
[   29.173639] sg_write: data in/out 131036/42 bytes for SCSI command 0xff-- guessing data in;
[   29.173639]    program repro not setting count and/or reply_len properly
[   29.180329] sg_write: data in/out 131036/42 bytes for SCSI command 0xff-- guessing data in;
[   29.180329]    program repro not setting count and/or reply_len properly
[   29.187409] sg_write: data in/out 131036/42 bytes for SCSI command 0xff-- guessing data in;
[   29.187409]    program repro not setting count and/or reply_len properly
[   29.195060] sg_write: data in/out 131036/42 bytes for SCSI command 0xff-- guessing data in;
[   29.195060]    program repro not setting count and/or reply_len properly
[   29.203100] sg_write: data in/out 131036/42 bytes for SCSI command 0xff-- guessing data in;
[   29.203100]    program repro not setting count and/or reply_len properly
[   34.139282] sg_write: 913 callbacks suppressed
[   34.139304] sg_write: data in/out 131036/42 bytes for SCSI command 0xff-- guessing data in;
[   34.139304]    program repro not setting count and/or reply_len properly
[   34.149629] sg_write: data in/out 131036/42 bytes for SCSI command 0xff-- guessing data in;
[   34.149629]    program repro not setting count and/or reply_len properly
[   34.159360] sg_write: data in/out 131036/42 bytes for SCSI command 0xff-- guessing data in;
[   34.159360]    program repro not setting count and/or reply_len properly
[   34.167436] sg_write: data in/out 131036/42 bytes for SCSI command 0xff-- guessing data in;
[   34.167436]    program repro not setting count and/or reply_len properly
[   34.175540] sg_write: data in/out 131036/42 bytes for SCSI command 0xff-- guessing data in;
[   34.175540]    program repro not setting count and/or reply_len properly
[   34.183335] sg_write: data in/out 131036/42 bytes for SCSI command 0xff-- guessing data in;
[   34.183335]    program repro not setting count and/or reply_len properly
[   34.192035] sg_write: data in/out 131036/42 bytes for SCSI command 0xff-- guessing data in;
[   34.192035]    program repro not setting count and/or reply_len properly
[   34.200301] sg_write: data in/out 131036/42 bytes for SCSI command 0xff-- guessing data in;
[   34.200301]    program repro not setting count and/or reply_len properly
[   34.208427] sg_write: data in/out 131036/42 bytes for SCSI command 0xff-- guessing data in;
[   34.208427]    program repro not setting count and/or reply_len properly
[   34.216779] sg_write: data in/out 131036/42 bytes for SCSI command 0xff-- guessing data in;
[   34.216779]    program repro not setting count and/or reply_len properly
[   39.142153] sg_write: 898 callbacks suppressed
[   39.142170] sg_write: data in/out 131036/42 bytes for SCSI command 0xff-- guessing data in;
[   39.142170]    program repro not setting count and/or reply_len properly
[   39.150253] sg_write: data in/out 131036/42 bytes for SCSI command 0xff-- guessing data in;
[   39.150253]    program repro not setting count and/or reply_len properly
[   39.157229] sg_write: data in/out 131036/42 bytes for SCSI command 0xff-- guessing data in;
[   39.157229]    program repro not setting count and/or reply_len properly
[   39.165085] sg_write: data in/out 131036/42 bytes for SCSI command 0xff-- guessing data in;
[   39.165085]    program repro not setting count and/or reply_len properly
[   39.173652] sg_write: data in/out 131036/42 bytes for SCSI command 0xff-- guessing data in;
[   39.173652]    program repro not setting count and/or reply_len properly
[   39.183396] sg_write: data in/out 131036/42 bytes for SCSI command 0xff-- guessing data in;
[   39.183396]    program repro not setting count and/or reply_len properly
[   39.191864] sg_write: data in/out 131036/42 bytes for SCSI command 0xff-- guessing data in;
[   39.191864]    program repro not setting count and/or reply_len properly
[   39.200503] sg_write: data in/out 131036/42 bytes for SCSI command 0xff-- guessing data in;
[   39.200503]    program repro not setting count and/or reply_len properly
[   39.208828] sg_write: data in/out 131036/42 bytes for SCSI command 0xff-- guessing data in;
[   39.208828]    program repro not setting count and/or reply_len properly
[   39.218005] sg_write: data in/out 131036/42 bytes for SCSI command 0xff-- guessing data in;
[   39.218005]    program repro not setting count and/or reply_len properly
[   44.148231] sg_write: 843 callbacks suppressed
[   44.148245] sg_write: data in/out 131036/42 bytes for SCSI command 0xff-- guessing data in;
[   44.148245]    program repro not setting count and/or reply_len properly
[   44.154929] sg_write: data in/out 131036/42 bytes for SCSI command 0xff-- guessing data in;
[   44.154929]    program repro not setting count and/or reply_len properly
[   44.161115] sg_write: data in/out 131036/42 bytes for SCSI command 0xff-- guessing data in;
[   44.161115]    program repro not setting count and/or reply_len properly
[   44.169207] sg_write: data in/out 131036/42 bytes for SCSI command 0xff-- guessing data in;
[   44.169207]    program repro not setting count and/or reply_len properly
[   44.176138] sg_write: data in/out 131036/42 bytes for SCSI command 0xff-- guessing data in;
[   44.176138]    program repro not setting count and/or reply_len properly
[   44.183203] sg_write: data in/out 131036/42 bytes for SCSI command 0xff-- guessing data in;
[   44.183203]    program repro not setting count and/or reply_len properly
[   44.189902] sg_write: data in/out 131036/42 bytes for SCSI command 0xff-- guessing data in;
[   44.189902]    program repro not setting count and/or reply_len properly
[   44.195287] sg_write: data in/out 131036/42 bytes for SCSI command 0xff-- guessing data in;
[   44.195287]    program repro not setting count and/or reply_len properly
[   44.200581] sg_write: data in/out 131036/42 bytes for SCSI command 0xff-- guessing data in;
[   44.200581]    program repro not setting count and/or reply_len properly
[   44.206312] sg_write: data in/out 131036/42 bytes for SCSI command 0xff-- guessing data in;
[   44.206312]    program repro not setting count and/or reply_len properly
[   49.152098] sg_write: 794 callbacks suppressed
[   49.152115] sg_write: data in/out 131036/42 bytes for SCSI command 0xff-- guessing data in;
[   49.152115]    program repro not setting count and/or reply_len properly
[   49.160052] sg_write: data in/out 131036/42 bytes for SCSI command 0xff-- guessing data in;
[   49.160052]    program repro not setting count and/or reply_len properly
[   49.166634] sg_write: data in/out 131036/42 bytes for SCSI command 0xff-- guessing data in;
[   49.166634]    program repro not setting count and/or reply_len properly
[   49.173204] sg_write: data in/out 131036/42 bytes for SCSI command 0xff-- guessing data in;
[   49.173204]    program repro not setting count and/or reply_len properly
[   49.181251] sg_write: data in/out 131036/42 bytes for SCSI command 0xff-- guessing data in;
[   49.181251]    program repro not setting count and/or reply_len properly
[   49.189124] sg_write: data in/out 131036/42 bytes for SCSI command 0xff-- guessing data in;
[   49.189124]    program repro not setting count and/or reply_len properly
[   49.195761] sg_write: data in/out 131036/42 bytes for SCSI command 0xff-- guessing data in;
[   49.195761]    program repro not setting count and/or reply_len properly
[   49.202674] sg_write: data in/out 131036/42 bytes for SCSI command 0xff-- guessing data in;
[   49.202674]    program repro not setting count and/or reply_len properly
[   49.209301] sg_write: data in/out 131036/42 bytes for SCSI command 0xff-- guessing data in;
[   49.209301]    program repro not setting count and/or reply_len properly
[   49.217227] sg_write: data in/out 131036/42 bytes for SCSI command 0xff-- guessing data in;
[   49.217227]    program repro not setting count and/or reply_len properly
[   54.154639] sg_write: 926 callbacks suppressed
[   54.154659] sg_write: data in/out 131036/42 bytes for SCSI command 0xff-- guessing data in;
[   54.154659]    program repro not setting count and/or reply_len properly
[   54.164377] sg_write: data in/out 131036/42 bytes for SCSI command 0xff-- guessing data in;
[   54.164377]    program repro not setting count and/or reply_len properly
[   54.171339] sg_write: data in/out 131036/42 bytes for SCSI command 0xff-- guessing data in;
[   54.171339]    program repro not setting count and/or reply_len properly
[   54.180252] sg_write: data in/out 131036/42 bytes for SCSI command 0xff-- guessing data in;
[   54.180252]    program repro not setting count and/or reply_len properly
[   54.188666] sg_write: data in/out 131036/42 bytes for SCSI command 0xff-- guessing data in;
[   54.188666]    program repro not setting count and/or reply_len properly
[   54.197267] sg_write: data in/out 131036/42 bytes for SCSI command 0xff-- guessing data in;
[   54.197267]    program repro not setting count and/or reply_len properly
[   54.206042] sg_write: data in/out 131036/42 bytes for SCSI command 0xff-- guessing data in;
[   54.206042]    program repro not setting count and/or reply_len properly
[   54.214457] sg_write: data in/out 131036/42 bytes for SCSI command 0xff-- guessing data in;
[   54.214457]    program repro not setting count and/or reply_len properly
[   54.223413] sg_write: data in/out 131036/42 bytes for SCSI command 0xff-- guessing data in;
[   54.223413]    program repro not setting count and/or reply_len properly
[   54.232799] sg_write: data in/out 131036/42 bytes for SCSI command 0xff-- guessing data in;
[   54.232799]    program repro not setting count and/or reply_len properly
[   59.158329] sg_write: 905 callbacks suppressed
[   59.158347] sg_write: data in/out 131036/42 bytes for SCSI command 0xff-- guessing data in;
[   59.158347]    program repro not setting count and/or reply_len properly
[   59.167093] sg_write: data in/out 131036/42 bytes for SCSI command 0xff-- guessing data in;
[   59.167093]    program repro not setting count and/or reply_len properly
[   59.175624] sg_write: data in/out 131036/42 bytes for SCSI command 0xff-- guessing data in;
[   59.175624]    program repro not setting count and/or reply_len properly
[   59.183600] sg_write: data in/out 131036/42 bytes for SCSI command 0xff-- guessing data in;
[   59.183600]    program repro not setting count and/or reply_len properly
[   59.191865] sg_write: data in/out 131036/42 bytes for SCSI command 0xff-- guessing data in;
[   59.191865]    program repro not setting count and/or reply_len properly
[   59.199951] sg_write: data in/out 131036/42 bytes for SCSI command 0xff-- guessing data in;
[   59.199951]    program repro not setting count and/or reply_len properly
[   59.206915] sg_write: data in/out 131036/42 bytes for SCSI command 0xff-- guessing data in;
[   59.206915]    program repro not setting count and/or reply_len properly
[   59.213340] sg_write: data in/out 131036/42 bytes for SCSI command 0xff-- guessing data in;
[   59.213340]    program repro not setting count and/or reply_len properly
[   59.220124] sg_write: data in/out 131036/42 bytes for SCSI command 0xff-- guessing data in;
[   59.220124]    program repro not setting count and/or reply_len properly
[   59.226017] sg_write: data in/out 131036/42 bytes for SCSI command 0xff-- guessing data in;
[   59.226017]    program repro not setting count and/or reply_len properly
[   64.166296] sg_write: 903 callbacks suppressed
[   64.166310] sg_write: data in/out 131036/42 bytes for SCSI command 0xff-- guessing data in;
[   64.166310]    program repro not setting count and/or reply_len properly
[   64.174167] sg_write: data in/out 131036/42 bytes for SCSI command 0xff-- guessing data in;
[   64.174167]    program repro not setting count and/or reply_len properly
[   64.181848] sg_write: data in/out 131036/42 bytes for SCSI command 0xff-- guessing data in;
[   64.181848]    program repro not setting count and/or reply_len properly
[   64.187702] sg_write: data in/out 131036/42 bytes for SCSI command 0xff-- guessing data in;
[   64.187702]    program repro not setting count and/or reply_len properly
[   64.193818] sg_write: data in/out 131036/42 bytes for SCSI command 0xff-- guessing data in;
[   64.193818]    program repro not setting count and/or reply_len properly
[   64.200123] sg_write: data in/out 131036/42 bytes for SCSI command 0xff-- guessing data in;
[   64.200123]    program repro not setting count and/or reply_len properly
[   64.208003] sg_write: data in/out 131036/42 bytes for SCSI command 0xff-- guessing data in;
[   64.208003]    program repro not setting count and/or reply_len properly
[   64.215670] sg_write: data in/out 131036/42 bytes for SCSI command 0xff-- guessing data in;
[   64.215670]    program repro not setting count and/or reply_len properly
[   64.223398] sg_write: data in/out 131036/42 bytes for SCSI command 0xff-- guessing data in;
[   64.223398]    program repro not setting count and/or reply_len properly
[   64.229626] sg_write: data in/out 131036/42 bytes for SCSI command 0xff-- guessing data in;
[   64.229626]    program repro not setting count and/or reply_len properly
[   69.170892] sg_write: 961 callbacks suppressed
[   69.170907] sg_write: data in/out 131036/42 bytes for SCSI command 0xff-- guessing data in;
[   69.170907]    program repro not setting count and/or reply_len properly
[   69.177064] sg_write: data in/out 131036/42 bytes for SCSI command 0xff-- guessing data in;
[   69.177064]    program repro not setting count and/or reply_len properly
[   69.182829] sg_write: data in/out 131036/42 bytes for SCSI command 0xff-- guessing data in;
[   69.182829]    program repro not setting count and/or reply_len properly
[   69.187756] sg_write: data in/out 131036/42 bytes for SCSI command 0xff-- guessing data in;
[   69.187756]    program repro not setting count and/or reply_len properly
[   69.192329] sg_write: data in/out 131036/42 bytes for SCSI command 0xff-- guessing data in;
[   69.192329]    program repro not setting count and/or reply_len properly
[   69.197402] sg_write: data in/out 131036/42 bytes for SCSI command 0xff-- guessing data in;
[   69.197402]    program repro not setting count and/or reply_len properly
[   69.202367] sg_write: data in/out 131036/42 bytes for SCSI command 0xff-- guessing data in;
[   69.202367]    program repro not setting count and/or reply_len properly
[   69.207405] sg_write: data in/out 131036/42 bytes for SCSI command 0xff-- guessing data in;
[   69.207405]    program repro not setting count and/or reply_len properly
[   69.212754] sg_write: data in/out 131036/42 bytes for SCSI command 0xff-- guessing data in;
[   69.212754]    program repro not setting count and/or reply_len properly
[   69.218414] sg_write: data in/out 131036/42 bytes for SCSI command 0xff-- guessing data in;
[   69.218414]    program repro not setting count and/or reply_len properly
[   74.176268] sg_write: 1006 callbacks suppressed
[   74.176282] sg_write: data in/out 131036/42 bytes for SCSI command 0xff-- guessing data in;
[   74.176282]    program repro not setting count and/or reply_len properly
[   74.183425] sg_write: data in/out 131036/42 bytes for SCSI command 0xff-- guessing data in;
[   74.183425]    program repro not setting count and/or reply_len properly
[   74.190543] sg_write: data in/out 131036/42 bytes for SCSI command 0xff-- guessing data in;
[   74.190543]    program repro not setting count and/or reply_len properly
[   74.196370] sg_write: data in/out 131036/42 bytes for SCSI command 0xff-- guessing data in;
[   74.196370]    program repro not setting count and/or reply_len properly
[   74.202776] sg_write: data in/out 131036/42 bytes for SCSI command 0xff-- guessing data in;
[   74.202776]    program repro not setting count and/or reply_len properly
[   74.210091] sg_write: data in/out 131036/42 bytes for SCSI command 0xff-- guessing data in;
[   74.210091]    program repro not setting count and/or reply_len properly
[   74.217351] sg_write: data in/out 131036/42 bytes for SCSI command 0xff-- guessing data in;
[   74.217351]    program repro not setting count and/or reply_len properly
[   74.223226] sg_write: data in/out 131036/42 bytes for SCSI command 0xff-- guessing data in;
[   74.223226]    program repro not setting count and/or reply_len properly
[   74.228369] sg_write: data in/out 131036/42 bytes for SCSI command 0xff-- guessing data in;
[   74.228369]    program repro not setting count and/or reply_len properly
[   74.233605] sg_write: data in/out 131036/42 bytes for SCSI command 0xff-- guessing data in;
[   74.233605]    program repro not setting count and/or reply_len properly
[   79.179823] sg_write: 913 callbacks suppressed
[   79.179861] sg_write: data in/out 131036/42 bytes for SCSI command 0xff-- guessing data in;
[   79.179861]    program repro not setting count and/or reply_len properly
[   79.186663] sg_write: data in/out 131036/42 bytes for SCSI command 0xff-- guessing data in;
[   79.186663]    program repro not setting count and/or reply_len properly
[   79.191903] sg_write: data in/out 131036/42 bytes for SCSI command 0xff-- guessing data in;
[   79.191903]    program repro not setting count and/or reply_len properly
[   79.197267] sg_write: data in/out 131036/42 bytes for SCSI command 0xff-- guessing data in;
[   79.197267]    program repro not setting count and/or reply_len properly
[   79.203042] sg_write: data in/out 131036/42 bytes for SCSI command 0xff-- guessing data in;
[   79.203042]    program repro not setting count and/or reply_len properly
[   79.209048] sg_write: data in/out 131036/42 bytes for SCSI command 0xff-- guessing data in;
[   79.209048]    program repro not setting count and/or reply_len properly
[   79.214622] sg_write: data in/out 131036/42 bytes for SCSI command 0xff-- guessing data in;
[   79.214622]    program repro not setting count and/or reply_len properly
[   79.220279] sg_write: data in/out 131036/42 bytes for SCSI command 0xff-- guessing data in;
[   79.220279]    program repro not setting count and/or reply_len properly
[   79.226026] sg_write: data in/out 131036/42 bytes for SCSI command 0xff-- guessing data in;
[   79.226026]    program repro not setting count and/or reply_len properly
[   79.232092] sg_write: data in/out 131036/42 bytes for SCSI command 0xff-- guessing data in;
[   79.232092]    program repro not setting count and/or reply_len properly
[   84.187223] sg_write: 979 callbacks suppressed
[   84.187240] sg_write: data in/out 131036/42 bytes for SCSI command 0xff-- guessing data in;
[   84.187240]    program repro not setting count and/or reply_len properly
[   84.195257] sg_write: data in/out 131036/42 bytes for SCSI command 0xff-- guessing data in;
[   84.195257]    program repro not setting count and/or reply_len properly
[   84.203489] sg_write: data in/out 131036/42 bytes for SCSI command 0xff-- guessing data in;
[   84.203489]    program repro not setting count and/or reply_len properly
[   84.211538] sg_write: data in/out 131036/42 bytes for SCSI command 0xff-- guessing data in;
[   84.211538]    program repro not setting count and/or reply_len properly
[   84.221236] sg_write: data in/out 131036/42 bytes for SCSI command 0xff-- guessing data in;
[   84.221236]    program repro not setting count and/or reply_len properly
[   84.229530] sg_write: data in/out 131036/42 bytes for SCSI command 0xff-- guessing data in;
[   84.229530]    program repro not setting count and/or reply_len properly
[   84.238047] sg_write: data in/out 131036/42 bytes for SCSI command 0xff-- guessing data in;
[   84.238047]    program repro not setting count and/or reply_len properly
[   84.246353] sg_write: data in/out 131036/42 bytes for SCSI command 0xff-- guessing data in;
[   84.246353]    program repro not setting count and/or reply_len properly
[   84.254563] sg_write: data in/out 131036/42 bytes for SCSI command 0xff-- guessing data in;
[   84.254563]    program repro not setting count and/or reply_len properly
[   84.263072] sg_write: data in/out 131036/42 bytes for SCSI command 0xff-- guessing data in;
[   84.263072]    program repro not setting count and/or reply_len properly
[   89.194854] sg_write: 874 callbacks suppressed
[   89.194872] sg_write: data in/out 131036/42 bytes for SCSI command 0xff-- guessing data in;
[   89.194872]    program repro not setting count and/or reply_len properly
[   89.204792] sg_write: data in/out 131036/42 bytes for SCSI command 0xff-- guessing data in;
[   89.204792]    program repro not setting count and/or reply_len properly
[   89.214251] sg_write: data in/out 131036/42 bytes for SCSI command 0xff-- guessing data in;
[   89.214251]    program repro not setting count and/or reply_len properly
[   89.222800] sg_write: data in/out 131036/42 bytes for SCSI command 0xff-- guessing data in;
[   89.222800]    program repro not setting count and/or reply_len properly
[   89.231320] sg_write: data in/out 131036/42 bytes for SCSI command 0xff-- guessing data in;
[   89.231320]    program repro not setting count and/or reply_len properly
[   89.240336] sg_write: data in/out 131036/42 bytes for SCSI command 0xff-- guessing data in;
[   89.240336]    program repro not setting count and/or reply_len properly
[   89.248620] sg_write: data in/out 131036/42 bytes for SCSI command 0xff-- guessing data in;
[   89.248620]    program repro not setting count and/or reply_len properly
[   89.256639] sg_write: data in/out 131036/42 bytes for SCSI command 0xff-- guessing data in;
[   89.256639]    program repro not setting count and/or reply_len properly
[   89.263507] sg_write: data in/out 131036/42 bytes for SCSI command 0xff-- guessing data in;
[   89.263507]    program repro not setting count and/or reply_len properly
[   89.270985] sg_write: data in/out 131036/42 bytes for SCSI command 0xff-- guessing data in;
[   89.270985]    program repro not setting count and/or reply_len properly
[   94.202292] sg_write: 832 callbacks suppressed
[   94.202310] sg_write: data in/out 131036/42 bytes for SCSI command 0xff-- guessing data in;
[   94.202310]    program repro not setting count and/or reply_len properly
[   94.210822] sg_write: data in/out 131036/42 bytes for SCSI command 0xff-- guessing data in;
[   94.210822]    program repro not setting count and/or reply_len properly
[   94.219300] sg_write: data in/out 131036/42 bytes for SCSI command 0xff-- guessing data in;
[   94.219300]    program repro not setting count and/or reply_len properly
[   94.227966] sg_write: data in/out 131036/42 bytes for SCSI command 0xff-- guessing data in;
[   94.227966]    program repro not setting count and/or reply_len properly
[   94.236279] sg_write: data in/out 131036/42 bytes for SCSI command 0xff-- guessing data in;
[   94.236279]    program repro not setting count and/or reply_len properly
[   94.244628] sg_write: data in/out 131036/42 bytes for SCSI command 0xff-- guessing data in;
[   94.244628]    program repro not setting count and/or reply_len properly
[   94.252932] sg_write: data in/out 131036/42 bytes for SCSI command 0xff-- guessing data in;
[   94.252932]    program repro not setting count and/or reply_len properly
[   94.261584] sg_write: data in/out 131036/42 bytes for SCSI command 0xff-- guessing data in;
[   94.261584]    program repro not setting count and/or reply_len properly
[   94.270753] sg_write: data in/out 131036/42 bytes for SCSI command 0xff-- guessing data in;
[   94.270753]    program repro not setting count and/or reply_len properly
[   94.279760] sg_write: data in/out 131036/42 bytes for SCSI command 0xff-- guessing data in;
[   94.279760]    program repro not setting count and/or reply_len properly
[   99.208069] sg_write: 871 callbacks suppressed
[   99.208087] sg_write: data in/out 131036/42 bytes for SCSI command 0xff-- guessing data in;
[   99.208087]    program repro not setting count and/or reply_len properly
[   99.215582] sg_write: data in/out 131036/42 bytes for SCSI command 0xff-- guessing data in;
[   99.215582]    program repro not setting count and/or reply_len properly
[   99.222698] sg_write: data in/out 131036/42 bytes for SCSI command 0xff-- guessing data in;
[   99.222698]    program repro not setting count and/or reply_len properly
[   99.229119] sg_write: data in/out 131036/42 bytes for SCSI command 0xff-- guessing data in;
[   99.229119]    program repro not setting count and/or reply_len properly
[   99.236560] sg_write: data in/out 131036/42 bytes for SCSI command 0xff-- guessing data in;
[   99.236560]    program repro not setting count and/or reply_len properly
[   99.243557] sg_write: data in/out 131036/42 bytes for SCSI command 0xff-- guessing data in;
[   99.243557]    program repro not setting count and/or reply_len properly
[   99.250668] sg_write: data in/out 131036/42 bytes for SCSI command 0xff-- guessing data in;
[   99.250668]    program repro not setting count and/or reply_len properly
[   99.258793] sg_write: data in/out 131036/42 bytes for SCSI command 0xff-- guessing data in;
[   99.258793]    program repro not setting count and/or reply_len properly
[   99.266297] sg_write: data in/out 131036/42 bytes for SCSI command 0xff-- guessing data in;
[   99.266297]    program repro not setting count and/or reply_len properly
[   99.271792] sg_write: data in/out 131036/42 bytes for SCSI command 0xff-- guessing data in;
[   99.271792]    program repro not setting count and/or reply_len properly
[  104.215281] sg_write: 901 callbacks suppressed
[  104.215304] sg_write: data in/out 131036/42 bytes for SCSI command 0xff-- guessing data in;
[  104.215304]    program repro not setting count and/or reply_len properly
[  104.225128] sg_write: data in/out 131036/42 bytes for SCSI command 0xff-- guessing data in;
[  104.225128]    program repro not setting count and/or reply_len properly
[  104.234188] sg_write: data in/out 131036/42 bytes for SCSI command 0xff-- guessing data in;
[  104.234188]    program repro not setting count and/or reply_len properly
[  104.243402] sg_write: data in/out 131036/42 bytes for SCSI command 0xff-- guessing data in;
[  104.243402]    program repro not setting count and/or reply_len properly
[  104.252077] sg_write: data in/out 131036/42 bytes for SCSI command 0xff-- guessing data in;
[  104.252077]    program repro not setting count and/or reply_len properly
[  104.260290] sg_write: data in/out 131036/42 bytes for SCSI command 0xff-- guessing data in;
[  104.260290]    program repro not setting count and/or reply_len properly
[  104.268301] sg_write: data in/out 131036/42 bytes for SCSI command 0xff-- guessing data in;
[  104.268301]    program repro not setting count and/or reply_len properly
[  104.276505] sg_write: data in/out 131036/42 bytes for SCSI command 0xff-- guessing data in;
[  104.276505]    program repro not setting count and/or reply_len properly
[  104.285005] sg_write: data in/out 131036/42 bytes for SCSI command 0xff-- guessing data in;
[  104.285005]    program repro not setting count and/or reply_len properly
[  104.291209] sg_write: data in/out 131036/42 bytes for SCSI command 0xff-- guessing data in;
[  104.291209]    program repro not setting count and/or reply_len properly
[  109.219371] sg_write: 887 callbacks suppressed
[  109.219387] sg_write: data in/out 131036/42 bytes for SCSI command 0xff-- guessing data in;
[  109.219387]    program repro not setting count and/or reply_len properly
[  109.227221] sg_write: data in/out 131036/42 bytes for SCSI command 0xff-- guessing data in;
[  109.227221]    program repro not setting count and/or reply_len properly
[  109.234162] sg_write: data in/out 131036/42 bytes for SCSI command 0xff-- guessing data in;
[  109.234162]    program repro not setting count and/or reply_len properly
[  109.241382] sg_write: data in/out 131036/42 bytes for SCSI command 0xff-- guessing data in;
[  109.241382]    program repro not setting count and/or reply_len properly
[  109.248418] sg_write: data in/out 131036/42 bytes for SCSI command 0xff-- guessing data in;
[  109.248418]    program repro not setting count and/or reply_len properly
[  109.254394] sg_write: data in/out 131036/42 bytes for SCSI command 0xff-- guessing data in;
[  109.254394]    program repro not setting count and/or reply_len properly
[  109.260831] sg_write: data in/out 131036/42 bytes for SCSI command 0xff-- guessing data in;
[  109.260831]    program repro not setting count and/or reply_len properly
[  109.267396] sg_write: data in/out 131036/42 bytes for SCSI command 0xff-- guessing data in;
[  109.267396]    program repro not setting count and/or reply_len properly
[  109.274725] sg_write: data in/out 131036/42 bytes for SCSI command 0xff-- guessing data in;
[  109.274725]    program repro not setting count and/or reply_len properly
[  109.280836] sg_write: data in/out 131036/42 bytes for SCSI command 0xff-- guessing data in;
[  109.280836]    program repro not setting count and/or reply_len properly
[  114.225595] sg_write: 884 callbacks suppressed
[  114.225612] sg_write: data in/out 131036/42 bytes for SCSI command 0xff-- guessing data in;
[  114.225612]    program repro not setting count and/or reply_len properly
[  114.232718] sg_write: data in/out 131036/42 bytes for SCSI command 0xff-- guessing data in;
[  114.232718]    program repro not setting count and/or reply_len properly
[  114.238079] sg_write: data in/out 131036/42 bytes for SCSI command 0xff-- guessing data in;
[  114.238079]    program repro not setting count and/or reply_len properly
[  114.243374] sg_write: data in/out 131036/42 bytes for SCSI command 0xff-- guessing data in;
[  114.243374]    program repro not setting count and/or reply_len properly
[  114.248647] sg_write: data in/out 131036/42 bytes for SCSI command 0xff-- guessing data in;
[  114.248647]    program repro not setting count and/or reply_len properly
[  114.254042] sg_write: data in/out 131036/42 bytes for SCSI command 0xff-- guessing data in;
[  114.254042]    program repro not setting count and/or reply_len properly
[  114.259662] sg_write: data in/out 131036/42 bytes for SCSI command 0xff-- guessing data in;
[  114.259662]    program repro not setting count and/or reply_len properly
[  114.265820] sg_write: data in/out 131036/42 bytes for SCSI command 0xff-- guessing data in;
[  114.265820]    program repro not setting count and/or reply_len properly
[  114.271206] sg_write: data in/out 131036/42 bytes for SCSI command 0xff-- guessing data in;
[  114.271206]    program repro not setting count and/or reply_len properly
[  114.276568] sg_write: data in/out 131036/42 bytes for SCSI command 0xff-- guessing data in;
[  114.276568]    program repro not setting count and/or reply_len properly
[  119.228521] sg_write: 846 callbacks suppressed
[  119.228539] sg_write: data in/out 131036/42 bytes for SCSI command 0xff-- guessing data in;
[  119.228539]    program repro not setting count and/or reply_len properly
[  119.238131] sg_write: data in/out 131036/42 bytes for SCSI command 0xff-- guessing data in;
[  119.238131]    program repro not setting count and/or reply_len properly
[  119.246999] sg_write: data in/out 131036/42 bytes for SCSI command 0xff-- guessing data in;
[  119.246999]    program repro not setting count and/or reply_len properly
[  119.255697] sg_write: data in/out 131036/42 bytes for SCSI command 0xff-- guessing data in;
[  119.255697]    program repro not setting count and/or reply_len properly
[  119.264573] sg_write: data in/out 131036/42 bytes for SCSI command 0xff-- guessing data in;
[  119.264573]    program repro not setting count and/or reply_len properly
[  119.272819] sg_write: data in/out 131036/42 bytes for SCSI command 0xff-- guessing data in;
[  119.272819]    program repro not setting count and/or reply_len properly
[  119.281329] sg_write: data in/out 131036/42 bytes for SCSI command 0xff-- guessing data in;
[  119.281329]    program repro not setting count and/or reply_len properly
[  119.290789] sg_write: data in/out 131036/42 bytes for SCSI command 0xff-- guessing data in;
[  119.290789]    program repro not setting count and/or reply_len properly
[  119.299488] sg_write: data in/out 131036/42 bytes for SCSI command 0xff-- guessing data in;
[  119.299488]    program repro not setting count and/or reply_len properly
[  119.308390] sg_write: data in/out 131036/42 bytes for SCSI command 0xff-- guessing data in;
[  119.308390]    program repro not setting count and/or reply_len properly
[  124.233289] sg_write: 824 callbacks suppressed
[  124.233305] sg_write: data in/out 131036/42 bytes for SCSI command 0xff-- guessing data in;
[  124.233305]    program repro not setting count and/or reply_len properly
[  124.240058] sg_write: data in/out 131036/42 bytes for SCSI command 0xff-- guessing data in;
[  124.240058]    program repro not setting count and/or reply_len properly
[  124.246424] sg_write: data in/out 131036/42 bytes for SCSI command 0xff-- guessing data in;
[  124.246424]    program repro not setting count and/or reply_len properly
[  124.253210] sg_write: data in/out 131036/42 bytes for SCSI command 0xff-- guessing data in;
[  124.253210]    program repro not setting count and/or reply_len properly
[  124.259987] sg_write: data in/out 131036/42 bytes for SCSI command 0xff-- guessing data in;
[  124.259987]    program repro not setting count and/or reply_len properly
[  124.266547] sg_write: data in/out 131036/42 bytes for SCSI command 0xff-- guessing data in;
[  124.266547]    program repro not setting count and/or reply_len properly
[  124.273260] sg_write: data in/out 131036/42 bytes for SCSI command 0xff-- guessing data in;
[  124.273260]    program repro not setting count and/or reply_len properly
[  124.280209] sg_write: data in/out 131036/42 bytes for SCSI command 0xff-- guessing data in;
[  124.280209]    program repro not setting count and/or reply_len properly
[  124.286626] sg_write: data in/out 131036/42 bytes for SCSI command 0xff-- guessing data in;
[  124.286626]    program repro not setting count and/or reply_len properly
[  124.293052] sg_write: data in/out 131036/42 bytes for SCSI command 0xff-- guessing data in;
[  124.293052]    program repro not setting count and/or reply_len properly
[  129.239794] sg_write: 847 callbacks suppressed
[  129.239819] sg_write: data in/out 131036/42 bytes for SCSI command 0xff-- guessing data in;
[  129.239819]    program repro not setting count and/or reply_len properly
[  129.249516] sg_write: data in/out 131036/42 bytes for SCSI command 0xff-- guessing data in;
[  129.249516]    program repro not setting count and/or reply_len properly
[  129.259172] sg_write: data in/out 131036/42 bytes for SCSI command 0xff-- guessing data in;
[  129.259172]    program repro not setting count and/or reply_len properly
[  129.268074] sg_write: data in/out 131036/42 bytes for SCSI command 0xff-- guessing data in;
[  129.268074]    program repro not setting count and/or reply_len properly
[  129.277194] sg_write: data in/out 131036/42 bytes for SCSI command 0xff-- guessing data in;
[  129.277194]    program repro not setting count and/or reply_len properly
[  129.286347] sg_write: data in/out 131036/42 bytes for SCSI command 0xff-- guessing data in;
[  129.286347]    program repro not setting count and/or reply_len properly
[  129.294428] sg_write: data in/out 131036/42 bytes for SCSI command 0xff-- guessing data in;
[  129.294428]    program repro not setting count and/or reply_len properly
[  129.301595] sg_write: data in/out 131036/42 bytes for SCSI command 0xff-- guessing data in;
[  129.301595]    program repro not setting count and/or reply_len properly
[  129.309195] sg_write: data in/out 131036/42 bytes for SCSI command 0xff-- guessing data in;
[  129.309195]    program repro not setting count and/or reply_len properly
[  129.317182] sg_write: data in/out 131036/42 bytes for SCSI command 0xff-- guessing data in;
[  129.317182]    program repro not setting count and/or reply_len properly
[  134.246074] sg_write: 761 callbacks suppressed
[  134.246093] sg_write: data in/out 131036/42 bytes for SCSI command 0xff-- guessing data in;
[  134.246093]    program repro not setting count and/or reply_len properly
[  134.255630] sg_write: data in/out 131036/42 bytes for SCSI command 0xff-- guessing data in;
[  134.255630]    program repro not setting count and/or reply_len properly
[  134.263022] sg_write: data in/out 131036/42 bytes for SCSI command 0xff-- guessing data in;
[  134.263022]    program repro not setting count and/or reply_len properly
[  134.271816] sg_write: data in/out 131036/42 bytes for SCSI command 0xff-- guessing data in;
[  134.271816]    program repro not setting count and/or reply_len properly
[  134.281564] sg_write: data in/out 131036/42 bytes for SCSI command 0xff-- guessing data in;
[  134.281564]    program repro not setting count and/or reply_len properly
[  134.291066] sg_write: data in/out 131036/42 bytes for SCSI command 0xff-- guessing data in;
[  134.291066]    program repro not setting count and/or reply_len properly
[  134.300439] sg_write: data in/out 131036/42 bytes for SCSI command 0xff-- guessing data in;
[  134.300439]    program repro not setting count and/or reply_len properly
[  134.309349] sg_write: data in/out 131036/42 bytes for SCSI command 0xff-- guessing data in;
[  134.309349]    program repro not setting count and/or reply_len properly
[  134.316998] sg_write: data in/out 131036/42 bytes for SCSI command 0xff-- guessing data in;
[  134.316998]    program repro not setting count and/or reply_len properly
[  134.325141] sg_write: data in/out 131036/42 bytes for SCSI command 0xff-- guessing data in;
[  134.325141]    program repro not setting count and/or reply_len properly
[  139.255282] sg_write: 781 callbacks suppressed
[  139.255303] sg_write: data in/out 131036/42 bytes for SCSI command 0xff-- guessing data in;
[  139.255303]    program repro not setting count and/or reply_len properly
[  139.265248] sg_write: data in/out 131036/42 bytes for SCSI command 0xff-- guessing data in;
[  139.265248]    program repro not setting count and/or reply_len properly
[  139.274335] sg_write: data in/out 131036/42 bytes for SCSI command 0xff-- guessing data in;
[  139.274335]    program repro not setting count and/or reply_len properly
[  139.283381] sg_write: data in/out 131036/42 bytes for SCSI command 0xff-- guessing data in;
[  139.283381]    program repro not setting count and/or reply_len properly
[  139.291634] sg_write: data in/out 131036/42 bytes for SCSI command 0xff-- guessing data in;
[  139.291634]    program repro not setting count and/or reply_len properly
[  139.300495] sg_write: data in/out 131036/42 bytes for SCSI command 0xff-- guessing data in;
[  139.300495]    program repro not setting count and/or reply_len properly
[  139.310415] sg_write: data in/out 131036/42 bytes for SCSI command 0xff-- guessing data in;
[  139.310415]    program repro not setting count and/or reply_len properly
[  139.320134] sg_write: data in/out 131036/42 bytes for SCSI command 0xff-- guessing data in;
[  139.320134]    program repro not setting count and/or reply_len properly
[  139.328858] sg_write: data in/out 131036/42 bytes for SCSI command 0xff-- guessing data in;
[  139.328858]    program repro not setting count and/or reply_len properly
[  139.337469] sg_write: data in/out 131036/42 bytes for SCSI command 0xff-- guessing data in;
[  139.337469]    program repro not setting count and/or reply_len properly
[  144.260925] sg_write: 811 callbacks suppressed
[  144.260945] sg_write: data in/out 131036/42 bytes for SCSI command 0xff-- guessing data in;
[  144.260945]    program repro not setting count and/or reply_len properly
[  144.270019] sg_write: data in/out 131036/42 bytes for SCSI command 0xff-- guessing data in;
[  144.270019]    program repro not setting count and/or reply_len properly
[  144.279343] sg_write: data in/out 131036/42 bytes for SCSI command 0xff-- guessing data in;
[  144.279343]    program repro not setting count and/or reply_len properly
[  144.289056] sg_write: data in/out 131036/42 bytes for SCSI command 0xff-- guessing data in;
[  144.289056]    program repro not setting count and/or reply_len properly
[  144.298207] sg_write: data in/out 131036/42 bytes for SCSI command 0xff-- guessing data in;
[  144.298207]    program repro not setting count and/or reply_len properly
[  144.307064] sg_write: data in/out 131036/42 bytes for SCSI command 0xff-- guessing data in;
[  144.307064]    program repro not setting count and/or reply_len properly
[  144.316546] sg_write: data in/out 131036/42 bytes for SCSI command 0xff-- guessing data in;
[  144.316546]    program repro not setting count and/or reply_len properly
[  144.325647] sg_write: data in/out 131036/42 bytes for SCSI command 0xff-- guessing data in;
[  144.325647]    program repro not setting count and/or reply_len properly
[  144.332797] sg_write: data in/out 131036/42 bytes for SCSI command 0xff-- guessing data in;
[  144.332797]    program repro not setting count and/or reply_len properly
[  144.340274] sg_write: data in/out 131036/42 bytes for SCSI command 0xff-- guessing data in;
[  144.340274]    program repro not setting count and/or reply_len properly
[  149.264001] sg_write: 798 callbacks suppressed
[  149.264038] sg_write: data in/out 131036/42 bytes for SCSI command 0xff-- guessing data in;
[  149.264038]    program repro not setting count and/or reply_len properly
[  149.271139] sg_write: data in/out 131036/42 bytes for SCSI command 0xff-- guessing data in;
[  149.271139]    program repro not setting count and/or reply_len properly
[  149.277392] sg_write: data in/out 131036/42 bytes for SCSI command 0xff-- guessing data in;
[  149.277392]    program repro not setting count and/or reply_len properly
[  149.283920] sg_write: data in/out 131036/42 bytes for SCSI command 0xff-- guessing data in;
[  149.283920]    program repro not setting count and/or reply_len properly
[  149.290386] sg_write: data in/out 131036/42 bytes for SCSI command 0xff-- guessing data in;
[  149.290386]    program repro not setting count and/or reply_len properly
[  149.296808] sg_write: data in/out 131036/42 bytes for SCSI command 0xff-- guessing data in;
[  149.296808]    program repro not setting count and/or reply_len properly
[  149.303482] sg_write: data in/out 131036/42 bytes for SCSI command 0xff-- guessing data in;
[  149.303482]    program repro not setting count and/or reply_len properly
[  149.310212] sg_write: data in/out 131036/42 bytes for SCSI command 0xff-- guessing data in;
[  149.310212]    program repro not setting count and/or reply_len properly
[  149.317321] sg_write: data in/out 131036/42 bytes for SCSI command 0xff-- guessing data in;
[  149.317321]    program repro not setting count and/or reply_len properly
[  149.325249] sg_write: data in/out 131036/42 bytes for SCSI command 0xff-- guessing data in;
[  149.325249]    program repro not setting count and/or reply_len properly
[  154.269032] sg_write: 836 callbacks suppressed
[  154.269051] sg_write: data in/out 131036/42 bytes for SCSI command 0xff-- guessing data in;
[  154.269051]    program repro not setting count and/or reply_len properly
[  154.277736] sg_write: data in/out 131036/42 bytes for SCSI command 0xff-- guessing data in;
[  154.277736]    program repro not setting count and/or reply_len properly
[  154.285272] sg_write: data in/out 131036/42 bytes for SCSI command 0xff-- guessing data in;
[  154.285272]    program repro not setting count and/or reply_len properly
[  154.293316] sg_write: data in/out 131036/42 bytes for SCSI command 0xff-- guessing data in;
[  154.293316]    program repro not setting count and/or reply_len properly
[  154.302387] sg_write: data in/out 131036/42 bytes for SCSI command 0xff-- guessing data in;
[  154.302387]    program repro not setting count and/or reply_len properly
[  154.311340] sg_write: data in/out 131036/42 bytes for SCSI command 0xff-- guessing data in;
[  154.311340]    program repro not setting count and/or reply_len properly
[  154.321666] sg_write: data in/out 131036/42 bytes for SCSI command 0xff-- guessing data in;
[  154.321666]    program repro not setting count and/or reply_len properly
[  154.330927] sg_write: data in/out 131036/42 bytes for SCSI command 0xff-- guessing data in;
[  154.330927]    program repro not setting count and/or reply_len properly
[  154.340326] sg_write: data in/out 131036/42 bytes for SCSI command 0xff-- guessing data in;
[  154.340326]    program repro not setting count and/or reply_len properly
[  154.350503] sg_write: data in/out 131036/42 bytes for SCSI command 0xff-- guessing data in;
[  154.350503]    program repro not setting count and/or reply_len properly
[  159.270664] sg_write: 811 callbacks suppressed
[  159.270684] sg_write: data in/out 131036/42 bytes for SCSI command 0xff-- guessing data in;
[  159.270684]    program repro not setting count and/or reply_len properly
[  159.280513] sg_write: data in/out 131036/42 bytes for SCSI command 0xff-- guessing data in;
[  159.280513]    program repro not setting count and/or reply_len properly
[  159.289864] sg_write: data in/out 131036/42 bytes for SCSI command 0xff-- guessing data in;
[  159.289864]    program repro not setting count and/or reply_len properly
[  159.299484] sg_write: data in/out 131036/42 bytes for SCSI command 0xff-- guessing data in;
[  159.299484]    program repro not setting count and/or reply_len properly
[  159.310875] sg_write: data in/out 131036/42 bytes for SCSI command 0xff-- guessing data in;
[  159.310875]    program repro not setting count and/or reply_len properly
[  159.320216] sg_write: data in/out 131036/42 bytes for SCSI command 0xff-- guessing data in;
[  159.320216]    program repro not setting count and/or reply_len properly
[  159.329642] sg_write: data in/out 131036/42 bytes for SCSI command 0xff-- guessing data in;
[  159.329642]    program repro not setting count and/or reply_len properly
[  159.339551] sg_write: data in/out 131036/42 bytes for SCSI command 0xff-- guessing data in;
[  159.339551]    program repro not setting count and/or reply_len properly
[  159.349551] sg_write: data in/out 131036/42 bytes for SCSI command 0xff-- guessing data in;
[  159.349551]    program repro not setting count and/or reply_len properly
[  159.360005] sg_write: data in/out 131036/42 bytes for SCSI command 0xff-- guessing data in;
[  159.360005]    program repro not setting count and/or reply_len properly
[  164.277280] sg_write: 785 callbacks suppressed
[  164.277296] sg_write: data in/out 131036/42 bytes for SCSI command 0xff-- guessing data in;
[  164.277296]    program repro not setting count and/or reply_len properly
[  164.285197] sg_write: data in/out 131036/42 bytes for SCSI command 0xff-- guessing data in;
[  164.285197]    program repro not setting count and/or reply_len properly
[  164.292623] sg_write: data in/out 131036/42 bytes for SCSI command 0xff-- guessing data in;
[  164.292623]    program repro not setting count and/or reply_len properly
[  164.299723] sg_write: data in/out 131036/42 bytes for SCSI command 0xff-- guessing data in;
[  164.299723]    program repro not setting count and/or reply_len properly
[  164.306734] sg_write: data in/out 131036/42 bytes for SCSI command 0xff-- guessing data in;
[  164.306734]    program repro not setting count and/or reply_len properly
[  164.314961] sg_write: data in/out 131036/42 bytes for SCSI command 0xff-- guessing data in;
[  164.314961]    program repro not setting count and/or reply_len properly
[  164.321986] sg_write: data in/out 131036/42 bytes for SCSI command 0xff-- guessing data in;
[  164.321986]    program repro not setting count and/or reply_len properly
[  164.328873] sg_write: data in/out 131036/42 bytes for SCSI command 0xff-- guessing data in;
[  164.328873]    program repro not setting count and/or reply_len properly
[  164.336084] sg_write: data in/out 131036/42 bytes for SCSI command 0xff-- guessing data in;
[  164.336084]    program repro not setting count and/or reply_len properly
[  164.343413] sg_write: data in/out 131036/42 bytes for SCSI command 0xff-- guessing data in;
[  164.343413]    program repro not setting count and/or reply_len properly
[  169.281949] sg_write: 800 callbacks suppressed
[  169.281972] sg_write: data in/out 131036/42 bytes for SCSI command 0xff-- guessing data in;
[  169.281972]    program repro not setting count and/or reply_len properly
[  169.291795] sg_write: data in/out 131036/42 bytes for SCSI command 0xff-- guessing data in;
[  169.291795]    program repro not setting count and/or reply_len properly
[  169.298801] sg_write: data in/out 131036/42 bytes for SCSI command 0xff-- guessing data in;
[  169.298801]    program repro not setting count and/or reply_len properly
[  169.305155] sg_write: data in/out 131036/42 bytes for SCSI command 0xff-- guessing data in;
[  169.305155]    program repro not setting count and/or reply_len properly
[  169.312376] sg_write: data in/out 131036/42 bytes for SCSI command 0xff-- guessing data in;
[  169.312376]    program repro not setting count and/or reply_len properly
[  169.318580] sg_write: data in/out 131036/42 bytes for SCSI command 0xff-- guessing data in;
[  169.318580]    program repro not setting count and/or reply_len properly
[  169.324598] sg_write: data in/out 131036/42 bytes for SCSI command 0xff-- guessing data in;
[  169.324598]    program repro not setting count and/or reply_len properly
[  169.331504] sg_write: data in/out 131036/42 bytes for SCSI command 0xff-- guessing data in;
[  169.331504]    program repro not setting count and/or reply_len properly
[  169.337877] sg_write: data in/out 131036/42 bytes for SCSI command 0xff-- guessing data in;
[  169.337877]    program repro not setting count and/or reply_len properly
[  169.344288] sg_write: data in/out 131036/42 bytes for SCSI command 0xff-- guessing data in;
[  169.344288]    program repro not setting count and/or reply_len properly
[  174.287811] sg_write: 877 callbacks suppressed
[  174.287833] sg_write: data in/out 131036/42 bytes for SCSI command 0xff-- guessing data in;
[  174.287833]    program repro not setting count and/or reply_len properly
[  174.299144] sg_write: data in/out 131036/42 bytes for SCSI command 0xff-- guessing data in;
[  174.299144]    program repro not setting count and/or reply_len properly
[  174.308756] sg_write: data in/out 131036/42 bytes for SCSI command 0xff-- guessing data in;
[  174.308756]    program repro not setting count and/or reply_len properly
[  174.318398] sg_write: data in/out 131036/42 bytes for SCSI command 0xff-- guessing data in;
[  174.318398]    program repro not setting count and/or reply_len properly
[  174.325967] sg_write: data in/out 131036/42 bytes for SCSI command 0xff-- guessing data in;
[  174.325967]    program repro not setting count and/or reply_len properly
[  174.332334] sg_write: data in/out 131036/42 bytes for SCSI command 0xff-- guessing data in;
[  174.332334]    program repro not setting count and/or reply_len properly
[  174.339726] sg_write: data in/out 131036/42 bytes for SCSI command 0xff-- guessing data in;
[  174.339726]    program repro not setting count and/or reply_len properly
[  174.348427] sg_write: data in/out 131036/42 bytes for SCSI command 0xff-- guessing data in;
[  174.348427]    program repro not setting count and/or reply_len properly
[  174.355920] sg_write: data in/out 131036/42 bytes for SCSI command 0xff-- guessing data in;
[  174.355920]    program repro not setting count and/or reply_len properly
[  174.363637] sg_write: data in/out 131036/42 bytes for SCSI command 0xff-- guessing data in;
[  174.363637]    program repro not setting count and/or reply_len properly
