c[?7l[2J[0mSeaBIOS (version rel-1.14.0-0-g155821a1990b-prebuilt.qemu.org)


iPXE (http://ipxe.org) 00:03.0 CA00 PCI2.10 PnP PMM+7FF8F030+7FEEF030 CA00
Press Ctrl-B to configure iPXE (PCI 00:03.0)...                                                                               


Booting from ROM...
c[?7l[2J[    0.000000] Linux version 6.2.0-rc2-88603b6dc419-a41dad905e5a-revert+ (root@p-rplp02) (gcc (GCC) 8.5.0 20210514 (Red Hat 8.5.0-17), GNU ld version 2.36.1-2.el8) #1 SMP PREEMPT_DYNAMIC Tue Jan  3 20:40:01 CST 2023
[    0.000000] Command line: console=ttyS0 root=/dev/sda earlyprintk=serial net.ifnames=0
[    0.000000] KERNEL supported cpus:
[    0.000000]   Intel GenuineIntel
[    0.000000]   AMD AuthenticAMD
[    0.000000]   Hygon HygonGenuine
[    0.000000]   Centaur CentaurHauls
[    0.000000]   zhaoxin   Shanghai  
[    0.000000] x86/fpu: Supporting XSAVE feature 0x001: 'x87 floating point registers'
[    0.000000] x86/fpu: Supporting XSAVE feature 0x002: 'SSE registers'
[    0.000000] x86/fpu: Supporting XSAVE feature 0x004: 'AVX registers'
[    0.000000] x86/fpu: Supporting XSAVE feature 0x200: 'Protection Keys User registers'
[    0.000000] x86/fpu: xstate_offset[2]:  576, xstate_sizes[2]:  256
[    0.000000] x86/fpu: xstate_offset[9]:  832, xstate_sizes[9]:    8
[    0.000000] x86/fpu: Enabled xstate features 0x207, context size is 840 bytes, using 'compacted' format.
[    0.000000] signal: max sigframe size: 3632
[    0.000000] BIOS-provided physical RAM map:
[    0.000000] BIOS-e820: [mem 0x0000000000000000-0x000000000009fbff] usable
[    0.000000] BIOS-e820: [mem 0x000000000009fc00-0x000000000009ffff] reserved
[    0.000000] BIOS-e820: [mem 0x00000000000f0000-0x00000000000fffff] reserved
[    0.000000] BIOS-e820: [mem 0x0000000000100000-0x000000007ffdffff] usable
[    0.000000] BIOS-e820: [mem 0x000000007ffe0000-0x000000007fffffff] reserved
[    0.000000] BIOS-e820: [mem 0x00000000feffc000-0x00000000feffffff] reserved
[    0.000000] BIOS-e820: [mem 0x00000000fffc0000-0x00000000ffffffff] reserved
[    0.000000] printk: bootconsole [earlyser0] enabled
[    0.000000] NX (Execute Disable) protection: active
[    0.000000] SMBIOS 2.8 present.
[    0.000000] DMI: QEMU Standard PC (i440FX + PIIX, 1996), BIOS rel-1.14.0-0-g155821a1990b-prebuilt.qemu.org 04/01/2014
[    0.000000] Hypervisor detected: KVM
[    0.000000] kvm-clock: Using msrs 4b564d01 and 4b564d00
[    0.000006] kvm-clock: using sched offset of 529541265 cycles
[    0.000768] clocksource: kvm-clock: mask: 0xffffffffffffffff max_cycles: 0x1cd42e4dffb, max_idle_ns: 881590591483 ns
[    0.003149] tsc: Detected 1881.600 MHz processor
[    0.010187] last_pfn = 0x7ffe0 max_arch_pfn = 0x400000000
[    0.011247] x86/PAT: Configuration [0-7]: WB  WC  UC- UC  WB  WP  UC- WT  
[    0.020757] found SMP MP-table at [mem 0x000f5a90-0x000f5a9f]
[    0.022009] Using GB pages for direct mapping
[    0.024832] ACPI: Early table checksum verification disabled
[    0.025864] ACPI: RSDP 0x00000000000F5870 000014 (v00 BOCHS )
[    0.026791] ACPI: RSDT 0x000000007FFE1959 000034 (v01 BOCHS  BXPC     00000001 BXPC 00000001)
[    0.028198] ACPI: FACP 0x000000007FFE1805 000074 (v01 BOCHS  BXPC     00000001 BXPC 00000001)
[    0.029584] ACPI: DSDT 0x000000007FFE0040 0017C5 (v01 BOCHS  BXPC     00000001 BXPC 00000001)
[    0.030930] ACPI: FACS 0x000000007FFE0000 000040
[    0.031673] ACPI: APIC 0x000000007FFE1879 000080 (v01 BOCHS  BXPC     00000001 BXPC 00000001)
[    0.032998] ACPI: HPET 0x000000007FFE18F9 000038 (v01 BOCHS  BXPC     00000001 BXPC 00000001)
[    0.034325] ACPI: WAET 0x000000007FFE1931 000028 (v01 BOCHS  BXPC     00000001 BXPC 00000001)
[    0.035670] ACPI: Reserving FACP table memory at [mem 0x7ffe1805-0x7ffe1878]
[    0.036754] ACPI: Reserving DSDT table memory at [mem 0x7ffe0040-0x7ffe1804]
[    0.037838] ACPI: Reserving FACS table memory at [mem 0x7ffe0000-0x7ffe003f]
[    0.038921] ACPI: Reserving APIC table memory at [mem 0x7ffe1879-0x7ffe18f8]
[    0.040020] ACPI: Reserving HPET table memory at [mem 0x7ffe18f9-0x7ffe1930]
[    0.041125] ACPI: Reserving WAET table memory at [mem 0x7ffe1931-0x7ffe1958]
[    0.043579] No NUMA configuration found
[    0.044191] Faking a node at [mem 0x0000000000000000-0x000000007ffdffff]
[    0.045329] NODE_DATA(0) allocated [mem 0x7ffb5000-0x7ffdffff]
[    0.049782] Zone ranges:
[    0.050206]   DMA      [mem 0x0000000000001000-0x0000000000ffffff]
[    0.051176]   DMA32    [mem 0x0000000001000000-0x000000007ffdffff]
[    0.052140]   Normal   empty
[    0.052596]   Device   empty
[    0.053054] Movable zone start for each node
[    0.053727] Early memory node ranges
[    0.054288]   node   0: [mem 0x0000000000001000-0x000000000009efff]
[    0.055280]   node   0: [mem 0x0000000000100000-0x000000007ffdffff]
[    0.056263] Initmem setup node 0 [mem 0x0000000000001000-0x000000007ffdffff]
[    0.058028] On node 0, zone DMA: 1 pages in unavailable ranges
[    0.058437] On node 0, zone DMA: 97 pages in unavailable ranges
[    0.109950] On node 0, zone DMA32: 32 pages in unavailable ranges
[    0.111153] ACPI: PM-Timer IO Port: 0x608
[    0.112441] ACPI: LAPIC_NMI (acpi_id[0xff] dfl dfl lint[0x1])
[    0.113271] IOAPIC[0]: apic_id 0, version 17, address 0xfec00000, GSI 0-23
[    0.114146] ACPI: INT_SRC_OVR (bus 0 bus_irq 0 global_irq 2 dfl dfl)
[    0.114928] ACPI: INT_SRC_OVR (bus 0 bus_irq 5 global_irq 5 high level)
[    0.115759] ACPI: INT_SRC_OVR (bus 0 bus_irq 9 global_irq 9 high level)
[    0.116595] ACPI: INT_SRC_OVR (bus 0 bus_irq 10 global_irq 10 high level)
[    0.117442] ACPI: INT_SRC_OVR (bus 0 bus_irq 11 global_irq 11 high level)
[    0.118312] ACPI: Using ACPI (MADT) for SMP configuration information
[    0.119136] ACPI: HPET id: 0x8086a201 base: 0xfed00000
[    0.119829] TSC deadline timer available
[    0.120340] smpboot: Allowing 2 CPUs, 0 hotplug CPUs
[    0.121203] kvm-guest: KVM setup pv remote TLB flush
[    0.121876] kvm-guest: setup PV sched yield
[    0.122614] PM: hibernation: Registered nosave memory: [mem 0x00000000-0x00000fff]
[    0.123667] PM: hibernation: Registered nosave memory: [mem 0x0009f000-0x0009ffff]
[    0.124707] PM: hibernation: Registered nosave memory: [mem 0x000a0000-0x000effff]
[    0.125787] PM: hibernation: Registered nosave memory: [mem 0x000f0000-0x000fffff]
[    0.126908] [mem 0x80000000-0xfeffbfff] available for PCI devices
[    0.127831] Booting paravirtualized kernel on KVM
[    0.128660] clocksource: refined-jiffies: mask: 0xffffffff max_cycles: 0xffffffff, max_idle_ns: 7645519600211568 ns
[    0.130332] setup_percpu: NR_CPUS:8192 nr_cpumask_bits:2 nr_cpu_ids:2 nr_node_ids:1
[    0.135340] percpu: Embedded 64 pages/cpu s225280 r8192 d28672 u1048576
[    0.136353] kvm-guest: PV spinlocks enabled
[    0.136830] PV qspinlock hash table entries: 256 (order: 0, 4096 bytes, linear)
[    0.137719] Fallback order for Node 0: 0 
[    0.138212] Built 1 zonelists, mobility grouping on.  Total pages: 515808
[    0.139000] Policy zone: DMA32
[    0.139355] Kernel command line: net.ifnames=0 console=ttyS0 root=/dev/sda earlyprintk=serial net.ifnames=0
[    0.141376] random: crng init done
[    0.144946] Dentry cache hash table entries: 262144 (order: 9, 2097152 bytes, linear)
[    0.147100] Inode-cache hash table entries: 131072 (order: 8, 1048576 bytes, linear)
[    0.148306] mem auto-init: stack:off, heap alloc:off, heap free:off
[    0.152277] Memory: 1979232K/2096632K available (34816K kernel code, 4628K rwdata, 10000K rodata, 10168K init, 19784K bss, 117144K reserved, 0K cma-reserved)
[    0.154351] SLUB: HWalign=64, Order=0-3, MinObjects=0, CPUs=2, Nodes=1
[    0.155093] kmemleak: Kernel memory leak detector disabled
[    0.155856] ftrace: allocating 68224 entries in 267 pages
[    0.201108] ftrace: allocated 267 pages with 4 groups
[    0.205514] Dynamic Preempt: voluntary
[    0.206303] Running RCU self tests
[    0.206788] rcu: Preemptible hierarchical RCU implementation.
[    0.207476] rcu: 	RCU lockdep checking is enabled.
[    0.207994] rcu: 	RCU restricting CPUs from NR_CPUS=8192 to nr_cpu_ids=2.
[    0.208742] 	Trampoline variant of Tasks RCU enabled.
[    0.209291] 	Rude variant of Tasks RCU enabled.
[    0.209789] 	Tracing variant of Tasks RCU enabled.
[    0.210320] rcu: RCU calculated value of scheduler-enlistment delay is 25 jiffies.
[    0.211173] rcu: Adjusting geometry for rcu_fanout_leaf=16, nr_cpu_ids=2
[    0.241739] NR_IRQS: 524544, nr_irqs: 440, preallocated irqs: 16
[    0.243135] rcu: srcu_init: Setting srcu_struct sizes based on contention.
[    0.260144] Console: colour VGA+ 80x25
[    0.260917] printk: console [ttyS0] enabled
[    0.260917] printk: console [ttyS0] enabled
[    0.262287] printk: bootconsole [earlyser0] disabled
[    0.262287] printk: bootconsole [earlyser0] disabled
[    0.263881] Lock dependency validator: Copyright (c) 2006 Red Hat, Inc., Ingo Molnar
[    0.265126] ... MAX_LOCKDEP_SUBCLASSES:  8
[    0.265793] ... MAX_LOCK_DEPTH:          48
[    0.266480] ... MAX_LOCKDEP_KEYS:        8192
[    0.267190] ... CLASSHASH_SIZE:          4096
[    0.267902] ... MAX_LOCKDEP_ENTRIES:     32768
[    0.268625] ... MAX_LOCKDEP_CHAINS:      65536
[    0.269339] ... CHAINHASH_SIZE:          32768
[    0.270076]  memory used by lock dependency info: 6365 kB
[    0.270968]  memory used for stack traces: 4224 kB
[    0.271755]  per task-struct memory footprint: 1920 bytes
[    0.272694] ACPI: Core revision 20221020
[    0.273713] clocksource: hpet: mask: 0xffffffff max_cycles: 0xffffffff, max_idle_ns: 19112604467 ns
[    0.275474] APIC: Switch to symmetric I/O mode setup
[    0.276831] x2apic enabled
[    0.277812] Switched APIC routing to physical x2apic.
[    0.278650] kvm-guest: setup PV IPIs
[    0.281654] ..TIMER: vector=0x30 apic1=0 pin1=2 apic2=-1 pin2=-1
[    0.282694] clocksource: tsc-early: mask: 0xffffffffffffffff max_cycles: 0x363e8c91135, max_idle_ns: 881590568389 ns
[    0.284458] Calibrating delay loop (skipped) preset value.. 3763.20 BogoMIPS (lpj=7526400)
[    0.285808] pid_max: default: 32768 minimum: 301
[    0.286672] LSM: initializing lsm=capability,yama,integrity
[    0.288447] Yama: becoming mindful.
[    0.289313] Mount-cache hash table entries: 4096 (order: 3, 32768 bytes, linear)
[    0.290507] Mountpoint-cache hash table entries: 4096 (order: 3, 32768 bytes, linear)
[    0.293900] CPU0: Thermal monitoring enabled (TM1)
[    0.296649] x86/cpu: User Mode Instruction Prevention (UMIP) activated
[    0.301121] Last level iTLB entries: 4KB 0, 2MB 0, 4MB 0
[    0.302055] Last level dTLB entries: 4KB 0, 2MB 0, 4MB 0, 1GB 0
[    0.303051] Spectre V1 : Mitigation: usercopy/swapgs barriers and __user pointer sanitization
[    0.304451] Spectre V2 : WARNING: Unprivileged eBPF is enabled with eIBRS on, data leaks possible via Spectre v2 BHB attacks!
[    0.306093] Spectre V2 : Mitigation: Enhanced IBRS
[    0.306795] Spectre V2 : Spectre v2 / SpectreRSB mitigation: Filling RSB on context switch
[    0.308439] Spectre V2 : Spectre v2 / PBRSB-eIBRS: Retire a single CALL on VMEXIT
[    0.309538] Spectre V2 : mitigation: Enabling conditional Indirect Branch Prediction Barrier
[    0.310656] Speculative Store Bypass: Mitigation: Speculative Store Bypass disabled via prctl
[    0.311756] MMIO Stale Data: Unknown: No mitigations
[    0.439888] Freeing SMP alternatives memory: 56K
[    0.440996] smpboot: CPU0: Genuine Intel(R) 0000 (family: 0x6, model: 0xba, stepping: 0x2)
[    0.442420] cblist_init_generic: Setting adjustable number of callback queues.
[    0.443316] cblist_init_generic: Setting shift to 1 and lim to 1.
[    0.444135] cblist_init_generic: Setting shift to 1 and lim to 1.
[    0.444441] cblist_init_generic: Setting shift to 1 and lim to 1.
[    0.445221] Running RCU-tasks wait API self tests
[    0.548607] Performance Events: Alderlake Hybrid events, full-width counters, Intel PMU driver.
[    0.550784] core: cpu_core PMU driver: 
[    0.551406] ... version:                2
[    0.552050] ... bit width:              48
[    0.552443] ... generic registers:      6
[    0.553075] ... value mask:             0000ffffffffffff
[    0.553911] ... max period:             00007fffffffffff
[    0.554742] ... fixed-purpose events:   3
[    0.555366] ... event mask:             0001000f0000003f
[    0.556589] rcu: Hierarchical SRCU implementation.
[    0.557373] rcu: 	Max phase no-delay instances is 1000.
[    0.560502] Callback from call_rcu_tasks_trace() invoked.
[    0.561909] unchecked MSR access error: WRMSR to 0x38f (tried to write 0x0001000f0000003f) at rIP: 0xffffffff810dc91c (native_write_msr+0xc/0x30)
[    0.563970] Call Trace:
[    0.564342]  <TASK>
[    0.564431]  __intel_pmu_enable_all.constprop.46+0xb5/0x140
[    0.564431]  intel_pmu_enable_all+0x1e/0x30
[    0.564431]  x86_pmu_enable+0x46d/0x5a0
[    0.564431]  ? write_comp_data+0x2f/0x90
[    0.564431]  perf_pmu_enable+0x53/0x70
[    0.564431]  ctx_resched+0x14d/0x1e0
[    0.564431]  __perf_install_in_context+0x2f7/0x450
[    0.564431]  ? __pfx_remote_function+0x10/0x10
[    0.564431]  ? __pfx_remote_function+0x10/0x10
[    0.564431]  remote_function+0x80/0xa0
[    0.564431]  ? __pfx_remote_function+0x10/0x10
[    0.564431]  generic_exec_single+0x124/0x190
[    0.564431]  smp_call_function_single+0x11c/0x240
[    0.564431]  ? __pfx_remote_function+0x10/0x10
[    0.564431]  ? __sanitizer_cov_trace_pc+0x25/0x60
[    0.564431]  ? write_comp_data+0x2f/0x90
[    0.564431]  perf_install_in_context+0x2d8/0x300
[    0.564431]  ? __pfx___perf_install_in_context+0x10/0x10
[    0.564431]  perf_event_create_kernel_counter+0x284/0x2b0
[    0.564431]  ? __pfx_watchdog_overflow_callback+0x10/0x10
[    0.564431]  hardlockup_detector_event_create+0x46/0xd0
[    0.564431]  hardlockup_detector_perf_init+0x18/0x66
[    0.564431]  watchdog_nmi_probe+0x17/0x1d
[    0.564431]  lockup_detector_init+0x40/0xaf
[    0.564431]  kernel_init_freeable+0x264/0x422
[    0.564431]  ? __pfx_kernel_init+0x10/0x10
[    0.564431]  kernel_init+0x24/0x1e0
[    0.564431]  ? __pfx_kernel_init+0x10/0x10
[    0.564431]  ret_from_fork+0x29/0x50
[    0.564431]  </TASK>
[    0.564705] smp: Bringing up secondary CPUs ...
[    0.566041] x86: Booting SMP configuration:
[    0.566687] .... node  #0, CPUs:      #1
[    0.036203] smpboot: CPU 1 Converting physical 0 to logical die 1
[    0.572658] smp: Brought up 1 node, 2 CPUs
[    0.573204] smpboot: Max logical packages: 2
[    0.573844] smpboot: Total of 2 processors activated (7526.40 BogoMIPS)
[    0.585317] devtmpfs: initialized
[    0.585317] x86/mm: Memory block size: 128MB
[    0.589486] clocksource: jiffies: mask: 0xffffffff max_cycles: 0xffffffff, max_idle_ns: 7645041785100000 ns
[    0.590405] futex hash table entries: 512 (order: 4, 65536 bytes, linear)
[    0.592802] pinctrl core: initialized pinctrl subsystem
[    0.594230] 
[    0.594483] *************************************************************
[    0.595489] **     NOTICE NOTICE NOTICE NOTICE NOTICE NOTICE NOTICE    **
[    0.596440] **                                                         **
[    0.597451] **  IOMMU DebugFS SUPPORT HAS BEEN ENABLED IN THIS KERNEL  **
[    0.598426] **                                                         **
[    0.599401] ** This means that this kernel is built to expose internal **
[    0.600361] ** IOMMU data structures, which may compromise security on **
[    0.600443] ** your system.                                            **
[    0.601421] **                                                         **
[    0.602398] ** If you see this message and you are not debugging the   **
[    0.603438] ** kernel, report this immediately to your vendor!         **
[    0.604438] **                                                         **
[    0.605492] **     NOTICE NOTICE NOTICE NOTICE NOTICE NOTICE NOTICE    **
[    0.606443] *************************************************************
[    0.607539] PM: RTC time: 12:43:53, date: 2023-01-03
[    0.613967] NET: Registered PF_NETLINK/PF_ROUTE protocol family
[    0.615487] DMA: preallocated 256 KiB GFP_KERNEL pool for atomic allocations
[    0.616473] DMA: preallocated 256 KiB GFP_KERNEL|GFP_DMA pool for atomic allocations
[    0.617703] DMA: preallocated 256 KiB GFP_KERNEL|GFP_DMA32 pool for atomic allocations
[    0.618932] audit: initializing netlink subsys (disabled)
[    0.619853] audit: type=2000 audit(1672749833.669:1): state=initialized audit_enabled=0 res=1
[    0.620672] thermal_sys: Registered thermal governor 'fair_share'
[    0.621241] thermal_sys: Registered thermal governor 'bang_bang'
[    0.622133] thermal_sys: Registered thermal governor 'step_wise'
[    0.622980] thermal_sys: Registered thermal governor 'user_space'
[    0.623966] cpuidle: using governor ladder
[    0.625060] cpuidle: using governor menu
[    0.626060] acpiphp: ACPI Hot Plug PCI Controller Driver version: 0.5
[    0.627423] PCI: Using configuration type 1 for base access
[    0.629075] kprobes: kprobe jump-optimization is enabled. All kprobes are optimized if possible.
[    0.909345] HugeTLB: registered 1.00 GiB page size, pre-allocated 0 pages
[    0.910447] HugeTLB: 16380 KiB vmemmap can be freed for a 1.00 GiB page
[    0.911473] HugeTLB: registered 2.00 MiB page size, pre-allocated 0 pages
[    0.912447] HugeTLB: 28 KiB vmemmap can be freed for a 2.00 MiB page
[    0.919311] ACPI: Added _OSI(Module Device)
[    0.919820] ACPI: Added _OSI(Processor Device)
[    0.920335] ACPI: Added _OSI(3.0 _SCP Extensions)
[    0.920448] ACPI: Added _OSI(Processor Aggregator Device)
[    0.926205] ACPI: 1 ACPI AML tables successfully acquired and loaded
[    0.930279] ACPI: Interpreter enabled
[    0.930864] ACPI: PM: (supports S0 S3 S4 S5)
[    0.931397] ACPI: Using IOAPIC for interrupt routing
[    0.932066] PCI: Using host bridge windows from ACPI; if necessary, use "pci=nocrs" and report a bug
[    0.932444] PCI: Using E820 reservations for host bridge windows
[    0.933983] ACPI: Enabled 2 GPEs in block 00 to 0F
[    0.950046] ACPI: PCI Root Bridge [PCI0] (domain 0000 [bus 00-ff])
[    0.951040] acpi PNP0A03:00: _OSC: OS supports [ASPM ClockPM Segments MSI EDR HPX-Type3]
[    0.952287] acpi PNP0A03:00: _OSC: not requesting OS control; OS requires [ExtendedConfig ASPM ClockPM MSI]
[    0.952516] acpi PNP0A03:00: fail to add MMCONFIG information, can't access extended configuration space under this bridge
[    0.956491] acpiphp: Slot [3] registered
[    0.957171] acpiphp: Slot [4] registered
[    0.957834] acpiphp: Slot [5] registered
[    0.958502] acpiphp: Slot [6] registered
[    0.959164] acpiphp: Slot [7] registered
[    0.959826] acpiphp: Slot [8] registered
[    0.960490] acpiphp: Slot [9] registered
[    0.961163] acpiphp: Slot [10] registered
[    0.961841] acpiphp: Slot [11] registered
[    0.962533] acpiphp: Slot [12] registered
[    0.963207] acpiphp: Slot [13] registered
[    0.963879] acpiphp: Slot [14] registered
[    0.964502] acpiphp: Slot [15] registered
[    0.965185] acpiphp: Slot [16] registered
[    0.965861] acpiphp: Slot [17] registered
[    0.966543] acpiphp: Slot [18] registered
[    0.967217] acpiphp: Slot [19] registered
[    0.967895] acpiphp: Slot [20] registered
[    0.968500] acpiphp: Slot [21] registered
[    0.969188] acpiphp: Slot [22] registered
[    0.969863] acpiphp: Slot [23] registered
[    0.970548] acpiphp: Slot [24] registered
[    0.971223] acpiphp: Slot [25] registered
[    0.971897] acpiphp: Slot [26] registered
[    0.972510] acpiphp: Slot [27] registered
[    0.973196] acpiphp: Slot [28] registered
[    0.973871] acpiphp: Slot [29] registered
[    0.974561] acpiphp: Slot [30] registered
[    0.975235] acpiphp: Slot [31] registered
[    0.975879] PCI host bridge to bus 0000:00
[    0.976441] pci_bus 0000:00: root bus resource [io  0x0000-0x0cf7 window]
[    0.977663] pci_bus 0000:00: root bus resource [io  0x0d00-0xffff window]
[    0.978712] pci_bus 0000:00: root bus resource [mem 0x000a0000-0x000bffff window]
[    0.979843] pci_bus 0000:00: root bus resource [mem 0x80000000-0xfebfffff window]
[    0.980445] pci_bus 0000:00: root bus resource [mem 0x100000000-0x17fffffff window]
[    0.981613] pci_bus 0000:00: root bus resource [bus 00-ff]
[    0.982613] pci 0000:00:00.0: [8086:1237] type 00 class 0x060000
[    0.986782] pci 0000:00:01.0: [8086:7000] type 00 class 0x060100
[    0.988810] pci 0000:00:01.1: [8086:7010] type 00 class 0x010180
[    0.991240] pci 0000:00:01.1: reg 0x20: [io  0xc040-0xc04f]
[    0.992797] pci 0000:00:01.1: legacy IDE quirk: reg 0x10: [io  0x01f0-0x01f7]
[    0.993902] pci 0000:00:01.1: legacy IDE quirk: reg 0x14: [io  0x03f6]
[    0.994886] pci 0000:00:01.1: legacy IDE quirk: reg 0x18: [io  0x0170-0x0177]
[    0.995962] pci 0000:00:01.1: legacy IDE quirk: reg 0x1c: [io  0x0376]
[    0.996818] pci 0000:00:01.3: [8086:7113] type 00 class 0x068000
[    0.998394] pci 0000:00:01.3: quirk: [io  0x0600-0x063f] claimed by PIIX4 ACPI
[    0.999494] pci 0000:00:01.3: quirk: [io  0x0700-0x070f] claimed by PIIX4 SMB
[    1.000896] pci 0000:00:02.0: [1234:1111] type 00 class 0x030000
[    1.004988] pci 0000:00:02.0: reg 0x10: [mem 0xfd000000-0xfdffffff pref]
[    1.008431] pci 0000:00:02.0: reg 0x18: [mem 0xfebf0000-0xfebf0fff]
[    1.013769] pci 0000:00:02.0: reg 0x30: [mem 0xfebe0000-0xfebeffff pref]
[    1.015615] pci 0000:00:02.0: Video device with shadowed ROM at [mem 0x000c0000-0x000dffff]
[    1.020894] pci 0000:00:03.0: [8086:100e] type 00 class 0x020000
[    1.022374] pci 0000:00:03.0: reg 0x10: [mem 0xfebc0000-0xfebdffff]
[    1.023687] pci 0000:00:03.0: reg 0x14: [io  0xc000-0xc03f]
[    1.026882] pci 0000:00:03.0: reg 0x30: [mem 0xfeb80000-0xfebbffff pref]
[    1.064055] ACPI: PCI: Interrupt link LNKA configured for IRQ 10
[    1.064814] ACPI: PCI: Interrupt link LNKB configured for IRQ 10
[    1.066104] ACPI: PCI: Interrupt link LNKC configured for IRQ 11
[    1.067394] ACPI: PCI: Interrupt link LNKD configured for IRQ 11
[    1.068522] ACPI: PCI: Interrupt link LNKS configured for IRQ 9
[    1.071984] iommu: Default domain type: Translated 
[    1.072445] iommu: DMA domain TLB invalidation policy: lazy mode 
[    1.075234] SCSI subsystem initialized
[    1.076357] ACPI: bus type USB registered
[    1.076546] usbcore: registered new interface driver usbfs
[    1.077455] usbcore: registered new interface driver hub
[    1.078338] usbcore: registered new device driver usb
[    1.079283] pps_core: LinuxPPS API ver. 1 registered
[    1.080067] pps_core: Software ver. 5.3.6 - Copyright 2005-2007 Rodolfo Giometti <giometti@linux.it>
[    1.080459] PTP clock support registered
[    1.081368] EDAC MC: Ver: 3.0.0
[    1.084652] NetLabel: Initializing
[    1.085222] NetLabel:  domain hash size = 128
[    1.085916] NetLabel:  protocols = UNLABELED CIPSOv4 CALIPSO
[    1.086903] NetLabel:  unlabeled traffic allowed by default
[    1.121066] PCI: Using ACPI for IRQ routing
[    1.122248] pci 0000:00:02.0: vgaarb: setting as boot VGA device
[    1.123214] pci 0000:00:02.0: vgaarb: bridge control possible
[    1.124110] pci 0000:00:02.0: vgaarb: VGA device added: decodes=io+mem,owns=io+mem,locks=none
[    1.124441] vgaarb: loaded
[    1.125978] hpet0: at MMIO 0xfed00000, IRQs 2, 8, 0
[    1.126779] hpet0: 3 comparators, 64-bit 100.000000 MHz counter
[    3.109750] clocksource: Switched to clocksource kvm-clock
[    3.112431] VFS: Disk quotas dquot_6.6.0
[    3.112783] VFS: Dquot-cache hash table entries: 512 (order 0, 4096 bytes)
[    3.114292] pnp: PnP ACPI init
[    3.116589] Callback from call_rcu_tasks_rude() invoked.
[    3.118196] pnp: PnP ACPI: found 6 devices
[    3.139186] clocksource: acpi_pm: mask: 0xffffff max_cycles: 0xffffff, max_idle_ns: 2085701024 ns
[    3.140981] NET: Registered PF_INET protocol family
[    3.142276] IP idents hash table entries: 32768 (order: 6, 262144 bytes, linear)
[    3.144644] tcp_listen_portaddr_hash hash table entries: 1024 (order: 4, 73728 bytes, linear)
[    3.146093] Table-perturb hash table entries: 65536 (order: 6, 262144 bytes, linear)
[    3.147267] TCP established hash table entries: 16384 (order: 5, 131072 bytes, linear)
[    3.148901] TCP bind hash table entries: 16384 (order: 9, 2359296 bytes, linear)
[    3.155325] TCP: Hash tables configured (established 16384 bind 16384)
[    3.172659] UDP hash table entries: 1024 (order: 5, 163840 bytes, linear)
[    3.173412] UDP-Lite hash table entries: 1024 (order: 5, 163840 bytes, linear)
[    3.174325] NET: Registered PF_UNIX/PF_LOCAL protocol family
[    3.185447] RPC: Registered named UNIX socket transport module.
[    3.186144] RPC: Registered udp transport module.
[    3.186650] RPC: Registered tcp transport module.
[    3.187186] RPC: Registered tcp NFSv4.1 backchannel transport module.
[    3.187909] pci_bus 0000:00: resource 4 [io  0x0000-0x0cf7 window]
[    3.188707] pci_bus 0000:00: resource 5 [io  0x0d00-0xffff window]
[    3.189454] pci_bus 0000:00: resource 6 [mem 0x000a0000-0x000bffff window]
[    3.190280] pci_bus 0000:00: resource 7 [mem 0x80000000-0xfebfffff window]
[    3.191116] pci_bus 0000:00: resource 8 [mem 0x100000000-0x17fffffff window]
[    3.192196] pci 0000:00:01.0: PIIX3: Enabling Passive Release
[    3.192951] pci 0000:00:00.0: Limiting direct PCI/PCI transfers
[    3.193804] PCI: CLS 0 bytes, default 64
[    3.200592] ACPI: bus type thunderbolt registered
[    3.201817] clocksource: tsc: mask: 0xffffffffffffffff max_cycles: 0x363e8c91135, max_idle_ns: 881590568389 ns
[    3.224499] Callback from call_rcu_tasks() invoked.
[    3.284564] Initialise system trusted keyrings
[    3.285465] Key type blacklist registered
[    3.286698] workingset: timestamp_bits=36 max_order=19 bucket_order=0
[    3.287760] zbud: loaded
[    3.288960] squashfs: version 4.0 (2009/01/31) Phillip Lougher
[    3.291085] NFS: Registering the id_resolver key type
[    3.291917] Key type id_resolver registered
[    3.292559] Key type id_legacy registered
[    3.293252] nfs4filelayout_init: NFSv4 File Layout Driver Registering...
[    3.294321] nfs4flexfilelayout_init: NFSv4 Flexfile Layout Driver Registering...
[    3.295598] fuse: init (API version 7.38)
[    3.296368] SGI XFS with ACLs, security attributes, realtime, quota, no debug enabled
[    3.298668] 9p: Installing v9fs 9p2000 file system support
[    3.305756] Key type asymmetric registered
[    3.306425] Asymmetric key parser 'x509' registered
[    3.307250] Block layer SCSI generic (bsg) driver version 0.4 loaded (major 243)
[    3.308643] io scheduler mq-deadline registered
[    3.309380] io scheduler bfq registered
[    3.310613] shpchp: Standard Hot Plug PCI Controller Driver version: 0.4
[    3.312072] IPMI message handler: version 39.2
[    3.312864] ipmi device interface
[    3.315206] input: Power Button as /devices/LNXSYSTM:00/LNXPWRBN:00/input/input0
[    3.316731] ACPI: button: Power Button [PWRF]
[    3.318681] ERST DBG: ERST support is disabled.
[    3.320373] Serial: 8250/16550 driver, 32 ports, IRQ sharing enabled
[    3.322370] 00:04: ttyS0 at I/O 0x3f8 (irq = 4, base_baud = 115200) is a 16550A
[    3.330628] Linux agpgart interface v0.103
[    3.332185] ACPI: bus type drm_connector registered
[    3.344912] brd: module loaded
[    3.352936] loop: module loaded
[    3.358691] scsi host0: ata_piix
[    3.359934] scsi host1: ata_piix
[    3.360677] ata1: PATA max MWDMA2 cmd 0x1f0 ctl 0x3f6 bmdma 0xc040 irq 14
[    3.361766] ata2: PATA max MWDMA2 cmd 0x170 ctl 0x376 bmdma 0xc048 irq 15
[    3.364229] tun: Universal TUN/TAP device driver, 1.6
[    3.365207] e100: Intel(R) PRO/100 Network Driver
[    3.365939] e100: Copyright(c) 1999-2006 Intel Corporation
[    3.366809] e1000: Intel(R) PRO/1000 Network Driver
[    3.367565] e1000: Copyright (c) 1999-2006 Intel Corporation.
[    3.520639] ata1: found unknown device (class 0)
[    3.521666] ata2: found unknown device (class 0)
[    3.523063] ata1.00: ATA-7: QEMU HARDDISK, 2.5+, max UDMA/100
[    3.523776] ata1.00: 16777216 sectors, multi 16: LBA48 
[    3.524707] ata2.00: ATAPI: QEMU DVD-ROM, 2.5+, max UDMA/100
[    3.527732] scsi 0:0:0:0: Direct-Access     ATA      QEMU HARDDISK    2.5+ PQ: 0 ANSI: 5
[    3.530087] sd 0:0:0:0: [sda] 16777216 512-byte logical blocks: (8.59 GB/8.00 GiB)
[    3.531108] sd 0:0:0:0: [sda] Write Protect is off
[    3.531793] sd 0:0:0:0: [sda] Write cache: enabled, read cache: enabled, doesn't support DPO or FUA
[    3.533087] sd 0:0:0:0: [sda] Preferred minimum I/O size 512 bytes
[    3.535474] sd 0:0:0:0: Attached scsi generic sg0 type 0
[    3.537080] scsi 1:0:0:0: CD-ROM            QEMU     QEMU DVD-ROM     2.5+ PQ: 0 ANSI: 5
[    3.546073] ACPI: \_SB_.LNKC: Enabled at IRQ 11
[    3.551634] sd 0:0:0:0: [sda] Attached SCSI disk
[    3.565782] scsi 1:0:0:0: Attached scsi generic sg1 type 5
[    3.905789] e1000 0000:00:03.0 eth0: (PCI:33MHz:32-bit) 52:54:00:12:34:56
[    3.906804] e1000 0000:00:03.0 eth0: Intel(R) PRO/1000 Network Connection
[    3.907885] e1000e: Intel(R) PRO/1000 Network Driver
[    3.908660] e1000e: Copyright(c) 1999 - 2015 Intel Corporation.
[    3.909602] igb: Intel(R) Gigabit Ethernet Network Driver
[    3.910448] igb: Copyright (c) 2007-2014 Intel Corporation.
[    3.911435] PPP generic driver version 2.4.2
[    3.912857] VFIO - User Level meta-driver version: 0.3
[    3.914400] usbcore: registered new interface driver uas
[    3.915288] usbcore: registered new interface driver usb-storage
[    3.916469] i8042: PNP: PS/2 Controller [PNP0303:KBD,PNP0f13:MOU] at 0x60,0x64 irq 1,12
[    3.919145] serio: i8042 KBD port at 0x60,0x64 irq 1
[    3.919989] serio: i8042 AUX port at 0x60,0x64 irq 12
[    3.921627] mousedev: PS/2 mouse device common for all mice
[    3.923404] input: AT Translated Set 2 keyboard as /devices/platform/i8042/serio0/input/input1
[    3.925680] rtc_cmos 00:05: RTC can wake from S4
[    3.927049] input: VirtualPS/2 VMware VMMouse as /devices/platform/i8042/serio1/input/input4
[    3.929739] rtc_cmos 00:05: registered as rtc0
[    3.929788] input: VirtualPS/2 VMware VMMouse as /devices/platform/i8042/serio1/input/input3
[    3.930785] rtc_cmos 00:05: setting system clock to 2023-01-03T12:43:56 UTC (1672749836)
[    3.933609] rtc_cmos 00:05: alarms up to one day, y3k, 242 bytes nvram, hpet irqs
[    3.934836] i2c_dev: i2c /dev entries driver
[    3.936083] device-mapper: core: CONFIG_IMA_DISABLE_HTABLE is disabled. Duplicate IMA measurements will not be recorded in the IMA log.
[    3.938277] device-mapper: uevent: version 1.0.3
[    3.939690] device-mapper: ioctl: 4.47.0-ioctl (2022-07-28) initialised: dm-devel@redhat.com
[    3.941241] intel_pstate: CPU model not supported
[    3.942316] sdhci: Secure Digital Host Controller Interface driver
[    3.943536] sdhci: Copyright(c) Pierre Ossman
[    3.944505] sdhci-pltfm: SDHCI platform and OF driver helper
[    3.945849] ledtrig-cpu: registered to indicate activity on CPUs
[    3.947651] drop_monitor: Initializing network drop monitor service
[    3.949186] NET: Registered PF_INET6 protocol family
[    3.957510] Segment Routing with IPv6
[    3.958269] In-situ OAM (IOAM) with IPv6
[    3.958957] NET: Registered PF_PACKET protocol family
[    3.960073] 9pnet: Installing 9P2000 support
[    3.960904] Key type dns_resolver registered
[    3.962953] IPI shorthand broadcast: enabled
[    3.980605] sched_clock: Marking stable (3948238948, 32203130)->(4042757722, -62315644)
[    3.983099] registered taskstats version 1
[    3.984175] Loading compiled-in X.509 certificates
[    3.985241] zswap: loaded using pool lzo/zbud
[    4.001680] Key type .fscrypt registered
[    4.002342] Key type fscrypt-provisioning registered
[    4.004615] Key type encrypted registered
[    4.005308] ima: No TPM chip found, activating TPM-bypass!
[    4.006098] ima: Allocated hash algorithm: sha1
[    4.006813] ima: No architecture policies found
[    4.007555] evm: Initialising EVM extended attributes:
[    4.008353] evm: security.selinux
[    4.008916] evm: security.SMACK64
[    4.009440] evm: security.SMACK64EXEC
[    4.010016] evm: security.SMACK64TRANSMUTE
[    4.010662] evm: security.SMACK64MMAP
[    4.011243] evm: security.apparmor
[    4.011779] evm: security.ima
[    4.012251] evm: security.capability
[    4.012840] evm: HMAC attrs: 0x1
[    4.014912] PM:   Magic number: 7:150:733
[    4.016060] RAS: Correctable Errors collector initialized.
[    4.018664] md: Waiting for all devices to be available before autodetect
[    4.019328] md: If you don't use raid, use raid=noautodetect
[    4.019887] md: Autodetecting RAID arrays.
[    4.020304] md: autorun ...
[    4.020645] md: ... autorun DONE.
[    4.047526] EXT4-fs (sda): mounted filesystem 23a53bb9-f815-47a5-b74c-5e08f7731193 with ordered data mode. Quota mode: none.
[    4.048757] VFS: Mounted root (ext4 filesystem) readonly on device 8:0.
[    4.052802] devtmpfs: mounted
[    4.063532] Freeing unused decrypted memory: 2036K
[    4.077892] Freeing unused kernel image (initmem) memory: 10168K
[    4.078533] Write protecting the kernel read-only data: 45056k
[    4.080506] Freeing unused kernel image (rodata/data gap) memory: 240K
[    4.165581] x86/mm: Checked W+X mappings: passed, no W+X pages found.
[    4.166244] Run /sbin/init as init process
[    4.328028] systemd[1]: RTC configured in localtime, applying delta of 0 minutes to system time.
[    4.374439] systemd[1]: systemd 239 (239-49.el8) running in system mode. (+PAM +AUDIT +SELINUX +IMA -APPARMOR +SMACK +SYSVINIT +UTMP +LIBCRYPTSETUP +GCRYPT +GNUTLS +ACL +XZ +LZ4 +SECCOMP +BLKID +ELFUTILS +KMOD +IDN2 -IDN +PCRE2 default-hierarchy=legacy)
[    4.376939] systemd[1]: Detected virtualization kvm.
[    4.377454] systemd[1]: Detected architecture x86-64.

Welcome to [0;31mCentOS Stream 8[0m!

[    4.447747] systemd[1]: Set hostname to <test>.
[    4.800982] systemd[1]: Listening on initctl Compatibility Named Pipe.
[[0;32m  OK  [0m] Listening on initctl Compatibility Named Pipe.
[    4.802528] systemd[1]: Listening on udev Control Socket.
[[0;32m  OK  [0m] Listening on udev Control Socket.
[    4.806391] systemd[1]: Created slice system-serial\x2dgetty.slice.
[[0;32m  OK  [0m] Created slice system-serial\x2dgetty.slice.
[    4.814948] systemd[1]: Listening on Process Core Dump Socket.
[[0;32m  OK  [0m] Listening on Process Core Dump Socket.
[    4.817129] systemd[1]: Created slice User and Session Slice.
[[0;32m  OK  [0m] Created slice User and Session Slice.
[    4.818220] systemd[1]: Reached target Slices.
[[0;32m  OK  [0m] Reached target Slices.
[[0;32m  OK  [0m] Started Forward Password Requests to Wall Directory Watch.
[[0;32m  OK  [0m] Created slice system-getty.slice.
[[0;32m  OK  [0m] Listening on LVM2 poll daemon socket.
[[0;32m  OK  [0m] Listening on Device-mapper event daemon FIFOs.
[[0;32m  OK  [0m] Listening on Journal Socket (/dev/log).
[[0;32m  OK  [0m] Listening on Journal Socket.
         Starting Remount Root and Kernel File Systems...
         Starting Setup Virtual Console...
         Mounting Huge Pages File System...
         Starting Load Kernel Modules...
         Starting Journal Service...
         Mounting Kernel Debug File System...
[[0;32m  OK  [0m] Created slice system-sshd\x2dkeygen.slice.
[[0;32m  OK  [0m] Set up automount Arbitrary Executabâ€¦rmats File System Automount Point.
         Starting Monitoring of LVM2 mirrorsâ€¦ng dmeventd or progress polling...
[[0;32m  OK  [0m] Reached target Swap.
[[0;32m  OK  [0m] Listening on multipathd control socket.
[[0;32m  OK  [0m] Listening on RPCbind Server Activation Socket.
[[0;32m  OK  [0m] Reached target RPC Port Mapper.
         Mounting POSIX Message Queue File System...
[[0;32m  OK  [0m] Listening on udev Kernel Socket.
         Starting udev Coldplug all Devices...
[[0;32m  OK  [0m] Mounted Huge Pages File System.
[[0;32m  OK  [0m] Started Journal Service.
[[0;1;31mFAILED[0m] Failed to start Load Kernel Modules.
See 'systemctl status systemd-modules-load.service' for details.
[[0;32m  OK  [0m] Mounted Kernel Debug File System.
[[0;32m  OK  [0m] Mounted POSIX Message Queue File System.
         Starting Apply Kernel Variables...
         Mounting FUSE Control File System...
[    5.224645] EXT4-fs (sda): re-mounted 23a53bb9-f815-47a5-b74c-5e08f7731193. Quota mode: none.
         Mounting Kernel Configuration File System...
[[0;32m  OK  [0m] Started Remount Root and Kernel File Systems.
         Starting Load/Save Random Seed...
         Starting Flush Journal to Persistent Storage...
         Starting Create Static Device Nodes in /dev...
[[0;32m  OK  [0m] Started Setup Virtual Console.
[[0;32m  OK  [0m] Started udev Coldplug all Devices.
[[0;32m  OK  [0m] Started Apply Kernel Variables.
[[0;32m  OK  [0m] Mounted FUSE Control File System.
[[0;32m  OK  [0m] Mounted Kernel Configuration File System.
[[0;32m  OK  [0m] Started Load/Save Random Seed.
         Starting udev Wait for Complete Device Initialization...
[[0;32m  OK  [0m] Started Flush Journal to Persistent Storage.
[[0;32m  OK  [0m] Started Create Static Device Nodes in /dev.
         Starting udev Kernel Device Manager...
[[0;32m  OK  [0m] Started udev Kernel Device Manager.
         Starting Show Plymouth Boot Screen...
[[0;32m  OK  [0m] Started Show Plymouth Boot Screen.
[[0;32m  OK  [0m] Started Forward Password Requests to Plymouth Directory Watch.
[[0;32m  OK  [0m] Reached target Paths.
[[0;32m  OK  [0m] Reached target Local Encrypted Volumes.
[[0;32m  OK  [0m] Found device /dev/ttyS0.
[[0;32m  OK  [0m] Started Monitoring of LVM2 mirrors,â€¦sing dmeventd or progress polling.
[[0;32m  OK  [0m] Started udev Wait for Complete Device Initialization.
[[0;32m  OK  [0m] Listening on Load/Save RF Kill Switch Status /dev/rfkill Watch.
[[0;32m  OK  [0m] Reached target Local File Systems (Pre).
[[0;32m  OK  [0m] Reached target Local File Systems.
         Starting Tell Plymouth To Write Out Runtime Data...
         Starting Create Volatile Files and Directories...
         Starting Restore /run/initramfs on shutdown...
[[0;32m  OK  [0m] Started Tell Plymouth To Write Out Runtime Data.
[[0;32m  OK  [0m] Started Restore /run/initramfs on shutdown.
[[0;32m  OK  [0m] Started Create Volatile Files and Directories.
         Mounting RPC Pipe File System...
         Starting RPC Bind...
         Starting Security Auditing Service...
[[0;32m  OK  [0m] Mounted RPC Pipe File System.
[[0;32m  OK  [0m] Reached target rpc_pipefs.target.
[[0;32m  OK  [0m] Started RPC Bind.
[[0;32m  OK  [0m] Started Security Auditing Service.
         Starting Update UTMP about System Boot/Shutdown...
[[0;32m  OK  [0m] Started Update UTMP about System Boot/Shutdown.
[[0;32m  OK  [0m] Reached target System Initialization.
[[0;32m  OK  [0m] Started Daily Cleanup of Temporary Directories.
[[0;32m  OK  [0m] Listening on D-Bus System Message Bus Socket.
[[0;32m  OK  [0m] Started dnf makecache --timer.
[[0;32m  OK  [0m] Listening on SSSD Kerberos Cache Manager responder socket.
[[0;32m  OK  [0m] Reached target Sockets.
[[0;32m  OK  [0m] Started daily update of the root trust anchor for DNSSEC.
[[0;32m  OK  [0m] Reached target Timers.
[[0;32m  OK  [0m] Reached target Basic System.
[[0;32m  OK  [0m] Started Machine Check Exception Logging Daemon.
         Starting Auto-connect to subsystemsâ€¦-NVME devices found during boot...
[[0;32m  OK  [0m] Started D-Bus System Message Bus.
         Starting Login Service...
[[0;32m  OK  [0m] Reached target sshd-keygen.target.
         Starting Network Manager...
         Starting Authorization Manager...
         Starting Self Monitoring and Reporting Technology (SMART) Daemon...
[[0;32m  OK  [0m] Started irqbalance daemon.
         Starting NTP client/server...
[[0;32m  OK  [0m] Started Auto-connect to subsystems â€¦FC-NVME devices found during boot.
         Starting update of the root trust aâ€¦or DNSSEC validation in unbound...
[[0;32m  OK  [0m] Started Self Monitoring and Reporting Technology (SMART) Daemon.
[[0;32m  OK  [0m] Started Login Service.
[[0;32m  OK  [0m] Started Network Manager.
         Starting Network Manager Wait Online...
[[0;32m  OK  [0m] Reached target Network.
         Starting OpenSSH server daemon...
         Starting Dynamic System Tuning Daemon...
         Starting GSSAPI Proxy Daemon...
         Starting Hostname Service...
[[0;32m  OK  [0m] Started OpenSSH server daemon.
[[0;32m  OK  [0m] Started update of the root trust anâ€¦ for DNSSEC validation in unbound.
[[0;32m  OK  [0m] Started GSSAPI Proxy Daemon.
[[0;32m  OK  [0m] Reached target NFS client services.
[[0;32m  OK  [0m] Reached target Remote File Systems (Pre).
[[0;32m  OK  [0m] Reached target Remote File Systems.
         Starting Permit User Sessions...
[[0;32m  OK  [0m] Started NTP client/server.
[[0;32m  OK  [0m] Started Authorization Manager.
[[0;32m  OK  [0m] Started Permit User Sessions.
         Starting Terminate Plymouth Boot Screen...
[[0;32m  OK  [0m] Started Command Scheduler.
         Starting Hold until boot process finishes up...
[    7.540644] e1000: eth0 NIC Link is Up 1000 Mbps Full Duplex, Flow Control: RX
[    7.541854] IPv6: ADDRCONF(NETDEV_CHANGE): eth0: link becomes ready
[    7.901623] Spectre V2 : WARNING: Unprivileged eBPF is enabled with eIBRS on, data leaks possible via Spectre v2 BHB attacks!
[    7.902970] Spectre V2 : WARNING: Unprivileged eBPF is enabled with eIBRS on, data leaks possible via Spectre v2 BHB attacks!

CentOS Stream 8
Kernel 6.2.0-rc2-88603b6dc419-a41dad905e5a-revert+ on an x86_64

test login: [   29.061428] sg_write: data in/out 131036/42 bytes for SCSI command 0xff-- guessing data in;
[   29.061428]    program repro not setting count and/or reply_len properly
[   29.067631] sg_write: data in/out 131036/42 bytes for SCSI command 0xff-- guessing data in;
[   29.067631]    program repro not setting count and/or reply_len properly
[   29.073471] sg_write: data in/out 131036/42 bytes for SCSI command 0xff-- guessing data in;
[   29.073471]    program repro not setting count and/or reply_len properly
[   29.079211] sg_write: data in/out 131036/42 bytes for SCSI command 0xff-- guessing data in;
[   29.079211]    program repro not setting count and/or reply_len properly
[   29.084532] sg_write: data in/out 131036/42 bytes for SCSI command 0xff-- guessing data in;
[   29.084532]    program repro not setting count and/or reply_len properly
[   29.090147] sg_write: data in/out 131036/42 bytes for SCSI command 0xff-- guessing data in;
[   29.090147]    program repro not setting count and/or reply_len properly
[   29.095421] sg_write: data in/out 131036/42 bytes for SCSI command 0xff-- guessing data in;
[   29.095421]    program repro not setting count and/or reply_len properly
[   29.101166] sg_write: data in/out 131036/42 bytes for SCSI command 0xff-- guessing data in;
[   29.101166]    program repro not setting count and/or reply_len properly
[   29.107036] sg_write: data in/out 131036/42 bytes for SCSI command 0xff-- guessing data in;
[   29.107036]    program repro not setting count and/or reply_len properly
[   29.112620] sg_write: data in/out 131036/42 bytes for SCSI command 0xff-- guessing data in;
[   29.112620]    program repro not setting count and/or reply_len properly
[   34.070708] sg_write: 1061 callbacks suppressed
[   34.070730] sg_write: data in/out 131036/42 bytes for SCSI command 0xff-- guessing data in;
[   34.070730]    program repro not setting count and/or reply_len properly
[   34.080195] sg_write: data in/out 131036/42 bytes for SCSI command 0xff-- guessing data in;
[   34.080195]    program repro not setting count and/or reply_len properly
[   34.086762] sg_write: data in/out 131036/42 bytes for SCSI command 0xff-- guessing data in;
[   34.086762]    program repro not setting count and/or reply_len properly
[   34.093094] sg_write: data in/out 131036/42 bytes for SCSI command 0xff-- guessing data in;
[   34.093094]    program repro not setting count and/or reply_len properly
[   34.101604] sg_write: data in/out 131036/42 bytes for SCSI command 0xff-- guessing data in;
[   34.101604]    program repro not setting count and/or reply_len properly
[   34.110891] sg_write: data in/out 131036/42 bytes for SCSI command 0xff-- guessing data in;
[   34.110891]    program repro not setting count and/or reply_len properly
[   34.119504] sg_write: data in/out 131036/42 bytes for SCSI command 0xff-- guessing data in;
[   34.119504]    program repro not setting count and/or reply_len properly
[   34.126380] sg_write: data in/out 131036/42 bytes for SCSI command 0xff-- guessing data in;
[   34.126380]    program repro not setting count and/or reply_len properly
[   34.132039] sg_write: data in/out 131036/42 bytes for SCSI command 0xff-- guessing data in;
[   34.132039]    program repro not setting count and/or reply_len properly
[   34.138051] sg_write: data in/out 131036/42 bytes for SCSI command 0xff-- guessing data in;
[   34.138051]    program repro not setting count and/or reply_len properly
[   39.073434] sg_write: 1104 callbacks suppressed
[   39.073445] sg_write: data in/out 131036/42 bytes for SCSI command 0xff-- guessing data in;
[   39.073445]    program repro not setting count and/or reply_len properly
[   39.079708] sg_write: data in/out 131036/42 bytes for SCSI command 0xff-- guessing data in;
[   39.079708]    program repro not setting count and/or reply_len properly
[   39.086236] sg_write: data in/out 131036/42 bytes for SCSI command 0xff-- guessing data in;
[   39.086236]    program repro not setting count and/or reply_len properly
[   39.091949] sg_write: data in/out 131036/42 bytes for SCSI command 0xff-- guessing data in;
[   39.091949]    program repro not setting count and/or reply_len properly
[   39.097801] sg_write: data in/out 131036/42 bytes for SCSI command 0xff-- guessing data in;
[   39.097801]    program repro not setting count and/or reply_len properly
[   39.103406] sg_write: data in/out 131036/42 bytes for SCSI command 0xff-- guessing data in;
[   39.103406]    program repro not setting count and/or reply_len properly
[   39.109072] sg_write: data in/out 131036/42 bytes for SCSI command 0xff-- guessing data in;
[   39.109072]    program repro not setting count and/or reply_len properly
[   39.114555] sg_write: data in/out 131036/42 bytes for SCSI command 0xff-- guessing data in;
[   39.114555]    program repro not setting count and/or reply_len properly
[   39.120358] sg_write: data in/out 131036/42 bytes for SCSI command 0xff-- guessing data in;
[   39.120358]    program repro not setting count and/or reply_len properly
[   39.126155] sg_write: data in/out 131036/42 bytes for SCSI command 0xff-- guessing data in;
[   39.126155]    program repro not setting count and/or reply_len properly
[   44.078771] sg_write: 1084 callbacks suppressed
[   44.078780] sg_write: data in/out 131036/42 bytes for SCSI command 0xff-- guessing data in;
[   44.078780]    program repro not setting count and/or reply_len properly
[   44.084562] sg_write: data in/out 131036/42 bytes for SCSI command 0xff-- guessing data in;
[   44.084562]    program repro not setting count and/or reply_len properly
[   44.090152] sg_write: data in/out 131036/42 bytes for SCSI command 0xff-- guessing data in;
[   44.090152]    program repro not setting count and/or reply_len properly
[   44.094986] sg_write: data in/out 131036/42 bytes for SCSI command 0xff-- guessing data in;
[   44.094986]    program repro not setting count and/or reply_len properly
[   44.101499] sg_write: data in/out 131036/42 bytes for SCSI command 0xff-- guessing data in;
[   44.101499]    program repro not setting count and/or reply_len properly
[   44.106398] sg_write: data in/out 131036/42 bytes for SCSI command 0xff-- guessing data in;
[   44.106398]    program repro not setting count and/or reply_len properly
[   44.111174] sg_write: data in/out 131036/42 bytes for SCSI command 0xff-- guessing data in;
[   44.111174]    program repro not setting count and/or reply_len properly
[   44.116056] sg_write: data in/out 131036/42 bytes for SCSI command 0xff-- guessing data in;
[   44.116056]    program repro not setting count and/or reply_len properly
[   44.121298] sg_write: data in/out 131036/42 bytes for SCSI command 0xff-- guessing data in;
[   44.121298]    program repro not setting count and/or reply_len properly
[   44.126202] sg_write: data in/out 131036/42 bytes for SCSI command 0xff-- guessing data in;
[   44.126202]    program repro not setting count and/or reply_len properly
[   49.085692] sg_write: 1118 callbacks suppressed
[   49.085707] sg_write: data in/out 131036/42 bytes for SCSI command 0xff-- guessing data in;
[   49.085707]    program repro not setting count and/or reply_len properly
[   49.093749] sg_write: data in/out 131036/42 bytes for SCSI command 0xff-- guessing data in;
[   49.093749]    program repro not setting count and/or reply_len properly
[   49.101931] sg_write: data in/out 131036/42 bytes for SCSI command 0xff-- guessing data in;
[   49.101931]    program repro not setting count and/or reply_len properly
[   49.109089] sg_write: data in/out 131036/42 bytes for SCSI command 0xff-- guessing data in;
[   49.109089]    program repro not setting count and/or reply_len properly
[   49.118134] sg_write: data in/out 131036/42 bytes for SCSI command 0xff-- guessing data in;
[   49.118134]    program repro not setting count and/or reply_len properly
[   49.128241] sg_write: data in/out 131036/42 bytes for SCSI command 0xff-- guessing data in;
[   49.128241]    program repro not setting count and/or reply_len properly
[   49.138341] sg_write: data in/out 131036/42 bytes for SCSI command 0xff-- guessing data in;
[   49.138341]    program repro not setting count and/or reply_len properly
[   49.148049] sg_write: data in/out 131036/42 bytes for SCSI command 0xff-- guessing data in;
[   49.148049]    program repro not setting count and/or reply_len properly
[   49.157929] sg_write: data in/out 131036/42 bytes for SCSI command 0xff-- guessing data in;
[   49.157929]    program repro not setting count and/or reply_len properly
[   49.167960] sg_write: data in/out 131036/42 bytes for SCSI command 0xff-- guessing data in;
[   49.167960]    program repro not setting count and/or reply_len properly
[   54.090284] sg_write: 1010 callbacks suppressed
[   54.090295] sg_write: data in/out 131036/42 bytes for SCSI command 0xff-- guessing data in;
[   54.090295]    program repro not setting count and/or reply_len properly
[   54.096206] sg_write: data in/out 131036/42 bytes for SCSI command 0xff-- guessing data in;
[   54.096206]    program repro not setting count and/or reply_len properly
[   54.101714] sg_write: data in/out 131036/42 bytes for SCSI command 0xff-- guessing data in;
[   54.101714]    program repro not setting count and/or reply_len properly
[   54.107093] sg_write: data in/out 131036/42 bytes for SCSI command 0xff-- guessing data in;
[   54.107093]    program repro not setting count and/or reply_len properly
[   54.112602] sg_write: data in/out 131036/42 bytes for SCSI command 0xff-- guessing data in;
[   54.112602]    program repro not setting count and/or reply_len properly
[   54.118519] sg_write: data in/out 131036/42 bytes for SCSI command 0xff-- guessing data in;
[   54.118519]    program repro not setting count and/or reply_len properly
[   54.124180] sg_write: data in/out 131036/42 bytes for SCSI command 0xff-- guessing data in;
[   54.124180]    program repro not setting count and/or reply_len properly
[   54.129974] sg_write: data in/out 131036/42 bytes for SCSI command 0xff-- guessing data in;
[   54.129974]    program repro not setting count and/or reply_len properly
[   54.135068] sg_write: data in/out 131036/42 bytes for SCSI command 0xff-- guessing data in;
[   54.135068]    program repro not setting count and/or reply_len properly
[   54.140108] sg_write: data in/out 131036/42 bytes for SCSI command 0xff-- guessing data in;
[   54.140108]    program repro not setting count and/or reply_len properly
[   59.094963] sg_write: 1259 callbacks suppressed
[   59.094972] sg_write: data in/out 131036/42 bytes for SCSI command 0xff-- guessing data in;
[   59.094972]    program repro not setting count and/or reply_len properly
[   59.099241] sg_write: data in/out 131036/42 bytes for SCSI command 0xff-- guessing data in;
[   59.099241]    program repro not setting count and/or reply_len properly
[   59.103403] sg_write: data in/out 131036/42 bytes for SCSI command 0xff-- guessing data in;
[   59.103403]    program repro not setting count and/or reply_len properly
[   59.107315] sg_write: data in/out 131036/42 bytes for SCSI command 0xff-- guessing data in;
[   59.107315]    program repro not setting count and/or reply_len properly
[   59.113122] sg_write: data in/out 131036/42 bytes for SCSI command 0xff-- guessing data in;
[   59.113122]    program repro not setting count and/or reply_len properly
[   59.118800] sg_write: data in/out 131036/42 bytes for SCSI command 0xff-- guessing data in;
[   59.118800]    program repro not setting count and/or reply_len properly
[   59.124200] sg_write: data in/out 131036/42 bytes for SCSI command 0xff-- guessing data in;
[   59.124200]    program repro not setting count and/or reply_len properly
[   59.131368] sg_write: data in/out 131036/42 bytes for SCSI command 0xff-- guessing data in;
[   59.131368]    program repro not setting count and/or reply_len properly
[   59.137394] sg_write: data in/out 131036/42 bytes for SCSI command 0xff-- guessing data in;
[   59.137394]    program repro not setting count and/or reply_len properly
[   59.142415] sg_write: data in/out 131036/42 bytes for SCSI command 0xff-- guessing data in;
[   59.142415]    program repro not setting count and/or reply_len properly
[   64.098198] sg_write: 1337 callbacks suppressed
[   64.098209] sg_write: data in/out 131036/42 bytes for SCSI command 0xff-- guessing data in;
[   64.098209]    program repro not setting count and/or reply_len properly
[   64.104013] sg_write: data in/out 131036/42 bytes for SCSI command 0xff-- guessing data in;
[   64.104013]    program repro not setting count and/or reply_len properly
[   64.109690] sg_write: data in/out 131036/42 bytes for SCSI command 0xff-- guessing data in;
[   64.109690]    program repro not setting count and/or reply_len properly
[   64.114913] sg_write: data in/out 131036/42 bytes for SCSI command 0xff-- guessing data in;
[   64.114913]    program repro not setting count and/or reply_len properly
[   64.120425] sg_write: data in/out 131036/42 bytes for SCSI command 0xff-- guessing data in;
[   64.120425]    program repro not setting count and/or reply_len properly
[   64.125912] sg_write: data in/out 131036/42 bytes for SCSI command 0xff-- guessing data in;
[   64.125912]    program repro not setting count and/or reply_len properly
[   64.131200] sg_write: data in/out 131036/42 bytes for SCSI command 0xff-- guessing data in;
[   64.131200]    program repro not setting count and/or reply_len properly
[   64.136027] sg_write: data in/out 131036/42 bytes for SCSI command 0xff-- guessing data in;
[   64.136027]    program repro not setting count and/or reply_len properly
[   64.141051] sg_write: data in/out 131036/42 bytes for SCSI command 0xff-- guessing data in;
[   64.141051]    program repro not setting count and/or reply_len properly
[   64.146079] sg_write: data in/out 131036/42 bytes for SCSI command 0xff-- guessing data in;
[   64.146079]    program repro not setting count and/or reply_len properly
[   69.101467] sg_write: 1403 callbacks suppressed
[   69.101479] sg_write: data in/out 131036/42 bytes for SCSI command 0xff-- guessing data in;
[   69.101479]    program repro not setting count and/or reply_len properly
[   69.106727] sg_write: data in/out 131036/42 bytes for SCSI command 0xff-- guessing data in;
[   69.106727]    program repro not setting count and/or reply_len properly
[   69.111442] sg_write: data in/out 131036/42 bytes for SCSI command 0xff-- guessing data in;
[   69.111442]    program repro not setting count and/or reply_len properly
[   69.116233] sg_write: data in/out 131036/42 bytes for SCSI command 0xff-- guessing data in;
[   69.116233]    program repro not setting count and/or reply_len properly
[   69.121254] sg_write: data in/out 131036/42 bytes for SCSI command 0xff-- guessing data in;
[   69.121254]    program repro not setting count and/or reply_len properly
[   69.125990] sg_write: data in/out 131036/42 bytes for SCSI command 0xff-- guessing data in;
[   69.125990]    program repro not setting count and/or reply_len properly
[   69.130715] sg_write: data in/out 131036/42 bytes for SCSI command 0xff-- guessing data in;
[   69.130715]    program repro not setting count and/or reply_len properly
[   69.135621] sg_write: data in/out 131036/42 bytes for SCSI command 0xff-- guessing data in;
[   69.135621]    program repro not setting count and/or reply_len properly
[   69.140662] sg_write: data in/out 131036/42 bytes for SCSI command 0xff-- guessing data in;
[   69.140662]    program repro not setting count and/or reply_len properly
[   69.145323] sg_write: data in/out 131036/42 bytes for SCSI command 0xff-- guessing data in;
[   69.145323]    program repro not setting count and/or reply_len properly
[   74.104840] sg_write: 1412 callbacks suppressed
[   74.104852] sg_write: data in/out 131036/42 bytes for SCSI command 0xff-- guessing data in;
[   74.104852]    program repro not setting count and/or reply_len properly
[   74.110255] sg_write: data in/out 131036/42 bytes for SCSI command 0xff-- guessing data in;
[   74.110255]    program repro not setting count and/or reply_len properly
[   74.115342] sg_write: data in/out 131036/42 bytes for SCSI command 0xff-- guessing data in;
[   74.115342]    program repro not setting count and/or reply_len properly
[   74.120243] sg_write: data in/out 131036/42 bytes for SCSI command 0xff-- guessing data in;
[   74.120243]    program repro not setting count and/or reply_len properly
[   74.125391] sg_write: data in/out 131036/42 bytes for SCSI command 0xff-- guessing data in;
[   74.125391]    program repro not setting count and/or reply_len properly
[   74.130273] sg_write: data in/out 131036/42 bytes for SCSI command 0xff-- guessing data in;
[   74.130273]    program repro not setting count and/or reply_len properly
[   74.134984] sg_write: data in/out 131036/42 bytes for SCSI command 0xff-- guessing data in;
[   74.134984]    program repro not setting count and/or reply_len properly
[   74.140032] sg_write: data in/out 131036/42 bytes for SCSI command 0xff-- guessing data in;
[   74.140032]    program repro not setting count and/or reply_len properly
[   74.145323] sg_write: data in/out 131036/42 bytes for SCSI command 0xff-- guessing data in;
[   74.145323]    program repro not setting count and/or reply_len properly
[   74.150166] sg_write: data in/out 131036/42 bytes for SCSI command 0xff-- guessing data in;
[   74.150166]    program repro not setting count and/or reply_len properly
[   79.109913] sg_write: 1431 callbacks suppressed
[   79.109923] sg_write: data in/out 131036/42 bytes for SCSI command 0xff-- guessing data in;
[   79.109923]    program repro not setting count and/or reply_len properly
[   79.114575] sg_write: data in/out 131036/42 bytes for SCSI command 0xff-- guessing data in;
[   79.114575]    program repro not setting count and/or reply_len properly
[   79.118971] sg_write: data in/out 131036/42 bytes for SCSI command 0xff-- guessing data in;
[   79.118971]    program repro not setting count and/or reply_len properly
[   79.123568] sg_write: data in/out 131036/42 bytes for SCSI command 0xff-- guessing data in;
[   79.123568]    program repro not setting count and/or reply_len properly
[   79.128304] sg_write: data in/out 131036/42 bytes for SCSI command 0xff-- guessing data in;
[   79.128304]    program repro not setting count and/or reply_len properly
[   79.133321] sg_write: data in/out 131036/42 bytes for SCSI command 0xff-- guessing data in;
[   79.133321]    program repro not setting count and/or reply_len properly
[   79.138166] sg_write: data in/out 131036/42 bytes for SCSI command 0xff-- guessing data in;
[   79.138166]    program repro not setting count and/or reply_len properly
[   79.142938] sg_write: data in/out 131036/42 bytes for SCSI command 0xff-- guessing data in;
[   79.142938]    program repro not setting count and/or reply_len properly
[   79.147642] sg_write: data in/out 131036/42 bytes for SCSI command 0xff-- guessing data in;
[   79.147642]    program repro not setting count and/or reply_len properly
[   79.152380] sg_write: data in/out 131036/42 bytes for SCSI command 0xff-- guessing data in;
[   79.152380]    program repro not setting count and/or reply_len properly
[   84.113729] sg_write: 1382 callbacks suppressed
[   84.113739] sg_write: data in/out 131036/42 bytes for SCSI command 0xff-- guessing data in;
[   84.113739]    program repro not setting count and/or reply_len properly
[   84.119678] sg_write: data in/out 131036/42 bytes for SCSI command 0xff-- guessing data in;
[   84.119678]    program repro not setting count and/or reply_len properly
[   84.125066] sg_write: data in/out 131036/42 bytes for SCSI command 0xff-- guessing data in;
[   84.125066]    program repro not setting count and/or reply_len properly
[   84.129446] sg_write: data in/out 131036/42 bytes for SCSI command 0xff-- guessing data in;
[   84.129446]    program repro not setting count and/or reply_len properly
[   84.133863] sg_write: data in/out 131036/42 bytes for SCSI command 0xff-- guessing data in;
[   84.133863]    program repro not setting count and/or reply_len properly
[   84.138424] sg_write: data in/out 131036/42 bytes for SCSI command 0xff-- guessing data in;
[   84.138424]    program repro not setting count and/or reply_len properly
[   84.142928] sg_write: data in/out 131036/42 bytes for SCSI command 0xff-- guessing data in;
[   84.142928]    program repro not setting count and/or reply_len properly
[   84.147336] sg_write: data in/out 131036/42 bytes for SCSI command 0xff-- guessing data in;
[   84.147336]    program repro not setting count and/or reply_len properly
[   84.152023] sg_write: data in/out 131036/42 bytes for SCSI command 0xff-- guessing data in;
[   84.152023]    program repro not setting count and/or reply_len properly
[   84.157254] sg_write: data in/out 131036/42 bytes for SCSI command 0xff-- guessing data in;
[   84.157254]    program repro not setting count and/or reply_len properly
[   89.121163] sg_write: 1402 callbacks suppressed
[   89.121177] sg_write: data in/out 131036/42 bytes for SCSI command 0xff-- guessing data in;
[   89.121177]    program repro not setting count and/or reply_len properly
[   89.126944] sg_write: data in/out 131036/42 bytes for SCSI command 0xff-- guessing data in;
[   89.126944]    program repro not setting count and/or reply_len properly
[   89.131947] sg_write: data in/out 131036/42 bytes for SCSI command 0xff-- guessing data in;
[   89.131947]    program repro not setting count and/or reply_len properly
[   89.137275] sg_write: data in/out 131036/42 bytes for SCSI command 0xff-- guessing data in;
[   89.137275]    program repro not setting count and/or reply_len properly
[   89.142493] sg_write: data in/out 131036/42 bytes for SCSI command 0xff-- guessing data in;
[   89.142493]    program repro not setting count and/or reply_len properly
[   89.147664] sg_write: data in/out 131036/42 bytes for SCSI command 0xff-- guessing data in;
[   89.147664]    program repro not setting count and/or reply_len properly
[   89.153048] sg_write: data in/out 131036/42 bytes for SCSI command 0xff-- guessing data in;
[   89.153048]    program repro not setting count and/or reply_len properly
[   89.158216] sg_write: data in/out 131036/42 bytes for SCSI command 0xff-- guessing data in;
[   89.158216]    program repro not setting count and/or reply_len properly
[   89.162842] sg_write: data in/out 131036/42 bytes for SCSI command 0xff-- guessing data in;
[   89.162842]    program repro not setting count and/or reply_len properly
[   89.167748] sg_write: data in/out 131036/42 bytes for SCSI command 0xff-- guessing data in;
[   89.167748]    program repro not setting count and/or reply_len properly
[   94.125756] sg_write: 1301 callbacks suppressed
[   94.125774] sg_write: data in/out 131036/42 bytes for SCSI command 0xff-- guessing data in;
[   94.125774]    program repro not setting count and/or reply_len properly
[   94.131267] sg_write: data in/out 131036/42 bytes for SCSI command 0xff-- guessing data in;
[   94.131267]    program repro not setting count and/or reply_len properly
[   94.136314] sg_write: data in/out 131036/42 bytes for SCSI command 0xff-- guessing data in;
[   94.136314]    program repro not setting count and/or reply_len properly
[   94.140958] sg_write: data in/out 131036/42 bytes for SCSI command 0xff-- guessing data in;
[   94.140958]    program repro not setting count and/or reply_len properly
[   94.145582] sg_write: data in/out 131036/42 bytes for SCSI command 0xff-- guessing data in;
[   94.145582]    program repro not setting count and/or reply_len properly
[   94.150604] sg_write: data in/out 131036/42 bytes for SCSI command 0xff-- guessing data in;
[   94.150604]    program repro not setting count and/or reply_len properly
[   94.155501] sg_write: data in/out 131036/42 bytes for SCSI command 0xff-- guessing data in;
[   94.155501]    program repro not setting count and/or reply_len properly
[   94.160396] sg_write: data in/out 131036/42 bytes for SCSI command 0xff-- guessing data in;
[   94.160396]    program repro not setting count and/or reply_len properly
[   94.165952] sg_write: data in/out 131036/42 bytes for SCSI command 0xff-- guessing data in;
[   94.165952]    program repro not setting count and/or reply_len properly
[   94.171693] sg_write: data in/out 131036/42 bytes for SCSI command 0xff-- guessing data in;
[   94.171693]    program repro not setting count and/or reply_len properly
[   99.129170] sg_write: 1226 callbacks suppressed
[   99.129179] sg_write: data in/out 131036/42 bytes for SCSI command 0xff-- guessing data in;
[   99.129179]    program repro not setting count and/or reply_len properly
[   99.134390] sg_write: data in/out 131036/42 bytes for SCSI command 0xff-- guessing data in;
[   99.134390]    program repro not setting count and/or reply_len properly
[   99.139037] sg_write: data in/out 131036/42 bytes for SCSI command 0xff-- guessing data in;
[   99.139037]    program repro not setting count and/or reply_len properly
[   99.144558] sg_write: data in/out 131036/42 bytes for SCSI command 0xff-- guessing data in;
[   99.144558]    program repro not setting count and/or reply_len properly
[   99.149878] sg_write: data in/out 131036/42 bytes for SCSI command 0xff-- guessing data in;
[   99.149878]    program repro not setting count and/or reply_len properly
[   99.155420] sg_write: data in/out 131036/42 bytes for SCSI command 0xff-- guessing data in;
[   99.155420]    program repro not setting count and/or reply_len properly
[   99.160968] sg_write: data in/out 131036/42 bytes for SCSI command 0xff-- guessing data in;
[   99.160968]    program repro not setting count and/or reply_len properly
[   99.165805] sg_write: data in/out 131036/42 bytes for SCSI command 0xff-- guessing data in;
[   99.165805]    program repro not setting count and/or reply_len properly
[   99.170698] sg_write: data in/out 131036/42 bytes for SCSI command 0xff-- guessing data in;
[   99.170698]    program repro not setting count and/or reply_len properly
[   99.175662] sg_write: data in/out 131036/42 bytes for SCSI command 0xff-- guessing data in;
[   99.175662]    program repro not setting count and/or reply_len properly
[  104.135074] sg_write: 1372 callbacks suppressed
[  104.135084] sg_write: data in/out 131036/42 bytes for SCSI command 0xff-- guessing data in;
[  104.135084]    program repro not setting count and/or reply_len properly
[  104.140766] sg_write: data in/out 131036/42 bytes for SCSI command 0xff-- guessing data in;
[  104.140766]    program repro not setting count and/or reply_len properly
[  104.145994] sg_write: data in/out 131036/42 bytes for SCSI command 0xff-- guessing data in;
[  104.145994]    program repro not setting count and/or reply_len properly
[  104.151256] sg_write: data in/out 131036/42 bytes for SCSI command 0xff-- guessing data in;
[  104.151256]    program repro not setting count and/or reply_len properly
[  104.155710] sg_write: data in/out 131036/42 bytes for SCSI command 0xff-- guessing data in;
[  104.155710]    program repro not setting count and/or reply_len properly
[  104.160235] sg_write: data in/out 131036/42 bytes for SCSI command 0xff-- guessing data in;
[  104.160235]    program repro not setting count and/or reply_len properly
[  104.165016] sg_write: data in/out 131036/42 bytes for SCSI command 0xff-- guessing data in;
[  104.165016]    program repro not setting count and/or reply_len properly
[  104.169768] sg_write: data in/out 131036/42 bytes for SCSI command 0xff-- guessing data in;
[  104.169768]    program repro not setting count and/or reply_len properly
[  104.174854] sg_write: data in/out 131036/42 bytes for SCSI command 0xff-- guessing data in;
[  104.174854]    program repro not setting count and/or reply_len properly
[  104.180203] sg_write: data in/out 131036/42 bytes for SCSI command 0xff-- guessing data in;
[  104.180203]    program repro not setting count and/or reply_len properly
[  109.140598] sg_write: 1298 callbacks suppressed
[  109.140617] sg_write: data in/out 131036/42 bytes for SCSI command 0xff-- guessing data in;
[  109.140617]    program repro not setting count and/or reply_len properly
[  109.149613] sg_write: data in/out 131036/42 bytes for SCSI command 0xff-- guessing data in;
[  109.149613]    program repro not setting count and/or reply_len properly
[  109.156595] sg_write: data in/out 131036/42 bytes for SCSI command 0xff-- guessing data in;
[  109.156595]    program repro not setting count and/or reply_len properly
[  109.163165] sg_write: data in/out 131036/42 bytes for SCSI command 0xff-- guessing data in;
[  109.163165]    program repro not setting count and/or reply_len properly
[  109.169261] sg_write: data in/out 131036/42 bytes for SCSI command 0xff-- guessing data in;
[  109.169261]    program repro not setting count and/or reply_len properly
[  109.175245] sg_write: data in/out 131036/42 bytes for SCSI command 0xff-- guessing data in;
[  109.175245]    program repro not setting count and/or reply_len properly
[  109.181126] sg_write: data in/out 131036/42 bytes for SCSI command 0xff-- guessing data in;
[  109.181126]    program repro not setting count and/or reply_len properly
[  109.187007] sg_write: data in/out 131036/42 bytes for SCSI command 0xff-- guessing data in;
[  109.187007]    program repro not setting count and/or reply_len properly
[  109.193597] sg_write: data in/out 131036/42 bytes for SCSI command 0xff-- guessing data in;
[  109.193597]    program repro not setting count and/or reply_len properly
[  109.199855] sg_write: data in/out 131036/42 bytes for SCSI command 0xff-- guessing data in;
[  109.199855]    program repro not setting count and/or reply_len properly
[  114.146650] sg_write: 1325 callbacks suppressed
[  114.146659] sg_write: data in/out 131036/42 bytes for SCSI command 0xff-- guessing data in;
[  114.146659]    program repro not setting count and/or reply_len properly
[  114.151432] sg_write: data in/out 131036/42 bytes for SCSI command 0xff-- guessing data in;
[  114.151432]    program repro not setting count and/or reply_len properly
[  114.155734] sg_write: data in/out 131036/42 bytes for SCSI command 0xff-- guessing data in;
[  114.155734]    program repro not setting count and/or reply_len properly
[  114.160252] sg_write: data in/out 131036/42 bytes for SCSI command 0xff-- guessing data in;
[  114.160252]    program repro not setting count and/or reply_len properly
[  114.165203] sg_write: data in/out 131036/42 bytes for SCSI command 0xff-- guessing data in;
[  114.165203]    program repro not setting count and/or reply_len properly
[  114.169856] sg_write: data in/out 131036/42 bytes for SCSI command 0xff-- guessing data in;
[  114.169856]    program repro not setting count and/or reply_len properly
[  114.174749] sg_write: data in/out 131036/42 bytes for SCSI command 0xff-- guessing data in;
[  114.174749]    program repro not setting count and/or reply_len properly
[  114.179605] sg_write: data in/out 131036/42 bytes for SCSI command 0xff-- guessing data in;
[  114.179605]    program repro not setting count and/or reply_len properly
[  114.184851] sg_write: data in/out 131036/42 bytes for SCSI command 0xff-- guessing data in;
[  114.184851]    program repro not setting count and/or reply_len properly
[  114.189661] sg_write: data in/out 131036/42 bytes for SCSI command 0xff-- guessing data in;
[  114.189661]    program repro not setting count and/or reply_len properly
[  119.148877] sg_write: 1381 callbacks suppressed
[  119.148890] sg_write: data in/out 131036/42 bytes for SCSI command 0xff-- guessing data in;
[  119.148890]    program repro not setting count and/or reply_len properly
[  119.154074] sg_write: data in/out 131036/42 bytes for SCSI command 0xff-- guessing data in;
[  119.154074]    program repro not setting count and/or reply_len properly
[  119.158960] sg_write: data in/out 131036/42 bytes for SCSI command 0xff-- guessing data in;
[  119.158960]    program repro not setting count and/or reply_len properly
[  119.164000] sg_write: data in/out 131036/42 bytes for SCSI command 0xff-- guessing data in;
[  119.164000]    program repro not setting count and/or reply_len properly
[  119.169165] sg_write: data in/out 131036/42 bytes for SCSI command 0xff-- guessing data in;
[  119.169165]    program repro not setting count and/or reply_len properly
[  119.174234] sg_write: data in/out 131036/42 bytes for SCSI command 0xff-- guessing data in;
[  119.174234]    program repro not setting count and/or reply_len properly
[  119.179044] sg_write: data in/out 131036/42 bytes for SCSI command 0xff-- guessing data in;
[  119.179044]    program repro not setting count and/or reply_len properly
[  119.183910] sg_write: data in/out 131036/42 bytes for SCSI command 0xff-- guessing data in;
[  119.183910]    program repro not setting count and/or reply_len properly
[  119.189634] sg_write: data in/out 131036/42 bytes for SCSI command 0xff-- guessing data in;
[  119.189634]    program repro not setting count and/or reply_len properly
[  119.194684] sg_write: data in/out 131036/42 bytes for SCSI command 0xff-- guessing data in;
[  119.194684]    program repro not setting count and/or reply_len properly
[  124.153394] sg_write: 1361 callbacks suppressed
[  124.153406] sg_write: data in/out 131036/42 bytes for SCSI command 0xff-- guessing data in;
[  124.153406]    program repro not setting count and/or reply_len properly
[  124.158462] sg_write: data in/out 131036/42 bytes for SCSI command 0xff-- guessing data in;
[  124.158462]    program repro not setting count and/or reply_len properly
[  124.162755] sg_write: data in/out 131036/42 bytes for SCSI command 0xff-- guessing data in;
[  124.162755]    program repro not setting count and/or reply_len properly
[  124.167367] sg_write: data in/out 131036/42 bytes for SCSI command 0xff-- guessing data in;
[  124.167367]    program repro not setting count and/or reply_len properly
[  124.174343] sg_write: data in/out 131036/42 bytes for SCSI command 0xff-- guessing data in;
[  124.174343]    program repro not setting count and/or reply_len properly
[  124.181072] sg_write: data in/out 131036/42 bytes for SCSI command 0xff-- guessing data in;
[  124.181072]    program repro not setting count and/or reply_len properly
[  124.187584] sg_write: data in/out 131036/42 bytes for SCSI command 0xff-- guessing data in;
[  124.187584]    program repro not setting count and/or reply_len properly
[  124.193566] sg_write: data in/out 131036/42 bytes for SCSI command 0xff-- guessing data in;
[  124.193566]    program repro not setting count and/or reply_len properly
[  124.198531] sg_write: data in/out 131036/42 bytes for SCSI command 0xff-- guessing data in;
[  124.198531]    program repro not setting count and/or reply_len properly
[  124.203136] sg_write: data in/out 131036/42 bytes for SCSI command 0xff-- guessing data in;
[  124.203136]    program repro not setting count and/or reply_len properly
[  129.157541] sg_write: 1427 callbacks suppressed
[  129.157554] sg_write: data in/out 131036/42 bytes for SCSI command 0xff-- guessing data in;
[  129.157554]    program repro not setting count and/or reply_len properly
[  129.162930] sg_write: data in/out 131036/42 bytes for SCSI command 0xff-- guessing data in;
[  129.162930]    program repro not setting count and/or reply_len properly
[  129.167704] sg_write: data in/out 131036/42 bytes for SCSI command 0xff-- guessing data in;
[  129.167704]    program repro not setting count and/or reply_len properly
[  129.172305] sg_write: data in/out 131036/42 bytes for SCSI command 0xff-- guessing data in;
[  129.172305]    program repro not setting count and/or reply_len properly
[  129.176649] sg_write: data in/out 131036/42 bytes for SCSI command 0xff-- guessing data in;
[  129.176649]    program repro not setting count and/or reply_len properly
[  129.180819] sg_write: data in/out 131036/42 bytes for SCSI command 0xff-- guessing data in;
[  129.180819]    program repro not setting count and/or reply_len properly
[  129.185115] sg_write: data in/out 131036/42 bytes for SCSI command 0xff-- guessing data in;
[  129.185115]    program repro not setting count and/or reply_len properly
[  129.189322] sg_write: data in/out 131036/42 bytes for SCSI command 0xff-- guessing data in;
[  129.189322]    program repro not setting count and/or reply_len properly
[  129.193368] sg_write: data in/out 131036/42 bytes for SCSI command 0xff-- guessing data in;
[  129.193368]    program repro not setting count and/or reply_len properly
[  129.197742] sg_write: data in/out 131036/42 bytes for SCSI command 0xff-- guessing data in;
[  129.197742]    program repro not setting count and/or reply_len properly
[  134.160605] sg_write: 1137 callbacks suppressed
[  134.160616] sg_write: data in/out 131036/42 bytes for SCSI command 0xff-- guessing data in;
[  134.160616]    program repro not setting count and/or reply_len properly
[  134.167360] sg_write: data in/out 131036/42 bytes for SCSI command 0xff-- guessing data in;
[  134.167360]    program repro not setting count and/or reply_len properly
[  134.173354] sg_write: data in/out 131036/42 bytes for SCSI command 0xff-- guessing data in;
[  134.173354]    program repro not setting count and/or reply_len properly
[  134.179025] sg_write: data in/out 131036/42 bytes for SCSI command 0xff-- guessing data in;
[  134.179025]    program repro not setting count and/or reply_len properly
[  134.184927] sg_write: data in/out 131036/42 bytes for SCSI command 0xff-- guessing data in;
[  134.184927]    program repro not setting count and/or reply_len properly
[  134.190579] sg_write: data in/out 131036/42 bytes for SCSI command 0xff-- guessing data in;
[  134.190579]    program repro not setting count and/or reply_len properly
[  134.197358] sg_write: data in/out 131036/42 bytes for SCSI command 0xff-- guessing data in;
[  134.197358]    program repro not setting count and/or reply_len properly
[  134.203008] sg_write: data in/out 131036/42 bytes for SCSI command 0xff-- guessing data in;
[  134.203008]    program repro not setting count and/or reply_len properly
[  134.208945] sg_write: data in/out 131036/42 bytes for SCSI command 0xff-- guessing data in;
[  134.208945]    program repro not setting count and/or reply_len properly
[  134.214658] sg_write: data in/out 131036/42 bytes for SCSI command 0xff-- guessing data in;
[  134.214658]    program repro not setting count and/or reply_len properly
[  139.165393] sg_write: 1238 callbacks suppressed
[  139.165404] sg_write: data in/out 131036/42 bytes for SCSI command 0xff-- guessing data in;
[  139.165404]    program repro not setting count and/or reply_len properly
[  139.170599] sg_write: data in/out 131036/42 bytes for SCSI command 0xff-- guessing data in;
[  139.170599]    program repro not setting count and/or reply_len properly
[  139.175098] sg_write: data in/out 131036/42 bytes for SCSI command 0xff-- guessing data in;
[  139.175098]    program repro not setting count and/or reply_len properly
[  139.179824] sg_write: data in/out 131036/42 bytes for SCSI command 0xff-- guessing data in;
[  139.179824]    program repro not setting count and/or reply_len properly
[  139.184765] sg_write: data in/out 131036/42 bytes for SCSI command 0xff-- guessing data in;
[  139.184765]    program repro not setting count and/or reply_len properly
[  139.189336] sg_write: data in/out 131036/42 bytes for SCSI command 0xff-- guessing data in;
[  139.189336]    program repro not setting count and/or reply_len properly
[  139.193941] sg_write: data in/out 131036/42 bytes for SCSI command 0xff-- guessing data in;
[  139.193941]    program repro not setting count and/or reply_len properly
[  139.198714] sg_write: data in/out 131036/42 bytes for SCSI command 0xff-- guessing data in;
[  139.198714]    program repro not setting count and/or reply_len properly
[  139.203531] sg_write: data in/out 131036/42 bytes for SCSI command 0xff-- guessing data in;
[  139.203531]    program repro not setting count and/or reply_len properly
[  139.208220] sg_write: data in/out 131036/42 bytes for SCSI command 0xff-- guessing data in;
[  139.208220]    program repro not setting count and/or reply_len properly
[  144.172902] sg_write: 1213 callbacks suppressed
[  144.172913] sg_write: data in/out 131036/42 bytes for SCSI command 0xff-- guessing data in;
[  144.172913]    program repro not setting count and/or reply_len properly
[  144.180890] sg_write: data in/out 131036/42 bytes for SCSI command 0xff-- guessing data in;
[  144.180890]    program repro not setting count and/or reply_len properly
[  144.189127] sg_write: data in/out 131036/42 bytes for SCSI command 0xff-- guessing data in;
[  144.189127]    program repro not setting count and/or reply_len properly
[  144.196262] sg_write: data in/out 131036/42 bytes for SCSI command 0xff-- guessing data in;
[  144.196262]    program repro not setting count and/or reply_len properly
[  144.202320] sg_write: data in/out 131036/42 bytes for SCSI command 0xff-- guessing data in;
[  144.202320]    program repro not setting count and/or reply_len properly
[  144.209442] sg_write: data in/out 131036/42 bytes for SCSI command 0xff-- guessing data in;
[  144.209442]    program repro not setting count and/or reply_len properly
[  144.215381] sg_write: data in/out 131036/42 bytes for SCSI command 0xff-- guessing data in;
[  144.215381]    program repro not setting count and/or reply_len properly
[  144.222445] sg_write: data in/out 131036/42 bytes for SCSI command 0xff-- guessing data in;
[  144.222445]    program repro not setting count and/or reply_len properly
[  144.229043] sg_write: data in/out 131036/42 bytes for SCSI command 0xff-- guessing data in;
[  144.229043]    program repro not setting count and/or reply_len properly
[  144.235277] sg_write: data in/out 131036/42 bytes for SCSI command 0xff-- guessing data in;
[  144.235277]    program repro not setting count and/or reply_len properly
[  149.177278] sg_write: 1137 callbacks suppressed
[  149.177287] sg_write: data in/out 131036/42 bytes for SCSI command 0xff-- guessing data in;
[  149.177287]    program repro not setting count and/or reply_len properly
[  149.181630] sg_write: data in/out 131036/42 bytes for SCSI command 0xff-- guessing data in;
[  149.181630]    program repro not setting count and/or reply_len properly
[  149.186157] sg_write: data in/out 131036/42 bytes for SCSI command 0xff-- guessing data in;
[  149.186157]    program repro not setting count and/or reply_len properly
[  149.190465] sg_write: data in/out 131036/42 bytes for SCSI command 0xff-- guessing data in;
[  149.190465]    program repro not setting count and/or reply_len properly
[  149.194458] sg_write: data in/out 131036/42 bytes for SCSI command 0xff-- guessing data in;
[  149.194458]    program repro not setting count and/or reply_len properly
[  149.198679] sg_write: data in/out 131036/42 bytes for SCSI command 0xff-- guessing data in;
[  149.198679]    program repro not setting count and/or reply_len properly
[  149.202942] sg_write: data in/out 131036/42 bytes for SCSI command 0xff-- guessing data in;
[  149.202942]    program repro not setting count and/or reply_len properly
[  149.207653] sg_write: data in/out 131036/42 bytes for SCSI command 0xff-- guessing data in;
[  149.207653]    program repro not setting count and/or reply_len properly
[  149.212312] sg_write: data in/out 131036/42 bytes for SCSI command 0xff-- guessing data in;
[  149.212312]    program repro not setting count and/or reply_len properly
[  149.217392] sg_write: data in/out 131036/42 bytes for SCSI command 0xff-- guessing data in;
[  149.217392]    program repro not setting count and/or reply_len properly
[  154.183523] sg_write: 1327 callbacks suppressed
[  154.183533] sg_write: data in/out 131036/42 bytes for SCSI command 0xff-- guessing data in;
[  154.183533]    program repro not setting count and/or reply_len properly
[  154.188348] sg_write: data in/out 131036/42 bytes for SCSI command 0xff-- guessing data in;
[  154.188348]    program repro not setting count and/or reply_len properly
[  154.193096] sg_write: data in/out 131036/42 bytes for SCSI command 0xff-- guessing data in;
[  154.193096]    program repro not setting count and/or reply_len properly
[  154.197619] sg_write: data in/out 131036/42 bytes for SCSI command 0xff-- guessing data in;
[  154.197619]    program repro not setting count and/or reply_len properly
[  154.202363] sg_write: data in/out 131036/42 bytes for SCSI command 0xff-- guessing data in;
[  154.202363]    program repro not setting count and/or reply_len properly
[  154.207285] sg_write: data in/out 131036/42 bytes for SCSI command 0xff-- guessing data in;
[  154.207285]    program repro not setting count and/or reply_len properly
[  154.212010] sg_write: data in/out 131036/42 bytes for SCSI command 0xff-- guessing data in;
[  154.212010]    program repro not setting count and/or reply_len properly
[  154.217443] sg_write: data in/out 131036/42 bytes for SCSI command 0xff-- guessing data in;
[  154.217443]    program repro not setting count and/or reply_len properly
[  154.222537] sg_write: data in/out 131036/42 bytes for SCSI command 0xff-- guessing data in;
[  154.222537]    program repro not setting count and/or reply_len properly
[  154.227502] sg_write: data in/out 131036/42 bytes for SCSI command 0xff-- guessing data in;
[  154.227502]    program repro not setting count and/or reply_len properly
[  159.186184] sg_write: 1226 callbacks suppressed
[  159.186196] sg_write: data in/out 131036/42 bytes for SCSI command 0xff-- guessing data in;
[  159.186196]    program repro not setting count and/or reply_len properly
[  159.192247] sg_write: data in/out 131036/42 bytes for SCSI command 0xff-- guessing data in;
[  159.192247]    program repro not setting count and/or reply_len properly
[  159.198017] sg_write: data in/out 131036/42 bytes for SCSI command 0xff-- guessing data in;
[  159.198017]    program repro not setting count and/or reply_len properly
[  159.204085] sg_write: data in/out 131036/42 bytes for SCSI command 0xff-- guessing data in;
[  159.204085]    program repro not setting count and/or reply_len properly
[  159.210552] sg_write: data in/out 131036/42 bytes for SCSI command 0xff-- guessing data in;
[  159.210552]    program repro not setting count and/or reply_len properly
[  159.216331] sg_write: data in/out 131036/42 bytes for SCSI command 0xff-- guessing data in;
[  159.216331]    program repro not setting count and/or reply_len properly
[  159.222028] sg_write: data in/out 131036/42 bytes for SCSI command 0xff-- guessing data in;
[  159.222028]    program repro not setting count and/or reply_len properly
[  159.227614] sg_write: data in/out 131036/42 bytes for SCSI command 0xff-- guessing data in;
[  159.227614]    program repro not setting count and/or reply_len properly
[  159.232923] sg_write: data in/out 131036/42 bytes for SCSI command 0xff-- guessing data in;
[  159.232923]    program repro not setting count and/or reply_len properly
[  159.238604] sg_write: data in/out 131036/42 bytes for SCSI command 0xff-- guessing data in;
[  159.238604]    program repro not setting count and/or reply_len properly
[  164.189966] sg_write: 1103 callbacks suppressed
[  164.189977] sg_write: data in/out 131036/42 bytes for SCSI command 0xff-- guessing data in;
[  164.189977]    program repro not setting count and/or reply_len properly
[  164.195295] sg_write: data in/out 131036/42 bytes for SCSI command 0xff-- guessing data in;
[  164.195295]    program repro not setting count and/or reply_len properly
[  164.200323] sg_write: data in/out 131036/42 bytes for SCSI command 0xff-- guessing data in;
[  164.200323]    program repro not setting count and/or reply_len properly
[  164.205435] sg_write: data in/out 131036/42 bytes for SCSI command 0xff-- guessing data in;
[  164.205435]    program repro not setting count and/or reply_len properly
[  164.210461] sg_write: data in/out 131036/42 bytes for SCSI command 0xff-- guessing data in;
[  164.210461]    program repro not setting count and/or reply_len properly
[  164.215946] sg_write: data in/out 131036/42 bytes for SCSI command 0xff-- guessing data in;
[  164.215946]    program repro not setting count and/or reply_len properly
[  164.221622] sg_write: data in/out 131036/42 bytes for SCSI command 0xff-- guessing data in;
[  164.221622]    program repro not setting count and/or reply_len properly
[  164.226762] sg_write: data in/out 131036/42 bytes for SCSI command 0xff-- guessing data in;
[  164.226762]    program repro not setting count and/or reply_len properly
[  164.232066] sg_write: data in/out 131036/42 bytes for SCSI command 0xff-- guessing data in;
[  164.232066]    program repro not setting count and/or reply_len properly
[  164.237441] sg_write: data in/out 131036/42 bytes for SCSI command 0xff-- guessing data in;
[  164.237441]    program repro not setting count and/or reply_len properly
[  169.192711] sg_write: 1394 callbacks suppressed
[  169.192723] sg_write: data in/out 131036/42 bytes for SCSI command 0xff-- guessing data in;
[  169.192723]    program repro not setting count and/or reply_len properly
[  169.197950] sg_write: data in/out 131036/42 bytes for SCSI command 0xff-- guessing data in;
[  169.197950]    program repro not setting count and/or reply_len properly
[  169.202927] sg_write: data in/out 131036/42 bytes for SCSI command 0xff-- guessing data in;
[  169.202927]    program repro not setting count and/or reply_len properly
[  169.207924] sg_write: data in/out 131036/42 bytes for SCSI command 0xff-- guessing data in;
[  169.207924]    program repro not setting count and/or reply_len properly
[  169.213057] sg_write: data in/out 131036/42 bytes for SCSI command 0xff-- guessing data in;
[  169.213057]    program repro not setting count and/or reply_len properly
[  169.218116] sg_write: data in/out 131036/42 bytes for SCSI command 0xff-- guessing data in;
[  169.218116]    program repro not setting count and/or reply_len properly
[  169.223016] sg_write: data in/out 131036/42 bytes for SCSI command 0xff-- guessing data in;
[  169.223016]    program repro not setting count and/or reply_len properly
[  169.227988] sg_write: data in/out 131036/42 bytes for SCSI command 0xff-- guessing data in;
[  169.227988]    program repro not setting count and/or reply_len properly
[  169.233129] sg_write: data in/out 131036/42 bytes for SCSI command 0xff-- guessing data in;
[  169.233129]    program repro not setting count and/or reply_len properly
[  169.238051] sg_write: data in/out 131036/42 bytes for SCSI command 0xff-- guessing data in;
[  169.238051]    program repro not setting count and/or reply_len properly
[  174.198216] sg_write: 1411 callbacks suppressed
[  174.198226] sg_write: data in/out 131036/42 bytes for SCSI command 0xff-- guessing data in;
[  174.198226]    program repro not setting count and/or reply_len properly
[  174.203657] sg_write: data in/out 131036/42 bytes for SCSI command 0xff-- guessing data in;
[  174.203657]    program repro not setting count and/or reply_len properly
[  174.208945] sg_write: data in/out 131036/42 bytes for SCSI command 0xff-- guessing data in;
[  174.208945]    program repro not setting count and/or reply_len properly
[  174.214076] sg_write: data in/out 131036/42 bytes for SCSI command 0xff-- guessing data in;
[  174.214076]    program repro not setting count and/or reply_len properly
[  174.219292] sg_write: data in/out 131036/42 bytes for SCSI command 0xff-- guessing data in;
[  174.219292]    program repro not setting count and/or reply_len properly
[  174.224308] sg_write: data in/out 131036/42 bytes for SCSI command 0xff-- guessing data in;
[  174.224308]    program repro not setting count and/or reply_len properly
[  174.229365] sg_write: data in/out 131036/42 bytes for SCSI command 0xff-- guessing data in;
[  174.229365]    program repro not setting count and/or reply_len properly
[  174.234494] sg_write: data in/out 131036/42 bytes for SCSI command 0xff-- guessing data in;
[  174.234494]    program repro not setting count and/or reply_len properly
[  174.239559] sg_write: data in/out 131036/42 bytes for SCSI command 0xff-- guessing data in;
[  174.239559]    program repro not setting count and/or reply_len properly
[  174.244979] sg_write: data in/out 131036/42 bytes for SCSI command 0xff-- guessing data in;
[  174.244979]    program repro not setting count and/or reply_len properly
