c[?7l[2J[0mSeaBIOS (version rel-1.14.0-0-g155821a1990b-prebuilt.qemu.org)


iPXE (http://ipxe.org) 00:03.0 CA00 PCI2.10 PnP PMM+7FF8F030+7FEEF030 CA00
Press Ctrl-B to configure iPXE (PCI 00:03.0)...                                                                               


Booting from ROM...
c[?7l[2J[    0.000000] Linux version 6.1.0-rc4-9f2b5debc070+ (root@p-rplp02) (gcc (GCC) 8.5.0 20210514 (Red Hat 8.5.0-17), GNU ld version 2.36.1-2.el8) #1 SMP PREEMPT_DYNAMIC Tue Jan  3 17:14:38 CST 2023
[    0.000000] Command line: console=ttyS0 root=/dev/sda earlyprintk=serial net.ifnames=0
[    0.000000] KERNEL supported cpus:
[    0.000000]   Intel GenuineIntel
[    0.000000]   AMD AuthenticAMD
[    0.000000]   Hygon HygonGenuine
[    0.000000]   Centaur CentaurHauls
[    0.000000]   zhaoxin   Shanghai  
[    0.000000] x86/fpu: Supporting XSAVE feature 0x001: 'x87 floating point registers'
[    0.000000] x86/fpu: Supporting XSAVE feature 0x002: 'SSE registers'
[    0.000000] x86/fpu: Supporting XSAVE feature 0x004: 'AVX registers'
[    0.000000] x86/fpu: Supporting XSAVE feature 0x200: 'Protection Keys User registers'
[    0.000000] x86/fpu: xstate_offset[2]:  576, xstate_sizes[2]:  256
[    0.000000] x86/fpu: xstate_offset[9]:  832, xstate_sizes[9]:    8
[    0.000000] x86/fpu: Enabled xstate features 0x207, context size is 840 bytes, using 'compacted' format.
[    0.000000] signal: max sigframe size: 3632
[    0.000000] BIOS-provided physical RAM map:
[    0.000000] BIOS-e820: [mem 0x0000000000000000-0x000000000009fbff] usable
[    0.000000] BIOS-e820: [mem 0x000000000009fc00-0x000000000009ffff] reserved
[    0.000000] BIOS-e820: [mem 0x00000000000f0000-0x00000000000fffff] reserved
[    0.000000] BIOS-e820: [mem 0x0000000000100000-0x000000007ffdffff] usable
[    0.000000] BIOS-e820: [mem 0x000000007ffe0000-0x000000007fffffff] reserved
[    0.000000] BIOS-e820: [mem 0x00000000feffc000-0x00000000feffffff] reserved
[    0.000000] BIOS-e820: [mem 0x00000000fffc0000-0x00000000ffffffff] reserved
[    0.000000] printk: bootconsole [earlyser0] enabled
[    0.000000] NX (Execute Disable) protection: active
[    0.000000] SMBIOS 2.8 present.
[    0.000000] DMI: QEMU Standard PC (i440FX + PIIX, 1996), BIOS rel-1.14.0-0-g155821a1990b-prebuilt.qemu.org 04/01/2014
[    0.000000] Hypervisor detected: KVM
[    0.000000] kvm-clock: Using msrs 4b564d01 and 4b564d00
[    0.000008] kvm-clock: using sched offset of 624061866 cycles
[    0.001123] clocksource: kvm-clock: mask: 0xffffffffffffffff max_cycles: 0x1cd42e4dffb, max_idle_ns: 881590591483 ns
[    0.004550] tsc: Detected 1881.600 MHz processor
[    0.019938] last_pfn = 0x7ffe0 max_arch_pfn = 0x400000000
[    0.021188] x86/PAT: Configuration [0-7]: WB  WC  UC- UC  WB  WP  UC- WT  
[    0.035006] found SMP MP-table at [mem 0x000f5a90-0x000f5a9f]
[    0.036535] Using GB pages for direct mapping
[    0.040177] ACPI: Early table checksum verification disabled
[    0.041557] ACPI: RSDP 0x00000000000F5870 000014 (v00 BOCHS )
[    0.042933] ACPI: RSDT 0x000000007FFE1959 000034 (v01 BOCHS  BXPC     00000001 BXPC 00000001)
[    0.044901] ACPI: FACP 0x000000007FFE1805 000074 (v01 BOCHS  BXPC     00000001 BXPC 00000001)
[    0.046650] ACPI: DSDT 0x000000007FFE0040 0017C5 (v01 BOCHS  BXPC     00000001 BXPC 00000001)
[    0.048391] ACPI: FACS 0x000000007FFE0000 000040
[    0.049358] ACPI: APIC 0x000000007FFE1879 000080 (v01 BOCHS  BXPC     00000001 BXPC 00000001)
[    0.051093] ACPI: HPET 0x000000007FFE18F9 000038 (v01 BOCHS  BXPC     00000001 BXPC 00000001)
[    0.052834] ACPI: WAET 0x000000007FFE1931 000028 (v01 BOCHS  BXPC     00000001 BXPC 00000001)
[    0.054602] ACPI: Reserving FACP table memory at [mem 0x7ffe1805-0x7ffe1878]
[    0.056071] ACPI: Reserving DSDT table memory at [mem 0x7ffe0040-0x7ffe1804]
[    0.057536] ACPI: Reserving FACS table memory at [mem 0x7ffe0000-0x7ffe003f]
[    0.058995] ACPI: Reserving APIC table memory at [mem 0x7ffe1879-0x7ffe18f8]
[    0.060465] ACPI: Reserving HPET table memory at [mem 0x7ffe18f9-0x7ffe1930]
[    0.062003] ACPI: Reserving WAET table memory at [mem 0x7ffe1931-0x7ffe1958]
[    0.065863] No NUMA configuration found
[    0.066765] Faking a node at [mem 0x0000000000000000-0x000000007ffdffff]
[    0.068441] NODE_DATA(0) allocated [mem 0x7ffb5000-0x7ffdffff]
[    0.076744] Zone ranges:
[    0.077275]   DMA      [mem 0x0000000000001000-0x0000000000ffffff]
[    0.078514]   DMA32    [mem 0x0000000001000000-0x000000007ffdffff]
[    0.079754]   Normal   empty
[    0.080343]   Device   empty
[    0.080941] Movable zone start for each node
[    0.081796] Early memory node ranges
[    0.082513]   node   0: [mem 0x0000000000001000-0x000000000009efff]
[    0.083779]   node   0: [mem 0x0000000000100000-0x000000007ffdffff]
[    0.085072] Initmem setup node 0 [mem 0x0000000000001000-0x000000007ffdffff]
[    0.087078] On node 0, zone DMA: 1 pages in unavailable ranges
[    0.087127] On node 0, zone DMA: 97 pages in unavailable ranges
[    0.098667] On node 0, zone DMA32: 32 pages in unavailable ranges
[    0.100466] ACPI: PM-Timer IO Port: 0x608
[    0.102541] ACPI: LAPIC_NMI (acpi_id[0xff] dfl dfl lint[0x1])
[    0.103809] IOAPIC[0]: apic_id 0, version 17, address 0xfec00000, GSI 0-23
[    0.105309] ACPI: INT_SRC_OVR (bus 0 bus_irq 0 global_irq 2 dfl dfl)
[    0.106653] ACPI: INT_SRC_OVR (bus 0 bus_irq 5 global_irq 5 high level)
[    0.108057] ACPI: INT_SRC_OVR (bus 0 bus_irq 9 global_irq 9 high level)
[    0.109502] ACPI: INT_SRC_OVR (bus 0 bus_irq 10 global_irq 10 high level)
[    0.111015] ACPI: INT_SRC_OVR (bus 0 bus_irq 11 global_irq 11 high level)
[    0.112631] ACPI: Using ACPI (MADT) for SMP configuration information
[    0.114121] ACPI: HPET id: 0x8086a201 base: 0xfed00000
[    0.115343] TSC deadline timer available
[    0.116260] smpboot: Allowing 2 CPUs, 0 hotplug CPUs
[    0.117510] kvm-guest: KVM setup pv remote TLB flush
[    0.118653] kvm-guest: setup PV sched yield
[    0.119733] PM: hibernation: Registered nosave memory: [mem 0x00000000-0x00000fff]
[    0.121485] PM: hibernation: Registered nosave memory: [mem 0x0009f000-0x0009ffff]
[    0.123215] PM: hibernation: Registered nosave memory: [mem 0x000a0000-0x000effff]
[    0.124955] PM: hibernation: Registered nosave memory: [mem 0x000f0000-0x000fffff]
[    0.126703] [mem 0x80000000-0xfeffbfff] available for PCI devices
[    0.128138] Booting paravirtualized kernel on KVM
[    0.129260] clocksource: refined-jiffies: mask: 0xffffffff max_cycles: 0xffffffff, max_idle_ns: 7645519600211568 ns
[    0.131657] setup_percpu: NR_CPUS:8192 nr_cpumask_bits:2 nr_cpu_ids:2 nr_node_ids:1
[    0.134739] percpu: Embedded 64 pages/cpu s225280 r8192 d28672 u1048576
[    0.136777] kvm-guest: PV spinlocks enabled
[    0.137797] PV qspinlock hash table entries: 256 (order: 0, 4096 bytes, linear)
[    0.139543] Fallback order for Node 0: 0 
[    0.140530] Built 1 zonelists, mobility grouping on.  Total pages: 515808
[    0.141944] Policy zone: DMA32
[    0.142578] Kernel command line: net.ifnames=0 console=ttyS0 root=/dev/sda earlyprintk=serial net.ifnames=0
[    0.145700] Dentry cache hash table entries: 262144 (order: 9, 2097152 bytes, linear)
[    0.147562] Inode-cache hash table entries: 131072 (order: 8, 1048576 bytes, linear)
[    0.149341] mem auto-init: stack:off, heap alloc:off, heap free:off
[    0.158782] Memory: 1985384K/2096632K available (32784K kernel code, 4692K rwdata, 7820K rodata, 3672K init, 22124K bss, 110992K reserved, 0K cma-reserved)
[    0.163741] SLUB: HWalign=64, Order=0-3, MinObjects=0, CPUs=2, Nodes=1
[    0.165091] kmemleak: Kernel memory leak detector disabled
[    0.166254] ftrace: allocating 67275 entries in 263 pages
[    0.202602] ftrace: allocated 263 pages with 4 groups
[    0.209164] Dynamic Preempt: voluntary
[    0.210240] Running RCU self tests
[    0.210959] rcu: Preemptible hierarchical RCU implementation.
[    0.212109] rcu: 	RCU lockdep checking is enabled.
[    0.213075] rcu: 	RCU restricting CPUs from NR_CPUS=8192 to nr_cpu_ids=2.
[    0.214434] 	Trampoline variant of Tasks RCU enabled.
[    0.215449] 	Rude variant of Tasks RCU enabled.
[    0.216370] 	Tracing variant of Tasks RCU enabled.
[    0.217357] rcu: RCU calculated value of scheduler-enlistment delay is 25 jiffies.
[    0.218901] rcu: Adjusting geometry for rcu_fanout_leaf=16, nr_cpu_ids=2
[    0.277884] NR_IRQS: 524544, nr_irqs: 440, preallocated irqs: 16
[    0.279664] rcu: srcu_init: Setting srcu_struct sizes based on contention.
[    0.300241] Console: colour VGA+ 80x25
[    0.301240] printk: console [ttyS0] enabled
[    0.301240] printk: console [ttyS0] enabled
[    0.303175] printk: bootconsole [earlyser0] disabled
[    0.303175] printk: bootconsole [earlyser0] disabled
[    0.305503] Lock dependency validator: Copyright (c) 2006 Red Hat, Inc., Ingo Molnar
[    0.307312] ... MAX_LOCKDEP_SUBCLASSES:  8
[    0.308312] ... MAX_LOCK_DEPTH:          48
[    0.309349] ... MAX_LOCKDEP_KEYS:        8192
[    0.310381] ... CLASSHASH_SIZE:          4096
[    0.311418] ... MAX_LOCKDEP_ENTRIES:     32768
[    0.312488] ... MAX_LOCKDEP_CHAINS:      65536
[    0.313611] ... CHAINHASH_SIZE:          32768
[    0.314687]  memory used by lock dependency info: 6365 kB
[    0.315968]  memory used for stack traces: 4224 kB
[    0.317131]  per task-struct memory footprint: 1920 bytes
[    0.318567] ACPI: Core revision 20220331
[    0.320171] clocksource: hpet: mask: 0xffffffff max_cycles: 0xffffffff, max_idle_ns: 19112604467 ns
[    0.322682] APIC: Switch to symmetric I/O mode setup
[    0.324363] x2apic enabled
[    0.325618] Switched APIC routing to physical x2apic.
[    0.326990] kvm-guest: setup PV IPIs
[    0.330181] ..TIMER: vector=0x30 apic1=0 pin1=2 apic2=-1 pin2=-1
[    0.331728] clocksource: tsc-early: mask: 0xffffffffffffffff max_cycles: 0x363e8c91135, max_idle_ns: 881590568389 ns
[    0.334310] Calibrating delay loop (skipped) preset value.. 3763.20 BogoMIPS (lpj=7526400)
[    0.338294] pid_max: default: 32768 minimum: 301
[    0.339630] LSM: Security Framework initializing
[    0.342296] Yama: becoming mindful.
[    0.343422] Mount-cache hash table entries: 4096 (order: 3, 32768 bytes, linear)
[    0.344986] Mountpoint-cache hash table entries: 4096 (order: 3, 32768 bytes, linear)
[    0.348663] CPU0: Thermal monitoring enabled (TM1)
[    0.350294] x86/cpu: User Mode Instruction Prevention (UMIP) activated
[    0.351997] Last level iTLB entries: 4KB 0, 2MB 0, 4MB 0
[    0.353131] Last level dTLB entries: 4KB 0, 2MB 0, 4MB 0, 1GB 0
[    0.354311] Spectre V1 : Mitigation: usercopy/swapgs barriers and __user pointer sanitization
[    0.356164] Spectre V2 : WARNING: Unprivileged eBPF is enabled with eIBRS on, data leaks possible via Spectre v2 BHB attacks!
[    0.358287] Spectre V2 : Mitigation: Enhanced IBRS
[    0.359256] Spectre V2 : Spectre v2 / SpectreRSB mitigation: Filling RSB on context switch
[    0.360906] Spectre V2 : Spectre v2 / PBRSB-eIBRS: Retire a single CALL on VMEXIT
[    0.362292] Spectre V2 : mitigation: Enabling conditional Indirect Branch Prediction Barrier
[    0.363984] Speculative Store Bypass: Mitigation: Speculative Store Bypass disabled via prctl
[    0.366283] MMIO Stale Data: Unknown: No mitigations
[    0.590219] Freeing SMP alternatives memory: 56K
[    0.590931] smpboot: CPU0: Genuine Intel(R) 0000 (family: 0x6, model: 0xba, stepping: 0x2)
[    0.593868] cblist_init_generic: Setting adjustable number of callback queues.
[    0.594296] cblist_init_generic: Setting shift to 1 and lim to 1.
[    0.595963] cblist_init_generic: Setting shift to 1 and lim to 1.
[    0.597595] cblist_init_generic: Setting shift to 1 and lim to 1.
[    0.598486] Running RCU-tasks wait API self tests
[    0.702575] Performance Events: Alderlake Hybrid events, full-width counters, Intel PMU driver.
[    0.705907] core: cpu_core PMU driver: 
[    0.706299] ... version:                2
[    0.707206] ... bit width:              48
[    0.708099] ... generic registers:      6
[    0.708972] ... value mask:             0000ffffffffffff
[    0.710122] ... max period:             00007fffffffffff
[    0.710304] ... fixed-purpose events:   3
[    0.711198] ... event mask:             0001000f0000003f
[    0.712861] rcu: Hierarchical SRCU implementation.
[    0.713942] rcu: 	Max phase no-delay instances is 1000.
[    0.718813] Callback from call_rcu_tasks_trace() invoked.
[    0.721249] unchecked MSR access error: WRMSR to 0x38f (tried to write 0x0001000f0000003f) at rIP: 0xffffffff810ce49c (native_write_msr+0xc/0x30)
[    0.722273] Call Trace:
[    0.722273]  <TASK>
[    0.722273]  __intel_pmu_enable_all.constprop.46+0xb5/0x140
[    0.722273]  intel_pmu_enable_all+0x1e/0x30
[    0.722273]  x86_pmu_enable+0x46d/0x5a0
[    0.722273]  ? write_comp_data+0x2f/0x90
[    0.722273]  perf_pmu_enable+0x53/0x70
[    0.722273]  ctx_resched+0xab/0xf0
[    0.722273]  __perf_install_in_context+0x31b/0x480
[    0.722273]  ? perf_duration_warn+0x50/0x50
[    0.722273]  ? perf_duration_warn+0x50/0x50
[    0.722273]  remote_function+0x80/0xa0
[    0.722273]  ? perf_duration_warn+0x50/0x50
[    0.722273]  generic_exec_single+0x124/0x190
[    0.722273]  smp_call_function_single+0x11c/0x240
[    0.722273]  ? perf_duration_warn+0x50/0x50
[    0.722273]  ? __sanitizer_cov_trace_pc+0x25/0x60
[    0.722273]  ? write_comp_data+0x2f/0x90
[    0.722273]  perf_install_in_context+0x2e8/0x310
[    0.722273]  ? ctx_resched+0xf0/0xf0
[    0.722273]  perf_event_create_kernel_counter+0x16a/0x200
[    0.722273]  ? find_next_bit+0x30/0x30
[    0.722273]  hardlockup_detector_event_create+0x46/0xd0
[    0.722273]  hardlockup_detector_perf_init+0x18/0x66
[    0.722273]  watchdog_nmi_probe+0x17/0x1d
[    0.722273]  lockup_detector_init+0x40/0xaf
[    0.722273]  kernel_init_freeable+0x264/0x422
[    0.722273]  ? rest_init+0x240/0x240
[    0.722273]  kernel_init+0x24/0x1e0
[    0.722273]  ? rest_init+0x240/0x240
[    0.722273]  ret_from_fork+0x1f/0x30
[    0.722273]  </TASK>
[    0.722862] smp: Bringing up secondary CPUs ...
[    0.725013] x86: Booting SMP configuration:
[    0.725852] .... node  #0, CPUs:      #1
[    0.049140] smpboot: CPU 1 Converting physical 0 to logical die 1
[    0.730533] smp: Brought up 1 node, 2 CPUs
[    0.731249] smpboot: Max logical packages: 2
[    0.732066] smpboot: Total of 2 processors activated (7526.40 BogoMIPS)
[    0.735172] devtmpfs: initialized
[    0.735428] x86/mm: Memory block size: 128MB
[    0.741415] clocksource: jiffies: mask: 0xffffffff max_cycles: 0xffffffff, max_idle_ns: 7645041785100000 ns
[    0.744232] futex hash table entries: 512 (order: 4, 65536 bytes, linear)
[    0.746065] pinctrl core: initialized pinctrl subsystem
[    0.747481] 
[    0.747861] *************************************************************
[    0.749231] **     NOTICE NOTICE NOTICE NOTICE NOTICE NOTICE NOTICE    **
[    0.750293] **                                                         **
[    0.751696] **  IOMMU DebugFS SUPPORT HAS BEEN ENABLED IN THIS KERNEL  **
[    0.753083] **                                                         **
[    0.754291] ** This means that this kernel is built to expose internal **
[    0.755689] ** IOMMU data structures, which may compromise security on **
[    0.757074] ** your system.                                            **
[    0.758291] **                                                         **
[    0.759686] ** If you see this message and you are not debugging the   **
[    0.761078] ** kernel, report this immediately to your vendor!         **
[    0.762302] **                                                         **
[    0.763693] **     NOTICE NOTICE NOTICE NOTICE NOTICE NOTICE NOTICE    **
[    0.765060] *************************************************************
[    0.766459] PM: RTC time: 09:19:28, date: 2023-01-03
[    0.772625] NET: Registered PF_NETLINK/PF_ROUTE protocol family
[    0.774948] DMA: preallocated 256 KiB GFP_KERNEL pool for atomic allocations
[    0.776255] DMA: preallocated 256 KiB GFP_KERNEL|GFP_DMA pool for atomic allocations
[    0.777684] DMA: preallocated 256 KiB GFP_KERNEL|GFP_DMA32 pool for atomic allocations
[    0.778393] audit: initializing netlink subsys (disabled)
[    0.779555] audit: type=2000 audit(1672737569.328:1): state=initialized audit_enabled=0 res=1
[    0.779555] thermal_sys: Registered thermal governor 'fair_share'
[    0.780081] thermal_sys: Registered thermal governor 'bang_bang'
[    0.782294] thermal_sys: Registered thermal governor 'step_wise'
[    0.783439] thermal_sys: Registered thermal governor 'user_space'
[    0.784740] cpuidle: using governor ladder
[    0.786318] cpuidle: using governor menu
[    0.787874] acpiphp: ACPI Hot Plug PCI Controller Driver version: 0.5
[    0.790095] PCI: Using configuration type 1 for base access
[    0.806796] Callback from call_rcu_tasks_rude() invoked.
[    0.822745] kprobes: kprobe jump-optimization is enabled. All kprobes are optimized if possible.
[    1.335862] HugeTLB: registered 1.00 GiB page size, pre-allocated 0 pages
[    1.337508] HugeTLB: 16380 KiB vmemmap can be freed for a 1.00 GiB page
[    1.338293] HugeTLB: registered 2.00 MiB page size, pre-allocated 0 pages
[    1.339760] HugeTLB: 28 KiB vmemmap can be freed for a 2.00 MiB page
[    1.344851] ACPI: Added _OSI(Module Device)
[    1.345797] ACPI: Added _OSI(Processor Device)
[    1.346293] ACPI: Added _OSI(3.0 _SCP Extensions)
[    1.347338] ACPI: Added _OSI(Processor Aggregator Device)
[    1.362660] ACPI: 1 ACPI AML tables successfully acquired and loaded
[    1.372070] ACPI: Interpreter enabled
[    1.373206] ACPI: PM: (supports S0 S3 S4 S5)
[    1.374260] ACPI: Using IOAPIC for interrupt routing
[    1.375637] PCI: Using host bridge windows from ACPI; if necessary, use "pci=nocrs" and report a bug
[    1.377819] PCI: Using E820 reservations for host bridge windows
[    1.379946] ACPI: Enabled 2 GPEs in block 00 to 0F
[    1.420929] ACPI: PCI Root Bridge [PCI0] (domain 0000 [bus 00-ff])
[    1.422320] acpi PNP0A03:00: _OSC: OS supports [ASPM ClockPM Segments MSI EDR HPX-Type3]
[    1.424009] acpi PNP0A03:00: _OSC: not requesting OS control; OS requires [ExtendedConfig ASPM ClockPM MSI]
[    1.426175] acpi PNP0A03:00: fail to add MMCONFIG information, can't access extended PCI configuration space under this bridge.
[    1.432286] acpiphp: Slot [3] registered
[    1.433326] acpiphp: Slot [4] registered
[    1.434384] acpiphp: Slot [5] registered
[    1.435459] acpiphp: Slot [6] registered
[    1.436550] acpiphp: Slot [7] registered
[    1.437658] acpiphp: Slot [8] registered
[    1.438505] acpiphp: Slot [9] registered
[    1.439677] acpiphp: Slot [10] registered
[    1.440862] acpiphp: Slot [11] registered
[    1.442041] acpiphp: Slot [12] registered
[    1.442465] acpiphp: Slot [13] registered
[    1.443489] acpiphp: Slot [14] registered
[    1.444512] acpiphp: Slot [15] registered
[    1.445561] acpiphp: Slot [16] registered
[    1.446462] acpiphp: Slot [17] registered
[    1.447483] acpiphp: Slot [18] registered
[    1.448523] acpiphp: Slot [19] registered
[    1.449545] acpiphp: Slot [20] registered
[    1.450490] acpiphp: Slot [21] registered
[    1.451522] acpiphp: Slot [22] registered
[    1.452555] acpiphp: Slot [23] registered
[    1.453599] acpiphp: Slot [24] registered
[    1.454475] acpiphp: Slot [25] registered
[    1.455555] acpiphp: Slot [26] registered
[    1.456637] acpiphp: Slot [27] registered
[    1.457751] acpiphp: Slot [28] registered
[    1.458493] acpiphp: Slot [29] registered
[    1.459657] acpiphp: Slot [30] registered
[    1.460852] acpiphp: Slot [31] registered
[    1.461923] PCI host bridge to bus 0000:00
[    1.462305] pci_bus 0000:00: root bus resource [io  0x0000-0x0cf7 window]
[    1.463920] pci_bus 0000:00: root bus resource [io  0x0d00-0xffff window]
[    1.465558] pci_bus 0000:00: root bus resource [mem 0x000a0000-0x000bffff window]
[    1.466301] pci_bus 0000:00: root bus resource [mem 0x80000000-0xfebfffff window]
[    1.468121] pci_bus 0000:00: root bus resource [mem 0x100000000-0x17fffffff window]
[    1.470012] pci_bus 0000:00: root bus resource [bus 00-ff]
[    1.470688] pci 0000:00:00.0: [8086:1237] type 00 class 0x060000
[    1.479852] pci 0000:00:01.0: [8086:7000] type 00 class 0x060100
[    1.483081] pci 0000:00:01.1: [8086:7010] type 00 class 0x010180
[    1.487484] pci 0000:00:01.1: reg 0x20: [io  0xc040-0xc04f]
[    1.490359] pci 0000:00:01.1: legacy IDE quirk: reg 0x10: [io  0x01f0-0x01f7]
[    1.491993] pci 0000:00:01.1: legacy IDE quirk: reg 0x14: [io  0x03f6]
[    1.493506] pci 0000:00:01.1: legacy IDE quirk: reg 0x18: [io  0x0170-0x0177]
[    1.494307] pci 0000:00:01.1: legacy IDE quirk: reg 0x1c: [io  0x0376]
[    1.496764] pci 0000:00:01.3: [8086:7113] type 00 class 0x068000
[    1.499143] pci 0000:00:01.3: quirk: [io  0x0600-0x063f] claimed by PIIX4 ACPI
[    1.500881] pci 0000:00:01.3: quirk: [io  0x0700-0x070f] claimed by PIIX4 SMB
[    1.503118] pci 0000:00:02.0: [1234:1111] type 00 class 0x030000
[    1.506305] pci 0000:00:02.0: reg 0x10: [mem 0xfd000000-0xfdffffff pref]
[    1.511107] pci 0000:00:02.0: reg 0x18: [mem 0xfebf0000-0xfebf0fff]
[    1.518316] pci 0000:00:02.0: reg 0x30: [mem 0xfebe0000-0xfebeffff pref]
[    1.519929] pci 0000:00:02.0: Video device with shadowed ROM at [mem 0x000c0000-0x000dffff]
[    1.528687] pci 0000:00:03.0: [8086:100e] type 00 class 0x020000
[    1.530745] pci 0000:00:03.0: reg 0x10: [mem 0xfebc0000-0xfebdffff]
[    1.533685] pci 0000:00:03.0: reg 0x14: [io  0xc000-0xc03f]
[    1.539410] pci 0000:00:03.0: reg 0x30: [mem 0xfeb80000-0xfebbffff pref]
[    1.596137] ACPI: PCI: Interrupt link LNKA configured for IRQ 10
[    1.597913] ACPI: PCI: Interrupt link LNKB configured for IRQ 10
[    1.598892] ACPI: PCI: Interrupt link LNKC configured for IRQ 11
[    1.600608] ACPI: PCI: Interrupt link LNKD configured for IRQ 11
[    1.602014] ACPI: PCI: Interrupt link LNKS configured for IRQ 9
[    1.604037] iommu: Default domain type: Translated 
[    1.605012] iommu: DMA domain TLB invalidation policy: lazy mode 
[    1.607717] SCSI subsystem initialized
[    1.608713] Callback from call_rcu_tasks() invoked.
[    1.610115] ACPI: bus type USB registered
[    1.610421] usbcore: registered new interface driver usbfs
[    1.611816] usbcore: registered new interface driver hub
[    1.613173] usbcore: registered new device driver usb
[    1.614466] pps_core: LinuxPPS API ver. 1 registered
[    1.615696] pps_core: Software ver. 5.3.6 - Copyright 2005-2007 Rodolfo Giometti <giometti@linux.it>
[    1.617959] PTP clock support registered
[    1.618583] EDAC MC: Ver: 3.0.0
[    1.621694] NetLabel: Initializing
[    1.622297] NetLabel:  domain hash size = 128
[    1.623368] NetLabel:  protocols = UNLABELED CIPSOv4 CALIPSO
[    1.624854] NetLabel:  unlabeled traffic allowed by default
[    1.659063] PCI: Using ACPI for IRQ routing
[    1.660526] pci 0000:00:02.0: vgaarb: setting as boot VGA device
[    1.661627] pci 0000:00:02.0: vgaarb: bridge control possible
[    1.662273] pci 0000:00:02.0: vgaarb: VGA device added: decodes=io+mem,owns=io+mem,locks=none
[    1.662286] vgaarb: loaded
[    1.663410] hpet0: at MMIO 0xfed00000, IRQs 2, 8, 0
[    1.664451] hpet0: 3 comparators, 64-bit 100.000000 MHz counter
[    5.786604] clocksource: Switched to clocksource kvm-clock
[    6.043578] VFS: Disk quotas dquot_6.6.0
[    6.044409] VFS: Dquot-cache hash table entries: 512 (order 0, 4096 bytes)
[    6.046062] pnp: PnP ACPI init
[    6.049434] pnp: PnP ACPI: found 6 devices
[    6.063582] clocksource: acpi_pm: mask: 0xffffff max_cycles: 0xffffff, max_idle_ns: 2085701024 ns
[    6.065628] NET: Registered PF_INET protocol family
[    6.066679] IP idents hash table entries: 32768 (order: 6, 262144 bytes, linear)
[    6.069470] tcp_listen_portaddr_hash hash table entries: 1024 (order: 4, 73728 bytes, linear)
[    6.071244] Table-perturb hash table entries: 65536 (order: 6, 262144 bytes, linear)
[    6.072942] TCP established hash table entries: 16384 (order: 5, 131072 bytes, linear)
[    6.074946] TCP bind hash table entries: 16384 (order: 9, 2359296 bytes, linear)
[    6.077243] TCP: Hash tables configured (established 16384 bind 16384)
[    6.078529] UDP hash table entries: 1024 (order: 5, 163840 bytes, linear)
[    6.079726] UDP-Lite hash table entries: 1024 (order: 5, 163840 bytes, linear)
[    6.081147] NET: Registered PF_UNIX/PF_LOCAL protocol family
[    6.082906] RPC: Registered named UNIX socket transport module.
[    6.083942] RPC: Registered udp transport module.
[    6.084725] RPC: Registered tcp transport module.
[    6.085508] RPC: Registered tcp NFSv4.1 backchannel transport module.
[    6.086645] pci_bus 0000:00: resource 4 [io  0x0000-0x0cf7 window]
[    6.087724] pci_bus 0000:00: resource 5 [io  0x0d00-0xffff window]
[    6.088798] pci_bus 0000:00: resource 6 [mem 0x000a0000-0x000bffff window]
[    6.090029] pci_bus 0000:00: resource 7 [mem 0x80000000-0xfebfffff window]
[    6.091325] pci_bus 0000:00: resource 8 [mem 0x100000000-0x17fffffff window]
[    6.092852] pci 0000:00:01.0: PIIX3: Enabling Passive Release
[    6.093843] pci 0000:00:00.0: Limiting direct PCI/PCI transfers
[    6.095048] PCI: CLS 0 bytes, default 64
[    6.095835] ACPI: bus type thunderbolt registered
[    6.097023] clocksource: tsc: mask: 0xffffffffffffffff max_cycles: 0x363e8c91135, max_idle_ns: 881590568389 ns
[    6.103026] Initialise system trusted keyrings
[    6.103922] Key type blacklist registered
[    6.104892] workingset: timestamp_bits=36 max_order=19 bucket_order=0
[    6.119808] zbud: loaded
[    6.123165] squashfs: version 4.0 (2009/01/31) Phillip Lougher
[    6.125980] NFS: Registering the id_resolver key type
[    6.126907] Key type id_resolver registered
[    6.127640] Key type id_legacy registered
[    6.128487] nfs4filelayout_init: NFSv4 File Layout Driver Registering...
[    6.129705] nfs4flexfilelayout_init: NFSv4 Flexfile Layout Driver Registering...
[    6.131333] fuse: init (API version 7.37)
[    6.132638] SGI XFS with ACLs, security attributes, realtime, quota, no debug enabled
[    6.137271] 9p: Installing v9fs 9p2000 file system support
[    6.147918] Key type asymmetric registered
[    6.148718] Asymmetric key parser 'x509' registered
[    6.151875] alg: self-tests for CTR-KDF (hmac(sha256)) passed
[    6.153184] Block layer SCSI generic (bsg) driver version 0.4 loaded (major 243)
[    6.155145] io scheduler mq-deadline registered
[    6.156196] io scheduler bfq registered
[    6.158430] shpchp: Standard Hot Plug PCI Controller Driver version: 0.4
[    6.160161] IPMI message handler: version 39.2
[    6.161002] ipmi device interface
[    6.164115] input: Power Button as /devices/LNXSYSTM:00/LNXPWRBN:00/input/input0
[    6.166006] ACPI: button: Power Button [PWRF]
[    6.168902] ERST DBG: ERST support is disabled.
[    6.171163] Serial: 8250/16550 driver, 32 ports, IRQ sharing enabled
[    6.173534] 00:04: ttyS0 at I/O 0x3f8 (irq = 4, base_baud = 115200) is a 16550A
[    6.194168] Linux agpgart interface v0.103
[    6.196296] ACPI: bus type drm_connector registered
[    6.220939] brd: module loaded
[    6.232425] loop: module loaded
[    6.239578] scsi host0: ata_piix
[    6.241101] scsi host1: ata_piix
[    6.241918] ata1: PATA max MWDMA2 cmd 0x1f0 ctl 0x3f6 bmdma 0xc040 irq 14
[    6.243145] ata2: PATA max MWDMA2 cmd 0x170 ctl 0x376 bmdma 0xc048 irq 15
[    6.245869] tun: Universal TUN/TAP device driver, 1.6
[    6.247158] e100: Intel(R) PRO/100 Network Driver
[    6.248055] e100: Copyright(c) 1999-2006 Intel Corporation
[    6.249151] e1000: Intel(R) PRO/1000 Network Driver
[    6.250045] e1000: Copyright (c) 1999-2006 Intel Corporation.
[    6.402711] ata1: found unknown device (class 0)
[    6.404954] ata2: found unknown device (class 0)
[    6.407239] ata1.00: ATA-7: QEMU HARDDISK, 2.5+, max UDMA/100
[    6.408774] ata1.00: 16777216 sectors, multi 16: LBA48 
[    6.411143] ata2.00: ATAPI: QEMU DVD-ROM, 2.5+, max UDMA/100
[    6.414901] scsi 0:0:0:0: Direct-Access     ATA      QEMU HARDDISK    2.5+ PQ: 0 ANSI: 5
[    6.418398] scsi 0:0:0:0: Attached scsi generic sg0 type 0
[    6.420709] sd 0:0:0:0: [sda] 16777216 512-byte logical blocks: (8.59 GB/8.00 GiB)
[    6.423108] scsi 1:0:0:0: CD-ROM            QEMU     QEMU DVD-ROM     2.5+ PQ: 0 ANSI: 5
[    6.425940] sd 0:0:0:0: [sda] Write Protect is off
[    6.428496] sd 0:0:0:0: [sda] Write cache: enabled, read cache: enabled, doesn't support DPO or FUA
[    6.430411] sd 0:0:0:0: [sda] Preferred minimum I/O size 512 bytes
[    6.445338] sd 0:0:0:0: [sda] Attached SCSI disk
[    6.455828] scsi 1:0:0:0: Attached scsi generic sg1 type 5
[    6.567901] ACPI: \_SB_.LNKC: Enabled at IRQ 11
[    6.953677] e1000 0000:00:03.0 eth0: (PCI:33MHz:32-bit) 52:54:00:12:34:56
[    6.955146] e1000 0000:00:03.0 eth0: Intel(R) PRO/1000 Network Connection
[    6.956695] e1000e: Intel(R) PRO/1000 Network Driver
[    6.957642] e1000e: Copyright(c) 1999 - 2015 Intel Corporation.
[    6.958999] igb: Intel(R) Gigabit Ethernet Network Driver
[    6.960087] igb: Copyright (c) 2007-2014 Intel Corporation.
[    6.961420] PPP generic driver version 2.4.2
[    6.963182] VFIO - User Level meta-driver version: 0.3
[    6.965262] usbcore: registered new interface driver uas
[    6.966413] usbcore: registered new interface driver usb-storage
[    6.967858] i8042: PNP: PS/2 Controller [PNP0303:KBD,PNP0f13:MOU] at 0x60,0x64 irq 1,12
[    6.970711] serio: i8042 KBD port at 0x60,0x64 irq 1
[    6.971707] serio: i8042 AUX port at 0x60,0x64 irq 12
[    6.973937] mousedev: PS/2 mouse device common for all mice
[    6.976878] input: AT Translated Set 2 keyboard as /devices/platform/i8042/serio0/input/input1
[    6.980646] input: VirtualPS/2 VMware VMMouse as /devices/platform/i8042/serio1/input/input4
[    6.982704] rtc_cmos 00:05: RTC can wake from S4
[    6.985984] input: VirtualPS/2 VMware VMMouse as /devices/platform/i8042/serio1/input/input3
[    6.988560] rtc_cmos 00:05: registered as rtc0
[    6.989579] rtc_cmos 00:05: setting system clock to 2023-01-03T09:19:34 UTC (1672737574)
[    6.991434] rtc_cmos 00:05: alarms up to one day, y3k, 242 bytes nvram, hpet irqs
[    6.993018] i2c_dev: i2c /dev entries driver
[    6.994628] device-mapper: core: CONFIG_IMA_DISABLE_HTABLE is disabled. Duplicate IMA measurements will not be recorded in the IMA log.
[    6.997155] device-mapper: uevent: version 1.0.3
[    6.998620] device-mapper: ioctl: 4.47.0-ioctl (2022-07-28) initialised: dm-devel@redhat.com
[    7.000327] intel_pstate: CPU model not supported
[    7.001428] sdhci: Secure Digital Host Controller Interface driver
[    7.002643] sdhci: Copyright(c) Pierre Ossman
[    7.003660] sdhci-pltfm: SDHCI platform and OF driver helper
[    7.004883] ledtrig-cpu: registered to indicate activity on CPUs
[    7.006865] drop_monitor: Initializing network drop monitor service
[    7.009118] NET: Registered PF_INET6 protocol family
[    7.013833] Segment Routing with IPv6
[    7.014645] In-situ OAM (IOAM) with IPv6
[    7.015533] NET: Registered PF_PACKET protocol family
[    7.016942] 9pnet: Installing 9P2000 support
[    7.017870] Key type dns_resolver registered
[    7.020207] IPI shorthand broadcast: enabled
[    7.021147] sched_clock: Marking stable (6974428255, 45140725)->(7120845342, -101276362)
[    7.023936] registered taskstats version 1
[    7.025112] Loading compiled-in X.509 certificates
[    7.026607] zswap: loaded using pool lzo/zbud
[    7.028583] Key type .fscrypt registered
[    7.029505] Key type fscrypt-provisioning registered
[    7.032591] Key type encrypted registered
[    7.033444] ima: No TPM chip found, activating TPM-bypass!
[    7.034585] ima: Allocated hash algorithm: sha1
[    7.035544] ima: No architecture policies found
[    7.036584] evm: Initialising EVM extended attributes:
[    7.037569] evm: security.selinux
[    7.038213] evm: security.SMACK64
[    7.038875] evm: security.SMACK64EXEC
[    7.039572] evm: security.SMACK64TRANSMUTE
[    7.040369] evm: security.SMACK64MMAP
[    7.041105] evm: security.apparmor
[    7.041791] evm: security.ima
[    7.042431] evm: security.capability
[    7.043166] evm: HMAC attrs: 0x1
[    7.052406] PM:   Magic number: 7:417:322
[    7.053254] misc mcelog: hash matches
[    7.054098] tty tty47: hash matches
[    7.055449] RAS: Correctable Errors collector initialized.
[    7.058522] md: Waiting for all devices to be available before autodetect
[    7.059393] md: If you don't use raid, use raid=noautodetect
[    7.060111] md: Autodetecting RAID arrays.
[    7.060657] md: autorun ...
[    7.061028] md: ... autorun DONE.
[    7.085558] EXT4-fs (sda): mounted filesystem with ordered data mode. Quota mode: none.
[    7.087204] VFS: Mounted root (ext4 filesystem) readonly on device 8:0.
[    7.092425] devtmpfs: mounted
[    7.102756] Freeing unused decrypted memory: 2036K
[    7.106163] Freeing unused kernel image (initmem) memory: 3672K
[    7.107094] Write protecting the kernel read-only data: 43008k
[    7.113072] Freeing unused kernel image (text/rodata gap) memory: 2028K
[    7.114507] Freeing unused kernel image (rodata/data gap) memory: 372K
[    7.336779] x86/mm: Checked W+X mappings: passed, no W+X pages found.
[    7.337884] Run /sbin/init as init process
[    7.549873] systemd[1]: RTC configured in localtime, applying delta of 0 minutes to system time.
[    7.620536] systemd[1]: systemd 239 (239-49.el8) running in system mode. (+PAM +AUDIT +SELINUX +IMA -APPARMOR +SMACK +SYSVINIT +UTMP +LIBCRYPTSETUP +GCRYPT +GNUTLS +ACL +XZ +LZ4 +SECCOMP +BLKID +ELFUTILS +KMOD +IDN2 -IDN +PCRE2 default-hierarchy=legacy)
[    7.623906] systemd[1]: Detected virtualization kvm.
[    7.624568] systemd[1]: Detected architecture x86-64.

Welcome to [0;31mCentOS Stream 8[0m!

[    7.713790] systemd[1]: Set hostname to <test>.
[    8.846497] random: crng init done
[    9.044464] systemd[1]: Created slice system-serial\x2dgetty.slice.
[[0;32m  OK  [0m] Created slice system-serial\x2dgetty.slice.
[    9.047546] systemd[1]: Listening on udev Control Socket.
[[0;32m  OK  [0m] Listening on udev Control Socket.
[    9.049742] systemd[1]: Listening on LVM2 poll daemon socket.
[[0;32m  OK  [0m] Listening on LVM2 poll daemon socket.
[    9.051595] systemd[1]: Reached target Swap.
[[0;32m  OK  [0m] Reached target Swap.
[    9.053513] systemd[1]: Listening on Journal Socket (/dev/log).
[[0;32m  OK  [0m] Listening on Journal Socket (/dev/log).
[    9.056977] systemd[1]: Created slice User and Session Slice.
[[0;32m  OK  [0m] Created slice User and Session Slice.
[[0;32m  OK  [0m] Created slice system-sshd\x2dkeygen.slice.
[[0;32m  OK  [0m] Set up automount Arbitrary Executabâ€¦rmats File System Automount Point.
[[0;32m  OK  [0m] Listening on Device-mapper event daemon FIFOs.
[[0;32m  OK  [0m] Started Forward Password Requests to Wall Directory Watch.
[[0;32m  OK  [0m] Reached target Slices.
[[0;32m  OK  [0m] Listening on multipathd control socket.
[[0;32m  OK  [0m] Listening on RPCbind Server Activation Socket.
[[0;32m  OK  [0m] Reached target RPC Port Mapper.
[[0;32m  OK  [0m] Created slice system-getty.slice.
[[0;32m  OK  [0m] Listening on udev Kernel Socket.
[[0;32m  OK  [0m] Listening on Process Core Dump Socket.
[[0;32m  OK  [0m] Listening on Journal Socket.
         Starting Setup Virtual Console...
         Mounting POSIX Message Queue File System...
         Starting udev Coldplug all Devices...
         Mounting Kernel Debug File System...
         Starting Monitoring of LVM2 mirrorsâ€¦ng dmeventd or progress polling...
         Starting Remount Root and Kernel File Systems...
         Mounting Huge Pages File System...
         Starting Load Kernel Modules...
         Starting Journal Service...
[[0;32m  OK  [0m] Listening on initctl Compatibility Named Pipe.
[[0;32m  OK  [0m] Mounted POSIX Message Queue File System.
[[0;32m  OK  [0m] Mounted Kernel Debug File System.
[[0;32m  OK  [0m] Mounted Huge Pages File System.
[[0;1;31mFAILED[0m] Failed to start Load Kernel Modules.
See 'systemctl status systemd-modules-load.service' for details.
         Starting Apply Kernel Variables...
         Mounting FUSE Control File System...
         Mounting Kernel Configuration File System...
[    9.678538] EXT4-fs (sda): re-mounted. Quota mode: none.
[[0;32m  OK  [0m] Started Remount Root and Kernel File Systems.
         Starting Load/Save Random Seed...
         Starting Create Static Device Nodes in /dev...
[[0;32m  OK  [0m] Started Journal Service.
[[0;32m  OK  [0m] Started Setup Virtual Console.
[[0;32m  OK  [0m] Started udev Coldplug all Devices.
[[0;32m  OK  [0m] Started Apply Kernel Variables.
[[0;32m  OK  [0m] Mounted FUSE Control File System.
[[0;32m  OK  [0m] Mounted Kernel Configuration File System.
[[0;32m  OK  [0m] Started Load/Save Random Seed.
         Starting udev Wait for Complete Device Initialization...
         Starting Flush Journal to Persistent Storage...
[[0;32m  OK  [0m] Started Create Static Device Nodes in /dev.
         Starting udev Kernel Device Manager...
[[0;32m  OK  [0m] Started Flush Journal to Persistent Storage.
[[0;32m  OK  [0m] Started udev Kernel Device Manager.
         Starting Show Plymouth Boot Screen...
[[0;32m  OK  [0m] Started Show Plymouth Boot Screen.
[[0;32m  OK  [0m] Reached target Paths.
[[0;32m  OK  [0m] Reached target Local Encrypted Volumes.
[[0;32m  OK  [0m] Started Forward Password Requests to Plymouth Directory Watch.
[[0;32m  OK  [0m] Found device /dev/ttyS0.
[[0;32m  OK  [0m] Started Monitoring of LVM2 mirrors,â€¦sing dmeventd or progress polling.
[[0;32m  OK  [0m] Listening on Load/Save RF Kill Switch Status /dev/rfkill Watch.
[[0;32m  OK  [0m] Started udev Wait for Complete Device Initialization.
[[0;32m  OK  [0m] Reached target Local File Systems (Pre).
[[0;32m  OK  [0m] Reached target Local File Systems.
         Starting Restore /run/initramfs on shutdown...
         Starting Tell Plymouth To Write Out Runtime Data...
         Starting Create Volatile Files and Directories...
[[0;32m  OK  [0m] Started Restore /run/initramfs on shutdown.
[[0;32m  OK  [0m] Started Tell Plymouth To Write Out Runtime Data.
[[0;32m  OK  [0m] Started Create Volatile Files and Directories.
         Starting RPC Bind...
         Mounting RPC Pipe File System...
         Starting Security Auditing Service...
[[0;32m  OK  [0m] Mounted RPC Pipe File System.
[[0;32m  OK  [0m] Reached target rpc_pipefs.target.
[[0;32m  OK  [0m] Started RPC Bind.
[[0;32m  OK  [0m] Started Security Auditing Service.
         Starting Update UTMP about System Boot/Shutdown...
[[0;32m  OK  [0m] Started Update UTMP about System Boot/Shutdown.
[[0;32m  OK  [0m] Reached target System Initialization.
[[0;32m  OK  [0m] Started dnf makecache --timer.
[[0;32m  OK  [0m] Listening on SSSD Kerberos Cache Manager responder socket.
[[0;32m  OK  [0m] Started Daily Cleanup of Temporary Directories.
[[0;32m  OK  [0m] Listening on D-Bus System Message Bus Socket.
[[0;32m  OK  [0m] Reached target Sockets.
[[0;32m  OK  [0m] Started daily update of the root trust anchor for DNSSEC.
[[0;32m  OK  [0m] Reached target Timers.
[[0;32m  OK  [0m] Reached target Basic System.
[[0;32m  OK  [0m] Started D-Bus System Message Bus.
[[0;32m  OK  [0m] Started Machine Check Exception Logging Daemon.
         Starting Auto-connect to subsystemsâ€¦-NVME devices found during boot...
[[0;32m  OK  [0m] Reached target sshd-keygen.target.
         Starting NTP client/server...
         Starting Network Manager...
         Starting Self Monitoring and Reporting Technology (SMART) Daemon...
[[0;32m  OK  [0m] Started irqbalance daemon.
         Starting Login Service...
         Starting Authorization Manager...
[[0;32m  OK  [0m] Started Auto-connect to subsystems â€¦FC-NVME devices found during boot.
         Starting update of the root trust aâ€¦or DNSSEC validation in unbound...
[[0;32m  OK  [0m] Started Self Monitoring and Reporting Technology (SMART) Daemon.
[[0;32m  OK  [0m] Started Login Service.
[[0;32m  OK  [0m] Started Network Manager.
[[0;32m  OK  [0m] Reached target Network.
         Starting OpenSSH server daemon...
         Starting GSSAPI Proxy Daemon...
         Starting Dynamic System Tuning Daemon...
         Starting Network Manager Wait Online...
[[0;32m  OK  [0m] Started update of the root trust anâ€¦ for DNSSEC validation in unbound.
[[0;32m  OK  [0m] Started NTP client/server.
[[0;32m  OK  [0m] Started OpenSSH server daemon.
[[0;32m  OK  [0m] Started GSSAPI Proxy Daemon.
[[0;32m  OK  [0m] Reached target NFS client services.
[[0;32m  OK  [0m] Reached target Remote File Systems (Pre).
[[0;32m  OK  [0m] Reached target Remote File Systems.
         Starting Permit User Sessions...
         Starting Hostname Service...
[[0;32m  OK  [0m] Started Authorization Manager.
[[0;32m  OK  [0m] Started Permit User Sessions.
         Starting Hold until boot process finishes up...
         Starting Terminate Plymouth Boot Screen...
[[0;32m  OK  [0m] Started Command Scheduler.
[[0;32m  OK  [0m] Started Hold until boot process finishes up.
[[0;32m  OK  [0m] Started Terminate Plymouth Boot Screen.
[   13.230780] e1000: eth0 NIC Link is Up 1000 Mbps Full Duplex, Flow Control: RX
[   13.233107] IPv6: ADDRCONF(NETDEV_CHANGE): eth0: link becomes ready
[   13.653711] Spectre V2 : WARNING: Unprivileged eBPF is enabled with eIBRS on, data leaks possible via Spectre v2 BHB attacks!
[   13.655344] Spectre V2 : WARNING: Unprivileged eBPF is enabled with eIBRS on, data leaks possible via Spectre v2 BHB attacks!

CentOS Stream 8
Kernel 6.1.0-rc4-9f2b5debc070+ on an x86_64

test login: [   30.143317] sg_write: data in/out 131036/42 bytes for SCSI command 0xff-- guessing data in;
[   30.143317]    program repro not setting count and/or reply_len properly
[   30.154656] sg_write: data in/out 131036/42 bytes for SCSI command 0xff-- guessing data in;
[   30.154656]    program repro not setting count and/or reply_len properly
[   30.165416] sg_write: data in/out 131036/42 bytes for SCSI command 0xff-- guessing data in;
[   30.165416]    program repro not setting count and/or reply_len properly
[   30.174700] sg_write: data in/out 131036/42 bytes for SCSI command 0xff-- guessing data in;
[   30.174700]    program repro not setting count and/or reply_len properly
[   30.182864] sg_write: data in/out 131036/42 bytes for SCSI command 0xff-- guessing data in;
[   30.182864]    program repro not setting count and/or reply_len properly
[   30.191841] sg_write: data in/out 131036/42 bytes for SCSI command 0xff-- guessing data in;
[   30.191841]    program repro not setting count and/or reply_len properly
[   30.199919] sg_write: data in/out 131036/42 bytes for SCSI command 0xff-- guessing data in;
[   30.199919]    program repro not setting count and/or reply_len properly
[   30.208778] sg_write: data in/out 131036/42 bytes for SCSI command 0xff-- guessing data in;
[   30.208778]    program repro not setting count and/or reply_len properly
[   30.216133] sg_write: data in/out 131036/42 bytes for SCSI command 0xff-- guessing data in;
[   30.216133]    program repro not setting count and/or reply_len properly
[   30.223929] sg_write: data in/out 131036/42 bytes for SCSI command 0xff-- guessing data in;
[   30.223929]    program repro not setting count and/or reply_len properly
[   35.148013] sg_write: 762 callbacks suppressed
[   35.148030] sg_write: data in/out 131036/42 bytes for SCSI command 0xff-- guessing data in;
[   35.148030]    program repro not setting count and/or reply_len properly
[   35.156720] sg_write: data in/out 131036/42 bytes for SCSI command 0xff-- guessing data in;
[   35.156720]    program repro not setting count and/or reply_len properly
[   35.164539] sg_write: data in/out 131036/42 bytes for SCSI command 0xff-- guessing data in;
[   35.164539]    program repro not setting count and/or reply_len properly
[   35.171587] sg_write: data in/out 131036/42 bytes for SCSI command 0xff-- guessing data in;
[   35.171587]    program repro not setting count and/or reply_len properly
[   35.179675] sg_write: data in/out 131036/42 bytes for SCSI command 0xff-- guessing data in;
[   35.179675]    program repro not setting count and/or reply_len properly
[   35.186441] sg_write: data in/out 131036/42 bytes for SCSI command 0xff-- guessing data in;
[   35.186441]    program repro not setting count and/or reply_len properly
[   35.193718] sg_write: data in/out 131036/42 bytes for SCSI command 0xff-- guessing data in;
[   35.193718]    program repro not setting count and/or reply_len properly
[   35.200415] sg_write: data in/out 131036/42 bytes for SCSI command 0xff-- guessing data in;
[   35.200415]    program repro not setting count and/or reply_len properly
[   35.206987] sg_write: data in/out 131036/42 bytes for SCSI command 0xff-- guessing data in;
[   35.206987]    program repro not setting count and/or reply_len properly
[   35.213614] sg_write: data in/out 131036/42 bytes for SCSI command 0xff-- guessing data in;
[   35.213614]    program repro not setting count and/or reply_len properly
[   40.151426] sg_write: 845 callbacks suppressed
[   40.151441] sg_write: data in/out 131036/42 bytes for SCSI command 0xff-- guessing data in;
[   40.151441]    program repro not setting count and/or reply_len properly
[   40.159593] sg_write: data in/out 131036/42 bytes for SCSI command 0xff-- guessing data in;
[   40.159593]    program repro not setting count and/or reply_len properly
[   40.166261] sg_write: data in/out 131036/42 bytes for SCSI command 0xff-- guessing data in;
[   40.166261]    program repro not setting count and/or reply_len properly
[   40.173227] sg_write: data in/out 131036/42 bytes for SCSI command 0xff-- guessing data in;
[   40.173227]    program repro not setting count and/or reply_len properly
[   40.180156] sg_write: data in/out 131036/42 bytes for SCSI command 0xff-- guessing data in;
[   40.180156]    program repro not setting count and/or reply_len properly
[   40.189009] sg_write: data in/out 131036/42 bytes for SCSI command 0xff-- guessing data in;
[   40.189009]    program repro not setting count and/or reply_len properly
[   40.197867] sg_write: data in/out 131036/42 bytes for SCSI command 0xff-- guessing data in;
[   40.197867]    program repro not setting count and/or reply_len properly
[   40.207263] sg_write: data in/out 131036/42 bytes for SCSI command 0xff-- guessing data in;
[   40.207263]    program repro not setting count and/or reply_len properly
[   40.217627] sg_write: data in/out 131036/42 bytes for SCSI command 0xff-- guessing data in;
[   40.217627]    program repro not setting count and/or reply_len properly
[   40.226959] sg_write: data in/out 131036/42 bytes for SCSI command 0xff-- guessing data in;
[   40.226959]    program repro not setting count and/or reply_len properly
[   45.157111] sg_write: 723 callbacks suppressed
[   45.157125] sg_write: data in/out 131036/42 bytes for SCSI command 0xff-- guessing data in;
[   45.157125]    program repro not setting count and/or reply_len properly
[   45.164216] sg_write: data in/out 131036/42 bytes for SCSI command 0xff-- guessing data in;
[   45.164216]    program repro not setting count and/or reply_len properly
[   45.171057] sg_write: data in/out 131036/42 bytes for SCSI command 0xff-- guessing data in;
[   45.171057]    program repro not setting count and/or reply_len properly
[   45.178340] sg_write: data in/out 131036/42 bytes for SCSI command 0xff-- guessing data in;
[   45.178340]    program repro not setting count and/or reply_len properly
[   45.185568] sg_write: data in/out 131036/42 bytes for SCSI command 0xff-- guessing data in;
[   45.185568]    program repro not setting count and/or reply_len properly
[   45.192883] sg_write: data in/out 131036/42 bytes for SCSI command 0xff-- guessing data in;
[   45.192883]    program repro not setting count and/or reply_len properly
[   45.199490] sg_write: data in/out 131036/42 bytes for SCSI command 0xff-- guessing data in;
[   45.199490]    program repro not setting count and/or reply_len properly
[   45.205597] sg_write: data in/out 131036/42 bytes for SCSI command 0xff-- guessing data in;
[   45.205597]    program repro not setting count and/or reply_len properly
[   45.211761] sg_write: data in/out 131036/42 bytes for SCSI command 0xff-- guessing data in;
[   45.211761]    program repro not setting count and/or reply_len properly
[   45.220378] sg_write: data in/out 131036/42 bytes for SCSI command 0xff-- guessing data in;
[   45.220378]    program repro not setting count and/or reply_len properly
[   50.160103] sg_write: 751 callbacks suppressed
[   50.160117] sg_write: data in/out 131036/42 bytes for SCSI command 0xff-- guessing data in;
[   50.160117]    program repro not setting count and/or reply_len properly
[   50.168105] sg_write: data in/out 131036/42 bytes for SCSI command 0xff-- guessing data in;
[   50.168105]    program repro not setting count and/or reply_len properly
[   50.175107] sg_write: data in/out 131036/42 bytes for SCSI command 0xff-- guessing data in;
[   50.175107]    program repro not setting count and/or reply_len properly
[   50.182459] sg_write: data in/out 131036/42 bytes for SCSI command 0xff-- guessing data in;
[   50.182459]    program repro not setting count and/or reply_len properly
[   50.189909] sg_write: data in/out 131036/42 bytes for SCSI command 0xff-- guessing data in;
[   50.189909]    program repro not setting count and/or reply_len properly
[   50.196969] sg_write: data in/out 131036/42 bytes for SCSI command 0xff-- guessing data in;
[   50.196969]    program repro not setting count and/or reply_len properly
[   50.204099] sg_write: data in/out 131036/42 bytes for SCSI command 0xff-- guessing data in;
[   50.204099]    program repro not setting count and/or reply_len properly
[   50.211260] sg_write: data in/out 131036/42 bytes for SCSI command 0xff-- guessing data in;
[   50.211260]    program repro not setting count and/or reply_len properly
[   50.218021] sg_write: data in/out 131036/42 bytes for SCSI command 0xff-- guessing data in;
[   50.218021]    program repro not setting count and/or reply_len properly
[   50.225035] sg_write: data in/out 131036/42 bytes for SCSI command 0xff-- guessing data in;
[   50.225035]    program repro not setting count and/or reply_len properly
[   55.165449] sg_write: 730 callbacks suppressed
[   55.165467] sg_write: data in/out 131036/42 bytes for SCSI command 0xff-- guessing data in;
[   55.165467]    program repro not setting count and/or reply_len properly
[   55.176441] sg_write: data in/out 131036/42 bytes for SCSI command 0xff-- guessing data in;
[   55.176441]    program repro not setting count and/or reply_len properly
[   55.187127] sg_write: data in/out 131036/42 bytes for SCSI command 0xff-- guessing data in;
[   55.187127]    program repro not setting count and/or reply_len properly
[   55.197224] sg_write: data in/out 131036/42 bytes for SCSI command 0xff-- guessing data in;
[   55.197224]    program repro not setting count and/or reply_len properly
[   55.206018] sg_write: data in/out 131036/42 bytes for SCSI command 0xff-- guessing data in;
[   55.206018]    program repro not setting count and/or reply_len properly
[   55.213506] sg_write: data in/out 131036/42 bytes for SCSI command 0xff-- guessing data in;
[   55.213506]    program repro not setting count and/or reply_len properly
[   55.221099] sg_write: data in/out 131036/42 bytes for SCSI command 0xff-- guessing data in;
[   55.221099]    program repro not setting count and/or reply_len properly
[   55.229534] sg_write: data in/out 131036/42 bytes for SCSI command 0xff-- guessing data in;
[   55.229534]    program repro not setting count and/or reply_len properly
[   55.236861] sg_write: data in/out 131036/42 bytes for SCSI command 0xff-- guessing data in;
[   55.236861]    program repro not setting count and/or reply_len properly
[   55.244136] sg_write: data in/out 131036/42 bytes for SCSI command 0xff-- guessing data in;
[   55.244136]    program repro not setting count and/or reply_len properly
[   60.166568] sg_write: 730 callbacks suppressed
[   60.166580] sg_write: data in/out 131036/42 bytes for SCSI command 0xff-- guessing data in;
[   60.166580]    program repro not setting count and/or reply_len properly
[   60.174683] sg_write: data in/out 131036/42 bytes for SCSI command 0xff-- guessing data in;
[   60.174683]    program repro not setting count and/or reply_len properly
[   60.180633] sg_write: data in/out 131036/42 bytes for SCSI command 0xff-- guessing data in;
[   60.180633]    program repro not setting count and/or reply_len properly
[   60.186611] sg_write: data in/out 131036/42 bytes for SCSI command 0xff-- guessing data in;
[   60.186611]    program repro not setting count and/or reply_len properly
[   60.192296] sg_write: data in/out 131036/42 bytes for SCSI command 0xff-- guessing data in;
[   60.192296]    program repro not setting count and/or reply_len properly
[   60.199542] sg_write: data in/out 131036/42 bytes for SCSI command 0xff-- guessing data in;
[   60.199542]    program repro not setting count and/or reply_len properly
[   60.206581] sg_write: data in/out 131036/42 bytes for SCSI command 0xff-- guessing data in;
[   60.206581]    program repro not setting count and/or reply_len properly
[   60.215095] sg_write: data in/out 131036/42 bytes for SCSI command 0xff-- guessing data in;
[   60.215095]    program repro not setting count and/or reply_len properly
[   60.223421] sg_write: data in/out 131036/42 bytes for SCSI command 0xff-- guessing data in;
[   60.223421]    program repro not setting count and/or reply_len properly
[   60.231375] sg_write: data in/out 131036/42 bytes for SCSI command 0xff-- guessing data in;
[   60.231375]    program repro not setting count and/or reply_len properly
[   65.174171] sg_write: 861 callbacks suppressed
[   65.174185] sg_write: data in/out 131036/42 bytes for SCSI command 0xff-- guessing data in;
[   65.174185]    program repro not setting count and/or reply_len properly
[   65.181146] sg_write: data in/out 131036/42 bytes for SCSI command 0xff-- guessing data in;
[   65.181146]    program repro not setting count and/or reply_len properly
[   65.187843] sg_write: data in/out 131036/42 bytes for SCSI command 0xff-- guessing data in;
[   65.187843]    program repro not setting count and/or reply_len properly
[   65.193814] sg_write: data in/out 131036/42 bytes for SCSI command 0xff-- guessing data in;
[   65.193814]    program repro not setting count and/or reply_len properly
[   65.200936] sg_write: data in/out 131036/42 bytes for SCSI command 0xff-- guessing data in;
[   65.200936]    program repro not setting count and/or reply_len properly
[   65.209564] sg_write: data in/out 131036/42 bytes for SCSI command 0xff-- guessing data in;
[   65.209564]    program repro not setting count and/or reply_len properly
[   65.217053] sg_write: data in/out 131036/42 bytes for SCSI command 0xff-- guessing data in;
[   65.217053]    program repro not setting count and/or reply_len properly
[   65.224061] sg_write: data in/out 131036/42 bytes for SCSI command 0xff-- guessing data in;
[   65.224061]    program repro not setting count and/or reply_len properly
[   65.231964] sg_write: data in/out 131036/42 bytes for SCSI command 0xff-- guessing data in;
[   65.231964]    program repro not setting count and/or reply_len properly
[   65.241204] sg_write: data in/out 131036/42 bytes for SCSI command 0xff-- guessing data in;
[   65.241204]    program repro not setting count and/or reply_len properly
[   70.177475] sg_write: 842 callbacks suppressed
[   70.177488] sg_write: data in/out 131036/42 bytes for SCSI command 0xff-- guessing data in;
[   70.177488]    program repro not setting count and/or reply_len properly
[   70.183975] sg_write: data in/out 131036/42 bytes for SCSI command 0xff-- guessing data in;
[   70.183975]    program repro not setting count and/or reply_len properly
[   70.189624] sg_write: data in/out 131036/42 bytes for SCSI command 0xff-- guessing data in;
[   70.189624]    program repro not setting count and/or reply_len properly
[   70.195601] sg_write: data in/out 131036/42 bytes for SCSI command 0xff-- guessing data in;
[   70.195601]    program repro not setting count and/or reply_len properly
[   70.201352] sg_write: data in/out 131036/42 bytes for SCSI command 0xff-- guessing data in;
[   70.201352]    program repro not setting count and/or reply_len properly
[   70.208128] sg_write: data in/out 131036/42 bytes for SCSI command 0xff-- guessing data in;
[   70.208128]    program repro not setting count and/or reply_len properly
[   70.214087] sg_write: data in/out 131036/42 bytes for SCSI command 0xff-- guessing data in;
[   70.214087]    program repro not setting count and/or reply_len properly
[   70.220037] sg_write: data in/out 131036/42 bytes for SCSI command 0xff-- guessing data in;
[   70.220037]    program repro not setting count and/or reply_len properly
[   70.227468] sg_write: data in/out 131036/42 bytes for SCSI command 0xff-- guessing data in;
[   70.227468]    program repro not setting count and/or reply_len properly
[   70.234883] sg_write: data in/out 131036/42 bytes for SCSI command 0xff-- guessing data in;
[   70.234883]    program repro not setting count and/or reply_len properly
[   75.179177] sg_write: 866 callbacks suppressed
[   75.179196] sg_write: data in/out 131036/42 bytes for SCSI command 0xff-- guessing data in;
[   75.179196]    program repro not setting count and/or reply_len properly
[   75.189591] sg_write: data in/out 131036/42 bytes for SCSI command 0xff-- guessing data in;
[   75.189591]    program repro not setting count and/or reply_len properly
[   75.198570] sg_write: data in/out 131036/42 bytes for SCSI command 0xff-- guessing data in;
[   75.198570]    program repro not setting count and/or reply_len properly
[   75.207308] sg_write: data in/out 131036/42 bytes for SCSI command 0xff-- guessing data in;
[   75.207308]    program repro not setting count and/or reply_len properly
[   75.216028] sg_write: data in/out 131036/42 bytes for SCSI command 0xff-- guessing data in;
[   75.216028]    program repro not setting count and/or reply_len properly
[   75.225107] sg_write: data in/out 131036/42 bytes for SCSI command 0xff-- guessing data in;
[   75.225107]    program repro not setting count and/or reply_len properly
[   75.234887] sg_write: data in/out 131036/42 bytes for SCSI command 0xff-- guessing data in;
[   75.234887]    program repro not setting count and/or reply_len properly
[   75.244998] sg_write: data in/out 131036/42 bytes for SCSI command 0xff-- guessing data in;
[   75.244998]    program repro not setting count and/or reply_len properly
[   75.254842] sg_write: data in/out 131036/42 bytes for SCSI command 0xff-- guessing data in;
[   75.254842]    program repro not setting count and/or reply_len properly
[   75.264757] sg_write: data in/out 131036/42 bytes for SCSI command 0xff-- guessing data in;
[   75.264757]    program repro not setting count and/or reply_len properly
[   80.185002] sg_write: 712 callbacks suppressed
[   80.185016] sg_write: data in/out 131036/42 bytes for SCSI command 0xff-- guessing data in;
[   80.185016]    program repro not setting count and/or reply_len properly
[   80.192741] sg_write: data in/out 131036/42 bytes for SCSI command 0xff-- guessing data in;
[   80.192741]    program repro not setting count and/or reply_len properly
[   80.199651] sg_write: data in/out 131036/42 bytes for SCSI command 0xff-- guessing data in;
[   80.199651]    program repro not setting count and/or reply_len properly
[   80.208073] sg_write: data in/out 131036/42 bytes for SCSI command 0xff-- guessing data in;
[   80.208073]    program repro not setting count and/or reply_len properly
[   80.219137] sg_write: data in/out 131036/42 bytes for SCSI command 0xff-- guessing data in;
[   80.219137]    program repro not setting count and/or reply_len properly
[   80.227323] sg_write: data in/out 131036/42 bytes for SCSI command 0xff-- guessing data in;
[   80.227323]    program repro not setting count and/or reply_len properly
[   80.234514] sg_write: data in/out 131036/42 bytes for SCSI command 0xff-- guessing data in;
[   80.234514]    program repro not setting count and/or reply_len properly
[   80.241862] sg_write: data in/out 131036/42 bytes for SCSI command 0xff-- guessing data in;
[   80.241862]    program repro not setting count and/or reply_len properly
[   80.249122] sg_write: data in/out 131036/42 bytes for SCSI command 0xff-- guessing data in;
[   80.249122]    program repro not setting count and/or reply_len properly
[   80.256373] sg_write: data in/out 131036/42 bytes for SCSI command 0xff-- guessing data in;
[   80.256373]    program repro not setting count and/or reply_len properly
[   85.190955] sg_write: 729 callbacks suppressed
[   85.190969] sg_write: data in/out 131036/42 bytes for SCSI command 0xff-- guessing data in;
[   85.190969]    program repro not setting count and/or reply_len properly
[   85.197938] sg_write: data in/out 131036/42 bytes for SCSI command 0xff-- guessing data in;
[   85.197938]    program repro not setting count and/or reply_len properly
[   85.204937] sg_write: data in/out 131036/42 bytes for SCSI command 0xff-- guessing data in;
[   85.204937]    program repro not setting count and/or reply_len properly
[   85.212355] sg_write: data in/out 131036/42 bytes for SCSI command 0xff-- guessing data in;
[   85.212355]    program repro not setting count and/or reply_len properly
[   85.219785] sg_write: data in/out 131036/42 bytes for SCSI command 0xff-- guessing data in;
[   85.219785]    program repro not setting count and/or reply_len properly
[   85.227681] sg_write: data in/out 131036/42 bytes for SCSI command 0xff-- guessing data in;
[   85.227681]    program repro not setting count and/or reply_len properly
[   85.235217] sg_write: data in/out 131036/42 bytes for SCSI command 0xff-- guessing data in;
[   85.235217]    program repro not setting count and/or reply_len properly
[   85.243154] sg_write: data in/out 131036/42 bytes for SCSI command 0xff-- guessing data in;
[   85.243154]    program repro not setting count and/or reply_len properly
[   85.251032] sg_write: data in/out 131036/42 bytes for SCSI command 0xff-- guessing data in;
[   85.251032]    program repro not setting count and/or reply_len properly
[   85.258526] sg_write: data in/out 131036/42 bytes for SCSI command 0xff-- guessing data in;
[   85.258526]    program repro not setting count and/or reply_len properly
[   90.196192] sg_write: 698 callbacks suppressed
[   90.196211] sg_write: data in/out 131036/42 bytes for SCSI command 0xff-- guessing data in;
[   90.196211]    program repro not setting count and/or reply_len properly
[   90.205464] sg_write: data in/out 131036/42 bytes for SCSI command 0xff-- guessing data in;
[   90.205464]    program repro not setting count and/or reply_len properly
[   90.213193] sg_write: data in/out 131036/42 bytes for SCSI command 0xff-- guessing data in;
[   90.213193]    program repro not setting count and/or reply_len properly
[   90.221219] sg_write: data in/out 131036/42 bytes for SCSI command 0xff-- guessing data in;
[   90.221219]    program repro not setting count and/or reply_len properly
[   90.229322] sg_write: data in/out 131036/42 bytes for SCSI command 0xff-- guessing data in;
[   90.229322]    program repro not setting count and/or reply_len properly
[   90.238898] sg_write: data in/out 131036/42 bytes for SCSI command 0xff-- guessing data in;
[   90.238898]    program repro not setting count and/or reply_len properly
[   90.249731] sg_write: data in/out 131036/42 bytes for SCSI command 0xff-- guessing data in;
[   90.249731]    program repro not setting count and/or reply_len properly
[   90.260018] sg_write: data in/out 131036/42 bytes for SCSI command 0xff-- guessing data in;
[   90.260018]    program repro not setting count and/or reply_len properly
[   90.270869] sg_write: data in/out 131036/42 bytes for SCSI command 0xff-- guessing data in;
[   90.270869]    program repro not setting count and/or reply_len properly
[   90.281902] sg_write: data in/out 131036/42 bytes for SCSI command 0xff-- guessing data in;
[   90.281902]    program repro not setting count and/or reply_len properly
[   95.200238] sg_write: 693 callbacks suppressed
[   95.200261] sg_write: data in/out 131036/42 bytes for SCSI command 0xff-- guessing data in;
[   95.200261]    program repro not setting count and/or reply_len properly
[   95.211458] sg_write: data in/out 131036/42 bytes for SCSI command 0xff-- guessing data in;
[   95.211458]    program repro not setting count and/or reply_len properly
[   95.220566] sg_write: data in/out 131036/42 bytes for SCSI command 0xff-- guessing data in;
[   95.220566]    program repro not setting count and/or reply_len properly
[   95.229672] sg_write: data in/out 131036/42 bytes for SCSI command 0xff-- guessing data in;
[   95.229672]    program repro not setting count and/or reply_len properly
[   95.238534] sg_write: data in/out 131036/42 bytes for SCSI command 0xff-- guessing data in;
[   95.238534]    program repro not setting count and/or reply_len properly
[   95.248069] sg_write: data in/out 131036/42 bytes for SCSI command 0xff-- guessing data in;
[   95.248069]    program repro not setting count and/or reply_len properly
[   95.256658] sg_write: data in/out 131036/42 bytes for SCSI command 0xff-- guessing data in;
[   95.256658]    program repro not setting count and/or reply_len properly
[   95.265577] sg_write: data in/out 131036/42 bytes for SCSI command 0xff-- guessing data in;
[   95.265577]    program repro not setting count and/or reply_len properly
[   95.275434] sg_write: data in/out 131036/42 bytes for SCSI command 0xff-- guessing data in;
[   95.275434]    program repro not setting count and/or reply_len properly
[   95.284269] sg_write: data in/out 131036/42 bytes for SCSI command 0xff-- guessing data in;
[   95.284269]    program repro not setting count and/or reply_len properly
[  100.203798] sg_write: 720 callbacks suppressed
[  100.203821] sg_write: data in/out 131036/42 bytes for SCSI command 0xff-- guessing data in;
[  100.203821]    program repro not setting count and/or reply_len properly
[  100.216153] sg_write: data in/out 131036/42 bytes for SCSI command 0xff-- guessing data in;
[  100.216153]    program repro not setting count and/or reply_len properly
[  100.226839] sg_write: data in/out 131036/42 bytes for SCSI command 0xff-- guessing data in;
[  100.226839]    program repro not setting count and/or reply_len properly
[  100.236998] sg_write: data in/out 131036/42 bytes for SCSI command 0xff-- guessing data in;
[  100.236998]    program repro not setting count and/or reply_len properly
[  100.247523] sg_write: data in/out 131036/42 bytes for SCSI command 0xff-- guessing data in;
[  100.247523]    program repro not setting count and/or reply_len properly
[  100.259561] sg_write: data in/out 131036/42 bytes for SCSI command 0xff-- guessing data in;
[  100.259561]    program repro not setting count and/or reply_len properly
[  100.271121] sg_write: data in/out 131036/42 bytes for SCSI command 0xff-- guessing data in;
[  100.271121]    program repro not setting count and/or reply_len properly
[  100.281332] sg_write: data in/out 131036/42 bytes for SCSI command 0xff-- guessing data in;
[  100.281332]    program repro not setting count and/or reply_len properly
[  100.291902] sg_write: data in/out 131036/42 bytes for SCSI command 0xff-- guessing data in;
[  100.291902]    program repro not setting count and/or reply_len properly
[  100.302676] sg_write: data in/out 131036/42 bytes for SCSI command 0xff-- guessing data in;
[  100.302676]    program repro not setting count and/or reply_len properly
[  105.210638] sg_write: 720 callbacks suppressed
[  105.210655] sg_write: data in/out 131036/42 bytes for SCSI command 0xff-- guessing data in;
[  105.210655]    program repro not setting count and/or reply_len properly
[  105.221575] sg_write: data in/out 131036/42 bytes for SCSI command 0xff-- guessing data in;
[  105.221575]    program repro not setting count and/or reply_len properly
[  105.233085] sg_write: data in/out 131036/42 bytes for SCSI command 0xff-- guessing data in;
[  105.233085]    program repro not setting count and/or reply_len properly
[  105.243849] sg_write: data in/out 131036/42 bytes for SCSI command 0xff-- guessing data in;
[  105.243849]    program repro not setting count and/or reply_len properly
[  105.255277] sg_write: data in/out 131036/42 bytes for SCSI command 0xff-- guessing data in;
[  105.255277]    program repro not setting count and/or reply_len properly
[  105.265447] sg_write: data in/out 131036/42 bytes for SCSI command 0xff-- guessing data in;
[  105.265447]    program repro not setting count and/or reply_len properly
[  105.276770] sg_write: data in/out 131036/42 bytes for SCSI command 0xff-- guessing data in;
[  105.276770]    program repro not setting count and/or reply_len properly
[  105.286786] sg_write: data in/out 131036/42 bytes for SCSI command 0xff-- guessing data in;
[  105.286786]    program repro not setting count and/or reply_len properly
[  105.297048] sg_write: data in/out 131036/42 bytes for SCSI command 0xff-- guessing data in;
[  105.297048]    program repro not setting count and/or reply_len properly
[  105.307816] sg_write: data in/out 131036/42 bytes for SCSI command 0xff-- guessing data in;
[  105.307816]    program repro not setting count and/or reply_len properly
[  110.221393] sg_write: 708 callbacks suppressed
[  110.221411] sg_write: data in/out 131036/42 bytes for SCSI command 0xff-- guessing data in;
[  110.221411]    program repro not setting count and/or reply_len properly
[  110.232747] sg_write: data in/out 131036/42 bytes for SCSI command 0xff-- guessing data in;
[  110.232747]    program repro not setting count and/or reply_len properly
[  110.243479] sg_write: data in/out 131036/42 bytes for SCSI command 0xff-- guessing data in;
[  110.243479]    program repro not setting count and/or reply_len properly
[  110.254726] sg_write: data in/out 131036/42 bytes for SCSI command 0xff-- guessing data in;
[  110.254726]    program repro not setting count and/or reply_len properly
[  110.265734] sg_write: data in/out 131036/42 bytes for SCSI command 0xff-- guessing data in;
[  110.265734]    program repro not setting count and/or reply_len properly
[  110.276369] sg_write: data in/out 131036/42 bytes for SCSI command 0xff-- guessing data in;
[  110.276369]    program repro not setting count and/or reply_len properly
[  110.285920] sg_write: data in/out 131036/42 bytes for SCSI command 0xff-- guessing data in;
[  110.285920]    program repro not setting count and/or reply_len properly
[  110.294822] sg_write: data in/out 131036/42 bytes for SCSI command 0xff-- guessing data in;
[  110.294822]    program repro not setting count and/or reply_len properly
[  110.303515] sg_write: data in/out 131036/42 bytes for SCSI command 0xff-- guessing data in;
[  110.303515]    program repro not setting count and/or reply_len properly
[  110.312367] sg_write: data in/out 131036/42 bytes for SCSI command 0xff-- guessing data in;
[  110.312367]    program repro not setting count and/or reply_len properly
[  115.227001] sg_write: 703 callbacks suppressed
[  115.227017] sg_write: data in/out 131036/42 bytes for SCSI command 0xff-- guessing data in;
[  115.227017]    program repro not setting count and/or reply_len properly
[  115.238794] sg_write: data in/out 131036/42 bytes for SCSI command 0xff-- guessing data in;
[  115.238794]    program repro not setting count and/or reply_len properly
[  115.249230] sg_write: data in/out 131036/42 bytes for SCSI command 0xff-- guessing data in;
[  115.249230]    program repro not setting count and/or reply_len properly
[  115.257131] sg_write: data in/out 131036/42 bytes for SCSI command 0xff-- guessing data in;
[  115.257131]    program repro not setting count and/or reply_len properly
[  115.265290] sg_write: data in/out 131036/42 bytes for SCSI command 0xff-- guessing data in;
[  115.265290]    program repro not setting count and/or reply_len properly
[  115.274494] sg_write: data in/out 131036/42 bytes for SCSI command 0xff-- guessing data in;
[  115.274494]    program repro not setting count and/or reply_len properly
[  115.283535] sg_write: data in/out 131036/42 bytes for SCSI command 0xff-- guessing data in;
[  115.283535]    program repro not setting count and/or reply_len properly
[  115.292523] sg_write: data in/out 131036/42 bytes for SCSI command 0xff-- guessing data in;
[  115.292523]    program repro not setting count and/or reply_len properly
[  115.301445] sg_write: data in/out 131036/42 bytes for SCSI command 0xff-- guessing data in;
[  115.301445]    program repro not setting count and/or reply_len properly
[  115.310404] sg_write: data in/out 131036/42 bytes for SCSI command 0xff-- guessing data in;
[  115.310404]    program repro not setting count and/or reply_len properly
[  120.233278] sg_write: 733 callbacks suppressed
[  120.233293] sg_write: data in/out 131036/42 bytes for SCSI command 0xff-- guessing data in;
[  120.233293]    program repro not setting count and/or reply_len properly
[  120.241887] sg_write: data in/out 131036/42 bytes for SCSI command 0xff-- guessing data in;
[  120.241887]    program repro not setting count and/or reply_len properly
[  120.249831] sg_write: data in/out 131036/42 bytes for SCSI command 0xff-- guessing data in;
[  120.249831]    program repro not setting count and/or reply_len properly
[  120.257512] sg_write: data in/out 131036/42 bytes for SCSI command 0xff-- guessing data in;
[  120.257512]    program repro not setting count and/or reply_len properly
[  120.265484] sg_write: data in/out 131036/42 bytes for SCSI command 0xff-- guessing data in;
[  120.265484]    program repro not setting count and/or reply_len properly
[  120.273298] sg_write: data in/out 131036/42 bytes for SCSI command 0xff-- guessing data in;
[  120.273298]    program repro not setting count and/or reply_len properly
[  120.281129] sg_write: data in/out 131036/42 bytes for SCSI command 0xff-- guessing data in;
[  120.281129]    program repro not setting count and/or reply_len properly
[  120.288922] sg_write: data in/out 131036/42 bytes for SCSI command 0xff-- guessing data in;
[  120.288922]    program repro not setting count and/or reply_len properly
[  120.296806] sg_write: data in/out 131036/42 bytes for SCSI command 0xff-- guessing data in;
[  120.296806]    program repro not setting count and/or reply_len properly
[  120.304821] sg_write: data in/out 131036/42 bytes for SCSI command 0xff-- guessing data in;
[  120.304821]    program repro not setting count and/or reply_len properly
[  125.242584] sg_write: 718 callbacks suppressed
[  125.242604] sg_write: data in/out 131036/42 bytes for SCSI command 0xff-- guessing data in;
[  125.242604]    program repro not setting count and/or reply_len properly
[  125.254696] sg_write: data in/out 131036/42 bytes for SCSI command 0xff-- guessing data in;
[  125.254696]    program repro not setting count and/or reply_len properly
[  125.266628] sg_write: data in/out 131036/42 bytes for SCSI command 0xff-- guessing data in;
[  125.266628]    program repro not setting count and/or reply_len properly
[  125.277267] sg_write: data in/out 131036/42 bytes for SCSI command 0xff-- guessing data in;
[  125.277267]    program repro not setting count and/or reply_len properly
[  125.288029] sg_write: data in/out 131036/42 bytes for SCSI command 0xff-- guessing data in;
[  125.288029]    program repro not setting count and/or reply_len properly
[  125.298744] sg_write: data in/out 131036/42 bytes for SCSI command 0xff-- guessing data in;
[  125.298744]    program repro not setting count and/or reply_len properly
[  125.309650] sg_write: data in/out 131036/42 bytes for SCSI command 0xff-- guessing data in;
[  125.309650]    program repro not setting count and/or reply_len properly
[  125.320220] sg_write: data in/out 131036/42 bytes for SCSI command 0xff-- guessing data in;
[  125.320220]    program repro not setting count and/or reply_len properly
[  125.331209] sg_write: data in/out 131036/42 bytes for SCSI command 0xff-- guessing data in;
[  125.331209]    program repro not setting count and/or reply_len properly
[  125.341199] sg_write: data in/out 131036/42 bytes for SCSI command 0xff-- guessing data in;
[  125.341199]    program repro not setting count and/or reply_len properly
[  130.248815] sg_write: 741 callbacks suppressed
[  130.248834] sg_write: data in/out 131036/42 bytes for SCSI command 0xff-- guessing data in;
[  130.248834]    program repro not setting count and/or reply_len properly
[  130.259341] sg_write: data in/out 131036/42 bytes for SCSI command 0xff-- guessing data in;
[  130.259341]    program repro not setting count and/or reply_len properly
[  130.269016] sg_write: data in/out 131036/42 bytes for SCSI command 0xff-- guessing data in;
[  130.269016]    program repro not setting count and/or reply_len properly
[  130.278791] sg_write: data in/out 131036/42 bytes for SCSI command 0xff-- guessing data in;
[  130.278791]    program repro not setting count and/or reply_len properly
[  130.288504] sg_write: data in/out 131036/42 bytes for SCSI command 0xff-- guessing data in;
[  130.288504]    program repro not setting count and/or reply_len properly
[  130.298225] sg_write: data in/out 131036/42 bytes for SCSI command 0xff-- guessing data in;
[  130.298225]    program repro not setting count and/or reply_len properly
[  130.307665] sg_write: data in/out 131036/42 bytes for SCSI command 0xff-- guessing data in;
[  130.307665]    program repro not setting count and/or reply_len properly
[  130.317291] sg_write: data in/out 131036/42 bytes for SCSI command 0xff-- guessing data in;
[  130.317291]    program repro not setting count and/or reply_len properly
[  130.327155] sg_write: data in/out 131036/42 bytes for SCSI command 0xff-- guessing data in;
[  130.327155]    program repro not setting count and/or reply_len properly
[  130.336522] sg_write: data in/out 131036/42 bytes for SCSI command 0xff-- guessing data in;
[  130.336522]    program repro not setting count and/or reply_len properly
[  135.251962] sg_write: 657 callbacks suppressed
[  135.251977] sg_write: data in/out 131036/42 bytes for SCSI command 0xff-- guessing data in;
[  135.251977]    program repro not setting count and/or reply_len properly
[  135.260120] sg_write: data in/out 131036/42 bytes for SCSI command 0xff-- guessing data in;
[  135.260120]    program repro not setting count and/or reply_len properly
[  135.267733] sg_write: data in/out 131036/42 bytes for SCSI command 0xff-- guessing data in;
[  135.267733]    program repro not setting count and/or reply_len properly
[  135.276694] sg_write: data in/out 131036/42 bytes for SCSI command 0xff-- guessing data in;
[  135.276694]    program repro not setting count and/or reply_len properly
[  135.286699] sg_write: data in/out 131036/42 bytes for SCSI command 0xff-- guessing data in;
[  135.286699]    program repro not setting count and/or reply_len properly
[  135.295139] sg_write: data in/out 131036/42 bytes for SCSI command 0xff-- guessing data in;
[  135.295139]    program repro not setting count and/or reply_len properly
[  135.302252] sg_write: data in/out 131036/42 bytes for SCSI command 0xff-- guessing data in;
[  135.302252]    program repro not setting count and/or reply_len properly
[  135.309665] sg_write: data in/out 131036/42 bytes for SCSI command 0xff-- guessing data in;
[  135.309665]    program repro not setting count and/or reply_len properly
[  135.317188] sg_write: data in/out 131036/42 bytes for SCSI command 0xff-- guessing data in;
[  135.317188]    program repro not setting count and/or reply_len properly
[  135.324652] sg_write: data in/out 131036/42 bytes for SCSI command 0xff-- guessing data in;
[  135.324652]    program repro not setting count and/or reply_len properly
[  140.258708] sg_write: 728 callbacks suppressed
[  140.258723] sg_write: data in/out 131036/42 bytes for SCSI command 0xff-- guessing data in;
[  140.258723]    program repro not setting count and/or reply_len properly
[  140.268664] sg_write: data in/out 131036/42 bytes for SCSI command 0xff-- guessing data in;
[  140.268664]    program repro not setting count and/or reply_len properly
[  140.278632] sg_write: data in/out 131036/42 bytes for SCSI command 0xff-- guessing data in;
[  140.278632]    program repro not setting count and/or reply_len properly
[  140.289080] sg_write: data in/out 131036/42 bytes for SCSI command 0xff-- guessing data in;
[  140.289080]    program repro not setting count and/or reply_len properly
[  140.300050] sg_write: data in/out 131036/42 bytes for SCSI command 0xff-- guessing data in;
[  140.300050]    program repro not setting count and/or reply_len properly
[  140.308134] sg_write: data in/out 131036/42 bytes for SCSI command 0xff-- guessing data in;
[  140.308134]    program repro not setting count and/or reply_len properly
[  140.315511] sg_write: data in/out 131036/42 bytes for SCSI command 0xff-- guessing data in;
[  140.315511]    program repro not setting count and/or reply_len properly
[  140.325043] sg_write: data in/out 131036/42 bytes for SCSI command 0xff-- guessing data in;
[  140.325043]    program repro not setting count and/or reply_len properly
[  140.335897] sg_write: data in/out 131036/42 bytes for SCSI command 0xff-- guessing data in;
[  140.335897]    program repro not setting count and/or reply_len properly
[  140.344763] sg_write: data in/out 131036/42 bytes for SCSI command 0xff-- guessing data in;
[  140.344763]    program repro not setting count and/or reply_len properly
[  145.264155] sg_write: 763 callbacks suppressed
[  145.264170] sg_write: data in/out 131036/42 bytes for SCSI command 0xff-- guessing data in;
[  145.264170]    program repro not setting count and/or reply_len properly
[  145.272271] sg_write: data in/out 131036/42 bytes for SCSI command 0xff-- guessing data in;
[  145.272271]    program repro not setting count and/or reply_len properly
[  145.279586] sg_write: data in/out 131036/42 bytes for SCSI command 0xff-- guessing data in;
[  145.279586]    program repro not setting count and/or reply_len properly
[  145.287090] sg_write: data in/out 131036/42 bytes for SCSI command 0xff-- guessing data in;
[  145.287090]    program repro not setting count and/or reply_len properly
[  145.294471] sg_write: data in/out 131036/42 bytes for SCSI command 0xff-- guessing data in;
[  145.294471]    program repro not setting count and/or reply_len properly
[  145.301748] sg_write: data in/out 131036/42 bytes for SCSI command 0xff-- guessing data in;
[  145.301748]    program repro not setting count and/or reply_len properly
[  145.309910] sg_write: data in/out 131036/42 bytes for SCSI command 0xff-- guessing data in;
[  145.309910]    program repro not setting count and/or reply_len properly
[  145.317722] sg_write: data in/out 131036/42 bytes for SCSI command 0xff-- guessing data in;
[  145.317722]    program repro not setting count and/or reply_len properly
[  145.325264] sg_write: data in/out 131036/42 bytes for SCSI command 0xff-- guessing data in;
[  145.325264]    program repro not setting count and/or reply_len properly
[  145.333347] sg_write: data in/out 131036/42 bytes for SCSI command 0xff-- guessing data in;
[  145.333347]    program repro not setting count and/or reply_len properly
[  150.267213] sg_write: 722 callbacks suppressed
[  150.267230] sg_write: data in/out 131036/42 bytes for SCSI command 0xff-- guessing data in;
[  150.267230]    program repro not setting count and/or reply_len properly
[  150.277810] sg_write: data in/out 131036/42 bytes for SCSI command 0xff-- guessing data in;
[  150.277810]    program repro not setting count and/or reply_len properly
[  150.287990] sg_write: data in/out 131036/42 bytes for SCSI command 0xff-- guessing data in;
[  150.287990]    program repro not setting count and/or reply_len properly
[  150.298049] sg_write: data in/out 131036/42 bytes for SCSI command 0xff-- guessing data in;
[  150.298049]    program repro not setting count and/or reply_len properly
[  150.308440] sg_write: data in/out 131036/42 bytes for SCSI command 0xff-- guessing data in;
[  150.308440]    program repro not setting count and/or reply_len properly
[  150.318812] sg_write: data in/out 131036/42 bytes for SCSI command 0xff-- guessing data in;
[  150.318812]    program repro not setting count and/or reply_len properly
[  150.328758] sg_write: data in/out 131036/42 bytes for SCSI command 0xff-- guessing data in;
[  150.328758]    program repro not setting count and/or reply_len properly
[  150.339993] sg_write: data in/out 131036/42 bytes for SCSI command 0xff-- guessing data in;
[  150.339993]    program repro not setting count and/or reply_len properly
[  150.350123] sg_write: data in/out 131036/42 bytes for SCSI command 0xff-- guessing data in;
[  150.350123]    program repro not setting count and/or reply_len properly
[  150.361086] sg_write: data in/out 131036/42 bytes for SCSI command 0xff-- guessing data in;
[  150.361086]    program repro not setting count and/or reply_len properly
[  155.272544] sg_write: 730 callbacks suppressed
[  155.272559] sg_write: data in/out 131036/42 bytes for SCSI command 0xff-- guessing data in;
[  155.272559]    program repro not setting count and/or reply_len properly
[  155.281341] sg_write: data in/out 131036/42 bytes for SCSI command 0xff-- guessing data in;
[  155.281341]    program repro not setting count and/or reply_len properly
[  155.289720] sg_write: data in/out 131036/42 bytes for SCSI command 0xff-- guessing data in;
[  155.289720]    program repro not setting count and/or reply_len properly
[  155.298872] sg_write: data in/out 131036/42 bytes for SCSI command 0xff-- guessing data in;
[  155.298872]    program repro not setting count and/or reply_len properly
[  155.307033] sg_write: data in/out 131036/42 bytes for SCSI command 0xff-- guessing data in;
[  155.307033]    program repro not setting count and/or reply_len properly
[  155.316318] sg_write: data in/out 131036/42 bytes for SCSI command 0xff-- guessing data in;
[  155.316318]    program repro not setting count and/or reply_len properly
[  155.327630] sg_write: data in/out 131036/42 bytes for SCSI command 0xff-- guessing data in;
[  155.327630]    program repro not setting count and/or reply_len properly
[  155.337956] sg_write: data in/out 131036/42 bytes for SCSI command 0xff-- guessing data in;
[  155.337956]    program repro not setting count and/or reply_len properly
[  155.347039] sg_write: data in/out 131036/42 bytes for SCSI command 0xff-- guessing data in;
[  155.347039]    program repro not setting count and/or reply_len properly
[  155.354876] sg_write: data in/out 131036/42 bytes for SCSI command 0xff-- guessing data in;
[  155.354876]    program repro not setting count and/or reply_len properly
[  160.277092] sg_write: 691 callbacks suppressed
[  160.277108] sg_write: data in/out 131036/42 bytes for SCSI command 0xff-- guessing data in;
[  160.277108]    program repro not setting count and/or reply_len properly
[  160.285796] sg_write: data in/out 131036/42 bytes for SCSI command 0xff-- guessing data in;
[  160.285796]    program repro not setting count and/or reply_len properly
[  160.293315] sg_write: data in/out 131036/42 bytes for SCSI command 0xff-- guessing data in;
[  160.293315]    program repro not setting count and/or reply_len properly
[  160.300582] sg_write: data in/out 131036/42 bytes for SCSI command 0xff-- guessing data in;
[  160.300582]    program repro not setting count and/or reply_len properly
[  160.307956] sg_write: data in/out 131036/42 bytes for SCSI command 0xff-- guessing data in;
[  160.307956]    program repro not setting count and/or reply_len properly
[  160.317175] sg_write: data in/out 131036/42 bytes for SCSI command 0xff-- guessing data in;
[  160.317175]    program repro not setting count and/or reply_len properly
[  160.327233] sg_write: data in/out 131036/42 bytes for SCSI command 0xff-- guessing data in;
[  160.327233]    program repro not setting count and/or reply_len properly
[  160.336297] sg_write: data in/out 131036/42 bytes for SCSI command 0xff-- guessing data in;
[  160.336297]    program repro not setting count and/or reply_len properly
[  160.345840] sg_write: data in/out 131036/42 bytes for SCSI command 0xff-- guessing data in;
[  160.345840]    program repro not setting count and/or reply_len properly
[  160.355617] sg_write: data in/out 131036/42 bytes for SCSI command 0xff-- guessing data in;
[  160.355617]    program repro not setting count and/or reply_len properly
[  165.284356] sg_write: 709 callbacks suppressed
[  165.284372] sg_write: data in/out 131036/42 bytes for SCSI command 0xff-- guessing data in;
[  165.284372]    program repro not setting count and/or reply_len properly
[  165.293537] sg_write: data in/out 131036/42 bytes for SCSI command 0xff-- guessing data in;
[  165.293537]    program repro not setting count and/or reply_len properly
[  165.301292] sg_write: data in/out 131036/42 bytes for SCSI command 0xff-- guessing data in;
[  165.301292]    program repro not setting count and/or reply_len properly
[  165.309679] sg_write: data in/out 131036/42 bytes for SCSI command 0xff-- guessing data in;
[  165.309679]    program repro not setting count and/or reply_len properly
[  165.320460] sg_write: data in/out 131036/42 bytes for SCSI command 0xff-- guessing data in;
[  165.320460]    program repro not setting count and/or reply_len properly
[  165.330734] sg_write: data in/out 131036/42 bytes for SCSI command 0xff-- guessing data in;
[  165.330734]    program repro not setting count and/or reply_len properly
[  165.340588] sg_write: data in/out 131036/42 bytes for SCSI command 0xff-- guessing data in;
[  165.340588]    program repro not setting count and/or reply_len properly
[  165.351028] sg_write: data in/out 131036/42 bytes for SCSI command 0xff-- guessing data in;
[  165.351028]    program repro not setting count and/or reply_len properly
[  165.360126] sg_write: data in/out 131036/42 bytes for SCSI command 0xff-- guessing data in;
[  165.360126]    program repro not setting count and/or reply_len properly
[  165.369012] sg_write: data in/out 131036/42 bytes for SCSI command 0xff-- guessing data in;
[  165.369012]    program repro not setting count and/or reply_len properly
[  170.291583] sg_write: 741 callbacks suppressed
[  170.291598] sg_write: data in/out 131036/42 bytes for SCSI command 0xff-- guessing data in;
[  170.291598]    program repro not setting count and/or reply_len properly
[  170.299851] sg_write: data in/out 131036/42 bytes for SCSI command 0xff-- guessing data in;
[  170.299851]    program repro not setting count and/or reply_len properly
[  170.309598] sg_write: data in/out 131036/42 bytes for SCSI command 0xff-- guessing data in;
[  170.309598]    program repro not setting count and/or reply_len properly
[  170.319907] sg_write: data in/out 131036/42 bytes for SCSI command 0xff-- guessing data in;
[  170.319907]    program repro not setting count and/or reply_len properly
[  170.330533] sg_write: data in/out 131036/42 bytes for SCSI command 0xff-- guessing data in;
[  170.330533]    program repro not setting count and/or reply_len properly
[  170.340748] sg_write: data in/out 131036/42 bytes for SCSI command 0xff-- guessing data in;
[  170.340748]    program repro not setting count and/or reply_len properly
[  170.350182] sg_write: data in/out 131036/42 bytes for SCSI command 0xff-- guessing data in;
[  170.350182]    program repro not setting count and/or reply_len properly
[  170.359523] sg_write: data in/out 131036/42 bytes for SCSI command 0xff-- guessing data in;
[  170.359523]    program repro not setting count and/or reply_len properly
[  170.368254] sg_write: data in/out 131036/42 bytes for SCSI command 0xff-- guessing data in;
[  170.368254]    program repro not setting count and/or reply_len properly
[  170.376664] sg_write: data in/out 131036/42 bytes for SCSI command 0xff-- guessing data in;
[  170.376664]    program repro not setting count and/or reply_len properly
[  175.298846] sg_write: 693 callbacks suppressed
[  175.298860] sg_write: data in/out 131036/42 bytes for SCSI command 0xff-- guessing data in;
[  175.298860]    program repro not setting count and/or reply_len properly
[  175.308448] sg_write: data in/out 131036/42 bytes for SCSI command 0xff-- guessing data in;
[  175.308448]    program repro not setting count and/or reply_len properly
[  175.317776] sg_write: data in/out 131036/42 bytes for SCSI command 0xff-- guessing data in;
[  175.317776]    program repro not setting count and/or reply_len properly
[  175.327504] sg_write: data in/out 131036/42 bytes for SCSI command 0xff-- guessing data in;
[  175.327504]    program repro not setting count and/or reply_len properly
[  175.336565] sg_write: data in/out 131036/42 bytes for SCSI command 0xff-- guessing data in;
[  175.336565]    program repro not setting count and/or reply_len properly
[  175.346413] sg_write: data in/out 131036/42 bytes for SCSI command 0xff-- guessing data in;
[  175.346413]    program repro not setting count and/or reply_len properly
[  175.354726] sg_write: data in/out 131036/42 bytes for SCSI command 0xff-- guessing data in;
[  175.354726]    program repro not setting count and/or reply_len properly
[  175.363100] sg_write: data in/out 131036/42 bytes for SCSI command 0xff-- guessing data in;
[  175.363100]    program repro not setting count and/or reply_len properly
[  175.372022] sg_write: data in/out 131036/42 bytes for SCSI command 0xff-- guessing data in;
[  175.372022]    program repro not setting count and/or reply_len properly
[  175.381738] sg_write: data in/out 131036/42 bytes for SCSI command 0xff-- guessing data in;
[  175.381738]    program repro not setting count and/or reply_len properly
