c[?7l[2J[0mSeaBIOS (version rel-1.14.0-0-g155821a1990b-prebuilt.qemu.org)


iPXE (http://ipxe.org) 00:03.0 CA00 PCI2.10 PnP PMM+7FF8F030+7FEEF030 CA00
Press Ctrl-B to configure iPXE (PCI 00:03.0)...                                                                               


Booting from ROM...
c[?7l[2J[    0.000000] Linux version 6.0.0-a09476668e30+ (root@p-rplp02) (gcc (GCC) 8.5.0 20210514 (Red Hat 8.5.0-17), GNU ld version 2.36.1-2.el8) #1 SMP PREEMPT_DYNAMIC Tue Jan 3 11:12:33 CST 2023
[    0.000000] Command line: console=ttyS0 root=/dev/sda earlyprintk=serial net.ifnames=0
[    0.000000] KERNEL supported cpus:
[    0.000000]   Intel GenuineIntel
[    0.000000]   AMD AuthenticAMD
[    0.000000]   Hygon HygonGenuine
[    0.000000]   Centaur CentaurHauls
[    0.000000]   zhaoxin   Shanghai  
[    0.000000] x86/fpu: Supporting XSAVE feature 0x001: 'x87 floating point registers'
[    0.000000] x86/fpu: Supporting XSAVE feature 0x002: 'SSE registers'
[    0.000000] x86/fpu: Supporting XSAVE feature 0x004: 'AVX registers'
[    0.000000] x86/fpu: Supporting XSAVE feature 0x200: 'Protection Keys User registers'
[    0.000000] x86/fpu: xstate_offset[2]:  576, xstate_sizes[2]:  256
[    0.000000] x86/fpu: xstate_offset[9]:  832, xstate_sizes[9]:    8
[    0.000000] x86/fpu: Enabled xstate features 0x207, context size is 840 bytes, using 'compacted' format.
[    0.000000] signal: max sigframe size: 3632
[    0.000000] BIOS-provided physical RAM map:
[    0.000000] BIOS-e820: [mem 0x0000000000000000-0x000000000009fbff] usable
[    0.000000] BIOS-e820: [mem 0x000000000009fc00-0x000000000009ffff] reserved
[    0.000000] BIOS-e820: [mem 0x00000000000f0000-0x00000000000fffff] reserved
[    0.000000] BIOS-e820: [mem 0x0000000000100000-0x000000007ffdffff] usable
[    0.000000] BIOS-e820: [mem 0x000000007ffe0000-0x000000007fffffff] reserved
[    0.000000] BIOS-e820: [mem 0x00000000feffc000-0x00000000feffffff] reserved
[    0.000000] BIOS-e820: [mem 0x00000000fffc0000-0x00000000ffffffff] reserved
[    0.000000] printk: bootconsole [earlyser0] enabled
[    0.000000] NX (Execute Disable) protection: active
[    0.000000] SMBIOS 2.8 present.
[    0.000000] DMI: QEMU Standard PC (i440FX + PIIX, 1996), BIOS rel-1.14.0-0-g155821a1990b-prebuilt.qemu.org 04/01/2014
[    0.000000] Hypervisor detected: KVM
[    0.000000] kvm-clock: Using msrs 4b564d01 and 4b564d00
[    0.000007] kvm-clock: using sched offset of 685567054 cycles
[    0.001126] clocksource: kvm-clock: mask: 0xffffffffffffffff max_cycles: 0x1cd42e4dffb, max_idle_ns: 881590591483 ns
[    0.004580] tsc: Detected 1881.600 MHz processor
[    0.014132] last_pfn = 0x7ffe0 max_arch_pfn = 0x400000000
[    0.015210] x86/PAT: Configuration [0-7]: WB  WC  UC- UC  WB  WP  UC- WT  
[    0.023560] found SMP MP-table at [mem 0x000f5a90-0x000f5a9f]
[    0.024720] Using GB pages for direct mapping
[    0.026982] ACPI: Early table checksum verification disabled
[    0.028128] ACPI: RSDP 0x00000000000F5870 000014 (v00 BOCHS )
[    0.029375] ACPI: RSDT 0x000000007FFE1959 000034 (v01 BOCHS  BXPC     00000001 BXPC 00000001)
[    0.031194] ACPI: FACP 0x000000007FFE1805 000074 (v01 BOCHS  BXPC     00000001 BXPC 00000001)
[    0.033015] ACPI: DSDT 0x000000007FFE0040 0017C5 (v01 BOCHS  BXPC     00000001 BXPC 00000001)
[    0.034795] ACPI: FACS 0x000000007FFE0000 000040
[    0.035794] ACPI: APIC 0x000000007FFE1879 000080 (v01 BOCHS  BXPC     00000001 BXPC 00000001)
[    0.037620] ACPI: HPET 0x000000007FFE18F9 000038 (v01 BOCHS  BXPC     00000001 BXPC 00000001)
[    0.039455] ACPI: WAET 0x000000007FFE1931 000028 (v01 BOCHS  BXPC     00000001 BXPC 00000001)
[    0.041285] ACPI: Reserving FACP table memory at [mem 0x7ffe1805-0x7ffe1878]
[    0.042757] ACPI: Reserving DSDT table memory at [mem 0x7ffe0040-0x7ffe1804]
[    0.044249] ACPI: Reserving FACS table memory at [mem 0x7ffe0000-0x7ffe003f]
[    0.045759] ACPI: Reserving APIC table memory at [mem 0x7ffe1879-0x7ffe18f8]
[    0.047255] ACPI: Reserving HPET table memory at [mem 0x7ffe18f9-0x7ffe1930]
[    0.048755] ACPI: Reserving WAET table memory at [mem 0x7ffe1931-0x7ffe1958]
[    0.051591] No NUMA configuration found
[    0.052402] Faking a node at [mem 0x0000000000000000-0x000000007ffdffff]
[    0.053876] NODE_DATA(0) allocated [mem 0x7ffb5000-0x7ffdffff]
[    0.059923] Zone ranges:
[    0.060480]   DMA      [mem 0x0000000000001000-0x0000000000ffffff]
[    0.061792]   DMA32    [mem 0x0000000001000000-0x000000007ffdffff]
[    0.063080]   Normal   empty
[    0.063685]   Device   empty
[    0.064288] Movable zone start for each node
[    0.065173] Early memory node ranges
[    0.065907]   node   0: [mem 0x0000000000001000-0x000000000009efff]
[    0.067188]   node   0: [mem 0x0000000000100000-0x000000007ffdffff]
[    0.068471] Initmem setup node 0 [mem 0x0000000000001000-0x000000007ffdffff]
[    0.074028] On node 0, zone DMA: 1 pages in unavailable ranges
[    0.074065] On node 0, zone DMA: 97 pages in unavailable ranges
[    0.134373] On node 0, zone DMA32: 32 pages in unavailable ranges
[    0.136054] ACPI: PM-Timer IO Port: 0x608
[    0.137930] ACPI: LAPIC_NMI (acpi_id[0xff] dfl dfl lint[0x1])
[    0.139145] IOAPIC[0]: apic_id 0, version 17, address 0xfec00000, GSI 0-23
[    0.140618] ACPI: INT_SRC_OVR (bus 0 bus_irq 0 global_irq 2 dfl dfl)
[    0.141972] ACPI: INT_SRC_OVR (bus 0 bus_irq 5 global_irq 5 high level)
[    0.143331] ACPI: INT_SRC_OVR (bus 0 bus_irq 9 global_irq 9 high level)
[    0.144719] ACPI: INT_SRC_OVR (bus 0 bus_irq 10 global_irq 10 high level)
[    0.146172] ACPI: INT_SRC_OVR (bus 0 bus_irq 11 global_irq 11 high level)
[    0.147659] ACPI: Using ACPI (MADT) for SMP configuration information
[    0.149035] ACPI: HPET id: 0x8086a201 base: 0xfed00000
[    0.150143] TSC deadline timer available
[    0.150976] smpboot: Allowing 2 CPUs, 0 hotplug CPUs
[    0.152108] kvm-guest: KVM setup pv remote TLB flush
[    0.153174] kvm-guest: setup PV sched yield
[    0.154130] PM: hibernation: Registered nosave memory: [mem 0x00000000-0x00000fff]
[    0.155724] PM: hibernation: Registered nosave memory: [mem 0x0009f000-0x0009ffff]
[    0.157287] PM: hibernation: Registered nosave memory: [mem 0x000a0000-0x000effff]
[    0.158867] PM: hibernation: Registered nosave memory: [mem 0x000f0000-0x000fffff]
[    0.160445] [mem 0x80000000-0xfeffbfff] available for PCI devices
[    0.161717] Booting paravirtualized kernel on KVM
[    0.162718] clocksource: refined-jiffies: mask: 0xffffffff max_cycles: 0xffffffff, max_idle_ns: 7645519600211568 ns
[    0.164914] setup_percpu: NR_CPUS:8192 nr_cpumask_bits:2 nr_cpu_ids:2 nr_node_ids:1
[    0.168692] percpu: Embedded 64 pages/cpu s225280 r8192 d28672 u1048576
[    0.170064] kvm-guest: PV spinlocks enabled
[    0.170746] PV qspinlock hash table entries: 256 (order: 0, 4096 bytes, linear)
[    0.171933] Fallback order for Node 0: 0 
[    0.172591] Built 1 zonelists, mobility grouping on.  Total pages: 515808
[    0.173672] Policy zone: DMA32
[    0.174163] Kernel command line: net.ifnames=0 console=ttyS0 root=/dev/sda earlyprintk=serial net.ifnames=0
[    0.186466] Dentry cache hash table entries: 262144 (order: 9, 2097152 bytes, linear)
[    0.188089] Inode-cache hash table entries: 131072 (order: 8, 1048576 bytes, linear)
[    0.189842] mem auto-init: stack:off, heap alloc:off, heap free:off
[    0.195147] Memory: 1983336K/2096632K available (32784K kernel code, 4668K rwdata, 8308K rodata, 3656K init, 22164K bss, 113040K reserved, 0K cma-reserved)
[    0.198709] SLUB: HWalign=64, Order=0-3, MinObjects=0, CPUs=2, Nodes=1
[    0.199798] kmemleak: Kernel memory leak detector disabled
[    0.200713] ftrace: allocating 67101 entries in 263 pages
[    0.228572] ftrace: allocated 263 pages with 4 groups
[    0.234080] Dynamic Preempt: voluntary
[    0.235098] Running RCU self tests
[    0.235807] rcu: Preemptible hierarchical RCU implementation.
[    0.236990] rcu: 	RCU lockdep checking is enabled.
[    0.237973] rcu: 	RCU restricting CPUs from NR_CPUS=8192 to nr_cpu_ids=2.
[    0.239364] 	Trampoline variant of Tasks RCU enabled.
[    0.240396] 	Rude variant of Tasks RCU enabled.
[    0.241328] 	Tracing variant of Tasks RCU enabled.
[    0.242305] rcu: RCU calculated value of scheduler-enlistment delay is 25 jiffies.
[    0.243808] rcu: Adjusting geometry for rcu_fanout_leaf=16, nr_cpu_ids=2
[    0.277937] NR_IRQS: 524544, nr_irqs: 440, preallocated irqs: 16
[    0.279624] rcu: srcu_init: Setting srcu_struct sizes based on contention.
[    0.301415] Console: colour VGA+ 80x25
[    0.302320] printk: console [ttyS0] enabled
[    0.302320] printk: console [ttyS0] enabled
[    0.304091] printk: bootconsole [earlyser0] disabled
[    0.304091] printk: bootconsole [earlyser0] disabled
[    0.306206] Lock dependency validator: Copyright (c) 2006 Red Hat, Inc., Ingo Molnar
[    0.307844] ... MAX_LOCKDEP_SUBCLASSES:  8
[    0.308733] ... MAX_LOCK_DEPTH:          48
[    0.309649] ... MAX_LOCKDEP_KEYS:        8192
[    0.310576] ... CLASSHASH_SIZE:          4096
[    0.311504] ... MAX_LOCKDEP_ENTRIES:     32768
[    0.312452] ... MAX_LOCKDEP_CHAINS:      65536
[    0.313396] ... CHAINHASH_SIZE:          32768
[    0.314332]  memory used by lock dependency info: 6365 kB
[    0.315467]  memory used for stack traces: 4224 kB
[    0.316479]  per task-struct memory footprint: 1920 bytes
[    0.317744] ACPI: Core revision 20220331
[    0.318998] clocksource: hpet: mask: 0xffffffff max_cycles: 0xffffffff, max_idle_ns: 19112604467 ns
[    0.321197] APIC: Switch to symmetric I/O mode setup
[    0.322952] x2apic enabled
[    0.324205] Switched APIC routing to physical x2apic.
[    0.325515] kvm-guest: setup PV IPIs
[    0.329313] ..TIMER: vector=0x30 apic1=0 pin1=2 apic2=-1 pin2=-1
[    0.330681] clocksource: tsc-early: mask: 0xffffffffffffffff max_cycles: 0x363e8c91135, max_idle_ns: 881590568389 ns
[    0.332892] Calibrating delay loop (skipped) preset value.. 3763.20 BogoMIPS (lpj=7526400)
[    0.336884] pid_max: default: 32768 minimum: 301
[    0.337858] LSM: Security Framework initializing
[    0.338633] Yama: becoming mindful.
[    0.339465] Mount-cache hash table entries: 4096 (order: 3, 32768 bytes, linear)
[    0.340888] Mountpoint-cache hash table entries: 4096 (order: 3, 32768 bytes, linear)
[    0.345103] CPU0: Thermal monitoring enabled (TM1)
[    0.346070] x86/cpu: User Mode Instruction Prevention (UMIP) activated
[    0.347586] Last level iTLB entries: 4KB 0, 2MB 0, 4MB 0
[    0.348474] Last level dTLB entries: 4KB 0, 2MB 0, 4MB 0, 1GB 0
[    0.348899] Spectre V1 : Mitigation: usercopy/swapgs barriers and __user pointer sanitization
[    0.350282] Spectre V2 : WARNING: Unprivileged eBPF is enabled with eIBRS on, data leaks possible via Spectre v2 BHB attacks!
[    0.352116] Spectre V2 : Mitigation: Enhanced IBRS
[    0.352876] Spectre V2 : Spectre v2 / SpectreRSB mitigation: Filling RSB on context switch
[    0.354146] Spectre V2 : Spectre v2 / PBRSB-eIBRS: Retire a single CALL on VMEXIT
[    0.355309] Spectre V2 : mitigation: Enabling conditional Indirect Branch Prediction Barrier
[    0.356877] Speculative Store Bypass: Mitigation: Speculative Store Bypass disabled via prctl
[    0.358226] MMIO Stale Data: Unknown: No mitigations
[    0.483161] Freeing SMP alternatives memory: 56K
[    0.484516] smpboot: CPU0: Genuine Intel(R) 0000 (family: 0x6, model: 0xba, stepping: 0x2)
[    0.484873] cblist_init_generic: Setting adjustable number of callback queues.
[    0.484873] cblist_init_generic: Setting shift to 1 and lim to 1.
[    0.485001] cblist_init_generic: Setting shift to 1 and lim to 1.
[    0.486159] cblist_init_generic: Setting shift to 1 and lim to 1.
[    0.487310] Running RCU-tasks wait API self tests
[    0.589133] Performance Events: Alderlake Hybrid events, full-width counters, Intel PMU driver.
[    0.591812] core: cpu_core PMU driver: 
[    0.592609] ... version:                2
[    0.592895] ... bit width:              48
[    0.593707] ... generic registers:      6
[    0.594499] ... value mask:             0000ffffffffffff
[    0.595535] ... max period:             00007fffffffffff
[    0.596573] ... fixed-purpose events:   3
[    0.596892] ... event mask:             0001000f0000003f
[    0.598432] rcu: Hierarchical SRCU implementation.
[    0.599389] rcu: 	Max phase no-delay instances is 1000.
[    0.604928] Callback from call_rcu_tasks_trace() invoked.
[    0.606097] unchecked MSR access error: WRMSR to 0x38f (tried to write 0x0001000f0000003f) at rIP: 0xffffffff810cc4ec (native_write_msr+0xc/0x30)
[    0.608598] Call Trace:
[    0.608873]  <TASK>
[    0.608873]  __intel_pmu_enable_all.constprop.45+0x68/0xf0
[    0.608873]  intel_pmu_enable_all+0x1e/0x30
[    0.608873]  x86_pmu_enable+0x46d/0x5a0
[    0.608873]  ? write_comp_data+0x2f/0x90
[    0.608873]  perf_pmu_enable+0x53/0x70
[    0.608873]  ctx_resched+0xab/0xf0
[    0.608873]  __perf_install_in_context+0x347/0x4b0
[    0.608873]  ? perf_duration_warn+0x50/0x50
[    0.608873]  ? perf_duration_warn+0x50/0x50
[    0.608873]  remote_function+0x80/0xa0
[    0.608873]  ? perf_duration_warn+0x50/0x50
[    0.608873]  generic_exec_single+0x124/0x190
[    0.608873]  smp_call_function_single+0x11c/0x240
[    0.608873]  ? perf_duration_warn+0x50/0x50
[    0.608873]  ? __sanitizer_cov_trace_pc+0x25/0x60
[    0.608873]  ? write_comp_data+0x2f/0x90
[    0.608873]  perf_install_in_context+0x2e8/0x310
[    0.608873]  ? ctx_resched+0xf0/0xf0
[    0.608873]  perf_event_create_kernel_counter+0x16a/0x200
[    0.608873]  ? find_next_bit+0x40/0x40
[    0.608873]  hardlockup_detector_event_create+0x46/0xd0
[    0.608873]  hardlockup_detector_perf_init+0x18/0x66
[    0.608873]  watchdog_nmi_probe+0x17/0x1d
[    0.608873]  lockup_detector_init+0x40/0xaf
[    0.608873]  kernel_init_freeable+0x264/0x411
[    0.608873]  ? rest_init+0x240/0x240
[    0.608873]  kernel_init+0x24/0x1e0
[    0.608873]  ? rest_init+0x240/0x240
[    0.608873]  ret_from_fork+0x1f/0x30
[    0.608873]  </TASK>
[    0.609258] smp: Bringing up secondary CPUs ...
[    0.610892] x86: Booting SMP configuration:
[    0.611792] .... node  #0, CPUs:      #1
[    0.047825] smpboot: CPU 1 Converting physical 0 to logical die 1
[    0.617217] smp: Brought up 1 node, 2 CPUs
[    0.617864] smpboot: Max logical packages: 2
[    0.618661] smpboot: Total of 2 processors activated (7526.40 BogoMIPS)
[    0.622237] devtmpfs: initialized
[    0.622237] x86/mm: Memory block size: 128MB
[    0.629149] clocksource: jiffies: mask: 0xffffffff max_cycles: 0xffffffff, max_idle_ns: 7645041785100000 ns
[    0.630961] futex hash table entries: 512 (order: 4, 65536 bytes, linear)
[    0.632682] pinctrl core: initialized pinctrl subsystem
[    0.634014] 
[    0.634340] *************************************************************
[    0.635591] **     NOTICE NOTICE NOTICE NOTICE NOTICE NOTICE NOTICE    **
[    0.636848] **                                                         **
[    0.636892] **  IOMMU DebugFS SUPPORT HAS BEEN ENABLED IN THIS KERNEL  **
[    0.638138] **                                                         **
[    0.639397] ** This means that this kernel is built to expose internal **
[    0.640640] ** IOMMU data structures, which may compromise security on **
[    0.640886] ** your system.                                            **
[    0.642152] **                                                         **
[    0.643409] ** If you see this message and you are not debugging the   **
[    0.644653] ** kernel, report this immediately to your vendor!         **
[    0.644885] **                                                         **
[    0.646143] **     NOTICE NOTICE NOTICE NOTICE NOTICE NOTICE NOTICE    **
[    0.647385] *************************************************************
[    0.648762] PM: RTC time: 03:52:12, date: 2023-01-03
[    0.654721] NET: Registered PF_NETLINK/PF_ROUTE protocol family
[    0.656530] DMA: preallocated 256 KiB GFP_KERNEL pool for atomic allocations
[    0.656894] DMA: preallocated 256 KiB GFP_KERNEL|GFP_DMA pool for atomic allocations
[    0.658136] DMA: preallocated 256 KiB GFP_KERNEL|GFP_DMA32 pool for atomic allocations
[    0.659433] audit: initializing netlink subsys (disabled)
[    0.660382] audit: type=2000 audit(1672717932.624:1): state=initialized audit_enabled=0 res=1
[    0.661279] thermal_sys: Registered thermal governor 'fair_share'
[    0.661881] thermal_sys: Registered thermal governor 'bang_bang'
[    0.662836] thermal_sys: Registered thermal governor 'step_wise'
[    0.663759] thermal_sys: Registered thermal governor 'user_space'
[    0.664742] cpuidle: using governor ladder
[    0.665551] cpuidle: using governor menu
[    0.666631] acpiphp: ACPI Hot Plug PCI Controller Driver version: 0.5
[    0.668159] PCI: Using configuration type 1 for base access
[    0.688356] kprobes: kprobe jump-optimization is enabled. All kprobes are optimized if possible.
[    1.049665] HugeTLB: registered 1.00 GiB page size, pre-allocated 0 pages
[    1.051407] HugeTLB: 16380 KiB vmemmap can be freed for a 1.00 GiB page
[    1.052901] HugeTLB: registered 2.00 MiB page size, pre-allocated 0 pages
[    1.054601] HugeTLB: 28 KiB vmemmap can be freed for a 2.00 MiB page
[    1.061728] ACPI: Added _OSI(Module Device)
[    1.062510] ACPI: Added _OSI(Processor Device)
[    1.063291] ACPI: Added _OSI(3.0 _SCP Extensions)
[    1.064112] ACPI: Added _OSI(Processor Aggregator Device)
[    1.074426] ACPI: 1 ACPI AML tables successfully acquired and loaded
[    1.081855] ACPI: Interpreter enabled
[    1.082776] ACPI: PM: (supports S0 S3 S4 S5)
[    1.083614] ACPI: Using IOAPIC for interrupt routing
[    1.084677] PCI: Using host bridge windows from ACPI; if necessary, use "pci=nocrs" and report a bug
[    1.084889] PCI: Using E820 reservations for host bridge windows
[    1.087337] ACPI: Enabled 2 GPEs in block 00 to 0F
[    1.113968] ACPI: PCI Root Bridge [PCI0] (domain 0000 [bus 00-ff])
[    1.115263] acpi PNP0A03:00: _OSC: OS supports [ASPM ClockPM Segments MSI EDR HPX-Type3]
[    1.116605] acpi PNP0A03:00: _OSC: not requesting OS control; OS requires [ExtendedConfig ASPM ClockPM MSI]
[    1.116976] acpi PNP0A03:00: fail to add MMCONFIG information, can't access extended PCI configuration space under this bridge.
[    1.122104] acpiphp: Slot [3] registered
[    1.122941] acpiphp: Slot [4] registered
[    1.123756] acpiphp: Slot [5] registered
[    1.124594] acpiphp: Slot [6] registered
[    1.124978] acpiphp: Slot [7] registered
[    1.126168] acpiphp: Slot [8] registered
[    1.127124] acpiphp: Slot [9] registered
[    1.128038] acpiphp: Slot [10] registered
[    1.129008] acpiphp: Slot [11] registered
[    1.129982] acpiphp: Slot [12] registered
[    1.130920] acpiphp: Slot [13] registered
[    1.131847] acpiphp: Slot [14] registered
[    1.132789] acpiphp: Slot [15] registered
[    1.132985] acpiphp: Slot [16] registered
[    1.133932] acpiphp: Slot [17] registered
[    1.134887] acpiphp: Slot [18] registered
[    1.135884] acpiphp: Slot [19] registered
[    1.136869] acpiphp: Slot [20] registered
[    1.137921] acpiphp: Slot [21] registered
[    1.138870] acpiphp: Slot [22] registered
[    1.139829] acpiphp: Slot [23] registered
[    1.140784] acpiphp: Slot [24] registered
[    1.140997] acpiphp: Slot [25] registered
[    1.141920] acpiphp: Slot [26] registered
[    1.142855] acpiphp: Slot [27] registered
[    1.143790] acpiphp: Slot [28] registered
[    1.144733] acpiphp: Slot [29] registered
[    1.144984] acpiphp: Slot [30] registered
[    1.145905] acpiphp: Slot [31] registered
[    1.146785] PCI host bridge to bus 0000:00
[    1.147631] pci_bus 0000:00: root bus resource [io  0x0000-0x0cf7 window]
[    1.148885] pci_bus 0000:00: root bus resource [io  0x0d00-0xffff window]
[    1.150276] pci_bus 0000:00: root bus resource [mem 0x000a0000-0x000bffff window]
[    1.151850] pci_bus 0000:00: root bus resource [mem 0x80000000-0xfebfffff window]
[    1.152886] pci_bus 0000:00: root bus resource [mem 0x100000000-0x17fffffff window]
[    1.154461] pci_bus 0000:00: root bus resource [bus 00-ff]
[    1.155859] pci 0000:00:00.0: [8086:1237] type 00 class 0x060000
[    1.161233] pci 0000:00:01.0: [8086:7000] type 00 class 0x060100
[    1.163978] pci 0000:00:01.1: [8086:7010] type 00 class 0x010180
[    1.167137] pci 0000:00:01.1: reg 0x20: [io  0xc040-0xc04f]
[    1.169211] pci 0000:00:01.1: legacy IDE quirk: reg 0x10: [io  0x01f0-0x01f7]
[    1.170707] pci 0000:00:01.1: legacy IDE quirk: reg 0x14: [io  0x03f6]
[    1.172043] pci 0000:00:01.1: legacy IDE quirk: reg 0x18: [io  0x0170-0x0177]
[    1.172886] pci 0000:00:01.1: legacy IDE quirk: reg 0x1c: [io  0x0376]
[    1.175262] pci 0000:00:01.3: [8086:7113] type 00 class 0x068000
[    1.177329] pci 0000:00:01.3: quirk: [io  0x0600-0x063f] claimed by PIIX4 ACPI
[    1.178457] pci 0000:00:01.3: quirk: [io  0x0700-0x070f] claimed by PIIX4 SMB
[    1.180030] pci 0000:00:02.0: [1234:1111] type 00 class 0x030000
[    1.182091] pci 0000:00:02.0: reg 0x10: [mem 0xfd000000-0xfdffffff pref]
[    1.184885] pci 0000:00:02.0: reg 0x18: [mem 0xfebf0000-0xfebf0fff]
[    1.189879] pci 0000:00:02.0: reg 0x30: [mem 0xfebe0000-0xfebeffff pref]
[    1.191025] pci 0000:00:02.0: Video device with shadowed ROM at [mem 0x000c0000-0x000dffff]
[    1.195836] pci 0000:00:03.0: [8086:100e] type 00 class 0x020000
[    1.197435] pci 0000:00:03.0: reg 0x10: [mem 0xfebc0000-0xfebdffff]
[    1.199038] pci 0000:00:03.0: reg 0x14: [io  0xc000-0xc03f]
[    1.203584] pci 0000:00:03.0: reg 0x30: [mem 0xfeb80000-0xfebbffff pref]
[    1.250246] ACPI: PCI: Interrupt link LNKA configured for IRQ 10
[    1.251988] ACPI: PCI: Interrupt link LNKB configured for IRQ 10
[    1.253391] ACPI: PCI: Interrupt link LNKC configured for IRQ 11
[    1.255099] ACPI: PCI: Interrupt link LNKD configured for IRQ 11
[    1.256602] ACPI: PCI: Interrupt link LNKS configured for IRQ 9
[    1.258504] iommu: Default domain type: Translated 
[    1.259408] iommu: DMA domain TLB invalidation policy: lazy mode 
[    1.261657] SCSI subsystem initialized
[    1.262641] ACPI: bus type USB registered
[    1.263371] usbcore: registered new interface driver usbfs
[    1.264308] usbcore: registered new interface driver hub
[    1.264928] usbcore: registered new device driver usb
[    1.265934] pps_core: LinuxPPS API ver. 1 registered
[    1.266779] pps_core: Software ver. 5.3.6 - Copyright 2005-2007 Rodolfo Giometti <giometti@linux.it>
[    1.268312] PTP clock support registered
[    1.269131] EDAC MC: Ver: 3.0.0
[    1.271313] NetLabel: Initializing
[    1.271948] NetLabel:  domain hash size = 128
[    1.272733] NetLabel:  protocols = UNLABELED CIPSOv4 CALIPSO
[    1.272975] NetLabel:  unlabeled traffic allowed by default
[    1.309274] PCI: Using ACPI for IRQ routing
[    1.310730] pci 0000:00:02.0: vgaarb: setting as boot VGA device
[    1.312023] pci 0000:00:02.0: vgaarb: bridge control possible
[    1.312873] pci 0000:00:02.0: vgaarb: VGA device added: decodes=io+mem,owns=io+mem,locks=none
[    1.312886] vgaarb: loaded
[    1.313854] hpet0: at MMIO 0xfed00000, IRQs 2, 8, 0
[    1.314726] hpet0: 3 comparators, 64-bit 100.000000 MHz counter
[    4.801359] clocksource: Switched to clocksource kvm-clock
[    4.894940] Callback from call_rcu_tasks_rude() invoked.
[    5.001685] Callback from call_rcu_tasks() invoked.
[    5.154538] VFS: Disk quotas dquot_6.6.0
[    5.155439] VFS: Dquot-cache hash table entries: 512 (order 0, 4096 bytes)
[    5.157389] pnp: PnP ACPI init
[    5.161720] pnp: PnP ACPI: found 6 devices
[    5.187357] clocksource: acpi_pm: mask: 0xffffff max_cycles: 0xffffff, max_idle_ns: 2085701024 ns
[    5.189796] NET: Registered PF_INET protocol family
[    5.191365] IP idents hash table entries: 32768 (order: 6, 262144 bytes, linear)
[    5.195007] tcp_listen_portaddr_hash hash table entries: 1024 (order: 4, 73728 bytes, linear)
[    5.196917] Table-perturb hash table entries: 65536 (order: 6, 262144 bytes, linear)
[    5.198490] TCP established hash table entries: 16384 (order: 5, 131072 bytes, linear)
[    5.200535] TCP bind hash table entries: 16384 (order: 9, 2359296 bytes, linear)
[    5.208167] TCP: Hash tables configured (established 16384 bind 16384)
[    5.209956] UDP hash table entries: 1024 (order: 5, 163840 bytes, linear)
[    5.212357] UDP-Lite hash table entries: 1024 (order: 5, 163840 bytes, linear)
[    5.214414] NET: Registered PF_UNIX/PF_LOCAL protocol family
[    5.216953] RPC: Registered named UNIX socket transport module.
[    5.218207] RPC: Registered udp transport module.
[    5.219163] RPC: Registered tcp transport module.
[    5.220099] RPC: Registered tcp NFSv4.1 backchannel transport module.
[    5.221449] pci_bus 0000:00: resource 4 [io  0x0000-0x0cf7 window]
[    5.222723] pci_bus 0000:00: resource 5 [io  0x0d00-0xffff window]
[    5.224002] pci_bus 0000:00: resource 6 [mem 0x000a0000-0x000bffff window]
[    5.225420] pci_bus 0000:00: resource 7 [mem 0x80000000-0xfebfffff window]
[    5.226833] pci_bus 0000:00: resource 8 [mem 0x100000000-0x17fffffff window]
[    5.228596] pci 0000:00:01.0: PIIX3: Enabling Passive Release
[    5.229820] pci 0000:00:00.0: Limiting direct PCI/PCI transfers
[    5.231203] PCI: CLS 0 bytes, default 64
[    5.232070] ACPI: bus type thunderbolt registered
[    5.233538] clocksource: tsc: mask: 0xffffffffffffffff max_cycles: 0x363e8c91135, max_idle_ns: 881590568389 ns
[    5.240510] Initialise system trusted keyrings
[    5.241674] Key type blacklist registered
[    5.242786] workingset: timestamp_bits=36 max_order=19 bucket_order=0
[    5.257587] zbud: loaded
[    5.260728] squashfs: version 4.0 (2009/01/31) Phillip Lougher
[    5.263903] NFS: Registering the id_resolver key type
[    5.265045] Key type id_resolver registered
[    5.265924] Key type id_legacy registered
[    5.266929] nfs4filelayout_init: NFSv4 File Layout Driver Registering...
[    5.268334] nfs4flexfilelayout_init: NFSv4 Flexfile Layout Driver Registering...
[    5.270048] fuse: init (API version 7.36)
[    5.271378] SGI XFS with ACLs, security attributes, realtime, quota, no debug enabled
[    5.275652] 9p: Installing v9fs 9p2000 file system support
[    5.286283] Key type asymmetric registered
[    5.287187] Asymmetric key parser 'x509' registered
[    5.292762] alg: self-tests for CTR-KDF (hmac(sha256)) passed
[    5.294040] Block layer SCSI generic (bsg) driver version 0.4 loaded (major 243)
[    5.295858] io scheduler mq-deadline registered
[    5.296863] io scheduler bfq registered
[    5.300747] shpchp: Standard Hot Plug PCI Controller Driver version: 0.4
[    5.303121] IPMI message handler: version 39.2
[    5.304175] ipmi device interface
[    5.308166] input: Power Button as /devices/LNXSYSTM:00/LNXPWRBN:00/input/input0
[    5.310241] ACPI: button: Power Button [PWRF]
[    5.313255] ERST DBG: ERST support is disabled.
[    5.315384] Serial: 8250/16550 driver, 32 ports, IRQ sharing enabled
[    5.317935] 00:04: ttyS0 at I/O 0x3f8 (irq = 4, base_baud = 115200) is a 16550A
[    5.331716] Linux agpgart interface v0.103
[    5.333551] ACPI: bus type drm_connector registered
[    5.352738] brd: module loaded
[    5.366061] loop: module loaded
[    5.374161] scsi host0: ata_piix
[    5.376051] scsi host1: ata_piix
[    5.377078] ata1: PATA max MWDMA2 cmd 0x1f0 ctl 0x3f6 bmdma 0xc040 irq 14
[    5.378480] ata2: PATA max MWDMA2 cmd 0x170 ctl 0x376 bmdma 0xc048 irq 15
[    5.381310] tun: Universal TUN/TAP device driver, 1.6
[    5.382594] e100: Intel(R) PRO/100 Network Driver
[    5.383568] e100: Copyright(c) 1999-2006 Intel Corporation
[    5.384743] e1000: Intel(R) PRO/1000 Network Driver
[    5.385782] e1000: Copyright (c) 1999-2006 Intel Corporation.
[    5.537219] ata1: found unknown device (class 0)
[    5.539174] ata1.00: ATA-7: QEMU HARDDISK, 2.5+, max UDMA/100
[    5.540262] ata1.00: 16777216 sectors, multi 16: LBA48 
[    5.541710] ata2: found unknown device (class 0)
[    5.543416] ata2.00: ATAPI: QEMU DVD-ROM, 2.5+, max UDMA/100
[    5.546108] scsi 0:0:0:0: Direct-Access     ATA      QEMU HARDDISK    2.5+ PQ: 0 ANSI: 5
[    5.549751] scsi 0:0:0:0: Attached scsi generic sg0 type 0
[    5.553111] scsi 1:0:0:0: CD-ROM            QEMU     QEMU DVD-ROM     2.5+ PQ: 0 ANSI: 5
[    5.556411] sd 0:0:0:0: [sda] 16777216 512-byte logical blocks: (8.59 GB/8.00 GiB)
[    5.557957] sd 0:0:0:0: [sda] Write Protect is off
[    5.559004] sd 0:0:0:0: [sda] Write cache: enabled, read cache: enabled, doesn't support DPO or FUA
[    5.561032] sd 0:0:0:0: [sda] Preferred minimum I/O size 512 bytes
[    5.576094] sd 0:0:0:0: [sda] Attached SCSI disk
[    5.586232] scsi 1:0:0:0: Attached scsi generic sg1 type 5
[    5.673676] ACPI: \_SB_.LNKC: Enabled at IRQ 11
[    6.039849] e1000 0000:00:03.0 eth0: (PCI:33MHz:32-bit) 52:54:00:12:34:56
[    6.041183] e1000 0000:00:03.0 eth0: Intel(R) PRO/1000 Network Connection
[    6.042643] e1000e: Intel(R) PRO/1000 Network Driver
[    6.043537] e1000e: Copyright(c) 1999 - 2015 Intel Corporation.
[    6.044746] igb: Intel(R) Gigabit Ethernet Network Driver
[    6.045742] igb: Copyright (c) 2007-2014 Intel Corporation.
[    6.047022] PPP generic driver version 2.4.2
[    6.048593] VFIO - User Level meta-driver version: 0.3
[    6.050749] usbcore: registered new interface driver uas
[    6.051851] usbcore: registered new interface driver usb-storage
[    6.053238] i8042: PNP: PS/2 Controller [PNP0303:KBD,PNP0f13:MOU] at 0x60,0x64 irq 1,12
[    6.056034] serio: i8042 KBD port at 0x60,0x64 irq 1
[    6.057075] serio: i8042 AUX port at 0x60,0x64 irq 12
[    6.059343] mousedev: PS/2 mouse device common for all mice
[    6.062521] input: AT Translated Set 2 keyboard as /devices/platform/i8042/serio0/input/input1
[    6.065549] input: VirtualPS/2 VMware VMMouse as /devices/platform/i8042/serio1/input/input4
[    6.068038] input: VirtualPS/2 VMware VMMouse as /devices/platform/i8042/serio1/input/input3
[    6.069858] rtc_cmos 00:05: RTC can wake from S4
[    6.073634] rtc_cmos 00:05: registered as rtc0
[    6.074675] rtc_cmos 00:05: setting system clock to 2023-01-03T03:52:17 UTC (1672717937)
[    6.076331] rtc_cmos 00:05: alarms up to one day, y3k, 242 bytes nvram, hpet irqs
[    6.077770] i2c_dev: i2c /dev entries driver
[    6.079118] device-mapper: core: CONFIG_IMA_DISABLE_HTABLE is disabled. Duplicate IMA measurements will not be recorded in the IMA log.
[    6.081562] device-mapper: uevent: version 1.0.3
[    6.082764] device-mapper: ioctl: 4.47.0-ioctl (2022-07-28) initialised: dm-devel@redhat.com
[    6.084323] intel_pstate: CPU model not supported
[    6.085358] sdhci: Secure Digital Host Controller Interface driver
[    6.086509] sdhci: Copyright(c) Pierre Ossman
[    6.087655] sdhci-pltfm: SDHCI platform and OF driver helper
[    6.088911] ledtrig-cpu: registered to indicate activity on CPUs
[    6.090492] drop_monitor: Initializing network drop monitor service
[    6.092297] NET: Registered PF_INET6 protocol family
[    6.096182] Segment Routing with IPv6
[    6.096959] In-situ OAM (IOAM) with IPv6
[    6.097744] NET: Registered PF_PACKET protocol family
[    6.099059] 9pnet: Installing 9P2000 support
[    6.099928] Key type dns_resolver registered
[    6.101845] IPI shorthand broadcast: enabled
[    6.103037] sched_clock: Marking stable (6057597750, 43825185)->(6187744589, -86321654)
[    6.105621] registered taskstats version 1
[    6.106801] Loading compiled-in X.509 certificates
[    6.108457] zswap: loaded using pool lzo/zbud
[    6.110370] Key type .fscrypt registered
[    6.111201] Key type fscrypt-provisioning registered
[    6.114150] Key type encrypted registered
[    6.115047] ima: No TPM chip found, activating TPM-bypass!
[    6.116182] ima: Allocated hash algorithm: sha1
[    6.117205] ima: No architecture policies found
[    6.118260] evm: Initialising EVM extended attributes:
[    6.119313] evm: security.selinux
[    6.119989] evm: security.SMACK64
[    6.120666] evm: security.SMACK64EXEC
[    6.121437] evm: security.SMACK64TRANSMUTE
[    6.122265] evm: security.SMACK64MMAP
[    6.123014] evm: security.apparmor
[    6.123708] evm: security.ima
[    6.124317] evm: security.capability
[    6.125061] evm: HMAC attrs: 0x1
[    6.135525] PM:   Magic number: 7:846:865
[    6.137067] RAS: Correctable Errors collector initialized.
[    6.139993] md: Waiting for all devices to be available before autodetect
[    6.140853] md: If you don't use raid, use raid=noautodetect
[    6.141597] md: Autodetecting RAID arrays.
[    6.142130] md: autorun ...
[    6.142507] md: ... autorun DONE.
[    6.151821] EXT4-fs (sda): mounted filesystem with ordered data mode. Quota mode: none.
[    6.152955] VFS: Mounted root (ext4 filesystem) readonly on device 8:0.
[    6.157439] devtmpfs: mounted
[    6.166622] Freeing unused decrypted memory: 2036K
[    6.170031] Freeing unused kernel image (initmem) memory: 3656K
[    6.173018] Write protecting the kernel read-only data: 45056k
[    6.178057] Freeing unused kernel image (text/rodata gap) memory: 2028K
[    6.180791] Freeing unused kernel image (rodata/data gap) memory: 1932K
[    6.295340] x86/mm: Checked W+X mappings: passed, no W+X pages found.
[    6.296209] Run /sbin/init as init process
[    6.469013] systemd[1]: RTC configured in localtime, applying delta of 0 minutes to system time.
[    6.520226] systemd[1]: systemd 239 (239-49.el8) running in system mode. (+PAM +AUDIT +SELINUX +IMA -APPARMOR +SMACK +SYSVINIT +UTMP +LIBCRYPTSETUP +GCRYPT +GNUTLS +ACL +XZ +LZ4 +SECCOMP +BLKID +ELFUTILS +KMOD +IDN2 -IDN +PCRE2 default-hierarchy=legacy)
[    6.523697] systemd[1]: Detected virtualization kvm.
[    6.524415] systemd[1]: Detected architecture x86-64.

Welcome to [0;31mCentOS Stream 8[0m!

[    6.581101] systemd[1]: Set hostname to <test>.
[    8.549085] random: crng init done
[   12.184549] systemd[1]: Listening on udev Control Socket.
[[0;32m  OK  [0m] Listening on udev Control Socket.
[   12.186345] systemd[1]: Reached target Swap.
[[0;32m  OK  [0m] Reached target Swap.
[   12.187976] systemd[1]: Listening on Journal Socket.
[[0;32m  OK  [0m] Listening on Journal Socket.
[   12.213527] systemd[1]: Starting Setup Virtual Console...
         Starting Setup Virtual Console...
[   12.215444] systemd[1]: Started Forward Password Requests to Wall Directory Watch.
[[0;32m  OK  [0m] Started Forward Password Requests to Wall Directory Watch.
[   12.218056] systemd[1]: Listening on Device-mapper event daemon FIFOs.
[[0;32m  OK  [0m] Listening on Device-mapper event daemon FIFOs.
[   12.223795] systemd[1]: Starting Monitoring of LVM2 mirrors, snapshots etc. using dmeventd or progress polling...
         Starting Monitoring of LVM2 mirrorsâ€¦ng dmeventd or progress polling...
[   12.226406] systemd[1]: Listening on initctl Compatibility Named Pipe.
[[0;32m  OK  [0m] Listening on initctl Compatibility Named Pipe.
[   12.228290] systemd[1]: Listening on udev Kernel Socket.
[[0;32m  OK  [0m] Listening on udev Kernel Socket.
[   12.240594] systemd[1]: Starting udev Coldplug all Devices...
         Starting udev Coldplug all Devices...
         Starting Remount Root and Kernel File Systems...
[[0;32m  OK  [0m] Created slice User and Session Slice.
[[0;32m  OK  [0m] Listening on multipathd control socket.
[[0;32m  OK  [0m] Set up automount Arbitrary Executabâ€¦rmats File System Automount Point.
         Mounting Huge Pages File System...
[[0;32m  OK  [0m] Listening on Journal Socket (/dev/log).
[[0;32m  OK  [0m] Created slice system-sshd\x2dkeygen.slice.
[[0;32m  OK  [0m] Created slice system-serial\x2dgetty.slice.
         Starting Journal Service...
[[0;32m  OK  [0m] Reached target Slices.
         Mounting POSIX Message Queue File System...
         Mounting Kernel Debug File System...
[[0;32m  OK  [0m] Created slice system-getty.slice.
[   12.593171] EXT4-fs (sda): re-mounted. Quota mode: none.
         Starting Load Kernel Modules...
[[0;32m  OK  [0m] Listening on RPCbind Server Activation Socket.
[[0;32m  OK  [0m] Reached target RPC Port Mapper.
[[0;32m  OK  [0m] Listening on LVM2 poll daemon socket.
[[0;32m  OK  [0m] Listening on Process Core Dump Socket.
[[0;32m  OK  [0m] Started Journal Service.
[[0;32m  OK  [0m] Started Setup Virtual Console.
[[0;32m  OK  [0m] Started Remount Root and Kernel File Systems.
[[0;32m  OK  [0m] Mounted Huge Pages File System.
[[0;32m  OK  [0m] Mounted POSIX Message Queue File System.
[[0;32m  OK  [0m] Mounted Kernel Debug File System.
[[0;1;31mFAILED[0m] Failed to start Load Kernel Modules.
See 'systemctl status systemd-modules-load.service' for details.
         Mounting FUSE Control File System...
         Mounting Kernel Configuration File System...
         Starting Apply Kernel Variables...
         Starting Load/Save Random Seed...
         Starting Create Static Device Nodes in /dev...
         Starting Flush Journal to Persistent Storage...
[[0;32m  OK  [0m] Mounted FUSE Control File System.
[[0;32m  OK  [0m] Mounted Kernel Configuration File System.
[[0;32m  OK  [0m] Started Apply Kernel Variables.
[[0;32m  OK  [0m] Started Load/Save Random Seed.
[[0;32m  OK  [0m] Started Flush Journal to Persistent Storage.
[[0;32m  OK  [0m] Started Create Static Device Nodes in /dev.
         Starting udev Kernel Device Manager...
[[0;32m  OK  [0m] Started udev Coldplug all Devices.
         Starting udev Wait for Complete Device Initialization...
[[0;32m  OK  [0m] Started udev Kernel Device Manager.
         Starting Show Plymouth Boot Screen...
[[0;32m  OK  [0m] Started Show Plymouth Boot Screen.
[[0;32m  OK  [0m] Reached target Paths.
[[0;32m  OK  [0m] Reached target Local Encrypted Volumes.
[[0;32m  OK  [0m] Started Forward Password Requests to Plymouth Directory Watch.
[[0;32m  OK  [0m] Found device /dev/ttyS0.
[[0;32m  OK  [0m] Started Monitoring of LVM2 mirrors,â€¦sing dmeventd or progress polling.
[[0;32m  OK  [0m] Started udev Wait for Complete Device Initialization.
[[0;32m  OK  [0m] Listening on Load/Save RF Kill Switch Status /dev/rfkill Watch.
[[0;32m  OK  [0m] Reached target Local File Systems (Pre).
[[0;32m  OK  [0m] Reached target Local File Systems.
         Starting Create Volatile Files and Directories...
         Starting Tell Plymouth To Write Out Runtime Data...
         Starting Restore /run/initramfs on shutdown...
[[0;32m  OK  [0m] Started Create Volatile Files and Directories.
[[0;32m  OK  [0m] Started Tell Plymouth To Write Out Runtime Data.
[[0;32m  OK  [0m] Started Restore /run/initramfs on shutdown.
         Starting RPC Bind...
         Mounting RPC Pipe File System...
         Starting Security Auditing Service...
[[0;32m  OK  [0m] Mounted RPC Pipe File System.
[[0;32m  OK  [0m] Reached target rpc_pipefs.target.
[[0;32m  OK  [0m] Started RPC Bind.
[[0;32m  OK  [0m] Started Security Auditing Service.
         Starting Update UTMP about System Boot/Shutdown...
[[0;32m  OK  [0m] Started Update UTMP about System Boot/Shutdown.
[[0;32m  OK  [0m] Reached target System Initialization.
[[0;32m  OK  [0m] Listening on SSSD Kerberos Cache Manager responder socket.
[[0;32m  OK  [0m] Started daily update of the root trust anchor for DNSSEC.
[[0;32m  OK  [0m] Started Daily Cleanup of Temporary Directories.
[[0;32m  OK  [0m] Listening on D-Bus System Message Bus Socket.
[[0;32m  OK  [0m] Reached target Sockets.
[[0;32m  OK  [0m] Reached target Basic System.
         Starting NTP client/server...
[[0;32m  OK  [0m] Started Machine Check Exception Logging Daemon.
         Starting Self Monitoring and Reporting Technology (SMART) Daemon...
[[0;32m  OK  [0m] Reached target sshd-keygen.target.
         Starting Login Service...
[[0;32m  OK  [0m] Started irqbalance daemon.
         Starting Auto-connect to subsystemsâ€¦-NVME devices found during boot...
[[0;32m  OK  [0m] Started dnf makecache --timer.
[[0;32m  OK  [0m] Reached target Timers.
[[0;32m  OK  [0m] Started D-Bus System Message Bus.
         Starting Authorization Manager...
         Starting Network Manager...
[[0;32m  OK  [0m] Started Self Monitoring and Reporting Technology (SMART) Daemon.
[[0;32m  OK  [0m] Started Auto-connect to subsystems â€¦FC-NVME devices found during boot.
         Starting update of the root trust aâ€¦or DNSSEC validation in unbound...
[[0;32m  OK  [0m] Started Login Service.
[[0;32m  OK  [0m] Started NTP client/server.
[[0;32m  OK  [0m] Started update of the root trust anâ€¦ for DNSSEC validation in unbound.
[[0;32m  OK  [0m] Started Network Manager.
         Starting Network Manager Wait Online...
[[0;32m  OK  [0m] Reached target Network.
         Starting Dynamic System Tuning Daemon...
         Starting GSSAPI Proxy Daemon...
         Starting OpenSSH server daemon...
         Starting Hostname Service...
[[0;32m  OK  [0m] Started Hostname Service.
[[0;32m  OK  [0m] Started OpenSSH server daemon.
         Starting Network Manager Script Dispatcher Service...
[[0;32m  OK  [0m] Started Authorization Manager.
[[0;32m  OK  [0m] Started Network Manager Script Dispatcher Service.
[[0;32m  OK  [0m] Started GSSAPI Proxy Daemon.
[[0;32m  OK  [0m] Reached target NFS client services.
[[0;32m  OK  [0m] Reached target Remote File Systems (Pre).
[[0;32m  OK  [0m] Reached target Remote File Systems.
[   20.605733] e1000: eth0 NIC Link is Up 1000 Mbps Full Duplex, Flow Control: RX
[   20.607527] IPv6: ADDRCONF(NETDEV_CHANGE): eth0: link becomes ready
         Starting Permit User Sessions...
[[0;32m  OK  [0m] Started Permit User Sessions.
         Starting Terminate Plymouth Boot Screen...
[[0;32m  OK  [0m] Started Command Scheduler.
         Starting Hold until boot process finishes up...
[[0;32m  OK  [0m] Started Terminate Plymouth Boot Screen.
[[0;32m  OK  [0m] Started Hold until boot process finishes up.
[   21.255819] Spectre V2 : WARNING: Unprivileged eBPF is enabled with eIBRS on, data leaks possible via Spectre v2 BHB attacks!
[   21.257550] Spectre V2 : WARNING: Unprivileged eBPF is enabled with eIBRS on, data leaks possible via Spectre v2 BHB attacks!

CentOS Stream 8
Kernel 6.0.0-a09476668e30+ on an x86_64

test login: [   29.555360] sg_write: data in/out 131036/42 bytes for SCSI command 0xff-- guessing data in;
[   29.555360]    program repro not setting count and/or reply_len properly
[   29.565201] sg_write: data in/out 131036/42 bytes for SCSI command 0xff-- guessing data in;
[   29.565201]    program repro not setting count and/or reply_len properly
[   29.572960] sg_write: data in/out 131036/42 bytes for SCSI command 0xff-- guessing data in;
[   29.572960]    program repro not setting count and/or reply_len properly
[   29.580474] sg_write: data in/out 131036/42 bytes for SCSI command 0xff-- guessing data in;
[   29.580474]    program repro not setting count and/or reply_len properly
[   29.588831] sg_write: data in/out 131036/42 bytes for SCSI command 0xff-- guessing data in;
[   29.588831]    program repro not setting count and/or reply_len properly
[   29.596496] sg_write: data in/out 131036/42 bytes for SCSI command 0xff-- guessing data in;
[   29.596496]    program repro not setting count and/or reply_len properly
[   29.602501] sg_write: data in/out 131036/42 bytes for SCSI command 0xff-- guessing data in;
[   29.602501]    program repro not setting count and/or reply_len properly
[   29.608404] sg_write: data in/out 131036/42 bytes for SCSI command 0xff-- guessing data in;
[   29.608404]    program repro not setting count and/or reply_len properly
[   29.614890] sg_write: data in/out 131036/42 bytes for SCSI command 0xff-- guessing data in;
[   29.614890]    program repro not setting count and/or reply_len properly
[   29.622148] sg_write: data in/out 131036/42 bytes for SCSI command 0xff-- guessing data in;
[   29.622148]    program repro not setting count and/or reply_len properly
[   34.558564] sg_write: 905 callbacks suppressed
[   34.558583] sg_write: data in/out 131036/42 bytes for SCSI command 0xff-- guessing data in;
[   34.558583]    program repro not setting count and/or reply_len properly
[   34.565750] sg_write: data in/out 131036/42 bytes for SCSI command 0xff-- guessing data in;
[   34.565750]    program repro not setting count and/or reply_len properly
[   34.573272] sg_write: data in/out 131036/42 bytes for SCSI command 0xff-- guessing data in;
[   34.573272]    program repro not setting count and/or reply_len properly
[   34.582304] sg_write: data in/out 131036/42 bytes for SCSI command 0xff-- guessing data in;
[   34.582304]    program repro not setting count and/or reply_len properly
[   34.590081] sg_write: data in/out 131036/42 bytes for SCSI command 0xff-- guessing data in;
[   34.590081]    program repro not setting count and/or reply_len properly
[   34.598788] sg_write: data in/out 131036/42 bytes for SCSI command 0xff-- guessing data in;
[   34.598788]    program repro not setting count and/or reply_len properly
[   34.606182] sg_write: data in/out 131036/42 bytes for SCSI command 0xff-- guessing data in;
[   34.606182]    program repro not setting count and/or reply_len properly
[   34.613163] sg_write: data in/out 131036/42 bytes for SCSI command 0xff-- guessing data in;
[   34.613163]    program repro not setting count and/or reply_len properly
[   34.619766] sg_write: data in/out 131036/42 bytes for SCSI command 0xff-- guessing data in;
[   34.619766]    program repro not setting count and/or reply_len properly
[   34.626362] sg_write: data in/out 131036/42 bytes for SCSI command 0xff-- guessing data in;
[   34.626362]    program repro not setting count and/or reply_len properly
[   39.560967] sg_write: 900 callbacks suppressed
[   39.560982] sg_write: data in/out 131036/42 bytes for SCSI command 0xff-- guessing data in;
[   39.560982]    program repro not setting count and/or reply_len properly
[   39.570030] sg_write: data in/out 131036/42 bytes for SCSI command 0xff-- guessing data in;
[   39.570030]    program repro not setting count and/or reply_len properly
[   39.579165] sg_write: data in/out 131036/42 bytes for SCSI command 0xff-- guessing data in;
[   39.579165]    program repro not setting count and/or reply_len properly
[   39.586412] sg_write: data in/out 131036/42 bytes for SCSI command 0xff-- guessing data in;
[   39.586412]    program repro not setting count and/or reply_len properly
[   39.594248] sg_write: data in/out 131036/42 bytes for SCSI command 0xff-- guessing data in;
[   39.594248]    program repro not setting count and/or reply_len properly
[   39.601451] sg_write: data in/out 131036/42 bytes for SCSI command 0xff-- guessing data in;
[   39.601451]    program repro not setting count and/or reply_len properly
[   39.608801] sg_write: data in/out 131036/42 bytes for SCSI command 0xff-- guessing data in;
[   39.608801]    program repro not setting count and/or reply_len properly
[   39.616811] sg_write: data in/out 131036/42 bytes for SCSI command 0xff-- guessing data in;
[   39.616811]    program repro not setting count and/or reply_len properly
[   39.624662] sg_write: data in/out 131036/42 bytes for SCSI command 0xff-- guessing data in;
[   39.624662]    program repro not setting count and/or reply_len properly
[   39.632126] sg_write: data in/out 131036/42 bytes for SCSI command 0xff-- guessing data in;
[   39.632126]    program repro not setting count and/or reply_len properly
[   44.565504] sg_write: 877 callbacks suppressed
[   44.565519] sg_write: data in/out 131036/42 bytes for SCSI command 0xff-- guessing data in;
[   44.565519]    program repro not setting count and/or reply_len properly
[   44.573337] sg_write: data in/out 131036/42 bytes for SCSI command 0xff-- guessing data in;
[   44.573337]    program repro not setting count and/or reply_len properly
[   44.580221] sg_write: data in/out 131036/42 bytes for SCSI command 0xff-- guessing data in;
[   44.580221]    program repro not setting count and/or reply_len properly
[   44.587211] sg_write: data in/out 131036/42 bytes for SCSI command 0xff-- guessing data in;
[   44.587211]    program repro not setting count and/or reply_len properly
[   44.595073] sg_write: data in/out 131036/42 bytes for SCSI command 0xff-- guessing data in;
[   44.595073]    program repro not setting count and/or reply_len properly
[   44.602378] sg_write: data in/out 131036/42 bytes for SCSI command 0xff-- guessing data in;
[   44.602378]    program repro not setting count and/or reply_len properly
[   44.609816] sg_write: data in/out 131036/42 bytes for SCSI command 0xff-- guessing data in;
[   44.609816]    program repro not setting count and/or reply_len properly
[   44.617040] sg_write: data in/out 131036/42 bytes for SCSI command 0xff-- guessing data in;
[   44.617040]    program repro not setting count and/or reply_len properly
[   44.624171] sg_write: data in/out 131036/42 bytes for SCSI command 0xff-- guessing data in;
[   44.624171]    program repro not setting count and/or reply_len properly
[   44.632041] sg_write: data in/out 131036/42 bytes for SCSI command 0xff-- guessing data in;
[   44.632041]    program repro not setting count and/or reply_len properly
[   49.571379] sg_write: 876 callbacks suppressed
[   49.571395] sg_write: data in/out 131036/42 bytes for SCSI command 0xff-- guessing data in;
[   49.571395]    program repro not setting count and/or reply_len properly
[   49.580680] sg_write: data in/out 131036/42 bytes for SCSI command 0xff-- guessing data in;
[   49.580680]    program repro not setting count and/or reply_len properly
[   49.589141] sg_write: data in/out 131036/42 bytes for SCSI command 0xff-- guessing data in;
[   49.589141]    program repro not setting count and/or reply_len properly
[   49.598027] sg_write: data in/out 131036/42 bytes for SCSI command 0xff-- guessing data in;
[   49.598027]    program repro not setting count and/or reply_len properly
[   49.606247] sg_write: data in/out 131036/42 bytes for SCSI command 0xff-- guessing data in;
[   49.606247]    program repro not setting count and/or reply_len properly
[   49.614912] sg_write: data in/out 131036/42 bytes for SCSI command 0xff-- guessing data in;
[   49.614912]    program repro not setting count and/or reply_len properly
[   49.623215] sg_write: data in/out 131036/42 bytes for SCSI command 0xff-- guessing data in;
[   49.623215]    program repro not setting count and/or reply_len properly
[   49.631342] sg_write: data in/out 131036/42 bytes for SCSI command 0xff-- guessing data in;
[   49.631342]    program repro not setting count and/or reply_len properly
[   49.640057] sg_write: data in/out 131036/42 bytes for SCSI command 0xff-- guessing data in;
[   49.640057]    program repro not setting count and/or reply_len properly
[   49.648416] sg_write: data in/out 131036/42 bytes for SCSI command 0xff-- guessing data in;
[   49.648416]    program repro not setting count and/or reply_len properly
[   54.577024] sg_write: 901 callbacks suppressed
[   54.577040] sg_write: data in/out 131036/42 bytes for SCSI command 0xff-- guessing data in;
[   54.577040]    program repro not setting count and/or reply_len properly
[   54.585654] sg_write: data in/out 131036/42 bytes for SCSI command 0xff-- guessing data in;
[   54.585654]    program repro not setting count and/or reply_len properly
[   54.593642] sg_write: data in/out 131036/42 bytes for SCSI command 0xff-- guessing data in;
[   54.593642]    program repro not setting count and/or reply_len properly
[   54.601928] sg_write: data in/out 131036/42 bytes for SCSI command 0xff-- guessing data in;
[   54.601928]    program repro not setting count and/or reply_len properly
[   54.610658] sg_write: data in/out 131036/42 bytes for SCSI command 0xff-- guessing data in;
[   54.610658]    program repro not setting count and/or reply_len properly
[   54.619354] sg_write: data in/out 131036/42 bytes for SCSI command 0xff-- guessing data in;
[   54.619354]    program repro not setting count and/or reply_len properly
[   54.627483] sg_write: data in/out 131036/42 bytes for SCSI command 0xff-- guessing data in;
[   54.627483]    program repro not setting count and/or reply_len properly
[   54.637519] sg_write: data in/out 131036/42 bytes for SCSI command 0xff-- guessing data in;
[   54.637519]    program repro not setting count and/or reply_len properly
[   54.646540] sg_write: data in/out 131036/42 bytes for SCSI command 0xff-- guessing data in;
[   54.646540]    program repro not setting count and/or reply_len properly
[   54.655154] sg_write: data in/out 131036/42 bytes for SCSI command 0xff-- guessing data in;
[   54.655154]    program repro not setting count and/or reply_len properly
[   59.585561] sg_write: 855 callbacks suppressed
[   59.585579] sg_write: data in/out 131036/42 bytes for SCSI command 0xff-- guessing data in;
[   59.585579]    program repro not setting count and/or reply_len properly
[   59.595317] sg_write: data in/out 131036/42 bytes for SCSI command 0xff-- guessing data in;
[   59.595317]    program repro not setting count and/or reply_len properly
[   59.604238] sg_write: data in/out 131036/42 bytes for SCSI command 0xff-- guessing data in;
[   59.604238]    program repro not setting count and/or reply_len properly
[   59.614094] sg_write: data in/out 131036/42 bytes for SCSI command 0xff-- guessing data in;
[   59.614094]    program repro not setting count and/or reply_len properly
[   59.622880] sg_write: data in/out 131036/42 bytes for SCSI command 0xff-- guessing data in;
[   59.622880]    program repro not setting count and/or reply_len properly
[   59.631576] sg_write: data in/out 131036/42 bytes for SCSI command 0xff-- guessing data in;
[   59.631576]    program repro not setting count and/or reply_len properly
[   59.641801] sg_write: data in/out 131036/42 bytes for SCSI command 0xff-- guessing data in;
[   59.641801]    program repro not setting count and/or reply_len properly
[   59.650574] sg_write: data in/out 131036/42 bytes for SCSI command 0xff-- guessing data in;
[   59.650574]    program repro not setting count and/or reply_len properly
[   59.658577] sg_write: data in/out 131036/42 bytes for SCSI command 0xff-- guessing data in;
[   59.658577]    program repro not setting count and/or reply_len properly
[   59.666094] sg_write: data in/out 131036/42 bytes for SCSI command 0xff-- guessing data in;
[   59.666094]    program repro not setting count and/or reply_len properly
[   64.591846] sg_write: 876 callbacks suppressed
[   64.591861] sg_write: data in/out 131036/42 bytes for SCSI command 0xff-- guessing data in;
[   64.591861]    program repro not setting count and/or reply_len properly
[   64.599809] sg_write: data in/out 131036/42 bytes for SCSI command 0xff-- guessing data in;
[   64.599809]    program repro not setting count and/or reply_len properly
[   64.606816] sg_write: data in/out 131036/42 bytes for SCSI command 0xff-- guessing data in;
[   64.606816]    program repro not setting count and/or reply_len properly
[   64.613658] sg_write: data in/out 131036/42 bytes for SCSI command 0xff-- guessing data in;
[   64.613658]    program repro not setting count and/or reply_len properly
[   64.620375] sg_write: data in/out 131036/42 bytes for SCSI command 0xff-- guessing data in;
[   64.620375]    program repro not setting count and/or reply_len properly
[   64.627398] sg_write: data in/out 131036/42 bytes for SCSI command 0xff-- guessing data in;
[   64.627398]    program repro not setting count and/or reply_len properly
[   64.635060] sg_write: data in/out 131036/42 bytes for SCSI command 0xff-- guessing data in;
[   64.635060]    program repro not setting count and/or reply_len properly
[   64.642094] sg_write: data in/out 131036/42 bytes for SCSI command 0xff-- guessing data in;
[   64.642094]    program repro not setting count and/or reply_len properly
[   64.648841] sg_write: data in/out 131036/42 bytes for SCSI command 0xff-- guessing data in;
[   64.648841]    program repro not setting count and/or reply_len properly
[   64.656505] sg_write: data in/out 131036/42 bytes for SCSI command 0xff-- guessing data in;
[   64.656505]    program repro not setting count and/or reply_len properly
[   69.595924] sg_write: 923 callbacks suppressed
[   69.595937] sg_write: data in/out 131036/42 bytes for SCSI command 0xff-- guessing data in;
[   69.595937]    program repro not setting count and/or reply_len properly
[   69.605142] sg_write: data in/out 131036/42 bytes for SCSI command 0xff-- guessing data in;
[   69.605142]    program repro not setting count and/or reply_len properly
[   69.613370] sg_write: data in/out 131036/42 bytes for SCSI command 0xff-- guessing data in;
[   69.613370]    program repro not setting count and/or reply_len properly
[   69.621388] sg_write: data in/out 131036/42 bytes for SCSI command 0xff-- guessing data in;
[   69.621388]    program repro not setting count and/or reply_len properly
[   69.629904] sg_write: data in/out 131036/42 bytes for SCSI command 0xff-- guessing data in;
[   69.629904]    program repro not setting count and/or reply_len properly
[   69.638373] sg_write: data in/out 131036/42 bytes for SCSI command 0xff-- guessing data in;
[   69.638373]    program repro not setting count and/or reply_len properly
[   69.646402] sg_write: data in/out 131036/42 bytes for SCSI command 0xff-- guessing data in;
[   69.646402]    program repro not setting count and/or reply_len properly
[   69.654324] sg_write: data in/out 131036/42 bytes for SCSI command 0xff-- guessing data in;
[   69.654324]    program repro not setting count and/or reply_len properly
[   69.660756] sg_write: data in/out 131036/42 bytes for SCSI command 0xff-- guessing data in;
[   69.660756]    program repro not setting count and/or reply_len properly
[   69.667525] sg_write: data in/out 131036/42 bytes for SCSI command 0xff-- guessing data in;
[   69.667525]    program repro not setting count and/or reply_len properly
[   74.601373] sg_write: 924 callbacks suppressed
[   74.601393] sg_write: data in/out 131036/42 bytes for SCSI command 0xff-- guessing data in;
[   74.601393]    program repro not setting count and/or reply_len properly
[   74.611191] sg_write: data in/out 131036/42 bytes for SCSI command 0xff-- guessing data in;
[   74.611191]    program repro not setting count and/or reply_len properly
[   74.619416] sg_write: data in/out 131036/42 bytes for SCSI command 0xff-- guessing data in;
[   74.619416]    program repro not setting count and/or reply_len properly
[   74.627941] sg_write: data in/out 131036/42 bytes for SCSI command 0xff-- guessing data in;
[   74.627941]    program repro not setting count and/or reply_len properly
[   74.636503] sg_write: data in/out 131036/42 bytes for SCSI command 0xff-- guessing data in;
[   74.636503]    program repro not setting count and/or reply_len properly
[   74.645987] sg_write: data in/out 131036/42 bytes for SCSI command 0xff-- guessing data in;
[   74.645987]    program repro not setting count and/or reply_len properly
[   74.654694] sg_write: data in/out 131036/42 bytes for SCSI command 0xff-- guessing data in;
[   74.654694]    program repro not setting count and/or reply_len properly
[   74.663603] sg_write: data in/out 131036/42 bytes for SCSI command 0xff-- guessing data in;
[   74.663603]    program repro not setting count and/or reply_len properly
[   74.672266] sg_write: data in/out 131036/42 bytes for SCSI command 0xff-- guessing data in;
[   74.672266]    program repro not setting count and/or reply_len properly
[   74.681687] sg_write: data in/out 131036/42 bytes for SCSI command 0xff-- guessing data in;
[   74.681687]    program repro not setting count and/or reply_len properly
[   79.610584] sg_write: 951 callbacks suppressed
[   79.610602] sg_write: data in/out 131036/42 bytes for SCSI command 0xff-- guessing data in;
[   79.610602]    program repro not setting count and/or reply_len properly
[   79.620218] sg_write: data in/out 131036/42 bytes for SCSI command 0xff-- guessing data in;
[   79.620218]    program repro not setting count and/or reply_len properly
[   79.629148] sg_write: data in/out 131036/42 bytes for SCSI command 0xff-- guessing data in;
[   79.629148]    program repro not setting count and/or reply_len properly
[   79.638467] sg_write: data in/out 131036/42 bytes for SCSI command 0xff-- guessing data in;
[   79.638467]    program repro not setting count and/or reply_len properly
[   79.646750] sg_write: data in/out 131036/42 bytes for SCSI command 0xff-- guessing data in;
[   79.646750]    program repro not setting count and/or reply_len properly
[   79.655464] sg_write: data in/out 131036/42 bytes for SCSI command 0xff-- guessing data in;
[   79.655464]    program repro not setting count and/or reply_len properly
[   79.664140] sg_write: data in/out 131036/42 bytes for SCSI command 0xff-- guessing data in;
[   79.664140]    program repro not setting count and/or reply_len properly
[   79.673034] sg_write: data in/out 131036/42 bytes for SCSI command 0xff-- guessing data in;
[   79.673034]    program repro not setting count and/or reply_len properly
[   79.681932] sg_write: data in/out 131036/42 bytes for SCSI command 0xff-- guessing data in;
[   79.681932]    program repro not setting count and/or reply_len properly
[   79.690876] sg_write: data in/out 131036/42 bytes for SCSI command 0xff-- guessing data in;
[   79.690876]    program repro not setting count and/or reply_len properly
[   84.615692] sg_write: 927 callbacks suppressed
[   84.615706] sg_write: data in/out 131036/42 bytes for SCSI command 0xff-- guessing data in;
[   84.615706]    program repro not setting count and/or reply_len properly
[   84.623084] sg_write: data in/out 131036/42 bytes for SCSI command 0xff-- guessing data in;
[   84.623084]    program repro not setting count and/or reply_len properly
[   84.629992] sg_write: data in/out 131036/42 bytes for SCSI command 0xff-- guessing data in;
[   84.629992]    program repro not setting count and/or reply_len properly
[   84.636846] sg_write: data in/out 131036/42 bytes for SCSI command 0xff-- guessing data in;
[   84.636846]    program repro not setting count and/or reply_len properly
[   84.644019] sg_write: data in/out 131036/42 bytes for SCSI command 0xff-- guessing data in;
[   84.644019]    program repro not setting count and/or reply_len properly
[   84.651254] sg_write: data in/out 131036/42 bytes for SCSI command 0xff-- guessing data in;
[   84.651254]    program repro not setting count and/or reply_len properly
[   84.658028] sg_write: data in/out 131036/42 bytes for SCSI command 0xff-- guessing data in;
[   84.658028]    program repro not setting count and/or reply_len properly
[   84.664586] sg_write: data in/out 131036/42 bytes for SCSI command 0xff-- guessing data in;
[   84.664586]    program repro not setting count and/or reply_len properly
[   84.671175] sg_write: data in/out 131036/42 bytes for SCSI command 0xff-- guessing data in;
[   84.671175]    program repro not setting count and/or reply_len properly
[   84.677593] sg_write: data in/out 131036/42 bytes for SCSI command 0xff-- guessing data in;
[   84.677593]    program repro not setting count and/or reply_len properly
[   89.617205] sg_write: 872 callbacks suppressed
[   89.617223] sg_write: data in/out 131036/42 bytes for SCSI command 0xff-- guessing data in;
[   89.617223]    program repro not setting count and/or reply_len properly
[   89.626373] sg_write: data in/out 131036/42 bytes for SCSI command 0xff-- guessing data in;
[   89.626373]    program repro not setting count and/or reply_len properly
[   89.634644] sg_write: data in/out 131036/42 bytes for SCSI command 0xff-- guessing data in;
[   89.634644]    program repro not setting count and/or reply_len properly
[   89.642983] sg_write: data in/out 131036/42 bytes for SCSI command 0xff-- guessing data in;
[   89.642983]    program repro not setting count and/or reply_len properly
[   89.650912] sg_write: data in/out 131036/42 bytes for SCSI command 0xff-- guessing data in;
[   89.650912]    program repro not setting count and/or reply_len properly
[   89.657058] sg_write: data in/out 131036/42 bytes for SCSI command 0xff-- guessing data in;
[   89.657058]    program repro not setting count and/or reply_len properly
[   89.663326] sg_write: data in/out 131036/42 bytes for SCSI command 0xff-- guessing data in;
[   89.663326]    program repro not setting count and/or reply_len properly
[   89.669883] sg_write: data in/out 131036/42 bytes for SCSI command 0xff-- guessing data in;
[   89.669883]    program repro not setting count and/or reply_len properly
[   89.675993] sg_write: data in/out 131036/42 bytes for SCSI command 0xff-- guessing data in;
[   89.675993]    program repro not setting count and/or reply_len properly
[   89.682467] sg_write: data in/out 131036/42 bytes for SCSI command 0xff-- guessing data in;
[   89.682467]    program repro not setting count and/or reply_len properly
[   94.621435] sg_write: 858 callbacks suppressed
[   94.621452] sg_write: data in/out 131036/42 bytes for SCSI command 0xff-- guessing data in;
[   94.621452]    program repro not setting count and/or reply_len properly
[   94.631241] sg_write: data in/out 131036/42 bytes for SCSI command 0xff-- guessing data in;
[   94.631241]    program repro not setting count and/or reply_len properly
[   94.640030] sg_write: data in/out 131036/42 bytes for SCSI command 0xff-- guessing data in;
[   94.640030]    program repro not setting count and/or reply_len properly
[   94.649584] sg_write: data in/out 131036/42 bytes for SCSI command 0xff-- guessing data in;
[   94.649584]    program repro not setting count and/or reply_len properly
[   94.658479] sg_write: data in/out 131036/42 bytes for SCSI command 0xff-- guessing data in;
[   94.658479]    program repro not setting count and/or reply_len properly
[   94.667434] sg_write: data in/out 131036/42 bytes for SCSI command 0xff-- guessing data in;
[   94.667434]    program repro not setting count and/or reply_len properly
[   94.676616] sg_write: data in/out 131036/42 bytes for SCSI command 0xff-- guessing data in;
[   94.676616]    program repro not setting count and/or reply_len properly
[   94.685842] sg_write: data in/out 131036/42 bytes for SCSI command 0xff-- guessing data in;
[   94.685842]    program repro not setting count and/or reply_len properly
[   94.695297] sg_write: data in/out 131036/42 bytes for SCSI command 0xff-- guessing data in;
[   94.695297]    program repro not setting count and/or reply_len properly
[   94.704106] sg_write: data in/out 131036/42 bytes for SCSI command 0xff-- guessing data in;
[   94.704106]    program repro not setting count and/or reply_len properly
[   99.627351] sg_write: 913 callbacks suppressed
[   99.627367] sg_write: data in/out 131036/42 bytes for SCSI command 0xff-- guessing data in;
[   99.627367]    program repro not setting count and/or reply_len properly
[   99.635202] sg_write: data in/out 131036/42 bytes for SCSI command 0xff-- guessing data in;
[   99.635202]    program repro not setting count and/or reply_len properly
[   99.643067] sg_write: data in/out 131036/42 bytes for SCSI command 0xff-- guessing data in;
[   99.643067]    program repro not setting count and/or reply_len properly
[   99.649850] sg_write: data in/out 131036/42 bytes for SCSI command 0xff-- guessing data in;
[   99.649850]    program repro not setting count and/or reply_len properly
[   99.656697] sg_write: data in/out 131036/42 bytes for SCSI command 0xff-- guessing data in;
[   99.656697]    program repro not setting count and/or reply_len properly
[   99.663931] sg_write: data in/out 131036/42 bytes for SCSI command 0xff-- guessing data in;
[   99.663931]    program repro not setting count and/or reply_len properly
[   99.670347] sg_write: data in/out 131036/42 bytes for SCSI command 0xff-- guessing data in;
[   99.670347]    program repro not setting count and/or reply_len properly
[   99.676686] sg_write: data in/out 131036/42 bytes for SCSI command 0xff-- guessing data in;
[   99.676686]    program repro not setting count and/or reply_len properly
[   99.683461] sg_write: data in/out 131036/42 bytes for SCSI command 0xff-- guessing data in;
[   99.683461]    program repro not setting count and/or reply_len properly
[   99.689806] sg_write: data in/out 131036/42 bytes for SCSI command 0xff-- guessing data in;
[   99.689806]    program repro not setting count and/or reply_len properly
[  104.632664] sg_write: 869 callbacks suppressed
[  104.632681] sg_write: data in/out 131036/42 bytes for SCSI command 0xff-- guessing data in;
[  104.632681]    program repro not setting count and/or reply_len properly
[  104.640121] sg_write: data in/out 131036/42 bytes for SCSI command 0xff-- guessing data in;
[  104.640121]    program repro not setting count and/or reply_len properly
[  104.646625] sg_write: data in/out 131036/42 bytes for SCSI command 0xff-- guessing data in;
[  104.646625]    program repro not setting count and/or reply_len properly
[  104.654750] sg_write: data in/out 131036/42 bytes for SCSI command 0xff-- guessing data in;
[  104.654750]    program repro not setting count and/or reply_len properly
[  104.662812] sg_write: data in/out 131036/42 bytes for SCSI command 0xff-- guessing data in;
[  104.662812]    program repro not setting count and/or reply_len properly
[  104.670792] sg_write: data in/out 131036/42 bytes for SCSI command 0xff-- guessing data in;
[  104.670792]    program repro not setting count and/or reply_len properly
[  104.679859] sg_write: data in/out 131036/42 bytes for SCSI command 0xff-- guessing data in;
[  104.679859]    program repro not setting count and/or reply_len properly
[  104.688855] sg_write: data in/out 131036/42 bytes for SCSI command 0xff-- guessing data in;
[  104.688855]    program repro not setting count and/or reply_len properly
[  104.697224] sg_write: data in/out 131036/42 bytes for SCSI command 0xff-- guessing data in;
[  104.697224]    program repro not setting count and/or reply_len properly
[  104.704083] sg_write: data in/out 131036/42 bytes for SCSI command 0xff-- guessing data in;
[  104.704083]    program repro not setting count and/or reply_len properly
[  109.633470] sg_write: 897 callbacks suppressed
[  109.633484] sg_write: data in/out 131036/42 bytes for SCSI command 0xff-- guessing data in;
[  109.633484]    program repro not setting count and/or reply_len properly
[  109.640141] sg_write: data in/out 131036/42 bytes for SCSI command 0xff-- guessing data in;
[  109.640141]    program repro not setting count and/or reply_len properly
[  109.646379] sg_write: data in/out 131036/42 bytes for SCSI command 0xff-- guessing data in;
[  109.646379]    program repro not setting count and/or reply_len properly
[  109.653858] sg_write: data in/out 131036/42 bytes for SCSI command 0xff-- guessing data in;
[  109.653858]    program repro not setting count and/or reply_len properly
[  109.660449] sg_write: data in/out 131036/42 bytes for SCSI command 0xff-- guessing data in;
[  109.660449]    program repro not setting count and/or reply_len properly
[  109.666927] sg_write: data in/out 131036/42 bytes for SCSI command 0xff-- guessing data in;
[  109.666927]    program repro not setting count and/or reply_len properly
[  109.673657] sg_write: data in/out 131036/42 bytes for SCSI command 0xff-- guessing data in;
[  109.673657]    program repro not setting count and/or reply_len properly
[  109.680645] sg_write: data in/out 131036/42 bytes for SCSI command 0xff-- guessing data in;
[  109.680645]    program repro not setting count and/or reply_len properly
[  109.687206] sg_write: data in/out 131036/42 bytes for SCSI command 0xff-- guessing data in;
[  109.687206]    program repro not setting count and/or reply_len properly
[  109.694235] sg_write: data in/out 131036/42 bytes for SCSI command 0xff-- guessing data in;
[  109.694235]    program repro not setting count and/or reply_len properly
[  114.637843] sg_write: 874 callbacks suppressed
[  114.637859] sg_write: data in/out 131036/42 bytes for SCSI command 0xff-- guessing data in;
[  114.637859]    program repro not setting count and/or reply_len properly
[  114.646360] sg_write: data in/out 131036/42 bytes for SCSI command 0xff-- guessing data in;
[  114.646360]    program repro not setting count and/or reply_len properly
[  114.653977] sg_write: data in/out 131036/42 bytes for SCSI command 0xff-- guessing data in;
[  114.653977]    program repro not setting count and/or reply_len properly
[  114.662421] sg_write: data in/out 131036/42 bytes for SCSI command 0xff-- guessing data in;
[  114.662421]    program repro not setting count and/or reply_len properly
[  114.670374] sg_write: data in/out 131036/42 bytes for SCSI command 0xff-- guessing data in;
[  114.670374]    program repro not setting count and/or reply_len properly
[  114.678466] sg_write: data in/out 131036/42 bytes for SCSI command 0xff-- guessing data in;
[  114.678466]    program repro not setting count and/or reply_len properly
[  114.686240] sg_write: data in/out 131036/42 bytes for SCSI command 0xff-- guessing data in;
[  114.686240]    program repro not setting count and/or reply_len properly
[  114.694828] sg_write: data in/out 131036/42 bytes for SCSI command 0xff-- guessing data in;
[  114.694828]    program repro not setting count and/or reply_len properly
[  114.704736] sg_write: data in/out 131036/42 bytes for SCSI command 0xff-- guessing data in;
[  114.704736]    program repro not setting count and/or reply_len properly
[  114.714087] sg_write: data in/out 131036/42 bytes for SCSI command 0xff-- guessing data in;
[  114.714087]    program repro not setting count and/or reply_len properly
[  119.646605] sg_write: 876 callbacks suppressed
[  119.646623] sg_write: data in/out 131036/42 bytes for SCSI command 0xff-- guessing data in;
[  119.646623]    program repro not setting count and/or reply_len properly
[  119.655730] sg_write: data in/out 131036/42 bytes for SCSI command 0xff-- guessing data in;
[  119.655730]    program repro not setting count and/or reply_len properly
[  119.663617] sg_write: data in/out 131036/42 bytes for SCSI command 0xff-- guessing data in;
[  119.663617]    program repro not setting count and/or reply_len properly
[  119.672270] sg_write: data in/out 131036/42 bytes for SCSI command 0xff-- guessing data in;
[  119.672270]    program repro not setting count and/or reply_len properly
[  119.681059] sg_write: data in/out 131036/42 bytes for SCSI command 0xff-- guessing data in;
[  119.681059]    program repro not setting count and/or reply_len properly
[  119.688685] sg_write: data in/out 131036/42 bytes for SCSI command 0xff-- guessing data in;
[  119.688685]    program repro not setting count and/or reply_len properly
[  119.696702] sg_write: data in/out 131036/42 bytes for SCSI command 0xff-- guessing data in;
[  119.696702]    program repro not setting count and/or reply_len properly
[  119.705568] sg_write: data in/out 131036/42 bytes for SCSI command 0xff-- guessing data in;
[  119.705568]    program repro not setting count and/or reply_len properly
[  119.712455] sg_write: data in/out 131036/42 bytes for SCSI command 0xff-- guessing data in;
[  119.712455]    program repro not setting count and/or reply_len properly
[  119.720105] sg_write: data in/out 131036/42 bytes for SCSI command 0xff-- guessing data in;
[  119.720105]    program repro not setting count and/or reply_len properly
[  124.652601] sg_write: 973 callbacks suppressed
[  124.652622] sg_write: data in/out 131036/42 bytes for SCSI command 0xff-- guessing data in;
[  124.652622]    program repro not setting count and/or reply_len properly
[  124.661497] sg_write: data in/out 131036/42 bytes for SCSI command 0xff-- guessing data in;
[  124.661497]    program repro not setting count and/or reply_len properly
[  124.669365] sg_write: data in/out 131036/42 bytes for SCSI command 0xff-- guessing data in;
[  124.669365]    program repro not setting count and/or reply_len properly
[  124.676655] sg_write: data in/out 131036/42 bytes for SCSI command 0xff-- guessing data in;
[  124.676655]    program repro not setting count and/or reply_len properly
[  124.683579] sg_write: data in/out 131036/42 bytes for SCSI command 0xff-- guessing data in;
[  124.683579]    program repro not setting count and/or reply_len properly
[  124.690315] sg_write: data in/out 131036/42 bytes for SCSI command 0xff-- guessing data in;
[  124.690315]    program repro not setting count and/or reply_len properly
[  124.696606] sg_write: data in/out 131036/42 bytes for SCSI command 0xff-- guessing data in;
[  124.696606]    program repro not setting count and/or reply_len properly
[  124.702953] sg_write: data in/out 131036/42 bytes for SCSI command 0xff-- guessing data in;
[  124.702953]    program repro not setting count and/or reply_len properly
[  124.708328] sg_write: data in/out 131036/42 bytes for SCSI command 0xff-- guessing data in;
[  124.708328]    program repro not setting count and/or reply_len properly
[  124.714100] sg_write: data in/out 131036/42 bytes for SCSI command 0xff-- guessing data in;
[  124.714100]    program repro not setting count and/or reply_len properly
[  129.656369] sg_write: 960 callbacks suppressed
[  129.656385] sg_write: data in/out 131036/42 bytes for SCSI command 0xff-- guessing data in;
[  129.656385]    program repro not setting count and/or reply_len properly
[  129.666381] sg_write: data in/out 131036/42 bytes for SCSI command 0xff-- guessing data in;
[  129.666381]    program repro not setting count and/or reply_len properly
[  129.674906] sg_write: data in/out 131036/42 bytes for SCSI command 0xff-- guessing data in;
[  129.674906]    program repro not setting count and/or reply_len properly
[  129.683716] sg_write: data in/out 131036/42 bytes for SCSI command 0xff-- guessing data in;
[  129.683716]    program repro not setting count and/or reply_len properly
[  129.693793] sg_write: data in/out 131036/42 bytes for SCSI command 0xff-- guessing data in;
[  129.693793]    program repro not setting count and/or reply_len properly
[  129.703404] sg_write: data in/out 131036/42 bytes for SCSI command 0xff-- guessing data in;
[  129.703404]    program repro not setting count and/or reply_len properly
[  129.713794] sg_write: data in/out 131036/42 bytes for SCSI command 0xff-- guessing data in;
[  129.713794]    program repro not setting count and/or reply_len properly
[  129.722904] sg_write: data in/out 131036/42 bytes for SCSI command 0xff-- guessing data in;
[  129.722904]    program repro not setting count and/or reply_len properly
[  129.731679] sg_write: data in/out 131036/42 bytes for SCSI command 0xff-- guessing data in;
[  129.731679]    program repro not setting count and/or reply_len properly
[  129.740800] sg_write: data in/out 131036/42 bytes for SCSI command 0xff-- guessing data in;
[  129.740800]    program repro not setting count and/or reply_len properly
[  134.658616] sg_write: 875 callbacks suppressed
[  134.658636] sg_write: data in/out 131036/42 bytes for SCSI command 0xff-- guessing data in;
[  134.658636]    program repro not setting count and/or reply_len properly
[  134.667321] sg_write: data in/out 131036/42 bytes for SCSI command 0xff-- guessing data in;
[  134.667321]    program repro not setting count and/or reply_len properly
[  134.673776] sg_write: data in/out 131036/42 bytes for SCSI command 0xff-- guessing data in;
[  134.673776]    program repro not setting count and/or reply_len properly
[  134.679641] sg_write: data in/out 131036/42 bytes for SCSI command 0xff-- guessing data in;
[  134.679641]    program repro not setting count and/or reply_len properly
[  134.685757] sg_write: data in/out 131036/42 bytes for SCSI command 0xff-- guessing data in;
[  134.685757]    program repro not setting count and/or reply_len properly
[  134.692116] sg_write: data in/out 131036/42 bytes for SCSI command 0xff-- guessing data in;
[  134.692116]    program repro not setting count and/or reply_len properly
[  134.698684] sg_write: data in/out 131036/42 bytes for SCSI command 0xff-- guessing data in;
[  134.698684]    program repro not setting count and/or reply_len properly
[  134.704549] sg_write: data in/out 131036/42 bytes for SCSI command 0xff-- guessing data in;
[  134.704549]    program repro not setting count and/or reply_len properly
[  134.711578] sg_write: data in/out 131036/42 bytes for SCSI command 0xff-- guessing data in;
[  134.711578]    program repro not setting count and/or reply_len properly
[  134.718553] sg_write: data in/out 131036/42 bytes for SCSI command 0xff-- guessing data in;
[  134.718553]    program repro not setting count and/or reply_len properly
[  139.663820] sg_write: 889 callbacks suppressed
[  139.663836] sg_write: data in/out 131036/42 bytes for SCSI command 0xff-- guessing data in;
[  139.663836]    program repro not setting count and/or reply_len properly
[  139.671979] sg_write: data in/out 131036/42 bytes for SCSI command 0xff-- guessing data in;
[  139.671979]    program repro not setting count and/or reply_len properly
[  139.679234] sg_write: data in/out 131036/42 bytes for SCSI command 0xff-- guessing data in;
[  139.679234]    program repro not setting count and/or reply_len properly
[  139.686855] sg_write: data in/out 131036/42 bytes for SCSI command 0xff-- guessing data in;
[  139.686855]    program repro not setting count and/or reply_len properly
[  139.694038] sg_write: data in/out 131036/42 bytes for SCSI command 0xff-- guessing data in;
[  139.694038]    program repro not setting count and/or reply_len properly
[  139.701212] sg_write: data in/out 131036/42 bytes for SCSI command 0xff-- guessing data in;
[  139.701212]    program repro not setting count and/or reply_len properly
[  139.708240] sg_write: data in/out 131036/42 bytes for SCSI command 0xff-- guessing data in;
[  139.708240]    program repro not setting count and/or reply_len properly
[  139.715512] sg_write: data in/out 131036/42 bytes for SCSI command 0xff-- guessing data in;
[  139.715512]    program repro not setting count and/or reply_len properly
[  139.722654] sg_write: data in/out 131036/42 bytes for SCSI command 0xff-- guessing data in;
[  139.722654]    program repro not setting count and/or reply_len properly
[  139.731074] sg_write: data in/out 131036/42 bytes for SCSI command 0xff-- guessing data in;
[  139.731074]    program repro not setting count and/or reply_len properly
[  144.667199] sg_write: 868 callbacks suppressed
[  144.667219] sg_write: data in/out 131036/42 bytes for SCSI command 0xff-- guessing data in;
[  144.667219]    program repro not setting count and/or reply_len properly
[  144.675082] sg_write: data in/out 131036/42 bytes for SCSI command 0xff-- guessing data in;
[  144.675082]    program repro not setting count and/or reply_len properly
[  144.681808] sg_write: data in/out 131036/42 bytes for SCSI command 0xff-- guessing data in;
[  144.681808]    program repro not setting count and/or reply_len properly
[  144.688601] sg_write: data in/out 131036/42 bytes for SCSI command 0xff-- guessing data in;
[  144.688601]    program repro not setting count and/or reply_len properly
[  144.696210] sg_write: data in/out 131036/42 bytes for SCSI command 0xff-- guessing data in;
[  144.696210]    program repro not setting count and/or reply_len properly
[  144.702960] sg_write: data in/out 131036/42 bytes for SCSI command 0xff-- guessing data in;
[  144.702960]    program repro not setting count and/or reply_len properly
[  144.710077] sg_write: data in/out 131036/42 bytes for SCSI command 0xff-- guessing data in;
[  144.710077]    program repro not setting count and/or reply_len properly
[  144.717907] sg_write: data in/out 131036/42 bytes for SCSI command 0xff-- guessing data in;
[  144.717907]    program repro not setting count and/or reply_len properly
[  144.725896] sg_write: data in/out 131036/42 bytes for SCSI command 0xff-- guessing data in;
[  144.725896]    program repro not setting count and/or reply_len properly
[  144.733844] sg_write: data in/out 131036/42 bytes for SCSI command 0xff-- guessing data in;
[  144.733844]    program repro not setting count and/or reply_len properly
[  149.672218] sg_write: 901 callbacks suppressed
[  149.672235] sg_write: data in/out 131036/42 bytes for SCSI command 0xff-- guessing data in;
[  149.672235]    program repro not setting count and/or reply_len properly
[  149.680297] sg_write: data in/out 131036/42 bytes for SCSI command 0xff-- guessing data in;
[  149.680297]    program repro not setting count and/or reply_len properly
[  149.686340] sg_write: data in/out 131036/42 bytes for SCSI command 0xff-- guessing data in;
[  149.686340]    program repro not setting count and/or reply_len properly
[  149.692327] sg_write: data in/out 131036/42 bytes for SCSI command 0xff-- guessing data in;
[  149.692327]    program repro not setting count and/or reply_len properly
[  149.698366] sg_write: data in/out 131036/42 bytes for SCSI command 0xff-- guessing data in;
[  149.698366]    program repro not setting count and/or reply_len properly
[  149.704182] sg_write: data in/out 131036/42 bytes for SCSI command 0xff-- guessing data in;
[  149.704182]    program repro not setting count and/or reply_len properly
[  149.710300] sg_write: data in/out 131036/42 bytes for SCSI command 0xff-- guessing data in;
[  149.710300]    program repro not setting count and/or reply_len properly
[  149.716868] sg_write: data in/out 131036/42 bytes for SCSI command 0xff-- guessing data in;
[  149.716868]    program repro not setting count and/or reply_len properly
[  149.722908] sg_write: data in/out 131036/42 bytes for SCSI command 0xff-- guessing data in;
[  149.722908]    program repro not setting count and/or reply_len properly
[  149.729201] sg_write: data in/out 131036/42 bytes for SCSI command 0xff-- guessing data in;
[  149.729201]    program repro not setting count and/or reply_len properly
[  154.673754] sg_write: 930 callbacks suppressed
[  154.673771] sg_write: data in/out 131036/42 bytes for SCSI command 0xff-- guessing data in;
[  154.673771]    program repro not setting count and/or reply_len properly
[  154.682423] sg_write: data in/out 131036/42 bytes for SCSI command 0xff-- guessing data in;
[  154.682423]    program repro not setting count and/or reply_len properly
[  154.690917] sg_write: data in/out 131036/42 bytes for SCSI command 0xff-- guessing data in;
[  154.690917]    program repro not setting count and/or reply_len properly
[  154.698039] sg_write: data in/out 131036/42 bytes for SCSI command 0xff-- guessing data in;
[  154.698039]    program repro not setting count and/or reply_len properly
[  154.704492] sg_write: data in/out 131036/42 bytes for SCSI command 0xff-- guessing data in;
[  154.704492]    program repro not setting count and/or reply_len properly
[  154.711331] sg_write: data in/out 131036/42 bytes for SCSI command 0xff-- guessing data in;
[  154.711331]    program repro not setting count and/or reply_len properly
[  154.718126] sg_write: data in/out 131036/42 bytes for SCSI command 0xff-- guessing data in;
[  154.718126]    program repro not setting count and/or reply_len properly
[  154.724837] sg_write: data in/out 131036/42 bytes for SCSI command 0xff-- guessing data in;
[  154.724837]    program repro not setting count and/or reply_len properly
[  154.732190] sg_write: data in/out 131036/42 bytes for SCSI command 0xff-- guessing data in;
[  154.732190]    program repro not setting count and/or reply_len properly
[  154.739213] sg_write: data in/out 131036/42 bytes for SCSI command 0xff-- guessing data in;
[  154.739213]    program repro not setting count and/or reply_len properly
[  159.677011] sg_write: 870 callbacks suppressed
[  159.677027] sg_write: data in/out 131036/42 bytes for SCSI command 0xff-- guessing data in;
[  159.677027]    program repro not setting count and/or reply_len properly
[  159.685363] sg_write: data in/out 131036/42 bytes for SCSI command 0xff-- guessing data in;
[  159.685363]    program repro not setting count and/or reply_len properly
[  159.692503] sg_write: data in/out 131036/42 bytes for SCSI command 0xff-- guessing data in;
[  159.692503]    program repro not setting count and/or reply_len properly
[  159.700022] sg_write: data in/out 131036/42 bytes for SCSI command 0xff-- guessing data in;
[  159.700022]    program repro not setting count and/or reply_len properly
[  159.707550] sg_write: data in/out 131036/42 bytes for SCSI command 0xff-- guessing data in;
[  159.707550]    program repro not setting count and/or reply_len properly
[  159.714970] sg_write: data in/out 131036/42 bytes for SCSI command 0xff-- guessing data in;
[  159.714970]    program repro not setting count and/or reply_len properly
[  159.722811] sg_write: data in/out 131036/42 bytes for SCSI command 0xff-- guessing data in;
[  159.722811]    program repro not setting count and/or reply_len properly
[  159.728667] sg_write: data in/out 131036/42 bytes for SCSI command 0xff-- guessing data in;
[  159.728667]    program repro not setting count and/or reply_len properly
[  159.734656] sg_write: data in/out 131036/42 bytes for SCSI command 0xff-- guessing data in;
[  159.734656]    program repro not setting count and/or reply_len properly
[  159.740288] sg_write: data in/out 131036/42 bytes for SCSI command 0xff-- guessing data in;
[  159.740288]    program repro not setting count and/or reply_len properly
[  164.683199] sg_write: 897 callbacks suppressed
[  164.683215] sg_write: data in/out 131036/42 bytes for SCSI command 0xff-- guessing data in;
[  164.683215]    program repro not setting count and/or reply_len properly
[  164.693019] sg_write: data in/out 131036/42 bytes for SCSI command 0xff-- guessing data in;
[  164.693019]    program repro not setting count and/or reply_len properly
[  164.701802] sg_write: data in/out 131036/42 bytes for SCSI command 0xff-- guessing data in;
[  164.701802]    program repro not setting count and/or reply_len properly
[  164.711293] sg_write: data in/out 131036/42 bytes for SCSI command 0xff-- guessing data in;
[  164.711293]    program repro not setting count and/or reply_len properly
[  164.720447] sg_write: data in/out 131036/42 bytes for SCSI command 0xff-- guessing data in;
[  164.720447]    program repro not setting count and/or reply_len properly
[  164.728286] sg_write: data in/out 131036/42 bytes for SCSI command 0xff-- guessing data in;
[  164.728286]    program repro not setting count and/or reply_len properly
[  164.736243] sg_write: data in/out 131036/42 bytes for SCSI command 0xff-- guessing data in;
[  164.736243]    program repro not setting count and/or reply_len properly
[  164.745293] sg_write: data in/out 131036/42 bytes for SCSI command 0xff-- guessing data in;
[  164.745293]    program repro not setting count and/or reply_len properly
[  164.753939] sg_write: data in/out 131036/42 bytes for SCSI command 0xff-- guessing data in;
[  164.753939]    program repro not setting count and/or reply_len properly
[  164.762747] sg_write: data in/out 131036/42 bytes for SCSI command 0xff-- guessing data in;
[  164.762747]    program repro not setting count and/or reply_len properly
[  169.688627] sg_write: 925 callbacks suppressed
[  169.688642] sg_write: data in/out 131036/42 bytes for SCSI command 0xff-- guessing data in;
[  169.688642]    program repro not setting count and/or reply_len properly
[  169.696839] sg_write: data in/out 131036/42 bytes for SCSI command 0xff-- guessing data in;
[  169.696839]    program repro not setting count and/or reply_len properly
[  169.705185] sg_write: data in/out 131036/42 bytes for SCSI command 0xff-- guessing data in;
[  169.705185]    program repro not setting count and/or reply_len properly
[  169.713194] sg_write: data in/out 131036/42 bytes for SCSI command 0xff-- guessing data in;
[  169.713194]    program repro not setting count and/or reply_len properly
[  169.720861] sg_write: data in/out 131036/42 bytes for SCSI command 0xff-- guessing data in;
[  169.720861]    program repro not setting count and/or reply_len properly
[  169.728156] sg_write: data in/out 131036/42 bytes for SCSI command 0xff-- guessing data in;
[  169.728156]    program repro not setting count and/or reply_len properly
[  169.735934] sg_write: data in/out 131036/42 bytes for SCSI command 0xff-- guessing data in;
[  169.735934]    program repro not setting count and/or reply_len properly
[  169.743388] sg_write: data in/out 131036/42 bytes for SCSI command 0xff-- guessing data in;
[  169.743388]    program repro not setting count and/or reply_len properly
[  169.749283] sg_write: data in/out 131036/42 bytes for SCSI command 0xff-- guessing data in;
[  169.749283]    program repro not setting count and/or reply_len properly
[  169.755096] sg_write: data in/out 131036/42 bytes for SCSI command 0xff-- guessing data in;
[  169.755096]    program repro not setting count and/or reply_len properly
[  174.692091] sg_write: 979 callbacks suppressed
[  174.692109] sg_write: data in/out 131036/42 bytes for SCSI command 0xff-- guessing data in;
[  174.692109]    program repro not setting count and/or reply_len properly
[  174.700363] sg_write: data in/out 131036/42 bytes for SCSI command 0xff-- guessing data in;
[  174.700363]    program repro not setting count and/or reply_len properly
[  174.707657] sg_write: data in/out 131036/42 bytes for SCSI command 0xff-- guessing data in;
[  174.707657]    program repro not setting count and/or reply_len properly
[  174.715077] sg_write: data in/out 131036/42 bytes for SCSI command 0xff-- guessing data in;
[  174.715077]    program repro not setting count and/or reply_len properly
[  174.722976] sg_write: data in/out 131036/42 bytes for SCSI command 0xff-- guessing data in;
[  174.722976]    program repro not setting count and/or reply_len properly
[  174.730330] sg_write: data in/out 131036/42 bytes for SCSI command 0xff-- guessing data in;
[  174.730330]    program repro not setting count and/or reply_len properly
[  174.736767] sg_write: data in/out 131036/42 bytes for SCSI command 0xff-- guessing data in;
[  174.736767]    program repro not setting count and/or reply_len properly
[  174.743328] sg_write: data in/out 131036/42 bytes for SCSI command 0xff-- guessing data in;
[  174.743328]    program repro not setting count and/or reply_len properly
[  174.749675] sg_write: data in/out 131036/42 bytes for SCSI command 0xff-- guessing data in;
[  174.749675]    program repro not setting count and/or reply_len properly
[  174.755846] sg_write: data in/out 131036/42 bytes for SCSI command 0xff-- guessing data in;
[  174.755846]    program repro not setting count and/or reply_len properly
