c[?7l[2J[0mSeaBIOS (version rel-1.14.0-0-g155821a1990b-prebuilt.qemu.org)


iPXE (http://ipxe.org) 00:03.0 CA00 PCI2.10 PnP PMM+7FF8F030+7FEEF030 CA00
Press Ctrl-B to configure iPXE (PCI 00:03.0)...                                                                               


Booting from ROM...
c[?7l[2J[    0.000000] Linux version 6.1.0-a7cacfb0688e+ (root@p-rplp02) (gcc (GCC) 8.5.0 20210514 (Red Hat 8.5.0-17), GNU ld version 2.36.1-2.el8) #1 SMP PREEMPT_DYNAMIC Sat Dec 31 19:49:16 CST 2022
[    0.000000] Command line: console=ttyS0 root=/dev/sda earlyprintk=serial net.ifnames=0
[    0.000000] KERNEL supported cpus:
[    0.000000]   Intel GenuineIntel
[    0.000000]   AMD AuthenticAMD
[    0.000000]   Hygon HygonGenuine
[    0.000000]   Centaur CentaurHauls
[    0.000000]   zhaoxin   Shanghai  
[    0.000000] x86/fpu: Supporting XSAVE feature 0x001: 'x87 floating point registers'
[    0.000000] x86/fpu: Supporting XSAVE feature 0x002: 'SSE registers'
[    0.000000] x86/fpu: Supporting XSAVE feature 0x004: 'AVX registers'
[    0.000000] x86/fpu: Supporting XSAVE feature 0x200: 'Protection Keys User registers'
[    0.000000] x86/fpu: xstate_offset[2]:  576, xstate_sizes[2]:  256
[    0.000000] x86/fpu: xstate_offset[9]:  832, xstate_sizes[9]:    8
[    0.000000] x86/fpu: Enabled xstate features 0x207, context size is 840 bytes, using 'compacted' format.
[    0.000000] signal: max sigframe size: 3632
[    0.000000] BIOS-provided physical RAM map:
[    0.000000] BIOS-e820: [mem 0x0000000000000000-0x000000000009fbff] usable
[    0.000000] BIOS-e820: [mem 0x000000000009fc00-0x000000000009ffff] reserved
[    0.000000] BIOS-e820: [mem 0x00000000000f0000-0x00000000000fffff] reserved
[    0.000000] BIOS-e820: [mem 0x0000000000100000-0x000000007ffdffff] usable
[    0.000000] BIOS-e820: [mem 0x000000007ffe0000-0x000000007fffffff] reserved
[    0.000000] BIOS-e820: [mem 0x00000000feffc000-0x00000000feffffff] reserved
[    0.000000] BIOS-e820: [mem 0x00000000fffc0000-0x00000000ffffffff] reserved
[    0.000000] printk: bootconsole [earlyser0] enabled
[    0.000000] NX (Execute Disable) protection: active
[    0.000000] SMBIOS 2.8 present.
[    0.000000] DMI: QEMU Standard PC (i440FX + PIIX, 1996), BIOS rel-1.14.0-0-g155821a1990b-prebuilt.qemu.org 04/01/2014
[    0.000000] Hypervisor detected: KVM
[    0.000000] kvm-clock: Using msrs 4b564d01 and 4b564d00
[    0.000006] kvm-clock: using sched offset of 701710072 cycles
[    0.000951] clocksource: kvm-clock: mask: 0xffffffffffffffff max_cycles: 0x1cd42e4dffb, max_idle_ns: 881590591483 ns
[    0.004151] tsc: Detected 1881.600 MHz processor
[    0.013544] last_pfn = 0x7ffe0 max_arch_pfn = 0x400000000
[    0.014725] x86/PAT: Configuration [0-7]: WB  WC  UC- UC  WB  WP  UC- WT  
[    0.028136] found SMP MP-table at [mem 0x000f5a90-0x000f5a9f]
[    0.029526] Using GB pages for direct mapping
[    0.032828] ACPI: Early table checksum verification disabled
[    0.034072] ACPI: RSDP 0x00000000000F5870 000014 (v00 BOCHS )
[    0.035280] ACPI: RSDT 0x000000007FFE1959 000034 (v01 BOCHS  BXPC     00000001 BXPC 00000001)
[    0.037142] ACPI: FACP 0x000000007FFE1805 000074 (v01 BOCHS  BXPC     00000001 BXPC 00000001)
[    0.039098] ACPI: DSDT 0x000000007FFE0040 0017C5 (v01 BOCHS  BXPC     00000001 BXPC 00000001)
[    0.041054] ACPI: FACS 0x000000007FFE0000 000040
[    0.042150] ACPI: APIC 0x000000007FFE1879 000080 (v01 BOCHS  BXPC     00000001 BXPC 00000001)
[    0.044119] ACPI: HPET 0x000000007FFE18F9 000038 (v01 BOCHS  BXPC     00000001 BXPC 00000001)
[    0.046072] ACPI: WAET 0x000000007FFE1931 000028 (v01 BOCHS  BXPC     00000001 BXPC 00000001)
[    0.047757] ACPI: Reserving FACP table memory at [mem 0x7ffe1805-0x7ffe1878]
[    0.048978] ACPI: Reserving DSDT table memory at [mem 0x7ffe0040-0x7ffe1804]
[    0.050198] ACPI: Reserving FACS table memory at [mem 0x7ffe0000-0x7ffe003f]
[    0.051418] ACPI: Reserving APIC table memory at [mem 0x7ffe1879-0x7ffe18f8]
[    0.052650] ACPI: Reserving HPET table memory at [mem 0x7ffe18f9-0x7ffe1930]
[    0.053867] ACPI: Reserving WAET table memory at [mem 0x7ffe1931-0x7ffe1958]
[    0.056747] No NUMA configuration found
[    0.057437] Faking a node at [mem 0x0000000000000000-0x000000007ffdffff]
[    0.058720] NODE_DATA(0) allocated [mem 0x7ffb5000-0x7ffdffff]
[    0.064348] Zone ranges:
[    0.064825]   DMA      [mem 0x0000000000001000-0x0000000000ffffff]
[    0.065905]   DMA32    [mem 0x0000000001000000-0x000000007ffdffff]
[    0.067004]   Normal   empty
[    0.067523]   Device   empty
[    0.068051] Movable zone start for each node
[    0.068837] Early memory node ranges
[    0.069494]   node   0: [mem 0x0000000000001000-0x000000000009efff]
[    0.070657]   node   0: [mem 0x0000000000100000-0x000000007ffdffff]
[    0.071787] Initmem setup node 0 [mem 0x0000000000001000-0x000000007ffdffff]
[    0.073571] On node 0, zone DMA: 1 pages in unavailable ranges
[    0.073961] On node 0, zone DMA: 97 pages in unavailable ranges
[    0.129969] On node 0, zone DMA32: 32 pages in unavailable ranges
[    0.131786] ACPI: PM-Timer IO Port: 0x608
[    0.133804] ACPI: LAPIC_NMI (acpi_id[0xff] dfl dfl lint[0x1])
[    0.135206] IOAPIC[0]: apic_id 0, version 17, address 0xfec00000, GSI 0-23
[    0.136477] ACPI: INT_SRC_OVR (bus 0 bus_irq 0 global_irq 2 dfl dfl)
[    0.137588] ACPI: INT_SRC_OVR (bus 0 bus_irq 5 global_irq 5 high level)
[    0.138749] ACPI: INT_SRC_OVR (bus 0 bus_irq 9 global_irq 9 high level)
[    0.139931] ACPI: INT_SRC_OVR (bus 0 bus_irq 10 global_irq 10 high level)
[    0.141107] ACPI: INT_SRC_OVR (bus 0 bus_irq 11 global_irq 11 high level)
[    0.142283] ACPI: Using ACPI (MADT) for SMP configuration information
[    0.143391] ACPI: HPET id: 0x8086a201 base: 0xfed00000
[    0.144307] TSC deadline timer available
[    0.144976] smpboot: Allowing 2 CPUs, 0 hotplug CPUs
[    0.146079] kvm-guest: KVM setup pv remote TLB flush
[    0.146963] kvm-guest: setup PV sched yield
[    0.147856] PM: hibernation: Registered nosave memory: [mem 0x00000000-0x00000fff]
[    0.149175] PM: hibernation: Registered nosave memory: [mem 0x0009f000-0x0009ffff]
[    0.150519] PM: hibernation: Registered nosave memory: [mem 0x000a0000-0x000effff]
[    0.151909] PM: hibernation: Registered nosave memory: [mem 0x000f0000-0x000fffff]
[    0.153264] [mem 0x80000000-0xfeffbfff] available for PCI devices
[    0.154327] Booting paravirtualized kernel on KVM
[    0.155250] clocksource: refined-jiffies: mask: 0xffffffff max_cycles: 0xffffffff, max_idle_ns: 7645519600211568 ns
[    0.157072] setup_percpu: NR_CPUS:8192 nr_cpumask_bits:2 nr_cpu_ids:2 nr_node_ids:1
[    0.162225] percpu: Embedded 64 pages/cpu s225280 r8192 d28672 u1048576
[    0.163759] kvm-guest: PV spinlocks enabled
[    0.164489] PV qspinlock hash table entries: 256 (order: 0, 4096 bytes, linear)
[    0.165848] Fallback order for Node 0: 0 
[    0.166633] Built 1 zonelists, mobility grouping on.  Total pages: 515808
[    0.167854] Policy zone: DMA32
[    0.168416] Kernel command line: net.ifnames=0 console=ttyS0 root=/dev/sda earlyprintk=serial net.ifnames=0
[    0.171755] random: crng init done
[    0.176153] Dentry cache hash table entries: 262144 (order: 9, 2097152 bytes, linear)
[    0.177632] Inode-cache hash table entries: 131072 (order: 8, 1048576 bytes, linear)
[    0.179180] mem auto-init: stack:off, heap alloc:off, heap free:off
[    0.184760] Memory: 1985384K/2096632K available (32784K kernel code, 4695K rwdata, 7828K rodata, 3668K init, 22124K bss, 110992K reserved, 0K cma-reserved)
[    0.188256] SLUB: HWalign=64, Order=0-3, MinObjects=0, CPUs=2, Nodes=1
[    0.189359] kmemleak: Kernel memory leak detector disabled
[    0.190365] ftrace: allocating 67392 entries in 264 pages
[    0.248435] ftrace: allocated 264 pages with 2 groups
[    0.255167] Dynamic Preempt: voluntary
[    0.256453] Running RCU self tests
[    0.257239] rcu: Preemptible hierarchical RCU implementation.
[    0.258480] rcu: 	RCU lockdep checking is enabled.
[    0.259526] rcu: 	RCU restricting CPUs from NR_CPUS=8192 to nr_cpu_ids=2.
[    0.261002] 	Trampoline variant of Tasks RCU enabled.
[    0.262122] 	Rude variant of Tasks RCU enabled.
[    0.263055] 	Tracing variant of Tasks RCU enabled.
[    0.263845] rcu: RCU calculated value of scheduler-enlistment delay is 25 jiffies.
[    0.265103] rcu: Adjusting geometry for rcu_fanout_leaf=16, nr_cpu_ids=2
[    0.304224] NR_IRQS: 524544, nr_irqs: 440, preallocated irqs: 16
[    0.305771] rcu: srcu_init: Setting srcu_struct sizes based on contention.
[    0.324200] Console: colour VGA+ 80x25
[    0.325076] printk: console [ttyS0] enabled
[    0.325076] printk: console [ttyS0] enabled
[    0.326841] printk: bootconsole [earlyser0] disabled
[    0.326841] printk: bootconsole [earlyser0] disabled
[    0.328564] Lock dependency validator: Copyright (c) 2006 Red Hat, Inc., Ingo Molnar
[    0.329878] ... MAX_LOCKDEP_SUBCLASSES:  8
[    0.330593] ... MAX_LOCK_DEPTH:          48
[    0.331327] ... MAX_LOCKDEP_KEYS:        8192
[    0.332077] ... CLASSHASH_SIZE:          4096
[    0.332839] ... MAX_LOCKDEP_ENTRIES:     32768
[    0.333610] ... MAX_LOCKDEP_CHAINS:      65536
[    0.334377] ... CHAINHASH_SIZE:          32768
[    0.335139]  memory used by lock dependency info: 6365 kB
[    0.336064]  memory used for stack traces: 4224 kB
[    0.336894]  per task-struct memory footprint: 1920 bytes
[    0.337916] ACPI: Core revision 20221020
[    0.339039] clocksource: hpet: mask: 0xffffffff max_cycles: 0xffffffff, max_idle_ns: 19112604467 ns
[    0.340912] APIC: Switch to symmetric I/O mode setup
[    0.342401] x2apic enabled
[    0.343535] Switched APIC routing to physical x2apic.
[    0.344516] kvm-guest: setup PV IPIs
[    0.347791] ..TIMER: vector=0x30 apic1=0 pin1=2 apic2=-1 pin2=-1
[    0.348893] clocksource: tsc-early: mask: 0xffffffffffffffff max_cycles: 0x363e8c91135, max_idle_ns: 881590568389 ns
[    0.350691] Calibrating delay loop (skipped) preset value.. 3763.20 BogoMIPS (lpj=7526400)
[    0.352116] pid_max: default: 32768 minimum: 301
[    0.354811] LSM: Security Framework initializing
[    0.355625] Yama: becoming mindful.
[    0.356583] Mount-cache hash table entries: 4096 (order: 3, 32768 bytes, linear)
[    0.357883] Mountpoint-cache hash table entries: 4096 (order: 3, 32768 bytes, linear)
[    0.361207] CPU0: Thermal monitoring enabled (TM1)
[    0.365566] x86/cpu: User Mode Instruction Prevention (UMIP) activated
[    0.368174] Last level iTLB entries: 4KB 0, 2MB 0, 4MB 0
[    0.369289] Last level dTLB entries: 4KB 0, 2MB 0, 4MB 0, 1GB 0
[    0.370900] Spectre V1 : Mitigation: usercopy/swapgs barriers and __user pointer sanitization
[    0.372360] Spectre V2 : WARNING: Unprivileged eBPF is enabled with eIBRS on, data leaks possible via Spectre v2 BHB attacks!
[    0.374684] Spectre V2 : Mitigation: Enhanced IBRS
[    0.375482] Spectre V2 : Spectre v2 / SpectreRSB mitigation: Filling RSB on context switch
[    0.376848] Spectre V2 : Spectre v2 / PBRSB-eIBRS: Retire a single CALL on VMEXIT
[    0.378695] Spectre V2 : mitigation: Enabling conditional Indirect Branch Prediction Barrier
[    0.380147] Speculative Store Bypass: Mitigation: Speculative Store Bypass disabled via prctl
[    0.381677] MMIO Stale Data: Unknown: No mitigations
[    0.557418] Freeing SMP alternatives memory: 56K
[    0.559840] smpboot: CPU0: Genuine Intel(R) 0000 (family: 0x6, model: 0xba, stepping: 0x2)
[    0.562660] cblist_init_generic: Setting adjustable number of callback queues.
[    0.562682] cblist_init_generic: Setting shift to 1 and lim to 1.
[    0.564248] cblist_init_generic: Setting shift to 1 and lim to 1.
[    0.565770] cblist_init_generic: Setting shift to 1 and lim to 1.
[    0.566864] Running RCU-tasks wait API self tests
[    0.670924] Performance Events: Alderlake Hybrid events, full-width counters, Intel PMU driver.
[    0.673972] core: cpu_core PMU driver: 
[    0.674684] ... version:                2
[    0.675509] ... bit width:              48
[    0.676316] ... generic registers:      6
[    0.677134] ... value mask:             0000ffffffffffff
[    0.677997] ... max period:             00007fffffffffff
[    0.678679] ... fixed-purpose events:   3
[    0.679337] ... event mask:             0001000f0000003f
[    0.680653] rcu: Hierarchical SRCU implementation.
[    0.681468] rcu: 	Max phase no-delay instances is 1000.
[    0.686714] Callback from call_rcu_tasks_trace() invoked.
[    0.688010] unchecked MSR access error: WRMSR to 0x38f (tried to write 0x0001000f0000003f) at rIP: 0xffffffff810cf45c (native_write_msr+0xc/0x30)
[    0.690199] Call Trace:
[    0.690628]  <TASK>
[    0.690660]  __intel_pmu_enable_all.constprop.46+0xb5/0x140
[    0.690660]  intel_pmu_enable_all+0x1e/0x30
[    0.690660]  x86_pmu_enable+0x46d/0x5a0
[    0.690660]  ? write_comp_data+0x2f/0x90
[    0.690660]  perf_pmu_enable+0x53/0x70
[    0.690660]  ctx_resched+0x14d/0x1e0
[    0.690660]  __perf_install_in_context+0x2f7/0x450
[    0.690660]  ? perf_assert_pmu_disabled.isra.84+0x50/0x50
[    0.690660]  ? perf_assert_pmu_disabled.isra.84+0x50/0x50
[    0.690660]  remote_function+0x80/0xa0
[    0.690660]  ? perf_assert_pmu_disabled.isra.84+0x50/0x50
[    0.690660]  generic_exec_single+0x124/0x190
[    0.690660]  smp_call_function_single+0x11c/0x240
[    0.690660]  ? perf_assert_pmu_disabled.isra.84+0x50/0x50
[    0.690660]  ? __sanitizer_cov_trace_pc+0x25/0x60
[    0.690660]  ? write_comp_data+0x2f/0x90
[    0.690660]  perf_install_in_context+0x2d8/0x300
[    0.690660]  ? ctx_resched+0x1e0/0x1e0
[    0.690660]  perf_event_create_kernel_counter+0x278/0x2a0
[    0.690660]  ? find_next_bit+0x30/0x30
[    0.690660]  hardlockup_detector_event_create+0x46/0xd0
[    0.690660]  hardlockup_detector_perf_init+0x18/0x66
[    0.690660]  watchdog_nmi_probe+0x17/0x1d
[    0.690660]  lockup_detector_init+0x40/0xaf
[    0.690660]  kernel_init_freeable+0x264/0x42e
[    0.690660]  ? __wait_for_common+0x19d/0x1f0
[    0.690660]  ? rest_init+0x240/0x240
[    0.690660]  kernel_init+0x24/0x1e0
[    0.690660]  ? rest_init+0x240/0x240
[    0.690660]  ret_from_fork+0x1f/0x30
[    0.690660]  </TASK>
[    0.691114] smp: Bringing up secondary CPUs ...
[    0.694898] x86: Booting SMP configuration:
[    0.695647] .... node  #0, CPUs:      #1
[    0.039567] smpboot: CPU 1 Converting physical 0 to logical die 1
[    0.699047] smp: Brought up 1 node, 2 CPUs
[    0.699607] smpboot: Max logical packages: 2
[    0.700314] smpboot: Total of 2 processors activated (7526.40 BogoMIPS)
[    0.712596] devtmpfs: initialized
[    0.714734] x86/mm: Memory block size: 128MB
[    0.719347] clocksource: jiffies: mask: 0xffffffff max_cycles: 0xffffffff, max_idle_ns: 7645041785100000 ns
[    0.720965] futex hash table entries: 512 (order: 4, 65536 bytes, linear)
[    0.723002] pinctrl core: initialized pinctrl subsystem
[    0.724754] 
[    0.725031] *************************************************************
[    0.726143] **     NOTICE NOTICE NOTICE NOTICE NOTICE NOTICE NOTICE    **
[    0.726682] **                                                         **
[    0.727796] **  IOMMU DebugFS SUPPORT HAS BEEN ENABLED IN THIS KERNEL  **
[    0.728907] **                                                         **
[    0.730023] ** This means that this kernel is built to expose internal **
[    0.730676] ** IOMMU data structures, which may compromise security on **
[    0.731828] ** your system.                                            **
[    0.732992] **                                                         **
[    0.734165] ** If you see this message and you are not debugging the   **
[    0.734673] ** kernel, report this immediately to your vendor!         **
[    0.735780] **                                                         **
[    0.736881] **     NOTICE NOTICE NOTICE NOTICE NOTICE NOTICE NOTICE    **
[    0.737998] *************************************************************
[    0.738824] PM: RTC time: 07:40:54, date: 2023-01-03
[    0.746347] NET: Registered PF_NETLINK/PF_ROUTE protocol family
[    0.747566] DMA: preallocated 256 KiB GFP_KERNEL pool for atomic allocations
[    0.748918] DMA: preallocated 256 KiB GFP_KERNEL|GFP_DMA pool for atomic allocations
[    0.750467] DMA: preallocated 256 KiB GFP_KERNEL|GFP_DMA32 pool for atomic allocations
[    0.750782] audit: initializing netlink subsys (disabled)
[    0.751899] audit: type=2000 audit(1672731654.480:1): state=initialized audit_enabled=0 res=1
[    0.751899] thermal_sys: Registered thermal governor 'fair_share'
[    0.752378] thermal_sys: Registered thermal governor 'bang_bang'
[    0.754677] thermal_sys: Registered thermal governor 'step_wise'
[    0.755657] thermal_sys: Registered thermal governor 'user_space'
[    0.756724] cpuidle: using governor ladder
[    0.758429] cpuidle: using governor menu
[    0.759238] acpiphp: ACPI Hot Plug PCI Controller Driver version: 0.5
[    0.760910] PCI: Using configuration type 1 for base access
[    0.775190] Callback from call_rcu_tasks_rude() invoked.
[    0.784677] kprobes: kprobe jump-optimization is enabled. All kprobes are optimized if possible.
[    1.081597] Callback from call_rcu_tasks() invoked.
[    1.187603] HugeTLB: registered 1.00 GiB page size, pre-allocated 0 pages
[    1.189022] HugeTLB: 16380 KiB vmemmap can be freed for a 1.00 GiB page
[    1.190334] HugeTLB: registered 2.00 MiB page size, pre-allocated 0 pages
[    1.190681] HugeTLB: 28 KiB vmemmap can be freed for a 2.00 MiB page
[    1.198179] ACPI: Added _OSI(Module Device)
[    1.198677] ACPI: Added _OSI(Processor Device)
[    1.199408] ACPI: Added _OSI(3.0 _SCP Extensions)
[    1.200186] ACPI: Added _OSI(Processor Aggregator Device)
[    1.208405] ACPI: 1 ACPI AML tables successfully acquired and loaded
[    1.214129] ACPI: Interpreter enabled
[    1.214825] ACPI: PM: (supports S0 S3 S4 S5)
[    1.215536] ACPI: Using IOAPIC for interrupt routing
[    1.216443] PCI: Using host bridge windows from ACPI; if necessary, use "pci=nocrs" and report a bug
[    1.217925] PCI: Using E820 reservations for host bridge windows
[    1.219659] ACPI: Enabled 2 GPEs in block 00 to 0F
[    1.244026] ACPI: PCI Root Bridge [PCI0] (domain 0000 [bus 00-ff])
[    1.245157] acpi PNP0A03:00: _OSC: OS supports [ASPM ClockPM Segments MSI EDR HPX-Type3]
[    1.246522] acpi PNP0A03:00: _OSC: not requesting OS control; OS requires [ExtendedConfig ASPM ClockPM MSI]
[    1.246794] acpi PNP0A03:00: fail to add MMCONFIG information, can't access extended PCI configuration space under this bridge.
[    1.252483] acpiphp: Slot [3] registered
[    1.253509] acpiphp: Slot [4] registered
[    1.254552] acpiphp: Slot [5] registered
[    1.254848] acpiphp: Slot [6] registered
[    1.255838] acpiphp: Slot [7] registered
[    1.256812] acpiphp: Slot [8] registered
[    1.257831] acpiphp: Slot [9] registered
[    1.258803] acpiphp: Slot [10] registered
[    1.260165] acpiphp: Slot [11] registered
[    1.261172] acpiphp: Slot [12] registered
[    1.262158] acpiphp: Slot [13] registered
[    1.262788] acpiphp: Slot [14] registered
[    1.263774] acpiphp: Slot [15] registered
[    1.264818] acpiphp: Slot [16] registered
[    1.265867] acpiphp: Slot [17] registered
[    1.266802] acpiphp: Slot [18] registered
[    1.267830] acpiphp: Slot [19] registered
[    1.268886] acpiphp: Slot [20] registered
[    1.270055] acpiphp: Slot [21] registered
[    1.270816] acpiphp: Slot [22] registered
[    1.271839] acpiphp: Slot [23] registered
[    1.272916] acpiphp: Slot [24] registered
[    1.273974] acpiphp: Slot [25] registered
[    1.274826] acpiphp: Slot [26] registered
[    1.275832] acpiphp: Slot [27] registered
[    1.276858] acpiphp: Slot [28] registered
[    1.277858] acpiphp: Slot [29] registered
[    1.278854] acpiphp: Slot [30] registered
[    1.279877] acpiphp: Slot [31] registered
[    1.280846] PCI host bridge to bus 0000:00
[    1.281771] pci_bus 0000:00: root bus resource [io  0x0000-0x0cf7 window]
[    1.282688] pci_bus 0000:00: root bus resource [io  0x0d00-0xffff window]
[    1.284180] pci_bus 0000:00: root bus resource [mem 0x000a0000-0x000bffff window]
[    1.285816] pci_bus 0000:00: root bus resource [mem 0x80000000-0xfebfffff window]
[    1.286684] pci_bus 0000:00: root bus resource [mem 0x100000000-0x17fffffff window]
[    1.288370] pci_bus 0000:00: root bus resource [bus 00-ff]
[    1.289910] pci 0000:00:00.0: [8086:1237] type 00 class 0x060000
[    1.295179] pci 0000:00:01.0: [8086:7000] type 00 class 0x060100
[    1.297625] pci 0000:00:01.1: [8086:7010] type 00 class 0x010180
[    1.300483] pci 0000:00:01.1: reg 0x20: [io  0xc040-0xc04f]
[    1.302322] pci 0000:00:01.1: legacy IDE quirk: reg 0x10: [io  0x01f0-0x01f7]
[    1.302680] pci 0000:00:01.1: legacy IDE quirk: reg 0x14: [io  0x03f6]
[    1.303836] pci 0000:00:01.1: legacy IDE quirk: reg 0x18: [io  0x0170-0x0177]
[    1.305145] pci 0000:00:01.1: legacy IDE quirk: reg 0x1c: [io  0x0376]
[    1.306997] pci 0000:00:01.3: [8086:7113] type 00 class 0x068000
[    1.310003] pci 0000:00:01.3: quirk: [io  0x0600-0x063f] claimed by PIIX4 ACPI
[    1.310705] pci 0000:00:01.3: quirk: [io  0x0700-0x070f] claimed by PIIX4 SMB
[    1.312989] pci 0000:00:02.0: [1234:1111] type 00 class 0x030000
[    1.315375] pci 0000:00:02.0: reg 0x10: [mem 0xfd000000-0xfdffffff pref]
[    1.319339] pci 0000:00:02.0: reg 0x18: [mem 0xfebf0000-0xfebf0fff]
[    1.326445] pci 0000:00:02.0: reg 0x30: [mem 0xfebe0000-0xfebeffff pref]
[    1.327165] pci 0000:00:02.0: Video device with shadowed ROM at [mem 0x000c0000-0x000dffff]
[    1.336010] pci 0000:00:03.0: [8086:100e] type 00 class 0x020000
[    1.338214] pci 0000:00:03.0: reg 0x10: [mem 0xfebc0000-0xfebdffff]
[    1.339468] pci 0000:00:03.0: reg 0x14: [io  0xc000-0xc03f]
[    1.344963] pci 0000:00:03.0: reg 0x30: [mem 0xfeb80000-0xfebbffff pref]
[    1.374857] ACPI: PCI: Interrupt link LNKA configured for IRQ 10
[    1.376997] ACPI: PCI: Interrupt link LNKB configured for IRQ 10
[    1.379062] ACPI: PCI: Interrupt link LNKC configured for IRQ 11
[    1.381084] ACPI: PCI: Interrupt link LNKD configured for IRQ 11
[    1.382653] ACPI: PCI: Interrupt link LNKS configured for IRQ 9
[    1.387135] iommu: Default domain type: Translated 
[    1.388118] iommu: DMA domain TLB invalidation policy: lazy mode 
[    1.392030] SCSI subsystem initialized
[    1.393587] ACPI: bus type USB registered
[    1.394762] usbcore: registered new interface driver usbfs
[    1.395905] usbcore: registered new interface driver hub
[    1.396948] usbcore: registered new device driver usb
[    1.398178] pps_core: LinuxPPS API ver. 1 registered
[    1.398676] pps_core: Software ver. 5.3.6 - Copyright 2005-2007 Rodolfo Giometti <giometti@linux.it>
[    1.400465] PTP clock support registered
[    1.401714] EDAC MC: Ver: 3.0.0
[    1.405806] NetLabel: Initializing
[    1.406477] NetLabel:  domain hash size = 128
[    1.406685] NetLabel:  protocols = UNLABELED CIPSOv4 CALIPSO
[    1.407911] NetLabel:  unlabeled traffic allowed by default
[    1.443395] PCI: Using ACPI for IRQ routing
[    1.444920] pci 0000:00:02.0: vgaarb: setting as boot VGA device
[    1.446116] pci 0000:00:02.0: vgaarb: bridge control possible
[    1.446660] pci 0000:00:02.0: vgaarb: VGA device added: decodes=io+mem,owns=io+mem,locks=none
[    1.446681] vgaarb: loaded
[    1.448529] hpet0: at MMIO 0xfed00000, IRQs 2, 8, 0
[    1.449510] hpet0: 3 comparators, 64-bit 100.000000 MHz counter
[    6.066349] clocksource: Switched to clocksource kvm-clock
[    6.066660] VFS: Disk quotas dquot_6.6.0
[    6.067141] VFS: Dquot-cache hash table entries: 512 (order 0, 4096 bytes)
[    6.069121] pnp: PnP ACPI init
[    6.073955] pnp: PnP ACPI: found 6 devices
[    6.102604] clocksource: acpi_pm: mask: 0xffffff max_cycles: 0xffffff, max_idle_ns: 2085701024 ns
[    6.105055] NET: Registered PF_INET protocol family
[    6.106551] IP idents hash table entries: 32768 (order: 6, 262144 bytes, linear)
[    6.110593] tcp_listen_portaddr_hash hash table entries: 1024 (order: 4, 73728 bytes, linear)
[    6.112433] Table-perturb hash table entries: 65536 (order: 6, 262144 bytes, linear)
[    6.113956] TCP established hash table entries: 16384 (order: 5, 131072 bytes, linear)
[    6.117370] TCP bind hash table entries: 16384 (order: 9, 2359296 bytes, linear)
[    6.123545] TCP: Hash tables configured (established 16384 bind 16384)
[    6.125406] UDP hash table entries: 1024 (order: 5, 163840 bytes, linear)
[    6.126944] UDP-Lite hash table entries: 1024 (order: 5, 163840 bytes, linear)
[    6.128883] NET: Registered PF_UNIX/PF_LOCAL protocol family
[    6.131644] RPC: Registered named UNIX socket transport module.
[    6.133028] RPC: Registered udp transport module.
[    6.133915] RPC: Registered tcp transport module.
[    6.134862] RPC: Registered tcp NFSv4.1 backchannel transport module.
[    6.142745] pci_bus 0000:00: resource 4 [io  0x0000-0x0cf7 window]
[    6.143939] pci_bus 0000:00: resource 5 [io  0x0d00-0xffff window]
[    6.145115] pci_bus 0000:00: resource 6 [mem 0x000a0000-0x000bffff window]
[    6.146411] pci_bus 0000:00: resource 7 [mem 0x80000000-0xfebfffff window]
[    6.147762] pci_bus 0000:00: resource 8 [mem 0x100000000-0x17fffffff window]
[    6.149627] pci 0000:00:01.0: PIIX3: Enabling Passive Release
[    6.150772] pci 0000:00:00.0: Limiting direct PCI/PCI transfers
[    6.152097] PCI: CLS 0 bytes, default 64
[    6.162855] ACPI: bus type thunderbolt registered
[    6.164547] clocksource: tsc: mask: 0xffffffffffffffff max_cycles: 0x363e8c91135, max_idle_ns: 881590568389 ns
[    6.412983] Initialise system trusted keyrings
[    6.414056] Key type blacklist registered
[    6.415243] workingset: timestamp_bits=36 max_order=19 bucket_order=0
[    6.416586] zbud: loaded
[    6.418872] squashfs: version 4.0 (2009/01/31) Phillip Lougher
[    6.422020] NFS: Registering the id_resolver key type
[    6.423088] Key type id_resolver registered
[    6.423876] Key type id_legacy registered
[    6.424742] nfs4filelayout_init: NFSv4 File Layout Driver Registering...
[    6.426074] nfs4flexfilelayout_init: NFSv4 Flexfile Layout Driver Registering...
[    6.428281] fuse: init (API version 7.37)
[    6.429625] SGI XFS with ACLs, security attributes, realtime, quota, no debug enabled
[    6.432404] 9p: Installing v9fs 9p2000 file system support
[    6.448340] Key type asymmetric registered
[    6.449184] Asymmetric key parser 'x509' registered
[    6.453755] alg: self-tests for CTR-KDF (hmac(sha256)) passed
[    6.455049] Block layer SCSI generic (bsg) driver version 0.4 loaded (major 243)
[    6.456719] io scheduler mq-deadline registered
[    6.457651] io scheduler bfq registered
[    6.461104] shpchp: Standard Hot Plug PCI Controller Driver version: 0.4
[    6.463370] IPMI message handler: version 39.2
[    6.464379] ipmi device interface
[    6.468774] input: Power Button as /devices/LNXSYSTM:00/LNXPWRBN:00/input/input0
[    6.470964] ACPI: button: Power Button [PWRF]
[    6.474025] ERST DBG: ERST support is disabled.
[    6.476544] Serial: 8250/16550 driver, 32 ports, IRQ sharing enabled
[    6.479090] 00:04: ttyS0 at I/O 0x3f8 (irq = 4, base_baud = 115200) is a 16550A
[    6.512585] Linux agpgart interface v0.103
[    6.515039] ACPI: bus type drm_connector registered
[    6.544840] brd: module loaded
[    6.559919] loop: module loaded
[    6.571193] scsi host0: ata_piix
[    6.574119] scsi host1: ata_piix
[    6.575130] ata1: PATA max MWDMA2 cmd 0x1f0 ctl 0x3f6 bmdma 0xc040 irq 14
[    6.576356] ata2: PATA max MWDMA2 cmd 0x170 ctl 0x376 bmdma 0xc048 irq 15
[    6.579650] tun: Universal TUN/TAP device driver, 1.6
[    6.580920] e100: Intel(R) PRO/100 Network Driver
[    6.581780] e100: Copyright(c) 1999-2006 Intel Corporation
[    6.582945] e1000: Intel(R) PRO/1000 Network Driver
[    6.583826] e1000: Copyright (c) 1999-2006 Intel Corporation.
[    6.735227] ata1: found unknown device (class 0)
[    6.737351] ata2: found unknown device (class 0)
[    6.738587] ata1.00: ATA-7: QEMU HARDDISK, 2.5+, max UDMA/100
[    6.739683] ata1.00: 16777216 sectors, multi 16: LBA48 
[    6.741372] ata2.00: ATAPI: QEMU DVD-ROM, 2.5+, max UDMA/100
[    6.744170] scsi 0:0:0:0: Direct-Access     ATA      QEMU HARDDISK    2.5+ PQ: 0 ANSI: 5
[    6.748076] sd 0:0:0:0: [sda] 16777216 512-byte logical blocks: (8.59 GB/8.00 GiB)
[    6.749646] sd 0:0:0:0: [sda] Write Protect is off
[    6.750719] sd 0:0:0:0: [sda] Write cache: enabled, read cache: enabled, doesn't support DPO or FUA
[    6.753674] sd 0:0:0:0: Attached scsi generic sg0 type 0
[    6.755633] sd 0:0:0:0: [sda] Preferred minimum I/O size 512 bytes
[    6.758067] scsi 1:0:0:0: CD-ROM            QEMU     QEMU DVD-ROM     2.5+ PQ: 0 ANSI: 5
[    6.781965] sd 0:0:0:0: [sda] Attached SCSI disk
[    6.784367] sd 1:0:0:0: Attached scsi generic sg1 type 5
[    6.929527] ACPI: \_SB_.LNKC: Enabled at IRQ 11
[    7.301199] e1000 0000:00:03.0 eth0: (PCI:33MHz:32-bit) 52:54:00:12:34:56
[    7.302305] e1000 0000:00:03.0 eth0: Intel(R) PRO/1000 Network Connection
[    7.303516] e1000e: Intel(R) PRO/1000 Network Driver
[    7.304319] e1000e: Copyright(c) 1999 - 2015 Intel Corporation.
[    7.305366] igb: Intel(R) Gigabit Ethernet Network Driver
[    7.306119] igb: Copyright (c) 2007-2014 Intel Corporation.
[    7.307056] PPP generic driver version 2.4.2
[    7.308094] VFIO - User Level meta-driver version: 0.3
[    7.309481] usbcore: registered new interface driver uas
[    7.310290] usbcore: registered new interface driver usb-storage
[    7.311362] i8042: PNP: PS/2 Controller [PNP0303:KBD,PNP0f13:MOU] at 0x60,0x64 irq 1,12
[    7.313644] serio: i8042 KBD port at 0x60,0x64 irq 1
[    7.314391] serio: i8042 AUX port at 0x60,0x64 irq 12
[    7.315881] mousedev: PS/2 mouse device common for all mice
[    7.317609] input: AT Translated Set 2 keyboard as /devices/platform/i8042/serio0/input/input1
[    7.319741] rtc_cmos 00:05: RTC can wake from S4
[    7.321248] input: VirtualPS/2 VMware VMMouse as /devices/platform/i8042/serio1/input/input4
[    7.323406] rtc_cmos 00:05: registered as rtc0
[    7.324372] rtc_cmos 00:05: setting system clock to 2023-01-03T07:41:01 UTC (1672731661)
[    7.324627] input: VirtualPS/2 VMware VMMouse as /devices/platform/i8042/serio1/input/input3
[    7.327004] rtc_cmos 00:05: alarms up to one day, y3k, 242 bytes nvram, hpet irqs
[    7.328180] i2c_dev: i2c /dev entries driver
[    7.329112] device-mapper: core: CONFIG_IMA_DISABLE_HTABLE is disabled. Duplicate IMA measurements will not be recorded in the IMA log.
[    7.330881] device-mapper: uevent: version 1.0.3
[    7.332029] device-mapper: ioctl: 4.47.0-ioctl (2022-07-28) initialised: dm-devel@redhat.com
[    7.333240] intel_pstate: CPU model not supported
[    7.334002] sdhci: Secure Digital Host Controller Interface driver
[    7.334889] sdhci: Copyright(c) Pierre Ossman
[    7.335613] sdhci-pltfm: SDHCI platform and OF driver helper
[    7.336583] ledtrig-cpu: registered to indicate activity on CPUs
[    7.337990] drop_monitor: Initializing network drop monitor service
[    7.339186] NET: Registered PF_INET6 protocol family
[    7.343429] Segment Routing with IPv6
[    7.343996] In-situ OAM (IOAM) with IPv6
[    7.344646] NET: Registered PF_PACKET protocol family
[    7.345662] 9pnet: Installing 9P2000 support
[    7.346533] Key type dns_resolver registered
[    7.348858] IPI shorthand broadcast: enabled
[    7.349580] sched_clock: Marking stable (7312836969, 35567347)->(7470950798, -122546482)
[    7.352882] registered taskstats version 1
[    7.353969] Loading compiled-in X.509 certificates
[    7.355413] zswap: loaded using pool lzo/zbud
[    7.382995] Key type .fscrypt registered
[    7.383719] Key type fscrypt-provisioning registered
[    7.387116] Key type encrypted registered
[    7.387927] ima: No TPM chip found, activating TPM-bypass!
[    7.388882] ima: Allocated hash algorithm: sha1
[    7.389734] ima: No architecture policies found
[    7.390606] evm: Initialising EVM extended attributes:
[    7.391503] evm: security.selinux
[    7.392063] evm: security.SMACK64
[    7.392631] evm: security.SMACK64EXEC
[    7.393245] evm: security.SMACK64TRANSMUTE
[    7.393930] evm: security.SMACK64MMAP
[    7.394549] evm: security.apparmor
[    7.395140] evm: security.ima
[    7.395646] evm: security.capability
[    7.396240] evm: HMAC attrs: 0x1
[    7.405595] PM:   Magic number: 7:67:672
[    7.407127] RAS: Correctable Errors collector initialized.
[    7.409836] md: Waiting for all devices to be available before autodetect
[    7.410443] md: If you don't use raid, use raid=noautodetect
[    7.411313] md: Autodetecting RAID arrays.
[    7.411695] md: autorun ...
[    7.411955] md: ... autorun DONE.
[    7.420925] EXT4-fs (sda): mounted filesystem with ordered data mode. Quota mode: none.
[    7.421783] VFS: Mounted root (ext4 filesystem) readonly on device 8:0.
[    7.425137] devtmpfs: mounted
[    7.438047] Freeing unused decrypted memory: 2036K
[    7.443242] Freeing unused kernel image (initmem) memory: 3668K
[    7.443861] Write protecting the kernel read-only data: 43008k
[    7.449500] Freeing unused kernel image (text/rodata gap) memory: 2028K
[    7.450805] Freeing unused kernel image (rodata/data gap) memory: 364K
[    7.561204] x86/mm: Checked W+X mappings: passed, no W+X pages found.
[    7.561887] Run /sbin/init as init process
[    7.734767] systemd[1]: RTC configured in localtime, applying delta of 0 minutes to system time.
[    7.788744] systemd[1]: systemd 239 (239-49.el8) running in system mode. (+PAM +AUDIT +SELINUX +IMA -APPARMOR +SMACK +SYSVINIT +UTMP +LIBCRYPTSETUP +GCRYPT +GNUTLS +ACL +XZ +LZ4 +SECCOMP +BLKID +ELFUTILS +KMOD +IDN2 -IDN +PCRE2 default-hierarchy=legacy)
[    7.791300] systemd[1]: Detected virtualization kvm.
[    7.791859] systemd[1]: Detected architecture x86-64.

Welcome to [0;31mCentOS Stream 8[0m!

[    7.849839] systemd[1]: Set hostname to <test>.
[    8.215255] systemd[1]: Listening on LVM2 poll daemon socket.
[[0;32m  OK  [0m] Listening on LVM2 poll daemon socket.
[    8.223808] systemd[1]: Listening on Process Core Dump Socket.
[[0;32m  OK  [0m] Listening on Process Core Dump Socket.
[    8.225803] systemd[1]: Listening on initctl Compatibility Named Pipe.
[[0;32m  OK  [0m] Listening on initctl Compatibility Named Pipe.
[    8.227087] systemd[1]: Reached target Swap.
[[0;32m  OK  [0m] Reached target Swap.
[    8.230839] systemd[1]: Created slice system-serial\x2dgetty.slice.
[[0;32m  OK  [0m] Created slice system-serial\x2dgetty.slice.
[    8.232885] systemd[1]: Created slice User and Session Slice.
[[0;32m  OK  [0m] Created slice User and Session Slice.
[[0;32m  OK  [0m] Listening on multipathd control socket.
[[0;32m  OK  [0m] Listening on RPCbind Server Activation Socket.
[[0;32m  OK  [0m] Reached target RPC Port Mapper.
[[0;32m  OK  [0m] Listening on Device-mapper event daemon FIFOs.
[[0;32m  OK  [0m] Listening on udev Kernel Socket.
[[0;32m  OK  [0m] Listening on Journal Socket.
         Mounting Kernel Debug File System...
         Mounting POSIX Message Queue File System...
         Starting Monitoring of LVM2 mirrorsâ€¦ng dmeventd or progress polling...
         Starting Setup Virtual Console...
         Mounting Huge Pages File System...
[[0;32m  OK  [0m] Listening on Journal Socket (/dev/log).
         Starting Journal Service...
[[0;32m  OK  [0m] Created slice system-getty.slice.
         Starting Remount Root and Kernel File Systems...
         Starting Load Kernel Modules...
[[0;32m  OK  [0m] Started Forward Password Requests to Wall Directory Watch.
[[0;32m  OK  [0m] Reached target Slices.
[[0;32m  OK  [0m] Created slice system-sshd\x2dkeygen.slice.
[[0;32m  OK  [0m] Set up automount Arbitrary Executabâ€¦rmats File System Automount Point.
[[0;32m  OK  [0m] Listening on udev Control Socket.
[    8.569803] EXT4-fs (sda): re-mounted. Quota mode: none.
         Starting udev Coldplug all Devices...
[[0;32m  OK  [0m] Started Journal Service.
[[0;32m  OK  [0m] Mounted Kernel Debug File System.
[[0;32m  OK  [0m] Mounted POSIX Message Queue File System.
[[0;32m  OK  [0m] Started Monitoring of LVM2 mirrors,â€¦sing dmeventd or progress polling.
[[0;32m  OK  [0m] Mounted Huge Pages File System.
[[0;32m  OK  [0m] Started Remount Root and Kernel File Systems.
[[0;1;31mFAILED[0m] Failed to start Load Kernel Modules.
See 'systemctl status systemd-modules-load.service' for details.
         Starting Apply Kernel Variables...
         Mounting Kernel Configuration File System...
         Mounting FUSE Control File System...
         Starting Create Static Device Nodes in /dev...
         Starting Load/Save Random Seed...
         Starting Flush Journal to Persistent Storage...
[[0;32m  OK  [0m] Started Setup Virtual Console.
[[0;32m  OK  [0m] Started Apply Kernel Variables.
[[0;32m  OK  [0m] Mounted Kernel Configuration File System.
[[0;32m  OK  [0m] Mounted FUSE Control File System.
[[0;32m  OK  [0m] Started Create Static Device Nodes in /dev.
[[0;32m  OK  [0m] Started Load/Save Random Seed.
         Starting udev Kernel Device Manager...
[[0;32m  OK  [0m] Started Flush Journal to Persistent Storage.
[[0;32m  OK  [0m] Started udev Kernel Device Manager.
[[0;32m  OK  [0m] Started udev Coldplug all Devices.
         Starting udev Wait for Complete Device Initialization...
         Starting Show Plymouth Boot Screen...
[[0;32m  OK  [0m] Started Show Plymouth Boot Screen.
[[0;32m  OK  [0m] Started Forward Password Requests to Plymouth Directory Watch.
[[0;32m  OK  [0m] Reached target Local Encrypted Volumes.
[[0;32m  OK  [0m] Reached target Paths.
[[0;32m  OK  [0m] Found device /dev/ttyS0.
[[0;32m  OK  [0m] Listening on Load/Save RF Kill Switch Status /dev/rfkill Watch.
[[0;32m  OK  [0m] Started udev Wait for Complete Device Initialization.
[[0;32m  OK  [0m] Reached target Local File Systems (Pre).
[[0;32m  OK  [0m] Reached target Local File Systems.
         Starting Tell Plymouth To Write Out Runtime Data...
         Starting Restore /run/initramfs on shutdown...
         Starting Create Volatile Files and Directories...
[[0;32m  OK  [0m] Started Tell Plymouth To Write Out Runtime Data.
[[0;32m  OK  [0m] Started Restore /run/initramfs on shutdown.
[[0;32m  OK  [0m] Started Create Volatile Files and Directories.
         Starting Security Auditing Service...
         Mounting RPC Pipe File System...
         Starting RPC Bind...
[[0;32m  OK  [0m] Mounted RPC Pipe File System.
[[0;32m  OK  [0m] Reached target rpc_pipefs.target.
[[0;32m  OK  [0m] Started RPC Bind.
[[0;32m  OK  [0m] Started Security Auditing Service.
         Starting Update UTMP about System Boot/Shutdown...
[[0;32m  OK  [0m] Started Update UTMP about System Boot/Shutdown.
[[0;32m  OK  [0m] Reached target System Initialization.
[[0;32m  OK  [0m] Started Daily Cleanup of Temporary Directories.
[[0;32m  OK  [0m] Started daily update of the root trust anchor for DNSSEC.
[[0;32m  OK  [0m] Listening on SSSD Kerberos Cache Manager responder socket.
[[0;32m  OK  [0m] Started dnf makecache --timer.
[[0;32m  OK  [0m] Reached target Timers.
[[0;32m  OK  [0m] Listening on D-Bus System Message Bus Socket.
[[0;32m  OK  [0m] Reached target Sockets.
[[0;32m  OK  [0m] Reached target Basic System.
[[0;32m  OK  [0m] Started Machine Check Exception Logging Daemon.
         Starting Self Monitoring and Reporting Technology (SMART) Daemon...
         Starting Auto-connect to subsystemsâ€¦-NVME devices found during boot...
[[0;32m  OK  [0m] Reached target sshd-keygen.target.
         Starting NTP client/server...
[[0;32m  OK  [0m] Started irqbalance daemon.
         Starting Login Service...
[[0;32m  OK  [0m] Started D-Bus System Message Bus.
         Starting Network Manager...
         Starting Authorization Manager...
[[0;32m  OK  [0m] Started Self Monitoring and Reporting Technology (SMART) Daemon.
[[0;32m  OK  [0m] Started Auto-connect to subsystems â€¦FC-NVME devices found during boot.
         Starting update of the root trust aâ€¦or DNSSEC validation in unbound...
[[0;32m  OK  [0m] Started Login Service.
[[0;32m  OK  [0m] Started NTP client/server.
[[0;32m  OK  [0m] Started Network Manager.
[[0;32m  OK  [0m] Reached target Network.
         Starting Dynamic System Tuning Daemon...
         Starting GSSAPI Proxy Daemon...
         Starting OpenSSH server daemon...
         Starting Network Manager Wait Online...
[[0;32m  OK  [0m] Started update of the root trust anâ€¦ for DNSSEC validation in unbound.
         Starting Hostname Service...
[[0;32m  OK  [0m] Started GSSAPI Proxy Daemon.
[[0;32m  OK  [0m] Reached target NFS client services.
[[0;32m  OK  [0m] Reached target Remote File Systems (Pre).
[[0;32m  OK  [0m] Reached target Remote File Systems.
         Starting Permit User Sessions...
[[0;32m  OK  [0m] Started OpenSSH server daemon.
[[0;32m  OK  [0m] Started Authorization Manager.
[[0;32m  OK  [0m] Started Permit User Sessions.
[[0;32m  OK  [0m] Started Command Scheduler.
         Starting Hold until boot process finishes up...
         Starting Terminate Plymouth Boot Screen...
[   12.331565] e1000: eth0 NIC Link is Up 1000 Mbps Full Duplex, Flow Control: RX
[   12.333488] IPv6: ADDRCONF(NETDEV_CHANGE): eth0: link becomes ready
[   12.828043] Spectre V2 : WARNING: Unprivileged eBPF is enabled with eIBRS on, data leaks possible via Spectre v2 BHB attacks!
[   12.829760] Spectre V2 : WARNING: Unprivileged eBPF is enabled with eIBRS on, data leaks possible via Spectre v2 BHB attacks!

CentOS Stream 8
Kernel 6.1.0-a7cacfb0688e+ on an x86_64

test login: [   30.303090] sg_write: data in/out 131036/42 bytes for SCSI command 0xff-- guessing data in;
[   30.303090]    program repro not setting count and/or reply_len properly
[   30.314460] sg_write: data in/out 131036/42 bytes for SCSI command 0xff-- guessing data in;
[   30.314460]    program repro not setting count and/or reply_len properly
[   30.324324] sg_write: data in/out 131036/42 bytes for SCSI command 0xff-- guessing data in;
[   30.324324]    program repro not setting count and/or reply_len properly
[   30.334523] sg_write: data in/out 131036/42 bytes for SCSI command 0xff-- guessing data in;
[   30.334523]    program repro not setting count and/or reply_len properly
[   30.344993] sg_write: data in/out 131036/42 bytes for SCSI command 0xff-- guessing data in;
[   30.344993]    program repro not setting count and/or reply_len properly
[   30.355325] sg_write: data in/out 131036/42 bytes for SCSI command 0xff-- guessing data in;
[   30.355325]    program repro not setting count and/or reply_len properly
[   30.365241] sg_write: data in/out 131036/42 bytes for SCSI command 0xff-- guessing data in;
[   30.365241]    program repro not setting count and/or reply_len properly
[   30.375314] sg_write: data in/out 131036/42 bytes for SCSI command 0xff-- guessing data in;
[   30.375314]    program repro not setting count and/or reply_len properly
[   30.385702] sg_write: data in/out 131036/42 bytes for SCSI command 0xff-- guessing data in;
[   30.385702]    program repro not setting count and/or reply_len properly
[   30.395171] sg_write: data in/out 131036/42 bytes for SCSI command 0xff-- guessing data in;
[   30.395171]    program repro not setting count and/or reply_len properly
[   35.310105] sg_write: 743 callbacks suppressed
[   35.310117] sg_write: data in/out 131036/42 bytes for SCSI command 0xff-- guessing data in;
[   35.310117]    program repro not setting count and/or reply_len properly
[   35.319796] sg_write: data in/out 131036/42 bytes for SCSI command 0xff-- guessing data in;
[   35.319796]    program repro not setting count and/or reply_len properly
[   35.328091] sg_write: data in/out 131036/42 bytes for SCSI command 0xff-- guessing data in;
[   35.328091]    program repro not setting count and/or reply_len properly
[   35.336952] sg_write: data in/out 131036/42 bytes for SCSI command 0xff-- guessing data in;
[   35.336952]    program repro not setting count and/or reply_len properly
[   35.344218] sg_write: data in/out 131036/42 bytes for SCSI command 0xff-- guessing data in;
[   35.344218]    program repro not setting count and/or reply_len properly
[   35.350272] sg_write: data in/out 131036/42 bytes for SCSI command 0xff-- guessing data in;
[   35.350272]    program repro not setting count and/or reply_len properly
[   35.356574] sg_write: data in/out 131036/42 bytes for SCSI command 0xff-- guessing data in;
[   35.356574]    program repro not setting count and/or reply_len properly
[   35.363389] sg_write: data in/out 131036/42 bytes for SCSI command 0xff-- guessing data in;
[   35.363389]    program repro not setting count and/or reply_len properly
[   35.370010] sg_write: data in/out 131036/42 bytes for SCSI command 0xff-- guessing data in;
[   35.370010]    program repro not setting count and/or reply_len properly
[   35.376490] sg_write: data in/out 131036/42 bytes for SCSI command 0xff-- guessing data in;
[   35.376490]    program repro not setting count and/or reply_len properly
[   40.312332] sg_write: 805 callbacks suppressed
[   40.312346] sg_write: data in/out 131036/42 bytes for SCSI command 0xff-- guessing data in;
[   40.312346]    program repro not setting count and/or reply_len properly
[   40.321512] sg_write: data in/out 131036/42 bytes for SCSI command 0xff-- guessing data in;
[   40.321512]    program repro not setting count and/or reply_len properly
[   40.329097] sg_write: data in/out 131036/42 bytes for SCSI command 0xff-- guessing data in;
[   40.329097]    program repro not setting count and/or reply_len properly
[   40.337937] sg_write: data in/out 131036/42 bytes for SCSI command 0xff-- guessing data in;
[   40.337937]    program repro not setting count and/or reply_len properly
[   40.345626] sg_write: data in/out 131036/42 bytes for SCSI command 0xff-- guessing data in;
[   40.345626]    program repro not setting count and/or reply_len properly
[   40.353617] sg_write: data in/out 131036/42 bytes for SCSI command 0xff-- guessing data in;
[   40.353617]    program repro not setting count and/or reply_len properly
[   40.363152] sg_write: data in/out 131036/42 bytes for SCSI command 0xff-- guessing data in;
[   40.363152]    program repro not setting count and/or reply_len properly
[   40.371339] sg_write: data in/out 131036/42 bytes for SCSI command 0xff-- guessing data in;
[   40.371339]    program repro not setting count and/or reply_len properly
[   40.379293] sg_write: data in/out 131036/42 bytes for SCSI command 0xff-- guessing data in;
[   40.379293]    program repro not setting count and/or reply_len properly
[   40.387575] sg_write: data in/out 131036/42 bytes for SCSI command 0xff-- guessing data in;
[   40.387575]    program repro not setting count and/or reply_len properly
[   45.319365] sg_write: 707 callbacks suppressed
[   45.319378] sg_write: data in/out 131036/42 bytes for SCSI command 0xff-- guessing data in;
[   45.319378]    program repro not setting count and/or reply_len properly
[   45.326726] sg_write: data in/out 131036/42 bytes for SCSI command 0xff-- guessing data in;
[   45.326726]    program repro not setting count and/or reply_len properly
[   45.333970] sg_write: data in/out 131036/42 bytes for SCSI command 0xff-- guessing data in;
[   45.333970]    program repro not setting count and/or reply_len properly
[   45.340987] sg_write: data in/out 131036/42 bytes for SCSI command 0xff-- guessing data in;
[   45.340987]    program repro not setting count and/or reply_len properly
[   45.348286] sg_write: data in/out 131036/42 bytes for SCSI command 0xff-- guessing data in;
[   45.348286]    program repro not setting count and/or reply_len properly
[   45.355960] sg_write: data in/out 131036/42 bytes for SCSI command 0xff-- guessing data in;
[   45.355960]    program repro not setting count and/or reply_len properly
[   45.362888] sg_write: data in/out 131036/42 bytes for SCSI command 0xff-- guessing data in;
[   45.362888]    program repro not setting count and/or reply_len properly
[   45.372030] sg_write: data in/out 131036/42 bytes for SCSI command 0xff-- guessing data in;
[   45.372030]    program repro not setting count and/or reply_len properly
[   45.380235] sg_write: data in/out 131036/42 bytes for SCSI command 0xff-- guessing data in;
[   45.380235]    program repro not setting count and/or reply_len properly
[   45.386951] sg_write: data in/out 131036/42 bytes for SCSI command 0xff-- guessing data in;
[   45.386951]    program repro not setting count and/or reply_len properly
[   50.330304] sg_write: 650 callbacks suppressed
[   50.330327] sg_write: data in/out 131036/42 bytes for SCSI command 0xff-- guessing data in;
[   50.330327]    program repro not setting count and/or reply_len properly
[   50.341302] sg_write: data in/out 131036/42 bytes for SCSI command 0xff-- guessing data in;
[   50.341302]    program repro not setting count and/or reply_len properly
[   50.349437] sg_write: data in/out 131036/42 bytes for SCSI command 0xff-- guessing data in;
[   50.349437]    program repro not setting count and/or reply_len properly
[   50.357801] sg_write: data in/out 131036/42 bytes for SCSI command 0xff-- guessing data in;
[   50.357801]    program repro not setting count and/or reply_len properly
[   50.367094] sg_write: data in/out 131036/42 bytes for SCSI command 0xff-- guessing data in;
[   50.367094]    program repro not setting count and/or reply_len properly
[   50.377264] sg_write: data in/out 131036/42 bytes for SCSI command 0xff-- guessing data in;
[   50.377264]    program repro not setting count and/or reply_len properly
[   50.388658] sg_write: data in/out 131036/42 bytes for SCSI command 0xff-- guessing data in;
[   50.388658]    program repro not setting count and/or reply_len properly
[   50.399128] sg_write: data in/out 131036/42 bytes for SCSI command 0xff-- guessing data in;
[   50.399128]    program repro not setting count and/or reply_len properly
[   50.409123] sg_write: data in/out 131036/42 bytes for SCSI command 0xff-- guessing data in;
[   50.409123]    program repro not setting count and/or reply_len properly
[   50.419869] sg_write: data in/out 131036/42 bytes for SCSI command 0xff-- guessing data in;
[   50.419869]    program repro not setting count and/or reply_len properly
[   55.333855] sg_write: 591 callbacks suppressed
[   55.333869] sg_write: data in/out 131036/42 bytes for SCSI command 0xff-- guessing data in;
[   55.333869]    program repro not setting count and/or reply_len properly
[   55.341660] sg_write: data in/out 131036/42 bytes for SCSI command 0xff-- guessing data in;
[   55.341660]    program repro not setting count and/or reply_len properly
[   55.349286] sg_write: data in/out 131036/42 bytes for SCSI command 0xff-- guessing data in;
[   55.349286]    program repro not setting count and/or reply_len properly
[   55.357975] sg_write: data in/out 131036/42 bytes for SCSI command 0xff-- guessing data in;
[   55.357975]    program repro not setting count and/or reply_len properly
[   55.365647] sg_write: data in/out 131036/42 bytes for SCSI command 0xff-- guessing data in;
[   55.365647]    program repro not setting count and/or reply_len properly
[   55.373221] sg_write: data in/out 131036/42 bytes for SCSI command 0xff-- guessing data in;
[   55.373221]    program repro not setting count and/or reply_len properly
[   55.380090] sg_write: data in/out 131036/42 bytes for SCSI command 0xff-- guessing data in;
[   55.380090]    program repro not setting count and/or reply_len properly
[   55.386942] sg_write: data in/out 131036/42 bytes for SCSI command 0xff-- guessing data in;
[   55.386942]    program repro not setting count and/or reply_len properly
[   55.394103] sg_write: data in/out 131036/42 bytes for SCSI command 0xff-- guessing data in;
[   55.394103]    program repro not setting count and/or reply_len properly
[   55.400951] sg_write: data in/out 131036/42 bytes for SCSI command 0xff-- guessing data in;
[   55.400951]    program repro not setting count and/or reply_len properly
[   60.337182] sg_write: 812 callbacks suppressed
[   60.337210] sg_write: data in/out 131036/42 bytes for SCSI command 0xff-- guessing data in;
[   60.337210]    program repro not setting count and/or reply_len properly
[   60.344005] sg_write: data in/out 131036/42 bytes for SCSI command 0xff-- guessing data in;
[   60.344005]    program repro not setting count and/or reply_len properly
[   60.350343] sg_write: data in/out 131036/42 bytes for SCSI command 0xff-- guessing data in;
[   60.350343]    program repro not setting count and/or reply_len properly
[   60.357068] sg_write: data in/out 131036/42 bytes for SCSI command 0xff-- guessing data in;
[   60.357068]    program repro not setting count and/or reply_len properly
[   60.363585] sg_write: data in/out 131036/42 bytes for SCSI command 0xff-- guessing data in;
[   60.363585]    program repro not setting count and/or reply_len properly
[   60.370009] sg_write: data in/out 131036/42 bytes for SCSI command 0xff-- guessing data in;
[   60.370009]    program repro not setting count and/or reply_len properly
[   60.376662] sg_write: data in/out 131036/42 bytes for SCSI command 0xff-- guessing data in;
[   60.376662]    program repro not setting count and/or reply_len properly
[   60.383242] sg_write: data in/out 131036/42 bytes for SCSI command 0xff-- guessing data in;
[   60.383242]    program repro not setting count and/or reply_len properly
[   60.389546] sg_write: data in/out 131036/42 bytes for SCSI command 0xff-- guessing data in;
[   60.389546]    program repro not setting count and/or reply_len properly
[   60.395969] sg_write: data in/out 131036/42 bytes for SCSI command 0xff-- guessing data in;
[   60.395969]    program repro not setting count and/or reply_len properly
[   65.341277] sg_write: 715 callbacks suppressed
[   65.341293] sg_write: data in/out 131036/42 bytes for SCSI command 0xff-- guessing data in;
[   65.341293]    program repro not setting count and/or reply_len properly
[   65.350005] sg_write: data in/out 131036/42 bytes for SCSI command 0xff-- guessing data in;
[   65.350005]    program repro not setting count and/or reply_len properly
[   65.357927] sg_write: data in/out 131036/42 bytes for SCSI command 0xff-- guessing data in;
[   65.357927]    program repro not setting count and/or reply_len properly
[   65.365917] sg_write: data in/out 131036/42 bytes for SCSI command 0xff-- guessing data in;
[   65.365917]    program repro not setting count and/or reply_len properly
[   65.373853] sg_write: data in/out 131036/42 bytes for SCSI command 0xff-- guessing data in;
[   65.373853]    program repro not setting count and/or reply_len properly
[   65.381776] sg_write: data in/out 131036/42 bytes for SCSI command 0xff-- guessing data in;
[   65.381776]    program repro not setting count and/or reply_len properly
[   65.390120] sg_write: data in/out 131036/42 bytes for SCSI command 0xff-- guessing data in;
[   65.390120]    program repro not setting count and/or reply_len properly
[   65.398376] sg_write: data in/out 131036/42 bytes for SCSI command 0xff-- guessing data in;
[   65.398376]    program repro not setting count and/or reply_len properly
[   65.406470] sg_write: data in/out 131036/42 bytes for SCSI command 0xff-- guessing data in;
[   65.406470]    program repro not setting count and/or reply_len properly
[   65.414589] sg_write: data in/out 131036/42 bytes for SCSI command 0xff-- guessing data in;
[   65.414589]    program repro not setting count and/or reply_len properly
[   70.345503] sg_write: 655 callbacks suppressed
[   70.345523] sg_write: data in/out 131036/42 bytes for SCSI command 0xff-- guessing data in;
[   70.345523]    program repro not setting count and/or reply_len properly
[   70.354859] sg_write: data in/out 131036/42 bytes for SCSI command 0xff-- guessing data in;
[   70.354859]    program repro not setting count and/or reply_len properly
[   70.363349] sg_write: data in/out 131036/42 bytes for SCSI command 0xff-- guessing data in;
[   70.363349]    program repro not setting count and/or reply_len properly
[   70.371900] sg_write: data in/out 131036/42 bytes for SCSI command 0xff-- guessing data in;
[   70.371900]    program repro not setting count and/or reply_len properly
[   70.382370] sg_write: data in/out 131036/42 bytes for SCSI command 0xff-- guessing data in;
[   70.382370]    program repro not setting count and/or reply_len properly
[   70.393233] sg_write: data in/out 131036/42 bytes for SCSI command 0xff-- guessing data in;
[   70.393233]    program repro not setting count and/or reply_len properly
[   70.404473] sg_write: data in/out 131036/42 bytes for SCSI command 0xff-- guessing data in;
[   70.404473]    program repro not setting count and/or reply_len properly
[   70.415536] sg_write: data in/out 131036/42 bytes for SCSI command 0xff-- guessing data in;
[   70.415536]    program repro not setting count and/or reply_len properly
[   70.426359] sg_write: data in/out 131036/42 bytes for SCSI command 0xff-- guessing data in;
[   70.426359]    program repro not setting count and/or reply_len properly
[   70.437086] sg_write: data in/out 131036/42 bytes for SCSI command 0xff-- guessing data in;
[   70.437086]    program repro not setting count and/or reply_len properly
[   75.353327] sg_write: 653 callbacks suppressed
[   75.353347] sg_write: data in/out 131036/42 bytes for SCSI command 0xff-- guessing data in;
[   75.353347]    program repro not setting count and/or reply_len properly
[   75.364348] sg_write: data in/out 131036/42 bytes for SCSI command 0xff-- guessing data in;
[   75.364348]    program repro not setting count and/or reply_len properly
[   75.374363] sg_write: data in/out 131036/42 bytes for SCSI command 0xff-- guessing data in;
[   75.374363]    program repro not setting count and/or reply_len properly
[   75.384456] sg_write: data in/out 131036/42 bytes for SCSI command 0xff-- guessing data in;
[   75.384456]    program repro not setting count and/or reply_len properly
[   75.394699] sg_write: data in/out 131036/42 bytes for SCSI command 0xff-- guessing data in;
[   75.394699]    program repro not setting count and/or reply_len properly
[   75.404045] sg_write: data in/out 131036/42 bytes for SCSI command 0xff-- guessing data in;
[   75.404045]    program repro not setting count and/or reply_len properly
[   75.413861] sg_write: data in/out 131036/42 bytes for SCSI command 0xff-- guessing data in;
[   75.413861]    program repro not setting count and/or reply_len properly
[   75.423600] sg_write: data in/out 131036/42 bytes for SCSI command 0xff-- guessing data in;
[   75.423600]    program repro not setting count and/or reply_len properly
[   75.433060] sg_write: data in/out 131036/42 bytes for SCSI command 0xff-- guessing data in;
[   75.433060]    program repro not setting count and/or reply_len properly
[   75.442491] sg_write: data in/out 131036/42 bytes for SCSI command 0xff-- guessing data in;
[   75.442491]    program repro not setting count and/or reply_len properly
[   80.361297] sg_write: 674 callbacks suppressed
[   80.361318] sg_write: data in/out 131036/42 bytes for SCSI command 0xff-- guessing data in;
[   80.361318]    program repro not setting count and/or reply_len properly
[   80.373153] sg_write: data in/out 131036/42 bytes for SCSI command 0xff-- guessing data in;
[   80.373153]    program repro not setting count and/or reply_len properly
[   80.385151] sg_write: data in/out 131036/42 bytes for SCSI command 0xff-- guessing data in;
[   80.385151]    program repro not setting count and/or reply_len properly
[   80.396663] sg_write: data in/out 131036/42 bytes for SCSI command 0xff-- guessing data in;
[   80.396663]    program repro not setting count and/or reply_len properly
[   80.408269] sg_write: data in/out 131036/42 bytes for SCSI command 0xff-- guessing data in;
[   80.408269]    program repro not setting count and/or reply_len properly
[   80.420234] sg_write: data in/out 131036/42 bytes for SCSI command 0xff-- guessing data in;
[   80.420234]    program repro not setting count and/or reply_len properly
[   80.432184] sg_write: data in/out 131036/42 bytes for SCSI command 0xff-- guessing data in;
[   80.432184]    program repro not setting count and/or reply_len properly
[   80.443955] sg_write: data in/out 131036/42 bytes for SCSI command 0xff-- guessing data in;
[   80.443955]    program repro not setting count and/or reply_len properly
[   80.455383] sg_write: data in/out 131036/42 bytes for SCSI command 0xff-- guessing data in;
[   80.455383]    program repro not setting count and/or reply_len properly
[   80.468031] sg_write: data in/out 131036/42 bytes for SCSI command 0xff-- guessing data in;
[   80.468031]    program repro not setting count and/or reply_len properly
[   85.365185] sg_write: 672 callbacks suppressed
[   85.365200] sg_write: data in/out 131036/42 bytes for SCSI command 0xff-- guessing data in;
[   85.365200]    program repro not setting count and/or reply_len properly
[   85.374127] sg_write: data in/out 131036/42 bytes for SCSI command 0xff-- guessing data in;
[   85.374127]    program repro not setting count and/or reply_len properly
[   85.382979] sg_write: data in/out 131036/42 bytes for SCSI command 0xff-- guessing data in;
[   85.382979]    program repro not setting count and/or reply_len properly
[   85.391356] sg_write: data in/out 131036/42 bytes for SCSI command 0xff-- guessing data in;
[   85.391356]    program repro not setting count and/or reply_len properly
[   85.399903] sg_write: data in/out 131036/42 bytes for SCSI command 0xff-- guessing data in;
[   85.399903]    program repro not setting count and/or reply_len properly
[   85.407780] sg_write: data in/out 131036/42 bytes for SCSI command 0xff-- guessing data in;
[   85.407780]    program repro not setting count and/or reply_len properly
[   85.415733] sg_write: data in/out 131036/42 bytes for SCSI command 0xff-- guessing data in;
[   85.415733]    program repro not setting count and/or reply_len properly
[   85.424068] sg_write: data in/out 131036/42 bytes for SCSI command 0xff-- guessing data in;
[   85.424068]    program repro not setting count and/or reply_len properly
[   85.433511] sg_write: data in/out 131036/42 bytes for SCSI command 0xff-- guessing data in;
[   85.433511]    program repro not setting count and/or reply_len properly
[   85.443242] sg_write: data in/out 131036/42 bytes for SCSI command 0xff-- guessing data in;
[   85.443242]    program repro not setting count and/or reply_len properly
[   90.369204] sg_write: 682 callbacks suppressed
[   90.369216] sg_write: data in/out 131036/42 bytes for SCSI command 0xff-- guessing data in;
[   90.369216]    program repro not setting count and/or reply_len properly
[   90.376558] sg_write: data in/out 131036/42 bytes for SCSI command 0xff-- guessing data in;
[   90.376558]    program repro not setting count and/or reply_len properly
[   90.383672] sg_write: data in/out 131036/42 bytes for SCSI command 0xff-- guessing data in;
[   90.383672]    program repro not setting count and/or reply_len properly
[   90.391929] sg_write: data in/out 131036/42 bytes for SCSI command 0xff-- guessing data in;
[   90.391929]    program repro not setting count and/or reply_len properly
[   90.400633] sg_write: data in/out 131036/42 bytes for SCSI command 0xff-- guessing data in;
[   90.400633]    program repro not setting count and/or reply_len properly
[   90.407318] sg_write: data in/out 131036/42 bytes for SCSI command 0xff-- guessing data in;
[   90.407318]    program repro not setting count and/or reply_len properly
[   90.414392] sg_write: data in/out 131036/42 bytes for SCSI command 0xff-- guessing data in;
[   90.414392]    program repro not setting count and/or reply_len properly
[   90.420836] sg_write: data in/out 131036/42 bytes for SCSI command 0xff-- guessing data in;
[   90.420836]    program repro not setting count and/or reply_len properly
[   90.427566] sg_write: data in/out 131036/42 bytes for SCSI command 0xff-- guessing data in;
[   90.427566]    program repro not setting count and/or reply_len properly
[   90.434389] sg_write: data in/out 131036/42 bytes for SCSI command 0xff-- guessing data in;
[   90.434389]    program repro not setting count and/or reply_len properly
[   95.371137] sg_write: 693 callbacks suppressed
[   95.371156] sg_write: data in/out 131036/42 bytes for SCSI command 0xff-- guessing data in;
[   95.371156]    program repro not setting count and/or reply_len properly
[   95.382579] sg_write: data in/out 131036/42 bytes for SCSI command 0xff-- guessing data in;
[   95.382579]    program repro not setting count and/or reply_len properly
[   95.393828] sg_write: data in/out 131036/42 bytes for SCSI command 0xff-- guessing data in;
[   95.393828]    program repro not setting count and/or reply_len properly
[   95.404708] sg_write: data in/out 131036/42 bytes for SCSI command 0xff-- guessing data in;
[   95.404708]    program repro not setting count and/or reply_len properly
[   95.415272] sg_write: data in/out 131036/42 bytes for SCSI command 0xff-- guessing data in;
[   95.415272]    program repro not setting count and/or reply_len properly
[   95.425375] sg_write: data in/out 131036/42 bytes for SCSI command 0xff-- guessing data in;
[   95.425375]    program repro not setting count and/or reply_len properly
[   95.436011] sg_write: data in/out 131036/42 bytes for SCSI command 0xff-- guessing data in;
[   95.436011]    program repro not setting count and/or reply_len properly
[   95.447268] sg_write: data in/out 131036/42 bytes for SCSI command 0xff-- guessing data in;
[   95.447268]    program repro not setting count and/or reply_len properly
[   95.457035] sg_write: data in/out 131036/42 bytes for SCSI command 0xff-- guessing data in;
[   95.457035]    program repro not setting count and/or reply_len properly
[   95.464750] sg_write: data in/out 131036/42 bytes for SCSI command 0xff-- guessing data in;
[   95.464750]    program repro not setting count and/or reply_len properly
[  100.381814] sg_write: 731 callbacks suppressed
[  100.381832] sg_write: data in/out 131036/42 bytes for SCSI command 0xff-- guessing data in;
[  100.381832]    program repro not setting count and/or reply_len properly
[  100.392679] sg_write: data in/out 131036/42 bytes for SCSI command 0xff-- guessing data in;
[  100.392679]    program repro not setting count and/or reply_len properly
[  100.402955] sg_write: data in/out 131036/42 bytes for SCSI command 0xff-- guessing data in;
[  100.402955]    program repro not setting count and/or reply_len properly
[  100.412913] sg_write: data in/out 131036/42 bytes for SCSI command 0xff-- guessing data in;
[  100.412913]    program repro not setting count and/or reply_len properly
[  100.423148] sg_write: data in/out 131036/42 bytes for SCSI command 0xff-- guessing data in;
[  100.423148]    program repro not setting count and/or reply_len properly
[  100.431856] sg_write: data in/out 131036/42 bytes for SCSI command 0xff-- guessing data in;
[  100.431856]    program repro not setting count and/or reply_len properly
[  100.439636] sg_write: data in/out 131036/42 bytes for SCSI command 0xff-- guessing data in;
[  100.439636]    program repro not setting count and/or reply_len properly
[  100.448670] sg_write: data in/out 131036/42 bytes for SCSI command 0xff-- guessing data in;
[  100.448670]    program repro not setting count and/or reply_len properly
[  100.457713] sg_write: data in/out 131036/42 bytes for SCSI command 0xff-- guessing data in;
[  100.457713]    program repro not setting count and/or reply_len properly
[  100.466922] sg_write: data in/out 131036/42 bytes for SCSI command 0xff-- guessing data in;
[  100.466922]    program repro not setting count and/or reply_len properly
[  105.386568] sg_write: 718 callbacks suppressed
[  105.386588] sg_write: data in/out 131036/42 bytes for SCSI command 0xff-- guessing data in;
[  105.386588]    program repro not setting count and/or reply_len properly
[  105.395310] sg_write: data in/out 131036/42 bytes for SCSI command 0xff-- guessing data in;
[  105.395310]    program repro not setting count and/or reply_len properly
[  105.403840] sg_write: data in/out 131036/42 bytes for SCSI command 0xff-- guessing data in;
[  105.403840]    program repro not setting count and/or reply_len properly
[  105.412346] sg_write: data in/out 131036/42 bytes for SCSI command 0xff-- guessing data in;
[  105.412346]    program repro not setting count and/or reply_len properly
[  105.420692] sg_write: data in/out 131036/42 bytes for SCSI command 0xff-- guessing data in;
[  105.420692]    program repro not setting count and/or reply_len properly
[  105.429848] sg_write: data in/out 131036/42 bytes for SCSI command 0xff-- guessing data in;
[  105.429848]    program repro not setting count and/or reply_len properly
[  105.439452] sg_write: data in/out 131036/42 bytes for SCSI command 0xff-- guessing data in;
[  105.439452]    program repro not setting count and/or reply_len properly
[  105.448272] sg_write: data in/out 131036/42 bytes for SCSI command 0xff-- guessing data in;
[  105.448272]    program repro not setting count and/or reply_len properly
[  105.456861] sg_write: data in/out 131036/42 bytes for SCSI command 0xff-- guessing data in;
[  105.456861]    program repro not setting count and/or reply_len properly
[  105.464713] sg_write: data in/out 131036/42 bytes for SCSI command 0xff-- guessing data in;
[  105.464713]    program repro not setting count and/or reply_len properly
[  110.388799] sg_write: 784 callbacks suppressed
[  110.388812] sg_write: data in/out 131036/42 bytes for SCSI command 0xff-- guessing data in;
[  110.388812]    program repro not setting count and/or reply_len properly
[  110.398012] sg_write: data in/out 131036/42 bytes for SCSI command 0xff-- guessing data in;
[  110.398012]    program repro not setting count and/or reply_len properly
[  110.407705] sg_write: data in/out 131036/42 bytes for SCSI command 0xff-- guessing data in;
[  110.407705]    program repro not setting count and/or reply_len properly
[  110.416605] sg_write: data in/out 131036/42 bytes for SCSI command 0xff-- guessing data in;
[  110.416605]    program repro not setting count and/or reply_len properly
[  110.425750] sg_write: data in/out 131036/42 bytes for SCSI command 0xff-- guessing data in;
[  110.425750]    program repro not setting count and/or reply_len properly
[  110.434886] sg_write: data in/out 131036/42 bytes for SCSI command 0xff-- guessing data in;
[  110.434886]    program repro not setting count and/or reply_len properly
[  110.442888] sg_write: data in/out 131036/42 bytes for SCSI command 0xff-- guessing data in;
[  110.442888]    program repro not setting count and/or reply_len properly
[  110.449524] sg_write: data in/out 131036/42 bytes for SCSI command 0xff-- guessing data in;
[  110.449524]    program repro not setting count and/or reply_len properly
[  110.456485] sg_write: data in/out 131036/42 bytes for SCSI command 0xff-- guessing data in;
[  110.456485]    program repro not setting count and/or reply_len properly
[  110.463428] sg_write: data in/out 131036/42 bytes for SCSI command 0xff-- guessing data in;
[  110.463428]    program repro not setting count and/or reply_len properly
[  115.395086] sg_write: 921 callbacks suppressed
[  115.395099] sg_write: data in/out 131036/42 bytes for SCSI command 0xff-- guessing data in;
[  115.395099]    program repro not setting count and/or reply_len properly
[  115.401703] sg_write: data in/out 131036/42 bytes for SCSI command 0xff-- guessing data in;
[  115.401703]    program repro not setting count and/or reply_len properly
[  115.407941] sg_write: data in/out 131036/42 bytes for SCSI command 0xff-- guessing data in;
[  115.407941]    program repro not setting count and/or reply_len properly
[  115.413820] sg_write: data in/out 131036/42 bytes for SCSI command 0xff-- guessing data in;
[  115.413820]    program repro not setting count and/or reply_len properly
[  115.419989] sg_write: data in/out 131036/42 bytes for SCSI command 0xff-- guessing data in;
[  115.419989]    program repro not setting count and/or reply_len properly
[  115.426487] sg_write: data in/out 131036/42 bytes for SCSI command 0xff-- guessing data in;
[  115.426487]    program repro not setting count and/or reply_len properly
[  115.433232] sg_write: data in/out 131036/42 bytes for SCSI command 0xff-- guessing data in;
[  115.433232]    program repro not setting count and/or reply_len properly
[  115.439464] sg_write: data in/out 131036/42 bytes for SCSI command 0xff-- guessing data in;
[  115.439464]    program repro not setting count and/or reply_len properly
[  115.445499] sg_write: data in/out 131036/42 bytes for SCSI command 0xff-- guessing data in;
[  115.445499]    program repro not setting count and/or reply_len properly
[  115.451681] sg_write: data in/out 131036/42 bytes for SCSI command 0xff-- guessing data in;
[  115.451681]    program repro not setting count and/or reply_len properly
[  120.399443] sg_write: 958 callbacks suppressed
[  120.399456] sg_write: data in/out 131036/42 bytes for SCSI command 0xff-- guessing data in;
[  120.399456]    program repro not setting count and/or reply_len properly
[  120.406208] sg_write: data in/out 131036/42 bytes for SCSI command 0xff-- guessing data in;
[  120.406208]    program repro not setting count and/or reply_len properly
[  120.412602] sg_write: data in/out 131036/42 bytes for SCSI command 0xff-- guessing data in;
[  120.412602]    program repro not setting count and/or reply_len properly
[  120.419231] sg_write: data in/out 131036/42 bytes for SCSI command 0xff-- guessing data in;
[  120.419231]    program repro not setting count and/or reply_len properly
[  120.426475] sg_write: data in/out 131036/42 bytes for SCSI command 0xff-- guessing data in;
[  120.426475]    program repro not setting count and/or reply_len properly
[  120.433258] sg_write: data in/out 131036/42 bytes for SCSI command 0xff-- guessing data in;
[  120.433258]    program repro not setting count and/or reply_len properly
[  120.440076] sg_write: data in/out 131036/42 bytes for SCSI command 0xff-- guessing data in;
[  120.440076]    program repro not setting count and/or reply_len properly
[  120.447451] sg_write: data in/out 131036/42 bytes for SCSI command 0xff-- guessing data in;
[  120.447451]    program repro not setting count and/or reply_len properly
[  120.455578] sg_write: data in/out 131036/42 bytes for SCSI command 0xff-- guessing data in;
[  120.455578]    program repro not setting count and/or reply_len properly
[  120.463896] sg_write: data in/out 131036/42 bytes for SCSI command 0xff-- guessing data in;
[  120.463896]    program repro not setting count and/or reply_len properly
[  125.407991] sg_write: 875 callbacks suppressed
[  125.408008] sg_write: data in/out 131036/42 bytes for SCSI command 0xff-- guessing data in;
[  125.408008]    program repro not setting count and/or reply_len properly
[  125.416164] sg_write: data in/out 131036/42 bytes for SCSI command 0xff-- guessing data in;
[  125.416164]    program repro not setting count and/or reply_len properly
[  125.422901] sg_write: data in/out 131036/42 bytes for SCSI command 0xff-- guessing data in;
[  125.422901]    program repro not setting count and/or reply_len properly
[  125.429885] sg_write: data in/out 131036/42 bytes for SCSI command 0xff-- guessing data in;
[  125.429885]    program repro not setting count and/or reply_len properly
[  125.436659] sg_write: data in/out 131036/42 bytes for SCSI command 0xff-- guessing data in;
[  125.436659]    program repro not setting count and/or reply_len properly
[  125.445326] sg_write: data in/out 131036/42 bytes for SCSI command 0xff-- guessing data in;
[  125.445326]    program repro not setting count and/or reply_len properly
[  125.453193] sg_write: data in/out 131036/42 bytes for SCSI command 0xff-- guessing data in;
[  125.453193]    program repro not setting count and/or reply_len properly
[  125.460123] sg_write: data in/out 131036/42 bytes for SCSI command 0xff-- guessing data in;
[  125.460123]    program repro not setting count and/or reply_len properly
[  125.466975] sg_write: data in/out 131036/42 bytes for SCSI command 0xff-- guessing data in;
[  125.466975]    program repro not setting count and/or reply_len properly
[  125.473550] sg_write: data in/out 131036/42 bytes for SCSI command 0xff-- guessing data in;
[  125.473550]    program repro not setting count and/or reply_len properly
[  130.416861] sg_write: 686 callbacks suppressed
[  130.416879] sg_write: data in/out 131036/42 bytes for SCSI command 0xff-- guessing data in;
[  130.416879]    program repro not setting count and/or reply_len properly
[  130.428413] sg_write: data in/out 131036/42 bytes for SCSI command 0xff-- guessing data in;
[  130.428413]    program repro not setting count and/or reply_len properly
[  130.438495] sg_write: data in/out 131036/42 bytes for SCSI command 0xff-- guessing data in;
[  130.438495]    program repro not setting count and/or reply_len properly
[  130.448948] sg_write: data in/out 131036/42 bytes for SCSI command 0xff-- guessing data in;
[  130.448948]    program repro not setting count and/or reply_len properly
[  130.459954] sg_write: data in/out 131036/42 bytes for SCSI command 0xff-- guessing data in;
[  130.459954]    program repro not setting count and/or reply_len properly
[  130.469959] sg_write: data in/out 131036/42 bytes for SCSI command 0xff-- guessing data in;
[  130.469959]    program repro not setting count and/or reply_len properly
[  130.480566] sg_write: data in/out 131036/42 bytes for SCSI command 0xff-- guessing data in;
[  130.480566]    program repro not setting count and/or reply_len properly
[  130.491243] sg_write: data in/out 131036/42 bytes for SCSI command 0xff-- guessing data in;
[  130.491243]    program repro not setting count and/or reply_len properly
[  130.501274] sg_write: data in/out 131036/42 bytes for SCSI command 0xff-- guessing data in;
[  130.501274]    program repro not setting count and/or reply_len properly
[  130.512188] sg_write: data in/out 131036/42 bytes for SCSI command 0xff-- guessing data in;
[  130.512188]    program repro not setting count and/or reply_len properly
[  135.422058] sg_write: 654 callbacks suppressed
[  135.422076] sg_write: data in/out 131036/42 bytes for SCSI command 0xff-- guessing data in;
[  135.422076]    program repro not setting count and/or reply_len properly
[  135.430545] sg_write: data in/out 131036/42 bytes for SCSI command 0xff-- guessing data in;
[  135.430545]    program repro not setting count and/or reply_len properly
[  135.437458] sg_write: data in/out 131036/42 bytes for SCSI command 0xff-- guessing data in;
[  135.437458]    program repro not setting count and/or reply_len properly
[  135.444406] sg_write: data in/out 131036/42 bytes for SCSI command 0xff-- guessing data in;
[  135.444406]    program repro not setting count and/or reply_len properly
[  135.452954] sg_write: data in/out 131036/42 bytes for SCSI command 0xff-- guessing data in;
[  135.452954]    program repro not setting count and/or reply_len properly
[  135.459162] sg_write: data in/out 131036/42 bytes for SCSI command 0xff-- guessing data in;
[  135.459162]    program repro not setting count and/or reply_len properly
[  135.465499] sg_write: data in/out 131036/42 bytes for SCSI command 0xff-- guessing data in;
[  135.465499]    program repro not setting count and/or reply_len properly
[  135.474214] sg_write: data in/out 131036/42 bytes for SCSI command 0xff-- guessing data in;
[  135.474214]    program repro not setting count and/or reply_len properly
[  135.482938] sg_write: data in/out 131036/42 bytes for SCSI command 0xff-- guessing data in;
[  135.482938]    program repro not setting count and/or reply_len properly
[  135.490912] sg_write: data in/out 131036/42 bytes for SCSI command 0xff-- guessing data in;
[  135.490912]    program repro not setting count and/or reply_len properly
[  140.424297] sg_write: 894 callbacks suppressed
[  140.424321] sg_write: data in/out 131036/42 bytes for SCSI command 0xff-- guessing data in;
[  140.424321]    program repro not setting count and/or reply_len properly
[  140.429779] sg_write: data in/out 131036/42 bytes for SCSI command 0xff-- guessing data in;
[  140.429779]    program repro not setting count and/or reply_len properly
[  140.435066] sg_write: data in/out 131036/42 bytes for SCSI command 0xff-- guessing data in;
[  140.435066]    program repro not setting count and/or reply_len properly
[  140.440640] sg_write: data in/out 131036/42 bytes for SCSI command 0xff-- guessing data in;
[  140.440640]    program repro not setting count and/or reply_len properly
[  140.446407] sg_write: data in/out 131036/42 bytes for SCSI command 0xff-- guessing data in;
[  140.446407]    program repro not setting count and/or reply_len properly
[  140.452294] sg_write: data in/out 131036/42 bytes for SCSI command 0xff-- guessing data in;
[  140.452294]    program repro not setting count and/or reply_len properly
[  140.457833] sg_write: data in/out 131036/42 bytes for SCSI command 0xff-- guessing data in;
[  140.457833]    program repro not setting count and/or reply_len properly
[  140.463509] sg_write: data in/out 131036/42 bytes for SCSI command 0xff-- guessing data in;
[  140.463509]    program repro not setting count and/or reply_len properly
[  140.468665] sg_write: data in/out 131036/42 bytes for SCSI command 0xff-- guessing data in;
[  140.468665]    program repro not setting count and/or reply_len properly
[  140.473703] sg_write: data in/out 131036/42 bytes for SCSI command 0xff-- guessing data in;
[  140.473703]    program repro not setting count and/or reply_len properly
[  145.427438] sg_write: 1060 callbacks suppressed
[  145.427462] sg_write: data in/out 131036/42 bytes for SCSI command 0xff-- guessing data in;
[  145.427462]    program repro not setting count and/or reply_len properly
[  145.438013] sg_write: data in/out 131036/42 bytes for SCSI command 0xff-- guessing data in;
[  145.438013]    program repro not setting count and/or reply_len properly
[  145.448064] sg_write: data in/out 131036/42 bytes for SCSI command 0xff-- guessing data in;
[  145.448064]    program repro not setting count and/or reply_len properly
[  145.458366] sg_write: data in/out 131036/42 bytes for SCSI command 0xff-- guessing data in;
[  145.458366]    program repro not setting count and/or reply_len properly
[  145.468204] sg_write: data in/out 131036/42 bytes for SCSI command 0xff-- guessing data in;
[  145.468204]    program repro not setting count and/or reply_len properly
[  145.478450] sg_write: data in/out 131036/42 bytes for SCSI command 0xff-- guessing data in;
[  145.478450]    program repro not setting count and/or reply_len properly
[  145.488259] sg_write: data in/out 131036/42 bytes for SCSI command 0xff-- guessing data in;
[  145.488259]    program repro not setting count and/or reply_len properly
[  145.498471] sg_write: data in/out 131036/42 bytes for SCSI command 0xff-- guessing data in;
[  145.498471]    program repro not setting count and/or reply_len properly
[  145.508989] sg_write: data in/out 131036/42 bytes for SCSI command 0xff-- guessing data in;
[  145.508989]    program repro not setting count and/or reply_len properly
[  145.519467] sg_write: data in/out 131036/42 bytes for SCSI command 0xff-- guessing data in;
[  145.519467]    program repro not setting count and/or reply_len properly
[  150.435966] sg_write: 840 callbacks suppressed
[  150.435981] sg_write: data in/out 131036/42 bytes for SCSI command 0xff-- guessing data in;
[  150.435981]    program repro not setting count and/or reply_len properly
[  150.444614] sg_write: data in/out 131036/42 bytes for SCSI command 0xff-- guessing data in;
[  150.444614]    program repro not setting count and/or reply_len properly
[  150.452740] sg_write: data in/out 131036/42 bytes for SCSI command 0xff-- guessing data in;
[  150.452740]    program repro not setting count and/or reply_len properly
[  150.460593] sg_write: data in/out 131036/42 bytes for SCSI command 0xff-- guessing data in;
[  150.460593]    program repro not setting count and/or reply_len properly
[  150.468698] sg_write: data in/out 131036/42 bytes for SCSI command 0xff-- guessing data in;
[  150.468698]    program repro not setting count and/or reply_len properly
[  150.476805] sg_write: data in/out 131036/42 bytes for SCSI command 0xff-- guessing data in;
[  150.476805]    program repro not setting count and/or reply_len properly
[  150.485453] sg_write: data in/out 131036/42 bytes for SCSI command 0xff-- guessing data in;
[  150.485453]    program repro not setting count and/or reply_len properly
[  150.493418] sg_write: data in/out 131036/42 bytes for SCSI command 0xff-- guessing data in;
[  150.493418]    program repro not setting count and/or reply_len properly
[  150.501983] sg_write: data in/out 131036/42 bytes for SCSI command 0xff-- guessing data in;
[  150.501983]    program repro not setting count and/or reply_len properly
[  150.510055] sg_write: data in/out 131036/42 bytes for SCSI command 0xff-- guessing data in;
[  150.510055]    program repro not setting count and/or reply_len properly
[  155.443350] sg_write: 790 callbacks suppressed
[  155.443364] sg_write: data in/out 131036/42 bytes for SCSI command 0xff-- guessing data in;
[  155.443364]    program repro not setting count and/or reply_len properly
[  155.452781] sg_write: data in/out 131036/42 bytes for SCSI command 0xff-- guessing data in;
[  155.452781]    program repro not setting count and/or reply_len properly
[  155.460466] sg_write: data in/out 131036/42 bytes for SCSI command 0xff-- guessing data in;
[  155.460466]    program repro not setting count and/or reply_len properly
[  155.467236] sg_write: data in/out 131036/42 bytes for SCSI command 0xff-- guessing data in;
[  155.467236]    program repro not setting count and/or reply_len properly
[  155.476071] sg_write: data in/out 131036/42 bytes for SCSI command 0xff-- guessing data in;
[  155.476071]    program repro not setting count and/or reply_len properly
[  155.486053] sg_write: data in/out 131036/42 bytes for SCSI command 0xff-- guessing data in;
[  155.486053]    program repro not setting count and/or reply_len properly
[  155.495577] sg_write: data in/out 131036/42 bytes for SCSI command 0xff-- guessing data in;
[  155.495577]    program repro not setting count and/or reply_len properly
[  155.504104] sg_write: data in/out 131036/42 bytes for SCSI command 0xff-- guessing data in;
[  155.504104]    program repro not setting count and/or reply_len properly
[  155.513108] sg_write: data in/out 131036/42 bytes for SCSI command 0xff-- guessing data in;
[  155.513108]    program repro not setting count and/or reply_len properly
[  155.522187] sg_write: data in/out 131036/42 bytes for SCSI command 0xff-- guessing data in;
[  155.522187]    program repro not setting count and/or reply_len properly
[  160.448510] sg_write: 711 callbacks suppressed
[  160.448527] sg_write: data in/out 131036/42 bytes for SCSI command 0xff-- guessing data in;
[  160.448527]    program repro not setting count and/or reply_len properly
[  160.456782] sg_write: data in/out 131036/42 bytes for SCSI command 0xff-- guessing data in;
[  160.456782]    program repro not setting count and/or reply_len properly
[  160.464443] sg_write: data in/out 131036/42 bytes for SCSI command 0xff-- guessing data in;
[  160.464443]    program repro not setting count and/or reply_len properly
[  160.472734] sg_write: data in/out 131036/42 bytes for SCSI command 0xff-- guessing data in;
[  160.472734]    program repro not setting count and/or reply_len properly
[  160.480213] sg_write: data in/out 131036/42 bytes for SCSI command 0xff-- guessing data in;
[  160.480213]    program repro not setting count and/or reply_len properly
[  160.488037] sg_write: data in/out 131036/42 bytes for SCSI command 0xff-- guessing data in;
[  160.488037]    program repro not setting count and/or reply_len properly
[  160.495916] sg_write: data in/out 131036/42 bytes for SCSI command 0xff-- guessing data in;
[  160.495916]    program repro not setting count and/or reply_len properly
[  160.503556] sg_write: data in/out 131036/42 bytes for SCSI command 0xff-- guessing data in;
[  160.503556]    program repro not setting count and/or reply_len properly
[  160.511066] sg_write: data in/out 131036/42 bytes for SCSI command 0xff-- guessing data in;
[  160.511066]    program repro not setting count and/or reply_len properly
[  160.518472] sg_write: data in/out 131036/42 bytes for SCSI command 0xff-- guessing data in;
[  160.518472]    program repro not setting count and/or reply_len properly
[  165.452679] sg_write: 781 callbacks suppressed
[  165.452694] sg_write: data in/out 131036/42 bytes for SCSI command 0xff-- guessing data in;
[  165.452694]    program repro not setting count and/or reply_len properly
[  165.462204] sg_write: data in/out 131036/42 bytes for SCSI command 0xff-- guessing data in;
[  165.462204]    program repro not setting count and/or reply_len properly
[  165.469921] sg_write: data in/out 131036/42 bytes for SCSI command 0xff-- guessing data in;
[  165.469921]    program repro not setting count and/or reply_len properly
[  165.477513] sg_write: data in/out 131036/42 bytes for SCSI command 0xff-- guessing data in;
[  165.477513]    program repro not setting count and/or reply_len properly
[  165.484812] sg_write: data in/out 131036/42 bytes for SCSI command 0xff-- guessing data in;
[  165.484812]    program repro not setting count and/or reply_len properly
[  165.492145] sg_write: data in/out 131036/42 bytes for SCSI command 0xff-- guessing data in;
[  165.492145]    program repro not setting count and/or reply_len properly
[  165.499703] sg_write: data in/out 131036/42 bytes for SCSI command 0xff-- guessing data in;
[  165.499703]    program repro not setting count and/or reply_len properly
[  165.506979] sg_write: data in/out 131036/42 bytes for SCSI command 0xff-- guessing data in;
[  165.506979]    program repro not setting count and/or reply_len properly
[  165.514080] sg_write: data in/out 131036/42 bytes for SCSI command 0xff-- guessing data in;
[  165.514080]    program repro not setting count and/or reply_len properly
[  165.521437] sg_write: data in/out 131036/42 bytes for SCSI command 0xff-- guessing data in;
[  165.521437]    program repro not setting count and/or reply_len properly
[  170.458336] sg_write: 776 callbacks suppressed
[  170.458355] sg_write: data in/out 131036/42 bytes for SCSI command 0xff-- guessing data in;
[  170.458355]    program repro not setting count and/or reply_len properly
[  170.469498] sg_write: data in/out 131036/42 bytes for SCSI command 0xff-- guessing data in;
[  170.469498]    program repro not setting count and/or reply_len properly
[  170.479812] sg_write: data in/out 131036/42 bytes for SCSI command 0xff-- guessing data in;
[  170.479812]    program repro not setting count and/or reply_len properly
[  170.490331] sg_write: data in/out 131036/42 bytes for SCSI command 0xff-- guessing data in;
[  170.490331]    program repro not setting count and/or reply_len properly
[  170.501254] sg_write: data in/out 131036/42 bytes for SCSI command 0xff-- guessing data in;
[  170.501254]    program repro not setting count and/or reply_len properly
[  170.512563] sg_write: data in/out 131036/42 bytes for SCSI command 0xff-- guessing data in;
[  170.512563]    program repro not setting count and/or reply_len properly
[  170.523446] sg_write: data in/out 131036/42 bytes for SCSI command 0xff-- guessing data in;
[  170.523446]    program repro not setting count and/or reply_len properly
[  170.532101] sg_write: data in/out 131036/42 bytes for SCSI command 0xff-- guessing data in;
[  170.532101]    program repro not setting count and/or reply_len properly
[  170.539975] sg_write: data in/out 131036/42 bytes for SCSI command 0xff-- guessing data in;
[  170.539975]    program repro not setting count and/or reply_len properly
[  170.548554] sg_write: data in/out 131036/42 bytes for SCSI command 0xff-- guessing data in;
[  170.548554]    program repro not setting count and/or reply_len properly
[  175.463963] sg_write: 904 callbacks suppressed
[  175.463980] sg_write: data in/out 131036/42 bytes for SCSI command 0xff-- guessing data in;
[  175.463980]    program repro not setting count and/or reply_len properly
[  175.473022] sg_write: data in/out 131036/42 bytes for SCSI command 0xff-- guessing data in;
[  175.473022]    program repro not setting count and/or reply_len properly
[  175.482496] sg_write: data in/out 131036/42 bytes for SCSI command 0xff-- guessing data in;
[  175.482496]    program repro not setting count and/or reply_len properly
[  175.490731] sg_write: data in/out 131036/42 bytes for SCSI command 0xff-- guessing data in;
[  175.490731]    program repro not setting count and/or reply_len properly
[  175.497373] sg_write: data in/out 131036/42 bytes for SCSI command 0xff-- guessing data in;
[  175.497373]    program repro not setting count and/or reply_len properly
[  175.504081] sg_write: data in/out 131036/42 bytes for SCSI command 0xff-- guessing data in;
[  175.504081]    program repro not setting count and/or reply_len properly
[  175.510785] sg_write: data in/out 131036/42 bytes for SCSI command 0xff-- guessing data in;
[  175.510785]    program repro not setting count and/or reply_len properly
[  175.517794] sg_write: data in/out 131036/42 bytes for SCSI command 0xff-- guessing data in;
[  175.517794]    program repro not setting count and/or reply_len properly
[  175.525123] sg_write: data in/out 131036/42 bytes for SCSI command 0xff-- guessing data in;
[  175.525123]    program repro not setting count and/or reply_len properly
[  175.532998] sg_write: data in/out 131036/42 bytes for SCSI command 0xff-- guessing data in;
[  175.532998]    program repro not setting count and/or reply_len properly
