c[?7l[2J[0mSeaBIOS (version rel-1.14.0-0-g155821a1990b-prebuilt.qemu.org)


iPXE (http://ipxe.org) 00:03.0 CA00 PCI2.10 PnP PMM+7FF8F030+7FEEF030 CA00
Press Ctrl-B to configure iPXE (PCI 00:03.0)...                                                                               


Booting from ROM...
c[?7l[2J[    0.000000] Linux version 6.1.0-rc6-de4eda9de2d9+ (root@p-rplp02) (gcc (GCC) 8.5.0 20210514 (Red Hat 8.5.0-17), GNU ld version 2.36.1-2.el8) #1 SMP PREEMPT_DYNAMIC Tue Jan  3 19:56:29 CST 2023
[    0.000000] Command line: console=ttyS0 root=/dev/sda earlyprintk=serial net.ifnames=0
[    0.000000] KERNEL supported cpus:
[    0.000000]   Intel GenuineIntel
[    0.000000]   AMD AuthenticAMD
[    0.000000]   Hygon HygonGenuine
[    0.000000]   Centaur CentaurHauls
[    0.000000]   zhaoxin   Shanghai  
[    0.000000] x86/fpu: Supporting XSAVE feature 0x001: 'x87 floating point registers'
[    0.000000] x86/fpu: Supporting XSAVE feature 0x002: 'SSE registers'
[    0.000000] x86/fpu: Supporting XSAVE feature 0x004: 'AVX registers'
[    0.000000] x86/fpu: Supporting XSAVE feature 0x200: 'Protection Keys User registers'
[    0.000000] x86/fpu: xstate_offset[2]:  576, xstate_sizes[2]:  256
[    0.000000] x86/fpu: xstate_offset[9]:  832, xstate_sizes[9]:    8
[    0.000000] x86/fpu: Enabled xstate features 0x207, context size is 840 bytes, using 'compacted' format.
[    0.000000] signal: max sigframe size: 3632
[    0.000000] BIOS-provided physical RAM map:
[    0.000000] BIOS-e820: [mem 0x0000000000000000-0x000000000009fbff] usable
[    0.000000] BIOS-e820: [mem 0x000000000009fc00-0x000000000009ffff] reserved
[    0.000000] BIOS-e820: [mem 0x00000000000f0000-0x00000000000fffff] reserved
[    0.000000] BIOS-e820: [mem 0x0000000000100000-0x000000007ffdffff] usable
[    0.000000] BIOS-e820: [mem 0x000000007ffe0000-0x000000007fffffff] reserved
[    0.000000] BIOS-e820: [mem 0x00000000feffc000-0x00000000feffffff] reserved
[    0.000000] BIOS-e820: [mem 0x00000000fffc0000-0x00000000ffffffff] reserved
[    0.000000] printk: bootconsole [earlyser0] enabled
[    0.000000] NX (Execute Disable) protection: active
[    0.000000] SMBIOS 2.8 present.
[    0.000000] DMI: QEMU Standard PC (i440FX + PIIX, 1996), BIOS rel-1.14.0-0-g155821a1990b-prebuilt.qemu.org 04/01/2014
[    0.000000] Hypervisor detected: KVM
[    0.000000] kvm-clock: Using msrs 4b564d01 and 4b564d00
[    0.000009] kvm-clock: using sched offset of 663384596 cycles
[    0.000934] clocksource: kvm-clock: mask: 0xffffffffffffffff max_cycles: 0x1cd42e4dffb, max_idle_ns: 881590591483 ns
[    0.003909] tsc: Detected 1881.600 MHz processor
[    0.016694] last_pfn = 0x7ffe0 max_arch_pfn = 0x400000000
[    0.017770] x86/PAT: Configuration [0-7]: WB  WC  UC- UC  WB  WP  UC- WT  
[    0.026722] found SMP MP-table at [mem 0x000f5a90-0x000f5a9f]
[    0.028007] Using GB pages for direct mapping
[    0.031369] ACPI: Early table checksum verification disabled
[    0.032432] ACPI: RSDP 0x00000000000F5870 000014 (v00 BOCHS )
[    0.033479] ACPI: RSDT 0x000000007FFE1959 000034 (v01 BOCHS  BXPC     00000001 BXPC 00000001)
[    0.035016] ACPI: FACP 0x000000007FFE1805 000074 (v01 BOCHS  BXPC     00000001 BXPC 00000001)
[    0.036568] ACPI: DSDT 0x000000007FFE0040 0017C5 (v01 BOCHS  BXPC     00000001 BXPC 00000001)
[    0.038112] ACPI: FACS 0x000000007FFE0000 000040
[    0.038952] ACPI: APIC 0x000000007FFE1879 000080 (v01 BOCHS  BXPC     00000001 BXPC 00000001)
[    0.040494] ACPI: HPET 0x000000007FFE18F9 000038 (v01 BOCHS  BXPC     00000001 BXPC 00000001)
[    0.042011] ACPI: WAET 0x000000007FFE1931 000028 (v01 BOCHS  BXPC     00000001 BXPC 00000001)
[    0.043551] ACPI: Reserving FACP table memory at [mem 0x7ffe1805-0x7ffe1878]
[    0.044800] ACPI: Reserving DSDT table memory at [mem 0x7ffe0040-0x7ffe1804]
[    0.046073] ACPI: Reserving FACS table memory at [mem 0x7ffe0000-0x7ffe003f]
[    0.047356] ACPI: Reserving APIC table memory at [mem 0x7ffe1879-0x7ffe18f8]
[    0.048635] ACPI: Reserving HPET table memory at [mem 0x7ffe18f9-0x7ffe1930]
[    0.049935] ACPI: Reserving WAET table memory at [mem 0x7ffe1931-0x7ffe1958]
[    0.053272] No NUMA configuration found
[    0.054053] Faking a node at [mem 0x0000000000000000-0x000000007ffdffff]
[    0.055542] NODE_DATA(0) allocated [mem 0x7ffb5000-0x7ffdffff]
[    0.063032] Zone ranges:
[    0.063590]   DMA      [mem 0x0000000000001000-0x0000000000ffffff]
[    0.064787]   DMA32    [mem 0x0000000001000000-0x000000007ffdffff]
[    0.065990]   Normal   empty
[    0.066569]   Device   empty
[    0.067160] Movable zone start for each node
[    0.068018] Early memory node ranges
[    0.068715]   node   0: [mem 0x0000000000001000-0x000000000009efff]
[    0.069934]   node   0: [mem 0x0000000000100000-0x000000007ffdffff]
[    0.071161] Initmem setup node 0 [mem 0x0000000000001000-0x000000007ffdffff]
[    0.074412] On node 0, zone DMA: 1 pages in unavailable ranges
[    0.074472] On node 0, zone DMA: 97 pages in unavailable ranges
[    0.124316] On node 0, zone DMA32: 32 pages in unavailable ranges
[    0.126286] ACPI: PM-Timer IO Port: 0x608
[    0.128506] ACPI: LAPIC_NMI (acpi_id[0xff] dfl dfl lint[0x1])
[    0.129873] IOAPIC[0]: apic_id 0, version 17, address 0xfec00000, GSI 0-23
[    0.131397] ACPI: INT_SRC_OVR (bus 0 bus_irq 0 global_irq 2 dfl dfl)
[    0.132743] ACPI: INT_SRC_OVR (bus 0 bus_irq 5 global_irq 5 high level)
[    0.134147] ACPI: INT_SRC_OVR (bus 0 bus_irq 9 global_irq 9 high level)
[    0.135749] ACPI: INT_SRC_OVR (bus 0 bus_irq 10 global_irq 10 high level)
[    0.137034] ACPI: INT_SRC_OVR (bus 0 bus_irq 11 global_irq 11 high level)
[    0.138320] ACPI: Using ACPI (MADT) for SMP configuration information
[    0.139506] ACPI: HPET id: 0x8086a201 base: 0xfed00000
[    0.140491] TSC deadline timer available
[    0.141226] smpboot: Allowing 2 CPUs, 0 hotplug CPUs
[    0.142282] kvm-guest: KVM setup pv remote TLB flush
[    0.143124] kvm-guest: setup PV sched yield
[    0.143993] PM: hibernation: Registered nosave memory: [mem 0x00000000-0x00000fff]
[    0.145289] PM: hibernation: Registered nosave memory: [mem 0x0009f000-0x0009ffff]
[    0.146563] PM: hibernation: Registered nosave memory: [mem 0x000a0000-0x000effff]
[    0.147842] PM: hibernation: Registered nosave memory: [mem 0x000f0000-0x000fffff]
[    0.149145] [mem 0x80000000-0xfeffbfff] available for PCI devices
[    0.150185] Booting paravirtualized kernel on KVM
[    0.151036] clocksource: refined-jiffies: mask: 0xffffffff max_cycles: 0xffffffff, max_idle_ns: 7645519600211568 ns
[    0.152834] setup_percpu: NR_CPUS:8192 nr_cpumask_bits:2 nr_cpu_ids:2 nr_node_ids:1
[    0.157722] percpu: Embedded 64 pages/cpu s225280 r8192 d28672 u1048576
[    0.159338] kvm-guest: PV spinlocks enabled
[    0.160112] PV qspinlock hash table entries: 256 (order: 0, 4096 bytes, linear)
[    0.161536] Fallback order for Node 0: 0 
[    0.162327] Built 1 zonelists, mobility grouping on.  Total pages: 515808
[    0.163677] Policy zone: DMA32
[    0.164332] Kernel command line: net.ifnames=0 console=ttyS0 root=/dev/sda earlyprintk=serial net.ifnames=0
[    0.173497] Dentry cache hash table entries: 262144 (order: 9, 2097152 bytes, linear)
[    0.176311] Inode-cache hash table entries: 131072 (order: 8, 1048576 bytes, linear)
[    0.177859] mem auto-init: stack:off, heap alloc:off, heap free:off
[    0.183125] Memory: 1985384K/2096632K available (32784K kernel code, 4692K rwdata, 7820K rodata, 3672K init, 22124K bss, 110992K reserved, 0K cma-reserved)
[    0.187063] SLUB: HWalign=64, Order=0-3, MinObjects=0, CPUs=2, Nodes=1
[    0.188161] kmemleak: Kernel memory leak detector disabled
[    0.189136] ftrace: allocating 67267 entries in 263 pages
[    0.243181] ftrace: allocated 263 pages with 4 groups
[    0.248683] Dynamic Preempt: voluntary
[    0.249568] Running RCU self tests
[    0.250147] rcu: Preemptible hierarchical RCU implementation.
[    0.251137] rcu: 	RCU lockdep checking is enabled.
[    0.251951] rcu: 	RCU restricting CPUs from NR_CPUS=8192 to nr_cpu_ids=2.
[    0.253116] 	Trampoline variant of Tasks RCU enabled.
[    0.254006] 	Rude variant of Tasks RCU enabled.
[    0.254814] 	Tracing variant of Tasks RCU enabled.
[    0.255723] rcu: RCU calculated value of scheduler-enlistment delay is 25 jiffies.
[    0.257161] rcu: Adjusting geometry for rcu_fanout_leaf=16, nr_cpu_ids=2
[    0.294758] NR_IRQS: 524544, nr_irqs: 440, preallocated irqs: 16
[    0.296559] rcu: srcu_init: Setting srcu_struct sizes based on contention.
[    0.317684] Console: colour VGA+ 80x25
[    0.318685] printk: console [ttyS0] enabled
[    0.318685] printk: console [ttyS0] enabled
[    0.320426] printk: bootconsole [earlyser0] disabled
[    0.320426] printk: bootconsole [earlyser0] disabled
[    0.322459] Lock dependency validator: Copyright (c) 2006 Red Hat, Inc., Ingo Molnar
[    0.324098] ... MAX_LOCKDEP_SUBCLASSES:  8
[    0.324965] ... MAX_LOCK_DEPTH:          48
[    0.325846] ... MAX_LOCKDEP_KEYS:        8192
[    0.326771] ... CLASSHASH_SIZE:          4096
[    0.327700] ... MAX_LOCKDEP_ENTRIES:     32768
[    0.328649] ... MAX_LOCKDEP_CHAINS:      65536
[    0.329616] ... CHAINHASH_SIZE:          32768
[    0.330559]  memory used by lock dependency info: 6365 kB
[    0.331698]  memory used for stack traces: 4224 kB
[    0.332700]  per task-struct memory footprint: 1920 bytes
[    0.333957] ACPI: Core revision 20220331
[    0.335270] clocksource: hpet: mask: 0xffffffff max_cycles: 0xffffffff, max_idle_ns: 19112604467 ns
[    0.337497] APIC: Switch to symmetric I/O mode setup
[    0.339267] x2apic enabled
[    0.340496] Switched APIC routing to physical x2apic.
[    0.341700] kvm-guest: setup PV IPIs
[    0.345391] ..TIMER: vector=0x30 apic1=0 pin1=2 apic2=-1 pin2=-1
[    0.346810] clocksource: tsc-early: mask: 0xffffffffffffffff max_cycles: 0x363e8c91135, max_idle_ns: 881590568389 ns
[    0.349052] Calibrating delay loop (skipped) preset value.. 3763.20 BogoMIPS (lpj=7526400)
[    0.353035] pid_max: default: 32768 minimum: 301
[    0.354254] LSM: Security Framework initializing
[    0.355246] Yama: becoming mindful.
[    0.357520] Mount-cache hash table entries: 4096 (order: 3, 32768 bytes, linear)
[    0.359014] Mountpoint-cache hash table entries: 4096 (order: 3, 32768 bytes, linear)
[    0.363595] CPU0: Thermal monitoring enabled (TM1)
[    0.365226] x86/cpu: User Mode Instruction Prevention (UMIP) activated
[    0.370528] Last level iTLB entries: 4KB 0, 2MB 0, 4MB 0
[    0.371827] Last level dTLB entries: 4KB 0, 2MB 0, 4MB 0, 1GB 0
[    0.373263] Spectre V1 : Mitigation: usercopy/swapgs barriers and __user pointer sanitization
[    0.374931] Spectre V2 : WARNING: Unprivileged eBPF is enabled with eIBRS on, data leaks possible via Spectre v2 BHB attacks!
[    0.377043] Spectre V2 : Mitigation: Enhanced IBRS
[    0.377981] Spectre V2 : Spectre v2 / SpectreRSB mitigation: Filling RSB on context switch
[    0.379534] Spectre V2 : Spectre v2 / PBRSB-eIBRS: Retire a single CALL on VMEXIT
[    0.381047] Spectre V2 : mitigation: Enabling conditional Indirect Branch Prediction Barrier
[    0.382642] Speculative Store Bypass: Mitigation: Speculative Store Bypass disabled via prctl
[    0.385023] MMIO Stale Data: Unknown: No mitigations
[    0.546387] Freeing SMP alternatives memory: 56K
[    0.548087] smpboot: CPU0: Genuine Intel(R) 0000 (family: 0x6, model: 0xba, stepping: 0x2)
[    0.549017] cblist_init_generic: Setting adjustable number of callback queues.
[    0.549017] cblist_init_generic: Setting shift to 1 and lim to 1.
[    0.549198] cblist_init_generic: Setting shift to 1 and lim to 1.
[    0.550489] cblist_init_generic: Setting shift to 1 and lim to 1.
[    0.552015] Running RCU-tasks wait API self tests
[    0.657238] Performance Events: Alderlake Hybrid events, full-width counters, Intel PMU driver.
[    0.660085] core: cpu_core PMU driver: 
[    0.660793] ... version:                2
[    0.661032] ... bit width:              48
[    0.661755] ... generic registers:      6
[    0.662471] ... value mask:             0000ffffffffffff
[    0.663419] ... max period:             00007fffffffffff
[    0.664595] ... fixed-purpose events:   3
[    0.665038] ... event mask:             0001000f0000003f
[    0.666668] rcu: Hierarchical SRCU implementation.
[    0.667681] rcu: 	Max phase no-delay instances is 1000.
[    0.673142] Callback from call_rcu_tasks_trace() invoked.
[    0.674501] unchecked MSR access error: WRMSR to 0x38f (tried to write 0x0001000f0000003f) at rIP: 0xffffffff810ce49c (native_write_msr+0xc/0x30)
[    0.676910] Call Trace:
[    0.677017]  <TASK>
[    0.677017]  __intel_pmu_enable_all.constprop.46+0xb5/0x140
[    0.677017]  intel_pmu_enable_all+0x1e/0x30
[    0.677017]  x86_pmu_enable+0x46d/0x5a0
[    0.677017]  ? write_comp_data+0x2f/0x90
[    0.677017]  perf_pmu_enable+0x53/0x70
[    0.677017]  ctx_resched+0xab/0xf0
[    0.677017]  __perf_install_in_context+0x31b/0x480
[    0.677017]  ? perf_duration_warn+0x50/0x50
[    0.677017]  ? perf_duration_warn+0x50/0x50
[    0.677017]  remote_function+0x80/0xa0
[    0.677017]  ? perf_duration_warn+0x50/0x50
[    0.677017]  generic_exec_single+0x124/0x190
[    0.677017]  smp_call_function_single+0x11c/0x240
[    0.677017]  ? perf_duration_warn+0x50/0x50
[    0.677017]  ? __sanitizer_cov_trace_pc+0x25/0x60
[    0.677017]  ? write_comp_data+0x2f/0x90
[    0.677017]  perf_install_in_context+0x2e8/0x310
[    0.677017]  ? ctx_resched+0xf0/0xf0
[    0.677017]  perf_event_create_kernel_counter+0x16a/0x200
[    0.677017]  ? find_next_bit+0x30/0x30
[    0.677017]  hardlockup_detector_event_create+0x46/0xd0
[    0.677017]  hardlockup_detector_perf_init+0x18/0x66
[    0.677017]  watchdog_nmi_probe+0x17/0x1d
[    0.677017]  lockup_detector_init+0x40/0xaf
[    0.677017]  kernel_init_freeable+0x264/0x42e
[    0.677017]  ? rest_init+0x240/0x240
[    0.677017]  kernel_init+0x24/0x1e0
[    0.677017]  ? rest_init+0x240/0x240
[    0.677017]  ret_from_fork+0x1f/0x30
[    0.677017]  </TASK>
[    0.677558] smp: Bringing up secondary CPUs ...
[    0.680356] x86: Booting SMP configuration:
[    0.681053] .... node  #0, CPUs:      #1
[    0.047036] smpboot: CPU 1 Converting physical 0 to logical die 1
[    0.685313] smp: Brought up 1 node, 2 CPUs
[    0.685884] smpboot: Max logical packages: 2
[    0.686602] smpboot: Total of 2 processors activated (7526.40 BogoMIPS)
[    0.690321] devtmpfs: initialized
[    0.690321] x86/mm: Memory block size: 128MB
[    0.697641] clocksource: jiffies: mask: 0xffffffff max_cycles: 0xffffffff, max_idle_ns: 7645041785100000 ns
[    0.699349] futex hash table entries: 512 (order: 4, 65536 bytes, linear)
[    0.701174] pinctrl core: initialized pinctrl subsystem
[    0.703248] 
[    0.703539] *************************************************************
[    0.704665] **     NOTICE NOTICE NOTICE NOTICE NOTICE NOTICE NOTICE    **
[    0.705027] **                                                         **
[    0.706160] **  IOMMU DebugFS SUPPORT HAS BEEN ENABLED IN THIS KERNEL  **
[    0.707288] **                                                         **
[    0.708413] ** This means that this kernel is built to expose internal **
[    0.709025] ** IOMMU data structures, which may compromise security on **
[    0.710157] ** your system.                                            **
[    0.711287] **                                                         **
[    0.712419] ** If you see this message and you are not debugging the   **
[    0.713031] ** kernel, report this immediately to your vendor!         **
[    0.714159] **                                                         **
[    0.715282] **     NOTICE NOTICE NOTICE NOTICE NOTICE NOTICE NOTICE    **
[    0.716418] *************************************************************
[    0.717157] PM: RTC time: 11:59:56, date: 2023-01-03
[    0.725227] NET: Registered PF_NETLINK/PF_ROUTE protocol family
[    0.727487] DMA: preallocated 256 KiB GFP_KERNEL pool for atomic allocations
[    0.728826] DMA: preallocated 256 KiB GFP_KERNEL|GFP_DMA pool for atomic allocations
[    0.729075] DMA: preallocated 256 KiB GFP_KERNEL|GFP_DMA32 pool for atomic allocations
[    0.730723] audit: initializing netlink subsys (disabled)
[    0.732087] audit: type=2000 audit(1672747197.158:1): state=initialized audit_enabled=0 res=1
[    0.733543] thermal_sys: Registered thermal governor 'fair_share'
[    0.733883] thermal_sys: Registered thermal governor 'bang_bang'
[    0.734970] thermal_sys: Registered thermal governor 'step_wise'
[    0.736010] thermal_sys: Registered thermal governor 'user_space'
[    0.737136] cpuidle: using governor ladder
[    0.738973] cpuidle: using governor menu
[    0.740244] acpiphp: ACPI Hot Plug PCI Controller Driver version: 0.5
[    0.741803] PCI: Using configuration type 1 for base access
[    0.761811] Callback from call_rcu_tasks_rude() invoked.
[    0.772150] kprobes: kprobe jump-optimization is enabled. All kprobes are optimized if possible.
[    1.173521] Callback from call_rcu_tasks() invoked.
[    1.181878] HugeTLB: registered 1.00 GiB page size, pre-allocated 0 pages
[    1.183503] HugeTLB: 16380 KiB vmemmap can be freed for a 1.00 GiB page
[    1.185060] HugeTLB: registered 2.00 MiB page size, pre-allocated 0 pages
[    1.186620] HugeTLB: 28 KiB vmemmap can be freed for a 2.00 MiB page
[    1.193296] ACPI: Added _OSI(Module Device)
[    1.194346] ACPI: Added _OSI(Processor Device)
[    1.195299] ACPI: Added _OSI(3.0 _SCP Extensions)
[    1.196244] ACPI: Added _OSI(Processor Aggregator Device)
[    1.212733] ACPI: 1 ACPI AML tables successfully acquired and loaded
[    1.220051] ACPI: Interpreter enabled
[    1.221085] ACPI: PM: (supports S0 S3 S4 S5)
[    1.221922] ACPI: Using IOAPIC for interrupt routing
[    1.223000] PCI: Using host bridge windows from ACPI; if necessary, use "pci=nocrs" and report a bug
[    1.224743] PCI: Using E820 reservations for host bridge windows
[    1.226356] ACPI: Enabled 2 GPEs in block 00 to 0F
[    1.261335] ACPI: PCI Root Bridge [PCI0] (domain 0000 [bus 00-ff])
[    1.262608] acpi PNP0A03:00: _OSC: OS supports [ASPM ClockPM Segments MSI EDR HPX-Type3]
[    1.264171] acpi PNP0A03:00: _OSC: not requesting OS control; OS requires [ExtendedConfig ASPM ClockPM MSI]
[    1.265214] acpi PNP0A03:00: fail to add MMCONFIG information, can't access extended PCI configuration space under this bridge.
[    1.272745] acpiphp: Slot [3] registered
[    1.273188] acpiphp: Slot [4] registered
[    1.274114] acpiphp: Slot [5] registered
[    1.275048] acpiphp: Slot [6] registered
[    1.275991] acpiphp: Slot [7] registered
[    1.276912] acpiphp: Slot [8] registered
[    1.277231] acpiphp: Slot [9] registered
[    1.278152] acpiphp: Slot [10] registered
[    1.279128] acpiphp: Slot [11] registered
[    1.280116] acpiphp: Slot [12] registered
[    1.281100] acpiphp: Slot [13] registered
[    1.282079] acpiphp: Slot [14] registered
[    1.283053] acpiphp: Slot [15] registered
[    1.284136] acpiphp: Slot [16] registered
[    1.285237] acpiphp: Slot [17] registered
[    1.286326] acpiphp: Slot [18] registered
[    1.287487] acpiphp: Slot [19] registered
[    1.288592] acpiphp: Slot [20] registered
[    1.289253] acpiphp: Slot [21] registered
[    1.290289] acpiphp: Slot [22] registered
[    1.291316] acpiphp: Slot [23] registered
[    1.292343] acpiphp: Slot [24] registered
[    1.293171] acpiphp: Slot [25] registered
[    1.294116] acpiphp: Slot [26] registered
[    1.295032] acpiphp: Slot [27] registered
[    1.295955] acpiphp: Slot [28] registered
[    1.296883] acpiphp: Slot [29] registered
[    1.297178] acpiphp: Slot [30] registered
[    1.298152] acpiphp: Slot [31] registered
[    1.299012] PCI host bridge to bus 0000:00
[    1.299853] pci_bus 0000:00: root bus resource [io  0x0000-0x0cf7 window]
[    1.301035] pci_bus 0000:00: root bus resource [io  0x0d00-0xffff window]
[    1.302343] pci_bus 0000:00: root bus resource [mem 0x000a0000-0x000bffff window]
[    1.303787] pci_bus 0000:00: root bus resource [mem 0x80000000-0xfebfffff window]
[    1.305035] pci_bus 0000:00: root bus resource [mem 0x100000000-0x17fffffff window]
[    1.306533] pci_bus 0000:00: root bus resource [bus 00-ff]
[    1.307968] pci 0000:00:00.0: [8086:1237] type 00 class 0x060000
[    1.315626] pci 0000:00:01.0: [8086:7000] type 00 class 0x060100
[    1.318541] pci 0000:00:01.1: [8086:7010] type 00 class 0x010180
[    1.322252] pci 0000:00:01.1: reg 0x20: [io  0xc040-0xc04f]
[    1.324613] pci 0000:00:01.1: legacy IDE quirk: reg 0x10: [io  0x01f0-0x01f7]
[    1.325051] pci 0000:00:01.1: legacy IDE quirk: reg 0x14: [io  0x03f6]
[    1.326388] pci 0000:00:01.1: legacy IDE quirk: reg 0x18: [io  0x0170-0x0177]
[    1.327838] pci 0000:00:01.1: legacy IDE quirk: reg 0x1c: [io  0x0376]
[    1.329867] pci 0000:00:01.3: [8086:7113] type 00 class 0x068000
[    1.332146] pci 0000:00:01.3: quirk: [io  0x0600-0x063f] claimed by PIIX4 ACPI
[    1.333081] pci 0000:00:01.3: quirk: [io  0x0700-0x070f] claimed by PIIX4 SMB
[    1.335624] pci 0000:00:02.0: [1234:1111] type 00 class 0x030000
[    1.340937] pci 0000:00:02.0: reg 0x10: [mem 0xfd000000-0xfdffffff pref]
[    1.345789] pci 0000:00:02.0: reg 0x18: [mem 0xfebf0000-0xfebf0fff]
[    1.353706] pci 0000:00:02.0: reg 0x30: [mem 0xfebe0000-0xfebeffff pref]
[    1.355705] pci 0000:00:02.0: Video device with shadowed ROM at [mem 0x000c0000-0x000dffff]
[    1.364254] pci 0000:00:03.0: [8086:100e] type 00 class 0x020000
[    1.366145] pci 0000:00:03.0: reg 0x10: [mem 0xfebc0000-0xfebdffff]
[    1.368415] pci 0000:00:03.0: reg 0x14: [io  0xc000-0xc03f]
[    1.375907] pci 0000:00:03.0: reg 0x30: [mem 0xfeb80000-0xfebbffff pref]
[    1.405098] ACPI: PCI: Interrupt link LNKA configured for IRQ 10
[    1.407078] ACPI: PCI: Interrupt link LNKB configured for IRQ 10
[    1.409053] ACPI: PCI: Interrupt link LNKC configured for IRQ 11
[    1.411030] ACPI: PCI: Interrupt link LNKD configured for IRQ 11
[    1.412636] ACPI: PCI: Interrupt link LNKS configured for IRQ 9
[    1.416559] iommu: Default domain type: Translated 
[    1.417033] iommu: DMA domain TLB invalidation policy: lazy mode 
[    1.421115] SCSI subsystem initialized
[    1.422729] ACPI: bus type USB registered
[    1.423852] usbcore: registered new interface driver usbfs
[    1.425115] usbcore: registered new interface driver hub
[    1.426286] usbcore: registered new device driver usb
[    1.427647] pps_core: LinuxPPS API ver. 1 registered
[    1.428648] pps_core: Software ver. 5.3.6 - Copyright 2005-2007 Rodolfo Giometti <giometti@linux.it>
[    1.429094] PTP clock support registered
[    1.430355] EDAC MC: Ver: 3.0.0
[    1.435052] NetLabel: Initializing
[    1.435785] NetLabel:  domain hash size = 128
[    1.436597] NetLabel:  protocols = UNLABELED CIPSOv4 CALIPSO
[    1.437192] NetLabel:  unlabeled traffic allowed by default
[    1.470883] PCI: Using ACPI for IRQ routing
[    1.472453] pci 0000:00:02.0: vgaarb: setting as boot VGA device
[    1.473017] pci 0000:00:02.0: vgaarb: bridge control possible
[    1.473017] pci 0000:00:02.0: vgaarb: VGA device added: decodes=io+mem,owns=io+mem,locks=none
[    1.473035] vgaarb: loaded
[    1.474998] hpet0: at MMIO 0xfed00000, IRQs 2, 8, 0
[    1.476047] hpet0: 3 comparators, 64-bit 100.000000 MHz counter
[    4.652355] clocksource: Switched to clocksource kvm-clock
[    4.977482] VFS: Disk quotas dquot_6.6.0
[    4.978295] VFS: Dquot-cache hash table entries: 512 (order 0, 4096 bytes)
[    4.980049] pnp: PnP ACPI init
[    4.983656] pnp: PnP ACPI: found 6 devices
[    5.001101] clocksource: acpi_pm: mask: 0xffffff max_cycles: 0xffffff, max_idle_ns: 2085701024 ns
[    5.003883] NET: Registered PF_INET protocol family
[    5.005447] IP idents hash table entries: 32768 (order: 6, 262144 bytes, linear)
[    5.008956] tcp_listen_portaddr_hash hash table entries: 1024 (order: 4, 73728 bytes, linear)
[    5.010676] Table-perturb hash table entries: 65536 (order: 6, 262144 bytes, linear)
[    5.012069] TCP established hash table entries: 16384 (order: 5, 131072 bytes, linear)
[    5.013954] TCP bind hash table entries: 16384 (order: 9, 2359296 bytes, linear)
[    5.029689] TCP: Hash tables configured (established 16384 bind 16384)
[    5.031334] UDP hash table entries: 1024 (order: 5, 163840 bytes, linear)
[    5.032869] UDP-Lite hash table entries: 1024 (order: 5, 163840 bytes, linear)
[    5.034925] NET: Registered PF_UNIX/PF_LOCAL protocol family
[    5.037698] RPC: Registered named UNIX socket transport module.
[    5.039009] RPC: Registered udp transport module.
[    5.040025] RPC: Registered tcp transport module.
[    5.041140] RPC: Registered tcp NFSv4.1 backchannel transport module.
[    5.042605] pci_bus 0000:00: resource 4 [io  0x0000-0x0cf7 window]
[    5.043962] pci_bus 0000:00: resource 5 [io  0x0d00-0xffff window]
[    5.045130] pci_bus 0000:00: resource 6 [mem 0x000a0000-0x000bffff window]
[    5.046304] pci_bus 0000:00: resource 7 [mem 0x80000000-0xfebfffff window]
[    5.047470] pci_bus 0000:00: resource 8 [mem 0x100000000-0x17fffffff window]
[    5.049085] pci 0000:00:01.0: PIIX3: Enabling Passive Release
[    5.050104] pci 0000:00:00.0: Limiting direct PCI/PCI transfers
[    5.051291] PCI: CLS 0 bytes, default 64
[    5.052130] ACPI: bus type thunderbolt registered
[    5.053504] clocksource: tsc: mask: 0xffffffffffffffff max_cycles: 0x363e8c91135, max_idle_ns: 881590568389 ns
[    5.062294] Initialise system trusted keyrings
[    5.063266] Key type blacklist registered
[    5.064364] workingset: timestamp_bits=36 max_order=19 bucket_order=0
[    5.081915] zbud: loaded
[    5.085803] squashfs: version 4.0 (2009/01/31) Phillip Lougher
[    5.089658] NFS: Registering the id_resolver key type
[    5.090727] Key type id_resolver registered
[    5.091598] Key type id_legacy registered
[    5.092715] nfs4filelayout_init: NFSv4 File Layout Driver Registering...
[    5.094337] nfs4flexfilelayout_init: NFSv4 Flexfile Layout Driver Registering...
[    5.096291] fuse: init (API version 7.37)
[    5.097816] SGI XFS with ACLs, security attributes, realtime, quota, no debug enabled
[    5.103313] 9p: Installing v9fs 9p2000 file system support
[    5.114703] Key type asymmetric registered
[    5.115529] Asymmetric key parser 'x509' registered
[    5.119897] alg: self-tests for CTR-KDF (hmac(sha256)) passed
[    5.121145] Block layer SCSI generic (bsg) driver version 0.4 loaded (major 243)
[    5.122680] io scheduler mq-deadline registered
[    5.123656] io scheduler bfq registered
[    5.126214] shpchp: Standard Hot Plug PCI Controller Driver version: 0.4
[    5.128077] IPMI message handler: version 39.2
[    5.128978] ipmi device interface
[    5.132116] input: Power Button as /devices/LNXSYSTM:00/LNXPWRBN:00/input/input0
[    5.134040] ACPI: button: Power Button [PWRF]
[    5.136618] ERST DBG: ERST support is disabled.
[    5.138822] Serial: 8250/16550 driver, 32 ports, IRQ sharing enabled
[    5.141489] 00:04: ttyS0 at I/O 0x3f8 (irq = 4, base_baud = 115200) is a 16550A
[    5.157459] Linux agpgart interface v0.103
[    5.159187] ACPI: bus type drm_connector registered
[    5.180316] brd: module loaded
[    5.193628] loop: module loaded
[    5.201583] scsi host0: ata_piix
[    5.203239] scsi host1: ata_piix
[    5.204046] ata1: PATA max MWDMA2 cmd 0x1f0 ctl 0x3f6 bmdma 0xc040 irq 14
[    5.205231] ata2: PATA max MWDMA2 cmd 0x170 ctl 0x376 bmdma 0xc048 irq 15
[    5.208010] tun: Universal TUN/TAP device driver, 1.6
[    5.209210] e100: Intel(R) PRO/100 Network Driver
[    5.210048] e100: Copyright(c) 1999-2006 Intel Corporation
[    5.211101] e1000: Intel(R) PRO/1000 Network Driver
[    5.212011] e1000: Copyright (c) 1999-2006 Intel Corporation.
[    5.365377] ata1: found unknown device (class 0)
[    5.367500] ata2: found unknown device (class 0)
[    5.368832] ata1.00: ATA-7: QEMU HARDDISK, 2.5+, max UDMA/100
[    5.370041] ata1.00: 16777216 sectors, multi 16: LBA48 
[    5.371928] ata2.00: ATAPI: QEMU DVD-ROM, 2.5+, max UDMA/100
[    5.375153] scsi 0:0:0:0: Direct-Access     ATA      QEMU HARDDISK    2.5+ PQ: 0 ANSI: 5
[    5.379282] scsi 0:0:0:0: Attached scsi generic sg0 type 0
[    5.381791] scsi 1:0:0:0: CD-ROM            QEMU     QEMU DVD-ROM     2.5+ PQ: 0 ANSI: 5
[    5.386064] sd 0:0:0:0: [sda] 16777216 512-byte logical blocks: (8.59 GB/8.00 GiB)
[    5.387564] sd 0:0:0:0: [sda] Write Protect is off
[    5.388576] sd 0:0:0:0: [sda] Write cache: enabled, read cache: enabled, doesn't support DPO or FUA
[    5.390539] sd 0:0:0:0: [sda] Preferred minimum I/O size 512 bytes
[    5.411990] sd 0:0:0:0: [sda] Attached SCSI disk
[    5.418903] scsi 1:0:0:0: Attached scsi generic sg1 type 5
[    5.517282] ACPI: \_SB_.LNKC: Enabled at IRQ 11
[    5.884514] e1000 0000:00:03.0 eth0: (PCI:33MHz:32-bit) 52:54:00:12:34:56
[    5.885899] e1000 0000:00:03.0 eth0: Intel(R) PRO/1000 Network Connection
[    5.887375] e1000e: Intel(R) PRO/1000 Network Driver
[    5.888324] e1000e: Copyright(c) 1999 - 2015 Intel Corporation.
[    5.889649] igb: Intel(R) Gigabit Ethernet Network Driver
[    5.890662] igb: Copyright (c) 2007-2014 Intel Corporation.
[    5.891951] PPP generic driver version 2.4.2
[    5.893750] VFIO - User Level meta-driver version: 0.3
[    5.895952] usbcore: registered new interface driver uas
[    5.897136] usbcore: registered new interface driver usb-storage
[    5.898547] i8042: PNP: PS/2 Controller [PNP0303:KBD,PNP0f13:MOU] at 0x60,0x64 irq 1,12
[    5.901446] serio: i8042 KBD port at 0x60,0x64 irq 1
[    5.902451] serio: i8042 AUX port at 0x60,0x64 irq 12
[    5.904754] mousedev: PS/2 mouse device common for all mice
[    5.907647] input: AT Translated Set 2 keyboard as /devices/platform/i8042/serio0/input/input1
[    5.911338] input: VirtualPS/2 VMware VMMouse as /devices/platform/i8042/serio1/input/input4
[    5.913758] rtc_cmos 00:05: RTC can wake from S4
[    5.916820] input: VirtualPS/2 VMware VMMouse as /devices/platform/i8042/serio1/input/input3
[    5.919343] rtc_cmos 00:05: registered as rtc0
[    5.920335] rtc_cmos 00:05: setting system clock to 2023-01-03T12:00:01 UTC (1672747201)
[    5.922140] rtc_cmos 00:05: alarms up to one day, y3k, 242 bytes nvram, hpet irqs
[    5.923677] i2c_dev: i2c /dev entries driver
[    5.925399] device-mapper: core: CONFIG_IMA_DISABLE_HTABLE is disabled. Duplicate IMA measurements will not be recorded in the IMA log.
[    5.927916] device-mapper: uevent: version 1.0.3
[    5.929466] device-mapper: ioctl: 4.47.0-ioctl (2022-07-28) initialised: dm-devel@redhat.com
[    5.931213] intel_pstate: CPU model not supported
[    5.932375] sdhci: Secure Digital Host Controller Interface driver
[    5.933628] sdhci: Copyright(c) Pierre Ossman
[    5.934753] sdhci-pltfm: SDHCI platform and OF driver helper
[    5.936149] ledtrig-cpu: registered to indicate activity on CPUs
[    5.938441] drop_monitor: Initializing network drop monitor service
[    5.940915] NET: Registered PF_INET6 protocol family
[    5.949955] Segment Routing with IPv6
[    5.950826] In-situ OAM (IOAM) with IPv6
[    5.951846] NET: Registered PF_PACKET protocol family
[    5.953569] 9pnet: Installing 9P2000 support
[    5.954655] Key type dns_resolver registered
[    5.957567] IPI shorthand broadcast: enabled
[    5.958616] sched_clock: Marking stable (5914002501, 43036362)->(6048002246, -90963383)
[    5.961883] registered taskstats version 1
[    5.963355] Loading compiled-in X.509 certificates
[    5.965160] zswap: loaded using pool lzo/zbud
[    5.967292] Key type .fscrypt registered
[    5.968007] Key type fscrypt-provisioning registered
[    5.971015] Key type encrypted registered
[    5.971925] ima: No TPM chip found, activating TPM-bypass!
[    5.972980] ima: Allocated hash algorithm: sha1
[    5.973964] ima: No architecture policies found
[    5.974938] evm: Initialising EVM extended attributes:
[    5.975881] evm: security.selinux
[    5.976513] evm: security.SMACK64
[    5.977157] evm: security.SMACK64EXEC
[    5.977836] evm: security.SMACK64TRANSMUTE
[    5.978568] evm: security.SMACK64MMAP
[    5.979223] evm: security.apparmor
[    5.979830] evm: security.ima
[    5.980379] evm: security.capability
[    5.981044] evm: HMAC attrs: 0x1
[    5.993458] PM:   Magic number: 7:800:983
[    5.995740] RAS: Correctable Errors collector initialized.
[    5.999500] md: Waiting for all devices to be available before autodetect
[    6.000409] md: If you don't use raid, use raid=noautodetect
[    6.001064] md: Autodetecting RAID arrays.
[    6.001516] md: autorun ...
[    6.001822] md: ... autorun DONE.
[    6.012042] EXT4-fs (sda): mounted filesystem with ordered data mode. Quota mode: none.
[    6.013204] VFS: Mounted root (ext4 filesystem) readonly on device 8:0.
[    6.017456] devtmpfs: mounted
[    6.030442] Freeing unused decrypted memory: 2036K
[    6.032746] Freeing unused kernel image (initmem) memory: 3672K
[    6.033497] Write protecting the kernel read-only data: 43008k
[    6.039784] Freeing unused kernel image (text/rodata gap) memory: 2028K
[    6.041472] Freeing unused kernel image (rodata/data gap) memory: 372K
[    6.171869] x86/mm: Checked W+X mappings: passed, no W+X pages found.
[    6.172888] Run /sbin/init as init process
[    6.351968] systemd[1]: RTC configured in localtime, applying delta of 0 minutes to system time.
[    6.420534] systemd[1]: systemd 239 (239-49.el8) running in system mode. (+PAM +AUDIT +SELINUX +IMA -APPARMOR +SMACK +SYSVINIT +UTMP +LIBCRYPTSETUP +GCRYPT +GNUTLS +ACL +XZ +LZ4 +SECCOMP +BLKID +ELFUTILS +KMOD +IDN2 -IDN +PCRE2 default-hierarchy=legacy)
[    6.424067] systemd[1]: Detected virtualization kvm.
[    6.424810] systemd[1]: Detected architecture x86-64.

Welcome to [0;31mCentOS Stream 8[0m!

[    6.485490] systemd[1]: Set hostname to <test>.
[    7.661201] random: crng init done
[    7.909149] systemd[1]: Created slice system-serial\x2dgetty.slice.
[[0;32m  OK  [0m] Created slice system-serial\x2dgetty.slice.
[    7.911748] systemd[1]: Set up automount Arbitrary Executable File Formats File System Automount Point.
[[0;32m  OK  [0m] Set up automount Arbitrary Executabâ€¦rmats File System Automount Point.
[    7.914353] systemd[1]: Listening on LVM2 poll daemon socket.
[[0;32m  OK  [0m] Listening on LVM2 poll daemon socket.
[    7.916263] systemd[1]: Listening on Journal Socket.
[[0;32m  OK  [0m] Listening on Journal Socket.
[    7.945472] systemd[1]: Mounting Huge Pages File System...
         Mounting Huge Pages File System...
[    7.958051] systemd[1]: Starting Load Kernel Modules...
         Starting Load Kernel Modules...
         Mounting POSIX Message Queue File System...
[[0;32m  OK  [0m] Listening on udev Kernel Socket.
         Mounting Kernel Debug File System...
[[0;32m  OK  [0m] Created slice system-sshd\x2dkeygen.slice.
[[0;32m  OK  [0m] Started Forward Password Requests to Wall Directory Watch.
[[0;32m  OK  [0m] Reached target Swap.
         Starting Setup Virtual Console...
[[0;32m  OK  [0m] Listening on RPCbind Server Activation Socket.
[[0;32m  OK  [0m] Reached target RPC Port Mapper.
[[0;32m  OK  [0m] Listening on Device-mapper event daemon FIFOs.
[[0;32m  OK  [0m] Listening on udev Control Socket.
         Starting udev Coldplug all Devices...
[[0;32m  OK  [0m] Listening on Process Core Dump Socket.
         Starting Monitoring of LVM2 mirrorsâ€¦ng dmeventd or progress polling...
[[0;32m  OK  [0m] Created slice User and Session Slice.
[[0;32m  OK  [0m] Reached target Slices.
[[0;32m  OK  [0m] Created slice system-getty.slice.
[[0;32m  OK  [0m] Listening on multipathd control socket.
[[0;32m  OK  [0m] Listening on Journal Socket (/dev/log).
         Starting Journal Service...
         Starting Remount Root and Kernel File Systems...
[[0;32m  OK  [0m] Listening on initctl Compatibility Named Pipe.
[[0;32m  OK  [0m] Mounted Huge Pages File System.
[[0;1;31mFAILED[0m] Failed to start Load Kernel Modules.
See 'systemctl status systemd-modules-load.service' for details.
[[0;32m  OK  [0m] Mounted POSIX Message Queue File System.
[[0;32m  OK  [0m] Mounted Kernel Debug File System.
[[0;32m  OK  [0m] Started Journal Service.
[    8.668347] EXT4-fs (sda): re-mounted. Quota mode: none.
         Mounting FUSE Control File System...
         Starting Apply Kernel Variables...
         Mounting Kernel Configuration File System...
[[0;32m  OK  [0m] Started Setup Virtual Console.
[[0;32m  OK  [0m] Started Remount Root and Kernel File Systems.
[[0;32m  OK  [0m] Mounted FUSE Control File System.
[[0;32m  OK  [0m] Mounted Kernel Configuration File System.
         Starting Flush Journal to Persistent Storage...
         Starting Load/Save Random Seed...
         Starting Create Static Device Nodes in /dev...
[[0;32m  OK  [0m] Started Apply Kernel Variables.
[[0;32m  OK  [0m] Started Load/Save Random Seed.
[[0;32m  OK  [0m] Started Flush Journal to Persistent Storage.
[[0;32m  OK  [0m] Started udev Coldplug all Devices.
         Starting udev Wait for Complete Device Initialization...
[[0;32m  OK  [0m] Started Create Static Device Nodes in /dev.
         Starting udev Kernel Device Manager...
[[0;32m  OK  [0m] Started udev Kernel Device Manager.
         Starting Show Plymouth Boot Screen...
[[0;32m  OK  [0m] Started Show Plymouth Boot Screen.
[[0;32m  OK  [0m] Started Forward Password Requests to Plymouth Directory Watch.
[[0;32m  OK  [0m] Reached target Local Encrypted Volumes.
[[0;32m  OK  [0m] Reached target Paths.
[[0;32m  OK  [0m] Found device /dev/ttyS0.
[[0;32m  OK  [0m] Listening on Load/Save RF Kill Switch Status /dev/rfkill Watch.
[[0;32m  OK  [0m] Started Monitoring of LVM2 mirrors,â€¦sing dmeventd or progress polling.
[[0;32m  OK  [0m] Started udev Wait for Complete Device Initialization.
[[0;32m  OK  [0m] Reached target Local File Systems (Pre).
[[0;32m  OK  [0m] Reached target Local File Systems.
         Starting Restore /run/initramfs on shutdown...
         Starting Tell Plymouth To Write Out Runtime Data...
         Starting Create Volatile Files and Directories...
[[0;32m  OK  [0m] Started Restore /run/initramfs on shutdown.
[[0;32m  OK  [0m] Started Tell Plymouth To Write Out Runtime Data.
[[0;32m  OK  [0m] Started Create Volatile Files and Directories.
         Starting RPC Bind...
         Starting Security Auditing Service...
         Mounting RPC Pipe File System...
[[0;32m  OK  [0m] Mounted RPC Pipe File System.
[[0;32m  OK  [0m] Started RPC Bind.
[[0;32m  OK  [0m] Reached target rpc_pipefs.target.
[[0;32m  OK  [0m] Started Security Auditing Service.
         Starting Update UTMP about System Boot/Shutdown...
[[0;32m  OK  [0m] Started Update UTMP about System Boot/Shutdown.
[[0;32m  OK  [0m] Reached target System Initialization.
[[0;32m  OK  [0m] Started dnf makecache --timer.
[[0;32m  OK  [0m] Started daily update of the root trust anchor for DNSSEC.
[[0;32m  OK  [0m] Listening on SSSD Kerberos Cache Manager responder socket.
[[0;32m  OK  [0m] Started Daily Cleanup of Temporary Directories.
[[0;32m  OK  [0m] Reached target Timers.
[[0;32m  OK  [0m] Listening on D-Bus System Message Bus Socket.
[[0;32m  OK  [0m] Reached target Sockets.
[[0;32m  OK  [0m] Reached target Basic System.
[[0;32m  OK  [0m] Started Machine Check Exception Logging Daemon.
         Starting NTP client/server...
         Starting Auto-connect to subsystemsâ€¦-NVME devices found during boot...
         Starting Self Monitoring and Reporting Technology (SMART) Daemon...
[[0;32m  OK  [0m] Started D-Bus System Message Bus.
         Starting Network Manager...
         Starting Authorization Manager...
         Starting Login Service...
[[0;32m  OK  [0m] Reached target sshd-keygen.target.
[[0;32m  OK  [0m] Started irqbalance daemon.
[[0;32m  OK  [0m] Started Self Monitoring and Reporting Technology (SMART) Daemon.
[[0;32m  OK  [0m] Started Auto-connect to subsystems â€¦FC-NVME devices found during boot.
         Starting update of the root trust aâ€¦or DNSSEC validation in unbound...
[[0;32m  OK  [0m] Started Login Service.
[[0;32m  OK  [0m] Started Network Manager.
         Starting Network Manager Wait Online...
[[0;32m  OK  [0m] Reached target Network.
         Starting OpenSSH server daemon...
         Starting GSSAPI Proxy Daemon...
         Starting Dynamic System Tuning Daemon...
[[0;32m  OK  [0m] Started NTP client/server.
[[0;32m  OK  [0m] Started update of the root trust anâ€¦ for DNSSEC validation in unbound.
[[0;32m  OK  [0m] Started Authorization Manager.
[[0;32m  OK  [0m] Started OpenSSH server daemon.
         Starting Hostname Service...
[[0;32m  OK  [0m] Started GSSAPI Proxy Daemon.
[[0;32m  OK  [0m] Reached target NFS client services.
[[0;32m  OK  [0m] Reached target Remote File Systems (Pre).
[[0;32m  OK  [0m] Reached target Remote File Systems.
         Starting Permit User Sessions...
[[0;32m  OK  [0m] Started Permit User Sessions.
[[0;32m  OK  [0m] Started Command Scheduler.
         Starting Hold until boot process finishes up...
         Starting Terminate Plymouth Boot Screen...
[   12.630386] e1000: eth0 NIC Link is Up 1000 Mbps Full Duplex, Flow Control: RX
[   12.632480] IPv6: ADDRCONF(NETDEV_CHANGE): eth0: link becomes ready
[   13.060984] Spectre V2 : WARNING: Unprivileged eBPF is enabled with eIBRS on, data leaks possible via Spectre v2 BHB attacks!
[   13.062842] Spectre V2 : WARNING: Unprivileged eBPF is enabled with eIBRS on, data leaks possible via Spectre v2 BHB attacks!

CentOS Stream 8
Kernel 6.1.0-rc6-de4eda9de2d9+ on an x86_64

test login: [   28.371800] sg_write: data in/out 131036/42 bytes for SCSI command 0xff-- guessing data in;
[   28.371800]    program repro not setting count and/or reply_len properly
[   28.373564] ------------[ cut here ]------------
[   28.374018] WARNING: CPU: 1 PID: 582 at lib/iov_iter.c:629 _copy_from_iter+0x130/0xa60
[   28.374799] Modules linked in:
[   28.375107] CPU: 1 PID: 582 Comm: repro Not tainted 6.1.0-rc6-de4eda9de2d9+ #1
[   28.375793] Hardware name: QEMU Standard PC (i440FX + PIIX, 1996), BIOS rel-1.14.0-0-g155821a1990b-prebuilt.qemu.org 04/01/2014
[   28.376882] RIP: 0010:_copy_from_iter+0x130/0xa60
[   28.377403] Code: 41 5e 41 5f 5d c3 cc cc cc cc e8 0b 20 5f ff be 79 02 00 00 48 c7 c7 23 03 73 83 e8 4a 5b 7f ff e9 3f ff ff ff e8 f0 1f 5f ff <0f> 0b 31 db eb ac e8 e5 1f 5f ff 31 ff 44 89 f6 e8 eb 20 5f ff 45
[   28.379119] RSP: 0018:ffffc90000d13988 EFLAGS: 00010246
[   28.379623] RAX: 0000000000000000 RBX: 0000000000001000 RCX: ffffffff81ca6eb3
[   28.380303] RDX: 0000000000000000 RSI: ffff888013dcc700 RDI: 0000000000000002
[   28.380981] RBP: ffffc90000d13a18 R08: ffffc90000d13a3f R09: 000000000000ffff
[   28.381636] R10: ffffea00004f7c00 R11: 0000000000000000 R12: ffffc90000d13ad0
[   28.382283] R13: 0000000000000000 R14: ffffea00004f7600 R15: 0000000000000000
[   28.382925] FS:  00007f99251d1740(0000) GS:ffff88807dd00000(0000) knlGS:0000000000000000
[   28.383640] CS:  0010 DS: 0000 ES: 0000 CR0: 0000000080050033
[   28.384162] CR2: 0000000020000041 CR3: 000000000e2c8001 CR4: 0000000000770ee0
[   28.384834] PKRU: 55555554
[   28.385103] Call Trace:
[   28.385357]  <TASK>
[   28.385577]  ? __sanitizer_cov_trace_pc+0x25/0x60
[   28.386052]  ? bio_add_hw_page+0x234/0x2e0
[   28.386467]  ? write_comp_data+0x2f/0x90
[   28.386856]  copy_page_from_iter+0x1aa/0x370
[   28.387281]  ? write_comp_data+0x2f/0x90
[   28.387668]  blk_rq_map_user_iov+0x531/0xa70
[   28.388113]  blk_rq_map_user+0x86/0xc0
[   28.388531]  blk_rq_map_user_io+0xbe/0xd0
[   28.388959]  sg_common_write.isra.20+0x5fd/0xb10
[   28.389475]  sg_write+0x43a/0x750
[   28.389818]  ? __lock_acquire+0xa26/0x1d20
[   28.390229]  ? write_comp_data+0x2f/0x90
[   28.390618]  ? __sanitizer_cov_trace_pc+0x25/0x60
[   28.391078]  ? security_file_permission+0x177/0x340
[   28.391562]  ? __sanitizer_cov_trace_pc+0x25/0x60
[   28.392021]  ? write_comp_data+0x2f/0x90
[   28.392417]  vfs_write+0x1b6/0x780
[   28.392775]  ? sg_ioctl+0x1340/0x1340
[   28.393167]  ? __sanitizer_cov_trace_pc+0x25/0x60
[   28.393637]  ? write_comp_data+0x2f/0x90
[   28.394023]  ? write_comp_data+0x2f/0x90
[   28.394413]  ksys_write+0x9f/0x170
[   28.394773]  __x64_sys_write+0x27/0x30
[   28.395149]  do_syscall_64+0x3b/0x90
[   28.395539]  entry_SYSCALL_64_after_hwframe+0x63/0xcd
[   28.396037] RIP: 0033:0x7f99252f659d
[   28.396407] Code: 00 c3 66 2e 0f 1f 84 00 00 00 00 00 90 f3 0f 1e fa 48 89 f8 48 89 f7 48 89 d6 48 89 ca 4d 89 c2 4d 89 c8 4c 8b 4c 24 08 0f 05 <48> 3d 01 f0 ff ff 73 01 c3 48 8b 0d d3 08 0d 00 f7 d8 64 89 01 48
[   28.398149] RSP: 002b:00007ffde085cf98 EFLAGS: 00000213 ORIG_RAX: 0000000000000001
[   28.398869] RAX: ffffffffffffffda RBX: 0000000000000000 RCX: 00007f99252f659d
[   28.399556] RDX: 0000000000000058 RSI: 0000000020000080 RDI: 0000000000000003
[   28.400229] RBP: 00007ffde085cfb0 R08: 002367732f766564 R09: 00007ffde085d090
[   28.400914] R10: 000000000000001f R11: 0000000000000213 R12: 00000000004010a0
[   28.401612] R13: 00007ffde085d090 R14: 0000000000000000 R15: 0000000000000000
[   28.402299]  </TASK>
[   28.402538] irq event stamp: 4945
[   28.402867] hardirqs last  enabled at (4953): [<ffffffff811b8b31>] __up_console_sem+0x91/0xb0
[   28.403681] hardirqs last disabled at (4960): [<ffffffff811b8b16>] __up_console_sem+0x76/0xb0
[   28.404493] softirqs last  enabled at (4540): [<ffffffff83000329>] __do_softirq+0x329/0x490
[   28.405321] softirqs last disabled at (4471): [<ffffffff811123c2>] irq_exit_rcu+0xd2/0x100
[   28.406108] ---[ end trace 0000000000000000 ]---
[   28.411729] sg_write: data in/out 131036/42 bytes for SCSI command 0xff-- guessing data in;
[   28.411729]    program repro not setting count and/or reply_len properly
[   28.417158] sg_write: data in/out 131036/42 bytes for SCSI command 0xff-- guessing data in;
[   28.417158]    program repro not setting count and/or reply_len properly
[   28.422349] sg_write: data in/out 131036/42 bytes for SCSI command 0xff-- guessing data in;
[   28.422349]    program repro not setting count and/or reply_len properly
[   28.427862] sg_write: data in/out 131036/42 bytes for SCSI command 0xff-- guessing data in;
[   28.427862]    program repro not setting count and/or reply_len properly
[   28.432998] sg_write: data in/out 131036/42 bytes for SCSI command 0xff-- guessing data in;
[   28.432998]    program repro not setting count and/or reply_len properly
[   28.437632] sg_write: data in/out 131036/42 bytes for SCSI command 0xff-- guessing data in;
[   28.437632]    program repro not setting count and/or reply_len properly
[   28.442277] sg_write: data in/out 131036/42 bytes for SCSI command 0xff-- guessing data in;
[   28.442277]    program repro not setting count and/or reply_len properly
[   28.446777] sg_write: data in/out 131036/42 bytes for SCSI command 0xff-- guessing data in;
[   28.446777]    program repro not setting count and/or reply_len properly
[   28.451187] sg_write: data in/out 131036/42 bytes for SCSI command 0xff-- guessing data in;
[   28.451187]    program repro not setting count and/or reply_len properly
[   33.376078] sg_write: 1436 callbacks suppressed
[   33.376091] sg_write: data in/out 131036/42 bytes for SCSI command 0xff-- guessing data in;
[   33.376091]    program repro not setting count and/or reply_len properly
[   33.381978] sg_write: data in/out 131036/42 bytes for SCSI command 0xff-- guessing data in;
[   33.381978]    program repro not setting count and/or reply_len properly
[   33.386765] sg_write: data in/out 131036/42 bytes for SCSI command 0xff-- guessing data in;
[   33.386765]    program repro not setting count and/or reply_len properly
[   33.391409] sg_write: data in/out 131036/42 bytes for SCSI command 0xff-- guessing data in;
[   33.391409]    program repro not setting count and/or reply_len properly
[   33.396371] sg_write: data in/out 131036/42 bytes for SCSI command 0xff-- guessing data in;
[   33.396371]    program repro not setting count and/or reply_len properly
[   33.401414] sg_write: data in/out 131036/42 bytes for SCSI command 0xff-- guessing data in;
[   33.401414]    program repro not setting count and/or reply_len properly
[   33.406426] sg_write: data in/out 131036/42 bytes for SCSI command 0xff-- guessing data in;
[   33.406426]    program repro not setting count and/or reply_len properly
[   33.411058] sg_write: data in/out 131036/42 bytes for SCSI command 0xff-- guessing data in;
[   33.411058]    program repro not setting count and/or reply_len properly
[   33.415059] sg_write: data in/out 131036/42 bytes for SCSI command 0xff-- guessing data in;
[   33.415059]    program repro not setting count and/or reply_len properly
[   33.418808] sg_write: data in/out 131036/42 bytes for SCSI command 0xff-- guessing data in;
[   33.418808]    program repro not setting count and/or reply_len properly
[   38.381461] sg_write: 1541 callbacks suppressed
[   38.381474] sg_write: data in/out 131036/42 bytes for SCSI command 0xff-- guessing data in;
[   38.381474]    program repro not setting count and/or reply_len properly
[   38.387544] sg_write: data in/out 131036/42 bytes for SCSI command 0xff-- guessing data in;
[   38.387544]    program repro not setting count and/or reply_len properly
[   38.393340] sg_write: data in/out 131036/42 bytes for SCSI command 0xff-- guessing data in;
[   38.393340]    program repro not setting count and/or reply_len properly
[   38.398875] sg_write: data in/out 131036/42 bytes for SCSI command 0xff-- guessing data in;
[   38.398875]    program repro not setting count and/or reply_len properly
[   38.403959] sg_write: data in/out 131036/42 bytes for SCSI command 0xff-- guessing data in;
[   38.403959]    program repro not setting count and/or reply_len properly
[   38.409275] sg_write: data in/out 131036/42 bytes for SCSI command 0xff-- guessing data in;
[   38.409275]    program repro not setting count and/or reply_len properly
[   38.414230] sg_write: data in/out 131036/42 bytes for SCSI command 0xff-- guessing data in;
[   38.414230]    program repro not setting count and/or reply_len properly
[   38.419079] sg_write: data in/out 131036/42 bytes for SCSI command 0xff-- guessing data in;
[   38.419079]    program repro not setting count and/or reply_len properly
[   38.423847] sg_write: data in/out 131036/42 bytes for SCSI command 0xff-- guessing data in;
[   38.423847]    program repro not setting count and/or reply_len properly
[   38.428656] sg_write: data in/out 131036/42 bytes for SCSI command 0xff-- guessing data in;
[   38.428656]    program repro not setting count and/or reply_len properly
[   43.387477] sg_write: 1447 callbacks suppressed
[   43.387490] sg_write: data in/out 131036/42 bytes for SCSI command 0xff-- guessing data in;
[   43.387490]    program repro not setting count and/or reply_len properly
[   43.393556] sg_write: data in/out 131036/42 bytes for SCSI command 0xff-- guessing data in;
[   43.393556]    program repro not setting count and/or reply_len properly
[   43.398614] sg_write: data in/out 131036/42 bytes for SCSI command 0xff-- guessing data in;
[   43.398614]    program repro not setting count and/or reply_len properly
[   43.403524] sg_write: data in/out 131036/42 bytes for SCSI command 0xff-- guessing data in;
[   43.403524]    program repro not setting count and/or reply_len properly
[   43.408589] sg_write: data in/out 131036/42 bytes for SCSI command 0xff-- guessing data in;
[   43.408589]    program repro not setting count and/or reply_len properly
[   43.412922] sg_write: data in/out 131036/42 bytes for SCSI command 0xff-- guessing data in;
[   43.412922]    program repro not setting count and/or reply_len properly
[   43.417791] sg_write: data in/out 131036/42 bytes for SCSI command 0xff-- guessing data in;
[   43.417791]    program repro not setting count and/or reply_len properly
[   43.422620] sg_write: data in/out 131036/42 bytes for SCSI command 0xff-- guessing data in;
[   43.422620]    program repro not setting count and/or reply_len properly
[   43.428670] sg_write: data in/out 131036/42 bytes for SCSI command 0xff-- guessing data in;
[   43.428670]    program repro not setting count and/or reply_len properly
[   43.434896] sg_write: data in/out 131036/42 bytes for SCSI command 0xff-- guessing data in;
[   43.434896]    program repro not setting count and/or reply_len properly
[   48.390231] sg_write: 1239 callbacks suppressed
[   48.390247] sg_write: data in/out 131036/42 bytes for SCSI command 0xff-- guessing data in;
[   48.390247]    program repro not setting count and/or reply_len properly
[   48.399902] sg_write: data in/out 131036/42 bytes for SCSI command 0xff-- guessing data in;
[   48.399902]    program repro not setting count and/or reply_len properly
[   48.407674] sg_write: data in/out 131036/42 bytes for SCSI command 0xff-- guessing data in;
[   48.407674]    program repro not setting count and/or reply_len properly
[   48.415596] sg_write: data in/out 131036/42 bytes for SCSI command 0xff-- guessing data in;
[   48.415596]    program repro not setting count and/or reply_len properly
[   48.423493] sg_write: data in/out 131036/42 bytes for SCSI command 0xff-- guessing data in;
[   48.423493]    program repro not setting count and/or reply_len properly
[   48.429518] sg_write: data in/out 131036/42 bytes for SCSI command 0xff-- guessing data in;
[   48.429518]    program repro not setting count and/or reply_len properly
[   48.435436] sg_write: data in/out 131036/42 bytes for SCSI command 0xff-- guessing data in;
[   48.435436]    program repro not setting count and/or reply_len properly
[   48.441547] sg_write: data in/out 131036/42 bytes for SCSI command 0xff-- guessing data in;
[   48.441547]    program repro not setting count and/or reply_len properly
[   48.447156] sg_write: data in/out 131036/42 bytes for SCSI command 0xff-- guessing data in;
[   48.447156]    program repro not setting count and/or reply_len properly
[   48.452367] sg_write: data in/out 131036/42 bytes for SCSI command 0xff-- guessing data in;
[   48.452367]    program repro not setting count and/or reply_len properly
[   53.394717] sg_write: 1186 callbacks suppressed
[   53.394729] sg_write: data in/out 131036/42 bytes for SCSI command 0xff-- guessing data in;
[   53.394729]    program repro not setting count and/or reply_len properly
[   53.400692] sg_write: data in/out 131036/42 bytes for SCSI command 0xff-- guessing data in;
[   53.400692]    program repro not setting count and/or reply_len properly
[   53.406182] sg_write: data in/out 131036/42 bytes for SCSI command 0xff-- guessing data in;
[   53.406182]    program repro not setting count and/or reply_len properly
[   53.410936] sg_write: data in/out 131036/42 bytes for SCSI command 0xff-- guessing data in;
[   53.410936]    program repro not setting count and/or reply_len properly
[   53.415634] sg_write: data in/out 131036/42 bytes for SCSI command 0xff-- guessing data in;
[   53.415634]    program repro not setting count and/or reply_len properly
[   53.420423] sg_write: data in/out 131036/42 bytes for SCSI command 0xff-- guessing data in;
[   53.420423]    program repro not setting count and/or reply_len properly
[   53.425778] sg_write: data in/out 131036/42 bytes for SCSI command 0xff-- guessing data in;
[   53.425778]    program repro not setting count and/or reply_len properly
[   53.430831] sg_write: data in/out 131036/42 bytes for SCSI command 0xff-- guessing data in;
[   53.430831]    program repro not setting count and/or reply_len properly
[   53.435698] sg_write: data in/out 131036/42 bytes for SCSI command 0xff-- guessing data in;
[   53.435698]    program repro not setting count and/or reply_len properly
[   53.440697] sg_write: data in/out 131036/42 bytes for SCSI command 0xff-- guessing data in;
[   53.440697]    program repro not setting count and/or reply_len properly
[   58.399549] sg_write: 1267 callbacks suppressed
[   58.399562] sg_write: data in/out 131036/42 bytes for SCSI command 0xff-- guessing data in;
[   58.399562]    program repro not setting count and/or reply_len properly
[   58.405916] sg_write: data in/out 131036/42 bytes for SCSI command 0xff-- guessing data in;
[   58.405916]    program repro not setting count and/or reply_len properly
[   58.411485] sg_write: data in/out 131036/42 bytes for SCSI command 0xff-- guessing data in;
[   58.411485]    program repro not setting count and/or reply_len properly
[   58.416993] sg_write: data in/out 131036/42 bytes for SCSI command 0xff-- guessing data in;
[   58.416993]    program repro not setting count and/or reply_len properly
[   58.426856] sg_write: data in/out 131036/42 bytes for SCSI command 0xff-- guessing data in;
[   58.426856]    program repro not setting count and/or reply_len properly
[   58.438727] sg_write: data in/out 131036/42 bytes for SCSI command 0xff-- guessing data in;
[   58.438727]    program repro not setting count and/or reply_len properly
[   58.448549] sg_write: data in/out 131036/42 bytes for SCSI command 0xff-- guessing data in;
[   58.448549]    program repro not setting count and/or reply_len properly
[   58.462795] sg_write: data in/out 131036/42 bytes for SCSI command 0xff-- guessing data in;
[   58.462795]    program repro not setting count and/or reply_len properly
[   58.474194] sg_write: data in/out 131036/42 bytes for SCSI command 0xff-- guessing data in;
[   58.474194]    program repro not setting count and/or reply_len properly
[   58.480039] sg_write: data in/out 131036/42 bytes for SCSI command 0xff-- guessing data in;
[   58.480039]    program repro not setting count and/or reply_len properly
[   63.403076] sg_write: 1391 callbacks suppressed
[   63.403086] sg_write: data in/out 131036/42 bytes for SCSI command 0xff-- guessing data in;
[   63.403086]    program repro not setting count and/or reply_len properly
[   63.408966] sg_write: data in/out 131036/42 bytes for SCSI command 0xff-- guessing data in;
[   63.408966]    program repro not setting count and/or reply_len properly
[   63.415007] sg_write: data in/out 131036/42 bytes for SCSI command 0xff-- guessing data in;
[   63.415007]    program repro not setting count and/or reply_len properly
[   63.420775] sg_write: data in/out 131036/42 bytes for SCSI command 0xff-- guessing data in;
[   63.420775]    program repro not setting count and/or reply_len properly
[   63.427282] sg_write: data in/out 131036/42 bytes for SCSI command 0xff-- guessing data in;
[   63.427282]    program repro not setting count and/or reply_len properly
[   63.434494] sg_write: data in/out 131036/42 bytes for SCSI command 0xff-- guessing data in;
[   63.434494]    program repro not setting count and/or reply_len properly
[   63.441255] sg_write: data in/out 131036/42 bytes for SCSI command 0xff-- guessing data in;
[   63.441255]    program repro not setting count and/or reply_len properly
[   63.448907] sg_write: data in/out 131036/42 bytes for SCSI command 0xff-- guessing data in;
[   63.448907]    program repro not setting count and/or reply_len properly
[   63.455453] sg_write: data in/out 131036/42 bytes for SCSI command 0xff-- guessing data in;
[   63.455453]    program repro not setting count and/or reply_len properly
[   63.461115] sg_write: data in/out 131036/42 bytes for SCSI command 0xff-- guessing data in;
[   63.461115]    program repro not setting count and/or reply_len properly
[   68.409393] sg_write: 1057 callbacks suppressed
[   68.409406] sg_write: data in/out 131036/42 bytes for SCSI command 0xff-- guessing data in;
[   68.409406]    program repro not setting count and/or reply_len properly
[   68.416101] sg_write: data in/out 131036/42 bytes for SCSI command 0xff-- guessing data in;
[   68.416101]    program repro not setting count and/or reply_len properly
[   68.422400] sg_write: data in/out 131036/42 bytes for SCSI command 0xff-- guessing data in;
[   68.422400]    program repro not setting count and/or reply_len properly
[   68.428615] sg_write: data in/out 131036/42 bytes for SCSI command 0xff-- guessing data in;
[   68.428615]    program repro not setting count and/or reply_len properly
[   68.434876] sg_write: data in/out 131036/42 bytes for SCSI command 0xff-- guessing data in;
[   68.434876]    program repro not setting count and/or reply_len properly
[   68.441680] sg_write: data in/out 131036/42 bytes for SCSI command 0xff-- guessing data in;
[   68.441680]    program repro not setting count and/or reply_len properly
[   68.448819] sg_write: data in/out 131036/42 bytes for SCSI command 0xff-- guessing data in;
[   68.448819]    program repro not setting count and/or reply_len properly
[   68.455852] sg_write: data in/out 131036/42 bytes for SCSI command 0xff-- guessing data in;
[   68.455852]    program repro not setting count and/or reply_len properly
[   68.462958] sg_write: data in/out 131036/42 bytes for SCSI command 0xff-- guessing data in;
[   68.462958]    program repro not setting count and/or reply_len properly
[   68.469758] sg_write: data in/out 131036/42 bytes for SCSI command 0xff-- guessing data in;
[   68.469758]    program repro not setting count and/or reply_len properly
[   73.413759] sg_write: 949 callbacks suppressed
[   73.413775] sg_write: data in/out 131036/42 bytes for SCSI command 0xff-- guessing data in;
[   73.413775]    program repro not setting count and/or reply_len properly
[   73.423567] sg_write: data in/out 131036/42 bytes for SCSI command 0xff-- guessing data in;
[   73.423567]    program repro not setting count and/or reply_len properly
[   73.433919] sg_write: data in/out 131036/42 bytes for SCSI command 0xff-- guessing data in;
[   73.433919]    program repro not setting count and/or reply_len properly
[   73.443351] sg_write: data in/out 131036/42 bytes for SCSI command 0xff-- guessing data in;
[   73.443351]    program repro not setting count and/or reply_len properly
[   73.452144] sg_write: data in/out 131036/42 bytes for SCSI command 0xff-- guessing data in;
[   73.452144]    program repro not setting count and/or reply_len properly
[   73.461415] sg_write: data in/out 131036/42 bytes for SCSI command 0xff-- guessing data in;
[   73.461415]    program repro not setting count and/or reply_len properly
[   73.470329] sg_write: data in/out 131036/42 bytes for SCSI command 0xff-- guessing data in;
[   73.470329]    program repro not setting count and/or reply_len properly
[   73.476834] sg_write: data in/out 131036/42 bytes for SCSI command 0xff-- guessing data in;
[   73.476834]    program repro not setting count and/or reply_len properly
[   73.483167] sg_write: data in/out 131036/42 bytes for SCSI command 0xff-- guessing data in;
[   73.483167]    program repro not setting count and/or reply_len properly
[   73.489601] sg_write: data in/out 131036/42 bytes for SCSI command 0xff-- guessing data in;
[   73.489601]    program repro not setting count and/or reply_len properly
[   78.418552] sg_write: 1109 callbacks suppressed
[   78.418566] sg_write: data in/out 131036/42 bytes for SCSI command 0xff-- guessing data in;
[   78.418566]    program repro not setting count and/or reply_len properly
[   78.425827] sg_write: data in/out 131036/42 bytes for SCSI command 0xff-- guessing data in;
[   78.425827]    program repro not setting count and/or reply_len properly
[   78.433757] sg_write: data in/out 131036/42 bytes for SCSI command 0xff-- guessing data in;
[   78.433757]    program repro not setting count and/or reply_len properly
[   78.441268] sg_write: data in/out 131036/42 bytes for SCSI command 0xff-- guessing data in;
[   78.441268]    program repro not setting count and/or reply_len properly
[   78.449430] sg_write: data in/out 131036/42 bytes for SCSI command 0xff-- guessing data in;
[   78.449430]    program repro not setting count and/or reply_len properly
[   78.456748] sg_write: data in/out 131036/42 bytes for SCSI command 0xff-- guessing data in;
[   78.456748]    program repro not setting count and/or reply_len properly
[   78.463404] sg_write: data in/out 131036/42 bytes for SCSI command 0xff-- guessing data in;
[   78.463404]    program repro not setting count and/or reply_len properly
[   78.470045] sg_write: data in/out 131036/42 bytes for SCSI command 0xff-- guessing data in;
[   78.470045]    program repro not setting count and/or reply_len properly
[   78.476638] sg_write: data in/out 131036/42 bytes for SCSI command 0xff-- guessing data in;
[   78.476638]    program repro not setting count and/or reply_len properly
[   78.483674] sg_write: data in/out 131036/42 bytes for SCSI command 0xff-- guessing data in;
[   78.483674]    program repro not setting count and/or reply_len properly
[   83.422879] sg_write: 954 callbacks suppressed
[   83.422893] sg_write: data in/out 131036/42 bytes for SCSI command 0xff-- guessing data in;
[   83.422893]    program repro not setting count and/or reply_len properly
[   83.432948] sg_write: data in/out 131036/42 bytes for SCSI command 0xff-- guessing data in;
[   83.432948]    program repro not setting count and/or reply_len properly
[   83.440370] sg_write: data in/out 131036/42 bytes for SCSI command 0xff-- guessing data in;
[   83.440370]    program repro not setting count and/or reply_len properly
[   83.450611] sg_write: data in/out 131036/42 bytes for SCSI command 0xff-- guessing data in;
[   83.450611]    program repro not setting count and/or reply_len properly
[   83.459469] sg_write: data in/out 131036/42 bytes for SCSI command 0xff-- guessing data in;
[   83.459469]    program repro not setting count and/or reply_len properly
[   83.468175] sg_write: data in/out 131036/42 bytes for SCSI command 0xff-- guessing data in;
[   83.468175]    program repro not setting count and/or reply_len properly
[   83.477963] sg_write: data in/out 131036/42 bytes for SCSI command 0xff-- guessing data in;
[   83.477963]    program repro not setting count and/or reply_len properly
[   83.487798] sg_write: data in/out 131036/42 bytes for SCSI command 0xff-- guessing data in;
[   83.487798]    program repro not setting count and/or reply_len properly
[   83.496848] sg_write: data in/out 131036/42 bytes for SCSI command 0xff-- guessing data in;
[   83.496848]    program repro not setting count and/or reply_len properly
[   83.505880] sg_write: data in/out 131036/42 bytes for SCSI command 0xff-- guessing data in;
[   83.505880]    program repro not setting count and/or reply_len properly
[   88.428253] sg_write: 1039 callbacks suppressed
[   88.428265] sg_write: data in/out 131036/42 bytes for SCSI command 0xff-- guessing data in;
[   88.428265]    program repro not setting count and/or reply_len properly
[   88.434509] sg_write: data in/out 131036/42 bytes for SCSI command 0xff-- guessing data in;
[   88.434509]    program repro not setting count and/or reply_len properly
[   88.440563] sg_write: data in/out 131036/42 bytes for SCSI command 0xff-- guessing data in;
[   88.440563]    program repro not setting count and/or reply_len properly
[   88.447281] sg_write: data in/out 131036/42 bytes for SCSI command 0xff-- guessing data in;
[   88.447281]    program repro not setting count and/or reply_len properly
[   88.454271] sg_write: data in/out 131036/42 bytes for SCSI command 0xff-- guessing data in;
[   88.454271]    program repro not setting count and/or reply_len properly
[   88.460807] sg_write: data in/out 131036/42 bytes for SCSI command 0xff-- guessing data in;
[   88.460807]    program repro not setting count and/or reply_len properly
[   88.467150] sg_write: data in/out 131036/42 bytes for SCSI command 0xff-- guessing data in;
[   88.467150]    program repro not setting count and/or reply_len properly
[   88.473514] sg_write: data in/out 131036/42 bytes for SCSI command 0xff-- guessing data in;
[   88.473514]    program repro not setting count and/or reply_len properly
[   88.479758] sg_write: data in/out 131036/42 bytes for SCSI command 0xff-- guessing data in;
[   88.479758]    program repro not setting count and/or reply_len properly
[   88.486002] sg_write: data in/out 131036/42 bytes for SCSI command 0xff-- guessing data in;
[   88.486002]    program repro not setting count and/or reply_len properly
[   93.430512] sg_write: 1079 callbacks suppressed
[   93.430524] sg_write: data in/out 131036/42 bytes for SCSI command 0xff-- guessing data in;
[   93.430524]    program repro not setting count and/or reply_len properly
[   93.436376] sg_write: data in/out 131036/42 bytes for SCSI command 0xff-- guessing data in;
[   93.436376]    program repro not setting count and/or reply_len properly
[   93.441976] sg_write: data in/out 131036/42 bytes for SCSI command 0xff-- guessing data in;
[   93.441976]    program repro not setting count and/or reply_len properly
[   93.447217] sg_write: data in/out 131036/42 bytes for SCSI command 0xff-- guessing data in;
[   93.447217]    program repro not setting count and/or reply_len properly
[   93.453426] sg_write: data in/out 131036/42 bytes for SCSI command 0xff-- guessing data in;
[   93.453426]    program repro not setting count and/or reply_len properly
[   93.460094] sg_write: data in/out 131036/42 bytes for SCSI command 0xff-- guessing data in;
[   93.460094]    program repro not setting count and/or reply_len properly
[   93.466964] sg_write: data in/out 131036/42 bytes for SCSI command 0xff-- guessing data in;
[   93.466964]    program repro not setting count and/or reply_len properly
[   93.474514] sg_write: data in/out 131036/42 bytes for SCSI command 0xff-- guessing data in;
[   93.474514]    program repro not setting count and/or reply_len properly
[   93.480511] sg_write: data in/out 131036/42 bytes for SCSI command 0xff-- guessing data in;
[   93.480511]    program repro not setting count and/or reply_len properly
[   93.486132] sg_write: data in/out 131036/42 bytes for SCSI command 0xff-- guessing data in;
[   93.486132]    program repro not setting count and/or reply_len properly
[   98.436614] sg_write: 1162 callbacks suppressed
[   98.436632] sg_write: data in/out 131036/42 bytes for SCSI command 0xff-- guessing data in;
[   98.436632]    program repro not setting count and/or reply_len properly
[   98.447308] sg_write: data in/out 131036/42 bytes for SCSI command 0xff-- guessing data in;
[   98.447308]    program repro not setting count and/or reply_len properly
[   98.456570] sg_write: data in/out 131036/42 bytes for SCSI command 0xff-- guessing data in;
[   98.456570]    program repro not setting count and/or reply_len properly
[   98.466531] sg_write: data in/out 131036/42 bytes for SCSI command 0xff-- guessing data in;
[   98.466531]    program repro not setting count and/or reply_len properly
[   98.475837] sg_write: data in/out 131036/42 bytes for SCSI command 0xff-- guessing data in;
[   98.475837]    program repro not setting count and/or reply_len properly
[   98.485453] sg_write: data in/out 131036/42 bytes for SCSI command 0xff-- guessing data in;
[   98.485453]    program repro not setting count and/or reply_len properly
[   98.495184] sg_write: data in/out 131036/42 bytes for SCSI command 0xff-- guessing data in;
[   98.495184]    program repro not setting count and/or reply_len properly
[   98.503371] sg_write: data in/out 131036/42 bytes for SCSI command 0xff-- guessing data in;
[   98.503371]    program repro not setting count and/or reply_len properly
[   98.510974] sg_write: data in/out 131036/42 bytes for SCSI command 0xff-- guessing data in;
[   98.510974]    program repro not setting count and/or reply_len properly
[   98.517644] sg_write: data in/out 131036/42 bytes for SCSI command 0xff-- guessing data in;
[   98.517644]    program repro not setting count and/or reply_len properly
[  103.439514] sg_write: 937 callbacks suppressed
[  103.439529] sg_write: data in/out 131036/42 bytes for SCSI command 0xff-- guessing data in;
[  103.439529]    program repro not setting count and/or reply_len properly
[  103.446483] sg_write: data in/out 131036/42 bytes for SCSI command 0xff-- guessing data in;
[  103.446483]    program repro not setting count and/or reply_len properly
[  103.452378] sg_write: data in/out 131036/42 bytes for SCSI command 0xff-- guessing data in;
[  103.452378]    program repro not setting count and/or reply_len properly
[  103.458374] sg_write: data in/out 131036/42 bytes for SCSI command 0xff-- guessing data in;
[  103.458374]    program repro not setting count and/or reply_len properly
[  103.464219] sg_write: data in/out 131036/42 bytes for SCSI command 0xff-- guessing data in;
[  103.464219]    program repro not setting count and/or reply_len properly
[  103.470397] sg_write: data in/out 131036/42 bytes for SCSI command 0xff-- guessing data in;
[  103.470397]    program repro not setting count and/or reply_len properly
[  103.476180] sg_write: data in/out 131036/42 bytes for SCSI command 0xff-- guessing data in;
[  103.476180]    program repro not setting count and/or reply_len properly
[  103.481980] sg_write: data in/out 131036/42 bytes for SCSI command 0xff-- guessing data in;
[  103.481980]    program repro not setting count and/or reply_len properly
[  103.487411] sg_write: data in/out 131036/42 bytes for SCSI command 0xff-- guessing data in;
[  103.487411]    program repro not setting count and/or reply_len properly
[  103.492946] sg_write: data in/out 131036/42 bytes for SCSI command 0xff-- guessing data in;
[  103.492946]    program repro not setting count and/or reply_len properly
[  108.443697] sg_write: 1083 callbacks suppressed
[  108.443709] sg_write: data in/out 131036/42 bytes for SCSI command 0xff-- guessing data in;
[  108.443709]    program repro not setting count and/or reply_len properly
[  108.450086] sg_write: data in/out 131036/42 bytes for SCSI command 0xff-- guessing data in;
[  108.450086]    program repro not setting count and/or reply_len properly
[  108.456081] sg_write: data in/out 131036/42 bytes for SCSI command 0xff-- guessing data in;
[  108.456081]    program repro not setting count and/or reply_len properly
[  108.462235] sg_write: data in/out 131036/42 bytes for SCSI command 0xff-- guessing data in;
[  108.462235]    program repro not setting count and/or reply_len properly
[  108.468345] sg_write: data in/out 131036/42 bytes for SCSI command 0xff-- guessing data in;
[  108.468345]    program repro not setting count and/or reply_len properly
[  108.474502] sg_write: data in/out 131036/42 bytes for SCSI command 0xff-- guessing data in;
[  108.474502]    program repro not setting count and/or reply_len properly
[  108.480179] sg_write: data in/out 131036/42 bytes for SCSI command 0xff-- guessing data in;
[  108.480179]    program repro not setting count and/or reply_len properly
[  108.485469] sg_write: data in/out 131036/42 bytes for SCSI command 0xff-- guessing data in;
[  108.485469]    program repro not setting count and/or reply_len properly
[  108.490597] sg_write: data in/out 131036/42 bytes for SCSI command 0xff-- guessing data in;
[  108.490597]    program repro not setting count and/or reply_len properly
[  108.495914] sg_write: data in/out 131036/42 bytes for SCSI command 0xff-- guessing data in;
[  108.495914]    program repro not setting count and/or reply_len properly
[  113.447454] sg_write: 1029 callbacks suppressed
[  113.447469] sg_write: data in/out 131036/42 bytes for SCSI command 0xff-- guessing data in;
[  113.447469]    program repro not setting count and/or reply_len properly
[  113.453977] sg_write: data in/out 131036/42 bytes for SCSI command 0xff-- guessing data in;
[  113.453977]    program repro not setting count and/or reply_len properly
[  113.459437] sg_write: data in/out 131036/42 bytes for SCSI command 0xff-- guessing data in;
[  113.459437]    program repro not setting count and/or reply_len properly
[  113.465215] sg_write: data in/out 131036/42 bytes for SCSI command 0xff-- guessing data in;
[  113.465215]    program repro not setting count and/or reply_len properly
[  113.471006] sg_write: data in/out 131036/42 bytes for SCSI command 0xff-- guessing data in;
[  113.471006]    program repro not setting count and/or reply_len properly
[  113.477481] sg_write: data in/out 131036/42 bytes for SCSI command 0xff-- guessing data in;
[  113.477481]    program repro not setting count and/or reply_len properly
[  113.485443] sg_write: data in/out 131036/42 bytes for SCSI command 0xff-- guessing data in;
[  113.485443]    program repro not setting count and/or reply_len properly
[  113.491973] sg_write: data in/out 131036/42 bytes for SCSI command 0xff-- guessing data in;
[  113.491973]    program repro not setting count and/or reply_len properly
[  113.498953] sg_write: data in/out 131036/42 bytes for SCSI command 0xff-- guessing data in;
[  113.498953]    program repro not setting count and/or reply_len properly
[  113.505215] sg_write: data in/out 131036/42 bytes for SCSI command 0xff-- guessing data in;
[  113.505215]    program repro not setting count and/or reply_len properly
[  118.450562] sg_write: 1044 callbacks suppressed
[  118.450574] sg_write: data in/out 131036/42 bytes for SCSI command 0xff-- guessing data in;
[  118.450574]    program repro not setting count and/or reply_len properly
[  118.456186] sg_write: data in/out 131036/42 bytes for SCSI command 0xff-- guessing data in;
[  118.456186]    program repro not setting count and/or reply_len properly
[  118.462382] sg_write: data in/out 131036/42 bytes for SCSI command 0xff-- guessing data in;
[  118.462382]    program repro not setting count and/or reply_len properly
[  118.468616] sg_write: data in/out 131036/42 bytes for SCSI command 0xff-- guessing data in;
[  118.468616]    program repro not setting count and/or reply_len properly
[  118.474154] sg_write: data in/out 131036/42 bytes for SCSI command 0xff-- guessing data in;
[  118.474154]    program repro not setting count and/or reply_len properly
[  118.479753] sg_write: data in/out 131036/42 bytes for SCSI command 0xff-- guessing data in;
[  118.479753]    program repro not setting count and/or reply_len properly
[  118.485482] sg_write: data in/out 131036/42 bytes for SCSI command 0xff-- guessing data in;
[  118.485482]    program repro not setting count and/or reply_len properly
[  118.491157] sg_write: data in/out 131036/42 bytes for SCSI command 0xff-- guessing data in;
[  118.491157]    program repro not setting count and/or reply_len properly
[  118.496748] sg_write: data in/out 131036/42 bytes for SCSI command 0xff-- guessing data in;
[  118.496748]    program repro not setting count and/or reply_len properly
[  118.502519] sg_write: data in/out 131036/42 bytes for SCSI command 0xff-- guessing data in;
[  118.502519]    program repro not setting count and/or reply_len properly
[  123.460569] sg_write: 1177 callbacks suppressed
[  123.460585] sg_write: data in/out 131036/42 bytes for SCSI command 0xff-- guessing data in;
[  123.460585]    program repro not setting count and/or reply_len properly
[  123.470331] sg_write: data in/out 131036/42 bytes for SCSI command 0xff-- guessing data in;
[  123.470331]    program repro not setting count and/or reply_len properly
[  123.480546] sg_write: data in/out 131036/42 bytes for SCSI command 0xff-- guessing data in;
[  123.480546]    program repro not setting count and/or reply_len properly
[  123.489844] sg_write: data in/out 131036/42 bytes for SCSI command 0xff-- guessing data in;
[  123.489844]    program repro not setting count and/or reply_len properly
[  123.498386] sg_write: data in/out 131036/42 bytes for SCSI command 0xff-- guessing data in;
[  123.498386]    program repro not setting count and/or reply_len properly
[  123.507070] sg_write: data in/out 131036/42 bytes for SCSI command 0xff-- guessing data in;
[  123.507070]    program repro not setting count and/or reply_len properly
[  123.516617] sg_write: data in/out 131036/42 bytes for SCSI command 0xff-- guessing data in;
[  123.516617]    program repro not setting count and/or reply_len properly
[  123.525723] sg_write: data in/out 131036/42 bytes for SCSI command 0xff-- guessing data in;
[  123.525723]    program repro not setting count and/or reply_len properly
[  123.534652] sg_write: data in/out 131036/42 bytes for SCSI command 0xff-- guessing data in;
[  123.534652]    program repro not setting count and/or reply_len properly
[  123.543530] sg_write: data in/out 131036/42 bytes for SCSI command 0xff-- guessing data in;
[  123.543530]    program repro not setting count and/or reply_len properly
[  128.466085] sg_write: 938 callbacks suppressed
[  128.466100] sg_write: data in/out 131036/42 bytes for SCSI command 0xff-- guessing data in;
[  128.466100]    program repro not setting count and/or reply_len properly
[  128.474751] sg_write: data in/out 131036/42 bytes for SCSI command 0xff-- guessing data in;
[  128.474751]    program repro not setting count and/or reply_len properly
[  128.482662] sg_write: data in/out 131036/42 bytes for SCSI command 0xff-- guessing data in;
[  128.482662]    program repro not setting count and/or reply_len properly
[  128.490225] sg_write: data in/out 131036/42 bytes for SCSI command 0xff-- guessing data in;
[  128.490225]    program repro not setting count and/or reply_len properly
[  128.497907] sg_write: data in/out 131036/42 bytes for SCSI command 0xff-- guessing data in;
[  128.497907]    program repro not setting count and/or reply_len properly
[  128.505225] sg_write: data in/out 131036/42 bytes for SCSI command 0xff-- guessing data in;
[  128.505225]    program repro not setting count and/or reply_len properly
[  128.510958] sg_write: data in/out 131036/42 bytes for SCSI command 0xff-- guessing data in;
[  128.510958]    program repro not setting count and/or reply_len properly
[  128.517720] sg_write: data in/out 131036/42 bytes for SCSI command 0xff-- guessing data in;
[  128.517720]    program repro not setting count and/or reply_len properly
[  128.524326] sg_write: data in/out 131036/42 bytes for SCSI command 0xff-- guessing data in;
[  128.524326]    program repro not setting count and/or reply_len properly
[  128.530830] sg_write: data in/out 131036/42 bytes for SCSI command 0xff-- guessing data in;
[  128.530830]    program repro not setting count and/or reply_len properly
[  133.470493] sg_write: 1126 callbacks suppressed
[  133.470508] sg_write: data in/out 131036/42 bytes for SCSI command 0xff-- guessing data in;
[  133.470508]    program repro not setting count and/or reply_len properly
[  133.477845] sg_write: data in/out 131036/42 bytes for SCSI command 0xff-- guessing data in;
[  133.477845]    program repro not setting count and/or reply_len properly
[  133.483056] sg_write: data in/out 131036/42 bytes for SCSI command 0xff-- guessing data in;
[  133.483056]    program repro not setting count and/or reply_len properly
[  133.488034] sg_write: data in/out 131036/42 bytes for SCSI command 0xff-- guessing data in;
[  133.488034]    program repro not setting count and/or reply_len properly
[  133.493332] sg_write: data in/out 131036/42 bytes for SCSI command 0xff-- guessing data in;
[  133.493332]    program repro not setting count and/or reply_len properly
[  133.498537] sg_write: data in/out 131036/42 bytes for SCSI command 0xff-- guessing data in;
[  133.498537]    program repro not setting count and/or reply_len properly
[  133.503721] sg_write: data in/out 131036/42 bytes for SCSI command 0xff-- guessing data in;
[  133.503721]    program repro not setting count and/or reply_len properly
[  133.508890] sg_write: data in/out 131036/42 bytes for SCSI command 0xff-- guessing data in;
[  133.508890]    program repro not setting count and/or reply_len properly
[  133.514462] sg_write: data in/out 131036/42 bytes for SCSI command 0xff-- guessing data in;
[  133.514462]    program repro not setting count and/or reply_len properly
[  133.519554] sg_write: data in/out 131036/42 bytes for SCSI command 0xff-- guessing data in;
[  133.519554]    program repro not setting count and/or reply_len properly
[  138.473308] sg_write: 1139 callbacks suppressed
[  138.473324] sg_write: data in/out 131036/42 bytes for SCSI command 0xff-- guessing data in;
[  138.473324]    program repro not setting count and/or reply_len properly
[  138.481523] sg_write: data in/out 131036/42 bytes for SCSI command 0xff-- guessing data in;
[  138.481523]    program repro not setting count and/or reply_len properly
[  138.489269] sg_write: data in/out 131036/42 bytes for SCSI command 0xff-- guessing data in;
[  138.489269]    program repro not setting count and/or reply_len properly
[  138.495801] sg_write: data in/out 131036/42 bytes for SCSI command 0xff-- guessing data in;
[  138.495801]    program repro not setting count and/or reply_len properly
[  138.502039] sg_write: data in/out 131036/42 bytes for SCSI command 0xff-- guessing data in;
[  138.502039]    program repro not setting count and/or reply_len properly
[  138.508112] sg_write: data in/out 131036/42 bytes for SCSI command 0xff-- guessing data in;
[  138.508112]    program repro not setting count and/or reply_len properly
[  138.514834] sg_write: data in/out 131036/42 bytes for SCSI command 0xff-- guessing data in;
[  138.514834]    program repro not setting count and/or reply_len properly
[  138.521110] sg_write: data in/out 131036/42 bytes for SCSI command 0xff-- guessing data in;
[  138.521110]    program repro not setting count and/or reply_len properly
[  138.527340] sg_write: data in/out 131036/42 bytes for SCSI command 0xff-- guessing data in;
[  138.527340]    program repro not setting count and/or reply_len properly
[  138.533937] sg_write: data in/out 131036/42 bytes for SCSI command 0xff-- guessing data in;
[  138.533937]    program repro not setting count and/or reply_len properly
[  143.478981] sg_write: 1015 callbacks suppressed
[  143.478994] sg_write: data in/out 131036/42 bytes for SCSI command 0xff-- guessing data in;
[  143.478994]    program repro not setting count and/or reply_len properly
[  143.485858] sg_write: data in/out 131036/42 bytes for SCSI command 0xff-- guessing data in;
[  143.485858]    program repro not setting count and/or reply_len properly
[  143.492234] sg_write: data in/out 131036/42 bytes for SCSI command 0xff-- guessing data in;
[  143.492234]    program repro not setting count and/or reply_len properly
[  143.498672] sg_write: data in/out 131036/42 bytes for SCSI command 0xff-- guessing data in;
[  143.498672]    program repro not setting count and/or reply_len properly
[  143.504874] sg_write: data in/out 131036/42 bytes for SCSI command 0xff-- guessing data in;
[  143.504874]    program repro not setting count and/or reply_len properly
[  143.512936] sg_write: data in/out 131036/42 bytes for SCSI command 0xff-- guessing data in;
[  143.512936]    program repro not setting count and/or reply_len properly
[  143.520141] sg_write: data in/out 131036/42 bytes for SCSI command 0xff-- guessing data in;
[  143.520141]    program repro not setting count and/or reply_len properly
[  143.526374] sg_write: data in/out 131036/42 bytes for SCSI command 0xff-- guessing data in;
[  143.526374]    program repro not setting count and/or reply_len properly
[  143.532469] sg_write: data in/out 131036/42 bytes for SCSI command 0xff-- guessing data in;
[  143.532469]    program repro not setting count and/or reply_len properly
[  143.540125] sg_write: data in/out 131036/42 bytes for SCSI command 0xff-- guessing data in;
[  143.540125]    program repro not setting count and/or reply_len properly
[  148.481708] sg_write: 1136 callbacks suppressed
[  148.481719] sg_write: data in/out 131036/42 bytes for SCSI command 0xff-- guessing data in;
[  148.481719]    program repro not setting count and/or reply_len properly
[  148.487795] sg_write: data in/out 131036/42 bytes for SCSI command 0xff-- guessing data in;
[  148.487795]    program repro not setting count and/or reply_len properly
[  148.493820] sg_write: data in/out 131036/42 bytes for SCSI command 0xff-- guessing data in;
[  148.493820]    program repro not setting count and/or reply_len properly
[  148.499704] sg_write: data in/out 131036/42 bytes for SCSI command 0xff-- guessing data in;
[  148.499704]    program repro not setting count and/or reply_len properly
[  148.505818] sg_write: data in/out 131036/42 bytes for SCSI command 0xff-- guessing data in;
[  148.505818]    program repro not setting count and/or reply_len properly
[  148.511904] sg_write: data in/out 131036/42 bytes for SCSI command 0xff-- guessing data in;
[  148.511904]    program repro not setting count and/or reply_len properly
[  148.520250] sg_write: data in/out 131036/42 bytes for SCSI command 0xff-- guessing data in;
[  148.520250]    program repro not setting count and/or reply_len properly
[  148.528343] sg_write: data in/out 131036/42 bytes for SCSI command 0xff-- guessing data in;
[  148.528343]    program repro not setting count and/or reply_len properly
[  148.536430] sg_write: data in/out 131036/42 bytes for SCSI command 0xff-- guessing data in;
[  148.536430]    program repro not setting count and/or reply_len properly
[  148.544311] sg_write: data in/out 131036/42 bytes for SCSI command 0xff-- guessing data in;
[  148.544311]    program repro not setting count and/or reply_len properly
[  153.486436] sg_write: 1131 callbacks suppressed
[  153.486446] sg_write: data in/out 131036/42 bytes for SCSI command 0xff-- guessing data in;
[  153.486446]    program repro not setting count and/or reply_len properly
[  153.491349] sg_write: data in/out 131036/42 bytes for SCSI command 0xff-- guessing data in;
[  153.491349]    program repro not setting count and/or reply_len properly
[  153.496523] sg_write: data in/out 131036/42 bytes for SCSI command 0xff-- guessing data in;
[  153.496523]    program repro not setting count and/or reply_len properly
[  153.501400] sg_write: data in/out 131036/42 bytes for SCSI command 0xff-- guessing data in;
[  153.501400]    program repro not setting count and/or reply_len properly
[  153.506159] sg_write: data in/out 131036/42 bytes for SCSI command 0xff-- guessing data in;
[  153.506159]    program repro not setting count and/or reply_len properly
[  153.511116] sg_write: data in/out 131036/42 bytes for SCSI command 0xff-- guessing data in;
[  153.511116]    program repro not setting count and/or reply_len properly
[  153.515798] sg_write: data in/out 131036/42 bytes for SCSI command 0xff-- guessing data in;
[  153.515798]    program repro not setting count and/or reply_len properly
[  153.520422] sg_write: data in/out 131036/42 bytes for SCSI command 0xff-- guessing data in;
[  153.520422]    program repro not setting count and/or reply_len properly
[  153.525547] sg_write: data in/out 131036/42 bytes for SCSI command 0xff-- guessing data in;
[  153.525547]    program repro not setting count and/or reply_len properly
[  153.530175] sg_write: data in/out 131036/42 bytes for SCSI command 0xff-- guessing data in;
[  153.530175]    program repro not setting count and/or reply_len properly
[  158.490254] sg_write: 1453 callbacks suppressed
[  158.490278] sg_write: data in/out 131036/42 bytes for SCSI command 0xff-- guessing data in;
[  158.490278]    program repro not setting count and/or reply_len properly
[  158.494728] sg_write: data in/out 131036/42 bytes for SCSI command 0xff-- guessing data in;
[  158.494728]    program repro not setting count and/or reply_len properly
[  158.498814] sg_write: data in/out 131036/42 bytes for SCSI command 0xff-- guessing data in;
[  158.498814]    program repro not setting count and/or reply_len properly
[  158.503344] sg_write: data in/out 131036/42 bytes for SCSI command 0xff-- guessing data in;
[  158.503344]    program repro not setting count and/or reply_len properly
[  158.507837] sg_write: data in/out 131036/42 bytes for SCSI command 0xff-- guessing data in;
[  158.507837]    program repro not setting count and/or reply_len properly
[  158.512462] sg_write: data in/out 131036/42 bytes for SCSI command 0xff-- guessing data in;
[  158.512462]    program repro not setting count and/or reply_len properly
[  158.517459] sg_write: data in/out 131036/42 bytes for SCSI command 0xff-- guessing data in;
[  158.517459]    program repro not setting count and/or reply_len properly
[  158.522022] sg_write: data in/out 131036/42 bytes for SCSI command 0xff-- guessing data in;
[  158.522022]    program repro not setting count and/or reply_len properly
[  158.526572] sg_write: data in/out 131036/42 bytes for SCSI command 0xff-- guessing data in;
[  158.526572]    program repro not setting count and/or reply_len properly
[  158.530779] sg_write: data in/out 131036/42 bytes for SCSI command 0xff-- guessing data in;
[  158.530779]    program repro not setting count and/or reply_len properly
[  163.493336] sg_write: 1517 callbacks suppressed
[  163.493345] sg_write: data in/out 131036/42 bytes for SCSI command 0xff-- guessing data in;
[  163.493345]    program repro not setting count and/or reply_len properly
[  163.498318] sg_write: data in/out 131036/42 bytes for SCSI command 0xff-- guessing data in;
[  163.498318]    program repro not setting count and/or reply_len properly
[  163.503101] sg_write: data in/out 131036/42 bytes for SCSI command 0xff-- guessing data in;
[  163.503101]    program repro not setting count and/or reply_len properly
[  163.508071] sg_write: data in/out 131036/42 bytes for SCSI command 0xff-- guessing data in;
[  163.508071]    program repro not setting count and/or reply_len properly
[  163.513677] sg_write: data in/out 131036/42 bytes for SCSI command 0xff-- guessing data in;
[  163.513677]    program repro not setting count and/or reply_len properly
[  163.518883] sg_write: data in/out 131036/42 bytes for SCSI command 0xff-- guessing data in;
[  163.518883]    program repro not setting count and/or reply_len properly
[  163.524213] sg_write: data in/out 131036/42 bytes for SCSI command 0xff-- guessing data in;
[  163.524213]    program repro not setting count and/or reply_len properly
[  163.529273] sg_write: data in/out 131036/42 bytes for SCSI command 0xff-- guessing data in;
[  163.529273]    program repro not setting count and/or reply_len properly
[  163.534422] sg_write: data in/out 131036/42 bytes for SCSI command 0xff-- guessing data in;
[  163.534422]    program repro not setting count and/or reply_len properly
[  163.539535] sg_write: data in/out 131036/42 bytes for SCSI command 0xff-- guessing data in;
[  163.539535]    program repro not setting count and/or reply_len properly
[  168.497819] sg_write: 1451 callbacks suppressed
[  168.497828] sg_write: data in/out 131036/42 bytes for SCSI command 0xff-- guessing data in;
[  168.497828]    program repro not setting count and/or reply_len properly
[  168.504538] sg_write: data in/out 131036/42 bytes for SCSI command 0xff-- guessing data in;
[  168.504538]    program repro not setting count and/or reply_len properly
[  168.511633] sg_write: data in/out 131036/42 bytes for SCSI command 0xff-- guessing data in;
[  168.511633]    program repro not setting count and/or reply_len properly
[  168.517736] sg_write: data in/out 131036/42 bytes for SCSI command 0xff-- guessing data in;
[  168.517736]    program repro not setting count and/or reply_len properly
[  168.522490] sg_write: data in/out 131036/42 bytes for SCSI command 0xff-- guessing data in;
[  168.522490]    program repro not setting count and/or reply_len properly
[  168.527237] sg_write: data in/out 131036/42 bytes for SCSI command 0xff-- guessing data in;
[  168.527237]    program repro not setting count and/or reply_len properly
[  168.531712] sg_write: data in/out 131036/42 bytes for SCSI command 0xff-- guessing data in;
[  168.531712]    program repro not setting count and/or reply_len properly
[  168.536550] sg_write: data in/out 131036/42 bytes for SCSI command 0xff-- guessing data in;
[  168.536550]    program repro not setting count and/or reply_len properly
[  168.541283] sg_write: data in/out 131036/42 bytes for SCSI command 0xff-- guessing data in;
[  168.541283]    program repro not setting count and/or reply_len properly
[  168.545878] sg_write: data in/out 131036/42 bytes for SCSI command 0xff-- guessing data in;
[  168.545878]    program repro not setting count and/or reply_len properly
[  173.501143] sg_write: 1324 callbacks suppressed
[  173.501156] sg_write: data in/out 131036/42 bytes for SCSI command 0xff-- guessing data in;
[  173.501156]    program repro not setting count and/or reply_len properly
[  173.507280] sg_write: data in/out 131036/42 bytes for SCSI command 0xff-- guessing data in;
[  173.507280]    program repro not setting count and/or reply_len properly
[  173.512892] sg_write: data in/out 131036/42 bytes for SCSI command 0xff-- guessing data in;
[  173.512892]    program repro not setting count and/or reply_len properly
[  173.518489] sg_write: data in/out 131036/42 bytes for SCSI command 0xff-- guessing data in;
[  173.518489]    program repro not setting count and/or reply_len properly
[  173.524047] sg_write: data in/out 131036/42 bytes for SCSI command 0xff-- guessing data in;
[  173.524047]    program repro not setting count and/or reply_len properly
[  173.530054] sg_write: data in/out 131036/42 bytes for SCSI command 0xff-- guessing data in;
[  173.530054]    program repro not setting count and/or reply_len properly
[  173.535657] sg_write: data in/out 131036/42 bytes for SCSI command 0xff-- guessing data in;
[  173.535657]    program repro not setting count and/or reply_len properly
[  173.541880] sg_write: data in/out 131036/42 bytes for SCSI command 0xff-- guessing data in;
[  173.541880]    program repro not setting count and/or reply_len properly
[  173.548097] sg_write: data in/out 131036/42 bytes for SCSI command 0xff-- guessing data in;
[  173.548097]    program repro not setting count and/or reply_len properly
[  173.554610] sg_write: data in/out 131036/42 bytes for SCSI command 0xff-- guessing data in;
[  173.554610]    program repro not setting count and/or reply_len properly
