c[?7l[2J[0mSeaBIOS (version rel-1.16.0-0-gd239552ce722-prebuilt.qemu.org)


iPXE (http://ipxe.org) 00:03.0 CA00 PCI2.10 PnP PMM+7FF91000+7FEF1000 CA00
Press Ctrl-B to configure iPXE (PCI 00:03.0)...                                                                               


Booting from ROM..c[?7l[2J[    0.000000] Linux version 6.2.0-1d2aea1bcf68+ (root@p-adls01) (gcc (GCC) 8.5.0 20210514 (Red Hat 8.5.0-18), GNU ld version 2.36.1-2.el8) #1 SMP PREEMPT_DYNAMIC Sat Mar 11 04:44:09 CST 2023
[    0.000000] Command line: console=ttyS0 root=/dev/sda earlyprintk=serial net.ifnames=0
[    0.000000] KERNEL supported cpus:
[    0.000000]   Intel GenuineIntel
[    0.000000]   AMD AuthenticAMD
[    0.000000]   Hygon HygonGenuine
[    0.000000]   Centaur CentaurHauls
[    0.000000]   zhaoxin   Shanghai  
[    0.000000] x86/fpu: Supporting XSAVE feature 0x001: 'x87 floating point registers'
[    0.000000] x86/fpu: Supporting XSAVE feature 0x002: 'SSE registers'
[    0.000000] x86/fpu: Supporting XSAVE feature 0x004: 'AVX registers'
[    0.000000] x86/fpu: Supporting XSAVE feature 0x200: 'Protection Keys User registers'
[    0.000000] x86/fpu: xstate_offset[2]:  576, xstate_sizes[2]:  256
[    0.000000] x86/fpu: xstate_offset[9]:  832, xstate_sizes[9]:    8
[    0.000000] x86/fpu: Enabled xstate features 0x207, context size is 840 bytes, using 'compacted' format.
[    0.000000] signal: max sigframe size: 3632
[    0.000000] BIOS-provided physical RAM map:
[    0.000000] BIOS-e820: [mem 0x0000000000000000-0x000000000009fbff] usable
[    0.000000] BIOS-e820: [mem 0x000000000009fc00-0x000000000009ffff] reserved
[    0.000000] BIOS-e820: [mem 0x00000000000f0000-0x00000000000fffff] reserved
[    0.000000] BIOS-e820: [mem 0x0000000000100000-0x000000007ffdffff] usable
[    0.000000] BIOS-e820: [mem 0x000000007ffe0000-0x000000007fffffff] reserved
[    0.000000] BIOS-e820: [mem 0x00000000feffc000-0x00000000feffffff] reserved
[    0.000000] BIOS-e820: [mem 0x00000000fffc0000-0x00000000ffffffff] reserved
[    0.000000] printk: bootconsole [earlyser0] enabled
[    0.000000] NX (Execute Disable) protection: active
[    0.000000] SMBIOS 2.8 present.
[    0.000000] DMI: QEMU Standard PC (i440FX + PIIX, 1996), BIOS rel-1.16.0-0-gd239552ce722-prebuilt.qemu.org 04/01/2014
[    0.000000] Hypervisor detected: KVM
[    0.000000] kvm-clock: Using msrs 4b564d01 and 4b564d00
[    0.000002] kvm-clock: using sched offset of 344922701 cycles
[    0.000312] clocksource: kvm-clock: mask: 0xffffffffffffffff max_cycles: 0x1cd42e4dffb, max_idle_ns: 881590591483 ns
[    0.001278] tsc: Detected 3609.600 MHz processor
[    0.004000] last_pfn = 0x7ffe0 max_arch_pfn = 0x400000000
[    0.004000] x86/PAT: Configuration [0-7]: WB  WC  UC- UC  WB  WP  UC- WT  
[    0.004000] found SMP MP-table at [mem 0x000f5ba0-0x000f5baf]
[    0.004000] Using GB pages for direct mapping
[    0.004000] ACPI: Early table checksum verification disabled
[    0.004000] ACPI: RSDP 0x00000000000F59C0 000014 (v00 BOCHS )
[    0.004000] ACPI: RSDT 0x000000007FFE1951 000034 (v01 BOCHS  BXPC     00000001 BXPC 00000001)
[    0.004000] ACPI: FACP 0x000000007FFE17FD 000074 (v01 BOCHS  BXPC     00000001 BXPC 00000001)
[    0.004000] ACPI: DSDT 0x000000007FFE0040 0017BD (v01 BOCHS  BXPC     00000001 BXPC 00000001)
[    0.004000] ACPI: FACS 0x000000007FFE0000 000040
[    0.004000] ACPI: APIC 0x000000007FFE1871 000080 (v01 BOCHS  BXPC     00000001 BXPC 00000001)
[    0.004000] ACPI: HPET 0x000000007FFE18F1 000038 (v01 BOCHS  BXPC     00000001 BXPC 00000001)
[    0.004000] ACPI: WAET 0x000000007FFE1929 000028 (v01 BOCHS  BXPC     00000001 BXPC 00000001)
[    0.004000] ACPI: Reserving FACP table memory at [mem 0x7ffe17fd-0x7ffe1870]
[    0.004000] ACPI: Reserving DSDT table memory at [mem 0x7ffe0040-0x7ffe17fc]
[    0.004000] ACPI: Reserving FACS table memory at [mem 0x7ffe0000-0x7ffe003f]
[    0.004000] ACPI: Reserving APIC table memory at [mem 0x7ffe1871-0x7ffe18f0]
[    0.004000] ACPI: Reserving HPET table memory at [mem 0x7ffe18f1-0x7ffe1928]
[    0.004000] ACPI: Reserving WAET table memory at [mem 0x7ffe1929-0x7ffe1950]
[    0.004000] No NUMA configuration found
[    0.004000] Faking a node at [mem 0x0000000000000000-0x000000007ffdffff]
[    0.004000] NODE_DATA(0) allocated [mem 0x7ffb5000-0x7ffdffff]
[    0.004000] Zone ranges:
[    0.004000]   DMA      [mem 0x0000000000001000-0x0000000000ffffff]
[    0.004000]   DMA32    [mem 0x0000000001000000-0x000000007ffdffff]
[    0.004000]   Normal   empty
[    0.004000]   Device   empty
[    0.004000] Movable zone start for each node
[    0.004000] Early memory node ranges
[    0.004000]   node   0: [mem 0x0000000000001000-0x000000000009efff]
[    0.004000]   node   0: [mem 0x0000000000100000-0x000000007ffdffff]
[    0.004000] Initmem setup node 0 [mem 0x0000000000001000-0x000000007ffdffff]
[    0.004000] On node 0, zone DMA: 1 pages in unavailable ranges
[    0.004000] On node 0, zone DMA: 97 pages in unavailable ranges
[    0.004000] On node 0, zone DMA32: 32 pages in unavailable ranges
[    0.004000] ACPI: PM-Timer IO Port: 0x608
[    0.004000] ACPI: LAPIC_NMI (acpi_id[0xff] dfl dfl lint[0x1])
[    0.004000] IOAPIC[0]: apic_id 0, version 17, address 0xfec00000, GSI 0-23
[    0.004000] ACPI: INT_SRC_OVR (bus 0 bus_irq 0 global_irq 2 dfl dfl)
[    0.004000] ACPI: INT_SRC_OVR (bus 0 bus_irq 5 global_irq 5 high level)
[    0.004000] ACPI: INT_SRC_OVR (bus 0 bus_irq 9 global_irq 9 high level)
[    0.004000] ACPI: INT_SRC_OVR (bus 0 bus_irq 10 global_irq 10 high level)
[    0.004000] ACPI: INT_SRC_OVR (bus 0 bus_irq 11 global_irq 11 high level)
[    0.004000] ACPI: Using ACPI (MADT) for SMP configuration information
[    0.004000] ACPI: HPET id: 0x8086a201 base: 0xfed00000
[    0.004000] TSC deadline timer available
[    0.004000] smpboot: Allowing 2 CPUs, 0 hotplug CPUs
[    0.004000] kvm-guest: KVM setup pv remote TLB flush
[    0.004000] kvm-guest: setup PV sched yield
[    0.004000] PM: hibernation: Registered nosave memory: [mem 0x00000000-0x00000fff]
[    0.004000] PM: hibernation: Registered nosave memory: [mem 0x0009f000-0x0009ffff]
[    0.004000] PM: hibernation: Registered nosave memory: [mem 0x000a0000-0x000effff]
[    0.004000] PM: hibernation: Registered nosave memory: [mem 0x000f0000-0x000fffff]
[    0.004000] [mem 0x80000000-0xfeffbfff] available for PCI devices
[    0.004000] Booting paravirtualized kernel on KVM
[    0.004000] clocksource: refined-jiffies: mask: 0xffffffff max_cycles: 0xffffffff, max_idle_ns: 7645519600211568 ns
[    0.004000] setup_percpu: NR_CPUS:8192 nr_cpumask_bits:2 nr_cpu_ids:2 nr_node_ids:1
[    0.004000] percpu: Embedded 65 pages/cpu s229376 r8192 d28672 u1048576
[    0.004000] kvm-guest: PV spinlocks enabled
[    0.004000] PV qspinlock hash table entries: 256 (order: 0, 4096 bytes, linear)
[    0.004000] Fallback order for Node 0: 0 
[    0.004000] Built 1 zonelists, mobility grouping on.  Total pages: 515808
[    0.004000] Policy zone: DMA32
[    0.004000] Kernel command line: net.ifnames=0 console=ttyS0 root=/dev/sda earlyprintk=serial net.ifnames=0
[    0.004000] random: crng init done
[    0.004000] Dentry cache hash table entries: 262144 (order: 9, 2097152 bytes, linear)
[    0.004000] Inode-cache hash table entries: 131072 (order: 8, 1048576 bytes, linear)
[    0.004000] mem auto-init: stack:off, heap alloc:off, heap free:off
[    0.004000] Memory: 1964888K/2096632K available (36864K kernel code, 4578K rwdata, 9848K rodata, 10508K init, 31780K bss, 131488K reserved, 0K cma-reserved)
[    0.004000] SLUB: HWalign=64, Order=0-3, MinObjects=0, CPUs=2, Nodes=1
[    0.004000] kmemleak: Kernel memory leak detector disabled
[    0.004000] ftrace: allocating 68733 entries in 269 pages
[    0.004000] ftrace: allocated 269 pages with 4 groups
[    0.004000] Dynamic Preempt: voluntary
[    0.004000] Running RCU self tests
[    0.004000] Running RCU synchronous self tests
[    0.004000] rcu: Preemptible hierarchical RCU implementation.
[    0.004000] rcu: 	RCU lockdep checking is enabled.
[    0.004000] rcu: 	RCU restricting CPUs from NR_CPUS=8192 to nr_cpu_ids=2.
[    0.004000] 	Trampoline variant of Tasks RCU enabled.
[    0.004000] 	Rude variant of Tasks RCU enabled.
[    0.004000] 	Tracing variant of Tasks RCU enabled.
[    0.004000] rcu: RCU calculated value of scheduler-enlistment delay is 25 jiffies.
[    0.004000] rcu: Adjusting geometry for rcu_fanout_leaf=16, nr_cpu_ids=2
[    0.004000] Running RCU synchronous self tests
[    0.004000] NR_IRQS: 524544, nr_irqs: 440, preallocated irqs: 16
[    0.004000] rcu: srcu_init: Setting srcu_struct sizes based on contention.
[    0.004000] Console: colour VGA+ 80x25
[    0.004000] printk: console [ttyS0] enabled
[    0.004000] printk: console [ttyS0] enabled
[    0.004000] printk: bootconsole [earlyser0] disabled
[    0.004000] printk: bootconsole [earlyser0] disabled
[    0.004000] Lock dependency validator: Copyright (c) 2006 Red Hat, Inc., Ingo Molnar
[    0.004000] ... MAX_LOCKDEP_SUBCLASSES:  8
[    0.004000] ... MAX_LOCK_DEPTH:          48
[    0.004000] ... MAX_LOCKDEP_KEYS:        8192
[    0.004000] ... CLASSHASH_SIZE:          4096
[    0.004000] ... MAX_LOCKDEP_ENTRIES:     32768
[    0.004000] ... MAX_LOCKDEP_CHAINS:      65536
[    0.004000] ... CHAINHASH_SIZE:          32768
[    0.004000]  memory used by lock dependency info: 6365 kB
[    0.004000]  memory used for stack traces: 4224 kB
[    0.004000]  per task-struct memory footprint: 1920 bytes
[    0.004000] ACPI: Core revision 20221020
[    0.004000] clocksource: hpet: mask: 0xffffffff max_cycles: 0xffffffff, max_idle_ns: 19112604467 ns
[    0.004000] APIC: Switch to symmetric I/O mode setup
[    0.004000] x2apic enabled
[    0.004000] Switched APIC routing to physical x2apic.
[    0.004000] kvm-guest: setup PV IPIs
[    0.004000] ..TIMER: vector=0x30 apic1=0 pin1=2 apic2=-1 pin2=-1
[    0.004000] clocksource: tsc-early: mask: 0xffffffffffffffff max_cycles: 0x3407c077a8d, max_idle_ns: 440795342283 ns
[    0.131057] Calibrating delay loop (skipped) preset value.. 7219.20 BogoMIPS (lpj=14438400)
[    0.131547] pid_max: default: 32768 minimum: 301
[    0.131884] LSM: initializing lsm=capability,yama,integrity
[    0.135062] Yama: becoming mindful.
[    0.135388] Mount-cache hash table entries: 4096 (order: 3, 32768 bytes, linear)
[    0.135826] Mountpoint-cache hash table entries: 4096 (order: 3, 32768 bytes, linear)
[    0.137834] x86/cpu: User Mode Instruction Prevention (UMIP) activated
[    0.138461] Last level iTLB entries: 4KB 0, 2MB 0, 4MB 0
[    0.138797] Last level dTLB entries: 4KB 0, 2MB 0, 4MB 0, 1GB 0
[    0.139074] Spectre V1 : Mitigation: usercopy/swapgs barriers and __user pointer sanitization
[    0.139572] Spectre V2 : WARNING: Unprivileged eBPF is enabled with eIBRS on, data leaks possible via Spectre v2 BHB attacks!
[    0.140221] Spectre V2 : Mitigation: Enhanced / Automatic IBRS
[    0.140552] Spectre V2 : Spectre v2 / SpectreRSB mitigation: Filling RSB on context switch
[    0.141012] Spectre V2 : Spectre v2 / PBRSB-eIBRS: Retire a single CALL on VMEXIT
[    0.141431] Spectre V2 : mitigation: Enabling conditional Indirect Branch Prediction Barrier
[    0.141906] Speculative Store Bypass: Mitigation: Speculative Store Bypass disabled via prctl
[    0.232608] Freeing SMP alternatives memory: 56K
[    0.232919] Running RCU synchronous self tests
[    0.233173] Running RCU synchronous self tests
[    0.233631] smpboot: CPU0: 12th Gen Intel(R) Core(TM) i7-12700K (family: 0x6, model: 0x97, stepping: 0x2)
[    0.234480] cblist_init_generic: Setting adjustable number of callback queues.
[    0.234898] cblist_init_generic: Setting shift to 1 and lim to 1.
[    0.235046] cblist_init_generic: Setting shift to 1 and lim to 1.
[    0.235046] cblist_init_generic: Setting shift to 1 and lim to 1.
[    0.235046] Running RCU-tasks wait API self tests
[    0.335164] Performance Events: Alderlake Hybrid events, full-width counters, Intel PMU driver.
[    0.336083] core: cpu_core PMU driver: 
[    0.336306] ... version:                2
[    0.336532] ... bit width:              48
[    0.336761] ... generic registers:      6
[    0.336985] ... value mask:             0000ffffffffffff
[    0.337282] ... max period:             00007fffffffffff
[    0.337575] ... fixed-purpose events:   3
[    0.337800] ... event mask:             0001000f0000003f
[    0.338210] rcu: Hierarchical SRCU implementation.
[    0.338477] rcu: 	Max phase no-delay instances is 1000.
[    0.339986] unchecked MSR access error: WRMSR to 0x38f (tried to write 0x0001000f0000003f) at rIP: 0xffffffff810e0c2c (native_write_msr+0xc/0x30)
[    0.340716] Call Trace:
[    0.340857]  <TASK>
[    0.340981]  __intel_pmu_enable_all.constprop.49+0xb5/0x140
[    0.341301]  intel_pmu_enable_all+0x1e/0x30
[    0.341543]  x86_pmu_enable+0x46d/0x5a0
[    0.341766]  ? write_comp_data+0x2f/0x90
[    0.342000]  perf_pmu_enable+0x53/0x70
[    0.342220]  ctx_resched+0x14d/0x1e0
[    0.342432]  __perf_install_in_context+0x2f7/0x470
[    0.342710]  ? lock_is_held_type+0xe6/0x140
[    0.342956]  ? __pfx_remote_function+0x10/0x10
[    0.343046]  remote_function+0x80/0xa0
[    0.343046]  ? __pfx_remote_function+0x10/0x10
[    0.343046]  generic_exec_single+0x124/0x190
[    0.343046]  smp_call_function_single+0x11c/0x240
[    0.343046]  ? __pfx_remote_function+0x10/0x10
[    0.343046]  ? __sanitizer_cov_trace_pc+0x25/0x60
[    0.343046]  ? write_comp_data+0x2f/0x90
[    0.343046]  perf_install_in_context+0x2d8/0x300
[    0.343046]  ? __pfx___perf_install_in_context+0x10/0x10
[    0.343046]  perf_event_create_kernel_counter+0x284/0x2b0
[    0.343046]  ? __pfx_watchdog_overflow_callback+0x10/0x10
[    0.343046]  hardlockup_detector_event_create+0x46/0xd0
[    0.343046]  hardlockup_detector_perf_init+0x18/0x80
[    0.343046]  watchdog_nmi_probe+0x17/0x20
[    0.343046]  lockup_detector_init+0x40/0xb0
[    0.343046]  kernel_init_freeable+0x37e/0x8c0
[    0.343046]  ? __pfx_kernel_init+0x10/0x10
[    0.343046]  kernel_init+0x24/0x1e0
[    0.343046]  ? __pfx_kernel_init+0x10/0x10
[    0.343046]  ret_from_fork+0x29/0x50
[    0.343046]  </TASK>
[    0.343063] Callback from call_rcu_tasks_trace() invoked.
[    0.343492] smp: Bringing up secondary CPUs ...
[    0.344376] x86: Booting SMP configuration:
[    0.344623] .... node  #0, CPUs:      #1
[    0.344932] smp: Brought up 1 node, 2 CPUs
[    0.344932] smpboot: Max logical packages: 1
[    0.344932] smpboot: Total of 2 processors activated (14438.40 BogoMIPS)
[    0.348306] devtmpfs: initialized
[    0.348306] x86/mm: Memory block size: 128MB
[    0.351313] Running RCU synchronous self tests
[    0.351574] Running RCU synchronous self tests
[    0.351851] clocksource: jiffies: mask: 0xffffffff max_cycles: 0xffffffff, max_idle_ns: 7645041785100000 ns
[    0.352388] futex hash table entries: 512 (order: 4, 65536 bytes, linear)
[    0.352950] pinctrl core: initialized pinctrl subsystem
[    0.353678] 
[    0.353770] *************************************************************
[    0.354141] **     NOTICE NOTICE NOTICE NOTICE NOTICE NOTICE NOTICE    **
[    0.354511] **                                                         **
[    0.354880] **  IOMMU DebugFS SUPPORT HAS BEEN ENABLED IN THIS KERNEL  **
[    0.355057] **                                                         **
[    0.355428] ** This means that this kernel is built to expose internal **
[    0.355797] ** IOMMU data structures, which may compromise security on **
[    0.356166] ** your system.                                            **
[    0.356537] **                                                         **
[    0.356911] ** If you see this message and you are not debugging the   **
[    0.357283] ** kernel, report this immediately to your vendor!         **
[    0.357652] **                                                         **
[    0.358021] **     NOTICE NOTICE NOTICE NOTICE NOTICE NOTICE NOTICE    **
[    0.358391] *************************************************************
[    0.358795] PM: RTC time: 20:44:48, date: 2023-03-10
[    0.361384] NET: Registered PF_NETLINK/PF_ROUTE protocol family
[    0.362203] DMA: preallocated 256 KiB GFP_KERNEL pool for atomic allocations
[    0.362602] DMA: preallocated 256 KiB GFP_KERNEL|GFP_DMA pool for atomic allocations
[    0.363032] DMA: preallocated 256 KiB GFP_KERNEL|GFP_DMA32 pool for atomic allocations
[    0.363084] audit: initializing netlink subsys (disabled)
[    0.363446] audit: type=2000 audit(1678481089.047:1): state=initialized audit_enabled=0 res=1
[    0.363558] thermal_sys: Registered thermal governor 'fair_share'
[    0.363689] thermal_sys: Registered thermal governor 'bang_bang'
[    0.364031] thermal_sys: Registered thermal governor 'step_wise'
[    0.364362] thermal_sys: Registered thermal governor 'user_space'
[    0.364725] cpuidle: using governor ladder
[    0.365301] cpuidle: using governor menu
[    0.365714] acpiphp: ACPI Hot Plug PCI Controller Driver version: 0.5
[    0.366295] PCI: Using configuration type 1 for base access
[    0.367755] kprobes: kprobe jump-optimization is enabled. All kprobes are optimized if possible.
[    0.556745] HugeTLB: registered 1.00 GiB page size, pre-allocated 0 pages
[    0.557136] HugeTLB: 16380 KiB vmemmap can be freed for a 1.00 GiB page
[    0.557505] HugeTLB: registered 2.00 MiB page size, pre-allocated 0 pages
[    0.557878] HugeTLB: 28 KiB vmemmap can be freed for a 2.00 MiB page
[    0.560872] ACPI: Added _OSI(Module Device)
[    0.561119] ACPI: Added _OSI(Processor Device)
[    0.561367] ACPI: Added _OSI(3.0 _SCP Extensions)
[    0.561628] ACPI: Added _OSI(Processor Aggregator Device)
[    0.566309] ACPI: 1 ACPI AML tables successfully acquired and loaded
[    2.663768] Callback from call_rcu_tasks_rude() invoked.
[    2.709613] ACPI: Interpreter enabled
[    2.709613] ACPI: PM: (supports S0 S3 S4 S5)
[    2.709613] ACPI: Using IOAPIC for interrupt routing
[    2.709613] PCI: Using host bridge windows from ACPI; if necessary, use "pci=nocrs" and report a bug
[    2.709613] PCI: Using E820 reservations for host bridge windows
[    2.709781] ACPI: Enabled 2 GPEs in block 00 to 0F
[    2.724053] ACPI: PCI Root Bridge [PCI0] (domain 0000 [bus 00-ff])
[    2.724439] acpi PNP0A03:00: _OSC: OS supports [ASPM ClockPM Segments MSI EDR HPX-Type3]
[    2.724899] acpi PNP0A03:00: _OSC: not requesting OS control; OS requires [ExtendedConfig ASPM ClockPM MSI]
[    2.725492] acpi PNP0A03:00: fail to add MMCONFIG information, can't access extended configuration space under this bridge
[    2.728080] acpiphp: Slot [3] registered
[    2.728360] acpiphp: Slot [4] registered
[    2.728635] acpiphp: Slot [5] registered
[    2.728915] acpiphp: Slot [6] registered
[    2.729195] acpiphp: Slot [7] registered
[    2.729472] acpiphp: Slot [8] registered
[    2.729747] acpiphp: Slot [9] registered
[    2.730023] acpiphp: Slot [10] registered
[    2.730303] acpiphp: Slot [11] registered
[    2.730584] acpiphp: Slot [12] registered
[    2.730868] acpiphp: Slot [13] registered
[    2.731107] acpiphp: Slot [14] registered
[    2.731447] acpiphp: Slot [15] registered
[    2.731774] acpiphp: Slot [16] registered
[    2.732053] acpiphp: Slot [17] registered
[    2.732337] acpiphp: Slot [18] registered
[    2.732623] acpiphp: Slot [19] registered
[    2.732909] acpiphp: Slot [20] registered
[    2.733189] acpiphp: Slot [21] registered
[    2.733470] acpiphp: Slot [22] registered
[    2.733751] acpiphp: Slot [23] registered
[    2.734030] acpiphp: Slot [24] registered
[    2.734319] acpiphp: Slot [25] registered
[    2.734599] acpiphp: Slot [26] registered
[    2.734885] acpiphp: Slot [27] registered
[    2.735105] acpiphp: Slot [28] registered
[    2.735390] acpiphp: Slot [29] registered
[    2.735671] acpiphp: Slot [30] registered
[    2.735957] acpiphp: Slot [31] registered
[    2.736205] PCI host bridge to bus 0000:00
[    2.736442] pci_bus 0000:00: root bus resource [io  0x0000-0x0cf7 window]
[    2.736833] pci_bus 0000:00: root bus resource [io  0x0d00-0xffff window]
[    2.737220] pci_bus 0000:00: root bus resource [mem 0x000a0000-0x000bffff window]
[    2.737645] pci_bus 0000:00: root bus resource [mem 0x80000000-0xfebfffff window]
[    2.738069] pci_bus 0000:00: root bus resource [mem 0x100000000-0x17fffffff window]
[    2.738504] pci_bus 0000:00: root bus resource [bus 00-ff]
[    2.738904] pci 0000:00:00.0: [8086:1237] type 00 class 0x060000
[    2.741482] pci 0000:00:01.0: [8086:7000] type 00 class 0x060100
[    2.742373] pci 0000:00:01.1: [8086:7010] type 00 class 0x010180
[    2.743790] pci 0000:00:01.1: reg 0x20: [io  0xc040-0xc04f]
[    2.744549] pci 0000:00:01.1: legacy IDE quirk: reg 0x10: [io  0x01f0-0x01f7]
[    2.745043] pci 0000:00:01.1: legacy IDE quirk: reg 0x14: [io  0x03f6]
[    2.745414] pci 0000:00:01.1: legacy IDE quirk: reg 0x18: [io  0x0170-0x0177]
[    2.745819] pci 0000:00:01.1: legacy IDE quirk: reg 0x1c: [io  0x0376]
[    2.746402] pci 0000:00:01.3: [8086:7113] type 00 class 0x068000
[    2.746972] pci 0000:00:01.3: quirk: [io  0x0600-0x063f] claimed by PIIX4 ACPI
[    2.747056] pci 0000:00:01.3: quirk: [io  0x0700-0x070f] claimed by PIIX4 SMB
[    2.747684] pci 0000:00:02.0: [1234:1111] type 00 class 0x030000
[    2.749376] pci 0000:00:02.0: reg 0x10: [mem 0xfd000000-0xfdffffff pref]
[    2.750915] pci 0000:00:02.0: reg 0x18: [mem 0xfebf0000-0xfebf0fff]
[    2.757211] pci 0000:00:02.0: reg 0x30: [mem 0xfebe0000-0xfebeffff pref]
[    2.757724] pci 0000:00:02.0: Video device with shadowed ROM at [mem 0x000c0000-0x000dffff]
[    2.760643] pci 0000:00:03.0: [8086:100e] type 00 class 0x020000
[    2.761323] pci 0000:00:03.0: reg 0x10: [mem 0xfebc0000-0xfebdffff]
[    2.761956] pci 0000:00:03.0: reg 0x14: [io  0xc000-0xc03f]
[    2.763655] pci 0000:00:03.0: reg 0x30: [mem 0xfeb80000-0xfebbffff pref]
[    2.772166] ACPI: PCI: Interrupt link LNKA configured for IRQ 10
[    2.772824] ACPI: PCI: Interrupt link LNKB configured for IRQ 10
[    2.773456] ACPI: PCI: Interrupt link LNKC configured for IRQ 11
[    2.774087] ACPI: PCI: Interrupt link LNKD configured for IRQ 11
[    2.774567] ACPI: PCI: Interrupt link LNKS configured for IRQ 9
[    2.775807] iommu: Default domain type: Translated 
[    2.775807] iommu: DMA domain TLB invalidation policy: lazy mode 
[    2.776629] SCSI subsystem initialized
[    2.776879] ACPI: bus type USB registered
[    2.776879] usbcore: registered new interface driver usbfs
[    2.776879] usbcore: registered new interface driver hub
[    2.776879] usbcore: registered new device driver usb
[    2.779141] pps_core: LinuxPPS API ver. 1 registered
[    2.779423] pps_core: Software ver. 5.3.6 - Copyright 2005-2007 Rodolfo Giometti <giometti@linux.it>
[    2.779946] PTP clock support registered
[    2.780226] EDAC MC: Ver: 3.0.0
[    2.780226] NetLabel: Initializing
[    2.780226] NetLabel:  domain hash size = 128
[    2.780422] NetLabel:  protocols = UNLABELED CIPSOv4 CALIPSO
[    2.783103] NetLabel:  unlabeled traffic allowed by default
[    2.783532] PCI: Using ACPI for IRQ routing
[    2.783532] pci 0000:00:02.0: vgaarb: setting as boot VGA device
[    2.783532] pci 0000:00:02.0: vgaarb: bridge control possible
[    2.783781] pci 0000:00:02.0: vgaarb: VGA device added: decodes=io+mem,owns=io+mem,locks=none
[    2.784281] vgaarb: loaded
[    2.784452] hpet0: at MMIO 0xfed00000, IRQs 2, 8, 0
[    2.784452] hpet0: 3 comparators, 64-bit 100.000000 MHz counter
[    2.792189] clocksource: Switched to clocksource kvm-clock
[    2.793548] VFS: Disk quotas dquot_6.6.0
[    2.793827] VFS: Dquot-cache hash table entries: 512 (order 0, 4096 bytes)
[    2.794448] pnp: PnP ACPI init
[    2.795078] pnp: PnP ACPI: found 6 devices
[    2.804722] clocksource: acpi_pm: mask: 0xffffff max_cycles: 0xffffff, max_idle_ns: 2085701024 ns
[    2.805519] NET: Registered PF_INET protocol family
[    2.805954] IP idents hash table entries: 32768 (order: 6, 262144 bytes, linear)
[    2.807176] tcp_listen_portaddr_hash hash table entries: 1024 (order: 4, 73728 bytes, linear)
[    2.807703] Table-perturb hash table entries: 65536 (order: 6, 262144 bytes, linear)
[    2.808146] TCP established hash table entries: 16384 (order: 5, 131072 bytes, linear)
[    2.808813] TCP bind hash table entries: 16384 (order: 9, 2359296 bytes, linear)
[    2.814515] TCP: Hash tables configured (established 16384 bind 16384)
[    2.815084] UDP hash table entries: 1024 (order: 5, 163840 bytes, linear)
[    2.815569] UDP-Lite hash table entries: 1024 (order: 5, 163840 bytes, linear)
[    2.816174] NET: Registered PF_UNIX/PF_LOCAL protocol family
[    2.823292] RPC: Registered named UNIX socket transport module.
[    2.823651] RPC: Registered udp transport module.
[    2.823917] RPC: Registered tcp transport module.
[    2.824184] RPC: Registered tcp NFSv4.1 backchannel transport module.
[    2.824568] pci_bus 0000:00: resource 4 [io  0x0000-0x0cf7 window]
[    2.824923] pci_bus 0000:00: resource 5 [io  0x0d00-0xffff window]
[    2.825276] pci_bus 0000:00: resource 6 [mem 0x000a0000-0x000bffff window]
[    2.825666] pci_bus 0000:00: resource 7 [mem 0x80000000-0xfebfffff window]
[    2.826061] pci_bus 0000:00: resource 8 [mem 0x100000000-0x17fffffff window]
[    2.826658] pci 0000:00:01.0: PIIX3: Enabling Passive Release
[    2.826993] pci 0000:00:00.0: Limiting direct PCI/PCI transfers
[    2.827424] PCI: CLS 0 bytes, default 64
[    2.827692] ACPI: bus type thunderbolt registered
[    2.828192] clocksource: tsc: mask: 0xffffffffffffffff max_cycles: 0x3407c077a8d, max_idle_ns: 440795342283 ns
[    2.867215] Callback from call_rcu_tasks() invoked.
[    2.890933] Initialise system trusted keyrings
[    2.891286] Key type blacklist registered
[    2.891789] workingset: timestamp_bits=36 max_order=19 bucket_order=0
[    2.892214] zbud: loaded
[    2.892911] squashfs: version 4.0 (2009/01/31) Phillip Lougher
[    2.893827] NFS: Registering the id_resolver key type
[    2.894203] Key type id_resolver registered
[    2.894447] Key type id_legacy registered
[    2.894713] nfs4filelayout_init: NFSv4 File Layout Driver Registering...
[    2.895131] nfs4flexfilelayout_init: NFSv4 Flexfile Layout Driver Registering...
[    2.895648] fuse: init (API version 7.38)
[    2.895998] SGI XFS with ACLs, security attributes, realtime, quota, no debug enabled
[    2.896981] 9p: Installing v9fs 9p2000 file system support
[    2.902834] Key type asymmetric registered
[    2.903120] Asymmetric key parser 'x509' registered
[    2.903440] Block layer SCSI generic (bsg) driver version 0.4 loaded (major 243)
[    2.904014] io scheduler mq-deadline registered
[    2.904299] io scheduler bfq registered
[    2.904859] shpchp: Standard Hot Plug PCI Controller Driver version: 0.4
[    2.905551] IPMI message handler: version 39.2
[    2.905842] ipmi device interface
[    2.907371] input: Power Button as /devices/LNXSYSTM:00/LNXPWRBN:00/input/input0
[    2.908007] ACPI: button: Power Button [PWRF]
[    2.908980] ERST DBG: ERST support is disabled.
[    2.909713] Serial: 8250/16550 driver, 32 ports, IRQ sharing enabled
[    2.910580] 00:04: ttyS0 at I/O 0x3f8 (irq = 4, base_baud = 115200) is a 16550A
[    2.917648] Linux agpgart interface v0.103
[    2.918479] ACPI: bus type drm_connector registered
[    2.928266] brd: module loaded
[    2.934089] loop: module loaded
[    2.937621] scsi host0: ata_piix
[    2.938217] scsi host1: ata_piix
[    2.938536] ata1: PATA max MWDMA2 cmd 0x1f0 ctl 0x3f6 bmdma 0xc040 irq 14
[    2.938913] ata2: PATA max MWDMA2 cmd 0x170 ctl 0x376 bmdma 0xc048 irq 15
[    2.940084] tun: Universal TUN/TAP device driver, 1.6
[    2.940476] e100: Intel(R) PRO/100 Network Driver
[    2.940740] e100: Copyright(c) 1999-2006 Intel Corporation
[    2.941071] e1000: Intel(R) PRO/1000 Network Driver
[    2.941347] e1000: Copyright (c) 1999-2006 Intel Corporation.
[    3.099192] ata1: found unknown device (class 0)
[    3.099907] ata1.00: ATA-7: QEMU HARDDISK, 2.5+, max UDMA/100
[    3.100243] ata1.00: 16777216 sectors, multi 16: LBA48 
[    3.100696] ACPI: \_SB_.LNKC: Enabled at IRQ 11
[    3.101289] scsi 0:0:0:0: Direct-Access     ATA      QEMU HARDDISK    2.5+ PQ: 0 ANSI: 5
[    3.101874] ata2: found unknown device (class 0)
[    3.102481] ata2.00: ATAPI: QEMU DVD-ROM, 2.5+, max UDMA/100
[    3.102579] scsi 0:0:0:0: Attached scsi generic sg0 type 0
[    3.103627] scsi 1:0:0:0: CD-ROM            QEMU     QEMU DVD-ROM     2.5+ PQ: 0 ANSI: 5
[    3.103713] sd 0:0:0:0: [sda] 16777216 512-byte logical blocks: (8.59 GB/8.00 GiB)
[    3.104645] sd 0:0:0:0: [sda] Write Protect is off
[    3.105031] sd 0:0:0:0: [sda] Write cache: enabled, read cache: enabled, doesn't support DPO or FUA
[    3.105607] sd 0:0:0:0: [sda] Preferred minimum I/O size 512 bytes
[    3.120395] sd 0:0:0:0: [sda] Attached SCSI disk
[    3.123661] scsi 1:0:0:0: Attached scsi generic sg1 type 5
[    3.421363] e1000 0000:00:03.0 eth0: (PCI:33MHz:32-bit) 52:54:00:12:34:56
[    3.421791] e1000 0000:00:03.0 eth0: Intel(R) PRO/1000 Network Connection
[    3.422257] e1000e: Intel(R) PRO/1000 Network Driver
[    3.422542] e1000e: Copyright(c) 1999 - 2015 Intel Corporation.
[    3.422925] igb: Intel(R) Gigabit Ethernet Network Driver
[    3.423241] igb: Copyright (c) 2007-2014 Intel Corporation.
[    3.423638] PPP generic driver version 2.4.2
[    3.424404] VFIO - User Level meta-driver version: 0.3
[    3.425600] usbcore: registered new interface driver uas
[    3.425947] usbcore: registered new interface driver usb-storage
[    3.426413] i8042: PNP: PS/2 Controller [PNP0303:KBD,PNP0f13:MOU] at 0x60,0x64 irq 1,12
[    3.427446] serio: i8042 KBD port at 0x60,0x64 irq 1
[    3.427757] serio: i8042 AUX port at 0x60,0x64 irq 12
[    3.428607] mousedev: PS/2 mouse device common for all mice
[    3.429524] input: AT Translated Set 2 keyboard as /devices/platform/i8042/serio0/input/input1
[    3.430867] input: VirtualPS/2 VMware VMMouse as /devices/platform/i8042/serio1/input/input4
[    3.431515] rtc_cmos 00:05: RTC can wake from S4
[    3.432426] input: VirtualPS/2 VMware VMMouse as /devices/platform/i8042/serio1/input/input3
[    3.433563] rtc_cmos 00:05: registered as rtc0
[    3.433871] rtc_cmos 00:05: setting system clock to 2023-03-10T20:44:51 UTC (1678481091)
[    3.434491] rtc_cmos 00:05: alarms up to one day, y3k, 242 bytes nvram, hpet irqs
[    3.434942] i2c_dev: i2c /dev entries driver
[    3.435257] device-mapper: core: CONFIG_IMA_DISABLE_HTABLE is disabled. Duplicate IMA measurements will not be recorded in the IMA log.
[    3.435952] device-mapper: uevent: version 1.0.3
[    3.436396] device-mapper: ioctl: 4.47.0-ioctl (2022-07-28) initialised: dm-devel@redhat.com
[    3.436883] intel_pstate: CPU model not supported
[    3.437232] sdhci: Secure Digital Host Controller Interface driver
[    3.437582] sdhci: Copyright(c) Pierre Ossman
[    3.437893] sdhci-pltfm: SDHCI platform and OF driver helper
[    3.438265] ledtrig-cpu: registered to indicate activity on CPUs
[    3.438903] drop_monitor: Initializing network drop monitor service
[    3.439412] NET: Registered PF_INET6 protocol family
[    3.442302] Segment Routing with IPv6
[    3.442543] In-situ OAM (IOAM) with IPv6
[    3.442803] NET: Registered PF_PACKET protocol family
[    3.443291] 9pnet: Installing 9P2000 support
[    3.443608] Key type dns_resolver registered
[    3.444588] IPI shorthand broadcast: enabled
[    3.457063] sched_clock: Marking stable (3332003763, 123046393)->(3484027860, -28977704)
[    3.458060] registered taskstats version 1
[    3.458494] Loading compiled-in X.509 certificates
[    3.459235] zswap: loaded using pool lzo/zbud
[    3.472603] Key type .fscrypt registered
[    3.472855] Key type fscrypt-provisioning registered
[    3.473876] Key type encrypted registered
[    3.474161] ima: No TPM chip found, activating TPM-bypass!
[    3.474493] ima: Allocated hash algorithm: sha1
[    3.474804] ima: No architecture policies found
[    3.475146] evm: Initialising EVM extended attributes:
[    3.475448] evm: security.selinux
[    3.475648] evm: security.SMACK64
[    3.475875] evm: security.SMACK64EXEC
[    3.476094] evm: security.SMACK64TRANSMUTE
[    3.476337] evm: security.SMACK64MMAP
[    3.476556] evm: security.apparmor
[    3.476760] evm: security.ima
[    3.476940] evm: security.capability
[    3.477154] evm: HMAC attrs: 0x1
[    3.478381] PM:   Magic number: 15:538:750
[    3.478645] ata_link link1: hash matches
[    3.478896]  link1: hash matches
[    3.479116] tty ttyS1: hash matches
[    3.479603] RAS: Correctable Errors collector initialized.
[    3.480885] md: Waiting for all devices to be available before autodetect
[    3.481166] md: If you don't use raid, use raid=noautodetect
[    3.481402] md: Autodetecting RAID arrays.
[    3.481579] md: autorun ...
[    3.481700] md: ... autorun DONE.
[    3.486002] EXT4-fs (sda): mounted filesystem 23a53bb9-f815-47a5-b74c-5e08f7731193 with ordered data mode. Quota mode: none.
[    3.486515] VFS: Mounted root (ext4 filesystem) readonly on device 8:0.
[    3.488051] devtmpfs: mounted
[    3.494919] Freeing unused decrypted memory: 2036K
[    3.498809] Freeing unused kernel image (initmem) memory: 10508K
[    3.511106] Write protecting the kernel read-only data: 47104k
[    3.513126] Freeing unused kernel image (rodata/data gap) memory: 392K
[    3.590236] x86/mm: Checked W+X mappings: passed, no W+X pages found.
[    3.590563] Run /sbin/init as init process
[    3.674024] systemd[1]: RTC configured in localtime, applying delta of 0 minutes to system time.
[    3.697395] systemd[1]: systemd 239 (239-49.el8) running in system mode. (+PAM +AUDIT +SELINUX +IMA -APPARMOR +SMACK +SYSVINIT +UTMP +LIBCRYPTSETUP +GCRYPT +GNUTLS +ACL +XZ +LZ4 +SECCOMP +BLKID +ELFUTILS +KMOD +IDN2 -IDN +PCRE2 default-hierarchy=legacy)
[    3.698432] systemd[1]: Detected virtualization kvm.
[    3.698644] systemd[1]: Detected architecture x86-64.

Welcome to [0;31mCentOS Stream 8[0m!

[    3.759146] systemd[1]: Set hostname to <test>.
[    3.971710] systemd[1]: Created slice system-serial\x2dgetty.slice.
[[0;32m  OK  [0m] Created slice system-serial\x2dgetty.slice.
[    3.972866] systemd[1]: Listening on Journal Socket.
[[0;32m  OK  [0m] Listening on Journal Socket.
[    3.973614] systemd[1]: Listening on multipathd control socket.
[[0;32m  OK  [0m] Listening on multipathd control socket.
[    3.974744] systemd[1]: Listening on RPCbind Server Activation Socket.
[[0;32m  OK  [0m] Listening on RPCbind Server Activation Socket.
[    3.976081] systemd[1]: Created slice system-sshd\x2dkeygen.slice.
[[0;32m  OK  [0m] Created slice system-sshd\x2dkeygen.slice.
[    3.976795] systemd[1]: Reached target RPC Port Mapper.
[[0;32m  OK  [0m] Reached target RPC Port Mapper.
[[0;32m  OK  [0m] Created slice User and Session Slice.
[[0;32m  OK  [0m] Listening on Device-mapper event daemon FIFOs.
         Starting Load Kernel Modules...
[[0;32m  OK  [0m] Listening on initctl Compatibility Named Pipe.
         Starting Remount Root and Kernel File Systems...
[[0;32m  OK  [0m] Listening on udev Kernel Socket.
[[0;32m  OK  [0m] Set up automount Arbitrary Executabâ€¦rmats File System Automount Point.
         Mounting Huge Pages File System...
[[0;32m  OK  [0m] Created slice system-getty.slice.
[[0;32m  OK  [0m] Reached target Slices.
[[0;32m  OK  [0m] Listening on Process Core Dump Socket.
[[0;32m  OK  [0m] Listening on Journal Socket (/dev/log).
         Starting Journal Service...
         Starting Setup Virtual Console...
         Mounting Kernel Debug File System...
         Starting Monitoring of LVM2 mirrorsâ€¦ng dmeventd or progress polling...
         Mounting POSIX Message Queue File System...
[[0;32m  OK  [0m] Listening on udev Control Socket.
         Starting udev Coldplug all Devices...
[[0;32m  OK  [0m] Listening on LVM2 poll daemon socket.
[[0;32m  OK  [0m] Started Forward Password Requests to Wall Directory Watch.
[[0;32m  OK  [0m] Reached target Swap.
[    4.207096] EXT4-fs (sda): re-mounted 23a53bb9-f815-47a5-b74c-5e08f7731193. Quota mode: none.
[[0;1;31mFAILED[0m] Failed to start Load Kernel Modules.
See 'systemctl status systemd-modules-load.service' for details.
[[0;32m  OK  [0m] Started Remount Root and Kernel File Systems.
[[0;32m  OK  [0m] Mounted Huge Pages File System.
[[0;32m  OK  [0m] Mounted Kernel Debug File System.
[[0;32m  OK  [0m] Mounted POSIX Message Queue File System.
         Starting Create Static Device Nodes in /dev...
         Starting Load/Save Random Seed...
         Starting Apply Kernel Variables...
         Mounting Kernel Configuration File System...
         Mounting FUSE Control File System...
[[0;32m  OK  [0m] Started Journal Service.
[[0;32m  OK  [0m] Started Create Static Device Nodes in /dev.
[[0;32m  OK  [0m] Started Load/Save Random Seed.
[[0;32m  OK  [0m] Started Apply Kernel Variables.
[[0;32m  OK  [0m] Mounted Kernel Configuration File System.
[[0;32m  OK  [0m] Mounted FUSE Control File System.
         Starting udev Kernel Device Manager...
         Starting Flush Journal to Persistent Storage...
[[0;32m  OK  [0m] Started Setup Virtual Console.
[[0;32m  OK  [0m] Started Flush Journal to Persistent Storage.
[[0;32m  OK  [0m] Started udev Kernel Device Manager.
[[0;32m  OK  [0m] Started udev Coldplug all Devices.
         Starting udev Wait for Complete Device Initialization...
         Starting Show Plymouth Boot Screen...
[[0;32m  OK  [0m] Started Show Plymouth Boot Screen.
[[0;32m  OK  [0m] Started Forward Password Requests to Plymouth Directory Watch.
[[0;32m  OK  [0m] Reached target Local Encrypted Volumes.
[[0;32m  OK  [0m] Reached target Paths.
[[0;32m  OK  [0m] Found device /dev/ttyS0.
[[0;32m  OK  [0m] Started udev Wait for Complete Device Initialization.
[[0;32m  OK  [0m] Started Monitoring of LVM2 mirrors,â€¦sing dmeventd or progress polling.
[[0;32m  OK  [0m] Listening on Load/Save RF Kill Switch Status /dev/rfkill Watch.
[[0;32m  OK  [0m] Reached target Local File Systems (Pre).
[[0;32m  OK  [0m] Reached target Local File Systems.
         Starting Restore /run/initramfs on shutdown...
         Starting Create Volatile Files and Directories...
         Starting Tell Plymouth To Write Out Runtime Data...
[[0;32m  OK  [0m] Started Restore /run/initramfs on shutdown.
[[0;32m  OK  [0m] Started Create Volatile Files and Directories.
[[0;32m  OK  [0m] Started Tell Plymouth To Write Out Runtime Data.
         Starting RPC Bind...
         Starting Security Auditing Service...
         Mounting RPC Pipe File System...
[[0;32m  OK  [0m] Mounted RPC Pipe File System.
[[0;32m  OK  [0m] Reached target rpc_pipefs.target.
[[0;32m  OK  [0m] Started RPC Bind.
[[0;32m  OK  [0m] Started Security Auditing Service.
         Starting Update UTMP about System Boot/Shutdown...
[[0;32m  OK  [0m] Started Update UTMP about System Boot/Shutdown.
[[0;32m  OK  [0m] Reached target System Initialization.
[[0;32m  OK  [0m] Started daily update of the root trust anchor for DNSSEC.
[[0;32m  OK  [0m] Listening on D-Bus System Message Bus Socket.
[[0;32m  OK  [0m] Started Daily Cleanup of Temporary Directories.
[[0;32m  OK  [0m] Started dnf makecache --timer.
[[0;32m  OK  [0m] Reached target Timers.
[[0;32m  OK  [0m] Listening on SSSD Kerberos Cache Manager responder socket.
[[0;32m  OK  [0m] Reached target Sockets.
[[0;32m  OK  [0m] Reached target Basic System.
         Starting Self Monitoring and Reporting Technology (SMART) Daemon...
[[0;32m  OK  [0m] Started irqbalance daemon.
         Starting NTP client/server...
         Starting Authorization Manager...
         Starting Login Service...
[[0;32m  OK  [0m] Started Machine Check Exception Logging Daemon.
         Starting Auto-connect to subsystemsâ€¦-NVME devices found during boot...
[[0;32m  OK  [0m] Started D-Bus System Message Bus.
         Starting Network Manager...
[[0;32m  OK  [0m] Reached target sshd-keygen.target.
[[0;32m  OK  [0m] Started Auto-connect to subsystems â€¦FC-NVME devices found during boot.
[[0;32m  OK  [0m] Started Self Monitoring and Reporting Technology (SMART) Daemon.
[[0;32m  OK  [0m] Started Login Service.
[[0;32m  OK  [0m] Started Network Manager.
[[0;32m  OK  [0m] Reached target Network.
         Starting GSSAPI Proxy Daemon...
         Starting OpenSSH server daemon...
         Starting Dynamic System Tuning Daemon...
         Starting Network Manager Wait Online...
[[0;32m  OK  [0m] Started NTP client/server.
         Starting Hostname Service...
[[0;32m  OK  [0m] Started OpenSSH server daemon.
[[0;32m  OK  [0m] Started GSSAPI Proxy Daemon.
[[0;32m  OK  [0m] Reached target NFS client services.
[[0;32m  OK  [0m] Reached target Remote File Systems (Pre).
[[0;32m  OK  [0m] Reached target Remote File Systems.
         Starting Permit User Sessions...
[[0;32m  OK  [0m] Started Permit User Sessions.
         Starting Hold until boot process finishes up...
         Starting Terminate Plymouth Boot Screen...
[[0;32m  OK  [0m] Started Command Scheduler.
[    5.899153] e1000: eth0 NIC Link is Up 1000 Mbps Full Duplex, Flow Control: RX
[    5.899801] IPv6: ADDRCONF(NETDEV_CHANGE): eth0: link becomes ready
[    6.058235] Spectre V2 : WARNING: Unprivileged eBPF is enabled with eIBRS on, data leaks possible via Spectre v2 BHB attacks!
[    6.058892] Spectre V2 : WARNING: Unprivileged eBPF is enabled with eIBRS on, data leaks possible via Spectre v2 BHB attacks!

CentOS Stream 8
Kernel 6.2.0-1d2aea1bcf68+ on an x86_64

test login: [   24.752512] memfd_create() without MFD_EXEC nor MFD_NOEXEC_SEAL, pid=333 'systemd'
[   28.438802] loop0: detected capacity change from 0 to 65536
[   28.439284] XFS: ikeep mount option is deprecated.
[   28.440902] XFS (loop0): Mounting V5 Filesystem d408de26-55fb-48ab-a8ab-aacedb20f9dd
[   28.445943] XFS (loop0): Ending clean mount
[   28.446880] XFS (loop0): Quotacheck needed: Please wait.
[   28.450333] XFS (loop0): Metadata CRC error detected at xfs_agf_read_verify+0x10e/0x140, xfs_agf block 0x1 
[   28.451154] XFS (loop0): Unmount and run xfs_repair
[   28.451520] XFS (loop0): First 128 bytes of corrupted metadata buffer:
[   28.451997] 00000000: 58 41 47 46 00 00 00 01 00 00 00 00 00 00 40 00  XAGF..........@.
[   28.452571] 00000010: 00 00 00 02 00 00 00 03 00 00 00 00 00 00 00 01  ................
[   28.453144] 00000020: 00 00 00 01 00 00 00 00 00 00 01 00 00 00 00 04  ................
[   28.453719] 00000030: 00 00 00 04 00 00 3f ca 00 00 3f c7 00 00 00 00  ......?...?.....
[   28.454302] 00000040: d4 08 de 26 55 fb 48 ab a8 ab aa ce db 20 f9 dd  ...&U.H...... ..
[   28.454878] 00000050: 00 00 00 00 00 00 00 00 00 00 00 00 00 00 00 00  ................
[   28.455470] 00000060: 00 00 00 00 00 00 00 00 00 00 00 00 00 00 00 00  ................
[   28.456051] 00000070: 00 00 00 00 00 00 00 00 00 00 00 00 00 00 00 00  ................
[   28.456800] XFS (loop0): metadata I/O error in "xfs_read_agf+0xd0/0x2c0" at daddr 0x1 len 1 error 74
[   28.457774] XFS (loop0): Quotacheck: Unsuccessful (Error -117): Disabling quotas.
[   28.467259] XFS (loop0): Metadata CRC error detected at xfs_agf_read_verify+0x10e/0x140, xfs_agf block 0x1 
[   28.467677] XFS (loop0): Unmount and run xfs_repair
[   28.467881] XFS (loop0): First 128 bytes of corrupted metadata buffer:
[   28.468150] 00000000: 58 41 47 46 00 00 00 01 00 00 00 00 00 00 40 00  XAGF..........@.
[   28.468475] 00000010: 00 00 00 02 00 00 00 03 00 00 00 00 00 00 00 01  ................
[   28.468799] 00000020: 00 00 00 01 00 00 00 00 00 00 01 00 00 00 00 04  ................
[   28.469124] 00000030: 00 00 00 04 00 00 3f ca 00 00 3f c7 00 00 00 00  ......?...?.....
[   28.469448] 00000040: d4 08 de 26 55 fb 48 ab a8 ab aa ce db 20 f9 dd  ...&U.H...... ..
[   28.469772] 00000050: 00 00 00 00 00 00 00 00 00 00 00 00 00 00 00 00  ................
[   28.470099] 00000060: 00 00 00 00 00 00 00 00 00 00 00 00 00 00 00 00  ................
[   28.470423] 00000070: 00 00 00 00 00 00 00 00 00 00 00 00 00 00 00 00  ................
[   28.470763] XFS (loop0): metadata I/O error in "xfs_read_agf+0xd0/0x2c0" at daddr 0x1 len 1 error 74
[   28.471597] XFS (loop0): page discard on page 00000000fcd8d3e7, inode 0x2b, pos 0.
[   28.474550] XFS (loop0): Unmounting Filesystem d408de26-55fb-48ab-a8ab-aacedb20f9dd
[   28.475917] XFS (loop0): SB summary counter sanity check failed
[   28.476370] XFS (loop0): Metadata corruption detected at xfs_sb_write_verify+0x7d/0x180, xfs_sb block 0x0 
[   28.477086] XFS (loop0): Unmount and run xfs_repair
[   28.477447] XFS (loop0): First 128 bytes of corrupted metadata buffer:
[   28.477922] 00000000: 58 46 53 42 00 00 04 00 00 00 00 00 00 00 80 00  XFSB............
[   28.478509] 00000010: 00 00 00 00 00 00 00 00 00 00 00 00 00 00 00 00  ................
[   28.479147] 00000020: d4 08 de 26 55 fb 48 ab a8 ab aa ce db 20 f9 dd  ...&U.H...... ..
[   28.479730] 00000030: 00 00 00 00 00 00 40 08 00 00 00 00 00 00 00 20  ......@........ 
[   28.480311] 00000040: 00 00 00 00 00 00 00 21 00 00 00 00 00 00 00 22  .......!......."
[   28.480887] 00000050: 00 00 00 04 00 00 40 00 00 00 00 02 00 00 00 00  ......@.........
[   28.481467] 00000060: 00 00 04 98 b4 f5 02 00 02 00 00 02 00 00 00 00  ................
[   28.482057] 00000070: 00 00 00 00 00 00 00 00 0a 09 09 01 0e 00 00 14  ................
[   28.482984] XFS (loop0): Corruption of in-memory data (0x8) detected at _xfs_buf_ioapply+0x67d/0x690 (fs/xfs/xfs_buf.c:1553).  Shutting down filesystem.
[   28.483572] XFS (loop0): Please unmount the filesystem and rectify the problem(s)
[   56.343049] watchdog: BUG: soft lockup - CPU#0 stuck for 26s! [repro:537]
[   56.343374] Modules linked in:
[   56.343513] irq event stamp: 26516
[   56.343658] hardirqs last  enabled at (26515): [<ffffffff8300087e>] irqentry_exit+0x3e/0xa0
[   56.344018] hardirqs last disabled at (26516): [<ffffffff82ffe863>] sysvec_apic_timer_interrupt+0x13/0xe0
[   56.344409] softirqs last  enabled at (26502): [<ffffffff83023a4c>] __do_softirq+0x31c/0x49c
[   56.344759] softirqs last disabled at (26497): [<ffffffff8112b574>] irq_exit_rcu+0xc4/0x100
[   56.345105] CPU: 0 PID: 537 Comm: repro Not tainted 6.2.0-1d2aea1bcf68+ #1
[   56.345387] Hardware name: QEMU Standard PC (i440FX + PIIX, 1996), BIOS rel-1.16.0-0-gd239552ce722-prebuilt.qemu.org 04/01/2014
[   56.345841] RIP: 0010:check_kcov_mode+0x30/0x40
[   56.346047] Code: d5 7e 89 c2 48 89 e5 81 e2 00 01 00 00 a9 00 01 ff 00 74 10 31 c0 85 d2 74 15 8b 96 54 1d 00 00 85 d2 74 0b 8b 86 30 1d 00 00 <39> f8 0f 94 c0 5d c3 cc cc cc cc 0f 1f 44 00 00 90 90 90 90 90 90
[   56.346783] RSP: 0018:ffffc90001047c48 EFLAGS: 00000246
[   56.347001] RAX: 0000000000000000 RBX: ffff888013e30000 RCX: ffffffff81a244cb
[   56.347292] RDX: 0000000000000000 RSI: ffff888013e30000 RDI: 0000000000000002
[   56.347583] RBP: ffffc90001047c48 R08: 0000000000000000 R09: 0000000000000001
[   56.347874] R10: ffff888013e30d98 R11: 0000000000000000 R12: ffffffff81a242c6
[   56.348167] R13: ffff888011fde000 R14: 0000000000000001 R15: ffff88800db32b80
[   56.348458] FS:  00007f8eb2dc0740(0000) GS:ffff88807dc00000(0000) knlGS:0000000000000000
[   56.348786] CS:  0010 DS: 0000 ES: 0000 CR0: 0000000080050033
[   56.349026] CR2: 0000000001ecc2d8 CR3: 000000000f1a6005 CR4: 0000000000770ef0
[   56.349320] PKRU: 55555554
[   56.349439] Call Trace:
[   56.349545]  <TASK>
[   56.349640]  __sanitizer_cov_trace_pc+0x25/0x60
[   56.349841]  ? xfs_icwalk+0x31/0xf0
[   56.350004]  xfs_perag_grab_tag+0x156/0x510
[   56.350191]  xfs_icwalk+0x31/0xf0
[   56.350345]  xfs_reclaim_inodes+0xc6/0x140
[   56.350531]  xfs_unmount_flush_inodes+0x63/0x80
[   56.350729]  xfs_unmountfs+0x69/0x1f0
[   56.350893]  xfs_fs_put_super+0x5a/0x120
[   56.351072]  ? __pfx_xfs_fs_put_super+0x10/0x10
[   56.351273]  generic_shutdown_super+0xac/0x240
[   56.351477]  kill_block_super+0x43/0x80
[   56.351651]  deactivate_locked_super+0x52/0xb0
[   56.351844]  deactivate_super+0xb3/0xd0
[   56.352013]  cleanup_mnt+0x15e/0x1e0
[   56.352178]  __cleanup_mnt+0x1f/0x30
[   56.352341]  task_work_run+0xb6/0x120
[   56.352508]  exit_to_user_mode_prepare+0x200/0x210
[   56.352716]  syscall_exit_to_user_mode+0x2d/0x60
[   56.352918]  do_syscall_64+0x4a/0x90
[   56.353079]  entry_SYSCALL_64_after_hwframe+0x72/0xdc
[   56.353300] RIP: 0033:0x7f8eb2eec7db
[   56.353455] Code: 96 0c 00 f7 d8 64 89 01 48 83 c8 ff c3 66 90 f3 0f 1e fa 31 f6 e9 05 00 00 00 0f 1f 44 00 00 f3 0f 1e fa b8 a6 00 00 00 0f 05 <48> 3d 01 f0 ff ff 73 01 c3 48 8b 0d 95 96 0c 00 f7 d8 64 89 01 48
[   56.354195] RSP: 002b:00007ffe35c8d0e8 EFLAGS: 00000206 ORIG_RAX: 00000000000000a6
[   56.354504] RAX: 0000000000000000 RBX: 0000000000000000 RCX: 00007f8eb2eec7db
[   56.354794] RDX: 0000000000000000 RSI: 000000000000000a RDI: 00007ffe35c8d190
[   56.355084] RBP: 00007ffe35c8e1d0 R08: 0000000001ec4333 R09: 0000000000000009
[   56.355376] R10: 0000000000404071 R11: 0000000000000206 R12: 00000000004012c0
[   56.355669] R13: 00007ffe35c8e310 R14: 0000000000000000 R15: 0000000000000000
[   56.355968]  </TASK>
[   56.356067] Kernel panic - not syncing: softlockup: hung tasks
[   56.356310] CPU: 0 PID: 537 Comm: repro Tainted: G             L     6.2.0-1d2aea1bcf68+ #1
[   56.356649] Hardware name: QEMU Standard PC (i440FX + PIIX, 1996), BIOS rel-1.16.0-0-gd239552ce722-prebuilt.qemu.org 04/01/2014
[   56.357104] Call Trace:
[   56.357210]  <IRQ>
[   56.357301]  dump_stack_lvl+0xa9/0x110
[   56.357468]  dump_stack+0x19/0x20
[   56.357616]  panic+0x4c6/0x4e0
[   56.357756]  ? watchdog_timer_fn+0x31e/0x390
[   56.357952]  watchdog_timer_fn+0x337/0x390
[   56.358137]  ? __pfx_watchdog_timer_fn+0x10/0x10
[   56.358338]  __hrtimer_run_queues+0x2ed/0x820
[   56.358539]  hrtimer_interrupt+0x134/0x2d0
[   56.358726]  __sysvec_apic_timer_interrupt+0x9c/0x290
[   56.358946]  sysvec_apic_timer_interrupt+0xab/0xe0
[   56.359151]  </IRQ>
[   56.359245]  <TASK>
[   56.359340]  asm_sysvec_apic_timer_interrupt+0x1f/0x30
[   56.359559] RIP: 0010:check_kcov_mode+0x30/0x40
[   56.359760] Code: d5 7e 89 c2 48 89 e5 81 e2 00 01 00 00 a9 00 01 ff 00 74 10 31 c0 85 d2 74 15 8b 96 54 1d 00 00 85 d2 74 0b 8b 86 30 1d 00 00 <39> f8 0f 94 c0 5d c3 cc cc cc cc 0f 1f 44 00 00 90 90 90 90 90 90
[   56.360493] RSP: 0018:ffffc90001047c48 EFLAGS: 00000246
[   56.360711] RAX: 0000000000000000 RBX: ffff888013e30000 RCX: ffffffff81a244cb
[   56.361000] RDX: 0000000000000000 RSI: ffff888013e30000 RDI: 0000000000000002
[   56.361288] RBP: ffffc90001047c48 R08: 0000000000000000 R09: 0000000000000001
[   56.361577] R10: ffff888013e30d98 R11: 0000000000000000 R12: ffffffff81a242c6
[   56.361866] R13: ffff888011fde000 R14: 0000000000000001 R15: ffff88800db32b80
[   56.362159]  ? xfs_perag_grab_tag+0x156/0x510
[   56.362351]  ? xfs_perag_grab_tag+0x35b/0x510
[   56.362545]  __sanitizer_cov_trace_pc+0x25/0x60
[   56.362746]  ? xfs_icwalk+0x31/0xf0
[   56.362903]  xfs_perag_grab_tag+0x156/0x510
[   56.363086]  xfs_icwalk+0x31/0xf0
[   56.363239]  xfs_reclaim_inodes+0xc6/0x140
[   56.363424]  xfs_unmount_flush_inodes+0x63/0x80
[   56.363619]  xfs_unmountfs+0x69/0x1f0
[   56.363782]  xfs_fs_put_super+0x5a/0x120
[   56.363957]  ? __pfx_xfs_fs_put_super+0x10/0x10
[   56.364157]  generic_shutdown_super+0xac/0x240
[   56.364356]  kill_block_super+0x43/0x80
[   56.364529]  deactivate_locked_super+0x52/0xb0
[   56.364721]  deactivate_super+0xb3/0xd0
[   56.364888]  cleanup_mnt+0x15e/0x1e0
[   56.365051]  __cleanup_mnt+0x1f/0x30
[   56.365213]  task_work_run+0xb6/0x120
[   56.365377]  exit_to_user_mode_prepare+0x200/0x210
[   56.365583]  syscall_exit_to_user_mode+0x2d/0x60
[   56.365785]  do_syscall_64+0x4a/0x90
[   56.365943]  entry_SYSCALL_64_after_hwframe+0x72/0xdc
[   56.366159] RIP: 0033:0x7f8eb2eec7db
[   56.366312] Code: 96 0c 00 f7 d8 64 89 01 48 83 c8 ff c3 66 90 f3 0f 1e fa 31 f6 e9 05 00 00 00 0f 1f 44 00 00 f3 0f 1e fa b8 a6 00 00 00 0f 05 <48> 3d 01 f0 ff ff 73 01 c3 48 8b 0d 95 96 0c 00 f7 d8 64 89 01 48
[   56.367044] RSP: 002b:00007ffe35c8d0e8 EFLAGS: 00000206 ORIG_RAX: 00000000000000a6
[   56.367352] RAX: 0000000000000000 RBX: 0000000000000000 RCX: 00007f8eb2eec7db
[   56.367641] RDX: 0000000000000000 RSI: 000000000000000a RDI: 00007ffe35c8d190
[   56.367929] RBP: 00007ffe35c8e1d0 R08: 0000000001ec4333 R09: 0000000000000009
[   56.368217] R10: 0000000000404071 R11: 0000000000000206 R12: 00000000004012c0
[   56.368506] R13: 00007ffe35c8e310 R14: 0000000000000000 R15: 0000000000000000
[   56.368804]  </TASK>
[   56.369073] Kernel Offset: disabled
[   56.369255] ---[ end Kernel panic - not syncing: softlockup: hung tasks ]---
