c[?7l[2J[0mSeaBIOS (version rel-1.16.0-0-gd239552ce722-prebuilt.qemu.org)


iPXE (http://ipxe.org) 00:03.0 CA00 PCI2.10 PnP PMM+7FF91000+7FEF1000 CA00
Press Ctrl-B to configure iPXE (PCI 00:03.0)...                                                                               


Booting from ROM..c[?7l[2J[    0.000000] Linux version 6.1.0-3ba2c3ff98ea+ (root@p-adls01) (gcc (GCC) 8.5.0 20210514 (Red Hat 8.5.0-18), GNU ld version 2.36.1-2.el8) #1 SMP PREEMPT_DYNAMIC Wed Mar  8 15:30:13 CST 2023
[    0.000000] Command line: console=ttyS0 root=/dev/sda earlyprintk=serial net.ifnames=0
[    0.000000] KERNEL supported cpus:
[    0.000000]   Intel GenuineIntel
[    0.000000]   AMD AuthenticAMD
[    0.000000]   Hygon HygonGenuine
[    0.000000]   Centaur CentaurHauls
[    0.000000]   zhaoxin   Shanghai  
[    0.000000] x86/fpu: Supporting XSAVE feature 0x001: 'x87 floating point registers'
[    0.000000] x86/fpu: Supporting XSAVE feature 0x002: 'SSE registers'
[    0.000000] x86/fpu: Supporting XSAVE feature 0x004: 'AVX registers'
[    0.000000] x86/fpu: Supporting XSAVE feature 0x200: 'Protection Keys User registers'
[    0.000000] x86/fpu: xstate_offset[2]:  576, xstate_sizes[2]:  256
[    0.000000] x86/fpu: xstate_offset[9]:  832, xstate_sizes[9]:    8
[    0.000000] x86/fpu: Enabled xstate features 0x207, context size is 840 bytes, using 'compacted' format.
[    0.000000] signal: max sigframe size: 3632
[    0.000000] BIOS-provided physical RAM map:
[    0.000000] BIOS-e820: [mem 0x0000000000000000-0x000000000009fbff] usable
[    0.000000] BIOS-e820: [mem 0x000000000009fc00-0x000000000009ffff] reserved
[    0.000000] BIOS-e820: [mem 0x00000000000f0000-0x00000000000fffff] reserved
[    0.000000] BIOS-e820: [mem 0x0000000000100000-0x000000007ffdffff] usable
[    0.000000] BIOS-e820: [mem 0x000000007ffe0000-0x000000007fffffff] reserved
[    0.000000] BIOS-e820: [mem 0x00000000feffc000-0x00000000feffffff] reserved
[    0.000000] BIOS-e820: [mem 0x00000000fffc0000-0x00000000ffffffff] reserved
[    0.000000] printk: bootconsole [earlyser0] enabled
[    0.000000] NX (Execute Disable) protection: active
[    0.000000] SMBIOS 2.8 present.
[    0.000000] DMI: QEMU Standard PC (i440FX + PIIX, 1996), BIOS rel-1.16.0-0-gd239552ce722-prebuilt.qemu.org 04/01/2014
[    0.000000] Hypervisor detected: KVM
[    0.000000] kvm-clock: Using msrs 4b564d01 and 4b564d00
[    0.000004] kvm-clock: using sched offset of 384420884 cycles
[    0.000349] clocksource: kvm-clock: mask: 0xffffffffffffffff max_cycles: 0x1cd42e4dffb, max_idle_ns: 881590591483 ns
[    0.001431] tsc: Detected 3609.600 MHz processor
[    0.008090] last_pfn = 0x7ffe0 max_arch_pfn = 0x400000000
[    0.008537] x86/PAT: Configuration [0-7]: WB  WC  UC- UC  WB  WP  UC- WT  
[    0.017559] found SMP MP-table at [mem 0x000f5ba0-0x000f5baf]
[    0.018049] Using GB pages for direct mapping
[    0.019540] ACPI: Early table checksum verification disabled
[    0.019947] ACPI: RSDP 0x00000000000F59C0 000014 (v00 BOCHS )
[    0.020348] ACPI: RSDT 0x000000007FFE1951 000034 (v01 BOCHS  BXPC     00000001 BXPC 00000001)
[    0.020942] ACPI: FACP 0x000000007FFE17FD 000074 (v01 BOCHS  BXPC     00000001 BXPC 00000001)
[    0.021541] ACPI: DSDT 0x000000007FFE0040 0017BD (v01 BOCHS  BXPC     00000001 BXPC 00000001)
[    0.022124] ACPI: FACS 0x000000007FFE0000 000040
[    0.022445] ACPI: APIC 0x000000007FFE1871 000080 (v01 BOCHS  BXPC     00000001 BXPC 00000001)
[    0.023019] ACPI: HPET 0x000000007FFE18F1 000038 (v01 BOCHS  BXPC     00000001 BXPC 00000001)
[    0.023597] ACPI: WAET 0x000000007FFE1929 000028 (v01 BOCHS  BXPC     00000001 BXPC 00000001)
[    0.024173] ACPI: Reserving FACP table memory at [mem 0x7ffe17fd-0x7ffe1870]
[    0.024643] ACPI: Reserving DSDT table memory at [mem 0x7ffe0040-0x7ffe17fc]
[    0.025110] ACPI: Reserving FACS table memory at [mem 0x7ffe0000-0x7ffe003f]
[    0.025569] ACPI: Reserving APIC table memory at [mem 0x7ffe1871-0x7ffe18f0]
[    0.026038] ACPI: Reserving HPET table memory at [mem 0x7ffe18f1-0x7ffe1928]
[    0.026497] ACPI: Reserving WAET table memory at [mem 0x7ffe1929-0x7ffe1950]
[    0.027546] No NUMA configuration found
[    0.027799] Faking a node at [mem 0x0000000000000000-0x000000007ffdffff]
[    0.028291] NODE_DATA(0) allocated [mem 0x7ffb5000-0x7ffdffff]
[    0.031624] Zone ranges:
[    0.031829]   DMA      [mem 0x0000000000001000-0x0000000000ffffff]
[    0.032250]   DMA32    [mem 0x0000000001000000-0x000000007ffdffff]
[    0.032661]   Normal   empty
[    0.032852]   Device   empty
[    0.033053] Movable zone start for each node
[    0.033333] Early memory node ranges
[    0.033566]   node   0: [mem 0x0000000000001000-0x000000000009efff]
[    0.033977]   node   0: [mem 0x0000000000100000-0x000000007ffdffff]
[    0.034395] Initmem setup node 0 [mem 0x0000000000001000-0x000000007ffdffff]
[    0.035218] On node 0, zone DMA: 1 pages in unavailable ranges
[    0.035341] On node 0, zone DMA: 97 pages in unavailable ranges
[    0.053661] On node 0, zone DMA32: 32 pages in unavailable ranges
[    0.054300] ACPI: PM-Timer IO Port: 0x608
[    0.054986] ACPI: LAPIC_NMI (acpi_id[0xff] dfl dfl lint[0x1])
[    0.055417] IOAPIC[0]: apic_id 0, version 17, address 0xfec00000, GSI 0-23
[    0.055888] ACPI: INT_SRC_OVR (bus 0 bus_irq 0 global_irq 2 dfl dfl)
[    0.056306] ACPI: INT_SRC_OVR (bus 0 bus_irq 5 global_irq 5 high level)
[    0.056746] ACPI: INT_SRC_OVR (bus 0 bus_irq 9 global_irq 9 high level)
[    0.057182] ACPI: INT_SRC_OVR (bus 0 bus_irq 10 global_irq 10 high level)
[    0.057627] ACPI: INT_SRC_OVR (bus 0 bus_irq 11 global_irq 11 high level)
[    0.058086] ACPI: Using ACPI (MADT) for SMP configuration information
[    0.058507] ACPI: HPET id: 0x8086a201 base: 0xfed00000
[    0.058862] TSC deadline timer available
[    0.059122] smpboot: Allowing 2 CPUs, 0 hotplug CPUs
[    0.059515] kvm-guest: KVM setup pv remote TLB flush
[    0.059849] kvm-guest: setup PV sched yield
[    0.060192] PM: hibernation: Registered nosave memory: [mem 0x00000000-0x00000fff]
[    0.060704] PM: hibernation: Registered nosave memory: [mem 0x0009f000-0x0009ffff]
[    0.061208] PM: hibernation: Registered nosave memory: [mem 0x000a0000-0x000effff]
[    0.061710] PM: hibernation: Registered nosave memory: [mem 0x000f0000-0x000fffff]
[    0.062221] [mem 0x80000000-0xfeffbfff] available for PCI devices
[    0.062629] Booting paravirtualized kernel on KVM
[    0.062971] clocksource: refined-jiffies: mask: 0xffffffff max_cycles: 0xffffffff, max_idle_ns: 7645519600211568 ns
[    0.063683] setup_percpu: NR_CPUS:8192 nr_cpumask_bits:2 nr_cpu_ids:2 nr_node_ids:1
[    0.065513] percpu: Embedded 64 pages/cpu s225280 r8192 d28672 u1048576
[    0.066194] kvm-guest: PV spinlocks enabled
[    0.066487] PV qspinlock hash table entries: 256 (order: 0, 4096 bytes, linear)
[    0.067013] Fallback order for Node 0: 0 
[    0.067316] Built 1 zonelists, mobility grouping on.  Total pages: 515808
[    0.067768] Policy zone: DMA32
[    0.067972] Kernel command line: net.ifnames=0 console=ttyS0 root=/dev/sda earlyprintk=serial net.ifnames=0
[    0.069083] random: crng init done
[    0.070513] Dentry cache hash table entries: 262144 (order: 9, 2097152 bytes, linear)
[    0.071490] Inode-cache hash table entries: 131072 (order: 8, 1048576 bytes, linear)
[    0.072122] mem auto-init: stack:off, heap alloc:off, heap free:off
[    0.075763] Memory: 1983336K/2096632K available (32784K kernel code, 4700K rwdata, 8352K rodata, 3680K init, 22104K bss, 113040K reserved, 0K cma-reserved)
[    0.077319] SLUB: HWalign=64, Order=0-3, MinObjects=0, CPUs=2, Nodes=1
[    0.077739] kmemleak: Kernel memory leak detector disabled
[    0.078121] ftrace: allocating 67621 entries in 265 pages
[    0.100311] ftrace: allocated 265 pages with 3 groups
[    0.103380] Dynamic Preempt: voluntary
[    0.103777] Running RCU self tests
[    0.104013] rcu: Preemptible hierarchical RCU implementation.
[    0.104376] rcu: 	RCU lockdep checking is enabled.
[    0.104682] rcu: 	RCU restricting CPUs from NR_CPUS=8192 to nr_cpu_ids=2.
[    0.105112] 	Trampoline variant of Tasks RCU enabled.
[    0.105441] 	Rude variant of Tasks RCU enabled.
[    0.105727] 	Tracing variant of Tasks RCU enabled.
[    0.106029] rcu: RCU calculated value of scheduler-enlistment delay is 25 jiffies.
[    0.106508] rcu: Adjusting geometry for rcu_fanout_leaf=16, nr_cpu_ids=2
[    0.130768] NR_IRQS: 524544, nr_irqs: 440, preallocated irqs: 16
[    0.131489] rcu: srcu_init: Setting srcu_struct sizes based on contention.
[    0.138007] Console: colour VGA+ 80x25
[    0.138322] printk: console [ttyS0] enabled
[    0.138322] printk: console [ttyS0] enabled
[    0.138872] printk: bootconsole [earlyser0] disabled
[    0.138872] printk: bootconsole [earlyser0] disabled
[    0.139532] Lock dependency validator: Copyright (c) 2006 Red Hat, Inc., Ingo Molnar
[    0.140035] ... MAX_LOCKDEP_SUBCLASSES:  8
[    0.140307] ... MAX_LOCK_DEPTH:          48
[    0.140587] ... MAX_LOCKDEP_KEYS:        8192
[    0.140876] ... CLASSHASH_SIZE:          4096
[    0.141165] ... MAX_LOCKDEP_ENTRIES:     32768
[    0.141459] ... MAX_LOCKDEP_CHAINS:      65536
[    0.141752] ... CHAINHASH_SIZE:          32768
[    0.142046]  memory used by lock dependency info: 6365 kB
[    0.142400]  memory used for stack traces: 4224 kB
[    0.142716]  per task-struct memory footprint: 1920 bytes
[    0.143119] ACPI: Core revision 20221020
[    0.143572] clocksource: hpet: mask: 0xffffffff max_cycles: 0xffffffff, max_idle_ns: 19112604467 ns
[    0.144353] APIC: Switch to symmetric I/O mode setup
[    0.144820] x2apic enabled
[    0.145139] Switched APIC routing to physical x2apic.
[    0.145485] kvm-guest: setup PV IPIs
[    0.146465] ..TIMER: vector=0x30 apic1=0 pin1=2 apic2=-1 pin2=-1
[    0.146881] clocksource: tsc-early: mask: 0xffffffffffffffff max_cycles: 0x3407c077a8d, max_idle_ns: 440795342283 ns
[    0.147582] Calibrating delay loop (skipped) preset value.. 7219.20 BogoMIPS (lpj=14438400)
[    0.148131] pid_max: default: 32768 minimum: 301
[    0.151662] LSM: initializing lsm=capability,yama,integrity
[    0.152050] Yama: becoming mindful.
[    0.152453] Mount-cache hash table entries: 4096 (order: 3, 32768 bytes, linear)
[    0.153013] Mountpoint-cache hash table entries: 4096 (order: 3, 32768 bytes, linear)
[    0.155613] x86/cpu: User Mode Instruction Prevention (UMIP) activated
[    0.156408] Last level iTLB entries: 4KB 0, 2MB 0, 4MB 0
[    0.156814] Last level dTLB entries: 4KB 0, 2MB 0, 4MB 0, 1GB 0
[    0.157258] Spectre V1 : Mitigation: usercopy/swapgs barriers and __user pointer sanitization
[    0.157825] Spectre V2 : WARNING: Unprivileged eBPF is enabled with eIBRS on, data leaks possible via Spectre v2 BHB attacks!
[    0.158573] Spectre V2 : Mitigation: Enhanced IBRS
[    0.159585] Spectre V2 : Spectre v2 / SpectreRSB mitigation: Filling RSB on context switch
[    0.160110] Spectre V2 : Spectre v2 / PBRSB-eIBRS: Retire a single CALL on VMEXIT
[    0.160597] Spectre V2 : mitigation: Enabling conditional Indirect Branch Prediction Barrier
[    0.161139] Speculative Store Bypass: Mitigation: Speculative Store Bypass disabled via prctl
[    0.258496] Freeing SMP alternatives memory: 56K
[    0.259152] smpboot: CPU0: 12th Gen Intel(R) Core(TM) i7-12700K (family: 0x6, model: 0x97, stepping: 0x2)
[    0.259567] cblist_init_generic: Setting adjustable number of callback queues.
[    0.259567] cblist_init_generic: Setting shift to 1 and lim to 1.
[    0.259567] cblist_init_generic: Setting shift to 1 and lim to 1.
[    0.259567] cblist_init_generic: Setting shift to 1 and lim to 1.
[    0.259567] Running RCU-tasks wait API self tests
[    0.359679] Performance Events: Alderlake Hybrid events, full-width counters, Intel PMU driver.
[    0.360711] core: cpu_core PMU driver: 
[    0.360965] ... version:                2
[    0.361221] ... bit width:              48
[    0.361480] ... generic registers:      6
[    0.361733] ... value mask:             0000ffffffffffff
[    0.362064] ... max period:             00007fffffffffff
[    0.362401] ... fixed-purpose events:   3
[    0.362653] ... event mask:             0001000f0000003f
[    0.363167] rcu: Hierarchical SRCU implementation.
[    0.363470] rcu: 	Max phase no-delay instances is 1000.
[    0.364739] unchecked MSR access error: WRMSR to 0x38f (tried to write 0x0001000f0000003f) at rIP: 0xffffffff810cf45c (native_write_msr+0xc/0x30)
[    0.365588] Call Trace:
[    0.365747]  <TASK>
[    0.365887]  __intel_pmu_enable_all.constprop.46+0xb5/0x140
[    0.366268]  intel_pmu_enable_all+0x1e/0x30
[    0.366537]  x86_pmu_enable+0x46d/0x5a0
[    0.366793]  ? write_comp_data+0x2f/0x90
[    0.367054]  perf_pmu_enable+0x53/0x70
[    0.367307]  ctx_resched+0x14d/0x1e0
[    0.367547]  __perf_install_in_context+0x2f7/0x450
[    0.367567]  ? perf_assert_pmu_disabled.isra.84+0x50/0x50
[    0.367567]  ? perf_assert_pmu_disabled.isra.84+0x50/0x50
[    0.367567]  remote_function+0x80/0xa0
[    0.367567]  ? perf_assert_pmu_disabled.isra.84+0x50/0x50
[    0.367567]  generic_exec_single+0x124/0x190
[    0.367567]  smp_call_function_single+0x11c/0x240
[    0.367567]  ? perf_assert_pmu_disabled.isra.84+0x50/0x50
[    0.367567]  ? __sanitizer_cov_trace_pc+0x25/0x60
[    0.367567]  ? write_comp_data+0x2f/0x90
[    0.367567]  perf_install_in_context+0x2d8/0x300
[    0.367567]  ? ctx_resched+0x1e0/0x1e0
[    0.367567]  perf_event_create_kernel_counter+0x278/0x2a0
[    0.367567]  ? find_next_bit+0x30/0x30
[    0.367567]  hardlockup_detector_event_create+0x46/0xd0
[    0.367567]  hardlockup_detector_perf_init+0x18/0x66
[    0.367567]  watchdog_nmi_probe+0x17/0x1d
[    0.367567]  lockup_detector_init+0x40/0xaf
[    0.367567]  kernel_init_freeable+0x264/0x422
[    0.367567]  ? __wait_for_common+0x19d/0x1f0
[    0.367567]  ? rest_init+0x240/0x240
[    0.367567]  kernel_init+0x24/0x1e0
[    0.367567]  ? rest_init+0x240/0x240
[    0.367567]  ret_from_fork+0x1f/0x30
[    0.367567]  </TASK>
[    0.367602] Callback from call_rcu_tasks_trace() invoked.
[    0.368136] smp: Bringing up secondary CPUs ...
[    0.368834] x86: Booting SMP configuration:
[    0.369110] .... node  #0, CPUs:      #1
[    0.369513] smp: Brought up 1 node, 2 CPUs
[    0.369513] smpboot: Max logical packages: 1
[    0.369513] smpboot: Total of 2 processors activated (14438.40 BogoMIPS)
[    0.373490] devtmpfs: initialized
[    0.373490] x86/mm: Memory block size: 128MB
[    0.376177] clocksource: jiffies: mask: 0xffffffff max_cycles: 0xffffffff, max_idle_ns: 7645041785100000 ns
[    0.376575] futex hash table entries: 512 (order: 4, 65536 bytes, linear)
[    0.377213] pinctrl core: initialized pinctrl subsystem
[    0.377990] 
[    0.378094] *************************************************************
[    0.378519] **     NOTICE NOTICE NOTICE NOTICE NOTICE NOTICE NOTICE    **
[    0.379582] **                                                         **
[    0.380010] **  IOMMU DebugFS SUPPORT HAS BEEN ENABLED IN THIS KERNEL  **
[    0.380433] **                                                         **
[    0.380856] ** This means that this kernel is built to expose internal **
[    0.381281] ** IOMMU data structures, which may compromise security on **
[    0.381716] ** your system.                                            **
[    0.382136] **                                                         **
[    0.382555] ** If you see this message and you are not debugging the   **
[    0.382984] ** kernel, report this immediately to your vendor!         **
[    0.383403] **                                                         **
[    0.383571] **     NOTICE NOTICE NOTICE NOTICE NOTICE NOTICE NOTICE    **
[    0.383994] *************************************************************
[    0.384455] PM: RTC time: 18:34:46, date: 2023-03-10
[    0.387138] NET: Registered PF_NETLINK/PF_ROUTE protocol family
[    0.388027] DMA: preallocated 256 KiB GFP_KERNEL pool for atomic allocations
[    0.388492] DMA: preallocated 256 KiB GFP_KERNEL|GFP_DMA pool for atomic allocations
[    0.388983] DMA: preallocated 256 KiB GFP_KERNEL|GFP_DMA32 pool for atomic allocations
[    0.389515] audit: initializing netlink subsys (disabled)
[    0.389941] audit: type=2000 audit(1678473287.056:1): state=initialized audit_enabled=0 res=1
[    0.389941] thermal_sys: Registered thermal governor 'fair_share'
[    0.389941] thermal_sys: Registered thermal governor 'bang_bang'
[    0.389941] thermal_sys: Registered thermal governor 'step_wise'
[    0.389941] thermal_sys: Registered thermal governor 'user_space'
[    0.391613] cpuidle: using governor ladder
[    0.392264] cpuidle: using governor menu
[    0.392756] acpiphp: ACPI Hot Plug PCI Controller Driver version: 0.5
[    0.393414] PCI: Using configuration type 1 for base access
[    0.394525] kprobes: kprobe jump-optimization is enabled. All kprobes are optimized if possible.
[    0.572363] HugeTLB: registered 1.00 GiB page size, pre-allocated 0 pages
[    0.572819] HugeTLB: 16380 KiB vmemmap can be freed for a 1.00 GiB page
[    0.573325] HugeTLB: registered 2.00 MiB page size, pre-allocated 0 pages
[    0.573837] HugeTLB: 28 KiB vmemmap can be freed for a 2.00 MiB page
[    0.576296] ACPI: Added _OSI(Module Device)
[    0.576646] ACPI: Added _OSI(Processor Device)
[    0.577003] ACPI: Added _OSI(3.0 _SCP Extensions)
[    0.577361] ACPI: Added _OSI(Processor Aggregator Device)
[    0.582510] ACPI: 1 ACPI AML tables successfully acquired and loaded
[    0.585795] ACPI: Interpreter enabled
[    0.586199] ACPI: PM: (supports S0 S3 S4 S5)
[    0.586541] ACPI: Using IOAPIC for interrupt routing
[    0.586988] PCI: Using host bridge windows from ACPI; if necessary, use "pci=nocrs" and report a bug
[    0.587574] PCI: Using E820 reservations for host bridge windows
[    0.588612] ACPI: Enabled 2 GPEs in block 00 to 0F
[    0.602929] ACPI: PCI Root Bridge [PCI0] (domain 0000 [bus 00-ff])
[    0.603380] acpi PNP0A03:00: _OSC: OS supports [ASPM ClockPM Segments MSI EDR HPX-Type3]
[    0.603582] acpi PNP0A03:00: _OSC: not requesting OS control; OS requires [ExtendedConfig ASPM ClockPM MSI]
[    0.604243] acpi PNP0A03:00: fail to add MMCONFIG information, can't access extended PCI configuration space under this bridge.
[    0.606924] acpiphp: Slot [3] registered
[    0.607265] acpiphp: Slot [4] registered
[    0.607607] acpiphp: Slot [5] registered
[    0.607915] acpiphp: Slot [6] registered
[    0.608228] acpiphp: Slot [7] registered
[    0.608552] acpiphp: Slot [8] registered
[    0.608852] acpiphp: Slot [9] registered
[    0.609151] acpiphp: Slot [10] registered
[    0.609456] acpiphp: Slot [11] registered
[    0.609760] acpiphp: Slot [12] registered
[    0.610066] acpiphp: Slot [13] registered
[    0.610371] acpiphp: Slot [14] registered
[    0.610676] acpiphp: Slot [15] registered
[    0.610984] acpiphp: Slot [16] registered
[    0.611291] acpiphp: Slot [17] registered
[    0.611597] acpiphp: Slot [18] registered
[    0.611916] acpiphp: Slot [19] registered
[    0.612226] acpiphp: Slot [20] registered
[    0.612589] acpiphp: Slot [21] registered
[    0.612948] acpiphp: Slot [22] registered
[    0.613306] acpiphp: Slot [23] registered
[    0.613665] acpiphp: Slot [24] registered
[    0.614026] acpiphp: Slot [25] registered
[    0.614386] acpiphp: Slot [26] registered
[    0.614769] acpiphp: Slot [27] registered
[    0.615132] acpiphp: Slot [28] registered
[    0.615493] acpiphp: Slot [29] registered
[    0.615635] acpiphp: Slot [30] registered
[    0.615994] acpiphp: Slot [31] registered
[    0.616285] PCI host bridge to bus 0000:00
[    0.616610] pci_bus 0000:00: root bus resource [io  0x0000-0x0cf7 window]
[    0.617143] pci_bus 0000:00: root bus resource [io  0x0d00-0xffff window]
[    0.617683] pci_bus 0000:00: root bus resource [mem 0x000a0000-0x000bffff window]
[    0.618275] pci_bus 0000:00: root bus resource [mem 0x80000000-0xfebfffff window]
[    0.618861] pci_bus 0000:00: root bus resource [mem 0x100000000-0x17fffffff window]
[    0.619462] pci_bus 0000:00: root bus resource [bus 00-ff]
[    0.619672] pci 0000:00:00.0: [8086:1237] type 00 class 0x060000
[    0.622592] pci 0000:00:01.0: [8086:7000] type 00 class 0x060100
[    0.623637] pci 0000:00:01.1: [8086:7010] type 00 class 0x010180
[    0.625192] pci 0000:00:01.1: reg 0x20: [io  0xc040-0xc04f]
[    0.626104] pci 0000:00:01.1: legacy IDE quirk: reg 0x10: [io  0x01f0-0x01f7]
[    0.626652] pci 0000:00:01.1: legacy IDE quirk: reg 0x14: [io  0x03f6]
[    0.627159] pci 0000:00:01.1: legacy IDE quirk: reg 0x18: [io  0x0170-0x0177]
[    0.627575] pci 0000:00:01.1: legacy IDE quirk: reg 0x1c: [io  0x0376]
[    0.628277] pci 0000:00:01.3: [8086:7113] type 00 class 0x068000
[    0.628918] pci 0000:00:01.3: quirk: [io  0x0600-0x063f] claimed by PIIX4 ACPI
[    0.629394] pci 0000:00:01.3: quirk: [io  0x0700-0x070f] claimed by PIIX4 SMB
[    0.630074] pci 0000:00:02.0: [1234:1111] type 00 class 0x030000
[    0.632114] pci 0000:00:02.0: reg 0x10: [mem 0xfd000000-0xfdffffff pref]
[    0.635210] pci 0000:00:02.0: reg 0x18: [mem 0xfebf0000-0xfebf0fff]
[    0.639433] pci 0000:00:02.0: reg 0x30: [mem 0xfebe0000-0xfebeffff pref]
[    0.639826] pci 0000:00:02.0: Video device with shadowed ROM at [mem 0x000c0000-0x000dffff]
[    0.644905] pci 0000:00:03.0: [8086:100e] type 00 class 0x020000
[    0.646243] pci 0000:00:03.0: reg 0x10: [mem 0xfebc0000-0xfebdffff]
[    0.647501] pci 0000:00:03.0: reg 0x14: [io  0xc000-0xc03f]
[    0.650475] pci 0000:00:03.0: reg 0x30: [mem 0xfeb80000-0xfebbffff pref]
[    0.659663] ACPI: PCI: Interrupt link LNKA configured for IRQ 10
[    0.660375] ACPI: PCI: Interrupt link LNKB configured for IRQ 10
[    0.661057] ACPI: PCI: Interrupt link LNKC configured for IRQ 11
[    0.661757] ACPI: PCI: Interrupt link LNKD configured for IRQ 11
[    0.662275] ACPI: PCI: Interrupt link LNKS configured for IRQ 9
[    0.663805] iommu: Default domain type: Translated 
[    0.664126] iommu: DMA domain TLB invalidation policy: lazy mode 
[    0.665395] SCSI subsystem initialized
[    0.665878] ACPI: bus type USB registered
[    0.666175] usbcore: registered new interface driver usbfs
[    0.666542] usbcore: registered new interface driver hub
[    0.666898] usbcore: registered new device driver usb
[    0.667314] pps_core: LinuxPPS API ver. 1 registered
[    0.667574] pps_core: Software ver. 5.3.6 - Copyright 2005-2007 Rodolfo Giometti <giometti@linux.it>
[    0.668154] PTP clock support registered
[    0.668535] EDAC MC: Ver: 3.0.0
[    0.669845] NetLabel: Initializing
[    0.670072] NetLabel:  domain hash size = 128
[    0.670347] NetLabel:  protocols = UNLABELED CIPSOv4 CALIPSO
[    0.670742] NetLabel:  unlabeled traffic allowed by default
[    0.671400] PCI: Using ACPI for IRQ routing
[    0.671762] pci 0000:00:02.0: vgaarb: setting as boot VGA device
[    0.672153] pci 0000:00:02.0: vgaarb: bridge control possible
[    0.672522] pci 0000:00:02.0: vgaarb: VGA device added: decodes=io+mem,owns=io+mem,locks=none
[    0.673062] vgaarb: loaded
[    0.674067] hpet0: at MMIO 0xfed00000, IRQs 2, 8, 0
[    0.674406] hpet0: 3 comparators, 64-bit 100.000000 MHz counter
[    2.715200] clocksource: Switched to clocksource kvm-clock
[    2.715567] VFS: Disk quotas dquot_6.6.0
[    2.715567] VFS: Dquot-cache hash table entries: 512 (order 0, 4096 bytes)
[    2.715567] pnp: PnP ACPI init
[    2.715620] pnp: PnP ACPI: found 6 devices
[    2.725530] clocksource: acpi_pm: mask: 0xffffff max_cycles: 0xffffff, max_idle_ns: 2085701024 ns
[    2.726447] NET: Registered PF_INET protocol family
[    2.726927] IP idents hash table entries: 32768 (order: 6, 262144 bytes, linear)
[    2.728228] tcp_listen_portaddr_hash hash table entries: 1024 (order: 4, 73728 bytes, linear)
[    2.728816] Table-perturb hash table entries: 65536 (order: 6, 262144 bytes, linear)
[    2.729313] TCP established hash table entries: 16384 (order: 5, 131072 bytes, linear)
[    2.730017] TCP bind hash table entries: 16384 (order: 9, 2359296 bytes, linear)
[    2.732207] TCP: Hash tables configured (established 16384 bind 16384)
[    2.732761] UDP hash table entries: 1024 (order: 5, 163840 bytes, linear)
[    2.733282] UDP-Lite hash table entries: 1024 (order: 5, 163840 bytes, linear)
[    2.733916] NET: Registered PF_UNIX/PF_LOCAL protocol family
[    2.743875] RPC: Registered named UNIX socket transport module.
[    2.744286] RPC: Registered udp transport module.
[    2.744587] RPC: Registered tcp transport module.
[    2.744887] RPC: Registered tcp NFSv4.1 backchannel transport module.
[    2.745322] pci_bus 0000:00: resource 4 [io  0x0000-0x0cf7 window]
[    2.745722] pci_bus 0000:00: resource 5 [io  0x0d00-0xffff window]
[    2.746118] pci_bus 0000:00: resource 6 [mem 0x000a0000-0x000bffff window]
[    2.746557] pci_bus 0000:00: resource 7 [mem 0x80000000-0xfebfffff window]
[    2.746996] pci_bus 0000:00: resource 8 [mem 0x100000000-0x17fffffff window]
[    2.747669] pci 0000:00:01.0: PIIX3: Enabling Passive Release
[    2.748048] pci 0000:00:00.0: Limiting direct PCI/PCI transfers
[    2.748518] PCI: CLS 0 bytes, default 64
[    2.748812] ACPI: bus type thunderbolt registered
[    2.749414] clocksource: tsc: mask: 0xffffffffffffffff max_cycles: 0x3407c077a8d, max_idle_ns: 440795342283 ns
[    2.760271] Callback from call_rcu_tasks_rude() invoked.
[    2.819634] Callback from call_rcu_tasks() invoked.
[    2.853691] Initialise system trusted keyrings
[    2.854356] Key type blacklist registered
[    2.855070] workingset: timestamp_bits=36 max_order=19 bucket_order=0
[    2.855765] zbud: loaded
[    2.856531] squashfs: version 4.0 (2009/01/31) Phillip Lougher
[    2.857710] NFS: Registering the id_resolver key type
[    2.858073] Key type id_resolver registered
[    2.858359] Key type id_legacy registered
[    2.858672] nfs4filelayout_init: NFSv4 File Layout Driver Registering...
[    2.859193] nfs4flexfilelayout_init: NFSv4 Flexfile Layout Driver Registering...
[    2.860073] fuse: init (API version 7.38)
[    2.860544] SGI XFS with ACLs, security attributes, realtime, quota, no debug enabled
[    2.861594] 9p: Installing v9fs 9p2000 file system support
[    2.868032] Key type asymmetric registered
[    2.868317] Asymmetric key parser 'x509' registered
[    2.869935] alg: self-tests for CTR-KDF (hmac(sha256)) passed
[    2.870380] Block layer SCSI generic (bsg) driver version 0.4 loaded (major 243)
[    2.871000] io scheduler mq-deadline registered
[    2.871321] io scheduler bfq registered
[    2.872340] shpchp: Standard Hot Plug PCI Controller Driver version: 0.4
[    2.873095] IPMI message handler: version 39.2
[    2.873415] ipmi device interface
[    2.874969] input: Power Button as /devices/LNXSYSTM:00/LNXPWRBN:00/input/input0
[    2.875645] ACPI: button: Power Button [PWRF]
[    2.876703] ERST DBG: ERST support is disabled.
[    2.877454] Serial: 8250/16550 driver, 32 ports, IRQ sharing enabled
[    2.878328] 00:04: ttyS0 at I/O 0x3f8 (irq = 4, base_baud = 115200) is a 16550A
[    2.885632] Linux agpgart interface v0.103
[    2.886395] ACPI: bus type drm_connector registered
[    2.896594] brd: module loaded
[    2.902422] loop: module loaded
[    2.905966] scsi host0: ata_piix
[    2.906580] scsi host1: ata_piix
[    2.906937] ata1: PATA max MWDMA2 cmd 0x1f0 ctl 0x3f6 bmdma 0xc040 irq 14
[    2.907384] ata2: PATA max MWDMA2 cmd 0x170 ctl 0x376 bmdma 0xc048 irq 15
[    2.908971] tun: Universal TUN/TAP device driver, 1.6
[    2.909431] e100: Intel(R) PRO/100 Network Driver
[    2.909730] e100: Copyright(c) 1999-2006 Intel Corporation
[    2.910101] e1000: Intel(R) PRO/1000 Network Driver
[    2.910409] e1000: Copyright (c) 1999-2006 Intel Corporation.
[    3.060139] ACPI: \_SB_.LNKC: Enabled at IRQ 11
[    3.067781] ata2: found unknown device (class 0)
[    3.068677] ata1: found unknown device (class 0)
[    3.069881] ata2.00: ATAPI: QEMU DVD-ROM, 2.5+, max UDMA/100
[    3.070719] ata1.00: ATA-7: QEMU HARDDISK, 2.5+, max UDMA/100
[    3.071395] ata1.00: 16777216 sectors, multi 16: LBA48 
[    3.073526] scsi 0:0:0:0: Direct-Access     ATA      QEMU HARDDISK    2.5+ PQ: 0 ANSI: 5
[    3.075862] sd 0:0:0:0: Attached scsi generic sg0 type 0
[    3.076097] sd 0:0:0:0: [sda] 16777216 512-byte logical blocks: (8.59 GB/8.00 GiB)
[    3.077525] scsi 1:0:0:0: CD-ROM            QEMU     QEMU DVD-ROM     2.5+ PQ: 0 ANSI: 5
[    3.077538] sd 0:0:0:0: [sda] Write Protect is off
[    3.079357] sd 0:0:0:0: [sda] Write cache: enabled, read cache: enabled, doesn't support DPO or FUA
[    3.080668] sd 0:0:0:0: [sda] Preferred minimum I/O size 512 bytes
[    3.105060] sd 0:0:0:0: [sda] Attached SCSI disk
[    3.112381] scsi 1:0:0:0: Attached scsi generic sg1 type 5
[    3.382276] e1000 0000:00:03.0 eth0: (PCI:33MHz:32-bit) 52:54:00:12:34:56
[    3.382769] e1000 0000:00:03.0 eth0: Intel(R) PRO/1000 Network Connection
[    3.383303] e1000e: Intel(R) PRO/1000 Network Driver
[    3.383637] e1000e: Copyright(c) 1999 - 2015 Intel Corporation.
[    3.384059] igb: Intel(R) Gigabit Ethernet Network Driver
[    3.384401] igb: Copyright (c) 2007-2014 Intel Corporation.
[    3.384828] PPP generic driver version 2.4.2
[    3.385651] VFIO - User Level meta-driver version: 0.3
[    3.386447] usbcore: registered new interface driver uas
[    3.386838] usbcore: registered new interface driver usb-storage
[    3.387341] i8042: PNP: PS/2 Controller [PNP0303:KBD,PNP0f13:MOU] at 0x60,0x64 irq 1,12
[    3.388433] serio: i8042 KBD port at 0x60,0x64 irq 1
[    3.388781] serio: i8042 AUX port at 0x60,0x64 irq 12
[    3.389645] mousedev: PS/2 mouse device common for all mice
[    3.390816] input: AT Translated Set 2 keyboard as /devices/platform/i8042/serio0/input/input1
[    3.392134] input: VirtualPS/2 VMware VMMouse as /devices/platform/i8042/serio1/input/input4
[    3.392791] rtc_cmos 00:05: RTC can wake from S4
[    3.393402] input: VirtualPS/2 VMware VMMouse as /devices/platform/i8042/serio1/input/input3
[    3.394757] rtc_cmos 00:05: registered as rtc0
[    3.395096] rtc_cmos 00:05: setting system clock to 2023-03-10T18:34:49 UTC (1678473289)
[    3.395765] rtc_cmos 00:05: alarms up to one day, y3k, 242 bytes nvram, hpet irqs
[    3.396289] i2c_dev: i2c /dev entries driver
[    3.396613] device-mapper: core: CONFIG_IMA_DISABLE_HTABLE is disabled. Duplicate IMA measurements will not be recorded in the IMA log.
[    3.397380] device-mapper: uevent: version 1.0.3
[    3.397838] device-mapper: ioctl: 4.47.0-ioctl (2022-07-28) initialised: dm-devel@redhat.com
[    3.398381] intel_pstate: CPU model not supported
[    3.398751] sdhci: Secure Digital Host Controller Interface driver
[    3.399135] sdhci: Copyright(c) Pierre Ossman
[    3.399482] sdhci-pltfm: SDHCI platform and OF driver helper
[    3.399893] ledtrig-cpu: registered to indicate activity on CPUs
[    3.400539] drop_monitor: Initializing network drop monitor service
[    3.401078] NET: Registered PF_INET6 protocol family
[    3.403129] Segment Routing with IPv6
[    3.403562] In-situ OAM (IOAM) with IPv6
[    3.403878] NET: Registered PF_PACKET protocol family
[    3.404364] 9pnet: Installing 9P2000 support
[    3.404935] Key type dns_resolver registered
[    3.406314] IPI shorthand broadcast: enabled
[    3.423428] sched_clock: Marking stable (3408003233, 11571673)->(3440548328, -20973422)
[    3.424920] registered taskstats version 1
[    3.425368] Loading compiled-in X.509 certificates
[    3.426052] zswap: loaded using pool lzo/zbud
[    3.439385] Key type .fscrypt registered
[    3.439905] Key type fscrypt-provisioning registered
[    3.441635] Key type encrypted registered
[    3.441934] ima: No TPM chip found, activating TPM-bypass!
[    3.442285] ima: Allocated hash algorithm: sha1
[    3.442606] ima: No architecture policies found
[    3.442944] evm: Initialising EVM extended attributes:
[    3.443264] evm: security.selinux
[    3.443481] evm: security.SMACK64
[    3.443706] evm: security.SMACK64EXEC
[    3.443939] evm: security.SMACK64TRANSMUTE
[    3.444198] evm: security.SMACK64MMAP
[    3.444431] evm: security.apparmor
[    3.444647] evm: security.ima
[    3.444837] evm: security.capability
[    3.445063] evm: HMAC attrs: 0x1
[    3.449337] PM:   Magic number: 15:670:594
[    3.450098] RAS: Correctable Errors collector initialized.
[    3.451959] md: Waiting for all devices to be available before autodetect
[    3.452253] md: If you don't use raid, use raid=noautodetect
[    3.452498] md: Autodetecting RAID arrays.
[    3.452683] md: autorun ...
[    3.452809] md: ... autorun DONE.
[    3.469092] EXT4-fs (sda): mounted filesystem 23a53bb9-f815-47a5-b74c-5e08f7731193 with ordered data mode. Quota mode: none.
[    3.469652] VFS: Mounted root (ext4 filesystem) readonly on device 8:0.
[    3.473989] devtmpfs: mounted
[    3.479804] Freeing unused decrypted memory: 2036K
[    3.481631] Freeing unused kernel image (initmem) memory: 3680K
[    3.481923] Write protecting the kernel read-only data: 45056k
[    3.484585] Freeing unused kernel image (text/rodata gap) memory: 2028K
[    3.485631] Freeing unused kernel image (rodata/data gap) memory: 1888K
[    3.563871] x86/mm: Checked W+X mappings: passed, no W+X pages found.
[    3.564216] Run /sbin/init as init process
[    3.980690] systemd[1]: RTC configured in localtime, applying delta of 0 minutes to system time.
[    4.010852] systemd[1]: systemd 239 (239-49.el8) running in system mode. (+PAM +AUDIT +SELINUX +IMA -APPARMOR +SMACK +SYSVINIT +UTMP +LIBCRYPTSETUP +GCRYPT +GNUTLS +ACL +XZ +LZ4 +SECCOMP +BLKID +ELFUTILS +KMOD +IDN2 -IDN +PCRE2 default-hierarchy=legacy)
[    4.012335] systemd[1]: Detected virtualization kvm.
[    4.012571] systemd[1]: Detected architecture x86-64.

Welcome to [0;31mCentOS Stream 8[0m!

[    4.075893] systemd[1]: Set hostname to <test>.
[    4.316602] systemd[1]: Created slice User and Session Slice.
[[0;32m  OK  [0m] Created slice User and Session Slice.
[    4.317549] systemd[1]: Listening on multipathd control socket.
[[0;32m  OK  [0m] Listening on multipathd control socket.
[    4.318464] systemd[1]: Listening on initctl Compatibility Named Pipe.
[[0;32m  OK  [0m] Listening on initctl Compatibility Named Pipe.
[    4.319307] systemd[1]: Started Forward Password Requests to Wall Directory Watch.
[[0;32m  OK  [0m] Started Forward Password Requests to Wall Directory Watch.
[    4.320200] systemd[1]: Listening on Device-mapper event daemon FIFOs.
[[0;32m  OK  [0m] Listening on Device-mapper event daemon FIFOs.
[    4.321142] systemd[1]: Listening on Journal Socket.
[[0;32m  OK  [0m] Listening on Journal Socket.
         Starting Load Kernel Modules...
         Mounting Kernel Debug File System...
         Mounting Huge Pages File System...
[[0;32m  OK  [0m] Created slice system-serial\x2dgetty.slice.
[[0;32m  OK  [0m] Created slice system-sshd\x2dkeygen.slice.
[[0;32m  OK  [0m] Reached target Slices.
[[0;32m  OK  [0m] Listening on Journal Socket (/dev/log).
[[0;32m  OK  [0m] Listening on udev Kernel Socket.
[[0;32m  OK  [0m] Listening on RPCbind Server Activation Socket.
         Mounting POSIX Message Queue File System...
         Starting Monitoring of LVM2 mirrorsâ€¦ng dmeventd or progress polling...
         Starting Setup Virtual Console...
         Starting Remount Root and Kernel File Systems...
[[0;32m  OK  [0m] Reached target RPC Port Mapper.
[[0;32m  OK  [0m] Set up automount Arbitrary Executabâ€¦rmats File System Automount Point.
         Starting Journal Service...
[[0;32m  OK  [0m] Listening on Process Core Dump Socket.
[[0;32m  OK  [0m] Reached target Swap.
[[0;32m  OK  [0m] Created slice system-getty.slice.
[[0;32m  OK  [0m] Listening on udev Control Socket.
         Starting udev Coldplug all Devices...
[[0;32m  OK  [0m] Listening on LVM2 poll daemon socket.
[[0;1;31mFAILED[0m] Failed to start Load Kernel Modules.
See 'systemctl status systemd-modules-load.service' for details.
[[0;32m  OK  [0m] Mounted Kernel Debug File System.
[[0;32m  OK  [0m] Mounted Huge Pages File System.
[[0;32m  OK  [0m] Mounted POSIX Message Queue File System.
[[0;32m  OK  [0m] Started Monitoring of LVM2 mirrors,â€¦sing dmeventd or progress polling.
         Mounting Kernel Configuration File System...
         Mounting FUSE Control File System...
         Starting Apply Kernel Variables...
[    4.655874] EXT4-fs (sda): re-mounted 23a53bb9-f815-47a5-b74c-5e08f7731193. Quota mode: none.
[[0;32m  OK  [0m] Started Journal Service.
[[0;32m  OK  [0m] Started Setup Virtual Console.
[[0;32m  OK  [0m] Started Remount Root and Kernel File Systems.
[[0;32m  OK  [0m] Mounted Kernel Configuration File System.
[[0;32m  OK  [0m] Mounted FUSE Control File System.
[[0;32m  OK  [0m] Started Apply Kernel Variables.
         Starting Create Static Device Nodes in /dev...
         Starting Load/Save Random Seed...
         Starting Flush Journal to Persistent Storage...
[[0;32m  OK  [0m] Started Load/Save Random Seed.
[[0;32m  OK  [0m] Started Flush Journal to Persistent Storage.
[[0;32m  OK  [0m] Started Create Static Device Nodes in /dev.
         Starting udev Kernel Device Manager...
[[0;32m  OK  [0m] Started udev Kernel Device Manager.
[[0;32m  OK  [0m] Started udev Coldplug all Devices.
         Starting udev Wait for Complete Device Initialization...
         Starting Show Plymouth Boot Screen...
[[0;32m  OK  [0m] Started Show Plymouth Boot Screen.
[[0;32m  OK  [0m] Reached target Paths.
[[0;32m  OK  [0m] Reached target Local Encrypted Volumes.
[[0;32m  OK  [0m] Started Forward Password Requests to Plymouth Directory Watch.
[[0;32m  OK  [0m] Found device /dev/ttyS0.
[[0;32m  OK  [0m] Started udev Wait for Complete Device Initialization.
[[0;32m  OK  [0m] Listening on Load/Save RF Kill Switch Status /dev/rfkill Watch.
[[0;32m  OK  [0m] Reached target Local File Systems (Pre).
[[0;32m  OK  [0m] Reached target Local File Systems.
         Starting Restore /run/initramfs on shutdown...
         Starting Tell Plymouth To Write Out Runtime Data...
         Starting Create Volatile Files and Directories...
[[0;32m  OK  [0m] Started Restore /run/initramfs on shutdown.
[[0;32m  OK  [0m] Started Tell Plymouth To Write Out Runtime Data.
[[0;32m  OK  [0m] Started Create Volatile Files and Directories.
         Starting RPC Bind...
         Starting Security Auditing Service...
         Mounting RPC Pipe File System...
[[0;32m  OK  [0m] Started RPC Bind.
[[0;32m  OK  [0m] Mounted RPC Pipe File System.
[[0;32m  OK  [0m] Reached target rpc_pipefs.target.
[[0;32m  OK  [0m] Started Security Auditing Service.
         Starting Update UTMP about System Boot/Shutdown...
[[0;32m  OK  [0m] Started Update UTMP about System Boot/Shutdown.
[[0;32m  OK  [0m] Reached target System Initialization.
[[0;32m  OK  [0m] Listening on D-Bus System Message Bus Socket.
[[0;32m  OK  [0m] Listening on SSSD Kerberos Cache Manager responder socket.
[[0;32m  OK  [0m] Reached target Sockets.
[[0;32m  OK  [0m] Reached target Basic System.
         Starting NTP client/server...
[[0;32m  OK  [0m] Started D-Bus System Message Bus.
         Starting Network Manager...
[[0;32m  OK  [0m] Started Machine Check Exception Logging Daemon.
[[0;32m  OK  [0m] Started Daily Cleanup of Temporary Directories.
         Starting Auto-connect to subsystemsâ€¦-NVME devices found during boot...
[[0;32m  OK  [0m] Started daily update of the root trust anchor for DNSSEC.
[[0;32m  OK  [0m] Reached target sshd-keygen.target.
         Starting Login Service...
[[0;32m  OK  [0m] Started dnf makecache --timer.
[[0;32m  OK  [0m] Reached target Timers.
[[0;32m  OK  [0m] Started irqbalance daemon.
         Starting Authorization Manager...
         Starting Self Monitoring and Reporting Technology (SMART) Daemon...
[[0;32m  OK  [0m] Started Auto-connect to subsystems â€¦FC-NVME devices found during boot.
[[0;32m  OK  [0m] Started Login Service.
[[0;32m  OK  [0m] Started NTP client/server.
[[0;32m  OK  [0m] Started Self Monitoring and Reporting Technology (SMART) Daemon.
[[0;32m  OK  [0m] Started Network Manager.
         Starting Network Manager Wait Online...
[[0;32m  OK  [0m] Reached target Network.
         Starting Dynamic System Tuning Daemon...
         Starting OpenSSH server daemon...
         Starting GSSAPI Proxy Daemon...
         Starting Hostname Service...
[[0;32m  OK  [0m] Started GSSAPI Proxy Daemon.
[[0;32m  OK  [0m] Started Authorization Manager.
[[0;32m  OK  [0m] Reached target NFS client services.
[[0;32m  OK  [0m] Reached target Remote File Systems (Pre).
[[0;32m  OK  [0m] Reached target Remote File Systems.
         Starting Permit User Sessions...
[[0;32m  OK  [0m] Started Permit User Sessions.
[[0;32m  OK  [0m] Started OpenSSH server daemon.
         Starting Hold until boot process finishes up...
[[0;32m  OK  [0m] Started Command Scheduler.
         Starting Terminate Plymouth Boot Screen...
[    6.671769] e1000: eth0 NIC Link is Up 1000 Mbps Full Duplex, Flow Control: RX
[    6.672907] IPv6: ADDRCONF(NETDEV_CHANGE): eth0: link becomes ready
[    6.934275] Spectre V2 : WARNING: Unprivileged eBPF is enabled with eIBRS on, data leaks possible via Spectre v2 BHB attacks!
[    6.935102] Spectre V2 : WARNING: Unprivileged eBPF is enabled with eIBRS on, data leaks possible via Spectre v2 BHB attacks!

CentOS Stream 8
Kernel 6.1.0-3ba2c3ff98ea+ on an x86_64

test login: [   28.432755] loop0: detected capacity change from 0 to 65536
[   28.433265] XFS: ikeep mount option is deprecated.
[   28.435244] XFS (loop0): Mounting V5 Filesystem
[   28.440382] XFS (loop0): Ending clean mount
[   28.441699] XFS (loop0): Quotacheck needed: Please wait.
[   28.444285] XFS (loop0): Metadata CRC error detected at xfs_agf_read_verify+0x10e/0x140, xfs_agf block 0x1 
[   28.445100] XFS (loop0): Unmount and run xfs_repair
[   28.445479] XFS (loop0): First 128 bytes of corrupted metadata buffer:
[   28.445979] 00000000: 58 41 47 46 00 00 00 01 00 00 00 00 00 00 40 00  XAGF..........@.
[   28.446586] 00000010: 00 00 00 02 00 00 00 03 00 00 00 00 00 00 00 01  ................
[   28.447189] 00000020: 00 00 00 01 00 00 00 00 00 00 01 00 00 00 00 04  ................
[   28.447879] 00000030: 00 00 00 04 00 00 3f ca 00 00 3f c7 00 00 00 00  ......?...?.....
[   28.448491] 00000040: d4 08 de 26 55 fb 48 ab a8 ab aa ce db 20 f9 dd  ...&U.H...... ..
[   28.449094] 00000050: 00 00 00 00 00 00 00 00 00 00 00 00 00 00 00 00  ................
[   28.449691] 00000060: 00 00 00 00 00 00 00 00 00 00 00 00 00 00 00 00  ................
[   28.450297] 00000070: 00 00 00 00 00 00 00 00 00 00 00 00 00 00 00 00  ................
[   28.450985] XFS (loop0): metadata I/O error in "xfs_read_agf+0xd0/0x290" at daddr 0x1 len 1 error 74
[   28.453622] XFS (loop0): Quotacheck: Unsuccessful (Error -117): Disabling quotas.
[   28.463964] XFS (loop0): Metadata CRC error detected at xfs_agf_read_verify+0x10e/0x140, xfs_agf block 0x1 
[   28.464418] XFS (loop0): Unmount and run xfs_repair
[   28.464635] XFS (loop0): First 128 bytes of corrupted metadata buffer:
[   28.464931] 00000000: 58 41 47 46 00 00 00 01 00 00 00 00 00 00 40 00  XAGF..........@.
[   28.465294] 00000010: 00 00 00 02 00 00 00 03 00 00 00 00 00 00 00 01  ................
[   28.465643] 00000020: 00 00 00 01 00 00 00 00 00 00 01 00 00 00 00 04  ................
[   28.465997] 00000030: 00 00 00 04 00 00 3f ca 00 00 3f c7 00 00 00 00  ......?...?.....
[   28.466348] 00000040: d4 08 de 26 55 fb 48 ab a8 ab aa ce db 20 f9 dd  ...&U.H...... ..
[   28.466689] 00000050: 00 00 00 00 00 00 00 00 00 00 00 00 00 00 00 00  ................
[   28.467024] 00000060: 00 00 00 00 00 00 00 00 00 00 00 00 00 00 00 00  ................
[   28.467364] 00000070: 00 00 00 00 00 00 00 00 00 00 00 00 00 00 00 00  ................
[   28.468301] XFS (loop0): metadata I/O error in "xfs_read_agf+0xd0/0x290" at daddr 0x1 len 1 error 74
[   28.468789] XFS (loop0): page discard on page 000000005e3ea987, inode 0x2b, pos 0.
[   28.472452] XFS (loop0): Unmounting Filesystem
[   28.699966] loop0: detected capacity change from 0 to 65536
[   28.700463] XFS: ikeep mount option is deprecated.
[   28.701825] XFS (loop0): Mounting V5 Filesystem
[   28.706906] XFS (loop0): Ending clean mount
[   28.707431] XFS (loop0): Quotacheck needed: Please wait.
[   28.709987] XFS (loop0): Metadata CRC error detected at xfs_agf_read_verify+0x10e/0x140, xfs_agf block 0x1 
[   28.710456] XFS (loop0): Unmount and run xfs_repair
[   28.710672] XFS (loop0): First 128 bytes of corrupted metadata buffer:
[   28.710957] 00000000: 58 41 47 46 00 00 00 01 00 00 00 00 00 00 40 00  XAGF..........@.
[   28.711302] 00000010: 00 00 00 02 00 00 00 03 00 00 00 00 00 00 00 01  ................
[   28.711685] 00000020: 00 00 00 01 00 00 00 00 00 00 01 00 00 00 00 04  ................
[   28.712039] 00000030: 00 00 00 04 00 00 3f ca 00 00 3f c7 00 00 00 00  ......?...?.....
[   28.712393] 00000040: d4 08 de 26 55 fb 48 ab a8 ab aa ce db 20 f9 dd  ...&U.H...... ..
[   28.712741] 00000050: 00 00 00 00 00 00 00 00 00 00 00 00 00 00 00 00  ................
[   28.713086] 00000060: 00 00 00 00 00 00 00 00 00 00 00 00 00 00 00 00  ................
[   28.713437] 00000070: 00 00 00 00 00 00 00 00 00 00 00 00 00 00 00 00  ................
[   28.713853] XFS (loop0): metadata I/O error in "xfs_read_agf+0xd0/0x290" at daddr 0x1 len 1 error 74
[   28.716514] XFS (loop0): Quotacheck: Unsuccessful (Error -117): Disabling quotas.
[   28.726865] XFS (loop0): Metadata CRC error detected at xfs_agf_read_verify+0x10e/0x140, xfs_agf block 0x1 
[   28.727353] XFS (loop0): Unmount and run xfs_repair
[   28.727608] XFS (loop0): First 128 bytes of corrupted metadata buffer:
[   28.727899] 00000000: 58 41 47 46 00 00 00 01 00 00 00 00 00 00 40 00  XAGF..........@.
[   28.728249] 00000010: 00 00 00 02 00 00 00 03 00 00 00 00 00 00 00 01  ................
[   28.728597] 00000020: 00 00 00 01 00 00 00 00 00 00 01 00 00 00 00 04  ................
[   28.728942] 00000030: 00 00 00 04 00 00 3f ca 00 00 3f c7 00 00 00 00  ......?...?.....
[   28.729286] 00000040: d4 08 de 26 55 fb 48 ab a8 ab aa ce db 20 f9 dd  ...&U.H...... ..
[   28.729631] 00000050: 00 00 00 00 00 00 00 00 00 00 00 00 00 00 00 00  ................
[   28.729976] 00000060: 00 00 00 00 00 00 00 00 00 00 00 00 00 00 00 00  ................
[   28.730332] 00000070: 00 00 00 00 00 00 00 00 00 00 00 00 00 00 00 00  ................
[   28.730693] XFS (loop0): metadata I/O error in "xfs_read_agf+0xd0/0x290" at daddr 0x1 len 1 error 74
[   28.731119] XFS (loop0): page discard on page 00000000c58b99b9, inode 0x2b, pos 0.
[   28.733942] XFS (loop0): Unmounting Filesystem
[   28.977936] loop0: detected capacity change from 0 to 65536
[   28.978395] XFS: ikeep mount option is deprecated.
[   28.979470] XFS (loop0): Mounting V5 Filesystem
[   28.984323] XFS (loop0): Ending clean mount
[   28.984754] XFS (loop0): Quotacheck needed: Please wait.
[   28.986088] XFS (loop0): Metadata CRC error detected at xfs_agf_read_verify+0x10e/0x140, xfs_agf block 0x1 
[   28.986548] XFS (loop0): Unmount and run xfs_repair
[   28.986772] XFS (loop0): First 128 bytes of corrupted metadata buffer:
[   28.987058] 00000000: 58 41 47 46 00 00 00 01 00 00 00 00 00 00 40 00  XAGF..........@.
[   28.987406] 00000010: 00 00 00 02 00 00 00 03 00 00 00 00 00 00 00 01  ................
[   28.987813] 00000020: 00 00 00 01 00 00 00 00 00 00 01 00 00 00 00 04  ................
[   28.988161] 00000030: 00 00 00 04 00 00 3f ca 00 00 3f c7 00 00 00 00  ......?...?.....
[   28.988506] 00000040: d4 08 de 26 55 fb 48 ab a8 ab aa ce db 20 f9 dd  ...&U.H...... ..
[   28.988852] 00000050: 00 00 00 00 00 00 00 00 00 00 00 00 00 00 00 00  ................
[   28.989199] 00000060: 00 00 00 00 00 00 00 00 00 00 00 00 00 00 00 00  ................
[   28.989554] 00000070: 00 00 00 00 00 00 00 00 00 00 00 00 00 00 00 00  ................
[   28.990090] XFS (loop0): metadata I/O error in "xfs_read_agf+0xd0/0x290" at daddr 0x1 len 1 error 74
[   28.990693] XFS (loop0): Quotacheck: Unsuccessful (Error -117): Disabling quotas.
[   29.000154] XFS (loop0): Metadata CRC error detected at xfs_agf_read_verify+0x10e/0x140, xfs_agf block 0x1 
[   29.000614] XFS (loop0): Unmount and run xfs_repair
[   29.000836] XFS (loop0): First 128 bytes of corrupted metadata buffer:
[   29.001119] 00000000: 58 41 47 46 00 00 00 01 00 00 00 00 00 00 40 00  XAGF..........@.
[   29.001461] 00000010: 00 00 00 02 00 00 00 03 00 00 00 00 00 00 00 01  ................
[   29.001802] 00000020: 00 00 00 01 00 00 00 00 00 00 01 00 00 00 00 04  ................
[   29.002143] 00000030: 00 00 00 04 00 00 3f ca 00 00 3f c7 00 00 00 00  ......?...?.....
[   29.002484] 00000040: d4 08 de 26 55 fb 48 ab a8 ab aa ce db 20 f9 dd  ...&U.H...... ..
[   29.002827] 00000050: 00 00 00 00 00 00 00 00 00 00 00 00 00 00 00 00  ................
[   29.003168] 00000060: 00 00 00 00 00 00 00 00 00 00 00 00 00 00 00 00  ................
[   29.003514] 00000070: 00 00 00 00 00 00 00 00 00 00 00 00 00 00 00 00  ................
[   29.006859] XFS (loop0): metadata I/O error in "xfs_read_agf+0xd0/0x290" at daddr 0x1 len 1 error 74
[   29.007307] XFS (loop0): page discard on page 00000000eafc5759, inode 0x2b, pos 0.
[   29.009892] XFS (loop0): Unmounting Filesystem
[   29.244026] loop0: detected capacity change from 0 to 65536
[   29.244488] XFS: ikeep mount option is deprecated.
[   29.245726] XFS (loop0): Mounting V5 Filesystem
[   29.253397] XFS (loop0): Ending clean mount
[   29.254028] XFS (loop0): Quotacheck needed: Please wait.
[   29.256824] XFS (loop0): Metadata CRC error detected at xfs_agf_read_verify+0x10e/0x140, xfs_agf block 0x1 
[   29.257303] XFS (loop0): Unmount and run xfs_repair
[   29.257517] XFS (loop0): First 128 bytes of corrupted metadata buffer:
[   29.257799] 00000000: 58 41 47 46 00 00 00 01 00 00 00 00 00 00 40 00  XAGF..........@.
[   29.258140] 00000010: 00 00 00 02 00 00 00 03 00 00 00 00 00 00 00 01  ................
[   29.258479] 00000020: 00 00 00 01 00 00 00 00 00 00 01 00 00 00 00 04  ................
[   29.258823] 00000030: 00 00 00 04 00 00 3f ca 00 00 3f c7 00 00 00 00  ......?...?.....
[   29.259169] 00000040: d4 08 de 26 55 fb 48 ab a8 ab aa ce db 20 f9 dd  ...&U.H...... ..
[   29.259524] 00000050: 00 00 00 00 00 00 00 00 00 00 00 00 00 00 00 00  ................
[   29.259895] 00000060: 00 00 00 00 00 00 00 00 00 00 00 00 00 00 00 00  ................
[   29.260241] 00000070: 00 00 00 00 00 00 00 00 00 00 00 00 00 00 00 00  ................
[   29.261124] XFS (loop0): metadata I/O error in "xfs_read_agf+0xd0/0x290" at daddr 0x1 len 1 error 74
[   29.261768] XFS (loop0): Quotacheck: Unsuccessful (Error -117): Disabling quotas.
[   29.267796] XFS (loop0): Metadata CRC error detected at xfs_agf_read_verify+0x10e/0x140, xfs_agf block 0x1 
[   29.268277] XFS (loop0): Unmount and run xfs_repair
[   29.268496] XFS (loop0): First 128 bytes of corrupted metadata buffer:
[   29.268786] 00000000: 58 41 47 46 00 00 00 01 00 00 00 00 00 00 40 00  XAGF..........@.
[   29.269144] 00000010: 00 00 00 02 00 00 00 03 00 00 00 00 00 00 00 01  ................
[   29.269485] 00000020: 00 00 00 01 00 00 00 00 00 00 01 00 00 00 00 04  ................
[   29.269826] 00000030: 00 00 00 04 00 00 3f ca 00 00 3f c7 00 00 00 00  ......?...?.....
[   29.270168] 00000040: d4 08 de 26 55 fb 48 ab a8 ab aa ce db 20 f9 dd  ...&U.H...... ..
[   29.270517] 00000050: 00 00 00 00 00 00 00 00 00 00 00 00 00 00 00 00  ................
[   29.270865] 00000060: 00 00 00 00 00 00 00 00 00 00 00 00 00 00 00 00  ................
[   29.271214] 00000070: 00 00 00 00 00 00 00 00 00 00 00 00 00 00 00 00  ................
[   29.273034] XFS (loop0): metadata I/O error in "xfs_read_agf+0xd0/0x290" at daddr 0x1 len 1 error 74
[   29.273493] XFS (loop0): page discard on page 00000000063e1edb, inode 0x2b, pos 0.
[   29.275515] XFS (loop0): Unmounting Filesystem
[   29.506677] loop0: detected capacity change from 0 to 65536
[   29.507146] XFS: ikeep mount option is deprecated.
[   29.509202] XFS (loop0): Mounting V5 Filesystem
[   29.514039] XFS (loop0): Ending clean mount
[   29.514640] XFS (loop0): Quotacheck needed: Please wait.
[   29.516320] XFS (loop0): Metadata CRC error detected at xfs_agf_read_verify+0x10e/0x140, xfs_agf block 0x1 
[   29.517131] XFS (loop0): Unmount and run xfs_repair
[   29.517514] XFS (loop0): First 128 bytes of corrupted metadata buffer:
[   29.518014] 00000000: 58 41 47 46 00 00 00 01 00 00 00 00 00 00 40 00  XAGF..........@.
[   29.518621] 00000010: 00 00 00 02 00 00 00 03 00 00 00 00 00 00 00 01  ................
[   29.519219] 00000020: 00 00 00 01 00 00 00 00 00 00 01 00 00 00 00 04  ................
[   29.519895] 00000030: 00 00 00 04 00 00 3f ca 00 00 3f c7 00 00 00 00  ......?...?.....
[   29.520509] 00000040: d4 08 de 26 55 fb 48 ab a8 ab aa ce db 20 f9 dd  ...&U.H...... ..
[   29.521112] 00000050: 00 00 00 00 00 00 00 00 00 00 00 00 00 00 00 00  ................
[   29.521724] 00000060: 00 00 00 00 00 00 00 00 00 00 00 00 00 00 00 00  ................
[   29.522327] 00000070: 00 00 00 00 00 00 00 00 00 00 00 00 00 00 00 00  ................
[   29.523093] XFS (loop0): metadata I/O error in "xfs_read_agf+0xd0/0x290" at daddr 0x1 len 1 error 74
[   29.524792] XFS (loop0): Quotacheck: Unsuccessful (Error -117): Disabling quotas.
[   29.532806] XFS (loop0): Metadata CRC error detected at xfs_agf_read_verify+0x10e/0x140, xfs_agf block 0x1 
[   29.533255] XFS (loop0): Unmount and run xfs_repair
[   29.533469] XFS (loop0): First 128 bytes of corrupted metadata buffer:
[   29.533746] 00000000: 58 41 47 46 00 00 00 01 00 00 00 00 00 00 40 00  XAGF..........@.
[   29.534085] 00000010: 00 00 00 02 00 00 00 03 00 00 00 00 00 00 00 01  ................
[   29.534425] 00000020: 00 00 00 01 00 00 00 00 00 00 01 00 00 00 00 04  ................
[   29.534767] 00000030: 00 00 00 04 00 00 3f ca 00 00 3f c7 00 00 00 00  ......?...?.....
[   29.535109] 00000040: d4 08 de 26 55 fb 48 ab a8 ab aa ce db 20 f9 dd  ...&U.H...... ..
[   29.535457] 00000050: 00 00 00 00 00 00 00 00 00 00 00 00 00 00 00 00  ................
[   29.535825] 00000060: 00 00 00 00 00 00 00 00 00 00 00 00 00 00 00 00  ................
[   29.536171] 00000070: 00 00 00 00 00 00 00 00 00 00 00 00 00 00 00 00  ................
[   29.537072] XFS (loop0): metadata I/O error in "xfs_read_agf+0xd0/0x290" at daddr 0x1 len 1 error 74
[   29.537493] XFS (loop0): page discard on page 000000002ef0175d, inode 0x2b, pos 0.
[   29.541529] XFS (loop0): Unmounting Filesystem
[   29.770233] loop0: detected capacity change from 0 to 65536
[   29.770710] XFS: ikeep mount option is deprecated.
[   29.774589] XFS (loop0): Mounting V5 Filesystem
[   29.778388] XFS (loop0): Ending clean mount
[   29.778850] XFS (loop0): Quotacheck needed: Please wait.
[   29.781684] XFS (loop0): Metadata CRC error detected at xfs_agf_read_verify+0x10e/0x140, xfs_agf block 0x1 
[   29.782191] XFS (loop0): Unmount and run xfs_repair
[   29.782422] XFS (loop0): First 128 bytes of corrupted metadata buffer:
[   29.782713] 00000000: 58 41 47 46 00 00 00 01 00 00 00 00 00 00 40 00  XAGF..........@.
[   29.783073] 00000010: 00 00 00 02 00 00 00 03 00 00 00 00 00 00 00 01  ................
[   29.783427] 00000020: 00 00 00 01 00 00 00 00 00 00 01 00 00 00 00 04  ................
[   29.783807] 00000030: 00 00 00 04 00 00 3f ca 00 00 3f c7 00 00 00 00  ......?...?.....
[   29.784162] 00000040: d4 08 de 26 55 fb 48 ab a8 ab aa ce db 20 f9 dd  ...&U.H...... ..
[   29.784519] 00000050: 00 00 00 00 00 00 00 00 00 00 00 00 00 00 00 00  ................
[   29.784874] 00000060: 00 00 00 00 00 00 00 00 00 00 00 00 00 00 00 00  ................
[   29.785265] 00000070: 00 00 00 00 00 00 00 00 00 00 00 00 00 00 00 00  ................
[   29.786318] XFS (loop0): metadata I/O error in "xfs_read_agf+0xd0/0x290" at daddr 0x1 len 1 error 74
[   29.787089] XFS (loop0): Quotacheck: Unsuccessful (Error -117): Disabling quotas.
[   29.791658] XFS (loop0): Metadata CRC error detected at xfs_agf_read_verify+0x10e/0x140, xfs_agf block 0x1 
[   29.792439] XFS (loop0): Unmount and run xfs_repair
[   29.792835] XFS (loop0): First 128 bytes of corrupted metadata buffer:
[   29.793339] 00000000: 58 41 47 46 00 00 00 01 00 00 00 00 00 00 40 00  XAGF..........@.
[   29.793948] 00000010: 00 00 00 02 00 00 00 03 00 00 00 00 00 00 00 01  ................
[   29.794556] 00000020: 00 00 00 01 00 00 00 00 00 00 01 00 00 00 00 04  ................
[   29.795174] 00000030: 00 00 00 04 00 00 3f ca 00 00 3f c7 00 00 00 00  ......?...?.....
[   29.795837] 00000040: d4 08 de 26 55 fb 48 ab a8 ab aa ce db 20 f9 dd  ...&U.H...... ..
[   29.796471] 00000050: 00 00 00 00 00 00 00 00 00 00 00 00 00 00 00 00  ................
[   29.797085] 00000060: 00 00 00 00 00 00 00 00 00 00 00 00 00 00 00 00  ................
[   29.797695] 00000070: 00 00 00 00 00 00 00 00 00 00 00 00 00 00 00 00  ................
[   29.798323] XFS (loop0): metadata I/O error in "xfs_read_agf+0xd0/0x290" at daddr 0x1 len 1 error 74
[   29.798884] XFS (loop0): page discard on page 0000000005d2bf25, inode 0x2b, pos 0.
[   29.803420] XFS (loop0): Unmounting Filesystem
[   30.032583] loop0: detected capacity change from 0 to 65536
[   30.033038] XFS: ikeep mount option is deprecated.
[   30.034107] XFS (loop0): Mounting V5 Filesystem
[   30.038618] XFS (loop0): Ending clean mount
[   30.039214] XFS (loop0): Quotacheck needed: Please wait.
[   30.040032] XFS (loop0): Metadata CRC error detected at xfs_agf_read_verify+0x10e/0x140, xfs_agf block 0x1 
[   30.040484] XFS (loop0): Unmount and run xfs_repair
[   30.040695] XFS (loop0): First 128 bytes of corrupted metadata buffer:
[   30.040972] 00000000: 58 41 47 46 00 00 00 01 00 00 00 00 00 00 40 00  XAGF..........@.
[   30.041306] 00000010: 00 00 00 02 00 00 00 03 00 00 00 00 00 00 00 01  ................
[   30.041641] 00000020: 00 00 00 01 00 00 00 00 00 00 01 00 00 00 00 04  ................
[   30.041975] 00000030: 00 00 00 04 00 00 3f ca 00 00 3f c7 00 00 00 00  ......?...?.....
[   30.042310] 00000040: d4 08 de 26 55 fb 48 ab a8 ab aa ce db 20 f9 dd  ...&U.H...... ..
[   30.042644] 00000050: 00 00 00 00 00 00 00 00 00 00 00 00 00 00 00 00  ................
[   30.042979] 00000060: 00 00 00 00 00 00 00 00 00 00 00 00 00 00 00 00  ................
[   30.043327] 00000070: 00 00 00 00 00 00 00 00 00 00 00 00 00 00 00 00  ................
[   30.044429] XFS (loop0): metadata I/O error in "xfs_read_agf+0xd0/0x290" at daddr 0x1 len 1 error 74
[   30.047195] XFS (loop0): Quotacheck: Unsuccessful (Error -117): Disabling quotas.
[   30.054590] XFS (loop0): Metadata CRC error detected at xfs_agf_read_verify+0x10e/0x140, xfs_agf block 0x1 
[   30.055043] XFS (loop0): Unmount and run xfs_repair
[   30.055259] XFS (loop0): First 128 bytes of corrupted metadata buffer:
[   30.055555] 00000000: 58 41 47 46 00 00 00 01 00 00 00 00 00 00 40 00  XAGF..........@.
[   30.055931] 00000010: 00 00 00 02 00 00 00 03 00 00 00 00 00 00 00 01  ................
[   30.056287] 00000020: 00 00 00 01 00 00 00 00 00 00 01 00 00 00 00 04  ................
[   30.056629] 00000030: 00 00 00 04 00 00 3f ca 00 00 3f c7 00 00 00 00  ......?...?.....
[   30.056971] 00000040: d4 08 de 26 55 fb 48 ab a8 ab aa ce db 20 f9 dd  ...&U.H...... ..
[   30.057314] 00000050: 00 00 00 00 00 00 00 00 00 00 00 00 00 00 00 00  ................
[   30.057656] 00000060: 00 00 00 00 00 00 00 00 00 00 00 00 00 00 00 00  ................
[   30.057998] 00000070: 00 00 00 00 00 00 00 00 00 00 00 00 00 00 00 00  ................
[   30.059025] XFS (loop0): metadata I/O error in "xfs_read_agf+0xd0/0x290" at daddr 0x1 len 1 error 74
[   30.059453] XFS (loop0): page discard on page 00000000378559ce, inode 0x2b, pos 0.
[   30.065222] XFS (loop0): Unmounting Filesystem
[   30.355022] loop0: detected capacity change from 0 to 65536
[   30.355481] XFS: ikeep mount option is deprecated.
[   30.356541] XFS (loop0): Mounting V5 Filesystem
[   30.361222] XFS (loop0): Ending clean mount
[   30.361722] XFS (loop0): Quotacheck needed: Please wait.
[   30.364664] XFS (loop0): Metadata CRC error detected at xfs_agf_read_verify+0x10e/0x140, xfs_agf block 0x1 
[   30.365130] XFS (loop0): Unmount and run xfs_repair
[   30.365386] XFS (loop0): First 128 bytes of corrupted metadata buffer:
[   30.365659] 00000000: 58 41 47 46 00 00 00 01 00 00 00 00 00 00 40 00  XAGF..........@.
[   30.365989] 00000010: 00 00 00 02 00 00 00 03 00 00 00 00 00 00 00 01  ................
[   30.366319] 00000020: 00 00 00 01 00 00 00 00 00 00 01 00 00 00 00 04  ................
[   30.366661] 00000030: 00 00 00 04 00 00 3f ca 00 00 3f c7 00 00 00 00  ......?...?.....
[   30.367004] 00000040: d4 08 de 26 55 fb 48 ab a8 ab aa ce db 20 f9 dd  ...&U.H...... ..
[   30.367366] 00000050: 00 00 00 00 00 00 00 00 00 00 00 00 00 00 00 00  ................
[   30.367741] 00000060: 00 00 00 00 00 00 00 00 00 00 00 00 00 00 00 00  ................
[   30.368087] 00000070: 00 00 00 00 00 00 00 00 00 00 00 00 00 00 00 00  ................
[   30.368593] XFS (loop0): metadata I/O error in "xfs_read_agf+0xd0/0x290" at daddr 0x1 len 1 error 74
[   30.369314] XFS (loop0): Quotacheck: Unsuccessful (Error -117): Disabling quotas.
[   30.374421] XFS (loop0): Metadata CRC error detected at xfs_agf_read_verify+0x10e/0x140, xfs_agf block 0x1 
[   30.374861] XFS (loop0): Unmount and run xfs_repair
[   30.375074] XFS (loop0): First 128 bytes of corrupted metadata buffer:
[   30.375353] 00000000: 58 41 47 46 00 00 00 01 00 00 00 00 00 00 40 00  XAGF..........@.
[   30.375724] 00000010: 00 00 00 02 00 00 00 03 00 00 00 00 00 00 00 01  ................
[   30.376063] 00000020: 00 00 00 01 00 00 00 00 00 00 01 00 00 00 00 04  ................
[   30.376401] 00000030: 00 00 00 04 00 00 3f ca 00 00 3f c7 00 00 00 00  ......?...?.....
[   30.376740] 00000040: d4 08 de 26 55 fb 48 ab a8 ab aa ce db 20 f9 dd  ...&U.H...... ..
[   30.377078] 00000050: 00 00 00 00 00 00 00 00 00 00 00 00 00 00 00 00  ................
[   30.377426] 00000060: 00 00 00 00 00 00 00 00 00 00 00 00 00 00 00 00  ................
[   30.377767] 00000070: 00 00 00 00 00 00 00 00 00 00 00 00 00 00 00 00  ................
[   30.378115] XFS (loop0): metadata I/O error in "xfs_read_agf+0xd0/0x290" at daddr 0x1 len 1 error 74
[   30.378536] XFS (loop0): page discard on page 00000000c0c8a633, inode 0x2b, pos 0.
[   30.380650] XFS (loop0): Unmounting Filesystem
[   30.631143] loop0: detected capacity change from 0 to 65536
[   30.631653] XFS: ikeep mount option is deprecated.
[   30.632756] XFS (loop0): Mounting V5 Filesystem
[   30.636456] XFS (loop0): Ending clean mount
[   30.636870] XFS (loop0): Quotacheck needed: Please wait.
[   30.639097] XFS (loop0): Metadata CRC error detected at xfs_agf_read_verify+0x10e/0x140, xfs_agf block 0x1 
[   30.639592] XFS (loop0): Unmount and run xfs_repair
[   30.639805] XFS (loop0): First 128 bytes of corrupted metadata buffer:
[   30.640082] 00000000: 58 41 47 46 00 00 00 01 00 00 00 00 00 00 40 00  XAGF..........@.
[   30.640437] 00000010: 00 00 00 02 00 00 00 03 00 00 00 00 00 00 00 01  ................
[   30.640771] 00000020: 00 00 00 01 00 00 00 00 00 00 01 00 00 00 00 04  ................
[   30.641117] 00000030: 00 00 00 04 00 00 3f ca 00 00 3f c7 00 00 00 00  ......?...?.....
[   30.641452] 00000040: d4 08 de 26 55 fb 48 ab a8 ab aa ce db 20 f9 dd  ...&U.H...... ..
[   30.641795] 00000050: 00 00 00 00 00 00 00 00 00 00 00 00 00 00 00 00  ................
[   30.642130] 00000060: 00 00 00 00 00 00 00 00 00 00 00 00 00 00 00 00  ................
[   30.642467] 00000070: 00 00 00 00 00 00 00 00 00 00 00 00 00 00 00 00  ................
[   30.642927] XFS (loop0): metadata I/O error in "xfs_read_agf+0xd0/0x290" at daddr 0x1 len 1 error 74
[   30.643825] XFS (loop0): Quotacheck: Unsuccessful (Error -117): Disabling quotas.
[   30.649571] XFS (loop0): Metadata CRC error detected at xfs_agf_read_verify+0x10e/0x140, xfs_agf block 0x1 
[   30.650021] XFS (loop0): Unmount and run xfs_repair
[   30.650235] XFS (loop0): First 128 bytes of corrupted metadata buffer:
[   30.650515] 00000000: 58 41 47 46 00 00 00 01 00 00 00 00 00 00 40 00  XAGF..........@.
[   30.650855] 00000010: 00 00 00 02 00 00 00 03 00 00 00 00 00 00 00 01  ................
[   30.651194] 00000020: 00 00 00 01 00 00 00 00 00 00 01 00 00 00 00 04  ................
[   30.651535] 00000030: 00 00 00 04 00 00 3f ca 00 00 3f c7 00 00 00 00  ......?...?.....
[   30.651915] 00000040: d4 08 de 26 55 fb 48 ab a8 ab aa ce db 20 f9 dd  ...&U.H...... ..
[   30.652254] 00000050: 00 00 00 00 00 00 00 00 00 00 00 00 00 00 00 00  ................
[   30.652592] 00000060: 00 00 00 00 00 00 00 00 00 00 00 00 00 00 00 00  ................
[   30.652930] 00000070: 00 00 00 00 00 00 00 00 00 00 00 00 00 00 00 00  ................
[   30.653283] XFS (loop0): metadata I/O error in "xfs_read_agf+0xd0/0x290" at daddr 0x1 len 1 error 74
[   30.653713] XFS (loop0): page discard on page 0000000080e85f06, inode 0x2b, pos 0.
[   30.656084] XFS (loop0): Unmounting Filesystem
[   30.874338] loop0: detected capacity change from 0 to 65536
[   30.874793] XFS: ikeep mount option is deprecated.
[   30.875943] XFS (loop0): Mounting V5 Filesystem
[   30.880603] XFS (loop0): Ending clean mount
[   30.881065] XFS (loop0): Quotacheck needed: Please wait.
[   30.884351] XFS (loop0): Metadata CRC error detected at xfs_agf_read_verify+0x10e/0x140, xfs_agf block 0x1 
[   30.884834] XFS (loop0): Unmount and run xfs_repair
[   30.885058] XFS (loop0): First 128 bytes of corrupted metadata buffer:
[   30.885346] 00000000: 58 41 47 46 00 00 00 01 00 00 00 00 00 00 40 00  XAGF..........@.
[   30.885691] 00000010: 00 00 00 02 00 00 00 03 00 00 00 00 00 00 00 01  ................
[   30.886034] 00000020: 00 00 00 01 00 00 00 00 00 00 01 00 00 00 00 04  ................
[   30.886389] 00000030: 00 00 00 04 00 00 3f ca 00 00 3f c7 00 00 00 00  ......?...?.....
[   30.886735] 00000040: d4 08 de 26 55 fb 48 ab a8 ab aa ce db 20 f9 dd  ...&U.H...... ..
[   30.887088] 00000050: 00 00 00 00 00 00 00 00 00 00 00 00 00 00 00 00  ................
[   30.887432] 00000060: 00 00 00 00 00 00 00 00 00 00 00 00 00 00 00 00  ................
[   30.887820] 00000070: 00 00 00 00 00 00 00 00 00 00 00 00 00 00 00 00  ................
[   30.889440] XFS (loop0): metadata I/O error in "xfs_read_agf+0xd0/0x290" at daddr 0x1 len 1 error 74
[   30.890094] XFS (loop0): Quotacheck: Unsuccessful (Error -117): Disabling quotas.
[   30.899610] XFS (loop0): Metadata CRC error detected at xfs_agf_read_verify+0x10e/0x140, xfs_agf block 0x1 
[   30.900071] XFS (loop0): Unmount and run xfs_repair
[   30.900298] XFS (loop0): First 128 bytes of corrupted metadata buffer:
[   30.900583] 00000000: 58 41 47 46 00 00 00 01 00 00 00 00 00 00 40 00  XAGF..........@.
[   30.900927] 00000010: 00 00 00 02 00 00 00 03 00 00 00 00 00 00 00 01  ................
[   30.901271] 00000020: 00 00 00 01 00 00 00 00 00 00 01 00 00 00 00 04  ................
[   30.901614] 00000030: 00 00 00 04 00 00 3f ca 00 00 3f c7 00 00 00 00  ......?...?.....
[   30.901958] 00000040: d4 08 de 26 55 fb 48 ab a8 ab aa ce db 20 f9 dd  ...&U.H...... ..
[   30.902301] 00000050: 00 00 00 00 00 00 00 00 00 00 00 00 00 00 00 00  ................
[   30.902653] 00000060: 00 00 00 00 00 00 00 00 00 00 00 00 00 00 00 00  ................
[   30.903098] 00000070: 00 00 00 00 00 00 00 00 00 00 00 00 00 00 00 00  ................
[   30.903761] XFS (loop0): metadata I/O error in "xfs_read_agf+0xd0/0x290" at daddr 0x1 len 1 error 74
[   30.904529] XFS (loop0): page discard on page 00000000afab529a, inode 0x2b, pos 0.
[   30.906891] XFS (loop0): Unmounting Filesystem
[   31.141716] loop0: detected capacity change from 0 to 65536
[   31.142203] XFS: ikeep mount option is deprecated.
[   31.143290] XFS (loop0): Mounting V5 Filesystem
[   31.147641] XFS (loop0): Ending clean mount
[   31.148455] XFS (loop0): Quotacheck needed: Please wait.
[   31.150038] XFS (loop0): Metadata CRC error detected at xfs_agf_read_verify+0x10e/0x140, xfs_agf block 0x1 
[   31.150501] XFS (loop0): Unmount and run xfs_repair
[   31.150713] XFS (loop0): First 128 bytes of corrupted metadata buffer:
[   31.151002] 00000000: 58 41 47 46 00 00 00 01 00 00 00 00 00 00 40 00  XAGF..........@.
[   31.151337] 00000010: 00 00 00 02 00 00 00 03 00 00 00 00 00 00 00 01  ................
[   31.151711] 00000020: 00 00 00 01 00 00 00 00 00 00 01 00 00 00 00 04  ................
[   31.152048] 00000030: 00 00 00 04 00 00 3f ca 00 00 3f c7 00 00 00 00  ......?...?.....
[   31.152399] 00000040: d4 08 de 26 55 fb 48 ab a8 ab aa ce db 20 f9 dd  ...&U.H...... ..
[   31.152750] 00000050: 00 00 00 00 00 00 00 00 00 00 00 00 00 00 00 00  ................
[   31.153088] 00000060: 00 00 00 00 00 00 00 00 00 00 00 00 00 00 00 00  ................
[   31.153425] 00000070: 00 00 00 00 00 00 00 00 00 00 00 00 00 00 00 00  ................
[   31.153841] XFS (loop0): metadata I/O error in "xfs_read_agf+0xd0/0x290" at daddr 0x1 len 1 error 74
[   31.157000] XFS (loop0): Quotacheck: Unsuccessful (Error -117): Disabling quotas.
[   31.162143] XFS (loop0): Metadata CRC error detected at xfs_agf_read_verify+0x10e/0x140, xfs_agf block 0x1 
[   31.162613] XFS (loop0): Unmount and run xfs_repair
[   31.162840] XFS (loop0): First 128 bytes of corrupted metadata buffer:
[   31.163147] 00000000: 58 41 47 46 00 00 00 01 00 00 00 00 00 00 40 00  XAGF..........@.
[   31.163505] 00000010: 00 00 00 02 00 00 00 03 00 00 00 00 00 00 00 01  ................
[   31.163893] 00000020: 00 00 00 01 00 00 00 00 00 00 01 00 00 00 00 04  ................
[   31.164263] 00000030: 00 00 00 04 00 00 3f ca 00 00 3f c7 00 00 00 00  ......?...?.....
[   31.164616] 00000040: d4 08 de 26 55 fb 48 ab a8 ab aa ce db 20 f9 dd  ...&U.H...... ..
[   31.164970] 00000050: 00 00 00 00 00 00 00 00 00 00 00 00 00 00 00 00  ................
[   31.165332] 00000060: 00 00 00 00 00 00 00 00 00 00 00 00 00 00 00 00  ................
[   31.165686] 00000070: 00 00 00 00 00 00 00 00 00 00 00 00 00 00 00 00  ................
[   31.166624] XFS (loop0): metadata I/O error in "xfs_read_agf+0xd0/0x290" at daddr 0x1 len 1 error 74
[   31.170066] XFS (loop0): Unmounting Filesystem
[   31.391506] loop0: detected capacity change from 0 to 65536
[   31.391999] XFS: ikeep mount option is deprecated.
[   31.393178] XFS (loop0): Mounting V5 Filesystem
[   31.397884] XFS (loop0): Ending clean mount
[   31.398382] XFS (loop0): Quotacheck needed: Please wait.
[   31.401181] XFS (loop0): Metadata CRC error detected at xfs_agf_read_verify+0x10e/0x140, xfs_agf block 0x1 
[   31.401655] XFS (loop0): Unmount and run xfs_repair
[   31.401872] XFS (loop0): First 128 bytes of corrupted metadata buffer:
[   31.402159] 00000000: 58 41 47 46 00 00 00 01 00 00 00 00 00 00 40 00  XAGF..........@.
[   31.402503] 00000010: 00 00 00 02 00 00 00 03 00 00 00 00 00 00 00 01  ................
[   31.402847] 00000020: 00 00 00 01 00 00 00 00 00 00 01 00 00 00 00 04  ................
[   31.403203] 00000030: 00 00 00 04 00 00 3f ca 00 00 3f c7 00 00 00 00  ......?...?.....
[   31.403564] 00000040: d4 08 de 26 55 fb 48 ab a8 ab aa ce db 20 f9 dd  ...&U.H...... ..
[   31.403940] 00000050: 00 00 00 00 00 00 00 00 00 00 00 00 00 00 00 00  ................
[   31.404292] 00000060: 00 00 00 00 00 00 00 00 00 00 00 00 00 00 00 00  ................
[   31.404638] 00000070: 00 00 00 00 00 00 00 00 00 00 00 00 00 00 00 00  ................
[   31.404996] XFS (loop0): metadata I/O error in "xfs_read_agf+0xd0/0x290" at daddr 0x1 len 1 error 74
[   31.407131] XFS (loop0): Quotacheck: Unsuccessful (Error -117): Disabling quotas.
[   31.411658] XFS (loop0): Metadata CRC error detected at xfs_agf_read_verify+0x10e/0x140, xfs_agf block 0x1 
[   31.412110] XFS (loop0): Unmount and run xfs_repair
[   31.412323] XFS (loop0): First 128 bytes of corrupted metadata buffer:
[   31.412604] 00000000: 58 41 47 46 00 00 00 01 00 00 00 00 00 00 40 00  XAGF..........@.
[   31.412943] 00000010: 00 00 00 02 00 00 00 03 00 00 00 00 00 00 00 01  ................
[   31.413282] 00000020: 00 00 00 01 00 00 00 00 00 00 01 00 00 00 00 04  ................
[   31.413621] 00000030: 00 00 00 04 00 00 3f ca 00 00 3f c7 00 00 00 00  ......?...?.....
[   31.413963] 00000040: d4 08 de 26 55 fb 48 ab a8 ab aa ce db 20 f9 dd  ...&U.H...... ..
[   31.414306] 00000050: 00 00 00 00 00 00 00 00 00 00 00 00 00 00 00 00  ................
[   31.414646] 00000060: 00 00 00 00 00 00 00 00 00 00 00 00 00 00 00 00  ................
[   31.414986] 00000070: 00 00 00 00 00 00 00 00 00 00 00 00 00 00 00 00  ................
[   31.415340] XFS (loop0): metadata I/O error in "xfs_read_agf+0xd0/0x290" at daddr 0x1 len 1 error 74
[   31.416924] XFS (loop0): Unmounting Filesystem
[   31.657252] loop0: detected capacity change from 0 to 65536
[   31.657726] XFS: ikeep mount option is deprecated.
[   31.658813] XFS (loop0): Mounting V5 Filesystem
[   31.663661] XFS (loop0): Ending clean mount
[   31.664363] XFS (loop0): Quotacheck needed: Please wait.
[   31.666870] XFS (loop0): Metadata CRC error detected at xfs_agf_read_verify+0x10e/0x140, xfs_agf block 0x1 
[   31.667358] XFS (loop0): Unmount and run xfs_repair
[   31.667604] XFS (loop0): First 128 bytes of corrupted metadata buffer:
[   31.667891] 00000000: 58 41 47 46 00 00 00 01 00 00 00 00 00 00 40 00  XAGF..........@.
[   31.668237] 00000010: 00 00 00 02 00 00 00 03 00 00 00 00 00 00 00 01  ................
[   31.668578] 00000020: 00 00 00 01 00 00 00 00 00 00 01 00 00 00 00 04  ................
[   31.668920] 00000030: 00 00 00 04 00 00 3f ca 00 00 3f c7 00 00 00 00  ......?...?.....
[   31.669278] 00000040: d4 08 de 26 55 fb 48 ab a8 ab aa ce db 20 f9 dd  ...&U.H...... ..
[   31.669621] 00000050: 00 00 00 00 00 00 00 00 00 00 00 00 00 00 00 00  ................
[   31.669963] 00000060: 00 00 00 00 00 00 00 00 00 00 00 00 00 00 00 00  ................
[   31.670304] 00000070: 00 00 00 00 00 00 00 00 00 00 00 00 00 00 00 00  ................
[   31.670733] XFS (loop0): metadata I/O error in "xfs_read_agf+0xd0/0x290" at daddr 0x1 len 1 error 74
[   31.672207] XFS (loop0): Quotacheck: Unsuccessful (Error -117): Disabling quotas.
[   31.677919] XFS (loop0): Metadata CRC error detected at xfs_agf_read_verify+0x10e/0x140, xfs_agf block 0x1 
[   31.678373] XFS (loop0): Unmount and run xfs_repair
[   31.678590] XFS (loop0): First 128 bytes of corrupted metadata buffer:
[   31.678874] 00000000: 58 41 47 46 00 00 00 01 00 00 00 00 00 00 40 00  XAGF..........@.
[   31.679222] 00000010: 00 00 00 02 00 00 00 03 00 00 00 00 00 00 00 01  ................
[   31.679589] 00000020: 00 00 00 01 00 00 00 00 00 00 01 00 00 00 00 04  ................
[   31.679932] 00000030: 00 00 00 04 00 00 3f ca 00 00 3f c7 00 00 00 00  ......?...?.....
[   31.680277] 00000040: d4 08 de 26 55 fb 48 ab a8 ab aa ce db 20 f9 dd  ...&U.H...... ..
[   31.680622] 00000050: 00 00 00 00 00 00 00 00 00 00 00 00 00 00 00 00  ................
[   31.680967] 00000060: 00 00 00 00 00 00 00 00 00 00 00 00 00 00 00 00  ................
[   31.681320] 00000070: 00 00 00 00 00 00 00 00 00 00 00 00 00 00 00 00  ................
[   31.681711] XFS (loop0): metadata I/O error in "xfs_read_agf+0xd0/0x290" at daddr 0x1 len 1 error 74
[   31.683324] XFS (loop0): Unmounting Filesystem
[   31.889960] loop0: detected capacity change from 0 to 65536
[   31.890417] XFS: ikeep mount option is deprecated.
[   31.891323] XFS (loop0): Mounting V5 Filesystem
[   31.894642] XFS (loop0): Ending clean mount
[   31.895043] XFS (loop0): Quotacheck needed: Please wait.
[   31.897330] XFS (loop0): Metadata CRC error detected at xfs_agf_read_verify+0x10e/0x140, xfs_agf block 0x1 
[   31.897779] XFS (loop0): Unmount and run xfs_repair
[   31.897987] XFS (loop0): First 128 bytes of corrupted metadata buffer:
[   31.898260] 00000000: 58 41 47 46 00 00 00 01 00 00 00 00 00 00 40 00  XAGF..........@.
[   31.898598] 00000010: 00 00 00 02 00 00 00 03 00 00 00 00 00 00 00 01  ................
[   31.898928] 00000020: 00 00 00 01 00 00 00 00 00 00 01 00 00 00 00 04  ................
[   31.899266] 00000030: 00 00 00 04 00 00 3f ca 00 00 3f c7 00 00 00 00  ......?...?.....
[   31.899623] 00000040: d4 08 de 26 55 fb 48 ab a8 ab aa ce db 20 f9 dd  ...&U.H...... ..
[   31.899968] 00000050: 00 00 00 00 00 00 00 00 00 00 00 00 00 00 00 00  ................
[   31.900298] 00000060: 00 00 00 00 00 00 00 00 00 00 00 00 00 00 00 00  ................
[   31.900628] 00000070: 00 00 00 00 00 00 00 00 00 00 00 00 00 00 00 00  ................
[   31.901054] XFS (loop0): metadata I/O error in "xfs_read_agf+0xd0/0x290" at daddr 0x1 len 1 error 74
[   31.901870] XFS (loop0): Quotacheck: Unsuccessful (Error -117): Disabling quotas.
[   31.908101] XFS (loop0): Metadata CRC error detected at xfs_agf_read_verify+0x10e/0x140, xfs_agf block 0x1 
[   31.908558] XFS (loop0): Unmount and run xfs_repair
[   31.908770] XFS (loop0): First 128 bytes of corrupted metadata buffer:
[   31.909046] 00000000: 58 41 47 46 00 00 00 01 00 00 00 00 00 00 40 00  XAGF..........@.
[   31.909392] 00000010: 00 00 00 02 00 00 00 03 00 00 00 00 00 00 00 01  ................
[   31.909724] 00000020: 00 00 00 01 00 00 00 00 00 00 01 00 00 00 00 04  ................
[   31.910057] 00000030: 00 00 00 04 00 00 3f ca 00 00 3f c7 00 00 00 00  ......?...?.....
[   31.910394] 00000040: d4 08 de 26 55 fb 48 ab a8 ab aa ce db 20 f9 dd  ...&U.H...... ..
[   31.910726] 00000050: 00 00 00 00 00 00 00 00 00 00 00 00 00 00 00 00  ................
[   31.911064] 00000060: 00 00 00 00 00 00 00 00 00 00 00 00 00 00 00 00  ................
[   31.911403] 00000070: 00 00 00 00 00 00 00 00 00 00 00 00 00 00 00 00  ................
[   31.911765] XFS (loop0): metadata I/O error in "xfs_read_agf+0xd0/0x290" at daddr 0x1 len 1 error 74
[   31.913272] XFS (loop0): Unmounting Filesystem
[   32.140802] loop0: detected capacity change from 0 to 65536
[   32.141266] XFS: ikeep mount option is deprecated.
[   32.142293] XFS (loop0): Mounting V5 Filesystem
[   32.146680] XFS (loop0): Ending clean mount
[   32.147364] XFS (loop0): Quotacheck needed: Please wait.
[   32.149901] XFS (loop0): Metadata CRC error detected at xfs_agf_read_verify+0x10e/0x140, xfs_agf block 0x1 
[   32.150399] XFS (loop0): Unmount and run xfs_repair
[   32.150612] XFS (loop0): First 128 bytes of corrupted metadata buffer:
[   32.150898] 00000000: 58 41 47 46 00 00 00 01 00 00 00 00 00 00 40 00  XAGF..........@.
[   32.151243] 00000010: 00 00 00 02 00 00 00 03 00 00 00 00 00 00 00 01  ................
[   32.151615] 00000020: 00 00 00 01 00 00 00 00 00 00 01 00 00 00 00 04  ................
[   32.151955] 00000030: 00 00 00 04 00 00 3f ca 00 00 3f c7 00 00 00 00  ......?...?.....
[   32.152304] 00000040: d4 08 de 26 55 fb 48 ab a8 ab aa ce db 20 f9 dd  ...&U.H...... ..
[   32.152646] 00000050: 00 00 00 00 00 00 00 00 00 00 00 00 00 00 00 00  ................
[   32.152985] 00000060: 00 00 00 00 00 00 00 00 00 00 00 00 00 00 00 00  ................
[   32.153354] 00000070: 00 00 00 00 00 00 00 00 00 00 00 00 00 00 00 00  ................
[   32.153788] XFS (loop0): metadata I/O error in "xfs_read_agf+0xd0/0x290" at daddr 0x1 len 1 error 74
[   32.155399] XFS (loop0): Quotacheck: Unsuccessful (Error -117): Disabling quotas.
[   32.162733] XFS (loop0): Metadata CRC error detected at xfs_agf_read_verify+0x10e/0x140, xfs_agf block 0x1 
[   32.163205] XFS (loop0): Unmount and run xfs_repair
[   32.163424] XFS (loop0): First 128 bytes of corrupted metadata buffer:
[   32.163742] 00000000: 58 41 47 46 00 00 00 01 00 00 00 00 00 00 40 00  XAGF..........@.
[   32.164089] 00000010: 00 00 00 02 00 00 00 03 00 00 00 00 00 00 00 01  ................
[   32.164434] 00000020: 00 00 00 01 00 00 00 00 00 00 01 00 00 00 00 04  ................
[   32.164779] 00000030: 00 00 00 04 00 00 3f ca 00 00 3f c7 00 00 00 00  ......?...?.....
[   32.165133] 00000040: d4 08 de 26 55 fb 48 ab a8 ab aa ce db 20 f9 dd  ...&U.H...... ..
[   32.165482] 00000050: 00 00 00 00 00 00 00 00 00 00 00 00 00 00 00 00  ................
[   32.165853] 00000060: 00 00 00 00 00 00 00 00 00 00 00 00 00 00 00 00  ................
[   32.166216] 00000070: 00 00 00 00 00 00 00 00 00 00 00 00 00 00 00 00  ................
[   32.167112] XFS (loop0): metadata I/O error in "xfs_read_agf+0xd0/0x290" at daddr 0x1 len 1 error 74
[   32.169275] XFS (loop0): Unmounting Filesystem
[   32.405391] loop0: detected capacity change from 0 to 65536
[   32.405844] XFS: ikeep mount option is deprecated.
[   32.407077] XFS (loop0): Mounting V5 Filesystem
[   32.413437] XFS (loop0): Ending clean mount
[   32.413895] XFS (loop0): Quotacheck needed: Please wait.
[   32.416597] XFS (loop0): Metadata CRC error detected at xfs_agf_read_verify+0x10e/0x140, xfs_agf block 0x1 
[   32.417060] XFS (loop0): Unmount and run xfs_repair
[   32.417288] XFS (loop0): First 128 bytes of corrupted metadata buffer:
[   32.417569] 00000000: 58 41 47 46 00 00 00 01 00 00 00 00 00 00 40 00  XAGF..........@.
[   32.417908] 00000010: 00 00 00 02 00 00 00 03 00 00 00 00 00 00 00 01  ................
[   32.418257] 00000020: 00 00 00 01 00 00 00 00 00 00 01 00 00 00 00 04  ................
[   32.418593] 00000030: 00 00 00 04 00 00 3f ca 00 00 3f c7 00 00 00 00  ......?...?.....
[   32.418931] 00000040: d4 08 de 26 55 fb 48 ab a8 ab aa ce db 20 f9 dd  ...&U.H...... ..
[   32.419265] 00000050: 00 00 00 00 00 00 00 00 00 00 00 00 00 00 00 00  ................
[   32.419647] 00000060: 00 00 00 00 00 00 00 00 00 00 00 00 00 00 00 00  ................
[   32.419981] 00000070: 00 00 00 00 00 00 00 00 00 00 00 00 00 00 00 00  ................
[   32.420439] XFS (loop0): metadata I/O error in "xfs_read_agf+0xd0/0x290" at daddr 0x1 len 1 error 74
[   32.421183] XFS (loop0): Quotacheck: Unsuccessful (Error -117): Disabling quotas.
[   32.423605] XFS (loop0): Metadata CRC error detected at xfs_agf_read_verify+0x10e/0x140, xfs_agf block 0x1 
[   32.424036] XFS (loop0): Unmount and run xfs_repair
[   32.424248] XFS (loop0): First 128 bytes of corrupted metadata buffer:
[   32.424529] 00000000: 58 41 47 46 00 00 00 01 00 00 00 00 00 00 40 00  XAGF..........@.
[   32.424869] 00000010: 00 00 00 02 00 00 00 03 00 00 00 00 00 00 00 01  ................
[   32.425211] 00000020: 00 00 00 01 00 00 00 00 00 00 01 00 00 00 00 04  ................
[   32.425556] 00000030: 00 00 00 04 00 00 3f ca 00 00 3f c7 00 00 00 00  ......?...?.....
[   32.425896] 00000040: d4 08 de 26 55 fb 48 ab a8 ab aa ce db 20 f9 dd  ...&U.H...... ..
[   32.426236] 00000050: 00 00 00 00 00 00 00 00 00 00 00 00 00 00 00 00  ................
[   32.426576] 00000060: 00 00 00 00 00 00 00 00 00 00 00 00 00 00 00 00  ................
[   32.426915] 00000070: 00 00 00 00 00 00 00 00 00 00 00 00 00 00 00 00  ................
[   32.427281] XFS (loop0): metadata I/O error in "xfs_read_agf+0xd0/0x290" at daddr 0x1 len 1 error 74
[   32.429319] XFS (loop0): Unmounting Filesystem
[   32.649674] loop0: detected capacity change from 0 to 65536
[   32.650131] XFS: ikeep mount option is deprecated.
[   32.651063] XFS (loop0): Mounting V5 Filesystem
[   32.654474] XFS (loop0): Ending clean mount
[   32.654892] XFS (loop0): Quotacheck needed: Please wait.
[   32.657211] XFS (loop0): Metadata CRC error detected at xfs_agf_read_verify+0x10e/0x140, xfs_agf block 0x1 
[   32.657677] XFS (loop0): Unmount and run xfs_repair
[   32.657893] XFS (loop0): First 128 bytes of corrupted metadata buffer:
[   32.658183] 00000000: 58 41 47 46 00 00 00 01 00 00 00 00 00 00 40 00  XAGF..........@.
[   32.658523] 00000010: 00 00 00 02 00 00 00 03 00 00 00 00 00 00 00 01  ................
[   32.658863] 00000020: 00 00 00 01 00 00 00 00 00 00 01 00 00 00 00 04  ................
[   32.659216] 00000030: 00 00 00 04 00 00 3f ca 00 00 3f c7 00 00 00 00  ......?...?.....
[   32.659562] 00000040: d4 08 de 26 55 fb 48 ab a8 ab aa ce db 20 f9 dd  ...&U.H...... ..
[   32.659926] 00000050: 00 00 00 00 00 00 00 00 00 00 00 00 00 00 00 00  ................
[   32.660266] 00000060: 00 00 00 00 00 00 00 00 00 00 00 00 00 00 00 00  ................
[   32.660607] 00000070: 00 00 00 00 00 00 00 00 00 00 00 00 00 00 00 00  ................
[   32.661071] XFS (loop0): metadata I/O error in "xfs_read_agf+0xd0/0x290" at daddr 0x1 len 1 error 74
[   32.661775] XFS (loop0): Quotacheck: Unsuccessful (Error -117): Disabling quotas.
[   32.662932] XFS (loop0): Metadata CRC error detected at xfs_agf_read_verify+0x10e/0x140, xfs_agf block 0x1 
[   32.663378] XFS (loop0): Unmount and run xfs_repair
[   32.663641] XFS (loop0): First 128 bytes of corrupted metadata buffer:
[   32.663922] 00000000: 58 41 47 46 00 00 00 01 00 00 00 00 00 00 40 00  XAGF..........@.
[   32.664268] 00000010: 00 00 00 02 00 00 00 03 00 00 00 00 00 00 00 01  ................
[   32.664606] 00000020: 00 00 00 01 00 00 00 00 00 00 01 00 00 00 00 04  ................
[   32.664944] 00000030: 00 00 00 04 00 00 3f ca 00 00 3f c7 00 00 00 00  ......?...?.....
[   32.665283] 00000040: d4 08 de 26 55 fb 48 ab a8 ab aa ce db 20 f9 dd  ...&U.H...... ..
[   32.665620] 00000050: 00 00 00 00 00 00 00 00 00 00 00 00 00 00 00 00  ................
[   32.665959] 00000060: 00 00 00 00 00 00 00 00 00 00 00 00 00 00 00 00  ................
[   32.666299] 00000070: 00 00 00 00 00 00 00 00 00 00 00 00 00 00 00 00  ................
[   32.666638] XFS (loop0): metadata I/O error in "xfs_read_agf+0xd0/0x290" at daddr 0x1 len 1 error 74
[   32.669478] XFS (loop0): Unmounting Filesystem
[   32.926161] loop0: detected capacity change from 0 to 65536
[   32.926694] XFS: ikeep mount option is deprecated.
[   32.927740] XFS (loop0): Mounting V5 Filesystem
[   32.932124] XFS (loop0): Ending clean mount
[   32.932807] XFS (loop0): Quotacheck needed: Please wait.
[   32.936420] XFS (loop0): Metadata CRC error detected at xfs_agf_read_verify+0x10e/0x140, xfs_agf block 0x1 
[   32.936892] XFS (loop0): Unmount and run xfs_repair
[   32.937119] XFS (loop0): First 128 bytes of corrupted metadata buffer:
[   32.937402] 00000000: 58 41 47 46 00 00 00 01 00 00 00 00 00 00 40 00  XAGF..........@.
[   32.937743] 00000010: 00 00 00 02 00 00 00 03 00 00 00 00 00 00 00 01  ................
[   32.938085] 00000020: 00 00 00 01 00 00 00 00 00 00 01 00 00 00 00 04  ................
[   32.938427] 00000030: 00 00 00 04 00 00 3f ca 00 00 3f c7 00 00 00 00  ......?...?.....
[   32.938767] 00000040: d4 08 de 26 55 fb 48 ab a8 ab aa ce db 20 f9 dd  ...&U.H...... ..
[   32.939109] 00000050: 00 00 00 00 00 00 00 00 00 00 00 00 00 00 00 00  ................
[   32.939557] 00000060: 00 00 00 00 00 00 00 00 00 00 00 00 00 00 00 00  ................
[   32.939975] 00000070: 00 00 00 00 00 00 00 00 00 00 00 00 00 00 00 00  ................
[   32.940330] XFS (loop0): metadata I/O error in "xfs_read_agf+0xd0/0x290" at daddr 0x1 len 1 error 74
[   32.942034] XFS (loop0): Quotacheck: Unsuccessful (Error -117): Disabling quotas.
[   32.949054] XFS (loop0): Metadata CRC error detected at xfs_agf_read_verify+0x10e/0x140, xfs_agf block 0x1 
[   32.949511] XFS (loop0): Unmount and run xfs_repair
[   32.949721] XFS (loop0): First 128 bytes of corrupted metadata buffer:
[   32.949999] 00000000: 58 41 47 46 00 00 00 01 00 00 00 00 00 00 40 00  XAGF..........@.
[   32.950334] 00000010: 00 00 00 02 00 00 00 03 00 00 00 00 00 00 00 01  ................
[   32.950671] 00000020: 00 00 00 01 00 00 00 00 00 00 01 00 00 00 00 04  ................
[   32.951015] 00000030: 00 00 00 04 00 00 3f ca 00 00 3f c7 00 00 00 00  ......?...?.....
[   32.951359] 00000040: d4 08 de 26 55 fb 48 ab a8 ab aa ce db 20 f9 dd  ...&U.H...... ..
[   32.951727] 00000050: 00 00 00 00 00 00 00 00 00 00 00 00 00 00 00 00  ................
[   32.952070] 00000060: 00 00 00 00 00 00 00 00 00 00 00 00 00 00 00 00  ................
[   32.952420] 00000070: 00 00 00 00 00 00 00 00 00 00 00 00 00 00 00 00  ................
[   32.952775] XFS (loop0): metadata I/O error in "xfs_read_agf+0xd0/0x290" at daddr 0x1 len 1 error 74
[   32.954622] XFS (loop0): Unmounting Filesystem
[   33.179907] loop0: detected capacity change from 0 to 65536
[   33.180348] XFS: ikeep mount option is deprecated.
[   33.181397] XFS (loop0): Mounting V5 Filesystem
[   33.184786] XFS (loop0): Ending clean mount
[   33.185183] XFS (loop0): Quotacheck needed: Please wait.
[   33.187403] XFS (loop0): Metadata CRC error detected at xfs_agf_read_verify+0x10e/0x140, xfs_agf block 0x1 
[   33.187886] XFS (loop0): Unmount and run xfs_repair
[   33.188095] XFS (loop0): First 128 bytes of corrupted metadata buffer:
[   33.188369] 00000000: 58 41 47 46 00 00 00 01 00 00 00 00 00 00 40 00  XAGF..........@.
[   33.188708] 00000010: 00 00 00 02 00 00 00 03 00 00 00 00 00 00 00 01  ................
[   33.189057] 00000020: 00 00 00 01 00 00 00 00 00 00 01 00 00 00 00 04  ................
[   33.189396] 00000030: 00 00 00 04 00 00 3f ca 00 00 3f c7 00 00 00 00  ......?...?.....
[   33.189734] 00000040: d4 08 de 26 55 fb 48 ab a8 ab aa ce db 20 f9 dd  ...&U.H...... ..
[   33.190074] 00000050: 00 00 00 00 00 00 00 00 00 00 00 00 00 00 00 00  ................
[   33.190408] 00000060: 00 00 00 00 00 00 00 00 00 00 00 00 00 00 00 00  ................
[   33.190743] 00000070: 00 00 00 00 00 00 00 00 00 00 00 00 00 00 00 00  ................
[   33.191175] XFS (loop0): metadata I/O error in "xfs_read_agf+0xd0/0x290" at daddr 0x1 len 1 error 74
[   33.193148] XFS (loop0): Quotacheck: Unsuccessful (Error -117): Disabling quotas.
[   33.202737] XFS (loop0): Metadata CRC error detected at xfs_agf_read_verify+0x10e/0x140, xfs_agf block 0x1 
[   33.203181] XFS (loop0): Unmount and run xfs_repair
[   33.203390] XFS (loop0): First 128 bytes of corrupted metadata buffer:
[   33.203700] 00000000: 58 41 47 46 00 00 00 01 00 00 00 00 00 00 40 00  XAGF..........@.
[   33.204033] 00000010: 00 00 00 02 00 00 00 03 00 00 00 00 00 00 00 01  ................
[   33.204376] 00000020: 00 00 00 01 00 00 00 00 00 00 01 00 00 00 00 04  ................
[   33.204712] 00000030: 00 00 00 04 00 00 3f ca 00 00 3f c7 00 00 00 00  ......?...?.....
[   33.205047] 00000040: d4 08 de 26 55 fb 48 ab a8 ab aa ce db 20 f9 dd  ...&U.H...... ..
[   33.205382] 00000050: 00 00 00 00 00 00 00 00 00 00 00 00 00 00 00 00  ................
[   33.205715] 00000060: 00 00 00 00 00 00 00 00 00 00 00 00 00 00 00 00  ................
[   33.206048] 00000070: 00 00 00 00 00 00 00 00 00 00 00 00 00 00 00 00  ................
[   33.211610] XFS (loop0): metadata I/O error in "xfs_read_agf+0xd0/0x290" at daddr 0x1 len 1 error 74
[   33.215342] XFS (loop0): Unmounting Filesystem
[   33.479869] loop0: detected capacity change from 0 to 65536
[   33.480308] XFS: ikeep mount option is deprecated.
[   33.481250] XFS (loop0): Mounting V5 Filesystem
[   33.485368] XFS (loop0): Ending clean mount
[   33.485783] XFS (loop0): Quotacheck needed: Please wait.
[   33.487551] XFS (loop0): Metadata CRC error detected at xfs_agf_read_verify+0x10e/0x140, xfs_agf block 0x1 
[   33.488023] XFS (loop0): Unmount and run xfs_repair
[   33.488236] XFS (loop0): First 128 bytes of corrupted metadata buffer:
[   33.488520] 00000000: 58 41 47 46 00 00 00 01 00 00 00 00 00 00 40 00  XAGF..........@.
[   33.488865] 00000010: 00 00 00 02 00 00 00 03 00 00 00 00 00 00 00 01  ................
[   33.489195] 00000020: 00 00 00 01 00 00 00 00 00 00 01 00 00 00 00 04  ................
[   33.489525] 00000030: 00 00 00 04 00 00 3f ca 00 00 3f c7 00 00 00 00  ......?...?.....
[   33.489855] 00000040: d4 08 de 26 55 fb 48 ab a8 ab aa ce db 20 f9 dd  ...&U.H...... ..
[   33.490186] 00000050: 00 00 00 00 00 00 00 00 00 00 00 00 00 00 00 00  ................
[   33.490516] 00000060: 00 00 00 00 00 00 00 00 00 00 00 00 00 00 00 00  ................
[   33.490847] 00000070: 00 00 00 00 00 00 00 00 00 00 00 00 00 00 00 00  ................
[   33.491309] XFS (loop0): metadata I/O error in "xfs_read_agf+0xd0/0x290" at daddr 0x1 len 1 error 74
[   33.492819] XFS (loop0): Quotacheck: Unsuccessful (Error -117): Disabling quotas.
[   33.499821] XFS (loop0): Metadata CRC error detected at xfs_agf_read_verify+0x10e/0x140, xfs_agf block 0x1 
[   33.500259] XFS (loop0): Unmount and run xfs_repair
[   33.500470] XFS (loop0): First 128 bytes of corrupted metadata buffer:
[   33.500744] 00000000: 58 41 47 46 00 00 00 01 00 00 00 00 00 00 40 00  XAGF..........@.
[   33.501086] 00000010: 00 00 00 02 00 00 00 03 00 00 00 00 00 00 00 01  ................
[   33.501416] 00000020: 00 00 00 01 00 00 00 00 00 00 01 00 00 00 00 04  ................
[   33.501751] 00000030: 00 00 00 04 00 00 3f ca 00 00 3f c7 00 00 00 00  ......?...?.....
[   33.502079] 00000040: d4 08 de 26 55 fb 48 ab a8 ab aa ce db 20 f9 dd  ...&U.H...... ..
[   33.502408] 00000050: 00 00 00 00 00 00 00 00 00 00 00 00 00 00 00 00  ................
[   33.502743] 00000060: 00 00 00 00 00 00 00 00 00 00 00 00 00 00 00 00  ................
[   33.503084] 00000070: 00 00 00 00 00 00 00 00 00 00 00 00 00 00 00 00  ................
[   33.503433] XFS (loop0): metadata I/O error in "xfs_read_agf+0xd0/0x290" at daddr 0x1 len 1 error 74
[   33.504001] xfs_discard_folio: 9 callbacks suppressed
[   33.504006] XFS (loop0): page discard on page 0000000068a53699, inode 0x2b, pos 0.
[   33.506485] XFS (loop0): Unmounting Filesystem
[   33.770903] loop0: detected capacity change from 0 to 65536
[   33.771339] XFS: ikeep mount option is deprecated.
[   33.772312] XFS (loop0): Mounting V5 Filesystem
[   33.775940] XFS (loop0): Ending clean mount
[   33.776410] XFS (loop0): Quotacheck needed: Please wait.
[   33.777674] XFS (loop0): Metadata CRC error detected at xfs_agf_read_verify+0x10e/0x140, xfs_agf block 0x1 
[   33.778115] XFS (loop0): Unmount and run xfs_repair
[   33.778324] XFS (loop0): First 128 bytes of corrupted metadata buffer:
[   33.778609] 00000000: 58 41 47 46 00 00 00 01 00 00 00 00 00 00 40 00  XAGF..........@.
[   33.778942] 00000010: 00 00 00 02 00 00 00 03 00 00 00 00 00 00 00 01  ................
[   33.779278] 00000020: 00 00 00 01 00 00 00 00 00 00 01 00 00 00 00 04  ................
[   33.779639] 00000030: 00 00 00 04 00 00 3f ca 00 00 3f c7 00 00 00 00  ......?...?.....
[   33.779972] 00000040: d4 08 de 26 55 fb 48 ab a8 ab aa ce db 20 f9 dd  ...&U.H...... ..
[   33.780307] 00000050: 00 00 00 00 00 00 00 00 00 00 00 00 00 00 00 00  ................
[   33.780640] 00000060: 00 00 00 00 00 00 00 00 00 00 00 00 00 00 00 00  ................
[   33.780968] 00000070: 00 00 00 00 00 00 00 00 00 00 00 00 00 00 00 00  ................
[   33.781304] XFS (loop0): metadata I/O error in "xfs_read_agf+0xd0/0x290" at daddr 0x1 len 1 error 74
[   33.781961] XFS (loop0): Quotacheck: Unsuccessful (Error -117): Disabling quotas.
[   33.783094] XFS (loop0): Metadata CRC error detected at xfs_agf_read_verify+0x10e/0x140, xfs_agf block 0x1 
[   33.783528] XFS (loop0): Unmount and run xfs_repair
[   33.783755] XFS (loop0): First 128 bytes of corrupted metadata buffer:
[   33.784030] 00000000: 58 41 47 46 00 00 00 01 00 00 00 00 00 00 40 00  XAGF..........@.
[   33.784368] 00000010: 00 00 00 02 00 00 00 03 00 00 00 00 00 00 00 01  ................
[   33.784700] 00000020: 00 00 00 01 00 00 00 00 00 00 01 00 00 00 00 04  ................
[   33.785033] 00000030: 00 00 00 04 00 00 3f ca 00 00 3f c7 00 00 00 00  ......?...?.....
[   33.785365] 00000040: d4 08 de 26 55 fb 48 ab a8 ab aa ce db 20 f9 dd  ...&U.H...... ..
[   33.785700] 00000050: 00 00 00 00 00 00 00 00 00 00 00 00 00 00 00 00  ................
[   33.786032] 00000060: 00 00 00 00 00 00 00 00 00 00 00 00 00 00 00 00  ................
[   33.786365] 00000070: 00 00 00 00 00 00 00 00 00 00 00 00 00 00 00 00  ................
[   33.786716] XFS (loop0): metadata I/O error in "xfs_read_agf+0xd0/0x290" at daddr 0x1 len 1 error 74
[   33.787116] XFS (loop0): page discard on page 00000000da459fbb, inode 0x2b, pos 0.
[   33.794464] XFS (loop0): Unmounting Filesystem
[   34.050419] loop0: detected capacity change from 0 to 65536
[   34.050862] XFS: ikeep mount option is deprecated.
[   34.053101] XFS (loop0): Mounting V5 Filesystem
[   34.056460] XFS (loop0): Ending clean mount
[   34.056874] XFS (loop0): Quotacheck needed: Please wait.
[   34.058278] XFS (loop0): Metadata CRC error detected at xfs_agf_read_verify+0x10e/0x140, xfs_agf block 0x1 
[   34.058739] XFS (loop0): Unmount and run xfs_repair
[   34.058955] XFS (loop0): First 128 bytes of corrupted metadata buffer:
[   34.059256] 00000000: 58 41 47 46 00 00 00 01 00 00 00 00 00 00 40 00  XAGF..........@.
[   34.059631] 00000010: 00 00 00 02 00 00 00 03 00 00 00 00 00 00 00 01  ................
[   34.059968] 00000020: 00 00 00 01 00 00 00 00 00 00 01 00 00 00 00 04  ................
[   34.060314] 00000030: 00 00 00 04 00 00 3f ca 00 00 3f c7 00 00 00 00  ......?...?.....
[   34.060652] 00000040: d4 08 de 26 55 fb 48 ab a8 ab aa ce db 20 f9 dd  ...&U.H...... ..
[   34.060990] 00000050: 00 00 00 00 00 00 00 00 00 00 00 00 00 00 00 00  ................
[   34.061335] 00000060: 00 00 00 00 00 00 00 00 00 00 00 00 00 00 00 00  ................
[   34.061674] 00000070: 00 00 00 00 00 00 00 00 00 00 00 00 00 00 00 00  ................
[   34.062023] XFS (loop0): metadata I/O error in "xfs_read_agf+0xd0/0x290" at daddr 0x1 len 1 error 74
[   34.063209] XFS (loop0): Quotacheck: Unsuccessful (Error -117): Disabling quotas.
[   34.070164] XFS (loop0): Metadata CRC error detected at xfs_agf_read_verify+0x10e/0x140, xfs_agf block 0x1 
[   34.070611] XFS (loop0): Unmount and run xfs_repair
[   34.070824] XFS (loop0): First 128 bytes of corrupted metadata buffer:
[   34.071107] 00000000: 58 41 47 46 00 00 00 01 00 00 00 00 00 00 40 00  XAGF..........@.
[   34.071449] 00000010: 00 00 00 02 00 00 00 03 00 00 00 00 00 00 00 01  ................
[   34.071814] 00000020: 00 00 00 01 00 00 00 00 00 00 01 00 00 00 00 04  ................
[   34.072168] 00000030: 00 00 00 04 00 00 3f ca 00 00 3f c7 00 00 00 00  ......?...?.....
[   34.072507] 00000040: d4 08 de 26 55 fb 48 ab a8 ab aa ce db 20 f9 dd  ...&U.H...... ..
[   34.072849] 00000050: 00 00 00 00 00 00 00 00 00 00 00 00 00 00 00 00  ................
[   34.073188] 00000060: 00 00 00 00 00 00 00 00 00 00 00 00 00 00 00 00  ................
