c[?7l[2J[0mSeaBIOS (version rel-1.16.0-0-gd239552ce722-prebuilt.qemu.org)


iPXE (http://ipxe.org) 00:03.0 CA00 PCI2.10 PnP PMM+7FF91000+7FEF1000 CA00
Press Ctrl-B to configure iPXE (PCI 00:03.0)...                                                                               


Booting from ROM..c[?7l[2J[    0.000000] Linux version 6.2.0-7c3dc440b1f5+ (root@p-adls01) (gcc (GCC) 8.5.0 20210514 (Red Hat 8.5.0-18), GNU ld version 2.36.1-2.el8) #1 SMP PREEMPT_DYNAMIC Sat Mar 11 03:06:51 CST 2023
[    0.000000] Command line: console=ttyS0 root=/dev/sda earlyprintk=serial net.ifnames=0
[    0.000000] KERNEL supported cpus:
[    0.000000]   Intel GenuineIntel
[    0.000000]   AMD AuthenticAMD
[    0.000000]   Hygon HygonGenuine
[    0.000000]   Centaur CentaurHauls
[    0.000000]   zhaoxin   Shanghai  
[    0.000000] x86/fpu: Supporting XSAVE feature 0x001: 'x87 floating point registers'
[    0.000000] x86/fpu: Supporting XSAVE feature 0x002: 'SSE registers'
[    0.000000] x86/fpu: Supporting XSAVE feature 0x004: 'AVX registers'
[    0.000000] x86/fpu: Supporting XSAVE feature 0x200: 'Protection Keys User registers'
[    0.000000] x86/fpu: xstate_offset[2]:  576, xstate_sizes[2]:  256
[    0.000000] x86/fpu: xstate_offset[9]:  832, xstate_sizes[9]:    8
[    0.000000] x86/fpu: Enabled xstate features 0x207, context size is 840 bytes, using 'compacted' format.
[    0.000000] signal: max sigframe size: 3632
[    0.000000] BIOS-provided physical RAM map:
[    0.000000] BIOS-e820: [mem 0x0000000000000000-0x000000000009fbff] usable
[    0.000000] BIOS-e820: [mem 0x000000000009fc00-0x000000000009ffff] reserved
[    0.000000] BIOS-e820: [mem 0x00000000000f0000-0x00000000000fffff] reserved
[    0.000000] BIOS-e820: [mem 0x0000000000100000-0x000000007ffdffff] usable
[    0.000000] BIOS-e820: [mem 0x000000007ffe0000-0x000000007fffffff] reserved
[    0.000000] BIOS-e820: [mem 0x00000000feffc000-0x00000000feffffff] reserved
[    0.000000] BIOS-e820: [mem 0x00000000fffc0000-0x00000000ffffffff] reserved
[    0.000000] printk: bootconsole [earlyser0] enabled
[    0.000000] NX (Execute Disable) protection: active
[    0.000000] SMBIOS 2.8 present.
[    0.000000] DMI: QEMU Standard PC (i440FX + PIIX, 1996), BIOS rel-1.16.0-0-gd239552ce722-prebuilt.qemu.org 04/01/2014
[    0.000000] Hypervisor detected: KVM
[    0.000000] kvm-clock: Using msrs 4b564d01 and 4b564d00
[    0.000002] kvm-clock: using sched offset of 371886080 cycles
[    0.000331] clocksource: kvm-clock: mask: 0xffffffffffffffff max_cycles: 0x1cd42e4dffb, max_idle_ns: 881590591483 ns
[    0.001349] tsc: Detected 3609.600 MHz processor
[    0.004000] last_pfn = 0x7ffe0 max_arch_pfn = 0x400000000
[    0.004000] x86/PAT: Configuration [0-7]: WB  WC  UC- UC  WB  WP  UC- WT  
[    0.004000] found SMP MP-table at [mem 0x000f5ba0-0x000f5baf]
[    0.004000] Using GB pages for direct mapping
[    0.004000] ACPI: Early table checksum verification disabled
[    0.004000] ACPI: RSDP 0x00000000000F59C0 000014 (v00 BOCHS )
[    0.004000] ACPI: RSDT 0x000000007FFE1951 000034 (v01 BOCHS  BXPC     00000001 BXPC 00000001)
[    0.004000] ACPI: FACP 0x000000007FFE17FD 000074 (v01 BOCHS  BXPC     00000001 BXPC 00000001)
[    0.004000] ACPI: DSDT 0x000000007FFE0040 0017BD (v01 BOCHS  BXPC     00000001 BXPC 00000001)
[    0.004000] ACPI: FACS 0x000000007FFE0000 000040
[    0.004000] ACPI: APIC 0x000000007FFE1871 000080 (v01 BOCHS  BXPC     00000001 BXPC 00000001)
[    0.004000] ACPI: HPET 0x000000007FFE18F1 000038 (v01 BOCHS  BXPC     00000001 BXPC 00000001)
[    0.004000] ACPI: WAET 0x000000007FFE1929 000028 (v01 BOCHS  BXPC     00000001 BXPC 00000001)
[    0.004000] ACPI: Reserving FACP table memory at [mem 0x7ffe17fd-0x7ffe1870]
[    0.004000] ACPI: Reserving DSDT table memory at [mem 0x7ffe0040-0x7ffe17fc]
[    0.004000] ACPI: Reserving FACS table memory at [mem 0x7ffe0000-0x7ffe003f]
[    0.004000] ACPI: Reserving APIC table memory at [mem 0x7ffe1871-0x7ffe18f0]
[    0.004000] ACPI: Reserving HPET table memory at [mem 0x7ffe18f1-0x7ffe1928]
[    0.004000] ACPI: Reserving WAET table memory at [mem 0x7ffe1929-0x7ffe1950]
[    0.004000] No NUMA configuration found
[    0.004000] Faking a node at [mem 0x0000000000000000-0x000000007ffdffff]
[    0.004000] NODE_DATA(0) allocated [mem 0x7ffb5000-0x7ffdffff]
[    0.004000] Zone ranges:
[    0.004000]   DMA      [mem 0x0000000000001000-0x0000000000ffffff]
[    0.004000]   DMA32    [mem 0x0000000001000000-0x000000007ffdffff]
[    0.004000]   Normal   empty
[    0.004000]   Device   empty
[    0.004000] Movable zone start for each node
[    0.004000] Early memory node ranges
[    0.004000]   node   0: [mem 0x0000000000001000-0x000000000009efff]
[    0.004000]   node   0: [mem 0x0000000000100000-0x000000007ffdffff]
[    0.004000] Initmem setup node 0 [mem 0x0000000000001000-0x000000007ffdffff]
[    0.004000] On node 0, zone DMA: 1 pages in unavailable ranges
[    0.004000] On node 0, zone DMA: 97 pages in unavailable ranges
[    0.004000] On node 0, zone DMA32: 32 pages in unavailable ranges
[    0.004000] ACPI: PM-Timer IO Port: 0x608
[    0.004000] ACPI: LAPIC_NMI (acpi_id[0xff] dfl dfl lint[0x1])
[    0.004000] IOAPIC[0]: apic_id 0, version 17, address 0xfec00000, GSI 0-23
[    0.004000] ACPI: INT_SRC_OVR (bus 0 bus_irq 0 global_irq 2 dfl dfl)
[    0.004000] ACPI: INT_SRC_OVR (bus 0 bus_irq 5 global_irq 5 high level)
[    0.004000] ACPI: INT_SRC_OVR (bus 0 bus_irq 9 global_irq 9 high level)
[    0.004000] ACPI: INT_SRC_OVR (bus 0 bus_irq 10 global_irq 10 high level)
[    0.004000] ACPI: INT_SRC_OVR (bus 0 bus_irq 11 global_irq 11 high level)
[    0.004000] ACPI: Using ACPI (MADT) for SMP configuration information
[    0.004000] ACPI: HPET id: 0x8086a201 base: 0xfed00000
[    0.004000] TSC deadline timer available
[    0.004000] smpboot: Allowing 2 CPUs, 0 hotplug CPUs
[    0.004000] kvm-guest: KVM setup pv remote TLB flush
[    0.004000] kvm-guest: setup PV sched yield
[    0.004000] PM: hibernation: Registered nosave memory: [mem 0x00000000-0x00000fff]
[    0.004000] PM: hibernation: Registered nosave memory: [mem 0x0009f000-0x0009ffff]
[    0.004000] PM: hibernation: Registered nosave memory: [mem 0x000a0000-0x000effff]
[    0.004000] PM: hibernation: Registered nosave memory: [mem 0x000f0000-0x000fffff]
[    0.004000] [mem 0x80000000-0xfeffbfff] available for PCI devices
[    0.004000] Booting paravirtualized kernel on KVM
[    0.004000] clocksource: refined-jiffies: mask: 0xffffffff max_cycles: 0xffffffff, max_idle_ns: 7645519600211568 ns
[    0.004000] setup_percpu: NR_CPUS:8192 nr_cpumask_bits:2 nr_cpu_ids:2 nr_node_ids:1
[    0.004000] percpu: Embedded 65 pages/cpu s229376 r8192 d28672 u1048576
[    0.004000] kvm-guest: PV spinlocks enabled
[    0.004000] PV qspinlock hash table entries: 256 (order: 0, 4096 bytes, linear)
[    0.004000] Fallback order for Node 0: 0 
[    0.004000] Built 1 zonelists, mobility grouping on.  Total pages: 515808
[    0.004000] Policy zone: DMA32
[    0.004000] Kernel command line: net.ifnames=0 console=ttyS0 root=/dev/sda earlyprintk=serial net.ifnames=0
[    0.004000] random: crng init done
[    0.004000] Dentry cache hash table entries: 262144 (order: 9, 2097152 bytes, linear)
[    0.004000] Inode-cache hash table entries: 131072 (order: 8, 1048576 bytes, linear)
[    0.004000] mem auto-init: stack:off, heap alloc:off, heap free:off
[    0.004000] Memory: 1964888K/2096632K available (36864K kernel code, 4579K rwdata, 9848K rodata, 10504K init, 31784K bss, 131488K reserved, 0K cma-reserved)
[    0.004000] SLUB: HWalign=64, Order=0-3, MinObjects=0, CPUs=2, Nodes=1
[    0.004000] kmemleak: Kernel memory leak detector disabled
[    0.004000] ftrace: allocating 68740 entries in 269 pages
[    0.004000] ftrace: allocated 269 pages with 4 groups
[    0.004000] Dynamic Preempt: voluntary
[    0.004000] Running RCU self tests
[    0.004000] Running RCU synchronous self tests
[    0.004000] rcu: Preemptible hierarchical RCU implementation.
[    0.004000] rcu: 	RCU lockdep checking is enabled.
[    0.004000] rcu: 	RCU restricting CPUs from NR_CPUS=8192 to nr_cpu_ids=2.
[    0.004000] 	Trampoline variant of Tasks RCU enabled.
[    0.004000] 	Rude variant of Tasks RCU enabled.
[    0.004000] 	Tracing variant of Tasks RCU enabled.
[    0.004000] rcu: RCU calculated value of scheduler-enlistment delay is 25 jiffies.
[    0.004000] rcu: Adjusting geometry for rcu_fanout_leaf=16, nr_cpu_ids=2
[    0.004000] Running RCU synchronous self tests
[    0.004000] NR_IRQS: 524544, nr_irqs: 440, preallocated irqs: 16
[    0.004000] rcu: srcu_init: Setting srcu_struct sizes based on contention.
[    0.004000] Console: colour VGA+ 80x25
[    0.004000] printk: console [ttyS0] enabled
[    0.004000] printk: console [ttyS0] enabled
[    0.004000] printk: bootconsole [earlyser0] disabled
[    0.004000] printk: bootconsole [earlyser0] disabled
[    0.004000] Lock dependency validator: Copyright (c) 2006 Red Hat, Inc., Ingo Molnar
[    0.004000] ... MAX_LOCKDEP_SUBCLASSES:  8
[    0.004000] ... MAX_LOCK_DEPTH:          48
[    0.004000] ... MAX_LOCKDEP_KEYS:        8192
[    0.004000] ... CLASSHASH_SIZE:          4096
[    0.004000] ... MAX_LOCKDEP_ENTRIES:     32768
[    0.004000] ... MAX_LOCKDEP_CHAINS:      65536
[    0.004000] ... CHAINHASH_SIZE:          32768
[    0.004000]  memory used by lock dependency info: 6365 kB
[    0.004000]  memory used for stack traces: 4224 kB
[    0.004000]  per task-struct memory footprint: 1920 bytes
[    0.004000] ACPI: Core revision 20221020
[    0.004000] clocksource: hpet: mask: 0xffffffff max_cycles: 0xffffffff, max_idle_ns: 19112604467 ns
[    0.004000] APIC: Switch to symmetric I/O mode setup
[    0.004000] x2apic enabled
[    0.004000] Switched APIC routing to physical x2apic.
[    0.004000] kvm-guest: setup PV IPIs
[    0.004000] ..TIMER: vector=0x30 apic1=0 pin1=2 apic2=-1 pin2=-1
[    0.004000] clocksource: tsc-early: mask: 0xffffffffffffffff max_cycles: 0x3407c077a8d, max_idle_ns: 440795342283 ns
[    0.137637] Calibrating delay loop (skipped) preset value.. 7219.20 BogoMIPS (lpj=14438400)
[    0.138160] pid_max: default: 32768 minimum: 301
[    0.138512] LSM: initializing lsm=capability,yama,integrity
[    0.141641] Yama: becoming mindful.
[    0.141990] Mount-cache hash table entries: 4096 (order: 3, 32768 bytes, linear)
[    0.142462] Mountpoint-cache hash table entries: 4096 (order: 3, 32768 bytes, linear)
[    0.143843] x86/cpu: User Mode Instruction Prevention (UMIP) activated
[    0.145077] Last level iTLB entries: 4KB 0, 2MB 0, 4MB 0
[    0.145634] Last level dTLB entries: 4KB 0, 2MB 0, 4MB 0, 1GB 0
[    0.146028] Spectre V1 : Mitigation: usercopy/swapgs barriers and __user pointer sanitization
[    0.146557] Spectre V2 : WARNING: Unprivileged eBPF is enabled with eIBRS on, data leaks possible via Spectre v2 BHB attacks!
[    0.147245] Spectre V2 : Mitigation: Enhanced / Automatic IBRS
[    0.147594] Spectre V2 : Spectre v2 / SpectreRSB mitigation: Filling RSB on context switch
[    0.148083] Spectre V2 : Spectre v2 / PBRSB-eIBRS: Retire a single CALL on VMEXIT
[    0.148529] Spectre V2 : mitigation: Enabling conditional Indirect Branch Prediction Barrier
[    0.149030] Speculative Store Bypass: Mitigation: Speculative Store Bypass disabled via prctl
[    0.236125] Freeing SMP alternatives memory: 56K
[    0.236470] Running RCU synchronous self tests
[    0.236738] Running RCU synchronous self tests
[    0.237256] smpboot: CPU0: 12th Gen Intel(R) Core(TM) i7-12700K (family: 0x6, model: 0x97, stepping: 0x2)
[    0.237625] cblist_init_generic: Setting adjustable number of callback queues.
[    0.237625] cblist_init_generic: Setting shift to 1 and lim to 1.
[    0.237625] cblist_init_generic: Setting shift to 1 and lim to 1.
[    0.237625] cblist_init_generic: Setting shift to 1 and lim to 1.
[    0.237625] Running RCU-tasks wait API self tests
[    0.337769] Performance Events: Alderlake Hybrid events, full-width counters, Intel PMU driver.
[    0.338760] core: cpu_core PMU driver: 
[    0.339001] ... version:                2
[    0.339245] ... bit width:              48
[    0.339492] ... generic registers:      6
[    0.339733] ... value mask:             0000ffffffffffff
[    0.340049] ... max period:             00007fffffffffff
[    0.340365] ... fixed-purpose events:   3
[    0.340606] ... event mask:             0001000f0000003f
[    0.341087] rcu: Hierarchical SRCU implementation.
[    0.341376] rcu: 	Max phase no-delay instances is 1000.
[    0.342876] unchecked MSR access error: WRMSR to 0x38f (tried to write 0x0001000f0000003f) at rIP: 0xffffffff810e0e6c (native_write_msr+0xc/0x30)
[    0.343667] Call Trace:
[    0.343819]  <TASK>
[    0.343953]  __intel_pmu_enable_all.constprop.49+0xb5/0x140
[    0.344298]  intel_pmu_enable_all+0x1e/0x30
[    0.344558]  x86_pmu_enable+0x46d/0x5a0
[    0.344798]  ? write_comp_data+0x2f/0x90
[    0.345051]  perf_pmu_enable+0x53/0x70
[    0.345287]  ctx_resched+0x14d/0x1e0
[    0.345519]  __perf_install_in_context+0x2f7/0x470
[    0.345625]  ? lock_is_held_type+0xe6/0x140
[    0.345625]  ? __pfx_remote_function+0x10/0x10
[    0.345625]  remote_function+0x80/0xa0
[    0.345625]  ? __pfx_remote_function+0x10/0x10
[    0.345625]  generic_exec_single+0x124/0x190
[    0.345625]  smp_call_function_single+0x11c/0x240
[    0.345625]  ? __pfx_remote_function+0x10/0x10
[    0.345625]  ? __sanitizer_cov_trace_pc+0x25/0x60
[    0.345625]  ? write_comp_data+0x2f/0x90
[    0.345625]  perf_install_in_context+0x2d8/0x300
[    0.345625]  ? __pfx___perf_install_in_context+0x10/0x10
[    0.345625]  perf_event_create_kernel_counter+0x284/0x2b0
[    0.345625]  ? __pfx_watchdog_overflow_callback+0x10/0x10
[    0.345625]  hardlockup_detector_event_create+0x46/0xd0
[    0.345625]  hardlockup_detector_perf_init+0x18/0x80
[    0.345625]  watchdog_nmi_probe+0x17/0x20
[    0.345625]  lockup_detector_init+0x40/0xb0
[    0.345625]  kernel_init_freeable+0x37e/0x8c0
[    0.345625]  ? __pfx_kernel_init+0x10/0x10
[    0.345625]  kernel_init+0x24/0x1e0
[    0.345625]  ? __pfx_kernel_init+0x10/0x10
[    0.345625]  ret_from_fork+0x29/0x50
[    0.345625]  </TASK>
[    0.345659] Callback from call_rcu_tasks_trace() invoked.
[    0.346159] smp: Bringing up secondary CPUs ...
[    0.347200] x86: Booting SMP configuration:
[    0.347473] .... node  #0, CPUs:      #1
[    0.347869] smp: Brought up 1 node, 2 CPUs
[    0.347869] smpboot: Max logical packages: 1
[    0.347869] smpboot: Total of 2 processors activated (14438.40 BogoMIPS)
[    0.351625] devtmpfs: initialized
[    0.351625] x86/mm: Memory block size: 128MB
[    0.354292] Running RCU synchronous self tests
[    0.354292] Running RCU synchronous self tests
[    0.354526] clocksource: jiffies: mask: 0xffffffff max_cycles: 0xffffffff, max_idle_ns: 7645041785100000 ns
[    0.355108] futex hash table entries: 512 (order: 4, 65536 bytes, linear)
[    0.355699] pinctrl core: initialized pinctrl subsystem
[    0.356456] 
[    0.356558] *************************************************************
[    0.357639] **     NOTICE NOTICE NOTICE NOTICE NOTICE NOTICE NOTICE    **
[    0.358041] **                                                         **
[    0.358442] **  IOMMU DebugFS SUPPORT HAS BEEN ENABLED IN THIS KERNEL  **
[    0.358843] **                                                         **
[    0.359250] ** This means that this kernel is built to expose internal **
[    0.359650] ** IOMMU data structures, which may compromise security on **
[    0.360051] ** your system.                                            **
[    0.360451] **                                                         **
[    0.360850] ** If you see this message and you are not debugging the   **
[    0.361249] ** kernel, report this immediately to your vendor!         **
[    0.361629] **                                                         **
[    0.362029] **     NOTICE NOTICE NOTICE NOTICE NOTICE NOTICE NOTICE    **
[    0.362429] *************************************************************
[    0.362872] PM: RTC time: 19:07:33, date: 2023-03-10
[    0.365590] NET: Registered PF_NETLINK/PF_ROUTE protocol family
[    0.366106] DMA: preallocated 256 KiB GFP_KERNEL pool for atomic allocations
[    0.366543] DMA: preallocated 256 KiB GFP_KERNEL|GFP_DMA pool for atomic allocations
[    0.367008] DMA: preallocated 256 KiB GFP_KERNEL|GFP_DMA32 pool for atomic allocations
[    0.367515] audit: initializing netlink subsys (disabled)
[    0.367913] audit: type=2000 audit(1678475253.837:1): state=initialized audit_enabled=0 res=1
[    0.367913] thermal_sys: Registered thermal governor 'fair_share'
[    0.367913] thermal_sys: Registered thermal governor 'bang_bang'
[    0.367913] thermal_sys: Registered thermal governor 'step_wise'
[    0.369632] thermal_sys: Registered thermal governor 'user_space'
[    0.370028] cpuidle: using governor ladder
[    0.370654] cpuidle: using governor menu
[    0.371097] acpiphp: ACPI Hot Plug PCI Controller Driver version: 0.5
[    0.371732] PCI: Using configuration type 1 for base access
[    0.372791] kprobes: kprobe jump-optimization is enabled. All kprobes are optimized if possible.
[    0.547043] HugeTLB: registered 1.00 GiB page size, pre-allocated 0 pages
[    0.547475] HugeTLB: 16380 KiB vmemmap can be freed for a 1.00 GiB page
[    0.547872] HugeTLB: registered 2.00 MiB page size, pre-allocated 0 pages
[    0.548276] HugeTLB: 28 KiB vmemmap can be freed for a 2.00 MiB page
[    0.551618] ACPI: Added _OSI(Module Device)
[    0.551902] ACPI: Added _OSI(Processor Device)
[    0.552177] ACPI: Added _OSI(3.0 _SCP Extensions)
[    0.552467] ACPI: Added _OSI(Processor Aggregator Device)
[    0.557114] ACPI: 1 ACPI AML tables successfully acquired and loaded
[    2.534249] Callback from call_rcu_tasks_rude() invoked.
[    2.574217] ACPI: Interpreter enabled
[    2.574542] ACPI: PM: (supports S0 S3 S4 S5)
[    2.574803] ACPI: Using IOAPIC for interrupt routing
[    2.575181] PCI: Using host bridge windows from ACPI; if necessary, use "pci=nocrs" and report a bug
[    2.575718] PCI: Using E820 reservations for host bridge windows
[    2.576619] ACPI: Enabled 2 GPEs in block 00 to 0F
[    2.589960] ACPI: PCI Root Bridge [PCI0] (domain 0000 [bus 00-ff])
[    2.590374] acpi PNP0A03:00: _OSC: OS supports [ASPM ClockPM Segments MSI EDR HPX-Type3]
[    2.590858] acpi PNP0A03:00: _OSC: not requesting OS control; OS requires [ExtendedConfig ASPM ClockPM MSI]
[    2.591482] acpi PNP0A03:00: fail to add MMCONFIG information, can't access extended configuration space under this bridge
[    2.594062] acpiphp: Slot [3] registered
[    2.594359] acpiphp: Slot [4] registered
[    2.594646] acpiphp: Slot [5] registered
[    2.594935] acpiphp: Slot [6] registered
[    2.595227] acpiphp: Slot [7] registered
[    2.595515] acpiphp: Slot [8] registered
[    2.595801] acpiphp: Slot [9] registered
[    2.596088] acpiphp: Slot [10] registered
[    2.596379] acpiphp: Slot [11] registered
[    2.596670] acpiphp: Slot [12] registered
[    2.596964] acpiphp: Slot [13] registered
[    2.597255] acpiphp: Slot [14] registered
[    2.597547] acpiphp: Slot [15] registered
[    2.597682] acpiphp: Slot [16] registered
[    2.597973] acpiphp: Slot [17] registered
[    2.598265] acpiphp: Slot [18] registered
[    2.598562] acpiphp: Slot [19] registered
[    2.598853] acpiphp: Slot [20] registered
[    2.599145] acpiphp: Slot [21] registered
[    2.599437] acpiphp: Slot [22] registered
[    2.599729] acpiphp: Slot [23] registered
[    2.600021] acpiphp: Slot [24] registered
[    2.600316] acpiphp: Slot [25] registered
[    2.600611] acpiphp: Slot [26] registered
[    2.600905] acpiphp: Slot [27] registered
[    2.601200] acpiphp: Slot [28] registered
[    2.601495] acpiphp: Slot [29] registered
[    2.601678] acpiphp: Slot [30] registered
[    2.601974] acpiphp: Slot [31] registered
[    2.602232] PCI host bridge to bus 0000:00
[    2.602481] pci_bus 0000:00: root bus resource [io  0x0000-0x0cf7 window]
[    2.602889] pci_bus 0000:00: root bus resource [io  0x0d00-0xffff window]
[    2.603294] pci_bus 0000:00: root bus resource [mem 0x000a0000-0x000bffff window]
[    2.603740] pci_bus 0000:00: root bus resource [mem 0x80000000-0xfebfffff window]
[    2.604186] pci_bus 0000:00: root bus resource [mem 0x100000000-0x17fffffff window]
[    2.604643] pci_bus 0000:00: root bus resource [bus 00-ff]
[    2.605056] pci 0000:00:00.0: [8086:1237] type 00 class 0x060000
[    2.607730] pci 0000:00:01.0: [8086:7000] type 00 class 0x060100
[    2.608648] pci 0000:00:01.1: [8086:7010] type 00 class 0x010180
[    2.610181] pci 0000:00:01.1: reg 0x20: [io  0xc040-0xc04f]
[    2.610976] pci 0000:00:01.1: legacy IDE quirk: reg 0x10: [io  0x01f0-0x01f7]
[    2.611419] pci 0000:00:01.1: legacy IDE quirk: reg 0x14: [io  0x03f6]
[    2.611816] pci 0000:00:01.1: legacy IDE quirk: reg 0x18: [io  0x0170-0x0177]
[    2.612241] pci 0000:00:01.1: legacy IDE quirk: reg 0x1c: [io  0x0376]
[    2.612885] pci 0000:00:01.3: [8086:7113] type 00 class 0x068000
[    2.613492] pci 0000:00:01.3: quirk: [io  0x0600-0x063f] claimed by PIIX4 ACPI
[    2.613636] pci 0000:00:01.3: quirk: [io  0x0700-0x070f] claimed by PIIX4 SMB
[    2.614286] pci 0000:00:02.0: [1234:1111] type 00 class 0x030000
[    2.616316] pci 0000:00:02.0: reg 0x10: [mem 0xfd000000-0xfdffffff pref]
[    2.617898] pci 0000:00:02.0: reg 0x18: [mem 0xfebf0000-0xfebf0fff]
[    2.620382] pci 0000:00:02.0: reg 0x30: [mem 0xfebe0000-0xfebeffff pref]
[    2.620931] pci 0000:00:02.0: Video device with shadowed ROM at [mem 0x000c0000-0x000dffff]
[    2.623760] pci 0000:00:03.0: [8086:100e] type 00 class 0x020000
[    2.624528] pci 0000:00:03.0: reg 0x10: [mem 0xfebc0000-0xfebdffff]
[    2.625258] pci 0000:00:03.0: reg 0x14: [io  0xc000-0xc03f]
[    2.627699] pci 0000:00:03.0: reg 0x30: [mem 0xfeb80000-0xfebbffff pref]
[    2.635938] ACPI: PCI: Interrupt link LNKA configured for IRQ 10
[    2.636628] ACPI: PCI: Interrupt link LNKB configured for IRQ 10
[    2.637268] ACPI: PCI: Interrupt link LNKC configured for IRQ 11
[    2.637932] ACPI: PCI: Interrupt link LNKD configured for IRQ 11
[    2.638422] ACPI: PCI: Interrupt link LNKS configured for IRQ 9
[    2.639700] iommu: Default domain type: Translated 
[    2.639700] iommu: DMA domain TLB invalidation policy: lazy mode 
[    2.642503] SCSI subsystem initialized
[    2.642758] ACPI: bus type USB registered
[    2.642758] usbcore: registered new interface driver usbfs
[    2.642758] usbcore: registered new interface driver hub
[    2.642803] usbcore: registered new device driver usb
[    2.643193] pps_core: LinuxPPS API ver. 1 registered
[    2.643491] pps_core: Software ver. 5.3.6 - Copyright 2005-2007 Rodolfo Giometti <giometti@linux.it>
[    2.644033] PTP clock support registered
[    2.645671] EDAC MC: Ver: 3.0.0
[    2.647118] NetLabel: Initializing
[    2.647531] NetLabel:  domain hash size = 128
[    2.648031] NetLabel:  protocols = UNLABELED CIPSOv4 CALIPSO
[    2.648664] NetLabel:  unlabeled traffic allowed by default
[    2.649741] PCI: Using ACPI for IRQ routing
[    2.650113] pci 0000:00:02.0: vgaarb: setting as boot VGA device
[    2.650113] pci 0000:00:02.0: vgaarb: bridge control possible
[    2.650363] pci 0000:00:02.0: vgaarb: VGA device added: decodes=io+mem,owns=io+mem,locks=none
[    2.650866] vgaarb: loaded
[    2.651039] hpet0: at MMIO 0xfed00000, IRQs 2, 8, 0
[    2.651039] hpet0: 3 comparators, 64-bit 100.000000 MHz counter
[    2.655778] clocksource: Switched to clocksource kvm-clock
[    2.656716] VFS: Disk quotas dquot_6.6.0
[    2.656987] VFS: Dquot-cache hash table entries: 512 (order 0, 4096 bytes)
[    2.657596] pnp: PnP ACPI init
[    2.657596] pnp: PnP ACPI: found 6 devices
[    2.667040] clocksource: acpi_pm: mask: 0xffffff max_cycles: 0xffffff, max_idle_ns: 2085701024 ns
[    2.667845] NET: Registered PF_INET protocol family
[    2.668293] IP idents hash table entries: 32768 (order: 6, 262144 bytes, linear)
[    2.669509] tcp_listen_portaddr_hash hash table entries: 1024 (order: 4, 73728 bytes, linear)
[    2.670079] Table-perturb hash table entries: 65536 (order: 6, 262144 bytes, linear)
[    2.670551] TCP established hash table entries: 16384 (order: 5, 131072 bytes, linear)
[    2.671244] TCP bind hash table entries: 16384 (order: 9, 2359296 bytes, linear)
[    2.673111] TCP: Hash tables configured (established 16384 bind 16384)
[    2.673616] UDP hash table entries: 1024 (order: 5, 163840 bytes, linear)
[    2.674133] UDP-Lite hash table entries: 1024 (order: 5, 163840 bytes, linear)
[    2.674753] NET: Registered PF_UNIX/PF_LOCAL protocol family
[    2.675442] RPC: Registered named UNIX socket transport module.
[    2.675810] RPC: Registered udp transport module.
[    2.676093] RPC: Registered tcp transport module.
[    2.676374] RPC: Registered tcp NFSv4.1 backchannel transport module.
[    2.676776] pci_bus 0000:00: resource 4 [io  0x0000-0x0cf7 window]
[    2.677150] pci_bus 0000:00: resource 5 [io  0x0d00-0xffff window]
[    2.677523] pci_bus 0000:00: resource 6 [mem 0x000a0000-0x000bffff window]
[    2.677949] pci_bus 0000:00: resource 7 [mem 0x80000000-0xfebfffff window]
[    2.678362] pci_bus 0000:00: resource 8 [mem 0x100000000-0x17fffffff window]
[    2.678972] pci 0000:00:01.0: PIIX3: Enabling Passive Release
[    2.679328] pci 0000:00:00.0: Limiting direct PCI/PCI transfers
[    2.679764] PCI: CLS 0 bytes, default 64
[    2.680048] ACPI: bus type thunderbolt registered
[    2.680549] clocksource: tsc: mask: 0xffffffffffffffff max_cycles: 0x3407c077a8d, max_idle_ns: 440795342283 ns
[    2.689686] Callback from call_rcu_tasks() invoked.
[    2.753970] Initialise system trusted keyrings
[    2.754324] Key type blacklist registered
[    2.754813] workingset: timestamp_bits=36 max_order=19 bucket_order=0
[    2.755269] zbud: loaded
[    2.755967] squashfs: version 4.0 (2009/01/31) Phillip Lougher
[    2.756824] NFS: Registering the id_resolver key type
[    2.757141] Key type id_resolver registered
[    2.757395] Key type id_legacy registered
[    2.757692] nfs4filelayout_init: NFSv4 File Layout Driver Registering...
[    2.758104] nfs4flexfilelayout_init: NFSv4 Flexfile Layout Driver Registering...
[    2.758634] fuse: init (API version 7.38)
[    2.758983] SGI XFS with ACLs, security attributes, realtime, quota, no debug enabled
[    2.759951] 9p: Installing v9fs 9p2000 file system support
[    2.766072] Key type asymmetric registered
[    2.766344] Asymmetric key parser 'x509' registered
[    2.766685] Block layer SCSI generic (bsg) driver version 0.4 loaded (major 243)
[    2.767275] io scheduler mq-deadline registered
[    2.767573] io scheduler bfq registered
[    2.768146] shpchp: Standard Hot Plug PCI Controller Driver version: 0.4
[    2.768858] IPMI message handler: version 39.2
[    2.769167] ipmi device interface
[    2.770762] input: Power Button as /devices/LNXSYSTM:00/LNXPWRBN:00/input/input0
[    2.771405] ACPI: button: Power Button [PWRF]
[    2.772367] ERST DBG: ERST support is disabled.
[    2.773110] Serial: 8250/16550 driver, 32 ports, IRQ sharing enabled
[    2.773938] 00:04: ttyS0 at I/O 0x3f8 (irq = 4, base_baud = 115200) is a 16550A
[    2.780961] Linux agpgart interface v0.103
[    2.781848] ACPI: bus type drm_connector registered
[    2.792449] brd: module loaded
[    2.798106] loop: module loaded
[    2.801340] scsi host0: ata_piix
[    2.802265] scsi host1: ata_piix
[    2.802604] ata1: PATA max MWDMA2 cmd 0x1f0 ctl 0x3f6 bmdma 0xc040 irq 14
[    2.803011] ata2: PATA max MWDMA2 cmd 0x170 ctl 0x376 bmdma 0xc048 irq 15
[    2.804189] tun: Universal TUN/TAP device driver, 1.6
[    2.804607] e100: Intel(R) PRO/100 Network Driver
[    2.804891] e100: Copyright(c) 1999-2006 Intel Corporation
[    2.805252] e1000: Intel(R) PRO/1000 Network Driver
[    2.805545] e1000: Copyright (c) 1999-2006 Intel Corporation.
[    2.961832] ata1: found unknown device (class 0)
[    2.963048] ata1.00: ATA-7: QEMU HARDDISK, 2.5+, max UDMA/100
[    2.963711] ata1.00: 16777216 sectors, multi 16: LBA48 
[    2.964303] ACPI: \_SB_.LNKC: Enabled at IRQ 11
[    2.964854] ata2: found unknown device (class 0)
[    2.966027] ata2.00: ATAPI: QEMU DVD-ROM, 2.5+, max UDMA/100
[    2.966115] scsi 0:0:0:0: Direct-Access     ATA      QEMU HARDDISK    2.5+ PQ: 0 ANSI: 5
[    2.967744] sd 0:0:0:0: Attached scsi generic sg0 type 0
[    2.967981] sd 0:0:0:0: [sda] 16777216 512-byte logical blocks: (8.59 GB/8.00 GiB)
[    2.968518] scsi 1:0:0:0: CD-ROM            QEMU     QEMU DVD-ROM     2.5+ PQ: 0 ANSI: 5
[    2.968598] sd 0:0:0:0: [sda] Write Protect is off
[    2.969403] sd 0:0:0:0: [sda] Write cache: enabled, read cache: enabled, doesn't support DPO or FUA
[    2.970044] sd 0:0:0:0: [sda] Preferred minimum I/O size 512 bytes
[    2.990373] scsi 1:0:0:0: Attached scsi generic sg1 type 5
[    2.991545] sd 0:0:0:0: [sda] Attached SCSI disk
[    3.280175] e1000 0000:00:03.0 eth0: (PCI:33MHz:32-bit) 52:54:00:12:34:56
[    3.280631] e1000 0000:00:03.0 eth0: Intel(R) PRO/1000 Network Connection
[    3.281116] e1000e: Intel(R) PRO/1000 Network Driver
[    3.281418] e1000e: Copyright(c) 1999 - 2015 Intel Corporation.
[    3.281849] igb: Intel(R) Gigabit Ethernet Network Driver
[    3.282173] igb: Copyright (c) 2007-2014 Intel Corporation.
[    3.282576] PPP generic driver version 2.4.2
[    3.283342] VFIO - User Level meta-driver version: 0.3
[    3.284113] usbcore: registered new interface driver uas
[    3.284466] usbcore: registered new interface driver usb-storage
[    3.284945] i8042: PNP: PS/2 Controller [PNP0303:KBD,PNP0f13:MOU] at 0x60,0x64 irq 1,12
[    3.286002] serio: i8042 KBD port at 0x60,0x64 irq 1
[    3.286333] serio: i8042 AUX port at 0x60,0x64 irq 12
[    3.287160] mousedev: PS/2 mouse device common for all mice
[    3.288138] input: AT Translated Set 2 keyboard as /devices/platform/i8042/serio0/input/input1
[    3.288942] rtc_cmos 00:05: RTC can wake from S4
[    3.289433] input: VirtualPS/2 VMware VMMouse as /devices/platform/i8042/serio1/input/input4
[    3.290052] rtc_cmos 00:05: registered as rtc0
[    3.290394] rtc_cmos 00:05: setting system clock to 2023-03-10T19:07:36 UTC (1678475256)
[    3.290470] input: VirtualPS/2 VMware VMMouse as /devices/platform/i8042/serio1/input/input3
[    3.291506] rtc_cmos 00:05: alarms up to one day, y3k, 242 bytes nvram, hpet irqs
[    3.291979] i2c_dev: i2c /dev entries driver
[    3.292283] device-mapper: core: CONFIG_IMA_DISABLE_HTABLE is disabled. Duplicate IMA measurements will not be recorded in the IMA log.
[    3.293009] device-mapper: uevent: version 1.0.3
[    3.293561] device-mapper: ioctl: 4.47.0-ioctl (2022-07-28) initialised: dm-devel@redhat.com
[    3.294092] intel_pstate: CPU model not supported
[    3.294459] sdhci: Secure Digital Host Controller Interface driver
[    3.294826] sdhci: Copyright(c) Pierre Ossman
[    3.295152] sdhci-pltfm: SDHCI platform and OF driver helper
[    3.295563] ledtrig-cpu: registered to indicate activity on CPUs
[    3.296216] drop_monitor: Initializing network drop monitor service
[    3.296730] NET: Registered PF_INET6 protocol family
[    3.298898] Segment Routing with IPv6
[    3.299163] In-situ OAM (IOAM) with IPv6
[    3.299440] NET: Registered PF_PACKET protocol family
[    3.299889] 9pnet: Installing 9P2000 support
[    3.300188] Key type dns_resolver registered
[    3.301078] IPI shorthand broadcast: enabled
[    3.313194] sched_clock: Marking stable (3180005185, 129625464)->(3334801769, -25171120)
[    3.314203] registered taskstats version 1
[    3.314631] Loading compiled-in X.509 certificates
[    3.318579] zswap: loaded using pool lzo/zbud
[    3.330622] Key type .fscrypt registered
[    3.330874] Key type fscrypt-provisioning registered
[    3.331829] Key type encrypted registered
[    3.332110] ima: No TPM chip found, activating TPM-bypass!
[    3.332445] ima: Allocated hash algorithm: sha1
[    3.332743] ima: No architecture policies found
[    3.333062] evm: Initialising EVM extended attributes:
[    3.333367] evm: security.selinux
[    3.333570] evm: security.SMACK64
[    3.333794] evm: security.SMACK64EXEC
[    3.334018] evm: security.SMACK64TRANSMUTE
[    3.334265] evm: security.SMACK64MMAP
[    3.334488] evm: security.apparmor
[    3.334695] evm: security.ima
[    3.334878] evm: security.capability
[    3.335095] evm: HMAC attrs: 0x1
[    3.336310] PM:   Magic number: 15:811:141
[    3.336591] block ram6: hash matches
[    3.336862] acpi device:12: hash matches
[    3.337368] RAS: Correctable Errors collector initialized.
[    3.338204] md: Waiting for all devices to be available before autodetect
[    3.338477] md: If you don't use raid, use raid=noautodetect
[    3.338709] md: Autodetecting RAID arrays.
[    3.338883] md: autorun ...
[    3.339001] md: ... autorun DONE.
[    3.343625] EXT4-fs (sda): mounted filesystem 23a53bb9-f815-47a5-b74c-5e08f7731193 with ordered data mode. Quota mode: none.
[    3.344129] VFS: Mounted root (ext4 filesystem) readonly on device 8:0.
[    3.345605] devtmpfs: mounted
[    3.352517] Freeing unused decrypted memory: 2036K
[    3.356498] Freeing unused kernel image (initmem) memory: 10504K
[    3.361694] Write protecting the kernel read-only data: 47104k
[    3.362988] Freeing unused kernel image (rodata/data gap) memory: 392K
[    3.436995] x86/mm: Checked W+X mappings: passed, no W+X pages found.
[    3.437379] Run /sbin/init as init process
[    3.524667] systemd[1]: RTC configured in localtime, applying delta of 0 minutes to system time.
[    3.552625] systemd[1]: systemd 239 (239-49.el8) running in system mode. (+PAM +AUDIT +SELINUX +IMA -APPARMOR +SMACK +SYSVINIT +UTMP +LIBCRYPTSETUP +GCRYPT +GNUTLS +ACL +XZ +LZ4 +SECCOMP +BLKID +ELFUTILS +KMOD +IDN2 -IDN +PCRE2 default-hierarchy=legacy)
[    3.553699] systemd[1]: Detected virtualization kvm.
[    3.553918] systemd[1]: Detected architecture x86-64.

Welcome to [0;31mCentOS Stream 8[0m!

[    3.596945] systemd[1]: Set hostname to <test>.
[    3.817587] systemd[1]: Set up automount Arbitrary Executable File Formats File System Automount Point.
[[0;32m  OK  [0m] Set up automount Arbitrary Executabâ€¦rmats File System Automount Point.
[    3.819262] systemd[1]: Listening on RPCbind Server Activation Socket.
[[0;32m  OK  [0m] Listening on RPCbind Server Activation Socket.
[    3.820070] systemd[1]: Started Forward Password Requests to Wall Directory Watch.
[[0;32m  OK  [0m] Started Forward Password Requests to Wall Directory Watch.
[    3.822328] systemd[1]: Created slice User and Session Slice.
[[0;32m  OK  [0m] Created slice User and Session Slice.
[    3.824284] systemd[1]: Created slice system-sshd\x2dkeygen.slice.
[[0;32m  OK  [0m] Created slice system-sshd\x2dkeygen.slice.
[    3.831571] systemd[1]: Listening on Process Core Dump Socket.
[[0;32m  OK  [0m] Listening on Process Core Dump Socket.
[[0;32m  OK  [0m] Reached target RPC Port Mapper.
[[0;32m  OK  [0m] Listening on udev Kernel Socket.
[[0;32m  OK  [0m] Reached target Slices.
[[0;32m  OK  [0m] Listening on Device-mapper event daemon FIFOs.
[[0;32m  OK  [0m] Listening on Journal Socket.
         Mounting Kernel Debug File System...
         Starting Load Kernel Modules...
         Starting Setup Virtual Console...
         Mounting POSIX Message Queue File System...
         Starting Monitoring of LVM2 mirrorsâ€¦ng dmeventd or progress polling...
[[0;32m  OK  [0m] Listening on initctl Compatibility Named Pipe.
[[0;32m  OK  [0m] Listening on LVM2 poll daemon socket.
[[0;32m  OK  [0m] Created slice system-getty.slice.
         Starting Remount Root and Kernel File Systems...
[[0;32m  OK  [0m] Listening on Journal Socket (/dev/log).
         Starting Journal Service...
         Mounting Huge Pages File System...
[[0;32m  OK  [0m] Listening on multipathd control socket.
[[0;32m  OK  [0m] Created slice system-serial\x2dgetty.slice.
[[0;32m  OK  [0m] Listening on udev Control Socket.
         Starting udev Coldplug all Devices...
[[0;32m  OK  [0m] Reached target Swap.
[[0;32m  OK  [0m] Mounted Kernel Debug File System.
[[0;1;31mFAILED[0m] Failed to start Load Kernel Modules.
See 'systemctl status systemd-modules-load.service' for details.
[[0;32m  OK  [0m] Mounted POSIX Message Queue File System.
[[0;32m  OK  [0m] Started Monitoring of LVM2 mirrors,â€¦sing dmeventd or progress polling.
[[0;32m  OK  [0m] Mounted Huge Pages File System.
[    4.150949] EXT4-fs (sda): re-mounted 23a53bb9-f815-47a5-b74c-5e08f7731193. Quota mode: none.
         Mounting FUSE Control File System...
         Mounting Kernel Configuration File System...
         Starting Apply Kernel Variables...
[[0;32m  OK  [0m] Started Journal Service.
[[0;32m  OK  [0m] Started Setup Virtual Console.
[[0;32m  OK  [0m] Started Remount Root and Kernel File Systems.
[[0;32m  OK  [0m] Mounted FUSE Control File System.
[[0;32m  OK  [0m] Mounted Kernel Configuration File System.
[[0;32m  OK  [0m] Started Apply Kernel Variables.
         Starting Load/Save Random Seed...
         Starting Create Static Device Nodes in /dev...
         Starting Flush Journal to Persistent Storage...
[[0;32m  OK  [0m] Started Load/Save Random Seed.
[[0;32m  OK  [0m] Started Create Static Device Nodes in /dev.
         Starting udev Kernel Device Manager...
[[0;32m  OK  [0m] Started Flush Journal to Persistent Storage.
[[0;32m  OK  [0m] Started udev Kernel Device Manager.
[[0;32m  OK  [0m] Started udev Coldplug all Devices.
         Starting udev Wait for Complete Device Initialization...
         Starting Show Plymouth Boot Screen...
[[0;32m  OK  [0m] Started Show Plymouth Boot Screen.
[[0;32m  OK  [0m] Started Forward Password Requests to Plymouth Directory Watch.
[[0;32m  OK  [0m] Reached target Local Encrypted Volumes.
[[0;32m  OK  [0m] Reached target Paths.
[[0;32m  OK  [0m] Found device /dev/ttyS0.
[[0;32m  OK  [0m] Started udev Wait for Complete Device Initialization.
[[0;32m  OK  [0m] Listening on Load/Save RF Kill Switch Status /dev/rfkill Watch.
[[0;32m  OK  [0m] Reached target Local File Systems (Pre).
[[0;32m  OK  [0m] Reached target Local File Systems.
         Starting Restore /run/initramfs on shutdown...
         Starting Create Volatile Files and Directories...
         Starting Tell Plymouth To Write Out Runtime Data...
[[0;32m  OK  [0m] Started Restore /run/initramfs on shutdown.
[[0;32m  OK  [0m] Started Tell Plymouth To Write Out Runtime Data.
[[0;32m  OK  [0m] Started Create Volatile Files and Directories.
         Starting RPC Bind...
         Mounting RPC Pipe File System...
         Starting Security Auditing Service...
[[0;32m  OK  [0m] Mounted RPC Pipe File System.
[[0;32m  OK  [0m] Reached target rpc_pipefs.target.
[[0;32m  OK  [0m] Started RPC Bind.
[[0;32m  OK  [0m] Started Security Auditing Service.
         Starting Update UTMP about System Boot/Shutdown...
[[0;32m  OK  [0m] Started Update UTMP about System Boot/Shutdown.
[[0;32m  OK  [0m] Reached target System Initialization.
[[0;32m  OK  [0m] Started dnf makecache --timer.
[[0;32m  OK  [0m] Listening on SSSD Kerberos Cache Manager responder socket.
[[0;32m  OK  [0m] Listening on D-Bus System Message Bus Socket.
[[0;32m  OK  [0m] Reached target Sockets.
[[0;32m  OK  [0m] Started daily update of the root trust anchor for DNSSEC.
[[0;32m  OK  [0m] Started Daily Cleanup of Temporary Directories.
[[0;32m  OK  [0m] Reached target Timers.
[[0;32m  OK  [0m] Reached target Basic System.
         Starting Self Monitoring and Reporting Technology (SMART) Daemon...
         Starting Auto-connect to subsystemsâ€¦-NVME devices found during boot...
[[0;32m  OK  [0m] Started D-Bus System Message Bus.
[[0;32m  OK  [0m] Reached target sshd-keygen.target.
         Starting Authorization Manager...
         Starting NTP client/server...
[[0;32m  OK  [0m] Started Machine Check Exception Logging Daemon.
         Starting Login Service...
         Starting Network Manager...
[[0;32m  OK  [0m] Started irqbalance daemon.
[[0;32m  OK  [0m] Started Self Monitoring and Reporting Technology (SMART) Daemon.
[[0;32m  OK  [0m] Started Auto-connect to subsystems â€¦FC-NVME devices found during boot.
[[0;32m  OK  [0m] Started Login Service.
[[0;32m  OK  [0m] Started NTP client/server.
[[0;32m  OK  [0m] Started Network Manager.
         Starting Network Manager Wait Online...
[[0;32m  OK  [0m] Reached target Network.
         Starting Dynamic System Tuning Daemon...
         Starting OpenSSH server daemon...
         Starting GSSAPI Proxy Daemon...
[[0;32m  OK  [0m] Started Authorization Manager.
         Starting Hostname Service...
[[0;32m  OK  [0m] Started OpenSSH server daemon.
[[0;32m  OK  [0m] Started GSSAPI Proxy Daemon.
[[0;32m  OK  [0m] Reached target NFS client services.
[[0;32m  OK  [0m] Reached target Remote File Systems (Pre).
[[0;32m  OK  [0m] Reached target Remote File Systems.
         Starting Permit User Sessions...
[[0;32m  OK  [0m] Started Permit User Sessions.
[[0;32m  OK  [0m] Started Command Scheduler.
         Starting Terminate Plymouth Boot Screen...
         Starting Hold until boot process finishes up...
[    5.853844] e1000: eth0 NIC Link is Up 1000 Mbps Full Duplex, Flow Control: RX
[    5.854500] IPv6: ADDRCONF(NETDEV_CHANGE): eth0: link becomes ready
[    6.019764] Spectre V2 : WARNING: Unprivileged eBPF is enabled with eIBRS on, data leaks possible via Spectre v2 BHB attacks!
[    6.020455] Spectre V2 : WARNING: Unprivileged eBPF is enabled with eIBRS on, data leaks possible via Spectre v2 BHB attacks!

CentOS Stream 8
Kernel 6.2.0-7c3dc440b1f5+ on an x86_64

test login: [   24.715029] memfd_create() without MFD_EXEC nor MFD_NOEXEC_SEAL, pid=335 'systemd'
[   28.254841] loop0: detected capacity change from 0 to 65536
[   28.255303] XFS: ikeep mount option is deprecated.
[   28.256752] XFS (loop0): Mounting V5 Filesystem d408de26-55fb-48ab-a8ab-aacedb20f9dd
[   28.260680] XFS (loop0): Ending clean mount
[   28.261379] XFS (loop0): Quotacheck needed: Please wait.
[   28.263733] XFS (loop0): Metadata CRC error detected at xfs_agf_read_verify+0x10e/0x140, xfs_agf block 0x1 
[   28.264173] XFS (loop0): Unmount and run xfs_repair
[   28.264371] XFS (loop0): First 128 bytes of corrupted metadata buffer:
[   28.264639] 00000000: 58 41 47 46 00 00 00 01 00 00 00 00 00 00 40 00  XAGF..........@.
[   28.264953] 00000010: 00 00 00 02 00 00 00 03 00 00 00 00 00 00 00 01  ................
[   28.265266] 00000020: 00 00 00 01 00 00 00 00 00 00 01 00 00 00 00 04  ................
[   28.265580] 00000030: 00 00 00 04 00 00 3f ca 00 00 3f c7 00 00 00 00  ......?...?.....
[   28.265922] 00000040: d4 08 de 26 55 fb 48 ab a8 ab aa ce db 20 f9 dd  ...&U.H...... ..
[   28.266235] 00000050: 00 00 00 00 00 00 00 00 00 00 00 00 00 00 00 00  ................
[   28.266549] 00000060: 00 00 00 00 00 00 00 00 00 00 00 00 00 00 00 00  ................
[   28.266862] 00000070: 00 00 00 00 00 00 00 00 00 00 00 00 00 00 00 00  ................
[   28.267254] XFS (loop0): metadata I/O error in "xfs_read_agf+0xd0/0x2c0" at daddr 0x1 len 1 error 74
[   28.268032] XFS (loop0): Quotacheck: Unsuccessful (Error -117): Disabling quotas.
[   28.273211] XFS (loop0): Metadata CRC error detected at xfs_agf_read_verify+0x10e/0x140, xfs_agf block 0x1 
[   28.273613] XFS (loop0): Unmount and run xfs_repair
[   28.273832] XFS (loop0): First 128 bytes of corrupted metadata buffer:
[   28.274098] 00000000: 58 41 47 46 00 00 00 01 00 00 00 00 00 00 40 00  XAGF..........@.
[   28.274411] 00000010: 00 00 00 02 00 00 00 03 00 00 00 00 00 00 00 01  ................
[   28.274724] 00000020: 00 00 00 01 00 00 00 00 00 00 01 00 00 00 00 04  ................
[   28.275037] 00000030: 00 00 00 04 00 00 3f ca 00 00 3f c7 00 00 00 00  ......?...?.....
[   28.275349] 00000040: d4 08 de 26 55 fb 48 ab a8 ab aa ce db 20 f9 dd  ...&U.H...... ..
[   28.275661] 00000050: 00 00 00 00 00 00 00 00 00 00 00 00 00 00 00 00  ................
[   28.275973] 00000060: 00 00 00 00 00 00 00 00 00 00 00 00 00 00 00 00  ................
[   28.276285] 00000070: 00 00 00 00 00 00 00 00 00 00 00 00 00 00 00 00  ................
[   28.277657] XFS (loop0): metadata I/O error in "xfs_read_agf+0xd0/0x2c0" at daddr 0x1 len 1 error 74
[   28.278136] XFS (loop0): page discard on page 0000000009eb4824, inode 0x2b, pos 0.
[   28.280959] XFS (loop0): Unmounting Filesystem d408de26-55fb-48ab-a8ab-aacedb20f9dd
[   28.495377] loop0: detected capacity change from 0 to 65536
[   28.495822] XFS: ikeep mount option is deprecated.
[   28.496614] XFS (loop0): Mounting V5 Filesystem d408de26-55fb-48ab-a8ab-aacedb20f9dd
[   28.500080] XFS (loop0): Ending clean mount
[   28.500665] XFS (loop0): Quotacheck needed: Please wait.
[   28.502012] XFS (loop0): Metadata CRC error detected at xfs_agf_read_verify+0x10e/0x140, xfs_agf block 0x1 
[   28.502439] XFS (loop0): Unmount and run xfs_repair
[   28.502638] XFS (loop0): First 128 bytes of corrupted metadata buffer:
[   28.502898] 00000000: 58 41 47 46 00 00 00 01 00 00 00 00 00 00 40 00  XAGF..........@.
[   28.503213] 00000010: 00 00 00 02 00 00 00 03 00 00 00 00 00 00 00 01  ................
[   28.503529] 00000020: 00 00 00 01 00 00 00 00 00 00 01 00 00 00 00 04  ................
[   28.503844] 00000030: 00 00 00 04 00 00 3f ca 00 00 3f c7 00 00 00 00  ......?...?.....
[   28.504158] 00000040: d4 08 de 26 55 fb 48 ab a8 ab aa ce db 20 f9 dd  ...&U.H...... ..
[   28.504473] 00000050: 00 00 00 00 00 00 00 00 00 00 00 00 00 00 00 00  ................
[   28.504787] 00000060: 00 00 00 00 00 00 00 00 00 00 00 00 00 00 00 00  ................
[   28.505102] 00000070: 00 00 00 00 00 00 00 00 00 00 00 00 00 00 00 00  ................
[   28.505478] XFS (loop0): metadata I/O error in "xfs_read_agf+0xd0/0x2c0" at daddr 0x1 len 1 error 74
[   28.507970] XFS (loop0): Quotacheck: Unsuccessful (Error -117): Disabling quotas.
[   28.515057] XFS (loop0): Metadata CRC error detected at xfs_agf_read_verify+0x10e/0x140, xfs_agf block 0x1 
[   28.515521] XFS (loop0): Unmount and run xfs_repair
[   28.515721] XFS (loop0): First 128 bytes of corrupted metadata buffer:
[   28.515984] 00000000: 58 41 47 46 00 00 00 01 00 00 00 00 00 00 40 00  XAGF..........@.
[   28.516300] 00000010: 00 00 00 02 00 00 00 03 00 00 00 00 00 00 00 01  ................
[   28.516616] 00000020: 00 00 00 01 00 00 00 00 00 00 01 00 00 00 00 04  ................
[   28.516931] 00000030: 00 00 00 04 00 00 3f ca 00 00 3f c7 00 00 00 00  ......?...?.....
[   28.517247] 00000040: d4 08 de 26 55 fb 48 ab a8 ab aa ce db 20 f9 dd  ...&U.H...... ..
[   28.517563] 00000050: 00 00 00 00 00 00 00 00 00 00 00 00 00 00 00 00  ................
[   28.517911] 00000060: 00 00 00 00 00 00 00 00 00 00 00 00 00 00 00 00  ................
[   28.518228] 00000070: 00 00 00 00 00 00 00 00 00 00 00 00 00 00 00 00  ................
[   28.518586] XFS (loop0): metadata I/O error in "xfs_read_agf+0xd0/0x2c0" at daddr 0x1 len 1 error 74
[   28.519078] XFS (loop0): page discard on page 0000000051b57d7b, inode 0x2b, pos 0.
[   28.521133] XFS (loop0): Unmounting Filesystem d408de26-55fb-48ab-a8ab-aacedb20f9dd
[   28.746570] loop0: detected capacity change from 0 to 65536
[   28.746996] XFS: ikeep mount option is deprecated.
[   28.747883] XFS (loop0): Mounting V5 Filesystem d408de26-55fb-48ab-a8ab-aacedb20f9dd
[   28.751303] XFS (loop0): Ending clean mount
[   28.751680] XFS (loop0): Quotacheck needed: Please wait.
[   28.753142] XFS (loop0): Metadata CRC error detected at xfs_agf_read_verify+0x10e/0x140, xfs_agf block 0x1 
[   28.753560] XFS (loop0): Unmount and run xfs_repair
[   28.753785] XFS (loop0): First 128 bytes of corrupted metadata buffer:
[   28.754051] 00000000: 58 41 47 46 00 00 00 01 00 00 00 00 00 00 40 00  XAGF..........@.
[   28.754372] 00000010: 00 00 00 02 00 00 00 03 00 00 00 00 00 00 00 01  ................
[   28.754686] 00000020: 00 00 00 01 00 00 00 00 00 00 01 00 00 00 00 04  ................
[   28.755000] 00000030: 00 00 00 04 00 00 3f ca 00 00 3f c7 00 00 00 00  ......?...?.....
[   28.755314] 00000040: d4 08 de 26 55 fb 48 ab a8 ab aa ce db 20 f9 dd  ...&U.H...... ..
[   28.755628] 00000050: 00 00 00 00 00 00 00 00 00 00 00 00 00 00 00 00  ................
[   28.755941] 00000060: 00 00 00 00 00 00 00 00 00 00 00 00 00 00 00 00  ................
[   28.756255] 00000070: 00 00 00 00 00 00 00 00 00 00 00 00 00 00 00 00  ................
[   28.756699] XFS (loop0): metadata I/O error in "xfs_read_agf+0xd0/0x2c0" at daddr 0x1 len 1 error 74
[   28.757677] XFS (loop0): Quotacheck: Unsuccessful (Error -117): Disabling quotas.
[   28.766271] XFS (loop0): Metadata CRC error detected at xfs_agf_read_verify+0x10e/0x140, xfs_agf block 0x1 
[   28.766673] XFS (loop0): Unmount and run xfs_repair
[   28.766869] XFS (loop0): First 128 bytes of corrupted metadata buffer:
[   28.767127] 00000000: 58 41 47 46 00 00 00 01 00 00 00 00 00 00 40 00  XAGF..........@.
[   28.767445] 00000010: 00 00 00 02 00 00 00 03 00 00 00 00 00 00 00 01  ................
[   28.767757] 00000020: 00 00 00 01 00 00 00 00 00 00 01 00 00 00 00 04  ................
[   28.768068] 00000030: 00 00 00 04 00 00 3f ca 00 00 3f c7 00 00 00 00  ......?...?.....
[   28.768379] 00000040: d4 08 de 26 55 fb 48 ab a8 ab aa ce db 20 f9 dd  ...&U.H...... ..
[   28.768692] 00000050: 00 00 00 00 00 00 00 00 00 00 00 00 00 00 00 00  ................
[   28.769003] 00000060: 00 00 00 00 00 00 00 00 00 00 00 00 00 00 00 00  ................
[   28.769314] 00000070: 00 00 00 00 00 00 00 00 00 00 00 00 00 00 00 00  ................
[   28.773852] XFS (loop0): metadata I/O error in "xfs_read_agf+0xd0/0x2c0" at daddr 0x1 len 1 error 74
[   28.774243] XFS (loop0): page discard on page 00000000498ec4c0, inode 0x2b, pos 0.
[   28.776429] XFS (loop0): Unmounting Filesystem d408de26-55fb-48ab-a8ab-aacedb20f9dd
[   28.995063] loop0: detected capacity change from 0 to 65536
[   28.995519] XFS: ikeep mount option is deprecated.
[   28.996383] XFS (loop0): Mounting V5 Filesystem d408de26-55fb-48ab-a8ab-aacedb20f9dd
[   28.999797] XFS (loop0): Ending clean mount
[   29.000255] XFS (loop0): Quotacheck needed: Please wait.
[   29.002103] XFS (loop0): Metadata CRC error detected at xfs_agf_read_verify+0x10e/0x140, xfs_agf block 0x1 
[   29.002524] XFS (loop0): Unmount and run xfs_repair
[   29.002722] XFS (loop0): First 128 bytes of corrupted metadata buffer:
[   29.002991] 00000000: 58 41 47 46 00 00 00 01 00 00 00 00 00 00 40 00  XAGF..........@.
[   29.003305] 00000010: 00 00 00 02 00 00 00 03 00 00 00 00 00 00 00 01  ................
[   29.003618] 00000020: 00 00 00 01 00 00 00 00 00 00 01 00 00 00 00 04  ................
[   29.003932] 00000030: 00 00 00 04 00 00 3f ca 00 00 3f c7 00 00 00 00  ......?...?.....
[   29.004246] 00000040: d4 08 de 26 55 fb 48 ab a8 ab aa ce db 20 f9 dd  ...&U.H...... ..
[   29.004558] 00000050: 00 00 00 00 00 00 00 00 00 00 00 00 00 00 00 00  ................
[   29.004872] 00000060: 00 00 00 00 00 00 00 00 00 00 00 00 00 00 00 00  ................
[   29.005185] 00000070: 00 00 00 00 00 00 00 00 00 00 00 00 00 00 00 00  ................
[   29.005572] XFS (loop0): metadata I/O error in "xfs_read_agf+0xd0/0x2c0" at daddr 0x1 len 1 error 74
[   29.007296] XFS (loop0): Quotacheck: Unsuccessful (Error -117): Disabling quotas.
[   29.011594] XFS (loop0): Metadata CRC error detected at xfs_agf_read_verify+0x10e/0x140, xfs_agf block 0x1 
[   29.012004] XFS (loop0): Unmount and run xfs_repair
[   29.012203] XFS (loop0): First 128 bytes of corrupted metadata buffer:
[   29.012464] 00000000: 58 41 47 46 00 00 00 01 00 00 00 00 00 00 40 00  XAGF..........@.
[   29.012777] 00000010: 00 00 00 02 00 00 00 03 00 00 00 00 00 00 00 01  ................
[   29.013091] 00000020: 00 00 00 01 00 00 00 00 00 00 01 00 00 00 00 04  ................
[   29.013405] 00000030: 00 00 00 04 00 00 3f ca 00 00 3f c7 00 00 00 00  ......?...?.....
[   29.013741] 00000040: d4 08 de 26 55 fb 48 ab a8 ab aa ce db 20 f9 dd  ...&U.H...... ..
[   29.014057] 00000050: 00 00 00 00 00 00 00 00 00 00 00 00 00 00 00 00  ................
[   29.014371] 00000060: 00 00 00 00 00 00 00 00 00 00 00 00 00 00 00 00  ................
[   29.014684] 00000070: 00 00 00 00 00 00 00 00 00 00 00 00 00 00 00 00  ................
[   29.015287] XFS (loop0): metadata I/O error in "xfs_read_agf+0xd0/0x2c0" at daddr 0x1 len 1 error 74
[   29.015684] XFS (loop0): page discard on page 0000000089cfbfc8, inode 0x2b, pos 0.
[   29.017620] XFS (loop0): Unmounting Filesystem d408de26-55fb-48ab-a8ab-aacedb20f9dd
[   29.217587] loop0: detected capacity change from 0 to 65536
[   29.218049] XFS: ikeep mount option is deprecated.
[   29.219002] XFS (loop0): Mounting V5 Filesystem d408de26-55fb-48ab-a8ab-aacedb20f9dd
[   29.223431] XFS (loop0): Ending clean mount
[   29.223994] XFS (loop0): Quotacheck needed: Please wait.
[   29.226041] XFS (loop0): Metadata CRC error detected at xfs_agf_read_verify+0x10e/0x140, xfs_agf block 0x1 
[   29.226468] XFS (loop0): Unmount and run xfs_repair
[   29.226667] XFS (loop0): First 128 bytes of corrupted metadata buffer:
[   29.226935] 00000000: 58 41 47 46 00 00 00 01 00 00 00 00 00 00 40 00  XAGF..........@.
[   29.227251] 00000010: 00 00 00 02 00 00 00 03 00 00 00 00 00 00 00 01  ................
[   29.227566] 00000020: 00 00 00 01 00 00 00 00 00 00 01 00 00 00 00 04  ................
[   29.227881] 00000030: 00 00 00 04 00 00 3f ca 00 00 3f c7 00 00 00 00  ......?...?.....
[   29.228196] 00000040: d4 08 de 26 55 fb 48 ab a8 ab aa ce db 20 f9 dd  ...&U.H...... ..
[   29.228513] 00000050: 00 00 00 00 00 00 00 00 00 00 00 00 00 00 00 00  ................
[   29.228828] 00000060: 00 00 00 00 00 00 00 00 00 00 00 00 00 00 00 00  ................
[   29.229143] 00000070: 00 00 00 00 00 00 00 00 00 00 00 00 00 00 00 00  ................
[   29.229519] XFS (loop0): metadata I/O error in "xfs_read_agf+0xd0/0x2c0" at daddr 0x1 len 1 error 74
[   29.231895] XFS (loop0): Quotacheck: Unsuccessful (Error -117): Disabling quotas.
[   29.233943] XFS (loop0): Metadata CRC error detected at xfs_agf_read_verify+0x10e/0x140, xfs_agf block 0x1 
[   29.234348] XFS (loop0): Unmount and run xfs_repair
[   29.234546] XFS (loop0): First 128 bytes of corrupted metadata buffer:
[   29.234807] 00000000: 58 41 47 46 00 00 00 01 00 00 00 00 00 00 40 00  XAGF..........@.
[   29.235123] 00000010: 00 00 00 02 00 00 00 03 00 00 00 00 00 00 00 01  ................
[   29.235438] 00000020: 00 00 00 01 00 00 00 00 00 00 01 00 00 00 00 04  ................
[   29.235753] 00000030: 00 00 00 04 00 00 3f ca 00 00 3f c7 00 00 00 00  ......?...?.....
[   29.236069] 00000040: d4 08 de 26 55 fb 48 ab a8 ab aa ce db 20 f9 dd  ...&U.H...... ..
[   29.236384] 00000050: 00 00 00 00 00 00 00 00 00 00 00 00 00 00 00 00  ................
[   29.236700] 00000060: 00 00 00 00 00 00 00 00 00 00 00 00 00 00 00 00  ................
[   29.237015] 00000070: 00 00 00 00 00 00 00 00 00 00 00 00 00 00 00 00  ................
[   29.237338] XFS (loop0): metadata I/O error in "xfs_read_agf+0xd0/0x2c0" at daddr 0x1 len 1 error 74
[   29.237773] XFS (loop0): page discard on page 0000000094178847, inode 0x2b, pos 0.
[   29.239680] XFS (loop0): Unmounting Filesystem d408de26-55fb-48ab-a8ab-aacedb20f9dd
[   29.474671] loop0: detected capacity change from 0 to 65536
[   29.475118] XFS: ikeep mount option is deprecated.
[   29.475973] XFS (loop0): Mounting V5 Filesystem d408de26-55fb-48ab-a8ab-aacedb20f9dd
[   29.481088] XFS (loop0): Ending clean mount
[   29.481464] XFS (loop0): Quotacheck needed: Please wait.
[   29.483068] XFS (loop0): Metadata CRC error detected at xfs_agf_read_verify+0x10e/0x140, xfs_agf block 0x1 
[   29.483492] XFS (loop0): Unmount and run xfs_repair
[   29.483691] XFS (loop0): First 128 bytes of corrupted metadata buffer:
[   29.483958] 00000000: 58 41 47 46 00 00 00 01 00 00 00 00 00 00 40 00  XAGF..........@.
[   29.484273] 00000010: 00 00 00 02 00 00 00 03 00 00 00 00 00 00 00 01  ................
[   29.484589] 00000020: 00 00 00 01 00 00 00 00 00 00 01 00 00 00 00 04  ................
[   29.484903] 00000030: 00 00 00 04 00 00 3f ca 00 00 3f c7 00 00 00 00  ......?...?.....
[   29.485217] 00000040: d4 08 de 26 55 fb 48 ab a8 ab aa ce db 20 f9 dd  ...&U.H...... ..
[   29.485531] 00000050: 00 00 00 00 00 00 00 00 00 00 00 00 00 00 00 00  ................
[   29.485867] 00000060: 00 00 00 00 00 00 00 00 00 00 00 00 00 00 00 00  ................
[   29.486182] 00000070: 00 00 00 00 00 00 00 00 00 00 00 00 00 00 00 00  ................
[   29.486572] XFS (loop0): metadata I/O error in "xfs_read_agf+0xd0/0x2c0" at daddr 0x1 len 1 error 74
[   29.487518] XFS (loop0): Quotacheck: Unsuccessful (Error -117): Disabling quotas.
[   29.493059] XFS (loop0): Metadata CRC error detected at xfs_agf_read_verify+0x10e/0x140, xfs_agf block 0x1 
[   29.493464] XFS (loop0): Unmount and run xfs_repair
[   29.493683] XFS (loop0): First 128 bytes of corrupted metadata buffer:
[   29.493945] 00000000: 58 41 47 46 00 00 00 01 00 00 00 00 00 00 40 00  XAGF..........@.
[   29.494261] 00000010: 00 00 00 02 00 00 00 03 00 00 00 00 00 00 00 01  ................
[   29.494573] 00000020: 00 00 00 01 00 00 00 00 00 00 01 00 00 00 00 04  ................
[   29.494886] 00000030: 00 00 00 04 00 00 3f ca 00 00 3f c7 00 00 00 00  ......?...?.....
[   29.495198] 00000040: d4 08 de 26 55 fb 48 ab a8 ab aa ce db 20 f9 dd  ...&U.H...... ..
[   29.495510] 00000050: 00 00 00 00 00 00 00 00 00 00 00 00 00 00 00 00  ................
[   29.495823] 00000060: 00 00 00 00 00 00 00 00 00 00 00 00 00 00 00 00  ................
[   29.496135] 00000070: 00 00 00 00 00 00 00 00 00 00 00 00 00 00 00 00  ................
[   29.496502] XFS (loop0): metadata I/O error in "xfs_read_agf+0xd0/0x2c0" at daddr 0x1 len 1 error 74
[   29.496877] XFS (loop0): page discard on page 0000000067a62d26, inode 0x2b, pos 0.
[   29.498219] XFS (loop0): Unmounting Filesystem d408de26-55fb-48ab-a8ab-aacedb20f9dd
[   29.734014] loop0: detected capacity change from 0 to 65536
[   29.734469] XFS: ikeep mount option is deprecated.
[   29.735359] XFS (loop0): Mounting V5 Filesystem d408de26-55fb-48ab-a8ab-aacedb20f9dd
[   29.739439] XFS (loop0): Ending clean mount
[   29.739839] XFS (loop0): Quotacheck needed: Please wait.
[   29.741521] XFS (loop0): Metadata CRC error detected at xfs_agf_read_verify+0x10e/0x140, xfs_agf block 0x1 
[   29.741963] XFS (loop0): Unmount and run xfs_repair
[   29.742161] XFS (loop0): First 128 bytes of corrupted metadata buffer:
[   29.742426] 00000000: 58 41 47 46 00 00 00 01 00 00 00 00 00 00 40 00  XAGF..........@.
[   29.742740] 00000010: 00 00 00 02 00 00 00 03 00 00 00 00 00 00 00 01  ................
[   29.743055] 00000020: 00 00 00 01 00 00 00 00 00 00 01 00 00 00 00 04  ................
[   29.743369] 00000030: 00 00 00 04 00 00 3f ca 00 00 3f c7 00 00 00 00  ......?...?.....
[   29.743682] 00000040: d4 08 de 26 55 fb 48 ab a8 ab aa ce db 20 f9 dd  ...&U.H...... ..
[   29.743995] 00000050: 00 00 00 00 00 00 00 00 00 00 00 00 00 00 00 00  ................
[   29.744309] 00000060: 00 00 00 00 00 00 00 00 00 00 00 00 00 00 00 00  ................
[   29.744622] 00000070: 00 00 00 00 00 00 00 00 00 00 00 00 00 00 00 00  ................
[   29.744985] XFS (loop0): metadata I/O error in "xfs_read_agf+0xd0/0x2c0" at daddr 0x1 len 1 error 74
[   29.746074] XFS (loop0): Quotacheck: Unsuccessful (Error -117): Disabling quotas.
[   29.753679] XFS (loop0): Metadata CRC error detected at xfs_agf_read_verify+0x10e/0x140, xfs_agf block 0x1 
[   29.754083] XFS (loop0): Unmount and run xfs_repair
[   29.754279] XFS (loop0): First 128 bytes of corrupted metadata buffer:
[   29.754539] 00000000: 58 41 47 46 00 00 00 01 00 00 00 00 00 00 40 00  XAGF..........@.
[   29.754851] 00000010: 00 00 00 02 00 00 00 03 00 00 00 00 00 00 00 01  ................
[   29.755162] 00000020: 00 00 00 01 00 00 00 00 00 00 01 00 00 00 00 04  ................
[   29.755473] 00000030: 00 00 00 04 00 00 3f ca 00 00 3f c7 00 00 00 00  ......?...?.....
[   29.755784] 00000040: d4 08 de 26 55 fb 48 ab a8 ab aa ce db 20 f9 dd  ...&U.H...... ..
[   29.756096] 00000050: 00 00 00 00 00 00 00 00 00 00 00 00 00 00 00 00  ................
[   29.756408] 00000060: 00 00 00 00 00 00 00 00 00 00 00 00 00 00 00 00  ................
[   29.756720] 00000070: 00 00 00 00 00 00 00 00 00 00 00 00 00 00 00 00  ................
[   29.757083] XFS (loop0): metadata I/O error in "xfs_read_agf+0xd0/0x2c0" at daddr 0x1 len 1 error 74
[   29.757480] XFS (loop0): page discard on page 0000000054e3f508, inode 0x2b, pos 0.
[   29.759679] XFS (loop0): Unmounting Filesystem d408de26-55fb-48ab-a8ab-aacedb20f9dd
[   29.957264] loop0: detected capacity change from 0 to 65536
[   29.957834] XFS: ikeep mount option is deprecated.
[   29.958703] XFS (loop0): Mounting V5 Filesystem d408de26-55fb-48ab-a8ab-aacedb20f9dd
[   29.962034] XFS (loop0): Ending clean mount
[   29.962413] XFS (loop0): Quotacheck needed: Please wait.
[   29.963807] XFS (loop0): Metadata CRC error detected at xfs_agf_read_verify+0x10e/0x140, xfs_agf block 0x1 
[   29.964224] XFS (loop0): Unmount and run xfs_repair
[   29.964422] XFS (loop0): First 128 bytes of corrupted metadata buffer:
[   29.964691] 00000000: 58 41 47 46 00 00 00 01 00 00 00 00 00 00 40 00  XAGF..........@.
[   29.965006] 00000010: 00 00 00 02 00 00 00 03 00 00 00 00 00 00 00 01  ................
[   29.965320] 00000020: 00 00 00 01 00 00 00 00 00 00 01 00 00 00 00 04  ................
[   29.965658] 00000030: 00 00 00 04 00 00 3f ca 00 00 3f c7 00 00 00 00  ......?...?.....
[   29.965978] 00000040: d4 08 de 26 55 fb 48 ab a8 ab aa ce db 20 f9 dd  ...&U.H...... ..
[   29.966292] 00000050: 00 00 00 00 00 00 00 00 00 00 00 00 00 00 00 00  ................
[   29.966607] 00000060: 00 00 00 00 00 00 00 00 00 00 00 00 00 00 00 00  ................
[   29.966920] 00000070: 00 00 00 00 00 00 00 00 00 00 00 00 00 00 00 00  ................
[   29.967345] XFS (loop0): metadata I/O error in "xfs_read_agf+0xd0/0x2c0" at daddr 0x1 len 1 error 74
[   29.968312] XFS (loop0): Quotacheck: Unsuccessful (Error -117): Disabling quotas.
[   29.972809] XFS (loop0): Metadata CRC error detected at xfs_agf_read_verify+0x10e/0x140, xfs_agf block 0x1 
[   29.973211] XFS (loop0): Unmount and run xfs_repair
[   29.973409] XFS (loop0): First 128 bytes of corrupted metadata buffer:
[   29.973685] 00000000: 58 41 47 46 00 00 00 01 00 00 00 00 00 00 40 00  XAGF..........@.
[   29.974003] 00000010: 00 00 00 02 00 00 00 03 00 00 00 00 00 00 00 01  ................
[   29.974320] 00000020: 00 00 00 01 00 00 00 00 00 00 01 00 00 00 00 04  ................
[   29.974634] 00000030: 00 00 00 04 00 00 3f ca 00 00 3f c7 00 00 00 00  ......?...?.....
[   29.974948] 00000040: d4 08 de 26 55 fb 48 ab a8 ab aa ce db 20 f9 dd  ...&U.H...... ..
[   29.975261] 00000050: 00 00 00 00 00 00 00 00 00 00 00 00 00 00 00 00  ................
[   29.975575] 00000060: 00 00 00 00 00 00 00 00 00 00 00 00 00 00 00 00  ................
[   29.975892] 00000070: 00 00 00 00 00 00 00 00 00 00 00 00 00 00 00 00  ................
[   29.976214] XFS (loop0): metadata I/O error in "xfs_read_agf+0xd0/0x2c0" at daddr 0x1 len 1 error 74
[   29.976608] XFS (loop0): page discard on page 00000000da383979, inode 0x2b, pos 0.
[   29.979605] XFS (loop0): Unmounting Filesystem d408de26-55fb-48ab-a8ab-aacedb20f9dd
[   30.194956] loop0: detected capacity change from 0 to 65536
[   30.195389] XFS: ikeep mount option is deprecated.
[   30.196195] XFS (loop0): Mounting V5 Filesystem d408de26-55fb-48ab-a8ab-aacedb20f9dd
[   30.200051] XFS (loop0): Ending clean mount
[   30.201463] XFS (loop0): Quotacheck needed: Please wait.
[   30.203652] XFS (loop0): Metadata CRC error detected at xfs_agf_read_verify+0x10e/0x140, xfs_agf block 0x1 
[   30.204068] XFS (loop0): Unmount and run xfs_repair
[   30.204268] XFS (loop0): First 128 bytes of corrupted metadata buffer:
[   30.204531] 00000000: 58 41 47 46 00 00 00 01 00 00 00 00 00 00 40 00  XAGF..........@.
[   30.204848] 00000010: 00 00 00 02 00 00 00 03 00 00 00 00 00 00 00 01  ................
[   30.205164] 00000020: 00 00 00 01 00 00 00 00 00 00 01 00 00 00 00 04  ................
[   30.205480] 00000030: 00 00 00 04 00 00 3f ca 00 00 3f c7 00 00 00 00  ......?...?.....
[   30.205817] 00000040: d4 08 de 26 55 fb 48 ab a8 ab aa ce db 20 f9 dd  ...&U.H...... ..
[   30.206134] 00000050: 00 00 00 00 00 00 00 00 00 00 00 00 00 00 00 00  ................
[   30.206453] 00000060: 00 00 00 00 00 00 00 00 00 00 00 00 00 00 00 00  ................
[   30.206769] 00000070: 00 00 00 00 00 00 00 00 00 00 00 00 00 00 00 00  ................
[   30.207204] XFS (loop0): metadata I/O error in "xfs_read_agf+0xd0/0x2c0" at daddr 0x1 len 1 error 74
[   30.209878] XFS (loop0): Quotacheck: Unsuccessful (Error -117): Disabling quotas.
[   30.213702] XFS (loop0): Metadata CRC error detected at xfs_agf_read_verify+0x10e/0x140, xfs_agf block 0x1 
[   30.214110] XFS (loop0): Unmount and run xfs_repair
[   30.214309] XFS (loop0): First 128 bytes of corrupted metadata buffer:
[   30.214572] 00000000: 58 41 47 46 00 00 00 01 00 00 00 00 00 00 40 00  XAGF..........@.
[   30.214889] 00000010: 00 00 00 02 00 00 00 03 00 00 00 00 00 00 00 01  ................
[   30.215206] 00000020: 00 00 00 01 00 00 00 00 00 00 01 00 00 00 00 04  ................
[   30.215522] 00000030: 00 00 00 04 00 00 3f ca 00 00 3f c7 00 00 00 00  ......?...?.....
[   30.215839] 00000040: d4 08 de 26 55 fb 48 ab a8 ab aa ce db 20 f9 dd  ...&U.H...... ..
[   30.216156] 00000050: 00 00 00 00 00 00 00 00 00 00 00 00 00 00 00 00  ................
[   30.216472] 00000060: 00 00 00 00 00 00 00 00 00 00 00 00 00 00 00 00  ................
[   30.216789] 00000070: 00 00 00 00 00 00 00 00 00 00 00 00 00 00 00 00  ................
[   30.217114] XFS (loop0): metadata I/O error in "xfs_read_agf+0xd0/0x2c0" at daddr 0x1 len 1 error 74
[   30.217511] XFS (loop0): page discard on page 000000001d69414f, inode 0x2b, pos 0.
[   30.222211] XFS (loop0): Unmounting Filesystem d408de26-55fb-48ab-a8ab-aacedb20f9dd
[   30.438190] loop0: detected capacity change from 0 to 65536
[   30.438613] XFS: ikeep mount option is deprecated.
[   30.439540] XFS (loop0): Mounting V5 Filesystem d408de26-55fb-48ab-a8ab-aacedb20f9dd
[   30.442887] XFS (loop0): Ending clean mount
[   30.443268] XFS (loop0): Quotacheck needed: Please wait.
[   30.444395] XFS (loop0): Metadata CRC error detected at xfs_agf_read_verify+0x10e/0x140, xfs_agf block 0x1 
[   30.444812] XFS (loop0): Unmount and run xfs_repair
[   30.445010] XFS (loop0): First 128 bytes of corrupted metadata buffer:
[   30.445276] 00000000: 58 41 47 46 00 00 00 01 00 00 00 00 00 00 40 00  XAGF..........@.
[   30.445591] 00000010: 00 00 00 02 00 00 00 03 00 00 00 00 00 00 00 01  ................
[   30.445924] 00000020: 00 00 00 01 00 00 00 00 00 00 01 00 00 00 00 04  ................
[   30.446238] 00000030: 00 00 00 04 00 00 3f ca 00 00 3f c7 00 00 00 00  ......?...?.....
[   30.446553] 00000040: d4 08 de 26 55 fb 48 ab a8 ab aa ce db 20 f9 dd  ...&U.H...... ..
[   30.446867] 00000050: 00 00 00 00 00 00 00 00 00 00 00 00 00 00 00 00  ................
[   30.447181] 00000060: 00 00 00 00 00 00 00 00 00 00 00 00 00 00 00 00  ................
[   30.447495] 00000070: 00 00 00 00 00 00 00 00 00 00 00 00 00 00 00 00  ................
[   30.447971] XFS (loop0): metadata I/O error in "xfs_read_agf+0xd0/0x2c0" at daddr 0x1 len 1 error 74
[   30.449087] XFS (loop0): Quotacheck: Unsuccessful (Error -117): Disabling quotas.
[   30.456032] XFS (loop0): Metadata CRC error detected at xfs_agf_read_verify+0x10e/0x140, xfs_agf block 0x1 
[   30.456437] XFS (loop0): Unmount and run xfs_repair
[   30.456635] XFS (loop0): First 128 bytes of corrupted metadata buffer:
[   30.456896] 00000000: 58 41 47 46 00 00 00 01 00 00 00 00 00 00 40 00  XAGF..........@.
[   30.457217] 00000010: 00 00 00 02 00 00 00 03 00 00 00 00 00 00 00 01  ................
[   30.457531] 00000020: 00 00 00 01 00 00 00 00 00 00 01 00 00 00 00 04  ................
[   30.457877] 00000030: 00 00 00 04 00 00 3f ca 00 00 3f c7 00 00 00 00  ......?...?.....
[   30.458192] 00000040: d4 08 de 26 55 fb 48 ab a8 ab aa ce db 20 f9 dd  ...&U.H...... ..
[   30.458507] 00000050: 00 00 00 00 00 00 00 00 00 00 00 00 00 00 00 00  ................
[   30.458821] 00000060: 00 00 00 00 00 00 00 00 00 00 00 00 00 00 00 00  ................
[   30.459135] 00000070: 00 00 00 00 00 00 00 00 00 00 00 00 00 00 00 00  ................
[   30.460024] XFS (loop0): metadata I/O error in "xfs_read_agf+0xd0/0x2c0" at daddr 0x1 len 1 error 74
[   30.460426] XFS (loop0): page discard on page 00000000105651ee, inode 0x2b, pos 0.
[   30.462526] XFS (loop0): Unmounting Filesystem d408de26-55fb-48ab-a8ab-aacedb20f9dd
[   30.693899] loop0: detected capacity change from 0 to 65536
[   30.694354] XFS: ikeep mount option is deprecated.
[   30.695328] XFS (loop0): Mounting V5 Filesystem d408de26-55fb-48ab-a8ab-aacedb20f9dd
[   30.698777] XFS (loop0): Ending clean mount
[   30.699160] XFS (loop0): Quotacheck needed: Please wait.
[   30.701225] XFS (loop0): Metadata CRC error detected at xfs_agf_read_verify+0x10e/0x140, xfs_agf block 0x1 
[   30.701668] XFS (loop0): Unmount and run xfs_repair
[   30.701868] XFS (loop0): First 128 bytes of corrupted metadata buffer:
[   30.702129] 00000000: 58 41 47 46 00 00 00 01 00 00 00 00 00 00 40 00  XAGF..........@.
[   30.702444] 00000010: 00 00 00 02 00 00 00 03 00 00 00 00 00 00 00 01  ................
[   30.702758] 00000020: 00 00 00 01 00 00 00 00 00 00 01 00 00 00 00 04  ................
[   30.703072] 00000030: 00 00 00 04 00 00 3f ca 00 00 3f c7 00 00 00 00  ......?...?.....
[   30.703385] 00000040: d4 08 de 26 55 fb 48 ab a8 ab aa ce db 20 f9 dd  ...&U.H...... ..
[   30.703700] 00000050: 00 00 00 00 00 00 00 00 00 00 00 00 00 00 00 00  ................
[   30.704014] 00000060: 00 00 00 00 00 00 00 00 00 00 00 00 00 00 00 00  ................
[   30.704332] 00000070: 00 00 00 00 00 00 00 00 00 00 00 00 00 00 00 00  ................
[   30.704702] XFS (loop0): metadata I/O error in "xfs_read_agf+0xd0/0x2c0" at daddr 0x1 len 1 error 74
[   30.706131] XFS (loop0): Quotacheck: Unsuccessful (Error -117): Disabling quotas.
[   30.707172] XFS (loop0): Metadata CRC error detected at xfs_agf_read_verify+0x10e/0x140, xfs_agf block 0x1 
[   30.707573] XFS (loop0): Unmount and run xfs_repair
[   30.707771] XFS (loop0): First 128 bytes of corrupted metadata buffer:
[   30.708031] 00000000: 58 41 47 46 00 00 00 01 00 00 00 00 00 00 40 00  XAGF..........@.
[   30.708346] 00000010: 00 00 00 02 00 00 00 03 00 00 00 00 00 00 00 01  ................
[   30.708660] 00000020: 00 00 00 01 00 00 00 00 00 00 01 00 00 00 00 04  ................
[   30.708980] 00000030: 00 00 00 04 00 00 3f ca 00 00 3f c7 00 00 00 00  ......?...?.....
[   30.709296] 00000040: d4 08 de 26 55 fb 48 ab a8 ab aa ce db 20 f9 dd  ...&U.H...... ..
[   30.709612] 00000050: 00 00 00 00 00 00 00 00 00 00 00 00 00 00 00 00  ................
[   30.709977] 00000060: 00 00 00 00 00 00 00 00 00 00 00 00 00 00 00 00  ................
[   30.710292] 00000070: 00 00 00 00 00 00 00 00 00 00 00 00 00 00 00 00  ................
[   30.712884] XFS (loop0): metadata I/O error in "xfs_read_agf+0xd0/0x2c0" at daddr 0x1 len 1 error 74
[   30.714903] XFS (loop0): Unmounting Filesystem d408de26-55fb-48ab-a8ab-aacedb20f9dd
[   30.934537] loop0: detected capacity change from 0 to 65536
[   30.934975] XFS: ikeep mount option is deprecated.
[   30.935861] XFS (loop0): Mounting V5 Filesystem d408de26-55fb-48ab-a8ab-aacedb20f9dd
[   30.939332] XFS (loop0): Ending clean mount
[   30.939723] XFS (loop0): Quotacheck needed: Please wait.
[   30.940992] XFS (loop0): Metadata CRC error detected at xfs_agf_read_verify+0x10e/0x140, xfs_agf block 0x1 
[   30.941409] XFS (loop0): Unmount and run xfs_repair
[   30.941607] XFS (loop0): First 128 bytes of corrupted metadata buffer:
[   30.941895] 00000000: 58 41 47 46 00 00 00 01 00 00 00 00 00 00 40 00  XAGF..........@.
[   30.942210] 00000010: 00 00 00 02 00 00 00 03 00 00 00 00 00 00 00 01  ................
[   30.942524] 00000020: 00 00 00 01 00 00 00 00 00 00 01 00 00 00 00 04  ................
[   30.942837] 00000030: 00 00 00 04 00 00 3f ca 00 00 3f c7 00 00 00 00  ......?...?.....
[   30.943151] 00000040: d4 08 de 26 55 fb 48 ab a8 ab aa ce db 20 f9 dd  ...&U.H...... ..
[   30.943465] 00000050: 00 00 00 00 00 00 00 00 00 00 00 00 00 00 00 00  ................
[   30.943778] 00000060: 00 00 00 00 00 00 00 00 00 00 00 00 00 00 00 00  ................
[   30.944092] 00000070: 00 00 00 00 00 00 00 00 00 00 00 00 00 00 00 00  ................
[   30.944535] XFS (loop0): metadata I/O error in "xfs_read_agf+0xd0/0x2c0" at daddr 0x1 len 1 error 74
[   30.945465] XFS (loop0): Quotacheck: Unsuccessful (Error -117): Disabling quotas.
[   30.946156] XFS (loop0): Metadata CRC error detected at xfs_agf_read_verify+0x10e/0x140, xfs_agf block 0x1 
[   30.946556] XFS (loop0): Unmount and run xfs_repair
[   30.946754] XFS (loop0): First 128 bytes of corrupted metadata buffer:
[   30.947022] 00000000: 58 41 47 46 00 00 00 01 00 00 00 00 00 00 40 00  XAGF..........@.
[   30.947337] 00000010: 00 00 00 02 00 00 00 03 00 00 00 00 00 00 00 01  ................
[   30.947653] 00000020: 00 00 00 01 00 00 00 00 00 00 01 00 00 00 00 04  ................
[   30.947968] 00000030: 00 00 00 04 00 00 3f ca 00 00 3f c7 00 00 00 00  ......?...?.....
[   30.948282] 00000040: d4 08 de 26 55 fb 48 ab a8 ab aa ce db 20 f9 dd  ...&U.H...... ..
[   30.948597] 00000050: 00 00 00 00 00 00 00 00 00 00 00 00 00 00 00 00  ................
[   30.948911] 00000060: 00 00 00 00 00 00 00 00 00 00 00 00 00 00 00 00  ................
[   30.949226] 00000070: 00 00 00 00 00 00 00 00 00 00 00 00 00 00 00 00  ................
[   30.949550] XFS (loop0): metadata I/O error in "xfs_read_agf+0xd0/0x2c0" at daddr 0x1 len 1 error 74
[   30.951231] XFS (loop0): Unmounting Filesystem d408de26-55fb-48ab-a8ab-aacedb20f9dd
[   31.154323] loop0: detected capacity change from 0 to 65536
[   31.154761] XFS: ikeep mount option is deprecated.
[   31.155646] XFS (loop0): Mounting V5 Filesystem d408de26-55fb-48ab-a8ab-aacedb20f9dd
[   31.160894] XFS (loop0): Ending clean mount
[   31.161269] XFS (loop0): Quotacheck needed: Please wait.
[   31.163403] XFS (loop0): Metadata CRC error detected at xfs_agf_read_verify+0x10e/0x140, xfs_agf block 0x1 
[   31.163826] XFS (loop0): Unmount and run xfs_repair
[   31.164025] XFS (loop0): First 128 bytes of corrupted metadata buffer:
[   31.164294] 00000000: 58 41 47 46 00 00 00 01 00 00 00 00 00 00 40 00  XAGF..........@.
[   31.164610] 00000010: 00 00 00 02 00 00 00 03 00 00 00 00 00 00 00 01  ................
[   31.164927] 00000020: 00 00 00 01 00 00 00 00 00 00 01 00 00 00 00 04  ................
[   31.165243] 00000030: 00 00 00 04 00 00 3f ca 00 00 3f c7 00 00 00 00  ......?...?.....
[   31.165558] 00000040: d4 08 de 26 55 fb 48 ab a8 ab aa ce db 20 f9 dd  ...&U.H...... ..
[   31.165894] 00000050: 00 00 00 00 00 00 00 00 00 00 00 00 00 00 00 00  ................
[   31.166209] 00000060: 00 00 00 00 00 00 00 00 00 00 00 00 00 00 00 00  ................
[   31.166524] 00000070: 00 00 00 00 00 00 00 00 00 00 00 00 00 00 00 00  ................
[   31.166875] XFS (loop0): metadata I/O error in "xfs_read_agf+0xd0/0x2c0" at daddr 0x1 len 1 error 74
[   31.167525] XFS (loop0): Quotacheck: Unsuccessful (Error -117): Disabling quotas.
[   31.168604] XFS (loop0): Metadata CRC error detected at xfs_agf_read_verify+0x10e/0x140, xfs_agf block 0x1 
[   31.169006] XFS (loop0): Unmount and run xfs_repair
[   31.169203] XFS (loop0): First 128 bytes of corrupted metadata buffer:
[   31.169464] 00000000: 58 41 47 46 00 00 00 01 00 00 00 00 00 00 40 00  XAGF..........@.
[   31.169799] 00000010: 00 00 00 02 00 00 00 03 00 00 00 00 00 00 00 01  ................
[   31.170116] 00000020: 00 00 00 01 00 00 00 00 00 00 01 00 00 00 00 04  ................
[   31.170431] 00000030: 00 00 00 04 00 00 3f ca 00 00 3f c7 00 00 00 00  ......?...?.....
[   31.170745] 00000040: d4 08 de 26 55 fb 48 ab a8 ab aa ce db 20 f9 dd  ...&U.H...... ..
[   31.171061] 00000050: 00 00 00 00 00 00 00 00 00 00 00 00 00 00 00 00  ................
[   31.171378] 00000060: 00 00 00 00 00 00 00 00 00 00 00 00 00 00 00 00  ................
[   31.171693] 00000070: 00 00 00 00 00 00 00 00 00 00 00 00 00 00 00 00  ................
[   31.172012] XFS (loop0): metadata I/O error in "xfs_read_agf+0xd0/0x2c0" at daddr 0x1 len 1 error 74
[   31.174005] XFS (loop0): Unmounting Filesystem d408de26-55fb-48ab-a8ab-aacedb20f9dd
[   31.394497] loop0: detected capacity change from 0 to 65536
[   31.394935] XFS: ikeep mount option is deprecated.
[   31.395720] XFS (loop0): Mounting V5 Filesystem d408de26-55fb-48ab-a8ab-aacedb20f9dd
[   31.399100] XFS (loop0): Ending clean mount
[   31.399558] XFS (loop0): Quotacheck needed: Please wait.
[   31.401766] XFS (loop0): Metadata CRC error detected at xfs_agf_read_verify+0x10e/0x140, xfs_agf block 0x1 
[   31.402191] XFS (loop0): Unmount and run xfs_repair
[   31.402389] XFS (loop0): First 128 bytes of corrupted metadata buffer:
[   31.402655] 00000000: 58 41 47 46 00 00 00 01 00 00 00 00 00 00 40 00  XAGF..........@.
[   31.402970] 00000010: 00 00 00 02 00 00 00 03 00 00 00 00 00 00 00 01  ................
[   31.403285] 00000020: 00 00 00 01 00 00 00 00 00 00 01 00 00 00 00 04  ................
[   31.403599] 00000030: 00 00 00 04 00 00 3f ca 00 00 3f c7 00 00 00 00  ......?...?.....
[   31.403914] 00000040: d4 08 de 26 55 fb 48 ab a8 ab aa ce db 20 f9 dd  ...&U.H...... ..
[   31.404228] 00000050: 00 00 00 00 00 00 00 00 00 00 00 00 00 00 00 00  ................
[   31.404542] 00000060: 00 00 00 00 00 00 00 00 00 00 00 00 00 00 00 00  ................
[   31.404857] 00000070: 00 00 00 00 00 00 00 00 00 00 00 00 00 00 00 00  ................
[   31.405218] XFS (loop0): metadata I/O error in "xfs_read_agf+0xd0/0x2c0" at daddr 0x1 len 1 error 74
[   31.407222] XFS (loop0): Quotacheck: Unsuccessful (Error -117): Disabling quotas.
[   31.413193] XFS (loop0): Metadata CRC error detected at xfs_agf_read_verify+0x10e/0x140, xfs_agf block 0x1 
[   31.413727] XFS (loop0): Unmount and run xfs_repair
[   31.413931] XFS (loop0): First 128 bytes of corrupted metadata buffer:
[   31.414190] 00000000: 58 41 47 46 00 00 00 01 00 00 00 00 00 00 40 00  XAGF..........@.
[   31.414504] 00000010: 00 00 00 02 00 00 00 03 00 00 00 00 00 00 00 01  ................
[   31.414818] 00000020: 00 00 00 01 00 00 00 00 00 00 01 00 00 00 00 04  ................
[   31.415132] 00000030: 00 00 00 04 00 00 3f ca 00 00 3f c7 00 00 00 00  ......?...?.....
[   31.415446] 00000040: d4 08 de 26 55 fb 48 ab a8 ab aa ce db 20 f9 dd  ...&U.H...... ..
[   31.415759] 00000050: 00 00 00 00 00 00 00 00 00 00 00 00 00 00 00 00  ................
[   31.416072] 00000060: 00 00 00 00 00 00 00 00 00 00 00 00 00 00 00 00  ................
[   31.416386] 00000070: 00 00 00 00 00 00 00 00 00 00 00 00 00 00 00 00  ................
[   31.416724] XFS (loop0): metadata I/O error in "xfs_read_agf+0xd0/0x2c0" at daddr 0x1 len 1 error 74
[   31.426230] XFS (loop0): Unmounting Filesystem d408de26-55fb-48ab-a8ab-aacedb20f9dd
[   31.649434] loop0: detected capacity change from 0 to 65536
[   31.649884] XFS: ikeep mount option is deprecated.
[   31.650650] XFS (loop0): Mounting V5 Filesystem d408de26-55fb-48ab-a8ab-aacedb20f9dd
[   31.654096] XFS (loop0): Ending clean mount
[   31.654549] XFS (loop0): Quotacheck needed: Please wait.
[   31.655695] XFS (loop0): Metadata CRC error detected at xfs_agf_read_verify+0x10e/0x140, xfs_agf block 0x1 
[   31.656111] XFS (loop0): Unmount and run xfs_repair
[   31.656308] XFS (loop0): First 128 bytes of corrupted metadata buffer:
[   31.656574] 00000000: 58 41 47 46 00 00 00 01 00 00 00 00 00 00 40 00  XAGF..........@.
[   31.656888] 00000010: 00 00 00 02 00 00 00 03 00 00 00 00 00 00 00 01  ................
[   31.657201] 00000020: 00 00 00 01 00 00 00 00 00 00 01 00 00 00 00 04  ................
[   31.657515] 00000030: 00 00 00 04 00 00 3f ca 00 00 3f c7 00 00 00 00  ......?...?.....
[   31.657850] 00000040: d4 08 de 26 55 fb 48 ab a8 ab aa ce db 20 f9 dd  ...&U.H...... ..
[   31.658163] 00000050: 00 00 00 00 00 00 00 00 00 00 00 00 00 00 00 00  ................
[   31.658475] 00000060: 00 00 00 00 00 00 00 00 00 00 00 00 00 00 00 00  ................
[   31.658787] 00000070: 00 00 00 00 00 00 00 00 00 00 00 00 00 00 00 00  ................
[   31.659179] XFS (loop0): metadata I/O error in "xfs_read_agf+0xd0/0x2c0" at daddr 0x1 len 1 error 74
[   31.660385] XFS (loop0): Quotacheck: Unsuccessful (Error -117): Disabling quotas.
[   31.667502] XFS (loop0): Metadata CRC error detected at xfs_agf_read_verify+0x10e/0x140, xfs_agf block 0x1 
[   31.667906] XFS (loop0): Unmount and run xfs_repair
[   31.668103] XFS (loop0): First 128 bytes of corrupted metadata buffer:
[   31.668361] 00000000: 58 41 47 46 00 00 00 01 00 00 00 00 00 00 40 00  XAGF..........@.
[   31.668673] 00000010: 00 00 00 02 00 00 00 03 00 00 00 00 00 00 00 01  ................
[   31.668985] 00000020: 00 00 00 01 00 00 00 00 00 00 01 00 00 00 00 04  ................
[   31.669296] 00000030: 00 00 00 04 00 00 3f ca 00 00 3f c7 00 00 00 00  ......?...?.....
[   31.669606] 00000040: d4 08 de 26 55 fb 48 ab a8 ab aa ce db 20 f9 dd  ...&U.H...... ..
[   31.669946] 00000050: 00 00 00 00 00 00 00 00 00 00 00 00 00 00 00 00  ................
[   31.670259] 00000060: 00 00 00 00 00 00 00 00 00 00 00 00 00 00 00 00  ................
[   31.670571] 00000070: 00 00 00 00 00 00 00 00 00 00 00 00 00 00 00 00  ................
[   31.671419] XFS (loop0): metadata I/O error in "xfs_read_agf+0xd0/0x2c0" at daddr 0x1 len 1 error 74
[   31.672991] XFS (loop0): Unmounting Filesystem d408de26-55fb-48ab-a8ab-aacedb20f9dd
[   31.889594] loop0: detected capacity change from 0 to 65536
[   31.890062] XFS: ikeep mount option is deprecated.
[   31.891024] XFS (loop0): Mounting V5 Filesystem d408de26-55fb-48ab-a8ab-aacedb20f9dd
[   31.894422] XFS (loop0): Ending clean mount
[   31.894803] XFS (loop0): Quotacheck needed: Please wait.
[   31.896037] XFS (loop0): Metadata CRC error detected at xfs_agf_read_verify+0x10e/0x140, xfs_agf block 0x1 
[   31.896454] XFS (loop0): Unmount and run xfs_repair
[   31.896652] XFS (loop0): First 128 bytes of corrupted metadata buffer:
[   31.896921] 00000000: 58 41 47 46 00 00 00 01 00 00 00 00 00 00 40 00  XAGF..........@.
[   31.897237] 00000010: 00 00 00 02 00 00 00 03 00 00 00 00 00 00 00 01  ................
[   31.897558] 00000020: 00 00 00 01 00 00 00 00 00 00 01 00 00 00 00 04  ................
[   31.897895] 00000030: 00 00 00 04 00 00 3f ca 00 00 3f c7 00 00 00 00  ......?...?.....
[   31.898208] 00000040: d4 08 de 26 55 fb 48 ab a8 ab aa ce db 20 f9 dd  ...&U.H...... ..
[   31.898521] 00000050: 00 00 00 00 00 00 00 00 00 00 00 00 00 00 00 00  ................
[   31.898834] 00000060: 00 00 00 00 00 00 00 00 00 00 00 00 00 00 00 00  ................
[   31.899147] 00000070: 00 00 00 00 00 00 00 00 00 00 00 00 00 00 00 00  ................
[   31.899591] XFS (loop0): metadata I/O error in "xfs_read_agf+0xd0/0x2c0" at daddr 0x1 len 1 error 74
[   31.900510] XFS (loop0): Quotacheck: Unsuccessful (Error -117): Disabling quotas.
[   31.901145] XFS (loop0): Metadata CRC error detected at xfs_agf_read_verify+0x10e/0x140, xfs_agf block 0x1 
[   31.901542] XFS (loop0): Unmount and run xfs_repair
[   31.901783] XFS (loop0): First 128 bytes of corrupted metadata buffer:
[   31.902042] 00000000: 58 41 47 46 00 00 00 01 00 00 00 00 00 00 40 00  XAGF..........@.
[   31.902355] 00000010: 00 00 00 02 00 00 00 03 00 00 00 00 00 00 00 01  ................
[   31.902669] 00000020: 00 00 00 01 00 00 00 00 00 00 01 00 00 00 00 04  ................
[   31.902981] 00000030: 00 00 00 04 00 00 3f ca 00 00 3f c7 00 00 00 00  ......?...?.....
[   31.903294] 00000040: d4 08 de 26 55 fb 48 ab a8 ab aa ce db 20 f9 dd  ...&U.H...... ..
[   31.903607] 00000050: 00 00 00 00 00 00 00 00 00 00 00 00 00 00 00 00  ................
[   31.903919] 00000060: 00 00 00 00 00 00 00 00 00 00 00 00 00 00 00 00  ................
[   31.904232] 00000070: 00 00 00 00 00 00 00 00 00 00 00 00 00 00 00 00  ................
[   31.904549] XFS (loop0): metadata I/O error in "xfs_read_agf+0xd0/0x2c0" at daddr 0x1 len 1 error 74
[   31.905789] XFS (loop0): Unmounting Filesystem d408de26-55fb-48ab-a8ab-aacedb20f9dd
[   32.121516] loop0: detected capacity change from 0 to 65536
[   32.121952] XFS: ikeep mount option is deprecated.
[   32.122767] XFS (loop0): Mounting V5 Filesystem d408de26-55fb-48ab-a8ab-aacedb20f9dd
[   32.127029] XFS (loop0): Ending clean mount
[   32.127720] XFS (loop0): Quotacheck needed: Please wait.
[   32.129321] XFS (loop0): Metadata CRC error detected at xfs_agf_read_verify+0x10e/0x140, xfs_agf block 0x1 
[   32.129769] XFS (loop0): Unmount and run xfs_repair
[   32.129970] XFS (loop0): First 128 bytes of corrupted metadata buffer:
[   32.130236] 00000000: 58 41 47 46 00 00 00 01 00 00 00 00 00 00 40 00  XAGF..........@.
[   32.130553] 00000010: 00 00 00 02 00 00 00 03 00 00 00 00 00 00 00 01  ................
[   32.130867] 00000020: 00 00 00 01 00 00 00 00 00 00 01 00 00 00 00 04  ................
[   32.131180] 00000030: 00 00 00 04 00 00 3f ca 00 00 3f c7 00 00 00 00  ......?...?.....
[   32.131493] 00000040: d4 08 de 26 55 fb 48 ab a8 ab aa ce db 20 f9 dd  ...&U.H...... ..
[   32.131806] 00000050: 00 00 00 00 00 00 00 00 00 00 00 00 00 00 00 00  ................
[   32.132120] 00000060: 00 00 00 00 00 00 00 00 00 00 00 00 00 00 00 00  ................
[   32.132433] 00000070: 00 00 00 00 00 00 00 00 00 00 00 00 00 00 00 00  ................
[   32.132834] XFS (loop0): metadata I/O error in "xfs_read_agf+0xd0/0x2c0" at daddr 0x1 len 1 error 74
[   32.135042] XFS (loop0): Quotacheck: Unsuccessful (Error -117): Disabling quotas.
[   32.135749] XFS (loop0): Metadata CRC error detected at xfs_agf_read_verify+0x10e/0x140, xfs_agf block 0x1 
[   32.136147] XFS (loop0): Unmount and run xfs_repair
[   32.136345] XFS (loop0): First 128 bytes of corrupted metadata buffer:
[   32.136606] 00000000: 58 41 47 46 00 00 00 01 00 00 00 00 00 00 40 00  XAGF..........@.
[   32.136929] 00000010: 00 00 00 02 00 00 00 03 00 00 00 00 00 00 00 01  ................
[   32.137263] 00000020: 00 00 00 01 00 00 00 00 00 00 01 00 00 00 00 04  ................
[   32.137584] 00000030: 00 00 00 04 00 00 3f ca 00 00 3f c7 00 00 00 00  ......?...?.....
[   32.137948] 00000040: d4 08 de 26 55 fb 48 ab a8 ab aa ce db 20 f9 dd  ...&U.H...... ..
[   32.138263] 00000050: 00 00 00 00 00 00 00 00 00 00 00 00 00 00 00 00  ................
[   32.138579] 00000060: 00 00 00 00 00 00 00 00 00 00 00 00 00 00 00 00  ................
[   32.138894] 00000070: 00 00 00 00 00 00 00 00 00 00 00 00 00 00 00 00  ................
[   32.139740] XFS (loop0): metadata I/O error in "xfs_read_agf+0xd0/0x2c0" at daddr 0x1 len 1 error 74
[   32.141301] XFS (loop0): Unmounting Filesystem d408de26-55fb-48ab-a8ab-aacedb20f9dd
[   32.354554] loop0: detected capacity change from 0 to 65536
[   32.354992] XFS: ikeep mount option is deprecated.
[   32.355943] XFS (loop0): Mounting V5 Filesystem d408de26-55fb-48ab-a8ab-aacedb20f9dd
[   32.359420] XFS (loop0): Ending clean mount
[   32.359808] XFS (loop0): Quotacheck needed: Please wait.
[   32.361495] XFS (loop0): Metadata CRC error detected at xfs_agf_read_verify+0x10e/0x140, xfs_agf block 0x1 
[   32.361933] XFS (loop0): Unmount and run xfs_repair
[   32.362132] XFS (loop0): First 128 bytes of corrupted metadata buffer:
[   32.362397] 00000000: 58 41 47 46 00 00 00 01 00 00 00 00 00 00 40 00  XAGF..........@.
[   32.362711] 00000010: 00 00 00 02 00 00 00 03 00 00 00 00 00 00 00 01  ................
[   32.363025] 00000020: 00 00 00 01 00 00 00 00 00 00 01 00 00 00 00 04  ................
[   32.363340] 00000030: 00 00 00 04 00 00 3f ca 00 00 3f c7 00 00 00 00  ......?...?.....
[   32.363654] 00000040: d4 08 de 26 55 fb 48 ab a8 ab aa ce db 20 f9 dd  ...&U.H...... ..
[   32.363968] 00000050: 00 00 00 00 00 00 00 00 00 00 00 00 00 00 00 00  ................
[   32.364281] 00000060: 00 00 00 00 00 00 00 00 00 00 00 00 00 00 00 00  ................
[   32.364595] 00000070: 00 00 00 00 00 00 00 00 00 00 00 00 00 00 00 00  ................
[   32.365020] XFS (loop0): metadata I/O error in "xfs_read_agf+0xd0/0x2c0" at daddr 0x1 len 1 error 74
[   32.366013] XFS (loop0): Quotacheck: Unsuccessful (Error -117): Disabling quotas.
[   32.366652] XFS (loop0): Metadata CRC error detected at xfs_agf_read_verify+0x10e/0x140, xfs_agf block 0x1 
[   32.367049] XFS (loop0): Unmount and run xfs_repair
[   32.367246] XFS (loop0): First 128 bytes of corrupted metadata buffer:
[   32.367512] 00000000: 58 41 47 46 00 00 00 01 00 00 00 00 00 00 40 00  XAGF..........@.
[   32.367826] 00000010: 00 00 00 02 00 00 00 03 00 00 00 00 00 00 00 01  ................
[   32.368139] 00000020: 00 00 00 01 00 00 00 00 00 00 01 00 00 00 00 04  ................
[   32.368453] 00000030: 00 00 00 04 00 00 3f ca 00 00 3f c7 00 00 00 00  ......?...?.....
[   32.368766] 00000040: d4 08 de 26 55 fb 48 ab a8 ab aa ce db 20 f9 dd  ...&U.H...... ..
[   32.369080] 00000050: 00 00 00 00 00 00 00 00 00 00 00 00 00 00 00 00  ................
[   32.369394] 00000060: 00 00 00 00 00 00 00 00 00 00 00 00 00 00 00 00  ................
[   32.369746] 00000070: 00 00 00 00 00 00 00 00 00 00 00 00 00 00 00 00  ................
[   32.370070] XFS (loop0): metadata I/O error in "xfs_read_agf+0xd0/0x2c0" at daddr 0x1 len 1 error 74
[   32.372315] XFS (loop0): Unmounting Filesystem d408de26-55fb-48ab-a8ab-aacedb20f9dd
[   32.601572] loop0: detected capacity change from 0 to 65536
[   32.602016] XFS: ikeep mount option is deprecated.
[   32.602905] XFS (loop0): Mounting V5 Filesystem d408de26-55fb-48ab-a8ab-aacedb20f9dd
[   32.606915] XFS (loop0): Ending clean mount
[   32.607367] XFS (loop0): Quotacheck needed: Please wait.
[   32.608208] XFS (loop0): Metadata CRC error detected at xfs_agf_read_verify+0x10e/0x140, xfs_agf block 0x1 
[   32.608684] XFS (loop0): Unmount and run xfs_repair
[   32.608883] XFS (loop0): First 128 bytes of corrupted metadata buffer:
[   32.609143] 00000000: 58 41 47 46 00 00 00 01 00 00 00 00 00 00 40 00  XAGF..........@.
[   32.609458] 00000010: 00 00 00 02 00 00 00 03 00 00 00 00 00 00 00 01  ................
[   32.609801] 00000020: 00 00 00 01 00 00 00 00 00 00 01 00 00 00 00 04  ................
[   32.610116] 00000030: 00 00 00 04 00 00 3f ca 00 00 3f c7 00 00 00 00  ......?...?.....
[   32.610439] 00000040: d4 08 de 26 55 fb 48 ab a8 ab aa ce db 20 f9 dd  ...&U.H...... ..
[   32.610795] 00000050: 00 00 00 00 00 00 00 00 00 00 00 00 00 00 00 00  ................
[   32.611110] 00000060: 00 00 00 00 00 00 00 00 00 00 00 00 00 00 00 00  ................
[   32.611425] 00000070: 00 00 00 00 00 00 00 00 00 00 00 00 00 00 00 00  ................
[   32.611781] XFS (loop0): metadata I/O error in "xfs_read_agf+0xd0/0x2c0" at daddr 0x1 len 1 error 74
[   32.613491] XFS (loop0): Quotacheck: Unsuccessful (Error -117): Disabling quotas.
[   32.614257] XFS (loop0): Metadata CRC error detected at xfs_agf_read_verify+0x10e/0x140, xfs_agf block 0x1 
[   32.614657] XFS (loop0): Unmount and run xfs_repair
[   32.614855] XFS (loop0): First 128 bytes of corrupted metadata buffer:
[   32.615115] 00000000: 58 41 47 46 00 00 00 01 00 00 00 00 00 00 40 00  XAGF..........@.
[   32.615430] 00000010: 00 00 00 02 00 00 00 03 00 00 00 00 00 00 00 01  ................
[   32.615745] 00000020: 00 00 00 01 00 00 00 00 00 00 01 00 00 00 00 04  ................
[   32.616059] 00000030: 00 00 00 04 00 00 3f ca 00 00 3f c7 00 00 00 00  ......?...?.....
[   32.616374] 00000040: d4 08 de 26 55 fb 48 ab a8 ab aa ce db 20 f9 dd  ...&U.H...... ..
[   32.616687] 00000050: 00 00 00 00 00 00 00 00 00 00 00 00 00 00 00 00  ................
[   32.617001] 00000060: 00 00 00 00 00 00 00 00 00 00 00 00 00 00 00 00  ................
[   32.617315] 00000070: 00 00 00 00 00 00 00 00 00 00 00 00 00 00 00 00  ................
[   32.618149] XFS (loop0): metadata I/O error in "xfs_read_agf+0xd0/0x2c0" at daddr 0x1 len 1 error 74
[   32.622170] XFS (loop0): Unmounting Filesystem d408de26-55fb-48ab-a8ab-aacedb20f9dd
[   32.837729] loop0: detected capacity change from 0 to 65536
[   32.838202] XFS: ikeep mount option is deprecated.
[   32.839051] XFS (loop0): Mounting V5 Filesystem d408de26-55fb-48ab-a8ab-aacedb20f9dd
[   32.842454] XFS (loop0): Ending clean mount
[   32.842836] XFS (loop0): Quotacheck needed: Please wait.
[   32.844604] XFS (loop0): Metadata CRC error detected at xfs_agf_read_verify+0x10e/0x140, xfs_agf block 0x1 
[   32.845021] XFS (loop0): Unmount and run xfs_repair
[   32.845218] XFS (loop0): First 128 bytes of corrupted metadata buffer:
[   32.845482] 00000000: 58 41 47 46 00 00 00 01 00 00 00 00 00 00 40 00  XAGF..........@.
[   32.845814] 00000010: 00 00 00 02 00 00 00 03 00 00 00 00 00 00 00 01  ................
[   32.846127] 00000020: 00 00 00 01 00 00 00 00 00 00 01 00 00 00 00 04  ................
[   32.846438] 00000030: 00 00 00 04 00 00 3f ca 00 00 3f c7 00 00 00 00  ......?...?.....
[   32.846750] 00000040: d4 08 de 26 55 fb 48 ab a8 ab aa ce db 20 f9 dd  ...&U.H...... ..
[   32.847061] 00000050: 00 00 00 00 00 00 00 00 00 00 00 00 00 00 00 00  ................
[   32.847374] 00000060: 00 00 00 00 00 00 00 00 00 00 00 00 00 00 00 00  ................
[   32.847686] 00000070: 00 00 00 00 00 00 00 00 00 00 00 00 00 00 00 00  ................
[   32.848149] XFS (loop0): metadata I/O error in "xfs_read_agf+0xd0/0x2c0" at daddr 0x1 len 1 error 74
[   32.849258] XFS (loop0): Quotacheck: Unsuccessful (Error -117): Disabling quotas.
[   32.854204] XFS (loop0): Metadata CRC error detected at xfs_agf_read_verify+0x10e/0x140, xfs_agf block 0x1 
[   32.854606] XFS (loop0): Unmount and run xfs_repair
[   32.854810] XFS (loop0): First 128 bytes of corrupted metadata buffer:
[   32.855068] 00000000: 58 41 47 46 00 00 00 01 00 00 00 00 00 00 40 00  XAGF..........@.
[   32.855380] 00000010: 00 00 00 02 00 00 00 03 00 00 00 00 00 00 00 01  ................
[   32.855691] 00000020: 00 00 00 01 00 00 00 00 00 00 01 00 00 00 00 04  ................
[   32.856002] 00000030: 00 00 00 04 00 00 3f ca 00 00 3f c7 00 00 00 00  ......?...?.....
[   32.856313] 00000040: d4 08 de 26 55 fb 48 ab a8 ab aa ce db 20 f9 dd  ...&U.H...... ..
[   32.856624] 00000050: 00 00 00 00 00 00 00 00 00 00 00 00 00 00 00 00  ................
[   32.856936] 00000060: 00 00 00 00 00 00 00 00 00 00 00 00 00 00 00 00  ................
[   32.857248] 00000070: 00 00 00 00 00 00 00 00 00 00 00 00 00 00 00 00  ................
[   32.858271] XFS (loop0): metadata I/O error in "xfs_read_agf+0xd0/0x2c0" at daddr 0x1 len 1 error 74
[   32.860368] XFS (loop0): Unmounting Filesystem d408de26-55fb-48ab-a8ab-aacedb20f9dd
[   33.069917] loop0: detected capacity change from 0 to 65536
[   33.070343] XFS: ikeep mount option is deprecated.
[   33.071263] XFS (loop0): Mounting V5 Filesystem d408de26-55fb-48ab-a8ab-aacedb20f9dd
[   33.076459] XFS (loop0): Ending clean mount
[   33.076904] XFS (loop0): Quotacheck needed: Please wait.
[   33.078531] XFS (loop0): Metadata CRC error detected at xfs_agf_read_verify+0x10e/0x140, xfs_agf block 0x1 
[   33.078952] XFS (loop0): Unmount and run xfs_repair
[   33.079151] XFS (loop0): First 128 bytes of corrupted metadata buffer:
[   33.079419] 00000000: 58 41 47 46 00 00 00 01 00 00 00 00 00 00 40 00  XAGF..........@.
[   33.079735] 00000010: 00 00 00 02 00 00 00 03 00 00 00 00 00 00 00 01  ................
[   33.080050] 00000020: 00 00 00 01 00 00 00 00 00 00 01 00 00 00 00 04  ................
[   33.080365] 00000030: 00 00 00 04 00 00 3f ca 00 00 3f c7 00 00 00 00  ......?...?.....
[   33.080681] 00000040: d4 08 de 26 55 fb 48 ab a8 ab aa ce db 20 f9 dd  ...&U.H...... ..
[   33.080997] 00000050: 00 00 00 00 00 00 00 00 00 00 00 00 00 00 00 00  ................
[   33.081312] 00000060: 00 00 00 00 00 00 00 00 00 00 00 00 00 00 00 00  ................
[   33.081643] 00000070: 00 00 00 00 00 00 00 00 00 00 00 00 00 00 00 00  ................
[   33.082082] XFS (loop0): metadata I/O error in "xfs_read_agf+0xd0/0x2c0" at daddr 0x1 len 1 error 74
[   33.083126] XFS (loop0): Quotacheck: Unsuccessful (Error -117): Disabling quotas.
[   33.083820] XFS (loop0): Metadata CRC error detected at xfs_agf_read_verify+0x10e/0x140, xfs_agf block 0x1 
[   33.084232] XFS (loop0): Unmount and run xfs_repair
[   33.084431] XFS (loop0): First 128 bytes of corrupted metadata buffer:
[   33.084692] 00000000: 58 41 47 46 00 00 00 01 00 00 00 00 00 00 40 00  XAGF..........@.
[   33.085008] 00000010: 00 00 00 02 00 00 00 03 00 00 00 00 00 00 00 01  ................
[   33.085324] 00000020: 00 00 00 01 00 00 00 00 00 00 01 00 00 00 00 04  ................
[   33.085660] 00000030: 00 00 00 04 00 00 3f ca 00 00 3f c7 00 00 00 00  ......?...?.....
[   33.085980] 00000040: d4 08 de 26 55 fb 48 ab a8 ab aa ce db 20 f9 dd  ...&U.H...... ..
[   33.086295] 00000050: 00 00 00 00 00 00 00 00 00 00 00 00 00 00 00 00  ................
[   33.086611] 00000060: 00 00 00 00 00 00 00 00 00 00 00 00 00 00 00 00  ................
[   33.086926] 00000070: 00 00 00 00 00 00 00 00 00 00 00 00 00 00 00 00  ................
[   33.087796] XFS (loop0): metadata I/O error in "xfs_read_agf+0xd0/0x2c0" at daddr 0x1 len 1 error 74
[   33.089931] XFS (loop0): Unmounting Filesystem d408de26-55fb-48ab-a8ab-aacedb20f9dd
[   33.318614] loop0: detected capacity change from 0 to 65536
[   33.319041] XFS: ikeep mount option is deprecated.
[   33.319888] XFS (loop0): Mounting V5 Filesystem d408de26-55fb-48ab-a8ab-aacedb20f9dd
[   33.323388] XFS (loop0): Ending clean mount
[   33.323769] XFS (loop0): Quotacheck needed: Please wait.
[   33.325368] XFS (loop0): Metadata CRC error detected at xfs_agf_read_verify+0x10e/0x140, xfs_agf block 0x1 
[   33.325822] XFS (loop0): Unmount and run xfs_repair
[   33.326024] XFS (loop0): First 128 bytes of corrupted metadata buffer:
[   33.326294] 00000000: 58 41 47 46 00 00 00 01 00 00 00 00 00 00 40 00  XAGF..........@.
