c[?7l[2J[0mSeaBIOS (version rel-1.16.0-0-gd239552ce722-prebuilt.qemu.org)


iPXE (http://ipxe.org) 00:03.0 CA00 PCI2.10 PnP PMM+7FF91000+7FEF1000 CA00
Press Ctrl-B to configure iPXE (PCI 00:03.0)...                                                                               


Booting from ROM..c[?7l[2J[    0.000000] Linux version 6.0.0-rc3-9837ec955b46+ (root@p-adls01) (gcc (GCC) 8.5.0 20210514 (Red Hat 8.5.0-18), GNU ld version 2.36.1-2.el8) #1 SMP PREEMPT_DYNAMIC Wed Mar 8 14:48:31 CST 2023
[    0.000000] Command line: console=ttyS0 root=/dev/sda earlyprintk=serial net.ifnames=0
[    0.000000] KERNEL supported cpus:
[    0.000000]   Intel GenuineIntel
[    0.000000]   AMD AuthenticAMD
[    0.000000]   Hygon HygonGenuine
[    0.000000]   Centaur CentaurHauls
[    0.000000]   zhaoxin   Shanghai  
[    0.000000] x86/fpu: Supporting XSAVE feature 0x001: 'x87 floating point registers'
[    0.000000] x86/fpu: Supporting XSAVE feature 0x002: 'SSE registers'
[    0.000000] x86/fpu: Supporting XSAVE feature 0x004: 'AVX registers'
[    0.000000] x86/fpu: Supporting XSAVE feature 0x200: 'Protection Keys User registers'
[    0.000000] x86/fpu: xstate_offset[2]:  576, xstate_sizes[2]:  256
[    0.000000] x86/fpu: xstate_offset[9]:  832, xstate_sizes[9]:    8
[    0.000000] x86/fpu: Enabled xstate features 0x207, context size is 840 bytes, using 'compacted' format.
[    0.000000] signal: max sigframe size: 3632
[    0.000000] BIOS-provided physical RAM map:
[    0.000000] BIOS-e820: [mem 0x0000000000000000-0x000000000009fbff] usable
[    0.000000] BIOS-e820: [mem 0x000000000009fc00-0x000000000009ffff] reserved
[    0.000000] BIOS-e820: [mem 0x00000000000f0000-0x00000000000fffff] reserved
[    0.000000] BIOS-e820: [mem 0x0000000000100000-0x000000007ffdffff] usable
[    0.000000] BIOS-e820: [mem 0x000000007ffe0000-0x000000007fffffff] reserved
[    0.000000] BIOS-e820: [mem 0x00000000feffc000-0x00000000feffffff] reserved
[    0.000000] BIOS-e820: [mem 0x00000000fffc0000-0x00000000ffffffff] reserved
[    0.000000] printk: bootconsole [earlyser0] enabled
[    0.000000] NX (Execute Disable) protection: active
[    0.000000] SMBIOS 2.8 present.
[    0.000000] DMI: QEMU Standard PC (i440FX + PIIX, 1996), BIOS rel-1.16.0-0-gd239552ce722-prebuilt.qemu.org 04/01/2014
[    0.000000] Hypervisor detected: KVM
[    0.000000] kvm-clock: Using msrs 4b564d01 and 4b564d00
[    0.000003] kvm-clock: using sched offset of 349621978 cycles
[    0.000315] clocksource: kvm-clock: mask: 0xffffffffffffffff max_cycles: 0x1cd42e4dffb, max_idle_ns: 881590591483 ns
[    0.001285] tsc: Detected 3609.600 MHz processor
[    0.007670] last_pfn = 0x7ffe0 max_arch_pfn = 0x400000000
[    0.008072] x86/PAT: Configuration [0-7]: WB  WC  UC- UC  WB  WP  UC- WT  
[    0.015267] found SMP MP-table at [mem 0x000f5ba0-0x000f5baf]
[    0.015714] Using GB pages for direct mapping
[    0.017065] ACPI: Early table checksum verification disabled
[    0.017433] ACPI: RSDP 0x00000000000F59C0 000014 (v00 BOCHS )
[    0.017798] ACPI: RSDT 0x000000007FFE1951 000034 (v01 BOCHS  BXPC     00000001 BXPC 00000001)
[    0.018361] ACPI: FACP 0x000000007FFE17FD 000074 (v01 BOCHS  BXPC     00000001 BXPC 00000001)
[    0.018898] ACPI: DSDT 0x000000007FFE0040 0017BD (v01 BOCHS  BXPC     00000001 BXPC 00000001)
[    0.019427] ACPI: FACS 0x000000007FFE0000 000040
[    0.019720] ACPI: APIC 0x000000007FFE1871 000080 (v01 BOCHS  BXPC     00000001 BXPC 00000001)
[    0.020248] ACPI: HPET 0x000000007FFE18F1 000038 (v01 BOCHS  BXPC     00000001 BXPC 00000001)
[    0.020784] ACPI: WAET 0x000000007FFE1929 000028 (v01 BOCHS  BXPC     00000001 BXPC 00000001)
[    0.021308] ACPI: Reserving FACP table memory at [mem 0x7ffe17fd-0x7ffe1870]
[    0.021734] ACPI: Reserving DSDT table memory at [mem 0x7ffe0040-0x7ffe17fc]
[    0.022158] ACPI: Reserving FACS table memory at [mem 0x7ffe0000-0x7ffe003f]
[    0.022582] ACPI: Reserving APIC table memory at [mem 0x7ffe1871-0x7ffe18f0]
[    0.023007] ACPI: Reserving HPET table memory at [mem 0x7ffe18f1-0x7ffe1928]
[    0.023431] ACPI: Reserving WAET table memory at [mem 0x7ffe1929-0x7ffe1950]
[    0.024408] No NUMA configuration found
[    0.024638] Faking a node at [mem 0x0000000000000000-0x000000007ffdffff]
[    0.025084] NODE_DATA(0) allocated [mem 0x7ffb5000-0x7ffdffff]
[    0.028789] Zone ranges:
[    0.028978]   DMA      [mem 0x0000000000001000-0x0000000000ffffff]
[    0.029361]   DMA32    [mem 0x0000000001000000-0x000000007ffdffff]
[    0.029742]   Normal   empty
[    0.029919]   Device   empty
[    0.030098] Movable zone start for each node
[    0.030357] Early memory node ranges
[    0.030579]   node   0: [mem 0x0000000000001000-0x000000000009efff]
[    0.030959]   node   0: [mem 0x0000000000100000-0x000000007ffdffff]
[    0.031341] Initmem setup node 0 [mem 0x0000000000001000-0x000000007ffdffff]
[    0.032097] On node 0, zone DMA: 1 pages in unavailable ranges
[    0.032205] On node 0, zone DMA: 97 pages in unavailable ranges
[    0.055712] On node 0, zone DMA32: 32 pages in unavailable ranges
[    0.056300] ACPI: PM-Timer IO Port: 0x608
[    0.056935] ACPI: LAPIC_NMI (acpi_id[0xff] dfl dfl lint[0x1])
[    0.057332] IOAPIC[0]: apic_id 0, version 17, address 0xfec00000, GSI 0-23
[    0.057771] ACPI: INT_SRC_OVR (bus 0 bus_irq 0 global_irq 2 dfl dfl)
[    0.058158] ACPI: INT_SRC_OVR (bus 0 bus_irq 5 global_irq 5 high level)
[    0.058562] ACPI: INT_SRC_OVR (bus 0 bus_irq 9 global_irq 9 high level)
[    0.058966] ACPI: INT_SRC_OVR (bus 0 bus_irq 10 global_irq 10 high level)
[    0.059379] ACPI: INT_SRC_OVR (bus 0 bus_irq 11 global_irq 11 high level)
[    0.059805] ACPI: Using ACPI (MADT) for SMP configuration information
[    0.060198] ACPI: HPET id: 0x8086a201 base: 0xfed00000
[    0.060526] TSC deadline timer available
[    0.060767] smpboot: Allowing 2 CPUs, 0 hotplug CPUs
[    0.061122] kvm-guest: KVM setup pv remote TLB flush
[    0.061424] kvm-guest: setup PV sched yield
[    0.061733] PM: hibernation: Registered nosave memory: [mem 0x00000000-0x00000fff]
[    0.062195] PM: hibernation: Registered nosave memory: [mem 0x0009f000-0x0009ffff]
[    0.062649] PM: hibernation: Registered nosave memory: [mem 0x000a0000-0x000effff]
[    0.063104] PM: hibernation: Registered nosave memory: [mem 0x000f0000-0x000fffff]
[    0.063565] [mem 0x80000000-0xfeffbfff] available for PCI devices
[    0.063939] Booting paravirtualized kernel on KVM
[    0.064241] clocksource: refined-jiffies: mask: 0xffffffff max_cycles: 0xffffffff, max_idle_ns: 7645519600211568 ns
[    0.064890] setup_percpu: NR_CPUS:8192 nr_cpumask_bits:2 nr_cpu_ids:2 nr_node_ids:1
[    0.066573] percpu: Embedded 64 pages/cpu s225280 r8192 d28672 u1048576
[    0.067200] kvm-guest: PV spinlocks enabled
[    0.067470] PV qspinlock hash table entries: 256 (order: 0, 4096 bytes, linear)
[    0.067949] Fallback order for Node 0: 0 
[    0.068213] Built 1 zonelists, mobility grouping on.  Total pages: 515808
[    0.068631] Policy zone: DMA32
[    0.068823] Kernel command line: net.ifnames=0 console=ttyS0 root=/dev/sda earlyprintk=serial net.ifnames=0
[    0.070909] Dentry cache hash table entries: 262144 (order: 9, 2097152 bytes, linear)
[    0.071838] Inode-cache hash table entries: 131072 (order: 8, 1048576 bytes, linear)
[    0.072413] mem auto-init: stack:off, heap alloc:off, heap free:off
[    0.075981] Memory: 1985384K/2096632K available (32784K kernel code, 4532K rwdata, 8132K rodata, 3648K init, 22312K bss, 110992K reserved, 0K cma-reserved)
[    0.077783] SLUB: HWalign=64, Order=0-3, MinObjects=0, CPUs=2, Nodes=1
[    0.078173] kmemleak: Kernel memory leak detector disabled
[    0.078531] ftrace: allocating 66813 entries in 261 pages
[    0.099820] ftrace: allocated 261 pages with 3 groups
[    0.102803] Dynamic Preempt: voluntary
[    0.103242] Running RCU self tests
[    0.103455] rcu: Preemptible hierarchical RCU implementation.
[    0.103796] rcu: 	RCU lockdep checking is enabled.
[    0.104085] rcu: 	RCU restricting CPUs from NR_CPUS=8192 to nr_cpu_ids=2.
[    0.104488] 	Trampoline variant of Tasks RCU enabled.
[    0.104788] 	Rude variant of Tasks RCU enabled.
[    0.105057] 	Tracing variant of Tasks RCU enabled.
[    0.105342] rcu: RCU calculated value of scheduler-enlistment delay is 25 jiffies.
[    0.105798] rcu: Adjusting geometry for rcu_fanout_leaf=16, nr_cpu_ids=2
[    0.129248] NR_IRQS: 524544, nr_irqs: 440, preallocated irqs: 16
[    0.129898] rcu: srcu_init: Setting srcu_struct sizes based on contention.
[    0.135765] Console: colour VGA+ 80x25
[    0.136040] printk: console [ttyS0] enabled
[    0.136040] printk: console [ttyS0] enabled
[    0.136543] printk: bootconsole [earlyser0] disabled
[    0.136543] printk: bootconsole [earlyser0] disabled
[    0.137121] Lock dependency validator: Copyright (c) 2006 Red Hat, Inc., Ingo Molnar
[    0.137575] ... MAX_LOCKDEP_SUBCLASSES:  8
[    0.137830] ... MAX_LOCK_DEPTH:          48
[    0.138081] ... MAX_LOCKDEP_KEYS:        8192
[    0.138341] ... CLASSHASH_SIZE:          4096
[    0.138601] ... MAX_LOCKDEP_ENTRIES:     32768
[    0.138866] ... MAX_LOCKDEP_CHAINS:      65536
[    0.139132] ... CHAINHASH_SIZE:          32768
[    0.139397]  memory used by lock dependency info: 6365 kB
[    0.139720]  memory used for stack traces: 4224 kB
[    0.140013]  per task-struct memory footprint: 1920 bytes
[    0.140386] ACPI: Core revision 20220331
[    0.140829] clocksource: hpet: mask: 0xffffffff max_cycles: 0xffffffff, max_idle_ns: 19112604467 ns
[    0.141490] APIC: Switch to symmetric I/O mode setup
[    0.141934] x2apic enabled
[    0.142235] Switched APIC routing to physical x2apic.
[    0.142543] kvm-guest: setup PV IPIs
[    0.143461] ..TIMER: vector=0x30 apic1=0 pin1=2 apic2=-1 pin2=-1
[    0.143842] clocksource: tsc-early: mask: 0xffffffffffffffff max_cycles: 0x3407c077a8d, max_idle_ns: 440795342283 ns
[    0.144482] Calibrating delay loop (skipped) preset value.. 7219.20 BogoMIPS (lpj=14438400)
[    0.144976] pid_max: default: 32768 minimum: 301
[    0.145389] LSM: Security Framework initializing
[    0.148477] Yama: becoming mindful.
[    0.148891] Mount-cache hash table entries: 4096 (order: 3, 32768 bytes, linear)
[    0.149348] Mountpoint-cache hash table entries: 4096 (order: 3, 32768 bytes, linear)
[    0.152500] x86/cpu: User Mode Instruction Prevention (UMIP) activated
[    0.153206] Last level iTLB entries: 4KB 0, 2MB 0, 4MB 0
[    0.153560] Last level dTLB entries: 4KB 0, 2MB 0, 4MB 0, 1GB 0
[    0.153949] Spectre V1 : Mitigation: usercopy/swapgs barriers and __user pointer sanitization
[    0.154474] Spectre V2 : WARNING: Unprivileged eBPF is enabled with eIBRS on, data leaks possible via Spectre v2 BHB attacks!
[    0.155148] Spectre V2 : Mitigation: Enhanced IBRS
[    0.155427] Spectre V2 : Spectre v2 / SpectreRSB mitigation: Filling RSB on context switch
[    0.155899] Spectre V2 : Spectre v2 / PBRSB-eIBRS: Retire a single CALL on VMEXIT
[    0.156479] Spectre V2 : mitigation: Enabling conditional Indirect Branch Prediction Barrier
[    0.156962] Speculative Store Bypass: Mitigation: Speculative Store Bypass disabled via prctl
[    0.252075] Freeing SMP alternatives memory: 56K
[    0.252708] smpboot: CPU0: 12th Gen Intel(R) Core(TM) i7-12700K (family: 0x6, model: 0x97, stepping: 0x2)
[    0.253735] cblist_init_generic: Setting adjustable number of callback queues.
[    0.254166] cblist_init_generic: Setting shift to 1 and lim to 1.
[    0.254565] cblist_init_generic: Setting shift to 1 and lim to 1.
[    0.254968] cblist_init_generic: Setting shift to 1 and lim to 1.
[    0.255364] Running RCU-tasks wait API self tests
[    0.356560] Performance Events: Alderlake Hybrid events, full-width counters, Intel PMU driver.
[    0.357483] core: cpu_core PMU driver: 
[    0.357719] ... version:                2
[    0.357963] ... bit width:              48
[    0.358200] ... generic registers:      6
[    0.358433] ... value mask:             0000ffffffffffff
[    0.358738] ... max period:             00007fffffffffff
[    0.359053] ... fixed-purpose events:   3
[    0.359287] ... event mask:             0001000f0000003f
[    0.359760] rcu: Hierarchical SRCU implementation.
[    0.360048] rcu: 	Max phase no-delay instances is 1000.
[    0.362551] unchecked MSR access error: WRMSR to 0x38f (tried to write 0x0001000f0000003f) at rIP: 0xffffffff810cc4ec (native_write_msr+0xc/0x30)
[    0.363318] Call Trace:
[    0.363465]  <TASK>
[    0.363594]  __intel_pmu_enable_all.constprop.45+0x68/0xf0
[    0.363919]  intel_pmu_enable_all+0x1e/0x30
[    0.364165]  x86_pmu_enable+0x46d/0x5a0
[    0.364389]  ? write_comp_data+0x2f/0x90
[    0.364467]  perf_pmu_enable+0x53/0x70
[    0.364467]  ctx_resched+0xab/0xf0
[    0.364467]  __perf_install_in_context+0x347/0x4b0
[    0.364467]  ? perf_duration_warn+0x50/0x50
[    0.364467]  ? perf_duration_warn+0x50/0x50
[    0.364467]  remote_function+0x80/0xa0
[    0.364467]  ? perf_duration_warn+0x50/0x50
[    0.364467]  generic_exec_single+0x124/0x190
[    0.364467]  smp_call_function_single+0x11c/0x240
[    0.364467]  ? perf_duration_warn+0x50/0x50
[    0.364467]  ? __sanitizer_cov_trace_pc+0x25/0x60
[    0.364467]  ? write_comp_data+0x2f/0x90
[    0.364467]  perf_install_in_context+0x2e8/0x310
[    0.364467]  ? ctx_resched+0xf0/0xf0
[    0.364467]  perf_event_create_kernel_counter+0x16a/0x200
[    0.364467]  ? find_next_bit+0x40/0x40
[    0.364467]  hardlockup_detector_event_create+0x46/0xd0
[    0.364467]  hardlockup_detector_perf_init+0x18/0x66
[    0.364467]  watchdog_nmi_probe+0x17/0x1d
[    0.364467]  lockup_detector_init+0x40/0xaf
[    0.364467]  kernel_init_freeable+0x264/0x411
[    0.364467]  ? rest_init+0x240/0x240
[    0.364467]  kernel_init+0x24/0x1e0
[    0.364467]  ? rest_init+0x240/0x240
[    0.364467]  ret_from_fork+0x1f/0x30
[    0.364467]  </TASK>
[    0.364498] Callback from call_rcu_tasks_trace() invoked.
[    0.364991] smp: Bringing up secondary CPUs ...
[    0.366093] x86: Booting SMP configuration:
[    0.366356] .... node  #0, CPUs:      #1
[    0.366762] smp: Brought up 1 node, 2 CPUs
[    0.366762] smpboot: Max logical packages: 1
[    0.366762] smpboot: Total of 2 processors activated (14438.40 BogoMIPS)
[    0.370456] devtmpfs: initialized
[    0.370456] x86/mm: Memory block size: 128MB
[    0.373279] clocksource: jiffies: mask: 0xffffffff max_cycles: 0xffffffff, max_idle_ns: 7645041785100000 ns
[    0.373389] futex hash table entries: 512 (order: 4, 65536 bytes, linear)
[    0.373994] pinctrl core: initialized pinctrl subsystem
[    0.374778] 
[    0.374875] *************************************************************
[    0.375263] **     NOTICE NOTICE NOTICE NOTICE NOTICE NOTICE NOTICE    **
[    0.376482] **                                                         **
[    0.376868] **  IOMMU DebugFS SUPPORT HAS BEEN ENABLED IN THIS KERNEL  **
[    0.377255] **                                                         **
[    0.377642] ** This means that this kernel is built to expose internal **
[    0.378032] ** IOMMU data structures, which may compromise security on **
[    0.378426] ** your system.                                            **
[    0.378816] **                                                         **
[    0.379203] ** If you see this message and you are not debugging the   **
[    0.379589] ** kernel, report this immediately to your vendor!         **
[    0.379975] **                                                         **
[    0.380360] **     NOTICE NOTICE NOTICE NOTICE NOTICE NOTICE NOTICE    **
[    0.380473] *************************************************************
[    0.380902] PM: RTC time: 18:30:55, date: 2023-03-10
[    0.384098] NET: Registered PF_NETLINK/PF_ROUTE protocol family
[    0.384993] DMA: preallocated 256 KiB GFP_KERNEL pool for atomic allocations
[    0.385414] DMA: preallocated 256 KiB GFP_KERNEL|GFP_DMA pool for atomic allocations
[    0.385866] DMA: preallocated 256 KiB GFP_KERNEL|GFP_DMA32 pool for atomic allocations
[    0.386373] audit: initializing netlink subsys (disabled)
[    0.386792] audit: type=2000 audit(1678473056.115:1): state=initialized audit_enabled=0 res=1
[    0.386792] thermal_sys: Registered thermal governor 'fair_share'
[    0.386792] thermal_sys: Registered thermal governor 'bang_bang'
[    0.386792] thermal_sys: Registered thermal governor 'step_wise'
[    0.388474] thermal_sys: Registered thermal governor 'user_space'
[    0.388859] cpuidle: using governor ladder
[    0.389458] cpuidle: using governor menu
[    0.389927] acpiphp: ACPI Hot Plug PCI Controller Driver version: 0.5
[    0.390607] PCI: Using configuration type 1 for base access
[    0.403995] kprobes: kprobe jump-optimization is enabled. All kprobes are optimized if possible.
[    0.505728] HugeTLB: registered 1.00 GiB page size, pre-allocated 0 pages
[    0.506156] HugeTLB: 16380 KiB vmemmap can be freed for a 1.00 GiB page
[    0.506545] HugeTLB: registered 2.00 MiB page size, pre-allocated 0 pages
[    0.506941] HugeTLB: 28 KiB vmemmap can be freed for a 2.00 MiB page
[    0.509627] ACPI: Added _OSI(Module Device)
[    0.509903] ACPI: Added _OSI(Processor Device)
[    0.510186] ACPI: Added _OSI(3.0 _SCP Extensions)
[    0.510469] ACPI: Added _OSI(Processor Aggregator Device)
[    0.510795] ACPI: Added _OSI(Linux-Dell-Video)
[    0.511065] ACPI: Added _OSI(Linux-Lenovo-NV-HDMI-Audio)
[    0.511385] ACPI: Added _OSI(Linux-HPI-Hybrid-Graphics)
[    0.516600] ACPI: 1 ACPI AML tables successfully acquired and loaded
[    0.519791] ACPI: Interpreter enabled
[    0.520097] ACPI: PM: (supports S0 S3 S4 S5)
[    0.520354] ACPI: Using IOAPIC for interrupt routing
[    0.520508] PCI: Using host bridge windows from ACPI; if necessary, use "pci=nocrs" and report a bug
[    0.521040] PCI: Using E820 reservations for host bridge windows
[    0.521971] ACPI: Enabled 2 GPEs in block 00 to 0F
[    0.536699] ACPI: PCI Root Bridge [PCI0] (domain 0000 [bus 00-ff])
[    0.537126] acpi PNP0A03:00: _OSC: OS supports [ASPM ClockPM Segments MSI EDR HPX-Type3]
[    0.537631] acpi PNP0A03:00: _OSC: not requesting OS control; OS requires [ExtendedConfig ASPM ClockPM MSI]
[    0.538288] acpi PNP0A03:00: fail to add MMCONFIG information, can't access extended PCI configuration space under this bridge.
[    0.541084] acpiphp: Slot [3] registered
[    0.541384] acpiphp: Slot [4] registered
[    0.541707] acpiphp: Slot [5] registered
[    0.542038] acpiphp: Slot [6] registered
[    0.542344] acpiphp: Slot [7] registered
[    0.542635] acpiphp: Slot [8] registered
[    0.542924] acpiphp: Slot [9] registered
[    0.543213] acpiphp: Slot [10] registered
[    0.543507] acpiphp: Slot [11] registered
[    0.543814] acpiphp: Slot [12] registered
[    0.544115] acpiphp: Slot [13] registered
[    0.544415] acpiphp: Slot [14] registered
[    0.544530] acpiphp: Slot [15] registered
[    0.544841] acpiphp: Slot [16] registered
[    0.545153] acpiphp: Slot [17] registered
[    0.545452] acpiphp: Slot [18] registered
[    0.545753] acpiphp: Slot [19] registered
[    0.546054] acpiphp: Slot [20] registered
[    0.546363] acpiphp: Slot [21] registered
[    0.546680] acpiphp: Slot [22] registered
[    0.546980] acpiphp: Slot [23] registered
[    0.547280] acpiphp: Slot [24] registered
[    0.547590] acpiphp: Slot [25] registered
[    0.547899] acpiphp: Slot [26] registered
[    0.548199] acpiphp: Slot [27] registered
[    0.548507] acpiphp: Slot [28] registered
[    0.548814] acpiphp: Slot [29] registered
[    0.549127] acpiphp: Slot [30] registered
[    0.549443] acpiphp: Slot [31] registered
[    0.549706] PCI host bridge to bus 0000:00
[    0.549967] pci_bus 0000:00: root bus resource [io  0x0000-0x0cf7 window]
[    0.550383] pci_bus 0000:00: root bus resource [io  0x0d00-0xffff window]
[    0.550802] pci_bus 0000:00: root bus resource [mem 0x000a0000-0x000bffff window]
[    0.551256] pci_bus 0000:00: root bus resource [mem 0x80000000-0xfebfffff window]
[    0.551697] pci_bus 0000:00: root bus resource [mem 0x100000000-0x17fffffff window]
[    0.552163] pci_bus 0000:00: root bus resource [bus 00-ff]
[    0.552564] pci 0000:00:00.0: [8086:1237] type 00 class 0x060000
[    0.555540] pci 0000:00:01.0: [8086:7000] type 00 class 0x060100
[    0.556487] pci 0000:00:01.1: [8086:7010] type 00 class 0x010180
[    0.557906] pci 0000:00:01.1: reg 0x20: [io  0xc040-0xc04f]
[    0.558713] pci 0000:00:01.1: legacy IDE quirk: reg 0x10: [io  0x01f0-0x01f7]
[    0.559139] pci 0000:00:01.1: legacy IDE quirk: reg 0x14: [io  0x03f6]
[    0.559524] pci 0000:00:01.1: legacy IDE quirk: reg 0x18: [io  0x0170-0x0177]
[    0.559945] pci 0000:00:01.1: legacy IDE quirk: reg 0x1c: [io  0x0376]
[    0.560583] pci 0000:00:01.3: [8086:7113] type 00 class 0x068000
[    0.561195] pci 0000:00:01.3: quirk: [io  0x0600-0x063f] claimed by PIIX4 ACPI
[    0.561638] pci 0000:00:01.3: quirk: [io  0x0700-0x070f] claimed by PIIX4 SMB
[    0.562303] pci 0000:00:02.0: [1234:1111] type 00 class 0x030000
[    0.564687] pci 0000:00:02.0: reg 0x10: [mem 0xfd000000-0xfdffffff pref]
[    0.566492] pci 0000:00:02.0: reg 0x18: [mem 0xfebf0000-0xfebf0fff]
[    0.569343] pci 0000:00:02.0: reg 0x30: [mem 0xfebe0000-0xfebeffff pref]
[    0.569941] pci 0000:00:02.0: Video device with shadowed ROM at [mem 0x000c0000-0x000dffff]
[    0.572977] pci 0000:00:03.0: [8086:100e] type 00 class 0x020000
[    0.573709] pci 0000:00:03.0: reg 0x10: [mem 0xfebc0000-0xfebdffff]
[    0.574360] pci 0000:00:03.0: reg 0x14: [io  0xc000-0xc03f]
[    0.576474] pci 0000:00:03.0: reg 0x30: [mem 0xfeb80000-0xfebbffff pref]
[    0.585087] ACPI: PCI: Interrupt link LNKA configured for IRQ 10
[    0.585769] ACPI: PCI: Interrupt link LNKB configured for IRQ 10
[    0.586420] ACPI: PCI: Interrupt link LNKC configured for IRQ 11
[    0.587069] ACPI: PCI: Interrupt link LNKD configured for IRQ 11
[    0.587573] ACPI: PCI: Interrupt link LNKS configured for IRQ 9
[    0.589084] iommu: Default domain type: Translated 
[    0.589416] iommu: DMA domain TLB invalidation policy: lazy mode 
[    0.590787] SCSI subsystem initialized
[    0.591267] ACPI: bus type USB registered
[    0.591589] usbcore: registered new interface driver usbfs
[    0.591970] usbcore: registered new interface driver hub
[    0.592326] usbcore: registered new device driver usb
[    0.592579] pps_core: LinuxPPS API ver. 1 registered
[    0.592886] pps_core: Software ver. 5.3.6 - Copyright 2005-2007 Rodolfo Giometti <giometti@linux.it>
[    0.593459] PTP clock support registered
[    0.593851] EDAC MC: Ver: 3.0.0
[    0.595314] NetLabel: Initializing
[    0.595540] NetLabel:  domain hash size = 128
[    0.595816] NetLabel:  protocols = UNLABELED CIPSOv4 CALIPSO
[    0.596215] NetLabel:  unlabeled traffic allowed by default
[    0.596788] PCI: Using ACPI for IRQ routing
[    0.597234] pci 0000:00:02.0: vgaarb: setting as boot VGA device
[    0.597615] pci 0000:00:02.0: vgaarb: bridge control possible
[    0.597975] pci 0000:00:02.0: vgaarb: VGA device added: decodes=io+mem,owns=io+mem,locks=none
[    0.598504] vgaarb: loaded
[    0.599027] hpet0: at MMIO 0xfed00000, IRQs 2, 8, 0
[    0.599352] hpet0: 3 comparators, 64-bit 100.000000 MHz counter
[    2.811222] clocksource: Switched to clocksource kvm-clock
[    2.811676] Callback from call_rcu_tasks_rude() invoked.
[    2.812179] VFS: Disk quotas dquot_6.6.0
[    2.812179] VFS: Dquot-cache hash table entries: 512 (order 0, 4096 bytes)
[    2.812179] pnp: PnP ACPI init
[    2.813412] pnp: PnP ACPI: found 6 devices
[    2.823565] clocksource: acpi_pm: mask: 0xffffff max_cycles: 0xffffff, max_idle_ns: 2085701024 ns
[    2.824454] NET: Registered PF_INET protocol family
[    2.824955] IP idents hash table entries: 32768 (order: 6, 262144 bytes, linear)
[    2.826276] tcp_listen_portaddr_hash hash table entries: 1024 (order: 4, 73728 bytes, linear)
[    2.826851] Table-perturb hash table entries: 65536 (order: 6, 262144 bytes, linear)
[    2.827336] TCP established hash table entries: 16384 (order: 5, 131072 bytes, linear)
[    2.828007] TCP bind hash table entries: 16384 (order: 9, 2359296 bytes, linear)
[    2.830118] TCP: Hash tables configured (established 16384 bind 16384)
[    2.830669] UDP hash table entries: 1024 (order: 5, 163840 bytes, linear)
[    2.831377] UDP-Lite hash table entries: 1024 (order: 5, 163840 bytes, linear)
[    2.832020] NET: Registered PF_UNIX/PF_LOCAL protocol family
[    2.852778] RPC: Registered named UNIX socket transport module.
[    2.853175] RPC: Registered udp transport module.
[    2.853470] RPC: Registered tcp transport module.
[    2.853765] RPC: Registered tcp NFSv4.1 backchannel transport module.
[    2.854187] pci_bus 0000:00: resource 4 [io  0x0000-0x0cf7 window]
[    2.854581] pci_bus 0000:00: resource 5 [io  0x0d00-0xffff window]
[    2.854982] pci_bus 0000:00: resource 6 [mem 0x000a0000-0x000bffff window]
[    2.855415] pci_bus 0000:00: resource 7 [mem 0x80000000-0xfebfffff window]
[    2.855848] pci_bus 0000:00: resource 8 [mem 0x100000000-0x17fffffff window]
[    2.856498] pci 0000:00:01.0: PIIX3: Enabling Passive Release
[    2.856863] pci 0000:00:00.0: Limiting direct PCI/PCI transfers
[    2.857310] PCI: CLS 0 bytes, default 64
[    2.857595] ACPI: bus type thunderbolt registered
[    2.858155] clocksource: tsc: mask: 0xffffffffffffffff max_cycles: 0x3407c077a8d, max_idle_ns: 440795342283 ns
[    2.916548] Callback from call_rcu_tasks() invoked.
[    2.953359] Initialise system trusted keyrings
[    2.954076] Key type blacklist registered
[    2.954566] workingset: timestamp_bits=36 max_order=19 bucket_order=0
[    2.963284] zbud: loaded
[    2.965174] squashfs: version 4.0 (2009/01/31) Phillip Lougher
[    2.966647] NFS: Registering the id_resolver key type
[    2.966972] Key type id_resolver registered
[    2.967232] Key type id_legacy registered
[    2.967567] nfs4filelayout_init: NFSv4 File Layout Driver Registering...
[    2.967992] nfs4flexfilelayout_init: NFSv4 Flexfile Layout Driver Registering...
[    2.968555] fuse: init (API version 7.36)
[    2.969051] SGI XFS with ACLs, security attributes, realtime, quota, no debug enabled
[    2.970983] 9p: Installing v9fs 9p2000 file system support
[    2.977148] Key type asymmetric registered
[    2.977445] Asymmetric key parser 'x509' registered
[    2.978769] alg: self-tests for CTR-KDF (hmac(sha256)) passed
[    2.979190] Block layer SCSI generic (bsg) driver version 0.4 loaded (major 243)
[    2.979751] io scheduler mq-deadline registered
[    2.980058] io scheduler bfq registered
[    2.981503] shpchp: Standard Hot Plug PCI Controller Driver version: 0.4
[    2.982285] IPMI message handler: version 39.2
[    2.982613] ipmi device interface
[    2.984121] input: Power Button as /devices/LNXSYSTM:00/LNXPWRBN:00/input/input0
[    2.984848] ACPI: button: Power Button [PWRF]
[    2.985872] ERST DBG: ERST support is disabled.
[    2.986663] Serial: 8250/16550 driver, 32 ports, IRQ sharing enabled
[    2.987439] 00:04: ttyS0 at I/O 0x3f8 (irq = 4, base_baud = 115200) is a 16550A
[    2.994802] Linux agpgart interface v0.103
[    2.995521] ACPI: bus type drm_connector registered
[    3.005747] brd: module loaded
[    3.012051] loop: module loaded
[    3.015498] scsi host0: ata_piix
[    3.016174] scsi host1: ata_piix
[    3.016532] ata1: PATA max MWDMA2 cmd 0x1f0 ctl 0x3f6 bmdma 0xc040 irq 14
[    3.016948] ata2: PATA max MWDMA2 cmd 0x170 ctl 0x376 bmdma 0xc048 irq 15
[    3.018639] tun: Universal TUN/TAP device driver, 1.6
[    3.019103] e100: Intel(R) PRO/100 Network Driver
[    3.019393] e100: Copyright(c) 1999-2006 Intel Corporation
[    3.019772] e1000: Intel(R) PRO/1000 Network Driver
[    3.020064] e1000: Copyright (c) 1999-2006 Intel Corporation.
[    3.158640] ACPI: \_SB_.LNKC: Enabled at IRQ 11
[    3.176636] ata1: found unknown device (class 0)
[    3.177224] ata2: found unknown device (class 0)
[    3.178313] ata1.00: ATA-7: QEMU HARDDISK, 2.5+, max UDMA/100
[    3.178677] ata1.00: 16777216 sectors, multi 16: LBA48 
[    3.179118] ata2.00: ATAPI: QEMU DVD-ROM, 2.5+, max UDMA/100
[    3.180397] scsi 0:0:0:0: Direct-Access     ATA      QEMU HARDDISK    2.5+ PQ: 0 ANSI: 5
[    3.182080] sd 0:0:0:0: Attached scsi generic sg0 type 0
[    3.182198] sd 0:0:0:0: [sda] 16777216 512-byte logical blocks: (8.59 GB/8.00 GiB)
[    3.182980] scsi 1:0:0:0: CD-ROM            QEMU     QEMU DVD-ROM     2.5+ PQ: 0 ANSI: 5
[    3.182987] sd 0:0:0:0: [sda] Write Protect is off
[    3.183953] sd 0:0:0:0: [sda] Write cache: enabled, read cache: enabled, doesn't support DPO or FUA
[    3.184716] sd 0:0:0:0: [sda] Preferred minimum I/O size 512 bytes
[    3.209576] sd 0:0:0:0: [sda] Attached SCSI disk
[    3.217455] scsi 1:0:0:0: Attached scsi generic sg1 type 5
[    3.474913] e1000 0000:00:03.0 eth0: (PCI:33MHz:32-bit) 52:54:00:12:34:56
[    3.475352] e1000 0000:00:03.0 eth0: Intel(R) PRO/1000 Network Connection
[    3.475837] e1000e: Intel(R) PRO/1000 Network Driver
[    3.476129] e1000e: Copyright(c) 1999 - 2015 Intel Corporation.
[    3.476543] igb: Intel(R) Gigabit Ethernet Network Driver
[    3.476859] igb: Copyright (c) 2007-2014 Intel Corporation.
[    3.477266] PPP generic driver version 2.4.2
[    3.478022] VFIO - User Level meta-driver version: 0.3
[    3.478368] ehci_hcd: USB 2.0 'Enhanced' Host Controller (EHCI) Driver
[    3.478760] ehci-pci: EHCI PCI platform driver
[    3.479066] ehci-platform: EHCI generic platform driver
[    3.479387] ohci_hcd: USB 1.1 'Open' Host Controller (OHCI) Driver
[    3.479753] ohci-pci: OHCI PCI platform driver
[    3.480036] ohci-platform: OHCI generic platform driver
[    3.480357] uhci_hcd: USB Universal Host Controller Interface driver
[    3.481034] usbcore: registered new interface driver uas
[    3.481700] usbcore: registered new interface driver usb-storage
[    3.482451] i8042: PNP: PS/2 Controller [PNP0303:KBD,PNP0f13:MOU] at 0x60,0x64 irq 1,12
[    3.483458] serio: i8042 KBD port at 0x60,0x64 irq 1
[    3.483781] serio: i8042 AUX port at 0x60,0x64 irq 12
[    3.484717] mousedev: PS/2 mouse device common for all mice
[    3.485908] input: AT Translated Set 2 keyboard as /devices/platform/i8042/serio0/input/input1
[    3.487698] input: VirtualPS/2 VMware VMMouse as /devices/platform/i8042/serio1/input/input4
[    3.488386] rtc_cmos 00:05: RTC can wake from S4
[    3.489047] input: VirtualPS/2 VMware VMMouse as /devices/platform/i8042/serio1/input/input3
[    3.490346] rtc_cmos 00:05: registered as rtc0
[    3.490662] rtc_cmos 00:05: setting system clock to 2023-03-10T18:30:58 UTC (1678473058)
[    3.491252] rtc_cmos 00:05: alarms up to one day, y3k, 242 bytes nvram, hpet irqs
[    3.491721] i2c_dev: i2c /dev entries driver
[    3.492033] device-mapper: core: CONFIG_IMA_DISABLE_HTABLE is disabled. Duplicate IMA measurements will not be recorded in the IMA log.
[    3.492853] device-mapper: uevent: version 1.0.3
[    3.493365] device-mapper: ioctl: 4.47.0-ioctl (2022-07-28) initialised: dm-devel@redhat.com
[    3.493869] intel_pstate: CPU model not supported
[    3.494228] sdhci: Secure Digital Host Controller Interface driver
[    3.494594] sdhci: Copyright(c) Pierre Ossman
[    3.494919] sdhci-pltfm: SDHCI platform and OF driver helper
[    3.495324] ledtrig-cpu: registered to indicate activity on CPUs
[    3.495952] drop_monitor: Initializing network drop monitor service
[    3.496757] NET: Registered PF_INET6 protocol family
[    3.498485] Segment Routing with IPv6
[    3.498740] In-situ OAM (IOAM) with IPv6
[    3.499005] NET: Registered PF_PACKET protocol family
[    3.499522] 9pnet: Installing 9P2000 support
[    3.499856] Key type dns_resolver registered
[    3.500847] IPI shorthand broadcast: enabled
[    3.501167] sched_clock: Marking stable (3490490076, 10170175)->(3514585004, -13924753)
[    3.502207] registered taskstats version 1
[    3.502690] Loading compiled-in X.509 certificates
[    3.503268] zswap: loaded using pool lzo/zbud
[    3.504136] Key type ._fscrypt registered
[    3.504388] Key type .fscrypt registered
[    3.504643] Key type fscrypt-provisioning registered
[    3.505725] Key type encrypted registered
[    3.506004] ima: No TPM chip found, activating TPM-bypass!
[    3.506351] ima: Allocated hash algorithm: sha1
[    3.506659] ima: No architecture policies found
[    3.507003] evm: Initialising EVM extended attributes:
[    3.507311] evm: security.selinux
[    3.507514] evm: security.SMACK64
[    3.507717] evm: security.SMACK64EXEC
[    3.507940] evm: security.SMACK64TRANSMUTE
[    3.508189] evm: security.SMACK64MMAP
[    3.508412] evm: security.apparmor
[    3.508636] evm: security.ima
[    3.508819] evm: security.capability
[    3.509036] evm: HMAC attrs: 0x1
[    3.513027] PM:   Magic number: 15:120:544
[    3.513303] scsi_generic sg0: hash matches
[    3.513587] tty ttyS20: hash matches
[    3.514117] RAS: Correctable Errors collector initialized.
[    3.515425] md: Waiting for all devices to be available before autodetect
[    3.515704] md: If you don't use raid, use raid=noautodetect
[    3.515937] md: Autodetecting RAID arrays.
[    3.516114] md: autorun ...
[    3.516234] md: ... autorun DONE.
[    3.528540] EXT4-fs (sda): mounted filesystem with ordered data mode. Quota mode: none.
[    3.528938] VFS: Mounted root (ext4 filesystem) readonly on device 8:0.
[    3.530563] devtmpfs: mounted
[    3.537590] Freeing unused decrypted memory: 2036K
[    3.539315] Freeing unused kernel image (initmem) memory: 3648K
[    3.548556] Write protecting the kernel read-only data: 43008k
[    3.551064] Freeing unused kernel image (text/rodata gap) memory: 2028K
[    3.551449] Freeing unused kernel image (rodata/data gap) memory: 60K
[    3.630296] x86/mm: Checked W+X mappings: passed, no W+X pages found.
[    3.630617] Run /sbin/init as init process
[    3.700414] systemd[1]: RTC configured in localtime, applying delta of 0 minutes to system time.
[    3.721932] systemd[1]: systemd 239 (239-49.el8) running in system mode. (+PAM +AUDIT +SELINUX +IMA -APPARMOR +SMACK +SYSVINIT +UTMP +LIBCRYPTSETUP +GCRYPT +GNUTLS +ACL +XZ +LZ4 +SECCOMP +BLKID +ELFUTILS +KMOD +IDN2 -IDN +PCRE2 default-hierarchy=legacy)
[    3.722993] systemd[1]: Detected virtualization kvm.
[    3.723207] systemd[1]: Detected architecture x86-64.

Welcome to [0;31mCentOS Stream 8[0m!

[    3.783279] systemd[1]: Set hostname to <test>.
[    5.704528] random: crng init done
[    5.795727] systemd[1]: Reached target Swap.
[[0;32m  OK  [0m] Reached target Swap.
[    5.797032] systemd[1]: Listening on RPCbind Server Activation Socket.
[[0;32m  OK  [0m] Listening on RPCbind Server Activation Socket.
[    5.798214] systemd[1]: Set up automount Arbitrary Executable File Formats File System Automount Point.
[[0;32m  OK  [0m] Set up automount Arbitrary Executabâ€¦rmats File System Automount Point.
[    5.799215] systemd[1]: Listening on initctl Compatibility Named Pipe.
[[0;32m  OK  [0m] Listening on initctl Compatibility Named Pipe.
[    5.799980] systemd[1]: Started Forward Password Requests to Wall Directory Watch.
[[0;32m  OK  [0m] Started Forward Password Requests to Wall Directory Watch.
[    5.800939] systemd[1]: Listening on Journal Socket (/dev/log).
[[0;32m  OK  [0m] Listening on Journal Socket (/dev/log).
[[0;32m  OK  [0m] Listening on LVM2 poll daemon socket.
[[0;32m  OK  [0m] Listening on multipathd control socket.
[[0;32m  OK  [0m] Created slice User and Session Slice.
[[0;32m  OK  [0m] Reached target Slices.
[[0;32m  OK  [0m] Listening on Device-mapper event daemon FIFOs.
[[0;32m  OK  [0m] Listening on Journal Socket.
         Starting Setup Virtual Console...
         Mounting Kernel Debug File System...
         Starting Journal Service...
         Mounting Huge Pages File System...
[[0;32m  OK  [0m] Listening on udev Kernel Socket.
[[0;32m  OK  [0m] Created slice system-sshd\x2dkeygen.slice.
         Starting Remount Root and Kernel File Systems...
[[0;32m  OK  [0m] Reached target RPC Port Mapper.
[[0;32m  OK  [0m] Listening on udev Control Socket.
         Starting udev Coldplug all Devices...
         Starting Load Kernel Modules...
         Mounting POSIX Message Queue File System...
[[0;32m  OK  [0m] Created slice system-getty.slice.
         Starting Monitoring of LVM2 mirrorsâ€¦ng dmeventd or progress polling...
[[0;32m  OK  [0m] Listening on Process Core Dump Socket.
[    6.044886] EXT4-fs (sda): re-mounted. Quota mode: none.
[[0;32m  OK  [0m] Created slice system-serial\x2dgetty.slice.
[[0;32m  OK  [0m] Started Journal Service.
[[0;32m  OK  [0m] Mounted Kernel Debug File System.
[[0;32m  OK  [0m] Mounted Huge Pages File System.
[[0;32m  OK  [0m] Started Remount Root and Kernel File Systems.
[[0;32m  OK  [0m] Started Setup Virtual Console.
[[0;1;31mFAILED[0m] Failed to start Load Kernel Modules.
See 'systemctl status systemd-modules-load.service' for details.
[[0;32m  OK  [0m] Mounted POSIX Message Queue File System.
         Mounting Kernel Configuration File System...
         Mounting FUSE Control File System...
         Starting Apply Kernel Variables...
         Starting Load/Save Random Seed...
         Starting Create Static Device Nodes in /dev...
         Starting Flush Journal to Persistent Storage...
[[0;32m  OK  [0m] Mounted Kernel Configuration File System.
[[0;32m  OK  [0m] Mounted FUSE Control File System.
[[0;32m  OK  [0m] Started Apply Kernel Variables.
[[0;32m  OK  [0m] Started Load/Save Random Seed.
[[0;32m  OK  [0m] Started Create Static Device Nodes in /dev.
         Starting udev Kernel Device Manager...
[[0;32m  OK  [0m] Started Flush Journal to Persistent Storage.
[[0;32m  OK  [0m] Started udev Kernel Device Manager.
[[0;32m  OK  [0m] Started udev Coldplug all Devices.
         Starting Show Plymouth Boot Screen...
         Starting udev Wait for Complete Device Initialization...
[[0;32m  OK  [0m] Started Show Plymouth Boot Screen.
[[0;32m  OK  [0m] Reached target Local Encrypted Volumes.
[[0;32m  OK  [0m] Reached target Paths.
[[0;32m  OK  [0m] Started Forward Password Requests to Plymouth Directory Watch.
[[0;32m  OK  [0m] Found device /dev/ttyS0.
[[0;32m  OK  [0m] Started udev Wait for Complete Device Initialization.
[[0;32m  OK  [0m] Started Monitoring of LVM2 mirrors,â€¦sing dmeventd or progress polling.
[[0;32m  OK  [0m] Listening on Load/Save RF Kill Switch Status /dev/rfkill Watch.
[[0;32m  OK  [0m] Reached target Local File Systems (Pre).
[[0;32m  OK  [0m] Reached target Local File Systems.
         Starting Create Volatile Files and Directories...
         Starting Restore /run/initramfs on shutdown...
         Starting Tell Plymouth To Write Out Runtime Data...
[[0;32m  OK  [0m] Started Create Volatile Files and Directories.
[[0;32m  OK  [0m] Started Restore /run/initramfs on shutdown.
[[0;32m  OK  [0m] Started Tell Plymouth To Write Out Runtime Data.
         Starting Security Auditing Service...
         Mounting RPC Pipe File System...
         Starting RPC Bind...
[[0;32m  OK  [0m] Mounted RPC Pipe File System.
[[0;32m  OK  [0m] Reached target rpc_pipefs.target.
[[0;32m  OK  [0m] Started RPC Bind.
[[0;32m  OK  [0m] Started Security Auditing Service.
         Starting Update UTMP about System Boot/Shutdown...
[[0;32m  OK  [0m] Started Update UTMP about System Boot/Shutdown.
[[0;32m  OK  [0m] Reached target System Initialization.
[[0;32m  OK  [0m] Started daily update of the root trust anchor for DNSSEC.
[[0;32m  OK  [0m] Started dnf makecache --timer.
[[0;32m  OK  [0m] Started Daily Cleanup of Temporary Directories.
[[0;32m  OK  [0m] Reached target Timers.
[[0;32m  OK  [0m] Listening on SSSD Kerberos Cache Manager responder socket.
[[0;32m  OK  [0m] Listening on D-Bus System Message Bus Socket.
[[0;32m  OK  [0m] Reached target Sockets.
[[0;32m  OK  [0m] Reached target Basic System.
         Starting Login Service...
         Starting Self Monitoring and Reporting Technology (SMART) Daemon...
         Starting NTP client/server...
         Starting Auto-connect to subsystemsâ€¦-NVME devices found during boot...
         Starting Authorization Manager...
[[0;32m  OK  [0m] Started Machine Check Exception Logging Daemon.
[[0;32m  OK  [0m] Reached target sshd-keygen.target.
[[0;32m  OK  [0m] Started D-Bus System Message Bus.
         Starting Network Manager...
[[0;32m  OK  [0m] Started irqbalance daemon.
[[0;32m  OK  [0m] Started Self Monitoring and Reporting Technology (SMART) Daemon.
[[0;32m  OK  [0m] Started Auto-connect to subsystems â€¦FC-NVME devices found during boot.
[[0;32m  OK  [0m] Started Login Service.
[[0;32m  OK  [0m] Started Network Manager.
[[0;32m  OK  [0m] Reached target Network.
         Starting Dynamic System Tuning Daemon...
         Starting OpenSSH server daemon...
         Starting GSSAPI Proxy Daemon...
         Starting Network Manager Wait Online...
[[0;32m  OK  [0m] Started NTP client/server.
[[0;32m  OK  [0m] Started OpenSSH server daemon.
         Starting Hostname Service...
[[0;32m  OK  [0m] Started GSSAPI Proxy Daemon.
[[0;32m  OK  [0m] Reached target NFS client services.
[[0;32m  OK  [0m] Reached target Remote File Systems (Pre).
[[0;32m  OK  [0m] Reached target Remote File Systems.
         Starting Permit User Sessions...
[[0;32m  OK  [0m] Started Authorization Manager.
[[0;32m  OK  [0m] Started Permit User Sessions.
         Starting Terminate Plymouth Boot Screen...
         Starting Hold until boot process finishes up...
[[0;32m  OK  [0m] Started Command Scheduler.
[    7.676781] e1000: eth0 NIC Link is Up 1000 Mbps Full Duplex, Flow Control: RX
[    7.677515] IPv6: ADDRCONF(NETDEV_CHANGE): eth0: link becomes ready
[    7.838033] Spectre V2 : WARNING: Unprivileged eBPF is enabled with eIBRS on, data leaks possible via Spectre v2 BHB attacks!
[    7.838662] Spectre V2 : WARNING: Unprivileged eBPF is enabled with eIBRS on, data leaks possible via Spectre v2 BHB attacks!

CentOS Stream 8
Kernel 6.0.0-rc3-9837ec955b46+ on an x86_64

test login: [   28.672973] loop0: detected capacity change from 0 to 65536
[   28.673502] XFS: ikeep mount option is deprecated.
[   28.676234] XFS (loop0): Mounting V5 Filesystem
[   28.682367] XFS (loop0): Ending clean mount
[   28.683281] XFS (loop0): Quotacheck needed: Please wait.
[   28.685824] XFS (loop0): Metadata CRC error detected at xfs_agf_read_verify+0x10e/0x140, xfs_agf block 0x1 
[   28.686315] XFS (loop0): Unmount and run xfs_repair
[   28.686530] XFS (loop0): First 128 bytes of corrupted metadata buffer:
[   28.686811] 00000000: 58 41 47 46 00 00 00 01 00 00 00 00 00 00 40 00  XAGF..........@.
[   28.687149] 00000010: 00 00 00 02 00 00 00 03 00 00 00 00 00 00 00 01  ................
[   28.687488] 00000020: 00 00 00 01 00 00 00 00 00 00 01 00 00 00 00 04  ................
[   28.687828] 00000030: 00 00 00 04 00 00 3f ca 00 00 3f c7 00 00 00 00  ......?...?.....
[   28.688169] 00000040: d4 08 de 26 55 fb 48 ab a8 ab aa ce db 20 f9 dd  ...&U.H...... ..
[   28.688565] 00000050: 00 00 00 00 00 00 00 00 00 00 00 00 00 00 00 00  ................
[   28.688905] 00000060: 00 00 00 00 00 00 00 00 00 00 00 00 00 00 00 00  ................
[   28.689245] 00000070: 00 00 00 00 00 00 00 00 00 00 00 00 00 00 00 00  ................
[   28.690212] XFS (loop0): metadata I/O error in "xfs_read_agf+0xd0/0x290" at daddr 0x1 len 1 error 74
[   28.691739] XFS (loop0): Quotacheck: Unsuccessful (Error -117): Disabling quotas.
[   28.704039] XFS (loop0): Metadata CRC error detected at xfs_agf_read_verify+0x10e/0x140, xfs_agf block 0x1 
[   28.704539] XFS (loop0): Unmount and run xfs_repair
[   28.704768] XFS (loop0): First 128 bytes of corrupted metadata buffer:
[   28.705050] 00000000: 58 41 47 46 00 00 00 01 00 00 00 00 00 00 40 00  XAGF..........@.
[   28.705390] 00000010: 00 00 00 02 00 00 00 03 00 00 00 00 00 00 00 01  ................
[   28.705729] 00000020: 00 00 00 01 00 00 00 00 00 00 01 00 00 00 00 04  ................
[   28.706075] 00000030: 00 00 00 04 00 00 3f ca 00 00 3f c7 00 00 00 00  ......?...?.....
[   28.706416] 00000040: d4 08 de 26 55 fb 48 ab a8 ab aa ce db 20 f9 dd  ...&U.H...... ..
[   28.706761] 00000050: 00 00 00 00 00 00 00 00 00 00 00 00 00 00 00 00  ................
[   28.707095] 00000060: 00 00 00 00 00 00 00 00 00 00 00 00 00 00 00 00  ................
[   28.707424] 00000070: 00 00 00 00 00 00 00 00 00 00 00 00 00 00 00 00  ................
[   28.708578] XFS (loop0): metadata I/O error in "xfs_read_agf+0xd0/0x290" at daddr 0x1 len 1 error 74
[   28.709413] XFS (loop0): page discard on page 00000000013a8ea2, inode 0x2b, pos 0.
[   28.713739] XFS (loop0): Unmounting Filesystem
[   28.953624] loop0: detected capacity change from 0 to 65536
[   28.954134] XFS: ikeep mount option is deprecated.
[   28.955561] XFS (loop0): Mounting V5 Filesystem
[   28.961147] XFS (loop0): Ending clean mount
[   28.961802] XFS (loop0): Quotacheck needed: Please wait.
[   28.963265] XFS (loop0): Metadata CRC error detected at xfs_agf_read_verify+0x10e/0x140, xfs_agf block 0x1 
[   28.964069] XFS (loop0): Unmount and run xfs_repair
[   28.964454] XFS (loop0): First 128 bytes of corrupted metadata buffer:
[   28.965000] 00000000: 58 41 47 46 00 00 00 01 00 00 00 00 00 00 40 00  XAGF..........@.
[   28.965615] 00000010: 00 00 00 02 00 00 00 03 00 00 00 00 00 00 00 01  ................
[   28.966238] 00000020: 00 00 00 01 00 00 00 00 00 00 01 00 00 00 00 04  ................
[   28.966863] 00000030: 00 00 00 04 00 00 3f ca 00 00 3f c7 00 00 00 00  ......?...?.....
[   28.967473] 00000040: d4 08 de 26 55 fb 48 ab a8 ab aa ce db 20 f9 dd  ...&U.H...... ..
[   28.968089] 00000050: 00 00 00 00 00 00 00 00 00 00 00 00 00 00 00 00  ................
[   28.968726] 00000060: 00 00 00 00 00 00 00 00 00 00 00 00 00 00 00 00  ................
[   28.969350] 00000070: 00 00 00 00 00 00 00 00 00 00 00 00 00 00 00 00  ................
[   28.970119] XFS (loop0): metadata I/O error in "xfs_read_agf+0xd0/0x290" at daddr 0x1 len 1 error 74
[   28.971441] XFS (loop0): Quotacheck: Unsuccessful (Error -117): Disabling quotas.
[   28.986129] XFS (loop0): Metadata CRC error detected at xfs_agf_read_verify+0x10e/0x140, xfs_agf block 0x1 
[   28.986575] XFS (loop0): Unmount and run xfs_repair
[   28.986792] XFS (loop0): First 128 bytes of corrupted metadata buffer:
[   28.987073] 00000000: 58 41 47 46 00 00 00 01 00 00 00 00 00 00 40 00  XAGF..........@.
[   28.987418] 00000010: 00 00 00 02 00 00 00 03 00 00 00 00 00 00 00 01  ................
[   28.987757] 00000020: 00 00 00 01 00 00 00 00 00 00 01 00 00 00 00 04  ................
[   28.988095] 00000030: 00 00 00 04 00 00 3f ca 00 00 3f c7 00 00 00 00  ......?...?.....
[   28.988439] 00000040: d4 08 de 26 55 fb 48 ab a8 ab aa ce db 20 f9 dd  ...&U.H...... ..
[   28.988853] 00000050: 00 00 00 00 00 00 00 00 00 00 00 00 00 00 00 00  ................
[   28.989194] 00000060: 00 00 00 00 00 00 00 00 00 00 00 00 00 00 00 00  ................
[   28.989548] 00000070: 00 00 00 00 00 00 00 00 00 00 00 00 00 00 00 00  ................
[   28.990714] XFS (loop0): metadata I/O error in "xfs_read_agf+0xd0/0x290" at daddr 0x1 len 1 error 74
[   28.991132] XFS (loop0): page discard on page 000000003cebcbb2, inode 0x2b, pos 0.
[   28.994136] XFS (loop0): Unmounting Filesystem
[   29.226609] loop0: detected capacity change from 0 to 65536
[   29.227113] XFS: ikeep mount option is deprecated.
[   29.228385] XFS (loop0): Mounting V5 Filesystem
[   29.234664] XFS (loop0): Ending clean mount
[   29.235310] XFS (loop0): Quotacheck needed: Please wait.
[   29.237147] XFS (loop0): Metadata CRC error detected at xfs_agf_read_verify+0x10e/0x140, xfs_agf block 0x1 
[   29.237601] XFS (loop0): Unmount and run xfs_repair
[   29.237825] XFS (loop0): First 128 bytes of corrupted metadata buffer:
[   29.238120] 00000000: 58 41 47 46 00 00 00 01 00 00 00 00 00 00 40 00  XAGF..........@.
[   29.238455] 00000010: 00 00 00 02 00 00 00 03 00 00 00 00 00 00 00 01  ................
[   29.238797] 00000020: 00 00 00 01 00 00 00 00 00 00 01 00 00 00 00 04  ................
[   29.239131] 00000030: 00 00 00 04 00 00 3f ca 00 00 3f c7 00 00 00 00  ......?...?.....
[   29.239466] 00000040: d4 08 de 26 55 fb 48 ab a8 ab aa ce db 20 f9 dd  ...&U.H...... ..
[   29.239803] 00000050: 00 00 00 00 00 00 00 00 00 00 00 00 00 00 00 00  ................
[   29.240138] 00000060: 00 00 00 00 00 00 00 00 00 00 00 00 00 00 00 00  ................
[   29.240529] 00000070: 00 00 00 00 00 00 00 00 00 00 00 00 00 00 00 00  ................
[   29.241443] XFS (loop0): metadata I/O error in "xfs_read_agf+0xd0/0x290" at daddr 0x1 len 1 error 74
[   29.242080] XFS (loop0): Quotacheck: Unsuccessful (Error -117): Disabling quotas.
[   29.252868] XFS (loop0): Metadata CRC error detected at xfs_agf_read_verify+0x10e/0x140, xfs_agf block 0x1 
[   29.253323] XFS (loop0): Unmount and run xfs_repair
[   29.253538] XFS (loop0): First 128 bytes of corrupted metadata buffer:
[   29.253823] 00000000: 58 41 47 46 00 00 00 01 00 00 00 00 00 00 40 00  XAGF..........@.
[   29.254172] 00000010: 00 00 00 02 00 00 00 03 00 00 00 00 00 00 00 01  ................
[   29.254510] 00000020: 00 00 00 01 00 00 00 00 00 00 01 00 00 00 00 04  ................
[   29.254844] 00000030: 00 00 00 04 00 00 3f ca 00 00 3f c7 00 00 00 00  ......?...?.....
[   29.255176] 00000040: d4 08 de 26 55 fb 48 ab a8 ab aa ce db 20 f9 dd  ...&U.H...... ..
[   29.255508] 00000050: 00 00 00 00 00 00 00 00 00 00 00 00 00 00 00 00  ................
[   29.255844] 00000060: 00 00 00 00 00 00 00 00 00 00 00 00 00 00 00 00  ................
[   29.256184] 00000070: 00 00 00 00 00 00 00 00 00 00 00 00 00 00 00 00  ................
[   29.257141] XFS (loop0): metadata I/O error in "xfs_read_agf+0xd0/0x290" at daddr 0x1 len 1 error 74
[   29.257549] XFS (loop0): page discard on page 0000000033f54e95, inode 0x2b, pos 0.
[   29.259537] XFS (loop0): Unmounting Filesystem
[   29.478447] loop0: detected capacity change from 0 to 65536
[   29.478959] XFS: ikeep mount option is deprecated.
[   29.480280] XFS (loop0): Mounting V5 Filesystem
[   29.485653] XFS (loop0): Ending clean mount
[   29.486195] XFS (loop0): Quotacheck needed: Please wait.
[   29.487643] XFS (loop0): Metadata CRC error detected at xfs_agf_read_verify+0x10e/0x140, xfs_agf block 0x1 
[   29.488096] XFS (loop0): Unmount and run xfs_repair
[   29.488312] XFS (loop0): First 128 bytes of corrupted metadata buffer:
[   29.488617] 00000000: 58 41 47 46 00 00 00 01 00 00 00 00 00 00 40 00  XAGF..........@.
[   29.488965] 00000010: 00 00 00 02 00 00 00 03 00 00 00 00 00 00 00 01  ................
[   29.489294] 00000020: 00 00 00 01 00 00 00 00 00 00 01 00 00 00 00 04  ................
[   29.489647] 00000030: 00 00 00 04 00 00 3f ca 00 00 3f c7 00 00 00 00  ......?...?.....
[   29.489987] 00000040: d4 08 de 26 55 fb 48 ab a8 ab aa ce db 20 f9 dd  ...&U.H...... ..
[   29.490324] 00000050: 00 00 00 00 00 00 00 00 00 00 00 00 00 00 00 00  ................
[   29.490664] 00000060: 00 00 00 00 00 00 00 00 00 00 00 00 00 00 00 00  ................
[   29.491010] 00000070: 00 00 00 00 00 00 00 00 00 00 00 00 00 00 00 00  ................
[   29.493890] XFS (loop0): metadata I/O error in "xfs_read_agf+0xd0/0x290" at daddr 0x1 len 1 error 74
[   29.495617] XFS (loop0): Quotacheck: Unsuccessful (Error -117): Disabling quotas.
[   29.500538] XFS (loop0): Metadata CRC error detected at xfs_agf_read_verify+0x10e/0x140, xfs_agf block 0x1 
[   29.501302] XFS (loop0): Unmount and run xfs_repair
[   29.501681] XFS (loop0): First 128 bytes of corrupted metadata buffer:
[   29.502185] 00000000: 58 41 47 46 00 00 00 01 00 00 00 00 00 00 40 00  XAGF..........@.
[   29.502790] 00000010: 00 00 00 02 00 00 00 03 00 00 00 00 00 00 00 01  ................
[   29.503395] 00000020: 00 00 00 01 00 00 00 00 00 00 01 00 00 00 00 04  ................
[   29.503998] 00000030: 00 00 00 04 00 00 3f ca 00 00 3f c7 00 00 00 00  ......?...?.....
[   29.504638] 00000040: d4 08 de 26 55 fb 48 ab a8 ab aa ce db 20 f9 dd  ...&U.H...... ..
[   29.505265] 00000050: 00 00 00 00 00 00 00 00 00 00 00 00 00 00 00 00  ................
[   29.505892] 00000060: 00 00 00 00 00 00 00 00 00 00 00 00 00 00 00 00  ................
[   29.506520] 00000070: 00 00 00 00 00 00 00 00 00 00 00 00 00 00 00 00  ................
[   29.507155] XFS (loop0): metadata I/O error in "xfs_read_agf+0xd0/0x290" at daddr 0x1 len 1 error 74
[   29.507580] XFS (loop0): page discard on page 000000009bac862f, inode 0x2b, pos 0.
[   29.509805] XFS (loop0): Unmounting Filesystem
[   29.748579] loop0: detected capacity change from 0 to 65536
[   29.749049] XFS: ikeep mount option is deprecated.
[   29.750403] XFS (loop0): Mounting V5 Filesystem
[   29.755797] XFS (loop0): Ending clean mount
[   29.756791] XFS (loop0): Quotacheck needed: Please wait.
[   29.758845] XFS (loop0): Metadata CRC error detected at xfs_agf_read_verify+0x10e/0x140, xfs_agf block 0x1 
[   29.759640] XFS (loop0): Unmount and run xfs_repair
[   29.760022] XFS (loop0): First 128 bytes of corrupted metadata buffer:
[   29.760550] 00000000: 58 41 47 46 00 00 00 01 00 00 00 00 00 00 40 00  XAGF..........@.
[   29.761161] 00000010: 00 00 00 02 00 00 00 03 00 00 00 00 00 00 00 01  ................
[   29.761765] 00000020: 00 00 00 01 00 00 00 00 00 00 01 00 00 00 00 04  ................
[   29.762288] 00000030: 00 00 00 04 00 00 3f ca 00 00 3f c7 00 00 00 00  ......?...?.....
[   29.762632] 00000040: d4 08 de 26 55 fb 48 ab a8 ab aa ce db 20 f9 dd  ...&U.H...... ..
[   29.762974] 00000050: 00 00 00 00 00 00 00 00 00 00 00 00 00 00 00 00  ................
[   29.763314] 00000060: 00 00 00 00 00 00 00 00 00 00 00 00 00 00 00 00  ................
[   29.763653] 00000070: 00 00 00 00 00 00 00 00 00 00 00 00 00 00 00 00  ................
[   29.764006] XFS (loop0): metadata I/O error in "xfs_read_agf+0xd0/0x290" at daddr 0x1 len 1 error 74
[   29.766004] XFS (loop0): Quotacheck: Unsuccessful (Error -117): Disabling quotas.
[   29.772630] XFS (loop0): Metadata CRC error detected at xfs_agf_read_verify+0x10e/0x140, xfs_agf block 0x1 
[   29.773076] XFS (loop0): Unmount and run xfs_repair
[   29.773288] XFS (loop0): First 128 bytes of corrupted metadata buffer:
[   29.773574] 00000000: 58 41 47 46 00 00 00 01 00 00 00 00 00 00 40 00  XAGF..........@.
[   29.773909] 00000010: 00 00 00 02 00 00 00 03 00 00 00 00 00 00 00 01  ................
[   29.774249] 00000020: 00 00 00 01 00 00 00 00 00 00 01 00 00 00 00 04  ................
[   29.774593] 00000030: 00 00 00 04 00 00 3f ca 00 00 3f c7 00 00 00 00  ......?...?.....
[   29.774936] 00000040: d4 08 de 26 55 fb 48 ab a8 ab aa ce db 20 f9 dd  ...&U.H...... ..
[   29.775270] 00000050: 00 00 00 00 00 00 00 00 00 00 00 00 00 00 00 00  ................
[   29.775621] 00000060: 00 00 00 00 00 00 00 00 00 00 00 00 00 00 00 00  ................
[   29.775957] 00000070: 00 00 00 00 00 00 00 00 00 00 00 00 00 00 00 00  ................
[   29.776310] XFS (loop0): metadata I/O error in "xfs_read_agf+0xd0/0x290" at daddr 0x1 len 1 error 74
[   29.776744] XFS (loop0): page discard on page 0000000074f3a84e, inode 0x2b, pos 0.
[   29.785437] XFS (loop0): Unmounting Filesystem
[   30.032829] loop0: detected capacity change from 0 to 65536
[   30.033359] XFS: ikeep mount option is deprecated.
[   30.034779] XFS (loop0): Mounting V5 Filesystem
[   30.042156] XFS (loop0): Ending clean mount
[   30.042647] XFS (loop0): Quotacheck needed: Please wait.
[   30.044604] XFS (loop0): Metadata CRC error detected at xfs_agf_read_verify+0x10e/0x140, xfs_agf block 0x1 
[   30.045066] XFS (loop0): Unmount and run xfs_repair
[   30.045285] XFS (loop0): First 128 bytes of corrupted metadata buffer:
[   30.045579] 00000000: 58 41 47 46 00 00 00 01 00 00 00 00 00 00 40 00  XAGF..........@.
[   30.045926] 00000010: 00 00 00 02 00 00 00 03 00 00 00 00 00 00 00 01  ................
[   30.046278] 00000020: 00 00 00 01 00 00 00 00 00 00 01 00 00 00 00 04  ................
[   30.046624] 00000030: 00 00 00 04 00 00 3f ca 00 00 3f c7 00 00 00 00  ......?...?.....
[   30.046980] 00000040: d4 08 de 26 55 fb 48 ab a8 ab aa ce db 20 f9 dd  ...&U.H...... ..
[   30.047324] 00000050: 00 00 00 00 00 00 00 00 00 00 00 00 00 00 00 00  ................
[   30.047669] 00000060: 00 00 00 00 00 00 00 00 00 00 00 00 00 00 00 00  ................
[   30.048021] 00000070: 00 00 00 00 00 00 00 00 00 00 00 00 00 00 00 00  ................
[   30.048562] XFS (loop0): metadata I/O error in "xfs_read_agf+0xd0/0x290" at daddr 0x1 len 1 error 74
[   30.051021] XFS (loop0): Quotacheck: Unsuccessful (Error -117): Disabling quotas.
[   30.060671] XFS (loop0): Metadata CRC error detected at xfs_agf_read_verify+0x10e/0x140, xfs_agf block 0x1 
[   30.061120] XFS (loop0): Unmount and run xfs_repair
[   30.061337] XFS (loop0): First 128 bytes of corrupted metadata buffer:
[   30.061632] 00000000: 58 41 47 46 00 00 00 01 00 00 00 00 00 00 40 00  XAGF..........@.
[   30.061976] 00000010: 00 00 00 02 00 00 00 03 00 00 00 00 00 00 00 01  ................
[   30.062332] 00000020: 00 00 00 01 00 00 00 00 00 00 01 00 00 00 00 04  ................
[   30.062683] 00000030: 00 00 00 04 00 00 3f ca 00 00 3f c7 00 00 00 00  ......?...?.....
[   30.063036] 00000040: d4 08 de 26 55 fb 48 ab a8 ab aa ce db 20 f9 dd  ...&U.H...... ..
[   30.063381] 00000050: 00 00 00 00 00 00 00 00 00 00 00 00 00 00 00 00  ................
[   30.063726] 00000060: 00 00 00 00 00 00 00 00 00 00 00 00 00 00 00 00  ................
[   30.064071] 00000070: 00 00 00 00 00 00 00 00 00 00 00 00 00 00 00 00  ................
[   30.064487] XFS (loop0): metadata I/O error in "xfs_read_agf+0xd0/0x290" at daddr 0x1 len 1 error 74
[   30.064911] XFS (loop0): page discard on page 00000000b579d7be, inode 0x2b, pos 0.
[   30.068403] XFS (loop0): Unmounting Filesystem
[   30.309371] loop0: detected capacity change from 0 to 65536
[   30.309847] XFS: ikeep mount option is deprecated.
[   30.311167] XFS (loop0): Mounting V5 Filesystem
[   30.317000] XFS (loop0): Ending clean mount
[   30.317809] XFS (loop0): Quotacheck needed: Please wait.
[   30.319758] XFS (loop0): Metadata CRC error detected at xfs_agf_read_verify+0x10e/0x140, xfs_agf block 0x1 
[   30.320628] XFS (loop0): Unmount and run xfs_repair
[   30.321031] XFS (loop0): First 128 bytes of corrupted metadata buffer:
[   30.321553] 00000000: 58 41 47 46 00 00 00 01 00 00 00 00 00 00 40 00  XAGF..........@.
[   30.322191] 00000010: 00 00 00 02 00 00 00 03 00 00 00 00 00 00 00 01  ................
[   30.322823] 00000020: 00 00 00 01 00 00 00 00 00 00 01 00 00 00 00 04  ................
[   30.323460] 00000030: 00 00 00 04 00 00 3f ca 00 00 3f c7 00 00 00 00  ......?...?.....
[   30.324087] 00000040: d4 08 de 26 55 fb 48 ab a8 ab aa ce db 20 f9 dd  ...&U.H...... ..
[   30.324745] 00000050: 00 00 00 00 00 00 00 00 00 00 00 00 00 00 00 00  ................
[   30.325377] 00000060: 00 00 00 00 00 00 00 00 00 00 00 00 00 00 00 00  ................
[   30.326005] 00000070: 00 00 00 00 00 00 00 00 00 00 00 00 00 00 00 00  ................
[   30.326750] XFS (loop0): metadata I/O error in "xfs_read_agf+0xd0/0x290" at daddr 0x1 len 1 error 74
[   30.328034] XFS (loop0): Quotacheck: Unsuccessful (Error -117): Disabling quotas.
[   30.337517] XFS (loop0): Metadata CRC error detected at xfs_agf_read_verify+0x10e/0x140, xfs_agf block 0x1 
[   30.337984] XFS (loop0): Unmount and run xfs_repair
[   30.338218] XFS (loop0): First 128 bytes of corrupted metadata buffer:
[   30.338516] 00000000: 58 41 47 46 00 00 00 01 00 00 00 00 00 00 40 00  XAGF..........@.
[   30.338868] 00000010: 00 00 00 02 00 00 00 03 00 00 00 00 00 00 00 01  ................
[   30.339219] 00000020: 00 00 00 01 00 00 00 00 00 00 01 00 00 00 00 04  ................
[   30.339569] 00000030: 00 00 00 04 00 00 3f ca 00 00 3f c7 00 00 00 00  ......?...?.....
[   30.339920] 00000040: d4 08 de 26 55 fb 48 ab a8 ab aa ce db 20 f9 dd  ...&U.H...... ..
[   30.340271] 00000050: 00 00 00 00 00 00 00 00 00 00 00 00 00 00 00 00  ................
[   30.340640] 00000060: 00 00 00 00 00 00 00 00 00 00 00 00 00 00 00 00  ................
[   30.340992] 00000070: 00 00 00 00 00 00 00 00 00 00 00 00 00 00 00 00  ................
[   30.341964] XFS (loop0): metadata I/O error in "xfs_read_agf+0xd0/0x290" at daddr 0x1 len 1 error 74
[   30.342535] XFS (loop0): page discard on page 00000000097cb2b6, inode 0x2b, pos 0.
[   30.344821] XFS (loop0): Unmounting Filesystem
[   30.599003] loop0: detected capacity change from 0 to 65536
[   30.599480] XFS: ikeep mount option is deprecated.
[   30.600825] XFS (loop0): Mounting V5 Filesystem
[   30.605765] XFS (loop0): Ending clean mount
[   30.606412] XFS (loop0): Quotacheck needed: Please wait.
[   30.607527] XFS (loop0): Metadata CRC error detected at xfs_agf_read_verify+0x10e/0x140, xfs_agf block 0x1 
[   30.607996] XFS (loop0): Unmount and run xfs_repair
[   30.608244] XFS (loop0): First 128 bytes of corrupted metadata buffer:
[   30.608565] 00000000: 58 41 47 46 00 00 00 01 00 00 00 00 00 00 40 00  XAGF..........@.
[   30.608920] 00000010: 00 00 00 02 00 00 00 03 00 00 00 00 00 00 00 01  ................
[   30.609274] 00000020: 00 00 00 01 00 00 00 00 00 00 01 00 00 00 00 04  ................
[   30.609628] 00000030: 00 00 00 04 00 00 3f ca 00 00 3f c7 00 00 00 00  ......?...?.....
[   30.609981] 00000040: d4 08 de 26 55 fb 48 ab a8 ab aa ce db 20 f9 dd  ...&U.H...... ..
[   30.610342] 00000050: 00 00 00 00 00 00 00 00 00 00 00 00 00 00 00 00  ................
[   30.610695] 00000060: 00 00 00 00 00 00 00 00 00 00 00 00 00 00 00 00  ................
[   30.611062] 00000070: 00 00 00 00 00 00 00 00 00 00 00 00 00 00 00 00  ................
[   30.611493] XFS (loop0): metadata I/O error in "xfs_read_agf+0xd0/0x290" at daddr 0x1 len 1 error 74
[   30.614391] XFS (loop0): Quotacheck: Unsuccessful (Error -117): Disabling quotas.
[   30.619322] XFS (loop0): Metadata CRC error detected at xfs_agf_read_verify+0x10e/0x140, xfs_agf block 0x1 
[   30.619775] XFS (loop0): Unmount and run xfs_repair
[   30.619995] XFS (loop0): First 128 bytes of corrupted metadata buffer:
[   30.620293] 00000000: 58 41 47 46 00 00 00 01 00 00 00 00 00 00 40 00  XAGF..........@.
[   30.620676] 00000010: 00 00 00 02 00 00 00 03 00 00 00 00 00 00 00 01  ................
[   30.621025] 00000020: 00 00 00 01 00 00 00 00 00 00 01 00 00 00 00 04  ................
[   30.621373] 00000030: 00 00 00 04 00 00 3f ca 00 00 3f c7 00 00 00 00  ......?...?.....
[   30.621720] 00000040: d4 08 de 26 55 fb 48 ab a8 ab aa ce db 20 f9 dd  ...&U.H...... ..
[   30.622083] 00000050: 00 00 00 00 00 00 00 00 00 00 00 00 00 00 00 00  ................
[   30.622428] 00000060: 00 00 00 00 00 00 00 00 00 00 00 00 00 00 00 00  ................
[   30.622785] 00000070: 00 00 00 00 00 00 00 00 00 00 00 00 00 00 00 00  ................
[   30.623154] XFS (loop0): metadata I/O error in "xfs_read_agf+0xd0/0x290" at daddr 0x1 len 1 error 74
[   30.623939] XFS (loop0): page discard on page 000000002ce48a23, inode 0x2b, pos 0.
[   30.626205] XFS (loop0): Unmounting Filesystem
[   30.857766] loop0: detected capacity change from 0 to 65536
[   30.858273] XFS: ikeep mount option is deprecated.
[   30.859540] XFS (loop0): Mounting V5 Filesystem
[   30.864948] XFS (loop0): Ending clean mount
[   30.865586] XFS (loop0): Quotacheck needed: Please wait.
[   30.867476] XFS (loop0): Metadata CRC error detected at xfs_agf_read_verify+0x10e/0x140, xfs_agf block 0x1 
[   30.868281] XFS (loop0): Unmount and run xfs_repair
[   30.868689] XFS (loop0): First 128 bytes of corrupted metadata buffer:
[   30.869200] 00000000: 58 41 47 46 00 00 00 01 00 00 00 00 00 00 40 00  XAGF..........@.
[   30.869806] 00000010: 00 00 00 02 00 00 00 03 00 00 00 00 00 00 00 01  ................
[   30.870423] 00000020: 00 00 00 01 00 00 00 00 00 00 01 00 00 00 00 04  ................
[   30.871027] 00000030: 00 00 00 04 00 00 3f ca 00 00 3f c7 00 00 00 00  ......?...?.....
[   30.871635] 00000040: d4 08 de 26 55 fb 48 ab a8 ab aa ce db 20 f9 dd  ...&U.H...... ..
[   30.872240] 00000050: 00 00 00 00 00 00 00 00 00 00 00 00 00 00 00 00  ................
[   30.872870] 00000060: 00 00 00 00 00 00 00 00 00 00 00 00 00 00 00 00  ................
[   30.873479] 00000070: 00 00 00 00 00 00 00 00 00 00 00 00 00 00 00 00  ................
[   30.874199] XFS (loop0): metadata I/O error in "xfs_read_agf+0xd0/0x290" at daddr 0x1 len 1 error 74
[   30.875792] XFS (loop0): Quotacheck: Unsuccessful (Error -117): Disabling quotas.
[   30.882838] XFS (loop0): Metadata CRC error detected at xfs_agf_read_verify+0x10e/0x140, xfs_agf block 0x1 
[   30.883294] XFS (loop0): Unmount and run xfs_repair
[   30.883511] XFS (loop0): First 128 bytes of corrupted metadata buffer:
[   30.883797] 00000000: 58 41 47 46 00 00 00 01 00 00 00 00 00 00 40 00  XAGF..........@.
[   30.884141] 00000010: 00 00 00 02 00 00 00 03 00 00 00 00 00 00 00 01  ................
[   30.884506] 00000020: 00 00 00 01 00 00 00 00 00 00 01 00 00 00 00 04  ................
[   30.884851] 00000030: 00 00 00 04 00 00 3f ca 00 00 3f c7 00 00 00 00  ......?...?.....
[   30.885195] 00000040: d4 08 de 26 55 fb 48 ab a8 ab aa ce db 20 f9 dd  ...&U.H...... ..
[   30.885541] 00000050: 00 00 00 00 00 00 00 00 00 00 00 00 00 00 00 00  ................
[   30.885884] 00000060: 00 00 00 00 00 00 00 00 00 00 00 00 00 00 00 00  ................
[   30.886234] 00000070: 00 00 00 00 00 00 00 00 00 00 00 00 00 00 00 00  ................
[   30.886593] XFS (loop0): metadata I/O error in "xfs_read_agf+0xd0/0x290" at daddr 0x1 len 1 error 74
[   30.887044] XFS (loop0): page discard on page 0000000015817697, inode 0x2b, pos 0.
[   30.890239] XFS (loop0): Unmounting Filesystem
[   31.124692] loop0: detected capacity change from 0 to 65536
[   31.125192] XFS: ikeep mount option is deprecated.
[   31.126363] XFS (loop0): Mounting V5 Filesystem
[   31.130871] XFS (loop0): Ending clean mount
[   31.131316] XFS (loop0): Quotacheck needed: Please wait.
[   31.132924] XFS (loop0): Metadata CRC error detected at xfs_agf_read_verify+0x10e/0x140, xfs_agf block 0x1 
[   31.133378] XFS (loop0): Unmount and run xfs_repair
[   31.133599] XFS (loop0): First 128 bytes of corrupted metadata buffer:
[   31.133884] 00000000: 58 41 47 46 00 00 00 01 00 00 00 00 00 00 40 00  XAGF..........@.
[   31.134227] 00000010: 00 00 00 02 00 00 00 03 00 00 00 00 00 00 00 01  ................
[   31.134564] 00000020: 00 00 00 01 00 00 00 00 00 00 01 00 00 00 00 04  ................
[   31.134900] 00000030: 00 00 00 04 00 00 3f ca 00 00 3f c7 00 00 00 00  ......?...?.....
[   31.135237] 00000040: d4 08 de 26 55 fb 48 ab a8 ab aa ce db 20 f9 dd  ...&U.H...... ..
[   31.135566] 00000050: 00 00 00 00 00 00 00 00 00 00 00 00 00 00 00 00  ................
[   31.135897] 00000060: 00 00 00 00 00 00 00 00 00 00 00 00 00 00 00 00  ................
[   31.136227] 00000070: 00 00 00 00 00 00 00 00 00 00 00 00 00 00 00 00  ................
[   31.137144] XFS (loop0): metadata I/O error in "xfs_read_agf+0xd0/0x290" at daddr 0x1 len 1 error 74
[   31.139229] XFS (loop0): Quotacheck: Unsuccessful (Error -117): Disabling quotas.
[   31.148067] XFS (loop0): Metadata CRC error detected at xfs_agf_read_verify+0x10e/0x140, xfs_agf block 0x1 
[   31.148569] XFS (loop0): Unmount and run xfs_repair
[   31.148790] XFS (loop0): First 128 bytes of corrupted metadata buffer:
[   31.149083] 00000000: 58 41 47 46 00 00 00 01 00 00 00 00 00 00 40 00  XAGF..........@.
[   31.149430] 00000010: 00 00 00 02 00 00 00 03 00 00 00 00 00 00 00 01  ................
[   31.149775] 00000020: 00 00 00 01 00 00 00 00 00 00 01 00 00 00 00 04  ................
[   31.150127] 00000030: 00 00 00 04 00 00 3f ca 00 00 3f c7 00 00 00 00  ......?...?.....
[   31.150480] 00000040: d4 08 de 26 55 fb 48 ab a8 ab aa ce db 20 f9 dd  ...&U.H...... ..
[   31.150817] 00000050: 00 00 00 00 00 00 00 00 00 00 00 00 00 00 00 00  ................
[   31.151155] 00000060: 00 00 00 00 00 00 00 00 00 00 00 00 00 00 00 00  ................
[   31.151502] 00000070: 00 00 00 00 00 00 00 00 00 00 00 00 00 00 00 00  ................
[   31.151951] XFS (loop0): metadata I/O error in "xfs_read_agf+0xd0/0x290" at daddr 0x1 len 1 error 74
[   31.152380] XFS (loop0): page discard on page 00000000f747a47c, inode 0x2b, pos 0.
[   31.154003] XFS (loop0): Unmounting Filesystem
[   31.391555] loop0: detected capacity change from 0 to 65536
[   31.392061] XFS: ikeep mount option is deprecated.
[   31.394843] XFS (loop0): Mounting V5 Filesystem
[   31.399503] XFS (loop0): Ending clean mount
[   31.399969] XFS (loop0): Quotacheck needed: Please wait.
[   31.401116] XFS (loop0): Metadata CRC error detected at xfs_agf_read_verify+0x10e/0x140, xfs_agf block 0x1 
[   31.401561] XFS (loop0): Unmount and run xfs_repair
[   31.401781] XFS (loop0): First 128 bytes of corrupted metadata buffer:
[   31.402062] 00000000: 58 41 47 46 00 00 00 01 00 00 00 00 00 00 40 00  XAGF..........@.
[   31.402392] 00000010: 00 00 00 02 00 00 00 03 00 00 00 00 00 00 00 01  ................
[   31.402721] 00000020: 00 00 00 01 00 00 00 00 00 00 01 00 00 00 00 04  ................
[   31.403050] 00000030: 00 00 00 04 00 00 3f ca 00 00 3f c7 00 00 00 00  ......?...?.....
[   31.403379] 00000040: d4 08 de 26 55 fb 48 ab a8 ab aa ce db 20 f9 dd  ...&U.H...... ..
[   31.403708] 00000050: 00 00 00 00 00 00 00 00 00 00 00 00 00 00 00 00  ................
[   31.404036] 00000060: 00 00 00 00 00 00 00 00 00 00 00 00 00 00 00 00  ................
[   31.404364] 00000070: 00 00 00 00 00 00 00 00 00 00 00 00 00 00 00 00  ................
[   31.405326] XFS (loop0): metadata I/O error in "xfs_read_agf+0xd0/0x290" at daddr 0x1 len 1 error 74
[   31.406006] XFS (loop0): Quotacheck: Unsuccessful (Error -117): Disabling quotas.
[   31.407471] XFS (loop0): Metadata CRC error detected at xfs_agf_read_verify+0x10e/0x140, xfs_agf block 0x1 
[   31.407922] XFS (loop0): Unmount and run xfs_repair
[   31.408143] XFS (loop0): First 128 bytes of corrupted metadata buffer:
[   31.408434] 00000000: 58 41 47 46 00 00 00 01 00 00 00 00 00 00 40 00  XAGF..........@.
[   31.408928] 00000010: 00 00 00 02 00 00 00 03 00 00 00 00 00 00 00 01  ................
[   31.409396] 00000020: 00 00 00 01 00 00 00 00 00 00 01 00 00 00 00 04  ................
[   31.409802] 00000030: 00 00 00 04 00 00 3f ca 00 00 3f c7 00 00 00 00  ......?...?.....
[   31.410153] 00000040: d4 08 de 26 55 fb 48 ab a8 ab aa ce db 20 f9 dd  ...&U.H...... ..
[   31.410497] 00000050: 00 00 00 00 00 00 00 00 00 00 00 00 00 00 00 00  ................
[   31.410851] 00000060: 00 00 00 00 00 00 00 00 00 00 00 00 00 00 00 00  ................
[   31.411201] 00000070: 00 00 00 00 00 00 00 00 00 00 00 00 00 00 00 00  ................
[   31.412241] XFS (loop0): metadata I/O error in "xfs_read_agf+0xd0/0x290" at daddr 0x1 len 1 error 74
[   31.421655] XFS (loop0): Unmounting Filesystem
[   31.667828] loop0: detected capacity change from 0 to 65536
[   31.668332] XFS: ikeep mount option is deprecated.
[   31.671025] XFS (loop0): Mounting V5 Filesystem
[   31.675441] XFS (loop0): Ending clean mount
[   31.675930] XFS (loop0): Quotacheck needed: Please wait.
[   31.678529] XFS (loop0): Metadata CRC error detected at xfs_agf_read_verify+0x10e/0x140, xfs_agf block 0x1 
[   31.679225] XFS (loop0): Unmount and run xfs_repair
[   31.679511] XFS (loop0): First 128 bytes of corrupted metadata buffer:
[   31.679920] 00000000: 58 41 47 46 00 00 00 01 00 00 00 00 00 00 40 00  XAGF..........@.
[   31.680407] 00000010: 00 00 00 02 00 00 00 03 00 00 00 00 00 00 00 01  ................
[   31.680915] 00000020: 00 00 00 01 00 00 00 00 00 00 01 00 00 00 00 04  ................
[   31.681397] 00000030: 00 00 00 04 00 00 3f ca 00 00 3f c7 00 00 00 00  ......?...?.....
[   31.681864] 00000040: d4 08 de 26 55 fb 48 ab a8 ab aa ce db 20 f9 dd  ...&U.H...... ..
[   31.682314] 00000050: 00 00 00 00 00 00 00 00 00 00 00 00 00 00 00 00  ................
[   31.682710] 00000060: 00 00 00 00 00 00 00 00 00 00 00 00 00 00 00 00  ................
[   31.683056] 00000070: 00 00 00 00 00 00 00 00 00 00 00 00 00 00 00 00  ................
[   31.683431] XFS (loop0): metadata I/O error in "xfs_read_agf+0xd0/0x290" at daddr 0x1 len 1 error 74
[   31.685979] XFS (loop0): Quotacheck: Unsuccessful (Error -117): Disabling quotas.
[   31.691169] XFS (loop0): Metadata CRC error detected at xfs_agf_read_verify+0x10e/0x140, xfs_agf block 0x1 
[   31.691608] XFS (loop0): Unmount and run xfs_repair
[   31.691827] XFS (loop0): First 128 bytes of corrupted metadata buffer:
[   31.692106] 00000000: 58 41 47 46 00 00 00 01 00 00 00 00 00 00 40 00  XAGF..........@.
[   31.692449] 00000010: 00 00 00 02 00 00 00 03 00 00 00 00 00 00 00 01  ................
[   31.692797] 00000020: 00 00 00 01 00 00 00 00 00 00 01 00 00 00 00 04  ................
[   31.693132] 00000030: 00 00 00 04 00 00 3f ca 00 00 3f c7 00 00 00 00  ......?...?.....
[   31.693472] 00000040: d4 08 de 26 55 fb 48 ab a8 ab aa ce db 20 f9 dd  ...&U.H...... ..
[   31.693814] 00000050: 00 00 00 00 00 00 00 00 00 00 00 00 00 00 00 00  ................
[   31.694163] 00000060: 00 00 00 00 00 00 00 00 00 00 00 00 00 00 00 00  ................
[   31.694507] 00000070: 00 00 00 00 00 00 00 00 00 00 00 00 00 00 00 00  ................
[   31.694859] XFS (loop0): metadata I/O error in "xfs_read_agf+0xd0/0x290" at daddr 0x1 len 1 error 74
[   31.697054] XFS (loop0): Unmounting Filesystem
[   31.920236] loop0: detected capacity change from 0 to 65536
[   31.920737] XFS: ikeep mount option is deprecated.
[   31.922157] XFS (loop0): Mounting V5 Filesystem
[   31.928749] XFS (loop0): Ending clean mount
[   31.929453] XFS (loop0): Quotacheck needed: Please wait.
[   31.931720] XFS (loop0): Metadata CRC error detected at xfs_agf_read_verify+0x10e/0x140, xfs_agf block 0x1 
[   31.932584] XFS (loop0): Unmount and run xfs_repair
[   31.932987] XFS (loop0): First 128 bytes of corrupted metadata buffer:
[   31.933491] 00000000: 58 41 47 46 00 00 00 01 00 00 00 00 00 00 40 00  XAGF..........@.
[   31.934115] 00000010: 00 00 00 02 00 00 00 03 00 00 00 00 00 00 00 01  ................
[   31.934747] 00000020: 00 00 00 01 00 00 00 00 00 00 01 00 00 00 00 04  ................
[   31.935369] 00000030: 00 00 00 04 00 00 3f ca 00 00 3f c7 00 00 00 00  ......?...?.....
[   31.935991] 00000040: d4 08 de 26 55 fb 48 ab a8 ab aa ce db 20 f9 dd  ...&U.H...... ..
[   31.936641] 00000050: 00 00 00 00 00 00 00 00 00 00 00 00 00 00 00 00  ................
[   31.937276] 00000060: 00 00 00 00 00 00 00 00 00 00 00 00 00 00 00 00  ................
[   31.937914] 00000070: 00 00 00 00 00 00 00 00 00 00 00 00 00 00 00 00  ................
[   31.938459] XFS (loop0): metadata I/O error in "xfs_read_agf+0xd0/0x290" at daddr 0x1 len 1 error 74
[   31.939291] XFS (loop0): Quotacheck: Unsuccessful (Error -117): Disabling quotas.
[   31.944966] XFS (loop0): Metadata CRC error detected at xfs_agf_read_verify+0x10e/0x140, xfs_agf block 0x1 
[   31.945774] XFS (loop0): Unmount and run xfs_repair
[   31.946173] XFS (loop0): First 128 bytes of corrupted metadata buffer:
[   31.946689] 00000000: 58 41 47 46 00 00 00 01 00 00 00 00 00 00 40 00  XAGF..........@.
[   31.947311] 00000010: 00 00 00 02 00 00 00 03 00 00 00 00 00 00 00 01  ................
[   31.947925] 00000020: 00 00 00 01 00 00 00 00 00 00 01 00 00 00 00 04  ................
[   31.948594] 00000030: 00 00 00 04 00 00 3f ca 00 00 3f c7 00 00 00 00  ......?...?.....
[   31.949215] 00000040: d4 08 de 26 55 fb 48 ab a8 ab aa ce db 20 f9 dd  ...&U.H...... ..
[   31.949832] 00000050: 00 00 00 00 00 00 00 00 00 00 00 00 00 00 00 00  ................
[   31.950471] 00000060: 00 00 00 00 00 00 00 00 00 00 00 00 00 00 00 00  ................
[   31.951086] 00000070: 00 00 00 00 00 00 00 00 00 00 00 00 00 00 00 00  ................
[   31.951720] XFS (loop0): metadata I/O error in "xfs_read_agf+0xd0/0x290" at daddr 0x1 len 1 error 74
[   31.954406] XFS (loop0): Unmounting Filesystem
[   32.185032] loop0: detected capacity change from 0 to 65536
[   32.185540] XFS: ikeep mount option is deprecated.
[   32.186848] XFS (loop0): Mounting V5 Filesystem
[   32.194367] XFS (loop0): Ending clean mount
[   32.195232] XFS (loop0): Quotacheck needed: Please wait.
[   32.197264] XFS (loop0): Metadata CRC error detected at xfs_agf_read_verify+0x10e/0x140, xfs_agf block 0x1 
[   32.198090] XFS (loop0): Unmount and run xfs_repair
[   32.198495] XFS (loop0): First 128 bytes of corrupted metadata buffer:
[   32.199020] 00000000: 58 41 47 46 00 00 00 01 00 00 00 00 00 00 40 00  XAGF..........@.
[   32.199632] 00000010: 00 00 00 02 00 00 00 03 00 00 00 00 00 00 00 01  ................
[   32.200242] 00000020: 00 00 00 01 00 00 00 00 00 00 01 00 00 00 00 04  ................
[   32.200887] 00000030: 00 00 00 04 00 00 3f ca 00 00 3f c7 00 00 00 00  ......?...?.....
[   32.201497] 00000040: d4 08 de 26 55 fb 48 ab a8 ab aa ce db 20 f9 dd  ...&U.H...... ..
[   32.202115] 00000050: 00 00 00 00 00 00 00 00 00 00 00 00 00 00 00 00  ................
[   32.202724] 00000060: 00 00 00 00 00 00 00 00 00 00 00 00 00 00 00 00  ................
[   32.203337] 00000070: 00 00 00 00 00 00 00 00 00 00 00 00 00 00 00 00  ................
[   32.204064] XFS (loop0): metadata I/O error in "xfs_read_agf+0xd0/0x290" at daddr 0x1 len 1 error 74
[   32.206297] XFS (loop0): Quotacheck: Unsuccessful (Error -117): Disabling quotas.
[   32.217509] XFS (loop0): Metadata CRC error detected at xfs_agf_read_verify+0x10e/0x140, xfs_agf block 0x1 
[   32.217974] XFS (loop0): Unmount and run xfs_repair
[   32.218255] XFS (loop0): First 128 bytes of corrupted metadata buffer:
[   32.218628] 00000000: 58 41 47 46 00 00 00 01 00 00 00 00 00 00 40 00  XAGF..........@.
[   32.219094] 00000010: 00 00 00 02 00 00 00 03 00 00 00 00 00 00 00 01  ................
[   32.219551] 00000020: 00 00 00 01 00 00 00 00 00 00 01 00 00 00 00 04  ................
[   32.219998] 00000030: 00 00 00 04 00 00 3f ca 00 00 3f c7 00 00 00 00  ......?...?.....
[   32.220445] 00000040: d4 08 de 26 55 fb 48 ab a8 ab aa ce db 20 f9 dd  ...&U.H...... ..
[   32.220937] 00000050: 00 00 00 00 00 00 00 00 00 00 00 00 00 00 00 00  ................
[   32.221387] 00000060: 00 00 00 00 00 00 00 00 00 00 00 00 00 00 00 00  ................
[   32.221849] 00000070: 00 00 00 00 00 00 00 00 00 00 00 00 00 00 00 00  ................
[   32.222301] XFS (loop0): metadata I/O error in "xfs_read_agf+0xd0/0x290" at daddr 0x1 len 1 error 74
[   32.224553] XFS (loop0): Unmounting Filesystem
[   32.484156] loop0: detected capacity change from 0 to 65536
[   32.484669] XFS: ikeep mount option is deprecated.
[   32.485963] XFS (loop0): Mounting V5 Filesystem
[   32.489374] XFS (loop0): Ending clean mount
[   32.489794] XFS (loop0): Quotacheck needed: Please wait.
[   32.491798] XFS (loop0): Metadata CRC error detected at xfs_agf_read_verify+0x10e/0x140, xfs_agf block 0x1 
[   32.492258] XFS (loop0): Unmount and run xfs_repair
[   32.492494] XFS (loop0): First 128 bytes of corrupted metadata buffer:
[   32.492784] 00000000: 58 41 47 46 00 00 00 01 00 00 00 00 00 00 40 00  XAGF..........@.
[   32.493120] 00000010: 00 00 00 02 00 00 00 03 00 00 00 00 00 00 00 01  ................
[   32.493452] 00000020: 00 00 00 01 00 00 00 00 00 00 01 00 00 00 00 04  ................
[   32.493791] 00000030: 00 00 00 04 00 00 3f ca 00 00 3f c7 00 00 00 00  ......?...?.....
[   32.494142] 00000040: d4 08 de 26 55 fb 48 ab a8 ab aa ce db 20 f9 dd  ...&U.H...... ..
[   32.494482] 00000050: 00 00 00 00 00 00 00 00 00 00 00 00 00 00 00 00  ................
[   32.494828] 00000060: 00 00 00 00 00 00 00 00 00 00 00 00 00 00 00 00  ................
[   32.495164] 00000070: 00 00 00 00 00 00 00 00 00 00 00 00 00 00 00 00  ................
[   32.495582] XFS (loop0): metadata I/O error in "xfs_read_agf+0xd0/0x290" at daddr 0x1 len 1 error 74
[   32.496232] XFS (loop0): Quotacheck: Unsuccessful (Error -117): Disabling quotas.
[   32.500531] XFS (loop0): Metadata CRC error detected at xfs_agf_read_verify+0x10e/0x140, xfs_agf block 0x1 
[   32.500963] XFS (loop0): Unmount and run xfs_repair
[   32.501171] XFS (loop0): First 128 bytes of corrupted metadata buffer:
[   32.501449] 00000000: 58 41 47 46 00 00 00 01 00 00 00 00 00 00 40 00  XAGF..........@.
[   32.501779] 00000010: 00 00 00 02 00 00 00 03 00 00 00 00 00 00 00 01  ................
[   32.502116] 00000020: 00 00 00 01 00 00 00 00 00 00 01 00 00 00 00 04  ................
[   32.502447] 00000030: 00 00 00 04 00 00 3f ca 00 00 3f c7 00 00 00 00  ......?...?.....
[   32.502777] 00000040: d4 08 de 26 55 fb 48 ab a8 ab aa ce db 20 f9 dd  ...&U.H...... ..
[   32.503107] 00000050: 00 00 00 00 00 00 00 00 00 00 00 00 00 00 00 00  ................
[   32.503439] 00000060: 00 00 00 00 00 00 00 00 00 00 00 00 00 00 00 00  ................
[   32.503775] 00000070: 00 00 00 00 00 00 00 00 00 00 00 00 00 00 00 00  ................
[   32.504967] XFS (loop0): metadata I/O error in "xfs_read_agf+0xd0/0x290" at daddr 0x1 len 1 error 74
[   32.506659] XFS (loop0): Unmounting Filesystem
[   32.731299] loop0: detected capacity change from 0 to 65536
[   32.731812] XFS: ikeep mount option is deprecated.
[   32.733189] XFS (loop0): Mounting V5 Filesystem
[   32.736818] XFS (loop0): Ending clean mount
[   32.737265] XFS (loop0): Quotacheck needed: Please wait.
[   32.739541] XFS (loop0): Metadata CRC error detected at xfs_agf_read_verify+0x10e/0x140, xfs_agf block 0x1 
[   32.740372] XFS (loop0): Unmount and run xfs_repair
[   32.740812] XFS (loop0): First 128 bytes of corrupted metadata buffer:
[   32.741334] 00000000: 58 41 47 46 00 00 00 01 00 00 00 00 00 00 40 00  XAGF..........@.
[   32.741967] 00000010: 00 00 00 02 00 00 00 03 00 00 00 00 00 00 00 01  ................
[   32.742604] 00000020: 00 00 00 01 00 00 00 00 00 00 01 00 00 00 00 04  ................
[   32.743233] 00000030: 00 00 00 04 00 00 3f ca 00 00 3f c7 00 00 00 00  ......?...?.....
[   32.743855] 00000040: d4 08 de 26 55 fb 48 ab a8 ab aa ce db 20 f9 dd  ...&U.H...... ..
[   32.744553] 00000050: 00 00 00 00 00 00 00 00 00 00 00 00 00 00 00 00  ................
[   32.745275] 00000060: 00 00 00 00 00 00 00 00 00 00 00 00 00 00 00 00  ................
[   32.745829] 00000070: 00 00 00 00 00 00 00 00 00 00 00 00 00 00 00 00  ................
[   32.746622] XFS (loop0): metadata I/O error in "xfs_read_agf+0xd0/0x290" at daddr 0x1 len 1 error 74
[   32.747690] XFS (loop0): Quotacheck: Unsuccessful (Error -117): Disabling quotas.
[   32.755309] XFS (loop0): Metadata CRC error detected at xfs_agf_read_verify+0x10e/0x140, xfs_agf block 0x1 
[   32.756100] XFS (loop0): Unmount and run xfs_repair
[   32.756520] XFS (loop0): First 128 bytes of corrupted metadata buffer:
[   32.757046] 00000000: 58 41 47 46 00 00 00 01 00 00 00 00 00 00 40 00  XAGF..........@.
[   32.757669] 00000010: 00 00 00 02 00 00 00 03 00 00 00 00 00 00 00 01  ................
[   32.758246] 00000020: 00 00 00 01 00 00 00 00 00 00 01 00 00 00 00 04  ................
[   32.758603] 00000030: 00 00 00 04 00 00 3f ca 00 00 3f c7 00 00 00 00  ......?...?.....
[   32.758956] 00000040: d4 08 de 26 55 fb 48 ab a8 ab aa ce db 20 f9 dd  ...&U.H...... ..
[   32.759308] 00000050: 00 00 00 00 00 00 00 00 00 00 00 00 00 00 00 00  ................
[   32.759662] 00000060: 00 00 00 00 00 00 00 00 00 00 00 00 00 00 00 00  ................
[   32.760015] 00000070: 00 00 00 00 00 00 00 00 00 00 00 00 00 00 00 00  ................
[   32.760383] XFS (loop0): metadata I/O error in "xfs_read_agf+0xd0/0x290" at daddr 0x1 len 1 error 74
[   32.765223] XFS (loop0): Unmounting Filesystem
[   33.017955] loop0: detected capacity change from 0 to 65536
[   33.018470] XFS: ikeep mount option is deprecated.
[   33.019554] XFS (loop0): Mounting V5 Filesystem
[   33.024511] XFS (loop0): Ending clean mount
[   33.024950] XFS (loop0): Quotacheck needed: Please wait.
[   33.026887] XFS (loop0): Metadata CRC error detected at xfs_agf_read_verify+0x10e/0x140, xfs_agf block 0x1 
[   33.027336] XFS (loop0): Unmount and run xfs_repair
[   33.027553] XFS (loop0): First 128 bytes of corrupted metadata buffer:
[   33.027829] 00000000: 58 41 47 46 00 00 00 01 00 00 00 00 00 00 40 00  XAGF..........@.
[   33.028162] 00000010: 00 00 00 02 00 00 00 03 00 00 00 00 00 00 00 01  ................
[   33.028518] 00000020: 00 00 00 01 00 00 00 00 00 00 01 00 00 00 00 04  ................
[   33.028858] 00000030: 00 00 00 04 00 00 3f ca 00 00 3f c7 00 00 00 00  ......?...?.....
[   33.029191] 00000040: d4 08 de 26 55 fb 48 ab a8 ab aa ce db 20 f9 dd  ...&U.H...... ..
[   33.029524] 00000050: 00 00 00 00 00 00 00 00 00 00 00 00 00 00 00 00  ................
[   33.029859] 00000060: 00 00 00 00 00 00 00 00 00 00 00 00 00 00 00 00  ................
[   33.030196] 00000070: 00 00 00 00 00 00 00 00 00 00 00 00 00 00 00 00  ................
[   33.030583] XFS (loop0): metadata I/O error in "xfs_read_agf+0xd0/0x290" at daddr 0x1 len 1 error 74
[   33.031464] XFS (loop0): Quotacheck: Unsuccessful (Error -117): Disabling quotas.
[   33.040219] XFS (loop0): Metadata CRC error detected at xfs_agf_read_verify+0x10e/0x140, xfs_agf block 0x1 
[   33.040667] XFS (loop0): Unmount and run xfs_repair
[   33.040891] XFS (loop0): First 128 bytes of corrupted metadata buffer:
[   33.041172] 00000000: 58 41 47 46 00 00 00 01 00 00 00 00 00 00 40 00  XAGF..........@.
[   33.041509] 00000010: 00 00 00 02 00 00 00 03 00 00 00 00 00 00 00 01  ................
[   33.041850] 00000020: 00 00 00 01 00 00 00 00 00 00 01 00 00 00 00 04  ................
[   33.042184] 00000030: 00 00 00 04 00 00 3f ca 00 00 3f c7 00 00 00 00  ......?...?.....
[   33.042515] 00000040: d4 08 de 26 55 fb 48 ab a8 ab aa ce db 20 f9 dd  ...&U.H...... ..
[   33.042859] 00000050: 00 00 00 00 00 00 00 00 00 00 00 00 00 00 00 00  ................
[   33.043189] 00000060: 00 00 00 00 00 00 00 00 00 00 00 00 00 00 00 00  ................
[   33.043520] 00000070: 00 00 00 00 00 00 00 00 00 00 00 00 00 00 00 00  ................
[   33.043860] XFS (loop0): metadata I/O error in "xfs_read_agf+0xd0/0x290" at daddr 0x1 len 1 error 74
[   33.052706] XFS (loop0): Unmounting Filesystem
[   33.304057] loop0: detected capacity change from 0 to 65536
[   33.304535] XFS: ikeep mount option is deprecated.
[   33.305662] XFS (loop0): Mounting V5 Filesystem
[   33.309431] XFS (loop0): Ending clean mount
[   33.310095] XFS (loop0): Quotacheck needed: Please wait.
[   33.310894] XFS (loop0): Metadata CRC error detected at xfs_agf_read_verify+0x10e/0x140, xfs_agf block 0x1 
[   33.311687] XFS (loop0): Unmount and run xfs_repair
[   33.312080] XFS (loop0): First 128 bytes of corrupted metadata buffer:
[   33.312605] 00000000: 58 41 47 46 00 00 00 01 00 00 00 00 00 00 40 00  XAGF..........@.
[   33.313213] 00000010: 00 00 00 02 00 00 00 03 00 00 00 00 00 00 00 01  ................
[   33.313820] 00000020: 00 00 00 01 00 00 00 00 00 00 01 00 00 00 00 04  ................
[   33.314428] 00000030: 00 00 00 04 00 00 3f ca 00 00 3f c7 00 00 00 00  ......?...?.....
[   33.315030] 00000040: d4 08 de 26 55 fb 48 ab a8 ab aa ce db 20 f9 dd  ...&U.H...... ..
[   33.315634] 00000050: 00 00 00 00 00 00 00 00 00 00 00 00 00 00 00 00  ................
[   33.316235] 00000060: 00 00 00 00 00 00 00 00 00 00 00 00 00 00 00 00  ................
[   33.316857] 00000070: 00 00 00 00 00 00 00 00 00 00 00 00 00 00 00 00  ................
[   33.317476] XFS (loop0): metadata I/O error in "xfs_read_agf+0xd0/0x290" at daddr 0x1 len 1 error 74
[   33.318583] XFS (loop0): Quotacheck: Unsuccessful (Error -117): Disabling quotas.
[   33.325636] XFS (loop0): Metadata CRC error detected at xfs_agf_read_verify+0x10e/0x140, xfs_agf block 0x1 
[   33.326273] XFS (loop0): Unmount and run xfs_repair
[   33.326479] XFS (loop0): First 128 bytes of corrupted metadata buffer:
[   33.326754] 00000000: 58 41 47 46 00 00 00 01 00 00 00 00 00 00 40 00  XAGF..........@.
[   33.327077] 00000010: 00 00 00 02 00 00 00 03 00 00 00 00 00 00 00 01  ................
[   33.327399] 00000020: 00 00 00 01 00 00 00 00 00 00 01 00 00 00 00 04  ................
[   33.327722] 00000030: 00 00 00 04 00 00 3f ca 00 00 3f c7 00 00 00 00  ......?...?.....
[   33.328044] 00000040: d4 08 de 26 55 fb 48 ab a8 ab aa ce db 20 f9 dd  ...&U.H...... ..
[   33.328366] 00000050: 00 00 00 00 00 00 00 00 00 00 00 00 00 00 00 00  ................
[   33.328701] 00000060: 00 00 00 00 00 00 00 00 00 00 00 00 00 00 00 00  ................
[   33.329024] 00000070: 00 00 00 00 00 00 00 00 00 00 00 00 00 00 00 00  ................
[   33.329359] XFS (loop0): metadata I/O error in "xfs_read_agf+0xd0/0x290" at daddr 0x1 len 1 error 74
[   33.331181] XFS (loop0): Unmounting Filesystem
[   33.549152] loop0: detected capacity change from 0 to 65536
[   33.549642] XFS: ikeep mount option is deprecated.
[   33.550980] XFS (loop0): Mounting V5 Filesystem
[   33.555730] XFS (loop0): Ending clean mount
[   33.556194] XFS (loop0): Quotacheck needed: Please wait.
[   33.558696] XFS (loop0): Metadata CRC error detected at xfs_agf_read_verify+0x10e/0x140, xfs_agf block 0x1 
[   33.559494] XFS (loop0): Unmount and run xfs_repair
[   33.559889] XFS (loop0): First 128 bytes of corrupted metadata buffer:
[   33.560394] 00000000: 58 41 47 46 00 00 00 01 00 00 00 00 00 00 40 00  XAGF..........@.
[   33.561025] 00000010: 00 00 00 02 00 00 00 03 00 00 00 00 00 00 00 01  ................
[   33.561635] 00000020: 00 00 00 01 00 00 00 00 00 00 01 00 00 00 00 04  ................
[   33.562254] 00000030: 00 00 00 04 00 00 3f ca 00 00 3f c7 00 00 00 00  ......?...?.....
[   33.562934] 00000040: d4 08 de 26 55 fb 48 ab a8 ab aa ce db 20 f9 dd  ...&U.H...... ..
[   33.563581] 00000050: 00 00 00 00 00 00 00 00 00 00 00 00 00 00 00 00  ................
[   33.564239] 00000060: 00 00 00 00 00 00 00 00 00 00 00 00 00 00 00 00  ................
[   33.564921] 00000070: 00 00 00 00 00 00 00 00 00 00 00 00 00 00 00 00  ................
[   33.565564] XFS (loop0): metadata I/O error in "xfs_read_agf+0xd0/0x290" at daddr 0x1 len 1 error 74
[   33.566319] XFS (loop0): Quotacheck: Unsuccessful (Error -117): Disabling quotas.
[   33.568531] XFS (loop0): Metadata CRC error detected at xfs_agf_read_verify+0x10e/0x140, xfs_agf block 0x1 
[   33.568973] XFS (loop0): Unmount and run xfs_repair
[   33.569191] XFS (loop0): First 128 bytes of corrupted metadata buffer:
[   33.569477] 00000000: 58 41 47 46 00 00 00 01 00 00 00 00 00 00 40 00  XAGF..........@.
[   33.569824] 00000010: 00 00 00 02 00 00 00 03 00 00 00 00 00 00 00 01  ................
[   33.570174] 00000020: 00 00 00 01 00 00 00 00 00 00 01 00 00 00 00 04  ................
[   33.570519] 00000030: 00 00 00 04 00 00 3f ca 00 00 3f c7 00 00 00 00  ......?...?.....
[   33.570865] 00000040: d4 08 de 26 55 fb 48 ab a8 ab aa ce db 20 f9 dd  ...&U.H...... ..
[   33.571210] 00000050: 00 00 00 00 00 00 00 00 00 00 00 00 00 00 00 00  ................
[   33.571555] 00000060: 00 00 00 00 00 00 00 00 00 00 00 00 00 00 00 00  ................
[   33.571900] 00000070: 00 00 00 00 00 00 00 00 00 00 00 00 00 00 00 00  ................
[   33.573034] XFS (loop0): metadata I/O error in "xfs_read_agf+0xd0/0x290" at daddr 0x1 len 1 error 74
[   33.574654] XFS (loop0): Unmounting Filesystem
[   33.806813] loop0: detected capacity change from 0 to 65536
[   33.807273] XFS: ikeep mount option is deprecated.
[   33.808854] XFS (loop0): Mounting V5 Filesystem
[   33.813538] XFS (loop0): Ending clean mount
[   33.814005] XFS (loop0): Quotacheck needed: Please wait.
[   33.815597] XFS (loop0): Metadata CRC error detected at xfs_agf_read_verify+0x10e/0x140, xfs_agf block 0x1 
[   33.816066] XFS (loop0): Unmount and run xfs_repair
[   33.816291] XFS (loop0): First 128 bytes of corrupted metadata buffer:
[   33.816602] 00000000: 58 41 47 46 00 00 00 01 00 00 00 00 00 00 40 00  XAGF..........@.
[   33.816948] 00000010: 00 00 00 02 00 00 00 03 00 00 00 00 00 00 00 01  ................
[   33.817309] 00000020: 00 00 00 01 00 00 00 00 00 00 01 00 00 00 00 04  ................
[   33.817655] 00000030: 00 00 00 04 00 00 3f ca 00 00 3f c7 00 00 00 00  ......?...?.....
[   33.817995] 00000040: d4 08 de 26 55 fb 48 ab a8 ab aa ce db 20 f9 dd  ...&U.H...... ..
[   33.818337] 00000050: 00 00 00 00 00 00 00 00 00 00 00 00 00 00 00 00  ................
[   33.818677] 00000060: 00 00 00 00 00 00 00 00 00 00 00 00 00 00 00 00  ................
[   33.819027] 00000070: 00 00 00 00 00 00 00 00 00 00 00 00 00 00 00 00  ................
[   33.820078] XFS (loop0): metadata I/O error in "xfs_read_agf+0xd0/0x290" at daddr 0x1 len 1 error 74
[   33.821370] XFS (loop0): Quotacheck: Unsuccessful (Error -117): Disabling quotas.
[   33.822788] XFS (loop0): Metadata CRC error detected at xfs_agf_read_verify+0x10e/0x140, xfs_agf block 0x1 
[   33.823230] XFS (loop0): Unmount and run xfs_repair
[   33.823448] XFS (loop0): First 128 bytes of corrupted metadata buffer:
[   33.823743] 00000000: 58 41 47 46 00 00 00 01 00 00 00 00 00 00 40 00  XAGF..........@.
[   33.824097] 00000010: 00 00 00 02 00 00 00 03 00 00 00 00 00 00 00 01  ................
[   33.824448] 00000020: 00 00 00 01 00 00 00 00 00 00 01 00 00 00 00 04  ................
[   33.824818] 00000030: 00 00 00 04 00 00 3f ca 00 00 3f c7 00 00 00 00  ......?...?.....
[   33.825157] 00000040: d4 08 de 26 55 fb 48 ab a8 ab aa ce db 20 f9 dd  ...&U.H...... ..
[   33.825495] 00000050: 00 00 00 00 00 00 00 00 00 00 00 00 00 00 00 00  ................
[   33.825844] 00000060: 00 00 00 00 00 00 00 00 00 00 00 00 00 00 00 00  ................
[   33.826190] 00000070: 00 00 00 00 00 00 00 00 00 00 00 00 00 00 00 00  ................
[   33.827910] XFS (loop0): metadata I/O error in "xfs_read_agf+0xd0/0x290" at daddr 0x1 len 1 error 74
[   33.828348] xfs_discard_folio: 9 callbacks suppressed
[   33.828354] XFS (loop0): page discard on page 0000000065f1cf5d, inode 0x2b, pos 0.
[   33.831955] XFS (loop0): Unmounting Filesystem
[   34.035910] loop0: detected capacity change from 0 to 65536
[   34.036370] XFS: ikeep mount option is deprecated.
[   34.037516] XFS (loop0): Mounting V5 Filesystem
[   34.040836] XFS (loop0): Ending clean mount
[   34.041346] XFS (loop0): Quotacheck needed: Please wait.
[   34.043336] XFS (loop0): Metadata CRC error detected at xfs_agf_read_verify+0x10e/0x140, xfs_agf block 0x1 
[   34.043804] XFS (loop0): Unmount and run xfs_repair
[   34.044023] XFS (loop0): First 128 bytes of corrupted metadata buffer:
[   34.044309] 00000000: 58 41 47 46 00 00 00 01 00 00 00 00 00 00 40 00  XAGF..........@.
[   34.044672] 00000010: 00 00 00 02 00 00 00 03 00 00 00 00 00 00 00 01  ................
[   34.045016] 00000020: 00 00 00 01 00 00 00 00 00 00 01 00 00 00 00 04  ................
[   34.045362] 00000030: 00 00 00 04 00 00 3f ca 00 00 3f c7 00 00 00 00  ......?...?.....
[   34.045706] 00000040: d4 08 de 26 55 fb 48 ab a8 ab aa ce db 20 f9 dd  ...&U.H...... ..
[   34.046058] 00000050: 00 00 00 00 00 00 00 00 00 00 00 00 00 00 00 00  ................
[   34.046402] 00000060: 00 00 00 00 00 00 00 00 00 00 00 00 00 00 00 00  ................
[   34.046757] 00000070: 00 00 00 00 00 00 00 00 00 00 00 00 00 00 00 00  ................
[   34.047163] XFS (loop0): metadata I/O error in "xfs_read_agf+0xd0/0x290" at daddr 0x1 len 1 error 74
[   34.047934] XFS (loop0): Quotacheck: Unsuccessful (Error -117): Disabling quotas.
[   34.052968] XFS (loop0): Metadata CRC error detected at xfs_agf_read_verify+0x10e/0x140, xfs_agf block 0x1 
[   34.053411] XFS (loop0): Unmount and run xfs_repair
[   34.053647] XFS (loop0): First 128 bytes of corrupted metadata buffer:
[   34.053926] 00000000: 58 41 47 46 00 00 00 01 00 00 00 00 00 00 40 00  XAGF..........@.
[   34.054277] 00000010: 00 00 00 02 00 00 00 03 00 00 00 00 00 00 00 01  ................
[   34.054643] 00000020: 00 00 00 01 00 00 00 00 00 00 01 00 00 00 00 04  ................
[   34.054978] 00000030: 00 00 00 04 00 00 3f ca 00 00 3f c7 00 00 00 00  ......?...?.....
[   34.055310] 00000040: d4 08 de 26 55 fb 48 ab a8 ab aa ce db 20 f9 dd  ...&U.H...... ..
[   34.055658] 00000050: 00 00 00 00 00 00 00 00 00 00 00 00 00 00 00 00  ................
[   34.056000] 00000060: 00 00 00 00 00 00 00 00 00 00 00 00 00 00 00 00  ................
[   34.056345] 00000070: 00 00 00 00 00 00 00 00 00 00 00 00 00 00 00 00  ................
[   34.056722] XFS (loop0): metadata I/O error in "xfs_read_agf+0xd0/0x290" at daddr 0x1 len 1 error 74
[   34.057154] XFS (loop0): page discard on page 0000000020390134, inode 0x2b, pos 0.
[   34.059031] XFS (loop0): Unmounting Filesystem
[   34.355994] loop0: detected capacity change from 0 to 65536
[   34.356497] XFS: ikeep mount option is deprecated.
[   34.357814] XFS (loop0): Mounting V5 Filesystem
[   34.361887] XFS (loop0): Ending clean mount
[   34.362484] XFS (loop0): Quotacheck needed: Please wait.
[   34.364762] XFS (loop0): Metadata CRC error detected at xfs_agf_read_verify+0x10e/0x140, xfs_agf block 0x1 
[   34.365424] XFS (loop0): Unmount and run xfs_repair
[   34.365750] XFS (loop0): First 128 bytes of corrupted metadata buffer:
[   34.366230] 00000000: 58 41 47 46 00 00 00 01 00 00 00 00 00 00 40 00  XAGF..........@.
[   34.366843] 00000010: 00 00 00 02 00 00 00 03 00 00 00 00 00 00 00 01  ................
[   34.367448] 00000020: 00 00 00 01 00 00 00 00 00 00 01 00 00 00 00 04  ................
[   34.368053] 00000030: 00 00 00 04 00 00 3f ca 00 00 3f c7 00 00 00 00  ......?...?.....
[   34.368735] 00000040: d4 08 de 26 55 fb 48 ab a8 ab aa ce db 20 f9 dd  ...&U.H...... ..
[   34.369346] 00000050: 00 00 00 00 00 00 00 00 00 00 00 00 00 00 00 00  ................
[   34.369953] 00000060: 00 00 00 00 00 00 00 00 00 00 00 00 00 00 00 00  ................
[   34.370566] 00000070: 00 00 00 00 00 00 00 00 00 00 00 00 00 00 00 00  ................
[   34.371193] XFS (loop0): metadata I/O error in "xfs_read_agf+0xd0/0x290" at daddr 0x1 len 1 error 74
[   34.372176] XFS (loop0): Quotacheck: Unsuccessful (Error -117): Disabling quotas.
[   34.379672] XFS (loop0): Metadata CRC error detected at xfs_agf_read_verify+0x10e/0x140, xfs_agf block 0x1 
[   34.380443] XFS (loop0): Unmount and run xfs_repair
[   34.380863] XFS (loop0): First 128 bytes of corrupted metadata buffer:
