c[?7l[2J[0mSeaBIOS (version rel-1.16.0-0-gd239552ce722-prebuilt.qemu.org)


iPXE (http://ipxe.org) 00:03.0 CA00 PCI2.10 PnP PMM+7FF91000+7FEF1000 CA00
Press Ctrl-B to configure iPXE (PCI 00:03.0)...                                                                               


Booting from ROM..c[?7l[2J[    0.000000] Linux version 6.2.0-e492250d5252+ (root@p-adls01) (gcc (GCC) 8.5.0 20210514 (Red Hat 8.5.0-18), GNU ld version 2.36.1-2.el8) #1 SMP PREEMPT_DYNAMIC Sat Mar 11 03:54:59 CST 2023
[    0.000000] Command line: console=ttyS0 root=/dev/sda earlyprintk=serial net.ifnames=0
[    0.000000] KERNEL supported cpus:
[    0.000000]   Intel GenuineIntel
[    0.000000]   AMD AuthenticAMD
[    0.000000]   Hygon HygonGenuine
[    0.000000]   Centaur CentaurHauls
[    0.000000]   zhaoxin   Shanghai  
[    0.000000] x86/fpu: Supporting XSAVE feature 0x001: 'x87 floating point registers'
[    0.000000] x86/fpu: Supporting XSAVE feature 0x002: 'SSE registers'
[    0.000000] x86/fpu: Supporting XSAVE feature 0x004: 'AVX registers'
[    0.000000] x86/fpu: Supporting XSAVE feature 0x200: 'Protection Keys User registers'
[    0.000000] x86/fpu: xstate_offset[2]:  576, xstate_sizes[2]:  256
[    0.000000] x86/fpu: xstate_offset[9]:  832, xstate_sizes[9]:    8
[    0.000000] x86/fpu: Enabled xstate features 0x207, context size is 840 bytes, using 'compacted' format.
[    0.000000] signal: max sigframe size: 3632
[    0.000000] BIOS-provided physical RAM map:
[    0.000000] BIOS-e820: [mem 0x0000000000000000-0x000000000009fbff] usable
[    0.000000] BIOS-e820: [mem 0x000000000009fc00-0x000000000009ffff] reserved
[    0.000000] BIOS-e820: [mem 0x00000000000f0000-0x00000000000fffff] reserved
[    0.000000] BIOS-e820: [mem 0x0000000000100000-0x000000007ffdffff] usable
[    0.000000] BIOS-e820: [mem 0x000000007ffe0000-0x000000007fffffff] reserved
[    0.000000] BIOS-e820: [mem 0x00000000feffc000-0x00000000feffffff] reserved
[    0.000000] BIOS-e820: [mem 0x00000000fffc0000-0x00000000ffffffff] reserved
[    0.000000] printk: bootconsole [earlyser0] enabled
[    0.000000] NX (Execute Disable) protection: active
[    0.000000] SMBIOS 2.8 present.
[    0.000000] DMI: QEMU Standard PC (i440FX + PIIX, 1996), BIOS rel-1.16.0-0-gd239552ce722-prebuilt.qemu.org 04/01/2014
[    0.000000] Hypervisor detected: KVM
[    0.000000] kvm-clock: Using msrs 4b564d01 and 4b564d00
[    0.000002] kvm-clock: using sched offset of 362441977 cycles
[    0.000311] clocksource: kvm-clock: mask: 0xffffffffffffffff max_cycles: 0x1cd42e4dffb, max_idle_ns: 881590591483 ns
[    0.001243] tsc: Detected 3609.600 MHz processor
[    0.004000] last_pfn = 0x7ffe0 max_arch_pfn = 0x400000000
[    0.004000] x86/PAT: Configuration [0-7]: WB  WC  UC- UC  WB  WP  UC- WT  
[    0.004000] found SMP MP-table at [mem 0x000f5ba0-0x000f5baf]
[    0.004000] Using GB pages for direct mapping
[    0.004000] ACPI: Early table checksum verification disabled
[    0.004000] ACPI: RSDP 0x00000000000F59C0 000014 (v00 BOCHS )
[    0.004000] ACPI: RSDT 0x000000007FFE1951 000034 (v01 BOCHS  BXPC     00000001 BXPC 00000001)
[    0.004000] ACPI: FACP 0x000000007FFE17FD 000074 (v01 BOCHS  BXPC     00000001 BXPC 00000001)
[    0.004000] ACPI: DSDT 0x000000007FFE0040 0017BD (v01 BOCHS  BXPC     00000001 BXPC 00000001)
[    0.004000] ACPI: FACS 0x000000007FFE0000 000040
[    0.004000] ACPI: APIC 0x000000007FFE1871 000080 (v01 BOCHS  BXPC     00000001 BXPC 00000001)
[    0.004000] ACPI: HPET 0x000000007FFE18F1 000038 (v01 BOCHS  BXPC     00000001 BXPC 00000001)
[    0.004000] ACPI: WAET 0x000000007FFE1929 000028 (v01 BOCHS  BXPC     00000001 BXPC 00000001)
[    0.004000] ACPI: Reserving FACP table memory at [mem 0x7ffe17fd-0x7ffe1870]
[    0.004000] ACPI: Reserving DSDT table memory at [mem 0x7ffe0040-0x7ffe17fc]
[    0.004000] ACPI: Reserving FACS table memory at [mem 0x7ffe0000-0x7ffe003f]
[    0.004000] ACPI: Reserving APIC table memory at [mem 0x7ffe1871-0x7ffe18f0]
[    0.004000] ACPI: Reserving HPET table memory at [mem 0x7ffe18f1-0x7ffe1928]
[    0.004000] ACPI: Reserving WAET table memory at [mem 0x7ffe1929-0x7ffe1950]
[    0.004000] No NUMA configuration found
[    0.004000] Faking a node at [mem 0x0000000000000000-0x000000007ffdffff]
[    0.004000] NODE_DATA(0) allocated [mem 0x7ffb5000-0x7ffdffff]
[    0.004000] Zone ranges:
[    0.004000]   DMA      [mem 0x0000000000001000-0x0000000000ffffff]
[    0.004000]   DMA32    [mem 0x0000000001000000-0x000000007ffdffff]
[    0.004000]   Normal   empty
[    0.004000]   Device   empty
[    0.004000] Movable zone start for each node
[    0.004000] Early memory node ranges
[    0.004000]   node   0: [mem 0x0000000000001000-0x000000000009efff]
[    0.004000]   node   0: [mem 0x0000000000100000-0x000000007ffdffff]
[    0.004000] Initmem setup node 0 [mem 0x0000000000001000-0x000000007ffdffff]
[    0.004000] On node 0, zone DMA: 1 pages in unavailable ranges
[    0.004000] On node 0, zone DMA: 97 pages in unavailable ranges
[    0.004000] On node 0, zone DMA32: 32 pages in unavailable ranges
[    0.004000] ACPI: PM-Timer IO Port: 0x608
[    0.004000] ACPI: LAPIC_NMI (acpi_id[0xff] dfl dfl lint[0x1])
[    0.004000] IOAPIC[0]: apic_id 0, version 17, address 0xfec00000, GSI 0-23
[    0.004000] ACPI: INT_SRC_OVR (bus 0 bus_irq 0 global_irq 2 dfl dfl)
[    0.004000] ACPI: INT_SRC_OVR (bus 0 bus_irq 5 global_irq 5 high level)
[    0.004000] ACPI: INT_SRC_OVR (bus 0 bus_irq 9 global_irq 9 high level)
[    0.004000] ACPI: INT_SRC_OVR (bus 0 bus_irq 10 global_irq 10 high level)
[    0.004000] ACPI: INT_SRC_OVR (bus 0 bus_irq 11 global_irq 11 high level)
[    0.004000] ACPI: Using ACPI (MADT) for SMP configuration information
[    0.004000] ACPI: HPET id: 0x8086a201 base: 0xfed00000
[    0.004000] TSC deadline timer available
[    0.004000] smpboot: Allowing 2 CPUs, 0 hotplug CPUs
[    0.004000] kvm-guest: KVM setup pv remote TLB flush
[    0.004000] kvm-guest: setup PV sched yield
[    0.004000] PM: hibernation: Registered nosave memory: [mem 0x00000000-0x00000fff]
[    0.004000] PM: hibernation: Registered nosave memory: [mem 0x0009f000-0x0009ffff]
[    0.004000] PM: hibernation: Registered nosave memory: [mem 0x000a0000-0x000effff]
[    0.004000] PM: hibernation: Registered nosave memory: [mem 0x000f0000-0x000fffff]
[    0.004000] [mem 0x80000000-0xfeffbfff] available for PCI devices
[    0.004000] Booting paravirtualized kernel on KVM
[    0.004000] clocksource: refined-jiffies: mask: 0xffffffff max_cycles: 0xffffffff, max_idle_ns: 7645519600211568 ns
[    0.004000] setup_percpu: NR_CPUS:8192 nr_cpumask_bits:2 nr_cpu_ids:2 nr_node_ids:1
[    0.004000] percpu: Embedded 65 pages/cpu s229376 r8192 d28672 u1048576
[    0.004000] kvm-guest: PV spinlocks enabled
[    0.004000] PV qspinlock hash table entries: 256 (order: 0, 4096 bytes, linear)
[    0.004000] Fallback order for Node 0: 0 
[    0.004000] Built 1 zonelists, mobility grouping on.  Total pages: 515808
[    0.004000] Policy zone: DMA32
[    0.004000] Kernel command line: net.ifnames=0 console=ttyS0 root=/dev/sda earlyprintk=serial net.ifnames=0
[    0.004000] random: crng init done
[    0.004000] Dentry cache hash table entries: 262144 (order: 9, 2097152 bytes, linear)
[    0.004000] Inode-cache hash table entries: 131072 (order: 8, 1048576 bytes, linear)
[    0.004000] mem auto-init: stack:off, heap alloc:off, heap free:off
[    0.004000] Memory: 1964888K/2096632K available (36864K kernel code, 4578K rwdata, 9848K rodata, 10504K init, 31784K bss, 131488K reserved, 0K cma-reserved)
[    0.004000] SLUB: HWalign=64, Order=0-3, MinObjects=0, CPUs=2, Nodes=1
[    0.004000] kmemleak: Kernel memory leak detector disabled
[    0.004000] ftrace: allocating 68724 entries in 269 pages
[    0.004000] ftrace: allocated 269 pages with 4 groups
[    0.004000] Dynamic Preempt: voluntary
[    0.004000] Running RCU self tests
[    0.004000] Running RCU synchronous self tests
[    0.004000] rcu: Preemptible hierarchical RCU implementation.
[    0.004000] rcu: 	RCU lockdep checking is enabled.
[    0.004000] rcu: 	RCU restricting CPUs from NR_CPUS=8192 to nr_cpu_ids=2.
[    0.004000] 	Trampoline variant of Tasks RCU enabled.
[    0.004000] 	Rude variant of Tasks RCU enabled.
[    0.004000] 	Tracing variant of Tasks RCU enabled.
[    0.004000] rcu: RCU calculated value of scheduler-enlistment delay is 25 jiffies.
[    0.004000] rcu: Adjusting geometry for rcu_fanout_leaf=16, nr_cpu_ids=2
[    0.004000] Running RCU synchronous self tests
[    0.004000] NR_IRQS: 524544, nr_irqs: 440, preallocated irqs: 16
[    0.004000] rcu: srcu_init: Setting srcu_struct sizes based on contention.
[    0.004000] Console: colour VGA+ 80x25
[    0.004000] printk: console [ttyS0] enabled
[    0.004000] printk: console [ttyS0] enabled
[    0.004000] printk: bootconsole [earlyser0] disabled
[    0.004000] printk: bootconsole [earlyser0] disabled
[    0.004000] Lock dependency validator: Copyright (c) 2006 Red Hat, Inc., Ingo Molnar
[    0.004000] ... MAX_LOCKDEP_SUBCLASSES:  8
[    0.004000] ... MAX_LOCK_DEPTH:          48
[    0.004000] ... MAX_LOCKDEP_KEYS:        8192
[    0.004000] ... CLASSHASH_SIZE:          4096
[    0.004000] ... MAX_LOCKDEP_ENTRIES:     32768
[    0.004000] ... MAX_LOCKDEP_CHAINS:      65536
[    0.004000] ... CHAINHASH_SIZE:          32768
[    0.004000]  memory used by lock dependency info: 6365 kB
[    0.004000]  memory used for stack traces: 4224 kB
[    0.004000]  per task-struct memory footprint: 1920 bytes
[    0.004000] ACPI: Core revision 20221020
[    0.004000] clocksource: hpet: mask: 0xffffffff max_cycles: 0xffffffff, max_idle_ns: 19112604467 ns
[    0.004000] APIC: Switch to symmetric I/O mode setup
[    0.004000] x2apic enabled
[    0.004000] Switched APIC routing to physical x2apic.
[    0.004000] kvm-guest: setup PV IPIs
[    0.004000] ..TIMER: vector=0x30 apic1=0 pin1=2 apic2=-1 pin2=-1
[    0.004000] clocksource: tsc-early: mask: 0xffffffffffffffff max_cycles: 0x3407c077a8d, max_idle_ns: 440795342283 ns
[    0.119035] Calibrating delay loop (skipped) preset value.. 7219.20 BogoMIPS (lpj=14438400)
[    0.119521] pid_max: default: 32768 minimum: 301
[    0.119853] LSM: initializing lsm=capability,yama,integrity
[    0.120209] Yama: becoming mindful.
[    0.123169] Mount-cache hash table entries: 4096 (order: 3, 32768 bytes, linear)
[    0.123599] Mountpoint-cache hash table entries: 4096 (order: 3, 32768 bytes, linear)
[    0.125825] x86/cpu: User Mode Instruction Prevention (UMIP) activated
[    0.126528] Last level iTLB entries: 4KB 0, 2MB 0, 4MB 0
[    0.127049] Last level dTLB entries: 4KB 0, 2MB 0, 4MB 0, 1GB 0
[    0.127416] Spectre V1 : Mitigation: usercopy/swapgs barriers and __user pointer sanitization
[    0.127901] Spectre V2 : WARNING: Unprivileged eBPF is enabled with eIBRS on, data leaks possible via Spectre v2 BHB attacks!
[    0.128536] Spectre V2 : Mitigation: Enhanced / Automatic IBRS
[    0.128859] Spectre V2 : Spectre v2 / SpectreRSB mitigation: Filling RSB on context switch
[    0.129305] Spectre V2 : Spectre v2 / PBRSB-eIBRS: Retire a single CALL on VMEXIT
[    0.129724] Spectre V2 : mitigation: Enabling conditional Indirect Branch Prediction Barrier
[    0.130184] Speculative Store Bypass: Mitigation: Speculative Store Bypass disabled via prctl
[    0.224206] Freeing SMP alternatives memory: 56K
[    0.224518] Running RCU synchronous self tests
[    0.224761] Running RCU synchronous self tests
[    0.225236] smpboot: CPU0: 12th Gen Intel(R) Core(TM) i7-12700K (family: 0x6, model: 0x97, stepping: 0x2)
[    0.226062] cblist_init_generic: Setting adjustable number of callback queues.
[    0.226461] cblist_init_generic: Setting shift to 1 and lim to 1.
[    0.226833] cblist_init_generic: Setting shift to 1 and lim to 1.
[    0.227023] cblist_init_generic: Setting shift to 1 and lim to 1.
[    0.227023] Running RCU-tasks wait API self tests
[    0.327242] Performance Events: Alderlake Hybrid events, full-width counters, Intel PMU driver.
[    0.328712] core: cpu_core PMU driver: 
[    0.328953] ... version:                2
[    0.329189] ... bit width:              48
[    0.329426] ... generic registers:      6
[    0.329659] ... value mask:             0000ffffffffffff
[    0.329964] ... max period:             00007fffffffffff
[    0.330270] ... fixed-purpose events:   3
[    0.330505] ... event mask:             0001000f0000003f
[    0.330991] rcu: Hierarchical SRCU implementation.
[    0.331029] rcu: 	Max phase no-delay instances is 1000.
[    0.332488] unchecked MSR access error: WRMSR to 0x38f (tried to write 0x0001000f0000003f) at rIP: 0xffffffff810e0c2c (native_write_msr+0xc/0x30)
[    0.333248] Call Trace:
[    0.333393]  <TASK>
[    0.333524]  __intel_pmu_enable_all.constprop.49+0xb5/0x140
[    0.333856]  intel_pmu_enable_all+0x1e/0x30
[    0.334107]  x86_pmu_enable+0x46d/0x5a0
[    0.334340]  ? write_comp_data+0x2f/0x90
[    0.334584]  perf_pmu_enable+0x53/0x70
[    0.334812]  ctx_resched+0x14d/0x1e0
[    0.335023]  __perf_install_in_context+0x2f7/0x470
[    0.335023]  ? lock_is_held_type+0xe6/0x140
[    0.335023]  ? __pfx_remote_function+0x10/0x10
[    0.335023]  remote_function+0x80/0xa0
[    0.335023]  ? __pfx_remote_function+0x10/0x10
[    0.335023]  generic_exec_single+0x124/0x190
[    0.335023]  smp_call_function_single+0x11c/0x240
[    0.335023]  ? __pfx_remote_function+0x10/0x10
[    0.335023]  ? __sanitizer_cov_trace_pc+0x25/0x60
[    0.335023]  ? write_comp_data+0x2f/0x90
[    0.335023]  perf_install_in_context+0x2d8/0x300
[    0.335023]  ? __pfx___perf_install_in_context+0x10/0x10
[    0.335023]  perf_event_create_kernel_counter+0x284/0x2b0
[    0.335023]  ? __pfx_watchdog_overflow_callback+0x10/0x10
[    0.335023]  hardlockup_detector_event_create+0x46/0xd0
[    0.335023]  hardlockup_detector_perf_init+0x18/0x80
[    0.335023]  watchdog_nmi_probe+0x17/0x20
[    0.335023]  lockup_detector_init+0x40/0xb0
[    0.335023]  kernel_init_freeable+0x37e/0x8c0
[    0.335023]  ? __pfx_kernel_init+0x10/0x10
[    0.335023]  kernel_init+0x24/0x1e0
[    0.335023]  ? __pfx_kernel_init+0x10/0x10
[    0.335023]  ret_from_fork+0x29/0x50
[    0.335023]  </TASK>
[    0.335052] Callback from call_rcu_tasks_trace() invoked.
[    0.335519] smp: Bringing up secondary CPUs ...
[    0.336296] x86: Booting SMP configuration:
[    0.336564] .... node  #0, CPUs:      #1
[    0.336826] smp: Brought up 1 node, 2 CPUs
[    0.336826] smpboot: Max logical packages: 1
[    0.336826] smpboot: Total of 2 processors activated (14438.40 BogoMIPS)
[    0.336826] devtmpfs: initialized
[    0.339252] x86/mm: Memory block size: 128MB
[    0.341040] Running RCU synchronous self tests
[    0.341040] Running RCU synchronous self tests
[    0.341040] clocksource: jiffies: mask: 0xffffffff max_cycles: 0xffffffff, max_idle_ns: 7645041785100000 ns
[    0.341040] futex hash table entries: 512 (order: 4, 65536 bytes, linear)
[    0.343148] pinctrl core: initialized pinctrl subsystem
[    0.343892] 
[    0.343993] *************************************************************
[    0.344398] **     NOTICE NOTICE NOTICE NOTICE NOTICE NOTICE NOTICE    **
[    0.344802] **                                                         **
[    0.345206] **  IOMMU DebugFS SUPPORT HAS BEEN ENABLED IN THIS KERNEL  **
[    0.345610] **                                                         **
[    0.346013] ** This means that this kernel is built to expose internal **
[    0.346417] ** IOMMU data structures, which may compromise security on **
[    0.346821] ** your system.                                            **
[    0.347036] **                                                         **
[    0.347443] ** If you see this message and you are not debugging the   **
[    0.347847] ** kernel, report this immediately to your vendor!         **
[    0.348251] **                                                         **
[    0.348657] **     NOTICE NOTICE NOTICE NOTICE NOTICE NOTICE NOTICE    **
[    0.349060] *************************************************************
[    0.349500] PM: RTC time: 19:55:38, date: 2023-03-10
[    0.351431] NET: Registered PF_NETLINK/PF_ROUTE protocol family
[    0.352277] DMA: preallocated 256 KiB GFP_KERNEL pool for atomic allocations
[    0.352705] DMA: preallocated 256 KiB GFP_KERNEL|GFP_DMA pool for atomic allocations
[    0.353170] DMA: preallocated 256 KiB GFP_KERNEL|GFP_DMA32 pool for atomic allocations
[    0.353673] audit: initializing netlink subsys (disabled)
[    0.354051] audit: type=2000 audit(1678478139.522:1): state=initialized audit_enabled=0 res=1
[    0.354051] thermal_sys: Registered thermal governor 'fair_share'
[    0.354051] thermal_sys: Registered thermal governor 'bang_bang'
[    0.354051] thermal_sys: Registered thermal governor 'step_wise'
[    0.355030] thermal_sys: Registered thermal governor 'user_space'
[    0.355424] cpuidle: using governor ladder
[    0.356047] cpuidle: using governor menu
[    0.356491] acpiphp: ACPI Hot Plug PCI Controller Driver version: 0.5
[    0.357095] PCI: Using configuration type 1 for base access
[    0.358181] kprobes: kprobe jump-optimization is enabled. All kprobes are optimized if possible.
[    0.546779] HugeTLB: registered 1.00 GiB page size, pre-allocated 0 pages
[    0.547029] HugeTLB: 16380 KiB vmemmap can be freed for a 1.00 GiB page
[    0.547422] HugeTLB: registered 2.00 MiB page size, pre-allocated 0 pages
[    0.547822] HugeTLB: 28 KiB vmemmap can be freed for a 2.00 MiB page
[    0.549917] ACPI: Added _OSI(Module Device)
[    0.550187] ACPI: Added _OSI(Processor Device)
[    0.550455] ACPI: Added _OSI(3.0 _SCP Extensions)
[    0.550742] ACPI: Added _OSI(Processor Aggregator Device)
[    0.555459] ACPI: 1 ACPI AML tables successfully acquired and loaded
[    2.603031] Callback from call_rcu_tasks_rude() invoked.
[    2.645178] ACPI: Interpreter enabled
[    2.645178] ACPI: PM: (supports S0 S3 S4 S5)
[    2.645178] ACPI: Using IOAPIC for interrupt routing
[    2.645178] PCI: Using host bridge windows from ACPI; if necessary, use "pci=nocrs" and report a bug
[    2.645178] PCI: Using E820 reservations for host bridge windows
[    2.645178] ACPI: Enabled 2 GPEs in block 00 to 0F
[    2.658085] ACPI: PCI Root Bridge [PCI0] (domain 0000 [bus 00-ff])
[    2.658445] acpi PNP0A03:00: _OSC: OS supports [ASPM ClockPM Segments MSI EDR HPX-Type3]
[    2.658888] acpi PNP0A03:00: _OSC: not requesting OS control; OS requires [ExtendedConfig ASPM ClockPM MSI]
[    2.659077] acpi PNP0A03:00: fail to add MMCONFIG information, can't access extended configuration space under this bridge
[    2.661548] acpiphp: Slot [3] registered
[    2.661816] acpiphp: Slot [4] registered
[    2.662083] acpiphp: Slot [5] registered
[    2.662348] acpiphp: Slot [6] registered
[    2.662615] acpiphp: Slot [7] registered
[    2.662885] acpiphp: Slot [8] registered
[    2.663077] acpiphp: Slot [9] registered
[    2.663346] acpiphp: Slot [10] registered
[    2.663616] acpiphp: Slot [11] registered
[    2.663886] acpiphp: Slot [12] registered
[    2.664158] acpiphp: Slot [13] registered
[    2.664428] acpiphp: Slot [14] registered
[    2.664698] acpiphp: Slot [15] registered
[    2.664967] acpiphp: Slot [16] registered
[    2.665237] acpiphp: Slot [17] registered
[    2.665508] acpiphp: Slot [18] registered
[    2.665781] acpiphp: Slot [19] registered
[    2.666051] acpiphp: Slot [20] registered
[    2.666321] acpiphp: Slot [21] registered
[    2.666592] acpiphp: Slot [22] registered
[    2.666869] acpiphp: Slot [23] registered
[    2.667080] acpiphp: Slot [24] registered
[    2.667357] acpiphp: Slot [25] registered
[    2.667627] acpiphp: Slot [26] registered
[    2.667898] acpiphp: Slot [27] registered
[    2.668170] acpiphp: Slot [28] registered
[    2.668441] acpiphp: Slot [29] registered
[    2.668711] acpiphp: Slot [30] registered
[    2.668983] acpiphp: Slot [31] registered
[    2.669221] PCI host bridge to bus 0000:00
[    2.669449] pci_bus 0000:00: root bus resource [io  0x0000-0x0cf7 window]
[    2.669822] pci_bus 0000:00: root bus resource [io  0x0d00-0xffff window]
[    2.670195] pci_bus 0000:00: root bus resource [mem 0x000a0000-0x000bffff window]
[    2.670603] pci_bus 0000:00: root bus resource [mem 0x80000000-0xfebfffff window]
[    2.671021] pci_bus 0000:00: root bus resource [mem 0x100000000-0x17fffffff window]
[    2.671440] pci_bus 0000:00: root bus resource [bus 00-ff]
[    2.671820] pci 0000:00:00.0: [8086:1237] type 00 class 0x060000
[    2.674466] pci 0000:00:01.0: [8086:7000] type 00 class 0x060100
[    2.675324] pci 0000:00:01.1: [8086:7010] type 00 class 0x010180
[    2.676781] pci 0000:00:01.1: reg 0x20: [io  0xc040-0xc04f]
[    2.677518] pci 0000:00:01.1: legacy IDE quirk: reg 0x10: [io  0x01f0-0x01f7]
[    2.677910] pci 0000:00:01.1: legacy IDE quirk: reg 0x14: [io  0x03f6]
[    2.678268] pci 0000:00:01.1: legacy IDE quirk: reg 0x18: [io  0x0170-0x0177]
[    2.678659] pci 0000:00:01.1: legacy IDE quirk: reg 0x1c: [io  0x0376]
[    2.679228] pci 0000:00:01.3: [8086:7113] type 00 class 0x068000
[    2.679777] pci 0000:00:01.3: quirk: [io  0x0600-0x063f] claimed by PIIX4 ACPI
[    2.680177] pci 0000:00:01.3: quirk: [io  0x0700-0x070f] claimed by PIIX4 SMB
[    2.680775] pci 0000:00:02.0: [1234:1111] type 00 class 0x030000
[    2.682853] pci 0000:00:02.0: reg 0x10: [mem 0xfd000000-0xfdffffff pref]
[    2.688359] pci 0000:00:02.0: reg 0x18: [mem 0xfebf0000-0xfebf0fff]
[    2.690915] pci 0000:00:02.0: reg 0x30: [mem 0xfebe0000-0xfebeffff pref]
[    2.691180] Callback from call_rcu_tasks() invoked.
[    2.691180] pci 0000:00:02.0: Video device with shadowed ROM at [mem 0x000c0000-0x000dffff]
[    2.694195] pci 0000:00:03.0: [8086:100e] type 00 class 0x020000
[    2.694891] pci 0000:00:03.0: reg 0x10: [mem 0xfebc0000-0xfebdffff]
[    2.695345] pci 0000:00:03.0: reg 0x14: [io  0xc000-0xc03f]
[    2.697480] pci 0000:00:03.0: reg 0x30: [mem 0xfeb80000-0xfebbffff pref]
[    2.705579] ACPI: PCI: Interrupt link LNKA configured for IRQ 10
[    2.706221] ACPI: PCI: Interrupt link LNKB configured for IRQ 10
[    2.706839] ACPI: PCI: Interrupt link LNKC configured for IRQ 11
[    2.707328] ACPI: PCI: Interrupt link LNKD configured for IRQ 11
[    2.707798] ACPI: PCI: Interrupt link LNKS configured for IRQ 9
[    2.708985] iommu: Default domain type: Translated 
[    2.708985] iommu: DMA domain TLB invalidation policy: lazy mode 
[    2.711361] SCSI subsystem initialized
[    2.711613] ACPI: bus type USB registered
[    2.711613] usbcore: registered new interface driver usbfs
[    2.711779] usbcore: registered new interface driver hub
[    2.712102] usbcore: registered new device driver usb
[    2.712464] pps_core: LinuxPPS API ver. 1 registered
[    2.712742] pps_core: Software ver. 5.3.6 - Copyright 2005-2007 Rodolfo Giometti <giometti@linux.it>
[    2.713249] PTP clock support registered
[    2.713523] EDAC MC: Ver: 3.0.0
[    2.715831] NetLabel: Initializing
[    2.716043] NetLabel:  domain hash size = 128
[    2.716302] NetLabel:  protocols = UNLABELED CIPSOv4 CALIPSO
[    2.716685] NetLabel:  unlabeled traffic allowed by default
[    2.717102] PCI: Using ACPI for IRQ routing
[    2.717102] pci 0000:00:02.0: vgaarb: setting as boot VGA device
[    2.717102] pci 0000:00:02.0: vgaarb: bridge control possible
[    2.717102] pci 0000:00:02.0: vgaarb: VGA device added: decodes=io+mem,owns=io+mem,locks=none
[    2.717102] vgaarb: loaded
[    2.719320] hpet0: at MMIO 0xfed00000, IRQs 2, 8, 0
[    2.719340] hpet0: 3 comparators, 64-bit 100.000000 MHz counter
[    2.723027] clocksource: Switched to clocksource kvm-clock
[    2.804792] VFS: Disk quotas dquot_6.6.0
[    2.805093] VFS: Dquot-cache hash table entries: 512 (order 0, 4096 bytes)
[    2.805682] pnp: PnP ACPI init
[    2.807331] pnp: PnP ACPI: found 6 devices
[    2.818029] clocksource: acpi_pm: mask: 0xffffff max_cycles: 0xffffff, max_idle_ns: 2085701024 ns
[    2.818785] NET: Registered PF_INET protocol family
[    2.819138] IP idents hash table entries: 32768 (order: 6, 262144 bytes, linear)
[    2.820236] tcp_listen_portaddr_hash hash table entries: 1024 (order: 4, 73728 bytes, linear)
[    2.820724] Table-perturb hash table entries: 65536 (order: 6, 262144 bytes, linear)
[    2.821196] TCP established hash table entries: 16384 (order: 5, 131072 bytes, linear)
[    2.821793] TCP bind hash table entries: 16384 (order: 9, 2359296 bytes, linear)
[    2.822821] TCP: Hash tables configured (established 16384 bind 16384)
[    2.823257] UDP hash table entries: 1024 (order: 5, 163840 bytes, linear)
[    2.823670] UDP-Lite hash table entries: 1024 (order: 5, 163840 bytes, linear)
[    2.824188] NET: Registered PF_UNIX/PF_LOCAL protocol family
[    2.824820] RPC: Registered named UNIX socket transport module.
[    2.825170] RPC: Registered udp transport module.
[    2.825438] RPC: Registered tcp transport module.
[    2.825707] RPC: Registered tcp NFSv4.1 backchannel transport module.
[    2.826088] pci_bus 0000:00: resource 4 [io  0x0000-0x0cf7 window]
[    2.826447] pci_bus 0000:00: resource 5 [io  0x0d00-0xffff window]
[    2.826800] pci_bus 0000:00: resource 6 [mem 0x000a0000-0x000bffff window]
[    2.827204] pci_bus 0000:00: resource 7 [mem 0x80000000-0xfebfffff window]
[    2.827595] pci_bus 0000:00: resource 8 [mem 0x100000000-0x17fffffff window]
[    2.828184] pci 0000:00:01.0: PIIX3: Enabling Passive Release
[    2.828521] pci 0000:00:00.0: Limiting direct PCI/PCI transfers
[    2.828939] PCI: CLS 0 bytes, default 64
[    2.829201] ACPI: bus type thunderbolt registered
[    2.829695] clocksource: tsc: mask: 0xffffffffffffffff max_cycles: 0x3407c077a8d, max_idle_ns: 440795342283 ns
[    2.832479] Initialise system trusted keyrings
[    2.832823] Key type blacklist registered
[    2.833206] workingset: timestamp_bits=36 max_order=19 bucket_order=0
[    2.833615] zbud: loaded
[    2.834339] squashfs: version 4.0 (2009/01/31) Phillip Lougher
[    2.835177] NFS: Registering the id_resolver key type
[    2.835480] Key type id_resolver registered
[    2.835721] Key type id_legacy registered
[    2.835976] nfs4filelayout_init: NFSv4 File Layout Driver Registering...
[    2.836376] nfs4flexfilelayout_init: NFSv4 Flexfile Layout Driver Registering...
[    2.836926] fuse: init (API version 7.38)
[    2.837300] SGI XFS with ACLs, security attributes, realtime, quota, no debug enabled
[    2.838128] 9p: Installing v9fs 9p2000 file system support
[    2.844413] Key type asymmetric registered
[    2.844656] Asymmetric key parser 'x509' registered
[    2.844978] Block layer SCSI generic (bsg) driver version 0.4 loaded (major 243)
[    2.845525] io scheduler mq-deadline registered
[    2.845842] io scheduler bfq registered
[    2.846400] shpchp: Standard Hot Plug PCI Controller Driver version: 0.4
[    2.847167] IPMI message handler: version 39.2
[    2.847471] ipmi device interface
[    2.849117] input: Power Button as /devices/LNXSYSTM:00/LNXPWRBN:00/input/input0
[    2.849769] ACPI: button: Power Button [PWRF]
[    2.850843] ERST DBG: ERST support is disabled.
[    2.851611] Serial: 8250/16550 driver, 32 ports, IRQ sharing enabled
[    2.852373] 00:04: ttyS0 at I/O 0x3f8 (irq = 4, base_baud = 115200) is a 16550A
[    2.859590] Linux agpgart interface v0.103
[    2.860446] ACPI: bus type drm_connector registered
[    2.870556] brd: module loaded
[    2.876989] loop: module loaded
[    2.880175] scsi host0: ata_piix
[    2.880735] scsi host1: ata_piix
[    2.881049] ata1: PATA max MWDMA2 cmd 0x1f0 ctl 0x3f6 bmdma 0xc040 irq 14
[    2.881434] ata2: PATA max MWDMA2 cmd 0x170 ctl 0x376 bmdma 0xc048 irq 15
[    2.882798] tun: Universal TUN/TAP device driver, 1.6
[    2.883226] e100: Intel(R) PRO/100 Network Driver
[    2.883496] e100: Copyright(c) 1999-2006 Intel Corporation
[    2.883835] e1000: Intel(R) PRO/1000 Network Driver
[    2.884112] e1000: Copyright (c) 1999-2006 Intel Corporation.
[    3.039294] ata1: found unknown device (class 0)
[    3.040015] ata1.00: ATA-7: QEMU HARDDISK, 2.5+, max UDMA/100
[    3.040358] ata1.00: 16777216 sectors, multi 16: LBA48 
[    3.041308] scsi 0:0:0:0: Direct-Access     ATA      QEMU HARDDISK    2.5+ PQ: 0 ANSI: 5
[    3.042502] scsi 0:0:0:0: Attached scsi generic sg0 type 0
[    3.044006] sd 0:0:0:0: [sda] 16777216 512-byte logical blocks: (8.59 GB/8.00 GiB)
[    3.044488] sd 0:0:0:0: [sda] Write Protect is off
[    3.044808] sd 0:0:0:0: [sda] Write cache: enabled, read cache: enabled, doesn't support DPO or FUA
[    3.045371] sd 0:0:0:0: [sda] Preferred minimum I/O size 512 bytes
[    3.046635] ata2: found unknown device (class 0)
[    3.046739] ACPI: \_SB_.LNKC: Enabled at IRQ 11
[    3.047500] ata2.00: ATAPI: QEMU DVD-ROM, 2.5+, max UDMA/100
[    3.048578] scsi 1:0:0:0: CD-ROM            QEMU     QEMU DVD-ROM     2.5+ PQ: 0 ANSI: 5
[    3.071882] scsi 1:0:0:0: Attached scsi generic sg1 type 5
[    3.072595] sd 0:0:0:0: [sda] Attached SCSI disk
[    3.365335] e1000 0000:00:03.0 eth0: (PCI:33MHz:32-bit) 52:54:00:12:34:56
[    3.365751] e1000 0000:00:03.0 eth0: Intel(R) PRO/1000 Network Connection
[    3.366197] e1000e: Intel(R) PRO/1000 Network Driver
[    3.366474] e1000e: Copyright(c) 1999 - 2015 Intel Corporation.
[    3.366850] igb: Intel(R) Gigabit Ethernet Network Driver
[    3.367160] igb: Copyright (c) 2007-2014 Intel Corporation.
[    3.367543] PPP generic driver version 2.4.2
[    3.368407] VFIO - User Level meta-driver version: 0.3
[    3.369212] usbcore: registered new interface driver uas
[    3.369551] usbcore: registered new interface driver usb-storage
[    3.370016] i8042: PNP: PS/2 Controller [PNP0303:KBD,PNP0f13:MOU] at 0x60,0x64 irq 1,12
[    3.371070] serio: i8042 KBD port at 0x60,0x64 irq 1
[    3.371380] serio: i8042 AUX port at 0x60,0x64 irq 12
[    3.372315] mousedev: PS/2 mouse device common for all mice
[    3.373294] input: AT Translated Set 2 keyboard as /devices/platform/i8042/serio0/input/input1
[    3.374559] input: VirtualPS/2 VMware VMMouse as /devices/platform/i8042/serio1/input/input4
[    3.375244] rtc_cmos 00:05: RTC can wake from S4
[    3.375753] input: VirtualPS/2 VMware VMMouse as /devices/platform/i8042/serio1/input/input3
[    3.376288] rtc_cmos 00:05: registered as rtc0
[    3.376629] rtc_cmos 00:05: setting system clock to 2023-03-10T19:55:41 UTC (1678478141)
[    3.377273] rtc_cmos 00:05: alarms up to one day, y3k, 242 bytes nvram, hpet irqs
[    3.377745] i2c_dev: i2c /dev entries driver
[    3.378047] device-mapper: core: CONFIG_IMA_DISABLE_HTABLE is disabled. Duplicate IMA measurements will not be recorded in the IMA log.
[    3.378771] device-mapper: uevent: version 1.0.3
[    3.379211] device-mapper: ioctl: 4.47.0-ioctl (2022-07-28) initialised: dm-devel@redhat.com
[    3.379713] intel_pstate: CPU model not supported
[    3.380060] sdhci: Secure Digital Host Controller Interface driver
[    3.380421] sdhci: Copyright(c) Pierre Ossman
[    3.380738] sdhci-pltfm: SDHCI platform and OF driver helper
[    3.381202] ledtrig-cpu: registered to indicate activity on CPUs
[    3.381821] drop_monitor: Initializing network drop monitor service
[    3.382354] NET: Registered PF_INET6 protocol family
[    3.384510] Segment Routing with IPv6
[    3.384759] In-situ OAM (IOAM) with IPv6
[    3.385032] NET: Registered PF_PACKET protocol family
[    3.385463] 9pnet: Installing 9P2000 support
[    3.385756] Key type dns_resolver registered
[    3.386586] IPI shorthand broadcast: enabled
[    3.398584] sched_clock: Marking stable (3284003625, 111023651)->(3432984472, -37957196)
[    3.399532] registered taskstats version 1
[    3.399985] Loading compiled-in X.509 certificates
[    3.400386] zswap: loaded using pool lzo/zbud
[    3.412901] Key type .fscrypt registered
[    3.413154] Key type fscrypt-provisioning registered
[    3.414053] Key type encrypted registered
[    3.414333] ima: No TPM chip found, activating TPM-bypass!
[    3.414666] ima: Allocated hash algorithm: sha1
[    3.414964] ima: No architecture policies found
[    3.415303] evm: Initialising EVM extended attributes:
[    3.415606] evm: security.selinux
[    3.415806] evm: security.SMACK64
[    3.416005] evm: security.SMACK64EXEC
[    3.416223] evm: security.SMACK64TRANSMUTE
[    3.416471] evm: security.SMACK64MMAP
[    3.416691] evm: security.apparmor
[    3.416896] evm: security.ima
[    3.417077] evm: security.capability
[    3.417291] evm: HMAC attrs: 0x1
[    3.418506] PM:   Magic number: 15:638:950
[    3.418786] tty tty7: hash matches
[    3.419065] memory memory3: hash matches
[    3.419585] RAS: Correctable Errors collector initialized.
[    3.420392] md: Waiting for all devices to be available before autodetect
[    3.420664] md: If you don't use raid, use raid=noautodetect
[    3.420895] md: Autodetecting RAID arrays.
[    3.421068] md: autorun ...
[    3.421186] md: ... autorun DONE.
[    3.426070] EXT4-fs (sda): mounted filesystem 23a53bb9-f815-47a5-b74c-5e08f7731193 with ordered data mode. Quota mode: none.
[    3.426585] VFS: Mounted root (ext4 filesystem) readonly on device 8:0.
[    3.428076] devtmpfs: mounted
[    3.435181] Freeing unused decrypted memory: 2036K
[    3.439002] Freeing unused kernel image (initmem) memory: 10504K
[    3.447143] Write protecting the kernel read-only data: 47104k
[    3.448443] Freeing unused kernel image (rodata/data gap) memory: 392K
[    3.524967] x86/mm: Checked W+X mappings: passed, no W+X pages found.
[    3.525271] Run /sbin/init as init process
[    3.601127] systemd[1]: RTC configured in localtime, applying delta of 0 minutes to system time.
[    3.624192] systemd[1]: systemd 239 (239-49.el8) running in system mode. (+PAM +AUDIT +SELINUX +IMA -APPARMOR +SMACK +SYSVINIT +UTMP +LIBCRYPTSETUP +GCRYPT +GNUTLS +ACL +XZ +LZ4 +SECCOMP +BLKID +ELFUTILS +KMOD +IDN2 -IDN +PCRE2 default-hierarchy=legacy)
[    3.625228] systemd[1]: Detected virtualization kvm.
[    3.625439] systemd[1]: Detected architecture x86-64.

Welcome to [0;31mCentOS Stream 8[0m!

[    3.674115] systemd[1]: Set hostname to <test>.
[    3.884362] systemd[1]: Listening on udev Control Socket.
[[0;32m  OK  [0m] Listening on udev Control Socket.
[    3.885272] systemd[1]: Started Forward Password Requests to Wall Directory Watch.
[[0;32m  OK  [0m] Started Forward Password Requests to Wall Directory Watch.
[    3.888180] systemd[1]: Created slice system-serial\x2dgetty.slice.
[[0;32m  OK  [0m] Created slice system-serial\x2dgetty.slice.
[    3.889377] systemd[1]: Listening on RPCbind Server Activation Socket.
[[0;32m  OK  [0m] Listening on RPCbind Server Activation Socket.
[    3.896183] systemd[1]: Listening on Process Core Dump Socket.
[[0;32m  OK  [0m] Listening on Process Core Dump Socket.
[    3.897654] systemd[1]: Created slice User and Session Slice.
[[0;32m  OK  [0m] Created slice User and Session Slice.
[[0;32m  OK  [0m] Reached target Slices.
[[0;32m  OK  [0m] Listening on udev Kernel Socket.
[[0;32m  OK  [0m] Listening on Journal Socket (/dev/log).
[[0;32m  OK  [0m] Reached target Swap.
[[0;32m  OK  [0m] Listening on initctl Compatibility Named Pipe.
[[0;32m  OK  [0m] Created slice system-getty.slice.
[[0;32m  OK  [0m] Listening on Device-mapper event daemon FIFOs.
[[0;32m  OK  [0m] Reached target RPC Port Mapper.
[[0;32m  OK  [0m] Listening on multipathd control socket.
[[0;32m  OK  [0m] Set up automount Arbitrary Executabâ€¦rmats File System Automount Point.
[[0;32m  OK  [0m] Listening on LVM2 poll daemon socket.
[[0;32m  OK  [0m] Created slice system-sshd\x2dkeygen.slice.
[[0;32m  OK  [0m] Listening on Journal Socket.
         Starting Journal Service...
         Mounting POSIX Message Queue File System...
         Starting Load Kernel Modules...
         Mounting Kernel Debug File System...
         Starting Monitoring of LVM2 mirrorsâ€¦ng dmeventd or progress polling...
         Mounting Huge Pages File System...
         Starting Remount Root and Kernel File Systems...
         Starting udev Coldplug all Devices...
         Starting Setup Virtual Console...
[[0;32m  OK  [0m] Started Journal Service.
[[0;32m  OK  [0m] Mounted POSIX Message Queue File System.
[[0;1;31mFAILED[0m] Failed to start Load Kernel Modules.
See 'systemctl status systemd-modules-load.service' for details.
[[0;32m  OK  [0m] Mounted Kernel Debug File System.
[[0;32m  OK  [0m] Mounted Huge Pages File System.
         Starting Apply Kernel Variables...
         Mounting Kernel Configuration File System...
[    4.207227] EXT4-fs (sda): re-mounted 23a53bb9-f815-47a5-b74c-5e08f7731193. Quota mode: none.
         Mounting FUSE Control File System...
[[0;32m  OK  [0m] Started Remount Root and Kernel File Systems.
[[0;32m  OK  [0m] Started Apply Kernel Variables.
[[0;32m  OK  [0m] Mounted Kernel Configuration File System.
[[0;32m  OK  [0m] Mounted FUSE Control File System.
         Starting Load/Save Random Seed...
         Starting Flush Journal to Persistent Storage...
         Starting Create Static Device Nodes in /dev...
[[0;32m  OK  [0m] Started Setup Virtual Console.
[[0;32m  OK  [0m] Started Load/Save Random Seed.
[[0;32m  OK  [0m] Started udev Coldplug all Devices.
         Starting udev Wait for Complete Device Initialization...
[[0;32m  OK  [0m] Started Flush Journal to Persistent Storage.
[[0;32m  OK  [0m] Started Create Static Device Nodes in /dev.
         Starting udev Kernel Device Manager...
[[0;32m  OK  [0m] Started udev Kernel Device Manager.
         Starting Show Plymouth Boot Screen...
[[0;32m  OK  [0m] Started Show Plymouth Boot Screen.
[[0;32m  OK  [0m] Reached target Local Encrypted Volumes.
[[0;32m  OK  [0m] Reached target Paths.
[[0;32m  OK  [0m] Started Forward Password Requests to Plymouth Directory Watch.
[[0;32m  OK  [0m] Found device /dev/ttyS0.
[[0;32m  OK  [0m] Started Monitoring of LVM2 mirrors,â€¦sing dmeventd or progress polling.
[[0;32m  OK  [0m] Started udev Wait for Complete Device Initialization.
[[0;32m  OK  [0m] Reached target Local File Systems (Pre).
[[0;32m  OK  [0m] Reached target Local File Systems.
         Starting Create Volatile Files and Directories...
         Starting Restore /run/initramfs on shutdown...
         Starting Tell Plymouth To Write Out Runtime Data...
[[0;32m  OK  [0m] Listening on Load/Save RF Kill Switch Status /dev/rfkill Watch.
[[0;32m  OK  [0m] Started Restore /run/initramfs on shutdown.
[[0;32m  OK  [0m] Started Create Volatile Files and Directories.
[[0;32m  OK  [0m] Started Tell Plymouth To Write Out Runtime Data.
         Starting RPC Bind...
         Starting Security Auditing Service...
         Mounting RPC Pipe File System...
[[0;32m  OK  [0m] Started RPC Bind.
[[0;32m  OK  [0m] Mounted RPC Pipe File System.
[[0;32m  OK  [0m] Reached target rpc_pipefs.target.
[[0;32m  OK  [0m] Started Security Auditing Service.
         Starting Update UTMP about System Boot/Shutdown...
[[0;32m  OK  [0m] Started Update UTMP about System Boot/Shutdown.
[[0;32m  OK  [0m] Reached target System Initialization.
[[0;32m  OK  [0m] Listening on D-Bus System Message Bus Socket.
[[0;32m  OK  [0m] Started dnf makecache --timer.
[[0;32m  OK  [0m] Listening on SSSD Kerberos Cache Manager responder socket.
[[0;32m  OK  [0m] Reached target Sockets.
[[0;32m  OK  [0m] Reached target Basic System.
         Starting NTP client/server...
[[0;32m  OK  [0m] Reached target sshd-keygen.target.
         Starting Auto-connect to subsystemsâ€¦-NVME devices found during boot...
         Starting Authorization Manager...
         Starting Login Service...
         Starting Self Monitoring and Reporting Technology (SMART) Daemon...
[[0;32m  OK  [0m] Started D-Bus System Message Bus.
[[0;32m  OK  [0m] Started irqbalance daemon.
[[0;32m  OK  [0m] Started Machine Check Exception Logging Daemon.
[[0;32m  OK  [0m] Started daily update of the root trust anchor for DNSSEC.
         Starting Network Manager...
[[0;32m  OK  [0m] Started Daily Cleanup of Temporary Directories.
[[0;32m  OK  [0m] Reached target Timers.
[[0;32m  OK  [0m] Started Self Monitoring and Reporting Technology (SMART) Daemon.
[[0;32m  OK  [0m] Started Auto-connect to subsystems â€¦FC-NVME devices found during boot.
[[0;32m  OK  [0m] Started Login Service.
[[0;32m  OK  [0m] Started NTP client/server.
[[0;32m  OK  [0m] Started Network Manager.
         Starting Network Manager Wait Online...
[[0;32m  OK  [0m] Reached target Network.
         Starting OpenSSH server daemon...
         Starting Dynamic System Tuning Daemon...
         Starting GSSAPI Proxy Daemon...
[[0;32m  OK  [0m] Started Authorization Manager.
         Starting Hostname Service...
[[0;32m  OK  [0m] Started GSSAPI Proxy Daemon.
[[0;32m  OK  [0m] Reached target NFS client services.
[[0;32m  OK  [0m] Reached target Remote File Systems (Pre).
[[0;32m  OK  [0m] Reached target Remote File Systems.
         Starting Permit User Sessions...
[[0;32m  OK  [0m] Started OpenSSH server daemon.
[[0;32m  OK  [0m] Started Permit User Sessions.
         Starting Hold until boot process finishes up...
         Starting Terminate Plymouth Boot Screen...
[[0;32m  OK  [0m] Started Command Scheduler.
[    5.791200] e1000: eth0 NIC Link is Up 1000 Mbps Full Duplex, Flow Control: RX
[    5.791858] IPv6: ADDRCONF(NETDEV_CHANGE): eth0: link becomes ready
[    6.005658] Spectre V2 : WARNING: Unprivileged eBPF is enabled with eIBRS on, data leaks possible via Spectre v2 BHB attacks!
[    6.006292] Spectre V2 : WARNING: Unprivileged eBPF is enabled with eIBRS on, data leaks possible via Spectre v2 BHB attacks!

CentOS Stream 8
Kernel 6.2.0-e492250d5252+ on an x86_64

test login: [   24.808174] memfd_create() without MFD_EXEC nor MFD_NOEXEC_SEAL, pid=333 'systemd'
[   28.382551] loop0: detected capacity change from 0 to 65536
[   28.383101] XFS: ikeep mount option is deprecated.
[   28.384631] XFS (loop0): Mounting V5 Filesystem d408de26-55fb-48ab-a8ab-aacedb20f9dd
[   28.388347] XFS (loop0): Ending clean mount
[   28.389159] XFS (loop0): Quotacheck needed: Please wait.
[   28.390016] XFS (loop0): Metadata CRC error detected at xfs_agf_read_verify+0x10e/0x140, xfs_agf block 0x1 
[   28.390458] XFS (loop0): Unmount and run xfs_repair
[   28.390655] XFS (loop0): First 128 bytes of corrupted metadata buffer:
[   28.390915] 00000000: 58 41 47 46 00 00 00 01 00 00 00 00 00 00 40 00  XAGF..........@.
[   28.391248] 00000010: 00 00 00 02 00 00 00 03 00 00 00 00 00 00 00 01  ................
[   28.391562] 00000020: 00 00 00 01 00 00 00 00 00 00 01 00 00 00 00 04  ................
[   28.391876] 00000030: 00 00 00 04 00 00 3f ca 00 00 3f c7 00 00 00 00  ......?...?.....
[   28.392189] 00000040: d4 08 de 26 55 fb 48 ab a8 ab aa ce db 20 f9 dd  ...&U.H...... ..
[   28.392503] 00000050: 00 00 00 00 00 00 00 00 00 00 00 00 00 00 00 00  ................
[   28.392816] 00000060: 00 00 00 00 00 00 00 00 00 00 00 00 00 00 00 00  ................
[   28.393130] 00000070: 00 00 00 00 00 00 00 00 00 00 00 00 00 00 00 00  ................
[   28.394105] XFS (loop0): metadata I/O error in "xfs_read_agf+0xd0/0x2c0" at daddr 0x1 len 1 error 74
[   28.395354] XFS (loop0): Quotacheck: Unsuccessful (Error -117): Disabling quotas.
[   28.403156] XFS (loop0): Metadata CRC error detected at xfs_agf_read_verify+0x10e/0x140, xfs_agf block 0x1 
[   28.403559] XFS (loop0): Unmount and run xfs_repair
[   28.403754] XFS (loop0): First 128 bytes of corrupted metadata buffer:
[   28.404013] 00000000: 58 41 47 46 00 00 00 01 00 00 00 00 00 00 40 00  XAGF..........@.
[   28.404325] 00000010: 00 00 00 02 00 00 00 03 00 00 00 00 00 00 00 01  ................
[   28.404637] 00000020: 00 00 00 01 00 00 00 00 00 00 01 00 00 00 00 04  ................
[   28.404948] 00000030: 00 00 00 04 00 00 3f ca 00 00 3f c7 00 00 00 00  ......?...?.....
[   28.405261] 00000040: d4 08 de 26 55 fb 48 ab a8 ab aa ce db 20 f9 dd  ...&U.H...... ..
[   28.405572] 00000050: 00 00 00 00 00 00 00 00 00 00 00 00 00 00 00 00  ................
[   28.405889] 00000060: 00 00 00 00 00 00 00 00 00 00 00 00 00 00 00 00  ................
[   28.406210] 00000070: 00 00 00 00 00 00 00 00 00 00 00 00 00 00 00 00  ................
[   28.406538] XFS (loop0): metadata I/O error in "xfs_read_agf+0xd0/0x2c0" at daddr 0x1 len 1 error 74
[   28.406991] XFS (loop0): page discard on page 00000000ab3d47a7, inode 0x2b, pos 0.
[   28.409626] XFS (loop0): Unmounting Filesystem d408de26-55fb-48ab-a8ab-aacedb20f9dd
[   28.647702] loop0: detected capacity change from 0 to 65536
[   28.648144] XFS: ikeep mount option is deprecated.
[   28.649030] XFS (loop0): Mounting V5 Filesystem d408de26-55fb-48ab-a8ab-aacedb20f9dd
[   28.652571] XFS (loop0): Ending clean mount
[   28.652953] XFS (loop0): Quotacheck needed: Please wait.
[   28.653914] XFS (loop0): Metadata CRC error detected at xfs_agf_read_verify+0x10e/0x140, xfs_agf block 0x1 
[   28.654350] XFS (loop0): Unmount and run xfs_repair
[   28.654551] XFS (loop0): First 128 bytes of corrupted metadata buffer:
[   28.654824] 00000000: 58 41 47 46 00 00 00 01 00 00 00 00 00 00 40 00  XAGF..........@.
[   28.655189] 00000010: 00 00 00 02 00 00 00 03 00 00 00 00 00 00 00 01  ................
[   28.655510] 00000020: 00 00 00 01 00 00 00 00 00 00 01 00 00 00 00 04  ................
[   28.655830] 00000030: 00 00 00 04 00 00 3f ca 00 00 3f c7 00 00 00 00  ......?...?.....
[   28.656148] 00000040: d4 08 de 26 55 fb 48 ab a8 ab aa ce db 20 f9 dd  ...&U.H...... ..
[   28.656467] 00000050: 00 00 00 00 00 00 00 00 00 00 00 00 00 00 00 00  ................
[   28.656786] 00000060: 00 00 00 00 00 00 00 00 00 00 00 00 00 00 00 00  ................
[   28.657105] 00000070: 00 00 00 00 00 00 00 00 00 00 00 00 00 00 00 00  ................
[   28.657763] XFS (loop0): metadata I/O error in "xfs_read_agf+0xd0/0x2c0" at daddr 0x1 len 1 error 74
[   28.658743] XFS (loop0): Quotacheck: Unsuccessful (Error -117): Disabling quotas.
[   28.666142] XFS (loop0): Metadata CRC error detected at xfs_agf_read_verify+0x10e/0x140, xfs_agf block 0x1 
[   28.666556] XFS (loop0): Unmount and run xfs_repair
[   28.666757] XFS (loop0): First 128 bytes of corrupted metadata buffer:
[   28.667040] 00000000: 58 41 47 46 00 00 00 01 00 00 00 00 00 00 40 00  XAGF..........@.
[   28.667359] 00000010: 00 00 00 02 00 00 00 03 00 00 00 00 00 00 00 01  ................
[   28.667681] 00000020: 00 00 00 01 00 00 00 00 00 00 01 00 00 00 00 04  ................
[   28.668000] 00000030: 00 00 00 04 00 00 3f ca 00 00 3f c7 00 00 00 00  ......?...?.....
[   28.668319] 00000040: d4 08 de 26 55 fb 48 ab a8 ab aa ce db 20 f9 dd  ...&U.H...... ..
[   28.668638] 00000050: 00 00 00 00 00 00 00 00 00 00 00 00 00 00 00 00  ................
[   28.668957] 00000060: 00 00 00 00 00 00 00 00 00 00 00 00 00 00 00 00  ................
[   28.669276] 00000070: 00 00 00 00 00 00 00 00 00 00 00 00 00 00 00 00  ................
[   28.669607] XFS (loop0): metadata I/O error in "xfs_read_agf+0xd0/0x2c0" at daddr 0x1 len 1 error 74
[   28.669993] XFS (loop0): page discard on page 000000007e06788b, inode 0x2b, pos 0.
[   28.672217] XFS (loop0): Unmounting Filesystem d408de26-55fb-48ab-a8ab-aacedb20f9dd
[   28.898442] loop0: detected capacity change from 0 to 65536
[   28.898913] XFS: ikeep mount option is deprecated.
[   28.899852] XFS (loop0): Mounting V5 Filesystem d408de26-55fb-48ab-a8ab-aacedb20f9dd
[   28.904148] XFS (loop0): Ending clean mount
[   28.904916] XFS (loop0): Quotacheck needed: Please wait.
[   28.906497] XFS (loop0): Metadata CRC error detected at xfs_agf_read_verify+0x10e/0x140, xfs_agf block 0x1 
[   28.906922] XFS (loop0): Unmount and run xfs_repair
[   28.907140] XFS (loop0): First 128 bytes of corrupted metadata buffer:
[   28.907406] 00000000: 58 41 47 46 00 00 00 01 00 00 00 00 00 00 40 00  XAGF..........@.
[   28.907726] 00000010: 00 00 00 02 00 00 00 03 00 00 00 00 00 00 00 01  ................
[   28.908041] 00000020: 00 00 00 01 00 00 00 00 00 00 01 00 00 00 00 04  ................
[   28.908358] 00000030: 00 00 00 04 00 00 3f ca 00 00 3f c7 00 00 00 00  ......?...?.....
[   28.908672] 00000040: d4 08 de 26 55 fb 48 ab a8 ab aa ce db 20 f9 dd  ...&U.H...... ..
[   28.908987] 00000050: 00 00 00 00 00 00 00 00 00 00 00 00 00 00 00 00  ................
[   28.909302] 00000060: 00 00 00 00 00 00 00 00 00 00 00 00 00 00 00 00  ................
[   28.909618] 00000070: 00 00 00 00 00 00 00 00 00 00 00 00 00 00 00 00  ................
[   28.910020] XFS (loop0): metadata I/O error in "xfs_read_agf+0xd0/0x2c0" at daddr 0x1 len 1 error 74
[   28.911008] XFS (loop0): Quotacheck: Unsuccessful (Error -117): Disabling quotas.
[   28.918268] XFS (loop0): Metadata CRC error detected at xfs_agf_read_verify+0x10e/0x140, xfs_agf block 0x1 
[   28.918674] XFS (loop0): Unmount and run xfs_repair
[   28.918875] XFS (loop0): First 128 bytes of corrupted metadata buffer:
[   28.919164] 00000000: 58 41 47 46 00 00 00 01 00 00 00 00 00 00 40 00  XAGF..........@.
[   28.919479] 00000010: 00 00 00 02 00 00 00 03 00 00 00 00 00 00 00 01  ................
[   28.919794] 00000020: 00 00 00 01 00 00 00 00 00 00 01 00 00 00 00 04  ................
[   28.920107] 00000030: 00 00 00 04 00 00 3f ca 00 00 3f c7 00 00 00 00  ......?...?.....
[   28.920420] 00000040: d4 08 de 26 55 fb 48 ab a8 ab aa ce db 20 f9 dd  ...&U.H...... ..
[   28.920731] 00000050: 00 00 00 00 00 00 00 00 00 00 00 00 00 00 00 00  ................
[   28.921047] 00000060: 00 00 00 00 00 00 00 00 00 00 00 00 00 00 00 00  ................
[   28.921359] 00000070: 00 00 00 00 00 00 00 00 00 00 00 00 00 00 00 00  ................
[   28.921682] XFS (loop0): metadata I/O error in "xfs_read_agf+0xd0/0x2c0" at daddr 0x1 len 1 error 74
[   28.922056] XFS (loop0): page discard on page 00000000b28254a0, inode 0x2b, pos 0.
[   28.924357] XFS (loop0): Unmounting Filesystem d408de26-55fb-48ab-a8ab-aacedb20f9dd
[   29.147413] loop0: detected capacity change from 0 to 65536
[   29.147865] XFS: ikeep mount option is deprecated.
[   29.148865] XFS (loop0): Mounting V5 Filesystem d408de26-55fb-48ab-a8ab-aacedb20f9dd
[   29.152316] XFS (loop0): Ending clean mount
[   29.152856] XFS (loop0): Quotacheck needed: Please wait.
[   29.154471] XFS (loop0): Metadata CRC error detected at xfs_agf_read_verify+0x10e/0x140, xfs_agf block 0x1 
[   29.154890] XFS (loop0): Unmount and run xfs_repair
[   29.155105] XFS (loop0): First 128 bytes of corrupted metadata buffer:
[   29.155369] 00000000: 58 41 47 46 00 00 00 01 00 00 00 00 00 00 40 00  XAGF..........@.
[   29.155682] 00000010: 00 00 00 02 00 00 00 03 00 00 00 00 00 00 00 01  ................
[   29.155995] 00000020: 00 00 00 01 00 00 00 00 00 00 01 00 00 00 00 04  ................
[   29.156307] 00000030: 00 00 00 04 00 00 3f ca 00 00 3f c7 00 00 00 00  ......?...?.....
[   29.156620] 00000040: d4 08 de 26 55 fb 48 ab a8 ab aa ce db 20 f9 dd  ...&U.H...... ..
[   29.156934] 00000050: 00 00 00 00 00 00 00 00 00 00 00 00 00 00 00 00  ................
[   29.157246] 00000060: 00 00 00 00 00 00 00 00 00 00 00 00 00 00 00 00  ................
[   29.157558] 00000070: 00 00 00 00 00 00 00 00 00 00 00 00 00 00 00 00  ................
[   29.157985] XFS (loop0): metadata I/O error in "xfs_read_agf+0xd0/0x2c0" at daddr 0x1 len 1 error 74
[   29.159107] XFS (loop0): Quotacheck: Unsuccessful (Error -117): Disabling quotas.
[   29.163088] XFS (loop0): Metadata CRC error detected at xfs_agf_read_verify+0x10e/0x140, xfs_agf block 0x1 
[   29.163492] XFS (loop0): Unmount and run xfs_repair
[   29.163714] XFS (loop0): First 128 bytes of corrupted metadata buffer:
[   29.164071] 00000000: 58 41 47 46 00 00 00 01 00 00 00 00 00 00 40 00  XAGF..........@.
[   29.164385] 00000010: 00 00 00 02 00 00 00 03 00 00 00 00 00 00 00 01  ................
[   29.164697] 00000020: 00 00 00 01 00 00 00 00 00 00 01 00 00 00 00 04  ................
[   29.165009] 00000030: 00 00 00 04 00 00 3f ca 00 00 3f c7 00 00 00 00  ......?...?.....
[   29.165322] 00000040: d4 08 de 26 55 fb 48 ab a8 ab aa ce db 20 f9 dd  ...&U.H...... ..
[   29.165634] 00000050: 00 00 00 00 00 00 00 00 00 00 00 00 00 00 00 00  ................
[   29.165947] 00000060: 00 00 00 00 00 00 00 00 00 00 00 00 00 00 00 00  ................
[   29.166267] 00000070: 00 00 00 00 00 00 00 00 00 00 00 00 00 00 00 00  ................
[   29.167018] XFS (loop0): metadata I/O error in "xfs_read_agf+0xd0/0x2c0" at daddr 0x1 len 1 error 74
[   29.167449] XFS (loop0): page discard on page 0000000061cc1010, inode 0x2b, pos 0.
[   29.170320] XFS (loop0): Unmounting Filesystem d408de26-55fb-48ab-a8ab-aacedb20f9dd
[   29.391434] loop0: detected capacity change from 0 to 65536
[   29.391889] XFS: ikeep mount option is deprecated.
[   29.392799] XFS (loop0): Mounting V5 Filesystem d408de26-55fb-48ab-a8ab-aacedb20f9dd
[   29.397159] XFS (loop0): Ending clean mount
[   29.397553] XFS (loop0): Quotacheck needed: Please wait.
[   29.398774] XFS (loop0): Metadata CRC error detected at xfs_agf_read_verify+0x10e/0x140, xfs_agf block 0x1 
[   29.399221] XFS (loop0): Unmount and run xfs_repair
[   29.399419] XFS (loop0): First 128 bytes of corrupted metadata buffer:
[   29.399689] 00000000: 58 41 47 46 00 00 00 01 00 00 00 00 00 00 40 00  XAGF..........@.
[   29.400008] 00000010: 00 00 00 02 00 00 00 03 00 00 00 00 00 00 00 01  ................
[   29.400327] 00000020: 00 00 00 01 00 00 00 00 00 00 01 00 00 00 00 04  ................
[   29.400641] 00000030: 00 00 00 04 00 00 3f ca 00 00 3f c7 00 00 00 00  ......?...?.....
[   29.400953] 00000040: d4 08 de 26 55 fb 48 ab a8 ab aa ce db 20 f9 dd  ...&U.H...... ..
[   29.401266] 00000050: 00 00 00 00 00 00 00 00 00 00 00 00 00 00 00 00  ................
[   29.401578] 00000060: 00 00 00 00 00 00 00 00 00 00 00 00 00 00 00 00  ................
[   29.401891] 00000070: 00 00 00 00 00 00 00 00 00 00 00 00 00 00 00 00  ................
[   29.402342] XFS (loop0): metadata I/O error in "xfs_read_agf+0xd0/0x2c0" at daddr 0x1 len 1 error 74
[   29.403744] XFS (loop0): Quotacheck: Unsuccessful (Error -117): Disabling quotas.
[   29.409649] XFS (loop0): Metadata CRC error detected at xfs_agf_read_verify+0x10e/0x140, xfs_agf block 0x1 
[   29.410063] XFS (loop0): Unmount and run xfs_repair
[   29.410268] XFS (loop0): First 128 bytes of corrupted metadata buffer:
[   29.410529] 00000000: 58 41 47 46 00 00 00 01 00 00 00 00 00 00 40 00  XAGF..........@.
[   29.410845] 00000010: 00 00 00 02 00 00 00 03 00 00 00 00 00 00 00 01  ................
[   29.411181] 00000020: 00 00 00 01 00 00 00 00 00 00 01 00 00 00 00 04  ................
[   29.411502] 00000030: 00 00 00 04 00 00 3f ca 00 00 3f c7 00 00 00 00  ......?...?.....
[   29.411818] 00000040: d4 08 de 26 55 fb 48 ab a8 ab aa ce db 20 f9 dd  ...&U.H...... ..
[   29.412133] 00000050: 00 00 00 00 00 00 00 00 00 00 00 00 00 00 00 00  ................
[   29.412442] 00000060: 00 00 00 00 00 00 00 00 00 00 00 00 00 00 00 00  ................
[   29.412752] 00000070: 00 00 00 00 00 00 00 00 00 00 00 00 00 00 00 00  ................
[   29.413090] XFS (loop0): metadata I/O error in "xfs_read_agf+0xd0/0x2c0" at daddr 0x1 len 1 error 74
[   29.413466] XFS (loop0): page discard on page 00000000c466b01e, inode 0x2b, pos 0.
[   29.414938] XFS (loop0): Unmounting Filesystem d408de26-55fb-48ab-a8ab-aacedb20f9dd
[   29.656200] loop0: detected capacity change from 0 to 65536
[   29.656624] XFS: ikeep mount option is deprecated.
[   29.657508] XFS (loop0): Mounting V5 Filesystem d408de26-55fb-48ab-a8ab-aacedb20f9dd
[   29.660912] XFS (loop0): Ending clean mount
[   29.661394] XFS (loop0): Quotacheck needed: Please wait.
[   29.662467] XFS (loop0): Metadata CRC error detected at xfs_agf_read_verify+0x10e/0x140, xfs_agf block 0x1 
[   29.662885] XFS (loop0): Unmount and run xfs_repair
[   29.663104] XFS (loop0): First 128 bytes of corrupted metadata buffer:
[   29.663369] 00000000: 58 41 47 46 00 00 00 01 00 00 00 00 00 00 40 00  XAGF..........@.
[   29.663683] 00000010: 00 00 00 02 00 00 00 03 00 00 00 00 00 00 00 01  ................
[   29.663997] 00000020: 00 00 00 01 00 00 00 00 00 00 01 00 00 00 00 04  ................
[   29.664314] 00000030: 00 00 00 04 00 00 3f ca 00 00 3f c7 00 00 00 00  ......?...?.....
[   29.664627] 00000040: d4 08 de 26 55 fb 48 ab a8 ab aa ce db 20 f9 dd  ...&U.H...... ..
[   29.664939] 00000050: 00 00 00 00 00 00 00 00 00 00 00 00 00 00 00 00  ................
[   29.665252] 00000060: 00 00 00 00 00 00 00 00 00 00 00 00 00 00 00 00  ................
[   29.665564] 00000070: 00 00 00 00 00 00 00 00 00 00 00 00 00 00 00 00  ................
[   29.666435] XFS (loop0): metadata I/O error in "xfs_read_agf+0xd0/0x2c0" at daddr 0x1 len 1 error 74
[   29.669044] XFS (loop0): Quotacheck: Unsuccessful (Error -117): Disabling quotas.
[   29.669765] XFS (loop0): Metadata CRC error detected at xfs_agf_read_verify+0x10e/0x140, xfs_agf block 0x1 
[   29.670170] XFS (loop0): Unmount and run xfs_repair
[   29.670370] XFS (loop0): First 128 bytes of corrupted metadata buffer:
[   29.670629] 00000000: 58 41 47 46 00 00 00 01 00 00 00 00 00 00 40 00  XAGF..........@.
[   29.670948] 00000010: 00 00 00 02 00 00 00 03 00 00 00 00 00 00 00 01  ................
[   29.671284] 00000020: 00 00 00 01 00 00 00 00 00 00 01 00 00 00 00 04  ................
[   29.671598] 00000030: 00 00 00 04 00 00 3f ca 00 00 3f c7 00 00 00 00  ......?...?.....
[   29.671910] 00000040: d4 08 de 26 55 fb 48 ab a8 ab aa ce db 20 f9 dd  ...&U.H...... ..
[   29.672222] 00000050: 00 00 00 00 00 00 00 00 00 00 00 00 00 00 00 00  ................
[   29.672534] 00000060: 00 00 00 00 00 00 00 00 00 00 00 00 00 00 00 00  ................
[   29.672847] 00000070: 00 00 00 00 00 00 00 00 00 00 00 00 00 00 00 00  ................
[   29.673651] XFS (loop0): metadata I/O error in "xfs_read_agf+0xd0/0x2c0" at daddr 0x1 len 1 error 74
[   29.674031] XFS (loop0): page discard on page 00000000326422fd, inode 0x2b, pos 0.
[   29.675897] XFS (loop0): Unmounting Filesystem d408de26-55fb-48ab-a8ab-aacedb20f9dd
[   29.902884] loop0: detected capacity change from 0 to 65536
[   29.903346] XFS: ikeep mount option is deprecated.
[   29.904347] XFS (loop0): Mounting V5 Filesystem d408de26-55fb-48ab-a8ab-aacedb20f9dd
[   29.907585] XFS (loop0): Ending clean mount
[   29.908058] XFS (loop0): Quotacheck needed: Please wait.
[   29.908669] XFS (loop0): Metadata CRC error detected at xfs_agf_read_verify+0x10e/0x140, xfs_agf block 0x1 
[   29.909087] XFS (loop0): Unmount and run xfs_repair
[   29.909285] XFS (loop0): First 128 bytes of corrupted metadata buffer:
[   29.909545] 00000000: 58 41 47 46 00 00 00 01 00 00 00 00 00 00 40 00  XAGF..........@.
[   29.909859] 00000010: 00 00 00 02 00 00 00 03 00 00 00 00 00 00 00 01  ................
[   29.910178] 00000020: 00 00 00 01 00 00 00 00 00 00 01 00 00 00 00 04  ................
[   29.910493] 00000030: 00 00 00 04 00 00 3f ca 00 00 3f c7 00 00 00 00  ......?...?.....
[   29.910806] 00000040: d4 08 de 26 55 fb 48 ab a8 ab aa ce db 20 f9 dd  ...&U.H...... ..
[   29.911142] 00000050: 00 00 00 00 00 00 00 00 00 00 00 00 00 00 00 00  ................
[   29.911457] 00000060: 00 00 00 00 00 00 00 00 00 00 00 00 00 00 00 00  ................
[   29.911771] 00000070: 00 00 00 00 00 00 00 00 00 00 00 00 00 00 00 00  ................
[   29.912179] XFS (loop0): metadata I/O error in "xfs_read_agf+0xd0/0x2c0" at daddr 0x1 len 1 error 74
[   29.913490] XFS (loop0): Quotacheck: Unsuccessful (Error -117): Disabling quotas.
[   29.920162] XFS (loop0): Metadata CRC error detected at xfs_agf_read_verify+0x10e/0x140, xfs_agf block 0x1 
[   29.920568] XFS (loop0): Unmount and run xfs_repair
[   29.920765] XFS (loop0): First 128 bytes of corrupted metadata buffer:
[   29.921024] 00000000: 58 41 47 46 00 00 00 01 00 00 00 00 00 00 40 00  XAGF..........@.
[   29.921347] 00000010: 00 00 00 02 00 00 00 03 00 00 00 00 00 00 00 01  ................
[   29.921660] 00000020: 00 00 00 01 00 00 00 00 00 00 01 00 00 00 00 04  ................
[   29.921972] 00000030: 00 00 00 04 00 00 3f ca 00 00 3f c7 00 00 00 00  ......?...?.....
[   29.922292] 00000040: d4 08 de 26 55 fb 48 ab a8 ab aa ce db 20 f9 dd  ...&U.H...... ..
[   29.922607] 00000050: 00 00 00 00 00 00 00 00 00 00 00 00 00 00 00 00  ................
[   29.922920] 00000060: 00 00 00 00 00 00 00 00 00 00 00 00 00 00 00 00  ................
[   29.923249] 00000070: 00 00 00 00 00 00 00 00 00 00 00 00 00 00 00 00  ................
[   29.923608] XFS (loop0): metadata I/O error in "xfs_read_agf+0xd0/0x2c0" at daddr 0x1 len 1 error 74
[   29.924000] XFS (loop0): page discard on page 000000004e7ab269, inode 0x2b, pos 0.
[   29.928717] XFS (loop0): Unmounting Filesystem d408de26-55fb-48ab-a8ab-aacedb20f9dd
[   30.151946] loop0: detected capacity change from 0 to 65536
[   30.152412] XFS: ikeep mount option is deprecated.
[   30.153366] XFS (loop0): Mounting V5 Filesystem d408de26-55fb-48ab-a8ab-aacedb20f9dd
[   30.156919] XFS (loop0): Ending clean mount
[   30.157309] XFS (loop0): Quotacheck needed: Please wait.
[   30.158477] XFS (loop0): Metadata CRC error detected at xfs_agf_read_verify+0x10e/0x140, xfs_agf block 0x1 
[   30.158897] XFS (loop0): Unmount and run xfs_repair
[   30.159113] XFS (loop0): First 128 bytes of corrupted metadata buffer:
[   30.159385] 00000000: 58 41 47 46 00 00 00 01 00 00 00 00 00 00 40 00  XAGF..........@.
[   30.159699] 00000010: 00 00 00 02 00 00 00 03 00 00 00 00 00 00 00 01  ................
[   30.160012] 00000020: 00 00 00 01 00 00 00 00 00 00 01 00 00 00 00 04  ................
[   30.160325] 00000030: 00 00 00 04 00 00 3f ca 00 00 3f c7 00 00 00 00  ......?...?.....
[   30.160639] 00000040: d4 08 de 26 55 fb 48 ab a8 ab aa ce db 20 f9 dd  ...&U.H...... ..
[   30.160956] 00000050: 00 00 00 00 00 00 00 00 00 00 00 00 00 00 00 00  ................
[   30.161270] 00000060: 00 00 00 00 00 00 00 00 00 00 00 00 00 00 00 00  ................
[   30.161583] 00000070: 00 00 00 00 00 00 00 00 00 00 00 00 00 00 00 00  ................
[   30.162083] XFS (loop0): metadata I/O error in "xfs_read_agf+0xd0/0x2c0" at daddr 0x1 len 1 error 74
[   30.162815] XFS (loop0): Quotacheck: Unsuccessful (Error -117): Disabling quotas.
[   30.164087] XFS (loop0): Metadata CRC error detected at xfs_agf_read_verify+0x10e/0x140, xfs_agf block 0x1 
[   30.164501] XFS (loop0): Unmount and run xfs_repair
[   30.164698] XFS (loop0): First 128 bytes of corrupted metadata buffer:
[   30.164958] 00000000: 58 41 47 46 00 00 00 01 00 00 00 00 00 00 40 00  XAGF..........@.
[   30.165271] 00000010: 00 00 00 02 00 00 00 03 00 00 00 00 00 00 00 01  ................
[   30.165584] 00000020: 00 00 00 01 00 00 00 00 00 00 01 00 00 00 00 04  ................
[   30.165897] 00000030: 00 00 00 04 00 00 3f ca 00 00 3f c7 00 00 00 00  ......?...?.....
[   30.166214] 00000040: d4 08 de 26 55 fb 48 ab a8 ab aa ce db 20 f9 dd  ...&U.H...... ..
[   30.166529] 00000050: 00 00 00 00 00 00 00 00 00 00 00 00 00 00 00 00  ................
[   30.166842] 00000060: 00 00 00 00 00 00 00 00 00 00 00 00 00 00 00 00  ................
[   30.167198] 00000070: 00 00 00 00 00 00 00 00 00 00 00 00 00 00 00 00  ................
[   30.168603] XFS (loop0): metadata I/O error in "xfs_read_agf+0xd0/0x2c0" at daddr 0x1 len 1 error 74
[   30.169055] XFS (loop0): page discard on page 0000000061d29b19, inode 0x2b, pos 0.
[   30.172385] XFS (loop0): Unmounting Filesystem d408de26-55fb-48ab-a8ab-aacedb20f9dd
[   30.383424] loop0: detected capacity change from 0 to 65536
[   30.383883] XFS: ikeep mount option is deprecated.
[   30.384830] XFS (loop0): Mounting V5 Filesystem d408de26-55fb-48ab-a8ab-aacedb20f9dd
[   30.388333] XFS (loop0): Ending clean mount
[   30.388723] XFS (loop0): Quotacheck needed: Please wait.
[   30.390433] XFS (loop0): Metadata CRC error detected at xfs_agf_read_verify+0x10e/0x140, xfs_agf block 0x1 
[   30.390856] XFS (loop0): Unmount and run xfs_repair
[   30.391067] XFS (loop0): First 128 bytes of corrupted metadata buffer:
[   30.391332] 00000000: 58 41 47 46 00 00 00 01 00 00 00 00 00 00 40 00  XAGF..........@.
[   30.391645] 00000010: 00 00 00 02 00 00 00 03 00 00 00 00 00 00 00 01  ................
[   30.391959] 00000020: 00 00 00 01 00 00 00 00 00 00 01 00 00 00 00 04  ................
[   30.392272] 00000030: 00 00 00 04 00 00 3f ca 00 00 3f c7 00 00 00 00  ......?...?.....
[   30.392585] 00000040: d4 08 de 26 55 fb 48 ab a8 ab aa ce db 20 f9 dd  ...&U.H...... ..
[   30.392901] 00000050: 00 00 00 00 00 00 00 00 00 00 00 00 00 00 00 00  ................
[   30.393213] 00000060: 00 00 00 00 00 00 00 00 00 00 00 00 00 00 00 00  ................
[   30.393526] 00000070: 00 00 00 00 00 00 00 00 00 00 00 00 00 00 00 00  ................
[   30.393878] XFS (loop0): metadata I/O error in "xfs_read_agf+0xd0/0x2c0" at daddr 0x1 len 1 error 74
[   30.394868] XFS (loop0): Quotacheck: Unsuccessful (Error -117): Disabling quotas.
[   30.396073] XFS (loop0): Metadata CRC error detected at xfs_agf_read_verify+0x10e/0x140, xfs_agf block 0x1 
[   30.396490] XFS (loop0): Unmount and run xfs_repair
[   30.396692] XFS (loop0): First 128 bytes of corrupted metadata buffer:
[   30.396958] 00000000: 58 41 47 46 00 00 00 01 00 00 00 00 00 00 40 00  XAGF..........@.
[   30.397278] 00000010: 00 00 00 02 00 00 00 03 00 00 00 00 00 00 00 01  ................
[   30.397598] 00000020: 00 00 00 01 00 00 00 00 00 00 01 00 00 00 00 04  ................
[   30.397918] 00000030: 00 00 00 04 00 00 3f ca 00 00 3f c7 00 00 00 00  ......?...?.....
[   30.398246] 00000040: d4 08 de 26 55 fb 48 ab a8 ab aa ce db 20 f9 dd  ...&U.H...... ..
[   30.398566] 00000050: 00 00 00 00 00 00 00 00 00 00 00 00 00 00 00 00  ................
[   30.398890] 00000060: 00 00 00 00 00 00 00 00 00 00 00 00 00 00 00 00  ................
[   30.399222] 00000070: 00 00 00 00 00 00 00 00 00 00 00 00 00 00 00 00  ................
[   30.400004] XFS (loop0): metadata I/O error in "xfs_read_agf+0xd0/0x2c0" at daddr 0x1 len 1 error 74
[   30.400387] XFS (loop0): page discard on page 000000008aed3348, inode 0x2b, pos 0.
[   30.402641] XFS (loop0): Unmounting Filesystem d408de26-55fb-48ab-a8ab-aacedb20f9dd
[   30.643705] loop0: detected capacity change from 0 to 65536
[   30.644124] XFS: ikeep mount option is deprecated.
[   30.645128] XFS (loop0): Mounting V5 Filesystem d408de26-55fb-48ab-a8ab-aacedb20f9dd
[   30.648656] XFS (loop0): Ending clean mount
[   30.649049] XFS (loop0): Quotacheck needed: Please wait.
[   30.650208] XFS (loop0): Metadata CRC error detected at xfs_agf_read_verify+0x10e/0x140, xfs_agf block 0x1 
[   30.650634] XFS (loop0): Unmount and run xfs_repair
[   30.650833] XFS (loop0): First 128 bytes of corrupted metadata buffer:
[   30.651114] 00000000: 58 41 47 46 00 00 00 01 00 00 00 00 00 00 40 00  XAGF..........@.
[   30.651431] 00000010: 00 00 00 02 00 00 00 03 00 00 00 00 00 00 00 01  ................
[   30.651748] 00000020: 00 00 00 01 00 00 00 00 00 00 01 00 00 00 00 04  ................
[   30.652064] 00000030: 00 00 00 04 00 00 3f ca 00 00 3f c7 00 00 00 00  ......?...?.....
[   30.652382] 00000040: d4 08 de 26 55 fb 48 ab a8 ab aa ce db 20 f9 dd  ...&U.H...... ..
[   30.652699] 00000050: 00 00 00 00 00 00 00 00 00 00 00 00 00 00 00 00  ................
[   30.653014] 00000060: 00 00 00 00 00 00 00 00 00 00 00 00 00 00 00 00  ................
[   30.653330] 00000070: 00 00 00 00 00 00 00 00 00 00 00 00 00 00 00 00  ................
[   30.653822] XFS (loop0): metadata I/O error in "xfs_read_agf+0xd0/0x2c0" at daddr 0x1 len 1 error 74
[   30.654948] XFS (loop0): Quotacheck: Unsuccessful (Error -117): Disabling quotas.
[   30.659098] XFS (loop0): Metadata CRC error detected at xfs_agf_read_verify+0x10e/0x140, xfs_agf block 0x1 
[   30.659506] XFS (loop0): Unmount and run xfs_repair
[   30.659706] XFS (loop0): First 128 bytes of corrupted metadata buffer:
[   30.659970] 00000000: 58 41 47 46 00 00 00 01 00 00 00 00 00 00 40 00  XAGF..........@.
[   30.660288] 00000010: 00 00 00 02 00 00 00 03 00 00 00 00 00 00 00 01  ................
[   30.660605] 00000020: 00 00 00 01 00 00 00 00 00 00 01 00 00 00 00 04  ................
[   30.660922] 00000030: 00 00 00 04 00 00 3f ca 00 00 3f c7 00 00 00 00  ......?...?.....
[   30.661239] 00000040: d4 08 de 26 55 fb 48 ab a8 ab aa ce db 20 f9 dd  ...&U.H...... ..
[   30.661558] 00000050: 00 00 00 00 00 00 00 00 00 00 00 00 00 00 00 00  ................
[   30.661876] 00000060: 00 00 00 00 00 00 00 00 00 00 00 00 00 00 00 00  ................
[   30.662195] 00000070: 00 00 00 00 00 00 00 00 00 00 00 00 00 00 00 00  ................
[   30.662523] XFS (loop0): metadata I/O error in "xfs_read_agf+0xd0/0x2c0" at daddr 0x1 len 1 error 74
[   30.662927] XFS (loop0): page discard on page 0000000036726e6a, inode 0x2b, pos 0.
[   30.665769] XFS (loop0): Unmounting Filesystem d408de26-55fb-48ab-a8ab-aacedb20f9dd
[   30.882448] loop0: detected capacity change from 0 to 65536
[   30.882903] XFS: ikeep mount option is deprecated.
[   30.883853] XFS (loop0): Mounting V5 Filesystem d408de26-55fb-48ab-a8ab-aacedb20f9dd
[   30.887206] XFS (loop0): Ending clean mount
[   30.887604] XFS (loop0): Quotacheck needed: Please wait.
[   30.889311] XFS (loop0): Metadata CRC error detected at xfs_agf_read_verify+0x10e/0x140, xfs_agf block 0x1 
[   30.889733] XFS (loop0): Unmount and run xfs_repair
[   30.889931] XFS (loop0): First 128 bytes of corrupted metadata buffer:
[   30.890202] 00000000: 58 41 47 46 00 00 00 01 00 00 00 00 00 00 40 00  XAGF..........@.
[   30.890516] 00000010: 00 00 00 02 00 00 00 03 00 00 00 00 00 00 00 01  ................
[   30.890837] 00000020: 00 00 00 01 00 00 00 00 00 00 01 00 00 00 00 04  ................
[   30.891166] 00000030: 00 00 00 04 00 00 3f ca 00 00 3f c7 00 00 00 00  ......?...?.....
[   30.891480] 00000040: d4 08 de 26 55 fb 48 ab a8 ab aa ce db 20 f9 dd  ...&U.H...... ..
[   30.891793] 00000050: 00 00 00 00 00 00 00 00 00 00 00 00 00 00 00 00  ................
[   30.892106] 00000060: 00 00 00 00 00 00 00 00 00 00 00 00 00 00 00 00  ................
[   30.892419] 00000070: 00 00 00 00 00 00 00 00 00 00 00 00 00 00 00 00  ................
[   30.892827] XFS (loop0): metadata I/O error in "xfs_read_agf+0xd0/0x2c0" at daddr 0x1 len 1 error 74
[   30.893956] XFS (loop0): Quotacheck: Unsuccessful (Error -117): Disabling quotas.
[   30.895159] XFS (loop0): Metadata CRC error detected at xfs_agf_read_verify+0x10e/0x140, xfs_agf block 0x1 
[   30.895561] XFS (loop0): Unmount and run xfs_repair
[   30.895758] XFS (loop0): First 128 bytes of corrupted metadata buffer:
[   30.896021] 00000000: 58 41 47 46 00 00 00 01 00 00 00 00 00 00 40 00  XAGF..........@.
[   30.896341] 00000010: 00 00 00 02 00 00 00 03 00 00 00 00 00 00 00 01  ................
[   30.896655] 00000020: 00 00 00 01 00 00 00 00 00 00 01 00 00 00 00 04  ................
[   30.896969] 00000030: 00 00 00 04 00 00 3f ca 00 00 3f c7 00 00 00 00  ......?...?.....
[   30.897282] 00000040: d4 08 de 26 55 fb 48 ab a8 ab aa ce db 20 f9 dd  ...&U.H...... ..
[   30.897596] 00000050: 00 00 00 00 00 00 00 00 00 00 00 00 00 00 00 00  ................
[   30.897909] 00000060: 00 00 00 00 00 00 00 00 00 00 00 00 00 00 00 00  ................
[   30.898226] 00000070: 00 00 00 00 00 00 00 00 00 00 00 00 00 00 00 00  ................
[   30.898550] XFS (loop0): metadata I/O error in "xfs_read_agf+0xd0/0x2c0" at daddr 0x1 len 1 error 74
[   30.908097] XFS (loop0): Unmounting Filesystem d408de26-55fb-48ab-a8ab-aacedb20f9dd
[   31.134672] loop0: detected capacity change from 0 to 65536
[   31.135163] XFS: ikeep mount option is deprecated.
[   31.136060] XFS (loop0): Mounting V5 Filesystem d408de26-55fb-48ab-a8ab-aacedb20f9dd
[   31.139420] XFS (loop0): Ending clean mount
[   31.139829] XFS (loop0): Quotacheck needed: Please wait.
[   31.141457] XFS (loop0): Metadata CRC error detected at xfs_agf_read_verify+0x10e/0x140, xfs_agf block 0x1 
[   31.141883] XFS (loop0): Unmount and run xfs_repair
[   31.142085] XFS (loop0): First 128 bytes of corrupted metadata buffer:
[   31.142357] 00000000: 58 41 47 46 00 00 00 01 00 00 00 00 00 00 40 00  XAGF..........@.
[   31.142674] 00000010: 00 00 00 02 00 00 00 03 00 00 00 00 00 00 00 01  ................
[   31.142990] 00000020: 00 00 00 01 00 00 00 00 00 00 01 00 00 00 00 04  ................
[   31.143327] 00000030: 00 00 00 04 00 00 3f ca 00 00 3f c7 00 00 00 00  ......?...?.....
[   31.143644] 00000040: d4 08 de 26 55 fb 48 ab a8 ab aa ce db 20 f9 dd  ...&U.H...... ..
[   31.143961] 00000050: 00 00 00 00 00 00 00 00 00 00 00 00 00 00 00 00  ................
[   31.144276] 00000060: 00 00 00 00 00 00 00 00 00 00 00 00 00 00 00 00  ................
[   31.144592] 00000070: 00 00 00 00 00 00 00 00 00 00 00 00 00 00 00 00  ................
[   31.145045] XFS (loop0): metadata I/O error in "xfs_read_agf+0xd0/0x2c0" at daddr 0x1 len 1 error 74
[   31.146116] XFS (loop0): Quotacheck: Unsuccessful (Error -117): Disabling quotas.
[   31.153727] XFS (loop0): Metadata CRC error detected at xfs_agf_read_verify+0x10e/0x140, xfs_agf block 0x1 
[   31.154141] XFS (loop0): Unmount and run xfs_repair
[   31.154340] XFS (loop0): First 128 bytes of corrupted metadata buffer:
[   31.154601] 00000000: 58 41 47 46 00 00 00 01 00 00 00 00 00 00 40 00  XAGF..........@.
[   31.154921] 00000010: 00 00 00 02 00 00 00 03 00 00 00 00 00 00 00 01  ................
[   31.155260] 00000020: 00 00 00 01 00 00 00 00 00 00 01 00 00 00 00 04  ................
[   31.155580] 00000030: 00 00 00 04 00 00 3f ca 00 00 3f c7 00 00 00 00  ......?...?.....
[   31.155904] 00000040: d4 08 de 26 55 fb 48 ab a8 ab aa ce db 20 f9 dd  ...&U.H...... ..
[   31.156223] 00000050: 00 00 00 00 00 00 00 00 00 00 00 00 00 00 00 00  ................
[   31.156543] 00000060: 00 00 00 00 00 00 00 00 00 00 00 00 00 00 00 00  ................
[   31.156864] 00000070: 00 00 00 00 00 00 00 00 00 00 00 00 00 00 00 00  ................
[   31.157195] XFS (loop0): metadata I/O error in "xfs_read_agf+0xd0/0x2c0" at daddr 0x1 len 1 error 74
[   31.164995] XFS (loop0): Unmounting Filesystem d408de26-55fb-48ab-a8ab-aacedb20f9dd
[   31.398690] loop0: detected capacity change from 0 to 65536
[   31.399184] XFS: ikeep mount option is deprecated.
[   31.400120] XFS (loop0): Mounting V5 Filesystem d408de26-55fb-48ab-a8ab-aacedb20f9dd
[   31.403582] XFS (loop0): Ending clean mount
[   31.403977] XFS (loop0): Quotacheck needed: Please wait.
[   31.405631] XFS (loop0): Metadata CRC error detected at xfs_agf_read_verify+0x10e/0x140, xfs_agf block 0x1 
[   31.406057] XFS (loop0): Unmount and run xfs_repair
[   31.406262] XFS (loop0): First 128 bytes of corrupted metadata buffer:
[   31.406531] 00000000: 58 41 47 46 00 00 00 01 00 00 00 00 00 00 40 00  XAGF..........@.
[   31.406850] 00000010: 00 00 00 02 00 00 00 03 00 00 00 00 00 00 00 01  ................
[   31.407184] 00000020: 00 00 00 01 00 00 00 00 00 00 01 00 00 00 00 04  ................
[   31.407499] 00000030: 00 00 00 04 00 00 3f ca 00 00 3f c7 00 00 00 00  ......?...?.....
[   31.407811] 00000040: d4 08 de 26 55 fb 48 ab a8 ab aa ce db 20 f9 dd  ...&U.H...... ..
[   31.408123] 00000050: 00 00 00 00 00 00 00 00 00 00 00 00 00 00 00 00  ................
[   31.408435] 00000060: 00 00 00 00 00 00 00 00 00 00 00 00 00 00 00 00  ................
[   31.408746] 00000070: 00 00 00 00 00 00 00 00 00 00 00 00 00 00 00 00  ................
[   31.409326] XFS (loop0): metadata I/O error in "xfs_read_agf+0xd0/0x2c0" at daddr 0x1 len 1 error 74
[   31.409878] XFS (loop0): Quotacheck: Unsuccessful (Error -117): Disabling quotas.
[   31.411015] XFS (loop0): Metadata CRC error detected at xfs_agf_read_verify+0x10e/0x140, xfs_agf block 0x1 
[   31.411461] XFS (loop0): Unmount and run xfs_repair
[   31.411658] XFS (loop0): First 128 bytes of corrupted metadata buffer:
[   31.411917] 00000000: 58 41 47 46 00 00 00 01 00 00 00 00 00 00 40 00  XAGF..........@.
[   31.412231] 00000010: 00 00 00 02 00 00 00 03 00 00 00 00 00 00 00 01  ................
[   31.412544] 00000020: 00 00 00 01 00 00 00 00 00 00 01 00 00 00 00 04  ................
[   31.412857] 00000030: 00 00 00 04 00 00 3f ca 00 00 3f c7 00 00 00 00  ......?...?.....
[   31.413171] 00000040: d4 08 de 26 55 fb 48 ab a8 ab aa ce db 20 f9 dd  ...&U.H...... ..
[   31.413484] 00000050: 00 00 00 00 00 00 00 00 00 00 00 00 00 00 00 00  ................
[   31.413797] 00000060: 00 00 00 00 00 00 00 00 00 00 00 00 00 00 00 00  ................
[   31.414114] 00000070: 00 00 00 00 00 00 00 00 00 00 00 00 00 00 00 00  ................
[   31.414439] XFS (loop0): metadata I/O error in "xfs_read_agf+0xd0/0x2c0" at daddr 0x1 len 1 error 74
[   31.415720] XFS (loop0): Unmounting Filesystem d408de26-55fb-48ab-a8ab-aacedb20f9dd
[   31.625892] loop0: detected capacity change from 0 to 65536
[   31.626362] XFS: ikeep mount option is deprecated.
[   31.628065] XFS (loop0): Mounting V5 Filesystem d408de26-55fb-48ab-a8ab-aacedb20f9dd
[   31.631668] XFS (loop0): Ending clean mount
[   31.632137] XFS (loop0): Quotacheck needed: Please wait.
[   31.632769] XFS (loop0): Metadata CRC error detected at xfs_agf_read_verify+0x10e/0x140, xfs_agf block 0x1 
[   31.633200] XFS (loop0): Unmount and run xfs_repair
[   31.633398] XFS (loop0): First 128 bytes of corrupted metadata buffer:
[   31.633657] 00000000: 58 41 47 46 00 00 00 01 00 00 00 00 00 00 40 00  XAGF..........@.
[   31.633971] 00000010: 00 00 00 02 00 00 00 03 00 00 00 00 00 00 00 01  ................
[   31.634298] 00000020: 00 00 00 01 00 00 00 00 00 00 01 00 00 00 00 04  ................
[   31.634610] 00000030: 00 00 00 04 00 00 3f ca 00 00 3f c7 00 00 00 00  ......?...?.....
[   31.634922] 00000040: d4 08 de 26 55 fb 48 ab a8 ab aa ce db 20 f9 dd  ...&U.H...... ..
[   31.635258] 00000050: 00 00 00 00 00 00 00 00 00 00 00 00 00 00 00 00  ................
[   31.635572] 00000060: 00 00 00 00 00 00 00 00 00 00 00 00 00 00 00 00  ................
[   31.635886] 00000070: 00 00 00 00 00 00 00 00 00 00 00 00 00 00 00 00  ................
[   31.636740] XFS (loop0): metadata I/O error in "xfs_read_agf+0xd0/0x2c0" at daddr 0x1 len 1 error 74
[   31.637390] XFS (loop0): Quotacheck: Unsuccessful (Error -117): Disabling quotas.
[   31.638124] XFS (loop0): Metadata CRC error detected at xfs_agf_read_verify+0x10e/0x140, xfs_agf block 0x1 
[   31.638524] XFS (loop0): Unmount and run xfs_repair
[   31.638720] XFS (loop0): First 128 bytes of corrupted metadata buffer:
[   31.638979] 00000000: 58 41 47 46 00 00 00 01 00 00 00 00 00 00 40 00  XAGF..........@.
[   31.639331] 00000010: 00 00 00 02 00 00 00 03 00 00 00 00 00 00 00 01  ................
[   31.639644] 00000020: 00 00 00 01 00 00 00 00 00 00 01 00 00 00 00 04  ................
[   31.639957] 00000030: 00 00 00 04 00 00 3f ca 00 00 3f c7 00 00 00 00  ......?...?.....
[   31.640270] 00000040: d4 08 de 26 55 fb 48 ab a8 ab aa ce db 20 f9 dd  ...&U.H...... ..
[   31.640583] 00000050: 00 00 00 00 00 00 00 00 00 00 00 00 00 00 00 00  ................
[   31.640895] 00000060: 00 00 00 00 00 00 00 00 00 00 00 00 00 00 00 00  ................
[   31.641208] 00000070: 00 00 00 00 00 00 00 00 00 00 00 00 00 00 00 00  ................
[   31.641530] XFS (loop0): metadata I/O error in "xfs_read_agf+0xd0/0x2c0" at daddr 0x1 len 1 error 74
[   31.646094] XFS (loop0): Unmounting Filesystem d408de26-55fb-48ab-a8ab-aacedb20f9dd
[   31.870522] loop0: detected capacity change from 0 to 65536
[   31.870967] XFS: ikeep mount option is deprecated.
[   31.871926] XFS (loop0): Mounting V5 Filesystem d408de26-55fb-48ab-a8ab-aacedb20f9dd
[   31.875261] XFS (loop0): Ending clean mount
[   31.875651] XFS (loop0): Quotacheck needed: Please wait.
[   31.877266] XFS (loop0): Metadata CRC error detected at xfs_agf_read_verify+0x10e/0x140, xfs_agf block 0x1 
[   31.877686] XFS (loop0): Unmount and run xfs_repair
[   31.877883] XFS (loop0): First 128 bytes of corrupted metadata buffer:
[   31.878154] 00000000: 58 41 47 46 00 00 00 01 00 00 00 00 00 00 40 00  XAGF..........@.
[   31.878471] 00000010: 00 00 00 02 00 00 00 03 00 00 00 00 00 00 00 01  ................
[   31.878784] 00000020: 00 00 00 01 00 00 00 00 00 00 01 00 00 00 00 04  ................
[   31.879115] 00000030: 00 00 00 04 00 00 3f ca 00 00 3f c7 00 00 00 00  ......?...?.....
[   31.879438] 00000040: d4 08 de 26 55 fb 48 ab a8 ab aa ce db 20 f9 dd  ...&U.H...... ..
[   31.879758] 00000050: 00 00 00 00 00 00 00 00 00 00 00 00 00 00 00 00  ................
[   31.880077] 00000060: 00 00 00 00 00 00 00 00 00 00 00 00 00 00 00 00  ................
[   31.880390] 00000070: 00 00 00 00 00 00 00 00 00 00 00 00 00 00 00 00  ................
[   31.880863] XFS (loop0): metadata I/O error in "xfs_read_agf+0xd0/0x2c0" at daddr 0x1 len 1 error 74
[   31.881446] XFS (loop0): Quotacheck: Unsuccessful (Error -117): Disabling quotas.
[   31.886776] XFS (loop0): Metadata CRC error detected at xfs_agf_read_verify+0x10e/0x140, xfs_agf block 0x1 
[   31.887201] XFS (loop0): Unmount and run xfs_repair
[   31.887555] XFS (loop0): First 128 bytes of corrupted metadata buffer:
[   31.887835] 00000000: 58 41 47 46 00 00 00 01 00 00 00 00 00 00 40 00  XAGF..........@.
[   31.888203] 00000010: 00 00 00 02 00 00 00 03 00 00 00 00 00 00 00 01  ................
[   31.888516] 00000020: 00 00 00 01 00 00 00 00 00 00 01 00 00 00 00 04  ................
[   31.888828] 00000030: 00 00 00 04 00 00 3f ca 00 00 3f c7 00 00 00 00  ......?...?.....
[   31.889144] 00000040: d4 08 de 26 55 fb 48 ab a8 ab aa ce db 20 f9 dd  ...&U.H...... ..
[   31.889465] 00000050: 00 00 00 00 00 00 00 00 00 00 00 00 00 00 00 00  ................
[   31.889784] 00000060: 00 00 00 00 00 00 00 00 00 00 00 00 00 00 00 00  ................
[   31.890098] 00000070: 00 00 00 00 00 00 00 00 00 00 00 00 00 00 00 00  ................
[   31.890426] XFS (loop0): metadata I/O error in "xfs_read_agf+0xd0/0x2c0" at daddr 0x1 len 1 error 74
[   31.893657] XFS (loop0): Unmounting Filesystem d408de26-55fb-48ab-a8ab-aacedb20f9dd
[   32.123576] loop0: detected capacity change from 0 to 65536
[   32.124037] XFS: ikeep mount option is deprecated.
[   32.124940] XFS (loop0): Mounting V5 Filesystem d408de26-55fb-48ab-a8ab-aacedb20f9dd
[   32.128327] XFS (loop0): Ending clean mount
[   32.128721] XFS (loop0): Quotacheck needed: Please wait.
[   32.129929] XFS (loop0): Metadata CRC error detected at xfs_agf_read_verify+0x10e/0x140, xfs_agf block 0x1 
[   32.130362] XFS (loop0): Unmount and run xfs_repair
[   32.130563] XFS (loop0): First 128 bytes of corrupted metadata buffer:
[   32.130833] 00000000: 58 41 47 46 00 00 00 01 00 00 00 00 00 00 40 00  XAGF..........@.
[   32.131168] 00000010: 00 00 00 02 00 00 00 03 00 00 00 00 00 00 00 01  ................
[   32.131486] 00000020: 00 00 00 01 00 00 00 00 00 00 01 00 00 00 00 04  ................
[   32.131804] 00000030: 00 00 00 04 00 00 3f ca 00 00 3f c7 00 00 00 00  ......?...?.....
[   32.132122] 00000040: d4 08 de 26 55 fb 48 ab a8 ab aa ce db 20 f9 dd  ...&U.H...... ..
[   32.132440] 00000050: 00 00 00 00 00 00 00 00 00 00 00 00 00 00 00 00  ................
[   32.132757] 00000060: 00 00 00 00 00 00 00 00 00 00 00 00 00 00 00 00  ................
[   32.133075] 00000070: 00 00 00 00 00 00 00 00 00 00 00 00 00 00 00 00  ................
[   32.133582] XFS (loop0): metadata I/O error in "xfs_read_agf+0xd0/0x2c0" at daddr 0x1 len 1 error 74
[   32.134728] XFS (loop0): Quotacheck: Unsuccessful (Error -117): Disabling quotas.
[   32.142050] XFS (loop0): Metadata CRC error detected at xfs_agf_read_verify+0x10e/0x140, xfs_agf block 0x1 
[   32.142467] XFS (loop0): Unmount and run xfs_repair
[   32.142667] XFS (loop0): First 128 bytes of corrupted metadata buffer:
[   32.142930] 00000000: 58 41 47 46 00 00 00 01 00 00 00 00 00 00 40 00  XAGF..........@.
[   32.143268] 00000010: 00 00 00 02 00 00 00 03 00 00 00 00 00 00 00 01  ................
[   32.143586] 00000020: 00 00 00 01 00 00 00 00 00 00 01 00 00 00 00 04  ................
[   32.143914] 00000030: 00 00 00 04 00 00 3f ca 00 00 3f c7 00 00 00 00  ......?...?.....
[   32.144350] 00000040: d4 08 de 26 55 fb 48 ab a8 ab aa ce db 20 f9 dd  ...&U.H...... ..
[   32.144752] 00000050: 00 00 00 00 00 00 00 00 00 00 00 00 00 00 00 00  ................
[   32.145066] 00000060: 00 00 00 00 00 00 00 00 00 00 00 00 00 00 00 00  ................
[   32.145378] 00000070: 00 00 00 00 00 00 00 00 00 00 00 00 00 00 00 00  ................
[   32.145708] XFS (loop0): metadata I/O error in "xfs_read_agf+0xd0/0x2c0" at daddr 0x1 len 1 error 74
[   32.148391] XFS (loop0): Unmounting Filesystem d408de26-55fb-48ab-a8ab-aacedb20f9dd
[   32.366605] loop0: detected capacity change from 0 to 65536
[   32.367096] XFS: ikeep mount option is deprecated.
[   32.367986] XFS (loop0): Mounting V5 Filesystem d408de26-55fb-48ab-a8ab-aacedb20f9dd
[   32.371312] XFS (loop0): Ending clean mount
[   32.371774] XFS (loop0): Quotacheck needed: Please wait.
[   32.373109] XFS (loop0): Metadata CRC error detected at xfs_agf_read_verify+0x10e/0x140, xfs_agf block 0x1 
[   32.373536] XFS (loop0): Unmount and run xfs_repair
[   32.373732] XFS (loop0): First 128 bytes of corrupted metadata buffer:
[   32.373999] 00000000: 58 41 47 46 00 00 00 01 00 00 00 00 00 00 40 00  XAGF..........@.
[   32.374316] 00000010: 00 00 00 02 00 00 00 03 00 00 00 00 00 00 00 01  ................
[   32.374630] 00000020: 00 00 00 01 00 00 00 00 00 00 01 00 00 00 00 04  ................
[   32.374943] 00000030: 00 00 00 04 00 00 3f ca 00 00 3f c7 00 00 00 00  ......?...?.....
[   32.375271] 00000040: d4 08 de 26 55 fb 48 ab a8 ab aa ce db 20 f9 dd  ...&U.H...... ..
[   32.375585] 00000050: 00 00 00 00 00 00 00 00 00 00 00 00 00 00 00 00  ................
[   32.375898] 00000060: 00 00 00 00 00 00 00 00 00 00 00 00 00 00 00 00  ................
[   32.376211] 00000070: 00 00 00 00 00 00 00 00 00 00 00 00 00 00 00 00  ................
[   32.376665] XFS (loop0): metadata I/O error in "xfs_read_agf+0xd0/0x2c0" at daddr 0x1 len 1 error 74
[   32.377823] XFS (loop0): Quotacheck: Unsuccessful (Error -117): Disabling quotas.
[   32.378607] XFS (loop0): Metadata CRC error detected at xfs_agf_read_verify+0x10e/0x140, xfs_agf block 0x1 
[   32.379017] XFS (loop0): Unmount and run xfs_repair
[   32.379258] XFS (loop0): First 128 bytes of corrupted metadata buffer:
[   32.379518] 00000000: 58 41 47 46 00 00 00 01 00 00 00 00 00 00 40 00  XAGF..........@.
[   32.379832] 00000010: 00 00 00 02 00 00 00 03 00 00 00 00 00 00 00 01  ................
[   32.380145] 00000020: 00 00 00 01 00 00 00 00 00 00 01 00 00 00 00 04  ................
[   32.380458] 00000030: 00 00 00 04 00 00 3f ca 00 00 3f c7 00 00 00 00  ......?...?.....
[   32.380772] 00000040: d4 08 de 26 55 fb 48 ab a8 ab aa ce db 20 f9 dd  ...&U.H...... ..
[   32.381085] 00000050: 00 00 00 00 00 00 00 00 00 00 00 00 00 00 00 00  ................
[   32.381398] 00000060: 00 00 00 00 00 00 00 00 00 00 00 00 00 00 00 00  ................
[   32.381711] 00000070: 00 00 00 00 00 00 00 00 00 00 00 00 00 00 00 00  ................
[   32.382071] XFS (loop0): metadata I/O error in "xfs_read_agf+0xd0/0x2c0" at daddr 0x1 len 1 error 74
[   32.383588] XFS (loop0): Unmounting Filesystem d408de26-55fb-48ab-a8ab-aacedb20f9dd
[   32.607944] loop0: detected capacity change from 0 to 65536
[   32.608401] XFS: ikeep mount option is deprecated.
[   32.609343] XFS (loop0): Mounting V5 Filesystem d408de26-55fb-48ab-a8ab-aacedb20f9dd
[   32.614518] XFS (loop0): Ending clean mount
[   32.614919] XFS (loop0): Quotacheck needed: Please wait.
[   32.617128] XFS (loop0): Metadata CRC error detected at xfs_agf_read_verify+0x10e/0x140, xfs_agf block 0x1 
[   32.617554] XFS (loop0): Unmount and run xfs_repair
[   32.617751] XFS (loop0): First 128 bytes of corrupted metadata buffer:
[   32.618018] 00000000: 58 41 47 46 00 00 00 01 00 00 00 00 00 00 40 00  XAGF..........@.
[   32.618339] 00000010: 00 00 00 02 00 00 00 03 00 00 00 00 00 00 00 01  ................
[   32.618652] 00000020: 00 00 00 01 00 00 00 00 00 00 01 00 00 00 00 04  ................
[   32.618964] 00000030: 00 00 00 04 00 00 3f ca 00 00 3f c7 00 00 00 00  ......?...?.....
[   32.619293] 00000040: d4 08 de 26 55 fb 48 ab a8 ab aa ce db 20 f9 dd  ...&U.H...... ..
[   32.619606] 00000050: 00 00 00 00 00 00 00 00 00 00 00 00 00 00 00 00  ................
[   32.619919] 00000060: 00 00 00 00 00 00 00 00 00 00 00 00 00 00 00 00  ................
[   32.620232] 00000070: 00 00 00 00 00 00 00 00 00 00 00 00 00 00 00 00  ................
[   32.620704] XFS (loop0): metadata I/O error in "xfs_read_agf+0xd0/0x2c0" at daddr 0x1 len 1 error 74
[   32.621342] XFS (loop0): Quotacheck: Unsuccessful (Error -117): Disabling quotas.
[   32.627123] XFS (loop0): Metadata CRC error detected at xfs_agf_read_verify+0x10e/0x140, xfs_agf block 0x1 
[   32.627527] XFS (loop0): Unmount and run xfs_repair
[   32.627725] XFS (loop0): First 128 bytes of corrupted metadata buffer:
[   32.627986] 00000000: 58 41 47 46 00 00 00 01 00 00 00 00 00 00 40 00  XAGF..........@.
[   32.628301] 00000010: 00 00 00 02 00 00 00 03 00 00 00 00 00 00 00 01  ................
[   32.628616] 00000020: 00 00 00 01 00 00 00 00 00 00 01 00 00 00 00 04  ................
[   32.628931] 00000030: 00 00 00 04 00 00 3f ca 00 00 3f c7 00 00 00 00  ......?...?.....
[   32.629245] 00000040: d4 08 de 26 55 fb 48 ab a8 ab aa ce db 20 f9 dd  ...&U.H...... ..
[   32.629565] 00000050: 00 00 00 00 00 00 00 00 00 00 00 00 00 00 00 00  ................
[   32.629879] 00000060: 00 00 00 00 00 00 00 00 00 00 00 00 00 00 00 00  ................
[   32.630198] 00000070: 00 00 00 00 00 00 00 00 00 00 00 00 00 00 00 00  ................
[   32.630524] XFS (loop0): metadata I/O error in "xfs_read_agf+0xd0/0x2c0" at daddr 0x1 len 1 error 74
[   32.631817] XFS (loop0): Unmounting Filesystem d408de26-55fb-48ab-a8ab-aacedb20f9dd
[   32.874553] loop0: detected capacity change from 0 to 65536
[   32.875069] XFS: ikeep mount option is deprecated.
[   32.876714] XFS (loop0): Mounting V5 Filesystem d408de26-55fb-48ab-a8ab-aacedb20f9dd
[   32.880196] XFS (loop0): Ending clean mount
[   32.880673] XFS (loop0): Quotacheck needed: Please wait.
[   32.882388] XFS (loop0): Metadata CRC error detected at xfs_agf_read_verify+0x10e/0x140, xfs_agf block 0x1 
[   32.882816] XFS (loop0): Unmount and run xfs_repair
[   32.883052] XFS (loop0): First 128 bytes of corrupted metadata buffer:
[   32.883330] 00000000: 58 41 47 46 00 00 00 01 00 00 00 00 00 00 40 00  XAGF..........@.
[   32.883644] 00000010: 00 00 00 02 00 00 00 03 00 00 00 00 00 00 00 01  ................
[   32.883956] 00000020: 00 00 00 01 00 00 00 00 00 00 01 00 00 00 00 04  ................
[   32.884271] 00000030: 00 00 00 04 00 00 3f ca 00 00 3f c7 00 00 00 00  ......?...?.....
[   32.884595] 00000040: d4 08 de 26 55 fb 48 ab a8 ab aa ce db 20 f9 dd  ...&U.H...... ..
[   32.884914] 00000050: 00 00 00 00 00 00 00 00 00 00 00 00 00 00 00 00  ................
[   32.885233] 00000060: 00 00 00 00 00 00 00 00 00 00 00 00 00 00 00 00  ................
[   32.885552] 00000070: 00 00 00 00 00 00 00 00 00 00 00 00 00 00 00 00  ................
[   32.886015] XFS (loop0): metadata I/O error in "xfs_read_agf+0xd0/0x2c0" at daddr 0x1 len 1 error 74
[   32.887161] XFS (loop0): Quotacheck: Unsuccessful (Error -117): Disabling quotas.
[   32.893839] XFS (loop0): Metadata CRC error detected at xfs_agf_read_verify+0x10e/0x140, xfs_agf block 0x1 
[   32.894268] XFS (loop0): Unmount and run xfs_repair
[   32.894469] XFS (loop0): First 128 bytes of corrupted metadata buffer:
[   32.894731] 00000000: 58 41 47 46 00 00 00 01 00 00 00 00 00 00 40 00  XAGF..........@.
[   32.895080] 00000010: 00 00 00 02 00 00 00 03 00 00 00 00 00 00 00 01  ................
[   32.895456] 00000020: 00 00 00 01 00 00 00 00 00 00 01 00 00 00 00 04  ................
[   32.895821] 00000030: 00 00 00 04 00 00 3f ca 00 00 3f c7 00 00 00 00  ......?...?.....
[   32.896135] 00000040: d4 08 de 26 55 fb 48 ab a8 ab aa ce db 20 f9 dd  ...&U.H...... ..
[   32.896449] 00000050: 00 00 00 00 00 00 00 00 00 00 00 00 00 00 00 00  ................
[   32.896763] 00000060: 00 00 00 00 00 00 00 00 00 00 00 00 00 00 00 00  ................
[   32.897079] 00000070: 00 00 00 00 00 00 00 00 00 00 00 00 00 00 00 00  ................
[   32.899016] XFS (loop0): metadata I/O error in "xfs_read_agf+0xd0/0x2c0" at daddr 0x1 len 1 error 74
[   32.901296] XFS (loop0): Unmounting Filesystem d408de26-55fb-48ab-a8ab-aacedb20f9dd
[   33.127622] loop0: detected capacity change from 0 to 65536
[   33.128058] XFS: ikeep mount option is deprecated.
[   33.129066] XFS (loop0): Mounting V5 Filesystem d408de26-55fb-48ab-a8ab-aacedb20f9dd
[   33.133358] XFS (loop0): Ending clean mount
[   33.133748] XFS (loop0): Quotacheck needed: Please wait.
[   33.135548] XFS (loop0): Metadata CRC error detected at xfs_agf_read_verify+0x10e/0x140, xfs_agf block 0x1 
[   33.135970] XFS (loop0): Unmount and run xfs_repair
[   33.136167] XFS (loop0): First 128 bytes of corrupted metadata buffer:
[   33.136427] 00000000: 58 41 47 46 00 00 00 01 00 00 00 00 00 00 40 00  XAGF..........@.
[   33.136747] 00000010: 00 00 00 02 00 00 00 03 00 00 00 00 00 00 00 01  ................
[   33.137065] 00000020: 00 00 00 01 00 00 00 00 00 00 01 00 00 00 00 04  ................
[   33.137378] 00000030: 00 00 00 04 00 00 3f ca 00 00 3f c7 00 00 00 00  ......?...?.....
[   33.137691] 00000040: d4 08 de 26 55 fb 48 ab a8 ab aa ce db 20 f9 dd  ...&U.H...... ..
[   33.138003] 00000050: 00 00 00 00 00 00 00 00 00 00 00 00 00 00 00 00  ................
[   33.138320] 00000060: 00 00 00 00 00 00 00 00 00 00 00 00 00 00 00 00  ................
[   33.138633] 00000070: 00 00 00 00 00 00 00 00 00 00 00 00 00 00 00 00  ................
[   33.138987] XFS (loop0): metadata I/O error in "xfs_read_agf+0xd0/0x2c0" at daddr 0x1 len 1 error 74
[   33.140066] XFS (loop0): Quotacheck: Unsuccessful (Error -117): Disabling quotas.
[   33.140804] XFS (loop0): Metadata CRC error detected at xfs_agf_read_verify+0x10e/0x140, xfs_agf block 0x1 
[   33.141203] XFS (loop0): Unmount and run xfs_repair
[   33.141400] XFS (loop0): First 128 bytes of corrupted metadata buffer:
[   33.141659] 00000000: 58 41 47 46 00 00 00 01 00 00 00 00 00 00 40 00  XAGF..........@.
[   33.141972] 00000010: 00 00 00 02 00 00 00 03 00 00 00 00 00 00 00 01  ................
[   33.142289] 00000020: 00 00 00 01 00 00 00 00 00 00 01 00 00 00 00 04  ................
[   33.142603] 00000030: 00 00 00 04 00 00 3f ca 00 00 3f c7 00 00 00 00  ......?...?.....
[   33.142920] 00000040: d4 08 de 26 55 fb 48 ab a8 ab aa ce db 20 f9 dd  ...&U.H...... ..
[   33.143274] 00000050: 00 00 00 00 00 00 00 00 00 00 00 00 00 00 00 00  ................
[   33.143587] 00000060: 00 00 00 00 00 00 00 00 00 00 00 00 00 00 00 00  ................
[   33.143901] 00000070: 00 00 00 00 00 00 00 00 00 00 00 00 00 00 00 00  ................
[   33.144217] XFS (loop0): metadata I/O error in "xfs_read_agf+0xd0/0x2c0" at daddr 0x1 len 1 error 74
[   33.148038] XFS (loop0): Unmounting Filesystem d408de26-55fb-48ab-a8ab-aacedb20f9dd
[   33.391375] loop0: detected capacity change from 0 to 65536
[   33.391813] XFS: ikeep mount option is deprecated.
[   33.392718] XFS (loop0): Mounting V5 Filesystem d408de26-55fb-48ab-a8ab-aacedb20f9dd
[   33.396068] XFS (loop0): Ending clean mount
[   33.396458] XFS (loop0): Quotacheck needed: Please wait.
[   33.397659] XFS (loop0): Metadata CRC error detected at xfs_agf_read_verify+0x10e/0x140, xfs_agf block 0x1 
[   33.398079] XFS (loop0): Unmount and run xfs_repair
[   33.398288] XFS (loop0): First 128 bytes of corrupted metadata buffer:
[   33.398555] 00000000: 58 41 47 46 00 00 00 01 00 00 00 00 00 00 40 00  XAGF..........@.
[   33.398868] 00000010: 00 00 00 02 00 00 00 03 00 00 00 00 00 00 00 01  ................
[   33.399208] 00000020: 00 00 00 01 00 00 00 00 00 00 01 00 00 00 00 04  ................
[   33.399523] 00000030: 00 00 00 04 00 00 3f ca 00 00 3f c7 00 00 00 00  ......?...?.....
[   33.399837] 00000040: d4 08 de 26 55 fb 48 ab a8 ab aa ce db 20 f9 dd  ...&U.H...... ..
[   33.400150] 00000050: 00 00 00 00 00 00 00 00 00 00 00 00 00 00 00 00  ................
[   33.400464] 00000060: 00 00 00 00 00 00 00 00 00 00 00 00 00 00 00 00  ................
[   33.400777] 00000070: 00 00 00 00 00 00 00 00 00 00 00 00 00 00 00 00  ................
[   33.401807] XFS (loop0): metadata I/O error in "xfs_read_agf+0xd0/0x2c0" at daddr 0x1 len 1 error 74
[   33.402847] XFS (loop0): Quotacheck: Unsuccessful (Error -117): Disabling quotas.
[   33.408780] XFS (loop0): Metadata CRC error detected at xfs_agf_read_verify+0x10e/0x140, xfs_agf block 0x1 
[   33.409209] XFS (loop0): Unmount and run xfs_repair
[   33.409406] XFS (loop0): First 128 bytes of corrupted metadata buffer:
[   33.409664] 00000000: 58 41 47 46 00 00 00 01 00 00 00 00 00 00 40 00  XAGF..........@.
[   33.409983] 00000010: 00 00 00 02 00 00 00 03 00 00 00 00 00 00 00 01  ................
[   33.410299] 00000020: 00 00 00 01 00 00 00 00 00 00 01 00 00 00 00 04  ................
[   33.410611] 00000030: 00 00 00 04 00 00 3f ca 00 00 3f c7 00 00 00 00  ......?...?.....
[   33.410924] 00000040: d4 08 de 26 55 fb 48 ab a8 ab aa ce db 20 f9 dd  ...&U.H...... ..
[   33.411258] 00000050: 00 00 00 00 00 00 00 00 00 00 00 00 00 00 00 00  ................
[   33.411571] 00000060: 00 00 00 00 00 00 00 00 00 00 00 00 00 00 00 00  ................
[   33.411883] 00000070: 00 00 00 00 00 00 00 00 00 00 00 00 00 00 00 00  ................
[   33.412834] XFS (loop0): metadata I/O error in "xfs_read_agf+0xd0/0x2c0" at daddr 0x1 len 1 error 74
[   33.413226] xfs_discard_folio: 10 callbacks suppressed
[   33.413231] XFS (loop0): page discard on page 000000004e325049, inode 0x2b, pos 0.
[   33.414973] XFS (loop0): Unmounting Filesystem d408de26-55fb-48ab-a8ab-aacedb20f9dd
[   33.650830] loop0: detected capacity change from 0 to 65536
[   33.651285] XFS: ikeep mount option is deprecated.
[   33.652203] XFS (loop0): Mounting V5 Filesystem d408de26-55fb-48ab-a8ab-aacedb20f9dd
[   33.656771] XFS (loop0): Ending clean mount
[   33.657246] XFS (loop0): Quotacheck needed: Please wait.
[   33.658540] XFS (loop0): Metadata CRC error detected at xfs_agf_read_verify+0x10e/0x140, xfs_agf block 0x1 
[   33.658963] XFS (loop0): Unmount and run xfs_repair
[   33.659183] XFS (loop0): First 128 bytes of corrupted metadata buffer:
