c[?7l[2J[0mSeaBIOS (version rel-1.16.0-0-gd239552ce722-prebuilt.qemu.org)


iPXE (http://ipxe.org) 00:03.0 CA00 PCI2.10 PnP PMM+7FF91000+7FEF1000 CA00
Press Ctrl-B to configure iPXE (PCI 00:03.0)...                                                                               


Booting from ROM..c[?7l[2J[    0.000000] Linux version 5.11.0-f40ddce88593+ (root@p-adls01) (gcc (GCC) 8.5.0 20210514 (Red Hat 8.5.0-18), GNU ld version 2.36.1-2.el8) #1 SMP Tue Feb 28 15:06:10 CST 2023
[    0.000000] Command line: console=ttyS0 root=/dev/sda earlyprintk=serial net.ifnames=0
[    0.000000] KERNEL supported cpus:
[    0.000000]   Intel GenuineIntel
[    0.000000]   AMD AuthenticAMD
[    0.000000]   Hygon HygonGenuine
[    0.000000]   Centaur CentaurHauls
[    0.000000]   zhaoxin   Shanghai  
[    0.000000] x86/fpu: Supporting XSAVE feature 0x001: 'x87 floating point registers'
[    0.000000] x86/fpu: Supporting XSAVE feature 0x002: 'SSE registers'
[    0.000000] x86/fpu: Supporting XSAVE feature 0x004: 'AVX registers'
[    0.000000] x86/fpu: Supporting XSAVE feature 0x200: 'Protection Keys User registers'
[    0.000000] x86/fpu: xstate_offset[2]:  576, xstate_sizes[2]:  256
[    0.000000] x86/fpu: xstate_offset[9]:  832, xstate_sizes[9]:    8
[    0.000000] x86/fpu: Enabled xstate features 0x207, context size is 840 bytes, using 'compacted' format.
[    0.000000] BIOS-provided physical RAM map:
[    0.000000] BIOS-e820: [mem 0x0000000000000000-0x000000000009fbff] usable
[    0.000000] BIOS-e820: [mem 0x000000000009fc00-0x000000000009ffff] reserved
[    0.000000] BIOS-e820: [mem 0x00000000000f0000-0x00000000000fffff] reserved
[    0.000000] BIOS-e820: [mem 0x0000000000100000-0x000000007ffdffff] usable
[    0.000000] BIOS-e820: [mem 0x000000007ffe0000-0x000000007fffffff] reserved
[    0.000000] BIOS-e820: [mem 0x00000000feffc000-0x00000000feffffff] reserved
[    0.000000] BIOS-e820: [mem 0x00000000fffc0000-0x00000000ffffffff] reserved
[    0.000000] printk: bootconsole [earlyser0] enabled
[    0.000000] NX (Execute Disable) protection: active
[    0.000000] SMBIOS 2.8 present.
[    0.000000] DMI: QEMU Standard PC (i440FX + PIIX, 1996), BIOS rel-1.16.0-0-gd239552ce722-prebuilt.qemu.org 04/01/2014
[    0.000000] Hypervisor detected: KVM
[    0.000000] kvm-clock: Using msrs 4b564d01 and 4b564d00
[    0.000000] kvm-clock: cpu 0, msr 5401001, primary cpu clock
[    0.000000] kvm-clock: using sched offset of 317779380 cycles
[    0.000362] clocksource: kvm-clock: mask: 0xffffffffffffffff max_cycles: 0x1cd42e4dffb, max_idle_ns: 881590591483 ns
[    0.001411] tsc: Detected 3609.600 MHz processor
[    0.006650] last_pfn = 0x7ffe0 max_arch_pfn = 0x400000000
[    0.007127] x86/PAT: Configuration [0-7]: WB  WC  UC- UC  WB  WP  UC- WT  
[    0.014413] found SMP MP-table at [mem 0x000f5ba0-0x000f5baf]
[    0.015483] check: Scanning 1 areas for low memory corruption
[    0.015923] Using GB pages for direct mapping
[    0.017024] ACPI: Early table checksum verification disabled
[    0.017393] ACPI: RSDP 0x00000000000F59C0 000014 (v00 BOCHS )
[    0.017760] ACPI: RSDT 0x000000007FFE1951 000034 (v01 BOCHS  BXPC     00000001 BXPC 00000001)
[    0.018298] ACPI: FACP 0x000000007FFE17FD 000074 (v01 BOCHS  BXPC     00000001 BXPC 00000001)
[    0.018841] ACPI: DSDT 0x000000007FFE0040 0017BD (v01 BOCHS  BXPC     00000001 BXPC 00000001)
[    0.019388] ACPI: FACS 0x000000007FFE0000 000040
[    0.019682] ACPI: APIC 0x000000007FFE1871 000080 (v01 BOCHS  BXPC     00000001 BXPC 00000001)
[    0.020215] ACPI: HPET 0x000000007FFE18F1 000038 (v01 BOCHS  BXPC     00000001 BXPC 00000001)
[    0.020756] ACPI: WAET 0x000000007FFE1929 000028 (v01 BOCHS  BXPC     00000001 BXPC 00000001)
[    0.021794] No NUMA configuration found
[    0.022032] Faking a node at [mem 0x0000000000000000-0x000000007ffdffff]
[    0.022498] NODE_DATA(0) allocated [mem 0x7ffb5000-0x7ffdffff]
[    0.025462] Zone ranges:
[    0.025644]   DMA      [mem 0x0000000000001000-0x0000000000ffffff]
[    0.026027]   DMA32    [mem 0x0000000001000000-0x000000007ffdffff]
[    0.026408]   Normal   empty
[    0.026587]   Device   empty
[    0.026770] Movable zone start for each node
[    0.027032] Early memory node ranges
[    0.027251]   node   0: [mem 0x0000000000001000-0x000000000009efff]
[    0.027635]   node   0: [mem 0x0000000000100000-0x000000007ffdffff]
[    0.028471] Zeroed struct page in unavailable ranges: 130 pages
[    0.028477] Initmem setup node 0 [mem 0x0000000000001000-0x000000007ffdffff]
[    0.059301] ACPI: PM-Timer IO Port: 0x608
[    0.059609] ACPI: LAPIC_NMI (acpi_id[0xff] dfl dfl lint[0x1])
[    0.060010] IOAPIC[0]: apic_id 0, version 17, address 0xfec00000, GSI 0-23
[    0.060451] ACPI: INT_SRC_OVR (bus 0 bus_irq 0 global_irq 2 dfl dfl)
[    0.060851] ACPI: INT_SRC_OVR (bus 0 bus_irq 5 global_irq 5 high level)
[    0.061260] ACPI: INT_SRC_OVR (bus 0 bus_irq 9 global_irq 9 high level)
[    0.061667] ACPI: INT_SRC_OVR (bus 0 bus_irq 10 global_irq 10 high level)
[    0.062082] ACPI: INT_SRC_OVR (bus 0 bus_irq 11 global_irq 11 high level)
[    0.062535] Using ACPI (MADT) for SMP configuration information
[    0.062903] ACPI: HPET id: 0x8086a201 base: 0xfed00000
[    0.063235] TSC deadline timer available
[    0.063489] smpboot: Allowing 2 CPUs, 0 hotplug CPUs
[    0.063833] kvm-guest: KVM setup pv remote TLB flush
[    0.064164] kvm-guest: setup PV sched yield
[    0.064473] PM: hibernation: Registered nosave memory: [mem 0x00000000-0x00000fff]
[    0.064939] PM: hibernation: Registered nosave memory: [mem 0x0009f000-0x0009ffff]
[    0.065409] PM: hibernation: Registered nosave memory: [mem 0x000a0000-0x000effff]
[    0.065869] PM: hibernation: Registered nosave memory: [mem 0x000f0000-0x000fffff]
[    0.066334] [mem 0x80000000-0xfeffbfff] available for PCI devices
[    0.066714] Booting paravirtualized kernel on KVM
[    0.067034] clocksource: refined-jiffies: mask: 0xffffffff max_cycles: 0xffffffff, max_idle_ns: 7645519600211568 ns
[    0.067683] setup_percpu: NR_CPUS:8192 nr_cpumask_bits:2 nr_cpu_ids:2 nr_node_ids:1
[    0.069320] percpu: Embedded 58 pages/cpu s200704 r8192 d28672 u1048576
[    0.069907] kvm-guest: KVM setup async PF for cpu 0
[    0.070213] kvm-guest: stealtime: cpu 0, msr 7dc30080
[    0.070527] kvm-guest: PV spinlocks enabled
[    0.070798] PV qspinlock hash table entries: 256 (order: 0, 4096 bytes, linear)
[    0.071278] Built 1 zonelists, mobility grouping on.  Total pages: 515945
[    0.071698] Policy zone: DMA32
[    0.071891] Kernel command line: net.ifnames=0 console=ttyS0 root=/dev/sda earlyprintk=serial net.ifnames=0
[    0.074546] Dentry cache hash table entries: 262144 (order: 9, 2097152 bytes, linear)
[    0.075519] Inode-cache hash table entries: 131072 (order: 8, 1048576 bytes, linear)
[    0.076094] mem auto-init: stack:off, heap alloc:off, heap free:off
[    0.079854] Memory: 1988036K/2096632K available (30736K kernel code, 5159K rwdata, 7444K rodata, 2980K init, 22372K bss, 108340K reserved, 0K cma-reserved)
[    0.080758] random: get_random_u64 called from __kmem_cache_create+0x33/0x460 with crng_init=0
[    0.081154] SLUB: HWalign=64, Order=0-3, MinObjects=0, CPUs=2, Nodes=1
[    0.082066] kmemleak: Kernel memory leak detector disabled
[    0.082439] ftrace: allocating 62788 entries in 246 pages
[    0.146288] ftrace: allocated 246 pages with 6 groups
[    0.146926] Running RCU self tests
[    0.147142] rcu: Hierarchical RCU implementation.
[    0.147425] rcu: 	RCU lockdep checking is enabled.
[    0.147713] rcu: 	RCU restricting CPUs from NR_CPUS=8192 to nr_cpu_ids=2.
[    0.148120] 	Trampoline variant of Tasks RCU enabled.
[    0.148423] 	Rude variant of Tasks RCU enabled.
[    0.148694] 	Tracing variant of Tasks RCU enabled.
[    0.148981] rcu: RCU calculated value of scheduler-enlistment delay is 25 jiffies.
[    0.149434] rcu: Adjusting geometry for rcu_fanout_leaf=16, nr_cpu_ids=2
[    0.161244] NR_IRQS: 524544, nr_irqs: 440, preallocated irqs: 16
[    0.167673] Console: colour VGA+ 80x25
[    0.167963] printk: console [ttyS0] enabled
[    0.167963] printk: console [ttyS0] enabled
[    0.168483] printk: bootconsole [earlyser0] disabled
[    0.168483] printk: bootconsole [earlyser0] disabled
[    0.169096] Lock dependency validator: Copyright (c) 2006 Red Hat, Inc., Ingo Molnar
[    0.169580] ... MAX_LOCKDEP_SUBCLASSES:  8
[    0.169841] ... MAX_LOCK_DEPTH:          48
[    0.170107] ... MAX_LOCKDEP_KEYS:        8192
[    0.170383] ... CLASSHASH_SIZE:          4096
[    0.170658] ... MAX_LOCKDEP_ENTRIES:     32768
[    0.170944] ... MAX_LOCKDEP_CHAINS:      65536
[    0.171226] ... CHAINHASH_SIZE:          32768
[    0.171508]  memory used by lock dependency info: 6365 kB
[    0.171849]  memory used for stack traces: 4224 kB
[    0.172152]  per task-struct memory footprint: 1920 bytes
[    0.172525] ACPI: Core revision 20201113
[    0.172929] clocksource: hpet: mask: 0xffffffff max_cycles: 0xffffffff, max_idle_ns: 19112604467 ns
[    0.173594] APIC: Switch to symmetric I/O mode setup
[    0.174034] x2apic enabled
[    0.174340] Switched APIC routing to physical x2apic.
[    0.174661] kvm-guest: setup PV IPIs
[    0.175530] ..TIMER: vector=0x30 apic1=0 pin1=2 apic2=-1 pin2=-1
[    0.175926] clocksource: tsc-early: mask: 0xffffffffffffffff max_cycles: 0x3407c077a8d, max_idle_ns: 440795342283 ns
[    0.176591] Calibrating delay loop (skipped) preset value.. 7219.20 BogoMIPS (lpj=14438400)
[    0.177115] pid_max: default: 32768 minimum: 301
[    0.177462] LSM: Security Framework initializing
[    0.180595] Yama: becoming mindful.
[    0.180962] Mount-cache hash table entries: 4096 (order: 3, 32768 bytes, linear)
[    0.181436] Mountpoint-cache hash table entries: 4096 (order: 3, 32768 bytes, linear)
[    0.183806] x86/cpu: User Mode Instruction Prevention (UMIP) activated
[    0.184797] Last level iTLB entries: 4KB 0, 2MB 0, 4MB 0
[    0.185163] Last level dTLB entries: 4KB 0, 2MB 0, 4MB 0, 1GB 0
[    0.185566] Spectre V1 : Mitigation: usercopy/swapgs barriers and __user pointer sanitization
[    0.186107] Spectre V2 : Mitigation: Enhanced IBRS
[    0.186398] Spectre V2 : Spectre v2 / SpectreRSB mitigation: Filling RSB on context switch
[    0.186894] Spectre V2 : mitigation: Enabling conditional Indirect Branch Prediction Barrier
[    0.187398] Speculative Store Bypass: Mitigation: Speculative Store Bypass disabled via prctl and seccomp
[    0.188587] Freeing SMP alternatives memory: 52K
[    0.190171] smpboot: CPU0: 12th Gen Intel(R) Core(TM) i7-12700K (family: 0x6, model: 0x97, stepping: 0x2)
[    0.191223] Performance Events: generic architected perfmon, full-width counters, Intel PMU driver.
[    0.191797] ... version:                2
[    0.192043] ... bit width:              48
[    0.192294] ... generic registers:      6
[    0.192544] ... value mask:             0000ffffffffffff
[    0.192583] ... max period:             00007fffffffffff
[    0.192583] ... fixed-purpose events:   3
[    0.192583] ... event mask:             000000070000003f
[    0.192583] rcu: Hierarchical SRCU implementation.
[    0.194759] smp: Bringing up secondary CPUs ...
[    0.195419] x86: Booting SMP configuration:
[    0.195696] .... node  #0, CPUs:      #1
[    0.014720] kvm-clock: cpu 1, msr 5401041, secondary cpu clock
[    0.196237] kvm-guest: KVM setup async PF for cpu 1
[    0.196237] kvm-guest: stealtime: cpu 1, msr 7dd30080
[    0.196619] smp: Brought up 1 node, 2 CPUs
[    0.196881] smpboot: Max logical packages: 1
[    0.197144] smpboot: Total of 2 processors activated (14438.40 BogoMIPS)
[    0.199259] devtmpfs: initialized
[    0.199259] x86/mm: Memory block size: 128MB
[    0.201003] clocksource: jiffies: mask: 0xffffffff max_cycles: 0xffffffff, max_idle_ns: 7645041785100000 ns
[    0.201203] futex hash table entries: 512 (order: 4, 65536 bytes, linear)
[    0.201836] pinctrl core: initialized pinctrl subsystem
[    0.204885] 
[    0.204986] *************************************************************
[    0.205392] **     NOTICE NOTICE NOTICE NOTICE NOTICE NOTICE NOTICE    **
[    0.205797] **                                                         **
[    0.206202] **  IOMMU DebugFS SUPPORT HAS BEEN ENABLED IN THIS KERNEL  **
[    0.206610] **                                                         **
[    0.207014] ** This means that this kernel is built to expose internal **
[    0.207417] ** IOMMU data structures, which may compromise security on **
[    0.207821] ** your system.                                            **
[    0.208231] **                                                         **
[    0.208587] ** If you see this message and you are not debugging the   **
[    0.208991] ** kernel, report this immediately to your vendor!         **
[    0.209396] **                                                         **
[    0.209801] **     NOTICE NOTICE NOTICE NOTICE NOTICE NOTICE NOTICE    **
[    0.210205] *************************************************************
[    0.210663] PM: RTC time: 18:22:35, date: 2023-03-10
[    0.211806] NET: Registered protocol family 16
[    0.212535] DMA: preallocated 256 KiB GFP_KERNEL pool for atomic allocations
[    0.212595] DMA: preallocated 256 KiB GFP_KERNEL|GFP_DMA pool for atomic allocations
[    0.213064] DMA: preallocated 256 KiB GFP_KERNEL|GFP_DMA32 pool for atomic allocations
[    0.213571] audit: initializing netlink subsys (disabled)
[    0.213915] audit: type=2000 audit(1678472556.108:1): state=initialized audit_enabled=0 res=1
[    0.213915] thermal_sys: Registered thermal governor 'fair_share'
[    0.213915] thermal_sys: Registered thermal governor 'bang_bang'
[    0.213915] thermal_sys: Registered thermal governor 'step_wise'
[    0.213915] thermal_sys: Registered thermal governor 'user_space'
[    0.214307] cpuidle: using governor ladder
[    0.214307] cpuidle: using governor menu
[    0.214307] ACPI: bus type PCI registered
[    0.214307] acpiphp: ACPI Hot Plug PCI Controller Driver version: 0.5
[    0.214307] PCI: Using configuration type 1 for base access
[    0.224709] HugeTLB registered 1.00 GiB page size, pre-allocated 0 pages
[    0.225068] HugeTLB registered 2.00 MiB page size, pre-allocated 0 pages
[    0.232913] ACPI: Added _OSI(Module Device)
[    0.233206] ACPI: Added _OSI(Processor Device)
[    0.233483] ACPI: Added _OSI(3.0 _SCP Extensions)
[    0.233772] ACPI: Added _OSI(Processor Aggregator Device)
[    0.234115] ACPI: Added _OSI(Linux-Dell-Video)
[    0.234406] ACPI: Added _OSI(Linux-Lenovo-NV-HDMI-Audio)
[    0.234739] ACPI: Added _OSI(Linux-HPI-Hybrid-Graphics)
[    0.236699] ACPI: 1 ACPI AML tables successfully acquired and loaded
[    0.239735] ACPI: Interpreter enabled
[    0.240057] ACPI: (supports S0 S3 S4 S5)
[    0.240307] ACPI: Using IOAPIC for interrupt routing
[    0.240631] PCI: Using host bridge windows from ACPI; if necessary, use "pci=nocrs" and report a bug
[    0.241740] ACPI: Enabled 2 GPEs in block 00 to 0F
[    0.255133] ACPI: PCI Root Bridge [PCI0] (domain 0000 [bus 00-ff])
[    0.255574] acpi PNP0A03:00: _OSC: OS supports [ASPM ClockPM Segments MSI EDR HPX-Type3]
[    0.256157] acpi PNP0A03:00: fail to add MMCONFIG information, can't access extended PCI configuration space under this bridge.
[    0.258098] acpiphp: Slot [3] registered
[    0.258404] acpiphp: Slot [4] registered
[    0.258707] acpiphp: Slot [5] registered
[    0.259010] acpiphp: Slot [6] registered
[    0.259339] acpiphp: Slot [7] registered
[    0.259654] acpiphp: Slot [8] registered
[    0.259960] acpiphp: Slot [9] registered
[    0.260288] acpiphp: Slot [10] registered
[    0.260601] acpiphp: Slot [11] registered
[    0.260920] acpiphp: Slot [12] registered
[    0.261271] acpiphp: Slot [13] registered
[    0.261602] acpiphp: Slot [14] registered
[    0.261920] acpiphp: Slot [15] registered
[    0.262234] acpiphp: Slot [16] registered
[    0.262551] acpiphp: Slot [17] registered
[    0.262858] acpiphp: Slot [18] registered
[    0.263169] acpiphp: Slot [19] registered
[    0.263482] acpiphp: Slot [20] registered
[    0.263805] acpiphp: Slot [21] registered
[    0.264121] acpiphp: Slot [22] registered
[    0.264425] acpiphp: Slot [23] registered
[    0.264643] acpiphp: Slot [24] registered
[    0.264948] acpiphp: Slot [25] registered
[    0.265251] acpiphp: Slot [26] registered
[    0.265577] acpiphp: Slot [27] registered
[    0.265880] acpiphp: Slot [28] registered
[    0.266184] acpiphp: Slot [29] registered
[    0.266488] acpiphp: Slot [30] registered
[    0.266793] acpiphp: Slot [31] registered
[    0.267070] PCI host bridge to bus 0000:00
[    0.267330] pci_bus 0000:00: root bus resource [io  0x0000-0x0cf7 window]
[    0.267765] pci_bus 0000:00: root bus resource [io  0x0d00-0xffff window]
[    0.268202] pci_bus 0000:00: root bus resource [mem 0x000a0000-0x000bffff window]
[    0.268591] pci_bus 0000:00: root bus resource [mem 0x80000000-0xfebfffff window]
[    0.269059] pci_bus 0000:00: root bus resource [mem 0x100000000-0x17fffffff window]
[    0.269564] pci_bus 0000:00: root bus resource [bus 00-ff]
[    0.269973] pci 0000:00:00.0: [8086:1237] type 00 class 0x060000
[    0.271927] pci 0000:00:01.0: [8086:7000] type 00 class 0x060100
[    0.273106] pci 0000:00:01.1: [8086:7010] type 00 class 0x010180
[    0.274789] pci 0000:00:01.1: reg 0x20: [io  0xc040-0xc04f]
[    0.275662] pci 0000:00:01.1: legacy IDE quirk: reg 0x10: [io  0x01f0-0x01f7]
[    0.276109] pci 0000:00:01.1: legacy IDE quirk: reg 0x14: [io  0x03f6]
[    0.276514] pci 0000:00:01.1: legacy IDE quirk: reg 0x18: [io  0x0170-0x0177]
[    0.280591] pci 0000:00:01.1: legacy IDE quirk: reg 0x1c: [io  0x0376]
[    0.281573] pci 0000:00:01.3: [8086:7113] type 00 class 0x068000
[    0.282391] pci 0000:00:01.3: quirk: [io  0x0600-0x063f] claimed by PIIX4 ACPI
[    0.282855] pci 0000:00:01.3: quirk: [io  0x0700-0x070f] claimed by PIIX4 SMB
[    0.284019] pci 0000:00:02.0: [1234:1111] type 00 class 0x030000
[    0.284774] pci 0000:00:02.0: reg 0x10: [mem 0xfd000000-0xfdffffff pref]
[    0.286352] pci 0000:00:02.0: reg 0x18: [mem 0xfebf0000-0xfebf0fff]
[    0.288878] pci 0000:00:02.0: reg 0x30: [mem 0xfebe0000-0xfebeffff pref]
[    0.291026] pci 0000:00:03.0: [8086:100e] type 00 class 0x020000
[    0.291736] pci 0000:00:03.0: reg 0x10: [mem 0xfebc0000-0xfebdffff]
[    0.292423] pci 0000:00:03.0: reg 0x14: [io  0xc000-0xc03f]
[    0.293997] pci 0000:00:03.0: reg 0x30: [mem 0xfeb80000-0xfebbffff pref]
[    0.301608] ACPI: PCI Interrupt Link [LNKA] (IRQs 5 *10 11)
[    0.302282] ACPI: PCI Interrupt Link [LNKB] (IRQs 5 *10 11)
[    0.302927] ACPI: PCI Interrupt Link [LNKC] (IRQs 5 10 *11)
[    0.303572] ACPI: PCI Interrupt Link [LNKD] (IRQs 5 10 *11)
[    0.304074] ACPI: PCI Interrupt Link [LNKS] (IRQs *9)
[    0.305362] iommu: Default domain type: Translated 
[    0.305362] pci 0000:00:02.0: vgaarb: setting as boot VGA device
[    0.305362] pci 0000:00:02.0: vgaarb: VGA device added: decodes=io+mem,owns=io+mem,locks=none
[    0.305546] pci 0000:00:02.0: vgaarb: bridge control possible
[    0.305904] vgaarb: loaded
[    0.309330] SCSI subsystem initialized
[    0.309594] ACPI: bus type USB registered
[    0.309594] usbcore: registered new interface driver usbfs
[    0.309594] usbcore: registered new interface driver hub
[    0.309763] usbcore: registered new device driver usb
[    0.310161] pps_core: LinuxPPS API ver. 1 registered
[    0.310469] pps_core: Software ver. 5.3.6 - Copyright 2005-2007 Rodolfo Giometti <giometti@linux.it>
[    0.311061] PTP clock support registered
[    0.312605] EDAC MC: Ver: 3.0.0
[    0.313244] NetLabel: Initializing
[    0.313481] NetLabel:  domain hash size = 128
[    0.313758] NetLabel:  protocols = UNLABELED CIPSOv4 CALIPSO
[    0.314156] NetLabel:  unlabeled traffic allowed by default
[    0.314558] PCI: Using ACPI for IRQ routing
[    0.314558] hpet0: at MMIO 0xfed00000, IRQs 2, 8, 0
[    0.314558] hpet0: 3 comparators, 64-bit 100.000000 MHz counter
[    0.320600] clocksource: Switched to clocksource kvm-clock
[    0.402156] VFS: Disk quotas dquot_6.6.0
[    0.402476] VFS: Dquot-cache hash table entries: 512 (order 0, 4096 bytes)
[    0.403162] pnp: PnP ACPI init
[    0.404985] pnp: PnP ACPI: found 6 devices
[    0.414822] clocksource: acpi_pm: mask: 0xffffff max_cycles: 0xffffff, max_idle_ns: 2085701024 ns
[    0.415683] NET: Registered protocol family 2
[    2.183830] tcp_listen_portaddr_hash hash table entries: 1024 (order: 4, 81920 bytes, linear)
[    2.185055] TCP established hash table entries: 16384 (order: 5, 131072 bytes, linear)
[    2.186854] TCP bind hash table entries: 16384 (order: 8, 1179648 bytes, linear)
[    2.188807] TCP: Hash tables configured (established 16384 bind 16384)
[    2.189305] UDP hash table entries: 1024 (order: 5, 163840 bytes, linear)
[    2.189771] UDP-Lite hash table entries: 1024 (order: 5, 163840 bytes, linear)
[    2.190351] NET: Registered protocol family 1
[    2.191079] RPC: Registered named UNIX socket transport module.
[    2.191458] RPC: Registered udp transport module.
[    2.191749] RPC: Registered tcp transport module.
[    2.192038] RPC: Registered tcp NFSv4.1 backchannel transport module.
[    2.192448] pci_bus 0000:00: resource 4 [io  0x0000-0x0cf7 window]
[    2.192855] pci_bus 0000:00: resource 5 [io  0x0d00-0xffff window]
[    2.193240] pci_bus 0000:00: resource 6 [mem 0x000a0000-0x000bffff window]
[    2.193680] pci_bus 0000:00: resource 7 [mem 0x80000000-0xfebfffff window]
[    2.194104] pci_bus 0000:00: resource 8 [mem 0x100000000-0x17fffffff window]
[    2.194731] pci 0000:00:01.0: PIIX3: Enabling Passive Release
[    2.195097] pci 0000:00:00.0: Limiting direct PCI/PCI transfers
[    2.195476] pci 0000:00:01.0: Activating ISA DMA hang workarounds
[    2.195915] pci 0000:00:02.0: Video device with shadowed ROM at [mem 0x000c0000-0x000dffff]
[    2.196445] PCI: CLS 0 bytes, default 64
[    2.197149] clocksource: tsc: mask: 0xffffffffffffffff max_cycles: 0x3407c077a8d, max_idle_ns: 440795342283 ns
[    2.198463] check: Scanning for low memory corruption every 60 seconds
[    2.212467] Initialise system trusted keyrings
[    2.212881] Key type blacklist registered
[    2.213321] workingset: timestamp_bits=36 max_order=19 bucket_order=0
[    2.222052] zbud: loaded
[    2.223609] squashfs: version 4.0 (2009/01/31) Phillip Lougher
[    2.225173] NFS: Registering the id_resolver key type
[    2.225515] Key type id_resolver registered
[    2.225783] Key type id_legacy registered
[    2.226111] nfs4filelayout_init: NFSv4 File Layout Driver Registering...
[    2.226661] fuse: init (API version 7.33)
[    2.227157] SGI XFS with ACLs, security attributes, realtime, quota, no debug enabled
[    2.228727] 9p: Installing v9fs 9p2000 file system support
[    2.235019] Key type asymmetric registered
[    2.235537] Asymmetric key parser 'x509' registered
[    2.236168] Block layer SCSI generic (bsg) driver version 0.4 loaded (major 244)
[    2.237140] io scheduler mq-deadline registered
[    2.237556] io scheduler bfq registered
[    2.238146] shpchp: Standard Hot Plug PCI Controller Driver version: 0.4
[    2.238861] IPMI message handler: version 39.2
[    2.239195] ipmi device interface
[    2.240533] input: Power Button as /devices/LNXSYSTM:00/LNXPWRBN:00/input/input0
[    2.241311] ACPI: Power Button [PWRF]
[    2.242412] ERST DBG: ERST support is disabled.
[    2.243555] Serial: 8250/16550 driver, 32 ports, IRQ sharing enabled
[    2.244924] 00:04: ttyS0 at I/O 0x3f8 (irq = 4, base_baud = 115200) is a 16550A
[    2.253079] Linux agpgart interface v0.103
[    2.265902] brd: module loaded
[    2.274174] loop: module loaded
[    2.277930] scsi host0: ata_piix
[    2.278713] scsi host1: ata_piix
[    2.279052] ata1: PATA max MWDMA2 cmd 0x1f0 ctl 0x3f6 bmdma 0xc040 irq 14
[    2.279488] ata2: PATA max MWDMA2 cmd 0x170 ctl 0x376 bmdma 0xc048 irq 15
[    2.280893] libphy: Fixed MDIO Bus: probed
[    2.281375] tun: Universal TUN/TAP device driver, 1.6
[    2.281875] e100: Intel(R) PRO/100 Network Driver
[    2.282180] e100: Copyright(c) 1999-2006 Intel Corporation
[    2.282591] e1000: Intel(R) PRO/1000 Network Driver
[    2.282907] e1000: Copyright (c) 1999-2006 Intel Corporation.
[    2.437604] ata1.00: ATA-7: QEMU HARDDISK, 2.5+, max UDMA/100
[    2.438026] ata1.00: 16777216 sectors, multi 16: LBA48 
[    2.438515] ata2.00: ATAPI: QEMU DVD-ROM, 2.5+, max UDMA/100
[    2.439990] scsi 0:0:0:0: Direct-Access     ATA      QEMU HARDDISK    2.5+ PQ: 0 ANSI: 5
[    2.441194] scsi 0:0:0:0: Attached scsi generic sg0 type 0
[    2.442124] sd 0:0:0:0: [sda] 16777216 512-byte logical blocks: (8.59 GB/8.00 GiB)
[    2.442762] sd 0:0:0:0: [sda] Write Protect is off
[    2.443180] sd 0:0:0:0: [sda] Write cache: enabled, read cache: enabled, doesn't support DPO or FUA
[    2.443183] scsi 1:0:0:0: CD-ROM            QEMU     QEMU DVD-ROM     2.5+ PQ: 0 ANSI: 5
[    2.445205] scsi 1:0:0:0: Attached scsi generic sg1 type 5
[    2.447106] sd 0:0:0:0: [sda] Attached SCSI disk
[    2.448857] PCI Interrupt Link [LNKC] enabled at IRQ 11
[    2.771133] e1000 0000:00:03.0 eth0: (PCI:33MHz:32-bit) 52:54:00:12:34:56
[    2.771586] e1000 0000:00:03.0 eth0: Intel(R) PRO/1000 Network Connection
[    2.772074] e1000e: Intel(R) PRO/1000 Network Driver
[    2.772373] e1000e: Copyright(c) 1999 - 2015 Intel Corporation.
[    2.772786] igb: Intel(R) Gigabit Ethernet Network Driver
[    2.773108] igb: Copyright (c) 2007-2014 Intel Corporation.
[    2.773524] PPP generic driver version 2.4.2
[    2.774252] VFIO - User Level meta-driver version: 0.3
[    2.774630] ehci_hcd: USB 2.0 'Enhanced' Host Controller (EHCI) Driver
[    2.775034] ehci-pci: EHCI PCI platform driver
[    2.775326] ehci-platform: EHCI generic platform driver
[    2.775671] ohci_hcd: USB 1.1 'Open' Host Controller (OHCI) Driver
[    2.776043] ohci-pci: OHCI PCI platform driver
[    2.776329] ohci-platform: OHCI generic platform driver
[    2.776693] uhci_hcd: USB Universal Host Controller Interface driver
[    2.777590] usbcore: registered new interface driver uas
[    2.778018] usbcore: registered new interface driver usb-storage
[    2.778483] i8042: PNP: PS/2 Controller [PNP0303:KBD,PNP0f13:MOU] at 0x60,0x64 irq 1,12
[    2.779629] serio: i8042 KBD port at 0x60,0x64 irq 1
[    2.779968] serio: i8042 AUX port at 0x60,0x64 irq 12
[    2.780825] mousedev: PS/2 mouse device common for all mice
[    2.781787] input: AT Translated Set 2 keyboard as /devices/platform/i8042/serio0/input/input1
[    2.783168] input: VirtualPS/2 VMware VMMouse as /devices/platform/i8042/serio1/input/input4
[    2.783932] rtc_cmos 00:05: RTC can wake from S4
[    2.784523] input: VirtualPS/2 VMware VMMouse as /devices/platform/i8042/serio1/input/input3
[    2.786073] rtc_cmos 00:05: registered as rtc0
[    2.786730] rtc_cmos 00:05: setting system clock to 2023-03-10T18:22:38 UTC (1678472558)
[    2.787828] rtc_cmos 00:05: alarms up to one day, y3k, 242 bytes nvram, hpet irqs
[    2.788749] i2c /dev entries driver
[    2.789382] device-mapper: uevent: version 1.0.3
[    2.790247] device-mapper: ioctl: 4.43.0-ioctl (2020-10-01) initialised: dm-devel@redhat.com
[    2.791211] intel_pstate: CPU model not supported
[    2.791870] sdhci: Secure Digital Host Controller Interface driver
[    2.792573] sdhci: Copyright(c) Pierre Ossman
[    2.793204] sdhci-pltfm: SDHCI platform and OF driver helper
[    2.793918] ledtrig-cpu: registered to indicate activity on CPUs
[    2.794743] drop_monitor: Initializing network drop monitor service
[    2.796268] NET: Registered protocol family 10
[    2.799356] Segment Routing with IPv6
[    2.799632] NET: Registered protocol family 17
[    2.800177] 9pnet: Installing 9P2000 support
[    2.800768] Key type dns_resolver registered
[    2.802117] IPI shorthand broadcast: enabled
[    2.802667] sched_clock: Marking stable (2791171948, 10720583)->(2802904117, -1011586)
[    2.803864] registered taskstats version 1
[    2.804402] Loading compiled-in X.509 certificates
[    2.805232] zswap: loaded using pool lzo/zbud
[    2.806403] Key type ._fscrypt registered
[    2.806881] Key type .fscrypt registered
[    2.807330] Key type fscrypt-provisioning registered
[    2.808574] Key type encrypted registered
[    2.808860] ima: No TPM chip found, activating TPM-bypass!
[    2.809200] ima: Allocated hash algorithm: sha1
[    2.809508] ima: No architecture policies found
[    2.809858] evm: Initialising EVM extended attributes:
[    2.810169] evm: security.selinux
[    2.810387] evm: security.SMACK64
[    2.810590] evm: security.SMACK64EXEC
[    2.810814] evm: security.SMACK64TRANSMUTE
[    2.811065] evm: security.SMACK64MMAP
[    2.811288] evm: security.apparmor
[    2.811495] evm: security.ima
[    2.811678] evm: security.capability
[    2.811896] evm: HMAC attrs: 0x1
[    2.814093] PM:   Magic number: 15:464:392
[    2.814872] RAS: Correctable Errors collector initialized.
[    2.816621] md: Waiting for all devices to be available before autodetect
[    2.817395] md: If you don't use raid, use raid=noautodetect
[    2.818050] md: Autodetecting RAID arrays.
[    2.818534] md: autorun ...
[    2.818862] md: ... autorun DONE.
[    2.823823] EXT4-fs (sda): mounted filesystem with ordered data mode. Opts: (null). Quota mode: none.
[    2.825109] VFS: Mounted root (ext4 filesystem) readonly on device 8:0.
[    2.827184] devtmpfs: mounted
[    2.832830] Freeing unused decrypted memory: 2036K
[    2.834420] Freeing unused kernel image (initmem) memory: 2980K
[    2.844662] Write protecting the kernel read-only data: 40960k
[    2.847034] Freeing unused kernel image (text/rodata gap) memory: 2028K
[    2.847948] Freeing unused kernel image (rodata/data gap) memory: 748K
[    2.923929] x86/mm: Checked W+X mappings: passed, no W+X pages found.
[    2.924350] Run /sbin/init as init process
[    2.983156] random: fast init done
[    2.994093] systemd[1]: RTC configured in localtime, applying delta of 0 minutes to system time.
[    3.015766] systemd[1]: systemd 239 (239-49.el8) running in system mode. (+PAM +AUDIT +SELINUX +IMA -APPARMOR +SMACK +SYSVINIT +UTMP +LIBCRYPTSETUP +GCRYPT +GNUTLS +ACL +XZ +LZ4 +SECCOMP +BLKID +ELFUTILS +KMOD +IDN2 -IDN +PCRE2 default-hierarchy=legacy)
[    3.017326] systemd[1]: Detected virtualization kvm.
[    3.017647] systemd[1]: Detected architecture x86-64.

Welcome to [0;31mCentOS Stream 8[0m!

[    3.036707] systemd[1]: Set hostname to <test>.
[    3.131854] random: lvmconfig: uninitialized urandom read (4 bytes read)
[    3.214557] random: systemd: uninitialized urandom read (16 bytes read)
[    3.215420] systemd[1]: Listening on multipathd control socket.
[[0;32m  OK  [0m] Listening on multipathd control socket.
[    3.216384] random: systemd: uninitialized urandom read (16 bytes read)
[    3.216967] systemd[1]: Listening on udev Kernel Socket.
[[0;32m  OK  [0m] Listening on udev Kernel Socket.
[    3.217858] systemd[1]: Listening on Device-mapper event daemon FIFOs.
[[0;32m  OK  [0m] Listening on Device-mapper event daemon FIFOs.
[    3.219112] systemd[1]: Listening on RPCbind Server Activation Socket.
[[0;32m  OK  [0m] Listening on RPCbind Server Activation Socket.
[    3.220453] systemd[1]: Set up automount Arbitrary Executable File Formats File System Automount Point.
[[0;32m  OK  [0m] Set up automount Arbitrary Executabâ€¦rmats File System Automount Point.
[    3.221797] systemd[1]: Listening on Journal Socket (/dev/log).
[[0;32m  OK  [0m] Listening on Journal Socket (/dev/log).
[[0;32m  OK  [0m] Listening on initctl Compatibility Named Pipe.
[[0;32m  OK  [0m] Listening on Process Core Dump Socket.
[[0;32m  OK  [0m] Created slice system-sshd\x2dkeygen.slice.
[[0;32m  OK  [0m] Created slice system-serial\x2dgetty.slice.
[[0;32m  OK  [0m] Listening on LVM2 poll daemon socket.
[[0;32m  OK  [0m] Reached target Swap.
[[0;32m  OK  [0m] Listening on udev Control Socket.
[[0;32m  OK  [0m] Started Forward Password Requests to Wall Directory Watch.
[[0;32m  OK  [0m] Created slice system-getty.slice.
[[0;32m  OK  [0m] Created slice User and Session Slice.
[[0;32m  OK  [0m] Reached target Slices.
[[0;32m  OK  [0m] Listening on Journal Socket.
         Mounting Kernel Debug File System...
         Starting udev Coldplug all Devices...
         Starting Load Kernel Modules...
         Starting Journal Service...
         Starting Monitoring of LVM2 mirrorsâ€¦ng dmeventd or progress polling...
         Starting Setup Virtual Console...
         Mounting POSIX Message Queue File System...
         Mounting Huge Pages File System...
         Starting Remount Root and Kernel File Systems...
[[0;32m  OK  [0m] Reached target RPC Port Mapper.
[[0;32m  OK  [0m] Mounted Kernel Debug File System.
[[0;1;31mFAILED[0m] Failed to start Load Kernel Modules.
See 'systemctl status systemd-modules-load.service' for details.
[[0;32m  OK  [0m] Mounted POSIX Message Queue File System.
[[0;32m  OK  [0m] Mounted Huge Pages File System.
         Mounting Kernel Configuration File System...
         Mounting FUSE Control File System...
         Starting Apply Kernel Variables...
[[0;32m  OK  [0m] Started Journal Service.
[    3.509495] EXT4-fs (sda): re-mounted. Opts: (null). Quota mode: none.
[[0;32m  OK  [0m] Started Remount Root and Kernel File Systems.
[[0;32m  OK  [0m] Mounted Kernel Configuration File System.
[[0;32m  OK  [0m] Mounted FUSE Control File System.
         Starting Create Static Device Nodes in /dev...
         Starting Load/Save Random Seed...
         Starting Flush Journal to Persistent Storage...
[[0;32m  OK  [0m] Started Apply Kernel Variables.
[[0;32m  OK  [0m] Started udev Coldplug all Devices.
[[0;32m  OK  [0m] Started Create Static Device Nodes in /dev.
[[0;32m  OK  [0m] Started Setup Virtual Console.
[[0;32m  OK  [0m] Started Load/Save Random Seed.
         Starting udev Kernel Device Manager...
         Starting udev Wait for Complete Device Initialization...
[[0;32m  OK  [0m] Started Flush Journal to Persistent Storage.
[[0;32m  OK  [0m] Started udev Kernel Device Manager.
         Starting Show Plymouth Boot Screen...
[[0;32m  OK  [0m] Started Show Plymouth Boot Screen.
[[0;32m  OK  [0m] Started Forward Password Requests to Plymouth Directory Watch.
[[0;32m  OK  [0m] Reached target Paths.
[[0;32m  OK  [0m] Reached target Local Encrypted Volumes.
[[0;32m  OK  [0m] Found device /dev/ttyS0.
[[0;32m  OK  [0m] Started udev Wait for Complete Device Initialization.
[[0;32m  OK  [0m] Listening on Load/Save RF Kill Switch Status /dev/rfkill Watch.
[[0;32m  OK  [0m] Started Monitoring of LVM2 mirrors,â€¦sing dmeventd or progress polling.
[[0;32m  OK  [0m] Reached target Local File Systems (Pre).
[[0;32m  OK  [0m] Reached target Local File Systems.
         Starting Tell Plymouth To Write Out Runtime Data...
         Starting Restore /run/initramfs on shutdown...
         Starting Create Volatile Files and Directories...
[[0;32m  OK  [0m] Started Tell Plymouth To Write Out Runtime Data.
[[0;32m  OK  [0m] Started Restore /run/initramfs on shutdown.
[[0;32m  OK  [0m] Started Create Volatile Files and Directories.
         Mounting RPC Pipe File System...
         Starting Security Auditing Service...
         Starting RPC Bind...
[[0;32m  OK  [0m] Mounted RPC Pipe File System.
[[0;32m  OK  [0m] Reached target rpc_pipefs.target.
[[0;32m  OK  [0m] Started RPC Bind.
[[0;32m  OK  [0m] Started Security Auditing Service.
         Starting Update UTMP about System Boot/Shutdown...
[[0;32m  OK  [0m] Started Update UTMP about System Boot/Shutdown.
[[0;32m  OK  [0m] Reached target System Initialization.
[[0;32m  OK  [0m] Started Daily Cleanup of Temporary Directories.
[[0;32m  OK  [0m] Started dnf makecache --timer.
[[0;32m  OK  [0m] Started daily update of the root trust anchor for DNSSEC.
[[0;32m  OK  [0m] Reached target Timers.
[[0;32m  OK  [0m] Listening on SSSD Kerberos Cache Manager responder socket.
[[0;32m  OK  [0m] Listening on D-Bus System Message Bus Socket.
[[0;32m  OK  [0m] Reached target Sockets.
[[0;32m  OK  [0m] Reached target Basic System.
         Starting NTP client/server...
[[0;32m  OK  [0m] Started Machine Check Exception Logging Daemon.
[[0;32m  OK  [0m] Started irqbalance daemon.
         Starting Self Monitoring and Reporting Technology (SMART) Daemon...
[[0;32m  OK  [0m] Reached target sshd-keygen.target.
[[0;32m  OK  [0m] Started D-Bus System Message Bus.
         Starting Login Service...
         Starting Authorization Manager...
         Starting Network Manager...
         Starting Auto-connect to subsystemsâ€¦-NVME devices found during boot...
[[0;32m  OK  [0m] Started Auto-connect to subsystems â€¦FC-NVME devices found during boot.
[[0;32m  OK  [0m] Started Self Monitoring and Reporting Technology (SMART) Daemon.
[[0;32m  OK  [0m] Started Login Service.
[[0;32m  OK  [0m] Started NTP client/server.
[[0;32m  OK  [0m] Started Network Manager.
         Starting Network Manager Wait Online...
[[0;32m  OK  [0m] Reached target Network.
         Starting GSSAPI Proxy Daemon...
         Starting OpenSSH server daemon...
         Starting Dynamic System Tuning Daemon...
[[0;32m  OK  [0m] Started Authorization Manager.
         Starting Hostname Service...
[[0;32m  OK  [0m] Started Hostname Service.
         Starting Network Manager Script Dispatcher Service...
[[0;32m  OK  [0m] Started Network Manager Script Dispatcher Service.
[    4.837029] e1000: eth0 NIC Link is Up 1000 Mbps Full Duplex, Flow Control: RX
[    4.837844] IPv6: ADDRCONF(NETDEV_CHANGE): eth0: link becomes ready
[[0;32m  OK  [0m] Started Dynamic System Tuning Daemon.
[    5.800790] random: crng init done
[    5.801111] random: 7 urandom warning(s) missed due to ratelimiting
[[0;32m  OK  [0m] Started OpenSSH server daemon.
[[0;32m  OK  [0m] Started GSSAPI Proxy Daemon.
[[0;32m  OK  [0m] Reached target NFS client services.
[[0;32m  OK  [0m] Reached target Remote File Systems (Pre).
[[0;32m  OK  [0m] Reached target Remote File Systems.
         Starting Permit User Sessions...
[[0;32m  OK  [0m] Started Permit User Sessions.
         Starting Hold until boot process finishes up...
         Starting Terminate Plymouth Boot Screen...
[[0;32m  OK  [0m] Started Command Scheduler.

CentOS Stream 8
Kernel 5.11.0-f40ddce88593+ on an x86_64

test login: [   28.465052] loop0: detected capacity change from 65536 to 0
[   28.465823] XFS: ikeep mount option is deprecated.
[   28.467401] XFS (loop0): EXPERIMENTAL big timestamp feature in use. Use at your own risk!
[   28.468155] XFS (loop0): Mounting V5 Filesystem
[   28.481744] XFS (loop0): Ending clean mount
[   28.482745] XFS (loop0): Quotacheck needed: Please wait.
[   28.483481] XFS (loop0): Metadata CRC error detected at xfs_agf_read_verify+0x107/0x130, xfs_agf block 0x1 
[   28.484219] XFS (loop0): Unmount and run xfs_repair
[   28.484542] XFS (loop0): First 128 bytes of corrupted metadata buffer:
[   28.484998] 00000000: 58 41 47 46 00 00 00 01 00 00 00 00 00 00 40 00  XAGF..........@.
[   28.485523] 00000010: 00 00 00 02 00 00 00 03 00 00 00 00 00 00 00 01  ................
[   28.486058] 00000020: 00 00 00 01 00 00 00 00 00 00 01 00 00 00 00 04  ................
[   28.486583] 00000030: 00 00 00 04 00 00 3f ca 00 00 3f c7 00 00 00 00  ......?...?.....
[   28.487110] 00000040: d4 08 de 26 55 fb 48 ab a8 ab aa ce db 20 f9 dd  ...&U.H...... ..
[   28.487651] 00000050: 00 00 00 00 00 00 00 00 00 00 00 00 00 00 00 00  ................
[   28.488171] 00000060: 00 00 00 00 00 00 00 00 00 00 00 00 00 00 00 00  ................
[   28.488813] 00000070: 00 00 00 00 00 00 00 00 00 00 00 00 00 00 00 00  ................
[   28.489959] XFS (loop0): metadata I/O error in "xfs_read_agf+0xcb/0x240" at daddr 0x1 len 1 error 74
[   28.493234] XFS (loop0): Quotacheck: Unsuccessful (Error -117): Disabling quotas.
[   28.498220] XFS (loop0): Metadata CRC error detected at xfs_agf_read_verify+0x107/0x130, xfs_agf block 0x1 
[   28.498938] XFS (loop0): Unmount and run xfs_repair
[   28.499263] XFS (loop0): First 128 bytes of corrupted metadata buffer:
[   28.499684] 00000000: 58 41 47 46 00 00 00 01 00 00 00 00 00 00 40 00  XAGF..........@.
[   28.500191] 00000010: 00 00 00 02 00 00 00 03 00 00 00 00 00 00 00 01  ................
[   28.500717] 00000020: 00 00 00 01 00 00 00 00 00 00 01 00 00 00 00 04  ................
[   28.501231] 00000030: 00 00 00 04 00 00 3f ca 00 00 3f c7 00 00 00 00  ......?...?.....
[   28.501754] 00000040: d4 08 de 26 55 fb 48 ab a8 ab aa ce db 20 f9 dd  ...&U.H...... ..
[   28.502274] 00000050: 00 00 00 00 00 00 00 00 00 00 00 00 00 00 00 00  ................
[   28.502795] 00000060: 00 00 00 00 00 00 00 00 00 00 00 00 00 00 00 00  ................
[   28.503316] 00000070: 00 00 00 00 00 00 00 00 00 00 00 00 00 00 00 00  ................
[   28.503997] XFS (loop0): metadata I/O error in "xfs_read_agf+0xcb/0x240" at daddr 0x1 len 1 error 74
[   28.504832] XFS (loop0): page discard on page 0000000047e8f2d4, inode 0x2b, offset 0.
[   28.508573] XFS (loop0): Unmounting Filesystem
[   28.746685] loop0: detected capacity change from 65536 to 0
[   28.747844] XFS: ikeep mount option is deprecated.
[   28.752447] XFS (loop0): EXPERIMENTAL big timestamp feature in use. Use at your own risk!
[   28.753551] XFS (loop0): Mounting V5 Filesystem
[   28.766858] XFS (loop0): Ending clean mount
[   28.767499] XFS (loop0): Quotacheck needed: Please wait.
[   28.768086] XFS (loop0): Metadata CRC error detected at xfs_agf_read_verify+0x107/0x130, xfs_agf block 0x1 
[   28.768796] XFS (loop0): Unmount and run xfs_repair
[   28.769105] XFS (loop0): First 128 bytes of corrupted metadata buffer:
[   28.769522] 00000000: 58 41 47 46 00 00 00 01 00 00 00 00 00 00 40 00  XAGF..........@.
[   28.770023] 00000010: 00 00 00 02 00 00 00 03 00 00 00 00 00 00 00 01  ................
[   28.770519] 00000020: 00 00 00 01 00 00 00 00 00 00 01 00 00 00 00 04  ................
[   28.771025] 00000030: 00 00 00 04 00 00 3f ca 00 00 3f c7 00 00 00 00  ......?...?.....
[   28.771526] 00000040: d4 08 de 26 55 fb 48 ab a8 ab aa ce db 20 f9 dd  ...&U.H...... ..
[   28.772028] 00000050: 00 00 00 00 00 00 00 00 00 00 00 00 00 00 00 00  ................
[   28.772525] 00000060: 00 00 00 00 00 00 00 00 00 00 00 00 00 00 00 00  ................
[   28.773131] 00000070: 00 00 00 00 00 00 00 00 00 00 00 00 00 00 00 00  ................
[   28.773904] XFS (loop0): metadata I/O error in "xfs_read_agf+0xcb/0x240" at daddr 0x1 len 1 error 74
[   28.792618] XFS (loop0): Quotacheck: Unsuccessful (Error -117): Disabling quotas.
[   28.799245] XFS (loop0): Metadata CRC error detected at xfs_agf_read_verify+0x107/0x130, xfs_agf block 0x1 
[   28.800406] XFS (loop0): Unmount and run xfs_repair
[   28.800988] XFS (loop0): First 128 bytes of corrupted metadata buffer:
[   28.801742] 00000000: 58 41 47 46 00 00 00 01 00 00 00 00 00 00 40 00  XAGF..........@.
[   28.802644] 00000010: 00 00 00 02 00 00 00 03 00 00 00 00 00 00 00 01  ................
[   28.803548] 00000020: 00 00 00 01 00 00 00 00 00 00 01 00 00 00 00 04  ................
[   28.804454] 00000030: 00 00 00 04 00 00 3f ca 00 00 3f c7 00 00 00 00  ......?...?.....
[   28.805386] 00000040: d4 08 de 26 55 fb 48 ab a8 ab aa ce db 20 f9 dd  ...&U.H...... ..
[   28.806388] 00000050: 00 00 00 00 00 00 00 00 00 00 00 00 00 00 00 00  ................
[   28.807304] 00000060: 00 00 00 00 00 00 00 00 00 00 00 00 00 00 00 00  ................
[   28.808215] 00000070: 00 00 00 00 00 00 00 00 00 00 00 00 00 00 00 00  ................
[   28.809178] XFS (loop0): metadata I/O error in "xfs_read_agf+0xcb/0x240" at daddr 0x1 len 1 error 74
[   28.810261] XFS (loop0): page discard on page 00000000cba96802, inode 0x2b, offset 0.
[   28.814897] XFS (loop0): Unmounting Filesystem
[   29.023216] loop0: detected capacity change from 65536 to 0
[   29.024208] XFS: ikeep mount option is deprecated.
[   29.036132] XFS (loop0): EXPERIMENTAL big timestamp feature in use. Use at your own risk!
[   29.037029] XFS (loop0): Mounting V5 Filesystem
[   29.040419] XFS (loop0): Ending clean mount
[   29.041475] XFS (loop0): Quotacheck needed: Please wait.
[   29.042246] XFS (loop0): Metadata CRC error detected at xfs_agf_read_verify+0x107/0x130, xfs_agf block 0x1 
[   29.042888] XFS (loop0): Unmount and run xfs_repair
[   29.043194] XFS (loop0): First 128 bytes of corrupted metadata buffer:
[   29.043607] 00000000: 58 41 47 46 00 00 00 01 00 00 00 00 00 00 40 00  XAGF..........@.
[   29.044099] 00000010: 00 00 00 02 00 00 00 03 00 00 00 00 00 00 00 01  ................
[   29.044762] 00000020: 00 00 00 01 00 00 00 00 00 00 01 00 00 00 00 04  ................
[   29.045252] 00000030: 00 00 00 04 00 00 3f ca 00 00 3f c7 00 00 00 00  ......?...?.....
[   29.045747] 00000040: d4 08 de 26 55 fb 48 ab a8 ab aa ce db 20 f9 dd  ...&U.H...... ..
[   29.046234] 00000050: 00 00 00 00 00 00 00 00 00 00 00 00 00 00 00 00  ................
[   29.046723] 00000060: 00 00 00 00 00 00 00 00 00 00 00 00 00 00 00 00  ................
[   29.047210] 00000070: 00 00 00 00 00 00 00 00 00 00 00 00 00 00 00 00  ................
[   29.048557] XFS (loop0): metadata I/O error in "xfs_read_agf+0xcb/0x240" at daddr 0x1 len 1 error 74
[   29.064675] XFS (loop0): Quotacheck: Unsuccessful (Error -117): Disabling quotas.
[   29.068758] XFS (loop0): Metadata CRC error detected at xfs_agf_read_verify+0x107/0x130, xfs_agf block 0x1 
[   29.069380] XFS (loop0): Unmount and run xfs_repair
[   29.069686] XFS (loop0): First 128 bytes of corrupted metadata buffer:
[   29.070088] 00000000: 58 41 47 46 00 00 00 01 00 00 00 00 00 00 40 00  XAGF..........@.
[   29.070580] 00000010: 00 00 00 02 00 00 00 03 00 00 00 00 00 00 00 01  ................
[   29.071066] 00000020: 00 00 00 01 00 00 00 00 00 00 01 00 00 00 00 04  ................
[   29.071553] 00000030: 00 00 00 04 00 00 3f ca 00 00 3f c7 00 00 00 00  ......?...?.....
[   29.072039] 00000040: d4 08 de 26 55 fb 48 ab a8 ab aa ce db 20 f9 dd  ...&U.H...... ..
[   29.072525] 00000050: 00 00 00 00 00 00 00 00 00 00 00 00 00 00 00 00  ................
[   29.073027] 00000060: 00 00 00 00 00 00 00 00 00 00 00 00 00 00 00 00  ................
[   29.073513] 00000070: 00 00 00 00 00 00 00 00 00 00 00 00 00 00 00 00  ................
[   29.074041] XFS (loop0): metadata I/O error in "xfs_read_agf+0xcb/0x240" at daddr 0x1 len 1 error 74
[   29.074618] XFS (loop0): page discard on page 000000000154a8f8, inode 0x2b, offset 0.
[   29.077865] XFS (loop0): Unmounting Filesystem
[   29.297893] loop0: detected capacity change from 65536 to 0
[   29.298887] XFS: ikeep mount option is deprecated.
[   29.300171] XFS (loop0): EXPERIMENTAL big timestamp feature in use. Use at your own risk!
[   29.300784] XFS (loop0): Mounting V5 Filesystem
[   29.307228] XFS (loop0): Ending clean mount
[   29.307715] XFS (loop0): Quotacheck needed: Please wait.
[   29.308771] XFS (loop0): Metadata CRC error detected at xfs_agf_read_verify+0x107/0x130, xfs_agf block 0x1 
[   29.309425] XFS (loop0): Unmount and run xfs_repair
[   29.309734] XFS (loop0): First 128 bytes of corrupted metadata buffer:
[   29.310139] 00000000: 58 41 47 46 00 00 00 01 00 00 00 00 00 00 40 00  XAGF..........@.
[   29.310627] 00000010: 00 00 00 02 00 00 00 03 00 00 00 00 00 00 00 01  ................
[   29.311117] 00000020: 00 00 00 01 00 00 00 00 00 00 01 00 00 00 00 04  ................
[   29.311605] 00000030: 00 00 00 04 00 00 3f ca 00 00 3f c7 00 00 00 00  ......?...?.....
[   29.312093] 00000040: d4 08 de 26 55 fb 48 ab a8 ab aa ce db 20 f9 dd  ...&U.H...... ..
[   29.312603] 00000050: 00 00 00 00 00 00 00 00 00 00 00 00 00 00 00 00  ................
[   29.313091] 00000060: 00 00 00 00 00 00 00 00 00 00 00 00 00 00 00 00  ................
[   29.313581] 00000070: 00 00 00 00 00 00 00 00 00 00 00 00 00 00 00 00  ................
[   29.314684] XFS (loop0): metadata I/O error in "xfs_read_agf+0xcb/0x240" at daddr 0x1 len 1 error 74
[   29.329244] XFS (loop0): Quotacheck: Unsuccessful (Error -117): Disabling quotas.
[   29.333174] XFS (loop0): Metadata CRC error detected at xfs_agf_read_verify+0x107/0x130, xfs_agf block 0x1 
[   29.333816] XFS (loop0): Unmount and run xfs_repair
[   29.334125] XFS (loop0): First 128 bytes of corrupted metadata buffer:
[   29.334535] 00000000: 58 41 47 46 00 00 00 01 00 00 00 00 00 00 40 00  XAGF..........@.
[   29.335032] 00000010: 00 00 00 02 00 00 00 03 00 00 00 00 00 00 00 01  ................
[   29.335542] 00000020: 00 00 00 01 00 00 00 00 00 00 01 00 00 00 00 04  ................
[   29.336040] 00000030: 00 00 00 04 00 00 3f ca 00 00 3f c7 00 00 00 00  ......?...?.....
[   29.336543] 00000040: d4 08 de 26 55 fb 48 ab a8 ab aa ce db 20 f9 dd  ...&U.H...... ..
[   29.337056] 00000050: 00 00 00 00 00 00 00 00 00 00 00 00 00 00 00 00  ................
[   29.337549] 00000060: 00 00 00 00 00 00 00 00 00 00 00 00 00 00 00 00  ................
[   29.338039] 00000070: 00 00 00 00 00 00 00 00 00 00 00 00 00 00 00 00  ................
[   29.338995] XFS (loop0): metadata I/O error in "xfs_read_agf+0xcb/0x240" at daddr 0x1 len 1 error 74
[   29.339585] XFS (loop0): page discard on page 00000000005376df, inode 0x2b, offset 0.
[   29.341456] XFS (loop0): Unmounting Filesystem
[   29.582938] loop0: detected capacity change from 65536 to 0
[   29.583897] XFS: ikeep mount option is deprecated.
[   29.587918] XFS (loop0): EXPERIMENTAL big timestamp feature in use. Use at your own risk!
[   29.589011] XFS (loop0): Mounting V5 Filesystem
[   29.600399] XFS (loop0): Ending clean mount
[   29.601013] XFS (loop0): Quotacheck needed: Please wait.
[   29.601744] XFS (loop0): Metadata CRC error detected at xfs_agf_read_verify+0x107/0x130, xfs_agf block 0x1 
[   29.602368] XFS (loop0): Unmount and run xfs_repair
[   29.602669] XFS (loop0): First 128 bytes of corrupted metadata buffer:
[   29.603070] 00000000: 58 41 47 46 00 00 00 01 00 00 00 00 00 00 40 00  XAGF..........@.
[   29.603663] 00000010: 00 00 00 02 00 00 00 03 00 00 00 00 00 00 00 01  ................
[   29.604250] 00000020: 00 00 00 01 00 00 00 00 00 00 01 00 00 00 00 04  ................
[   29.604943] 00000030: 00 00 00 04 00 00 3f ca 00 00 3f c7 00 00 00 00  ......?...?.....
[   29.605539] 00000040: d4 08 de 26 55 fb 48 ab a8 ab aa ce db 20 f9 dd  ...&U.H...... ..
[   29.606170] 00000050: 00 00 00 00 00 00 00 00 00 00 00 00 00 00 00 00  ................
[   29.606761] 00000060: 00 00 00 00 00 00 00 00 00 00 00 00 00 00 00 00  ................
[   29.607351] 00000070: 00 00 00 00 00 00 00 00 00 00 00 00 00 00 00 00  ................
[   29.607997] XFS (loop0): metadata I/O error in "xfs_read_agf+0xcb/0x240" at daddr 0x1 len 1 error 74
[   29.620625] XFS (loop0): Quotacheck: Unsuccessful (Error -117): Disabling quotas.
[   29.622245] XFS (loop0): Metadata CRC error detected at xfs_agf_read_verify+0x107/0x130, xfs_agf block 0x1 
[   29.623380] XFS (loop0): Unmount and run xfs_repair
[   29.623961] XFS (loop0): First 128 bytes of corrupted metadata buffer:
[   29.624739] 00000000: 58 41 47 46 00 00 00 01 00 00 00 00 00 00 40 00  XAGF..........@.
[   29.625664] 00000010: 00 00 00 02 00 00 00 03 00 00 00 00 00 00 00 01  ................
[   29.626583] 00000020: 00 00 00 01 00 00 00 00 00 00 01 00 00 00 00 04  ................
[   29.627496] 00000030: 00 00 00 04 00 00 3f ca 00 00 3f c7 00 00 00 00  ......?...?.....
[   29.628406] 00000040: d4 08 de 26 55 fb 48 ab a8 ab aa ce db 20 f9 dd  ...&U.H...... ..
[   29.629332] 00000050: 00 00 00 00 00 00 00 00 00 00 00 00 00 00 00 00  ................
[   29.630258] 00000060: 00 00 00 00 00 00 00 00 00 00 00 00 00 00 00 00  ................
[   29.631161] 00000070: 00 00 00 00 00 00 00 00 00 00 00 00 00 00 00 00  ................
[   29.632087] XFS (loop0): metadata I/O error in "xfs_read_agf+0xcb/0x240" at daddr 0x1 len 1 error 74
[   29.633174] XFS (loop0): page discard on page 000000002c78b1f7, inode 0x2b, offset 0.
[   29.635887] XFS (loop0): Unmounting Filesystem
[   29.862936] loop0: detected capacity change from 65536 to 0
[   29.863947] XFS: ikeep mount option is deprecated.
[   29.869248] XFS (loop0): EXPERIMENTAL big timestamp feature in use. Use at your own risk!
[   29.876638] XFS (loop0): Mounting V5 Filesystem
[   29.883600] XFS (loop0): Ending clean mount
[   29.884172] XFS (loop0): Quotacheck needed: Please wait.
[   29.884889] XFS (loop0): Metadata CRC error detected at xfs_agf_read_verify+0x107/0x130, xfs_agf block 0x1 
[   29.886009] XFS (loop0): Unmount and run xfs_repair
[   29.886335] XFS (loop0): First 128 bytes of corrupted metadata buffer:
[   29.886763] 00000000: 58 41 47 46 00 00 00 01 00 00 00 00 00 00 40 00  XAGF..........@.
[   29.887283] 00000010: 00 00 00 02 00 00 00 03 00 00 00 00 00 00 00 01  ................
[   29.887803] 00000020: 00 00 00 01 00 00 00 00 00 00 01 00 00 00 00 04  ................
[   29.888329] 00000030: 00 00 00 04 00 00 3f ca 00 00 3f c7 00 00 00 00  ......?...?.....
[   29.888946] 00000040: d4 08 de 26 55 fb 48 ab a8 ab aa ce db 20 f9 dd  ...&U.H...... ..
[   29.889467] 00000050: 00 00 00 00 00 00 00 00 00 00 00 00 00 00 00 00  ................
[   29.889981] 00000060: 00 00 00 00 00 00 00 00 00 00 00 00 00 00 00 00  ................
[   29.890490] 00000070: 00 00 00 00 00 00 00 00 00 00 00 00 00 00 00 00  ................
[   29.891050] XFS (loop0): metadata I/O error in "xfs_read_agf+0xcb/0x240" at daddr 0x1 len 1 error 74
[   29.900680] XFS (loop0): Quotacheck: Unsuccessful (Error -117): Disabling quotas.
[   29.904752] XFS (loop0): Metadata CRC error detected at xfs_agf_read_verify+0x107/0x130, xfs_agf block 0x1 
[   29.905405] XFS (loop0): Unmount and run xfs_repair
[   29.905738] XFS (loop0): First 128 bytes of corrupted metadata buffer:
[   29.906159] 00000000: 58 41 47 46 00 00 00 01 00 00 00 00 00 00 40 00  XAGF..........@.
[   29.906681] 00000010: 00 00 00 02 00 00 00 03 00 00 00 00 00 00 00 01  ................
[   29.907222] 00000020: 00 00 00 01 00 00 00 00 00 00 01 00 00 00 00 04  ................
[   29.907789] 00000030: 00 00 00 04 00 00 3f ca 00 00 3f c7 00 00 00 00  ......?...?.....
[   29.908384] 00000040: d4 08 de 26 55 fb 48 ab a8 ab aa ce db 20 f9 dd  ...&U.H...... ..
[   29.909029] 00000050: 00 00 00 00 00 00 00 00 00 00 00 00 00 00 00 00  ................
[   29.909551] 00000060: 00 00 00 00 00 00 00 00 00 00 00 00 00 00 00 00  ................
[   29.910117] 00000070: 00 00 00 00 00 00 00 00 00 00 00 00 00 00 00 00  ................
[   29.911330] XFS (loop0): metadata I/O error in "xfs_read_agf+0xcb/0x240" at daddr 0x1 len 1 error 74
[   29.911969] XFS (loop0): page discard on page 000000009276a182, inode 0x2b, offset 0.
[   29.914349] XFS (loop0): Unmounting Filesystem
[   30.129536] loop0: detected capacity change from 65536 to 0
[   30.130135] XFS: ikeep mount option is deprecated.
[   30.131119] XFS (loop0): EXPERIMENTAL big timestamp feature in use. Use at your own risk!
[   30.131775] XFS (loop0): Mounting V5 Filesystem
[   30.136829] XFS (loop0): Ending clean mount
[   30.137342] XFS (loop0): Quotacheck needed: Please wait.
[   30.138081] XFS (loop0): Metadata CRC error detected at xfs_agf_read_verify+0x107/0x130, xfs_agf block 0x1 
[   30.138736] XFS (loop0): Unmount and run xfs_repair
[   30.139047] XFS (loop0): First 128 bytes of corrupted metadata buffer:
[   30.139460] 00000000: 58 41 47 46 00 00 00 01 00 00 00 00 00 00 40 00  XAGF..........@.
[   30.139960] 00000010: 00 00 00 02 00 00 00 03 00 00 00 00 00 00 00 01  ................
[   30.140467] 00000020: 00 00 00 01 00 00 00 00 00 00 01 00 00 00 00 04  ................
[   30.140995] 00000030: 00 00 00 04 00 00 3f ca 00 00 3f c7 00 00 00 00  ......?...?.....
[   30.141496] 00000040: d4 08 de 26 55 fb 48 ab a8 ab aa ce db 20 f9 dd  ...&U.H...... ..
[   30.142016] 00000050: 00 00 00 00 00 00 00 00 00 00 00 00 00 00 00 00  ................
[   30.142540] 00000060: 00 00 00 00 00 00 00 00 00 00 00 00 00 00 00 00  ................
[   30.143044] 00000070: 00 00 00 00 00 00 00 00 00 00 00 00 00 00 00 00  ................
[   30.144223] XFS (loop0): metadata I/O error in "xfs_read_agf+0xcb/0x240" at daddr 0x1 len 1 error 74
[   30.161193] XFS (loop0): Quotacheck: Unsuccessful (Error -117): Disabling quotas.
[   30.162907] XFS (loop0): Metadata CRC error detected at xfs_agf_read_verify+0x107/0x130, xfs_agf block 0x1 
[   30.164059] XFS (loop0): Unmount and run xfs_repair
[   30.164648] XFS (loop0): First 128 bytes of corrupted metadata buffer:
[   30.165400] 00000000: 58 41 47 46 00 00 00 01 00 00 00 00 00 00 40 00  XAGF..........@.
[   30.166313] 00000010: 00 00 00 02 00 00 00 03 00 00 00 00 00 00 00 01  ................
[   30.167217] 00000020: 00 00 00 01 00 00 00 00 00 00 01 00 00 00 00 04  ................
[   30.168123] 00000030: 00 00 00 04 00 00 3f ca 00 00 3f c7 00 00 00 00  ......?...?.....
[   30.169055] 00000040: d4 08 de 26 55 fb 48 ab a8 ab aa ce db 20 f9 dd  ...&U.H...... ..
[   30.169974] 00000050: 00 00 00 00 00 00 00 00 00 00 00 00 00 00 00 00  ................
[   30.170888] 00000060: 00 00 00 00 00 00 00 00 00 00 00 00 00 00 00 00  ................
[   30.171792] 00000070: 00 00 00 00 00 00 00 00 00 00 00 00 00 00 00 00  ................
[   30.172747] XFS (loop0): metadata I/O error in "xfs_read_agf+0xcb/0x240" at daddr 0x1 len 1 error 74
[   30.173847] XFS (loop0): page discard on page 0000000042783964, inode 0x2b, offset 0.
[   30.183346] XFS (loop0): Unmounting Filesystem
[   30.416242] loop0: detected capacity change from 65536 to 0
[   30.417250] XFS: ikeep mount option is deprecated.
[   30.418630] XFS (loop0): EXPERIMENTAL big timestamp feature in use. Use at your own risk!
[   30.419242] XFS (loop0): Mounting V5 Filesystem
[   30.423045] XFS (loop0): Ending clean mount
[   30.423655] XFS (loop0): Quotacheck needed: Please wait.
[   30.424327] XFS (loop0): Metadata CRC error detected at xfs_agf_read_verify+0x107/0x130, xfs_agf block 0x1 
[   30.425018] XFS (loop0): Unmount and run xfs_repair
[   30.425321] XFS (loop0): First 128 bytes of corrupted metadata buffer:
[   30.425733] 00000000: 58 41 47 46 00 00 00 01 00 00 00 00 00 00 40 00  XAGF..........@.
[   30.426229] 00000010: 00 00 00 02 00 00 00 03 00 00 00 00 00 00 00 01  ................
[   30.426731] 00000020: 00 00 00 01 00 00 00 00 00 00 01 00 00 00 00 04  ................
[   30.427219] 00000030: 00 00 00 04 00 00 3f ca 00 00 3f c7 00 00 00 00  ......?...?.....
[   30.427706] 00000040: d4 08 de 26 55 fb 48 ab a8 ab aa ce db 20 f9 dd  ...&U.H...... ..
[   30.428194] 00000050: 00 00 00 00 00 00 00 00 00 00 00 00 00 00 00 00  ................
[   30.428716] 00000060: 00 00 00 00 00 00 00 00 00 00 00 00 00 00 00 00  ................
[   30.429203] 00000070: 00 00 00 00 00 00 00 00 00 00 00 00 00 00 00 00  ................
[   30.432614] XFS (loop0): metadata I/O error in "xfs_read_agf+0xcb/0x240" at daddr 0x1 len 1 error 74
[   30.441400] XFS (loop0): Quotacheck: Unsuccessful (Error -117): Disabling quotas.
[   30.442297] XFS (loop0): Metadata CRC error detected at xfs_agf_read_verify+0x107/0x130, xfs_agf block 0x1 
[   30.442944] XFS (loop0): Unmount and run xfs_repair
[   30.443261] XFS (loop0): First 128 bytes of corrupted metadata buffer:
[   30.443680] 00000000: 58 41 47 46 00 00 00 01 00 00 00 00 00 00 40 00  XAGF..........@.
[   30.444190] 00000010: 00 00 00 02 00 00 00 03 00 00 00 00 00 00 00 01  ................
[   30.444726] 00000020: 00 00 00 01 00 00 00 00 00 00 01 00 00 00 00 04  ................
[   30.445273] 00000030: 00 00 00 04 00 00 3f ca 00 00 3f c7 00 00 00 00  ......?...?.....
[   30.445791] 00000040: d4 08 de 26 55 fb 48 ab a8 ab aa ce db 20 f9 dd  ...&U.H...... ..
[   30.446302] 00000050: 00 00 00 00 00 00 00 00 00 00 00 00 00 00 00 00  ................
[   30.446812] 00000060: 00 00 00 00 00 00 00 00 00 00 00 00 00 00 00 00  ................
[   30.447323] 00000070: 00 00 00 00 00 00 00 00 00 00 00 00 00 00 00 00  ................
[   30.448400] XFS (loop0): metadata I/O error in "xfs_read_agf+0xcb/0x240" at daddr 0x1 len 1 error 74
[   30.449115] XFS (loop0): page discard on page 000000006ed99655, inode 0x2b, offset 0.
[   30.451531] XFS (loop0): Unmounting Filesystem
[   30.687728] loop0: detected capacity change from 65536 to 0
[   30.688343] XFS: ikeep mount option is deprecated.
[   30.691346] XFS (loop0): EXPERIMENTAL big timestamp feature in use. Use at your own risk!
[   30.691988] XFS (loop0): Mounting V5 Filesystem
[   30.702493] XFS (loop0): Ending clean mount
[   30.703069] XFS (loop0): Quotacheck needed: Please wait.
[   30.703872] XFS (loop0): Metadata CRC error detected at xfs_agf_read_verify+0x107/0x130, xfs_agf block 0x1 
[   30.704538] XFS (loop0): Unmount and run xfs_repair
[   30.704913] XFS (loop0): First 128 bytes of corrupted metadata buffer:
[   30.705365] 00000000: 58 41 47 46 00 00 00 01 00 00 00 00 00 00 40 00  XAGF..........@.
[   30.705922] 00000010: 00 00 00 02 00 00 00 03 00 00 00 00 00 00 00 01  ................
[   30.706439] 00000020: 00 00 00 01 00 00 00 00 00 00 01 00 00 00 00 04  ................
[   30.707021] 00000030: 00 00 00 04 00 00 3f ca 00 00 3f c7 00 00 00 00  ......?...?.....
[   30.707561] 00000040: d4 08 de 26 55 fb 48 ab a8 ab aa ce db 20 f9 dd  ...&U.H...... ..
[   30.708184] 00000050: 00 00 00 00 00 00 00 00 00 00 00 00 00 00 00 00  ................
[   30.708807] 00000060: 00 00 00 00 00 00 00 00 00 00 00 00 00 00 00 00  ................
[   30.709396] 00000070: 00 00 00 00 00 00 00 00 00 00 00 00 00 00 00 00  ................
[   30.710011] XFS (loop0): metadata I/O error in "xfs_read_agf+0xcb/0x240" at daddr 0x1 len 1 error 74
[   30.724636] XFS (loop0): Quotacheck: Unsuccessful (Error -117): Disabling quotas.
[   30.728658] XFS (loop0): Metadata CRC error detected at xfs_agf_read_verify+0x107/0x130, xfs_agf block 0x1 
[   30.729347] XFS (loop0): Unmount and run xfs_repair
[   30.729694] XFS (loop0): First 128 bytes of corrupted metadata buffer:
[   30.730134] 00000000: 58 41 47 46 00 00 00 01 00 00 00 00 00 00 40 00  XAGF..........@.
[   30.730666] 00000010: 00 00 00 02 00 00 00 03 00 00 00 00 00 00 00 01  ................
[   30.731191] 00000020: 00 00 00 01 00 00 00 00 00 00 01 00 00 00 00 04  ................
[   30.731706] 00000030: 00 00 00 04 00 00 3f ca 00 00 3f c7 00 00 00 00  ......?...?.....
[   30.732215] 00000040: d4 08 de 26 55 fb 48 ab a8 ab aa ce db 20 f9 dd  ...&U.H...... ..
[   30.732743] 00000050: 00 00 00 00 00 00 00 00 00 00 00 00 00 00 00 00  ................
[   30.733251] 00000060: 00 00 00 00 00 00 00 00 00 00 00 00 00 00 00 00  ................
[   30.733779] 00000070: 00 00 00 00 00 00 00 00 00 00 00 00 00 00 00 00  ................
[   30.734303] XFS (loop0): metadata I/O error in "xfs_read_agf+0xcb/0x240" at daddr 0x1 len 1 error 74
[   30.734911] XFS (loop0): page discard on page 000000000a4d756c, inode 0x2b, offset 0.
[   30.736738] XFS (loop0): Unmounting Filesystem
[   30.983619] loop0: detected capacity change from 65536 to 0
[   30.984684] XFS: ikeep mount option is deprecated.
[   30.988892] XFS (loop0): EXPERIMENTAL big timestamp feature in use. Use at your own risk!
[   30.989692] XFS (loop0): Mounting V5 Filesystem
[   30.994837] XFS (loop0): Ending clean mount
[   30.995623] XFS (loop0): Quotacheck needed: Please wait.
[   30.996729] XFS (loop0): Metadata CRC error detected at xfs_agf_read_verify+0x107/0x130, xfs_agf block 0x1 
[   30.997668] XFS (loop0): Unmount and run xfs_repair
[   30.998006] XFS (loop0): First 128 bytes of corrupted metadata buffer:
[   30.998503] 00000000: 58 41 47 46 00 00 00 01 00 00 00 00 00 00 40 00  XAGF..........@.
[   30.999131] 00000010: 00 00 00 02 00 00 00 03 00 00 00 00 00 00 00 01  ................
[   30.999759] 00000020: 00 00 00 01 00 00 00 00 00 00 01 00 00 00 00 04  ................
[   31.000386] 00000030: 00 00 00 04 00 00 3f ca 00 00 3f c7 00 00 00 00  ......?...?.....
[   31.001067] 00000040: d4 08 de 26 55 fb 48 ab a8 ab aa ce db 20 f9 dd  ...&U.H...... ..
[   31.001707] 00000050: 00 00 00 00 00 00 00 00 00 00 00 00 00 00 00 00  ................
[   31.002336] 00000060: 00 00 00 00 00 00 00 00 00 00 00 00 00 00 00 00  ................
[   31.002971] 00000070: 00 00 00 00 00 00 00 00 00 00 00 00 00 00 00 00  ................
[   31.003656] XFS (loop0): metadata I/O error in "xfs_read_agf+0xcb/0x240" at daddr 0x1 len 1 error 74
[   31.021426] XFS (loop0): Quotacheck: Unsuccessful (Error -117): Disabling quotas.
[   31.028302] XFS (loop0): Metadata CRC error detected at xfs_agf_read_verify+0x107/0x130, xfs_agf block 0x1 
[   31.029485] XFS (loop0): Unmount and run xfs_repair
[   31.029922] XFS (loop0): First 128 bytes of corrupted metadata buffer:
[   31.030338] 00000000: 58 41 47 46 00 00 00 01 00 00 00 00 00 00 40 00  XAGF..........@.
[   31.030846] 00000010: 00 00 00 02 00 00 00 03 00 00 00 00 00 00 00 01  ................
[   31.031346] 00000020: 00 00 00 01 00 00 00 00 00 00 01 00 00 00 00 04  ................
[   31.031856] 00000030: 00 00 00 04 00 00 3f ca 00 00 3f c7 00 00 00 00  ......?...?.....
[   31.032376] 00000040: d4 08 de 26 55 fb 48 ab a8 ab aa ce db 20 f9 dd  ...&U.H...... ..
[   31.032898] 00000050: 00 00 00 00 00 00 00 00 00 00 00 00 00 00 00 00  ................
[   31.033399] 00000060: 00 00 00 00 00 00 00 00 00 00 00 00 00 00 00 00  ................
[   31.033910] 00000070: 00 00 00 00 00 00 00 00 00 00 00 00 00 00 00 00  ................
[   31.034421] XFS (loop0): metadata I/O error in "xfs_read_agf+0xcb/0x240" at daddr 0x1 len 1 error 74
[   31.035018] XFS (loop0): page discard on page 0000000002474b98, inode 0x2b, offset 0.
[   31.042355] XFS (loop0): Unmounting Filesystem
[   31.271389] loop0: detected capacity change from 65536 to 0
[   31.272267] XFS: ikeep mount option is deprecated.
[   31.275395] XFS (loop0): EXPERIMENTAL big timestamp feature in use. Use at your own risk!
[   31.276114] XFS (loop0): Mounting V5 Filesystem
[   31.281802] XFS (loop0): Ending clean mount
[   31.288956] XFS (loop0): Quotacheck needed: Please wait.
[   31.290357] XFS (loop0): Metadata CRC error detected at xfs_agf_read_verify+0x107/0x130, xfs_agf block 0x1 
[   31.291527] XFS (loop0): Unmount and run xfs_repair
[   31.292096] XFS (loop0): First 128 bytes of corrupted metadata buffer:
[   31.292887] 00000000: 58 41 47 46 00 00 00 01 00 00 00 00 00 00 40 00  XAGF..........@.
[   31.293810] 00000010: 00 00 00 02 00 00 00 03 00 00 00 00 00 00 00 01  ................
[   31.294724] 00000020: 00 00 00 01 00 00 00 00 00 00 01 00 00 00 00 04  ................
[   31.295640] 00000030: 00 00 00 04 00 00 3f ca 00 00 3f c7 00 00 00 00  ......?...?.....
[   31.296565] 00000040: d4 08 de 26 55 fb 48 ab a8 ab aa ce db 20 f9 dd  ...&U.H...... ..
[   31.297550] 00000050: 00 00 00 00 00 00 00 00 00 00 00 00 00 00 00 00  ................
[   31.298496] 00000060: 00 00 00 00 00 00 00 00 00 00 00 00 00 00 00 00  ................
[   31.299420] 00000070: 00 00 00 00 00 00 00 00 00 00 00 00 00 00 00 00  ................
[   31.301131] XFS (loop0): metadata I/O error in "xfs_read_agf+0xcb/0x240" at daddr 0x1 len 1 error 74
[   31.320654] XFS (loop0): Quotacheck: Unsuccessful (Error -117): Disabling quotas.
[   31.324644] XFS (loop0): Metadata CRC error detected at xfs_agf_read_verify+0x107/0x130, xfs_agf block 0x1 
[   31.325324] XFS (loop0): Unmount and run xfs_repair
[   31.325649] XFS (loop0): First 128 bytes of corrupted metadata buffer:
[   31.326088] 00000000: 58 41 47 46 00 00 00 01 00 00 00 00 00 00 40 00  XAGF..........@.
[   31.326624] 00000010: 00 00 00 02 00 00 00 03 00 00 00 00 00 00 00 01  ................
[   31.327149] 00000020: 00 00 00 01 00 00 00 00 00 00 01 00 00 00 00 04  ................
[   31.327679] 00000030: 00 00 00 04 00 00 3f ca 00 00 3f c7 00 00 00 00  ......?...?.....
[   31.328201] 00000040: d4 08 de 26 55 fb 48 ab a8 ab aa ce db 20 f9 dd  ...&U.H...... ..
[   31.328751] 00000050: 00 00 00 00 00 00 00 00 00 00 00 00 00 00 00 00  ................
[   31.329269] 00000060: 00 00 00 00 00 00 00 00 00 00 00 00 00 00 00 00  ................
[   31.329799] 00000070: 00 00 00 00 00 00 00 00 00 00 00 00 00 00 00 00  ................
[   31.330660] XFS (loop0): metadata I/O error in "xfs_read_agf+0xcb/0x240" at daddr 0x1 len 1 error 74
[   31.333942] XFS (loop0): Unmounting Filesystem
[   31.565307] loop0: detected capacity change from 65536 to 0
[   31.565940] XFS: ikeep mount option is deprecated.
[   31.566863] XFS (loop0): EXPERIMENTAL big timestamp feature in use. Use at your own risk!
[   31.567508] XFS (loop0): Mounting V5 Filesystem
[   31.581713] XFS (loop0): Ending clean mount
[   31.582233] XFS (loop0): Quotacheck needed: Please wait.
[   31.582858] XFS (loop0): Metadata CRC error detected at xfs_agf_read_verify+0x107/0x130, xfs_agf block 0x1 
[   31.583543] XFS (loop0): Unmount and run xfs_repair
[   31.583853] XFS (loop0): First 128 bytes of corrupted metadata buffer:
[   31.584269] 00000000: 58 41 47 46 00 00 00 01 00 00 00 00 00 00 40 00  XAGF..........@.
[   31.584796] 00000010: 00 00 00 02 00 00 00 03 00 00 00 00 00 00 00 01  ................
[   31.585311] 00000020: 00 00 00 01 00 00 00 00 00 00 01 00 00 00 00 04  ................
[   31.585836] 00000030: 00 00 00 04 00 00 3f ca 00 00 3f c7 00 00 00 00  ......?...?.....
[   31.586357] 00000040: d4 08 de 26 55 fb 48 ab a8 ab aa ce db 20 f9 dd  ...&U.H...... ..
[   31.586888] 00000050: 00 00 00 00 00 00 00 00 00 00 00 00 00 00 00 00  ................
[   31.587415] 00000060: 00 00 00 00 00 00 00 00 00 00 00 00 00 00 00 00  ................
[   31.587946] 00000070: 00 00 00 00 00 00 00 00 00 00 00 00 00 00 00 00  ................
[   31.588477] XFS (loop0): metadata I/O error in "xfs_read_agf+0xcb/0x240" at daddr 0x1 len 1 error 74
[   31.600705] XFS (loop0): Quotacheck: Unsuccessful (Error -117): Disabling quotas.
[   31.604961] XFS (loop0): Metadata CRC error detected at xfs_agf_read_verify+0x107/0x130, xfs_agf block 0x1 
[   31.605602] XFS (loop0): Unmount and run xfs_repair
[   31.605917] XFS (loop0): First 128 bytes of corrupted metadata buffer:
[   31.606328] 00000000: 58 41 47 46 00 00 00 01 00 00 00 00 00 00 40 00  XAGF..........@.
[   31.606834] 00000010: 00 00 00 02 00 00 00 03 00 00 00 00 00 00 00 01  ................
[   31.607340] 00000020: 00 00 00 01 00 00 00 00 00 00 01 00 00 00 00 04  ................
[   31.607839] 00000030: 00 00 00 04 00 00 3f ca 00 00 3f c7 00 00 00 00  ......?...?.....
[   31.608338] 00000040: d4 08 de 26 55 fb 48 ab a8 ab aa ce db 20 f9 dd  ...&U.H...... ..
[   31.608860] 00000050: 00 00 00 00 00 00 00 00 00 00 00 00 00 00 00 00  ................
[   31.609361] 00000060: 00 00 00 00 00 00 00 00 00 00 00 00 00 00 00 00  ................
[   31.609866] 00000070: 00 00 00 00 00 00 00 00 00 00 00 00 00 00 00 00  ................
[   31.610603] XFS (loop0): metadata I/O error in "xfs_read_agf+0xcb/0x240" at daddr 0x1 len 1 error 74
[   31.612768] XFS (loop0): Unmounting Filesystem
[   31.844382] loop0: detected capacity change from 65536 to 0
[   31.845409] XFS: ikeep mount option is deprecated.
[   31.846790] XFS (loop0): EXPERIMENTAL big timestamp feature in use. Use at your own risk!
[   31.847408] XFS (loop0): Mounting V5 Filesystem
[   31.851460] XFS (loop0): Ending clean mount
[   31.852264] XFS (loop0): Quotacheck needed: Please wait.
[   31.853352] XFS (loop0): Metadata CRC error detected at xfs_agf_read_verify+0x107/0x130, xfs_agf block 0x1 
[   31.854246] XFS (loop0): Unmount and run xfs_repair
[   31.854685] XFS (loop0): First 128 bytes of corrupted metadata buffer:
[   31.855192] 00000000: 58 41 47 46 00 00 00 01 00 00 00 00 00 00 40 00  XAGF..........@.
[   31.855860] 00000010: 00 00 00 02 00 00 00 03 00 00 00 00 00 00 00 01  ................
[   31.856450] 00000020: 00 00 00 01 00 00 00 00 00 00 01 00 00 00 00 04  ................
[   31.857132] 00000030: 00 00 00 04 00 00 3f ca 00 00 3f c7 00 00 00 00  ......?...?.....
[   31.857770] 00000040: d4 08 de 26 55 fb 48 ab a8 ab aa ce db 20 f9 dd  ...&U.H...... ..
[   31.858330] 00000050: 00 00 00 00 00 00 00 00 00 00 00 00 00 00 00 00  ................
[   31.858964] 00000060: 00 00 00 00 00 00 00 00 00 00 00 00 00 00 00 00  ................
[   31.859563] 00000070: 00 00 00 00 00 00 00 00 00 00 00 00 00 00 00 00  ................
[   31.868614] XFS (loop0): metadata I/O error in "xfs_read_agf+0xcb/0x240" at daddr 0x1 len 1 error 74
[   31.885704] XFS (loop0): Quotacheck: Unsuccessful (Error -117): Disabling quotas.
[   31.889802] XFS (loop0): Metadata CRC error detected at xfs_agf_read_verify+0x107/0x130, xfs_agf block 0x1 
[   31.890457] XFS (loop0): Unmount and run xfs_repair
[   31.890769] XFS (loop0): First 128 bytes of corrupted metadata buffer:
[   31.891191] 00000000: 58 41 47 46 00 00 00 01 00 00 00 00 00 00 40 00  XAGF..........@.
[   31.891699] 00000010: 00 00 00 02 00 00 00 03 00 00 00 00 00 00 00 01  ................
[   31.892197] 00000020: 00 00 00 01 00 00 00 00 00 00 01 00 00 00 00 04  ................
[   31.892723] 00000030: 00 00 00 04 00 00 3f ca 00 00 3f c7 00 00 00 00  ......?...?.....
[   31.893223] 00000040: d4 08 de 26 55 fb 48 ab a8 ab aa ce db 20 f9 dd  ...&U.H...... ..
[   31.893735] 00000050: 00 00 00 00 00 00 00 00 00 00 00 00 00 00 00 00  ................
[   31.894234] 00000060: 00 00 00 00 00 00 00 00 00 00 00 00 00 00 00 00  ................
[   31.894734] 00000070: 00 00 00 00 00 00 00 00 00 00 00 00 00 00 00 00  ................
[   31.896031] XFS (loop0): metadata I/O error in "xfs_read_agf+0xcb/0x240" at daddr 0x1 len 1 error 74
[   31.899565] XFS (loop0): Unmounting Filesystem
[   32.127135] loop0: detected capacity change from 65536 to 0
[   32.127761] XFS: ikeep mount option is deprecated.
[   32.128931] XFS (loop0): EXPERIMENTAL big timestamp feature in use. Use at your own risk!
[   32.129588] XFS (loop0): Mounting V5 Filesystem
[   32.135109] XFS (loop0): Ending clean mount
[   32.135620] XFS (loop0): Quotacheck needed: Please wait.
[   32.136346] XFS (loop0): Metadata CRC error detected at xfs_agf_read_verify+0x107/0x130, xfs_agf block 0x1 
[   32.137045] XFS (loop0): Unmount and run xfs_repair
[   32.137357] XFS (loop0): First 128 bytes of corrupted metadata buffer:
[   32.137776] 00000000: 58 41 47 46 00 00 00 01 00 00 00 00 00 00 40 00  XAGF..........@.
[   32.138274] 00000010: 00 00 00 02 00 00 00 03 00 00 00 00 00 00 00 01  ................
[   32.138783] 00000020: 00 00 00 01 00 00 00 00 00 00 01 00 00 00 00 04  ................
[   32.139283] 00000030: 00 00 00 04 00 00 3f ca 00 00 3f c7 00 00 00 00  ......?...?.....
[   32.139783] 00000040: d4 08 de 26 55 fb 48 ab a8 ab aa ce db 20 f9 dd  ...&U.H...... ..
[   32.140282] 00000050: 00 00 00 00 00 00 00 00 00 00 00 00 00 00 00 00  ................
[   32.140828] 00000060: 00 00 00 00 00 00 00 00 00 00 00 00 00 00 00 00  ................
[   32.141329] 00000070: 00 00 00 00 00 00 00 00 00 00 00 00 00 00 00 00  ................
[   32.142540] XFS (loop0): metadata I/O error in "xfs_read_agf+0xcb/0x240" at daddr 0x1 len 1 error 74
[   32.157090] XFS (loop0): Quotacheck: Unsuccessful (Error -117): Disabling quotas.
[   32.160680] XFS (loop0): Metadata CRC error detected at xfs_agf_read_verify+0x107/0x130, xfs_agf block 0x1 
[   32.161847] XFS (loop0): Unmount and run xfs_repair
[   32.162413] XFS (loop0): First 128 bytes of corrupted metadata buffer:
[   32.163165] 00000000: 58 41 47 46 00 00 00 01 00 00 00 00 00 00 40 00  XAGF..........@.
[   32.164091] 00000010: 00 00 00 02 00 00 00 03 00 00 00 00 00 00 00 01  ................
[   32.165036] 00000020: 00 00 00 01 00 00 00 00 00 00 01 00 00 00 00 04  ................
[   32.165954] 00000030: 00 00 00 04 00 00 3f ca 00 00 3f c7 00 00 00 00  ......?...?.....
[   32.166859] 00000040: d4 08 de 26 55 fb 48 ab a8 ab aa ce db 20 f9 dd  ...&U.H...... ..
[   32.167767] 00000050: 00 00 00 00 00 00 00 00 00 00 00 00 00 00 00 00  ................
[   32.168704] 00000060: 00 00 00 00 00 00 00 00 00 00 00 00 00 00 00 00  ................
[   32.169618] 00000070: 00 00 00 00 00 00 00 00 00 00 00 00 00 00 00 00  ................
[   32.170623] XFS (loop0): metadata I/O error in "xfs_read_agf+0xcb/0x240" at daddr 0x1 len 1 error 74
[   32.174026] XFS (loop0): Unmounting Filesystem
[   32.392053] loop0: detected capacity change from 65536 to 0
[   32.393035] XFS: ikeep mount option is deprecated.
[   32.394408] XFS (loop0): EXPERIMENTAL big timestamp feature in use. Use at your own risk!
[   32.395041] XFS (loop0): Mounting V5 Filesystem
[   32.399225] XFS (loop0): Ending clean mount
[   32.399754] XFS (loop0): Quotacheck needed: Please wait.
[   32.404657] XFS (loop0): Metadata CRC error detected at xfs_agf_read_verify+0x107/0x130, xfs_agf block 0x1 
[   32.405364] XFS (loop0): Unmount and run xfs_repair
[   32.405742] XFS (loop0): First 128 bytes of corrupted metadata buffer:
[   32.406166] 00000000: 58 41 47 46 00 00 00 01 00 00 00 00 00 00 40 00  XAGF..........@.
[   32.406697] 00000010: 00 00 00 02 00 00 00 03 00 00 00 00 00 00 00 01  ................
[   32.407209] 00000020: 00 00 00 01 00 00 00 00 00 00 01 00 00 00 00 04  ................
[   32.407712] 00000030: 00 00 00 04 00 00 3f ca 00 00 3f c7 00 00 00 00  ......?...?.....
[   32.408214] 00000040: d4 08 de 26 55 fb 48 ab a8 ab aa ce db 20 f9 dd  ...&U.H...... ..
[   32.408750] 00000050: 00 00 00 00 00 00 00 00 00 00 00 00 00 00 00 00  ................
[   32.409250] 00000060: 00 00 00 00 00 00 00 00 00 00 00 00 00 00 00 00  ................
[   32.409760] 00000070: 00 00 00 00 00 00 00 00 00 00 00 00 00 00 00 00  ................
[   32.410736] XFS (loop0): metadata I/O error in "xfs_read_agf+0xcb/0x240" at daddr 0x1 len 1 error 74
[   32.428650] XFS (loop0): Quotacheck: Unsuccessful (Error -117): Disabling quotas.
[   32.429720] XFS (loop0): Metadata CRC error detected at xfs_agf_read_verify+0x107/0x130, xfs_agf block 0x1 
[   32.430485] XFS (loop0): Unmount and run xfs_repair
[   32.430867] XFS (loop0): First 128 bytes of corrupted metadata buffer:
[   32.431366] 00000000: 58 41 47 46 00 00 00 01 00 00 00 00 00 00 40 00  XAGF..........@.
[   32.431981] 00000010: 00 00 00 02 00 00 00 03 00 00 00 00 00 00 00 01  ................
[   32.432635] 00000020: 00 00 00 01 00 00 00 00 00 00 01 00 00 00 00 04  ................
[   32.433286] 00000030: 00 00 00 04 00 00 3f ca 00 00 3f c7 00 00 00 00  ......?...?.....
[   32.433938] 00000040: d4 08 de 26 55 fb 48 ab a8 ab aa ce db 20 f9 dd  ...&U.H...... ..
[   32.434581] 00000050: 00 00 00 00 00 00 00 00 00 00 00 00 00 00 00 00  ................
[   32.435186] 00000060: 00 00 00 00 00 00 00 00 00 00 00 00 00 00 00 00  ................
[   32.435833] 00000070: 00 00 00 00 00 00 00 00 00 00 00 00 00 00 00 00  ................
[   32.437084] XFS (loop0): metadata I/O error in "xfs_read_agf+0xcb/0x240" at daddr 0x1 len 1 error 74
[   32.439227] XFS (loop0): Unmounting Filesystem
[   32.668149] loop0: detected capacity change from 65536 to 0
[   32.669284] XFS: ikeep mount option is deprecated.
[   32.670656] XFS (loop0): EXPERIMENTAL big timestamp feature in use. Use at your own risk!
[   32.671291] XFS (loop0): Mounting V5 Filesystem
[   32.676958] XFS (loop0): Ending clean mount
[   32.677488] XFS (loop0): Quotacheck needed: Please wait.
[   32.678290] XFS (loop0): Metadata CRC error detected at xfs_agf_read_verify+0x107/0x130, xfs_agf block 0x1 
[   32.678956] XFS (loop0): Unmount and run xfs_repair
[   32.679323] XFS (loop0): First 128 bytes of corrupted metadata buffer:
[   32.679838] 00000000: 58 41 47 46 00 00 00 01 00 00 00 00 00 00 40 00  XAGF..........@.
[   32.680452] 00000010: 00 00 00 02 00 00 00 03 00 00 00 00 00 00 00 01  ................
[   32.681093] 00000020: 00 00 00 01 00 00 00 00 00 00 01 00 00 00 00 04  ................
[   32.681718] 00000030: 00 00 00 04 00 00 3f ca 00 00 3f c7 00 00 00 00  ......?...?.....
[   32.682333] 00000040: d4 08 de 26 55 fb 48 ab a8 ab aa ce db 20 f9 dd  ...&U.H...... ..
[   32.682952] 00000050: 00 00 00 00 00 00 00 00 00 00 00 00 00 00 00 00  ................
[   32.683571] 00000060: 00 00 00 00 00 00 00 00 00 00 00 00 00 00 00 00  ................
[   32.684185] 00000070: 00 00 00 00 00 00 00 00 00 00 00 00 00 00 00 00  ................
[   32.685027] XFS (loop0): metadata I/O error in "xfs_read_agf+0xcb/0x240" at daddr 0x1 len 1 error 74
[   32.700656] XFS (loop0): Quotacheck: Unsuccessful (Error -117): Disabling quotas.
[   32.702459] XFS (loop0): Metadata CRC error detected at xfs_agf_read_verify+0x107/0x130, xfs_agf block 0x1 
[   32.703103] XFS (loop0): Unmount and run xfs_repair
[   32.703412] XFS (loop0): First 128 bytes of corrupted metadata buffer:
[   32.703821] 00000000: 58 41 47 46 00 00 00 01 00 00 00 00 00 00 40 00  XAGF..........@.
[   32.704318] 00000010: 00 00 00 02 00 00 00 03 00 00 00 00 00 00 00 01  ................
[   32.704841] 00000020: 00 00 00 01 00 00 00 00 00 00 01 00 00 00 00 04  ................
[   32.705339] 00000030: 00 00 00 04 00 00 3f ca 00 00 3f c7 00 00 00 00  ......?...?.....
[   32.705858] 00000040: d4 08 de 26 55 fb 48 ab a8 ab aa ce db 20 f9 dd  ...&U.H...... ..
[   32.706355] 00000050: 00 00 00 00 00 00 00 00 00 00 00 00 00 00 00 00  ................
[   32.706853] 00000060: 00 00 00 00 00 00 00 00 00 00 00 00 00 00 00 00  ................
[   32.707353] 00000070: 00 00 00 00 00 00 00 00 00 00 00 00 00 00 00 00  ................
[   32.708076] XFS (loop0): metadata I/O error in "xfs_read_agf+0xcb/0x240" at daddr 0x1 len 1 error 74
[   32.710846] XFS (loop0): Unmounting Filesystem
[   32.935607] loop0: detected capacity change from 65536 to 0
[   32.936382] XFS: ikeep mount option is deprecated.
[   32.938070] XFS (loop0): EXPERIMENTAL big timestamp feature in use. Use at your own risk!
[   32.938863] XFS (loop0): Mounting V5 Filesystem
[   32.950309] XFS (loop0): Ending clean mount
[   32.951578] XFS (loop0): Quotacheck needed: Please wait.
[   32.952285] XFS (loop0): Metadata CRC error detected at xfs_agf_read_verify+0x107/0x130, xfs_agf block 0x1 
[   32.952956] XFS (loop0): Unmount and run xfs_repair
[   32.953267] XFS (loop0): First 128 bytes of corrupted metadata buffer:
[   32.953683] 00000000: 58 41 47 46 00 00 00 01 00 00 00 00 00 00 40 00  XAGF..........@.
[   32.954182] 00000010: 00 00 00 02 00 00 00 03 00 00 00 00 00 00 00 01  ................
[   32.954680] 00000020: 00 00 00 01 00 00 00 00 00 00 01 00 00 00 00 04  ................
[   32.955177] 00000030: 00 00 00 04 00 00 3f ca 00 00 3f c7 00 00 00 00  ......?...?.....
[   32.955675] 00000040: d4 08 de 26 55 fb 48 ab a8 ab aa ce db 20 f9 dd  ...&U.H...... ..
[   32.956173] 00000050: 00 00 00 00 00 00 00 00 00 00 00 00 00 00 00 00  ................
[   32.956769] 00000060: 00 00 00 00 00 00 00 00 00 00 00 00 00 00 00 00  ................
[   32.957270] 00000070: 00 00 00 00 00 00 00 00 00 00 00 00 00 00 00 00  ................
[   32.957892] XFS (loop0): metadata I/O error in "xfs_read_agf+0xcb/0x240" at daddr 0x1 len 1 error 74
[   32.972730] XFS (loop0): Quotacheck: Unsuccessful (Error -117): Disabling quotas.
[   32.976741] XFS (loop0): Metadata CRC error detected at xfs_agf_read_verify+0x107/0x130, xfs_agf block 0x1 
[   32.977380] XFS (loop0): Unmount and run xfs_repair
[   32.977702] XFS (loop0): First 128 bytes of corrupted metadata buffer:
[   32.978112] 00000000: 58 41 47 46 00 00 00 01 00 00 00 00 00 00 40 00  XAGF..........@.
[   32.978607] 00000010: 00 00 00 02 00 00 00 03 00 00 00 00 00 00 00 01  ................
[   32.979103] 00000020: 00 00 00 01 00 00 00 00 00 00 01 00 00 00 00 04  ................
[   32.979598] 00000030: 00 00 00 04 00 00 3f ca 00 00 3f c7 00 00 00 00  ......?...?.....
[   32.980095] 00000040: d4 08 de 26 55 fb 48 ab a8 ab aa ce db 20 f9 dd  ...&U.H...... ..
[   32.980614] 00000050: 00 00 00 00 00 00 00 00 00 00 00 00 00 00 00 00  ................
[   32.981111] 00000060: 00 00 00 00 00 00 00 00 00 00 00 00 00 00 00 00  ................
[   32.981607] 00000070: 00 00 00 00 00 00 00 00 00 00 00 00 00 00 00 00  ................
[   32.982638] XFS (loop0): metadata I/O error in "xfs_read_agf+0xcb/0x240" at daddr 0x1 len 1 error 74
[   32.984291] XFS (loop0): Unmounting Filesystem
[   33.198205] loop0: detected capacity change from 65536 to 0
[   33.198801] XFS: ikeep mount option is deprecated.
[   33.199707] XFS (loop0): EXPERIMENTAL big timestamp feature in use. Use at your own risk!
[   33.200320] XFS (loop0): Mounting V5 Filesystem
[   33.206347] XFS (loop0): Ending clean mount
[   33.214136] XFS (loop0): Quotacheck needed: Please wait.
[   33.215047] XFS (loop0): Metadata CRC error detected at xfs_agf_read_verify+0x107/0x130, xfs_agf block 0x1 
[   33.215801] XFS (loop0): Unmount and run xfs_repair
[   33.216130] XFS (loop0): First 128 bytes of corrupted metadata buffer:
[   33.216562] 00000000: 58 41 47 46 00 00 00 01 00 00 00 00 00 00 40 00  XAGF..........@.
[   33.217082] 00000010: 00 00 00 02 00 00 00 03 00 00 00 00 00 00 00 01  ................
[   33.217589] 00000020: 00 00 00 01 00 00 00 00 00 00 01 00 00 00 00 04  ................
[   33.218105] 00000030: 00 00 00 04 00 00 3f ca 00 00 3f c7 00 00 00 00  ......?...?.....
[   33.218607] 00000040: d4 08 de 26 55 fb 48 ab a8 ab aa ce db 20 f9 dd  ...&U.H...... ..
[   33.219102] 00000050: 00 00 00 00 00 00 00 00 00 00 00 00 00 00 00 00  ................
[   33.219598] 00000060: 00 00 00 00 00 00 00 00 00 00 00 00 00 00 00 00  ................
[   33.220093] 00000070: 00 00 00 00 00 00 00 00 00 00 00 00 00 00 00 00  ................
[   33.220660] XFS (loop0): metadata I/O error in "xfs_read_agf+0xcb/0x240" at daddr 0x1 len 1 error 74
[   33.232631] XFS (loop0): Quotacheck: Unsuccessful (Error -117): Disabling quotas.
[   33.234063] XFS (loop0): Metadata CRC error detected at xfs_agf_read_verify+0x107/0x130, xfs_agf block 0x1 
[   33.235142] XFS (loop0): Unmount and run xfs_repair
[   33.235694] XFS (loop0): First 128 bytes of corrupted metadata buffer:
[   33.236444] 00000000: 58 41 47 46 00 00 00 01 00 00 00 00 00 00 40 00  XAGF..........@.
[   33.237388] 00000010: 00 00 00 02 00 00 00 03 00 00 00 00 00 00 00 01  ................
[   33.238086] 00000020: 00 00 00 01 00 00 00 00 00 00 01 00 00 00 00 04  ................
[   33.238598] 00000030: 00 00 00 04 00 00 3f ca 00 00 3f c7 00 00 00 00  ......?...?.....
[   33.239126] 00000040: d4 08 de 26 55 fb 48 ab a8 ab aa ce db 20 f9 dd  ...&U.H...... ..
[   33.239634] 00000050: 00 00 00 00 00 00 00 00 00 00 00 00 00 00 00 00  ................
[   33.240143] 00000060: 00 00 00 00 00 00 00 00 00 00 00 00 00 00 00 00  ................
[   33.240662] 00000070: 00 00 00 00 00 00 00 00 00 00 00 00 00 00 00 00  ................
[   33.241758] XFS (loop0): metadata I/O error in "xfs_read_agf+0xcb/0x240" at daddr 0x1 len 1 error 74
[   33.245428] XFS (loop0): Unmounting Filesystem
[   33.468702] loop0: detected capacity change from 65536 to 0
[   33.469710] XFS: ikeep mount option is deprecated.
[   33.471118] XFS (loop0): EXPERIMENTAL big timestamp feature in use. Use at your own risk!
[   33.471741] XFS (loop0): Mounting V5 Filesystem
[   33.475047] XFS (loop0): Ending clean mount
[   33.475557] XFS (loop0): Quotacheck needed: Please wait.
[   33.476418] XFS (loop0): Metadata CRC error detected at xfs_agf_read_verify+0x107/0x130, xfs_agf block 0x1 
[   33.477666] XFS (loop0): Unmount and run xfs_repair
[   33.478238] XFS (loop0): First 128 bytes of corrupted metadata buffer:
[   33.478987] 00000000: 58 41 47 46 00 00 00 01 00 00 00 00 00 00 40 00  XAGF..........@.
[   33.479910] 00000010: 00 00 00 02 00 00 00 03 00 00 00 00 00 00 00 01  ................
[   33.480827] 00000020: 00 00 00 01 00 00 00 00 00 00 01 00 00 00 00 04  ................
[   33.481736] 00000030: 00 00 00 04 00 00 3f ca 00 00 3f c7 00 00 00 00  ......?...?.....
[   33.482637] 00000040: d4 08 de 26 55 fb 48 ab a8 ab aa ce db 20 f9 dd  ...&U.H...... ..
[   33.483542] 00000050: 00 00 00 00 00 00 00 00 00 00 00 00 00 00 00 00  ................
[   33.484443] 00000060: 00 00 00 00 00 00 00 00 00 00 00 00 00 00 00 00  ................
[   33.485357] 00000070: 00 00 00 00 00 00 00 00 00 00 00 00 00 00 00 00  ................
[   33.486659] XFS (loop0): metadata I/O error in "xfs_read_agf+0xcb/0x240" at daddr 0x1 len 1 error 74
[   33.497997] XFS (loop0): Quotacheck: Unsuccessful (Error -117): Disabling quotas.
[   33.502096] XFS (loop0): Metadata CRC error detected at xfs_agf_read_verify+0x107/0x130, xfs_agf block 0x1 
[   33.502742] XFS (loop0): Unmount and run xfs_repair
[   33.503049] XFS (loop0): First 128 bytes of corrupted metadata buffer:
[   33.503451] 00000000: 58 41 47 46 00 00 00 01 00 00 00 00 00 00 40 00  XAGF..........@.
[   33.503940] 00000010: 00 00 00 02 00 00 00 03 00 00 00 00 00 00 00 01  ................
[   33.504427] 00000020: 00 00 00 01 00 00 00 00 00 00 01 00 00 00 00 04  ................
[   33.505004] 00000030: 00 00 00 04 00 00 3f ca 00 00 3f c7 00 00 00 00  ......?...?.....
[   33.505511] 00000040: d4 08 de 26 55 fb 48 ab a8 ab aa ce db 20 f9 dd  ...&U.H...... ..
[   33.506022] 00000050: 00 00 00 00 00 00 00 00 00 00 00 00 00 00 00 00  ................
[   33.506529] 00000060: 00 00 00 00 00 00 00 00 00 00 00 00 00 00 00 00  ................
[   33.507025] 00000070: 00 00 00 00 00 00 00 00 00 00 00 00 00 00 00 00  ................
[   33.507891] XFS (loop0): metadata I/O error in "xfs_read_agf+0xcb/0x240" at daddr 0x1 len 1 error 74
[   33.509806] XFS (loop0): Unmounting Filesystem
[   33.738801] loop0: detected capacity change from 65536 to 0
[   33.739505] XFS: ikeep mount option is deprecated.
[   33.740464] XFS (loop0): EXPERIMENTAL big timestamp feature in use. Use at your own risk!
[   33.741475] XFS (loop0): Mounting V5 Filesystem
[   33.745829] XFS (loop0): Ending clean mount
[   33.746342] XFS (loop0): Quotacheck needed: Please wait.
[   33.747248] XFS (loop0): Metadata CRC error detected at xfs_agf_read_verify+0x107/0x130, xfs_agf block 0x1 
[   33.747898] XFS (loop0): Unmount and run xfs_repair
[   33.748209] XFS (loop0): First 128 bytes of corrupted metadata buffer:
[   33.748643] 00000000: 58 41 47 46 00 00 00 01 00 00 00 00 00 00 40 00  XAGF..........@.
[   33.749142] 00000010: 00 00 00 02 00 00 00 03 00 00 00 00 00 00 00 01  ................
[   33.749652] 00000020: 00 00 00 01 00 00 00 00 00 00 01 00 00 00 00 04  ................
[   33.750162] 00000030: 00 00 00 04 00 00 3f ca 00 00 3f c7 00 00 00 00  ......?...?.....
[   33.750658] 00000040: d4 08 de 26 55 fb 48 ab a8 ab aa ce db 20 f9 dd  ...&U.H...... ..
[   33.751156] 00000050: 00 00 00 00 00 00 00 00 00 00 00 00 00 00 00 00  ................
[   33.751665] 00000060: 00 00 00 00 00 00 00 00 00 00 00 00 00 00 00 00  ................
[   33.752161] 00000070: 00 00 00 00 00 00 00 00 00 00 00 00 00 00 00 00  ................
[   33.753295] XFS (loop0): metadata I/O error in "xfs_read_agf+0xcb/0x240" at daddr 0x1 len 1 error 74
[   33.772660] XFS (loop0): Quotacheck: Unsuccessful (Error -117): Disabling quotas.
[   33.777064] XFS (loop0): Metadata CRC error detected at xfs_agf_read_verify+0x107/0x130, xfs_agf block 0x1 
[   33.777710] XFS (loop0): Unmount and run xfs_repair
[   33.778029] XFS (loop0): First 128 bytes of corrupted metadata buffer:
[   33.778441] 00000000: 58 41 47 46 00 00 00 01 00 00 00 00 00 00 40 00  XAGF..........@.
[   33.778943] 00000010: 00 00 00 02 00 00 00 03 00 00 00 00 00 00 00 01  ................
[   33.779443] 00000020: 00 00 00 01 00 00 00 00 00 00 01 00 00 00 00 04  ................
[   33.779943] 00000030: 00 00 00 04 00 00 3f ca 00 00 3f c7 00 00 00 00  ......?...?.....
[   33.780443] 00000040: d4 08 de 26 55 fb 48 ab a8 ab aa ce db 20 f9 dd  ...&U.H...... ..
[   33.780965] 00000050: 00 00 00 00 00 00 00 00 00 00 00 00 00 00 00 00  ................
[   33.781467] 00000060: 00 00 00 00 00 00 00 00 00 00 00 00 00 00 00 00  ................
[   33.781968] 00000070: 00 00 00 00 00 00 00 00 00 00 00 00 00 00 00 00  ................
[   33.782635] XFS (loop0): metadata I/O error in "xfs_read_agf+0xcb/0x240" at daddr 0x1 len 1 error 74
[   33.783235] xfs_discard_page: 9 callbacks suppressed
[   33.783239] XFS (loop0): page discard on page 000000000ed9b178, inode 0x2b, offset 0.
[   33.785316] XFS (loop0): Unmounting Filesystem
[   34.013886] loop0: detected capacity change from 65536 to 0
[   34.014459] XFS: ikeep mount option is deprecated.
[   34.015409] XFS (loop0): EXPERIMENTAL big timestamp feature in use. Use at your own risk!
[   34.016038] XFS (loop0): Mounting V5 Filesystem
[   34.021515] XFS (loop0): Ending clean mount
[   34.028873] XFS (loop0): Quotacheck needed: Please wait.
[   34.029523] XFS (loop0): Metadata CRC error detected at xfs_agf_read_verify+0x107/0x130, xfs_agf block 0x1 
[   34.030228] XFS (loop0): Unmount and run xfs_repair
[   34.030548] XFS (loop0): First 128 bytes of corrupted metadata buffer:
[   34.030969] 00000000: 58 41 47 46 00 00 00 01 00 00 00 00 00 00 40 00  XAGF..........@.
[   34.031467] 00000010: 00 00 00 02 00 00 00 03 00 00 00 00 00 00 00 01  ................
[   34.031964] 00000020: 00 00 00 01 00 00 00 00 00 00 01 00 00 00 00 04  ................
[   34.032460] 00000030: 00 00 00 04 00 00 3f ca 00 00 3f c7 00 00 00 00  ......?...?.....
[   34.032980] 00000040: d4 08 de 26 55 fb 48 ab a8 ab aa ce db 20 f9 dd  ...&U.H...... ..
[   34.033477] 00000050: 00 00 00 00 00 00 00 00 00 00 00 00 00 00 00 00  ................
[   34.033976] 00000060: 00 00 00 00 00 00 00 00 00 00 00 00 00 00 00 00  ................
[   34.034474] 00000070: 00 00 00 00 00 00 00 00 00 00 00 00 00 00 00 00  ................
[   34.034983] XFS (loop0): metadata I/O error in "xfs_read_agf+0xcb/0x240" at daddr 0x1 len 1 error 74
[   34.044609] XFS (loop0): Quotacheck: Unsuccessful (Error -117): Disabling quotas.
[   34.045495] XFS (loop0): Metadata CRC error detected at xfs_agf_read_verify+0x107/0x130, xfs_agf block 0x1 
[   34.046126] XFS (loop0): Unmount and run xfs_repair
[   34.046445] XFS (loop0): First 128 bytes of corrupted metadata buffer:
[   34.046860] 00000000: 58 41 47 46 00 00 00 01 00 00 00 00 00 00 40 00  XAGF..........@.
[   34.047358] 00000010: 00 00 00 02 00 00 00 03 00 00 00 00 00 00 00 01  ................
[   34.047855] 00000020: 00 00 00 01 00 00 00 00 00 00 01 00 00 00 00 04  ................
[   34.048352] 00000030: 00 00 00 04 00 00 3f ca 00 00 3f c7 00 00 00 00  ......?...?.....
[   34.048876] 00000040: d4 08 de 26 55 fb 48 ab a8 ab aa ce db 20 f9 dd  ...&U.H...... ..
[   34.049402] 00000050: 00 00 00 00 00 00 00 00 00 00 00 00 00 00 00 00  ................
[   34.049926] 00000060: 00 00 00 00 00 00 00 00 00 00 00 00 00 00 00 00  ................
[   34.050455] 00000070: 00 00 00 00 00 00 00 00 00 00 00 00 00 00 00 00  ................
[   34.050983] XFS (loop0): metadata I/O error in "xfs_read_agf+0xcb/0x240" at daddr 0x1 len 1 error 74
[   34.051582] XFS (loop0): page discard on page 0000000065cfd6a6, inode 0x2b, offset 0.
[   34.055341] XFS (loop0): Unmounting Filesystem
[   34.278663] loop0: detected capacity change from 65536 to 0
[   34.279627] XFS: ikeep mount option is deprecated.
[   34.282799] XFS (loop0): EXPERIMENTAL big timestamp feature in use. Use at your own risk!
[   34.283584] XFS (loop0): Mounting V5 Filesystem
[   34.287585] XFS (loop0): Ending clean mount
[   34.288153] XFS (loop0): Quotacheck needed: Please wait.
[   34.292650] XFS (loop0): Metadata CRC error detected at xfs_agf_read_verify+0x107/0x130, xfs_agf block 0x1 
[   34.293315] XFS (loop0): Unmount and run xfs_repair
[   34.293625] XFS (loop0): First 128 bytes of corrupted metadata buffer:
[   34.294151] 00000000: 58 41 47 46 00 00 00 01 00 00 00 00 00 00 40 00  XAGF..........@.
[   34.294773] 00000010: 00 00 00 02 00 00 00 03 00 00 00 00 00 00 00 01  ................
[   34.295390] 00000020: 00 00 00 01 00 00 00 00 00 00 01 00 00 00 00 04  ................
[   34.295959] 00000030: 00 00 00 04 00 00 3f ca 00 00 3f c7 00 00 00 00  ......?...?.....
[   34.296465] 00000040: d4 08 de 26 55 fb 48 ab a8 ab aa ce db 20 f9 dd  ...&U.H...... ..
[   34.297020] 00000050: 00 00 00 00 00 00 00 00 00 00 00 00 00 00 00 00  ................
[   34.297525] 00000060: 00 00 00 00 00 00 00 00 00 00 00 00 00 00 00 00  ................
[   34.298042] 00000070: 00 00 00 00 00 00 00 00 00 00 00 00 00 00 00 00  ................
[   34.300638] XFS (loop0): metadata I/O error in "xfs_read_agf+0xcb/0x240" at daddr 0x1 len 1 error 74
[   34.324861] XFS (loop0): Quotacheck: Unsuccessful (Error -117): Disabling quotas.
[   34.332639] XFS (loop0): Metadata CRC error detected at xfs_agf_read_verify+0x107/0x130, xfs_agf block 0x1 
[   34.333781] XFS (loop0): Unmount and run xfs_repair
[   34.334341] XFS (loop0): First 128 bytes of corrupted metadata buffer:
[   34.335099] 00000000: 58 41 47 46 00 00 00 01 00 00 00 00 00 00 40 00  XAGF..........@.
[   34.336003] 00000010: 00 00 00 02 00 00 00 03 00 00 00 00 00 00 00 01  ................
[   34.336941] 00000020: 00 00 00 01 00 00 00 00 00 00 01 00 00 00 00 04  ................
[   34.337853] 00000030: 00 00 00 04 00 00 3f ca 00 00 3f c7 00 00 00 00  ......?...?.....
[   34.338753] 00000040: d4 08 de 26 55 fb 48 ab a8 ab aa ce db 20 f9 dd  ...&U.H...... ..
[   34.339668] 00000050: 00 00 00 00 00 00 00 00 00 00 00 00 00 00 00 00  ................
[   34.340571] 00000060: 00 00 00 00 00 00 00 00 00 00 00 00 00 00 00 00  ................
[   34.341501] 00000070: 00 00 00 00 00 00 00 00 00 00 00 00 00 00 00 00  ................
[   34.342224] XFS (loop0): metadata I/O error in "xfs_read_agf+0xcb/0x240" at daddr 0x1 len 1 error 74
[   34.343319] XFS (loop0): page discard on page 000000004e120f1f, inode 0x2b, offset 0.
[   34.346125] XFS (loop0): Unmounting Filesystem
[   34.565838] loop0: detected capacity change from 65536 to 0
[   34.566452] XFS: ikeep mount option is deprecated.
[   34.567408] XFS (loop0): EXPERIMENTAL big timestamp feature in use. Use at your own risk!
[   34.568027] XFS (loop0): Mounting V5 Filesystem
[   34.573651] XFS (loop0): Ending clean mount
[   34.574144] XFS (loop0): Quotacheck needed: Please wait.
[   34.574860] XFS (loop0): Metadata CRC error detected at xfs_agf_read_verify+0x107/0x130, xfs_agf block 0x1 
[   34.575507] XFS (loop0): Unmount and run xfs_repair
[   34.575816] XFS (loop0): First 128 bytes of corrupted metadata buffer:
