c[?7l[2J[0mSeaBIOS (version rel-1.16.0-0-gd239552ce722-prebuilt.qemu.org)


iPXE (http://ipxe.org) 00:03.0 CA00 PCI2.10 PnP PMM+7FF91000+7FEF1000 CA00
Press Ctrl-B to configure iPXE (PCI 00:03.0)...                                                                               


Booting from ROM..c[?7l[2J[    0.000000] Linux version 6.3.0-rc1-fe15c26ee26e-bd4f5d09cc93-revert+ (root@p-adls01) (gcc (GCC) 8.5.0 20210514 (Red Hat 8.5.0-18), GNU ld version 2.36.1-2.el8) #1 SMP PREEMPT_DYNAMIC Sat Mar 11 08:10:17 CST 2023
[    0.000000] Command line: console=ttyS0 root=/dev/sda earlyprintk=serial net.ifnames=0
[    0.000000] KERNEL supported cpus:
[    0.000000]   Intel GenuineIntel
[    0.000000]   AMD AuthenticAMD
[    0.000000]   Hygon HygonGenuine
[    0.000000]   Centaur CentaurHauls
[    0.000000]   zhaoxin   Shanghai  
[    0.000000] x86/fpu: Supporting XSAVE feature 0x001: 'x87 floating point registers'
[    0.000000] x86/fpu: Supporting XSAVE feature 0x002: 'SSE registers'
[    0.000000] x86/fpu: Supporting XSAVE feature 0x004: 'AVX registers'
[    0.000000] x86/fpu: Supporting XSAVE feature 0x200: 'Protection Keys User registers'
[    0.000000] x86/fpu: xstate_offset[2]:  576, xstate_sizes[2]:  256
[    0.000000] x86/fpu: xstate_offset[9]:  832, xstate_sizes[9]:    8
[    0.000000] x86/fpu: Enabled xstate features 0x207, context size is 840 bytes, using 'compacted' format.
[    0.000000] signal: max sigframe size: 3632
[    0.000000] BIOS-provided physical RAM map:
[    0.000000] BIOS-e820: [mem 0x0000000000000000-0x000000000009fbff] usable
[    0.000000] BIOS-e820: [mem 0x000000000009fc00-0x000000000009ffff] reserved
[    0.000000] BIOS-e820: [mem 0x00000000000f0000-0x00000000000fffff] reserved
[    0.000000] BIOS-e820: [mem 0x0000000000100000-0x000000007ffdffff] usable
[    0.000000] BIOS-e820: [mem 0x000000007ffe0000-0x000000007fffffff] reserved
[    0.000000] BIOS-e820: [mem 0x00000000feffc000-0x00000000feffffff] reserved
[    0.000000] BIOS-e820: [mem 0x00000000fffc0000-0x00000000ffffffff] reserved
[    0.000000] printk: bootconsole [earlyser0] enabled
[    0.000000] NX (Execute Disable) protection: active
[    0.000000] SMBIOS 2.8 present.
[    0.000000] DMI: QEMU Standard PC (i440FX + PIIX, 1996), BIOS rel-1.16.0-0-gd239552ce722-prebuilt.qemu.org 04/01/2014
[    0.000000] Hypervisor detected: KVM
[    0.000000] kvm-clock: Using msrs 4b564d01 and 4b564d00
[    0.000002] kvm-clock: using sched offset of 356700977 cycles
[    0.000313] clocksource: kvm-clock: mask: 0xffffffffffffffff max_cycles: 0x1cd42e4dffb, max_idle_ns: 881590591483 ns
[    0.001282] tsc: Detected 3609.600 MHz processor
[    0.004000] last_pfn = 0x7ffe0 max_arch_pfn = 0x400000000
[    0.004000] x86/PAT: Configuration [0-7]: WB  WC  UC- UC  WB  WP  UC- WT  
[    0.004000] found SMP MP-table at [mem 0x000f5ba0-0x000f5baf]
[    0.004000] Using GB pages for direct mapping
[    0.004000] ACPI: Early table checksum verification disabled
[    0.004000] ACPI: RSDP 0x00000000000F59C0 000014 (v00 BOCHS )
[    0.004000] ACPI: RSDT 0x000000007FFE1951 000034 (v01 BOCHS  BXPC     00000001 BXPC 00000001)
[    0.004000] ACPI: FACP 0x000000007FFE17FD 000074 (v01 BOCHS  BXPC     00000001 BXPC 00000001)
[    0.004000] ACPI: DSDT 0x000000007FFE0040 0017BD (v01 BOCHS  BXPC     00000001 BXPC 00000001)
[    0.004000] ACPI: FACS 0x000000007FFE0000 000040
[    0.004000] ACPI: APIC 0x000000007FFE1871 000080 (v01 BOCHS  BXPC     00000001 BXPC 00000001)
[    0.004000] ACPI: HPET 0x000000007FFE18F1 000038 (v01 BOCHS  BXPC     00000001 BXPC 00000001)
[    0.004000] ACPI: WAET 0x000000007FFE1929 000028 (v01 BOCHS  BXPC     00000001 BXPC 00000001)
[    0.004000] ACPI: Reserving FACP table memory at [mem 0x7ffe17fd-0x7ffe1870]
[    0.004000] ACPI: Reserving DSDT table memory at [mem 0x7ffe0040-0x7ffe17fc]
[    0.004000] ACPI: Reserving FACS table memory at [mem 0x7ffe0000-0x7ffe003f]
[    0.004000] ACPI: Reserving APIC table memory at [mem 0x7ffe1871-0x7ffe18f0]
[    0.004000] ACPI: Reserving HPET table memory at [mem 0x7ffe18f1-0x7ffe1928]
[    0.004000] ACPI: Reserving WAET table memory at [mem 0x7ffe1929-0x7ffe1950]
[    0.004000] No NUMA configuration found
[    0.004000] Faking a node at [mem 0x0000000000000000-0x000000007ffdffff]
[    0.004000] NODE_DATA(0) allocated [mem 0x7ffb5000-0x7ffdffff]
[    0.004000] Zone ranges:
[    0.004000]   DMA      [mem 0x0000000000001000-0x0000000000ffffff]
[    0.004000]   DMA32    [mem 0x0000000001000000-0x000000007ffdffff]
[    0.004000]   Normal   empty
[    0.004000]   Device   empty
[    0.004000] Movable zone start for each node
[    0.004000] Early memory node ranges
[    0.004000]   node   0: [mem 0x0000000000001000-0x000000000009efff]
[    0.004000]   node   0: [mem 0x0000000000100000-0x000000007ffdffff]
[    0.004000] Initmem setup node 0 [mem 0x0000000000001000-0x000000007ffdffff]
[    0.004000] On node 0, zone DMA: 1 pages in unavailable ranges
[    0.004000] On node 0, zone DMA: 97 pages in unavailable ranges
[    0.004000] On node 0, zone DMA32: 32 pages in unavailable ranges
[    0.004000] ACPI: PM-Timer IO Port: 0x608
[    0.004000] ACPI: LAPIC_NMI (acpi_id[0xff] dfl dfl lint[0x1])
[    0.004000] IOAPIC[0]: apic_id 0, version 17, address 0xfec00000, GSI 0-23
[    0.004000] ACPI: INT_SRC_OVR (bus 0 bus_irq 0 global_irq 2 dfl dfl)
[    0.004000] ACPI: INT_SRC_OVR (bus 0 bus_irq 5 global_irq 5 high level)
[    0.004000] ACPI: INT_SRC_OVR (bus 0 bus_irq 9 global_irq 9 high level)
[    0.004000] ACPI: INT_SRC_OVR (bus 0 bus_irq 10 global_irq 10 high level)
[    0.004000] ACPI: INT_SRC_OVR (bus 0 bus_irq 11 global_irq 11 high level)
[    0.004000] ACPI: Using ACPI (MADT) for SMP configuration information
[    0.004000] ACPI: HPET id: 0x8086a201 base: 0xfed00000
[    0.004000] TSC deadline timer available
[    0.004000] smpboot: Allowing 2 CPUs, 0 hotplug CPUs
[    0.004000] kvm-guest: KVM setup pv remote TLB flush
[    0.004000] kvm-guest: setup PV sched yield
[    0.004000] PM: hibernation: Registered nosave memory: [mem 0x00000000-0x00000fff]
[    0.004000] PM: hibernation: Registered nosave memory: [mem 0x0009f000-0x0009ffff]
[    0.004000] PM: hibernation: Registered nosave memory: [mem 0x000a0000-0x000effff]
[    0.004000] PM: hibernation: Registered nosave memory: [mem 0x000f0000-0x000fffff]
[    0.004000] [mem 0x80000000-0xfeffbfff] available for PCI devices
[    0.004000] Booting paravirtualized kernel on KVM
[    0.004000] clocksource: refined-jiffies: mask: 0xffffffff max_cycles: 0xffffffff, max_idle_ns: 7645519600211568 ns
[    0.004000] setup_percpu: NR_CPUS:8192 nr_cpumask_bits:2 nr_cpu_ids:2 nr_node_ids:1
[    0.004000] percpu: Embedded 65 pages/cpu s229376 r8192 d28672 u1048576
[    0.004000] kvm-guest: PV spinlocks enabled
[    0.004000] PV qspinlock hash table entries: 256 (order: 0, 4096 bytes, linear)
[    0.004000] Fallback order for Node 0: 0 
[    0.004000] Built 1 zonelists, mobility grouping on.  Total pages: 515808
[    0.004000] Policy zone: DMA32
[    0.004000] Kernel command line: net.ifnames=0 console=ttyS0 root=/dev/sda earlyprintk=serial net.ifnames=0
[    0.004000] random: crng init done
[    0.004000] Dentry cache hash table entries: 262144 (order: 9, 2097152 bytes, linear)
[    0.004000] Inode-cache hash table entries: 131072 (order: 8, 1048576 bytes, linear)
[    0.004000] mem auto-init: stack:off, heap alloc:off, heap free:off
[    0.004000] Memory: 1964888K/2096632K available (36864K kernel code, 4578K rwdata, 9848K rodata, 10508K init, 31780K bss, 131488K reserved, 0K cma-reserved)
[    0.004000] SLUB: HWalign=64, Order=0-3, MinObjects=0, CPUs=2, Nodes=1
[    0.004000] kmemleak: Kernel memory leak detector disabled
[    0.004000] ftrace: allocating 68737 entries in 269 pages
[    0.004000] ftrace: allocated 269 pages with 4 groups
[    0.004000] Dynamic Preempt: voluntary
[    0.004000] Running RCU self tests
[    0.004000] Running RCU synchronous self tests
[    0.004000] rcu: Preemptible hierarchical RCU implementation.
[    0.004000] rcu: 	RCU lockdep checking is enabled.
[    0.004000] rcu: 	RCU restricting CPUs from NR_CPUS=8192 to nr_cpu_ids=2.
[    0.004000] 	Trampoline variant of Tasks RCU enabled.
[    0.004000] 	Rude variant of Tasks RCU enabled.
[    0.004000] 	Tracing variant of Tasks RCU enabled.
[    0.004000] rcu: RCU calculated value of scheduler-enlistment delay is 25 jiffies.
[    0.004000] rcu: Adjusting geometry for rcu_fanout_leaf=16, nr_cpu_ids=2
[    0.004000] Running RCU synchronous self tests
[    0.004000] NR_IRQS: 524544, nr_irqs: 440, preallocated irqs: 16
[    0.004000] rcu: srcu_init: Setting srcu_struct sizes based on contention.
[    0.004000] Console: colour VGA+ 80x25
[    0.004000] printk: console [ttyS0] enabled
[    0.004000] printk: console [ttyS0] enabled
[    0.004000] printk: bootconsole [earlyser0] disabled
[    0.004000] printk: bootconsole [earlyser0] disabled
[    0.004000] Lock dependency validator: Copyright (c) 2006 Red Hat, Inc., Ingo Molnar
[    0.004000] ... MAX_LOCKDEP_SUBCLASSES:  8
[    0.004000] ... MAX_LOCK_DEPTH:          48
[    0.004000] ... MAX_LOCKDEP_KEYS:        8192
[    0.004000] ... CLASSHASH_SIZE:          4096
[    0.004000] ... MAX_LOCKDEP_ENTRIES:     32768
[    0.004000] ... MAX_LOCKDEP_CHAINS:      65536
[    0.004000] ... CHAINHASH_SIZE:          32768
[    0.004000]  memory used by lock dependency info: 6365 kB
[    0.004000]  memory used for stack traces: 4224 kB
[    0.004000]  per task-struct memory footprint: 1920 bytes
[    0.004000] ACPI: Core revision 20221020
[    0.004000] clocksource: hpet: mask: 0xffffffff max_cycles: 0xffffffff, max_idle_ns: 19112604467 ns
[    0.004000] APIC: Switch to symmetric I/O mode setup
[    0.004000] x2apic enabled
[    0.004000] Switched APIC routing to physical x2apic.
[    0.004000] kvm-guest: setup PV IPIs
[    0.004000] ..TIMER: vector=0x30 apic1=0 pin1=2 apic2=-1 pin2=-1
[    0.004000] clocksource: tsc-early: mask: 0xffffffffffffffff max_cycles: 0x3407c077a8d, max_idle_ns: 440795342283 ns
[    0.131023] Calibrating delay loop (skipped) preset value.. 7219.20 BogoMIPS (lpj=14438400)
[    0.131514] pid_max: default: 32768 minimum: 301
[    0.131846] LSM: initializing lsm=capability,yama,integrity
[    0.135027] Yama: becoming mindful.
[    0.135361] Mount-cache hash table entries: 4096 (order: 3, 32768 bytes, linear)
[    0.135811] Mountpoint-cache hash table entries: 4096 (order: 3, 32768 bytes, linear)
[    0.137461] x86/cpu: User Mode Instruction Prevention (UMIP) activated
[    0.138053] Last level iTLB entries: 4KB 0, 2MB 0, 4MB 0
[    0.138387] Last level dTLB entries: 4KB 0, 2MB 0, 4MB 0, 1GB 0
[    0.138752] Spectre V1 : Mitigation: usercopy/swapgs barriers and __user pointer sanitization
[    0.139020] Spectre V2 : WARNING: Unprivileged eBPF is enabled with eIBRS on, data leaks possible via Spectre v2 BHB attacks!
[    0.139676] Spectre V2 : Mitigation: Enhanced / Automatic IBRS
[    0.140008] Spectre V2 : Spectre v2 / SpectreRSB mitigation: Filling RSB on context switch
[    0.140472] Spectre V2 : Spectre v2 / PBRSB-eIBRS: Retire a single CALL on VMEXIT
[    0.140895] Spectre V2 : mitigation: Enabling conditional Indirect Branch Prediction Barrier
[    0.141371] Speculative Store Bypass: Mitigation: Speculative Store Bypass disabled via prctl
[    0.229772] Freeing SMP alternatives memory: 56K
[    0.230108] Running RCU synchronous self tests
[    0.230362] Running RCU synchronous self tests
[    0.230900] smpboot: CPU0: 12th Gen Intel(R) Core(TM) i7-12700K (family: 0x6, model: 0x97, stepping: 0x2)
[    0.231010] cblist_init_generic: Setting adjustable number of callback queues.
[    0.231010] cblist_init_generic: Setting shift to 1 and lim to 1.
[    0.231010] cblist_init_generic: Setting shift to 1 and lim to 1.
[    0.231010] cblist_init_generic: Setting shift to 1 and lim to 1.
[    0.231010] Running RCU-tasks wait API self tests
[    0.331173] Performance Events: Alderlake Hybrid events, full-width counters, Intel PMU driver.
[    0.332146] core: cpu_core PMU driver: 
[    0.332376] ... version:                2
[    0.332606] ... bit width:              48
[    0.332841] ... generic registers:      6
[    0.333071] ... value mask:             0000ffffffffffff
[    0.333373] ... max period:             00007fffffffffff
[    0.333674] ... fixed-purpose events:   3
[    0.333904] ... event mask:             0001000f0000003f
[    0.334369] rcu: Hierarchical SRCU implementation.
[    0.334644] rcu: 	Max phase no-delay instances is 1000.
[    0.336049] unchecked MSR access error: WRMSR to 0x38f (tried to write 0x0001000f0000003f) at rIP: 0xffffffff810e0c2c (native_write_msr+0xc/0x30)
[    0.336803] Call Trace:
[    0.336948]  <TASK>
[    0.337075]  __intel_pmu_enable_all.constprop.49+0xb5/0x140
[    0.337406]  intel_pmu_enable_all+0x1e/0x30
[    0.337653]  x86_pmu_enable+0x46d/0x5a0
[    0.337881]  ? write_comp_data+0x2f/0x90
[    0.338120]  perf_pmu_enable+0x53/0x70
[    0.338344]  ctx_resched+0x14d/0x1e0
[    0.338560]  __perf_install_in_context+0x2f7/0x470
[    0.338841]  ? lock_is_held_type+0xe6/0x140
[    0.339010]  ? __pfx_remote_function+0x10/0x10
[    0.339010]  remote_function+0x80/0xa0
[    0.339010]  ? __pfx_remote_function+0x10/0x10
[    0.339010]  generic_exec_single+0x124/0x190
[    0.339010]  smp_call_function_single+0x11c/0x240
[    0.339010]  ? __pfx_remote_function+0x10/0x10
[    0.339010]  ? __sanitizer_cov_trace_pc+0x25/0x60
[    0.339010]  ? write_comp_data+0x2f/0x90
[    0.339010]  perf_install_in_context+0x2d8/0x300
[    0.339010]  ? __pfx___perf_install_in_context+0x10/0x10
[    0.339010]  perf_event_create_kernel_counter+0x284/0x2b0
[    0.339010]  ? __pfx_watchdog_overflow_callback+0x10/0x10
[    0.339010]  hardlockup_detector_event_create+0x46/0xd0
[    0.339010]  hardlockup_detector_perf_init+0x18/0x80
[    0.339010]  watchdog_nmi_probe+0x17/0x20
[    0.339010]  lockup_detector_init+0x40/0xb0
[    0.339010]  kernel_init_freeable+0x37e/0x8c0
[    0.339010]  ? __pfx_kernel_init+0x10/0x10
[    0.339010]  kernel_init+0x24/0x1e0
[    0.339010]  ? __pfx_kernel_init+0x10/0x10
[    0.339010]  ret_from_fork+0x29/0x50
[    0.339010]  </TASK>
[    0.339046] Callback from call_rcu_tasks_trace() invoked.
[    0.339548] smp: Bringing up secondary CPUs ...
[    0.340503] x86: Booting SMP configuration:
[    0.340753] .... node  #0, CPUs:      #1
[    0.341030] smp: Brought up 1 node, 2 CPUs
[    0.341030] smpboot: Max logical packages: 1
[    0.341030] smpboot: Total of 2 processors activated (14438.40 BogoMIPS)
[    0.344397] devtmpfs: initialized
[    0.344397] x86/mm: Memory block size: 128MB
[    0.345089] Running RCU synchronous self tests
[    0.347033] Running RCU synchronous self tests
[    0.347320] clocksource: jiffies: mask: 0xffffffff max_cycles: 0xffffffff, max_idle_ns: 7645041785100000 ns
[    0.347864] futex hash table entries: 512 (order: 4, 65536 bytes, linear)
[    0.348421] pinctrl core: initialized pinctrl subsystem
[    0.349135] 
[    0.349227] *************************************************************
[    0.349600] **     NOTICE NOTICE NOTICE NOTICE NOTICE NOTICE NOTICE    **
[    0.349972] **                                                         **
[    0.350344] **  IOMMU DebugFS SUPPORT HAS BEEN ENABLED IN THIS KERNEL  **
[    0.350715] **                                                         **
[    0.351023] ** This means that this kernel is built to expose internal **
[    0.351403] ** IOMMU data structures, which may compromise security on **
[    0.351774] ** your system.                                            **
[    0.352145] **                                                         **
[    0.352516] ** If you see this message and you are not debugging the   **
[    0.352887] ** kernel, report this immediately to your vendor!         **
[    0.353259] **                                                         **
[    0.353630] **     NOTICE NOTICE NOTICE NOTICE NOTICE NOTICE NOTICE    **
[    0.354001] *************************************************************
[    0.354408] PM: RTC time: 00:10:55, date: 2023-03-11
[    0.356996] NET: Registered PF_NETLINK/PF_ROUTE protocol family
[    0.357803] DMA: preallocated 256 KiB GFP_KERNEL pool for atomic allocations
[    0.358203] DMA: preallocated 256 KiB GFP_KERNEL|GFP_DMA pool for atomic allocations
[    0.358635] DMA: preallocated 256 KiB GFP_KERNEL|GFP_DMA32 pool for atomic allocations
[    0.359054] audit: initializing netlink subsys (disabled)
[    0.359424] audit: type=2000 audit(1678493455.935:1): state=initialized audit_enabled=0 res=1
[    0.359506] thermal_sys: Registered thermal governor 'fair_share'
[    0.359538] thermal_sys: Registered thermal governor 'bang_bang'
[    0.359878] thermal_sys: Registered thermal governor 'step_wise'
[    0.360208] thermal_sys: Registered thermal governor 'user_space'
[    0.360573] cpuidle: using governor ladder
[    0.361150] cpuidle: using governor menu
[    0.361586] acpiphp: ACPI Hot Plug PCI Controller Driver version: 0.5
[    0.362168] PCI: Using configuration type 1 for base access
[    0.363592] kprobes: kprobe jump-optimization is enabled. All kprobes are optimized if possible.
[    0.532741] HugeTLB: registered 1.00 GiB page size, pre-allocated 0 pages
[    0.533144] HugeTLB: 16380 KiB vmemmap can be freed for a 1.00 GiB page
[    0.533517] HugeTLB: registered 2.00 MiB page size, pre-allocated 0 pages
[    0.533896] HugeTLB: 28 KiB vmemmap can be freed for a 2.00 MiB page
[    0.536747] ACPI: Added _OSI(Module Device)
[    0.537003] ACPI: Added _OSI(Processor Device)
[    0.537256] ACPI: Added _OSI(3.0 _SCP Extensions)
[    0.537523] ACPI: Added _OSI(Processor Aggregator Device)
[    0.542033] ACPI: 1 ACPI AML tables successfully acquired and loaded
[    2.463023] Callback from call_rcu_tasks_rude() invoked.
[    2.504100] ACPI: Interpreter enabled
[    2.504421] ACPI: PM: (supports S0 S3 S4 S5)
[    2.504670] ACPI: Using IOAPIC for interrupt routing
[    2.505009] PCI: Using host bridge windows from ACPI; if necessary, use "pci=nocrs" and report a bug
[    2.505520] PCI: Using E820 reservations for host bridge windows
[    2.506400] ACPI: Enabled 2 GPEs in block 00 to 0F
[    2.511070] Callback from call_rcu_tasks() invoked.
[    2.519971] ACPI: PCI Root Bridge [PCI0] (domain 0000 [bus 00-ff])
[    2.520365] acpi PNP0A03:00: _OSC: OS supports [ASPM ClockPM Segments MSI EDR HPX-Type3]
[    2.520826] acpi PNP0A03:00: _OSC: not requesting OS control; OS requires [ExtendedConfig ASPM ClockPM MSI]
[    2.521425] acpi PNP0A03:00: fail to add MMCONFIG information, can't access extended configuration space under this bridge
[    2.523963] acpiphp: Slot [3] registered
[    2.524243] acpiphp: Slot [4] registered
[    2.524516] acpiphp: Slot [5] registered
[    2.524789] acpiphp: Slot [6] registered
[    2.525065] acpiphp: Slot [7] registered
[    2.525338] acpiphp: Slot [8] registered
[    2.525610] acpiphp: Slot [9] registered
[    2.525882] acpiphp: Slot [10] registered
[    2.526157] acpiphp: Slot [11] registered
[    2.526429] acpiphp: Slot [12] registered
[    2.526706] acpiphp: Slot [13] registered
[    2.526989] acpiphp: Slot [14] registered
[    2.527062] acpiphp: Slot [15] registered
[    2.527333] acpiphp: Slot [16] registered
[    2.527604] acpiphp: Slot [17] registered
[    2.527877] acpiphp: Slot [18] registered
[    2.528153] acpiphp: Slot [19] registered
[    2.528424] acpiphp: Slot [20] registered
[    2.528696] acpiphp: Slot [21] registered
[    2.528968] acpiphp: Slot [22] registered
[    2.529241] acpiphp: Slot [23] registered
[    2.529513] acpiphp: Slot [24] registered
[    2.529794] acpiphp: Slot [25] registered
[    2.530066] acpiphp: Slot [26] registered
[    2.530339] acpiphp: Slot [27] registered
[    2.530618] acpiphp: Slot [28] registered
[    2.530894] acpiphp: Slot [29] registered
[    2.531065] acpiphp: Slot [30] registered
[    2.531339] acpiphp: Slot [31] registered
[    2.531578] PCI host bridge to bus 0000:00
[    2.531808] pci_bus 0000:00: root bus resource [io  0x0000-0x0cf7 window]
[    2.532185] pci_bus 0000:00: root bus resource [io  0x0d00-0xffff window]
[    2.532561] pci_bus 0000:00: root bus resource [mem 0x000a0000-0x000bffff window]
[    2.532974] pci_bus 0000:00: root bus resource [mem 0x80000000-0xfebfffff window]
[    2.533388] pci_bus 0000:00: root bus resource [mem 0x100000000-0x17fffffff window]
[    2.533811] pci_bus 0000:00: root bus resource [bus 00-ff]
[    2.534197] pci 0000:00:00.0: [8086:1237] type 00 class 0x060000
[    2.536792] pci 0000:00:01.0: [8086:7000] type 00 class 0x060100
[    2.537656] pci 0000:00:01.1: [8086:7010] type 00 class 0x010180
[    2.539132] pci 0000:00:01.1: reg 0x20: [io  0xc040-0xc04f]
[    2.539873] pci 0000:00:01.1: legacy IDE quirk: reg 0x10: [io  0x01f0-0x01f7]
[    2.540269] pci 0000:00:01.1: legacy IDE quirk: reg 0x14: [io  0x03f6]
[    2.540630] pci 0000:00:01.1: legacy IDE quirk: reg 0x18: [io  0x0170-0x0177]
[    2.541031] pci 0000:00:01.1: legacy IDE quirk: reg 0x1c: [io  0x0376]
[    2.541625] pci 0000:00:01.3: [8086:7113] type 00 class 0x068000
[    2.542193] pci 0000:00:01.3: quirk: [io  0x0600-0x063f] claimed by PIIX4 ACPI
[    2.542609] pci 0000:00:01.3: quirk: [io  0x0700-0x070f] claimed by PIIX4 SMB
[    2.543217] pci 0000:00:02.0: [1234:1111] type 00 class 0x030000
[    2.545106] pci 0000:00:02.0: reg 0x10: [mem 0xfd000000-0xfdffffff pref]
[    2.546805] pci 0000:00:02.0: reg 0x18: [mem 0xfebf0000-0xfebf0fff]
[    2.549344] pci 0000:00:02.0: reg 0x30: [mem 0xfebe0000-0xfebeffff pref]
[    2.549858] pci 0000:00:02.0: Video device with shadowed ROM at [mem 0x000c0000-0x000dffff]
[    2.552657] pci 0000:00:03.0: [8086:100e] type 00 class 0x020000
[    2.553351] pci 0000:00:03.0: reg 0x10: [mem 0xfebc0000-0xfebdffff]
[    2.554027] pci 0000:00:03.0: reg 0x14: [io  0xc000-0xc03f]
[    2.555968] pci 0000:00:03.0: reg 0x30: [mem 0xfeb80000-0xfebbffff pref]
[    2.564073] ACPI: PCI: Interrupt link LNKA configured for IRQ 10
[    2.564717] ACPI: PCI: Interrupt link LNKB configured for IRQ 10
[    2.565332] ACPI: PCI: Interrupt link LNKC configured for IRQ 11
[    2.565941] ACPI: PCI: Interrupt link LNKD configured for IRQ 11
[    2.566423] ACPI: PCI: Interrupt link LNKS configured for IRQ 9
[    2.567705] iommu: Default domain type: Translated 
[    2.567705] iommu: DMA domain TLB invalidation policy: lazy mode 
[    2.569563] SCSI subsystem initialized
[    2.571162] ACPI: bus type USB registered
[    2.571162] usbcore: registered new interface driver usbfs
[    2.571411] usbcore: registered new interface driver hub
[    2.571737] usbcore: registered new device driver usb
[    2.572112] pps_core: LinuxPPS API ver. 1 registered
[    2.572396] pps_core: Software ver. 5.3.6 - Copyright 2005-2007 Rodolfo Giometti <giometti@linux.it>
[    2.572918] PTP clock support registered
[    2.573198] EDAC MC: Ver: 3.0.0
[    2.575484] NetLabel: Initializing
[    2.575704] NetLabel:  domain hash size = 128
[    2.575966] NetLabel:  protocols = UNLABELED CIPSOv4 CALIPSO
[    2.576346] NetLabel:  unlabeled traffic allowed by default
[    2.576784] PCI: Using ACPI for IRQ routing
[    2.576784] pci 0000:00:02.0: vgaarb: setting as boot VGA device
[    2.576784] pci 0000:00:02.0: vgaarb: bridge control possible
[    2.576784] pci 0000:00:02.0: vgaarb: VGA device added: decodes=io+mem,owns=io+mem,locks=none
[    2.576784] vgaarb: loaded
[    2.579248] hpet0: at MMIO 0xfed00000, IRQs 2, 8, 0
[    2.579552] hpet0: 3 comparators, 64-bit 100.000000 MHz counter
[    2.584210] clocksource: Switched to clocksource kvm-clock
[    2.586021] VFS: Disk quotas dquot_6.6.0
[    2.586302] VFS: Dquot-cache hash table entries: 512 (order 0, 4096 bytes)
[    2.586930] pnp: PnP ACPI init
[    2.587389] pnp: PnP ACPI: found 6 devices
[    2.597013] clocksource: acpi_pm: mask: 0xffffff max_cycles: 0xffffff, max_idle_ns: 2085701024 ns
[    2.597826] NET: Registered PF_INET protocol family
[    2.598277] IP idents hash table entries: 32768 (order: 6, 262144 bytes, linear)
[    2.599489] tcp_listen_portaddr_hash hash table entries: 1024 (order: 4, 73728 bytes, linear)
[    2.600017] Table-perturb hash table entries: 65536 (order: 6, 262144 bytes, linear)
[    2.600469] TCP established hash table entries: 16384 (order: 5, 131072 bytes, linear)
[    2.601136] TCP bind hash table entries: 16384 (order: 9, 2359296 bytes, linear)
[    2.603045] TCP: Hash tables configured (established 16384 bind 16384)
[    2.603536] UDP hash table entries: 1024 (order: 5, 163840 bytes, linear)
[    2.604024] UDP-Lite hash table entries: 1024 (order: 5, 163840 bytes, linear)
[    2.604598] NET: Registered PF_UNIX/PF_LOCAL protocol family
[    2.605317] RPC: Registered named UNIX socket transport module.
[    2.605659] RPC: Registered udp transport module.
[    2.605921] RPC: Registered tcp transport module.
[    2.606183] RPC: Registered tcp NFSv4.1 backchannel transport module.
[    2.606558] pci_bus 0000:00: resource 4 [io  0x0000-0x0cf7 window]
[    2.606906] pci_bus 0000:00: resource 5 [io  0x0d00-0xffff window]
[    2.607260] pci_bus 0000:00: resource 6 [mem 0x000a0000-0x000bffff window]
[    2.607643] pci_bus 0000:00: resource 7 [mem 0x80000000-0xfebfffff window]
[    2.608026] pci_bus 0000:00: resource 8 [mem 0x100000000-0x17fffffff window]
[    2.608617] pci 0000:00:01.0: PIIX3: Enabling Passive Release
[    2.608949] pci 0000:00:00.0: Limiting direct PCI/PCI transfers
[    2.609352] PCI: CLS 0 bytes, default 64
[    2.609621] ACPI: bus type thunderbolt registered
[    2.610091] clocksource: tsc: mask: 0xffffffffffffffff max_cycles: 0x3407c077a8d, max_idle_ns: 440795342283 ns
[    2.686789] Initialise system trusted keyrings
[    2.687142] Key type blacklist registered
[    2.687651] workingset: timestamp_bits=36 max_order=19 bucket_order=0
[    2.688080] zbud: loaded
[    2.688865] squashfs: version 4.0 (2009/01/31) Phillip Lougher
[    2.689805] NFS: Registering the id_resolver key type
[    2.690111] Key type id_resolver registered
[    2.690348] Key type id_legacy registered
[    2.690594] nfs4filelayout_init: NFSv4 File Layout Driver Registering...
[    2.690982] nfs4flexfilelayout_init: NFSv4 Flexfile Layout Driver Registering...
[    2.691497] fuse: init (API version 7.38)
[    2.691836] SGI XFS with ACLs, security attributes, realtime, quota, no debug enabled
[    2.692663] 9p: Installing v9fs 9p2000 file system support
[    2.698389] Key type asymmetric registered
[    2.698679] Asymmetric key parser 'x509' registered
[    2.699060] Block layer SCSI generic (bsg) driver version 0.4 loaded (major 243)
[    2.699638] io scheduler mq-deadline registered
[    2.699929] io scheduler bfq registered
[    2.700489] shpchp: Standard Hot Plug PCI Controller Driver version: 0.4
[    2.701200] IPMI message handler: version 39.2
[    2.701494] ipmi device interface
[    2.703052] input: Power Button as /devices/LNXSYSTM:00/LNXPWRBN:00/input/input0
[    2.703717] ACPI: button: Power Button [PWRF]
[    2.704691] ERST DBG: ERST support is disabled.
[    2.705412] Serial: 8250/16550 driver, 32 ports, IRQ sharing enabled
[    2.706208] 00:04: ttyS0 at I/O 0x3f8 (irq = 4, base_baud = 115200) is a 16550A
[    2.713294] Linux agpgart interface v0.103
[    2.714149] ACPI: bus type drm_connector registered
[    2.732582] brd: module loaded
[    2.738546] loop: module loaded
[    2.742234] scsi host0: ata_piix
[    2.743202] scsi host1: ata_piix
[    2.743541] ata1: PATA max MWDMA2 cmd 0x1f0 ctl 0x3f6 bmdma 0xc040 irq 14
[    2.743930] ata2: PATA max MWDMA2 cmd 0x170 ctl 0x376 bmdma 0xc048 irq 15
[    2.745103] tun: Universal TUN/TAP device driver, 1.6
[    2.745539] e100: Intel(R) PRO/100 Network Driver
[    2.745813] e100: Copyright(c) 1999-2006 Intel Corporation
[    2.746154] e1000: Intel(R) PRO/1000 Network Driver
[    2.746435] e1000: Copyright (c) 1999-2006 Intel Corporation.
[    2.900742] ACPI: \_SB_.LNKC: Enabled at IRQ 11
[    2.903211] ata2: found unknown device (class 0)
[    2.904048] ata1: found unknown device (class 0)
[    2.904964] ata2.00: ATAPI: QEMU DVD-ROM, 2.5+, max UDMA/100
[    2.905787] ata1.00: ATA-7: QEMU HARDDISK, 2.5+, max UDMA/100
[    2.906135] ata1.00: 16777216 sectors, multi 16: LBA48 
[    2.907577] scsi 0:0:0:0: Direct-Access     ATA      QEMU HARDDISK    2.5+ PQ: 0 ANSI: 5
[    2.909058] sd 0:0:0:0: Attached scsi generic sg0 type 0
[    2.909607] sd 0:0:0:0: [sda] 16777216 512-byte logical blocks: (8.59 GB/8.00 GiB)
[    2.909839] scsi 1:0:0:0: CD-ROM            QEMU     QEMU DVD-ROM     2.5+ PQ: 0 ANSI: 5
[    2.910543] sd 0:0:0:0: [sda] Write Protect is off
[    2.911668] sd 0:0:0:0: [sda] Write cache: enabled, read cache: enabled, doesn't support DPO or FUA
[    2.912780] sd 0:0:0:0: [sda] Preferred minimum I/O size 512 bytes
[    2.927973] scsi 1:0:0:0: Attached scsi generic sg1 type 5
[    2.936664] sd 0:0:0:0: [sda] Attached SCSI disk
[    3.217601] e1000 0000:00:03.0 eth0: (PCI:33MHz:32-bit) 52:54:00:12:34:56
[    3.218049] e1000 0000:00:03.0 eth0: Intel(R) PRO/1000 Network Connection
[    3.218529] e1000e: Intel(R) PRO/1000 Network Driver
[    3.218829] e1000e: Copyright(c) 1999 - 2015 Intel Corporation.
[    3.219236] igb: Intel(R) Gigabit Ethernet Network Driver
[    3.219561] igb: Copyright (c) 2007-2014 Intel Corporation.
[    3.219970] PPP generic driver version 2.4.2
[    3.220758] VFIO - User Level meta-driver version: 0.3
[    3.221824] usbcore: registered new interface driver uas
[    3.222173] usbcore: registered new interface driver usb-storage
[    3.222657] i8042: PNP: PS/2 Controller [PNP0303:KBD,PNP0f13:MOU] at 0x60,0x64 irq 1,12
[    3.223736] serio: i8042 KBD port at 0x60,0x64 irq 1
[    3.224062] serio: i8042 AUX port at 0x60,0x64 irq 12
[    3.224935] mousedev: PS/2 mouse device common for all mice
[    3.225859] input: AT Translated Set 2 keyboard as /devices/platform/i8042/serio0/input/input1
[    3.227242] input: VirtualPS/2 VMware VMMouse as /devices/platform/i8042/serio1/input/input4
[    3.228024] rtc_cmos 00:05: RTC can wake from S4
[    3.228598] input: VirtualPS/2 VMware VMMouse as /devices/platform/i8042/serio1/input/input3
[    3.229908] rtc_cmos 00:05: registered as rtc0
[    3.230231] rtc_cmos 00:05: setting system clock to 2023-03-11T00:10:58 UTC (1678493458)
[    3.230862] rtc_cmos 00:05: alarms up to one day, y3k, 242 bytes nvram, hpet irqs
[    3.231348] i2c_dev: i2c /dev entries driver
[    3.231651] device-mapper: core: CONFIG_IMA_DISABLE_HTABLE is disabled. Duplicate IMA measurements will not be recorded in the IMA log.
[    3.232393] device-mapper: uevent: version 1.0.3
[    3.232851] device-mapper: ioctl: 4.47.0-ioctl (2022-07-28) initialised: dm-devel@redhat.com
[    3.233370] intel_pstate: CPU model not supported
[    3.233733] sdhci: Secure Digital Host Controller Interface driver
[    3.234102] sdhci: Copyright(c) Pierre Ossman
[    3.234420] sdhci-pltfm: SDHCI platform and OF driver helper
[    3.234813] ledtrig-cpu: registered to indicate activity on CPUs
[    3.235510] drop_monitor: Initializing network drop monitor service
[    3.236042] NET: Registered PF_INET6 protocol family
[    3.238859] Segment Routing with IPv6
[    3.239128] In-situ OAM (IOAM) with IPv6
[    3.239397] NET: Registered PF_PACKET protocol family
[    3.239869] 9pnet: Installing 9P2000 support
[    3.240457] Key type dns_resolver registered
[    3.241810] IPI shorthand broadcast: enabled
[    3.258498] sched_clock: Marking stable (3132009281, 123010932)->(3285687436, -30667223)
[    3.259556] registered taskstats version 1
[    3.260041] Loading compiled-in X.509 certificates
[    3.260855] zswap: loaded using pool lzo/zbud
[    3.273144] Key type .fscrypt registered
[    3.273417] Key type fscrypt-provisioning registered
[    3.274473] Key type encrypted registered
[    3.274751] ima: No TPM chip found, activating TPM-bypass!
[    3.275101] ima: Allocated hash algorithm: sha1
[    3.275408] ima: No architecture policies found
[    3.275734] evm: Initialising EVM extended attributes:
[    3.276040] evm: security.selinux
[    3.276248] evm: security.SMACK64
[    3.276450] evm: security.SMACK64EXEC
[    3.276672] evm: security.SMACK64TRANSMUTE
[    3.276918] evm: security.SMACK64MMAP
[    3.277141] evm: security.apparmor
[    3.277348] evm: security.ima
[    3.277531] evm: security.capability
[    3.277748] evm: HMAC attrs: 0x1
[    3.278930] PM:   Magic number: 15:419:152
[    3.279227] bdi 1:4: hash matches
[    3.279783] RAS: Correctable Errors collector initialized.
[    3.281092] md: Waiting for all devices to be available before autodetect
[    3.281371] md: If you don't use raid, use raid=noautodetect
[    3.281604] md: Autodetecting RAID arrays.
[    3.281799] md: autorun ...
[    3.281919] md: ... autorun DONE.
[    3.286337] EXT4-fs (sda): mounted filesystem 23a53bb9-f815-47a5-b74c-5e08f7731193 with ordered data mode. Quota mode: none.
[    3.286851] VFS: Mounted root (ext4 filesystem) readonly on device 8:0.
[    3.288599] devtmpfs: mounted
[    3.296683] Freeing unused decrypted memory: 2036K
[    3.300738] Freeing unused kernel image (initmem) memory: 10508K
[    3.311094] Write protecting the kernel read-only data: 47104k
[    3.312371] Freeing unused kernel image (rodata/data gap) memory: 392K
[    3.383668] x86/mm: Checked W+X mappings: passed, no W+X pages found.
[    3.383984] Run /sbin/init as init process
[    3.463292] systemd[1]: RTC configured in localtime, applying delta of 0 minutes to system time.
[    3.486802] systemd[1]: systemd 239 (239-49.el8) running in system mode. (+PAM +AUDIT +SELINUX +IMA -APPARMOR +SMACK +SYSVINIT +UTMP +LIBCRYPTSETUP +GCRYPT +GNUTLS +ACL +XZ +LZ4 +SECCOMP +BLKID +ELFUTILS +KMOD +IDN2 -IDN +PCRE2 default-hierarchy=legacy)
[    3.487883] systemd[1]: Detected virtualization kvm.
[    3.488100] systemd[1]: Detected architecture x86-64.

Welcome to [0;31mCentOS Stream 8[0m!

[    3.562544] systemd[1]: Set hostname to <test>.
[    3.768550] systemd[1]: Created slice system-serial\x2dgetty.slice.
[[0;32m  OK  [0m] Created slice system-serial\x2dgetty.slice.
[    3.769962] systemd[1]: Created slice User and Session Slice.
[[0;32m  OK  [0m] Created slice User and Session Slice.
[    3.770831] systemd[1]: Listening on Journal Socket.
[[0;32m  OK  [0m] Listening on Journal Socket.
[    3.771538] systemd[1]: Listening on udev Kernel Socket.
[[0;32m  OK  [0m] Listening on udev Kernel Socket.
[    3.772249] systemd[1]: Listening on initctl Compatibility Named Pipe.
[[0;32m  OK  [0m] Listening on initctl Compatibility Named Pipe.
[    3.773368] systemd[1]: Set up automount Arbitrary Executable File Formats File System Automount Point.
[[0;32m  OK  [0m] Set up automount Arbitrary Executabâ€¦rmats File System Automount Point.
[[0;32m  OK  [0m] Listening on LVM2 poll daemon socket.
[[0;32m  OK  [0m] Listening on Process Core Dump Socket.
[[0;32m  OK  [0m] Listening on RPCbind Server Activation Socket.
[[0;32m  OK  [0m] Reached target RPC Port Mapper.
[[0;32m  OK  [0m] Reached target Slices.
         Starting Remount Root and Kernel File Systems...
[[0;32m  OK  [0m] Listening on multipathd control socket.
[[0;32m  OK  [0m] Listening on Device-mapper event daemon FIFOs.
[[0;32m  OK  [0m] Created slice system-sshd\x2dkeygen.slice.
[[0;32m  OK  [0m] Reached target Swap.
[[0;32m  OK  [0m] Created slice system-getty.slice.
         Mounting POSIX Message Queue File System...
         Mounting Huge Pages File System...
         Starting Monitoring of LVM2 mirrorsâ€¦ng dmeventd or progress polling...
         Starting Load Kernel Modules...
[[0;32m  OK  [0m] Started Forward Password Requests to Wall Directory Watch.
         Starting Setup Virtual Console...
         Mounting Kernel Debug File System...
[[0;32m  OK  [0m] Listening on udev Control Socket.
         Starting udev Coldplug all Devices...
[[0;32m  OK  [0m] Listening on Journal Socket (/dev/log).
         Starting Journal Service...
[[0;32m  OK  [0m] Mounted POSIX Message Queue File System.
[[0;32m  OK  [0m] Mounted Huge Pages File System.
[[0;32m  OK  [0m] Started Monitoring of LVM2 mirrors,â€¦sing dmeventd or progress polling.
[    3.991084] EXT4-fs (sda): re-mounted 23a53bb9-f815-47a5-b74c-5e08f7731193. Quota mode: none.
[[0;1;31mFAILED[0m] Failed to start Load Kernel Modules.
See 'systemctl status systemd-modules-load.service' for details.
[[0;32m  OK  [0m] Started Remount Root and Kernel File Systems.
[[0;32m  OK  [0m] Mounted Kernel Debug File System.
         Starting Load/Save Random Seed...
         Starting Create Static Device Nodes in /dev...
         Starting Apply Kernel Variables...
         Mounting FUSE Control File System...
         Mounting Kernel Configuration File System...
[[0;32m  OK  [0m] Started Load/Save Random Seed.
[[0;32m  OK  [0m] Started Journal Service.
[[0;32m  OK  [0m] Started Create Static Device Nodes in /dev.
[[0;32m  OK  [0m] Started Apply Kernel Variables.
[[0;32m  OK  [0m] Mounted FUSE Control File System.
[[0;32m  OK  [0m] Mounted Kernel Configuration File System.
         Starting udev Kernel Device Manager...
         Starting Flush Journal to Persistent Storage...
[[0;32m  OK  [0m] Started Setup Virtual Console.
[[0;32m  OK  [0m] Started Flush Journal to Persistent Storage.
[[0;32m  OK  [0m] Started udev Kernel Device Manager.
[[0;32m  OK  [0m] Started udev Coldplug all Devices.
         Starting Show Plymouth Boot Screen...
         Starting udev Wait for Complete Device Initialization...
[[0;32m  OK  [0m] Started Show Plymouth Boot Screen.
[[0;32m  OK  [0m] Started Forward Password Requests to Plymouth Directory Watch.
[[0;32m  OK  [0m] Reached target Paths.
[[0;32m  OK  [0m] Reached target Local Encrypted Volumes.
[[0;32m  OK  [0m] Found device /dev/ttyS0.
[[0;32m  OK  [0m] Started udev Wait for Complete Device Initialization.
[[0;32m  OK  [0m] Listening on Load/Save RF Kill Switch Status /dev/rfkill Watch.
[[0;32m  OK  [0m] Reached target Local File Systems (Pre).
[[0;32m  OK  [0m] Reached target Local File Systems.
         Starting Tell Plymouth To Write Out Runtime Data...
         Starting Restore /run/initramfs on shutdown...
         Starting Create Volatile Files and Directories...
[[0;32m  OK  [0m] Started Tell Plymouth To Write Out Runtime Data.
[[0;32m  OK  [0m] Started Restore /run/initramfs on shutdown.
[[0;32m  OK  [0m] Started Create Volatile Files and Directories.
         Mounting RPC Pipe File System...
         Starting RPC Bind...
         Starting Security Auditing Service...
[[0;32m  OK  [0m] Mounted RPC Pipe File System.
[[0;32m  OK  [0m] Reached target rpc_pipefs.target.
[[0;32m  OK  [0m] Started RPC Bind.
[[0;32m  OK  [0m] Started Security Auditing Service.
         Starting Update UTMP about System Boot/Shutdown...
[[0;32m  OK  [0m] Started Update UTMP about System Boot/Shutdown.
[[0;32m  OK  [0m] Reached target System Initialization.
[[0;32m  OK  [0m] Listening on SSSD Kerberos Cache Manager responder socket.
[[0;32m  OK  [0m] Listening on D-Bus System Message Bus Socket.
[[0;32m  OK  [0m] Reached target Sockets.
[[0;32m  OK  [0m] Reached target Basic System.
         Starting NTP client/server...
[[0;32m  OK  [0m] Started D-Bus System Message Bus.
[[0;32m  OK  [0m] Started irqbalance daemon.
         Starting Auto-connect to subsystemsâ€¦-NVME devices found during boot...
         Starting Authorization Manager...
[[0;32m  OK  [0m] Started dnf makecache --timer.
         Starting Self Monitoring and Reporting Technology (SMART) Daemon...
[[0;32m  OK  [0m] Started daily update of the root trust anchor for DNSSEC.
         Starting Login Service...
         Starting Network Manager...
[[0;32m  OK  [0m] Started Daily Cleanup of Temporary Directories.
[[0;32m  OK  [0m] Reached target Timers.
[[0;32m  OK  [0m] Reached target sshd-keygen.target.
[[0;32m  OK  [0m] Started Machine Check Exception Logging Daemon.
[[0;32m  OK  [0m] Started Self Monitoring and Reporting Technology (SMART) Daemon.
[[0;32m  OK  [0m] Started Auto-connect to subsystems â€¦FC-NVME devices found during boot.
         Starting update of the root trust aâ€¦or DNSSEC validation in unbound...
[[0;32m  OK  [0m] Started Login Service.
[[0;32m  OK  [0m] Started NTP client/server.
[[0;32m  OK  [0m] Started Network Manager.
         Starting Network Manager Wait Online...
[[0;32m  OK  [0m] Reached target Network.
         Starting OpenSSH server daemon...
         Starting Dynamic System Tuning Daemon...
         Starting GSSAPI Proxy Daemon...
[[0;32m  OK  [0m] Started OpenSSH server daemon.
[[0;32m  OK  [0m] Started update of the root trust anâ€¦ for DNSSEC validation in unbound.
[[0;32m  OK  [0m] Started Authorization Manager.
         Starting Hostname Service...
[[0;32m  OK  [0m] Started GSSAPI Proxy Daemon.
[[0;32m  OK  [0m] Reached target NFS client services.
[[0;32m  OK  [0m] Reached target Remote File Systems (Pre).
[[0;32m  OK  [0m] Reached target Remote File Systems.
         Starting Permit User Sessions...
[[0;32m  OK  [0m] Started Permit User Sessions.
         Starting Terminate Plymouth Boot Screen...
         Starting Hold until boot process finishes up...
[[0;32m  OK  [0m] Started Command Scheduler.
[[0;32m  OK  [0m] Started Terminate Plymouth Boot Screen.
[[0;32m  OK  [0m] Started Hold until boot process finishes up.
[    5.675159] e1000: eth0 NIC Link is Up 1000 Mbps Full Duplex, Flow Control: RX
[    5.675891] IPv6: ADDRCONF(NETDEV_CHANGE): eth0: link becomes ready
[    5.837980] Spectre V2 : WARNING: Unprivileged eBPF is enabled with eIBRS on, data leaks possible via Spectre v2 BHB attacks!
[    5.838585] Spectre V2 : WARNING: Unprivileged eBPF is enabled with eIBRS on, data leaks possible via Spectre v2 BHB attacks!

CentOS Stream 8
Kernel 6.3.0-rc1-fe15c26ee26e-bd4f5d09cc93-revert+ on an x86_64

test login: [   24.718357] memfd_create() without MFD_EXEC nor MFD_NOEXEC_SEAL, pid=331 'systemd'
[   28.318386] loop0: detected capacity change from 0 to 65536
[   28.318914] XFS: ikeep mount option is deprecated.
[   28.320954] XFS (loop0): Mounting V5 Filesystem d408de26-55fb-48ab-a8ab-aacedb20f9dd
[   28.326038] XFS (loop0): Ending clean mount
[   28.326915] XFS (loop0): Quotacheck needed: Please wait.
[   28.328657] XFS (loop0): Metadata CRC error detected at xfs_agf_read_verify+0x10e/0x140, xfs_agf block 0x1 
[   28.329115] XFS (loop0): Unmount and run xfs_repair
[   28.329329] XFS (loop0): First 128 bytes of corrupted metadata buffer:
[   28.329600] 00000000: 58 41 47 46 00 00 00 01 00 00 00 00 00 00 40 00  XAGF..........@.
[   28.329927] 00000010: 00 00 00 02 00 00 00 03 00 00 00 00 00 00 00 01  ................
[   28.330253] 00000020: 00 00 00 01 00 00 00 00 00 00 01 00 00 00 00 04  ................
[   28.330581] 00000030: 00 00 00 04 00 00 3f ca 00 00 3f c7 00 00 00 00  ......?...?.....
[   28.330907] 00000040: d4 08 de 26 55 fb 48 ab a8 ab aa ce db 20 f9 dd  ...&U.H...... ..
[   28.331279] 00000050: 00 00 00 00 00 00 00 00 00 00 00 00 00 00 00 00  ................
[   28.331608] 00000060: 00 00 00 00 00 00 00 00 00 00 00 00 00 00 00 00  ................
[   28.331935] 00000070: 00 00 00 00 00 00 00 00 00 00 00 00 00 00 00 00  ................
[   28.332311] XFS (loop0): metadata I/O error in "xfs_read_agf+0xd0/0x2c0" at daddr 0x1 len 1 error 74
[   28.333488] XFS (loop0): Quotacheck: Unsuccessful (Error -117): Disabling quotas.
[   28.343071] XFS (loop0): Metadata CRC error detected at xfs_agf_read_verify+0x10e/0x140, xfs_agf block 0x1 
[   28.343496] XFS (loop0): Unmount and run xfs_repair
[   28.343699] XFS (loop0): First 128 bytes of corrupted metadata buffer:
[   28.343970] 00000000: 58 41 47 46 00 00 00 01 00 00 00 00 00 00 40 00  XAGF..........@.
[   28.344312] 00000010: 00 00 00 02 00 00 00 03 00 00 00 00 00 00 00 01  ................
[   28.344642] 00000020: 00 00 00 01 00 00 00 00 00 00 01 00 00 00 00 04  ................
[   28.344970] 00000030: 00 00 00 04 00 00 3f ca 00 00 3f c7 00 00 00 00  ......?...?.....
[   28.345301] 00000040: d4 08 de 26 55 fb 48 ab a8 ab aa ce db 20 f9 dd  ...&U.H...... ..
[   28.345629] 00000050: 00 00 00 00 00 00 00 00 00 00 00 00 00 00 00 00  ................
[   28.345956] 00000060: 00 00 00 00 00 00 00 00 00 00 00 00 00 00 00 00  ................
[   28.346284] 00000070: 00 00 00 00 00 00 00 00 00 00 00 00 00 00 00 00  ................
[   28.346716] XFS (loop0): metadata I/O error in "xfs_read_agf+0xd0/0x2c0" at daddr 0x1 len 1 error 74
[   28.347158] BUG: kernel NULL pointer dereference, address: 0000000000000010
[   28.347440] #PF: supervisor write access in kernel mode
[   28.347656] #PF: error_code(0x0002) - not-present page
[   28.347868] PGD d679067 P4D d679067 PUD d788067 PMD 0 
[   28.348090] Oops: 0002 [#1] PREEMPT SMP NOPTI
[   28.348279] CPU: 1 PID: 529 Comm: repro Not tainted 6.3.0-rc1-fe15c26ee26e-bd4f5d09cc93-revert+ #1
[   28.348646] Hardware name: QEMU Standard PC (i440FX + PIIX, 1996), BIOS rel-1.16.0-0-gd239552ce722-prebuilt.qemu.org 04/01/2014
[   28.349103] RIP: 0010:xfs_perag_rele+0x52/0x210
[   28.349299] Code: 80 06 61 7e 89 c0 48 0f a3 05 ca 6d 84 02 41 0f 92 c4 31 ff 44 89 e6 e8 5c ca 8b ff 45 84 e4 0f 85 e2 00 00 00 e8 ee c8 8b ff <f0> ff 4b 10 41 0f 94 c4 31 ff 44 89 e6 e8 3c ca 8b ff 45 84 e4 0f
[   28.350041] RSP: 0018:ffffc90000ecb568 EFLAGS: 00010246
[   28.350259] RAX: 0000000000000000 RBX: 0000000000000000 RCX: ffffffff81a24392
[   28.350550] RDX: 0000000000000000 RSI: ffff888013d60000 RDI: 0000000000000002
[   28.350843] RBP: ffffc90000ecb580 R08: 0000000000000001 R09: 0000000000000001
[   28.351137] R10: 0000000000000001 R11: ffff888013d60d01 R12: 0000000000000001
[   28.351430] R13: ffffffff81a4d9e5 R14: 0000000000000000 R15: 0000000000000000
[   28.351722] FS:  00007f24c6d48740(0000) GS:ffff88807dd00000(0000) knlGS:0000000000000000
[   28.352050] CS:  0010 DS: 0000 ES: 0000 CR0: 0000000080050033
[   28.352291] CR2: 0000000000000010 CR3: 000000000d7c0003 CR4: 0000000000770ee0
[   28.352584] PKRU: 55555554
[   28.352702] Call Trace:
[   28.352808]  <TASK>
[   28.352903]  xfs_bmap_btalloc+0xb75/0xb90
[   28.353082]  xfs_bmapi_allocate+0x25b/0x5e0
[   28.353262]  ? __sanitizer_cov_trace_pc+0x25/0x60
[   28.353471]  xfs_bmapi_convert_delalloc+0x335/0x6c0
[   28.353688]  xfs_map_blocks+0x2ff/0x8a0
[   28.353858]  iomap_do_writepage+0x43f/0x1070
[   28.354052]  write_cache_pages+0x2b8/0x8a0
[   28.354232]  ? __pfx_iomap_do_writepage+0x10/0x10
[   28.354436]  ? lockdep_hardirqs_off+0xa1/0xf0
[   28.354632]  ? lock_is_held_type+0xe6/0x140
[   28.354816]  ? xfs_vm_writepages+0x82/0xe0
[   28.354998]  ? __this_cpu_preempt_check+0x20/0x30
[   28.355206]  iomap_writepages+0x3e/0x80
[   28.355376]  xfs_vm_writepages+0x97/0xe0
[   28.355555]  ? __pfx_xfs_vm_writepages+0x10/0x10
[   28.355758]  do_writepages+0x10f/0x240
[   28.355925]  ? __sanitizer_cov_trace_pc+0x25/0x60
[   28.356133]  filemap_fdatawrite_wbc+0xa4/0xe0
[   28.356329]  __filemap_fdatawrite_range+0x75/0xa0
[   28.356536]  file_write_and_wait_range+0x95/0xf0
[   28.356736]  xfs_file_fsync+0xa6/0x560
[   28.356899]  ? __pfx_xfs_file_fsync+0x10/0x10
[   28.357086]  vfs_fsync_range+0x64/0x100
[   28.357256]  xfs_file_buffered_write+0x510/0x570
[   28.357455]  ? write_comp_data+0x2f/0x90
[   28.357632]  xfs_file_write_iter+0x1db/0x260
[   28.357819]  vfs_write+0x577/0x7c0
[   28.357976]  ksys_write+0x9f/0x170
[   28.358132]  __x64_sys_write+0x27/0x30
[   28.358299]  do_syscall_64+0x3b/0x90
[   28.358459]  entry_SYSCALL_64_after_hwframe+0x72/0xdc
[   28.358675] RIP: 0033:0x7f24c6e6d59d
[   28.358830] Code: 00 c3 66 2e 0f 1f 84 00 00 00 00 00 90 f3 0f 1e fa 48 89 f8 48 89 f7 48 89 d6 48 89 ca 4d 89 c2 4d 89 c8 4c 8b 4c 24 08 0f 05 <48> 3d 01 f0 ff ff 73 01 c3 48 8b 0d d3 08 0d 00 f7 d8 64 89 01 48
[   28.359570] RSP: 002b:00007fff15c0b308 EFLAGS: 00000217 ORIG_RAX: 0000000000000001
[   28.359879] RAX: ffffffffffffffda RBX: 0000000000000000 RCX: 00007f24c6e6d59d
[   28.360170] RDX: 0000000000000007 RSI: 0000000020000040 RDI: 0000000000000004
[   28.360577] RBP: 00007fff15c0b320 R08: 0000000000000010 R09: 0000000000000010
[   28.360864] R10: 0000000000000000 R11: 0000000000000217 R12: 00000000004012c0
[   28.361151] R13: 00007fff15c0b460 R14: 0000000000000000 R15: 0000000000000000
[   28.361445]  </TASK>
[   28.361542] Modules linked in:
[   28.361674] CR2: 0000000000000010
[   28.361815] ---[ end trace 0000000000000000 ]---
[   28.362005] RIP: 0010:xfs_perag_rele+0x52/0x210
[   28.362201] Code: 80 06 61 7e 89 c0 48 0f a3 05 ca 6d 84 02 41 0f 92 c4 31 ff 44 89 e6 e8 5c ca 8b ff 45 84 e4 0f 85 e2 00 00 00 e8 ee c8 8b ff <f0> ff 4b 10 41 0f 94 c4 31 ff 44 89 e6 e8 3c ca 8b ff 45 84 e4 0f
[   28.362935] RSP: 0018:ffffc90000ecb568 EFLAGS: 00010246
[   28.363155] RAX: 0000000000000000 RBX: 0000000000000000 RCX: ffffffff81a24392
[   28.363444] RDX: 0000000000000000 RSI: ffff888013d60000 RDI: 0000000000000002
[   28.363727] RBP: ffffc90000ecb580 R08: 0000000000000001 R09: 0000000000000001
[   28.364010] R10: 0000000000000001 R11: ffff888013d60d01 R12: 0000000000000001
[   28.364297] R13: ffffffff81a4d9e5 R14: 0000000000000000 R15: 0000000000000000
[   28.364588] FS:  00007f24c6d48740(0000) GS:ffff88807dd00000(0000) knlGS:0000000000000000
[   28.364908] CS:  0010 DS: 0000 ES: 0000 CR0: 0000000080050033
[   28.365140] CR2: 0000000000000010 CR3: 000000000d7c0003 CR4: 0000000000770ee0
[   28.365424] PKRU: 55555554
[   28.365540] note: repro[529] exited with irqs disabled
