c[?7l[2J[0mSeaBIOS (version rel-1.16.0-0-gd239552ce722-prebuilt.qemu.org)


iPXE (http://ipxe.org) 00:03.0 CA00 PCI2.10 PnP PMM+7FF91000+7FEF1000 CA00
Press Ctrl-B to configure iPXE (PCI 00:03.0)...                                                                               


Booting from ROM..c[?7l[2J[    0.000000] Linux version 6.2.0-rc8-675f176b4dcc+ (root@p-tglh01.sh.intel.com) (gcc (GCC) 8.5.0 20210514 (Red Hat 8.5.0-19), GNU ld version 2.36.1-2.el8) #1 SMP PREEMPT_DYNAMIC Tue Sep 12 13:29:52 CST 2023
[    0.000000] Command line: console=ttyS0 root=/dev/sda earlyprintk=serial net.ifnames=0 quiet plymouth.enable=0
[    0.000000] KERNEL supported cpus:
[    0.000000]   Intel GenuineIntel
[    0.000000]   AMD AuthenticAMD
[    0.000000]   Hygon HygonGenuine
[    0.000000]   Centaur CentaurHauls
[    0.000000]   zhaoxin   Shanghai  
[    0.000000] x86/fpu: Supporting XSAVE feature 0x001: 'x87 floating point registers'
[    0.000000] x86/fpu: Supporting XSAVE feature 0x002: 'SSE registers'
[    0.000000] x86/fpu: Supporting XSAVE feature 0x004: 'AVX registers'
[    0.000000] x86/fpu: Supporting XSAVE feature 0x020: 'AVX-512 opmask'
[    0.000000] x86/fpu: Supporting XSAVE feature 0x040: 'AVX-512 Hi256'
[    0.000000] x86/fpu: Supporting XSAVE feature 0x080: 'AVX-512 ZMM_Hi256'
[    0.000000] x86/fpu: Supporting XSAVE feature 0x200: 'Protection Keys User registers'
[    0.000000] x86/fpu: xstate_offset[2]:  576, xstate_sizes[2]:  256
[    0.000000] x86/fpu: xstate_offset[5]:  832, xstate_sizes[5]:   64
[    0.000000] x86/fpu: xstate_offset[6]:  896, xstate_sizes[6]:  512
[    0.000000] x86/fpu: xstate_offset[7]: 1408, xstate_sizes[7]: 1024
[    0.000000] x86/fpu: xstate_offset[9]: 2432, xstate_sizes[9]:    8
[    0.000000] x86/fpu: Enabled xstate features 0x2e7, context size is 2440 bytes, using 'compacted' format.
[    0.000000] signal: max sigframe size: 3632
[    0.000000] BIOS-provided physical RAM map:
[    0.000000] BIOS-e820: [mem 0x0000000000000000-0x000000000009fbff] usable
[    0.000000] BIOS-e820: [mem 0x000000000009fc00-0x000000000009ffff] reserved
[    0.000000] BIOS-e820: [mem 0x00000000000f0000-0x00000000000fffff] reserved
[    0.000000] BIOS-e820: [mem 0x0000000000100000-0x000000007ffdffff] usable
[    0.000000] BIOS-e820: [mem 0x000000007ffe0000-0x000000007fffffff] reserved
[    0.000000] BIOS-e820: [mem 0x00000000feffc000-0x00000000feffffff] reserved
[    0.000000] BIOS-e820: [mem 0x00000000fffc0000-0x00000000ffffffff] reserved
[    0.000000] printk: bootconsole [earlyser0] enabled
[    0.176781] Spectre V2 : WARNING: Unprivileged eBPF is enabled with eIBRS on, data leaks possible via Spectre v2 BHB attacks!
[    5.978700] systemd[1]: Failed to start Load Kernel Modules.
[[0;1;31mFAILED[0m] Failed to start [0;1;39mLoad Kernel Modules[0m.

CentOS Stream 9
Kernel 6.2.0-rc8-675f176b4dcc+ on an x86_64

Activate the web console with: systemctl enable --now cockpit.socket

test login: [   23.843280] general protection fault, probably for non-canonical address 0xdffffc0000000000: 0000 [#1] PREEMPT SMP KASAN NOPTI
[   23.844128] KASAN: null-ptr-deref in range [0x0000000000000000-0x0000000000000007]
[   23.844567] CPU: 0 PID: 719 Comm: repro Not tainted 6.2.0-rc8-675f176b4dcc+ #1
[   23.845008] Hardware name: QEMU Standard PC (i440FX + PIIX, 1996), BIOS rel-1.16.0-0-gd239552ce722-prebuilt.qemu.org 04/01/2014
[   23.845652] RIP: 0010:bpf_prog_offload_verifier_prep+0xb6/0x190
[   23.846030] Code: 00 fc ff df 48 89 fa 48 c1 ea 03 80 3c 02 00 0f 85 ae 00 00 00 48 b8 00 00 00 00 00 fc ff df 4c 8b 6b 10 4c 89 ea 48 c1 ea 03 <80> 3c 02 00 0f 85 a3 00 00 00 48 b8 00 00 00 00 00 fc ff df 4d 8b
[   23.847078] RSP: 0018:ffff8880111ff638 EFLAGS: 00010246
[   23.847385] RAX: dffffc0000000000 RBX: ffff88801cead180 RCX: ffffffff8530b26a
[   23.847803] RDX: 0000000000000000 RSI: ffff888014525500 RDI: ffff88801cead190
[   23.848221] RBP: ffff8880111ff650 R08: fffffbfff0d3680e R09: fffffbfff0d3680e
[   23.848627] R10: ffffffff869b406f R11: fffffbfff0d3680d R12: ffffc9000097c000
[   23.849051] R13: 0000000000000000 R14: ffffc9000097c004 R15: ffffc9000097c038
[   23.849480] FS:  00007f48a183f740(0000) GS:ffff88806cc00000(0000) knlGS:0000000000000000
[   23.849948] CS:  0010 DS: 0000 ES: 0000 CR0: 0000000080050033
[   23.850296] CR2: 0000000020000440 CR3: 00000000137a2003 CR4: 0000000000770ef0
[   23.850716] PKRU: 55555554
[   23.850881] Call Trace:
[   23.851034]  <TASK>
[   23.851169]  bpf_check+0x5134/0xb110
[   23.851411]  ? lock_is_held_type+0xe6/0x140
[   23.851687]  ? __pfx_bpf_check+0x10/0x10
[   23.851932]  ? lock_is_held_type+0xe6/0x140
[   23.852188]  ? rcu_lockdep_current_cpu_online+0x4b/0x160
[   23.852530]  ? rcu_read_lock_sched_held+0xa9/0xd0
[   23.852833]  ? __pfx_rcu_read_lock_sched_held+0x10/0x10
[   23.853156]  ? __this_cpu_preempt_check+0x20/0x30
[   23.853460]  ? lock_release+0x3f8/0x7d0
[   23.853701]  ? bpf_prog_load+0xfaf/0x2240
[   23.853948]  ? __pfx_lock_release+0x10/0x10
[   23.854206]  ? ktime_get_with_offset+0x24a/0x290
[   23.854500]  ? bpf_prog_load+0xfaf/0x2240
[   23.854753]  ? __sanitizer_cov_trace_pc+0x25/0x60
[   23.855050]  bpf_prog_load+0x10a6/0x2240
[   23.855290]  ? bpf_prog_load+0x10a6/0x2240
[   23.855561]  ? __pfx_bpf_prog_load+0x10/0x10
[   23.855825]  ? rcu_read_lock_sched_held+0xa9/0xd0
[   23.856118]  ? __this_cpu_preempt_check+0x20/0x30
[   23.856403]  ? lock_release+0x3f8/0x7d0
[   23.856653]  ? __this_cpu_preempt_check+0x20/0x30
[   23.856947]  ? __might_fault+0xf6/0x1b0
[   23.857186]  ? __pfx_lock_release+0x10/0x10
[   23.857444]  ? __pfx_lock_acquire+0x10/0x10
[   23.857720]  ? write_comp_data+0x2f/0x90
[   23.857972]  __sys_bpf+0x1e2b/0x6170
[   23.858195]  ? write_comp_data+0x2f/0x90
[   23.858447]  ? __pfx___sys_bpf+0x10/0x10
[   23.858701]  ? __lock_acquire+0x18a1/0x55d0
[   23.858965]  ? __this_cpu_preempt_check+0x20/0x30
[   23.859254]  ? lock_is_held_type+0xe6/0x140
[   23.859509]  ? rcu_lockdep_current_cpu_online+0x4b/0x160
[   23.859855]  ? rcu_read_lock_sched_held+0xa9/0xd0
[   23.860148]  ? __pfx_rcu_read_lock_sched_held+0x10/0x10
[   23.860472]  ? __this_cpu_preempt_check+0x20/0x30
[   23.860766]  ? lock_release+0x3f8/0x7d0
[   23.861017]  ? __audit_syscall_entry+0x3df/0x550
[   23.861303]  ? __pfx_lock_release+0x10/0x10
[   23.861563]  ? ktime_get_coarse_real_ts64+0x181/0x1b0
[   23.861881]  ? __audit_syscall_entry+0x3df/0x550
[   23.862165]  ? __this_cpu_preempt_check+0x20/0x30
[   23.862453]  ? write_comp_data+0x2f/0x90
[   23.862715]  __x64_sys_bpf+0x7e/0xc0
[   23.862950]  ? syscall_enter_from_user_mode+0x51/0x60
[   23.863257]  do_syscall_64+0x3b/0x90
[   23.863483]  entry_SYSCALL_64_after_hwframe+0x72/0xdc
[   23.863800] RIP: 0033:0x7f48a163ee5d
[   23.864033] Code: ff c3 66 2e 0f 1f 84 00 00 00 00 00 90 f3 0f 1e fa 48 89 f8 48 89 f7 48 89 d6 48 89 ca 4d 89 c2 4d 89 c8 4c 8b 4c 24 08 0f 05 <48> 3d 01 f0 ff ff 73 01 c3 48 8b 0d 93 af 1b 00 f7 d8 64 89 01 48
[   23.865123] RSP: 002b:00007ffc462df3e8 EFLAGS: 00000202 ORIG_RAX: 0000000000000141
[   23.865569] RAX: ffffffffffffffda RBX: 0000000000000000 RCX: 00007f48a163ee5d
[   23.865985] RDX: 0000000000000090 RSI: 0000000020000380 RDI: 0000000000000005
[   23.866413] RBP: 00007ffc462df400 R08: 00007ffc462df400 R09: 00007ffc462df400
[   23.866830] R10: 00007ffc462df400 R11: 0000000000000202 R12: 00007ffc462df578
[   23.867257] R13: 0000000000402bf3 R14: 0000000000404e08 R15: 00007f48a1884000
[   23.867687]  </TASK>
[   23.867827] Modules linked in:
[   23.868112] ---[ end trace 0000000000000000 ]---
[   23.868541] RIP: 0010:bpf_prog_offload_verifier_prep+0xb6/0x190
[   23.869122] Code: 00 fc ff df 48 89 fa 48 c1 ea 03 80 3c 02 00 0f 85 ae 00 00 00 48 b8 00 00 00 00 00 fc ff df 4c 8b 6b 10 4c 89 ea 48 c1 ea 03 <80> 3c 02 00 0f 85 a3 00 00 00 48 b8 00 00 00 00 00 fc ff df 4d 8b
[   23.870759] RSP: 0018:ffff8880111ff638 EFLAGS: 00010246
[   23.871248] RAX: dffffc0000000000 RBX: ffff88801cead180 RCX: ffffffff8530b26a
[   23.871905] RDX: 0000000000000000 RSI: ffff888014525500 RDI: ffff88801cead190
[   23.872559] RBP: ffff8880111ff650 R08: fffffbfff0d3680e R09: fffffbfff0d3680e
[   23.873214] R10: ffffffff869b406f R11: fffffbfff0d3680d R12: ffffc9000097c000
[   23.873710] R13: 0000000000000000 R14: ffffc9000097c004 R15: ffffc9000097c038
[   23.874128] FS:  00007f48a183f740(0000) GS:ffff88806cc00000(0000) knlGS:0000000000000000
[   23.874615] CS:  0010 DS: 0000 ES: 0000 CR0: 0000000080050033
[   23.874956] CR2: 0000000020000440 CR3: 00000000137a2003 CR4: 0000000000770ef0
[   23.875384] PKRU: 55555554
