c[?7l[2J[0mSeaBIOS (version rel-1.16.0-0-gd239552ce722-prebuilt.qemu.org)


iPXE (http://ipxe.org) 00:03.0 CA00 PCI2.10 PnP PMM+7FF91000+7FEF1000 CA00
Press Ctrl-B to configure iPXE (PCI 00:03.0)...                                                                               


Booting from ROM...
c[?7l[2J[    0.000000] Linux version 6.4.0-18c9901d7435+ (root@p-rplp02) (gcc (GCC) 8.5.0 20210514 (Red Hat 8.5.0-19), GNU ld version 2.36.1-2.el8) #1 SMP PREEMPT_DYNAMIC Sun Jul 30 17:58:14 CST 2023
[    0.000000] Command line: console=ttyS0 root=/dev/sda earlyprintk=serial net.ifnames=0 quiet plymouth.enable=0
[    0.000000] KERNEL supported cpus:
[    0.000000]   Intel GenuineIntel
[    0.000000]   AMD AuthenticAMD
[    0.000000]   Hygon HygonGenuine
[    0.000000]   Centaur CentaurHauls
[    0.000000]   zhaoxin   Shanghai  
[    0.000000] BIOS-provided physical RAM map:
[    0.000000] BIOS-e820: [mem 0x0000000000000000-0x000000000009fbff] usable
[    0.000000] BIOS-e820: [mem 0x000000000009fc00-0x000000000009ffff] reserved
[    0.000000] BIOS-e820: [mem 0x00000000000f0000-0x00000000000fffff] reserved
[    0.000000] BIOS-e820: [mem 0x0000000000100000-0x000000007ffdffff] usable
[    0.000000] BIOS-e820: [mem 0x000000007ffe0000-0x000000007fffffff] reserved
[    0.000000] BIOS-e820: [mem 0x00000000feffc000-0x00000000feffffff] reserved
[    0.000000] BIOS-e820: [mem 0x00000000fffc0000-0x00000000ffffffff] reserved
[    0.000000] printk: bootconsole [earlyser0] enabled
[    0.909532] Spectre V2 : WARNING: Unprivileged eBPF is enabled with eIBRS on, data leaks possible via Spectre v2 BHB attacks!
[   10.771818] systemd[1]: Failed to start Load Kernel Modules.
[[0;1;31mFAILED[0m] Failed to start [0;1;39mLoad Kernel Modules[0m.

CentOS Stream 9
Kernel 6.4.0-18c9901d7435+ on an x86_64

Activate the web console with: systemctl enable --now cockpit.socket

test login: [   36.572171] ------------[ cut here ]------------
[   36.573232] WARNING: CPU: 1 PID: 726 at fs/ext4/file.c:611 ext4_file_write_iter+0x135a/0x17f0
[   36.574573] Modules linked in:
[   36.575150] CPU: 1 PID: 726 Comm: repro Not tainted 6.4.0-18c9901d7435+ #1
[   36.576130] Hardware name: QEMU Standard PC (i440FX + PIIX, 1996), BIOS rel-1.16.0-0-gd239552ce722-prebuilt.qemu.org 04/01/2014
[   36.577859] RIP: 0010:ext4_file_write_iter+0x135a/0x17f0
[   36.578719] Code: 02 84 c0 74 08 3c 03 0f 8e 32 04 00 00 41 8b 5f 20 31 ff 83 e3 08 89 de e8 e3 f8 65 ff 85 db 0f 85 07 fd ff ff e8 f6 f6 65 ff <0f> 0b e9 fb fc ff ff e8 ea f6 65 ff 48 8b 8d 18 ff ff ff 4c 89 f2
[   36.581356] RSP: 0018:ffff888012787c00 EFLAGS: 00010246
[   36.582168] RAX: 0000000000000000 RBX: 0000000000000000 RCX: ffffffff81f8412d
[   36.583211] RDX: 0000000000000000 RSI: ffff888016d60000 RDI: 0000000000000002
[   36.584232] RBP: ffff888012787d08 R08: 0000000000000001 R09: fffffbfff12f6bdd
[   36.585930] R10: 0000000000000001 R11: ffffffff897b5ee7 R12: 0000000000000001
[   36.586991] R13: 0000000000000000 R14: fffffffffffffff5 R15: ffff888012787dd0
[   36.587996] FS:  00007f14cdbfc640(0000) GS:ffff88806cb00000(0000) knlGS:0000000000000000
[   36.589232] CS:  0010 DS: 0000 ES: 0000 CR0: 0000000080050033
[   36.590090] CR2: 00007f14cde32020 CR3: 0000000012d54000 CR4: 0000000000750ee0
[   36.591137] PKRU: 55555554
[   36.591565] Call Trace:
[   36.591953]  <TASK>
[   36.592333]  ? show_regs+0x66/0x70
[   36.592916]  ? __warn+0xef/0x340
[   36.593576]  ? ext4_file_write_iter+0x135a/0x17f0
[   36.594299]  ? report_bug+0x360/0x570
[   36.594990]  ? handle_bug+0x48/0x80
[   36.595566]  ? exc_invalid_op+0x1c/0x50
[   36.596164]  ? asm_exc_invalid_op+0x1f/0x30
[   36.596871]  ? ext4_file_write_iter+0x134d/0x17f0
[   36.597691]  ? ext4_file_write_iter+0x135a/0x17f0
[   36.598445]  ? __pfx_ext4_file_write_iter+0x10/0x10
[   36.599205]  ? write_comp_data+0x2f/0x90
[   36.599861]  ? __sanitizer_cov_trace_pc+0x25/0x60
[   36.600596]  vfs_write+0xa3c/0xe90
[   36.601296]  ? __pfx_vfs_write+0x10/0x10
[   36.601934]  ? __fget_files+0x267/0x440
[   36.602608]  ? write_comp_data+0x2f/0x90
[   36.603223]  ksys_write+0x13a/0x270
[   36.603795]  ? __pfx_ksys_write+0x10/0x10
[   36.604429]  __x64_sys_write+0x7c/0xc0
[   36.605161]  ? syscall_enter_from_user_mode+0x51/0x60
[   36.605958]  do_syscall_64+0x3b/0x90
[   36.606561]  entry_SYSCALL_64_after_hwframe+0x6e/0xd8
[   36.607314] RIP: 0033:0x7f14cdc3ee5d
[   36.607890] Code: ff c3 66 2e 0f 1f 84 00 00 00 00 00 90 f3 0f 1e fa 48 89 f8 48 89 f7 48 89 d6 48 89 ca 4d 89 c2 4d 89 c8 4c 8b 4c 24 08 0f 05 <48> 3d 01 f0 ff ff 73 01 c3 48 8b 0d 93 af 1b 00 f7 d8 64 89 01 48
[   36.610525] RSP: 002b:00007f14cdbfbdd8 EFLAGS: 00000283 ORIG_RAX: 0000000000000001
[   36.611640] RAX: ffffffffffffffda RBX: 00007f14cdbfc640 RCX: 00007f14cdc3ee5d
[   36.612640] RDX: 00000000fffffdef RSI: 0000000020000000 RDI: 0000000000000005
[   36.613747] RBP: 00007f14cdbfbe20 R08: 0000000000000000 R09: 0000000000000000
[   36.614795] R10: 0000000000000000 R11: 0000000000000283 R12: 00007f14cdbfc640
[   36.615790] R13: 0000000000000000 R14: 00007f14cdc9f560 R15: 0000000000000000
[   36.616852]  </TASK>
[   36.617358] irq event stamp: 10033
[   36.617915] hardirqs last  enabled at (10041): [<ffffffff813fe4c1>] __up_console_sem+0x91/0xb0
[   36.619246] hardirqs last disabled at (10048): [<ffffffff813fe4a6>] __up_console_sem+0x76/0xb0
[   36.620511] softirqs last  enabled at (9638): [<ffffffff85427685>] __do_softirq+0x4f5/0x77c
[   36.621856] softirqs last disabled at (9633): [<ffffffff81251781>] irq_exit_rcu+0xc1/0x110
[   36.623130] ---[ end trace 0000000000000000 ]---
