c[?7l[2J[0mSeaBIOS (version rel-1.16.0-0-gd239552ce722-prebuilt.qemu.org)


iPXE (http://ipxe.org) 00:03.0 CA00 PCI2.10 PnP PMM+7FF91000+7FEF1000 CA00
Press Ctrl-B to configure iPXE (PCI 00:03.0)...                                                                               


Booting from ROM...
c[?7l[2J[    0.000000] Linux version 6.4.0-rc5-2ef6c32a914b+ (root@p-rplp02) (gcc (GCC) 8.5.0 20210514 (Red Hat 8.5.0-19), GNU ld version 2.36.1-2.el8) #1 SMP PREEMPT_DYNAMIC Sun Jul 30 19:17:46 CST 2023
[    0.000000] Command line: console=ttyS0 root=/dev/sda earlyprintk=serial net.ifnames=0 quiet plymouth.enable=0
[    0.000000] KERNEL supported cpus:
[    0.000000]   Intel GenuineIntel
[    0.000000]   AMD AuthenticAMD
[    0.000000]   Hygon HygonGenuine
[    0.000000]   Centaur CentaurHauls
[    0.000000]   zhaoxin   Shanghai  
[    0.000000] x86/fpu: Supporting XSAVE feature 0x001: 'x87 floating point registers'
[    0.000000] x86/fpu: Supporting XSAVE feature 0x002: 'SSE registers'
[    0.000000] x86/fpu: Supporting XSAVE feature 0x004: 'AVX registers'
[    0.000000] x86/fpu: Supporting XSAVE feature 0x200: 'Protection Keys User registers'
[    0.000000] x86/fpu: xstate_offset[2]:  576, xstate_sizes[2]:  256
[    0.000000] x86/fpu: xstate_offset[9]:  832, xstate_sizes[9]:    8
[    0.000000] x86/fpu: Enabled xstate features 0x207, context size is 840 bytes, using 'compacted' format.
[    0.000000] signal: max sigframe size: 3632
[    0.000000] BIOS-provided physical RAM map:
[    0.000000] BIOS-e820: [mem 0x0000000000000000-0x000000000009fbff] usable
[    0.000000] BIOS-e820: [mem 0x000000000009fc00-0x000000000009ffff] reserved
[    0.000000] BIOS-e820: [mem 0x00000000000f0000-0x00000000000fffff] reserved
[    0.000000] BIOS-e820: [mem 0x0000000000100000-0x000000007ffdffff] usable
[    0.000000] BIOS-e820: [mem 0x000000007ffe0000-0x000000007fffffff] reserved
[    0.000000] BIOS-e820: [mem 0x00000000feffc000-0x00000000feffffff] reserved
[    0.000000] BIOS-e820: [mem 0x00000000fffc0000-0x00000000ffffffff] reserved
[    0.000000] printk: bootconsole [earlyser0] enabled
[    0.674204] Spectre V2 : WARNING: Unprivileged eBPF is enabled with eIBRS on, data leaks possible via Spectre v2 BHB attacks!
[   12.569645] systemd[1]: Failed to start Load Kernel Modules.
[[0;1;31mFAILED[0m] Failed to start [0;1;39mLoad Kernel Modules[0m.

CentOS Stream 9
Kernel 6.4.0-rc5-2ef6c32a914b+ on an x86_64

Activate the web console with: systemctl enable --now cockpit.socket

test login: [   40.901389] ------------[ cut here ]------------
[   40.902158] WARNING: CPU: 0 PID: 771 at fs/ext4/file.c:605 ext4_file_write_iter+0x1342/0x17d0
[   40.903374] Modules linked in:
[   40.903828] CPU: 0 PID: 771 Comm: repro Not tainted 6.4.0-rc5-2ef6c32a914b+ #1
[   40.904819] Hardware name: QEMU Standard PC (i440FX + PIIX, 1996), BIOS rel-1.16.0-0-gd239552ce722-prebuilt.qemu.org 04/01/2014
[   40.906403] RIP: 0010:ext4_file_write_iter+0x1342/0x17d0
[   40.907203] Code: 02 84 c0 74 08 3c 03 0f 8e 32 04 00 00 41 8b 5f 20 31 ff 83 e3 08 89 de e8 1b a0 65 ff 85 db 0f 85 07 fd ff ff e8 2e 9e 65 ff <0f> 0b e9 fb fc ff ff e8 22 9e 65 ff 48 8b 8d 18 ff ff ff 4c 89 f2
[   40.909686] RSP: 0018:ffff88802483fc08 EFLAGS: 00010246
[   40.910437] RAX: 0000000000000000 RBX: 0000000000000000 RCX: ffffffff81f85a15
[   40.911381] RDX: 0000000000000000 RSI: ffff888010160000 RDI: 0000000000000002
[   40.912311] RBP: ffff88802483fd10 R08: 0000000000000001 R09: fffffbfff12b325d
[   40.913302] R10: 0000000000000001 R11: fffffbfff12b325c R12: 0000000000000001
[   40.914259] R13: 0000000000000000 R14: fffffffffffffff5 R15: ffff88802483fdd0
[   40.915204] FS:  00007f364637e640(0000) GS:ffff88806ca00000(0000) knlGS:0000000000000000
[   40.916252] CS:  0010 DS: 0000 ES: 0000 CR0: 0000000080050033
[   40.917081] CR2: 00007f36462f9ef8 CR3: 000000000adbe000 CR4: 0000000000750ef0
[   40.918048] PKRU: 55555554
[   40.918435] Call Trace:
[   40.918781]  <TASK>
[   40.919091]  ? show_regs+0x66/0x70
[   40.919623]  ? __warn+0xef/0x340
[   40.920094]  ? ext4_file_write_iter+0x1342/0x17d0
[   40.920772]  ? report_bug+0x360/0x570
[   40.921405]  ? handle_bug+0x48/0x80
[   40.921929]  ? exc_invalid_op+0x1c/0x50
[   40.922487]  ? asm_exc_invalid_op+0x1f/0x30
[   40.923136]  ? ext4_file_write_iter+0x1335/0x17d0
[   40.923796]  ? ext4_file_write_iter+0x1342/0x17d0
[   40.924449]  ? ext4_file_write_iter+0x1342/0x17d0
[   40.925207]  ? __pfx_ext4_file_write_iter+0x10/0x10
[   40.925919]  ? write_comp_data+0x2f/0x90
[   40.926517]  ? __sanitizer_cov_trace_pc+0x25/0x60
[   40.927187]  vfs_write+0x87c/0xe40
[   40.927719]  ? __pfx_vfs_write+0x10/0x10
[   40.928276]  ? __fget_files+0x270/0x440
[   40.928926]  ? write_comp_data+0x2f/0x90
[   40.929525]  ksys_write+0x143/0x280
[   40.930067]  ? __pfx_ksys_write+0x10/0x10
[   40.930660]  __x64_sys_write+0x7c/0xc0
[   40.931194]  ? syscall_enter_from_user_mode+0x51/0x60
[   40.931924]  do_syscall_64+0x3b/0x90
[   40.932447]  entry_SYSCALL_64_after_hwframe+0x72/0xdc
[   40.933220] RIP: 0033:0x7f364603ee5d
[   40.933763] Code: ff c3 66 2e 0f 1f 84 00 00 00 00 00 90 f3 0f 1e fa 48 89 f8 48 89 f7 48 89 d6 48 89 ca 4d 89 c2 4d 89 c8 4c 8b 4c 24 08 0f 05 <48> 3d 01 f0 ff ff 73 01 c3 48 8b 0d 93 af 1b 00 f7 d8 64 89 01 48
[   40.936163] RSP: 002b:00007f364637ddd8 EFLAGS: 00000283 ORIG_RAX: 0000000000000001
[   40.937257] RAX: ffffffffffffffda RBX: 00007f364637e640 RCX: 00007f364603ee5d
[   40.938217] RDX: 00000000fffffdef RSI: 0000000020000000 RDI: 0000000000000005
[   40.939165] RBP: 00007f364637de20 R08: 0000000000000000 R09: 0000000000000000
[   40.940133] R10: 0000000000000000 R11: 0000000000000283 R12: 00007f364637e640
[   40.941165] R13: 0000000000000000 R14: 00007f364609f560 R15: 0000000000000000
[   40.942190]  </TASK>
[   40.942553] irq event stamp: 2685
[   40.943039] hardirqs last  enabled at (2693): [<ffffffff813fd441>] __up_console_sem+0x91/0xb0
[   40.944223] hardirqs last disabled at (2700): [<ffffffff813fd426>] __up_console_sem+0x76/0xb0
[   40.945458] softirqs last  enabled at (2302): [<ffffffff853cf2e5>] __do_softirq+0x4f5/0x77c
[   40.946651] softirqs last disabled at (2297): [<ffffffff812500b5>] irq_exit_rcu+0xe5/0x130
[   40.947818] ---[ end trace 0000000000000000 ]---
