c[?7l[2J[0mSeaBIOS (version rel-1.16.0-0-gd239552ce722-prebuilt.qemu.org)


iPXE (http://ipxe.org) 00:03.0 CA00 PCI2.10 PnP PMM+7FF91000+7FEF1000 CA00
Press Ctrl-B to configure iPXE (PCI 00:03.0)...                                                                               


Booting from ROM...
c[?7l[2J[    0.000000] Linux version 6.4.0-rc5-310ee0902b8d+ (root@p-rplp02) (gcc (GCC) 8.5.0 20210514 (Red Hat 8.5.0-19), GNU ld version 2.36.1-2.el8) #1 SMP PREEMPT_DYNAMIC Sun Jul 30 22:07:27 CST 2023
[    0.000000] Command line: console=ttyS0 root=/dev/sda earlyprintk=serial net.ifnames=0 quiet plymouth.enable=0
[    0.000000] KERNEL supported cpus:
[    0.000000]   Intel GenuineIntel
[    0.000000]   AMD AuthenticAMD
[    0.000000]   Hygon HygonGenuine
[    0.000000]   Centaur CentaurHauls
[    0.000000]   zhaoxin   Shanghai  
[    0.000000] x86/fpu: Supporting XSAVE feature 0x001: 'x87 floating point registers'
[    0.000000] x86/fpu: Supporting XSAVE feature 0x002: 'SSE registers'
[    0.000000] x86/fpu: Supporting XSAVE feature 0x004: 'AVX registers'
[    0.000000] x86/fpu: Supporting XSAVE feature 0x200: 'Protection Keys User registers'
[    0.000000] x86/fpu: xstate_offset[2]:  576, xstate_sizes[2]:  256
[    0.000000] x86/fpu: xstate_offset[9]:  832, xstate_sizes[9]:    8
[    0.000000] x86/fpu: Enabled xstate features 0x207, context size is 840 bytes, using 'compacted' format.
[    0.000000] signal: max sigframe size: 3632
[    0.000000] BIOS-provided physical RAM map:
[    0.000000] BIOS-e820: [mem 0x0000000000000000-0x000000000009fbff] usable
[    0.000000] BIOS-e820: [mem 0x000000000009fc00-0x000000000009ffff] reserved
[    0.000000] BIOS-e820: [mem 0x00000000000f0000-0x00000000000fffff] reserved
[    0.000000] BIOS-e820: [mem 0x0000000000100000-0x000000007ffdffff] usable
[    0.000000] BIOS-e820: [mem 0x000000007ffe0000-0x000000007fffffff] reserved
[    0.000000] BIOS-e820: [mem 0x00000000feffc000-0x00000000feffffff] reserved
[    0.000000] BIOS-e820: [mem 0x00000000fffc0000-0x00000000ffffffff] reserved
[    0.000000] printk: bootconsole [earlyser0] enabled
[    0.510006] Spectre V2 : WARNING: Unprivileged eBPF is enabled with eIBRS on, data leaks possible via Spectre v2 BHB attacks!
[   10.660763] systemd[1]: Failed to start Load Kernel Modules.
[[0;1;31mFAILED[0m] Failed to start [0;1;39mLoad Kernel Modules[0m.

CentOS Stream 9
Kernel 6.4.0-rc5-310ee0902b8d+ on an x86_64

Activate the web console with: systemctl enable --now cockpit.socket

test login: [   39.836488] ------------[ cut here ]------------
[   39.837172] WARNING: CPU: 1 PID: 770 at fs/ext4/file.c:605 ext4_file_write_iter+0x1342/0x17d0
[   39.838615] Modules linked in:
[   39.838994] CPU: 1 PID: 770 Comm: repro Not tainted 6.4.0-rc5-310ee0902b8d+ #1
[   39.839782] Hardware name: QEMU Standard PC (i440FX + PIIX, 1996), BIOS rel-1.16.0-0-gd239552ce722-prebuilt.qemu.org 04/01/2014
[   39.841007] RIP: 0010:ext4_file_write_iter+0x1342/0x17d0
[   39.841683] Code: 02 84 c0 74 08 3c 03 0f 8e 32 04 00 00 41 8b 5f 20 31 ff 83 e3 08 89 de e8 1b a0 65 ff 85 db 0f 85 07 fd ff ff e8 2e 9e 65 ff <0f> 0b e9 fb fc ff ff e8 22 9e 65 ff 48 8b 8d 18 ff ff ff 4c 89 f2
[   39.843710] RSP: 0018:ffff888013497c08 EFLAGS: 00010246
[   39.844316] RAX: 0000000000000000 RBX: 0000000000000000 RCX: ffffffff81f85a15
[   39.845109] RDX: 0000000000000000 RSI: ffff888011d24a00 RDI: 0000000000000002
[   39.846014] RBP: ffff888013497d10 R08: 0000000000000001 R09: fffffbfff12b3256
[   39.846824] R10: 0000000000000001 R11: fffffbfff12b3255 R12: 0000000000000001
[   39.847625] R13: 0000000000000000 R14: fffffffffffffff5 R15: ffff888013497dd0
[   39.848543] FS:  00007f0dab9de640(0000) GS:ffff88806cb00000(0000) knlGS:0000000000000000
[   39.849654] CS:  0010 DS: 0000 ES: 0000 CR0: 0000000080050033
[   39.850318] CR2: 00007f0dabbfbee8 CR3: 000000001370c000 CR4: 0000000000750ee0
[   39.851096] PKRU: 55555554
[   39.851411] Call Trace:
[   39.851695]  <TASK>
[   39.851953]  ? show_regs+0x66/0x70
[   39.852370]  ? __warn+0xef/0x340
[   39.852748]  ? ext4_file_write_iter+0x1342/0x17d0
[   39.853322]  ? report_bug+0x360/0x570
[   39.853961]  ? handle_bug+0x48/0x80
[   39.854446]  ? exc_invalid_op+0x1c/0x50
[   39.854882]  ? asm_exc_invalid_op+0x1f/0x30
[   39.855384]  ? ext4_file_write_iter+0x1335/0x17d0
[   39.855927]  ? ext4_file_write_iter+0x1342/0x17d0
[   39.856473]  ? ext4_file_write_iter+0x1342/0x17d0
[   39.857046]  ? __pfx_ext4_file_write_iter+0x10/0x10
[   39.857811]  ? write_comp_data+0x2f/0x90
[   39.858428]  ? __sanitizer_cov_trace_pc+0x25/0x60
[   39.859034]  vfs_write+0x87c/0xe40
[   39.859450]  ? __pfx_vfs_write+0x10/0x10
[   39.859915]  ? __fget_files+0x270/0x440
[   39.860385]  ? write_comp_data+0x2f/0x90
[   39.860896]  ksys_write+0x143/0x280
[   39.861499]  ? __pfx_ksys_write+0x10/0x10
[   39.862122]  __x64_sys_write+0x7c/0xc0
[   39.862661]  ? syscall_enter_from_user_mode+0x51/0x60
[   39.863265]  do_syscall_64+0x3b/0x90
[   39.863685]  entry_SYSCALL_64_after_hwframe+0x72/0xdc
[   39.864372] RIP: 0033:0x7f0daba3ee5d
[   39.864913] Code: ff c3 66 2e 0f 1f 84 00 00 00 00 00 90 f3 0f 1e fa 48 89 f8 48 89 f7 48 89 d6 48 89 ca 4d 89 c2 4d 89 c8 4c 8b 4c 24 08 0f 05 <48> 3d 01 f0 ff ff 73 01 c3 48 8b 0d 93 af 1b 00 f7 d8 64 89 01 48
[   39.867210] RSP: 002b:00007f0dab9dddd8 EFLAGS: 00000283 ORIG_RAX: 0000000000000001
[   39.868252] RAX: ffffffffffffffda RBX: 00007f0dab9de640 RCX: 00007f0daba3ee5d
[   39.869110] RDX: 00000000fffffdef RSI: 0000000020000000 RDI: 0000000000000005
[   39.870099] RBP: 00007f0dab9dde20 R08: 0000000000000000 R09: 0000000000000000
[   39.871066] R10: 0000000000000000 R11: 0000000000000283 R12: 00007f0dab9de640
[   39.872028] R13: 0000000000000000 R14: 00007f0daba9f560 R15: 0000000000000000
[   39.873017]  </TASK>
[   39.873301] irq event stamp: 6085
[   39.873820] hardirqs last  enabled at (6095): [<ffffffff813fd441>] __up_console_sem+0x91/0xb0
[   39.875030] hardirqs last disabled at (6102): [<ffffffff813fd426>] __up_console_sem+0x76/0xb0
[   39.876000] softirqs last  enabled at (5656): [<ffffffff853d02e5>] __do_softirq+0x4f5/0x77c
[   39.877165] softirqs last disabled at (5649): [<ffffffff812500b5>] irq_exit_rcu+0xe5/0x130
[   39.878416] ---[ end trace 0000000000000000 ]---
