c[?7l[2J[0mSeaBIOS (version rel-1.16.0-0-gd239552ce722-prebuilt.qemu.org)


iPXE (http://ipxe.org) 00:03.0 CA00 PCI2.10 PnP PMM+7FF91000+7FEF1000 CA00
Press Ctrl-B to configure iPXE (PCI 00:03.0)...                                                                               


Booting from ROM...
c[?7l[2J[    0.000000] Linux version 6.2.0-06caa7515455+ (root@p-rpls01) (gcc (GCC) 8.5.0 20210514 (Red Hat 8.5.0-18), GNU ld version 2.36.1-2.el8) #1 SMP PREEMPT_DYNAMIC Mon Mar 27 07:58:13 CST 2023
[    0.000000] Command line: console=ttyS0 root=/dev/sda earlyprintk=serial net.ifnames=0
[    0.000000] KERNEL supported cpus:
[    0.000000]   Intel GenuineIntel
[    0.000000]   AMD AuthenticAMD
[    0.000000]   Hygon HygonGenuine
[    0.000000]   Centaur CentaurHauls
[    0.000000]   zhaoxin   Shanghai  
[    0.000000] x86/fpu: Supporting XSAVE feature 0x001: 'x87 floating point registers'
[    0.000000] x86/fpu: Supporting XSAVE feature 0x002: 'SSE registers'
[    0.000000] x86/fpu: Supporting XSAVE feature 0x004: 'AVX registers'
[    0.000000] x86/fpu: Supporting XSAVE feature 0x200: 'Protection Keys User registers'
[    0.000000] x86/fpu: xstate_offset[2]:  576, xstate_sizes[2]:  256
[    0.000000] x86/fpu: xstate_offset[9]:  832, xstate_sizes[9]:    8
[    0.000000] x86/fpu: Enabled xstate features 0x207, context size is 840 bytes, using 'compacted' format.
[    0.000000] signal: max sigframe size: 3632
[    0.000000] BIOS-provided physical RAM map:
[    0.000000] BIOS-e820: [mem 0x0000000000000000-0x000000000009fbff] usable
[    0.000000] BIOS-e820: [mem 0x000000000009fc00-0x000000000009ffff] reserved
[    0.000000] BIOS-e820: [mem 0x00000000000f0000-0x00000000000fffff] reserved
[    0.000000] BIOS-e820: [mem 0x0000000000100000-0x000000007ffdffff] usable
[    0.000000] BIOS-e820: [mem 0x000000007ffe0000-0x000000007fffffff] reserved
[    0.000000] BIOS-e820: [mem 0x00000000feffc000-0x00000000feffffff] reserved
[    0.000000] BIOS-e820: [mem 0x00000000fffc0000-0x00000000ffffffff] reserved
[    0.000000] printk: bootconsole [earlyser0] enabled
[    0.000000] NX (Execute Disable) protection: active
[    0.000000] SMBIOS 2.8 present.
[    0.000000] DMI: QEMU Standard PC (i440FX + PIIX, 1996), BIOS rel-1.16.0-0-gd239552ce722-prebuilt.qemu.org 04/01/2014
[    0.000000] Hypervisor detected: KVM
[    0.000000] kvm-clock: Using msrs 4b564d01 and 4b564d00
[    0.000002] kvm-clock: using sched offset of 499909212 cycles
[    0.000744] clocksource: kvm-clock: mask: 0xffffffffffffffff max_cycles: 0x1cd42e4dffb, max_idle_ns: 881590591483 ns
[    0.003070] tsc: Detected 806.400 MHz processor
[    0.004000] last_pfn = 0x7ffe0 max_arch_pfn = 0x400000000
[    0.004000] x86/PAT: Configuration [0-7]: WB  WC  UC- UC  WB  WP  UC- WT  
[    0.004000] found SMP MP-table at [mem 0x000f5ba0-0x000f5baf]
[    0.004000] Using GB pages for direct mapping
[    0.004000] ACPI: Early table checksum verification disabled
[    0.004000] ACPI: RSDP 0x00000000000F59C0 000014 (v00 BOCHS )
[    0.004000] ACPI: RSDT 0x000000007FFE1951 000034 (v01 BOCHS  BXPC     00000001 BXPC 00000001)
[    0.004000] ACPI: FACP 0x000000007FFE17FD 000074 (v01 BOCHS  BXPC     00000001 BXPC 00000001)
[    0.004000] ACPI: DSDT 0x000000007FFE0040 0017BD (v01 BOCHS  BXPC     00000001 BXPC 00000001)
[    0.004000] ACPI: FACS 0x000000007FFE0000 000040
[    0.004000] ACPI: APIC 0x000000007FFE1871 000080 (v01 BOCHS  BXPC     00000001 BXPC 00000001)
[    0.004000] ACPI: HPET 0x000000007FFE18F1 000038 (v01 BOCHS  BXPC     00000001 BXPC 00000001)
[    0.004000] ACPI: WAET 0x000000007FFE1929 000028 (v01 BOCHS  BXPC     00000001 BXPC 00000001)
[    0.004000] ACPI: Reserving FACP table memory at [mem 0x7ffe17fd-0x7ffe1870]
[    0.004000] ACPI: Reserving DSDT table memory at [mem 0x7ffe0040-0x7ffe17fc]
[    0.004000] ACPI: Reserving FACS table memory at [mem 0x7ffe0000-0x7ffe003f]
[    0.004000] ACPI: Reserving APIC table memory at [mem 0x7ffe1871-0x7ffe18f0]
[    0.004000] ACPI: Reserving HPET table memory at [mem 0x7ffe18f1-0x7ffe1928]
[    0.004000] ACPI: Reserving WAET table memory at [mem 0x7ffe1929-0x7ffe1950]
[    0.004000] No NUMA configuration found
[    0.004000] Faking a node at [mem 0x0000000000000000-0x000000007ffdffff]
[    0.004000] NODE_DATA(0) allocated [mem 0x7ffb5000-0x7ffdffff]
[    0.004000] Zone ranges:
[    0.004000]   DMA      [mem 0x0000000000001000-0x0000000000ffffff]
[    0.004000]   DMA32    [mem 0x0000000001000000-0x000000007ffdffff]
[    0.004000]   Normal   empty
[    0.004000]   Device   empty
[    0.004000] Movable zone start for each node
[    0.004000] Early memory node ranges
[    0.004000]   node   0: [mem 0x0000000000001000-0x000000000009efff]
[    0.004000]   node   0: [mem 0x0000000000100000-0x000000007ffdffff]
[    0.004000] Initmem setup node 0 [mem 0x0000000000001000-0x000000007ffdffff]
[    0.004000] On node 0, zone DMA: 1 pages in unavailable ranges
[    0.004000] On node 0, zone DMA: 97 pages in unavailable ranges
[    0.004000] On node 0, zone DMA32: 32 pages in unavailable ranges
[    0.004000] ACPI: PM-Timer IO Port: 0x608
[    0.004000] ACPI: LAPIC_NMI (acpi_id[0xff] dfl dfl lint[0x1])
[    0.004000] IOAPIC[0]: apic_id 0, version 17, address 0xfec00000, GSI 0-23
[    0.004000] ACPI: INT_SRC_OVR (bus 0 bus_irq 0 global_irq 2 dfl dfl)
[    0.004000] ACPI: INT_SRC_OVR (bus 0 bus_irq 5 global_irq 5 high level)
[    0.004000] ACPI: INT_SRC_OVR (bus 0 bus_irq 9 global_irq 9 high level)
[    0.004000] ACPI: INT_SRC_OVR (bus 0 bus_irq 10 global_irq 10 high level)
[    0.004000] ACPI: INT_SRC_OVR (bus 0 bus_irq 11 global_irq 11 high level)
[    0.004000] ACPI: Using ACPI (MADT) for SMP configuration information
[    0.004000] ACPI: HPET id: 0x8086a201 base: 0xfed00000
[    0.004000] TSC deadline timer available
[    0.004000] smpboot: Allowing 2 CPUs, 0 hotplug CPUs
[    0.004000] kvm-guest: KVM setup pv remote TLB flush
[    0.004000] kvm-guest: setup PV sched yield
[    0.004000] PM: hibernation: Registered nosave memory: [mem 0x00000000-0x00000fff]
[    0.004000] PM: hibernation: Registered nosave memory: [mem 0x0009f000-0x0009ffff]
[    0.004000] PM: hibernation: Registered nosave memory: [mem 0x000a0000-0x000effff]
[    0.004000] PM: hibernation: Registered nosave memory: [mem 0x000f0000-0x000fffff]
[    0.004000] [mem 0x80000000-0xfeffbfff] available for PCI devices
[    0.004000] Booting paravirtualized kernel on KVM
[    0.004000] clocksource: refined-jiffies: mask: 0xffffffff max_cycles: 0xffffffff, max_idle_ns: 7645519600211568 ns
[    0.004000] setup_percpu: NR_CPUS:8192 nr_cpumask_bits:2 nr_cpu_ids:2 nr_node_ids:1
[    0.004000] percpu: Embedded 65 pages/cpu s229376 r8192 d28672 u1048576
[    0.004000] kvm-guest: PV spinlocks enabled
[    0.004000] PV qspinlock hash table entries: 256 (order: 0, 4096 bytes, linear)
[    0.004000] Fallback order for Node 0: 0 
[    0.004000] Built 1 zonelists, mobility grouping on.  Total pages: 515808
[    0.004000] Policy zone: DMA32
[    0.004000] Kernel command line: net.ifnames=0 console=ttyS0 root=/dev/sda earlyprintk=serial net.ifnames=0
[    0.004000] random: crng init done
[    0.004000] Dentry cache hash table entries: 262144 (order: 9, 2097152 bytes, linear)
[    0.004000] Inode-cache hash table entries: 131072 (order: 8, 1048576 bytes, linear)
[    0.004000] mem auto-init: stack:off, heap alloc:off, heap free:off
[    0.004000] Memory: 1964888K/2096632K available (36864K kernel code, 4578K rwdata, 9844K rodata, 10508K init, 31780K bss, 131488K reserved, 0K cma-reserved)
[    0.004000] SLUB: HWalign=64, Order=0-3, MinObjects=0, CPUs=2, Nodes=1
[    0.004000] kmemleak: Kernel memory leak detector disabled
[    0.004000] ftrace: allocating 68735 entries in 269 pages
[    0.004000] ftrace: allocated 269 pages with 4 groups
[    0.004000] Dynamic Preempt: voluntary
[    0.004000] Running RCU self tests
[    0.004000] Running RCU synchronous self tests
[    0.004000] rcu: Preemptible hierarchical RCU implementation.
[    0.004000] rcu: 	RCU lockdep checking is enabled.
[    0.004000] rcu: 	RCU restricting CPUs from NR_CPUS=8192 to nr_cpu_ids=2.
[    0.004000] 	Trampoline variant of Tasks RCU enabled.
[    0.004000] 	Rude variant of Tasks RCU enabled.
[    0.004000] 	Tracing variant of Tasks RCU enabled.
[    0.004000] rcu: RCU calculated value of scheduler-enlistment delay is 25 jiffies.
[    0.004000] rcu: Adjusting geometry for rcu_fanout_leaf=16, nr_cpu_ids=2
[    0.004000] Running RCU synchronous self tests
[    0.004000] NR_IRQS: 524544, nr_irqs: 440, preallocated irqs: 16
[    0.004000] rcu: srcu_init: Setting srcu_struct sizes based on contention.
[    0.004000] Console: colour VGA+ 80x25
[    0.004000] printk: console [ttyS0] enabled
[    0.004000] printk: console [ttyS0] enabled
[    0.004000] printk: bootconsole [earlyser0] disabled
[    0.004000] printk: bootconsole [earlyser0] disabled
[    0.004000] Lock dependency validator: Copyright (c) 2006 Red Hat, Inc., Ingo Molnar
[    0.004000] ... MAX_LOCKDEP_SUBCLASSES:  8
[    0.004000] ... MAX_LOCK_DEPTH:          48
[    0.004000] ... MAX_LOCKDEP_KEYS:        8192
[    0.004000] ... CLASSHASH_SIZE:          4096
[    0.004000] ... MAX_LOCKDEP_ENTRIES:     32768
[    0.004000] ... MAX_LOCKDEP_CHAINS:      65536
[    0.004000] ... CHAINHASH_SIZE:          32768
[    0.004000]  memory used by lock dependency info: 6365 kB
[    0.004000]  memory used for stack traces: 4224 kB
[    0.004000]  per task-struct memory footprint: 1920 bytes
[    0.004000] ACPI: Core revision 20221020
[    0.004000] clocksource: hpet: mask: 0xffffffff max_cycles: 0xffffffff, max_idle_ns: 19112604467 ns
[    0.004000] APIC: Switch to symmetric I/O mode setup
[    0.004000] x2apic enabled
[    0.004000] Switched APIC routing to physical x2apic.
[    0.004000] kvm-guest: setup PV IPIs
[    0.004000] ..TIMER: vector=0x30 apic1=0 pin1=2 apic2=-1 pin2=-1
[    0.004000] clocksource: tsc-early: mask: 0xffffffffffffffff max_cycles: 0xb9fb05486c, max_idle_ns: 440795231721 ns
[    0.239351] Calibrating delay loop (skipped) preset value.. 1612.80 BogoMIPS (lpj=3225600)
[    0.243360] pid_max: default: 32768 minimum: 301
[    0.244120] LSM: initializing lsm=capability,yama,integrity
[    0.244957] Yama: becoming mindful.
[    0.245652] Mount-cache hash table entries: 4096 (order: 3, 32768 bytes, linear)
[    0.247344] Mountpoint-cache hash table entries: 4096 (order: 3, 32768 bytes, linear)
[    0.249716] CPU0: Thermal monitoring enabled (TM1)
[    0.251398] x86/cpu: User Mode Instruction Prevention (UMIP) activated
[    0.253287] Last level iTLB entries: 4KB 0, 2MB 0, 4MB 0
[    0.255363] Last level dTLB entries: 4KB 0, 2MB 0, 4MB 0, 1GB 0
[    0.256293] Spectre V1 : Mitigation: usercopy/swapgs barriers and __user pointer sanitization
[    0.257556] Spectre V2 : WARNING: Unprivileged eBPF is enabled with eIBRS on, data leaks possible via Spectre v2 BHB attacks!
[    0.259345] Spectre V2 : Mitigation: Enhanced / Automatic IBRS
[    0.260188] Spectre V2 : Spectre v2 / SpectreRSB mitigation: Filling RSB on context switch
[    0.261377] Spectre V2 : Spectre v2 / PBRSB-eIBRS: Retire a single CALL on VMEXIT
[    0.262457] Spectre V2 : mitigation: Enabling conditional Indirect Branch Prediction Barrier
[    0.263345] Speculative Store Bypass: Mitigation: Speculative Store Bypass disabled via prctl
[    0.264572] MMIO Stale Data: Unknown: No mitigations
[    0.361235] Freeing SMP alternatives memory: 56K
[    0.361957] Running RCU synchronous self tests
[    0.362591] Running RCU synchronous self tests
[    0.363638] smpboot: CPU0: Genuine Intel(R) 0000 (family: 0x6, model: 0xb7, stepping: 0x0)
[    0.365227] cblist_init_generic: Setting adjustable number of callback queues.
[    0.366258] cblist_init_generic: Setting shift to 1 and lim to 1.
[    0.367156] cblist_init_generic: Setting shift to 1 and lim to 1.
[    0.367390] cblist_init_generic: Setting shift to 1 and lim to 1.
[    0.368283] Running RCU-tasks wait API self tests
[    0.471531] Performance Events: Alderlake Hybrid events, full-width counters, Intel PMU driver.
[    0.473300] core: cpu_core PMU driver: 
[    0.473768] ... version:                2
[    0.474242] ... bit width:              48
[    0.474723] ... generic registers:      6
[    0.475194] ... value mask:             0000ffffffffffff
[    0.475347] ... max period:             00007fffffffffff
[    0.475964] ... fixed-purpose events:   3
[    0.476432] ... event mask:             0001000f0000003f
[    0.477249] rcu: Hierarchical SRCU implementation.
[    0.477816] rcu: 	Max phase no-delay instances is 1000.
[    0.480238] Callback from call_rcu_tasks_trace() invoked.
[    0.480976] unchecked MSR access error: WRMSR to 0x38f (tried to write 0x0001000f0000003f) at rIP: 0xffffffff810e0c2c (native_write_msr+0xc/0x30)
[    0.482571] Call Trace:
[    0.482900]  <TASK>
[    0.483178]  __intel_pmu_enable_all.constprop.49+0xb5/0x140
[    0.483339]  intel_pmu_enable_all+0x1e/0x30
[    0.483339]  x86_pmu_enable+0x46d/0x5a0
[    0.483339]  ? write_comp_data+0x2f/0x90
[    0.483339]  perf_pmu_enable+0x53/0x70
[    0.483339]  ctx_resched+0x14d/0x1e0
[    0.483339]  __perf_install_in_context+0x2f7/0x470
[    0.483339]  ? lock_is_held_type+0xe6/0x140
[    0.483339]  ? __pfx_remote_function+0x10/0x10
[    0.483339]  remote_function+0x80/0xa0
[    0.483339]  ? __pfx_remote_function+0x10/0x10
[    0.483339]  generic_exec_single+0x124/0x190
[    0.483339]  smp_call_function_single+0x11c/0x240
[    0.483339]  ? __pfx_remote_function+0x10/0x10
[    0.483339]  ? __sanitizer_cov_trace_pc+0x25/0x60
[    0.483339]  ? write_comp_data+0x2f/0x90
[    0.483339]  perf_install_in_context+0x2d8/0x300
[    0.483339]  ? __pfx___perf_install_in_context+0x10/0x10
[    0.483339]  perf_event_create_kernel_counter+0x284/0x2b0
[    0.483339]  ? __pfx_watchdog_overflow_callback+0x10/0x10
[    0.483339]  hardlockup_detector_event_create+0x46/0xd0
[    0.483339]  hardlockup_detector_perf_init+0x18/0x80
[    0.483339]  watchdog_nmi_probe+0x17/0x20
[    0.483339]  lockup_detector_init+0x40/0xb0
[    0.483339]  kernel_init_freeable+0x37e/0x8c0
[    0.483339]  ? __pfx_kernel_init+0x10/0x10
[    0.483339]  kernel_init+0x24/0x1e0
[    0.483339]  ? __pfx_kernel_init+0x10/0x10
[    0.483339]  ret_from_fork+0x29/0x50
[    0.483339]  </TASK>
[    0.483539] smp: Bringing up secondary CPUs ...
[    0.485366] x86: Booting SMP configuration:
[    0.485937] .... node  #0, CPUs:      #1
[    0.486812] smp: Brought up 1 node, 2 CPUs
[    0.487893] smpboot: Max logical packages: 1
[    0.488456] smpboot: Total of 2 processors activated (3225.60 BogoMIPS)
[    0.496828] devtmpfs: initialized
[    0.496828] x86/mm: Memory block size: 128MB
[    0.499658] Running RCU synchronous self tests
[    0.500272] Running RCU synchronous self tests
[    0.500900] clocksource: jiffies: mask: 0xffffffff max_cycles: 0xffffffff, max_idle_ns: 7645041785100000 ns
[    0.503350] futex hash table entries: 512 (order: 4, 65536 bytes, linear)
[    0.504573] pinctrl core: initialized pinctrl subsystem
[    0.505775] 
[    0.505996] *************************************************************
[    0.506901] **     NOTICE NOTICE NOTICE NOTICE NOTICE NOTICE NOTICE    **
[    0.507345] **                                                         **
[    0.508241] **  IOMMU DebugFS SUPPORT HAS BEEN ENABLED IN THIS KERNEL  **
[    0.509149] **                                                         **
[    0.510049] ** This means that this kernel is built to expose internal **
[    0.510944] ** IOMMU data structures, which may compromise security on **
[    0.511344] ** your system.                                            **
[    0.512244] **                                                         **
[    0.513139] ** If you see this message and you are not debugging the   **
[    0.514038] ** kernel, report this immediately to your vendor!         **
[    0.514934] **                                                         **
[    0.515344] **     NOTICE NOTICE NOTICE NOTICE NOTICE NOTICE NOTICE    **
[    0.516242] *************************************************************
[    0.517244] PM: RTC time: 23:58:48, date: 2023-03-26
[    0.520475] NET: Registered PF_NETLINK/PF_ROUTE protocol family
[    0.521814] DMA: preallocated 256 KiB GFP_KERNEL pool for atomic allocations
[    0.522791] DMA: preallocated 256 KiB GFP_KERNEL|GFP_DMA pool for atomic allocations
[    0.523357] DMA: preallocated 256 KiB GFP_KERNEL|GFP_DMA32 pool for atomic allocations
[    0.524478] audit: initializing netlink subsys (disabled)
[    0.525235] audit: type=2000 audit(1679875128.318:1): state=initialized audit_enabled=0 res=1
[    0.525235] thermal_sys: Registered thermal governor 'fair_share'
[    0.525235] thermal_sys: Registered thermal governor 'bang_bang'
[    0.525575] thermal_sys: Registered thermal governor 'step_wise'
[    0.526401] thermal_sys: Registered thermal governor 'user_space'
[    0.527403] cpuidle: using governor ladder
[    0.528765] cpuidle: using governor menu
[    0.531565] acpiphp: ACPI Hot Plug PCI Controller Driver version: 0.5
[    0.532779] PCI: Using configuration type 1 for base access
[    0.534318] kprobes: kprobe jump-optimization is enabled. All kprobes are optimized if possible.
[    0.743917] HugeTLB: registered 1.00 GiB page size, pre-allocated 0 pages
[    0.745231] HugeTLB: 16380 KiB vmemmap can be freed for a 1.00 GiB page
[    0.746492] HugeTLB: registered 2.00 MiB page size, pre-allocated 0 pages
[    0.747369] HugeTLB: 28 KiB vmemmap can be freed for a 2.00 MiB page
[    0.750670] ACPI: Added _OSI(Module Device)
[    0.751352] ACPI: Added _OSI(Processor Device)
[    0.752201] ACPI: Added _OSI(3.0 _SCP Extensions)
[    0.753107] ACPI: Added _OSI(Processor Aggregator Device)
[    0.759879] ACPI: 1 ACPI AML tables successfully acquired and loaded
[    2.875355] Callback from call_rcu_tasks_rude() invoked.
[    2.877659] ACPI: Interpreter enabled
[    2.878354] ACPI: PM: (supports S0 S3 S4 S5)
[    2.879352] ACPI: Using IOAPIC for interrupt routing
[    2.880140] PCI: Using host bridge windows from ACPI; if necessary, use "pci=nocrs" and report a bug
[    2.881456] PCI: Using E820 reservations for host bridge windows
[    2.882922] ACPI: Enabled 2 GPEs in block 00 to 0F
[    2.897620] ACPI: PCI Root Bridge [PCI0] (domain 0000 [bus 00-ff])
[    2.898552] acpi PNP0A03:00: _OSC: OS supports [ASPM ClockPM Segments MSI EDR HPX-Type3]
[    2.899350] acpi PNP0A03:00: _OSC: not requesting OS control; OS requires [ExtendedConfig ASPM ClockPM MSI]
[    2.900806] acpi PNP0A03:00: fail to add MMCONFIG information, can't access extended configuration space under this bridge
[    2.904527] acpiphp: Slot [3] registered
[    2.905197] acpiphp: Slot [4] registered
[    2.905861] acpiphp: Slot [5] registered
[    2.906517] acpiphp: Slot [6] registered
[    2.907160] acpiphp: Slot [7] registered
[    2.907406] acpiphp: Slot [8] registered
[    2.908060] acpiphp: Slot [9] registered
[    2.908720] acpiphp: Slot [10] registered
[    2.909382] acpiphp: Slot [11] registered
[    2.910045] acpiphp: Slot [12] registered
[    2.910709] acpiphp: Slot [13] registered
[    2.911379] acpiphp: Slot [14] registered
[    2.912046] acpiphp: Slot [15] registered
[    2.912715] acpiphp: Slot [16] registered
[    2.913379] acpiphp: Slot [17] registered
[    2.914047] acpiphp: Slot [18] registered
[    2.914709] acpiphp: Slot [19] registered
[    2.915379] acpiphp: Slot [20] registered
[    2.916046] acpiphp: Slot [21] registered
[    2.916718] acpiphp: Slot [22] registered
[    2.917381] acpiphp: Slot [23] registered
[    2.918045] acpiphp: Slot [24] registered
[    2.918708] acpiphp: Slot [25] registered
[    2.919380] acpiphp: Slot [26] registered
[    2.920047] acpiphp: Slot [27] registered
[    2.920718] acpiphp: Slot [28] registered
[    2.921384] acpiphp: Slot [29] registered
[    2.922046] acpiphp: Slot [30] registered
[    2.922710] acpiphp: Slot [31] registered
[    2.923348] PCI host bridge to bus 0000:00
[    2.923967] pci_bus 0000:00: root bus resource [io  0x0000-0x0cf7 window]
[    2.924977] pci_bus 0000:00: root bus resource [io  0x0d00-0xffff window]
[    2.925986] pci_bus 0000:00: root bus resource [mem 0x000a0000-0x000bffff window]
[    2.927098] pci_bus 0000:00: root bus resource [mem 0x80000000-0xfebfffff window]
[    2.927346] pci_bus 0000:00: root bus resource [mem 0x100000000-0x17fffffff window]
[    2.928483] pci_bus 0000:00: root bus resource [bus 00-ff]
[    2.929422] pci 0000:00:00.0: [8086:1237] type 00 class 0x060000
[    2.933295] pci 0000:00:01.0: [8086:7000] type 00 class 0x060100
[    2.935233] pci 0000:00:01.1: [8086:7010] type 00 class 0x010180
[    2.936751] pci 0000:00:01.1: reg 0x20: [io  0xc040-0xc04f]
[    2.938260] pci 0000:00:01.1: legacy IDE quirk: reg 0x10: [io  0x01f0-0x01f7]
[    2.939333] pci 0000:00:01.1: legacy IDE quirk: reg 0x14: [io  0x03f6]
[    2.940320] pci 0000:00:01.1: legacy IDE quirk: reg 0x18: [io  0x0170-0x0177]
[    2.941390] pci 0000:00:01.1: legacy IDE quirk: reg 0x1c: [io  0x0376]
[    2.942710] pci 0000:00:01.3: [8086:7113] type 00 class 0x068000
[    2.943954] pci 0000:00:01.3: quirk: [io  0x0600-0x063f] claimed by PIIX4 ACPI
[    2.945048] pci 0000:00:01.3: quirk: [io  0x0700-0x070f] claimed by PIIX4 SMB
[    2.946756] pci 0000:00:02.0: [1234:1111] type 00 class 0x030000
[    2.949343] pci 0000:00:02.0: reg 0x10: [mem 0xfd000000-0xfdffffff pref]
[    2.951684] pci 0000:00:02.0: reg 0x18: [mem 0xfebf0000-0xfebf0fff]
[    2.956140] pci 0000:00:02.0: reg 0x30: [mem 0xfebe0000-0xfebeffff pref]
[    2.957451] pci 0000:00:02.0: Video device with shadowed ROM at [mem 0x000c0000-0x000dffff]
[    2.961654] pci 0000:00:03.0: [8086:100e] type 00 class 0x020000
[    2.963036] pci 0000:00:03.0: reg 0x10: [mem 0xfebc0000-0xfebdffff]
[    2.963754] pci 0000:00:03.0: reg 0x14: [io  0xc000-0xc03f]
[    2.966927] pci 0000:00:03.0: reg 0x30: [mem 0xfeb80000-0xfebbffff pref]
[    2.995454] ACPI: PCI: Interrupt link LNKA configured for IRQ 10
[    2.996706] ACPI: PCI: Interrupt link LNKB configured for IRQ 10
[    2.997908] ACPI: PCI: Interrupt link LNKC configured for IRQ 11
[    2.999103] ACPI: PCI: Interrupt link LNKD configured for IRQ 11
[    2.999507] ACPI: PCI: Interrupt link LNKS configured for IRQ 9
[    3.001509] iommu: Default domain type: Translated 
[    3.001509] iommu: DMA domain TLB invalidation policy: lazy mode 
[    3.004650] SCSI subsystem initialized
[    3.005232] ACPI: bus type USB registered
[    3.005232] usbcore: registered new interface driver usbfs
[    3.005232] usbcore: registered new interface driver hub
[    3.007377] usbcore: registered new device driver usb
[    3.008232] pps_core: LinuxPPS API ver. 1 registered
[    3.008952] pps_core: Software ver. 5.3.6 - Copyright 2005-2007 Rodolfo Giometti <giometti@linux.it>
[    3.010262] PTP clock support registered
[    3.010906] EDAC MC: Ver: 3.0.0
[    3.012798] NetLabel: Initializing
[    3.013300] NetLabel:  domain hash size = 128
[    3.013300] NetLabel:  protocols = UNLABELED CIPSOv4 CALIPSO
[    3.013300] NetLabel:  unlabeled traffic allowed by default
[    3.015478] PCI: Using ACPI for IRQ routing
[    3.016306] pci 0000:00:02.0: vgaarb: setting as boot VGA device
[    3.016306] pci 0000:00:02.0: vgaarb: bridge control possible
[    3.017046] pci 0000:00:02.0: vgaarb: VGA device added: decodes=io+mem,owns=io+mem,locks=none
[    3.019349] vgaarb: loaded
[    3.020117] hpet0: at MMIO 0xfed00000, IRQs 2, 8, 0
[    3.020887] hpet0: 3 comparators, 64-bit 100.000000 MHz counter
[    3.028595] clocksource: Switched to clocksource kvm-clock
[    3.055553] Callback from call_rcu_tasks() invoked.
[    3.159960] VFS: Disk quotas dquot_6.6.0
[    3.160598] VFS: Dquot-cache hash table entries: 512 (order 0, 4096 bytes)
[    3.161888] pnp: PnP ACPI init
[    3.163942] pnp: PnP ACPI: found 6 devices
[    3.179459] clocksource: acpi_pm: mask: 0xffffff max_cycles: 0xffffff, max_idle_ns: 2085701024 ns
[    3.181064] NET: Registered PF_INET protocol family
[    3.182169] IP idents hash table entries: 32768 (order: 6, 262144 bytes, linear)
[    3.184308] tcp_listen_portaddr_hash hash table entries: 1024 (order: 4, 73728 bytes, linear)
[    3.185642] Table-perturb hash table entries: 65536 (order: 6, 262144 bytes, linear)
[    3.186770] TCP established hash table entries: 16384 (order: 5, 131072 bytes, linear)
[    3.188336] TCP bind hash table entries: 16384 (order: 9, 2359296 bytes, linear)
[    3.193378] TCP: Hash tables configured (established 16384 bind 16384)
[    3.194586] UDP hash table entries: 1024 (order: 5, 163840 bytes, linear)
[    3.195808] UDP-Lite hash table entries: 1024 (order: 5, 163840 bytes, linear)
[    3.197156] NET: Registered PF_UNIX/PF_LOCAL protocol family
[    3.198692] RPC: Registered named UNIX socket transport module.
[    3.199594] RPC: Registered udp transport module.
[    3.200278] RPC: Registered tcp transport module.
[    3.200956] RPC: Registered tcp NFSv4.1 backchannel transport module.
[    3.201898] pci_bus 0000:00: resource 4 [io  0x0000-0x0cf7 window]
[    3.202789] pci_bus 0000:00: resource 5 [io  0x0d00-0xffff window]
[    3.203699] pci_bus 0000:00: resource 6 [mem 0x000a0000-0x000bffff window]
[    3.204685] pci_bus 0000:00: resource 7 [mem 0x80000000-0xfebfffff window]
[    3.205673] pci_bus 0000:00: resource 8 [mem 0x100000000-0x17fffffff window]
[    3.206876] pci 0000:00:01.0: PIIX3: Enabling Passive Release
[    3.207736] pci 0000:00:00.0: Limiting direct PCI/PCI transfers
[    3.208707] PCI: CLS 0 bytes, default 64
[    3.209353] ACPI: bus type thunderbolt registered
[    3.210366] clocksource: tsc: mask: 0xffffffffffffffff max_cycles: 0xb9fb05486c, max_idle_ns: 440795231721 ns
[    3.215520] Initialise system trusted keyrings
[    3.216245] Key type blacklist registered
[    3.217037] workingset: timestamp_bits=36 max_order=19 bucket_order=0
[    3.218106] zbud: loaded
[    3.219303] squashfs: version 4.0 (2009/01/31) Phillip Lougher
[    3.221245] NFS: Registering the id_resolver key type
[    3.222049] Key type id_resolver registered
[    3.222660] Key type id_legacy registered
[    3.223304] nfs4filelayout_init: NFSv4 File Layout Driver Registering...
[    3.224342] nfs4flexfilelayout_init: NFSv4 Flexfile Layout Driver Registering...
[    3.225682] fuse: init (API version 7.38)
[    3.226585] SGI XFS with ACLs, security attributes, realtime, quota, no debug enabled
[    3.228470] 9p: Installing v9fs 9p2000 file system support
[    3.235087] Key type asymmetric registered
[    3.235700] Asymmetric key parser 'x509' registered
[    3.236481] Block layer SCSI generic (bsg) driver version 0.4 loaded (major 243)
[    3.237795] io scheduler mq-deadline registered
[    3.238513] io scheduler bfq registered
[    3.239610] shpchp: Standard Hot Plug PCI Controller Driver version: 0.4
[    3.240940] IPMI message handler: version 39.2
[    3.241629] ipmi device interface
[    3.243814] input: Power Button as /devices/LNXSYSTM:00/LNXPWRBN:00/input/input0
[    3.245273] ACPI: button: Power Button [PWRF]
[    3.247112] ERST DBG: ERST support is disabled.
[    3.248667] Serial: 8250/16550 driver, 32 ports, IRQ sharing enabled
[    3.250302] 00:04: ttyS0 at I/O 0x3f8 (irq = 4, base_baud = 115200) is a 16550A
[    3.260264] Linux agpgart interface v0.103
[    3.261607] ACPI: bus type drm_connector registered
[    3.273900] brd: module loaded
[    3.281521] loop: module loaded
[    3.286811] scsi host0: ata_piix
[    3.287871] scsi host1: ata_piix
[    3.288481] ata1: PATA max MWDMA2 cmd 0x1f0 ctl 0x3f6 bmdma 0xc040 irq 14
[    3.289422] ata2: PATA max MWDMA2 cmd 0x170 ctl 0x376 bmdma 0xc048 irq 15
[    3.291600] tun: Universal TUN/TAP device driver, 1.6
[    3.292531] e100: Intel(R) PRO/100 Network Driver
[    3.293193] e100: Copyright(c) 1999-2006 Intel Corporation
[    3.293990] e1000: Intel(R) PRO/1000 Network Driver
[    3.294669] e1000: Copyright (c) 1999-2006 Intel Corporation.
[    3.447551] ata2: found unknown device (class 0)
[    3.448664] ata1: found unknown device (class 0)
[    3.450098] ACPI: \_SB_.LNKC: Enabled at IRQ 11
[    3.450463] ata1.00: ATA-7: QEMU HARDDISK, 2.5+, max UDMA/100
[    3.451859] ata1.00: 16777216 sectors, multi 16: LBA48 
[    3.452945] ata2.00: ATAPI: QEMU DVD-ROM, 2.5+, max UDMA/100
[    3.455460] scsi 0:0:0:0: Direct-Access     ATA      QEMU HARDDISK    2.5+ PQ: 0 ANSI: 5
[    3.457589] sd 0:0:0:0: Attached scsi generic sg0 type 0
[    3.457753] sd 0:0:0:0: [sda] 16777216 512-byte logical blocks: (8.59 GB/8.00 GiB)
[    3.459080] scsi 1:0:0:0: CD-ROM            QEMU     QEMU DVD-ROM     2.5+ PQ: 0 ANSI: 5
[    3.459607] sd 0:0:0:0: [sda] Write Protect is off
[    3.461629] sd 0:0:0:0: [sda] Write cache: enabled, read cache: enabled, doesn't support DPO or FUA
[    3.463043] sd 0:0:0:0: [sda] Preferred minimum I/O size 512 bytes
[    3.480401] scsi 1:0:0:0: Attached scsi generic sg1 type 5
[    3.481280] sd 0:0:0:0: [sda] Attached SCSI disk
[    3.800316] e1000 0000:00:03.0 eth0: (PCI:33MHz:32-bit) 52:54:00:12:34:56
[    3.801214] e1000 0000:00:03.0 eth0: Intel(R) PRO/1000 Network Connection
[    3.802163] e1000e: Intel(R) PRO/1000 Network Driver
[    3.802812] e1000e: Copyright(c) 1999 - 2015 Intel Corporation.
[    3.803632] igb: Intel(R) Gigabit Ethernet Network Driver
[    3.804327] igb: Copyright (c) 2007-2014 Intel Corporation.
[    3.805128] PPP generic driver version 2.4.2
[    3.806219] VFIO - User Level meta-driver version: 0.3
[    3.807419] usbcore: registered new interface driver uas
[    3.808121] usbcore: registered new interface driver usb-storage
[    3.809010] i8042: PNP: PS/2 Controller [PNP0303:KBD,PNP0f13:MOU] at 0x60,0x64 irq 1,12
[    3.811008] serio: i8042 KBD port at 0x60,0x64 irq 1
[    3.811694] serio: i8042 AUX port at 0x60,0x64 irq 12
[    3.813094] mousedev: PS/2 mouse device common for all mice
[    3.814570] input: AT Translated Set 2 keyboard as /devices/platform/i8042/serio0/input/input1
[    3.815659] rtc_cmos 00:05: RTC can wake from S4
[    3.817352] input: VirtualPS/2 VMware VMMouse as /devices/platform/i8042/serio1/input/input4
[    3.817706] rtc_cmos 00:05: registered as rtc0
[    3.819098] rtc_cmos 00:05: setting system clock to 2023-03-26T23:58:51 UTC (1679875131)
[    3.820461] input: VirtualPS/2 VMware VMMouse as /devices/platform/i8042/serio1/input/input3
[    3.820486] rtc_cmos 00:05: alarms up to one day, y3k, 242 bytes nvram, hpet irqs
[    3.822529] i2c_dev: i2c /dev entries driver
[    3.823318] device-mapper: core: CONFIG_IMA_DISABLE_HTABLE is disabled. Duplicate IMA measurements will not be recorded in the IMA log.
[    3.824897] device-mapper: uevent: version 1.0.3
[    3.825851] device-mapper: ioctl: 4.47.0-ioctl (2022-07-28) initialised: dm-devel@redhat.com
[    3.826959] intel_pstate: CPU model not supported
[    3.827694] sdhci: Secure Digital Host Controller Interface driver
[    3.828477] sdhci: Copyright(c) Pierre Ossman
[    3.829097] sdhci-pltfm: SDHCI platform and OF driver helper
[    3.830020] ledtrig-cpu: registered to indicate activity on CPUs
[    3.831117] drop_monitor: Initializing network drop monitor service
[    3.832133] NET: Registered PF_INET6 protocol family
[    3.835954] Segment Routing with IPv6
[    3.836464] In-situ OAM (IOAM) with IPv6
[    3.837026] NET: Registered PF_PACKET protocol family
[    3.837850] 9pnet: Installing 9P2000 support
[    3.838450] Key type dns_resolver registered
[    3.839748] IPI shorthand broadcast: enabled
[    3.851958] sched_clock: Marking stable (3620002322, 231339169)->(3933279218, -81937727)
[    3.853783] registered taskstats version 1
[    3.854584] Loading compiled-in X.509 certificates
[    3.856040] zswap: loaded using pool lzo/zbud
[    3.870378] Key type .fscrypt registered
[    3.870882] Key type fscrypt-provisioning registered
[    3.872500] Key type encrypted registered
[    3.873132] ima: No TPM chip found, activating TPM-bypass!
[    3.873827] ima: Allocated hash algorithm: sha1
[    3.874479] ima: No architecture policies found
[    3.875098] evm: Initialising EVM extended attributes:
[    3.875854] evm: security.selinux
[    3.876279] evm: security.SMACK64
[    3.876773] evm: security.SMACK64EXEC
[    3.877263] evm: security.SMACK64TRANSMUTE
[    3.877780] evm: security.SMACK64MMAP
[    3.878307] evm: security.apparmor
[    3.878744] evm: security.ima
[    3.879141] evm: security.capability
[    3.879653] evm: HMAC attrs: 0x1
[    3.881382] PM:   Magic number: 15:818:1010
[    3.882402] RAS: Correctable Errors collector initialized.
[    3.883825] md: Waiting for all devices to be available before autodetect
[    3.884438] md: If you don't use raid, use raid=noautodetect
[    3.884901] md: Autodetecting RAID arrays.
[    3.885242] md: autorun ...
[    3.885517] md: ... autorun DONE.
[    3.890184] EXT4-fs (sda): INFO: recovery required on readonly filesystem
[    3.890807] EXT4-fs (sda): write access will be enabled during recovery
[    3.945014] EXT4-fs (sda): recovery complete
[    3.947007] EXT4-fs (sda): mounted filesystem 23a53bb9-f815-47a5-b74c-5e08f7731193 with ordered data mode. Quota mode: none.
[    3.948033] VFS: Mounted root (ext4 filesystem) readonly on device 8:0.
[    3.949129] devtmpfs: mounted
[    3.956279] Freeing unused decrypted memory: 2036K
[    3.966370] Freeing unused kernel image (initmem) memory: 10508K
[    3.966924] Write protecting the kernel read-only data: 47104k
[    3.968729] Freeing unused kernel image (rodata/data gap) memory: 396K
[    4.036476] x86/mm: Checked W+X mappings: passed, no W+X pages found.
[    4.037040] Run /sbin/init as init process
[    4.121924] systemd[1]: RTC configured in localtime, applying delta of 0 minutes to system time.
[    4.145680] systemd[1]: systemd 239 (239-49.el8) running in system mode. (+PAM +AUDIT +SELINUX +IMA -APPARMOR +SMACK +SYSVINIT +UTMP +LIBCRYPTSETUP +GCRYPT +GNUTLS +ACL +XZ +LZ4 +SECCOMP +BLKID +ELFUTILS +KMOD +IDN2 -IDN +PCRE2 default-hierarchy=legacy)
[    4.147755] systemd[1]: Detected virtualization kvm.
[    4.148180] systemd[1]: Detected architecture x86-64.

Welcome to [0;31mCentOS Stream 8[0m!

[    4.202424] systemd[1]: Set hostname to <test>.
[    4.437812] systemd[1]: Started Forward Password Requests to Wall Directory Watch.
[[0;32m  OK  [0m] Started Forward Password Requests to Wall Directory Watch.
[    4.439672] systemd[1]: Listening on multipathd control socket.
[[0;32m  OK  [0m] Listening on multipathd control socket.
[    4.440841] systemd[1]: Reached target Swap.
[[0;32m  OK  [0m] Reached target Swap.
[    4.442139] systemd[1]: Set up automount Arbitrary Executable File Formats File System Automount Point.
[[0;32m  OK  [0m] Set up automount Arbitrary Executabâ€¦rmats File System Automount Point.
[    4.444203] systemd[1]: Listening on Journal Socket.
[[0;32m  OK  [0m] Listening on Journal Socket.
[    4.467622] systemd[1]: Mounting Huge Pages File System...
         Mounting Huge Pages File System...
         Mounting POSIX Message Queue File System...
         Starting Remount Root and Kernel File Systems...
[[0;32m  OK  [0m] Listening on Process Core Dump Socket.
[[0;32m  OK  [0m] Listening on udev Control Socket.
[[0;32m  OK  [0m] Listening on initctl Compatibility Named Pipe.
[[0;32m  OK  [0m] Listening on udev Kernel Socket.
         Starting udev Coldplug all Devices...
[[0;32m  OK  [0m] Listening on Journal Socket (/dev/log).
[[0;32m  OK  [0m] Created slice system-serial\x2dgetty.slice.
[[0;32m  OK  [0m] Listening on LVM2 poll daemon socket.
[[0;32m  OK  [0m] Listening on Device-mapper event daemon FIFOs.
[[0;32m  OK  [0m] Listening on RPCbind Server Activation Socket.
         Starting Load Kernel Modules...
[[0;32m  OK  [0m] Created slice system-sshd\x2dkeygen.slice.
         Starting Setup Virtual Console...
         Starting Journal Service...
[[0;32m  OK  [0m] Created slice system-getty.slice.
         Mounting Kernel Debug File System...
         Starting Monitoring of LVM2 mirrorsâ€¦ng dmeventd or progress polling...
[[0;32m  OK  [0m] Reached target RPC Port Mapper.
[[0;32m  OK  [0m] Created slice User and Session Slice.
[[0;32m  OK  [0m] Reached target Slices.
[    4.727413] EXT4-fs (sda): re-mounted 23a53bb9-f815-47a5-b74c-5e08f7731193. Quota mode: none.
[[0;32m  OK  [0m] Mounted Huge Pages File System.
[[0;32m  OK  [0m] Started Journal Service.
[[0;32m  OK  [0m] Mounted POSIX Message Queue File System.
[[0;32m  OK  [0m] Started Remount Root and Kernel File Systems.
[[0;1;31mFAILED[0m] Failed to start Load Kernel Modules.
See 'systemctl status systemd-modules-load.service' for details.
[[0;32m  OK  [0m] Mounted Kernel Debug File System.
         Mounting FUSE Control File System...
         Starting Apply Kernel Variables...
         Mounting Kernel Configuration File System...
         Starting Create Static Device Nodes in /dev...
         Starting Load/Save Random Seed...
         Starting Flush Journal to Persistent Storage...
[[0;32m  OK  [0m] Started Setup Virtual Console.
[[0;32m  OK  [0m] Started udev Coldplug all Devices.
[[0;32m  OK  [0m] Mounted FUSE Control File System.
[[0;32m  OK  [0m] Started Apply Kernel Variables.
[[0;32m  OK  [0m] Mounted Kernel Configuration File System.
[[0;32m  OK  [0m] Started Create Static Device Nodes in /dev.
[[0;32m  OK  [0m] Started Load/Save Random Seed.
         Starting udev Kernel Device Manager...
         Starting udev Wait for Complete Device Initialization...
[[0;32m  OK  [0m] Started Flush Journal to Persistent Storage.
[[0;32m  OK  [0m] Started udev Kernel Device Manager.
         Starting Show Plymouth Boot Screen...
[[0;32m  OK  [0m] Started Show Plymouth Boot Screen.
[[0;32m  OK  [0m] Started Forward Password Requests to Plymouth Directory Watch.
[[0;32m  OK  [0m] Reached target Local Encrypted Volumes.
[[0;32m  OK  [0m] Reached target Paths.
[[0;32m  OK  [0m] Found device /dev/ttyS0.
[[0;32m  OK  [0m] Started Monitoring of LVM2 mirrors,â€¦sing dmeventd or progress polling.
[[0;32m  OK  [0m] Listening on Load/Save RF Kill Switch Status /dev/rfkill Watch.
[[0;32m  OK  [0m] Started udev Wait for Complete Device Initialization.
[[0;32m  OK  [0m] Reached target Local File Systems (Pre).
[[0;32m  OK  [0m] Reached target Local File Systems.
         Starting Create Volatile Files and Directories...
         Starting Restore /run/initramfs on shutdown...
         Starting Tell Plymouth To Write Out Runtime Data...
[[0;32m  OK  [0m] Started Create Volatile Files and Directories.
[[0;32m  OK  [0m] Started Restore /run/initramfs on shutdown.
[[0;32m  OK  [0m] Started Tell Plymouth To Write Out Runtime Data.
         Mounting RPC Pipe File System...
         Starting RPC Bind...
         Starting Security Auditing Service...
[[0;32m  OK  [0m] Mounted RPC Pipe File System.
[[0;32m  OK  [0m] Reached target rpc_pipefs.target.
[[0;32m  OK  [0m] Started RPC Bind.
[[0;32m  OK  [0m] Started Security Auditing Service.
         Starting Update UTMP about System Boot/Shutdown...
[[0;32m  OK  [0m] Started Update UTMP about System Boot/Shutdown.
[[0;32m  OK  [0m] Reached target System Initialization.
[[0;32m  OK  [0m] Listening on SSSD Kerberos Cache Manager responder socket.
[[0;32m  OK  [0m] Started Daily Cleanup of Temporary Directories.
[[0;32m  OK  [0m] Started dnf makecache --timer.
[[0;32m  OK  [0m] Started daily update of the root trust anchor for DNSSEC.
[[0;32m  OK  [0m] Reached target Timers.
[[0;32m  OK  [0m] Listening on D-Bus System Message Bus Socket.
[[0;32m  OK  [0m] Reached target Sockets.
[[0;32m  OK  [0m] Reached target Basic System.
[[0;32m  OK  [0m] Started Machine Check Exception Logging Daemon.
[[0;32m  OK  [0m] Started irqbalance daemon.
         Starting Auto-connect to subsystemsâ€¦-NVME devices found during boot...
         Starting NTP client/server...
         Starting Self Monitoring and Reporting Technology (SMART) Daemon...
[[0;32m  OK  [0m] Reached target sshd-keygen.target.
         Starting Login Service...
[[0;32m  OK  [0m] Started D-Bus System Message Bus.
         Starting Network Manager...
         Starting Authorization Manager...
[[0;32m  OK  [0m] Started Self Monitoring and Reporting Technology (SMART) Daemon.
[[0;32m  OK  [0m] Started Auto-connect to subsystems â€¦FC-NVME devices found during boot.
         Starting update of the root trust aâ€¦or DNSSEC validation in unbound...
[[0;32m  OK  [0m] Started Login Service.
[[0;32m  OK  [0m] Started NTP client/server.
[[0;32m  OK  [0m] Started Network Manager.
         Starting Network Manager Wait Online...
[[0;32m  OK  [0m] Reached target Network.
         Starting Dynamic System Tuning Daemon...
         Starting GSSAPI Proxy Daemon...
         Starting OpenSSH server daemon...
[[0;32m  OK  [0m] Started update of the root trust anâ€¦ for DNSSEC validation in unbound.
         Starting Hostname Service...
[[0;32m  OK  [0m] Started OpenSSH server daemon.
[[0;32m  OK  [0m] Started GSSAPI Proxy Daemon.
[[0;32m  OK  [0m] Reached target NFS client services.
[[0;32m  OK  [0m] Reached target Remote File Systems (Pre).
[[0;32m  OK  [0m] Reached target Remote File Systems.
         Starting Permit User Sessions...
[[0;32m  OK  [0m] Started Authorization Manager.
[[0;32m  OK  [0m] Started Permit User Sessions.
         Starting Hold until boot process finishes up...
[[0;32m  OK  [0m] Started Command Scheduler.
         Starting Terminate Plymouth Boot Screen...
[    6.855529] e1000: eth0 NIC Link is Up 1000 Mbps Full Duplex, Flow Control: RX
[    6.857171] IPv6: ADDRCONF(NETDEV_CHANGE): eth0: link becomes ready
[    7.119666] Spectre V2 : WARNING: Unprivileged eBPF is enabled with eIBRS on, data leaks possible via Spectre v2 BHB attacks!
[    7.121266] Spectre V2 : WARNING: Unprivileged eBPF is enabled with eIBRS on, data leaks possible via Spectre v2 BHB attacks!

CentOS Stream 8
Kernel 6.2.0-06caa7515455+ on an x86_64

test login: [   24.581601] memfd_create() without MFD_EXEC nor MFD_NOEXEC_SEAL, pid=337 'systemd'
[   28.394589] BUG: kernel NULL pointer dereference, address: 0000000000000008
[   28.395265] #PF: supervisor read access in kernel mode
[   28.395765] #PF: error_code(0x0000) - not-present page
[   28.396252] PGD 152bb067 P4D 152bb067 PUD 152c4067 PMD 0 
[   28.396782] Oops: 0000 [#1] PREEMPT SMP NOPTI
[   28.397215] CPU: 0 PID: 528 Comm: repro Not tainted 6.2.0-06caa7515455+ #1
[   28.397876] Hardware name: QEMU Standard PC (i440FX + PIIX, 1996), BIOS rel-1.16.0-0-gd239552ce722-prebuilt.qemu.org 04/01/2014
[   28.398954] RIP: 0010:io_poll_remove_entries.part.16+0x14a/0x310
[   28.399558] Code: 06 00 00 00 89 de e8 95 b5 55 ff 80 fb 06 0f 84 c5 01 00 00 e8 27 b4 55 ff 49 8b 84 24 a8 00 00 00 48 8b 58 40 e8 16 b4 55 ff <4c> 8b 63 08 4d 85 e4 74 38 e8 08 b4 55 ff 4c 89 e7 e8 d0 bf 29 01
[   28.401304] RSP: 0018:ffffc90000f77b78 EFLAGS: 00010246
[   28.401811] RAX: 0000000000000000 RBX: 0000000000000000 RCX: ffffffff81d85a6b
[   28.402495] RDX: 0000000000000000 RSI: ffff888013c32340 RDI: 0000000000000002
[   28.403178] RBP: ffffc90000f77b90 R08: 000000000000001c R09: 0000000000000001
[   28.403840] R10: ffff888013c330d8 R11: 0000000000000000 R12: ffff8880127ce900
[   28.404519] R13: 0000000000000000 R14: 0000000000000059 R15: 0000000001000000
[   28.405199] FS:  00007f9cc759c740(0000) GS:ffff88807dc00000(0000) knlGS:0000000000000000
[   28.405966] CS:  0010 DS: 0000 ES: 0000 CR0: 0000000080050033
[   28.406521] CR2: 0000000000000008 CR3: 0000000013f60004 CR4: 0000000000770ef0
[   28.407205] PKRU: 55555554
[   28.407480] Call Trace:
[   28.407727]  <TASK>
[   28.407945]  __io_arm_poll_handler+0x30c/0x520
[   28.408387]  io_arm_poll_handler+0x2cf/0x5e0
[   28.408810]  ? __pfx_io_async_queue_proc+0x10/0x10
[   28.409281]  io_queue_async+0x88/0x2f0
[   28.409665]  io_req_task_submit+0x122/0x140
[   28.410082]  io_poll_task_func+0x4c6/0x700
[   28.410486]  tctx_task_work+0x1d3/0x6f0
[   28.410874]  task_work_run+0xb6/0x120
[   28.411253]  get_signal+0xe26/0x1600
[   28.411623]  ? __tty_hangup.part.29+0x32a/0x3a0
[   28.412090]  arch_do_signal_or_restart+0x33/0x280
[   28.412556]  ? exit_to_user_mode_prepare+0x100/0x210
[   28.413046]  ? __this_cpu_preempt_check+0x20/0x30
[   28.413535]  exit_to_user_mode_prepare+0x13b/0x210
[   28.414005]  syscall_exit_to_user_mode+0x2d/0x60
[   28.414464]  do_syscall_64+0x4a/0x90
[   28.414827]  entry_SYSCALL_64_after_hwframe+0x72/0xdc
[   28.415344] RIP: 0033:0x7f9cc76c159d
[   28.415703] Code: 00 c3 66 2e 0f 1f 84 00 00 00 00 00 90 f3 0f 1e fa 48 89 f8 48 89 f7 48 89 d6 48 89 ca 4d 89 c2 4d 89 c8 4c 8b 4c 24 08 0f 05 <48> 3d 01 f0 ff ff 73 01 c3 48 8b 0d d3 08 0d 00 f7 d8 64 89 01 48
[   28.417435] RSP: 002b:00007ffc15d19128 EFLAGS: 00000206 ORIG_RAX: 0000000000000010
[   28.418155] RAX: 0000000000000000 RBX: 0000000000000000 RCX: 00007f9cc76c159d
[   28.418836] RDX: 0000000000000000 RSI: 0000000000005437 RDI: 0000000000000003
[   28.419519] RBP: 00007ffc15d19140 R08: 0000000000000000 R09: 00007ffc15d19220
[   28.420199] R10: 0000000000000000 R11: 0000000000000206 R12: 00000000004010c0
[   28.420879] R13: 00007ffc15d19220 R14: 0000000000000000 R15: 0000000000000000
[   28.421564]  </TASK>
[   28.421788] Modules linked in:
[   28.422101] CR2: 0000000000000008
[   28.422429] ---[ end trace 0000000000000000 ]---
[   28.422880] RIP: 0010:io_poll_remove_entries.part.16+0x14a/0x310
[   28.423469] Code: 06 00 00 00 89 de e8 95 b5 55 ff 80 fb 06 0f 84 c5 01 00 00 e8 27 b4 55 ff 49 8b 84 24 a8 00 00 00 48 8b 58 40 e8 16 b4 55 ff <4c> 8b 63 08 4d 85 e4 74 38 e8 08 b4 55 ff 4c 89 e7 e8 d0 bf 29 01
[   28.425205] RSP: 0018:ffffc90000f77b78 EFLAGS: 00010246
[   28.425710] RAX: 0000000000000000 RBX: 0000000000000000 RCX: ffffffff81d85a6b
[   28.426389] RDX: 0000000000000000 RSI: ffff888013c32340 RDI: 0000000000000002
[   28.427069] RBP: ffffc90000f77b90 R08: 000000000000001c R09: 0000000000000001
[   28.427751] R10: ffff888013c330d8 R11: 0000000000000000 R12: ffff8880127ce900
[   28.428431] R13: 0000000000000000 R14: 0000000000000059 R15: 0000000001000000
[   28.429110] FS:  00007f9cc759c740(0000) GS:ffff88807dc00000(0000) knlGS:0000000000000000
[   28.429876] CS:  0010 DS: 0000 ES: 0000 CR0: 0000000080050033
[   28.430430] CR2: 0000000000000008 CR3: 0000000013f60004 CR4: 0000000000770ef0
[   28.431112] PKRU: 55555554
[   28.431389] note: repro[528] exited with irqs disabled
[   28.431950] BUG: sleeping function called from invalid context at kernel/locking/mutex.c:580
[   28.432748] in_atomic(): 0, irqs_disabled(): 0, non_block: 0, pid: 528, name: repro
[   28.433475] preempt_count: 0, expected: 0
[   28.433865] RCU nest depth: 1, expected: 0
[   28.434263] INFO: lockdep is turned off.
[   28.434774] CPU: 0 PID: 528 Comm: repro Tainted: G      D            6.2.0-06caa7515455+ #1
[   28.435611] Hardware name: QEMU Standard PC (i440FX + PIIX, 1996), BIOS rel-1.16.0-0-gd239552ce722-prebuilt.qemu.org 04/01/2014
[   28.436682] Call Trace:
[   28.436929]  <TASK>
[   28.437147]  dump_stack_lvl+0xe0/0x110
[   28.437529]  dump_stack+0x19/0x20
[   28.437864]  __might_resched+0x1c2/0x2e0
[   28.438259]  __might_sleep+0x46/0x70
[   28.438619]  __mutex_lock+0x54/0xf80
[   28.438988]  ? __sanitizer_cov_trace_pc+0x25/0x60
[   28.439467]  ? io_uring_del_tctx_node+0x84/0x110
[   28.439927]  ? lock_release+0x202/0x2e0
[   28.440316]  mutex_lock_nested+0x1f/0x30
[   28.440708]  ? mutex_lock_nested+0x1f/0x30
[   28.441116]  io_uring_del_tctx_node+0x84/0x110
[   28.441562]  io_uring_clean_tctx+0x74/0xf0
[   28.441974]  io_uring_cancel_generic+0x452/0x4e0
[   28.442435]  ? __pfx_autoremove_wake_function+0x10/0x10
[   28.442952]  __io_uring_cancel+0x1f/0x30
[   28.443346]  do_exit+0x227/0x1360
[   28.443687]  ? write_comp_data+0x2f/0x90
[   28.444083]  make_task_dead+0x100/0x290
[   28.444464]  rewind_stack_and_make_dead+0x17/0x20
[   28.444940] RIP: 0033:0x7f9cc76c159d
[   28.445294] Code: 00 c3 66 2e 0f 1f 84 00 00 00 00 00 90 f3 0f 1e fa 48 89 f8 48 89 f7 48 89 d6 48 89 ca 4d 89 c2 4d 89 c8 4c 8b 4c 24 08 0f 05 <48> 3d 01 f0 ff ff 73 01 c3 48 8b 0d d3 08 0d 00 f7 d8 64 89 01 48
[   28.447030] RSP: 002b:00007ffc15d19128 EFLAGS: 00000206 ORIG_RAX: 0000000000000010
[   28.447753] RAX: 0000000000000000 RBX: 0000000000000000 RCX: 00007f9cc76c159d
[   28.448437] RDX: 0000000000000000 RSI: 0000000000005437 RDI: 0000000000000003
[   28.449116] RBP: 00007ffc15d19140 R08: 0000000000000000 R09: 00007ffc15d19220
[   28.449796] R10: 0000000000000000 R11: 0000000000000206 R12: 00000000004010c0
[   28.450475] R13: 00007ffc15d19220 R14: 0000000000000000 R15: 0000000000000000
[   28.451159]  </TASK>
[   28.451767] ------------[ cut here ]------------
[   28.452217] Voluntary context switch within RCU read-side critical section!
[   28.452274] WARNING: CPU: 0 PID: 528 at kernel/rcu/tree_plugin.h:318 rcu_note_context_switch+0x5af/0x670
[   28.453835] Modules linked in:
[   28.454142] CPU: 0 PID: 528 Comm: repro Tainted: G      D W          6.2.0-06caa7515455+ #1
[   28.454930] Hardware name: QEMU Standard PC (i440FX + PIIX, 1996), BIOS rel-1.16.0-0-gd239552ce722-prebuilt.qemu.org 04/01/2014
[   28.456009] RIP: 0010:rcu_note_context_switch+0x5af/0x670
[   28.456535] Code: c7 dd 01 85 c0 75 02 0f 0b 49 8b 4c 24 58 48 8b 53 20 e9 b0 fc ff ff 48 c7 c7 98 50 ba 83 c6 05 ac e7 fc 02 01 e8 b1 7a ef ff <0f> 0b e9 e5 fa ff ff a9 ff ff ff 7f 0f 84 4d fb ff ff 65 48 8b 3c
[   28.458270] RSP: 0018:ffffc90000f77bf8 EFLAGS: 00010082
[   28.458771] RAX: 0000000000000000 RBX: ffff88807dc36180 RCX: ffffffff8111b6fb
[   28.459449] RDX: 0000000000000000 RSI: ffff888013c32340 RDI: 0000000000000002
[   28.460119] RBP: ffffc90000f77c20 R08: 0000000000000000 R09: 0000000000000000
[   28.460786] R10: 000000002d2d2d2d R11: 000000002d2d2d2d R12: ffff88807dc352c0
[   28.461453] R13: ffff888013c32340 R14: 0000000000000000 R15: ffff888013c32340
[   28.462121] FS:  00007f9cc759c740(0000) GS:ffff88807dc00000(0000) knlGS:0000000000000000
[   28.462873] CS:  0010 DS: 0000 ES: 0000 CR0: 0000000080050033
[   28.463419] CR2: 0000000000000008 CR3: 0000000013f60004 CR4: 0000000000770ef0
[   28.464091] PKRU: 55555554
[   28.464357] Call Trace:
[   28.464600]  <TASK>
[   28.464815]  __schedule+0xe1/0xc90
[   28.465156]  schedule+0x5b/0xe0
[   28.465472]  schedule_preempt_disabled+0x1c/0x30
[   28.465917]  __mutex_lock+0xb5b/0xf80
[   28.466277]  ? __sanitizer_cov_trace_pc+0x25/0x60
[   28.466731]  ? io_uring_del_tctx_node+0x84/0x110
[   28.467179]  ? lock_release+0x202/0x2e0
[   28.467557]  mutex_lock_nested+0x1f/0x30
[   28.467937]  ? mutex_lock_nested+0x1f/0x30
[   28.468332]  io_uring_del_tctx_node+0x84/0x110
[   28.468766]  io_uring_clean_tctx+0x74/0xf0
[   28.469165]  io_uring_cancel_generic+0x452/0x4e0
[   28.469613]  ? __pfx_autoremove_wake_function+0x10/0x10
[   28.470111]  __io_uring_cancel+0x1f/0x30
[   28.470493]  do_exit+0x227/0x1360
[   28.470818]  ? write_comp_data+0x2f/0x90
[   28.471203]  make_task_dead+0x100/0x290
[   28.471575]  rewind_stack_and_make_dead+0x17/0x20
[   28.472029] RIP: 0033:0x7f9cc76c159d
[   28.472374] Code: 00 c3 66 2e 0f 1f 84 00 00 00 00 00 90 f3 0f 1e fa 48 89 f8 48 89 f7 48 89 d6 48 89 ca 4d 89 c2 4d 89 c8 4c 8b 4c 24 08 0f 05 <48> 3d 01 f0 ff ff 73 01 c3 48 8b 0d d3 08 0d 00 f7 d8 64 89 01 48
[   28.474055] RSP: 002b:00007ffc15d19128 EFLAGS: 00000206 ORIG_RAX: 0000000000000010
[   28.474759] RAX: 0000000000000000 RBX: 0000000000000000 RCX: 00007f9cc76c159d
[   28.475421] RDX: 0000000000000000 RSI: 0000000000005437 RDI: 0000000000000003
[   28.476081] RBP: 00007ffc15d19140 R08: 0000000000000000 R09: 00007ffc15d19220
[   28.476739] R10: 0000000000000000 R11: 0000000000000206 R12: 00000000004010c0
[   28.477399] R13: 00007ffc15d19220 R14: 0000000000000000 R15: 0000000000000000
[   28.478057]  </TASK>
[   28.478274] irq event stamp: 4492
[   28.478589] hardirqs last  enabled at (4491): [<ffffffff83021e0b>] _raw_spin_unlock_irq+0x2b/0x60
[   28.479406] hardirqs last disabled at (4492): [<ffffffff82fff82e>] exc_page_fault+0x4e/0x500
[   28.480183] softirqs last  enabled at (4126): [<ffffffff83023a4c>] __do_softirq+0x31c/0x49c
[   28.480947] softirqs last disabled at (3747): [<ffffffff8112b574>] irq_exit_rcu+0xc4/0x100
[   28.481704] ---[ end trace 0000000000000000 ]---
[  133.395457] rcu: INFO: rcu_preempt detected stalls on CPUs/tasks:
[  133.395960] rcu: 	Tasks blocked on level-0 rcu_node (CPUs 0-1): P528/1:b..l
[  133.396512] rcu: 	(detected by 0, t=26252 jiffies, g=2361, q=855 ncpus=2)
[  133.397048] task:repro           state:D stack:0     pid:528   ppid:498    flags:0x00004000
[  133.397701] Call Trace:
[  133.397907]  <TASK>
[  133.398090]  __schedule+0x40a/0xc90
[  133.398387]  schedule+0x5b/0xe0
[  133.398652]  schedule_preempt_disabled+0x1c/0x30
[  133.399028]  __mutex_lock+0x88d/0xf80
[  133.399332]  ? __sanitizer_cov_trace_pc+0x25/0x60
[  133.399735]  ? io_uring_del_tctx_node+0x84/0x110
[  133.400126]  mutex_lock_nested+0x1f/0x30
[  133.400455]  ? mutex_lock_nested+0x1f/0x30
[  133.400797]  io_uring_del_tctx_node+0x84/0x110
[  133.401173]  io_uring_clean_tctx+0x74/0xf0
[  133.401521]  io_uring_cancel_generic+0x452/0x4e0
[  133.401918]  ? __pfx_autoremove_wake_function+0x10/0x10
[  133.402351]  __io_uring_cancel+0x1f/0x30
[  133.402683]  do_exit+0x227/0x1360
[  133.402966]  ? write_comp_data+0x2f/0x90
[  133.403300]  make_task_dead+0x100/0x290
[  133.403626]  rewind_stack_and_make_dead+0x17/0x20
[  133.404021] RIP: 0033:0x7f9cc76c159d
[  133.404321] RSP: 002b:00007ffc15d19128 EFLAGS: 00000206 ORIG_RAX: 0000000000000010
[  133.404928] RAX: 0000000000000000 RBX: 0000000000000000 RCX: 00007f9cc76c159d
[  133.405499] RDX: 0000000000000000 RSI: 0000000000005437 RDI: 0000000000000003
[  133.406070] RBP: 00007ffc15d19140 R08: 0000000000000000 R09: 00007ffc15d19220
[  133.406643] R10: 0000000000000000 R11: 0000000000000206 R12: 00000000004010c0
[  133.407215] R13: 00007ffc15d19220 R14: 0000000000000000 R15: 0000000000000000
[  133.407793]  </TASK>
[  169.163478] rcu: INFO: rcu_preempt detected expedited stalls on CPUs/tasks: { P528 } 33088 jiffies s: 153 root: 0x0/T
[  169.164495] rcu: blocking rcu_node structures (internal RCU debug):
