c[?7l[2J[0mSeaBIOS (version rel-1.16.0-0-gd239552ce722-prebuilt.qemu.org)


iPXE (http://ipxe.org) 00:03.0 CA00 PCI2.10 PnP PMM+7FF91000+7FEF1000 CA00
Press Ctrl-B to configure iPXE (PCI 00:03.0)...                                                                               


Booting from ROM...
c[?7l[2J[    0.000000] Linux version 6.2.0-1bd1aee6cdb5+ (root@p-rpls01) (gcc (GCC) 8.5.0 20210514 (Red Hat 8.5.0-18), GNU ld version 2.36.1-2.el8) #1 SMP PREEMPT_DYNAMIC Mon Mar 27 09:21:55 CST 2023
[    0.000000] Command line: console=ttyS0 root=/dev/sda earlyprintk=serial net.ifnames=0
[    0.000000] KERNEL supported cpus:
[    0.000000]   Intel GenuineIntel
[    0.000000]   AMD AuthenticAMD
[    0.000000]   Hygon HygonGenuine
[    0.000000]   Centaur CentaurHauls
[    0.000000]   zhaoxin   Shanghai  
[    0.000000] x86/fpu: Supporting XSAVE feature 0x001: 'x87 floating point registers'
[    0.000000] x86/fpu: Supporting XSAVE feature 0x002: 'SSE registers'
[    0.000000] x86/fpu: Supporting XSAVE feature 0x004: 'AVX registers'
[    0.000000] x86/fpu: Supporting XSAVE feature 0x200: 'Protection Keys User registers'
[    0.000000] x86/fpu: xstate_offset[2]:  576, xstate_sizes[2]:  256
[    0.000000] x86/fpu: xstate_offset[9]:  832, xstate_sizes[9]:    8
[    0.000000] x86/fpu: Enabled xstate features 0x207, context size is 840 bytes, using 'compacted' format.
[    0.000000] signal: max sigframe size: 3632
[    0.000000] BIOS-provided physical RAM map:
[    0.000000] BIOS-e820: [mem 0x0000000000000000-0x000000000009fbff] usable
[    0.000000] BIOS-e820: [mem 0x000000000009fc00-0x000000000009ffff] reserved
[    0.000000] BIOS-e820: [mem 0x00000000000f0000-0x00000000000fffff] reserved
[    0.000000] BIOS-e820: [mem 0x0000000000100000-0x000000007ffdffff] usable
[    0.000000] BIOS-e820: [mem 0x000000007ffe0000-0x000000007fffffff] reserved
[    0.000000] BIOS-e820: [mem 0x00000000feffc000-0x00000000feffffff] reserved
[    0.000000] BIOS-e820: [mem 0x00000000fffc0000-0x00000000ffffffff] reserved
[    0.000000] printk: bootconsole [earlyser0] enabled
[    0.000000] NX (Execute Disable) protection: active
[    0.000000] SMBIOS 2.8 present.
[    0.000000] DMI: QEMU Standard PC (i440FX + PIIX, 1996), BIOS rel-1.16.0-0-gd239552ce722-prebuilt.qemu.org 04/01/2014
[    0.000000] Hypervisor detected: KVM
[    0.000000] kvm-clock: Using msrs 4b564d01 and 4b564d00
[    0.000002] kvm-clock: using sched offset of 535214849 cycles
[    0.000762] clocksource: kvm-clock: mask: 0xffffffffffffffff max_cycles: 0x1cd42e4dffb, max_idle_ns: 881590591483 ns
[    0.003148] tsc: Detected 806.400 MHz processor
[    0.004000] last_pfn = 0x7ffe0 max_arch_pfn = 0x400000000
[    0.004000] x86/PAT: Configuration [0-7]: WB  WC  UC- UC  WB  WP  UC- WT  
[    0.004000] found SMP MP-table at [mem 0x000f5ba0-0x000f5baf]
[    0.004000] Using GB pages for direct mapping
[    0.004000] ACPI: Early table checksum verification disabled
[    0.004000] ACPI: RSDP 0x00000000000F59C0 000014 (v00 BOCHS )
[    0.004000] ACPI: RSDT 0x000000007FFE1951 000034 (v01 BOCHS  BXPC     00000001 BXPC 00000001)
[    0.004000] ACPI: FACP 0x000000007FFE17FD 000074 (v01 BOCHS  BXPC     00000001 BXPC 00000001)
[    0.004000] ACPI: DSDT 0x000000007FFE0040 0017BD (v01 BOCHS  BXPC     00000001 BXPC 00000001)
[    0.004000] ACPI: FACS 0x000000007FFE0000 000040
[    0.004000] ACPI: APIC 0x000000007FFE1871 000080 (v01 BOCHS  BXPC     00000001 BXPC 00000001)
[    0.004000] ACPI: HPET 0x000000007FFE18F1 000038 (v01 BOCHS  BXPC     00000001 BXPC 00000001)
[    0.004000] ACPI: WAET 0x000000007FFE1929 000028 (v01 BOCHS  BXPC     00000001 BXPC 00000001)
[    0.004000] ACPI: Reserving FACP table memory at [mem 0x7ffe17fd-0x7ffe1870]
[    0.004000] ACPI: Reserving DSDT table memory at [mem 0x7ffe0040-0x7ffe17fc]
[    0.004000] ACPI: Reserving FACS table memory at [mem 0x7ffe0000-0x7ffe003f]
[    0.004000] ACPI: Reserving APIC table memory at [mem 0x7ffe1871-0x7ffe18f0]
[    0.004000] ACPI: Reserving HPET table memory at [mem 0x7ffe18f1-0x7ffe1928]
[    0.004000] ACPI: Reserving WAET table memory at [mem 0x7ffe1929-0x7ffe1950]
[    0.004000] No NUMA configuration found
[    0.004000] Faking a node at [mem 0x0000000000000000-0x000000007ffdffff]
[    0.004000] NODE_DATA(0) allocated [mem 0x7ffb5000-0x7ffdffff]
[    0.004000] Zone ranges:
[    0.004000]   DMA      [mem 0x0000000000001000-0x0000000000ffffff]
[    0.004000]   DMA32    [mem 0x0000000001000000-0x000000007ffdffff]
[    0.004000]   Normal   empty
[    0.004000]   Device   empty
[    0.004000] Movable zone start for each node
[    0.004000] Early memory node ranges
[    0.004000]   node   0: [mem 0x0000000000001000-0x000000000009efff]
[    0.004000]   node   0: [mem 0x0000000000100000-0x000000007ffdffff]
[    0.004000] Initmem setup node 0 [mem 0x0000000000001000-0x000000007ffdffff]
[    0.004000] On node 0, zone DMA: 1 pages in unavailable ranges
[    0.004000] On node 0, zone DMA: 97 pages in unavailable ranges
[    0.004000] On node 0, zone DMA32: 32 pages in unavailable ranges
[    0.004000] ACPI: PM-Timer IO Port: 0x608
[    0.004000] ACPI: LAPIC_NMI (acpi_id[0xff] dfl dfl lint[0x1])
[    0.004000] IOAPIC[0]: apic_id 0, version 17, address 0xfec00000, GSI 0-23
[    0.004000] ACPI: INT_SRC_OVR (bus 0 bus_irq 0 global_irq 2 dfl dfl)
[    0.004000] ACPI: INT_SRC_OVR (bus 0 bus_irq 5 global_irq 5 high level)
[    0.004000] ACPI: INT_SRC_OVR (bus 0 bus_irq 9 global_irq 9 high level)
[    0.004000] ACPI: INT_SRC_OVR (bus 0 bus_irq 10 global_irq 10 high level)
[    0.004000] ACPI: INT_SRC_OVR (bus 0 bus_irq 11 global_irq 11 high level)
[    0.004000] ACPI: Using ACPI (MADT) for SMP configuration information
[    0.004000] ACPI: HPET id: 0x8086a201 base: 0xfed00000
[    0.004000] TSC deadline timer available
[    0.004000] smpboot: Allowing 2 CPUs, 0 hotplug CPUs
[    0.004000] kvm-guest: KVM setup pv remote TLB flush
[    0.004000] kvm-guest: setup PV sched yield
[    0.004000] PM: hibernation: Registered nosave memory: [mem 0x00000000-0x00000fff]
[    0.004000] PM: hibernation: Registered nosave memory: [mem 0x0009f000-0x0009ffff]
[    0.004000] PM: hibernation: Registered nosave memory: [mem 0x000a0000-0x000effff]
[    0.004000] PM: hibernation: Registered nosave memory: [mem 0x000f0000-0x000fffff]
[    0.004000] [mem 0x80000000-0xfeffbfff] available for PCI devices
[    0.004000] Booting paravirtualized kernel on KVM
[    0.004000] clocksource: refined-jiffies: mask: 0xffffffff max_cycles: 0xffffffff, max_idle_ns: 7645519600211568 ns
[    0.004000] setup_percpu: NR_CPUS:8192 nr_cpumask_bits:2 nr_cpu_ids:2 nr_node_ids:1
[    0.004000] percpu: Embedded 65 pages/cpu s229376 r8192 d28672 u1048576
[    0.004000] kvm-guest: PV spinlocks enabled
[    0.004000] PV qspinlock hash table entries: 256 (order: 0, 4096 bytes, linear)
[    0.004000] Fallback order for Node 0: 0 
[    0.004000] Built 1 zonelists, mobility grouping on.  Total pages: 515808
[    0.004000] Policy zone: DMA32
[    0.004000] Kernel command line: net.ifnames=0 console=ttyS0 root=/dev/sda earlyprintk=serial net.ifnames=0
[    0.004000] random: crng init done
[    0.004000] Dentry cache hash table entries: 262144 (order: 9, 2097152 bytes, linear)
[    0.004000] Inode-cache hash table entries: 131072 (order: 8, 1048576 bytes, linear)
[    0.004000] mem auto-init: stack:off, heap alloc:off, heap free:off
[    0.004000] Memory: 1964888K/2096632K available (36864K kernel code, 4579K rwdata, 9848K rodata, 10508K init, 31780K bss, 131488K reserved, 0K cma-reserved)
[    0.004000] SLUB: HWalign=64, Order=0-3, MinObjects=0, CPUs=2, Nodes=1
[    0.004000] kmemleak: Kernel memory leak detector disabled
[    0.004000] ftrace: allocating 68735 entries in 269 pages
[    0.004000] ftrace: allocated 269 pages with 4 groups
[    0.004000] Dynamic Preempt: voluntary
[    0.004000] Running RCU self tests
[    0.004000] Running RCU synchronous self tests
[    0.004000] rcu: Preemptible hierarchical RCU implementation.
[    0.004000] rcu: 	RCU lockdep checking is enabled.
[    0.004000] rcu: 	RCU restricting CPUs from NR_CPUS=8192 to nr_cpu_ids=2.
[    0.004000] 	Trampoline variant of Tasks RCU enabled.
[    0.004000] 	Rude variant of Tasks RCU enabled.
[    0.004000] 	Tracing variant of Tasks RCU enabled.
[    0.004000] rcu: RCU calculated value of scheduler-enlistment delay is 25 jiffies.
[    0.004000] rcu: Adjusting geometry for rcu_fanout_leaf=16, nr_cpu_ids=2
[    0.004000] Running RCU synchronous self tests
[    0.004000] NR_IRQS: 524544, nr_irqs: 440, preallocated irqs: 16
[    0.004000] rcu: srcu_init: Setting srcu_struct sizes based on contention.
[    0.004000] Console: colour VGA+ 80x25
[    0.004000] printk: console [ttyS0] enabled
[    0.004000] printk: console [ttyS0] enabled
[    0.004000] printk: bootconsole [earlyser0] disabled
[    0.004000] printk: bootconsole [earlyser0] disabled
[    0.004000] Lock dependency validator: Copyright (c) 2006 Red Hat, Inc., Ingo Molnar
[    0.004000] ... MAX_LOCKDEP_SUBCLASSES:  8
[    0.004000] ... MAX_LOCK_DEPTH:          48
[    0.004000] ... MAX_LOCKDEP_KEYS:        8192
[    0.004000] ... CLASSHASH_SIZE:          4096
[    0.004000] ... MAX_LOCKDEP_ENTRIES:     32768
[    0.004000] ... MAX_LOCKDEP_CHAINS:      65536
[    0.004000] ... CHAINHASH_SIZE:          32768
[    0.004000]  memory used by lock dependency info: 6365 kB
[    0.004000]  memory used for stack traces: 4224 kB
[    0.004000]  per task-struct memory footprint: 1920 bytes
[    0.004000] ACPI: Core revision 20221020
[    0.004000] clocksource: hpet: mask: 0xffffffff max_cycles: 0xffffffff, max_idle_ns: 19112604467 ns
[    0.004000] APIC: Switch to symmetric I/O mode setup
[    0.004000] x2apic enabled
[    0.004000] Switched APIC routing to physical x2apic.
[    0.004000] kvm-guest: setup PV IPIs
[    0.004000] ..TIMER: vector=0x30 apic1=0 pin1=2 apic2=-1 pin2=-1
[    0.004000] clocksource: tsc-early: mask: 0xffffffffffffffff max_cycles: 0xb9fb05486c, max_idle_ns: 440795231721 ns
[    0.240224] Calibrating delay loop (skipped) preset value.. 1612.80 BogoMIPS (lpj=3225600)
[    0.244231] pid_max: default: 32768 minimum: 301
[    0.244971] LSM: initializing lsm=capability,yama,integrity
[    0.245788] Yama: becoming mindful.
[    0.246451] Mount-cache hash table entries: 4096 (order: 3, 32768 bytes, linear)
[    0.248218] Mountpoint-cache hash table entries: 4096 (order: 3, 32768 bytes, linear)
[    0.250460] CPU0: Thermal monitoring enabled (TM1)
[    0.252269] x86/cpu: User Mode Instruction Prevention (UMIP) activated
[    0.253989] Last level iTLB entries: 4KB 0, 2MB 0, 4MB 0
[    0.254803] Last level dTLB entries: 4KB 0, 2MB 0, 4MB 0, 1GB 0
[    0.256240] Spectre V1 : Mitigation: usercopy/swapgs barriers and __user pointer sanitization
[    0.257444] Spectre V2 : WARNING: Unprivileged eBPF is enabled with eIBRS on, data leaks possible via Spectre v2 BHB attacks!
[    0.259029] Spectre V2 : Mitigation: Enhanced / Automatic IBRS
[    0.259838] Spectre V2 : Spectre v2 / SpectreRSB mitigation: Filling RSB on context switch
[    0.260217] Spectre V2 : Spectre v2 / PBRSB-eIBRS: Retire a single CALL on VMEXIT
[    0.261260] Spectre V2 : mitigation: Enabling conditional Indirect Branch Prediction Barrier
[    0.262435] Speculative Store Bypass: Mitigation: Speculative Store Bypass disabled via prctl
[    0.264215] MMIO Stale Data: Unknown: No mitigations
[    0.352048] Freeing SMP alternatives memory: 56K
[    0.352254] Running RCU synchronous self tests
[    0.352859] Running RCU synchronous self tests
[    0.353811] smpboot: CPU0: Genuine Intel(R) 0000 (family: 0x6, model: 0xb7, stepping: 0x0)
[    0.355306] cblist_init_generic: Setting adjustable number of callback queues.
[    0.356212] cblist_init_generic: Setting shift to 1 and lim to 1.
[    0.356212] cblist_init_generic: Setting shift to 1 and lim to 1.
[    0.356265] cblist_init_generic: Setting shift to 1 and lim to 1.
[    0.357111] Running RCU-tasks wait API self tests
[    0.460359] Performance Events: Alderlake Hybrid events, full-width counters, Intel PMU driver.
[    0.462122] core: cpu_core PMU driver: 
[    0.462658] ... version:                2
[    0.463210] ... bit width:              48
[    0.463761] ... generic registers:      6
[    0.464220] ... value mask:             0000ffffffffffff
[    0.464939] ... max period:             00007fffffffffff
[    0.465657] ... fixed-purpose events:   3
[    0.466208] ... event mask:             0001000f0000003f
[    0.467118] rcu: Hierarchical SRCU implementation.
[    0.467776] rcu: 	Max phase no-delay instances is 1000.
[    0.468265] Callback from call_rcu_tasks_trace() invoked.
[    0.470801] unchecked MSR access error: WRMSR to 0x38f (tried to write 0x0001000f0000003f) at rIP: 0xffffffff810e0c2c (native_write_msr+0xc/0x30)
[    0.472212] Call Trace:
[    0.472212]  <TASK>
[    0.472212]  __intel_pmu_enable_all.constprop.49+0xb5/0x140
[    0.472212]  intel_pmu_enable_all+0x1e/0x30
[    0.472212]  x86_pmu_enable+0x46d/0x5a0
[    0.472212]  ? write_comp_data+0x2f/0x90
[    0.472212]  perf_pmu_enable+0x53/0x70
[    0.472212]  ctx_resched+0x14d/0x1e0
[    0.472212]  __perf_install_in_context+0x2f7/0x470
[    0.472212]  ? lock_is_held_type+0xe6/0x140
[    0.472212]  ? __pfx_remote_function+0x10/0x10
[    0.472212]  remote_function+0x80/0xa0
[    0.472212]  ? __pfx_remote_function+0x10/0x10
[    0.472212]  generic_exec_single+0x124/0x190
[    0.472212]  smp_call_function_single+0x11c/0x240
[    0.472212]  ? __pfx_remote_function+0x10/0x10
[    0.472212]  ? __sanitizer_cov_trace_pc+0x25/0x60
[    0.472212]  ? write_comp_data+0x2f/0x90
[    0.472212]  perf_install_in_context+0x2d8/0x300
[    0.472212]  ? __pfx___perf_install_in_context+0x10/0x10
[    0.472212]  perf_event_create_kernel_counter+0x284/0x2b0
[    0.472212]  ? __pfx_watchdog_overflow_callback+0x10/0x10
[    0.472212]  hardlockup_detector_event_create+0x46/0xd0
[    0.472212]  hardlockup_detector_perf_init+0x18/0x80
[    0.472212]  watchdog_nmi_probe+0x17/0x20
[    0.472212]  lockup_detector_init+0x40/0xb0
[    0.472212]  kernel_init_freeable+0x37e/0x8c0
[    0.472212]  ? __pfx_kernel_init+0x10/0x10
[    0.472212]  kernel_init+0x24/0x1e0
[    0.472212]  ? __pfx_kernel_init+0x10/0x10
[    0.472212]  ret_from_fork+0x29/0x50
[    0.472212]  </TASK>
[    0.472379] smp: Bringing up secondary CPUs ...
[    0.474160] x86: Booting SMP configuration:
[    0.474754] .... node  #0, CPUs:      #1
[    0.475650] smp: Brought up 1 node, 2 CPUs
[    0.476786] smpboot: Max logical packages: 1
[    0.477375] smpboot: Total of 2 processors activated (3225.60 BogoMIPS)
[    0.486297] devtmpfs: initialized
[    0.486297] x86/mm: Memory block size: 128MB
[    0.488563] Running RCU synchronous self tests
[    0.489207] Running RCU synchronous self tests
[    0.489871] clocksource: jiffies: mask: 0xffffffff max_cycles: 0xffffffff, max_idle_ns: 7645041785100000 ns
[    0.492225] futex hash table entries: 512 (order: 4, 65536 bytes, linear)
[    0.493487] pinctrl core: initialized pinctrl subsystem
[    0.494728] 
[    0.494955] *************************************************************
[    0.495892] **     NOTICE NOTICE NOTICE NOTICE NOTICE NOTICE NOTICE    **
[    0.496219] **                                                         **
[    0.497153] **  IOMMU DebugFS SUPPORT HAS BEEN ENABLED IN THIS KERNEL  **
[    0.498089] **                                                         **
[    0.499023] ** This means that this kernel is built to expose internal **
[    0.499956] ** IOMMU data structures, which may compromise security on **
[    0.500218] ** your system.                                            **
[    0.501156] **                                                         **
[    0.502090] ** If you see this message and you are not debugging the   **
[    0.503023] ** kernel, report this immediately to your vendor!         **
[    0.503956] **                                                         **
[    0.504218] **     NOTICE NOTICE NOTICE NOTICE NOTICE NOTICE NOTICE    **
[    0.505157] *************************************************************
[    0.506190] PM: RTC time: 01:22:30, date: 2023-03-27
[    0.511309] NET: Registered PF_NETLINK/PF_ROUTE protocol family
[    0.512708] DMA: preallocated 256 KiB GFP_KERNEL pool for atomic allocations
[    0.513724] DMA: preallocated 256 KiB GFP_KERNEL|GFP_DMA pool for atomic allocations
[    0.514814] DMA: preallocated 256 KiB GFP_KERNEL|GFP_DMA32 pool for atomic allocations
[    0.515958] audit: initializing netlink subsys (disabled)
[    0.516293] audit: type=2000 audit(1679880150.850:1): state=initialized audit_enabled=0 res=1
[    0.516922] thermal_sys: Registered thermal governor 'fair_share'
[    0.517522] thermal_sys: Registered thermal governor 'bang_bang'
[    0.518395] thermal_sys: Registered thermal governor 'step_wise'
[    0.519240] thermal_sys: Registered thermal governor 'user_space'
[    0.520308] cpuidle: using governor ladder
[    0.521699] cpuidle: using governor menu
[    0.522604] acpiphp: ACPI Hot Plug PCI Controller Driver version: 0.5
[    0.524369] PCI: Using configuration type 1 for base access
[    0.525958] kprobes: kprobe jump-optimization is enabled. All kprobes are optimized if possible.
[    0.741043] HugeTLB: registered 1.00 GiB page size, pre-allocated 0 pages
[    0.742410] HugeTLB: 16380 KiB vmemmap can be freed for a 1.00 GiB page
[    0.743748] HugeTLB: registered 2.00 MiB page size, pre-allocated 0 pages
[    0.744225] HugeTLB: 28 KiB vmemmap can be freed for a 2.00 MiB page
[    0.747628] ACPI: Added _OSI(Module Device)
[    0.748245] ACPI: Added _OSI(Processor Device)
[    0.749146] ACPI: Added _OSI(3.0 _SCP Extensions)
[    0.750096] ACPI: Added _OSI(Processor Aggregator Device)
[    0.756724] ACPI: 1 ACPI AML tables successfully acquired and loaded
[    2.868221] Callback from call_rcu_tasks_rude() invoked.
[    2.914111] ACPI: Interpreter enabled
[    2.914793] ACPI: PM: (supports S0 S3 S4 S5)
[    2.915478] ACPI: Using IOAPIC for interrupt routing
[    2.916274] PCI: Using host bridge windows from ACPI; if necessary, use "pci=nocrs" and report a bug
[    2.917706] PCI: Using E820 reservations for host bridge windows
[    2.919292] ACPI: Enabled 2 GPEs in block 00 to 0F
[    2.935278] ACPI: PCI Root Bridge [PCI0] (domain 0000 [bus 00-ff])
[    2.936232] acpi PNP0A03:00: _OSC: OS supports [ASPM ClockPM Segments MSI EDR HPX-Type3]
[    2.937509] acpi PNP0A03:00: _OSC: not requesting OS control; OS requires [ExtendedConfig ASPM ClockPM MSI]
[    2.939081] acpi PNP0A03:00: fail to add MMCONFIG information, can't access extended configuration space under this bridge
[    2.942417] acpiphp: Slot [3] registered
[    2.943119] acpiphp: Slot [4] registered
[    2.943813] acpiphp: Slot [5] registered
[    2.944282] acpiphp: Slot [6] registered
[    2.944972] acpiphp: Slot [7] registered
[    2.945658] acpiphp: Slot [8] registered
[    2.946350] acpiphp: Slot [9] registered
[    2.947044] acpiphp: Slot [10] registered
[    2.947750] acpiphp: Slot [11] registered
[    2.948282] acpiphp: Slot [12] registered
[    2.948983] acpiphp: Slot [13] registered
[    2.949689] acpiphp: Slot [14] registered
[    2.950390] acpiphp: Slot [15] registered
[    2.951099] acpiphp: Slot [16] registered
[    2.951809] acpiphp: Slot [17] registered
[    2.952282] acpiphp: Slot [18] registered
[    2.952982] acpiphp: Slot [19] registered
[    2.953752] acpiphp: Slot [20] registered
[    2.954462] acpiphp: Slot [21] registered
[    2.955178] acpiphp: Slot [22] registered
[    2.955885] acpiphp: Slot [23] registered
[    2.956287] acpiphp: Slot [24] registered
[    2.956987] acpiphp: Slot [25] registered
[    2.957693] acpiphp: Slot [26] registered
[    2.958393] acpiphp: Slot [27] registered
[    2.959105] acpiphp: Slot [28] registered
[    2.959805] acpiphp: Slot [29] registered
[    2.960281] acpiphp: Slot [30] registered
[    2.960985] acpiphp: Slot [31] registered
[    2.961649] PCI host bridge to bus 0000:00
[    2.962303] pci_bus 0000:00: root bus resource [io  0x0000-0x0cf7 window]
[    2.963380] pci_bus 0000:00: root bus resource [io  0x0d00-0xffff window]
[    2.964220] pci_bus 0000:00: root bus resource [mem 0x000a0000-0x000bffff window]
[    2.965400] pci_bus 0000:00: root bus resource [mem 0x80000000-0xfebfffff window]
[    2.966582] pci_bus 0000:00: root bus resource [mem 0x100000000-0x17fffffff window]
[    2.967784] pci_bus 0000:00: root bus resource [bus 00-ff]
[    2.968353] pci 0000:00:00.0: [8086:1237] type 00 class 0x060000
[    2.972339] pci 0000:00:01.0: [8086:7000] type 00 class 0x060100
[    2.974374] pci 0000:00:01.1: [8086:7010] type 00 class 0x010180
[    2.976727] pci 0000:00:01.1: reg 0x20: [io  0xc040-0xc04f]
[    2.978286] pci 0000:00:01.1: legacy IDE quirk: reg 0x10: [io  0x01f0-0x01f7]
[    2.979410] pci 0000:00:01.1: legacy IDE quirk: reg 0x14: [io  0x03f6]
[    2.980221] pci 0000:00:01.1: legacy IDE quirk: reg 0x18: [io  0x0170-0x0177]
[    2.981341] pci 0000:00:01.1: legacy IDE quirk: reg 0x1c: [io  0x0376]
[    2.982718] pci 0000:00:01.3: [8086:7113] type 00 class 0x068000
[    2.984318] pci 0000:00:01.3: quirk: [io  0x0600-0x063f] claimed by PIIX4 ACPI
[    2.985690] pci 0000:00:01.3: quirk: [io  0x0700-0x070f] claimed by PIIX4 SMB
[    2.987249] pci 0000:00:02.0: [1234:1111] type 00 class 0x030000
[    2.990192] pci 0000:00:02.0: reg 0x10: [mem 0xfd000000-0xfdffffff pref]
[    2.992967] pci 0000:00:02.0: reg 0x18: [mem 0xfebf0000-0xfebf0fff]
[    2.996884] pci 0000:00:02.0: reg 0x30: [mem 0xfebe0000-0xfebeffff pref]
[    2.998195] pci 0000:00:02.0: Video device with shadowed ROM at [mem 0x000c0000-0x000dffff]
[    3.002562] pci 0000:00:03.0: [8086:100e] type 00 class 0x020000
[    3.003990] pci 0000:00:03.0: reg 0x10: [mem 0xfebc0000-0xfebdffff]
[    3.004666] pci 0000:00:03.0: reg 0x14: [io  0xc000-0xc03f]
[    3.007938] pci 0000:00:03.0: reg 0x30: [mem 0xfeb80000-0xfebbffff pref]
[    3.037244] ACPI: PCI: Interrupt link LNKA configured for IRQ 10
[    3.038516] ACPI: PCI: Interrupt link LNKB configured for IRQ 10
[    3.039769] ACPI: PCI: Interrupt link LNKC configured for IRQ 11
[    3.040562] ACPI: PCI: Interrupt link LNKD configured for IRQ 11
[    3.041634] ACPI: PCI: Interrupt link LNKS configured for IRQ 9
[    3.043706] iommu: Default domain type: Translated 
[    3.043706] iommu: DMA domain TLB invalidation policy: lazy mode 
[    3.044686] SCSI subsystem initialized
[    3.048394] ACPI: bus type USB registered
[    3.049079] usbcore: registered new interface driver usbfs
[    3.049936] usbcore: registered new interface driver hub
[    3.050758] usbcore: registered new device driver usb
[    3.051643] pps_core: LinuxPPS API ver. 1 registered
[    3.052219] pps_core: Software ver. 5.3.6 - Copyright 2005-2007 Rodolfo Giometti <giometti@linux.it>
[    3.053587] PTP clock support registered
[    3.054261] EDAC MC: Ver: 3.0.0
[    3.054261] Callback from call_rcu_tasks() invoked.
[    3.057415] NetLabel: Initializing
[    3.057967] NetLabel:  domain hash size = 128
[    3.058653] NetLabel:  protocols = UNLABELED CIPSOv4 CALIPSO
[    3.058653] NetLabel:  unlabeled traffic allowed by default
[    3.060360] PCI: Using ACPI for IRQ routing
[    3.061265] pci 0000:00:02.0: vgaarb: setting as boot VGA device
[    3.061265] pci 0000:00:02.0: vgaarb: bridge control possible
[    3.062096] pci 0000:00:02.0: vgaarb: VGA device added: decodes=io+mem,owns=io+mem,locks=none
[    3.064222] vgaarb: loaded
[    3.064664] hpet0: at MMIO 0xfed00000, IRQs 2, 8, 0
[    3.065380] hpet0: 3 comparators, 64-bit 100.000000 MHz counter
[    3.071590] clocksource: Switched to clocksource kvm-clock
[    3.253345] VFS: Disk quotas dquot_6.6.0
[    3.254041] VFS: Dquot-cache hash table entries: 512 (order 0, 4096 bytes)
[    3.255395] pnp: PnP ACPI init
[    3.257562] pnp: PnP ACPI: found 6 devices
[    3.271628] clocksource: acpi_pm: mask: 0xffffff max_cycles: 0xffffff, max_idle_ns: 2085701024 ns
[    3.273293] NET: Registered PF_INET protocol family
[    3.274135] IP idents hash table entries: 32768 (order: 6, 262144 bytes, linear)
[    3.276077] tcp_listen_portaddr_hash hash table entries: 1024 (order: 4, 73728 bytes, linear)
[    3.277402] Table-perturb hash table entries: 65536 (order: 6, 262144 bytes, linear)
[    3.278628] TCP established hash table entries: 16384 (order: 5, 131072 bytes, linear)
[    3.280101] TCP bind hash table entries: 16384 (order: 9, 2359296 bytes, linear)
[    3.298865] TCP: Hash tables configured (established 16384 bind 16384)
[    3.299950] UDP hash table entries: 1024 (order: 5, 163840 bytes, linear)
[    3.301033] UDP-Lite hash table entries: 1024 (order: 5, 163840 bytes, linear)
[    3.302238] NET: Registered PF_UNIX/PF_LOCAL protocol family
[    3.303902] RPC: Registered named UNIX socket transport module.
[    3.304847] RPC: Registered udp transport module.
[    3.305562] RPC: Registered tcp transport module.
[    3.306275] RPC: Registered tcp NFSv4.1 backchannel transport module.
[    3.307263] pci_bus 0000:00: resource 4 [io  0x0000-0x0cf7 window]
[    3.308205] pci_bus 0000:00: resource 5 [io  0x0d00-0xffff window]
[    3.309181] pci_bus 0000:00: resource 6 [mem 0x000a0000-0x000bffff window]
[    3.310219] pci_bus 0000:00: resource 7 [mem 0x80000000-0xfebfffff window]
[    3.311256] pci_bus 0000:00: resource 8 [mem 0x100000000-0x17fffffff window]
[    3.312549] pci 0000:00:01.0: PIIX3: Enabling Passive Release
[    3.313438] pci 0000:00:00.0: Limiting direct PCI/PCI transfers
[    3.314460] PCI: CLS 0 bytes, default 64
[    3.315126] ACPI: bus type thunderbolt registered
[    3.316125] clocksource: tsc: mask: 0xffffffffffffffff max_cycles: 0xb9fb05486c, max_idle_ns: 440795231721 ns
[    3.330780] Initialise system trusted keyrings
[    3.331557] Key type blacklist registered
[    3.332425] workingset: timestamp_bits=36 max_order=19 bucket_order=0
[    3.333527] zbud: loaded
[    3.334718] squashfs: version 4.0 (2009/01/31) Phillip Lougher
[    3.336380] NFS: Registering the id_resolver key type
[    3.337204] Key type id_resolver registered
[    3.337861] Key type id_legacy registered
[    3.338522] nfs4filelayout_init: NFSv4 File Layout Driver Registering...
[    3.339587] nfs4flexfilelayout_init: NFSv4 Flexfile Layout Driver Registering...
[    3.340999] fuse: init (API version 7.38)
[    3.341897] SGI XFS with ACLs, security attributes, realtime, quota, no debug enabled
[    3.343728] 9p: Installing v9fs 9p2000 file system support
[    3.350648] Key type asymmetric registered
[    3.351307] Asymmetric key parser 'x509' registered
[    3.352132] Block layer SCSI generic (bsg) driver version 0.4 loaded (major 243)
[    3.353438] io scheduler mq-deadline registered
[    3.354174] io scheduler bfq registered
[    3.355340] shpchp: Standard Hot Plug PCI Controller Driver version: 0.4
[    3.356789] IPMI message handler: version 39.2
[    3.357528] ipmi device interface
[    3.359777] input: Power Button as /devices/LNXSYSTM:00/LNXPWRBN:00/input/input0
[    3.361126] ACPI: button: Power Button [PWRF]
[    3.362867] ERST DBG: ERST support is disabled.
[    3.364467] Serial: 8250/16550 driver, 32 ports, IRQ sharing enabled
[    3.366118] 00:04: ttyS0 at I/O 0x3f8 (irq = 4, base_baud = 115200) is a 16550A
[    3.376338] Linux agpgart interface v0.103
[    3.377744] ACPI: bus type drm_connector registered
[    3.394206] brd: module loaded
[    3.405934] loop: module loaded
[    3.410345] scsi host0: ata_piix
[    3.411329] scsi host1: ata_piix
[    3.412024] ata1: PATA max MWDMA2 cmd 0x1f0 ctl 0x3f6 bmdma 0xc040 irq 14
[    3.413092] ata2: PATA max MWDMA2 cmd 0x170 ctl 0x376 bmdma 0xc048 irq 15
[    3.415008] tun: Universal TUN/TAP device driver, 1.6
[    3.415984] e100: Intel(R) PRO/100 Network Driver
[    3.416734] e100: Copyright(c) 1999-2006 Intel Corporation
[    3.417605] e1000: Intel(R) PRO/1000 Network Driver
[    3.418358] e1000: Copyright (c) 1999-2006 Intel Corporation.
[    3.572479] ata1: found unknown device (class 0)
[    3.574067] ata1.00: ATA-7: QEMU HARDDISK, 2.5+, max UDMA/100
[    3.574946] ata1.00: 16777216 sectors, multi 16: LBA48 
[    3.576171] ata2: found unknown device (class 0)
[    3.577480] ata2.00: ATAPI: QEMU DVD-ROM, 2.5+, max UDMA/100
[    3.579201] scsi 0:0:0:0: Direct-Access     ATA      QEMU HARDDISK    2.5+ PQ: 0 ANSI: 5
[    3.581248] scsi 0:0:0:0: Attached scsi generic sg0 type 0
[    3.582663] sd 0:0:0:0: [sda] 16777216 512-byte logical blocks: (8.59 GB/8.00 GiB)
[    3.584311] sd 0:0:0:0: [sda] Write Protect is off
[    3.585455] sd 0:0:0:0: [sda] Write cache: enabled, read cache: enabled, doesn't support DPO or FUA
[    3.586251] ACPI: \_SB_.LNKC: Enabled at IRQ 11
[    3.586887] scsi 1:0:0:0: CD-ROM            QEMU     QEMU DVD-ROM     2.5+ PQ: 0 ANSI: 5
[    3.588412] sd 0:0:0:0: [sda] Preferred minimum I/O size 512 bytes
[    3.617076] scsi 1:0:0:0: Attached scsi generic sg1 type 5
[    3.619292] sd 0:0:0:0: [sda] Attached SCSI disk
[    3.937254] e1000 0000:00:03.0 eth0: (PCI:33MHz:32-bit) 52:54:00:12:34:56
[    3.938254] e1000 0000:00:03.0 eth0: Intel(R) PRO/1000 Network Connection
[    3.939211] e1000e: Intel(R) PRO/1000 Network Driver
[    3.939857] e1000e: Copyright(c) 1999 - 2015 Intel Corporation.
[    3.940664] igb: Intel(R) Gigabit Ethernet Network Driver
[    3.941351] igb: Copyright (c) 2007-2014 Intel Corporation.
[    3.942136] PPP generic driver version 2.4.2
[    3.943192] VFIO - User Level meta-driver version: 0.3
[    3.944356] usbcore: registered new interface driver uas
[    3.945074] usbcore: registered new interface driver usb-storage
[    3.945979] i8042: PNP: PS/2 Controller [PNP0303:KBD,PNP0f13:MOU] at 0x60,0x64 irq 1,12
[    3.948024] serio: i8042 KBD port at 0x60,0x64 irq 1
[    3.948724] serio: i8042 AUX port at 0x60,0x64 irq 12
[    3.949999] mousedev: PS/2 mouse device common for all mice
[    3.951476] input: AT Translated Set 2 keyboard as /devices/platform/i8042/serio0/input/input1
[    3.952459] rtc_cmos 00:05: RTC can wake from S4
[    3.954329] input: VirtualPS/2 VMware VMMouse as /devices/platform/i8042/serio1/input/input4
[    3.954424] rtc_cmos 00:05: registered as rtc0
[    3.956211] rtc_cmos 00:05: setting system clock to 2023-03-27T01:22:33 UTC (1679880153)
[    3.957591] input: VirtualPS/2 VMware VMMouse as /devices/platform/i8042/serio1/input/input3
[    3.957597] rtc_cmos 00:05: alarms up to one day, y3k, 242 bytes nvram, hpet irqs
[    3.959700] i2c_dev: i2c /dev entries driver
[    3.960434] device-mapper: core: CONFIG_IMA_DISABLE_HTABLE is disabled. Duplicate IMA measurements will not be recorded in the IMA log.
[    3.962061] device-mapper: uevent: version 1.0.3
[    3.962883] device-mapper: ioctl: 4.47.0-ioctl (2022-07-28) initialised: dm-devel@redhat.com
[    3.964029] intel_pstate: CPU model not supported
[    3.964762] sdhci: Secure Digital Host Controller Interface driver
[    3.965589] sdhci: Copyright(c) Pierre Ossman
[    3.966229] sdhci-pltfm: SDHCI platform and OF driver helper
[    3.967070] ledtrig-cpu: registered to indicate activity on CPUs
[    3.968170] drop_monitor: Initializing network drop monitor service
[    3.969245] NET: Registered PF_INET6 protocol family
[    3.971847] Segment Routing with IPv6
[    3.972398] In-situ OAM (IOAM) with IPv6
[    3.972975] NET: Registered PF_PACKET protocol family
[    3.973800] 9pnet: Installing 9P2000 support
[    3.974421] Key type dns_resolver registered
[    3.975730] IPI shorthand broadcast: enabled
[    3.988171] sched_clock: Marking stable (3752002344, 232212619)->(4023698927, -39483964)
[    3.989845] registered taskstats version 1
[    3.990603] Loading compiled-in X.509 certificates
[    3.995798] zswap: loaded using pool lzo/zbud
[    4.008136] Key type .fscrypt registered
[    4.008700] Key type fscrypt-provisioning registered
[    4.010255] Key type encrypted registered
[    4.010833] ima: No TPM chip found, activating TPM-bypass!
[    4.011584] ima: Allocated hash algorithm: sha1
[    4.012241] ima: No architecture policies found
[    4.012895] evm: Initialising EVM extended attributes:
[    4.013584] evm: security.selinux
[    4.014037] evm: security.SMACK64
[    4.014488] evm: security.SMACK64EXEC
[    4.014985] evm: security.SMACK64TRANSMUTE
[    4.015538] evm: security.SMACK64MMAP
[    4.016043] evm: security.apparmor
[    4.016520] evm: security.ima
[    4.016926] evm: security.capability
[    4.017411] evm: HMAC attrs: 0x1
[    4.019078] PM:   Magic number: 15:934:357
[    4.019652] input event3: hash matches
[    4.020503] RAS: Correctable Errors collector initialized.
[    4.021836] md: Waiting for all devices to be available before autodetect
[    4.022428] md: If you don't use raid, use raid=noautodetect
[    4.022925] md: Autodetecting RAID arrays.
[    4.023292] md: autorun ...
[    4.023545] md: ... autorun DONE.
[    4.029017] EXT4-fs (sda): INFO: recovery required on readonly filesystem
[    4.029632] EXT4-fs (sda): write access will be enabled during recovery
[    4.137134] EXT4-fs (sda): recovery complete
[    4.139226] EXT4-fs (sda): mounted filesystem 23a53bb9-f815-47a5-b74c-5e08f7731193 with ordered data mode. Quota mode: none.
[    4.140355] VFS: Mounted root (ext4 filesystem) readonly on device 8:0.
[    4.141608] devtmpfs: mounted
[    4.149248] Freeing unused decrypted memory: 2036K
[    4.160678] Freeing unused kernel image (initmem) memory: 10508K
[    4.161287] Write protecting the kernel read-only data: 47104k
[    4.163228] Freeing unused kernel image (rodata/data gap) memory: 392K
[    4.242696] x86/mm: Checked W+X mappings: passed, no W+X pages found.
[    4.243339] Run /sbin/init as init process
[    4.347060] systemd[1]: RTC configured in localtime, applying delta of 0 minutes to system time.
[    4.373458] systemd[1]: systemd 239 (239-49.el8) running in system mode. (+PAM +AUDIT +SELINUX +IMA -APPARMOR +SMACK +SYSVINIT +UTMP +LIBCRYPTSETUP +GCRYPT +GNUTLS +ACL +XZ +LZ4 +SECCOMP +BLKID +ELFUTILS +KMOD +IDN2 -IDN +PCRE2 default-hierarchy=legacy)
[    4.375862] systemd[1]: Detected virtualization kvm.
[    4.376421] systemd[1]: Detected architecture x86-64.

Welcome to [0;31mCentOS Stream 8[0m!

[    4.459788] systemd[1]: Set hostname to <test>.
[    4.756184] systemd[1]: Listening on Journal Socket.
[[0;32m  OK  [0m] Listening on Journal Socket.
[    4.784535] systemd[1]: Starting Setup Virtual Console...
         Starting Setup Virtual Console...
[    4.786017] systemd[1]: Listening on LVM2 poll daemon socket.
[[0;32m  OK  [0m] Listening on LVM2 poll daemon socket.
[    4.789868] systemd[1]: Mounting POSIX Message Queue File System...
         Mounting POSIX Message Queue File System...
[    4.791384] systemd[1]: Listening on udev Kernel Socket.
[[0;32m  OK  [0m] Listening on udev Kernel Socket.
[    4.793329] systemd[1]: Created slice system-serial\x2dgetty.slice.
[[0;32m  OK  [0m] Created slice system-serial\x2dgetty.slice.
[[0;32m  OK  [0m] Reached target Swap.
[[0;32m  OK  [0m] Set up automount Arbitrary Executabâ€¦rmats File System Automount Point.
[[0;32m  OK  [0m] Listening on RPCbind Server Activation Socket.
[[0;32m  OK  [0m] Reached target RPC Port Mapper.
[[0;32m  OK  [0m] Started Forward Password Requests to Wall Directory Watch.
[[0;32m  OK  [0m] Listening on Process Core Dump Socket.
[[0;32m  OK  [0m] Listening on initctl Compatibility Named Pipe.
[[0;32m  OK  [0m] Created slice system-sshd\x2dkeygen.slice.
[[0;32m  OK  [0m] Listening on Device-mapper event daemon FIFOs.
         Starting Monitoring of LVM2 mirrorsâ€¦ng dmeventd or progress polling...
[[0;32m  OK  [0m] Listening on Journal Socket (/dev/log).
[[0;32m  OK  [0m] Listening on udev Control Socket.
[[0;32m  OK  [0m] Listening on multipathd control socket.
[[0;32m  OK  [0m] Created slice system-getty.slice.
         Starting Remount Root and Kernel File Systems...
[[0;32m  OK  [0m] Created slice User and Session Slice.
[[0;32m  OK  [0m] Reached target Slices.
         Starting Journal Service...
         Starting udev Coldplug all Devices...
         Starting Load Kernel Modules...
         Mounting Kernel Debug File System...
         Mounting Huge Pages File System...
[[0;32m  OK  [0m] Started Journal Service.
[[0;32m  OK  [0m] Started Setup Virtual Console.
[[0;32m  OK  [0m] Mounted POSIX Message Queue File System.
[[0;32m  OK  [0m] Started Monitoring of LVM2 mirrors,â€¦sing dmeventd or progress polling.
[    5.244728] EXT4-fs (sda): re-mounted 23a53bb9-f815-47a5-b74c-5e08f7731193. Quota mode: none.
[[0;32m  OK  [0m] Started Remount Root and Kernel File Systems.
[[0;1;31mFAILED[0m] Failed to start Load Kernel Modules.
See 'systemctl status systemd-modules-load.service' for details.
[[0;32m  OK  [0m] Mounted Kernel Debug File System.
[[0;32m  OK  [0m] Mounted Huge Pages File System.
         Mounting FUSE Control File System...
         Starting Apply Kernel Variables...
         Mounting Kernel Configuration File System...
         Starting Load/Save Random Seed...
         Starting Create Static Device Nodes in /dev...
         Starting Flush Journal to Persistent Storage...
[[0;32m  OK  [0m] Mounted FUSE Control File System.
[[0;32m  OK  [0m] Started Apply Kernel Variables.
[[0;32m  OK  [0m] Mounted Kernel Configuration File System.
[[0;32m  OK  [0m] Started Load/Save Random Seed.
[[0;32m  OK  [0m] Started Flush Journal to Persistent Storage.
[[0;32m  OK  [0m] Started Create Static Device Nodes in /dev.
         Starting udev Kernel Device Manager...
[[0;32m  OK  [0m] Started udev Coldplug all Devices.
         Starting udev Wait for Complete Device Initialization...
[[0;32m  OK  [0m] Started udev Kernel Device Manager.
         Starting Show Plymouth Boot Screen...
[[0;32m  OK  [0m] Started Show Plymouth Boot Screen.
[[0;32m  OK  [0m] Started Forward Password Requests to Plymouth Directory Watch.
[[0;32m  OK  [0m] Reached target Local Encrypted Volumes.
[[0;32m  OK  [0m] Reached target Paths.
[[0;32m  OK  [0m] Found device /dev/ttyS0.
[[0;32m  OK  [0m] Started udev Wait for Complete Device Initialization.
[[0;32m  OK  [0m] Reached target Local File Systems (Pre).
[[0;32m  OK  [0m] Reached target Local File Systems.
         Starting Tell Plymouth To Write Out Runtime Data...
         Starting Create Volatile Files and Directories...
         Starting Restore /run/initramfs on shutdown...
[[0;32m  OK  [0m] Listening on Load/Save RF Kill Switch Status /dev/rfkill Watch.
[[0;32m  OK  [0m] Started Tell Plymouth To Write Out Runtime Data.
[[0;32m  OK  [0m] Started Create Volatile Files and Directories.
[[0;32m  OK  [0m] Started Restore /run/initramfs on shutdown.
         Starting RPC Bind...
         Mounting RPC Pipe File System...
         Starting Security Auditing Service...
[[0;32m  OK  [0m] Mounted RPC Pipe File System.
[[0;32m  OK  [0m] Started RPC Bind.
[[0;32m  OK  [0m] Reached target rpc_pipefs.target.
[[0;32m  OK  [0m] Started Security Auditing Service.
         Starting Update UTMP about System Boot/Shutdown...
[[0;32m  OK  [0m] Started Update UTMP about System Boot/Shutdown.
[[0;32m  OK  [0m] Reached target System Initialization.
[[0;32m  OK  [0m] Started daily update of the root trust anchor for DNSSEC.
[[0;32m  OK  [0m] Started Daily Cleanup of Temporary Directories.
[[0;32m  OK  [0m] Listening on D-Bus System Message Bus Socket.
[[0;32m  OK  [0m] Listening on SSSD Kerberos Cache Manager responder socket.
[[0;32m  OK  [0m] Reached target Sockets.
[[0;32m  OK  [0m] Reached target Basic System.
         Starting Self Monitoring and Reporting Technology (SMART) Daemon...
         Starting Authorization Manager...
         Starting NTP client/server...
[[0;32m  OK  [0m] Started irqbalance daemon.
[[0;32m  OK  [0m] Started Machine Check Exception Logging Daemon.
[[0;32m  OK  [0m] Started D-Bus System Message Bus.
         Starting Network Manager...
[[0;32m  OK  [0m] Reached target sshd-keygen.target.
[[0;32m  OK  [0m] Started dnf makecache --timer.
[[0;32m  OK  [0m] Reached target Timers.
         Starting Auto-connect to subsystemsâ€¦-NVME devices found during boot...
         Starting Login Service...
[[0;32m  OK  [0m] Started Self Monitoring and Reporting Technology (SMART) Daemon.
         Starting update of the root trust aâ€¦or DNSSEC validation in unbound...
[[0;32m  OK  [0m] Started Auto-connect to subsystems â€¦FC-NVME devices found during boot.
[[0;32m  OK  [0m] Started Login Service.
[[0;32m  OK  [0m] Started NTP client/server.
[[0;32m  OK  [0m] Started Network Manager.
         Starting Network Manager Wait Online...
[[0;32m  OK  [0m] Reached target Network.
         Starting GSSAPI Proxy Daemon...
         Starting OpenSSH server daemon...
         Starting Dynamic System Tuning Daemon...
[[0;32m  OK  [0m] Started update of the root trust anâ€¦ for DNSSEC validation in unbound.
[[0;32m  OK  [0m] Started Authorization Manager.
         Starting Hostname Service...
[[0;32m  OK  [0m] Started GSSAPI Proxy Daemon.
[[0;32m  OK  [0m] Reached target NFS client services.
[[0;32m  OK  [0m] Reached target Remote File Systems (Pre).
[[0;32m  OK  [0m] Reached target Remote File Systems.
         Starting Permit User Sessions...
[[0;32m  OK  [0m] Started OpenSSH server daemon.
[[0;32m  OK  [0m] Started Permit User Sessions.
         Starting Hold until boot process finishes up...
         Starting Terminate Plymouth Boot Screen...
[[0;32m  OK  [0m] Started Command Scheduler.
[    7.379091] e1000: eth0 NIC Link is Up 1000 Mbps Full Duplex, Flow Control: RX
[    7.381443] IPv6: ADDRCONF(NETDEV_CHANGE): eth0: link becomes ready
[    7.686978] Spectre V2 : WARNING: Unprivileged eBPF is enabled with eIBRS on, data leaks possible via Spectre v2 BHB attacks!
[    7.688674] Spectre V2 : WARNING: Unprivileged eBPF is enabled with eIBRS on, data leaks possible via Spectre v2 BHB attacks!

CentOS Stream 8
Kernel 6.2.0-1bd1aee6cdb5+ on an x86_64

test login: [   24.651236] memfd_create() without MFD_EXEC nor MFD_NOEXEC_SEAL, pid=334 'systemd'
