c[?7l[2J[0mSeaBIOS (version rel-1.16.0-0-gd239552ce722-prebuilt.qemu.org)


iPXE (http://ipxe.org) 00:03.0 CA00 PCI2.10 PnP PMM+7FF91000+7FEF1000 CA00
Press Ctrl-B to configure iPXE (PCI 00:03.0)...                                                                               


Booting from ROM...
c[?7l[2J[    0.000000] Linux version 6.1.0-1ca06f1c1ace+ (root@p-rpls01) (gcc (GCC) 8.5.0 20210514 (Red Hat 8.5.0-18), GNU ld version 2.36.1-2.el8) #1 SMP PREEMPT_DYNAMIC Mon Mar 13 23:21:07 CST 2023
[    0.000000] Command line: console=ttyS0 root=/dev/sda earlyprintk=serial net.ifnames=0
[    0.000000] KERNEL supported cpus:
[    0.000000]   Intel GenuineIntel
[    0.000000]   AMD AuthenticAMD
[    0.000000]   Hygon HygonGenuine
[    0.000000]   Centaur CentaurHauls
[    0.000000]   zhaoxin   Shanghai  
[    0.000000] x86/fpu: Supporting XSAVE feature 0x001: 'x87 floating point registers'
[    0.000000] x86/fpu: Supporting XSAVE feature 0x002: 'SSE registers'
[    0.000000] x86/fpu: Supporting XSAVE feature 0x004: 'AVX registers'
[    0.000000] x86/fpu: Supporting XSAVE feature 0x200: 'Protection Keys User registers'
[    0.000000] x86/fpu: xstate_offset[2]:  576, xstate_sizes[2]:  256
[    0.000000] x86/fpu: xstate_offset[9]:  832, xstate_sizes[9]:    8
[    0.000000] x86/fpu: Enabled xstate features 0x207, context size is 840 bytes, using 'compacted' format.
[    0.000000] signal: max sigframe size: 3632
[    0.000000] BIOS-provided physical RAM map:
[    0.000000] BIOS-e820: [mem 0x0000000000000000-0x000000000009fbff] usable
[    0.000000] BIOS-e820: [mem 0x000000000009fc00-0x000000000009ffff] reserved
[    0.000000] BIOS-e820: [mem 0x00000000000f0000-0x00000000000fffff] reserved
[    0.000000] BIOS-e820: [mem 0x0000000000100000-0x000000007ffdffff] usable
[    0.000000] BIOS-e820: [mem 0x000000007ffe0000-0x000000007fffffff] reserved
[    0.000000] BIOS-e820: [mem 0x00000000feffc000-0x00000000feffffff] reserved
[    0.000000] BIOS-e820: [mem 0x00000000fffc0000-0x00000000ffffffff] reserved
[    0.000000] printk: bootconsole [earlyser0] enabled
[    0.000000] NX (Execute Disable) protection: active
[    0.000000] SMBIOS 2.8 present.
[    0.000000] DMI: QEMU Standard PC (i440FX + PIIX, 1996), BIOS rel-1.16.0-0-gd239552ce722-prebuilt.qemu.org 04/01/2014
[    0.000000] Hypervisor detected: KVM
[    0.000000] kvm-clock: Using msrs 4b564d01 and 4b564d00
[    0.000003] kvm-clock: using sched offset of 445849458 cycles
[    0.001001] clocksource: kvm-clock: mask: 0xffffffffffffffff max_cycles: 0x1cd42e4dffb, max_idle_ns: 881590591483 ns
[    0.004104] tsc: Detected 806.400 MHz processor
[    0.012990] last_pfn = 0x7ffe0 max_arch_pfn = 0x400000000
[    0.014198] x86/PAT: Configuration [0-7]: WB  WC  UC- UC  WB  WP  UC- WT  
[    0.021889] found SMP MP-table at [mem 0x000f5ba0-0x000f5baf]
[    0.023107] Using GB pages for direct mapping
[    0.025246] ACPI: Early table checksum verification disabled
[    0.026352] ACPI: RSDP 0x00000000000F59C0 000014 (v00 BOCHS )
[    0.027467] ACPI: RSDT 0x000000007FFE1951 000034 (v01 BOCHS  BXPC     00000001 BXPC 00000001)
[    0.029111] ACPI: FACP 0x000000007FFE17FD 000074 (v01 BOCHS  BXPC     00000001 BXPC 00000001)
[    0.030766] ACPI: DSDT 0x000000007FFE0040 0017BD (v01 BOCHS  BXPC     00000001 BXPC 00000001)
[    0.032406] ACPI: FACS 0x000000007FFE0000 000040
[    0.033299] ACPI: APIC 0x000000007FFE1871 000080 (v01 BOCHS  BXPC     00000001 BXPC 00000001)
[    0.034945] ACPI: HPET 0x000000007FFE18F1 000038 (v01 BOCHS  BXPC     00000001 BXPC 00000001)
[    0.036584] ACPI: WAET 0x000000007FFE1929 000028 (v01 BOCHS  BXPC     00000001 BXPC 00000001)
[    0.038230] ACPI: Reserving FACP table memory at [mem 0x7ffe17fd-0x7ffe1870]
[    0.039574] ACPI: Reserving DSDT table memory at [mem 0x7ffe0040-0x7ffe17fc]
[    0.040917] ACPI: Reserving FACS table memory at [mem 0x7ffe0000-0x7ffe003f]
[    0.042278] ACPI: Reserving APIC table memory at [mem 0x7ffe1871-0x7ffe18f0]
[    0.043619] ACPI: Reserving HPET table memory at [mem 0x7ffe18f1-0x7ffe1928]
[    0.044960] ACPI: Reserving WAET table memory at [mem 0x7ffe1929-0x7ffe1950]
[    0.047445] No NUMA configuration found
[    0.048178] Faking a node at [mem 0x0000000000000000-0x000000007ffdffff]
[    0.049523] NODE_DATA(0) allocated [mem 0x7ffb5000-0x7ffdffff]
[    0.054316] Zone ranges:
[    0.054808]   DMA      [mem 0x0000000000001000-0x0000000000ffffff]
[    0.055988]   DMA32    [mem 0x0000000001000000-0x000000007ffdffff]
[    0.057169]   Normal   empty
[    0.057724]   Device   empty
[    0.058281] Movable zone start for each node
[    0.059096] Early memory node ranges
[    0.059775]   node   0: [mem 0x0000000000001000-0x000000000009efff]
[    0.060971]   node   0: [mem 0x0000000000100000-0x000000007ffdffff]
[    0.062172] Initmem setup node 0 [mem 0x0000000000001000-0x000000007ffdffff]
[    0.063801] On node 0, zone DMA: 1 pages in unavailable ranges
[    0.063823] On node 0, zone DMA: 97 pages in unavailable ranges
[    0.070227] On node 0, zone DMA32: 32 pages in unavailable ranges
[    0.072013] ACPI: PM-Timer IO Port: 0x608
[    0.073971] ACPI: LAPIC_NMI (acpi_id[0xff] dfl dfl lint[0x1])
[    0.075158] IOAPIC[0]: apic_id 0, version 17, address 0xfec00000, GSI 0-23
[    0.076484] ACPI: INT_SRC_OVR (bus 0 bus_irq 0 global_irq 2 dfl dfl)
[    0.077696] ACPI: INT_SRC_OVR (bus 0 bus_irq 5 global_irq 5 high level)
[    0.078964] ACPI: INT_SRC_OVR (bus 0 bus_irq 9 global_irq 9 high level)
[    0.080225] ACPI: INT_SRC_OVR (bus 0 bus_irq 10 global_irq 10 high level)
[    0.081520] ACPI: INT_SRC_OVR (bus 0 bus_irq 11 global_irq 11 high level)
[    0.082832] ACPI: Using ACPI (MADT) for SMP configuration information
[    0.084061] ACPI: HPET id: 0x8086a201 base: 0xfed00000
[    0.085049] TSC deadline timer available
[    0.085792] smpboot: Allowing 2 CPUs, 0 hotplug CPUs
[    0.086803] kvm-guest: KVM setup pv remote TLB flush
[    0.087762] kvm-guest: setup PV sched yield
[    0.088613] PM: hibernation: Registered nosave memory: [mem 0x00000000-0x00000fff]
[    0.090063] PM: hibernation: Registered nosave memory: [mem 0x0009f000-0x0009ffff]
[    0.091499] PM: hibernation: Registered nosave memory: [mem 0x000a0000-0x000effff]
[    0.092939] PM: hibernation: Registered nosave memory: [mem 0x000f0000-0x000fffff]
[    0.094385] [mem 0x80000000-0xfeffbfff] available for PCI devices
[    0.095545] Booting paravirtualized kernel on KVM
[    0.096443] clocksource: refined-jiffies: mask: 0xffffffff max_cycles: 0xffffffff, max_idle_ns: 7645519600211568 ns
[    0.098450] setup_percpu: NR_CPUS:8192 nr_cpumask_bits:2 nr_cpu_ids:2 nr_node_ids:1
[    0.100306] percpu: Embedded 64 pages/cpu s225280 r8192 d28672 u1048576
[    0.101850] kvm-guest: PV spinlocks enabled
[    0.102663] PV qspinlock hash table entries: 256 (order: 0, 4096 bytes, linear)
[    0.104083] Fallback order for Node 0: 0 
[    0.104869] Built 1 zonelists, mobility grouping on.  Total pages: 515808
[    0.106181] Policy zone: DMA32
[    0.106768] Kernel command line: net.ifnames=0 console=ttyS0 root=/dev/sda earlyprintk=serial net.ifnames=0
[    0.108995] random: crng init done
[    0.110003] Dentry cache hash table entries: 262144 (order: 9, 2097152 bytes, linear)
[    0.111639] Inode-cache hash table entries: 131072 (order: 8, 1048576 bytes, linear)
[    0.113256] mem auto-init: stack:off, heap alloc:off, heap free:off
[    0.118600] Memory: 1983336K/2096632K available (32784K kernel code, 4700K rwdata, 8352K rodata, 3676K init, 22112K bss, 113040K reserved, 0K cma-reserved)
[    0.121958] SLUB: HWalign=64, Order=0-3, MinObjects=0, CPUs=2, Nodes=1
[    0.123193] kmemleak: Kernel memory leak detector disabled
[    0.124248] ftrace: allocating 67623 entries in 265 pages
[    0.147559] ftrace: allocated 265 pages with 3 groups
[    0.151867] Dynamic Preempt: voluntary
[    0.152742] Running RCU self tests
[    0.153397] rcu: Preemptible hierarchical RCU implementation.
[    0.154488] rcu: 	RCU lockdep checking is enabled.
[    0.155387] rcu: 	RCU restricting CPUs from NR_CPUS=8192 to nr_cpu_ids=2.
[    0.156657] 	Trampoline variant of Tasks RCU enabled.
[    0.157618] 	Rude variant of Tasks RCU enabled.
[    0.158489] 	Tracing variant of Tasks RCU enabled.
[    0.159400] rcu: RCU calculated value of scheduler-enlistment delay is 25 jiffies.
[    0.160845] rcu: Adjusting geometry for rcu_fanout_leaf=16, nr_cpu_ids=2
[    0.190571] NR_IRQS: 524544, nr_irqs: 440, preallocated irqs: 16
[    0.192074] rcu: srcu_init: Setting srcu_struct sizes based on contention.
[    0.210787] Console: colour VGA+ 80x25
[    0.211590] printk: console [ttyS0] enabled
[    0.211590] printk: console [ttyS0] enabled
[    0.213207] printk: bootconsole [earlyser0] disabled
[    0.213207] printk: bootconsole [earlyser0] disabled
[    0.215111] Lock dependency validator: Copyright (c) 2006 Red Hat, Inc., Ingo Molnar
[    0.216609] ... MAX_LOCKDEP_SUBCLASSES:  8
[    0.217418] ... MAX_LOCK_DEPTH:          48
[    0.218249] ... MAX_LOCKDEP_KEYS:        8192
[    0.219110] ... CLASSHASH_SIZE:          4096
[    0.219956] ... MAX_LOCKDEP_ENTRIES:     32768
[    0.220822] ... MAX_LOCKDEP_CHAINS:      65536
[    0.221687] ... CHAINHASH_SIZE:          32768
[    0.222551]  memory used by lock dependency info: 6365 kB
[    0.223614]  memory used for stack traces: 4224 kB
[    0.224583]  per task-struct memory footprint: 1920 bytes
[    0.225707] ACPI: Core revision 20221020
[    0.226806] clocksource: hpet: mask: 0xffffffff max_cycles: 0xffffffff, max_idle_ns: 19112604467 ns
[    0.228811] APIC: Switch to symmetric I/O mode setup
[    0.230374] x2apic enabled
[    0.231467] Switched APIC routing to physical x2apic.
[    0.232489] kvm-guest: setup PV IPIs
[    0.235688] ..TIMER: vector=0x30 apic1=0 pin1=2 apic2=-1 pin2=-1
[    0.236971] clocksource: tsc-early: mask: 0xffffffffffffffff max_cycles: 0xb9fb05486c, max_idle_ns: 440795231721 ns
[    0.239044] Calibrating delay loop (skipped) preset value.. 1612.80 BogoMIPS (lpj=3225600)
[    0.240673] pid_max: default: 32768 minimum: 301
[    0.243114] LSM: initializing lsm=capability,yama,integrity
[    0.244243] Yama: becoming mindful.
[    0.245089] Mount-cache hash table entries: 4096 (order: 3, 32768 bytes, linear)
[    0.247035] Mountpoint-cache hash table entries: 4096 (order: 3, 32768 bytes, linear)
[    0.250022] CPU0: Thermal monitoring enabled (TM1)
[    0.251197] x86/cpu: User Mode Instruction Prevention (UMIP) activated
[    0.253009] Last level iTLB entries: 4KB 0, 2MB 0, 4MB 0
[    0.254093] Last level dTLB entries: 4KB 0, 2MB 0, 4MB 0, 1GB 0
[    0.255048] Spectre V1 : Mitigation: usercopy/swapgs barriers and __user pointer sanitization
[    0.256741] Spectre V2 : WARNING: Unprivileged eBPF is enabled with eIBRS on, data leaks possible via Spectre v2 BHB attacks!
[    0.259036] Spectre V2 : Mitigation: Enhanced IBRS
[    0.259988] Spectre V2 : Spectre v2 / SpectreRSB mitigation: Filling RSB on context switch
[    0.261598] Spectre V2 : Spectre v2 / PBRSB-eIBRS: Retire a single CALL on VMEXIT
[    0.263033] Spectre V2 : mitigation: Enabling conditional Indirect Branch Prediction Barrier
[    0.264664] Speculative Store Bypass: Mitigation: Speculative Store Bypass disabled via prctl
[    0.266303] MMIO Stale Data: Unknown: No mitigations
[    0.380563] Freeing SMP alternatives memory: 56K
[    0.381791] smpboot: CPU0: Genuine Intel(R) 0000 (family: 0x6, model: 0xb7, stepping: 0x0)
[    0.383027] cblist_init_generic: Setting adjustable number of callback queues.
[    0.383027] cblist_init_generic: Setting shift to 1 and lim to 1.
[    0.383085] cblist_init_generic: Setting shift to 1 and lim to 1.
[    0.384304] cblist_init_generic: Setting shift to 1 and lim to 1.
[    0.385520] Running RCU-tasks wait API self tests
[    0.487129] Performance Events: Alderlake Hybrid events, full-width counters, Intel PMU driver.
[    0.489230] core: cpu_core PMU driver: 
[    0.489898] ... version:                2
[    0.490579] ... bit width:              48
[    0.491036] ... generic registers:      6
[    0.491718] ... value mask:             0000ffffffffffff
[    0.492613] ... max period:             00007fffffffffff
[    0.493505] ... fixed-purpose events:   3
[    0.494184] ... event mask:             0001000f0000003f
[    0.495217] rcu: Hierarchical SRCU implementation.
[    0.496026] rcu: 	Max phase no-delay instances is 1000.
[    0.498002] unchecked MSR access error: WRMSR to 0x38f (tried to write 0x0001000f0000003f) at rIP: 0xffffffff810ce45c (native_write_msr+0xc/0x30)
[    0.499027] Call Trace:
[    0.499027]  <TASK>
[    0.499027]  __intel_pmu_enable_all.constprop.46+0xb5/0x140
[    0.499027]  intel_pmu_enable_all+0x1e/0x30
[    0.499027]  x86_pmu_enable+0x46d/0x5a0
[    0.499027]  ? write_comp_data+0x2f/0x90
[    0.499027]  perf_pmu_enable+0x53/0x70
[    0.499027]  ctx_resched+0x14d/0x1e0
[    0.499027]  __perf_install_in_context+0x2f7/0x450
[    0.499027]  ? perf_assert_pmu_disabled.isra.84+0x50/0x50
[    0.499027]  ? perf_assert_pmu_disabled.isra.84+0x50/0x50
[    0.499027]  remote_function+0x80/0xa0
[    0.499027]  ? perf_assert_pmu_disabled.isra.84+0x50/0x50
[    0.499027]  generic_exec_single+0x124/0x190
[    0.499027]  smp_call_function_single+0x11c/0x240
[    0.499027]  ? perf_assert_pmu_disabled.isra.84+0x50/0x50
[    0.499027]  ? __sanitizer_cov_trace_pc+0x25/0x60
[    0.499027]  ? write_comp_data+0x2f/0x90
[    0.499027]  perf_install_in_context+0x2d8/0x300
[    0.499027]  ? ctx_resched+0x1e0/0x1e0
[    0.499027]  perf_event_create_kernel_counter+0x278/0x2a0
[    0.499027]  ? find_next_bit+0x30/0x30
[    0.499027]  hardlockup_detector_event_create+0x46/0xd0
[    0.499027]  hardlockup_detector_perf_init+0x18/0x66
[    0.499027]  watchdog_nmi_probe+0x17/0x1d
[    0.499027]  lockup_detector_init+0x40/0xaf
[    0.499027]  kernel_init_freeable+0x264/0x422
[    0.499027]  ? rest_init+0x240/0x240
[    0.499027]  kernel_init+0x24/0x1e0
[    0.499027]  ? rest_init+0x240/0x240
[    0.499027]  ret_from_fork+0x1f/0x30
[    0.499027]  </TASK>
[    0.499213] smp: Bringing up secondary CPUs ...
[    0.500437] x86: Booting SMP configuration:
[    0.501185] .... node  #0, CPUs:      #1
[    0.502256] smp: Brought up 1 node, 2 CPUs
[    0.503759] smpboot: Max logical packages: 1
[    0.504511] smpboot: Total of 2 processors activated (3225.60 BogoMIPS)
[    0.507037] devtmpfs: initialized
[    0.507881] x86/mm: Memory block size: 128MB
[    0.511053] Callback from call_rcu_tasks_trace() invoked.
[    0.512023] clocksource: jiffies: mask: 0xffffffff max_cycles: 0xffffffff, max_idle_ns: 7645041785100000 ns
[    0.513718] futex hash table entries: 512 (order: 4, 65536 bytes, linear)
[    0.515120] pinctrl core: initialized pinctrl subsystem
[    0.516552] 
[    0.516835] *************************************************************
[    0.518022] **     NOTICE NOTICE NOTICE NOTICE NOTICE NOTICE NOTICE    **
[    0.519040] **                                                         **
[    0.520215] **  IOMMU DebugFS SUPPORT HAS BEEN ENABLED IN THIS KERNEL  **
[    0.521395] **                                                         **
[    0.522576] ** This means that this kernel is built to expose internal **
[    0.523034] ** IOMMU data structures, which may compromise security on **
[    0.524211] ** your system.                                            **
[    0.525405] **                                                         **
[    0.526620] ** If you see this message and you are not debugging the   **
[    0.527034] ** kernel, report this immediately to your vendor!         **
[    0.528254] **                                                         **
[    0.529468] **     NOTICE NOTICE NOTICE NOTICE NOTICE NOTICE NOTICE    **
[    0.530685] *************************************************************
[    0.531158] PM: RTC time: 20:25:08, date: 2023-03-26
[    0.534814] NET: Registered PF_NETLINK/PF_ROUTE protocol family
[    0.535669] DMA: preallocated 256 KiB GFP_KERNEL pool for atomic allocations
[    0.536947] DMA: preallocated 256 KiB GFP_KERNEL|GFP_DMA pool for atomic allocations
[    0.538343] DMA: preallocated 256 KiB GFP_KERNEL|GFP_DMA32 pool for atomic allocations
[    0.539079] audit: initializing netlink subsys (disabled)
[    0.540119] audit: type=2000 audit(1679862309.331:1): state=initialized audit_enabled=0 res=1
[    0.540119] thermal_sys: Registered thermal governor 'fair_share'
[    0.540627] thermal_sys: Registered thermal governor 'bang_bang'
[    0.541726] thermal_sys: Registered thermal governor 'step_wise'
[    0.543038] thermal_sys: Registered thermal governor 'user_space'
[    0.544159] cpuidle: using governor ladder
[    0.546019] cpuidle: using governor menu
[    0.547130] acpiphp: ACPI Hot Plug PCI Controller Driver version: 0.5
[    0.548622] PCI: Using configuration type 1 for base access
[    0.550604] kprobes: kprobe jump-optimization is enabled. All kprobes are optimized if possible.
[    0.827913] HugeTLB: registered 1.00 GiB page size, pre-allocated 0 pages
[    0.829647] HugeTLB: 16380 KiB vmemmap can be freed for a 1.00 GiB page
[    0.831045] HugeTLB: registered 2.00 MiB page size, pre-allocated 0 pages
[    0.832788] HugeTLB: 28 KiB vmemmap can be freed for a 2.00 MiB page
[    0.837496] ACPI: Added _OSI(Module Device)
[    0.838647] ACPI: Added _OSI(Processor Device)
[    0.839045] ACPI: Added _OSI(3.0 _SCP Extensions)
[    0.840258] ACPI: Added _OSI(Processor Aggregator Device)
[    0.848424] ACPI: 1 ACPI AML tables successfully acquired and loaded
[    0.854320] ACPI: Interpreter enabled
[    0.855154] ACPI: PM: (supports S0 S3 S4 S5)
[    0.856261] ACPI: Using IOAPIC for interrupt routing
[    0.857594] PCI: Using host bridge windows from ACPI; if necessary, use "pci=nocrs" and report a bug
[    0.859044] PCI: Using E820 reservations for host bridge windows
[    0.861428] ACPI: Enabled 2 GPEs in block 00 to 0F
[    0.882471] ACPI: PCI Root Bridge [PCI0] (domain 0000 [bus 00-ff])
[    0.883055] acpi PNP0A03:00: _OSC: OS supports [ASPM ClockPM Segments MSI EDR HPX-Type3]
[    0.885138] acpi PNP0A03:00: _OSC: not requesting OS control; OS requires [ExtendedConfig ASPM ClockPM MSI]
[    0.887113] acpi PNP0A03:00: fail to add MMCONFIG information, can't access extended PCI configuration space under this bridge.
[    0.892870] acpiphp: Slot [3] registered
[    0.893982] acpiphp: Slot [4] registered
[    0.895103] acpiphp: Slot [5] registered
[    0.896209] acpiphp: Slot [6] registered
[    0.897316] acpiphp: Slot [7] registered
[    0.898422] acpiphp: Slot [8] registered
[    0.899122] acpiphp: Slot [9] registered
[    0.900455] acpiphp: Slot [10] registered
[    0.901588] acpiphp: Slot [11] registered
[    0.902721] acpiphp: Slot [12] registered
[    0.903136] acpiphp: Slot [13] registered
[    0.904262] acpiphp: Slot [14] registered
[    0.905398] acpiphp: Slot [15] registered
[    0.906526] acpiphp: Slot [16] registered
[    0.907122] acpiphp: Slot [17] registered
[    0.908253] acpiphp: Slot [18] registered
[    0.909452] acpiphp: Slot [19] registered
[    0.910582] acpiphp: Slot [20] registered
[    0.911124] acpiphp: Slot [21] registered
[    0.912278] acpiphp: Slot [22] registered
[    0.913448] acpiphp: Slot [23] registered
[    0.914606] acpiphp: Slot [24] registered
[    0.915128] acpiphp: Slot [25] registered
[    0.916307] acpiphp: Slot [26] registered
[    0.917469] acpiphp: Slot [27] registered
[    0.918637] acpiphp: Slot [28] registered
[    0.919131] acpiphp: Slot [29] registered
[    0.920290] acpiphp: Slot [30] registered
[    0.921452] acpiphp: Slot [31] registered
[    0.922569] PCI host bridge to bus 0000:00
[    0.923040] pci_bus 0000:00: root bus resource [io  0x0000-0x0cf7 window]
[    0.924840] pci_bus 0000:00: root bus resource [io  0x0d00-0xffff window]
[    0.926633] pci_bus 0000:00: root bus resource [mem 0x000a0000-0x000bffff window]
[    0.927038] pci_bus 0000:00: root bus resource [mem 0x80000000-0xfebfffff window]
[    0.929041] pci_bus 0000:00: root bus resource [mem 0x100000000-0x17fffffff window]
[    0.931077] pci_bus 0000:00: root bus resource [bus 00-ff]
[    0.932738] pci 0000:00:00.0: [8086:1237] type 00 class 0x060000
[    0.938645] pci 0000:00:01.0: [8086:7000] type 00 class 0x060100
[    0.940646] pci 0000:00:01.1: [8086:7010] type 00 class 0x010180
[    0.944478] pci 0000:00:01.1: reg 0x20: [io  0xc040-0xc04f]
[    0.946997] pci 0000:00:01.1: legacy IDE quirk: reg 0x10: [io  0x01f0-0x01f7]
[    0.947045] pci 0000:00:01.1: legacy IDE quirk: reg 0x14: [io  0x03f6]
[    0.948784] pci 0000:00:01.1: legacy IDE quirk: reg 0x18: [io  0x0170-0x0177]
[    0.950691] pci 0000:00:01.1: legacy IDE quirk: reg 0x1c: [io  0x0376]
[    0.951594] pci 0000:00:01.3: [8086:7113] type 00 class 0x068000
[    0.954238] pci 0000:00:01.3: quirk: [io  0x0600-0x063f] claimed by PIIX4 ACPI
[    0.955059] pci 0000:00:01.3: quirk: [io  0x0700-0x070f] claimed by PIIX4 SMB
[    0.957492] pci 0000:00:02.0: [1234:1111] type 00 class 0x030000
[    0.960839] pci 0000:00:02.0: reg 0x10: [mem 0xfd000000-0xfdffffff pref]
[    0.965435] pci 0000:00:02.0: reg 0x18: [mem 0xfebf0000-0xfebf0fff]
[    0.971051] pci 0000:00:02.0: reg 0x30: [mem 0xfebe0000-0xfebeffff pref]
[    0.972777] pci 0000:00:02.0: Video device with shadowed ROM at [mem 0x000c0000-0x000dffff]
[    0.978282] pci 0000:00:03.0: [8086:100e] type 00 class 0x020000
[    0.980202] pci 0000:00:03.0: reg 0x10: [mem 0xfebc0000-0xfebdffff]
[    0.982568] pci 0000:00:03.0: reg 0x14: [io  0xc000-0xc03f]
[    0.987046] pci 0000:00:03.0: reg 0x30: [mem 0xfeb80000-0xfebbffff pref]
[    1.033945] ACPI: PCI: Interrupt link LNKA configured for IRQ 10
[    1.035510] ACPI: PCI: Interrupt link LNKB configured for IRQ 10
[    1.037295] ACPI: PCI: Interrupt link LNKC configured for IRQ 11
[    1.039126] ACPI: PCI: Interrupt link LNKD configured for IRQ 11
[    1.040668] ACPI: PCI: Interrupt link LNKS configured for IRQ 9
[    1.043194] iommu: Default domain type: Translated 
[    1.044284] iommu: DMA domain TLB invalidation policy: lazy mode 
[    1.046596] SCSI subsystem initialized
[    1.047300] ACPI: bus type USB registered
[    1.048248] usbcore: registered new interface driver usbfs
[    1.049482] usbcore: registered new interface driver hub
[    1.050695] usbcore: registered new device driver usb
[    1.051140] pps_core: LinuxPPS API ver. 1 registered
[    1.052237] pps_core: Software ver. 5.3.6 - Copyright 2005-2007 Rodolfo Giometti <giometti@linux.it>
[    1.054259] PTP clock support registered
[    1.055191] EDAC MC: Ver: 3.0.0
[    1.057314] NetLabel: Initializing
[    1.058035] NetLabel:  domain hash size = 128
[    1.058936] NetLabel:  protocols = UNLABELED CIPSOv4 CALIPSO
[    1.059091] NetLabel:  unlabeled traffic allowed by default
[    1.060550] PCI: Using ACPI for IRQ routing
[    1.061735] pci 0000:00:02.0: vgaarb: setting as boot VGA device
[    1.062949] pci 0000:00:02.0: vgaarb: bridge control possible
[    1.063027] pci 0000:00:02.0: vgaarb: VGA device added: decodes=io+mem,owns=io+mem,locks=none
[    1.063038] vgaarb: loaded
[    1.064006] hpet0: at MMIO 0xfed00000, IRQs 2, 8, 0
[    1.065046] hpet0: 3 comparators, 64-bit 100.000000 MHz counter
[    3.914008] clocksource: Switched to clocksource kvm-clock
[    3.914008] VFS: Disk quotas dquot_6.6.0
[    3.914728] VFS: Dquot-cache hash table entries: 512 (order 0, 4096 bytes)
[    3.916886] pnp: PnP ACPI init
[    3.920120] pnp: PnP ACPI: found 6 devices
[    3.933310] clocksource: acpi_pm: mask: 0xffffff max_cycles: 0xffffff, max_idle_ns: 2085701024 ns
[    3.936135] NET: Registered PF_INET protocol family
[    3.937568] IP idents hash table entries: 32768 (order: 6, 262144 bytes, linear)
[    3.940690] tcp_listen_portaddr_hash hash table entries: 1024 (order: 4, 73728 bytes, linear)
[    3.942994] Table-perturb hash table entries: 65536 (order: 6, 262144 bytes, linear)
[    3.945146] TCP established hash table entries: 16384 (order: 5, 131072 bytes, linear)
[    3.947546] TCP bind hash table entries: 16384 (order: 9, 2359296 bytes, linear)
[    3.950891] TCP: Hash tables configured (established 16384 bind 16384)
[    3.952860] UDP hash table entries: 1024 (order: 5, 163840 bytes, linear)
[    3.954732] UDP-Lite hash table entries: 1024 (order: 5, 163840 bytes, linear)
[    3.956810] NET: Registered PF_UNIX/PF_LOCAL protocol family
[    3.967421] RPC: Registered named UNIX socket transport module.
[    3.969016] RPC: Registered udp transport module.
[    3.970257] RPC: Registered tcp transport module.
[    3.971529] RPC: Registered tcp NFSv4.1 backchannel transport module.
[    3.973259] pci_bus 0000:00: resource 4 [io  0x0000-0x0cf7 window]
[    3.974889] pci_bus 0000:00: resource 5 [io  0x0d00-0xffff window]
[    3.976567] pci_bus 0000:00: resource 6 [mem 0x000a0000-0x000bffff window]
[    3.978437] pci_bus 0000:00: resource 7 [mem 0x80000000-0xfebfffff window]
[    3.980307] pci_bus 0000:00: resource 8 [mem 0x100000000-0x17fffffff window]
[    3.982526] Callback from call_rcu_tasks_rude() invoked.
[    3.982700] pci 0000:00:01.0: PIIX3: Enabling Passive Release
[    3.985653] pci 0000:00:00.0: Limiting direct PCI/PCI transfers
[    3.987463] PCI: CLS 0 bytes, default 64
[    3.989096] ACPI: bus type thunderbolt registered
[    3.990893] clocksource: tsc: mask: 0xffffffffffffffff max_cycles: 0xb9fb05486c, max_idle_ns: 440795231721 ns
[    4.023397] Callback from call_rcu_tasks() invoked.
[    4.096755] Initialise system trusted keyrings
[    4.098091] Key type blacklist registered
[    4.099578] workingset: timestamp_bits=36 max_order=19 bucket_order=0
[    4.101345] zbud: loaded
[    4.102856] squashfs: version 4.0 (2009/01/31) Phillip Lougher
[    4.105788] NFS: Registering the id_resolver key type
[    4.107210] Key type id_resolver registered
[    4.108327] Key type id_legacy registered
[    4.109407] nfs4filelayout_init: NFSv4 File Layout Driver Registering...
[    4.111192] nfs4flexfilelayout_init: NFSv4 Flexfile Layout Driver Registering...
[    4.113252] fuse: init (API version 7.38)
[    4.114464] SGI XFS with ACLs, security attributes, realtime, quota, no debug enabled
[    4.117500] 9p: Installing v9fs 9p2000 file system support
[    4.126503] Key type asymmetric registered
[    4.127649] Asymmetric key parser 'x509' registered
[    4.131331] alg: self-tests for CTR-KDF (hmac(sha256)) passed
[    4.132955] Block layer SCSI generic (bsg) driver version 0.4 loaded (major 243)
[    4.135222] io scheduler mq-deadline registered
[    4.136463] io scheduler bfq registered
[    4.138960] shpchp: Standard Hot Plug PCI Controller Driver version: 0.4
[    4.141040] IPMI message handler: version 39.2
[    4.142141] ipmi device interface
[    4.145132] input: Power Button as /devices/LNXSYSTM:00/LNXPWRBN:00/input/input0
[    4.147332] ACPI: button: Power Button [PWRF]
[    4.149508] ERST DBG: ERST support is disabled.
[    4.151234] Serial: 8250/16550 driver, 32 ports, IRQ sharing enabled
[    4.153721] 00:04: ttyS0 at I/O 0x3f8 (irq = 4, base_baud = 115200) is a 16550A
[    4.164778] Linux agpgart interface v0.103
[    4.166862] ACPI: bus type drm_connector registered
[    4.180814] brd: module loaded
[    4.188808] loop: module loaded
[    4.195209] scsi host0: ata_piix
[    4.196675] scsi host1: ata_piix
[    4.197620] ata1: PATA max MWDMA2 cmd 0x1f0 ctl 0x3f6 bmdma 0xc040 irq 14
[    4.199245] ata2: PATA max MWDMA2 cmd 0x170 ctl 0x376 bmdma 0xc048 irq 15
[    4.202598] tun: Universal TUN/TAP device driver, 1.6
[    4.204000] e100: Intel(R) PRO/100 Network Driver
[    4.205119] e100: Copyright(c) 1999-2006 Intel Corporation
[    4.206448] e1000: Intel(R) PRO/1000 Network Driver
[    4.207638] e1000: Copyright (c) 1999-2006 Intel Corporation.
[    4.359462] ata2: found unknown device (class 0)
[    4.362005] ata1: found unknown device (class 0)
[    4.364491] ata2.00: ATAPI: QEMU DVD-ROM, 2.5+, max UDMA/100
[    4.366909] ata1.00: ATA-7: QEMU HARDDISK, 2.5+, max UDMA/100
[    4.368515] ata1.00: 16777216 sectors, multi 16: LBA48 
[    4.372113] scsi 0:0:0:0: Direct-Access     ATA      QEMU HARDDISK    2.5+ PQ: 0 ANSI: 5
[    4.376181] sd 0:0:0:0: [sda] 16777216 512-byte logical blocks: (8.59 GB/8.00 GiB)
[    4.378304] sd 0:0:0:0: [sda] Write Protect is off
[    4.379714] sd 0:0:0:0: Attached scsi generic sg0 type 0
[    4.381357] sd 0:0:0:0: [sda] Write cache: enabled, read cache: enabled, doesn't support DPO or FUA
[    4.384513] scsi 1:0:0:0: CD-ROM            QEMU     QEMU DVD-ROM     2.5+ PQ: 0 ANSI: 5
[    4.387064] sd 0:0:0:0: [sda] Preferred minimum I/O size 512 bytes
[    4.410141] sd 0:0:0:0: [sda] Attached SCSI disk
[    4.428420] scsi 1:0:0:0: Attached scsi generic sg1 type 5
[    4.443402] ACPI: \_SB_.LNKC: Enabled at IRQ 11
[    4.831129] e1000 0000:00:03.0 eth0: (PCI:33MHz:32-bit) 52:54:00:12:34:56
[    4.832673] e1000 0000:00:03.0 eth0: Intel(R) PRO/1000 Network Connection
[    4.834268] e1000e: Intel(R) PRO/1000 Network Driver
[    4.835388] e1000e: Copyright(c) 1999 - 2015 Intel Corporation.
[    4.836756] igb: Intel(R) Gigabit Ethernet Network Driver
[    4.837942] igb: Copyright (c) 2007-2014 Intel Corporation.
[    4.839275] PPP generic driver version 2.4.2
[    4.841327] VFIO - User Level meta-driver version: 0.3
[    4.843244] usbcore: registered new interface driver uas
[    4.844469] usbcore: registered new interface driver usb-storage
[    4.845927] i8042: PNP: PS/2 Controller [PNP0303:KBD,PNP0f13:MOU] at 0x60,0x64 irq 1,12
[    4.849108] serio: i8042 KBD port at 0x60,0x64 irq 1
[    4.850274] serio: i8042 AUX port at 0x60,0x64 irq 12
[    4.852413] mousedev: PS/2 mouse device common for all mice
[    4.854617] rtc_cmos 00:05: RTC can wake from S4
[    4.856074] input: AT Translated Set 2 keyboard as /devices/platform/i8042/serio0/input/input1
[    4.859413] input: VirtualPS/2 VMware VMMouse as /devices/platform/i8042/serio1/input/input4
[    4.860200] rtc_cmos 00:05: registered as rtc0
[    4.862187] input: VirtualPS/2 VMware VMMouse as /devices/platform/i8042/serio1/input/input3
[    4.862782] rtc_cmos 00:05: setting system clock to 2023-03-26T20:25:13 UTC (1679862313)
[    4.866677] rtc_cmos 00:05: alarms up to one day, y3k, 242 bytes nvram, hpet irqs
[    4.868790] i2c_dev: i2c /dev entries driver
[    4.870253] device-mapper: core: CONFIG_IMA_DISABLE_HTABLE is disabled. Duplicate IMA measurements will not be recorded in the IMA log.
[    4.873418] device-mapper: uevent: version 1.0.3
[    4.874994] device-mapper: ioctl: 4.47.0-ioctl (2022-07-28) initialised: dm-devel@redhat.com
[    4.877054] intel_pstate: CPU model not supported
[    4.878211] sdhci: Secure Digital Host Controller Interface driver
[    4.879539] sdhci: Copyright(c) Pierre Ossman
[    4.880554] sdhci-pltfm: SDHCI platform and OF driver helper
[    4.882069] ledtrig-cpu: registered to indicate activity on CPUs
[    4.883914] drop_monitor: Initializing network drop monitor service
[    4.885438] NET: Registered PF_INET6 protocol family
[    4.889024] Segment Routing with IPv6
[    4.889981] In-situ OAM (IOAM) with IPv6
[    4.890856] NET: Registered PF_PACKET protocol family
[    4.892136] 9pnet: Installing 9P2000 support
[    4.893055] Key type dns_resolver registered
[    4.895012] IPI shorthand broadcast: enabled
[    4.911158] sched_clock: Marking stable (4873383349, 37650461)->(4981155943, -70122133)
[    4.913593] registered taskstats version 1
[    4.914598] Loading compiled-in X.509 certificates
[    4.915970] zswap: loaded using pool lzo/zbud
[    4.932733] Key type .fscrypt registered
[    4.933565] Key type fscrypt-provisioning registered
[    4.936056] Key type encrypted registered
[    4.936943] ima: No TPM chip found, activating TPM-bypass!
[    4.938075] ima: Allocated hash algorithm: sha1
[    4.939076] ima: No architecture policies found
[    4.940088] evm: Initialising EVM extended attributes:
[    4.941139] evm: security.selinux
[    4.941827] evm: security.SMACK64
[    4.942513] evm: security.SMACK64EXEC
[    4.943296] evm: security.SMACK64TRANSMUTE
[    4.944145] evm: security.SMACK64MMAP
[    4.944905] evm: security.apparmor
[    4.945609] evm: security.ima
[    4.946225] evm: security.capability
[    4.946957] evm: HMAC attrs: 0x1
[    4.953371] PM:   Magic number: 15:432:448
[    4.954774] RAS: Correctable Errors collector initialized.
[    4.957542] md: Waiting for all devices to be available before autodetect
[    4.958486] md: If you don't use raid, use raid=noautodetect
[    4.959315] md: Autodetecting RAID arrays.
[    4.959907] md: autorun ...
[    4.960308] md: ... autorun DONE.
[    4.966594] EXT4-fs (sda): INFO: recovery required on readonly filesystem
[    4.967585] EXT4-fs (sda): write access will be enabled during recovery
[    5.084966] EXT4-fs (sda): recovery complete
[    5.087351] EXT4-fs (sda): mounted filesystem 23a53bb9-f815-47a5-b74c-5e08f7731193 with ordered data mode. Quota mode: none.
[    5.088868] VFS: Mounted root (ext4 filesystem) readonly on device 8:0.
[    5.090492] devtmpfs: mounted
[    5.100227] Freeing unused decrypted memory: 2036K
[    5.102361] Freeing unused kernel image (initmem) memory: 3676K
[    5.103256] Write protecting the kernel read-only data: 45056k
[    5.106725] Freeing unused kernel image (text/rodata gap) memory: 2028K
[    5.108733] Freeing unused kernel image (rodata/data gap) memory: 1888K
[    5.218254] x86/mm: Checked W+X mappings: passed, no W+X pages found.
[    5.219217] Run /sbin/init as init process
[    5.336653] systemd[1]: RTC configured in localtime, applying delta of 0 minutes to system time.
[    5.370286] systemd[1]: systemd 239 (239-49.el8) running in system mode. (+PAM +AUDIT +SELINUX +IMA -APPARMOR +SMACK +SYSVINIT +UTMP +LIBCRYPTSETUP +GCRYPT +GNUTLS +ACL +XZ +LZ4 +SECCOMP +BLKID +ELFUTILS +KMOD +IDN2 -IDN +PCRE2 default-hierarchy=legacy)
[    5.373755] systemd[1]: Detected virtualization kvm.
[    5.374497] systemd[1]: Detected architecture x86-64.

Welcome to [0;31mCentOS Stream 8[0m!

[    5.443914] systemd[1]: Set hostname to <test>.
[    5.801492] systemd[1]: Listening on udev Kernel Socket.
[[0;32m  OK  [0m] Listening on udev Kernel Socket.
[    5.805993] systemd[1]: Created slice User and Session Slice.
[[0;32m  OK  [0m] Created slice User and Session Slice.
[    5.809909] systemd[1]: Created slice system-sshd\x2dkeygen.slice.
[[0;32m  OK  [0m] Created slice system-sshd\x2dkeygen.slice.
[    5.812533] systemd[1]: Listening on Journal Socket.
[[0;32m  OK  [0m] Listening on Journal Socket.
[    5.831650] systemd[1]: Starting Remount Root and Kernel File Systems...
         Starting Remount Root and Kernel File Systems...
[    5.837864] systemd[1]: Mounting Huge Pages File System...
         Mounting Huge Pages File System...
[[0;32m  OK  [0m] Listening on RPCbind Server Activation Socket.
[[0;32m  OK  [0m] Reached target Slices.
[[0;32m  OK  [0m] Listening on initctl Compatibility Named Pipe.
[[0;32m  OK  [0m] Listening on Journal Socket (/dev/log).
         Mounting Kernel Debug File System...
[[0;32m  OK  [0m] Listening on Device-mapper event daemon FIFOs.
         Starting Monitoring of LVM2 mirrorsâ€¦ng dmeventd or progress polling...
[[0;32m  OK  [0m] Listening on multipathd control socket.
[[0;32m  OK  [0m] Created slice system-serial\x2dgetty.slice.
         Mounting POSIX Message Queue File System...
         Starting Journal Service...
[[0;32m  OK  [0m] Created slice system-getty.slice.
[[0;32m  OK  [0m] Set up automount Arbitrary Executabâ€¦rmats File System Automount Point.
         Starting Setup Virtual Console...
[[0;32m  OK  [0m] Listening on udev Control Socket.
         Starting udev Coldplug all Devices...
         Starting Load Kernel Modules...
[[0;32m  OK  [0m] Reached target Swap.
[[0;32m  OK  [0m] Listening on LVM2 poll daemon socket.
[[0;32m  OK  [0m] Listening on Process Core Dump Socket.
[[0;32m  OK  [0m] Reached target RPC Port Mapper.
[[0;32m  OK  [0m] Started Forward Password Requests to Wall Directory Watch.
[    6.222335] EXT4-fs (sda): re-mounted 23a53bb9-f815-47a5-b74c-5e08f7731193. Quota mode: none.
[[0;32m  OK  [0m] Mounted Huge Pages File System.
[[0;32m  OK  [0m] Started Journal Service.
[[0;32m  OK  [0m] Started Remount Root and Kernel File Systems.
[[0;32m  OK  [0m] Mounted Kernel Debug File System.
[[0;32m  OK  [0m] Started Monitoring of LVM2 mirrors,â€¦sing dmeventd or progress polling.
[[0;32m  OK  [0m] Mounted POSIX Message Queue File System.
[[0;1;31mFAILED[0m] Failed to start Load Kernel Modules.
See 'systemctl status systemd-modules-load.service' for details.
         Starting Apply Kernel Variables...
         Mounting Kernel Configuration File System...
         Mounting FUSE Control File System...
         Starting Load/Save Random Seed...
         Starting Create Static Device Nodes in /dev...
         Starting Flush Journal to Persistent Storage...
[[0;32m  OK  [0m] Started Setup Virtual Console.
[[0;32m  OK  [0m] Started udev Coldplug all Devices.
[[0;32m  OK  [0m] Started Apply Kernel Variables.
[[0;32m  OK  [0m] Mounted Kernel Configuration File System.
[[0;32m  OK  [0m] Mounted FUSE Control File System.
[[0;32m  OK  [0m] Started Load/Save Random Seed.
[[0;32m  OK  [0m] Started Create Static Device Nodes in /dev.
[[0;32m  OK  [0m] Started Flush Journal to Persistent Storage.
         Starting udev Kernel Device Manager...
         Starting udev Wait for Complete Device Initialization...
[[0;32m  OK  [0m] Started udev Kernel Device Manager.
         Starting Show Plymouth Boot Screen...
[[0;32m  OK  [0m] Started Show Plymouth Boot Screen.
[[0;32m  OK  [0m] Started Forward Password Requests to Plymouth Directory Watch.
[[0;32m  OK  [0m] Reached target Local Encrypted Volumes.
[[0;32m  OK  [0m] Reached target Paths.
[[0;32m  OK  [0m] Found device /dev/ttyS0.
[[0;32m  OK  [0m] Listening on Load/Save RF Kill Switch Status /dev/rfkill Watch.
[[0;32m  OK  [0m] Started udev Wait for Complete Device Initialization.
[[0;32m  OK  [0m] Reached target Local File Systems (Pre).
[[0;32m  OK  [0m] Reached target Local File Systems.
         Starting Create Volatile Files and Directories...
         Starting Restore /run/initramfs on shutdown...
         Starting Tell Plymouth To Write Out Runtime Data...
[[0;32m  OK  [0m] Started Restore /run/initramfs on shutdown.
[[0;32m  OK  [0m] Started Tell Plymouth To Write Out Runtime Data.
[[0;32m  OK  [0m] Started Create Volatile Files and Directories.
         Mounting RPC Pipe File System...
         Starting Security Auditing Service...
         Starting RPC Bind...
[[0;32m  OK  [0m] Mounted RPC Pipe File System.
[[0;32m  OK  [0m] Reached target rpc_pipefs.target.
[[0;32m  OK  [0m] Started RPC Bind.
[[0;32m  OK  [0m] Started Security Auditing Service.
         Starting Update UTMP about System Boot/Shutdown...
[[0;32m  OK  [0m] Started Update UTMP about System Boot/Shutdown.
[[0;32m  OK  [0m] Reached target System Initialization.
[[0;32m  OK  [0m] Started daily update of the root trust anchor for DNSSEC.
[[0;32m  OK  [0m] Started dnf makecache --timer.
[[0;32m  OK  [0m] Started Daily Cleanup of Temporary Directories.
[[0;32m  OK  [0m] Reached target Timers.
[[0;32m  OK  [0m] Listening on D-Bus System Message Bus Socket.
[[0;32m  OK  [0m] Listening on SSSD Kerberos Cache Manager responder socket.
[[0;32m  OK  [0m] Reached target Sockets.
[[0;32m  OK  [0m] Reached target Basic System.
         Starting NTP client/server...
[[0;32m  OK  [0m] Started Machine Check Exception Logging Daemon.
[[0;32m  OK  [0m] Started irqbalance daemon.
         Starting Authorization Manager...
         Starting Login Service...
         Starting Self Monitoring and Reporting Technology (SMART) Daemon...
         Starting Auto-connect to subsystemsâ€¦-NVME devices found during boot...
[[0;32m  OK  [0m] Started D-Bus System Message Bus.
         Starting Network Manager...
[[0;32m  OK  [0m] Reached target sshd-keygen.target.
[[0;32m  OK  [0m] Started Auto-connect to subsystems â€¦FC-NVME devices found during boot.
         Starting update of the root trust aâ€¦or DNSSEC validation in unbound...
[[0;32m  OK  [0m] Started Self Monitoring and Reporting Technology (SMART) Daemon.
[[0;32m  OK  [0m] Started Login Service.
[[0;32m  OK  [0m] Started Network Manager.
         Starting Network Manager Wait Online...
[[0;32m  OK  [0m] Reached target Network.
         Starting OpenSSH server daemon...
         Starting Dynamic System Tuning Daemon...
         Starting GSSAPI Proxy Daemon...
[[0;32m  OK  [0m] Started NTP client/server.
[[0;32m  OK  [0m] Started update of the root trust anâ€¦ for DNSSEC validation in unbound.
         Starting Hostname Service...
[[0;32m  OK  [0m] Started OpenSSH server daemon.
[[0;32m  OK  [0m] Started GSSAPI Proxy Daemon.
[[0;32m  OK  [0m] Started Authorization Manager.
[[0;32m  OK  [0m] Reached target NFS client services.
[[0;32m  OK  [0m] Reached target Remote File Systems (Pre).
[[0;32m  OK  [0m] Reached target Remote File Systems.
         Starting Permit User Sessions...
[[0;32m  OK  [0m] Started Permit User Sessions.
         Starting Terminate Plymouth Boot Screen...
[[0;32m  OK  [0m] Started Command Scheduler.
         Starting Hold until boot process finishes up...
[    8.435201] e1000: eth0 NIC Link is Up 1000 Mbps Full Duplex, Flow Control: RX
[    8.436685] IPv6: ADDRCONF(NETDEV_CHANGE): eth0: link becomes ready
[    8.578016] Spectre V2 : WARNING: Unprivileged eBPF is enabled with eIBRS on, data leaks possible via Spectre v2 BHB attacks!
[    8.579382] Spectre V2 : WARNING: Unprivileged eBPF is enabled with eIBRS on, data leaks possible via Spectre v2 BHB attacks!

CentOS Stream 8
Kernel 6.1.0-1ca06f1c1ace+ on an x86_64

test login: 