c[?7l[2J[0mSeaBIOS (version rel-1.16.0-0-gd239552ce722-prebuilt.qemu.org)


iPXE (http://ipxe.org) 00:03.0 CA00 PCI2.10 PnP PMM+7FF91000+7FEF1000 CA00
Press Ctrl-B to configure iPXE (PCI 00:03.0)...                                                                               


Booting from ROM...
c[?7l[2J[    0.000000] Linux version 6.2.0-rc6-49d24398327e+ (root@p-rpls01) (gcc (GCC) 8.5.0 20210514 (Red Hat 8.5.0-18), GNU ld version 2.36.1-2.el8) #1 SMP PREEMPT_DYNAMIC Mon Mar 27 08:54:01 CST 2023
[    0.000000] Command line: console=ttyS0 root=/dev/sda earlyprintk=serial net.ifnames=0
[    0.000000] KERNEL supported cpus:
[    0.000000]   Intel GenuineIntel
[    0.000000]   AMD AuthenticAMD
[    0.000000]   Hygon HygonGenuine
[    0.000000]   Centaur CentaurHauls
[    0.000000]   zhaoxin   Shanghai  
[    0.000000] x86/fpu: Supporting XSAVE feature 0x001: 'x87 floating point registers'
[    0.000000] x86/fpu: Supporting XSAVE feature 0x002: 'SSE registers'
[    0.000000] x86/fpu: Supporting XSAVE feature 0x004: 'AVX registers'
[    0.000000] x86/fpu: Supporting XSAVE feature 0x200: 'Protection Keys User registers'
[    0.000000] x86/fpu: xstate_offset[2]:  576, xstate_sizes[2]:  256
[    0.000000] x86/fpu: xstate_offset[9]:  832, xstate_sizes[9]:    8
[    0.000000] x86/fpu: Enabled xstate features 0x207, context size is 840 bytes, using 'compacted' format.
[    0.000000] signal: max sigframe size: 3632
[    0.000000] BIOS-provided physical RAM map:
[    0.000000] BIOS-e820: [mem 0x0000000000000000-0x000000000009fbff] usable
[    0.000000] BIOS-e820: [mem 0x000000000009fc00-0x000000000009ffff] reserved
[    0.000000] BIOS-e820: [mem 0x00000000000f0000-0x00000000000fffff] reserved
[    0.000000] BIOS-e820: [mem 0x0000000000100000-0x000000007ffdffff] usable
[    0.000000] BIOS-e820: [mem 0x000000007ffe0000-0x000000007fffffff] reserved
[    0.000000] BIOS-e820: [mem 0x00000000feffc000-0x00000000feffffff] reserved
[    0.000000] BIOS-e820: [mem 0x00000000fffc0000-0x00000000ffffffff] reserved
[    0.000000] printk: bootconsole [earlyser0] enabled
[    0.000000] NX (Execute Disable) protection: active
[    0.000000] SMBIOS 2.8 present.
[    0.000000] DMI: QEMU Standard PC (i440FX + PIIX, 1996), BIOS rel-1.16.0-0-gd239552ce722-prebuilt.qemu.org 04/01/2014
[    0.000000] Hypervisor detected: KVM
[    0.000000] kvm-clock: Using msrs 4b564d01 and 4b564d00
[    0.000003] kvm-clock: using sched offset of 589803452 cycles
[    0.000820] clocksource: kvm-clock: mask: 0xffffffffffffffff max_cycles: 0x1cd42e4dffb, max_idle_ns: 881590591483 ns
[    0.003343] tsc: Detected 806.400 MHz processor
[    0.011085] last_pfn = 0x7ffe0 max_arch_pfn = 0x400000000
[    0.012089] x86/PAT: Configuration [0-7]: WB  WC  UC- UC  WB  WP  UC- WT  
[    0.022144] found SMP MP-table at [mem 0x000f5ba0-0x000f5baf]
[    0.023271] Using GB pages for direct mapping
[    0.025632] ACPI: Early table checksum verification disabled
[    0.026598] ACPI: RSDP 0x00000000000F59C0 000014 (v00 BOCHS )
[    0.027509] ACPI: RSDT 0x000000007FFE1951 000034 (v01 BOCHS  BXPC     00000001 BXPC 00000001)
[    0.028838] ACPI: FACP 0x000000007FFE17FD 000074 (v01 BOCHS  BXPC     00000001 BXPC 00000001)
[    0.030177] ACPI: DSDT 0x000000007FFE0040 0017BD (v01 BOCHS  BXPC     00000001 BXPC 00000001)
[    0.031502] ACPI: FACS 0x000000007FFE0000 000040
[    0.032226] ACPI: APIC 0x000000007FFE1871 000080 (v01 BOCHS  BXPC     00000001 BXPC 00000001)
[    0.033551] ACPI: HPET 0x000000007FFE18F1 000038 (v01 BOCHS  BXPC     00000001 BXPC 00000001)
[    0.034881] ACPI: WAET 0x000000007FFE1929 000028 (v01 BOCHS  BXPC     00000001 BXPC 00000001)
[    0.036178] ACPI: Reserving FACP table memory at [mem 0x7ffe17fd-0x7ffe1870]
[    0.037263] ACPI: Reserving DSDT table memory at [mem 0x7ffe0040-0x7ffe17fc]
[    0.038352] ACPI: Reserving FACS table memory at [mem 0x7ffe0000-0x7ffe003f]
[    0.039448] ACPI: Reserving APIC table memory at [mem 0x7ffe1871-0x7ffe18f0]
[    0.040545] ACPI: Reserving HPET table memory at [mem 0x7ffe18f1-0x7ffe1928]
[    0.041646] ACPI: Reserving WAET table memory at [mem 0x7ffe1929-0x7ffe1950]
[    0.044020] No NUMA configuration found
[    0.044622] Faking a node at [mem 0x0000000000000000-0x000000007ffdffff]
[    0.045752] NODE_DATA(0) allocated [mem 0x7ffb5000-0x7ffdffff]
[    0.049840] Zone ranges:
[    0.050254]   DMA      [mem 0x0000000000001000-0x0000000000ffffff]
[    0.051228]   DMA32    [mem 0x0000000001000000-0x000000007ffdffff]
[    0.052195]   Normal   empty
[    0.052647]   Device   empty
[    0.053103] Movable zone start for each node
[    0.053771] Early memory node ranges
[    0.054330]   node   0: [mem 0x0000000000001000-0x000000000009efff]
[    0.055305]   node   0: [mem 0x0000000000100000-0x000000007ffdffff]
[    0.056294] Initmem setup node 0 [mem 0x0000000000001000-0x000000007ffdffff]
[    0.058318] On node 0, zone DMA: 1 pages in unavailable ranges
[    0.058631] On node 0, zone DMA: 97 pages in unavailable ranges
[    0.113591] On node 0, zone DMA32: 32 pages in unavailable ranges
[    0.115166] ACPI: PM-Timer IO Port: 0x608
[    0.116848] ACPI: LAPIC_NMI (acpi_id[0xff] dfl dfl lint[0x1])
[    0.117899] IOAPIC[0]: apic_id 0, version 17, address 0xfec00000, GSI 0-23
[    0.119044] ACPI: INT_SRC_OVR (bus 0 bus_irq 0 global_irq 2 dfl dfl)
[    0.120070] ACPI: INT_SRC_OVR (bus 0 bus_irq 5 global_irq 5 high level)
[    0.121142] ACPI: INT_SRC_OVR (bus 0 bus_irq 9 global_irq 9 high level)
[    0.122213] ACPI: INT_SRC_OVR (bus 0 bus_irq 10 global_irq 10 high level)
[    0.123300] ACPI: INT_SRC_OVR (bus 0 bus_irq 11 global_irq 11 high level)
[    0.124383] ACPI: Using ACPI (MADT) for SMP configuration information
[    0.125421] ACPI: HPET id: 0x8086a201 base: 0xfed00000
[    0.126291] TSC deadline timer available
[    0.126934] smpboot: Allowing 2 CPUs, 0 hotplug CPUs
[    0.127943] kvm-guest: KVM setup pv remote TLB flush
[    0.128756] kvm-guest: setup PV sched yield
[    0.129556] PM: hibernation: Registered nosave memory: [mem 0x00000000-0x00000fff]
[    0.130781] PM: hibernation: Registered nosave memory: [mem 0x0009f000-0x0009ffff]
[    0.131992] PM: hibernation: Registered nosave memory: [mem 0x000a0000-0x000effff]
[    0.133204] PM: hibernation: Registered nosave memory: [mem 0x000f0000-0x000fffff]
[    0.134432] [mem 0x80000000-0xfeffbfff] available for PCI devices
[    0.135419] Booting paravirtualized kernel on KVM
[    0.136227] clocksource: refined-jiffies: mask: 0xffffffff max_cycles: 0xffffffff, max_idle_ns: 7645519600211568 ns
[    0.137933] setup_percpu: NR_CPUS:8192 nr_cpumask_bits:2 nr_cpu_ids:2 nr_node_ids:1
[    0.142882] percpu: Embedded 64 pages/cpu s225280 r8192 d28672 u1048576
[    0.144231] kvm-guest: PV spinlocks enabled
[    0.144916] PV qspinlock hash table entries: 256 (order: 0, 4096 bytes, linear)
[    0.146161] Fallback order for Node 0: 0 
[    0.146856] Built 1 zonelists, mobility grouping on.  Total pages: 515808
[    0.147960] Policy zone: DMA32
[    0.148456] Kernel command line: net.ifnames=0 console=ttyS0 root=/dev/sda earlyprintk=serial net.ifnames=0
[    0.150571] random: crng init done
[    0.154457] Dentry cache hash table entries: 262144 (order: 9, 2097152 bytes, linear)
[    0.155857] Inode-cache hash table entries: 131072 (order: 8, 1048576 bytes, linear)
[    0.157338] mem auto-init: stack:off, heap alloc:off, heap free:off
[    0.162272] Memory: 1979232K/2096632K available (34816K kernel code, 4628K rwdata, 10008K rodata, 10176K init, 19776K bss, 117144K reserved, 0K cma-reserved)
[    0.165220] SLUB: HWalign=64, Order=0-3, MinObjects=0, CPUs=2, Nodes=1
[    0.166268] kmemleak: Kernel memory leak detector disabled
[    0.167365] ftrace: allocating 68265 entries in 267 pages
[    0.198239] ftrace: allocated 267 pages with 4 groups
[    0.202691] Dynamic Preempt: voluntary
[    0.203485] Running RCU self tests
[    0.204029] rcu: Preemptible hierarchical RCU implementation.
[    0.204913] rcu: 	RCU lockdep checking is enabled.
[    0.205648] rcu: 	RCU restricting CPUs from NR_CPUS=8192 to nr_cpu_ids=2.
[    0.206696] 	Trampoline variant of Tasks RCU enabled.
[    0.207472] 	Rude variant of Tasks RCU enabled.
[    0.208165] 	Tracing variant of Tasks RCU enabled.
[    0.208896] rcu: RCU calculated value of scheduler-enlistment delay is 25 jiffies.
[    0.210054] rcu: Adjusting geometry for rcu_fanout_leaf=16, nr_cpu_ids=2
[    0.241064] NR_IRQS: 524544, nr_irqs: 440, preallocated irqs: 16
[    0.242371] rcu: srcu_init: Setting srcu_struct sizes based on contention.
[    0.257658] Console: colour VGA+ 80x25
[    0.258345] printk: console [ttyS0] enabled
[    0.258345] printk: console [ttyS0] enabled
[    0.259643] printk: bootconsole [earlyser0] disabled
[    0.259643] printk: bootconsole [earlyser0] disabled
[    0.261177] Lock dependency validator: Copyright (c) 2006 Red Hat, Inc., Ingo Molnar
[    0.262384] ... MAX_LOCKDEP_SUBCLASSES:  8
[    0.263028] ... MAX_LOCK_DEPTH:          48
[    0.263686] ... MAX_LOCKDEP_KEYS:        8192
[    0.264370] ... CLASSHASH_SIZE:          4096
[    0.265054] ... MAX_LOCKDEP_ENTRIES:     32768
[    0.265752] ... MAX_LOCKDEP_CHAINS:      65536
[    0.266450] ... CHAINHASH_SIZE:          32768
[    0.267153]  memory used by lock dependency info: 6365 kB
[    0.267995]  memory used for stack traces: 4224 kB
[    0.268745]  per task-struct memory footprint: 1920 bytes
[    0.269625] ACPI: Core revision 20221020
[    0.270544] clocksource: hpet: mask: 0xffffffff max_cycles: 0xffffffff, max_idle_ns: 19112604467 ns
[    0.272155] APIC: Switch to symmetric I/O mode setup
[    0.273368] x2apic enabled
[    0.274250] Switched APIC routing to physical x2apic.
[    0.275046] kvm-guest: setup PV IPIs
[    0.277575] ..TIMER: vector=0x30 apic1=0 pin1=2 apic2=-1 pin2=-1
[    0.278558] clocksource: tsc-early: mask: 0xffffffffffffffff max_cycles: 0xb9fb05486c, max_idle_ns: 440795231721 ns
[    0.280246] Calibrating delay loop (skipped) preset value.. 1612.80 BogoMIPS (lpj=3225600)
[    0.281533] pid_max: default: 32768 minimum: 301
[    0.282344] LSM: initializing lsm=capability,yama,integrity
[    0.283227] Yama: becoming mindful.
[    0.284020] Mount-cache hash table entries: 4096 (order: 3, 32768 bytes, linear)
[    0.284268] Mountpoint-cache hash table entries: 4096 (order: 3, 32768 bytes, linear)
[    0.287152] CPU0: Thermal monitoring enabled (TM1)
[    0.290627] x86/cpu: User Mode Instruction Prevention (UMIP) activated
[    0.293391] Last level iTLB entries: 4KB 0, 2MB 0, 4MB 0
[    0.294346] Last level dTLB entries: 4KB 0, 2MB 0, 4MB 0, 1GB 0
[    0.295383] Spectre V1 : Mitigation: usercopy/swapgs barriers and __user pointer sanitization
[    0.296294] Spectre V2 : WARNING: Unprivileged eBPF is enabled with eIBRS on, data leaks possible via Spectre v2 BHB attacks!
[    0.298045] Spectre V2 : Mitigation: Enhanced IBRS
[    0.300231] Spectre V2 : Spectre v2 / SpectreRSB mitigation: Filling RSB on context switch
[    0.301480] Spectre V2 : Spectre v2 / PBRSB-eIBRS: Retire a single CALL on VMEXIT
[    0.302629] Spectre V2 : mitigation: Enabling conditional Indirect Branch Prediction Barrier
[    0.303904] Speculative Store Bypass: Mitigation: Speculative Store Bypass disabled via prctl
[    0.304232] MMIO Stale Data: Unknown: No mitigations
[    0.412027] Freeing SMP alternatives memory: 56K
[    0.413010] smpboot: CPU0: Genuine Intel(R) 0000 (family: 0x6, model: 0xb7, stepping: 0x0)
[    0.414993] cblist_init_generic: Setting adjustable number of callback queues.
[    0.416152] cblist_init_generic: Setting shift to 1 and lim to 1.
[    0.416304] cblist_init_generic: Setting shift to 1 and lim to 1.
[    0.417325] cblist_init_generic: Setting shift to 1 and lim to 1.
[    0.418339] Running RCU-tasks wait API self tests
[    0.520340] Performance Events: Alderlake Hybrid events, full-width counters, Intel PMU driver.
[    0.522210] core: cpu_core PMU driver: 
[    0.522776] ... version:                2
[    0.523347] ... bit width:              48
[    0.523934] ... generic registers:      6
[    0.524236] ... value mask:             0000ffffffffffff
[    0.524981] ... max period:             00007fffffffffff
[    0.525725] ... fixed-purpose events:   3
[    0.526292] ... event mask:             0001000f0000003f
[    0.527289] rcu: Hierarchical SRCU implementation.
[    0.527971] rcu: 	Max phase no-delay instances is 1000.
[    0.530324] unchecked MSR access error: WRMSR to 0x38f (tried to write 0x0001000f0000003f) at rIP: 0xffffffff810dc90c (native_write_msr+0xc/0x30)
[    0.532161] Call Trace:
[    0.532229]  <TASK>
[    0.532229]  __intel_pmu_enable_all.constprop.46+0xb5/0x140
[    0.532229]  intel_pmu_enable_all+0x1e/0x30
[    0.532229]  x86_pmu_enable+0x46d/0x5a0
[    0.532229]  ? write_comp_data+0x2f/0x90
[    0.532229]  perf_pmu_enable+0x53/0x70
[    0.532229]  ctx_resched+0x14d/0x1e0
[    0.532229]  __perf_install_in_context+0x2f7/0x450
[    0.532229]  ? __pfx_remote_function+0x10/0x10
[    0.532229]  ? __pfx_remote_function+0x10/0x10
[    0.532229]  remote_function+0x80/0xa0
[    0.532229]  ? __pfx_remote_function+0x10/0x10
[    0.532229]  generic_exec_single+0x124/0x190
[    0.532229]  smp_call_function_single+0x11c/0x240
[    0.532229]  ? __pfx_remote_function+0x10/0x10
[    0.532229]  ? __sanitizer_cov_trace_pc+0x25/0x60
[    0.532229]  ? write_comp_data+0x2f/0x90
[    0.532229]  perf_install_in_context+0x2d8/0x300
[    0.532229]  ? __pfx___perf_install_in_context+0x10/0x10
[    0.532229]  perf_event_create_kernel_counter+0x284/0x2b0
[    0.532229]  ? __pfx_watchdog_overflow_callback+0x10/0x10
[    0.532229]  hardlockup_detector_event_create+0x46/0xd0
[    0.532229]  hardlockup_detector_perf_init+0x18/0x66
[    0.532229]  watchdog_nmi_probe+0x17/0x1d
[    0.532229]  lockup_detector_init+0x40/0xaf
[    0.532229]  kernel_init_freeable+0x264/0x422
[    0.532229]  ? __pfx_kernel_init+0x10/0x10
[    0.532229]  kernel_init+0x24/0x1e0
[    0.532229]  ? __pfx_kernel_init+0x10/0x10
[    0.532229]  ret_from_fork+0x29/0x50
[    0.532229]  </TASK>
[    0.532259] Callback from call_rcu_tasks_trace() invoked.
[    0.533266] smp: Bringing up secondary CPUs ...
[    0.534582] x86: Booting SMP configuration:
[    0.535194] .... node  #0, CPUs:      #1
[    0.536358] smp: Brought up 1 node, 2 CPUs
[    0.537540] smpboot: Max logical packages: 1
[    0.538156] smpboot: Total of 2 processors activated (3225.60 BogoMIPS)
[    0.547716] devtmpfs: initialized
[    0.547716] x86/mm: Memory block size: 128MB
[    0.548673] clocksource: jiffies: mask: 0xffffffff max_cycles: 0xffffffff, max_idle_ns: 7645041785100000 ns
[    0.552250] futex hash table entries: 512 (order: 4, 65536 bytes, linear)
[    0.553622] pinctrl core: initialized pinctrl subsystem
[    0.554961] 
[    0.555199] *************************************************************
[    0.556183] **     NOTICE NOTICE NOTICE NOTICE NOTICE NOTICE NOTICE    **
[    0.556240] **                                                         **
[    0.557228] **  IOMMU DebugFS SUPPORT HAS BEEN ENABLED IN THIS KERNEL  **
[    0.558210] **                                                         **
[    0.559191] ** This means that this kernel is built to expose internal **
[    0.560172] ** IOMMU data structures, which may compromise security on **
[    0.560235] ** your system.                                            **
[    0.561217] **                                                         **
[    0.562204] ** If you see this message and you are not debugging the   **
[    0.563185] ** kernel, report this immediately to your vendor!         **
[    0.564166] **                                                         **
[    0.564234] **     NOTICE NOTICE NOTICE NOTICE NOTICE NOTICE NOTICE    **
[    0.565220] *************************************************************
[    0.566303] PM: RTC time: 00:54:40, date: 2023-03-27
[    0.571617] NET: Registered PF_NETLINK/PF_ROUTE protocol family
[    0.572793] DMA: preallocated 256 KiB GFP_KERNEL pool for atomic allocations
[    0.573847] DMA: preallocated 256 KiB GFP_KERNEL|GFP_DMA pool for atomic allocations
[    0.575026] DMA: preallocated 256 KiB GFP_KERNEL|GFP_DMA32 pool for atomic allocations
[    0.576226] audit: initializing netlink subsys (disabled)
[    0.577793] audit: type=2000 audit(1679878481.061:1): state=initialized audit_enabled=0 res=1
[    0.577793] thermal_sys: Registered thermal governor 'fair_share'
[    0.577793] thermal_sys: Registered thermal governor 'bang_bang'
[    0.580241] thermal_sys: Registered thermal governor 'step_wise'
[    0.581151] thermal_sys: Registered thermal governor 'user_space'
[    0.582114] cpuidle: using governor ladder
[    0.582114] cpuidle: using governor menu
[    0.584611] acpiphp: ACPI Hot Plug PCI Controller Driver version: 0.5
[    0.585962] PCI: Using configuration type 1 for base access
[    0.587633] kprobes: kprobe jump-optimization is enabled. All kprobes are optimized if possible.
[    0.802419] HugeTLB: registered 1.00 GiB page size, pre-allocated 0 pages
[    0.803852] HugeTLB: 16380 KiB vmemmap can be freed for a 1.00 GiB page
[    0.804244] HugeTLB: registered 2.00 MiB page size, pre-allocated 0 pages
[    0.805641] HugeTLB: 28 KiB vmemmap can be freed for a 2.00 MiB page
[    0.814003] ACPI: Added _OSI(Module Device)
[    0.814933] ACPI: Added _OSI(Processor Device)
[    0.815872] ACPI: Added _OSI(3.0 _SCP Extensions)
[    0.816246] ACPI: Added _OSI(Processor Aggregator Device)
[    0.823255] ACPI: 1 ACPI AML tables successfully acquired and loaded
[    0.827913] ACPI: Interpreter enabled
[    0.828355] ACPI: PM: (supports S0 S3 S4 S5)
[    0.829261] ACPI: Using IOAPIC for interrupt routing
[    0.830365] PCI: Using host bridge windows from ACPI; if necessary, use "pci=nocrs" and report a bug
[    0.832238] PCI: Using E820 reservations for host bridge windows
[    0.834248] ACPI: Enabled 2 GPEs in block 00 to 0F
[    0.853057] ACPI: PCI Root Bridge [PCI0] (domain 0000 [bus 00-ff])
[    0.854382] acpi PNP0A03:00: _OSC: OS supports [ASPM ClockPM Segments MSI EDR HPX-Type3]
[    0.856058] acpi PNP0A03:00: _OSC: not requesting OS control; OS requires [ExtendedConfig ASPM ClockPM MSI]
[    0.856316] acpi PNP0A03:00: fail to add MMCONFIG information, can't access extended configuration space under this bridge
[    0.861220] acpiphp: Slot [3] registered
[    0.862131] acpiphp: Slot [4] registered
[    0.863060] acpiphp: Slot [5] registered
[    0.863964] acpiphp: Slot [6] registered
[    0.864313] acpiphp: Slot [7] registered
[    0.865220] acpiphp: Slot [8] registered
[    0.866125] acpiphp: Slot [9] registered
[    0.867029] acpiphp: Slot [10] registered
[    0.867937] acpiphp: Slot [11] registered
[    0.868309] acpiphp: Slot [12] registered
[    0.869214] acpiphp: Slot [13] registered
[    0.870112] acpiphp: Slot [14] registered
[    0.870998] acpiphp: Slot [15] registered
[    0.871857] acpiphp: Slot [16] registered
[    0.872315] acpiphp: Slot [17] registered
[    0.873171] acpiphp: Slot [18] registered
[    0.874154] acpiphp: Slot [19] registered
[    0.875013] acpiphp: Slot [20] registered
[    0.875874] acpiphp: Slot [21] registered
[    0.876317] acpiphp: Slot [22] registered
[    0.877189] acpiphp: Slot [23] registered
[    0.878042] acpiphp: Slot [24] registered
[    0.878900] acpiphp: Slot [25] registered
[    0.879753] acpiphp: Slot [26] registered
[    0.880308] acpiphp: Slot [27] registered
[    0.881162] acpiphp: Slot [28] registered
[    0.882026] acpiphp: Slot [29] registered
[    0.882925] acpiphp: Slot [30] registered
[    0.883789] acpiphp: Slot [31] registered
[    0.884267] PCI host bridge to bus 0000:00
[    0.885070] pci_bus 0000:00: root bus resource [io  0x0000-0x0cf7 window]
[    0.886400] pci_bus 0000:00: root bus resource [io  0x0d00-0xffff window]
[    0.887712] pci_bus 0000:00: root bus resource [mem 0x000a0000-0x000bffff window]
[    0.888238] pci_bus 0000:00: root bus resource [mem 0x80000000-0xfebfffff window]
[    0.889684] pci_bus 0000:00: root bus resource [mem 0x100000000-0x17fffffff window]
[    0.891163] pci_bus 0000:00: root bus resource [bus 00-ff]
[    0.892385] pci 0000:00:00.0: [8086:1237] type 00 class 0x060000
[    0.897053] pci 0000:00:01.0: [8086:7000] type 00 class 0x060100
[    0.899473] pci 0000:00:01.1: [8086:7010] type 00 class 0x010180
[    0.902033] pci 0000:00:01.1: reg 0x20: [io  0xc040-0xc04f]
[    0.903954] pci 0000:00:01.1: legacy IDE quirk: reg 0x10: [io  0x01f0-0x01f7]
[    0.904254] pci 0000:00:01.1: legacy IDE quirk: reg 0x14: [io  0x03f6]
[    0.905520] pci 0000:00:01.1: legacy IDE quirk: reg 0x18: [io  0x0170-0x0177]
[    0.906899] pci 0000:00:01.1: legacy IDE quirk: reg 0x1c: [io  0x0376]
[    0.908582] pci 0000:00:01.3: [8086:7113] type 00 class 0x068000
[    0.910818] pci 0000:00:01.3: quirk: [io  0x0600-0x063f] claimed by PIIX4 ACPI
[    0.912258] pci 0000:00:01.3: quirk: [io  0x0700-0x070f] claimed by PIIX4 SMB
[    0.914147] pci 0000:00:02.0: [1234:1111] type 00 class 0x030000
[    0.916691] pci 0000:00:02.0: reg 0x10: [mem 0xfd000000-0xfdffffff pref]
[    0.920726] pci 0000:00:02.0: reg 0x18: [mem 0xfebf0000-0xfebf0fff]
[    0.927072] pci 0000:00:02.0: reg 0x30: [mem 0xfebe0000-0xfebeffff pref]
[    0.928623] pci 0000:00:02.0: Video device with shadowed ROM at [mem 0x000c0000-0x000dffff]
[    0.934125] pci 0000:00:03.0: [8086:100e] type 00 class 0x020000
[    0.936032] pci 0000:00:03.0: reg 0x10: [mem 0xfebc0000-0xfebdffff]
[    0.936848] pci 0000:00:03.0: reg 0x14: [io  0xc000-0xc03f]
[    0.941076] pci 0000:00:03.0: reg 0x30: [mem 0xfeb80000-0xfebbffff pref]
[    0.980564] ACPI: PCI: Interrupt link LNKA configured for IRQ 10
[    0.982162] ACPI: PCI: Interrupt link LNKB configured for IRQ 10
[    0.983714] ACPI: PCI: Interrupt link LNKC configured for IRQ 11
[    0.984631] ACPI: PCI: Interrupt link LNKD configured for IRQ 11
[    0.986010] ACPI: PCI: Interrupt link LNKS configured for IRQ 9
[    0.989668] iommu: Default domain type: Translated 
[    0.990639] iommu: DMA domain TLB invalidation policy: lazy mode 
[    0.993600] SCSI subsystem initialized
[    0.994755] ACPI: bus type USB registered
[    0.995629] usbcore: registered new interface driver usbfs
[    0.996286] usbcore: registered new interface driver hub
[    0.997346] usbcore: registered new device driver usb
[    0.998451] pps_core: LinuxPPS API ver. 1 registered
[    0.999416] pps_core: Software ver. 5.3.6 - Copyright 2005-2007 Rodolfo Giometti <giometti@linux.it>
[    1.000246] PTP clock support registered
[    1.001237] EDAC MC: Ver: 3.0.0
[    1.004283] NetLabel: Initializing
[    1.004977] NetLabel:  domain hash size = 128
[    1.005828] NetLabel:  protocols = UNLABELED CIPSOv4 CALIPSO
[    1.006981] NetLabel:  unlabeled traffic allowed by default
[    1.008628] PCI: Using ACPI for IRQ routing
[    1.009884] pci 0000:00:02.0: vgaarb: setting as boot VGA device
[    1.011061] pci 0000:00:02.0: vgaarb: bridge control possible
[    1.012174] pci 0000:00:02.0: vgaarb: VGA device added: decodes=io+mem,owns=io+mem,locks=none
[    1.012258] vgaarb: loaded
[    1.013376] hpet0: at MMIO 0xfed00000, IRQs 2, 8, 0
[    1.014366] hpet0: 3 comparators, 64-bit 100.000000 MHz counter
[    3.354651] Callback from call_rcu_tasks_rude() invoked.
[    3.356018] clocksource: Switched to clocksource kvm-clock
[    3.468437] Callback from call_rcu_tasks() invoked.
[    3.549830] VFS: Disk quotas dquot_6.6.0
[    3.550569] VFS: Dquot-cache hash table entries: 512 (order 0, 4096 bytes)
[    3.552092] pnp: PnP ACPI init
[    3.554568] pnp: PnP ACPI: found 6 devices
[    3.569128] clocksource: acpi_pm: mask: 0xffffff max_cycles: 0xffffff, max_idle_ns: 2085701024 ns
[    3.570947] NET: Registered PF_INET protocol family
[    3.571914] IP idents hash table entries: 32768 (order: 6, 262144 bytes, linear)
[    3.574077] tcp_listen_portaddr_hash hash table entries: 1024 (order: 4, 73728 bytes, linear)
[    3.575508] Table-perturb hash table entries: 65536 (order: 6, 262144 bytes, linear)
[    3.576857] TCP established hash table entries: 16384 (order: 5, 131072 bytes, linear)
[    3.578403] TCP bind hash table entries: 16384 (order: 9, 2359296 bytes, linear)
[    3.583597] TCP: Hash tables configured (established 16384 bind 16384)
[    3.584796] UDP hash table entries: 1024 (order: 5, 163840 bytes, linear)
[    3.585944] UDP-Lite hash table entries: 1024 (order: 5, 163840 bytes, linear)
[    3.587265] NET: Registered PF_UNIX/PF_LOCAL protocol family
[    3.589074] RPC: Registered named UNIX socket transport module.
[    3.590060] RPC: Registered udp transport module.
[    3.590820] RPC: Registered tcp transport module.
[    3.591581] RPC: Registered tcp NFSv4.1 backchannel transport module.
[    3.592662] pci_bus 0000:00: resource 4 [io  0x0000-0x0cf7 window]
[    3.593662] pci_bus 0000:00: resource 5 [io  0x0d00-0xffff window]
[    3.594652] pci_bus 0000:00: resource 6 [mem 0x000a0000-0x000bffff window]
[    3.595742] pci_bus 0000:00: resource 7 [mem 0x80000000-0xfebfffff window]
[    3.596848] pci_bus 0000:00: resource 8 [mem 0x100000000-0x17fffffff window]
[    3.598176] pci 0000:00:01.0: PIIX3: Enabling Passive Release
[    3.599111] pci 0000:00:00.0: Limiting direct PCI/PCI transfers
[    3.600183] PCI: CLS 0 bytes, default 64
[    3.600897] ACPI: bus type thunderbolt registered
[    3.602015] clocksource: tsc: mask: 0xffffffffffffffff max_cycles: 0xb9fb05486c, max_idle_ns: 440795231721 ns
[    3.609967] Initialise system trusted keyrings
[    3.610805] Key type blacklist registered
[    3.611726] workingset: timestamp_bits=36 max_order=19 bucket_order=0
[    3.612849] zbud: loaded
[    3.613992] squashfs: version 4.0 (2009/01/31) Phillip Lougher
[    3.615544] NFS: Registering the id_resolver key type
[    3.616394] Key type id_resolver registered
[    3.617077] Key type id_legacy registered
[    3.617763] nfs4filelayout_init: NFSv4 File Layout Driver Registering...
[    3.618854] nfs4flexfilelayout_init: NFSv4 Flexfile Layout Driver Registering...
[    3.620185] fuse: init (API version 7.38)
[    3.621006] SGI XFS with ACLs, security attributes, realtime, quota, no debug enabled
[    3.622749] 9p: Installing v9fs 9p2000 file system support
[    3.629761] Key type asymmetric registered
[    3.630442] Asymmetric key parser 'x509' registered
[    3.631297] Block layer SCSI generic (bsg) driver version 0.4 loaded (major 243)
[    3.632679] io scheduler mq-deadline registered
[    3.633445] io scheduler bfq registered
[    3.634487] shpchp: Standard Hot Plug PCI Controller Driver version: 0.4
[    3.635961] IPMI message handler: version 39.2
[    3.636755] ipmi device interface
[    3.638742] input: Power Button as /devices/LNXSYSTM:00/LNXPWRBN:00/input/input0
[    3.640119] ACPI: button: Power Button [PWRF]
[    3.641680] ERST DBG: ERST support is disabled.
[    3.642987] Serial: 8250/16550 driver, 32 ports, IRQ sharing enabled
[    3.644693] 00:04: ttyS0 at I/O 0x3f8 (irq = 4, base_baud = 115200) is a 16550A
[    3.654243] Linux agpgart interface v0.103
[    3.655585] ACPI: bus type drm_connector registered
[    3.670360] brd: module loaded
[    3.678119] loop: module loaded
[    3.682398] scsi host0: ata_piix
[    3.683391] scsi host1: ata_piix
[    3.684057] ata1: PATA max MWDMA2 cmd 0x1f0 ctl 0x3f6 bmdma 0xc040 irq 14
[    3.685176] ata2: PATA max MWDMA2 cmd 0x170 ctl 0x376 bmdma 0xc048 irq 15
[    3.687130] tun: Universal TUN/TAP device driver, 1.6
[    3.688126] e100: Intel(R) PRO/100 Network Driver
[    3.688913] e100: Copyright(c) 1999-2006 Intel Corporation
[    3.689831] e1000: Intel(R) PRO/1000 Network Driver
[    3.690614] e1000: Copyright (c) 1999-2006 Intel Corporation.
[    3.844581] ata1: found unknown device (class 0)
[    3.846147] ata1.00: ATA-7: QEMU HARDDISK, 2.5+, max UDMA/100
[    3.847126] ata1.00: 16777216 sectors, multi 16: LBA48 
[    3.848491] ata2: found unknown device (class 0)
[    3.849908] ata2.00: ATAPI: QEMU DVD-ROM, 2.5+, max UDMA/100
[    3.851845] scsi 0:0:0:0: Direct-Access     ATA      QEMU HARDDISK    2.5+ PQ: 0 ANSI: 5
[    3.854046] scsi 0:0:0:0: Attached scsi generic sg0 type 0
[    3.855647] sd 0:0:0:0: [sda] 16777216 512-byte logical blocks: (8.59 GB/8.00 GiB)
[    3.857976] scsi 1:0:0:0: CD-ROM            QEMU     QEMU DVD-ROM     2.5+ PQ: 0 ANSI: 5
[    3.860861] sd 0:0:0:0: [sda] Write Protect is off
[    3.861733] sd 0:0:0:0: [sda] Write cache: enabled, read cache: enabled, doesn't support DPO or FUA
[    3.862735] ACPI: \_SB_.LNKC: Enabled at IRQ 11
[    3.863366] sd 0:0:0:0: [sda] Preferred minimum I/O size 512 bytes
[    3.885222] scsi 1:0:0:0: Attached scsi generic sg1 type 5
[    3.887705] sd 0:0:0:0: [sda] Attached SCSI disk
[    4.221665] e1000 0000:00:03.0 eth0: (PCI:33MHz:32-bit) 52:54:00:12:34:56
[    4.222638] e1000 0000:00:03.0 eth0: Intel(R) PRO/1000 Network Connection
[    4.223665] e1000e: Intel(R) PRO/1000 Network Driver
[    4.224382] e1000e: Copyright(c) 1999 - 2015 Intel Corporation.
[    4.225262] igb: Intel(R) Gigabit Ethernet Network Driver
[    4.226018] igb: Copyright (c) 2007-2014 Intel Corporation.
[    4.226874] PPP generic driver version 2.4.2
[    4.228208] VFIO - User Level meta-driver version: 0.3
[    4.229549] usbcore: registered new interface driver uas
[    4.230339] usbcore: registered new interface driver usb-storage
[    4.231329] i8042: PNP: PS/2 Controller [PNP0303:KBD,PNP0f13:MOU] at 0x60,0x64 irq 1,12
[    4.233418] serio: i8042 KBD port at 0x60,0x64 irq 1
[    4.234153] serio: i8042 AUX port at 0x60,0x64 irq 12
[    4.235591] mousedev: PS/2 mouse device common for all mice
[    4.237363] input: AT Translated Set 2 keyboard as /devices/platform/i8042/serio0/input/input1
[    4.238700] rtc_cmos 00:05: RTC can wake from S4
[    4.240119] input: VirtualPS/2 VMware VMMouse as /devices/platform/i8042/serio1/input/input4
[    4.241556] rtc_cmos 00:05: registered as rtc0
[    4.242127] input: VirtualPS/2 VMware VMMouse as /devices/platform/i8042/serio1/input/input3
[    4.242390] rtc_cmos 00:05: setting system clock to 2023-03-27T00:54:43 UTC (1679878483)
[    4.244756] rtc_cmos 00:05: alarms up to one day, y3k, 242 bytes nvram, hpet irqs
[    4.245850] i2c_dev: i2c /dev entries driver
[    4.246625] device-mapper: core: CONFIG_IMA_DISABLE_HTABLE is disabled. Duplicate IMA measurements will not be recorded in the IMA log.
[    4.248384] device-mapper: uevent: version 1.0.3
[    4.249281] device-mapper: ioctl: 4.47.0-ioctl (2022-07-28) initialised: dm-devel@redhat.com
[    4.250505] intel_pstate: CPU model not supported
[    4.251270] sdhci: Secure Digital Host Controller Interface driver
[    4.252168] sdhci: Copyright(c) Pierre Ossman
[    4.252880] sdhci-pltfm: SDHCI platform and OF driver helper
[    4.253860] ledtrig-cpu: registered to indicate activity on CPUs
[    4.255039] drop_monitor: Initializing network drop monitor service
[    4.256125] NET: Registered PF_INET6 protocol family
[    4.259100] Segment Routing with IPv6
[    4.259691] In-situ OAM (IOAM) with IPv6
[    4.260339] NET: Registered PF_PACKET protocol family
[    4.261201] 9pnet: Installing 9P2000 support
[    4.261880] Key type dns_resolver registered
[    4.263268] IPI shorthand broadcast: enabled
[    4.276312] sched_clock: Marking stable (4247441306, 28790787)->(4329191282, -52959189)
[    4.278156] registered taskstats version 1
[    4.278957] Loading compiled-in X.509 certificates
[    4.279828] zswap: loaded using pool lzo/zbud
[    4.294514] Key type .fscrypt registered
[    4.295137] Key type fscrypt-provisioning registered
[    4.296825] Key type encrypted registered
[    4.297500] ima: No TPM chip found, activating TPM-bypass!
[    4.298358] ima: Allocated hash algorithm: sha1
[    4.299085] ima: No architecture policies found
[    4.299872] evm: Initialising EVM extended attributes:
[    4.300691] evm: security.selinux
[    4.301218] evm: security.SMACK64
[    4.301738] evm: security.SMACK64EXEC
[    4.302311] evm: security.SMACK64TRANSMUTE
[    4.302949] evm: security.SMACK64MMAP
[    4.303526] evm: security.apparmor
[    4.304060] evm: security.ima
[    4.304547] evm: security.capability
[    4.305114] evm: HMAC attrs: 0x1
[    4.306965] PM:   Magic number: 15:896:911
[    4.308002] RAS: Correctable Errors collector initialized.
[    4.309649] md: Waiting for all devices to be available before autodetect
[    4.310329] md: If you don't use raid, use raid=noautodetect
[    4.310904] md: Autodetecting RAID arrays.
[    4.311332] md: autorun ...
[    4.311625] md: ... autorun DONE.
[    4.317374] EXT4-fs (sda): INFO: recovery required on readonly filesystem
[    4.318089] EXT4-fs (sda): write access will be enabled during recovery
[    4.375839] EXT4-fs (sda): recovery complete
[    4.377783] EXT4-fs (sda): mounted filesystem 23a53bb9-f815-47a5-b74c-5e08f7731193 with ordered data mode. Quota mode: none.
[    4.379000] VFS: Mounted root (ext4 filesystem) readonly on device 8:0.
[    4.380251] devtmpfs: mounted
[    4.390707] Freeing unused decrypted memory: 2036K
[    4.403289] Freeing unused kernel image (initmem) memory: 10176K
[    4.403967] Write protecting the kernel read-only data: 45056k
[    4.405896] Freeing unused kernel image (rodata/data gap) memory: 232K
[    4.490182] x86/mm: Checked W+X mappings: passed, no W+X pages found.
[    4.490879] Run /sbin/init as init process
[    4.588030] systemd[1]: RTC configured in localtime, applying delta of 0 minutes to system time.
[    4.614113] systemd[1]: systemd 239 (239-49.el8) running in system mode. (+PAM +AUDIT +SELINUX +IMA -APPARMOR +SMACK +SYSVINIT +UTMP +LIBCRYPTSETUP +GCRYPT +GNUTLS +ACL +XZ +LZ4 +SECCOMP +BLKID +ELFUTILS +KMOD +IDN2 -IDN +PCRE2 default-hierarchy=legacy)
[    4.616586] systemd[1]: Detected virtualization kvm.
[    4.617122] systemd[1]: Detected architecture x86-64.

Welcome to [0;31mCentOS Stream 8[0m!

[    4.682909] systemd[1]: Set hostname to <test>.
[    4.953272] systemd[1]: Listening on RPCbind Server Activation Socket.
[[0;32m  OK  [0m] Listening on RPCbind Server Activation Socket.
[    4.955266] systemd[1]: Listening on Device-mapper event daemon FIFOs.
[[0;32m  OK  [0m] Listening on Device-mapper event daemon FIFOs.
[    4.956982] systemd[1]: Listening on initctl Compatibility Named Pipe.
[[0;32m  OK  [0m] Listening on initctl Compatibility Named Pipe.
[    4.958725] systemd[1]: Listening on multipathd control socket.
[[0;32m  OK  [0m] Listening on multipathd control socket.
[    4.960510] systemd[1]: Listening on Journal Socket (/dev/log).
[[0;32m  OK  [0m] Listening on Journal Socket (/dev/log).
[    4.962123] systemd[1]: Listening on udev Kernel Socket.
[[0;32m  OK  [0m] Listening on udev Kernel Socket.
[[0;32m  OK  [0m] Listening on Journal Socket.
         Mounting Kernel Debug File System...
         Starting Monitoring of LVM2 mirrorsâ€¦ng dmeventd or progress polling...
         Mounting POSIX Message Queue File System...
         Mounting Huge Pages File System...
[[0;32m  OK  [0m] Created slice User and Session Slice.
         Starting Journal Service...
[[0;32m  OK  [0m] Listening on Process Core Dump Socket.
[[0;32m  OK  [0m] Created slice system-getty.slice.
[[0;32m  OK  [0m] Set up automount Arbitrary Executabâ€¦rmats File System Automount Point.
[[0;32m  OK  [0m] Reached target Slices.
         Starting Remount Root and Kernel File Systems...
[[0;32m  OK  [0m] Listening on LVM2 poll daemon socket.
[[0;32m  OK  [0m] Reached target Swap.
[[0;32m  OK  [0m] Created slice system-serial\x2dgetty.slice.
[[0;32m  OK  [0m] Created slice system-sshd\x2dkeygen.slice.
         Starting Load Kernel Modules...
[[0;32m  OK  [0m] Started Forward Password Requests to Wall Directory Watch.
         Starting Setup Virtual Console...
[[0;32m  OK  [0m] Reached target RPC Port Mapper.
[[0;32m  OK  [0m] Listening on udev Control Socket.
         Starting udev Coldplug all Devices...
[[0;32m  OK  [0m] Started Journal Service.
[[0;32m  OK  [0m] Mounted Kernel Debug File System.
[[0;32m  OK  [0m] Started Monitoring of LVM2 mirrors,â€¦sing dmeventd or progress polling.
[[0;32m  OK  [0m] Mounted POSIX Message Queue File System.
[[0;32m  OK  [0m] Mounted Huge Pages File System.
[[0;1;31mFAILED[0m] Failed to start Load Kernel Modules.
See 'systemctl status systemd-modules-load.service' for details.
         Mounting FUSE Control File System...
         Starting Apply Kernel Variables...
[    5.360292] EXT4-fs (sda): re-mounted 23a53bb9-f815-47a5-b74c-5e08f7731193. Quota mode: none.
         Mounting Kernel Configuration File System...
[[0;32m  OK  [0m] Started Remount Root and Kernel File Systems.
[[0;32m  OK  [0m] Mounted FUSE Control File System.
[[0;32m  OK  [0m] Started Apply Kernel Variables.
[[0;32m  OK  [0m] Mounted Kernel Configuration File System.
         Starting Flush Journal to Persistent Storage...
         Starting Load/Save Random Seed...
         Starting Create Static Device Nodes in /dev...
[[0;32m  OK  [0m] Started Load/Save Random Seed.
[[0;32m  OK  [0m] Started udev Coldplug all Devices.
[[0;32m  OK  [0m] Started Setup Virtual Console.
[[0;32m  OK  [0m] Started Create Static Device Nodes in /dev.
         Starting udev Kernel Device Manager...
         Starting udev Wait for Complete Device Initialization...
[[0;32m  OK  [0m] Started Flush Journal to Persistent Storage.
[[0;32m  OK  [0m] Started udev Kernel Device Manager.
         Starting Show Plymouth Boot Screen...
[[0;32m  OK  [0m] Started Show Plymouth Boot Screen.
[[0;32m  OK  [0m] Reached target Paths.
[[0;32m  OK  [0m] Reached target Local Encrypted Volumes.
[[0;32m  OK  [0m] Started Forward Password Requests to Plymouth Directory Watch.
[[0;32m  OK  [0m] Found device /dev/ttyS0.
[[0;32m  OK  [0m] Listening on Load/Save RF Kill Switch Status /dev/rfkill Watch.
[[0;32m  OK  [0m] Started udev Wait for Complete Device Initialization.
[[0;32m  OK  [0m] Reached target Local File Systems (Pre).
[[0;32m  OK  [0m] Reached target Local File Systems.
         Starting Create Volatile Files and Directories...
         Starting Tell Plymouth To Write Out Runtime Data...
         Starting Restore /run/initramfs on shutdown...
[[0;32m  OK  [0m] Started Create Volatile Files and Directories.
[[0;32m  OK  [0m] Started Tell Plymouth To Write Out Runtime Data.
[[0;32m  OK  [0m] Started Restore /run/initramfs on shutdown.
         Starting RPC Bind...
         Starting Security Auditing Service...
         Mounting RPC Pipe File System...
[[0;32m  OK  [0m] Mounted RPC Pipe File System.
[[0;32m  OK  [0m] Reached target rpc_pipefs.target.
[[0;32m  OK  [0m] Started RPC Bind.
[[0;32m  OK  [0m] Started Security Auditing Service.
         Starting Update UTMP about System Boot/Shutdown...
[[0;32m  OK  [0m] Started Update UTMP about System Boot/Shutdown.
[[0;32m  OK  [0m] Reached target System Initialization.
[[0;32m  OK  [0m] Listening on SSSD Kerberos Cache Manager responder socket.
[[0;32m  OK  [0m] Started daily update of the root trust anchor for DNSSEC.
[[0;32m  OK  [0m] Listening on D-Bus System Message Bus Socket.
[[0;32m  OK  [0m] Reached target Sockets.
[[0;32m  OK  [0m] Reached target Basic System.
         Starting Self Monitoring and Reporting Technology (SMART) Daemon...
[[0;32m  OK  [0m] Started Machine Check Exception Logging Daemon.
         Starting NTP client/server...
         Starting Auto-connect to subsystemsâ€¦-NVME devices found during boot...
[[0;32m  OK  [0m] Started irqbalance daemon.
[[0;32m  OK  [0m] Started D-Bus System Message Bus.
[[0;32m  OK  [0m] Started dnf makecache --timer.
[[0;32m  OK  [0m] Started Daily Cleanup of Temporary Directories.
[[0;32m  OK  [0m] Reached target Timers.
         Starting Network Manager...
[[0;32m  OK  [0m] Reached target sshd-keygen.target.
         Starting Authorization Manager...
         Starting Login Service...
[[0;32m  OK  [0m] Started Self Monitoring and Reporting Technology (SMART) Daemon.
[[0;32m  OK  [0m] Started Auto-connect to subsystems â€¦FC-NVME devices found during boot.
         Starting update of the root trust aâ€¦or DNSSEC validation in unbound...
[[0;32m  OK  [0m] Started Login Service.
[[0;32m  OK  [0m] Started Network Manager.
         Starting Network Manager Wait Online...
[[0;32m  OK  [0m] Reached target Network.
         Starting OpenSSH server daemon...
         Starting GSSAPI Proxy Daemon...
         Starting Dynamic System Tuning Daemon...
[[0;32m  OK  [0m] Started update of the root trust anâ€¦ for DNSSEC validation in unbound.
[[0;32m  OK  [0m] Started OpenSSH server daemon.
[[0;32m  OK  [0m] Started NTP client/server.
[[0;32m  OK  [0m] Started Authorization Manager.
         Starting Hostname Service...
[[0;32m  OK  [0m] Started GSSAPI Proxy Daemon.
[[0;32m  OK  [0m] Reached target NFS client services.
[[0;32m  OK  [0m] Reached target Remote File Systems (Pre).
[[0;32m  OK  [0m] Reached target Remote File Systems.
         Starting Permit User Sessions...
[[0;32m  OK  [0m] Started Permit User Sessions.
[[0;32m  OK  [0m] Started Command Scheduler.
         Starting Hold until boot process finishes up...
         Starting Terminate Plymouth Boot Screen...
[    7.817772] e1000: eth0 NIC Link is Up 1000 Mbps Full Duplex, Flow Control: RX
[    7.825718] IPv6: ADDRCONF(NETDEV_CHANGE): eth0: link becomes ready
[    8.096864] Spectre V2 : WARNING: Unprivileged eBPF is enabled with eIBRS on, data leaks possible via Spectre v2 BHB attacks!
[    8.098302] Spectre V2 : WARNING: Unprivileged eBPF is enabled with eIBRS on, data leaks possible via Spectre v2 BHB attacks!

CentOS Stream 8
Kernel 6.2.0-rc6-49d24398327e+ on an x86_64

test login: 